[0.004s][info][gc] Using Parallel
[0.005s][info][gc,init] Version: 17.0.9+8-LTS (release)
[0.005s][info][gc,init] CPUs: 4 total, 4 available
[0.005s][info][gc,init] Memory: 15991M
[0.005s][info][gc,init] Large Page Support: Disabled
[0.005s][info][gc,init] NUMA Support: Disabled
[0.005s][info][gc,init] Compressed Oops: Enabled (Zero based)
[0.005s][info][gc,init] Alignments: Space 512K, Generation 512K, Heap 2M
[0.005s][info][gc,init] Heap Min Capacity: 2054M
[0.005s][info][gc,init] Heap Initial Capacity: 2054M
[0.005s][info][gc,init] Heap Max Capacity: 5G
[0.005s][info][gc,init] Pre-touch: Disabled
[0.005s][info][gc,init] Parallel Workers: 4
[0.011s][info][gc,metaspace] CDS archive(s) mapped at: [0x00007f07b1000000-0x00007f07b1bc6000-0x00007f07b1bc6000), size 12345344, SharedBaseAddress: 0x00007f07b1000000, ArchiveRelocationMode: 1.
[0.011s][info][gc,metaspace] Compressed class space mapped at: 0x00007f07b2000000-0x00007f07f2000000, reserved size: 1073741824
[0.011s][info][gc,metaspace] Narrow klass base: 0x00007f07b1000000, Narrow klass shift: 0, Narrow klass range: 0x100000000
[0.923s][info][safepoint   ] Safepoint "ICBufferFull", Time since last: 905815026 ns, Reaching safepoint: 2300 ns, Cleanup: 119399 ns, At safepoint: 4900 ns, Total: 126599 ns
[1.312s][info][safepoint   ] Safepoint "ICBufferFull", Time since last: 388730367 ns, Reaching safepoint: 2600 ns, Cleanup: 226200 ns, At safepoint: 7900 ns, Total: 236700 ns
[1.725s][info][safepoint   ] Safepoint "ICBufferFull", Time since last: 412635209 ns, Reaching safepoint: 76500 ns, Cleanup: 137800 ns, At safepoint: 5200 ns, Total: 219500 ns
[1.881s][info][gc,start    ] GC(0) Pause Young (Metadata GC Threshold)
[1.896s][debug][gc,phases   ] GC(0) Scavenge 14.946ms
[1.896s][debug][gc,ref      ] GC(0) Skipped phase 1 of Reference Processing: no references
[1.897s][debug][gc,ref      ] GC(0) ReferenceProcessor::execute queues: 4, RefProcThreadModel::Multi, marks_oops_alive: false
[1.897s][debug][gc,ref      ] GC(0) Skipped phase 3 of Reference Processing: no references
[1.897s][debug][gc,ref      ] GC(0) ReferenceProcessor::execute queues: 1, RefProcThreadModel::Single, marks_oops_alive: false
[1.897s][debug][gc,phases   ] GC(0) Reference Processing 0.368ms
[1.897s][debug][gc,phases   ] GC(0)   VM Weak                        Min:  0.0, Avg:  0.0, Max:  0.0, Diff:  0.0, Sum:  0.0, Workers: 4
[1.897s][debug][gc,phases   ] GC(0)     Dead                           Min: 0, Avg:  0.0, Max: 0, Diff: 0, Sum: 0, Workers: 4
[1.897s][debug][gc,phases   ] GC(0)     Total                          Min: 0, Avg: 56.5, Max: 128, Diff: 128, Sum: 226, Workers: 4
[1.897s][debug][gc,phases   ] GC(0)   ObjectSynchronizer Weak        Min:  0.0, Avg:  0.0, Max:  0.0, Diff:  0.0, Sum:  0.0, Workers: 4
[1.897s][debug][gc,phases   ] GC(0)     Dead                           Min: 0, Avg:  1.2, Max: 5, Diff: 5, Sum: 5, Workers: 4
[1.897s][debug][gc,phases   ] GC(0)     Total                          Min: 0, Avg:  2.5, Max: 10, Diff: 10, Sum: 10, Workers: 4
[1.897s][debug][gc,phases   ] GC(0)   JVMTI Tag Weak OopStorage      Min:  0.0, Avg:  0.0, Max:  0.0, Diff:  0.0, Sum:  0.0, Workers: 4
[1.897s][debug][gc,phases   ] GC(0)     Dead                           Min: 0, Avg:  0.0, Max: 0, Diff: 0, Sum: 0, Workers: 4
[1.897s][debug][gc,phases   ] GC(0)     Total                          Min: 0, Avg:  0.0, Max: 0, Diff: 0, Sum: 0, Workers: 4
[1.897s][debug][gc,phases   ] GC(0)   StringTable Weak               Min:  0.1, Avg:  0.1, Max:  0.1, Diff:  0.0, Sum:  0.3, Workers: 4
[1.897s][debug][gc,phases   ] GC(0)     Dead                           Min: 0, Avg:  6.8, Max: 19, Diff: 19, Sum: 27, Workers: 4
[1.897s][debug][gc,phases   ] GC(0)     Total                          Min: 2880, Avg: 3321.2, Max: 3840, Diff: 960, Sum: 13285, Workers: 4
[1.897s][debug][gc,phases   ] GC(0)   ResolvedMethodTable Weak       Min:  0.0, Avg:  0.0, Max:  0.0, Diff:  0.0, Sum:  0.0, Workers: 4
[1.897s][debug][gc,phases   ] GC(0)     Dead                           Min: 10, Avg: 18.5, Max: 24, Diff: 14, Sum: 74, Workers: 4
[1.897s][debug][gc,phases   ] GC(0)     Total                          Min: 256, Avg: 316.5, Max: 384, Diff: 128, Sum: 1266, Workers: 4
[1.897s][debug][gc,phases   ] GC(0)   JNI Weak                       Min:  0.0, Avg:  0.0, Max:  0.0, Diff:  0.0, Sum:  0.0, Workers: 4
[1.897s][debug][gc,phases   ] GC(0)     Dead                           Min: 0, Avg:  0.0, Max: 0, Diff: 0, Sum: 0, Workers: 4
[1.897s][debug][gc,phases   ] GC(0)     Total                          Min: 0, Avg: 11.8, Max: 47, Diff: 47, Sum: 47, Workers: 4
[1.897s][debug][gc,phases   ] GC(0)   StringDedup Table Weak         Min:  0.0, Avg:  0.0, Max:  0.0, Diff:  0.0, Sum:  0.0, Workers: 4
[1.897s][debug][gc,phases   ] GC(0)     Dead                           Min: 0, Avg:  0.0, Max: 0, Diff: 0, Sum: 0, Workers: 4
[1.897s][debug][gc,phases   ] GC(0)     Total                          Min: 0, Avg:  0.0, Max: 0, Diff: 0, Sum: 0, Workers: 4
[1.897s][debug][gc,phases   ] GC(0)   StringDedup Requests0 Weak     Min:  0.0, Avg:  0.0, Max:  0.0, Diff:  0.0, Sum:  0.0, Workers: 4
[1.897s][debug][gc,phases   ] GC(0)     Dead                           Min: 0, Avg:  0.0, Max: 0, Diff: 0, Sum: 0, Workers: 4
[1.897s][debug][gc,phases   ] GC(0)     Total                          Min: 0, Avg:  0.0, Max: 0, Diff: 0, Sum: 0, Workers: 4
[1.897s][debug][gc,phases   ] GC(0)   StringDedup Requests1 Weak     Min:  0.0, Avg:  0.0, Max:  0.0, Diff:  0.0, Sum:  0.0, Workers: 4
[1.897s][debug][gc,phases   ] GC(0)     Dead                           Min: 0, Avg:  0.0, Max: 0, Diff: 0, Sum: 0, Workers: 4
[1.897s][debug][gc,phases   ] GC(0)     Total                          Min: 0, Avg:  0.0, Max: 0, Diff: 0, Sum: 0, Workers: 4
[1.897s][debug][gc,phases   ] GC(0)   Weak JFR Old Object Samples    Min:  0.0, Avg:  0.0, Max:  0.0, Diff:  0.0, Sum:  0.0, Workers: 4
[1.897s][debug][gc,phases   ] GC(0)     Dead                           Min: 0, Avg:  0.0, Max: 0, Diff: 0, Sum: 0, Workers: 4
[1.897s][debug][gc,phases   ] GC(0)     Total                          Min: 0, Avg:  0.0, Max: 0, Diff: 0, Sum: 0, Workers: 4
[1.897s][debug][gc,phases   ] GC(0) Weak Processing 0.274ms
[1.897s][debug][gc,age      ] GC(0) Desired survivor size 536870912 bytes, new threshold 7 (max threshold 15)
[1.897s][info ][gc,heap     ] GC(0) PSYoungGen: 242277K(1572864K)->32744K(1572864K) Eden: 242277K(1048576K)->0K(1048576K) From: 0K(524288K)->32744K(524288K)
[1.897s][info ][gc,heap     ] GC(0) ParOldGen: 0K(6144K)->96K(6144K)
[1.897s][info ][gc,metaspace] GC(0) Metaspace: 21124K(21504K)->21124K(21504K) NonClass: 18694K(18880K)->18694K(18880K) Class: 2430K(2624K)->2430K(2624K)
[1.897s][info ][gc          ] GC(0) Pause Young (Metadata GC Threshold) 236M->32M(1542M) 15.967ms
[1.897s][info ][gc,cpu      ] GC(0) User=0.04s Sys=0.02s Real=0.01s
[1.897s][debug][gc,phases   ] GC(1) Pre Compact 0.016ms
[1.897s][info ][gc,start    ] GC(1) Pause Full (Metadata GC Threshold)
[1.897s][info ][gc,phases,start] GC(1) Marking Phase
[1.904s][debug][gc,phases      ] GC(1) Par Mark 6.473ms
[1.904s][debug][gc,ref         ] GC(1) Skipped phase 1 of Reference Processing: no references
[1.904s][debug][gc,ref         ] GC(1) ReferenceProcessor::execute queues: 1, RefProcThreadModel::Single, marks_oops_alive: false
[1.904s][debug][gc,ref         ] GC(1) Skipped phase 3 of Reference Processing: no references
[1.904s][debug][gc,ref         ] GC(1) ReferenceProcessor::execute queues: 1, RefProcThreadModel::Single, marks_oops_alive: false
[1.904s][debug][gc,phases      ] GC(1) Reference Processing 0.039ms
[1.904s][debug][gc,phases      ] GC(1)   VM Weak                        Min:  0.0, Avg:  0.0, Max:  0.0, Diff:  0.0, Sum:  0.0, Workers: 4
[1.904s][debug][gc,phases      ] GC(1)     Dead                           Min: 0, Avg:  0.0, Max: 0, Diff: 0, Sum: 0, Workers: 4
[1.904s][debug][gc,phases      ] GC(1)     Total                          Min: 0, Avg: 56.5, Max: 226, Diff: 226, Sum: 226, Workers: 4
[1.904s][debug][gc,phases      ] GC(1)   ObjectSynchronizer Weak        Min:  0.0, Avg:  0.0, Max:  0.0, Diff:  0.0, Sum:  0.0, Workers: 4
[1.904s][debug][gc,phases      ] GC(1)     Dead                           Min: 0, Avg:  0.0, Max: 0, Diff: 0, Sum: 0, Workers: 4
[1.904s][debug][gc,phases      ] GC(1)     Total                          Min: 0, Avg:  2.5, Max: 10, Diff: 10, Sum: 10, Workers: 4
[1.904s][debug][gc,phases      ] GC(1)   JVMTI Tag Weak OopStorage      Min:  0.0, Avg:  0.0, Max:  0.0, Diff:  0.0, Sum:  0.0, Workers: 4
[1.904s][debug][gc,phases      ] GC(1)     Dead                           Min: 0, Avg:  0.0, Max: 0, Diff: 0, Sum: 0, Workers: 4
[1.904s][debug][gc,phases      ] GC(1)     Total                          Min: 0, Avg:  0.0, Max: 0, Diff: 0, Sum: 0, Workers: 4
[1.904s][debug][gc,phases      ] GC(1)   StringTable Weak               Min:  0.0, Avg:  0.0, Max:  0.0, Diff:  0.0, Sum:  0.1, Workers: 4
[1.904s][debug][gc,phases      ] GC(1)     Dead                           Min: 0, Avg:  0.0, Max: 0, Diff: 0, Sum: 0, Workers: 4
[1.904s][debug][gc,phases      ] GC(1)     Total                          Min: 0, Avg: 3321.2, Max: 4672, Diff: 4672, Sum: 13285, Workers: 4
[1.904s][debug][gc,phases      ] GC(1)   ResolvedMethodTable Weak       Min:  0.0, Avg:  0.0, Max:  0.0, Diff:  0.0, Sum:  0.0, Workers: 4
[1.904s][debug][gc,phases      ] GC(1)     Dead                           Min: 0, Avg:  0.0, Max: 0, Diff: 0, Sum: 0, Workers: 4
[1.904s][debug][gc,phases      ] GC(1)     Total                          Min: 0, Avg: 316.5, Max: 498, Diff: 498, Sum: 1266, Workers: 4
[1.904s][debug][gc,phases      ] GC(1)   JNI Weak                       Min:  0.0, Avg:  0.0, Max:  0.0, Diff:  0.0, Sum:  0.0, Workers: 4
[1.904s][debug][gc,phases      ] GC(1)     Dead                           Min: 0, Avg:  0.0, Max: 0, Diff: 0, Sum: 0, Workers: 4
[1.904s][debug][gc,phases      ] GC(1)     Total                          Min: 0, Avg: 11.8, Max: 47, Diff: 47, Sum: 47, Workers: 4
[1.904s][debug][gc,phases      ] GC(1)   StringDedup Table Weak         Min:  0.0, Avg:  0.0, Max:  0.0, Diff:  0.0, Sum:  0.0, Workers: 4
[1.904s][debug][gc,phases      ] GC(1)     Dead                           Min: 0, Avg:  0.0, Max: 0, Diff: 0, Sum: 0, Workers: 4
[1.904s][debug][gc,phases      ] GC(1)     Total                          Min: 0, Avg:  0.0, Max: 0, Diff: 0, Sum: 0, Workers: 4
[1.904s][debug][gc,phases      ] GC(1)   StringDedup Requests0 Weak     Min:  0.0, Avg:  0.0, Max:  0.0, Diff:  0.0, Sum:  0.0, Workers: 4
[1.904s][debug][gc,phases      ] GC(1)     Dead                           Min: 0, Avg:  0.0, Max: 0, Diff: 0, Sum: 0, Workers: 4
[1.904s][debug][gc,phases      ] GC(1)     Total                          Min: 0, Avg:  0.0, Max: 0, Diff: 0, Sum: 0, Workers: 4
[1.904s][debug][gc,phases      ] GC(1)   StringDedup Requests1 Weak     Min:  0.0, Avg:  0.0, Max:  0.0, Diff:  0.0, Sum:  0.0, Workers: 4
[1.904s][debug][gc,phases      ] GC(1)     Dead                           Min: 0, Avg:  0.0, Max: 0, Diff: 0, Sum: 0, Workers: 4
[1.904s][debug][gc,phases      ] GC(1)     Total                          Min: 0, Avg:  0.0, Max: 0, Diff: 0, Sum: 0, Workers: 4
[1.904s][debug][gc,phases      ] GC(1)   Weak JFR Old Object Samples    Min:  0.0, Avg:  0.0, Max:  0.0, Diff:  0.0, Sum:  0.0, Workers: 4
[1.904s][debug][gc,phases      ] GC(1)     Dead                           Min: 0, Avg:  0.0, Max: 0, Diff: 0, Sum: 0, Workers: 4
[1.904s][debug][gc,phases      ] GC(1)     Total                          Min: 0, Avg:  0.0, Max: 0, Diff: 0, Sum: 0, Workers: 4
[1.904s][debug][gc,phases      ] GC(1) Weak Processing 0.206ms
[1.904s][debug][gc,phases      ] GC(1) ClassLoaderData 0.008ms
[1.904s][debug][gc,phases      ] GC(1) Trigger cleanups 0.000ms
[1.907s][debug][gc,phases      ] GC(1) Class Unloading 3.136ms
[1.907s][debug][gc,phases      ] GC(1) Report Object Count 0.001ms
[1.907s][info ][gc,phases      ] GC(1) Marking Phase 9.961ms
[1.907s][info ][gc,phases,start] GC(1) Summary Phase
[1.907s][info ][gc,phases      ] GC(1) Summary Phase 0.006ms
[1.907s][info ][gc,phases,start] GC(1) Adjust Roots
[1.910s][info ][gc,phases      ] GC(1) Adjust Roots 3.301ms
[1.911s][info ][gc,phases,start] GC(1) Compaction Phase
[1.927s][info ][gc,phases      ] GC(1) Compaction Phase 16.661ms
[1.927s][info ][gc,phases,start] GC(1) Post Compact
[1.928s][info ][gc,phases      ] GC(1) Post Compact 1.127ms
[1.928s][info ][gc,heap        ] GC(1) PSYoungGen: 32744K(1572864K)->26957K(1572864K) Eden: 0K(1048576K)->0K(1048576K) From: 32744K(524288K)->26957K(524288K)
[1.928s][info ][gc,heap        ] GC(1) ParOldGen: 96K(6144K)->5698K(6144K)
[1.928s][info ][gc,metaspace   ] GC(1) Metaspace: 21124K(21504K)->21124K(21504K) NonClass: 18694K(18880K)->18694K(18880K) Class: 2430K(2624K)->2430K(2624K)
[1.928s][info ][gc             ] GC(1) Pause Full (Metadata GC Threshold) 32M->31M(1542M) 31.163ms
[1.928s][info ][gc,cpu         ] GC(1) User=0.09s Sys=0.00s Real=0.03s
[1.928s][info ][safepoint      ] Safepoint "CollectForMetadataAllocation", Time since last: 155855525 ns, Reaching safepoint: 2500 ns, Cleanup: 41900 ns, At safepoint: 47260687 ns, Total: 47305087 ns
[2.086s][info ][safepoint      ] Safepoint "ICBufferFull", Time since last: 157343822 ns, Reaching safepoint: 2600 ns, Cleanup: 114300 ns, At safepoint: 5800 ns, Total: 122700 ns
[2.186s][info ][safepoint      ] Safepoint "ICBufferFull", Time since last: 100103460 ns, Reaching safepoint: 73999 ns, Cleanup: 96700 ns, At safepoint: 5700 ns, Total: 176399 ns
[2.268s][info ][safepoint      ] Safepoint "ICBufferFull", Time since last: 81600404 ns, Reaching safepoint: 72300 ns, Cleanup: 132200 ns, At safepoint: 5600 ns, Total: 210100 ns
[2.406s][info ][safepoint      ] Safepoint "ICBufferFull", Time since last: 138384468 ns, Reaching safepoint: 2300 ns, Cleanup: 118499 ns, At safepoint: 1400 ns, Total: 122199 ns
[2.888s][info ][safepoint      ] Safepoint "ICBufferFull", Time since last: 480844246 ns, Reaching safepoint: 73100 ns, Cleanup: 145799 ns, At safepoint: 4500 ns, Total: 223399 ns
[2.992s][info ][safepoint      ] Safepoint "ICBufferFull", Time since last: 104696749 ns, Reaching safepoint: 2200 ns, Cleanup: 111900 ns, At safepoint: 1500 ns, Total: 115600 ns
[3.106s][info ][safepoint      ] Safepoint "ICBufferFull", Time since last: 113986626 ns, Reaching safepoint: 3100 ns, Cleanup: 122200 ns, At safepoint: 1500 ns, Total: 126800 ns
[3.242s][info ][safepoint      ] Safepoint "ICBufferFull", Time since last: 135000276 ns, Reaching safepoint: 3900 ns, Cleanup: 150499 ns, At safepoint: 1600 ns, Total: 155999 ns
[3.495s][info ][safepoint      ] Safepoint "ICBufferFull", Time since last: 253147993 ns, Reaching safepoint: 2100 ns, Cleanup: 119799 ns, At safepoint: 1400 ns, Total: 123299 ns
[3.722s][info ][safepoint      ] Safepoint "ICBufferFull", Time since last: 227381355 ns, Reaching safepoint: 2600 ns, Cleanup: 118999 ns, At safepoint: 1900 ns, Total: 123499 ns
[3.743s][info ][safepoint      ] Safepoint "ICBufferFull", Time since last: 20390351 ns, Reaching safepoint: 149000 ns, Cleanup: 72500 ns, At safepoint: 8600 ns, Total: 230100 ns
[3.892s][info ][gc,start       ] GC(2) Pause Young (Metadata GC Threshold)
[3.945s][debug][gc,phases      ] GC(2) Scavenge 52.947ms
[3.945s][debug][gc,ref         ] GC(2) Skipped phase 1 of Reference Processing: no references
[3.945s][debug][gc,ref         ] GC(2) ReferenceProcessor::execute queues: 4, RefProcThreadModel::Multi, marks_oops_alive: false
[3.946s][debug][gc,ref         ] GC(2) Skipped phase 3 of Reference Processing: no references
[3.946s][debug][gc,ref         ] GC(2) ReferenceProcessor::execute queues: 2, RefProcThreadModel::Multi, marks_oops_alive: false
[3.946s][debug][gc,phases      ] GC(2) Reference Processing 0.589ms
[3.946s][debug][gc,phases      ] GC(2)   VM Weak                        Min:  0.0, Avg:  0.0, Max:  0.0, Diff:  0.0, Sum:  0.0, Workers: 4
[3.946s][debug][gc,phases      ] GC(2)     Dead                           Min: 0, Avg:  0.0, Max: 0, Diff: 0, Sum: 0, Workers: 4
[3.946s][debug][gc,phases      ] GC(2)     Total                          Min: 0, Avg: 85.8, Max: 192, Diff: 192, Sum: 343, Workers: 4
[3.946s][debug][gc,phases      ] GC(2)   ObjectSynchronizer Weak        Min:  0.0, Avg:  0.0, Max:  0.0, Diff:  0.0, Sum:  0.0, Workers: 4
[3.946s][debug][gc,phases      ] GC(2)     Dead                           Min: 0, Avg:  0.0, Max: 0, Diff: 0, Sum: 0, Workers: 4
[3.946s][debug][gc,phases      ] GC(2)     Total                          Min: 0, Avg:  2.5, Max: 10, Diff: 10, Sum: 10, Workers: 4
[3.946s][debug][gc,phases      ] GC(2)   JVMTI Tag Weak OopStorage      Min:  0.0, Avg:  0.0, Max:  0.0, Diff:  0.0, Sum:  0.0, Workers: 4
[3.946s][debug][gc,phases      ] GC(2)     Dead                           Min: 0, Avg:  0.0, Max: 0, Diff: 0, Sum: 0, Workers: 4
[3.946s][debug][gc,phases      ] GC(2)     Total                          Min: 0, Avg:  0.0, Max: 0, Diff: 0, Sum: 0, Workers: 4
[3.946s][debug][gc,phases      ] GC(2)   StringTable Weak               Min:  0.0, Avg:  0.2, Max:  0.3, Diff:  0.3, Sum:  0.7, Workers: 4
[3.946s][debug][gc,phases      ] GC(2)     Dead                           Min: 0, Avg:  2.2, Max: 6, Diff: 6, Sum: 9, Workers: 4
[3.946s][debug][gc,phases      ] GC(2)     Total                          Min: 0, Avg: 6637.5, Max: 13504, Diff: 13504, Sum: 26550, Workers: 4
[3.946s][debug][gc,phases      ] GC(2)   ResolvedMethodTable Weak       Min:  0.0, Avg:  0.0, Max:  0.0, Diff:  0.0, Sum:  0.1, Workers: 4
[3.946s][debug][gc,phases      ] GC(2)     Dead                           Min: 0, Avg: 14.0, Max: 40, Diff: 40, Sum: 56, Workers: 4
[3.946s][debug][gc,phases      ] GC(2)     Total                          Min: 0, Avg: 703.5, Max: 1408, Diff: 1408, Sum: 2814, Workers: 4
[3.946s][debug][gc,phases      ] GC(2)   JNI Weak                       Min:  0.0, Avg:  0.0, Max:  0.0, Diff:  0.0, Sum:  0.0, Workers: 4
[3.946s][debug][gc,phases      ] GC(2)     Dead                           Min: 0, Avg:  0.0, Max: 0, Diff: 0, Sum: 0, Workers: 4
[3.946s][debug][gc,phases      ] GC(2)     Total                          Min: 0, Avg: 13.2, Max: 53, Diff: 53, Sum: 53, Workers: 4
[3.946s][debug][gc,phases      ] GC(2)   StringDedup Table Weak         Min:  0.0, Avg:  0.0, Max:  0.0, Diff:  0.0, Sum:  0.0, Workers: 4
[3.946s][debug][gc,phases      ] GC(2)     Dead                           Min: 0, Avg:  0.0, Max: 0, Diff: 0, Sum: 0, Workers: 4
[3.946s][debug][gc,phases      ] GC(2)     Total                          Min: 0, Avg:  0.0, Max: 0, Diff: 0, Sum: 0, Workers: 4
[3.946s][debug][gc,phases      ] GC(2)   StringDedup Requests0 Weak     Min:  0.0, Avg:  0.0, Max:  0.0, Diff:  0.0, Sum:  0.0, Workers: 4
[3.946s][debug][gc,phases      ] GC(2)     Dead                           Min: 0, Avg:  0.0, Max: 0, Diff: 0, Sum: 0, Workers: 4
[3.946s][debug][gc,phases      ] GC(2)     Total                          Min: 0, Avg:  0.0, Max: 0, Diff: 0, Sum: 0, Workers: 4
[3.946s][debug][gc,phases      ] GC(2)   StringDedup Requests1 Weak     Min:  0.0, Avg:  0.0, Max:  0.0, Diff:  0.0, Sum:  0.0, Workers: 4
[3.946s][debug][gc,phases      ] GC(2)     Dead                           Min: 0, Avg:  0.0, Max: 0, Diff: 0, Sum: 0, Workers: 4
[3.946s][debug][gc,phases      ] GC(2)     Total                          Min: 0, Avg:  0.0, Max: 0, Diff: 0, Sum: 0, Workers: 4
[3.946s][debug][gc,phases      ] GC(2)   Weak JFR Old Object Samples    Min:  0.0, Avg:  0.0, Max:  0.0, Diff:  0.0, Sum:  0.0, Workers: 4
[3.946s][debug][gc,phases      ] GC(2)     Dead                           Min: 0, Avg:  0.0, Max: 0, Diff: 0, Sum: 0, Workers: 4
[3.946s][debug][gc,phases      ] GC(2)     Total                          Min: 0, Avg:  0.0, Max: 0, Diff: 0, Sum: 0, Workers: 4
[3.946s][debug][gc,phases      ] GC(2) Weak Processing 0.567ms
[3.946s][debug][gc,age         ] GC(2) Desired survivor size 536870912 bytes, new threshold 7 (max threshold 15)
[3.946s][info ][gc,heap        ] GC(2) PSYoungGen: 572875K(1572864K)->89531K(1572864K) Eden: 545917K(1048576K)->0K(1048576K) From: 26957K(524288K)->89531K(524288K)
[3.946s][info ][gc,heap        ] GC(2) ParOldGen: 5698K(6144K)->5714K(6144K)
[3.946s][info ][gc,metaspace   ] GC(2) Metaspace: 35413K(35840K)->35413K(35840K) NonClass: 30868K(31104K)->30868K(31104K) Class: 4545K(4736K)->4545K(4736K)
[3.946s][info ][gc             ] GC(2) Pause Young (Metadata GC Threshold) 565M->93M(1542M) 54.220ms
[3.946s][info ][gc,cpu         ] GC(2) User=0.14s Sys=0.05s Real=0.05s
[3.946s][debug][gc,phases      ] GC(3) Pre Compact 0.007ms
[3.946s][info ][gc,start       ] GC(3) Pause Full (Metadata GC Threshold)
[3.946s][info ][gc,phases,start] GC(3) Marking Phase
[3.979s][debug][gc,phases      ] GC(3) Par Mark 31.981ms
[3.979s][debug][gc,ref         ] GC(3) Skipped phase 1 of Reference Processing: no references
[3.979s][debug][gc,ref         ] GC(3) ReferenceProcessor::execute queues: 3, RefProcThreadModel::Multi, marks_oops_alive: false
[3.979s][debug][gc,ref         ] GC(3) Skipped phase 3 of Reference Processing: no references
[3.979s][debug][gc,ref         ] GC(3) ReferenceProcessor::execute queues: 1, RefProcThreadModel::Single, marks_oops_alive: false
[3.979s][debug][gc,phases      ] GC(3) Reference Processing 0.210ms
[3.979s][debug][gc,phases      ] GC(3)   VM Weak                        Min:  0.0, Avg:  0.0, Max:  0.1, Diff:  0.1, Sum:  0.1, Workers: 4
[3.979s][debug][gc,phases      ] GC(3)     Dead                           Min: 0, Avg:  0.0, Max: 0, Diff: 0, Sum: 0, Workers: 4
[3.979s][debug][gc,phases      ] GC(3)     Total                          Min: 0, Avg: 85.8, Max: 256, Diff: 256, Sum: 343, Workers: 4
[3.979s][debug][gc,phases      ] GC(3)   ObjectSynchronizer Weak        Min:  0.0, Avg:  0.0, Max:  0.0, Diff:  0.0, Sum:  0.0, Workers: 4
[3.979s][debug][gc,phases      ] GC(3)     Dead                           Min: 0, Avg:  0.0, Max: 0, Diff: 0, Sum: 0, Workers: 4
[3.979s][debug][gc,phases      ] GC(3)     Total                          Min: 0, Avg:  2.5, Max: 10, Diff: 10, Sum: 10, Workers: 4
[3.979s][debug][gc,phases      ] GC(3)   JVMTI Tag Weak OopStorage      Min:  0.0, Avg:  0.0, Max:  0.0, Diff:  0.0, Sum:  0.0, Workers: 4
[3.979s][debug][gc,phases      ] GC(3)     Dead                           Min: 0, Avg:  0.0, Max: 0, Diff: 0, Sum: 0, Workers: 4
[3.979s][debug][gc,phases      ] GC(3)     Total                          Min: 0, Avg:  0.0, Max: 0, Diff: 0, Sum: 0, Workers: 4
[3.979s][debug][gc,phases      ] GC(3)   StringTable Weak               Min:  0.0, Avg:  0.1, Max:  0.1, Diff:  0.1, Sum:  0.3, Workers: 4
[3.979s][debug][gc,phases      ] GC(3)     Dead                           Min: 0, Avg:  0.0, Max: 0, Diff: 0, Sum: 0, Workers: 4
[3.979s][debug][gc,phases      ] GC(3)     Total                          Min: 3648, Avg: 6637.5, Max: 8512, Diff: 4864, Sum: 26550, Workers: 4
[3.979s][debug][gc,phases      ] GC(3)   ResolvedMethodTable Weak       Min:  0.0, Avg:  0.0, Max:  0.0, Diff:  0.0, Sum:  0.0, Workers: 4
[3.979s][debug][gc,phases      ] GC(3)     Dead                           Min: 0, Avg:  0.0, Max: 0, Diff: 0, Sum: 0, Workers: 4
[3.979s][debug][gc,phases      ] GC(3)     Total                          Min: 703, Avg: 703.5, Max: 704, Diff: 1, Sum: 2814, Workers: 4
[3.979s][debug][gc,phases      ] GC(3)   JNI Weak                       Min:  0.0, Avg:  0.0, Max:  0.0, Diff:  0.0, Sum:  0.0, Workers: 4
[3.979s][debug][gc,phases      ] GC(3)     Dead                           Min: 0, Avg:  0.0, Max: 0, Diff: 0, Sum: 0, Workers: 4
[3.979s][debug][gc,phases      ] GC(3)     Total                          Min: 0, Avg: 13.2, Max: 48, Diff: 48, Sum: 53, Workers: 4
[3.979s][debug][gc,phases      ] GC(3)   StringDedup Table Weak         Min:  0.0, Avg:  0.0, Max:  0.0, Diff:  0.0, Sum:  0.0, Workers: 4
[3.979s][debug][gc,phases      ] GC(3)     Dead                           Min: 0, Avg:  0.0, Max: 0, Diff: 0, Sum: 0, Workers: 4
[3.979s][debug][gc,phases      ] GC(3)     Total                          Min: 0, Avg:  0.0, Max: 0, Diff: 0, Sum: 0, Workers: 4
[3.979s][debug][gc,phases      ] GC(3)   StringDedup Requests0 Weak     Min:  0.0, Avg:  0.0, Max:  0.0, Diff:  0.0, Sum:  0.0, Workers: 4
[3.979s][debug][gc,phases      ] GC(3)     Dead                           Min: 0, Avg:  0.0, Max: 0, Diff: 0, Sum: 0, Workers: 4
[3.979s][debug][gc,phases      ] GC(3)     Total                          Min: 0, Avg:  0.0, Max: 0, Diff: 0, Sum: 0, Workers: 4
[3.979s][debug][gc,phases      ] GC(3)   StringDedup Requests1 Weak     Min:  0.0, Avg:  0.0, Max:  0.0, Diff:  0.0, Sum:  0.0, Workers: 4
[3.979s][debug][gc,phases      ] GC(3)     Dead                           Min: 0, Avg:  0.0, Max: 0, Diff: 0, Sum: 0, Workers: 4
[3.979s][debug][gc,phases      ] GC(3)     Total                          Min: 0, Avg:  0.0, Max: 0, Diff: 0, Sum: 0, Workers: 4
[3.979s][debug][gc,phases      ] GC(3)   Weak JFR Old Object Samples    Min:  0.0, Avg:  0.0, Max:  0.0, Diff:  0.0, Sum:  0.0, Workers: 4
[3.979s][debug][gc,phases      ] GC(3)     Dead                           Min: 0, Avg:  0.0, Max: 0, Diff: 0, Sum: 0, Workers: 4
[3.979s][debug][gc,phases      ] GC(3)     Total                          Min: 0, Avg:  0.0, Max: 0, Diff: 0, Sum: 0, Workers: 4
[3.979s][debug][gc,phases      ] GC(3) Weak Processing 0.271ms
[3.979s][debug][gc,phases      ] GC(3) ClassLoaderData 0.039ms
[3.979s][debug][gc,phases      ] GC(3) Trigger cleanups 0.000ms
[3.983s][debug][gc,phases      ] GC(3) Class Unloading 4.435ms
[3.983s][debug][gc,phases      ] GC(3) Report Object Count 0.001ms
[3.983s][info ][gc,phases      ] GC(3) Marking Phase 37.003ms
[3.983s][info ][gc,phases,start] GC(3) Summary Phase
[3.983s][info ][gc,phases      ] GC(3) Summary Phase 0.005ms
[3.983s][info ][gc,phases,start] GC(3) Adjust Roots
[3.988s][info ][gc,phases      ] GC(3) Adjust Roots 4.622ms
[3.988s][info ][gc,phases,start] GC(3) Compaction Phase
[4.374s][info ][gc,phases      ] GC(3) Compaction Phase 385.465ms
[4.374s][info ][gc,phases,start] GC(3) Post Compact
[4.374s][info ][gc,phases      ] GC(3) Post Compact 0.826ms
[4.374s][info ][gc,heap        ] GC(3) PSYoungGen: 89531K(1572864K)->88795K(1572864K) Eden: 0K(1048576K)->0K(1048576K) From: 89531K(524288K)->88795K(524288K)
[4.374s][info ][gc,heap        ] GC(3) ParOldGen: 5714K(6144K)->6016K(6144K)
[4.374s][info ][gc,metaspace   ] GC(3) Metaspace: 35413K(35840K)->35413K(35840K) NonClass: 30868K(31104K)->30868K(31104K) Class: 4545K(4736K)->4545K(4736K)
[4.374s][info ][gc             ] GC(3) Pause Full (Metadata GC Threshold) 93M->92M(1542M) 428.023ms
[4.374s][info ][gc,cpu         ] GC(3) User=0.94s Sys=0.00s Real=0.43s
[4.375s][info ][safepoint      ] Safepoint "CollectForMetadataAllocation", Time since last: 149010342 ns, Reaching safepoint: 3000 ns, Cleanup: 118800 ns, At safepoint: 482351742 ns, Total: 482473542 ns
[4.722s][info ][safepoint      ] Safepoint "ICBufferFull", Time since last: 347017467 ns, Reaching safepoint: 3200 ns, Cleanup: 168999 ns, At safepoint: 1900 ns, Total: 174099 ns
[5.465s][info ][safepoint      ] Safepoint "ICBufferFull", Time since last: 742960117 ns, Reaching safepoint: 3700 ns, Cleanup: 164299 ns, At safepoint: 5400 ns, Total: 173399 ns
[5.694s][info ][safepoint      ] Safepoint "ICBufferFull", Time since last: 226928456 ns, Reaching safepoint: 2120195 ns, Cleanup: 130299 ns, At safepoint: 11000 ns, Total: 2261494 ns
[5.828s][info ][safepoint      ] Safepoint "ICBufferFull", Time since last: 134025785 ns, Reaching safepoint: 2300 ns, Cleanup: 122400 ns, At safepoint: 13000 ns, Total: 137700 ns
[5.875s][info ][safepoint      ] Safepoint "ICBufferFull", Time since last: 46591192 ns, Reaching safepoint: 41700 ns, Cleanup: 104600 ns, At safepoint: 7000 ns, Total: 153300 ns
[5.966s][info ][safepoint      ] Safepoint "ICBufferFull", Time since last: 90695291 ns, Reaching safepoint: 3300 ns, Cleanup: 175400 ns, At safepoint: 7900 ns, Total: 186600 ns
[6.152s][info ][safepoint      ] Safepoint "ICBufferFull", Time since last: 185585473 ns, Reaching safepoint: 2500 ns, Cleanup: 126599 ns, At safepoint: 4300 ns, Total: 133399 ns
[6.272s][info ][safepoint      ] Safepoint "ICBufferFull", Time since last: 120713423 ns, Reaching safepoint: 2700 ns, Cleanup: 78099 ns, At safepoint: 1900 ns, Total: 82699 ns
[6.299s][info ][gc,start       ] GC(4) Pause Young (Metadata GC Threshold)
[6.355s][debug][gc,phases      ] GC(4) Scavenge 55.547ms
[6.355s][debug][gc,ref         ] GC(4) Skipped phase 1 of Reference Processing: no references
[6.355s][debug][gc,ref         ] GC(4) ReferenceProcessor::execute queues: 4, RefProcThreadModel::Multi, marks_oops_alive: false
[6.356s][debug][gc,ref         ] GC(4) Skipped phase 3 of Reference Processing: no references
[6.356s][debug][gc,ref         ] GC(4) ReferenceProcessor::execute queues: 4, RefProcThreadModel::Multi, marks_oops_alive: false
[6.356s][debug][gc,phases      ] GC(4) Reference Processing 0.867ms
[6.356s][debug][gc,phases      ] GC(4)   VM Weak                        Min:  0.0, Avg:  0.0, Max:  0.0, Diff:  0.0, Sum:  0.0, Workers: 4
[6.356s][debug][gc,phases      ] GC(4)     Dead                           Min: 0, Avg:  0.0, Max: 0, Diff: 0, Sum: 0, Workers: 4
[6.356s][debug][gc,phases      ] GC(4)     Total                          Min: 0, Avg: 129.0, Max: 320, Diff: 320, Sum: 516, Workers: 4
[6.356s][debug][gc,phases      ] GC(4)   ObjectSynchronizer Weak        Min:  0.0, Avg:  0.0, Max:  0.0, Diff:  0.0, Sum:  0.0, Workers: 4
[6.356s][debug][gc,phases      ] GC(4)     Dead                           Min: 0, Avg:  0.0, Max: 0, Diff: 0, Sum: 0, Workers: 4
[6.356s][debug][gc,phases      ] GC(4)     Total                          Min: 0, Avg:  2.5, Max: 10, Diff: 10, Sum: 10, Workers: 4
[6.356s][debug][gc,phases      ] GC(4)   JVMTI Tag Weak OopStorage      Min:  0.0, Avg:  0.0, Max:  0.0, Diff:  0.0, Sum:  0.0, Workers: 4
[6.356s][debug][gc,phases      ] GC(4)     Dead                           Min: 0, Avg:  0.0, Max: 0, Diff: 0, Sum: 0, Workers: 4
[6.356s][debug][gc,phases      ] GC(4)     Total                          Min: 0, Avg:  0.0, Max: 0, Diff: 0, Sum: 0, Workers: 4
[6.356s][debug][gc,phases      ] GC(4)   StringTable Weak               Min:  0.0, Avg:  0.2, Max:  0.3, Diff:  0.3, Sum:  0.8, Workers: 4
[6.356s][debug][gc,phases      ] GC(4)     Dead                           Min: 0, Avg:  4.5, Max: 8, Diff: 8, Sum: 18, Workers: 4
[6.356s][debug][gc,phases      ] GC(4)     Total                          Min: 0, Avg: 9013.8, Max: 14784, Diff: 14784, Sum: 36055, Workers: 4
[6.356s][debug][gc,phases      ] GC(4)   ResolvedMethodTable Weak       Min:  0.0, Avg:  0.0, Max:  0.1, Diff:  0.1, Sum:  0.2, Workers: 4
[6.356s][debug][gc,phases      ] GC(4)     Dead                           Min: 0, Avg: 47.2, Max: 88, Diff: 88, Sum: 189, Workers: 4
[6.356s][debug][gc,phases      ] GC(4)     Total                          Min: 0, Avg: 1616.2, Max: 3008, Diff: 3008, Sum: 6465, Workers: 4
[6.356s][debug][gc,phases      ] GC(4)   JNI Weak                       Min:  0.0, Avg:  0.0, Max:  0.0, Diff:  0.0, Sum:  0.0, Workers: 4
[6.356s][debug][gc,phases      ] GC(4)     Dead                           Min: 0, Avg:  0.0, Max: 0, Diff: 0, Sum: 0, Workers: 4
[6.356s][debug][gc,phases      ] GC(4)     Total                          Min: 0, Avg: 11.8, Max: 45, Diff: 45, Sum: 47, Workers: 4
[6.356s][debug][gc,phases      ] GC(4)   StringDedup Table Weak         Min:  0.0, Avg:  0.0, Max:  0.0, Diff:  0.0, Sum:  0.0, Workers: 4
[6.356s][debug][gc,phases      ] GC(4)     Dead                           Min: 0, Avg:  0.0, Max: 0, Diff: 0, Sum: 0, Workers: 4
[6.356s][debug][gc,phases      ] GC(4)     Total                          Min: 0, Avg:  0.0, Max: 0, Diff: 0, Sum: 0, Workers: 4
[6.356s][debug][gc,phases      ] GC(4)   StringDedup Requests0 Weak     Min:  0.0, Avg:  0.0, Max:  0.0, Diff:  0.0, Sum:  0.0, Workers: 4
[6.356s][debug][gc,phases      ] GC(4)     Dead                           Min: 0, Avg:  0.0, Max: 0, Diff: 0, Sum: 0, Workers: 4
[6.356s][debug][gc,phases      ] GC(4)     Total                          Min: 0, Avg:  0.0, Max: 0, Diff: 0, Sum: 0, Workers: 4
[6.356s][debug][gc,phases      ] GC(4)   StringDedup Requests1 Weak     Min:  0.0, Avg:  0.0, Max:  0.0, Diff:  0.0, Sum:  0.0, Workers: 4
[6.356s][debug][gc,phases      ] GC(4)     Dead                           Min: 0, Avg:  0.0, Max: 0, Diff: 0, Sum: 0, Workers: 4
[6.356s][debug][gc,phases      ] GC(4)     Total                          Min: 0, Avg:  0.0, Max: 0, Diff: 0, Sum: 0, Workers: 4
[6.356s][debug][gc,phases      ] GC(4)   Weak JFR Old Object Samples    Min:  0.0, Avg:  0.0, Max:  0.0, Diff:  0.0, Sum:  0.0, Workers: 4
[6.356s][debug][gc,phases      ] GC(4)     Dead                           Min: 0, Avg:  0.0, Max: 0, Diff: 0, Sum: 0, Workers: 4
[6.356s][debug][gc,phases      ] GC(4)     Total                          Min: 0, Avg:  0.0, Max: 0, Diff: 0, Sum: 0, Workers: 4
[6.356s][debug][gc,phases      ] GC(4) Weak Processing 0.505ms
[6.356s][debug][gc,age         ] GC(4) Desired survivor size 536870912 bytes, new threshold 7 (max threshold 15)
[6.356s][info ][gc,heap        ] GC(4) PSYoungGen: 537742K(1572864K)->114597K(1572864K) Eden: 448947K(1048576K)->0K(1048576K) From: 88795K(524288K)->114597K(524288K)
[6.356s][info ][gc,heap        ] GC(4) ParOldGen: 6016K(6144K)->6024K(6144K)
[6.356s][info ][gc,metaspace   ] GC(4) Metaspace: 59081K(59776K)->59081K(59776K) NonClass: 50124K(50496K)->50124K(50496K) Class: 8956K(9280K)->8956K(9280K)
[6.356s][info ][gc             ] GC(4) Pause Young (Metadata GC Threshold) 531M->117M(1542M) 57.032ms
[6.356s][info ][gc,cpu         ] GC(4) User=0.14s Sys=0.06s Real=0.06s
[6.357s][debug][gc,phases      ] GC(5) Pre Compact 0.007ms
[6.357s][info ][gc,start       ] GC(5) Pause Full (Metadata GC Threshold)
[6.357s][info ][gc,phases,start] GC(5) Marking Phase
[6.401s][debug][gc,phases      ] GC(5) Par Mark 44.690ms
[6.401s][debug][gc,ref         ] GC(5) Skipped phase 1 of Reference Processing: no references
[6.401s][debug][gc,ref         ] GC(5) ReferenceProcessor::execute queues: 4, RefProcThreadModel::Multi, marks_oops_alive: false
[6.402s][debug][gc,ref         ] GC(5) Skipped phase 3 of Reference Processing: no references
[6.402s][debug][gc,ref         ] GC(5) ReferenceProcessor::execute queues: 1, RefProcThreadModel::Single, marks_oops_alive: false
[6.402s][debug][gc,phases      ] GC(5) Reference Processing 0.519ms
[6.402s][debug][gc,phases      ] GC(5)   VM Weak                        Min:  0.0, Avg:  0.0, Max:  0.0, Diff:  0.0, Sum:  0.0, Workers: 4
[6.402s][debug][gc,phases      ] GC(5)     Dead                           Min: 0, Avg:  0.0, Max: 0, Diff: 0, Sum: 0, Workers: 4
[6.402s][debug][gc,phases      ] GC(5)     Total                          Min: 0, Avg: 129.0, Max: 320, Diff: 320, Sum: 516, Workers: 4
[6.402s][debug][gc,phases      ] GC(5)   ObjectSynchronizer Weak        Min:  0.0, Avg:  0.0, Max:  0.0, Diff:  0.0, Sum:  0.0, Workers: 4
[6.402s][debug][gc,phases      ] GC(5)     Dead                           Min: 0, Avg:  0.0, Max: 0, Diff: 0, Sum: 0, Workers: 4
[6.402s][debug][gc,phases      ] GC(5)     Total                          Min: 0, Avg:  2.5, Max: 10, Diff: 10, Sum: 10, Workers: 4
[6.402s][debug][gc,phases      ] GC(5)   JVMTI Tag Weak OopStorage      Min:  0.0, Avg:  0.0, Max:  0.0, Diff:  0.0, Sum:  0.0, Workers: 4
[6.402s][debug][gc,phases      ] GC(5)     Dead                           Min: 0, Avg:  0.0, Max: 0, Diff: 0, Sum: 0, Workers: 4
[6.402s][debug][gc,phases      ] GC(5)     Total                          Min: 0, Avg:  0.0, Max: 0, Diff: 0, Sum: 0, Workers: 4
[6.402s][debug][gc,phases      ] GC(5)   StringTable Weak               Min:  0.1, Avg:  0.1, Max:  0.1, Diff:  0.0, Sum:  0.4, Workers: 4
[6.402s][debug][gc,phases      ] GC(5)     Dead                           Min: 0, Avg:  0.0, Max: 0, Diff: 0, Sum: 0, Workers: 4
[6.402s][debug][gc,phases      ] GC(5)     Total                          Min: 8768, Avg: 9013.8, Max: 9367, Diff: 599, Sum: 36055, Workers: 4
[6.402s][debug][gc,phases      ] GC(5)   ResolvedMethodTable Weak       Min:  0.0, Avg:  0.0, Max:  0.0, Diff:  0.0, Sum:  0.1, Workers: 4
[6.402s][debug][gc,phases      ] GC(5)     Dead                           Min: 0, Avg:  0.0, Max: 0, Diff: 0, Sum: 0, Workers: 4
[6.402s][debug][gc,phases      ] GC(5)     Total                          Min: 640, Avg: 1616.2, Max: 2113, Diff: 1473, Sum: 6465, Workers: 4
[6.402s][debug][gc,phases      ] GC(5)   JNI Weak                       Min:  0.0, Avg:  0.0, Max:  0.0, Diff:  0.0, Sum:  0.0, Workers: 4
[6.402s][debug][gc,phases      ] GC(5)     Dead                           Min: 0, Avg:  0.0, Max: 0, Diff: 0, Sum: 0, Workers: 4
[6.402s][debug][gc,phases      ] GC(5)     Total                          Min: 0, Avg: 11.8, Max: 45, Diff: 45, Sum: 47, Workers: 4
[6.402s][debug][gc,phases      ] GC(5)   StringDedup Table Weak         Min:  0.0, Avg:  0.0, Max:  0.0, Diff:  0.0, Sum:  0.0, Workers: 4
[6.402s][debug][gc,phases      ] GC(5)     Dead                           Min: 0, Avg:  0.0, Max: 0, Diff: 0, Sum: 0, Workers: 4
[6.402s][debug][gc,phases      ] GC(5)     Total                          Min: 0, Avg:  0.0, Max: 0, Diff: 0, Sum: 0, Workers: 4
[6.402s][debug][gc,phases      ] GC(5)   StringDedup Requests0 Weak     Min:  0.0, Avg:  0.0, Max:  0.0, Diff:  0.0, Sum:  0.0, Workers: 4
[6.402s][debug][gc,phases      ] GC(5)     Dead                           Min: 0, Avg:  0.0, Max: 0, Diff: 0, Sum: 0, Workers: 4
[6.402s][debug][gc,phases      ] GC(5)     Total                          Min: 0, Avg:  0.0, Max: 0, Diff: 0, Sum: 0, Workers: 4
[6.402s][debug][gc,phases      ] GC(5)   StringDedup Requests1 Weak     Min:  0.0, Avg:  0.0, Max:  0.0, Diff:  0.0, Sum:  0.0, Workers: 4
[6.402s][debug][gc,phases      ] GC(5)     Dead                           Min: 0, Avg:  0.0, Max: 0, Diff: 0, Sum: 0, Workers: 4
[6.402s][debug][gc,phases      ] GC(5)     Total                          Min: 0, Avg:  0.0, Max: 0, Diff: 0, Sum: 0, Workers: 4
[6.402s][debug][gc,phases      ] GC(5)   Weak JFR Old Object Samples    Min:  0.0, Avg:  0.0, Max:  0.0, Diff:  0.0, Sum:  0.0, Workers: 4
[6.402s][debug][gc,phases      ] GC(5)     Dead                           Min: 0, Avg:  0.0, Max: 0, Diff: 0, Sum: 0, Workers: 4
[6.402s][debug][gc,phases      ] GC(5)     Total                          Min: 0, Avg:  0.0, Max: 0, Diff: 0, Sum: 0, Workers: 4
[6.402s][debug][gc,phases      ] GC(5) Weak Processing 0.284ms
[6.402s][debug][gc,phases      ] GC(5) ClassLoaderData 0.073ms
[6.402s][debug][gc,phases      ] GC(5) Trigger cleanups 0.000ms
[6.409s][debug][gc,phases      ] GC(5) Class Unloading 7.217ms
[6.409s][debug][gc,phases      ] GC(5) Report Object Count 0.001ms
[6.409s][info ][gc,phases      ] GC(5) Marking Phase 52.836ms
[6.409s][info ][gc,phases,start] GC(5) Summary Phase
[6.409s][info ][gc,phases      ] GC(5) Summary Phase 0.007ms
[6.409s][info ][gc,phases,start] GC(5) Adjust Roots
[6.419s][info ][gc,phases      ] GC(5) Adjust Roots 9.862ms
[6.419s][info ][gc,phases,start] GC(5) Compaction Phase
[6.926s][info ][gc,phases      ] GC(5) Compaction Phase 507.147ms
[6.926s][info ][gc,phases,start] GC(5) Post Compact
[6.928s][info ][gc,phases      ] GC(5) Post Compact 1.058ms
[6.928s][info ][gc,heap        ] GC(5) PSYoungGen: 114597K(1572864K)->114260K(1572864K) Eden: 0K(1048576K)->0K(1048576K) From: 114597K(524288K)->114260K(524288K)
[6.928s][info ][gc,heap        ] GC(5) ParOldGen: 6024K(6144K)->5994K(6144K)
[6.928s][info ][gc,metaspace   ] GC(5) Metaspace: 59081K(59776K)->59081K(59776K) NonClass: 50124K(50496K)->50124K(50496K) Class: 8956K(9280K)->8956K(9280K)
[6.928s][info ][gc             ] GC(5) Pause Full (Metadata GC Threshold) 117M->117M(1542M) 571.044ms
[6.928s][info ][gc,cpu         ] GC(5) User=1.21s Sys=0.00s Real=0.57s
[6.928s][info ][safepoint      ] Safepoint "CollectForMetadataAllocation", Time since last: 27025038 ns, Reaching safepoint: 3400 ns, Cleanup: 50400 ns, At safepoint: 628210455 ns, Total: 628264255 ns
[7.170s][info ][safepoint      ] Safepoint "ICBufferFull", Time since last: 242060942 ns, Reaching safepoint: 76600 ns, Cleanup: 126500 ns, At safepoint: 12600 ns, Total: 215700 ns
[7.410s][info ][safepoint      ] Safepoint "ICBufferFull", Time since last: 239845048 ns, Reaching safepoint: 78300 ns, Cleanup: 126400 ns, At safepoint: 11200 ns, Total: 215900 ns
[7.681s][info ][safepoint      ] Safepoint "ICBufferFull", Time since last: 270734377 ns, Reaching safepoint: 3900 ns, Cleanup: 141099 ns, At safepoint: 4500 ns, Total: 149499 ns
[7.791s][info ][safepoint      ] Safepoint "ICBufferFull", Time since last: 109743648 ns, Reaching safepoint: 2700 ns, Cleanup: 131899 ns, At safepoint: 4900 ns, Total: 139499 ns
[7.965s][info ][safepoint      ] Safepoint "ICBufferFull", Time since last: 174138900 ns, Reaching safepoint: 3800 ns, Cleanup: 175699 ns, At safepoint: 6000 ns, Total: 185499 ns
[8.694s][info ][safepoint      ] Safepoint "ICBufferFull", Time since last: 728695923 ns, Reaching safepoint: 3900 ns, Cleanup: 159200 ns, At safepoint: 2300 ns, Total: 165400 ns
[9.006s][info ][safepoint      ] Safepoint "ICBufferFull", Time since last: 311983582 ns, Reaching safepoint: 72500 ns, Cleanup: 129999 ns, At safepoint: 8300 ns, Total: 210799 ns
[9.164s][info ][gc,start       ] GC(6) Pause Young (Allocation Failure)
[9.355s][debug][gc,phases      ] GC(6) Scavenge 191.119ms
[9.355s][debug][gc,ref         ] GC(6) Skipped phase 1 of Reference Processing: no references
[9.355s][debug][gc,ref         ] GC(6) ReferenceProcessor::execute queues: 4, RefProcThreadModel::Multi, marks_oops_alive: false
[9.355s][debug][gc,ref         ] GC(6) Skipped phase 3 of Reference Processing: no references
[9.355s][debug][gc,ref         ] GC(6) ReferenceProcessor::execute queues: 2, RefProcThreadModel::Multi, marks_oops_alive: false
[9.356s][debug][gc,phases      ] GC(6) Reference Processing 0.791ms
[9.356s][debug][gc,phases      ] GC(6)   VM Weak                        Min:  0.0, Avg:  0.0, Max:  0.0, Diff:  0.0, Sum:  0.0, Workers: 4
[9.356s][debug][gc,phases      ] GC(6)     Dead                           Min: 0, Avg:  0.0, Max: 0, Diff: 0, Sum: 0, Workers: 4
[9.356s][debug][gc,phases      ] GC(6)     Total                          Min: 64, Avg: 153.2, Max: 256, Diff: 192, Sum: 613, Workers: 4
[9.356s][debug][gc,phases      ] GC(6)   ObjectSynchronizer Weak        Min:  0.0, Avg:  0.0, Max:  0.0, Diff:  0.0, Sum:  0.0, Workers: 4
[9.356s][debug][gc,phases      ] GC(6)     Dead                           Min: 0, Avg:  0.2, Max: 1, Diff: 1, Sum: 1, Workers: 4
[9.356s][debug][gc,phases      ] GC(6)     Total                          Min: 0, Avg:  5.0, Max: 20, Diff: 20, Sum: 20, Workers: 4
[9.356s][debug][gc,phases      ] GC(6)   JVMTI Tag Weak OopStorage      Min:  0.0, Avg:  0.0, Max:  0.0, Diff:  0.0, Sum:  0.0, Workers: 4
[9.356s][debug][gc,phases      ] GC(6)     Dead                           Min: 0, Avg:  0.0, Max: 0, Diff: 0, Sum: 0, Workers: 4
[9.356s][debug][gc,phases      ] GC(6)     Total                          Min: 0, Avg:  0.0, Max: 0, Diff: 0, Sum: 0, Workers: 4
[9.356s][debug][gc,phases      ] GC(6)   StringTable Weak               Min:  0.3, Avg:  0.3, Max:  0.3, Diff:  0.0, Sum:  1.2, Workers: 4
[9.356s][debug][gc,phases      ] GC(6)     Dead                           Min: 2, Avg:  4.0, Max: 7, Diff: 5, Sum: 16, Workers: 4
[9.356s][debug][gc,phases      ] GC(6)     Total                          Min: 9472, Avg: 9922.2, Max: 10816, Diff: 1344, Sum: 39689, Workers: 4
[9.356s][debug][gc,phases      ] GC(6)   ResolvedMethodTable Weak       Min:  0.1, Avg:  0.1, Max:  0.1, Diff:  0.0, Sum:  0.3, Workers: 4
[9.356s][debug][gc,phases      ] GC(6)     Dead                           Min: 3, Avg: 51.0, Max: 151, Diff: 148, Sum: 204, Workers: 4
[9.356s][debug][gc,phases      ] GC(6)     Total                          Min: 1984, Avg: 2139.2, Max: 2304, Diff: 320, Sum: 8557, Workers: 4
[9.356s][debug][gc,phases      ] GC(6)   JNI Weak                       Min:  0.0, Avg:  0.0, Max:  0.0, Diff:  0.0, Sum:  0.0, Workers: 4
[9.356s][debug][gc,phases      ] GC(6)     Dead                           Min: 0, Avg:  0.0, Max: 0, Diff: 0, Sum: 0, Workers: 4
[9.356s][debug][gc,phases      ] GC(6)     Total                          Min: 0, Avg: 17.8, Max: 52, Diff: 52, Sum: 71, Workers: 4
[9.356s][debug][gc,phases      ] GC(6)   StringDedup Table Weak         Min:  0.0, Avg:  0.0, Max:  0.0, Diff:  0.0, Sum:  0.0, Workers: 4
[9.356s][debug][gc,phases      ] GC(6)     Dead                           Min: 0, Avg:  0.0, Max: 0, Diff: 0, Sum: 0, Workers: 4
[9.356s][debug][gc,phases      ] GC(6)     Total                          Min: 0, Avg:  0.0, Max: 0, Diff: 0, Sum: 0, Workers: 4
[9.356s][debug][gc,phases      ] GC(6)   StringDedup Requests0 Weak     Min:  0.0, Avg:  0.0, Max:  0.0, Diff:  0.0, Sum:  0.0, Workers: 4
[9.356s][debug][gc,phases      ] GC(6)     Dead                           Min: 0, Avg:  0.0, Max: 0, Diff: 0, Sum: 0, Workers: 4
[9.356s][debug][gc,phases      ] GC(6)     Total                          Min: 0, Avg:  0.0, Max: 0, Diff: 0, Sum: 0, Workers: 4
[9.356s][debug][gc,phases      ] GC(6)   StringDedup Requests1 Weak     Min:  0.0, Avg:  0.0, Max:  0.0, Diff:  0.0, Sum:  0.0, Workers: 4
[9.356s][debug][gc,phases      ] GC(6)     Dead                           Min: 0, Avg:  0.0, Max: 0, Diff: 0, Sum: 0, Workers: 4
[9.356s][debug][gc,phases      ] GC(6)     Total                          Min: 0, Avg:  0.0, Max: 0, Diff: 0, Sum: 0, Workers: 4
[9.356s][debug][gc,phases      ] GC(6)   Weak JFR Old Object Samples    Min:  0.0, Avg:  0.0, Max:  0.0, Diff:  0.0, Sum:  0.0, Workers: 4
[9.356s][debug][gc,phases      ] GC(6)     Dead                           Min: 0, Avg:  0.0, Max: 0, Diff: 0, Sum: 0, Workers: 4
[9.356s][debug][gc,phases      ] GC(6)     Total                          Min: 0, Avg:  0.0, Max: 0, Diff: 0, Sum: 0, Workers: 4
[9.356s][debug][gc,phases      ] GC(6) Weak Processing 0.523ms
[9.356s][debug][gc,age         ] GC(6) Desired survivor size 536870912 bytes, new threshold 7 (max threshold 15)
[9.356s][info ][gc,heap        ] GC(6) PSYoungGen: 1162836K(1572864K)->347893K(1572864K) Eden: 1048576K(1048576K)->0K(1048576K) From: 114260K(524288K)->347893K(524288K)
[9.356s][info ][gc,heap        ] GC(6) ParOldGen: 5994K(6144K)->6027K(6144K)
[9.356s][info ][gc,metaspace   ] GC(6) Metaspace: 71493K(72256K)->71493K(72256K) NonClass: 60623K(61056K)->60623K(61056K) Class: 10870K(11200K)->10870K(11200K)
[9.356s][info ][gc             ] GC(6) Pause Young (Allocation Failure) 1141M->345M(1542M) 192.547ms
[9.356s][info ][gc,cpu         ] GC(6) User=0.61s Sys=0.09s Real=0.19s
[9.356s][info ][safepoint      ] Safepoint "ParallelGCFailedAllocation", Time since last: 157357238 ns, Reaching safepoint: 76500 ns, Cleanup: 25000 ns, At safepoint: 192614557 ns, Total: 192716057 ns
[9.699s][info ][safepoint      ] Safepoint "ICBufferFull", Time since last: 342601911 ns, Reaching safepoint: 73100 ns, Cleanup: 118600 ns, At safepoint: 5700 ns, Total: 197400 ns
[9.806s][info ][safepoint      ] Safepoint "ICBufferFull", Time since last: 107135553 ns, Reaching safepoint: 85700 ns, Cleanup: 159000 ns, At safepoint: 15800 ns, Total: 260500 ns
[10.284s][info ][safepoint      ] Safepoint "ICBufferFull", Time since last: 477532801 ns, Reaching safepoint: 3300 ns, Cleanup: 113000 ns, At safepoint: 4600 ns, Total: 120900 ns
[11.013s][info ][safepoint      ] Safepoint "ICBufferFull", Time since last: 728381124 ns, Reaching safepoint: 81899 ns, Cleanup: 117700 ns, At safepoint: 12300 ns, Total: 211899 ns
[11.285s][info ][safepoint      ] Safepoint "ICBufferFull", Time since last: 272296073 ns, Reaching safepoint: 73600 ns, Cleanup: 130900 ns, At safepoint: 8600 ns, Total: 213100 ns
[11.665s][info ][gc,start       ] GC(7) Pause Young (Allocation Failure)
[11.779s][debug][gc,phases      ] GC(7) Scavenge 114.115ms
[11.779s][debug][gc,ref         ] GC(7) Skipped phase 1 of Reference Processing: no references
[11.780s][debug][gc,ref         ] GC(7) ReferenceProcessor::execute queues: 4, RefProcThreadModel::Multi, marks_oops_alive: false
[11.780s][debug][gc,ref         ] GC(7) ReferenceProcessor::execute queues: 4, RefProcThreadModel::Multi, marks_oops_alive: true
[11.780s][debug][gc,ref         ] GC(7) ReferenceProcessor::execute queues: 1, RefProcThreadModel::Single, marks_oops_alive: false
[11.780s][debug][gc,phases      ] GC(7) Reference Processing 0.833ms
[11.781s][debug][gc,phases      ] GC(7)   VM Weak                        Min:  0.0, Avg:  0.0, Max:  0.0, Diff:  0.0, Sum:  0.0, Workers: 4
[11.781s][debug][gc,phases      ] GC(7)     Dead                           Min: 0, Avg:  0.0, Max: 0, Diff: 0, Sum: 0, Workers: 4
[11.781s][debug][gc,phases      ] GC(7)     Total                          Min: 0, Avg: 159.5, Max: 384, Diff: 384, Sum: 638, Workers: 4
[11.781s][debug][gc,phases      ] GC(7)   ObjectSynchronizer Weak        Min:  0.0, Avg:  0.0, Max:  0.0, Diff:  0.0, Sum:  0.0, Workers: 4
[11.781s][debug][gc,phases      ] GC(7)     Dead                           Min: 0, Avg:  0.0, Max: 0, Diff: 0, Sum: 0, Workers: 4
[11.781s][debug][gc,phases      ] GC(7)     Total                          Min: 0, Avg:  5.0, Max: 20, Diff: 20, Sum: 20, Workers: 4
[11.781s][debug][gc,phases      ] GC(7)   JVMTI Tag Weak OopStorage      Min:  0.0, Avg:  0.0, Max:  0.0, Diff:  0.0, Sum:  0.0, Workers: 4
[11.781s][debug][gc,phases      ] GC(7)     Dead                           Min: 0, Avg:  0.0, Max: 0, Diff: 0, Sum: 0, Workers: 4
[11.781s][debug][gc,phases      ] GC(7)     Total                          Min: 0, Avg:  0.0, Max: 0, Diff: 0, Sum: 0, Workers: 4
[11.781s][debug][gc,phases      ] GC(7)   StringTable Weak               Min:  0.3, Avg:  0.3, Max:  0.3, Diff:  0.0, Sum:  1.1, Workers: 4
[11.781s][debug][gc,phases      ] GC(7)     Dead                           Min: 0, Avg:  1.5, Max: 5, Diff: 5, Sum: 6, Workers: 4
[11.781s][debug][gc,phases      ] GC(7)     Total                          Min: 9664, Avg: 10079.5, Max: 10750, Diff: 1086, Sum: 40318, Workers: 4
[11.781s][debug][gc,phases      ] GC(7)   ResolvedMethodTable Weak       Min:  0.1, Avg:  0.1, Max:  0.1, Diff:  0.0, Sum:  0.3, Workers: 4
[11.781s][debug][gc,phases      ] GC(7)     Dead                           Min: 3, Avg: 11.8, Max: 20, Diff: 17, Sum: 47, Workers: 4
[11.781s][debug][gc,phases      ] GC(7)     Total                          Min: 1984, Avg: 2179.5, Max: 2304, Diff: 320, Sum: 8718, Workers: 4
[11.781s][debug][gc,phases      ] GC(7)   JNI Weak                       Min:  0.0, Avg:  0.0, Max:  0.0, Diff:  0.0, Sum:  0.0, Workers: 4
[11.781s][debug][gc,phases      ] GC(7)     Dead                           Min: 0, Avg:  0.0, Max: 0, Diff: 0, Sum: 0, Workers: 4
[11.781s][debug][gc,phases      ] GC(7)     Total                          Min: 0, Avg: 13.0, Max: 52, Diff: 52, Sum: 52, Workers: 4
[11.781s][debug][gc,phases      ] GC(7)   StringDedup Table Weak         Min:  0.0, Avg:  0.0, Max:  0.0, Diff:  0.0, Sum:  0.0, Workers: 4
[11.781s][debug][gc,phases      ] GC(7)     Dead                           Min: 0, Avg:  0.0, Max: 0, Diff: 0, Sum: 0, Workers: 4
[11.781s][debug][gc,phases      ] GC(7)     Total                          Min: 0, Avg:  0.0, Max: 0, Diff: 0, Sum: 0, Workers: 4
[11.781s][debug][gc,phases      ] GC(7)   StringDedup Requests0 Weak     Min:  0.0, Avg:  0.0, Max:  0.0, Diff:  0.0, Sum:  0.0, Workers: 4
[11.781s][debug][gc,phases      ] GC(7)     Dead                           Min: 0, Avg:  0.0, Max: 0, Diff: 0, Sum: 0, Workers: 4
[11.781s][debug][gc,phases      ] GC(7)     Total                          Min: 0, Avg:  0.0, Max: 0, Diff: 0, Sum: 0, Workers: 4
[11.781s][debug][gc,phases      ] GC(7)   StringDedup Requests1 Weak     Min:  0.0, Avg:  0.0, Max:  0.0, Diff:  0.0, Sum:  0.0, Workers: 4
[11.781s][debug][gc,phases      ] GC(7)     Dead                           Min: 0, Avg:  0.0, Max: 0, Diff: 0, Sum: 0, Workers: 4
[11.781s][debug][gc,phases      ] GC(7)     Total                          Min: 0, Avg:  0.0, Max: 0, Diff: 0, Sum: 0, Workers: 4
[11.781s][debug][gc,phases      ] GC(7)   Weak JFR Old Object Samples    Min:  0.0, Avg:  0.0, Max:  0.0, Diff:  0.0, Sum:  0.0, Workers: 4
[11.781s][debug][gc,phases      ] GC(7)     Dead                           Min: 0, Avg:  0.0, Max: 0, Diff: 0, Sum: 0, Workers: 4
[11.781s][debug][gc,phases      ] GC(7)     Total                          Min: 0, Avg:  0.0, Max: 0, Diff: 0, Sum: 0, Workers: 4
[11.781s][debug][gc,phases      ] GC(7) Weak Processing 0.531ms
[11.781s][debug][gc,age         ] GC(7) Desired survivor size 385875968 bytes, new threshold 6 (max threshold 15)
[11.781s][info ][gc,heap        ] GC(7) PSYoungGen: 1396469K(1572864K)->250135K(1572864K) Eden: 1048576K(1048576K)->0K(1048576K) From: 347893K(524288K)->250135K(524288K)
[11.781s][info ][gc,heap        ] GC(7) ParOldGen: 6027K(6144K)->6043K(6144K)
[11.781s][info ][gc,metaspace   ] GC(7) Metaspace: 73398K(74176K)->73398K(74176K) NonClass: 62287K(62720K)->62287K(62720K) Class: 11110K(11456K)->11110K(11456K)
[11.781s][info ][gc             ] GC(7) Pause Young (Allocation Failure) 1369M->250M(1542M) 115.622ms
[11.781s][info ][gc,cpu         ] GC(7) User=0.39s Sys=0.03s Real=0.12s
[11.781s][info ][safepoint      ] Safepoint "ParallelGCFailedAllocation", Time since last: 379761726 ns, Reaching safepoint: 126700 ns, Cleanup: 111099 ns, At safepoint: 115700734 ns, Total: 115938533 ns
[11.871s][info ][safepoint      ] Safepoint "ICBufferFull", Time since last: 89779794 ns, Reaching safepoint: 3800 ns, Cleanup: 107499 ns, At safepoint: 2300 ns, Total: 113599 ns
[11.958s][info ][safepoint      ] Safepoint "ICBufferFull", Time since last: 86897200 ns, Reaching safepoint: 3800 ns, Cleanup: 143200 ns, At safepoint: 5700 ns, Total: 152700 ns
[12.088s][info ][safepoint      ] Safepoint "ICBufferFull", Time since last: 129996401 ns, Reaching safepoint: 4200 ns, Cleanup: 145700 ns, At safepoint: 2400 ns, Total: 152300 ns
[12.329s][info ][safepoint      ] Safepoint "ICBufferFull", Time since last: 241242244 ns, Reaching safepoint: 4200 ns, Cleanup: 145000 ns, At safepoint: 5200 ns, Total: 154400 ns
[12.991s][info ][safepoint      ] Safepoint "ICBufferFull", Time since last: 661120579 ns, Reaching safepoint: 5200 ns, Cleanup: 157399 ns, At safepoint: 5100 ns, Total: 167699 ns
[13.991s][info ][safepoint      ] Safepoint "Cleanup", Time since last: 1000108298 ns, Reaching safepoint: 5000 ns, Cleanup: 153000 ns, At safepoint: 3200 ns, Total: 161200 ns
[14.991s][info ][safepoint      ] Safepoint "Cleanup", Time since last: 1000117655 ns, Reaching safepoint: 3900 ns, Cleanup: 131699 ns, At safepoint: 2800 ns, Total: 138399 ns
[15.144s][info ][safepoint      ] Safepoint "ICBufferFull", Time since last: 149545324 ns, Reaching safepoint: 3142895 ns, Cleanup: 164099 ns, At safepoint: 16000 ns, Total: 3322994 ns
[15.352s][info ][safepoint      ] Safepoint "ICBufferFull", Time since last: 207616817 ns, Reaching safepoint: 84400 ns, Cleanup: 179300 ns, At safepoint: 8000 ns, Total: 271700 ns
[15.490s][info ][safepoint      ] Safepoint "ICBufferFull", Time since last: 137485046 ns, Reaching safepoint: 4000 ns, Cleanup: 128800 ns, At safepoint: 7000 ns, Total: 139800 ns
[15.564s][info ][safepoint      ] Safepoint "ICBufferFull", Time since last: 73848363 ns, Reaching safepoint: 73300 ns, Cleanup: 137500 ns, At safepoint: 7800 ns, Total: 218600 ns
[15.736s][info ][safepoint      ] Safepoint "ICBufferFull", Time since last: 172573781 ns, Reaching safepoint: 78800 ns, Cleanup: 132900 ns, At safepoint: 8800 ns, Total: 220500 ns
[15.883s][info ][safepoint      ] Safepoint "ICBufferFull", Time since last: 146171630 ns, Reaching safepoint: 147900 ns, Cleanup: 135200 ns, At safepoint: 9400 ns, Total: 292500 ns
[16.121s][info ][safepoint      ] Safepoint "ICBufferFull", Time since last: 237671861 ns, Reaching safepoint: 4100 ns, Cleanup: 127800 ns, At safepoint: 5100 ns, Total: 137000 ns
[16.628s][info ][safepoint      ] Safepoint "ICBufferFull", Time since last: 507055764 ns, Reaching safepoint: 4800 ns, Cleanup: 174100 ns, At safepoint: 6800 ns, Total: 185700 ns
[16.951s][info ][safepoint      ] Safepoint "ICBufferFull", Time since last: 322697205 ns, Reaching safepoint: 77499 ns, Cleanup: 125700 ns, At safepoint: 10000 ns, Total: 213199 ns
[17.244s][info ][safepoint      ] Safepoint "ICBufferFull", Time since last: 292973960 ns, Reaching safepoint: 78099 ns, Cleanup: 133000 ns, At safepoint: 6900 ns, Total: 217999 ns
[18.244s][info ][safepoint      ] Safepoint "Cleanup", Time since last: 1000087955 ns, Reaching safepoint: 5200 ns, Cleanup: 115499 ns, At safepoint: 2800 ns, Total: 123499 ns
[18.586s][info ][gc,start       ] GC(8) Pause Young (Allocation Failure)
[18.677s][debug][gc,phases      ] GC(8) Scavenge 91.858ms
[18.677s][debug][gc,ref         ] GC(8) Skipped phase 1 of Reference Processing: no references
[18.678s][debug][gc,ref         ] GC(8) ReferenceProcessor::execute queues: 4, RefProcThreadModel::Multi, marks_oops_alive: false
[18.678s][debug][gc,ref         ] GC(8) Skipped phase 3 of Reference Processing: no references
[18.678s][debug][gc,ref         ] GC(8) ReferenceProcessor::execute queues: 1, RefProcThreadModel::Single, marks_oops_alive: false
[18.678s][debug][gc,phases      ] GC(8) Reference Processing 0.617ms
[18.678s][debug][gc,phases      ] GC(8)   VM Weak                        Min:  0.0, Avg:  0.0, Max:  0.0, Diff:  0.0, Sum:  0.0, Workers: 4
[18.679s][debug][gc,phases      ] GC(8)     Dead                           Min: 0, Avg:  0.0, Max: 0, Diff: 0, Sum: 0, Workers: 4
[18.679s][debug][gc,phases      ] GC(8)     Total                          Min: 64, Avg: 176.0, Max: 320, Diff: 256, Sum: 704, Workers: 4
[18.679s][debug][gc,phases      ] GC(8)   ObjectSynchronizer Weak        Min:  0.0, Avg:  0.0, Max:  0.0, Diff:  0.0, Sum:  0.0, Workers: 4
[18.679s][debug][gc,phases      ] GC(8)     Dead                           Min: 0, Avg:  0.2, Max: 1, Diff: 1, Sum: 1, Workers: 4
[18.679s][debug][gc,phases      ] GC(8)     Total                          Min: 0, Avg:  5.8, Max: 23, Diff: 23, Sum: 23, Workers: 4
[18.679s][debug][gc,phases      ] GC(8)   JVMTI Tag Weak OopStorage      Min:  0.0, Avg:  0.0, Max:  0.0, Diff:  0.0, Sum:  0.0, Workers: 4
[18.679s][debug][gc,phases      ] GC(8)     Dead                           Min: 0, Avg:  0.0, Max: 0, Diff: 0, Sum: 0, Workers: 4
[18.679s][debug][gc,phases      ] GC(8)     Total                          Min: 0, Avg:  0.0, Max: 0, Diff: 0, Sum: 0, Workers: 4
[18.679s][debug][gc,phases      ] GC(8)   StringTable Weak               Min:  0.3, Avg:  0.3, Max:  0.3, Diff:  0.0, Sum:  1.2, Workers: 4
[18.679s][debug][gc,phases      ] GC(8)     Dead                           Min: 1, Avg:  3.2, Max: 7, Diff: 6, Sum: 13, Workers: 4
[18.679s][debug][gc,phases      ] GC(8)     Total                          Min: 10112, Avg: 10589.2, Max: 11317, Diff: 1205, Sum: 42357, Workers: 4
[18.679s][debug][gc,phases      ] GC(8)   ResolvedMethodTable Weak       Min:  0.1, Avg:  0.1, Max:  0.1, Diff:  0.0, Sum:  0.3, Workers: 4
[18.679s][debug][gc,phases      ] GC(8)     Dead                           Min: 15, Avg: 46.8, Max: 104, Diff: 89, Sum: 187, Workers: 4
[18.679s][debug][gc,phases      ] GC(8)     Total                          Min: 2304, Avg: 2467.8, Max: 2642, Diff: 338, Sum: 9871, Workers: 4
[18.679s][debug][gc,phases      ] GC(8)   JNI Weak                       Min:  0.0, Avg:  0.0, Max:  0.0, Diff:  0.0, Sum:  0.0, Workers: 4
[18.679s][debug][gc,phases      ] GC(8)     Dead                           Min: 0, Avg:  0.0, Max: 0, Diff: 0, Sum: 0, Workers: 4
[18.679s][debug][gc,phases      ] GC(8)     Total                          Min: 0, Avg: 13.0, Max: 47, Diff: 47, Sum: 52, Workers: 4
[18.679s][debug][gc,phases      ] GC(8)   StringDedup Table Weak         Min:  0.0, Avg:  0.0, Max:  0.0, Diff:  0.0, Sum:  0.0, Workers: 4
[18.679s][debug][gc,phases      ] GC(8)     Dead                           Min: 0, Avg:  0.0, Max: 0, Diff: 0, Sum: 0, Workers: 4
[18.679s][debug][gc,phases      ] GC(8)     Total                          Min: 0, Avg:  0.0, Max: 0, Diff: 0, Sum: 0, Workers: 4
[18.679s][debug][gc,phases      ] GC(8)   StringDedup Requests0 Weak     Min:  0.0, Avg:  0.0, Max:  0.0, Diff:  0.0, Sum:  0.0, Workers: 4
[18.679s][debug][gc,phases      ] GC(8)     Dead                           Min: 0, Avg:  0.0, Max: 0, Diff: 0, Sum: 0, Workers: 4
[18.679s][debug][gc,phases      ] GC(8)     Total                          Min: 0, Avg:  0.0, Max: 0, Diff: 0, Sum: 0, Workers: 4
[18.679s][debug][gc,phases      ] GC(8)   StringDedup Requests1 Weak     Min:  0.0, Avg:  0.0, Max:  0.0, Diff:  0.0, Sum:  0.0, Workers: 4
[18.679s][debug][gc,phases      ] GC(8)     Dead                           Min: 0, Avg:  0.0, Max: 0, Diff: 0, Sum: 0, Workers: 4
[18.679s][debug][gc,phases      ] GC(8)     Total                          Min: 0, Avg:  0.0, Max: 0, Diff: 0, Sum: 0, Workers: 4
[18.679s][debug][gc,phases      ] GC(8)   Weak JFR Old Object Samples    Min:  0.0, Avg:  0.0, Max:  0.0, Diff:  0.0, Sum:  0.0, Workers: 4
[18.679s][debug][gc,phases      ] GC(8)     Dead                           Min: 0, Avg:  0.0, Max: 0, Diff: 0, Sum: 0, Workers: 4
[18.679s][debug][gc,phases      ] GC(8)     Total                          Min: 0, Avg:  0.0, Max: 0, Diff: 0, Sum: 0, Workers: 4
[18.679s][debug][gc,phases      ] GC(8) Weak Processing 0.548ms
[18.679s][debug][gc,age         ] GC(8) Desired survivor size 395837440 bytes, new threshold 5 (max threshold 15)
[18.679s][info ][gc,heap        ] GC(8) PSYoungGen: 1298711K(1572864K)->244406K(1700864K) Eden: 1048576K(1048576K)->0K(1324032K) From: 250135K(524288K)->244406K(376832K)
[18.679s][info ][gc,heap        ] GC(8) ParOldGen: 6043K(6144K)->6075K(6144K)
[18.679s][info ][gc,metaspace   ] GC(8) Metaspace: 80875K(81728K)->80875K(81728K) NonClass: 68757K(69184K)->68757K(69184K) Class: 12117K(12544K)->12117K(12544K)
[18.679s][info ][gc             ] GC(8) Pause Young (Allocation Failure) 1274M->244M(1667M) 93.154ms
[18.679s][info ][gc,cpu         ] GC(8) User=0.30s Sys=0.03s Real=0.09s
[18.679s][debug][gc,phases      ] GC(9) Pre Compact 0.009ms
[18.679s][info ][gc,start       ] GC(9) Pause Full (Ergonomics)
[18.679s][info ][gc,phases,start] GC(9) Marking Phase
[18.764s][debug][gc,phases      ] GC(9) Par Mark 85.592ms
[18.764s][debug][gc,ref         ] GC(9) Skipped phase 1 of Reference Processing: no references
[18.765s][debug][gc,ref         ] GC(9) ReferenceProcessor::execute queues: 4, RefProcThreadModel::Multi, marks_oops_alive: false
[18.765s][debug][gc,ref         ] GC(9) Skipped phase 3 of Reference Processing: no references
[18.765s][debug][gc,ref         ] GC(9) ReferenceProcessor::execute queues: 1, RefProcThreadModel::Single, marks_oops_alive: false
[18.765s][debug][gc,phases      ] GC(9) Reference Processing 0.593ms
[18.765s][debug][gc,phases      ] GC(9)   VM Weak                        Min:  0.0, Avg:  0.0, Max:  0.0, Diff:  0.0, Sum:  0.0, Workers: 4
[18.765s][debug][gc,phases      ] GC(9)     Dead                           Min: 0, Avg:  0.0, Max: 0, Diff: 0, Sum: 0, Workers: 4
[18.765s][debug][gc,phases      ] GC(9)     Total                          Min: 0, Avg: 176.0, Max: 256, Diff: 256, Sum: 704, Workers: 4
[18.765s][debug][gc,phases      ] GC(9)   ObjectSynchronizer Weak        Min:  0.0, Avg:  0.0, Max:  0.0, Diff:  0.0, Sum:  0.0, Workers: 4
[18.765s][debug][gc,phases      ] GC(9)     Dead                           Min: 0, Avg:  0.0, Max: 0, Diff: 0, Sum: 0, Workers: 4
[18.765s][debug][gc,phases      ] GC(9)     Total                          Min: 0, Avg:  5.8, Max: 23, Diff: 23, Sum: 23, Workers: 4
[18.765s][debug][gc,phases      ] GC(9)   JVMTI Tag Weak OopStorage      Min:  0.0, Avg:  0.0, Max:  0.0, Diff:  0.0, Sum:  0.0, Workers: 4
[18.765s][debug][gc,phases      ] GC(9)     Dead                           Min: 0, Avg:  0.0, Max: 0, Diff: 0, Sum: 0, Workers: 4
[18.765s][debug][gc,phases      ] GC(9)     Total                          Min: 0, Avg:  0.0, Max: 0, Diff: 0, Sum: 0, Workers: 4
[18.765s][debug][gc,phases      ] GC(9)   StringTable Weak               Min:  0.2, Avg:  0.2, Max:  0.2, Diff:  0.0, Sum:  0.6, Workers: 4
[18.765s][debug][gc,phases      ] GC(9)     Dead                           Min: 0, Avg:  0.0, Max: 0, Diff: 0, Sum: 0, Workers: 4
[18.765s][debug][gc,phases      ] GC(9)     Total                          Min: 9397, Avg: 10589.2, Max: 11264, Diff: 1867, Sum: 42357, Workers: 4
[18.765s][debug][gc,phases      ] GC(9)   ResolvedMethodTable Weak       Min:  0.0, Avg:  0.0, Max:  0.0, Diff:  0.0, Sum:  0.1, Workers: 4
[18.765s][debug][gc,phases      ] GC(9)     Dead                           Min: 0, Avg:  0.2, Max: 1, Diff: 1, Sum: 1, Workers: 4
[18.765s][debug][gc,phases      ] GC(9)     Total                          Min: 2176, Avg: 2467.8, Max: 2688, Diff: 512, Sum: 9871, Workers: 4
[18.765s][debug][gc,phases      ] GC(9)   JNI Weak                       Min:  0.0, Avg:  0.0, Max:  0.0, Diff:  0.0, Sum:  0.0, Workers: 4
[18.765s][debug][gc,phases      ] GC(9)     Dead                           Min: 0, Avg:  0.0, Max: 0, Diff: 0, Sum: 0, Workers: 4
[18.765s][debug][gc,phases      ] GC(9)     Total                          Min: 0, Avg: 13.0, Max: 47, Diff: 47, Sum: 52, Workers: 4
[18.765s][debug][gc,phases      ] GC(9)   StringDedup Table Weak         Min:  0.0, Avg:  0.0, Max:  0.0, Diff:  0.0, Sum:  0.0, Workers: 4
[18.765s][debug][gc,phases      ] GC(9)     Dead                           Min: 0, Avg:  0.0, Max: 0, Diff: 0, Sum: 0, Workers: 4
[18.765s][debug][gc,phases      ] GC(9)     Total                          Min: 0, Avg:  0.0, Max: 0, Diff: 0, Sum: 0, Workers: 4
[18.765s][debug][gc,phases      ] GC(9)   StringDedup Requests0 Weak     Min:  0.0, Avg:  0.0, Max:  0.0, Diff:  0.0, Sum:  0.0, Workers: 4
[18.765s][debug][gc,phases      ] GC(9)     Dead                           Min: 0, Avg:  0.0, Max: 0, Diff: 0, Sum: 0, Workers: 4
[18.765s][debug][gc,phases      ] GC(9)     Total                          Min: 0, Avg:  0.0, Max: 0, Diff: 0, Sum: 0, Workers: 4
[18.765s][debug][gc,phases      ] GC(9)   StringDedup Requests1 Weak     Min:  0.0, Avg:  0.0, Max:  0.0, Diff:  0.0, Sum:  0.0, Workers: 4
[18.765s][debug][gc,phases      ] GC(9)     Dead                           Min: 0, Avg:  0.0, Max: 0, Diff: 0, Sum: 0, Workers: 4
[18.765s][debug][gc,phases      ] GC(9)     Total                          Min: 0, Avg:  0.0, Max: 0, Diff: 0, Sum: 0, Workers: 4
[18.765s][debug][gc,phases      ] GC(9)   Weak JFR Old Object Samples    Min:  0.0, Avg:  0.0, Max:  0.0, Diff:  0.0, Sum:  0.0, Workers: 4
[18.765s][debug][gc,phases      ] GC(9)     Dead                           Min: 0, Avg:  0.0, Max: 0, Diff: 0, Sum: 0, Workers: 4
[18.765s][debug][gc,phases      ] GC(9)     Total                          Min: 0, Avg:  0.0, Max: 0, Diff: 0, Sum: 0, Workers: 4
[18.765s][debug][gc,phases      ] GC(9) Weak Processing 0.360ms
[18.766s][debug][gc,phases      ] GC(9) ClassLoaderData 0.104ms
[18.766s][debug][gc,phases      ] GC(9) Trigger cleanups 0.000ms
[18.778s][debug][gc,phases      ] GC(9) Class Unloading 12.319ms
[18.778s][debug][gc,phases      ] GC(9) Report Object Count 0.001ms
[18.778s][info ][gc,phases      ] GC(9) Marking Phase 99.035ms
[18.778s][info ][gc,phases,start] GC(9) Summary Phase
[18.778s][info ][gc,phases      ] GC(9) Summary Phase 0.008ms
[18.778s][info ][gc,phases,start] GC(9) Adjust Roots
[18.796s][info ][gc,phases      ] GC(9) Adjust Roots 18.399ms
[18.796s][info ][gc,phases,start] GC(9) Compaction Phase
[19.690s][info ][gc,phases      ] GC(9) Compaction Phase 894.297ms
[19.691s][info ][gc,phases,start] GC(9) Post Compact
[19.694s][info ][gc,phases      ] GC(9) Post Compact 3.237ms
[19.694s][info ][gc,heap        ] GC(9) PSYoungGen: 244406K(1700864K)->243218K(1700864K) Eden: 0K(1324032K)->0K(1324032K) From: 244406K(376832K)->243218K(376832K)
[19.694s][info ][gc,heap        ] GC(9) ParOldGen: 6075K(6144K)->5965K(16896K)
[19.694s][info ][gc,metaspace   ] GC(9) Metaspace: 80875K(81728K)->80875K(81728K) NonClass: 68757K(69184K)->68757K(69184K) Class: 12117K(12544K)->12117K(12544K)
[19.694s][info ][gc             ] GC(9) Pause Full (Ergonomics) 244M->243M(1677M) 1015.138ms
[19.694s][info ][gc,cpu         ] GC(9) User=2.26s Sys=0.02s Real=1.02s
[19.694s][info ][safepoint      ] Safepoint "ParallelGCFailedAllocation", Time since last: 341231471 ns, Reaching safepoint: 3700 ns, Cleanup: 40200 ns, At safepoint: 1108411763 ns, Total: 1108455663 ns
[20.694s][info ][safepoint      ] Safepoint "Cleanup", Time since last: 1000088400 ns, Reaching safepoint: 5100 ns, Cleanup: 125400 ns, At safepoint: 2500 ns, Total: 133000 ns
[21.694s][info ][safepoint      ] Safepoint "Cleanup", Time since last: 1000103201 ns, Reaching safepoint: 5900 ns, Cleanup: 136699 ns, At safepoint: 5000 ns, Total: 147599 ns
[22.753s][info ][safepoint      ] Safepoint "Cleanup", Time since last: 1058387329 ns, Reaching safepoint: 4100 ns, Cleanup: 135199 ns, At safepoint: 4900 ns, Total: 144199 ns
[23.753s][info ][safepoint      ] Safepoint "Cleanup", Time since last: 1000107676 ns, Reaching safepoint: 4200 ns, Cleanup: 36200 ns, At safepoint: 2000 ns, Total: 42400 ns
[24.753s][info ][safepoint      ] Safepoint "Cleanup", Time since last: 1000103375 ns, Reaching safepoint: 4800 ns, Cleanup: 44000 ns, At safepoint: 5400 ns, Total: 54200 ns
[25.753s][info ][safepoint      ] Safepoint "Cleanup", Time since last: 1000119776 ns, Reaching safepoint: 5200 ns, Cleanup: 52000 ns, At safepoint: 5300 ns, Total: 62500 ns
[26.753s][info ][safepoint      ] Safepoint "Cleanup", Time since last: 1000064275 ns, Reaching safepoint: 4400 ns, Cleanup: 30400 ns, At safepoint: 1800 ns, Total: 36600 ns
[27.754s][info ][safepoint      ] Safepoint "Cleanup", Time since last: 1000093476 ns, Reaching safepoint: 4300 ns, Cleanup: 24000 ns, At safepoint: 2000 ns, Total: 30300 ns
[28.754s][info ][safepoint      ] Safepoint "Cleanup", Time since last: 1000113375 ns, Reaching safepoint: 5100 ns, Cleanup: 39400 ns, At safepoint: 6100 ns, Total: 50600 ns
[29.754s][info ][safepoint      ] Safepoint "Cleanup", Time since last: 1000120276 ns, Reaching safepoint: 4200 ns, Cleanup: 19800 ns, At safepoint: 1900 ns, Total: 25900 ns
[30.754s][info ][safepoint      ] Safepoint "Cleanup", Time since last: 1000108398 ns, Reaching safepoint: 5100 ns, Cleanup: 21900 ns, At safepoint: 2100 ns, Total: 29100 ns
[31.754s][info ][safepoint      ] Safepoint "Cleanup", Time since last: 1000098087 ns, Reaching safepoint: 4100 ns, Cleanup: 46600 ns, At safepoint: 2100 ns, Total: 52800 ns
[31.879s][info ][gc,start       ] GC(10) Pause Young (Allocation Failure)
[31.997s][debug][gc,phases      ] GC(10) Scavenge 118.498ms
[31.997s][debug][gc,ref         ] GC(10) Skipped phase 1 of Reference Processing: no references
[31.997s][debug][gc,ref         ] GC(10) ReferenceProcessor::execute queues: 4, RefProcThreadModel::Multi, marks_oops_alive: false
[31.998s][debug][gc,ref         ] GC(10) ReferenceProcessor::execute queues: 4, RefProcThreadModel::Multi, marks_oops_alive: true
[31.998s][debug][gc,ref         ] GC(10) ReferenceProcessor::execute queues: 1, RefProcThreadModel::Single, marks_oops_alive: false
[31.998s][debug][gc,phases      ] GC(10) Reference Processing 0.618ms
[31.998s][debug][gc,phases      ] GC(10)   VM Weak                        Min:  0.0, Avg:  0.0, Max:  0.0, Diff:  0.0, Sum:  0.0, Workers: 4
[31.998s][debug][gc,phases      ] GC(10)     Dead                           Min: 0, Avg:  0.0, Max: 0, Diff: 0, Sum: 0, Workers: 4
[31.998s][debug][gc,phases      ] GC(10)     Total                          Min: 64, Avg: 176.0, Max: 256, Diff: 192, Sum: 704, Workers: 4
[31.998s][debug][gc,phases      ] GC(10)   ObjectSynchronizer Weak        Min:  0.0, Avg:  0.0, Max:  0.0, Diff:  0.0, Sum:  0.0, Workers: 4
[31.998s][debug][gc,phases      ] GC(10)     Dead                           Min: 0, Avg:  0.0, Max: 0, Diff: 0, Sum: 0, Workers: 4
[31.998s][debug][gc,phases      ] GC(10)     Total                          Min: 0, Avg:  5.8, Max: 23, Diff: 23, Sum: 23, Workers: 4
[31.998s][debug][gc,phases      ] GC(10)   JVMTI Tag Weak OopStorage      Min:  0.0, Avg:  0.0, Max:  0.0, Diff:  0.0, Sum:  0.0, Workers: 4
[31.998s][debug][gc,phases      ] GC(10)     Dead                           Min: 0, Avg:  0.0, Max: 0, Diff: 0, Sum: 0, Workers: 4
[31.998s][debug][gc,phases      ] GC(10)     Total                          Min: 0, Avg:  0.0, Max: 0, Diff: 0, Sum: 0, Workers: 4
[31.998s][debug][gc,phases      ] GC(10)   StringTable Weak               Min:  0.3, Avg:  0.3, Max:  0.3, Diff:  0.0, Sum:  1.2, Workers: 4
[31.998s][debug][gc,phases      ] GC(10)     Dead                           Min: 0, Avg:  0.0, Max: 0, Diff: 0, Sum: 0, Workers: 4
[31.998s][debug][gc,phases      ] GC(10)     Total                          Min: 10240, Avg: 10673.2, Max: 11584, Diff: 1344, Sum: 42693, Workers: 4
[31.998s][debug][gc,phases      ] GC(10)   ResolvedMethodTable Weak       Min:  0.1, Avg:  0.1, Max:  0.1, Diff:  0.0, Sum:  0.3, Workers: 4
[31.998s][debug][gc,phases      ] GC(10)     Dead                           Min: 0, Avg:  0.0, Max: 0, Diff: 0, Sum: 0, Workers: 4
[31.998s][debug][gc,phases      ] GC(10)     Total                          Min: 1874, Avg: 2467.8, Max: 2752, Diff: 878, Sum: 9871, Workers: 4
[31.998s][debug][gc,phases      ] GC(10)   JNI Weak                       Min:  0.0, Avg:  0.0, Max:  0.0, Diff:  0.0, Sum:  0.0, Workers: 4
[31.998s][debug][gc,phases      ] GC(10)     Dead                           Min: 0, Avg:  0.0, Max: 0, Diff: 0, Sum: 0, Workers: 4
[31.998s][debug][gc,phases      ] GC(10)     Total                          Min: 0, Avg: 11.2, Max: 45, Diff: 45, Sum: 45, Workers: 4
[31.998s][debug][gc,phases      ] GC(10)   StringDedup Table Weak         Min:  0.0, Avg:  0.0, Max:  0.0, Diff:  0.0, Sum:  0.0, Workers: 4
[31.998s][debug][gc,phases      ] GC(10)     Dead                           Min: 0, Avg:  0.0, Max: 0, Diff: 0, Sum: 0, Workers: 4
[31.998s][debug][gc,phases      ] GC(10)     Total                          Min: 0, Avg:  0.0, Max: 0, Diff: 0, Sum: 0, Workers: 4
[31.998s][debug][gc,phases      ] GC(10)   StringDedup Requests0 Weak     Min:  0.0, Avg:  0.0, Max:  0.0, Diff:  0.0, Sum:  0.0, Workers: 4
[31.998s][debug][gc,phases      ] GC(10)     Dead                           Min: 0, Avg:  0.0, Max: 0, Diff: 0, Sum: 0, Workers: 4
[31.998s][debug][gc,phases      ] GC(10)     Total                          Min: 0, Avg:  0.0, Max: 0, Diff: 0, Sum: 0, Workers: 4
[31.998s][debug][gc,phases      ] GC(10)   StringDedup Requests1 Weak     Min:  0.0, Avg:  0.0, Max:  0.0, Diff:  0.0, Sum:  0.0, Workers: 4
[31.998s][debug][gc,phases      ] GC(10)     Dead                           Min: 0, Avg:  0.0, Max: 0, Diff: 0, Sum: 0, Workers: 4
[31.998s][debug][gc,phases      ] GC(10)     Total                          Min: 0, Avg:  0.0, Max: 0, Diff: 0, Sum: 0, Workers: 4
[31.998s][debug][gc,phases      ] GC(10)   Weak JFR Old Object Samples    Min:  0.0, Avg:  0.0, Max:  0.0, Diff:  0.0, Sum:  0.0, Workers: 4
[31.998s][debug][gc,phases      ] GC(10)     Dead                           Min: 0, Avg:  0.0, Max: 0, Diff: 0, Sum: 0, Workers: 4
[31.998s][debug][gc,phases      ] GC(10)     Total                          Min: 0, Avg:  0.0, Max: 0, Diff: 0, Sum: 0, Workers: 4
[31.998s][debug][gc,phases      ] GC(10) Weak Processing 0.558ms
[31.998s][debug][gc,age         ] GC(10) Desired survivor size 371195904 bytes, new threshold 6 (max threshold 15)
[31.998s][info ][gc,heap        ] GC(10) PSYoungGen: 1567250K(1700864K)->158187K(1710592K) Eden: 1324032K(1324032K)->0K(1324032K) From: 243218K(376832K)->158187K(386560K)
[31.998s][info ][gc,heap        ] GC(10) ParOldGen: 5965K(16896K)->92321K(92672K)
[31.998s][info ][gc,metaspace   ] GC(10) Metaspace: 81238K(82176K)->81238K(82176K) NonClass: 69119K(69632K)->69119K(69632K) Class: 12118K(12544K)->12118K(12544K)
[31.998s][info ][gc             ] GC(10) Pause Young (Allocation Failure) 1536M->244M(1761M) 119.788ms
[31.998s][info ][gc,cpu         ] GC(10) User=0.34s Sys=0.10s Real=0.12s
[31.998s][debug][gc,phases      ] GC(11) Pre Compact 0.008ms
[31.998s][info ][gc,start       ] GC(11) Pause Full (Ergonomics)
[31.998s][info ][gc,phases,start] GC(11) Marking Phase
[32.082s][debug][gc,phases      ] GC(11) Par Mark 83.966ms
[32.082s][debug][gc,ref         ] GC(11) Skipped phase 1 of Reference Processing: no references
[32.083s][debug][gc,ref         ] GC(11) ReferenceProcessor::execute queues: 4, RefProcThreadModel::Multi, marks_oops_alive: false
[32.083s][debug][gc,ref         ] GC(11) Skipped phase 3 of Reference Processing: no references
[32.083s][debug][gc,ref         ] GC(11) ReferenceProcessor::execute queues: 1, RefProcThreadModel::Single, marks_oops_alive: false
[32.083s][debug][gc,phases      ] GC(11) Reference Processing 0.451ms
[32.083s][debug][gc,phases      ] GC(11)   VM Weak                        Min:  0.0, Avg:  0.0, Max:  0.0, Diff:  0.0, Sum:  0.0, Workers: 4
[32.083s][debug][gc,phases      ] GC(11)     Dead                           Min: 0, Avg:  0.0, Max: 0, Diff: 0, Sum: 0, Workers: 4
[32.083s][debug][gc,phases      ] GC(11)     Total                          Min: 0, Avg: 176.0, Max: 320, Diff: 320, Sum: 704, Workers: 4
[32.083s][debug][gc,phases      ] GC(11)   ObjectSynchronizer Weak        Min:  0.0, Avg:  0.0, Max:  0.0, Diff:  0.0, Sum:  0.0, Workers: 4
[32.083s][debug][gc,phases      ] GC(11)     Dead                           Min: 0, Avg:  0.0, Max: 0, Diff: 0, Sum: 0, Workers: 4
[32.083s][debug][gc,phases      ] GC(11)     Total                          Min: 0, Avg:  5.8, Max: 23, Diff: 23, Sum: 23, Workers: 4
[32.083s][debug][gc,phases      ] GC(11)   JVMTI Tag Weak OopStorage      Min:  0.0, Avg:  0.0, Max:  0.0, Diff:  0.0, Sum:  0.0, Workers: 4
[32.083s][debug][gc,phases      ] GC(11)     Dead                           Min: 0, Avg:  0.0, Max: 0, Diff: 0, Sum: 0, Workers: 4
[32.083s][debug][gc,phases      ] GC(11)     Total                          Min: 0, Avg:  0.0, Max: 0, Diff: 0, Sum: 0, Workers: 4
[32.083s][debug][gc,phases      ] GC(11)   StringTable Weak               Min:  0.1, Avg:  0.1, Max:  0.1, Diff:  0.0, Sum:  0.6, Workers: 4
[32.083s][debug][gc,phases      ] GC(11)     Dead                           Min: 0, Avg:  0.0, Max: 0, Diff: 0, Sum: 0, Workers: 4
[32.083s][debug][gc,phases      ] GC(11)     Total                          Min: 9472, Avg: 10673.2, Max: 11397, Diff: 1925, Sum: 42693, Workers: 4
[32.083s][debug][gc,phases      ] GC(11)   ResolvedMethodTable Weak       Min:  0.0, Avg:  0.0, Max:  0.0, Diff:  0.0, Sum:  0.1, Workers: 4
[32.083s][debug][gc,phases      ] GC(11)     Dead                           Min: 0, Avg:  0.0, Max: 0, Diff: 0, Sum: 0, Workers: 4
[32.083s][debug][gc,phases      ] GC(11)     Total                          Min: 2368, Avg: 2467.8, Max: 2624, Diff: 256, Sum: 9871, Workers: 4
[32.083s][debug][gc,phases      ] GC(11)   JNI Weak                       Min:  0.0, Avg:  0.0, Max:  0.0, Diff:  0.0, Sum:  0.0, Workers: 4
[32.083s][debug][gc,phases      ] GC(11)     Dead                           Min: 0, Avg:  0.0, Max: 0, Diff: 0, Sum: 0, Workers: 4
[32.083s][debug][gc,phases      ] GC(11)     Total                          Min: 0, Avg: 11.2, Max: 45, Diff: 45, Sum: 45, Workers: 4
[32.083s][debug][gc,phases      ] GC(11)   StringDedup Table Weak         Min:  0.0, Avg:  0.0, Max:  0.0, Diff:  0.0, Sum:  0.0, Workers: 4
[32.083s][debug][gc,phases      ] GC(11)     Dead                           Min: 0, Avg:  0.0, Max: 0, Diff: 0, Sum: 0, Workers: 4
[32.083s][debug][gc,phases      ] GC(11)     Total                          Min: 0, Avg:  0.0, Max: 0, Diff: 0, Sum: 0, Workers: 4
[32.083s][debug][gc,phases      ] GC(11)   StringDedup Requests0 Weak     Min:  0.0, Avg:  0.0, Max:  0.0, Diff:  0.0, Sum:  0.0, Workers: 4
[32.083s][debug][gc,phases      ] GC(11)     Dead                           Min: 0, Avg:  0.0, Max: 0, Diff: 0, Sum: 0, Workers: 4
[32.083s][debug][gc,phases      ] GC(11)     Total                          Min: 0, Avg:  0.0, Max: 0, Diff: 0, Sum: 0, Workers: 4
[32.083s][debug][gc,phases      ] GC(11)   StringDedup Requests1 Weak     Min:  0.0, Avg:  0.0, Max:  0.0, Diff:  0.0, Sum:  0.0, Workers: 4
[32.083s][debug][gc,phases      ] GC(11)     Dead                           Min: 0, Avg:  0.0, Max: 0, Diff: 0, Sum: 0, Workers: 4
[32.083s][debug][gc,phases      ] GC(11)     Total                          Min: 0, Avg:  0.0, Max: 0, Diff: 0, Sum: 0, Workers: 4
[32.083s][debug][gc,phases      ] GC(11)   Weak JFR Old Object Samples    Min:  0.0, Avg:  0.0, Max:  0.0, Diff:  0.0, Sum:  0.0, Workers: 4
[32.083s][debug][gc,phases      ] GC(11)     Dead                           Min: 0, Avg:  0.0, Max: 0, Diff: 0, Sum: 0, Workers: 4
[32.083s][debug][gc,phases      ] GC(11)     Total                          Min: 0, Avg:  0.0, Max: 0, Diff: 0, Sum: 0, Workers: 4
[32.083s][debug][gc,phases      ] GC(11) Weak Processing 0.335ms
[32.083s][debug][gc,phases      ] GC(11) ClassLoaderData 0.084ms
[32.083s][debug][gc,phases      ] GC(11) Trigger cleanups 0.000ms
[32.098s][debug][gc,phases      ] GC(11) Class Unloading 14.377ms
[32.098s][debug][gc,phases      ] GC(11) Report Object Count 0.001ms
[32.098s][info ][gc,phases      ] GC(11) Marking Phase 99.287ms
[32.098s][info ][gc,phases,start] GC(11) Summary Phase
[32.098s][info ][gc,phases      ] GC(11) Summary Phase 0.007ms
[32.098s][info ][gc,phases,start] GC(11) Adjust Roots
[32.113s][info ][gc,phases      ] GC(11) Adjust Roots 15.482ms
[32.113s][info ][gc,phases,start] GC(11) Compaction Phase
[32.625s][info ][gc,phases      ] GC(11) Compaction Phase 511.363ms
[32.625s][info ][gc,phases,start] GC(11) Post Compact
[32.627s][info ][gc,phases      ] GC(11) Post Compact 1.998ms
[32.627s][info ][gc,heap        ] GC(11) PSYoungGen: 158187K(1710592K)->156696K(1710592K) Eden: 0K(1324032K)->0K(1324032K) From: 158187K(386560K)->156696K(386560K)
[32.627s][info ][gc,heap        ] GC(11) ParOldGen: 92321K(92672K)->92430K(155136K)
[32.627s][info ][gc,metaspace   ] GC(11) Metaspace: 81238K(82176K)->81238K(82176K) NonClass: 69119K(69632K)->69119K(69632K) Class: 12118K(12544K)->12118K(12544K)
[32.627s][info ][gc             ] GC(11) Pause Full (Ergonomics) 244M->243M(1822M) 628.361ms
[32.627s][info ][gc,cpu         ] GC(11) User=1.76s Sys=0.02s Real=0.63s
[32.627s][info ][safepoint      ] Safepoint "ParallelGCFailedAllocation", Time since last: 124316510 ns, Reaching safepoint: 4200 ns, Cleanup: 3500 ns, At safepoint: 748264455 ns, Total: 748272155 ns
[33.627s][info ][safepoint      ] Safepoint "Cleanup", Time since last: 1000101967 ns, Reaching safepoint: 4600 ns, Cleanup: 48800 ns, At safepoint: 5700 ns, Total: 59100 ns
[34.627s][info ][safepoint      ] Safepoint "Cleanup", Time since last: 1000102767 ns, Reaching safepoint: 5200 ns, Cleanup: 26200 ns, At safepoint: 5600 ns, Total: 37000 ns
[35.627s][info ][safepoint      ] Safepoint "Cleanup", Time since last: 1000100467 ns, Reaching safepoint: 4100 ns, Cleanup: 15100 ns, At safepoint: 2300 ns, Total: 21500 ns
[36.627s][info ][safepoint      ] Safepoint "Cleanup", Time since last: 1000111367 ns, Reaching safepoint: 5100 ns, Cleanup: 16900 ns, At safepoint: 2000 ns, Total: 24000 ns
[37.627s][info ][safepoint      ] Safepoint "Cleanup", Time since last: 1000106867 ns, Reaching safepoint: 5300 ns, Cleanup: 18800 ns, At safepoint: 2200 ns, Total: 26300 ns
[38.628s][info ][safepoint      ] Safepoint "Cleanup", Time since last: 1000099620 ns, Reaching safepoint: 5400 ns, Cleanup: 14900 ns, At safepoint: 1700 ns, Total: 22000 ns
[40.137s][info ][safepoint      ] Safepoint "Cleanup", Time since last: 1509231039 ns, Reaching safepoint: 74600 ns, Cleanup: 65599 ns, At safepoint: 7400 ns, Total: 147599 ns
[41.137s][info ][safepoint      ] Safepoint "Cleanup", Time since last: 1000095872 ns, Reaching safepoint: 5400 ns, Cleanup: 47300 ns, At safepoint: 2500 ns, Total: 55200 ns
[42.137s][info ][safepoint      ] Safepoint "Cleanup", Time since last: 1000106171 ns, Reaching safepoint: 4200 ns, Cleanup: 8300 ns, At safepoint: 2300 ns, Total: 14800 ns
[43.690s][info ][safepoint      ] Safepoint "Cleanup", Time since last: 1552288951 ns, Reaching safepoint: 4300 ns, Cleanup: 21300 ns, At safepoint: 4500 ns, Total: 30100 ns
[44.690s][info ][safepoint      ] Safepoint "Cleanup", Time since last: 1000106971 ns, Reaching safepoint: 4300 ns, Cleanup: 16200 ns, At safepoint: 12700 ns, Total: 33200 ns
[45.181s][info ][gc,start       ] GC(12) Pause Young (Allocation Failure)
[45.240s][debug][gc,phases      ] GC(12) Scavenge 59.025ms
[45.240s][debug][gc,ref         ] GC(12) Skipped phase 1 of Reference Processing: no references
[45.240s][debug][gc,ref         ] GC(12) ReferenceProcessor::execute queues: 4, RefProcThreadModel::Multi, marks_oops_alive: false
[45.240s][debug][gc,ref         ] GC(12) Skipped phase 3 of Reference Processing: no references
[45.240s][debug][gc,ref         ] GC(12) ReferenceProcessor::execute queues: 1, RefProcThreadModel::Single, marks_oops_alive: false
[45.240s][debug][gc,phases      ] GC(12) Reference Processing 0.769ms
[45.241s][debug][gc,phases      ] GC(12)   VM Weak                        Min:  0.0, Avg:  0.0, Max:  0.0, Diff:  0.0, Sum:  0.0, Workers: 4
[45.241s][debug][gc,phases      ] GC(12)     Dead                           Min: 0, Avg:  0.0, Max: 0, Diff: 0, Sum: 0, Workers: 4
[45.241s][debug][gc,phases      ] GC(12)     Total                          Min: 0, Avg: 176.0, Max: 512, Diff: 512, Sum: 704, Workers: 4
[45.241s][debug][gc,phases      ] GC(12)   ObjectSynchronizer Weak        Min:  0.0, Avg:  0.0, Max:  0.0, Diff:  0.0, Sum:  0.0, Workers: 4
[45.241s][debug][gc,phases      ] GC(12)     Dead                           Min: 0, Avg:  0.0, Max: 0, Diff: 0, Sum: 0, Workers: 4
[45.241s][debug][gc,phases      ] GC(12)     Total                          Min: 0, Avg:  5.8, Max: 23, Diff: 23, Sum: 23, Workers: 4
[45.241s][debug][gc,phases      ] GC(12)   JVMTI Tag Weak OopStorage      Min:  0.0, Avg:  0.0, Max:  0.0, Diff:  0.0, Sum:  0.0, Workers: 4
[45.241s][debug][gc,phases      ] GC(12)     Dead                           Min: 0, Avg:  0.0, Max: 0, Diff: 0, Sum: 0, Workers: 4
[45.241s][debug][gc,phases      ] GC(12)     Total                          Min: 0, Avg:  0.0, Max: 0, Diff: 0, Sum: 0, Workers: 4
[45.241s][debug][gc,phases      ] GC(12)   StringTable Weak               Min:  0.0, Avg:  0.2, Max:  0.4, Diff:  0.4, Sum:  0.8, Workers: 4
[45.241s][debug][gc,phases      ] GC(12)     Dead                           Min: 0, Avg:  0.0, Max: 0, Diff: 0, Sum: 0, Workers: 4
[45.241s][debug][gc,phases      ] GC(12)     Total                          Min: 0, Avg: 10678.8, Max: 21467, Diff: 21467, Sum: 42715, Workers: 4
[45.241s][debug][gc,phases      ] GC(12)   ResolvedMethodTable Weak       Min:  0.0, Avg:  0.1, Max:  0.1, Diff:  0.1, Sum:  0.3, Workers: 4
[45.241s][debug][gc,phases      ] GC(12)     Dead                           Min: 0, Avg:  0.0, Max: 0, Diff: 0, Sum: 0, Workers: 4
[45.241s][debug][gc,phases      ] GC(12)     Total                          Min: 0, Avg: 2467.8, Max: 5120, Diff: 5120, Sum: 9871, Workers: 4
[45.241s][debug][gc,phases      ] GC(12)   JNI Weak                       Min:  0.0, Avg:  0.0, Max:  0.0, Diff:  0.0, Sum:  0.0, Workers: 4
[45.241s][debug][gc,phases      ] GC(12)     Dead                           Min: 0, Avg:  0.0, Max: 0, Diff: 0, Sum: 0, Workers: 4
[45.241s][debug][gc,phases      ] GC(12)     Total                          Min: 0, Avg: 11.2, Max: 45, Diff: 45, Sum: 45, Workers: 4
[45.241s][debug][gc,phases      ] GC(12)   StringDedup Table Weak         Min:  0.0, Avg:  0.0, Max:  0.0, Diff:  0.0, Sum:  0.0, Workers: 4
[45.241s][debug][gc,phases      ] GC(12)     Dead                           Min: 0, Avg:  0.0, Max: 0, Diff: 0, Sum: 0, Workers: 4
[45.241s][debug][gc,phases      ] GC(12)     Total                          Min: 0, Avg:  0.0, Max: 0, Diff: 0, Sum: 0, Workers: 4
[45.241s][debug][gc,phases      ] GC(12)   StringDedup Requests0 Weak     Min:  0.0, Avg:  0.0, Max:  0.0, Diff:  0.0, Sum:  0.0, Workers: 4
[45.241s][debug][gc,phases      ] GC(12)     Dead                           Min: 0, Avg:  0.0, Max: 0, Diff: 0, Sum: 0, Workers: 4
[45.241s][debug][gc,phases      ] GC(12)     Total                          Min: 0, Avg:  0.0, Max: 0, Diff: 0, Sum: 0, Workers: 4
[45.241s][debug][gc,phases      ] GC(12)   StringDedup Requests1 Weak     Min:  0.0, Avg:  0.0, Max:  0.0, Diff:  0.0, Sum:  0.0, Workers: 4
[45.241s][debug][gc,phases      ] GC(12)     Dead                           Min: 0, Avg:  0.0, Max: 0, Diff: 0, Sum: 0, Workers: 4
[45.241s][debug][gc,phases      ] GC(12)     Total                          Min: 0, Avg:  0.0, Max: 0, Diff: 0, Sum: 0, Workers: 4
[45.241s][debug][gc,phases      ] GC(12)   Weak JFR Old Object Samples    Min:  0.0, Avg:  0.0, Max:  0.0, Diff:  0.0, Sum:  0.0, Workers: 4
[45.241s][debug][gc,phases      ] GC(12)     Dead                           Min: 0, Avg:  0.0, Max: 0, Diff: 0, Sum: 0, Workers: 4
[45.241s][debug][gc,phases      ] GC(12)     Total                          Min: 0, Avg:  0.0, Max: 0, Diff: 0, Sum: 0, Workers: 4
[45.241s][debug][gc,phases      ] GC(12) Weak Processing 0.799ms
[45.241s][debug][gc,age         ] GC(12) Desired survivor size 351797248 bytes, new threshold 7 (max threshold 15)
[45.241s][info ][gc,heap        ] GC(12) PSYoungGen: 1480728K(1710592K)->157591K(1753600K) Eden: 1324032K(1324032K)->0K(1391104K) From: 156696K(386560K)->157591K(362496K)
[45.241s][info ][gc,heap        ] GC(12) ParOldGen: 92430K(155136K)->92438K(155136K)
[45.241s][info ][gc,metaspace   ] GC(12) Metaspace: 81373K(82304K)->81373K(82304K) NonClass: 69255K(69760K)->69255K(69760K) Class: 12118K(12544K)->12118K(12544K)
[45.241s][info ][gc             ] GC(12) Pause Young (Allocation Failure) 1536M->244M(1864M) 60.742ms
[45.241s][info ][gc,cpu         ] GC(12) User=0.21s Sys=0.00s Real=0.06s
[45.241s][info ][safepoint      ] Safepoint "ParallelGCFailedAllocation", Time since last: 490835505 ns, Reaching safepoint: 3900 ns, Cleanup: 11400 ns, At safepoint: 60817476 ns, Total: 60832776 ns
[46.242s][info ][safepoint      ] Safepoint "Cleanup", Time since last: 1000091829 ns, Reaching safepoint: 4700 ns, Cleanup: 27700 ns, At safepoint: 2300 ns, Total: 34700 ns
[47.242s][info ][safepoint      ] Safepoint "Cleanup", Time since last: 1000123745 ns, Reaching safepoint: 5100 ns, Cleanup: 12700 ns, At safepoint: 5700 ns, Total: 23500 ns
[48.242s][info ][safepoint      ] Safepoint "Cleanup", Time since last: 1000107146 ns, Reaching safepoint: 3900 ns, Cleanup: 17900 ns, At safepoint: 1800 ns, Total: 23600 ns
[49.242s][info ][safepoint      ] Safepoint "Cleanup", Time since last: 1000099145 ns, Reaching safepoint: 4600 ns, Cleanup: 16100 ns, At safepoint: 2000 ns, Total: 22700 ns
[50.242s][info ][safepoint      ] Safepoint "Cleanup", Time since last: 1000097546 ns, Reaching safepoint: 4000 ns, Cleanup: 27799 ns, At safepoint: 2000 ns, Total: 33799 ns
[51.242s][info ][safepoint      ] Safepoint "Cleanup", Time since last: 1000109746 ns, Reaching safepoint: 4400 ns, Cleanup: 16300 ns, At safepoint: 2200 ns, Total: 22900 ns
[52.242s][info ][safepoint      ] Safepoint "Cleanup", Time since last: 1000082546 ns, Reaching safepoint: 4200 ns, Cleanup: 11699 ns, At safepoint: 1900 ns, Total: 17799 ns
[53.242s][info ][safepoint      ] Safepoint "Cleanup", Time since last: 1000099646 ns, Reaching safepoint: 4500 ns, Cleanup: 24500 ns, At safepoint: 2100 ns, Total: 31100 ns
[54.243s][info ][safepoint      ] Safepoint "Cleanup", Time since last: 1000098329 ns, Reaching safepoint: 3700 ns, Cleanup: 17699 ns, At safepoint: 1500 ns, Total: 22899 ns
[55.243s][info ][safepoint      ] Safepoint "Cleanup", Time since last: 1000097914 ns, Reaching safepoint: 4400 ns, Cleanup: 13600 ns, At safepoint: 1900 ns, Total: 19900 ns
[56.243s][info ][safepoint      ] Safepoint "Cleanup", Time since last: 1000094914 ns, Reaching safepoint: 3800 ns, Cleanup: 5900 ns, At safepoint: 1800 ns, Total: 11500 ns
[57.153s][info ][safepoint      ] Safepoint "ICBufferFull", Time since last: 910090292 ns, Reaching safepoint: 4300 ns, Cleanup: 149299 ns, At safepoint: 4500 ns, Total: 158099 ns
[57.281s][info ][safepoint      ] Safepoint "ICBufferFull", Time since last: 127891806 ns, Reaching safepoint: 4000 ns, Cleanup: 154099 ns, At safepoint: 2100 ns, Total: 160199 ns
[57.536s][info ][gc,start       ] GC(13) Pause Young (Allocation Failure)
[57.608s][debug][gc,phases      ] GC(13) Scavenge 71.730ms
[57.608s][debug][gc,ref         ] GC(13) Skipped phase 1 of Reference Processing: no references
[57.608s][debug][gc,ref         ] GC(13) ReferenceProcessor::execute queues: 4, RefProcThreadModel::Multi, marks_oops_alive: false
[57.609s][debug][gc,ref         ] GC(13) Skipped phase 3 of Reference Processing: no references
[57.609s][debug][gc,ref         ] GC(13) ReferenceProcessor::execute queues: 1, RefProcThreadModel::Single, marks_oops_alive: false
[57.609s][debug][gc,phases      ] GC(13) Reference Processing 0.501ms
[57.609s][debug][gc,phases      ] GC(13)   VM Weak                        Min:  0.0, Avg:  0.0, Max:  0.0, Diff:  0.0, Sum:  0.0, Workers: 4
[57.609s][debug][gc,phases      ] GC(13)     Dead                           Min: 0, Avg:  0.0, Max: 0, Diff: 0, Sum: 0, Workers: 4
[57.609s][debug][gc,phases      ] GC(13)     Total                          Min: 64, Avg: 176.5, Max: 320, Diff: 256, Sum: 706, Workers: 4
[57.609s][debug][gc,phases      ] GC(13)   ObjectSynchronizer Weak        Min:  0.0, Avg:  0.0, Max:  0.0, Diff:  0.0, Sum:  0.0, Workers: 4
[57.609s][debug][gc,phases      ] GC(13)     Dead                           Min: 0, Avg:  0.5, Max: 2, Diff: 2, Sum: 2, Workers: 4
[57.609s][debug][gc,phases      ] GC(13)     Total                          Min: 0, Avg:  6.2, Max: 25, Diff: 25, Sum: 25, Workers: 4
[57.609s][debug][gc,phases      ] GC(13)   JVMTI Tag Weak OopStorage      Min:  0.0, Avg:  0.0, Max:  0.0, Diff:  0.0, Sum:  0.0, Workers: 4
[57.609s][debug][gc,phases      ] GC(13)     Dead                           Min: 0, Avg:  0.0, Max: 0, Diff: 0, Sum: 0, Workers: 4
[57.609s][debug][gc,phases      ] GC(13)     Total                          Min: 0, Avg:  0.0, Max: 0, Diff: 0, Sum: 0, Workers: 4
[57.609s][debug][gc,phases      ] GC(13)   StringTable Weak               Min:  0.2, Avg:  0.2, Max:  0.3, Diff:  0.1, Sum:  0.9, Workers: 4
[57.609s][debug][gc,phases      ] GC(13)     Dead                           Min: 0, Avg:  0.5, Max: 2, Diff: 2, Sum: 2, Workers: 4
[57.609s][debug][gc,phases      ] GC(13)     Total                          Min: 8960, Avg: 10693.5, Max: 11734, Diff: 2774, Sum: 42774, Workers: 4
[57.609s][debug][gc,phases      ] GC(13)   ResolvedMethodTable Weak       Min:  0.0, Avg:  0.1, Max:  0.1, Diff:  0.1, Sum:  0.2, Workers: 4
[57.609s][debug][gc,phases      ] GC(13)     Dead                           Min: 0, Avg:  0.2, Max: 1, Diff: 1, Sum: 1, Workers: 4
[57.609s][debug][gc,phases      ] GC(13)     Total                          Min: 704, Avg: 2474.2, Max: 3264, Diff: 2560, Sum: 9897, Workers: 4
[57.609s][debug][gc,phases      ] GC(13)   JNI Weak                       Min:  0.0, Avg:  0.0, Max:  0.0, Diff:  0.0, Sum:  0.0, Workers: 4
[57.609s][debug][gc,phases      ] GC(13)     Dead                           Min: 0, Avg:  0.0, Max: 0, Diff: 0, Sum: 0, Workers: 4
[57.609s][debug][gc,phases      ] GC(13)     Total                          Min: 0, Avg: 18.5, Max: 58, Diff: 58, Sum: 74, Workers: 4
[57.609s][debug][gc,phases      ] GC(13)   StringDedup Table Weak         Min:  0.0, Avg:  0.0, Max:  0.0, Diff:  0.0, Sum:  0.0, Workers: 4
[57.609s][debug][gc,phases      ] GC(13)     Dead                           Min: 0, Avg:  0.0, Max: 0, Diff: 0, Sum: 0, Workers: 4
[57.609s][debug][gc,phases      ] GC(13)     Total                          Min: 0, Avg:  0.0, Max: 0, Diff: 0, Sum: 0, Workers: 4
[57.609s][debug][gc,phases      ] GC(13)   StringDedup Requests0 Weak     Min:  0.0, Avg:  0.0, Max:  0.0, Diff:  0.0, Sum:  0.0, Workers: 4
[57.609s][debug][gc,phases      ] GC(13)     Dead                           Min: 0, Avg:  0.0, Max: 0, Diff: 0, Sum: 0, Workers: 4
[57.609s][debug][gc,phases      ] GC(13)     Total                          Min: 0, Avg:  0.0, Max: 0, Diff: 0, Sum: 0, Workers: 4
[57.609s][debug][gc,phases      ] GC(13)   StringDedup Requests1 Weak     Min:  0.0, Avg:  0.0, Max:  0.0, Diff:  0.0, Sum:  0.0, Workers: 4
[57.609s][debug][gc,phases      ] GC(13)     Dead                           Min: 0, Avg:  0.0, Max: 0, Diff: 0, Sum: 0, Workers: 4
[57.609s][debug][gc,phases      ] GC(13)     Total                          Min: 0, Avg:  0.0, Max: 0, Diff: 0, Sum: 0, Workers: 4
[57.609s][debug][gc,phases      ] GC(13)   Weak JFR Old Object Samples    Min:  0.0, Avg:  0.0, Max:  0.0, Diff:  0.0, Sum:  0.0, Workers: 4
[57.609s][debug][gc,phases      ] GC(13)     Dead                           Min: 0, Avg:  0.0, Max: 0, Diff: 0, Sum: 0, Workers: 4
[57.609s][debug][gc,phases      ] GC(13)     Total                          Min: 0, Avg:  0.0, Max: 0, Diff: 0, Sum: 0, Workers: 4
[57.609s][debug][gc,phases      ] GC(13) Weak Processing 0.457ms
[57.609s][debug][gc,age         ] GC(13) Desired survivor size 335020032 bytes, new threshold 8 (max threshold 15)
[57.609s][info ][gc,heap        ] GC(13) PSYoungGen: 1548695K(1753600K)->162823K(1734656K) Eden: 1391104K(1391104K)->0K(1391104K) From: 157591K(362496K)->162823K(343552K)
[57.609s][info ][gc,heap        ] GC(13) ParOldGen: 92438K(155136K)->92446K(155136K)
[57.609s][info ][gc,metaspace   ] GC(13) Metaspace: 81566K(82432K)->81566K(82432K) NonClass: 69432K(69888K)->69432K(69888K) Class: 12134K(12544K)->12134K(12544K)
[57.609s][info ][gc             ] GC(13) Pause Young (Allocation Failure) 1602M->249M(1845M) 72.805ms
[57.609s][info ][gc,cpu         ] GC(13) User=0.23s Sys=0.02s Real=0.07s
[57.609s][info ][safepoint      ] Safepoint "ParallelGCFailedAllocation", Time since last: 255245562 ns, Reaching safepoint: 5100 ns, Cleanup: 75700 ns, At safepoint: 72884133 ns, Total: 72964933 ns
[58.609s][info ][safepoint      ] Safepoint "Cleanup", Time since last: 1000081418 ns, Reaching safepoint: 4100 ns, Cleanup: 69500 ns, At safepoint: 2600 ns, Total: 76200 ns
[60.003s][info ][safepoint      ] Safepoint "Cleanup", Time since last: 1393254421 ns, Reaching safepoint: 4700 ns, Cleanup: 116500 ns, At safepoint: 3300 ns, Total: 124500 ns
[60.837s][info ][gc,start       ] GC(14) Pause Young (Allocation Failure)
[60.891s][debug][gc,phases      ] GC(14) Scavenge 54.223ms
[60.891s][debug][gc,ref         ] GC(14) Skipped phase 1 of Reference Processing: no references
[60.891s][debug][gc,ref         ] GC(14) ReferenceProcessor::execute queues: 4, RefProcThreadModel::Multi, marks_oops_alive: false
[60.892s][debug][gc,ref         ] GC(14) Skipped phase 3 of Reference Processing: no references
[60.892s][debug][gc,ref         ] GC(14) ReferenceProcessor::execute queues: 1, RefProcThreadModel::Single, marks_oops_alive: false
[60.892s][debug][gc,phases      ] GC(14) Reference Processing 0.614ms
[60.892s][debug][gc,phases      ] GC(14)   VM Weak                        Min:  0.0, Avg:  0.0, Max:  0.0, Diff:  0.0, Sum:  0.0, Workers: 4
[60.892s][debug][gc,phases      ] GC(14)     Dead                           Min: 0, Avg:  0.0, Max: 0, Diff: 0, Sum: 0, Workers: 4
[60.892s][debug][gc,phases      ] GC(14)     Total                          Min: 0, Avg: 176.5, Max: 384, Diff: 384, Sum: 706, Workers: 4
[60.892s][debug][gc,phases      ] GC(14)   ObjectSynchronizer Weak        Min:  0.0, Avg:  0.0, Max:  0.0, Diff:  0.0, Sum:  0.0, Workers: 4
[60.892s][debug][gc,phases      ] GC(14)     Dead                           Min: 0, Avg:  0.0, Max: 0, Diff: 0, Sum: 0, Workers: 4
[60.892s][debug][gc,phases      ] GC(14)     Total                          Min: 0, Avg:  0.8, Max: 3, Diff: 3, Sum: 3, Workers: 4
[60.892s][debug][gc,phases      ] GC(14)   JVMTI Tag Weak OopStorage      Min:  0.0, Avg:  0.0, Max:  0.0, Diff:  0.0, Sum:  0.0, Workers: 4
[60.892s][debug][gc,phases      ] GC(14)     Dead                           Min: 0, Avg:  0.0, Max: 0, Diff: 0, Sum: 0, Workers: 4
[60.892s][debug][gc,phases      ] GC(14)     Total                          Min: 0, Avg:  0.0, Max: 0, Diff: 0, Sum: 0, Workers: 4
[60.892s][debug][gc,phases      ] GC(14)   StringTable Weak               Min:  0.0, Avg:  0.2, Max:  0.3, Diff:  0.3, Sum:  0.8, Workers: 4
[60.892s][debug][gc,phases      ] GC(14)     Dead                           Min: 0, Avg:  0.0, Max: 0, Diff: 0, Sum: 0, Workers: 4
[60.892s][debug][gc,phases      ] GC(14)     Total                          Min: 0, Avg: 10698.5, Max: 14442, Diff: 14442, Sum: 42794, Workers: 4
[60.892s][debug][gc,phases      ] GC(14)   ResolvedMethodTable Weak       Min:  0.0, Avg:  0.1, Max:  0.1, Diff:  0.1, Sum:  0.3, Workers: 4
[60.892s][debug][gc,phases      ] GC(14)     Dead                           Min: 0, Avg:  0.0, Max: 0, Diff: 0, Sum: 0, Workers: 4
[60.892s][debug][gc,phases      ] GC(14)     Total                          Min: 0, Avg: 2474.2, Max: 3456, Diff: 3456, Sum: 9897, Workers: 4
[60.892s][debug][gc,phases      ] GC(14)   JNI Weak                       Min:  0.0, Avg:  0.0, Max:  0.0, Diff:  0.0, Sum:  0.0, Workers: 4
[60.892s][debug][gc,phases      ] GC(14)     Dead                           Min: 0, Avg:  0.0, Max: 0, Diff: 0, Sum: 0, Workers: 4
[60.892s][debug][gc,phases      ] GC(14)     Total                          Min: 0, Avg: 11.2, Max: 45, Diff: 45, Sum: 45, Workers: 4
[60.892s][debug][gc,phases      ] GC(14)   StringDedup Table Weak         Min:  0.0, Avg:  0.0, Max:  0.0, Diff:  0.0, Sum:  0.0, Workers: 4
[60.892s][debug][gc,phases      ] GC(14)     Dead                           Min: 0, Avg:  0.0, Max: 0, Diff: 0, Sum: 0, Workers: 4
[60.892s][debug][gc,phases      ] GC(14)     Total                          Min: 0, Avg:  0.0, Max: 0, Diff: 0, Sum: 0, Workers: 4
[60.892s][debug][gc,phases      ] GC(14)   StringDedup Requests0 Weak     Min:  0.0, Avg:  0.0, Max:  0.0, Diff:  0.0, Sum:  0.0, Workers: 4
[60.892s][debug][gc,phases      ] GC(14)     Dead                           Min: 0, Avg:  0.0, Max: 0, Diff: 0, Sum: 0, Workers: 4
[60.892s][debug][gc,phases      ] GC(14)     Total                          Min: 0, Avg:  0.0, Max: 0, Diff: 0, Sum: 0, Workers: 4
[60.892s][debug][gc,phases      ] GC(14)   StringDedup Requests1 Weak     Min:  0.0, Avg:  0.0, Max:  0.0, Diff:  0.0, Sum:  0.0, Workers: 4
[60.892s][debug][gc,phases      ] GC(14)     Dead                           Min: 0, Avg:  0.0, Max: 0, Diff: 0, Sum: 0, Workers: 4
[60.892s][debug][gc,phases      ] GC(14)     Total                          Min: 0, Avg:  0.0, Max: 0, Diff: 0, Sum: 0, Workers: 4
[60.892s][debug][gc,phases      ] GC(14)   Weak JFR Old Object Samples    Min:  0.0, Avg:  0.0, Max:  0.0, Diff:  0.0, Sum:  0.0, Workers: 4
[60.892s][debug][gc,phases      ] GC(14)     Dead                           Min: 0, Avg:  0.0, Max: 0, Diff: 0, Sum: 0, Workers: 4
[60.892s][debug][gc,phases      ] GC(14)     Total                          Min: 0, Avg:  0.0, Max: 0, Diff: 0, Sum: 0, Workers: 4
[60.892s][debug][gc,phases      ] GC(14) Weak Processing 0.506ms
[60.892s][debug][gc,age         ] GC(14) Desired survivor size 320864256 bytes, new threshold 9 (max threshold 15)
[60.892s][info ][gc,heap        ] GC(14) PSYoungGen: 1553927K(1734656K)->162863K(1783808K) Eden: 1391104K(1391104K)->0K(1456640K) From: 162823K(343552K)->162863K(327168K)
[60.892s][info ][gc,heap        ] GC(14) ParOldGen: 92446K(155136K)->92454K(155136K)
[60.892s][info ][gc,metaspace   ] GC(14) Metaspace: 81607K(82496K)->81607K(82496K) NonClass: 69473K(69952K)->69473K(69952K) Class: 12134K(12544K)->12134K(12544K)
[60.893s][info ][gc             ] GC(14) Pause Young (Allocation Failure) 1607M->249M(1893M) 55.458ms
[60.893s][info ][gc,cpu         ] GC(14) User=0.19s Sys=0.00s Real=0.06s
[60.893s][info ][safepoint      ] Safepoint "ParallelGCFailedAllocation", Time since last: 834175197 ns, Reaching safepoint: 5500 ns, Cleanup: 22200 ns, At safepoint: 55527273 ns, Total: 55554973 ns
[61.893s][info ][safepoint      ] Safepoint "Cleanup", Time since last: 1000088538 ns, Reaching safepoint: 73200 ns, Cleanup: 18500 ns, At safepoint: 5100 ns, Total: 96800 ns
[62.893s][info ][safepoint      ] Safepoint "Cleanup", Time since last: 1000116176 ns, Reaching safepoint: 75500 ns, Cleanup: 22300 ns, At safepoint: 8500 ns, Total: 106300 ns
[63.893s][info ][safepoint      ] Safepoint "Cleanup", Time since last: 1000099276 ns, Reaching safepoint: 4100 ns, Cleanup: 9500 ns, At safepoint: 2100 ns, Total: 15700 ns
[64.342s][info ][gc,start       ] GC(15) Pause Young (Allocation Failure)
[64.396s][debug][gc,phases      ] GC(15) Scavenge 54.201ms
[64.397s][debug][gc,ref         ] GC(15) Skipped phase 1 of Reference Processing: no references
[64.397s][debug][gc,ref         ] GC(15) ReferenceProcessor::execute queues: 4, RefProcThreadModel::Multi, marks_oops_alive: false
[64.397s][debug][gc,ref         ] GC(15) Skipped phase 3 of Reference Processing: no references
[64.397s][debug][gc,ref         ] GC(15) ReferenceProcessor::execute queues: 1, RefProcThreadModel::Single, marks_oops_alive: false
[64.397s][debug][gc,phases      ] GC(15) Reference Processing 0.517ms
[64.397s][debug][gc,phases      ] GC(15)   VM Weak                        Min:  0.0, Avg:  0.0, Max:  0.0, Diff:  0.0, Sum:  0.0, Workers: 4
[64.397s][debug][gc,phases      ] GC(15)     Dead                           Min: 0, Avg:  0.0, Max: 0, Diff: 0, Sum: 0, Workers: 4
[64.397s][debug][gc,phases      ] GC(15)     Total                          Min: 0, Avg: 176.5, Max: 386, Diff: 386, Sum: 706, Workers: 4
[64.397s][debug][gc,phases      ] GC(15)   ObjectSynchronizer Weak        Min:  0.0, Avg:  0.0, Max:  0.0, Diff:  0.0, Sum:  0.0, Workers: 4
[64.397s][debug][gc,phases      ] GC(15)     Dead                           Min: 0, Avg:  0.0, Max: 0, Diff: 0, Sum: 0, Workers: 4
[64.397s][debug][gc,phases      ] GC(15)     Total                          Min: 0, Avg:  0.8, Max: 3, Diff: 3, Sum: 3, Workers: 4
[64.397s][debug][gc,phases      ] GC(15)   JVMTI Tag Weak OopStorage      Min:  0.0, Avg:  0.0, Max:  0.0, Diff:  0.0, Sum:  0.0, Workers: 4
[64.397s][debug][gc,phases      ] GC(15)     Dead                           Min: 0, Avg:  0.0, Max: 0, Diff: 0, Sum: 0, Workers: 4
[64.397s][debug][gc,phases      ] GC(15)     Total                          Min: 0, Avg:  0.0, Max: 0, Diff: 0, Sum: 0, Workers: 4
[64.397s][debug][gc,phases      ] GC(15)   StringTable Weak               Min:  0.0, Avg:  0.2, Max:  0.2, Diff:  0.2, Sum:  0.7, Workers: 4
[64.397s][debug][gc,phases      ] GC(15)     Dead                           Min: 0, Avg:  0.0, Max: 0, Diff: 0, Sum: 0, Workers: 4
[64.397s][debug][gc,phases      ] GC(15)     Total                          Min: 0, Avg: 10706.2, Max: 17664, Diff: 17664, Sum: 42825, Workers: 4
[64.397s][debug][gc,phases      ] GC(15)   ResolvedMethodTable Weak       Min:  0.0, Avg:  0.1, Max:  0.1, Diff:  0.1, Sum:  0.2, Workers: 4
[64.397s][debug][gc,phases      ] GC(15)     Dead                           Min: 0, Avg:  0.0, Max: 0, Diff: 0, Sum: 0, Workers: 4
[64.397s][debug][gc,phases      ] GC(15)     Total                          Min: 0, Avg: 2474.2, Max: 4352, Diff: 4352, Sum: 9897, Workers: 4
[64.397s][debug][gc,phases      ] GC(15)   JNI Weak                       Min:  0.0, Avg:  0.0, Max:  0.0, Diff:  0.0, Sum:  0.0, Workers: 4
[64.397s][debug][gc,phases      ] GC(15)     Dead                           Min: 0, Avg:  0.0, Max: 0, Diff: 0, Sum: 0, Workers: 4
[64.397s][debug][gc,phases      ] GC(15)     Total                          Min: 0, Avg: 11.2, Max: 45, Diff: 45, Sum: 45, Workers: 4
[64.397s][debug][gc,phases      ] GC(15)   StringDedup Table Weak         Min:  0.0, Avg:  0.0, Max:  0.0, Diff:  0.0, Sum:  0.0, Workers: 4
[64.397s][debug][gc,phases      ] GC(15)     Dead                           Min: 0, Avg:  0.0, Max: 0, Diff: 0, Sum: 0, Workers: 4
[64.397s][debug][gc,phases      ] GC(15)     Total                          Min: 0, Avg:  0.0, Max: 0, Diff: 0, Sum: 0, Workers: 4
[64.397s][debug][gc,phases      ] GC(15)   StringDedup Requests0 Weak     Min:  0.0, Avg:  0.0, Max:  0.0, Diff:  0.0, Sum:  0.0, Workers: 4
[64.397s][debug][gc,phases      ] GC(15)     Dead                           Min: 0, Avg:  0.0, Max: 0, Diff: 0, Sum: 0, Workers: 4
[64.397s][debug][gc,phases      ] GC(15)     Total                          Min: 0, Avg:  0.0, Max: 0, Diff: 0, Sum: 0, Workers: 4
[64.397s][debug][gc,phases      ] GC(15)   StringDedup Requests1 Weak     Min:  0.0, Avg:  0.0, Max:  0.0, Diff:  0.0, Sum:  0.0, Workers: 4
[64.397s][debug][gc,phases      ] GC(15)     Dead                           Min: 0, Avg:  0.0, Max: 0, Diff: 0, Sum: 0, Workers: 4
[64.398s][debug][gc,phases      ] GC(15)     Total                          Min: 0, Avg:  0.0, Max: 0, Diff: 0, Sum: 0, Workers: 4
[64.398s][debug][gc,phases      ] GC(15)   Weak JFR Old Object Samples    Min:  0.0, Avg:  0.0, Max:  0.0, Diff:  0.0, Sum:  0.0, Workers: 4
[64.398s][debug][gc,phases      ] GC(15)     Dead                           Min: 0, Avg:  0.0, Max: 0, Diff: 0, Sum: 0, Workers: 4
[64.398s][debug][gc,phases      ] GC(15)     Total                          Min: 0, Avg:  0.0, Max: 0, Diff: 0, Sum: 0, Workers: 4
[64.398s][debug][gc,phases      ] GC(15) Weak Processing 0.473ms
[64.398s][debug][gc,age         ] GC(15) Desired survivor size 308281344 bytes, new threshold 10 (max threshold 15)
[64.398s][info ][gc,heap        ] GC(15) PSYoungGen: 1619503K(1783808K)->162959K(1769984K) Eden: 1456640K(1456640K)->0K(1456640K) From: 162863K(327168K)->162959K(313344K)
[64.398s][info ][gc,heap        ] GC(15) ParOldGen: 92454K(155136K)->92462K(155136K)
[64.398s][info ][gc,metaspace   ] GC(15) Metaspace: 81623K(82496K)->81623K(82496K) NonClass: 69489K(69952K)->69489K(69952K) Class: 12134K(12544K)->12134K(12544K)
[64.398s][info ][gc             ] GC(15) Pause Young (Allocation Failure) 1671M->249M(1880M) 55.320ms
[64.398s][info ][gc,cpu         ] GC(15) User=0.18s Sys=0.00s Real=0.05s
[64.398s][info ][safepoint      ] Safepoint "ParallelGCFailedAllocation", Time since last: 449117191 ns, Reaching safepoint: 5400 ns, Cleanup: 15300 ns, At safepoint: 55402688 ns, Total: 55423388 ns
[65.398s][info ][safepoint      ] Safepoint "Cleanup", Time since last: 1000090576 ns, Reaching safepoint: 4500 ns, Cleanup: 16700 ns, At safepoint: 2000 ns, Total: 23200 ns
[66.398s][info ][safepoint      ] Safepoint "Cleanup", Time since last: 1000100876 ns, Reaching safepoint: 3900 ns, Cleanup: 49300 ns, At safepoint: 4800 ns, Total: 58000 ns
[67.398s][info ][safepoint      ] Safepoint "Cleanup", Time since last: 1000096276 ns, Reaching safepoint: 3900 ns, Cleanup: 17300 ns, At safepoint: 1800 ns, Total: 23000 ns
[67.880s][info ][gc,start       ] GC(16) Pause Young (Allocation Failure)
[67.932s][debug][gc,phases      ] GC(16) Scavenge 51.913ms
[67.932s][debug][gc,ref         ] GC(16) Skipped phase 1 of Reference Processing: no references
[67.932s][debug][gc,ref         ] GC(16) ReferenceProcessor::execute queues: 4, RefProcThreadModel::Multi, marks_oops_alive: false
[67.932s][debug][gc,ref         ] GC(16) ReferenceProcessor::execute queues: 4, RefProcThreadModel::Multi, marks_oops_alive: true
[67.933s][debug][gc,ref         ] GC(16) ReferenceProcessor::execute queues: 1, RefProcThreadModel::Single, marks_oops_alive: false
[67.933s][debug][gc,phases      ] GC(16) Reference Processing 0.790ms
[67.933s][debug][gc,phases      ] GC(16)   VM Weak                        Min:  0.0, Avg:  0.0, Max:  0.0, Diff:  0.0, Sum:  0.0, Workers: 4
[67.933s][debug][gc,phases      ] GC(16)     Dead                           Min: 0, Avg:  0.0, Max: 0, Diff: 0, Sum: 0, Workers: 4
[67.933s][debug][gc,phases      ] GC(16)     Total                          Min: 0, Avg: 176.5, Max: 512, Diff: 512, Sum: 706, Workers: 4
[67.933s][debug][gc,phases      ] GC(16)   ObjectSynchronizer Weak        Min:  0.0, Avg:  0.0, Max:  0.0, Diff:  0.0, Sum:  0.0, Workers: 4
[67.933s][debug][gc,phases      ] GC(16)     Dead                           Min: 0, Avg:  0.0, Max: 0, Diff: 0, Sum: 0, Workers: 4
[67.933s][debug][gc,phases      ] GC(16)     Total                          Min: 0, Avg:  0.8, Max: 3, Diff: 3, Sum: 3, Workers: 4
[67.933s][debug][gc,phases      ] GC(16)   JVMTI Tag Weak OopStorage      Min:  0.0, Avg:  0.0, Max:  0.0, Diff:  0.0, Sum:  0.0, Workers: 4
[67.933s][debug][gc,phases      ] GC(16)     Dead                           Min: 0, Avg:  0.0, Max: 0, Diff: 0, Sum: 0, Workers: 4
[67.933s][debug][gc,phases      ] GC(16)     Total                          Min: 0, Avg:  0.0, Max: 0, Diff: 0, Sum: 0, Workers: 4
[67.933s][debug][gc,phases      ] GC(16)   StringTable Weak               Min:  0.0, Avg:  0.2, Max:  0.2, Diff:  0.2, Sum:  0.7, Workers: 4
[67.933s][debug][gc,phases      ] GC(16)     Dead                           Min: 0, Avg:  0.0, Max: 0, Diff: 0, Sum: 0, Workers: 4
[67.933s][debug][gc,phases      ] GC(16)     Total                          Min: 0, Avg: 10715.8, Max: 18304, Diff: 18304, Sum: 42863, Workers: 4
[67.933s][debug][gc,phases      ] GC(16)   ResolvedMethodTable Weak       Min:  0.0, Avg:  0.1, Max:  0.1, Diff:  0.1, Sum:  0.2, Workers: 4
[67.933s][debug][gc,phases      ] GC(16)     Dead                           Min: 0, Avg:  0.0, Max: 0, Diff: 0, Sum: 0, Workers: 4
[67.933s][debug][gc,phases      ] GC(16)     Total                          Min: 0, Avg: 2474.5, Max: 4416, Diff: 4416, Sum: 9898, Workers: 4
[67.933s][debug][gc,phases      ] GC(16)   JNI Weak                       Min:  0.0, Avg:  0.0, Max:  0.0, Diff:  0.0, Sum:  0.0, Workers: 4
[67.933s][debug][gc,phases      ] GC(16)     Dead                           Min: 0, Avg:  0.0, Max: 0, Diff: 0, Sum: 0, Workers: 4
[67.933s][debug][gc,phases      ] GC(16)     Total                          Min: 0, Avg: 11.2, Max: 45, Diff: 45, Sum: 45, Workers: 4
[67.933s][debug][gc,phases      ] GC(16)   StringDedup Table Weak         Min:  0.0, Avg:  0.0, Max:  0.0, Diff:  0.0, Sum:  0.0, Workers: 4
[67.933s][debug][gc,phases      ] GC(16)     Dead                           Min: 0, Avg:  0.0, Max: 0, Diff: 0, Sum: 0, Workers: 4
[67.933s][debug][gc,phases      ] GC(16)     Total                          Min: 0, Avg:  0.0, Max: 0, Diff: 0, Sum: 0, Workers: 4
[67.933s][debug][gc,phases      ] GC(16)   StringDedup Requests0 Weak     Min:  0.0, Avg:  0.0, Max:  0.0, Diff:  0.0, Sum:  0.0, Workers: 4
[67.933s][debug][gc,phases      ] GC(16)     Dead                           Min: 0, Avg:  0.0, Max: 0, Diff: 0, Sum: 0, Workers: 4
[67.933s][debug][gc,phases      ] GC(16)     Total                          Min: 0, Avg:  0.0, Max: 0, Diff: 0, Sum: 0, Workers: 4
[67.933s][debug][gc,phases      ] GC(16)   StringDedup Requests1 Weak     Min:  0.0, Avg:  0.0, Max:  0.0, Diff:  0.0, Sum:  0.0, Workers: 4
[67.933s][debug][gc,phases      ] GC(16)     Dead                           Min: 0, Avg:  0.0, Max: 0, Diff: 0, Sum: 0, Workers: 4
[67.933s][debug][gc,phases      ] GC(16)     Total                          Min: 0, Avg:  0.0, Max: 0, Diff: 0, Sum: 0, Workers: 4
[67.933s][debug][gc,phases      ] GC(16)   Weak JFR Old Object Samples    Min:  0.0, Avg:  0.0, Max:  0.0, Diff:  0.0, Sum:  0.0, Workers: 4
[67.933s][debug][gc,phases      ] GC(16)     Dead                           Min: 0, Avg:  0.0, Max: 0, Diff: 0, Sum: 0, Workers: 4
[67.933s][debug][gc,phases      ] GC(16)     Total                          Min: 0, Avg:  0.0, Max: 0, Diff: 0, Sum: 0, Workers: 4
[67.933s][debug][gc,phases      ] GC(16) Weak Processing 0.466ms
[67.933s][debug][gc,age         ] GC(16) Desired survivor size 296222720 bytes, new threshold 11 (max threshold 15)
[67.933s][info ][gc,heap        ] GC(16) PSYoungGen: 1619599K(1769984K)->162877K(1807872K) Eden: 1456640K(1456640K)->0K(1506816K) From: 162959K(313344K)->162877K(301056K)
[67.933s][info ][gc,heap        ] GC(16) ParOldGen: 92462K(155136K)->92470K(155136K)
[67.933s][info ][gc,metaspace   ] GC(16) Metaspace: 81644K(82496K)->81644K(82496K) NonClass: 69506K(69952K)->69506K(69952K) Class: 12138K(12544K)->12138K(12544K)
[67.933s][info ][gc             ] GC(16) Pause Young (Allocation Failure) 1671M->249M(1917M) 53.293ms
[67.933s][info ][gc,cpu         ] GC(16) User=0.19s Sys=0.00s Real=0.05s
[67.933s][info ][safepoint      ] Safepoint "ParallelGCFailedAllocation", Time since last: 481862924 ns, Reaching safepoint: 4000 ns, Cleanup: 3000 ns, At safepoint: 53376992 ns, Total: 53383992 ns
[68.933s][info ][safepoint      ] Safepoint "Cleanup", Time since last: 1000087576 ns, Reaching safepoint: 72900 ns, Cleanup: 22000 ns, At safepoint: 7500 ns, Total: 102400 ns
[69.934s][info ][safepoint      ] Safepoint "Cleanup", Time since last: 1000100127 ns, Reaching safepoint: 72700 ns, Cleanup: 18800 ns, At safepoint: 5700 ns, Total: 97200 ns
[70.934s][info ][safepoint      ] Safepoint "Cleanup", Time since last: 1000103139 ns, Reaching safepoint: 73000 ns, Cleanup: 21900 ns, At safepoint: 5000 ns, Total: 99900 ns
[71.484s][info ][gc,start       ] GC(17) Pause Young (Allocation Failure)
[71.535s][debug][gc,phases      ] GC(17) Scavenge 50.681ms
[71.535s][debug][gc,ref         ] GC(17) Skipped phase 1 of Reference Processing: no references
[71.535s][debug][gc,ref         ] GC(17) ReferenceProcessor::execute queues: 4, RefProcThreadModel::Multi, marks_oops_alive: false
[71.536s][debug][gc,ref         ] GC(17) Skipped phase 3 of Reference Processing: no references
[71.536s][debug][gc,ref         ] GC(17) ReferenceProcessor::execute queues: 1, RefProcThreadModel::Single, marks_oops_alive: false
[71.536s][debug][gc,phases      ] GC(17) Reference Processing 0.513ms
[71.536s][debug][gc,phases      ] GC(17)   VM Weak                        Min:  0.0, Avg:  0.0, Max:  0.0, Diff:  0.0, Sum:  0.0, Workers: 4
[71.536s][debug][gc,phases      ] GC(17)     Dead                           Min: 0, Avg:  0.0, Max: 0, Diff: 0, Sum: 0, Workers: 4
[71.536s][debug][gc,phases      ] GC(17)     Total                          Min: 0, Avg: 176.8, Max: 512, Diff: 512, Sum: 707, Workers: 4
[71.536s][debug][gc,phases      ] GC(17)   ObjectSynchronizer Weak        Min:  0.0, Avg:  0.0, Max:  0.0, Diff:  0.0, Sum:  0.0, Workers: 4
[71.536s][debug][gc,phases      ] GC(17)     Dead                           Min: 0, Avg:  0.0, Max: 0, Diff: 0, Sum: 0, Workers: 4
[71.536s][debug][gc,phases      ] GC(17)     Total                          Min: 0, Avg:  1.0, Max: 4, Diff: 4, Sum: 4, Workers: 4
[71.536s][debug][gc,phases      ] GC(17)   JVMTI Tag Weak OopStorage      Min:  0.0, Avg:  0.0, Max:  0.0, Diff:  0.0, Sum:  0.0, Workers: 4
[71.536s][debug][gc,phases      ] GC(17)     Dead                           Min: 0, Avg:  0.0, Max: 0, Diff: 0, Sum: 0, Workers: 4
[71.536s][debug][gc,phases      ] GC(17)     Total                          Min: 0, Avg:  0.0, Max: 0, Diff: 0, Sum: 0, Workers: 4
[71.536s][debug][gc,phases      ] GC(17)   StringTable Weak               Min:  0.0, Avg:  0.2, Max:  0.2, Diff:  0.2, Sum:  0.7, Workers: 4
[71.536s][debug][gc,phases      ] GC(17)     Dead                           Min: 0, Avg:  0.8, Max: 2, Diff: 2, Sum: 3, Workers: 4
[71.536s][debug][gc,phases      ] GC(17)     Total                          Min: 0, Avg: 10729.5, Max: 18112, Diff: 18112, Sum: 42918, Workers: 4
[71.536s][debug][gc,phases      ] GC(17)   ResolvedMethodTable Weak       Min:  0.0, Avg:  0.1, Max:  0.1, Diff:  0.1, Sum:  0.2, Workers: 4
[71.536s][debug][gc,phases      ] GC(17)     Dead                           Min: 0, Avg:  0.0, Max: 0, Diff: 0, Sum: 0, Workers: 4
[71.536s][debug][gc,phases      ] GC(17)     Total                          Min: 0, Avg: 2486.8, Max: 3803, Diff: 3803, Sum: 9947, Workers: 4
[71.536s][debug][gc,phases      ] GC(17)   JNI Weak                       Min:  0.0, Avg:  0.0, Max:  0.0, Diff:  0.0, Sum:  0.0, Workers: 4
[71.536s][debug][gc,phases      ] GC(17)     Dead                           Min: 0, Avg:  0.0, Max: 0, Diff: 0, Sum: 0, Workers: 4
[71.536s][debug][gc,phases      ] GC(17)     Total                          Min: 0, Avg: 11.2, Max: 45, Diff: 45, Sum: 45, Workers: 4
[71.536s][debug][gc,phases      ] GC(17)   StringDedup Table Weak         Min:  0.0, Avg:  0.0, Max:  0.0, Diff:  0.0, Sum:  0.0, Workers: 4
[71.536s][debug][gc,phases      ] GC(17)     Dead                           Min: 0, Avg:  0.0, Max: 0, Diff: 0, Sum: 0, Workers: 4
[71.536s][debug][gc,phases      ] GC(17)     Total                          Min: 0, Avg:  0.0, Max: 0, Diff: 0, Sum: 0, Workers: 4
[71.536s][debug][gc,phases      ] GC(17)   StringDedup Requests0 Weak     Min:  0.0, Avg:  0.0, Max:  0.0, Diff:  0.0, Sum:  0.0, Workers: 4
[71.536s][debug][gc,phases      ] GC(17)     Dead                           Min: 0, Avg:  0.0, Max: 0, Diff: 0, Sum: 0, Workers: 4
[71.536s][debug][gc,phases      ] GC(17)     Total                          Min: 0, Avg:  0.0, Max: 0, Diff: 0, Sum: 0, Workers: 4
[71.536s][debug][gc,phases      ] GC(17)   StringDedup Requests1 Weak     Min:  0.0, Avg:  0.0, Max:  0.0, Diff:  0.0, Sum:  0.0, Workers: 4
[71.536s][debug][gc,phases      ] GC(17)     Dead                           Min: 0, Avg:  0.0, Max: 0, Diff: 0, Sum: 0, Workers: 4
[71.536s][debug][gc,phases      ] GC(17)     Total                          Min: 0, Avg:  0.0, Max: 0, Diff: 0, Sum: 0, Workers: 4
[71.536s][debug][gc,phases      ] GC(17)   Weak JFR Old Object Samples    Min:  0.0, Avg:  0.0, Max:  0.0, Diff:  0.0, Sum:  0.0, Workers: 4
[71.536s][debug][gc,phases      ] GC(17)     Dead                           Min: 0, Avg:  0.0, Max: 0, Diff: 0, Sum: 0, Workers: 4
[71.536s][debug][gc,phases      ] GC(17)     Total                          Min: 0, Avg:  0.0, Max: 0, Diff: 0, Sum: 0, Workers: 4
[71.536s][debug][gc,phases      ] GC(17) Weak Processing 0.501ms
[71.536s][debug][gc,age         ] GC(17) Desired survivor size 285212672 bytes, new threshold 12 (max threshold 15)
[71.536s][info ][gc,heap        ] GC(17) PSYoungGen: 1669693K(1807872K)->162801K(1796096K) Eden: 1506816K(1506816K)->0K(1506816K) From: 162877K(301056K)->162801K(289280K)
[71.536s][info ][gc,heap        ] GC(17) ParOldGen: 92470K(155136K)->92478K(155136K)
[71.536s][info ][gc,metaspace   ] GC(17) Metaspace: 81822K(82624K)->81822K(82624K) NonClass: 69649K(70080K)->69649K(70080K) Class: 12173K(12544K)->12173K(12544K)
[71.536s][info ][gc             ] GC(17) Pause Young (Allocation Failure) 1720M->249M(1905M) 51.811ms
[71.536s][info ][gc,cpu         ] GC(17) User=0.19s Sys=0.00s Real=0.05s
[71.536s][info ][safepoint      ] Safepoint "ParallelGCFailedAllocation", Time since last: 550431855 ns, Reaching safepoint: 4900 ns, Cleanup: 18100 ns, At safepoint: 51879383 ns, Total: 51902383 ns
[73.536s][info ][safepoint      ] Safepoint "Cleanup", Time since last: 2000153878 ns, Reaching safepoint: 73200 ns, Cleanup: 20799 ns, At safepoint: 4800 ns, Total: 98799 ns
[74.539s][info ][safepoint      ] Safepoint "Cleanup", Time since last: 1002712033 ns, Reaching safepoint: 78100 ns, Cleanup: 123300 ns, At safepoint: 7100 ns, Total: 208500 ns
[75.034s][info ][gc,start       ] GC(18) Pause Young (Allocation Failure)
[75.088s][debug][gc,phases      ] GC(18) Scavenge 54.047ms
[75.088s][debug][gc,ref         ] GC(18) Skipped phase 1 of Reference Processing: no references
[75.088s][debug][gc,ref         ] GC(18) ReferenceProcessor::execute queues: 4, RefProcThreadModel::Multi, marks_oops_alive: false
[75.089s][debug][gc,ref         ] GC(18) Skipped phase 3 of Reference Processing: no references
[75.089s][debug][gc,ref         ] GC(18) ReferenceProcessor::execute queues: 1, RefProcThreadModel::Single, marks_oops_alive: false
[75.089s][debug][gc,phases      ] GC(18) Reference Processing 0.615ms
[75.089s][debug][gc,phases      ] GC(18)   VM Weak                        Min:  0.0, Avg:  0.0, Max:  0.0, Diff:  0.0, Sum:  0.0, Workers: 4
[75.089s][debug][gc,phases      ] GC(18)     Dead                           Min: 0, Avg:  0.0, Max: 0, Diff: 0, Sum: 0, Workers: 4
[75.089s][debug][gc,phases      ] GC(18)     Total                          Min: 0, Avg: 176.8, Max: 448, Diff: 448, Sum: 707, Workers: 4
[75.089s][debug][gc,phases      ] GC(18)   ObjectSynchronizer Weak        Min:  0.0, Avg:  0.0, Max:  0.0, Diff:  0.0, Sum:  0.0, Workers: 4
[75.089s][debug][gc,phases      ] GC(18)     Dead                           Min: 0, Avg:  0.0, Max: 0, Diff: 0, Sum: 0, Workers: 4
[75.089s][debug][gc,phases      ] GC(18)     Total                          Min: 0, Avg:  1.2, Max: 5, Diff: 5, Sum: 5, Workers: 4
[75.089s][debug][gc,phases      ] GC(18)   JVMTI Tag Weak OopStorage      Min:  0.0, Avg:  0.0, Max:  0.0, Diff:  0.0, Sum:  0.0, Workers: 4
[75.089s][debug][gc,phases      ] GC(18)     Dead                           Min: 0, Avg:  0.0, Max: 0, Diff: 0, Sum: 0, Workers: 4
[75.089s][debug][gc,phases      ] GC(18)     Total                          Min: 0, Avg:  0.0, Max: 0, Diff: 0, Sum: 0, Workers: 4
[75.089s][debug][gc,phases      ] GC(18)   StringTable Weak               Min:  0.0, Avg:  0.2, Max:  0.4, Diff:  0.4, Sum:  0.8, Workers: 4
[75.089s][debug][gc,phases      ] GC(18)     Dead                           Min: 0, Avg:  0.5, Max: 2, Diff: 2, Sum: 2, Workers: 4
[75.089s][debug][gc,phases      ] GC(18)     Total                          Min: 0, Avg: 10741.2, Max: 27989, Diff: 27989, Sum: 42965, Workers: 4
[75.089s][debug][gc,phases      ] GC(18)   ResolvedMethodTable Weak       Min:  0.0, Avg:  0.0, Max:  0.1, Diff:  0.1, Sum:  0.2, Workers: 4
[75.089s][debug][gc,phases      ] GC(18)     Dead                           Min: 0, Avg:  0.0, Max: 0, Diff: 0, Sum: 0, Workers: 4
[75.089s][debug][gc,phases      ] GC(18)     Total                          Min: 0, Avg: 2491.0, Max: 6188, Diff: 6188, Sum: 9964, Workers: 4
[75.089s][debug][gc,phases      ] GC(18)   JNI Weak                       Min:  0.0, Avg:  0.0, Max:  0.0, Diff:  0.0, Sum:  0.0, Workers: 4
[75.089s][debug][gc,phases      ] GC(18)     Dead                           Min: 0, Avg:  0.0, Max: 0, Diff: 0, Sum: 0, Workers: 4
[75.089s][debug][gc,phases      ] GC(18)     Total                          Min: 0, Avg: 11.2, Max: 45, Diff: 45, Sum: 45, Workers: 4
[75.089s][debug][gc,phases      ] GC(18)   StringDedup Table Weak         Min:  0.0, Avg:  0.0, Max:  0.0, Diff:  0.0, Sum:  0.0, Workers: 4
[75.089s][debug][gc,phases      ] GC(18)     Dead                           Min: 0, Avg:  0.0, Max: 0, Diff: 0, Sum: 0, Workers: 4
[75.089s][debug][gc,phases      ] GC(18)     Total                          Min: 0, Avg:  0.0, Max: 0, Diff: 0, Sum: 0, Workers: 4
[75.089s][debug][gc,phases      ] GC(18)   StringDedup Requests0 Weak     Min:  0.0, Avg:  0.0, Max:  0.0, Diff:  0.0, Sum:  0.0, Workers: 4
[75.089s][debug][gc,phases      ] GC(18)     Dead                           Min: 0, Avg:  0.0, Max: 0, Diff: 0, Sum: 0, Workers: 4
[75.089s][debug][gc,phases      ] GC(18)     Total                          Min: 0, Avg:  0.0, Max: 0, Diff: 0, Sum: 0, Workers: 4
[75.089s][debug][gc,phases      ] GC(18)   StringDedup Requests1 Weak     Min:  0.0, Avg:  0.0, Max:  0.0, Diff:  0.0, Sum:  0.0, Workers: 4
[75.089s][debug][gc,phases      ] GC(18)     Dead                           Min: 0, Avg:  0.0, Max: 0, Diff: 0, Sum: 0, Workers: 4
[75.089s][debug][gc,phases      ] GC(18)     Total                          Min: 0, Avg:  0.0, Max: 0, Diff: 0, Sum: 0, Workers: 4
[75.089s][debug][gc,phases      ] GC(18)   Weak JFR Old Object Samples    Min:  0.0, Avg:  0.0, Max:  0.0, Diff:  0.0, Sum:  0.0, Workers: 4
[75.089s][debug][gc,phases      ] GC(18)     Dead                           Min: 0, Avg:  0.0, Max: 0, Diff: 0, Sum: 0, Workers: 4
[75.089s][debug][gc,phases      ] GC(18)     Total                          Min: 0, Avg:  0.0, Max: 0, Diff: 0, Sum: 0, Workers: 4
[75.089s][debug][gc,phases      ] GC(18) Weak Processing 0.584ms
[75.089s][debug][gc,age         ] GC(18) Desired survivor size 275251200 bytes, new threshold 13 (max threshold 15)
[75.089s][info ][gc,heap        ] GC(18) PSYoungGen: 1669617K(1796096K)->162909K(1828352K) Eden: 1506816K(1506816K)->0K(1549824K) From: 162801K(289280K)->162909K(278528K)
[75.089s][info ][gc,heap        ] GC(18) ParOldGen: 92478K(155136K)->92486K(155136K)
[75.089s][info ][gc,metaspace   ] GC(18) Metaspace: 81939K(82880K)->81939K(82880K) NonClass: 69754K(70272K)->69754K(70272K) Class: 12184K(12608K)->12184K(12608K)
[75.089s][info ][gc             ] GC(18) Pause Young (Allocation Failure) 1720M->249M(1937M) 55.363ms
[75.089s][info ][gc,cpu         ] GC(18) User=0.21s Sys=0.00s Real=0.05s
[75.089s][info ][safepoint      ] Safepoint "ParallelGCFailedAllocation", Time since last: 494455882 ns, Reaching safepoint: 4800 ns, Cleanup: 54400 ns, At safepoint: 55434075 ns, Total: 55493275 ns
[76.090s][info ][safepoint      ] Safepoint "Cleanup", Time since last: 1000086138 ns, Reaching safepoint: 72600 ns, Cleanup: 64900 ns, At safepoint: 6000 ns, Total: 143500 ns
[77.090s][info ][safepoint      ] Safepoint "Cleanup", Time since last: 1000114139 ns, Reaching safepoint: 75100 ns, Cleanup: 22600 ns, At safepoint: 4700 ns, Total: 102400 ns
[78.090s][info ][safepoint      ] Safepoint "Cleanup", Time since last: 1000114236 ns, Reaching safepoint: 75600 ns, Cleanup: 30400 ns, At safepoint: 5700 ns, Total: 111700 ns
[78.682s][info ][gc,start       ] GC(19) Pause Young (Allocation Failure)
[78.736s][debug][gc,phases      ] GC(19) Scavenge 54.214ms
[78.736s][debug][gc,ref         ] GC(19) Skipped phase 1 of Reference Processing: no references
[78.736s][debug][gc,ref         ] GC(19) ReferenceProcessor::execute queues: 4, RefProcThreadModel::Multi, marks_oops_alive: false
[78.737s][debug][gc,ref         ] GC(19) Skipped phase 3 of Reference Processing: no references
[78.737s][debug][gc,ref         ] GC(19) ReferenceProcessor::execute queues: 1, RefProcThreadModel::Single, marks_oops_alive: false
[78.737s][debug][gc,phases      ] GC(19) Reference Processing 0.611ms
[78.737s][debug][gc,phases      ] GC(19)   VM Weak                        Min:  0.0, Avg:  0.0, Max:  0.0, Diff:  0.0, Sum:  0.0, Workers: 4
[78.737s][debug][gc,phases      ] GC(19)     Dead                           Min: 0, Avg:  0.0, Max: 0, Diff: 0, Sum: 0, Workers: 4
[78.737s][debug][gc,phases      ] GC(19)     Total                          Min: 0, Avg: 176.8, Max: 387, Diff: 387, Sum: 707, Workers: 4
[78.737s][debug][gc,phases      ] GC(19)   ObjectSynchronizer Weak        Min:  0.0, Avg:  0.0, Max:  0.0, Diff:  0.0, Sum:  0.0, Workers: 4
[78.737s][debug][gc,phases      ] GC(19)     Dead                           Min: 0, Avg:  0.2, Max: 1, Diff: 1, Sum: 1, Workers: 4
[78.737s][debug][gc,phases      ] GC(19)     Total                          Min: 0, Avg:  1.5, Max: 6, Diff: 6, Sum: 6, Workers: 4
[78.737s][debug][gc,phases      ] GC(19)   JVMTI Tag Weak OopStorage      Min:  0.0, Avg:  0.0, Max:  0.0, Diff:  0.0, Sum:  0.0, Workers: 4
[78.737s][debug][gc,phases      ] GC(19)     Dead                           Min: 0, Avg:  0.0, Max: 0, Diff: 0, Sum: 0, Workers: 4
[78.737s][debug][gc,phases      ] GC(19)     Total                          Min: 0, Avg:  0.0, Max: 0, Diff: 0, Sum: 0, Workers: 4
[78.737s][debug][gc,phases      ] GC(19)   StringTable Weak               Min:  0.0, Avg:  0.2, Max:  0.3, Diff:  0.3, Sum:  0.8, Workers: 4
[78.737s][debug][gc,phases      ] GC(19)     Dead                           Min: 0, Avg:  0.5, Max: 2, Diff: 2, Sum: 2, Workers: 4
[78.737s][debug][gc,phases      ] GC(19)     Total                          Min: 0, Avg: 10753.2, Max: 14912, Diff: 14912, Sum: 43013, Workers: 4
[78.737s][debug][gc,phases      ] GC(19)   ResolvedMethodTable Weak       Min:  0.0, Avg:  0.1, Max:  0.1, Diff:  0.1, Sum:  0.3, Workers: 4
[78.737s][debug][gc,phases      ] GC(19)     Dead                           Min: 0, Avg:  0.2, Max: 1, Diff: 1, Sum: 1, Workers: 4
[78.737s][debug][gc,phases      ] GC(19)     Total                          Min: 0, Avg: 2493.5, Max: 3455, Diff: 3455, Sum: 9974, Workers: 4
[78.737s][debug][gc,phases      ] GC(19)   JNI Weak                       Min:  0.0, Avg:  0.0, Max:  0.0, Diff:  0.0, Sum:  0.0, Workers: 4
[78.737s][debug][gc,phases      ] GC(19)     Dead                           Min: 0, Avg:  0.0, Max: 0, Diff: 0, Sum: 0, Workers: 4
[78.737s][debug][gc,phases      ] GC(19)     Total                          Min: 0, Avg: 12.5, Max: 50, Diff: 50, Sum: 50, Workers: 4
[78.737s][debug][gc,phases      ] GC(19)   StringDedup Table Weak         Min:  0.0, Avg:  0.0, Max:  0.0, Diff:  0.0, Sum:  0.0, Workers: 4
[78.737s][debug][gc,phases      ] GC(19)     Dead                           Min: 0, Avg:  0.0, Max: 0, Diff: 0, Sum: 0, Workers: 4
[78.737s][debug][gc,phases      ] GC(19)     Total                          Min: 0, Avg:  0.0, Max: 0, Diff: 0, Sum: 0, Workers: 4
[78.737s][debug][gc,phases      ] GC(19)   StringDedup Requests0 Weak     Min:  0.0, Avg:  0.0, Max:  0.0, Diff:  0.0, Sum:  0.0, Workers: 4
[78.737s][debug][gc,phases      ] GC(19)     Dead                           Min: 0, Avg:  0.0, Max: 0, Diff: 0, Sum: 0, Workers: 4
[78.737s][debug][gc,phases      ] GC(19)     Total                          Min: 0, Avg:  0.0, Max: 0, Diff: 0, Sum: 0, Workers: 4
[78.737s][debug][gc,phases      ] GC(19)   StringDedup Requests1 Weak     Min:  0.0, Avg:  0.0, Max:  0.0, Diff:  0.0, Sum:  0.0, Workers: 4
[78.737s][debug][gc,phases      ] GC(19)     Dead                           Min: 0, Avg:  0.0, Max: 0, Diff: 0, Sum: 0, Workers: 4
[78.737s][debug][gc,phases      ] GC(19)     Total                          Min: 0, Avg:  0.0, Max: 0, Diff: 0, Sum: 0, Workers: 4
[78.737s][debug][gc,phases      ] GC(19)   Weak JFR Old Object Samples    Min:  0.0, Avg:  0.0, Max:  0.0, Diff:  0.0, Sum:  0.0, Workers: 4
[78.737s][debug][gc,phases      ] GC(19)     Dead                           Min: 0, Avg:  0.0, Max: 0, Diff: 0, Sum: 0, Workers: 4
[78.737s][debug][gc,phases      ] GC(19)     Total                          Min: 0, Avg:  0.0, Max: 0, Diff: 0, Sum: 0, Workers: 4
[78.737s][debug][gc,phases      ] GC(19) Weak Processing 0.586ms
[78.737s][debug][gc,age         ] GC(19) Desired survivor size 266338304 bytes, new threshold 14 (max threshold 15)
[78.737s][info ][gc,heap        ] GC(19) PSYoungGen: 1712733K(1828352K)->162863K(1818624K) Eden: 1549824K(1549824K)->0K(1549824K) From: 162909K(278528K)->162863K(268800K)
[78.737s][info ][gc,heap        ] GC(19) ParOldGen: 92486K(155136K)->92494K(155136K)
[78.737s][info ][gc,metaspace   ] GC(19) Metaspace: 82060K(82944K)->82060K(82944K) NonClass: 69871K(70336K)->69871K(70336K) Class: 12188K(12608K)->12188K(12608K)
[78.737s][info ][gc             ] GC(19) Pause Young (Allocation Failure) 1762M->249M(1927M) 55.541ms
[78.737s][info ][gc,cpu         ] GC(19) User=0.17s Sys=0.00s Real=0.05s
[78.737s][info ][safepoint      ] Safepoint "ParallelGCFailedAllocation", Time since last: 591860456 ns, Reaching safepoint: 3400 ns, Cleanup: 39899 ns, At safepoint: 55633774 ns, Total: 55677073 ns
[80.242s][info ][safepoint      ] Safepoint "Cleanup", Time since last: 1503931085 ns, Reaching safepoint: 3400 ns, Cleanup: 125900 ns, At safepoint: 6300 ns, Total: 135600 ns
[81.242s][info ][safepoint      ] Safepoint "Cleanup", Time since last: 1000113229 ns, Reaching safepoint: 5200 ns, Cleanup: 12299 ns, At safepoint: 2500 ns, Total: 19999 ns
[82.242s][info ][safepoint      ] Safepoint "Cleanup", Time since last: 1000119629 ns, Reaching safepoint: 5500 ns, Cleanup: 10700 ns, At safepoint: 10800 ns, Total: 27000 ns
[82.388s][info ][gc,start       ] GC(20) Pause Young (Allocation Failure)
[82.443s][debug][gc,phases      ] GC(20) Scavenge 54.840ms
[82.443s][debug][gc,ref         ] GC(20) Skipped phase 1 of Reference Processing: no references
[82.443s][debug][gc,ref         ] GC(20) ReferenceProcessor::execute queues: 4, RefProcThreadModel::Multi, marks_oops_alive: false
[82.443s][debug][gc,ref         ] GC(20) ReferenceProcessor::execute queues: 4, RefProcThreadModel::Multi, marks_oops_alive: true
[82.444s][debug][gc,ref         ] GC(20) ReferenceProcessor::execute queues: 1, RefProcThreadModel::Single, marks_oops_alive: false
[82.444s][debug][gc,phases      ] GC(20) Reference Processing 0.924ms
[82.444s][debug][gc,phases      ] GC(20)   VM Weak                        Min:  0.0, Avg:  0.1, Max:  0.4, Diff:  0.4, Sum:  0.4, Workers: 4
[82.444s][debug][gc,phases      ] GC(20)     Dead                           Min: 0, Avg:  0.0, Max: 0, Diff: 0, Sum: 0, Workers: 4
[82.444s][debug][gc,phases      ] GC(20)     Total                          Min: 0, Avg: 178.0, Max: 392, Diff: 392, Sum: 712, Workers: 4
[82.444s][debug][gc,phases      ] GC(20)   ObjectSynchronizer Weak        Min:  0.0, Avg:  0.0, Max:  0.0, Diff:  0.0, Sum:  0.0, Workers: 4
[82.444s][debug][gc,phases      ] GC(20)     Dead                           Min: 0, Avg:  0.0, Max: 0, Diff: 0, Sum: 0, Workers: 4
[82.444s][debug][gc,phases      ] GC(20)     Total                          Min: 0, Avg:  1.5, Max: 6, Diff: 6, Sum: 6, Workers: 4
[82.444s][debug][gc,phases      ] GC(20)   JVMTI Tag Weak OopStorage      Min:  0.0, Avg:  0.0, Max:  0.0, Diff:  0.0, Sum:  0.0, Workers: 4
[82.444s][debug][gc,phases      ] GC(20)     Dead                           Min: 0, Avg:  0.0, Max: 0, Diff: 0, Sum: 0, Workers: 4
[82.444s][debug][gc,phases      ] GC(20)     Total                          Min: 0, Avg:  0.0, Max: 0, Diff: 0, Sum: 0, Workers: 4
[82.444s][debug][gc,phases      ] GC(20)   StringTable Weak               Min:  0.0, Avg:  0.2, Max:  0.3, Diff:  0.3, Sum:  0.8, Workers: 4
[82.444s][debug][gc,phases      ] GC(20)     Dead                           Min: 0, Avg:  0.2, Max: 1, Diff: 1, Sum: 1, Workers: 4
[82.444s][debug][gc,phases      ] GC(20)     Total                          Min: 0, Avg: 10763.5, Max: 15744, Diff: 15744, Sum: 43054, Workers: 4
[82.444s][debug][gc,phases      ] GC(20)   ResolvedMethodTable Weak       Min:  0.0, Avg:  0.1, Max:  0.1, Diff:  0.1, Sum:  0.3, Workers: 4
[82.444s][debug][gc,phases      ] GC(20)     Dead                           Min: 0, Avg:  0.0, Max: 0, Diff: 0, Sum: 0, Workers: 4
[82.444s][debug][gc,phases      ] GC(20)     Total                          Min: 0, Avg: 2503.8, Max: 3423, Diff: 3423, Sum: 10015, Workers: 4
[82.444s][debug][gc,phases      ] GC(20)   JNI Weak                       Min:  0.0, Avg:  0.0, Max:  0.0, Diff:  0.0, Sum:  0.0, Workers: 4
[82.444s][debug][gc,phases      ] GC(20)     Dead                           Min: 0, Avg:  0.0, Max: 0, Diff: 0, Sum: 0, Workers: 4
[82.444s][debug][gc,phases      ] GC(20)     Total                          Min: 0, Avg: 11.2, Max: 45, Diff: 45, Sum: 45, Workers: 4
[82.444s][debug][gc,phases      ] GC(20)   StringDedup Table Weak         Min:  0.0, Avg:  0.0, Max:  0.0, Diff:  0.0, Sum:  0.0, Workers: 4
[82.444s][debug][gc,phases      ] GC(20)     Dead                           Min: 0, Avg:  0.0, Max: 0, Diff: 0, Sum: 0, Workers: 4
[82.444s][debug][gc,phases      ] GC(20)     Total                          Min: 0, Avg:  0.0, Max: 0, Diff: 0, Sum: 0, Workers: 4
[82.444s][debug][gc,phases      ] GC(20)   StringDedup Requests0 Weak     Min:  0.0, Avg:  0.0, Max:  0.0, Diff:  0.0, Sum:  0.0, Workers: 4
[82.444s][debug][gc,phases      ] GC(20)     Dead                           Min: 0, Avg:  0.0, Max: 0, Diff: 0, Sum: 0, Workers: 4
[82.444s][debug][gc,phases      ] GC(20)     Total                          Min: 0, Avg:  0.0, Max: 0, Diff: 0, Sum: 0, Workers: 4
[82.444s][debug][gc,phases      ] GC(20)   StringDedup Requests1 Weak     Min:  0.0, Avg:  0.0, Max:  0.0, Diff:  0.0, Sum:  0.0, Workers: 4
[82.444s][debug][gc,phases      ] GC(20)     Dead                           Min: 0, Avg:  0.0, Max: 0, Diff: 0, Sum: 0, Workers: 4
[82.444s][debug][gc,phases      ] GC(20)     Total                          Min: 0, Avg:  0.0, Max: 0, Diff: 0, Sum: 0, Workers: 4
[82.444s][debug][gc,phases      ] GC(20)   Weak JFR Old Object Samples    Min:  0.0, Avg:  0.0, Max:  0.0, Diff:  0.0, Sum:  0.0, Workers: 4
[82.444s][debug][gc,phases      ] GC(20)     Dead                           Min: 0, Avg:  0.0, Max: 0, Diff: 0, Sum: 0, Workers: 4
[82.444s][debug][gc,phases      ] GC(20)     Total                          Min: 0, Avg:  0.0, Max: 0, Diff: 0, Sum: 0, Workers: 4
[82.444s][debug][gc,phases      ] GC(20) Weak Processing 0.532ms
[82.444s][debug][gc,age         ] GC(20) Desired survivor size 257425408 bytes, new threshold 15 (max threshold 15)
[82.444s][info ][gc,heap        ] GC(20) PSYoungGen: 1712687K(1818624K)->162877K(1845760K) Eden: 1549824K(1549824K)->0K(1585664K) From: 162863K(268800K)->162877K(260096K)
[82.444s][info ][gc,heap        ] GC(20) ParOldGen: 92494K(155136K)->92502K(155136K)
[82.444s][info ][gc,metaspace   ] GC(20) Metaspace: 82156K(83072K)->82156K(83072K) NonClass: 69947K(70464K)->69947K(70464K) Class: 12209K(12608K)->12209K(12608K)
[82.444s][info ][gc             ] GC(20) Pause Young (Allocation Failure) 1762M->249M(1954M) 56.428ms
[82.444s][info ][gc,cpu         ] GC(20) User=0.19s Sys=0.01s Real=0.06s
[82.444s][info ][safepoint      ] Safepoint "ParallelGCFailedAllocation", Time since last: 145959869 ns, Reaching safepoint: 5400 ns, Cleanup: 4000 ns, At safepoint: 56499772 ns, Total: 56509172 ns
[83.444s][info ][safepoint      ] Safepoint "Cleanup", Time since last: 1000096828 ns, Reaching safepoint: 5400 ns, Cleanup: 14800 ns, At safepoint: 6600 ns, Total: 26800 ns
[84.445s][info ][safepoint      ] Safepoint "Cleanup", Time since last: 1000103529 ns, Reaching safepoint: 3700 ns, Cleanup: 8500 ns, At safepoint: 2500 ns, Total: 14700 ns
[85.445s][info ][safepoint      ] Safepoint "Cleanup", Time since last: 1000104929 ns, Reaching safepoint: 3900 ns, Cleanup: 12900 ns, At safepoint: 1700 ns, Total: 18500 ns
[86.233s][info ][gc,start       ] GC(21) Pause Young (Allocation Failure)
[86.286s][debug][gc,phases      ] GC(21) Scavenge 53.599ms
[86.286s][debug][gc,ref         ] GC(21) Skipped phase 1 of Reference Processing: no references
[86.286s][debug][gc,ref         ] GC(21) ReferenceProcessor::execute queues: 4, RefProcThreadModel::Multi, marks_oops_alive: false
[86.287s][debug][gc,ref         ] GC(21) Skipped phase 3 of Reference Processing: no references
[86.287s][debug][gc,ref         ] GC(21) ReferenceProcessor::execute queues: 1, RefProcThreadModel::Single, marks_oops_alive: false
[86.287s][debug][gc,phases      ] GC(21) Reference Processing 0.780ms
[86.287s][debug][gc,phases      ] GC(21)   VM Weak                        Min:  0.0, Avg:  0.0, Max:  0.0, Diff:  0.0, Sum:  0.0, Workers: 4
[86.287s][debug][gc,phases      ] GC(21)     Dead                           Min: 0, Avg:  0.0, Max: 0, Diff: 0, Sum: 0, Workers: 4
[86.287s][debug][gc,phases      ] GC(21)     Total                          Min: 0, Avg: 178.2, Max: 512, Diff: 512, Sum: 713, Workers: 4
[86.287s][debug][gc,phases      ] GC(21)   ObjectSynchronizer Weak        Min:  0.0, Avg:  0.0, Max:  0.0, Diff:  0.0, Sum:  0.0, Workers: 4
[86.287s][debug][gc,phases      ] GC(21)     Dead                           Min: 0, Avg:  0.0, Max: 0, Diff: 0, Sum: 0, Workers: 4
[86.287s][debug][gc,phases      ] GC(21)     Total                          Min: 0, Avg:  1.5, Max: 6, Diff: 6, Sum: 6, Workers: 4
[86.287s][debug][gc,phases      ] GC(21)   JVMTI Tag Weak OopStorage      Min:  0.0, Avg:  0.0, Max:  0.0, Diff:  0.0, Sum:  0.0, Workers: 4
[86.287s][debug][gc,phases      ] GC(21)     Dead                           Min: 0, Avg:  0.0, Max: 0, Diff: 0, Sum: 0, Workers: 4
[86.287s][debug][gc,phases      ] GC(21)     Total                          Min: 0, Avg:  0.0, Max: 0, Diff: 0, Sum: 0, Workers: 4
[86.287s][debug][gc,phases      ] GC(21)   StringTable Weak               Min:  0.0, Avg:  0.2, Max:  0.3, Diff:  0.3, Sum:  0.8, Workers: 4
[86.287s][debug][gc,phases      ] GC(21)     Dead                           Min: 0, Avg:  0.2, Max: 1, Diff: 1, Sum: 1, Workers: 4
[86.287s][debug][gc,phases      ] GC(21)     Total                          Min: 0, Avg: 10767.8, Max: 14464, Diff: 14464, Sum: 43071, Workers: 4
[86.287s][debug][gc,phases      ] GC(21)   ResolvedMethodTable Weak       Min:  0.0, Avg:  0.1, Max:  0.1, Diff:  0.1, Sum:  0.3, Workers: 4
[86.287s][debug][gc,phases      ] GC(21)     Dead                           Min: 0, Avg:  0.0, Max: 0, Diff: 0, Sum: 0, Workers: 4
[86.287s][debug][gc,phases      ] GC(21)     Total                          Min: 0, Avg: 2506.8, Max: 3456, Diff: 3456, Sum: 10027, Workers: 4
[86.287s][debug][gc,phases      ] GC(21)   JNI Weak                       Min:  0.0, Avg:  0.0, Max:  0.0, Diff:  0.0, Sum:  0.0, Workers: 4
[86.287s][debug][gc,phases      ] GC(21)     Dead                           Min: 0, Avg:  0.0, Max: 0, Diff: 0, Sum: 0, Workers: 4
[86.287s][debug][gc,phases      ] GC(21)     Total                          Min: 0, Avg: 11.2, Max: 45, Diff: 45, Sum: 45, Workers: 4
[86.287s][debug][gc,phases      ] GC(21)   StringDedup Table Weak         Min:  0.0, Avg:  0.0, Max:  0.0, Diff:  0.0, Sum:  0.0, Workers: 4
[86.287s][debug][gc,phases      ] GC(21)     Dead                           Min: 0, Avg:  0.0, Max: 0, Diff: 0, Sum: 0, Workers: 4
[86.287s][debug][gc,phases      ] GC(21)     Total                          Min: 0, Avg:  0.0, Max: 0, Diff: 0, Sum: 0, Workers: 4
[86.287s][debug][gc,phases      ] GC(21)   StringDedup Requests0 Weak     Min:  0.0, Avg:  0.0, Max:  0.0, Diff:  0.0, Sum:  0.0, Workers: 4
[86.287s][debug][gc,phases      ] GC(21)     Dead                           Min: 0, Avg:  0.0, Max: 0, Diff: 0, Sum: 0, Workers: 4
[86.287s][debug][gc,phases      ] GC(21)     Total                          Min: 0, Avg:  0.0, Max: 0, Diff: 0, Sum: 0, Workers: 4
[86.287s][debug][gc,phases      ] GC(21)   StringDedup Requests1 Weak     Min:  0.0, Avg:  0.0, Max:  0.0, Diff:  0.0, Sum:  0.0, Workers: 4
[86.287s][debug][gc,phases      ] GC(21)     Dead                           Min: 0, Avg:  0.0, Max: 0, Diff: 0, Sum: 0, Workers: 4
[86.287s][debug][gc,phases      ] GC(21)     Total                          Min: 0, Avg:  0.0, Max: 0, Diff: 0, Sum: 0, Workers: 4
[86.287s][debug][gc,phases      ] GC(21)   Weak JFR Old Object Samples    Min:  0.0, Avg:  0.0, Max:  0.0, Diff:  0.0, Sum:  0.0, Workers: 4
[86.287s][debug][gc,phases      ] GC(21)     Dead                           Min: 0, Avg:  0.0, Max: 0, Diff: 0, Sum: 0, Workers: 4
[86.287s][debug][gc,phases      ] GC(21)     Total                          Min: 0, Avg:  0.0, Max: 0, Diff: 0, Sum: 0, Workers: 4
[86.287s][debug][gc,phases      ] GC(21) Weak Processing 0.513ms
[86.288s][debug][gc,age         ] GC(21) Desired survivor size 250085376 bytes, new threshold 15 (max threshold 15)
[86.288s][info ][gc,heap        ] GC(21) PSYoungGen: 1748541K(1845760K)->162767K(1837056K) Eden: 1585664K(1585664K)->0K(1585664K) From: 162877K(260096K)->162767K(251392K)
[86.288s][info ][gc,heap        ] GC(21) ParOldGen: 92502K(155136K)->92510K(155136K)
[86.288s][info ][gc,metaspace   ] GC(21) Metaspace: 82200K(83072K)->82200K(83072K) NonClass: 69982K(70464K)->69982K(70464K) Class: 12218K(12608K)->12218K(12608K)
[86.288s][info ][gc             ] GC(21) Pause Young (Allocation Failure) 1797M->249M(1945M) 55.012ms
[86.288s][info ][gc,cpu         ] GC(21) User=0.19s Sys=0.00s Real=0.05s
[86.288s][info ][safepoint      ] Safepoint "ParallelGCFailedAllocation", Time since last: 787802995 ns, Reaching safepoint: 3800 ns, Cleanup: 7900 ns, At safepoint: 55094259 ns, Total: 55105959 ns
[87.288s][info ][safepoint      ] Safepoint "Cleanup", Time since last: 1000085635 ns, Reaching safepoint: 73500 ns, Cleanup: 10600 ns, At safepoint: 4700 ns, Total: 88800 ns
[88.288s][info ][safepoint      ] Safepoint "Cleanup", Time since last: 1000108836 ns, Reaching safepoint: 77599 ns, Cleanup: 16700 ns, At safepoint: 6800 ns, Total: 101099 ns
[89.288s][info ][safepoint      ] Safepoint "Cleanup", Time since last: 1000112936 ns, Reaching safepoint: 76200 ns, Cleanup: 9599 ns, At safepoint: 6600 ns, Total: 92399 ns
[90.080s][info ][gc,start       ] GC(22) Pause Young (Allocation Failure)
[90.135s][debug][gc,phases      ] GC(22) Scavenge 55.070ms
[90.135s][debug][gc,ref         ] GC(22) Skipped phase 1 of Reference Processing: no references
[90.135s][debug][gc,ref         ] GC(22) ReferenceProcessor::execute queues: 4, RefProcThreadModel::Multi, marks_oops_alive: false
[90.135s][debug][gc,ref         ] GC(22) Skipped phase 3 of Reference Processing: no references
[90.135s][debug][gc,ref         ] GC(22) ReferenceProcessor::execute queues: 1, RefProcThreadModel::Single, marks_oops_alive: false
[90.135s][debug][gc,phases      ] GC(22) Reference Processing 0.292ms
[90.136s][debug][gc,phases      ] GC(22)   VM Weak                        Min:  0.0, Avg:  0.0, Max:  0.0, Diff:  0.0, Sum:  0.0, Workers: 4
[90.136s][debug][gc,phases      ] GC(22)     Dead                           Min: 0, Avg:  0.0, Max: 0, Diff: 0, Sum: 0, Workers: 4
[90.136s][debug][gc,phases      ] GC(22)     Total                          Min: 0, Avg: 178.2, Max: 512, Diff: 512, Sum: 713, Workers: 4
[90.136s][debug][gc,phases      ] GC(22)   ObjectSynchronizer Weak        Min:  0.0, Avg:  0.0, Max:  0.0, Diff:  0.0, Sum:  0.0, Workers: 4
[90.136s][debug][gc,phases      ] GC(22)     Dead                           Min: 0, Avg:  0.0, Max: 0, Diff: 0, Sum: 0, Workers: 4
[90.136s][debug][gc,phases      ] GC(22)     Total                          Min: 0, Avg:  1.5, Max: 6, Diff: 6, Sum: 6, Workers: 4
[90.136s][debug][gc,phases      ] GC(22)   JVMTI Tag Weak OopStorage      Min:  0.0, Avg:  0.0, Max:  0.0, Diff:  0.0, Sum:  0.0, Workers: 4
[90.136s][debug][gc,phases      ] GC(22)     Dead                           Min: 0, Avg:  0.0, Max: 0, Diff: 0, Sum: 0, Workers: 4
[90.136s][debug][gc,phases      ] GC(22)     Total                          Min: 0, Avg:  0.0, Max: 0, Diff: 0, Sum: 0, Workers: 4
[90.136s][debug][gc,phases      ] GC(22)   StringTable Weak               Min:  0.0, Avg:  0.2, Max:  0.2, Diff:  0.2, Sum:  0.7, Workers: 4
[90.136s][debug][gc,phases      ] GC(22)     Dead                           Min: 0, Avg:  0.0, Max: 0, Diff: 0, Sum: 0, Workers: 4
[90.136s][debug][gc,phases      ] GC(22)     Total                          Min: 0, Avg: 10774.5, Max: 18778, Diff: 18778, Sum: 43098, Workers: 4
[90.136s][debug][gc,phases      ] GC(22)   ResolvedMethodTable Weak       Min:  0.0, Avg:  0.1, Max:  0.1, Diff:  0.1, Sum:  0.2, Workers: 4
[90.136s][debug][gc,phases      ] GC(22)     Dead                           Min: 0, Avg:  0.0, Max: 0, Diff: 0, Sum: 0, Workers: 4
[90.136s][debug][gc,phases      ] GC(22)     Total                          Min: 0, Avg: 2506.8, Max: 4224, Diff: 4224, Sum: 10027, Workers: 4
[90.136s][debug][gc,phases      ] GC(22)   JNI Weak                       Min:  0.0, Avg:  0.0, Max:  0.0, Diff:  0.0, Sum:  0.0, Workers: 4
[90.136s][debug][gc,phases      ] GC(22)     Dead                           Min: 0, Avg:  0.0, Max: 0, Diff: 0, Sum: 0, Workers: 4
[90.136s][debug][gc,phases      ] GC(22)     Total                          Min: 0, Avg: 11.2, Max: 45, Diff: 45, Sum: 45, Workers: 4
[90.136s][debug][gc,phases      ] GC(22)   StringDedup Table Weak         Min:  0.0, Avg:  0.0, Max:  0.0, Diff:  0.0, Sum:  0.0, Workers: 4
[90.136s][debug][gc,phases      ] GC(22)     Dead                           Min: 0, Avg:  0.0, Max: 0, Diff: 0, Sum: 0, Workers: 4
[90.136s][debug][gc,phases      ] GC(22)     Total                          Min: 0, Avg:  0.0, Max: 0, Diff: 0, Sum: 0, Workers: 4
[90.136s][debug][gc,phases      ] GC(22)   StringDedup Requests0 Weak     Min:  0.0, Avg:  0.0, Max:  0.0, Diff:  0.0, Sum:  0.0, Workers: 4
[90.136s][debug][gc,phases      ] GC(22)     Dead                           Min: 0, Avg:  0.0, Max: 0, Diff: 0, Sum: 0, Workers: 4
[90.136s][debug][gc,phases      ] GC(22)     Total                          Min: 0, Avg:  0.0, Max: 0, Diff: 0, Sum: 0, Workers: 4
[90.136s][debug][gc,phases      ] GC(22)   StringDedup Requests1 Weak     Min:  0.0, Avg:  0.0, Max:  0.0, Diff:  0.0, Sum:  0.0, Workers: 4
[90.136s][debug][gc,phases      ] GC(22)     Dead                           Min: 0, Avg:  0.0, Max: 0, Diff: 0, Sum: 0, Workers: 4
[90.136s][debug][gc,phases      ] GC(22)     Total                          Min: 0, Avg:  0.0, Max: 0, Diff: 0, Sum: 0, Workers: 4
[90.136s][debug][gc,phases      ] GC(22)   Weak JFR Old Object Samples    Min:  0.0, Avg:  0.0, Max:  0.0, Diff:  0.0, Sum:  0.0, Workers: 4
[90.136s][debug][gc,phases      ] GC(22)     Dead                           Min: 0, Avg:  0.0, Max: 0, Diff: 0, Sum: 0, Workers: 4
[90.136s][debug][gc,phases      ] GC(22)     Total                          Min: 0, Avg:  0.0, Max: 0, Diff: 0, Sum: 0, Workers: 4
[90.136s][debug][gc,phases      ] GC(22) Weak Processing 0.493ms
[90.136s][debug][gc,age         ] GC(22) Desired survivor size 245891072 bytes, new threshold 15 (max threshold 15)
[90.136s][info ][gc,heap        ] GC(22) PSYoungGen: 1748431K(1837056K)->144250K(1857024K) Eden: 1585664K(1585664K)->0K(1612800K) From: 162767K(251392K)->144250K(244224K)
[90.136s][info ][gc,heap        ] GC(22) ParOldGen: 92510K(155136K)->111146K(155136K)
[90.136s][info ][gc,metaspace   ] GC(22) Metaspace: 82208K(83072K)->82208K(83072K) NonClass: 69990K(70464K)->69990K(70464K) Class: 12218K(12608K)->12218K(12608K)
[90.136s][info ][gc             ] GC(22) Pause Young (Allocation Failure) 1797M->249M(1965M) 55.973ms
[90.136s][info ][gc,cpu         ] GC(22) User=0.21s Sys=0.00s Real=0.05s
[90.136s][info ][safepoint      ] Safepoint "ParallelGCFailedAllocation", Time since last: 791685670 ns, Reaching safepoint: 3700 ns, Cleanup: 9400 ns, At safepoint: 56041557 ns, Total: 56054657 ns
[91.136s][info ][safepoint      ] Safepoint "Cleanup", Time since last: 1000077435 ns, Reaching safepoint: 71000 ns, Cleanup: 19200 ns, At safepoint: 4400 ns, Total: 94600 ns
[92.136s][info ][safepoint      ] Safepoint "Cleanup", Time since last: 1000112835 ns, Reaching safepoint: 60500 ns, Cleanup: 52700 ns, At safepoint: 6200 ns, Total: 119400 ns
[93.137s][info ][safepoint      ] Safepoint "Cleanup", Time since last: 1000118268 ns, Reaching safepoint: 74599 ns, Cleanup: 19900 ns, At safepoint: 5900 ns, Total: 100399 ns
[93.979s][info ][gc,start       ] GC(23) Pause Young (Allocation Failure)
[94.033s][debug][gc,phases      ] GC(23) Scavenge 54.137ms
[94.033s][debug][gc,ref         ] GC(23) Skipped phase 1 of Reference Processing: no references
[94.033s][debug][gc,ref         ] GC(23) ReferenceProcessor::execute queues: 2, RefProcThreadModel::Multi, marks_oops_alive: false
[94.033s][debug][gc,ref         ] GC(23) Skipped phase 3 of Reference Processing: no references
[94.033s][debug][gc,ref         ] GC(23) ReferenceProcessor::execute queues: 1, RefProcThreadModel::Single, marks_oops_alive: false
[94.033s][debug][gc,phases      ] GC(23) Reference Processing 0.191ms
[94.033s][debug][gc,phases      ] GC(23)   VM Weak                        Min:  0.0, Avg:  0.0, Max:  0.0, Diff:  0.0, Sum:  0.0, Workers: 4
[94.033s][debug][gc,phases      ] GC(23)     Dead                           Min: 0, Avg:  0.0, Max: 0, Diff: 0, Sum: 0, Workers: 4
[94.033s][debug][gc,phases      ] GC(23)     Total                          Min: 0, Avg: 178.2, Max: 576, Diff: 576, Sum: 713, Workers: 4
[94.033s][debug][gc,phases      ] GC(23)   ObjectSynchronizer Weak        Min:  0.0, Avg:  0.0, Max:  0.0, Diff:  0.0, Sum:  0.0, Workers: 4
[94.033s][debug][gc,phases      ] GC(23)     Dead                           Min: 0, Avg:  0.0, Max: 0, Diff: 0, Sum: 0, Workers: 4
[94.033s][debug][gc,phases      ] GC(23)     Total                          Min: 0, Avg:  1.5, Max: 6, Diff: 6, Sum: 6, Workers: 4
[94.033s][debug][gc,phases      ] GC(23)   JVMTI Tag Weak OopStorage      Min:  0.0, Avg:  0.0, Max:  0.0, Diff:  0.0, Sum:  0.0, Workers: 4
[94.033s][debug][gc,phases      ] GC(23)     Dead                           Min: 0, Avg:  0.0, Max: 0, Diff: 0, Sum: 0, Workers: 4
[94.033s][debug][gc,phases      ] GC(23)     Total                          Min: 0, Avg:  0.0, Max: 0, Diff: 0, Sum: 0, Workers: 4
[94.033s][debug][gc,phases      ] GC(23)   StringTable Weak               Min:  0.0, Avg:  0.1, Max:  0.2, Diff:  0.2, Sum:  0.5, Workers: 4
[94.033s][debug][gc,phases      ] GC(23)     Dead                           Min: 0, Avg:  0.0, Max: 0, Diff: 0, Sum: 0, Workers: 4
[94.033s][debug][gc,phases      ] GC(23)     Total                          Min: 0, Avg: 10793.2, Max: 19493, Diff: 19493, Sum: 43173, Workers: 4
[94.033s][debug][gc,phases      ] GC(23)   ResolvedMethodTable Weak       Min:  0.0, Avg:  0.0, Max:  0.1, Diff:  0.1, Sum:  0.1, Workers: 4
[94.033s][debug][gc,phases      ] GC(23)     Dead                           Min: 0, Avg:  0.0, Max: 0, Diff: 0, Sum: 0, Workers: 4
[94.033s][debug][gc,phases      ] GC(23)     Total                          Min: 0, Avg: 2509.5, Max: 4726, Diff: 4726, Sum: 10038, Workers: 4
[94.033s][debug][gc,phases      ] GC(23)   JNI Weak                       Min:  0.0, Avg:  0.0, Max:  0.0, Diff:  0.0, Sum:  0.0, Workers: 4
[94.033s][debug][gc,phases      ] GC(23)     Dead                           Min: 0, Avg:  0.0, Max: 0, Diff: 0, Sum: 0, Workers: 4
[94.033s][debug][gc,phases      ] GC(23)     Total                          Min: 0, Avg: 11.2, Max: 45, Diff: 45, Sum: 45, Workers: 4
[94.033s][debug][gc,phases      ] GC(23)   StringDedup Table Weak         Min:  0.0, Avg:  0.0, Max:  0.0, Diff:  0.0, Sum:  0.0, Workers: 4
[94.033s][debug][gc,phases      ] GC(23)     Dead                           Min: 0, Avg:  0.0, Max: 0, Diff: 0, Sum: 0, Workers: 4
[94.033s][debug][gc,phases      ] GC(23)     Total                          Min: 0, Avg:  0.0, Max: 0, Diff: 0, Sum: 0, Workers: 4
[94.033s][debug][gc,phases      ] GC(23)   StringDedup Requests0 Weak     Min:  0.0, Avg:  0.0, Max:  0.0, Diff:  0.0, Sum:  0.0, Workers: 4
[94.033s][debug][gc,phases      ] GC(23)     Dead                           Min: 0, Avg:  0.0, Max: 0, Diff: 0, Sum: 0, Workers: 4
[94.033s][debug][gc,phases      ] GC(23)     Total                          Min: 0, Avg:  0.0, Max: 0, Diff: 0, Sum: 0, Workers: 4
[94.033s][debug][gc,phases      ] GC(23)   StringDedup Requests1 Weak     Min:  0.0, Avg:  0.0, Max:  0.0, Diff:  0.0, Sum:  0.0, Workers: 4
[94.033s][debug][gc,phases      ] GC(23)     Dead                           Min: 0, Avg:  0.0, Max: 0, Diff: 0, Sum: 0, Workers: 4
[94.033s][debug][gc,phases      ] GC(23)     Total                          Min: 0, Avg:  0.0, Max: 0, Diff: 0, Sum: 0, Workers: 4
[94.033s][debug][gc,phases      ] GC(23)   Weak JFR Old Object Samples    Min:  0.0, Avg:  0.0, Max:  0.0, Diff:  0.0, Sum:  0.0, Workers: 4
[94.033s][debug][gc,phases      ] GC(23)     Dead                           Min: 0, Avg:  0.0, Max: 0, Diff: 0, Sum: 0, Workers: 4
[94.033s][debug][gc,phases      ] GC(23)     Total                          Min: 0, Avg:  0.0, Max: 0, Diff: 0, Sum: 0, Workers: 4
[94.033s][debug][gc,phases      ] GC(23) Weak Processing 0.390ms
[94.033s][debug][gc,age         ] GC(23) Desired survivor size 251133952 bytes, new threshold 15 (max threshold 15)
[94.033s][info ][gc,heap        ] GC(23) PSYoungGen: 1757050K(1857024K)->91178K(1704448K) Eden: 1612800K(1612800K)->0K(1612800K) From: 144250K(244224K)->91178K(91648K)
[94.033s][info ][gc,heap        ] GC(23) ParOldGen: 111146K(155136K)->165966K(166400K)
[94.034s][info ][gc,metaspace   ] GC(23) Metaspace: 82267K(83136K)->82267K(83136K) NonClass: 70041K(70528K)->70041K(70528K) Class: 12226K(12608K)->12226K(12608K)
[94.034s][info ][gc             ] GC(23) Pause Young (Allocation Failure) 1824M->251M(1827M) 54.838ms
[94.034s][info ][gc,cpu         ] GC(23) User=0.19s Sys=0.02s Real=0.06s
[94.034s][debug][gc,phases      ] GC(24) Pre Compact 0.008ms
[94.034s][info ][gc,start       ] GC(24) Pause Full (Ergonomics)
[94.034s][info ][gc,phases,start] GC(24) Marking Phase
[94.121s][debug][gc,phases      ] GC(24) Par Mark 87.242ms
[94.121s][debug][gc,ref         ] GC(24) Skipped phase 1 of Reference Processing: no references
[94.121s][debug][gc,ref         ] GC(24) ReferenceProcessor::execute queues: 4, RefProcThreadModel::Multi, marks_oops_alive: false
[94.122s][debug][gc,ref         ] GC(24) Skipped phase 3 of Reference Processing: no references
[94.122s][debug][gc,ref         ] GC(24) ReferenceProcessor::execute queues: 1, RefProcThreadModel::Single, marks_oops_alive: false
[94.122s][debug][gc,phases      ] GC(24) Reference Processing 0.763ms
[94.122s][debug][gc,phases      ] GC(24)   VM Weak                        Min:  0.0, Avg:  0.0, Max:  0.0, Diff:  0.0, Sum:  0.0, Workers: 4
[94.122s][debug][gc,phases      ] GC(24)     Dead                           Min: 0, Avg:  0.0, Max: 0, Diff: 0, Sum: 0, Workers: 4
[94.122s][debug][gc,phases      ] GC(24)     Total                          Min: 73, Avg: 178.2, Max: 320, Diff: 247, Sum: 713, Workers: 4
[94.122s][debug][gc,phases      ] GC(24)   ObjectSynchronizer Weak        Min:  0.0, Avg:  0.0, Max:  0.0, Diff:  0.0, Sum:  0.0, Workers: 4
[94.122s][debug][gc,phases      ] GC(24)     Dead                           Min: 0, Avg:  0.0, Max: 0, Diff: 0, Sum: 0, Workers: 4
[94.122s][debug][gc,phases      ] GC(24)     Total                          Min: 0, Avg:  1.5, Max: 6, Diff: 6, Sum: 6, Workers: 4
[94.122s][debug][gc,phases      ] GC(24)   JVMTI Tag Weak OopStorage      Min:  0.0, Avg:  0.0, Max:  0.0, Diff:  0.0, Sum:  0.0, Workers: 4
[94.122s][debug][gc,phases      ] GC(24)     Dead                           Min: 0, Avg:  0.0, Max: 0, Diff: 0, Sum: 0, Workers: 4
[94.122s][debug][gc,phases      ] GC(24)     Total                          Min: 0, Avg:  0.0, Max: 0, Diff: 0, Sum: 0, Workers: 4
[94.122s][debug][gc,phases      ] GC(24)   StringTable Weak               Min:  0.1, Avg:  0.1, Max:  0.2, Diff:  0.0, Sum:  0.6, Workers: 4
[94.122s][debug][gc,phases      ] GC(24)     Dead                           Min: 0, Avg:  0.0, Max: 0, Diff: 0, Sum: 0, Workers: 4
[94.122s][debug][gc,phases      ] GC(24)     Total                          Min: 9536, Avg: 10793.2, Max: 11493, Diff: 1957, Sum: 43173, Workers: 4
[94.122s][debug][gc,phases      ] GC(24)   ResolvedMethodTable Weak       Min:  0.0, Avg:  0.0, Max:  0.0, Diff:  0.0, Sum:  0.1, Workers: 4
[94.122s][debug][gc,phases      ] GC(24)     Dead                           Min: 0, Avg:  0.0, Max: 0, Diff: 0, Sum: 0, Workers: 4
[94.122s][debug][gc,phases      ] GC(24)     Total                          Min: 2432, Avg: 2509.5, Max: 2560, Diff: 128, Sum: 10038, Workers: 4
[94.122s][debug][gc,phases      ] GC(24)   JNI Weak                       Min:  0.0, Avg:  0.0, Max:  0.0, Diff:  0.0, Sum:  0.0, Workers: 4
[94.122s][debug][gc,phases      ] GC(24)     Dead                           Min: 0, Avg:  0.0, Max: 0, Diff: 0, Sum: 0, Workers: 4
[94.122s][debug][gc,phases      ] GC(24)     Total                          Min: 0, Avg: 11.2, Max: 45, Diff: 45, Sum: 45, Workers: 4
[94.122s][debug][gc,phases      ] GC(24)   StringDedup Table Weak         Min:  0.0, Avg:  0.0, Max:  0.0, Diff:  0.0, Sum:  0.0, Workers: 4
[94.122s][debug][gc,phases      ] GC(24)     Dead                           Min: 0, Avg:  0.0, Max: 0, Diff: 0, Sum: 0, Workers: 4
[94.122s][debug][gc,phases      ] GC(24)     Total                          Min: 0, Avg:  0.0, Max: 0, Diff: 0, Sum: 0, Workers: 4
[94.122s][debug][gc,phases      ] GC(24)   StringDedup Requests0 Weak     Min:  0.0, Avg:  0.0, Max:  0.0, Diff:  0.0, Sum:  0.0, Workers: 4
[94.122s][debug][gc,phases      ] GC(24)     Dead                           Min: 0, Avg:  0.0, Max: 0, Diff: 0, Sum: 0, Workers: 4
[94.122s][debug][gc,phases      ] GC(24)     Total                          Min: 0, Avg:  0.0, Max: 0, Diff: 0, Sum: 0, Workers: 4
[94.122s][debug][gc,phases      ] GC(24)   StringDedup Requests1 Weak     Min:  0.0, Avg:  0.0, Max:  0.0, Diff:  0.0, Sum:  0.0, Workers: 4
[94.122s][debug][gc,phases      ] GC(24)     Dead                           Min: 0, Avg:  0.0, Max: 0, Diff: 0, Sum: 0, Workers: 4
[94.122s][debug][gc,phases      ] GC(24)     Total                          Min: 0, Avg:  0.0, Max: 0, Diff: 0, Sum: 0, Workers: 4
[94.122s][debug][gc,phases      ] GC(24)   Weak JFR Old Object Samples    Min:  0.0, Avg:  0.0, Max:  0.0, Diff:  0.0, Sum:  0.0, Workers: 4
[94.122s][debug][gc,phases      ] GC(24)     Dead                           Min: 0, Avg:  0.0, Max: 0, Diff: 0, Sum: 0, Workers: 4
[94.122s][debug][gc,phases      ] GC(24)     Total                          Min: 0, Avg:  0.0, Max: 0, Diff: 0, Sum: 0, Workers: 4
[94.122s][debug][gc,phases      ] GC(24) Weak Processing 0.344ms
[94.122s][debug][gc,phases      ] GC(24) ClassLoaderData 0.082ms
[94.122s][debug][gc,phases      ] GC(24) Trigger cleanups 0.000ms
[94.137s][debug][gc,phases      ] GC(24) Class Unloading 15.022ms
[94.137s][debug][gc,phases      ] GC(24) Report Object Count 0.001ms
[94.137s][info ][gc,phases      ] GC(24) Marking Phase 103.521ms
[94.137s][info ][gc,phases,start] GC(24) Summary Phase
[94.137s][info ][gc,phases      ] GC(24) Summary Phase 0.007ms
[94.137s][info ][gc,phases,start] GC(24) Adjust Roots
[94.152s][info ][gc,phases      ] GC(24) Adjust Roots 14.905ms
[94.152s][info ][gc,phases,start] GC(24) Compaction Phase
[94.385s][info ][gc,phases      ] GC(24) Compaction Phase 232.825ms
[94.385s][info ][gc,phases,start] GC(24) Post Compact
[94.386s][info ][gc,phases      ] GC(24) Post Compact 1.264ms
[94.386s][info ][gc,heap        ] GC(24) PSYoungGen: 91178K(1704448K)->90120K(1704448K) Eden: 0K(1612800K)->0K(1612800K) From: 91178K(91648K)->90120K(91648K)
[94.386s][info ][gc,heap        ] GC(24) ParOldGen: 165966K(166400K)->164133K(238592K)
[94.386s][info ][gc,metaspace   ] GC(24) Metaspace: 82267K(83136K)->82267K(83136K) NonClass: 70041K(70528K)->70041K(70528K) Class: 12226K(12608K)->12226K(12608K)
[94.386s][info ][gc             ] GC(24) Pause Full (Ergonomics) 251M->248M(1897M) 352.770ms
[94.386s][info ][gc,cpu         ] GC(24) User=1.06s Sys=0.00s Real=0.35s
[94.386s][info ][safepoint      ] Safepoint "ParallelGCFailedAllocation", Time since last: 842011877 ns, Reaching safepoint: 75500 ns, Cleanup: 16400 ns, At safepoint: 407728959 ns, Total: 407820859 ns
[95.387s][info ][safepoint      ] Safepoint "Cleanup", Time since last: 1000102793 ns, Reaching safepoint: 75799 ns, Cleanup: 10800 ns, At safepoint: 5900 ns, Total: 92499 ns
[96.387s][info ][safepoint      ] Safepoint "Cleanup", Time since last: 1000110493 ns, Reaching safepoint: 73499 ns, Cleanup: 16800 ns, At safepoint: 5000 ns, Total: 95299 ns
[97.387s][info ][safepoint      ] Safepoint "Cleanup", Time since last: 1000115593 ns, Reaching safepoint: 75900 ns, Cleanup: 25300 ns, At safepoint: 5999 ns, Total: 107199 ns
[97.838s][info ][gc,start       ] GC(25) Pause Young (Allocation Failure)
[97.904s][debug][gc,phases      ] GC(25) Scavenge 66.100ms
[97.904s][debug][gc,ref         ] GC(25) Skipped phase 1 of Reference Processing: no references
[97.904s][debug][gc,ref         ] GC(25) ReferenceProcessor::execute queues: 2, RefProcThreadModel::Multi, marks_oops_alive: false
[97.904s][debug][gc,ref         ] GC(25) Skipped phase 3 of Reference Processing: no references
[97.904s][debug][gc,ref         ] GC(25) ReferenceProcessor::execute queues: 1, RefProcThreadModel::Single, marks_oops_alive: false
[97.904s][debug][gc,phases      ] GC(25) Reference Processing 0.182ms
[97.905s][debug][gc,phases      ] GC(25)   VM Weak                        Min:  0.0, Avg:  0.0, Max:  0.0, Diff:  0.0, Sum:  0.0, Workers: 4
[97.905s][debug][gc,phases      ] GC(25)     Dead                           Min: 0, Avg:  0.0, Max: 0, Diff: 0, Sum: 0, Workers: 4
[97.905s][debug][gc,phases      ] GC(25)     Total                          Min: 64, Avg: 178.2, Max: 448, Diff: 384, Sum: 713, Workers: 4
[97.905s][debug][gc,phases      ] GC(25)   ObjectSynchronizer Weak        Min:  0.0, Avg:  0.0, Max:  0.0, Diff:  0.0, Sum:  0.0, Workers: 4
[97.905s][debug][gc,phases      ] GC(25)     Dead                           Min: 0, Avg:  0.0, Max: 0, Diff: 0, Sum: 0, Workers: 4
[97.905s][debug][gc,phases      ] GC(25)     Total                          Min: 0, Avg:  1.5, Max: 6, Diff: 6, Sum: 6, Workers: 4
[97.905s][debug][gc,phases      ] GC(25)   JVMTI Tag Weak OopStorage      Min:  0.0, Avg:  0.0, Max:  0.0, Diff:  0.0, Sum:  0.0, Workers: 4
[97.905s][debug][gc,phases      ] GC(25)     Dead                           Min: 0, Avg:  0.0, Max: 0, Diff: 0, Sum: 0, Workers: 4
[97.905s][debug][gc,phases      ] GC(25)     Total                          Min: 0, Avg:  0.0, Max: 0, Diff: 0, Sum: 0, Workers: 4
[97.905s][debug][gc,phases      ] GC(25)   StringTable Weak               Min:  0.1, Avg:  0.1, Max:  0.1, Diff:  0.0, Sum:  0.5, Workers: 4
[97.905s][debug][gc,phases      ] GC(25)     Dead                           Min: 0, Avg:  0.2, Max: 1, Diff: 1, Sum: 1, Workers: 4
[97.905s][debug][gc,phases      ] GC(25)     Total                          Min: 9408, Avg: 10802.0, Max: 11712, Diff: 2304, Sum: 43208, Workers: 4
[97.905s][debug][gc,phases      ] GC(25)   ResolvedMethodTable Weak       Min:  0.0, Avg:  0.0, Max:  0.0, Diff:  0.0, Sum:  0.1, Workers: 4
[97.905s][debug][gc,phases      ] GC(25)     Dead                           Min: 0, Avg:  0.0, Max: 0, Diff: 0, Sum: 0, Workers: 4
[97.905s][debug][gc,phases      ] GC(25)     Total                          Min: 2367, Avg: 2511.8, Max: 2688, Diff: 321, Sum: 10047, Workers: 4
[97.905s][debug][gc,phases      ] GC(25)   JNI Weak                       Min:  0.0, Avg:  0.0, Max:  0.0, Diff:  0.0, Sum:  0.0, Workers: 4
[97.905s][debug][gc,phases      ] GC(25)     Dead                           Min: 0, Avg:  0.0, Max: 0, Diff: 0, Sum: 0, Workers: 4
[97.905s][debug][gc,phases      ] GC(25)     Total                          Min: 0, Avg: 11.2, Max: 45, Diff: 45, Sum: 45, Workers: 4
[97.905s][debug][gc,phases      ] GC(25)   StringDedup Table Weak         Min:  0.0, Avg:  0.0, Max:  0.0, Diff:  0.0, Sum:  0.0, Workers: 4
[97.905s][debug][gc,phases      ] GC(25)     Dead                           Min: 0, Avg:  0.0, Max: 0, Diff: 0, Sum: 0, Workers: 4
[97.905s][debug][gc,phases      ] GC(25)     Total                          Min: 0, Avg:  0.0, Max: 0, Diff: 0, Sum: 0, Workers: 4
[97.905s][debug][gc,phases      ] GC(25)   StringDedup Requests0 Weak     Min:  0.0, Avg:  0.0, Max:  0.0, Diff:  0.0, Sum:  0.0, Workers: 4
[97.905s][debug][gc,phases      ] GC(25)     Dead                           Min: 0, Avg:  0.0, Max: 0, Diff: 0, Sum: 0, Workers: 4
[97.905s][debug][gc,phases      ] GC(25)     Total                          Min: 0, Avg:  0.0, Max: 0, Diff: 0, Sum: 0, Workers: 4
[97.905s][debug][gc,phases      ] GC(25)   StringDedup Requests1 Weak     Min:  0.0, Avg:  0.0, Max:  0.0, Diff:  0.0, Sum:  0.0, Workers: 4
[97.905s][debug][gc,phases      ] GC(25)     Dead                           Min: 0, Avg:  0.0, Max: 0, Diff: 0, Sum: 0, Workers: 4
[97.905s][debug][gc,phases      ] GC(25)     Total                          Min: 0, Avg:  0.0, Max: 0, Diff: 0, Sum: 0, Workers: 4
[97.905s][debug][gc,phases      ] GC(25)   Weak JFR Old Object Samples    Min:  0.0, Avg:  0.0, Max:  0.0, Diff:  0.0, Sum:  0.0, Workers: 4
[97.905s][debug][gc,phases      ] GC(25)     Dead                           Min: 0, Avg:  0.0, Max: 0, Diff: 0, Sum: 0, Workers: 4
[97.905s][debug][gc,phases      ] GC(25)     Total                          Min: 0, Avg:  0.0, Max: 0, Diff: 0, Sum: 0, Workers: 4
[97.905s][debug][gc,phases      ] GC(25) Weak Processing 0.345ms
[97.905s][debug][gc,age         ] GC(25) Desired survivor size 266862592 bytes, new threshold 15 (max threshold 15)
[97.905s][info ][gc,heap        ] GC(25) PSYoungGen: 1702920K(1704448K)->15065K(1821184K) Eden: 1612800K(1612800K)->0K(1575936K) From: 90120K(91648K)->15065K(245248K)
[97.905s][info ][gc,heap        ] GC(25) ParOldGen: 164133K(238592K)->241809K(242176K)
[97.905s][info ][gc,metaspace   ] GC(25) Metaspace: 82289K(83136K)->82289K(83136K) NonClass: 70059K(70528K)->70059K(70528K) Class: 12230K(12608K)->12230K(12608K)
[97.905s][info ][gc             ] GC(25) Pause Young (Allocation Failure) 1823M->250M(2015M) 66.752ms
[97.905s][info ][gc,cpu         ] GC(25) User=0.23s Sys=0.01s Real=0.07s
[97.905s][debug][gc,phases      ] GC(26) Pre Compact 0.009ms
[97.905s][info ][gc,start       ] GC(26) Pause Full (Ergonomics)
[97.905s][info ][gc,phases,start] GC(26) Marking Phase
[97.992s][debug][gc,phases      ] GC(26) Par Mark 86.999ms
[97.992s][debug][gc,ref         ] GC(26) Skipped phase 1 of Reference Processing: no references
[97.992s][debug][gc,ref         ] GC(26) ReferenceProcessor::execute queues: 4, RefProcThreadModel::Multi, marks_oops_alive: false
[97.993s][debug][gc,ref         ] GC(26) Skipped phase 3 of Reference Processing: no references
[97.993s][debug][gc,ref         ] GC(26) ReferenceProcessor::execute queues: 1, RefProcThreadModel::Single, marks_oops_alive: false
[97.993s][debug][gc,phases      ] GC(26) Reference Processing 0.957ms
[97.993s][debug][gc,phases      ] GC(26)   VM Weak                        Min:  0.0, Avg:  0.0, Max:  0.0, Diff:  0.0, Sum:  0.0, Workers: 4
[97.993s][debug][gc,phases      ] GC(26)     Dead                           Min: 0, Avg:  0.0, Max: 0, Diff: 0, Sum: 0, Workers: 4
[97.993s][debug][gc,phases      ] GC(26)     Total                          Min: 0, Avg: 178.2, Max: 320, Diff: 320, Sum: 713, Workers: 4
[97.993s][debug][gc,phases      ] GC(26)   ObjectSynchronizer Weak        Min:  0.0, Avg:  0.0, Max:  0.0, Diff:  0.0, Sum:  0.0, Workers: 4
[97.993s][debug][gc,phases      ] GC(26)     Dead                           Min: 0, Avg:  0.0, Max: 0, Diff: 0, Sum: 0, Workers: 4
[97.993s][debug][gc,phases      ] GC(26)     Total                          Min: 0, Avg:  1.5, Max: 6, Diff: 6, Sum: 6, Workers: 4
[97.993s][debug][gc,phases      ] GC(26)   JVMTI Tag Weak OopStorage      Min:  0.0, Avg:  0.0, Max:  0.0, Diff:  0.0, Sum:  0.0, Workers: 4
[97.993s][debug][gc,phases      ] GC(26)     Dead                           Min: 0, Avg:  0.0, Max: 0, Diff: 0, Sum: 0, Workers: 4
[97.993s][debug][gc,phases      ] GC(26)     Total                          Min: 0, Avg:  0.0, Max: 0, Diff: 0, Sum: 0, Workers: 4
[97.993s][debug][gc,phases      ] GC(26)   StringTable Weak               Min:  0.0, Avg:  0.1, Max:  0.2, Diff:  0.2, Sum:  0.6, Workers: 4
[97.993s][debug][gc,phases      ] GC(26)     Dead                           Min: 0, Avg:  0.0, Max: 0, Diff: 0, Sum: 0, Workers: 4
[97.993s][debug][gc,phases      ] GC(26)     Total                          Min: 0, Avg: 10802.0, Max: 14463, Diff: 14463, Sum: 43208, Workers: 4
[97.993s][debug][gc,phases      ] GC(26)   ResolvedMethodTable Weak       Min:  0.0, Avg:  0.0, Max:  0.0, Diff:  0.0, Sum:  0.1, Workers: 4
[97.993s][debug][gc,phases      ] GC(26)     Dead                           Min: 0, Avg:  0.0, Max: 0, Diff: 0, Sum: 0, Workers: 4
[97.993s][debug][gc,phases      ] GC(26)     Total                          Min: 0, Avg: 2511.8, Max: 3392, Diff: 3392, Sum: 10047, Workers: 4
[97.993s][debug][gc,phases      ] GC(26)   JNI Weak                       Min:  0.0, Avg:  0.0, Max:  0.0, Diff:  0.0, Sum:  0.0, Workers: 4
[97.993s][debug][gc,phases      ] GC(26)     Dead                           Min: 0, Avg:  0.0, Max: 0, Diff: 0, Sum: 0, Workers: 4
[97.993s][debug][gc,phases      ] GC(26)     Total                          Min: 0, Avg: 11.2, Max: 45, Diff: 45, Sum: 45, Workers: 4
[97.993s][debug][gc,phases      ] GC(26)   StringDedup Table Weak         Min:  0.0, Avg:  0.0, Max:  0.0, Diff:  0.0, Sum:  0.0, Workers: 4
[97.993s][debug][gc,phases      ] GC(26)     Dead                           Min: 0, Avg:  0.0, Max: 0, Diff: 0, Sum: 0, Workers: 4
[97.993s][debug][gc,phases      ] GC(26)     Total                          Min: 0, Avg:  0.0, Max: 0, Diff: 0, Sum: 0, Workers: 4
[97.993s][debug][gc,phases      ] GC(26)   StringDedup Requests0 Weak     Min:  0.0, Avg:  0.0, Max:  0.0, Diff:  0.0, Sum:  0.0, Workers: 4
[97.993s][debug][gc,phases      ] GC(26)     Dead                           Min: 0, Avg:  0.0, Max: 0, Diff: 0, Sum: 0, Workers: 4
[97.993s][debug][gc,phases      ] GC(26)     Total                          Min: 0, Avg:  0.0, Max: 0, Diff: 0, Sum: 0, Workers: 4
[97.993s][debug][gc,phases      ] GC(26)   StringDedup Requests1 Weak     Min:  0.0, Avg:  0.0, Max:  0.0, Diff:  0.0, Sum:  0.0, Workers: 4
[97.993s][debug][gc,phases      ] GC(26)     Dead                           Min: 0, Avg:  0.0, Max: 0, Diff: 0, Sum: 0, Workers: 4
[97.993s][debug][gc,phases      ] GC(26)     Total                          Min: 0, Avg:  0.0, Max: 0, Diff: 0, Sum: 0, Workers: 4
[97.993s][debug][gc,phases      ] GC(26)   Weak JFR Old Object Samples    Min:  0.0, Avg:  0.0, Max:  0.0, Diff:  0.0, Sum:  0.0, Workers: 4
[97.993s][debug][gc,phases      ] GC(26)     Dead                           Min: 0, Avg:  0.0, Max: 0, Diff: 0, Sum: 0, Workers: 4
[97.993s][debug][gc,phases      ] GC(26)     Total                          Min: 0, Avg:  0.0, Max: 0, Diff: 0, Sum: 0, Workers: 4
[97.993s][debug][gc,phases      ] GC(26) Weak Processing 0.513ms
[97.994s][debug][gc,phases      ] GC(26) ClassLoaderData 0.087ms
[97.994s][debug][gc,phases      ] GC(26) Trigger cleanups 0.000ms
[98.009s][debug][gc,phases      ] GC(26) Class Unloading 15.224ms
[98.009s][debug][gc,phases      ] GC(26) Report Object Count 0.001ms
[98.009s][info ][gc,phases      ] GC(26) Marking Phase 103.872ms
[98.009s][info ][gc,phases,start] GC(26) Summary Phase
[98.009s][info ][gc,phases      ] GC(26) Summary Phase 0.007ms
[98.009s][info ][gc,phases,start] GC(26) Adjust Roots
[98.018s][info ][gc,phases      ] GC(26) Adjust Roots 9.789ms
[98.018s][info ][gc,phases,start] GC(26) Compaction Phase
[98.126s][info ][gc,phases      ] GC(26) Compaction Phase 107.876ms
[98.126s][info ][gc,phases,start] GC(26) Post Compact
[98.127s][info ][gc,phases      ] GC(26) Post Compact 0.656ms
[98.127s][info ][gc,heap        ] GC(26) PSYoungGen: 15065K(1821184K)->12417K(1821184K) Eden: 0K(1575936K)->0K(1575936K) From: 15065K(245248K)->12417K(245248K)
[98.127s][info ][gc,heap        ] GC(26) ParOldGen: 241809K(242176K)->241941K(351232K)
[98.127s][info ][gc,metaspace   ] GC(26) Metaspace: 82289K(83136K)->82289K(83136K) NonClass: 70059K(70528K)->70059K(70528K) Class: 12230K(12608K)->12230K(12608K)
[98.127s][info ][gc             ] GC(26) Pause Full (Ergonomics) 250M->248M(2121M) 222.455ms
[98.127s][info ][gc,cpu         ] GC(26) User=0.75s Sys=0.00s Real=0.22s
[98.127s][info ][safepoint      ] Safepoint "ParallelGCFailedAllocation", Time since last: 450942360 ns, Reaching safepoint: 4400 ns, Cleanup: 25400 ns, At safepoint: 289327932 ns, Total: 289357732 ns
[99.127s][info ][safepoint      ] Safepoint "Cleanup", Time since last: 1000083293 ns, Reaching safepoint: 4100 ns, Cleanup: 10000 ns, At safepoint: 1400 ns, Total: 15500 ns
[100.128s][info ][safepoint      ] Safepoint "Cleanup", Time since last: 1000109292 ns, Reaching safepoint: 74500 ns, Cleanup: 10500 ns, At safepoint: 5800 ns, Total: 90800 ns
[101.128s][info ][safepoint      ] Safepoint "Cleanup", Time since last: 1000112892 ns, Reaching safepoint: 77300 ns, Cleanup: 24100 ns, At safepoint: 8600 ns, Total: 110000 ns
[102.128s][info ][safepoint      ] Safepoint "Cleanup", Time since last: 1000100000 ns, Reaching safepoint: 3700 ns, Cleanup: 103400 ns, At safepoint: 4300 ns, Total: 111400 ns
[103.289s][info ][safepoint      ] Safepoint "Cleanup", Time since last: 1160726153 ns, Reaching safepoint: 5200 ns, Cleanup: 68700 ns, At safepoint: 11300 ns, Total: 85200 ns
[103.579s][info ][gc,start       ] GC(27) Pause Young (Allocation Failure)
[103.621s][debug][gc,phases      ] GC(27) Scavenge 42.711ms
[103.622s][debug][gc,ref         ] GC(27) Skipped phase 1 of Reference Processing: no references
[103.622s][debug][gc,ref         ] GC(27) ReferenceProcessor::execute queues: 1, RefProcThreadModel::Single, marks_oops_alive: false
[103.622s][debug][gc,ref         ] GC(27) Skipped phase 3 of Reference Processing: no references
[103.622s][debug][gc,ref         ] GC(27) ReferenceProcessor::execute queues: 1, RefProcThreadModel::Single, marks_oops_alive: false
[103.622s][debug][gc,phases      ] GC(27) Reference Processing 0.104ms
[103.622s][debug][gc,phases      ] GC(27)   VM Weak                        Min:  0.0, Avg:  0.0, Max:  0.0, Diff:  0.0, Sum:  0.0, Workers: 4
[103.622s][debug][gc,phases      ] GC(27)     Dead                           Min: 0, Avg:  0.0, Max: 0, Diff: 0, Sum: 0, Workers: 4
[103.622s][debug][gc,phases      ] GC(27)     Total                          Min: 0, Avg: 178.2, Max: 384, Diff: 384, Sum: 713, Workers: 4
[103.622s][debug][gc,phases      ] GC(27)   ObjectSynchronizer Weak        Min:  0.0, Avg:  0.0, Max:  0.0, Diff:  0.0, Sum:  0.0, Workers: 4
[103.622s][debug][gc,phases      ] GC(27)     Dead                           Min: 0, Avg:  0.0, Max: 0, Diff: 0, Sum: 0, Workers: 4
[103.622s][debug][gc,phases      ] GC(27)     Total                          Min: 0, Avg:  1.5, Max: 6, Diff: 6, Sum: 6, Workers: 4
[103.622s][debug][gc,phases      ] GC(27)   JVMTI Tag Weak OopStorage      Min:  0.0, Avg:  0.0, Max:  0.0, Diff:  0.0, Sum:  0.0, Workers: 4
[103.622s][debug][gc,phases      ] GC(27)     Dead                           Min: 0, Avg:  0.0, Max: 0, Diff: 0, Sum: 0, Workers: 4
[103.622s][debug][gc,phases      ] GC(27)     Total                          Min: 0, Avg:  0.0, Max: 0, Diff: 0, Sum: 0, Workers: 4
[103.622s][debug][gc,phases      ] GC(27)   StringTable Weak               Min:  0.0, Avg:  0.1, Max:  0.1, Diff:  0.1, Sum:  0.4, Workers: 4
[103.622s][debug][gc,phases      ] GC(27)     Dead                           Min: 0, Avg:  0.0, Max: 0, Diff: 0, Sum: 0, Workers: 4
[103.622s][debug][gc,phases      ] GC(27)     Total                          Min: 0, Avg: 10810.2, Max: 18601, Diff: 18601, Sum: 43241, Workers: 4
[103.622s][debug][gc,phases      ] GC(27)   ResolvedMethodTable Weak       Min:  0.0, Avg:  0.0, Max:  0.0, Diff:  0.0, Sum:  0.1, Workers: 4
[103.622s][debug][gc,phases      ] GC(27)     Dead                           Min: 0, Avg:  0.0, Max: 0, Diff: 0, Sum: 0, Workers: 4
[103.622s][debug][gc,phases      ] GC(27)     Total                          Min: 0, Avg: 2514.2, Max: 3786, Diff: 3786, Sum: 10057, Workers: 4
[103.622s][debug][gc,phases      ] GC(27)   JNI Weak                       Min:  0.0, Avg:  0.0, Max:  0.0, Diff:  0.0, Sum:  0.0, Workers: 4
[103.622s][debug][gc,phases      ] GC(27)     Dead                           Min: 0, Avg:  0.0, Max: 0, Diff: 0, Sum: 0, Workers: 4
[103.622s][debug][gc,phases      ] GC(27)     Total                          Min: 0, Avg: 11.2, Max: 45, Diff: 45, Sum: 45, Workers: 4
[103.622s][debug][gc,phases      ] GC(27)   StringDedup Table Weak         Min:  0.0, Avg:  0.0, Max:  0.0, Diff:  0.0, Sum:  0.0, Workers: 4
[103.622s][debug][gc,phases      ] GC(27)     Dead                           Min: 0, Avg:  0.0, Max: 0, Diff: 0, Sum: 0, Workers: 4
[103.622s][debug][gc,phases      ] GC(27)     Total                          Min: 0, Avg:  0.0, Max: 0, Diff: 0, Sum: 0, Workers: 4
[103.622s][debug][gc,phases      ] GC(27)   StringDedup Requests0 Weak     Min:  0.0, Avg:  0.0, Max:  0.0, Diff:  0.0, Sum:  0.0, Workers: 4
[103.622s][debug][gc,phases      ] GC(27)     Dead                           Min: 0, Avg:  0.0, Max: 0, Diff: 0, Sum: 0, Workers: 4
[103.622s][debug][gc,phases      ] GC(27)     Total                          Min: 0, Avg:  0.0, Max: 0, Diff: 0, Sum: 0, Workers: 4
[103.622s][debug][gc,phases      ] GC(27)   StringDedup Requests1 Weak     Min:  0.0, Avg:  0.0, Max:  0.0, Diff:  0.0, Sum:  0.0, Workers: 4
[103.622s][debug][gc,phases      ] GC(27)     Dead                           Min: 0, Avg:  0.0, Max: 0, Diff: 0, Sum: 0, Workers: 4
[103.622s][debug][gc,phases      ] GC(27)     Total                          Min: 0, Avg:  0.0, Max: 0, Diff: 0, Sum: 0, Workers: 4
[103.622s][debug][gc,phases      ] GC(27)   Weak JFR Old Object Samples    Min:  0.0, Avg:  0.0, Max:  0.0, Diff:  0.0, Sum:  0.0, Workers: 4
[103.622s][debug][gc,phases      ] GC(27)     Dead                           Min: 0, Avg:  0.0, Max: 0, Diff: 0, Sum: 0, Workers: 4
[103.622s][debug][gc,phases      ] GC(27)     Total                          Min: 0, Avg:  0.0, Max: 0, Diff: 0, Sum: 0, Workers: 4
[103.622s][debug][gc,phases      ] GC(27) Weak Processing 0.337ms
[103.622s][debug][gc,age         ] GC(27) Desired survivor size 275775488 bytes, new threshold 15 (max threshold 15)
[103.622s][info ][gc,heap        ] GC(27) PSYoungGen: 1588353K(1821184K)->22608K(1598976K) Eden: 1575936K(1575936K)->0K(1575936K) From: 12417K(245248K)->22608K(23040K)
[103.622s][info ][gc,heap        ] GC(27) ParOldGen: 241941K(351232K)->249686K(351232K)
[103.622s][info ][gc,metaspace   ] GC(27) Metaspace: 82339K(83264K)->82339K(83264K) NonClass: 70103K(70592K)->70103K(70592K) Class: 12236K(12672K)->12236K(12672K)
[103.622s][info ][gc             ] GC(27) Pause Young (Allocation Failure) 1787M->265M(1904M) 43.286ms
[103.622s][info ][gc,cpu         ] GC(27) User=0.14s Sys=0.00s Real=0.05s
[103.622s][info ][safepoint      ] Safepoint "ParallelGCFailedAllocation", Time since last: 289771639 ns, Reaching safepoint: 74800 ns, Cleanup: 8700 ns, At safepoint: 43358601 ns, Total: 43442101 ns
[104.622s][info ][safepoint      ] Safepoint "Cleanup", Time since last: 1000081020 ns, Reaching safepoint: 4300 ns, Cleanup: 12200 ns, At safepoint: 1900 ns, Total: 18400 ns
[105.219s][info ][safepoint      ] Safepoint "ICBufferFull", Time since last: 596790639 ns, Reaching safepoint: 4800 ns, Cleanup: 195900 ns, At safepoint: 8300 ns, Total: 209000 ns
[105.560s][info ][safepoint      ] Safepoint "ICBufferFull", Time since last: 340265224 ns, Reaching safepoint: 4900 ns, Cleanup: 154600 ns, At safepoint: 9499 ns, Total: 168999 ns
[106.499s][info ][safepoint      ] Safepoint "ICBufferFull", Time since last: 938763560 ns, Reaching safepoint: 164400 ns, Cleanup: 152799 ns, At safepoint: 6100 ns, Total: 323299 ns
[107.634s][info ][gc,start       ] GC(28) Pause Young (Allocation Failure)
[107.657s][debug][gc,phases      ] GC(28) Scavenge 23.085ms
[107.657s][debug][gc,ref         ] GC(28) Skipped phase 1 of Reference Processing: no references
[107.657s][debug][gc,ref         ] GC(28) ReferenceProcessor::execute queues: 1, RefProcThreadModel::Single, marks_oops_alive: false
[107.657s][debug][gc,ref         ] GC(28) Skipped phase 3 of Reference Processing: no references
[107.657s][debug][gc,ref         ] GC(28) ReferenceProcessor::execute queues: 1, RefProcThreadModel::Single, marks_oops_alive: false
[107.657s][debug][gc,phases      ] GC(28) Reference Processing 0.117ms
[107.658s][debug][gc,phases      ] GC(28)   VM Weak                        Min:  0.0, Avg:  0.0, Max:  0.0, Diff:  0.0, Sum:  0.0, Workers: 4
[107.658s][debug][gc,phases      ] GC(28)     Dead                           Min: 0, Avg:  0.0, Max: 0, Diff: 0, Sum: 0, Workers: 4
[107.658s][debug][gc,phases      ] GC(28)     Total                          Min: 0, Avg: 179.0, Max: 384, Diff: 384, Sum: 716, Workers: 4
[107.658s][debug][gc,phases      ] GC(28)   ObjectSynchronizer Weak        Min:  0.0, Avg:  0.0, Max:  0.0, Diff:  0.0, Sum:  0.0, Workers: 4
[107.658s][debug][gc,phases      ] GC(28)     Dead                           Min: 0, Avg:  0.0, Max: 0, Diff: 0, Sum: 0, Workers: 4
[107.658s][debug][gc,phases      ] GC(28)     Total                          Min: 0, Avg:  1.8, Max: 7, Diff: 7, Sum: 7, Workers: 4
[107.658s][debug][gc,phases      ] GC(28)   JVMTI Tag Weak OopStorage      Min:  0.0, Avg:  0.0, Max:  0.0, Diff:  0.0, Sum:  0.0, Workers: 4
[107.658s][debug][gc,phases      ] GC(28)     Dead                           Min: 0, Avg:  0.0, Max: 0, Diff: 0, Sum: 0, Workers: 4
[107.658s][debug][gc,phases      ] GC(28)     Total                          Min: 0, Avg:  0.0, Max: 0, Diff: 0, Sum: 0, Workers: 4
[107.658s][debug][gc,phases      ] GC(28)   StringTable Weak               Min:  0.1, Avg:  0.1, Max:  0.1, Diff:  0.0, Sum:  0.5, Workers: 4
[107.658s][debug][gc,phases      ] GC(28)     Dead                           Min: 0, Avg:  1.0, Max: 2, Diff: 2, Sum: 4, Workers: 4
[107.658s][debug][gc,phases      ] GC(28)     Total                          Min: 10515, Avg: 10836.8, Max: 11072, Diff: 557, Sum: 43347, Workers: 4
[107.658s][debug][gc,phases      ] GC(28)   ResolvedMethodTable Weak       Min:  0.0, Avg:  0.0, Max:  0.0, Diff:  0.0, Sum:  0.1, Workers: 4
[107.658s][debug][gc,phases      ] GC(28)     Dead                           Min: 0, Avg:  5.0, Max: 16, Diff: 16, Sum: 20, Workers: 4
[107.658s][debug][gc,phases      ] GC(28)     Total                          Min: 1216, Avg: 2544.2, Max: 3072, Diff: 1856, Sum: 10177, Workers: 4
[107.658s][debug][gc,phases      ] GC(28)   JNI Weak                       Min:  0.0, Avg:  0.0, Max:  0.0, Diff:  0.0, Sum:  0.0, Workers: 4
[107.658s][debug][gc,phases      ] GC(28)     Dead                           Min: 0, Avg:  0.0, Max: 0, Diff: 0, Sum: 0, Workers: 4
[107.658s][debug][gc,phases      ] GC(28)     Total                          Min: 0, Avg: 13.8, Max: 55, Diff: 55, Sum: 55, Workers: 4
[107.658s][debug][gc,phases      ] GC(28)   StringDedup Table Weak         Min:  0.0, Avg:  0.0, Max:  0.0, Diff:  0.0, Sum:  0.0, Workers: 4
[107.658s][debug][gc,phases      ] GC(28)     Dead                           Min: 0, Avg:  0.0, Max: 0, Diff: 0, Sum: 0, Workers: 4
[107.658s][debug][gc,phases      ] GC(28)     Total                          Min: 0, Avg:  0.0, Max: 0, Diff: 0, Sum: 0, Workers: 4
[107.658s][debug][gc,phases      ] GC(28)   StringDedup Requests0 Weak     Min:  0.0, Avg:  0.0, Max:  0.0, Diff:  0.0, Sum:  0.0, Workers: 4
[107.658s][debug][gc,phases      ] GC(28)     Dead                           Min: 0, Avg:  0.0, Max: 0, Diff: 0, Sum: 0, Workers: 4
[107.658s][debug][gc,phases      ] GC(28)     Total                          Min: 0, Avg:  0.0, Max: 0, Diff: 0, Sum: 0, Workers: 4
[107.658s][debug][gc,phases      ] GC(28)   StringDedup Requests1 Weak     Min:  0.0, Avg:  0.0, Max:  0.0, Diff:  0.0, Sum:  0.0, Workers: 4
[107.658s][debug][gc,phases      ] GC(28)     Dead                           Min: 0, Avg:  0.0, Max: 0, Diff: 0, Sum: 0, Workers: 4
[107.658s][debug][gc,phases      ] GC(28)     Total                          Min: 0, Avg:  0.0, Max: 0, Diff: 0, Sum: 0, Workers: 4
[107.658s][debug][gc,phases      ] GC(28)   Weak JFR Old Object Samples    Min:  0.0, Avg:  0.0, Max:  0.0, Diff:  0.0, Sum:  0.0, Workers: 4
[107.658s][debug][gc,phases      ] GC(28)     Dead                           Min: 0, Avg:  0.0, Max: 0, Diff: 0, Sum: 0, Workers: 4
[107.658s][debug][gc,phases      ] GC(28)     Total                          Min: 0, Avg:  0.0, Max: 0, Diff: 0, Sum: 0, Workers: 4
[107.658s][debug][gc,phases      ] GC(28) Weak Processing 0.320ms
[107.658s][debug][gc,age         ] GC(28) Desired survivor size 274202624 bytes, new threshold 15 (max threshold 15)
[107.658s][info ][gc,heap        ] GC(28) PSYoungGen: 1598544K(1598976K)->61872K(1829376K) Eden: 1575936K(1575936K)->0K(1560064K) From: 22608K(23040K)->61872K(269312K)
[107.658s][info ][gc,heap        ] GC(28) ParOldGen: 249686K(351232K)->249710K(351232K)
[107.658s][info ][gc,metaspace   ] GC(28) Metaspace: 82804K(83712K)->82804K(83712K) NonClass: 70512K(71040K)->70512K(71040K) Class: 12292K(12672K)->12292K(12672K)
[107.658s][info ][gc             ] GC(28) Pause Young (Allocation Failure) 1804M->304M(2129M) 23.638ms
[107.658s][info ][gc,cpu         ] GC(28) User=0.08s Sys=0.00s Real=0.02s
[107.658s][info ][safepoint      ] Safepoint "ParallelGCFailedAllocation", Time since last: 1135326912 ns, Reaching safepoint: 5700 ns, Cleanup: 111900 ns, At safepoint: 23713145 ns, Total: 23830745 ns
[108.658s][info ][safepoint      ] Safepoint "Cleanup", Time since last: 1000077420 ns, Reaching safepoint: 4100 ns, Cleanup: 60900 ns, At safepoint: 1700 ns, Total: 66700 ns
[109.995s][info ][safepoint      ] Safepoint "ICBufferFull", Time since last: 1336778155 ns, Reaching safepoint: 5900 ns, Cleanup: 172500 ns, At safepoint: 8800 ns, Total: 187200 ns
[111.173s][info ][safepoint      ] Safepoint "Cleanup", Time since last: 1177857742 ns, Reaching safepoint: 4800 ns, Cleanup: 118199 ns, At safepoint: 1700 ns, Total: 124699 ns
[112.173s][info ][safepoint      ] Safepoint "Cleanup", Time since last: 1000110143 ns, Reaching safepoint: 6700 ns, Cleanup: 44900 ns, At safepoint: 2200 ns, Total: 53800 ns
[113.173s][info ][safepoint      ] Safepoint "Cleanup", Time since last: 1000095243 ns, Reaching safepoint: 4200 ns, Cleanup: 34100 ns, At safepoint: 2000 ns, Total: 40300 ns
[114.142s][info ][gc,start       ] GC(29) Pause Young (Allocation Failure)
[114.165s][debug][gc,phases      ] GC(29) Scavenge 23.067ms
[114.165s][debug][gc,ref         ] GC(29) Skipped phase 1 of Reference Processing: no references
[114.165s][debug][gc,ref         ] GC(29) ReferenceProcessor::execute queues: 1, RefProcThreadModel::Single, marks_oops_alive: false
[114.165s][debug][gc,ref         ] GC(29) ReferenceProcessor::execute queues: 4, RefProcThreadModel::Multi, marks_oops_alive: true
[114.165s][debug][gc,ref         ] GC(29) ReferenceProcessor::execute queues: 1, RefProcThreadModel::Single, marks_oops_alive: false
[114.165s][debug][gc,phases      ] GC(29) Reference Processing 0.179ms
[114.165s][debug][gc,phases      ] GC(29)   VM Weak                        Min:  0.0, Avg:  0.0, Max:  0.0, Diff:  0.0, Sum:  0.0, Workers: 4
[114.165s][debug][gc,phases      ] GC(29)     Dead                           Min: 0, Avg:  0.0, Max: 0, Diff: 0, Sum: 0, Workers: 4
[114.165s][debug][gc,phases      ] GC(29)     Total                          Min: 0, Avg: 179.0, Max: 640, Diff: 640, Sum: 716, Workers: 4
[114.165s][debug][gc,phases      ] GC(29)   ObjectSynchronizer Weak        Min:  0.0, Avg:  0.0, Max:  0.0, Diff:  0.0, Sum:  0.0, Workers: 4
[114.165s][debug][gc,phases      ] GC(29)     Dead                           Min: 0, Avg:  0.2, Max: 1, Diff: 1, Sum: 1, Workers: 4
[114.165s][debug][gc,phases      ] GC(29)     Total                          Min: 0, Avg:  1.8, Max: 7, Diff: 7, Sum: 7, Workers: 4
[114.165s][debug][gc,phases      ] GC(29)   JVMTI Tag Weak OopStorage      Min:  0.0, Avg:  0.0, Max:  0.0, Diff:  0.0, Sum:  0.0, Workers: 4
[114.165s][debug][gc,phases      ] GC(29)     Dead                           Min: 0, Avg:  0.0, Max: 0, Diff: 0, Sum: 0, Workers: 4
[114.165s][debug][gc,phases      ] GC(29)     Total                          Min: 0, Avg:  0.0, Max: 0, Diff: 0, Sum: 0, Workers: 4
[114.165s][debug][gc,phases      ] GC(29)   StringTable Weak               Min:  0.0, Avg:  0.1, Max:  0.2, Diff:  0.2, Sum:  0.5, Workers: 4
[114.165s][debug][gc,phases      ] GC(29)     Dead                           Min: 0, Avg:  0.5, Max: 2, Diff: 2, Sum: 2, Workers: 4
[114.165s][debug][gc,phases      ] GC(29)     Total                          Min: 0, Avg: 10850.5, Max: 15050, Diff: 15050, Sum: 43402, Workers: 4
[114.165s][debug][gc,phases      ] GC(29)   ResolvedMethodTable Weak       Min:  0.0, Avg:  0.0, Max:  0.0, Diff:  0.0, Sum:  0.1, Workers: 4
[114.165s][debug][gc,phases      ] GC(29)     Dead                           Min: 0, Avg:  0.0, Max: 0, Diff: 0, Sum: 0, Workers: 4
[114.165s][debug][gc,phases      ] GC(29)     Total                          Min: 0, Avg: 2550.2, Max: 4288, Diff: 4288, Sum: 10201, Workers: 4
[114.165s][debug][gc,phases      ] GC(29)   JNI Weak                       Min:  0.0, Avg:  0.0, Max:  0.0, Diff:  0.0, Sum:  0.0, Workers: 4
[114.165s][debug][gc,phases      ] GC(29)     Dead                           Min: 0, Avg:  0.0, Max: 0, Diff: 0, Sum: 0, Workers: 4
[114.165s][debug][gc,phases      ] GC(29)     Total                          Min: 0, Avg: 13.8, Max: 55, Diff: 55, Sum: 55, Workers: 4
[114.165s][debug][gc,phases      ] GC(29)   StringDedup Table Weak         Min:  0.0, Avg:  0.0, Max:  0.0, Diff:  0.0, Sum:  0.0, Workers: 4
[114.165s][debug][gc,phases      ] GC(29)     Dead                           Min: 0, Avg:  0.0, Max: 0, Diff: 0, Sum: 0, Workers: 4
[114.165s][debug][gc,phases      ] GC(29)     Total                          Min: 0, Avg:  0.0, Max: 0, Diff: 0, Sum: 0, Workers: 4
[114.165s][debug][gc,phases      ] GC(29)   StringDedup Requests0 Weak     Min:  0.0, Avg:  0.0, Max:  0.0, Diff:  0.0, Sum:  0.0, Workers: 4
[114.165s][debug][gc,phases      ] GC(29)     Dead                           Min: 0, Avg:  0.0, Max: 0, Diff: 0, Sum: 0, Workers: 4
[114.165s][debug][gc,phases      ] GC(29)     Total                          Min: 0, Avg:  0.0, Max: 0, Diff: 0, Sum: 0, Workers: 4
[114.165s][debug][gc,phases      ] GC(29)   StringDedup Requests1 Weak     Min:  0.0, Avg:  0.0, Max:  0.0, Diff:  0.0, Sum:  0.0, Workers: 4
[114.165s][debug][gc,phases      ] GC(29)     Dead                           Min: 0, Avg:  0.0, Max: 0, Diff: 0, Sum: 0, Workers: 4
[114.165s][debug][gc,phases      ] GC(29)     Total                          Min: 0, Avg:  0.0, Max: 0, Diff: 0, Sum: 0, Workers: 4
[114.165s][debug][gc,phases      ] GC(29)   Weak JFR Old Object Samples    Min:  0.0, Avg:  0.0, Max:  0.0, Diff:  0.0, Sum:  0.0, Workers: 4
[114.165s][debug][gc,phases      ] GC(29)     Dead                           Min: 0, Avg:  0.0, Max: 0, Diff: 0, Sum: 0, Workers: 4
[114.165s][debug][gc,phases      ] GC(29)     Total                          Min: 0, Avg:  0.0, Max: 0, Diff: 0, Sum: 0, Workers: 4
[114.165s][debug][gc,phases      ] GC(29) Weak Processing 0.369ms
[114.165s][debug][gc,age         ] GC(29) Desired survivor size 268959744 bytes, new threshold 15 (max threshold 15)
[114.165s][info ][gc,heap        ] GC(29) PSYoungGen: 1621936K(1829376K)->69680K(1827840K) Eden: 1560064K(1560064K)->0K(1560064K) From: 61872K(269312K)->69680K(267776K)
[114.165s][info ][gc,heap        ] GC(29) ParOldGen: 249710K(351232K)->249726K(351232K)
[114.165s][info ][gc,metaspace   ] GC(29) Metaspace: 83098K(83968K)->83098K(83968K) NonClass: 70787K(71232K)->70787K(71232K) Class: 12311K(12736K)->12311K(12736K)
[114.165s][info ][gc             ] GC(29) Pause Young (Allocation Failure) 1827M->311M(2128M) 23.738ms
[114.165s][info ][gc,cpu         ] GC(29) User=0.08s Sys=0.00s Real=0.02s
[114.165s][info ][safepoint      ] Safepoint "ParallelGCFailedAllocation", Time since last: 968138015 ns, Reaching safepoint: 86300 ns, Cleanup: 47000 ns, At safepoint: 23827846 ns, Total: 23961146 ns
[115.166s][info ][safepoint      ] Safepoint "Cleanup", Time since last: 1000085743 ns, Reaching safepoint: 83900 ns, Cleanup: 129299 ns, At safepoint: 14900 ns, Total: 228099 ns
[116.166s][info ][safepoint      ] Safepoint "Cleanup", Time since last: 1000104643 ns, Reaching safepoint: 4900 ns, Cleanup: 96300 ns, At safepoint: 5200 ns, Total: 106400 ns
[117.166s][info ][safepoint      ] Safepoint "Cleanup", Time since last: 1000085543 ns, Reaching safepoint: 5200 ns, Cleanup: 13800 ns, At safepoint: 2100 ns, Total: 21100 ns
[117.941s][info ][gc,start       ] GC(30) Pause Young (Allocation Failure)
[117.953s][debug][gc,phases      ] GC(30) Scavenge 12.424ms
[117.953s][debug][gc,ref         ] GC(30) Skipped phase 1 of Reference Processing: no references
[117.953s][debug][gc,ref         ] GC(30) ReferenceProcessor::execute queues: 1, RefProcThreadModel::Single, marks_oops_alive: false
[117.953s][debug][gc,ref         ] GC(30) ReferenceProcessor::execute queues: 4, RefProcThreadModel::Multi, marks_oops_alive: true
[117.956s][debug][gc,ref         ] GC(30) ReferenceProcessor::execute queues: 1, RefProcThreadModel::Single, marks_oops_alive: false
[117.956s][debug][gc,phases      ] GC(30) Reference Processing 2.304ms
[117.956s][debug][gc,phases      ] GC(30)   VM Weak                        Min:  0.0, Avg:  0.0, Max:  0.0, Diff:  0.0, Sum:  0.0, Workers: 4
[117.956s][debug][gc,phases      ] GC(30)     Dead                           Min: 0, Avg:  0.0, Max: 0, Diff: 0, Sum: 0, Workers: 4
[117.956s][debug][gc,phases      ] GC(30)     Total                          Min: 0, Avg: 179.2, Max: 448, Diff: 448, Sum: 717, Workers: 4
[117.956s][debug][gc,phases      ] GC(30)   ObjectSynchronizer Weak        Min:  0.0, Avg:  0.0, Max:  0.0, Diff:  0.0, Sum:  0.0, Workers: 4
[117.956s][debug][gc,phases      ] GC(30)     Dead                           Min: 0, Avg:  0.0, Max: 0, Diff: 0, Sum: 0, Workers: 4
[117.956s][debug][gc,phases      ] GC(30)     Total                          Min: 0, Avg:  2.2, Max: 9, Diff: 9, Sum: 9, Workers: 4
[117.956s][debug][gc,phases      ] GC(30)   JVMTI Tag Weak OopStorage      Min:  0.0, Avg:  0.0, Max:  0.0, Diff:  0.0, Sum:  0.0, Workers: 4
[117.956s][debug][gc,phases      ] GC(30)     Dead                           Min: 0, Avg:  0.0, Max: 0, Diff: 0, Sum: 0, Workers: 4
[117.956s][debug][gc,phases      ] GC(30)     Total                          Min: 0, Avg:  0.0, Max: 0, Diff: 0, Sum: 0, Workers: 4
[117.956s][debug][gc,phases      ] GC(30)   StringTable Weak               Min:  0.1, Avg:  0.1, Max:  0.1, Diff:  0.0, Sum:  0.5, Workers: 4
[117.956s][debug][gc,phases      ] GC(30)     Dead                           Min: 0, Avg:  0.8, Max: 3, Diff: 3, Sum: 3, Workers: 4
[117.956s][debug][gc,phases      ] GC(30)     Total                          Min: 10047, Avg: 10859.8, Max: 11519, Diff: 1472, Sum: 43439, Workers: 4
[117.956s][debug][gc,phases      ] GC(30)   ResolvedMethodTable Weak       Min:  0.0, Avg:  0.0, Max:  0.0, Diff:  0.0, Sum:  0.1, Workers: 4
[117.956s][debug][gc,phases      ] GC(30)     Dead                           Min: 0, Avg:  0.0, Max: 0, Diff: 0, Sum: 0, Workers: 4
[117.956s][debug][gc,phases      ] GC(30)     Total                          Min: 2417, Avg: 2556.0, Max: 2752, Diff: 335, Sum: 10224, Workers: 4
[117.956s][debug][gc,phases      ] GC(30)   JNI Weak                       Min:  0.0, Avg:  0.0, Max:  0.0, Diff:  0.0, Sum:  0.0, Workers: 4
[117.956s][debug][gc,phases      ] GC(30)     Dead                           Min: 0, Avg:  0.0, Max: 0, Diff: 0, Sum: 0, Workers: 4
[117.956s][debug][gc,phases      ] GC(30)     Total                          Min: 0, Avg: 11.2, Max: 45, Diff: 45, Sum: 45, Workers: 4
[117.956s][debug][gc,phases      ] GC(30)   StringDedup Table Weak         Min:  0.0, Avg:  0.0, Max:  0.0, Diff:  0.0, Sum:  0.0, Workers: 4
[117.956s][debug][gc,phases      ] GC(30)     Dead                           Min: 0, Avg:  0.0, Max: 0, Diff: 0, Sum: 0, Workers: 4
[117.956s][debug][gc,phases      ] GC(30)     Total                          Min: 0, Avg:  0.0, Max: 0, Diff: 0, Sum: 0, Workers: 4
[117.956s][debug][gc,phases      ] GC(30)   StringDedup Requests0 Weak     Min:  0.0, Avg:  0.0, Max:  0.0, Diff:  0.0, Sum:  0.0, Workers: 4
[117.956s][debug][gc,phases      ] GC(30)     Dead                           Min: 0, Avg:  0.0, Max: 0, Diff: 0, Sum: 0, Workers: 4
[117.956s][debug][gc,phases      ] GC(30)     Total                          Min: 0, Avg:  0.0, Max: 0, Diff: 0, Sum: 0, Workers: 4
[117.956s][debug][gc,phases      ] GC(30)   StringDedup Requests1 Weak     Min:  0.0, Avg:  0.0, Max:  0.0, Diff:  0.0, Sum:  0.0, Workers: 4
[117.956s][debug][gc,phases      ] GC(30)     Dead                           Min: 0, Avg:  0.0, Max: 0, Diff: 0, Sum: 0, Workers: 4
[117.956s][debug][gc,phases      ] GC(30)     Total                          Min: 0, Avg:  0.0, Max: 0, Diff: 0, Sum: 0, Workers: 4
[117.956s][debug][gc,phases      ] GC(30)   Weak JFR Old Object Samples    Min:  0.0, Avg:  0.0, Max:  0.0, Diff:  0.0, Sum:  0.0, Workers: 4
[117.956s][debug][gc,phases      ] GC(30)     Dead                           Min: 0, Avg:  0.0, Max: 0, Diff: 0, Sum: 0, Workers: 4
[117.956s][debug][gc,phases      ] GC(30)     Total                          Min: 0, Avg:  0.0, Max: 0, Diff: 0, Sum: 0, Workers: 4
[117.956s][debug][gc,phases      ] GC(30) Weak Processing 0.325ms
[117.956s][debug][gc,age         ] GC(30) Desired survivor size 270532608 bytes, new threshold 15 (max threshold 15)
[117.956s][info ][gc,heap        ] GC(30) PSYoungGen: 1629744K(1827840K)->24273K(1831424K) Eden: 1560064K(1560064K)->0K(1568768K) From: 69680K(267776K)->24273K(262656K)
[117.956s][info ][gc,heap        ] GC(30) ParOldGen: 249726K(351232K)->253922K(351232K)
[117.956s][info ][gc,metaspace   ] GC(30) Metaspace: 83220K(84096K)->83220K(84096K) NonClass: 70898K(71360K)->70898K(71360K) Class: 12322K(12736K)->12322K(12736K)
[117.956s][info ][gc             ] GC(30) Pause Young (Allocation Failure) 1835M->271M(2131M) 15.166ms
[117.956s][info ][gc,cpu         ] GC(30) User=0.04s Sys=0.00s Real=0.01s
[117.956s][info ][safepoint      ] Safepoint "ParallelGCFailedAllocation", Time since last: 774843254 ns, Reaching safepoint: 4100 ns, Cleanup: 19200 ns, At safepoint: 15233167 ns, Total: 15256467 ns
[118.956s][info ][safepoint      ] Safepoint "Cleanup", Time since last: 1000078285 ns, Reaching safepoint: 4200 ns, Cleanup: 11500 ns, At safepoint: 2000 ns, Total: 17700 ns
[120.061s][info ][safepoint      ] Safepoint "Cleanup", Time since last: 1104810653 ns, Reaching safepoint: 2200 ns, Cleanup: 88199 ns, At safepoint: 4200 ns, Total: 94599 ns
[121.637s][info ][gc,start       ] GC(31) Pause Young (Allocation Failure)
[121.648s][debug][gc,phases      ] GC(31) Scavenge 10.604ms
[121.648s][debug][gc,ref         ] GC(31) Skipped phase 1 of Reference Processing: no references
[121.648s][debug][gc,ref         ] GC(31) ReferenceProcessor::execute queues: 1, RefProcThreadModel::Single, marks_oops_alive: false
[121.648s][debug][gc,ref         ] GC(31) Skipped phase 3 of Reference Processing: no references
[121.648s][debug][gc,ref         ] GC(31) ReferenceProcessor::execute queues: 1, RefProcThreadModel::Single, marks_oops_alive: false
[121.648s][debug][gc,phases      ] GC(31) Reference Processing 0.114ms
[121.648s][debug][gc,phases      ] GC(31)   VM Weak                        Min:  0.0, Avg:  0.0, Max:  0.0, Diff:  0.0, Sum:  0.0, Workers: 4
[121.648s][debug][gc,phases      ] GC(31)     Dead                           Min: 0, Avg:  0.0, Max: 0, Diff: 0, Sum: 0, Workers: 4
[121.648s][debug][gc,phases      ] GC(31)     Total                          Min: 0, Avg: 179.2, Max: 448, Diff: 448, Sum: 717, Workers: 4
[121.648s][debug][gc,phases      ] GC(31)   ObjectSynchronizer Weak        Min:  0.0, Avg:  0.0, Max:  0.0, Diff:  0.0, Sum:  0.0, Workers: 4
[121.648s][debug][gc,phases      ] GC(31)     Dead                           Min: 0, Avg:  0.0, Max: 0, Diff: 0, Sum: 0, Workers: 4
[121.648s][debug][gc,phases      ] GC(31)     Total                          Min: 0, Avg:  1.0, Max: 4, Diff: 4, Sum: 4, Workers: 4
[121.648s][debug][gc,phases      ] GC(31)   JVMTI Tag Weak OopStorage      Min:  0.0, Avg:  0.0, Max:  0.0, Diff:  0.0, Sum:  0.0, Workers: 4
[121.648s][debug][gc,phases      ] GC(31)     Dead                           Min: 0, Avg:  0.0, Max: 0, Diff: 0, Sum: 0, Workers: 4
[121.648s][debug][gc,phases      ] GC(31)     Total                          Min: 0, Avg:  0.0, Max: 0, Diff: 0, Sum: 0, Workers: 4
[121.648s][debug][gc,phases      ] GC(31)   StringTable Weak               Min:  0.0, Avg:  0.1, Max:  0.1, Diff:  0.1, Sum:  0.4, Workers: 4
[121.648s][debug][gc,phases      ] GC(31)     Dead                           Min: 0, Avg:  0.0, Max: 0, Diff: 0, Sum: 0, Workers: 4
[121.648s][debug][gc,phases      ] GC(31)     Total                          Min: 0, Avg: 10861.8, Max: 18430, Diff: 18430, Sum: 43447, Workers: 4
[121.648s][debug][gc,phases      ] GC(31)   ResolvedMethodTable Weak       Min:  0.0, Avg:  0.0, Max:  0.0, Diff:  0.0, Sum:  0.1, Workers: 4
[121.648s][debug][gc,phases      ] GC(31)     Dead                           Min: 0, Avg:  0.0, Max: 0, Diff: 0, Sum: 0, Workers: 4
[121.648s][debug][gc,phases      ] GC(31)     Total                          Min: 0, Avg: 2556.0, Max: 4094, Diff: 4094, Sum: 10224, Workers: 4
[121.648s][debug][gc,phases      ] GC(31)   JNI Weak                       Min:  0.0, Avg:  0.0, Max:  0.0, Diff:  0.0, Sum:  0.0, Workers: 4
[121.648s][debug][gc,phases      ] GC(31)     Dead                           Min: 0, Avg:  0.0, Max: 0, Diff: 0, Sum: 0, Workers: 4
[121.648s][debug][gc,phases      ] GC(31)     Total                          Min: 0, Avg: 11.2, Max: 45, Diff: 45, Sum: 45, Workers: 4
[121.648s][debug][gc,phases      ] GC(31)   StringDedup Table Weak         Min:  0.0, Avg:  0.0, Max:  0.0, Diff:  0.0, Sum:  0.0, Workers: 4
[121.649s][debug][gc,phases      ] GC(31)     Dead                           Min: 0, Avg:  0.0, Max: 0, Diff: 0, Sum: 0, Workers: 4
[121.649s][debug][gc,phases      ] GC(31)     Total                          Min: 0, Avg:  0.0, Max: 0, Diff: 0, Sum: 0, Workers: 4
[121.649s][debug][gc,phases      ] GC(31)   StringDedup Requests0 Weak     Min:  0.0, Avg:  0.0, Max:  0.0, Diff:  0.0, Sum:  0.0, Workers: 4
[121.649s][debug][gc,phases      ] GC(31)     Dead                           Min: 0, Avg:  0.0, Max: 0, Diff: 0, Sum: 0, Workers: 4
[121.649s][debug][gc,phases      ] GC(31)     Total                          Min: 0, Avg:  0.0, Max: 0, Diff: 0, Sum: 0, Workers: 4
[121.649s][debug][gc,phases      ] GC(31)   StringDedup Requests1 Weak     Min:  0.0, Avg:  0.0, Max:  0.0, Diff:  0.0, Sum:  0.0, Workers: 4
[121.649s][debug][gc,phases      ] GC(31)     Dead                           Min: 0, Avg:  0.0, Max: 0, Diff: 0, Sum: 0, Workers: 4
[121.649s][debug][gc,phases      ] GC(31)     Total                          Min: 0, Avg:  0.0, Max: 0, Diff: 0, Sum: 0, Workers: 4
[121.649s][debug][gc,phases      ] GC(31)   Weak JFR Old Object Samples    Min:  0.0, Avg:  0.0, Max:  0.0, Diff:  0.0, Sum:  0.0, Workers: 4
[121.649s][debug][gc,phases      ] GC(31)     Dead                           Min: 0, Avg:  0.0, Max: 0, Diff: 0, Sum: 0, Workers: 4
[121.649s][debug][gc,phases      ] GC(31)     Total                          Min: 0, Avg:  0.0, Max: 0, Diff: 0, Sum: 0, Workers: 4
[121.649s][debug][gc,phases      ] GC(31) Weak Processing 0.357ms
[121.649s][debug][gc,age         ] GC(31) Desired survivor size 269484032 bytes, new threshold 15 (max threshold 15)
[121.649s][info ][gc,heap        ] GC(31) PSYoungGen: 1593041K(1831424K)->24465K(1832960K) Eden: 1568768K(1568768K)->0K(1568768K) From: 24273K(262656K)->24465K(264192K)
[121.649s][info ][gc,heap        ] GC(31) ParOldGen: 253922K(351232K)->253930K(351232K)
[121.649s][info ][gc,metaspace   ] GC(31) Metaspace: 83226K(84096K)->83226K(84096K) NonClass: 70904K(71360K)->70904K(71360K) Class: 12322K(12736K)->12322K(12736K)
[121.649s][info ][gc             ] GC(31) Pause Young (Allocation Failure) 1803M->271M(2133M) 11.196ms
[121.649s][info ][gc,cpu         ] GC(31) User=0.03s Sys=0.00s Real=0.01s
[121.649s][info ][safepoint      ] Safepoint "ParallelGCFailedAllocation", Time since last: 1576235509 ns, Reaching safepoint: 6300 ns, Cleanup: 53700 ns, At safepoint: 11270375 ns, Total: 11330375 ns
[122.649s][info ][safepoint      ] Safepoint "Cleanup", Time since last: 1000057185 ns, Reaching safepoint: 4400 ns, Cleanup: 15600 ns, At safepoint: 1700 ns, Total: 21700 ns
[123.649s][info ][safepoint      ] Safepoint "Cleanup", Time since last: 1000089185 ns, Reaching safepoint: 4200 ns, Cleanup: 22900 ns, At safepoint: 2200 ns, Total: 29300 ns
[124.649s][info ][safepoint      ] Safepoint "Cleanup", Time since last: 1000080685 ns, Reaching safepoint: 5800 ns, Cleanup: 28900 ns, At safepoint: 2300 ns, Total: 37000 ns
[125.379s][info ][gc,start       ] GC(32) Pause Young (Allocation Failure)
[125.388s][debug][gc,phases      ] GC(32) Scavenge 8.834ms
[125.388s][debug][gc,ref         ] GC(32) Skipped phase 1 of Reference Processing: no references
[125.388s][debug][gc,ref         ] GC(32) ReferenceProcessor::execute queues: 1, RefProcThreadModel::Single, marks_oops_alive: false
[125.388s][debug][gc,ref         ] GC(32) Skipped phase 3 of Reference Processing: no references
[125.388s][debug][gc,ref         ] GC(32) ReferenceProcessor::execute queues: 1, RefProcThreadModel::Single, marks_oops_alive: false
[125.388s][debug][gc,phases      ] GC(32) Reference Processing 0.107ms
[125.389s][debug][gc,phases      ] GC(32)   VM Weak                        Min:  0.0, Avg:  0.0, Max:  0.0, Diff:  0.0, Sum:  0.0, Workers: 4
[125.389s][debug][gc,phases      ] GC(32)     Dead                           Min: 0, Avg:  0.0, Max: 0, Diff: 0, Sum: 0, Workers: 4
[125.389s][debug][gc,phases      ] GC(32)     Total                          Min: 0, Avg: 179.2, Max: 461, Diff: 461, Sum: 717, Workers: 4
[125.389s][debug][gc,phases      ] GC(32)   ObjectSynchronizer Weak        Min:  0.0, Avg:  0.0, Max:  0.0, Diff:  0.0, Sum:  0.0, Workers: 4
[125.389s][debug][gc,phases      ] GC(32)     Dead                           Min: 0, Avg:  0.0, Max: 0, Diff: 0, Sum: 0, Workers: 4
[125.389s][debug][gc,phases      ] GC(32)     Total                          Min: 0, Avg:  1.0, Max: 4, Diff: 4, Sum: 4, Workers: 4
[125.389s][debug][gc,phases      ] GC(32)   JVMTI Tag Weak OopStorage      Min:  0.0, Avg:  0.0, Max:  0.0, Diff:  0.0, Sum:  0.0, Workers: 4
[125.389s][debug][gc,phases      ] GC(32)     Dead                           Min: 0, Avg:  0.0, Max: 0, Diff: 0, Sum: 0, Workers: 4
[125.389s][debug][gc,phases      ] GC(32)     Total                          Min: 0, Avg:  0.0, Max: 0, Diff: 0, Sum: 0, Workers: 4
[125.389s][debug][gc,phases      ] GC(32)   StringTable Weak               Min:  0.0, Avg:  0.1, Max:  0.1, Diff:  0.1, Sum:  0.4, Workers: 4
[125.389s][debug][gc,phases      ] GC(32)     Dead                           Min: 0, Avg:  0.0, Max: 0, Diff: 0, Sum: 0, Workers: 4
[125.389s][debug][gc,phases      ] GC(32)     Total                          Min: 0, Avg: 10862.5, Max: 14590, Diff: 14590, Sum: 43450, Workers: 4
[125.389s][debug][gc,phases      ] GC(32)   ResolvedMethodTable Weak       Min:  0.0, Avg:  0.0, Max:  0.0, Diff:  0.0, Sum:  0.1, Workers: 4
[125.389s][debug][gc,phases      ] GC(32)     Dead                           Min: 0, Avg:  0.0, Max: 0, Diff: 0, Sum: 0, Workers: 4
[125.389s][debug][gc,phases      ] GC(32)     Total                          Min: 0, Avg: 2556.0, Max: 3456, Diff: 3456, Sum: 10224, Workers: 4
[125.389s][debug][gc,phases      ] GC(32)   JNI Weak                       Min:  0.0, Avg:  0.0, Max:  0.0, Diff:  0.0, Sum:  0.0, Workers: 4
[125.389s][debug][gc,phases      ] GC(32)     Dead                           Min: 0, Avg:  0.0, Max: 0, Diff: 0, Sum: 0, Workers: 4
[125.389s][debug][gc,phases      ] GC(32)     Total                          Min: 0, Avg: 11.2, Max: 45, Diff: 45, Sum: 45, Workers: 4
[125.389s][debug][gc,phases      ] GC(32)   StringDedup Table Weak         Min:  0.0, Avg:  0.0, Max:  0.0, Diff:  0.0, Sum:  0.0, Workers: 4
[125.389s][debug][gc,phases      ] GC(32)     Dead                           Min: 0, Avg:  0.0, Max: 0, Diff: 0, Sum: 0, Workers: 4
[125.389s][debug][gc,phases      ] GC(32)     Total                          Min: 0, Avg:  0.0, Max: 0, Diff: 0, Sum: 0, Workers: 4
[125.389s][debug][gc,phases      ] GC(32)   StringDedup Requests0 Weak     Min:  0.0, Avg:  0.0, Max:  0.0, Diff:  0.0, Sum:  0.0, Workers: 4
[125.389s][debug][gc,phases      ] GC(32)     Dead                           Min: 0, Avg:  0.0, Max: 0, Diff: 0, Sum: 0, Workers: 4
[125.389s][debug][gc,phases      ] GC(32)     Total                          Min: 0, Avg:  0.0, Max: 0, Diff: 0, Sum: 0, Workers: 4
[125.389s][debug][gc,phases      ] GC(32)   StringDedup Requests1 Weak     Min:  0.0, Avg:  0.0, Max:  0.0, Diff:  0.0, Sum:  0.0, Workers: 4
[125.389s][debug][gc,phases      ] GC(32)     Dead                           Min: 0, Avg:  0.0, Max: 0, Diff: 0, Sum: 0, Workers: 4
[125.389s][debug][gc,phases      ] GC(32)     Total                          Min: 0, Avg:  0.0, Max: 0, Diff: 0, Sum: 0, Workers: 4
[125.389s][debug][gc,phases      ] GC(32)   Weak JFR Old Object Samples    Min:  0.0, Avg:  0.0, Max:  0.0, Diff:  0.0, Sum:  0.0, Workers: 4
[125.389s][debug][gc,phases      ] GC(32)     Dead                           Min: 0, Avg:  0.0, Max: 0, Diff: 0, Sum: 0, Workers: 4
[125.389s][debug][gc,phases      ] GC(32)     Total                          Min: 0, Avg:  0.0, Max: 0, Diff: 0, Sum: 0, Workers: 4
[125.389s][debug][gc,phases      ] GC(32) Weak Processing 0.355ms
[125.389s][debug][gc,age         ] GC(32) Desired survivor size 266338304 bytes, new threshold 15 (max threshold 15)
[125.389s][info ][gc,heap        ] GC(32) PSYoungGen: 1593233K(1832960K)->24417K(1837056K) Eden: 1568768K(1568768K)->0K(1573888K) From: 24465K(264192K)->24417K(263168K)
[125.389s][info ][gc,heap        ] GC(32) ParOldGen: 253930K(351232K)->253938K(351232K)
[125.389s][info ][gc,metaspace   ] GC(32) Metaspace: 83234K(84160K)->83234K(84160K) NonClass: 70911K(71424K)->70911K(71424K) Class: 12322K(12736K)->12322K(12736K)
[125.389s][info ][gc             ] GC(32) Pause Young (Allocation Failure) 1803M->271M(2137M) 9.423ms
[125.389s][info ][gc,cpu         ] GC(32) User=0.04s Sys=0.00s Real=0.01s
[125.389s][info ][safepoint      ] Safepoint "ParallelGCFailedAllocation", Time since last: 730312783 ns, Reaching safepoint: 4500 ns, Cleanup: 20400 ns, At safepoint: 9488079 ns, Total: 9512979 ns
[126.389s][info ][safepoint      ] Safepoint "Cleanup", Time since last: 1000096986 ns, Reaching safepoint: 77000 ns, Cleanup: 15900 ns, At safepoint: 5700 ns, Total: 98600 ns
[128.389s][info ][safepoint      ] Safepoint "Cleanup", Time since last: 2000184773 ns, Reaching safepoint: 77100 ns, Cleanup: 12900 ns, At safepoint: 5800 ns, Total: 95800 ns
[129.179s][info ][gc,start       ] GC(33) Pause Young (Allocation Failure)
[129.187s][debug][gc,phases      ] GC(33) Scavenge 7.820ms
[129.187s][debug][gc,ref         ] GC(33) Skipped phase 1 of Reference Processing: no references
[129.187s][debug][gc,ref         ] GC(33) ReferenceProcessor::execute queues: 1, RefProcThreadModel::Single, marks_oops_alive: false
[129.187s][debug][gc,ref         ] GC(33) Skipped phase 3 of Reference Processing: no references
[129.187s][debug][gc,ref         ] GC(33) ReferenceProcessor::execute queues: 1, RefProcThreadModel::Single, marks_oops_alive: false
[129.187s][debug][gc,phases      ] GC(33) Reference Processing 0.134ms
[129.187s][debug][gc,phases      ] GC(33)   VM Weak                        Min:  0.0, Avg:  0.0, Max:  0.0, Diff:  0.0, Sum:  0.0, Workers: 4
[129.187s][debug][gc,phases      ] GC(33)     Dead                           Min: 0, Avg:  0.0, Max: 0, Diff: 0, Sum: 0, Workers: 4
[129.187s][debug][gc,phases      ] GC(33)     Total                          Min: 0, Avg: 179.2, Max: 333, Diff: 333, Sum: 717, Workers: 4
[129.187s][debug][gc,phases      ] GC(33)   ObjectSynchronizer Weak        Min:  0.0, Avg:  0.0, Max:  0.0, Diff:  0.0, Sum:  0.0, Workers: 4
[129.187s][debug][gc,phases      ] GC(33)     Dead                           Min: 0, Avg:  0.0, Max: 0, Diff: 0, Sum: 0, Workers: 4
[129.187s][debug][gc,phases      ] GC(33)     Total                          Min: 0, Avg:  1.0, Max: 4, Diff: 4, Sum: 4, Workers: 4
[129.187s][debug][gc,phases      ] GC(33)   JVMTI Tag Weak OopStorage      Min:  0.0, Avg:  0.0, Max:  0.0, Diff:  0.0, Sum:  0.0, Workers: 4
[129.187s][debug][gc,phases      ] GC(33)     Dead                           Min: 0, Avg:  0.0, Max: 0, Diff: 0, Sum: 0, Workers: 4
[129.187s][debug][gc,phases      ] GC(33)     Total                          Min: 0, Avg:  0.0, Max: 0, Diff: 0, Sum: 0, Workers: 4
[129.187s][debug][gc,phases      ] GC(33)   StringTable Weak               Min:  0.0, Avg:  0.1, Max:  0.2, Diff:  0.2, Sum:  0.4, Workers: 4
[129.187s][debug][gc,phases      ] GC(33)     Dead                           Min: 0, Avg:  0.0, Max: 0, Diff: 0, Sum: 0, Workers: 4
[129.187s][debug][gc,phases      ] GC(33)     Total                          Min: 0, Avg: 10863.8, Max: 14784, Diff: 14784, Sum: 43455, Workers: 4
[129.187s][debug][gc,phases      ] GC(33)   ResolvedMethodTable Weak       Min:  0.0, Avg:  0.0, Max:  0.0, Diff:  0.0, Sum:  0.1, Workers: 4
[129.187s][debug][gc,phases      ] GC(33)     Dead                           Min: 0, Avg:  0.0, Max: 0, Diff: 0, Sum: 0, Workers: 4
[129.187s][debug][gc,phases      ] GC(33)     Total                          Min: 0, Avg: 2556.0, Max: 3520, Diff: 3520, Sum: 10224, Workers: 4
[129.187s][debug][gc,phases      ] GC(33)   JNI Weak                       Min:  0.0, Avg:  0.0, Max:  0.0, Diff:  0.0, Sum:  0.0, Workers: 4
[129.187s][debug][gc,phases      ] GC(33)     Dead                           Min: 0, Avg:  0.0, Max: 0, Diff: 0, Sum: 0, Workers: 4
[129.187s][debug][gc,phases      ] GC(33)     Total                          Min: 0, Avg: 11.2, Max: 45, Diff: 45, Sum: 45, Workers: 4
[129.187s][debug][gc,phases      ] GC(33)   StringDedup Table Weak         Min:  0.0, Avg:  0.0, Max:  0.0, Diff:  0.0, Sum:  0.0, Workers: 4
[129.187s][debug][gc,phases      ] GC(33)     Dead                           Min: 0, Avg:  0.0, Max: 0, Diff: 0, Sum: 0, Workers: 4
[129.187s][debug][gc,phases      ] GC(33)     Total                          Min: 0, Avg:  0.0, Max: 0, Diff: 0, Sum: 0, Workers: 4
[129.187s][debug][gc,phases      ] GC(33)   StringDedup Requests0 Weak     Min:  0.0, Avg:  0.0, Max:  0.0, Diff:  0.0, Sum:  0.0, Workers: 4
[129.187s][debug][gc,phases      ] GC(33)     Dead                           Min: 0, Avg:  0.0, Max: 0, Diff: 0, Sum: 0, Workers: 4
[129.187s][debug][gc,phases      ] GC(33)     Total                          Min: 0, Avg:  0.0, Max: 0, Diff: 0, Sum: 0, Workers: 4
[129.187s][debug][gc,phases      ] GC(33)   StringDedup Requests1 Weak     Min:  0.0, Avg:  0.0, Max:  0.0, Diff:  0.0, Sum:  0.0, Workers: 4
[129.187s][debug][gc,phases      ] GC(33)     Dead                           Min: 0, Avg:  0.0, Max: 0, Diff: 0, Sum: 0, Workers: 4
[129.187s][debug][gc,phases      ] GC(33)     Total                          Min: 0, Avg:  0.0, Max: 0, Diff: 0, Sum: 0, Workers: 4
[129.187s][debug][gc,phases      ] GC(33)   Weak JFR Old Object Samples    Min:  0.0, Avg:  0.0, Max:  0.0, Diff:  0.0, Sum:  0.0, Workers: 4
[129.187s][debug][gc,phases      ] GC(33)     Dead                           Min: 0, Avg:  0.0, Max: 0, Diff: 0, Sum: 0, Workers: 4
[129.187s][debug][gc,phases      ] GC(33)     Total                          Min: 0, Avg:  0.0, Max: 0, Diff: 0, Sum: 0, Workers: 4
[129.187s][debug][gc,phases      ] GC(33) Weak Processing 0.368ms
[129.187s][debug][gc,age         ] GC(33) Desired survivor size 261095424 bytes, new threshold 15 (max threshold 15)
[129.187s][info ][gc,heap        ] GC(33) PSYoungGen: 1598305K(1837056K)->24321K(1833984K) Eden: 1573888K(1573888K)->0K(1573888K) From: 24417K(263168K)->24321K(260096K)
[129.187s][info ][gc,heap        ] GC(33) ParOldGen: 253938K(351232K)->253970K(351232K)
[129.187s][info ][gc,metaspace   ] GC(33) Metaspace: 83238K(84160K)->83238K(84160K) NonClass: 70912K(71424K)->70912K(71424K) Class: 12326K(12736K)->12326K(12736K)
[129.187s][info ][gc             ] GC(33) Pause Young (Allocation Failure) 1808M->271M(2134M) 8.444ms
[129.187s][info ][gc,cpu         ] GC(33) User=0.03s Sys=0.00s Real=0.01s
[129.187s][info ][safepoint      ] Safepoint "ParallelGCFailedAllocation", Time since last: 789404053 ns, Reaching safepoint: 5000 ns, Cleanup: 3600 ns, At safepoint: 8515581 ns, Total: 8524181 ns
[130.187s][info ][safepoint      ] Safepoint "Cleanup", Time since last: 1000092887 ns, Reaching safepoint: 78900 ns, Cleanup: 15000 ns, At safepoint: 7900 ns, Total: 101800 ns
[131.188s][info ][safepoint      ] Safepoint "Cleanup", Time since last: 1000124787 ns, Reaching safepoint: 76900 ns, Cleanup: 13000 ns, At safepoint: 5900 ns, Total: 95800 ns
[132.188s][info ][safepoint      ] Safepoint "Cleanup", Time since last: 1000115986 ns, Reaching safepoint: 64300 ns, Cleanup: 10900 ns, At safepoint: 5900 ns, Total: 81100 ns
[132.938s][info ][gc,start       ] GC(34) Pause Young (Allocation Failure)
[132.947s][debug][gc,phases      ] GC(34) Scavenge 9.399ms
[132.947s][debug][gc,ref         ] GC(34) Skipped phase 1 of Reference Processing: no references
[132.948s][debug][gc,ref         ] GC(34) ReferenceProcessor::execute queues: 1, RefProcThreadModel::Single, marks_oops_alive: false
[132.948s][debug][gc,ref         ] GC(34) Skipped phase 3 of Reference Processing: no references
[132.948s][debug][gc,ref         ] GC(34) ReferenceProcessor::execute queues: 1, RefProcThreadModel::Single, marks_oops_alive: false
[132.948s][debug][gc,phases      ] GC(34) Reference Processing 0.127ms
[132.948s][debug][gc,phases      ] GC(34)   VM Weak                        Min:  0.0, Avg:  0.0, Max:  0.0, Diff:  0.0, Sum:  0.0, Workers: 4
[132.948s][debug][gc,phases      ] GC(34)     Dead                           Min: 0, Avg:  0.0, Max: 0, Diff: 0, Sum: 0, Workers: 4
[132.948s][debug][gc,phases      ] GC(34)     Total                          Min: 0, Avg: 179.2, Max: 525, Diff: 525, Sum: 717, Workers: 4
[132.948s][debug][gc,phases      ] GC(34)   ObjectSynchronizer Weak        Min:  0.0, Avg:  0.0, Max:  0.0, Diff:  0.0, Sum:  0.0, Workers: 4
[132.948s][debug][gc,phases      ] GC(34)     Dead                           Min: 0, Avg:  0.0, Max: 0, Diff: 0, Sum: 0, Workers: 4
[132.948s][debug][gc,phases      ] GC(34)     Total                          Min: 0, Avg:  1.0, Max: 4, Diff: 4, Sum: 4, Workers: 4
[132.948s][debug][gc,phases      ] GC(34)   JVMTI Tag Weak OopStorage      Min:  0.0, Avg:  0.0, Max:  0.0, Diff:  0.0, Sum:  0.0, Workers: 4
[132.948s][debug][gc,phases      ] GC(34)     Dead                           Min: 0, Avg:  0.0, Max: 0, Diff: 0, Sum: 0, Workers: 4
[132.948s][debug][gc,phases      ] GC(34)     Total                          Min: 0, Avg:  0.0, Max: 0, Diff: 0, Sum: 0, Workers: 4
[132.948s][debug][gc,phases      ] GC(34)   StringTable Weak               Min:  0.0, Avg:  0.1, Max:  0.2, Diff:  0.2, Sum:  0.4, Workers: 4
[132.948s][debug][gc,phases      ] GC(34)     Dead                           Min: 0, Avg:  0.0, Max: 0, Diff: 0, Sum: 0, Workers: 4
[132.948s][debug][gc,phases      ] GC(34)     Total                          Min: 0, Avg: 10864.5, Max: 18752, Diff: 18752, Sum: 43458, Workers: 4
[132.948s][debug][gc,phases      ] GC(34)   ResolvedMethodTable Weak       Min:  0.0, Avg:  0.0, Max:  0.0, Diff:  0.0, Sum:  0.1, Workers: 4
[132.948s][debug][gc,phases      ] GC(34)     Dead                           Min: 0, Avg:  0.0, Max: 0, Diff: 0, Sum: 0, Workers: 4
[132.948s][debug][gc,phases      ] GC(34)     Total                          Min: 2176, Avg: 2556.0, Max: 2993, Diff: 817, Sum: 10224, Workers: 4
[132.948s][debug][gc,phases      ] GC(34)   JNI Weak                       Min:  0.0, Avg:  0.0, Max:  0.0, Diff:  0.0, Sum:  0.0, Workers: 4
[132.948s][debug][gc,phases      ] GC(34)     Dead                           Min: 0, Avg:  0.0, Max: 0, Diff: 0, Sum: 0, Workers: 4
[132.948s][debug][gc,phases      ] GC(34)     Total                          Min: 0, Avg: 11.2, Max: 45, Diff: 45, Sum: 45, Workers: 4
[132.948s][debug][gc,phases      ] GC(34)   StringDedup Table Weak         Min:  0.0, Avg:  0.0, Max:  0.0, Diff:  0.0, Sum:  0.0, Workers: 4
[132.948s][debug][gc,phases      ] GC(34)     Dead                           Min: 0, Avg:  0.0, Max: 0, Diff: 0, Sum: 0, Workers: 4
[132.948s][debug][gc,phases      ] GC(34)     Total                          Min: 0, Avg:  0.0, Max: 0, Diff: 0, Sum: 0, Workers: 4
[132.948s][debug][gc,phases      ] GC(34)   StringDedup Requests0 Weak     Min:  0.0, Avg:  0.0, Max:  0.0, Diff:  0.0, Sum:  0.0, Workers: 4
[132.948s][debug][gc,phases      ] GC(34)     Dead                           Min: 0, Avg:  0.0, Max: 0, Diff: 0, Sum: 0, Workers: 4
[132.948s][debug][gc,phases      ] GC(34)     Total                          Min: 0, Avg:  0.0, Max: 0, Diff: 0, Sum: 0, Workers: 4
[132.948s][debug][gc,phases      ] GC(34)   StringDedup Requests1 Weak     Min:  0.0, Avg:  0.0, Max:  0.0, Diff:  0.0, Sum:  0.0, Workers: 4
[132.948s][debug][gc,phases      ] GC(34)     Dead                           Min: 0, Avg:  0.0, Max: 0, Diff: 0, Sum: 0, Workers: 4
[132.948s][debug][gc,phases      ] GC(34)     Total                          Min: 0, Avg:  0.0, Max: 0, Diff: 0, Sum: 0, Workers: 4
[132.948s][debug][gc,phases      ] GC(34)   Weak JFR Old Object Samples    Min:  0.0, Avg:  0.0, Max:  0.0, Diff:  0.0, Sum:  0.0, Workers: 4
[132.948s][debug][gc,phases      ] GC(34)     Dead                           Min: 0, Avg:  0.0, Max: 0, Diff: 0, Sum: 0, Workers: 4
[132.948s][debug][gc,phases      ] GC(34)     Total                          Min: 0, Avg:  0.0, Max: 0, Diff: 0, Sum: 0, Workers: 4
[132.948s][debug][gc,phases      ] GC(34) Weak Processing 0.350ms
[132.948s][debug][gc,age         ] GC(34) Desired survivor size 254803968 bytes, new threshold 15 (max threshold 15)
[132.948s][info ][gc,heap        ] GC(34) PSYoungGen: 1598209K(1833984K)->24417K(1848320K) Eden: 1573888K(1573888K)->0K(1593344K) From: 24321K(260096K)->24417K(254976K)
[132.948s][info ][gc,heap        ] GC(34) ParOldGen: 253970K(351232K)->254026K(351232K)
[132.948s][info ][gc,metaspace   ] GC(34) Metaspace: 83246K(84160K)->83246K(84160K) NonClass: 70920K(71424K)->70920K(71424K) Class: 12326K(12736K)->12326K(12736K)
[132.948s][info ][gc             ] GC(34) Pause Young (Allocation Failure) 1808M->271M(2148M) 9.997ms
[132.948s][info ][gc,cpu         ] GC(34) User=0.03s Sys=0.00s Real=0.01s
[132.948s][info ][safepoint      ] Safepoint "ParallelGCFailedAllocation", Time since last: 750166840 ns, Reaching safepoint: 5200 ns, Cleanup: 3800 ns, At safepoint: 10064578 ns, Total: 10073578 ns
[133.948s][info ][safepoint      ] Safepoint "Cleanup", Time since last: 1000079385 ns, Reaching safepoint: 75100 ns, Cleanup: 8700 ns, At safepoint: 5600 ns, Total: 89400 ns
[134.948s][info ][safepoint      ] Safepoint "Cleanup", Time since last: 1000104157 ns, Reaching safepoint: 4500 ns, Cleanup: 11900 ns, At safepoint: 1800 ns, Total: 18200 ns
[135.948s][info ][safepoint      ] Safepoint "Cleanup", Time since last: 1000096357 ns, Reaching safepoint: 4600 ns, Cleanup: 10600 ns, At safepoint: 2000 ns, Total: 17200 ns
[136.780s][info ][gc,start       ] GC(35) Pause Young (Allocation Failure)
[136.790s][debug][gc,phases      ] GC(35) Scavenge 9.164ms
[136.790s][debug][gc,ref         ] GC(35) Skipped phase 1 of Reference Processing: no references
[136.790s][debug][gc,ref         ] GC(35) ReferenceProcessor::execute queues: 1, RefProcThreadModel::Single, marks_oops_alive: false
[136.790s][debug][gc,ref         ] GC(35) ReferenceProcessor::execute queues: 4, RefProcThreadModel::Multi, marks_oops_alive: true
[136.790s][debug][gc,ref         ] GC(35) ReferenceProcessor::execute queues: 1, RefProcThreadModel::Single, marks_oops_alive: false
[136.790s][debug][gc,phases      ] GC(35) Reference Processing 0.365ms
[136.790s][debug][gc,phases      ] GC(35)   VM Weak                        Min:  0.0, Avg:  0.0, Max:  0.0, Diff:  0.0, Sum:  0.0, Workers: 4
[136.790s][debug][gc,phases      ] GC(35)     Dead                           Min: 0, Avg:  0.0, Max: 0, Diff: 0, Sum: 0, Workers: 4
[136.790s][debug][gc,phases      ] GC(35)     Total                          Min: 0, Avg: 179.2, Max: 525, Diff: 525, Sum: 717, Workers: 4
[136.790s][debug][gc,phases      ] GC(35)   ObjectSynchronizer Weak        Min:  0.0, Avg:  0.0, Max:  0.0, Diff:  0.0, Sum:  0.0, Workers: 4
[136.790s][debug][gc,phases      ] GC(35)     Dead                           Min: 0, Avg:  0.0, Max: 0, Diff: 0, Sum: 0, Workers: 4
[136.790s][debug][gc,phases      ] GC(35)     Total                          Min: 0, Avg:  1.0, Max: 4, Diff: 4, Sum: 4, Workers: 4
[136.790s][debug][gc,phases      ] GC(35)   JVMTI Tag Weak OopStorage      Min:  0.0, Avg:  0.0, Max:  0.0, Diff:  0.0, Sum:  0.0, Workers: 4
[136.790s][debug][gc,phases      ] GC(35)     Dead                           Min: 0, Avg:  0.0, Max: 0, Diff: 0, Sum: 0, Workers: 4
[136.790s][debug][gc,phases      ] GC(35)     Total                          Min: 0, Avg:  0.0, Max: 0, Diff: 0, Sum: 0, Workers: 4
[136.790s][debug][gc,phases      ] GC(35)   StringTable Weak               Min:  0.0, Avg:  0.1, Max:  0.2, Diff:  0.2, Sum:  0.3, Workers: 4
[136.790s][debug][gc,phases      ] GC(35)     Dead                           Min: 0, Avg:  0.0, Max: 0, Diff: 0, Sum: 0, Workers: 4
[136.790s][debug][gc,phases      ] GC(35)     Total                          Min: 0, Avg: 10865.0, Max: 26500, Diff: 26500, Sum: 43460, Workers: 4
[136.790s][debug][gc,phases      ] GC(35)   ResolvedMethodTable Weak       Min:  0.0, Avg:  0.0, Max:  0.0, Diff:  0.0, Sum:  0.1, Workers: 4
[136.790s][debug][gc,phases      ] GC(35)     Dead                           Min: 0, Avg:  0.0, Max: 0, Diff: 0, Sum: 0, Workers: 4
[136.790s][debug][gc,phases      ] GC(35)     Total                          Min: 0, Avg: 2556.0, Max: 5937, Diff: 5937, Sum: 10224, Workers: 4
[136.790s][debug][gc,phases      ] GC(35)   JNI Weak                       Min:  0.0, Avg:  0.0, Max:  0.0, Diff:  0.0, Sum:  0.0, Workers: 4
[136.790s][debug][gc,phases      ] GC(35)     Dead                           Min: 0, Avg:  0.0, Max: 0, Diff: 0, Sum: 0, Workers: 4
[136.790s][debug][gc,phases      ] GC(35)     Total                          Min: 0, Avg: 11.2, Max: 45, Diff: 45, Sum: 45, Workers: 4
[136.790s][debug][gc,phases      ] GC(35)   StringDedup Table Weak         Min:  0.0, Avg:  0.0, Max:  0.0, Diff:  0.0, Sum:  0.0, Workers: 4
[136.790s][debug][gc,phases      ] GC(35)     Dead                           Min: 0, Avg:  0.0, Max: 0, Diff: 0, Sum: 0, Workers: 4
[136.790s][debug][gc,phases      ] GC(35)     Total                          Min: 0, Avg:  0.0, Max: 0, Diff: 0, Sum: 0, Workers: 4
[136.790s][debug][gc,phases      ] GC(35)   StringDedup Requests0 Weak     Min:  0.0, Avg:  0.0, Max:  0.0, Diff:  0.0, Sum:  0.0, Workers: 4
[136.790s][debug][gc,phases      ] GC(35)     Dead                           Min: 0, Avg:  0.0, Max: 0, Diff: 0, Sum: 0, Workers: 4
[136.790s][debug][gc,phases      ] GC(35)     Total                          Min: 0, Avg:  0.0, Max: 0, Diff: 0, Sum: 0, Workers: 4
[136.790s][debug][gc,phases      ] GC(35)   StringDedup Requests1 Weak     Min:  0.0, Avg:  0.0, Max:  0.0, Diff:  0.0, Sum:  0.0, Workers: 4
[136.790s][debug][gc,phases      ] GC(35)     Dead                           Min: 0, Avg:  0.0, Max: 0, Diff: 0, Sum: 0, Workers: 4
[136.790s][debug][gc,phases      ] GC(35)     Total                          Min: 0, Avg:  0.0, Max: 0, Diff: 0, Sum: 0, Workers: 4
[136.790s][debug][gc,phases      ] GC(35)   Weak JFR Old Object Samples    Min:  0.0, Avg:  0.0, Max:  0.0, Diff:  0.0, Sum:  0.0, Workers: 4
[136.790s][debug][gc,phases      ] GC(35)     Dead                           Min: 0, Avg:  0.0, Max: 0, Diff: 0, Sum: 0, Workers: 4
[136.790s][debug][gc,phases      ] GC(35)     Total                          Min: 0, Avg:  0.0, Max: 0, Diff: 0, Sum: 0, Workers: 4
[136.790s][debug][gc,phases      ] GC(35) Weak Processing 0.376ms
[136.790s][debug][gc,age         ] GC(35) Desired survivor size 246939648 bytes, new threshold 15 (max threshold 15)
[136.790s][info ][gc,heap        ] GC(35) PSYoungGen: 1617761K(1848320K)->24161K(1842176K) Eden: 1593344K(1593344K)->0K(1593344K) From: 24417K(254976K)->24161K(248832K)
[136.790s][info ][gc,heap        ] GC(35) ParOldGen: 254026K(351232K)->254242K(351232K)
[136.790s][info ][gc,metaspace   ] GC(35) Metaspace: 83247K(84160K)->83247K(84160K) NonClass: 70921K(71424K)->70921K(71424K) Class: 12326K(12736K)->12326K(12736K)
[136.790s][info ][gc             ] GC(35) Pause Young (Allocation Failure) 1827M->271M(2142M) 10.021ms
[136.790s][info ][gc,cpu         ] GC(35) User=0.02s Sys=0.00s Real=0.00s
[136.790s][info ][safepoint      ] Safepoint "ParallelGCFailedAllocation", Time since last: 831851834 ns, Reaching safepoint: 78800 ns, Cleanup: 8900 ns, At safepoint: 10094377 ns, Total: 10182077 ns
[139.791s][info ][safepoint      ] Safepoint "Cleanup", Time since last: 3000227172 ns, Reaching safepoint: 81200 ns, Cleanup: 10500 ns, At safepoint: 7800 ns, Total: 99500 ns
[140.590s][info ][gc,start       ] GC(36) Pause Young (Allocation Failure)
[140.599s][debug][gc,phases      ] GC(36) Scavenge 9.787ms
[140.599s][debug][gc,ref         ] GC(36) Skipped phase 1 of Reference Processing: no references
[140.600s][debug][gc,ref         ] GC(36) ReferenceProcessor::execute queues: 1, RefProcThreadModel::Single, marks_oops_alive: false
[140.600s][debug][gc,ref         ] GC(36) ReferenceProcessor::execute queues: 4, RefProcThreadModel::Multi, marks_oops_alive: true
[140.600s][debug][gc,ref         ] GC(36) ReferenceProcessor::execute queues: 1, RefProcThreadModel::Single, marks_oops_alive: false
[140.600s][debug][gc,phases      ] GC(36) Reference Processing 0.191ms
[140.600s][debug][gc,phases      ] GC(36)   VM Weak                        Min:  0.0, Avg:  0.0, Max:  0.0, Diff:  0.0, Sum:  0.0, Workers: 4
[140.600s][debug][gc,phases      ] GC(36)     Dead                           Min: 0, Avg:  0.0, Max: 0, Diff: 0, Sum: 0, Workers: 4
[140.600s][debug][gc,phases      ] GC(36)     Total                          Min: 0, Avg: 179.2, Max: 512, Diff: 512, Sum: 717, Workers: 4
[140.600s][debug][gc,phases      ] GC(36)   ObjectSynchronizer Weak        Min:  0.0, Avg:  0.0, Max:  0.0, Diff:  0.0, Sum:  0.0, Workers: 4
[140.600s][debug][gc,phases      ] GC(36)     Dead                           Min: 0, Avg:  0.0, Max: 0, Diff: 0, Sum: 0, Workers: 4
[140.600s][debug][gc,phases      ] GC(36)     Total                          Min: 0, Avg:  1.0, Max: 4, Diff: 4, Sum: 4, Workers: 4
[140.600s][debug][gc,phases      ] GC(36)   JVMTI Tag Weak OopStorage      Min:  0.0, Avg:  0.0, Max:  0.0, Diff:  0.0, Sum:  0.0, Workers: 4
[140.600s][debug][gc,phases      ] GC(36)     Dead                           Min: 0, Avg:  0.0, Max: 0, Diff: 0, Sum: 0, Workers: 4
[140.600s][debug][gc,phases      ] GC(36)     Total                          Min: 0, Avg:  0.0, Max: 0, Diff: 0, Sum: 0, Workers: 4
[140.600s][debug][gc,phases      ] GC(36)   StringTable Weak               Min:  0.1, Avg:  0.1, Max:  0.1, Diff:  0.1, Sum:  0.5, Workers: 4
[140.600s][debug][gc,phases      ] GC(36)     Dead                           Min: 0, Avg:  0.0, Max: 0, Diff: 0, Sum: 0, Workers: 4
[140.600s][debug][gc,phases      ] GC(36)     Total                          Min: 5504, Avg: 10865.2, Max: 13760, Diff: 8256, Sum: 43461, Workers: 4
[140.600s][debug][gc,phases      ] GC(36)   ResolvedMethodTable Weak       Min:  0.0, Avg:  0.0, Max:  0.0, Diff:  0.0, Sum:  0.1, Workers: 4
[140.600s][debug][gc,phases      ] GC(36)     Dead                           Min: 0, Avg:  0.0, Max: 0, Diff: 0, Sum: 0, Workers: 4
[140.600s][debug][gc,phases      ] GC(36)     Total                          Min: 2100, Avg: 2556.5, Max: 2816, Diff: 716, Sum: 10226, Workers: 4
[140.600s][debug][gc,phases      ] GC(36)   JNI Weak                       Min:  0.0, Avg:  0.0, Max:  0.0, Diff:  0.0, Sum:  0.0, Workers: 4
[140.600s][debug][gc,phases      ] GC(36)     Dead                           Min: 0, Avg:  0.0, Max: 0, Diff: 0, Sum: 0, Workers: 4
[140.600s][debug][gc,phases      ] GC(36)     Total                          Min: 0, Avg: 11.2, Max: 45, Diff: 45, Sum: 45, Workers: 4
[140.600s][debug][gc,phases      ] GC(36)   StringDedup Table Weak         Min:  0.0, Avg:  0.0, Max:  0.0, Diff:  0.0, Sum:  0.0, Workers: 4
[140.600s][debug][gc,phases      ] GC(36)     Dead                           Min: 0, Avg:  0.0, Max: 0, Diff: 0, Sum: 0, Workers: 4
[140.600s][debug][gc,phases      ] GC(36)     Total                          Min: 0, Avg:  0.0, Max: 0, Diff: 0, Sum: 0, Workers: 4
[140.600s][debug][gc,phases      ] GC(36)   StringDedup Requests0 Weak     Min:  0.0, Avg:  0.0, Max:  0.0, Diff:  0.0, Sum:  0.0, Workers: 4
[140.600s][debug][gc,phases      ] GC(36)     Dead                           Min: 0, Avg:  0.0, Max: 0, Diff: 0, Sum: 0, Workers: 4
[140.600s][debug][gc,phases      ] GC(36)     Total                          Min: 0, Avg:  0.0, Max: 0, Diff: 0, Sum: 0, Workers: 4
[140.600s][debug][gc,phases      ] GC(36)   StringDedup Requests1 Weak     Min:  0.0, Avg:  0.0, Max:  0.0, Diff:  0.0, Sum:  0.0, Workers: 4
[140.600s][debug][gc,phases      ] GC(36)     Dead                           Min: 0, Avg:  0.0, Max: 0, Diff: 0, Sum: 0, Workers: 4
[140.600s][debug][gc,phases      ] GC(36)     Total                          Min: 0, Avg:  0.0, Max: 0, Diff: 0, Sum: 0, Workers: 4
[140.600s][debug][gc,phases      ] GC(36)   Weak JFR Old Object Samples    Min:  0.0, Avg:  0.0, Max:  0.0, Diff:  0.0, Sum:  0.0, Workers: 4
[140.600s][debug][gc,phases      ] GC(36)     Dead                           Min: 0, Avg:  0.0, Max: 0, Diff: 0, Sum: 0, Workers: 4
[140.600s][debug][gc,phases      ] GC(36)     Total                          Min: 0, Avg:  0.0, Max: 0, Diff: 0, Sum: 0, Workers: 4
[140.600s][debug][gc,phases      ] GC(36) Weak Processing 0.337ms
[140.600s][debug][gc,age         ] GC(36) Desired survivor size 239075328 bytes, new threshold 15 (max threshold 15)
[140.600s][info ][gc,heap        ] GC(36) PSYoungGen: 1617505K(1842176K)->24113K(1863680K) Eden: 1593344K(1593344K)->0K(1622528K) From: 24161K(248832K)->24113K(241152K)
[140.600s][info ][gc,heap        ] GC(36) ParOldGen: 254242K(351232K)->254274K(351232K)
[140.600s][info ][gc,metaspace   ] GC(36) Metaspace: 83250K(84160K)->83250K(84160K) NonClass: 70923K(71424K)->70923K(71424K) Class: 12326K(12736K)->12326K(12736K)
[140.600s][info ][gc             ] GC(36) Pause Young (Allocation Failure) 1827M->271M(2163M) 10.433ms
[140.600s][info ][gc,cpu         ] GC(36) User=0.03s Sys=0.00s Real=0.02s
[140.600s][info ][safepoint      ] Safepoint "ParallelGCFailedAllocation", Time since last: 798708609 ns, Reaching safepoint: 76400 ns, Cleanup: 16100 ns, At safepoint: 10504776 ns, Total: 10597276 ns
[141.600s][info ][safepoint      ] Safepoint "Cleanup", Time since last: 1000080457 ns, Reaching safepoint: 5200 ns, Cleanup: 18900 ns, At safepoint: 5300 ns, Total: 29400 ns
[142.600s][info ][safepoint      ] Safepoint "Cleanup", Time since last: 1000099338 ns, Reaching safepoint: 4700 ns, Cleanup: 8700 ns, At safepoint: 2300 ns, Total: 15700 ns
[143.600s][info ][safepoint      ] Safepoint "Cleanup", Time since last: 1000104234 ns, Reaching safepoint: 5000 ns, Cleanup: 10000 ns, At safepoint: 2200 ns, Total: 17200 ns
[144.531s][info ][gc,start       ] GC(37) Pause Young (Allocation Failure)
[144.540s][debug][gc,phases      ] GC(37) Scavenge 8.765ms
[144.540s][debug][gc,ref         ] GC(37) Skipped phase 1 of Reference Processing: no references
[144.540s][debug][gc,ref         ] GC(37) ReferenceProcessor::execute queues: 1, RefProcThreadModel::Single, marks_oops_alive: false
[144.540s][debug][gc,ref         ] GC(37) Skipped phase 3 of Reference Processing: no references
[144.540s][debug][gc,ref         ] GC(37) ReferenceProcessor::execute queues: 1, RefProcThreadModel::Single, marks_oops_alive: false
[144.540s][debug][gc,phases      ] GC(37) Reference Processing 0.134ms
[144.540s][debug][gc,phases      ] GC(37)   VM Weak                        Min:  0.0, Avg:  0.0, Max:  0.0, Diff:  0.0, Sum:  0.0, Workers: 4
[144.540s][debug][gc,phases      ] GC(37)     Dead                           Min: 0, Avg:  0.0, Max: 0, Diff: 0, Sum: 0, Workers: 4
[144.540s][debug][gc,phases      ] GC(37)     Total                          Min: 0, Avg: 179.2, Max: 397, Diff: 397, Sum: 717, Workers: 4
[144.540s][debug][gc,phases      ] GC(37)   ObjectSynchronizer Weak        Min:  0.0, Avg:  0.0, Max:  0.0, Diff:  0.0, Sum:  0.0, Workers: 4
[144.540s][debug][gc,phases      ] GC(37)     Dead                           Min: 0, Avg:  0.0, Max: 0, Diff: 0, Sum: 0, Workers: 4
[144.540s][debug][gc,phases      ] GC(37)     Total                          Min: 0, Avg:  1.0, Max: 4, Diff: 4, Sum: 4, Workers: 4
[144.540s][debug][gc,phases      ] GC(37)   JVMTI Tag Weak OopStorage      Min:  0.0, Avg:  0.0, Max:  0.0, Diff:  0.0, Sum:  0.0, Workers: 4
[144.540s][debug][gc,phases      ] GC(37)     Dead                           Min: 0, Avg:  0.0, Max: 0, Diff: 0, Sum: 0, Workers: 4
[144.540s][debug][gc,phases      ] GC(37)     Total                          Min: 0, Avg:  0.0, Max: 0, Diff: 0, Sum: 0, Workers: 4
[144.540s][debug][gc,phases      ] GC(37)   StringTable Weak               Min:  0.0, Avg:  0.1, Max:  0.2, Diff:  0.2, Sum:  0.5, Workers: 4
[144.540s][debug][gc,phases      ] GC(37)     Dead                           Min: 0, Avg:  0.0, Max: 0, Diff: 0, Sum: 0, Workers: 4
[144.540s][debug][gc,phases      ] GC(37)     Total                          Min: 0, Avg: 10865.2, Max: 15424, Diff: 15424, Sum: 43461, Workers: 4
[144.540s][debug][gc,phases      ] GC(37)   ResolvedMethodTable Weak       Min:  0.0, Avg:  0.0, Max:  0.0, Diff:  0.0, Sum:  0.1, Workers: 4
[144.540s][debug][gc,phases      ] GC(37)     Dead                           Min: 0, Avg:  0.0, Max: 0, Diff: 0, Sum: 0, Workers: 4
[144.540s][debug][gc,phases      ] GC(37)     Total                          Min: 0, Avg: 2556.5, Max: 3456, Diff: 3456, Sum: 10226, Workers: 4
[144.540s][debug][gc,phases      ] GC(37)   JNI Weak                       Min:  0.0, Avg:  0.0, Max:  0.0, Diff:  0.0, Sum:  0.0, Workers: 4
[144.540s][debug][gc,phases      ] GC(37)     Dead                           Min: 0, Avg:  0.0, Max: 0, Diff: 0, Sum: 0, Workers: 4
[144.540s][debug][gc,phases      ] GC(37)     Total                          Min: 0, Avg: 11.2, Max: 45, Diff: 45, Sum: 45, Workers: 4
[144.540s][debug][gc,phases      ] GC(37)   StringDedup Table Weak         Min:  0.0, Avg:  0.0, Max:  0.0, Diff:  0.0, Sum:  0.0, Workers: 4
[144.540s][debug][gc,phases      ] GC(37)     Dead                           Min: 0, Avg:  0.0, Max: 0, Diff: 0, Sum: 0, Workers: 4
[144.540s][debug][gc,phases      ] GC(37)     Total                          Min: 0, Avg:  0.0, Max: 0, Diff: 0, Sum: 0, Workers: 4
[144.540s][debug][gc,phases      ] GC(37)   StringDedup Requests0 Weak     Min:  0.0, Avg:  0.0, Max:  0.0, Diff:  0.0, Sum:  0.0, Workers: 4
[144.540s][debug][gc,phases      ] GC(37)     Dead                           Min: 0, Avg:  0.0, Max: 0, Diff: 0, Sum: 0, Workers: 4
[144.540s][debug][gc,phases      ] GC(37)     Total                          Min: 0, Avg:  0.0, Max: 0, Diff: 0, Sum: 0, Workers: 4
[144.540s][debug][gc,phases      ] GC(37)   StringDedup Requests1 Weak     Min:  0.0, Avg:  0.0, Max:  0.0, Diff:  0.0, Sum:  0.0, Workers: 4
[144.540s][debug][gc,phases      ] GC(37)     Dead                           Min: 0, Avg:  0.0, Max: 0, Diff: 0, Sum: 0, Workers: 4
[144.540s][debug][gc,phases      ] GC(37)     Total                          Min: 0, Avg:  0.0, Max: 0, Diff: 0, Sum: 0, Workers: 4
[144.540s][debug][gc,phases      ] GC(37)   Weak JFR Old Object Samples    Min:  0.0, Avg:  0.0, Max:  0.0, Diff:  0.0, Sum:  0.0, Workers: 4
[144.540s][debug][gc,phases      ] GC(37)     Dead                           Min: 0, Avg:  0.0, Max: 0, Diff: 0, Sum: 0, Workers: 4
[144.541s][debug][gc,phases      ] GC(37)     Total                          Min: 0, Avg:  0.0, Max: 0, Diff: 0, Sum: 0, Workers: 4
[144.541s][debug][gc,phases      ] GC(37) Weak Processing 0.432ms
[144.541s][debug][gc,age         ] GC(37) Desired survivor size 230162432 bytes, new threshold 15 (max threshold 15)
[144.541s][info ][gc,heap        ] GC(37) PSYoungGen: 1646641K(1863680K)->24161K(1856000K) Eden: 1622528K(1622528K)->0K(1622528K) From: 24113K(241152K)->24161K(233472K)
[144.541s][info ][gc,heap        ] GC(37) ParOldGen: 254274K(351232K)->254387K(351232K)
[144.541s][info ][gc,metaspace   ] GC(37) Metaspace: 83264K(84160K)->83264K(84160K) NonClass: 70937K(71424K)->70937K(71424K) Class: 12326K(12736K)->12326K(12736K)
[144.541s][info ][gc             ] GC(37) Pause Young (Allocation Failure) 1856M->272M(2155M) 9.466ms
[144.541s][info ][gc,cpu         ] GC(37) User=0.03s Sys=0.00s Real=0.02s
[144.541s][info ][safepoint      ] Safepoint "ParallelGCFailedAllocation", Time since last: 930616413 ns, Reaching safepoint: 4900 ns, Cleanup: 3900 ns, At safepoint: 9543679 ns, Total: 9552479 ns
[145.541s][info ][safepoint      ] Safepoint "Cleanup", Time since last: 1000091557 ns, Reaching safepoint: 74000 ns, Cleanup: 8000 ns, At safepoint: 5100 ns, Total: 87100 ns
[147.541s][info ][safepoint      ] Safepoint "Cleanup", Time since last: 2000172514 ns, Reaching safepoint: 73199 ns, Cleanup: 22100 ns, At safepoint: 5000 ns, Total: 100299 ns
[148.327s][info ][gc,start       ] GC(38) Pause Young (Allocation Failure)
[148.335s][debug][gc,phases      ] GC(38) Scavenge 8.207ms
[148.336s][debug][gc,ref         ] GC(38) Skipped phase 1 of Reference Processing: no references
[148.336s][debug][gc,ref         ] GC(38) ReferenceProcessor::execute queues: 1, RefProcThreadModel::Single, marks_oops_alive: false
[148.336s][debug][gc,ref         ] GC(38) Skipped phase 3 of Reference Processing: no references
[148.336s][debug][gc,ref         ] GC(38) ReferenceProcessor::execute queues: 1, RefProcThreadModel::Single, marks_oops_alive: false
[148.336s][debug][gc,phases      ] GC(38) Reference Processing 0.105ms
[148.336s][debug][gc,phases      ] GC(38)   VM Weak                        Min:  0.0, Avg:  0.0, Max:  0.0, Diff:  0.0, Sum:  0.0, Workers: 4
[148.336s][debug][gc,phases      ] GC(38)     Dead                           Min: 0, Avg:  0.0, Max: 0, Diff: 0, Sum: 0, Workers: 4
[148.336s][debug][gc,phases      ] GC(38)     Total                          Min: 0, Avg: 179.2, Max: 320, Diff: 320, Sum: 717, Workers: 4
[148.336s][debug][gc,phases      ] GC(38)   ObjectSynchronizer Weak        Min:  0.0, Avg:  0.0, Max:  0.0, Diff:  0.0, Sum:  0.0, Workers: 4
[148.336s][debug][gc,phases      ] GC(38)     Dead                           Min: 0, Avg:  0.0, Max: 0, Diff: 0, Sum: 0, Workers: 4
[148.336s][debug][gc,phases      ] GC(38)     Total                          Min: 0, Avg:  1.0, Max: 4, Diff: 4, Sum: 4, Workers: 4
[148.336s][debug][gc,phases      ] GC(38)   JVMTI Tag Weak OopStorage      Min:  0.0, Avg:  0.0, Max:  0.0, Diff:  0.0, Sum:  0.0, Workers: 4
[148.336s][debug][gc,phases      ] GC(38)     Dead                           Min: 0, Avg:  0.0, Max: 0, Diff: 0, Sum: 0, Workers: 4
[148.336s][debug][gc,phases      ] GC(38)     Total                          Min: 0, Avg:  0.0, Max: 0, Diff: 0, Sum: 0, Workers: 4
[148.336s][debug][gc,phases      ] GC(38)   StringTable Weak               Min:  0.0, Avg:  0.1, Max:  0.1, Diff:  0.1, Sum:  0.4, Workers: 4
[148.336s][debug][gc,phases      ] GC(38)     Dead                           Min: 0, Avg:  0.0, Max: 0, Diff: 0, Sum: 0, Workers: 4
[148.336s][debug][gc,phases      ] GC(38)     Total                          Min: 0, Avg: 10873.8, Max: 18279, Diff: 18279, Sum: 43495, Workers: 4
[148.336s][debug][gc,phases      ] GC(38)   ResolvedMethodTable Weak       Min:  0.0, Avg:  0.0, Max:  0.0, Diff:  0.0, Sum:  0.1, Workers: 4
[148.336s][debug][gc,phases      ] GC(38)     Dead                           Min: 0, Avg:  0.0, Max: 0, Diff: 0, Sum: 0, Workers: 4
[148.336s][debug][gc,phases      ] GC(38)     Total                          Min: 0, Avg: 2556.5, Max: 4479, Diff: 4479, Sum: 10226, Workers: 4
[148.336s][debug][gc,phases      ] GC(38)   JNI Weak                       Min:  0.0, Avg:  0.0, Max:  0.0, Diff:  0.0, Sum:  0.0, Workers: 4
[148.336s][debug][gc,phases      ] GC(38)     Dead                           Min: 0, Avg:  0.0, Max: 0, Diff: 0, Sum: 0, Workers: 4
[148.336s][debug][gc,phases      ] GC(38)     Total                          Min: 0, Avg: 11.2, Max: 45, Diff: 45, Sum: 45, Workers: 4
[148.336s][debug][gc,phases      ] GC(38)   StringDedup Table Weak         Min:  0.0, Avg:  0.0, Max:  0.0, Diff:  0.0, Sum:  0.0, Workers: 4
[148.336s][debug][gc,phases      ] GC(38)     Dead                           Min: 0, Avg:  0.0, Max: 0, Diff: 0, Sum: 0, Workers: 4
[148.336s][debug][gc,phases      ] GC(38)     Total                          Min: 0, Avg:  0.0, Max: 0, Diff: 0, Sum: 0, Workers: 4
[148.336s][debug][gc,phases      ] GC(38)   StringDedup Requests0 Weak     Min:  0.0, Avg:  0.0, Max:  0.0, Diff:  0.0, Sum:  0.0, Workers: 4
[148.336s][debug][gc,phases      ] GC(38)     Dead                           Min: 0, Avg:  0.0, Max: 0, Diff: 0, Sum: 0, Workers: 4
[148.336s][debug][gc,phases      ] GC(38)     Total                          Min: 0, Avg:  0.0, Max: 0, Diff: 0, Sum: 0, Workers: 4
[148.336s][debug][gc,phases      ] GC(38)   StringDedup Requests1 Weak     Min:  0.0, Avg:  0.0, Max:  0.0, Diff:  0.0, Sum:  0.0, Workers: 4
[148.336s][debug][gc,phases      ] GC(38)     Dead                           Min: 0, Avg:  0.0, Max: 0, Diff: 0, Sum: 0, Workers: 4
[148.336s][debug][gc,phases      ] GC(38)     Total                          Min: 0, Avg:  0.0, Max: 0, Diff: 0, Sum: 0, Workers: 4
[148.336s][debug][gc,phases      ] GC(38)   Weak JFR Old Object Samples    Min:  0.0, Avg:  0.0, Max:  0.0, Diff:  0.0, Sum:  0.0, Workers: 4
[148.336s][debug][gc,phases      ] GC(38)     Dead                           Min: 0, Avg:  0.0, Max: 0, Diff: 0, Sum: 0, Workers: 4
[148.336s][debug][gc,phases      ] GC(38)     Total                          Min: 0, Avg:  0.0, Max: 0, Diff: 0, Sum: 0, Workers: 4
[148.336s][debug][gc,phases      ] GC(38) Weak Processing 0.355ms
[148.336s][debug][gc,age         ] GC(38) Desired survivor size 220725248 bytes, new threshold 15 (max threshold 15)
[148.336s][info ][gc,heap        ] GC(38) PSYoungGen: 1646689K(1856000K)->24177K(1881600K) Eden: 1622528K(1622528K)->0K(1656832K) From: 24161K(233472K)->24177K(224768K)
[148.336s][info ][gc,heap        ] GC(38) ParOldGen: 254387K(351232K)->254411K(351232K)
[148.336s][info ][gc,metaspace   ] GC(38) Metaspace: 83296K(84224K)->83296K(84224K) NonClass: 70970K(71488K)->70970K(71488K) Class: 12326K(12736K)->12326K(12736K)
[148.336s][info ][gc             ] GC(38) Pause Young (Allocation Failure) 1856M->272M(2180M) 8.782ms
[148.336s][info ][gc,cpu         ] GC(38) User=0.03s Sys=0.00s Real=0.01s
[148.336s][info ][safepoint      ] Safepoint "ParallelGCFailedAllocation", Time since last: 786093637 ns, Reaching safepoint: 7500 ns, Cleanup: 43400 ns, At safepoint: 8857680 ns, Total: 8908580 ns
[149.336s][info ][safepoint      ] Safepoint "Cleanup", Time since last: 1000083257 ns, Reaching safepoint: 63800 ns, Cleanup: 10100 ns, At safepoint: 6400 ns, Total: 80300 ns
[150.336s][info ][safepoint      ] Safepoint "Cleanup", Time since last: 1000110827 ns, Reaching safepoint: 74900 ns, Cleanup: 12200 ns, At safepoint: 6300 ns, Total: 93400 ns
[152.282s][info ][gc,start       ] GC(39) Pause Young (Allocation Failure)
[152.290s][debug][gc,phases      ] GC(39) Scavenge 8.279ms
[152.290s][debug][gc,ref         ] GC(39) Skipped phase 1 of Reference Processing: no references
[152.291s][debug][gc,ref         ] GC(39) ReferenceProcessor::execute queues: 1, RefProcThreadModel::Single, marks_oops_alive: false
[152.291s][debug][gc,ref         ] GC(39) ReferenceProcessor::execute queues: 4, RefProcThreadModel::Multi, marks_oops_alive: true
[152.291s][debug][gc,ref         ] GC(39) ReferenceProcessor::execute queues: 1, RefProcThreadModel::Single, marks_oops_alive: false
[152.291s][debug][gc,phases      ] GC(39) Reference Processing 0.396ms
[152.291s][debug][gc,phases      ] GC(39)   VM Weak                        Min:  0.0, Avg:  0.0, Max:  0.0, Diff:  0.0, Sum:  0.0, Workers: 4
[152.291s][debug][gc,phases      ] GC(39)     Dead                           Min: 0, Avg:  0.0, Max: 0, Diff: 0, Sum: 0, Workers: 4
[152.291s][debug][gc,phases      ] GC(39)     Total                          Min: 0, Avg: 179.2, Max: 512, Diff: 512, Sum: 717, Workers: 4
[152.291s][debug][gc,phases      ] GC(39)   ObjectSynchronizer Weak        Min:  0.0, Avg:  0.0, Max:  0.0, Diff:  0.0, Sum:  0.0, Workers: 4
[152.291s][debug][gc,phases      ] GC(39)     Dead                           Min: 0, Avg:  0.0, Max: 0, Diff: 0, Sum: 0, Workers: 4
[152.291s][debug][gc,phases      ] GC(39)     Total                          Min: 0, Avg:  1.0, Max: 4, Diff: 4, Sum: 4, Workers: 4
[152.291s][debug][gc,phases      ] GC(39)   JVMTI Tag Weak OopStorage      Min:  0.0, Avg:  0.0, Max:  0.0, Diff:  0.0, Sum:  0.0, Workers: 4
[152.291s][debug][gc,phases      ] GC(39)     Dead                           Min: 0, Avg:  0.0, Max: 0, Diff: 0, Sum: 0, Workers: 4
[152.291s][debug][gc,phases      ] GC(39)     Total                          Min: 0, Avg:  0.0, Max: 0, Diff: 0, Sum: 0, Workers: 4
[152.291s][debug][gc,phases      ] GC(39)   StringTable Weak               Min:  0.0, Avg:  0.1, Max:  0.2, Diff:  0.2, Sum:  0.3, Workers: 4
[152.291s][debug][gc,phases      ] GC(39)     Dead                           Min: 0, Avg:  0.0, Max: 0, Diff: 0, Sum: 0, Workers: 4
[152.291s][debug][gc,phases      ] GC(39)     Total                          Min: 0, Avg: 10876.8, Max: 25779, Diff: 25779, Sum: 43507, Workers: 4
[152.291s][debug][gc,phases      ] GC(39)   ResolvedMethodTable Weak       Min:  0.0, Avg:  0.0, Max:  0.0, Diff:  0.0, Sum:  0.1, Workers: 4
[152.291s][debug][gc,phases      ] GC(39)     Dead                           Min: 0, Avg:  0.0, Max: 0, Diff: 0, Sum: 0, Workers: 4
[152.291s][debug][gc,phases      ] GC(39)     Total                          Min: 0, Avg: 2556.5, Max: 5939, Diff: 5939, Sum: 10226, Workers: 4
[152.291s][debug][gc,phases      ] GC(39)   JNI Weak                       Min:  0.0, Avg:  0.0, Max:  0.0, Diff:  0.0, Sum:  0.0, Workers: 4
[152.291s][debug][gc,phases      ] GC(39)     Dead                           Min: 0, Avg:  0.0, Max: 0, Diff: 0, Sum: 0, Workers: 4
[152.291s][debug][gc,phases      ] GC(39)     Total                          Min: 0, Avg: 11.2, Max: 45, Diff: 45, Sum: 45, Workers: 4
[152.291s][debug][gc,phases      ] GC(39)   StringDedup Table Weak         Min:  0.0, Avg:  0.0, Max:  0.0, Diff:  0.0, Sum:  0.0, Workers: 4
[152.291s][debug][gc,phases      ] GC(39)     Dead                           Min: 0, Avg:  0.0, Max: 0, Diff: 0, Sum: 0, Workers: 4
[152.291s][debug][gc,phases      ] GC(39)     Total                          Min: 0, Avg:  0.0, Max: 0, Diff: 0, Sum: 0, Workers: 4
[152.291s][debug][gc,phases      ] GC(39)   StringDedup Requests0 Weak     Min:  0.0, Avg:  0.0, Max:  0.0, Diff:  0.0, Sum:  0.0, Workers: 4
[152.291s][debug][gc,phases      ] GC(39)     Dead                           Min: 0, Avg:  0.0, Max: 0, Diff: 0, Sum: 0, Workers: 4
[152.291s][debug][gc,phases      ] GC(39)     Total                          Min: 0, Avg:  0.0, Max: 0, Diff: 0, Sum: 0, Workers: 4
[152.291s][debug][gc,phases      ] GC(39)   StringDedup Requests1 Weak     Min:  0.0, Avg:  0.0, Max:  0.0, Diff:  0.0, Sum:  0.0, Workers: 4
[152.291s][debug][gc,phases      ] GC(39)     Dead                           Min: 0, Avg:  0.0, Max: 0, Diff: 0, Sum: 0, Workers: 4
[152.291s][debug][gc,phases      ] GC(39)     Total                          Min: 0, Avg:  0.0, Max: 0, Diff: 0, Sum: 0, Workers: 4
[152.291s][debug][gc,phases      ] GC(39)   Weak JFR Old Object Samples    Min:  0.0, Avg:  0.0, Max:  0.0, Diff:  0.0, Sum:  0.0, Workers: 4
[152.291s][debug][gc,phases      ] GC(39)     Dead                           Min: 0, Avg:  0.0, Max: 0, Diff: 0, Sum: 0, Workers: 4
[152.291s][debug][gc,phases      ] GC(39)     Total                          Min: 0, Avg:  0.0, Max: 0, Diff: 0, Sum: 0, Workers: 4
[152.291s][debug][gc,phases      ] GC(39) Weak Processing 0.382ms
[152.291s][debug][gc,age         ] GC(39) Desired survivor size 211288064 bytes, new threshold 15 (max threshold 15)
[152.291s][info ][gc,heap        ] GC(39) PSYoungGen: 1681009K(1881600K)->24177K(1872384K) Eden: 1656832K(1656832K)->0K(1656832K) From: 24177K(224768K)->24177K(215552K)
[152.291s][info ][gc,heap        ] GC(39) ParOldGen: 254411K(351232K)->254427K(351232K)
[152.291s][info ][gc,metaspace   ] GC(39) Metaspace: 83299K(84224K)->83299K(84224K) NonClass: 70972K(71488K)->70972K(71488K) Class: 12326K(12736K)->12326K(12736K)
[152.291s][info ][gc             ] GC(39) Pause Young (Allocation Failure) 1890M->272M(2171M) 9.183ms
[152.291s][info ][gc,cpu         ] GC(39) User=0.03s Sys=0.00s Real=0.00s
[152.291s][info ][safepoint      ] Safepoint "ParallelGCFailedAllocation", Time since last: 1945508902 ns, Reaching safepoint: 78300 ns, Cleanup: 13700 ns, At safepoint: 9275179 ns, Total: 9367179 ns
[153.291s][info ][safepoint      ] Safepoint "Cleanup", Time since last: 1000086688 ns, Reaching safepoint: 5700 ns, Cleanup: 8800 ns, At safepoint: 1900 ns, Total: 16400 ns
[154.292s][info ][safepoint      ] Safepoint "Cleanup", Time since last: 1000111388 ns, Reaching safepoint: 6500 ns, Cleanup: 19300 ns, At safepoint: 6900 ns, Total: 32700 ns
[155.292s][info ][safepoint      ] Safepoint "Cleanup", Time since last: 1000101988 ns, Reaching safepoint: 4200 ns, Cleanup: 6600 ns, At safepoint: 1700 ns, Total: 12500 ns
[156.292s][info ][safepoint      ] Safepoint "Cleanup", Time since last: 1000108388 ns, Reaching safepoint: 6500 ns, Cleanup: 13400 ns, At safepoint: 6700 ns, Total: 26600 ns
[157.856s][info ][safepoint      ] Safepoint "Cleanup", Time since last: 1563960685 ns, Reaching safepoint: 75700 ns, Cleanup: 95599 ns, At safepoint: 10100 ns, Total: 181399 ns
[158.644s][info ][gc,start       ] GC(40) Pause Young (Allocation Failure)
[158.671s][debug][gc,phases      ] GC(40) Scavenge 26.612ms
[158.671s][debug][gc,ref         ] GC(40) Skipped phase 1 of Reference Processing: no references
[158.671s][debug][gc,ref         ] GC(40) ReferenceProcessor::execute queues: 1, RefProcThreadModel::Single, marks_oops_alive: false
[158.671s][debug][gc,ref         ] GC(40) ReferenceProcessor::execute queues: 4, RefProcThreadModel::Multi, marks_oops_alive: true
[158.671s][debug][gc,ref         ] GC(40) ReferenceProcessor::execute queues: 1, RefProcThreadModel::Single, marks_oops_alive: false
[158.671s][debug][gc,phases      ] GC(40) Reference Processing 0.192ms
[158.671s][debug][gc,phases      ] GC(40)   VM Weak                        Min:  0.0, Avg:  0.0, Max:  0.0, Diff:  0.0, Sum:  0.0, Workers: 4
[158.671s][debug][gc,phases      ] GC(40)     Dead                           Min: 0, Avg:  0.0, Max: 0, Diff: 0, Sum: 0, Workers: 4
[158.671s][debug][gc,phases      ] GC(40)     Total                          Min: 0, Avg: 179.2, Max: 397, Diff: 397, Sum: 717, Workers: 4
[158.671s][debug][gc,phases      ] GC(40)   ObjectSynchronizer Weak        Min:  0.0, Avg:  0.0, Max:  0.0, Diff:  0.0, Sum:  0.0, Workers: 4
[158.671s][debug][gc,phases      ] GC(40)     Dead                           Min: 0, Avg:  0.0, Max: 0, Diff: 0, Sum: 0, Workers: 4
[158.671s][debug][gc,phases      ] GC(40)     Total                          Min: 0, Avg:  1.0, Max: 4, Diff: 4, Sum: 4, Workers: 4
[158.671s][debug][gc,phases      ] GC(40)   JVMTI Tag Weak OopStorage      Min:  0.0, Avg:  0.0, Max:  0.0, Diff:  0.0, Sum:  0.0, Workers: 4
[158.671s][debug][gc,phases      ] GC(40)     Dead                           Min: 0, Avg:  0.0, Max: 0, Diff: 0, Sum: 0, Workers: 4
[158.671s][debug][gc,phases      ] GC(40)     Total                          Min: 0, Avg:  0.0, Max: 0, Diff: 0, Sum: 0, Workers: 4
[158.671s][debug][gc,phases      ] GC(40)   StringTable Weak               Min:  0.0, Avg:  0.1, Max:  0.1, Diff:  0.1, Sum:  0.4, Workers: 4
[158.671s][debug][gc,phases      ] GC(40)     Dead                           Min: 0, Avg:  0.0, Max: 0, Diff: 0, Sum: 0, Workers: 4
[158.671s][debug][gc,phases      ] GC(40)     Total                          Min: 0, Avg: 10882.8, Max: 20544, Diff: 20544, Sum: 43531, Workers: 4
[158.671s][debug][gc,phases      ] GC(40)   ResolvedMethodTable Weak       Min:  0.0, Avg:  0.0, Max:  0.0, Diff:  0.0, Sum:  0.1, Workers: 4
[158.671s][debug][gc,phases      ] GC(40)     Dead                           Min: 0, Avg:  0.0, Max: 0, Diff: 0, Sum: 0, Workers: 4
[158.671s][debug][gc,phases      ] GC(40)     Total                          Min: 0, Avg: 2557.0, Max: 4853, Diff: 4853, Sum: 10228, Workers: 4
[158.672s][debug][gc,phases      ] GC(40)   JNI Weak                       Min:  0.0, Avg:  0.0, Max:  0.0, Diff:  0.0, Sum:  0.0, Workers: 4
[158.672s][debug][gc,phases      ] GC(40)     Dead                           Min: 0, Avg:  0.0, Max: 0, Diff: 0, Sum: 0, Workers: 4
[158.672s][debug][gc,phases      ] GC(40)     Total                          Min: 0, Avg: 14.5, Max: 58, Diff: 58, Sum: 58, Workers: 4
[158.672s][debug][gc,phases      ] GC(40)   StringDedup Table Weak         Min:  0.0, Avg:  0.0, Max:  0.0, Diff:  0.0, Sum:  0.0, Workers: 4
[158.672s][debug][gc,phases      ] GC(40)     Dead                           Min: 0, Avg:  0.0, Max: 0, Diff: 0, Sum: 0, Workers: 4
[158.672s][debug][gc,phases      ] GC(40)     Total                          Min: 0, Avg:  0.0, Max: 0, Diff: 0, Sum: 0, Workers: 4
[158.672s][debug][gc,phases      ] GC(40)   StringDedup Requests0 Weak     Min:  0.0, Avg:  0.0, Max:  0.0, Diff:  0.0, Sum:  0.0, Workers: 4
[158.672s][debug][gc,phases      ] GC(40)     Dead                           Min: 0, Avg:  0.0, Max: 0, Diff: 0, Sum: 0, Workers: 4
[158.672s][debug][gc,phases      ] GC(40)     Total                          Min: 0, Avg:  0.0, Max: 0, Diff: 0, Sum: 0, Workers: 4
[158.672s][debug][gc,phases      ] GC(40)   StringDedup Requests1 Weak     Min:  0.0, Avg:  0.0, Max:  0.0, Diff:  0.0, Sum:  0.0, Workers: 4
[158.672s][debug][gc,phases      ] GC(40)     Dead                           Min: 0, Avg:  0.0, Max: 0, Diff: 0, Sum: 0, Workers: 4
[158.672s][debug][gc,phases      ] GC(40)     Total                          Min: 0, Avg:  0.0, Max: 0, Diff: 0, Sum: 0, Workers: 4
[158.672s][debug][gc,phases      ] GC(40)   Weak JFR Old Object Samples    Min:  0.0, Avg:  0.0, Max:  0.0, Diff:  0.0, Sum:  0.0, Workers: 4
[158.672s][debug][gc,phases      ] GC(40)     Dead                           Min: 0, Avg:  0.0, Max: 0, Diff: 0, Sum: 0, Workers: 4
[158.672s][debug][gc,phases      ] GC(40)     Total                          Min: 0, Avg:  0.0, Max: 0, Diff: 0, Sum: 0, Workers: 4
[158.672s][debug][gc,phases      ] GC(40) Weak Processing 0.340ms
[158.672s][debug][gc,age         ] GC(40) Desired survivor size 202375168 bytes, new threshold 15 (max threshold 15)
[158.672s][info ][gc,heap        ] GC(40) PSYoungGen: 1681009K(1872384K)->72977K(1899520K) Eden: 1656832K(1656832K)->0K(1693184K) From: 24177K(215552K)->72977K(206336K)
[158.672s][info ][gc,heap        ] GC(40) ParOldGen: 254427K(351232K)->254491K(351232K)
[158.672s][info ][gc,metaspace   ] GC(40) Metaspace: 83381K(84288K)->83381K(84288K) NonClass: 71054K(71552K)->71054K(71552K) Class: 12327K(12736K)->12327K(12736K)
[158.672s][info ][gc             ] GC(40) Pause Young (Allocation Failure) 1890M->319M(2198M) 27.253ms
[158.672s][info ][gc,cpu         ] GC(40) User=0.09s Sys=0.00s Real=0.02s
[158.672s][info ][safepoint      ] Safepoint "ParallelGCFailedAllocation", Time since last: 788206327 ns, Reaching safepoint: 76900 ns, Cleanup: 92400 ns, At safepoint: 27339038 ns, Total: 27508338 ns
[159.672s][info ][safepoint      ] Safepoint "Cleanup", Time since last: 1000094654 ns, Reaching safepoint: 6200 ns, Cleanup: 23400 ns, At safepoint: 2800 ns, Total: 32400 ns
[160.672s][info ][safepoint      ] Safepoint "Cleanup", Time since last: 1000102054 ns, Reaching safepoint: 5200 ns, Cleanup: 16300 ns, At safepoint: 2400 ns, Total: 23900 ns
[161.672s][info ][safepoint      ] Safepoint "Cleanup", Time since last: 1000107954 ns, Reaching safepoint: 7300 ns, Cleanup: 27300 ns, At safepoint: 2400 ns, Total: 37000 ns
[162.672s][info ][safepoint      ] Safepoint "Cleanup", Time since last: 1000097154 ns, Reaching safepoint: 5000 ns, Cleanup: 64400 ns, At safepoint: 5300 ns, Total: 74700 ns
[163.672s][info ][safepoint      ] Safepoint "Cleanup", Time since last: 1000105154 ns, Reaching safepoint: 6300 ns, Cleanup: 31400 ns, At safepoint: 6100 ns, Total: 43800 ns
[164.672s][info ][safepoint      ] Safepoint "Cleanup", Time since last: 1000099254 ns, Reaching safepoint: 4700 ns, Cleanup: 14000 ns, At safepoint: 2100 ns, Total: 20800 ns
[165.673s][info ][safepoint      ] Safepoint "Cleanup", Time since last: 1000109754 ns, Reaching safepoint: 5400 ns, Cleanup: 13800 ns, At safepoint: 3200 ns, Total: 22400 ns
[165.781s][info ][gc,start       ] GC(41) Pause Young (Allocation Failure)
[165.805s][debug][gc,phases      ] GC(41) Scavenge 23.598ms
[165.805s][debug][gc,ref         ] GC(41) Skipped phase 1 of Reference Processing: no references
[165.805s][debug][gc,ref         ] GC(41) ReferenceProcessor::execute queues: 1, RefProcThreadModel::Single, marks_oops_alive: false
[165.805s][debug][gc,ref         ] GC(41) ReferenceProcessor::execute queues: 4, RefProcThreadModel::Multi, marks_oops_alive: true
[165.805s][debug][gc,ref         ] GC(41) ReferenceProcessor::execute queues: 1, RefProcThreadModel::Single, marks_oops_alive: false
[165.805s][debug][gc,phases      ] GC(41) Reference Processing 0.186ms
[165.805s][debug][gc,phases      ] GC(41)   VM Weak                        Min:  0.0, Avg:  0.0, Max:  0.0, Diff:  0.0, Sum:  0.0, Workers: 4
[165.805s][debug][gc,phases      ] GC(41)     Dead                           Min: 0, Avg:  0.0, Max: 0, Diff: 0, Sum: 0, Workers: 4
[165.805s][debug][gc,phases      ] GC(41)     Total                          Min: 0, Avg: 179.5, Max: 718, Diff: 718, Sum: 718, Workers: 4
[165.805s][debug][gc,phases      ] GC(41)   ObjectSynchronizer Weak        Min:  0.0, Avg:  0.0, Max:  0.0, Diff:  0.0, Sum:  0.0, Workers: 4
[165.805s][debug][gc,phases      ] GC(41)     Dead                           Min: 0, Avg:  0.0, Max: 0, Diff: 0, Sum: 0, Workers: 4
[165.805s][debug][gc,phases      ] GC(41)     Total                          Min: 0, Avg:  1.0, Max: 4, Diff: 4, Sum: 4, Workers: 4
[165.805s][debug][gc,phases      ] GC(41)   JVMTI Tag Weak OopStorage      Min:  0.0, Avg:  0.0, Max:  0.0, Diff:  0.0, Sum:  0.0, Workers: 4
[165.805s][debug][gc,phases      ] GC(41)     Dead                           Min: 0, Avg:  0.0, Max: 0, Diff: 0, Sum: 0, Workers: 4
[165.805s][debug][gc,phases      ] GC(41)     Total                          Min: 0, Avg:  0.0, Max: 0, Diff: 0, Sum: 0, Workers: 4
[165.805s][debug][gc,phases      ] GC(41)   StringTable Weak               Min:  0.0, Avg:  0.1, Max:  0.1, Diff:  0.1, Sum:  0.4, Workers: 4
[165.805s][debug][gc,phases      ] GC(41)     Dead                           Min: 0, Avg:  0.0, Max: 0, Diff: 0, Sum: 0, Workers: 4
[165.805s][debug][gc,phases      ] GC(41)     Total                          Min: 0, Avg: 10901.2, Max: 18197, Diff: 18197, Sum: 43605, Workers: 4
[165.805s][debug][gc,phases      ] GC(41)   ResolvedMethodTable Weak       Min:  0.0, Avg:  0.0, Max:  0.0, Diff:  0.0, Sum:  0.1, Workers: 4
[165.805s][debug][gc,phases      ] GC(41)     Dead                           Min: 0, Avg:  0.0, Max: 0, Diff: 0, Sum: 0, Workers: 4
[165.805s][debug][gc,phases      ] GC(41)     Total                          Min: 0, Avg: 2557.0, Max: 4351, Diff: 4351, Sum: 10228, Workers: 4
[165.805s][debug][gc,phases      ] GC(41)   JNI Weak                       Min:  0.0, Avg:  0.0, Max:  0.0, Diff:  0.0, Sum:  0.0, Workers: 4
[165.805s][debug][gc,phases      ] GC(41)     Dead                           Min: 0, Avg:  0.0, Max: 0, Diff: 0, Sum: 0, Workers: 4
[165.805s][debug][gc,phases      ] GC(41)     Total                          Min: 0, Avg: 11.2, Max: 45, Diff: 45, Sum: 45, Workers: 4
[165.805s][debug][gc,phases      ] GC(41)   StringDedup Table Weak         Min:  0.0, Avg:  0.0, Max:  0.0, Diff:  0.0, Sum:  0.0, Workers: 4
[165.805s][debug][gc,phases      ] GC(41)     Dead                           Min: 0, Avg:  0.0, Max: 0, Diff: 0, Sum: 0, Workers: 4
[165.805s][debug][gc,phases      ] GC(41)     Total                          Min: 0, Avg:  0.0, Max: 0, Diff: 0, Sum: 0, Workers: 4
[165.805s][debug][gc,phases      ] GC(41)   StringDedup Requests0 Weak     Min:  0.0, Avg:  0.0, Max:  0.0, Diff:  0.0, Sum:  0.0, Workers: 4
[165.805s][debug][gc,phases      ] GC(41)     Dead                           Min: 0, Avg:  0.0, Max: 0, Diff: 0, Sum: 0, Workers: 4
[165.805s][debug][gc,phases      ] GC(41)     Total                          Min: 0, Avg:  0.0, Max: 0, Diff: 0, Sum: 0, Workers: 4
[165.805s][debug][gc,phases      ] GC(41)   StringDedup Requests1 Weak     Min:  0.0, Avg:  0.0, Max:  0.0, Diff:  0.0, Sum:  0.0, Workers: 4
[165.806s][debug][gc,phases      ] GC(41)     Dead                           Min: 0, Avg:  0.0, Max: 0, Diff: 0, Sum: 0, Workers: 4
[165.806s][debug][gc,phases      ] GC(41)     Total                          Min: 0, Avg:  0.0, Max: 0, Diff: 0, Sum: 0, Workers: 4
[165.806s][debug][gc,phases      ] GC(41)   Weak JFR Old Object Samples    Min:  0.0, Avg:  0.0, Max:  0.0, Diff:  0.0, Sum:  0.0, Workers: 4
[165.806s][debug][gc,phases      ] GC(41)     Dead                           Min: 0, Avg:  0.0, Max: 0, Diff: 0, Sum: 0, Workers: 4
[165.806s][debug][gc,phases      ] GC(41)     Total                          Min: 0, Avg:  0.0, Max: 0, Diff: 0, Sum: 0, Workers: 4
[165.806s][debug][gc,phases      ] GC(41) Weak Processing 0.343ms
[165.806s][debug][gc,age         ] GC(41) Desired survivor size 193462272 bytes, new threshold 15 (max threshold 15)
[165.806s][info ][gc,heap        ] GC(41) PSYoungGen: 1766161K(1899520K)->72945K(1890816K) Eden: 1693184K(1693184K)->0K(1693184K) From: 72977K(206336K)->72945K(197632K)
[165.806s][info ][gc,heap        ] GC(41) ParOldGen: 254491K(351232K)->254523K(351232K)
[165.806s][info ][gc,metaspace   ] GC(41) Metaspace: 83448K(84352K)->83448K(84352K) NonClass: 71120K(71616K)->71120K(71616K) Class: 12327K(12736K)->12327K(12736K)
[165.806s][info ][gc             ] GC(41) Pause Young (Allocation Failure) 1973M->319M(2189M) 24.248ms
[165.806s][info ][gc,cpu         ] GC(41) User=0.08s Sys=0.00s Real=0.02s
[165.806s][info ][safepoint      ] Safepoint "ParallelGCFailedAllocation", Time since last: 108635556 ns, Reaching safepoint: 5300 ns, Cleanup: 4100 ns, At safepoint: 24336845 ns, Total: 24346245 ns
[166.806s][info ][safepoint      ] Safepoint "Cleanup", Time since last: 1000051104 ns, Reaching safepoint: 6600 ns, Cleanup: 42800 ns, At safepoint: 5500 ns, Total: 54900 ns
[167.806s][info ][safepoint      ] Safepoint "Cleanup", Time since last: 1000103898 ns, Reaching safepoint: 4900 ns, Cleanup: 16300 ns, At safepoint: 2600 ns, Total: 23800 ns
[168.806s][info ][safepoint      ] Safepoint "Cleanup", Time since last: 1000098898 ns, Reaching safepoint: 7700 ns, Cleanup: 11000 ns, At safepoint: 2600 ns, Total: 21300 ns
[169.806s][info ][safepoint      ] Safepoint "Cleanup", Time since last: 1000085298 ns, Reaching safepoint: 5500 ns, Cleanup: 20600 ns, At safepoint: 2400 ns, Total: 28500 ns
[170.806s][info ][safepoint      ] Safepoint "Cleanup", Time since last: 1000102498 ns, Reaching safepoint: 5800 ns, Cleanup: 14000 ns, At safepoint: 2400 ns, Total: 22200 ns
[172.039s][info ][safepoint      ] Safepoint "Cleanup", Time since last: 1232822162 ns, Reaching safepoint: 88500 ns, Cleanup: 86500 ns, At safepoint: 12700 ns, Total: 187700 ns
[173.039s][info ][safepoint      ] Safepoint "Cleanup", Time since last: 1000118898 ns, Reaching safepoint: 5300 ns, Cleanup: 23299 ns, At safepoint: 4900 ns, Total: 33499 ns
[173.335s][info ][gc,start       ] GC(42) Pause Young (Allocation Failure)
[173.363s][debug][gc,phases      ] GC(42) Scavenge 27.536ms
[173.363s][debug][gc,ref         ] GC(42) Skipped phase 1 of Reference Processing: no references
[173.363s][debug][gc,ref         ] GC(42) ReferenceProcessor::execute queues: 1, RefProcThreadModel::Single, marks_oops_alive: false
[173.363s][debug][gc,ref         ] GC(42) ReferenceProcessor::execute queues: 4, RefProcThreadModel::Multi, marks_oops_alive: true
[173.363s][debug][gc,ref         ] GC(42) ReferenceProcessor::execute queues: 1, RefProcThreadModel::Single, marks_oops_alive: false
[173.363s][debug][gc,phases      ] GC(42) Reference Processing 0.165ms
[173.363s][debug][gc,phases      ] GC(42)   VM Weak                        Min:  0.0, Avg:  0.0, Max:  0.0, Diff:  0.0, Sum:  0.0, Workers: 4
[173.363s][debug][gc,phases      ] GC(42)     Dead                           Min: 0, Avg:  0.0, Max: 0, Diff: 0, Sum: 0, Workers: 4
[173.363s][debug][gc,phases      ] GC(42)     Total                          Min: 0, Avg: 179.8, Max: 384, Diff: 384, Sum: 719, Workers: 4
[173.363s][debug][gc,phases      ] GC(42)   ObjectSynchronizer Weak        Min:  0.0, Avg:  0.0, Max:  0.0, Diff:  0.0, Sum:  0.0, Workers: 4
[173.363s][debug][gc,phases      ] GC(42)     Dead                           Min: 0, Avg:  0.0, Max: 0, Diff: 0, Sum: 0, Workers: 4
[173.363s][debug][gc,phases      ] GC(42)     Total                          Min: 0, Avg:  1.0, Max: 4, Diff: 4, Sum: 4, Workers: 4
[173.363s][debug][gc,phases      ] GC(42)   JVMTI Tag Weak OopStorage      Min:  0.0, Avg:  0.0, Max:  0.0, Diff:  0.0, Sum:  0.0, Workers: 4
[173.363s][debug][gc,phases      ] GC(42)     Dead                           Min: 0, Avg:  0.0, Max: 0, Diff: 0, Sum: 0, Workers: 4
[173.363s][debug][gc,phases      ] GC(42)     Total                          Min: 0, Avg:  0.0, Max: 0, Diff: 0, Sum: 0, Workers: 4
[173.363s][debug][gc,phases      ] GC(42)   StringTable Weak               Min:  0.0, Avg:  0.1, Max:  0.1, Diff:  0.1, Sum:  0.4, Workers: 4
[173.363s][debug][gc,phases      ] GC(42)     Dead                           Min: 0, Avg:  0.0, Max: 0, Diff: 0, Sum: 0, Workers: 4
[173.363s][debug][gc,phases      ] GC(42)     Total                          Min: 0, Avg: 10904.5, Max: 19170, Diff: 19170, Sum: 43618, Workers: 4
[173.363s][debug][gc,phases      ] GC(42)   ResolvedMethodTable Weak       Min:  0.0, Avg:  0.0, Max:  0.0, Diff:  0.0, Sum:  0.1, Workers: 4
[173.363s][debug][gc,phases      ] GC(42)     Dead                           Min: 0, Avg:  0.0, Max: 0, Diff: 0, Sum: 0, Workers: 4
[173.363s][debug][gc,phases      ] GC(42)     Total                          Min: 0, Avg: 2558.0, Max: 4280, Diff: 4280, Sum: 10232, Workers: 4
[173.363s][debug][gc,phases      ] GC(42)   JNI Weak                       Min:  0.0, Avg:  0.0, Max:  0.0, Diff:  0.0, Sum:  0.0, Workers: 4
[173.363s][debug][gc,phases      ] GC(42)     Dead                           Min: 0, Avg:  0.0, Max: 0, Diff: 0, Sum: 0, Workers: 4
[173.363s][debug][gc,phases      ] GC(42)     Total                          Min: 0, Avg: 11.2, Max: 45, Diff: 45, Sum: 45, Workers: 4
[173.363s][debug][gc,phases      ] GC(42)   StringDedup Table Weak         Min:  0.0, Avg:  0.0, Max:  0.0, Diff:  0.0, Sum:  0.0, Workers: 4
[173.363s][debug][gc,phases      ] GC(42)     Dead                           Min: 0, Avg:  0.0, Max: 0, Diff: 0, Sum: 0, Workers: 4
[173.363s][debug][gc,phases      ] GC(42)     Total                          Min: 0, Avg:  0.0, Max: 0, Diff: 0, Sum: 0, Workers: 4
[173.363s][debug][gc,phases      ] GC(42)   StringDedup Requests0 Weak     Min:  0.0, Avg:  0.0, Max:  0.0, Diff:  0.0, Sum:  0.0, Workers: 4
[173.363s][debug][gc,phases      ] GC(42)     Dead                           Min: 0, Avg:  0.0, Max: 0, Diff: 0, Sum: 0, Workers: 4
[173.363s][debug][gc,phases      ] GC(42)     Total                          Min: 0, Avg:  0.0, Max: 0, Diff: 0, Sum: 0, Workers: 4
[173.363s][debug][gc,phases      ] GC(42)   StringDedup Requests1 Weak     Min:  0.0, Avg:  0.0, Max:  0.0, Diff:  0.0, Sum:  0.0, Workers: 4
[173.363s][debug][gc,phases      ] GC(42)     Dead                           Min: 0, Avg:  0.0, Max: 0, Diff: 0, Sum: 0, Workers: 4
[173.363s][debug][gc,phases      ] GC(42)     Total                          Min: 0, Avg:  0.0, Max: 0, Diff: 0, Sum: 0, Workers: 4
[173.363s][debug][gc,phases      ] GC(42)   Weak JFR Old Object Samples    Min:  0.0, Avg:  0.0, Max:  0.0, Diff:  0.0, Sum:  0.0, Workers: 4
[173.363s][debug][gc,phases      ] GC(42)     Dead                           Min: 0, Avg:  0.0, Max: 0, Diff: 0, Sum: 0, Workers: 4
[173.363s][debug][gc,phases      ] GC(42)     Total                          Min: 0, Avg:  0.0, Max: 0, Diff: 0, Sum: 0, Workers: 4
[173.363s][debug][gc,phases      ] GC(42) Weak Processing 0.343ms
[173.363s][debug][gc,age         ] GC(42) Desired survivor size 181403648 bytes, new threshold 15 (max threshold 15)
[173.363s][info ][gc,heap        ] GC(42) PSYoungGen: 1766129K(1890816K)->64096K(1920000K) Eden: 1693184K(1693184K)->0K(1731072K) From: 72945K(197632K)->64096K(188928K)
[173.363s][info ][gc,heap        ] GC(42) ParOldGen: 254523K(351232K)->270663K(351232K)
[173.363s][info ][gc,metaspace   ] GC(42) Metaspace: 83477K(84352K)->83477K(84352K) NonClass: 71148K(71616K)->71148K(71616K) Class: 12328K(12736K)->12328K(12736K)
[173.363s][info ][gc             ] GC(42) Pause Young (Allocation Failure) 1973M->326M(2218M) 28.165ms
[173.363s][info ][gc,cpu         ] GC(42) User=0.09s Sys=0.00s Real=0.03s
[173.363s][info ][safepoint      ] Safepoint "ParallelGCFailedAllocation", Time since last: 295736820 ns, Reaching safepoint: 5300 ns, Cleanup: 17900 ns, At safepoint: 28233735 ns, Total: 28256935 ns
[174.363s][info ][safepoint      ] Safepoint "Cleanup", Time since last: 1000076535 ns, Reaching safepoint: 5900 ns, Cleanup: 12000 ns, At safepoint: 2200 ns, Total: 20100 ns
[175.364s][info ][safepoint      ] Safepoint "Cleanup", Time since last: 1000102480 ns, Reaching safepoint: 5700 ns, Cleanup: 15600 ns, At safepoint: 2200 ns, Total: 23500 ns
[176.364s][info ][safepoint      ] Safepoint "Cleanup", Time since last: 1000103880 ns, Reaching safepoint: 5000 ns, Cleanup: 29200 ns, At safepoint: 3800 ns, Total: 38000 ns
[177.364s][info ][safepoint      ] Safepoint "Cleanup", Time since last: 1000114880 ns, Reaching safepoint: 4500 ns, Cleanup: 18700 ns, At safepoint: 2200 ns, Total: 25400 ns
[178.364s][info ][safepoint      ] Safepoint "Cleanup", Time since last: 1000106381 ns, Reaching safepoint: 5900 ns, Cleanup: 14100 ns, At safepoint: 2500 ns, Total: 22500 ns
[179.364s][info ][safepoint      ] Safepoint "Cleanup", Time since last: 1000073480 ns, Reaching safepoint: 4800 ns, Cleanup: 21700 ns, At safepoint: 2300 ns, Total: 28800 ns
[181.076s][info ][safepoint      ] Safepoint "Cleanup", Time since last: 1711914400 ns, Reaching safepoint: 4100 ns, Cleanup: 46900 ns, At safepoint: 2600 ns, Total: 53600 ns
[181.688s][info ][gc,start       ] GC(43) Pause Young (Allocation Failure)
[181.708s][debug][gc,phases      ] GC(43) Scavenge 20.412ms
[181.708s][debug][gc,ref         ] GC(43) Skipped phase 1 of Reference Processing: no references
[181.708s][debug][gc,ref         ] GC(43) ReferenceProcessor::execute queues: 1, RefProcThreadModel::Single, marks_oops_alive: false
[181.708s][debug][gc,ref         ] GC(43) ReferenceProcessor::execute queues: 4, RefProcThreadModel::Multi, marks_oops_alive: true
[181.709s][debug][gc,ref         ] GC(43) ReferenceProcessor::execute queues: 1, RefProcThreadModel::Single, marks_oops_alive: false
[181.709s][debug][gc,phases      ] GC(43) Reference Processing 0.196ms
[181.709s][debug][gc,phases      ] GC(43)   VM Weak                        Min:  0.0, Avg:  0.0, Max:  0.0, Diff:  0.0, Sum:  0.0, Workers: 4
[181.709s][debug][gc,phases      ] GC(43)     Dead                           Min: 0, Avg:  0.0, Max: 0, Diff: 0, Sum: 0, Workers: 4
[181.709s][debug][gc,phases      ] GC(43)     Total                          Min: 0, Avg: 179.8, Max: 591, Diff: 591, Sum: 719, Workers: 4
[181.709s][debug][gc,phases      ] GC(43)   ObjectSynchronizer Weak        Min:  0.0, Avg:  0.0, Max:  0.0, Diff:  0.0, Sum:  0.0, Workers: 4
[181.709s][debug][gc,phases      ] GC(43)     Dead                           Min: 0, Avg:  0.5, Max: 2, Diff: 2, Sum: 2, Workers: 4
[181.709s][debug][gc,phases      ] GC(43)     Total                          Min: 0, Avg:  2.0, Max: 8, Diff: 8, Sum: 8, Workers: 4
[181.709s][debug][gc,phases      ] GC(43)   JVMTI Tag Weak OopStorage      Min:  0.0, Avg:  0.0, Max:  0.0, Diff:  0.0, Sum:  0.0, Workers: 4
[181.709s][debug][gc,phases      ] GC(43)     Dead                           Min: 0, Avg:  0.0, Max: 0, Diff: 0, Sum: 0, Workers: 4
[181.709s][debug][gc,phases      ] GC(43)     Total                          Min: 0, Avg:  0.0, Max: 0, Diff: 0, Sum: 0, Workers: 4
[181.709s][debug][gc,phases      ] GC(43)   StringTable Weak               Min:  0.1, Avg:  0.1, Max:  0.1, Diff:  0.0, Sum:  0.5, Workers: 4
[181.709s][debug][gc,phases      ] GC(43)     Dead                           Min: 0, Avg:  0.2, Max: 1, Diff: 1, Sum: 1, Workers: 4
[181.709s][debug][gc,phases      ] GC(43)     Total                          Min: 10680, Avg: 10909.8, Max: 11200, Diff: 520, Sum: 43639, Workers: 4
[181.709s][debug][gc,phases      ] GC(43)   ResolvedMethodTable Weak       Min:  0.0, Avg:  0.0, Max:  0.0, Diff:  0.0, Sum:  0.1, Workers: 4
[181.709s][debug][gc,phases      ] GC(43)     Dead                           Min: 0, Avg:  0.0, Max: 0, Diff: 0, Sum: 0, Workers: 4
[181.709s][debug][gc,phases      ] GC(43)     Total                          Min: 1216, Avg: 2561.0, Max: 3076, Diff: 1860, Sum: 10244, Workers: 4
[181.709s][debug][gc,phases      ] GC(43)   JNI Weak                       Min:  0.0, Avg:  0.0, Max:  0.0, Diff:  0.0, Sum:  0.0, Workers: 4
[181.709s][debug][gc,phases      ] GC(43)     Dead                           Min: 0, Avg:  0.0, Max: 0, Diff: 0, Sum: 0, Workers: 4
[181.709s][debug][gc,phases      ] GC(43)     Total                          Min: 0, Avg: 11.2, Max: 45, Diff: 45, Sum: 45, Workers: 4
[181.709s][debug][gc,phases      ] GC(43)   StringDedup Table Weak         Min:  0.0, Avg:  0.0, Max:  0.0, Diff:  0.0, Sum:  0.0, Workers: 4
[181.709s][debug][gc,phases      ] GC(43)     Dead                           Min: 0, Avg:  0.0, Max: 0, Diff: 0, Sum: 0, Workers: 4
[181.709s][debug][gc,phases      ] GC(43)     Total                          Min: 0, Avg:  0.0, Max: 0, Diff: 0, Sum: 0, Workers: 4
[181.709s][debug][gc,phases      ] GC(43)   StringDedup Requests0 Weak     Min:  0.0, Avg:  0.0, Max:  0.0, Diff:  0.0, Sum:  0.0, Workers: 4
[181.709s][debug][gc,phases      ] GC(43)     Dead                           Min: 0, Avg:  0.0, Max: 0, Diff: 0, Sum: 0, Workers: 4
[181.709s][debug][gc,phases      ] GC(43)     Total                          Min: 0, Avg:  0.0, Max: 0, Diff: 0, Sum: 0, Workers: 4
[181.709s][debug][gc,phases      ] GC(43)   StringDedup Requests1 Weak     Min:  0.0, Avg:  0.0, Max:  0.0, Diff:  0.0, Sum:  0.0, Workers: 4
[181.709s][debug][gc,phases      ] GC(43)     Dead                           Min: 0, Avg:  0.0, Max: 0, Diff: 0, Sum: 0, Workers: 4
[181.709s][debug][gc,phases      ] GC(43)     Total                          Min: 0, Avg:  0.0, Max: 0, Diff: 0, Sum: 0, Workers: 4
[181.709s][debug][gc,phases      ] GC(43)   Weak JFR Old Object Samples    Min:  0.0, Avg:  0.0, Max:  0.0, Diff:  0.0, Sum:  0.0, Workers: 4
[181.709s][debug][gc,phases      ] GC(43)     Dead                           Min: 0, Avg:  0.0, Max: 0, Diff: 0, Sum: 0, Workers: 4
[181.709s][debug][gc,phases      ] GC(43)     Total                          Min: 0, Avg:  0.0, Max: 0, Diff: 0, Sum: 0, Workers: 4
[181.709s][debug][gc,phases      ] GC(43) Weak Processing 0.320ms
[181.709s][debug][gc,age         ] GC(43) Desired survivor size 170393600 bytes, new threshold 15 (max threshold 15)
[181.709s][info ][gc,heap        ] GC(43) PSYoungGen: 1795168K(1920000K)->57552K(1908224K) Eden: 1731072K(1731072K)->0K(1731072K) From: 64096K(188928K)->57552K(177152K)
[181.709s][info ][gc,heap        ] GC(43) ParOldGen: 270663K(351232K)->277071K(351232K)
[181.709s][info ][gc,metaspace   ] GC(43) Metaspace: 83562K(84480K)->83562K(84480K) NonClass: 71226K(71744K)->71226K(71744K) Class: 12335K(12736K)->12335K(12736K)
[181.709s][info ][gc             ] GC(43) Pause Young (Allocation Failure) 2017M->326M(2206M) 21.045ms
[181.709s][info ][gc,cpu         ] GC(43) User=0.07s Sys=0.00s Real=0.02s
[181.709s][info ][safepoint      ] Safepoint "ParallelGCFailedAllocation", Time since last: 611690643 ns, Reaching safepoint: 75600 ns, Cleanup: 23599 ns, At safepoint: 21121754 ns, Total: 21220953 ns
[182.709s][info ][safepoint      ] Safepoint "Cleanup", Time since last: 1000062690 ns, Reaching safepoint: 5200 ns, Cleanup: 28700 ns, At safepoint: 2000 ns, Total: 35900 ns
[183.709s][info ][safepoint      ] Safepoint "Cleanup", Time since last: 1000100475 ns, Reaching safepoint: 4600 ns, Cleanup: 38100 ns, At safepoint: 2300 ns, Total: 45000 ns
[184.709s][info ][safepoint      ] Safepoint "Cleanup", Time since last: 1000060774 ns, Reaching safepoint: 5000 ns, Cleanup: 31300 ns, At safepoint: 1900 ns, Total: 38200 ns
[185.710s][info ][safepoint      ] Safepoint "Cleanup", Time since last: 1000113874 ns, Reaching safepoint: 78900 ns, Cleanup: 57700 ns, At safepoint: 17100 ns, Total: 153700 ns
[186.718s][info ][safepoint      ] Safepoint "Cleanup", Time since last: 1008047960 ns, Reaching safepoint: 4600 ns, Cleanup: 34600 ns, At safepoint: 6600 ns, Total: 45800 ns
[187.537s][info ][gc,start       ] GC(44) Pause Young (Allocation Failure)
[187.544s][debug][gc,phases      ] GC(44) Scavenge 6.587ms
[187.544s][debug][gc,ref         ] GC(44) Skipped phase 1 of Reference Processing: no references
[187.544s][debug][gc,ref         ] GC(44) ReferenceProcessor::execute queues: 1, RefProcThreadModel::Single, marks_oops_alive: false
[187.544s][debug][gc,ref         ] GC(44) Skipped phase 3 of Reference Processing: no references
[187.544s][debug][gc,ref         ] GC(44) ReferenceProcessor::execute queues: 1, RefProcThreadModel::Single, marks_oops_alive: false
[187.544s][debug][gc,phases      ] GC(44) Reference Processing 0.103ms
[187.544s][debug][gc,phases      ] GC(44)   VM Weak                        Min:  0.0, Avg:  0.0, Max:  0.0, Diff:  0.0, Sum:  0.0, Workers: 4
[187.544s][debug][gc,phases      ] GC(44)     Dead                           Min: 0, Avg:  0.0, Max: 0, Diff: 0, Sum: 0, Workers: 4
[187.544s][debug][gc,phases      ] GC(44)     Total                          Min: 0, Avg: 182.0, Max: 664, Diff: 664, Sum: 728, Workers: 4
[187.544s][debug][gc,phases      ] GC(44)   ObjectSynchronizer Weak        Min:  0.0, Avg:  0.0, Max:  0.0, Diff:  0.0, Sum:  0.0, Workers: 4
[187.544s][debug][gc,phases      ] GC(44)     Dead                           Min: 0, Avg:  0.0, Max: 0, Diff: 0, Sum: 0, Workers: 4
[187.544s][debug][gc,phases      ] GC(44)     Total                          Min: 0, Avg:  2.2, Max: 9, Diff: 9, Sum: 9, Workers: 4
[187.544s][debug][gc,phases      ] GC(44)   JVMTI Tag Weak OopStorage      Min:  0.0, Avg:  0.0, Max:  0.0, Diff:  0.0, Sum:  0.0, Workers: 4
[187.544s][debug][gc,phases      ] GC(44)     Dead                           Min: 0, Avg:  0.0, Max: 0, Diff: 0, Sum: 0, Workers: 4
[187.544s][debug][gc,phases      ] GC(44)     Total                          Min: 0, Avg:  0.0, Max: 0, Diff: 0, Sum: 0, Workers: 4
[187.544s][debug][gc,phases      ] GC(44)   StringTable Weak               Min:  0.0, Avg:  0.1, Max:  0.2, Diff:  0.2, Sum:  0.3, Workers: 4
[187.544s][debug][gc,phases      ] GC(44)     Dead                           Min: 0, Avg:  0.2, Max: 1, Diff: 1, Sum: 1, Workers: 4
[187.544s][debug][gc,phases      ] GC(44)     Total                          Min: 0, Avg: 10918.2, Max: 27481, Diff: 27481, Sum: 43673, Workers: 4
[187.544s][debug][gc,phases      ] GC(44)   ResolvedMethodTable Weak       Min:  0.0, Avg:  0.0, Max:  0.0, Diff:  0.0, Sum:  0.1, Workers: 4
[187.544s][debug][gc,phases      ] GC(44)     Dead                           Min: 0, Avg:  0.0, Max: 0, Diff: 0, Sum: 0, Workers: 4
[187.544s][debug][gc,phases      ] GC(44)     Total                          Min: 0, Avg: 2572.0, Max: 6192, Diff: 6192, Sum: 10288, Workers: 4
[187.544s][debug][gc,phases      ] GC(44)   JNI Weak                       Min:  0.0, Avg:  0.0, Max:  0.0, Diff:  0.0, Sum:  0.0, Workers: 4
[187.544s][debug][gc,phases      ] GC(44)     Dead                           Min: 0, Avg:  0.0, Max: 0, Diff: 0, Sum: 0, Workers: 4
[187.544s][debug][gc,phases      ] GC(44)     Total                          Min: 0, Avg: 11.2, Max: 45, Diff: 45, Sum: 45, Workers: 4
[187.544s][debug][gc,phases      ] GC(44)   StringDedup Table Weak         Min:  0.0, Avg:  0.0, Max:  0.0, Diff:  0.0, Sum:  0.0, Workers: 4
[187.544s][debug][gc,phases      ] GC(44)     Dead                           Min: 0, Avg:  0.0, Max: 0, Diff: 0, Sum: 0, Workers: 4
[187.544s][debug][gc,phases      ] GC(44)     Total                          Min: 0, Avg:  0.0, Max: 0, Diff: 0, Sum: 0, Workers: 4
[187.544s][debug][gc,phases      ] GC(44)   StringDedup Requests0 Weak     Min:  0.0, Avg:  0.0, Max:  0.0, Diff:  0.0, Sum:  0.0, Workers: 4
[187.544s][debug][gc,phases      ] GC(44)     Dead                           Min: 0, Avg:  0.0, Max: 0, Diff: 0, Sum: 0, Workers: 4
[187.544s][debug][gc,phases      ] GC(44)     Total                          Min: 0, Avg:  0.0, Max: 0, Diff: 0, Sum: 0, Workers: 4
[187.544s][debug][gc,phases      ] GC(44)   StringDedup Requests1 Weak     Min:  0.0, Avg:  0.0, Max:  0.0, Diff:  0.0, Sum:  0.0, Workers: 4
[187.544s][debug][gc,phases      ] GC(44)     Dead                           Min: 0, Avg:  0.0, Max: 0, Diff: 0, Sum: 0, Workers: 4
[187.544s][debug][gc,phases      ] GC(44)     Total                          Min: 0, Avg:  0.0, Max: 0, Diff: 0, Sum: 0, Workers: 4
[187.544s][debug][gc,phases      ] GC(44)   Weak JFR Old Object Samples    Min:  0.0, Avg:  0.0, Max:  0.0, Diff:  0.0, Sum:  0.0, Workers: 4
[187.544s][debug][gc,phases      ] GC(44)     Dead                           Min: 0, Avg:  0.0, Max: 0, Diff: 0, Sum: 0, Workers: 4
[187.544s][debug][gc,phases      ] GC(44)     Total                          Min: 0, Avg:  0.0, Max: 0, Diff: 0, Sum: 0, Workers: 4
[187.544s][debug][gc,phases      ] GC(44) Weak Processing 0.385ms
[187.544s][debug][gc,age         ] GC(44) Desired survivor size 169345024 bytes, new threshold 15 (max threshold 15)
[187.544s][info ][gc,heap        ] GC(44) PSYoungGen: 1788624K(1908224K)->2752K(1931776K) Eden: 1731072K(1731072K)->0K(1765376K) From: 57552K(177152K)->2752K(166400K)
[187.544s][info ][gc,heap        ] GC(44) ParOldGen: 277071K(351232K)->277832K(351232K)
[187.544s][info ][gc,metaspace   ] GC(44) Metaspace: 83697K(84608K)->83697K(84608K) NonClass: 71338K(71808K)->71338K(71808K) Class: 12359K(12800K)->12359K(12800K)
[187.544s][info ][gc             ] GC(44) Pause Young (Allocation Failure) 2017M->274M(2229M) 7.185ms
[187.544s][info ][gc,cpu         ] GC(44) User=0.01s Sys=0.00s Real=0.01s
[187.545s][info ][safepoint      ] Safepoint "ParallelGCFailedAllocation", Time since last: 819556504 ns, Reaching safepoint: 4600 ns, Cleanup: 14200 ns, At safepoint: 7250886 ns, Total: 7269686 ns
[188.545s][info ][safepoint      ] Safepoint "Cleanup", Time since last: 1000085275 ns, Reaching safepoint: 4900 ns, Cleanup: 16600 ns, At safepoint: 3400 ns, Total: 24900 ns
[191.545s][info ][safepoint      ] Safepoint "Cleanup", Time since last: 3000179471 ns, Reaching safepoint: 5200 ns, Cleanup: 42200 ns, At safepoint: 2600 ns, Total: 50000 ns
[192.545s][info ][safepoint      ] Safepoint "Cleanup", Time since last: 1000098912 ns, Reaching safepoint: 4999 ns, Cleanup: 8800 ns, At safepoint: 2500 ns, Total: 16299 ns
[192.729s][info ][gc,start       ] GC(45) Pause Young (Allocation Failure)
[192.735s][debug][gc,phases      ] GC(45) Scavenge 6.861ms
[192.736s][debug][gc,ref         ] GC(45) Skipped phase 1 of Reference Processing: no references
[192.736s][debug][gc,ref         ] GC(45) ReferenceProcessor::execute queues: 1, RefProcThreadModel::Single, marks_oops_alive: false
[192.736s][debug][gc,ref         ] GC(45) Skipped phase 3 of Reference Processing: no references
[192.736s][debug][gc,ref         ] GC(45) ReferenceProcessor::execute queues: 1, RefProcThreadModel::Single, marks_oops_alive: false
[192.736s][debug][gc,phases      ] GC(45) Reference Processing 0.106ms
[192.736s][debug][gc,phases      ] GC(45)   VM Weak                        Min:  0.0, Avg:  0.0, Max:  0.0, Diff:  0.0, Sum:  0.0, Workers: 4
[192.736s][debug][gc,phases      ] GC(45)     Dead                           Min: 0, Avg:  0.0, Max: 0, Diff: 0, Sum: 0, Workers: 4
[192.736s][debug][gc,phases      ] GC(45)     Total                          Min: 0, Avg: 182.0, Max: 576, Diff: 576, Sum: 728, Workers: 4
[192.736s][debug][gc,phases      ] GC(45)   ObjectSynchronizer Weak        Min:  0.0, Avg:  0.0, Max:  0.0, Diff:  0.0, Sum:  0.0, Workers: 4
[192.736s][debug][gc,phases      ] GC(45)     Dead                           Min: 0, Avg:  0.0, Max: 0, Diff: 0, Sum: 0, Workers: 4
[192.736s][debug][gc,phases      ] GC(45)     Total                          Min: 0, Avg:  2.2, Max: 9, Diff: 9, Sum: 9, Workers: 4
[192.736s][debug][gc,phases      ] GC(45)   JVMTI Tag Weak OopStorage      Min:  0.0, Avg:  0.0, Max:  0.0, Diff:  0.0, Sum:  0.0, Workers: 4
[192.736s][debug][gc,phases      ] GC(45)     Dead                           Min: 0, Avg:  0.0, Max: 0, Diff: 0, Sum: 0, Workers: 4
[192.736s][debug][gc,phases      ] GC(45)     Total                          Min: 0, Avg:  0.0, Max: 0, Diff: 0, Sum: 0, Workers: 4
[192.736s][debug][gc,phases      ] GC(45)   StringTable Weak               Min:  0.0, Avg:  0.1, Max:  0.2, Diff:  0.1, Sum:  0.5, Workers: 4
[192.736s][debug][gc,phases      ] GC(45)     Dead                           Min: 0, Avg:  0.0, Max: 0, Diff: 0, Sum: 0, Workers: 4
[192.736s][debug][gc,phases      ] GC(45)     Total                          Min: 2201, Avg: 10918.2, Max: 16896, Diff: 14695, Sum: 43673, Workers: 4
[192.736s][debug][gc,phases      ] GC(45)   ResolvedMethodTable Weak       Min:  0.0, Avg:  0.0, Max:  0.0, Diff:  0.0, Sum:  0.1, Workers: 4
[192.736s][debug][gc,phases      ] GC(45)     Dead                           Min: 0, Avg:  0.0, Max: 0, Diff: 0, Sum: 0, Workers: 4
[192.736s][debug][gc,phases      ] GC(45)     Total                          Min: 2495, Avg: 2572.0, Max: 2624, Diff: 129, Sum: 10288, Workers: 4
[192.736s][debug][gc,phases      ] GC(45)   JNI Weak                       Min:  0.0, Avg:  0.0, Max:  0.0, Diff:  0.0, Sum:  0.0, Workers: 4
[192.736s][debug][gc,phases      ] GC(45)     Dead                           Min: 0, Avg:  0.0, Max: 0, Diff: 0, Sum: 0, Workers: 4
[192.736s][debug][gc,phases      ] GC(45)     Total                          Min: 0, Avg: 11.2, Max: 45, Diff: 45, Sum: 45, Workers: 4
[192.736s][debug][gc,phases      ] GC(45)   StringDedup Table Weak         Min:  0.0, Avg:  0.0, Max:  0.0, Diff:  0.0, Sum:  0.0, Workers: 4
[192.736s][debug][gc,phases      ] GC(45)     Dead                           Min: 0, Avg:  0.0, Max: 0, Diff: 0, Sum: 0, Workers: 4
[192.736s][debug][gc,phases      ] GC(45)     Total                          Min: 0, Avg:  0.0, Max: 0, Diff: 0, Sum: 0, Workers: 4
[192.736s][debug][gc,phases      ] GC(45)   StringDedup Requests0 Weak     Min:  0.0, Avg:  0.0, Max:  0.0, Diff:  0.0, Sum:  0.0, Workers: 4
[192.736s][debug][gc,phases      ] GC(45)     Dead                           Min: 0, Avg:  0.0, Max: 0, Diff: 0, Sum: 0, Workers: 4
[192.736s][debug][gc,phases      ] GC(45)     Total                          Min: 0, Avg:  0.0, Max: 0, Diff: 0, Sum: 0, Workers: 4
[192.736s][debug][gc,phases      ] GC(45)   StringDedup Requests1 Weak     Min:  0.0, Avg:  0.0, Max:  0.0, Diff:  0.0, Sum:  0.0, Workers: 4
[192.736s][debug][gc,phases      ] GC(45)     Dead                           Min: 0, Avg:  0.0, Max: 0, Diff: 0, Sum: 0, Workers: 4
[192.736s][debug][gc,phases      ] GC(45)     Total                          Min: 0, Avg:  0.0, Max: 0, Diff: 0, Sum: 0, Workers: 4
[192.736s][debug][gc,phases      ] GC(45)   Weak JFR Old Object Samples    Min:  0.0, Avg:  0.0, Max:  0.0, Diff:  0.0, Sum:  0.0, Workers: 4
[192.736s][debug][gc,phases      ] GC(45)     Dead                           Min: 0, Avg:  0.0, Max: 0, Diff: 0, Sum: 0, Workers: 4
[192.736s][debug][gc,phases      ] GC(45)     Total                          Min: 0, Avg:  0.0, Max: 0, Diff: 0, Sum: 0, Workers: 4
[192.736s][debug][gc,phases      ] GC(45) Weak Processing 0.396ms
[192.736s][debug][gc,age         ] GC(45) Desired survivor size 164626432 bytes, new threshold 15 (max threshold 15)
[192.736s][info ][gc,heap        ] GC(45) PSYoungGen: 1768128K(1931776K)->16800K(1930752K) Eden: 1765376K(1765376K)->0K(1765376K) From: 2752K(166400K)->16800K(165376K)
[192.736s][info ][gc,heap        ] GC(45) ParOldGen: 277832K(351232K)->278104K(351232K)
[192.736s][info ][gc,metaspace   ] GC(45) Metaspace: 83699K(84672K)->83699K(84672K) NonClass: 71340K(71872K)->71340K(71872K) Class: 12359K(12800K)->12359K(12800K)
[192.736s][info ][gc             ] GC(45) Pause Young (Allocation Failure) 1998M->287M(2228M) 7.477ms
[192.736s][info ][gc,cpu         ] GC(45) User=0.03s Sys=0.00s Real=0.01s
[192.736s][info ][safepoint      ] Safepoint "ParallelGCFailedAllocation", Time since last: 183499607 ns, Reaching safepoint: 77700 ns, Cleanup: 4000 ns, At safepoint: 7555780 ns, Total: 7637480 ns
[193.736s][info ][safepoint      ] Safepoint "Cleanup", Time since last: 1000085711 ns, Reaching safepoint: 4900 ns, Cleanup: 10000 ns, At safepoint: 2300 ns, Total: 17200 ns
[194.736s][info ][safepoint      ] Safepoint "Cleanup", Time since last: 1000102811 ns, Reaching safepoint: 4700 ns, Cleanup: 8300 ns, At safepoint: 2200 ns, Total: 15200 ns
[195.737s][info ][safepoint      ] Safepoint "Cleanup", Time since last: 1000113311 ns, Reaching safepoint: 85200 ns, Cleanup: 57100 ns, At safepoint: 16200 ns, Total: 158500 ns
[196.737s][info ][safepoint      ] Safepoint "Cleanup", Time since last: 1000101111 ns, Reaching safepoint: 75400 ns, Cleanup: 54100 ns, At safepoint: 6000 ns, Total: 135500 ns
[197.737s][info ][safepoint      ] Safepoint "Cleanup", Time since last: 1000112644 ns, Reaching safepoint: 74700 ns, Cleanup: 10700 ns, At safepoint: 6100 ns, Total: 91500 ns
[199.737s][info ][safepoint      ] Safepoint "Cleanup", Time since last: 2000187256 ns, Reaching safepoint: 77900 ns, Cleanup: 17200 ns, At safepoint: 7100 ns, Total: 102200 ns
[199.834s][info ][gc,start       ] GC(46) Pause Young (Allocation Failure)
[199.855s][debug][gc,phases      ] GC(46) Scavenge 21.390ms
[199.855s][debug][gc,ref         ] GC(46) Skipped phase 1 of Reference Processing: no references
[199.855s][debug][gc,ref         ] GC(46) ReferenceProcessor::execute queues: 1, RefProcThreadModel::Single, marks_oops_alive: false
[199.855s][debug][gc,ref         ] GC(46) ReferenceProcessor::execute queues: 4, RefProcThreadModel::Multi, marks_oops_alive: true
[199.855s][debug][gc,ref         ] GC(46) ReferenceProcessor::execute queues: 1, RefProcThreadModel::Single, marks_oops_alive: false
[199.855s][debug][gc,phases      ] GC(46) Reference Processing 0.160ms
[199.855s][debug][gc,phases      ] GC(46)   VM Weak                        Min:  0.0, Avg:  0.0, Max:  0.0, Diff:  0.0, Sum:  0.0, Workers: 4
[199.855s][debug][gc,phases      ] GC(46)     Dead                           Min: 0, Avg:  0.0, Max: 0, Diff: 0, Sum: 0, Workers: 4
[199.855s][debug][gc,phases      ] GC(46)     Total                          Min: 0, Avg: 182.0, Max: 536, Diff: 536, Sum: 728, Workers: 4
[199.855s][debug][gc,phases      ] GC(46)   ObjectSynchronizer Weak        Min:  0.0, Avg:  0.0, Max:  0.0, Diff:  0.0, Sum:  0.0, Workers: 4
[199.855s][debug][gc,phases      ] GC(46)     Dead                           Min: 0, Avg:  0.0, Max: 0, Diff: 0, Sum: 0, Workers: 4
[199.855s][debug][gc,phases      ] GC(46)     Total                          Min: 0, Avg:  2.2, Max: 9, Diff: 9, Sum: 9, Workers: 4
[199.855s][debug][gc,phases      ] GC(46)   JVMTI Tag Weak OopStorage      Min:  0.0, Avg:  0.0, Max:  0.0, Diff:  0.0, Sum:  0.0, Workers: 4
[199.855s][debug][gc,phases      ] GC(46)     Dead                           Min: 0, Avg:  0.0, Max: 0, Diff: 0, Sum: 0, Workers: 4
[199.855s][debug][gc,phases      ] GC(46)     Total                          Min: 0, Avg:  0.0, Max: 0, Diff: 0, Sum: 0, Workers: 4
[199.855s][debug][gc,phases      ] GC(46)   StringTable Weak               Min:  0.0, Avg:  0.1, Max:  0.1, Diff:  0.1, Sum:  0.4, Workers: 4
[199.855s][debug][gc,phases      ] GC(46)     Dead                           Min: 0, Avg:  0.0, Max: 0, Diff: 0, Sum: 0, Workers: 4
[199.855s][debug][gc,phases      ] GC(46)     Total                          Min: 0, Avg: 10920.8, Max: 19299, Diff: 19299, Sum: 43683, Workers: 4
[199.855s][debug][gc,phases      ] GC(46)   ResolvedMethodTable Weak       Min:  0.0, Avg:  0.0, Max:  0.0, Diff:  0.0, Sum:  0.1, Workers: 4
[199.855s][debug][gc,phases      ] GC(46)     Dead                           Min: 0, Avg:  0.0, Max: 0, Diff: 0, Sum: 0, Workers: 4
[199.855s][debug][gc,phases      ] GC(46)     Total                          Min: 0, Avg: 2572.0, Max: 4480, Diff: 4480, Sum: 10288, Workers: 4
[199.855s][debug][gc,phases      ] GC(46)   JNI Weak                       Min:  0.0, Avg:  0.0, Max:  0.0, Diff:  0.0, Sum:  0.0, Workers: 4
[199.855s][debug][gc,phases      ] GC(46)     Dead                           Min: 0, Avg:  0.0, Max: 0, Diff: 0, Sum: 0, Workers: 4
[199.855s][debug][gc,phases      ] GC(46)     Total                          Min: 0, Avg: 11.2, Max: 45, Diff: 45, Sum: 45, Workers: 4
[199.856s][debug][gc,phases      ] GC(46)   StringDedup Table Weak         Min:  0.0, Avg:  0.0, Max:  0.0, Diff:  0.0, Sum:  0.0, Workers: 4
[199.856s][debug][gc,phases      ] GC(46)     Dead                           Min: 0, Avg:  0.0, Max: 0, Diff: 0, Sum: 0, Workers: 4
[199.856s][debug][gc,phases      ] GC(46)     Total                          Min: 0, Avg:  0.0, Max: 0, Diff: 0, Sum: 0, Workers: 4
[199.856s][debug][gc,phases      ] GC(46)   StringDedup Requests0 Weak     Min:  0.0, Avg:  0.0, Max:  0.0, Diff:  0.0, Sum:  0.0, Workers: 4
[199.856s][debug][gc,phases      ] GC(46)     Dead                           Min: 0, Avg:  0.0, Max: 0, Diff: 0, Sum: 0, Workers: 4
[199.856s][debug][gc,phases      ] GC(46)     Total                          Min: 0, Avg:  0.0, Max: 0, Diff: 0, Sum: 0, Workers: 4
[199.856s][debug][gc,phases      ] GC(46)   StringDedup Requests1 Weak     Min:  0.0, Avg:  0.0, Max:  0.0, Diff:  0.0, Sum:  0.0, Workers: 4
[199.856s][debug][gc,phases      ] GC(46)     Dead                           Min: 0, Avg:  0.0, Max: 0, Diff: 0, Sum: 0, Workers: 4
[199.856s][debug][gc,phases      ] GC(46)     Total                          Min: 0, Avg:  0.0, Max: 0, Diff: 0, Sum: 0, Workers: 4
[199.856s][debug][gc,phases      ] GC(46)   Weak JFR Old Object Samples    Min:  0.0, Avg:  0.0, Max:  0.0, Diff:  0.0, Sum:  0.0, Workers: 4
[199.856s][debug][gc,phases      ] GC(46)     Dead                           Min: 0, Avg:  0.0, Max: 0, Diff: 0, Sum: 0, Workers: 4
[199.856s][debug][gc,phases      ] GC(46)     Total                          Min: 0, Avg:  0.0, Max: 0, Diff: 0, Sum: 0, Workers: 4
[199.856s][debug][gc,phases      ] GC(46) Weak Processing 0.339ms
[199.856s][debug][gc,age         ] GC(46) Desired survivor size 153616384 bytes, new threshold 15 (max threshold 15)
[199.856s][info ][gc,heap        ] GC(46) PSYoungGen: 1782176K(1930752K)->50992K(1947136K) Eden: 1765376K(1765376K)->0K(1786368K) From: 16800K(165376K)->50992K(160768K)
[199.856s][info ][gc,heap        ] GC(46) ParOldGen: 278104K(351232K)->278256K(351232K)
[199.856s][info ][gc,metaspace   ] GC(46) Metaspace: 83780K(84736K)->83780K(84736K) NonClass: 71421K(71936K)->71421K(71936K) Class: 12359K(12800K)->12359K(12800K)
[199.856s][info ][gc             ] GC(46) Pause Young (Allocation Failure) 2011M->321M(2244M) 22.012ms
[199.856s][info ][gc,cpu         ] GC(46) User=0.07s Sys=0.00s Real=0.02s
[199.856s][info ][safepoint      ] Safepoint "ParallelGCFailedAllocation", Time since last: 96226491 ns, Reaching safepoint: 4400 ns, Cleanup: 3600 ns, At safepoint: 22083253 ns, Total: 22091253 ns
[200.856s][info ][safepoint      ] Safepoint "Cleanup", Time since last: 1000077935 ns, Reaching safepoint: 4900 ns, Cleanup: 13800 ns, At safepoint: 2100 ns, Total: 20800 ns
[201.856s][info ][safepoint      ] Safepoint "Cleanup", Time since last: 1000111336 ns, Reaching safepoint: 4400 ns, Cleanup: 9300 ns, At safepoint: 1800 ns, Total: 15500 ns
[202.856s][info ][safepoint      ] Safepoint "Cleanup", Time since last: 1000098936 ns, Reaching safepoint: 4700 ns, Cleanup: 11800 ns, At safepoint: 2600 ns, Total: 19100 ns
[203.856s][info ][safepoint      ] Safepoint "Cleanup", Time since last: 1000114236 ns, Reaching safepoint: 32799 ns, Cleanup: 28900 ns, At safepoint: 4200 ns, Total: 65899 ns
[204.856s][info ][safepoint      ] Safepoint "Cleanup", Time since last: 1000105436 ns, Reaching safepoint: 5000 ns, Cleanup: 11200 ns, At safepoint: 2000 ns, Total: 18200 ns
[205.588s][info ][gc,start       ] GC(47) Pause Young (Allocation Failure)
[205.594s][debug][gc,phases      ] GC(47) Scavenge 6.138ms
[205.594s][debug][gc,ref         ] GC(47) Skipped phase 1 of Reference Processing: no references
[205.594s][debug][gc,ref         ] GC(47) ReferenceProcessor::execute queues: 1, RefProcThreadModel::Single, marks_oops_alive: false
[205.594s][debug][gc,ref         ] GC(47) ReferenceProcessor::execute queues: 4, RefProcThreadModel::Multi, marks_oops_alive: true
[205.595s][debug][gc,ref         ] GC(47) ReferenceProcessor::execute queues: 1, RefProcThreadModel::Single, marks_oops_alive: false
[205.595s][debug][gc,phases      ] GC(47) Reference Processing 0.349ms
[205.595s][debug][gc,phases      ] GC(47)   VM Weak                        Min:  0.0, Avg:  0.0, Max:  0.0, Diff:  0.0, Sum:  0.0, Workers: 4
[205.595s][debug][gc,phases      ] GC(47)     Dead                           Min: 0, Avg:  0.0, Max: 0, Diff: 0, Sum: 0, Workers: 4
[205.595s][debug][gc,phases      ] GC(47)     Total                          Min: 0, Avg: 182.0, Max: 576, Diff: 576, Sum: 728, Workers: 4
[205.595s][debug][gc,phases      ] GC(47)   ObjectSynchronizer Weak        Min:  0.0, Avg:  0.0, Max:  0.0, Diff:  0.0, Sum:  0.0, Workers: 4
[205.595s][debug][gc,phases      ] GC(47)     Dead                           Min: 0, Avg:  0.0, Max: 0, Diff: 0, Sum: 0, Workers: 4
[205.595s][debug][gc,phases      ] GC(47)     Total                          Min: 0, Avg:  2.5, Max: 10, Diff: 10, Sum: 10, Workers: 4
[205.595s][debug][gc,phases      ] GC(47)   JVMTI Tag Weak OopStorage      Min:  0.0, Avg:  0.0, Max:  0.0, Diff:  0.0, Sum:  0.0, Workers: 4
[205.595s][debug][gc,phases      ] GC(47)     Dead                           Min: 0, Avg:  0.0, Max: 0, Diff: 0, Sum: 0, Workers: 4
[205.595s][debug][gc,phases      ] GC(47)     Total                          Min: 0, Avg:  0.0, Max: 0, Diff: 0, Sum: 0, Workers: 4
[205.595s][debug][gc,phases      ] GC(47)   StringTable Weak               Min:  0.0, Avg:  0.1, Max:  0.1, Diff:  0.1, Sum:  0.4, Workers: 4
[205.595s][debug][gc,phases      ] GC(47)     Dead                           Min: 0, Avg:  0.0, Max: 0, Diff: 0, Sum: 0, Workers: 4
[205.595s][debug][gc,phases      ] GC(47)     Total                          Min: 0, Avg: 10921.2, Max: 14885, Diff: 14885, Sum: 43685, Workers: 4
[205.595s][debug][gc,phases      ] GC(47)   ResolvedMethodTable Weak       Min:  0.0, Avg:  0.0, Max:  0.1, Diff:  0.1, Sum:  0.2, Workers: 4
[205.595s][debug][gc,phases      ] GC(47)     Dead                           Min: 0, Avg:  0.2, Max: 1, Diff: 1, Sum: 1, Workers: 4
[205.595s][debug][gc,phases      ] GC(47)     Total                          Min: 0, Avg: 2572.2, Max: 4096, Diff: 4096, Sum: 10289, Workers: 4
[205.595s][debug][gc,phases      ] GC(47)   JNI Weak                       Min:  0.0, Avg:  0.0, Max:  0.0, Diff:  0.0, Sum:  0.0, Workers: 4
[205.595s][debug][gc,phases      ] GC(47)     Dead                           Min: 0, Avg:  0.0, Max: 0, Diff: 0, Sum: 0, Workers: 4
[205.595s][debug][gc,phases      ] GC(47)     Total                          Min: 0, Avg: 11.2, Max: 45, Diff: 45, Sum: 45, Workers: 4
[205.595s][debug][gc,phases      ] GC(47)   StringDedup Table Weak         Min:  0.0, Avg:  0.0, Max:  0.0, Diff:  0.0, Sum:  0.0, Workers: 4
[205.595s][debug][gc,phases      ] GC(47)     Dead                           Min: 0, Avg:  0.0, Max: 0, Diff: 0, Sum: 0, Workers: 4
[205.595s][debug][gc,phases      ] GC(47)     Total                          Min: 0, Avg:  0.0, Max: 0, Diff: 0, Sum: 0, Workers: 4
[205.595s][debug][gc,phases      ] GC(47)   StringDedup Requests0 Weak     Min:  0.0, Avg:  0.0, Max:  0.0, Diff:  0.0, Sum:  0.0, Workers: 4
[205.595s][debug][gc,phases      ] GC(47)     Dead                           Min: 0, Avg:  0.0, Max: 0, Diff: 0, Sum: 0, Workers: 4
[205.595s][debug][gc,phases      ] GC(47)     Total                          Min: 0, Avg:  0.0, Max: 0, Diff: 0, Sum: 0, Workers: 4
[205.595s][debug][gc,phases      ] GC(47)   StringDedup Requests1 Weak     Min:  0.0, Avg:  0.0, Max:  0.0, Diff:  0.0, Sum:  0.0, Workers: 4
[205.595s][debug][gc,phases      ] GC(47)     Dead                           Min: 0, Avg:  0.0, Max: 0, Diff: 0, Sum: 0, Workers: 4
[205.595s][debug][gc,phases      ] GC(47)     Total                          Min: 0, Avg:  0.0, Max: 0, Diff: 0, Sum: 0, Workers: 4
[205.595s][debug][gc,phases      ] GC(47)   Weak JFR Old Object Samples    Min:  0.0, Avg:  0.0, Max:  0.0, Diff:  0.0, Sum:  0.0, Workers: 4
[205.595s][debug][gc,phases      ] GC(47)     Dead                           Min: 0, Avg:  0.0, Max: 0, Diff: 0, Sum: 0, Workers: 4
[205.595s][debug][gc,phases      ] GC(47)     Total                          Min: 0, Avg:  0.0, Max: 0, Diff: 0, Sum: 0, Workers: 4
[205.595s][debug][gc,phases      ] GC(47) Weak Processing 0.436ms
[205.595s][debug][gc,age         ] GC(47) Desired survivor size 152043520 bytes, new threshold 15 (max threshold 15)
[205.595s][info ][gc,heap        ] GC(47) PSYoungGen: 1837360K(1947136K)->2512K(1936384K) Eden: 1786368K(1786368K)->0K(1786368K) From: 50992K(160768K)->2512K(150016K)
[205.595s][info ][gc,heap        ] GC(47) ParOldGen: 278256K(351232K)->278280K(351232K)
[205.595s][info ][gc,metaspace   ] GC(47) Metaspace: 83811K(84800K)->83811K(84800K) NonClass: 71451K(72000K)->71451K(72000K) Class: 12359K(12800K)->12359K(12800K)
[205.595s][info ][gc             ] GC(47) Pause Young (Allocation Failure) 2066M->274M(2234M) 7.024ms
[205.595s][info ][gc,cpu         ] GC(47) User=0.02s Sys=0.00s Real=0.01s
[205.595s][info ][safepoint      ] Safepoint "ParallelGCFailedAllocation", Time since last: 731850116 ns, Reaching safepoint: 5100 ns, Cleanup: 3500 ns, At safepoint: 7090085 ns, Total: 7098685 ns
[208.595s][info ][safepoint      ] Safepoint "Cleanup", Time since last: 3000187391 ns, Reaching safepoint: 5300 ns, Cleanup: 10000 ns, At safepoint: 2000 ns, Total: 17300 ns
[209.596s][info ][safepoint      ] Safepoint "Cleanup", Time since last: 1000098456 ns, Reaching safepoint: 4700 ns, Cleanup: 11000 ns, At safepoint: 2200 ns, Total: 17900 ns
[209.932s][info ][gc,start       ] GC(48) Pause Young (Allocation Failure)
[209.935s][debug][gc,phases      ] GC(48) Scavenge 3.026ms
[209.935s][debug][gc,ref         ] GC(48) Skipped phase 1 of Reference Processing: no references
[209.935s][debug][gc,ref         ] GC(48) ReferenceProcessor::execute queues: 1, RefProcThreadModel::Single, marks_oops_alive: false
[209.935s][debug][gc,ref         ] GC(48) Skipped phase 3 of Reference Processing: no references
[209.935s][debug][gc,ref         ] GC(48) ReferenceProcessor::execute queues: 1, RefProcThreadModel::Single, marks_oops_alive: false
[209.935s][debug][gc,phases      ] GC(48) Reference Processing 0.113ms
[209.936s][debug][gc,phases      ] GC(48)   VM Weak                        Min:  0.0, Avg:  0.0, Max:  0.0, Diff:  0.0, Sum:  0.0, Workers: 4
[209.936s][debug][gc,phases      ] GC(48)     Dead                           Min: 0, Avg:  0.0, Max: 0, Diff: 0, Sum: 0, Workers: 4
[209.936s][debug][gc,phases      ] GC(48)     Total                          Min: 0, Avg: 182.0, Max: 576, Diff: 576, Sum: 728, Workers: 4
[209.936s][debug][gc,phases      ] GC(48)   ObjectSynchronizer Weak        Min:  0.0, Avg:  0.0, Max:  0.0, Diff:  0.0, Sum:  0.0, Workers: 4
[209.936s][debug][gc,phases      ] GC(48)     Dead                           Min: 0, Avg:  0.0, Max: 0, Diff: 0, Sum: 0, Workers: 4
[209.936s][debug][gc,phases      ] GC(48)     Total                          Min: 0, Avg:  2.5, Max: 10, Diff: 10, Sum: 10, Workers: 4
[209.936s][debug][gc,phases      ] GC(48)   JVMTI Tag Weak OopStorage      Min:  0.0, Avg:  0.0, Max:  0.0, Diff:  0.0, Sum:  0.0, Workers: 4
[209.936s][debug][gc,phases      ] GC(48)     Dead                           Min: 0, Avg:  0.0, Max: 0, Diff: 0, Sum: 0, Workers: 4
[209.936s][debug][gc,phases      ] GC(48)     Total                          Min: 0, Avg:  0.0, Max: 0, Diff: 0, Sum: 0, Workers: 4
[209.936s][debug][gc,phases      ] GC(48)   StringTable Weak               Min:  0.0, Avg:  0.1, Max:  0.1, Diff:  0.1, Sum:  0.4, Workers: 4
[209.936s][debug][gc,phases      ] GC(48)     Dead                           Min: 0, Avg:  0.0, Max: 0, Diff: 0, Sum: 0, Workers: 4
[209.936s][debug][gc,phases      ] GC(48)     Total                          Min: 0, Avg: 10921.2, Max: 18240, Diff: 18240, Sum: 43685, Workers: 4
[209.936s][debug][gc,phases      ] GC(48)   ResolvedMethodTable Weak       Min:  0.0, Avg:  0.0, Max:  0.0, Diff:  0.0, Sum:  0.1, Workers: 4
[209.936s][debug][gc,phases      ] GC(48)     Dead                           Min: 0, Avg:  0.0, Max: 0, Diff: 0, Sum: 0, Workers: 4
[209.936s][debug][gc,phases      ] GC(48)     Total                          Min: 0, Avg: 2572.2, Max: 4466, Diff: 4466, Sum: 10289, Workers: 4
[209.936s][debug][gc,phases      ] GC(48)   JNI Weak                       Min:  0.0, Avg:  0.0, Max:  0.0, Diff:  0.0, Sum:  0.0, Workers: 4
[209.936s][debug][gc,phases      ] GC(48)     Dead                           Min: 0, Avg:  0.0, Max: 0, Diff: 0, Sum: 0, Workers: 4
[209.936s][debug][gc,phases      ] GC(48)     Total                          Min: 0, Avg: 11.2, Max: 45, Diff: 45, Sum: 45, Workers: 4
[209.936s][debug][gc,phases      ] GC(48)   StringDedup Table Weak         Min:  0.0, Avg:  0.0, Max:  0.0, Diff:  0.0, Sum:  0.0, Workers: 4
[209.936s][debug][gc,phases      ] GC(48)     Dead                           Min: 0, Avg:  0.0, Max: 0, Diff: 0, Sum: 0, Workers: 4
[209.936s][debug][gc,phases      ] GC(48)     Total                          Min: 0, Avg:  0.0, Max: 0, Diff: 0, Sum: 0, Workers: 4
[209.936s][debug][gc,phases      ] GC(48)   StringDedup Requests0 Weak     Min:  0.0, Avg:  0.0, Max:  0.0, Diff:  0.0, Sum:  0.0, Workers: 4
[209.936s][debug][gc,phases      ] GC(48)     Dead                           Min: 0, Avg:  0.0, Max: 0, Diff: 0, Sum: 0, Workers: 4
[209.936s][debug][gc,phases      ] GC(48)     Total                          Min: 0, Avg:  0.0, Max: 0, Diff: 0, Sum: 0, Workers: 4
[209.936s][debug][gc,phases      ] GC(48)   StringDedup Requests1 Weak     Min:  0.0, Avg:  0.0, Max:  0.0, Diff:  0.0, Sum:  0.0, Workers: 4
[209.936s][debug][gc,phases      ] GC(48)     Dead                           Min: 0, Avg:  0.0, Max: 0, Diff: 0, Sum: 0, Workers: 4
[209.936s][debug][gc,phases      ] GC(48)     Total                          Min: 0, Avg:  0.0, Max: 0, Diff: 0, Sum: 0, Workers: 4
[209.936s][debug][gc,phases      ] GC(48)   Weak JFR Old Object Samples    Min:  0.0, Avg:  0.0, Max:  0.0, Diff:  0.0, Sum:  0.0, Workers: 4
[209.936s][debug][gc,phases      ] GC(48)     Dead                           Min: 0, Avg:  0.0, Max: 0, Diff: 0, Sum: 0, Workers: 4
[209.936s][debug][gc,phases      ] GC(48)     Total                          Min: 0, Avg:  0.0, Max: 0, Diff: 0, Sum: 0, Workers: 4
[209.936s][debug][gc,phases      ] GC(48) Weak Processing 0.334ms
[209.936s][debug][gc,age         ] GC(48) Desired survivor size 148897792 bytes, new threshold 15 (max threshold 15)
[209.936s][info ][gc,heap        ] GC(48) PSYoungGen: 1788880K(1936384K)->2496K(1951744K) Eden: 1786368K(1786368K)->0K(1803264K) From: 2512K(150016K)->2496K(148480K)
[209.936s][info ][gc,heap        ] GC(48) ParOldGen: 278280K(351232K)->278296K(351232K)
[209.936s][info ][gc,metaspace   ] GC(48) Metaspace: 83814K(84800K)->83814K(84800K) NonClass: 71455K(72000K)->71455K(72000K) Class: 12359K(12800K)->12359K(12800K)
[209.936s][info ][gc             ] GC(48) Pause Young (Allocation Failure) 2018M->274M(2249M) 3.564ms
[209.936s][info ][gc,cpu         ] GC(48) User=0.01s Sys=0.00s Real=0.00s
[209.936s][info ][safepoint      ] Safepoint "ParallelGCFailedAllocation", Time since last: 336543645 ns, Reaching safepoint: 4000 ns, Cleanup: 3700 ns, At safepoint: 3627193 ns, Total: 3634893 ns
[210.936s][info ][safepoint      ] Safepoint "Cleanup", Time since last: 1000111056 ns, Reaching safepoint: 74900 ns, Cleanup: 11700 ns, At safepoint: 4700 ns, Total: 91300 ns
[212.936s][info ][safepoint      ] Safepoint "Cleanup", Time since last: 2000175511 ns, Reaching safepoint: 72400 ns, Cleanup: 11700 ns, At safepoint: 5100 ns, Total: 89200 ns
[213.936s][info ][safepoint      ] Safepoint "Cleanup", Time since last: 1000091356 ns, Reaching safepoint: 73100 ns, Cleanup: 27599 ns, At safepoint: 24300 ns, Total: 124999 ns
[214.239s][info ][gc,start       ] GC(49) Pause Young (Allocation Failure)
[214.242s][debug][gc,phases      ] GC(49) Scavenge 3.321ms
[214.242s][debug][gc,ref         ] GC(49) Skipped phase 1 of Reference Processing: no references
[214.242s][debug][gc,ref         ] GC(49) ReferenceProcessor::execute queues: 1, RefProcThreadModel::Single, marks_oops_alive: false
[214.242s][debug][gc,ref         ] GC(49) ReferenceProcessor::execute queues: 4, RefProcThreadModel::Multi, marks_oops_alive: true
[214.242s][debug][gc,ref         ] GC(49) ReferenceProcessor::execute queues: 1, RefProcThreadModel::Single, marks_oops_alive: false
[214.242s][debug][gc,phases      ] GC(49) Reference Processing 0.351ms
[214.243s][debug][gc,phases      ] GC(49)   VM Weak                        Min:  0.0, Avg:  0.0, Max:  0.0, Diff:  0.0, Sum:  0.0, Workers: 4
[214.243s][debug][gc,phases      ] GC(49)     Dead                           Min: 0, Avg:  0.0, Max: 0, Diff: 0, Sum: 0, Workers: 4
[214.243s][debug][gc,phases      ] GC(49)     Total                          Min: 0, Avg: 182.0, Max: 512, Diff: 512, Sum: 728, Workers: 4
[214.243s][debug][gc,phases      ] GC(49)   ObjectSynchronizer Weak        Min:  0.0, Avg:  0.0, Max:  0.0, Diff:  0.0, Sum:  0.0, Workers: 4
[214.243s][debug][gc,phases      ] GC(49)     Dead                           Min: 0, Avg:  0.0, Max: 0, Diff: 0, Sum: 0, Workers: 4
[214.243s][debug][gc,phases      ] GC(49)     Total                          Min: 0, Avg:  2.5, Max: 10, Diff: 10, Sum: 10, Workers: 4
[214.243s][debug][gc,phases      ] GC(49)   JVMTI Tag Weak OopStorage      Min:  0.0, Avg:  0.0, Max:  0.0, Diff:  0.0, Sum:  0.0, Workers: 4
[214.243s][debug][gc,phases      ] GC(49)     Dead                           Min: 0, Avg:  0.0, Max: 0, Diff: 0, Sum: 0, Workers: 4
[214.243s][debug][gc,phases      ] GC(49)     Total                          Min: 0, Avg:  0.0, Max: 0, Diff: 0, Sum: 0, Workers: 4
[214.243s][debug][gc,phases      ] GC(49)   StringTable Weak               Min:  0.0, Avg:  0.1, Max:  0.1, Diff:  0.1, Sum:  0.4, Workers: 4
[214.243s][debug][gc,phases      ] GC(49)     Dead                           Min: 0, Avg:  0.0, Max: 0, Diff: 0, Sum: 0, Workers: 4
[214.243s][debug][gc,phases      ] GC(49)     Total                          Min: 0, Avg: 10925.2, Max: 15477, Diff: 15477, Sum: 43701, Workers: 4
[214.243s][debug][gc,phases      ] GC(49)   ResolvedMethodTable Weak       Min:  0.0, Avg:  0.0, Max:  0.0, Diff:  0.0, Sum:  0.1, Workers: 4
[214.243s][debug][gc,phases      ] GC(49)     Dead                           Min: 0, Avg:  0.0, Max: 0, Diff: 0, Sum: 0, Workers: 4
[214.243s][debug][gc,phases      ] GC(49)     Total                          Min: 0, Avg: 2572.2, Max: 3647, Diff: 3647, Sum: 10289, Workers: 4
[214.243s][debug][gc,phases      ] GC(49)   JNI Weak                       Min:  0.0, Avg:  0.0, Max:  0.0, Diff:  0.0, Sum:  0.0, Workers: 4
[214.243s][debug][gc,phases      ] GC(49)     Dead                           Min: 0, Avg:  0.0, Max: 0, Diff: 0, Sum: 0, Workers: 4
[214.243s][debug][gc,phases      ] GC(49)     Total                          Min: 0, Avg: 11.2, Max: 45, Diff: 45, Sum: 45, Workers: 4
[214.243s][debug][gc,phases      ] GC(49)   StringDedup Table Weak         Min:  0.0, Avg:  0.0, Max:  0.0, Diff:  0.0, Sum:  0.0, Workers: 4
[214.243s][debug][gc,phases      ] GC(49)     Dead                           Min: 0, Avg:  0.0, Max: 0, Diff: 0, Sum: 0, Workers: 4
[214.243s][debug][gc,phases      ] GC(49)     Total                          Min: 0, Avg:  0.0, Max: 0, Diff: 0, Sum: 0, Workers: 4
[214.243s][debug][gc,phases      ] GC(49)   StringDedup Requests0 Weak     Min:  0.0, Avg:  0.0, Max:  0.0, Diff:  0.0, Sum:  0.0, Workers: 4
[214.243s][debug][gc,phases      ] GC(49)     Dead                           Min: 0, Avg:  0.0, Max: 0, Diff: 0, Sum: 0, Workers: 4
[214.243s][debug][gc,phases      ] GC(49)     Total                          Min: 0, Avg:  0.0, Max: 0, Diff: 0, Sum: 0, Workers: 4
[214.243s][debug][gc,phases      ] GC(49)   StringDedup Requests1 Weak     Min:  0.0, Avg:  0.0, Max:  0.0, Diff:  0.0, Sum:  0.0, Workers: 4
[214.243s][debug][gc,phases      ] GC(49)     Dead                           Min: 0, Avg:  0.0, Max: 0, Diff: 0, Sum: 0, Workers: 4
[214.243s][debug][gc,phases      ] GC(49)     Total                          Min: 0, Avg:  0.0, Max: 0, Diff: 0, Sum: 0, Workers: 4
[214.243s][debug][gc,phases      ] GC(49)   Weak JFR Old Object Samples    Min:  0.0, Avg:  0.0, Max:  0.0, Diff:  0.0, Sum:  0.0, Workers: 4
[214.243s][debug][gc,phases      ] GC(49)     Dead                           Min: 0, Avg:  0.0, Max: 0, Diff: 0, Sum: 0, Workers: 4
[214.243s][debug][gc,phases      ] GC(49)     Total                          Min: 0, Avg:  0.0, Max: 0, Diff: 0, Sum: 0, Workers: 4
[214.243s][debug][gc,phases      ] GC(49) Weak Processing 0.336ms
[214.243s][debug][gc,age         ] GC(49) Desired survivor size 145227776 bytes, new threshold 15 (max threshold 15)
[214.243s][info ][gc,heap        ] GC(49) PSYoungGen: 1805760K(1951744K)->2528K(1948672K) Eden: 1803264K(1803264K)->0K(1803264K) From: 2496K(148480K)->2528K(145408K)
[214.243s][info ][gc,heap        ] GC(49) ParOldGen: 278296K(351232K)->278312K(351232K)
[214.243s][info ][gc,metaspace   ] GC(49) Metaspace: 83817K(84800K)->83817K(84800K) NonClass: 71457K(72000K)->71457K(72000K) Class: 12359K(12800K)->12359K(12800K)
[214.243s][info ][gc             ] GC(49) Pause Young (Allocation Failure) 2035M->274M(2246M) 4.105ms
[214.243s][info ][gc,cpu         ] GC(49) User=0.01s Sys=0.00s Real=0.01s
[214.243s][info ][safepoint      ] Safepoint "ParallelGCFailedAllocation", Time since last: 302173658 ns, Reaching safepoint: 4600 ns, Cleanup: 4400 ns, At safepoint: 4169891 ns, Total: 4178891 ns
[216.243s][info ][safepoint      ] Safepoint "Cleanup", Time since last: 2000150433 ns, Reaching safepoint: 4500 ns, Cleanup: 9500 ns, At safepoint: 2500 ns, Total: 16500 ns
[217.243s][info ][safepoint      ] Safepoint "Cleanup", Time since last: 1000114366 ns, Reaching safepoint: 5000 ns, Cleanup: 12400 ns, At safepoint: 1900 ns, Total: 19300 ns
[220.243s][info ][safepoint      ] Safepoint "Cleanup", Time since last: 3000191599 ns, Reaching safepoint: 4200 ns, Cleanup: 11300 ns, At safepoint: 2800 ns, Total: 18300 ns
[221.244s][info ][safepoint      ] Safepoint "Cleanup", Time since last: 1000121566 ns, Reaching safepoint: 82500 ns, Cleanup: 38299 ns, At safepoint: 4600 ns, Total: 125399 ns
[221.394s][info ][gc,start       ] GC(50) Pause Young (Allocation Failure)
[221.414s][debug][gc,phases      ] GC(50) Scavenge 19.425ms
[221.414s][debug][gc,ref         ] GC(50) Skipped phase 1 of Reference Processing: no references
[221.414s][debug][gc,ref         ] GC(50) ReferenceProcessor::execute queues: 1, RefProcThreadModel::Single, marks_oops_alive: false
[221.414s][debug][gc,ref         ] GC(50) Skipped phase 3 of Reference Processing: no references
[221.414s][debug][gc,ref         ] GC(50) Skipped phase 4 of Reference Processing: no references
[221.414s][debug][gc,phases      ] GC(50) Reference Processing 0.098ms
[221.414s][debug][gc,phases      ] GC(50)   VM Weak                        Min:  0.0, Avg:  0.0, Max:  0.0, Diff:  0.0, Sum:  0.0, Workers: 4
[221.414s][debug][gc,phases      ] GC(50)     Dead                           Min: 0, Avg:  0.0, Max: 0, Diff: 0, Sum: 0, Workers: 4
[221.414s][debug][gc,phases      ] GC(50)     Total                          Min: 0, Avg: 182.0, Max: 448, Diff: 448, Sum: 728, Workers: 4
[221.414s][debug][gc,phases      ] GC(50)   ObjectSynchronizer Weak        Min:  0.0, Avg:  0.0, Max:  0.0, Diff:  0.0, Sum:  0.0, Workers: 4
[221.414s][debug][gc,phases      ] GC(50)     Dead                           Min: 0, Avg:  0.0, Max: 0, Diff: 0, Sum: 0, Workers: 4
[221.414s][debug][gc,phases      ] GC(50)     Total                          Min: 0, Avg:  2.5, Max: 10, Diff: 10, Sum: 10, Workers: 4
[221.414s][debug][gc,phases      ] GC(50)   JVMTI Tag Weak OopStorage      Min:  0.0, Avg:  0.0, Max:  0.0, Diff:  0.0, Sum:  0.0, Workers: 4
[221.414s][debug][gc,phases      ] GC(50)     Dead                           Min: 0, Avg:  0.0, Max: 0, Diff: 0, Sum: 0, Workers: 4
[221.414s][debug][gc,phases      ] GC(50)     Total                          Min: 0, Avg:  0.0, Max: 0, Diff: 0, Sum: 0, Workers: 4
[221.414s][debug][gc,phases      ] GC(50)   StringTable Weak               Min:  0.1, Avg:  0.1, Max:  0.1, Diff:  0.0, Sum:  0.5, Workers: 4
[221.414s][debug][gc,phases      ] GC(50)     Dead                           Min: 0, Avg:  0.0, Max: 0, Diff: 0, Sum: 0, Workers: 4
[221.414s][debug][gc,phases      ] GC(50)     Total                          Min: 10048, Avg: 10926.2, Max: 11584, Diff: 1536, Sum: 43705, Workers: 4
[221.414s][debug][gc,phases      ] GC(50)   ResolvedMethodTable Weak       Min:  0.0, Avg:  0.0, Max:  0.0, Diff:  0.0, Sum:  0.1, Workers: 4
[221.414s][debug][gc,phases      ] GC(50)     Dead                           Min: 0, Avg:  0.0, Max: 0, Diff: 0, Sum: 0, Workers: 4
[221.414s][debug][gc,phases      ] GC(50)     Total                          Min: 2495, Avg: 2572.2, Max: 2624, Diff: 129, Sum: 10289, Workers: 4
[221.414s][debug][gc,phases      ] GC(50)   JNI Weak                       Min:  0.0, Avg:  0.0, Max:  0.0, Diff:  0.0, Sum:  0.0, Workers: 4
[221.414s][debug][gc,phases      ] GC(50)     Dead                           Min: 0, Avg:  0.0, Max: 0, Diff: 0, Sum: 0, Workers: 4
[221.414s][debug][gc,phases      ] GC(50)     Total                          Min: 0, Avg: 11.5, Max: 46, Diff: 46, Sum: 46, Workers: 4
[221.414s][debug][gc,phases      ] GC(50)   StringDedup Table Weak         Min:  0.0, Avg:  0.0, Max:  0.0, Diff:  0.0, Sum:  0.0, Workers: 4
[221.414s][debug][gc,phases      ] GC(50)     Dead                           Min: 0, Avg:  0.0, Max: 0, Diff: 0, Sum: 0, Workers: 4
[221.414s][debug][gc,phases      ] GC(50)     Total                          Min: 0, Avg:  0.0, Max: 0, Diff: 0, Sum: 0, Workers: 4
[221.414s][debug][gc,phases      ] GC(50)   StringDedup Requests0 Weak     Min:  0.0, Avg:  0.0, Max:  0.0, Diff:  0.0, Sum:  0.0, Workers: 4
[221.414s][debug][gc,phases      ] GC(50)     Dead                           Min: 0, Avg:  0.0, Max: 0, Diff: 0, Sum: 0, Workers: 4
[221.414s][debug][gc,phases      ] GC(50)     Total                          Min: 0, Avg:  0.0, Max: 0, Diff: 0, Sum: 0, Workers: 4
[221.414s][debug][gc,phases      ] GC(50)   StringDedup Requests1 Weak     Min:  0.0, Avg:  0.0, Max:  0.0, Diff:  0.0, Sum:  0.0, Workers: 4
[221.414s][debug][gc,phases      ] GC(50)     Dead                           Min: 0, Avg:  0.0, Max: 0, Diff: 0, Sum: 0, Workers: 4
[221.414s][debug][gc,phases      ] GC(50)     Total                          Min: 0, Avg:  0.0, Max: 0, Diff: 0, Sum: 0, Workers: 4
[221.414s][debug][gc,phases      ] GC(50)   Weak JFR Old Object Samples    Min:  0.0, Avg:  0.0, Max:  0.0, Diff:  0.0, Sum:  0.0, Workers: 4
[221.414s][debug][gc,phases      ] GC(50)     Dead                           Min: 0, Avg:  0.0, Max: 0, Diff: 0, Sum: 0, Workers: 4
[221.414s][debug][gc,phases      ] GC(50)     Total                          Min: 0, Avg:  0.0, Max: 0, Diff: 0, Sum: 0, Workers: 4
[221.414s][debug][gc,phases      ] GC(50) Weak Processing 0.327ms
[221.414s][debug][gc,age         ] GC(50) Desired survivor size 135790592 bytes, new threshold 15 (max threshold 15)
[221.414s][info ][gc,heap        ] GC(50) PSYoungGen: 1805792K(1948672K)->41424K(1964544K) Eden: 1803264K(1803264K)->0K(1822720K) From: 2528K(145408K)->41424K(141824K)
[221.414s][info ][gc,heap        ] GC(50) ParOldGen: 278312K(351232K)->278328K(351232K)
[221.414s][info ][gc,metaspace   ] GC(50) Metaspace: 83847K(84800K)->83847K(84800K) NonClass: 71486K(72000K)->71486K(72000K) Class: 12361K(12800K)->12361K(12800K)
[221.414s][info ][gc             ] GC(50) Pause Young (Allocation Failure) 2035M->312M(2261M) 19.967ms
[221.414s][info ][gc,cpu         ] GC(50) User=0.07s Sys=0.00s Real=0.02s
[221.414s][info ][safepoint      ] Safepoint "ParallelGCFailedAllocation", Time since last: 150679779 ns, Reaching safepoint: 78600 ns, Cleanup: 9400 ns, At safepoint: 20045057 ns, Total: 20133057 ns
[222.414s][info ][safepoint      ] Safepoint "Cleanup", Time since last: 1000085267 ns, Reaching safepoint: 5300 ns, Cleanup: 18000 ns, At safepoint: 5200 ns, Total: 28500 ns
[223.415s][info ][safepoint      ] Safepoint "Cleanup", Time since last: 1000093168 ns, Reaching safepoint: 4300 ns, Cleanup: 7600 ns, At safepoint: 1900 ns, Total: 13800 ns
[225.415s][info ][safepoint      ] Safepoint "Cleanup", Time since last: 2000179237 ns, Reaching safepoint: 6200 ns, Cleanup: 15800 ns, At safepoint: 2400 ns, Total: 24400 ns
[226.415s][info ][safepoint      ] Safepoint "Cleanup", Time since last: 1000109768 ns, Reaching safepoint: 4500 ns, Cleanup: 19900 ns, At safepoint: 2300 ns, Total: 26700 ns
[227.415s][info ][safepoint      ] Safepoint "Cleanup", Time since last: 1000100668 ns, Reaching safepoint: 4400 ns, Cleanup: 16000 ns, At safepoint: 2000 ns, Total: 22400 ns
[227.635s][info ][gc,start       ] GC(51) Pause Young (Allocation Failure)
[227.655s][debug][gc,phases      ] GC(51) Scavenge 19.586ms
[227.655s][debug][gc,ref         ] GC(51) Skipped phase 1 of Reference Processing: no references
[227.655s][debug][gc,ref         ] GC(51) ReferenceProcessor::execute queues: 1, RefProcThreadModel::Single, marks_oops_alive: false
[227.655s][debug][gc,ref         ] GC(51) Skipped phase 3 of Reference Processing: no references
[227.655s][debug][gc,ref         ] GC(51) ReferenceProcessor::execute queues: 1, RefProcThreadModel::Single, marks_oops_alive: false
[227.655s][debug][gc,phases      ] GC(51) Reference Processing 0.126ms
[227.655s][debug][gc,phases      ] GC(51)   VM Weak                        Min:  0.0, Avg:  0.0, Max:  0.0, Diff:  0.0, Sum:  0.0, Workers: 4
[227.655s][debug][gc,phases      ] GC(51)     Dead                           Min: 0, Avg:  0.0, Max: 0, Diff: 0, Sum: 0, Workers: 4
[227.655s][debug][gc,phases      ] GC(51)     Total                          Min: 0, Avg: 182.0, Max: 448, Diff: 448, Sum: 728, Workers: 4
[227.655s][debug][gc,phases      ] GC(51)   ObjectSynchronizer Weak        Min:  0.0, Avg:  0.0, Max:  0.0, Diff:  0.0, Sum:  0.0, Workers: 4
[227.655s][debug][gc,phases      ] GC(51)     Dead                           Min: 0, Avg:  0.0, Max: 0, Diff: 0, Sum: 0, Workers: 4
[227.655s][debug][gc,phases      ] GC(51)     Total                          Min: 0, Avg:  2.5, Max: 10, Diff: 10, Sum: 10, Workers: 4
[227.655s][debug][gc,phases      ] GC(51)   JVMTI Tag Weak OopStorage      Min:  0.0, Avg:  0.0, Max:  0.0, Diff:  0.0, Sum:  0.0, Workers: 4
[227.655s][debug][gc,phases      ] GC(51)     Dead                           Min: 0, Avg:  0.0, Max: 0, Diff: 0, Sum: 0, Workers: 4
[227.655s][debug][gc,phases      ] GC(51)     Total                          Min: 0, Avg:  0.0, Max: 0, Diff: 0, Sum: 0, Workers: 4
[227.655s][debug][gc,phases      ] GC(51)   StringTable Weak               Min:  0.0, Avg:  0.1, Max:  0.1, Diff:  0.1, Sum:  0.4, Workers: 4
[227.655s][debug][gc,phases      ] GC(51)     Dead                           Min: 0, Avg:  0.0, Max: 0, Diff: 0, Sum: 0, Workers: 4
[227.655s][debug][gc,phases      ] GC(51)     Total                          Min: 0, Avg: 10926.5, Max: 17216, Diff: 17216, Sum: 43706, Workers: 4
[227.655s][debug][gc,phases      ] GC(51)   ResolvedMethodTable Weak       Min:  0.0, Avg:  0.0, Max:  0.0, Diff:  0.0, Sum:  0.1, Workers: 4
[227.655s][debug][gc,phases      ] GC(51)     Dead                           Min: 0, Avg:  0.0, Max: 0, Diff: 0, Sum: 0, Workers: 4
[227.655s][debug][gc,phases      ] GC(51)     Total                          Min: 0, Avg: 2572.2, Max: 4401, Diff: 4401, Sum: 10289, Workers: 4
[227.655s][debug][gc,phases      ] GC(51)   JNI Weak                       Min:  0.0, Avg:  0.0, Max:  0.0, Diff:  0.0, Sum:  0.0, Workers: 4
[227.655s][debug][gc,phases      ] GC(51)     Dead                           Min: 0, Avg:  0.0, Max: 0, Diff: 0, Sum: 0, Workers: 4
[227.655s][debug][gc,phases      ] GC(51)     Total                          Min: 0, Avg: 11.2, Max: 45, Diff: 45, Sum: 45, Workers: 4
[227.655s][debug][gc,phases      ] GC(51)   StringDedup Table Weak         Min:  0.0, Avg:  0.0, Max:  0.0, Diff:  0.0, Sum:  0.0, Workers: 4
[227.655s][debug][gc,phases      ] GC(51)     Dead                           Min: 0, Avg:  0.0, Max: 0, Diff: 0, Sum: 0, Workers: 4
[227.655s][debug][gc,phases      ] GC(51)     Total                          Min: 0, Avg:  0.0, Max: 0, Diff: 0, Sum: 0, Workers: 4
[227.655s][debug][gc,phases      ] GC(51)   StringDedup Requests0 Weak     Min:  0.0, Avg:  0.0, Max:  0.0, Diff:  0.0, Sum:  0.0, Workers: 4
[227.655s][debug][gc,phases      ] GC(51)     Dead                           Min: 0, Avg:  0.0, Max: 0, Diff: 0, Sum: 0, Workers: 4
[227.655s][debug][gc,phases      ] GC(51)     Total                          Min: 0, Avg:  0.0, Max: 0, Diff: 0, Sum: 0, Workers: 4
[227.655s][debug][gc,phases      ] GC(51)   StringDedup Requests1 Weak     Min:  0.0, Avg:  0.0, Max:  0.0, Diff:  0.0, Sum:  0.0, Workers: 4
[227.655s][debug][gc,phases      ] GC(51)     Dead                           Min: 0, Avg:  0.0, Max: 0, Diff: 0, Sum: 0, Workers: 4
[227.655s][debug][gc,phases      ] GC(51)     Total                          Min: 0, Avg:  0.0, Max: 0, Diff: 0, Sum: 0, Workers: 4
[227.655s][debug][gc,phases      ] GC(51)   Weak JFR Old Object Samples    Min:  0.0, Avg:  0.0, Max:  0.0, Diff:  0.0, Sum:  0.0, Workers: 4
[227.655s][debug][gc,phases      ] GC(51)     Dead                           Min: 0, Avg:  0.0, Max: 0, Diff: 0, Sum: 0, Workers: 4
[227.655s][debug][gc,phases      ] GC(51)     Total                          Min: 0, Avg:  0.0, Max: 0, Diff: 0, Sum: 0, Workers: 4
[227.655s][debug][gc,phases      ] GC(51) Weak Processing 0.358ms
[227.655s][debug][gc,age         ] GC(51) Desired survivor size 132120576 bytes, new threshold 15 (max threshold 15)
[227.655s][info ][gc,heap        ] GC(51) PSYoungGen: 1864144K(1964544K)->53168K(1955328K) Eden: 1822720K(1822720K)->0K(1822720K) From: 41424K(141824K)->53168K(132608K)
[227.655s][info ][gc,heap        ] GC(51) ParOldGen: 278328K(351232K)->278352K(351232K)
[227.655s][info ][gc,metaspace   ] GC(51) Metaspace: 83871K(84800K)->83871K(84800K) NonClass: 71510K(72000K)->71510K(72000K) Class: 12361K(12800K)->12361K(12800K)
[227.655s][info ][gc             ] GC(51) Pause Young (Allocation Failure) 2092M->323M(2252M) 20.197ms
[227.655s][info ][gc,cpu         ] GC(51) User=0.07s Sys=0.00s Real=0.02s
[227.655s][info ][safepoint      ] Safepoint "ParallelGCFailedAllocation", Time since last: 220030931 ns, Reaching safepoint: 4200 ns, Cleanup: 3800 ns, At safepoint: 20270457 ns, Total: 20278457 ns
[228.655s][info ][safepoint      ] Safepoint "Cleanup", Time since last: 1000081569 ns, Reaching safepoint: 4600 ns, Cleanup: 13999 ns, At safepoint: 2100 ns, Total: 20699 ns
[229.977s][info ][safepoint      ] Safepoint "Cleanup", Time since last: 1321095584 ns, Reaching safepoint: 73800 ns, Cleanup: 4700 ns, At safepoint: 17600 ns, Total: 96100 ns
[230.977s][info ][safepoint      ] Safepoint "Cleanup", Time since last: 1000098435 ns, Reaching safepoint: 3800 ns, Cleanup: 52800 ns, At safepoint: 2200 ns, Total: 58800 ns
[231.977s][info ][safepoint      ] Safepoint "Cleanup", Time since last: 1000076035 ns, Reaching safepoint: 4300 ns, Cleanup: 12100 ns, At safepoint: 1800 ns, Total: 18200 ns
[232.977s][info ][safepoint      ] Safepoint "Cleanup", Time since last: 1000102535 ns, Reaching safepoint: 4500 ns, Cleanup: 15600 ns, At safepoint: 2100 ns, Total: 22200 ns
[235.237s][info ][gc,start       ] GC(52) Pause Young (Allocation Failure)
[235.268s][debug][gc,phases      ] GC(52) Scavenge 30.407ms
[235.268s][debug][gc,ref         ] GC(52) Skipped phase 1 of Reference Processing: no references
[235.268s][debug][gc,ref         ] GC(52) ReferenceProcessor::execute queues: 1, RefProcThreadModel::Single, marks_oops_alive: false
[235.268s][debug][gc,ref         ] GC(52) Skipped phase 3 of Reference Processing: no references
[235.268s][debug][gc,ref         ] GC(52) ReferenceProcessor::execute queues: 1, RefProcThreadModel::Single, marks_oops_alive: false
[235.268s][debug][gc,phases      ] GC(52) Reference Processing 0.107ms
[235.268s][debug][gc,phases      ] GC(52)   VM Weak                        Min:  0.0, Avg:  0.0, Max:  0.0, Diff:  0.0, Sum:  0.0, Workers: 4
[235.268s][debug][gc,phases      ] GC(52)     Dead                           Min: 0, Avg:  0.0, Max: 0, Diff: 0, Sum: 0, Workers: 4
[235.268s][debug][gc,phases      ] GC(52)     Total                          Min: 0, Avg: 182.0, Max: 664, Diff: 664, Sum: 728, Workers: 4
[235.268s][debug][gc,phases      ] GC(52)   ObjectSynchronizer Weak        Min:  0.0, Avg:  0.0, Max:  0.0, Diff:  0.0, Sum:  0.0, Workers: 4
[235.268s][debug][gc,phases      ] GC(52)     Dead                           Min: 0, Avg:  0.0, Max: 0, Diff: 0, Sum: 0, Workers: 4
[235.268s][debug][gc,phases      ] GC(52)     Total                          Min: 0, Avg:  2.5, Max: 10, Diff: 10, Sum: 10, Workers: 4
[235.268s][debug][gc,phases      ] GC(52)   JVMTI Tag Weak OopStorage      Min:  0.0, Avg:  0.0, Max:  0.0, Diff:  0.0, Sum:  0.0, Workers: 4
[235.268s][debug][gc,phases      ] GC(52)     Dead                           Min: 0, Avg:  0.0, Max: 0, Diff: 0, Sum: 0, Workers: 4
[235.268s][debug][gc,phases      ] GC(52)     Total                          Min: 0, Avg:  0.0, Max: 0, Diff: 0, Sum: 0, Workers: 4
[235.268s][debug][gc,phases      ] GC(52)   StringTable Weak               Min:  0.0, Avg:  0.1, Max:  0.1, Diff:  0.1, Sum:  0.4, Workers: 4
[235.268s][debug][gc,phases      ] GC(52)     Dead                           Min: 0, Avg:  0.0, Max: 0, Diff: 0, Sum: 0, Workers: 4
[235.268s][debug][gc,phases      ] GC(52)     Total                          Min: 576, Avg: 10928.5, Max: 18624, Diff: 18048, Sum: 43714, Workers: 4
[235.268s][debug][gc,phases      ] GC(52)   ResolvedMethodTable Weak       Min:  0.0, Avg:  0.0, Max:  0.0, Diff:  0.0, Sum:  0.1, Workers: 4
[235.268s][debug][gc,phases      ] GC(52)     Dead                           Min: 0, Avg:  0.0, Max: 0, Diff: 0, Sum: 0, Workers: 4
[235.268s][debug][gc,phases      ] GC(52)     Total                          Min: 2431, Avg: 2572.8, Max: 2688, Diff: 257, Sum: 10291, Workers: 4
[235.268s][debug][gc,phases      ] GC(52)   JNI Weak                       Min:  0.0, Avg:  0.0, Max:  0.0, Diff:  0.0, Sum:  0.0, Workers: 4
[235.268s][debug][gc,phases      ] GC(52)     Dead                           Min: 0, Avg:  0.0, Max: 0, Diff: 0, Sum: 0, Workers: 4
[235.268s][debug][gc,phases      ] GC(52)     Total                          Min: 0, Avg: 11.2, Max: 45, Diff: 45, Sum: 45, Workers: 4
[235.268s][debug][gc,phases      ] GC(52)   StringDedup Table Weak         Min:  0.0, Avg:  0.0, Max:  0.0, Diff:  0.0, Sum:  0.0, Workers: 4
[235.268s][debug][gc,phases      ] GC(52)     Dead                           Min: 0, Avg:  0.0, Max: 0, Diff: 0, Sum: 0, Workers: 4
[235.268s][debug][gc,phases      ] GC(52)     Total                          Min: 0, Avg:  0.0, Max: 0, Diff: 0, Sum: 0, Workers: 4
[235.268s][debug][gc,phases      ] GC(52)   StringDedup Requests0 Weak     Min:  0.0, Avg:  0.0, Max:  0.0, Diff:  0.0, Sum:  0.0, Workers: 4
[235.268s][debug][gc,phases      ] GC(52)     Dead                           Min: 0, Avg:  0.0, Max: 0, Diff: 0, Sum: 0, Workers: 4
[235.268s][debug][gc,phases      ] GC(52)     Total                          Min: 0, Avg:  0.0, Max: 0, Diff: 0, Sum: 0, Workers: 4
[235.268s][debug][gc,phases      ] GC(52)   StringDedup Requests1 Weak     Min:  0.0, Avg:  0.0, Max:  0.0, Diff:  0.0, Sum:  0.0, Workers: 4
[235.268s][debug][gc,phases      ] GC(52)     Dead                           Min: 0, Avg:  0.0, Max: 0, Diff: 0, Sum: 0, Workers: 4
[235.268s][debug][gc,phases      ] GC(52)     Total                          Min: 0, Avg:  0.0, Max: 0, Diff: 0, Sum: 0, Workers: 4
[235.268s][debug][gc,phases      ] GC(52)   Weak JFR Old Object Samples    Min:  0.0, Avg:  0.0, Max:  0.0, Diff:  0.0, Sum:  0.0, Workers: 4
[235.268s][debug][gc,phases      ] GC(52)     Dead                           Min: 0, Avg:  0.0, Max: 0, Diff: 0, Sum: 0, Workers: 4
[235.268s][debug][gc,phases      ] GC(52)     Total                          Min: 0, Avg:  0.0, Max: 0, Diff: 0, Sum: 0, Workers: 4
[235.268s][debug][gc,phases      ] GC(52) Weak Processing 0.338ms
[235.268s][debug][gc,age         ] GC(52) Desired survivor size 134217728 bytes, new threshold 15 (max threshold 15)
[235.268s][info ][gc,heap        ] GC(52) PSYoungGen: 1875888K(1955328K)->69440K(1964032K) Eden: 1822720K(1822720K)->0K(1835008K) From: 53168K(132608K)->69440K(129024K)
[235.268s][info ][gc,heap        ] GC(52) ParOldGen: 278352K(351232K)->278368K(351232K)
[235.268s][info ][gc,metaspace   ] GC(52) Metaspace: 83881K(84800K)->83881K(84800K) NonClass: 71520K(72000K)->71520K(72000K) Class: 12361K(12800K)->12361K(12800K)
[235.268s][info ][gc             ] GC(52) Pause Young (Allocation Failure) 2103M->339M(2261M) 30.961ms
[235.268s][info ][gc,cpu         ] GC(52) User=0.10s Sys=0.00s Real=0.03s
[235.268s][info ][safepoint      ] Safepoint "ParallelGCFailedAllocation", Time since last: 2260309608 ns, Reaching safepoint: 81100 ns, Cleanup: 5200 ns, At safepoint: 31053233 ns, Total: 31139533 ns
[236.269s][info ][safepoint      ] Safepoint "Cleanup", Time since last: 1000068035 ns, Reaching safepoint: 5000 ns, Cleanup: 11600 ns, At safepoint: 2200 ns, Total: 18800 ns
[237.269s][info ][safepoint      ] Safepoint "Cleanup", Time since last: 1000100035 ns, Reaching safepoint: 3900 ns, Cleanup: 8000 ns, At safepoint: 4300 ns, Total: 16200 ns
[238.269s][info ][safepoint      ] Safepoint "Cleanup", Time since last: 1000090733 ns, Reaching safepoint: 4800 ns, Cleanup: 14500 ns, At safepoint: 2300 ns, Total: 21600 ns
[239.269s][info ][safepoint      ] Safepoint "Cleanup", Time since last: 1000094929 ns, Reaching safepoint: 4100 ns, Cleanup: 8100 ns, At safepoint: 2400 ns, Total: 14600 ns
[241.092s][info ][safepoint      ] Safepoint "Cleanup", Time since last: 1822858742 ns, Reaching safepoint: 14900 ns, Cleanup: 18400 ns, At safepoint: 2400 ns, Total: 35700 ns
[242.092s][info ][safepoint      ] Safepoint "Cleanup", Time since last: 1000058429 ns, Reaching safepoint: 4600 ns, Cleanup: 8500 ns, At safepoint: 2200 ns, Total: 15300 ns
[243.092s][info ][safepoint      ] Safepoint "Cleanup", Time since last: 1000062728 ns, Reaching safepoint: 4800 ns, Cleanup: 16900 ns, At safepoint: 2200 ns, Total: 23900 ns
[244.092s][info ][safepoint      ] Safepoint "Cleanup", Time since last: 1000111529 ns, Reaching safepoint: 5100 ns, Cleanup: 10800 ns, At safepoint: 2700 ns, Total: 18600 ns
[244.182s][info ][gc,start       ] GC(53) Pause Young (Allocation Failure)
[244.206s][debug][gc,phases      ] GC(53) Scavenge 23.180ms
[244.206s][debug][gc,ref         ] GC(53) Skipped phase 1 of Reference Processing: no references
[244.206s][debug][gc,ref         ] GC(53) ReferenceProcessor::execute queues: 1, RefProcThreadModel::Single, marks_oops_alive: false
[244.206s][debug][gc,ref         ] GC(53) ReferenceProcessor::execute queues: 4, RefProcThreadModel::Multi, marks_oops_alive: true
[244.206s][debug][gc,ref         ] GC(53) ReferenceProcessor::execute queues: 1, RefProcThreadModel::Single, marks_oops_alive: false
[244.206s][debug][gc,phases      ] GC(53) Reference Processing 0.197ms
[244.206s][debug][gc,phases      ] GC(53)   VM Weak                        Min:  0.0, Avg:  0.0, Max:  0.0, Diff:  0.0, Sum:  0.0, Workers: 4
[244.206s][debug][gc,phases      ] GC(53)     Dead                           Min: 0, Avg:  0.0, Max: 0, Diff: 0, Sum: 0, Workers: 4
[244.206s][debug][gc,phases      ] GC(53)     Total                          Min: 0, Avg: 182.0, Max: 408, Diff: 408, Sum: 728, Workers: 4
[244.206s][debug][gc,phases      ] GC(53)   ObjectSynchronizer Weak        Min:  0.0, Avg:  0.0, Max:  0.0, Diff:  0.0, Sum:  0.0, Workers: 4
[244.206s][debug][gc,phases      ] GC(53)     Dead                           Min: 0, Avg:  0.0, Max: 0, Diff: 0, Sum: 0, Workers: 4
[244.206s][debug][gc,phases      ] GC(53)     Total                          Min: 0, Avg:  0.8, Max: 3, Diff: 3, Sum: 3, Workers: 4
[244.206s][debug][gc,phases      ] GC(53)   JVMTI Tag Weak OopStorage      Min:  0.0, Avg:  0.0, Max:  0.0, Diff:  0.0, Sum:  0.0, Workers: 4
[244.206s][debug][gc,phases      ] GC(53)     Dead                           Min: 0, Avg:  0.0, Max: 0, Diff: 0, Sum: 0, Workers: 4
[244.206s][debug][gc,phases      ] GC(53)     Total                          Min: 0, Avg:  0.0, Max: 0, Diff: 0, Sum: 0, Workers: 4
[244.206s][debug][gc,phases      ] GC(53)   StringTable Weak               Min:  0.0, Avg:  0.1, Max:  0.1, Diff:  0.1, Sum:  0.4, Workers: 4
[244.206s][debug][gc,phases      ] GC(53)     Dead                           Min: 0, Avg:  0.0, Max: 0, Diff: 0, Sum: 0, Workers: 4
[244.206s][debug][gc,phases      ] GC(53)     Total                          Min: 0, Avg: 10929.2, Max: 18624, Diff: 18624, Sum: 43717, Workers: 4
[244.206s][debug][gc,phases      ] GC(53)   ResolvedMethodTable Weak       Min:  0.0, Avg:  0.0, Max:  0.0, Diff:  0.0, Sum:  0.1, Workers: 4
[244.206s][debug][gc,phases      ] GC(53)     Dead                           Min: 0, Avg:  0.0, Max: 0, Diff: 0, Sum: 0, Workers: 4
[244.206s][debug][gc,phases      ] GC(53)     Total                          Min: 0, Avg: 2572.8, Max: 4416, Diff: 4416, Sum: 10291, Workers: 4
[244.206s][debug][gc,phases      ] GC(53)   JNI Weak                       Min:  0.0, Avg:  0.0, Max:  0.0, Diff:  0.0, Sum:  0.0, Workers: 4
[244.206s][debug][gc,phases      ] GC(53)     Dead                           Min: 0, Avg:  0.0, Max: 0, Diff: 0, Sum: 0, Workers: 4
[244.206s][debug][gc,phases      ] GC(53)     Total                          Min: 0, Avg: 11.2, Max: 45, Diff: 45, Sum: 45, Workers: 4
[244.206s][debug][gc,phases      ] GC(53)   StringDedup Table Weak         Min:  0.0, Avg:  0.0, Max:  0.0, Diff:  0.0, Sum:  0.0, Workers: 4
[244.206s][debug][gc,phases      ] GC(53)     Dead                           Min: 0, Avg:  0.0, Max: 0, Diff: 0, Sum: 0, Workers: 4
[244.206s][debug][gc,phases      ] GC(53)     Total                          Min: 0, Avg:  0.0, Max: 0, Diff: 0, Sum: 0, Workers: 4
[244.206s][debug][gc,phases      ] GC(53)   StringDedup Requests0 Weak     Min:  0.0, Avg:  0.0, Max:  0.0, Diff:  0.0, Sum:  0.0, Workers: 4
[244.206s][debug][gc,phases      ] GC(53)     Dead                           Min: 0, Avg:  0.0, Max: 0, Diff: 0, Sum: 0, Workers: 4
[244.206s][debug][gc,phases      ] GC(53)     Total                          Min: 0, Avg:  0.0, Max: 0, Diff: 0, Sum: 0, Workers: 4
[244.206s][debug][gc,phases      ] GC(53)   StringDedup Requests1 Weak     Min:  0.0, Avg:  0.0, Max:  0.0, Diff:  0.0, Sum:  0.0, Workers: 4
[244.206s][debug][gc,phases      ] GC(53)     Dead                           Min: 0, Avg:  0.0, Max: 0, Diff: 0, Sum: 0, Workers: 4
[244.206s][debug][gc,phases      ] GC(53)     Total                          Min: 0, Avg:  0.0, Max: 0, Diff: 0, Sum: 0, Workers: 4
[244.206s][debug][gc,phases      ] GC(53)   Weak JFR Old Object Samples    Min:  0.0, Avg:  0.0, Max:  0.0, Diff:  0.0, Sum:  0.0, Workers: 4
[244.206s][debug][gc,phases      ] GC(53)     Dead                           Min: 0, Avg:  0.0, Max: 0, Diff: 0, Sum: 0, Workers: 4
[244.206s][debug][gc,phases      ] GC(53)     Total                          Min: 0, Avg:  0.0, Max: 0, Diff: 0, Sum: 0, Workers: 4
[244.206s][debug][gc,phases      ] GC(53) Weak Processing 0.339ms
[244.206s][debug][gc,age         ] GC(53) Desired survivor size 135266304 bytes, new threshold 15 (max threshold 15)
[244.206s][info ][gc,heap        ] GC(53) PSYoungGen: 1904448K(1964032K)->69440K(1904640K) Eden: 1835008K(1835008K)->0K(1835008K) From: 69440K(129024K)->69440K(69632K)
[244.206s][info ][gc,heap        ] GC(53) ParOldGen: 278368K(351232K)->278464K(351232K)
[244.206s][info ][gc,metaspace   ] GC(53) Metaspace: 83898K(84864K)->83898K(84864K) NonClass: 71536K(72064K)->71536K(72064K) Class: 12362K(12800K)->12362K(12800K)
[244.206s][info ][gc             ] GC(53) Pause Young (Allocation Failure) 2131M->339M(2203M) 23.830ms
[244.206s][info ][gc,cpu         ] GC(53) User=0.07s Sys=0.00s Real=0.02s
[244.206s][info ][safepoint      ] Safepoint "ParallelGCFailedAllocation", Time since last: 90334004 ns, Reaching safepoint: 4100 ns, Cleanup: 4100 ns, At safepoint: 23899448 ns, Total: 23907648 ns
[245.206s][info ][safepoint      ] Safepoint "Cleanup", Time since last: 1000085229 ns, Reaching safepoint: 4700 ns, Cleanup: 11600 ns, At safepoint: 2600 ns, Total: 18900 ns
[246.207s][info ][safepoint      ] Safepoint "Cleanup", Time since last: 1000102623 ns, Reaching safepoint: 7000 ns, Cleanup: 11500 ns, At safepoint: 6400 ns, Total: 24900 ns
[247.753s][info ][safepoint      ] Safepoint "Cleanup", Time since last: 1546158209 ns, Reaching safepoint: 5800 ns, Cleanup: 13500 ns, At safepoint: 2400 ns, Total: 21700 ns
[248.753s][info ][safepoint      ] Safepoint "Cleanup", Time since last: 1000101106 ns, Reaching safepoint: 4000 ns, Cleanup: 14200 ns, At safepoint: 2000 ns, Total: 20200 ns
[252.753s][info ][safepoint      ] Safepoint "Cleanup", Time since last: 4000263227 ns, Reaching safepoint: 4000 ns, Cleanup: 6800 ns, At safepoint: 2100 ns, Total: 12900 ns
[252.937s][info ][gc,start       ] GC(54) Pause Young (Allocation Failure)
[252.960s][debug][gc,phases      ] GC(54) Scavenge 23.234ms
[252.960s][debug][gc,ref         ] GC(54) Skipped phase 1 of Reference Processing: no references
[252.960s][debug][gc,ref         ] GC(54) ReferenceProcessor::execute queues: 1, RefProcThreadModel::Single, marks_oops_alive: false
[252.960s][debug][gc,ref         ] GC(54) Skipped phase 3 of Reference Processing: no references
[252.960s][debug][gc,ref         ] GC(54) ReferenceProcessor::execute queues: 1, RefProcThreadModel::Single, marks_oops_alive: false
[252.960s][debug][gc,phases      ] GC(54) Reference Processing 0.099ms
[252.960s][debug][gc,phases      ] GC(54)   VM Weak                        Min:  0.0, Avg:  0.0, Max:  0.0, Diff:  0.0, Sum:  0.0, Workers: 4
[252.960s][debug][gc,phases      ] GC(54)     Dead                           Min: 0, Avg:  0.0, Max: 0, Diff: 0, Sum: 0, Workers: 4
[252.960s][debug][gc,phases      ] GC(54)     Total                          Min: 24, Avg: 182.0, Max: 448, Diff: 424, Sum: 728, Workers: 4
[252.960s][debug][gc,phases      ] GC(54)   ObjectSynchronizer Weak        Min:  0.0, Avg:  0.0, Max:  0.0, Diff:  0.0, Sum:  0.0, Workers: 4
[252.960s][debug][gc,phases      ] GC(54)     Dead                           Min: 0, Avg:  0.0, Max: 0, Diff: 0, Sum: 0, Workers: 4
[252.960s][debug][gc,phases      ] GC(54)     Total                          Min: 0, Avg:  1.0, Max: 4, Diff: 4, Sum: 4, Workers: 4
[252.960s][debug][gc,phases      ] GC(54)   JVMTI Tag Weak OopStorage      Min:  0.0, Avg:  0.0, Max:  0.0, Diff:  0.0, Sum:  0.0, Workers: 4
[252.960s][debug][gc,phases      ] GC(54)     Dead                           Min: 0, Avg:  0.0, Max: 0, Diff: 0, Sum: 0, Workers: 4
[252.960s][debug][gc,phases      ] GC(54)     Total                          Min: 0, Avg:  0.0, Max: 0, Diff: 0, Sum: 0, Workers: 4
[252.960s][debug][gc,phases      ] GC(54)   StringTable Weak               Min:  0.1, Avg:  0.1, Max:  0.1, Diff:  0.0, Sum:  0.5, Workers: 4
[252.960s][debug][gc,phases      ] GC(54)     Dead                           Min: 0, Avg:  0.0, Max: 0, Diff: 0, Sum: 0, Workers: 4
[252.960s][debug][gc,phases      ] GC(54)     Total                          Min: 9738, Avg: 10930.5, Max: 11712, Diff: 1974, Sum: 43722, Workers: 4
[252.960s][debug][gc,phases      ] GC(54)   ResolvedMethodTable Weak       Min:  0.0, Avg:  0.0, Max:  0.0, Diff:  0.0, Sum:  0.1, Workers: 4
[252.960s][debug][gc,phases      ] GC(54)     Dead                           Min: 0, Avg:  0.0, Max: 0, Diff: 0, Sum: 0, Workers: 4
[252.960s][debug][gc,phases      ] GC(54)     Total                          Min: 2484, Avg: 2572.8, Max: 2624, Diff: 140, Sum: 10291, Workers: 4
[252.960s][debug][gc,phases      ] GC(54)   JNI Weak                       Min:  0.0, Avg:  0.0, Max:  0.0, Diff:  0.0, Sum:  0.0, Workers: 4
[252.960s][debug][gc,phases      ] GC(54)     Dead                           Min: 0, Avg:  0.0, Max: 0, Diff: 0, Sum: 0, Workers: 4
[252.960s][debug][gc,phases      ] GC(54)     Total                          Min: 0, Avg: 11.2, Max: 45, Diff: 45, Sum: 45, Workers: 4
[252.960s][debug][gc,phases      ] GC(54)   StringDedup Table Weak         Min:  0.0, Avg:  0.0, Max:  0.0, Diff:  0.0, Sum:  0.0, Workers: 4
[252.960s][debug][gc,phases      ] GC(54)     Dead                           Min: 0, Avg:  0.0, Max: 0, Diff: 0, Sum: 0, Workers: 4
[252.960s][debug][gc,phases      ] GC(54)     Total                          Min: 0, Avg:  0.0, Max: 0, Diff: 0, Sum: 0, Workers: 4
[252.960s][debug][gc,phases      ] GC(54)   StringDedup Requests0 Weak     Min:  0.0, Avg:  0.0, Max:  0.0, Diff:  0.0, Sum:  0.0, Workers: 4
[252.960s][debug][gc,phases      ] GC(54)     Dead                           Min: 0, Avg:  0.0, Max: 0, Diff: 0, Sum: 0, Workers: 4
[252.960s][debug][gc,phases      ] GC(54)     Total                          Min: 0, Avg:  0.0, Max: 0, Diff: 0, Sum: 0, Workers: 4
[252.961s][debug][gc,phases      ] GC(54)   StringDedup Requests1 Weak     Min:  0.0, Avg:  0.0, Max:  0.0, Diff:  0.0, Sum:  0.0, Workers: 4
[252.961s][debug][gc,phases      ] GC(54)     Dead                           Min: 0, Avg:  0.0, Max: 0, Diff: 0, Sum: 0, Workers: 4
[252.961s][debug][gc,phases      ] GC(54)     Total                          Min: 0, Avg:  0.0, Max: 0, Diff: 0, Sum: 0, Workers: 4
[252.961s][debug][gc,phases      ] GC(54)   Weak JFR Old Object Samples    Min:  0.0, Avg:  0.0, Max:  0.0, Diff:  0.0, Sum:  0.0, Workers: 4
[252.961s][debug][gc,phases      ] GC(54)     Dead                           Min: 0, Avg:  0.0, Max: 0, Diff: 0, Sum: 0, Workers: 4
[252.961s][debug][gc,phases      ] GC(54)     Total                          Min: 0, Avg:  0.0, Max: 0, Diff: 0, Sum: 0, Workers: 4
[252.961s][debug][gc,phases      ] GC(54) Weak Processing 0.344ms
[252.961s][debug][gc,age         ] GC(54) Desired survivor size 135790592 bytes, new threshold 15 (max threshold 15)
[252.961s][info ][gc,heap        ] GC(54) PSYoungGen: 1904448K(1904640K)->69360K(1964032K) Eden: 1835008K(1835008K)->0K(1831936K) From: 69440K(69632K)->69360K(132096K)
[252.961s][info ][gc,heap        ] GC(54) ParOldGen: 278464K(351232K)->278496K(351232K)
[252.961s][info ][gc,metaspace   ] GC(54) Metaspace: 83904K(84864K)->83904K(84864K) NonClass: 71542K(72064K)->71542K(72064K) Class: 12362K(12800K)->12362K(12800K)
[252.961s][info ][gc             ] GC(54) Pause Young (Allocation Failure) 2131M->339M(2261M) 23.789ms
[252.961s][info ][gc,cpu         ] GC(54) User=0.08s Sys=0.00s Real=0.03s
[252.961s][info ][safepoint      ] Safepoint "ParallelGCFailedAllocation", Time since last: 183623697 ns, Reaching safepoint: 4100 ns, Cleanup: 3800 ns, At safepoint: 23856548 ns, Total: 23864448 ns
[253.961s][info ][safepoint      ] Safepoint "Cleanup", Time since last: 1000085206 ns, Reaching safepoint: 4500 ns, Cleanup: 13000 ns, At safepoint: 2100 ns, Total: 19600 ns
[254.961s][info ][safepoint      ] Safepoint "Cleanup", Time since last: 1000108919 ns, Reaching safepoint: 5700 ns, Cleanup: 11300 ns, At safepoint: 2700 ns, Total: 19700 ns
[256.961s][info ][safepoint      ] Safepoint "Cleanup", Time since last: 2000134634 ns, Reaching safepoint: 4500 ns, Cleanup: 15600 ns, At safepoint: 2100 ns, Total: 22200 ns
[259.961s][info ][safepoint      ] Safepoint "Cleanup", Time since last: 3000191551 ns, Reaching safepoint: 4200 ns, Cleanup: 9900 ns, At safepoint: 2100 ns, Total: 16200 ns
[260.961s][info ][safepoint      ] Safepoint "Cleanup", Time since last: 1000104217 ns, Reaching safepoint: 4000 ns, Cleanup: 8200 ns, At safepoint: 2000 ns, Total: 14200 ns
[261.783s][info ][gc,start       ] GC(55) Pause Young (Allocation Failure)
[261.805s][debug][gc,phases      ] GC(55) Scavenge 21.947ms
[261.805s][debug][gc,ref         ] GC(55) Skipped phase 1 of Reference Processing: no references
[261.805s][debug][gc,ref         ] GC(55) ReferenceProcessor::execute queues: 1, RefProcThreadModel::Single, marks_oops_alive: false
[261.805s][debug][gc,ref         ] GC(55) Skipped phase 3 of Reference Processing: no references
[261.805s][debug][gc,ref         ] GC(55) ReferenceProcessor::execute queues: 1, RefProcThreadModel::Single, marks_oops_alive: false
[261.805s][debug][gc,phases      ] GC(55) Reference Processing 0.102ms
[261.805s][debug][gc,phases      ] GC(55)   VM Weak                        Min:  0.0, Avg:  0.0, Max:  0.0, Diff:  0.0, Sum:  0.0, Workers: 4
[261.805s][debug][gc,phases      ] GC(55)     Dead                           Min: 0, Avg:  0.0, Max: 0, Diff: 0, Sum: 0, Workers: 4
[261.805s][debug][gc,phases      ] GC(55)     Total                          Min: 0, Avg: 182.0, Max: 576, Diff: 576, Sum: 728, Workers: 4
[261.805s][debug][gc,phases      ] GC(55)   ObjectSynchronizer Weak        Min:  0.0, Avg:  0.0, Max:  0.0, Diff:  0.0, Sum:  0.0, Workers: 4
[261.805s][debug][gc,phases      ] GC(55)     Dead                           Min: 0, Avg:  0.0, Max: 0, Diff: 0, Sum: 0, Workers: 4
[261.805s][debug][gc,phases      ] GC(55)     Total                          Min: 0, Avg:  1.0, Max: 4, Diff: 4, Sum: 4, Workers: 4
[261.805s][debug][gc,phases      ] GC(55)   JVMTI Tag Weak OopStorage      Min:  0.0, Avg:  0.0, Max:  0.0, Diff:  0.0, Sum:  0.0, Workers: 4
[261.805s][debug][gc,phases      ] GC(55)     Dead                           Min: 0, Avg:  0.0, Max: 0, Diff: 0, Sum: 0, Workers: 4
[261.805s][debug][gc,phases      ] GC(55)     Total                          Min: 0, Avg:  0.0, Max: 0, Diff: 0, Sum: 0, Workers: 4
[261.805s][debug][gc,phases      ] GC(55)   StringTable Weak               Min:  0.0, Avg:  0.1, Max:  0.1, Diff:  0.1, Sum:  0.4, Workers: 4
[261.805s][debug][gc,phases      ] GC(55)     Dead                           Min: 0, Avg:  0.0, Max: 0, Diff: 0, Sum: 0, Workers: 4
[261.805s][debug][gc,phases      ] GC(55)     Total                          Min: 0, Avg: 10930.8, Max: 19008, Diff: 19008, Sum: 43723, Workers: 4
[261.805s][debug][gc,phases      ] GC(55)   ResolvedMethodTable Weak       Min:  0.0, Avg:  0.0, Max:  0.0, Diff:  0.0, Sum:  0.1, Workers: 4
[261.805s][debug][gc,phases      ] GC(55)     Dead                           Min: 0, Avg:  0.0, Max: 0, Diff: 0, Sum: 0, Workers: 4
[261.805s][debug][gc,phases      ] GC(55)     Total                          Min: 0, Avg: 2572.8, Max: 4543, Diff: 4543, Sum: 10291, Workers: 4
[261.805s][debug][gc,phases      ] GC(55)   JNI Weak                       Min:  0.0, Avg:  0.0, Max:  0.0, Diff:  0.0, Sum:  0.0, Workers: 4
[261.805s][debug][gc,phases      ] GC(55)     Dead                           Min: 0, Avg:  0.0, Max: 0, Diff: 0, Sum: 0, Workers: 4
[261.805s][debug][gc,phases      ] GC(55)     Total                          Min: 0, Avg: 11.2, Max: 45, Diff: 45, Sum: 45, Workers: 4
[261.806s][debug][gc,phases      ] GC(55)   StringDedup Table Weak         Min:  0.0, Avg:  0.0, Max:  0.0, Diff:  0.0, Sum:  0.0, Workers: 4
[261.806s][debug][gc,phases      ] GC(55)     Dead                           Min: 0, Avg:  0.0, Max: 0, Diff: 0, Sum: 0, Workers: 4
[261.806s][debug][gc,phases      ] GC(55)     Total                          Min: 0, Avg:  0.0, Max: 0, Diff: 0, Sum: 0, Workers: 4
[261.806s][debug][gc,phases      ] GC(55)   StringDedup Requests0 Weak     Min:  0.0, Avg:  0.0, Max:  0.0, Diff:  0.0, Sum:  0.0, Workers: 4
[261.806s][debug][gc,phases      ] GC(55)     Dead                           Min: 0, Avg:  0.0, Max: 0, Diff: 0, Sum: 0, Workers: 4
[261.806s][debug][gc,phases      ] GC(55)     Total                          Min: 0, Avg:  0.0, Max: 0, Diff: 0, Sum: 0, Workers: 4
[261.806s][debug][gc,phases      ] GC(55)   StringDedup Requests1 Weak     Min:  0.0, Avg:  0.0, Max:  0.0, Diff:  0.0, Sum:  0.0, Workers: 4
[261.806s][debug][gc,phases      ] GC(55)     Dead                           Min: 0, Avg:  0.0, Max: 0, Diff: 0, Sum: 0, Workers: 4
[261.806s][debug][gc,phases      ] GC(55)     Total                          Min: 0, Avg:  0.0, Max: 0, Diff: 0, Sum: 0, Workers: 4
[261.806s][debug][gc,phases      ] GC(55)   Weak JFR Old Object Samples    Min:  0.0, Avg:  0.0, Max:  0.0, Diff:  0.0, Sum:  0.0, Workers: 4
[261.806s][debug][gc,phases      ] GC(55)     Dead                           Min: 0, Avg:  0.0, Max: 0, Diff: 0, Sum: 0, Workers: 4
[261.806s][debug][gc,phases      ] GC(55)     Total                          Min: 0, Avg:  0.0, Max: 0, Diff: 0, Sum: 0, Workers: 4
[261.806s][debug][gc,phases      ] GC(55) Weak Processing 0.346ms
[261.806s][debug][gc,age         ] GC(55) Desired survivor size 135266304 bytes, new threshold 15 (max threshold 15)
[261.806s][info ][gc,heap        ] GC(55) PSYoungGen: 1901296K(1964032K)->69376K(1964544K) Eden: 1831936K(1831936K)->0K(1831936K) From: 69360K(132096K)->69376K(132608K)
[261.806s][info ][gc,heap        ] GC(55) ParOldGen: 278496K(351232K)->278544K(351232K)
[261.806s][info ][gc,metaspace   ] GC(55) Metaspace: 83914K(84864K)->83914K(84864K) NonClass: 71552K(72064K)->71552K(72064K) Class: 12362K(12800K)->12362K(12800K)
[261.806s][info ][gc             ] GC(55) Pause Young (Allocation Failure) 2128M->339M(2261M) 22.514ms
[261.806s][info ][gc,cpu         ] GC(55) User=0.08s Sys=0.00s Real=0.02s
[261.806s][info ][safepoint      ] Safepoint "ParallelGCFailedAllocation", Time since last: 821694924 ns, Reaching safepoint: 3900 ns, Cleanup: 15400 ns, At safepoint: 22591448 ns, Total: 22610748 ns
[262.806s][info ][safepoint      ] Safepoint "Cleanup", Time since last: 1000036196 ns, Reaching safepoint: 4400 ns, Cleanup: 8900 ns, At safepoint: 2100 ns, Total: 15400 ns
[263.806s][info ][safepoint      ] Safepoint "Cleanup", Time since last: 1000096314 ns, Reaching safepoint: 4400 ns, Cleanup: 8700 ns, At safepoint: 2000 ns, Total: 15100 ns
[267.806s][info ][safepoint      ] Safepoint "Cleanup", Time since last: 4000264356 ns, Reaching safepoint: 73699 ns, Cleanup: 10200 ns, At safepoint: 5100 ns, Total: 88999 ns
[268.806s][info ][safepoint      ] Safepoint "Cleanup", Time since last: 1000103714 ns, Reaching safepoint: 4800 ns, Cleanup: 8100 ns, At safepoint: 2300 ns, Total: 15200 ns
[269.806s][info ][safepoint      ] Safepoint "Cleanup", Time since last: 1000103514 ns, Reaching safepoint: 4800 ns, Cleanup: 9100 ns, At safepoint: 1900 ns, Total: 15800 ns
[270.487s][info ][gc,start       ] GC(56) Pause Young (Allocation Failure)
[270.509s][debug][gc,phases      ] GC(56) Scavenge 21.782ms
[270.509s][debug][gc,ref         ] GC(56) Skipped phase 1 of Reference Processing: no references
[270.509s][debug][gc,ref         ] GC(56) ReferenceProcessor::execute queues: 1, RefProcThreadModel::Single, marks_oops_alive: false
[270.509s][debug][gc,ref         ] GC(56) Skipped phase 3 of Reference Processing: no references
[270.509s][debug][gc,ref         ] GC(56) ReferenceProcessor::execute queues: 1, RefProcThreadModel::Single, marks_oops_alive: false
[270.509s][debug][gc,phases      ] GC(56) Reference Processing 0.113ms
[270.510s][debug][gc,phases      ] GC(56)   VM Weak                        Min:  0.0, Avg:  0.0, Max:  0.0, Diff:  0.0, Sum:  0.0, Workers: 4
[270.510s][debug][gc,phases      ] GC(56)     Dead                           Min: 0, Avg:  0.0, Max: 0, Diff: 0, Sum: 0, Workers: 4
[270.510s][debug][gc,phases      ] GC(56)     Total                          Min: 0, Avg: 182.0, Max: 320, Diff: 320, Sum: 728, Workers: 4
[270.510s][debug][gc,phases      ] GC(56)   ObjectSynchronizer Weak        Min:  0.0, Avg:  0.0, Max:  0.0, Diff:  0.0, Sum:  0.0, Workers: 4
[270.510s][debug][gc,phases      ] GC(56)     Dead                           Min: 0, Avg:  0.0, Max: 0, Diff: 0, Sum: 0, Workers: 4
[270.510s][debug][gc,phases      ] GC(56)     Total                          Min: 0, Avg:  1.0, Max: 4, Diff: 4, Sum: 4, Workers: 4
[270.510s][debug][gc,phases      ] GC(56)   JVMTI Tag Weak OopStorage      Min:  0.0, Avg:  0.0, Max:  0.0, Diff:  0.0, Sum:  0.0, Workers: 4
[270.510s][debug][gc,phases      ] GC(56)     Dead                           Min: 0, Avg:  0.0, Max: 0, Diff: 0, Sum: 0, Workers: 4
[270.510s][debug][gc,phases      ] GC(56)     Total                          Min: 0, Avg:  0.0, Max: 0, Diff: 0, Sum: 0, Workers: 4
[270.510s][debug][gc,phases      ] GC(56)   StringTable Weak               Min:  0.0, Avg:  0.1, Max:  0.1, Diff:  0.1, Sum:  0.4, Workers: 4
[270.510s][debug][gc,phases      ] GC(56)     Dead                           Min: 0, Avg:  0.0, Max: 0, Diff: 0, Sum: 0, Workers: 4
[270.510s][debug][gc,phases      ] GC(56)     Total                          Min: 0, Avg: 10933.5, Max: 19520, Diff: 19520, Sum: 43734, Workers: 4
[270.510s][debug][gc,phases      ] GC(56)   ResolvedMethodTable Weak       Min:  0.0, Avg:  0.0, Max:  0.0, Diff:  0.0, Sum:  0.1, Workers: 4
[270.510s][debug][gc,phases      ] GC(56)     Dead                           Min: 0, Avg:  0.0, Max: 0, Diff: 0, Sum: 0, Workers: 4
[270.510s][debug][gc,phases      ] GC(56)     Total                          Min: 0, Avg: 2572.8, Max: 3968, Diff: 3968, Sum: 10291, Workers: 4
[270.510s][debug][gc,phases      ] GC(56)   JNI Weak                       Min:  0.0, Avg:  0.0, Max:  0.0, Diff:  0.0, Sum:  0.0, Workers: 4
[270.510s][debug][gc,phases      ] GC(56)     Dead                           Min: 0, Avg:  0.0, Max: 0, Diff: 0, Sum: 0, Workers: 4
[270.510s][debug][gc,phases      ] GC(56)     Total                          Min: 0, Avg: 11.2, Max: 45, Diff: 45, Sum: 45, Workers: 4
[270.510s][debug][gc,phases      ] GC(56)   StringDedup Table Weak         Min:  0.0, Avg:  0.0, Max:  0.0, Diff:  0.0, Sum:  0.0, Workers: 4
[270.510s][debug][gc,phases      ] GC(56)     Dead                           Min: 0, Avg:  0.0, Max: 0, Diff: 0, Sum: 0, Workers: 4
[270.510s][debug][gc,phases      ] GC(56)     Total                          Min: 0, Avg:  0.0, Max: 0, Diff: 0, Sum: 0, Workers: 4
[270.510s][debug][gc,phases      ] GC(56)   StringDedup Requests0 Weak     Min:  0.0, Avg:  0.0, Max:  0.0, Diff:  0.0, Sum:  0.0, Workers: 4
[270.510s][debug][gc,phases      ] GC(56)     Dead                           Min: 0, Avg:  0.0, Max: 0, Diff: 0, Sum: 0, Workers: 4
[270.510s][debug][gc,phases      ] GC(56)     Total                          Min: 0, Avg:  0.0, Max: 0, Diff: 0, Sum: 0, Workers: 4
[270.510s][debug][gc,phases      ] GC(56)   StringDedup Requests1 Weak     Min:  0.0, Avg:  0.0, Max:  0.0, Diff:  0.0, Sum:  0.0, Workers: 4
[270.510s][debug][gc,phases      ] GC(56)     Dead                           Min: 0, Avg:  0.0, Max: 0, Diff: 0, Sum: 0, Workers: 4
[270.510s][debug][gc,phases      ] GC(56)     Total                          Min: 0, Avg:  0.0, Max: 0, Diff: 0, Sum: 0, Workers: 4
[270.510s][debug][gc,phases      ] GC(56)   Weak JFR Old Object Samples    Min:  0.0, Avg:  0.0, Max:  0.0, Diff:  0.0, Sum:  0.0, Workers: 4
[270.510s][debug][gc,phases      ] GC(56)     Dead                           Min: 0, Avg:  0.0, Max: 0, Diff: 0, Sum: 0, Workers: 4
[270.510s][debug][gc,phases      ] GC(56)     Total                          Min: 0, Avg:  0.0, Max: 0, Diff: 0, Sum: 0, Workers: 4
[270.510s][debug][gc,phases      ] GC(56) Weak Processing 0.340ms
[270.510s][debug][gc,age         ] GC(56) Desired survivor size 133693440 bytes, new threshold 15 (max threshold 15)
[270.510s][info ][gc,heap        ] GC(56) PSYoungGen: 1901312K(1964544K)->68400K(1966592K) Eden: 1831936K(1831936K)->0K(1834496K) From: 69376K(132608K)->68400K(132096K)
[270.510s][info ][gc,heap        ] GC(56) ParOldGen: 278544K(351232K)->278576K(351232K)
[270.510s][info ][gc,metaspace   ] GC(56) Metaspace: 83944K(84864K)->83944K(84864K) NonClass: 71582K(72064K)->71582K(72064K) Class: 12362K(12800K)->12362K(12800K)
[270.510s][info ][gc             ] GC(56) Pause Young (Allocation Failure) 2128M->338M(2263M) 22.356ms
[270.510s][info ][gc,cpu         ] GC(56) User=0.08s Sys=0.00s Real=0.02s
[270.510s][info ][safepoint      ] Safepoint "ParallelGCFailedAllocation", Time since last: 680907213 ns, Reaching safepoint: 77000 ns, Cleanup: 4200 ns, At safepoint: 22429351 ns, Total: 22510551 ns
[271.510s][info ][safepoint      ] Safepoint "Cleanup", Time since last: 1000087317 ns, Reaching safepoint: 5200 ns, Cleanup: 14000 ns, At safepoint: 2600 ns, Total: 21800 ns
[272.510s][info ][safepoint      ] Safepoint "Cleanup", Time since last: 1000101917 ns, Reaching safepoint: 4700 ns, Cleanup: 32300 ns, At safepoint: 5300 ns, Total: 42300 ns
[273.510s][info ][safepoint      ] Safepoint "Cleanup", Time since last: 1000096417 ns, Reaching safepoint: 4600 ns, Cleanup: 23800 ns, At safepoint: 2100 ns, Total: 30500 ns
[274.510s][info ][safepoint      ] Safepoint "Cleanup", Time since last: 1000119417 ns, Reaching safepoint: 6200 ns, Cleanup: 20200 ns, At safepoint: 2400 ns, Total: 28800 ns
[275.510s][info ][safepoint      ] Safepoint "Cleanup", Time since last: 1000103717 ns, Reaching safepoint: 4500 ns, Cleanup: 8800 ns, At safepoint: 2200 ns, Total: 15500 ns
[276.511s][info ][safepoint      ] Safepoint "Cleanup", Time since last: 1000105617 ns, Reaching safepoint: 5000 ns, Cleanup: 29000 ns, At safepoint: 2200 ns, Total: 36200 ns
[277.478s][info ][gc,start       ] GC(57) Pause Young (Allocation Failure)
[277.483s][debug][gc,phases      ] GC(57) Scavenge 5.032ms
[277.484s][debug][gc,ref         ] GC(57) Skipped phase 1 of Reference Processing: no references
[277.484s][debug][gc,ref         ] GC(57) ReferenceProcessor::execute queues: 1, RefProcThreadModel::Single, marks_oops_alive: false
[277.484s][debug][gc,ref         ] GC(57) ReferenceProcessor::execute queues: 4, RefProcThreadModel::Multi, marks_oops_alive: true
[277.484s][debug][gc,ref         ] GC(57) ReferenceProcessor::execute queues: 1, RefProcThreadModel::Single, marks_oops_alive: false
[277.484s][debug][gc,phases      ] GC(57) Reference Processing 0.161ms
[277.484s][debug][gc,phases      ] GC(57)   VM Weak                        Min:  0.0, Avg:  0.0, Max:  0.0, Diff:  0.0, Sum:  0.0, Workers: 4
[277.484s][debug][gc,phases      ] GC(57)     Dead                           Min: 0, Avg:  0.0, Max: 0, Diff: 0, Sum: 0, Workers: 4
[277.484s][debug][gc,phases      ] GC(57)     Total                          Min: 0, Avg: 182.0, Max: 640, Diff: 640, Sum: 728, Workers: 4
[277.484s][debug][gc,phases      ] GC(57)   ObjectSynchronizer Weak        Min:  0.0, Avg:  0.0, Max:  0.0, Diff:  0.0, Sum:  0.0, Workers: 4
[277.484s][debug][gc,phases      ] GC(57)     Dead                           Min: 0, Avg:  0.0, Max: 0, Diff: 0, Sum: 0, Workers: 4
[277.484s][debug][gc,phases      ] GC(57)     Total                          Min: 0, Avg:  1.2, Max: 5, Diff: 5, Sum: 5, Workers: 4
[277.484s][debug][gc,phases      ] GC(57)   JVMTI Tag Weak OopStorage      Min:  0.0, Avg:  0.0, Max:  0.0, Diff:  0.0, Sum:  0.0, Workers: 4
[277.484s][debug][gc,phases      ] GC(57)     Dead                           Min: 0, Avg:  0.0, Max: 0, Diff: 0, Sum: 0, Workers: 4
[277.484s][debug][gc,phases      ] GC(57)     Total                          Min: 0, Avg:  0.0, Max: 0, Diff: 0, Sum: 0, Workers: 4
[277.484s][debug][gc,phases      ] GC(57)   StringTable Weak               Min:  0.0, Avg:  0.1, Max:  0.1, Diff:  0.1, Sum:  0.4, Workers: 4
[277.484s][debug][gc,phases      ] GC(57)     Dead                           Min: 0, Avg:  0.5, Max: 2, Diff: 2, Sum: 2, Workers: 4
[277.484s][debug][gc,phases      ] GC(57)     Total                          Min: 0, Avg: 10935.5, Max: 18400, Diff: 18400, Sum: 43742, Workers: 4
[277.484s][debug][gc,phases      ] GC(57)   ResolvedMethodTable Weak       Min:  0.0, Avg:  0.0, Max:  0.0, Diff:  0.0, Sum:  0.1, Workers: 4
[277.484s][debug][gc,phases      ] GC(57)     Dead                           Min: 0, Avg:  0.0, Max: 0, Diff: 0, Sum: 0, Workers: 4
[277.484s][debug][gc,phases      ] GC(57)     Total                          Min: 0, Avg: 2575.0, Max: 4096, Diff: 4096, Sum: 10300, Workers: 4
[277.484s][debug][gc,phases      ] GC(57)   JNI Weak                       Min:  0.0, Avg:  0.0, Max:  0.0, Diff:  0.0, Sum:  0.0, Workers: 4
[277.484s][debug][gc,phases      ] GC(57)     Dead                           Min: 0, Avg:  0.0, Max: 0, Diff: 0, Sum: 0, Workers: 4
[277.484s][debug][gc,phases      ] GC(57)     Total                          Min: 0, Avg: 11.2, Max: 45, Diff: 45, Sum: 45, Workers: 4
[277.484s][debug][gc,phases      ] GC(57)   StringDedup Table Weak         Min:  0.0, Avg:  0.0, Max:  0.0, Diff:  0.0, Sum:  0.0, Workers: 4
[277.484s][debug][gc,phases      ] GC(57)     Dead                           Min: 0, Avg:  0.0, Max: 0, Diff: 0, Sum: 0, Workers: 4
[277.484s][debug][gc,phases      ] GC(57)     Total                          Min: 0, Avg:  0.0, Max: 0, Diff: 0, Sum: 0, Workers: 4
[277.484s][debug][gc,phases      ] GC(57)   StringDedup Requests0 Weak     Min:  0.0, Avg:  0.0, Max:  0.0, Diff:  0.0, Sum:  0.0, Workers: 4
[277.484s][debug][gc,phases      ] GC(57)     Dead                           Min: 0, Avg:  0.0, Max: 0, Diff: 0, Sum: 0, Workers: 4
[277.484s][debug][gc,phases      ] GC(57)     Total                          Min: 0, Avg:  0.0, Max: 0, Diff: 0, Sum: 0, Workers: 4
[277.484s][debug][gc,phases      ] GC(57)   StringDedup Requests1 Weak     Min:  0.0, Avg:  0.0, Max:  0.0, Diff:  0.0, Sum:  0.0, Workers: 4
[277.484s][debug][gc,phases      ] GC(57)     Dead                           Min: 0, Avg:  0.0, Max: 0, Diff: 0, Sum: 0, Workers: 4
[277.484s][debug][gc,phases      ] GC(57)     Total                          Min: 0, Avg:  0.0, Max: 0, Diff: 0, Sum: 0, Workers: 4
[277.484s][debug][gc,phases      ] GC(57)   Weak JFR Old Object Samples    Min:  0.0, Avg:  0.0, Max:  0.0, Diff:  0.0, Sum:  0.0, Workers: 4
[277.484s][debug][gc,phases      ] GC(57)     Dead                           Min: 0, Avg:  0.0, Max: 0, Diff: 0, Sum: 0, Workers: 4
[277.484s][debug][gc,phases      ] GC(57)     Total                          Min: 0, Avg:  0.0, Max: 0, Diff: 0, Sum: 0, Workers: 4
[277.484s][debug][gc,phases      ] GC(57) Weak Processing 0.343ms
[277.484s][debug][gc,age         ] GC(57) Desired survivor size 133693440 bytes, new threshold 15 (max threshold 15)
[277.484s][info ][gc,heap        ] GC(57) PSYoungGen: 1902896K(1966592K)->5168K(1965056K) Eden: 1834496K(1834496K)->0K(1834496K) From: 68400K(132096K)->5168K(130560K)
[277.484s][info ][gc,heap        ] GC(57) ParOldGen: 278576K(351232K)->278608K(351232K)
[277.484s][info ][gc,metaspace   ] GC(57) Metaspace: 83993K(84928K)->83993K(84928K) NonClass: 71628K(72128K)->71628K(72128K) Class: 12365K(12800K)->12365K(12800K)
[277.484s][info ][gc             ] GC(57) Pause Young (Allocation Failure) 2130M->277M(2262M) 5.650ms
[277.484s][info ][gc,cpu         ] GC(57) User=0.02s Sys=0.00s Real=0.01s
[277.484s][info ][safepoint      ] Safepoint "ParallelGCFailedAllocation", Time since last: 967782288 ns, Reaching safepoint: 4000 ns, Cleanup: 4000 ns, At safepoint: 5714387 ns, Total: 5722387 ns
[278.484s][info ][safepoint      ] Safepoint "Cleanup", Time since last: 1000090513 ns, Reaching safepoint: 74600 ns, Cleanup: 8800 ns, At safepoint: 5800 ns, Total: 89200 ns
[279.484s][info ][safepoint      ] Safepoint "Cleanup", Time since last: 1000107709 ns, Reaching safepoint: 74100 ns, Cleanup: 12300 ns, At safepoint: 5700 ns, Total: 92100 ns
[280.485s][info ][safepoint      ] Safepoint "Cleanup", Time since last: 1000109508 ns, Reaching safepoint: 72800 ns, Cleanup: 10500 ns, At safepoint: 4600 ns, Total: 87900 ns
[281.881s][info ][gc,start       ] GC(58) Pause Young (Allocation Failure)
[281.885s][debug][gc,phases      ] GC(58) Scavenge 3.768ms
[281.885s][debug][gc,ref         ] GC(58) Skipped phase 1 of Reference Processing: no references
[281.885s][debug][gc,ref         ] GC(58) ReferenceProcessor::execute queues: 1, RefProcThreadModel::Single, marks_oops_alive: false
[281.885s][debug][gc,ref         ] GC(58) ReferenceProcessor::execute queues: 4, RefProcThreadModel::Multi, marks_oops_alive: true
[281.885s][debug][gc,ref         ] GC(58) ReferenceProcessor::execute queues: 1, RefProcThreadModel::Single, marks_oops_alive: false
[281.885s][debug][gc,phases      ] GC(58) Reference Processing 0.174ms
[281.886s][debug][gc,phases      ] GC(58)   VM Weak                        Min:  0.0, Avg:  0.0, Max:  0.0, Diff:  0.0, Sum:  0.0, Workers: 4
[281.886s][debug][gc,phases      ] GC(58)     Dead                           Min: 0, Avg:  0.0, Max: 0, Diff: 0, Sum: 0, Workers: 4
[281.886s][debug][gc,phases      ] GC(58)     Total                          Min: 0, Avg: 182.0, Max: 704, Diff: 704, Sum: 728, Workers: 4
[281.886s][debug][gc,phases      ] GC(58)   ObjectSynchronizer Weak        Min:  0.0, Avg:  0.0, Max:  0.0, Diff:  0.0, Sum:  0.0, Workers: 4
[281.886s][debug][gc,phases      ] GC(58)     Dead                           Min: 0, Avg:  0.0, Max: 0, Diff: 0, Sum: 0, Workers: 4
[281.886s][debug][gc,phases      ] GC(58)     Total                          Min: 0, Avg:  1.2, Max: 5, Diff: 5, Sum: 5, Workers: 4
[281.886s][debug][gc,phases      ] GC(58)   JVMTI Tag Weak OopStorage      Min:  0.0, Avg:  0.0, Max:  0.0, Diff:  0.0, Sum:  0.0, Workers: 4
[281.886s][debug][gc,phases      ] GC(58)     Dead                           Min: 0, Avg:  0.0, Max: 0, Diff: 0, Sum: 0, Workers: 4
[281.886s][debug][gc,phases      ] GC(58)     Total                          Min: 0, Avg:  0.0, Max: 0, Diff: 0, Sum: 0, Workers: 4
[281.886s][debug][gc,phases      ] GC(58)   StringTable Weak               Min:  0.0, Avg:  0.1, Max:  0.1, Diff:  0.1, Sum:  0.4, Workers: 4
[281.886s][debug][gc,phases      ] GC(58)     Dead                           Min: 0, Avg:  0.0, Max: 0, Diff: 0, Sum: 0, Workers: 4
[281.886s][debug][gc,phases      ] GC(58)     Total                          Min: 0, Avg: 10935.5, Max: 17727, Diff: 17727, Sum: 43742, Workers: 4
[281.886s][debug][gc,phases      ] GC(58)   ResolvedMethodTable Weak       Min:  0.0, Avg:  0.0, Max:  0.0, Diff:  0.0, Sum:  0.1, Workers: 4
[281.886s][debug][gc,phases      ] GC(58)     Dead                           Min: 0, Avg:  0.0, Max: 0, Diff: 0, Sum: 0, Workers: 4
[281.886s][debug][gc,phases      ] GC(58)     Total                          Min: 0, Avg: 2575.0, Max: 4412, Diff: 4412, Sum: 10300, Workers: 4
[281.886s][debug][gc,phases      ] GC(58)   JNI Weak                       Min:  0.0, Avg:  0.0, Max:  0.0, Diff:  0.0, Sum:  0.0, Workers: 4
[281.886s][debug][gc,phases      ] GC(58)     Dead                           Min: 0, Avg:  0.0, Max: 0, Diff: 0, Sum: 0, Workers: 4
[281.886s][debug][gc,phases      ] GC(58)     Total                          Min: 0, Avg: 11.2, Max: 45, Diff: 45, Sum: 45, Workers: 4
[281.886s][debug][gc,phases      ] GC(58)   StringDedup Table Weak         Min:  0.0, Avg:  0.0, Max:  0.0, Diff:  0.0, Sum:  0.0, Workers: 4
[281.886s][debug][gc,phases      ] GC(58)     Dead                           Min: 0, Avg:  0.0, Max: 0, Diff: 0, Sum: 0, Workers: 4
[281.886s][debug][gc,phases      ] GC(58)     Total                          Min: 0, Avg:  0.0, Max: 0, Diff: 0, Sum: 0, Workers: 4
[281.886s][debug][gc,phases      ] GC(58)   StringDedup Requests0 Weak     Min:  0.0, Avg:  0.0, Max:  0.0, Diff:  0.0, Sum:  0.0, Workers: 4
[281.886s][debug][gc,phases      ] GC(58)     Dead                           Min: 0, Avg:  0.0, Max: 0, Diff: 0, Sum: 0, Workers: 4
[281.886s][debug][gc,phases      ] GC(58)     Total                          Min: 0, Avg:  0.0, Max: 0, Diff: 0, Sum: 0, Workers: 4
[281.886s][debug][gc,phases      ] GC(58)   StringDedup Requests1 Weak     Min:  0.0, Avg:  0.0, Max:  0.0, Diff:  0.0, Sum:  0.0, Workers: 4
[281.886s][debug][gc,phases      ] GC(58)     Dead                           Min: 0, Avg:  0.0, Max: 0, Diff: 0, Sum: 0, Workers: 4
[281.886s][debug][gc,phases      ] GC(58)     Total                          Min: 0, Avg:  0.0, Max: 0, Diff: 0, Sum: 0, Workers: 4
[281.886s][debug][gc,phases      ] GC(58)   Weak JFR Old Object Samples    Min:  0.0, Avg:  0.0, Max:  0.0, Diff:  0.0, Sum:  0.0, Workers: 4
[281.886s][debug][gc,phases      ] GC(58)     Dead                           Min: 0, Avg:  0.0, Max: 0, Diff: 0, Sum: 0, Workers: 4
[281.886s][debug][gc,phases      ] GC(58)     Total                          Min: 0, Avg:  0.0, Max: 0, Diff: 0, Sum: 0, Workers: 4
[281.886s][debug][gc,phases      ] GC(58) Weak Processing 0.342ms
[281.886s][debug][gc,age         ] GC(58) Desired survivor size 132644864 bytes, new threshold 15 (max threshold 15)
[281.886s][info ][gc,heap        ] GC(58) PSYoungGen: 1839664K(1965056K)->5184K(1967616K) Eden: 1834496K(1834496K)->0K(1837056K) From: 5168K(130560K)->5184K(130560K)
[281.886s][info ][gc,heap        ] GC(58) ParOldGen: 278608K(351232K)->278640K(351232K)
[281.886s][info ][gc,metaspace   ] GC(58) Metaspace: 84001K(84928K)->84001K(84928K) NonClass: 71636K(72128K)->71636K(72128K) Class: 12365K(12800K)->12365K(12800K)
[281.886s][info ][gc             ] GC(58) Pause Young (Allocation Failure) 2068M->277M(2264M) 4.382ms
[281.886s][info ][gc,cpu         ] GC(58) User=0.02s Sys=0.00s Real=0.00s
[281.886s][info ][safepoint      ] Safepoint "ParallelGCFailedAllocation", Time since last: 1396752740 ns, Reaching safepoint: 4200 ns, Cleanup: 2700 ns, At safepoint: 4442490 ns, Total: 4449390 ns
[285.886s][info ][safepoint      ] Safepoint "Cleanup", Time since last: 4000283235 ns, Reaching safepoint: 72400 ns, Cleanup: 14900 ns, At safepoint: 4800 ns, Total: 92100 ns
[286.236s][info ][gc,start       ] GC(59) Pause Young (Allocation Failure)
[286.241s][debug][gc,phases      ] GC(59) Scavenge 4.813ms
[286.241s][debug][gc,ref         ] GC(59) Skipped phase 1 of Reference Processing: no references
[286.241s][debug][gc,ref         ] GC(59) ReferenceProcessor::execute queues: 1, RefProcThreadModel::Single, marks_oops_alive: false
[286.241s][debug][gc,ref         ] GC(59) Skipped phase 3 of Reference Processing: no references
[286.241s][debug][gc,ref         ] GC(59) ReferenceProcessor::execute queues: 1, RefProcThreadModel::Single, marks_oops_alive: false
[286.241s][debug][gc,phases      ] GC(59) Reference Processing 0.096ms
[286.242s][debug][gc,phases      ] GC(59)   VM Weak                        Min:  0.0, Avg:  0.0, Max:  0.0, Diff:  0.0, Sum:  0.0, Workers: 4
[286.242s][debug][gc,phases      ] GC(59)     Dead                           Min: 0, Avg:  0.0, Max: 0, Diff: 0, Sum: 0, Workers: 4
[286.242s][debug][gc,phases      ] GC(59)     Total                          Min: 0, Avg: 182.0, Max: 344, Diff: 344, Sum: 728, Workers: 4
[286.242s][debug][gc,phases      ] GC(59)   ObjectSynchronizer Weak        Min:  0.0, Avg:  0.0, Max:  0.0, Diff:  0.0, Sum:  0.0, Workers: 4
[286.242s][debug][gc,phases      ] GC(59)     Dead                           Min: 0, Avg:  0.0, Max: 0, Diff: 0, Sum: 0, Workers: 4
[286.242s][debug][gc,phases      ] GC(59)     Total                          Min: 0, Avg:  1.2, Max: 5, Diff: 5, Sum: 5, Workers: 4
[286.242s][debug][gc,phases      ] GC(59)   JVMTI Tag Weak OopStorage      Min:  0.0, Avg:  0.0, Max:  0.0, Diff:  0.0, Sum:  0.0, Workers: 4
[286.242s][debug][gc,phases      ] GC(59)     Dead                           Min: 0, Avg:  0.0, Max: 0, Diff: 0, Sum: 0, Workers: 4
[286.242s][debug][gc,phases      ] GC(59)     Total                          Min: 0, Avg:  0.0, Max: 0, Diff: 0, Sum: 0, Workers: 4
[286.242s][debug][gc,phases      ] GC(59)   StringTable Weak               Min:  0.0, Avg:  0.1, Max:  0.1, Diff:  0.1, Sum:  0.4, Workers: 4
[286.242s][debug][gc,phases      ] GC(59)     Dead                           Min: 0, Avg:  0.0, Max: 0, Diff: 0, Sum: 0, Workers: 4
[286.242s][debug][gc,phases      ] GC(59)     Total                          Min: 0, Avg: 10935.5, Max: 15232, Diff: 15232, Sum: 43742, Workers: 4
[286.242s][debug][gc,phases      ] GC(59)   ResolvedMethodTable Weak       Min:  0.0, Avg:  0.0, Max:  0.0, Diff:  0.0, Sum:  0.1, Workers: 4
[286.242s][debug][gc,phases      ] GC(59)     Dead                           Min: 0, Avg:  0.0, Max: 0, Diff: 0, Sum: 0, Workers: 4
[286.242s][debug][gc,phases      ] GC(59)     Total                          Min: 0, Avg: 2575.0, Max: 3583, Diff: 3583, Sum: 10300, Workers: 4
[286.242s][debug][gc,phases      ] GC(59)   JNI Weak                       Min:  0.0, Avg:  0.0, Max:  0.0, Diff:  0.0, Sum:  0.0, Workers: 4
[286.242s][debug][gc,phases      ] GC(59)     Dead                           Min: 0, Avg:  0.0, Max: 0, Diff: 0, Sum: 0, Workers: 4
[286.242s][debug][gc,phases      ] GC(59)     Total                          Min: 0, Avg: 11.2, Max: 45, Diff: 45, Sum: 45, Workers: 4
[286.242s][debug][gc,phases      ] GC(59)   StringDedup Table Weak         Min:  0.0, Avg:  0.0, Max:  0.0, Diff:  0.0, Sum:  0.0, Workers: 4
[286.242s][debug][gc,phases      ] GC(59)     Dead                           Min: 0, Avg:  0.0, Max: 0, Diff: 0, Sum: 0, Workers: 4
[286.242s][debug][gc,phases      ] GC(59)     Total                          Min: 0, Avg:  0.0, Max: 0, Diff: 0, Sum: 0, Workers: 4
[286.242s][debug][gc,phases      ] GC(59)   StringDedup Requests0 Weak     Min:  0.0, Avg:  0.0, Max:  0.0, Diff:  0.0, Sum:  0.0, Workers: 4
[286.242s][debug][gc,phases      ] GC(59)     Dead                           Min: 0, Avg:  0.0, Max: 0, Diff: 0, Sum: 0, Workers: 4
[286.242s][debug][gc,phases      ] GC(59)     Total                          Min: 0, Avg:  0.0, Max: 0, Diff: 0, Sum: 0, Workers: 4
[286.242s][debug][gc,phases      ] GC(59)   StringDedup Requests1 Weak     Min:  0.0, Avg:  0.0, Max:  0.0, Diff:  0.0, Sum:  0.0, Workers: 4
[286.242s][debug][gc,phases      ] GC(59)     Dead                           Min: 0, Avg:  0.0, Max: 0, Diff: 0, Sum: 0, Workers: 4
[286.242s][debug][gc,phases      ] GC(59)     Total                          Min: 0, Avg:  0.0, Max: 0, Diff: 0, Sum: 0, Workers: 4
[286.242s][debug][gc,phases      ] GC(59)   Weak JFR Old Object Samples    Min:  0.0, Avg:  0.0, Max:  0.0, Diff:  0.0, Sum:  0.0, Workers: 4
[286.242s][debug][gc,phases      ] GC(59)     Dead                           Min: 0, Avg:  0.0, Max: 0, Diff: 0, Sum: 0, Workers: 4
[286.242s][debug][gc,phases      ] GC(59)     Total                          Min: 0, Avg:  0.0, Max: 0, Diff: 0, Sum: 0, Workers: 4
[286.242s][debug][gc,phases      ] GC(59) Weak Processing 0.373ms
[286.242s][debug][gc,age         ] GC(59) Desired survivor size 130547712 bytes, new threshold 15 (max threshold 15)
[286.242s][info ][gc,heap        ] GC(59) PSYoungGen: 1842240K(1967616K)->4896K(1966592K) Eden: 1837056K(1837056K)->0K(1837056K) From: 5184K(130560K)->4896K(129536K)
[286.242s][info ][gc,heap        ] GC(59) ParOldGen: 278640K(351232K)->279096K(351232K)
[286.242s][info ][gc,metaspace   ] GC(59) Metaspace: 84006K(84928K)->84006K(84928K) NonClass: 71641K(72128K)->71641K(72128K) Class: 12365K(12800K)->12365K(12800K)
[286.242s][info ][gc             ] GC(59) Pause Young (Allocation Failure) 2071M->277M(2263M) 5.374ms
[286.242s][info ][gc,cpu         ] GC(59) User=0.01s Sys=0.00s Real=0.01s
[286.242s][info ][safepoint      ] Safepoint "ParallelGCFailedAllocation", Time since last: 350067925 ns, Reaching safepoint: 4000 ns, Cleanup: 3900 ns, At safepoint: 5445488 ns, Total: 5453388 ns
[287.242s][info ][safepoint      ] Safepoint "Cleanup", Time since last: 1000083672 ns, Reaching safepoint: 4100 ns, Cleanup: 10700 ns, At safepoint: 2000 ns, Total: 16800 ns
[290.242s][info ][safepoint      ] Safepoint "Cleanup", Time since last: 3000261916 ns, Reaching safepoint: 79500 ns, Cleanup: 10000 ns, At safepoint: 5400 ns, Total: 94900 ns
[290.476s][info ][gc,start       ] GC(60) Pause Young (Allocation Failure)
[290.486s][debug][gc,phases      ] GC(60) Scavenge 10.450ms
[290.486s][debug][gc,ref         ] GC(60) Skipped phase 1 of Reference Processing: no references
[290.486s][debug][gc,ref         ] GC(60) ReferenceProcessor::execute queues: 1, RefProcThreadModel::Single, marks_oops_alive: false
[290.486s][debug][gc,ref         ] GC(60) Skipped phase 3 of Reference Processing: no references
[290.486s][debug][gc,ref         ] GC(60) ReferenceProcessor::execute queues: 1, RefProcThreadModel::Single, marks_oops_alive: false
[290.486s][debug][gc,phases      ] GC(60) Reference Processing 0.095ms
[290.486s][debug][gc,phases      ] GC(60)   VM Weak                        Min:  0.0, Avg:  0.0, Max:  0.0, Diff:  0.0, Sum:  0.0, Workers: 4
[290.486s][debug][gc,phases      ] GC(60)     Dead                           Min: 0, Avg:  0.0, Max: 0, Diff: 0, Sum: 0, Workers: 4
[290.486s][debug][gc,phases      ] GC(60)     Total                          Min: 0, Avg: 182.0, Max: 728, Diff: 728, Sum: 728, Workers: 4
[290.486s][debug][gc,phases      ] GC(60)   ObjectSynchronizer Weak        Min:  0.0, Avg:  0.0, Max:  0.0, Diff:  0.0, Sum:  0.0, Workers: 4
[290.486s][debug][gc,phases      ] GC(60)     Dead                           Min: 0, Avg:  0.0, Max: 0, Diff: 0, Sum: 0, Workers: 4
[290.486s][debug][gc,phases      ] GC(60)     Total                          Min: 0, Avg:  1.2, Max: 5, Diff: 5, Sum: 5, Workers: 4
[290.486s][debug][gc,phases      ] GC(60)   JVMTI Tag Weak OopStorage      Min:  0.0, Avg:  0.0, Max:  0.0, Diff:  0.0, Sum:  0.0, Workers: 4
[290.486s][debug][gc,phases      ] GC(60)     Dead                           Min: 0, Avg:  0.0, Max: 0, Diff: 0, Sum: 0, Workers: 4
[290.486s][debug][gc,phases      ] GC(60)     Total                          Min: 0, Avg:  0.0, Max: 0, Diff: 0, Sum: 0, Workers: 4
[290.486s][debug][gc,phases      ] GC(60)   StringTable Weak               Min:  0.0, Avg:  0.1, Max:  0.1, Diff:  0.1, Sum:  0.4, Workers: 4
[290.486s][debug][gc,phases      ] GC(60)     Dead                           Min: 0, Avg:  0.0, Max: 0, Diff: 0, Sum: 0, Workers: 4
[290.486s][debug][gc,phases      ] GC(60)     Total                          Min: 0, Avg: 10935.5, Max: 19390, Diff: 19390, Sum: 43742, Workers: 4
[290.486s][debug][gc,phases      ] GC(60)   ResolvedMethodTable Weak       Min:  0.0, Avg:  0.0, Max:  0.0, Diff:  0.0, Sum:  0.1, Workers: 4
[290.486s][debug][gc,phases      ] GC(60)     Dead                           Min: 0, Avg:  0.0, Max: 0, Diff: 0, Sum: 0, Workers: 4
[290.486s][debug][gc,phases      ] GC(60)     Total                          Min: 0, Avg: 2575.0, Max: 4541, Diff: 4541, Sum: 10300, Workers: 4
[290.486s][debug][gc,phases      ] GC(60)   JNI Weak                       Min:  0.0, Avg:  0.0, Max:  0.0, Diff:  0.0, Sum:  0.0, Workers: 4
[290.486s][debug][gc,phases      ] GC(60)     Dead                           Min: 0, Avg:  0.0, Max: 0, Diff: 0, Sum: 0, Workers: 4
[290.486s][debug][gc,phases      ] GC(60)     Total                          Min: 0, Avg: 11.2, Max: 45, Diff: 45, Sum: 45, Workers: 4
[290.486s][debug][gc,phases      ] GC(60)   StringDedup Table Weak         Min:  0.0, Avg:  0.0, Max:  0.0, Diff:  0.0, Sum:  0.0, Workers: 4
[290.486s][debug][gc,phases      ] GC(60)     Dead                           Min: 0, Avg:  0.0, Max: 0, Diff: 0, Sum: 0, Workers: 4
[290.486s][debug][gc,phases      ] GC(60)     Total                          Min: 0, Avg:  0.0, Max: 0, Diff: 0, Sum: 0, Workers: 4
[290.486s][debug][gc,phases      ] GC(60)   StringDedup Requests0 Weak     Min:  0.0, Avg:  0.0, Max:  0.0, Diff:  0.0, Sum:  0.0, Workers: 4
[290.486s][debug][gc,phases      ] GC(60)     Dead                           Min: 0, Avg:  0.0, Max: 0, Diff: 0, Sum: 0, Workers: 4
[290.486s][debug][gc,phases      ] GC(60)     Total                          Min: 0, Avg:  0.0, Max: 0, Diff: 0, Sum: 0, Workers: 4
[290.486s][debug][gc,phases      ] GC(60)   StringDedup Requests1 Weak     Min:  0.0, Avg:  0.0, Max:  0.0, Diff:  0.0, Sum:  0.0, Workers: 4
[290.486s][debug][gc,phases      ] GC(60)     Dead                           Min: 0, Avg:  0.0, Max: 0, Diff: 0, Sum: 0, Workers: 4
[290.486s][debug][gc,phases      ] GC(60)     Total                          Min: 0, Avg:  0.0, Max: 0, Diff: 0, Sum: 0, Workers: 4
[290.486s][debug][gc,phases      ] GC(60)   Weak JFR Old Object Samples    Min:  0.0, Avg:  0.0, Max:  0.0, Diff:  0.0, Sum:  0.0, Workers: 4
[290.486s][debug][gc,phases      ] GC(60)     Dead                           Min: 0, Avg:  0.0, Max: 0, Diff: 0, Sum: 0, Workers: 4
[290.486s][debug][gc,phases      ] GC(60)     Total                          Min: 0, Avg:  0.0, Max: 0, Diff: 0, Sum: 0, Workers: 4
[290.486s][debug][gc,phases      ] GC(60) Weak Processing 0.337ms
[290.486s][debug][gc,age         ] GC(60) Desired survivor size 123731968 bytes, new threshold 15 (max threshold 15)
[290.487s][info ][gc,heap        ] GC(60) PSYoungGen: 1841952K(1966592K)->25760K(1976320K) Eden: 1837056K(1837056K)->0K(1848832K) From: 4896K(129536K)->25760K(127488K)
[290.487s][info ][gc,heap        ] GC(60) ParOldGen: 279096K(351232K)->279120K(351232K)
[290.487s][info ][gc,metaspace   ] GC(60) Metaspace: 84007K(84928K)->84007K(84928K) NonClass: 71642K(72128K)->71642K(72128K) Class: 12365K(12800K)->12365K(12800K)
[290.487s][info ][gc             ] GC(60) Pause Young (Allocation Failure) 2071M->297M(2273M) 10.989ms
[290.487s][info ][gc,cpu         ] GC(60) User=0.04s Sys=0.00s Real=0.01s
[290.487s][info ][safepoint      ] Safepoint "ParallelGCFailedAllocation", Time since last: 233192180 ns, Reaching safepoint: 76400 ns, Cleanup: 11400 ns, At safepoint: 11061776 ns, Total: 11149576 ns
[292.487s][info ][safepoint      ] Safepoint "Cleanup", Time since last: 2000153644 ns, Reaching safepoint: 5100 ns, Cleanup: 9900 ns, At safepoint: 2400 ns, Total: 17400 ns
[294.492s][info ][safepoint      ] Safepoint "Cleanup", Time since last: 2005039340 ns, Reaching safepoint: 74500 ns, Cleanup: 24100 ns, At safepoint: 8300 ns, Total: 106900 ns
[295.492s][info ][safepoint      ] Safepoint "Cleanup", Time since last: 1000109888 ns, Reaching safepoint: 74600 ns, Cleanup: 24800 ns, At safepoint: 10300 ns, Total: 109700 ns
[296.492s][info ][safepoint      ] Safepoint "Cleanup", Time since last: 1000068987 ns, Reaching safepoint: 4700 ns, Cleanup: 12600 ns, At safepoint: 2300 ns, Total: 19600 ns
[298.980s][info ][gc,start       ] GC(61) Pause Young (Allocation Failure)
[299.003s][debug][gc,phases      ] GC(61) Scavenge 22.394ms
[299.003s][debug][gc,ref         ] GC(61) Skipped phase 1 of Reference Processing: no references
[299.003s][debug][gc,ref         ] GC(61) ReferenceProcessor::execute queues: 1, RefProcThreadModel::Single, marks_oops_alive: false
[299.003s][debug][gc,ref         ] GC(61) Skipped phase 3 of Reference Processing: no references
[299.003s][debug][gc,ref         ] GC(61) ReferenceProcessor::execute queues: 1, RefProcThreadModel::Single, marks_oops_alive: false
[299.003s][debug][gc,phases      ] GC(61) Reference Processing 0.100ms
[299.003s][debug][gc,phases      ] GC(61)   VM Weak                        Min:  0.0, Avg:  0.0, Max:  0.0, Diff:  0.0, Sum:  0.0, Workers: 4
[299.003s][debug][gc,phases      ] GC(61)     Dead                           Min: 0, Avg:  0.0, Max: 0, Diff: 0, Sum: 0, Workers: 4
[299.003s][debug][gc,phases      ] GC(61)     Total                          Min: 0, Avg: 182.0, Max: 384, Diff: 384, Sum: 728, Workers: 4
[299.003s][debug][gc,phases      ] GC(61)   ObjectSynchronizer Weak        Min:  0.0, Avg:  0.0, Max:  0.0, Diff:  0.0, Sum:  0.0, Workers: 4
[299.003s][debug][gc,phases      ] GC(61)     Dead                           Min: 0, Avg:  0.0, Max: 0, Diff: 0, Sum: 0, Workers: 4
[299.003s][debug][gc,phases      ] GC(61)     Total                          Min: 0, Avg:  1.2, Max: 5, Diff: 5, Sum: 5, Workers: 4
[299.003s][debug][gc,phases      ] GC(61)   JVMTI Tag Weak OopStorage      Min:  0.0, Avg:  0.0, Max:  0.0, Diff:  0.0, Sum:  0.0, Workers: 4
[299.003s][debug][gc,phases      ] GC(61)     Dead                           Min: 0, Avg:  0.0, Max: 0, Diff: 0, Sum: 0, Workers: 4
[299.003s][debug][gc,phases      ] GC(61)     Total                          Min: 0, Avg:  0.0, Max: 0, Diff: 0, Sum: 0, Workers: 4
[299.003s][debug][gc,phases      ] GC(61)   StringTable Weak               Min:  0.0, Avg:  0.1, Max:  0.1, Diff:  0.1, Sum:  0.4, Workers: 4
[299.003s][debug][gc,phases      ] GC(61)     Dead                           Min: 0, Avg:  0.0, Max: 0, Diff: 0, Sum: 0, Workers: 4
[299.003s][debug][gc,phases      ] GC(61)     Total                          Min: 0, Avg: 10935.5, Max: 18336, Diff: 18336, Sum: 43742, Workers: 4
[299.003s][debug][gc,phases      ] GC(61)   ResolvedMethodTable Weak       Min:  0.0, Avg:  0.0, Max:  0.0, Diff:  0.0, Sum:  0.1, Workers: 4
[299.003s][debug][gc,phases      ] GC(61)     Dead                           Min: 0, Avg:  0.0, Max: 0, Diff: 0, Sum: 0, Workers: 4
[299.003s][debug][gc,phases      ] GC(61)     Total                          Min: 0, Avg: 2575.0, Max: 4413, Diff: 4413, Sum: 10300, Workers: 4
[299.003s][debug][gc,phases      ] GC(61)   JNI Weak                       Min:  0.0, Avg:  0.0, Max:  0.0, Diff:  0.0, Sum:  0.0, Workers: 4
[299.003s][debug][gc,phases      ] GC(61)     Dead                           Min: 0, Avg:  0.0, Max: 0, Diff: 0, Sum: 0, Workers: 4
[299.003s][debug][gc,phases      ] GC(61)     Total                          Min: 0, Avg: 11.2, Max: 45, Diff: 45, Sum: 45, Workers: 4
[299.003s][debug][gc,phases      ] GC(61)   StringDedup Table Weak         Min:  0.0, Avg:  0.0, Max:  0.0, Diff:  0.0, Sum:  0.0, Workers: 4
[299.003s][debug][gc,phases      ] GC(61)     Dead                           Min: 0, Avg:  0.0, Max: 0, Diff: 0, Sum: 0, Workers: 4
[299.003s][debug][gc,phases      ] GC(61)     Total                          Min: 0, Avg:  0.0, Max: 0, Diff: 0, Sum: 0, Workers: 4
[299.003s][debug][gc,phases      ] GC(61)   StringDedup Requests0 Weak     Min:  0.0, Avg:  0.0, Max:  0.0, Diff:  0.0, Sum:  0.0, Workers: 4
[299.003s][debug][gc,phases      ] GC(61)     Dead                           Min: 0, Avg:  0.0, Max: 0, Diff: 0, Sum: 0, Workers: 4
[299.003s][debug][gc,phases      ] GC(61)     Total                          Min: 0, Avg:  0.0, Max: 0, Diff: 0, Sum: 0, Workers: 4
[299.003s][debug][gc,phases      ] GC(61)   StringDedup Requests1 Weak     Min:  0.0, Avg:  0.0, Max:  0.0, Diff:  0.0, Sum:  0.0, Workers: 4
[299.003s][debug][gc,phases      ] GC(61)     Dead                           Min: 0, Avg:  0.0, Max: 0, Diff: 0, Sum: 0, Workers: 4
[299.003s][debug][gc,phases      ] GC(61)     Total                          Min: 0, Avg:  0.0, Max: 0, Diff: 0, Sum: 0, Workers: 4
[299.003s][debug][gc,phases      ] GC(61)   Weak JFR Old Object Samples    Min:  0.0, Avg:  0.0, Max:  0.0, Diff:  0.0, Sum:  0.0, Workers: 4
[299.003s][debug][gc,phases      ] GC(61)     Dead                           Min: 0, Avg:  0.0, Max: 0, Diff: 0, Sum: 0, Workers: 4
[299.003s][debug][gc,phases      ] GC(61)     Total                          Min: 0, Avg:  0.0, Max: 0, Diff: 0, Sum: 0, Workers: 4
[299.003s][debug][gc,phases      ] GC(61) Weak Processing 0.351ms
[299.003s][debug][gc,age         ] GC(61) Desired survivor size 120586240 bytes, new threshold 15 (max threshold 15)
[299.003s][info ][gc,heap        ] GC(61) PSYoungGen: 1874592K(1976320K)->52336K(1969664K) Eden: 1848832K(1848832K)->0K(1848832K) From: 25760K(127488K)->52336K(120832K)
[299.003s][info ][gc,heap        ] GC(61) ParOldGen: 279120K(351232K)->279152K(351232K)
[299.003s][info ][gc,metaspace   ] GC(61) Metaspace: 84038K(84928K)->84038K(84928K) NonClass: 71673K(72128K)->71673K(72128K) Class: 12365K(12800K)->12365K(12800K)
[299.003s][info ][gc             ] GC(61) Pause Young (Allocation Failure) 2103M->323M(2266M) 22.960ms
[299.003s][info ][gc,cpu         ] GC(61) User=0.07s Sys=0.00s Real=0.02s
[299.003s][info ][safepoint      ] Safepoint "ParallelGCFailedAllocation", Time since last: 2487773697 ns, Reaching safepoint: 67400 ns, Cleanup: 4400 ns, At safepoint: 23032449 ns, Total: 23104249 ns
[300.003s][info ][safepoint      ] Safepoint "Cleanup", Time since last: 1000085188 ns, Reaching safepoint: 6400 ns, Cleanup: 22100 ns, At safepoint: 7100 ns, Total: 35600 ns
[301.106s][info ][safepoint      ] Safepoint "Cleanup", Time since last: 1103041560 ns, Reaching safepoint: 4800 ns, Cleanup: 26999 ns, At safepoint: 2500 ns, Total: 34299 ns
[303.106s][info ][safepoint      ] Safepoint "Cleanup", Time since last: 2000175470 ns, Reaching safepoint: 4400 ns, Cleanup: 11300 ns, At safepoint: 2200 ns, Total: 17900 ns
[303.629s][info ][gc,start       ] GC(62) Pause Young (Allocation Failure)
[303.634s][debug][gc,phases      ] GC(62) Scavenge 5.115ms
[303.634s][debug][gc,ref         ] GC(62) Skipped phase 1 of Reference Processing: no references
[303.634s][debug][gc,ref         ] GC(62) ReferenceProcessor::execute queues: 1, RefProcThreadModel::Single, marks_oops_alive: false
[303.634s][debug][gc,ref         ] GC(62) Skipped phase 3 of Reference Processing: no references
[303.634s][debug][gc,ref         ] GC(62) ReferenceProcessor::execute queues: 1, RefProcThreadModel::Single, marks_oops_alive: false
[303.634s][debug][gc,phases      ] GC(62) Reference Processing 0.101ms
[303.634s][debug][gc,phases      ] GC(62)   VM Weak                        Min:  0.0, Avg:  0.0, Max:  0.0, Diff:  0.0, Sum:  0.0, Workers: 4
[303.634s][debug][gc,phases      ] GC(62)     Dead                           Min: 0, Avg:  0.0, Max: 0, Diff: 0, Sum: 0, Workers: 4
[303.634s][debug][gc,phases      ] GC(62)     Total                          Min: 0, Avg: 182.0, Max: 728, Diff: 728, Sum: 728, Workers: 4
[303.634s][debug][gc,phases      ] GC(62)   ObjectSynchronizer Weak        Min:  0.0, Avg:  0.0, Max:  0.0, Diff:  0.0, Sum:  0.0, Workers: 4
[303.634s][debug][gc,phases      ] GC(62)     Dead                           Min: 0, Avg:  0.0, Max: 0, Diff: 0, Sum: 0, Workers: 4
[303.634s][debug][gc,phases      ] GC(62)     Total                          Min: 0, Avg:  1.5, Max: 6, Diff: 6, Sum: 6, Workers: 4
[303.634s][debug][gc,phases      ] GC(62)   JVMTI Tag Weak OopStorage      Min:  0.0, Avg:  0.0, Max:  0.0, Diff:  0.0, Sum:  0.0, Workers: 4
[303.634s][debug][gc,phases      ] GC(62)     Dead                           Min: 0, Avg:  0.0, Max: 0, Diff: 0, Sum: 0, Workers: 4
[303.635s][debug][gc,phases      ] GC(62)     Total                          Min: 0, Avg:  0.0, Max: 0, Diff: 0, Sum: 0, Workers: 4
[303.635s][debug][gc,phases      ] GC(62)   StringTable Weak               Min:  0.0, Avg:  0.1, Max:  0.1, Diff:  0.1, Sum:  0.4, Workers: 4
[303.635s][debug][gc,phases      ] GC(62)     Dead                           Min: 0, Avg:  0.0, Max: 0, Diff: 0, Sum: 0, Workers: 4
[303.635s][debug][gc,phases      ] GC(62)     Total                          Min: 0, Avg: 10935.5, Max: 17919, Diff: 17919, Sum: 43742, Workers: 4
[303.635s][debug][gc,phases      ] GC(62)   ResolvedMethodTable Weak       Min:  0.0, Avg:  0.0, Max:  0.0, Diff:  0.0, Sum:  0.1, Workers: 4
[303.635s][debug][gc,phases      ] GC(62)     Dead                           Min: 0, Avg:  0.2, Max: 1, Diff: 1, Sum: 1, Workers: 4
[303.635s][debug][gc,phases      ] GC(62)     Total                          Min: 0, Avg: 2575.0, Max: 4544, Diff: 4544, Sum: 10300, Workers: 4
[303.635s][debug][gc,phases      ] GC(62)   JNI Weak                       Min:  0.0, Avg:  0.0, Max:  0.0, Diff:  0.0, Sum:  0.0, Workers: 4
[303.635s][debug][gc,phases      ] GC(62)     Dead                           Min: 0, Avg:  0.0, Max: 0, Diff: 0, Sum: 0, Workers: 4
[303.635s][debug][gc,phases      ] GC(62)     Total                          Min: 0, Avg: 11.2, Max: 45, Diff: 45, Sum: 45, Workers: 4
[303.635s][debug][gc,phases      ] GC(62)   StringDedup Table Weak         Min:  0.0, Avg:  0.0, Max:  0.0, Diff:  0.0, Sum:  0.0, Workers: 4
[303.635s][debug][gc,phases      ] GC(62)     Dead                           Min: 0, Avg:  0.0, Max: 0, Diff: 0, Sum: 0, Workers: 4
[303.635s][debug][gc,phases      ] GC(62)     Total                          Min: 0, Avg:  0.0, Max: 0, Diff: 0, Sum: 0, Workers: 4
[303.635s][debug][gc,phases      ] GC(62)   StringDedup Requests0 Weak     Min:  0.0, Avg:  0.0, Max:  0.0, Diff:  0.0, Sum:  0.0, Workers: 4
[303.635s][debug][gc,phases      ] GC(62)     Dead                           Min: 0, Avg:  0.0, Max: 0, Diff: 0, Sum: 0, Workers: 4
[303.635s][debug][gc,phases      ] GC(62)     Total                          Min: 0, Avg:  0.0, Max: 0, Diff: 0, Sum: 0, Workers: 4
[303.635s][debug][gc,phases      ] GC(62)   StringDedup Requests1 Weak     Min:  0.0, Avg:  0.0, Max:  0.0, Diff:  0.0, Sum:  0.0, Workers: 4
[303.635s][debug][gc,phases      ] GC(62)     Dead                           Min: 0, Avg:  0.0, Max: 0, Diff: 0, Sum: 0, Workers: 4
[303.635s][debug][gc,phases      ] GC(62)     Total                          Min: 0, Avg:  0.0, Max: 0, Diff: 0, Sum: 0, Workers: 4
[303.635s][debug][gc,phases      ] GC(62)   Weak JFR Old Object Samples    Min:  0.0, Avg:  0.0, Max:  0.0, Diff:  0.0, Sum:  0.0, Workers: 4
[303.635s][debug][gc,phases      ] GC(62)     Dead                           Min: 0, Avg:  0.0, Max: 0, Diff: 0, Sum: 0, Workers: 4
[303.635s][debug][gc,phases      ] GC(62)     Total                          Min: 0, Avg:  0.0, Max: 0, Diff: 0, Sum: 0, Workers: 4
[303.635s][debug][gc,phases      ] GC(62) Weak Processing 0.335ms
[303.635s][debug][gc,age         ] GC(62) Desired survivor size 119013376 bytes, new threshold 15 (max threshold 15)
[303.635s][info ][gc,heap        ] GC(62) PSYoungGen: 1901168K(1969664K)->2160K(1980928K) Eden: 1848832K(1848832K)->0K(1863168K) From: 52336K(120832K)->2160K(117760K)
[303.635s][info ][gc,heap        ] GC(62) ParOldGen: 279152K(351232K)->279320K(351232K)
[303.635s][info ][gc,metaspace   ] GC(62) Metaspace: 84055K(84928K)->84055K(84928K) NonClass: 71690K(72128K)->71690K(72128K) Class: 12365K(12800K)->12365K(12800K)
[303.635s][info ][gc             ] GC(62) Pause Young (Allocation Failure) 2129M->274M(2277M) 5.652ms
[303.635s][info ][gc,cpu         ] GC(62) User=0.02s Sys=0.00s Real=0.01s
[303.635s][info ][safepoint      ] Safepoint "ParallelGCFailedAllocation", Time since last: 522481242 ns, Reaching safepoint: 4700 ns, Cleanup: 3900 ns, At safepoint: 5720987 ns, Total: 5729587 ns
[304.635s][info ][safepoint      ] Safepoint "Cleanup", Time since last: 1000075583 ns, Reaching safepoint: 71900 ns, Cleanup: 13600 ns, At safepoint: 5200 ns, Total: 90700 ns
[306.635s][info ][safepoint      ] Safepoint "Cleanup", Time since last: 2000175965 ns, Reaching safepoint: 4600 ns, Cleanup: 10500 ns, At safepoint: 2300 ns, Total: 17400 ns
[307.635s][info ][safepoint      ] Safepoint "Cleanup", Time since last: 1000103683 ns, Reaching safepoint: 4400 ns, Cleanup: 10000 ns, At safepoint: 2000 ns, Total: 16400 ns
[308.635s][info ][safepoint      ] Safepoint "Cleanup", Time since last: 1000107083 ns, Reaching safepoint: 4700 ns, Cleanup: 14200 ns, At safepoint: 2200 ns, Total: 21100 ns
[310.530s][info ][gc,start       ] GC(63) Pause Young (Allocation Failure)
[310.551s][debug][gc,phases      ] GC(63) Scavenge 21.185ms
[310.551s][debug][gc,ref         ] GC(63) Skipped phase 1 of Reference Processing: no references
[310.551s][debug][gc,ref         ] GC(63) ReferenceProcessor::execute queues: 1, RefProcThreadModel::Single, marks_oops_alive: false
[310.551s][debug][gc,ref         ] GC(63) ReferenceProcessor::execute queues: 4, RefProcThreadModel::Multi, marks_oops_alive: true
[310.552s][debug][gc,ref         ] GC(63) ReferenceProcessor::execute queues: 1, RefProcThreadModel::Single, marks_oops_alive: false
[310.552s][debug][gc,phases      ] GC(63) Reference Processing 0.204ms
[310.552s][debug][gc,phases      ] GC(63)   VM Weak                        Min:  0.0, Avg:  0.0, Max:  0.0, Diff:  0.0, Sum:  0.0, Workers: 4
[310.552s][debug][gc,phases      ] GC(63)     Dead                           Min: 0, Avg:  0.0, Max: 0, Diff: 0, Sum: 0, Workers: 4
[310.552s][debug][gc,phases      ] GC(63)     Total                          Min: 0, Avg: 182.0, Max: 384, Diff: 384, Sum: 728, Workers: 4
[310.552s][debug][gc,phases      ] GC(63)   ObjectSynchronizer Weak        Min:  0.0, Avg:  0.0, Max:  0.0, Diff:  0.0, Sum:  0.0, Workers: 4
[310.552s][debug][gc,phases      ] GC(63)     Dead                           Min: 0, Avg:  0.0, Max: 0, Diff: 0, Sum: 0, Workers: 4
[310.552s][debug][gc,phases      ] GC(63)     Total                          Min: 0, Avg:  1.5, Max: 6, Diff: 6, Sum: 6, Workers: 4
[310.552s][debug][gc,phases      ] GC(63)   JVMTI Tag Weak OopStorage      Min:  0.0, Avg:  0.0, Max:  0.0, Diff:  0.0, Sum:  0.0, Workers: 4
[310.552s][debug][gc,phases      ] GC(63)     Dead                           Min: 0, Avg:  0.0, Max: 0, Diff: 0, Sum: 0, Workers: 4
[310.552s][debug][gc,phases      ] GC(63)     Total                          Min: 0, Avg:  0.0, Max: 0, Diff: 0, Sum: 0, Workers: 4
[310.552s][debug][gc,phases      ] GC(63)   StringTable Weak               Min:  0.0, Avg:  0.1, Max:  0.1, Diff:  0.1, Sum:  0.4, Workers: 4
[310.552s][debug][gc,phases      ] GC(63)     Dead                           Min: 0, Avg:  0.0, Max: 0, Diff: 0, Sum: 0, Workers: 4
[310.552s][debug][gc,phases      ] GC(63)     Total                          Min: 0, Avg: 10938.5, Max: 18475, Diff: 18475, Sum: 43754, Workers: 4
[310.552s][debug][gc,phases      ] GC(63)   ResolvedMethodTable Weak       Min:  0.0, Avg:  0.0, Max:  0.0, Diff:  0.0, Sum:  0.2, Workers: 4
[310.552s][debug][gc,phases      ] GC(63)     Dead                           Min: 0, Avg:  0.0, Max: 0, Diff: 0, Sum: 0, Workers: 4
[310.552s][debug][gc,phases      ] GC(63)     Total                          Min: 832, Avg: 2575.0, Max: 3390, Diff: 2558, Sum: 10300, Workers: 4
[310.552s][debug][gc,phases      ] GC(63)   JNI Weak                       Min:  0.0, Avg:  0.0, Max:  0.0, Diff:  0.0, Sum:  0.0, Workers: 4
[310.552s][debug][gc,phases      ] GC(63)     Dead                           Min: 0, Avg:  0.0, Max: 0, Diff: 0, Sum: 0, Workers: 4
[310.552s][debug][gc,phases      ] GC(63)     Total                          Min: 0, Avg: 11.2, Max: 45, Diff: 45, Sum: 45, Workers: 4
[310.552s][debug][gc,phases      ] GC(63)   StringDedup Table Weak         Min:  0.0, Avg:  0.0, Max:  0.0, Diff:  0.0, Sum:  0.0, Workers: 4
[310.552s][debug][gc,phases      ] GC(63)     Dead                           Min: 0, Avg:  0.0, Max: 0, Diff: 0, Sum: 0, Workers: 4
[310.552s][debug][gc,phases      ] GC(63)     Total                          Min: 0, Avg:  0.0, Max: 0, Diff: 0, Sum: 0, Workers: 4
[310.552s][debug][gc,phases      ] GC(63)   StringDedup Requests0 Weak     Min:  0.0, Avg:  0.0, Max:  0.0, Diff:  0.0, Sum:  0.0, Workers: 4
[310.552s][debug][gc,phases      ] GC(63)     Dead                           Min: 0, Avg:  0.0, Max: 0, Diff: 0, Sum: 0, Workers: 4
[310.552s][debug][gc,phases      ] GC(63)     Total                          Min: 0, Avg:  0.0, Max: 0, Diff: 0, Sum: 0, Workers: 4
[310.552s][debug][gc,phases      ] GC(63)   StringDedup Requests1 Weak     Min:  0.0, Avg:  0.0, Max:  0.0, Diff:  0.0, Sum:  0.0, Workers: 4
[310.552s][debug][gc,phases      ] GC(63)     Dead                           Min: 0, Avg:  0.0, Max: 0, Diff: 0, Sum: 0, Workers: 4
[310.552s][debug][gc,phases      ] GC(63)     Total                          Min: 0, Avg:  0.0, Max: 0, Diff: 0, Sum: 0, Workers: 4
[310.552s][debug][gc,phases      ] GC(63)   Weak JFR Old Object Samples    Min:  0.0, Avg:  0.0, Max:  0.0, Diff:  0.0, Sum:  0.0, Workers: 4
[310.552s][debug][gc,phases      ] GC(63)     Dead                           Min: 0, Avg:  0.0, Max: 0, Diff: 0, Sum: 0, Workers: 4
[310.552s][debug][gc,phases      ] GC(63)     Total                          Min: 0, Avg:  0.0, Max: 0, Diff: 0, Sum: 0, Workers: 4
[310.552s][debug][gc,phases      ] GC(63) Weak Processing 0.351ms
[310.552s][debug][gc,age         ] GC(63) Desired survivor size 114819072 bytes, new threshold 15 (max threshold 15)
[310.552s][info ][gc,heap        ] GC(63) PSYoungGen: 1865328K(1980928K)->46272K(1979392K) Eden: 1863168K(1863168K)->0K(1863168K) From: 2160K(117760K)->46272K(116224K)
[310.552s][info ][gc,heap        ] GC(63) ParOldGen: 279320K(351232K)->279328K(351232K)
[310.552s][info ][gc,metaspace   ] GC(63) Metaspace: 84096K(85056K)->84096K(85056K) NonClass: 71731K(72256K)->71731K(72256K) Class: 12365K(12800K)->12365K(12800K)
[310.552s][info ][gc             ] GC(63) Pause Young (Allocation Failure) 2094M->317M(2276M) 21.850ms
[310.552s][info ][gc,cpu         ] GC(63) User=0.07s Sys=0.00s Real=0.03s
[310.552s][info ][safepoint      ] Safepoint "ParallelGCFailedAllocation", Time since last: 1894715985 ns, Reaching safepoint: 75900 ns, Cleanup: 25800 ns, At safepoint: 21918450 ns, Total: 22020150 ns
[311.552s][info ][safepoint      ] Safepoint "Cleanup", Time since last: 1000084155 ns, Reaching safepoint: 5600 ns, Cleanup: 56700 ns, At safepoint: 2500 ns, Total: 64800 ns
[312.074s][info ][safepoint      ] Safepoint "ICBufferFull", Time since last: 521797828 ns, Reaching safepoint: 4300 ns, Cleanup: 161000 ns, At safepoint: 6200 ns, Total: 171500 ns
[313.074s][info ][safepoint      ] Safepoint "Cleanup", Time since last: 1000109854 ns, Reaching safepoint: 4400 ns, Cleanup: 126500 ns, At safepoint: 3500 ns, Total: 134400 ns
[314.075s][info ][safepoint      ] Safepoint "Cleanup", Time since last: 1000102855 ns, Reaching safepoint: 4200 ns, Cleanup: 22700 ns, At safepoint: 1800 ns, Total: 28700 ns
[314.505s][info ][safepoint      ] Safepoint "ParallelGCFailedAllocation", Time since last: 430406033 ns, Reaching safepoint: 79800 ns, Cleanup: 11400 ns, At safepoint: 15900 ns, Total: 107100 ns
[314.505s][info ][gc,start       ] GC(64) Pause Young (GCLocker Initiated GC)
[314.527s][debug][gc,phases      ] GC(64) Scavenge 21.185ms
[314.527s][debug][gc,ref         ] GC(64) Skipped phase 1 of Reference Processing: no references
[314.527s][debug][gc,ref         ] GC(64) ReferenceProcessor::execute queues: 1, RefProcThreadModel::Single, marks_oops_alive: false
[314.527s][debug][gc,ref         ] GC(64) ReferenceProcessor::execute queues: 4, RefProcThreadModel::Multi, marks_oops_alive: true
[314.527s][debug][gc,ref         ] GC(64) ReferenceProcessor::execute queues: 1, RefProcThreadModel::Single, marks_oops_alive: false
[314.527s][debug][gc,phases      ] GC(64) Reference Processing 0.156ms
[314.527s][debug][gc,phases      ] GC(64)   VM Weak                        Min:  0.0, Avg:  0.0, Max:  0.0, Diff:  0.0, Sum:  0.0, Workers: 4
[314.527s][debug][gc,phases      ] GC(64)     Dead                           Min: 0, Avg:  0.0, Max: 0, Diff: 0, Sum: 0, Workers: 4
[314.527s][debug][gc,phases      ] GC(64)     Total                          Min: 0, Avg: 182.2, Max: 665, Diff: 665, Sum: 729, Workers: 4
[314.527s][debug][gc,phases      ] GC(64)   ObjectSynchronizer Weak        Min:  0.0, Avg:  0.0, Max:  0.0, Diff:  0.0, Sum:  0.0, Workers: 4
[314.527s][debug][gc,phases      ] GC(64)     Dead                           Min: 0, Avg:  0.0, Max: 0, Diff: 0, Sum: 0, Workers: 4
[314.527s][debug][gc,phases      ] GC(64)     Total                          Min: 0, Avg:  1.5, Max: 6, Diff: 6, Sum: 6, Workers: 4
[314.527s][debug][gc,phases      ] GC(64)   JVMTI Tag Weak OopStorage      Min:  0.0, Avg:  0.0, Max:  0.0, Diff:  0.0, Sum:  0.0, Workers: 4
[314.527s][debug][gc,phases      ] GC(64)     Dead                           Min: 0, Avg:  0.0, Max: 0, Diff: 0, Sum: 0, Workers: 4
[314.527s][debug][gc,phases      ] GC(64)     Total                          Min: 0, Avg:  0.0, Max: 0, Diff: 0, Sum: 0, Workers: 4
[314.527s][debug][gc,phases      ] GC(64)   StringTable Weak               Min:  0.0, Avg:  0.1, Max:  0.1, Diff:  0.1, Sum:  0.4, Workers: 4
[314.527s][debug][gc,phases      ] GC(64)     Dead                           Min: 0, Avg:  0.5, Max: 2, Diff: 2, Sum: 2, Workers: 4
[314.527s][debug][gc,phases      ] GC(64)     Total                          Min: 0, Avg: 10951.5, Max: 19072, Diff: 19072, Sum: 43806, Workers: 4
[314.527s][debug][gc,phases      ] GC(64)   ResolvedMethodTable Weak       Min:  0.0, Avg:  0.0, Max:  0.0, Diff:  0.0, Sum:  0.1, Workers: 4
[314.527s][debug][gc,phases      ] GC(64)     Dead                           Min: 0, Avg:  0.0, Max: 0, Diff: 0, Sum: 0, Workers: 4
[314.527s][debug][gc,phases      ] GC(64)     Total                          Min: 0, Avg: 2584.0, Max: 4512, Diff: 4512, Sum: 10336, Workers: 4
[314.527s][debug][gc,phases      ] GC(64)   JNI Weak                       Min:  0.0, Avg:  0.0, Max:  0.0, Diff:  0.0, Sum:  0.0, Workers: 4
[314.527s][debug][gc,phases      ] GC(64)     Dead                           Min: 0, Avg:  0.0, Max: 0, Diff: 0, Sum: 0, Workers: 4
[314.527s][debug][gc,phases      ] GC(64)     Total                          Min: 0, Avg: 11.2, Max: 45, Diff: 45, Sum: 45, Workers: 4
[314.527s][debug][gc,phases      ] GC(64)   StringDedup Table Weak         Min:  0.0, Avg:  0.0, Max:  0.0, Diff:  0.0, Sum:  0.0, Workers: 4
[314.527s][debug][gc,phases      ] GC(64)     Dead                           Min: 0, Avg:  0.0, Max: 0, Diff: 0, Sum: 0, Workers: 4
[314.527s][debug][gc,phases      ] GC(64)     Total                          Min: 0, Avg:  0.0, Max: 0, Diff: 0, Sum: 0, Workers: 4
[314.527s][debug][gc,phases      ] GC(64)   StringDedup Requests0 Weak     Min:  0.0, Avg:  0.0, Max:  0.0, Diff:  0.0, Sum:  0.0, Workers: 4
[314.527s][debug][gc,phases      ] GC(64)     Dead                           Min: 0, Avg:  0.0, Max: 0, Diff: 0, Sum: 0, Workers: 4
[314.527s][debug][gc,phases      ] GC(64)     Total                          Min: 0, Avg:  0.0, Max: 0, Diff: 0, Sum: 0, Workers: 4
[314.527s][debug][gc,phases      ] GC(64)   StringDedup Requests1 Weak     Min:  0.0, Avg:  0.0, Max:  0.0, Diff:  0.0, Sum:  0.0, Workers: 4
[314.527s][debug][gc,phases      ] GC(64)     Dead                           Min: 0, Avg:  0.0, Max: 0, Diff: 0, Sum: 0, Workers: 4
[314.527s][debug][gc,phases      ] GC(64)     Total                          Min: 0, Avg:  0.0, Max: 0, Diff: 0, Sum: 0, Workers: 4
[314.527s][debug][gc,phases      ] GC(64)   Weak JFR Old Object Samples    Min:  0.0, Avg:  0.0, Max:  0.0, Diff:  0.0, Sum:  0.0, Workers: 4
[314.527s][debug][gc,phases      ] GC(64)     Dead                           Min: 0, Avg:  0.0, Max: 0, Diff: 0, Sum: 0, Workers: 4
[314.527s][debug][gc,phases      ] GC(64)     Total                          Min: 0, Avg:  0.0, Max: 0, Diff: 0, Sum: 0, Workers: 4
[314.527s][debug][gc,phases      ] GC(64) Weak Processing 0.339ms
[314.527s][debug][gc,age         ] GC(64) Desired survivor size 115867648 bytes, new threshold 15 (max threshold 15)
[314.527s][info ][gc,heap        ] GC(64) PSYoungGen: 1909440K(1979392K)->58812K(1982976K) Eden: 1863168K(1863168K)->0K(1870848K) From: 46272K(116224K)->58812K(112128K)
[314.527s][info ][gc,heap        ] GC(64) ParOldGen: 279353K(351232K)->279377K(351232K)
[314.527s][info ][gc,metaspace   ] GC(64) Metaspace: 84340K(85248K)->84340K(85248K) NonClass: 71949K(72448K)->71949K(72448K) Class: 12390K(12800K)->12390K(12800K)
[314.527s][info ][gc             ] GC(64) Pause Young (GCLocker Initiated GC) 2137M->330M(2279M) 21.851ms
[314.527s][info ][gc,cpu         ] GC(64) User=0.07s Sys=0.01s Real=0.02s
[314.527s][info ][safepoint      ] Safepoint "ParallelGCSystemGC", Time since last: 199000 ns, Reaching safepoint: 71699 ns, Cleanup: 1400 ns, At safepoint: 21928551 ns, Total: 22001650 ns
[315.527s][info ][safepoint      ] Safepoint "Cleanup", Time since last: 1000086955 ns, Reaching safepoint: 4300 ns, Cleanup: 19900 ns, At safepoint: 2300 ns, Total: 26500 ns
[316.527s][info ][safepoint      ] Safepoint "Cleanup", Time since last: 1000107354 ns, Reaching safepoint: 4000 ns, Cleanup: 9500 ns, At safepoint: 20700 ns, Total: 34200 ns
[317.528s][info ][safepoint      ] Safepoint "Cleanup", Time since last: 1000110955 ns, Reaching safepoint: 4900 ns, Cleanup: 8800 ns, At safepoint: 15000 ns, Total: 28700 ns
[317.995s][info ][gc,start       ] GC(65) Pause Young (Allocation Failure)
[318.002s][debug][gc,phases      ] GC(65) Scavenge 7.561ms
[318.002s][debug][gc,ref         ] GC(65) Skipped phase 1 of Reference Processing: no references
[318.002s][debug][gc,ref         ] GC(65) ReferenceProcessor::execute queues: 1, RefProcThreadModel::Single, marks_oops_alive: false
[318.002s][debug][gc,ref         ] GC(65) ReferenceProcessor::execute queues: 4, RefProcThreadModel::Multi, marks_oops_alive: true
[318.003s][debug][gc,ref         ] GC(65) ReferenceProcessor::execute queues: 1, RefProcThreadModel::Single, marks_oops_alive: false
[318.003s][debug][gc,phases      ] GC(65) Reference Processing 0.360ms
[318.003s][debug][gc,phases      ] GC(65)   VM Weak                        Min:  0.0, Avg:  0.0, Max:  0.0, Diff:  0.0, Sum:  0.0, Workers: 4
[318.003s][debug][gc,phases      ] GC(65)     Dead                           Min: 0, Avg:  0.0, Max: 0, Diff: 0, Sum: 0, Workers: 4
[318.003s][debug][gc,phases      ] GC(65)     Total                          Min: 0, Avg: 182.2, Max: 537, Diff: 537, Sum: 729, Workers: 4
[318.003s][debug][gc,phases      ] GC(65)   ObjectSynchronizer Weak        Min:  0.0, Avg:  0.0, Max:  0.0, Diff:  0.0, Sum:  0.0, Workers: 4
[318.003s][debug][gc,phases      ] GC(65)     Dead                           Min: 0, Avg:  0.0, Max: 0, Diff: 0, Sum: 0, Workers: 4
[318.003s][debug][gc,phases      ] GC(65)     Total                          Min: 0, Avg:  1.5, Max: 6, Diff: 6, Sum: 6, Workers: 4
[318.003s][debug][gc,phases      ] GC(65)   JVMTI Tag Weak OopStorage      Min:  0.0, Avg:  0.0, Max:  0.0, Diff:  0.0, Sum:  0.0, Workers: 4
[318.003s][debug][gc,phases      ] GC(65)     Dead                           Min: 0, Avg:  0.0, Max: 0, Diff: 0, Sum: 0, Workers: 4
[318.003s][debug][gc,phases      ] GC(65)     Total                          Min: 0, Avg:  0.0, Max: 0, Diff: 0, Sum: 0, Workers: 4
[318.003s][debug][gc,phases      ] GC(65)   StringTable Weak               Min:  0.0, Avg:  0.1, Max:  0.1, Diff:  0.1, Sum:  0.4, Workers: 4
[318.003s][debug][gc,phases      ] GC(65)     Dead                           Min: 0, Avg:  0.0, Max: 0, Diff: 0, Sum: 0, Workers: 4
[318.003s][debug][gc,phases      ] GC(65)     Total                          Min: 0, Avg: 10952.0, Max: 17952, Diff: 17952, Sum: 43808, Workers: 4
[318.003s][debug][gc,phases      ] GC(65)   ResolvedMethodTable Weak       Min:  0.0, Avg:  0.0, Max:  0.0, Diff:  0.0, Sum:  0.1, Workers: 4
[318.003s][debug][gc,phases      ] GC(65)     Dead                           Min: 0, Avg:  0.0, Max: 0, Diff: 0, Sum: 0, Workers: 4
[318.003s][debug][gc,phases      ] GC(65)     Total                          Min: 0, Avg: 2584.0, Max: 4512, Diff: 4512, Sum: 10336, Workers: 4
[318.003s][debug][gc,phases      ] GC(65)   JNI Weak                       Min:  0.0, Avg:  0.0, Max:  0.0, Diff:  0.0, Sum:  0.0, Workers: 4
[318.003s][debug][gc,phases      ] GC(65)     Dead                           Min: 0, Avg:  0.0, Max: 0, Diff: 0, Sum: 0, Workers: 4
[318.003s][debug][gc,phases      ] GC(65)     Total                          Min: 0, Avg: 11.2, Max: 45, Diff: 45, Sum: 45, Workers: 4
[318.003s][debug][gc,phases      ] GC(65)   StringDedup Table Weak         Min:  0.0, Avg:  0.0, Max:  0.0, Diff:  0.0, Sum:  0.0, Workers: 4
[318.003s][debug][gc,phases      ] GC(65)     Dead                           Min: 0, Avg:  0.0, Max: 0, Diff: 0, Sum: 0, Workers: 4
[318.003s][debug][gc,phases      ] GC(65)     Total                          Min: 0, Avg:  0.0, Max: 0, Diff: 0, Sum: 0, Workers: 4
[318.003s][debug][gc,phases      ] GC(65)   StringDedup Requests0 Weak     Min:  0.0, Avg:  0.0, Max:  0.0, Diff:  0.0, Sum:  0.0, Workers: 4
[318.003s][debug][gc,phases      ] GC(65)     Dead                           Min: 0, Avg:  0.0, Max: 0, Diff: 0, Sum: 0, Workers: 4
[318.003s][debug][gc,phases      ] GC(65)     Total                          Min: 0, Avg:  0.0, Max: 0, Diff: 0, Sum: 0, Workers: 4
[318.003s][debug][gc,phases      ] GC(65)   StringDedup Requests1 Weak     Min:  0.0, Avg:  0.0, Max:  0.0, Diff:  0.0, Sum:  0.0, Workers: 4
[318.003s][debug][gc,phases      ] GC(65)     Dead                           Min: 0, Avg:  0.0, Max: 0, Diff: 0, Sum: 0, Workers: 4
[318.003s][debug][gc,phases      ] GC(65)     Total                          Min: 0, Avg:  0.0, Max: 0, Diff: 0, Sum: 0, Workers: 4
[318.003s][debug][gc,phases      ] GC(65)   Weak JFR Old Object Samples    Min:  0.0, Avg:  0.0, Max:  0.0, Diff:  0.0, Sum:  0.0, Workers: 4
[318.003s][debug][gc,phases      ] GC(65)     Dead                           Min: 0, Avg:  0.0, Max: 0, Diff: 0, Sum: 0, Workers: 4
[318.003s][debug][gc,phases      ] GC(65)     Total                          Min: 0, Avg:  0.0, Max: 0, Diff: 0, Sum: 0, Workers: 4
[318.003s][debug][gc,phases      ] GC(65) Weak Processing 0.384ms
[318.003s][debug][gc,age         ] GC(65) Desired survivor size 112721920 bytes, new threshold 15 (max threshold 15)
[318.003s][info ][gc,heap        ] GC(65) PSYoungGen: 1929660K(1982976K)->12620K(1984000K) Eden: 1870848K(1870848K)->0K(1870848K) From: 58812K(112128K)->12620K(113152K)
[318.003s][info ][gc,heap        ] GC(65) ParOldGen: 279380K(351232K)->279428K(351232K)
[318.003s][info ][gc,metaspace   ] GC(65) Metaspace: 84355K(85248K)->84355K(85248K) NonClass: 71964K(72448K)->71964K(72448K) Class: 12390K(12800K)->12390K(12800K)
[318.003s][info ][gc             ] GC(65) Pause Young (Allocation Failure) 2157M->285M(2280M) 8.443ms
[318.003s][info ][gc,cpu         ] GC(65) User=0.03s Sys=0.00s Real=0.01s
[318.003s][info ][safepoint      ] Safepoint "ParallelGCFailedAllocation", Time since last: 466926551 ns, Reaching safepoint: 4300 ns, Cleanup: 14600 ns, At safepoint: 8529281 ns, Total: 8548181 ns
[319.003s][info ][safepoint      ] Safepoint "Cleanup", Time since last: 1000083771 ns, Reaching safepoint: 4300 ns, Cleanup: 9500 ns, At safepoint: 4500 ns, Total: 18300 ns
[320.744s][info ][gc,start       ] GC(66) Pause Young (Allocation Failure)
[320.750s][debug][gc,phases      ] GC(66) Scavenge 5.621ms
[320.750s][debug][gc,ref         ] GC(66) Skipped phase 1 of Reference Processing: no references
[320.750s][debug][gc,ref         ] GC(66) ReferenceProcessor::execute queues: 1, RefProcThreadModel::Single, marks_oops_alive: false
[320.750s][debug][gc,ref         ] GC(66) ReferenceProcessor::execute queues: 4, RefProcThreadModel::Multi, marks_oops_alive: true
[320.750s][debug][gc,ref         ] GC(66) ReferenceProcessor::execute queues: 1, RefProcThreadModel::Single, marks_oops_alive: false
[320.750s][debug][gc,phases      ] GC(66) Reference Processing 0.193ms
[320.751s][debug][gc,phases      ] GC(66)   VM Weak                        Min:  0.0, Avg:  0.0, Max:  0.0, Diff:  0.0, Sum:  0.0, Workers: 4
[320.751s][debug][gc,phases      ] GC(66)     Dead                           Min: 0, Avg:  0.0, Max: 0, Diff: 0, Sum: 0, Workers: 4
[320.751s][debug][gc,phases      ] GC(66)     Total                          Min: 0, Avg: 182.2, Max: 576, Diff: 576, Sum: 729, Workers: 4
[320.751s][debug][gc,phases      ] GC(66)   ObjectSynchronizer Weak        Min:  0.0, Avg:  0.0, Max:  0.0, Diff:  0.0, Sum:  0.0, Workers: 4
[320.751s][debug][gc,phases      ] GC(66)     Dead                           Min: 0, Avg:  0.0, Max: 0, Diff: 0, Sum: 0, Workers: 4
[320.751s][debug][gc,phases      ] GC(66)     Total                          Min: 0, Avg:  1.5, Max: 6, Diff: 6, Sum: 6, Workers: 4
[320.751s][debug][gc,phases      ] GC(66)   JVMTI Tag Weak OopStorage      Min:  0.0, Avg:  0.0, Max:  0.0, Diff:  0.0, Sum:  0.0, Workers: 4
[320.751s][debug][gc,phases      ] GC(66)     Dead                           Min: 0, Avg:  0.0, Max: 0, Diff: 0, Sum: 0, Workers: 4
[320.751s][debug][gc,phases      ] GC(66)     Total                          Min: 0, Avg:  0.0, Max: 0, Diff: 0, Sum: 0, Workers: 4
[320.751s][debug][gc,phases      ] GC(66)   StringTable Weak               Min:  0.1, Avg:  0.1, Max:  0.1, Diff:  0.0, Sum:  0.5, Workers: 4
[320.751s][debug][gc,phases      ] GC(66)     Dead                           Min: 0, Avg:  0.0, Max: 0, Diff: 0, Sum: 0, Workers: 4
[320.751s][debug][gc,phases      ] GC(66)     Total                          Min: 9856, Avg: 10952.2, Max: 11489, Diff: 1633, Sum: 43809, Workers: 4
[320.751s][debug][gc,phases      ] GC(66)   ResolvedMethodTable Weak       Min:  0.0, Avg:  0.0, Max:  0.0, Diff:  0.0, Sum:  0.1, Workers: 4
[320.751s][debug][gc,phases      ] GC(66)     Dead                           Min: 0, Avg:  0.0, Max: 0, Diff: 0, Sum: 0, Workers: 4
[320.751s][debug][gc,phases      ] GC(66)     Total                          Min: 2464, Avg: 2584.0, Max: 2688, Diff: 224, Sum: 10336, Workers: 4
[320.751s][debug][gc,phases      ] GC(66)   JNI Weak                       Min:  0.0, Avg:  0.0, Max:  0.0, Diff:  0.0, Sum:  0.0, Workers: 4
[320.751s][debug][gc,phases      ] GC(66)     Dead                           Min: 0, Avg:  0.0, Max: 0, Diff: 0, Sum: 0, Workers: 4
[320.751s][debug][gc,phases      ] GC(66)     Total                          Min: 0, Avg: 11.2, Max: 45, Diff: 45, Sum: 45, Workers: 4
[320.751s][debug][gc,phases      ] GC(66)   StringDedup Table Weak         Min:  0.0, Avg:  0.0, Max:  0.0, Diff:  0.0, Sum:  0.0, Workers: 4
[320.751s][debug][gc,phases      ] GC(66)     Dead                           Min: 0, Avg:  0.0, Max: 0, Diff: 0, Sum: 0, Workers: 4
[320.751s][debug][gc,phases      ] GC(66)     Total                          Min: 0, Avg:  0.0, Max: 0, Diff: 0, Sum: 0, Workers: 4
[320.751s][debug][gc,phases      ] GC(66)   StringDedup Requests0 Weak     Min:  0.0, Avg:  0.0, Max:  0.0, Diff:  0.0, Sum:  0.0, Workers: 4
[320.751s][debug][gc,phases      ] GC(66)     Dead                           Min: 0, Avg:  0.0, Max: 0, Diff: 0, Sum: 0, Workers: 4
[320.751s][debug][gc,phases      ] GC(66)     Total                          Min: 0, Avg:  0.0, Max: 0, Diff: 0, Sum: 0, Workers: 4
[320.751s][debug][gc,phases      ] GC(66)   StringDedup Requests1 Weak     Min:  0.0, Avg:  0.0, Max:  0.0, Diff:  0.0, Sum:  0.0, Workers: 4
[320.751s][debug][gc,phases      ] GC(66)     Dead                           Min: 0, Avg:  0.0, Max: 0, Diff: 0, Sum: 0, Workers: 4
[320.751s][debug][gc,phases      ] GC(66)     Total                          Min: 0, Avg:  0.0, Max: 0, Diff: 0, Sum: 0, Workers: 4
[320.751s][debug][gc,phases      ] GC(66)   Weak JFR Old Object Samples    Min:  0.0, Avg:  0.0, Max:  0.0, Diff:  0.0, Sum:  0.0, Workers: 4
[320.751s][debug][gc,phases      ] GC(66)     Dead                           Min: 0, Avg:  0.0, Max: 0, Diff: 0, Sum: 0, Workers: 4
[320.751s][debug][gc,phases      ] GC(66)     Total                          Min: 0, Avg:  0.0, Max: 0, Diff: 0, Sum: 0, Workers: 4
[320.751s][debug][gc,phases      ] GC(66) Weak Processing 0.323ms
[320.751s][debug][gc,age         ] GC(66) Desired survivor size 109051904 bytes, new threshold 15 (max threshold 15)
[320.751s][info ][gc,heap        ] GC(66) PSYoungGen: 1883468K(1984000K)->12556K(1990656K) Eden: 1870848K(1870848K)->0K(1880576K) From: 12620K(113152K)->12556K(110080K)
[320.751s][info ][gc,heap        ] GC(66) ParOldGen: 279428K(351232K)->279460K(351232K)
[320.751s][info ][gc,metaspace   ] GC(66) Metaspace: 84361K(85248K)->84361K(85248K) NonClass: 71970K(72448K)->71970K(72448K) Class: 12390K(12800K)->12390K(12800K)
[320.751s][info ][gc             ] GC(66) Pause Young (Allocation Failure) 2112M->285M(2287M) 6.247ms
[320.751s][info ][gc,cpu         ] GC(66) User=0.02s Sys=0.00s Real=0.00s
[320.751s][info ][safepoint      ] Safepoint "ParallelGCFailedAllocation", Time since last: 1741194120 ns, Reaching safepoint: 3900 ns, Cleanup: 13600 ns, At safepoint: 6313286 ns, Total: 6330786 ns
[321.751s][info ][safepoint      ] Safepoint "Cleanup", Time since last: 1000078272 ns, Reaching safepoint: 4000 ns, Cleanup: 9700 ns, At safepoint: 2000 ns, Total: 15700 ns
[322.751s][info ][safepoint      ] Safepoint "Cleanup", Time since last: 1000070971 ns, Reaching safepoint: 4600 ns, Cleanup: 13000 ns, At safepoint: 2100 ns, Total: 19700 ns
[323.539s][info ][gc,start       ] GC(67) Pause Young (Allocation Failure)
[323.546s][debug][gc,phases      ] GC(67) Scavenge 6.780ms
[323.546s][debug][gc,ref         ] GC(67) Skipped phase 1 of Reference Processing: no references
[323.546s][debug][gc,ref         ] GC(67) ReferenceProcessor::execute queues: 1, RefProcThreadModel::Single, marks_oops_alive: false
[323.546s][debug][gc,ref         ] GC(67) ReferenceProcessor::execute queues: 4, RefProcThreadModel::Multi, marks_oops_alive: true
[323.546s][debug][gc,ref         ] GC(67) ReferenceProcessor::execute queues: 1, RefProcThreadModel::Single, marks_oops_alive: false
[323.546s][debug][gc,phases      ] GC(67) Reference Processing 0.166ms
[323.547s][debug][gc,phases      ] GC(67)   VM Weak                        Min:  0.0, Avg:  0.0, Max:  0.0, Diff:  0.0, Sum:  0.0, Workers: 4
[323.547s][debug][gc,phases      ] GC(67)     Dead                           Min: 0, Avg:  0.0, Max: 0, Diff: 0, Sum: 0, Workers: 4
[323.547s][debug][gc,phases      ] GC(67)     Total                          Min: 0, Avg: 182.2, Max: 473, Diff: 473, Sum: 729, Workers: 4
[323.547s][debug][gc,phases      ] GC(67)   ObjectSynchronizer Weak        Min:  0.0, Avg:  0.0, Max:  0.0, Diff:  0.0, Sum:  0.0, Workers: 4
[323.547s][debug][gc,phases      ] GC(67)     Dead                           Min: 0, Avg:  0.0, Max: 0, Diff: 0, Sum: 0, Workers: 4
[323.547s][debug][gc,phases      ] GC(67)     Total                          Min: 0, Avg:  1.5, Max: 6, Diff: 6, Sum: 6, Workers: 4
[323.547s][debug][gc,phases      ] GC(67)   JVMTI Tag Weak OopStorage      Min:  0.0, Avg:  0.0, Max:  0.0, Diff:  0.0, Sum:  0.0, Workers: 4
[323.547s][debug][gc,phases      ] GC(67)     Dead                           Min: 0, Avg:  0.0, Max: 0, Diff: 0, Sum: 0, Workers: 4
[323.547s][debug][gc,phases      ] GC(67)     Total                          Min: 0, Avg:  0.0, Max: 0, Diff: 0, Sum: 0, Workers: 4
[323.547s][debug][gc,phases      ] GC(67)   StringTable Weak               Min:  0.0, Avg:  0.1, Max:  0.1, Diff:  0.1, Sum:  0.4, Workers: 4
[323.547s][debug][gc,phases      ] GC(67)     Dead                           Min: 0, Avg:  0.0, Max: 0, Diff: 0, Sum: 0, Workers: 4
[323.547s][debug][gc,phases      ] GC(67)     Total                          Min: 0, Avg: 10952.2, Max: 19136, Diff: 19136, Sum: 43809, Workers: 4
[323.547s][debug][gc,phases      ] GC(67)   ResolvedMethodTable Weak       Min:  0.0, Avg:  0.0, Max:  0.0, Diff:  0.0, Sum:  0.1, Workers: 4
[323.547s][debug][gc,phases      ] GC(67)     Dead                           Min: 0, Avg:  0.0, Max: 0, Diff: 0, Sum: 0, Workers: 4
[323.547s][debug][gc,phases      ] GC(67)     Total                          Min: 0, Avg: 2584.0, Max: 4608, Diff: 4608, Sum: 10336, Workers: 4
[323.547s][debug][gc,phases      ] GC(67)   JNI Weak                       Min:  0.0, Avg:  0.0, Max:  0.0, Diff:  0.0, Sum:  0.0, Workers: 4
[323.547s][debug][gc,phases      ] GC(67)     Dead                           Min: 0, Avg:  0.0, Max: 0, Diff: 0, Sum: 0, Workers: 4
[323.547s][debug][gc,phases      ] GC(67)     Total                          Min: 0, Avg: 11.2, Max: 45, Diff: 45, Sum: 45, Workers: 4
[323.547s][debug][gc,phases      ] GC(67)   StringDedup Table Weak         Min:  0.0, Avg:  0.0, Max:  0.0, Diff:  0.0, Sum:  0.0, Workers: 4
[323.547s][debug][gc,phases      ] GC(67)     Dead                           Min: 0, Avg:  0.0, Max: 0, Diff: 0, Sum: 0, Workers: 4
[323.547s][debug][gc,phases      ] GC(67)     Total                          Min: 0, Avg:  0.0, Max: 0, Diff: 0, Sum: 0, Workers: 4
[323.547s][debug][gc,phases      ] GC(67)   StringDedup Requests0 Weak     Min:  0.0, Avg:  0.0, Max:  0.0, Diff:  0.0, Sum:  0.0, Workers: 4
[323.547s][debug][gc,phases      ] GC(67)     Dead                           Min: 0, Avg:  0.0, Max: 0, Diff: 0, Sum: 0, Workers: 4
[323.547s][debug][gc,phases      ] GC(67)     Total                          Min: 0, Avg:  0.0, Max: 0, Diff: 0, Sum: 0, Workers: 4
[323.547s][debug][gc,phases      ] GC(67)   StringDedup Requests1 Weak     Min:  0.0, Avg:  0.0, Max:  0.0, Diff:  0.0, Sum:  0.0, Workers: 4
[323.547s][debug][gc,phases      ] GC(67)     Dead                           Min: 0, Avg:  0.0, Max: 0, Diff: 0, Sum: 0, Workers: 4
[323.547s][debug][gc,phases      ] GC(67)     Total                          Min: 0, Avg:  0.0, Max: 0, Diff: 0, Sum: 0, Workers: 4
[323.547s][debug][gc,phases      ] GC(67)   Weak JFR Old Object Samples    Min:  0.0, Avg:  0.0, Max:  0.0, Diff:  0.0, Sum:  0.0, Workers: 4
[323.547s][debug][gc,phases      ] GC(67)     Dead                           Min: 0, Avg:  0.0, Max: 0, Diff: 0, Sum: 0, Workers: 4
[323.547s][debug][gc,phases      ] GC(67)     Total                          Min: 0, Avg:  0.0, Max: 0, Diff: 0, Sum: 0, Workers: 4
[323.547s][debug][gc,phases      ] GC(67) Weak Processing 0.332ms
[323.547s][debug][gc,age         ] GC(67) Desired survivor size 105381888 bytes, new threshold 15 (max threshold 15)
[323.547s][info ][gc,heap        ] GC(67) PSYoungGen: 1893132K(1990656K)->12348K(1987072K) Eden: 1880576K(1880576K)->0K(1880576K) From: 12556K(110080K)->12348K(106496K)
[323.547s][info ][gc,heap        ] GC(67) ParOldGen: 279460K(351232K)->279636K(351232K)
[323.547s][info ][gc,metaspace   ] GC(67) Metaspace: 84361K(85248K)->84361K(85248K) NonClass: 71970K(72448K)->71970K(72448K) Class: 12390K(12800K)->12390K(12800K)
[323.547s][info ][gc             ] GC(67) Pause Young (Allocation Failure) 2121M->285M(2283M) 7.408ms
[323.547s][info ][gc,cpu         ] GC(67) User=0.02s Sys=0.00s Real=0.01s
[323.547s][info ][safepoint      ] Safepoint "ParallelGCFailedAllocation", Time since last: 788365643 ns, Reaching safepoint: 6800 ns, Cleanup: 9700 ns, At safepoint: 7484184 ns, Total: 7500684 ns
[324.547s][info ][safepoint      ] Safepoint "Cleanup", Time since last: 1000080971 ns, Reaching safepoint: 76300 ns, Cleanup: 11200 ns, At safepoint: 4800 ns, Total: 92300 ns
[326.335s][info ][gc,start       ] GC(68) Pause Young (Allocation Failure)
[326.341s][debug][gc,phases      ] GC(68) Scavenge 5.603ms
[326.341s][debug][gc,ref         ] GC(68) Skipped phase 1 of Reference Processing: no references
[326.341s][debug][gc,ref         ] GC(68) ReferenceProcessor::execute queues: 1, RefProcThreadModel::Single, marks_oops_alive: false
[326.341s][debug][gc,ref         ] GC(68) Skipped phase 3 of Reference Processing: no references
[326.341s][debug][gc,ref         ] GC(68) ReferenceProcessor::execute queues: 1, RefProcThreadModel::Single, marks_oops_alive: false
[326.341s][debug][gc,phases      ] GC(68) Reference Processing 0.100ms
[326.341s][debug][gc,phases      ] GC(68)   VM Weak                        Min:  0.0, Avg:  0.0, Max:  0.0, Diff:  0.0, Sum:  0.0, Workers: 4
[326.341s][debug][gc,phases      ] GC(68)     Dead                           Min: 0, Avg:  0.0, Max: 0, Diff: 0, Sum: 0, Workers: 4
[326.341s][debug][gc,phases      ] GC(68)     Total                          Min: 0, Avg: 182.2, Max: 448, Diff: 448, Sum: 729, Workers: 4
[326.341s][debug][gc,phases      ] GC(68)   ObjectSynchronizer Weak        Min:  0.0, Avg:  0.0, Max:  0.0, Diff:  0.0, Sum:  0.0, Workers: 4
[326.341s][debug][gc,phases      ] GC(68)     Dead                           Min: 0, Avg:  0.0, Max: 0, Diff: 0, Sum: 0, Workers: 4
[326.341s][debug][gc,phases      ] GC(68)     Total                          Min: 0, Avg:  1.5, Max: 6, Diff: 6, Sum: 6, Workers: 4
[326.341s][debug][gc,phases      ] GC(68)   JVMTI Tag Weak OopStorage      Min:  0.0, Avg:  0.0, Max:  0.0, Diff:  0.0, Sum:  0.0, Workers: 4
[326.341s][debug][gc,phases      ] GC(68)     Dead                           Min: 0, Avg:  0.0, Max: 0, Diff: 0, Sum: 0, Workers: 4
[326.341s][debug][gc,phases      ] GC(68)     Total                          Min: 0, Avg:  0.0, Max: 0, Diff: 0, Sum: 0, Workers: 4
[326.341s][debug][gc,phases      ] GC(68)   StringTable Weak               Min:  0.0, Avg:  0.1, Max:  0.2, Diff:  0.2, Sum:  0.3, Workers: 4
[326.341s][debug][gc,phases      ] GC(68)     Dead                           Min: 0, Avg:  0.0, Max: 0, Diff: 0, Sum: 0, Workers: 4
[326.341s][debug][gc,phases      ] GC(68)     Total                          Min: 0, Avg: 10952.2, Max: 26688, Diff: 26688, Sum: 43809, Workers: 4
[326.341s][debug][gc,phases      ] GC(68)   ResolvedMethodTable Weak       Min:  0.0, Avg:  0.0, Max:  0.0, Diff:  0.0, Sum:  0.1, Workers: 4
[326.341s][debug][gc,phases      ] GC(68)     Dead                           Min: 0, Avg:  0.0, Max: 0, Diff: 0, Sum: 0, Workers: 4
[326.341s][debug][gc,phases      ] GC(68)     Total                          Min: 0, Avg: 2584.0, Max: 6080, Diff: 6080, Sum: 10336, Workers: 4
[326.341s][debug][gc,phases      ] GC(68)   JNI Weak                       Min:  0.0, Avg:  0.0, Max:  0.0, Diff:  0.0, Sum:  0.0, Workers: 4
[326.341s][debug][gc,phases      ] GC(68)     Dead                           Min: 0, Avg:  0.0, Max: 0, Diff: 0, Sum: 0, Workers: 4
[326.341s][debug][gc,phases      ] GC(68)     Total                          Min: 0, Avg: 11.2, Max: 45, Diff: 45, Sum: 45, Workers: 4
[326.341s][debug][gc,phases      ] GC(68)   StringDedup Table Weak         Min:  0.0, Avg:  0.0, Max:  0.0, Diff:  0.0, Sum:  0.0, Workers: 4
[326.341s][debug][gc,phases      ] GC(68)     Dead                           Min: 0, Avg:  0.0, Max: 0, Diff: 0, Sum: 0, Workers: 4
[326.341s][debug][gc,phases      ] GC(68)     Total                          Min: 0, Avg:  0.0, Max: 0, Diff: 0, Sum: 0, Workers: 4
[326.341s][debug][gc,phases      ] GC(68)   StringDedup Requests0 Weak     Min:  0.0, Avg:  0.0, Max:  0.0, Diff:  0.0, Sum:  0.0, Workers: 4
[326.341s][debug][gc,phases      ] GC(68)     Dead                           Min: 0, Avg:  0.0, Max: 0, Diff: 0, Sum: 0, Workers: 4
[326.341s][debug][gc,phases      ] GC(68)     Total                          Min: 0, Avg:  0.0, Max: 0, Diff: 0, Sum: 0, Workers: 4
[326.341s][debug][gc,phases      ] GC(68)   StringDedup Requests1 Weak     Min:  0.0, Avg:  0.0, Max:  0.0, Diff:  0.0, Sum:  0.0, Workers: 4
[326.341s][debug][gc,phases      ] GC(68)     Dead                           Min: 0, Avg:  0.0, Max: 0, Diff: 0, Sum: 0, Workers: 4
[326.341s][debug][gc,phases      ] GC(68)     Total                          Min: 0, Avg:  0.0, Max: 0, Diff: 0, Sum: 0, Workers: 4
[326.341s][debug][gc,phases      ] GC(68)   Weak JFR Old Object Samples    Min:  0.0, Avg:  0.0, Max:  0.0, Diff:  0.0, Sum:  0.0, Workers: 4
[326.341s][debug][gc,phases      ] GC(68)     Dead                           Min: 0, Avg:  0.0, Max: 0, Diff: 0, Sum: 0, Workers: 4
[326.341s][debug][gc,phases      ] GC(68)     Total                          Min: 0, Avg:  0.0, Max: 0, Diff: 0, Sum: 0, Workers: 4
[326.341s][debug][gc,phases      ] GC(68) Weak Processing 0.377ms
[326.341s][debug][gc,age         ] GC(68) Desired survivor size 101711872 bytes, new threshold 15 (max threshold 15)
[326.341s][info ][gc,heap        ] GC(68) PSYoungGen: 1892924K(1987072K)->12236K(1997824K) Eden: 1880576K(1880576K)->0K(1894912K) From: 12348K(106496K)->12236K(102912K)
[326.341s][info ][gc,heap        ] GC(68) ParOldGen: 279636K(351232K)->279660K(351232K)
[326.341s][info ][gc,metaspace   ] GC(68) Metaspace: 84364K(85248K)->84364K(85248K) NonClass: 71973K(72448K)->71973K(72448K) Class: 12390K(12800K)->12390K(12800K)
[326.341s][info ][gc             ] GC(68) Pause Young (Allocation Failure) 2121M->285M(2294M) 6.196ms
[326.341s][info ][gc,cpu         ] GC(68) User=0.02s Sys=0.00s Real=0.01s
[326.341s][info ][safepoint      ] Safepoint "ParallelGCFailedAllocation", Time since last: 1788236613 ns, Reaching safepoint: 4600 ns, Cleanup: 4000 ns, At safepoint: 6267186 ns, Total: 6275786 ns
[327.342s][info ][safepoint      ] Safepoint "Cleanup", Time since last: 1000092162 ns, Reaching safepoint: 75700 ns, Cleanup: 17300 ns, At safepoint: 5800 ns, Total: 98800 ns
[329.136s][info ][gc,start       ] GC(69) Pause Young (Allocation Failure)
[329.143s][debug][gc,phases      ] GC(69) Scavenge 7.429ms
[329.143s][debug][gc,ref         ] GC(69) Skipped phase 1 of Reference Processing: no references
[329.143s][debug][gc,ref         ] GC(69) ReferenceProcessor::execute queues: 1, RefProcThreadModel::Single, marks_oops_alive: false
[329.143s][debug][gc,ref         ] GC(69) ReferenceProcessor::execute queues: 4, RefProcThreadModel::Multi, marks_oops_alive: true
[329.143s][debug][gc,ref         ] GC(69) ReferenceProcessor::execute queues: 1, RefProcThreadModel::Single, marks_oops_alive: false
[329.143s][debug][gc,phases      ] GC(69) Reference Processing 0.228ms
[329.144s][debug][gc,phases      ] GC(69)   VM Weak                        Min:  0.0, Avg:  0.0, Max:  0.0, Diff:  0.0, Sum:  0.0, Workers: 4
[329.144s][debug][gc,phases      ] GC(69)     Dead                           Min: 0, Avg:  0.0, Max: 0, Diff: 0, Sum: 0, Workers: 4
[329.144s][debug][gc,phases      ] GC(69)     Total                          Min: 0, Avg: 182.2, Max: 537, Diff: 537, Sum: 729, Workers: 4
[329.144s][debug][gc,phases      ] GC(69)   ObjectSynchronizer Weak        Min:  0.0, Avg:  0.0, Max:  0.0, Diff:  0.0, Sum:  0.0, Workers: 4
[329.144s][debug][gc,phases      ] GC(69)     Dead                           Min: 0, Avg:  0.0, Max: 0, Diff: 0, Sum: 0, Workers: 4
[329.144s][debug][gc,phases      ] GC(69)     Total                          Min: 0, Avg:  1.5, Max: 6, Diff: 6, Sum: 6, Workers: 4
[329.144s][debug][gc,phases      ] GC(69)   JVMTI Tag Weak OopStorage      Min:  0.0, Avg:  0.0, Max:  0.0, Diff:  0.0, Sum:  0.0, Workers: 4
[329.144s][debug][gc,phases      ] GC(69)     Dead                           Min: 0, Avg:  0.0, Max: 0, Diff: 0, Sum: 0, Workers: 4
[329.144s][debug][gc,phases      ] GC(69)     Total                          Min: 0, Avg:  0.0, Max: 0, Diff: 0, Sum: 0, Workers: 4
[329.144s][debug][gc,phases      ] GC(69)   StringTable Weak               Min:  0.0, Avg:  0.1, Max:  0.1, Diff:  0.1, Sum:  0.4, Workers: 4
[329.144s][debug][gc,phases      ] GC(69)     Dead                           Min: 0, Avg:  0.0, Max: 0, Diff: 0, Sum: 0, Workers: 4
[329.144s][debug][gc,phases      ] GC(69)     Total                          Min: 0, Avg: 10952.2, Max: 14881, Diff: 14881, Sum: 43809, Workers: 4
[329.144s][debug][gc,phases      ] GC(69)   ResolvedMethodTable Weak       Min:  0.0, Avg:  0.0, Max:  0.0, Diff:  0.0, Sum:  0.1, Workers: 4
[329.144s][debug][gc,phases      ] GC(69)     Dead                           Min: 0, Avg:  0.0, Max: 0, Diff: 0, Sum: 0, Workers: 4
[329.144s][debug][gc,phases      ] GC(69)     Total                          Min: 0, Avg: 2584.0, Max: 3712, Diff: 3712, Sum: 10336, Workers: 4
[329.144s][debug][gc,phases      ] GC(69)   JNI Weak                       Min:  0.0, Avg:  0.0, Max:  0.0, Diff:  0.0, Sum:  0.0, Workers: 4
[329.144s][debug][gc,phases      ] GC(69)     Dead                           Min: 0, Avg:  0.0, Max: 0, Diff: 0, Sum: 0, Workers: 4
[329.144s][debug][gc,phases      ] GC(69)     Total                          Min: 0, Avg: 11.2, Max: 45, Diff: 45, Sum: 45, Workers: 4
[329.144s][debug][gc,phases      ] GC(69)   StringDedup Table Weak         Min:  0.0, Avg:  0.0, Max:  0.0, Diff:  0.0, Sum:  0.0, Workers: 4
[329.144s][debug][gc,phases      ] GC(69)     Dead                           Min: 0, Avg:  0.0, Max: 0, Diff: 0, Sum: 0, Workers: 4
[329.144s][debug][gc,phases      ] GC(69)     Total                          Min: 0, Avg:  0.0, Max: 0, Diff: 0, Sum: 0, Workers: 4
[329.144s][debug][gc,phases      ] GC(69)   StringDedup Requests0 Weak     Min:  0.0, Avg:  0.0, Max:  0.0, Diff:  0.0, Sum:  0.0, Workers: 4
[329.144s][debug][gc,phases      ] GC(69)     Dead                           Min: 0, Avg:  0.0, Max: 0, Diff: 0, Sum: 0, Workers: 4
[329.144s][debug][gc,phases      ] GC(69)     Total                          Min: 0, Avg:  0.0, Max: 0, Diff: 0, Sum: 0, Workers: 4
[329.144s][debug][gc,phases      ] GC(69)   StringDedup Requests1 Weak     Min:  0.0, Avg:  0.0, Max:  0.0, Diff:  0.0, Sum:  0.0, Workers: 4
[329.144s][debug][gc,phases      ] GC(69)     Dead                           Min: 0, Avg:  0.0, Max: 0, Diff: 0, Sum: 0, Workers: 4
[329.144s][debug][gc,phases      ] GC(69)     Total                          Min: 0, Avg:  0.0, Max: 0, Diff: 0, Sum: 0, Workers: 4
[329.144s][debug][gc,phases      ] GC(69)   Weak JFR Old Object Samples    Min:  0.0, Avg:  0.0, Max:  0.0, Diff:  0.0, Sum:  0.0, Workers: 4
[329.144s][debug][gc,phases      ] GC(69)     Dead                           Min: 0, Avg:  0.0, Max: 0, Diff: 0, Sum: 0, Workers: 4
[329.144s][debug][gc,phases      ] GC(69)     Total                          Min: 0, Avg:  0.0, Max: 0, Diff: 0, Sum: 0, Workers: 4
[329.144s][debug][gc,phases      ] GC(69) Weak Processing 0.358ms
[329.144s][debug][gc,age         ] GC(69) Desired survivor size 97517568 bytes, new threshold 15 (max threshold 15)
[329.144s][info ][gc,heap        ] GC(69) PSYoungGen: 1907148K(1997824K)->12252K(1994240K) Eden: 1894912K(1894912K)->0K(1894912K) From: 12236K(102912K)->12252K(99328K)
[329.144s][info ][gc,heap        ] GC(69) ParOldGen: 279660K(351232K)->279676K(351232K)
[329.144s][info ][gc,metaspace   ] GC(69) Metaspace: 84368K(85248K)->84368K(85248K) NonClass: 71978K(72448K)->71978K(72448K) Class: 12390K(12800K)->12390K(12800K)
[329.144s][info ][gc             ] GC(69) Pause Young (Allocation Failure) 2135M->285M(2290M) 8.144ms
[329.144s][info ][gc,cpu         ] GC(69) User=0.02s Sys=0.00s Real=0.01s
[329.144s][info ][safepoint      ] Safepoint "ParallelGCFailedAllocation", Time since last: 1793816687 ns, Reaching safepoint: 77800 ns, Cleanup: 4100 ns, At safepoint: 8250081 ns, Total: 8331981 ns
[330.144s][info ][safepoint      ] Safepoint "Cleanup", Time since last: 1000091863 ns, Reaching safepoint: 74900 ns, Cleanup: 11500 ns, At safepoint: 5300 ns, Total: 91700 ns
[331.144s][info ][safepoint      ] Safepoint "Cleanup", Time since last: 1000099762 ns, Reaching safepoint: 4800 ns, Cleanup: 9600 ns, At safepoint: 2500 ns, Total: 16900 ns
[333.144s][info ][safepoint      ] Safepoint "Cleanup", Time since last: 2000157725 ns, Reaching safepoint: 4300 ns, Cleanup: 6200 ns, At safepoint: 2100 ns, Total: 12600 ns
[334.144s][info ][safepoint      ] Safepoint "Cleanup", Time since last: 1000097061 ns, Reaching safepoint: 4200 ns, Cleanup: 8500 ns, At safepoint: 1800 ns, Total: 14500 ns
[335.145s][info ][safepoint      ] Safepoint "Cleanup", Time since last: 1000108348 ns, Reaching safepoint: 73100 ns, Cleanup: 42400 ns, At safepoint: 9800 ns, Total: 125300 ns
[335.163s][info ][gc,start       ] GC(70) Pause Young (Allocation Failure)
[335.188s][debug][gc,phases      ] GC(70) Scavenge 24.641ms
[335.188s][debug][gc,ref         ] GC(70) Skipped phase 1 of Reference Processing: no references
[335.188s][debug][gc,ref         ] GC(70) ReferenceProcessor::execute queues: 1, RefProcThreadModel::Single, marks_oops_alive: false
[335.188s][debug][gc,ref         ] GC(70) ReferenceProcessor::execute queues: 4, RefProcThreadModel::Multi, marks_oops_alive: true
[335.188s][debug][gc,ref         ] GC(70) ReferenceProcessor::execute queues: 1, RefProcThreadModel::Single, marks_oops_alive: false
[335.188s][debug][gc,phases      ] GC(70) Reference Processing 0.357ms
[335.189s][debug][gc,phases      ] GC(70)   VM Weak                        Min:  0.0, Avg:  0.0, Max:  0.0, Diff:  0.0, Sum:  0.0, Workers: 4
[335.189s][debug][gc,phases      ] GC(70)     Dead                           Min: 0, Avg:  0.0, Max: 0, Diff: 0, Sum: 0, Workers: 4
[335.189s][debug][gc,phases      ] GC(70)     Total                          Min: 0, Avg: 182.2, Max: 576, Diff: 576, Sum: 729, Workers: 4
[335.189s][debug][gc,phases      ] GC(70)   ObjectSynchronizer Weak        Min:  0.0, Avg:  0.0, Max:  0.0, Diff:  0.0, Sum:  0.0, Workers: 4
[335.189s][debug][gc,phases      ] GC(70)     Dead                           Min: 0, Avg:  0.0, Max: 0, Diff: 0, Sum: 0, Workers: 4
[335.189s][debug][gc,phases      ] GC(70)     Total                          Min: 0, Avg:  1.5, Max: 6, Diff: 6, Sum: 6, Workers: 4
[335.189s][debug][gc,phases      ] GC(70)   JVMTI Tag Weak OopStorage      Min:  0.0, Avg:  0.0, Max:  0.0, Diff:  0.0, Sum:  0.0, Workers: 4
[335.189s][debug][gc,phases      ] GC(70)     Dead                           Min: 0, Avg:  0.0, Max: 0, Diff: 0, Sum: 0, Workers: 4
[335.189s][debug][gc,phases      ] GC(70)     Total                          Min: 0, Avg:  0.0, Max: 0, Diff: 0, Sum: 0, Workers: 4
[335.189s][debug][gc,phases      ] GC(70)   StringTable Weak               Min:  0.0, Avg:  0.1, Max:  0.1, Diff:  0.1, Sum:  0.4, Workers: 4
[335.189s][debug][gc,phases      ] GC(70)     Dead                           Min: 0, Avg:  0.0, Max: 0, Diff: 0, Sum: 0, Workers: 4
[335.189s][debug][gc,phases      ] GC(70)     Total                          Min: 0, Avg: 10955.8, Max: 15360, Diff: 15360, Sum: 43823, Workers: 4
[335.189s][debug][gc,phases      ] GC(70)   ResolvedMethodTable Weak       Min:  0.0, Avg:  0.0, Max:  0.0, Diff:  0.0, Sum:  0.1, Workers: 4
[335.189s][debug][gc,phases      ] GC(70)     Dead                           Min: 0, Avg:  0.0, Max: 0, Diff: 0, Sum: 0, Workers: 4
[335.189s][debug][gc,phases      ] GC(70)     Total                          Min: 0, Avg: 2584.0, Max: 3680, Diff: 3680, Sum: 10336, Workers: 4
[335.189s][debug][gc,phases      ] GC(70)   JNI Weak                       Min:  0.0, Avg:  0.0, Max:  0.0, Diff:  0.0, Sum:  0.0, Workers: 4
[335.189s][debug][gc,phases      ] GC(70)     Dead                           Min: 0, Avg:  0.0, Max: 0, Diff: 0, Sum: 0, Workers: 4
[335.189s][debug][gc,phases      ] GC(70)     Total                          Min: 0, Avg: 11.2, Max: 45, Diff: 45, Sum: 45, Workers: 4
[335.189s][debug][gc,phases      ] GC(70)   StringDedup Table Weak         Min:  0.0, Avg:  0.0, Max:  0.0, Diff:  0.0, Sum:  0.0, Workers: 4
[335.189s][debug][gc,phases      ] GC(70)     Dead                           Min: 0, Avg:  0.0, Max: 0, Diff: 0, Sum: 0, Workers: 4
[335.189s][debug][gc,phases      ] GC(70)     Total                          Min: 0, Avg:  0.0, Max: 0, Diff: 0, Sum: 0, Workers: 4
[335.189s][debug][gc,phases      ] GC(70)   StringDedup Requests0 Weak     Min:  0.0, Avg:  0.0, Max:  0.0, Diff:  0.0, Sum:  0.0, Workers: 4
[335.189s][debug][gc,phases      ] GC(70)     Dead                           Min: 0, Avg:  0.0, Max: 0, Diff: 0, Sum: 0, Workers: 4
[335.189s][debug][gc,phases      ] GC(70)     Total                          Min: 0, Avg:  0.0, Max: 0, Diff: 0, Sum: 0, Workers: 4
[335.189s][debug][gc,phases      ] GC(70)   StringDedup Requests1 Weak     Min:  0.0, Avg:  0.0, Max:  0.0, Diff:  0.0, Sum:  0.0, Workers: 4
[335.189s][debug][gc,phases      ] GC(70)     Dead                           Min: 0, Avg:  0.0, Max: 0, Diff: 0, Sum: 0, Workers: 4
[335.189s][debug][gc,phases      ] GC(70)     Total                          Min: 0, Avg:  0.0, Max: 0, Diff: 0, Sum: 0, Workers: 4
[335.189s][debug][gc,phases      ] GC(70)   Weak JFR Old Object Samples    Min:  0.0, Avg:  0.0, Max:  0.0, Diff:  0.0, Sum:  0.0, Workers: 4
[335.189s][debug][gc,phases      ] GC(70)     Dead                           Min: 0, Avg:  0.0, Max: 0, Diff: 0, Sum: 0, Workers: 4
[335.189s][debug][gc,phases      ] GC(70)     Total                          Min: 0, Avg:  0.0, Max: 0, Diff: 0, Sum: 0, Workers: 4
[335.189s][debug][gc,phases      ] GC(70) Weak Processing 0.349ms
[335.189s][debug][gc,age         ] GC(70) Desired survivor size 99614720 bytes, new threshold 15 (max threshold 15)
[335.189s][info ][gc,heap        ] GC(70) PSYoungGen: 1907157K(1994240K)->51484K(1997824K) Eden: 1894904K(1894912K)->0K(1902592K) From: 12252K(99328K)->51484K(95232K)
[335.189s][info ][gc,heap        ] GC(70) ParOldGen: 279676K(351232K)->279700K(351232K)
[335.189s][info ][gc,metaspace   ] GC(70) Metaspace: 84393K(85312K)->84393K(85312K) NonClass: 72002K(72512K)->72002K(72512K) Class: 12390K(12800K)->12390K(12800K)
[335.189s][info ][gc             ] GC(70) Pause Young (Allocation Failure) 2135M->323M(2294M) 25.461ms
[335.189s][info ][gc,cpu         ] GC(70) User=0.07s Sys=0.00s Real=0.02s
[335.189s][info ][safepoint      ] Safepoint "ParallelGCFailedAllocation", Time since last: 18498558 ns, Reaching safepoint: 79800 ns, Cleanup: 3800 ns, At safepoint: 25537642 ns, Total: 25621242 ns
[336.189s][info ][safepoint      ] Safepoint "Cleanup", Time since last: 1000092148 ns, Reaching safepoint: 81200 ns, Cleanup: 14500 ns, At safepoint: 7200 ns, Total: 102900 ns
[339.189s][info ][safepoint      ] Safepoint "Cleanup", Time since last: 3000256043 ns, Reaching safepoint: 81400 ns, Cleanup: 17400 ns, At safepoint: 7600 ns, Total: 106400 ns
[340.090s][info ][gc,start       ] GC(71) Pause Young (Allocation Failure)
[340.111s][debug][gc,phases      ] GC(71) Scavenge 21.807ms
[340.111s][debug][gc,ref         ] GC(71) Skipped phase 1 of Reference Processing: no references
[340.112s][debug][gc,ref         ] GC(71) ReferenceProcessor::execute queues: 1, RefProcThreadModel::Single, marks_oops_alive: false
[340.112s][debug][gc,ref         ] GC(71) ReferenceProcessor::execute queues: 4, RefProcThreadModel::Multi, marks_oops_alive: true
[340.112s][debug][gc,ref         ] GC(71) ReferenceProcessor::execute queues: 1, RefProcThreadModel::Single, marks_oops_alive: false
[340.112s][debug][gc,phases      ] GC(71) Reference Processing 0.283ms
[340.112s][debug][gc,phases      ] GC(71)   VM Weak                        Min:  0.0, Avg:  0.0, Max:  0.0, Diff:  0.0, Sum:  0.0, Workers: 4
[340.112s][debug][gc,phases      ] GC(71)     Dead                           Min: 0, Avg:  0.0, Max: 0, Diff: 0, Sum: 0, Workers: 4
[340.112s][debug][gc,phases      ] GC(71)     Total                          Min: 0, Avg: 182.2, Max: 537, Diff: 537, Sum: 729, Workers: 4
[340.112s][debug][gc,phases      ] GC(71)   ObjectSynchronizer Weak        Min:  0.0, Avg:  0.0, Max:  0.0, Diff:  0.0, Sum:  0.0, Workers: 4
[340.112s][debug][gc,phases      ] GC(71)     Dead                           Min: 0, Avg:  0.0, Max: 0, Diff: 0, Sum: 0, Workers: 4
[340.112s][debug][gc,phases      ] GC(71)     Total                          Min: 0, Avg:  1.5, Max: 6, Diff: 6, Sum: 6, Workers: 4
[340.112s][debug][gc,phases      ] GC(71)   JVMTI Tag Weak OopStorage      Min:  0.0, Avg:  0.0, Max:  0.0, Diff:  0.0, Sum:  0.0, Workers: 4
[340.112s][debug][gc,phases      ] GC(71)     Dead                           Min: 0, Avg:  0.0, Max: 0, Diff: 0, Sum: 0, Workers: 4
[340.112s][debug][gc,phases      ] GC(71)     Total                          Min: 0, Avg:  0.0, Max: 0, Diff: 0, Sum: 0, Workers: 4
[340.112s][debug][gc,phases      ] GC(71)   StringTable Weak               Min:  0.0, Avg:  0.1, Max:  0.1, Diff:  0.1, Sum:  0.4, Workers: 4
[340.112s][debug][gc,phases      ] GC(71)     Dead                           Min: 0, Avg:  0.0, Max: 0, Diff: 0, Sum: 0, Workers: 4
[340.112s][debug][gc,phases      ] GC(71)     Total                          Min: 0, Avg: 10960.0, Max: 18368, Diff: 18368, Sum: 43840, Workers: 4
[340.112s][debug][gc,phases      ] GC(71)   ResolvedMethodTable Weak       Min:  0.0, Avg:  0.0, Max:  0.0, Diff:  0.0, Sum:  0.1, Workers: 4
[340.112s][debug][gc,phases      ] GC(71)     Dead                           Min: 0, Avg:  0.0, Max: 0, Diff: 0, Sum: 0, Workers: 4
[340.112s][debug][gc,phases      ] GC(71)     Total                          Min: 0, Avg: 2584.0, Max: 4480, Diff: 4480, Sum: 10336, Workers: 4
[340.112s][debug][gc,phases      ] GC(71)   JNI Weak                       Min:  0.0, Avg:  0.0, Max:  0.0, Diff:  0.0, Sum:  0.0, Workers: 4
[340.112s][debug][gc,phases      ] GC(71)     Dead                           Min: 0, Avg:  0.0, Max: 0, Diff: 0, Sum: 0, Workers: 4
[340.112s][debug][gc,phases      ] GC(71)     Total                          Min: 0, Avg: 11.2, Max: 45, Diff: 45, Sum: 45, Workers: 4
[340.112s][debug][gc,phases      ] GC(71)   StringDedup Table Weak         Min:  0.0, Avg:  0.0, Max:  0.0, Diff:  0.0, Sum:  0.0, Workers: 4
[340.112s][debug][gc,phases      ] GC(71)     Dead                           Min: 0, Avg:  0.0, Max: 0, Diff: 0, Sum: 0, Workers: 4
[340.112s][debug][gc,phases      ] GC(71)     Total                          Min: 0, Avg:  0.0, Max: 0, Diff: 0, Sum: 0, Workers: 4
[340.112s][debug][gc,phases      ] GC(71)   StringDedup Requests0 Weak     Min:  0.0, Avg:  0.0, Max:  0.0, Diff:  0.0, Sum:  0.0, Workers: 4
[340.112s][debug][gc,phases      ] GC(71)     Dead                           Min: 0, Avg:  0.0, Max: 0, Diff: 0, Sum: 0, Workers: 4
[340.112s][debug][gc,phases      ] GC(71)     Total                          Min: 0, Avg:  0.0, Max: 0, Diff: 0, Sum: 0, Workers: 4
[340.112s][debug][gc,phases      ] GC(71)   StringDedup Requests1 Weak     Min:  0.0, Avg:  0.0, Max:  0.0, Diff:  0.0, Sum:  0.0, Workers: 4
[340.112s][debug][gc,phases      ] GC(71)     Dead                           Min: 0, Avg:  0.0, Max: 0, Diff: 0, Sum: 0, Workers: 4
[340.112s][debug][gc,phases      ] GC(71)     Total                          Min: 0, Avg:  0.0, Max: 0, Diff: 0, Sum: 0, Workers: 4
[340.112s][debug][gc,phases      ] GC(71)   Weak JFR Old Object Samples    Min:  0.0, Avg:  0.0, Max:  0.0, Diff:  0.0, Sum:  0.0, Workers: 4
[340.112s][debug][gc,phases      ] GC(71)     Dead                           Min: 0, Avg:  0.0, Max: 0, Diff: 0, Sum: 0, Workers: 4
[340.112s][debug][gc,phases      ] GC(71)     Total                          Min: 0, Avg:  0.0, Max: 0, Diff: 0, Sum: 0, Workers: 4
[340.112s][debug][gc,phases      ] GC(71) Weak Processing 0.343ms
[340.112s][debug][gc,age         ] GC(71) Desired survivor size 103284736 bytes, new threshold 15 (max threshold 15)
[340.112s][info ][gc,heap        ] GC(71) PSYoungGen: 1954076K(1997824K)->57884K(1960960K) Eden: 1902592K(1902592K)->0K(1902592K) From: 51484K(95232K)->57884K(58368K)
[340.112s][info ][gc,heap        ] GC(71) ParOldGen: 279700K(351232K)->279724K(351232K)
[340.112s][info ][gc,metaspace   ] GC(71) Metaspace: 84400K(85312K)->84400K(85312K) NonClass: 72009K(72512K)->72009K(72512K) Class: 12390K(12800K)->12390K(12800K)
[340.112s][info ][gc             ] GC(71) Pause Young (Allocation Failure) 2181M->329M(2258M) 22.551ms
[340.112s][info ][gc,cpu         ] GC(71) User=0.06s Sys=0.01s Real=0.03s
[340.112s][info ][safepoint      ] Safepoint "ParallelGCFailedAllocation", Time since last: 900266773 ns, Reaching safepoint: 4600 ns, Cleanup: 12600 ns, At safepoint: 22621049 ns, Total: 22638249 ns
[342.112s][info ][safepoint      ] Safepoint "Cleanup", Time since last: 2000101598 ns, Reaching safepoint: 4200 ns, Cleanup: 22600 ns, At safepoint: 2200 ns, Total: 29000 ns
[343.112s][info ][safepoint      ] Safepoint "Cleanup", Time since last: 1000096799 ns, Reaching safepoint: 4000 ns, Cleanup: 8200 ns, At safepoint: 1900 ns, Total: 14100 ns
[343.437s][info ][gc,start       ] GC(72) Pause Young (Allocation Failure)
[343.445s][debug][gc,phases      ] GC(72) Scavenge 8.427ms
[343.445s][debug][gc,ref         ] GC(72) Skipped phase 1 of Reference Processing: no references
[343.445s][debug][gc,ref         ] GC(72) ReferenceProcessor::execute queues: 1, RefProcThreadModel::Single, marks_oops_alive: false
[343.445s][debug][gc,ref         ] GC(72) Skipped phase 3 of Reference Processing: no references
[343.445s][debug][gc,ref         ] GC(72) ReferenceProcessor::execute queues: 1, RefProcThreadModel::Single, marks_oops_alive: false
[343.445s][debug][gc,phases      ] GC(72) Reference Processing 0.097ms
[343.446s][debug][gc,phases      ] GC(72)   VM Weak                        Min:  0.0, Avg:  0.0, Max:  0.0, Diff:  0.0, Sum:  0.0, Workers: 4
[343.446s][debug][gc,phases      ] GC(72)     Dead                           Min: 0, Avg:  0.0, Max: 0, Diff: 0, Sum: 0, Workers: 4
[343.446s][debug][gc,phases      ] GC(72)     Total                          Min: 0, Avg: 182.2, Max: 729, Diff: 729, Sum: 729, Workers: 4
[343.446s][debug][gc,phases      ] GC(72)   ObjectSynchronizer Weak        Min:  0.0, Avg:  0.0, Max:  0.0, Diff:  0.0, Sum:  0.0, Workers: 4
[343.446s][debug][gc,phases      ] GC(72)     Dead                           Min: 0, Avg:  0.0, Max: 0, Diff: 0, Sum: 0, Workers: 4
[343.446s][debug][gc,phases      ] GC(72)     Total                          Min: 0, Avg:  1.5, Max: 6, Diff: 6, Sum: 6, Workers: 4
[343.446s][debug][gc,phases      ] GC(72)   JVMTI Tag Weak OopStorage      Min:  0.0, Avg:  0.0, Max:  0.0, Diff:  0.0, Sum:  0.0, Workers: 4
[343.446s][debug][gc,phases      ] GC(72)     Dead                           Min: 0, Avg:  0.0, Max: 0, Diff: 0, Sum: 0, Workers: 4
[343.446s][debug][gc,phases      ] GC(72)     Total                          Min: 0, Avg:  0.0, Max: 0, Diff: 0, Sum: 0, Workers: 4
[343.446s][debug][gc,phases      ] GC(72)   StringTable Weak               Min:  0.0, Avg:  0.1, Max:  0.1, Diff:  0.1, Sum:  0.4, Workers: 4
[343.446s][debug][gc,phases      ] GC(72)     Dead                           Min: 0, Avg:  0.0, Max: 0, Diff: 0, Sum: 0, Workers: 4
[343.446s][debug][gc,phases      ] GC(72)     Total                          Min: 0, Avg: 10960.8, Max: 18816, Diff: 18816, Sum: 43843, Workers: 4
[343.446s][debug][gc,phases      ] GC(72)   ResolvedMethodTable Weak       Min:  0.0, Avg:  0.0, Max:  0.0, Diff:  0.0, Sum:  0.1, Workers: 4
[343.446s][debug][gc,phases      ] GC(72)     Dead                           Min: 0, Avg:  0.0, Max: 0, Diff: 0, Sum: 0, Workers: 4
[343.446s][debug][gc,phases      ] GC(72)     Total                          Min: 0, Avg: 2584.0, Max: 3520, Diff: 3520, Sum: 10336, Workers: 4
[343.446s][debug][gc,phases      ] GC(72)   JNI Weak                       Min:  0.0, Avg:  0.0, Max:  0.0, Diff:  0.0, Sum:  0.0, Workers: 4
[343.446s][debug][gc,phases      ] GC(72)     Dead                           Min: 0, Avg:  0.0, Max: 0, Diff: 0, Sum: 0, Workers: 4
[343.446s][debug][gc,phases      ] GC(72)     Total                          Min: 0, Avg: 11.2, Max: 45, Diff: 45, Sum: 45, Workers: 4
[343.446s][debug][gc,phases      ] GC(72)   StringDedup Table Weak         Min:  0.0, Avg:  0.0, Max:  0.0, Diff:  0.0, Sum:  0.0, Workers: 4
[343.446s][debug][gc,phases      ] GC(72)     Dead                           Min: 0, Avg:  0.0, Max: 0, Diff: 0, Sum: 0, Workers: 4
[343.446s][debug][gc,phases      ] GC(72)     Total                          Min: 0, Avg:  0.0, Max: 0, Diff: 0, Sum: 0, Workers: 4
[343.446s][debug][gc,phases      ] GC(72)   StringDedup Requests0 Weak     Min:  0.0, Avg:  0.0, Max:  0.0, Diff:  0.0, Sum:  0.0, Workers: 4
[343.446s][debug][gc,phases      ] GC(72)     Dead                           Min: 0, Avg:  0.0, Max: 0, Diff: 0, Sum: 0, Workers: 4
[343.446s][debug][gc,phases      ] GC(72)     Total                          Min: 0, Avg:  0.0, Max: 0, Diff: 0, Sum: 0, Workers: 4
[343.446s][debug][gc,phases      ] GC(72)   StringDedup Requests1 Weak     Min:  0.0, Avg:  0.0, Max:  0.0, Diff:  0.0, Sum:  0.0, Workers: 4
[343.446s][debug][gc,phases      ] GC(72)     Dead                           Min: 0, Avg:  0.0, Max: 0, Diff: 0, Sum: 0, Workers: 4
[343.446s][debug][gc,phases      ] GC(72)     Total                          Min: 0, Avg:  0.0, Max: 0, Diff: 0, Sum: 0, Workers: 4
[343.446s][debug][gc,phases      ] GC(72)   Weak JFR Old Object Samples    Min:  0.0, Avg:  0.0, Max:  0.0, Diff:  0.0, Sum:  0.0, Workers: 4
[343.446s][debug][gc,phases      ] GC(72)     Dead                           Min: 0, Avg:  0.0, Max: 0, Diff: 0, Sum: 0, Workers: 4
[343.446s][debug][gc,phases      ] GC(72)     Total                          Min: 0, Avg:  0.0, Max: 0, Diff: 0, Sum: 0, Workers: 4
[343.446s][debug][gc,phases      ] GC(72) Weak Processing 0.347ms
[343.446s][debug][gc,age         ] GC(72) Desired survivor size 100663296 bytes, new threshold 15 (max threshold 15)
[343.446s][info ][gc,heap        ] GC(72) PSYoungGen: 1960476K(1960960K)->7382K(1998848K) Eden: 1902592K(1902592K)->0K(1897984K) From: 57884K(58368K)->7382K(100864K)
[343.446s][info ][gc,heap        ] GC(72) ParOldGen: 279724K(351232K)->279905K(351232K)
[343.446s][info ][gc,metaspace   ] GC(72) Metaspace: 84408K(85312K)->84408K(85312K) NonClass: 72017K(72512K)->72017K(72512K) Class: 12390K(12800K)->12390K(12800K)
[343.446s][info ][gc             ] GC(72) Pause Young (Allocation Failure) 2187M->280M(2295M) 8.989ms
[343.446s][info ][gc,cpu         ] GC(72) User=0.03s Sys=0.00s Real=0.01s
[343.446s][info ][safepoint      ] Safepoint "ParallelGCFailedAllocation", Time since last: 324332687 ns, Reaching safepoint: 4300 ns, Cleanup: 4100 ns, At safepoint: 9057980 ns, Total: 9066380 ns
[346.240s][info ][gc,start       ] GC(73) Pause Young (Allocation Failure)
[346.245s][debug][gc,phases      ] GC(73) Scavenge 5.677ms
[346.245s][debug][gc,ref         ] GC(73) Skipped phase 1 of Reference Processing: no references
[346.245s][debug][gc,ref         ] GC(73) ReferenceProcessor::execute queues: 1, RefProcThreadModel::Single, marks_oops_alive: false
[346.245s][debug][gc,ref         ] GC(73) Skipped phase 3 of Reference Processing: no references
[346.245s][debug][gc,ref         ] GC(73) ReferenceProcessor::execute queues: 1, RefProcThreadModel::Single, marks_oops_alive: false
[346.245s][debug][gc,phases      ] GC(73) Reference Processing 0.093ms
[346.246s][debug][gc,phases      ] GC(73)   VM Weak                        Min:  0.0, Avg:  0.0, Max:  0.0, Diff:  0.0, Sum:  0.0, Workers: 4
[346.246s][debug][gc,phases      ] GC(73)     Dead                           Min: 0, Avg:  0.0, Max: 0, Diff: 0, Sum: 0, Workers: 4
[346.246s][debug][gc,phases      ] GC(73)     Total                          Min: 64, Avg: 182.2, Max: 384, Diff: 320, Sum: 729, Workers: 4
[346.246s][debug][gc,phases      ] GC(73)   ObjectSynchronizer Weak        Min:  0.0, Avg:  0.0, Max:  0.0, Diff:  0.0, Sum:  0.0, Workers: 4
[346.246s][debug][gc,phases      ] GC(73)     Dead                           Min: 0, Avg:  0.0, Max: 0, Diff: 0, Sum: 0, Workers: 4
[346.246s][debug][gc,phases      ] GC(73)     Total                          Min: 0, Avg:  1.5, Max: 6, Diff: 6, Sum: 6, Workers: 4
[346.246s][debug][gc,phases      ] GC(73)   JVMTI Tag Weak OopStorage      Min:  0.0, Avg:  0.0, Max:  0.0, Diff:  0.0, Sum:  0.0, Workers: 4
[346.246s][debug][gc,phases      ] GC(73)     Dead                           Min: 0, Avg:  0.0, Max: 0, Diff: 0, Sum: 0, Workers: 4
[346.246s][debug][gc,phases      ] GC(73)     Total                          Min: 0, Avg:  0.0, Max: 0, Diff: 0, Sum: 0, Workers: 4
[346.246s][debug][gc,phases      ] GC(73)   StringTable Weak               Min:  0.1, Avg:  0.1, Max:  0.1, Diff:  0.0, Sum:  0.5, Workers: 4
[346.246s][debug][gc,phases      ] GC(73)     Dead                           Min: 0, Avg:  0.0, Max: 0, Diff: 0, Sum: 0, Workers: 4
[346.246s][debug][gc,phases      ] GC(73)     Total                          Min: 9664, Avg: 10960.8, Max: 11651, Diff: 1987, Sum: 43843, Workers: 4
[346.246s][debug][gc,phases      ] GC(73)   ResolvedMethodTable Weak       Min:  0.0, Avg:  0.0, Max:  0.0, Diff:  0.0, Sum:  0.1, Workers: 4
[346.246s][debug][gc,phases      ] GC(73)     Dead                           Min: 0, Avg:  0.0, Max: 0, Diff: 0, Sum: 0, Workers: 4
[346.246s][debug][gc,phases      ] GC(73)     Total                          Min: 2496, Avg: 2584.0, Max: 2688, Diff: 192, Sum: 10336, Workers: 4
[346.246s][debug][gc,phases      ] GC(73)   JNI Weak                       Min:  0.0, Avg:  0.0, Max:  0.0, Diff:  0.0, Sum:  0.0, Workers: 4
[346.246s][debug][gc,phases      ] GC(73)     Dead                           Min: 0, Avg:  0.0, Max: 0, Diff: 0, Sum: 0, Workers: 4
[346.246s][debug][gc,phases      ] GC(73)     Total                          Min: 0, Avg: 11.2, Max: 45, Diff: 45, Sum: 45, Workers: 4
[346.246s][debug][gc,phases      ] GC(73)   StringDedup Table Weak         Min:  0.0, Avg:  0.0, Max:  0.0, Diff:  0.0, Sum:  0.0, Workers: 4
[346.246s][debug][gc,phases      ] GC(73)     Dead                           Min: 0, Avg:  0.0, Max: 0, Diff: 0, Sum: 0, Workers: 4
[346.246s][debug][gc,phases      ] GC(73)     Total                          Min: 0, Avg:  0.0, Max: 0, Diff: 0, Sum: 0, Workers: 4
[346.246s][debug][gc,phases      ] GC(73)   StringDedup Requests0 Weak     Min:  0.0, Avg:  0.0, Max:  0.0, Diff:  0.0, Sum:  0.0, Workers: 4
[346.246s][debug][gc,phases      ] GC(73)     Dead                           Min: 0, Avg:  0.0, Max: 0, Diff: 0, Sum: 0, Workers: 4
[346.246s][debug][gc,phases      ] GC(73)     Total                          Min: 0, Avg:  0.0, Max: 0, Diff: 0, Sum: 0, Workers: 4
[346.246s][debug][gc,phases      ] GC(73)   StringDedup Requests1 Weak     Min:  0.0, Avg:  0.0, Max:  0.0, Diff:  0.0, Sum:  0.0, Workers: 4
[346.246s][debug][gc,phases      ] GC(73)     Dead                           Min: 0, Avg:  0.0, Max: 0, Diff: 0, Sum: 0, Workers: 4
[346.246s][debug][gc,phases      ] GC(73)     Total                          Min: 0, Avg:  0.0, Max: 0, Diff: 0, Sum: 0, Workers: 4
[346.246s][debug][gc,phases      ] GC(73)   Weak JFR Old Object Samples    Min:  0.0, Avg:  0.0, Max:  0.0, Diff:  0.0, Sum:  0.0, Workers: 4
[346.246s][debug][gc,phases      ] GC(73)     Dead                           Min: 0, Avg:  0.0, Max: 0, Diff: 0, Sum: 0, Workers: 4
[346.246s][debug][gc,phases      ] GC(73)     Total                          Min: 0, Avg:  0.0, Max: 0, Diff: 0, Sum: 0, Workers: 4
[346.246s][debug][gc,phases      ] GC(73) Weak Processing 0.319ms
[346.246s][debug][gc,age         ] GC(73) Desired survivor size 98041856 bytes, new threshold 15 (max threshold 15)
[346.246s][info ][gc,heap        ] GC(73) PSYoungGen: 1905366K(1998848K)->7436K(1996288K) Eden: 1897984K(1897984K)->0K(1897984K) From: 7382K(100864K)->7436K(98304K)
[346.246s][info ][gc,heap        ] GC(73) ParOldGen: 279905K(351232K)->279921K(351232K)
[346.246s][info ][gc,metaspace   ] GC(73) Metaspace: 84409K(85312K)->84409K(85312K) NonClass: 72018K(72512K)->72018K(72512K) Class: 12390K(12800K)->12390K(12800K)
[346.246s][info ][gc             ] GC(73) Pause Young (Allocation Failure) 2134M->280M(2292M) 6.204ms
[346.246s][info ][gc,cpu         ] GC(73) User=0.02s Sys=0.00s Real=0.01s
[346.246s][info ][safepoint      ] Safepoint "ParallelGCFailedAllocation", Time since last: 2793716752 ns, Reaching safepoint: 6100 ns, Cleanup: 10600 ns, At safepoint: 6277786 ns, Total: 6294486 ns
[349.049s][info ][gc,start       ] GC(74) Pause Young (Allocation Failure)
[349.054s][debug][gc,phases      ] GC(74) Scavenge 5.236ms
[349.054s][debug][gc,ref         ] GC(74) Skipped phase 1 of Reference Processing: no references
[349.054s][debug][gc,ref         ] GC(74) ReferenceProcessor::execute queues: 1, RefProcThreadModel::Single, marks_oops_alive: false
[349.054s][debug][gc,ref         ] GC(74) Skipped phase 3 of Reference Processing: no references
[349.054s][debug][gc,ref         ] GC(74) ReferenceProcessor::execute queues: 1, RefProcThreadModel::Single, marks_oops_alive: false
[349.054s][debug][gc,phases      ] GC(74) Reference Processing 0.096ms
[349.054s][debug][gc,phases      ] GC(74)   VM Weak                        Min:  0.0, Avg:  0.0, Max:  0.0, Diff:  0.0, Sum:  0.0, Workers: 4
[349.054s][debug][gc,phases      ] GC(74)     Dead                           Min: 0, Avg:  0.0, Max: 0, Diff: 0, Sum: 0, Workers: 4
[349.054s][debug][gc,phases      ] GC(74)     Total                          Min: 0, Avg: 182.2, Max: 729, Diff: 729, Sum: 729, Workers: 4
[349.054s][debug][gc,phases      ] GC(74)   ObjectSynchronizer Weak        Min:  0.0, Avg:  0.0, Max:  0.0, Diff:  0.0, Sum:  0.0, Workers: 4
[349.054s][debug][gc,phases      ] GC(74)     Dead                           Min: 0, Avg:  0.0, Max: 0, Diff: 0, Sum: 0, Workers: 4
[349.054s][debug][gc,phases      ] GC(74)     Total                          Min: 0, Avg:  1.5, Max: 6, Diff: 6, Sum: 6, Workers: 4
[349.054s][debug][gc,phases      ] GC(74)   JVMTI Tag Weak OopStorage      Min:  0.0, Avg:  0.0, Max:  0.0, Diff:  0.0, Sum:  0.0, Workers: 4
[349.054s][debug][gc,phases      ] GC(74)     Dead                           Min: 0, Avg:  0.0, Max: 0, Diff: 0, Sum: 0, Workers: 4
[349.054s][debug][gc,phases      ] GC(74)     Total                          Min: 0, Avg:  0.0, Max: 0, Diff: 0, Sum: 0, Workers: 4
[349.054s][debug][gc,phases      ] GC(74)   StringTable Weak               Min:  0.0, Avg:  0.1, Max:  0.1, Diff:  0.1, Sum:  0.4, Workers: 4
[349.054s][debug][gc,phases      ] GC(74)     Dead                           Min: 0, Avg:  0.0, Max: 0, Diff: 0, Sum: 0, Workers: 4
[349.054s][debug][gc,phases      ] GC(74)     Total                          Min: 0, Avg: 10960.8, Max: 18752, Diff: 18752, Sum: 43843, Workers: 4
[349.054s][debug][gc,phases      ] GC(74)   ResolvedMethodTable Weak       Min:  0.0, Avg:  0.0, Max:  0.0, Diff:  0.0, Sum:  0.1, Workers: 4
[349.054s][debug][gc,phases      ] GC(74)     Dead                           Min: 0, Avg:  0.0, Max: 0, Diff: 0, Sum: 0, Workers: 4
[349.054s][debug][gc,phases      ] GC(74)     Total                          Min: 0, Avg: 2584.0, Max: 4544, Diff: 4544, Sum: 10336, Workers: 4
[349.054s][debug][gc,phases      ] GC(74)   JNI Weak                       Min:  0.0, Avg:  0.0, Max:  0.0, Diff:  0.0, Sum:  0.0, Workers: 4
[349.054s][debug][gc,phases      ] GC(74)     Dead                           Min: 0, Avg:  0.0, Max: 0, Diff: 0, Sum: 0, Workers: 4
[349.054s][debug][gc,phases      ] GC(74)     Total                          Min: 0, Avg: 11.2, Max: 45, Diff: 45, Sum: 45, Workers: 4
[349.054s][debug][gc,phases      ] GC(74)   StringDedup Table Weak         Min:  0.0, Avg:  0.0, Max:  0.0, Diff:  0.0, Sum:  0.0, Workers: 4
[349.054s][debug][gc,phases      ] GC(74)     Dead                           Min: 0, Avg:  0.0, Max: 0, Diff: 0, Sum: 0, Workers: 4
[349.054s][debug][gc,phases      ] GC(74)     Total                          Min: 0, Avg:  0.0, Max: 0, Diff: 0, Sum: 0, Workers: 4
[349.054s][debug][gc,phases      ] GC(74)   StringDedup Requests0 Weak     Min:  0.0, Avg:  0.0, Max:  0.0, Diff:  0.0, Sum:  0.0, Workers: 4
[349.054s][debug][gc,phases      ] GC(74)     Dead                           Min: 0, Avg:  0.0, Max: 0, Diff: 0, Sum: 0, Workers: 4
[349.054s][debug][gc,phases      ] GC(74)     Total                          Min: 0, Avg:  0.0, Max: 0, Diff: 0, Sum: 0, Workers: 4
[349.054s][debug][gc,phases      ] GC(74)   StringDedup Requests1 Weak     Min:  0.0, Avg:  0.0, Max:  0.0, Diff:  0.0, Sum:  0.0, Workers: 4
[349.054s][debug][gc,phases      ] GC(74)     Dead                           Min: 0, Avg:  0.0, Max: 0, Diff: 0, Sum: 0, Workers: 4
[349.054s][debug][gc,phases      ] GC(74)     Total                          Min: 0, Avg:  0.0, Max: 0, Diff: 0, Sum: 0, Workers: 4
[349.054s][debug][gc,phases      ] GC(74)   Weak JFR Old Object Samples    Min:  0.0, Avg:  0.0, Max:  0.0, Diff:  0.0, Sum:  0.0, Workers: 4
[349.054s][debug][gc,phases      ] GC(74)     Dead                           Min: 0, Avg:  0.0, Max: 0, Diff: 0, Sum: 0, Workers: 4
[349.054s][debug][gc,phases      ] GC(74)     Total                          Min: 0, Avg:  0.0, Max: 0, Diff: 0, Sum: 0, Workers: 4
[349.054s][debug][gc,phases      ] GC(74) Weak Processing 0.331ms
[349.054s][debug][gc,age         ] GC(74) Desired survivor size 94896128 bytes, new threshold 15 (max threshold 15)
[349.054s][info ][gc,heap        ] GC(74) PSYoungGen: 1905420K(1996288K)->7286K(2004480K) Eden: 1897984K(1897984K)->0K(1908736K) From: 7436K(98304K)->7286K(95744K)
[349.054s][info ][gc,heap        ] GC(74) ParOldGen: 279921K(351232K)->280049K(351232K)
[349.054s][info ][gc,metaspace   ] GC(74) Metaspace: 84409K(85312K)->84409K(85312K) NonClass: 72018K(72512K)->72018K(72512K) Class: 12390K(12800K)->12390K(12800K)
[349.054s][info ][gc             ] GC(74) Pause Young (Allocation Failure) 2134M->280M(2300M) 5.782ms
[349.054s][info ][gc,cpu         ] GC(74) User=0.01s Sys=0.00s Real=0.01s
[349.054s][info ][safepoint      ] Safepoint "ParallelGCFailedAllocation", Time since last: 2802745133 ns, Reaching safepoint: 6200 ns, Cleanup: 4700 ns, At safepoint: 5857887 ns, Total: 5868787 ns
[354.055s][info ][safepoint      ] Safepoint "Cleanup", Time since last: 5000288672 ns, Reaching safepoint: 73500 ns, Cleanup: 25800 ns, At safepoint: 7800 ns, Total: 107100 ns
[355.055s][info ][safepoint      ] Safepoint "Cleanup", Time since last: 1000332642 ns, Reaching safepoint: 4700 ns, Cleanup: 15400 ns, At safepoint: 2100 ns, Total: 22200 ns
[355.130s][info ][gc,start       ] GC(75) Pause Young (Allocation Failure)
[355.153s][debug][gc,phases      ] GC(75) Scavenge 23.473ms
[355.153s][debug][gc,ref         ] GC(75) Skipped phase 1 of Reference Processing: no references
[355.153s][debug][gc,ref         ] GC(75) ReferenceProcessor::execute queues: 1, RefProcThreadModel::Single, marks_oops_alive: false
[355.154s][debug][gc,ref         ] GC(75) Skipped phase 3 of Reference Processing: no references
[355.154s][debug][gc,ref         ] GC(75) ReferenceProcessor::execute queues: 1, RefProcThreadModel::Single, marks_oops_alive: false
[355.154s][debug][gc,phases      ] GC(75) Reference Processing 0.103ms
[355.154s][debug][gc,phases      ] GC(75)   VM Weak                        Min:  0.0, Avg:  0.0, Max:  0.0, Diff:  0.0, Sum:  0.0, Workers: 4
[355.154s][debug][gc,phases      ] GC(75)     Dead                           Min: 0, Avg:  0.0, Max: 0, Diff: 0, Sum: 0, Workers: 4
[355.154s][debug][gc,phases      ] GC(75)     Total                          Min: 0, Avg: 182.2, Max: 448, Diff: 448, Sum: 729, Workers: 4
[355.154s][debug][gc,phases      ] GC(75)   ObjectSynchronizer Weak        Min:  0.0, Avg:  0.0, Max:  0.0, Diff:  0.0, Sum:  0.0, Workers: 4
[355.154s][debug][gc,phases      ] GC(75)     Dead                           Min: 0, Avg:  0.0, Max: 0, Diff: 0, Sum: 0, Workers: 4
[355.154s][debug][gc,phases      ] GC(75)     Total                          Min: 0, Avg:  1.5, Max: 6, Diff: 6, Sum: 6, Workers: 4
[355.154s][debug][gc,phases      ] GC(75)   JVMTI Tag Weak OopStorage      Min:  0.0, Avg:  0.0, Max:  0.0, Diff:  0.0, Sum:  0.0, Workers: 4
[355.154s][debug][gc,phases      ] GC(75)     Dead                           Min: 0, Avg:  0.0, Max: 0, Diff: 0, Sum: 0, Workers: 4
[355.154s][debug][gc,phases      ] GC(75)     Total                          Min: 0, Avg:  0.0, Max: 0, Diff: 0, Sum: 0, Workers: 4
[355.154s][debug][gc,phases      ] GC(75)   StringTable Weak               Min:  0.0, Avg:  0.1, Max:  0.1, Diff:  0.1, Sum:  0.4, Workers: 4
[355.154s][debug][gc,phases      ] GC(75)     Dead                           Min: 0, Avg:  0.0, Max: 0, Diff: 0, Sum: 0, Workers: 4
[355.154s][debug][gc,phases      ] GC(75)     Total                          Min: 0, Avg: 10961.5, Max: 18502, Diff: 18502, Sum: 43846, Workers: 4
[355.154s][debug][gc,phases      ] GC(75)   ResolvedMethodTable Weak       Min:  0.0, Avg:  0.0, Max:  0.0, Diff:  0.0, Sum:  0.1, Workers: 4
[355.154s][debug][gc,phases      ] GC(75)     Dead                           Min: 0, Avg:  0.0, Max: 0, Diff: 0, Sum: 0, Workers: 4
[355.154s][debug][gc,phases      ] GC(75)     Total                          Min: 0, Avg: 2584.0, Max: 4416, Diff: 4416, Sum: 10336, Workers: 4
[355.154s][debug][gc,phases      ] GC(75)   JNI Weak                       Min:  0.0, Avg:  0.0, Max:  0.0, Diff:  0.0, Sum:  0.0, Workers: 4
[355.154s][debug][gc,phases      ] GC(75)     Dead                           Min: 0, Avg:  0.0, Max: 0, Diff: 0, Sum: 0, Workers: 4
[355.154s][debug][gc,phases      ] GC(75)     Total                          Min: 0, Avg: 11.2, Max: 45, Diff: 45, Sum: 45, Workers: 4
[355.154s][debug][gc,phases      ] GC(75)   StringDedup Table Weak         Min:  0.0, Avg:  0.0, Max:  0.0, Diff:  0.0, Sum:  0.0, Workers: 4
[355.154s][debug][gc,phases      ] GC(75)     Dead                           Min: 0, Avg:  0.0, Max: 0, Diff: 0, Sum: 0, Workers: 4
[355.154s][debug][gc,phases      ] GC(75)     Total                          Min: 0, Avg:  0.0, Max: 0, Diff: 0, Sum: 0, Workers: 4
[355.154s][debug][gc,phases      ] GC(75)   StringDedup Requests0 Weak     Min:  0.0, Avg:  0.0, Max:  0.0, Diff:  0.0, Sum:  0.0, Workers: 4
[355.154s][debug][gc,phases      ] GC(75)     Dead                           Min: 0, Avg:  0.0, Max: 0, Diff: 0, Sum: 0, Workers: 4
[355.154s][debug][gc,phases      ] GC(75)     Total                          Min: 0, Avg:  0.0, Max: 0, Diff: 0, Sum: 0, Workers: 4
[355.154s][debug][gc,phases      ] GC(75)   StringDedup Requests1 Weak     Min:  0.0, Avg:  0.0, Max:  0.0, Diff:  0.0, Sum:  0.0, Workers: 4
[355.154s][debug][gc,phases      ] GC(75)     Dead                           Min: 0, Avg:  0.0, Max: 0, Diff: 0, Sum: 0, Workers: 4
[355.154s][debug][gc,phases      ] GC(75)     Total                          Min: 0, Avg:  0.0, Max: 0, Diff: 0, Sum: 0, Workers: 4
[355.154s][debug][gc,phases      ] GC(75)   Weak JFR Old Object Samples    Min:  0.0, Avg:  0.0, Max:  0.0, Diff:  0.0, Sum:  0.0, Workers: 4
[355.154s][debug][gc,phases      ] GC(75)     Dead                           Min: 0, Avg:  0.0, Max: 0, Diff: 0, Sum: 0, Workers: 4
[355.154s][debug][gc,phases      ] GC(75)     Total                          Min: 0, Avg:  0.0, Max: 0, Diff: 0, Sum: 0, Workers: 4
[355.154s][debug][gc,phases      ] GC(75) Weak Processing 0.337ms
[355.154s][debug][gc,age         ] GC(75) Desired survivor size 99614720 bytes, new threshold 15 (max threshold 15)
[355.154s][info ][gc,heap        ] GC(75) PSYoungGen: 1916022K(2004480K)->57500K(1966592K) Eden: 1908736K(1908736K)->0K(1908736K) From: 7286K(95744K)->57500K(57856K)
[355.154s][info ][gc,heap        ] GC(75) ParOldGen: 280049K(351232K)->280081K(351232K)
[355.154s][info ][gc,metaspace   ] GC(75) Metaspace: 84421K(85312K)->84421K(85312K) NonClass: 72030K(72512K)->72030K(72512K) Class: 12390K(12800K)->12390K(12800K)
[355.154s][info ][gc             ] GC(75) Pause Young (Allocation Failure) 2144M->329M(2263M) 24.043ms
[355.154s][info ][gc,cpu         ] GC(75) User=0.08s Sys=0.00s Real=0.03s
[355.154s][info ][safepoint      ] Safepoint "ParallelGCFailedAllocation", Time since last: 74542932 ns, Reaching safepoint: 77300 ns, Cleanup: 5200 ns, At safepoint: 24113745 ns, Total: 24196245 ns
[357.154s][info ][safepoint      ] Safepoint "Cleanup", Time since last: 2000135886 ns, Reaching safepoint: 5200 ns, Cleanup: 25900 ns, At safepoint: 6500 ns, Total: 37600 ns
[358.154s][info ][safepoint      ] Safepoint "Cleanup", Time since last: 1000106147 ns, Reaching safepoint: 5000 ns, Cleanup: 11300 ns, At safepoint: 2000 ns, Total: 18300 ns
[358.830s][info ][gc,start       ] GC(76) Pause Young (Allocation Failure)
[358.839s][debug][gc,phases      ] GC(76) Scavenge 9.062ms
[358.839s][debug][gc,ref         ] GC(76) Skipped phase 1 of Reference Processing: no references
[358.840s][debug][gc,ref         ] GC(76) ReferenceProcessor::execute queues: 1, RefProcThreadModel::Single, marks_oops_alive: false
[358.840s][debug][gc,ref         ] GC(76) Skipped phase 3 of Reference Processing: no references
[358.840s][debug][gc,ref         ] GC(76) ReferenceProcessor::execute queues: 1, RefProcThreadModel::Single, marks_oops_alive: false
[358.840s][debug][gc,phases      ] GC(76) Reference Processing 0.132ms
[358.840s][debug][gc,phases      ] GC(76)   VM Weak                        Min:  0.0, Avg:  0.0, Max:  0.0, Diff:  0.0, Sum:  0.0, Workers: 4
[358.840s][debug][gc,phases      ] GC(76)     Dead                           Min: 0, Avg:  0.0, Max: 0, Diff: 0, Sum: 0, Workers: 4
[358.840s][debug][gc,phases      ] GC(76)     Total                          Min: 0, Avg: 182.2, Max: 384, Diff: 384, Sum: 729, Workers: 4
[358.840s][debug][gc,phases      ] GC(76)   ObjectSynchronizer Weak        Min:  0.0, Avg:  0.0, Max:  0.0, Diff:  0.0, Sum:  0.0, Workers: 4
[358.840s][debug][gc,phases      ] GC(76)     Dead                           Min: 0, Avg:  0.0, Max: 0, Diff: 0, Sum: 0, Workers: 4
[358.840s][debug][gc,phases      ] GC(76)     Total                          Min: 0, Avg:  1.5, Max: 6, Diff: 6, Sum: 6, Workers: 4
[358.840s][debug][gc,phases      ] GC(76)   JVMTI Tag Weak OopStorage      Min:  0.0, Avg:  0.0, Max:  0.0, Diff:  0.0, Sum:  0.0, Workers: 4
[358.840s][debug][gc,phases      ] GC(76)     Dead                           Min: 0, Avg:  0.0, Max: 0, Diff: 0, Sum: 0, Workers: 4
[358.840s][debug][gc,phases      ] GC(76)     Total                          Min: 0, Avg:  0.0, Max: 0, Diff: 0, Sum: 0, Workers: 4
[358.840s][debug][gc,phases      ] GC(76)   StringTable Weak               Min:  0.0, Avg:  0.1, Max:  0.1, Diff:  0.1, Sum:  0.4, Workers: 4
[358.840s][debug][gc,phases      ] GC(76)     Dead                           Min: 0, Avg:  0.0, Max: 0, Diff: 0, Sum: 0, Workers: 4
[358.840s][debug][gc,phases      ] GC(76)     Total                          Min: 0, Avg: 10961.8, Max: 15303, Diff: 15303, Sum: 43847, Workers: 4
[358.840s][debug][gc,phases      ] GC(76)   ResolvedMethodTable Weak       Min:  0.0, Avg:  0.0, Max:  0.1, Diff:  0.1, Sum:  0.2, Workers: 4
[358.840s][debug][gc,phases      ] GC(76)     Dead                           Min: 0, Avg:  0.0, Max: 0, Diff: 0, Sum: 0, Workers: 4
[358.840s][debug][gc,phases      ] GC(76)     Total                          Min: 0, Avg: 2584.2, Max: 4032, Diff: 4032, Sum: 10337, Workers: 4
[358.840s][debug][gc,phases      ] GC(76)   JNI Weak                       Min:  0.0, Avg:  0.0, Max:  0.0, Diff:  0.0, Sum:  0.0, Workers: 4
[358.840s][debug][gc,phases      ] GC(76)     Dead                           Min: 0, Avg:  0.0, Max: 0, Diff: 0, Sum: 0, Workers: 4
[358.840s][debug][gc,phases      ] GC(76)     Total                          Min: 0, Avg: 11.2, Max: 45, Diff: 45, Sum: 45, Workers: 4
[358.840s][debug][gc,phases      ] GC(76)   StringDedup Table Weak         Min:  0.0, Avg:  0.0, Max:  0.0, Diff:  0.0, Sum:  0.0, Workers: 4
[358.840s][debug][gc,phases      ] GC(76)     Dead                           Min: 0, Avg:  0.0, Max: 0, Diff: 0, Sum: 0, Workers: 4
[358.840s][debug][gc,phases      ] GC(76)     Total                          Min: 0, Avg:  0.0, Max: 0, Diff: 0, Sum: 0, Workers: 4
[358.840s][debug][gc,phases      ] GC(76)   StringDedup Requests0 Weak     Min:  0.0, Avg:  0.0, Max:  0.0, Diff:  0.0, Sum:  0.0, Workers: 4
[358.840s][debug][gc,phases      ] GC(76)     Dead                           Min: 0, Avg:  0.0, Max: 0, Diff: 0, Sum: 0, Workers: 4
[358.840s][debug][gc,phases      ] GC(76)     Total                          Min: 0, Avg:  0.0, Max: 0, Diff: 0, Sum: 0, Workers: 4
[358.840s][debug][gc,phases      ] GC(76)   StringDedup Requests1 Weak     Min:  0.0, Avg:  0.0, Max:  0.0, Diff:  0.0, Sum:  0.0, Workers: 4
[358.840s][debug][gc,phases      ] GC(76)     Dead                           Min: 0, Avg:  0.0, Max: 0, Diff: 0, Sum: 0, Workers: 4
[358.840s][debug][gc,phases      ] GC(76)     Total                          Min: 0, Avg:  0.0, Max: 0, Diff: 0, Sum: 0, Workers: 4
[358.840s][debug][gc,phases      ] GC(76)   Weak JFR Old Object Samples    Min:  0.0, Avg:  0.0, Max:  0.0, Diff:  0.0, Sum:  0.0, Workers: 4
[358.840s][debug][gc,phases      ] GC(76)     Dead                           Min: 0, Avg:  0.0, Max: 0, Diff: 0, Sum: 0, Workers: 4
[358.840s][debug][gc,phases      ] GC(76)     Total                          Min: 0, Avg:  0.0, Max: 0, Diff: 0, Sum: 0, Workers: 4
[358.840s][debug][gc,phases      ] GC(76) Weak Processing 0.374ms
[358.840s][debug][gc,age         ] GC(76) Desired survivor size 96468992 bytes, new threshold 15 (max threshold 15)
[358.840s][info ][gc,heap        ] GC(76) PSYoungGen: 1966236K(1966592K)->7446K(2002944K) Eden: 1908736K(1908736K)->0K(1905664K) From: 57500K(57856K)->7446K(97280K)
[358.840s][info ][gc,heap        ] GC(76) ParOldGen: 280081K(351232K)->280113K(351232K)
[358.840s][info ][gc,metaspace   ] GC(76) Metaspace: 84430K(85312K)->84430K(85312K) NonClass: 72039K(72512K)->72039K(72512K) Class: 12391K(12800K)->12391K(12800K)
[358.840s][info ][gc             ] GC(76) Pause Young (Allocation Failure) 2193M->280M(2299M) 9.694ms
[358.840s][info ][gc,cpu         ] GC(76) User=0.03s Sys=0.00s Real=0.02s
[358.840s][info ][safepoint      ] Safepoint "ParallelGCFailedAllocation", Time since last: 675979703 ns, Reaching safepoint: 4000 ns, Cleanup: 7400 ns, At safepoint: 9764278 ns, Total: 9775678 ns
[361.638s][info ][gc,start       ] GC(77) Pause Young (Allocation Failure)
[361.643s][debug][gc,phases      ] GC(77) Scavenge 5.717ms
[361.643s][debug][gc,ref         ] GC(77) Skipped phase 1 of Reference Processing: no references
[361.643s][debug][gc,ref         ] GC(77) ReferenceProcessor::execute queues: 1, RefProcThreadModel::Single, marks_oops_alive: false
[361.644s][debug][gc,ref         ] GC(77) Skipped phase 3 of Reference Processing: no references
[361.644s][debug][gc,ref         ] GC(77) ReferenceProcessor::execute queues: 1, RefProcThreadModel::Single, marks_oops_alive: false
[361.644s][debug][gc,phases      ] GC(77) Reference Processing 0.094ms
[361.644s][debug][gc,phases      ] GC(77)   VM Weak                        Min:  0.0, Avg:  0.0, Max:  0.0, Diff:  0.0, Sum:  0.0, Workers: 4
[361.644s][debug][gc,phases      ] GC(77)     Dead                           Min: 0, Avg:  0.0, Max: 0, Diff: 0, Sum: 0, Workers: 4
[361.644s][debug][gc,phases      ] GC(77)     Total                          Min: 0, Avg: 182.2, Max: 512, Diff: 512, Sum: 729, Workers: 4
[361.644s][debug][gc,phases      ] GC(77)   ObjectSynchronizer Weak        Min:  0.0, Avg:  0.0, Max:  0.0, Diff:  0.0, Sum:  0.0, Workers: 4
[361.644s][debug][gc,phases      ] GC(77)     Dead                           Min: 0, Avg:  0.0, Max: 0, Diff: 0, Sum: 0, Workers: 4
[361.644s][debug][gc,phases      ] GC(77)     Total                          Min: 0, Avg:  1.0, Max: 4, Diff: 4, Sum: 4, Workers: 4
[361.644s][debug][gc,phases      ] GC(77)   JVMTI Tag Weak OopStorage      Min:  0.0, Avg:  0.0, Max:  0.0, Diff:  0.0, Sum:  0.0, Workers: 4
[361.644s][debug][gc,phases      ] GC(77)     Dead                           Min: 0, Avg:  0.0, Max: 0, Diff: 0, Sum: 0, Workers: 4
[361.644s][debug][gc,phases      ] GC(77)     Total                          Min: 0, Avg:  0.0, Max: 0, Diff: 0, Sum: 0, Workers: 4
[361.644s][debug][gc,phases      ] GC(77)   StringTable Weak               Min:  0.0, Avg:  0.1, Max:  0.2, Diff:  0.2, Sum:  0.3, Workers: 4
[361.644s][debug][gc,phases      ] GC(77)     Dead                           Min: 0, Avg:  0.0, Max: 0, Diff: 0, Sum: 0, Workers: 4
[361.644s][debug][gc,phases      ] GC(77)     Total                          Min: 0, Avg: 10961.8, Max: 27328, Diff: 27328, Sum: 43847, Workers: 4
[361.644s][debug][gc,phases      ] GC(77)   ResolvedMethodTable Weak       Min:  0.0, Avg:  0.0, Max:  0.1, Diff:  0.1, Sum:  0.1, Workers: 4
[361.644s][debug][gc,phases      ] GC(77)     Dead                           Min: 0, Avg:  0.0, Max: 0, Diff: 0, Sum: 0, Workers: 4
[361.644s][debug][gc,phases      ] GC(77)     Total                          Min: 0, Avg: 2584.2, Max: 5760, Diff: 5760, Sum: 10337, Workers: 4
[361.644s][debug][gc,phases      ] GC(77)   JNI Weak                       Min:  0.0, Avg:  0.0, Max:  0.0, Diff:  0.0, Sum:  0.0, Workers: 4
[361.644s][debug][gc,phases      ] GC(77)     Dead                           Min: 0, Avg:  0.0, Max: 0, Diff: 0, Sum: 0, Workers: 4
[361.644s][debug][gc,phases      ] GC(77)     Total                          Min: 0, Avg: 11.2, Max: 45, Diff: 45, Sum: 45, Workers: 4
[361.644s][debug][gc,phases      ] GC(77)   StringDedup Table Weak         Min:  0.0, Avg:  0.0, Max:  0.0, Diff:  0.0, Sum:  0.0, Workers: 4
[361.644s][debug][gc,phases      ] GC(77)     Dead                           Min: 0, Avg:  0.0, Max: 0, Diff: 0, Sum: 0, Workers: 4
[361.644s][debug][gc,phases      ] GC(77)     Total                          Min: 0, Avg:  0.0, Max: 0, Diff: 0, Sum: 0, Workers: 4
[361.644s][debug][gc,phases      ] GC(77)   StringDedup Requests0 Weak     Min:  0.0, Avg:  0.0, Max:  0.0, Diff:  0.0, Sum:  0.0, Workers: 4
[361.644s][debug][gc,phases      ] GC(77)     Dead                           Min: 0, Avg:  0.0, Max: 0, Diff: 0, Sum: 0, Workers: 4
[361.644s][debug][gc,phases      ] GC(77)     Total                          Min: 0, Avg:  0.0, Max: 0, Diff: 0, Sum: 0, Workers: 4
[361.644s][debug][gc,phases      ] GC(77)   StringDedup Requests1 Weak     Min:  0.0, Avg:  0.0, Max:  0.0, Diff:  0.0, Sum:  0.0, Workers: 4
[361.644s][debug][gc,phases      ] GC(77)     Dead                           Min: 0, Avg:  0.0, Max: 0, Diff: 0, Sum: 0, Workers: 4
[361.644s][debug][gc,phases      ] GC(77)     Total                          Min: 0, Avg:  0.0, Max: 0, Diff: 0, Sum: 0, Workers: 4
[361.644s][debug][gc,phases      ] GC(77)   Weak JFR Old Object Samples    Min:  0.0, Avg:  0.0, Max:  0.0, Diff:  0.0, Sum:  0.0, Workers: 4
[361.644s][debug][gc,phases      ] GC(77)     Dead                           Min: 0, Avg:  0.0, Max: 0, Diff: 0, Sum: 0, Workers: 4
[361.644s][debug][gc,phases      ] GC(77)     Total                          Min: 0, Avg:  0.0, Max: 0, Diff: 0, Sum: 0, Workers: 4
[361.644s][debug][gc,phases      ] GC(77) Weak Processing 0.447ms
[361.644s][debug][gc,age         ] GC(77) Desired survivor size 93323264 bytes, new threshold 15 (max threshold 15)
[361.644s][info ][gc,heap        ] GC(77) PSYoungGen: 1913110K(2002944K)->7526K(1999872K) Eden: 1905664K(1905664K)->0K(1905664K) From: 7446K(97280K)->7526K(94208K)
[361.644s][info ][gc,heap        ] GC(77) ParOldGen: 280113K(351232K)->280137K(351232K)
[361.644s][info ][gc,metaspace   ] GC(77) Metaspace: 84430K(85312K)->84430K(85312K) NonClass: 72039K(72512K)->72039K(72512K) Class: 12391K(12800K)->12391K(12800K)
[361.644s][info ][gc             ] GC(77) Pause Young (Allocation Failure) 2141M->280M(2296M) 6.375ms
[361.644s][info ][gc,cpu         ] GC(77) User=0.01s Sys=0.00s Real=0.01s
[361.644s][info ][safepoint      ] Safepoint "ParallelGCFailedAllocation", Time since last: 2797576604 ns, Reaching safepoint: 6300 ns, Cleanup: 9400 ns, At safepoint: 6447685 ns, Total: 6463385 ns
[362.644s][info ][safepoint      ] Safepoint "Cleanup", Time since last: 1000086985 ns, Reaching safepoint: 73100 ns, Cleanup: 9900 ns, At safepoint: 5000 ns, Total: 88000 ns
[364.444s][info ][gc,start       ] GC(78) Pause Young (Allocation Failure)
[364.447s][debug][gc,phases      ] GC(78) Scavenge 3.281ms
[364.447s][debug][gc,ref         ] GC(78) Skipped phase 1 of Reference Processing: no references
[364.447s][debug][gc,ref         ] GC(78) ReferenceProcessor::execute queues: 1, RefProcThreadModel::Single, marks_oops_alive: false
[364.447s][debug][gc,ref         ] GC(78) Skipped phase 3 of Reference Processing: no references
[364.447s][debug][gc,ref         ] GC(78) ReferenceProcessor::execute queues: 1, RefProcThreadModel::Single, marks_oops_alive: false
[364.447s][debug][gc,phases      ] GC(78) Reference Processing 0.106ms
[364.447s][debug][gc,phases      ] GC(78)   VM Weak                        Min:  0.0, Avg:  0.0, Max:  0.0, Diff:  0.0, Sum:  0.0, Workers: 4
[364.447s][debug][gc,phases      ] GC(78)     Dead                           Min: 0, Avg:  0.0, Max: 0, Diff: 0, Sum: 0, Workers: 4
[364.447s][debug][gc,phases      ] GC(78)     Total                          Min: 0, Avg: 182.2, Max: 729, Diff: 729, Sum: 729, Workers: 4
[364.447s][debug][gc,phases      ] GC(78)   ObjectSynchronizer Weak        Min:  0.0, Avg:  0.0, Max:  0.0, Diff:  0.0, Sum:  0.0, Workers: 4
[364.447s][debug][gc,phases      ] GC(78)     Dead                           Min: 0, Avg:  0.0, Max: 0, Diff: 0, Sum: 0, Workers: 4
[364.447s][debug][gc,phases      ] GC(78)     Total                          Min: 0, Avg:  1.0, Max: 4, Diff: 4, Sum: 4, Workers: 4
[364.447s][debug][gc,phases      ] GC(78)   JVMTI Tag Weak OopStorage      Min:  0.0, Avg:  0.0, Max:  0.0, Diff:  0.0, Sum:  0.0, Workers: 4
[364.447s][debug][gc,phases      ] GC(78)     Dead                           Min: 0, Avg:  0.0, Max: 0, Diff: 0, Sum: 0, Workers: 4
[364.447s][debug][gc,phases      ] GC(78)     Total                          Min: 0, Avg:  0.0, Max: 0, Diff: 0, Sum: 0, Workers: 4
[364.447s][debug][gc,phases      ] GC(78)   StringTable Weak               Min:  0.0, Avg:  0.1, Max:  0.1, Diff:  0.1, Sum:  0.4, Workers: 4
[364.447s][debug][gc,phases      ] GC(78)     Dead                           Min: 0, Avg:  0.0, Max: 0, Diff: 0, Sum: 0, Workers: 4
[364.447s][debug][gc,phases      ] GC(78)     Total                          Min: 0, Avg: 10961.8, Max: 21511, Diff: 21511, Sum: 43847, Workers: 4
[364.447s][debug][gc,phases      ] GC(78)   ResolvedMethodTable Weak       Min:  0.0, Avg:  0.0, Max:  0.0, Diff:  0.0, Sum:  0.1, Workers: 4
[364.447s][debug][gc,phases      ] GC(78)     Dead                           Min: 0, Avg:  0.0, Max: 0, Diff: 0, Sum: 0, Workers: 4
[364.447s][debug][gc,phases      ] GC(78)     Total                          Min: 0, Avg: 2584.2, Max: 3520, Diff: 3520, Sum: 10337, Workers: 4
[364.447s][debug][gc,phases      ] GC(78)   JNI Weak                       Min:  0.0, Avg:  0.0, Max:  0.0, Diff:  0.0, Sum:  0.0, Workers: 4
[364.447s][debug][gc,phases      ] GC(78)     Dead                           Min: 0, Avg:  0.0, Max: 0, Diff: 0, Sum: 0, Workers: 4
[364.447s][debug][gc,phases      ] GC(78)     Total                          Min: 0, Avg: 11.2, Max: 45, Diff: 45, Sum: 45, Workers: 4
[364.447s][debug][gc,phases      ] GC(78)   StringDedup Table Weak         Min:  0.0, Avg:  0.0, Max:  0.0, Diff:  0.0, Sum:  0.0, Workers: 4
[364.447s][debug][gc,phases      ] GC(78)     Dead                           Min: 0, Avg:  0.0, Max: 0, Diff: 0, Sum: 0, Workers: 4
[364.447s][debug][gc,phases      ] GC(78)     Total                          Min: 0, Avg:  0.0, Max: 0, Diff: 0, Sum: 0, Workers: 4
[364.447s][debug][gc,phases      ] GC(78)   StringDedup Requests0 Weak     Min:  0.0, Avg:  0.0, Max:  0.0, Diff:  0.0, Sum:  0.0, Workers: 4
[364.447s][debug][gc,phases      ] GC(78)     Dead                           Min: 0, Avg:  0.0, Max: 0, Diff: 0, Sum: 0, Workers: 4
[364.447s][debug][gc,phases      ] GC(78)     Total                          Min: 0, Avg:  0.0, Max: 0, Diff: 0, Sum: 0, Workers: 4
[364.447s][debug][gc,phases      ] GC(78)   StringDedup Requests1 Weak     Min:  0.0, Avg:  0.0, Max:  0.0, Diff:  0.0, Sum:  0.0, Workers: 4
[364.447s][debug][gc,phases      ] GC(78)     Dead                           Min: 0, Avg:  0.0, Max: 0, Diff: 0, Sum: 0, Workers: 4
[364.447s][debug][gc,phases      ] GC(78)     Total                          Min: 0, Avg:  0.0, Max: 0, Diff: 0, Sum: 0, Workers: 4
[364.447s][debug][gc,phases      ] GC(78)   Weak JFR Old Object Samples    Min:  0.0, Avg:  0.0, Max:  0.0, Diff:  0.0, Sum:  0.0, Workers: 4
[364.447s][debug][gc,phases      ] GC(78)     Dead                           Min: 0, Avg:  0.0, Max: 0, Diff: 0, Sum: 0, Workers: 4
[364.447s][debug][gc,phases      ] GC(78)     Total                          Min: 0, Avg:  0.0, Max: 0, Diff: 0, Sum: 0, Workers: 4
[364.447s][debug][gc,phases      ] GC(78) Weak Processing 0.389ms
[364.447s][debug][gc,age         ] GC(78) Desired survivor size 89653248 bytes, new threshold 15 (max threshold 15)
[364.447s][info ][gc,heap        ] GC(78) PSYoungGen: 1913190K(1999872K)->7340K(2009600K) Eden: 1905664K(1905664K)->0K(1918464K) From: 7526K(94208K)->7340K(91136K)
[364.447s][info ][gc,heap        ] GC(78) ParOldGen: 280137K(351232K)->280233K(351232K)
[364.447s][info ][gc,metaspace   ] GC(78) Metaspace: 84430K(85312K)->84430K(85312K) NonClass: 72039K(72512K)->72039K(72512K) Class: 12391K(12800K)->12391K(12800K)
[364.447s][info ][gc             ] GC(78) Pause Young (Allocation Failure) 2141M->280M(2305M) 3.885ms
[364.447s][info ][gc,cpu         ] GC(78) User=0.02s Sys=0.00s Real=0.00s
[364.448s][info ][safepoint      ] Safepoint "ParallelGCFailedAllocation", Time since last: 1799347415 ns, Reaching safepoint: 4500 ns, Cleanup: 3900 ns, At safepoint: 3949791 ns, Total: 3958191 ns
[367.482s][info ][safepoint      ] Safepoint "Cleanup", Time since last: 3034124095 ns, Reaching safepoint: 4100 ns, Cleanup: 80400 ns, At safepoint: 2100 ns, Total: 86600 ns
[370.392s][info ][gc,start       ] GC(79) Pause Young (Allocation Failure)
[370.416s][debug][gc,phases      ] GC(79) Scavenge 23.623ms
[370.416s][debug][gc,ref         ] GC(79) Skipped phase 1 of Reference Processing: no references
[370.416s][debug][gc,ref         ] GC(79) ReferenceProcessor::execute queues: 1, RefProcThreadModel::Single, marks_oops_alive: false
[370.416s][debug][gc,ref         ] GC(79) Skipped phase 3 of Reference Processing: no references
[370.416s][debug][gc,ref         ] GC(79) Skipped phase 4 of Reference Processing: no references
[370.416s][debug][gc,phases      ] GC(79) Reference Processing 0.103ms
[370.416s][debug][gc,phases      ] GC(79)   VM Weak                        Min:  0.0, Avg:  0.0, Max:  0.0, Diff:  0.0, Sum:  0.0, Workers: 4
[370.416s][debug][gc,phases      ] GC(79)     Dead                           Min: 0, Avg:  0.0, Max: 0, Diff: 0, Sum: 0, Workers: 4
[370.416s][debug][gc,phases      ] GC(79)     Total                          Min: 0, Avg: 182.2, Max: 448, Diff: 448, Sum: 729, Workers: 4
[370.416s][debug][gc,phases      ] GC(79)   ObjectSynchronizer Weak        Min:  0.0, Avg:  0.0, Max:  0.0, Diff:  0.0, Sum:  0.0, Workers: 4
[370.416s][debug][gc,phases      ] GC(79)     Dead                           Min: 0, Avg:  0.0, Max: 0, Diff: 0, Sum: 0, Workers: 4
[370.416s][debug][gc,phases      ] GC(79)     Total                          Min: 0, Avg:  1.0, Max: 4, Diff: 4, Sum: 4, Workers: 4
[370.416s][debug][gc,phases      ] GC(79)   JVMTI Tag Weak OopStorage      Min:  0.0, Avg:  0.0, Max:  0.0, Diff:  0.0, Sum:  0.0, Workers: 4
[370.416s][debug][gc,phases      ] GC(79)     Dead                           Min: 0, Avg:  0.0, Max: 0, Diff: 0, Sum: 0, Workers: 4
[370.416s][debug][gc,phases      ] GC(79)     Total                          Min: 0, Avg:  0.0, Max: 0, Diff: 0, Sum: 0, Workers: 4
[370.416s][debug][gc,phases      ] GC(79)   StringTable Weak               Min:  0.0, Avg:  0.1, Max:  0.1, Diff:  0.1, Sum:  0.4, Workers: 4
[370.416s][debug][gc,phases      ] GC(79)     Dead                           Min: 0, Avg:  0.0, Max: 0, Diff: 0, Sum: 0, Workers: 4
[370.416s][debug][gc,phases      ] GC(79)     Total                          Min: 0, Avg: 10964.2, Max: 17681, Diff: 17681, Sum: 43857, Workers: 4
[370.416s][debug][gc,phases      ] GC(79)   ResolvedMethodTable Weak       Min:  0.0, Avg:  0.0, Max:  0.0, Diff:  0.0, Sum:  0.1, Workers: 4
[370.416s][debug][gc,phases      ] GC(79)     Dead                           Min: 0, Avg:  0.0, Max: 0, Diff: 0, Sum: 0, Workers: 4
[370.416s][debug][gc,phases      ] GC(79)     Total                          Min: 0, Avg: 2584.2, Max: 4513, Diff: 4513, Sum: 10337, Workers: 4
[370.416s][debug][gc,phases      ] GC(79)   JNI Weak                       Min:  0.0, Avg:  0.0, Max:  0.0, Diff:  0.0, Sum:  0.0, Workers: 4
[370.416s][debug][gc,phases      ] GC(79)     Dead                           Min: 0, Avg:  0.0, Max: 0, Diff: 0, Sum: 0, Workers: 4
[370.416s][debug][gc,phases      ] GC(79)     Total                          Min: 0, Avg: 11.2, Max: 45, Diff: 45, Sum: 45, Workers: 4
[370.416s][debug][gc,phases      ] GC(79)   StringDedup Table Weak         Min:  0.0, Avg:  0.0, Max:  0.0, Diff:  0.0, Sum:  0.0, Workers: 4
[370.416s][debug][gc,phases      ] GC(79)     Dead                           Min: 0, Avg:  0.0, Max: 0, Diff: 0, Sum: 0, Workers: 4
[370.416s][debug][gc,phases      ] GC(79)     Total                          Min: 0, Avg:  0.0, Max: 0, Diff: 0, Sum: 0, Workers: 4
[370.416s][debug][gc,phases      ] GC(79)   StringDedup Requests0 Weak     Min:  0.0, Avg:  0.0, Max:  0.0, Diff:  0.0, Sum:  0.0, Workers: 4
[370.416s][debug][gc,phases      ] GC(79)     Dead                           Min: 0, Avg:  0.0, Max: 0, Diff: 0, Sum: 0, Workers: 4
[370.416s][debug][gc,phases      ] GC(79)     Total                          Min: 0, Avg:  0.0, Max: 0, Diff: 0, Sum: 0, Workers: 4
[370.416s][debug][gc,phases      ] GC(79)   StringDedup Requests1 Weak     Min:  0.0, Avg:  0.0, Max:  0.0, Diff:  0.0, Sum:  0.0, Workers: 4
[370.416s][debug][gc,phases      ] GC(79)     Dead                           Min: 0, Avg:  0.0, Max: 0, Diff: 0, Sum: 0, Workers: 4
[370.416s][debug][gc,phases      ] GC(79)     Total                          Min: 0, Avg:  0.0, Max: 0, Diff: 0, Sum: 0, Workers: 4
[370.416s][debug][gc,phases      ] GC(79)   Weak JFR Old Object Samples    Min:  0.0, Avg:  0.0, Max:  0.0, Diff:  0.0, Sum:  0.0, Workers: 4
[370.416s][debug][gc,phases      ] GC(79)     Dead                           Min: 0, Avg:  0.0, Max: 0, Diff: 0, Sum: 0, Workers: 4
[370.416s][debug][gc,phases      ] GC(79)     Total                          Min: 0, Avg:  0.0, Max: 0, Diff: 0, Sum: 0, Workers: 4
[370.417s][debug][gc,phases      ] GC(79) Weak Processing 0.356ms
[370.417s][debug][gc,age         ] GC(79) Desired survivor size 93847552 bytes, new threshold 15 (max threshold 15)
[370.417s][info ][gc,heap        ] GC(79) PSYoungGen: 1925804K(2009600K)->52048K(1970688K) Eden: 1918464K(1918464K)->0K(1918464K) From: 7340K(91136K)->52048K(52224K)
[370.417s][info ][gc,heap        ] GC(79) ParOldGen: 280233K(351232K)->285613K(351232K)
[370.417s][info ][gc,metaspace   ] GC(79) Metaspace: 84440K(85312K)->84440K(85312K) NonClass: 72048K(72512K)->72048K(72512K) Class: 12391K(12800K)->12391K(12800K)
[370.417s][info ][gc             ] GC(79) Pause Young (Allocation Failure) 2154M->329M(2267M) 24.199ms
[370.417s][info ][gc,cpu         ] GC(79) User=0.08s Sys=0.01s Real=0.02s
[370.417s][info ][safepoint      ] Safepoint "ParallelGCFailedAllocation", Time since last: 2910565786 ns, Reaching safepoint: 4899 ns, Cleanup: 14000 ns, At safepoint: 24269147 ns, Total: 24288046 ns
[375.334s][info ][gc,start       ] GC(80) Pause Young (Allocation Failure)
[375.354s][debug][gc,phases      ] GC(80) Scavenge 19.378ms
[375.354s][debug][gc,ref         ] GC(80) Skipped phase 1 of Reference Processing: no references
[375.354s][debug][gc,ref         ] GC(80) Skipped phase 2 of Reference Processing: no references
[375.354s][debug][gc,ref         ] GC(80) Skipped phase 3 of Reference Processing: no references
[375.354s][debug][gc,ref         ] GC(80) Skipped phase 4 of Reference Processing: no references
[375.354s][debug][gc,phases      ] GC(80) Reference Processing 0.036ms
[375.354s][debug][gc,phases      ] GC(80)   VM Weak                        Min:  0.0, Avg:  0.0, Max:  0.0, Diff:  0.0, Sum:  0.0, Workers: 4
[375.354s][debug][gc,phases      ] GC(80)     Dead                           Min: 0, Avg:  0.0, Max: 0, Diff: 0, Sum: 0, Workers: 4
[375.354s][debug][gc,phases      ] GC(80)     Total                          Min: 0, Avg: 182.2, Max: 384, Diff: 384, Sum: 729, Workers: 4
[375.354s][debug][gc,phases      ] GC(80)   ObjectSynchronizer Weak        Min:  0.0, Avg:  0.0, Max:  0.0, Diff:  0.0, Sum:  0.0, Workers: 4
[375.354s][debug][gc,phases      ] GC(80)     Dead                           Min: 0, Avg:  0.0, Max: 0, Diff: 0, Sum: 0, Workers: 4
[375.354s][debug][gc,phases      ] GC(80)     Total                          Min: 0, Avg:  1.0, Max: 4, Diff: 4, Sum: 4, Workers: 4
[375.354s][debug][gc,phases      ] GC(80)   JVMTI Tag Weak OopStorage      Min:  0.0, Avg:  0.0, Max:  0.0, Diff:  0.0, Sum:  0.0, Workers: 4
[375.354s][debug][gc,phases      ] GC(80)     Dead                           Min: 0, Avg:  0.0, Max: 0, Diff: 0, Sum: 0, Workers: 4
[375.354s][debug][gc,phases      ] GC(80)     Total                          Min: 0, Avg:  0.0, Max: 0, Diff: 0, Sum: 0, Workers: 4
[375.354s][debug][gc,phases      ] GC(80)   StringTable Weak               Min:  0.1, Avg:  0.1, Max:  0.1, Diff:  0.0, Sum:  0.5, Workers: 4
[375.354s][debug][gc,phases      ] GC(80)     Dead                           Min: 0, Avg:  0.0, Max: 0, Diff: 0, Sum: 0, Workers: 4
[375.354s][debug][gc,phases      ] GC(80)     Total                          Min: 10560, Avg: 10966.0, Max: 11224, Diff: 664, Sum: 43864, Workers: 4
[375.354s][debug][gc,phases      ] GC(80)   ResolvedMethodTable Weak       Min:  0.0, Avg:  0.0, Max:  0.0, Diff:  0.0, Sum:  0.1, Workers: 4
[375.354s][debug][gc,phases      ] GC(80)     Dead                           Min: 0, Avg:  0.0, Max: 0, Diff: 0, Sum: 0, Workers: 4
[375.354s][debug][gc,phases      ] GC(80)     Total                          Min: 1472, Avg: 2584.2, Max: 3136, Diff: 1664, Sum: 10337, Workers: 4
[375.354s][debug][gc,phases      ] GC(80)   JNI Weak                       Min:  0.0, Avg:  0.0, Max:  0.0, Diff:  0.0, Sum:  0.0, Workers: 4
[375.354s][debug][gc,phases      ] GC(80)     Dead                           Min: 0, Avg:  0.0, Max: 0, Diff: 0, Sum: 0, Workers: 4
[375.354s][debug][gc,phases      ] GC(80)     Total                          Min: 0, Avg: 11.2, Max: 45, Diff: 45, Sum: 45, Workers: 4
[375.354s][debug][gc,phases      ] GC(80)   StringDedup Table Weak         Min:  0.0, Avg:  0.0, Max:  0.0, Diff:  0.0, Sum:  0.0, Workers: 4
[375.354s][debug][gc,phases      ] GC(80)     Dead                           Min: 0, Avg:  0.0, Max: 0, Diff: 0, Sum: 0, Workers: 4
[375.354s][debug][gc,phases      ] GC(80)     Total                          Min: 0, Avg:  0.0, Max: 0, Diff: 0, Sum: 0, Workers: 4
[375.354s][debug][gc,phases      ] GC(80)   StringDedup Requests0 Weak     Min:  0.0, Avg:  0.0, Max:  0.0, Diff:  0.0, Sum:  0.0, Workers: 4
[375.354s][debug][gc,phases      ] GC(80)     Dead                           Min: 0, Avg:  0.0, Max: 0, Diff: 0, Sum: 0, Workers: 4
[375.354s][debug][gc,phases      ] GC(80)     Total                          Min: 0, Avg:  0.0, Max: 0, Diff: 0, Sum: 0, Workers: 4
[375.354s][debug][gc,phases      ] GC(80)   StringDedup Requests1 Weak     Min:  0.0, Avg:  0.0, Max:  0.0, Diff:  0.0, Sum:  0.0, Workers: 4
[375.354s][debug][gc,phases      ] GC(80)     Dead                           Min: 0, Avg:  0.0, Max: 0, Diff: 0, Sum: 0, Workers: 4
[375.354s][debug][gc,phases      ] GC(80)     Total                          Min: 0, Avg:  0.0, Max: 0, Diff: 0, Sum: 0, Workers: 4
[375.354s][debug][gc,phases      ] GC(80)   Weak JFR Old Object Samples    Min:  0.0, Avg:  0.0, Max:  0.0, Diff:  0.0, Sum:  0.0, Workers: 4
[375.354s][debug][gc,phases      ] GC(80)     Dead                           Min: 0, Avg:  0.0, Max: 0, Diff: 0, Sum: 0, Workers: 4
[375.354s][debug][gc,phases      ] GC(80)     Total                          Min: 0, Avg:  0.0, Max: 0, Diff: 0, Sum: 0, Workers: 4
[375.354s][debug][gc,phases      ] GC(80) Weak Processing 0.312ms
[375.354s][debug][gc,age         ] GC(80) Desired survivor size 96993280 bytes, new threshold 15 (max threshold 15)
[375.354s][info ][gc,heap        ] GC(80) PSYoungGen: 1970512K(1970688K)->52256K(1999360K) Eden: 1918464K(1918464K)->0K(1907712K) From: 52048K(52224K)->52256K(91648K)
[375.354s][info ][gc,heap        ] GC(80) ParOldGen: 285613K(351232K)->285645K(351232K)
[375.354s][info ][gc,metaspace   ] GC(80) Metaspace: 84447K(85312K)->84447K(85312K) NonClass: 72056K(72512K)->72056K(72512K) Class: 12391K(12800K)->12391K(12800K)
[375.354s][info ][gc             ] GC(80) Pause Young (Allocation Failure) 2203M->329M(2295M) 19.861ms
[375.354s][info ][gc,cpu         ] GC(80) User=0.07s Sys=0.00s Real=0.02s
[375.354s][info ][safepoint      ] Safepoint "ParallelGCFailedAllocation", Time since last: 4917454375 ns, Reaching safepoint: 73300 ns, Cleanup: 9600 ns, At safepoint: 19941556 ns, Total: 20024456 ns
[376.354s][info ][safepoint      ] Safepoint "Cleanup", Time since last: 1000084206 ns, Reaching safepoint: 4400 ns, Cleanup: 8300 ns, At safepoint: 2000 ns, Total: 14700 ns
[377.354s][info ][safepoint      ] Safepoint "Cleanup", Time since last: 1000100706 ns, Reaching safepoint: 4600 ns, Cleanup: 14700 ns, At safepoint: 4900 ns, Total: 24200 ns
[378.037s][info ][gc,start       ] GC(81) Pause Young (Allocation Failure)
[378.043s][debug][gc,phases      ] GC(81) Scavenge 5.404ms
[378.043s][debug][gc,ref         ] GC(81) Skipped phase 1 of Reference Processing: no references
[378.043s][debug][gc,ref         ] GC(81) ReferenceProcessor::execute queues: 1, RefProcThreadModel::Single, marks_oops_alive: false
[378.043s][debug][gc,ref         ] GC(81) Skipped phase 3 of Reference Processing: no references
[378.043s][debug][gc,ref         ] GC(81) Skipped phase 4 of Reference Processing: no references
[378.043s][debug][gc,phases      ] GC(81) Reference Processing 0.131ms
[378.043s][debug][gc,phases      ] GC(81)   VM Weak                        Min:  0.0, Avg:  0.0, Max:  0.0, Diff:  0.0, Sum:  0.0, Workers: 4
[378.043s][debug][gc,phases      ] GC(81)     Dead                           Min: 0, Avg:  0.0, Max: 0, Diff: 0, Sum: 0, Workers: 4
[378.043s][debug][gc,phases      ] GC(81)     Total                          Min: 0, Avg: 182.2, Max: 537, Diff: 537, Sum: 729, Workers: 4
[378.043s][debug][gc,phases      ] GC(81)   ObjectSynchronizer Weak        Min:  0.0, Avg:  0.0, Max:  0.0, Diff:  0.0, Sum:  0.0, Workers: 4
[378.043s][debug][gc,phases      ] GC(81)     Dead                           Min: 0, Avg:  0.0, Max: 0, Diff: 0, Sum: 0, Workers: 4
[378.043s][debug][gc,phases      ] GC(81)     Total                          Min: 0, Avg:  1.5, Max: 6, Diff: 6, Sum: 6, Workers: 4
[378.043s][debug][gc,phases      ] GC(81)   JVMTI Tag Weak OopStorage      Min:  0.0, Avg:  0.0, Max:  0.0, Diff:  0.0, Sum:  0.0, Workers: 4
[378.043s][debug][gc,phases      ] GC(81)     Dead                           Min: 0, Avg:  0.0, Max: 0, Diff: 0, Sum: 0, Workers: 4
[378.043s][debug][gc,phases      ] GC(81)     Total                          Min: 0, Avg:  0.0, Max: 0, Diff: 0, Sum: 0, Workers: 4
[378.043s][debug][gc,phases      ] GC(81)   StringTable Weak               Min:  0.0, Avg:  0.1, Max:  0.1, Diff:  0.1, Sum:  0.4, Workers: 4
[378.043s][debug][gc,phases      ] GC(81)     Dead                           Min: 0, Avg:  0.0, Max: 0, Diff: 0, Sum: 0, Workers: 4
[378.043s][debug][gc,phases      ] GC(81)     Total                          Min: 0, Avg: 10967.0, Max: 14848, Diff: 14848, Sum: 43868, Workers: 4
[378.043s][debug][gc,phases      ] GC(81)   ResolvedMethodTable Weak       Min:  0.0, Avg:  0.0, Max:  0.0, Diff:  0.0, Sum:  0.1, Workers: 4
[378.043s][debug][gc,phases      ] GC(81)     Dead                           Min: 0, Avg:  0.0, Max: 0, Diff: 0, Sum: 0, Workers: 4
[378.043s][debug][gc,phases      ] GC(81)     Total                          Min: 0, Avg: 2584.2, Max: 3456, Diff: 3456, Sum: 10337, Workers: 4
[378.043s][debug][gc,phases      ] GC(81)   JNI Weak                       Min:  0.0, Avg:  0.0, Max:  0.0, Diff:  0.0, Sum:  0.0, Workers: 4
[378.043s][debug][gc,phases      ] GC(81)     Dead                           Min: 0, Avg:  0.0, Max: 0, Diff: 0, Sum: 0, Workers: 4
[378.043s][debug][gc,phases      ] GC(81)     Total                          Min: 0, Avg: 11.2, Max: 45, Diff: 45, Sum: 45, Workers: 4
[378.043s][debug][gc,phases      ] GC(81)   StringDedup Table Weak         Min:  0.0, Avg:  0.0, Max:  0.0, Diff:  0.0, Sum:  0.0, Workers: 4
[378.043s][debug][gc,phases      ] GC(81)     Dead                           Min: 0, Avg:  0.0, Max: 0, Diff: 0, Sum: 0, Workers: 4
[378.043s][debug][gc,phases      ] GC(81)     Total                          Min: 0, Avg:  0.0, Max: 0, Diff: 0, Sum: 0, Workers: 4
[378.043s][debug][gc,phases      ] GC(81)   StringDedup Requests0 Weak     Min:  0.0, Avg:  0.0, Max:  0.0, Diff:  0.0, Sum:  0.0, Workers: 4
[378.043s][debug][gc,phases      ] GC(81)     Dead                           Min: 0, Avg:  0.0, Max: 0, Diff: 0, Sum: 0, Workers: 4
[378.043s][debug][gc,phases      ] GC(81)     Total                          Min: 0, Avg:  0.0, Max: 0, Diff: 0, Sum: 0, Workers: 4
[378.043s][debug][gc,phases      ] GC(81)   StringDedup Requests1 Weak     Min:  0.0, Avg:  0.0, Max:  0.0, Diff:  0.0, Sum:  0.0, Workers: 4
[378.043s][debug][gc,phases      ] GC(81)     Dead                           Min: 0, Avg:  0.0, Max: 0, Diff: 0, Sum: 0, Workers: 4
[378.043s][debug][gc,phases      ] GC(81)     Total                          Min: 0, Avg:  0.0, Max: 0, Diff: 0, Sum: 0, Workers: 4
[378.043s][debug][gc,phases      ] GC(81)   Weak JFR Old Object Samples    Min:  0.0, Avg:  0.0, Max:  0.0, Diff:  0.0, Sum:  0.0, Workers: 4
[378.043s][debug][gc,phases      ] GC(81)     Dead                           Min: 0, Avg:  0.0, Max: 0, Diff: 0, Sum: 0, Workers: 4
[378.043s][debug][gc,phases      ] GC(81)     Total                          Min: 0, Avg:  0.0, Max: 0, Diff: 0, Sum: 0, Workers: 4
[378.043s][debug][gc,phases      ] GC(81) Weak Processing 0.371ms
[378.043s][debug][gc,age         ] GC(81) Desired survivor size 94896128 bytes, new threshold 15 (max threshold 15)
[378.043s][info ][gc,heap        ] GC(81) PSYoungGen: 1959968K(1999360K)->1936K(2002432K) Eden: 1907712K(1907712K)->0K(1907712K) From: 52256K(91648K)->1936K(94720K)
[378.043s][info ][gc,heap        ] GC(81) ParOldGen: 285645K(351232K)->285669K(351232K)
[378.043s][info ][gc,metaspace   ] GC(81) Metaspace: 84450K(85312K)->84450K(85312K) NonClass: 72058K(72512K)->72058K(72512K) Class: 12391K(12800K)->12391K(12800K)
[378.043s][info ][gc             ] GC(81) Pause Young (Allocation Failure) 2192M->280M(2298M) 6.028ms
[378.043s][info ][gc,cpu         ] GC(81) User=0.02s Sys=0.00s Real=0.01s
[378.043s][info ][safepoint      ] Safepoint "ParallelGCFailedAllocation", Time since last: 682991202 ns, Reaching safepoint: 6200 ns, Cleanup: 4000 ns, At safepoint: 6101286 ns, Total: 6111486 ns
[380.845s][info ][gc,start       ] GC(82) Pause Young (Allocation Failure)
[380.847s][debug][gc,phases      ] GC(82) Scavenge 1.875ms
[380.847s][debug][gc,ref         ] GC(82) Skipped phase 1 of Reference Processing: no references
[380.847s][debug][gc,ref         ] GC(82) ReferenceProcessor::execute queues: 1, RefProcThreadModel::Single, marks_oops_alive: false
[380.847s][debug][gc,ref         ] GC(82) ReferenceProcessor::execute queues: 4, RefProcThreadModel::Multi, marks_oops_alive: true
[380.847s][debug][gc,ref         ] GC(82) ReferenceProcessor::execute queues: 1, RefProcThreadModel::Single, marks_oops_alive: false
[380.847s][debug][gc,phases      ] GC(82) Reference Processing 0.148ms
[380.848s][debug][gc,phases      ] GC(82)   VM Weak                        Min:  0.0, Avg:  0.0, Max:  0.0, Diff:  0.0, Sum:  0.0, Workers: 4
[380.848s][debug][gc,phases      ] GC(82)     Dead                           Min: 0, Avg:  0.0, Max: 0, Diff: 0, Sum: 0, Workers: 4
[380.848s][debug][gc,phases      ] GC(82)     Total                          Min: 0, Avg: 182.2, Max: 384, Diff: 384, Sum: 729, Workers: 4
[380.848s][debug][gc,phases      ] GC(82)   ObjectSynchronizer Weak        Min:  0.0, Avg:  0.0, Max:  0.0, Diff:  0.0, Sum:  0.0, Workers: 4
[380.848s][debug][gc,phases      ] GC(82)     Dead                           Min: 0, Avg:  0.0, Max: 0, Diff: 0, Sum: 0, Workers: 4
[380.848s][debug][gc,phases      ] GC(82)     Total                          Min: 0, Avg:  1.5, Max: 6, Diff: 6, Sum: 6, Workers: 4
[380.848s][debug][gc,phases      ] GC(82)   JVMTI Tag Weak OopStorage      Min:  0.0, Avg:  0.0, Max:  0.0, Diff:  0.0, Sum:  0.0, Workers: 4
[380.848s][debug][gc,phases      ] GC(82)     Dead                           Min: 0, Avg:  0.0, Max: 0, Diff: 0, Sum: 0, Workers: 4
[380.848s][debug][gc,phases      ] GC(82)     Total                          Min: 0, Avg:  0.0, Max: 0, Diff: 0, Sum: 0, Workers: 4
[380.848s][debug][gc,phases      ] GC(82)   StringTable Weak               Min:  0.0, Avg:  0.1, Max:  0.1, Diff:  0.1, Sum:  0.4, Workers: 4
[380.848s][debug][gc,phases      ] GC(82)     Dead                           Min: 0, Avg:  0.0, Max: 0, Diff: 0, Sum: 0, Workers: 4
[380.848s][debug][gc,phases      ] GC(82)     Total                          Min: 1372, Avg: 10967.0, Max: 16768, Diff: 15396, Sum: 43868, Workers: 4
[380.848s][debug][gc,phases      ] GC(82)   ResolvedMethodTable Weak       Min:  0.0, Avg:  0.0, Max:  0.0, Diff:  0.0, Sum:  0.1, Workers: 4
[380.848s][debug][gc,phases      ] GC(82)     Dead                           Min: 0, Avg:  0.0, Max: 0, Diff: 0, Sum: 0, Workers: 4
[380.848s][debug][gc,phases      ] GC(82)     Total                          Min: 2496, Avg: 2584.2, Max: 2624, Diff: 128, Sum: 10337, Workers: 4
[380.848s][debug][gc,phases      ] GC(82)   JNI Weak                       Min:  0.0, Avg:  0.0, Max:  0.0, Diff:  0.0, Sum:  0.0, Workers: 4
[380.848s][debug][gc,phases      ] GC(82)     Dead                           Min: 0, Avg:  0.0, Max: 0, Diff: 0, Sum: 0, Workers: 4
[380.848s][debug][gc,phases      ] GC(82)     Total                          Min: 0, Avg: 11.2, Max: 45, Diff: 45, Sum: 45, Workers: 4
[380.848s][debug][gc,phases      ] GC(82)   StringDedup Table Weak         Min:  0.0, Avg:  0.0, Max:  0.0, Diff:  0.0, Sum:  0.0, Workers: 4
[380.848s][debug][gc,phases      ] GC(82)     Dead                           Min: 0, Avg:  0.0, Max: 0, Diff: 0, Sum: 0, Workers: 4
[380.848s][debug][gc,phases      ] GC(82)     Total                          Min: 0, Avg:  0.0, Max: 0, Diff: 0, Sum: 0, Workers: 4
[380.848s][debug][gc,phases      ] GC(82)   StringDedup Requests0 Weak     Min:  0.0, Avg:  0.0, Max:  0.0, Diff:  0.0, Sum:  0.0, Workers: 4
[380.848s][debug][gc,phases      ] GC(82)     Dead                           Min: 0, Avg:  0.0, Max: 0, Diff: 0, Sum: 0, Workers: 4
[380.848s][debug][gc,phases      ] GC(82)     Total                          Min: 0, Avg:  0.0, Max: 0, Diff: 0, Sum: 0, Workers: 4
[380.848s][debug][gc,phases      ] GC(82)   StringDedup Requests1 Weak     Min:  0.0, Avg:  0.0, Max:  0.0, Diff:  0.0, Sum:  0.0, Workers: 4
[380.848s][debug][gc,phases      ] GC(82)     Dead                           Min: 0, Avg:  0.0, Max: 0, Diff: 0, Sum: 0, Workers: 4
[380.848s][debug][gc,phases      ] GC(82)     Total                          Min: 0, Avg:  0.0, Max: 0, Diff: 0, Sum: 0, Workers: 4
[380.848s][debug][gc,phases      ] GC(82)   Weak JFR Old Object Samples    Min:  0.0, Avg:  0.0, Max:  0.0, Diff:  0.0, Sum:  0.0, Workers: 4
[380.848s][debug][gc,phases      ] GC(82)     Dead                           Min: 0, Avg:  0.0, Max: 0, Diff: 0, Sum: 0, Workers: 4
[380.848s][debug][gc,phases      ] GC(82)     Total                          Min: 0, Avg:  0.0, Max: 0, Diff: 0, Sum: 0, Workers: 4
[380.848s][debug][gc,phases      ] GC(82) Weak Processing 0.358ms
[380.848s][debug][gc,age         ] GC(82) Desired survivor size 92274688 bytes, new threshold 15 (max threshold 15)
[380.848s][info ][gc,heap        ] GC(82) PSYoungGen: 1909648K(2002432K)->1888K(2007040K) Eden: 1907712K(1907712K)->0K(1914368K) From: 1936K(94720K)->1888K(92672K)
[380.848s][info ][gc,heap        ] GC(82) ParOldGen: 285669K(351232K)->285685K(351232K)
[380.848s][info ][gc,metaspace   ] GC(82) Metaspace: 84451K(85312K)->84451K(85312K) NonClass: 72059K(72512K)->72059K(72512K) Class: 12391K(12800K)->12391K(12800K)
[380.848s][info ][gc             ] GC(82) Pause Young (Allocation Failure) 2143M->280M(2303M) 2.497ms
[380.848s][info ][gc,cpu         ] GC(82) User=0.00s Sys=0.01s Real=0.00s
[380.848s][info ][safepoint      ] Safepoint "ParallelGCFailedAllocation", Time since last: 2801881754 ns, Reaching safepoint: 4600 ns, Cleanup: 9500 ns, At safepoint: 2562994 ns, Total: 2577094 ns
[381.848s][info ][safepoint      ] Safepoint "Cleanup", Time since last: 1000091206 ns, Reaching safepoint: 72500 ns, Cleanup: 8400 ns, At safepoint: 5600 ns, Total: 86500 ns
[383.690s][info ][gc,start       ] GC(83) Pause Young (Allocation Failure)
[383.693s][debug][gc,phases      ] GC(83) Scavenge 2.985ms
[383.693s][debug][gc,ref         ] GC(83) Skipped phase 1 of Reference Processing: no references
[383.693s][debug][gc,ref         ] GC(83) ReferenceProcessor::execute queues: 1, RefProcThreadModel::Single, marks_oops_alive: false
[383.693s][debug][gc,ref         ] GC(83) Skipped phase 3 of Reference Processing: no references
[383.693s][debug][gc,ref         ] GC(83) Skipped phase 4 of Reference Processing: no references
[383.693s][debug][gc,phases      ] GC(83) Reference Processing 0.091ms
[383.693s][debug][gc,phases      ] GC(83)   VM Weak                        Min:  0.0, Avg:  0.0, Max:  0.0, Diff:  0.0, Sum:  0.0, Workers: 4
[383.693s][debug][gc,phases      ] GC(83)     Dead                           Min: 0, Avg:  0.0, Max: 0, Diff: 0, Sum: 0, Workers: 4
[383.693s][debug][gc,phases      ] GC(83)     Total                          Min: 0, Avg: 182.2, Max: 640, Diff: 640, Sum: 729, Workers: 4
[383.693s][debug][gc,phases      ] GC(83)   ObjectSynchronizer Weak        Min:  0.0, Avg:  0.0, Max:  0.0, Diff:  0.0, Sum:  0.0, Workers: 4
[383.693s][debug][gc,phases      ] GC(83)     Dead                           Min: 0, Avg:  0.0, Max: 0, Diff: 0, Sum: 0, Workers: 4
[383.693s][debug][gc,phases      ] GC(83)     Total                          Min: 0, Avg:  1.5, Max: 6, Diff: 6, Sum: 6, Workers: 4
[383.693s][debug][gc,phases      ] GC(83)   JVMTI Tag Weak OopStorage      Min:  0.0, Avg:  0.0, Max:  0.0, Diff:  0.0, Sum:  0.0, Workers: 4
[383.693s][debug][gc,phases      ] GC(83)     Dead                           Min: 0, Avg:  0.0, Max: 0, Diff: 0, Sum: 0, Workers: 4
[383.693s][debug][gc,phases      ] GC(83)     Total                          Min: 0, Avg:  0.0, Max: 0, Diff: 0, Sum: 0, Workers: 4
[383.693s][debug][gc,phases      ] GC(83)   StringTable Weak               Min:  0.1, Avg:  0.1, Max:  0.1, Diff:  0.0, Sum:  0.4, Workers: 4
[383.693s][debug][gc,phases      ] GC(83)     Dead                           Min: 0, Avg:  0.0, Max: 0, Diff: 0, Sum: 0, Workers: 4
[383.693s][debug][gc,phases      ] GC(83)     Total                          Min: 10332, Avg: 10967.0, Max: 11328, Diff: 996, Sum: 43868, Workers: 4
[383.693s][debug][gc,phases      ] GC(83)   ResolvedMethodTable Weak       Min:  0.0, Avg:  0.0, Max:  0.0, Diff:  0.0, Sum:  0.1, Workers: 4
[383.693s][debug][gc,phases      ] GC(83)     Dead                           Min: 0, Avg:  0.0, Max: 0, Diff: 0, Sum: 0, Workers: 4
[383.693s][debug][gc,phases      ] GC(83)     Total                          Min: 2529, Avg: 2584.2, Max: 2624, Diff: 95, Sum: 10337, Workers: 4
[383.693s][debug][gc,phases      ] GC(83)   JNI Weak                       Min:  0.0, Avg:  0.0, Max:  0.0, Diff:  0.0, Sum:  0.0, Workers: 4
[383.693s][debug][gc,phases      ] GC(83)     Dead                           Min: 0, Avg:  0.0, Max: 0, Diff: 0, Sum: 0, Workers: 4
[383.693s][debug][gc,phases      ] GC(83)     Total                          Min: 0, Avg: 11.2, Max: 45, Diff: 45, Sum: 45, Workers: 4
[383.693s][debug][gc,phases      ] GC(83)   StringDedup Table Weak         Min:  0.0, Avg:  0.0, Max:  0.0, Diff:  0.0, Sum:  0.0, Workers: 4
[383.693s][debug][gc,phases      ] GC(83)     Dead                           Min: 0, Avg:  0.0, Max: 0, Diff: 0, Sum: 0, Workers: 4
[383.693s][debug][gc,phases      ] GC(83)     Total                          Min: 0, Avg:  0.0, Max: 0, Diff: 0, Sum: 0, Workers: 4
[383.693s][debug][gc,phases      ] GC(83)   StringDedup Requests0 Weak     Min:  0.0, Avg:  0.0, Max:  0.0, Diff:  0.0, Sum:  0.0, Workers: 4
[383.693s][debug][gc,phases      ] GC(83)     Dead                           Min: 0, Avg:  0.0, Max: 0, Diff: 0, Sum: 0, Workers: 4
[383.693s][debug][gc,phases      ] GC(83)     Total                          Min: 0, Avg:  0.0, Max: 0, Diff: 0, Sum: 0, Workers: 4
[383.693s][debug][gc,phases      ] GC(83)   StringDedup Requests1 Weak     Min:  0.0, Avg:  0.0, Max:  0.0, Diff:  0.0, Sum:  0.0, Workers: 4
[383.693s][debug][gc,phases      ] GC(83)     Dead                           Min: 0, Avg:  0.0, Max: 0, Diff: 0, Sum: 0, Workers: 4
[383.693s][debug][gc,phases      ] GC(83)     Total                          Min: 0, Avg:  0.0, Max: 0, Diff: 0, Sum: 0, Workers: 4
[383.693s][debug][gc,phases      ] GC(83)   Weak JFR Old Object Samples    Min:  0.0, Avg:  0.0, Max:  0.0, Diff:  0.0, Sum:  0.0, Workers: 4
[383.693s][debug][gc,phases      ] GC(83)     Dead                           Min: 0, Avg:  0.0, Max: 0, Diff: 0, Sum: 0, Workers: 4
[383.693s][debug][gc,phases      ] GC(83)     Total                          Min: 0, Avg:  0.0, Max: 0, Diff: 0, Sum: 0, Workers: 4
[383.693s][debug][gc,phases      ] GC(83) Weak Processing 0.310ms
[383.693s][debug][gc,age         ] GC(83) Desired survivor size 89653248 bytes, new threshold 15 (max threshold 15)
[383.693s][info ][gc,heap        ] GC(83) PSYoungGen: 1916256K(2007040K)->1968K(2004480K) Eden: 1914368K(1914368K)->0K(1914368K) From: 1888K(92672K)->1968K(90112K)
[383.693s][info ][gc,heap        ] GC(83) ParOldGen: 285685K(351232K)->285701K(351232K)
[383.693s][info ][gc,metaspace   ] GC(83) Metaspace: 84451K(85312K)->84451K(85312K) NonClass: 72059K(72512K)->72059K(72512K) Class: 12391K(12800K)->12391K(12800K)
[383.693s][info ][gc             ] GC(83) Pause Young (Allocation Failure) 2150M->280M(2300M) 3.492ms
[383.693s][info ][gc,cpu         ] GC(83) User=0.01s Sys=0.00s Real=0.01s
[383.693s][info ][safepoint      ] Safepoint "ParallelGCFailedAllocation", Time since last: 1841860328 ns, Reaching safepoint: 6000 ns, Cleanup: 4200 ns, At safepoint: 3563192 ns, Total: 3573392 ns
[386.534s][info ][gc,start       ] GC(84) Pause Young (Allocation Failure)
[386.537s][debug][gc,phases      ] GC(84) Scavenge 3.068ms
[386.537s][debug][gc,ref         ] GC(84) Skipped phase 1 of Reference Processing: no references
[386.538s][debug][gc,ref         ] GC(84) ReferenceProcessor::execute queues: 1, RefProcThreadModel::Single, marks_oops_alive: false
[386.538s][debug][gc,ref         ] GC(84) Skipped phase 3 of Reference Processing: no references
[386.538s][debug][gc,ref         ] GC(84) ReferenceProcessor::execute queues: 1, RefProcThreadModel::Single, marks_oops_alive: false
[386.538s][debug][gc,phases      ] GC(84) Reference Processing 0.092ms
[386.538s][debug][gc,phases      ] GC(84)   VM Weak                        Min:  0.0, Avg:  0.0, Max:  0.0, Diff:  0.0, Sum:  0.0, Workers: 4
[386.538s][debug][gc,phases      ] GC(84)     Dead                           Min: 0, Avg:  0.0, Max: 0, Diff: 0, Sum: 0, Workers: 4
[386.538s][debug][gc,phases      ] GC(84)     Total                          Min: 0, Avg: 182.2, Max: 729, Diff: 729, Sum: 729, Workers: 4
[386.538s][debug][gc,phases      ] GC(84)   ObjectSynchronizer Weak        Min:  0.0, Avg:  0.0, Max:  0.0, Diff:  0.0, Sum:  0.0, Workers: 4
[386.538s][debug][gc,phases      ] GC(84)     Dead                           Min: 0, Avg:  0.0, Max: 0, Diff: 0, Sum: 0, Workers: 4
[386.538s][debug][gc,phases      ] GC(84)     Total                          Min: 0, Avg:  1.5, Max: 6, Diff: 6, Sum: 6, Workers: 4
[386.538s][debug][gc,phases      ] GC(84)   JVMTI Tag Weak OopStorage      Min:  0.0, Avg:  0.0, Max:  0.0, Diff:  0.0, Sum:  0.0, Workers: 4
[386.538s][debug][gc,phases      ] GC(84)     Dead                           Min: 0, Avg:  0.0, Max: 0, Diff: 0, Sum: 0, Workers: 4
[386.538s][debug][gc,phases      ] GC(84)     Total                          Min: 0, Avg:  0.0, Max: 0, Diff: 0, Sum: 0, Workers: 4
[386.538s][debug][gc,phases      ] GC(84)   StringTable Weak               Min:  0.0, Avg:  0.1, Max:  0.1, Diff:  0.1, Sum:  0.4, Workers: 4
[386.538s][debug][gc,phases      ] GC(84)     Dead                           Min: 0, Avg:  0.0, Max: 0, Diff: 0, Sum: 0, Workers: 4
[386.538s][debug][gc,phases      ] GC(84)     Total                          Min: 0, Avg: 10967.0, Max: 15040, Diff: 15040, Sum: 43868, Workers: 4
[386.538s][debug][gc,phases      ] GC(84)   ResolvedMethodTable Weak       Min:  0.0, Avg:  0.0, Max:  0.0, Diff:  0.0, Sum:  0.1, Workers: 4
[386.538s][debug][gc,phases      ] GC(84)     Dead                           Min: 0, Avg:  0.0, Max: 0, Diff: 0, Sum: 0, Workers: 4
[386.538s][debug][gc,phases      ] GC(84)     Total                          Min: 0, Avg: 2584.2, Max: 3648, Diff: 3648, Sum: 10337, Workers: 4
[386.538s][debug][gc,phases      ] GC(84)   JNI Weak                       Min:  0.0, Avg:  0.0, Max:  0.0, Diff:  0.0, Sum:  0.0, Workers: 4
[386.538s][debug][gc,phases      ] GC(84)     Dead                           Min: 0, Avg:  0.0, Max: 0, Diff: 0, Sum: 0, Workers: 4
[386.538s][debug][gc,phases      ] GC(84)     Total                          Min: 0, Avg: 11.2, Max: 45, Diff: 45, Sum: 45, Workers: 4
[386.538s][debug][gc,phases      ] GC(84)   StringDedup Table Weak         Min:  0.0, Avg:  0.0, Max:  0.0, Diff:  0.0, Sum:  0.0, Workers: 4
[386.538s][debug][gc,phases      ] GC(84)     Dead                           Min: 0, Avg:  0.0, Max: 0, Diff: 0, Sum: 0, Workers: 4
[386.538s][debug][gc,phases      ] GC(84)     Total                          Min: 0, Avg:  0.0, Max: 0, Diff: 0, Sum: 0, Workers: 4
[386.538s][debug][gc,phases      ] GC(84)   StringDedup Requests0 Weak     Min:  0.0, Avg:  0.0, Max:  0.0, Diff:  0.0, Sum:  0.0, Workers: 4
[386.538s][debug][gc,phases      ] GC(84)     Dead                           Min: 0, Avg:  0.0, Max: 0, Diff: 0, Sum: 0, Workers: 4
[386.538s][debug][gc,phases      ] GC(84)     Total                          Min: 0, Avg:  0.0, Max: 0, Diff: 0, Sum: 0, Workers: 4
[386.538s][debug][gc,phases      ] GC(84)   StringDedup Requests1 Weak     Min:  0.0, Avg:  0.0, Max:  0.0, Diff:  0.0, Sum:  0.0, Workers: 4
[386.538s][debug][gc,phases      ] GC(84)     Dead                           Min: 0, Avg:  0.0, Max: 0, Diff: 0, Sum: 0, Workers: 4
[386.538s][debug][gc,phases      ] GC(84)     Total                          Min: 0, Avg:  0.0, Max: 0, Diff: 0, Sum: 0, Workers: 4
[386.538s][debug][gc,phases      ] GC(84)   Weak JFR Old Object Samples    Min:  0.0, Avg:  0.0, Max:  0.0, Diff:  0.0, Sum:  0.0, Workers: 4
[386.538s][debug][gc,phases      ] GC(84)     Dead                           Min: 0, Avg:  0.0, Max: 0, Diff: 0, Sum: 0, Workers: 4
[386.538s][debug][gc,phases      ] GC(84)     Total                          Min: 0, Avg:  0.0, Max: 0, Diff: 0, Sum: 0, Workers: 4
[386.538s][debug][gc,phases      ] GC(84) Weak Processing 0.343ms
[386.538s][debug][gc,age         ] GC(84) Desired survivor size 85983232 bytes, new threshold 15 (max threshold 15)
[386.538s][info ][gc,heap        ] GC(84) PSYoungGen: 1916336K(2004480K)->1904K(2013184K) Eden: 1914368K(1914368K)->0K(1925632K) From: 1968K(90112K)->1904K(87552K)
[386.538s][info ][gc,heap        ] GC(84) ParOldGen: 285701K(351232K)->285725K(351232K)
[386.538s][info ][gc,metaspace   ] GC(84) Metaspace: 84455K(85312K)->84455K(85312K) NonClass: 72064K(72512K)->72064K(72512K) Class: 12391K(12800K)->12391K(12800K)
[386.538s][info ][gc             ] GC(84) Pause Young (Allocation Failure) 2150M->280M(2309M) 3.608ms
[386.538s][info ][gc,cpu         ] GC(84) User=0.01s Sys=0.00s Real=0.00s
[386.538s][info ][safepoint      ] Safepoint "ParallelGCFailedAllocation", Time since last: 2840815089 ns, Reaching safepoint: 4300 ns, Cleanup: 14700 ns, At safepoint: 3675792 ns, Total: 3694792 ns
[387.538s][info ][safepoint      ] Safepoint "Cleanup", Time since last: 1000086249 ns, Reaching safepoint: 75200 ns, Cleanup: 10100 ns, At safepoint: 7000 ns, Total: 92300 ns
[388.538s][info ][safepoint      ] Safepoint "Cleanup", Time since last: 1000118048 ns, Reaching safepoint: 73200 ns, Cleanup: 9000 ns, At safepoint: 4900 ns, Total: 87100 ns
[389.384s][info ][gc,start       ] GC(85) Pause Young (Allocation Failure)
[389.386s][debug][gc,phases      ] GC(85) Scavenge 1.709ms
[389.386s][debug][gc,ref         ] GC(85) Skipped phase 1 of Reference Processing: no references
[389.386s][debug][gc,ref         ] GC(85) ReferenceProcessor::execute queues: 1, RefProcThreadModel::Single, marks_oops_alive: false
[389.386s][debug][gc,ref         ] GC(85) ReferenceProcessor::execute queues: 4, RefProcThreadModel::Multi, marks_oops_alive: true
[389.386s][debug][gc,ref         ] GC(85) ReferenceProcessor::execute queues: 1, RefProcThreadModel::Single, marks_oops_alive: false
[389.386s][debug][gc,phases      ] GC(85) Reference Processing 0.173ms
[389.386s][debug][gc,phases      ] GC(85)   VM Weak                        Min:  0.0, Avg:  0.0, Max:  0.0, Diff:  0.0, Sum:  0.0, Workers: 4
[389.386s][debug][gc,phases      ] GC(85)     Dead                           Min: 0, Avg:  0.0, Max: 0, Diff: 0, Sum: 0, Workers: 4
[389.386s][debug][gc,phases      ] GC(85)     Total                          Min: 0, Avg: 182.2, Max: 601, Diff: 601, Sum: 729, Workers: 4
[389.386s][debug][gc,phases      ] GC(85)   ObjectSynchronizer Weak        Min:  0.0, Avg:  0.0, Max:  0.0, Diff:  0.0, Sum:  0.0, Workers: 4
[389.386s][debug][gc,phases      ] GC(85)     Dead                           Min: 0, Avg:  0.0, Max: 0, Diff: 0, Sum: 0, Workers: 4
[389.386s][debug][gc,phases      ] GC(85)     Total                          Min: 0, Avg:  1.5, Max: 6, Diff: 6, Sum: 6, Workers: 4
[389.386s][debug][gc,phases      ] GC(85)   JVMTI Tag Weak OopStorage      Min:  0.0, Avg:  0.0, Max:  0.0, Diff:  0.0, Sum:  0.0, Workers: 4
[389.386s][debug][gc,phases      ] GC(85)     Dead                           Min: 0, Avg:  0.0, Max: 0, Diff: 0, Sum: 0, Workers: 4
[389.386s][debug][gc,phases      ] GC(85)     Total                          Min: 0, Avg:  0.0, Max: 0, Diff: 0, Sum: 0, Workers: 4
[389.386s][debug][gc,phases      ] GC(85)   StringTable Weak               Min:  0.0, Avg:  0.1, Max:  0.1, Diff:  0.1, Sum:  0.4, Workers: 4
[389.386s][debug][gc,phases      ] GC(85)     Dead                           Min: 0, Avg:  0.0, Max: 0, Diff: 0, Sum: 0, Workers: 4
[389.386s][debug][gc,phases      ] GC(85)     Total                          Min: 0, Avg: 10967.0, Max: 19200, Diff: 19200, Sum: 43868, Workers: 4
[389.386s][debug][gc,phases      ] GC(85)   ResolvedMethodTable Weak       Min:  0.0, Avg:  0.0, Max:  0.0, Diff:  0.0, Sum:  0.1, Workers: 4
[389.386s][debug][gc,phases      ] GC(85)     Dead                           Min: 0, Avg:  0.0, Max: 0, Diff: 0, Sum: 0, Workers: 4
[389.386s][debug][gc,phases      ] GC(85)     Total                          Min: 0, Avg: 2584.2, Max: 4449, Diff: 4449, Sum: 10337, Workers: 4
[389.386s][debug][gc,phases      ] GC(85)   JNI Weak                       Min:  0.0, Avg:  0.0, Max:  0.0, Diff:  0.0, Sum:  0.0, Workers: 4
[389.386s][debug][gc,phases      ] GC(85)     Dead                           Min: 0, Avg:  0.0, Max: 0, Diff: 0, Sum: 0, Workers: 4
[389.386s][debug][gc,phases      ] GC(85)     Total                          Min: 0, Avg: 11.2, Max: 45, Diff: 45, Sum: 45, Workers: 4
[389.386s][debug][gc,phases      ] GC(85)   StringDedup Table Weak         Min:  0.0, Avg:  0.0, Max:  0.0, Diff:  0.0, Sum:  0.0, Workers: 4
[389.386s][debug][gc,phases      ] GC(85)     Dead                           Min: 0, Avg:  0.0, Max: 0, Diff: 0, Sum: 0, Workers: 4
[389.386s][debug][gc,phases      ] GC(85)     Total                          Min: 0, Avg:  0.0, Max: 0, Diff: 0, Sum: 0, Workers: 4
[389.386s][debug][gc,phases      ] GC(85)   StringDedup Requests0 Weak     Min:  0.0, Avg:  0.0, Max:  0.0, Diff:  0.0, Sum:  0.0, Workers: 4
[389.386s][debug][gc,phases      ] GC(85)     Dead                           Min: 0, Avg:  0.0, Max: 0, Diff: 0, Sum: 0, Workers: 4
[389.386s][debug][gc,phases      ] GC(85)     Total                          Min: 0, Avg:  0.0, Max: 0, Diff: 0, Sum: 0, Workers: 4
[389.386s][debug][gc,phases      ] GC(85)   StringDedup Requests1 Weak     Min:  0.0, Avg:  0.0, Max:  0.0, Diff:  0.0, Sum:  0.0, Workers: 4
[389.386s][debug][gc,phases      ] GC(85)     Dead                           Min: 0, Avg:  0.0, Max: 0, Diff: 0, Sum: 0, Workers: 4
[389.386s][debug][gc,phases      ] GC(85)     Total                          Min: 0, Avg:  0.0, Max: 0, Diff: 0, Sum: 0, Workers: 4
[389.386s][debug][gc,phases      ] GC(85)   Weak JFR Old Object Samples    Min:  0.0, Avg:  0.0, Max:  0.0, Diff:  0.0, Sum:  0.0, Workers: 4
[389.386s][debug][gc,phases      ] GC(85)     Dead                           Min: 0, Avg:  0.0, Max: 0, Diff: 0, Sum: 0, Workers: 4
[389.386s][debug][gc,phases      ] GC(85)     Total                          Min: 0, Avg:  0.0, Max: 0, Diff: 0, Sum: 0, Workers: 4
[389.386s][debug][gc,phases      ] GC(85) Weak Processing 0.345ms
[389.386s][debug][gc,age         ] GC(85) Desired survivor size 82837504 bytes, new threshold 15 (max threshold 15)
[389.387s][info ][gc,heap        ] GC(85) PSYoungGen: 1927536K(2013184K)->1856K(2009600K) Eden: 1925632K(1925632K)->0K(1925632K) From: 1904K(87552K)->1856K(83968K)
[389.387s][info ][gc,heap        ] GC(85) ParOldGen: 285725K(351232K)->285837K(351232K)
[389.387s][info ][gc,metaspace   ] GC(85) Metaspace: 84455K(85312K)->84455K(85312K) NonClass: 72064K(72512K)->72064K(72512K) Class: 12391K(12800K)->12391K(12800K)
[389.387s][info ][gc             ] GC(85) Pause Young (Allocation Failure) 2161M->280M(2305M) 2.327ms
[389.387s][info ][gc,cpu         ] GC(85) User=0.01s Sys=0.00s Real=0.00s
[389.387s][info ][safepoint      ] Safepoint "ParallelGCFailedAllocation", Time since last: 845807181 ns, Reaching safepoint: 4500 ns, Cleanup: 3500 ns, At safepoint: 2389394 ns, Total: 2397394 ns
[392.086s][info ][gc,start       ] GC(86) Pause Young (Allocation Failure)
[392.100s][debug][gc,phases      ] GC(86) Scavenge 14.097ms
[392.100s][debug][gc,ref         ] GC(86) Skipped phase 1 of Reference Processing: no references
[392.100s][debug][gc,ref         ] GC(86) ReferenceProcessor::execute queues: 1, RefProcThreadModel::Single, marks_oops_alive: false
[392.100s][debug][gc,ref         ] GC(86) ReferenceProcessor::execute queues: 4, RefProcThreadModel::Multi, marks_oops_alive: true
[392.100s][debug][gc,ref         ] GC(86) Skipped phase 4 of Reference Processing: no references
[392.100s][debug][gc,phases      ] GC(86) Reference Processing 0.165ms
[392.101s][debug][gc,phases      ] GC(86)   VM Weak                        Min:  0.0, Avg:  0.0, Max:  0.0, Diff:  0.0, Sum:  0.0, Workers: 4
[392.101s][debug][gc,phases      ] GC(86)     Dead                           Min: 0, Avg:  0.0, Max: 0, Diff: 0, Sum: 0, Workers: 4
[392.101s][debug][gc,phases      ] GC(86)     Total                          Min: 0, Avg: 182.2, Max: 384, Diff: 384, Sum: 729, Workers: 4
[392.101s][debug][gc,phases      ] GC(86)   ObjectSynchronizer Weak        Min:  0.0, Avg:  0.0, Max:  0.0, Diff:  0.0, Sum:  0.0, Workers: 4
[392.101s][debug][gc,phases      ] GC(86)     Dead                           Min: 0, Avg:  0.0, Max: 0, Diff: 0, Sum: 0, Workers: 4
[392.101s][debug][gc,phases      ] GC(86)     Total                          Min: 0, Avg:  1.5, Max: 6, Diff: 6, Sum: 6, Workers: 4
[392.101s][debug][gc,phases      ] GC(86)   JVMTI Tag Weak OopStorage      Min:  0.0, Avg:  0.0, Max:  0.0, Diff:  0.0, Sum:  0.0, Workers: 4
[392.101s][debug][gc,phases      ] GC(86)     Dead                           Min: 0, Avg:  0.0, Max: 0, Diff: 0, Sum: 0, Workers: 4
[392.101s][debug][gc,phases      ] GC(86)     Total                          Min: 0, Avg:  0.0, Max: 0, Diff: 0, Sum: 0, Workers: 4
[392.101s][debug][gc,phases      ] GC(86)   StringTable Weak               Min:  0.1, Avg:  0.1, Max:  0.1, Diff:  0.0, Sum:  0.5, Workers: 4
[392.101s][debug][gc,phases      ] GC(86)     Dead                           Min: 0, Avg:  0.0, Max: 0, Diff: 0, Sum: 0, Workers: 4
[392.101s][debug][gc,phases      ] GC(86)     Total                          Min: 9792, Avg: 10967.0, Max: 11712, Diff: 1920, Sum: 43868, Workers: 4
[392.101s][debug][gc,phases      ] GC(86)   ResolvedMethodTable Weak       Min:  0.0, Avg:  0.0, Max:  0.0, Diff:  0.0, Sum:  0.1, Workers: 4
[392.101s][debug][gc,phases      ] GC(86)     Dead                           Min: 0, Avg:  0.0, Max: 0, Diff: 0, Sum: 0, Workers: 4
[392.101s][debug][gc,phases      ] GC(86)     Total                          Min: 2496, Avg: 2584.2, Max: 2657, Diff: 161, Sum: 10337, Workers: 4
[392.101s][debug][gc,phases      ] GC(86)   JNI Weak                       Min:  0.0, Avg:  0.0, Max:  0.0, Diff:  0.0, Sum:  0.0, Workers: 4
[392.101s][debug][gc,phases      ] GC(86)     Dead                           Min: 0, Avg:  0.0, Max: 0, Diff: 0, Sum: 0, Workers: 4
[392.101s][debug][gc,phases      ] GC(86)     Total                          Min: 0, Avg: 11.2, Max: 45, Diff: 45, Sum: 45, Workers: 4
[392.101s][debug][gc,phases      ] GC(86)   StringDedup Table Weak         Min:  0.0, Avg:  0.0, Max:  0.0, Diff:  0.0, Sum:  0.0, Workers: 4
[392.101s][debug][gc,phases      ] GC(86)     Dead                           Min: 0, Avg:  0.0, Max: 0, Diff: 0, Sum: 0, Workers: 4
[392.101s][debug][gc,phases      ] GC(86)     Total                          Min: 0, Avg:  0.0, Max: 0, Diff: 0, Sum: 0, Workers: 4
[392.101s][debug][gc,phases      ] GC(86)   StringDedup Requests0 Weak     Min:  0.0, Avg:  0.0, Max:  0.0, Diff:  0.0, Sum:  0.0, Workers: 4
[392.101s][debug][gc,phases      ] GC(86)     Dead                           Min: 0, Avg:  0.0, Max: 0, Diff: 0, Sum: 0, Workers: 4
[392.101s][debug][gc,phases      ] GC(86)     Total                          Min: 0, Avg:  0.0, Max: 0, Diff: 0, Sum: 0, Workers: 4
[392.101s][debug][gc,phases      ] GC(86)   StringDedup Requests1 Weak     Min:  0.0, Avg:  0.0, Max:  0.0, Diff:  0.0, Sum:  0.0, Workers: 4
[392.101s][debug][gc,phases      ] GC(86)     Dead                           Min: 0, Avg:  0.0, Max: 0, Diff: 0, Sum: 0, Workers: 4
[392.101s][debug][gc,phases      ] GC(86)     Total                          Min: 0, Avg:  0.0, Max: 0, Diff: 0, Sum: 0, Workers: 4
[392.101s][debug][gc,phases      ] GC(86)   Weak JFR Old Object Samples    Min:  0.0, Avg:  0.0, Max:  0.0, Diff:  0.0, Sum:  0.0, Workers: 4
[392.101s][debug][gc,phases      ] GC(86)     Dead                           Min: 0, Avg:  0.0, Max: 0, Diff: 0, Sum: 0, Workers: 4
[392.101s][debug][gc,phases      ] GC(86)     Total                          Min: 0, Avg:  0.0, Max: 0, Diff: 0, Sum: 0, Workers: 4
[392.101s][debug][gc,phases      ] GC(86) Weak Processing 0.305ms
[392.101s][debug][gc,age         ] GC(86) Desired survivor size 79167488 bytes, new threshold 15 (max threshold 15)
[392.101s][info ][gc,heap        ] GC(86) PSYoungGen: 1927488K(2009600K)->25744K(2019840K) Eden: 1925632K(1925632K)->0K(1938944K) From: 1856K(83968K)->25744K(80896K)
[392.101s][info ][gc,heap        ] GC(86) ParOldGen: 285837K(351232K)->285861K(351232K)
[392.101s][info ][gc,metaspace   ] GC(86) Metaspace: 84455K(85312K)->84455K(85312K) NonClass: 72064K(72512K)->72064K(72512K) Class: 12391K(12800K)->12391K(12800K)
[392.101s][info ][gc             ] GC(86) Pause Young (Allocation Failure) 2161M->304M(2315M) 14.680ms
[392.101s][info ][gc,cpu         ] GC(86) User=0.05s Sys=0.00s Real=0.02s
[392.101s][info ][safepoint      ] Safepoint "ParallelGCFailedAllocation", Time since last: 2699448011 ns, Reaching safepoint: 71700 ns, Cleanup: 9700 ns, At safepoint: 14752367 ns, Total: 14833767 ns
[396.101s][info ][safepoint      ] Safepoint "Cleanup", Time since last: 4000269428 ns, Reaching safepoint: 70700 ns, Cleanup: 8800 ns, At safepoint: 4900 ns, Total: 84400 ns
[398.068s][info ][safepoint      ] Safepoint "Cleanup", Time since last: 1966270088 ns, Reaching safepoint: 4900 ns, Cleanup: 47000 ns, At safepoint: 2200 ns, Total: 54100 ns
[399.187s][info ][gc,start       ] GC(87) Pause Young (Allocation Failure)
[399.207s][debug][gc,phases      ] GC(87) Scavenge 20.323ms
[399.207s][debug][gc,ref         ] GC(87) Skipped phase 1 of Reference Processing: no references
[399.207s][debug][gc,ref         ] GC(87) ReferenceProcessor::execute queues: 1, RefProcThreadModel::Single, marks_oops_alive: false
[399.207s][debug][gc,ref         ] GC(87) Skipped phase 3 of Reference Processing: no references
[399.207s][debug][gc,ref         ] GC(87) Skipped phase 4 of Reference Processing: no references
[399.207s][debug][gc,phases      ] GC(87) Reference Processing 0.111ms
[399.208s][debug][gc,phases      ] GC(87)   VM Weak                        Min:  0.0, Avg:  0.0, Max:  0.0, Diff:  0.0, Sum:  0.0, Workers: 4
[399.208s][debug][gc,phases      ] GC(87)     Dead                           Min: 0, Avg:  0.0, Max: 0, Diff: 0, Sum: 0, Workers: 4
[399.208s][debug][gc,phases      ] GC(87)     Total                          Min: 0, Avg: 182.2, Max: 640, Diff: 640, Sum: 729, Workers: 4
[399.208s][debug][gc,phases      ] GC(87)   ObjectSynchronizer Weak        Min:  0.0, Avg:  0.0, Max:  0.0, Diff:  0.0, Sum:  0.0, Workers: 4
[399.208s][debug][gc,phases      ] GC(87)     Dead                           Min: 0, Avg:  0.0, Max: 0, Diff: 0, Sum: 0, Workers: 4
[399.208s][debug][gc,phases      ] GC(87)     Total                          Min: 0, Avg:  1.5, Max: 6, Diff: 6, Sum: 6, Workers: 4
[399.208s][debug][gc,phases      ] GC(87)   JVMTI Tag Weak OopStorage      Min:  0.0, Avg:  0.0, Max:  0.0, Diff:  0.0, Sum:  0.0, Workers: 4
[399.208s][debug][gc,phases      ] GC(87)     Dead                           Min: 0, Avg:  0.0, Max: 0, Diff: 0, Sum: 0, Workers: 4
[399.208s][debug][gc,phases      ] GC(87)     Total                          Min: 0, Avg:  0.0, Max: 0, Diff: 0, Sum: 0, Workers: 4
[399.208s][debug][gc,phases      ] GC(87)   StringTable Weak               Min:  0.0, Avg:  0.1, Max:  0.1, Diff:  0.1, Sum:  0.4, Workers: 4
[399.208s][debug][gc,phases      ] GC(87)     Dead                           Min: 0, Avg:  0.0, Max: 0, Diff: 0, Sum: 0, Workers: 4
[399.208s][debug][gc,phases      ] GC(87)     Total                          Min: 0, Avg: 10968.8, Max: 17827, Diff: 17827, Sum: 43875, Workers: 4
[399.208s][debug][gc,phases      ] GC(87)   ResolvedMethodTable Weak       Min:  0.0, Avg:  0.0, Max:  0.0, Diff:  0.0, Sum:  0.1, Workers: 4
[399.208s][debug][gc,phases      ] GC(87)     Dead                           Min: 0, Avg:  0.0, Max: 0, Diff: 0, Sum: 0, Workers: 4
[399.208s][debug][gc,phases      ] GC(87)     Total                          Min: 0, Avg: 2584.2, Max: 4416, Diff: 4416, Sum: 10337, Workers: 4
[399.208s][debug][gc,phases      ] GC(87)   JNI Weak                       Min:  0.0, Avg:  0.0, Max:  0.0, Diff:  0.0, Sum:  0.0, Workers: 4
[399.208s][debug][gc,phases      ] GC(87)     Dead                           Min: 0, Avg:  0.0, Max: 0, Diff: 0, Sum: 0, Workers: 4
[399.208s][debug][gc,phases      ] GC(87)     Total                          Min: 0, Avg: 11.2, Max: 45, Diff: 45, Sum: 45, Workers: 4
[399.208s][debug][gc,phases      ] GC(87)   StringDedup Table Weak         Min:  0.0, Avg:  0.0, Max:  0.0, Diff:  0.0, Sum:  0.0, Workers: 4
[399.208s][debug][gc,phases      ] GC(87)     Dead                           Min: 0, Avg:  0.0, Max: 0, Diff: 0, Sum: 0, Workers: 4
[399.208s][debug][gc,phases      ] GC(87)     Total                          Min: 0, Avg:  0.0, Max: 0, Diff: 0, Sum: 0, Workers: 4
[399.208s][debug][gc,phases      ] GC(87)   StringDedup Requests0 Weak     Min:  0.0, Avg:  0.0, Max:  0.0, Diff:  0.0, Sum:  0.0, Workers: 4
[399.208s][debug][gc,phases      ] GC(87)     Dead                           Min: 0, Avg:  0.0, Max: 0, Diff: 0, Sum: 0, Workers: 4
[399.208s][debug][gc,phases      ] GC(87)     Total                          Min: 0, Avg:  0.0, Max: 0, Diff: 0, Sum: 0, Workers: 4
[399.208s][debug][gc,phases      ] GC(87)   StringDedup Requests1 Weak     Min:  0.0, Avg:  0.0, Max:  0.0, Diff:  0.0, Sum:  0.0, Workers: 4
[399.208s][debug][gc,phases      ] GC(87)     Dead                           Min: 0, Avg:  0.0, Max: 0, Diff: 0, Sum: 0, Workers: 4
[399.208s][debug][gc,phases      ] GC(87)     Total                          Min: 0, Avg:  0.0, Max: 0, Diff: 0, Sum: 0, Workers: 4
[399.208s][debug][gc,phases      ] GC(87)   Weak JFR Old Object Samples    Min:  0.0, Avg:  0.0, Max:  0.0, Diff:  0.0, Sum:  0.0, Workers: 4
[399.208s][debug][gc,phases      ] GC(87)     Dead                           Min: 0, Avg:  0.0, Max: 0, Diff: 0, Sum: 0, Workers: 4
[399.208s][debug][gc,phases      ] GC(87)     Total                          Min: 0, Avg:  0.0, Max: 0, Diff: 0, Sum: 0, Workers: 4
[399.208s][debug][gc,phases      ] GC(87) Weak Processing 0.348ms
[399.208s][debug][gc,age         ] GC(87) Desired survivor size 85983232 bytes, new threshold 15 (max threshold 15)
[399.208s][info ][gc,heap        ] GC(87) PSYoungGen: 1964688K(2019840K)->52144K(1991168K) Eden: 1938944K(1938944K)->0K(1938944K) From: 25744K(80896K)->52144K(52224K)
[399.208s][info ][gc,heap        ] GC(87) ParOldGen: 285861K(351232K)->285909K(351232K)
[399.208s][info ][gc,metaspace   ] GC(87) Metaspace: 84474K(85376K)->84474K(85376K) NonClass: 72082K(72576K)->72082K(72576K) Class: 12391K(12800K)->12391K(12800K)
[399.208s][info ][gc             ] GC(87) Pause Young (Allocation Failure) 2197M->330M(2287M) 20.934ms
[399.208s][info ][gc,cpu         ] GC(87) User=0.07s Sys=0.00s Real=0.02s
[399.208s][info ][safepoint      ] Safepoint "ParallelGCFailedAllocation", Time since last: 1119277494 ns, Reaching safepoint: 5300 ns, Cleanup: 4100 ns, At safepoint: 21006654 ns, Total: 21016054 ns
[401.208s][info ][safepoint      ] Safepoint "Cleanup", Time since last: 2000125904 ns, Reaching safepoint: 5000 ns, Cleanup: 13500 ns, At safepoint: 1900 ns, Total: 20400 ns
[403.051s][info ][safepoint      ] Safepoint "Cleanup", Time since last: 1843427039 ns, Reaching safepoint: 4200 ns, Cleanup: 21500 ns, At safepoint: 1800 ns, Total: 27500 ns
[404.889s][info ][gc,start       ] GC(88) Pause Young (Allocation Failure)
[404.908s][debug][gc,phases      ] GC(88) Scavenge 19.072ms
[404.908s][debug][gc,ref         ] GC(88) Skipped phase 1 of Reference Processing: no references
[404.908s][debug][gc,ref         ] GC(88) ReferenceProcessor::execute queues: 1, RefProcThreadModel::Single, marks_oops_alive: false
[404.908s][debug][gc,ref         ] GC(88) ReferenceProcessor::execute queues: 4, RefProcThreadModel::Multi, marks_oops_alive: true
[404.908s][debug][gc,ref         ] GC(88) ReferenceProcessor::execute queues: 1, RefProcThreadModel::Single, marks_oops_alive: false
[404.908s][debug][gc,phases      ] GC(88) Reference Processing 0.157ms
[404.908s][debug][gc,phases      ] GC(88)   VM Weak                        Min:  0.0, Avg:  0.0, Max:  0.0, Diff:  0.0, Sum:  0.0, Workers: 4
[404.908s][debug][gc,phases      ] GC(88)     Dead                           Min: 0, Avg:  0.0, Max: 0, Diff: 0, Sum: 0, Workers: 4
[404.908s][debug][gc,phases      ] GC(88)     Total                          Min: 0, Avg: 182.2, Max: 640, Diff: 640, Sum: 729, Workers: 4
[404.908s][debug][gc,phases      ] GC(88)   ObjectSynchronizer Weak        Min:  0.0, Avg:  0.0, Max:  0.0, Diff:  0.0, Sum:  0.0, Workers: 4
[404.908s][debug][gc,phases      ] GC(88)     Dead                           Min: 0, Avg:  0.0, Max: 0, Diff: 0, Sum: 0, Workers: 4
[404.909s][debug][gc,phases      ] GC(88)     Total                          Min: 0, Avg:  1.5, Max: 6, Diff: 6, Sum: 6, Workers: 4
[404.909s][debug][gc,phases      ] GC(88)   JVMTI Tag Weak OopStorage      Min:  0.0, Avg:  0.0, Max:  0.0, Diff:  0.0, Sum:  0.0, Workers: 4
[404.909s][debug][gc,phases      ] GC(88)     Dead                           Min: 0, Avg:  0.0, Max: 0, Diff: 0, Sum: 0, Workers: 4
[404.909s][debug][gc,phases      ] GC(88)     Total                          Min: 0, Avg:  0.0, Max: 0, Diff: 0, Sum: 0, Workers: 4
[404.909s][debug][gc,phases      ] GC(88)   StringTable Weak               Min:  0.0, Avg:  0.1, Max:  0.1, Diff:  0.1, Sum:  0.4, Workers: 4
[404.909s][debug][gc,phases      ] GC(88)     Dead                           Min: 0, Avg:  0.0, Max: 0, Diff: 0, Sum: 0, Workers: 4
[404.909s][debug][gc,phases      ] GC(88)     Total                          Min: 0, Avg: 10970.8, Max: 19307, Diff: 19307, Sum: 43883, Workers: 4
[404.909s][debug][gc,phases      ] GC(88)   ResolvedMethodTable Weak       Min:  0.0, Avg:  0.0, Max:  0.0, Diff:  0.0, Sum:  0.1, Workers: 4
[404.909s][debug][gc,phases      ] GC(88)     Dead                           Min: 0, Avg:  0.0, Max: 0, Diff: 0, Sum: 0, Workers: 4
[404.909s][debug][gc,phases      ] GC(88)     Total                          Min: 0, Avg: 2584.2, Max: 4288, Diff: 4288, Sum: 10337, Workers: 4
[404.909s][debug][gc,phases      ] GC(88)   JNI Weak                       Min:  0.0, Avg:  0.0, Max:  0.0, Diff:  0.0, Sum:  0.0, Workers: 4
[404.909s][debug][gc,phases      ] GC(88)     Dead                           Min: 0, Avg:  0.0, Max: 0, Diff: 0, Sum: 0, Workers: 4
[404.909s][debug][gc,phases      ] GC(88)     Total                          Min: 0, Avg: 11.2, Max: 45, Diff: 45, Sum: 45, Workers: 4
[404.909s][debug][gc,phases      ] GC(88)   StringDedup Table Weak         Min:  0.0, Avg:  0.0, Max:  0.0, Diff:  0.0, Sum:  0.0, Workers: 4
[404.909s][debug][gc,phases      ] GC(88)     Dead                           Min: 0, Avg:  0.0, Max: 0, Diff: 0, Sum: 0, Workers: 4
[404.909s][debug][gc,phases      ] GC(88)     Total                          Min: 0, Avg:  0.0, Max: 0, Diff: 0, Sum: 0, Workers: 4
[404.909s][debug][gc,phases      ] GC(88)   StringDedup Requests0 Weak     Min:  0.0, Avg:  0.0, Max:  0.0, Diff:  0.0, Sum:  0.0, Workers: 4
[404.909s][debug][gc,phases      ] GC(88)     Dead                           Min: 0, Avg:  0.0, Max: 0, Diff: 0, Sum: 0, Workers: 4
[404.909s][debug][gc,phases      ] GC(88)     Total                          Min: 0, Avg:  0.0, Max: 0, Diff: 0, Sum: 0, Workers: 4
[404.909s][debug][gc,phases      ] GC(88)   StringDedup Requests1 Weak     Min:  0.0, Avg:  0.0, Max:  0.0, Diff:  0.0, Sum:  0.0, Workers: 4
[404.909s][debug][gc,phases      ] GC(88)     Dead                           Min: 0, Avg:  0.0, Max: 0, Diff: 0, Sum: 0, Workers: 4
[404.909s][debug][gc,phases      ] GC(88)     Total                          Min: 0, Avg:  0.0, Max: 0, Diff: 0, Sum: 0, Workers: 4
[404.909s][debug][gc,phases      ] GC(88)   Weak JFR Old Object Samples    Min:  0.0, Avg:  0.0, Max:  0.0, Diff:  0.0, Sum:  0.0, Workers: 4
[404.909s][debug][gc,phases      ] GC(88)     Dead                           Min: 0, Avg:  0.0, Max: 0, Diff: 0, Sum: 0, Workers: 4
[404.909s][debug][gc,phases      ] GC(88)     Total                          Min: 0, Avg:  0.0, Max: 0, Diff: 0, Sum: 0, Workers: 4
[404.909s][debug][gc,phases      ] GC(88) Weak Processing 0.334ms
[404.909s][debug][gc,age         ] GC(88) Desired survivor size 91226112 bytes, new threshold 15 (max threshold 15)
[404.909s][info ][gc,heap        ] GC(88) PSYoungGen: 1991088K(1991168K)->52304K(2002944K) Eden: 1938944K(1938944K)->0K(1918976K) From: 52144K(52224K)->52304K(83968K)
[404.909s][info ][gc,heap        ] GC(88) ParOldGen: 285909K(351232K)->285917K(351232K)
[404.909s][info ][gc,metaspace   ] GC(88) Metaspace: 84483K(85376K)->84483K(85376K) NonClass: 72091K(72576K)->72091K(72576K) Class: 12391K(12800K)->12391K(12800K)
[404.909s][info ][gc             ] GC(88) Pause Young (Allocation Failure) 2223M->330M(2299M) 19.686ms
[404.909s][info ][gc,cpu         ] GC(88) User=0.05s Sys=0.00s Real=0.02s
[404.909s][info ][safepoint      ] Safepoint "ParallelGCFailedAllocation", Time since last: 1837489253 ns, Reaching safepoint: 5600 ns, Cleanup: 4900 ns, At safepoint: 19768357 ns, Total: 19778857 ns
[405.909s][info ][safepoint      ] Safepoint "Cleanup", Time since last: 1000090352 ns, Reaching safepoint: 5200 ns, Cleanup: 11300 ns, At safepoint: 2000 ns, Total: 18500 ns
[408.909s][info ][safepoint      ] Safepoint "Cleanup", Time since last: 3000212537 ns, Reaching safepoint: 4800 ns, Cleanup: 9300 ns, At safepoint: 1900 ns, Total: 16000 ns
[409.909s][info ][safepoint      ] Safepoint "Cleanup", Time since last: 1000097010 ns, Reaching safepoint: 4300 ns, Cleanup: 16700 ns, At safepoint: 2100 ns, Total: 23100 ns
[410.279s][info ][gc,start       ] GC(89) Pause Young (Allocation Failure)
[410.302s][debug][gc,phases      ] GC(89) Scavenge 22.482ms
[410.302s][debug][gc,ref         ] GC(89) Skipped phase 1 of Reference Processing: no references
[410.302s][debug][gc,ref         ] GC(89) ReferenceProcessor::execute queues: 1, RefProcThreadModel::Single, marks_oops_alive: false
[410.302s][debug][gc,ref         ] GC(89) ReferenceProcessor::execute queues: 4, RefProcThreadModel::Multi, marks_oops_alive: true
[410.302s][debug][gc,ref         ] GC(89) ReferenceProcessor::execute queues: 1, RefProcThreadModel::Single, marks_oops_alive: false
[410.302s][debug][gc,phases      ] GC(89) Reference Processing 0.183ms
[410.302s][debug][gc,phases      ] GC(89)   VM Weak                        Min:  0.0, Avg:  0.0, Max:  0.0, Diff:  0.0, Sum:  0.0, Workers: 4
[410.302s][debug][gc,phases      ] GC(89)     Dead                           Min: 0, Avg:  0.0, Max: 0, Diff: 0, Sum: 0, Workers: 4
[410.302s][debug][gc,phases      ] GC(89)     Total                          Min: 0, Avg: 182.2, Max: 704, Diff: 704, Sum: 729, Workers: 4
[410.302s][debug][gc,phases      ] GC(89)   ObjectSynchronizer Weak        Min:  0.0, Avg:  0.0, Max:  0.0, Diff:  0.0, Sum:  0.0, Workers: 4
[410.302s][debug][gc,phases      ] GC(89)     Dead                           Min: 0, Avg:  0.0, Max: 0, Diff: 0, Sum: 0, Workers: 4
[410.302s][debug][gc,phases      ] GC(89)     Total                          Min: 0, Avg:  1.5, Max: 6, Diff: 6, Sum: 6, Workers: 4
[410.302s][debug][gc,phases      ] GC(89)   JVMTI Tag Weak OopStorage      Min:  0.0, Avg:  0.0, Max:  0.0, Diff:  0.0, Sum:  0.0, Workers: 4
[410.302s][debug][gc,phases      ] GC(89)     Dead                           Min: 0, Avg:  0.0, Max: 0, Diff: 0, Sum: 0, Workers: 4
[410.302s][debug][gc,phases      ] GC(89)     Total                          Min: 0, Avg:  0.0, Max: 0, Diff: 0, Sum: 0, Workers: 4
[410.302s][debug][gc,phases      ] GC(89)   StringTable Weak               Min:  0.0, Avg:  0.1, Max:  0.1, Diff:  0.1, Sum:  0.4, Workers: 4
[410.302s][debug][gc,phases      ] GC(89)     Dead                           Min: 0, Avg:  0.0, Max: 0, Diff: 0, Sum: 0, Workers: 4
[410.302s][debug][gc,phases      ] GC(89)     Total                          Min: 0, Avg: 10970.8, Max: 18283, Diff: 18283, Sum: 43883, Workers: 4
[410.302s][debug][gc,phases      ] GC(89)   ResolvedMethodTable Weak       Min:  0.0, Avg:  0.0, Max:  0.0, Diff:  0.0, Sum:  0.1, Workers: 4
[410.302s][debug][gc,phases      ] GC(89)     Dead                           Min: 0, Avg:  0.0, Max: 0, Diff: 0, Sum: 0, Workers: 4
[410.302s][debug][gc,phases      ] GC(89)     Total                          Min: 0, Avg: 2584.2, Max: 4193, Diff: 4193, Sum: 10337, Workers: 4
[410.302s][debug][gc,phases      ] GC(89)   JNI Weak                       Min:  0.0, Avg:  0.0, Max:  0.0, Diff:  0.0, Sum:  0.0, Workers: 4
[410.302s][debug][gc,phases      ] GC(89)     Dead                           Min: 0, Avg:  0.0, Max: 0, Diff: 0, Sum: 0, Workers: 4
[410.302s][debug][gc,phases      ] GC(89)     Total                          Min: 0, Avg: 11.2, Max: 45, Diff: 45, Sum: 45, Workers: 4
[410.302s][debug][gc,phases      ] GC(89)   StringDedup Table Weak         Min:  0.0, Avg:  0.0, Max:  0.0, Diff:  0.0, Sum:  0.0, Workers: 4
[410.302s][debug][gc,phases      ] GC(89)     Dead                           Min: 0, Avg:  0.0, Max: 0, Diff: 0, Sum: 0, Workers: 4
[410.302s][debug][gc,phases      ] GC(89)     Total                          Min: 0, Avg:  0.0, Max: 0, Diff: 0, Sum: 0, Workers: 4
[410.302s][debug][gc,phases      ] GC(89)   StringDedup Requests0 Weak     Min:  0.0, Avg:  0.0, Max:  0.0, Diff:  0.0, Sum:  0.0, Workers: 4
[410.302s][debug][gc,phases      ] GC(89)     Dead                           Min: 0, Avg:  0.0, Max: 0, Diff: 0, Sum: 0, Workers: 4
[410.302s][debug][gc,phases      ] GC(89)     Total                          Min: 0, Avg:  0.0, Max: 0, Diff: 0, Sum: 0, Workers: 4
[410.302s][debug][gc,phases      ] GC(89)   StringDedup Requests1 Weak     Min:  0.0, Avg:  0.0, Max:  0.0, Diff:  0.0, Sum:  0.0, Workers: 4
[410.302s][debug][gc,phases      ] GC(89)     Dead                           Min: 0, Avg:  0.0, Max: 0, Diff: 0, Sum: 0, Workers: 4
[410.302s][debug][gc,phases      ] GC(89)     Total                          Min: 0, Avg:  0.0, Max: 0, Diff: 0, Sum: 0, Workers: 4
[410.302s][debug][gc,phases      ] GC(89)   Weak JFR Old Object Samples    Min:  0.0, Avg:  0.0, Max:  0.0, Diff:  0.0, Sum:  0.0, Workers: 4
[410.302s][debug][gc,phases      ] GC(89)     Dead                           Min: 0, Avg:  0.0, Max: 0, Diff: 0, Sum: 0, Workers: 4
[410.302s][debug][gc,phases      ] GC(89)     Total                          Min: 0, Avg:  0.0, Max: 0, Diff: 0, Sum: 0, Workers: 4
[410.302s][debug][gc,phases      ] GC(89) Weak Processing 0.330ms
[410.302s][debug][gc,age         ] GC(89) Desired survivor size 101187584 bytes, new threshold 15 (max threshold 15)
[410.302s][info ][gc,heap        ] GC(89) PSYoungGen: 1971280K(2002944K)->68816K(1988096K) Eden: 1918976K(1918976K)->0K(1918976K) From: 52304K(83968K)->68816K(69120K)
[410.302s][info ][gc,heap        ] GC(89) ParOldGen: 285917K(351232K)->285917K(351232K)
[410.302s][info ][gc,metaspace   ] GC(89) Metaspace: 84500K(85440K)->84500K(85440K) NonClass: 72108K(72640K)->72108K(72640K) Class: 12391K(12800K)->12391K(12800K)
[410.302s][info ][gc             ] GC(89) Pause Young (Allocation Failure) 2204M->346M(2284M) 23.142ms
[410.303s][info ][gc,cpu         ] GC(89) User=0.08s Sys=0.00s Real=0.03s
[410.303s][info ][safepoint      ] Safepoint "ParallelGCFailedAllocation", Time since last: 370168689 ns, Reaching safepoint: 4500 ns, Cleanup: 12200 ns, At safepoint: 23212949 ns, Total: 23229649 ns
[411.303s][info ][safepoint      ] Safepoint "Cleanup", Time since last: 1000038710 ns, Reaching safepoint: 5000 ns, Cleanup: 11300 ns, At safepoint: 2100 ns, Total: 18400 ns
[412.303s][info ][safepoint      ] Safepoint "Cleanup", Time since last: 1000101909 ns, Reaching safepoint: 5000 ns, Cleanup: 9200 ns, At safepoint: 2200 ns, Total: 16400 ns
[413.303s][info ][safepoint      ] Safepoint "Cleanup", Time since last: 1000070210 ns, Reaching safepoint: 6000 ns, Cleanup: 9000 ns, At safepoint: 2200 ns, Total: 17200 ns
[414.303s][info ][safepoint      ] Safepoint "Cleanup", Time since last: 1000137506 ns, Reaching safepoint: 4300 ns, Cleanup: 12400 ns, At safepoint: 4300 ns, Total: 21000 ns
[415.303s][info ][safepoint      ] Safepoint "Cleanup", Time since last: 1000103193 ns, Reaching safepoint: 4200 ns, Cleanup: 8700 ns, At safepoint: 2100 ns, Total: 15000 ns
[416.232s][info ][gc,start       ] GC(90) Pause Young (Allocation Failure)
[416.255s][debug][gc,phases      ] GC(90) Scavenge 22.636ms
[416.255s][debug][gc,ref         ] GC(90) Skipped phase 1 of Reference Processing: no references
[416.255s][debug][gc,ref         ] GC(90) ReferenceProcessor::execute queues: 1, RefProcThreadModel::Single, marks_oops_alive: false
[416.255s][debug][gc,ref         ] GC(90) ReferenceProcessor::execute queues: 4, RefProcThreadModel::Multi, marks_oops_alive: true
[416.255s][debug][gc,ref         ] GC(90) Skipped phase 4 of Reference Processing: no references
[416.255s][debug][gc,phases      ] GC(90) Reference Processing 0.402ms
[416.255s][debug][gc,phases      ] GC(90)   VM Weak                        Min:  0.0, Avg:  0.0, Max:  0.0, Diff:  0.0, Sum:  0.0, Workers: 4
[416.255s][debug][gc,phases      ] GC(90)     Dead                           Min: 0, Avg:  0.0, Max: 0, Diff: 0, Sum: 0, Workers: 4
[416.255s][debug][gc,phases      ] GC(90)     Total                          Min: 0, Avg: 182.2, Max: 384, Diff: 384, Sum: 729, Workers: 4
[416.255s][debug][gc,phases      ] GC(90)   ObjectSynchronizer Weak        Min:  0.0, Avg:  0.0, Max:  0.0, Diff:  0.0, Sum:  0.0, Workers: 4
[416.255s][debug][gc,phases      ] GC(90)     Dead                           Min: 0, Avg:  0.0, Max: 0, Diff: 0, Sum: 0, Workers: 4
[416.255s][debug][gc,phases      ] GC(90)     Total                          Min: 0, Avg:  1.5, Max: 6, Diff: 6, Sum: 6, Workers: 4
[416.255s][debug][gc,phases      ] GC(90)   JVMTI Tag Weak OopStorage      Min:  0.0, Avg:  0.0, Max:  0.0, Diff:  0.0, Sum:  0.0, Workers: 4
[416.255s][debug][gc,phases      ] GC(90)     Dead                           Min: 0, Avg:  0.0, Max: 0, Diff: 0, Sum: 0, Workers: 4
[416.255s][debug][gc,phases      ] GC(90)     Total                          Min: 0, Avg:  0.0, Max: 0, Diff: 0, Sum: 0, Workers: 4
[416.255s][debug][gc,phases      ] GC(90)   StringTable Weak               Min:  0.0, Avg:  0.1, Max:  0.2, Diff:  0.2, Sum:  0.4, Workers: 4
[416.255s][debug][gc,phases      ] GC(90)     Dead                           Min: 0, Avg:  0.0, Max: 0, Diff: 0, Sum: 0, Workers: 4
[416.255s][debug][gc,phases      ] GC(90)     Total                          Min: 0, Avg: 10971.8, Max: 28079, Diff: 28079, Sum: 43887, Workers: 4
[416.256s][debug][gc,phases      ] GC(90)   ResolvedMethodTable Weak       Min:  0.0, Avg:  0.0, Max:  0.0, Diff:  0.0, Sum:  0.1, Workers: 4
[416.256s][debug][gc,phases      ] GC(90)     Dead                           Min: 0, Avg:  0.0, Max: 0, Diff: 0, Sum: 0, Workers: 4
[416.256s][debug][gc,phases      ] GC(90)     Total                          Min: 0, Avg: 2584.2, Max: 6464, Diff: 6464, Sum: 10337, Workers: 4
[416.256s][debug][gc,phases      ] GC(90)   JNI Weak                       Min:  0.0, Avg:  0.0, Max:  0.0, Diff:  0.0, Sum:  0.0, Workers: 4
[416.256s][debug][gc,phases      ] GC(90)     Dead                           Min: 0, Avg:  0.0, Max: 0, Diff: 0, Sum: 0, Workers: 4
[416.256s][debug][gc,phases      ] GC(90)     Total                          Min: 0, Avg: 11.2, Max: 45, Diff: 45, Sum: 45, Workers: 4
[416.256s][debug][gc,phases      ] GC(90)   StringDedup Table Weak         Min:  0.0, Avg:  0.0, Max:  0.0, Diff:  0.0, Sum:  0.0, Workers: 4
[416.256s][debug][gc,phases      ] GC(90)     Dead                           Min: 0, Avg:  0.0, Max: 0, Diff: 0, Sum: 0, Workers: 4
[416.256s][debug][gc,phases      ] GC(90)     Total                          Min: 0, Avg:  0.0, Max: 0, Diff: 0, Sum: 0, Workers: 4
[416.256s][debug][gc,phases      ] GC(90)   StringDedup Requests0 Weak     Min:  0.0, Avg:  0.0, Max:  0.0, Diff:  0.0, Sum:  0.0, Workers: 4
[416.256s][debug][gc,phases      ] GC(90)     Dead                           Min: 0, Avg:  0.0, Max: 0, Diff: 0, Sum: 0, Workers: 4
[416.256s][debug][gc,phases      ] GC(90)     Total                          Min: 0, Avg:  0.0, Max: 0, Diff: 0, Sum: 0, Workers: 4
[416.256s][debug][gc,phases      ] GC(90)   StringDedup Requests1 Weak     Min:  0.0, Avg:  0.0, Max:  0.0, Diff:  0.0, Sum:  0.0, Workers: 4
[416.256s][debug][gc,phases      ] GC(90)     Dead                           Min: 0, Avg:  0.0, Max: 0, Diff: 0, Sum: 0, Workers: 4
[416.256s][debug][gc,phases      ] GC(90)     Total                          Min: 0, Avg:  0.0, Max: 0, Diff: 0, Sum: 0, Workers: 4
[416.256s][debug][gc,phases      ] GC(90)   Weak JFR Old Object Samples    Min:  0.0, Avg:  0.0, Max:  0.0, Diff:  0.0, Sum:  0.0, Workers: 4
[416.256s][debug][gc,phases      ] GC(90)     Dead                           Min: 0, Avg:  0.0, Max: 0, Diff: 0, Sum: 0, Workers: 4
[416.256s][debug][gc,phases      ] GC(90)     Total                          Min: 0, Avg:  0.0, Max: 0, Diff: 0, Sum: 0, Workers: 4
[416.256s][debug][gc,phases      ] GC(90) Weak Processing 0.392ms
[416.256s][debug][gc,age         ] GC(90) Desired survivor size 109051904 bytes, new threshold 15 (max threshold 15)
[416.256s][info ][gc,heap        ] GC(90) PSYoungGen: 1987792K(1988096K)->68752K(1982976K) Eden: 1918976K(1918976K)->0K(1884160K) From: 68816K(69120K)->68752K(98816K)
[416.256s][info ][gc,heap        ] GC(90) ParOldGen: 285917K(351232K)->285957K(351232K)
[416.256s][info ][gc,metaspace   ] GC(90) Metaspace: 84517K(85440K)->84517K(85440K) NonClass: 72126K(72640K)->72126K(72640K) Class: 12391K(12800K)->12391K(12800K)
[416.256s][info ][gc             ] GC(90) Pause Young (Allocation Failure) 2220M->346M(2279M) 23.558ms
[416.256s][info ][gc,cpu         ] GC(90) User=0.08s Sys=0.00s Real=0.02s
[416.256s][info ][safepoint      ] Safepoint "ParallelGCFailedAllocation", Time since last: 928914550 ns, Reaching safepoint: 4500 ns, Cleanup: 17700 ns, At safepoint: 23634148 ns, Total: 23656348 ns
[417.256s][info ][safepoint      ] Safepoint "Cleanup", Time since last: 1000073793 ns, Reaching safepoint: 5000 ns, Cleanup: 30500 ns, At safepoint: 6800 ns, Total: 42300 ns
[418.256s][info ][safepoint      ] Safepoint "Cleanup", Time since last: 1000110893 ns, Reaching safepoint: 4400 ns, Cleanup: 12500 ns, At safepoint: 2200 ns, Total: 19100 ns
[420.136s][info ][safepoint      ] Safepoint "Cleanup", Time since last: 1879681452 ns, Reaching safepoint: 2800 ns, Cleanup: 22200 ns, At safepoint: 5500 ns, Total: 30500 ns
[421.136s][info ][safepoint      ] Safepoint "Cleanup", Time since last: 1000115092 ns, Reaching safepoint: 77600 ns, Cleanup: 11900 ns, At safepoint: 5800 ns, Total: 95300 ns
[421.994s][info ][gc,start       ] GC(91) Pause Young (Allocation Failure)
[422.014s][debug][gc,phases      ] GC(91) Scavenge 20.154ms
[422.014s][debug][gc,ref         ] GC(91) Skipped phase 1 of Reference Processing: no references
[422.014s][debug][gc,ref         ] GC(91) ReferenceProcessor::execute queues: 1, RefProcThreadModel::Single, marks_oops_alive: false
[422.014s][debug][gc,ref         ] GC(91) Skipped phase 3 of Reference Processing: no references
[422.014s][debug][gc,ref         ] GC(91) Skipped phase 4 of Reference Processing: no references
[422.014s][debug][gc,phases      ] GC(91) Reference Processing 0.094ms
[422.014s][debug][gc,phases      ] GC(91)   VM Weak                        Min:  0.0, Avg:  0.0, Max:  0.0, Diff:  0.0, Sum:  0.0, Workers: 4
[422.014s][debug][gc,phases      ] GC(91)     Dead                           Min: 0, Avg:  0.0, Max: 0, Diff: 0, Sum: 0, Workers: 4
[422.014s][debug][gc,phases      ] GC(91)     Total                          Min: 0, Avg: 182.2, Max: 729, Diff: 729, Sum: 729, Workers: 4
[422.014s][debug][gc,phases      ] GC(91)   ObjectSynchronizer Weak        Min:  0.0, Avg:  0.0, Max:  0.0, Diff:  0.0, Sum:  0.0, Workers: 4
[422.014s][debug][gc,phases      ] GC(91)     Dead                           Min: 0, Avg:  0.0, Max: 0, Diff: 0, Sum: 0, Workers: 4
[422.014s][debug][gc,phases      ] GC(91)     Total                          Min: 0, Avg:  0.8, Max: 3, Diff: 3, Sum: 3, Workers: 4
[422.014s][debug][gc,phases      ] GC(91)   JVMTI Tag Weak OopStorage      Min:  0.0, Avg:  0.0, Max:  0.0, Diff:  0.0, Sum:  0.0, Workers: 4
[422.014s][debug][gc,phases      ] GC(91)     Dead                           Min: 0, Avg:  0.0, Max: 0, Diff: 0, Sum: 0, Workers: 4
[422.014s][debug][gc,phases      ] GC(91)     Total                          Min: 0, Avg:  0.0, Max: 0, Diff: 0, Sum: 0, Workers: 4
[422.014s][debug][gc,phases      ] GC(91)   StringTable Weak               Min:  0.0, Avg:  0.1, Max:  0.1, Diff:  0.1, Sum:  0.4, Workers: 4
[422.014s][debug][gc,phases      ] GC(91)     Dead                           Min: 0, Avg:  0.0, Max: 0, Diff: 0, Sum: 0, Workers: 4
[422.014s][debug][gc,phases      ] GC(91)     Total                          Min: 0, Avg: 10973.8, Max: 18999, Diff: 18999, Sum: 43895, Workers: 4
[422.014s][debug][gc,phases      ] GC(91)   ResolvedMethodTable Weak       Min:  0.0, Avg:  0.0, Max:  0.0, Diff:  0.0, Sum:  0.1, Workers: 4
[422.014s][debug][gc,phases      ] GC(91)     Dead                           Min: 0, Avg:  0.0, Max: 0, Diff: 0, Sum: 0, Workers: 4
[422.014s][debug][gc,phases      ] GC(91)     Total                          Min: 0, Avg: 2584.2, Max: 4416, Diff: 4416, Sum: 10337, Workers: 4
[422.014s][debug][gc,phases      ] GC(91)   JNI Weak                       Min:  0.0, Avg:  0.0, Max:  0.0, Diff:  0.0, Sum:  0.0, Workers: 4
[422.014s][debug][gc,phases      ] GC(91)     Dead                           Min: 0, Avg:  0.0, Max: 0, Diff: 0, Sum: 0, Workers: 4
[422.014s][debug][gc,phases      ] GC(91)     Total                          Min: 0, Avg: 11.2, Max: 45, Diff: 45, Sum: 45, Workers: 4
[422.014s][debug][gc,phases      ] GC(91)   StringDedup Table Weak         Min:  0.0, Avg:  0.0, Max:  0.0, Diff:  0.0, Sum:  0.0, Workers: 4
[422.014s][debug][gc,phases      ] GC(91)     Dead                           Min: 0, Avg:  0.0, Max: 0, Diff: 0, Sum: 0, Workers: 4
[422.014s][debug][gc,phases      ] GC(91)     Total                          Min: 0, Avg:  0.0, Max: 0, Diff: 0, Sum: 0, Workers: 4
[422.014s][debug][gc,phases      ] GC(91)   StringDedup Requests0 Weak     Min:  0.0, Avg:  0.0, Max:  0.0, Diff:  0.0, Sum:  0.0, Workers: 4
[422.014s][debug][gc,phases      ] GC(91)     Dead                           Min: 0, Avg:  0.0, Max: 0, Diff: 0, Sum: 0, Workers: 4
[422.014s][debug][gc,phases      ] GC(91)     Total                          Min: 0, Avg:  0.0, Max: 0, Diff: 0, Sum: 0, Workers: 4
[422.014s][debug][gc,phases      ] GC(91)   StringDedup Requests1 Weak     Min:  0.0, Avg:  0.0, Max:  0.0, Diff:  0.0, Sum:  0.0, Workers: 4
[422.014s][debug][gc,phases      ] GC(91)     Dead                           Min: 0, Avg:  0.0, Max: 0, Diff: 0, Sum: 0, Workers: 4
[422.014s][debug][gc,phases      ] GC(91)     Total                          Min: 0, Avg:  0.0, Max: 0, Diff: 0, Sum: 0, Workers: 4
[422.014s][debug][gc,phases      ] GC(91)   Weak JFR Old Object Samples    Min:  0.0, Avg:  0.0, Max:  0.0, Diff:  0.0, Sum:  0.0, Workers: 4
[422.014s][debug][gc,phases      ] GC(91)     Dead                           Min: 0, Avg:  0.0, Max: 0, Diff: 0, Sum: 0, Workers: 4
[422.014s][debug][gc,phases      ] GC(91)     Total                          Min: 0, Avg:  0.0, Max: 0, Diff: 0, Sum: 0, Workers: 4
[422.014s][debug][gc,phases      ] GC(91) Weak Processing 0.344ms
[422.014s][debug][gc,age         ] GC(91) Desired survivor size 114819072 bytes, new threshold 15 (max threshold 15)
[422.014s][info ][gc,heap        ] GC(91) PSYoungGen: 1952912K(1982976K)->68784K(1953280K) Eden: 1884160K(1884160K)->0K(1884160K) From: 68752K(98816K)->68784K(69120K)
[422.014s][info ][gc,heap        ] GC(91) ParOldGen: 285957K(351232K)->286045K(351232K)
[422.014s][info ][gc,metaspace   ] GC(91) Metaspace: 84524K(85440K)->84524K(85440K) NonClass: 72133K(72640K)->72133K(72640K) Class: 12391K(12800K)->12391K(12800K)
[422.014s][info ][gc             ] GC(91) Pause Young (Allocation Failure) 2186M->346M(2250M) 20.706ms
[422.014s][info ][gc,cpu         ] GC(91) User=0.08s Sys=0.00s Real=0.02s
[422.015s][info ][safepoint      ] Safepoint "ParallelGCFailedAllocation", Time since last: 857882607 ns, Reaching safepoint: 6000 ns, Cleanup: 6800 ns, At safepoint: 20800554 ns, Total: 20813354 ns
[423.015s][info ][safepoint      ] Safepoint "Cleanup", Time since last: 1000095395 ns, Reaching safepoint: 4800 ns, Cleanup: 29100 ns, At safepoint: 2300 ns, Total: 36200 ns
[424.015s][info ][safepoint      ] Safepoint "Cleanup", Time since last: 1000102695 ns, Reaching safepoint: 4200 ns, Cleanup: 45200 ns, At safepoint: 1700 ns, Total: 51100 ns
[425.015s][info ][safepoint      ] Safepoint "Cleanup", Time since last: 1000097795 ns, Reaching safepoint: 5600 ns, Cleanup: 39400 ns, At safepoint: 2000 ns, Total: 47000 ns
[426.015s][info ][safepoint      ] Safepoint "Cleanup", Time since last: 1000097995 ns, Reaching safepoint: 4200 ns, Cleanup: 11500 ns, At safepoint: 1600 ns, Total: 17300 ns
[427.779s][info ][gc,start       ] GC(92) Pause Young (Allocation Failure)
[427.802s][debug][gc,phases      ] GC(92) Scavenge 22.309ms
[427.802s][debug][gc,ref         ] GC(92) Skipped phase 1 of Reference Processing: no references
[427.802s][debug][gc,ref         ] GC(92) ReferenceProcessor::execute queues: 1, RefProcThreadModel::Single, marks_oops_alive: false
[427.802s][debug][gc,ref         ] GC(92) Skipped phase 3 of Reference Processing: no references
[427.802s][debug][gc,ref         ] GC(92) ReferenceProcessor::execute queues: 1, RefProcThreadModel::Single, marks_oops_alive: false
[427.802s][debug][gc,phases      ] GC(92) Reference Processing 0.110ms
[427.802s][debug][gc,phases      ] GC(92)   VM Weak                        Min:  0.0, Avg:  0.0, Max:  0.0, Diff:  0.0, Sum:  0.0, Workers: 4
[427.802s][debug][gc,phases      ] GC(92)     Dead                           Min: 0, Avg:  0.0, Max: 0, Diff: 0, Sum: 0, Workers: 4
[427.802s][debug][gc,phases      ] GC(92)     Total                          Min: 0, Avg: 182.2, Max: 384, Diff: 384, Sum: 729, Workers: 4
[427.802s][debug][gc,phases      ] GC(92)   ObjectSynchronizer Weak        Min:  0.0, Avg:  0.0, Max:  0.0, Diff:  0.0, Sum:  0.0, Workers: 4
[427.802s][debug][gc,phases      ] GC(92)     Dead                           Min: 0, Avg:  0.0, Max: 0, Diff: 0, Sum: 0, Workers: 4
[427.802s][debug][gc,phases      ] GC(92)     Total                          Min: 0, Avg:  1.0, Max: 4, Diff: 4, Sum: 4, Workers: 4
[427.802s][debug][gc,phases      ] GC(92)   JVMTI Tag Weak OopStorage      Min:  0.0, Avg:  0.0, Max:  0.0, Diff:  0.0, Sum:  0.0, Workers: 4
[427.802s][debug][gc,phases      ] GC(92)     Dead                           Min: 0, Avg:  0.0, Max: 0, Diff: 0, Sum: 0, Workers: 4
[427.802s][debug][gc,phases      ] GC(92)     Total                          Min: 0, Avg:  0.0, Max: 0, Diff: 0, Sum: 0, Workers: 4
[427.802s][debug][gc,phases      ] GC(92)   StringTable Weak               Min:  0.0, Avg:  0.1, Max:  0.1, Diff:  0.1, Sum:  0.4, Workers: 4
[427.802s][debug][gc,phases      ] GC(92)     Dead                           Min: 0, Avg:  0.0, Max: 0, Diff: 0, Sum: 0, Workers: 4
[427.802s][debug][gc,phases      ] GC(92)     Total                          Min: 0, Avg: 10981.0, Max: 18880, Diff: 18880, Sum: 43924, Workers: 4
[427.802s][debug][gc,phases      ] GC(92)   ResolvedMethodTable Weak       Min:  0.0, Avg:  0.0, Max:  0.0, Diff:  0.0, Sum:  0.1, Workers: 4
[427.802s][debug][gc,phases      ] GC(92)     Dead                           Min: 0, Avg:  4.5, Max: 18, Diff: 18, Sum: 18, Workers: 4
[427.802s][debug][gc,phases      ] GC(92)     Total                          Min: 0, Avg: 2588.8, Max: 4596, Diff: 4596, Sum: 10355, Workers: 4
[427.802s][debug][gc,phases      ] GC(92)   JNI Weak                       Min:  0.0, Avg:  0.0, Max:  0.0, Diff:  0.0, Sum:  0.0, Workers: 4
[427.802s][debug][gc,phases      ] GC(92)     Dead                           Min: 0, Avg:  0.0, Max: 0, Diff: 0, Sum: 0, Workers: 4
[427.802s][debug][gc,phases      ] GC(92)     Total                          Min: 0, Avg: 11.2, Max: 45, Diff: 45, Sum: 45, Workers: 4
[427.802s][debug][gc,phases      ] GC(92)   StringDedup Table Weak         Min:  0.0, Avg:  0.0, Max:  0.0, Diff:  0.0, Sum:  0.0, Workers: 4
[427.802s][debug][gc,phases      ] GC(92)     Dead                           Min: 0, Avg:  0.0, Max: 0, Diff: 0, Sum: 0, Workers: 4
[427.802s][debug][gc,phases      ] GC(92)     Total                          Min: 0, Avg:  0.0, Max: 0, Diff: 0, Sum: 0, Workers: 4
[427.802s][debug][gc,phases      ] GC(92)   StringDedup Requests0 Weak     Min:  0.0, Avg:  0.0, Max:  0.0, Diff:  0.0, Sum:  0.0, Workers: 4
[427.802s][debug][gc,phases      ] GC(92)     Dead                           Min: 0, Avg:  0.0, Max: 0, Diff: 0, Sum: 0, Workers: 4
[427.802s][debug][gc,phases      ] GC(92)     Total                          Min: 0, Avg:  0.0, Max: 0, Diff: 0, Sum: 0, Workers: 4
[427.802s][debug][gc,phases      ] GC(92)   StringDedup Requests1 Weak     Min:  0.0, Avg:  0.0, Max:  0.0, Diff:  0.0, Sum:  0.0, Workers: 4
[427.802s][debug][gc,phases      ] GC(92)     Dead                           Min: 0, Avg:  0.0, Max: 0, Diff: 0, Sum: 0, Workers: 4
[427.802s][debug][gc,phases      ] GC(92)     Total                          Min: 0, Avg:  0.0, Max: 0, Diff: 0, Sum: 0, Workers: 4
[427.802s][debug][gc,phases      ] GC(92)   Weak JFR Old Object Samples    Min:  0.0, Avg:  0.0, Max:  0.0, Diff:  0.0, Sum:  0.0, Workers: 4
[427.802s][debug][gc,phases      ] GC(92)     Dead                           Min: 0, Avg:  0.0, Max: 0, Diff: 0, Sum: 0, Workers: 4
[427.802s][debug][gc,phases      ] GC(92)     Total                          Min: 0, Avg:  0.0, Max: 0, Diff: 0, Sum: 0, Workers: 4
[427.802s][debug][gc,phases      ] GC(92) Weak Processing 0.339ms
[427.802s][debug][gc,age         ] GC(92) Desired survivor size 119537664 bytes, new threshold 15 (max threshold 15)
[427.802s][info ][gc,heap        ] GC(92) PSYoungGen: 1952944K(1953280K)->68688K(1975808K) Eden: 1884160K(1884160K)->0K(1863680K) From: 68784K(69120K)->68688K(112128K)
[427.802s][info ][gc,heap        ] GC(92) ParOldGen: 286045K(351232K)->286061K(351232K)
[427.802s][info ][gc,metaspace   ] GC(92) Metaspace: 84577K(85504K)->84577K(85504K) NonClass: 72177K(72704K)->72177K(72704K) Class: 12400K(12800K)->12400K(12800K)
[427.802s][info ][gc             ] GC(92) Pause Young (Allocation Failure) 2186M->346M(2272M) 22.875ms
[427.802s][info ][gc,cpu         ] GC(92) User=0.08s Sys=0.00s Real=0.03s
[427.802s][info ][safepoint      ] Safepoint "ParallelGCFailedAllocation", Time since last: 1764311410 ns, Reaching safepoint: 4000 ns, Cleanup: 9500 ns, At safepoint: 22946549 ns, Total: 22960049 ns
[428.802s][info ][safepoint      ] Safepoint "Cleanup", Time since last: 1000093195 ns, Reaching safepoint: 4600 ns, Cleanup: 27000 ns, At safepoint: 2400 ns, Total: 34000 ns
[429.803s][info ][safepoint      ] Safepoint "Cleanup", Time since last: 1000106295 ns, Reaching safepoint: 4900 ns, Cleanup: 8300 ns, At safepoint: 2300 ns, Total: 15500 ns
[430.803s][info ][safepoint      ] Safepoint "Cleanup", Time since last: 1000100895 ns, Reaching safepoint: 4400 ns, Cleanup: 8600 ns, At safepoint: 1600 ns, Total: 14600 ns
[431.803s][info ][safepoint      ] Safepoint "Cleanup", Time since last: 1000096594 ns, Reaching safepoint: 4300 ns, Cleanup: 13200 ns, At safepoint: 1800 ns, Total: 19300 ns
[432.803s][info ][safepoint      ] Safepoint "Cleanup", Time since last: 1000118194 ns, Reaching safepoint: 5500 ns, Cleanup: 12200 ns, At safepoint: 2500 ns, Total: 20200 ns
[433.442s][info ][gc,start       ] GC(93) Pause Young (Allocation Failure)
[433.463s][debug][gc,phases      ] GC(93) Scavenge 20.338ms
[433.463s][debug][gc,ref         ] GC(93) Skipped phase 1 of Reference Processing: no references
[433.463s][debug][gc,ref         ] GC(93) ReferenceProcessor::execute queues: 1, RefProcThreadModel::Single, marks_oops_alive: false
[433.463s][debug][gc,ref         ] GC(93) Skipped phase 3 of Reference Processing: no references
[433.463s][debug][gc,ref         ] GC(93) ReferenceProcessor::execute queues: 1, RefProcThreadModel::Single, marks_oops_alive: false
[433.463s][debug][gc,phases      ] GC(93) Reference Processing 0.088ms
[433.463s][debug][gc,phases      ] GC(93)   VM Weak                        Min:  0.0, Avg:  0.0, Max:  0.0, Diff:  0.0, Sum:  0.0, Workers: 4
[433.463s][debug][gc,phases      ] GC(93)     Dead                           Min: 0, Avg:  0.0, Max: 0, Diff: 0, Sum: 0, Workers: 4
[433.463s][debug][gc,phases      ] GC(93)     Total                          Min: 0, Avg: 182.2, Max: 448, Diff: 448, Sum: 729, Workers: 4
[433.463s][debug][gc,phases      ] GC(93)   ObjectSynchronizer Weak        Min:  0.0, Avg:  0.0, Max:  0.0, Diff:  0.0, Sum:  0.0, Workers: 4
[433.463s][debug][gc,phases      ] GC(93)     Dead                           Min: 0, Avg:  0.0, Max: 0, Diff: 0, Sum: 0, Workers: 4
[433.463s][debug][gc,phases      ] GC(93)     Total                          Min: 0, Avg:  1.0, Max: 4, Diff: 4, Sum: 4, Workers: 4
[433.463s][debug][gc,phases      ] GC(93)   JVMTI Tag Weak OopStorage      Min:  0.0, Avg:  0.0, Max:  0.0, Diff:  0.0, Sum:  0.0, Workers: 4
[433.463s][debug][gc,phases      ] GC(93)     Dead                           Min: 0, Avg:  0.0, Max: 0, Diff: 0, Sum: 0, Workers: 4
[433.463s][debug][gc,phases      ] GC(93)     Total                          Min: 0, Avg:  0.0, Max: 0, Diff: 0, Sum: 0, Workers: 4
[433.463s][debug][gc,phases      ] GC(93)   StringTable Weak               Min:  0.0, Avg:  0.1, Max:  0.1, Diff:  0.1, Sum:  0.4, Workers: 4
[433.463s][debug][gc,phases      ] GC(93)     Dead                           Min: 0, Avg:  0.0, Max: 0, Diff: 0, Sum: 0, Workers: 4
[433.463s][debug][gc,phases      ] GC(93)     Total                          Min: 0, Avg: 10981.2, Max: 18688, Diff: 18688, Sum: 43925, Workers: 4
[433.463s][debug][gc,phases      ] GC(93)   ResolvedMethodTable Weak       Min:  0.0, Avg:  0.0, Max:  0.0, Diff:  0.0, Sum:  0.1, Workers: 4
[433.463s][debug][gc,phases      ] GC(93)     Dead                           Min: 0, Avg:  0.0, Max: 0, Diff: 0, Sum: 0, Workers: 4
[433.463s][debug][gc,phases      ] GC(93)     Total                          Min: 0, Avg: 2589.5, Max: 4539, Diff: 4539, Sum: 10358, Workers: 4
[433.463s][debug][gc,phases      ] GC(93)   JNI Weak                       Min:  0.0, Avg:  0.0, Max:  0.0, Diff:  0.0, Sum:  0.0, Workers: 4
[433.463s][debug][gc,phases      ] GC(93)     Dead                           Min: 0, Avg:  0.0, Max: 0, Diff: 0, Sum: 0, Workers: 4
[433.463s][debug][gc,phases      ] GC(93)     Total                          Min: 0, Avg: 11.2, Max: 45, Diff: 45, Sum: 45, Workers: 4
[433.463s][debug][gc,phases      ] GC(93)   StringDedup Table Weak         Min:  0.0, Avg:  0.0, Max:  0.0, Diff:  0.0, Sum:  0.0, Workers: 4
[433.463s][debug][gc,phases      ] GC(93)     Dead                           Min: 0, Avg:  0.0, Max: 0, Diff: 0, Sum: 0, Workers: 4
[433.463s][debug][gc,phases      ] GC(93)     Total                          Min: 0, Avg:  0.0, Max: 0, Diff: 0, Sum: 0, Workers: 4
[433.463s][debug][gc,phases      ] GC(93)   StringDedup Requests0 Weak     Min:  0.0, Avg:  0.0, Max:  0.0, Diff:  0.0, Sum:  0.0, Workers: 4
[433.463s][debug][gc,phases      ] GC(93)     Dead                           Min: 0, Avg:  0.0, Max: 0, Diff: 0, Sum: 0, Workers: 4
[433.463s][debug][gc,phases      ] GC(93)     Total                          Min: 0, Avg:  0.0, Max: 0, Diff: 0, Sum: 0, Workers: 4
[433.463s][debug][gc,phases      ] GC(93)   StringDedup Requests1 Weak     Min:  0.0, Avg:  0.0, Max:  0.0, Diff:  0.0, Sum:  0.0, Workers: 4
[433.463s][debug][gc,phases      ] GC(93)     Dead                           Min: 0, Avg:  0.0, Max: 0, Diff: 0, Sum: 0, Workers: 4
[433.463s][debug][gc,phases      ] GC(93)     Total                          Min: 0, Avg:  0.0, Max: 0, Diff: 0, Sum: 0, Workers: 4
[433.463s][debug][gc,phases      ] GC(93)   Weak JFR Old Object Samples    Min:  0.0, Avg:  0.0, Max:  0.0, Diff:  0.0, Sum:  0.0, Workers: 4
[433.463s][debug][gc,phases      ] GC(93)     Dead                           Min: 0, Avg:  0.0, Max: 0, Diff: 0, Sum: 0, Workers: 4
[433.463s][debug][gc,phases      ] GC(93)     Total                          Min: 0, Avg:  0.0, Max: 0, Diff: 0, Sum: 0, Workers: 4
[433.463s][debug][gc,phases      ] GC(93) Weak Processing 0.342ms
[433.463s][debug][gc,age         ] GC(93) Desired survivor size 122683392 bytes, new threshold 15 (max threshold 15)
[433.463s][info ][gc,heap        ] GC(93) PSYoungGen: 1932368K(1975808K)->68752K(1932800K) Eden: 1863680K(1863680K)->0K(1863680K) From: 68688K(112128K)->68752K(69120K)
[433.463s][info ][gc,heap        ] GC(93) ParOldGen: 286061K(351232K)->286061K(351232K)
[433.463s][info ][gc,metaspace   ] GC(93) Metaspace: 84594K(85504K)->84594K(85504K) NonClass: 72192K(72704K)->72192K(72704K) Class: 12401K(12800K)->12401K(12800K)
[433.463s][info ][gc             ] GC(93) Pause Young (Allocation Failure) 2166M->346M(2230M) 20.885ms
[433.463s][info ][gc,cpu         ] GC(93) User=0.08s Sys=0.00s Real=0.02s
[433.463s][info ][safepoint      ] Safepoint "ParallelGCFailedAllocation", Time since last: 639395390 ns, Reaching safepoint: 86200 ns, Cleanup: 14800 ns, At safepoint: 20961253 ns, Total: 21062253 ns
[434.464s][info ][safepoint      ] Safepoint "Cleanup", Time since last: 1000087595 ns, Reaching safepoint: 5400 ns, Cleanup: 9100 ns, At safepoint: 2000 ns, Total: 16500 ns
[435.464s][info ][safepoint      ] Safepoint "Cleanup", Time since last: 1000099494 ns, Reaching safepoint: 4700 ns, Cleanup: 9800 ns, At safepoint: 1600 ns, Total: 16100 ns
[436.464s][info ][safepoint      ] Safepoint "Cleanup", Time since last: 1000088294 ns, Reaching safepoint: 5300 ns, Cleanup: 10900 ns, At safepoint: 2200 ns, Total: 18400 ns
[438.332s][info ][gc,start       ] GC(94) Pause Young (Allocation Failure)
[438.335s][debug][gc,phases      ] GC(94) Scavenge 3.460ms
[438.335s][debug][gc,ref         ] GC(94) Skipped phase 1 of Reference Processing: no references
[438.335s][debug][gc,ref         ] GC(94) ReferenceProcessor::execute queues: 1, RefProcThreadModel::Single, marks_oops_alive: false
[438.335s][debug][gc,ref         ] GC(94) Skipped phase 3 of Reference Processing: no references
[438.335s][debug][gc,ref         ] GC(94) ReferenceProcessor::execute queues: 1, RefProcThreadModel::Single, marks_oops_alive: false
[438.335s][debug][gc,phases      ] GC(94) Reference Processing 0.092ms
[438.336s][debug][gc,phases      ] GC(94)   VM Weak                        Min:  0.0, Avg:  0.0, Max:  0.0, Diff:  0.0, Sum:  0.0, Workers: 4
[438.336s][debug][gc,phases      ] GC(94)     Dead                           Min: 0, Avg:  0.0, Max: 0, Diff: 0, Sum: 0, Workers: 4
[438.336s][debug][gc,phases      ] GC(94)     Total                          Min: 0, Avg: 182.2, Max: 448, Diff: 448, Sum: 729, Workers: 4
[438.336s][debug][gc,phases      ] GC(94)   ObjectSynchronizer Weak        Min:  0.0, Avg:  0.0, Max:  0.0, Diff:  0.0, Sum:  0.0, Workers: 4
[438.336s][debug][gc,phases      ] GC(94)     Dead                           Min: 0, Avg:  0.0, Max: 0, Diff: 0, Sum: 0, Workers: 4
[438.336s][debug][gc,phases      ] GC(94)     Total                          Min: 0, Avg:  1.5, Max: 6, Diff: 6, Sum: 6, Workers: 4
[438.336s][debug][gc,phases      ] GC(94)   JVMTI Tag Weak OopStorage      Min:  0.0, Avg:  0.0, Max:  0.0, Diff:  0.0, Sum:  0.0, Workers: 4
[438.336s][debug][gc,phases      ] GC(94)     Dead                           Min: 0, Avg:  0.0, Max: 0, Diff: 0, Sum: 0, Workers: 4
[438.336s][debug][gc,phases      ] GC(94)     Total                          Min: 0, Avg:  0.0, Max: 0, Diff: 0, Sum: 0, Workers: 4
[438.336s][debug][gc,phases      ] GC(94)   StringTable Weak               Min:  0.0, Avg:  0.1, Max:  0.1, Diff:  0.1, Sum:  0.4, Workers: 4
[438.336s][debug][gc,phases      ] GC(94)     Dead                           Min: 0, Avg:  0.0, Max: 0, Diff: 0, Sum: 0, Workers: 4
[438.336s][debug][gc,phases      ] GC(94)     Total                          Min: 0, Avg: 10981.2, Max: 19392, Diff: 19392, Sum: 43925, Workers: 4
[438.336s][debug][gc,phases      ] GC(94)   ResolvedMethodTable Weak       Min:  0.0, Avg:  0.0, Max:  0.0, Diff:  0.0, Sum:  0.1, Workers: 4
[438.336s][debug][gc,phases      ] GC(94)     Dead                           Min: 0, Avg:  0.0, Max: 0, Diff: 0, Sum: 0, Workers: 4
[438.336s][debug][gc,phases      ] GC(94)     Total                          Min: 0, Avg: 2589.5, Max: 4414, Diff: 4414, Sum: 10358, Workers: 4
[438.336s][debug][gc,phases      ] GC(94)   JNI Weak                       Min:  0.0, Avg:  0.0, Max:  0.0, Diff:  0.0, Sum:  0.0, Workers: 4
[438.336s][debug][gc,phases      ] GC(94)     Dead                           Min: 0, Avg:  0.0, Max: 0, Diff: 0, Sum: 0, Workers: 4
[438.336s][debug][gc,phases      ] GC(94)     Total                          Min: 0, Avg: 11.2, Max: 45, Diff: 45, Sum: 45, Workers: 4
[438.336s][debug][gc,phases      ] GC(94)   StringDedup Table Weak         Min:  0.0, Avg:  0.0, Max:  0.0, Diff:  0.0, Sum:  0.0, Workers: 4
[438.336s][debug][gc,phases      ] GC(94)     Dead                           Min: 0, Avg:  0.0, Max: 0, Diff: 0, Sum: 0, Workers: 4
[438.336s][debug][gc,phases      ] GC(94)     Total                          Min: 0, Avg:  0.0, Max: 0, Diff: 0, Sum: 0, Workers: 4
[438.336s][debug][gc,phases      ] GC(94)   StringDedup Requests0 Weak     Min:  0.0, Avg:  0.0, Max:  0.0, Diff:  0.0, Sum:  0.0, Workers: 4
[438.336s][debug][gc,phases      ] GC(94)     Dead                           Min: 0, Avg:  0.0, Max: 0, Diff: 0, Sum: 0, Workers: 4
[438.336s][debug][gc,phases      ] GC(94)     Total                          Min: 0, Avg:  0.0, Max: 0, Diff: 0, Sum: 0, Workers: 4
[438.336s][debug][gc,phases      ] GC(94)   StringDedup Requests1 Weak     Min:  0.0, Avg:  0.0, Max:  0.0, Diff:  0.0, Sum:  0.0, Workers: 4
[438.336s][debug][gc,phases      ] GC(94)     Dead                           Min: 0, Avg:  0.0, Max: 0, Diff: 0, Sum: 0, Workers: 4
[438.336s][debug][gc,phases      ] GC(94)     Total                          Min: 0, Avg:  0.0, Max: 0, Diff: 0, Sum: 0, Workers: 4
[438.336s][debug][gc,phases      ] GC(94)   Weak JFR Old Object Samples    Min:  0.0, Avg:  0.0, Max:  0.0, Diff:  0.0, Sum:  0.0, Workers: 4
[438.336s][debug][gc,phases      ] GC(94)     Dead                           Min: 0, Avg:  0.0, Max: 0, Diff: 0, Sum: 0, Workers: 4
[438.336s][debug][gc,phases      ] GC(94)     Total                          Min: 0, Avg:  0.0, Max: 0, Diff: 0, Sum: 0, Workers: 4
[438.336s][debug][gc,phases      ] GC(94) Weak Processing 0.331ms
[438.336s][debug][gc,age         ] GC(94) Desired survivor size 121110528 bytes, new threshold 15 (max threshold 15)
[438.336s][info ][gc,heap        ] GC(94) PSYoungGen: 1932432K(1932800K)->6096K(1978880K) Eden: 1863680K(1863680K)->0K(1859072K) From: 68752K(69120K)->6096K(119808K)
[438.336s][info ][gc,heap        ] GC(94) ParOldGen: 286061K(351232K)->286093K(351232K)
[438.336s][info ][gc,metaspace   ] GC(94) Metaspace: 84597K(85504K)->84597K(85504K) NonClass: 72195K(72704K)->72195K(72704K) Class: 12401K(12800K)->12401K(12800K)
[438.336s][info ][gc             ] GC(94) Pause Young (Allocation Failure) 2166M->285M(2275M) 4.015ms
[438.336s][info ][gc,cpu         ] GC(94) User=0.00s Sys=0.00s Real=0.00s
[438.336s][info ][safepoint      ] Safepoint "ParallelGCFailedAllocation", Time since last: 1867882380 ns, Reaching safepoint: 73500 ns, Cleanup: 17900 ns, At safepoint: 4091791 ns, Total: 4183191 ns
[439.336s][info ][safepoint      ] Safepoint "Cleanup", Time since last: 1000084394 ns, Reaching safepoint: 74200 ns, Cleanup: 9900 ns, At safepoint: 4800 ns, Total: 88900 ns
[441.032s][info ][gc,start       ] GC(95) Pause Young (Allocation Failure)
[441.035s][debug][gc,phases      ] GC(95) Scavenge 2.401ms
[441.035s][debug][gc,ref         ] GC(95) Skipped phase 1 of Reference Processing: no references
[441.035s][debug][gc,ref         ] GC(95) ReferenceProcessor::execute queues: 1, RefProcThreadModel::Single, marks_oops_alive: false
[441.035s][debug][gc,ref         ] GC(95) Skipped phase 3 of Reference Processing: no references
[441.035s][debug][gc,ref         ] GC(95) ReferenceProcessor::execute queues: 1, RefProcThreadModel::Single, marks_oops_alive: false
[441.035s][debug][gc,phases      ] GC(95) Reference Processing 0.121ms
[441.035s][debug][gc,phases      ] GC(95)   VM Weak                        Min:  0.0, Avg:  0.0, Max:  0.0, Diff:  0.0, Sum:  0.0, Workers: 4
[441.035s][debug][gc,phases      ] GC(95)     Dead                           Min: 0, Avg:  0.0, Max: 0, Diff: 0, Sum: 0, Workers: 4
[441.035s][debug][gc,phases      ] GC(95)     Total                          Min: 0, Avg: 182.2, Max: 537, Diff: 537, Sum: 729, Workers: 4
[441.035s][debug][gc,phases      ] GC(95)   ObjectSynchronizer Weak        Min:  0.0, Avg:  0.0, Max:  0.0, Diff:  0.0, Sum:  0.0, Workers: 4
[441.035s][debug][gc,phases      ] GC(95)     Dead                           Min: 0, Avg:  0.0, Max: 0, Diff: 0, Sum: 0, Workers: 4
[441.035s][debug][gc,phases      ] GC(95)     Total                          Min: 0, Avg:  1.5, Max: 6, Diff: 6, Sum: 6, Workers: 4
[441.035s][debug][gc,phases      ] GC(95)   JVMTI Tag Weak OopStorage      Min:  0.0, Avg:  0.0, Max:  0.0, Diff:  0.0, Sum:  0.0, Workers: 4
[441.035s][debug][gc,phases      ] GC(95)     Dead                           Min: 0, Avg:  0.0, Max: 0, Diff: 0, Sum: 0, Workers: 4
[441.035s][debug][gc,phases      ] GC(95)     Total                          Min: 0, Avg:  0.0, Max: 0, Diff: 0, Sum: 0, Workers: 4
[441.035s][debug][gc,phases      ] GC(95)   StringTable Weak               Min:  0.0, Avg:  0.1, Max:  0.1, Diff:  0.1, Sum:  0.4, Workers: 4
[441.035s][debug][gc,phases      ] GC(95)     Dead                           Min: 0, Avg:  0.0, Max: 0, Diff: 0, Sum: 0, Workers: 4
[441.035s][debug][gc,phases      ] GC(95)     Total                          Min: 0, Avg: 10981.2, Max: 19477, Diff: 19477, Sum: 43925, Workers: 4
[441.035s][debug][gc,phases      ] GC(95)   ResolvedMethodTable Weak       Min:  0.0, Avg:  0.0, Max:  0.0, Diff:  0.0, Sum:  0.1, Workers: 4
[441.035s][debug][gc,phases      ] GC(95)     Dead                           Min: 0, Avg:  0.0, Max: 0, Diff: 0, Sum: 0, Workers: 4
[441.035s][debug][gc,phases      ] GC(95)     Total                          Min: 0, Avg: 2589.5, Max: 3839, Diff: 3839, Sum: 10358, Workers: 4
[441.035s][debug][gc,phases      ] GC(95)   JNI Weak                       Min:  0.0, Avg:  0.0, Max:  0.0, Diff:  0.0, Sum:  0.0, Workers: 4
[441.035s][debug][gc,phases      ] GC(95)     Dead                           Min: 0, Avg:  0.0, Max: 0, Diff: 0, Sum: 0, Workers: 4
[441.035s][debug][gc,phases      ] GC(95)     Total                          Min: 0, Avg: 11.2, Max: 45, Diff: 45, Sum: 45, Workers: 4
[441.035s][debug][gc,phases      ] GC(95)   StringDedup Table Weak         Min:  0.0, Avg:  0.0, Max:  0.0, Diff:  0.0, Sum:  0.0, Workers: 4
[441.035s][debug][gc,phases      ] GC(95)     Dead                           Min: 0, Avg:  0.0, Max: 0, Diff: 0, Sum: 0, Workers: 4
[441.035s][debug][gc,phases      ] GC(95)     Total                          Min: 0, Avg:  0.0, Max: 0, Diff: 0, Sum: 0, Workers: 4
[441.035s][debug][gc,phases      ] GC(95)   StringDedup Requests0 Weak     Min:  0.0, Avg:  0.0, Max:  0.0, Diff:  0.0, Sum:  0.0, Workers: 4
[441.035s][debug][gc,phases      ] GC(95)     Dead                           Min: 0, Avg:  0.0, Max: 0, Diff: 0, Sum: 0, Workers: 4
[441.035s][debug][gc,phases      ] GC(95)     Total                          Min: 0, Avg:  0.0, Max: 0, Diff: 0, Sum: 0, Workers: 4
[441.035s][debug][gc,phases      ] GC(95)   StringDedup Requests1 Weak     Min:  0.0, Avg:  0.0, Max:  0.0, Diff:  0.0, Sum:  0.0, Workers: 4
[441.035s][debug][gc,phases      ] GC(95)     Dead                           Min: 0, Avg:  0.0, Max: 0, Diff: 0, Sum: 0, Workers: 4
[441.035s][debug][gc,phases      ] GC(95)     Total                          Min: 0, Avg:  0.0, Max: 0, Diff: 0, Sum: 0, Workers: 4
[441.035s][debug][gc,phases      ] GC(95)   Weak JFR Old Object Samples    Min:  0.0, Avg:  0.0, Max:  0.0, Diff:  0.0, Sum:  0.0, Workers: 4
[441.035s][debug][gc,phases      ] GC(95)     Dead                           Min: 0, Avg:  0.0, Max: 0, Diff: 0, Sum: 0, Workers: 4
[441.035s][debug][gc,phases      ] GC(95)     Total                          Min: 0, Avg:  0.0, Max: 0, Diff: 0, Sum: 0, Workers: 4
[441.035s][debug][gc,phases      ] GC(95) Weak Processing 0.346ms
[441.035s][debug][gc,age         ] GC(95) Desired survivor size 118489088 bytes, new threshold 15 (max threshold 15)
[441.035s][info ][gc,heap        ] GC(95) PSYoungGen: 1865168K(1978880K)->6016K(1977344K) Eden: 1859072K(1859072K)->0K(1859072K) From: 6096K(119808K)->6016K(118272K)
[441.035s][info ][gc,heap        ] GC(95) ParOldGen: 286093K(351232K)->286117K(351232K)
[441.035s][info ][gc,metaspace   ] GC(95) Metaspace: 84602K(85504K)->84602K(85504K) NonClass: 72200K(72704K)->72200K(72704K) Class: 12401K(12800K)->12401K(12800K)
[441.035s][info ][gc             ] GC(95) Pause Young (Allocation Failure) 2100M->285M(2274M) 2.977ms
[441.035s][info ][gc,cpu         ] GC(95) User=0.01s Sys=0.00s Real=0.00s
[441.035s][info ][safepoint      ] Safepoint "ParallelGCFailedAllocation", Time since last: 1696167058 ns, Reaching safepoint: 5500 ns, Cleanup: 9900 ns, At safepoint: 3044194 ns, Total: 3059594 ns
[442.035s][info ][safepoint      ] Safepoint "Cleanup", Time since last: 1000051794 ns, Reaching safepoint: 74699 ns, Cleanup: 35600 ns, At safepoint: 5200 ns, Total: 115499 ns
[443.036s][info ][safepoint      ] Safepoint "Cleanup", Time since last: 1000101094 ns, Reaching safepoint: 73100 ns, Cleanup: 13900 ns, At safepoint: 5300 ns, Total: 92300 ns
[445.036s][info ][safepoint      ] Safepoint "Cleanup", Time since last: 2000202888 ns, Reaching safepoint: 78100 ns, Cleanup: 9300 ns, At safepoint: 6200 ns, Total: 93600 ns
[446.033s][info ][gc,start       ] GC(96) Pause Young (Allocation Failure)
[446.036s][debug][gc,phases      ] GC(96) Scavenge 3.358ms
[446.036s][debug][gc,ref         ] GC(96) Skipped phase 1 of Reference Processing: no references
[446.036s][debug][gc,ref         ] GC(96) ReferenceProcessor::execute queues: 1, RefProcThreadModel::Single, marks_oops_alive: false
[446.036s][debug][gc,ref         ] GC(96) ReferenceProcessor::execute queues: 4, RefProcThreadModel::Multi, marks_oops_alive: true
[446.036s][debug][gc,ref         ] GC(96) ReferenceProcessor::execute queues: 1, RefProcThreadModel::Single, marks_oops_alive: false
[446.036s][debug][gc,phases      ] GC(96) Reference Processing 0.174ms
[446.036s][debug][gc,phases      ] GC(96)   VM Weak                        Min:  0.0, Avg:  0.0, Max:  0.0, Diff:  0.0, Sum:  0.0, Workers: 4
[446.036s][debug][gc,phases      ] GC(96)     Dead                           Min: 0, Avg:  0.0, Max: 0, Diff: 0, Sum: 0, Workers: 4
[446.036s][debug][gc,phases      ] GC(96)     Total                          Min: 0, Avg: 182.5, Max: 576, Diff: 576, Sum: 730, Workers: 4
[446.036s][debug][gc,phases      ] GC(96)   ObjectSynchronizer Weak        Min:  0.0, Avg:  0.0, Max:  0.0, Diff:  0.0, Sum:  0.0, Workers: 4
[446.036s][debug][gc,phases      ] GC(96)     Dead                           Min: 0, Avg:  0.0, Max: 0, Diff: 0, Sum: 0, Workers: 4
[446.036s][debug][gc,phases      ] GC(96)     Total                          Min: 0, Avg:  1.8, Max: 7, Diff: 7, Sum: 7, Workers: 4
[446.036s][debug][gc,phases      ] GC(96)   JVMTI Tag Weak OopStorage      Min:  0.0, Avg:  0.0, Max:  0.0, Diff:  0.0, Sum:  0.0, Workers: 4
[446.036s][debug][gc,phases      ] GC(96)     Dead                           Min: 0, Avg:  0.0, Max: 0, Diff: 0, Sum: 0, Workers: 4
[446.036s][debug][gc,phases      ] GC(96)     Total                          Min: 0, Avg:  0.0, Max: 0, Diff: 0, Sum: 0, Workers: 4
[446.036s][debug][gc,phases      ] GC(96)   StringTable Weak               Min:  0.0, Avg:  0.1, Max:  0.1, Diff:  0.1, Sum:  0.4, Workers: 4
[446.036s][debug][gc,phases      ] GC(96)     Dead                           Min: 0, Avg:  0.0, Max: 0, Diff: 0, Sum: 0, Workers: 4
[446.036s][debug][gc,phases      ] GC(96)     Total                          Min: 0, Avg: 10986.5, Max: 18496, Diff: 18496, Sum: 43946, Workers: 4
[446.036s][debug][gc,phases      ] GC(96)   ResolvedMethodTable Weak       Min:  0.0, Avg:  0.0, Max:  0.0, Diff:  0.0, Sum:  0.1, Workers: 4
[446.036s][debug][gc,phases      ] GC(96)     Dead                           Min: 0, Avg:  0.0, Max: 0, Diff: 0, Sum: 0, Workers: 4
[446.036s][debug][gc,phases      ] GC(96)     Total                          Min: 0, Avg: 2590.8, Max: 4479, Diff: 4479, Sum: 10363, Workers: 4
[446.036s][debug][gc,phases      ] GC(96)   JNI Weak                       Min:  0.0, Avg:  0.0, Max:  0.0, Diff:  0.0, Sum:  0.0, Workers: 4
[446.036s][debug][gc,phases      ] GC(96)     Dead                           Min: 0, Avg:  0.0, Max: 0, Diff: 0, Sum: 0, Workers: 4
[446.036s][debug][gc,phases      ] GC(96)     Total                          Min: 0, Avg: 11.2, Max: 45, Diff: 45, Sum: 45, Workers: 4
[446.036s][debug][gc,phases      ] GC(96)   StringDedup Table Weak         Min:  0.0, Avg:  0.0, Max:  0.0, Diff:  0.0, Sum:  0.0, Workers: 4
[446.036s][debug][gc,phases      ] GC(96)     Dead                           Min: 0, Avg:  0.0, Max: 0, Diff: 0, Sum: 0, Workers: 4
[446.036s][debug][gc,phases      ] GC(96)     Total                          Min: 0, Avg:  0.0, Max: 0, Diff: 0, Sum: 0, Workers: 4
[446.036s][debug][gc,phases      ] GC(96)   StringDedup Requests0 Weak     Min:  0.0, Avg:  0.0, Max:  0.0, Diff:  0.0, Sum:  0.0, Workers: 4
[446.036s][debug][gc,phases      ] GC(96)     Dead                           Min: 0, Avg:  0.0, Max: 0, Diff: 0, Sum: 0, Workers: 4
[446.036s][debug][gc,phases      ] GC(96)     Total                          Min: 0, Avg:  0.0, Max: 0, Diff: 0, Sum: 0, Workers: 4
[446.036s][debug][gc,phases      ] GC(96)   StringDedup Requests1 Weak     Min:  0.0, Avg:  0.0, Max:  0.0, Diff:  0.0, Sum:  0.0, Workers: 4
[446.036s][debug][gc,phases      ] GC(96)     Dead                           Min: 0, Avg:  0.0, Max: 0, Diff: 0, Sum: 0, Workers: 4
[446.036s][debug][gc,phases      ] GC(96)     Total                          Min: 0, Avg:  0.0, Max: 0, Diff: 0, Sum: 0, Workers: 4
[446.036s][debug][gc,phases      ] GC(96)   Weak JFR Old Object Samples    Min:  0.0, Avg:  0.0, Max:  0.0, Diff:  0.0, Sum:  0.0, Workers: 4
[446.036s][debug][gc,phases      ] GC(96)     Dead                           Min: 0, Avg:  0.0, Max: 0, Diff: 0, Sum: 0, Workers: 4
[446.036s][debug][gc,phases      ] GC(96)     Total                          Min: 0, Avg:  0.0, Max: 0, Diff: 0, Sum: 0, Workers: 4
[446.036s][debug][gc,phases      ] GC(96) Weak Processing 0.326ms
[446.036s][debug][gc,age         ] GC(96) Desired survivor size 115867648 bytes, new threshold 15 (max threshold 15)
[446.036s][info ][gc,heap        ] GC(96) PSYoungGen: 1865088K(1977344K)->5968K(1984000K) Eden: 1859072K(1859072K)->0K(1868288K) From: 6016K(118272K)->5968K(115712K)
[446.036s][info ][gc,heap        ] GC(96) ParOldGen: 286117K(351232K)->286141K(351232K)
[446.036s][info ][gc,metaspace   ] GC(96) Metaspace: 84654K(85568K)->84654K(85568K) NonClass: 72247K(72768K)->72247K(72768K) Class: 12406K(12800K)->12406K(12800K)
[446.036s][info ][gc             ] GC(96) Pause Young (Allocation Failure) 2100M->285M(2280M) 3.966ms
[446.036s][info ][gc,cpu         ] GC(96) User=0.01s Sys=0.00s Real=0.00s
[446.037s][info ][safepoint      ] Safepoint "ParallelGCFailedAllocation", Time since last: 996597002 ns, Reaching safepoint: 4900 ns, Cleanup: 10900 ns, At safepoint: 4039291 ns, Total: 4055091 ns
[447.037s][info ][safepoint      ] Safepoint "Cleanup", Time since last: 1000084995 ns, Reaching safepoint: 74900 ns, Cleanup: 7800 ns, At safepoint: 5900 ns, Total: 88600 ns
[451.187s][info ][gc,start       ] GC(97) Pause Young (Allocation Failure)
[451.189s][debug][gc,phases      ] GC(97) Scavenge 2.017ms
[451.189s][debug][gc,ref         ] GC(97) Skipped phase 1 of Reference Processing: no references
[451.190s][debug][gc,ref         ] GC(97) ReferenceProcessor::execute queues: 1, RefProcThreadModel::Single, marks_oops_alive: false
[451.190s][debug][gc,ref         ] GC(97) ReferenceProcessor::execute queues: 4, RefProcThreadModel::Multi, marks_oops_alive: true
[451.190s][debug][gc,ref         ] GC(97) Skipped phase 4 of Reference Processing: no references
[451.190s][debug][gc,phases      ] GC(97) Reference Processing 0.157ms
[451.190s][debug][gc,phases      ] GC(97)   VM Weak                        Min:  0.0, Avg:  0.0, Max:  0.0, Diff:  0.0, Sum:  0.0, Workers: 4
[451.190s][debug][gc,phases      ] GC(97)     Dead                           Min: 0, Avg:  0.0, Max: 0, Diff: 0, Sum: 0, Workers: 4
[451.190s][debug][gc,phases      ] GC(97)     Total                          Min: 0, Avg: 182.5, Max: 602, Diff: 602, Sum: 730, Workers: 4
[451.190s][debug][gc,phases      ] GC(97)   ObjectSynchronizer Weak        Min:  0.0, Avg:  0.0, Max:  0.0, Diff:  0.0, Sum:  0.0, Workers: 4
[451.190s][debug][gc,phases      ] GC(97)     Dead                           Min: 0, Avg:  0.0, Max: 0, Diff: 0, Sum: 0, Workers: 4
[451.190s][debug][gc,phases      ] GC(97)     Total                          Min: 0, Avg:  1.8, Max: 7, Diff: 7, Sum: 7, Workers: 4
[451.190s][debug][gc,phases      ] GC(97)   JVMTI Tag Weak OopStorage      Min:  0.0, Avg:  0.0, Max:  0.0, Diff:  0.0, Sum:  0.0, Workers: 4
[451.190s][debug][gc,phases      ] GC(97)     Dead                           Min: 0, Avg:  0.0, Max: 0, Diff: 0, Sum: 0, Workers: 4
[451.190s][debug][gc,phases      ] GC(97)     Total                          Min: 0, Avg:  0.0, Max: 0, Diff: 0, Sum: 0, Workers: 4
[451.190s][debug][gc,phases      ] GC(97)   StringTable Weak               Min:  0.0, Avg:  0.1, Max:  0.2, Diff:  0.2, Sum:  0.3, Workers: 4
[451.190s][debug][gc,phases      ] GC(97)     Dead                           Min: 0, Avg:  0.0, Max: 0, Diff: 0, Sum: 0, Workers: 4
[451.190s][debug][gc,phases      ] GC(97)     Total                          Min: 0, Avg: 10986.8, Max: 27584, Diff: 27584, Sum: 43947, Workers: 4
[451.190s][debug][gc,phases      ] GC(97)   ResolvedMethodTable Weak       Min:  0.0, Avg:  0.0, Max:  0.0, Diff:  0.0, Sum:  0.1, Workers: 4
[451.190s][debug][gc,phases      ] GC(97)     Dead                           Min: 0, Avg:  0.0, Max: 0, Diff: 0, Sum: 0, Workers: 4
[451.190s][debug][gc,phases      ] GC(97)     Total                          Min: 0, Avg: 2590.8, Max: 6335, Diff: 6335, Sum: 10363, Workers: 4
[451.190s][debug][gc,phases      ] GC(97)   JNI Weak                       Min:  0.0, Avg:  0.0, Max:  0.0, Diff:  0.0, Sum:  0.0, Workers: 4
[451.190s][debug][gc,phases      ] GC(97)     Dead                           Min: 0, Avg:  0.0, Max: 0, Diff: 0, Sum: 0, Workers: 4
[451.190s][debug][gc,phases      ] GC(97)     Total                          Min: 0, Avg: 11.2, Max: 45, Diff: 45, Sum: 45, Workers: 4
[451.190s][debug][gc,phases      ] GC(97)   StringDedup Table Weak         Min:  0.0, Avg:  0.0, Max:  0.0, Diff:  0.0, Sum:  0.0, Workers: 4
[451.190s][debug][gc,phases      ] GC(97)     Dead                           Min: 0, Avg:  0.0, Max: 0, Diff: 0, Sum: 0, Workers: 4
[451.190s][debug][gc,phases      ] GC(97)     Total                          Min: 0, Avg:  0.0, Max: 0, Diff: 0, Sum: 0, Workers: 4
[451.190s][debug][gc,phases      ] GC(97)   StringDedup Requests0 Weak     Min:  0.0, Avg:  0.0, Max:  0.0, Diff:  0.0, Sum:  0.0, Workers: 4
[451.190s][debug][gc,phases      ] GC(97)     Dead                           Min: 0, Avg:  0.0, Max: 0, Diff: 0, Sum: 0, Workers: 4
[451.190s][debug][gc,phases      ] GC(97)     Total                          Min: 0, Avg:  0.0, Max: 0, Diff: 0, Sum: 0, Workers: 4
[451.190s][debug][gc,phases      ] GC(97)   StringDedup Requests1 Weak     Min:  0.0, Avg:  0.0, Max:  0.0, Diff:  0.0, Sum:  0.0, Workers: 4
[451.190s][debug][gc,phases      ] GC(97)     Dead                           Min: 0, Avg:  0.0, Max: 0, Diff: 0, Sum: 0, Workers: 4
[451.190s][debug][gc,phases      ] GC(97)     Total                          Min: 0, Avg:  0.0, Max: 0, Diff: 0, Sum: 0, Workers: 4
[451.190s][debug][gc,phases      ] GC(97)   Weak JFR Old Object Samples    Min:  0.0, Avg:  0.0, Max:  0.0, Diff:  0.0, Sum:  0.0, Workers: 4
[451.190s][debug][gc,phases      ] GC(97)     Dead                           Min: 0, Avg:  0.0, Max: 0, Diff: 0, Sum: 0, Workers: 4
[451.190s][debug][gc,phases      ] GC(97)     Total                          Min: 0, Avg:  0.0, Max: 0, Diff: 0, Sum: 0, Workers: 4
[451.190s][debug][gc,phases      ] GC(97) Weak Processing 0.366ms
[451.190s][debug][gc,age         ] GC(97) Desired survivor size 112197632 bytes, new threshold 15 (max threshold 15)
[451.190s][info ][gc,heap        ] GC(97) PSYoungGen: 1874256K(1984000K)->5984K(1981440K) Eden: 1868288K(1868288K)->0K(1868288K) From: 5968K(115712K)->5984K(113152K)
[451.190s][info ][gc,heap        ] GC(97) ParOldGen: 286141K(351232K)->286165K(351232K)
[451.190s][info ][gc,metaspace   ] GC(97) Metaspace: 84654K(85568K)->84654K(85568K) NonClass: 72247K(72768K)->72247K(72768K) Class: 12406K(12800K)->12406K(12800K)
[451.190s][info ][gc             ] GC(97) Pause Young (Allocation Failure) 2109M->285M(2278M) 2.640ms
[451.190s][info ][gc,cpu         ] GC(97) User=0.01s Sys=0.00s Real=0.00s
[451.190s][info ][safepoint      ] Safepoint "ParallelGCFailedAllocation", Time since last: 4150674152 ns, Reaching safepoint: 6799 ns, Cleanup: 4600 ns, At safepoint: 2709895 ns, Total: 2721294 ns
[453.190s][info ][safepoint      ] Safepoint "Cleanup", Time since last: 2000147591 ns, Reaching safepoint: 6800 ns, Cleanup: 8800 ns, At safepoint: 2900 ns, Total: 18500 ns
[457.191s][info ][safepoint      ] Safepoint "Cleanup", Time since last: 4000335783 ns, Reaching safepoint: 78800 ns, Cleanup: 15500 ns, At safepoint: 9300 ns, Total: 103600 ns
[458.191s][info ][safepoint      ] Safepoint "Cleanup", Time since last: 1000097796 ns, Reaching safepoint: 5200 ns, Cleanup: 11600 ns, At safepoint: 2100 ns, Total: 18900 ns
[458.433s][info ][gc,start       ] GC(98) Pause Young (Allocation Failure)
[458.454s][debug][gc,phases      ] GC(98) Scavenge 21.464ms
[458.454s][debug][gc,ref         ] GC(98) Skipped phase 1 of Reference Processing: no references
[458.454s][debug][gc,ref         ] GC(98) ReferenceProcessor::execute queues: 1, RefProcThreadModel::Single, marks_oops_alive: false
[458.454s][debug][gc,ref         ] GC(98) Skipped phase 3 of Reference Processing: no references
[458.454s][debug][gc,ref         ] GC(98) ReferenceProcessor::execute queues: 1, RefProcThreadModel::Single, marks_oops_alive: false
[458.454s][debug][gc,phases      ] GC(98) Reference Processing 0.113ms
[458.455s][debug][gc,phases      ] GC(98)   VM Weak                        Min:  0.0, Avg:  0.0, Max:  0.0, Diff:  0.0, Sum:  0.0, Workers: 4
[458.455s][debug][gc,phases      ] GC(98)     Dead                           Min: 0, Avg:  0.0, Max: 0, Diff: 0, Sum: 0, Workers: 4
[458.455s][debug][gc,phases      ] GC(98)     Total                          Min: 0, Avg: 182.5, Max: 384, Diff: 384, Sum: 730, Workers: 4
[458.455s][debug][gc,phases      ] GC(98)   ObjectSynchronizer Weak        Min:  0.0, Avg:  0.0, Max:  0.0, Diff:  0.0, Sum:  0.0, Workers: 4
[458.455s][debug][gc,phases      ] GC(98)     Dead                           Min: 0, Avg:  0.0, Max: 0, Diff: 0, Sum: 0, Workers: 4
[458.455s][debug][gc,phases      ] GC(98)     Total                          Min: 0, Avg:  1.8, Max: 7, Diff: 7, Sum: 7, Workers: 4
[458.455s][debug][gc,phases      ] GC(98)   JVMTI Tag Weak OopStorage      Min:  0.0, Avg:  0.0, Max:  0.0, Diff:  0.0, Sum:  0.0, Workers: 4
[458.455s][debug][gc,phases      ] GC(98)     Dead                           Min: 0, Avg:  0.0, Max: 0, Diff: 0, Sum: 0, Workers: 4
[458.455s][debug][gc,phases      ] GC(98)     Total                          Min: 0, Avg:  0.0, Max: 0, Diff: 0, Sum: 0, Workers: 4
[458.455s][debug][gc,phases      ] GC(98)   StringTable Weak               Min:  0.0, Avg:  0.1, Max:  0.1, Diff:  0.1, Sum:  0.4, Workers: 4
[458.455s][debug][gc,phases      ] GC(98)     Dead                           Min: 0, Avg:  0.0, Max: 0, Diff: 0, Sum: 0, Workers: 4
[458.455s][debug][gc,phases      ] GC(98)     Total                          Min: 0, Avg: 10987.0, Max: 19180, Diff: 19180, Sum: 43948, Workers: 4
[458.455s][debug][gc,phases      ] GC(98)   ResolvedMethodTable Weak       Min:  0.0, Avg:  0.0, Max:  0.0, Diff:  0.0, Sum:  0.1, Workers: 4
[458.455s][debug][gc,phases      ] GC(98)     Dead                           Min: 0, Avg:  0.0, Max: 0, Diff: 0, Sum: 0, Workers: 4
[458.455s][debug][gc,phases      ] GC(98)     Total                          Min: 0, Avg: 2590.8, Max: 4411, Diff: 4411, Sum: 10363, Workers: 4
[458.455s][debug][gc,phases      ] GC(98)   JNI Weak                       Min:  0.0, Avg:  0.0, Max:  0.0, Diff:  0.0, Sum:  0.0, Workers: 4
[458.455s][debug][gc,phases      ] GC(98)     Dead                           Min: 0, Avg:  0.0, Max: 0, Diff: 0, Sum: 0, Workers: 4
[458.455s][debug][gc,phases      ] GC(98)     Total                          Min: 0, Avg: 11.2, Max: 45, Diff: 45, Sum: 45, Workers: 4
[458.455s][debug][gc,phases      ] GC(98)   StringDedup Table Weak         Min:  0.0, Avg:  0.0, Max:  0.0, Diff:  0.0, Sum:  0.0, Workers: 4
[458.455s][debug][gc,phases      ] GC(98)     Dead                           Min: 0, Avg:  0.0, Max: 0, Diff: 0, Sum: 0, Workers: 4
[458.455s][debug][gc,phases      ] GC(98)     Total                          Min: 0, Avg:  0.0, Max: 0, Diff: 0, Sum: 0, Workers: 4
[458.455s][debug][gc,phases      ] GC(98)   StringDedup Requests0 Weak     Min:  0.0, Avg:  0.0, Max:  0.0, Diff:  0.0, Sum:  0.0, Workers: 4
[458.455s][debug][gc,phases      ] GC(98)     Dead                           Min: 0, Avg:  0.0, Max: 0, Diff: 0, Sum: 0, Workers: 4
[458.455s][debug][gc,phases      ] GC(98)     Total                          Min: 0, Avg:  0.0, Max: 0, Diff: 0, Sum: 0, Workers: 4
[458.455s][debug][gc,phases      ] GC(98)   StringDedup Requests1 Weak     Min:  0.0, Avg:  0.0, Max:  0.0, Diff:  0.0, Sum:  0.0, Workers: 4
[458.455s][debug][gc,phases      ] GC(98)     Dead                           Min: 0, Avg:  0.0, Max: 0, Diff: 0, Sum: 0, Workers: 4
[458.455s][debug][gc,phases      ] GC(98)     Total                          Min: 0, Avg:  0.0, Max: 0, Diff: 0, Sum: 0, Workers: 4
[458.455s][debug][gc,phases      ] GC(98)   Weak JFR Old Object Samples    Min:  0.0, Avg:  0.0, Max:  0.0, Diff:  0.0, Sum:  0.0, Workers: 4
[458.455s][debug][gc,phases      ] GC(98)     Dead                           Min: 0, Avg:  0.0, Max: 0, Diff: 0, Sum: 0, Workers: 4
[458.455s][debug][gc,phases      ] GC(98)     Total                          Min: 0, Avg:  0.0, Max: 0, Diff: 0, Sum: 0, Workers: 4
[458.455s][debug][gc,phases      ] GC(98) Weak Processing 0.342ms
[458.455s][debug][gc,age         ] GC(98) Desired survivor size 114294784 bytes, new threshold 15 (max threshold 15)
[458.455s][info ][gc,heap        ] GC(98) PSYoungGen: 1874272K(1981440K)->56240K(1983488K) Eden: 1868288K(1868288K)->0K(1873920K) From: 5984K(113152K)->56240K(109568K)
[458.455s][info ][gc,heap        ] GC(98) ParOldGen: 286165K(351232K)->286165K(351232K)
[458.455s][info ][gc,metaspace   ] GC(98) Metaspace: 84668K(85568K)->84668K(85568K) NonClass: 72261K(72768K)->72261K(72768K) Class: 12406K(12800K)->12406K(12800K)
[458.455s][info ][gc             ] GC(98) Pause Young (Allocation Failure) 2109M->334M(2280M) 22.037ms
[458.455s][info ][gc,cpu         ] GC(98) User=0.07s Sys=0.00s Real=0.02s
[458.455s][info ][safepoint      ] Safepoint "ParallelGCFailedAllocation", Time since last: 241977766 ns, Reaching safepoint: 4500 ns, Cleanup: 15800 ns, At safepoint: 22109252 ns, Total: 22129552 ns
[460.442s][info ][safepoint      ] Safepoint "Cleanup", Time since last: 1986883721 ns, Reaching safepoint: 5900 ns, Cleanup: 32199 ns, At safepoint: 6200 ns, Total: 44299 ns
[461.442s][info ][safepoint      ] Safepoint "Cleanup", Time since last: 1000120196 ns, Reaching safepoint: 86300 ns, Cleanup: 18400 ns, At safepoint: 14100 ns, Total: 118800 ns
[462.442s][info ][safepoint      ] Safepoint "Cleanup", Time since last: 1000121396 ns, Reaching safepoint: 6300 ns, Cleanup: 10100 ns, At safepoint: 2800 ns, Total: 19200 ns
[464.488s][info ][gc,start       ] GC(99) Pause Young (Allocation Failure)
[464.495s][debug][gc,phases      ] GC(99) Scavenge 6.846ms
[464.495s][debug][gc,ref         ] GC(99) Skipped phase 1 of Reference Processing: no references
[464.495s][debug][gc,ref         ] GC(99) ReferenceProcessor::execute queues: 1, RefProcThreadModel::Single, marks_oops_alive: false
[464.495s][debug][gc,ref         ] GC(99) Skipped phase 3 of Reference Processing: no references
[464.495s][debug][gc,ref         ] GC(99) ReferenceProcessor::execute queues: 1, RefProcThreadModel::Single, marks_oops_alive: false
[464.495s][debug][gc,phases      ] GC(99) Reference Processing 0.145ms
[464.495s][debug][gc,phases      ] GC(99)   VM Weak                        Min:  0.0, Avg:  0.0, Max:  0.0, Diff:  0.0, Sum:  0.0, Workers: 4
[464.495s][debug][gc,phases      ] GC(99)     Dead                           Min: 0, Avg:  0.0, Max: 0, Diff: 0, Sum: 0, Workers: 4
[464.495s][debug][gc,phases      ] GC(99)     Total                          Min: 0, Avg: 182.5, Max: 666, Diff: 666, Sum: 730, Workers: 4
[464.495s][debug][gc,phases      ] GC(99)   ObjectSynchronizer Weak        Min:  0.0, Avg:  0.0, Max:  0.0, Diff:  0.0, Sum:  0.0, Workers: 4
[464.495s][debug][gc,phases      ] GC(99)     Dead                           Min: 0, Avg:  0.0, Max: 0, Diff: 0, Sum: 0, Workers: 4
[464.495s][debug][gc,phases      ] GC(99)     Total                          Min: 0, Avg:  1.8, Max: 7, Diff: 7, Sum: 7, Workers: 4
[464.495s][debug][gc,phases      ] GC(99)   JVMTI Tag Weak OopStorage      Min:  0.0, Avg:  0.0, Max:  0.0, Diff:  0.0, Sum:  0.0, Workers: 4
[464.495s][debug][gc,phases      ] GC(99)     Dead                           Min: 0, Avg:  0.0, Max: 0, Diff: 0, Sum: 0, Workers: 4
[464.495s][debug][gc,phases      ] GC(99)     Total                          Min: 0, Avg:  0.0, Max: 0, Diff: 0, Sum: 0, Workers: 4
[464.495s][debug][gc,phases      ] GC(99)   StringTable Weak               Min:  0.0, Avg:  0.1, Max:  0.2, Diff:  0.2, Sum:  0.4, Workers: 4
[464.495s][debug][gc,phases      ] GC(99)     Dead                           Min: 0, Avg:  0.0, Max: 0, Diff: 0, Sum: 0, Workers: 4
[464.495s][debug][gc,phases      ] GC(99)     Total                          Min: 0, Avg: 10987.0, Max: 22144, Diff: 22144, Sum: 43948, Workers: 4
[464.495s][debug][gc,phases      ] GC(99)   ResolvedMethodTable Weak       Min:  0.0, Avg:  0.0, Max:  0.0, Diff:  0.0, Sum:  0.1, Workers: 4
[464.495s][debug][gc,phases      ] GC(99)     Dead                           Min: 0, Avg:  0.0, Max: 0, Diff: 0, Sum: 0, Workers: 4
[464.495s][debug][gc,phases      ] GC(99)     Total                          Min: 0, Avg: 2590.8, Max: 5373, Diff: 5373, Sum: 10363, Workers: 4
[464.495s][debug][gc,phases      ] GC(99)   JNI Weak                       Min:  0.0, Avg:  0.0, Max:  0.0, Diff:  0.0, Sum:  0.0, Workers: 4
[464.495s][debug][gc,phases      ] GC(99)     Dead                           Min: 0, Avg:  0.0, Max: 0, Diff: 0, Sum: 0, Workers: 4
[464.495s][debug][gc,phases      ] GC(99)     Total                          Min: 0, Avg: 11.2, Max: 45, Diff: 45, Sum: 45, Workers: 4
[464.495s][debug][gc,phases      ] GC(99)   StringDedup Table Weak         Min:  0.0, Avg:  0.0, Max:  0.0, Diff:  0.0, Sum:  0.0, Workers: 4
[464.495s][debug][gc,phases      ] GC(99)     Dead                           Min: 0, Avg:  0.0, Max: 0, Diff: 0, Sum: 0, Workers: 4
[464.495s][debug][gc,phases      ] GC(99)     Total                          Min: 0, Avg:  0.0, Max: 0, Diff: 0, Sum: 0, Workers: 4
[464.495s][debug][gc,phases      ] GC(99)   StringDedup Requests0 Weak     Min:  0.0, Avg:  0.0, Max:  0.0, Diff:  0.0, Sum:  0.0, Workers: 4
[464.495s][debug][gc,phases      ] GC(99)     Dead                           Min: 0, Avg:  0.0, Max: 0, Diff: 0, Sum: 0, Workers: 4
[464.495s][debug][gc,phases      ] GC(99)     Total                          Min: 0, Avg:  0.0, Max: 0, Diff: 0, Sum: 0, Workers: 4
[464.495s][debug][gc,phases      ] GC(99)   StringDedup Requests1 Weak     Min:  0.0, Avg:  0.0, Max:  0.0, Diff:  0.0, Sum:  0.0, Workers: 4
[464.495s][debug][gc,phases      ] GC(99)     Dead                           Min: 0, Avg:  0.0, Max: 0, Diff: 0, Sum: 0, Workers: 4
[464.495s][debug][gc,phases      ] GC(99)     Total                          Min: 0, Avg:  0.0, Max: 0, Diff: 0, Sum: 0, Workers: 4
[464.495s][debug][gc,phases      ] GC(99)   Weak JFR Old Object Samples    Min:  0.0, Avg:  0.0, Max:  0.0, Diff:  0.0, Sum:  0.0, Workers: 4
[464.495s][debug][gc,phases      ] GC(99)     Dead                           Min: 0, Avg:  0.0, Max: 0, Diff: 0, Sum: 0, Workers: 4
[464.495s][debug][gc,phases      ] GC(99)     Total                          Min: 0, Avg:  0.0, Max: 0, Diff: 0, Sum: 0, Workers: 4
[464.495s][debug][gc,phases      ] GC(99) Weak Processing 0.532ms
[464.495s][debug][gc,age         ] GC(99) Desired survivor size 110624768 bytes, new threshold 15 (max threshold 15)
[464.495s][info ][gc,heap        ] GC(99) PSYoungGen: 1930160K(1983488K)->6016K(1985536K) Eden: 1873920K(1873920K)->0K(1873920K) From: 56240K(109568K)->6016K(111616K)
[464.495s][info ][gc,heap        ] GC(99) ParOldGen: 286165K(351232K)->286189K(351232K)
[464.495s][info ][gc,metaspace   ] GC(99) Metaspace: 84669K(85568K)->84669K(85568K) NonClass: 72262K(72768K)->72262K(72768K) Class: 12406K(12800K)->12406K(12800K)
[464.496s][info ][gc             ] GC(99) Pause Young (Allocation Failure) 2164M->285M(2282M) 7.670ms
[464.496s][info ][gc,cpu         ] GC(99) User=0.01s Sys=0.00s Real=0.01s
[464.496s][info ][safepoint      ] Safepoint "ParallelGCFailedAllocation", Time since last: 2045577996 ns, Reaching safepoint: 6100 ns, Cleanup: 4400 ns, At safepoint: 7757983 ns, Total: 7768483 ns
[469.729s][info ][gc,start       ] GC(100) Pause Young (Allocation Failure)
[469.732s][debug][gc,phases      ] GC(100) Scavenge 3.449ms
[469.732s][debug][gc,ref         ] GC(100) Skipped phase 1 of Reference Processing: no references
[469.732s][debug][gc,ref         ] GC(100) ReferenceProcessor::execute queues: 1, RefProcThreadModel::Single, marks_oops_alive: false
[469.732s][debug][gc,ref         ] GC(100) Skipped phase 3 of Reference Processing: no references
[469.732s][debug][gc,ref         ] GC(100) ReferenceProcessor::execute queues: 1, RefProcThreadModel::Single, marks_oops_alive: false
[469.733s][debug][gc,phases      ] GC(100) Reference Processing 0.098ms
[469.733s][debug][gc,phases      ] GC(100)   VM Weak                        Min:  0.0, Avg:  0.0, Max:  0.0, Diff:  0.0, Sum:  0.0, Workers: 4
[469.733s][debug][gc,phases      ] GC(100)     Dead                           Min: 0, Avg:  0.0, Max: 0, Diff: 0, Sum: 0, Workers: 4
[469.733s][debug][gc,phases      ] GC(100)     Total                          Min: 0, Avg: 182.5, Max: 410, Diff: 410, Sum: 730, Workers: 4
[469.733s][debug][gc,phases      ] GC(100)   ObjectSynchronizer Weak        Min:  0.0, Avg:  0.0, Max:  0.0, Diff:  0.0, Sum:  0.0, Workers: 4
[469.733s][debug][gc,phases      ] GC(100)     Dead                           Min: 0, Avg:  0.0, Max: 0, Diff: 0, Sum: 0, Workers: 4
[469.733s][debug][gc,phases      ] GC(100)     Total                          Min: 0, Avg:  1.8, Max: 7, Diff: 7, Sum: 7, Workers: 4
[469.733s][debug][gc,phases      ] GC(100)   JVMTI Tag Weak OopStorage      Min:  0.0, Avg:  0.0, Max:  0.0, Diff:  0.0, Sum:  0.0, Workers: 4
[469.733s][debug][gc,phases      ] GC(100)     Dead                           Min: 0, Avg:  0.0, Max: 0, Diff: 0, Sum: 0, Workers: 4
[469.733s][debug][gc,phases      ] GC(100)     Total                          Min: 0, Avg:  0.0, Max: 0, Diff: 0, Sum: 0, Workers: 4
[469.733s][debug][gc,phases      ] GC(100)   StringTable Weak               Min:  0.1, Avg:  0.1, Max:  0.1, Diff:  0.0, Sum:  0.5, Workers: 4
[469.733s][debug][gc,phases      ] GC(100)     Dead                           Min: 0, Avg:  0.0, Max: 0, Diff: 0, Sum: 0, Workers: 4
[469.733s][debug][gc,phases      ] GC(100)     Total                          Min: 10028, Avg: 10987.0, Max: 11648, Diff: 1620, Sum: 43948, Workers: 4
[469.733s][debug][gc,phases      ] GC(100)   ResolvedMethodTable Weak       Min:  0.0, Avg:  0.0, Max:  0.0, Diff:  0.0, Sum:  0.1, Workers: 4
[469.733s][debug][gc,phases      ] GC(100)     Dead                           Min: 0, Avg:  0.0, Max: 0, Diff: 0, Sum: 0, Workers: 4
[469.733s][debug][gc,phases      ] GC(100)     Total                          Min: 2496, Avg: 2590.8, Max: 2624, Diff: 128, Sum: 10363, Workers: 4
[469.733s][debug][gc,phases      ] GC(100)   JNI Weak                       Min:  0.0, Avg:  0.0, Max:  0.0, Diff:  0.0, Sum:  0.0, Workers: 4
[469.733s][debug][gc,phases      ] GC(100)     Dead                           Min: 0, Avg:  0.0, Max: 0, Diff: 0, Sum: 0, Workers: 4
[469.733s][debug][gc,phases      ] GC(100)     Total                          Min: 0, Avg: 11.2, Max: 45, Diff: 45, Sum: 45, Workers: 4
[469.733s][debug][gc,phases      ] GC(100)   StringDedup Table Weak         Min:  0.0, Avg:  0.0, Max:  0.0, Diff:  0.0, Sum:  0.0, Workers: 4
[469.733s][debug][gc,phases      ] GC(100)     Dead                           Min: 0, Avg:  0.0, Max: 0, Diff: 0, Sum: 0, Workers: 4
[469.733s][debug][gc,phases      ] GC(100)     Total                          Min: 0, Avg:  0.0, Max: 0, Diff: 0, Sum: 0, Workers: 4
[469.733s][debug][gc,phases      ] GC(100)   StringDedup Requests0 Weak     Min:  0.0, Avg:  0.0, Max:  0.0, Diff:  0.0, Sum:  0.0, Workers: 4
[469.733s][debug][gc,phases      ] GC(100)     Dead                           Min: 0, Avg:  0.0, Max: 0, Diff: 0, Sum: 0, Workers: 4
[469.733s][debug][gc,phases      ] GC(100)     Total                          Min: 0, Avg:  0.0, Max: 0, Diff: 0, Sum: 0, Workers: 4
[469.733s][debug][gc,phases      ] GC(100)   StringDedup Requests1 Weak     Min:  0.0, Avg:  0.0, Max:  0.0, Diff:  0.0, Sum:  0.0, Workers: 4
[469.733s][debug][gc,phases      ] GC(100)     Dead                           Min: 0, Avg:  0.0, Max: 0, Diff: 0, Sum: 0, Workers: 4
[469.733s][debug][gc,phases      ] GC(100)     Total                          Min: 0, Avg:  0.0, Max: 0, Diff: 0, Sum: 0, Workers: 4
[469.733s][debug][gc,phases      ] GC(100)   Weak JFR Old Object Samples    Min:  0.0, Avg:  0.0, Max:  0.0, Diff:  0.0, Sum:  0.0, Workers: 4
[469.733s][debug][gc,phases      ] GC(100)     Dead                           Min: 0, Avg:  0.0, Max: 0, Diff: 0, Sum: 0, Workers: 4
[469.733s][debug][gc,phases      ] GC(100)     Total                          Min: 0, Avg:  0.0, Max: 0, Diff: 0, Sum: 0, Workers: 4
[469.733s][debug][gc,phases      ] GC(100) Weak Processing 0.313ms
[469.733s][debug][gc,age         ] GC(100) Desired survivor size 106954752 bytes, new threshold 15 (max threshold 15)
[469.733s][info ][gc,heap        ] GC(100) PSYoungGen: 1879936K(1985536K)->5984K(1992704K) Eden: 1873920K(1873920K)->0K(1884672K) From: 6016K(111616K)->5984K(108032K)
[469.733s][info ][gc,heap        ] GC(100) ParOldGen: 286189K(351232K)->286189K(351232K)
[469.733s][info ][gc,metaspace   ] GC(100) Metaspace: 84669K(85568K)->84669K(85568K) NonClass: 72262K(72768K)->72262K(72768K) Class: 12406K(12800K)->12406K(12800K)
[469.733s][info ][gc             ] GC(100) Pause Young (Allocation Failure) 2115M->285M(2289M) 3.984ms
[469.733s][info ][gc,cpu         ] GC(100) User=0.00s Sys=0.00s Real=0.01s
[469.733s][info ][safepoint      ] Safepoint "ParallelGCFailedAllocation", Time since last: 5233271276 ns, Reaching safepoint: 5400 ns, Cleanup: 4300 ns, At safepoint: 4053291 ns, Total: 4062991 ns
[473.733s][info ][safepoint      ] Safepoint "Cleanup", Time since last: 4000267788 ns, Reaching safepoint: 73700 ns, Cleanup: 14100 ns, At safepoint: 5300 ns, Total: 93100 ns
[474.485s][info ][gc,start       ] GC(101) Pause Young (Allocation Failure)
[474.489s][debug][gc,phases      ] GC(101) Scavenge 3.587ms
[474.489s][debug][gc,ref         ] GC(101) Skipped phase 1 of Reference Processing: no references
[474.489s][debug][gc,ref         ] GC(101) ReferenceProcessor::execute queues: 1, RefProcThreadModel::Single, marks_oops_alive: false
[474.489s][debug][gc,ref         ] GC(101) Skipped phase 3 of Reference Processing: no references
[474.489s][debug][gc,ref         ] GC(101) ReferenceProcessor::execute queues: 1, RefProcThreadModel::Single, marks_oops_alive: false
[474.489s][debug][gc,phases      ] GC(101) Reference Processing 0.125ms
[474.489s][debug][gc,phases      ] GC(101)   VM Weak                        Min:  0.0, Avg:  0.0, Max:  0.0, Diff:  0.0, Sum:  0.0, Workers: 4
[474.489s][debug][gc,phases      ] GC(101)     Dead                           Min: 0, Avg:  0.0, Max: 0, Diff: 0, Sum: 0, Workers: 4
[474.489s][debug][gc,phases      ] GC(101)     Total                          Min: 0, Avg: 183.0, Max: 448, Diff: 448, Sum: 732, Workers: 4
[474.489s][debug][gc,phases      ] GC(101)   ObjectSynchronizer Weak        Min:  0.0, Avg:  0.0, Max:  0.0, Diff:  0.0, Sum:  0.0, Workers: 4
[474.489s][debug][gc,phases      ] GC(101)     Dead                           Min: 0, Avg:  0.0, Max: 0, Diff: 0, Sum: 0, Workers: 4
[474.489s][debug][gc,phases      ] GC(101)     Total                          Min: 0, Avg:  2.0, Max: 8, Diff: 8, Sum: 8, Workers: 4
[474.489s][debug][gc,phases      ] GC(101)   JVMTI Tag Weak OopStorage      Min:  0.0, Avg:  0.0, Max:  0.0, Diff:  0.0, Sum:  0.0, Workers: 4
[474.489s][debug][gc,phases      ] GC(101)     Dead                           Min: 0, Avg:  0.0, Max: 0, Diff: 0, Sum: 0, Workers: 4
[474.489s][debug][gc,phases      ] GC(101)     Total                          Min: 0, Avg:  0.0, Max: 0, Diff: 0, Sum: 0, Workers: 4
[474.489s][debug][gc,phases      ] GC(101)   StringTable Weak               Min:  0.0, Avg:  0.1, Max:  0.1, Diff:  0.1, Sum:  0.4, Workers: 4
[474.489s][debug][gc,phases      ] GC(101)     Dead                           Min: 0, Avg:  0.0, Max: 0, Diff: 0, Sum: 0, Workers: 4
[474.489s][debug][gc,phases      ] GC(101)     Total                          Min: 0, Avg: 10988.5, Max: 15424, Diff: 15424, Sum: 43954, Workers: 4
[474.489s][debug][gc,phases      ] GC(101)   ResolvedMethodTable Weak       Min:  0.0, Avg:  0.0, Max:  0.0, Diff:  0.0, Sum:  0.1, Workers: 4
[474.489s][debug][gc,phases      ] GC(101)     Dead                           Min: 0, Avg:  0.0, Max: 0, Diff: 0, Sum: 0, Workers: 4
[474.489s][debug][gc,phases      ] GC(101)     Total                          Min: 0, Avg: 2590.8, Max: 3519, Diff: 3519, Sum: 10363, Workers: 4
[474.489s][debug][gc,phases      ] GC(101)   JNI Weak                       Min:  0.0, Avg:  0.0, Max:  0.0, Diff:  0.0, Sum:  0.0, Workers: 4
[474.489s][debug][gc,phases      ] GC(101)     Dead                           Min: 0, Avg:  0.0, Max: 0, Diff: 0, Sum: 0, Workers: 4
[474.489s][debug][gc,phases      ] GC(101)     Total                          Min: 0, Avg: 11.2, Max: 45, Diff: 45, Sum: 45, Workers: 4
[474.489s][debug][gc,phases      ] GC(101)   StringDedup Table Weak         Min:  0.0, Avg:  0.0, Max:  0.0, Diff:  0.0, Sum:  0.0, Workers: 4
[474.489s][debug][gc,phases      ] GC(101)     Dead                           Min: 0, Avg:  0.0, Max: 0, Diff: 0, Sum: 0, Workers: 4
[474.489s][debug][gc,phases      ] GC(101)     Total                          Min: 0, Avg:  0.0, Max: 0, Diff: 0, Sum: 0, Workers: 4
[474.489s][debug][gc,phases      ] GC(101)   StringDedup Requests0 Weak     Min:  0.0, Avg:  0.0, Max:  0.0, Diff:  0.0, Sum:  0.0, Workers: 4
[474.489s][debug][gc,phases      ] GC(101)     Dead                           Min: 0, Avg:  0.0, Max: 0, Diff: 0, Sum: 0, Workers: 4
[474.489s][debug][gc,phases      ] GC(101)     Total                          Min: 0, Avg:  0.0, Max: 0, Diff: 0, Sum: 0, Workers: 4
[474.489s][debug][gc,phases      ] GC(101)   StringDedup Requests1 Weak     Min:  0.0, Avg:  0.0, Max:  0.0, Diff:  0.0, Sum:  0.0, Workers: 4
[474.489s][debug][gc,phases      ] GC(101)     Dead                           Min: 0, Avg:  0.0, Max: 0, Diff: 0, Sum: 0, Workers: 4
[474.489s][debug][gc,phases      ] GC(101)     Total                          Min: 0, Avg:  0.0, Max: 0, Diff: 0, Sum: 0, Workers: 4
[474.489s][debug][gc,phases      ] GC(101)   Weak JFR Old Object Samples    Min:  0.0, Avg:  0.0, Max:  0.0, Diff:  0.0, Sum:  0.0, Workers: 4
[474.489s][debug][gc,phases      ] GC(101)     Dead                           Min: 0, Avg:  0.0, Max: 0, Diff: 0, Sum: 0, Workers: 4
[474.489s][debug][gc,phases      ] GC(101)     Total                          Min: 0, Avg:  0.0, Max: 0, Diff: 0, Sum: 0, Workers: 4
[474.489s][debug][gc,phases      ] GC(101) Weak Processing 0.413ms
[474.489s][debug][gc,age         ] GC(101) Desired survivor size 102236160 bytes, new threshold 15 (max threshold 15)
[474.489s][info ][gc,heap        ] GC(101) PSYoungGen: 1890656K(1992704K)->11112K(1989120K) Eden: 1884672K(1884672K)->0K(1884672K) From: 5984K(108032K)->11112K(104448K)
[474.489s][info ][gc,heap        ] GC(101) ParOldGen: 286189K(351232K)->286221K(351232K)
[474.489s][info ][gc,metaspace   ] GC(101) Metaspace: 84714K(85568K)->84714K(85568K) NonClass: 72306K(72768K)->72306K(72768K) Class: 12407K(12800K)->12407K(12800K)
[474.489s][info ][gc             ] GC(101) Pause Young (Allocation Failure) 2125M->290M(2285M) 4.260ms
[474.489s][info ][gc,cpu         ] GC(101) User=0.01s Sys=0.00s Real=0.00s
[474.489s][info ][safepoint      ] Safepoint "ParallelGCFailedAllocation", Time since last: 751588744 ns, Reaching safepoint: 4600 ns, Cleanup: 96200 ns, At safepoint: 4339191 ns, Total: 4439991 ns
[475.489s][info ][safepoint      ] Safepoint "Cleanup", Time since last: 1000084596 ns, Reaching safepoint: 73700 ns, Cleanup: 9500 ns, At safepoint: 5600 ns, Total: 88800 ns
[477.241s][info ][gc,start       ] GC(102) Pause Young (Allocation Failure)
[477.247s][debug][gc,phases      ] GC(102) Scavenge 6.124ms
[477.247s][debug][gc,ref         ] GC(102) Skipped phase 1 of Reference Processing: no references
[477.248s][debug][gc,ref         ] GC(102) ReferenceProcessor::execute queues: 1, RefProcThreadModel::Single, marks_oops_alive: false
[477.248s][debug][gc,ref         ] GC(102) Skipped phase 3 of Reference Processing: no references
[477.248s][debug][gc,ref         ] GC(102) ReferenceProcessor::execute queues: 1, RefProcThreadModel::Single, marks_oops_alive: false
[477.248s][debug][gc,phases      ] GC(102) Reference Processing 0.097ms
[477.248s][debug][gc,phases      ] GC(102)   VM Weak                        Min:  0.0, Avg:  0.0, Max:  0.0, Diff:  0.0, Sum:  0.0, Workers: 4
[477.248s][debug][gc,phases      ] GC(102)     Dead                           Min: 0, Avg:  0.0, Max: 0, Diff: 0, Sum: 0, Workers: 4
[477.248s][debug][gc,phases      ] GC(102)     Total                          Min: 0, Avg: 183.0, Max: 412, Diff: 412, Sum: 732, Workers: 4
[477.248s][debug][gc,phases      ] GC(102)   ObjectSynchronizer Weak        Min:  0.0, Avg:  0.0, Max:  0.0, Diff:  0.0, Sum:  0.0, Workers: 4
[477.248s][debug][gc,phases      ] GC(102)     Dead                           Min: 0, Avg:  0.0, Max: 0, Diff: 0, Sum: 0, Workers: 4
[477.248s][debug][gc,phases      ] GC(102)     Total                          Min: 0, Avg:  2.0, Max: 8, Diff: 8, Sum: 8, Workers: 4
[477.248s][debug][gc,phases      ] GC(102)   JVMTI Tag Weak OopStorage      Min:  0.0, Avg:  0.0, Max:  0.0, Diff:  0.0, Sum:  0.0, Workers: 4
[477.248s][debug][gc,phases      ] GC(102)     Dead                           Min: 0, Avg:  0.0, Max: 0, Diff: 0, Sum: 0, Workers: 4
[477.248s][debug][gc,phases      ] GC(102)     Total                          Min: 0, Avg:  0.0, Max: 0, Diff: 0, Sum: 0, Workers: 4
[477.248s][debug][gc,phases      ] GC(102)   StringTable Weak               Min:  0.0, Avg:  0.1, Max:  0.1, Diff:  0.1, Sum:  0.4, Workers: 4
[477.248s][debug][gc,phases      ] GC(102)     Dead                           Min: 0, Avg:  0.0, Max: 0, Diff: 0, Sum: 0, Workers: 4
[477.248s][debug][gc,phases      ] GC(102)     Total                          Min: 0, Avg: 10988.5, Max: 18610, Diff: 18610, Sum: 43954, Workers: 4
[477.248s][debug][gc,phases      ] GC(102)   ResolvedMethodTable Weak       Min:  0.0, Avg:  0.0, Max:  0.0, Diff:  0.0, Sum:  0.1, Workers: 4
[477.248s][debug][gc,phases      ] GC(102)     Dead                           Min: 0, Avg:  0.0, Max: 0, Diff: 0, Sum: 0, Workers: 4
[477.248s][debug][gc,phases      ] GC(102)     Total                          Min: 0, Avg: 2590.8, Max: 4414, Diff: 4414, Sum: 10363, Workers: 4
[477.248s][debug][gc,phases      ] GC(102)   JNI Weak                       Min:  0.0, Avg:  0.0, Max:  0.0, Diff:  0.0, Sum:  0.0, Workers: 4
[477.248s][debug][gc,phases      ] GC(102)     Dead                           Min: 0, Avg:  0.0, Max: 0, Diff: 0, Sum: 0, Workers: 4
[477.248s][debug][gc,phases      ] GC(102)     Total                          Min: 0, Avg: 11.2, Max: 45, Diff: 45, Sum: 45, Workers: 4
[477.248s][debug][gc,phases      ] GC(102)   StringDedup Table Weak         Min:  0.0, Avg:  0.0, Max:  0.0, Diff:  0.0, Sum:  0.0, Workers: 4
[477.248s][debug][gc,phases      ] GC(102)     Dead                           Min: 0, Avg:  0.0, Max: 0, Diff: 0, Sum: 0, Workers: 4
[477.248s][debug][gc,phases      ] GC(102)     Total                          Min: 0, Avg:  0.0, Max: 0, Diff: 0, Sum: 0, Workers: 4
[477.248s][debug][gc,phases      ] GC(102)   StringDedup Requests0 Weak     Min:  0.0, Avg:  0.0, Max:  0.0, Diff:  0.0, Sum:  0.0, Workers: 4
[477.248s][debug][gc,phases      ] GC(102)     Dead                           Min: 0, Avg:  0.0, Max: 0, Diff: 0, Sum: 0, Workers: 4
[477.248s][debug][gc,phases      ] GC(102)     Total                          Min: 0, Avg:  0.0, Max: 0, Diff: 0, Sum: 0, Workers: 4
[477.248s][debug][gc,phases      ] GC(102)   StringDedup Requests1 Weak     Min:  0.0, Avg:  0.0, Max:  0.0, Diff:  0.0, Sum:  0.0, Workers: 4
[477.248s][debug][gc,phases      ] GC(102)     Dead                           Min: 0, Avg:  0.0, Max: 0, Diff: 0, Sum: 0, Workers: 4
[477.248s][debug][gc,phases      ] GC(102)     Total                          Min: 0, Avg:  0.0, Max: 0, Diff: 0, Sum: 0, Workers: 4
[477.248s][debug][gc,phases      ] GC(102)   Weak JFR Old Object Samples    Min:  0.0, Avg:  0.0, Max:  0.0, Diff:  0.0, Sum:  0.0, Workers: 4
[477.248s][debug][gc,phases      ] GC(102)     Dead                           Min: 0, Avg:  0.0, Max: 0, Diff: 0, Sum: 0, Workers: 4
[477.248s][debug][gc,phases      ] GC(102)     Total                          Min: 0, Avg:  0.0, Max: 0, Diff: 0, Sum: 0, Workers: 4
[477.248s][debug][gc,phases      ] GC(102) Weak Processing 0.345ms
[477.248s][debug][gc,age         ] GC(102) Desired survivor size 97517568 bytes, new threshold 15 (max threshold 15)
[477.248s][info ][gc,heap        ] GC(102) PSYoungGen: 1895784K(1989120K)->8072K(2001920K) Eden: 1884672K(1884672K)->0K(1902080K) From: 11112K(104448K)->8072K(99840K)
[477.248s][info ][gc,heap        ] GC(102) ParOldGen: 286221K(351232K)->290189K(351232K)
[477.248s][info ][gc,metaspace   ] GC(102) Metaspace: 84714K(85568K)->84714K(85568K) NonClass: 72306K(72768K)->72306K(72768K) Class: 12407K(12800K)->12407K(12800K)
[477.248s][info ][gc             ] GC(102) Pause Young (Allocation Failure) 2130M->291M(2298M) 6.680ms
[477.248s][info ][gc,cpu         ] GC(102) User=0.02s Sys=0.00s Real=0.00s
[477.248s][info ][safepoint      ] Safepoint "ParallelGCFailedAllocation", Time since last: 1751750341 ns, Reaching safepoint: 5300 ns, Cleanup: 4000 ns, At safepoint: 6751385 ns, Total: 6760685 ns
[479.248s][info ][safepoint      ] Safepoint "Cleanup", Time since last: 2000138194 ns, Reaching safepoint: 4900 ns, Cleanup: 8600 ns, At safepoint: 2100 ns, Total: 15600 ns
[480.043s][info ][gc,start       ] GC(103) Pause Young (Allocation Failure)
[480.047s][debug][gc,phases      ] GC(103) Scavenge 4.115ms
[480.047s][debug][gc,ref         ] GC(103) Skipped phase 1 of Reference Processing: no references
[480.047s][debug][gc,ref         ] GC(103) ReferenceProcessor::execute queues: 1, RefProcThreadModel::Single, marks_oops_alive: false
[480.047s][debug][gc,ref         ] GC(103) Skipped phase 3 of Reference Processing: no references
[480.047s][debug][gc,ref         ] GC(103) ReferenceProcessor::execute queues: 1, RefProcThreadModel::Single, marks_oops_alive: false
[480.047s][debug][gc,phases      ] GC(103) Reference Processing 0.095ms
[480.047s][debug][gc,phases      ] GC(103)   VM Weak                        Min:  0.0, Avg:  0.0, Max:  0.0, Diff:  0.0, Sum:  0.0, Workers: 4
[480.047s][debug][gc,phases      ] GC(103)     Dead                           Min: 0, Avg:  0.0, Max: 0, Diff: 0, Sum: 0, Workers: 4
[480.047s][debug][gc,phases      ] GC(103)     Total                          Min: 0, Avg: 183.0, Max: 732, Diff: 732, Sum: 732, Workers: 4
[480.047s][debug][gc,phases      ] GC(103)   ObjectSynchronizer Weak        Min:  0.0, Avg:  0.0, Max:  0.0, Diff:  0.0, Sum:  0.0, Workers: 4
[480.047s][debug][gc,phases      ] GC(103)     Dead                           Min: 0, Avg:  0.0, Max: 0, Diff: 0, Sum: 0, Workers: 4
[480.047s][debug][gc,phases      ] GC(103)     Total                          Min: 0, Avg:  2.0, Max: 8, Diff: 8, Sum: 8, Workers: 4
[480.047s][debug][gc,phases      ] GC(103)   JVMTI Tag Weak OopStorage      Min:  0.0, Avg:  0.0, Max:  0.0, Diff:  0.0, Sum:  0.0, Workers: 4
[480.047s][debug][gc,phases      ] GC(103)     Dead                           Min: 0, Avg:  0.0, Max: 0, Diff: 0, Sum: 0, Workers: 4
[480.047s][debug][gc,phases      ] GC(103)     Total                          Min: 0, Avg:  0.0, Max: 0, Diff: 0, Sum: 0, Workers: 4
[480.047s][debug][gc,phases      ] GC(103)   StringTable Weak               Min:  0.0, Avg:  0.1, Max:  0.1, Diff:  0.1, Sum:  0.4, Workers: 4
[480.047s][debug][gc,phases      ] GC(103)     Dead                           Min: 0, Avg:  0.0, Max: 0, Diff: 0, Sum: 0, Workers: 4
[480.047s][debug][gc,phases      ] GC(103)     Total                          Min: 0, Avg: 10988.5, Max: 17586, Diff: 17586, Sum: 43954, Workers: 4
[480.047s][debug][gc,phases      ] GC(103)   ResolvedMethodTable Weak       Min:  0.0, Avg:  0.0, Max:  0.0, Diff:  0.0, Sum:  0.1, Workers: 4
[480.047s][debug][gc,phases      ] GC(103)     Dead                           Min: 0, Avg:  0.0, Max: 0, Diff: 0, Sum: 0, Workers: 4
[480.047s][debug][gc,phases      ] GC(103)     Total                          Min: 0, Avg: 2590.8, Max: 4414, Diff: 4414, Sum: 10363, Workers: 4
[480.047s][debug][gc,phases      ] GC(103)   JNI Weak                       Min:  0.0, Avg:  0.0, Max:  0.0, Diff:  0.0, Sum:  0.0, Workers: 4
[480.047s][debug][gc,phases      ] GC(103)     Dead                           Min: 0, Avg:  0.0, Max: 0, Diff: 0, Sum: 0, Workers: 4
[480.047s][debug][gc,phases      ] GC(103)     Total                          Min: 0, Avg: 11.2, Max: 45, Diff: 45, Sum: 45, Workers: 4
[480.047s][debug][gc,phases      ] GC(103)   StringDedup Table Weak         Min:  0.0, Avg:  0.0, Max:  0.0, Diff:  0.0, Sum:  0.0, Workers: 4
[480.047s][debug][gc,phases      ] GC(103)     Dead                           Min: 0, Avg:  0.0, Max: 0, Diff: 0, Sum: 0, Workers: 4
[480.047s][debug][gc,phases      ] GC(103)     Total                          Min: 0, Avg:  0.0, Max: 0, Diff: 0, Sum: 0, Workers: 4
[480.047s][debug][gc,phases      ] GC(103)   StringDedup Requests0 Weak     Min:  0.0, Avg:  0.0, Max:  0.0, Diff:  0.0, Sum:  0.0, Workers: 4
[480.047s][debug][gc,phases      ] GC(103)     Dead                           Min: 0, Avg:  0.0, Max: 0, Diff: 0, Sum: 0, Workers: 4
[480.047s][debug][gc,phases      ] GC(103)     Total                          Min: 0, Avg:  0.0, Max: 0, Diff: 0, Sum: 0, Workers: 4
[480.047s][debug][gc,phases      ] GC(103)   StringDedup Requests1 Weak     Min:  0.0, Avg:  0.0, Max:  0.0, Diff:  0.0, Sum:  0.0, Workers: 4
[480.048s][debug][gc,phases      ] GC(103)     Dead                           Min: 0, Avg:  0.0, Max: 0, Diff: 0, Sum: 0, Workers: 4
[480.048s][debug][gc,phases      ] GC(103)     Total                          Min: 0, Avg:  0.0, Max: 0, Diff: 0, Sum: 0, Workers: 4
[480.048s][debug][gc,phases      ] GC(103)   Weak JFR Old Object Samples    Min:  0.0, Avg:  0.0, Max:  0.0, Diff:  0.0, Sum:  0.0, Workers: 4
[480.048s][debug][gc,phases      ] GC(103)     Dead                           Min: 0, Avg:  0.0, Max: 0, Diff: 0, Sum: 0, Workers: 4
[480.048s][debug][gc,phases      ] GC(103)     Total                          Min: 0, Avg:  0.0, Max: 0, Diff: 0, Sum: 0, Workers: 4
[480.048s][debug][gc,phases      ] GC(103) Weak Processing 0.343ms
[480.048s][debug][gc,age         ] GC(103) Desired survivor size 93323264 bytes, new threshold 15 (max threshold 15)
[480.048s][info ][gc,heap        ] GC(103) PSYoungGen: 1910152K(2001920K)->7976K(1997312K) Eden: 1902080K(1902080K)->0K(1902080K) From: 8072K(99840K)->7976K(95232K)
[480.048s][info ][gc,heap        ] GC(103) ParOldGen: 290189K(351232K)->290213K(351232K)
[480.048s][info ][gc,metaspace   ] GC(103) Metaspace: 84714K(85568K)->84714K(85568K) NonClass: 72306K(72768K)->72306K(72768K) Class: 12407K(12800K)->12407K(12800K)
[480.048s][info ][gc             ] GC(103) Pause Young (Allocation Failure) 2148M->291M(2293M) 4.666ms
[480.048s][info ][gc,cpu         ] GC(103) User=0.01s Sys=0.00s Real=0.00s
[480.048s][info ][safepoint      ] Safepoint "ParallelGCFailedAllocation", Time since last: 794699550 ns, Reaching safepoint: 7200 ns, Cleanup: 4700 ns, At safepoint: 4768289 ns, Total: 4780189 ns
[482.846s][info ][gc,start       ] GC(104) Pause Young (Allocation Failure)
[482.849s][debug][gc,phases      ] GC(104) Scavenge 3.224ms
[482.849s][debug][gc,ref         ] GC(104) Skipped phase 1 of Reference Processing: no references
[482.849s][debug][gc,ref         ] GC(104) ReferenceProcessor::execute queues: 1, RefProcThreadModel::Single, marks_oops_alive: false
[482.849s][debug][gc,ref         ] GC(104) Skipped phase 3 of Reference Processing: no references
[482.849s][debug][gc,ref         ] GC(104) ReferenceProcessor::execute queues: 1, RefProcThreadModel::Single, marks_oops_alive: false
[482.849s][debug][gc,phases      ] GC(104) Reference Processing 0.093ms
[482.850s][debug][gc,phases      ] GC(104)   VM Weak                        Min:  0.0, Avg:  0.0, Max:  0.0, Diff:  0.0, Sum:  0.0, Workers: 4
[482.850s][debug][gc,phases      ] GC(104)     Dead                           Min: 0, Avg:  0.0, Max: 0, Diff: 0, Sum: 0, Workers: 4
[482.850s][debug][gc,phases      ] GC(104)     Total                          Min: 0, Avg: 183.0, Max: 640, Diff: 640, Sum: 732, Workers: 4
[482.850s][debug][gc,phases      ] GC(104)   ObjectSynchronizer Weak        Min:  0.0, Avg:  0.0, Max:  0.0, Diff:  0.0, Sum:  0.0, Workers: 4
[482.850s][debug][gc,phases      ] GC(104)     Dead                           Min: 0, Avg:  0.0, Max: 0, Diff: 0, Sum: 0, Workers: 4
[482.850s][debug][gc,phases      ] GC(104)     Total                          Min: 0, Avg:  0.8, Max: 3, Diff: 3, Sum: 3, Workers: 4
[482.850s][debug][gc,phases      ] GC(104)   JVMTI Tag Weak OopStorage      Min:  0.0, Avg:  0.0, Max:  0.0, Diff:  0.0, Sum:  0.0, Workers: 4
[482.850s][debug][gc,phases      ] GC(104)     Dead                           Min: 0, Avg:  0.0, Max: 0, Diff: 0, Sum: 0, Workers: 4
[482.850s][debug][gc,phases      ] GC(104)     Total                          Min: 0, Avg:  0.0, Max: 0, Diff: 0, Sum: 0, Workers: 4
[482.850s][debug][gc,phases      ] GC(104)   StringTable Weak               Min:  0.1, Avg:  0.1, Max:  0.1, Diff:  0.0, Sum:  0.4, Workers: 4
[482.850s][debug][gc,phases      ] GC(104)     Dead                           Min: 0, Avg:  0.0, Max: 0, Diff: 0, Sum: 0, Workers: 4
[482.850s][debug][gc,phases      ] GC(104)     Total                          Min: 9408, Avg: 10988.5, Max: 11840, Diff: 2432, Sum: 43954, Workers: 4
[482.850s][debug][gc,phases      ] GC(104)   ResolvedMethodTable Weak       Min:  0.0, Avg:  0.0, Max:  0.0, Diff:  0.0, Sum:  0.1, Workers: 4
[482.850s][debug][gc,phases      ] GC(104)     Dead                           Min: 0, Avg:  0.0, Max: 0, Diff: 0, Sum: 0, Workers: 4
[482.850s][debug][gc,phases      ] GC(104)     Total                          Min: 2495, Avg: 2590.8, Max: 2688, Diff: 193, Sum: 10363, Workers: 4
[482.850s][debug][gc,phases      ] GC(104)   JNI Weak                       Min:  0.0, Avg:  0.0, Max:  0.0, Diff:  0.0, Sum:  0.0, Workers: 4
[482.850s][debug][gc,phases      ] GC(104)     Dead                           Min: 0, Avg:  0.0, Max: 0, Diff: 0, Sum: 0, Workers: 4
[482.850s][debug][gc,phases      ] GC(104)     Total                          Min: 0, Avg: 11.2, Max: 45, Diff: 45, Sum: 45, Workers: 4
[482.850s][debug][gc,phases      ] GC(104)   StringDedup Table Weak         Min:  0.0, Avg:  0.0, Max:  0.0, Diff:  0.0, Sum:  0.0, Workers: 4
[482.850s][debug][gc,phases      ] GC(104)     Dead                           Min: 0, Avg:  0.0, Max: 0, Diff: 0, Sum: 0, Workers: 4
[482.850s][debug][gc,phases      ] GC(104)     Total                          Min: 0, Avg:  0.0, Max: 0, Diff: 0, Sum: 0, Workers: 4
[482.850s][debug][gc,phases      ] GC(104)   StringDedup Requests0 Weak     Min:  0.0, Avg:  0.0, Max:  0.0, Diff:  0.0, Sum:  0.0, Workers: 4
[482.850s][debug][gc,phases      ] GC(104)     Dead                           Min: 0, Avg:  0.0, Max: 0, Diff: 0, Sum: 0, Workers: 4
[482.850s][debug][gc,phases      ] GC(104)     Total                          Min: 0, Avg:  0.0, Max: 0, Diff: 0, Sum: 0, Workers: 4
[482.850s][debug][gc,phases      ] GC(104)   StringDedup Requests1 Weak     Min:  0.0, Avg:  0.0, Max:  0.0, Diff:  0.0, Sum:  0.0, Workers: 4
[482.850s][debug][gc,phases      ] GC(104)     Dead                           Min: 0, Avg:  0.0, Max: 0, Diff: 0, Sum: 0, Workers: 4
[482.850s][debug][gc,phases      ] GC(104)     Total                          Min: 0, Avg:  0.0, Max: 0, Diff: 0, Sum: 0, Workers: 4
[482.850s][debug][gc,phases      ] GC(104)   Weak JFR Old Object Samples    Min:  0.0, Avg:  0.0, Max:  0.0, Diff:  0.0, Sum:  0.0, Workers: 4
[482.850s][debug][gc,phases      ] GC(104)     Dead                           Min: 0, Avg:  0.0, Max: 0, Diff: 0, Sum: 0, Workers: 4
[482.850s][debug][gc,phases      ] GC(104)     Total                          Min: 0, Avg:  0.0, Max: 0, Diff: 0, Sum: 0, Workers: 4
[482.850s][debug][gc,phases      ] GC(104) Weak Processing 0.315ms
[482.850s][debug][gc,age         ] GC(104) Desired survivor size 89128960 bytes, new threshold 15 (max threshold 15)
[482.850s][info ][gc,heap        ] GC(104) PSYoungGen: 1910056K(1997312K)->7016K(2010112K) Eden: 1902080K(1902080K)->0K(1918976K) From: 7976K(95232K)->7016K(91136K)
[482.850s][info ][gc,heap        ] GC(104) ParOldGen: 290213K(351232K)->291365K(351232K)
[482.850s][info ][gc,metaspace   ] GC(104) Metaspace: 84714K(85568K)->84714K(85568K) NonClass: 72306K(72768K)->72306K(72768K) Class: 12407K(12800K)->12407K(12800K)
[482.850s][info ][gc             ] GC(104) Pause Young (Allocation Failure) 2148M->291M(2306M) 3.755ms
[482.850s][info ][gc,cpu         ] GC(104) User=0.01s Sys=0.00s Real=0.00s
[482.850s][info ][safepoint      ] Safepoint "ParallelGCFailedAllocation", Time since last: 2798412236 ns, Reaching safepoint: 5300 ns, Cleanup: 4300 ns, At safepoint: 3831791 ns, Total: 3841391 ns
[485.691s][info ][gc,start       ] GC(105) Pause Young (Allocation Failure)
[485.695s][debug][gc,phases      ] GC(105) Scavenge 3.864ms
[485.695s][debug][gc,ref         ] GC(105) Skipped phase 1 of Reference Processing: no references
[485.695s][debug][gc,ref         ] GC(105) ReferenceProcessor::execute queues: 1, RefProcThreadModel::Single, marks_oops_alive: false
[485.695s][debug][gc,ref         ] GC(105) ReferenceProcessor::execute queues: 4, RefProcThreadModel::Multi, marks_oops_alive: true
[485.695s][debug][gc,ref         ] GC(105) ReferenceProcessor::execute queues: 1, RefProcThreadModel::Single, marks_oops_alive: false
[485.695s][debug][gc,phases      ] GC(105) Reference Processing 0.169ms
[485.695s][debug][gc,phases      ] GC(105)   VM Weak                        Min:  0.0, Avg:  0.0, Max:  0.0, Diff:  0.0, Sum:  0.0, Workers: 4
[485.695s][debug][gc,phases      ] GC(105)     Dead                           Min: 0, Avg:  0.0, Max: 0, Diff: 0, Sum: 0, Workers: 4
[485.695s][debug][gc,phases      ] GC(105)     Total                          Min: 0, Avg: 183.0, Max: 732, Diff: 732, Sum: 732, Workers: 4
[485.695s][debug][gc,phases      ] GC(105)   ObjectSynchronizer Weak        Min:  0.0, Avg:  0.0, Max:  0.0, Diff:  0.0, Sum:  0.0, Workers: 4
[485.695s][debug][gc,phases      ] GC(105)     Dead                           Min: 0, Avg:  0.0, Max: 0, Diff: 0, Sum: 0, Workers: 4
[485.695s][debug][gc,phases      ] GC(105)     Total                          Min: 0, Avg:  0.8, Max: 3, Diff: 3, Sum: 3, Workers: 4
[485.695s][debug][gc,phases      ] GC(105)   JVMTI Tag Weak OopStorage      Min:  0.0, Avg:  0.0, Max:  0.0, Diff:  0.0, Sum:  0.0, Workers: 4
[485.695s][debug][gc,phases      ] GC(105)     Dead                           Min: 0, Avg:  0.0, Max: 0, Diff: 0, Sum: 0, Workers: 4
[485.695s][debug][gc,phases      ] GC(105)     Total                          Min: 0, Avg:  0.0, Max: 0, Diff: 0, Sum: 0, Workers: 4
[485.695s][debug][gc,phases      ] GC(105)   StringTable Weak               Min:  0.1, Avg:  0.1, Max:  0.1, Diff:  0.0, Sum:  0.5, Workers: 4
[485.695s][debug][gc,phases      ] GC(105)     Dead                           Min: 0, Avg:  0.0, Max: 0, Diff: 0, Sum: 0, Workers: 4
[485.695s][debug][gc,phases      ] GC(105)     Total                          Min: 10880, Avg: 10988.5, Max: 11200, Diff: 320, Sum: 43954, Workers: 4
[485.695s][debug][gc,phases      ] GC(105)   ResolvedMethodTable Weak       Min:  0.0, Avg:  0.0, Max:  0.0, Diff:  0.0, Sum:  0.1, Workers: 4
[485.695s][debug][gc,phases      ] GC(105)     Dead                           Min: 0, Avg:  0.0, Max: 0, Diff: 0, Sum: 0, Workers: 4
[485.695s][debug][gc,phases      ] GC(105)     Total                          Min: 1534, Avg: 2590.8, Max: 3005, Diff: 1471, Sum: 10363, Workers: 4
[485.695s][debug][gc,phases      ] GC(105)   JNI Weak                       Min:  0.0, Avg:  0.0, Max:  0.0, Diff:  0.0, Sum:  0.0, Workers: 4
[485.695s][debug][gc,phases      ] GC(105)     Dead                           Min: 0, Avg:  0.0, Max: 0, Diff: 0, Sum: 0, Workers: 4
[485.695s][debug][gc,phases      ] GC(105)     Total                          Min: 0, Avg: 11.2, Max: 45, Diff: 45, Sum: 45, Workers: 4
[485.695s][debug][gc,phases      ] GC(105)   StringDedup Table Weak         Min:  0.0, Avg:  0.0, Max:  0.0, Diff:  0.0, Sum:  0.0, Workers: 4
[485.695s][debug][gc,phases      ] GC(105)     Dead                           Min: 0, Avg:  0.0, Max: 0, Diff: 0, Sum: 0, Workers: 4
[485.695s][debug][gc,phases      ] GC(105)     Total                          Min: 0, Avg:  0.0, Max: 0, Diff: 0, Sum: 0, Workers: 4
[485.695s][debug][gc,phases      ] GC(105)   StringDedup Requests0 Weak     Min:  0.0, Avg:  0.0, Max:  0.0, Diff:  0.0, Sum:  0.0, Workers: 4
[485.695s][debug][gc,phases      ] GC(105)     Dead                           Min: 0, Avg:  0.0, Max: 0, Diff: 0, Sum: 0, Workers: 4
[485.695s][debug][gc,phases      ] GC(105)     Total                          Min: 0, Avg:  0.0, Max: 0, Diff: 0, Sum: 0, Workers: 4
[485.695s][debug][gc,phases      ] GC(105)   StringDedup Requests1 Weak     Min:  0.0, Avg:  0.0, Max:  0.0, Diff:  0.0, Sum:  0.0, Workers: 4
[485.695s][debug][gc,phases      ] GC(105)     Dead                           Min: 0, Avg:  0.0, Max: 0, Diff: 0, Sum: 0, Workers: 4
[485.695s][debug][gc,phases      ] GC(105)     Total                          Min: 0, Avg:  0.0, Max: 0, Diff: 0, Sum: 0, Workers: 4
[485.695s][debug][gc,phases      ] GC(105)   Weak JFR Old Object Samples    Min:  0.0, Avg:  0.0, Max:  0.0, Diff:  0.0, Sum:  0.0, Workers: 4
[485.695s][debug][gc,phases      ] GC(105)     Dead                           Min: 0, Avg:  0.0, Max: 0, Diff: 0, Sum: 0, Workers: 4
[485.695s][debug][gc,phases      ] GC(105)     Total                          Min: 0, Avg:  0.0, Max: 0, Diff: 0, Sum: 0, Workers: 4
[485.695s][debug][gc,phases      ] GC(105) Weak Processing 0.328ms
[485.695s][debug][gc,age         ] GC(105) Desired survivor size 84934656 bytes, new threshold 15 (max threshold 15)
[485.695s][info ][gc,heap        ] GC(105) PSYoungGen: 1925992K(2010112K)->7128K(2006016K) Eden: 1918976K(1918976K)->0K(1918976K) From: 7016K(91136K)->7128K(87040K)
[485.695s][info ][gc,heap        ] GC(105) ParOldGen: 291365K(351232K)->291397K(351232K)
[485.695s][info ][gc,metaspace   ] GC(105) Metaspace: 84714K(85568K)->84714K(85568K) NonClass: 72306K(72768K)->72306K(72768K) Class: 12407K(12800K)->12407K(12800K)
[485.695s][info ][gc             ] GC(105) Pause Young (Allocation Failure) 2165M->291M(2302M) 4.472ms
[485.695s][info ][gc,cpu         ] GC(105) User=0.01s Sys=0.00s Real=0.01s
[485.695s][info ][safepoint      ] Safepoint "ParallelGCFailedAllocation", Time since last: 2840820543 ns, Reaching safepoint: 5000 ns, Cleanup: 3700 ns, At safepoint: 4539190 ns, Total: 4547890 ns
[488.532s][info ][gc,start       ] GC(106) Pause Young (Allocation Failure)
[488.535s][debug][gc,phases      ] GC(106) Scavenge 3.355ms
[488.535s][debug][gc,ref         ] GC(106) Skipped phase 1 of Reference Processing: no references
[488.535s][debug][gc,ref         ] GC(106) ReferenceProcessor::execute queues: 1, RefProcThreadModel::Single, marks_oops_alive: false
[488.536s][debug][gc,ref         ] GC(106) Skipped phase 3 of Reference Processing: no references
[488.536s][debug][gc,ref         ] GC(106) ReferenceProcessor::execute queues: 1, RefProcThreadModel::Single, marks_oops_alive: false
[488.536s][debug][gc,phases      ] GC(106) Reference Processing 0.091ms
[488.536s][debug][gc,phases      ] GC(106)   VM Weak                        Min:  0.0, Avg:  0.0, Max:  0.0, Diff:  0.0, Sum:  0.0, Workers: 4
[488.536s][debug][gc,phases      ] GC(106)     Dead                           Min: 0, Avg:  0.0, Max: 0, Diff: 0, Sum: 0, Workers: 4
[488.536s][debug][gc,phases      ] GC(106)     Total                          Min: 0, Avg: 183.0, Max: 512, Diff: 512, Sum: 732, Workers: 4
[488.536s][debug][gc,phases      ] GC(106)   ObjectSynchronizer Weak        Min:  0.0, Avg:  0.0, Max:  0.0, Diff:  0.0, Sum:  0.0, Workers: 4
[488.536s][debug][gc,phases      ] GC(106)     Dead                           Min: 0, Avg:  0.0, Max: 0, Diff: 0, Sum: 0, Workers: 4
[488.536s][debug][gc,phases      ] GC(106)     Total                          Min: 0, Avg:  0.8, Max: 3, Diff: 3, Sum: 3, Workers: 4
[488.536s][debug][gc,phases      ] GC(106)   JVMTI Tag Weak OopStorage      Min:  0.0, Avg:  0.0, Max:  0.0, Diff:  0.0, Sum:  0.0, Workers: 4
[488.536s][debug][gc,phases      ] GC(106)     Dead                           Min: 0, Avg:  0.0, Max: 0, Diff: 0, Sum: 0, Workers: 4
[488.536s][debug][gc,phases      ] GC(106)     Total                          Min: 0, Avg:  0.0, Max: 0, Diff: 0, Sum: 0, Workers: 4
[488.536s][debug][gc,phases      ] GC(106)   StringTable Weak               Min:  0.0, Avg:  0.1, Max:  0.1, Diff:  0.1, Sum:  0.4, Workers: 4
[488.536s][debug][gc,phases      ] GC(106)     Dead                           Min: 0, Avg:  0.0, Max: 0, Diff: 0, Sum: 0, Workers: 4
[488.536s][debug][gc,phases      ] GC(106)     Total                          Min: 0, Avg: 10988.5, Max: 19058, Diff: 19058, Sum: 43954, Workers: 4
[488.536s][debug][gc,phases      ] GC(106)   ResolvedMethodTable Weak       Min:  0.0, Avg:  0.0, Max:  0.0, Diff:  0.0, Sum:  0.1, Workers: 4
[488.536s][debug][gc,phases      ] GC(106)     Dead                           Min: 0, Avg:  0.0, Max: 0, Diff: 0, Sum: 0, Workers: 4
[488.536s][debug][gc,phases      ] GC(106)     Total                          Min: 0, Avg: 2590.8, Max: 4540, Diff: 4540, Sum: 10363, Workers: 4
[488.536s][debug][gc,phases      ] GC(106)   JNI Weak                       Min:  0.0, Avg:  0.0, Max:  0.0, Diff:  0.0, Sum:  0.0, Workers: 4
[488.536s][debug][gc,phases      ] GC(106)     Dead                           Min: 0, Avg:  0.0, Max: 0, Diff: 0, Sum: 0, Workers: 4
[488.536s][debug][gc,phases      ] GC(106)     Total                          Min: 0, Avg: 11.2, Max: 45, Diff: 45, Sum: 45, Workers: 4
[488.536s][debug][gc,phases      ] GC(106)   StringDedup Table Weak         Min:  0.0, Avg:  0.0, Max:  0.0, Diff:  0.0, Sum:  0.0, Workers: 4
[488.536s][debug][gc,phases      ] GC(106)     Dead                           Min: 0, Avg:  0.0, Max: 0, Diff: 0, Sum: 0, Workers: 4
[488.536s][debug][gc,phases      ] GC(106)     Total                          Min: 0, Avg:  0.0, Max: 0, Diff: 0, Sum: 0, Workers: 4
[488.536s][debug][gc,phases      ] GC(106)   StringDedup Requests0 Weak     Min:  0.0, Avg:  0.0, Max:  0.0, Diff:  0.0, Sum:  0.0, Workers: 4
[488.536s][debug][gc,phases      ] GC(106)     Dead                           Min: 0, Avg:  0.0, Max: 0, Diff: 0, Sum: 0, Workers: 4
[488.536s][debug][gc,phases      ] GC(106)     Total                          Min: 0, Avg:  0.0, Max: 0, Diff: 0, Sum: 0, Workers: 4
[488.536s][debug][gc,phases      ] GC(106)   StringDedup Requests1 Weak     Min:  0.0, Avg:  0.0, Max:  0.0, Diff:  0.0, Sum:  0.0, Workers: 4
[488.536s][debug][gc,phases      ] GC(106)     Dead                           Min: 0, Avg:  0.0, Max: 0, Diff: 0, Sum: 0, Workers: 4
[488.536s][debug][gc,phases      ] GC(106)     Total                          Min: 0, Avg:  0.0, Max: 0, Diff: 0, Sum: 0, Workers: 4
[488.536s][debug][gc,phases      ] GC(106)   Weak JFR Old Object Samples    Min:  0.0, Avg:  0.0, Max:  0.0, Diff:  0.0, Sum:  0.0, Workers: 4
[488.536s][debug][gc,phases      ] GC(106)     Dead                           Min: 0, Avg:  0.0, Max: 0, Diff: 0, Sum: 0, Workers: 4
[488.536s][debug][gc,phases      ] GC(106)     Total                          Min: 0, Avg:  0.0, Max: 0, Diff: 0, Sum: 0, Workers: 4
[488.536s][debug][gc,phases      ] GC(106) Weak Processing 0.351ms
[488.536s][debug][gc,age         ] GC(106) Desired survivor size 80216064 bytes, new threshold 15 (max threshold 15)
[488.536s][info ][gc,heap        ] GC(106) PSYoungGen: 1926104K(2006016K)->6920K(2018816K) Eden: 1918976K(1918976K)->0K(1935872K) From: 7128K(87040K)->6920K(82944K)
[488.536s][info ][gc,heap        ] GC(106) ParOldGen: 291397K(351232K)->291421K(351232K)
[488.536s][info ][gc,metaspace   ] GC(106) Metaspace: 84714K(85568K)->84714K(85568K) NonClass: 72306K(72768K)->72306K(72768K) Class: 12407K(12800K)->12407K(12800K)
[488.536s][info ][gc             ] GC(106) Pause Young (Allocation Failure) 2165M->291M(2314M) 3.899ms
[488.536s][info ][gc,cpu         ] GC(106) User=0.00s Sys=0.00s Real=0.00s
[488.536s][info ][safepoint      ] Safepoint "ParallelGCFailedAllocation", Time since last: 2836679550 ns, Reaching safepoint: 73000 ns, Cleanup: 3500 ns, At safepoint: 3967191 ns, Total: 4043691 ns
[491.388s][info ][gc,start       ] GC(107) Pause Young (Allocation Failure)
[491.393s][debug][gc,phases      ] GC(107) Scavenge 4.883ms
[491.393s][debug][gc,ref         ] GC(107) Skipped phase 1 of Reference Processing: no references
[491.393s][debug][gc,ref         ] GC(107) ReferenceProcessor::execute queues: 1, RefProcThreadModel::Single, marks_oops_alive: false
[491.393s][debug][gc,ref         ] GC(107) Skipped phase 3 of Reference Processing: no references
[491.393s][debug][gc,ref         ] GC(107) ReferenceProcessor::execute queues: 1, RefProcThreadModel::Single, marks_oops_alive: false
[491.393s][debug][gc,phases      ] GC(107) Reference Processing 0.098ms
[491.393s][debug][gc,phases      ] GC(107)   VM Weak                        Min:  0.0, Avg:  0.0, Max:  0.0, Diff:  0.0, Sum:  0.0, Workers: 4
[491.393s][debug][gc,phases      ] GC(107)     Dead                           Min: 0, Avg:  0.0, Max: 0, Diff: 0, Sum: 0, Workers: 4
[491.393s][debug][gc,phases      ] GC(107)     Total                          Min: 0, Avg: 183.0, Max: 448, Diff: 448, Sum: 732, Workers: 4
[491.393s][debug][gc,phases      ] GC(107)   ObjectSynchronizer Weak        Min:  0.0, Avg:  0.0, Max:  0.0, Diff:  0.0, Sum:  0.0, Workers: 4
[491.393s][debug][gc,phases      ] GC(107)     Dead                           Min: 0, Avg:  0.0, Max: 0, Diff: 0, Sum: 0, Workers: 4
[491.393s][debug][gc,phases      ] GC(107)     Total                          Min: 0, Avg:  0.8, Max: 3, Diff: 3, Sum: 3, Workers: 4
[491.393s][debug][gc,phases      ] GC(107)   JVMTI Tag Weak OopStorage      Min:  0.0, Avg:  0.0, Max:  0.0, Diff:  0.0, Sum:  0.0, Workers: 4
[491.393s][debug][gc,phases      ] GC(107)     Dead                           Min: 0, Avg:  0.0, Max: 0, Diff: 0, Sum: 0, Workers: 4
[491.393s][debug][gc,phases      ] GC(107)     Total                          Min: 0, Avg:  0.0, Max: 0, Diff: 0, Sum: 0, Workers: 4
[491.393s][debug][gc,phases      ] GC(107)   StringTable Weak               Min:  0.0, Avg:  0.1, Max:  0.2, Diff:  0.2, Sum:  0.3, Workers: 4
[491.393s][debug][gc,phases      ] GC(107)     Dead                           Min: 0, Avg:  0.0, Max: 0, Diff: 0, Sum: 0, Workers: 4
[491.393s][debug][gc,phases      ] GC(107)     Total                          Min: 0, Avg: 10988.5, Max: 27520, Diff: 27520, Sum: 43954, Workers: 4
[491.393s][debug][gc,phases      ] GC(107)   ResolvedMethodTable Weak       Min:  0.0, Avg:  0.0, Max:  0.0, Diff:  0.0, Sum:  0.1, Workers: 4
[491.393s][debug][gc,phases      ] GC(107)     Dead                           Min: 0, Avg:  0.0, Max: 0, Diff: 0, Sum: 0, Workers: 4
[491.393s][debug][gc,phases      ] GC(107)     Total                          Min: 0, Avg: 2590.8, Max: 6462, Diff: 6462, Sum: 10363, Workers: 4
[491.393s][debug][gc,phases      ] GC(107)   JNI Weak                       Min:  0.0, Avg:  0.0, Max:  0.0, Diff:  0.0, Sum:  0.0, Workers: 4
[491.393s][debug][gc,phases      ] GC(107)     Dead                           Min: 0, Avg:  0.0, Max: 0, Diff: 0, Sum: 0, Workers: 4
[491.393s][debug][gc,phases      ] GC(107)     Total                          Min: 0, Avg: 11.2, Max: 45, Diff: 45, Sum: 45, Workers: 4
[491.393s][debug][gc,phases      ] GC(107)   StringDedup Table Weak         Min:  0.0, Avg:  0.0, Max:  0.0, Diff:  0.0, Sum:  0.0, Workers: 4
[491.393s][debug][gc,phases      ] GC(107)     Dead                           Min: 0, Avg:  0.0, Max: 0, Diff: 0, Sum: 0, Workers: 4
[491.393s][debug][gc,phases      ] GC(107)     Total                          Min: 0, Avg:  0.0, Max: 0, Diff: 0, Sum: 0, Workers: 4
[491.393s][debug][gc,phases      ] GC(107)   StringDedup Requests0 Weak     Min:  0.0, Avg:  0.0, Max:  0.0, Diff:  0.0, Sum:  0.0, Workers: 4
[491.393s][debug][gc,phases      ] GC(107)     Dead                           Min: 0, Avg:  0.0, Max: 0, Diff: 0, Sum: 0, Workers: 4
[491.393s][debug][gc,phases      ] GC(107)     Total                          Min: 0, Avg:  0.0, Max: 0, Diff: 0, Sum: 0, Workers: 4
[491.393s][debug][gc,phases      ] GC(107)   StringDedup Requests1 Weak     Min:  0.0, Avg:  0.0, Max:  0.0, Diff:  0.0, Sum:  0.0, Workers: 4
[491.393s][debug][gc,phases      ] GC(107)     Dead                           Min: 0, Avg:  0.0, Max: 0, Diff: 0, Sum: 0, Workers: 4
[491.393s][debug][gc,phases      ] GC(107)     Total                          Min: 0, Avg:  0.0, Max: 0, Diff: 0, Sum: 0, Workers: 4
[491.393s][debug][gc,phases      ] GC(107)   Weak JFR Old Object Samples    Min:  0.0, Avg:  0.0, Max:  0.0, Diff:  0.0, Sum:  0.0, Workers: 4
[491.393s][debug][gc,phases      ] GC(107)     Dead                           Min: 0, Avg:  0.0, Max: 0, Diff: 0, Sum: 0, Workers: 4
[491.393s][debug][gc,phases      ] GC(107)     Total                          Min: 0, Avg:  0.0, Max: 0, Diff: 0, Sum: 0, Workers: 4
[491.393s][debug][gc,phases      ] GC(107) Weak Processing 0.386ms
[491.393s][debug][gc,age         ] GC(107) Desired survivor size 76546048 bytes, new threshold 15 (max threshold 15)
[491.393s][info ][gc,heap        ] GC(107) PSYoungGen: 1942792K(2018816K)->6984K(2014208K) Eden: 1935872K(1935872K)->0K(1935872K) From: 6920K(82944K)->6984K(78336K)
[491.393s][info ][gc,heap        ] GC(107) ParOldGen: 291421K(351232K)->291485K(351232K)
[491.393s][info ][gc,metaspace   ] GC(107) Metaspace: 84714K(85568K)->84714K(85568K) NonClass: 72306K(72768K)->72306K(72768K) Class: 12407K(12800K)->12407K(12800K)
[491.393s][info ][gc             ] GC(107) Pause Young (Allocation Failure) 2181M->291M(2310M) 5.498ms
[491.393s][info ][gc,cpu         ] GC(107) User=0.01s Sys=0.00s Real=0.01s
[491.393s][info ][safepoint      ] Safepoint "ParallelGCFailedAllocation", Time since last: 2851779717 ns, Reaching safepoint: 6700 ns, Cleanup: 22400 ns, At safepoint: 5579987 ns, Total: 5609087 ns
[494.245s][info ][gc,start       ] GC(108) Pause Young (Allocation Failure)
[494.248s][debug][gc,phases      ] GC(108) Scavenge 2.361ms
[494.248s][debug][gc,ref         ] GC(108) Skipped phase 1 of Reference Processing: no references
[494.248s][debug][gc,ref         ] GC(108) ReferenceProcessor::execute queues: 1, RefProcThreadModel::Single, marks_oops_alive: false
[494.248s][debug][gc,ref         ] GC(108) Skipped phase 3 of Reference Processing: no references
[494.248s][debug][gc,ref         ] GC(108) ReferenceProcessor::execute queues: 1, RefProcThreadModel::Single, marks_oops_alive: false
[494.248s][debug][gc,phases      ] GC(108) Reference Processing 0.096ms
[494.248s][debug][gc,phases      ] GC(108)   VM Weak                        Min:  0.0, Avg:  0.0, Max:  0.0, Diff:  0.0, Sum:  0.0, Workers: 4
[494.248s][debug][gc,phases      ] GC(108)     Dead                           Min: 0, Avg:  0.0, Max: 0, Diff: 0, Sum: 0, Workers: 4
[494.248s][debug][gc,phases      ] GC(108)     Total                          Min: 0, Avg: 183.0, Max: 640, Diff: 640, Sum: 732, Workers: 4
[494.248s][debug][gc,phases      ] GC(108)   ObjectSynchronizer Weak        Min:  0.0, Avg:  0.0, Max:  0.0, Diff:  0.0, Sum:  0.0, Workers: 4
[494.248s][debug][gc,phases      ] GC(108)     Dead                           Min: 0, Avg:  0.0, Max: 0, Diff: 0, Sum: 0, Workers: 4
[494.248s][debug][gc,phases      ] GC(108)     Total                          Min: 0, Avg:  0.8, Max: 3, Diff: 3, Sum: 3, Workers: 4
[494.248s][debug][gc,phases      ] GC(108)   JVMTI Tag Weak OopStorage      Min:  0.0, Avg:  0.0, Max:  0.0, Diff:  0.0, Sum:  0.0, Workers: 4
[494.248s][debug][gc,phases      ] GC(108)     Dead                           Min: 0, Avg:  0.0, Max: 0, Diff: 0, Sum: 0, Workers: 4
[494.248s][debug][gc,phases      ] GC(108)     Total                          Min: 0, Avg:  0.0, Max: 0, Diff: 0, Sum: 0, Workers: 4
[494.248s][debug][gc,phases      ] GC(108)   StringTable Weak               Min:  0.1, Avg:  0.1, Max:  0.1, Diff:  0.0, Sum:  0.4, Workers: 4
[494.248s][debug][gc,phases      ] GC(108)     Dead                           Min: 0, Avg:  0.0, Max: 0, Diff: 0, Sum: 0, Workers: 4
[494.248s][debug][gc,phases      ] GC(108)     Total                          Min: 10688, Avg: 10988.5, Max: 11328, Diff: 640, Sum: 43954, Workers: 4
[494.248s][debug][gc,phases      ] GC(108)   ResolvedMethodTable Weak       Min:  0.0, Avg:  0.0, Max:  0.0, Diff:  0.0, Sum:  0.1, Workers: 4
[494.248s][debug][gc,phases      ] GC(108)     Dead                           Min: 0, Avg:  0.0, Max: 0, Diff: 0, Sum: 0, Workers: 4
[494.248s][debug][gc,phases      ] GC(108)     Total                          Min: 2431, Avg: 2590.8, Max: 2752, Diff: 321, Sum: 10363, Workers: 4
[494.248s][debug][gc,phases      ] GC(108)   JNI Weak                       Min:  0.0, Avg:  0.0, Max:  0.0, Diff:  0.0, Sum:  0.0, Workers: 4
[494.248s][debug][gc,phases      ] GC(108)     Dead                           Min: 0, Avg:  0.0, Max: 0, Diff: 0, Sum: 0, Workers: 4
[494.248s][debug][gc,phases      ] GC(108)     Total                          Min: 0, Avg: 11.2, Max: 45, Diff: 45, Sum: 45, Workers: 4
[494.248s][debug][gc,phases      ] GC(108)   StringDedup Table Weak         Min:  0.0, Avg:  0.0, Max:  0.0, Diff:  0.0, Sum:  0.0, Workers: 4
[494.248s][debug][gc,phases      ] GC(108)     Dead                           Min: 0, Avg:  0.0, Max: 0, Diff: 0, Sum: 0, Workers: 4
[494.248s][debug][gc,phases      ] GC(108)     Total                          Min: 0, Avg:  0.0, Max: 0, Diff: 0, Sum: 0, Workers: 4
[494.248s][debug][gc,phases      ] GC(108)   StringDedup Requests0 Weak     Min:  0.0, Avg:  0.0, Max:  0.0, Diff:  0.0, Sum:  0.0, Workers: 4
[494.248s][debug][gc,phases      ] GC(108)     Dead                           Min: 0, Avg:  0.0, Max: 0, Diff: 0, Sum: 0, Workers: 4
[494.248s][debug][gc,phases      ] GC(108)     Total                          Min: 0, Avg:  0.0, Max: 0, Diff: 0, Sum: 0, Workers: 4
[494.248s][debug][gc,phases      ] GC(108)   StringDedup Requests1 Weak     Min:  0.0, Avg:  0.0, Max:  0.0, Diff:  0.0, Sum:  0.0, Workers: 4
[494.248s][debug][gc,phases      ] GC(108)     Dead                           Min: 0, Avg:  0.0, Max: 0, Diff: 0, Sum: 0, Workers: 4
[494.248s][debug][gc,phases      ] GC(108)     Total                          Min: 0, Avg:  0.0, Max: 0, Diff: 0, Sum: 0, Workers: 4
[494.248s][debug][gc,phases      ] GC(108)   Weak JFR Old Object Samples    Min:  0.0, Avg:  0.0, Max:  0.0, Diff:  0.0, Sum:  0.0, Workers: 4
[494.248s][debug][gc,phases      ] GC(108)     Dead                           Min: 0, Avg:  0.0, Max: 0, Diff: 0, Sum: 0, Workers: 4
[494.248s][debug][gc,phases      ] GC(108)     Total                          Min: 0, Avg:  0.0, Max: 0, Diff: 0, Sum: 0, Workers: 4
[494.248s][debug][gc,phases      ] GC(108) Weak Processing 0.312ms
[494.248s][debug][gc,age         ] GC(108) Desired survivor size 72351744 bytes, new threshold 15 (max threshold 15)
[494.248s][info ][gc,heap        ] GC(108) PSYoungGen: 1942856K(2014208K)->7000K(2026496K) Eden: 1935872K(1935872K)->0K(1951744K) From: 6984K(78336K)->7000K(74752K)
[494.248s][info ][gc,heap        ] GC(108) ParOldGen: 291485K(351232K)->291549K(351232K)
[494.248s][info ][gc,metaspace   ] GC(108) Metaspace: 84714K(85568K)->84714K(85568K) NonClass: 72306K(72768K)->72306K(72768K) Class: 12407K(12800K)->12407K(12800K)
[494.248s][info ][gc             ] GC(108) Pause Young (Allocation Failure) 2181M->291M(2322M) 2.872ms
[494.248s][info ][gc,cpu         ] GC(108) User=0.01s Sys=0.00s Real=0.00s
[494.248s][info ][safepoint      ] Safepoint "ParallelGCFailedAllocation", Time since last: 2851993117 ns, Reaching safepoint: 6400 ns, Cleanup: 4200 ns, At safepoint: 2939893 ns, Total: 2950493 ns
[497.138s][info ][gc,start       ] GC(109) Pause Young (Allocation Failure)
[497.142s][debug][gc,phases      ] GC(109) Scavenge 3.342ms
[497.142s][debug][gc,ref         ] GC(109) Skipped phase 1 of Reference Processing: no references
[497.142s][debug][gc,ref         ] GC(109) ReferenceProcessor::execute queues: 1, RefProcThreadModel::Single, marks_oops_alive: false
[497.142s][debug][gc,ref         ] GC(109) Skipped phase 3 of Reference Processing: no references
[497.142s][debug][gc,ref         ] GC(109) ReferenceProcessor::execute queues: 1, RefProcThreadModel::Single, marks_oops_alive: false
[497.142s][debug][gc,phases      ] GC(109) Reference Processing 0.095ms
[497.142s][debug][gc,phases      ] GC(109)   VM Weak                        Min:  0.0, Avg:  0.0, Max:  0.0, Diff:  0.0, Sum:  0.0, Workers: 4
[497.142s][debug][gc,phases      ] GC(109)     Dead                           Min: 0, Avg:  0.0, Max: 0, Diff: 0, Sum: 0, Workers: 4
[497.142s][debug][gc,phases      ] GC(109)     Total                          Min: 0, Avg: 183.0, Max: 576, Diff: 576, Sum: 732, Workers: 4
[497.142s][debug][gc,phases      ] GC(109)   ObjectSynchronizer Weak        Min:  0.0, Avg:  0.0, Max:  0.0, Diff:  0.0, Sum:  0.0, Workers: 4
[497.142s][debug][gc,phases      ] GC(109)     Dead                           Min: 0, Avg:  0.0, Max: 0, Diff: 0, Sum: 0, Workers: 4
[497.142s][debug][gc,phases      ] GC(109)     Total                          Min: 0, Avg:  0.8, Max: 3, Diff: 3, Sum: 3, Workers: 4
[497.142s][debug][gc,phases      ] GC(109)   JVMTI Tag Weak OopStorage      Min:  0.0, Avg:  0.0, Max:  0.0, Diff:  0.0, Sum:  0.0, Workers: 4
[497.142s][debug][gc,phases      ] GC(109)     Dead                           Min: 0, Avg:  0.0, Max: 0, Diff: 0, Sum: 0, Workers: 4
[497.142s][debug][gc,phases      ] GC(109)     Total                          Min: 0, Avg:  0.0, Max: 0, Diff: 0, Sum: 0, Workers: 4
[497.142s][debug][gc,phases      ] GC(109)   StringTable Weak               Min:  0.0, Avg:  0.1, Max:  0.2, Diff:  0.2, Sum:  0.3, Workers: 4
[497.142s][debug][gc,phases      ] GC(109)     Dead                           Min: 0, Avg:  0.0, Max: 0, Diff: 0, Sum: 0, Workers: 4
[497.142s][debug][gc,phases      ] GC(109)     Total                          Min: 0, Avg: 10988.5, Max: 27442, Diff: 27442, Sum: 43954, Workers: 4
[497.142s][debug][gc,phases      ] GC(109)   ResolvedMethodTable Weak       Min:  0.0, Avg:  0.0, Max:  0.0, Diff:  0.0, Sum:  0.1, Workers: 4
[497.142s][debug][gc,phases      ] GC(109)     Dead                           Min: 0, Avg:  0.0, Max: 0, Diff: 0, Sum: 0, Workers: 4
[497.142s][debug][gc,phases      ] GC(109)     Total                          Min: 0, Avg: 2590.8, Max: 6527, Diff: 6527, Sum: 10363, Workers: 4
[497.142s][debug][gc,phases      ] GC(109)   JNI Weak                       Min:  0.0, Avg:  0.0, Max:  0.0, Diff:  0.0, Sum:  0.0, Workers: 4
[497.142s][debug][gc,phases      ] GC(109)     Dead                           Min: 0, Avg:  0.0, Max: 0, Diff: 0, Sum: 0, Workers: 4
[497.142s][debug][gc,phases      ] GC(109)     Total                          Min: 0, Avg: 11.2, Max: 45, Diff: 45, Sum: 45, Workers: 4
[497.142s][debug][gc,phases      ] GC(109)   StringDedup Table Weak         Min:  0.0, Avg:  0.0, Max:  0.0, Diff:  0.0, Sum:  0.0, Workers: 4
[497.142s][debug][gc,phases      ] GC(109)     Dead                           Min: 0, Avg:  0.0, Max: 0, Diff: 0, Sum: 0, Workers: 4
[497.142s][debug][gc,phases      ] GC(109)     Total                          Min: 0, Avg:  0.0, Max: 0, Diff: 0, Sum: 0, Workers: 4
[497.142s][debug][gc,phases      ] GC(109)   StringDedup Requests0 Weak     Min:  0.0, Avg:  0.0, Max:  0.0, Diff:  0.0, Sum:  0.0, Workers: 4
[497.142s][debug][gc,phases      ] GC(109)     Dead                           Min: 0, Avg:  0.0, Max: 0, Diff: 0, Sum: 0, Workers: 4
[497.142s][debug][gc,phases      ] GC(109)     Total                          Min: 0, Avg:  0.0, Max: 0, Diff: 0, Sum: 0, Workers: 4
[497.142s][debug][gc,phases      ] GC(109)   StringDedup Requests1 Weak     Min:  0.0, Avg:  0.0, Max:  0.0, Diff:  0.0, Sum:  0.0, Workers: 4
[497.142s][debug][gc,phases      ] GC(109)     Dead                           Min: 0, Avg:  0.0, Max: 0, Diff: 0, Sum: 0, Workers: 4
[497.142s][debug][gc,phases      ] GC(109)     Total                          Min: 0, Avg:  0.0, Max: 0, Diff: 0, Sum: 0, Workers: 4
[497.142s][debug][gc,phases      ] GC(109)   Weak JFR Old Object Samples    Min:  0.0, Avg:  0.0, Max:  0.0, Diff:  0.0, Sum:  0.0, Workers: 4
[497.142s][debug][gc,phases      ] GC(109)     Dead                           Min: 0, Avg:  0.0, Max: 0, Diff: 0, Sum: 0, Workers: 4
[497.142s][debug][gc,phases      ] GC(109)     Total                          Min: 0, Avg:  0.0, Max: 0, Diff: 0, Sum: 0, Workers: 4
[497.142s][debug][gc,phases      ] GC(109) Weak Processing 0.393ms
[497.142s][debug][gc,age         ] GC(109) Desired survivor size 68157440 bytes, new threshold 15 (max threshold 15)
[497.142s][info ][gc,heap        ] GC(109) PSYoungGen: 1958744K(2026496K)->6828K(2022400K) Eden: 1951744K(1951744K)->0K(1951744K) From: 7000K(74752K)->6828K(70656K)
[497.142s][info ][gc,heap        ] GC(109) ParOldGen: 291549K(351232K)->291685K(351232K)
[497.142s][info ][gc,metaspace   ] GC(109) Metaspace: 84714K(85568K)->84714K(85568K) NonClass: 72306K(72768K)->72306K(72768K) Class: 12407K(12800K)->12407K(12800K)
[497.142s][info ][gc             ] GC(109) Pause Young (Allocation Failure) 2197M->291M(2318M) 3.938ms
[497.142s][info ][gc,cpu         ] GC(109) User=0.01s Sys=0.00s Real=0.01s
[497.142s][info ][safepoint      ] Safepoint "ParallelGCFailedAllocation", Time since last: 2890027835 ns, Reaching safepoint: 5000 ns, Cleanup: 3700 ns, At safepoint: 4005091 ns, Total: 4013791 ns
[499.143s][info ][safepoint      ] Safepoint "Cleanup", Time since last: 2000173995 ns, Reaching safepoint: 76499 ns, Cleanup: 14900 ns, At safepoint: 5800 ns, Total: 97199 ns
[499.996s][info ][gc,start       ] GC(110) Pause Young (Allocation Failure)
[499.998s][debug][gc,phases      ] GC(110) Scavenge 2.347ms
[499.998s][debug][gc,ref         ] GC(110) Skipped phase 1 of Reference Processing: no references
[499.998s][debug][gc,ref         ] GC(110) ReferenceProcessor::execute queues: 1, RefProcThreadModel::Single, marks_oops_alive: false
[499.998s][debug][gc,ref         ] GC(110) Skipped phase 3 of Reference Processing: no references
[499.998s][debug][gc,ref         ] GC(110) ReferenceProcessor::execute queues: 1, RefProcThreadModel::Single, marks_oops_alive: false
[499.998s][debug][gc,phases      ] GC(110) Reference Processing 0.105ms
[499.998s][debug][gc,phases      ] GC(110)   VM Weak                        Min:  0.0, Avg:  0.0, Max:  0.0, Diff:  0.0, Sum:  0.0, Workers: 4
[499.998s][debug][gc,phases      ] GC(110)     Dead                           Min: 0, Avg:  0.0, Max: 0, Diff: 0, Sum: 0, Workers: 4
[499.998s][debug][gc,phases      ] GC(110)     Total                          Min: 0, Avg: 183.0, Max: 604, Diff: 604, Sum: 732, Workers: 4
[499.998s][debug][gc,phases      ] GC(110)   ObjectSynchronizer Weak        Min:  0.0, Avg:  0.0, Max:  0.0, Diff:  0.0, Sum:  0.0, Workers: 4
[499.998s][debug][gc,phases      ] GC(110)     Dead                           Min: 0, Avg:  0.0, Max: 0, Diff: 0, Sum: 0, Workers: 4
[499.998s][debug][gc,phases      ] GC(110)     Total                          Min: 0, Avg:  1.0, Max: 4, Diff: 4, Sum: 4, Workers: 4
[499.998s][debug][gc,phases      ] GC(110)   JVMTI Tag Weak OopStorage      Min:  0.0, Avg:  0.0, Max:  0.0, Diff:  0.0, Sum:  0.0, Workers: 4
[499.998s][debug][gc,phases      ] GC(110)     Dead                           Min: 0, Avg:  0.0, Max: 0, Diff: 0, Sum: 0, Workers: 4
[499.998s][debug][gc,phases      ] GC(110)     Total                          Min: 0, Avg:  0.0, Max: 0, Diff: 0, Sum: 0, Workers: 4
[499.998s][debug][gc,phases      ] GC(110)   StringTable Weak               Min:  0.0, Avg:  0.1, Max:  0.1, Diff:  0.1, Sum:  0.4, Workers: 4
[499.998s][debug][gc,phases      ] GC(110)     Dead                           Min: 0, Avg:  0.0, Max: 0, Diff: 0, Sum: 0, Workers: 4
[499.998s][debug][gc,phases      ] GC(110)     Total                          Min: 0, Avg: 10988.5, Max: 19634, Diff: 19634, Sum: 43954, Workers: 4
[499.998s][debug][gc,phases      ] GC(110)   ResolvedMethodTable Weak       Min:  0.0, Avg:  0.0, Max:  0.0, Diff:  0.0, Sum:  0.1, Workers: 4
[499.998s][debug][gc,phases      ] GC(110)     Dead                           Min: 0, Avg:  0.0, Max: 0, Diff: 0, Sum: 0, Workers: 4
[499.998s][debug][gc,phases      ] GC(110)     Total                          Min: 0, Avg: 2590.8, Max: 3964, Diff: 3964, Sum: 10363, Workers: 4
[499.998s][debug][gc,phases      ] GC(110)   JNI Weak                       Min:  0.0, Avg:  0.0, Max:  0.0, Diff:  0.0, Sum:  0.0, Workers: 4
[499.998s][debug][gc,phases      ] GC(110)     Dead                           Min: 0, Avg:  0.0, Max: 0, Diff: 0, Sum: 0, Workers: 4
[499.998s][debug][gc,phases      ] GC(110)     Total                          Min: 0, Avg: 11.2, Max: 45, Diff: 45, Sum: 45, Workers: 4
[499.998s][debug][gc,phases      ] GC(110)   StringDedup Table Weak         Min:  0.0, Avg:  0.0, Max:  0.0, Diff:  0.0, Sum:  0.0, Workers: 4
[499.998s][debug][gc,phases      ] GC(110)     Dead                           Min: 0, Avg:  0.0, Max: 0, Diff: 0, Sum: 0, Workers: 4
[499.998s][debug][gc,phases      ] GC(110)     Total                          Min: 0, Avg:  0.0, Max: 0, Diff: 0, Sum: 0, Workers: 4
[499.998s][debug][gc,phases      ] GC(110)   StringDedup Requests0 Weak     Min:  0.0, Avg:  0.0, Max:  0.0, Diff:  0.0, Sum:  0.0, Workers: 4
[499.998s][debug][gc,phases      ] GC(110)     Dead                           Min: 0, Avg:  0.0, Max: 0, Diff: 0, Sum: 0, Workers: 4
[499.998s][debug][gc,phases      ] GC(110)     Total                          Min: 0, Avg:  0.0, Max: 0, Diff: 0, Sum: 0, Workers: 4
[499.998s][debug][gc,phases      ] GC(110)   StringDedup Requests1 Weak     Min:  0.0, Avg:  0.0, Max:  0.0, Diff:  0.0, Sum:  0.0, Workers: 4
[499.998s][debug][gc,phases      ] GC(110)     Dead                           Min: 0, Avg:  0.0, Max: 0, Diff: 0, Sum: 0, Workers: 4
[499.998s][debug][gc,phases      ] GC(110)     Total                          Min: 0, Avg:  0.0, Max: 0, Diff: 0, Sum: 0, Workers: 4
[499.999s][debug][gc,phases      ] GC(110)   Weak JFR Old Object Samples    Min:  0.0, Avg:  0.0, Max:  0.0, Diff:  0.0, Sum:  0.0, Workers: 4
[499.999s][debug][gc,phases      ] GC(110)     Dead                           Min: 0, Avg:  0.0, Max: 0, Diff: 0, Sum: 0, Workers: 4
[499.999s][debug][gc,phases      ] GC(110)     Total                          Min: 0, Avg:  0.0, Max: 0, Diff: 0, Sum: 0, Workers: 4
[499.999s][debug][gc,phases      ] GC(110) Weak Processing 0.326ms
[499.999s][debug][gc,age         ] GC(110) Desired survivor size 64487424 bytes, new threshold 15 (max threshold 15)
[499.999s][info ][gc,heap        ] GC(110) PSYoungGen: 1958572K(2022400K)->6776K(2034176K) Eden: 1951744K(1951744K)->0K(1967616K) From: 6828K(70656K)->6776K(66560K)
[499.999s][info ][gc,heap        ] GC(110) ParOldGen: 291685K(351232K)->291709K(351232K)
[499.999s][info ][gc,metaspace   ] GC(110) Metaspace: 84715K(85568K)->84715K(85568K) NonClass: 72307K(72768K)->72307K(72768K) Class: 12407K(12800K)->12407K(12800K)
[499.999s][info ][gc             ] GC(110) Pause Young (Allocation Failure) 2197M->291M(2329M) 2.880ms
[499.999s][info ][gc,cpu         ] GC(110) User=0.00s Sys=0.01s Real=0.00s
[499.999s][info ][safepoint      ] Safepoint "ParallelGCFailedAllocation", Time since last: 853049722 ns, Reaching safepoint: 4200 ns, Cleanup: 3900 ns, At safepoint: 2944693 ns, Total: 2952793 ns
[502.894s][info ][gc,start       ] GC(111) Pause Young (Allocation Failure)
[502.897s][debug][gc,phases      ] GC(111) Scavenge 2.396ms
[502.897s][debug][gc,ref         ] GC(111) Skipped phase 1 of Reference Processing: no references
[502.897s][debug][gc,ref         ] GC(111) ReferenceProcessor::execute queues: 1, RefProcThreadModel::Single, marks_oops_alive: false
[502.897s][debug][gc,ref         ] GC(111) Skipped phase 3 of Reference Processing: no references
[502.897s][debug][gc,ref         ] GC(111) ReferenceProcessor::execute queues: 1, RefProcThreadModel::Single, marks_oops_alive: false
[502.897s][debug][gc,phases      ] GC(111) Reference Processing 0.093ms
[502.897s][debug][gc,phases      ] GC(111)   VM Weak                        Min:  0.0, Avg:  0.0, Max:  0.0, Diff:  0.0, Sum:  0.0, Workers: 4
[502.897s][debug][gc,phases      ] GC(111)     Dead                           Min: 0, Avg:  0.0, Max: 0, Diff: 0, Sum: 0, Workers: 4
[502.897s][debug][gc,phases      ] GC(111)     Total                          Min: 0, Avg: 183.0, Max: 732, Diff: 732, Sum: 732, Workers: 4
[502.897s][debug][gc,phases      ] GC(111)   ObjectSynchronizer Weak        Min:  0.0, Avg:  0.0, Max:  0.0, Diff:  0.0, Sum:  0.0, Workers: 4
[502.897s][debug][gc,phases      ] GC(111)     Dead                           Min: 0, Avg:  0.0, Max: 0, Diff: 0, Sum: 0, Workers: 4
[502.897s][debug][gc,phases      ] GC(111)     Total                          Min: 0, Avg:  1.0, Max: 4, Diff: 4, Sum: 4, Workers: 4
[502.897s][debug][gc,phases      ] GC(111)   JVMTI Tag Weak OopStorage      Min:  0.0, Avg:  0.0, Max:  0.0, Diff:  0.0, Sum:  0.0, Workers: 4
[502.897s][debug][gc,phases      ] GC(111)     Dead                           Min: 0, Avg:  0.0, Max: 0, Diff: 0, Sum: 0, Workers: 4
[502.897s][debug][gc,phases      ] GC(111)     Total                          Min: 0, Avg:  0.0, Max: 0, Diff: 0, Sum: 0, Workers: 4
[502.897s][debug][gc,phases      ] GC(111)   StringTable Weak               Min:  0.0, Avg:  0.1, Max:  0.1, Diff:  0.1, Sum:  0.4, Workers: 4
[502.897s][debug][gc,phases      ] GC(111)     Dead                           Min: 0, Avg:  0.0, Max: 0, Diff: 0, Sum: 0, Workers: 4
[502.897s][debug][gc,phases      ] GC(111)     Total                          Min: 0, Avg: 10988.5, Max: 19250, Diff: 19250, Sum: 43954, Workers: 4
[502.897s][debug][gc,phases      ] GC(111)   ResolvedMethodTable Weak       Min:  0.0, Avg:  0.0, Max:  0.0, Diff:  0.0, Sum:  0.1, Workers: 4
[502.897s][debug][gc,phases      ] GC(111)     Dead                           Min: 0, Avg:  0.0, Max: 0, Diff: 0, Sum: 0, Workers: 4
[502.897s][debug][gc,phases      ] GC(111)     Total                          Min: 0, Avg: 2590.8, Max: 4287, Diff: 4287, Sum: 10363, Workers: 4
[502.897s][debug][gc,phases      ] GC(111)   JNI Weak                       Min:  0.0, Avg:  0.0, Max:  0.0, Diff:  0.0, Sum:  0.0, Workers: 4
[502.897s][debug][gc,phases      ] GC(111)     Dead                           Min: 0, Avg:  0.0, Max: 0, Diff: 0, Sum: 0, Workers: 4
[502.897s][debug][gc,phases      ] GC(111)     Total                          Min: 0, Avg: 11.2, Max: 45, Diff: 45, Sum: 45, Workers: 4
[502.897s][debug][gc,phases      ] GC(111)   StringDedup Table Weak         Min:  0.0, Avg:  0.0, Max:  0.0, Diff:  0.0, Sum:  0.0, Workers: 4
[502.897s][debug][gc,phases      ] GC(111)     Dead                           Min: 0, Avg:  0.0, Max: 0, Diff: 0, Sum: 0, Workers: 4
[502.897s][debug][gc,phases      ] GC(111)     Total                          Min: 0, Avg:  0.0, Max: 0, Diff: 0, Sum: 0, Workers: 4
[502.897s][debug][gc,phases      ] GC(111)   StringDedup Requests0 Weak     Min:  0.0, Avg:  0.0, Max:  0.0, Diff:  0.0, Sum:  0.0, Workers: 4
[502.897s][debug][gc,phases      ] GC(111)     Dead                           Min: 0, Avg:  0.0, Max: 0, Diff: 0, Sum: 0, Workers: 4
[502.897s][debug][gc,phases      ] GC(111)     Total                          Min: 0, Avg:  0.0, Max: 0, Diff: 0, Sum: 0, Workers: 4
[502.897s][debug][gc,phases      ] GC(111)   StringDedup Requests1 Weak     Min:  0.0, Avg:  0.0, Max:  0.0, Diff:  0.0, Sum:  0.0, Workers: 4
[502.897s][debug][gc,phases      ] GC(111)     Dead                           Min: 0, Avg:  0.0, Max: 0, Diff: 0, Sum: 0, Workers: 4
[502.897s][debug][gc,phases      ] GC(111)     Total                          Min: 0, Avg:  0.0, Max: 0, Diff: 0, Sum: 0, Workers: 4
[502.897s][debug][gc,phases      ] GC(111)   Weak JFR Old Object Samples    Min:  0.0, Avg:  0.0, Max:  0.0, Diff:  0.0, Sum:  0.0, Workers: 4
[502.897s][debug][gc,phases      ] GC(111)     Dead                           Min: 0, Avg:  0.0, Max: 0, Diff: 0, Sum: 0, Workers: 4
[502.897s][debug][gc,phases      ] GC(111)     Total                          Min: 0, Avg:  0.0, Max: 0, Diff: 0, Sum: 0, Workers: 4
[502.897s][debug][gc,phases      ] GC(111) Weak Processing 0.328ms
[502.897s][debug][gc,age         ] GC(111) Desired survivor size 60817408 bytes, new threshold 15 (max threshold 15)
[502.897s][info ][gc,heap        ] GC(111) PSYoungGen: 1974392K(2034176K)->6920K(2030592K) Eden: 1967616K(1967616K)->0K(1967616K) From: 6776K(66560K)->6920K(62976K)
[502.897s][info ][gc,heap        ] GC(111) ParOldGen: 291709K(351232K)->291733K(351232K)
[502.897s][info ][gc,metaspace   ] GC(111) Metaspace: 84715K(85568K)->84715K(85568K) NonClass: 72307K(72768K)->72307K(72768K) Class: 12407K(12800K)->12407K(12800K)
[502.897s][info ][gc             ] GC(111) Pause Young (Allocation Failure) 2212M->291M(2326M) 2.924ms
[502.897s][info ][gc,cpu         ] GC(111) User=0.01s Sys=0.00s Real=0.00s
[502.897s][info ][safepoint      ] Safepoint "ParallelGCFailedAllocation", Time since last: 2895705432 ns, Reaching safepoint: 5199 ns, Cleanup: 4000 ns, At safepoint: 2989794 ns, Total: 2998993 ns
[505.792s][info ][gc,start       ] GC(112) Pause Young (Allocation Failure)
[505.797s][debug][gc,phases      ] GC(112) Scavenge 4.644ms
[505.797s][debug][gc,ref         ] GC(112) Skipped phase 1 of Reference Processing: no references
[505.797s][debug][gc,ref         ] GC(112) ReferenceProcessor::execute queues: 1, RefProcThreadModel::Single, marks_oops_alive: false
[505.797s][debug][gc,ref         ] GC(112) Skipped phase 3 of Reference Processing: no references
[505.797s][debug][gc,ref         ] GC(112) ReferenceProcessor::execute queues: 1, RefProcThreadModel::Single, marks_oops_alive: false
[505.797s][debug][gc,phases      ] GC(112) Reference Processing 0.091ms
[505.797s][debug][gc,phases      ] GC(112)   VM Weak                        Min:  0.0, Avg:  0.0, Max:  0.0, Diff:  0.0, Sum:  0.0, Workers: 4
[505.797s][debug][gc,phases      ] GC(112)     Dead                           Min: 0, Avg:  0.0, Max: 0, Diff: 0, Sum: 0, Workers: 4
[505.797s][debug][gc,phases      ] GC(112)     Total                          Min: 0, Avg: 183.0, Max: 476, Diff: 476, Sum: 732, Workers: 4
[505.797s][debug][gc,phases      ] GC(112)   ObjectSynchronizer Weak        Min:  0.0, Avg:  0.0, Max:  0.0, Diff:  0.0, Sum:  0.0, Workers: 4
[505.797s][debug][gc,phases      ] GC(112)     Dead                           Min: 0, Avg:  0.0, Max: 0, Diff: 0, Sum: 0, Workers: 4
[505.797s][debug][gc,phases      ] GC(112)     Total                          Min: 0, Avg:  1.0, Max: 4, Diff: 4, Sum: 4, Workers: 4
[505.797s][debug][gc,phases      ] GC(112)   JVMTI Tag Weak OopStorage      Min:  0.0, Avg:  0.0, Max:  0.0, Diff:  0.0, Sum:  0.0, Workers: 4
[505.797s][debug][gc,phases      ] GC(112)     Dead                           Min: 0, Avg:  0.0, Max: 0, Diff: 0, Sum: 0, Workers: 4
[505.797s][debug][gc,phases      ] GC(112)     Total                          Min: 0, Avg:  0.0, Max: 0, Diff: 0, Sum: 0, Workers: 4
[505.797s][debug][gc,phases      ] GC(112)   StringTable Weak               Min:  0.1, Avg:  0.1, Max:  0.1, Diff:  0.0, Sum:  0.5, Workers: 4
[505.797s][debug][gc,phases      ] GC(112)     Dead                           Min: 0, Avg:  0.0, Max: 0, Diff: 0, Sum: 0, Workers: 4
[505.797s][debug][gc,phases      ] GC(112)     Total                          Min: 10304, Avg: 10988.5, Max: 11328, Diff: 1024, Sum: 43954, Workers: 4
[505.797s][debug][gc,phases      ] GC(112)   ResolvedMethodTable Weak       Min:  0.0, Avg:  0.0, Max:  0.0, Diff:  0.0, Sum:  0.1, Workers: 4
[505.797s][debug][gc,phases      ] GC(112)     Dead                           Min: 0, Avg:  0.0, Max: 0, Diff: 0, Sum: 0, Workers: 4
[505.797s][debug][gc,phases      ] GC(112)     Total                          Min: 2495, Avg: 2590.8, Max: 2687, Diff: 192, Sum: 10363, Workers: 4
[505.797s][debug][gc,phases      ] GC(112)   JNI Weak                       Min:  0.0, Avg:  0.0, Max:  0.0, Diff:  0.0, Sum:  0.0, Workers: 4
[505.797s][debug][gc,phases      ] GC(112)     Dead                           Min: 0, Avg:  0.0, Max: 0, Diff: 0, Sum: 0, Workers: 4
[505.797s][debug][gc,phases      ] GC(112)     Total                          Min: 0, Avg: 11.2, Max: 45, Diff: 45, Sum: 45, Workers: 4
[505.797s][debug][gc,phases      ] GC(112)   StringDedup Table Weak         Min:  0.0, Avg:  0.0, Max:  0.0, Diff:  0.0, Sum:  0.0, Workers: 4
[505.797s][debug][gc,phases      ] GC(112)     Dead                           Min: 0, Avg:  0.0, Max: 0, Diff: 0, Sum: 0, Workers: 4
[505.797s][debug][gc,phases      ] GC(112)     Total                          Min: 0, Avg:  0.0, Max: 0, Diff: 0, Sum: 0, Workers: 4
[505.797s][debug][gc,phases      ] GC(112)   StringDedup Requests0 Weak     Min:  0.0, Avg:  0.0, Max:  0.0, Diff:  0.0, Sum:  0.0, Workers: 4
[505.797s][debug][gc,phases      ] GC(112)     Dead                           Min: 0, Avg:  0.0, Max: 0, Diff: 0, Sum: 0, Workers: 4
[505.797s][debug][gc,phases      ] GC(112)     Total                          Min: 0, Avg:  0.0, Max: 0, Diff: 0, Sum: 0, Workers: 4
[505.797s][debug][gc,phases      ] GC(112)   StringDedup Requests1 Weak     Min:  0.0, Avg:  0.0, Max:  0.0, Diff:  0.0, Sum:  0.0, Workers: 4
[505.797s][debug][gc,phases      ] GC(112)     Dead                           Min: 0, Avg:  0.0, Max: 0, Diff: 0, Sum: 0, Workers: 4
[505.797s][debug][gc,phases      ] GC(112)     Total                          Min: 0, Avg:  0.0, Max: 0, Diff: 0, Sum: 0, Workers: 4
[505.797s][debug][gc,phases      ] GC(112)   Weak JFR Old Object Samples    Min:  0.0, Avg:  0.0, Max:  0.0, Diff:  0.0, Sum:  0.0, Workers: 4
[505.797s][debug][gc,phases      ] GC(112)     Dead                           Min: 0, Avg:  0.0, Max: 0, Diff: 0, Sum: 0, Workers: 4
[505.797s][debug][gc,phases      ] GC(112)     Total                          Min: 0, Avg:  0.0, Max: 0, Diff: 0, Sum: 0, Workers: 4
[505.797s][debug][gc,phases      ] GC(112) Weak Processing 0.307ms
[505.797s][debug][gc,age         ] GC(112) Desired survivor size 57671680 bytes, new threshold 15 (max threshold 15)
[505.797s][info ][gc,heap        ] GC(112) PSYoungGen: 1974536K(2030592K)->6920K(2040832K) Eden: 1967616K(1967616K)->0K(1981440K) From: 6920K(62976K)->6920K(59392K)
[505.797s][info ][gc,heap        ] GC(112) ParOldGen: 291733K(351232K)->291741K(351232K)
[505.797s][info ][gc,metaspace   ] GC(112) Metaspace: 84717K(85568K)->84717K(85568K) NonClass: 72309K(72768K)->72309K(72768K) Class: 12407K(12800K)->12407K(12800K)
[505.797s][info ][gc             ] GC(112) Pause Young (Allocation Failure) 2213M->291M(2336M) 5.156ms
[505.797s][info ][gc,cpu         ] GC(112) User=0.01s Sys=0.00s Real=0.00s
[505.797s][info ][safepoint      ] Safepoint "ParallelGCFailedAllocation", Time since last: 2894819063 ns, Reaching safepoint: 6600 ns, Cleanup: 3700 ns, At safepoint: 5228188 ns, Total: 5238488 ns
[507.798s][info ][safepoint      ] Safepoint "Cleanup", Time since last: 2000143422 ns, Reaching safepoint: 72599 ns, Cleanup: 8300 ns, At safepoint: 5600 ns, Total: 86499 ns
[508.695s][info ][gc,start       ] GC(113) Pause Young (Allocation Failure)
[508.698s][debug][gc,phases      ] GC(113) Scavenge 2.313ms
[508.698s][debug][gc,ref         ] GC(113) Skipped phase 1 of Reference Processing: no references
[508.698s][debug][gc,ref         ] GC(113) ReferenceProcessor::execute queues: 1, RefProcThreadModel::Single, marks_oops_alive: false
[508.698s][debug][gc,ref         ] GC(113) Skipped phase 3 of Reference Processing: no references
[508.698s][debug][gc,ref         ] GC(113) ReferenceProcessor::execute queues: 1, RefProcThreadModel::Single, marks_oops_alive: false
[508.698s][debug][gc,phases      ] GC(113) Reference Processing 0.095ms
[508.698s][debug][gc,phases      ] GC(113)   VM Weak                        Min:  0.0, Avg:  0.0, Max:  0.0, Diff:  0.0, Sum:  0.0, Workers: 4
[508.698s][debug][gc,phases      ] GC(113)     Dead                           Min: 0, Avg:  0.0, Max: 0, Diff: 0, Sum: 0, Workers: 4
[508.698s][debug][gc,phases      ] GC(113)     Total                          Min: 0, Avg: 183.0, Max: 640, Diff: 640, Sum: 732, Workers: 4
[508.698s][debug][gc,phases      ] GC(113)   ObjectSynchronizer Weak        Min:  0.0, Avg:  0.0, Max:  0.0, Diff:  0.0, Sum:  0.0, Workers: 4
[508.698s][debug][gc,phases      ] GC(113)     Dead                           Min: 0, Avg:  0.0, Max: 0, Diff: 0, Sum: 0, Workers: 4
[508.698s][debug][gc,phases      ] GC(113)     Total                          Min: 0, Avg:  1.0, Max: 4, Diff: 4, Sum: 4, Workers: 4
[508.698s][debug][gc,phases      ] GC(113)   JVMTI Tag Weak OopStorage      Min:  0.0, Avg:  0.0, Max:  0.0, Diff:  0.0, Sum:  0.0, Workers: 4
[508.698s][debug][gc,phases      ] GC(113)     Dead                           Min: 0, Avg:  0.0, Max: 0, Diff: 0, Sum: 0, Workers: 4
[508.698s][debug][gc,phases      ] GC(113)     Total                          Min: 0, Avg:  0.0, Max: 0, Diff: 0, Sum: 0, Workers: 4
[508.698s][debug][gc,phases      ] GC(113)   StringTable Weak               Min:  0.0, Avg:  0.1, Max:  0.1, Diff:  0.1, Sum:  0.4, Workers: 4
[508.698s][debug][gc,phases      ] GC(113)     Dead                           Min: 0, Avg:  0.0, Max: 0, Diff: 0, Sum: 0, Workers: 4
[508.698s][debug][gc,phases      ] GC(113)     Total                          Min: 0, Avg: 10988.5, Max: 19634, Diff: 19634, Sum: 43954, Workers: 4
[508.698s][debug][gc,phases      ] GC(113)   ResolvedMethodTable Weak       Min:  0.0, Avg:  0.0, Max:  0.0, Diff:  0.0, Sum:  0.1, Workers: 4
[508.698s][debug][gc,phases      ] GC(113)     Dead                           Min: 0, Avg:  0.0, Max: 0, Diff: 0, Sum: 0, Workers: 4
[508.698s][debug][gc,phases      ] GC(113)     Total                          Min: 0, Avg: 2590.8, Max: 3645, Diff: 3645, Sum: 10363, Workers: 4
[508.698s][debug][gc,phases      ] GC(113)   JNI Weak                       Min:  0.0, Avg:  0.0, Max:  0.0, Diff:  0.0, Sum:  0.0, Workers: 4
[508.698s][debug][gc,phases      ] GC(113)     Dead                           Min: 0, Avg:  0.0, Max: 0, Diff: 0, Sum: 0, Workers: 4
[508.698s][debug][gc,phases      ] GC(113)     Total                          Min: 0, Avg: 11.2, Max: 45, Diff: 45, Sum: 45, Workers: 4
[508.698s][debug][gc,phases      ] GC(113)   StringDedup Table Weak         Min:  0.0, Avg:  0.0, Max:  0.0, Diff:  0.0, Sum:  0.0, Workers: 4
[508.698s][debug][gc,phases      ] GC(113)     Dead                           Min: 0, Avg:  0.0, Max: 0, Diff: 0, Sum: 0, Workers: 4
[508.698s][debug][gc,phases      ] GC(113)     Total                          Min: 0, Avg:  0.0, Max: 0, Diff: 0, Sum: 0, Workers: 4
[508.698s][debug][gc,phases      ] GC(113)   StringDedup Requests0 Weak     Min:  0.0, Avg:  0.0, Max:  0.0, Diff:  0.0, Sum:  0.0, Workers: 4
[508.698s][debug][gc,phases      ] GC(113)     Dead                           Min: 0, Avg:  0.0, Max: 0, Diff: 0, Sum: 0, Workers: 4
[508.698s][debug][gc,phases      ] GC(113)     Total                          Min: 0, Avg:  0.0, Max: 0, Diff: 0, Sum: 0, Workers: 4
[508.698s][debug][gc,phases      ] GC(113)   StringDedup Requests1 Weak     Min:  0.0, Avg:  0.0, Max:  0.0, Diff:  0.0, Sum:  0.0, Workers: 4
[508.698s][debug][gc,phases      ] GC(113)     Dead                           Min: 0, Avg:  0.0, Max: 0, Diff: 0, Sum: 0, Workers: 4
[508.698s][debug][gc,phases      ] GC(113)     Total                          Min: 0, Avg:  0.0, Max: 0, Diff: 0, Sum: 0, Workers: 4
[508.698s][debug][gc,phases      ] GC(113)   Weak JFR Old Object Samples    Min:  0.0, Avg:  0.0, Max:  0.0, Diff:  0.0, Sum:  0.0, Workers: 4
[508.698s][debug][gc,phases      ] GC(113)     Dead                           Min: 0, Avg:  0.0, Max: 0, Diff: 0, Sum: 0, Workers: 4
[508.698s][debug][gc,phases      ] GC(113)     Total                          Min: 0, Avg:  0.0, Max: 0, Diff: 0, Sum: 0, Workers: 4
[508.698s][debug][gc,phases      ] GC(113) Weak Processing 0.341ms
[508.698s][debug][gc,age         ] GC(113) Desired survivor size 54001664 bytes, new threshold 15 (max threshold 15)
[508.698s][info ][gc,heap        ] GC(113) PSYoungGen: 1988360K(2040832K)->6584K(2037760K) Eden: 1981440K(1981440K)->0K(1981440K) From: 6920K(59392K)->6584K(56320K)
[508.698s][info ][gc,heap        ] GC(113) ParOldGen: 291741K(351232K)->292169K(351232K)
[508.698s][info ][gc,metaspace   ] GC(113) Metaspace: 84717K(85568K)->84717K(85568K) NonClass: 72309K(72768K)->72309K(72768K) Class: 12407K(12800K)->12407K(12800K)
[508.698s][info ][gc             ] GC(113) Pause Young (Allocation Failure) 2226M->291M(2333M) 2.857ms
[508.698s][info ][gc,cpu         ] GC(113) User=0.01s Sys=0.00s Real=0.00s
[508.698s][info ][safepoint      ] Safepoint "ParallelGCFailedAllocation", Time since last: 897832135 ns, Reaching safepoint: 4700 ns, Cleanup: 3800 ns, At safepoint: 2920894 ns, Total: 2929394 ns
[510.699s][info ][safepoint      ] Safepoint "Cleanup", Time since last: 2000142317 ns, Reaching safepoint: 4700 ns, Cleanup: 8700 ns, At safepoint: 21600 ns, Total: 35000 ns
[511.631s][info ][gc,start       ] GC(114) Pause Young (Allocation Failure)
[511.633s][debug][gc,phases      ] GC(114) Scavenge 2.366ms
[511.633s][debug][gc,ref         ] GC(114) Skipped phase 1 of Reference Processing: no references
[511.633s][debug][gc,ref         ] GC(114) ReferenceProcessor::execute queues: 1, RefProcThreadModel::Single, marks_oops_alive: false
[511.633s][debug][gc,ref         ] GC(114) Skipped phase 3 of Reference Processing: no references
[511.633s][debug][gc,ref         ] GC(114) ReferenceProcessor::execute queues: 1, RefProcThreadModel::Single, marks_oops_alive: false
[511.633s][debug][gc,phases      ] GC(114) Reference Processing 0.092ms
[511.633s][debug][gc,phases      ] GC(114)   VM Weak                        Min:  0.0, Avg:  0.0, Max:  0.0, Diff:  0.0, Sum:  0.0, Workers: 4
[511.633s][debug][gc,phases      ] GC(114)     Dead                           Min: 0, Avg:  0.0, Max: 0, Diff: 0, Sum: 0, Workers: 4
[511.633s][debug][gc,phases      ] GC(114)     Total                          Min: 0, Avg: 183.0, Max: 540, Diff: 540, Sum: 732, Workers: 4
[511.633s][debug][gc,phases      ] GC(114)   ObjectSynchronizer Weak        Min:  0.0, Avg:  0.0, Max:  0.0, Diff:  0.0, Sum:  0.0, Workers: 4
[511.633s][debug][gc,phases      ] GC(114)     Dead                           Min: 0, Avg:  0.0, Max: 0, Diff: 0, Sum: 0, Workers: 4
[511.633s][debug][gc,phases      ] GC(114)     Total                          Min: 0, Avg:  1.0, Max: 4, Diff: 4, Sum: 4, Workers: 4
[511.633s][debug][gc,phases      ] GC(114)   JVMTI Tag Weak OopStorage      Min:  0.0, Avg:  0.0, Max:  0.0, Diff:  0.0, Sum:  0.0, Workers: 4
[511.633s][debug][gc,phases      ] GC(114)     Dead                           Min: 0, Avg:  0.0, Max: 0, Diff: 0, Sum: 0, Workers: 4
[511.633s][debug][gc,phases      ] GC(114)     Total                          Min: 0, Avg:  0.0, Max: 0, Diff: 0, Sum: 0, Workers: 4
[511.633s][debug][gc,phases      ] GC(114)   StringTable Weak               Min:  0.1, Avg:  0.1, Max:  0.1, Diff:  0.0, Sum:  0.5, Workers: 4
[511.633s][debug][gc,phases      ] GC(114)     Dead                           Min: 0, Avg:  0.0, Max: 0, Diff: 0, Sum: 0, Workers: 4
[511.633s][debug][gc,phases      ] GC(114)     Total                          Min: 8178, Avg: 10988.5, Max: 12224, Diff: 4046, Sum: 43954, Workers: 4
[511.633s][debug][gc,phases      ] GC(114)   ResolvedMethodTable Weak       Min:  0.0, Avg:  0.0, Max:  0.0, Diff:  0.0, Sum:  0.1, Workers: 4
[511.633s][debug][gc,phases      ] GC(114)     Dead                           Min: 0, Avg:  0.0, Max: 0, Diff: 0, Sum: 0, Workers: 4
[511.633s][debug][gc,phases      ] GC(114)     Total                          Min: 2495, Avg: 2590.8, Max: 2624, Diff: 129, Sum: 10363, Workers: 4
[511.633s][debug][gc,phases      ] GC(114)   JNI Weak                       Min:  0.0, Avg:  0.0, Max:  0.0, Diff:  0.0, Sum:  0.0, Workers: 4
[511.633s][debug][gc,phases      ] GC(114)     Dead                           Min: 0, Avg:  0.0, Max: 0, Diff: 0, Sum: 0, Workers: 4
[511.633s][debug][gc,phases      ] GC(114)     Total                          Min: 0, Avg: 11.2, Max: 45, Diff: 45, Sum: 45, Workers: 4
[511.633s][debug][gc,phases      ] GC(114)   StringDedup Table Weak         Min:  0.0, Avg:  0.0, Max:  0.0, Diff:  0.0, Sum:  0.0, Workers: 4
[511.633s][debug][gc,phases      ] GC(114)     Dead                           Min: 0, Avg:  0.0, Max: 0, Diff: 0, Sum: 0, Workers: 4
[511.633s][debug][gc,phases      ] GC(114)     Total                          Min: 0, Avg:  0.0, Max: 0, Diff: 0, Sum: 0, Workers: 4
[511.633s][debug][gc,phases      ] GC(114)   StringDedup Requests0 Weak     Min:  0.0, Avg:  0.0, Max:  0.0, Diff:  0.0, Sum:  0.0, Workers: 4
[511.633s][debug][gc,phases      ] GC(114)     Dead                           Min: 0, Avg:  0.0, Max: 0, Diff: 0, Sum: 0, Workers: 4
[511.633s][debug][gc,phases      ] GC(114)     Total                          Min: 0, Avg:  0.0, Max: 0, Diff: 0, Sum: 0, Workers: 4
[511.633s][debug][gc,phases      ] GC(114)   StringDedup Requests1 Weak     Min:  0.0, Avg:  0.0, Max:  0.0, Diff:  0.0, Sum:  0.0, Workers: 4
[511.633s][debug][gc,phases      ] GC(114)     Dead                           Min: 0, Avg:  0.0, Max: 0, Diff: 0, Sum: 0, Workers: 4
[511.633s][debug][gc,phases      ] GC(114)     Total                          Min: 0, Avg:  0.0, Max: 0, Diff: 0, Sum: 0, Workers: 4
[511.633s][debug][gc,phases      ] GC(114)   Weak JFR Old Object Samples    Min:  0.0, Avg:  0.0, Max:  0.0, Diff:  0.0, Sum:  0.0, Workers: 4
[511.633s][debug][gc,phases      ] GC(114)     Dead                           Min: 0, Avg:  0.0, Max: 0, Diff: 0, Sum: 0, Workers: 4
[511.633s][debug][gc,phases      ] GC(114)     Total                          Min: 0, Avg:  0.0, Max: 0, Diff: 0, Sum: 0, Workers: 4
[511.633s][debug][gc,phases      ] GC(114) Weak Processing 0.323ms
[511.633s][debug][gc,age         ] GC(114) Desired survivor size 51380224 bytes, new threshold 15 (max threshold 15)
[511.634s][info ][gc,heap        ] GC(114) PSYoungGen: 1988024K(2037760K)->5912K(2046976K) Eden: 1981440K(1981440K)->0K(1994240K) From: 6584K(56320K)->5912K(52736K)
[511.634s][info ][gc,heap        ] GC(114) ParOldGen: 292169K(351232K)->292833K(351232K)
[511.634s][info ][gc,metaspace   ] GC(114) Metaspace: 84717K(85568K)->84717K(85568K) NonClass: 72309K(72768K)->72309K(72768K) Class: 12407K(12800K)->12407K(12800K)
[511.634s][info ][gc             ] GC(114) Pause Young (Allocation Failure) 2226M->291M(2342M) 2.880ms
[511.634s][info ][gc,cpu         ] GC(114) User=0.01s Sys=0.00s Real=0.01s
[511.634s][info ][safepoint      ] Safepoint "ParallelGCFailedAllocation", Time since last: 932075051 ns, Reaching safepoint: 4700 ns, Cleanup: 3600 ns, At safepoint: 2954694 ns, Total: 2962994 ns
[514.543s][info ][gc,start       ] GC(115) Pause Young (Allocation Failure)
[514.545s][debug][gc,phases      ] GC(115) Scavenge 1.926ms
[514.545s][debug][gc,ref         ] GC(115) Skipped phase 1 of Reference Processing: no references
[514.545s][debug][gc,ref         ] GC(115) ReferenceProcessor::execute queues: 1, RefProcThreadModel::Single, marks_oops_alive: false
[514.545s][debug][gc,ref         ] GC(115) Skipped phase 3 of Reference Processing: no references
[514.545s][debug][gc,ref         ] GC(115) ReferenceProcessor::execute queues: 1, RefProcThreadModel::Single, marks_oops_alive: false
[514.545s][debug][gc,phases      ] GC(115) Reference Processing 0.091ms
[514.545s][debug][gc,phases      ] GC(115)   VM Weak                        Min:  0.0, Avg:  0.0, Max:  0.0, Diff:  0.0, Sum:  0.0, Workers: 4
[514.545s][debug][gc,phases      ] GC(115)     Dead                           Min: 0, Avg:  0.0, Max: 0, Diff: 0, Sum: 0, Workers: 4
[514.545s][debug][gc,phases      ] GC(115)     Total                          Min: 0, Avg: 183.0, Max: 384, Diff: 384, Sum: 732, Workers: 4
[514.545s][debug][gc,phases      ] GC(115)   ObjectSynchronizer Weak        Min:  0.0, Avg:  0.0, Max:  0.0, Diff:  0.0, Sum:  0.0, Workers: 4
[514.545s][debug][gc,phases      ] GC(115)     Dead                           Min: 0, Avg:  0.0, Max: 0, Diff: 0, Sum: 0, Workers: 4
[514.545s][debug][gc,phases      ] GC(115)     Total                          Min: 0, Avg:  1.0, Max: 4, Diff: 4, Sum: 4, Workers: 4
[514.545s][debug][gc,phases      ] GC(115)   JVMTI Tag Weak OopStorage      Min:  0.0, Avg:  0.0, Max:  0.0, Diff:  0.0, Sum:  0.0, Workers: 4
[514.545s][debug][gc,phases      ] GC(115)     Dead                           Min: 0, Avg:  0.0, Max: 0, Diff: 0, Sum: 0, Workers: 4
[514.545s][debug][gc,phases      ] GC(115)     Total                          Min: 0, Avg:  0.0, Max: 0, Diff: 0, Sum: 0, Workers: 4
[514.545s][debug][gc,phases      ] GC(115)   StringTable Weak               Min:  0.0, Avg:  0.1, Max:  0.1, Diff:  0.1, Sum:  0.4, Workers: 4
[514.545s][debug][gc,phases      ] GC(115)     Dead                           Min: 0, Avg:  0.0, Max: 0, Diff: 0, Sum: 0, Workers: 4
[514.545s][debug][gc,phases      ] GC(115)     Total                          Min: 0, Avg: 10988.5, Max: 18930, Diff: 18930, Sum: 43954, Workers: 4
[514.545s][debug][gc,phases      ] GC(115)   ResolvedMethodTable Weak       Min:  0.0, Avg:  0.0, Max:  0.0, Diff:  0.0, Sum:  0.1, Workers: 4
[514.545s][debug][gc,phases      ] GC(115)     Dead                           Min: 0, Avg:  0.0, Max: 0, Diff: 0, Sum: 0, Workers: 4
[514.545s][debug][gc,phases      ] GC(115)     Total                          Min: 0, Avg: 2590.8, Max: 4604, Diff: 4604, Sum: 10363, Workers: 4
[514.545s][debug][gc,phases      ] GC(115)   JNI Weak                       Min:  0.0, Avg:  0.0, Max:  0.0, Diff:  0.0, Sum:  0.0, Workers: 4
[514.545s][debug][gc,phases      ] GC(115)     Dead                           Min: 0, Avg:  0.0, Max: 0, Diff: 0, Sum: 0, Workers: 4
[514.545s][debug][gc,phases      ] GC(115)     Total                          Min: 0, Avg: 11.2, Max: 45, Diff: 45, Sum: 45, Workers: 4
[514.545s][debug][gc,phases      ] GC(115)   StringDedup Table Weak         Min:  0.0, Avg:  0.0, Max:  0.0, Diff:  0.0, Sum:  0.0, Workers: 4
[514.545s][debug][gc,phases      ] GC(115)     Dead                           Min: 0, Avg:  0.0, Max: 0, Diff: 0, Sum: 0, Workers: 4
[514.545s][debug][gc,phases      ] GC(115)     Total                          Min: 0, Avg:  0.0, Max: 0, Diff: 0, Sum: 0, Workers: 4
[514.545s][debug][gc,phases      ] GC(115)   StringDedup Requests0 Weak     Min:  0.0, Avg:  0.0, Max:  0.0, Diff:  0.0, Sum:  0.0, Workers: 4
[514.545s][debug][gc,phases      ] GC(115)     Dead                           Min: 0, Avg:  0.0, Max: 0, Diff: 0, Sum: 0, Workers: 4
[514.545s][debug][gc,phases      ] GC(115)     Total                          Min: 0, Avg:  0.0, Max: 0, Diff: 0, Sum: 0, Workers: 4
[514.545s][debug][gc,phases      ] GC(115)   StringDedup Requests1 Weak     Min:  0.0, Avg:  0.0, Max:  0.0, Diff:  0.0, Sum:  0.0, Workers: 4
[514.545s][debug][gc,phases      ] GC(115)     Dead                           Min: 0, Avg:  0.0, Max: 0, Diff: 0, Sum: 0, Workers: 4
[514.545s][debug][gc,phases      ] GC(115)     Total                          Min: 0, Avg:  0.0, Max: 0, Diff: 0, Sum: 0, Workers: 4
[514.545s][debug][gc,phases      ] GC(115)   Weak JFR Old Object Samples    Min:  0.0, Avg:  0.0, Max:  0.0, Diff:  0.0, Sum:  0.0, Workers: 4
[514.545s][debug][gc,phases      ] GC(115)     Dead                           Min: 0, Avg:  0.0, Max: 0, Diff: 0, Sum: 0, Workers: 4
[514.545s][debug][gc,phases      ] GC(115)     Total                          Min: 0, Avg:  0.0, Max: 0, Diff: 0, Sum: 0, Workers: 4
[514.545s][debug][gc,phases      ] GC(115) Weak Processing 0.339ms
[514.545s][debug][gc,age         ] GC(115) Desired survivor size 48234496 bytes, new threshold 15 (max threshold 15)
[514.545s][info ][gc,heap        ] GC(115) PSYoungGen: 2000152K(2046976K)->5880K(2044416K) Eden: 1994240K(1994240K)->0K(1994240K) From: 5912K(52736K)->5880K(50176K)
[514.545s][info ][gc,heap        ] GC(115) ParOldGen: 292833K(351232K)->292833K(351232K)
[514.545s][info ][gc,metaspace   ] GC(115) Metaspace: 84717K(85568K)->84717K(85568K) NonClass: 72309K(72768K)->72309K(72768K) Class: 12407K(12800K)->12407K(12800K)
[514.545s][info ][gc             ] GC(115) Pause Young (Allocation Failure) 2239M->291M(2339M) 2.462ms
[514.545s][info ][gc,cpu         ] GC(115) User=0.01s Sys=0.00s Real=0.00s
[514.545s][info ][safepoint      ] Safepoint "ParallelGCFailedAllocation", Time since last: 2909094207 ns, Reaching safepoint: 4800 ns, Cleanup: 3800 ns, At safepoint: 2528094 ns, Total: 2536694 ns
[517.447s][info ][gc,start       ] GC(116) Pause Young (Allocation Failure)
[517.450s][debug][gc,phases      ] GC(116) Scavenge 2.506ms
[517.450s][debug][gc,ref         ] GC(116) Skipped phase 1 of Reference Processing: no references
[517.450s][debug][gc,ref         ] GC(116) Skipped phase 2 of Reference Processing: no references
[517.450s][debug][gc,ref         ] GC(116) Skipped phase 3 of Reference Processing: no references
[517.450s][debug][gc,ref         ] GC(116) Skipped phase 4 of Reference Processing: no references
[517.450s][debug][gc,phases      ] GC(116) Reference Processing 0.042ms
[517.450s][debug][gc,phases      ] GC(116)   VM Weak                        Min:  0.0, Avg:  0.0, Max:  0.0, Diff:  0.0, Sum:  0.0, Workers: 4
[517.450s][debug][gc,phases      ] GC(116)     Dead                           Min: 0, Avg:  0.0, Max: 0, Diff: 0, Sum: 0, Workers: 4
[517.450s][debug][gc,phases      ] GC(116)     Total                          Min: 0, Avg: 183.0, Max: 732, Diff: 732, Sum: 732, Workers: 4
[517.450s][debug][gc,phases      ] GC(116)   ObjectSynchronizer Weak        Min:  0.0, Avg:  0.0, Max:  0.0, Diff:  0.0, Sum:  0.0, Workers: 4
[517.450s][debug][gc,phases      ] GC(116)     Dead                           Min: 0, Avg:  0.0, Max: 0, Diff: 0, Sum: 0, Workers: 4
[517.450s][debug][gc,phases      ] GC(116)     Total                          Min: 0, Avg:  1.2, Max: 5, Diff: 5, Sum: 5, Workers: 4
[517.450s][debug][gc,phases      ] GC(116)   JVMTI Tag Weak OopStorage      Min:  0.0, Avg:  0.0, Max:  0.0, Diff:  0.0, Sum:  0.0, Workers: 4
[517.450s][debug][gc,phases      ] GC(116)     Dead                           Min: 0, Avg:  0.0, Max: 0, Diff: 0, Sum: 0, Workers: 4
[517.450s][debug][gc,phases      ] GC(116)     Total                          Min: 0, Avg:  0.0, Max: 0, Diff: 0, Sum: 0, Workers: 4
[517.450s][debug][gc,phases      ] GC(116)   StringTable Weak               Min:  0.0, Avg:  0.1, Max:  0.1, Diff:  0.1, Sum:  0.4, Workers: 4
[517.450s][debug][gc,phases      ] GC(116)     Dead                           Min: 0, Avg:  0.0, Max: 0, Diff: 0, Sum: 0, Workers: 4
[517.450s][debug][gc,phases      ] GC(116)     Total                          Min: 0, Avg: 10988.5, Max: 17728, Diff: 17728, Sum: 43954, Workers: 4
[517.450s][debug][gc,phases      ] GC(116)   ResolvedMethodTable Weak       Min:  0.0, Avg:  0.0, Max:  0.0, Diff:  0.0, Sum:  0.1, Workers: 4
[517.450s][debug][gc,phases      ] GC(116)     Dead                           Min: 0, Avg:  0.0, Max: 0, Diff: 0, Sum: 0, Workers: 4
[517.450s][debug][gc,phases      ] GC(116)     Total                          Min: 0, Avg: 2590.8, Max: 4475, Diff: 4475, Sum: 10363, Workers: 4
[517.450s][debug][gc,phases      ] GC(116)   JNI Weak                       Min:  0.0, Avg:  0.0, Max:  0.0, Diff:  0.0, Sum:  0.0, Workers: 4
[517.450s][debug][gc,phases      ] GC(116)     Dead                           Min: 0, Avg:  0.0, Max: 0, Diff: 0, Sum: 0, Workers: 4
[517.450s][debug][gc,phases      ] GC(116)     Total                          Min: 0, Avg: 11.2, Max: 45, Diff: 45, Sum: 45, Workers: 4
[517.450s][debug][gc,phases      ] GC(116)   StringDedup Table Weak         Min:  0.0, Avg:  0.0, Max:  0.0, Diff:  0.0, Sum:  0.0, Workers: 4
[517.450s][debug][gc,phases      ] GC(116)     Dead                           Min: 0, Avg:  0.0, Max: 0, Diff: 0, Sum: 0, Workers: 4
[517.450s][debug][gc,phases      ] GC(116)     Total                          Min: 0, Avg:  0.0, Max: 0, Diff: 0, Sum: 0, Workers: 4
[517.450s][debug][gc,phases      ] GC(116)   StringDedup Requests0 Weak     Min:  0.0, Avg:  0.0, Max:  0.0, Diff:  0.0, Sum:  0.0, Workers: 4
[517.450s][debug][gc,phases      ] GC(116)     Dead                           Min: 0, Avg:  0.0, Max: 0, Diff: 0, Sum: 0, Workers: 4
[517.450s][debug][gc,phases      ] GC(116)     Total                          Min: 0, Avg:  0.0, Max: 0, Diff: 0, Sum: 0, Workers: 4
[517.450s][debug][gc,phases      ] GC(116)   StringDedup Requests1 Weak     Min:  0.0, Avg:  0.0, Max:  0.0, Diff:  0.0, Sum:  0.0, Workers: 4
[517.450s][debug][gc,phases      ] GC(116)     Dead                           Min: 0, Avg:  0.0, Max: 0, Diff: 0, Sum: 0, Workers: 4
[517.450s][debug][gc,phases      ] GC(116)     Total                          Min: 0, Avg:  0.0, Max: 0, Diff: 0, Sum: 0, Workers: 4
[517.450s][debug][gc,phases      ] GC(116)   Weak JFR Old Object Samples    Min:  0.0, Avg:  0.0, Max:  0.0, Diff:  0.0, Sum:  0.0, Workers: 4
[517.450s][debug][gc,phases      ] GC(116)     Dead                           Min: 0, Avg:  0.0, Max: 0, Diff: 0, Sum: 0, Workers: 4
[517.450s][debug][gc,phases      ] GC(116)     Total                          Min: 0, Avg:  0.0, Max: 0, Diff: 0, Sum: 0, Workers: 4
[517.450s][debug][gc,phases      ] GC(116) Weak Processing 0.351ms
[517.450s][debug][gc,age         ] GC(116) Desired survivor size 46661632 bytes, new threshold 15 (max threshold 15)
[517.450s][info ][gc,heap        ] GC(116) PSYoungGen: 2000120K(2044416K)->480K(2051584K) Eden: 1994240K(1994240K)->0K(2004480K) From: 5880K(50176K)->480K(47104K)
[517.450s][info ][gc,heap        ] GC(116) ParOldGen: 292833K(351232K)->298185K(351232K)
[517.450s][info ][gc,metaspace   ] GC(116) Metaspace: 84717K(85568K)->84717K(85568K) NonClass: 72309K(72768K)->72309K(72768K) Class: 12407K(12800K)->12407K(12800K)
[517.450s][info ][gc             ] GC(116) Pause Young (Allocation Failure) 2239M->291M(2346M) 3.004ms
[517.450s][info ][gc,cpu         ] GC(116) User=0.01s Sys=0.00s Real=0.00s
[517.450s][info ][safepoint      ] Safepoint "ParallelGCFailedAllocation", Time since last: 2902119522 ns, Reaching safepoint: 75700 ns, Cleanup: 3800 ns, At safepoint: 3073293 ns, Total: 3152793 ns
[520.390s][info ][gc,start       ] GC(117) Pause Young (Allocation Failure)
[520.393s][debug][gc,phases      ] GC(117) Scavenge 2.714ms
[520.393s][debug][gc,ref         ] GC(117) Skipped phase 1 of Reference Processing: no references
[520.393s][debug][gc,ref         ] GC(117) Skipped phase 2 of Reference Processing: no references
[520.393s][debug][gc,ref         ] GC(117) Skipped phase 3 of Reference Processing: no references
[520.393s][debug][gc,ref         ] GC(117) Skipped phase 4 of Reference Processing: no references
[520.393s][debug][gc,phases      ] GC(117) Reference Processing 0.034ms
[520.393s][debug][gc,phases      ] GC(117)   VM Weak                        Min:  0.0, Avg:  0.0, Max:  0.0, Diff:  0.0, Sum:  0.0, Workers: 4
[520.393s][debug][gc,phases      ] GC(117)     Dead                           Min: 0, Avg:  0.0, Max: 0, Diff: 0, Sum: 0, Workers: 4
[520.393s][debug][gc,phases      ] GC(117)     Total                          Min: 0, Avg: 183.0, Max: 732, Diff: 732, Sum: 732, Workers: 4
[520.394s][debug][gc,phases      ] GC(117)   ObjectSynchronizer Weak        Min:  0.0, Avg:  0.0, Max:  0.0, Diff:  0.0, Sum:  0.0, Workers: 4
[520.394s][debug][gc,phases      ] GC(117)     Dead                           Min: 0, Avg:  0.0, Max: 0, Diff: 0, Sum: 0, Workers: 4
[520.394s][debug][gc,phases      ] GC(117)     Total                          Min: 0, Avg:  1.2, Max: 5, Diff: 5, Sum: 5, Workers: 4
[520.394s][debug][gc,phases      ] GC(117)   JVMTI Tag Weak OopStorage      Min:  0.0, Avg:  0.0, Max:  0.0, Diff:  0.0, Sum:  0.0, Workers: 4
[520.394s][debug][gc,phases      ] GC(117)     Dead                           Min: 0, Avg:  0.0, Max: 0, Diff: 0, Sum: 0, Workers: 4
[520.394s][debug][gc,phases      ] GC(117)     Total                          Min: 0, Avg:  0.0, Max: 0, Diff: 0, Sum: 0, Workers: 4
[520.394s][debug][gc,phases      ] GC(117)   StringTable Weak               Min:  0.0, Avg:  0.1, Max:  0.1, Diff:  0.1, Sum:  0.4, Workers: 4
[520.394s][debug][gc,phases      ] GC(117)     Dead                           Min: 0, Avg:  0.0, Max: 0, Diff: 0, Sum: 0, Workers: 4
[520.394s][debug][gc,phases      ] GC(117)     Total                          Min: 0, Avg: 10988.5, Max: 18752, Diff: 18752, Sum: 43954, Workers: 4
[520.394s][debug][gc,phases      ] GC(117)   ResolvedMethodTable Weak       Min:  0.0, Avg:  0.0, Max:  0.0, Diff:  0.0, Sum:  0.1, Workers: 4
[520.394s][debug][gc,phases      ] GC(117)     Dead                           Min: 0, Avg:  0.0, Max: 0, Diff: 0, Sum: 0, Workers: 4
[520.394s][debug][gc,phases      ] GC(117)     Total                          Min: 0, Avg: 2590.8, Max: 4604, Diff: 4604, Sum: 10363, Workers: 4
[520.394s][debug][gc,phases      ] GC(117)   JNI Weak                       Min:  0.0, Avg:  0.0, Max:  0.0, Diff:  0.0, Sum:  0.0, Workers: 4
[520.394s][debug][gc,phases      ] GC(117)     Dead                           Min: 0, Avg:  0.0, Max: 0, Diff: 0, Sum: 0, Workers: 4
[520.394s][debug][gc,phases      ] GC(117)     Total                          Min: 0, Avg: 11.2, Max: 45, Diff: 45, Sum: 45, Workers: 4
[520.394s][debug][gc,phases      ] GC(117)   StringDedup Table Weak         Min:  0.0, Avg:  0.0, Max:  0.0, Diff:  0.0, Sum:  0.0, Workers: 4
[520.394s][debug][gc,phases      ] GC(117)     Dead                           Min: 0, Avg:  0.0, Max: 0, Diff: 0, Sum: 0, Workers: 4
[520.394s][debug][gc,phases      ] GC(117)     Total                          Min: 0, Avg:  0.0, Max: 0, Diff: 0, Sum: 0, Workers: 4
[520.394s][debug][gc,phases      ] GC(117)   StringDedup Requests0 Weak     Min:  0.0, Avg:  0.0, Max:  0.0, Diff:  0.0, Sum:  0.0, Workers: 4
[520.394s][debug][gc,phases      ] GC(117)     Dead                           Min: 0, Avg:  0.0, Max: 0, Diff: 0, Sum: 0, Workers: 4
[520.394s][debug][gc,phases      ] GC(117)     Total                          Min: 0, Avg:  0.0, Max: 0, Diff: 0, Sum: 0, Workers: 4
[520.394s][debug][gc,phases      ] GC(117)   StringDedup Requests1 Weak     Min:  0.0, Avg:  0.0, Max:  0.0, Diff:  0.0, Sum:  0.0, Workers: 4
[520.394s][debug][gc,phases      ] GC(117)     Dead                           Min: 0, Avg:  0.0, Max: 0, Diff: 0, Sum: 0, Workers: 4
[520.394s][debug][gc,phases      ] GC(117)     Total                          Min: 0, Avg:  0.0, Max: 0, Diff: 0, Sum: 0, Workers: 4
[520.394s][debug][gc,phases      ] GC(117)   Weak JFR Old Object Samples    Min:  0.0, Avg:  0.0, Max:  0.0, Diff:  0.0, Sum:  0.0, Workers: 4
[520.394s][debug][gc,phases      ] GC(117)     Dead                           Min: 0, Avg:  0.0, Max: 0, Diff: 0, Sum: 0, Workers: 4
[520.394s][debug][gc,phases      ] GC(117)     Total                          Min: 0, Avg:  0.0, Max: 0, Diff: 0, Sum: 0, Workers: 4
[520.394s][debug][gc,phases      ] GC(117) Weak Processing 0.325ms
[520.394s][debug][gc,age         ] GC(117) Desired survivor size 44564480 bytes, new threshold 15 (max threshold 15)
[520.394s][info ][gc,heap        ] GC(117) PSYoungGen: 2004960K(2051584K)->512K(2050048K) Eden: 2004480K(2004480K)->0K(2004480K) From: 480K(47104K)->512K(45568K)
[520.394s][info ][gc,heap        ] GC(117) ParOldGen: 298185K(351232K)->298217K(351232K)
[520.394s][info ][gc,metaspace   ] GC(117) Metaspace: 84717K(85568K)->84717K(85568K) NonClass: 72309K(72768K)->72309K(72768K) Class: 12407K(12800K)->12407K(12800K)
[520.394s][info ][gc             ] GC(117) Pause Young (Allocation Failure) 2249M->291M(2345M) 3.172ms
[520.394s][info ][gc,cpu         ] GC(117) User=0.00s Sys=0.00s Real=0.01s
[520.394s][info ][safepoint      ] Safepoint "ParallelGCFailedAllocation", Time since last: 2939883510 ns, Reaching safepoint: 79000 ns, Cleanup: 4400 ns, At safepoint: 3243593 ns, Total: 3326993 ns
[523.341s][info ][gc,start       ] GC(118) Pause Young (Allocation Failure)
[523.343s][debug][gc,phases      ] GC(118) Scavenge 2.478ms
[523.343s][debug][gc,ref         ] GC(118) Skipped phase 1 of Reference Processing: no references
[523.343s][debug][gc,ref         ] GC(118) Skipped phase 2 of Reference Processing: no references
[523.343s][debug][gc,ref         ] GC(118) Skipped phase 3 of Reference Processing: no references
[523.343s][debug][gc,ref         ] GC(118) Skipped phase 4 of Reference Processing: no references
[523.343s][debug][gc,phases      ] GC(118) Reference Processing 0.020ms
[523.343s][debug][gc,phases      ] GC(118)   VM Weak                        Min:  0.0, Avg:  0.0, Max:  0.0, Diff:  0.0, Sum:  0.0, Workers: 4
[523.343s][debug][gc,phases      ] GC(118)     Dead                           Min: 0, Avg:  0.0, Max: 0, Diff: 0, Sum: 0, Workers: 4
[523.343s][debug][gc,phases      ] GC(118)     Total                          Min: 0, Avg: 183.0, Max: 448, Diff: 448, Sum: 732, Workers: 4
[523.343s][debug][gc,phases      ] GC(118)   ObjectSynchronizer Weak        Min:  0.0, Avg:  0.0, Max:  0.0, Diff:  0.0, Sum:  0.0, Workers: 4
[523.343s][debug][gc,phases      ] GC(118)     Dead                           Min: 0, Avg:  0.0, Max: 0, Diff: 0, Sum: 0, Workers: 4
[523.343s][debug][gc,phases      ] GC(118)     Total                          Min: 0, Avg:  1.2, Max: 5, Diff: 5, Sum: 5, Workers: 4
[523.343s][debug][gc,phases      ] GC(118)   JVMTI Tag Weak OopStorage      Min:  0.0, Avg:  0.0, Max:  0.0, Diff:  0.0, Sum:  0.0, Workers: 4
[523.343s][debug][gc,phases      ] GC(118)     Dead                           Min: 0, Avg:  0.0, Max: 0, Diff: 0, Sum: 0, Workers: 4
[523.343s][debug][gc,phases      ] GC(118)     Total                          Min: 0, Avg:  0.0, Max: 0, Diff: 0, Sum: 0, Workers: 4
[523.343s][debug][gc,phases      ] GC(118)   StringTable Weak               Min:  0.0, Avg:  0.1, Max:  0.2, Diff:  0.2, Sum:  0.3, Workers: 4
[523.343s][debug][gc,phases      ] GC(118)     Dead                           Min: 0, Avg:  0.0, Max: 0, Diff: 0, Sum: 0, Workers: 4
[523.343s][debug][gc,phases      ] GC(118)     Total                          Min: 0, Avg: 10988.5, Max: 27506, Diff: 27506, Sum: 43954, Workers: 4
[523.343s][debug][gc,phases      ] GC(118)   ResolvedMethodTable Weak       Min:  0.0, Avg:  0.0, Max:  0.0, Diff:  0.0, Sum:  0.1, Workers: 4
[523.343s][debug][gc,phases      ] GC(118)     Dead                           Min: 0, Avg:  0.0, Max: 0, Diff: 0, Sum: 0, Workers: 4
[523.343s][debug][gc,phases      ] GC(118)     Total                          Min: 0, Avg: 2590.8, Max: 6333, Diff: 6333, Sum: 10363, Workers: 4
[523.344s][debug][gc,phases      ] GC(118)   JNI Weak                       Min:  0.0, Avg:  0.0, Max:  0.0, Diff:  0.0, Sum:  0.0, Workers: 4
[523.344s][debug][gc,phases      ] GC(118)     Dead                           Min: 0, Avg:  0.0, Max: 0, Diff: 0, Sum: 0, Workers: 4
[523.344s][debug][gc,phases      ] GC(118)     Total                          Min: 0, Avg: 11.2, Max: 45, Diff: 45, Sum: 45, Workers: 4
[523.344s][debug][gc,phases      ] GC(118)   StringDedup Table Weak         Min:  0.0, Avg:  0.0, Max:  0.0, Diff:  0.0, Sum:  0.0, Workers: 4
[523.344s][debug][gc,phases      ] GC(118)     Dead                           Min: 0, Avg:  0.0, Max: 0, Diff: 0, Sum: 0, Workers: 4
[523.344s][debug][gc,phases      ] GC(118)     Total                          Min: 0, Avg:  0.0, Max: 0, Diff: 0, Sum: 0, Workers: 4
[523.344s][debug][gc,phases      ] GC(118)   StringDedup Requests0 Weak     Min:  0.0, Avg:  0.0, Max:  0.0, Diff:  0.0, Sum:  0.0, Workers: 4
[523.344s][debug][gc,phases      ] GC(118)     Dead                           Min: 0, Avg:  0.0, Max: 0, Diff: 0, Sum: 0, Workers: 4
[523.344s][debug][gc,phases      ] GC(118)     Total                          Min: 0, Avg:  0.0, Max: 0, Diff: 0, Sum: 0, Workers: 4
[523.344s][debug][gc,phases      ] GC(118)   StringDedup Requests1 Weak     Min:  0.0, Avg:  0.0, Max:  0.0, Diff:  0.0, Sum:  0.0, Workers: 4
[523.344s][debug][gc,phases      ] GC(118)     Dead                           Min: 0, Avg:  0.0, Max: 0, Diff: 0, Sum: 0, Workers: 4
[523.344s][debug][gc,phases      ] GC(118)     Total                          Min: 0, Avg:  0.0, Max: 0, Diff: 0, Sum: 0, Workers: 4
[523.344s][debug][gc,phases      ] GC(118)   Weak JFR Old Object Samples    Min:  0.0, Avg:  0.0, Max:  0.0, Diff:  0.0, Sum:  0.0, Workers: 4
[523.344s][debug][gc,phases      ] GC(118)     Dead                           Min: 0, Avg:  0.0, Max: 0, Diff: 0, Sum: 0, Workers: 4
[523.344s][debug][gc,phases      ] GC(118)     Total                          Min: 0, Avg:  0.0, Max: 0, Diff: 0, Sum: 0, Workers: 4
[523.344s][debug][gc,phases      ] GC(118) Weak Processing 0.394ms
[523.344s][debug][gc,age         ] GC(118) Desired survivor size 42467328 bytes, new threshold 15 (max threshold 15)
[523.344s][info ][gc,heap        ] GC(118) PSYoungGen: 2004992K(2050048K)->512K(2055680K) Eden: 2004480K(2004480K)->0K(2012160K) From: 512K(45568K)->512K(43520K)
[523.344s][info ][gc,heap        ] GC(118) ParOldGen: 298217K(351232K)->298233K(351232K)
[523.344s][info ][gc,metaspace   ] GC(118) Metaspace: 84717K(85568K)->84717K(85568K) NonClass: 72309K(72768K)->72309K(72768K) Class: 12407K(12800K)->12407K(12800K)
[523.344s][info ][gc             ] GC(118) Pause Young (Allocation Failure) 2249M->291M(2350M) 2.986ms
[523.344s][info ][gc,cpu         ] GC(118) User=0.00s Sys=0.01s Real=0.00s
[523.344s][info ][safepoint      ] Safepoint "ParallelGCFailedAllocation", Time since last: 2946889219 ns, Reaching safepoint: 4900 ns, Cleanup: 9600 ns, At safepoint: 3057694 ns, Total: 3072194 ns
[524.344s][info ][safepoint      ] Safepoint "Cleanup", Time since last: 1000092934 ns, Reaching safepoint: 75200 ns, Cleanup: 11700 ns, At safepoint: 5300 ns, Total: 92200 ns
[526.293s][info ][gc,start       ] GC(119) Pause Young (Allocation Failure)
[526.296s][debug][gc,phases      ] GC(119) Scavenge 2.645ms
[526.296s][debug][gc,ref         ] GC(119) Skipped phase 1 of Reference Processing: no references
[526.296s][debug][gc,ref         ] GC(119) Skipped phase 2 of Reference Processing: no references
[526.296s][debug][gc,ref         ] GC(119) Skipped phase 3 of Reference Processing: no references
[526.296s][debug][gc,ref         ] GC(119) Skipped phase 4 of Reference Processing: no references
[526.296s][debug][gc,phases      ] GC(119) Reference Processing 0.021ms
[526.296s][debug][gc,phases      ] GC(119)   VM Weak                        Min:  0.0, Avg:  0.0, Max:  0.0, Diff:  0.0, Sum:  0.0, Workers: 4
[526.296s][debug][gc,phases      ] GC(119)     Dead                           Min: 0, Avg:  0.0, Max: 0, Diff: 0, Sum: 0, Workers: 4
[526.296s][debug][gc,phases      ] GC(119)     Total                          Min: 0, Avg: 183.0, Max: 732, Diff: 732, Sum: 732, Workers: 4
[526.296s][debug][gc,phases      ] GC(119)   ObjectSynchronizer Weak        Min:  0.0, Avg:  0.0, Max:  0.0, Diff:  0.0, Sum:  0.0, Workers: 4
[526.296s][debug][gc,phases      ] GC(119)     Dead                           Min: 0, Avg:  0.0, Max: 0, Diff: 0, Sum: 0, Workers: 4
[526.296s][debug][gc,phases      ] GC(119)     Total                          Min: 0, Avg:  1.2, Max: 5, Diff: 5, Sum: 5, Workers: 4
[526.296s][debug][gc,phases      ] GC(119)   JVMTI Tag Weak OopStorage      Min:  0.0, Avg:  0.0, Max:  0.0, Diff:  0.0, Sum:  0.0, Workers: 4
[526.296s][debug][gc,phases      ] GC(119)     Dead                           Min: 0, Avg:  0.0, Max: 0, Diff: 0, Sum: 0, Workers: 4
[526.296s][debug][gc,phases      ] GC(119)     Total                          Min: 0, Avg:  0.0, Max: 0, Diff: 0, Sum: 0, Workers: 4
[526.296s][debug][gc,phases      ] GC(119)   StringTable Weak               Min:  0.0, Avg:  0.1, Max:  0.1, Diff:  0.1, Sum:  0.4, Workers: 4
[526.296s][debug][gc,phases      ] GC(119)     Dead                           Min: 0, Avg:  0.0, Max: 0, Diff: 0, Sum: 0, Workers: 4
[526.296s][debug][gc,phases      ] GC(119)     Total                          Min: 0, Avg: 10988.5, Max: 19634, Diff: 19634, Sum: 43954, Workers: 4
[526.296s][debug][gc,phases      ] GC(119)   ResolvedMethodTable Weak       Min:  0.0, Avg:  0.0, Max:  0.0, Diff:  0.0, Sum:  0.1, Workers: 4
[526.296s][debug][gc,phases      ] GC(119)     Dead                           Min: 0, Avg:  0.0, Max: 0, Diff: 0, Sum: 0, Workers: 4
[526.296s][debug][gc,phases      ] GC(119)     Total                          Min: 0, Avg: 2590.8, Max: 4540, Diff: 4540, Sum: 10363, Workers: 4
[526.296s][debug][gc,phases      ] GC(119)   JNI Weak                       Min:  0.0, Avg:  0.0, Max:  0.0, Diff:  0.0, Sum:  0.0, Workers: 4
[526.296s][debug][gc,phases      ] GC(119)     Dead                           Min: 0, Avg:  0.0, Max: 0, Diff: 0, Sum: 0, Workers: 4
[526.296s][debug][gc,phases      ] GC(119)     Total                          Min: 0, Avg: 11.2, Max: 45, Diff: 45, Sum: 45, Workers: 4
[526.296s][debug][gc,phases      ] GC(119)   StringDedup Table Weak         Min:  0.0, Avg:  0.0, Max:  0.0, Diff:  0.0, Sum:  0.0, Workers: 4
[526.296s][debug][gc,phases      ] GC(119)     Dead                           Min: 0, Avg:  0.0, Max: 0, Diff: 0, Sum: 0, Workers: 4
[526.296s][debug][gc,phases      ] GC(119)     Total                          Min: 0, Avg:  0.0, Max: 0, Diff: 0, Sum: 0, Workers: 4
[526.296s][debug][gc,phases      ] GC(119)   StringDedup Requests0 Weak     Min:  0.0, Avg:  0.0, Max:  0.0, Diff:  0.0, Sum:  0.0, Workers: 4
[526.296s][debug][gc,phases      ] GC(119)     Dead                           Min: 0, Avg:  0.0, Max: 0, Diff: 0, Sum: 0, Workers: 4
[526.296s][debug][gc,phases      ] GC(119)     Total                          Min: 0, Avg:  0.0, Max: 0, Diff: 0, Sum: 0, Workers: 4
[526.296s][debug][gc,phases      ] GC(119)   StringDedup Requests1 Weak     Min:  0.0, Avg:  0.0, Max:  0.0, Diff:  0.0, Sum:  0.0, Workers: 4
[526.296s][debug][gc,phases      ] GC(119)     Dead                           Min: 0, Avg:  0.0, Max: 0, Diff: 0, Sum: 0, Workers: 4
[526.296s][debug][gc,phases      ] GC(119)     Total                          Min: 0, Avg:  0.0, Max: 0, Diff: 0, Sum: 0, Workers: 4
[526.296s][debug][gc,phases      ] GC(119)   Weak JFR Old Object Samples    Min:  0.0, Avg:  0.0, Max:  0.0, Diff:  0.0, Sum:  0.0, Workers: 4
[526.296s][debug][gc,phases      ] GC(119)     Dead                           Min: 0, Avg:  0.0, Max: 0, Diff: 0, Sum: 0, Workers: 4
[526.296s][debug][gc,phases      ] GC(119)     Total                          Min: 0, Avg:  0.0, Max: 0, Diff: 0, Sum: 0, Workers: 4
[526.296s][debug][gc,phases      ] GC(119) Weak Processing 0.332ms
[526.296s][debug][gc,age         ] GC(119) Desired survivor size 40370176 bytes, new threshold 15 (max threshold 15)
[526.296s][info ][gc,heap        ] GC(119) PSYoungGen: 2012672K(2055680K)->576K(2053632K) Eden: 2012160K(2012160K)->0K(2012160K) From: 512K(43520K)->576K(41472K)
[526.296s][info ][gc,heap        ] GC(119) ParOldGen: 298233K(351232K)->298233K(351232K)
[526.296s][info ][gc,metaspace   ] GC(119) Metaspace: 84717K(85568K)->84717K(85568K) NonClass: 72309K(72768K)->72309K(72768K) Class: 12407K(12800K)->12407K(12800K)
[526.296s][info ][gc             ] GC(119) Pause Young (Allocation Failure) 2256M->291M(2348M) 3.100ms
[526.296s][info ][gc,cpu         ] GC(119) User=0.01s Sys=0.00s Real=0.00s
[526.296s][info ][safepoint      ] Safepoint "ParallelGCFailedAllocation", Time since last: 1949320284 ns, Reaching safepoint: 14400 ns, Cleanup: 4200 ns, At safepoint: 3165093 ns, Total: 3183693 ns
[528.297s][info ][safepoint      ] Safepoint "Cleanup", Time since last: 2000142989 ns, Reaching safepoint: 72200 ns, Cleanup: 15500 ns, At safepoint: 5400 ns, Total: 93100 ns
[529.245s][info ][gc,start       ] GC(120) Pause Young (Allocation Failure)
[529.248s][debug][gc,phases      ] GC(120) Scavenge 2.588ms
[529.248s][debug][gc,ref         ] GC(120) Skipped phase 1 of Reference Processing: no references
[529.248s][debug][gc,ref         ] GC(120) Skipped phase 2 of Reference Processing: no references
[529.248s][debug][gc,ref         ] GC(120) Skipped phase 3 of Reference Processing: no references
[529.248s][debug][gc,ref         ] GC(120) Skipped phase 4 of Reference Processing: no references
[529.248s][debug][gc,phases      ] GC(120) Reference Processing 0.021ms
[529.248s][debug][gc,phases      ] GC(120)   VM Weak                        Min:  0.0, Avg:  0.0, Max:  0.0, Diff:  0.0, Sum:  0.0, Workers: 4
[529.248s][debug][gc,phases      ] GC(120)     Dead                           Min: 0, Avg:  0.0, Max: 0, Diff: 0, Sum: 0, Workers: 4
[529.248s][debug][gc,phases      ] GC(120)     Total                          Min: 0, Avg: 183.0, Max: 448, Diff: 448, Sum: 732, Workers: 4
[529.248s][debug][gc,phases      ] GC(120)   ObjectSynchronizer Weak        Min:  0.0, Avg:  0.0, Max:  0.0, Diff:  0.0, Sum:  0.0, Workers: 4
[529.248s][debug][gc,phases      ] GC(120)     Dead                           Min: 0, Avg:  0.0, Max: 0, Diff: 0, Sum: 0, Workers: 4
[529.248s][debug][gc,phases      ] GC(120)     Total                          Min: 0, Avg:  1.2, Max: 5, Diff: 5, Sum: 5, Workers: 4
[529.248s][debug][gc,phases      ] GC(120)   JVMTI Tag Weak OopStorage      Min:  0.0, Avg:  0.0, Max:  0.0, Diff:  0.0, Sum:  0.0, Workers: 4
[529.248s][debug][gc,phases      ] GC(120)     Dead                           Min: 0, Avg:  0.0, Max: 0, Diff: 0, Sum: 0, Workers: 4
[529.248s][debug][gc,phases      ] GC(120)     Total                          Min: 0, Avg:  0.0, Max: 0, Diff: 0, Sum: 0, Workers: 4
[529.248s][debug][gc,phases      ] GC(120)   StringTable Weak               Min:  0.0, Avg:  0.1, Max:  0.1, Diff:  0.1, Sum:  0.4, Workers: 4
[529.248s][debug][gc,phases      ] GC(120)     Dead                           Min: 0, Avg:  0.0, Max: 0, Diff: 0, Sum: 0, Workers: 4
[529.248s][debug][gc,phases      ] GC(120)     Total                          Min: 0, Avg: 10988.5, Max: 19520, Diff: 19520, Sum: 43954, Workers: 4
[529.248s][debug][gc,phases      ] GC(120)   ResolvedMethodTable Weak       Min:  0.0, Avg:  0.0, Max:  0.0, Diff:  0.0, Sum:  0.1, Workers: 4
[529.248s][debug][gc,phases      ] GC(120)     Dead                           Min: 0, Avg:  0.0, Max: 0, Diff: 0, Sum: 0, Workers: 4
[529.248s][debug][gc,phases      ] GC(120)     Total                          Min: 0, Avg: 2590.8, Max: 4539, Diff: 4539, Sum: 10363, Workers: 4
[529.248s][debug][gc,phases      ] GC(120)   JNI Weak                       Min:  0.0, Avg:  0.0, Max:  0.0, Diff:  0.0, Sum:  0.0, Workers: 4
[529.248s][debug][gc,phases      ] GC(120)     Dead                           Min: 0, Avg:  0.0, Max: 0, Diff: 0, Sum: 0, Workers: 4
[529.248s][debug][gc,phases      ] GC(120)     Total                          Min: 0, Avg: 11.2, Max: 45, Diff: 45, Sum: 45, Workers: 4
[529.248s][debug][gc,phases      ] GC(120)   StringDedup Table Weak         Min:  0.0, Avg:  0.0, Max:  0.0, Diff:  0.0, Sum:  0.0, Workers: 4
[529.248s][debug][gc,phases      ] GC(120)     Dead                           Min: 0, Avg:  0.0, Max: 0, Diff: 0, Sum: 0, Workers: 4
[529.248s][debug][gc,phases      ] GC(120)     Total                          Min: 0, Avg:  0.0, Max: 0, Diff: 0, Sum: 0, Workers: 4
[529.248s][debug][gc,phases      ] GC(120)   StringDedup Requests0 Weak     Min:  0.0, Avg:  0.0, Max:  0.0, Diff:  0.0, Sum:  0.0, Workers: 4
[529.248s][debug][gc,phases      ] GC(120)     Dead                           Min: 0, Avg:  0.0, Max: 0, Diff: 0, Sum: 0, Workers: 4
[529.248s][debug][gc,phases      ] GC(120)     Total                          Min: 0, Avg:  0.0, Max: 0, Diff: 0, Sum: 0, Workers: 4
[529.248s][debug][gc,phases      ] GC(120)   StringDedup Requests1 Weak     Min:  0.0, Avg:  0.0, Max:  0.0, Diff:  0.0, Sum:  0.0, Workers: 4
[529.248s][debug][gc,phases      ] GC(120)     Dead                           Min: 0, Avg:  0.0, Max: 0, Diff: 0, Sum: 0, Workers: 4
[529.248s][debug][gc,phases      ] GC(120)     Total                          Min: 0, Avg:  0.0, Max: 0, Diff: 0, Sum: 0, Workers: 4
[529.248s][debug][gc,phases      ] GC(120)   Weak JFR Old Object Samples    Min:  0.0, Avg:  0.0, Max:  0.0, Diff:  0.0, Sum:  0.0, Workers: 4
[529.248s][debug][gc,phases      ] GC(120)     Dead                           Min: 0, Avg:  0.0, Max: 0, Diff: 0, Sum: 0, Workers: 4
[529.248s][debug][gc,phases      ] GC(120)     Total                          Min: 0, Avg:  0.0, Max: 0, Diff: 0, Sum: 0, Workers: 4
[529.248s][debug][gc,phases      ] GC(120) Weak Processing 0.336ms
[529.248s][debug][gc,age         ] GC(120) Desired survivor size 38273024 bytes, new threshold 15 (max threshold 15)
[529.248s][info ][gc,heap        ] GC(120) PSYoungGen: 2012736K(2053632K)->480K(2059776K) Eden: 2012160K(2012160K)->0K(2020352K) From: 576K(41472K)->480K(39424K)
[529.248s][info ][gc,heap        ] GC(120) ParOldGen: 298233K(351232K)->298241K(351232K)
[529.248s][info ][gc,metaspace   ] GC(120) Metaspace: 84718K(85568K)->84718K(85568K) NonClass: 72310K(72768K)->72310K(72768K) Class: 12407K(12800K)->12407K(12800K)
[529.248s][info ][gc             ] GC(120) Pause Young (Allocation Failure) 2256M->291M(2354M) 3.036ms
[529.248s][info ][gc,cpu         ] GC(120) User=0.00s Sys=0.00s Real=0.00s
[529.248s][info ][safepoint      ] Safepoint "ParallelGCFailedAllocation", Time since last: 948626103 ns, Reaching safepoint: 4900 ns, Cleanup: 8900 ns, At safepoint: 3109393 ns, Total: 3123193 ns
[532.236s][info ][gc,start       ] GC(121) Pause Young (Allocation Failure)
[532.238s][debug][gc,phases      ] GC(121) Scavenge 1.525ms
[532.238s][debug][gc,ref         ] GC(121) Skipped phase 1 of Reference Processing: no references
[532.238s][debug][gc,ref         ] GC(121) Skipped phase 2 of Reference Processing: no references
[532.238s][debug][gc,ref         ] GC(121) Skipped phase 3 of Reference Processing: no references
[532.238s][debug][gc,ref         ] GC(121) Skipped phase 4 of Reference Processing: no references
[532.238s][debug][gc,phases      ] GC(121) Reference Processing 0.021ms
[532.238s][debug][gc,phases      ] GC(121)   VM Weak                        Min:  0.0, Avg:  0.0, Max:  0.0, Diff:  0.0, Sum:  0.0, Workers: 4
[532.238s][debug][gc,phases      ] GC(121)     Dead                           Min: 0, Avg:  0.0, Max: 0, Diff: 0, Sum: 0, Workers: 4
[532.238s][debug][gc,phases      ] GC(121)     Total                          Min: 0, Avg: 183.0, Max: 320, Diff: 320, Sum: 732, Workers: 4
[532.238s][debug][gc,phases      ] GC(121)   ObjectSynchronizer Weak        Min:  0.0, Avg:  0.0, Max:  0.0, Diff:  0.0, Sum:  0.0, Workers: 4
[532.238s][debug][gc,phases      ] GC(121)     Dead                           Min: 0, Avg:  0.0, Max: 0, Diff: 0, Sum: 0, Workers: 4
[532.238s][debug][gc,phases      ] GC(121)     Total                          Min: 0, Avg:  1.2, Max: 5, Diff: 5, Sum: 5, Workers: 4
[532.238s][debug][gc,phases      ] GC(121)   JVMTI Tag Weak OopStorage      Min:  0.0, Avg:  0.0, Max:  0.0, Diff:  0.0, Sum:  0.0, Workers: 4
[532.238s][debug][gc,phases      ] GC(121)     Dead                           Min: 0, Avg:  0.0, Max: 0, Diff: 0, Sum: 0, Workers: 4
[532.238s][debug][gc,phases      ] GC(121)     Total                          Min: 0, Avg:  0.0, Max: 0, Diff: 0, Sum: 0, Workers: 4
[532.238s][debug][gc,phases      ] GC(121)   StringTable Weak               Min:  0.0, Avg:  0.1, Max:  0.1, Diff:  0.1, Sum:  0.4, Workers: 4
[532.238s][debug][gc,phases      ] GC(121)     Dead                           Min: 0, Avg:  0.0, Max: 0, Diff: 0, Sum: 0, Workers: 4
[532.238s][debug][gc,phases      ] GC(121)     Total                          Min: 0, Avg: 10988.5, Max: 15218, Diff: 15218, Sum: 43954, Workers: 4
[532.238s][debug][gc,phases      ] GC(121)   ResolvedMethodTable Weak       Min:  0.0, Avg:  0.0, Max:  0.0, Diff:  0.0, Sum:  0.1, Workers: 4
[532.238s][debug][gc,phases      ] GC(121)     Dead                           Min: 0, Avg:  0.0, Max: 0, Diff: 0, Sum: 0, Workers: 4
[532.238s][debug][gc,phases      ] GC(121)     Total                          Min: 0, Avg: 2590.8, Max: 3775, Diff: 3775, Sum: 10363, Workers: 4
[532.238s][debug][gc,phases      ] GC(121)   JNI Weak                       Min:  0.0, Avg:  0.0, Max:  0.0, Diff:  0.0, Sum:  0.0, Workers: 4
[532.238s][debug][gc,phases      ] GC(121)     Dead                           Min: 0, Avg:  0.0, Max: 0, Diff: 0, Sum: 0, Workers: 4
[532.238s][debug][gc,phases      ] GC(121)     Total                          Min: 0, Avg: 11.2, Max: 45, Diff: 45, Sum: 45, Workers: 4
[532.238s][debug][gc,phases      ] GC(121)   StringDedup Table Weak         Min:  0.0, Avg:  0.0, Max:  0.0, Diff:  0.0, Sum:  0.0, Workers: 4
[532.238s][debug][gc,phases      ] GC(121)     Dead                           Min: 0, Avg:  0.0, Max: 0, Diff: 0, Sum: 0, Workers: 4
[532.238s][debug][gc,phases      ] GC(121)     Total                          Min: 0, Avg:  0.0, Max: 0, Diff: 0, Sum: 0, Workers: 4
[532.238s][debug][gc,phases      ] GC(121)   StringDedup Requests0 Weak     Min:  0.0, Avg:  0.0, Max:  0.0, Diff:  0.0, Sum:  0.0, Workers: 4
[532.238s][debug][gc,phases      ] GC(121)     Dead                           Min: 0, Avg:  0.0, Max: 0, Diff: 0, Sum: 0, Workers: 4
[532.238s][debug][gc,phases      ] GC(121)     Total                          Min: 0, Avg:  0.0, Max: 0, Diff: 0, Sum: 0, Workers: 4
[532.238s][debug][gc,phases      ] GC(121)   StringDedup Requests1 Weak     Min:  0.0, Avg:  0.0, Max:  0.0, Diff:  0.0, Sum:  0.0, Workers: 4
[532.238s][debug][gc,phases      ] GC(121)     Dead                           Min: 0, Avg:  0.0, Max: 0, Diff: 0, Sum: 0, Workers: 4
[532.238s][debug][gc,phases      ] GC(121)     Total                          Min: 0, Avg:  0.0, Max: 0, Diff: 0, Sum: 0, Workers: 4
[532.238s][debug][gc,phases      ] GC(121)   Weak JFR Old Object Samples    Min:  0.0, Avg:  0.0, Max:  0.0, Diff:  0.0, Sum:  0.0, Workers: 4
[532.238s][debug][gc,phases      ] GC(121)     Dead                           Min: 0, Avg:  0.0, Max: 0, Diff: 0, Sum: 0, Workers: 4
[532.238s][debug][gc,phases      ] GC(121)     Total                          Min: 0, Avg:  0.0, Max: 0, Diff: 0, Sum: 0, Workers: 4
[532.238s][debug][gc,phases      ] GC(121) Weak Processing 0.352ms
[532.238s][debug][gc,age         ] GC(121) Desired survivor size 36700160 bytes, new threshold 15 (max threshold 15)
[532.238s][info ][gc,heap        ] GC(121) PSYoungGen: 2020832K(2059776K)->512K(2057728K) Eden: 2020352K(2020352K)->0K(2020352K) From: 480K(39424K)->512K(37376K)
[532.238s][info ][gc,heap        ] GC(121) ParOldGen: 298241K(351232K)->298241K(351232K)
[532.238s][info ][gc,metaspace   ] GC(121) Metaspace: 84718K(85568K)->84718K(85568K) NonClass: 72310K(72768K)->72310K(72768K) Class: 12407K(12800K)->12407K(12800K)
[532.238s][info ][gc             ] GC(121) Pause Young (Allocation Failure) 2264M->291M(2352M) 1.988ms
[532.238s][info ][gc,cpu         ] GC(121) User=0.01s Sys=0.00s Real=0.00s
[532.238s][info ][safepoint      ] Safepoint "ParallelGCFailedAllocation", Time since last: 2987593410 ns, Reaching safepoint: 16400 ns, Cleanup: 9500 ns, At safepoint: 2053995 ns, Total: 2079895 ns
[535.193s][info ][gc,start       ] GC(122) Pause Young (Allocation Failure)
[535.195s][debug][gc,phases      ] GC(122) Scavenge 2.731ms
[535.195s][debug][gc,ref         ] GC(122) Skipped phase 1 of Reference Processing: no references
[535.195s][debug][gc,ref         ] GC(122) Skipped phase 2 of Reference Processing: no references
[535.195s][debug][gc,ref         ] GC(122) Skipped phase 3 of Reference Processing: no references
[535.195s][debug][gc,ref         ] GC(122) Skipped phase 4 of Reference Processing: no references
[535.195s][debug][gc,phases      ] GC(122) Reference Processing 0.053ms
[535.196s][debug][gc,phases      ] GC(122)   VM Weak                        Min:  0.0, Avg:  0.0, Max:  0.0, Diff:  0.0, Sum:  0.0, Workers: 4
[535.196s][debug][gc,phases      ] GC(122)     Dead                           Min: 0, Avg:  0.0, Max: 0, Diff: 0, Sum: 0, Workers: 4
[535.196s][debug][gc,phases      ] GC(122)     Total                          Min: 0, Avg: 183.0, Max: 448, Diff: 448, Sum: 732, Workers: 4
[535.196s][debug][gc,phases      ] GC(122)   ObjectSynchronizer Weak        Min:  0.0, Avg:  0.0, Max:  0.0, Diff:  0.0, Sum:  0.0, Workers: 4
[535.196s][debug][gc,phases      ] GC(122)     Dead                           Min: 0, Avg:  0.0, Max: 0, Diff: 0, Sum: 0, Workers: 4
[535.196s][debug][gc,phases      ] GC(122)     Total                          Min: 0, Avg:  1.2, Max: 5, Diff: 5, Sum: 5, Workers: 4
[535.196s][debug][gc,phases      ] GC(122)   JVMTI Tag Weak OopStorage      Min:  0.0, Avg:  0.0, Max:  0.0, Diff:  0.0, Sum:  0.0, Workers: 4
[535.196s][debug][gc,phases      ] GC(122)     Dead                           Min: 0, Avg:  0.0, Max: 0, Diff: 0, Sum: 0, Workers: 4
[535.196s][debug][gc,phases      ] GC(122)     Total                          Min: 0, Avg:  0.0, Max: 0, Diff: 0, Sum: 0, Workers: 4
[535.196s][debug][gc,phases      ] GC(122)   StringTable Weak               Min:  0.0, Avg:  0.1, Max:  0.1, Diff:  0.1, Sum:  0.4, Workers: 4
[535.196s][debug][gc,phases      ] GC(122)     Dead                           Min: 0, Avg:  0.0, Max: 0, Diff: 0, Sum: 0, Workers: 4
[535.196s][debug][gc,phases      ] GC(122)     Total                          Min: 0, Avg: 10988.5, Max: 19264, Diff: 19264, Sum: 43954, Workers: 4
[535.196s][debug][gc,phases      ] GC(122)   ResolvedMethodTable Weak       Min:  0.0, Avg:  0.0, Max:  0.0, Diff:  0.0, Sum:  0.1, Workers: 4
[535.196s][debug][gc,phases      ] GC(122)     Dead                           Min: 0, Avg:  0.0, Max: 0, Diff: 0, Sum: 0, Workers: 4
[535.196s][debug][gc,phases      ] GC(122)     Total                          Min: 0, Avg: 2590.8, Max: 4604, Diff: 4604, Sum: 10363, Workers: 4
[535.196s][debug][gc,phases      ] GC(122)   JNI Weak                       Min:  0.0, Avg:  0.0, Max:  0.0, Diff:  0.0, Sum:  0.0, Workers: 4
[535.196s][debug][gc,phases      ] GC(122)     Dead                           Min: 0, Avg:  0.0, Max: 0, Diff: 0, Sum: 0, Workers: 4
[535.196s][debug][gc,phases      ] GC(122)     Total                          Min: 0, Avg: 11.2, Max: 45, Diff: 45, Sum: 45, Workers: 4
[535.196s][debug][gc,phases      ] GC(122)   StringDedup Table Weak         Min:  0.0, Avg:  0.0, Max:  0.0, Diff:  0.0, Sum:  0.0, Workers: 4
[535.196s][debug][gc,phases      ] GC(122)     Dead                           Min: 0, Avg:  0.0, Max: 0, Diff: 0, Sum: 0, Workers: 4
[535.196s][debug][gc,phases      ] GC(122)     Total                          Min: 0, Avg:  0.0, Max: 0, Diff: 0, Sum: 0, Workers: 4
[535.196s][debug][gc,phases      ] GC(122)   StringDedup Requests0 Weak     Min:  0.0, Avg:  0.0, Max:  0.0, Diff:  0.0, Sum:  0.0, Workers: 4
[535.196s][debug][gc,phases      ] GC(122)     Dead                           Min: 0, Avg:  0.0, Max: 0, Diff: 0, Sum: 0, Workers: 4
[535.196s][debug][gc,phases      ] GC(122)     Total                          Min: 0, Avg:  0.0, Max: 0, Diff: 0, Sum: 0, Workers: 4
[535.196s][debug][gc,phases      ] GC(122)   StringDedup Requests1 Weak     Min:  0.0, Avg:  0.0, Max:  0.0, Diff:  0.0, Sum:  0.0, Workers: 4
[535.196s][debug][gc,phases      ] GC(122)     Dead                           Min: 0, Avg:  0.0, Max: 0, Diff: 0, Sum: 0, Workers: 4
[535.196s][debug][gc,phases      ] GC(122)     Total                          Min: 0, Avg:  0.0, Max: 0, Diff: 0, Sum: 0, Workers: 4
[535.196s][debug][gc,phases      ] GC(122)   Weak JFR Old Object Samples    Min:  0.0, Avg:  0.0, Max:  0.0, Diff:  0.0, Sum:  0.0, Workers: 4
[535.196s][debug][gc,phases      ] GC(122)     Dead                           Min: 0, Avg:  0.0, Max: 0, Diff: 0, Sum: 0, Workers: 4
[535.196s][debug][gc,phases      ] GC(122)     Total                          Min: 0, Avg:  0.0, Max: 0, Diff: 0, Sum: 0, Workers: 4
[535.196s][debug][gc,phases      ] GC(122) Weak Processing 0.330ms
[535.196s][debug][gc,age         ] GC(122) Desired survivor size 34603008 bytes, new threshold 15 (max threshold 15)
[535.196s][info ][gc,heap        ] GC(122) PSYoungGen: 2020864K(2057728K)->704K(2063360K) Eden: 2020352K(2020352K)->0K(2027520K) From: 512K(37376K)->704K(35840K)
[535.196s][info ][gc,heap        ] GC(122) ParOldGen: 298241K(351232K)->298241K(351232K)
[535.196s][info ][gc,metaspace   ] GC(122) Metaspace: 84718K(85568K)->84718K(85568K) NonClass: 72310K(72768K)->72310K(72768K) Class: 12407K(12800K)->12407K(12800K)
[535.196s][info ][gc             ] GC(122) Pause Young (Allocation Failure) 2264M->291M(2358M) 3.244ms
[535.196s][info ][gc,cpu         ] GC(122) User=0.01s Sys=0.01s Real=0.00s
[535.196s][info ][safepoint      ] Safepoint "ParallelGCFailedAllocation", Time since last: 2954497284 ns, Reaching safepoint: 6200 ns, Cleanup: 4200 ns, At safepoint: 3313795 ns, Total: 3324195 ns
[538.184s][info ][gc,start       ] GC(123) Pause Young (Allocation Failure)
[538.186s][debug][gc,phases      ] GC(123) Scavenge 2.620ms
[538.187s][debug][gc,ref         ] GC(123) Skipped phase 1 of Reference Processing: no references
[538.187s][debug][gc,ref         ] GC(123) Skipped phase 2 of Reference Processing: no references
[538.187s][debug][gc,ref         ] GC(123) Skipped phase 3 of Reference Processing: no references
[538.187s][debug][gc,ref         ] GC(123) Skipped phase 4 of Reference Processing: no references
[538.187s][debug][gc,phases      ] GC(123) Reference Processing 0.021ms
[538.187s][debug][gc,phases      ] GC(123)   VM Weak                        Min:  0.0, Avg:  0.0, Max:  0.0, Diff:  0.0, Sum:  0.0, Workers: 4
[538.187s][debug][gc,phases      ] GC(123)     Dead                           Min: 0, Avg:  0.0, Max: 0, Diff: 0, Sum: 0, Workers: 4
[538.187s][debug][gc,phases      ] GC(123)     Total                          Min: 0, Avg: 183.0, Max: 604, Diff: 604, Sum: 732, Workers: 4
[538.187s][debug][gc,phases      ] GC(123)   ObjectSynchronizer Weak        Min:  0.0, Avg:  0.0, Max:  0.0, Diff:  0.0, Sum:  0.0, Workers: 4
[538.187s][debug][gc,phases      ] GC(123)     Dead                           Min: 0, Avg:  0.0, Max: 0, Diff: 0, Sum: 0, Workers: 4
[538.187s][debug][gc,phases      ] GC(123)     Total                          Min: 0, Avg:  1.2, Max: 5, Diff: 5, Sum: 5, Workers: 4
[538.187s][debug][gc,phases      ] GC(123)   JVMTI Tag Weak OopStorage      Min:  0.0, Avg:  0.0, Max:  0.0, Diff:  0.0, Sum:  0.0, Workers: 4
[538.187s][debug][gc,phases      ] GC(123)     Dead                           Min: 0, Avg:  0.0, Max: 0, Diff: 0, Sum: 0, Workers: 4
[538.187s][debug][gc,phases      ] GC(123)     Total                          Min: 0, Avg:  0.0, Max: 0, Diff: 0, Sum: 0, Workers: 4
[538.187s][debug][gc,phases      ] GC(123)   StringTable Weak               Min:  0.0, Avg:  0.1, Max:  0.1, Diff:  0.1, Sum:  0.4, Workers: 4
[538.187s][debug][gc,phases      ] GC(123)     Dead                           Min: 0, Avg:  0.0, Max: 0, Diff: 0, Sum: 0, Workers: 4
[538.187s][debug][gc,phases      ] GC(123)     Total                          Min: 0, Avg: 10988.5, Max: 15424, Diff: 15424, Sum: 43954, Workers: 4
[538.187s][debug][gc,phases      ] GC(123)   ResolvedMethodTable Weak       Min:  0.0, Avg:  0.0, Max:  0.0, Diff:  0.0, Sum:  0.1, Workers: 4
[538.187s][debug][gc,phases      ] GC(123)     Dead                           Min: 0, Avg:  0.0, Max: 0, Diff: 0, Sum: 0, Workers: 4
[538.187s][debug][gc,phases      ] GC(123)     Total                          Min: 0, Avg: 2590.8, Max: 3455, Diff: 3455, Sum: 10363, Workers: 4
[538.187s][debug][gc,phases      ] GC(123)   JNI Weak                       Min:  0.0, Avg:  0.0, Max:  0.0, Diff:  0.0, Sum:  0.0, Workers: 4
[538.187s][debug][gc,phases      ] GC(123)     Dead                           Min: 0, Avg:  0.0, Max: 0, Diff: 0, Sum: 0, Workers: 4
[538.187s][debug][gc,phases      ] GC(123)     Total                          Min: 0, Avg: 11.2, Max: 45, Diff: 45, Sum: 45, Workers: 4
[538.187s][debug][gc,phases      ] GC(123)   StringDedup Table Weak         Min:  0.0, Avg:  0.0, Max:  0.0, Diff:  0.0, Sum:  0.0, Workers: 4
[538.187s][debug][gc,phases      ] GC(123)     Dead                           Min: 0, Avg:  0.0, Max: 0, Diff: 0, Sum: 0, Workers: 4
[538.187s][debug][gc,phases      ] GC(123)     Total                          Min: 0, Avg:  0.0, Max: 0, Diff: 0, Sum: 0, Workers: 4
[538.187s][debug][gc,phases      ] GC(123)   StringDedup Requests0 Weak     Min:  0.0, Avg:  0.0, Max:  0.0, Diff:  0.0, Sum:  0.0, Workers: 4
[538.187s][debug][gc,phases      ] GC(123)     Dead                           Min: 0, Avg:  0.0, Max: 0, Diff: 0, Sum: 0, Workers: 4
[538.187s][debug][gc,phases      ] GC(123)     Total                          Min: 0, Avg:  0.0, Max: 0, Diff: 0, Sum: 0, Workers: 4
[538.187s][debug][gc,phases      ] GC(123)   StringDedup Requests1 Weak     Min:  0.0, Avg:  0.0, Max:  0.0, Diff:  0.0, Sum:  0.0, Workers: 4
[538.187s][debug][gc,phases      ] GC(123)     Dead                           Min: 0, Avg:  0.0, Max: 0, Diff: 0, Sum: 0, Workers: 4
[538.187s][debug][gc,phases      ] GC(123)     Total                          Min: 0, Avg:  0.0, Max: 0, Diff: 0, Sum: 0, Workers: 4
[538.187s][debug][gc,phases      ] GC(123)   Weak JFR Old Object Samples    Min:  0.0, Avg:  0.0, Max:  0.0, Diff:  0.0, Sum:  0.0, Workers: 4
[538.187s][debug][gc,phases      ] GC(123)     Dead                           Min: 0, Avg:  0.0, Max: 0, Diff: 0, Sum: 0, Workers: 4
[538.187s][debug][gc,phases      ] GC(123)     Total                          Min: 0, Avg:  0.0, Max: 0, Diff: 0, Sum: 0, Workers: 4
[538.187s][debug][gc,phases      ] GC(123) Weak Processing 0.416ms
[538.187s][debug][gc,age         ] GC(123) Desired survivor size 32505856 bytes, new threshold 15 (max threshold 15)
[538.187s][info ][gc,heap        ] GC(123) PSYoungGen: 2028224K(2063360K)->544K(2061312K) Eden: 2027520K(2027520K)->0K(2027520K) From: 704K(35840K)->544K(33792K)
[538.187s][info ][gc,heap        ] GC(123) ParOldGen: 298241K(351232K)->298249K(351232K)
[538.187s][info ][gc,metaspace   ] GC(123) Metaspace: 84718K(85568K)->84718K(85568K) NonClass: 72310K(72768K)->72310K(72768K) Class: 12407K(12800K)->12407K(12800K)
[538.187s][info ][gc             ] GC(123) Pause Young (Allocation Failure) 2271M->291M(2356M) 3.174ms
[538.187s][info ][gc,cpu         ] GC(123) User=0.01s Sys=0.00s Real=0.00s
[538.187s][info ][safepoint      ] Safepoint "ParallelGCFailedAllocation", Time since last: 2987971660 ns, Reaching safepoint: 4800 ns, Cleanup: 7700 ns, At safepoint: 3248494 ns, Total: 3260994 ns
[541.139s][info ][gc,start       ] GC(124) Pause Young (Allocation Failure)
[541.142s][debug][gc,phases      ] GC(124) Scavenge 2.784ms
[541.142s][debug][gc,ref         ] GC(124) Skipped phase 1 of Reference Processing: no references
[541.142s][debug][gc,ref         ] GC(124) Skipped phase 2 of Reference Processing: no references
[541.142s][debug][gc,ref         ] GC(124) Skipped phase 3 of Reference Processing: no references
[541.142s][debug][gc,ref         ] GC(124) Skipped phase 4 of Reference Processing: no references
[541.142s][debug][gc,phases      ] GC(124) Reference Processing 0.021ms
[541.142s][debug][gc,phases      ] GC(124)   VM Weak                        Min:  0.0, Avg:  0.0, Max:  0.0, Diff:  0.0, Sum:  0.0, Workers: 4
[541.142s][debug][gc,phases      ] GC(124)     Dead                           Min: 0, Avg:  0.0, Max: 0, Diff: 0, Sum: 0, Workers: 4
[541.142s][debug][gc,phases      ] GC(124)     Total                          Min: 0, Avg: 183.0, Max: 668, Diff: 668, Sum: 732, Workers: 4
[541.142s][debug][gc,phases      ] GC(124)   ObjectSynchronizer Weak        Min:  0.0, Avg:  0.0, Max:  0.0, Diff:  0.0, Sum:  0.0, Workers: 4
[541.142s][debug][gc,phases      ] GC(124)     Dead                           Min: 0, Avg:  0.0, Max: 0, Diff: 0, Sum: 0, Workers: 4
[541.142s][debug][gc,phases      ] GC(124)     Total                          Min: 0, Avg:  0.8, Max: 3, Diff: 3, Sum: 3, Workers: 4
[541.142s][debug][gc,phases      ] GC(124)   JVMTI Tag Weak OopStorage      Min:  0.0, Avg:  0.0, Max:  0.0, Diff:  0.0, Sum:  0.0, Workers: 4
[541.142s][debug][gc,phases      ] GC(124)     Dead                           Min: 0, Avg:  0.0, Max: 0, Diff: 0, Sum: 0, Workers: 4
[541.142s][debug][gc,phases      ] GC(124)     Total                          Min: 0, Avg:  0.0, Max: 0, Diff: 0, Sum: 0, Workers: 4
[541.142s][debug][gc,phases      ] GC(124)   StringTable Weak               Min:  0.0, Avg:  0.1, Max:  0.2, Diff:  0.2, Sum:  0.3, Workers: 4
[541.142s][debug][gc,phases      ] GC(124)     Dead                           Min: 0, Avg:  0.0, Max: 0, Diff: 0, Sum: 0, Workers: 4
[541.142s][debug][gc,phases      ] GC(124)     Total                          Min: 0, Avg: 10988.5, Max: 28288, Diff: 28288, Sum: 43954, Workers: 4
[541.142s][debug][gc,phases      ] GC(124)   ResolvedMethodTable Weak       Min:  0.0, Avg:  0.0, Max:  0.0, Diff:  0.0, Sum:  0.1, Workers: 4
[541.142s][debug][gc,phases      ] GC(124)     Dead                           Min: 0, Avg:  0.0, Max: 0, Diff: 0, Sum: 0, Workers: 4
[541.142s][debug][gc,phases      ] GC(124)     Total                          Min: 0, Avg: 2590.8, Max: 6652, Diff: 6652, Sum: 10363, Workers: 4
[541.142s][debug][gc,phases      ] GC(124)   JNI Weak                       Min:  0.0, Avg:  0.0, Max:  0.0, Diff:  0.0, Sum:  0.0, Workers: 4
[541.142s][debug][gc,phases      ] GC(124)     Dead                           Min: 0, Avg:  0.0, Max: 0, Diff: 0, Sum: 0, Workers: 4
[541.142s][debug][gc,phases      ] GC(124)     Total                          Min: 0, Avg: 11.2, Max: 45, Diff: 45, Sum: 45, Workers: 4
[541.142s][debug][gc,phases      ] GC(124)   StringDedup Table Weak         Min:  0.0, Avg:  0.0, Max:  0.0, Diff:  0.0, Sum:  0.0, Workers: 4
[541.142s][debug][gc,phases      ] GC(124)     Dead                           Min: 0, Avg:  0.0, Max: 0, Diff: 0, Sum: 0, Workers: 4
[541.142s][debug][gc,phases      ] GC(124)     Total                          Min: 0, Avg:  0.0, Max: 0, Diff: 0, Sum: 0, Workers: 4
[541.142s][debug][gc,phases      ] GC(124)   StringDedup Requests0 Weak     Min:  0.0, Avg:  0.0, Max:  0.0, Diff:  0.0, Sum:  0.0, Workers: 4
[541.142s][debug][gc,phases      ] GC(124)     Dead                           Min: 0, Avg:  0.0, Max: 0, Diff: 0, Sum: 0, Workers: 4
[541.142s][debug][gc,phases      ] GC(124)     Total                          Min: 0, Avg:  0.0, Max: 0, Diff: 0, Sum: 0, Workers: 4
[541.142s][debug][gc,phases      ] GC(124)   StringDedup Requests1 Weak     Min:  0.0, Avg:  0.0, Max:  0.0, Diff:  0.0, Sum:  0.0, Workers: 4
[541.142s][debug][gc,phases      ] GC(124)     Dead                           Min: 0, Avg:  0.0, Max: 0, Diff: 0, Sum: 0, Workers: 4
[541.142s][debug][gc,phases      ] GC(124)     Total                          Min: 0, Avg:  0.0, Max: 0, Diff: 0, Sum: 0, Workers: 4
[541.142s][debug][gc,phases      ] GC(124)   Weak JFR Old Object Samples    Min:  0.0, Avg:  0.0, Max:  0.0, Diff:  0.0, Sum:  0.0, Workers: 4
[541.142s][debug][gc,phases      ] GC(124)     Dead                           Min: 0, Avg:  0.0, Max: 0, Diff: 0, Sum: 0, Workers: 4
[541.142s][debug][gc,phases      ] GC(124)     Total                          Min: 0, Avg:  0.0, Max: 0, Diff: 0, Sum: 0, Workers: 4
[541.142s][debug][gc,phases      ] GC(124) Weak Processing 0.388ms
[541.142s][debug][gc,age         ] GC(124) Desired survivor size 30408704 bytes, new threshold 15 (max threshold 15)
[541.142s][info ][gc,heap        ] GC(124) PSYoungGen: 2028064K(2061312K)->544K(2067456K) Eden: 2027520K(2027520K)->0K(2035712K) From: 544K(33792K)->544K(31744K)
[541.142s][info ][gc,heap        ] GC(124) ParOldGen: 298249K(351232K)->298257K(351232K)
[541.142s][info ][gc,metaspace   ] GC(124) Metaspace: 84719K(85568K)->84719K(85568K) NonClass: 72311K(72768K)->72311K(72768K) Class: 12407K(12800K)->12407K(12800K)
[541.142s][info ][gc             ] GC(124) Pause Young (Allocation Failure) 2271M->291M(2362M) 3.293ms
[541.142s][info ][gc,cpu         ] GC(124) User=0.01s Sys=0.00s Real=0.01s
[541.142s][info ][safepoint      ] Safepoint "ParallelGCFailedAllocation", Time since last: 2951943695 ns, Reaching safepoint: 5000 ns, Cleanup: 4000 ns, At safepoint: 3356492 ns, Total: 3365492 ns
[544.131s][info ][gc,start       ] GC(125) Pause Young (Allocation Failure)
[544.133s][debug][gc,phases      ] GC(125) Scavenge 1.972ms
[544.133s][debug][gc,ref         ] GC(125) Skipped phase 1 of Reference Processing: no references
[544.133s][debug][gc,ref         ] GC(125) Skipped phase 2 of Reference Processing: no references
[544.133s][debug][gc,ref         ] GC(125) Skipped phase 3 of Reference Processing: no references
[544.133s][debug][gc,ref         ] GC(125) Skipped phase 4 of Reference Processing: no references
[544.133s][debug][gc,phases      ] GC(125) Reference Processing 0.021ms
[544.133s][debug][gc,phases      ] GC(125)   VM Weak                        Min:  0.0, Avg:  0.0, Max:  0.0, Diff:  0.0, Sum:  0.0, Workers: 4
[544.133s][debug][gc,phases      ] GC(125)     Dead                           Min: 0, Avg:  0.0, Max: 0, Diff: 0, Sum: 0, Workers: 4
[544.133s][debug][gc,phases      ] GC(125)     Total                          Min: 0, Avg: 183.0, Max: 448, Diff: 448, Sum: 732, Workers: 4
[544.133s][debug][gc,phases      ] GC(125)   ObjectSynchronizer Weak        Min:  0.0, Avg:  0.0, Max:  0.0, Diff:  0.0, Sum:  0.0, Workers: 4
[544.133s][debug][gc,phases      ] GC(125)     Dead                           Min: 0, Avg:  0.0, Max: 0, Diff: 0, Sum: 0, Workers: 4
[544.133s][debug][gc,phases      ] GC(125)     Total                          Min: 0, Avg:  1.0, Max: 4, Diff: 4, Sum: 4, Workers: 4
[544.133s][debug][gc,phases      ] GC(125)   JVMTI Tag Weak OopStorage      Min:  0.0, Avg:  0.0, Max:  0.0, Diff:  0.0, Sum:  0.0, Workers: 4
[544.133s][debug][gc,phases      ] GC(125)     Dead                           Min: 0, Avg:  0.0, Max: 0, Diff: 0, Sum: 0, Workers: 4
[544.133s][debug][gc,phases      ] GC(125)     Total                          Min: 0, Avg:  0.0, Max: 0, Diff: 0, Sum: 0, Workers: 4
[544.133s][debug][gc,phases      ] GC(125)   StringTable Weak               Min:  0.1, Avg:  0.1, Max:  0.1, Diff:  0.0, Sum:  0.5, Workers: 4
[544.133s][debug][gc,phases      ] GC(125)     Dead                           Min: 0, Avg:  0.0, Max: 0, Diff: 0, Sum: 0, Workers: 4
[544.133s][debug][gc,phases      ] GC(125)     Total                          Min: 10045, Avg: 10991.2, Max: 11520, Diff: 1475, Sum: 43965, Workers: 4
[544.133s][debug][gc,phases      ] GC(125)   ResolvedMethodTable Weak       Min:  0.0, Avg:  0.0, Max:  0.0, Diff:  0.0, Sum:  0.1, Workers: 4
[544.133s][debug][gc,phases      ] GC(125)     Dead                           Min: 0, Avg:  0.0, Max: 0, Diff: 0, Sum: 0, Workers: 4
[544.133s][debug][gc,phases      ] GC(125)     Total                          Min: 2495, Avg: 2590.8, Max: 2688, Diff: 193, Sum: 10363, Workers: 4
[544.133s][debug][gc,phases      ] GC(125)   JNI Weak                       Min:  0.0, Avg:  0.0, Max:  0.0, Diff:  0.0, Sum:  0.0, Workers: 4
[544.133s][debug][gc,phases      ] GC(125)     Dead                           Min: 0, Avg:  0.0, Max: 0, Diff: 0, Sum: 0, Workers: 4
[544.133s][debug][gc,phases      ] GC(125)     Total                          Min: 0, Avg: 11.2, Max: 45, Diff: 45, Sum: 45, Workers: 4
[544.133s][debug][gc,phases      ] GC(125)   StringDedup Table Weak         Min:  0.0, Avg:  0.0, Max:  0.0, Diff:  0.0, Sum:  0.0, Workers: 4
[544.133s][debug][gc,phases      ] GC(125)     Dead                           Min: 0, Avg:  0.0, Max: 0, Diff: 0, Sum: 0, Workers: 4
[544.133s][debug][gc,phases      ] GC(125)     Total                          Min: 0, Avg:  0.0, Max: 0, Diff: 0, Sum: 0, Workers: 4
[544.133s][debug][gc,phases      ] GC(125)   StringDedup Requests0 Weak     Min:  0.0, Avg:  0.0, Max:  0.0, Diff:  0.0, Sum:  0.0, Workers: 4
[544.133s][debug][gc,phases      ] GC(125)     Dead                           Min: 0, Avg:  0.0, Max: 0, Diff: 0, Sum: 0, Workers: 4
[544.133s][debug][gc,phases      ] GC(125)     Total                          Min: 0, Avg:  0.0, Max: 0, Diff: 0, Sum: 0, Workers: 4
[544.133s][debug][gc,phases      ] GC(125)   StringDedup Requests1 Weak     Min:  0.0, Avg:  0.0, Max:  0.0, Diff:  0.0, Sum:  0.0, Workers: 4
[544.133s][debug][gc,phases      ] GC(125)     Dead                           Min: 0, Avg:  0.0, Max: 0, Diff: 0, Sum: 0, Workers: 4
[544.133s][debug][gc,phases      ] GC(125)     Total                          Min: 0, Avg:  0.0, Max: 0, Diff: 0, Sum: 0, Workers: 4
[544.133s][debug][gc,phases      ] GC(125)   Weak JFR Old Object Samples    Min:  0.0, Avg:  0.0, Max:  0.0, Diff:  0.0, Sum:  0.0, Workers: 4
[544.133s][debug][gc,phases      ] GC(125)     Dead                           Min: 0, Avg:  0.0, Max: 0, Diff: 0, Sum: 0, Workers: 4
[544.133s][debug][gc,phases      ] GC(125)     Total                          Min: 0, Avg:  0.0, Max: 0, Diff: 0, Sum: 0, Workers: 4
[544.133s][debug][gc,phases      ] GC(125) Weak Processing 0.338ms
[544.133s][debug][gc,age         ] GC(125) Desired survivor size 28835840 bytes, new threshold 15 (max threshold 15)
[544.133s][info ][gc,heap        ] GC(125) PSYoungGen: 2036256K(2067456K)->544K(2065408K) Eden: 2035712K(2035712K)->0K(2035712K) From: 544K(31744K)->544K(29696K)
[544.133s][info ][gc,heap        ] GC(125) ParOldGen: 298257K(351232K)->298313K(351232K)
[544.133s][info ][gc,metaspace   ] GC(125) Metaspace: 84720K(85568K)->84720K(85568K) NonClass: 72312K(72768K)->72312K(72768K) Class: 12407K(12800K)->12407K(12800K)
[544.133s][info ][gc             ] GC(125) Pause Young (Allocation Failure) 2279M->291M(2360M) 2.426ms
[544.133s][info ][gc,cpu         ] GC(125) User=0.00s Sys=0.00s Real=0.01s
[544.133s][info ][safepoint      ] Safepoint "ParallelGCFailedAllocation", Time since last: 2988631856 ns, Reaching safepoint: 4800 ns, Cleanup: 4100 ns, At safepoint: 2490994 ns, Total: 2499894 ns
[547.097s][info ][gc,start       ] GC(126) Pause Young (Allocation Failure)
[547.099s][debug][gc,phases      ] GC(126) Scavenge 1.790ms
[547.099s][debug][gc,ref         ] GC(126) Skipped phase 1 of Reference Processing: no references
[547.099s][debug][gc,ref         ] GC(126) Skipped phase 2 of Reference Processing: no references
[547.099s][debug][gc,ref         ] GC(126) Skipped phase 3 of Reference Processing: no references
[547.099s][debug][gc,ref         ] GC(126) Skipped phase 4 of Reference Processing: no references
[547.099s][debug][gc,phases      ] GC(126) Reference Processing 0.022ms
[547.099s][debug][gc,phases      ] GC(126)   VM Weak                        Min:  0.0, Avg:  0.0, Max:  0.0, Diff:  0.0, Sum:  0.0, Workers: 4
[547.099s][debug][gc,phases      ] GC(126)     Dead                           Min: 0, Avg:  0.0, Max: 0, Diff: 0, Sum: 0, Workers: 4
[547.099s][debug][gc,phases      ] GC(126)     Total                          Min: 0, Avg: 183.0, Max: 604, Diff: 604, Sum: 732, Workers: 4
[547.099s][debug][gc,phases      ] GC(126)   ObjectSynchronizer Weak        Min:  0.0, Avg:  0.0, Max:  0.0, Diff:  0.0, Sum:  0.0, Workers: 4
[547.099s][debug][gc,phases      ] GC(126)     Dead                           Min: 0, Avg:  0.0, Max: 0, Diff: 0, Sum: 0, Workers: 4
[547.099s][debug][gc,phases      ] GC(126)     Total                          Min: 0, Avg:  1.0, Max: 4, Diff: 4, Sum: 4, Workers: 4
[547.099s][debug][gc,phases      ] GC(126)   JVMTI Tag Weak OopStorage      Min:  0.0, Avg:  0.0, Max:  0.0, Diff:  0.0, Sum:  0.0, Workers: 4
[547.099s][debug][gc,phases      ] GC(126)     Dead                           Min: 0, Avg:  0.0, Max: 0, Diff: 0, Sum: 0, Workers: 4
[547.099s][debug][gc,phases      ] GC(126)     Total                          Min: 0, Avg:  0.0, Max: 0, Diff: 0, Sum: 0, Workers: 4
[547.099s][debug][gc,phases      ] GC(126)   StringTable Weak               Min:  0.0, Avg:  0.1, Max:  0.1, Diff:  0.1, Sum:  0.4, Workers: 4
[547.099s][debug][gc,phases      ] GC(126)     Dead                           Min: 0, Avg:  0.0, Max: 0, Diff: 0, Sum: 0, Workers: 4
[547.099s][debug][gc,phases      ] GC(126)     Total                          Min: 0, Avg: 10991.2, Max: 18624, Diff: 18624, Sum: 43965, Workers: 4
[547.099s][debug][gc,phases      ] GC(126)   ResolvedMethodTable Weak       Min:  0.0, Avg:  0.0, Max:  0.0, Diff:  0.0, Sum:  0.1, Workers: 4
[547.099s][debug][gc,phases      ] GC(126)     Dead                           Min: 0, Avg:  0.0, Max: 0, Diff: 0, Sum: 0, Workers: 4
[547.099s][debug][gc,phases      ] GC(126)     Total                          Min: 0, Avg: 2590.8, Max: 4415, Diff: 4415, Sum: 10363, Workers: 4
[547.099s][debug][gc,phases      ] GC(126)   JNI Weak                       Min:  0.0, Avg:  0.0, Max:  0.0, Diff:  0.0, Sum:  0.0, Workers: 4
[547.099s][debug][gc,phases      ] GC(126)     Dead                           Min: 0, Avg:  0.0, Max: 0, Diff: 0, Sum: 0, Workers: 4
[547.099s][debug][gc,phases      ] GC(126)     Total                          Min: 0, Avg: 11.2, Max: 45, Diff: 45, Sum: 45, Workers: 4
[547.099s][debug][gc,phases      ] GC(126)   StringDedup Table Weak         Min:  0.0, Avg:  0.0, Max:  0.0, Diff:  0.0, Sum:  0.0, Workers: 4
[547.099s][debug][gc,phases      ] GC(126)     Dead                           Min: 0, Avg:  0.0, Max: 0, Diff: 0, Sum: 0, Workers: 4
[547.099s][debug][gc,phases      ] GC(126)     Total                          Min: 0, Avg:  0.0, Max: 0, Diff: 0, Sum: 0, Workers: 4
[547.099s][debug][gc,phases      ] GC(126)   StringDedup Requests0 Weak     Min:  0.0, Avg:  0.0, Max:  0.0, Diff:  0.0, Sum:  0.0, Workers: 4
[547.099s][debug][gc,phases      ] GC(126)     Dead                           Min: 0, Avg:  0.0, Max: 0, Diff: 0, Sum: 0, Workers: 4
[547.099s][debug][gc,phases      ] GC(126)     Total                          Min: 0, Avg:  0.0, Max: 0, Diff: 0, Sum: 0, Workers: 4
[547.099s][debug][gc,phases      ] GC(126)   StringDedup Requests1 Weak     Min:  0.0, Avg:  0.0, Max:  0.0, Diff:  0.0, Sum:  0.0, Workers: 4
[547.099s][debug][gc,phases      ] GC(126)     Dead                           Min: 0, Avg:  0.0, Max: 0, Diff: 0, Sum: 0, Workers: 4
[547.099s][debug][gc,phases      ] GC(126)     Total                          Min: 0, Avg:  0.0, Max: 0, Diff: 0, Sum: 0, Workers: 4
[547.099s][debug][gc,phases      ] GC(126)   Weak JFR Old Object Samples    Min:  0.0, Avg:  0.0, Max:  0.0, Diff:  0.0, Sum:  0.0, Workers: 4
[547.099s][debug][gc,phases      ] GC(126)     Dead                           Min: 0, Avg:  0.0, Max: 0, Diff: 0, Sum: 0, Workers: 4
[547.099s][debug][gc,phases      ] GC(126)     Total                          Min: 0, Avg:  0.0, Max: 0, Diff: 0, Sum: 0, Workers: 4
[547.099s][debug][gc,phases      ] GC(126) Weak Processing 0.332ms
[547.099s][debug][gc,age         ] GC(126) Desired survivor size 26738688 bytes, new threshold 15 (max threshold 15)
[547.099s][info ][gc,heap        ] GC(126) PSYoungGen: 2036256K(2065408K)->384K(2071040K) Eden: 2035712K(2035712K)->0K(2042880K) From: 544K(29696K)->384K(28160K)
[547.099s][info ][gc,heap        ] GC(126) ParOldGen: 298313K(351232K)->298465K(351232K)
[547.099s][info ][gc,metaspace   ] GC(126) Metaspace: 84720K(85568K)->84720K(85568K) NonClass: 72312K(72768K)->72312K(72768K) Class: 12407K(12800K)->12407K(12800K)
[547.099s][info ][gc             ] GC(126) Pause Young (Allocation Failure) 2279M->291M(2365M) 2.238ms
[547.099s][info ][gc,cpu         ] GC(126) User=0.01s Sys=0.00s Real=0.00s
[547.099s][info ][safepoint      ] Safepoint "ParallelGCFailedAllocation", Time since last: 2963503326 ns, Reaching safepoint: 4900 ns, Cleanup: 3700 ns, At safepoint: 2301695 ns, Total: 2310295 ns
[550.093s][info ][gc,start       ] GC(127) Pause Young (Allocation Failure)
[550.094s][debug][gc,phases      ] GC(127) Scavenge 1.410ms
[550.094s][debug][gc,ref         ] GC(127) Skipped phase 1 of Reference Processing: no references
[550.094s][debug][gc,ref         ] GC(127) Skipped phase 2 of Reference Processing: no references
[550.094s][debug][gc,ref         ] GC(127) Skipped phase 3 of Reference Processing: no references
[550.094s][debug][gc,ref         ] GC(127) Skipped phase 4 of Reference Processing: no references
[550.094s][debug][gc,phases      ] GC(127) Reference Processing 0.037ms
[550.094s][debug][gc,phases      ] GC(127)   VM Weak                        Min:  0.0, Avg:  0.0, Max:  0.0, Diff:  0.0, Sum:  0.0, Workers: 4
[550.094s][debug][gc,phases      ] GC(127)     Dead                           Min: 0, Avg:  0.0, Max: 0, Diff: 0, Sum: 0, Workers: 4
[550.094s][debug][gc,phases      ] GC(127)     Total                          Min: 0, Avg: 183.0, Max: 732, Diff: 732, Sum: 732, Workers: 4
[550.094s][debug][gc,phases      ] GC(127)   ObjectSynchronizer Weak        Min:  0.0, Avg:  0.0, Max:  0.0, Diff:  0.0, Sum:  0.0, Workers: 4
[550.094s][debug][gc,phases      ] GC(127)     Dead                           Min: 0, Avg:  0.0, Max: 0, Diff: 0, Sum: 0, Workers: 4
[550.094s][debug][gc,phases      ] GC(127)     Total                          Min: 0, Avg:  1.0, Max: 4, Diff: 4, Sum: 4, Workers: 4
[550.094s][debug][gc,phases      ] GC(127)   JVMTI Tag Weak OopStorage      Min:  0.0, Avg:  0.0, Max:  0.0, Diff:  0.0, Sum:  0.0, Workers: 4
[550.094s][debug][gc,phases      ] GC(127)     Dead                           Min: 0, Avg:  0.0, Max: 0, Diff: 0, Sum: 0, Workers: 4
[550.094s][debug][gc,phases      ] GC(127)     Total                          Min: 0, Avg:  0.0, Max: 0, Diff: 0, Sum: 0, Workers: 4
[550.094s][debug][gc,phases      ] GC(127)   StringTable Weak               Min:  0.1, Avg:  0.1, Max:  0.1, Diff:  0.1, Sum:  0.4, Workers: 4
[550.094s][debug][gc,phases      ] GC(127)     Dead                           Min: 0, Avg:  0.0, Max: 0, Diff: 0, Sum: 0, Workers: 4
[550.094s][debug][gc,phases      ] GC(127)     Total                          Min: 6656, Avg: 10991.2, Max: 14205, Diff: 7549, Sum: 43965, Workers: 4
[550.094s][debug][gc,phases      ] GC(127)   ResolvedMethodTable Weak       Min:  0.0, Avg:  0.0, Max:  0.0, Diff:  0.0, Sum:  0.1, Workers: 4
[550.094s][debug][gc,phases      ] GC(127)     Dead                           Min: 0, Avg:  0.0, Max: 0, Diff: 0, Sum: 0, Workers: 4
[550.094s][debug][gc,phases      ] GC(127)     Total                          Min: 2495, Avg: 2590.8, Max: 2752, Diff: 257, Sum: 10363, Workers: 4
[550.094s][debug][gc,phases      ] GC(127)   JNI Weak                       Min:  0.0, Avg:  0.0, Max:  0.0, Diff:  0.0, Sum:  0.0, Workers: 4
[550.094s][debug][gc,phases      ] GC(127)     Dead                           Min: 0, Avg:  0.0, Max: 0, Diff: 0, Sum: 0, Workers: 4
[550.094s][debug][gc,phases      ] GC(127)     Total                          Min: 0, Avg: 11.2, Max: 45, Diff: 45, Sum: 45, Workers: 4
[550.094s][debug][gc,phases      ] GC(127)   StringDedup Table Weak         Min:  0.0, Avg:  0.0, Max:  0.0, Diff:  0.0, Sum:  0.0, Workers: 4
[550.094s][debug][gc,phases      ] GC(127)     Dead                           Min: 0, Avg:  0.0, Max: 0, Diff: 0, Sum: 0, Workers: 4
[550.094s][debug][gc,phases      ] GC(127)     Total                          Min: 0, Avg:  0.0, Max: 0, Diff: 0, Sum: 0, Workers: 4
[550.094s][debug][gc,phases      ] GC(127)   StringDedup Requests0 Weak     Min:  0.0, Avg:  0.0, Max:  0.0, Diff:  0.0, Sum:  0.0, Workers: 4
[550.094s][debug][gc,phases      ] GC(127)     Dead                           Min: 0, Avg:  0.0, Max: 0, Diff: 0, Sum: 0, Workers: 4
[550.094s][debug][gc,phases      ] GC(127)     Total                          Min: 0, Avg:  0.0, Max: 0, Diff: 0, Sum: 0, Workers: 4
[550.094s][debug][gc,phases      ] GC(127)   StringDedup Requests1 Weak     Min:  0.0, Avg:  0.0, Max:  0.0, Diff:  0.0, Sum:  0.0, Workers: 4
[550.094s][debug][gc,phases      ] GC(127)     Dead                           Min: 0, Avg:  0.0, Max: 0, Diff: 0, Sum: 0, Workers: 4
[550.094s][debug][gc,phases      ] GC(127)     Total                          Min: 0, Avg:  0.0, Max: 0, Diff: 0, Sum: 0, Workers: 4
[550.094s][debug][gc,phases      ] GC(127)   Weak JFR Old Object Samples    Min:  0.0, Avg:  0.0, Max:  0.0, Diff:  0.0, Sum:  0.0, Workers: 4
[550.094s][debug][gc,phases      ] GC(127)     Dead                           Min: 0, Avg:  0.0, Max: 0, Diff: 0, Sum: 0, Workers: 4
[550.094s][debug][gc,phases      ] GC(127)     Total                          Min: 0, Avg:  0.0, Max: 0, Diff: 0, Sum: 0, Workers: 4
[550.094s][debug][gc,phases      ] GC(127) Weak Processing 0.318ms
[550.094s][debug][gc,age         ] GC(127) Desired survivor size 25165824 bytes, new threshold 15 (max threshold 15)
[550.094s][info ][gc,heap        ] GC(127) PSYoungGen: 2043264K(2071040K)->480K(2068992K) Eden: 2042880K(2042880K)->0K(2042880K) From: 384K(28160K)->480K(26112K)
[550.094s][info ][gc,heap        ] GC(127) ParOldGen: 298465K(351232K)->298465K(351232K)
[550.094s][info ][gc,metaspace   ] GC(127) Metaspace: 84720K(85568K)->84720K(85568K) NonClass: 72312K(72768K)->72312K(72768K) Class: 12407K(12800K)->12407K(12800K)
[550.094s][info ][gc             ] GC(127) Pause Young (Allocation Failure) 2286M->291M(2363M) 1.867ms
[550.094s][info ][gc,cpu         ] GC(127) User=0.01s Sys=0.00s Real=0.00s
[550.094s][info ][safepoint      ] Safepoint "ParallelGCFailedAllocation", Time since last: 2993266163 ns, Reaching safepoint: 5500 ns, Cleanup: 3700 ns, At safepoint: 1929796 ns, Total: 1938996 ns
[553.093s][info ][gc,start       ] GC(128) Pause Young (Allocation Failure)
[553.095s][debug][gc,phases      ] GC(128) Scavenge 2.522ms
[553.095s][debug][gc,ref         ] GC(128) Skipped phase 1 of Reference Processing: no references
[553.095s][debug][gc,ref         ] GC(128) Skipped phase 2 of Reference Processing: no references
[553.095s][debug][gc,ref         ] GC(128) Skipped phase 3 of Reference Processing: no references
[553.095s][debug][gc,ref         ] GC(128) Skipped phase 4 of Reference Processing: no references
[553.095s][debug][gc,phases      ] GC(128) Reference Processing 0.021ms
[553.095s][debug][gc,phases      ] GC(128)   VM Weak                        Min:  0.0, Avg:  0.0, Max:  0.0, Diff:  0.0, Sum:  0.0, Workers: 4
[553.095s][debug][gc,phases      ] GC(128)     Dead                           Min: 0, Avg:  0.0, Max: 0, Diff: 0, Sum: 0, Workers: 4
[553.095s][debug][gc,phases      ] GC(128)     Total                          Min: 0, Avg: 183.0, Max: 576, Diff: 576, Sum: 732, Workers: 4
[553.095s][debug][gc,phases      ] GC(128)   ObjectSynchronizer Weak        Min:  0.0, Avg:  0.0, Max:  0.0, Diff:  0.0, Sum:  0.0, Workers: 4
[553.095s][debug][gc,phases      ] GC(128)     Dead                           Min: 0, Avg:  0.0, Max: 0, Diff: 0, Sum: 0, Workers: 4
[553.095s][debug][gc,phases      ] GC(128)     Total                          Min: 0, Avg:  1.0, Max: 4, Diff: 4, Sum: 4, Workers: 4
[553.095s][debug][gc,phases      ] GC(128)   JVMTI Tag Weak OopStorage      Min:  0.0, Avg:  0.0, Max:  0.0, Diff:  0.0, Sum:  0.0, Workers: 4
[553.095s][debug][gc,phases      ] GC(128)     Dead                           Min: 0, Avg:  0.0, Max: 0, Diff: 0, Sum: 0, Workers: 4
[553.095s][debug][gc,phases      ] GC(128)     Total                          Min: 0, Avg:  0.0, Max: 0, Diff: 0, Sum: 0, Workers: 4
[553.095s][debug][gc,phases      ] GC(128)   StringTable Weak               Min:  0.0, Avg:  0.1, Max:  0.1, Diff:  0.1, Sum:  0.4, Workers: 4
[553.095s][debug][gc,phases      ] GC(128)     Dead                           Min: 0, Avg:  0.0, Max: 0, Diff: 0, Sum: 0, Workers: 4
[553.095s][debug][gc,phases      ] GC(128)     Total                          Min: 0, Avg: 10991.2, Max: 19709, Diff: 19709, Sum: 43965, Workers: 4
[553.095s][debug][gc,phases      ] GC(128)   ResolvedMethodTable Weak       Min:  0.0, Avg:  0.0, Max:  0.0, Diff:  0.0, Sum:  0.1, Workers: 4
[553.095s][debug][gc,phases      ] GC(128)     Dead                           Min: 0, Avg:  0.0, Max: 0, Diff: 0, Sum: 0, Workers: 4
[553.095s][debug][gc,phases      ] GC(128)     Total                          Min: 0, Avg: 2590.8, Max: 4604, Diff: 4604, Sum: 10363, Workers: 4
[553.095s][debug][gc,phases      ] GC(128)   JNI Weak                       Min:  0.0, Avg:  0.0, Max:  0.0, Diff:  0.0, Sum:  0.0, Workers: 4
[553.095s][debug][gc,phases      ] GC(128)     Dead                           Min: 0, Avg:  0.0, Max: 0, Diff: 0, Sum: 0, Workers: 4
[553.095s][debug][gc,phases      ] GC(128)     Total                          Min: 0, Avg: 11.2, Max: 45, Diff: 45, Sum: 45, Workers: 4
[553.095s][debug][gc,phases      ] GC(128)   StringDedup Table Weak         Min:  0.0, Avg:  0.0, Max:  0.0, Diff:  0.0, Sum:  0.0, Workers: 4
[553.095s][debug][gc,phases      ] GC(128)     Dead                           Min: 0, Avg:  0.0, Max: 0, Diff: 0, Sum: 0, Workers: 4
[553.095s][debug][gc,phases      ] GC(128)     Total                          Min: 0, Avg:  0.0, Max: 0, Diff: 0, Sum: 0, Workers: 4
[553.095s][debug][gc,phases      ] GC(128)   StringDedup Requests0 Weak     Min:  0.0, Avg:  0.0, Max:  0.0, Diff:  0.0, Sum:  0.0, Workers: 4
[553.095s][debug][gc,phases      ] GC(128)     Dead                           Min: 0, Avg:  0.0, Max: 0, Diff: 0, Sum: 0, Workers: 4
[553.096s][debug][gc,phases      ] GC(128)     Total                          Min: 0, Avg:  0.0, Max: 0, Diff: 0, Sum: 0, Workers: 4
[553.096s][debug][gc,phases      ] GC(128)   StringDedup Requests1 Weak     Min:  0.0, Avg:  0.0, Max:  0.0, Diff:  0.0, Sum:  0.0, Workers: 4
[553.096s][debug][gc,phases      ] GC(128)     Dead                           Min: 0, Avg:  0.0, Max: 0, Diff: 0, Sum: 0, Workers: 4
[553.096s][debug][gc,phases      ] GC(128)     Total                          Min: 0, Avg:  0.0, Max: 0, Diff: 0, Sum: 0, Workers: 4
[553.096s][debug][gc,phases      ] GC(128)   Weak JFR Old Object Samples    Min:  0.0, Avg:  0.0, Max:  0.0, Diff:  0.0, Sum:  0.0, Workers: 4
[553.096s][debug][gc,phases      ] GC(128)     Dead                           Min: 0, Avg:  0.0, Max: 0, Diff: 0, Sum: 0, Workers: 4
[553.096s][debug][gc,phases      ] GC(128)     Total                          Min: 0, Avg:  0.0, Max: 0, Diff: 0, Sum: 0, Workers: 4
[553.096s][debug][gc,phases      ] GC(128) Weak Processing 0.328ms
[553.096s][debug][gc,age         ] GC(128) Desired survivor size 23592960 bytes, new threshold 15 (max threshold 15)
[553.096s][info ][gc,heap        ] GC(128) PSYoungGen: 2043360K(2068992K)->384K(2074112K) Eden: 2042880K(2042880K)->0K(2049536K) From: 480K(26112K)->384K(24576K)
[553.096s][info ][gc,heap        ] GC(128) ParOldGen: 298465K(351232K)->298489K(351232K)
[553.096s][info ][gc,metaspace   ] GC(128) Metaspace: 84720K(85568K)->84720K(85568K) NonClass: 72312K(72768K)->72312K(72768K) Class: 12407K(12800K)->12407K(12800K)
[553.096s][info ][gc             ] GC(128) Pause Young (Allocation Failure) 2286M->291M(2368M) 2.982ms
[553.096s][info ][gc,cpu         ] GC(128) User=0.01s Sys=0.00s Real=0.00s
[553.096s][info ][safepoint      ] Safepoint "ParallelGCFailedAllocation", Time since last: 2998042261 ns, Reaching safepoint: 4400 ns, Cleanup: 4100 ns, At safepoint: 3045893 ns, Total: 3054393 ns
[556.093s][info ][gc,start       ] GC(129) Pause Young (Allocation Failure)
[556.095s][debug][gc,phases      ] GC(129) Scavenge 1.432ms
[556.095s][debug][gc,ref         ] GC(129) Skipped phase 1 of Reference Processing: no references
[556.095s][debug][gc,ref         ] GC(129) Skipped phase 2 of Reference Processing: no references
[556.095s][debug][gc,ref         ] GC(129) Skipped phase 3 of Reference Processing: no references
[556.095s][debug][gc,ref         ] GC(129) Skipped phase 4 of Reference Processing: no references
[556.095s][debug][gc,phases      ] GC(129) Reference Processing 0.021ms
[556.095s][debug][gc,phases      ] GC(129)   VM Weak                        Min:  0.0, Avg:  0.0, Max:  0.0, Diff:  0.0, Sum:  0.0, Workers: 4
[556.095s][debug][gc,phases      ] GC(129)     Dead                           Min: 0, Avg:  0.0, Max: 0, Diff: 0, Sum: 0, Workers: 4
[556.095s][debug][gc,phases      ] GC(129)     Total                          Min: 0, Avg: 183.0, Max: 668, Diff: 668, Sum: 732, Workers: 4
[556.095s][debug][gc,phases      ] GC(129)   ObjectSynchronizer Weak        Min:  0.0, Avg:  0.0, Max:  0.0, Diff:  0.0, Sum:  0.0, Workers: 4
[556.095s][debug][gc,phases      ] GC(129)     Dead                           Min: 0, Avg:  0.0, Max: 0, Diff: 0, Sum: 0, Workers: 4
[556.095s][debug][gc,phases      ] GC(129)     Total                          Min: 0, Avg:  1.0, Max: 4, Diff: 4, Sum: 4, Workers: 4
[556.095s][debug][gc,phases      ] GC(129)   JVMTI Tag Weak OopStorage      Min:  0.0, Avg:  0.0, Max:  0.0, Diff:  0.0, Sum:  0.0, Workers: 4
[556.095s][debug][gc,phases      ] GC(129)     Dead                           Min: 0, Avg:  0.0, Max: 0, Diff: 0, Sum: 0, Workers: 4
[556.095s][debug][gc,phases      ] GC(129)     Total                          Min: 0, Avg:  0.0, Max: 0, Diff: 0, Sum: 0, Workers: 4
[556.095s][debug][gc,phases      ] GC(129)   StringTable Weak               Min:  0.1, Avg:  0.1, Max:  0.1, Diff:  0.0, Sum:  0.4, Workers: 4
[556.095s][debug][gc,phases      ] GC(129)     Dead                           Min: 0, Avg:  0.0, Max: 0, Diff: 0, Sum: 0, Workers: 4
[556.095s][debug][gc,phases      ] GC(129)     Total                          Min: 10496, Avg: 10991.2, Max: 11392, Diff: 896, Sum: 43965, Workers: 4
[556.095s][debug][gc,phases      ] GC(129)   ResolvedMethodTable Weak       Min:  0.0, Avg:  0.0, Max:  0.0, Diff:  0.0, Sum:  0.1, Workers: 4
[556.095s][debug][gc,phases      ] GC(129)     Dead                           Min: 0, Avg:  0.0, Max: 0, Diff: 0, Sum: 0, Workers: 4
[556.095s][debug][gc,phases      ] GC(129)     Total                          Min: 2496, Avg: 2590.8, Max: 2752, Diff: 256, Sum: 10363, Workers: 4
[556.095s][debug][gc,phases      ] GC(129)   JNI Weak                       Min:  0.0, Avg:  0.0, Max:  0.0, Diff:  0.0, Sum:  0.0, Workers: 4
[556.095s][debug][gc,phases      ] GC(129)     Dead                           Min: 0, Avg:  0.0, Max: 0, Diff: 0, Sum: 0, Workers: 4
[556.095s][debug][gc,phases      ] GC(129)     Total                          Min: 0, Avg: 11.2, Max: 45, Diff: 45, Sum: 45, Workers: 4
[556.095s][debug][gc,phases      ] GC(129)   StringDedup Table Weak         Min:  0.0, Avg:  0.0, Max:  0.0, Diff:  0.0, Sum:  0.0, Workers: 4
[556.095s][debug][gc,phases      ] GC(129)     Dead                           Min: 0, Avg:  0.0, Max: 0, Diff: 0, Sum: 0, Workers: 4
[556.095s][debug][gc,phases      ] GC(129)     Total                          Min: 0, Avg:  0.0, Max: 0, Diff: 0, Sum: 0, Workers: 4
[556.095s][debug][gc,phases      ] GC(129)   StringDedup Requests0 Weak     Min:  0.0, Avg:  0.0, Max:  0.0, Diff:  0.0, Sum:  0.0, Workers: 4
[556.095s][debug][gc,phases      ] GC(129)     Dead                           Min: 0, Avg:  0.0, Max: 0, Diff: 0, Sum: 0, Workers: 4
[556.095s][debug][gc,phases      ] GC(129)     Total                          Min: 0, Avg:  0.0, Max: 0, Diff: 0, Sum: 0, Workers: 4
[556.095s][debug][gc,phases      ] GC(129)   StringDedup Requests1 Weak     Min:  0.0, Avg:  0.0, Max:  0.0, Diff:  0.0, Sum:  0.0, Workers: 4
[556.095s][debug][gc,phases      ] GC(129)     Dead                           Min: 0, Avg:  0.0, Max: 0, Diff: 0, Sum: 0, Workers: 4
[556.095s][debug][gc,phases      ] GC(129)     Total                          Min: 0, Avg:  0.0, Max: 0, Diff: 0, Sum: 0, Workers: 4
[556.095s][debug][gc,phases      ] GC(129)   Weak JFR Old Object Samples    Min:  0.0, Avg:  0.0, Max:  0.0, Diff:  0.0, Sum:  0.0, Workers: 4
[556.095s][debug][gc,phases      ] GC(129)     Dead                           Min: 0, Avg:  0.0, Max: 0, Diff: 0, Sum: 0, Workers: 4
[556.095s][debug][gc,phases      ] GC(129)     Total                          Min: 0, Avg:  0.0, Max: 0, Diff: 0, Sum: 0, Workers: 4
[556.095s][debug][gc,phases      ] GC(129) Weak Processing 0.314ms
[556.095s][debug][gc,age         ] GC(129) Desired survivor size 22020096 bytes, new threshold 15 (max threshold 15)
[556.095s][info ][gc,heap        ] GC(129) PSYoungGen: 2049920K(2074112K)->320K(2072576K) Eden: 2049536K(2049536K)->0K(2049536K) From: 384K(24576K)->320K(23040K)
[556.095s][info ][gc,heap        ] GC(129) ParOldGen: 298489K(351232K)->298497K(351232K)
[556.095s][info ][gc,metaspace   ] GC(129) Metaspace: 84720K(85568K)->84720K(85568K) NonClass: 72312K(72768K)->72312K(72768K) Class: 12407K(12800K)->12407K(12800K)
[556.095s][info ][gc             ] GC(129) Pause Young (Allocation Failure) 2293M->291M(2367M) 1.870ms
[556.095s][info ][gc,cpu         ] GC(129) User=0.01s Sys=0.00s Real=0.00s
[556.095s][info ][safepoint      ] Safepoint "ParallelGCFailedAllocation", Time since last: 2997729651 ns, Reaching safepoint: 5100 ns, Cleanup: 4000 ns, At safepoint: 1944296 ns, Total: 1953396 ns
[557.095s][info ][safepoint      ] Safepoint "Cleanup", Time since last: 1000075949 ns, Reaching safepoint: 5100 ns, Cleanup: 13000 ns, At safepoint: 2300 ns, Total: 20400 ns
[559.531s][info ][gc,start       ] GC(130) Pause Young (Allocation Failure)
[559.534s][debug][gc,phases      ] GC(130) Scavenge 2.689ms
[559.534s][debug][gc,ref         ] GC(130) Skipped phase 1 of Reference Processing: no references
[559.534s][debug][gc,ref         ] GC(130) ReferenceProcessor::execute queues: 1, RefProcThreadModel::Single, marks_oops_alive: false
[559.534s][debug][gc,ref         ] GC(130) Skipped phase 3 of Reference Processing: no references
[559.534s][debug][gc,ref         ] GC(130) ReferenceProcessor::execute queues: 1, RefProcThreadModel::Single, marks_oops_alive: false
[559.534s][debug][gc,phases      ] GC(130) Reference Processing 0.101ms
[559.534s][debug][gc,phases      ] GC(130)   VM Weak                        Min:  0.0, Avg:  0.0, Max:  0.0, Diff:  0.0, Sum:  0.0, Workers: 4
[559.534s][debug][gc,phases      ] GC(130)     Dead                           Min: 0, Avg:  0.0, Max: 0, Diff: 0, Sum: 0, Workers: 4
[559.534s][debug][gc,phases      ] GC(130)     Total                          Min: 0, Avg: 183.0, Max: 640, Diff: 640, Sum: 732, Workers: 4
[559.534s][debug][gc,phases      ] GC(130)   ObjectSynchronizer Weak        Min:  0.0, Avg:  0.0, Max:  0.0, Diff:  0.0, Sum:  0.0, Workers: 4
[559.534s][debug][gc,phases      ] GC(130)     Dead                           Min: 0, Avg:  0.0, Max: 0, Diff: 0, Sum: 0, Workers: 4
[559.534s][debug][gc,phases      ] GC(130)     Total                          Min: 0, Avg:  1.0, Max: 4, Diff: 4, Sum: 4, Workers: 4
[559.534s][debug][gc,phases      ] GC(130)   JVMTI Tag Weak OopStorage      Min:  0.0, Avg:  0.0, Max:  0.0, Diff:  0.0, Sum:  0.0, Workers: 4
[559.534s][debug][gc,phases      ] GC(130)     Dead                           Min: 0, Avg:  0.0, Max: 0, Diff: 0, Sum: 0, Workers: 4
[559.534s][debug][gc,phases      ] GC(130)     Total                          Min: 0, Avg:  0.0, Max: 0, Diff: 0, Sum: 0, Workers: 4
[559.534s][debug][gc,phases      ] GC(130)   StringTable Weak               Min:  0.1, Avg:  0.1, Max:  0.1, Diff:  0.0, Sum:  0.5, Workers: 4
[559.534s][debug][gc,phases      ] GC(130)     Dead                           Min: 0, Avg:  0.0, Max: 0, Diff: 0, Sum: 0, Workers: 4
[559.534s][debug][gc,phases      ] GC(130)     Total                          Min: 10432, Avg: 10995.0, Max: 11392, Diff: 960, Sum: 43980, Workers: 4
[559.534s][debug][gc,phases      ] GC(130)   ResolvedMethodTable Weak       Min:  0.0, Avg:  0.0, Max:  0.0, Diff:  0.0, Sum:  0.1, Workers: 4
[559.534s][debug][gc,phases      ] GC(130)     Dead                           Min: 0, Avg:  0.0, Max: 0, Diff: 0, Sum: 0, Workers: 4
[559.534s][debug][gc,phases      ] GC(130)     Total                          Min: 2560, Avg: 2591.8, Max: 2624, Diff: 64, Sum: 10367, Workers: 4
[559.534s][debug][gc,phases      ] GC(130)   JNI Weak                       Min:  0.0, Avg:  0.0, Max:  0.0, Diff:  0.0, Sum:  0.0, Workers: 4
[559.534s][debug][gc,phases      ] GC(130)     Dead                           Min: 0, Avg:  0.0, Max: 0, Diff: 0, Sum: 0, Workers: 4
[559.534s][debug][gc,phases      ] GC(130)     Total                          Min: 0, Avg: 11.2, Max: 45, Diff: 45, Sum: 45, Workers: 4
[559.534s][debug][gc,phases      ] GC(130)   StringDedup Table Weak         Min:  0.0, Avg:  0.0, Max:  0.0, Diff:  0.0, Sum:  0.0, Workers: 4
[559.534s][debug][gc,phases      ] GC(130)     Dead                           Min: 0, Avg:  0.0, Max: 0, Diff: 0, Sum: 0, Workers: 4
[559.534s][debug][gc,phases      ] GC(130)     Total                          Min: 0, Avg:  0.0, Max: 0, Diff: 0, Sum: 0, Workers: 4
[559.534s][debug][gc,phases      ] GC(130)   StringDedup Requests0 Weak     Min:  0.0, Avg:  0.0, Max:  0.0, Diff:  0.0, Sum:  0.0, Workers: 4
[559.534s][debug][gc,phases      ] GC(130)     Dead                           Min: 0, Avg:  0.0, Max: 0, Diff: 0, Sum: 0, Workers: 4
[559.534s][debug][gc,phases      ] GC(130)     Total                          Min: 0, Avg:  0.0, Max: 0, Diff: 0, Sum: 0, Workers: 4
[559.534s][debug][gc,phases      ] GC(130)   StringDedup Requests1 Weak     Min:  0.0, Avg:  0.0, Max:  0.0, Diff:  0.0, Sum:  0.0, Workers: 4
[559.534s][debug][gc,phases      ] GC(130)     Dead                           Min: 0, Avg:  0.0, Max: 0, Diff: 0, Sum: 0, Workers: 4
[559.534s][debug][gc,phases      ] GC(130)     Total                          Min: 0, Avg:  0.0, Max: 0, Diff: 0, Sum: 0, Workers: 4
[559.534s][debug][gc,phases      ] GC(130)   Weak JFR Old Object Samples    Min:  0.0, Avg:  0.0, Max:  0.0, Diff:  0.0, Sum:  0.0, Workers: 4
[559.534s][debug][gc,phases      ] GC(130)     Dead                           Min: 0, Avg:  0.0, Max: 0, Diff: 0, Sum: 0, Workers: 4
[559.534s][debug][gc,phases      ] GC(130)     Total                          Min: 0, Avg:  0.0, Max: 0, Diff: 0, Sum: 0, Workers: 4
[559.534s][debug][gc,phases      ] GC(130) Weak Processing 0.300ms
[559.534s][debug][gc,age         ] GC(130) Desired survivor size 20447232 bytes, new threshold 15 (max threshold 15)
[559.534s][info ][gc,heap        ] GC(130) PSYoungGen: 2049856K(2072576K)->640K(2077184K) Eden: 2049536K(2049536K)->0K(2055680K) From: 320K(23040K)->640K(21504K)
[559.534s][info ][gc,heap        ] GC(130) ParOldGen: 298497K(351232K)->298505K(351232K)
[559.534s][info ][gc,metaspace   ] GC(130) Metaspace: 84732K(85632K)->84732K(85632K) NonClass: 72322K(72832K)->72322K(72832K) Class: 12409K(12800K)->12409K(12800K)
[559.534s][info ][gc             ] GC(130) Pause Young (Allocation Failure) 2293M->292M(2371M) 3.197ms
[559.534s][info ][gc,cpu         ] GC(130) User=0.00s Sys=0.01s Real=0.01s
[559.534s][info ][safepoint      ] Safepoint "ParallelGCFailedAllocation", Time since last: 2435484523 ns, Reaching safepoint: 58400 ns, Cleanup: 4500 ns, At safepoint: 3274295 ns, Total: 3337195 ns
[561.534s][info ][safepoint      ] Safepoint "Cleanup", Time since last: 2000167531 ns, Reaching safepoint: 73500 ns, Cleanup: 8200 ns, At safepoint: 4400 ns, Total: 86100 ns
[562.981s][info ][gc,start       ] GC(131) Pause Young (Allocation Failure)
[562.983s][debug][gc,phases      ] GC(131) Scavenge 1.509ms
[562.983s][debug][gc,ref         ] GC(131) Skipped phase 1 of Reference Processing: no references
[562.983s][debug][gc,ref         ] GC(131) ReferenceProcessor::execute queues: 1, RefProcThreadModel::Single, marks_oops_alive: false
[562.983s][debug][gc,ref         ] GC(131) Skipped phase 3 of Reference Processing: no references
[562.983s][debug][gc,ref         ] GC(131) ReferenceProcessor::execute queues: 1, RefProcThreadModel::Single, marks_oops_alive: false
[562.983s][debug][gc,phases      ] GC(131) Reference Processing 0.094ms
[562.983s][debug][gc,phases      ] GC(131)   VM Weak                        Min:  0.0, Avg:  0.0, Max:  0.0, Diff:  0.0, Sum:  0.0, Workers: 4
[562.983s][debug][gc,phases      ] GC(131)     Dead                           Min: 0, Avg:  0.0, Max: 0, Diff: 0, Sum: 0, Workers: 4
[562.983s][debug][gc,phases      ] GC(131)     Total                          Min: 0, Avg: 183.0, Max: 384, Diff: 384, Sum: 732, Workers: 4
[562.983s][debug][gc,phases      ] GC(131)   ObjectSynchronizer Weak        Min:  0.0, Avg:  0.0, Max:  0.0, Diff:  0.0, Sum:  0.0, Workers: 4
[562.983s][debug][gc,phases      ] GC(131)     Dead                           Min: 0, Avg:  0.0, Max: 0, Diff: 0, Sum: 0, Workers: 4
[562.983s][debug][gc,phases      ] GC(131)     Total                          Min: 0, Avg:  1.0, Max: 4, Diff: 4, Sum: 4, Workers: 4
[562.983s][debug][gc,phases      ] GC(131)   JVMTI Tag Weak OopStorage      Min:  0.0, Avg:  0.0, Max:  0.0, Diff:  0.0, Sum:  0.0, Workers: 4
[562.983s][debug][gc,phases      ] GC(131)     Dead                           Min: 0, Avg:  0.0, Max: 0, Diff: 0, Sum: 0, Workers: 4
[562.983s][debug][gc,phases      ] GC(131)     Total                          Min: 0, Avg:  0.0, Max: 0, Diff: 0, Sum: 0, Workers: 4
[562.983s][debug][gc,phases      ] GC(131)   StringTable Weak               Min:  0.1, Avg:  0.1, Max:  0.1, Diff:  0.0, Sum:  0.5, Workers: 4
[562.983s][debug][gc,phases      ] GC(131)     Dead                           Min: 0, Avg:  0.0, Max: 0, Diff: 0, Sum: 0, Workers: 4
[562.983s][debug][gc,phases      ] GC(131)     Total                          Min: 9868, Avg: 10995.0, Max: 11776, Diff: 1908, Sum: 43980, Workers: 4
[562.983s][debug][gc,phases      ] GC(131)   ResolvedMethodTable Weak       Min:  0.0, Avg:  0.0, Max:  0.0, Diff:  0.0, Sum:  0.1, Workers: 4
[562.983s][debug][gc,phases      ] GC(131)     Dead                           Min: 0, Avg:  0.0, Max: 0, Diff: 0, Sum: 0, Workers: 4
[562.983s][debug][gc,phases      ] GC(131)     Total                          Min: 2496, Avg: 2591.8, Max: 2688, Diff: 192, Sum: 10367, Workers: 4
[562.983s][debug][gc,phases      ] GC(131)   JNI Weak                       Min:  0.0, Avg:  0.0, Max:  0.0, Diff:  0.0, Sum:  0.0, Workers: 4
[562.983s][debug][gc,phases      ] GC(131)     Dead                           Min: 0, Avg:  0.0, Max: 0, Diff: 0, Sum: 0, Workers: 4
[562.983s][debug][gc,phases      ] GC(131)     Total                          Min: 0, Avg: 11.2, Max: 45, Diff: 45, Sum: 45, Workers: 4
[562.983s][debug][gc,phases      ] GC(131)   StringDedup Table Weak         Min:  0.0, Avg:  0.0, Max:  0.0, Diff:  0.0, Sum:  0.0, Workers: 4
[562.983s][debug][gc,phases      ] GC(131)     Dead                           Min: 0, Avg:  0.0, Max: 0, Diff: 0, Sum: 0, Workers: 4
[562.983s][debug][gc,phases      ] GC(131)     Total                          Min: 0, Avg:  0.0, Max: 0, Diff: 0, Sum: 0, Workers: 4
[562.983s][debug][gc,phases      ] GC(131)   StringDedup Requests0 Weak     Min:  0.0, Avg:  0.0, Max:  0.0, Diff:  0.0, Sum:  0.0, Workers: 4
[562.983s][debug][gc,phases      ] GC(131)     Dead                           Min: 0, Avg:  0.0, Max: 0, Diff: 0, Sum: 0, Workers: 4
[562.983s][debug][gc,phases      ] GC(131)     Total                          Min: 0, Avg:  0.0, Max: 0, Diff: 0, Sum: 0, Workers: 4
[562.983s][debug][gc,phases      ] GC(131)   StringDedup Requests1 Weak     Min:  0.0, Avg:  0.0, Max:  0.0, Diff:  0.0, Sum:  0.0, Workers: 4
[562.983s][debug][gc,phases      ] GC(131)     Dead                           Min: 0, Avg:  0.0, Max: 0, Diff: 0, Sum: 0, Workers: 4
[562.983s][debug][gc,phases      ] GC(131)     Total                          Min: 0, Avg:  0.0, Max: 0, Diff: 0, Sum: 0, Workers: 4
[562.983s][debug][gc,phases      ] GC(131)   Weak JFR Old Object Samples    Min:  0.0, Avg:  0.0, Max:  0.0, Diff:  0.0, Sum:  0.0, Workers: 4
[562.983s][debug][gc,phases      ] GC(131)     Dead                           Min: 0, Avg:  0.0, Max: 0, Diff: 0, Sum: 0, Workers: 4
[562.983s][debug][gc,phases      ] GC(131)     Total                          Min: 0, Avg:  0.0, Max: 0, Diff: 0, Sum: 0, Workers: 4
[562.983s][debug][gc,phases      ] GC(131) Weak Processing 0.304ms
[562.983s][debug][gc,age         ] GC(131) Desired survivor size 19398656 bytes, new threshold 15 (max threshold 15)
[562.983s][info ][gc,heap        ] GC(131) PSYoungGen: 2056320K(2077184K)->608K(2075648K) Eden: 2055680K(2055680K)->0K(2055680K) From: 640K(21504K)->608K(19968K)
[562.983s][info ][gc,heap        ] GC(131) ParOldGen: 298505K(351232K)->298505K(351232K)
[562.983s][info ][gc,metaspace   ] GC(131) Metaspace: 84732K(85632K)->84732K(85632K) NonClass: 72322K(72832K)->72322K(72832K) Class: 12409K(12800K)->12409K(12800K)
[562.983s][info ][gc             ] GC(131) Pause Young (Allocation Failure) 2299M->292M(2370M) 2.002ms
[562.983s][info ][gc,cpu         ] GC(131) User=0.00s Sys=0.00s Real=0.00s
[562.983s][info ][safepoint      ] Safepoint "ParallelGCFailedAllocation", Time since last: 1446651136 ns, Reaching safepoint: 4600 ns, Cleanup: 4100 ns, At safepoint: 2064196 ns, Total: 2072896 ns
[566.433s][info ][gc,start       ] GC(132) Pause Young (Allocation Failure)
[566.436s][debug][gc,phases      ] GC(132) Scavenge 2.994ms
[566.436s][debug][gc,ref         ] GC(132) Skipped phase 1 of Reference Processing: no references
[566.436s][debug][gc,ref         ] GC(132) ReferenceProcessor::execute queues: 1, RefProcThreadModel::Single, marks_oops_alive: false
[566.436s][debug][gc,ref         ] GC(132) ReferenceProcessor::execute queues: 4, RefProcThreadModel::Multi, marks_oops_alive: true
[566.436s][debug][gc,ref         ] GC(132) Skipped phase 4 of Reference Processing: no references
[566.436s][debug][gc,phases      ] GC(132) Reference Processing 0.372ms
[566.436s][debug][gc,phases      ] GC(132)   VM Weak                        Min:  0.0, Avg:  0.0, Max:  0.0, Diff:  0.0, Sum:  0.0, Workers: 4
[566.436s][debug][gc,phases      ] GC(132)     Dead                           Min: 0, Avg:  0.0, Max: 0, Diff: 0, Sum: 0, Workers: 4
[566.436s][debug][gc,phases      ] GC(132)     Total                          Min: 0, Avg: 183.0, Max: 384, Diff: 384, Sum: 732, Workers: 4
[566.436s][debug][gc,phases      ] GC(132)   ObjectSynchronizer Weak        Min:  0.0, Avg:  0.0, Max:  0.0, Diff:  0.0, Sum:  0.0, Workers: 4
[566.436s][debug][gc,phases      ] GC(132)     Dead                           Min: 0, Avg:  0.0, Max: 0, Diff: 0, Sum: 0, Workers: 4
[566.436s][debug][gc,phases      ] GC(132)     Total                          Min: 0, Avg:  1.0, Max: 4, Diff: 4, Sum: 4, Workers: 4
[566.436s][debug][gc,phases      ] GC(132)   JVMTI Tag Weak OopStorage      Min:  0.0, Avg:  0.0, Max:  0.0, Diff:  0.0, Sum:  0.0, Workers: 4
[566.436s][debug][gc,phases      ] GC(132)     Dead                           Min: 0, Avg:  0.0, Max: 0, Diff: 0, Sum: 0, Workers: 4
[566.436s][debug][gc,phases      ] GC(132)     Total                          Min: 0, Avg:  0.0, Max: 0, Diff: 0, Sum: 0, Workers: 4
[566.436s][debug][gc,phases      ] GC(132)   StringTable Weak               Min:  0.0, Avg:  0.1, Max:  0.1, Diff:  0.1, Sum:  0.4, Workers: 4
[566.436s][debug][gc,phases      ] GC(132)     Dead                           Min: 0, Avg:  0.0, Max: 0, Diff: 0, Sum: 0, Workers: 4
[566.436s][debug][gc,phases      ] GC(132)     Total                          Min: 0, Avg: 10995.0, Max: 19020, Diff: 19020, Sum: 43980, Workers: 4
[566.436s][debug][gc,phases      ] GC(132)   ResolvedMethodTable Weak       Min:  0.0, Avg:  0.0, Max:  0.0, Diff:  0.0, Sum:  0.1, Workers: 4
[566.436s][debug][gc,phases      ] GC(132)     Dead                           Min: 0, Avg:  0.0, Max: 0, Diff: 0, Sum: 0, Workers: 4
[566.436s][debug][gc,phases      ] GC(132)     Total                          Min: 0, Avg: 2591.8, Max: 4543, Diff: 4543, Sum: 10367, Workers: 4
[566.436s][debug][gc,phases      ] GC(132)   JNI Weak                       Min:  0.0, Avg:  0.0, Max:  0.0, Diff:  0.0, Sum:  0.0, Workers: 4
[566.436s][debug][gc,phases      ] GC(132)     Dead                           Min: 0, Avg:  0.0, Max: 0, Diff: 0, Sum: 0, Workers: 4
[566.436s][debug][gc,phases      ] GC(132)     Total                          Min: 0, Avg: 11.2, Max: 45, Diff: 45, Sum: 45, Workers: 4
[566.436s][debug][gc,phases      ] GC(132)   StringDedup Table Weak         Min:  0.0, Avg:  0.0, Max:  0.0, Diff:  0.0, Sum:  0.0, Workers: 4
[566.436s][debug][gc,phases      ] GC(132)     Dead                           Min: 0, Avg:  0.0, Max: 0, Diff: 0, Sum: 0, Workers: 4
[566.436s][debug][gc,phases      ] GC(132)     Total                          Min: 0, Avg:  0.0, Max: 0, Diff: 0, Sum: 0, Workers: 4
[566.436s][debug][gc,phases      ] GC(132)   StringDedup Requests0 Weak     Min:  0.0, Avg:  0.0, Max:  0.0, Diff:  0.0, Sum:  0.0, Workers: 4
[566.436s][debug][gc,phases      ] GC(132)     Dead                           Min: 0, Avg:  0.0, Max: 0, Diff: 0, Sum: 0, Workers: 4
[566.436s][debug][gc,phases      ] GC(132)     Total                          Min: 0, Avg:  0.0, Max: 0, Diff: 0, Sum: 0, Workers: 4
[566.436s][debug][gc,phases      ] GC(132)   StringDedup Requests1 Weak     Min:  0.0, Avg:  0.0, Max:  0.0, Diff:  0.0, Sum:  0.0, Workers: 4
[566.436s][debug][gc,phases      ] GC(132)     Dead                           Min: 0, Avg:  0.0, Max: 0, Diff: 0, Sum: 0, Workers: 4
[566.436s][debug][gc,phases      ] GC(132)     Total                          Min: 0, Avg:  0.0, Max: 0, Diff: 0, Sum: 0, Workers: 4
[566.436s][debug][gc,phases      ] GC(132)   Weak JFR Old Object Samples    Min:  0.0, Avg:  0.0, Max:  0.0, Diff:  0.0, Sum:  0.0, Workers: 4
[566.436s][debug][gc,phases      ] GC(132)     Dead                           Min: 0, Avg:  0.0, Max: 0, Diff: 0, Sum: 0, Workers: 4
[566.436s][debug][gc,phases      ] GC(132)     Total                          Min: 0, Avg:  0.0, Max: 0, Diff: 0, Sum: 0, Workers: 4
[566.436s][debug][gc,phases      ] GC(132) Weak Processing 0.329ms
[566.436s][debug][gc,age         ] GC(132) Desired survivor size 17825792 bytes, new threshold 15 (max threshold 15)
[566.437s][info ][gc,heap        ] GC(132) PSYoungGen: 2056288K(2075648K)->736K(2079744K) Eden: 2055680K(2055680K)->0K(2060800K) From: 608K(19968K)->736K(18944K)
[566.437s][info ][gc,heap        ] GC(132) ParOldGen: 298505K(351232K)->298505K(351232K)
[566.437s][info ][gc,metaspace   ] GC(132) Metaspace: 84732K(85632K)->84732K(85632K) NonClass: 72322K(72832K)->72322K(72832K) Class: 12409K(12800K)->12409K(12800K)
[566.437s][info ][gc             ] GC(132) Pause Young (Allocation Failure) 2299M->292M(2374M) 3.816ms
[566.437s][info ][gc,cpu         ] GC(132) User=0.01s Sys=0.00s Real=0.00s
[566.437s][info ][safepoint      ] Safepoint "ParallelGCFailedAllocation", Time since last: 3449493085 ns, Reaching safepoint: 4800 ns, Cleanup: 3900 ns, At safepoint: 3879992 ns, Total: 3888692 ns
[569.892s][info ][gc,start       ] GC(133) Pause Young (Allocation Failure)
[569.895s][debug][gc,phases      ] GC(133) Scavenge 2.782ms
[569.895s][debug][gc,ref         ] GC(133) Skipped phase 1 of Reference Processing: no references
[569.895s][debug][gc,ref         ] GC(133) ReferenceProcessor::execute queues: 1, RefProcThreadModel::Single, marks_oops_alive: false
[569.895s][debug][gc,ref         ] GC(133) Skipped phase 3 of Reference Processing: no references
[569.895s][debug][gc,ref         ] GC(133) Skipped phase 4 of Reference Processing: no references
[569.895s][debug][gc,phases      ] GC(133) Reference Processing 0.096ms
[569.895s][debug][gc,phases      ] GC(133)   VM Weak                        Min:  0.0, Avg:  0.0, Max:  0.0, Diff:  0.0, Sum:  0.0, Workers: 4
[569.895s][debug][gc,phases      ] GC(133)     Dead                           Min: 0, Avg:  0.0, Max: 0, Diff: 0, Sum: 0, Workers: 4
[569.895s][debug][gc,phases      ] GC(133)     Total                          Min: 0, Avg: 183.0, Max: 384, Diff: 384, Sum: 732, Workers: 4
[569.895s][debug][gc,phases      ] GC(133)   ObjectSynchronizer Weak        Min:  0.0, Avg:  0.0, Max:  0.0, Diff:  0.0, Sum:  0.0, Workers: 4
[569.895s][debug][gc,phases      ] GC(133)     Dead                           Min: 0, Avg:  0.0, Max: 0, Diff: 0, Sum: 0, Workers: 4
[569.895s][debug][gc,phases      ] GC(133)     Total                          Min: 0, Avg:  1.0, Max: 4, Diff: 4, Sum: 4, Workers: 4
[569.895s][debug][gc,phases      ] GC(133)   JVMTI Tag Weak OopStorage      Min:  0.0, Avg:  0.0, Max:  0.0, Diff:  0.0, Sum:  0.0, Workers: 4
[569.895s][debug][gc,phases      ] GC(133)     Dead                           Min: 0, Avg:  0.0, Max: 0, Diff: 0, Sum: 0, Workers: 4
[569.895s][debug][gc,phases      ] GC(133)     Total                          Min: 0, Avg:  0.0, Max: 0, Diff: 0, Sum: 0, Workers: 4
[569.895s][debug][gc,phases      ] GC(133)   StringTable Weak               Min:  0.0, Avg:  0.1, Max:  0.2, Diff:  0.2, Sum:  0.5, Workers: 4
[569.895s][debug][gc,phases      ] GC(133)     Dead                           Min: 0, Avg:  0.0, Max: 0, Diff: 0, Sum: 0, Workers: 4
[569.895s][debug][gc,phases      ] GC(133)     Total                          Min: 0, Avg: 10995.0, Max: 22912, Diff: 22912, Sum: 43980, Workers: 4
[569.895s][debug][gc,phases      ] GC(133)   ResolvedMethodTable Weak       Min:  0.0, Avg:  0.0, Max:  0.1, Diff:  0.1, Sum:  0.1, Workers: 4
[569.895s][debug][gc,phases      ] GC(133)     Dead                           Min: 0, Avg:  0.0, Max: 0, Diff: 0, Sum: 0, Workers: 4
[569.895s][debug][gc,phases      ] GC(133)     Total                          Min: 0, Avg: 2591.8, Max: 5375, Diff: 5375, Sum: 10367, Workers: 4
[569.895s][debug][gc,phases      ] GC(133)   JNI Weak                       Min:  0.0, Avg:  0.0, Max:  0.0, Diff:  0.0, Sum:  0.0, Workers: 4
[569.895s][debug][gc,phases      ] GC(133)     Dead                           Min: 0, Avg:  0.0, Max: 0, Diff: 0, Sum: 0, Workers: 4
[569.895s][debug][gc,phases      ] GC(133)     Total                          Min: 0, Avg: 11.2, Max: 45, Diff: 45, Sum: 45, Workers: 4
[569.895s][debug][gc,phases      ] GC(133)   StringDedup Table Weak         Min:  0.0, Avg:  0.0, Max:  0.0, Diff:  0.0, Sum:  0.0, Workers: 4
[569.895s][debug][gc,phases      ] GC(133)     Dead                           Min: 0, Avg:  0.0, Max: 0, Diff: 0, Sum: 0, Workers: 4
[569.895s][debug][gc,phases      ] GC(133)     Total                          Min: 0, Avg:  0.0, Max: 0, Diff: 0, Sum: 0, Workers: 4
[569.895s][debug][gc,phases      ] GC(133)   StringDedup Requests0 Weak     Min:  0.0, Avg:  0.0, Max:  0.0, Diff:  0.0, Sum:  0.0, Workers: 4
[569.895s][debug][gc,phases      ] GC(133)     Dead                           Min: 0, Avg:  0.0, Max: 0, Diff: 0, Sum: 0, Workers: 4
[569.895s][debug][gc,phases      ] GC(133)     Total                          Min: 0, Avg:  0.0, Max: 0, Diff: 0, Sum: 0, Workers: 4
[569.895s][debug][gc,phases      ] GC(133)   StringDedup Requests1 Weak     Min:  0.0, Avg:  0.0, Max:  0.0, Diff:  0.0, Sum:  0.0, Workers: 4
[569.895s][debug][gc,phases      ] GC(133)     Dead                           Min: 0, Avg:  0.0, Max: 0, Diff: 0, Sum: 0, Workers: 4
[569.895s][debug][gc,phases      ] GC(133)     Total                          Min: 0, Avg:  0.0, Max: 0, Diff: 0, Sum: 0, Workers: 4
[569.895s][debug][gc,phases      ] GC(133)   Weak JFR Old Object Samples    Min:  0.0, Avg:  0.0, Max:  0.0, Diff:  0.0, Sum:  0.0, Workers: 4
[569.895s][debug][gc,phases      ] GC(133)     Dead                           Min: 0, Avg:  0.0, Max: 0, Diff: 0, Sum: 0, Workers: 4
[569.895s][debug][gc,phases      ] GC(133)     Total                          Min: 0, Avg:  0.0, Max: 0, Diff: 0, Sum: 0, Workers: 4
[569.895s][debug][gc,phases      ] GC(133) Weak Processing 0.462ms
[569.895s][debug][gc,age         ] GC(133) Desired survivor size 16777216 bytes, new threshold 15 (max threshold 15)
[569.895s][info ][gc,heap        ] GC(133) PSYoungGen: 2061536K(2079744K)->720K(2078208K) Eden: 2060800K(2060800K)->0K(2060800K) From: 736K(18944K)->720K(17408K)
[569.895s][info ][gc,heap        ] GC(133) ParOldGen: 298505K(351232K)->298505K(351232K)
[569.895s][info ][gc,metaspace   ] GC(133) Metaspace: 84732K(85632K)->84732K(85632K) NonClass: 72322K(72832K)->72322K(72832K) Class: 12409K(12800K)->12409K(12800K)
[569.895s][info ][gc             ] GC(133) Pause Young (Allocation Failure) 2304M->292M(2372M) 3.439ms
[569.895s][info ][gc,cpu         ] GC(133) User=0.01s Sys=0.00s Real=0.00s
[569.895s][info ][safepoint      ] Safepoint "ParallelGCFailedAllocation", Time since last: 3455429703 ns, Reaching safepoint: 5400 ns, Cleanup: 3700 ns, At safepoint: 3506393 ns, Total: 3515493 ns
[573.381s][info ][gc,start       ] GC(134) Pause Young (Allocation Failure)
[573.383s][debug][gc,phases      ] GC(134) Scavenge 1.788ms
[573.383s][debug][gc,ref         ] GC(134) Skipped phase 1 of Reference Processing: no references
[573.383s][debug][gc,ref         ] GC(134) ReferenceProcessor::execute queues: 1, RefProcThreadModel::Single, marks_oops_alive: false
[573.383s][debug][gc,ref         ] GC(134) Skipped phase 3 of Reference Processing: no references
[573.383s][debug][gc,ref         ] GC(134) Skipped phase 4 of Reference Processing: no references
[573.383s][debug][gc,phases      ] GC(134) Reference Processing 0.098ms
[573.383s][debug][gc,phases      ] GC(134)   VM Weak                        Min:  0.0, Avg:  0.0, Max:  0.0, Diff:  0.0, Sum:  0.0, Workers: 4
[573.383s][debug][gc,phases      ] GC(134)     Dead                           Min: 0, Avg:  0.0, Max: 0, Diff: 0, Sum: 0, Workers: 4
[573.383s][debug][gc,phases      ] GC(134)     Total                          Min: 0, Avg: 183.0, Max: 668, Diff: 668, Sum: 732, Workers: 4
[573.383s][debug][gc,phases      ] GC(134)   ObjectSynchronizer Weak        Min:  0.0, Avg:  0.0, Max:  0.0, Diff:  0.0, Sum:  0.0, Workers: 4
[573.383s][debug][gc,phases      ] GC(134)     Dead                           Min: 0, Avg:  0.0, Max: 0, Diff: 0, Sum: 0, Workers: 4
[573.383s][debug][gc,phases      ] GC(134)     Total                          Min: 0, Avg:  1.0, Max: 4, Diff: 4, Sum: 4, Workers: 4
[573.383s][debug][gc,phases      ] GC(134)   JVMTI Tag Weak OopStorage      Min:  0.0, Avg:  0.0, Max:  0.0, Diff:  0.0, Sum:  0.0, Workers: 4
[573.383s][debug][gc,phases      ] GC(134)     Dead                           Min: 0, Avg:  0.0, Max: 0, Diff: 0, Sum: 0, Workers: 4
[573.383s][debug][gc,phases      ] GC(134)     Total                          Min: 0, Avg:  0.0, Max: 0, Diff: 0, Sum: 0, Workers: 4
[573.383s][debug][gc,phases      ] GC(134)   StringTable Weak               Min:  0.0, Avg:  0.1, Max:  0.1, Diff:  0.1, Sum:  0.4, Workers: 4
[573.383s][debug][gc,phases      ] GC(134)     Dead                           Min: 0, Avg:  0.0, Max: 0, Diff: 0, Sum: 0, Workers: 4
[573.383s][debug][gc,phases      ] GC(134)     Total                          Min: 0, Avg: 10995.0, Max: 19148, Diff: 19148, Sum: 43980, Workers: 4
[573.383s][debug][gc,phases      ] GC(134)   ResolvedMethodTable Weak       Min:  0.0, Avg:  0.0, Max:  0.0, Diff:  0.0, Sum:  0.1, Workers: 4
[573.383s][debug][gc,phases      ] GC(134)     Dead                           Min: 0, Avg:  0.0, Max: 0, Diff: 0, Sum: 0, Workers: 4
[573.383s][debug][gc,phases      ] GC(134)     Total                          Min: 0, Avg: 2591.8, Max: 4607, Diff: 4607, Sum: 10367, Workers: 4
[573.383s][debug][gc,phases      ] GC(134)   JNI Weak                       Min:  0.0, Avg:  0.0, Max:  0.0, Diff:  0.0, Sum:  0.0, Workers: 4
[573.383s][debug][gc,phases      ] GC(134)     Dead                           Min: 0, Avg:  0.0, Max: 0, Diff: 0, Sum: 0, Workers: 4
[573.383s][debug][gc,phases      ] GC(134)     Total                          Min: 0, Avg: 11.2, Max: 45, Diff: 45, Sum: 45, Workers: 4
[573.383s][debug][gc,phases      ] GC(134)   StringDedup Table Weak         Min:  0.0, Avg:  0.0, Max:  0.0, Diff:  0.0, Sum:  0.0, Workers: 4
[573.383s][debug][gc,phases      ] GC(134)     Dead                           Min: 0, Avg:  0.0, Max: 0, Diff: 0, Sum: 0, Workers: 4
[573.383s][debug][gc,phases      ] GC(134)     Total                          Min: 0, Avg:  0.0, Max: 0, Diff: 0, Sum: 0, Workers: 4
[573.383s][debug][gc,phases      ] GC(134)   StringDedup Requests0 Weak     Min:  0.0, Avg:  0.0, Max:  0.0, Diff:  0.0, Sum:  0.0, Workers: 4
[573.383s][debug][gc,phases      ] GC(134)     Dead                           Min: 0, Avg:  0.0, Max: 0, Diff: 0, Sum: 0, Workers: 4
[573.383s][debug][gc,phases      ] GC(134)     Total                          Min: 0, Avg:  0.0, Max: 0, Diff: 0, Sum: 0, Workers: 4
[573.383s][debug][gc,phases      ] GC(134)   StringDedup Requests1 Weak     Min:  0.0, Avg:  0.0, Max:  0.0, Diff:  0.0, Sum:  0.0, Workers: 4
[573.383s][debug][gc,phases      ] GC(134)     Dead                           Min: 0, Avg:  0.0, Max: 0, Diff: 0, Sum: 0, Workers: 4
[573.383s][debug][gc,phases      ] GC(134)     Total                          Min: 0, Avg:  0.0, Max: 0, Diff: 0, Sum: 0, Workers: 4
[573.383s][debug][gc,phases      ] GC(134)   Weak JFR Old Object Samples    Min:  0.0, Avg:  0.0, Max:  0.0, Diff:  0.0, Sum:  0.0, Workers: 4
[573.383s][debug][gc,phases      ] GC(134)     Dead                           Min: 0, Avg:  0.0, Max: 0, Diff: 0, Sum: 0, Workers: 4
[573.383s][debug][gc,phases      ] GC(134)     Total                          Min: 0, Avg:  0.0, Max: 0, Diff: 0, Sum: 0, Workers: 4
[573.383s][debug][gc,phases      ] GC(134) Weak Processing 0.325ms
[573.383s][debug][gc,age         ] GC(134) Desired survivor size 15728640 bytes, new threshold 15 (max threshold 15)
[573.383s][info ][gc,heap        ] GC(134) PSYoungGen: 2061520K(2078208K)->576K(2081792K) Eden: 2060800K(2060800K)->0K(2065408K) From: 720K(17408K)->576K(16384K)
[573.383s][info ][gc,heap        ] GC(134) ParOldGen: 298505K(351232K)->298505K(351232K)
[573.383s][info ][gc,metaspace   ] GC(134) Metaspace: 84732K(85632K)->84732K(85632K) NonClass: 72322K(72832K)->72322K(72832K) Class: 12409K(12800K)->12409K(12800K)
[573.383s][info ][gc             ] GC(134) Pause Young (Allocation Failure) 2304M->292M(2376M) 2.316ms
[573.383s][info ][gc,cpu         ] GC(134) User=0.01s Sys=0.00s Real=0.00s
[573.383s][info ][safepoint      ] Safepoint "ParallelGCFailedAllocation", Time since last: 3485499441 ns, Reaching safepoint: 5100 ns, Cleanup: 3300 ns, At safepoint: 2378195 ns, Total: 2386595 ns
[574.384s][info ][safepoint      ] Safepoint "Cleanup", Time since last: 1000074425 ns, Reaching safepoint: 72400 ns, Cleanup: 43700 ns, At safepoint: 4600 ns, Total: 120700 ns
[575.384s][info ][safepoint      ] Safepoint "Cleanup", Time since last: 1000095884 ns, Reaching safepoint: 71800 ns, Cleanup: 10300 ns, At safepoint: 5100 ns, Total: 87200 ns
[576.279s][info ][gc,start       ] GC(135) Pause Young (Allocation Failure)
[576.282s][debug][gc,phases      ] GC(135) Scavenge 3.101ms
[576.282s][debug][gc,ref         ] GC(135) Skipped phase 1 of Reference Processing: no references
[576.282s][debug][gc,ref         ] GC(135) ReferenceProcessor::execute queues: 1, RefProcThreadModel::Single, marks_oops_alive: false
[576.282s][debug][gc,ref         ] GC(135) Skipped phase 3 of Reference Processing: no references
[576.282s][debug][gc,ref         ] GC(135) ReferenceProcessor::execute queues: 1, RefProcThreadModel::Single, marks_oops_alive: false
[576.282s][debug][gc,phases      ] GC(135) Reference Processing 0.095ms
[576.282s][debug][gc,phases      ] GC(135)   VM Weak                        Min:  0.0, Avg:  0.0, Max:  0.0, Diff:  0.0, Sum:  0.0, Workers: 4
[576.282s][debug][gc,phases      ] GC(135)     Dead                           Min: 0, Avg:  0.0, Max: 0, Diff: 0, Sum: 0, Workers: 4
[576.282s][debug][gc,phases      ] GC(135)     Total                          Min: 0, Avg: 183.0, Max: 412, Diff: 412, Sum: 732, Workers: 4
[576.282s][debug][gc,phases      ] GC(135)   ObjectSynchronizer Weak        Min:  0.0, Avg:  0.0, Max:  0.0, Diff:  0.0, Sum:  0.0, Workers: 4
[576.282s][debug][gc,phases      ] GC(135)     Dead                           Min: 0, Avg:  0.0, Max: 0, Diff: 0, Sum: 0, Workers: 4
[576.282s][debug][gc,phases      ] GC(135)     Total                          Min: 0, Avg:  1.0, Max: 4, Diff: 4, Sum: 4, Workers: 4
[576.282s][debug][gc,phases      ] GC(135)   JVMTI Tag Weak OopStorage      Min:  0.0, Avg:  0.0, Max:  0.0, Diff:  0.0, Sum:  0.0, Workers: 4
[576.282s][debug][gc,phases      ] GC(135)     Dead                           Min: 0, Avg:  0.0, Max: 0, Diff: 0, Sum: 0, Workers: 4
[576.282s][debug][gc,phases      ] GC(135)     Total                          Min: 0, Avg:  0.0, Max: 0, Diff: 0, Sum: 0, Workers: 4
[576.282s][debug][gc,phases      ] GC(135)   StringTable Weak               Min:  0.0, Avg:  0.1, Max:  0.1, Diff:  0.1, Sum:  0.4, Workers: 4
[576.282s][debug][gc,phases      ] GC(135)     Dead                           Min: 0, Avg:  0.0, Max: 0, Diff: 0, Sum: 0, Workers: 4
[576.282s][debug][gc,phases      ] GC(135)     Total                          Min: 0, Avg: 10999.0, Max: 19804, Diff: 19804, Sum: 43996, Workers: 4
[576.282s][debug][gc,phases      ] GC(135)   ResolvedMethodTable Weak       Min:  0.0, Avg:  0.0, Max:  0.0, Diff:  0.0, Sum:  0.1, Workers: 4
[576.282s][debug][gc,phases      ] GC(135)     Dead                           Min: 0, Avg:  0.0, Max: 0, Diff: 0, Sum: 0, Workers: 4
[576.282s][debug][gc,phases      ] GC(135)     Total                          Min: 0, Avg: 2591.8, Max: 4480, Diff: 4480, Sum: 10367, Workers: 4
[576.282s][debug][gc,phases      ] GC(135)   JNI Weak                       Min:  0.0, Avg:  0.0, Max:  0.0, Diff:  0.0, Sum:  0.0, Workers: 4
[576.282s][debug][gc,phases      ] GC(135)     Dead                           Min: 0, Avg:  0.0, Max: 0, Diff: 0, Sum: 0, Workers: 4
[576.282s][debug][gc,phases      ] GC(135)     Total                          Min: 0, Avg: 11.2, Max: 45, Diff: 45, Sum: 45, Workers: 4
[576.282s][debug][gc,phases      ] GC(135)   StringDedup Table Weak         Min:  0.0, Avg:  0.0, Max:  0.0, Diff:  0.0, Sum:  0.0, Workers: 4
[576.282s][debug][gc,phases      ] GC(135)     Dead                           Min: 0, Avg:  0.0, Max: 0, Diff: 0, Sum: 0, Workers: 4
[576.282s][debug][gc,phases      ] GC(135)     Total                          Min: 0, Avg:  0.0, Max: 0, Diff: 0, Sum: 0, Workers: 4
[576.282s][debug][gc,phases      ] GC(135)   StringDedup Requests0 Weak     Min:  0.0, Avg:  0.0, Max:  0.0, Diff:  0.0, Sum:  0.0, Workers: 4
[576.282s][debug][gc,phases      ] GC(135)     Dead                           Min: 0, Avg:  0.0, Max: 0, Diff: 0, Sum: 0, Workers: 4
[576.282s][debug][gc,phases      ] GC(135)     Total                          Min: 0, Avg:  0.0, Max: 0, Diff: 0, Sum: 0, Workers: 4
[576.282s][debug][gc,phases      ] GC(135)   StringDedup Requests1 Weak     Min:  0.0, Avg:  0.0, Max:  0.0, Diff:  0.0, Sum:  0.0, Workers: 4
[576.282s][debug][gc,phases      ] GC(135)     Dead                           Min: 0, Avg:  0.0, Max: 0, Diff: 0, Sum: 0, Workers: 4
[576.282s][debug][gc,phases      ] GC(135)     Total                          Min: 0, Avg:  0.0, Max: 0, Diff: 0, Sum: 0, Workers: 4
[576.282s][debug][gc,phases      ] GC(135)   Weak JFR Old Object Samples    Min:  0.0, Avg:  0.0, Max:  0.0, Diff:  0.0, Sum:  0.0, Workers: 4
[576.282s][debug][gc,phases      ] GC(135)     Dead                           Min: 0, Avg:  0.0, Max: 0, Diff: 0, Sum: 0, Workers: 4
[576.282s][debug][gc,phases      ] GC(135)     Total                          Min: 0, Avg:  0.0, Max: 0, Diff: 0, Sum: 0, Workers: 4
[576.282s][debug][gc,phases      ] GC(135) Weak Processing 0.336ms
[576.282s][debug][gc,age         ] GC(135) Desired survivor size 15728640 bytes, new threshold 15 (max threshold 15)
[576.282s][info ][gc,heap        ] GC(135) PSYoungGen: 2065984K(2081792K)->5724K(2080768K) Eden: 2065408K(2065408K)->0K(2065408K) From: 576K(16384K)->5724K(15360K)
[576.282s][info ][gc,heap        ] GC(135) ParOldGen: 298505K(351232K)->298513K(351232K)
[576.282s][info ][gc,metaspace   ] GC(135) Metaspace: 84802K(85696K)->84802K(85696K) NonClass: 72392K(72896K)->72392K(72896K) Class: 12409K(12800K)->12409K(12800K)
[576.282s][info ][gc             ] GC(135) Pause Young (Allocation Failure) 2309M->297M(2375M) 3.631ms
[576.282s][info ][gc,cpu         ] GC(135) User=0.02s Sys=0.00s Real=0.01s
[576.282s][info ][safepoint      ] Safepoint "ParallelGCFailedAllocation", Time since last: 894920397 ns, Reaching safepoint: 73799 ns, Cleanup: 3800 ns, At safepoint: 3697293 ns, Total: 3774892 ns
[577.283s][info ][safepoint      ] Safepoint "Cleanup", Time since last: 1000081784 ns, Reaching safepoint: 74300 ns, Cleanup: 12300 ns, At safepoint: 5700 ns, Total: 92300 ns
[579.142s][info ][gc,start       ] GC(136) Pause Young (Allocation Failure)
[579.146s][debug][gc,phases      ] GC(136) Scavenge 4.088ms
[579.146s][debug][gc,ref         ] GC(136) Skipped phase 1 of Reference Processing: no references
[579.146s][debug][gc,ref         ] GC(136) ReferenceProcessor::execute queues: 1, RefProcThreadModel::Single, marks_oops_alive: false
[579.146s][debug][gc,ref         ] GC(136) Skipped phase 3 of Reference Processing: no references
[579.146s][debug][gc,ref         ] GC(136) ReferenceProcessor::execute queues: 1, RefProcThreadModel::Single, marks_oops_alive: false
[579.146s][debug][gc,phases      ] GC(136) Reference Processing 0.101ms
[579.146s][debug][gc,phases      ] GC(136)   VM Weak                        Min:  0.0, Avg:  0.0, Max:  0.0, Diff:  0.0, Sum:  0.0, Workers: 4
[579.146s][debug][gc,phases      ] GC(136)     Dead                           Min: 0, Avg:  0.0, Max: 0, Diff: 0, Sum: 0, Workers: 4
[579.146s][debug][gc,phases      ] GC(136)     Total                          Min: 0, Avg: 183.0, Max: 576, Diff: 576, Sum: 732, Workers: 4
[579.146s][debug][gc,phases      ] GC(136)   ObjectSynchronizer Weak        Min:  0.0, Avg:  0.0, Max:  0.0, Diff:  0.0, Sum:  0.0, Workers: 4
[579.146s][debug][gc,phases      ] GC(136)     Dead                           Min: 0, Avg:  0.0, Max: 0, Diff: 0, Sum: 0, Workers: 4
[579.146s][debug][gc,phases      ] GC(136)     Total                          Min: 0, Avg:  1.0, Max: 4, Diff: 4, Sum: 4, Workers: 4
[579.146s][debug][gc,phases      ] GC(136)   JVMTI Tag Weak OopStorage      Min:  0.0, Avg:  0.0, Max:  0.0, Diff:  0.0, Sum:  0.0, Workers: 4
[579.146s][debug][gc,phases      ] GC(136)     Dead                           Min: 0, Avg:  0.0, Max: 0, Diff: 0, Sum: 0, Workers: 4
[579.146s][debug][gc,phases      ] GC(136)     Total                          Min: 0, Avg:  0.0, Max: 0, Diff: 0, Sum: 0, Workers: 4
[579.146s][debug][gc,phases      ] GC(136)   StringTable Weak               Min:  0.1, Avg:  0.1, Max:  0.1, Diff:  0.0, Sum:  0.5, Workers: 4
[579.146s][debug][gc,phases      ] GC(136)     Dead                           Min: 0, Avg:  0.0, Max: 0, Diff: 0, Sum: 0, Workers: 4
[579.146s][debug][gc,phases      ] GC(136)     Total                          Min: 6592, Avg: 10999.2, Max: 14208, Diff: 7616, Sum: 43997, Workers: 4
[579.146s][debug][gc,phases      ] GC(136)   ResolvedMethodTable Weak       Min:  0.0, Avg:  0.0, Max:  0.0, Diff:  0.0, Sum:  0.1, Workers: 4
[579.146s][debug][gc,phases      ] GC(136)     Dead                           Min: 0, Avg:  0.0, Max: 0, Diff: 0, Sum: 0, Workers: 4
[579.146s][debug][gc,phases      ] GC(136)     Total                          Min: 2560, Avg: 2591.8, Max: 2624, Diff: 64, Sum: 10367, Workers: 4
[579.146s][debug][gc,phases      ] GC(136)   JNI Weak                       Min:  0.0, Avg:  0.0, Max:  0.0, Diff:  0.0, Sum:  0.0, Workers: 4
[579.146s][debug][gc,phases      ] GC(136)     Dead                           Min: 0, Avg:  0.0, Max: 0, Diff: 0, Sum: 0, Workers: 4
[579.146s][debug][gc,phases      ] GC(136)     Total                          Min: 0, Avg: 11.2, Max: 45, Diff: 45, Sum: 45, Workers: 4
[579.146s][debug][gc,phases      ] GC(136)   StringDedup Table Weak         Min:  0.0, Avg:  0.0, Max:  0.0, Diff:  0.0, Sum:  0.0, Workers: 4
[579.146s][debug][gc,phases      ] GC(136)     Dead                           Min: 0, Avg:  0.0, Max: 0, Diff: 0, Sum: 0, Workers: 4
[579.146s][debug][gc,phases      ] GC(136)     Total                          Min: 0, Avg:  0.0, Max: 0, Diff: 0, Sum: 0, Workers: 4
[579.146s][debug][gc,phases      ] GC(136)   StringDedup Requests0 Weak     Min:  0.0, Avg:  0.0, Max:  0.0, Diff:  0.0, Sum:  0.0, Workers: 4
[579.146s][debug][gc,phases      ] GC(136)     Dead                           Min: 0, Avg:  0.0, Max: 0, Diff: 0, Sum: 0, Workers: 4
[579.146s][debug][gc,phases      ] GC(136)     Total                          Min: 0, Avg:  0.0, Max: 0, Diff: 0, Sum: 0, Workers: 4
[579.146s][debug][gc,phases      ] GC(136)   StringDedup Requests1 Weak     Min:  0.0, Avg:  0.0, Max:  0.0, Diff:  0.0, Sum:  0.0, Workers: 4
[579.146s][debug][gc,phases      ] GC(136)     Dead                           Min: 0, Avg:  0.0, Max: 0, Diff: 0, Sum: 0, Workers: 4
[579.146s][debug][gc,phases      ] GC(136)     Total                          Min: 0, Avg:  0.0, Max: 0, Diff: 0, Sum: 0, Workers: 4
[579.146s][debug][gc,phases      ] GC(136)   Weak JFR Old Object Samples    Min:  0.0, Avg:  0.0, Max:  0.0, Diff:  0.0, Sum:  0.0, Workers: 4
[579.146s][debug][gc,phases      ] GC(136)     Dead                           Min: 0, Avg:  0.0, Max: 0, Diff: 0, Sum: 0, Workers: 4
[579.146s][debug][gc,phases      ] GC(136)     Total                          Min: 0, Avg:  0.0, Max: 0, Diff: 0, Sum: 0, Workers: 4
[579.146s][debug][gc,phases      ] GC(136) Weak Processing 0.325ms
[579.146s][debug][gc,age         ] GC(136) Desired survivor size 15728640 bytes, new threshold 15 (max threshold 15)
[579.146s][info ][gc,heap        ] GC(136) PSYoungGen: 2071132K(2080768K)->5692K(2081792K) Eden: 2065408K(2065408K)->0K(2066432K) From: 5724K(15360K)->5692K(15360K)
[579.146s][info ][gc,heap        ] GC(136) ParOldGen: 298513K(351232K)->298545K(351232K)
[579.146s][info ][gc,metaspace   ] GC(136) Metaspace: 84803K(85696K)->84803K(85696K) NonClass: 72393K(72896K)->72393K(72896K) Class: 12409K(12800K)->12409K(12800K)
[579.146s][info ][gc             ] GC(136) Pause Young (Allocation Failure) 2314M->297M(2376M) 4.622ms
[579.146s][info ][gc,cpu         ] GC(136) User=0.01s Sys=0.00s Real=0.00s
[579.147s][info ][safepoint      ] Safepoint "ParallelGCFailedAllocation", Time since last: 1859169453 ns, Reaching safepoint: 4400 ns, Cleanup: 13600 ns, At safepoint: 4685091 ns, Total: 4703091 ns
[580.147s][info ][safepoint      ] Safepoint "Cleanup", Time since last: 1000090784 ns, Reaching safepoint: 82200 ns, Cleanup: 10300 ns, At safepoint: 7500 ns, Total: 100000 ns
[581.147s][info ][safepoint      ] Safepoint "Cleanup", Time since last: 1000115185 ns, Reaching safepoint: 76100 ns, Cleanup: 12000 ns, At safepoint: 5700 ns, Total: 93800 ns
[582.039s][info ][gc,start       ] GC(137) Pause Young (Allocation Failure)
[582.043s][debug][gc,phases      ] GC(137) Scavenge 4.067ms
[582.043s][debug][gc,ref         ] GC(137) Skipped phase 1 of Reference Processing: no references
[582.043s][debug][gc,ref         ] GC(137) ReferenceProcessor::execute queues: 1, RefProcThreadModel::Single, marks_oops_alive: false
[582.043s][debug][gc,ref         ] GC(137) Skipped phase 3 of Reference Processing: no references
[582.043s][debug][gc,ref         ] GC(137) ReferenceProcessor::execute queues: 1, RefProcThreadModel::Single, marks_oops_alive: false
[582.043s][debug][gc,phases      ] GC(137) Reference Processing 0.095ms
[582.043s][debug][gc,phases      ] GC(137)   VM Weak                        Min:  0.0, Avg:  0.0, Max:  0.0, Diff:  0.0, Sum:  0.0, Workers: 4
[582.043s][debug][gc,phases      ] GC(137)     Dead                           Min: 0, Avg:  0.0, Max: 0, Diff: 0, Sum: 0, Workers: 4
[582.043s][debug][gc,phases      ] GC(137)     Total                          Min: 0, Avg: 183.0, Max: 412, Diff: 412, Sum: 732, Workers: 4
[582.043s][debug][gc,phases      ] GC(137)   ObjectSynchronizer Weak        Min:  0.0, Avg:  0.0, Max:  0.0, Diff:  0.0, Sum:  0.0, Workers: 4
[582.043s][debug][gc,phases      ] GC(137)     Dead                           Min: 0, Avg:  0.0, Max: 0, Diff: 0, Sum: 0, Workers: 4
[582.043s][debug][gc,phases      ] GC(137)     Total                          Min: 0, Avg:  1.0, Max: 4, Diff: 4, Sum: 4, Workers: 4
[582.043s][debug][gc,phases      ] GC(137)   JVMTI Tag Weak OopStorage      Min:  0.0, Avg:  0.0, Max:  0.0, Diff:  0.0, Sum:  0.0, Workers: 4
[582.043s][debug][gc,phases      ] GC(137)     Dead                           Min: 0, Avg:  0.0, Max: 0, Diff: 0, Sum: 0, Workers: 4
[582.043s][debug][gc,phases      ] GC(137)     Total                          Min: 0, Avg:  0.0, Max: 0, Diff: 0, Sum: 0, Workers: 4
[582.043s][debug][gc,phases      ] GC(137)   StringTable Weak               Min:  0.0, Avg:  0.1, Max:  0.1, Diff:  0.1, Sum:  0.4, Workers: 4
[582.043s][debug][gc,phases      ] GC(137)     Dead                           Min: 0, Avg:  0.0, Max: 0, Diff: 0, Sum: 0, Workers: 4
[582.043s][debug][gc,phases      ] GC(137)     Total                          Min: 0, Avg: 10999.2, Max: 14976, Diff: 14976, Sum: 43997, Workers: 4
[582.043s][debug][gc,phases      ] GC(137)   ResolvedMethodTable Weak       Min:  0.0, Avg:  0.0, Max:  0.0, Diff:  0.0, Sum:  0.1, Workers: 4
[582.043s][debug][gc,phases      ] GC(137)     Dead                           Min: 0, Avg:  0.0, Max: 0, Diff: 0, Sum: 0, Workers: 4
[582.043s][debug][gc,phases      ] GC(137)     Total                          Min: 0, Avg: 2591.8, Max: 3712, Diff: 3712, Sum: 10367, Workers: 4
[582.043s][debug][gc,phases      ] GC(137)   JNI Weak                       Min:  0.0, Avg:  0.0, Max:  0.0, Diff:  0.0, Sum:  0.0, Workers: 4
[582.043s][debug][gc,phases      ] GC(137)     Dead                           Min: 0, Avg:  0.0, Max: 0, Diff: 0, Sum: 0, Workers: 4
[582.043s][debug][gc,phases      ] GC(137)     Total                          Min: 0, Avg: 11.2, Max: 45, Diff: 45, Sum: 45, Workers: 4
[582.043s][debug][gc,phases      ] GC(137)   StringDedup Table Weak         Min:  0.0, Avg:  0.0, Max:  0.0, Diff:  0.0, Sum:  0.0, Workers: 4
[582.043s][debug][gc,phases      ] GC(137)     Dead                           Min: 0, Avg:  0.0, Max: 0, Diff: 0, Sum: 0, Workers: 4
[582.043s][debug][gc,phases      ] GC(137)     Total                          Min: 0, Avg:  0.0, Max: 0, Diff: 0, Sum: 0, Workers: 4
[582.043s][debug][gc,phases      ] GC(137)   StringDedup Requests0 Weak     Min:  0.0, Avg:  0.0, Max:  0.0, Diff:  0.0, Sum:  0.0, Workers: 4
[582.043s][debug][gc,phases      ] GC(137)     Dead                           Min: 0, Avg:  0.0, Max: 0, Diff: 0, Sum: 0, Workers: 4
[582.043s][debug][gc,phases      ] GC(137)     Total                          Min: 0, Avg:  0.0, Max: 0, Diff: 0, Sum: 0, Workers: 4
[582.043s][debug][gc,phases      ] GC(137)   StringDedup Requests1 Weak     Min:  0.0, Avg:  0.0, Max:  0.0, Diff:  0.0, Sum:  0.0, Workers: 4
[582.043s][debug][gc,phases      ] GC(137)     Dead                           Min: 0, Avg:  0.0, Max: 0, Diff: 0, Sum: 0, Workers: 4
[582.043s][debug][gc,phases      ] GC(137)     Total                          Min: 0, Avg:  0.0, Max: 0, Diff: 0, Sum: 0, Workers: 4
[582.043s][debug][gc,phases      ] GC(137)   Weak JFR Old Object Samples    Min:  0.0, Avg:  0.0, Max:  0.0, Diff:  0.0, Sum:  0.0, Workers: 4
[582.043s][debug][gc,phases      ] GC(137)     Dead                           Min: 0, Avg:  0.0, Max: 0, Diff: 0, Sum: 0, Workers: 4
[582.043s][debug][gc,phases      ] GC(137)     Total                          Min: 0, Avg:  0.0, Max: 0, Diff: 0, Sum: 0, Workers: 4
[582.043s][debug][gc,phases      ] GC(137) Weak Processing 0.347ms
[582.043s][debug][gc,age         ] GC(137) Desired survivor size 15728640 bytes, new threshold 15 (max threshold 15)
[582.043s][info ][gc,heap        ] GC(137) PSYoungGen: 2072124K(2081792K)->5996K(2081792K) Eden: 2066432K(2066432K)->0K(2066432K) From: 5692K(15360K)->5996K(15360K)
[582.043s][info ][gc,heap        ] GC(137) ParOldGen: 298545K(351232K)->298545K(351232K)
[582.043s][info ][gc,metaspace   ] GC(137) Metaspace: 84803K(85696K)->84803K(85696K) NonClass: 72393K(72896K)->72393K(72896K) Class: 12409K(12800K)->12409K(12800K)
[582.043s][info ][gc             ] GC(137) Pause Young (Allocation Failure) 2315M->297M(2376M) 4.609ms
[582.043s][info ][gc,cpu         ] GC(137) User=0.01s Sys=0.00s Real=0.01s
[582.043s][info ][safepoint      ] Safepoint "ParallelGCFailedAllocation", Time since last: 891578703 ns, Reaching safepoint: 4600 ns, Cleanup: 4000 ns, At safepoint: 4673590 ns, Total: 4682190 ns
[584.043s][info ][safepoint      ] Safepoint "Cleanup", Time since last: 2000160461 ns, Reaching safepoint: 75200 ns, Cleanup: 10300 ns, At safepoint: 5000 ns, Total: 90500 ns
[584.995s][info ][gc,start       ] GC(138) Pause Young (Allocation Failure)
[584.999s][debug][gc,phases      ] GC(138) Scavenge 3.731ms
[584.999s][debug][gc,ref         ] GC(138) Skipped phase 1 of Reference Processing: no references
[584.999s][debug][gc,ref         ] GC(138) ReferenceProcessor::execute queues: 1, RefProcThreadModel::Single, marks_oops_alive: false
[584.999s][debug][gc,ref         ] GC(138) ReferenceProcessor::execute queues: 4, RefProcThreadModel::Multi, marks_oops_alive: true
[584.999s][debug][gc,ref         ] GC(138) ReferenceProcessor::execute queues: 1, RefProcThreadModel::Single, marks_oops_alive: false
[584.999s][debug][gc,phases      ] GC(138) Reference Processing 0.175ms
[584.999s][debug][gc,phases      ] GC(138)   VM Weak                        Min:  0.0, Avg:  0.0, Max:  0.0, Diff:  0.0, Sum:  0.0, Workers: 4
[584.999s][debug][gc,phases      ] GC(138)     Dead                           Min: 0, Avg:  0.0, Max: 0, Diff: 0, Sum: 0, Workers: 4
[584.999s][debug][gc,phases      ] GC(138)     Total                          Min: 0, Avg: 183.0, Max: 512, Diff: 512, Sum: 732, Workers: 4
[584.999s][debug][gc,phases      ] GC(138)   ObjectSynchronizer Weak        Min:  0.0, Avg:  0.0, Max:  0.0, Diff:  0.0, Sum:  0.0, Workers: 4
[584.999s][debug][gc,phases      ] GC(138)     Dead                           Min: 0, Avg:  0.0, Max: 0, Diff: 0, Sum: 0, Workers: 4
[584.999s][debug][gc,phases      ] GC(138)     Total                          Min: 0, Avg:  1.0, Max: 4, Diff: 4, Sum: 4, Workers: 4
[584.999s][debug][gc,phases      ] GC(138)   JVMTI Tag Weak OopStorage      Min:  0.0, Avg:  0.0, Max:  0.0, Diff:  0.0, Sum:  0.0, Workers: 4
[584.999s][debug][gc,phases      ] GC(138)     Dead                           Min: 0, Avg:  0.0, Max: 0, Diff: 0, Sum: 0, Workers: 4
[584.999s][debug][gc,phases      ] GC(138)     Total                          Min: 0, Avg:  0.0, Max: 0, Diff: 0, Sum: 0, Workers: 4
[584.999s][debug][gc,phases      ] GC(138)   StringTable Weak               Min:  0.1, Avg:  0.1, Max:  0.1, Diff:  0.0, Sum:  0.4, Workers: 4
[584.999s][debug][gc,phases      ] GC(138)     Dead                           Min: 0, Avg:  0.0, Max: 0, Diff: 0, Sum: 0, Workers: 4
[584.999s][debug][gc,phases      ] GC(138)     Total                          Min: 10688, Avg: 10999.5, Max: 11294, Diff: 606, Sum: 43998, Workers: 4
[584.999s][debug][gc,phases      ] GC(138)   ResolvedMethodTable Weak       Min:  0.0, Avg:  0.0, Max:  0.0, Diff:  0.0, Sum:  0.1, Workers: 4
[584.999s][debug][gc,phases      ] GC(138)     Dead                           Min: 0, Avg:  0.0, Max: 0, Diff: 0, Sum: 0, Workers: 4
[584.999s][debug][gc,phases      ] GC(138)     Total                          Min: 1280, Avg: 2591.8, Max: 3135, Diff: 1855, Sum: 10367, Workers: 4
[584.999s][debug][gc,phases      ] GC(138)   JNI Weak                       Min:  0.0, Avg:  0.0, Max:  0.0, Diff:  0.0, Sum:  0.0, Workers: 4
[584.999s][debug][gc,phases      ] GC(138)     Dead                           Min: 0, Avg:  0.0, Max: 0, Diff: 0, Sum: 0, Workers: 4
[584.999s][debug][gc,phases      ] GC(138)     Total                          Min: 0, Avg: 11.2, Max: 45, Diff: 45, Sum: 45, Workers: 4
[584.999s][debug][gc,phases      ] GC(138)   StringDedup Table Weak         Min:  0.0, Avg:  0.0, Max:  0.0, Diff:  0.0, Sum:  0.0, Workers: 4
[584.999s][debug][gc,phases      ] GC(138)     Dead                           Min: 0, Avg:  0.0, Max: 0, Diff: 0, Sum: 0, Workers: 4
[584.999s][debug][gc,phases      ] GC(138)     Total                          Min: 0, Avg:  0.0, Max: 0, Diff: 0, Sum: 0, Workers: 4
[584.999s][debug][gc,phases      ] GC(138)   StringDedup Requests0 Weak     Min:  0.0, Avg:  0.0, Max:  0.0, Diff:  0.0, Sum:  0.0, Workers: 4
[584.999s][debug][gc,phases      ] GC(138)     Dead                           Min: 0, Avg:  0.0, Max: 0, Diff: 0, Sum: 0, Workers: 4
[584.999s][debug][gc,phases      ] GC(138)     Total                          Min: 0, Avg:  0.0, Max: 0, Diff: 0, Sum: 0, Workers: 4
[584.999s][debug][gc,phases      ] GC(138)   StringDedup Requests1 Weak     Min:  0.0, Avg:  0.0, Max:  0.0, Diff:  0.0, Sum:  0.0, Workers: 4
[584.999s][debug][gc,phases      ] GC(138)     Dead                           Min: 0, Avg:  0.0, Max: 0, Diff: 0, Sum: 0, Workers: 4
[584.999s][debug][gc,phases      ] GC(138)     Total                          Min: 0, Avg:  0.0, Max: 0, Diff: 0, Sum: 0, Workers: 4
[584.999s][debug][gc,phases      ] GC(138)   Weak JFR Old Object Samples    Min:  0.0, Avg:  0.0, Max:  0.0, Diff:  0.0, Sum:  0.0, Workers: 4
[584.999s][debug][gc,phases      ] GC(138)     Dead                           Min: 0, Avg:  0.0, Max: 0, Diff: 0, Sum: 0, Workers: 4
[584.999s][debug][gc,phases      ] GC(138)     Total                          Min: 0, Avg:  0.0, Max: 0, Diff: 0, Sum: 0, Workers: 4
[584.999s][debug][gc,phases      ] GC(138) Weak Processing 0.307ms
[584.999s][debug][gc,age         ] GC(138) Desired survivor size 15728640 bytes, new threshold 15 (max threshold 15)
[584.999s][info ][gc,heap        ] GC(138) PSYoungGen: 2072428K(2081792K)->6268K(2081792K) Eden: 2066432K(2066432K)->0K(2066432K) From: 5996K(15360K)->6268K(15360K)
[584.999s][info ][gc,heap        ] GC(138) ParOldGen: 298545K(351232K)->298577K(351232K)
[584.999s][info ][gc,metaspace   ] GC(138) Metaspace: 84815K(85696K)->84815K(85696K) NonClass: 72405K(72896K)->72405K(72896K) Class: 12409K(12800K)->12409K(12800K)
[584.999s][info ][gc             ] GC(138) Pause Young (Allocation Failure) 2315M->297M(2376M) 4.318ms
[584.999s][info ][gc,cpu         ] GC(138) User=0.02s Sys=0.00s Real=0.00s
[585.000s][info ][safepoint      ] Safepoint "ParallelGCFailedAllocation", Time since last: 951610358 ns, Reaching safepoint: 73500 ns, Cleanup: 10700 ns, At safepoint: 4390510 ns, Total: 4474710 ns
[586.000s][info ][safepoint      ] Safepoint "Cleanup", Time since last: 1000089373 ns, Reaching safepoint: 73900 ns, Cleanup: 8200 ns, At safepoint: 5600 ns, Total: 87700 ns
[588.000s][info ][safepoint      ] Safepoint "Cleanup", Time since last: 2000136481 ns, Reaching safepoint: 4700 ns, Cleanup: 9900 ns, At safepoint: 2400 ns, Total: 17000 ns
[588.184s][info ][gc,start       ] GC(139) Pause Young (Allocation Failure)
[588.188s][debug][gc,phases      ] GC(139) Scavenge 3.622ms
[588.188s][debug][gc,ref         ] GC(139) Skipped phase 1 of Reference Processing: no references
[588.188s][debug][gc,ref         ] GC(139) ReferenceProcessor::execute queues: 1, RefProcThreadModel::Single, marks_oops_alive: false
[588.188s][debug][gc,ref         ] GC(139) Skipped phase 3 of Reference Processing: no references
[588.188s][debug][gc,ref         ] GC(139) ReferenceProcessor::execute queues: 1, RefProcThreadModel::Single, marks_oops_alive: false
[588.188s][debug][gc,phases      ] GC(139) Reference Processing 0.095ms
[588.188s][debug][gc,phases      ] GC(139)   VM Weak                        Min:  0.0, Avg:  0.0, Max:  0.0, Diff:  0.0, Sum:  0.0, Workers: 4
[588.188s][debug][gc,phases      ] GC(139)     Dead                           Min: 0, Avg:  0.0, Max: 0, Diff: 0, Sum: 0, Workers: 4
[588.188s][debug][gc,phases      ] GC(139)     Total                          Min: 0, Avg: 183.0, Max: 320, Diff: 320, Sum: 732, Workers: 4
[588.188s][debug][gc,phases      ] GC(139)   ObjectSynchronizer Weak        Min:  0.0, Avg:  0.0, Max:  0.0, Diff:  0.0, Sum:  0.0, Workers: 4
[588.188s][debug][gc,phases      ] GC(139)     Dead                           Min: 0, Avg:  0.0, Max: 0, Diff: 0, Sum: 0, Workers: 4
[588.188s][debug][gc,phases      ] GC(139)     Total                          Min: 0, Avg:  1.0, Max: 4, Diff: 4, Sum: 4, Workers: 4
[588.188s][debug][gc,phases      ] GC(139)   JVMTI Tag Weak OopStorage      Min:  0.0, Avg:  0.0, Max:  0.0, Diff:  0.0, Sum:  0.0, Workers: 4
[588.188s][debug][gc,phases      ] GC(139)     Dead                           Min: 0, Avg:  0.0, Max: 0, Diff: 0, Sum: 0, Workers: 4
[588.188s][debug][gc,phases      ] GC(139)     Total                          Min: 0, Avg:  0.0, Max: 0, Diff: 0, Sum: 0, Workers: 4
[588.188s][debug][gc,phases      ] GC(139)   StringTable Weak               Min:  0.0, Avg:  0.1, Max:  0.1, Diff:  0.1, Sum:  0.4, Workers: 4
[588.188s][debug][gc,phases      ] GC(139)     Dead                           Min: 0, Avg:  0.0, Max: 0, Diff: 0, Sum: 0, Workers: 4
[588.188s][debug][gc,phases      ] GC(139)     Total                          Min: 0, Avg: 10999.5, Max: 14848, Diff: 14848, Sum: 43998, Workers: 4
[588.188s][debug][gc,phases      ] GC(139)   ResolvedMethodTable Weak       Min:  0.0, Avg:  0.0, Max:  0.0, Diff:  0.0, Sum:  0.1, Workers: 4
[588.188s][debug][gc,phases      ] GC(139)     Dead                           Min: 0, Avg:  0.0, Max: 0, Diff: 0, Sum: 0, Workers: 4
[588.188s][debug][gc,phases      ] GC(139)     Total                          Min: 0, Avg: 2591.8, Max: 3584, Diff: 3584, Sum: 10367, Workers: 4
[588.188s][debug][gc,phases      ] GC(139)   JNI Weak                       Min:  0.0, Avg:  0.0, Max:  0.0, Diff:  0.0, Sum:  0.0, Workers: 4
[588.188s][debug][gc,phases      ] GC(139)     Dead                           Min: 0, Avg:  0.0, Max: 0, Diff: 0, Sum: 0, Workers: 4
[588.188s][debug][gc,phases      ] GC(139)     Total                          Min: 0, Avg: 11.2, Max: 45, Diff: 45, Sum: 45, Workers: 4
[588.188s][debug][gc,phases      ] GC(139)   StringDedup Table Weak         Min:  0.0, Avg:  0.0, Max:  0.0, Diff:  0.0, Sum:  0.0, Workers: 4
[588.188s][debug][gc,phases      ] GC(139)     Dead                           Min: 0, Avg:  0.0, Max: 0, Diff: 0, Sum: 0, Workers: 4
[588.188s][debug][gc,phases      ] GC(139)     Total                          Min: 0, Avg:  0.0, Max: 0, Diff: 0, Sum: 0, Workers: 4
[588.188s][debug][gc,phases      ] GC(139)   StringDedup Requests0 Weak     Min:  0.0, Avg:  0.0, Max:  0.0, Diff:  0.0, Sum:  0.0, Workers: 4
[588.188s][debug][gc,phases      ] GC(139)     Dead                           Min: 0, Avg:  0.0, Max: 0, Diff: 0, Sum: 0, Workers: 4
[588.188s][debug][gc,phases      ] GC(139)     Total                          Min: 0, Avg:  0.0, Max: 0, Diff: 0, Sum: 0, Workers: 4
[588.188s][debug][gc,phases      ] GC(139)   StringDedup Requests1 Weak     Min:  0.0, Avg:  0.0, Max:  0.0, Diff:  0.0, Sum:  0.0, Workers: 4
[588.188s][debug][gc,phases      ] GC(139)     Dead                           Min: 0, Avg:  0.0, Max: 0, Diff: 0, Sum: 0, Workers: 4
[588.188s][debug][gc,phases      ] GC(139)     Total                          Min: 0, Avg:  0.0, Max: 0, Diff: 0, Sum: 0, Workers: 4
[588.188s][debug][gc,phases      ] GC(139)   Weak JFR Old Object Samples    Min:  0.0, Avg:  0.0, Max:  0.0, Diff:  0.0, Sum:  0.0, Workers: 4
[588.188s][debug][gc,phases      ] GC(139)     Dead                           Min: 0, Avg:  0.0, Max: 0, Diff: 0, Sum: 0, Workers: 4
[588.188s][debug][gc,phases      ] GC(139)     Total                          Min: 0, Avg:  0.0, Max: 0, Diff: 0, Sum: 0, Workers: 4
[588.189s][debug][gc,phases      ] GC(139) Weak Processing 0.417ms
[588.189s][debug][gc,age         ] GC(139) Desired survivor size 15728640 bytes, new threshold 15 (max threshold 15)
[588.189s][info ][gc,heap        ] GC(139) PSYoungGen: 2072700K(2081792K)->6268K(2081792K) Eden: 2066432K(2066432K)->0K(2066432K) From: 6268K(15360K)->6268K(15360K)
[588.189s][info ][gc,heap        ] GC(139) ParOldGen: 298577K(351232K)->298601K(351232K)
[588.189s][info ][gc,metaspace   ] GC(139) Metaspace: 84816K(85696K)->84816K(85696K) NonClass: 72407K(72896K)->72407K(72896K) Class: 12409K(12800K)->12409K(12800K)
[588.189s][info ][gc             ] GC(139) Pause Young (Allocation Failure) 2315M->297M(2376M) 4.240ms
[588.189s][info ][gc,cpu         ] GC(139) User=0.01s Sys=0.00s Real=0.00s
[588.189s][info ][safepoint      ] Safepoint "ParallelGCFailedAllocation", Time since last: 184360116 ns, Reaching safepoint: 72700 ns, Cleanup: 3700 ns, At safepoint: 4310591 ns, Total: 4386991 ns
[589.189s][info ][safepoint      ] Safepoint "Cleanup", Time since last: 1000085914 ns, Reaching safepoint: 76400 ns, Cleanup: 9900 ns, At safepoint: 6200 ns, Total: 92500 ns
[590.189s][info ][safepoint      ] Safepoint "Cleanup", Time since last: 1000109414 ns, Reaching safepoint: 76600 ns, Cleanup: 11300 ns, At safepoint: 6400 ns, Total: 94300 ns
[591.895s][info ][gc,start       ] GC(140) Pause Young (Allocation Failure)
[591.897s][debug][gc,phases      ] GC(140) Scavenge 2.348ms
[591.897s][debug][gc,ref         ] GC(140) Skipped phase 1 of Reference Processing: no references
[591.897s][debug][gc,ref         ] GC(140) ReferenceProcessor::execute queues: 1, RefProcThreadModel::Single, marks_oops_alive: false
[591.897s][debug][gc,ref         ] GC(140) Skipped phase 3 of Reference Processing: no references
[591.897s][debug][gc,ref         ] GC(140) ReferenceProcessor::execute queues: 1, RefProcThreadModel::Single, marks_oops_alive: false
[591.897s][debug][gc,phases      ] GC(140) Reference Processing 0.096ms
[591.897s][debug][gc,phases      ] GC(140)   VM Weak                        Min:  0.0, Avg:  0.0, Max:  0.0, Diff:  0.0, Sum:  0.0, Workers: 4
[591.898s][debug][gc,phases      ] GC(140)     Dead                           Min: 0, Avg:  0.0, Max: 0, Diff: 0, Sum: 0, Workers: 4
[591.898s][debug][gc,phases      ] GC(140)     Total                          Min: 0, Avg: 183.0, Max: 476, Diff: 476, Sum: 732, Workers: 4
[591.898s][debug][gc,phases      ] GC(140)   ObjectSynchronizer Weak        Min:  0.0, Avg:  0.0, Max:  0.0, Diff:  0.0, Sum:  0.0, Workers: 4
[591.898s][debug][gc,phases      ] GC(140)     Dead                           Min: 0, Avg:  0.0, Max: 0, Diff: 0, Sum: 0, Workers: 4
[591.898s][debug][gc,phases      ] GC(140)     Total                          Min: 0, Avg:  1.0, Max: 4, Diff: 4, Sum: 4, Workers: 4
[591.898s][debug][gc,phases      ] GC(140)   JVMTI Tag Weak OopStorage      Min:  0.0, Avg:  0.0, Max:  0.0, Diff:  0.0, Sum:  0.0, Workers: 4
[591.898s][debug][gc,phases      ] GC(140)     Dead                           Min: 0, Avg:  0.0, Max: 0, Diff: 0, Sum: 0, Workers: 4
[591.898s][debug][gc,phases      ] GC(140)     Total                          Min: 0, Avg:  0.0, Max: 0, Diff: 0, Sum: 0, Workers: 4
[591.898s][debug][gc,phases      ] GC(140)   StringTable Weak               Min:  0.0, Avg:  0.1, Max:  0.1, Diff:  0.1, Sum:  0.4, Workers: 4
[591.898s][debug][gc,phases      ] GC(140)     Dead                           Min: 0, Avg:  0.0, Max: 0, Diff: 0, Sum: 0, Workers: 4
[591.898s][debug][gc,phases      ] GC(140)     Total                          Min: 0, Avg: 11000.2, Max: 19617, Diff: 19617, Sum: 44001, Workers: 4
[591.898s][debug][gc,phases      ] GC(140)   ResolvedMethodTable Weak       Min:  0.0, Avg:  0.0, Max:  0.0, Diff:  0.0, Sum:  0.1, Workers: 4
[591.898s][debug][gc,phases      ] GC(140)     Dead                           Min: 0, Avg:  0.0, Max: 0, Diff: 0, Sum: 0, Workers: 4
[591.898s][debug][gc,phases      ] GC(140)     Total                          Min: 0, Avg: 2591.8, Max: 4096, Diff: 4096, Sum: 10367, Workers: 4
[591.898s][debug][gc,phases      ] GC(140)   JNI Weak                       Min:  0.0, Avg:  0.0, Max:  0.0, Diff:  0.0, Sum:  0.0, Workers: 4
[591.898s][debug][gc,phases      ] GC(140)     Dead                           Min: 0, Avg:  0.0, Max: 0, Diff: 0, Sum: 0, Workers: 4
[591.898s][debug][gc,phases      ] GC(140)     Total                          Min: 0, Avg: 11.2, Max: 45, Diff: 45, Sum: 45, Workers: 4
[591.898s][debug][gc,phases      ] GC(140)   StringDedup Table Weak         Min:  0.0, Avg:  0.0, Max:  0.0, Diff:  0.0, Sum:  0.0, Workers: 4
[591.898s][debug][gc,phases      ] GC(140)     Dead                           Min: 0, Avg:  0.0, Max: 0, Diff: 0, Sum: 0, Workers: 4
[591.898s][debug][gc,phases      ] GC(140)     Total                          Min: 0, Avg:  0.0, Max: 0, Diff: 0, Sum: 0, Workers: 4
[591.898s][debug][gc,phases      ] GC(140)   StringDedup Requests0 Weak     Min:  0.0, Avg:  0.0, Max:  0.0, Diff:  0.0, Sum:  0.0, Workers: 4
[591.898s][debug][gc,phases      ] GC(140)     Dead                           Min: 0, Avg:  0.0, Max: 0, Diff: 0, Sum: 0, Workers: 4
[591.898s][debug][gc,phases      ] GC(140)     Total                          Min: 0, Avg:  0.0, Max: 0, Diff: 0, Sum: 0, Workers: 4
[591.898s][debug][gc,phases      ] GC(140)   StringDedup Requests1 Weak     Min:  0.0, Avg:  0.0, Max:  0.0, Diff:  0.0, Sum:  0.0, Workers: 4
[591.898s][debug][gc,phases      ] GC(140)     Dead                           Min: 0, Avg:  0.0, Max: 0, Diff: 0, Sum: 0, Workers: 4
[591.898s][debug][gc,phases      ] GC(140)     Total                          Min: 0, Avg:  0.0, Max: 0, Diff: 0, Sum: 0, Workers: 4
[591.898s][debug][gc,phases      ] GC(140)   Weak JFR Old Object Samples    Min:  0.0, Avg:  0.0, Max:  0.0, Diff:  0.0, Sum:  0.0, Workers: 4
[591.898s][debug][gc,phases      ] GC(140)     Dead                           Min: 0, Avg:  0.0, Max: 0, Diff: 0, Sum: 0, Workers: 4
[591.898s][debug][gc,phases      ] GC(140)     Total                          Min: 0, Avg:  0.0, Max: 0, Diff: 0, Sum: 0, Workers: 4
[591.898s][debug][gc,phases      ] GC(140) Weak Processing 0.328ms
[591.898s][debug][gc,age         ] GC(140) Desired survivor size 15204352 bytes, new threshold 15 (max threshold 15)
[591.898s][info ][gc,heap        ] GC(140) PSYoungGen: 2072700K(2081792K)->6524K(2082304K) Eden: 2066432K(2066432K)->0K(2066944K) From: 6268K(15360K)->6524K(15360K)
[591.898s][info ][gc,heap        ] GC(140) ParOldGen: 298601K(351232K)->298633K(351232K)
[591.898s][info ][gc,metaspace   ] GC(140) Metaspace: 84818K(85696K)->84818K(85696K) NonClass: 72408K(72896K)->72408K(72896K) Class: 12409K(12800K)->12409K(12800K)
[591.898s][info ][gc             ] GC(140) Pause Young (Allocation Failure) 2315M->298M(2376M) 2.867ms
[591.898s][info ][gc,cpu         ] GC(140) User=0.01s Sys=0.00s Real=0.00s
[591.898s][info ][safepoint      ] Safepoint "ParallelGCFailedAllocation", Time since last: 1705765680 ns, Reaching safepoint: 4400 ns, Cleanup: 4000 ns, At safepoint: 2950097 ns, Total: 2958497 ns
[593.898s][info ][safepoint      ] Safepoint "Cleanup", Time since last: 2000131567 ns, Reaching safepoint: 5100 ns, Cleanup: 13900 ns, At safepoint: 2200 ns, Total: 21200 ns
[594.898s][info ][safepoint      ] Safepoint "Cleanup", Time since last: 1000068833 ns, Reaching safepoint: 5500 ns, Cleanup: 12000 ns, At safepoint: 2000 ns, Total: 19500 ns
[595.091s][info ][gc,start       ] GC(141) Pause Young (Allocation Failure)
[595.097s][debug][gc,phases      ] GC(141) Scavenge 5.606ms
[595.097s][debug][gc,ref         ] GC(141) Skipped phase 1 of Reference Processing: no references
[595.097s][debug][gc,ref         ] GC(141) ReferenceProcessor::execute queues: 1, RefProcThreadModel::Single, marks_oops_alive: false
[595.097s][debug][gc,ref         ] GC(141) ReferenceProcessor::execute queues: 4, RefProcThreadModel::Multi, marks_oops_alive: true
[595.097s][debug][gc,ref         ] GC(141) ReferenceProcessor::execute queues: 1, RefProcThreadModel::Single, marks_oops_alive: false
[595.097s][debug][gc,phases      ] GC(141) Reference Processing 0.178ms
[595.097s][debug][gc,phases      ] GC(141)   VM Weak                        Min:  0.0, Avg:  0.0, Max:  0.0, Diff:  0.0, Sum:  0.0, Workers: 4
[595.097s][debug][gc,phases      ] GC(141)     Dead                           Min: 0, Avg:  0.0, Max: 0, Diff: 0, Sum: 0, Workers: 4
[595.097s][debug][gc,phases      ] GC(141)     Total                          Min: 0, Avg: 183.0, Max: 384, Diff: 384, Sum: 732, Workers: 4
[595.097s][debug][gc,phases      ] GC(141)   ObjectSynchronizer Weak        Min:  0.0, Avg:  0.0, Max:  0.0, Diff:  0.0, Sum:  0.0, Workers: 4
[595.097s][debug][gc,phases      ] GC(141)     Dead                           Min: 0, Avg:  0.0, Max: 0, Diff: 0, Sum: 0, Workers: 4
[595.097s][debug][gc,phases      ] GC(141)     Total                          Min: 0, Avg:  1.0, Max: 4, Diff: 4, Sum: 4, Workers: 4
[595.097s][debug][gc,phases      ] GC(141)   JVMTI Tag Weak OopStorage      Min:  0.0, Avg:  0.0, Max:  0.0, Diff:  0.0, Sum:  0.0, Workers: 4
[595.097s][debug][gc,phases      ] GC(141)     Dead                           Min: 0, Avg:  0.0, Max: 0, Diff: 0, Sum: 0, Workers: 4
[595.097s][debug][gc,phases      ] GC(141)     Total                          Min: 0, Avg:  0.0, Max: 0, Diff: 0, Sum: 0, Workers: 4
[595.097s][debug][gc,phases      ] GC(141)   StringTable Weak               Min:  0.0, Avg:  0.1, Max:  0.2, Diff:  0.2, Sum:  0.5, Workers: 4
[595.097s][debug][gc,phases      ] GC(141)     Dead                           Min: 0, Avg:  0.0, Max: 0, Diff: 0, Sum: 0, Workers: 4
[595.097s][debug][gc,phases      ] GC(141)     Total                          Min: 0, Avg: 11000.2, Max: 17889, Diff: 17889, Sum: 44001, Workers: 4
[595.097s][debug][gc,phases      ] GC(141)   ResolvedMethodTable Weak       Min:  0.0, Avg:  0.0, Max:  0.0, Diff:  0.0, Sum:  0.1, Workers: 4
[595.097s][debug][gc,phases      ] GC(141)     Dead                           Min: 0, Avg:  0.0, Max: 0, Diff: 0, Sum: 0, Workers: 4
[595.097s][debug][gc,phases      ] GC(141)     Total                          Min: 0, Avg: 2591.8, Max: 4160, Diff: 4160, Sum: 10367, Workers: 4
[595.097s][debug][gc,phases      ] GC(141)   JNI Weak                       Min:  0.0, Avg:  0.0, Max:  0.0, Diff:  0.0, Sum:  0.0, Workers: 4
[595.097s][debug][gc,phases      ] GC(141)     Dead                           Min: 0, Avg:  0.0, Max: 0, Diff: 0, Sum: 0, Workers: 4
[595.097s][debug][gc,phases      ] GC(141)     Total                          Min: 0, Avg: 11.2, Max: 45, Diff: 45, Sum: 45, Workers: 4
[595.097s][debug][gc,phases      ] GC(141)   StringDedup Table Weak         Min:  0.0, Avg:  0.0, Max:  0.0, Diff:  0.0, Sum:  0.0, Workers: 4
[595.097s][debug][gc,phases      ] GC(141)     Dead                           Min: 0, Avg:  0.0, Max: 0, Diff: 0, Sum: 0, Workers: 4
[595.097s][debug][gc,phases      ] GC(141)     Total                          Min: 0, Avg:  0.0, Max: 0, Diff: 0, Sum: 0, Workers: 4
[595.097s][debug][gc,phases      ] GC(141)   StringDedup Requests0 Weak     Min:  0.0, Avg:  0.0, Max:  0.0, Diff:  0.0, Sum:  0.0, Workers: 4
[595.097s][debug][gc,phases      ] GC(141)     Dead                           Min: 0, Avg:  0.0, Max: 0, Diff: 0, Sum: 0, Workers: 4
[595.097s][debug][gc,phases      ] GC(141)     Total                          Min: 0, Avg:  0.0, Max: 0, Diff: 0, Sum: 0, Workers: 4
[595.097s][debug][gc,phases      ] GC(141)   StringDedup Requests1 Weak     Min:  0.0, Avg:  0.0, Max:  0.0, Diff:  0.0, Sum:  0.0, Workers: 4
[595.097s][debug][gc,phases      ] GC(141)     Dead                           Min: 0, Avg:  0.0, Max: 0, Diff: 0, Sum: 0, Workers: 4
[595.097s][debug][gc,phases      ] GC(141)     Total                          Min: 0, Avg:  0.0, Max: 0, Diff: 0, Sum: 0, Workers: 4
[595.097s][debug][gc,phases      ] GC(141)   Weak JFR Old Object Samples    Min:  0.0, Avg:  0.0, Max:  0.0, Diff:  0.0, Sum:  0.0, Workers: 4
[595.097s][debug][gc,phases      ] GC(141)     Dead                           Min: 0, Avg:  0.0, Max: 0, Diff: 0, Sum: 0, Workers: 4
[595.097s][debug][gc,phases      ] GC(141)     Total                          Min: 0, Avg:  0.0, Max: 0, Diff: 0, Sum: 0, Workers: 4
[595.097s][debug][gc,phases      ] GC(141) Weak Processing 0.396ms
[595.097s][debug][gc,age         ] GC(141) Desired survivor size 15204352 bytes, new threshold 15 (max threshold 15)
[595.097s][info ][gc,heap        ] GC(141) PSYoungGen: 2073468K(2082304K)->6492K(2081792K) Eden: 2066944K(2066944K)->0K(2066944K) From: 6524K(15360K)->6492K(14848K)
[595.097s][info ][gc,heap        ] GC(141) ParOldGen: 298633K(351232K)->298633K(351232K)
[595.097s][info ][gc,metaspace   ] GC(141) Metaspace: 84820K(85696K)->84820K(85696K) NonClass: 72411K(72896K)->72411K(72896K) Class: 12409K(12800K)->12409K(12800K)
[595.097s][info ][gc             ] GC(141) Pause Young (Allocation Failure) 2316M->297M(2376M) 6.299ms
[595.097s][info ][gc,cpu         ] GC(141) User=0.01s Sys=0.00s Real=0.01s
[595.097s][info ][safepoint      ] Safepoint "ParallelGCFailedAllocation", Time since last: 192898052 ns, Reaching safepoint: 5900 ns, Cleanup: 4600 ns, At safepoint: 6366396 ns, Total: 6376896 ns
[596.097s][info ][safepoint      ] Safepoint "Cleanup", Time since last: 1000081833 ns, Reaching safepoint: 4100 ns, Cleanup: 14800 ns, At safepoint: 2000 ns, Total: 20900 ns
[599.488s][info ][gc,start       ] GC(142) Pause Young (Allocation Failure)
[599.492s][debug][gc,phases      ] GC(142) Scavenge 4.121ms
[599.492s][debug][gc,ref         ] GC(142) Skipped phase 1 of Reference Processing: no references
[599.492s][debug][gc,ref         ] GC(142) ReferenceProcessor::execute queues: 1, RefProcThreadModel::Single, marks_oops_alive: false
[599.492s][debug][gc,ref         ] GC(142) ReferenceProcessor::execute queues: 4, RefProcThreadModel::Multi, marks_oops_alive: true
[599.492s][debug][gc,ref         ] GC(142) ReferenceProcessor::execute queues: 1, RefProcThreadModel::Single, marks_oops_alive: false
[599.492s][debug][gc,phases      ] GC(142) Reference Processing 0.186ms
[599.492s][debug][gc,phases      ] GC(142)   VM Weak                        Min:  0.0, Avg:  0.0, Max:  0.0, Diff:  0.0, Sum:  0.0, Workers: 4
[599.492s][debug][gc,phases      ] GC(142)     Dead                           Min: 0, Avg:  0.0, Max: 0, Diff: 0, Sum: 0, Workers: 4
[599.492s][debug][gc,phases      ] GC(142)     Total                          Min: 0, Avg: 183.0, Max: 576, Diff: 576, Sum: 732, Workers: 4
[599.492s][debug][gc,phases      ] GC(142)   ObjectSynchronizer Weak        Min:  0.0, Avg:  0.0, Max:  0.0, Diff:  0.0, Sum:  0.0, Workers: 4
[599.492s][debug][gc,phases      ] GC(142)     Dead                           Min: 0, Avg:  0.0, Max: 0, Diff: 0, Sum: 0, Workers: 4
[599.492s][debug][gc,phases      ] GC(142)     Total                          Min: 0, Avg:  1.0, Max: 4, Diff: 4, Sum: 4, Workers: 4
[599.492s][debug][gc,phases      ] GC(142)   JVMTI Tag Weak OopStorage      Min:  0.0, Avg:  0.0, Max:  0.0, Diff:  0.0, Sum:  0.0, Workers: 4
[599.492s][debug][gc,phases      ] GC(142)     Dead                           Min: 0, Avg:  0.0, Max: 0, Diff: 0, Sum: 0, Workers: 4
[599.492s][debug][gc,phases      ] GC(142)     Total                          Min: 0, Avg:  0.0, Max: 0, Diff: 0, Sum: 0, Workers: 4
[599.492s][debug][gc,phases      ] GC(142)   StringTable Weak               Min:  0.0, Avg:  0.1, Max:  0.2, Diff:  0.2, Sum:  0.3, Workers: 4
[599.492s][debug][gc,phases      ] GC(142)     Dead                           Min: 0, Avg:  0.0, Max: 0, Diff: 0, Sum: 0, Workers: 4
[599.492s][debug][gc,phases      ] GC(142)     Total                          Min: 0, Avg: 11000.8, Max: 27939, Diff: 27939, Sum: 44003, Workers: 4
[599.492s][debug][gc,phases      ] GC(142)   ResolvedMethodTable Weak       Min:  0.0, Avg:  0.0, Max:  0.0, Diff:  0.0, Sum:  0.1, Workers: 4
[599.492s][debug][gc,phases      ] GC(142)     Dead                           Min: 0, Avg:  0.0, Max: 0, Diff: 0, Sum: 0, Workers: 4
[599.492s][debug][gc,phases      ] GC(142)     Total                          Min: 0, Avg: 2591.8, Max: 6400, Diff: 6400, Sum: 10367, Workers: 4
[599.492s][debug][gc,phases      ] GC(142)   JNI Weak                       Min:  0.0, Avg:  0.0, Max:  0.0, Diff:  0.0, Sum:  0.0, Workers: 4
[599.492s][debug][gc,phases      ] GC(142)     Dead                           Min: 0, Avg:  0.0, Max: 0, Diff: 0, Sum: 0, Workers: 4
[599.492s][debug][gc,phases      ] GC(142)     Total                          Min: 0, Avg: 11.2, Max: 45, Diff: 45, Sum: 45, Workers: 4
[599.492s][debug][gc,phases      ] GC(142)   StringDedup Table Weak         Min:  0.0, Avg:  0.0, Max:  0.0, Diff:  0.0, Sum:  0.0, Workers: 4
[599.492s][debug][gc,phases      ] GC(142)     Dead                           Min: 0, Avg:  0.0, Max: 0, Diff: 0, Sum: 0, Workers: 4
[599.492s][debug][gc,phases      ] GC(142)     Total                          Min: 0, Avg:  0.0, Max: 0, Diff: 0, Sum: 0, Workers: 4
[599.492s][debug][gc,phases      ] GC(142)   StringDedup Requests0 Weak     Min:  0.0, Avg:  0.0, Max:  0.0, Diff:  0.0, Sum:  0.0, Workers: 4
[599.492s][debug][gc,phases      ] GC(142)     Dead                           Min: 0, Avg:  0.0, Max: 0, Diff: 0, Sum: 0, Workers: 4
[599.492s][debug][gc,phases      ] GC(142)     Total                          Min: 0, Avg:  0.0, Max: 0, Diff: 0, Sum: 0, Workers: 4
[599.492s][debug][gc,phases      ] GC(142)   StringDedup Requests1 Weak     Min:  0.0, Avg:  0.0, Max:  0.0, Diff:  0.0, Sum:  0.0, Workers: 4
[599.492s][debug][gc,phases      ] GC(142)     Dead                           Min: 0, Avg:  0.0, Max: 0, Diff: 0, Sum: 0, Workers: 4
[599.492s][debug][gc,phases      ] GC(142)     Total                          Min: 0, Avg:  0.0, Max: 0, Diff: 0, Sum: 0, Workers: 4
[599.492s][debug][gc,phases      ] GC(142)   Weak JFR Old Object Samples    Min:  0.0, Avg:  0.0, Max:  0.0, Diff:  0.0, Sum:  0.0, Workers: 4
[599.492s][debug][gc,phases      ] GC(142)     Dead                           Min: 0, Avg:  0.0, Max: 0, Diff: 0, Sum: 0, Workers: 4
[599.492s][debug][gc,phases      ] GC(142)     Total                          Min: 0, Avg:  0.0, Max: 0, Diff: 0, Sum: 0, Workers: 4
[599.492s][debug][gc,phases      ] GC(142) Weak Processing 0.376ms
[599.492s][debug][gc,age         ] GC(142) Desired survivor size 15204352 bytes, new threshold 15 (max threshold 15)
[599.492s][info ][gc,heap        ] GC(142) PSYoungGen: 2073436K(2081792K)->6476K(2082304K) Eden: 2066944K(2066944K)->0K(2067456K) From: 6492K(14848K)->6476K(14848K)
[599.492s][info ][gc,heap        ] GC(142) ParOldGen: 298633K(351232K)->298641K(351232K)
[599.492s][info ][gc,metaspace   ] GC(142) Metaspace: 84829K(85696K)->84829K(85696K) NonClass: 72419K(72896K)->72419K(72896K) Class: 12409K(12800K)->12409K(12800K)
[599.492s][info ][gc             ] GC(142) Pause Young (Allocation Failure) 2316M->297M(2376M) 4.785ms
[599.492s][info ][gc,cpu         ] GC(142) User=0.01s Sys=0.00s Real=0.01s
[599.492s][info ][safepoint      ] Safepoint "ParallelGCFailedAllocation", Time since last: 3390177626 ns, Reaching safepoint: 5200 ns, Cleanup: 3800 ns, At safepoint: 4858194 ns, Total: 4867194 ns
[603.433s][info ][gc,start       ] GC(143) Pause Young (Allocation Failure)
[603.436s][debug][gc,phases      ] GC(143) Scavenge 3.526ms
[603.436s][debug][gc,ref         ] GC(143) Skipped phase 1 of Reference Processing: no references
[603.436s][debug][gc,ref         ] GC(143) ReferenceProcessor::execute queues: 1, RefProcThreadModel::Single, marks_oops_alive: false
[603.436s][debug][gc,ref         ] GC(143) ReferenceProcessor::execute queues: 4, RefProcThreadModel::Multi, marks_oops_alive: true
[603.437s][debug][gc,ref         ] GC(143) ReferenceProcessor::execute queues: 1, RefProcThreadModel::Single, marks_oops_alive: false
[603.437s][debug][gc,phases      ] GC(143) Reference Processing 0.159ms
[603.437s][debug][gc,phases      ] GC(143)   VM Weak                        Min:  0.0, Avg:  0.0, Max:  0.0, Diff:  0.0, Sum:  0.0, Workers: 4
[603.437s][debug][gc,phases      ] GC(143)     Dead                           Min: 0, Avg:  0.0, Max: 0, Diff: 0, Sum: 0, Workers: 4
[603.437s][debug][gc,phases      ] GC(143)     Total                          Min: 0, Avg: 183.0, Max: 320, Diff: 320, Sum: 732, Workers: 4
[603.437s][debug][gc,phases      ] GC(143)   ObjectSynchronizer Weak        Min:  0.0, Avg:  0.0, Max:  0.0, Diff:  0.0, Sum:  0.0, Workers: 4
[603.437s][debug][gc,phases      ] GC(143)     Dead                           Min: 0, Avg:  0.0, Max: 0, Diff: 0, Sum: 0, Workers: 4
[603.437s][debug][gc,phases      ] GC(143)     Total                          Min: 0, Avg:  1.0, Max: 4, Diff: 4, Sum: 4, Workers: 4
[603.437s][debug][gc,phases      ] GC(143)   JVMTI Tag Weak OopStorage      Min:  0.0, Avg:  0.0, Max:  0.0, Diff:  0.0, Sum:  0.0, Workers: 4
[603.437s][debug][gc,phases      ] GC(143)     Dead                           Min: 0, Avg:  0.0, Max: 0, Diff: 0, Sum: 0, Workers: 4
[603.437s][debug][gc,phases      ] GC(143)     Total                          Min: 0, Avg:  0.0, Max: 0, Diff: 0, Sum: 0, Workers: 4
[603.437s][debug][gc,phases      ] GC(143)   StringTable Weak               Min:  0.0, Avg:  0.1, Max:  0.1, Diff:  0.1, Sum:  0.4, Workers: 4
[603.437s][debug][gc,phases      ] GC(143)     Dead                           Min: 0, Avg:  0.0, Max: 0, Diff: 0, Sum: 0, Workers: 4
[603.437s][debug][gc,phases      ] GC(143)     Total                          Min: 0, Avg: 11000.8, Max: 14720, Diff: 14720, Sum: 44003, Workers: 4
[603.437s][debug][gc,phases      ] GC(143)   ResolvedMethodTable Weak       Min:  0.0, Avg:  0.0, Max:  0.0, Diff:  0.0, Sum:  0.1, Workers: 4
[603.437s][debug][gc,phases      ] GC(143)     Dead                           Min: 0, Avg:  0.0, Max: 0, Diff: 0, Sum: 0, Workers: 4
[603.437s][debug][gc,phases      ] GC(143)     Total                          Min: 0, Avg: 2591.8, Max: 3519, Diff: 3519, Sum: 10367, Workers: 4
[603.437s][debug][gc,phases      ] GC(143)   JNI Weak                       Min:  0.0, Avg:  0.0, Max:  0.0, Diff:  0.0, Sum:  0.0, Workers: 4
[603.437s][debug][gc,phases      ] GC(143)     Dead                           Min: 0, Avg:  0.0, Max: 0, Diff: 0, Sum: 0, Workers: 4
[603.437s][debug][gc,phases      ] GC(143)     Total                          Min: 0, Avg: 11.2, Max: 45, Diff: 45, Sum: 45, Workers: 4
[603.437s][debug][gc,phases      ] GC(143)   StringDedup Table Weak         Min:  0.0, Avg:  0.0, Max:  0.0, Diff:  0.0, Sum:  0.0, Workers: 4
[603.437s][debug][gc,phases      ] GC(143)     Dead                           Min: 0, Avg:  0.0, Max: 0, Diff: 0, Sum: 0, Workers: 4
[603.437s][debug][gc,phases      ] GC(143)     Total                          Min: 0, Avg:  0.0, Max: 0, Diff: 0, Sum: 0, Workers: 4
[603.437s][debug][gc,phases      ] GC(143)   StringDedup Requests0 Weak     Min:  0.0, Avg:  0.0, Max:  0.0, Diff:  0.0, Sum:  0.0, Workers: 4
[603.437s][debug][gc,phases      ] GC(143)     Dead                           Min: 0, Avg:  0.0, Max: 0, Diff: 0, Sum: 0, Workers: 4
[603.437s][debug][gc,phases      ] GC(143)     Total                          Min: 0, Avg:  0.0, Max: 0, Diff: 0, Sum: 0, Workers: 4
[603.437s][debug][gc,phases      ] GC(143)   StringDedup Requests1 Weak     Min:  0.0, Avg:  0.0, Max:  0.0, Diff:  0.0, Sum:  0.0, Workers: 4
[603.437s][debug][gc,phases      ] GC(143)     Dead                           Min: 0, Avg:  0.0, Max: 0, Diff: 0, Sum: 0, Workers: 4
[603.437s][debug][gc,phases      ] GC(143)     Total                          Min: 0, Avg:  0.0, Max: 0, Diff: 0, Sum: 0, Workers: 4
[603.437s][debug][gc,phases      ] GC(143)   Weak JFR Old Object Samples    Min:  0.0, Avg:  0.0, Max:  0.0, Diff:  0.0, Sum:  0.0, Workers: 4
[603.437s][debug][gc,phases      ] GC(143)     Dead                           Min: 0, Avg:  0.0, Max: 0, Diff: 0, Sum: 0, Workers: 4
[603.437s][debug][gc,phases      ] GC(143)     Total                          Min: 0, Avg:  0.0, Max: 0, Diff: 0, Sum: 0, Workers: 4
[603.437s][debug][gc,phases      ] GC(143) Weak Processing 0.345ms
[603.437s][debug][gc,age         ] GC(143) Desired survivor size 14680064 bytes, new threshold 15 (max threshold 15)
[603.437s][info ][gc,heap        ] GC(143) PSYoungGen: 2073932K(2082304K)->6412K(2082304K) Eden: 2067456K(2067456K)->0K(2067456K) From: 6476K(14848K)->6412K(14848K)
[603.437s][info ][gc,heap        ] GC(143) ParOldGen: 298641K(351232K)->298641K(351232K)
[603.437s][info ][gc,metaspace   ] GC(143) Metaspace: 84829K(85696K)->84829K(85696K) NonClass: 72419K(72896K)->72419K(72896K) Class: 12409K(12800K)->12409K(12800K)
[603.437s][info ][gc             ] GC(143) Pause Young (Allocation Failure) 2316M->297M(2376M) 4.142ms
[603.437s][info ][gc,cpu         ] GC(143) User=0.00s Sys=0.00s Real=0.00s
[603.437s][info ][safepoint      ] Safepoint "ParallelGCFailedAllocation", Time since last: 3940343397 ns, Reaching safepoint: 73900 ns, Cleanup: 3600 ns, At safepoint: 4210795 ns, Total: 4288295 ns
[608.079s][info ][gc,start       ] GC(144) Pause Young (Allocation Failure)
[608.082s][debug][gc,phases      ] GC(144) Scavenge 2.838ms
[608.082s][debug][gc,ref         ] GC(144) Skipped phase 1 of Reference Processing: no references
[608.082s][debug][gc,ref         ] GC(144) ReferenceProcessor::execute queues: 1, RefProcThreadModel::Single, marks_oops_alive: false
[608.082s][debug][gc,ref         ] GC(144) ReferenceProcessor::execute queues: 4, RefProcThreadModel::Multi, marks_oops_alive: true
[608.082s][debug][gc,ref         ] GC(144) ReferenceProcessor::execute queues: 1, RefProcThreadModel::Single, marks_oops_alive: false
[608.082s][debug][gc,phases      ] GC(144) Reference Processing 0.177ms
[608.083s][debug][gc,phases      ] GC(144)   VM Weak                        Min:  0.0, Avg:  0.0, Max:  0.0, Diff:  0.0, Sum:  0.0, Workers: 4
[608.083s][debug][gc,phases      ] GC(144)     Dead                           Min: 0, Avg:  0.0, Max: 0, Diff: 0, Sum: 0, Workers: 4
[608.083s][debug][gc,phases      ] GC(144)     Total                          Min: 0, Avg: 183.0, Max: 448, Diff: 448, Sum: 732, Workers: 4
[608.083s][debug][gc,phases      ] GC(144)   ObjectSynchronizer Weak        Min:  0.0, Avg:  0.0, Max:  0.0, Diff:  0.0, Sum:  0.0, Workers: 4
[608.083s][debug][gc,phases      ] GC(144)     Dead                           Min: 0, Avg:  0.0, Max: 0, Diff: 0, Sum: 0, Workers: 4
[608.083s][debug][gc,phases      ] GC(144)     Total                          Min: 0, Avg:  1.0, Max: 4, Diff: 4, Sum: 4, Workers: 4
[608.083s][debug][gc,phases      ] GC(144)   JVMTI Tag Weak OopStorage      Min:  0.0, Avg:  0.0, Max:  0.0, Diff:  0.0, Sum:  0.0, Workers: 4
[608.083s][debug][gc,phases      ] GC(144)     Dead                           Min: 0, Avg:  0.0, Max: 0, Diff: 0, Sum: 0, Workers: 4
[608.083s][debug][gc,phases      ] GC(144)     Total                          Min: 0, Avg:  0.0, Max: 0, Diff: 0, Sum: 0, Workers: 4
[608.083s][debug][gc,phases      ] GC(144)   StringTable Weak               Min:  0.0, Avg:  0.1, Max:  0.1, Diff:  0.1, Sum:  0.4, Workers: 4
[608.083s][debug][gc,phases      ] GC(144)     Dead                           Min: 0, Avg:  0.0, Max: 0, Diff: 0, Sum: 0, Workers: 4
[608.083s][debug][gc,phases      ] GC(144)     Total                          Min: 0, Avg: 11000.8, Max: 19648, Diff: 19648, Sum: 44003, Workers: 4
[608.083s][debug][gc,phases      ] GC(144)   ResolvedMethodTable Weak       Min:  0.0, Avg:  0.0, Max:  0.0, Diff:  0.0, Sum:  0.1, Workers: 4
[608.083s][debug][gc,phases      ] GC(144)     Dead                           Min: 0, Avg:  0.0, Max: 0, Diff: 0, Sum: 0, Workers: 4
[608.083s][debug][gc,phases      ] GC(144)     Total                          Min: 0, Avg: 2591.8, Max: 3967, Diff: 3967, Sum: 10367, Workers: 4
[608.083s][debug][gc,phases      ] GC(144)   JNI Weak                       Min:  0.0, Avg:  0.0, Max:  0.0, Diff:  0.0, Sum:  0.0, Workers: 4
[608.083s][debug][gc,phases      ] GC(144)     Dead                           Min: 0, Avg:  0.0, Max: 0, Diff: 0, Sum: 0, Workers: 4
[608.083s][debug][gc,phases      ] GC(144)     Total                          Min: 0, Avg: 11.2, Max: 45, Diff: 45, Sum: 45, Workers: 4
[608.083s][debug][gc,phases      ] GC(144)   StringDedup Table Weak         Min:  0.0, Avg:  0.0, Max:  0.0, Diff:  0.0, Sum:  0.0, Workers: 4
[608.083s][debug][gc,phases      ] GC(144)     Dead                           Min: 0, Avg:  0.0, Max: 0, Diff: 0, Sum: 0, Workers: 4
[608.083s][debug][gc,phases      ] GC(144)     Total                          Min: 0, Avg:  0.0, Max: 0, Diff: 0, Sum: 0, Workers: 4
[608.083s][debug][gc,phases      ] GC(144)   StringDedup Requests0 Weak     Min:  0.0, Avg:  0.0, Max:  0.0, Diff:  0.0, Sum:  0.0, Workers: 4
[608.083s][debug][gc,phases      ] GC(144)     Dead                           Min: 0, Avg:  0.0, Max: 0, Diff: 0, Sum: 0, Workers: 4
[608.083s][debug][gc,phases      ] GC(144)     Total                          Min: 0, Avg:  0.0, Max: 0, Diff: 0, Sum: 0, Workers: 4
[608.083s][debug][gc,phases      ] GC(144)   StringDedup Requests1 Weak     Min:  0.0, Avg:  0.0, Max:  0.0, Diff:  0.0, Sum:  0.0, Workers: 4
[608.083s][debug][gc,phases      ] GC(144)     Dead                           Min: 0, Avg:  0.0, Max: 0, Diff: 0, Sum: 0, Workers: 4
[608.083s][debug][gc,phases      ] GC(144)     Total                          Min: 0, Avg:  0.0, Max: 0, Diff: 0, Sum: 0, Workers: 4
[608.083s][debug][gc,phases      ] GC(144)   Weak JFR Old Object Samples    Min:  0.0, Avg:  0.0, Max:  0.0, Diff:  0.0, Sum:  0.0, Workers: 4
[608.083s][debug][gc,phases      ] GC(144)     Dead                           Min: 0, Avg:  0.0, Max: 0, Diff: 0, Sum: 0, Workers: 4
[608.083s][debug][gc,phases      ] GC(144)     Total                          Min: 0, Avg:  0.0, Max: 0, Diff: 0, Sum: 0, Workers: 4
[608.083s][debug][gc,phases      ] GC(144) Weak Processing 0.340ms
[608.083s][debug][gc,age         ] GC(144) Desired survivor size 14680064 bytes, new threshold 15 (max threshold 15)
[608.083s][info ][gc,heap        ] GC(144) PSYoungGen: 2073868K(2082304K)->6492K(2082816K) Eden: 2067456K(2067456K)->0K(2068480K) From: 6412K(14848K)->6492K(14336K)
[608.083s][info ][gc,heap        ] GC(144) ParOldGen: 298641K(351232K)->298657K(351232K)
[608.083s][info ][gc,metaspace   ] GC(144) Metaspace: 84831K(85696K)->84831K(85696K) NonClass: 72422K(72896K)->72422K(72896K) Class: 12409K(12800K)->12409K(12800K)
[608.083s][info ][gc             ] GC(144) Pause Young (Allocation Failure) 2316M->297M(2377M) 3.485ms
[608.083s][info ][gc,cpu         ] GC(144) User=0.01s Sys=0.00s Real=0.01s
[608.083s][info ][safepoint      ] Safepoint "ParallelGCFailedAllocation", Time since last: 4642241515 ns, Reaching safepoint: 4200 ns, Cleanup: 3900 ns, At safepoint: 3552385 ns, Total: 3560485 ns
[609.083s][info ][safepoint      ] Safepoint "Cleanup", Time since last: 1000085845 ns, Reaching safepoint: 5800 ns, Cleanup: 10500 ns, At safepoint: 6000 ns, Total: 22300 ns
[611.588s][info ][gc,start       ] GC(145) Pause Young (Allocation Failure)
[611.592s][debug][gc,phases      ] GC(145) Scavenge 4.056ms
[611.592s][debug][gc,ref         ] GC(145) Skipped phase 1 of Reference Processing: no references
[611.592s][debug][gc,ref         ] GC(145) ReferenceProcessor::execute queues: 1, RefProcThreadModel::Single, marks_oops_alive: false
[611.593s][debug][gc,ref         ] GC(145) Skipped phase 3 of Reference Processing: no references
[611.593s][debug][gc,ref         ] GC(145) ReferenceProcessor::execute queues: 1, RefProcThreadModel::Single, marks_oops_alive: false
[611.593s][debug][gc,phases      ] GC(145) Reference Processing 0.107ms
[611.593s][debug][gc,phases      ] GC(145)   VM Weak                        Min:  0.0, Avg:  0.0, Max:  0.0, Diff:  0.0, Sum:  0.0, Workers: 4
[611.593s][debug][gc,phases      ] GC(145)     Dead                           Min: 0, Avg:  0.0, Max: 0, Diff: 0, Sum: 0, Workers: 4
[611.593s][debug][gc,phases      ] GC(145)     Total                          Min: 0, Avg: 183.0, Max: 604, Diff: 604, Sum: 732, Workers: 4
[611.593s][debug][gc,phases      ] GC(145)   ObjectSynchronizer Weak        Min:  0.0, Avg:  0.0, Max:  0.0, Diff:  0.0, Sum:  0.0, Workers: 4
[611.593s][debug][gc,phases      ] GC(145)     Dead                           Min: 0, Avg:  0.0, Max: 0, Diff: 0, Sum: 0, Workers: 4
[611.593s][debug][gc,phases      ] GC(145)     Total                          Min: 0, Avg:  1.0, Max: 4, Diff: 4, Sum: 4, Workers: 4
[611.593s][debug][gc,phases      ] GC(145)   JVMTI Tag Weak OopStorage      Min:  0.0, Avg:  0.0, Max:  0.0, Diff:  0.0, Sum:  0.0, Workers: 4
[611.593s][debug][gc,phases      ] GC(145)     Dead                           Min: 0, Avg:  0.0, Max: 0, Diff: 0, Sum: 0, Workers: 4
[611.593s][debug][gc,phases      ] GC(145)     Total                          Min: 0, Avg:  0.0, Max: 0, Diff: 0, Sum: 0, Workers: 4
[611.593s][debug][gc,phases      ] GC(145)   StringTable Weak               Min:  0.0, Avg:  0.1, Max:  0.2, Diff:  0.2, Sum:  0.3, Workers: 4
[611.593s][debug][gc,phases      ] GC(145)     Dead                           Min: 0, Avg:  0.0, Max: 0, Diff: 0, Sum: 0, Workers: 4
[611.593s][debug][gc,phases      ] GC(145)     Total                          Min: 0, Avg: 11000.8, Max: 28160, Diff: 28160, Sum: 44003, Workers: 4
[611.593s][debug][gc,phases      ] GC(145)   ResolvedMethodTable Weak       Min:  0.0, Avg:  0.0, Max:  0.0, Diff:  0.0, Sum:  0.1, Workers: 4
[611.593s][debug][gc,phases      ] GC(145)     Dead                           Min: 0, Avg:  0.0, Max: 0, Diff: 0, Sum: 0, Workers: 4
[611.593s][debug][gc,phases      ] GC(145)     Total                          Min: 0, Avg: 2591.8, Max: 6464, Diff: 6464, Sum: 10367, Workers: 4
[611.593s][debug][gc,phases      ] GC(145)   JNI Weak                       Min:  0.0, Avg:  0.0, Max:  0.0, Diff:  0.0, Sum:  0.0, Workers: 4
[611.593s][debug][gc,phases      ] GC(145)     Dead                           Min: 0, Avg:  0.0, Max: 0, Diff: 0, Sum: 0, Workers: 4
[611.593s][debug][gc,phases      ] GC(145)     Total                          Min: 0, Avg: 11.2, Max: 45, Diff: 45, Sum: 45, Workers: 4
[611.593s][debug][gc,phases      ] GC(145)   StringDedup Table Weak         Min:  0.0, Avg:  0.0, Max:  0.0, Diff:  0.0, Sum:  0.0, Workers: 4
[611.593s][debug][gc,phases      ] GC(145)     Dead                           Min: 0, Avg:  0.0, Max: 0, Diff: 0, Sum: 0, Workers: 4
[611.593s][debug][gc,phases      ] GC(145)     Total                          Min: 0, Avg:  0.0, Max: 0, Diff: 0, Sum: 0, Workers: 4
[611.593s][debug][gc,phases      ] GC(145)   StringDedup Requests0 Weak     Min:  0.0, Avg:  0.0, Max:  0.0, Diff:  0.0, Sum:  0.0, Workers: 4
[611.593s][debug][gc,phases      ] GC(145)     Dead                           Min: 0, Avg:  0.0, Max: 0, Diff: 0, Sum: 0, Workers: 4
[611.593s][debug][gc,phases      ] GC(145)     Total                          Min: 0, Avg:  0.0, Max: 0, Diff: 0, Sum: 0, Workers: 4
[611.593s][debug][gc,phases      ] GC(145)   StringDedup Requests1 Weak     Min:  0.0, Avg:  0.0, Max:  0.0, Diff:  0.0, Sum:  0.0, Workers: 4
[611.593s][debug][gc,phases      ] GC(145)     Dead                           Min: 0, Avg:  0.0, Max: 0, Diff: 0, Sum: 0, Workers: 4
[611.593s][debug][gc,phases      ] GC(145)     Total                          Min: 0, Avg:  0.0, Max: 0, Diff: 0, Sum: 0, Workers: 4
[611.593s][debug][gc,phases      ] GC(145)   Weak JFR Old Object Samples    Min:  0.0, Avg:  0.0, Max:  0.0, Diff:  0.0, Sum:  0.0, Workers: 4
[611.593s][debug][gc,phases      ] GC(145)     Dead                           Min: 0, Avg:  0.0, Max: 0, Diff: 0, Sum: 0, Workers: 4
[611.593s][debug][gc,phases      ] GC(145)     Total                          Min: 0, Avg:  0.0, Max: 0, Diff: 0, Sum: 0, Workers: 4
[611.593s][debug][gc,phases      ] GC(145) Weak Processing 0.372ms
[611.593s][debug][gc,age         ] GC(145) Desired survivor size 14155776 bytes, new threshold 15 (max threshold 15)
[611.593s][info ][gc,heap        ] GC(145) PSYoungGen: 2074972K(2082816K)->6316K(2082816K) Eden: 2068480K(2068480K)->0K(2068480K) From: 6492K(14336K)->6316K(14336K)
[611.593s][info ][gc,heap        ] GC(145) ParOldGen: 298657K(351232K)->298689K(351232K)
[611.593s][info ][gc,metaspace   ] GC(145) Metaspace: 84831K(85696K)->84831K(85696K) NonClass: 72422K(72896K)->72422K(72896K) Class: 12409K(12800K)->12409K(12800K)
[611.593s][info ][gc             ] GC(145) Pause Young (Allocation Failure) 2317M->297M(2377M) 4.645ms
[611.593s][info ][gc,cpu         ] GC(145) User=0.01s Sys=0.00s Real=0.01s
[611.593s][info ][safepoint      ] Safepoint "ParallelGCFailedAllocation", Time since last: 2505361492 ns, Reaching safepoint: 4200 ns, Cleanup: 4000 ns, At safepoint: 4708280 ns, Total: 4716480 ns
[612.593s][info ][safepoint      ] Safepoint "Cleanup", Time since last: 1000083045 ns, Reaching safepoint: 4400 ns, Cleanup: 27400 ns, At safepoint: 1900 ns, Total: 33700 ns
[616.289s][info ][gc,start       ] GC(146) Pause Young (Allocation Failure)
[616.293s][debug][gc,phases      ] GC(146) Scavenge 3.866ms
[616.293s][debug][gc,ref         ] GC(146) Skipped phase 1 of Reference Processing: no references
[616.293s][debug][gc,ref         ] GC(146) ReferenceProcessor::execute queues: 1, RefProcThreadModel::Single, marks_oops_alive: false
[616.293s][debug][gc,ref         ] GC(146) Skipped phase 3 of Reference Processing: no references
[616.293s][debug][gc,ref         ] GC(146) ReferenceProcessor::execute queues: 1, RefProcThreadModel::Single, marks_oops_alive: false
[616.293s][debug][gc,phases      ] GC(146) Reference Processing 0.094ms
[616.293s][debug][gc,phases      ] GC(146)   VM Weak                        Min:  0.0, Avg:  0.0, Max:  0.0, Diff:  0.0, Sum:  0.0, Workers: 4
[616.293s][debug][gc,phases      ] GC(146)     Dead                           Min: 0, Avg:  0.0, Max: 0, Diff: 0, Sum: 0, Workers: 4
[616.293s][debug][gc,phases      ] GC(146)     Total                          Min: 0, Avg: 183.0, Max: 412, Diff: 412, Sum: 732, Workers: 4
[616.293s][debug][gc,phases      ] GC(146)   ObjectSynchronizer Weak        Min:  0.0, Avg:  0.0, Max:  0.0, Diff:  0.0, Sum:  0.0, Workers: 4
[616.293s][debug][gc,phases      ] GC(146)     Dead                           Min: 0, Avg:  0.0, Max: 0, Diff: 0, Sum: 0, Workers: 4
[616.293s][debug][gc,phases      ] GC(146)     Total                          Min: 0, Avg:  1.0, Max: 4, Diff: 4, Sum: 4, Workers: 4
[616.293s][debug][gc,phases      ] GC(146)   JVMTI Tag Weak OopStorage      Min:  0.0, Avg:  0.0, Max:  0.0, Diff:  0.0, Sum:  0.0, Workers: 4
[616.293s][debug][gc,phases      ] GC(146)     Dead                           Min: 0, Avg:  0.0, Max: 0, Diff: 0, Sum: 0, Workers: 4
[616.293s][debug][gc,phases      ] GC(146)     Total                          Min: 0, Avg:  0.0, Max: 0, Diff: 0, Sum: 0, Workers: 4
[616.293s][debug][gc,phases      ] GC(146)   StringTable Weak               Min:  0.0, Avg:  0.1, Max:  0.2, Diff:  0.2, Sum:  0.3, Workers: 4
[616.293s][debug][gc,phases      ] GC(146)     Dead                           Min: 0, Avg:  0.0, Max: 0, Diff: 0, Sum: 0, Workers: 4
[616.293s][debug][gc,phases      ] GC(146)     Total                          Min: 0, Avg: 11002.8, Max: 28800, Diff: 28800, Sum: 44011, Workers: 4
[616.293s][debug][gc,phases      ] GC(146)   ResolvedMethodTable Weak       Min:  0.0, Avg:  0.0, Max:  0.0, Diff:  0.0, Sum:  0.1, Workers: 4
[616.293s][debug][gc,phases      ] GC(146)     Dead                           Min: 0, Avg:  0.0, Max: 0, Diff: 0, Sum: 0, Workers: 4
[616.294s][debug][gc,phases      ] GC(146)     Total                          Min: 0, Avg: 2591.8, Max: 6528, Diff: 6528, Sum: 10367, Workers: 4
[616.294s][debug][gc,phases      ] GC(146)   JNI Weak                       Min:  0.0, Avg:  0.0, Max:  0.0, Diff:  0.0, Sum:  0.0, Workers: 4
[616.294s][debug][gc,phases      ] GC(146)     Dead                           Min: 0, Avg:  0.0, Max: 0, Diff: 0, Sum: 0, Workers: 4
[616.294s][debug][gc,phases      ] GC(146)     Total                          Min: 0, Avg: 11.2, Max: 45, Diff: 45, Sum: 45, Workers: 4
[616.294s][debug][gc,phases      ] GC(146)   StringDedup Table Weak         Min:  0.0, Avg:  0.0, Max:  0.0, Diff:  0.0, Sum:  0.0, Workers: 4
[616.294s][debug][gc,phases      ] GC(146)     Dead                           Min: 0, Avg:  0.0, Max: 0, Diff: 0, Sum: 0, Workers: 4
[616.294s][debug][gc,phases      ] GC(146)     Total                          Min: 0, Avg:  0.0, Max: 0, Diff: 0, Sum: 0, Workers: 4
[616.294s][debug][gc,phases      ] GC(146)   StringDedup Requests0 Weak     Min:  0.0, Avg:  0.0, Max:  0.0, Diff:  0.0, Sum:  0.0, Workers: 4
[616.294s][debug][gc,phases      ] GC(146)     Dead                           Min: 0, Avg:  0.0, Max: 0, Diff: 0, Sum: 0, Workers: 4
[616.294s][debug][gc,phases      ] GC(146)     Total                          Min: 0, Avg:  0.0, Max: 0, Diff: 0, Sum: 0, Workers: 4
[616.294s][debug][gc,phases      ] GC(146)   StringDedup Requests1 Weak     Min:  0.0, Avg:  0.0, Max:  0.0, Diff:  0.0, Sum:  0.0, Workers: 4
[616.294s][debug][gc,phases      ] GC(146)     Dead                           Min: 0, Avg:  0.0, Max: 0, Diff: 0, Sum: 0, Workers: 4
[616.294s][debug][gc,phases      ] GC(146)     Total                          Min: 0, Avg:  0.0, Max: 0, Diff: 0, Sum: 0, Workers: 4
[616.294s][debug][gc,phases      ] GC(146)   Weak JFR Old Object Samples    Min:  0.0, Avg:  0.0, Max:  0.0, Diff:  0.0, Sum:  0.0, Workers: 4
[616.294s][debug][gc,phases      ] GC(146)     Dead                           Min: 0, Avg:  0.0, Max: 0, Diff: 0, Sum: 0, Workers: 4
[616.294s][debug][gc,phases      ] GC(146)     Total                          Min: 0, Avg:  0.0, Max: 0, Diff: 0, Sum: 0, Workers: 4
[616.294s][debug][gc,phases      ] GC(146) Weak Processing 0.384ms
[616.294s][debug][gc,age         ] GC(146) Desired survivor size 13631488 bytes, new threshold 15 (max threshold 15)
[616.294s][info ][gc,heap        ] GC(146) PSYoungGen: 2074796K(2082816K)->6364K(2083840K) Eden: 2068480K(2068480K)->0K(2070016K) From: 6316K(14336K)->6364K(13824K)
[616.294s][info ][gc,heap        ] GC(146) ParOldGen: 298689K(351232K)->298697K(351232K)
[616.294s][info ][gc,metaspace   ] GC(146) Metaspace: 84832K(85696K)->84832K(85696K) NonClass: 72422K(72896K)->72422K(72896K) Class: 12409K(12800K)->12409K(12800K)
[616.294s][info ][gc             ] GC(146) Pause Young (Allocation Failure) 2317M->297M(2378M) 4.446ms
[616.294s][info ][gc,cpu         ] GC(146) User=0.01s Sys=0.00s Real=0.01s
[616.294s][info ][safepoint      ] Safepoint "ParallelGCFailedAllocation", Time since last: 3696027081 ns, Reaching safepoint: 4400 ns, Cleanup: 3900 ns, At safepoint: 4509074 ns, Total: 4517374 ns
[617.294s][info ][safepoint      ] Safepoint "Cleanup", Time since last: 1000087394 ns, Reaching safepoint: 73000 ns, Cleanup: 9700 ns, At safepoint: 5200 ns, Total: 87900 ns
[618.294s][info ][safepoint      ] Safepoint "Cleanup", Time since last: 1000104594 ns, Reaching safepoint: 4700 ns, Cleanup: 8400 ns, At safepoint: 20499 ns, Total: 33599 ns
[619.294s][info ][safepoint      ] Safepoint "Cleanup", Time since last: 1000097194 ns, Reaching safepoint: 5400 ns, Cleanup: 7600 ns, At safepoint: 2600 ns, Total: 15600 ns
[620.294s][info ][safepoint      ] Safepoint "Cleanup", Time since last: 1000098194 ns, Reaching safepoint: 4800 ns, Cleanup: 9500 ns, At safepoint: 2000 ns, Total: 16300 ns
[623.294s][info ][safepoint      ] Safepoint "Cleanup", Time since last: 3000230054 ns, Reaching safepoint: 5599 ns, Cleanup: 13500 ns, At safepoint: 6700 ns, Total: 25799 ns
[623.636s][info ][gc,start       ] GC(147) Pause Young (Allocation Failure)
[623.640s][debug][gc,phases      ] GC(147) Scavenge 3.881ms
[623.640s][debug][gc,ref         ] GC(147) Skipped phase 1 of Reference Processing: no references
[623.640s][debug][gc,ref         ] GC(147) ReferenceProcessor::execute queues: 1, RefProcThreadModel::Single, marks_oops_alive: false
[623.640s][debug][gc,ref         ] GC(147) ReferenceProcessor::execute queues: 4, RefProcThreadModel::Multi, marks_oops_alive: true
[623.640s][debug][gc,ref         ] GC(147) ReferenceProcessor::execute queues: 1, RefProcThreadModel::Single, marks_oops_alive: false
[623.640s][debug][gc,phases      ] GC(147) Reference Processing 0.392ms
[623.640s][debug][gc,phases      ] GC(147)   VM Weak                        Min:  0.0, Avg:  0.0, Max:  0.0, Diff:  0.0, Sum:  0.0, Workers: 4
[623.640s][debug][gc,phases      ] GC(147)     Dead                           Min: 0, Avg:  0.0, Max: 0, Diff: 0, Sum: 0, Workers: 4
[623.640s][debug][gc,phases      ] GC(147)     Total                          Min: 0, Avg: 183.0, Max: 512, Diff: 512, Sum: 732, Workers: 4
[623.640s][debug][gc,phases      ] GC(147)   ObjectSynchronizer Weak        Min:  0.0, Avg:  0.0, Max:  0.0, Diff:  0.0, Sum:  0.0, Workers: 4
[623.640s][debug][gc,phases      ] GC(147)     Dead                           Min: 0, Avg:  0.0, Max: 0, Diff: 0, Sum: 0, Workers: 4
[623.640s][debug][gc,phases      ] GC(147)     Total                          Min: 0, Avg:  1.0, Max: 4, Diff: 4, Sum: 4, Workers: 4
[623.640s][debug][gc,phases      ] GC(147)   JVMTI Tag Weak OopStorage      Min:  0.0, Avg:  0.0, Max:  0.0, Diff:  0.0, Sum:  0.0, Workers: 4
[623.640s][debug][gc,phases      ] GC(147)     Dead                           Min: 0, Avg:  0.0, Max: 0, Diff: 0, Sum: 0, Workers: 4
[623.640s][debug][gc,phases      ] GC(147)     Total                          Min: 0, Avg:  0.0, Max: 0, Diff: 0, Sum: 0, Workers: 4
[623.640s][debug][gc,phases      ] GC(147)   StringTable Weak               Min:  0.0, Avg:  0.1, Max:  0.2, Diff:  0.2, Sum:  0.4, Workers: 4
[623.641s][debug][gc,phases      ] GC(147)     Dead                           Min: 0, Avg:  0.0, Max: 0, Diff: 0, Sum: 0, Workers: 4
[623.641s][debug][gc,phases      ] GC(147)     Total                          Min: 0, Avg: 11002.8, Max: 16384, Diff: 16384, Sum: 44011, Workers: 4
[623.641s][debug][gc,phases      ] GC(147)   ResolvedMethodTable Weak       Min:  0.0, Avg:  0.0, Max:  0.0, Diff:  0.0, Sum:  0.1, Workers: 4
[623.641s][debug][gc,phases      ] GC(147)     Dead                           Min: 0, Avg:  0.0, Max: 0, Diff: 0, Sum: 0, Workers: 4
[623.641s][debug][gc,phases      ] GC(147)     Total                          Min: 0, Avg: 2591.8, Max: 3584, Diff: 3584, Sum: 10367, Workers: 4
[623.641s][debug][gc,phases      ] GC(147)   JNI Weak                       Min:  0.0, Avg:  0.0, Max:  0.0, Diff:  0.0, Sum:  0.0, Workers: 4
[623.641s][debug][gc,phases      ] GC(147)     Dead                           Min: 0, Avg:  0.0, Max: 0, Diff: 0, Sum: 0, Workers: 4
[623.641s][debug][gc,phases      ] GC(147)     Total                          Min: 0, Avg: 11.2, Max: 45, Diff: 45, Sum: 45, Workers: 4
[623.641s][debug][gc,phases      ] GC(147)   StringDedup Table Weak         Min:  0.0, Avg:  0.0, Max:  0.0, Diff:  0.0, Sum:  0.0, Workers: 4
[623.641s][debug][gc,phases      ] GC(147)     Dead                           Min: 0, Avg:  0.0, Max: 0, Diff: 0, Sum: 0, Workers: 4
[623.641s][debug][gc,phases      ] GC(147)     Total                          Min: 0, Avg:  0.0, Max: 0, Diff: 0, Sum: 0, Workers: 4
[623.641s][debug][gc,phases      ] GC(147)   StringDedup Requests0 Weak     Min:  0.0, Avg:  0.0, Max:  0.0, Diff:  0.0, Sum:  0.0, Workers: 4
[623.641s][debug][gc,phases      ] GC(147)     Dead                           Min: 0, Avg:  0.0, Max: 0, Diff: 0, Sum: 0, Workers: 4
[623.641s][debug][gc,phases      ] GC(147)     Total                          Min: 0, Avg:  0.0, Max: 0, Diff: 0, Sum: 0, Workers: 4
[623.641s][debug][gc,phases      ] GC(147)   StringDedup Requests1 Weak     Min:  0.0, Avg:  0.0, Max:  0.0, Diff:  0.0, Sum:  0.0, Workers: 4
[623.641s][debug][gc,phases      ] GC(147)     Dead                           Min: 0, Avg:  0.0, Max: 0, Diff: 0, Sum: 0, Workers: 4
[623.641s][debug][gc,phases      ] GC(147)     Total                          Min: 0, Avg:  0.0, Max: 0, Diff: 0, Sum: 0, Workers: 4
[623.641s][debug][gc,phases      ] GC(147)   Weak JFR Old Object Samples    Min:  0.0, Avg:  0.0, Max:  0.0, Diff:  0.0, Sum:  0.0, Workers: 4
[623.641s][debug][gc,phases      ] GC(147)     Dead                           Min: 0, Avg:  0.0, Max: 0, Diff: 0, Sum: 0, Workers: 4
[623.641s][debug][gc,phases      ] GC(147)     Total                          Min: 0, Avg:  0.0, Max: 0, Diff: 0, Sum: 0, Workers: 4
[623.641s][debug][gc,phases      ] GC(147) Weak Processing 0.363ms
[623.641s][debug][gc,age         ] GC(147) Desired survivor size 13631488 bytes, new threshold 15 (max threshold 15)
[623.641s][info ][gc,heap        ] GC(147) PSYoungGen: 2076380K(2083840K)->6428K(2083328K) Eden: 2070016K(2070016K)->0K(2070016K) From: 6364K(13824K)->6428K(13312K)
[623.641s][info ][gc,heap        ] GC(147) ParOldGen: 298697K(351232K)->298697K(351232K)
[623.641s][info ][gc,metaspace   ] GC(147) Metaspace: 84836K(85696K)->84836K(85696K) NonClass: 72427K(72896K)->72427K(72896K) Class: 12409K(12800K)->12409K(12800K)
[623.641s][info ][gc             ] GC(147) Pause Young (Allocation Failure) 2319M->297M(2377M) 4.747ms
[623.641s][info ][gc,cpu         ] GC(147) User=0.01s Sys=0.00s Real=0.01s
[623.641s][info ][safepoint      ] Safepoint "ParallelGCFailedAllocation", Time since last: 341392334 ns, Reaching safepoint: 5200 ns, Cleanup: 7100 ns, At safepoint: 4824223 ns, Total: 4836523 ns
[628.641s][info ][safepoint      ] Safepoint "Cleanup", Time since last: 5000307499 ns, Reaching safepoint: 5100 ns, Cleanup: 10000 ns, At safepoint: 1700 ns, Total: 16800 ns
[630.641s][info ][safepoint      ] Safepoint "Cleanup", Time since last: 2000177898 ns, Reaching safepoint: 6199 ns, Cleanup: 10200 ns, At safepoint: 2400 ns, Total: 18799 ns
[636.642s][info ][safepoint      ] Safepoint "Cleanup", Time since last: 6000402763 ns, Reaching safepoint: 4800 ns, Cleanup: 10600 ns, At safepoint: 2700 ns, Total: 18100 ns
[637.642s][info ][safepoint      ] Safepoint "Cleanup", Time since last: 1000126155 ns, Reaching safepoint: 5300 ns, Cleanup: 8600 ns, At safepoint: 1800 ns, Total: 15700 ns
[638.642s][info ][safepoint      ] Safepoint "Cleanup", Time since last: 1000123043 ns, Reaching safepoint: 4700 ns, Cleanup: 9300 ns, At safepoint: 2200 ns, Total: 16200 ns
[641.284s][info ][gc,start       ] GC(148) Pause Young (Allocation Failure)
[641.291s][debug][gc,phases      ] GC(148) Scavenge 6.304ms
[641.291s][debug][gc,ref         ] GC(148) Skipped phase 1 of Reference Processing: no references
[641.291s][debug][gc,ref         ] GC(148) ReferenceProcessor::execute queues: 1, RefProcThreadModel::Single, marks_oops_alive: false
[641.291s][debug][gc,ref         ] GC(148) ReferenceProcessor::execute queues: 4, RefProcThreadModel::Multi, marks_oops_alive: true
[641.291s][debug][gc,ref         ] GC(148) ReferenceProcessor::execute queues: 1, RefProcThreadModel::Single, marks_oops_alive: false
[641.291s][debug][gc,phases      ] GC(148) Reference Processing 0.367ms
[641.291s][debug][gc,phases      ] GC(148)   VM Weak                        Min:  0.0, Avg:  0.0, Max:  0.0, Diff:  0.0, Sum:  0.0, Workers: 4
[641.291s][debug][gc,phases      ] GC(148)     Dead                           Min: 0, Avg:  0.0, Max: 0, Diff: 0, Sum: 0, Workers: 4
[641.291s][debug][gc,phases      ] GC(148)     Total                          Min: 0, Avg: 183.0, Max: 512, Diff: 512, Sum: 732, Workers: 4
[641.291s][debug][gc,phases      ] GC(148)   ObjectSynchronizer Weak        Min:  0.0, Avg:  0.0, Max:  0.0, Diff:  0.0, Sum:  0.0, Workers: 4
[641.291s][debug][gc,phases      ] GC(148)     Dead                           Min: 0, Avg:  0.0, Max: 0, Diff: 0, Sum: 0, Workers: 4
[641.291s][debug][gc,phases      ] GC(148)     Total                          Min: 0, Avg:  1.0, Max: 4, Diff: 4, Sum: 4, Workers: 4
[641.291s][debug][gc,phases      ] GC(148)   JVMTI Tag Weak OopStorage      Min:  0.0, Avg:  0.0, Max:  0.0, Diff:  0.0, Sum:  0.0, Workers: 4
[641.291s][debug][gc,phases      ] GC(148)     Dead                           Min: 0, Avg:  0.0, Max: 0, Diff: 0, Sum: 0, Workers: 4
[641.291s][debug][gc,phases      ] GC(148)     Total                          Min: 0, Avg:  0.0, Max: 0, Diff: 0, Sum: 0, Workers: 4
[641.291s][debug][gc,phases      ] GC(148)   StringTable Weak               Min:  0.0, Avg:  0.1, Max:  0.2, Diff:  0.2, Sum:  0.4, Workers: 4
[641.291s][debug][gc,phases      ] GC(148)     Dead                           Min: 0, Avg:  0.0, Max: 0, Diff: 0, Sum: 0, Workers: 4
[641.291s][debug][gc,phases      ] GC(148)     Total                          Min: 0, Avg: 11003.0, Max: 14720, Diff: 14720, Sum: 44012, Workers: 4
[641.291s][debug][gc,phases      ] GC(148)   ResolvedMethodTable Weak       Min:  0.0, Avg:  0.0, Max:  0.0, Diff:  0.0, Sum:  0.1, Workers: 4
[641.291s][debug][gc,phases      ] GC(148)     Dead                           Min: 0, Avg:  0.0, Max: 0, Diff: 0, Sum: 0, Workers: 4
[641.291s][debug][gc,phases      ] GC(148)     Total                          Min: 0, Avg: 2591.8, Max: 3456, Diff: 3456, Sum: 10367, Workers: 4
[641.291s][debug][gc,phases      ] GC(148)   JNI Weak                       Min:  0.0, Avg:  0.0, Max:  0.0, Diff:  0.0, Sum:  0.0, Workers: 4
[641.291s][debug][gc,phases      ] GC(148)     Dead                           Min: 0, Avg:  0.0, Max: 0, Diff: 0, Sum: 0, Workers: 4
[641.291s][debug][gc,phases      ] GC(148)     Total                          Min: 0, Avg: 11.2, Max: 45, Diff: 45, Sum: 45, Workers: 4
[641.291s][debug][gc,phases      ] GC(148)   StringDedup Table Weak         Min:  0.0, Avg:  0.0, Max:  0.0, Diff:  0.0, Sum:  0.0, Workers: 4
[641.291s][debug][gc,phases      ] GC(148)     Dead                           Min: 0, Avg:  0.0, Max: 0, Diff: 0, Sum: 0, Workers: 4
[641.291s][debug][gc,phases      ] GC(148)     Total                          Min: 0, Avg:  0.0, Max: 0, Diff: 0, Sum: 0, Workers: 4
[641.291s][debug][gc,phases      ] GC(148)   StringDedup Requests0 Weak     Min:  0.0, Avg:  0.0, Max:  0.0, Diff:  0.0, Sum:  0.0, Workers: 4
[641.291s][debug][gc,phases      ] GC(148)     Dead                           Min: 0, Avg:  0.0, Max: 0, Diff: 0, Sum: 0, Workers: 4
[641.291s][debug][gc,phases      ] GC(148)     Total                          Min: 0, Avg:  0.0, Max: 0, Diff: 0, Sum: 0, Workers: 4
[641.291s][debug][gc,phases      ] GC(148)   StringDedup Requests1 Weak     Min:  0.0, Avg:  0.0, Max:  0.0, Diff:  0.0, Sum:  0.0, Workers: 4
[641.291s][debug][gc,phases      ] GC(148)     Dead                           Min: 0, Avg:  0.0, Max: 0, Diff: 0, Sum: 0, Workers: 4
[641.291s][debug][gc,phases      ] GC(148)     Total                          Min: 0, Avg:  0.0, Max: 0, Diff: 0, Sum: 0, Workers: 4
[641.291s][debug][gc,phases      ] GC(148)   Weak JFR Old Object Samples    Min:  0.0, Avg:  0.0, Max:  0.0, Diff:  0.0, Sum:  0.0, Workers: 4
[641.291s][debug][gc,phases      ] GC(148)     Dead                           Min: 0, Avg:  0.0, Max: 0, Diff: 0, Sum: 0, Workers: 4
[641.291s][debug][gc,phases      ] GC(148)     Total                          Min: 0, Avg:  0.0, Max: 0, Diff: 0, Sum: 0, Workers: 4
[641.291s][debug][gc,phases      ] GC(148) Weak Processing 0.354ms
[641.291s][debug][gc,age         ] GC(148) Desired survivor size 13631488 bytes, new threshold 15 (max threshold 15)
[641.291s][info ][gc,heap        ] GC(148) PSYoungGen: 2076444K(2083328K)->7180K(2083840K) Eden: 2070016K(2070016K)->0K(2070528K) From: 6428K(13312K)->7180K(13312K)
[641.291s][info ][gc,heap        ] GC(148) ParOldGen: 298697K(351232K)->298697K(351232K)
[641.291s][info ][gc,metaspace   ] GC(148) Metaspace: 84847K(85696K)->84847K(85696K) NonClass: 72438K(72896K)->72438K(72896K) Class: 12409K(12800K)->12409K(12800K)
[641.291s][info ][gc             ] GC(148) Pause Young (Allocation Failure) 2319M->298M(2378M) 7.134ms
[641.291s][info ][gc,cpu         ] GC(148) User=0.02s Sys=0.00s Real=0.00s
[641.291s][info ][safepoint      ] Safepoint "ParallelGCFailedAllocation", Time since last: 2642195280 ns, Reaching safepoint: 74099 ns, Cleanup: 2800 ns, At safepoint: 7207572 ns, Total: 7284471 ns
[642.291s][info ][safepoint      ] Safepoint "Cleanup", Time since last: 1000103018 ns, Reaching safepoint: 6200 ns, Cleanup: 10699 ns, At safepoint: 2500 ns, Total: 19399 ns
[659.980s][info ][gc,start       ] GC(149) Pause Young (Allocation Failure)
[659.984s][debug][gc,phases      ] GC(149) Scavenge 4.238ms
[659.984s][debug][gc,ref         ] GC(149) Skipped phase 1 of Reference Processing: no references
[659.984s][debug][gc,ref         ] GC(149) ReferenceProcessor::execute queues: 1, RefProcThreadModel::Single, marks_oops_alive: false
[659.984s][debug][gc,ref         ] GC(149) ReferenceProcessor::execute queues: 4, RefProcThreadModel::Multi, marks_oops_alive: true
[659.984s][debug][gc,ref         ] GC(149) ReferenceProcessor::execute queues: 1, RefProcThreadModel::Single, marks_oops_alive: false
[659.984s][debug][gc,phases      ] GC(149) Reference Processing 0.166ms
[659.985s][debug][gc,phases      ] GC(149)   VM Weak                        Min:  0.0, Avg:  0.0, Max:  0.0, Diff:  0.0, Sum:  0.0, Workers: 4
[659.985s][debug][gc,phases      ] GC(149)     Dead                           Min: 0, Avg:  0.0, Max: 0, Diff: 0, Sum: 0, Workers: 4
[659.985s][debug][gc,phases      ] GC(149)     Total                          Min: 0, Avg: 183.0, Max: 476, Diff: 476, Sum: 732, Workers: 4
[659.985s][debug][gc,phases      ] GC(149)   ObjectSynchronizer Weak        Min:  0.0, Avg:  0.0, Max:  0.0, Diff:  0.0, Sum:  0.0, Workers: 4
[659.985s][debug][gc,phases      ] GC(149)     Dead                           Min: 0, Avg:  0.0, Max: 0, Diff: 0, Sum: 0, Workers: 4
[659.985s][debug][gc,phases      ] GC(149)     Total                          Min: 0, Avg:  1.0, Max: 4, Diff: 4, Sum: 4, Workers: 4
[659.985s][debug][gc,phases      ] GC(149)   JVMTI Tag Weak OopStorage      Min:  0.0, Avg:  0.0, Max:  0.0, Diff:  0.0, Sum:  0.0, Workers: 4
[659.985s][debug][gc,phases      ] GC(149)     Dead                           Min: 0, Avg:  0.0, Max: 0, Diff: 0, Sum: 0, Workers: 4
[659.985s][debug][gc,phases      ] GC(149)     Total                          Min: 0, Avg:  0.0, Max: 0, Diff: 0, Sum: 0, Workers: 4
[659.985s][debug][gc,phases      ] GC(149)   StringTable Weak               Min:  0.1, Avg:  0.1, Max:  0.1, Diff:  0.0, Sum:  0.5, Workers: 4
[659.985s][debug][gc,phases      ] GC(149)     Dead                           Min: 0, Avg:  0.0, Max: 0, Diff: 0, Sum: 0, Workers: 4
[659.985s][debug][gc,phases      ] GC(149)     Total                          Min: 9728, Avg: 11003.5, Max: 11648, Diff: 1920, Sum: 44014, Workers: 4
[659.985s][debug][gc,phases      ] GC(149)   ResolvedMethodTable Weak       Min:  0.0, Avg:  0.0, Max:  0.0, Diff:  0.0, Sum:  0.1, Workers: 4
[659.985s][debug][gc,phases      ] GC(149)     Dead                           Min: 0, Avg:  0.0, Max: 0, Diff: 0, Sum: 0, Workers: 4
[659.985s][debug][gc,phases      ] GC(149)     Total                          Min: 2432, Avg: 2591.8, Max: 2816, Diff: 384, Sum: 10367, Workers: 4
[659.985s][debug][gc,phases      ] GC(149)   JNI Weak                       Min:  0.0, Avg:  0.0, Max:  0.0, Diff:  0.0, Sum:  0.0, Workers: 4
[659.985s][debug][gc,phases      ] GC(149)     Dead                           Min: 0, Avg:  0.0, Max: 0, Diff: 0, Sum: 0, Workers: 4
[659.985s][debug][gc,phases      ] GC(149)     Total                          Min: 0, Avg: 11.2, Max: 45, Diff: 45, Sum: 45, Workers: 4
[659.985s][debug][gc,phases      ] GC(149)   StringDedup Table Weak         Min:  0.0, Avg:  0.0, Max:  0.0, Diff:  0.0, Sum:  0.0, Workers: 4
[659.985s][debug][gc,phases      ] GC(149)     Dead                           Min: 0, Avg:  0.0, Max: 0, Diff: 0, Sum: 0, Workers: 4
[659.985s][debug][gc,phases      ] GC(149)     Total                          Min: 0, Avg:  0.0, Max: 0, Diff: 0, Sum: 0, Workers: 4
[659.985s][debug][gc,phases      ] GC(149)   StringDedup Requests0 Weak     Min:  0.0, Avg:  0.0, Max:  0.0, Diff:  0.0, Sum:  0.0, Workers: 4
[659.985s][debug][gc,phases      ] GC(149)     Dead                           Min: 0, Avg:  0.0, Max: 0, Diff: 0, Sum: 0, Workers: 4
[659.985s][debug][gc,phases      ] GC(149)     Total                          Min: 0, Avg:  0.0, Max: 0, Diff: 0, Sum: 0, Workers: 4
[659.985s][debug][gc,phases      ] GC(149)   StringDedup Requests1 Weak     Min:  0.0, Avg:  0.0, Max:  0.0, Diff:  0.0, Sum:  0.0, Workers: 4
[659.985s][debug][gc,phases      ] GC(149)     Dead                           Min: 0, Avg:  0.0, Max: 0, Diff: 0, Sum: 0, Workers: 4
[659.985s][debug][gc,phases      ] GC(149)     Total                          Min: 0, Avg:  0.0, Max: 0, Diff: 0, Sum: 0, Workers: 4
[659.985s][debug][gc,phases      ] GC(149)   Weak JFR Old Object Samples    Min:  0.0, Avg:  0.0, Max:  0.0, Diff:  0.0, Sum:  0.0, Workers: 4
[659.985s][debug][gc,phases      ] GC(149)     Dead                           Min: 0, Avg:  0.0, Max: 0, Diff: 0, Sum: 0, Workers: 4
[659.985s][debug][gc,phases      ] GC(149)     Total                          Min: 0, Avg:  0.0, Max: 0, Diff: 0, Sum: 0, Workers: 4
[659.985s][debug][gc,phases      ] GC(149) Weak Processing 0.298ms
[659.985s][debug][gc,age         ] GC(149) Desired survivor size 13631488 bytes, new threshold 15 (max threshold 15)
[659.985s][info ][gc,heap        ] GC(149) PSYoungGen: 2077708K(2083840K)->7372K(2083840K) Eden: 2070528K(2070528K)->0K(2070528K) From: 7180K(13312K)->7372K(13312K)
[659.985s][info ][gc,heap        ] GC(149) ParOldGen: 298697K(351232K)->298705K(351232K)
[659.985s][info ][gc,metaspace   ] GC(149) Metaspace: 84859K(85696K)->84859K(85696K) NonClass: 72449K(72896K)->72449K(72896K) Class: 12409K(12800K)->12409K(12800K)
[659.985s][info ][gc             ] GC(149) Pause Young (Allocation Failure) 2320M->298M(2378M) 4.814ms
[659.985s][info ][gc,cpu         ] GC(149) User=0.01s Sys=0.01s Real=0.00s
[659.985s][info ][safepoint      ] Safepoint "ParallelGCFailedAllocation", Time since last: 17688356310 ns, Reaching safepoint: 73000 ns, Cleanup: 3900 ns, At safepoint: 4885580 ns, Total: 4962480 ns
[694.429s][info ][gc,start       ] GC(150) Pause Young (Allocation Failure)
[694.432s][debug][gc,phases      ] GC(150) Scavenge 3.054ms
[694.432s][debug][gc,ref         ] GC(150) Skipped phase 1 of Reference Processing: no references
[694.432s][debug][gc,ref         ] GC(150) ReferenceProcessor::execute queues: 1, RefProcThreadModel::Single, marks_oops_alive: false
[694.432s][debug][gc,ref         ] GC(150) Skipped phase 3 of Reference Processing: no references
[694.432s][debug][gc,ref         ] GC(150) ReferenceProcessor::execute queues: 1, RefProcThreadModel::Single, marks_oops_alive: false
[694.432s][debug][gc,phases      ] GC(150) Reference Processing 0.092ms
[694.432s][debug][gc,phases      ] GC(150)   VM Weak                        Min:  0.0, Avg:  0.0, Max:  0.0, Diff:  0.0, Sum:  0.0, Workers: 4
[694.432s][debug][gc,phases      ] GC(150)     Dead                           Min: 0, Avg:  0.0, Max: 0, Diff: 0, Sum: 0, Workers: 4
[694.432s][debug][gc,phases      ] GC(150)     Total                          Min: 0, Avg: 183.0, Max: 448, Diff: 448, Sum: 732, Workers: 4
[694.432s][debug][gc,phases      ] GC(150)   ObjectSynchronizer Weak        Min:  0.0, Avg:  0.0, Max:  0.0, Diff:  0.0, Sum:  0.0, Workers: 4
[694.432s][debug][gc,phases      ] GC(150)     Dead                           Min: 0, Avg:  0.0, Max: 0, Diff: 0, Sum: 0, Workers: 4
[694.432s][debug][gc,phases      ] GC(150)     Total                          Min: 0, Avg:  0.8, Max: 3, Diff: 3, Sum: 3, Workers: 4
[694.432s][debug][gc,phases      ] GC(150)   JVMTI Tag Weak OopStorage      Min:  0.0, Avg:  0.0, Max:  0.0, Diff:  0.0, Sum:  0.0, Workers: 4
[694.432s][debug][gc,phases      ] GC(150)     Dead                           Min: 0, Avg:  0.0, Max: 0, Diff: 0, Sum: 0, Workers: 4
[694.432s][debug][gc,phases      ] GC(150)     Total                          Min: 0, Avg:  0.0, Max: 0, Diff: 0, Sum: 0, Workers: 4
[694.432s][debug][gc,phases      ] GC(150)   StringTable Weak               Min:  0.1, Avg:  0.1, Max:  0.1, Diff:  0.0, Sum:  0.4, Workers: 4
[694.432s][debug][gc,phases      ] GC(150)     Dead                           Min: 0, Avg:  0.0, Max: 0, Diff: 0, Sum: 0, Workers: 4
[694.432s][debug][gc,phases      ] GC(150)     Total                          Min: 10624, Avg: 11003.5, Max: 11246, Diff: 622, Sum: 44014, Workers: 4
[694.432s][debug][gc,phases      ] GC(150)   ResolvedMethodTable Weak       Min:  0.0, Avg:  0.0, Max:  0.0, Diff:  0.0, Sum:  0.1, Workers: 4
[694.432s][debug][gc,phases      ] GC(150)     Dead                           Min: 0, Avg:  0.0, Max: 0, Diff: 0, Sum: 0, Workers: 4
[694.432s][debug][gc,phases      ] GC(150)     Total                          Min: 2496, Avg: 2591.8, Max: 2688, Diff: 192, Sum: 10367, Workers: 4
[694.432s][debug][gc,phases      ] GC(150)   JNI Weak                       Min:  0.0, Avg:  0.0, Max:  0.0, Diff:  0.0, Sum:  0.0, Workers: 4
[694.432s][debug][gc,phases      ] GC(150)     Dead                           Min: 0, Avg:  0.0, Max: 0, Diff: 0, Sum: 0, Workers: 4
[694.432s][debug][gc,phases      ] GC(150)     Total                          Min: 0, Avg: 11.2, Max: 45, Diff: 45, Sum: 45, Workers: 4
[694.432s][debug][gc,phases      ] GC(150)   StringDedup Table Weak         Min:  0.0, Avg:  0.0, Max:  0.0, Diff:  0.0, Sum:  0.0, Workers: 4
[694.432s][debug][gc,phases      ] GC(150)     Dead                           Min: 0, Avg:  0.0, Max: 0, Diff: 0, Sum: 0, Workers: 4
[694.432s][debug][gc,phases      ] GC(150)     Total                          Min: 0, Avg:  0.0, Max: 0, Diff: 0, Sum: 0, Workers: 4
[694.432s][debug][gc,phases      ] GC(150)   StringDedup Requests0 Weak     Min:  0.0, Avg:  0.0, Max:  0.0, Diff:  0.0, Sum:  0.0, Workers: 4
[694.432s][debug][gc,phases      ] GC(150)     Dead                           Min: 0, Avg:  0.0, Max: 0, Diff: 0, Sum: 0, Workers: 4
[694.432s][debug][gc,phases      ] GC(150)     Total                          Min: 0, Avg:  0.0, Max: 0, Diff: 0, Sum: 0, Workers: 4
[694.432s][debug][gc,phases      ] GC(150)   StringDedup Requests1 Weak     Min:  0.0, Avg:  0.0, Max:  0.0, Diff:  0.0, Sum:  0.0, Workers: 4
[694.432s][debug][gc,phases      ] GC(150)     Dead                           Min: 0, Avg:  0.0, Max: 0, Diff: 0, Sum: 0, Workers: 4
[694.432s][debug][gc,phases      ] GC(150)     Total                          Min: 0, Avg:  0.0, Max: 0, Diff: 0, Sum: 0, Workers: 4
[694.432s][debug][gc,phases      ] GC(150)   Weak JFR Old Object Samples    Min:  0.0, Avg:  0.0, Max:  0.0, Diff:  0.0, Sum:  0.0, Workers: 4
[694.432s][debug][gc,phases      ] GC(150)     Dead                           Min: 0, Avg:  0.0, Max: 0, Diff: 0, Sum: 0, Workers: 4
[694.432s][debug][gc,phases      ] GC(150)     Total                          Min: 0, Avg:  0.0, Max: 0, Diff: 0, Sum: 0, Workers: 4
[694.432s][debug][gc,phases      ] GC(150) Weak Processing 0.315ms
[694.432s][debug][gc,age         ] GC(150) Desired survivor size 13107200 bytes, new threshold 15 (max threshold 15)
[694.432s][info ][gc,heap        ] GC(150) PSYoungGen: 2077900K(2083840K)->2304K(2084352K) Eden: 2070528K(2070528K)->0K(2071040K) From: 7372K(13312K)->2304K(13312K)
[694.432s][info ][gc,heap        ] GC(150) ParOldGen: 298705K(351232K)->303718K(351232K)
[694.432s][info ][gc,metaspace   ] GC(150) Metaspace: 84859K(85696K)->84859K(85696K) NonClass: 72449K(72896K)->72449K(72896K) Class: 12409K(12800K)->12409K(12800K)
[694.433s][info ][gc             ] GC(150) Pause Young (Allocation Failure) 2320M->298M(2378M) 3.587ms
[694.433s][info ][gc,cpu         ] GC(150) User=0.01s Sys=0.00s Real=0.01s
[694.433s][info ][safepoint      ] Safepoint "ParallelGCFailedAllocation", Time since last: 34444002666 ns, Reaching safepoint: 75700 ns, Cleanup: 4100 ns, At safepoint: 3657993 ns, Total: 3737793 ns
[728.248s][info ][gc,start       ] GC(151) Pause Young (Allocation Failure)
[728.251s][debug][gc,phases      ] GC(151) Scavenge 2.763ms
[728.251s][debug][gc,ref         ] GC(151) Skipped phase 1 of Reference Processing: no references
[728.251s][debug][gc,ref         ] GC(151) ReferenceProcessor::execute queues: 1, RefProcThreadModel::Single, marks_oops_alive: false
[728.251s][debug][gc,ref         ] GC(151) Skipped phase 3 of Reference Processing: no references
[728.251s][debug][gc,ref         ] GC(151) ReferenceProcessor::execute queues: 1, RefProcThreadModel::Single, marks_oops_alive: false
[728.251s][debug][gc,phases      ] GC(151) Reference Processing 0.111ms
[728.251s][debug][gc,phases      ] GC(151)   VM Weak                        Min:  0.0, Avg:  0.0, Max:  0.0, Diff:  0.0, Sum:  0.0, Workers: 4
[728.251s][debug][gc,phases      ] GC(151)     Dead                           Min: 0, Avg:  0.0, Max: 0, Diff: 0, Sum: 0, Workers: 4
[728.251s][debug][gc,phases      ] GC(151)     Total                          Min: 0, Avg: 183.0, Max: 512, Diff: 512, Sum: 732, Workers: 4
[728.251s][debug][gc,phases      ] GC(151)   ObjectSynchronizer Weak        Min:  0.0, Avg:  0.0, Max:  0.0, Diff:  0.0, Sum:  0.0, Workers: 4
[728.251s][debug][gc,phases      ] GC(151)     Dead                           Min: 0, Avg:  0.0, Max: 0, Diff: 0, Sum: 0, Workers: 4
[728.251s][debug][gc,phases      ] GC(151)     Total                          Min: 0, Avg:  1.0, Max: 4, Diff: 4, Sum: 4, Workers: 4
[728.251s][debug][gc,phases      ] GC(151)   JVMTI Tag Weak OopStorage      Min:  0.0, Avg:  0.0, Max:  0.0, Diff:  0.0, Sum:  0.0, Workers: 4
[728.251s][debug][gc,phases      ] GC(151)     Dead                           Min: 0, Avg:  0.0, Max: 0, Diff: 0, Sum: 0, Workers: 4
[728.251s][debug][gc,phases      ] GC(151)     Total                          Min: 0, Avg:  0.0, Max: 0, Diff: 0, Sum: 0, Workers: 4
[728.251s][debug][gc,phases      ] GC(151)   StringTable Weak               Min:  0.0, Avg:  0.1, Max:  0.1, Diff:  0.1, Sum:  0.4, Workers: 4
[728.251s][debug][gc,phases      ] GC(151)     Dead                           Min: 0, Avg:  0.0, Max: 0, Diff: 0, Sum: 0, Workers: 4
[728.251s][debug][gc,phases      ] GC(151)     Total                          Min: 0, Avg: 11003.8, Max: 17199, Diff: 17199, Sum: 44015, Workers: 4
[728.251s][debug][gc,phases      ] GC(151)   ResolvedMethodTable Weak       Min:  0.0, Avg:  0.0, Max:  0.0, Diff:  0.0, Sum:  0.1, Workers: 4
[728.251s][debug][gc,phases      ] GC(151)     Dead                           Min: 0, Avg:  0.0, Max: 0, Diff: 0, Sum: 0, Workers: 4
[728.251s][debug][gc,phases      ] GC(151)     Total                          Min: 0, Avg: 2591.8, Max: 4416, Diff: 4416, Sum: 10367, Workers: 4
[728.251s][debug][gc,phases      ] GC(151)   JNI Weak                       Min:  0.0, Avg:  0.0, Max:  0.0, Diff:  0.0, Sum:  0.0, Workers: 4
[728.251s][debug][gc,phases      ] GC(151)     Dead                           Min: 0, Avg:  0.0, Max: 0, Diff: 0, Sum: 0, Workers: 4
[728.251s][debug][gc,phases      ] GC(151)     Total                          Min: 0, Avg: 11.2, Max: 45, Diff: 45, Sum: 45, Workers: 4
[728.251s][debug][gc,phases      ] GC(151)   StringDedup Table Weak         Min:  0.0, Avg:  0.0, Max:  0.0, Diff:  0.0, Sum:  0.0, Workers: 4
[728.251s][debug][gc,phases      ] GC(151)     Dead                           Min: 0, Avg:  0.0, Max: 0, Diff: 0, Sum: 0, Workers: 4
[728.251s][debug][gc,phases      ] GC(151)     Total                          Min: 0, Avg:  0.0, Max: 0, Diff: 0, Sum: 0, Workers: 4
[728.251s][debug][gc,phases      ] GC(151)   StringDedup Requests0 Weak     Min:  0.0, Avg:  0.0, Max:  0.0, Diff:  0.0, Sum:  0.0, Workers: 4
[728.251s][debug][gc,phases      ] GC(151)     Dead                           Min: 0, Avg:  0.0, Max: 0, Diff: 0, Sum: 0, Workers: 4
[728.251s][debug][gc,phases      ] GC(151)     Total                          Min: 0, Avg:  0.0, Max: 0, Diff: 0, Sum: 0, Workers: 4
[728.251s][debug][gc,phases      ] GC(151)   StringDedup Requests1 Weak     Min:  0.0, Avg:  0.0, Max:  0.0, Diff:  0.0, Sum:  0.0, Workers: 4
[728.251s][debug][gc,phases      ] GC(151)     Dead                           Min: 0, Avg:  0.0, Max: 0, Diff: 0, Sum: 0, Workers: 4
[728.251s][debug][gc,phases      ] GC(151)     Total                          Min: 0, Avg:  0.0, Max: 0, Diff: 0, Sum: 0, Workers: 4
[728.251s][debug][gc,phases      ] GC(151)   Weak JFR Old Object Samples    Min:  0.0, Avg:  0.0, Max:  0.0, Diff:  0.0, Sum:  0.0, Workers: 4
[728.251s][debug][gc,phases      ] GC(151)     Dead                           Min: 0, Avg:  0.0, Max: 0, Diff: 0, Sum: 0, Workers: 4
[728.251s][debug][gc,phases      ] GC(151)     Total                          Min: 0, Avg:  0.0, Max: 0, Diff: 0, Sum: 0, Workers: 4
[728.251s][debug][gc,phases      ] GC(151) Weak Processing 0.338ms
[728.251s][debug][gc,age         ] GC(151) Desired survivor size 13107200 bytes, new threshold 15 (max threshold 15)
[728.251s][info ][gc,heap        ] GC(151) PSYoungGen: 2073344K(2084352K)->2592K(2083840K) Eden: 2071040K(2071040K)->0K(2071040K) From: 2304K(13312K)->2592K(12800K)
[728.251s][info ][gc,heap        ] GC(151) ParOldGen: 303718K(351232K)->303750K(351232K)
[728.251s][info ][gc,metaspace   ] GC(151) Metaspace: 84860K(85696K)->84860K(85696K) NonClass: 72450K(72896K)->72450K(72896K) Class: 12409K(12800K)->12409K(12800K)
[728.251s][info ][gc             ] GC(151) Pause Young (Allocation Failure) 2321M->299M(2378M) 3.322ms
[728.251s][info ][gc,cpu         ] GC(151) User=0.01s Sys=0.00s Real=0.00s
[728.251s][info ][safepoint      ] Safepoint "ParallelGCFailedAllocation", Time since last: 33815059649 ns, Reaching safepoint: 75200 ns, Cleanup: 3400 ns, At safepoint: 3386388 ns, Total: 3464988 ns
[736.252s][info ][safepoint      ] Safepoint "Cleanup", Time since last: 8000470516 ns, Reaching safepoint: 4400 ns, Cleanup: 13100 ns, At safepoint: 2100 ns, Total: 19600 ns
[737.252s][info ][safepoint      ] Safepoint "Cleanup", Time since last: 1000081339 ns, Reaching safepoint: 4500 ns, Cleanup: 9800 ns, At safepoint: 2300 ns, Total: 16600 ns
[748.583s][info ][gc,start       ] GC(152) Pause Young (Allocation Failure)
[748.589s][debug][gc,phases      ] GC(152) Scavenge 5.616ms
[748.589s][debug][gc,ref         ] GC(152) Skipped phase 1 of Reference Processing: no references
[748.589s][debug][gc,ref         ] GC(152) ReferenceProcessor::execute queues: 1, RefProcThreadModel::Single, marks_oops_alive: false
[748.589s][debug][gc,ref         ] GC(152) Skipped phase 3 of Reference Processing: no references
[748.589s][debug][gc,ref         ] GC(152) ReferenceProcessor::execute queues: 1, RefProcThreadModel::Single, marks_oops_alive: false
[748.589s][debug][gc,phases      ] GC(152) Reference Processing 0.095ms
[748.589s][debug][gc,phases      ] GC(152)   VM Weak                        Min:  0.0, Avg:  0.0, Max:  0.0, Diff:  0.0, Sum:  0.0, Workers: 4
[748.589s][debug][gc,phases      ] GC(152)     Dead                           Min: 0, Avg:  0.0, Max: 0, Diff: 0, Sum: 0, Workers: 4
[748.589s][debug][gc,phases      ] GC(152)     Total                          Min: 0, Avg: 183.0, Max: 732, Diff: 732, Sum: 732, Workers: 4
[748.589s][debug][gc,phases      ] GC(152)   ObjectSynchronizer Weak        Min:  0.0, Avg:  0.0, Max:  0.0, Diff:  0.0, Sum:  0.0, Workers: 4
[748.589s][debug][gc,phases      ] GC(152)     Dead                           Min: 0, Avg:  0.0, Max: 0, Diff: 0, Sum: 0, Workers: 4
[748.589s][debug][gc,phases      ] GC(152)     Total                          Min: 0, Avg:  1.0, Max: 4, Diff: 4, Sum: 4, Workers: 4
[748.589s][debug][gc,phases      ] GC(152)   JVMTI Tag Weak OopStorage      Min:  0.0, Avg:  0.0, Max:  0.0, Diff:  0.0, Sum:  0.0, Workers: 4
[748.589s][debug][gc,phases      ] GC(152)     Dead                           Min: 0, Avg:  0.0, Max: 0, Diff: 0, Sum: 0, Workers: 4
[748.589s][debug][gc,phases      ] GC(152)     Total                          Min: 0, Avg:  0.0, Max: 0, Diff: 0, Sum: 0, Workers: 4
[748.589s][debug][gc,phases      ] GC(152)   StringTable Weak               Min:  0.0, Avg:  0.1, Max:  0.2, Diff:  0.2, Sum:  0.4, Workers: 4
[748.589s][debug][gc,phases      ] GC(152)     Dead                           Min: 0, Avg:  0.0, Max: 0, Diff: 0, Sum: 0, Workers: 4
[748.589s][debug][gc,phases      ] GC(152)     Total                          Min: 0, Avg: 11003.8, Max: 25583, Diff: 25583, Sum: 44015, Workers: 4
[748.589s][debug][gc,phases      ] GC(152)   ResolvedMethodTable Weak       Min:  0.0, Avg:  0.0, Max:  0.0, Diff:  0.0, Sum:  0.1, Workers: 4
[748.589s][debug][gc,phases      ] GC(152)     Dead                           Min: 0, Avg:  0.0, Max: 0, Diff: 0, Sum: 0, Workers: 4
[748.589s][debug][gc,phases      ] GC(152)     Total                          Min: 0, Avg: 2591.8, Max: 6464, Diff: 6464, Sum: 10367, Workers: 4
[748.589s][debug][gc,phases      ] GC(152)   JNI Weak                       Min:  0.0, Avg:  0.0, Max:  0.0, Diff:  0.0, Sum:  0.0, Workers: 4
[748.589s][debug][gc,phases      ] GC(152)     Dead                           Min: 0, Avg:  0.0, Max: 0, Diff: 0, Sum: 0, Workers: 4
[748.589s][debug][gc,phases      ] GC(152)     Total                          Min: 0, Avg: 11.2, Max: 45, Diff: 45, Sum: 45, Workers: 4
[748.589s][debug][gc,phases      ] GC(152)   StringDedup Table Weak         Min:  0.0, Avg:  0.0, Max:  0.0, Diff:  0.0, Sum:  0.0, Workers: 4
[748.589s][debug][gc,phases      ] GC(152)     Dead                           Min: 0, Avg:  0.0, Max: 0, Diff: 0, Sum: 0, Workers: 4
[748.589s][debug][gc,phases      ] GC(152)     Total                          Min: 0, Avg:  0.0, Max: 0, Diff: 0, Sum: 0, Workers: 4
[748.589s][debug][gc,phases      ] GC(152)   StringDedup Requests0 Weak     Min:  0.0, Avg:  0.0, Max:  0.0, Diff:  0.0, Sum:  0.0, Workers: 4
[748.589s][debug][gc,phases      ] GC(152)     Dead                           Min: 0, Avg:  0.0, Max: 0, Diff: 0, Sum: 0, Workers: 4
[748.589s][debug][gc,phases      ] GC(152)     Total                          Min: 0, Avg:  0.0, Max: 0, Diff: 0, Sum: 0, Workers: 4
[748.589s][debug][gc,phases      ] GC(152)   StringDedup Requests1 Weak     Min:  0.0, Avg:  0.0, Max:  0.0, Diff:  0.0, Sum:  0.0, Workers: 4
[748.589s][debug][gc,phases      ] GC(152)     Dead                           Min: 0, Avg:  0.0, Max: 0, Diff: 0, Sum: 0, Workers: 4
[748.589s][debug][gc,phases      ] GC(152)     Total                          Min: 0, Avg:  0.0, Max: 0, Diff: 0, Sum: 0, Workers: 4
[748.589s][debug][gc,phases      ] GC(152)   Weak JFR Old Object Samples    Min:  0.0, Avg:  0.0, Max:  0.0, Diff:  0.0, Sum:  0.0, Workers: 4
[748.589s][debug][gc,phases      ] GC(152)     Dead                           Min: 0, Avg:  0.0, Max: 0, Diff: 0, Sum: 0, Workers: 4
[748.589s][debug][gc,phases      ] GC(152)     Total                          Min: 0, Avg:  0.0, Max: 0, Diff: 0, Sum: 0, Workers: 4
[748.589s][debug][gc,phases      ] GC(152) Weak Processing 0.406ms
[748.589s][debug][gc,age         ] GC(152) Desired survivor size 12582912 bytes, new threshold 15 (max threshold 15)
[748.589s][info ][gc,heap        ] GC(152) PSYoungGen: 2073632K(2083840K)->2304K(2084864K) Eden: 2071040K(2071040K)->0K(2072064K) From: 2592K(12800K)->2304K(12800K)
[748.589s][info ][gc,heap        ] GC(152) ParOldGen: 303750K(351232K)->303854K(351232K)
[748.589s][info ][gc,metaspace   ] GC(152) Metaspace: 84861K(85696K)->84861K(85696K) NonClass: 72451K(72896K)->72451K(72896K) Class: 12409K(12800K)->12409K(12800K)
[748.589s][info ][gc             ] GC(152) Pause Young (Allocation Failure) 2321M->298M(2379M) 6.225ms
[748.589s][info ][gc,cpu         ] GC(152) User=0.02s Sys=0.00s Real=0.00s
[748.589s][info ][safepoint      ] Safepoint "ParallelGCFailedAllocation", Time since last: 11331142105 ns, Reaching safepoint: 6100 ns, Cleanup: 4800 ns, At safepoint: 6289483 ns, Total: 6300383 ns
[751.589s][info ][safepoint      ] Safepoint "Cleanup", Time since last: 3000195643 ns, Reaching safepoint: 4600 ns, Cleanup: 14900 ns, At safepoint: 2299 ns, Total: 21799 ns
[756.933s][info ][safepoint      ] Safepoint "Cleanup", Time since last: 5343283058 ns, Reaching safepoint: 74000 ns, Cleanup: 13200 ns, At safepoint: 10400 ns, Total: 97600 ns
[757.933s][info ][safepoint      ] Safepoint "Cleanup", Time since last: 1000109022 ns, Reaching safepoint: 4300 ns, Cleanup: 51000 ns, At safepoint: 2000 ns, Total: 57300 ns
[758.933s][info ][safepoint      ] Safepoint "Cleanup", Time since last: 1000109455 ns, Reaching safepoint: 4300 ns, Cleanup: 9500 ns, At safepoint: 2000 ns, Total: 15800 ns
[763.933s][info ][safepoint      ] Safepoint "Cleanup", Time since last: 5000388663 ns, Reaching safepoint: 4500 ns, Cleanup: 12900 ns, At safepoint: 2100 ns, Total: 19500 ns
[766.934s][info ][safepoint      ] Safepoint "Cleanup", Time since last: 3000214029 ns, Reaching safepoint: 4600 ns, Cleanup: 17700 ns, At safepoint: 2100 ns, Total: 24400 ns
[767.934s][info ][safepoint      ] Safepoint "Cleanup", Time since last: 1000110802 ns, Reaching safepoint: 4200 ns, Cleanup: 10400 ns, At safepoint: 1900 ns, Total: 16500 ns
[769.934s][info ][safepoint      ] Safepoint "Cleanup", Time since last: 2000165305 ns, Reaching safepoint: 4100 ns, Cleanup: 16100 ns, At safepoint: 1800 ns, Total: 22000 ns
[770.934s][info ][safepoint      ] Safepoint "Cleanup", Time since last: 1000111202 ns, Reaching safepoint: 4800 ns, Cleanup: 11000 ns, At safepoint: 2100 ns, Total: 17900 ns
[775.934s][info ][safepoint      ] Safepoint "Cleanup", Time since last: 5000309183 ns, Reaching safepoint: 4900 ns, Cleanup: 8500 ns, At safepoint: 1900 ns, Total: 15300 ns
[778.283s][info ][gc,start       ] GC(153) Pause Young (Allocation Failure)
[778.286s][debug][gc,phases      ] GC(153) Scavenge 3.110ms
[778.286s][debug][gc,ref         ] GC(153) Skipped phase 1 of Reference Processing: no references
[778.286s][debug][gc,ref         ] GC(153) ReferenceProcessor::execute queues: 1, RefProcThreadModel::Single, marks_oops_alive: false
[778.286s][debug][gc,ref         ] GC(153) Skipped phase 3 of Reference Processing: no references
[778.286s][debug][gc,ref         ] GC(153) ReferenceProcessor::execute queues: 1, RefProcThreadModel::Single, marks_oops_alive: false
[778.286s][debug][gc,phases      ] GC(153) Reference Processing 0.089ms
[778.291s][debug][gc,phases      ] GC(153)   VM Weak                        Min:  0.0, Avg:  0.0, Max:  0.0, Diff:  0.0, Sum:  0.0, Workers: 4
[778.291s][debug][gc,phases      ] GC(153)     Dead                           Min: 0, Avg:  0.0, Max: 0, Diff: 0, Sum: 0, Workers: 4
[778.291s][debug][gc,phases      ] GC(153)     Total                          Min: 0, Avg: 183.0, Max: 448, Diff: 448, Sum: 732, Workers: 4
[778.291s][debug][gc,phases      ] GC(153)   ObjectSynchronizer Weak        Min:  0.0, Avg:  0.0, Max:  0.0, Diff:  0.0, Sum:  0.0, Workers: 4
[778.291s][debug][gc,phases      ] GC(153)     Dead                           Min: 0, Avg:  0.0, Max: 0, Diff: 0, Sum: 0, Workers: 4
[778.291s][debug][gc,phases      ] GC(153)     Total                          Min: 0, Avg:  1.0, Max: 4, Diff: 4, Sum: 4, Workers: 4
[778.291s][debug][gc,phases      ] GC(153)   JVMTI Tag Weak OopStorage      Min:  0.0, Avg:  0.0, Max:  0.0, Diff:  0.0, Sum:  0.0, Workers: 4
[778.291s][debug][gc,phases      ] GC(153)     Dead                           Min: 0, Avg:  0.0, Max: 0, Diff: 0, Sum: 0, Workers: 4
[778.291s][debug][gc,phases      ] GC(153)     Total                          Min: 0, Avg:  0.0, Max: 0, Diff: 0, Sum: 0, Workers: 4
[778.291s][debug][gc,phases      ] GC(153)   StringTable Weak               Min:  0.1, Avg:  1.3, Max:  4.8, Diff:  4.7, Sum:  5.2, Workers: 4
[778.291s][debug][gc,phases      ] GC(153)     Dead                           Min: 0, Avg:  0.2, Max: 1, Diff: 1, Sum: 1, Workers: 4
[778.291s][debug][gc,phases      ] GC(153)     Total                          Min: 5120, Avg: 11005.0, Max: 13312, Diff: 8192, Sum: 44020, Workers: 4
[778.291s][debug][gc,phases      ] GC(153)   ResolvedMethodTable Weak       Min:  0.0, Avg:  0.0, Max:  0.0, Diff:  0.0, Sum:  0.1, Workers: 4
[778.291s][debug][gc,phases      ] GC(153)     Dead                           Min: 0, Avg:  0.0, Max: 0, Diff: 0, Sum: 0, Workers: 4
[778.291s][debug][gc,phases      ] GC(153)     Total                          Min: 0, Avg: 2594.0, Max: 3519, Diff: 3519, Sum: 10376, Workers: 4
[778.291s][debug][gc,phases      ] GC(153)   JNI Weak                       Min:  0.0, Avg:  0.0, Max:  0.0, Diff:  0.0, Sum:  0.0, Workers: 4
[778.291s][debug][gc,phases      ] GC(153)     Dead                           Min: 0, Avg:  0.0, Max: 0, Diff: 0, Sum: 0, Workers: 4
[778.291s][debug][gc,phases      ] GC(153)     Total                          Min: 0, Avg: 11.2, Max: 45, Diff: 45, Sum: 45, Workers: 4
[778.291s][debug][gc,phases      ] GC(153)   StringDedup Table Weak         Min:  0.0, Avg:  0.0, Max:  0.0, Diff:  0.0, Sum:  0.0, Workers: 4
[778.291s][debug][gc,phases      ] GC(153)     Dead                           Min: 0, Avg:  0.0, Max: 0, Diff: 0, Sum: 0, Workers: 4
[778.291s][debug][gc,phases      ] GC(153)     Total                          Min: 0, Avg:  0.0, Max: 0, Diff: 0, Sum: 0, Workers: 4
[778.291s][debug][gc,phases      ] GC(153)   StringDedup Requests0 Weak     Min:  0.0, Avg:  0.0, Max:  0.0, Diff:  0.0, Sum:  0.0, Workers: 4
[778.291s][debug][gc,phases      ] GC(153)     Dead                           Min: 0, Avg:  0.0, Max: 0, Diff: 0, Sum: 0, Workers: 4
[778.291s][debug][gc,phases      ] GC(153)     Total                          Min: 0, Avg:  0.0, Max: 0, Diff: 0, Sum: 0, Workers: 4
[778.291s][debug][gc,phases      ] GC(153)   StringDedup Requests1 Weak     Min:  0.0, Avg:  0.0, Max:  0.0, Diff:  0.0, Sum:  0.0, Workers: 4
[778.291s][debug][gc,phases      ] GC(153)     Dead                           Min: 0, Avg:  0.0, Max: 0, Diff: 0, Sum: 0, Workers: 4
[778.291s][debug][gc,phases      ] GC(153)     Total                          Min: 0, Avg:  0.0, Max: 0, Diff: 0, Sum: 0, Workers: 4
[778.291s][debug][gc,phases      ] GC(153)   Weak JFR Old Object Samples    Min:  0.0, Avg:  0.0, Max:  0.0, Diff:  0.0, Sum:  0.0, Workers: 4
[778.291s][debug][gc,phases      ] GC(153)     Dead                           Min: 0, Avg:  0.0, Max: 0, Diff: 0, Sum: 0, Workers: 4
[778.291s][debug][gc,phases      ] GC(153)     Total                          Min: 0, Avg:  0.0, Max: 0, Diff: 0, Sum: 0, Workers: 4
[778.291s][debug][gc,phases      ] GC(153) Weak Processing 5.003ms
[778.291s][debug][gc,age         ] GC(153) Desired survivor size 12582912 bytes, new threshold 15 (max threshold 15)
[778.291s][info ][gc,heap        ] GC(153) PSYoungGen: 2074368K(2084864K)->2464K(2084352K) Eden: 2072064K(2072064K)->0K(2072064K) From: 2304K(12800K)->2464K(12288K)
[778.291s][info ][gc,heap        ] GC(153) ParOldGen: 303854K(351232K)->304038K(351232K)
[778.291s][info ][gc,metaspace   ] GC(153) Metaspace: 84891K(85760K)->84891K(85760K) NonClass: 72478K(72960K)->72478K(72960K) Class: 12412K(12800K)->12412K(12800K)
[778.291s][info ][gc             ] GC(153) Pause Young (Allocation Failure) 2322M->299M(2378M) 8.305ms
[778.291s][info ][gc,cpu         ] GC(153) User=0.01s Sys=0.00s Real=0.00s
[778.291s][info ][safepoint      ] Safepoint "ParallelGCFailedAllocation", Time since last: 2348556868 ns, Reaching safepoint: 77199 ns, Cleanup: 4200 ns, At safepoint: 8381673 ns, Total: 8463072 ns
[780.133s][info ][safepoint      ] Safepoint "Cleanup", Time since last: 1841650915 ns, Reaching safepoint: 4600 ns, Cleanup: 21900 ns, At safepoint: 2200 ns, Total: 28700 ns
[789.228s][info ][safepoint      ] Safepoint "Cleanup", Time since last: 9094651103 ns, Reaching safepoint: 3800 ns, Cleanup: 9000 ns, At safepoint: 3300 ns, Total: 16100 ns
[790.228s][info ][safepoint      ] Safepoint "Cleanup", Time since last: 1000104850 ns, Reaching safepoint: 4400 ns, Cleanup: 39700 ns, At safepoint: 2900 ns, Total: 47000 ns
[801.229s][info ][safepoint      ] Safepoint "Cleanup", Time since last: 11000723825 ns, Reaching safepoint: 74599 ns, Cleanup: 12100 ns, At safepoint: 5200 ns, Total: 91899 ns
[802.229s][info ][safepoint      ] Safepoint "Cleanup", Time since last: 1000098963 ns, Reaching safepoint: 73700 ns, Cleanup: 15900 ns, At safepoint: 5400 ns, Total: 95000 ns
[805.229s][info ][safepoint      ] Safepoint "Cleanup", Time since last: 3000234589 ns, Reaching safepoint: 74400 ns, Cleanup: 7800 ns, At safepoint: 5500 ns, Total: 87700 ns
[806.229s][info ][safepoint      ] Safepoint "Cleanup", Time since last: 1000106963 ns, Reaching safepoint: 5800 ns, Cleanup: 6200 ns, At safepoint: 4800 ns, Total: 16800 ns
[808.879s][info ][gc,start       ] GC(154) Pause Young (Allocation Failure)
[808.883s][debug][gc,phases      ] GC(154) Scavenge 3.190ms
[808.883s][debug][gc,ref         ] GC(154) Skipped phase 1 of Reference Processing: no references
[808.883s][debug][gc,ref         ] GC(154) ReferenceProcessor::execute queues: 1, RefProcThreadModel::Single, marks_oops_alive: false
[808.883s][debug][gc,ref         ] GC(154) Skipped phase 3 of Reference Processing: no references
[808.883s][debug][gc,ref         ] GC(154) ReferenceProcessor::execute queues: 1, RefProcThreadModel::Single, marks_oops_alive: false
[808.883s][debug][gc,phases      ] GC(154) Reference Processing 0.087ms
[808.883s][debug][gc,phases      ] GC(154)   VM Weak                        Min:  0.0, Avg:  0.0, Max:  0.0, Diff:  0.0, Sum:  0.0, Workers: 4
[808.883s][debug][gc,phases      ] GC(154)     Dead                           Min: 0, Avg:  0.0, Max: 0, Diff: 0, Sum: 0, Workers: 4
[808.883s][debug][gc,phases      ] GC(154)     Total                          Min: 0, Avg: 183.0, Max: 476, Diff: 476, Sum: 732, Workers: 4
[808.883s][debug][gc,phases      ] GC(154)   ObjectSynchronizer Weak        Min:  0.0, Avg:  0.0, Max:  0.0, Diff:  0.0, Sum:  0.0, Workers: 4
[808.883s][debug][gc,phases      ] GC(154)     Dead                           Min: 0, Avg:  0.0, Max: 0, Diff: 0, Sum: 0, Workers: 4
[808.883s][debug][gc,phases      ] GC(154)     Total                          Min: 0, Avg:  1.0, Max: 4, Diff: 4, Sum: 4, Workers: 4
[808.883s][debug][gc,phases      ] GC(154)   JVMTI Tag Weak OopStorage      Min:  0.0, Avg:  0.0, Max:  0.0, Diff:  0.0, Sum:  0.0, Workers: 4
[808.883s][debug][gc,phases      ] GC(154)     Dead                           Min: 0, Avg:  0.0, Max: 0, Diff: 0, Sum: 0, Workers: 4
[808.883s][debug][gc,phases      ] GC(154)     Total                          Min: 0, Avg:  0.0, Max: 0, Diff: 0, Sum: 0, Workers: 4
[808.883s][debug][gc,phases      ] GC(154)   StringTable Weak               Min:  0.1, Avg:  0.1, Max:  0.1, Diff:  0.0, Sum:  0.4, Workers: 4
[808.883s][debug][gc,phases      ] GC(154)     Dead                           Min: 0, Avg:  0.2, Max: 1, Diff: 1, Sum: 1, Workers: 4
[808.883s][debug][gc,phases      ] GC(154)     Total                          Min: 10624, Avg: 11006.0, Max: 11263, Diff: 639, Sum: 44024, Workers: 4
[808.883s][debug][gc,phases      ] GC(154)   ResolvedMethodTable Weak       Min:  0.0, Avg:  0.0, Max:  0.0, Diff:  0.0, Sum:  0.1, Workers: 4
[808.883s][debug][gc,phases      ] GC(154)     Dead                           Min: 0, Avg:  0.0, Max: 0, Diff: 0, Sum: 0, Workers: 4
[808.883s][debug][gc,phases      ] GC(154)     Total                          Min: 2509, Avg: 2595.2, Max: 2624, Diff: 115, Sum: 10381, Workers: 4
[808.883s][debug][gc,phases      ] GC(154)   JNI Weak                       Min:  0.0, Avg:  0.0, Max:  0.0, Diff:  0.0, Sum:  0.0, Workers: 4
[808.883s][debug][gc,phases      ] GC(154)     Dead                           Min: 0, Avg:  0.0, Max: 0, Diff: 0, Sum: 0, Workers: 4
[808.883s][debug][gc,phases      ] GC(154)     Total                          Min: 0, Avg: 11.2, Max: 45, Diff: 45, Sum: 45, Workers: 4
[808.883s][debug][gc,phases      ] GC(154)   StringDedup Table Weak         Min:  0.0, Avg:  0.0, Max:  0.0, Diff:  0.0, Sum:  0.0, Workers: 4
[808.883s][debug][gc,phases      ] GC(154)     Dead                           Min: 0, Avg:  0.0, Max: 0, Diff: 0, Sum: 0, Workers: 4
[808.883s][debug][gc,phases      ] GC(154)     Total                          Min: 0, Avg:  0.0, Max: 0, Diff: 0, Sum: 0, Workers: 4
[808.883s][debug][gc,phases      ] GC(154)   StringDedup Requests0 Weak     Min:  0.0, Avg:  0.0, Max:  0.0, Diff:  0.0, Sum:  0.0, Workers: 4
[808.883s][debug][gc,phases      ] GC(154)     Dead                           Min: 0, Avg:  0.0, Max: 0, Diff: 0, Sum: 0, Workers: 4
[808.883s][debug][gc,phases      ] GC(154)     Total                          Min: 0, Avg:  0.0, Max: 0, Diff: 0, Sum: 0, Workers: 4
[808.883s][debug][gc,phases      ] GC(154)   StringDedup Requests1 Weak     Min:  0.0, Avg:  0.0, Max:  0.0, Diff:  0.0, Sum:  0.0, Workers: 4
[808.883s][debug][gc,phases      ] GC(154)     Dead                           Min: 0, Avg:  0.0, Max: 0, Diff: 0, Sum: 0, Workers: 4
[808.883s][debug][gc,phases      ] GC(154)     Total                          Min: 0, Avg:  0.0, Max: 0, Diff: 0, Sum: 0, Workers: 4
[808.883s][debug][gc,phases      ] GC(154)   Weak JFR Old Object Samples    Min:  0.0, Avg:  0.0, Max:  0.0, Diff:  0.0, Sum:  0.0, Workers: 4
[808.883s][debug][gc,phases      ] GC(154)     Dead                           Min: 0, Avg:  0.0, Max: 0, Diff: 0, Sum: 0, Workers: 4
[808.883s][debug][gc,phases      ] GC(154)     Total                          Min: 0, Avg:  0.0, Max: 0, Diff: 0, Sum: 0, Workers: 4
[808.883s][debug][gc,phases      ] GC(154) Weak Processing 0.309ms
[808.883s][debug][gc,age         ] GC(154) Desired survivor size 12058624 bytes, new threshold 15 (max threshold 15)
[808.883s][info ][gc,heap        ] GC(154) PSYoungGen: 2074528K(2084352K)->2448K(2085376K) Eden: 2072064K(2072064K)->0K(2073088K) From: 2464K(12288K)->2448K(12288K)
[808.883s][info ][gc,heap        ] GC(154) ParOldGen: 304038K(351232K)->304174K(351232K)
[808.883s][info ][gc,metaspace   ] GC(154) Metaspace: 84906K(85760K)->84906K(85760K) NonClass: 72491K(72960K)->72491K(72960K) Class: 12414K(12800K)->12414K(12800K)
[808.883s][info ][gc             ] GC(154) Pause Young (Allocation Failure) 2322M->299M(2379M) 3.705ms
[808.883s][info ][gc,cpu         ] GC(154) User=0.02s Sys=0.00s Real=0.01s
[808.883s][info ][safepoint      ] Safepoint "ParallelGCFailedAllocation", Time since last: 2649967173 ns, Reaching safepoint: 4600 ns, Cleanup: 3600 ns, At safepoint: 3784689 ns, Total: 3792889 ns
[811.883s][info ][safepoint      ] Safepoint "Cleanup", Time since last: 3000174983 ns, Reaching safepoint: 4900 ns, Cleanup: 8500 ns, At safepoint: 2300 ns, Total: 15700 ns
[826.884s][info ][safepoint      ] Safepoint "Cleanup", Time since last: 15000833693 ns, Reaching safepoint: 4000 ns, Cleanup: 9200 ns, At safepoint: 2700 ns, Total: 15900 ns
[835.885s][info ][safepoint      ] Safepoint "Cleanup", Time since last: 9000620592 ns, Reaching safepoint: 5600 ns, Cleanup: 11900 ns, At safepoint: 3100 ns, Total: 20600 ns
[839.885s][info ][safepoint      ] Safepoint "Cleanup", Time since last: 4000304602 ns, Reaching safepoint: 4600 ns, Cleanup: 8700 ns, At safepoint: 2400 ns, Total: 15700 ns
[840.031s][info ][gc,start       ] GC(155) Pause Young (Allocation Failure)
[840.035s][debug][gc,phases      ] GC(155) Scavenge 4.002ms
[840.035s][debug][gc,ref         ] GC(155) Skipped phase 1 of Reference Processing: no references
[840.035s][debug][gc,ref         ] GC(155) ReferenceProcessor::execute queues: 1, RefProcThreadModel::Single, marks_oops_alive: false
[840.035s][debug][gc,ref         ] GC(155) Skipped phase 3 of Reference Processing: no references
[840.035s][debug][gc,ref         ] GC(155) ReferenceProcessor::execute queues: 1, RefProcThreadModel::Single, marks_oops_alive: false
[840.035s][debug][gc,phases      ] GC(155) Reference Processing 0.088ms
[840.036s][debug][gc,phases      ] GC(155)   VM Weak                        Min:  0.0, Avg:  0.0, Max:  0.0, Diff:  0.0, Sum:  0.0, Workers: 4
[840.036s][debug][gc,phases      ] GC(155)     Dead                           Min: 0, Avg:  0.0, Max: 0, Diff: 0, Sum: 0, Workers: 4
[840.036s][debug][gc,phases      ] GC(155)     Total                          Min: 0, Avg: 183.0, Max: 512, Diff: 512, Sum: 732, Workers: 4
[840.036s][debug][gc,phases      ] GC(155)   ObjectSynchronizer Weak        Min:  0.0, Avg:  0.0, Max:  0.0, Diff:  0.0, Sum:  0.0, Workers: 4
[840.036s][debug][gc,phases      ] GC(155)     Dead                           Min: 0, Avg:  0.0, Max: 0, Diff: 0, Sum: 0, Workers: 4
[840.036s][debug][gc,phases      ] GC(155)     Total                          Min: 0, Avg:  1.0, Max: 4, Diff: 4, Sum: 4, Workers: 4
[840.036s][debug][gc,phases      ] GC(155)   JVMTI Tag Weak OopStorage      Min:  0.0, Avg:  0.0, Max:  0.0, Diff:  0.0, Sum:  0.0, Workers: 4
[840.036s][debug][gc,phases      ] GC(155)     Dead                           Min: 0, Avg:  0.0, Max: 0, Diff: 0, Sum: 0, Workers: 4
[840.036s][debug][gc,phases      ] GC(155)     Total                          Min: 0, Avg:  0.0, Max: 0, Diff: 0, Sum: 0, Workers: 4
[840.036s][debug][gc,phases      ] GC(155)   StringTable Weak               Min:  0.0, Avg:  0.1, Max:  0.1, Diff:  0.1, Sum:  0.4, Workers: 4
[840.036s][debug][gc,phases      ] GC(155)     Dead                           Min: 0, Avg:  0.0, Max: 0, Diff: 0, Sum: 0, Workers: 4
[840.036s][debug][gc,phases      ] GC(155)     Total                          Min: 0, Avg: 11006.0, Max: 19198, Diff: 19198, Sum: 44024, Workers: 4
[840.036s][debug][gc,phases      ] GC(155)   ResolvedMethodTable Weak       Min:  0.0, Avg:  0.0, Max:  0.0, Diff:  0.0, Sum:  0.1, Workers: 4
[840.036s][debug][gc,phases      ] GC(155)     Dead                           Min: 0, Avg:  0.0, Max: 0, Diff: 0, Sum: 0, Workers: 4
[840.036s][debug][gc,phases      ] GC(155)     Total                          Min: 0, Avg: 2595.2, Max: 4558, Diff: 4558, Sum: 10381, Workers: 4
[840.036s][debug][gc,phases      ] GC(155)   JNI Weak                       Min:  0.0, Avg:  0.0, Max:  0.0, Diff:  0.0, Sum:  0.0, Workers: 4
[840.036s][debug][gc,phases      ] GC(155)     Dead                           Min: 0, Avg:  0.0, Max: 0, Diff: 0, Sum: 0, Workers: 4
[840.036s][debug][gc,phases      ] GC(155)     Total                          Min: 0, Avg: 11.2, Max: 45, Diff: 45, Sum: 45, Workers: 4
[840.036s][debug][gc,phases      ] GC(155)   StringDedup Table Weak         Min:  0.0, Avg:  0.0, Max:  0.0, Diff:  0.0, Sum:  0.0, Workers: 4
[840.036s][debug][gc,phases      ] GC(155)     Dead                           Min: 0, Avg:  0.0, Max: 0, Diff: 0, Sum: 0, Workers: 4
[840.036s][debug][gc,phases      ] GC(155)     Total                          Min: 0, Avg:  0.0, Max: 0, Diff: 0, Sum: 0, Workers: 4
[840.036s][debug][gc,phases      ] GC(155)   StringDedup Requests0 Weak     Min:  0.0, Avg:  0.0, Max:  0.0, Diff:  0.0, Sum:  0.0, Workers: 4
[840.036s][debug][gc,phases      ] GC(155)     Dead                           Min: 0, Avg:  0.0, Max: 0, Diff: 0, Sum: 0, Workers: 4
[840.036s][debug][gc,phases      ] GC(155)     Total                          Min: 0, Avg:  0.0, Max: 0, Diff: 0, Sum: 0, Workers: 4
[840.036s][debug][gc,phases      ] GC(155)   StringDedup Requests1 Weak     Min:  0.0, Avg:  0.0, Max:  0.0, Diff:  0.0, Sum:  0.0, Workers: 4
[840.036s][debug][gc,phases      ] GC(155)     Dead                           Min: 0, Avg:  0.0, Max: 0, Diff: 0, Sum: 0, Workers: 4
[840.036s][debug][gc,phases      ] GC(155)     Total                          Min: 0, Avg:  0.0, Max: 0, Diff: 0, Sum: 0, Workers: 4
[840.036s][debug][gc,phases      ] GC(155)   Weak JFR Old Object Samples    Min:  0.0, Avg:  0.0, Max:  0.0, Diff:  0.0, Sum:  0.0, Workers: 4
[840.036s][debug][gc,phases      ] GC(155)     Dead                           Min: 0, Avg:  0.0, Max: 0, Diff: 0, Sum: 0, Workers: 4
[840.036s][debug][gc,phases      ] GC(155)     Total                          Min: 0, Avg:  0.0, Max: 0, Diff: 0, Sum: 0, Workers: 4
[840.036s][debug][gc,phases      ] GC(155) Weak Processing 0.336ms
[840.036s][debug][gc,age         ] GC(155) Desired survivor size 11534336 bytes, new threshold 15 (max threshold 15)
[840.036s][info ][gc,heap        ] GC(155) PSYoungGen: 2075536K(2085376K)->2560K(2084864K) Eden: 2073088K(2073088K)->0K(2073088K) From: 2448K(12288K)->2560K(11776K)
[840.036s][info ][gc,heap        ] GC(155) ParOldGen: 304174K(351232K)->304190K(351232K)
[840.036s][info ][gc,metaspace   ] GC(155) Metaspace: 84916K(85760K)->84916K(85760K) NonClass: 72501K(72960K)->72501K(72960K) Class: 12414K(12800K)->12414K(12800K)
[840.036s][info ][gc             ] GC(155) Pause Young (Allocation Failure) 2323M->299M(2379M) 4.525ms
[840.036s][info ][gc,cpu         ] GC(155) User=0.01s Sys=0.00s Real=0.01s
[840.036s][info ][safepoint      ] Safepoint "ParallelGCFailedAllocation", Time since last: 145972794 ns, Reaching safepoint: 4200 ns, Cleanup: 4100 ns, At safepoint: 4592188 ns, Total: 4600488 ns
[841.242s][info ][safepoint      ] Safepoint "Cleanup", Time since last: 1206685749 ns, Reaching safepoint: 4700 ns, Cleanup: 8800 ns, At safepoint: 2000 ns, Total: 15500 ns
[845.243s][info ][safepoint      ] Safepoint "Cleanup", Time since last: 4000253192 ns, Reaching safepoint: 4400 ns, Cleanup: 9000 ns, At safepoint: 2200 ns, Total: 15600 ns
[860.244s][info ][safepoint      ] Safepoint "Cleanup", Time since last: 15000948327 ns, Reaching safepoint: 7400 ns, Cleanup: 12100 ns, At safepoint: 2300 ns, Total: 21800 ns
[864.244s][info ][safepoint      ] Safepoint "Cleanup", Time since last: 4000291889 ns, Reaching safepoint: 4100 ns, Cleanup: 7300 ns, At safepoint: 1700 ns, Total: 13100 ns
[871.682s][info ][gc,start       ] GC(156) Pause Young (Allocation Failure)
[871.684s][debug][gc,phases      ] GC(156) Scavenge 2.653ms
[871.684s][debug][gc,ref         ] GC(156) Skipped phase 1 of Reference Processing: no references
[871.684s][debug][gc,ref         ] GC(156) ReferenceProcessor::execute queues: 1, RefProcThreadModel::Single, marks_oops_alive: false
[871.684s][debug][gc,ref         ] GC(156) Skipped phase 3 of Reference Processing: no references
[871.684s][debug][gc,ref         ] GC(156) ReferenceProcessor::execute queues: 1, RefProcThreadModel::Single, marks_oops_alive: false
[871.684s][debug][gc,phases      ] GC(156) Reference Processing 0.092ms
[871.685s][debug][gc,phases      ] GC(156)   VM Weak                        Min:  0.0, Avg:  0.0, Max:  0.0, Diff:  0.0, Sum:  0.0, Workers: 4
[871.685s][debug][gc,phases      ] GC(156)     Dead                           Min: 0, Avg:  0.0, Max: 0, Diff: 0, Sum: 0, Workers: 4
[871.685s][debug][gc,phases      ] GC(156)     Total                          Min: 0, Avg: 183.0, Max: 476, Diff: 476, Sum: 732, Workers: 4
[871.685s][debug][gc,phases      ] GC(156)   ObjectSynchronizer Weak        Min:  0.0, Avg:  0.0, Max:  0.0, Diff:  0.0, Sum:  0.0, Workers: 4
[871.685s][debug][gc,phases      ] GC(156)     Dead                           Min: 0, Avg:  0.0, Max: 0, Diff: 0, Sum: 0, Workers: 4
[871.685s][debug][gc,phases      ] GC(156)     Total                          Min: 0, Avg:  1.0, Max: 4, Diff: 4, Sum: 4, Workers: 4
[871.685s][debug][gc,phases      ] GC(156)   JVMTI Tag Weak OopStorage      Min:  0.0, Avg:  0.0, Max:  0.0, Diff:  0.0, Sum:  0.0, Workers: 4
[871.685s][debug][gc,phases      ] GC(156)     Dead                           Min: 0, Avg:  0.0, Max: 0, Diff: 0, Sum: 0, Workers: 4
[871.685s][debug][gc,phases      ] GC(156)     Total                          Min: 0, Avg:  0.0, Max: 0, Diff: 0, Sum: 0, Workers: 4
[871.685s][debug][gc,phases      ] GC(156)   StringTable Weak               Min:  0.0, Avg:  0.1, Max:  0.1, Diff:  0.1, Sum:  0.4, Workers: 4
[871.685s][debug][gc,phases      ] GC(156)     Dead                           Min: 0, Avg:  0.2, Max: 1, Diff: 1, Sum: 1, Workers: 4
[871.685s][debug][gc,phases      ] GC(156)     Total                          Min: 0, Avg: 11006.8, Max: 19198, Diff: 19198, Sum: 44027, Workers: 4
[871.685s][debug][gc,phases      ] GC(156)   ResolvedMethodTable Weak       Min:  0.0, Avg:  0.0, Max:  0.0, Diff:  0.0, Sum:  0.1, Workers: 4
[871.685s][debug][gc,phases      ] GC(156)     Dead                           Min: 0, Avg:  0.0, Max: 0, Diff: 0, Sum: 0, Workers: 4
[871.685s][debug][gc,phases      ] GC(156)     Total                          Min: 0, Avg: 2596.5, Max: 4690, Diff: 4690, Sum: 10386, Workers: 4
[871.685s][debug][gc,phases      ] GC(156)   JNI Weak                       Min:  0.0, Avg:  0.0, Max:  0.0, Diff:  0.0, Sum:  0.0, Workers: 4
[871.685s][debug][gc,phases      ] GC(156)     Dead                           Min: 0, Avg:  0.0, Max: 0, Diff: 0, Sum: 0, Workers: 4
[871.685s][debug][gc,phases      ] GC(156)     Total                          Min: 0, Avg: 11.2, Max: 45, Diff: 45, Sum: 45, Workers: 4
[871.685s][debug][gc,phases      ] GC(156)   StringDedup Table Weak         Min:  0.0, Avg:  0.0, Max:  0.0, Diff:  0.0, Sum:  0.0, Workers: 4
[871.685s][debug][gc,phases      ] GC(156)     Dead                           Min: 0, Avg:  0.0, Max: 0, Diff: 0, Sum: 0, Workers: 4
[871.685s][debug][gc,phases      ] GC(156)     Total                          Min: 0, Avg:  0.0, Max: 0, Diff: 0, Sum: 0, Workers: 4
[871.685s][debug][gc,phases      ] GC(156)   StringDedup Requests0 Weak     Min:  0.0, Avg:  0.0, Max:  0.0, Diff:  0.0, Sum:  0.0, Workers: 4
[871.685s][debug][gc,phases      ] GC(156)     Dead                           Min: 0, Avg:  0.0, Max: 0, Diff: 0, Sum: 0, Workers: 4
[871.685s][debug][gc,phases      ] GC(156)     Total                          Min: 0, Avg:  0.0, Max: 0, Diff: 0, Sum: 0, Workers: 4
[871.685s][debug][gc,phases      ] GC(156)   StringDedup Requests1 Weak     Min:  0.0, Avg:  0.0, Max:  0.0, Diff:  0.0, Sum:  0.0, Workers: 4
[871.685s][debug][gc,phases      ] GC(156)     Dead                           Min: 0, Avg:  0.0, Max: 0, Diff: 0, Sum: 0, Workers: 4
[871.685s][debug][gc,phases      ] GC(156)     Total                          Min: 0, Avg:  0.0, Max: 0, Diff: 0, Sum: 0, Workers: 4
[871.685s][debug][gc,phases      ] GC(156)   Weak JFR Old Object Samples    Min:  0.0, Avg:  0.0, Max:  0.0, Diff:  0.0, Sum:  0.0, Workers: 4
[871.685s][debug][gc,phases      ] GC(156)     Dead                           Min: 0, Avg:  0.0, Max: 0, Diff: 0, Sum: 0, Workers: 4
[871.685s][debug][gc,phases      ] GC(156)     Total                          Min: 0, Avg:  0.0, Max: 0, Diff: 0, Sum: 0, Workers: 4
[871.685s][debug][gc,phases      ] GC(156) Weak Processing 0.338ms
[871.685s][debug][gc,age         ] GC(156) Desired survivor size 11010048 bytes, new threshold 15 (max threshold 15)
[871.685s][info ][gc,heap        ] GC(156) PSYoungGen: 2075648K(2084864K)->2512K(2086400K) Eden: 2073088K(2073088K)->0K(2075136K) From: 2560K(11776K)->2512K(11264K)
[871.685s][info ][gc,heap        ] GC(156) ParOldGen: 304190K(351232K)->304230K(351232K)
[871.685s][info ][gc,metaspace   ] GC(156) Metaspace: 84926K(85760K)->84926K(85760K) NonClass: 72509K(72960K)->72509K(72960K) Class: 12416K(12800K)->12416K(12800K)
[871.685s][info ][gc             ] GC(156) Pause Young (Allocation Failure) 2324M->299M(2380M) 3.179ms
[871.685s][info ][gc,cpu         ] GC(156) User=0.01s Sys=0.00s Real=0.00s
[871.685s][info ][safepoint      ] Safepoint "ParallelGCFailedAllocation", Time since last: 7437574908 ns, Reaching safepoint: 5000 ns, Cleanup: 3800 ns, At safepoint: 3241091 ns, Total: 3249891 ns
[878.685s][info ][safepoint      ] Safepoint "Cleanup", Time since last: 7000468098 ns, Reaching safepoint: 4500 ns, Cleanup: 8400 ns, At safepoint: 2500 ns, Total: 15400 ns
[880.685s][info ][safepoint      ] Safepoint "Cleanup", Time since last: 2000165468 ns, Reaching safepoint: 3700 ns, Cleanup: 8200 ns, At safepoint: 2000 ns, Total: 13900 ns
[881.686s][info ][safepoint      ] Safepoint "Cleanup", Time since last: 1000100734 ns, Reaching safepoint: 4100 ns, Cleanup: 15400 ns, At safepoint: 2100 ns, Total: 21600 ns
[882.686s][info ][safepoint      ] Safepoint "Cleanup", Time since last: 1000104033 ns, Reaching safepoint: 5400 ns, Cleanup: 7900 ns, At safepoint: 2700 ns, Total: 16000 ns
[883.686s][info ][safepoint      ] Safepoint "Cleanup", Time since last: 1000125234 ns, Reaching safepoint: 73600 ns, Cleanup: 12300 ns, At safepoint: 8000 ns, Total: 93900 ns
[889.686s][info ][safepoint      ] Safepoint "Cleanup", Time since last: 6000408021 ns, Reaching safepoint: 4100 ns, Cleanup: 11400 ns, At safepoint: 1900 ns, Total: 17400 ns
[892.331s][info ][gc,start       ] GC(157) Pause Young (Allocation Failure)
[892.335s][debug][gc,phases      ] GC(157) Scavenge 4.274ms
[892.335s][debug][gc,ref         ] GC(157) Skipped phase 1 of Reference Processing: no references
[892.335s][debug][gc,ref         ] GC(157) ReferenceProcessor::execute queues: 1, RefProcThreadModel::Single, marks_oops_alive: false
[892.335s][debug][gc,ref         ] GC(157) Skipped phase 3 of Reference Processing: no references
[892.335s][debug][gc,ref         ] GC(157) ReferenceProcessor::execute queues: 1, RefProcThreadModel::Single, marks_oops_alive: false
[892.335s][debug][gc,phases      ] GC(157) Reference Processing 0.094ms
[892.336s][debug][gc,phases      ] GC(157)   VM Weak                        Min:  0.0, Avg:  0.0, Max:  0.0, Diff:  0.0, Sum:  0.0, Workers: 4
[892.336s][debug][gc,phases      ] GC(157)     Dead                           Min: 0, Avg:  0.0, Max: 0, Diff: 0, Sum: 0, Workers: 4
[892.336s][debug][gc,phases      ] GC(157)     Total                          Min: 0, Avg: 183.0, Max: 704, Diff: 704, Sum: 732, Workers: 4
[892.336s][debug][gc,phases      ] GC(157)   ObjectSynchronizer Weak        Min:  0.0, Avg:  0.0, Max:  0.0, Diff:  0.0, Sum:  0.0, Workers: 4
[892.336s][debug][gc,phases      ] GC(157)     Dead                           Min: 0, Avg:  0.0, Max: 0, Diff: 0, Sum: 0, Workers: 4
[892.336s][debug][gc,phases      ] GC(157)     Total                          Min: 0, Avg:  1.0, Max: 4, Diff: 4, Sum: 4, Workers: 4
[892.336s][debug][gc,phases      ] GC(157)   JVMTI Tag Weak OopStorage      Min:  0.0, Avg:  0.0, Max:  0.0, Diff:  0.0, Sum:  0.0, Workers: 4
[892.336s][debug][gc,phases      ] GC(157)     Dead                           Min: 0, Avg:  0.0, Max: 0, Diff: 0, Sum: 0, Workers: 4
[892.336s][debug][gc,phases      ] GC(157)     Total                          Min: 0, Avg:  0.0, Max: 0, Diff: 0, Sum: 0, Workers: 4
[892.336s][debug][gc,phases      ] GC(157)   StringTable Weak               Min:  0.0, Avg:  0.1, Max:  0.1, Diff:  0.1, Sum:  0.4, Workers: 4
[892.336s][debug][gc,phases      ] GC(157)     Dead                           Min: 0, Avg:  0.0, Max: 0, Diff: 0, Sum: 0, Workers: 4
[892.336s][debug][gc,phases      ] GC(157)     Total                          Min: 0, Avg: 11006.8, Max: 17983, Diff: 17983, Sum: 44027, Workers: 4
[892.336s][debug][gc,phases      ] GC(157)   ResolvedMethodTable Weak       Min:  0.0, Avg:  0.0, Max:  0.0, Diff:  0.0, Sum:  0.1, Workers: 4
[892.336s][debug][gc,phases      ] GC(157)     Dead                           Min: 0, Avg:  0.0, Max: 0, Diff: 0, Sum: 0, Workers: 4
[892.336s][debug][gc,phases      ] GC(157)     Total                          Min: 0, Avg: 2596.5, Max: 4627, Diff: 4627, Sum: 10386, Workers: 4
[892.336s][debug][gc,phases      ] GC(157)   JNI Weak                       Min:  0.0, Avg:  0.0, Max:  0.0, Diff:  0.0, Sum:  0.0, Workers: 4
[892.336s][debug][gc,phases      ] GC(157)     Dead                           Min: 0, Avg:  0.0, Max: 0, Diff: 0, Sum: 0, Workers: 4
[892.336s][debug][gc,phases      ] GC(157)     Total                          Min: 0, Avg: 11.2, Max: 45, Diff: 45, Sum: 45, Workers: 4
[892.336s][debug][gc,phases      ] GC(157)   StringDedup Table Weak         Min:  0.0, Avg:  0.0, Max:  0.0, Diff:  0.0, Sum:  0.0, Workers: 4
[892.336s][debug][gc,phases      ] GC(157)     Dead                           Min: 0, Avg:  0.0, Max: 0, Diff: 0, Sum: 0, Workers: 4
[892.336s][debug][gc,phases      ] GC(157)     Total                          Min: 0, Avg:  0.0, Max: 0, Diff: 0, Sum: 0, Workers: 4
[892.336s][debug][gc,phases      ] GC(157)   StringDedup Requests0 Weak     Min:  0.0, Avg:  0.0, Max:  0.0, Diff:  0.0, Sum:  0.0, Workers: 4
[892.336s][debug][gc,phases      ] GC(157)     Dead                           Min: 0, Avg:  0.0, Max: 0, Diff: 0, Sum: 0, Workers: 4
[892.336s][debug][gc,phases      ] GC(157)     Total                          Min: 0, Avg:  0.0, Max: 0, Diff: 0, Sum: 0, Workers: 4
[892.336s][debug][gc,phases      ] GC(157)   StringDedup Requests1 Weak     Min:  0.0, Avg:  0.0, Max:  0.0, Diff:  0.0, Sum:  0.0, Workers: 4
[892.336s][debug][gc,phases      ] GC(157)     Dead                           Min: 0, Avg:  0.0, Max: 0, Diff: 0, Sum: 0, Workers: 4
[892.336s][debug][gc,phases      ] GC(157)     Total                          Min: 0, Avg:  0.0, Max: 0, Diff: 0, Sum: 0, Workers: 4
[892.336s][debug][gc,phases      ] GC(157)   Weak JFR Old Object Samples    Min:  0.0, Avg:  0.0, Max:  0.0, Diff:  0.0, Sum:  0.0, Workers: 4
[892.336s][debug][gc,phases      ] GC(157)     Dead                           Min: 0, Avg:  0.0, Max: 0, Diff: 0, Sum: 0, Workers: 4
[892.336s][debug][gc,phases      ] GC(157)     Total                          Min: 0, Avg:  0.0, Max: 0, Diff: 0, Sum: 0, Workers: 4
[892.336s][debug][gc,phases      ] GC(157) Weak Processing 0.338ms
[892.336s][debug][gc,age         ] GC(157) Desired survivor size 10485760 bytes, new threshold 15 (max threshold 15)
[892.336s][info ][gc,heap        ] GC(157) PSYoungGen: 2077648K(2086400K)->2384K(2085888K) Eden: 2075136K(2075136K)->0K(2075136K) From: 2512K(11264K)->2384K(10752K)
[892.336s][info ][gc,heap        ] GC(157) ParOldGen: 304230K(351232K)->304254K(351232K)
[892.336s][info ][gc,metaspace   ] GC(157) Metaspace: 84960K(85824K)->84960K(85824K) NonClass: 72543K(73024K)->72543K(73024K) Class: 12416K(12800K)->12416K(12800K)
[892.336s][info ][gc             ] GC(157) Pause Young (Allocation Failure) 2326M->299M(2380M) 4.834ms
[892.336s][info ][gc,cpu         ] GC(157) User=0.02s Sys=0.00s Real=0.01s
[892.336s][info ][safepoint      ] Safepoint "ParallelGCFailedAllocation", Time since last: 2644565365 ns, Reaching safepoint: 4100 ns, Cleanup: 5000 ns, At safepoint: 4901386 ns, Total: 4910486 ns
[894.336s][info ][safepoint      ] Safepoint "Cleanup", Time since last: 2000122950 ns, Reaching safepoint: 4200 ns, Cleanup: 7400 ns, At safepoint: 2100 ns, Total: 13700 ns
[898.336s][info ][safepoint      ] Safepoint "Cleanup", Time since last: 4000295159 ns, Reaching safepoint: 4000 ns, Cleanup: 23500 ns, At safepoint: 2000 ns, Total: 29500 ns
[899.336s][info ][safepoint      ] Safepoint "Cleanup", Time since last: 1000098591 ns, Reaching safepoint: 4400 ns, Cleanup: 28799 ns, At safepoint: 1900 ns, Total: 35099 ns
[901.257s][info ][safepoint      ] Safepoint "Cleanup", Time since last: 1920552613 ns, Reaching safepoint: 4800 ns, Cleanup: 16700 ns, At safepoint: 7300 ns, Total: 28800 ns
[903.005s][info ][safepoint      ] Safepoint "Cleanup", Time since last: 1748129946 ns, Reaching safepoint: 6300 ns, Cleanup: 163300 ns, At safepoint: 6700 ns, Total: 176300 ns
[904.005s][info ][safepoint      ] Safepoint "Cleanup", Time since last: 1000100275 ns, Reaching safepoint: 4300 ns, Cleanup: 15700 ns, At safepoint: 1500 ns, Total: 21500 ns
[906.006s][info ][safepoint      ] Safepoint "Cleanup", Time since last: 2000161851 ns, Reaching safepoint: 6800 ns, Cleanup: 10700 ns, At safepoint: 6000 ns, Total: 23500 ns
[906.581s][info ][gc,start       ] GC(158) Pause Young (Allocation Failure)
[906.584s][debug][gc,phases      ] GC(158) Scavenge 2.421ms
[906.584s][debug][gc,ref         ] GC(158) Skipped phase 1 of Reference Processing: no references
[906.584s][debug][gc,ref         ] GC(158) ReferenceProcessor::execute queues: 1, RefProcThreadModel::Single, marks_oops_alive: false
[906.584s][debug][gc,ref         ] GC(158) Skipped phase 3 of Reference Processing: no references
[906.584s][debug][gc,ref         ] GC(158) ReferenceProcessor::execute queues: 1, RefProcThreadModel::Single, marks_oops_alive: false
[906.584s][debug][gc,phases      ] GC(158) Reference Processing 0.105ms
[906.584s][debug][gc,phases      ] GC(158)   VM Weak                        Min:  0.0, Avg:  0.0, Max:  0.0, Diff:  0.0, Sum:  0.0, Workers: 4
[906.584s][debug][gc,phases      ] GC(158)     Dead                           Min: 0, Avg:  0.0, Max: 0, Diff: 0, Sum: 0, Workers: 4
[906.584s][debug][gc,phases      ] GC(158)     Total                          Min: 0, Avg: 185.5, Max: 678, Diff: 678, Sum: 742, Workers: 4
[906.584s][debug][gc,phases      ] GC(158)   ObjectSynchronizer Weak        Min:  0.0, Avg:  0.0, Max:  0.0, Diff:  0.0, Sum:  0.0, Workers: 4
[906.584s][debug][gc,phases      ] GC(158)     Dead                           Min: 0, Avg:  0.0, Max: 0, Diff: 0, Sum: 0, Workers: 4
[906.584s][debug][gc,phases      ] GC(158)     Total                          Min: 0, Avg:  0.8, Max: 3, Diff: 3, Sum: 3, Workers: 4
[906.584s][debug][gc,phases      ] GC(158)   JVMTI Tag Weak OopStorage      Min:  0.0, Avg:  0.0, Max:  0.0, Diff:  0.0, Sum:  0.0, Workers: 4
[906.584s][debug][gc,phases      ] GC(158)     Dead                           Min: 0, Avg:  0.0, Max: 0, Diff: 0, Sum: 0, Workers: 4
[906.584s][debug][gc,phases      ] GC(158)     Total                          Min: 0, Avg:  0.0, Max: 0, Diff: 0, Sum: 0, Workers: 4
[906.584s][debug][gc,phases      ] GC(158)   StringTable Weak               Min:  0.1, Avg:  0.1, Max:  0.1, Diff:  0.0, Sum:  0.5, Workers: 4
[906.584s][debug][gc,phases      ] GC(158)     Dead                           Min: 0, Avg:  0.8, Max: 2, Diff: 2, Sum: 3, Workers: 4
[906.584s][debug][gc,phases      ] GC(158)     Total                          Min: 10880, Avg: 11020.8, Max: 11199, Diff: 319, Sum: 44083, Workers: 4
[906.584s][debug][gc,phases      ] GC(158)   ResolvedMethodTable Weak       Min:  0.0, Avg:  0.0, Max:  0.0, Diff:  0.0, Sum:  0.1, Workers: 4
[906.584s][debug][gc,phases      ] GC(158)     Dead                           Min: 0, Avg:  0.0, Max: 0, Diff: 0, Sum: 0, Workers: 4
[906.584s][debug][gc,phases      ] GC(158)     Total                          Min: 2367, Avg: 2612.8, Max: 2752, Diff: 385, Sum: 10451, Workers: 4
[906.584s][debug][gc,phases      ] GC(158)   JNI Weak                       Min:  0.0, Avg:  0.0, Max:  0.0, Diff:  0.0, Sum:  0.0, Workers: 4
[906.584s][debug][gc,phases      ] GC(158)     Dead                           Min: 0, Avg:  0.0, Max: 0, Diff: 0, Sum: 0, Workers: 4
[906.584s][debug][gc,phases      ] GC(158)     Total                          Min: 0, Avg: 11.2, Max: 45, Diff: 45, Sum: 45, Workers: 4
[906.584s][debug][gc,phases      ] GC(158)   StringDedup Table Weak         Min:  0.0, Avg:  0.0, Max:  0.0, Diff:  0.0, Sum:  0.0, Workers: 4
[906.584s][debug][gc,phases      ] GC(158)     Dead                           Min: 0, Avg:  0.0, Max: 0, Diff: 0, Sum: 0, Workers: 4
[906.584s][debug][gc,phases      ] GC(158)     Total                          Min: 0, Avg:  0.0, Max: 0, Diff: 0, Sum: 0, Workers: 4
[906.584s][debug][gc,phases      ] GC(158)   StringDedup Requests0 Weak     Min:  0.0, Avg:  0.0, Max:  0.0, Diff:  0.0, Sum:  0.0, Workers: 4
[906.584s][debug][gc,phases      ] GC(158)     Dead                           Min: 0, Avg:  0.0, Max: 0, Diff: 0, Sum: 0, Workers: 4
[906.584s][debug][gc,phases      ] GC(158)     Total                          Min: 0, Avg:  0.0, Max: 0, Diff: 0, Sum: 0, Workers: 4
[906.584s][debug][gc,phases      ] GC(158)   StringDedup Requests1 Weak     Min:  0.0, Avg:  0.0, Max:  0.0, Diff:  0.0, Sum:  0.0, Workers: 4
[906.584s][debug][gc,phases      ] GC(158)     Dead                           Min: 0, Avg:  0.0, Max: 0, Diff: 0, Sum: 0, Workers: 4
[906.584s][debug][gc,phases      ] GC(158)     Total                          Min: 0, Avg:  0.0, Max: 0, Diff: 0, Sum: 0, Workers: 4
[906.584s][debug][gc,phases      ] GC(158)   Weak JFR Old Object Samples    Min:  0.0, Avg:  0.0, Max:  0.0, Diff:  0.0, Sum:  0.0, Workers: 4
[906.584s][debug][gc,phases      ] GC(158)     Dead                           Min: 0, Avg:  0.0, Max: 0, Diff: 0, Sum: 0, Workers: 4
[906.584s][debug][gc,phases      ] GC(158)     Total                          Min: 0, Avg:  0.0, Max: 0, Diff: 0, Sum: 0, Workers: 4
[906.584s][debug][gc,phases      ] GC(158) Weak Processing 0.304ms
[906.584s][debug][gc,age         ] GC(158) Desired survivor size 10485760 bytes, new threshold 15 (max threshold 15)
[906.584s][info ][gc,heap        ] GC(158) PSYoungGen: 2077520K(2085888K)->2656K(2086912K) Eden: 2075136K(2075136K)->0K(2076672K) From: 2384K(10752K)->2656K(10240K)
[906.584s][info ][gc,heap        ] GC(158) ParOldGen: 304254K(351232K)->304278K(351232K)
[906.584s][info ][gc,metaspace   ] GC(158) Metaspace: 85224K(86144K)->85224K(86144K) NonClass: 72768K(73280K)->72768K(73280K) Class: 12456K(12864K)->12456K(12864K)
[906.584s][info ][gc             ] GC(158) Pause Young (Allocation Failure) 2325M->299M(2381M) 2.919ms
[906.584s][info ][gc,cpu         ] GC(158) User=0.01s Sys=0.00s Real=0.00s
[906.584s][info ][safepoint      ] Safepoint "ParallelGCFailedAllocation", Time since last: 575712090 ns, Reaching safepoint: 4800 ns, Cleanup: 10499 ns, At safepoint: 2981393 ns, Total: 2996692 ns
[909.585s][info ][safepoint      ] Safepoint "Cleanup", Time since last: 3000202427 ns, Reaching safepoint: 4500 ns, Cleanup: 29800 ns, At safepoint: 1699 ns, Total: 35999 ns
[912.585s][info ][safepoint      ] Safepoint "Cleanup", Time since last: 3000235089 ns, Reaching safepoint: 73799 ns, Cleanup: 22600 ns, At safepoint: 4600 ns, Total: 100999 ns
[916.585s][info ][safepoint      ] Safepoint "Cleanup", Time since last: 4000303923 ns, Reaching safepoint: 4100 ns, Cleanup: 8600 ns, At safepoint: 2400 ns, Total: 15100 ns
[922.586s][info ][safepoint      ] Safepoint "Cleanup", Time since last: 6000427349 ns, Reaching safepoint: 4500 ns, Cleanup: 12200 ns, At safepoint: 2400 ns, Total: 19100 ns
[925.586s][info ][safepoint      ] Safepoint "Cleanup", Time since last: 3000182528 ns, Reaching safepoint: 4200 ns, Cleanup: 12700 ns, At safepoint: 1900 ns, Total: 18800 ns
[930.678s][info ][gc,start       ] GC(159) Pause Young (Allocation Failure)
[930.683s][debug][gc,phases      ] GC(159) Scavenge 4.788ms
[930.683s][debug][gc,ref         ] GC(159) Skipped phase 1 of Reference Processing: no references
[930.683s][debug][gc,ref         ] GC(159) ReferenceProcessor::execute queues: 1, RefProcThreadModel::Single, marks_oops_alive: false
[930.683s][debug][gc,ref         ] GC(159) Skipped phase 3 of Reference Processing: no references
[930.683s][debug][gc,ref         ] GC(159) ReferenceProcessor::execute queues: 1, RefProcThreadModel::Single, marks_oops_alive: false
[930.683s][debug][gc,phases      ] GC(159) Reference Processing 0.095ms
[930.684s][debug][gc,phases      ] GC(159)   VM Weak                        Min:  0.0, Avg:  0.0, Max:  0.0, Diff:  0.0, Sum:  0.0, Workers: 4
[930.684s][debug][gc,phases      ] GC(159)     Dead                           Min: 0, Avg:  0.0, Max: 0, Diff: 0, Sum: 0, Workers: 4
[930.684s][debug][gc,phases      ] GC(159)     Total                          Min: 0, Avg: 185.5, Max: 742, Diff: 742, Sum: 742, Workers: 4
[930.684s][debug][gc,phases      ] GC(159)   ObjectSynchronizer Weak        Min:  0.0, Avg:  0.0, Max:  0.0, Diff:  0.0, Sum:  0.0, Workers: 4
[930.684s][debug][gc,phases      ] GC(159)     Dead                           Min: 0, Avg:  0.2, Max: 1, Diff: 1, Sum: 1, Workers: 4
[930.684s][debug][gc,phases      ] GC(159)     Total                          Min: 0, Avg:  1.2, Max: 5, Diff: 5, Sum: 5, Workers: 4
[930.684s][debug][gc,phases      ] GC(159)   JVMTI Tag Weak OopStorage      Min:  0.0, Avg:  0.0, Max:  0.0, Diff:  0.0, Sum:  0.0, Workers: 4
[930.684s][debug][gc,phases      ] GC(159)     Dead                           Min: 0, Avg:  0.0, Max: 0, Diff: 0, Sum: 0, Workers: 4
[930.684s][debug][gc,phases      ] GC(159)     Total                          Min: 0, Avg:  0.0, Max: 0, Diff: 0, Sum: 0, Workers: 4
[930.684s][debug][gc,phases      ] GC(159)   StringTable Weak               Min:  0.0, Avg:  0.1, Max:  0.1, Diff:  0.1, Sum:  0.4, Workers: 4
[930.684s][debug][gc,phases      ] GC(159)     Dead                           Min: 0, Avg:  0.0, Max: 0, Diff: 0, Sum: 0, Workers: 4
[930.684s][debug][gc,phases      ] GC(159)     Total                          Min: 0, Avg: 11020.8, Max: 19380, Diff: 19380, Sum: 44083, Workers: 4
[930.684s][debug][gc,phases      ] GC(159)   ResolvedMethodTable Weak       Min:  0.0, Avg:  0.0, Max:  0.0, Diff:  0.0, Sum:  0.1, Workers: 4
[930.684s][debug][gc,phases      ] GC(159)     Dead                           Min: 0, Avg:  0.0, Max: 0, Diff: 0, Sum: 0, Workers: 4
[930.684s][debug][gc,phases      ] GC(159)     Total                          Min: 0, Avg: 2612.8, Max: 4543, Diff: 4543, Sum: 10451, Workers: 4
[930.684s][debug][gc,phases      ] GC(159)   JNI Weak                       Min:  0.0, Avg:  0.0, Max:  0.0, Diff:  0.0, Sum:  0.0, Workers: 4
[930.684s][debug][gc,phases      ] GC(159)     Dead                           Min: 0, Avg:  0.0, Max: 0, Diff: 0, Sum: 0, Workers: 4
[930.684s][debug][gc,phases      ] GC(159)     Total                          Min: 0, Avg: 11.2, Max: 45, Diff: 45, Sum: 45, Workers: 4
[930.684s][debug][gc,phases      ] GC(159)   StringDedup Table Weak         Min:  0.0, Avg:  0.0, Max:  0.0, Diff:  0.0, Sum:  0.0, Workers: 4
[930.684s][debug][gc,phases      ] GC(159)     Dead                           Min: 0, Avg:  0.0, Max: 0, Diff: 0, Sum: 0, Workers: 4
[930.684s][debug][gc,phases      ] GC(159)     Total                          Min: 0, Avg:  0.0, Max: 0, Diff: 0, Sum: 0, Workers: 4
[930.684s][debug][gc,phases      ] GC(159)   StringDedup Requests0 Weak     Min:  0.0, Avg:  0.0, Max:  0.0, Diff:  0.0, Sum:  0.0, Workers: 4
[930.684s][debug][gc,phases      ] GC(159)     Dead                           Min: 0, Avg:  0.0, Max: 0, Diff: 0, Sum: 0, Workers: 4
[930.684s][debug][gc,phases      ] GC(159)     Total                          Min: 0, Avg:  0.0, Max: 0, Diff: 0, Sum: 0, Workers: 4
[930.684s][debug][gc,phases      ] GC(159)   StringDedup Requests1 Weak     Min:  0.0, Avg:  0.0, Max:  0.0, Diff:  0.0, Sum:  0.0, Workers: 4
[930.684s][debug][gc,phases      ] GC(159)     Dead                           Min: 0, Avg:  0.0, Max: 0, Diff: 0, Sum: 0, Workers: 4
[930.684s][debug][gc,phases      ] GC(159)     Total                          Min: 0, Avg:  0.0, Max: 0, Diff: 0, Sum: 0, Workers: 4
[930.684s][debug][gc,phases      ] GC(159)   Weak JFR Old Object Samples    Min:  0.0, Avg:  0.0, Max:  0.0, Diff:  0.0, Sum:  0.0, Workers: 4
[930.684s][debug][gc,phases      ] GC(159)     Dead                           Min: 0, Avg:  0.0, Max: 0, Diff: 0, Sum: 0, Workers: 4
[930.684s][debug][gc,phases      ] GC(159)     Total                          Min: 0, Avg:  0.0, Max: 0, Diff: 0, Sum: 0, Workers: 4
[930.684s][debug][gc,phases      ] GC(159) Weak Processing 0.354ms
[930.684s][debug][gc,age         ] GC(159) Desired survivor size 9961472 bytes, new threshold 15 (max threshold 15)
[930.684s][info ][gc,heap        ] GC(159) PSYoungGen: 2079328K(2086912K)->2624K(2086912K) Eden: 2076672K(2076672K)->0K(2076672K) From: 2656K(10240K)->2624K(10240K)
[930.684s][info ][gc,heap        ] GC(159) ParOldGen: 304278K(351232K)->304302K(351232K)
[930.684s][info ][gc,metaspace   ] GC(159) Metaspace: 85231K(86144K)->85231K(86144K) NonClass: 72774K(73280K)->72774K(73280K) Class: 12456K(12864K)->12456K(12864K)
[930.684s][info ][gc             ] GC(159) Pause Young (Allocation Failure) 2327M->299M(2381M) 5.344ms
[930.684s][info ][gc,cpu         ] GC(159) User=0.01s Sys=0.01s Real=0.01s
[930.684s][info ][safepoint      ] Safepoint "ParallelGCFailedAllocation", Time since last: 5092592966 ns, Reaching safepoint: 4600 ns, Cleanup: 3400 ns, At safepoint: 5409084 ns, Total: 5417084 ns
[934.684s][info ][safepoint      ] Safepoint "Cleanup", Time since last: 4000262941 ns, Reaching safepoint: 4700 ns, Cleanup: 9800 ns, At safepoint: 2100 ns, Total: 16600 ns
[938.684s][info ][safepoint      ] Safepoint "Cleanup", Time since last: 4000285379 ns, Reaching safepoint: 5300 ns, Cleanup: 10000 ns, At safepoint: 2300 ns, Total: 17600 ns
[952.685s][info ][safepoint      ] Safepoint "Cleanup", Time since last: 14000873135 ns, Reaching safepoint: 4300 ns, Cleanup: 10700 ns, At safepoint: 2400 ns, Total: 17400 ns
[953.685s][info ][safepoint      ] Safepoint "Cleanup", Time since last: 1000126107 ns, Reaching safepoint: 5600 ns, Cleanup: 8300 ns, At safepoint: 2300 ns, Total: 16200 ns
[956.686s][info ][safepoint      ] Safepoint "Cleanup", Time since last: 3000219722 ns, Reaching safepoint: 4100 ns, Cleanup: 8200 ns, At safepoint: 2400 ns, Total: 14700 ns
[958.686s][info ][safepoint      ] Safepoint "Cleanup", Time since last: 2000165531 ns, Reaching safepoint: 4600 ns, Cleanup: 8999 ns, At safepoint: 2400 ns, Total: 15999 ns
[963.728s][info ][gc,start       ] GC(160) Pause Young (Allocation Failure)
[963.731s][debug][gc,phases      ] GC(160) Scavenge 3.025ms
[963.731s][debug][gc,ref         ] GC(160) Skipped phase 1 of Reference Processing: no references
[963.732s][debug][gc,ref         ] GC(160) ReferenceProcessor::execute queues: 1, RefProcThreadModel::Single, marks_oops_alive: false
[963.732s][debug][gc,ref         ] GC(160) Skipped phase 3 of Reference Processing: no references
[963.732s][debug][gc,ref         ] GC(160) ReferenceProcessor::execute queues: 1, RefProcThreadModel::Single, marks_oops_alive: false
[963.732s][debug][gc,phases      ] GC(160) Reference Processing 0.100ms
[963.732s][debug][gc,phases      ] GC(160)   VM Weak                        Min:  0.0, Avg:  0.0, Max:  0.0, Diff:  0.0, Sum:  0.0, Workers: 4
[963.732s][debug][gc,phases      ] GC(160)     Dead                           Min: 0, Avg:  0.0, Max: 0, Diff: 0, Sum: 0, Workers: 4
[963.732s][debug][gc,phases      ] GC(160)     Total                          Min: 0, Avg: 185.5, Max: 678, Diff: 678, Sum: 742, Workers: 4
[963.732s][debug][gc,phases      ] GC(160)   ObjectSynchronizer Weak        Min:  0.0, Avg:  0.0, Max:  0.0, Diff:  0.0, Sum:  0.0, Workers: 4
[963.732s][debug][gc,phases      ] GC(160)     Dead                           Min: 0, Avg:  0.0, Max: 0, Diff: 0, Sum: 0, Workers: 4
[963.732s][debug][gc,phases      ] GC(160)     Total                          Min: 0, Avg:  1.0, Max: 4, Diff: 4, Sum: 4, Workers: 4
[963.732s][debug][gc,phases      ] GC(160)   JVMTI Tag Weak OopStorage      Min:  0.0, Avg:  0.0, Max:  0.0, Diff:  0.0, Sum:  0.0, Workers: 4
[963.732s][debug][gc,phases      ] GC(160)     Dead                           Min: 0, Avg:  0.0, Max: 0, Diff: 0, Sum: 0, Workers: 4
[963.732s][debug][gc,phases      ] GC(160)     Total                          Min: 0, Avg:  0.0, Max: 0, Diff: 0, Sum: 0, Workers: 4
[963.732s][debug][gc,phases      ] GC(160)   StringTable Weak               Min:  0.0, Avg:  0.1, Max:  0.1, Diff:  0.1, Sum:  0.4, Workers: 4
[963.732s][debug][gc,phases      ] GC(160)     Dead                           Min: 0, Avg:  0.0, Max: 0, Diff: 0, Sum: 0, Workers: 4
[963.732s][debug][gc,phases      ] GC(160)     Total                          Min: 0, Avg: 11020.8, Max: 18101, Diff: 18101, Sum: 44083, Workers: 4
[963.732s][debug][gc,phases      ] GC(160)   ResolvedMethodTable Weak       Min:  0.0, Avg:  0.0, Max:  0.0, Diff:  0.0, Sum:  0.1, Workers: 4
[963.732s][debug][gc,phases      ] GC(160)     Dead                           Min: 0, Avg:  0.0, Max: 0, Diff: 0, Sum: 0, Workers: 4
[963.732s][debug][gc,phases      ] GC(160)     Total                          Min: 0, Avg: 2612.8, Max: 4052, Diff: 4052, Sum: 10451, Workers: 4
[963.732s][debug][gc,phases      ] GC(160)   JNI Weak                       Min:  0.0, Avg:  0.0, Max:  0.0, Diff:  0.0, Sum:  0.0, Workers: 4
[963.732s][debug][gc,phases      ] GC(160)     Dead                           Min: 0, Avg:  0.0, Max: 0, Diff: 0, Sum: 0, Workers: 4
[963.732s][debug][gc,phases      ] GC(160)     Total                          Min: 0, Avg: 11.2, Max: 45, Diff: 45, Sum: 45, Workers: 4
[963.732s][debug][gc,phases      ] GC(160)   StringDedup Table Weak         Min:  0.0, Avg:  0.0, Max:  0.0, Diff:  0.0, Sum:  0.0, Workers: 4
[963.732s][debug][gc,phases      ] GC(160)     Dead                           Min: 0, Avg:  0.0, Max: 0, Diff: 0, Sum: 0, Workers: 4
[963.732s][debug][gc,phases      ] GC(160)     Total                          Min: 0, Avg:  0.0, Max: 0, Diff: 0, Sum: 0, Workers: 4
[963.732s][debug][gc,phases      ] GC(160)   StringDedup Requests0 Weak     Min:  0.0, Avg:  0.0, Max:  0.0, Diff:  0.0, Sum:  0.0, Workers: 4
[963.732s][debug][gc,phases      ] GC(160)     Dead                           Min: 0, Avg:  0.0, Max: 0, Diff: 0, Sum: 0, Workers: 4
[963.732s][debug][gc,phases      ] GC(160)     Total                          Min: 0, Avg:  0.0, Max: 0, Diff: 0, Sum: 0, Workers: 4
[963.732s][debug][gc,phases      ] GC(160)   StringDedup Requests1 Weak     Min:  0.0, Avg:  0.0, Max:  0.0, Diff:  0.0, Sum:  0.0, Workers: 4
[963.732s][debug][gc,phases      ] GC(160)     Dead                           Min: 0, Avg:  0.0, Max: 0, Diff: 0, Sum: 0, Workers: 4
[963.732s][debug][gc,phases      ] GC(160)     Total                          Min: 0, Avg:  0.0, Max: 0, Diff: 0, Sum: 0, Workers: 4
[963.732s][debug][gc,phases      ] GC(160)   Weak JFR Old Object Samples    Min:  0.0, Avg:  0.0, Max:  0.0, Diff:  0.0, Sum:  0.0, Workers: 4
[963.732s][debug][gc,phases      ] GC(160)     Dead                           Min: 0, Avg:  0.0, Max: 0, Diff: 0, Sum: 0, Workers: 4
[963.732s][debug][gc,phases      ] GC(160)     Total                          Min: 0, Avg:  0.0, Max: 0, Diff: 0, Sum: 0, Workers: 4
[963.732s][debug][gc,phases      ] GC(160) Weak Processing 0.364ms
[963.732s][debug][gc,age         ] GC(160) Desired survivor size 9437184 bytes, new threshold 15 (max threshold 15)
[963.732s][info ][gc,heap        ] GC(160) PSYoungGen: 2079296K(2086912K)->2896K(2087936K) Eden: 2076672K(2076672K)->0K(2078208K) From: 2624K(10240K)->2896K(9728K)
[963.732s][info ][gc,heap        ] GC(160) ParOldGen: 304302K(351232K)->304318K(351232K)
[963.732s][info ][gc,metaspace   ] GC(160) Metaspace: 85251K(86208K)->85251K(86208K) NonClass: 72794K(73344K)->72794K(73344K) Class: 12456K(12864K)->12456K(12864K)
[963.732s][info ][gc             ] GC(160) Pause Young (Allocation Failure) 2327M->300M(2382M) 3.605ms
[963.732s][info ][gc,cpu         ] GC(160) User=0.01s Sys=0.00s Real=0.01s
[963.732s][info ][safepoint      ] Safepoint "ParallelGCFailedAllocation", Time since last: 5042447547 ns, Reaching safepoint: 4100 ns, Cleanup: 9500 ns, At safepoint: 3672591 ns, Total: 3686191 ns
[969.732s][info ][safepoint      ] Safepoint "Cleanup", Time since last: 6000382653 ns, Reaching safepoint: 5100 ns, Cleanup: 17900 ns, At safepoint: 28500 ns, Total: 51500 ns
[975.733s][info ][safepoint      ] Safepoint "Cleanup", Time since last: 6000380574 ns, Reaching safepoint: 4800 ns, Cleanup: 9100 ns, At safepoint: 2100 ns, Total: 16000 ns
[995.929s][info ][gc,start       ] GC(161) Pause Young (Allocation Failure)
[995.934s][debug][gc,phases      ] GC(161) Scavenge 5.001ms
[995.934s][debug][gc,ref         ] GC(161) Skipped phase 1 of Reference Processing: no references
[995.934s][debug][gc,ref         ] GC(161) ReferenceProcessor::execute queues: 1, RefProcThreadModel::Single, marks_oops_alive: false
[995.934s][debug][gc,ref         ] GC(161) Skipped phase 3 of Reference Processing: no references
[995.934s][debug][gc,ref         ] GC(161) ReferenceProcessor::execute queues: 1, RefProcThreadModel::Single, marks_oops_alive: false
[995.934s][debug][gc,phases      ] GC(161) Reference Processing 0.096ms
[995.934s][debug][gc,phases      ] GC(161)   VM Weak                        Min:  0.0, Avg:  0.0, Max:  0.0, Diff:  0.0, Sum:  0.0, Workers: 4
[995.934s][debug][gc,phases      ] GC(161)     Dead                           Min: 0, Avg:  0.0, Max: 0, Diff: 0, Sum: 0, Workers: 4
[995.934s][debug][gc,phases      ] GC(161)     Total                          Min: 0, Avg: 185.5, Max: 742, Diff: 742, Sum: 742, Workers: 4
[995.934s][debug][gc,phases      ] GC(161)   ObjectSynchronizer Weak        Min:  0.0, Avg:  0.0, Max:  0.0, Diff:  0.0, Sum:  0.0, Workers: 4
[995.934s][debug][gc,phases      ] GC(161)     Dead                           Min: 0, Avg:  0.0, Max: 0, Diff: 0, Sum: 0, Workers: 4
[995.934s][debug][gc,phases      ] GC(161)     Total                          Min: 0, Avg:  1.0, Max: 4, Diff: 4, Sum: 4, Workers: 4
[995.934s][debug][gc,phases      ] GC(161)   JVMTI Tag Weak OopStorage      Min:  0.0, Avg:  0.0, Max:  0.0, Diff:  0.0, Sum:  0.0, Workers: 4
[995.934s][debug][gc,phases      ] GC(161)     Dead                           Min: 0, Avg:  0.0, Max: 0, Diff: 0, Sum: 0, Workers: 4
[995.934s][debug][gc,phases      ] GC(161)     Total                          Min: 0, Avg:  0.0, Max: 0, Diff: 0, Sum: 0, Workers: 4
[995.934s][debug][gc,phases      ] GC(161)   StringTable Weak               Min:  0.0, Avg:  0.1, Max:  0.1, Diff:  0.1, Sum:  0.4, Workers: 4
[995.934s][debug][gc,phases      ] GC(161)     Dead                           Min: 0, Avg:  0.0, Max: 0, Diff: 0, Sum: 0, Workers: 4
[995.934s][debug][gc,phases      ] GC(161)     Total                          Min: 0, Avg: 11020.8, Max: 19198, Diff: 19198, Sum: 44083, Workers: 4
[995.934s][debug][gc,phases      ] GC(161)   ResolvedMethodTable Weak       Min:  0.0, Avg:  0.0, Max:  0.0, Diff:  0.0, Sum:  0.1, Workers: 4
[995.934s][debug][gc,phases      ] GC(161)     Dead                           Min: 0, Avg:  0.0, Max: 0, Diff: 0, Sum: 0, Workers: 4
[995.934s][debug][gc,phases      ] GC(161)     Total                          Min: 0, Avg: 2612.8, Max: 4628, Diff: 4628, Sum: 10451, Workers: 4
[995.934s][debug][gc,phases      ] GC(161)   JNI Weak                       Min:  0.0, Avg:  0.0, Max:  0.0, Diff:  0.0, Sum:  0.0, Workers: 4
[995.934s][debug][gc,phases      ] GC(161)     Dead                           Min: 0, Avg:  0.0, Max: 0, Diff: 0, Sum: 0, Workers: 4
[995.934s][debug][gc,phases      ] GC(161)     Total                          Min: 0, Avg: 11.2, Max: 45, Diff: 45, Sum: 45, Workers: 4
[995.934s][debug][gc,phases      ] GC(161)   StringDedup Table Weak         Min:  0.0, Avg:  0.0, Max:  0.0, Diff:  0.0, Sum:  0.0, Workers: 4
[995.934s][debug][gc,phases      ] GC(161)     Dead                           Min: 0, Avg:  0.0, Max: 0, Diff: 0, Sum: 0, Workers: 4
[995.934s][debug][gc,phases      ] GC(161)     Total                          Min: 0, Avg:  0.0, Max: 0, Diff: 0, Sum: 0, Workers: 4
[995.934s][debug][gc,phases      ] GC(161)   StringDedup Requests0 Weak     Min:  0.0, Avg:  0.0, Max:  0.0, Diff:  0.0, Sum:  0.0, Workers: 4
[995.934s][debug][gc,phases      ] GC(161)     Dead                           Min: 0, Avg:  0.0, Max: 0, Diff: 0, Sum: 0, Workers: 4
[995.934s][debug][gc,phases      ] GC(161)     Total                          Min: 0, Avg:  0.0, Max: 0, Diff: 0, Sum: 0, Workers: 4
[995.934s][debug][gc,phases      ] GC(161)   StringDedup Requests1 Weak     Min:  0.0, Avg:  0.0, Max:  0.0, Diff:  0.0, Sum:  0.0, Workers: 4
[995.934s][debug][gc,phases      ] GC(161)     Dead                           Min: 0, Avg:  0.0, Max: 0, Diff: 0, Sum: 0, Workers: 4
[995.934s][debug][gc,phases      ] GC(161)     Total                          Min: 0, Avg:  0.0, Max: 0, Diff: 0, Sum: 0, Workers: 4
[995.934s][debug][gc,phases      ] GC(161)   Weak JFR Old Object Samples    Min:  0.0, Avg:  0.0, Max:  0.0, Diff:  0.0, Sum:  0.0, Workers: 4
[995.934s][debug][gc,phases      ] GC(161)     Dead                           Min: 0, Avg:  0.0, Max: 0, Diff: 0, Sum: 0, Workers: 4
[995.934s][debug][gc,phases      ] GC(161)     Total                          Min: 0, Avg:  0.0, Max: 0, Diff: 0, Sum: 0, Workers: 4
[995.934s][debug][gc,phases      ] GC(161) Weak Processing 0.333ms
[995.934s][debug][gc,age         ] GC(161) Desired survivor size 8912896 bytes, new threshold 15 (max threshold 15)
[995.935s][info ][gc,heap        ] GC(161) PSYoungGen: 2081104K(2087936K)->2720K(2087424K) Eden: 2078208K(2078208K)->0K(2078208K) From: 2896K(9728K)->2720K(9216K)
[995.935s][info ][gc,heap        ] GC(161) ParOldGen: 304318K(351232K)->304374K(351232K)
[995.935s][info ][gc,metaspace   ] GC(161) Metaspace: 85251K(86208K)->85251K(86208K) NonClass: 72794K(73344K)->72794K(73344K) Class: 12456K(12864K)->12456K(12864K)
[995.935s][info ][gc             ] GC(161) Pause Young (Allocation Failure) 2329M->299M(2381M) 5.535ms
[995.935s][info ][gc,cpu         ] GC(161) User=0.02s Sys=0.00s Real=0.01s
[995.935s][info ][safepoint      ] Safepoint "ParallelGCFailedAllocation", Time since last: 20196090417 ns, Reaching safepoint: 4300 ns, Cleanup: 4100 ns, At safepoint: 5600186 ns, Total: 5608586 ns
[1029.781s][info ][gc,start       ] GC(162) Pause Young (Allocation Failure)
[1029.785s][debug][gc,phases      ] GC(162) Scavenge 3.713ms
[1029.785s][debug][gc,ref         ] GC(162) Skipped phase 1 of Reference Processing: no references
[1029.785s][debug][gc,ref         ] GC(162) ReferenceProcessor::execute queues: 1, RefProcThreadModel::Single, marks_oops_alive: false
[1029.785s][debug][gc,ref         ] GC(162) Skipped phase 3 of Reference Processing: no references
[1029.785s][debug][gc,ref         ] GC(162) ReferenceProcessor::execute queues: 1, RefProcThreadModel::Single, marks_oops_alive: false
[1029.785s][debug][gc,phases      ] GC(162) Reference Processing 0.093ms
[1029.785s][debug][gc,phases      ] GC(162)   VM Weak                        Min:  0.0, Avg:  0.0, Max:  0.0, Diff:  0.0, Sum:  0.0, Workers: 4
[1029.785s][debug][gc,phases      ] GC(162)     Dead                           Min: 0, Avg:  0.0, Max: 0, Diff: 0, Sum: 0, Workers: 4
[1029.785s][debug][gc,phases      ] GC(162)     Total                          Min: 0, Avg: 185.5, Max: 384, Diff: 384, Sum: 742, Workers: 4
[1029.785s][debug][gc,phases      ] GC(162)   ObjectSynchronizer Weak        Min:  0.0, Avg:  0.0, Max:  0.0, Diff:  0.0, Sum:  0.0, Workers: 4
[1029.785s][debug][gc,phases      ] GC(162)     Dead                           Min: 0, Avg:  0.0, Max: 0, Diff: 0, Sum: 0, Workers: 4
[1029.785s][debug][gc,phases      ] GC(162)     Total                          Min: 0, Avg:  0.8, Max: 3, Diff: 3, Sum: 3, Workers: 4
[1029.785s][debug][gc,phases      ] GC(162)   JVMTI Tag Weak OopStorage      Min:  0.0, Avg:  0.0, Max:  0.0, Diff:  0.0, Sum:  0.0, Workers: 4
[1029.785s][debug][gc,phases      ] GC(162)     Dead                           Min: 0, Avg:  0.0, Max: 0, Diff: 0, Sum: 0, Workers: 4
[1029.785s][debug][gc,phases      ] GC(162)     Total                          Min: 0, Avg:  0.0, Max: 0, Diff: 0, Sum: 0, Workers: 4
[1029.785s][debug][gc,phases      ] GC(162)   StringTable Weak               Min:  0.0, Avg:  0.1, Max:  0.1, Diff:  0.1, Sum:  0.4, Workers: 4
[1029.785s][debug][gc,phases      ] GC(162)     Dead                           Min: 0, Avg:  0.0, Max: 0, Diff: 0, Sum: 0, Workers: 4
[1029.785s][debug][gc,phases      ] GC(162)     Total                          Min: 0, Avg: 11020.8, Max: 18111, Diff: 18111, Sum: 44083, Workers: 4
[1029.785s][debug][gc,phases      ] GC(162)   ResolvedMethodTable Weak       Min:  0.0, Avg:  0.0, Max:  0.0, Diff:  0.0, Sum:  0.1, Workers: 4
[1029.785s][debug][gc,phases      ] GC(162)     Dead                           Min: 0, Avg:  0.0, Max: 0, Diff: 0, Sum: 0, Workers: 4
[1029.785s][debug][gc,phases      ] GC(162)     Total                          Min: 0, Avg: 2612.8, Max: 4627, Diff: 4627, Sum: 10451, Workers: 4
[1029.785s][debug][gc,phases      ] GC(162)   JNI Weak                       Min:  0.0, Avg:  0.0, Max:  0.0, Diff:  0.0, Sum:  0.0, Workers: 4
[1029.785s][debug][gc,phases      ] GC(162)     Dead                           Min: 0, Avg:  0.0, Max: 0, Diff: 0, Sum: 0, Workers: 4
[1029.785s][debug][gc,phases      ] GC(162)     Total                          Min: 0, Avg: 11.2, Max: 45, Diff: 45, Sum: 45, Workers: 4
[1029.785s][debug][gc,phases      ] GC(162)   StringDedup Table Weak         Min:  0.0, Avg:  0.0, Max:  0.0, Diff:  0.0, Sum:  0.0, Workers: 4
[1029.785s][debug][gc,phases      ] GC(162)     Dead                           Min: 0, Avg:  0.0, Max: 0, Diff: 0, Sum: 0, Workers: 4
[1029.785s][debug][gc,phases      ] GC(162)     Total                          Min: 0, Avg:  0.0, Max: 0, Diff: 0, Sum: 0, Workers: 4
[1029.785s][debug][gc,phases      ] GC(162)   StringDedup Requests0 Weak     Min:  0.0, Avg:  0.0, Max:  0.0, Diff:  0.0, Sum:  0.0, Workers: 4
[1029.785s][debug][gc,phases      ] GC(162)     Dead                           Min: 0, Avg:  0.0, Max: 0, Diff: 0, Sum: 0, Workers: 4
[1029.785s][debug][gc,phases      ] GC(162)     Total                          Min: 0, Avg:  0.0, Max: 0, Diff: 0, Sum: 0, Workers: 4
[1029.785s][debug][gc,phases      ] GC(162)   StringDedup Requests1 Weak     Min:  0.0, Avg:  0.0, Max:  0.0, Diff:  0.0, Sum:  0.0, Workers: 4
[1029.785s][debug][gc,phases      ] GC(162)     Dead                           Min: 0, Avg:  0.0, Max: 0, Diff: 0, Sum: 0, Workers: 4
[1029.785s][debug][gc,phases      ] GC(162)     Total                          Min: 0, Avg:  0.0, Max: 0, Diff: 0, Sum: 0, Workers: 4
[1029.785s][debug][gc,phases      ] GC(162)   Weak JFR Old Object Samples    Min:  0.0, Avg:  0.0, Max:  0.0, Diff:  0.0, Sum:  0.0, Workers: 4
[1029.785s][debug][gc,phases      ] GC(162)     Dead                           Min: 0, Avg:  0.0, Max: 0, Diff: 0, Sum: 0, Workers: 4
[1029.786s][debug][gc,phases      ] GC(162)     Total                          Min: 0, Avg:  0.0, Max: 0, Diff: 0, Sum: 0, Workers: 4
[1029.786s][debug][gc,phases      ] GC(162) Weak Processing 0.338ms
[1029.786s][debug][gc,age         ] GC(162) Desired survivor size 8388608 bytes, new threshold 15 (max threshold 15)
[1029.786s][info ][gc,heap        ] GC(162) PSYoungGen: 2080928K(2087424K)->2704K(2088960K) Eden: 2078208K(2078208K)->0K(2080256K) From: 2720K(9216K)->2704K(8704K)
[1029.786s][info ][gc,heap        ] GC(162) ParOldGen: 304374K(351232K)->304430K(351232K)
[1029.786s][info ][gc,metaspace   ] GC(162) Metaspace: 85251K(86208K)->85251K(86208K) NonClass: 72794K(73344K)->72794K(73344K) Class: 12456K(12864K)->12456K(12864K)
[1029.786s][info ][gc             ] GC(162) Pause Young (Allocation Failure) 2329M->299M(2383M) 4.249ms
[1029.786s][info ][gc,cpu         ] GC(162) User=0.02s Sys=0.00s Real=0.00s
[1029.786s][info ][safepoint      ] Safepoint "ParallelGCFailedAllocation", Time since last: 33846679006 ns, Reaching safepoint: 4600 ns, Cleanup: 3900 ns, At safepoint: 4348589 ns, Total: 4357089 ns
[1035.786s][info ][safepoint      ] Safepoint "Cleanup", Time since last: 6000389211 ns, Reaching safepoint: 4400 ns, Cleanup: 9400 ns, At safepoint: 2200 ns, Total: 16000 ns
[1063.631s][info ][gc,start       ] GC(163) Pause Young (Allocation Failure)
[1063.633s][debug][gc,phases      ] GC(163) Scavenge 2.948ms
[1063.634s][debug][gc,ref         ] GC(163) Skipped phase 1 of Reference Processing: no references
[1063.634s][debug][gc,ref         ] GC(163) ReferenceProcessor::execute queues: 1, RefProcThreadModel::Single, marks_oops_alive: false
[1063.634s][debug][gc,ref         ] GC(163) Skipped phase 3 of Reference Processing: no references
[1063.634s][debug][gc,ref         ] GC(163) ReferenceProcessor::execute queues: 1, RefProcThreadModel::Single, marks_oops_alive: false
[1063.634s][debug][gc,phases      ] GC(163) Reference Processing 0.093ms
[1063.634s][debug][gc,phases      ] GC(163)   VM Weak                        Min:  0.0, Avg:  0.0, Max:  0.0, Diff:  0.0, Sum:  0.0, Workers: 4
[1063.634s][debug][gc,phases      ] GC(163)     Dead                           Min: 0, Avg:  0.0, Max: 0, Diff: 0, Sum: 0, Workers: 4
[1063.634s][debug][gc,phases      ] GC(163)     Total                          Min: 0, Avg: 185.5, Max: 576, Diff: 576, Sum: 742, Workers: 4
[1063.634s][debug][gc,phases      ] GC(163)   ObjectSynchronizer Weak        Min:  0.0, Avg:  0.0, Max:  0.0, Diff:  0.0, Sum:  0.0, Workers: 4
[1063.634s][debug][gc,phases      ] GC(163)     Dead                           Min: 0, Avg:  0.0, Max: 0, Diff: 0, Sum: 0, Workers: 4
[1063.634s][debug][gc,phases      ] GC(163)     Total                          Min: 0, Avg:  0.8, Max: 3, Diff: 3, Sum: 3, Workers: 4
[1063.634s][debug][gc,phases      ] GC(163)   JVMTI Tag Weak OopStorage      Min:  0.0, Avg:  0.0, Max:  0.0, Diff:  0.0, Sum:  0.0, Workers: 4
[1063.634s][debug][gc,phases      ] GC(163)     Dead                           Min: 0, Avg:  0.0, Max: 0, Diff: 0, Sum: 0, Workers: 4
[1063.634s][debug][gc,phases      ] GC(163)     Total                          Min: 0, Avg:  0.0, Max: 0, Diff: 0, Sum: 0, Workers: 4
[1063.634s][debug][gc,phases      ] GC(163)   StringTable Weak               Min:  0.0, Avg:  0.1, Max:  0.1, Diff:  0.1, Sum:  0.4, Workers: 4
[1063.634s][debug][gc,phases      ] GC(163)     Dead                           Min: 0, Avg:  0.0, Max: 0, Diff: 0, Sum: 0, Workers: 4
[1063.634s][debug][gc,phases      ] GC(163)     Total                          Min: 0, Avg: 11020.8, Max: 17909, Diff: 17909, Sum: 44083, Workers: 4
[1063.634s][debug][gc,phases      ] GC(163)   ResolvedMethodTable Weak       Min:  0.0, Avg:  0.0, Max:  0.0, Diff:  0.0, Sum:  0.1, Workers: 4
[1063.634s][debug][gc,phases      ] GC(163)     Dead                           Min: 0, Avg:  0.0, Max: 0, Diff: 0, Sum: 0, Workers: 4
[1063.634s][debug][gc,phases      ] GC(163)     Total                          Min: 0, Avg: 2612.8, Max: 4352, Diff: 4352, Sum: 10451, Workers: 4
[1063.634s][debug][gc,phases      ] GC(163)   JNI Weak                       Min:  0.0, Avg:  0.0, Max:  0.0, Diff:  0.0, Sum:  0.0, Workers: 4
[1063.634s][debug][gc,phases      ] GC(163)     Dead                           Min: 0, Avg:  0.0, Max: 0, Diff: 0, Sum: 0, Workers: 4
[1063.634s][debug][gc,phases      ] GC(163)     Total                          Min: 0, Avg: 11.2, Max: 45, Diff: 45, Sum: 45, Workers: 4
[1063.634s][debug][gc,phases      ] GC(163)   StringDedup Table Weak         Min:  0.0, Avg:  0.0, Max:  0.0, Diff:  0.0, Sum:  0.0, Workers: 4
[1063.634s][debug][gc,phases      ] GC(163)     Dead                           Min: 0, Avg:  0.0, Max: 0, Diff: 0, Sum: 0, Workers: 4
[1063.634s][debug][gc,phases      ] GC(163)     Total                          Min: 0, Avg:  0.0, Max: 0, Diff: 0, Sum: 0, Workers: 4
[1063.634s][debug][gc,phases      ] GC(163)   StringDedup Requests0 Weak     Min:  0.0, Avg:  0.0, Max:  0.0, Diff:  0.0, Sum:  0.0, Workers: 4
[1063.634s][debug][gc,phases      ] GC(163)     Dead                           Min: 0, Avg:  0.0, Max: 0, Diff: 0, Sum: 0, Workers: 4
[1063.634s][debug][gc,phases      ] GC(163)     Total                          Min: 0, Avg:  0.0, Max: 0, Diff: 0, Sum: 0, Workers: 4
[1063.634s][debug][gc,phases      ] GC(163)   StringDedup Requests1 Weak     Min:  0.0, Avg:  0.0, Max:  0.0, Diff:  0.0, Sum:  0.0, Workers: 4
[1063.634s][debug][gc,phases      ] GC(163)     Dead                           Min: 0, Avg:  0.0, Max: 0, Diff: 0, Sum: 0, Workers: 4
[1063.634s][debug][gc,phases      ] GC(163)     Total                          Min: 0, Avg:  0.0, Max: 0, Diff: 0, Sum: 0, Workers: 4
[1063.634s][debug][gc,phases      ] GC(163)   Weak JFR Old Object Samples    Min:  0.0, Avg:  0.0, Max:  0.0, Diff:  0.0, Sum:  0.0, Workers: 4
[1063.634s][debug][gc,phases      ] GC(163)     Dead                           Min: 0, Avg:  0.0, Max: 0, Diff: 0, Sum: 0, Workers: 4
[1063.634s][debug][gc,phases      ] GC(163)     Total                          Min: 0, Avg:  0.0, Max: 0, Diff: 0, Sum: 0, Workers: 4
[1063.634s][debug][gc,phases      ] GC(163) Weak Processing 0.333ms
[1063.634s][debug][gc,age         ] GC(163) Desired survivor size 8388608 bytes, new threshold 15 (max threshold 15)
[1063.634s][info ][gc,heap        ] GC(163) PSYoungGen: 2082960K(2088960K)->2320K(2088448K) Eden: 2080256K(2080256K)->0K(2080256K) From: 2704K(8704K)->2320K(8192K)
[1063.634s][info ][gc,heap        ] GC(163) ParOldGen: 304430K(351232K)->304894K(351232K)
[1063.634s][info ][gc,metaspace   ] GC(163) Metaspace: 85251K(86208K)->85251K(86208K) NonClass: 72794K(73344K)->72794K(73344K) Class: 12456K(12864K)->12456K(12864K)
[1063.634s][info ][gc             ] GC(163) Pause Young (Allocation Failure) 2331M->300M(2382M) 3.467ms
[1063.634s][info ][gc,cpu         ] GC(163) User=0.01s Sys=0.00s Real=0.01s
[1063.634s][info ][safepoint      ] Safepoint "ParallelGCFailedAllocation", Time since last: 27844441373 ns, Reaching safepoint: 16400 ns, Cleanup: 4700 ns, At safepoint: 3558691 ns, Total: 3579791 ns
[1097.529s][info ][gc,start       ] GC(164) Pause Young (Allocation Failure)
[1097.532s][debug][gc,phases      ] GC(164) Scavenge 3.751ms
[1097.532s][debug][gc,ref         ] GC(164) Skipped phase 1 of Reference Processing: no references
[1097.532s][debug][gc,ref         ] GC(164) ReferenceProcessor::execute queues: 1, RefProcThreadModel::Single, marks_oops_alive: false
[1097.533s][debug][gc,ref         ] GC(164) Skipped phase 3 of Reference Processing: no references
[1097.533s][debug][gc,ref         ] GC(164) ReferenceProcessor::execute queues: 1, RefProcThreadModel::Single, marks_oops_alive: false
[1097.533s][debug][gc,phases      ] GC(164) Reference Processing 0.092ms
[1097.533s][debug][gc,phases      ] GC(164)   VM Weak                        Min:  0.0, Avg:  0.0, Max:  0.0, Diff:  0.0, Sum:  0.0, Workers: 4
[1097.533s][debug][gc,phases      ] GC(164)     Dead                           Min: 0, Avg:  0.0, Max: 0, Diff: 0, Sum: 0, Workers: 4
[1097.533s][debug][gc,phases      ] GC(164)     Total                          Min: 0, Avg: 185.5, Max: 742, Diff: 742, Sum: 742, Workers: 4
[1097.533s][debug][gc,phases      ] GC(164)   ObjectSynchronizer Weak        Min:  0.0, Avg:  0.0, Max:  0.0, Diff:  0.0, Sum:  0.0, Workers: 4
[1097.533s][debug][gc,phases      ] GC(164)     Dead                           Min: 0, Avg:  0.0, Max: 0, Diff: 0, Sum: 0, Workers: 4
[1097.533s][debug][gc,phases      ] GC(164)     Total                          Min: 0, Avg:  0.8, Max: 3, Diff: 3, Sum: 3, Workers: 4
[1097.533s][debug][gc,phases      ] GC(164)   JVMTI Tag Weak OopStorage      Min:  0.0, Avg:  0.0, Max:  0.0, Diff:  0.0, Sum:  0.0, Workers: 4
[1097.533s][debug][gc,phases      ] GC(164)     Dead                           Min: 0, Avg:  0.0, Max: 0, Diff: 0, Sum: 0, Workers: 4
[1097.533s][debug][gc,phases      ] GC(164)     Total                          Min: 0, Avg:  0.0, Max: 0, Diff: 0, Sum: 0, Workers: 4
[1097.533s][debug][gc,phases      ] GC(164)   StringTable Weak               Min:  0.0, Avg:  0.1, Max:  0.1, Diff:  0.1, Sum:  0.4, Workers: 4
[1097.533s][debug][gc,phases      ] GC(164)     Dead                           Min: 0, Avg:  0.0, Max: 0, Diff: 0, Sum: 0, Workers: 4
[1097.533s][debug][gc,phases      ] GC(164)     Total                          Min: 0, Avg: 11020.8, Max: 18686, Diff: 18686, Sum: 44083, Workers: 4
[1097.533s][debug][gc,phases      ] GC(164)   ResolvedMethodTable Weak       Min:  0.0, Avg:  0.0, Max:  0.0, Diff:  0.0, Sum:  0.1, Workers: 4
[1097.533s][debug][gc,phases      ] GC(164)     Dead                           Min: 0, Avg:  0.0, Max: 0, Diff: 0, Sum: 0, Workers: 4
[1097.533s][debug][gc,phases      ] GC(164)     Total                          Min: 0, Avg: 2612.8, Max: 4628, Diff: 4628, Sum: 10451, Workers: 4
[1097.533s][debug][gc,phases      ] GC(164)   JNI Weak                       Min:  0.0, Avg:  0.0, Max:  0.0, Diff:  0.0, Sum:  0.0, Workers: 4
[1097.533s][debug][gc,phases      ] GC(164)     Dead                           Min: 0, Avg:  0.0, Max: 0, Diff: 0, Sum: 0, Workers: 4
[1097.533s][debug][gc,phases      ] GC(164)     Total                          Min: 0, Avg: 11.2, Max: 45, Diff: 45, Sum: 45, Workers: 4
[1097.533s][debug][gc,phases      ] GC(164)   StringDedup Table Weak         Min:  0.0, Avg:  0.0, Max:  0.0, Diff:  0.0, Sum:  0.0, Workers: 4
[1097.533s][debug][gc,phases      ] GC(164)     Dead                           Min: 0, Avg:  0.0, Max: 0, Diff: 0, Sum: 0, Workers: 4
[1097.533s][debug][gc,phases      ] GC(164)     Total                          Min: 0, Avg:  0.0, Max: 0, Diff: 0, Sum: 0, Workers: 4
[1097.533s][debug][gc,phases      ] GC(164)   StringDedup Requests0 Weak     Min:  0.0, Avg:  0.0, Max:  0.0, Diff:  0.0, Sum:  0.0, Workers: 4
[1097.533s][debug][gc,phases      ] GC(164)     Dead                           Min: 0, Avg:  0.0, Max: 0, Diff: 0, Sum: 0, Workers: 4
[1097.533s][debug][gc,phases      ] GC(164)     Total                          Min: 0, Avg:  0.0, Max: 0, Diff: 0, Sum: 0, Workers: 4
[1097.533s][debug][gc,phases      ] GC(164)   StringDedup Requests1 Weak     Min:  0.0, Avg:  0.0, Max:  0.0, Diff:  0.0, Sum:  0.0, Workers: 4
[1097.533s][debug][gc,phases      ] GC(164)     Dead                           Min: 0, Avg:  0.0, Max: 0, Diff: 0, Sum: 0, Workers: 4
[1097.533s][debug][gc,phases      ] GC(164)     Total                          Min: 0, Avg:  0.0, Max: 0, Diff: 0, Sum: 0, Workers: 4
[1097.533s][debug][gc,phases      ] GC(164)   Weak JFR Old Object Samples    Min:  0.0, Avg:  0.0, Max:  0.0, Diff:  0.0, Sum:  0.0, Workers: 4
[1097.533s][debug][gc,phases      ] GC(164)     Dead                           Min: 0, Avg:  0.0, Max: 0, Diff: 0, Sum: 0, Workers: 4
[1097.533s][debug][gc,phases      ] GC(164)     Total                          Min: 0, Avg:  0.0, Max: 0, Diff: 0, Sum: 0, Workers: 4
[1097.533s][debug][gc,phases      ] GC(164) Weak Processing 0.319ms
[1097.533s][debug][gc,age         ] GC(164) Desired survivor size 7864320 bytes, new threshold 15 (max threshold 15)
[1097.533s][info ][gc,heap        ] GC(164) PSYoungGen: 2082576K(2088448K)->2096K(2089472K) Eden: 2080256K(2080256K)->0K(2081280K) From: 2320K(8192K)->2096K(8192K)
[1097.533s][info ][gc,heap        ] GC(164) ParOldGen: 304894K(351232K)->305186K(351232K)
[1097.533s][info ][gc,metaspace   ] GC(164) Metaspace: 85251K(86208K)->85251K(86208K) NonClass: 72794K(73344K)->72794K(73344K) Class: 12456K(12864K)->12456K(12864K)
[1097.533s][info ][gc             ] GC(164) Pause Young (Allocation Failure) 2331M->300M(2383M) 4.256ms
[1097.533s][info ][gc,cpu         ] GC(164) User=0.01s Sys=0.00s Real=0.01s
[1097.533s][info ][safepoint      ] Safepoint "ParallelGCFailedAllocation", Time since last: 33894472681 ns, Reaching safepoint: 73000 ns, Cleanup: 3500 ns, At safepoint: 4348089 ns, Total: 4424589 ns
[1131.432s][info ][gc,start       ] GC(165) Pause Young (Allocation Failure)
[1131.434s][debug][gc,phases      ] GC(165) Scavenge 2.093ms
[1131.434s][debug][gc,ref         ] GC(165) Skipped phase 1 of Reference Processing: no references
[1131.434s][debug][gc,ref         ] GC(165) ReferenceProcessor::execute queues: 1, RefProcThreadModel::Single, marks_oops_alive: false
[1131.434s][debug][gc,ref         ] GC(165) Skipped phase 3 of Reference Processing: no references
[1131.434s][debug][gc,ref         ] GC(165) ReferenceProcessor::execute queues: 1, RefProcThreadModel::Single, marks_oops_alive: false
[1131.434s][debug][gc,phases      ] GC(165) Reference Processing 0.094ms
[1131.434s][debug][gc,phases      ] GC(165)   VM Weak                        Min:  0.0, Avg:  0.0, Max:  0.0, Diff:  0.0, Sum:  0.0, Workers: 4
[1131.434s][debug][gc,phases      ] GC(165)     Dead                           Min: 0, Avg:  0.0, Max: 0, Diff: 0, Sum: 0, Workers: 4
[1131.434s][debug][gc,phases      ] GC(165)     Total                          Min: 0, Avg: 185.5, Max: 384, Diff: 384, Sum: 742, Workers: 4
[1131.434s][debug][gc,phases      ] GC(165)   ObjectSynchronizer Weak        Min:  0.0, Avg:  0.0, Max:  0.0, Diff:  0.0, Sum:  0.0, Workers: 4
[1131.434s][debug][gc,phases      ] GC(165)     Dead                           Min: 0, Avg:  0.0, Max: 0, Diff: 0, Sum: 0, Workers: 4
[1131.434s][debug][gc,phases      ] GC(165)     Total                          Min: 0, Avg:  0.8, Max: 3, Diff: 3, Sum: 3, Workers: 4
[1131.434s][debug][gc,phases      ] GC(165)   JVMTI Tag Weak OopStorage      Min:  0.0, Avg:  0.0, Max:  0.0, Diff:  0.0, Sum:  0.0, Workers: 4
[1131.434s][debug][gc,phases      ] GC(165)     Dead                           Min: 0, Avg:  0.0, Max: 0, Diff: 0, Sum: 0, Workers: 4
[1131.434s][debug][gc,phases      ] GC(165)     Total                          Min: 0, Avg:  0.0, Max: 0, Diff: 0, Sum: 0, Workers: 4
[1131.434s][debug][gc,phases      ] GC(165)   StringTable Weak               Min:  0.0, Avg:  0.1, Max:  0.1, Diff:  0.1, Sum:  0.4, Workers: 4
[1131.434s][debug][gc,phases      ] GC(165)     Dead                           Min: 0, Avg:  0.0, Max: 0, Diff: 0, Sum: 0, Workers: 4
[1131.434s][debug][gc,phases      ] GC(165)     Total                          Min: 0, Avg: 11020.8, Max: 19518, Diff: 19518, Sum: 44083, Workers: 4
[1131.434s][debug][gc,phases      ] GC(165)   ResolvedMethodTable Weak       Min:  0.0, Avg:  0.0, Max:  0.0, Diff:  0.0, Sum:  0.1, Workers: 4
[1131.434s][debug][gc,phases      ] GC(165)     Dead                           Min: 0, Avg:  0.0, Max: 0, Diff: 0, Sum: 0, Workers: 4
[1131.434s][debug][gc,phases      ] GC(165)     Total                          Min: 0, Avg: 2612.8, Max: 4736, Diff: 4736, Sum: 10451, Workers: 4
[1131.434s][debug][gc,phases      ] GC(165)   JNI Weak                       Min:  0.0, Avg:  0.0, Max:  0.0, Diff:  0.0, Sum:  0.0, Workers: 4
[1131.434s][debug][gc,phases      ] GC(165)     Dead                           Min: 0, Avg:  0.0, Max: 0, Diff: 0, Sum: 0, Workers: 4
[1131.434s][debug][gc,phases      ] GC(165)     Total                          Min: 0, Avg: 11.2, Max: 45, Diff: 45, Sum: 45, Workers: 4
[1131.434s][debug][gc,phases      ] GC(165)   StringDedup Table Weak         Min:  0.0, Avg:  0.0, Max:  0.0, Diff:  0.0, Sum:  0.0, Workers: 4
[1131.434s][debug][gc,phases      ] GC(165)     Dead                           Min: 0, Avg:  0.0, Max: 0, Diff: 0, Sum: 0, Workers: 4
[1131.434s][debug][gc,phases      ] GC(165)     Total                          Min: 0, Avg:  0.0, Max: 0, Diff: 0, Sum: 0, Workers: 4
[1131.434s][debug][gc,phases      ] GC(165)   StringDedup Requests0 Weak     Min:  0.0, Avg:  0.0, Max:  0.0, Diff:  0.0, Sum:  0.0, Workers: 4
[1131.434s][debug][gc,phases      ] GC(165)     Dead                           Min: 0, Avg:  0.0, Max: 0, Diff: 0, Sum: 0, Workers: 4
[1131.434s][debug][gc,phases      ] GC(165)     Total                          Min: 0, Avg:  0.0, Max: 0, Diff: 0, Sum: 0, Workers: 4
[1131.434s][debug][gc,phases      ] GC(165)   StringDedup Requests1 Weak     Min:  0.0, Avg:  0.0, Max:  0.0, Diff:  0.0, Sum:  0.0, Workers: 4
[1131.434s][debug][gc,phases      ] GC(165)     Dead                           Min: 0, Avg:  0.0, Max: 0, Diff: 0, Sum: 0, Workers: 4
[1131.434s][debug][gc,phases      ] GC(165)     Total                          Min: 0, Avg:  0.0, Max: 0, Diff: 0, Sum: 0, Workers: 4
[1131.434s][debug][gc,phases      ] GC(165)   Weak JFR Old Object Samples    Min:  0.0, Avg:  0.0, Max:  0.0, Diff:  0.0, Sum:  0.0, Workers: 4
[1131.434s][debug][gc,phases      ] GC(165)     Dead                           Min: 0, Avg:  0.0, Max: 0, Diff: 0, Sum: 0, Workers: 4
[1131.434s][debug][gc,phases      ] GC(165)     Total                          Min: 0, Avg:  0.0, Max: 0, Diff: 0, Sum: 0, Workers: 4
[1131.434s][debug][gc,phases      ] GC(165) Weak Processing 0.331ms
[1131.434s][debug][gc,age         ] GC(165) Desired survivor size 7864320 bytes, new threshold 15 (max threshold 15)
[1131.434s][info ][gc,heap        ] GC(165) PSYoungGen: 2083376K(2089472K)->2064K(2088960K) Eden: 2081280K(2081280K)->0K(2081280K) From: 2096K(8192K)->2064K(7680K)
[1131.434s][info ][gc,heap        ] GC(165) ParOldGen: 305186K(351232K)->305194K(351232K)
[1131.434s][info ][gc,metaspace   ] GC(165) Metaspace: 85251K(86208K)->85251K(86208K) NonClass: 72794K(73344K)->72794K(73344K) Class: 12456K(12864K)->12456K(12864K)
[1131.434s][info ][gc             ] GC(165) Pause Young (Allocation Failure) 2332M->300M(2383M) 2.605ms
[1131.434s][info ][gc,cpu         ] GC(165) User=0.01s Sys=0.00s Real=0.01s
[1131.434s][info ][safepoint      ] Safepoint "ParallelGCFailedAllocation", Time since last: 33898702771 ns, Reaching safepoint: 4600 ns, Cleanup: 4100 ns, At safepoint: 2693794 ns, Total: 2702494 ns
[1160.436s][info ][safepoint      ] Safepoint "Cleanup", Time since last: 29001739146 ns, Reaching safepoint: 4600 ns, Cleanup: 13100 ns, At safepoint: 2000 ns, Total: 19700 ns
[1165.381s][info ][gc,start       ] GC(166) Pause Young (Allocation Failure)
[1165.383s][debug][gc,phases      ] GC(166) Scavenge 2.168ms
[1165.383s][debug][gc,ref         ] GC(166) Skipped phase 1 of Reference Processing: no references
[1165.383s][debug][gc,ref         ] GC(166) ReferenceProcessor::execute queues: 1, RefProcThreadModel::Single, marks_oops_alive: false
[1165.383s][debug][gc,ref         ] GC(166) Skipped phase 3 of Reference Processing: no references
[1165.383s][debug][gc,ref         ] GC(166) ReferenceProcessor::execute queues: 1, RefProcThreadModel::Single, marks_oops_alive: false
[1165.383s][debug][gc,phases      ] GC(166) Reference Processing 0.091ms
[1165.383s][debug][gc,phases      ] GC(166)   VM Weak                        Min:  0.0, Avg:  0.0, Max:  0.0, Diff:  0.0, Sum:  0.0, Workers: 4
[1165.383s][debug][gc,phases      ] GC(166)     Dead                           Min: 0, Avg:  0.0, Max: 0, Diff: 0, Sum: 0, Workers: 4
[1165.383s][debug][gc,phases      ] GC(166)     Total                          Min: 0, Avg: 185.5, Max: 704, Diff: 704, Sum: 742, Workers: 4
[1165.383s][debug][gc,phases      ] GC(166)   ObjectSynchronizer Weak        Min:  0.0, Avg:  0.0, Max:  0.0, Diff:  0.0, Sum:  0.0, Workers: 4
[1165.383s][debug][gc,phases      ] GC(166)     Dead                           Min: 0, Avg:  0.0, Max: 0, Diff: 0, Sum: 0, Workers: 4
[1165.383s][debug][gc,phases      ] GC(166)     Total                          Min: 0, Avg:  0.8, Max: 3, Diff: 3, Sum: 3, Workers: 4
[1165.383s][debug][gc,phases      ] GC(166)   JVMTI Tag Weak OopStorage      Min:  0.0, Avg:  0.0, Max:  0.0, Diff:  0.0, Sum:  0.0, Workers: 4
[1165.383s][debug][gc,phases      ] GC(166)     Dead                           Min: 0, Avg:  0.0, Max: 0, Diff: 0, Sum: 0, Workers: 4
[1165.383s][debug][gc,phases      ] GC(166)     Total                          Min: 0, Avg:  0.0, Max: 0, Diff: 0, Sum: 0, Workers: 4
[1165.383s][debug][gc,phases      ] GC(166)   StringTable Weak               Min:  0.0, Avg:  0.1, Max:  0.1, Diff:  0.1, Sum:  0.4, Workers: 4
[1165.383s][debug][gc,phases      ] GC(166)     Dead                           Min: 0, Avg:  0.0, Max: 0, Diff: 0, Sum: 0, Workers: 4
[1165.383s][debug][gc,phases      ] GC(166)     Total                          Min: 0, Avg: 11021.2, Max: 16383, Diff: 16383, Sum: 44085, Workers: 4
[1165.383s][debug][gc,phases      ] GC(166)   ResolvedMethodTable Weak       Min:  0.0, Avg:  0.0, Max:  0.0, Diff:  0.0, Sum:  0.1, Workers: 4
[1165.383s][debug][gc,phases      ] GC(166)     Dead                           Min: 0, Avg:  0.0, Max: 0, Diff: 0, Sum: 0, Workers: 4
[1165.383s][debug][gc,phases      ] GC(166)     Total                          Min: 0, Avg: 2612.8, Max: 4692, Diff: 4692, Sum: 10451, Workers: 4
[1165.383s][debug][gc,phases      ] GC(166)   JNI Weak                       Min:  0.0, Avg:  0.0, Max:  0.0, Diff:  0.0, Sum:  0.0, Workers: 4
[1165.383s][debug][gc,phases      ] GC(166)     Dead                           Min: 0, Avg:  0.0, Max: 0, Diff: 0, Sum: 0, Workers: 4
[1165.383s][debug][gc,phases      ] GC(166)     Total                          Min: 0, Avg: 11.2, Max: 45, Diff: 45, Sum: 45, Workers: 4
[1165.383s][debug][gc,phases      ] GC(166)   StringDedup Table Weak         Min:  0.0, Avg:  0.0, Max:  0.0, Diff:  0.0, Sum:  0.0, Workers: 4
[1165.383s][debug][gc,phases      ] GC(166)     Dead                           Min: 0, Avg:  0.0, Max: 0, Diff: 0, Sum: 0, Workers: 4
[1165.383s][debug][gc,phases      ] GC(166)     Total                          Min: 0, Avg:  0.0, Max: 0, Diff: 0, Sum: 0, Workers: 4
[1165.383s][debug][gc,phases      ] GC(166)   StringDedup Requests0 Weak     Min:  0.0, Avg:  0.0, Max:  0.0, Diff:  0.0, Sum:  0.0, Workers: 4
[1165.383s][debug][gc,phases      ] GC(166)     Dead                           Min: 0, Avg:  0.0, Max: 0, Diff: 0, Sum: 0, Workers: 4
[1165.383s][debug][gc,phases      ] GC(166)     Total                          Min: 0, Avg:  0.0, Max: 0, Diff: 0, Sum: 0, Workers: 4
[1165.383s][debug][gc,phases      ] GC(166)   StringDedup Requests1 Weak     Min:  0.0, Avg:  0.0, Max:  0.0, Diff:  0.0, Sum:  0.0, Workers: 4
[1165.383s][debug][gc,phases      ] GC(166)     Dead                           Min: 0, Avg:  0.0, Max: 0, Diff: 0, Sum: 0, Workers: 4
[1165.383s][debug][gc,phases      ] GC(166)     Total                          Min: 0, Avg:  0.0, Max: 0, Diff: 0, Sum: 0, Workers: 4
[1165.383s][debug][gc,phases      ] GC(166)   Weak JFR Old Object Samples    Min:  0.0, Avg:  0.0, Max:  0.0, Diff:  0.0, Sum:  0.0, Workers: 4
[1165.383s][debug][gc,phases      ] GC(166)     Dead                           Min: 0, Avg:  0.0, Max: 0, Diff: 0, Sum: 0, Workers: 4
[1165.383s][debug][gc,phases      ] GC(166)     Total                          Min: 0, Avg:  0.0, Max: 0, Diff: 0, Sum: 0, Workers: 4
[1165.383s][debug][gc,phases      ] GC(166) Weak Processing 0.336ms
[1165.383s][debug][gc,age         ] GC(166) Desired survivor size 7340032 bytes, new threshold 15 (max threshold 15)
[1165.383s][info ][gc,heap        ] GC(166) PSYoungGen: 2083344K(2088960K)->2064K(2089984K) Eden: 2081280K(2081280K)->0K(2082304K) From: 2064K(7680K)->2064K(7680K)
[1165.383s][info ][gc,heap        ] GC(166) ParOldGen: 305194K(351232K)->305242K(351232K)
[1165.383s][info ][gc,metaspace   ] GC(166) Metaspace: 85258K(86208K)->85258K(86208K) NonClass: 72801K(73344K)->72801K(73344K) Class: 12456K(12864K)->12456K(12864K)
[1165.383s][info ][gc             ] GC(166) Pause Young (Allocation Failure) 2332M->300M(2384M) 2.695ms
[1165.383s][info ][gc,cpu         ] GC(166) User=0.01s Sys=0.00s Real=0.00s
[1165.383s][info ][safepoint      ] Safepoint "ParallelGCFailedAllocation", Time since last: 4944429604 ns, Reaching safepoint: 4600 ns, Cleanup: 3800 ns, At safepoint: 2756894 ns, Total: 2765294 ns
[1199.332s][info ][gc,start       ] GC(167) Pause Young (Allocation Failure)
[1199.334s][debug][gc,phases      ] GC(167) Scavenge 2.024ms
[1199.334s][debug][gc,ref         ] GC(167) Skipped phase 1 of Reference Processing: no references
[1199.334s][debug][gc,ref         ] GC(167) ReferenceProcessor::execute queues: 1, RefProcThreadModel::Single, marks_oops_alive: false
[1199.334s][debug][gc,ref         ] GC(167) Skipped phase 3 of Reference Processing: no references
[1199.334s][debug][gc,ref         ] GC(167) ReferenceProcessor::execute queues: 1, RefProcThreadModel::Single, marks_oops_alive: false
[1199.334s][debug][gc,phases      ] GC(167) Reference Processing 0.111ms
[1199.334s][debug][gc,phases      ] GC(167)   VM Weak                        Min:  0.0, Avg:  0.0, Max:  0.0, Diff:  0.0, Sum:  0.0, Workers: 4
[1199.334s][debug][gc,phases      ] GC(167)     Dead                           Min: 0, Avg:  0.0, Max: 0, Diff: 0, Sum: 0, Workers: 4
[1199.334s][debug][gc,phases      ] GC(167)     Total                          Min: 0, Avg: 185.5, Max: 512, Diff: 512, Sum: 742, Workers: 4
[1199.334s][debug][gc,phases      ] GC(167)   ObjectSynchronizer Weak        Min:  0.0, Avg:  0.0, Max:  0.0, Diff:  0.0, Sum:  0.0, Workers: 4
[1199.334s][debug][gc,phases      ] GC(167)     Dead                           Min: 0, Avg:  0.0, Max: 0, Diff: 0, Sum: 0, Workers: 4
[1199.334s][debug][gc,phases      ] GC(167)     Total                          Min: 0, Avg:  0.8, Max: 3, Diff: 3, Sum: 3, Workers: 4
[1199.334s][debug][gc,phases      ] GC(167)   JVMTI Tag Weak OopStorage      Min:  0.0, Avg:  0.0, Max:  0.0, Diff:  0.0, Sum:  0.0, Workers: 4
[1199.334s][debug][gc,phases      ] GC(167)     Dead                           Min: 0, Avg:  0.0, Max: 0, Diff: 0, Sum: 0, Workers: 4
[1199.334s][debug][gc,phases      ] GC(167)     Total                          Min: 0, Avg:  0.0, Max: 0, Diff: 0, Sum: 0, Workers: 4
[1199.334s][debug][gc,phases      ] GC(167)   StringTable Weak               Min:  0.0, Avg:  0.1, Max:  0.1, Diff:  0.1, Sum:  0.4, Workers: 4
[1199.334s][debug][gc,phases      ] GC(167)     Dead                           Min: 0, Avg:  0.0, Max: 0, Diff: 0, Sum: 0, Workers: 4
[1199.334s][debug][gc,phases      ] GC(167)     Total                          Min: 0, Avg: 11021.2, Max: 19647, Diff: 19647, Sum: 44085, Workers: 4
[1199.334s][debug][gc,phases      ] GC(167)   ResolvedMethodTable Weak       Min:  0.0, Avg:  0.0, Max:  0.0, Diff:  0.0, Sum:  0.1, Workers: 4
[1199.334s][debug][gc,phases      ] GC(167)     Dead                           Min: 0, Avg:  0.0, Max: 0, Diff: 0, Sum: 0, Workers: 4
[1199.334s][debug][gc,phases      ] GC(167)     Total                          Min: 0, Avg: 2612.8, Max: 4672, Diff: 4672, Sum: 10451, Workers: 4
[1199.334s][debug][gc,phases      ] GC(167)   JNI Weak                       Min:  0.0, Avg:  0.0, Max:  0.0, Diff:  0.0, Sum:  0.0, Workers: 4
[1199.334s][debug][gc,phases      ] GC(167)     Dead                           Min: 0, Avg:  0.0, Max: 0, Diff: 0, Sum: 0, Workers: 4
[1199.334s][debug][gc,phases      ] GC(167)     Total                          Min: 0, Avg: 11.2, Max: 45, Diff: 45, Sum: 45, Workers: 4
[1199.334s][debug][gc,phases      ] GC(167)   StringDedup Table Weak         Min:  0.0, Avg:  0.0, Max:  0.0, Diff:  0.0, Sum:  0.0, Workers: 4
[1199.334s][debug][gc,phases      ] GC(167)     Dead                           Min: 0, Avg:  0.0, Max: 0, Diff: 0, Sum: 0, Workers: 4
[1199.334s][debug][gc,phases      ] GC(167)     Total                          Min: 0, Avg:  0.0, Max: 0, Diff: 0, Sum: 0, Workers: 4
[1199.334s][debug][gc,phases      ] GC(167)   StringDedup Requests0 Weak     Min:  0.0, Avg:  0.0, Max:  0.0, Diff:  0.0, Sum:  0.0, Workers: 4
[1199.334s][debug][gc,phases      ] GC(167)     Dead                           Min: 0, Avg:  0.0, Max: 0, Diff: 0, Sum: 0, Workers: 4
[1199.334s][debug][gc,phases      ] GC(167)     Total                          Min: 0, Avg:  0.0, Max: 0, Diff: 0, Sum: 0, Workers: 4
[1199.334s][debug][gc,phases      ] GC(167)   StringDedup Requests1 Weak     Min:  0.0, Avg:  0.0, Max:  0.0, Diff:  0.0, Sum:  0.0, Workers: 4
[1199.334s][debug][gc,phases      ] GC(167)     Dead                           Min: 0, Avg:  0.0, Max: 0, Diff: 0, Sum: 0, Workers: 4
[1199.334s][debug][gc,phases      ] GC(167)     Total                          Min: 0, Avg:  0.0, Max: 0, Diff: 0, Sum: 0, Workers: 4
[1199.334s][debug][gc,phases      ] GC(167)   Weak JFR Old Object Samples    Min:  0.0, Avg:  0.0, Max:  0.0, Diff:  0.0, Sum:  0.0, Workers: 4
[1199.334s][debug][gc,phases      ] GC(167)     Dead                           Min: 0, Avg:  0.0, Max: 0, Diff: 0, Sum: 0, Workers: 4
[1199.334s][debug][gc,phases      ] GC(167)     Total                          Min: 0, Avg:  0.0, Max: 0, Diff: 0, Sum: 0, Workers: 4
[1199.334s][debug][gc,phases      ] GC(167) Weak Processing 0.324ms
[1199.334s][debug][gc,age         ] GC(167) Desired survivor size 7340032 bytes, new threshold 15 (max threshold 15)
[1199.334s][info ][gc,heap        ] GC(167) PSYoungGen: 2084368K(2089984K)->1968K(2089472K) Eden: 2082304K(2082304K)->0K(2082304K) From: 2064K(7680K)->1968K(7168K)
[1199.334s][info ][gc,heap        ] GC(167) ParOldGen: 305242K(351232K)->305338K(351232K)
[1199.334s][info ][gc,metaspace   ] GC(167) Metaspace: 85260K(86208K)->85260K(86208K) NonClass: 72803K(73344K)->72803K(73344K) Class: 12456K(12864K)->12456K(12864K)
[1199.334s][info ][gc             ] GC(167) Pause Young (Allocation Failure) 2333M->300M(2383M) 2.542ms
[1199.334s][info ][gc,cpu         ] GC(167) User=0.01s Sys=0.00s Real=0.01s
[1199.334s][info ][safepoint      ] Safepoint "ParallelGCFailedAllocation", Time since last: 33948174735 ns, Reaching safepoint: 4800 ns, Cleanup: 3400 ns, At safepoint: 2617794 ns, Total: 2625994 ns
[1212.335s][info ][safepoint      ] Safepoint "Cleanup", Time since last: 13000643051 ns, Reaching safepoint: 4600 ns, Cleanup: 15400 ns, At safepoint: 2100 ns, Total: 22100 ns
[1233.130s][info ][gc,start       ] GC(168) Pause Young (Allocation Failure)
[1233.132s][debug][gc,phases      ] GC(168) Scavenge 2.034ms
[1233.132s][debug][gc,ref         ] GC(168) Skipped phase 1 of Reference Processing: no references
[1233.132s][debug][gc,ref         ] GC(168) ReferenceProcessor::execute queues: 1, RefProcThreadModel::Single, marks_oops_alive: false
[1233.132s][debug][gc,ref         ] GC(168) Skipped phase 3 of Reference Processing: no references
[1233.132s][debug][gc,ref         ] GC(168) ReferenceProcessor::execute queues: 1, RefProcThreadModel::Single, marks_oops_alive: false
[1233.132s][debug][gc,phases      ] GC(168) Reference Processing 0.091ms
[1233.132s][debug][gc,phases      ] GC(168)   VM Weak                        Min:  0.0, Avg:  0.0, Max:  0.0, Diff:  0.0, Sum:  0.0, Workers: 4
[1233.132s][debug][gc,phases      ] GC(168)     Dead                           Min: 0, Avg:  0.0, Max: 0, Diff: 0, Sum: 0, Workers: 4
[1233.132s][debug][gc,phases      ] GC(168)     Total                          Min: 0, Avg: 185.5, Max: 320, Diff: 320, Sum: 742, Workers: 4
[1233.132s][debug][gc,phases      ] GC(168)   ObjectSynchronizer Weak        Min:  0.0, Avg:  0.0, Max:  0.0, Diff:  0.0, Sum:  0.0, Workers: 4
[1233.132s][debug][gc,phases      ] GC(168)     Dead                           Min: 0, Avg:  0.0, Max: 0, Diff: 0, Sum: 0, Workers: 4
[1233.132s][debug][gc,phases      ] GC(168)     Total                          Min: 0, Avg:  0.8, Max: 3, Diff: 3, Sum: 3, Workers: 4
[1233.132s][debug][gc,phases      ] GC(168)   JVMTI Tag Weak OopStorage      Min:  0.0, Avg:  0.0, Max:  0.0, Diff:  0.0, Sum:  0.0, Workers: 4
[1233.132s][debug][gc,phases      ] GC(168)     Dead                           Min: 0, Avg:  0.0, Max: 0, Diff: 0, Sum: 0, Workers: 4
[1233.132s][debug][gc,phases      ] GC(168)     Total                          Min: 0, Avg:  0.0, Max: 0, Diff: 0, Sum: 0, Workers: 4
[1233.132s][debug][gc,phases      ] GC(168)   StringTable Weak               Min:  0.0, Avg:  0.1, Max:  0.1, Diff:  0.1, Sum:  0.4, Workers: 4
[1233.132s][debug][gc,phases      ] GC(168)     Dead                           Min: 0, Avg:  0.0, Max: 0, Diff: 0, Sum: 0, Workers: 4
[1233.132s][debug][gc,phases      ] GC(168)     Total                          Min: 0, Avg: 11021.2, Max: 19519, Diff: 19519, Sum: 44085, Workers: 4
[1233.132s][debug][gc,phases      ] GC(168)   ResolvedMethodTable Weak       Min:  0.0, Avg:  0.0, Max:  0.0, Diff:  0.0, Sum:  0.1, Workers: 4
[1233.132s][debug][gc,phases      ] GC(168)     Dead                           Min: 0, Avg:  0.0, Max: 0, Diff: 0, Sum: 0, Workers: 4
[1233.132s][debug][gc,phases      ] GC(168)     Total                          Min: 0, Avg: 2612.8, Max: 4627, Diff: 4627, Sum: 10451, Workers: 4
[1233.132s][debug][gc,phases      ] GC(168)   JNI Weak                       Min:  0.0, Avg:  0.0, Max:  0.0, Diff:  0.0, Sum:  0.0, Workers: 4
[1233.132s][debug][gc,phases      ] GC(168)     Dead                           Min: 0, Avg:  0.0, Max: 0, Diff: 0, Sum: 0, Workers: 4
[1233.132s][debug][gc,phases      ] GC(168)     Total                          Min: 0, Avg: 11.2, Max: 45, Diff: 45, Sum: 45, Workers: 4
[1233.132s][debug][gc,phases      ] GC(168)   StringDedup Table Weak         Min:  0.0, Avg:  0.0, Max:  0.0, Diff:  0.0, Sum:  0.0, Workers: 4
[1233.132s][debug][gc,phases      ] GC(168)     Dead                           Min: 0, Avg:  0.0, Max: 0, Diff: 0, Sum: 0, Workers: 4
[1233.133s][debug][gc,phases      ] GC(168)     Total                          Min: 0, Avg:  0.0, Max: 0, Diff: 0, Sum: 0, Workers: 4
[1233.133s][debug][gc,phases      ] GC(168)   StringDedup Requests0 Weak     Min:  0.0, Avg:  0.0, Max:  0.0, Diff:  0.0, Sum:  0.0, Workers: 4
[1233.133s][debug][gc,phases      ] GC(168)     Dead                           Min: 0, Avg:  0.0, Max: 0, Diff: 0, Sum: 0, Workers: 4
[1233.133s][debug][gc,phases      ] GC(168)     Total                          Min: 0, Avg:  0.0, Max: 0, Diff: 0, Sum: 0, Workers: 4
[1233.133s][debug][gc,phases      ] GC(168)   StringDedup Requests1 Weak     Min:  0.0, Avg:  0.0, Max:  0.0, Diff:  0.0, Sum:  0.0, Workers: 4
[1233.133s][debug][gc,phases      ] GC(168)     Dead                           Min: 0, Avg:  0.0, Max: 0, Diff: 0, Sum: 0, Workers: 4
[1233.133s][debug][gc,phases      ] GC(168)     Total                          Min: 0, Avg:  0.0, Max: 0, Diff: 0, Sum: 0, Workers: 4
[1233.133s][debug][gc,phases      ] GC(168)   Weak JFR Old Object Samples    Min:  0.0, Avg:  0.0, Max:  0.0, Diff:  0.0, Sum:  0.0, Workers: 4
[1233.133s][debug][gc,phases      ] GC(168)     Dead                           Min: 0, Avg:  0.0, Max: 0, Diff: 0, Sum: 0, Workers: 4
[1233.133s][debug][gc,phases      ] GC(168)     Total                          Min: 0, Avg:  0.0, Max: 0, Diff: 0, Sum: 0, Workers: 4
[1233.133s][debug][gc,phases      ] GC(168) Weak Processing 0.317ms
[1233.133s][debug][gc,age         ] GC(168) Desired survivor size 6815744 bytes, new threshold 15 (max threshold 15)
[1233.133s][info ][gc,heap        ] GC(168) PSYoungGen: 2084272K(2089472K)->1952K(2090496K) Eden: 2082304K(2082304K)->0K(2083328K) From: 1968K(7168K)->1952K(7168K)
[1233.133s][info ][gc,heap        ] GC(168) ParOldGen: 305338K(351232K)->305394K(351232K)
[1233.133s][info ][gc,metaspace   ] GC(168) Metaspace: 85261K(86208K)->85261K(86208K) NonClass: 72804K(73344K)->72804K(73344K) Class: 12456K(12864K)->12456K(12864K)
[1233.133s][info ][gc             ] GC(168) Pause Young (Allocation Failure) 2333M->300M(2384M) 2.528ms
[1233.133s][info ][gc,cpu         ] GC(168) User=0.01s Sys=0.00s Real=0.01s
[1233.133s][info ][safepoint      ] Safepoint "ParallelGCFailedAllocation", Time since last: 20795177450 ns, Reaching safepoint: 74700 ns, Cleanup: 4300 ns, At safepoint: 2611594 ns, Total: 2690594 ns
[1249.134s][info ][safepoint      ] Safepoint "Cleanup", Time since last: 16001015359 ns, Reaching safepoint: 49300 ns, Cleanup: 11099 ns, At safepoint: 20800 ns, Total: 81199 ns
[1267.081s][info ][gc,start       ] GC(169) Pause Young (Allocation Failure)
[1267.083s][debug][gc,phases      ] GC(169) Scavenge 1.977ms
[1267.083s][debug][gc,ref         ] GC(169) Skipped phase 1 of Reference Processing: no references
[1267.083s][debug][gc,ref         ] GC(169) ReferenceProcessor::execute queues: 1, RefProcThreadModel::Single, marks_oops_alive: false
[1267.083s][debug][gc,ref         ] GC(169) Skipped phase 3 of Reference Processing: no references
[1267.083s][debug][gc,ref         ] GC(169) ReferenceProcessor::execute queues: 1, RefProcThreadModel::Single, marks_oops_alive: false
[1267.083s][debug][gc,phases      ] GC(169) Reference Processing 0.099ms
[1267.083s][debug][gc,phases      ] GC(169)   VM Weak                        Min:  0.0, Avg:  0.0, Max:  0.0, Diff:  0.0, Sum:  0.0, Workers: 4
[1267.083s][debug][gc,phases      ] GC(169)     Dead                           Min: 0, Avg:  0.0, Max: 0, Diff: 0, Sum: 0, Workers: 4
[1267.083s][debug][gc,phases      ] GC(169)     Total                          Min: 0, Avg: 185.5, Max: 742, Diff: 742, Sum: 742, Workers: 4
[1267.083s][debug][gc,phases      ] GC(169)   ObjectSynchronizer Weak        Min:  0.0, Avg:  0.0, Max:  0.0, Diff:  0.0, Sum:  0.0, Workers: 4
[1267.083s][debug][gc,phases      ] GC(169)     Dead                           Min: 0, Avg:  0.0, Max: 0, Diff: 0, Sum: 0, Workers: 4
[1267.083s][debug][gc,phases      ] GC(169)     Total                          Min: 0, Avg:  0.8, Max: 3, Diff: 3, Sum: 3, Workers: 4
[1267.083s][debug][gc,phases      ] GC(169)   JVMTI Tag Weak OopStorage      Min:  0.0, Avg:  0.0, Max:  0.0, Diff:  0.0, Sum:  0.0, Workers: 4
[1267.083s][debug][gc,phases      ] GC(169)     Dead                           Min: 0, Avg:  0.0, Max: 0, Diff: 0, Sum: 0, Workers: 4
[1267.083s][debug][gc,phases      ] GC(169)     Total                          Min: 0, Avg:  0.0, Max: 0, Diff: 0, Sum: 0, Workers: 4
[1267.083s][debug][gc,phases      ] GC(169)   StringTable Weak               Min:  0.0, Avg:  0.1, Max:  0.1, Diff:  0.1, Sum:  0.4, Workers: 4
[1267.083s][debug][gc,phases      ] GC(169)     Dead                           Min: 0, Avg:  0.0, Max: 0, Diff: 0, Sum: 0, Workers: 4
[1267.083s][debug][gc,phases      ] GC(169)     Total                          Min: 0, Avg: 11021.2, Max: 19127, Diff: 19127, Sum: 44085, Workers: 4
[1267.083s][debug][gc,phases      ] GC(169)   ResolvedMethodTable Weak       Min:  0.0, Avg:  0.0, Max:  0.0, Diff:  0.0, Sum:  0.1, Workers: 4
[1267.083s][debug][gc,phases      ] GC(169)     Dead                           Min: 0, Avg:  0.0, Max: 0, Diff: 0, Sum: 0, Workers: 4
[1267.083s][debug][gc,phases      ] GC(169)     Total                          Min: 0, Avg: 2612.8, Max: 4564, Diff: 4564, Sum: 10451, Workers: 4
[1267.083s][debug][gc,phases      ] GC(169)   JNI Weak                       Min:  0.0, Avg:  0.0, Max:  0.0, Diff:  0.0, Sum:  0.0, Workers: 4
[1267.083s][debug][gc,phases      ] GC(169)     Dead                           Min: 0, Avg:  0.0, Max: 0, Diff: 0, Sum: 0, Workers: 4
[1267.083s][debug][gc,phases      ] GC(169)     Total                          Min: 0, Avg: 11.2, Max: 45, Diff: 45, Sum: 45, Workers: 4
[1267.083s][debug][gc,phases      ] GC(169)   StringDedup Table Weak         Min:  0.0, Avg:  0.0, Max:  0.0, Diff:  0.0, Sum:  0.0, Workers: 4
[1267.083s][debug][gc,phases      ] GC(169)     Dead                           Min: 0, Avg:  0.0, Max: 0, Diff: 0, Sum: 0, Workers: 4
[1267.083s][debug][gc,phases      ] GC(169)     Total                          Min: 0, Avg:  0.0, Max: 0, Diff: 0, Sum: 0, Workers: 4
[1267.083s][debug][gc,phases      ] GC(169)   StringDedup Requests0 Weak     Min:  0.0, Avg:  0.0, Max:  0.0, Diff:  0.0, Sum:  0.0, Workers: 4
[1267.083s][debug][gc,phases      ] GC(169)     Dead                           Min: 0, Avg:  0.0, Max: 0, Diff: 0, Sum: 0, Workers: 4
[1267.083s][debug][gc,phases      ] GC(169)     Total                          Min: 0, Avg:  0.0, Max: 0, Diff: 0, Sum: 0, Workers: 4
[1267.083s][debug][gc,phases      ] GC(169)   StringDedup Requests1 Weak     Min:  0.0, Avg:  0.0, Max:  0.0, Diff:  0.0, Sum:  0.0, Workers: 4
[1267.083s][debug][gc,phases      ] GC(169)     Dead                           Min: 0, Avg:  0.0, Max: 0, Diff: 0, Sum: 0, Workers: 4
[1267.083s][debug][gc,phases      ] GC(169)     Total                          Min: 0, Avg:  0.0, Max: 0, Diff: 0, Sum: 0, Workers: 4
[1267.083s][debug][gc,phases      ] GC(169)   Weak JFR Old Object Samples    Min:  0.0, Avg:  0.0, Max:  0.0, Diff:  0.0, Sum:  0.0, Workers: 4
[1267.083s][debug][gc,phases      ] GC(169)     Dead                           Min: 0, Avg:  0.0, Max: 0, Diff: 0, Sum: 0, Workers: 4
[1267.083s][debug][gc,phases      ] GC(169)     Total                          Min: 0, Avg:  0.0, Max: 0, Diff: 0, Sum: 0, Workers: 4
[1267.083s][debug][gc,phases      ] GC(169) Weak Processing 0.339ms
[1267.083s][debug][gc,age         ] GC(169) Desired survivor size 6815744 bytes, new threshold 15 (max threshold 15)
[1267.083s][info ][gc,heap        ] GC(169) PSYoungGen: 2085280K(2090496K)->1728K(2089984K) Eden: 2083328K(2083328K)->0K(2083328K) From: 1952K(7168K)->1728K(6656K)
[1267.083s][info ][gc,heap        ] GC(169) ParOldGen: 305394K(351232K)->305666K(351232K)
[1267.084s][info ][gc,metaspace   ] GC(169) Metaspace: 85262K(86208K)->85262K(86208K) NonClass: 72806K(73344K)->72806K(73344K) Class: 12456K(12864K)->12456K(12864K)
[1267.084s][info ][gc             ] GC(169) Pause Young (Allocation Failure) 2334M->300M(2384M) 2.511ms
[1267.084s][info ][gc,cpu         ] GC(169) User=0.00s Sys=0.00s Real=0.00s
[1267.084s][info ][safepoint      ] Safepoint "ParallelGCFailedAllocation", Time since last: 17947256995 ns, Reaching safepoint: 4300 ns, Cleanup: 4100 ns, At safepoint: 2573894 ns, Total: 2582294 ns
[1288.085s][info ][safepoint      ] Safepoint "Cleanup", Time since last: 21001273136 ns, Reaching safepoint: 4900 ns, Cleanup: 15500 ns, At safepoint: 2700 ns, Total: 23100 ns
[1294.980s][info ][gc,start       ] GC(170) Pause Young (Allocation Failure)
[1294.982s][debug][gc,phases      ] GC(170) Scavenge 2.913ms
[1294.983s][debug][gc,ref         ] GC(170) Skipped phase 1 of Reference Processing: no references
[1294.983s][debug][gc,ref         ] GC(170) ReferenceProcessor::execute queues: 1, RefProcThreadModel::Single, marks_oops_alive: false
[1294.983s][debug][gc,ref         ] GC(170) Skipped phase 3 of Reference Processing: no references
[1294.983s][debug][gc,ref         ] GC(170) Skipped phase 4 of Reference Processing: no references
[1294.983s][debug][gc,phases      ] GC(170) Reference Processing 0.094ms
[1294.983s][debug][gc,phases      ] GC(170)   VM Weak                        Min:  0.0, Avg:  0.0, Max:  0.0, Diff:  0.0, Sum:  0.0, Workers: 4
[1294.983s][debug][gc,phases      ] GC(170)     Dead                           Min: 0, Avg:  0.0, Max: 0, Diff: 0, Sum: 0, Workers: 4
[1294.983s][debug][gc,phases      ] GC(170)     Total                          Min: 0, Avg: 185.5, Max: 486, Diff: 486, Sum: 742, Workers: 4
[1294.983s][debug][gc,phases      ] GC(170)   ObjectSynchronizer Weak        Min:  0.0, Avg:  0.0, Max:  0.0, Diff:  0.0, Sum:  0.0, Workers: 4
[1294.983s][debug][gc,phases      ] GC(170)     Dead                           Min: 0, Avg:  0.0, Max: 0, Diff: 0, Sum: 0, Workers: 4
[1294.983s][debug][gc,phases      ] GC(170)     Total                          Min: 0, Avg:  1.0, Max: 4, Diff: 4, Sum: 4, Workers: 4
[1294.983s][debug][gc,phases      ] GC(170)   JVMTI Tag Weak OopStorage      Min:  0.0, Avg:  0.0, Max:  0.0, Diff:  0.0, Sum:  0.0, Workers: 4
[1294.983s][debug][gc,phases      ] GC(170)     Dead                           Min: 0, Avg:  0.0, Max: 0, Diff: 0, Sum: 0, Workers: 4
[1294.983s][debug][gc,phases      ] GC(170)     Total                          Min: 0, Avg:  0.0, Max: 0, Diff: 0, Sum: 0, Workers: 4
[1294.983s][debug][gc,phases      ] GC(170)   StringTable Weak               Min:  0.0, Avg:  0.1, Max:  0.1, Diff:  0.1, Sum:  0.4, Workers: 4
[1294.983s][debug][gc,phases      ] GC(170)     Dead                           Min: 0, Avg:  0.0, Max: 0, Diff: 0, Sum: 0, Workers: 4
[1294.983s][debug][gc,phases      ] GC(170)     Total                          Min: 0, Avg: 11021.2, Max: 19253, Diff: 19253, Sum: 44085, Workers: 4
[1294.983s][debug][gc,phases      ] GC(170)   ResolvedMethodTable Weak       Min:  0.0, Avg:  0.0, Max:  0.0, Diff:  0.0, Sum:  0.1, Workers: 4
[1294.983s][debug][gc,phases      ] GC(170)     Dead                           Min: 0, Avg:  0.0, Max: 0, Diff: 0, Sum: 0, Workers: 4
[1294.983s][debug][gc,phases      ] GC(170)     Total                          Min: 0, Avg: 2612.8, Max: 4543, Diff: 4543, Sum: 10451, Workers: 4
[1294.983s][debug][gc,phases      ] GC(170)   JNI Weak                       Min:  0.0, Avg:  0.0, Max:  0.0, Diff:  0.0, Sum:  0.0, Workers: 4
[1294.983s][debug][gc,phases      ] GC(170)     Dead                           Min: 0, Avg:  0.0, Max: 0, Diff: 0, Sum: 0, Workers: 4
[1294.983s][debug][gc,phases      ] GC(170)     Total                          Min: 0, Avg: 11.2, Max: 45, Diff: 45, Sum: 45, Workers: 4
[1294.983s][debug][gc,phases      ] GC(170)   StringDedup Table Weak         Min:  0.0, Avg:  0.0, Max:  0.0, Diff:  0.0, Sum:  0.0, Workers: 4
[1294.983s][debug][gc,phases      ] GC(170)     Dead                           Min: 0, Avg:  0.0, Max: 0, Diff: 0, Sum: 0, Workers: 4
[1294.983s][debug][gc,phases      ] GC(170)     Total                          Min: 0, Avg:  0.0, Max: 0, Diff: 0, Sum: 0, Workers: 4
[1294.983s][debug][gc,phases      ] GC(170)   StringDedup Requests0 Weak     Min:  0.0, Avg:  0.0, Max:  0.0, Diff:  0.0, Sum:  0.0, Workers: 4
[1294.983s][debug][gc,phases      ] GC(170)     Dead                           Min: 0, Avg:  0.0, Max: 0, Diff: 0, Sum: 0, Workers: 4
[1294.983s][debug][gc,phases      ] GC(170)     Total                          Min: 0, Avg:  0.0, Max: 0, Diff: 0, Sum: 0, Workers: 4
[1294.983s][debug][gc,phases      ] GC(170)   StringDedup Requests1 Weak     Min:  0.0, Avg:  0.0, Max:  0.0, Diff:  0.0, Sum:  0.0, Workers: 4
[1294.983s][debug][gc,phases      ] GC(170)     Dead                           Min: 0, Avg:  0.0, Max: 0, Diff: 0, Sum: 0, Workers: 4
[1294.983s][debug][gc,phases      ] GC(170)     Total                          Min: 0, Avg:  0.0, Max: 0, Diff: 0, Sum: 0, Workers: 4
[1294.983s][debug][gc,phases      ] GC(170)   Weak JFR Old Object Samples    Min:  0.0, Avg:  0.0, Max:  0.0, Diff:  0.0, Sum:  0.0, Workers: 4
[1294.983s][debug][gc,phases      ] GC(170)     Dead                           Min: 0, Avg:  0.0, Max: 0, Diff: 0, Sum: 0, Workers: 4
[1294.983s][debug][gc,phases      ] GC(170)     Total                          Min: 0, Avg:  0.0, Max: 0, Diff: 0, Sum: 0, Workers: 4
[1294.983s][debug][gc,phases      ] GC(170) Weak Processing 0.334ms
[1294.983s][debug][gc,age         ] GC(170) Desired survivor size 6815744 bytes, new threshold 15 (max threshold 15)
[1294.983s][info ][gc,heap        ] GC(170) PSYoungGen: 2085056K(2089984K)->1632K(2090496K) Eden: 2083328K(2083328K)->0K(2083840K) From: 1728K(6656K)->1632K(6656K)
[1294.983s][info ][gc,heap        ] GC(170) ParOldGen: 305666K(351232K)->305778K(351232K)
[1294.983s][info ][gc,metaspace   ] GC(170) Metaspace: 85271K(86208K)->85271K(86208K) NonClass: 72815K(73344K)->72815K(73344K) Class: 12456K(12864K)->12456K(12864K)
[1294.983s][info ][gc             ] GC(170) Pause Young (Allocation Failure) 2334M->300M(2384M) 3.437ms
[1294.983s][info ][gc,cpu         ] GC(170) User=0.01s Sys=0.00s Real=0.01s
[1294.983s][info ][safepoint      ] Safepoint "ParallelGCFailedAllocation", Time since last: 6894572810 ns, Reaching safepoint: 73000 ns, Cleanup: 3500 ns, At safepoint: 3524596 ns, Total: 3601096 ns
[1305.984s][info ][safepoint      ] Safepoint "Cleanup", Time since last: 11000758711 ns, Reaching safepoint: 4600 ns, Cleanup: 12100 ns, At safepoint: 2000 ns, Total: 18700 ns
[1314.982s][info ][gc,start       ] GC(171) Pause Young (Allocation Failure)
[1314.986s][debug][gc,phases      ] GC(171) Scavenge 2.982ms
[1314.986s][debug][gc,ref         ] GC(171) Skipped phase 1 of Reference Processing: no references
[1314.986s][debug][gc,ref         ] GC(171) ReferenceProcessor::execute queues: 1, RefProcThreadModel::Single, marks_oops_alive: false
[1314.986s][debug][gc,ref         ] GC(171) Skipped phase 3 of Reference Processing: no references
[1314.986s][debug][gc,ref         ] GC(171) Skipped phase 4 of Reference Processing: no references
[1314.986s][debug][gc,phases      ] GC(171) Reference Processing 0.111ms
[1314.986s][debug][gc,phases      ] GC(171)   VM Weak                        Min:  0.0, Avg:  0.0, Max:  0.0, Diff:  0.0, Sum:  0.0, Workers: 4
[1314.986s][debug][gc,phases      ] GC(171)     Dead                           Min: 0, Avg:  0.0, Max: 0, Diff: 0, Sum: 0, Workers: 4
[1314.986s][debug][gc,phases      ] GC(171)     Total                          Min: 0, Avg: 185.5, Max: 640, Diff: 640, Sum: 742, Workers: 4
[1314.986s][debug][gc,phases      ] GC(171)   ObjectSynchronizer Weak        Min:  0.0, Avg:  0.0, Max:  0.0, Diff:  0.0, Sum:  0.0, Workers: 4
[1314.986s][debug][gc,phases      ] GC(171)     Dead                           Min: 0, Avg:  0.0, Max: 0, Diff: 0, Sum: 0, Workers: 4
[1314.986s][debug][gc,phases      ] GC(171)     Total                          Min: 0, Avg:  1.0, Max: 4, Diff: 4, Sum: 4, Workers: 4
[1314.986s][debug][gc,phases      ] GC(171)   JVMTI Tag Weak OopStorage      Min:  0.0, Avg:  0.0, Max:  0.0, Diff:  0.0, Sum:  0.0, Workers: 4
[1314.986s][debug][gc,phases      ] GC(171)     Dead                           Min: 0, Avg:  0.0, Max: 0, Diff: 0, Sum: 0, Workers: 4
[1314.986s][debug][gc,phases      ] GC(171)     Total                          Min: 0, Avg:  0.0, Max: 0, Diff: 0, Sum: 0, Workers: 4
[1314.986s][debug][gc,phases      ] GC(171)   StringTable Weak               Min:  0.0, Avg:  0.1, Max:  0.1, Diff:  0.1, Sum:  0.4, Workers: 4
[1314.986s][debug][gc,phases      ] GC(171)     Dead                           Min: 0, Avg:  0.0, Max: 0, Diff: 0, Sum: 0, Workers: 4
[1314.986s][debug][gc,phases      ] GC(171)     Total                          Min: 0, Avg: 11021.2, Max: 18750, Diff: 18750, Sum: 44085, Workers: 4
[1314.986s][debug][gc,phases      ] GC(171)   ResolvedMethodTable Weak       Min:  0.0, Avg:  0.0, Max:  0.0, Diff:  0.0, Sum:  0.1, Workers: 4
[1314.986s][debug][gc,phases      ] GC(171)     Dead                           Min: 0, Avg:  0.0, Max: 0, Diff: 0, Sum: 0, Workers: 4
[1314.986s][debug][gc,phases      ] GC(171)     Total                          Min: 0, Avg: 2612.8, Max: 4543, Diff: 4543, Sum: 10451, Workers: 4
[1314.986s][debug][gc,phases      ] GC(171)   JNI Weak                       Min:  0.0, Avg:  0.0, Max:  0.0, Diff:  0.0, Sum:  0.0, Workers: 4
[1314.986s][debug][gc,phases      ] GC(171)     Dead                           Min: 0, Avg:  0.0, Max: 0, Diff: 0, Sum: 0, Workers: 4
[1314.986s][debug][gc,phases      ] GC(171)     Total                          Min: 0, Avg: 11.2, Max: 45, Diff: 45, Sum: 45, Workers: 4
[1314.986s][debug][gc,phases      ] GC(171)   StringDedup Table Weak         Min:  0.0, Avg:  0.0, Max:  0.0, Diff:  0.0, Sum:  0.0, Workers: 4
[1314.986s][debug][gc,phases      ] GC(171)     Dead                           Min: 0, Avg:  0.0, Max: 0, Diff: 0, Sum: 0, Workers: 4
[1314.986s][debug][gc,phases      ] GC(171)     Total                          Min: 0, Avg:  0.0, Max: 0, Diff: 0, Sum: 0, Workers: 4
[1314.986s][debug][gc,phases      ] GC(171)   StringDedup Requests0 Weak     Min:  0.0, Avg:  0.0, Max:  0.0, Diff:  0.0, Sum:  0.0, Workers: 4
[1314.986s][debug][gc,phases      ] GC(171)     Dead                           Min: 0, Avg:  0.0, Max: 0, Diff: 0, Sum: 0, Workers: 4
[1314.986s][debug][gc,phases      ] GC(171)     Total                          Min: 0, Avg:  0.0, Max: 0, Diff: 0, Sum: 0, Workers: 4
[1314.986s][debug][gc,phases      ] GC(171)   StringDedup Requests1 Weak     Min:  0.0, Avg:  0.0, Max:  0.0, Diff:  0.0, Sum:  0.0, Workers: 4
[1314.986s][debug][gc,phases      ] GC(171)     Dead                           Min: 0, Avg:  0.0, Max: 0, Diff: 0, Sum: 0, Workers: 4
[1314.986s][debug][gc,phases      ] GC(171)     Total                          Min: 0, Avg:  0.0, Max: 0, Diff: 0, Sum: 0, Workers: 4
[1314.986s][debug][gc,phases      ] GC(171)   Weak JFR Old Object Samples    Min:  0.0, Avg:  0.0, Max:  0.0, Diff:  0.0, Sum:  0.0, Workers: 4
[1314.986s][debug][gc,phases      ] GC(171)     Dead                           Min: 0, Avg:  0.0, Max: 0, Diff: 0, Sum: 0, Workers: 4
[1314.986s][debug][gc,phases      ] GC(171)     Total                          Min: 0, Avg:  0.0, Max: 0, Diff: 0, Sum: 0, Workers: 4
[1314.986s][debug][gc,phases      ] GC(171) Weak Processing 0.333ms
[1314.986s][debug][gc,age         ] GC(171) Desired survivor size 6291456 bytes, new threshold 15 (max threshold 15)
[1314.986s][info ][gc,heap        ] GC(171) PSYoungGen: 2085472K(2090496K)->1632K(2090496K) Eden: 2083840K(2083840K)->0K(2083840K) From: 1632K(6656K)->1632K(6656K)
[1314.986s][info ][gc,heap        ] GC(171) ParOldGen: 305778K(351232K)->305842K(351232K)
[1314.986s][info ][gc,metaspace   ] GC(171) Metaspace: 85272K(86208K)->85272K(86208K) NonClass: 72815K(73344K)->72815K(73344K) Class: 12456K(12864K)->12456K(12864K)
[1314.986s][info ][gc             ] GC(171) Pause Young (Allocation Failure) 2335M->300M(2384M) 3.525ms
[1314.986s][info ][gc,cpu         ] GC(171) User=0.01s Sys=0.00s Real=0.00s
[1314.986s][info ][safepoint      ] Safepoint "ParallelGCFailedAllocation", Time since last: 8998672076 ns, Reaching safepoint: 4200 ns, Cleanup: 3900 ns, At safepoint: 3589092 ns, Total: 3597192 ns
[1321.360s][info ][safepoint      ] Safepoint "Cleanup", Time since last: 6373804105 ns, Reaching safepoint: 4700 ns, Cleanup: 9300 ns, At safepoint: 1900 ns, Total: 15900 ns
[1322.360s][info ][safepoint      ] Safepoint "Cleanup", Time since last: 1000098235 ns, Reaching safepoint: 4300 ns, Cleanup: 9400 ns, At safepoint: 2200 ns, Total: 15900 ns
[1327.360s][info ][safepoint      ] Safepoint "Cleanup", Time since last: 5000349059 ns, Reaching safepoint: 5100 ns, Cleanup: 12400 ns, At safepoint: 2000 ns, Total: 19500 ns
[1328.360s][info ][safepoint      ] Safepoint "Cleanup", Time since last: 1000101189 ns, Reaching safepoint: 5000 ns, Cleanup: 14500 ns, At safepoint: 2100 ns, Total: 21600 ns
[1329.361s][info ][safepoint      ] Safepoint "Cleanup", Time since last: 1000105488 ns, Reaching safepoint: 4700 ns, Cleanup: 13000 ns, At safepoint: 2200 ns, Total: 19900 ns
[1330.361s][info ][safepoint      ] Safepoint "Cleanup", Time since last: 1000097489 ns, Reaching safepoint: 5100 ns, Cleanup: 8900 ns, At safepoint: 22800 ns, Total: 36800 ns
[1333.361s][info ][safepoint      ] Safepoint "Cleanup", Time since last: 3000217567 ns, Reaching safepoint: 4000 ns, Cleanup: 8500 ns, At safepoint: 4600 ns, Total: 17100 ns
[1334.361s][info ][safepoint      ] Safepoint "Cleanup", Time since last: 1000096889 ns, Reaching safepoint: 5100 ns, Cleanup: 10200 ns, At safepoint: 2300 ns, Total: 17600 ns
[1335.361s][info ][safepoint      ] Safepoint "Cleanup", Time since last: 1000102952 ns, Reaching safepoint: 5300 ns, Cleanup: 10100 ns, At safepoint: 2300 ns, Total: 17700 ns
[1336.361s][info ][safepoint      ] Safepoint "Cleanup", Time since last: 1000096808 ns, Reaching safepoint: 6000 ns, Cleanup: 12300 ns, At safepoint: 3200 ns, Total: 21500 ns
[1338.362s][info ][safepoint      ] Safepoint "Cleanup", Time since last: 2000162916 ns, Reaching safepoint: 5000 ns, Cleanup: 12300 ns, At safepoint: 4500 ns, Total: 21800 ns
[1339.783s][info ][gc,start       ] GC(172) Pause Young (Allocation Failure)
[1339.786s][debug][gc,phases      ] GC(172) Scavenge 2.673ms
[1339.786s][debug][gc,ref         ] GC(172) Skipped phase 1 of Reference Processing: no references
[1339.786s][debug][gc,ref         ] GC(172) ReferenceProcessor::execute queues: 1, RefProcThreadModel::Single, marks_oops_alive: false
[1339.786s][debug][gc,ref         ] GC(172) Skipped phase 3 of Reference Processing: no references
[1339.786s][debug][gc,ref         ] GC(172) Skipped phase 4 of Reference Processing: no references
[1339.786s][debug][gc,phases      ] GC(172) Reference Processing 0.089ms
[1339.786s][debug][gc,phases      ] GC(172)   VM Weak                        Min:  0.0, Avg:  0.0, Max:  0.0, Diff:  0.0, Sum:  0.0, Workers: 4
[1339.786s][debug][gc,phases      ] GC(172)     Dead                           Min: 0, Avg:  0.0, Max: 0, Diff: 0, Sum: 0, Workers: 4
[1339.786s][debug][gc,phases      ] GC(172)     Total                          Min: 0, Avg: 185.5, Max: 486, Diff: 486, Sum: 742, Workers: 4
[1339.786s][debug][gc,phases      ] GC(172)   ObjectSynchronizer Weak        Min:  0.0, Avg:  0.0, Max:  0.0, Diff:  0.0, Sum:  0.0, Workers: 4
[1339.786s][debug][gc,phases      ] GC(172)     Dead                           Min: 0, Avg:  0.0, Max: 0, Diff: 0, Sum: 0, Workers: 4
[1339.786s][debug][gc,phases      ] GC(172)     Total                          Min: 0, Avg:  1.0, Max: 4, Diff: 4, Sum: 4, Workers: 4
[1339.786s][debug][gc,phases      ] GC(172)   JVMTI Tag Weak OopStorage      Min:  0.0, Avg:  0.0, Max:  0.0, Diff:  0.0, Sum:  0.0, Workers: 4
[1339.786s][debug][gc,phases      ] GC(172)     Dead                           Min: 0, Avg:  0.0, Max: 0, Diff: 0, Sum: 0, Workers: 4
[1339.786s][debug][gc,phases      ] GC(172)     Total                          Min: 0, Avg:  0.0, Max: 0, Diff: 0, Sum: 0, Workers: 4
[1339.786s][debug][gc,phases      ] GC(172)   StringTable Weak               Min:  0.0, Avg:  0.1, Max:  0.1, Diff:  0.1, Sum:  0.4, Workers: 4
[1339.786s][debug][gc,phases      ] GC(172)     Dead                           Min: 0, Avg:  0.0, Max: 0, Diff: 0, Sum: 0, Workers: 4
[1339.786s][debug][gc,phases      ] GC(172)     Total                          Min: 0, Avg: 11021.8, Max: 17982, Diff: 17982, Sum: 44087, Workers: 4
[1339.786s][debug][gc,phases      ] GC(172)   ResolvedMethodTable Weak       Min:  0.0, Avg:  0.0, Max:  0.0, Diff:  0.0, Sum:  0.1, Workers: 4
[1339.786s][debug][gc,phases      ] GC(172)     Dead                           Min: 0, Avg:  0.0, Max: 0, Diff: 0, Sum: 0, Workers: 4
[1339.786s][debug][gc,phases      ] GC(172)     Total                          Min: 0, Avg: 2612.8, Max: 4479, Diff: 4479, Sum: 10451, Workers: 4
[1339.786s][debug][gc,phases      ] GC(172)   JNI Weak                       Min:  0.0, Avg:  0.0, Max:  0.0, Diff:  0.0, Sum:  0.0, Workers: 4
[1339.786s][debug][gc,phases      ] GC(172)     Dead                           Min: 0, Avg:  0.0, Max: 0, Diff: 0, Sum: 0, Workers: 4
[1339.786s][debug][gc,phases      ] GC(172)     Total                          Min: 0, Avg: 11.2, Max: 45, Diff: 45, Sum: 45, Workers: 4
[1339.786s][debug][gc,phases      ] GC(172)   StringDedup Table Weak         Min:  0.0, Avg:  0.0, Max:  0.0, Diff:  0.0, Sum:  0.0, Workers: 4
[1339.786s][debug][gc,phases      ] GC(172)     Dead                           Min: 0, Avg:  0.0, Max: 0, Diff: 0, Sum: 0, Workers: 4
[1339.786s][debug][gc,phases      ] GC(172)     Total                          Min: 0, Avg:  0.0, Max: 0, Diff: 0, Sum: 0, Workers: 4
[1339.786s][debug][gc,phases      ] GC(172)   StringDedup Requests0 Weak     Min:  0.0, Avg:  0.0, Max:  0.0, Diff:  0.0, Sum:  0.0, Workers: 4
[1339.786s][debug][gc,phases      ] GC(172)     Dead                           Min: 0, Avg:  0.0, Max: 0, Diff: 0, Sum: 0, Workers: 4
[1339.786s][debug][gc,phases      ] GC(172)     Total                          Min: 0, Avg:  0.0, Max: 0, Diff: 0, Sum: 0, Workers: 4
[1339.786s][debug][gc,phases      ] GC(172)   StringDedup Requests1 Weak     Min:  0.0, Avg:  0.0, Max:  0.0, Diff:  0.0, Sum:  0.0, Workers: 4
[1339.786s][debug][gc,phases      ] GC(172)     Dead                           Min: 0, Avg:  0.0, Max: 0, Diff: 0, Sum: 0, Workers: 4
[1339.786s][debug][gc,phases      ] GC(172)     Total                          Min: 0, Avg:  0.0, Max: 0, Diff: 0, Sum: 0, Workers: 4
[1339.786s][debug][gc,phases      ] GC(172)   Weak JFR Old Object Samples    Min:  0.0, Avg:  0.0, Max:  0.0, Diff:  0.0, Sum:  0.0, Workers: 4
[1339.786s][debug][gc,phases      ] GC(172)     Dead                           Min: 0, Avg:  0.0, Max: 0, Diff: 0, Sum: 0, Workers: 4
[1339.786s][debug][gc,phases      ] GC(172)     Total                          Min: 0, Avg:  0.0, Max: 0, Diff: 0, Sum: 0, Workers: 4
[1339.786s][debug][gc,phases      ] GC(172) Weak Processing 0.335ms
[1339.786s][debug][gc,age         ] GC(172) Desired survivor size 6291456 bytes, new threshold 15 (max threshold 15)
[1339.786s][info ][gc,heap        ] GC(172) PSYoungGen: 2085472K(2090496K)->1728K(2091008K) Eden: 2083840K(2083840K)->0K(2084864K) From: 1632K(6656K)->1728K(6144K)
[1339.786s][info ][gc,heap        ] GC(172) ParOldGen: 305842K(351232K)->305890K(351232K)
[1339.786s][info ][gc,metaspace   ] GC(172) Metaspace: 85278K(86208K)->85278K(86208K) NonClass: 72822K(73344K)->72822K(73344K) Class: 12456K(12864K)->12456K(12864K)
[1339.786s][info ][gc             ] GC(172) Pause Young (Allocation Failure) 2335M->300M(2385M) 3.195ms
[1339.786s][info ][gc,cpu         ] GC(172) User=0.01s Sys=0.00s Real=0.00s
[1339.786s][info ][safepoint      ] Safepoint "ParallelGCFailedAllocation", Time since last: 1421370742 ns, Reaching safepoint: 4900 ns, Cleanup: 3600 ns, At safepoint: 3266993 ns, Total: 3275493 ns
[1341.786s][info ][safepoint      ] Safepoint "Cleanup", Time since last: 2000140116 ns, Reaching safepoint: 4200 ns, Cleanup: 9500 ns, At safepoint: 1800 ns, Total: 15500 ns
[1351.787s][info ][safepoint      ] Safepoint "Cleanup", Time since last: 10000706033 ns, Reaching safepoint: 6200 ns, Cleanup: 11700 ns, At safepoint: 2500 ns, Total: 20400 ns
[1371.430s][info ][gc,start       ] GC(173) Pause Young (Allocation Failure)
[1371.432s][debug][gc,phases      ] GC(173) Scavenge 1.948ms
[1371.432s][debug][gc,ref         ] GC(173) Skipped phase 1 of Reference Processing: no references
[1371.432s][debug][gc,ref         ] GC(173) Skipped phase 2 of Reference Processing: no references
[1371.432s][debug][gc,ref         ] GC(173) Skipped phase 3 of Reference Processing: no references
[1371.432s][debug][gc,ref         ] GC(173) Skipped phase 4 of Reference Processing: no references
[1371.432s][debug][gc,phases      ] GC(173) Reference Processing 0.021ms
[1371.432s][debug][gc,phases      ] GC(173)   VM Weak                        Min:  0.0, Avg:  0.0, Max:  0.0, Diff:  0.0, Sum:  0.0, Workers: 4
[1371.432s][debug][gc,phases      ] GC(173)     Dead                           Min: 0, Avg:  0.0, Max: 0, Diff: 0, Sum: 0, Workers: 4
[1371.432s][debug][gc,phases      ] GC(173)     Total                          Min: 0, Avg: 185.5, Max: 678, Diff: 678, Sum: 742, Workers: 4
[1371.432s][debug][gc,phases      ] GC(173)   ObjectSynchronizer Weak        Min:  0.0, Avg:  0.0, Max:  0.0, Diff:  0.0, Sum:  0.0, Workers: 4
[1371.432s][debug][gc,phases      ] GC(173)     Dead                           Min: 0, Avg:  0.0, Max: 0, Diff: 0, Sum: 0, Workers: 4
[1371.432s][debug][gc,phases      ] GC(173)     Total                          Min: 0, Avg:  1.0, Max: 4, Diff: 4, Sum: 4, Workers: 4
[1371.433s][debug][gc,phases      ] GC(173)   JVMTI Tag Weak OopStorage      Min:  0.0, Avg:  0.0, Max:  0.0, Diff:  0.0, Sum:  0.0, Workers: 4
[1371.433s][debug][gc,phases      ] GC(173)     Dead                           Min: 0, Avg:  0.0, Max: 0, Diff: 0, Sum: 0, Workers: 4
[1371.433s][debug][gc,phases      ] GC(173)     Total                          Min: 0, Avg:  0.0, Max: 0, Diff: 0, Sum: 0, Workers: 4
[1371.433s][debug][gc,phases      ] GC(173)   StringTable Weak               Min:  0.1, Avg:  0.1, Max:  0.1, Diff:  0.1, Sum:  0.4, Workers: 4
[1371.433s][debug][gc,phases      ] GC(173)     Dead                           Min: 0, Avg:  0.0, Max: 0, Diff: 0, Sum: 0, Workers: 4
[1371.433s][debug][gc,phases      ] GC(173)     Total                          Min: 6784, Avg: 11021.8, Max: 12920, Diff: 6136, Sum: 44087, Workers: 4
[1371.433s][debug][gc,phases      ] GC(173)   ResolvedMethodTable Weak       Min:  0.0, Avg:  0.0, Max:  0.0, Diff:  0.0, Sum:  0.1, Workers: 4
[1371.433s][debug][gc,phases      ] GC(173)     Dead                           Min: 0, Avg:  0.0, Max: 0, Diff: 0, Sum: 0, Workers: 4
[1371.433s][debug][gc,phases      ] GC(173)     Total                          Min: 2516, Avg: 2612.8, Max: 2688, Diff: 172, Sum: 10451, Workers: 4
[1371.433s][debug][gc,phases      ] GC(173)   JNI Weak                       Min:  0.0, Avg:  0.0, Max:  0.0, Diff:  0.0, Sum:  0.0, Workers: 4
[1371.433s][debug][gc,phases      ] GC(173)     Dead                           Min: 0, Avg:  0.0, Max: 0, Diff: 0, Sum: 0, Workers: 4
[1371.433s][debug][gc,phases      ] GC(173)     Total                          Min: 0, Avg: 11.2, Max: 45, Diff: 45, Sum: 45, Workers: 4
[1371.433s][debug][gc,phases      ] GC(173)   StringDedup Table Weak         Min:  0.0, Avg:  0.0, Max:  0.0, Diff:  0.0, Sum:  0.0, Workers: 4
[1371.433s][debug][gc,phases      ] GC(173)     Dead                           Min: 0, Avg:  0.0, Max: 0, Diff: 0, Sum: 0, Workers: 4
[1371.433s][debug][gc,phases      ] GC(173)     Total                          Min: 0, Avg:  0.0, Max: 0, Diff: 0, Sum: 0, Workers: 4
[1371.433s][debug][gc,phases      ] GC(173)   StringDedup Requests0 Weak     Min:  0.0, Avg:  0.0, Max:  0.0, Diff:  0.0, Sum:  0.0, Workers: 4
[1371.433s][debug][gc,phases      ] GC(173)     Dead                           Min: 0, Avg:  0.0, Max: 0, Diff: 0, Sum: 0, Workers: 4
[1371.433s][debug][gc,phases      ] GC(173)     Total                          Min: 0, Avg:  0.0, Max: 0, Diff: 0, Sum: 0, Workers: 4
[1371.433s][debug][gc,phases      ] GC(173)   StringDedup Requests1 Weak     Min:  0.0, Avg:  0.0, Max:  0.0, Diff:  0.0, Sum:  0.0, Workers: 4
[1371.433s][debug][gc,phases      ] GC(173)     Dead                           Min: 0, Avg:  0.0, Max: 0, Diff: 0, Sum: 0, Workers: 4
[1371.433s][debug][gc,phases      ] GC(173)     Total                          Min: 0, Avg:  0.0, Max: 0, Diff: 0, Sum: 0, Workers: 4
[1371.433s][debug][gc,phases      ] GC(173)   Weak JFR Old Object Samples    Min:  0.0, Avg:  0.0, Max:  0.0, Diff:  0.0, Sum:  0.0, Workers: 4
[1371.433s][debug][gc,phases      ] GC(173)     Dead                           Min: 0, Avg:  0.0, Max: 0, Diff: 0, Sum: 0, Workers: 4
[1371.433s][debug][gc,phases      ] GC(173)     Total                          Min: 0, Avg:  0.0, Max: 0, Diff: 0, Sum: 0, Workers: 4
[1371.433s][debug][gc,phases      ] GC(173) Weak Processing 0.337ms
[1371.433s][debug][gc,age         ] GC(173) Desired survivor size 5767168 bytes, new threshold 15 (max threshold 15)
[1371.433s][info ][gc,heap        ] GC(173) PSYoungGen: 2086592K(2091008K)->1552K(2091008K) Eden: 2084864K(2084864K)->0K(2084864K) From: 1728K(6144K)->1552K(6144K)
[1371.433s][info ][gc,heap        ] GC(173) ParOldGen: 305890K(351232K)->306090K(351232K)
[1371.433s][info ][gc,metaspace   ] GC(173) Metaspace: 85288K(86208K)->85288K(86208K) NonClass: 72831K(73344K)->72831K(73344K) Class: 12456K(12864K)->12456K(12864K)
[1371.433s][info ][gc             ] GC(173) Pause Young (Allocation Failure) 2336M->300M(2385M) 2.392ms
[1371.433s][info ][gc,cpu         ] GC(173) User=0.01s Sys=0.00s Real=0.01s
[1371.433s][info ][safepoint      ] Safepoint "ParallelGCFailedAllocation", Time since last: 19643070059 ns, Reaching safepoint: 73800 ns, Cleanup: 4200 ns, At safepoint: 2487396 ns, Total: 2565396 ns
[1387.375s][info ][safepoint      ] Safepoint "Cleanup", Time since last: 15941919798 ns, Reaching safepoint: 4700 ns, Cleanup: 11300 ns, At safepoint: 2200 ns, Total: 18200 ns
[1402.730s][info ][gc,start       ] GC(174) Pause Young (Allocation Failure)
[1402.732s][debug][gc,phases      ] GC(174) Scavenge 2.049ms
[1402.732s][debug][gc,ref         ] GC(174) Skipped phase 1 of Reference Processing: no references
[1402.732s][debug][gc,ref         ] GC(174) Skipped phase 2 of Reference Processing: no references
[1402.732s][debug][gc,ref         ] GC(174) Skipped phase 3 of Reference Processing: no references
[1402.732s][debug][gc,ref         ] GC(174) ReferenceProcessor::execute queues: 1, RefProcThreadModel::Single, marks_oops_alive: false
[1402.732s][debug][gc,phases      ] GC(174) Reference Processing 0.088ms
[1402.732s][debug][gc,phases      ] GC(174)   VM Weak                        Min:  0.0, Avg:  0.0, Max:  0.0, Diff:  0.0, Sum:  0.0, Workers: 4
[1402.732s][debug][gc,phases      ] GC(174)     Dead                           Min: 0, Avg:  0.0, Max: 0, Diff: 0, Sum: 0, Workers: 4
[1402.732s][debug][gc,phases      ] GC(174)     Total                          Min: 0, Avg: 185.5, Max: 742, Diff: 742, Sum: 742, Workers: 4
[1402.732s][debug][gc,phases      ] GC(174)   ObjectSynchronizer Weak        Min:  0.0, Avg:  0.0, Max:  0.0, Diff:  0.0, Sum:  0.0, Workers: 4
[1402.732s][debug][gc,phases      ] GC(174)     Dead                           Min: 0, Avg:  0.0, Max: 0, Diff: 0, Sum: 0, Workers: 4
[1402.732s][debug][gc,phases      ] GC(174)     Total                          Min: 0, Avg:  1.0, Max: 4, Diff: 4, Sum: 4, Workers: 4
[1402.732s][debug][gc,phases      ] GC(174)   JVMTI Tag Weak OopStorage      Min:  0.0, Avg:  0.0, Max:  0.0, Diff:  0.0, Sum:  0.0, Workers: 4
[1402.732s][debug][gc,phases      ] GC(174)     Dead                           Min: 0, Avg:  0.0, Max: 0, Diff: 0, Sum: 0, Workers: 4
[1402.732s][debug][gc,phases      ] GC(174)     Total                          Min: 0, Avg:  0.0, Max: 0, Diff: 0, Sum: 0, Workers: 4
[1402.732s][debug][gc,phases      ] GC(174)   StringTable Weak               Min:  0.1, Avg:  0.1, Max:  0.1, Diff:  0.0, Sum:  0.5, Workers: 4
[1402.732s][debug][gc,phases      ] GC(174)     Dead                           Min: 0, Avg:  0.0, Max: 0, Diff: 0, Sum: 0, Workers: 4
[1402.732s][debug][gc,phases      ] GC(174)     Total                          Min: 10617, Avg: 11021.8, Max: 11712, Diff: 1095, Sum: 44087, Workers: 4
[1402.732s][debug][gc,phases      ] GC(174)   ResolvedMethodTable Weak       Min:  0.0, Avg:  0.0, Max:  0.0, Diff:  0.0, Sum:  0.1, Workers: 4
[1402.732s][debug][gc,phases      ] GC(174)     Dead                           Min: 0, Avg:  0.0, Max: 0, Diff: 0, Sum: 0, Workers: 4
[1402.732s][debug][gc,phases      ] GC(174)     Total                          Min: 2559, Avg: 2612.8, Max: 2644, Diff: 85, Sum: 10451, Workers: 4
[1402.732s][debug][gc,phases      ] GC(174)   JNI Weak                       Min:  0.0, Avg:  0.0, Max:  0.0, Diff:  0.0, Sum:  0.0, Workers: 4
[1402.732s][debug][gc,phases      ] GC(174)     Dead                           Min: 0, Avg:  0.0, Max: 0, Diff: 0, Sum: 0, Workers: 4
[1402.732s][debug][gc,phases      ] GC(174)     Total                          Min: 0, Avg: 11.2, Max: 45, Diff: 45, Sum: 45, Workers: 4
[1402.732s][debug][gc,phases      ] GC(174)   StringDedup Table Weak         Min:  0.0, Avg:  0.0, Max:  0.0, Diff:  0.0, Sum:  0.0, Workers: 4
[1402.732s][debug][gc,phases      ] GC(174)     Dead                           Min: 0, Avg:  0.0, Max: 0, Diff: 0, Sum: 0, Workers: 4
[1402.732s][debug][gc,phases      ] GC(174)     Total                          Min: 0, Avg:  0.0, Max: 0, Diff: 0, Sum: 0, Workers: 4
[1402.732s][debug][gc,phases      ] GC(174)   StringDedup Requests0 Weak     Min:  0.0, Avg:  0.0, Max:  0.0, Diff:  0.0, Sum:  0.0, Workers: 4
[1402.732s][debug][gc,phases      ] GC(174)     Dead                           Min: 0, Avg:  0.0, Max: 0, Diff: 0, Sum: 0, Workers: 4
[1402.732s][debug][gc,phases      ] GC(174)     Total                          Min: 0, Avg:  0.0, Max: 0, Diff: 0, Sum: 0, Workers: 4
[1402.732s][debug][gc,phases      ] GC(174)   StringDedup Requests1 Weak     Min:  0.0, Avg:  0.0, Max:  0.0, Diff:  0.0, Sum:  0.0, Workers: 4
[1402.732s][debug][gc,phases      ] GC(174)     Dead                           Min: 0, Avg:  0.0, Max: 0, Diff: 0, Sum: 0, Workers: 4
[1402.732s][debug][gc,phases      ] GC(174)     Total                          Min: 0, Avg:  0.0, Max: 0, Diff: 0, Sum: 0, Workers: 4
[1402.732s][debug][gc,phases      ] GC(174)   Weak JFR Old Object Samples    Min:  0.0, Avg:  0.0, Max:  0.0, Diff:  0.0, Sum:  0.0, Workers: 4
[1402.732s][debug][gc,phases      ] GC(174)     Dead                           Min: 0, Avg:  0.0, Max: 0, Diff: 0, Sum: 0, Workers: 4
[1402.732s][debug][gc,phases      ] GC(174)     Total                          Min: 0, Avg:  0.0, Max: 0, Diff: 0, Sum: 0, Workers: 4
[1402.732s][debug][gc,phases      ] GC(174) Weak Processing 0.308ms
[1402.732s][debug][gc,age         ] GC(174) Desired survivor size 5767168 bytes, new threshold 15 (max threshold 15)
[1402.732s][info ][gc,heap        ] GC(174) PSYoungGen: 2086416K(2091008K)->1472K(2091520K) Eden: 2084864K(2084864K)->0K(2085888K) From: 1552K(6144K)->1472K(5632K)
[1402.732s][info ][gc,heap        ] GC(174) ParOldGen: 306090K(351232K)->306178K(351232K)
[1402.732s][info ][gc,metaspace   ] GC(174) Metaspace: 85288K(86208K)->85288K(86208K) NonClass: 72831K(73344K)->72831K(73344K) Class: 12456K(12864K)->12456K(12864K)
[1402.732s][info ][gc             ] GC(174) Pause Young (Allocation Failure) 2336M->300M(2385M) 2.531ms
[1402.732s][info ][gc,cpu         ] GC(174) User=0.01s Sys=0.00s Real=0.01s
[1402.733s][info ][safepoint      ] Safepoint "ParallelGCFailedAllocation", Time since last: 15355267948 ns, Reaching safepoint: 4300 ns, Cleanup: 4500 ns, At safepoint: 2616394 ns, Total: 2625194 ns
[1434.529s][info ][gc,start       ] GC(175) Pause Young (Allocation Failure)
[1434.531s][debug][gc,phases      ] GC(175) Scavenge 1.969ms
[1434.531s][debug][gc,ref         ] GC(175) Skipped phase 1 of Reference Processing: no references
[1434.531s][debug][gc,ref         ] GC(175) Skipped phase 2 of Reference Processing: no references
[1434.531s][debug][gc,ref         ] GC(175) Skipped phase 3 of Reference Processing: no references
[1434.531s][debug][gc,ref         ] GC(175) Skipped phase 4 of Reference Processing: no references
[1434.531s][debug][gc,phases      ] GC(175) Reference Processing 0.021ms
[1434.531s][debug][gc,phases      ] GC(175)   VM Weak                        Min:  0.0, Avg:  0.0, Max:  0.0, Diff:  0.0, Sum:  0.0, Workers: 4
[1434.531s][debug][gc,phases      ] GC(175)     Dead                           Min: 0, Avg:  0.0, Max: 0, Diff: 0, Sum: 0, Workers: 4
[1434.531s][debug][gc,phases      ] GC(175)     Total                          Min: 0, Avg: 185.5, Max: 614, Diff: 614, Sum: 742, Workers: 4
[1434.531s][debug][gc,phases      ] GC(175)   ObjectSynchronizer Weak        Min:  0.0, Avg:  0.0, Max:  0.0, Diff:  0.0, Sum:  0.0, Workers: 4
[1434.531s][debug][gc,phases      ] GC(175)     Dead                           Min: 0, Avg:  0.0, Max: 0, Diff: 0, Sum: 0, Workers: 4
[1434.531s][debug][gc,phases      ] GC(175)     Total                          Min: 0, Avg:  1.0, Max: 4, Diff: 4, Sum: 4, Workers: 4
[1434.531s][debug][gc,phases      ] GC(175)   JVMTI Tag Weak OopStorage      Min:  0.0, Avg:  0.0, Max:  0.0, Diff:  0.0, Sum:  0.0, Workers: 4
[1434.531s][debug][gc,phases      ] GC(175)     Dead                           Min: 0, Avg:  0.0, Max: 0, Diff: 0, Sum: 0, Workers: 4
[1434.531s][debug][gc,phases      ] GC(175)     Total                          Min: 0, Avg:  0.0, Max: 0, Diff: 0, Sum: 0, Workers: 4
[1434.531s][debug][gc,phases      ] GC(175)   StringTable Weak               Min:  0.0, Avg:  0.1, Max:  0.1, Diff:  0.1, Sum:  0.4, Workers: 4
[1434.531s][debug][gc,phases      ] GC(175)     Dead                           Min: 0, Avg:  0.0, Max: 0, Diff: 0, Sum: 0, Workers: 4
[1434.531s][debug][gc,phases      ] GC(175)     Total                          Min: 0, Avg: 11021.8, Max: 18239, Diff: 18239, Sum: 44087, Workers: 4
[1434.531s][debug][gc,phases      ] GC(175)   ResolvedMethodTable Weak       Min:  0.0, Avg:  0.0, Max:  0.0, Diff:  0.0, Sum:  0.1, Workers: 4
[1434.531s][debug][gc,phases      ] GC(175)     Dead                           Min: 0, Avg:  0.0, Max: 0, Diff: 0, Sum: 0, Workers: 4
[1434.531s][debug][gc,phases      ] GC(175)     Total                          Min: 0, Avg: 2612.8, Max: 4563, Diff: 4563, Sum: 10451, Workers: 4
[1434.531s][debug][gc,phases      ] GC(175)   JNI Weak                       Min:  0.0, Avg:  0.0, Max:  0.0, Diff:  0.0, Sum:  0.0, Workers: 4
[1434.531s][debug][gc,phases      ] GC(175)     Dead                           Min: 0, Avg:  0.0, Max: 0, Diff: 0, Sum: 0, Workers: 4
[1434.531s][debug][gc,phases      ] GC(175)     Total                          Min: 0, Avg: 11.2, Max: 45, Diff: 45, Sum: 45, Workers: 4
[1434.531s][debug][gc,phases      ] GC(175)   StringDedup Table Weak         Min:  0.0, Avg:  0.0, Max:  0.0, Diff:  0.0, Sum:  0.0, Workers: 4
[1434.531s][debug][gc,phases      ] GC(175)     Dead                           Min: 0, Avg:  0.0, Max: 0, Diff: 0, Sum: 0, Workers: 4
[1434.531s][debug][gc,phases      ] GC(175)     Total                          Min: 0, Avg:  0.0, Max: 0, Diff: 0, Sum: 0, Workers: 4
[1434.531s][debug][gc,phases      ] GC(175)   StringDedup Requests0 Weak     Min:  0.0, Avg:  0.0, Max:  0.0, Diff:  0.0, Sum:  0.0, Workers: 4
[1434.531s][debug][gc,phases      ] GC(175)     Dead                           Min: 0, Avg:  0.0, Max: 0, Diff: 0, Sum: 0, Workers: 4
[1434.531s][debug][gc,phases      ] GC(175)     Total                          Min: 0, Avg:  0.0, Max: 0, Diff: 0, Sum: 0, Workers: 4
[1434.531s][debug][gc,phases      ] GC(175)   StringDedup Requests1 Weak     Min:  0.0, Avg:  0.0, Max:  0.0, Diff:  0.0, Sum:  0.0, Workers: 4
[1434.531s][debug][gc,phases      ] GC(175)     Dead                           Min: 0, Avg:  0.0, Max: 0, Diff: 0, Sum: 0, Workers: 4
[1434.531s][debug][gc,phases      ] GC(175)     Total                          Min: 0, Avg:  0.0, Max: 0, Diff: 0, Sum: 0, Workers: 4
[1434.531s][debug][gc,phases      ] GC(175)   Weak JFR Old Object Samples    Min:  0.0, Avg:  0.0, Max:  0.0, Diff:  0.0, Sum:  0.0, Workers: 4
[1434.531s][debug][gc,phases      ] GC(175)     Dead                           Min: 0, Avg:  0.0, Max: 0, Diff: 0, Sum: 0, Workers: 4
[1434.531s][debug][gc,phases      ] GC(175)     Total                          Min: 0, Avg:  0.0, Max: 0, Diff: 0, Sum: 0, Workers: 4
[1434.531s][debug][gc,phases      ] GC(175) Weak Processing 0.339ms
[1434.531s][debug][gc,age         ] GC(175) Desired survivor size 5767168 bytes, new threshold 15 (max threshold 15)
[1434.531s][info ][gc,heap        ] GC(175) PSYoungGen: 2087360K(2091520K)->1440K(2091520K) Eden: 2085888K(2085888K)->0K(2085888K) From: 1472K(5632K)->1440K(5632K)
[1434.531s][info ][gc,heap        ] GC(175) ParOldGen: 306178K(351232K)->306218K(351232K)
[1434.531s][info ][gc,metaspace   ] GC(175) Metaspace: 85293K(86208K)->85293K(86208K) NonClass: 72836K(73344K)->72836K(73344K) Class: 12456K(12864K)->12456K(12864K)
[1434.531s][info ][gc             ] GC(175) Pause Young (Allocation Failure) 2337M->300M(2385M) 2.436ms
[1434.531s][info ][gc,cpu         ] GC(175) User=0.01s Sys=0.00s Real=0.00s
[1434.531s][info ][safepoint      ] Safepoint "ParallelGCFailedAllocation", Time since last: 31796212970 ns, Reaching safepoint: 4000 ns, Cleanup: 3800 ns, At safepoint: 2522694 ns, Total: 2530494 ns
[1443.389s][info ][safepoint      ] Safepoint "Cleanup", Time since last: 8858173047 ns, Reaching safepoint: 6200 ns, Cleanup: 11500 ns, At safepoint: 2600 ns, Total: 20300 ns
[1444.390s][info ][safepoint      ] Safepoint "Cleanup", Time since last: 1000112449 ns, Reaching safepoint: 4600 ns, Cleanup: 8900 ns, At safepoint: 1800 ns, Total: 15300 ns
[1447.390s][info ][safepoint      ] Safepoint "Cleanup", Time since last: 3000238905 ns, Reaching safepoint: 6000 ns, Cleanup: 11800 ns, At safepoint: 2800 ns, Total: 20600 ns
[1455.390s][info ][safepoint      ] Safepoint "Cleanup", Time since last: 8000602649 ns, Reaching safepoint: 4900 ns, Cleanup: 10700 ns, At safepoint: 3200 ns, Total: 18800 ns
[1465.728s][info ][gc,start       ] GC(176) Pause Young (Allocation Failure)
[1465.732s][debug][gc,phases      ] GC(176) Scavenge 3.576ms
[1465.732s][debug][gc,ref         ] GC(176) Skipped phase 1 of Reference Processing: no references
[1465.732s][debug][gc,ref         ] GC(176) Skipped phase 2 of Reference Processing: no references
[1465.732s][debug][gc,ref         ] GC(176) Skipped phase 3 of Reference Processing: no references
[1465.732s][debug][gc,ref         ] GC(176) ReferenceProcessor::execute queues: 1, RefProcThreadModel::Single, marks_oops_alive: false
[1465.732s][debug][gc,phases      ] GC(176) Reference Processing 0.087ms
[1465.732s][debug][gc,phases      ] GC(176)   VM Weak                        Min:  0.0, Avg:  0.0, Max:  0.0, Diff:  0.0, Sum:  0.0, Workers: 4
[1465.732s][debug][gc,phases      ] GC(176)     Dead                           Min: 0, Avg:  0.0, Max: 0, Diff: 0, Sum: 0, Workers: 4
[1465.732s][debug][gc,phases      ] GC(176)     Total                          Min: 0, Avg: 185.5, Max: 384, Diff: 384, Sum: 742, Workers: 4
[1465.732s][debug][gc,phases      ] GC(176)   ObjectSynchronizer Weak        Min:  0.0, Avg:  0.0, Max:  0.0, Diff:  0.0, Sum:  0.0, Workers: 4
[1465.732s][debug][gc,phases      ] GC(176)     Dead                           Min: 0, Avg:  0.0, Max: 0, Diff: 0, Sum: 0, Workers: 4
[1465.732s][debug][gc,phases      ] GC(176)     Total                          Min: 0, Avg:  1.0, Max: 4, Diff: 4, Sum: 4, Workers: 4
[1465.732s][debug][gc,phases      ] GC(176)   JVMTI Tag Weak OopStorage      Min:  0.0, Avg:  0.0, Max:  0.0, Diff:  0.0, Sum:  0.0, Workers: 4
[1465.732s][debug][gc,phases      ] GC(176)     Dead                           Min: 0, Avg:  0.0, Max: 0, Diff: 0, Sum: 0, Workers: 4
[1465.732s][debug][gc,phases      ] GC(176)     Total                          Min: 0, Avg:  0.0, Max: 0, Diff: 0, Sum: 0, Workers: 4
[1465.732s][debug][gc,phases      ] GC(176)   StringTable Weak               Min:  0.0, Avg:  0.1, Max:  0.1, Diff:  0.1, Sum:  0.4, Workers: 4
[1465.732s][debug][gc,phases      ] GC(176)     Dead                           Min: 0, Avg:  0.0, Max: 0, Diff: 0, Sum: 0, Workers: 4
[1465.732s][debug][gc,phases      ] GC(176)     Total                          Min: 0, Avg: 11021.8, Max: 19071, Diff: 19071, Sum: 44087, Workers: 4
[1465.732s][debug][gc,phases      ] GC(176)   ResolvedMethodTable Weak       Min:  0.0, Avg:  0.0, Max:  0.0, Diff:  0.0, Sum:  0.1, Workers: 4
[1465.732s][debug][gc,phases      ] GC(176)     Dead                           Min: 0, Avg:  0.0, Max: 0, Diff: 0, Sum: 0, Workers: 4
[1465.732s][debug][gc,phases      ] GC(176)     Total                          Min: 0, Avg: 2612.8, Max: 4372, Diff: 4372, Sum: 10451, Workers: 4
[1465.732s][debug][gc,phases      ] GC(176)   JNI Weak                       Min:  0.0, Avg:  0.0, Max:  0.0, Diff:  0.0, Sum:  0.0, Workers: 4
[1465.733s][debug][gc,phases      ] GC(176)     Dead                           Min: 0, Avg:  0.0, Max: 0, Diff: 0, Sum: 0, Workers: 4
[1465.733s][debug][gc,phases      ] GC(176)     Total                          Min: 0, Avg: 11.2, Max: 45, Diff: 45, Sum: 45, Workers: 4
[1465.733s][debug][gc,phases      ] GC(176)   StringDedup Table Weak         Min:  0.0, Avg:  0.0, Max:  0.0, Diff:  0.0, Sum:  0.0, Workers: 4
[1465.733s][debug][gc,phases      ] GC(176)     Dead                           Min: 0, Avg:  0.0, Max: 0, Diff: 0, Sum: 0, Workers: 4
[1465.733s][debug][gc,phases      ] GC(176)     Total                          Min: 0, Avg:  0.0, Max: 0, Diff: 0, Sum: 0, Workers: 4
[1465.733s][debug][gc,phases      ] GC(176)   StringDedup Requests0 Weak     Min:  0.0, Avg:  0.0, Max:  0.0, Diff:  0.0, Sum:  0.0, Workers: 4
[1465.733s][debug][gc,phases      ] GC(176)     Dead                           Min: 0, Avg:  0.0, Max: 0, Diff: 0, Sum: 0, Workers: 4
[1465.733s][debug][gc,phases      ] GC(176)     Total                          Min: 0, Avg:  0.0, Max: 0, Diff: 0, Sum: 0, Workers: 4
[1465.733s][debug][gc,phases      ] GC(176)   StringDedup Requests1 Weak     Min:  0.0, Avg:  0.0, Max:  0.0, Diff:  0.0, Sum:  0.0, Workers: 4
[1465.733s][debug][gc,phases      ] GC(176)     Dead                           Min: 0, Avg:  0.0, Max: 0, Diff: 0, Sum: 0, Workers: 4
[1465.733s][debug][gc,phases      ] GC(176)     Total                          Min: 0, Avg:  0.0, Max: 0, Diff: 0, Sum: 0, Workers: 4
[1465.733s][debug][gc,phases      ] GC(176)   Weak JFR Old Object Samples    Min:  0.0, Avg:  0.0, Max:  0.0, Diff:  0.0, Sum:  0.0, Workers: 4
[1465.733s][debug][gc,phases      ] GC(176)     Dead                           Min: 0, Avg:  0.0, Max: 0, Diff: 0, Sum: 0, Workers: 4
[1465.733s][debug][gc,phases      ] GC(176)     Total                          Min: 0, Avg:  0.0, Max: 0, Diff: 0, Sum: 0, Workers: 4
[1465.733s][debug][gc,phases      ] GC(176) Weak Processing 0.341ms
[1465.733s][debug][gc,age         ] GC(176) Desired survivor size 5242880 bytes, new threshold 15 (max threshold 15)
[1465.733s][info ][gc,heap        ] GC(176) PSYoungGen: 2087328K(2091520K)->1248K(2092032K) Eden: 2085888K(2085888K)->0K(2086400K) From: 1440K(5632K)->1248K(5632K)
[1465.733s][info ][gc,heap        ] GC(176) ParOldGen: 306218K(351232K)->306466K(351232K)
[1465.733s][info ][gc,metaspace   ] GC(176) Metaspace: 85296K(86208K)->85296K(86208K) NonClass: 72840K(73344K)->72840K(73344K) Class: 12456K(12864K)->12456K(12864K)
[1465.733s][info ][gc             ] GC(176) Pause Young (Allocation Failure) 2337M->300M(2386M) 4.092ms
[1465.733s][info ][gc,cpu         ] GC(176) User=0.01s Sys=0.00s Real=0.01s
[1465.733s][info ][safepoint      ] Safepoint "ParallelGCFailedAllocation", Time since last: 10337977922 ns, Reaching safepoint: 4300 ns, Cleanup: 4200 ns, At safepoint: 4174990 ns, Total: 4183490 ns
[1483.734s][info ][safepoint      ] Safepoint "Cleanup", Time since last: 18001169083 ns, Reaching safepoint: 4200 ns, Cleanup: 13800 ns, At safepoint: 1800 ns, Total: 19800 ns
[1490.734s][info ][safepoint      ] Safepoint "Cleanup", Time since last: 7000508813 ns, Reaching safepoint: 3700 ns, Cleanup: 10400 ns, At safepoint: 1700 ns, Total: 15800 ns
[1496.735s][info ][safepoint      ] Safepoint "Cleanup", Time since last: 6000363848 ns, Reaching safepoint: 4000 ns, Cleanup: 11100 ns, At safepoint: 1600 ns, Total: 16700 ns
[1496.980s][info ][gc,start       ] GC(177) Pause Young (Allocation Failure)
[1496.983s][debug][gc,phases      ] GC(177) Scavenge 3.219ms
[1496.983s][debug][gc,ref         ] GC(177) Skipped phase 1 of Reference Processing: no references
[1496.983s][debug][gc,ref         ] GC(177) Skipped phase 2 of Reference Processing: no references
[1496.983s][debug][gc,ref         ] GC(177) Skipped phase 3 of Reference Processing: no references
[1496.983s][debug][gc,ref         ] GC(177) ReferenceProcessor::execute queues: 1, RefProcThreadModel::Single, marks_oops_alive: false
[1496.983s][debug][gc,phases      ] GC(177) Reference Processing 0.087ms
[1496.984s][debug][gc,phases      ] GC(177)   VM Weak                        Min:  0.0, Avg:  0.0, Max:  0.0, Diff:  0.0, Sum:  0.0, Workers: 4
[1496.984s][debug][gc,phases      ] GC(177)     Dead                           Min: 0, Avg:  0.0, Max: 0, Diff: 0, Sum: 0, Workers: 4
[1496.984s][debug][gc,phases      ] GC(177)     Total                          Min: 0, Avg: 185.5, Max: 384, Diff: 384, Sum: 742, Workers: 4
[1496.984s][debug][gc,phases      ] GC(177)   ObjectSynchronizer Weak        Min:  0.0, Avg:  0.0, Max:  0.0, Diff:  0.0, Sum:  0.0, Workers: 4
[1496.984s][debug][gc,phases      ] GC(177)     Dead                           Min: 0, Avg:  0.0, Max: 0, Diff: 0, Sum: 0, Workers: 4
[1496.984s][debug][gc,phases      ] GC(177)     Total                          Min: 0, Avg:  1.0, Max: 4, Diff: 4, Sum: 4, Workers: 4
[1496.984s][debug][gc,phases      ] GC(177)   JVMTI Tag Weak OopStorage      Min:  0.0, Avg:  0.0, Max:  0.0, Diff:  0.0, Sum:  0.0, Workers: 4
[1496.984s][debug][gc,phases      ] GC(177)     Dead                           Min: 0, Avg:  0.0, Max: 0, Diff: 0, Sum: 0, Workers: 4
[1496.984s][debug][gc,phases      ] GC(177)     Total                          Min: 0, Avg:  0.0, Max: 0, Diff: 0, Sum: 0, Workers: 4
[1496.984s][debug][gc,phases      ] GC(177)   StringTable Weak               Min:  0.0, Avg:  0.1, Max:  0.1, Diff:  0.1, Sum:  0.4, Workers: 4
[1496.984s][debug][gc,phases      ] GC(177)     Dead                           Min: 0, Avg:  0.0, Max: 0, Diff: 0, Sum: 0, Workers: 4
[1496.984s][debug][gc,phases      ] GC(177)     Total                          Min: 0, Avg: 11021.8, Max: 19128, Diff: 19128, Sum: 44087, Workers: 4
[1496.984s][debug][gc,phases      ] GC(177)   ResolvedMethodTable Weak       Min:  0.0, Avg:  0.0, Max:  0.0, Diff:  0.0, Sum:  0.1, Workers: 4
[1496.984s][debug][gc,phases      ] GC(177)     Dead                           Min: 0, Avg:  0.0, Max: 0, Diff: 0, Sum: 0, Workers: 4
[1496.984s][debug][gc,phases      ] GC(177)     Total                          Min: 0, Avg: 2612.8, Max: 4436, Diff: 4436, Sum: 10451, Workers: 4
[1496.984s][debug][gc,phases      ] GC(177)   JNI Weak                       Min:  0.0, Avg:  0.0, Max:  0.0, Diff:  0.0, Sum:  0.0, Workers: 4
[1496.984s][debug][gc,phases      ] GC(177)     Dead                           Min: 0, Avg:  0.0, Max: 0, Diff: 0, Sum: 0, Workers: 4
[1496.984s][debug][gc,phases      ] GC(177)     Total                          Min: 0, Avg: 11.2, Max: 45, Diff: 45, Sum: 45, Workers: 4
[1496.984s][debug][gc,phases      ] GC(177)   StringDedup Table Weak         Min:  0.0, Avg:  0.0, Max:  0.0, Diff:  0.0, Sum:  0.0, Workers: 4
[1496.984s][debug][gc,phases      ] GC(177)     Dead                           Min: 0, Avg:  0.0, Max: 0, Diff: 0, Sum: 0, Workers: 4
[1496.984s][debug][gc,phases      ] GC(177)     Total                          Min: 0, Avg:  0.0, Max: 0, Diff: 0, Sum: 0, Workers: 4
[1496.984s][debug][gc,phases      ] GC(177)   StringDedup Requests0 Weak     Min:  0.0, Avg:  0.0, Max:  0.0, Diff:  0.0, Sum:  0.0, Workers: 4
[1496.984s][debug][gc,phases      ] GC(177)     Dead                           Min: 0, Avg:  0.0, Max: 0, Diff: 0, Sum: 0, Workers: 4
[1496.984s][debug][gc,phases      ] GC(177)     Total                          Min: 0, Avg:  0.0, Max: 0, Diff: 0, Sum: 0, Workers: 4
[1496.984s][debug][gc,phases      ] GC(177)   StringDedup Requests1 Weak     Min:  0.0, Avg:  0.0, Max:  0.0, Diff:  0.0, Sum:  0.0, Workers: 4
[1496.984s][debug][gc,phases      ] GC(177)     Dead                           Min: 0, Avg:  0.0, Max: 0, Diff: 0, Sum: 0, Workers: 4
[1496.984s][debug][gc,phases      ] GC(177)     Total                          Min: 0, Avg:  0.0, Max: 0, Diff: 0, Sum: 0, Workers: 4
[1496.984s][debug][gc,phases      ] GC(177)   Weak JFR Old Object Samples    Min:  0.0, Avg:  0.0, Max:  0.0, Diff:  0.0, Sum:  0.0, Workers: 4
[1496.984s][debug][gc,phases      ] GC(177)     Dead                           Min: 0, Avg:  0.0, Max: 0, Diff: 0, Sum: 0, Workers: 4
[1496.984s][debug][gc,phases      ] GC(177)     Total                          Min: 0, Avg:  0.0, Max: 0, Diff: 0, Sum: 0, Workers: 4
[1496.984s][debug][gc,phases      ] GC(177) Weak Processing 0.335ms
[1496.984s][debug][gc,age         ] GC(177) Desired survivor size 5242880 bytes, new threshold 15 (max threshold 15)
[1496.984s][info ][gc,heap        ] GC(177) PSYoungGen: 2087648K(2092032K)->1440K(2091520K) Eden: 2086400K(2086400K)->0K(2086400K) From: 1248K(5632K)->1440K(5120K)
[1496.984s][info ][gc,heap        ] GC(177) ParOldGen: 306466K(351232K)->306474K(351232K)
[1496.984s][info ][gc,metaspace   ] GC(177) Metaspace: 85305K(86208K)->85305K(86208K) NonClass: 72848K(73344K)->72848K(73344K) Class: 12456K(12864K)->12456K(12864K)
[1496.984s][info ][gc             ] GC(177) Pause Young (Allocation Failure) 2338M->300M(2385M) 3.742ms
[1496.984s][info ][gc,cpu         ] GC(177) User=0.01s Sys=0.00s Real=0.00s
[1496.984s][info ][safepoint      ] Safepoint "ParallelGCFailedAllocation", Time since last: 245225859 ns, Reaching safepoint: 3900 ns, Cleanup: 3500 ns, At safepoint: 3817791 ns, Total: 3825191 ns
[1501.404s][info ][safepoint      ] Safepoint "Cleanup", Time since last: 4420153745 ns, Reaching safepoint: 5400 ns, Cleanup: 13700 ns, At safepoint: 2200 ns, Total: 21300 ns
[1502.404s][info ][safepoint      ] Safepoint "Cleanup", Time since last: 1000102892 ns, Reaching safepoint: 4600 ns, Cleanup: 8700 ns, At safepoint: 2100 ns, Total: 15400 ns
[1508.404s][info ][safepoint      ] Safepoint "Cleanup", Time since last: 6000412582 ns, Reaching safepoint: 5100 ns, Cleanup: 11700 ns, At safepoint: 2400 ns, Total: 19200 ns
[1509.405s][info ][safepoint      ] Safepoint "Cleanup", Time since last: 1000106854 ns, Reaching safepoint: 4400 ns, Cleanup: 8600 ns, At safepoint: 2200 ns, Total: 15200 ns
[1523.405s][info ][safepoint      ] Safepoint "Cleanup", Time since last: 14000869925 ns, Reaching safepoint: 4900 ns, Cleanup: 12100 ns, At safepoint: 4500 ns, Total: 21500 ns
[1528.030s][info ][gc,start       ] GC(178) Pause Young (Allocation Failure)
[1528.032s][debug][gc,phases      ] GC(178) Scavenge 2.087ms
[1528.032s][debug][gc,ref         ] GC(178) Skipped phase 1 of Reference Processing: no references
[1528.032s][debug][gc,ref         ] GC(178) Skipped phase 2 of Reference Processing: no references
[1528.032s][debug][gc,ref         ] GC(178) Skipped phase 3 of Reference Processing: no references
[1528.032s][debug][gc,ref         ] GC(178) Skipped phase 4 of Reference Processing: no references
[1528.032s][debug][gc,phases      ] GC(178) Reference Processing 0.022ms
[1528.032s][debug][gc,phases      ] GC(178)   VM Weak                        Min:  0.0, Avg:  0.0, Max:  0.0, Diff:  0.0, Sum:  0.0, Workers: 4
[1528.032s][debug][gc,phases      ] GC(178)     Dead                           Min: 0, Avg:  0.0, Max: 0, Diff: 0, Sum: 0, Workers: 4
[1528.032s][debug][gc,phases      ] GC(178)     Total                          Min: 0, Avg: 185.5, Max: 448, Diff: 448, Sum: 742, Workers: 4
[1528.032s][debug][gc,phases      ] GC(178)   ObjectSynchronizer Weak        Min:  0.0, Avg:  0.0, Max:  0.0, Diff:  0.0, Sum:  0.0, Workers: 4
[1528.032s][debug][gc,phases      ] GC(178)     Dead                           Min: 0, Avg:  0.0, Max: 0, Diff: 0, Sum: 0, Workers: 4
[1528.032s][debug][gc,phases      ] GC(178)     Total                          Min: 0, Avg:  1.0, Max: 4, Diff: 4, Sum: 4, Workers: 4
[1528.032s][debug][gc,phases      ] GC(178)   JVMTI Tag Weak OopStorage      Min:  0.0, Avg:  0.0, Max:  0.0, Diff:  0.0, Sum:  0.0, Workers: 4
[1528.032s][debug][gc,phases      ] GC(178)     Dead                           Min: 0, Avg:  0.0, Max: 0, Diff: 0, Sum: 0, Workers: 4
[1528.032s][debug][gc,phases      ] GC(178)     Total                          Min: 0, Avg:  0.0, Max: 0, Diff: 0, Sum: 0, Workers: 4
[1528.032s][debug][gc,phases      ] GC(178)   StringTable Weak               Min:  0.1, Avg:  0.1, Max:  0.1, Diff:  0.0, Sum:  0.5, Workers: 4
[1528.032s][debug][gc,phases      ] GC(178)     Dead                           Min: 0, Avg:  0.0, Max: 0, Diff: 0, Sum: 0, Workers: 4
[1528.032s][debug][gc,phases      ] GC(178)     Total                          Min: 10367, Avg: 11022.5, Max: 11328, Diff: 961, Sum: 44090, Workers: 4
[1528.032s][debug][gc,phases      ] GC(178)   ResolvedMethodTable Weak       Min:  0.0, Avg:  0.0, Max:  0.0, Diff:  0.0, Sum:  0.1, Workers: 4
[1528.032s][debug][gc,phases      ] GC(178)     Dead                           Min: 0, Avg:  0.0, Max: 0, Diff: 0, Sum: 0, Workers: 4
[1528.032s][debug][gc,phases      ] GC(178)     Total                          Min: 2560, Avg: 2612.8, Max: 2687, Diff: 127, Sum: 10451, Workers: 4
[1528.032s][debug][gc,phases      ] GC(178)   JNI Weak                       Min:  0.0, Avg:  0.0, Max:  0.0, Diff:  0.0, Sum:  0.0, Workers: 4
[1528.032s][debug][gc,phases      ] GC(178)     Dead                           Min: 0, Avg:  0.0, Max: 0, Diff: 0, Sum: 0, Workers: 4
[1528.032s][debug][gc,phases      ] GC(178)     Total                          Min: 0, Avg: 11.2, Max: 45, Diff: 45, Sum: 45, Workers: 4
[1528.032s][debug][gc,phases      ] GC(178)   StringDedup Table Weak         Min:  0.0, Avg:  0.0, Max:  0.0, Diff:  0.0, Sum:  0.0, Workers: 4
[1528.032s][debug][gc,phases      ] GC(178)     Dead                           Min: 0, Avg:  0.0, Max: 0, Diff: 0, Sum: 0, Workers: 4
[1528.032s][debug][gc,phases      ] GC(178)     Total                          Min: 0, Avg:  0.0, Max: 0, Diff: 0, Sum: 0, Workers: 4
[1528.032s][debug][gc,phases      ] GC(178)   StringDedup Requests0 Weak     Min:  0.0, Avg:  0.0, Max:  0.0, Diff:  0.0, Sum:  0.0, Workers: 4
[1528.032s][debug][gc,phases      ] GC(178)     Dead                           Min: 0, Avg:  0.0, Max: 0, Diff: 0, Sum: 0, Workers: 4
[1528.032s][debug][gc,phases      ] GC(178)     Total                          Min: 0, Avg:  0.0, Max: 0, Diff: 0, Sum: 0, Workers: 4
[1528.032s][debug][gc,phases      ] GC(178)   StringDedup Requests1 Weak     Min:  0.0, Avg:  0.0, Max:  0.0, Diff:  0.0, Sum:  0.0, Workers: 4
[1528.032s][debug][gc,phases      ] GC(178)     Dead                           Min: 0, Avg:  0.0, Max: 0, Diff: 0, Sum: 0, Workers: 4
[1528.032s][debug][gc,phases      ] GC(178)     Total                          Min: 0, Avg:  0.0, Max: 0, Diff: 0, Sum: 0, Workers: 4
[1528.032s][debug][gc,phases      ] GC(178)   Weak JFR Old Object Samples    Min:  0.0, Avg:  0.0, Max:  0.0, Diff:  0.0, Sum:  0.0, Workers: 4
[1528.032s][debug][gc,phases      ] GC(178)     Dead                           Min: 0, Avg:  0.0, Max: 0, Diff: 0, Sum: 0, Workers: 4
[1528.032s][debug][gc,phases      ] GC(178)     Total                          Min: 0, Avg:  0.0, Max: 0, Diff: 0, Sum: 0, Workers: 4
[1528.032s][debug][gc,phases      ] GC(178) Weak Processing 0.309ms
[1528.032s][debug][gc,age         ] GC(178) Desired survivor size 5242880 bytes, new threshold 15 (max threshold 15)
[1528.032s][info ][gc,heap        ] GC(178) PSYoungGen: 2087840K(2091520K)->1472K(2092032K) Eden: 2086400K(2086400K)->0K(2086912K) From: 1440K(5120K)->1472K(5120K)
[1528.032s][info ][gc,heap        ] GC(178) ParOldGen: 306474K(351232K)->306482K(351232K)
[1528.032s][info ][gc,metaspace   ] GC(178) Metaspace: 85324K(86272K)->85324K(86272K) NonClass: 72868K(73408K)->72868K(73408K) Class: 12456K(12864K)->12456K(12864K)
[1528.032s][info ][gc             ] GC(178) Pause Young (Allocation Failure) 2338M->300M(2386M) 2.534ms
[1528.032s][info ][gc,cpu         ] GC(178) User=0.01s Sys=0.00s Real=0.01s
[1528.032s][info ][safepoint      ] Safepoint "ParallelGCFailedAllocation", Time since last: 4624284168 ns, Reaching safepoint: 4000 ns, Cleanup: 3600 ns, At safepoint: 2597894 ns, Total: 2605494 ns
[1553.034s][info ][safepoint      ] Safepoint "Cleanup", Time since last: 25001477233 ns, Reaching safepoint: 4400 ns, Cleanup: 9200 ns, At safepoint: 2700 ns, Total: 16300 ns
[1555.034s][info ][safepoint      ] Safepoint "Cleanup", Time since last: 2000168487 ns, Reaching safepoint: 4200 ns, Cleanup: 9100 ns, At safepoint: 1800 ns, Total: 15100 ns
[1558.283s][info ][gc,start       ] GC(179) Pause Young (Allocation Failure)
[1558.285s][debug][gc,phases      ] GC(179) Scavenge 1.922ms
[1558.285s][debug][gc,ref         ] GC(179) Skipped phase 1 of Reference Processing: no references
[1558.285s][debug][gc,ref         ] GC(179) Skipped phase 2 of Reference Processing: no references
[1558.285s][debug][gc,ref         ] GC(179) Skipped phase 3 of Reference Processing: no references
[1558.285s][debug][gc,ref         ] GC(179) Skipped phase 4 of Reference Processing: no references
[1558.285s][debug][gc,phases      ] GC(179) Reference Processing 0.021ms
[1558.285s][debug][gc,phases      ] GC(179)   VM Weak                        Min:  0.0, Avg:  0.0, Max:  0.0, Diff:  0.0, Sum:  0.0, Workers: 4
[1558.285s][debug][gc,phases      ] GC(179)     Dead                           Min: 0, Avg:  0.0, Max: 0, Diff: 0, Sum: 0, Workers: 4
[1558.285s][debug][gc,phases      ] GC(179)     Total                          Min: 0, Avg: 185.5, Max: 678, Diff: 678, Sum: 742, Workers: 4
[1558.285s][debug][gc,phases      ] GC(179)   ObjectSynchronizer Weak        Min:  0.0, Avg:  0.0, Max:  0.0, Diff:  0.0, Sum:  0.0, Workers: 4
[1558.285s][debug][gc,phases      ] GC(179)     Dead                           Min: 0, Avg:  0.0, Max: 0, Diff: 0, Sum: 0, Workers: 4
[1558.285s][debug][gc,phases      ] GC(179)     Total                          Min: 0, Avg:  1.0, Max: 4, Diff: 4, Sum: 4, Workers: 4
[1558.285s][debug][gc,phases      ] GC(179)   JVMTI Tag Weak OopStorage      Min:  0.0, Avg:  0.0, Max:  0.0, Diff:  0.0, Sum:  0.0, Workers: 4
[1558.285s][debug][gc,phases      ] GC(179)     Dead                           Min: 0, Avg:  0.0, Max: 0, Diff: 0, Sum: 0, Workers: 4
[1558.285s][debug][gc,phases      ] GC(179)     Total                          Min: 0, Avg:  0.0, Max: 0, Diff: 0, Sum: 0, Workers: 4
[1558.285s][debug][gc,phases      ] GC(179)   StringTable Weak               Min:  0.0, Avg:  0.1, Max:  0.1, Diff:  0.1, Sum:  0.4, Workers: 4
[1558.285s][debug][gc,phases      ] GC(179)     Dead                           Min: 0, Avg:  0.0, Max: 0, Diff: 0, Sum: 0, Workers: 4
[1558.285s][debug][gc,phases      ] GC(179)     Total                          Min: 0, Avg: 11022.5, Max: 17984, Diff: 17984, Sum: 44090, Workers: 4
[1558.285s][debug][gc,phases      ] GC(179)   ResolvedMethodTable Weak       Min:  0.0, Avg:  0.0, Max:  0.0, Diff:  0.0, Sum:  0.1, Workers: 4
[1558.285s][debug][gc,phases      ] GC(179)     Dead                           Min: 0, Avg:  0.0, Max: 0, Diff: 0, Sum: 0, Workers: 4
[1558.285s][debug][gc,phases      ] GC(179)     Total                          Min: 0, Avg: 2612.8, Max: 4608, Diff: 4608, Sum: 10451, Workers: 4
[1558.285s][debug][gc,phases      ] GC(179)   JNI Weak                       Min:  0.0, Avg:  0.0, Max:  0.0, Diff:  0.0, Sum:  0.0, Workers: 4
[1558.285s][debug][gc,phases      ] GC(179)     Dead                           Min: 0, Avg:  0.0, Max: 0, Diff: 0, Sum: 0, Workers: 4
[1558.285s][debug][gc,phases      ] GC(179)     Total                          Min: 0, Avg: 11.2, Max: 45, Diff: 45, Sum: 45, Workers: 4
[1558.285s][debug][gc,phases      ] GC(179)   StringDedup Table Weak         Min:  0.0, Avg:  0.0, Max:  0.0, Diff:  0.0, Sum:  0.0, Workers: 4
[1558.285s][debug][gc,phases      ] GC(179)     Dead                           Min: 0, Avg:  0.0, Max: 0, Diff: 0, Sum: 0, Workers: 4
[1558.285s][debug][gc,phases      ] GC(179)     Total                          Min: 0, Avg:  0.0, Max: 0, Diff: 0, Sum: 0, Workers: 4
[1558.285s][debug][gc,phases      ] GC(179)   StringDedup Requests0 Weak     Min:  0.0, Avg:  0.0, Max:  0.0, Diff:  0.0, Sum:  0.0, Workers: 4
[1558.285s][debug][gc,phases      ] GC(179)     Dead                           Min: 0, Avg:  0.0, Max: 0, Diff: 0, Sum: 0, Workers: 4
[1558.285s][debug][gc,phases      ] GC(179)     Total                          Min: 0, Avg:  0.0, Max: 0, Diff: 0, Sum: 0, Workers: 4
[1558.285s][debug][gc,phases      ] GC(179)   StringDedup Requests1 Weak     Min:  0.0, Avg:  0.0, Max:  0.0, Diff:  0.0, Sum:  0.0, Workers: 4
[1558.285s][debug][gc,phases      ] GC(179)     Dead                           Min: 0, Avg:  0.0, Max: 0, Diff: 0, Sum: 0, Workers: 4
[1558.285s][debug][gc,phases      ] GC(179)     Total                          Min: 0, Avg:  0.0, Max: 0, Diff: 0, Sum: 0, Workers: 4
[1558.285s][debug][gc,phases      ] GC(179)   Weak JFR Old Object Samples    Min:  0.0, Avg:  0.0, Max:  0.0, Diff:  0.0, Sum:  0.0, Workers: 4
[1558.285s][debug][gc,phases      ] GC(179)     Dead                           Min: 0, Avg:  0.0, Max: 0, Diff: 0, Sum: 0, Workers: 4
[1558.285s][debug][gc,phases      ] GC(179)     Total                          Min: 0, Avg:  0.0, Max: 0, Diff: 0, Sum: 0, Workers: 4
[1558.285s][debug][gc,phases      ] GC(179) Weak Processing 0.348ms
[1558.285s][debug][gc,age         ] GC(179) Desired survivor size 4718592 bytes, new threshold 15 (max threshold 15)
[1558.285s][info ][gc,heap        ] GC(179) PSYoungGen: 2088384K(2092032K)->1504K(2092032K) Eden: 2086912K(2086912K)->0K(2086912K) From: 1472K(5120K)->1504K(5120K)
[1558.285s][info ][gc,heap        ] GC(179) ParOldGen: 306482K(351232K)->306490K(351232K)
[1558.285s][info ][gc,metaspace   ] GC(179) Metaspace: 85327K(86272K)->85327K(86272K) NonClass: 72870K(73408K)->72870K(73408K) Class: 12456K(12864K)->12456K(12864K)
[1558.285s][info ][gc             ] GC(179) Pause Young (Allocation Failure) 2338M->300M(2386M) 2.384ms
[1558.285s][info ][gc,cpu         ] GC(179) User=0.01s Sys=0.00s Real=0.00s
[1558.285s][info ][safepoint      ] Safepoint "ParallelGCFailedAllocation", Time since last: 3248905495 ns, Reaching safepoint: 71399 ns, Cleanup: 3500 ns, At safepoint: 2453695 ns, Total: 2528594 ns
[1588.630s][info ][gc,start       ] GC(180) Pause Young (Allocation Failure)
[1588.633s][debug][gc,phases      ] GC(180) Scavenge 3.512ms
[1588.633s][debug][gc,ref         ] GC(180) Skipped phase 1 of Reference Processing: no references
[1588.633s][debug][gc,ref         ] GC(180) Skipped phase 2 of Reference Processing: no references
[1588.633s][debug][gc,ref         ] GC(180) Skipped phase 3 of Reference Processing: no references
[1588.633s][debug][gc,ref         ] GC(180) ReferenceProcessor::execute queues: 1, RefProcThreadModel::Single, marks_oops_alive: false
[1588.633s][debug][gc,phases      ] GC(180) Reference Processing 0.083ms
[1588.634s][debug][gc,phases      ] GC(180)   VM Weak                        Min:  0.0, Avg:  0.0, Max:  0.0, Diff:  0.0, Sum:  0.0, Workers: 4
[1588.634s][debug][gc,phases      ] GC(180)     Dead                           Min: 0, Avg:  0.0, Max: 0, Diff: 0, Sum: 0, Workers: 4
[1588.634s][debug][gc,phases      ] GC(180)     Total                          Min: 0, Avg: 185.5, Max: 742, Diff: 742, Sum: 742, Workers: 4
[1588.634s][debug][gc,phases      ] GC(180)   ObjectSynchronizer Weak        Min:  0.0, Avg:  0.0, Max:  0.0, Diff:  0.0, Sum:  0.0, Workers: 4
[1588.634s][debug][gc,phases      ] GC(180)     Dead                           Min: 0, Avg:  0.0, Max: 0, Diff: 0, Sum: 0, Workers: 4
[1588.634s][debug][gc,phases      ] GC(180)     Total                          Min: 0, Avg:  1.0, Max: 4, Diff: 4, Sum: 4, Workers: 4
[1588.634s][debug][gc,phases      ] GC(180)   JVMTI Tag Weak OopStorage      Min:  0.0, Avg:  0.0, Max:  0.0, Diff:  0.0, Sum:  0.0, Workers: 4
[1588.634s][debug][gc,phases      ] GC(180)     Dead                           Min: 0, Avg:  0.0, Max: 0, Diff: 0, Sum: 0, Workers: 4
[1588.634s][debug][gc,phases      ] GC(180)     Total                          Min: 0, Avg:  0.0, Max: 0, Diff: 0, Sum: 0, Workers: 4
[1588.634s][debug][gc,phases      ] GC(180)   StringTable Weak               Min:  0.0, Avg:  0.1, Max:  0.1, Diff:  0.1, Sum:  0.4, Workers: 4
[1588.634s][debug][gc,phases      ] GC(180)     Dead                           Min: 0, Avg:  0.0, Max: 0, Diff: 0, Sum: 0, Workers: 4
[1588.634s][debug][gc,phases      ] GC(180)     Total                          Min: 0, Avg: 11022.5, Max: 18875, Diff: 18875, Sum: 44090, Workers: 4
[1588.634s][debug][gc,phases      ] GC(180)   ResolvedMethodTable Weak       Min:  0.0, Avg:  0.0, Max:  0.0, Diff:  0.0, Sum:  0.1, Workers: 4
[1588.634s][debug][gc,phases      ] GC(180)     Dead                           Min: 0, Avg:  0.0, Max: 0, Diff: 0, Sum: 0, Workers: 4
[1588.634s][debug][gc,phases      ] GC(180)     Total                          Min: 0, Avg: 2612.8, Max: 4564, Diff: 4564, Sum: 10451, Workers: 4
[1588.634s][debug][gc,phases      ] GC(180)   JNI Weak                       Min:  0.0, Avg:  0.0, Max:  0.0, Diff:  0.0, Sum:  0.0, Workers: 4
[1588.634s][debug][gc,phases      ] GC(180)     Dead                           Min: 0, Avg:  0.0, Max: 0, Diff: 0, Sum: 0, Workers: 4
[1588.634s][debug][gc,phases      ] GC(180)     Total                          Min: 0, Avg: 11.2, Max: 45, Diff: 45, Sum: 45, Workers: 4
[1588.634s][debug][gc,phases      ] GC(180)   StringDedup Table Weak         Min:  0.0, Avg:  0.0, Max:  0.0, Diff:  0.0, Sum:  0.0, Workers: 4
[1588.634s][debug][gc,phases      ] GC(180)     Dead                           Min: 0, Avg:  0.0, Max: 0, Diff: 0, Sum: 0, Workers: 4
[1588.634s][debug][gc,phases      ] GC(180)     Total                          Min: 0, Avg:  0.0, Max: 0, Diff: 0, Sum: 0, Workers: 4
[1588.634s][debug][gc,phases      ] GC(180)   StringDedup Requests0 Weak     Min:  0.0, Avg:  0.0, Max:  0.0, Diff:  0.0, Sum:  0.0, Workers: 4
[1588.634s][debug][gc,phases      ] GC(180)     Dead                           Min: 0, Avg:  0.0, Max: 0, Diff: 0, Sum: 0, Workers: 4
[1588.634s][debug][gc,phases      ] GC(180)     Total                          Min: 0, Avg:  0.0, Max: 0, Diff: 0, Sum: 0, Workers: 4
[1588.634s][debug][gc,phases      ] GC(180)   StringDedup Requests1 Weak     Min:  0.0, Avg:  0.0, Max:  0.0, Diff:  0.0, Sum:  0.0, Workers: 4
[1588.634s][debug][gc,phases      ] GC(180)     Dead                           Min: 0, Avg:  0.0, Max: 0, Diff: 0, Sum: 0, Workers: 4
[1588.634s][debug][gc,phases      ] GC(180)     Total                          Min: 0, Avg:  0.0, Max: 0, Diff: 0, Sum: 0, Workers: 4
[1588.634s][debug][gc,phases      ] GC(180)   Weak JFR Old Object Samples    Min:  0.0, Avg:  0.0, Max:  0.0, Diff:  0.0, Sum:  0.0, Workers: 4
[1588.634s][debug][gc,phases      ] GC(180)     Dead                           Min: 0, Avg:  0.0, Max: 0, Diff: 0, Sum: 0, Workers: 4
[1588.634s][debug][gc,phases      ] GC(180)     Total                          Min: 0, Avg:  0.0, Max: 0, Diff: 0, Sum: 0, Workers: 4
[1588.634s][debug][gc,phases      ] GC(180) Weak Processing 0.337ms
[1588.634s][debug][gc,age         ] GC(180) Desired survivor size 4718592 bytes, new threshold 15 (max threshold 15)
[1588.634s][info ][gc,heap        ] GC(180) PSYoungGen: 2088416K(2092032K)->1440K(2092544K) Eden: 2086912K(2086912K)->0K(2087936K) From: 1504K(5120K)->1440K(4608K)
[1588.634s][info ][gc,heap        ] GC(180) ParOldGen: 306490K(351232K)->306506K(351232K)
[1588.634s][info ][gc,metaspace   ] GC(180) Metaspace: 85328K(86272K)->85328K(86272K) NonClass: 72871K(73408K)->72871K(73408K) Class: 12456K(12864K)->12456K(12864K)
[1588.634s][info ][gc             ] GC(180) Pause Young (Allocation Failure) 2338M->300M(2386M) 4.045ms
[1588.634s][info ][gc,cpu         ] GC(180) User=0.01s Sys=0.00s Real=0.01s
[1588.634s][info ][safepoint      ] Safepoint "ParallelGCFailedAllocation", Time since last: 30344264622 ns, Reaching safepoint: 4000 ns, Cleanup: 3200 ns, At safepoint: 4107991 ns, Total: 4115191 ns
[1614.073s][info ][gc,start       ] GC(181) Pause Young (Allocation Failure)
[1614.076s][debug][gc,phases      ] GC(181) Scavenge 2.738ms
[1614.076s][debug][gc,ref         ] GC(181) Skipped phase 1 of Reference Processing: no references
[1614.076s][debug][gc,ref         ] GC(181) Skipped phase 2 of Reference Processing: no references
[1614.076s][debug][gc,ref         ] GC(181) Skipped phase 3 of Reference Processing: no references
[1614.076s][debug][gc,ref         ] GC(181) Skipped phase 4 of Reference Processing: no references
[1614.076s][debug][gc,phases      ] GC(181) Reference Processing 0.021ms
[1614.076s][debug][gc,phases      ] GC(181)   VM Weak                        Min:  0.0, Avg:  0.0, Max:  0.0, Diff:  0.0, Sum:  0.0, Workers: 4
[1614.076s][debug][gc,phases      ] GC(181)     Dead                           Min: 0, Avg:  0.0, Max: 0, Diff: 0, Sum: 0, Workers: 4
[1614.076s][debug][gc,phases      ] GC(181)     Total                          Min: 0, Avg: 185.5, Max: 576, Diff: 576, Sum: 742, Workers: 4
[1614.076s][debug][gc,phases      ] GC(181)   ObjectSynchronizer Weak        Min:  0.0, Avg:  0.0, Max:  0.0, Diff:  0.0, Sum:  0.0, Workers: 4
[1614.076s][debug][gc,phases      ] GC(181)     Dead                           Min: 0, Avg:  0.0, Max: 0, Diff: 0, Sum: 0, Workers: 4
[1614.076s][debug][gc,phases      ] GC(181)     Total                          Min: 0, Avg:  1.0, Max: 4, Diff: 4, Sum: 4, Workers: 4
[1614.076s][debug][gc,phases      ] GC(181)   JVMTI Tag Weak OopStorage      Min:  0.0, Avg:  0.0, Max:  0.0, Diff:  0.0, Sum:  0.0, Workers: 4
[1614.077s][debug][gc,phases      ] GC(181)     Dead                           Min: 0, Avg:  0.0, Max: 0, Diff: 0, Sum: 0, Workers: 4
[1614.077s][debug][gc,phases      ] GC(181)     Total                          Min: 0, Avg:  0.0, Max: 0, Diff: 0, Sum: 0, Workers: 4
[1614.077s][debug][gc,phases      ] GC(181)   StringTable Weak               Min:  0.0, Avg:  0.1, Max:  0.1, Diff:  0.1, Sum:  0.4, Workers: 4
[1614.077s][debug][gc,phases      ] GC(181)     Dead                           Min: 0, Avg:  0.0, Max: 0, Diff: 0, Sum: 0, Workers: 4
[1614.077s][debug][gc,phases      ] GC(181)     Total                          Min: 0, Avg: 11023.2, Max: 19006, Diff: 19006, Sum: 44093, Workers: 4
[1614.077s][debug][gc,phases      ] GC(181)   ResolvedMethodTable Weak       Min:  0.0, Avg:  0.0, Max:  0.0, Diff:  0.0, Sum:  0.1, Workers: 4
[1614.077s][debug][gc,phases      ] GC(181)     Dead                           Min: 0, Avg:  0.0, Max: 0, Diff: 0, Sum: 0, Workers: 4
[1614.077s][debug][gc,phases      ] GC(181)     Total                          Min: 0, Avg: 2612.8, Max: 4416, Diff: 4416, Sum: 10451, Workers: 4
[1614.077s][debug][gc,phases      ] GC(181)   JNI Weak                       Min:  0.0, Avg:  0.0, Max:  0.0, Diff:  0.0, Sum:  0.0, Workers: 4
[1614.077s][debug][gc,phases      ] GC(181)     Dead                           Min: 0, Avg:  0.0, Max: 0, Diff: 0, Sum: 0, Workers: 4
[1614.077s][debug][gc,phases      ] GC(181)     Total                          Min: 0, Avg: 11.2, Max: 45, Diff: 45, Sum: 45, Workers: 4
[1614.077s][debug][gc,phases      ] GC(181)   StringDedup Table Weak         Min:  0.0, Avg:  0.0, Max:  0.0, Diff:  0.0, Sum:  0.0, Workers: 4
[1614.077s][debug][gc,phases      ] GC(181)     Dead                           Min: 0, Avg:  0.0, Max: 0, Diff: 0, Sum: 0, Workers: 4
[1614.077s][debug][gc,phases      ] GC(181)     Total                          Min: 0, Avg:  0.0, Max: 0, Diff: 0, Sum: 0, Workers: 4
[1614.077s][debug][gc,phases      ] GC(181)   StringDedup Requests0 Weak     Min:  0.0, Avg:  0.0, Max:  0.0, Diff:  0.0, Sum:  0.0, Workers: 4
[1614.077s][debug][gc,phases      ] GC(181)     Dead                           Min: 0, Avg:  0.0, Max: 0, Diff: 0, Sum: 0, Workers: 4
[1614.077s][debug][gc,phases      ] GC(181)     Total                          Min: 0, Avg:  0.0, Max: 0, Diff: 0, Sum: 0, Workers: 4
[1614.077s][debug][gc,phases      ] GC(181)   StringDedup Requests1 Weak     Min:  0.0, Avg:  0.0, Max:  0.0, Diff:  0.0, Sum:  0.0, Workers: 4
[1614.077s][debug][gc,phases      ] GC(181)     Dead                           Min: 0, Avg:  0.0, Max: 0, Diff: 0, Sum: 0, Workers: 4
[1614.077s][debug][gc,phases      ] GC(181)     Total                          Min: 0, Avg:  0.0, Max: 0, Diff: 0, Sum: 0, Workers: 4
[1614.077s][debug][gc,phases      ] GC(181)   Weak JFR Old Object Samples    Min:  0.0, Avg:  0.0, Max:  0.0, Diff:  0.0, Sum:  0.0, Workers: 4
[1614.077s][debug][gc,phases      ] GC(181)     Dead                           Min: 0, Avg:  0.0, Max: 0, Diff: 0, Sum: 0, Workers: 4
[1614.077s][debug][gc,phases      ] GC(181)     Total                          Min: 0, Avg:  0.0, Max: 0, Diff: 0, Sum: 0, Workers: 4
[1614.077s][debug][gc,phases      ] GC(181) Weak Processing 0.331ms
[1614.077s][debug][gc,age         ] GC(181) Desired survivor size 4194304 bytes, new threshold 15 (max threshold 15)
[1614.077s][info ][gc,heap        ] GC(181) PSYoungGen: 2089350K(2092544K)->1664K(2092544K) Eden: 2087910K(2087936K)->0K(2087936K) From: 1440K(4608K)->1664K(4608K)
[1614.077s][info ][gc,heap        ] GC(181) ParOldGen: 306506K(351232K)->306514K(351232K)
[1614.077s][info ][gc,metaspace   ] GC(181) Metaspace: 85328K(86272K)->85328K(86272K) NonClass: 72871K(73408K)->72871K(73408K) Class: 12456K(12864K)->12456K(12864K)
[1614.077s][info ][gc             ] GC(181) Pause Young (Allocation Failure) 2339M->300M(2386M) 3.178ms
[1614.077s][info ][gc,cpu         ] GC(181) User=0.01s Sys=0.00s Real=0.00s
[1614.077s][info ][safepoint      ] Safepoint "ParallelGCFailedAllocation", Time since last: 25439516851 ns, Reaching safepoint: 3600 ns, Cleanup: 4100 ns, At safepoint: 3266093 ns, Total: 3273793 ns
[1621.433s][info ][safepoint      ] Safepoint "Cleanup", Time since last: 7356391596 ns, Reaching safepoint: 4800 ns, Cleanup: 10100 ns, At safepoint: 2500 ns, Total: 17400 ns
[1624.433s][info ][safepoint      ] Safepoint "Cleanup", Time since last: 3000240915 ns, Reaching safepoint: 4400 ns, Cleanup: 12700 ns, At safepoint: 2300 ns, Total: 19400 ns
[1645.329s][info ][gc,start       ] GC(182) Pause Young (Allocation Failure)
[1645.331s][debug][gc,phases      ] GC(182) Scavenge 1.983ms
[1645.331s][debug][gc,ref         ] GC(182) Skipped phase 1 of Reference Processing: no references
[1645.331s][debug][gc,ref         ] GC(182) Skipped phase 2 of Reference Processing: no references
[1645.331s][debug][gc,ref         ] GC(182) Skipped phase 3 of Reference Processing: no references
[1645.331s][debug][gc,ref         ] GC(182) ReferenceProcessor::execute queues: 1, RefProcThreadModel::Single, marks_oops_alive: false
[1645.331s][debug][gc,phases      ] GC(182) Reference Processing 0.088ms
[1645.331s][debug][gc,phases      ] GC(182)   VM Weak                        Min:  0.0, Avg:  0.0, Max:  0.0, Diff:  0.0, Sum:  0.0, Workers: 4
[1645.331s][debug][gc,phases      ] GC(182)     Dead                           Min: 0, Avg:  0.0, Max: 0, Diff: 0, Sum: 0, Workers: 4
[1645.331s][debug][gc,phases      ] GC(182)     Total                          Min: 0, Avg: 185.5, Max: 550, Diff: 550, Sum: 742, Workers: 4
[1645.331s][debug][gc,phases      ] GC(182)   ObjectSynchronizer Weak        Min:  0.0, Avg:  0.0, Max:  0.0, Diff:  0.0, Sum:  0.0, Workers: 4
[1645.331s][debug][gc,phases      ] GC(182)     Dead                           Min: 0, Avg:  0.0, Max: 0, Diff: 0, Sum: 0, Workers: 4
[1645.331s][debug][gc,phases      ] GC(182)     Total                          Min: 0, Avg:  1.0, Max: 4, Diff: 4, Sum: 4, Workers: 4
[1645.331s][debug][gc,phases      ] GC(182)   JVMTI Tag Weak OopStorage      Min:  0.0, Avg:  0.0, Max:  0.0, Diff:  0.0, Sum:  0.0, Workers: 4
[1645.331s][debug][gc,phases      ] GC(182)     Dead                           Min: 0, Avg:  0.0, Max: 0, Diff: 0, Sum: 0, Workers: 4
[1645.331s][debug][gc,phases      ] GC(182)     Total                          Min: 0, Avg:  0.0, Max: 0, Diff: 0, Sum: 0, Workers: 4
[1645.331s][debug][gc,phases      ] GC(182)   StringTable Weak               Min:  0.0, Avg:  0.1, Max:  0.1, Diff:  0.1, Sum:  0.4, Workers: 4
[1645.331s][debug][gc,phases      ] GC(182)     Dead                           Min: 0, Avg:  0.0, Max: 0, Diff: 0, Sum: 0, Workers: 4
[1645.331s][debug][gc,phases      ] GC(182)     Total                          Min: 0, Avg: 11023.8, Max: 19008, Diff: 19008, Sum: 44095, Workers: 4
[1645.331s][debug][gc,phases      ] GC(182)   ResolvedMethodTable Weak       Min:  0.0, Avg:  0.0, Max:  0.0, Diff:  0.0, Sum:  0.1, Workers: 4
[1645.331s][debug][gc,phases      ] GC(182)     Dead                           Min: 0, Avg:  0.0, Max: 0, Diff: 0, Sum: 0, Workers: 4
[1645.331s][debug][gc,phases      ] GC(182)     Total                          Min: 0, Avg: 2612.8, Max: 4415, Diff: 4415, Sum: 10451, Workers: 4
[1645.331s][debug][gc,phases      ] GC(182)   JNI Weak                       Min:  0.0, Avg:  0.0, Max:  0.0, Diff:  0.0, Sum:  0.0, Workers: 4
[1645.331s][debug][gc,phases      ] GC(182)     Dead                           Min: 0, Avg:  0.0, Max: 0, Diff: 0, Sum: 0, Workers: 4
[1645.331s][debug][gc,phases      ] GC(182)     Total                          Min: 0, Avg: 11.2, Max: 45, Diff: 45, Sum: 45, Workers: 4
[1645.331s][debug][gc,phases      ] GC(182)   StringDedup Table Weak         Min:  0.0, Avg:  0.0, Max:  0.0, Diff:  0.0, Sum:  0.0, Workers: 4
[1645.331s][debug][gc,phases      ] GC(182)     Dead                           Min: 0, Avg:  0.0, Max: 0, Diff: 0, Sum: 0, Workers: 4
[1645.331s][debug][gc,phases      ] GC(182)     Total                          Min: 0, Avg:  0.0, Max: 0, Diff: 0, Sum: 0, Workers: 4
[1645.331s][debug][gc,phases      ] GC(182)   StringDedup Requests0 Weak     Min:  0.0, Avg:  0.0, Max:  0.0, Diff:  0.0, Sum:  0.0, Workers: 4
[1645.331s][debug][gc,phases      ] GC(182)     Dead                           Min: 0, Avg:  0.0, Max: 0, Diff: 0, Sum: 0, Workers: 4
[1645.331s][debug][gc,phases      ] GC(182)     Total                          Min: 0, Avg:  0.0, Max: 0, Diff: 0, Sum: 0, Workers: 4
[1645.331s][debug][gc,phases      ] GC(182)   StringDedup Requests1 Weak     Min:  0.0, Avg:  0.0, Max:  0.0, Diff:  0.0, Sum:  0.0, Workers: 4
[1645.331s][debug][gc,phases      ] GC(182)     Dead                           Min: 0, Avg:  0.0, Max: 0, Diff: 0, Sum: 0, Workers: 4
[1645.331s][debug][gc,phases      ] GC(182)     Total                          Min: 0, Avg:  0.0, Max: 0, Diff: 0, Sum: 0, Workers: 4
[1645.331s][debug][gc,phases      ] GC(182)   Weak JFR Old Object Samples    Min:  0.0, Avg:  0.0, Max:  0.0, Diff:  0.0, Sum:  0.0, Workers: 4
[1645.331s][debug][gc,phases      ] GC(182)     Dead                           Min: 0, Avg:  0.0, Max: 0, Diff: 0, Sum: 0, Workers: 4
[1645.331s][debug][gc,phases      ] GC(182)     Total                          Min: 0, Avg:  0.0, Max: 0, Diff: 0, Sum: 0, Workers: 4
[1645.331s][debug][gc,phases      ] GC(182) Weak Processing 0.328ms
[1645.331s][debug][gc,age         ] GC(182) Desired survivor size 4194304 bytes, new threshold 15 (max threshold 15)
[1645.331s][info ][gc,heap        ] GC(182) PSYoungGen: 2089600K(2092544K)->1440K(2093056K) Eden: 2087936K(2087936K)->0K(2088960K) From: 1664K(4608K)->1440K(4096K)
[1645.331s][info ][gc,heap        ] GC(182) ParOldGen: 306514K(351232K)->306522K(351232K)
[1645.331s][info ][gc,metaspace   ] GC(182) Metaspace: 85334K(86272K)->85334K(86272K) NonClass: 72877K(73408K)->72877K(73408K) Class: 12456K(12864K)->12456K(12864K)
[1645.331s][info ][gc             ] GC(182) Pause Young (Allocation Failure) 2339M->300M(2387M) 2.512ms
[1645.331s][info ][gc,cpu         ] GC(182) User=0.01s Sys=0.00s Real=0.00s
[1645.331s][info ][safepoint      ] Safepoint "ParallelGCFailedAllocation", Time since last: 20895446504 ns, Reaching safepoint: 4100 ns, Cleanup: 4200 ns, At safepoint: 2576085 ns, Total: 2584385 ns
[1676.129s][info ][gc,start       ] GC(183) Pause Young (Allocation Failure)
[1676.132s][debug][gc,phases      ] GC(183) Scavenge 3.522ms
[1676.132s][debug][gc,ref         ] GC(183) Skipped phase 1 of Reference Processing: no references
[1676.133s][debug][gc,ref         ] GC(183) ReferenceProcessor::execute queues: 1, RefProcThreadModel::Single, marks_oops_alive: false
[1676.133s][debug][gc,ref         ] GC(183) Skipped phase 3 of Reference Processing: no references
[1676.133s][debug][gc,ref         ] GC(183) ReferenceProcessor::execute queues: 1, RefProcThreadModel::Single, marks_oops_alive: false
[1676.133s][debug][gc,phases      ] GC(183) Reference Processing 0.094ms
[1676.133s][debug][gc,phases      ] GC(183)   VM Weak                        Min:  0.0, Avg:  0.0, Max:  0.0, Diff:  0.0, Sum:  0.0, Workers: 4
[1676.133s][debug][gc,phases      ] GC(183)     Dead                           Min: 0, Avg:  0.0, Max: 0, Diff: 0, Sum: 0, Workers: 4
[1676.133s][debug][gc,phases      ] GC(183)     Total                          Min: 0, Avg: 185.5, Max: 614, Diff: 614, Sum: 742, Workers: 4
[1676.133s][debug][gc,phases      ] GC(183)   ObjectSynchronizer Weak        Min:  0.0, Avg:  0.0, Max:  0.0, Diff:  0.0, Sum:  0.0, Workers: 4
[1676.133s][debug][gc,phases      ] GC(183)     Dead                           Min: 0, Avg:  0.0, Max: 0, Diff: 0, Sum: 0, Workers: 4
[1676.133s][debug][gc,phases      ] GC(183)     Total                          Min: 0, Avg:  1.0, Max: 4, Diff: 4, Sum: 4, Workers: 4
[1676.133s][debug][gc,phases      ] GC(183)   JVMTI Tag Weak OopStorage      Min:  0.0, Avg:  0.0, Max:  0.0, Diff:  0.0, Sum:  0.0, Workers: 4
[1676.133s][debug][gc,phases      ] GC(183)     Dead                           Min: 0, Avg:  0.0, Max: 0, Diff: 0, Sum: 0, Workers: 4
[1676.133s][debug][gc,phases      ] GC(183)     Total                          Min: 0, Avg:  0.0, Max: 0, Diff: 0, Sum: 0, Workers: 4
[1676.133s][debug][gc,phases      ] GC(183)   StringTable Weak               Min:  0.0, Avg:  0.1, Max:  0.1, Diff:  0.1, Sum:  0.4, Workers: 4
[1676.133s][debug][gc,phases      ] GC(183)     Dead                           Min: 0, Avg:  0.0, Max: 0, Diff: 0, Sum: 0, Workers: 4
[1676.133s][debug][gc,phases      ] GC(183)     Total                          Min: 0, Avg: 11023.8, Max: 17215, Diff: 17215, Sum: 44095, Workers: 4
[1676.133s][debug][gc,phases      ] GC(183)   ResolvedMethodTable Weak       Min:  0.0, Avg:  0.0, Max:  0.0, Diff:  0.0, Sum:  0.1, Workers: 4
[1676.133s][debug][gc,phases      ] GC(183)     Dead                           Min: 0, Avg:  0.0, Max: 0, Diff: 0, Sum: 0, Workers: 4
[1676.133s][debug][gc,phases      ] GC(183)     Total                          Min: 0, Avg: 2612.8, Max: 4415, Diff: 4415, Sum: 10451, Workers: 4
[1676.133s][debug][gc,phases      ] GC(183)   JNI Weak                       Min:  0.0, Avg:  0.0, Max:  0.0, Diff:  0.0, Sum:  0.0, Workers: 4
[1676.133s][debug][gc,phases      ] GC(183)     Dead                           Min: 0, Avg:  0.0, Max: 0, Diff: 0, Sum: 0, Workers: 4
[1676.133s][debug][gc,phases      ] GC(183)     Total                          Min: 0, Avg: 11.2, Max: 45, Diff: 45, Sum: 45, Workers: 4
[1676.133s][debug][gc,phases      ] GC(183)   StringDedup Table Weak         Min:  0.0, Avg:  0.0, Max:  0.0, Diff:  0.0, Sum:  0.0, Workers: 4
[1676.133s][debug][gc,phases      ] GC(183)     Dead                           Min: 0, Avg:  0.0, Max: 0, Diff: 0, Sum: 0, Workers: 4
[1676.133s][debug][gc,phases      ] GC(183)     Total                          Min: 0, Avg:  0.0, Max: 0, Diff: 0, Sum: 0, Workers: 4
[1676.133s][debug][gc,phases      ] GC(183)   StringDedup Requests0 Weak     Min:  0.0, Avg:  0.0, Max:  0.0, Diff:  0.0, Sum:  0.0, Workers: 4
[1676.133s][debug][gc,phases      ] GC(183)     Dead                           Min: 0, Avg:  0.0, Max: 0, Diff: 0, Sum: 0, Workers: 4
[1676.133s][debug][gc,phases      ] GC(183)     Total                          Min: 0, Avg:  0.0, Max: 0, Diff: 0, Sum: 0, Workers: 4
[1676.133s][debug][gc,phases      ] GC(183)   StringDedup Requests1 Weak     Min:  0.0, Avg:  0.0, Max:  0.0, Diff:  0.0, Sum:  0.0, Workers: 4
[1676.133s][debug][gc,phases      ] GC(183)     Dead                           Min: 0, Avg:  0.0, Max: 0, Diff: 0, Sum: 0, Workers: 4
[1676.133s][debug][gc,phases      ] GC(183)     Total                          Min: 0, Avg:  0.0, Max: 0, Diff: 0, Sum: 0, Workers: 4
[1676.133s][debug][gc,phases      ] GC(183)   Weak JFR Old Object Samples    Min:  0.0, Avg:  0.0, Max:  0.0, Diff:  0.0, Sum:  0.0, Workers: 4
[1676.133s][debug][gc,phases      ] GC(183)     Dead                           Min: 0, Avg:  0.0, Max: 0, Diff: 0, Sum: 0, Workers: 4
[1676.133s][debug][gc,phases      ] GC(183)     Total                          Min: 0, Avg:  0.0, Max: 0, Diff: 0, Sum: 0, Workers: 4
[1676.133s][debug][gc,phases      ] GC(183) Weak Processing 0.334ms
[1676.133s][debug][gc,age         ] GC(183) Desired survivor size 4194304 bytes, new threshold 15 (max threshold 15)
[1676.133s][info ][gc,heap        ] GC(183) PSYoungGen: 2090400K(2093056K)->1440K(2093056K) Eden: 2088960K(2088960K)->0K(2088960K) From: 1440K(4096K)->1440K(4096K)
[1676.133s][info ][gc,heap        ] GC(183) ParOldGen: 306522K(351232K)->306530K(351232K)
[1676.133s][info ][gc,metaspace   ] GC(183) Metaspace: 85335K(86272K)->85335K(86272K) NonClass: 72878K(73408K)->72878K(73408K) Class: 12456K(12864K)->12456K(12864K)
[1676.133s][info ][gc             ] GC(183) Pause Young (Allocation Failure) 2340M->300M(2387M) 4.064ms
[1676.133s][info ][gc,cpu         ] GC(183) User=0.01s Sys=0.00s Real=0.01s
[1676.133s][info ][safepoint      ] Safepoint "ParallelGCFailedAllocation", Time since last: 30797403006 ns, Reaching safepoint: 68600 ns, Cleanup: 4000 ns, At safepoint: 4142782 ns, Total: 4215382 ns
[1685.448s][info ][safepoint      ] Safepoint "Cleanup", Time since last: 9315112463 ns, Reaching safepoint: 5000 ns, Cleanup: 10100 ns, At safepoint: 6400 ns, Total: 21500 ns
[1706.929s][info ][gc,start       ] GC(184) Pause Young (Allocation Failure)
[1706.933s][debug][gc,phases      ] GC(184) Scavenge 3.269ms
[1706.933s][debug][gc,ref         ] GC(184) Skipped phase 1 of Reference Processing: no references
[1706.933s][debug][gc,ref         ] GC(184) ReferenceProcessor::execute queues: 1, RefProcThreadModel::Single, marks_oops_alive: false
[1706.933s][debug][gc,ref         ] GC(184) Skipped phase 3 of Reference Processing: no references
[1706.933s][debug][gc,ref         ] GC(184) ReferenceProcessor::execute queues: 1, RefProcThreadModel::Single, marks_oops_alive: false
[1706.933s][debug][gc,phases      ] GC(184) Reference Processing 0.092ms
[1706.933s][debug][gc,phases      ] GC(184)   VM Weak                        Min:  0.0, Avg:  0.0, Max:  0.0, Diff:  0.0, Sum:  0.0, Workers: 4
[1706.933s][debug][gc,phases      ] GC(184)     Dead                           Min: 0, Avg:  0.0, Max: 0, Diff: 0, Sum: 0, Workers: 4
[1706.933s][debug][gc,phases      ] GC(184)     Total                          Min: 0, Avg: 185.5, Max: 742, Diff: 742, Sum: 742, Workers: 4
[1706.933s][debug][gc,phases      ] GC(184)   ObjectSynchronizer Weak        Min:  0.0, Avg:  0.0, Max:  0.0, Diff:  0.0, Sum:  0.0, Workers: 4
[1706.933s][debug][gc,phases      ] GC(184)     Dead                           Min: 0, Avg:  0.0, Max: 0, Diff: 0, Sum: 0, Workers: 4
[1706.933s][debug][gc,phases      ] GC(184)     Total                          Min: 0, Avg:  1.0, Max: 4, Diff: 4, Sum: 4, Workers: 4
[1706.933s][debug][gc,phases      ] GC(184)   JVMTI Tag Weak OopStorage      Min:  0.0, Avg:  0.0, Max:  0.0, Diff:  0.0, Sum:  0.0, Workers: 4
[1706.933s][debug][gc,phases      ] GC(184)     Dead                           Min: 0, Avg:  0.0, Max: 0, Diff: 0, Sum: 0, Workers: 4
[1706.933s][debug][gc,phases      ] GC(184)     Total                          Min: 0, Avg:  0.0, Max: 0, Diff: 0, Sum: 0, Workers: 4
[1706.933s][debug][gc,phases      ] GC(184)   StringTable Weak               Min:  0.0, Avg:  0.1, Max:  0.1, Diff:  0.1, Sum:  0.4, Workers: 4
[1706.933s][debug][gc,phases      ] GC(184)     Dead                           Min: 0, Avg:  0.0, Max: 0, Diff: 0, Sum: 0, Workers: 4
[1706.933s][debug][gc,phases      ] GC(184)     Total                          Min: 0, Avg: 11023.8, Max: 19072, Diff: 19072, Sum: 44095, Workers: 4
[1706.933s][debug][gc,phases      ] GC(184)   ResolvedMethodTable Weak       Min:  0.0, Avg:  0.0, Max:  0.0, Diff:  0.0, Sum:  0.1, Workers: 4
[1706.933s][debug][gc,phases      ] GC(184)     Dead                           Min: 0, Avg:  0.0, Max: 0, Diff: 0, Sum: 0, Workers: 4
[1706.933s][debug][gc,phases      ] GC(184)     Total                          Min: 0, Avg: 2612.8, Max: 4628, Diff: 4628, Sum: 10451, Workers: 4
[1706.933s][debug][gc,phases      ] GC(184)   JNI Weak                       Min:  0.0, Avg:  0.0, Max:  0.0, Diff:  0.0, Sum:  0.0, Workers: 4
[1706.933s][debug][gc,phases      ] GC(184)     Dead                           Min: 0, Avg:  0.0, Max: 0, Diff: 0, Sum: 0, Workers: 4
[1706.933s][debug][gc,phases      ] GC(184)     Total                          Min: 0, Avg: 11.2, Max: 45, Diff: 45, Sum: 45, Workers: 4
[1706.933s][debug][gc,phases      ] GC(184)   StringDedup Table Weak         Min:  0.0, Avg:  0.0, Max:  0.0, Diff:  0.0, Sum:  0.0, Workers: 4
[1706.933s][debug][gc,phases      ] GC(184)     Dead                           Min: 0, Avg:  0.0, Max: 0, Diff: 0, Sum: 0, Workers: 4
[1706.933s][debug][gc,phases      ] GC(184)     Total                          Min: 0, Avg:  0.0, Max: 0, Diff: 0, Sum: 0, Workers: 4
[1706.933s][debug][gc,phases      ] GC(184)   StringDedup Requests0 Weak     Min:  0.0, Avg:  0.0, Max:  0.0, Diff:  0.0, Sum:  0.0, Workers: 4
[1706.933s][debug][gc,phases      ] GC(184)     Dead                           Min: 0, Avg:  0.0, Max: 0, Diff: 0, Sum: 0, Workers: 4
[1706.933s][debug][gc,phases      ] GC(184)     Total                          Min: 0, Avg:  0.0, Max: 0, Diff: 0, Sum: 0, Workers: 4
[1706.933s][debug][gc,phases      ] GC(184)   StringDedup Requests1 Weak     Min:  0.0, Avg:  0.0, Max:  0.0, Diff:  0.0, Sum:  0.0, Workers: 4
[1706.933s][debug][gc,phases      ] GC(184)     Dead                           Min: 0, Avg:  0.0, Max: 0, Diff: 0, Sum: 0, Workers: 4
[1706.933s][debug][gc,phases      ] GC(184)     Total                          Min: 0, Avg:  0.0, Max: 0, Diff: 0, Sum: 0, Workers: 4
[1706.933s][debug][gc,phases      ] GC(184)   Weak JFR Old Object Samples    Min:  0.0, Avg:  0.0, Max:  0.0, Diff:  0.0, Sum:  0.0, Workers: 4
[1706.933s][debug][gc,phases      ] GC(184)     Dead                           Min: 0, Avg:  0.0, Max: 0, Diff: 0, Sum: 0, Workers: 4
[1706.933s][debug][gc,phases      ] GC(184)     Total                          Min: 0, Avg:  0.0, Max: 0, Diff: 0, Sum: 0, Workers: 4
[1706.933s][debug][gc,phases      ] GC(184) Weak Processing 0.338ms
[1706.933s][debug][gc,age         ] GC(184) Desired survivor size 4194304 bytes, new threshold 15 (max threshold 15)
[1706.933s][info ][gc,heap        ] GC(184) PSYoungGen: 2090400K(2093056K)->1440K(2093056K) Eden: 2088960K(2088960K)->0K(2088960K) From: 1440K(4096K)->1440K(4096K)
[1706.933s][info ][gc,heap        ] GC(184) ParOldGen: 306530K(351232K)->306538K(351232K)
[1706.933s][info ][gc,metaspace   ] GC(184) Metaspace: 85336K(86272K)->85336K(86272K) NonClass: 72880K(73408K)->72880K(73408K) Class: 12456K(12864K)->12456K(12864K)
[1706.933s][info ][gc             ] GC(184) Pause Young (Allocation Failure) 2340M->300M(2387M) 3.802ms
[1706.933s][info ][gc,cpu         ] GC(184) User=0.01s Sys=0.00s Real=0.01s
[1706.933s][info ][safepoint      ] Safepoint "ParallelGCFailedAllocation", Time since last: 21481310827 ns, Reaching safepoint: 3800 ns, Cleanup: 3600 ns, At safepoint: 3864087 ns, Total: 3871487 ns
[1737.681s][info ][gc,start       ] GC(185) Pause Young (Allocation Failure)
[1737.685s][debug][gc,phases      ] GC(185) Scavenge 3.060ms
[1737.685s][debug][gc,ref         ] GC(185) Skipped phase 1 of Reference Processing: no references
[1737.685s][debug][gc,ref         ] GC(185) ReferenceProcessor::execute queues: 1, RefProcThreadModel::Single, marks_oops_alive: false
[1737.685s][debug][gc,ref         ] GC(185) Skipped phase 3 of Reference Processing: no references
[1737.685s][debug][gc,ref         ] GC(185) ReferenceProcessor::execute queues: 1, RefProcThreadModel::Single, marks_oops_alive: false
[1737.685s][debug][gc,phases      ] GC(185) Reference Processing 0.090ms
[1737.685s][debug][gc,phases      ] GC(185)   VM Weak                        Min:  0.0, Avg:  0.0, Max:  0.0, Diff:  0.0, Sum:  0.0, Workers: 4
[1737.685s][debug][gc,phases      ] GC(185)     Dead                           Min: 0, Avg:  0.0, Max: 0, Diff: 0, Sum: 0, Workers: 4
[1737.685s][debug][gc,phases      ] GC(185)     Total                          Min: 0, Avg: 185.5, Max: 384, Diff: 384, Sum: 742, Workers: 4
[1737.685s][debug][gc,phases      ] GC(185)   ObjectSynchronizer Weak        Min:  0.0, Avg:  0.0, Max:  0.0, Diff:  0.0, Sum:  0.0, Workers: 4
[1737.685s][debug][gc,phases      ] GC(185)     Dead                           Min: 0, Avg:  0.0, Max: 0, Diff: 0, Sum: 0, Workers: 4
[1737.685s][debug][gc,phases      ] GC(185)     Total                          Min: 0, Avg:  1.0, Max: 4, Diff: 4, Sum: 4, Workers: 4
[1737.685s][debug][gc,phases      ] GC(185)   JVMTI Tag Weak OopStorage      Min:  0.0, Avg:  0.0, Max:  0.0, Diff:  0.0, Sum:  0.0, Workers: 4
[1737.685s][debug][gc,phases      ] GC(185)     Dead                           Min: 0, Avg:  0.0, Max: 0, Diff: 0, Sum: 0, Workers: 4
[1737.685s][debug][gc,phases      ] GC(185)     Total                          Min: 0, Avg:  0.0, Max: 0, Diff: 0, Sum: 0, Workers: 4
[1737.685s][debug][gc,phases      ] GC(185)   StringTable Weak               Min:  0.1, Avg:  0.1, Max:  0.1, Diff:  0.0, Sum:  0.5, Workers: 4
[1737.685s][debug][gc,phases      ] GC(185)     Dead                           Min: 0, Avg:  0.0, Max: 0, Diff: 0, Sum: 0, Workers: 4
[1737.685s][debug][gc,phases      ] GC(185)     Total                          Min: 10112, Avg: 11023.8, Max: 11520, Diff: 1408, Sum: 44095, Workers: 4
[1737.685s][debug][gc,phases      ] GC(185)   ResolvedMethodTable Weak       Min:  0.0, Avg:  0.0, Max:  0.0, Diff:  0.0, Sum:  0.1, Workers: 4
[1737.685s][debug][gc,phases      ] GC(185)     Dead                           Min: 0, Avg:  0.0, Max: 0, Diff: 0, Sum: 0, Workers: 4
[1737.685s][debug][gc,phases      ] GC(185)     Total                          Min: 2560, Avg: 2612.8, Max: 2708, Diff: 148, Sum: 10451, Workers: 4
[1737.685s][debug][gc,phases      ] GC(185)   JNI Weak                       Min:  0.0, Avg:  0.0, Max:  0.0, Diff:  0.0, Sum:  0.0, Workers: 4
[1737.685s][debug][gc,phases      ] GC(185)     Dead                           Min: 0, Avg:  0.0, Max: 0, Diff: 0, Sum: 0, Workers: 4
[1737.685s][debug][gc,phases      ] GC(185)     Total                          Min: 0, Avg: 11.2, Max: 45, Diff: 45, Sum: 45, Workers: 4
[1737.685s][debug][gc,phases      ] GC(185)   StringDedup Table Weak         Min:  0.0, Avg:  0.0, Max:  0.0, Diff:  0.0, Sum:  0.0, Workers: 4
[1737.685s][debug][gc,phases      ] GC(185)     Dead                           Min: 0, Avg:  0.0, Max: 0, Diff: 0, Sum: 0, Workers: 4
[1737.685s][debug][gc,phases      ] GC(185)     Total                          Min: 0, Avg:  0.0, Max: 0, Diff: 0, Sum: 0, Workers: 4
[1737.685s][debug][gc,phases      ] GC(185)   StringDedup Requests0 Weak     Min:  0.0, Avg:  0.0, Max:  0.0, Diff:  0.0, Sum:  0.0, Workers: 4
[1737.685s][debug][gc,phases      ] GC(185)     Dead                           Min: 0, Avg:  0.0, Max: 0, Diff: 0, Sum: 0, Workers: 4
[1737.685s][debug][gc,phases      ] GC(185)     Total                          Min: 0, Avg:  0.0, Max: 0, Diff: 0, Sum: 0, Workers: 4
[1737.685s][debug][gc,phases      ] GC(185)   StringDedup Requests1 Weak     Min:  0.0, Avg:  0.0, Max:  0.0, Diff:  0.0, Sum:  0.0, Workers: 4
[1737.685s][debug][gc,phases      ] GC(185)     Dead                           Min: 0, Avg:  0.0, Max: 0, Diff: 0, Sum: 0, Workers: 4
[1737.685s][debug][gc,phases      ] GC(185)     Total                          Min: 0, Avg:  0.0, Max: 0, Diff: 0, Sum: 0, Workers: 4
[1737.685s][debug][gc,phases      ] GC(185)   Weak JFR Old Object Samples    Min:  0.0, Avg:  0.0, Max:  0.0, Diff:  0.0, Sum:  0.0, Workers: 4
[1737.685s][debug][gc,phases      ] GC(185)     Dead                           Min: 0, Avg:  0.0, Max: 0, Diff: 0, Sum: 0, Workers: 4
[1737.685s][debug][gc,phases      ] GC(185)     Total                          Min: 0, Avg:  0.0, Max: 0, Diff: 0, Sum: 0, Workers: 4
[1737.685s][debug][gc,phases      ] GC(185) Weak Processing 0.323ms
[1737.685s][debug][gc,age         ] GC(185) Desired survivor size 3670016 bytes, new threshold 15 (max threshold 15)
[1737.685s][info ][gc,heap        ] GC(185) PSYoungGen: 2090400K(2093056K)->1472K(2093056K) Eden: 2088960K(2088960K)->0K(2088960K) From: 1440K(4096K)->1472K(4096K)
[1737.685s][info ][gc,heap        ] GC(185) ParOldGen: 306538K(351232K)->306570K(351232K)
[1737.685s][info ][gc,metaspace   ] GC(185) Metaspace: 85337K(86272K)->85337K(86272K) NonClass: 72880K(73408K)->72880K(73408K) Class: 12456K(12864K)->12456K(12864K)
[1737.685s][info ][gc             ] GC(185) Pause Young (Allocation Failure) 2340M->300M(2387M) 3.580ms
[1737.685s][info ][gc,cpu         ] GC(185) User=0.01s Sys=0.00s Real=0.00s
[1737.685s][info ][safepoint      ] Safepoint "ParallelGCFailedAllocation", Time since last: 30748074664 ns, Reaching safepoint: 4400 ns, Cleanup: 4100 ns, At safepoint: 3648788 ns, Total: 3657288 ns
[1738.685s][info ][safepoint      ] Safepoint "Cleanup", Time since last: 1000076839 ns, Reaching safepoint: 4600 ns, Cleanup: 9100 ns, At safepoint: 2000 ns, Total: 15700 ns
[1768.281s][info ][gc,start       ] GC(186) Pause Young (Allocation Failure)
[1768.284s][debug][gc,phases      ] GC(186) Scavenge 3.031ms
[1768.284s][debug][gc,ref         ] GC(186) Skipped phase 1 of Reference Processing: no references
[1768.284s][debug][gc,ref         ] GC(186) ReferenceProcessor::execute queues: 1, RefProcThreadModel::Single, marks_oops_alive: false
[1768.284s][debug][gc,ref         ] GC(186) Skipped phase 3 of Reference Processing: no references
[1768.284s][debug][gc,ref         ] GC(186) ReferenceProcessor::execute queues: 1, RefProcThreadModel::Single, marks_oops_alive: false
[1768.284s][debug][gc,phases      ] GC(186) Reference Processing 0.108ms
[1768.285s][debug][gc,phases      ] GC(186)   VM Weak                        Min:  0.0, Avg:  0.0, Max:  0.0, Diff:  0.0, Sum:  0.0, Workers: 4
[1768.285s][debug][gc,phases      ] GC(186)     Dead                           Min: 0, Avg:  0.0, Max: 0, Diff: 0, Sum: 0, Workers: 4
[1768.285s][debug][gc,phases      ] GC(186)     Total                          Min: 0, Avg: 185.5, Max: 384, Diff: 384, Sum: 742, Workers: 4
[1768.285s][debug][gc,phases      ] GC(186)   ObjectSynchronizer Weak        Min:  0.0, Avg:  0.0, Max:  0.0, Diff:  0.0, Sum:  0.0, Workers: 4
[1768.285s][debug][gc,phases      ] GC(186)     Dead                           Min: 0, Avg:  0.0, Max: 0, Diff: 0, Sum: 0, Workers: 4
[1768.285s][debug][gc,phases      ] GC(186)     Total                          Min: 0, Avg:  1.0, Max: 4, Diff: 4, Sum: 4, Workers: 4
[1768.285s][debug][gc,phases      ] GC(186)   JVMTI Tag Weak OopStorage      Min:  0.0, Avg:  0.0, Max:  0.0, Diff:  0.0, Sum:  0.0, Workers: 4
[1768.285s][debug][gc,phases      ] GC(186)     Dead                           Min: 0, Avg:  0.0, Max: 0, Diff: 0, Sum: 0, Workers: 4
[1768.285s][debug][gc,phases      ] GC(186)     Total                          Min: 0, Avg:  0.0, Max: 0, Diff: 0, Sum: 0, Workers: 4
[1768.285s][debug][gc,phases      ] GC(186)   StringTable Weak               Min:  0.1, Avg:  0.1, Max:  0.1, Diff:  0.0, Sum:  0.5, Workers: 4
[1768.285s][debug][gc,phases      ] GC(186)     Dead                           Min: 0, Avg:  0.0, Max: 0, Diff: 0, Sum: 0, Workers: 4
[1768.285s][debug][gc,phases      ] GC(186)     Total                          Min: 10304, Avg: 11023.8, Max: 11456, Diff: 1152, Sum: 44095, Workers: 4
[1768.285s][debug][gc,phases      ] GC(186)   ResolvedMethodTable Weak       Min:  0.0, Avg:  0.0, Max:  0.0, Diff:  0.0, Sum:  0.1, Workers: 4
[1768.285s][debug][gc,phases      ] GC(186)     Dead                           Min: 0, Avg:  0.0, Max: 0, Diff: 0, Sum: 0, Workers: 4
[1768.285s][debug][gc,phases      ] GC(186)     Total                          Min: 2560, Avg: 2612.8, Max: 2687, Diff: 127, Sum: 10451, Workers: 4
[1768.285s][debug][gc,phases      ] GC(186)   JNI Weak                       Min:  0.0, Avg:  0.0, Max:  0.0, Diff:  0.0, Sum:  0.0, Workers: 4
[1768.285s][debug][gc,phases      ] GC(186)     Dead                           Min: 0, Avg:  0.0, Max: 0, Diff: 0, Sum: 0, Workers: 4
[1768.285s][debug][gc,phases      ] GC(186)     Total                          Min: 0, Avg: 11.2, Max: 45, Diff: 45, Sum: 45, Workers: 4
[1768.285s][debug][gc,phases      ] GC(186)   StringDedup Table Weak         Min:  0.0, Avg:  0.0, Max:  0.0, Diff:  0.0, Sum:  0.0, Workers: 4
[1768.285s][debug][gc,phases      ] GC(186)     Dead                           Min: 0, Avg:  0.0, Max: 0, Diff: 0, Sum: 0, Workers: 4
[1768.285s][debug][gc,phases      ] GC(186)     Total                          Min: 0, Avg:  0.0, Max: 0, Diff: 0, Sum: 0, Workers: 4
[1768.285s][debug][gc,phases      ] GC(186)   StringDedup Requests0 Weak     Min:  0.0, Avg:  0.0, Max:  0.0, Diff:  0.0, Sum:  0.0, Workers: 4
[1768.285s][debug][gc,phases      ] GC(186)     Dead                           Min: 0, Avg:  0.0, Max: 0, Diff: 0, Sum: 0, Workers: 4
[1768.285s][debug][gc,phases      ] GC(186)     Total                          Min: 0, Avg:  0.0, Max: 0, Diff: 0, Sum: 0, Workers: 4
[1768.285s][debug][gc,phases      ] GC(186)   StringDedup Requests1 Weak     Min:  0.0, Avg:  0.0, Max:  0.0, Diff:  0.0, Sum:  0.0, Workers: 4
[1768.285s][debug][gc,phases      ] GC(186)     Dead                           Min: 0, Avg:  0.0, Max: 0, Diff: 0, Sum: 0, Workers: 4
[1768.285s][debug][gc,phases      ] GC(186)     Total                          Min: 0, Avg:  0.0, Max: 0, Diff: 0, Sum: 0, Workers: 4
[1768.285s][debug][gc,phases      ] GC(186)   Weak JFR Old Object Samples    Min:  0.0, Avg:  0.0, Max:  0.0, Diff:  0.0, Sum:  0.0, Workers: 4
[1768.285s][debug][gc,phases      ] GC(186)     Dead                           Min: 0, Avg:  0.0, Max: 0, Diff: 0, Sum: 0, Workers: 4
[1768.285s][debug][gc,phases      ] GC(186)     Total                          Min: 0, Avg:  0.0, Max: 0, Diff: 0, Sum: 0, Workers: 4
[1768.285s][debug][gc,phases      ] GC(186) Weak Processing 0.320ms
[1768.285s][debug][gc,age         ] GC(186) Desired survivor size 3670016 bytes, new threshold 15 (max threshold 15)
[1768.285s][info ][gc,heap        ] GC(186) PSYoungGen: 2090432K(2093056K)->1376K(2093568K) Eden: 2088960K(2088960K)->0K(2089984K) From: 1472K(4096K)->1376K(3584K)
[1768.285s][info ][gc,heap        ] GC(186) ParOldGen: 306570K(351232K)->306706K(351232K)
[1768.285s][info ][gc,metaspace   ] GC(186) Metaspace: 85337K(86272K)->85337K(86272K) NonClass: 72880K(73408K)->72880K(73408K) Class: 12456K(12864K)->12456K(12864K)
[1768.285s][info ][gc             ] GC(186) Pause Young (Allocation Failure) 2340M->300M(2387M) 3.561ms
[1768.285s][info ][gc,cpu         ] GC(186) User=0.01s Sys=0.00s Real=0.00s
[1768.285s][info ][safepoint      ] Safepoint "ParallelGCFailedAllocation", Time since last: 29595966796 ns, Reaching safepoint: 4600 ns, Cleanup: 3500 ns, At safepoint: 3633487 ns, Total: 3641587 ns
[1799.281s][info ][gc,start       ] GC(187) Pause Young (Allocation Failure)
[1799.285s][debug][gc,phases      ] GC(187) Scavenge 3.104ms
[1799.285s][debug][gc,ref         ] GC(187) Skipped phase 1 of Reference Processing: no references
[1799.285s][debug][gc,ref         ] GC(187) ReferenceProcessor::execute queues: 1, RefProcThreadModel::Single, marks_oops_alive: false
[1799.285s][debug][gc,ref         ] GC(187) Skipped phase 3 of Reference Processing: no references
[1799.285s][debug][gc,ref         ] GC(187) ReferenceProcessor::execute queues: 1, RefProcThreadModel::Single, marks_oops_alive: false
[1799.285s][debug][gc,phases      ] GC(187) Reference Processing 0.095ms
[1799.285s][debug][gc,phases      ] GC(187)   VM Weak                        Min:  0.0, Avg:  0.0, Max:  0.0, Diff:  0.0, Sum:  0.0, Workers: 4
[1799.285s][debug][gc,phases      ] GC(187)     Dead                           Min: 0, Avg:  0.0, Max: 0, Diff: 0, Sum: 0, Workers: 4
[1799.285s][debug][gc,phases      ] GC(187)     Total                          Min: 0, Avg: 185.5, Max: 384, Diff: 384, Sum: 742, Workers: 4
[1799.285s][debug][gc,phases      ] GC(187)   ObjectSynchronizer Weak        Min:  0.0, Avg:  0.0, Max:  0.0, Diff:  0.0, Sum:  0.0, Workers: 4
[1799.285s][debug][gc,phases      ] GC(187)     Dead                           Min: 0, Avg:  0.0, Max: 0, Diff: 0, Sum: 0, Workers: 4
[1799.285s][debug][gc,phases      ] GC(187)     Total                          Min: 0, Avg:  1.0, Max: 4, Diff: 4, Sum: 4, Workers: 4
[1799.285s][debug][gc,phases      ] GC(187)   JVMTI Tag Weak OopStorage      Min:  0.0, Avg:  0.0, Max:  0.0, Diff:  0.0, Sum:  0.0, Workers: 4
[1799.285s][debug][gc,phases      ] GC(187)     Dead                           Min: 0, Avg:  0.0, Max: 0, Diff: 0, Sum: 0, Workers: 4
[1799.285s][debug][gc,phases      ] GC(187)     Total                          Min: 0, Avg:  0.0, Max: 0, Diff: 0, Sum: 0, Workers: 4
[1799.285s][debug][gc,phases      ] GC(187)   StringTable Weak               Min:  0.0, Avg:  0.1, Max:  0.1, Diff:  0.1, Sum:  0.4, Workers: 4
[1799.285s][debug][gc,phases      ] GC(187)     Dead                           Min: 0, Avg:  0.0, Max: 0, Diff: 0, Sum: 0, Workers: 4
[1799.285s][debug][gc,phases      ] GC(187)     Total                          Min: 0, Avg: 11023.8, Max: 19519, Diff: 19519, Sum: 44095, Workers: 4
[1799.285s][debug][gc,phases      ] GC(187)   ResolvedMethodTable Weak       Min:  0.0, Avg:  0.0, Max:  0.0, Diff:  0.0, Sum:  0.1, Workers: 4
[1799.285s][debug][gc,phases      ] GC(187)     Dead                           Min: 0, Avg:  0.0, Max: 0, Diff: 0, Sum: 0, Workers: 4
[1799.285s][debug][gc,phases      ] GC(187)     Total                          Min: 0, Avg: 2612.8, Max: 4692, Diff: 4692, Sum: 10451, Workers: 4
[1799.285s][debug][gc,phases      ] GC(187)   JNI Weak                       Min:  0.0, Avg:  0.0, Max:  0.0, Diff:  0.0, Sum:  0.0, Workers: 4
[1799.285s][debug][gc,phases      ] GC(187)     Dead                           Min: 0, Avg:  0.0, Max: 0, Diff: 0, Sum: 0, Workers: 4
[1799.285s][debug][gc,phases      ] GC(187)     Total                          Min: 0, Avg: 11.2, Max: 45, Diff: 45, Sum: 45, Workers: 4
[1799.285s][debug][gc,phases      ] GC(187)   StringDedup Table Weak         Min:  0.0, Avg:  0.0, Max:  0.0, Diff:  0.0, Sum:  0.0, Workers: 4
[1799.285s][debug][gc,phases      ] GC(187)     Dead                           Min: 0, Avg:  0.0, Max: 0, Diff: 0, Sum: 0, Workers: 4
[1799.285s][debug][gc,phases      ] GC(187)     Total                          Min: 0, Avg:  0.0, Max: 0, Diff: 0, Sum: 0, Workers: 4
[1799.285s][debug][gc,phases      ] GC(187)   StringDedup Requests0 Weak     Min:  0.0, Avg:  0.0, Max:  0.0, Diff:  0.0, Sum:  0.0, Workers: 4
[1799.285s][debug][gc,phases      ] GC(187)     Dead                           Min: 0, Avg:  0.0, Max: 0, Diff: 0, Sum: 0, Workers: 4
[1799.285s][debug][gc,phases      ] GC(187)     Total                          Min: 0, Avg:  0.0, Max: 0, Diff: 0, Sum: 0, Workers: 4
[1799.285s][debug][gc,phases      ] GC(187)   StringDedup Requests1 Weak     Min:  0.0, Avg:  0.0, Max:  0.0, Diff:  0.0, Sum:  0.0, Workers: 4
[1799.285s][debug][gc,phases      ] GC(187)     Dead                           Min: 0, Avg:  0.0, Max: 0, Diff: 0, Sum: 0, Workers: 4
[1799.285s][debug][gc,phases      ] GC(187)     Total                          Min: 0, Avg:  0.0, Max: 0, Diff: 0, Sum: 0, Workers: 4
[1799.285s][debug][gc,phases      ] GC(187)   Weak JFR Old Object Samples    Min:  0.0, Avg:  0.0, Max:  0.0, Diff:  0.0, Sum:  0.0, Workers: 4
[1799.285s][debug][gc,phases      ] GC(187)     Dead                           Min: 0, Avg:  0.0, Max: 0, Diff: 0, Sum: 0, Workers: 4
[1799.285s][debug][gc,phases      ] GC(187)     Total                          Min: 0, Avg:  0.0, Max: 0, Diff: 0, Sum: 0, Workers: 4
[1799.285s][debug][gc,phases      ] GC(187) Weak Processing 0.333ms
[1799.285s][debug][gc,age         ] GC(187) Desired survivor size 3670016 bytes, new threshold 15 (max threshold 15)
[1799.285s][info ][gc,heap        ] GC(187) PSYoungGen: 2091360K(2093568K)->1344K(2093568K) Eden: 2089984K(2089984K)->0K(2089984K) From: 1376K(3584K)->1344K(3584K)
[1799.285s][info ][gc,heap        ] GC(187) ParOldGen: 306706K(351232K)->306730K(351232K)
[1799.285s][info ][gc,metaspace   ] GC(187) Metaspace: 85337K(86272K)->85337K(86272K) NonClass: 72880K(73408K)->72880K(73408K) Class: 12456K(12864K)->12456K(12864K)
[1799.285s][info ][gc             ] GC(187) Pause Young (Allocation Failure) 2341M->300M(2387M) 3.624ms
[1799.285s][info ][gc,cpu         ] GC(187) User=0.00s Sys=0.00s Real=0.00s
[1799.285s][info ][safepoint      ] Safepoint "ParallelGCFailedAllocation", Time since last: 30996596263 ns, Reaching safepoint: 4100 ns, Cleanup: 3400 ns, At safepoint: 3684887 ns, Total: 3692387 ns
[1800.477s][info ][safepoint      ] Safepoint "Cleanup", Time since last: 1191845093 ns, Reaching safepoint: 3700 ns, Cleanup: 18300 ns, At safepoint: 1700 ns, Total: 23700 ns
[1801.477s][info ][safepoint      ] Safepoint "Cleanup", Time since last: 1000109039 ns, Reaching safepoint: 6400 ns, Cleanup: 12500 ns, At safepoint: 8000 ns, Total: 26900 ns
[1812.478s][info ][safepoint      ] Safepoint "Cleanup", Time since last: 11000679853 ns, Reaching safepoint: 4600 ns, Cleanup: 8199 ns, At safepoint: 2000 ns, Total: 14799 ns
[1829.083s][info ][gc,start       ] GC(188) Pause Young (Allocation Failure)
[1829.085s][debug][gc,phases      ] GC(188) Scavenge 2.549ms
[1829.085s][debug][gc,ref         ] GC(188) Skipped phase 1 of Reference Processing: no references
[1829.085s][debug][gc,ref         ] GC(188) ReferenceProcessor::execute queues: 1, RefProcThreadModel::Single, marks_oops_alive: false
[1829.085s][debug][gc,ref         ] GC(188) Skipped phase 3 of Reference Processing: no references
[1829.085s][debug][gc,ref         ] GC(188) ReferenceProcessor::execute queues: 1, RefProcThreadModel::Single, marks_oops_alive: false
[1829.085s][debug][gc,phases      ] GC(188) Reference Processing 0.096ms
[1829.086s][debug][gc,phases      ] GC(188)   VM Weak                        Min:  0.0, Avg:  0.0, Max:  0.0, Diff:  0.0, Sum:  0.0, Workers: 4
[1829.086s][debug][gc,phases      ] GC(188)     Dead                           Min: 0, Avg:  0.0, Max: 0, Diff: 0, Sum: 0, Workers: 4
[1829.086s][debug][gc,phases      ] GC(188)     Total                          Min: 0, Avg: 185.5, Max: 550, Diff: 550, Sum: 742, Workers: 4
[1829.086s][debug][gc,phases      ] GC(188)   ObjectSynchronizer Weak        Min:  0.0, Avg:  0.0, Max:  0.0, Diff:  0.0, Sum:  0.0, Workers: 4
[1829.086s][debug][gc,phases      ] GC(188)     Dead                           Min: 0, Avg:  0.0, Max: 0, Diff: 0, Sum: 0, Workers: 4
[1829.086s][debug][gc,phases      ] GC(188)     Total                          Min: 0, Avg:  1.0, Max: 4, Diff: 4, Sum: 4, Workers: 4
[1829.086s][debug][gc,phases      ] GC(188)   JVMTI Tag Weak OopStorage      Min:  0.0, Avg:  0.0, Max:  0.0, Diff:  0.0, Sum:  0.0, Workers: 4
[1829.086s][debug][gc,phases      ] GC(188)     Dead                           Min: 0, Avg:  0.0, Max: 0, Diff: 0, Sum: 0, Workers: 4
[1829.086s][debug][gc,phases      ] GC(188)     Total                          Min: 0, Avg:  0.0, Max: 0, Diff: 0, Sum: 0, Workers: 4
[1829.086s][debug][gc,phases      ] GC(188)   StringTable Weak               Min:  0.0, Avg:  0.1, Max:  0.1, Diff:  0.1, Sum:  0.4, Workers: 4
[1829.086s][debug][gc,phases      ] GC(188)     Dead                           Min: 0, Avg:  0.5, Max: 2, Diff: 2, Sum: 2, Workers: 4
[1829.086s][debug][gc,phases      ] GC(188)     Total                          Min: 0, Avg: 11028.0, Max: 18303, Diff: 18303, Sum: 44112, Workers: 4
[1829.086s][debug][gc,phases      ] GC(188)   ResolvedMethodTable Weak       Min:  0.0, Avg:  0.0, Max:  0.0, Diff:  0.0, Sum:  0.1, Workers: 4
[1829.086s][debug][gc,phases      ] GC(188)     Dead                           Min: 0, Avg:  0.0, Max: 0, Diff: 0, Sum: 0, Workers: 4
[1829.086s][debug][gc,phases      ] GC(188)     Total                          Min: 0, Avg: 2620.0, Max: 3696, Diff: 3696, Sum: 10480, Workers: 4
[1829.086s][debug][gc,phases      ] GC(188)   JNI Weak                       Min:  0.0, Avg:  0.0, Max:  0.0, Diff:  0.0, Sum:  0.0, Workers: 4
[1829.086s][debug][gc,phases      ] GC(188)     Dead                           Min: 0, Avg:  0.0, Max: 0, Diff: 0, Sum: 0, Workers: 4
[1829.086s][debug][gc,phases      ] GC(188)     Total                          Min: 0, Avg: 11.2, Max: 45, Diff: 45, Sum: 45, Workers: 4
[1829.086s][debug][gc,phases      ] GC(188)   StringDedup Table Weak         Min:  0.0, Avg:  0.0, Max:  0.0, Diff:  0.0, Sum:  0.0, Workers: 4
[1829.086s][debug][gc,phases      ] GC(188)     Dead                           Min: 0, Avg:  0.0, Max: 0, Diff: 0, Sum: 0, Workers: 4
[1829.086s][debug][gc,phases      ] GC(188)     Total                          Min: 0, Avg:  0.0, Max: 0, Diff: 0, Sum: 0, Workers: 4
[1829.086s][debug][gc,phases      ] GC(188)   StringDedup Requests0 Weak     Min:  0.0, Avg:  0.0, Max:  0.0, Diff:  0.0, Sum:  0.0, Workers: 4
[1829.086s][debug][gc,phases      ] GC(188)     Dead                           Min: 0, Avg:  0.0, Max: 0, Diff: 0, Sum: 0, Workers: 4
[1829.086s][debug][gc,phases      ] GC(188)     Total                          Min: 0, Avg:  0.0, Max: 0, Diff: 0, Sum: 0, Workers: 4
[1829.086s][debug][gc,phases      ] GC(188)   StringDedup Requests1 Weak     Min:  0.0, Avg:  0.0, Max:  0.0, Diff:  0.0, Sum:  0.0, Workers: 4
[1829.086s][debug][gc,phases      ] GC(188)     Dead                           Min: 0, Avg:  0.0, Max: 0, Diff: 0, Sum: 0, Workers: 4
[1829.086s][debug][gc,phases      ] GC(188)     Total                          Min: 0, Avg:  0.0, Max: 0, Diff: 0, Sum: 0, Workers: 4
[1829.086s][debug][gc,phases      ] GC(188)   Weak JFR Old Object Samples    Min:  0.0, Avg:  0.0, Max:  0.0, Diff:  0.0, Sum:  0.0, Workers: 4
[1829.086s][debug][gc,phases      ] GC(188)     Dead                           Min: 0, Avg:  0.0, Max: 0, Diff: 0, Sum: 0, Workers: 4
[1829.086s][debug][gc,phases      ] GC(188)     Total                          Min: 0, Avg:  0.0, Max: 0, Diff: 0, Sum: 0, Workers: 4
[1829.086s][debug][gc,phases      ] GC(188) Weak Processing 0.363ms
[1829.086s][debug][gc,age         ] GC(188) Desired survivor size 3670016 bytes, new threshold 15 (max threshold 15)
[1829.086s][info ][gc,heap        ] GC(188) PSYoungGen: 2091328K(2093568K)->1408K(2093568K) Eden: 2089984K(2089984K)->0K(2089984K) From: 1344K(3584K)->1408K(3584K)
[1829.086s][info ][gc,heap        ] GC(188) ParOldGen: 306730K(351232K)->306738K(351232K)
[1829.086s][info ][gc,metaspace   ] GC(188) Metaspace: 85412K(86336K)->85412K(86336K) NonClass: 72938K(73472K)->72938K(73472K) Class: 12474K(12864K)->12474K(12864K)
[1829.086s][info ][gc             ] GC(188) Pause Young (Allocation Failure) 2341M->300M(2387M) 3.107ms
[1829.086s][info ][gc,cpu         ] GC(188) User=0.01s Sys=0.00s Real=0.00s
[1829.086s][info ][safepoint      ] Safepoint "ParallelGCFailedAllocation", Time since last: 16604904549 ns, Reaching safepoint: 79200 ns, Cleanup: 4000 ns, At safepoint: 3172589 ns, Total: 3255789 ns
[1860.032s][info ][gc,start       ] GC(189) Pause Young (Allocation Failure)
[1860.034s][debug][gc,phases      ] GC(189) Scavenge 1.785ms
[1860.034s][debug][gc,ref         ] GC(189) Skipped phase 1 of Reference Processing: no references
[1860.034s][debug][gc,ref         ] GC(189) ReferenceProcessor::execute queues: 1, RefProcThreadModel::Single, marks_oops_alive: false
[1860.034s][debug][gc,ref         ] GC(189) Skipped phase 3 of Reference Processing: no references
[1860.034s][debug][gc,ref         ] GC(189) ReferenceProcessor::execute queues: 1, RefProcThreadModel::Single, marks_oops_alive: false
[1860.034s][debug][gc,phases      ] GC(189) Reference Processing 0.094ms
[1860.034s][debug][gc,phases      ] GC(189)   VM Weak                        Min:  0.0, Avg:  0.0, Max:  0.0, Diff:  0.0, Sum:  0.0, Workers: 4
[1860.034s][debug][gc,phases      ] GC(189)     Dead                           Min: 0, Avg:  0.0, Max: 0, Diff: 0, Sum: 0, Workers: 4
[1860.034s][debug][gc,phases      ] GC(189)     Total                          Min: 0, Avg: 185.5, Max: 576, Diff: 576, Sum: 742, Workers: 4
[1860.034s][debug][gc,phases      ] GC(189)   ObjectSynchronizer Weak        Min:  0.0, Avg:  0.0, Max:  0.0, Diff:  0.0, Sum:  0.0, Workers: 4
[1860.034s][debug][gc,phases      ] GC(189)     Dead                           Min: 0, Avg:  0.0, Max: 0, Diff: 0, Sum: 0, Workers: 4
[1860.034s][debug][gc,phases      ] GC(189)     Total                          Min: 0, Avg:  1.0, Max: 4, Diff: 4, Sum: 4, Workers: 4
[1860.034s][debug][gc,phases      ] GC(189)   JVMTI Tag Weak OopStorage      Min:  0.0, Avg:  0.0, Max:  0.0, Diff:  0.0, Sum:  0.0, Workers: 4
[1860.034s][debug][gc,phases      ] GC(189)     Dead                           Min: 0, Avg:  0.0, Max: 0, Diff: 0, Sum: 0, Workers: 4
[1860.034s][debug][gc,phases      ] GC(189)     Total                          Min: 0, Avg:  0.0, Max: 0, Diff: 0, Sum: 0, Workers: 4
[1860.034s][debug][gc,phases      ] GC(189)   StringTable Weak               Min:  0.0, Avg:  0.1, Max:  0.1, Diff:  0.1, Sum:  0.4, Workers: 4
[1860.034s][debug][gc,phases      ] GC(189)     Dead                           Min: 0, Avg:  0.0, Max: 0, Diff: 0, Sum: 0, Workers: 4
[1860.034s][debug][gc,phases      ] GC(189)     Total                          Min: 0, Avg: 11028.0, Max: 19090, Diff: 19090, Sum: 44112, Workers: 4
[1860.034s][debug][gc,phases      ] GC(189)   ResolvedMethodTable Weak       Min:  0.0, Avg:  0.0, Max:  0.0, Diff:  0.0, Sum:  0.1, Workers: 4
[1860.034s][debug][gc,phases      ] GC(189)     Dead                           Min: 0, Avg:  0.0, Max: 0, Diff: 0, Sum: 0, Workers: 4
[1860.034s][debug][gc,phases      ] GC(189)     Total                          Min: 0, Avg: 2620.0, Max: 4670, Diff: 4670, Sum: 10480, Workers: 4
[1860.034s][debug][gc,phases      ] GC(189)   JNI Weak                       Min:  0.0, Avg:  0.0, Max:  0.0, Diff:  0.0, Sum:  0.0, Workers: 4
[1860.034s][debug][gc,phases      ] GC(189)     Dead                           Min: 0, Avg:  0.0, Max: 0, Diff: 0, Sum: 0, Workers: 4
[1860.034s][debug][gc,phases      ] GC(189)     Total                          Min: 0, Avg: 11.2, Max: 45, Diff: 45, Sum: 45, Workers: 4
[1860.034s][debug][gc,phases      ] GC(189)   StringDedup Table Weak         Min:  0.0, Avg:  0.0, Max:  0.0, Diff:  0.0, Sum:  0.0, Workers: 4
[1860.034s][debug][gc,phases      ] GC(189)     Dead                           Min: 0, Avg:  0.0, Max: 0, Diff: 0, Sum: 0, Workers: 4
[1860.034s][debug][gc,phases      ] GC(189)     Total                          Min: 0, Avg:  0.0, Max: 0, Diff: 0, Sum: 0, Workers: 4
[1860.034s][debug][gc,phases      ] GC(189)   StringDedup Requests0 Weak     Min:  0.0, Avg:  0.0, Max:  0.0, Diff:  0.0, Sum:  0.0, Workers: 4
[1860.034s][debug][gc,phases      ] GC(189)     Dead                           Min: 0, Avg:  0.0, Max: 0, Diff: 0, Sum: 0, Workers: 4
[1860.034s][debug][gc,phases      ] GC(189)     Total                          Min: 0, Avg:  0.0, Max: 0, Diff: 0, Sum: 0, Workers: 4
[1860.034s][debug][gc,phases      ] GC(189)   StringDedup Requests1 Weak     Min:  0.0, Avg:  0.0, Max:  0.0, Diff:  0.0, Sum:  0.0, Workers: 4
[1860.034s][debug][gc,phases      ] GC(189)     Dead                           Min: 0, Avg:  0.0, Max: 0, Diff: 0, Sum: 0, Workers: 4
[1860.034s][debug][gc,phases      ] GC(189)     Total                          Min: 0, Avg:  0.0, Max: 0, Diff: 0, Sum: 0, Workers: 4
[1860.034s][debug][gc,phases      ] GC(189)   Weak JFR Old Object Samples    Min:  0.0, Avg:  0.0, Max:  0.0, Diff:  0.0, Sum:  0.0, Workers: 4
[1860.034s][debug][gc,phases      ] GC(189)     Dead                           Min: 0, Avg:  0.0, Max: 0, Diff: 0, Sum: 0, Workers: 4
[1860.034s][debug][gc,phases      ] GC(189)     Total                          Min: 0, Avg:  0.0, Max: 0, Diff: 0, Sum: 0, Workers: 4
[1860.034s][debug][gc,phases      ] GC(189) Weak Processing 0.365ms
[1860.034s][debug][gc,age         ] GC(189) Desired survivor size 3145728 bytes, new threshold 15 (max threshold 15)
[1860.034s][info ][gc,heap        ] GC(189) PSYoungGen: 2091392K(2093568K)->1376K(2093568K) Eden: 2089984K(2089984K)->0K(2089984K) From: 1408K(3584K)->1376K(3584K)
[1860.034s][info ][gc,heap        ] GC(189) ParOldGen: 306738K(351232K)->306754K(351232K)
[1860.034s][info ][gc,metaspace   ] GC(189) Metaspace: 85412K(86336K)->85412K(86336K) NonClass: 72938K(73472K)->72938K(73472K) Class: 12474K(12864K)->12474K(12864K)
[1860.034s][info ][gc             ] GC(189) Pause Young (Allocation Failure) 2341M->300M(2387M) 2.341ms
[1860.034s][info ][gc,cpu         ] GC(189) User=0.01s Sys=0.00s Real=0.00s
[1860.034s][info ][safepoint      ] Safepoint "ParallelGCFailedAllocation", Time since last: 30946135906 ns, Reaching safepoint: 4200 ns, Cleanup: 3800 ns, At safepoint: 2404994 ns, Total: 2412994 ns
[1887.494s][info ][safepoint      ] Safepoint "Cleanup", Time since last: 27459553063 ns, Reaching safepoint: 4500 ns, Cleanup: 7700 ns, At safepoint: 1600 ns, Total: 13800 ns
[1891.430s][info ][gc,start       ] GC(190) Pause Young (Allocation Failure)
[1891.432s][debug][gc,phases      ] GC(190) Scavenge 2.840ms
[1891.432s][debug][gc,ref         ] GC(190) Skipped phase 1 of Reference Processing: no references
[1891.433s][debug][gc,ref         ] GC(190) ReferenceProcessor::execute queues: 1, RefProcThreadModel::Single, marks_oops_alive: false
[1891.433s][debug][gc,ref         ] GC(190) Skipped phase 3 of Reference Processing: no references
[1891.433s][debug][gc,ref         ] GC(190) ReferenceProcessor::execute queues: 1, RefProcThreadModel::Single, marks_oops_alive: false
[1891.433s][debug][gc,phases      ] GC(190) Reference Processing 0.093ms
[1891.433s][debug][gc,phases      ] GC(190)   VM Weak                        Min:  0.0, Avg:  0.0, Max:  0.0, Diff:  0.0, Sum:  0.0, Workers: 4
[1891.433s][debug][gc,phases      ] GC(190)     Dead                           Min: 0, Avg:  0.0, Max: 0, Diff: 0, Sum: 0, Workers: 4
[1891.433s][debug][gc,phases      ] GC(190)     Total                          Min: 0, Avg: 185.5, Max: 640, Diff: 640, Sum: 742, Workers: 4
[1891.433s][debug][gc,phases      ] GC(190)   ObjectSynchronizer Weak        Min:  0.0, Avg:  0.0, Max:  0.0, Diff:  0.0, Sum:  0.0, Workers: 4
[1891.433s][debug][gc,phases      ] GC(190)     Dead                           Min: 0, Avg:  0.0, Max: 0, Diff: 0, Sum: 0, Workers: 4
[1891.433s][debug][gc,phases      ] GC(190)     Total                          Min: 0, Avg:  1.0, Max: 4, Diff: 4, Sum: 4, Workers: 4
[1891.433s][debug][gc,phases      ] GC(190)   JVMTI Tag Weak OopStorage      Min:  0.0, Avg:  0.0, Max:  0.0, Diff:  0.0, Sum:  0.0, Workers: 4
[1891.433s][debug][gc,phases      ] GC(190)     Dead                           Min: 0, Avg:  0.0, Max: 0, Diff: 0, Sum: 0, Workers: 4
[1891.433s][debug][gc,phases      ] GC(190)     Total                          Min: 0, Avg:  0.0, Max: 0, Diff: 0, Sum: 0, Workers: 4
[1891.433s][debug][gc,phases      ] GC(190)   StringTable Weak               Min:  0.0, Avg:  0.1, Max:  0.1, Diff:  0.1, Sum:  0.4, Workers: 4
[1891.433s][debug][gc,phases      ] GC(190)     Dead                           Min: 0, Avg:  0.0, Max: 0, Diff: 0, Sum: 0, Workers: 4
[1891.433s][debug][gc,phases      ] GC(190)     Total                          Min: 0, Avg: 11028.0, Max: 19217, Diff: 19217, Sum: 44112, Workers: 4
[1891.433s][debug][gc,phases      ] GC(190)   ResolvedMethodTable Weak       Min:  0.0, Avg:  0.0, Max:  0.0, Diff:  0.0, Sum:  0.1, Workers: 4
[1891.433s][debug][gc,phases      ] GC(190)     Dead                           Min: 0, Avg:  0.0, Max: 0, Diff: 0, Sum: 0, Workers: 4
[1891.433s][debug][gc,phases      ] GC(190)     Total                          Min: 0, Avg: 2620.0, Max: 4414, Diff: 4414, Sum: 10480, Workers: 4
[1891.433s][debug][gc,phases      ] GC(190)   JNI Weak                       Min:  0.0, Avg:  0.0, Max:  0.0, Diff:  0.0, Sum:  0.0, Workers: 4
[1891.433s][debug][gc,phases      ] GC(190)     Dead                           Min: 0, Avg:  0.0, Max: 0, Diff: 0, Sum: 0, Workers: 4
[1891.433s][debug][gc,phases      ] GC(190)     Total                          Min: 0, Avg: 11.2, Max: 45, Diff: 45, Sum: 45, Workers: 4
[1891.433s][debug][gc,phases      ] GC(190)   StringDedup Table Weak         Min:  0.0, Avg:  0.0, Max:  0.0, Diff:  0.0, Sum:  0.0, Workers: 4
[1891.433s][debug][gc,phases      ] GC(190)     Dead                           Min: 0, Avg:  0.0, Max: 0, Diff: 0, Sum: 0, Workers: 4
[1891.433s][debug][gc,phases      ] GC(190)     Total                          Min: 0, Avg:  0.0, Max: 0, Diff: 0, Sum: 0, Workers: 4
[1891.433s][debug][gc,phases      ] GC(190)   StringDedup Requests0 Weak     Min:  0.0, Avg:  0.0, Max:  0.0, Diff:  0.0, Sum:  0.0, Workers: 4
[1891.433s][debug][gc,phases      ] GC(190)     Dead                           Min: 0, Avg:  0.0, Max: 0, Diff: 0, Sum: 0, Workers: 4
[1891.433s][debug][gc,phases      ] GC(190)     Total                          Min: 0, Avg:  0.0, Max: 0, Diff: 0, Sum: 0, Workers: 4
[1891.433s][debug][gc,phases      ] GC(190)   StringDedup Requests1 Weak     Min:  0.0, Avg:  0.0, Max:  0.0, Diff:  0.0, Sum:  0.0, Workers: 4
[1891.433s][debug][gc,phases      ] GC(190)     Dead                           Min: 0, Avg:  0.0, Max: 0, Diff: 0, Sum: 0, Workers: 4
[1891.433s][debug][gc,phases      ] GC(190)     Total                          Min: 0, Avg:  0.0, Max: 0, Diff: 0, Sum: 0, Workers: 4
[1891.433s][debug][gc,phases      ] GC(190)   Weak JFR Old Object Samples    Min:  0.0, Avg:  0.0, Max:  0.0, Diff:  0.0, Sum:  0.0, Workers: 4
[1891.433s][debug][gc,phases      ] GC(190)     Dead                           Min: 0, Avg:  0.0, Max: 0, Diff: 0, Sum: 0, Workers: 4
[1891.433s][debug][gc,phases      ] GC(190)     Total                          Min: 0, Avg:  0.0, Max: 0, Diff: 0, Sum: 0, Workers: 4
[1891.433s][debug][gc,phases      ] GC(190) Weak Processing 0.335ms
[1891.433s][debug][gc,age         ] GC(190) Desired survivor size 3145728 bytes, new threshold 15 (max threshold 15)
[1891.433s][info ][gc,heap        ] GC(190) PSYoungGen: 2091360K(2093568K)->1344K(2094080K) Eden: 2089984K(2089984K)->0K(2091008K) From: 1376K(3584K)->1344K(3072K)
[1891.433s][info ][gc,heap        ] GC(190) ParOldGen: 306754K(351232K)->306770K(351232K)
[1891.433s][info ][gc,metaspace   ] GC(190) Metaspace: 85414K(86336K)->85414K(86336K) NonClass: 72940K(73472K)->72940K(73472K) Class: 12474K(12864K)->12474K(12864K)
[1891.433s][info ][gc             ] GC(190) Pause Young (Allocation Failure) 2341M->300M(2388M) 3.383ms
[1891.433s][info ][gc,cpu         ] GC(190) User=0.01s Sys=0.00s Real=0.01s
[1891.433s][info ][safepoint      ] Safepoint "ParallelGCFailedAllocation", Time since last: 3935470928 ns, Reaching safepoint: 4300 ns, Cleanup: 4100 ns, At safepoint: 3444990 ns, Total: 3453390 ns
[1893.433s][info ][safepoint      ] Safepoint "Cleanup", Time since last: 2000141269 ns, Reaching safepoint: 4400 ns, Cleanup: 11500 ns, At safepoint: 1600 ns, Total: 17500 ns
[1922.629s][info ][gc,start       ] GC(191) Pause Young (Allocation Failure)
[1922.632s][debug][gc,phases      ] GC(191) Scavenge 2.905ms
[1922.632s][debug][gc,ref         ] GC(191) Skipped phase 1 of Reference Processing: no references
[1922.632s][debug][gc,ref         ] GC(191) ReferenceProcessor::execute queues: 1, RefProcThreadModel::Single, marks_oops_alive: false
[1922.632s][debug][gc,ref         ] GC(191) Skipped phase 3 of Reference Processing: no references
[1922.632s][debug][gc,ref         ] GC(191) ReferenceProcessor::execute queues: 1, RefProcThreadModel::Single, marks_oops_alive: false
[1922.633s][debug][gc,phases      ] GC(191) Reference Processing 0.090ms
[1922.633s][debug][gc,phases      ] GC(191)   VM Weak                        Min:  0.0, Avg:  0.0, Max:  0.0, Diff:  0.0, Sum:  0.0, Workers: 4
[1922.633s][debug][gc,phases      ] GC(191)     Dead                           Min: 0, Avg:  0.0, Max: 0, Diff: 0, Sum: 0, Workers: 4
[1922.633s][debug][gc,phases      ] GC(191)     Total                          Min: 0, Avg: 185.5, Max: 422, Diff: 422, Sum: 742, Workers: 4
[1922.633s][debug][gc,phases      ] GC(191)   ObjectSynchronizer Weak        Min:  0.0, Avg:  0.0, Max:  0.0, Diff:  0.0, Sum:  0.0, Workers: 4
[1922.633s][debug][gc,phases      ] GC(191)     Dead                           Min: 0, Avg:  0.0, Max: 0, Diff: 0, Sum: 0, Workers: 4
[1922.633s][debug][gc,phases      ] GC(191)     Total                          Min: 0, Avg:  0.8, Max: 3, Diff: 3, Sum: 3, Workers: 4
[1922.633s][debug][gc,phases      ] GC(191)   JVMTI Tag Weak OopStorage      Min:  0.0, Avg:  0.0, Max:  0.0, Diff:  0.0, Sum:  0.0, Workers: 4
[1922.633s][debug][gc,phases      ] GC(191)     Dead                           Min: 0, Avg:  0.0, Max: 0, Diff: 0, Sum: 0, Workers: 4
[1922.633s][debug][gc,phases      ] GC(191)     Total                          Min: 0, Avg:  0.0, Max: 0, Diff: 0, Sum: 0, Workers: 4
[1922.633s][debug][gc,phases      ] GC(191)   StringTable Weak               Min:  0.0, Avg:  0.1, Max:  0.1, Diff:  0.1, Sum:  0.4, Workers: 4
[1922.633s][debug][gc,phases      ] GC(191)     Dead                           Min: 0, Avg:  0.0, Max: 0, Diff: 0, Sum: 0, Workers: 4
[1922.633s][debug][gc,phases      ] GC(191)     Total                          Min: 0, Avg: 11028.0, Max: 19007, Diff: 19007, Sum: 44112, Workers: 4
[1922.633s][debug][gc,phases      ] GC(191)   ResolvedMethodTable Weak       Min:  0.0, Avg:  0.0, Max:  0.0, Diff:  0.0, Sum:  0.1, Workers: 4
[1922.633s][debug][gc,phases      ] GC(191)     Dead                           Min: 0, Avg:  0.0, Max: 0, Diff: 0, Sum: 0, Workers: 4
[1922.633s][debug][gc,phases      ] GC(191)     Total                          Min: 0, Avg: 2620.0, Max: 4608, Diff: 4608, Sum: 10480, Workers: 4
[1922.633s][debug][gc,phases      ] GC(191)   JNI Weak                       Min:  0.0, Avg:  0.0, Max:  0.0, Diff:  0.0, Sum:  0.0, Workers: 4
[1922.633s][debug][gc,phases      ] GC(191)     Dead                           Min: 0, Avg:  0.0, Max: 0, Diff: 0, Sum: 0, Workers: 4
[1922.633s][debug][gc,phases      ] GC(191)     Total                          Min: 0, Avg: 11.2, Max: 45, Diff: 45, Sum: 45, Workers: 4
[1922.633s][debug][gc,phases      ] GC(191)   StringDedup Table Weak         Min:  0.0, Avg:  0.0, Max:  0.0, Diff:  0.0, Sum:  0.0, Workers: 4
[1922.633s][debug][gc,phases      ] GC(191)     Dead                           Min: 0, Avg:  0.0, Max: 0, Diff: 0, Sum: 0, Workers: 4
[1922.633s][debug][gc,phases      ] GC(191)     Total                          Min: 0, Avg:  0.0, Max: 0, Diff: 0, Sum: 0, Workers: 4
[1922.633s][debug][gc,phases      ] GC(191)   StringDedup Requests0 Weak     Min:  0.0, Avg:  0.0, Max:  0.0, Diff:  0.0, Sum:  0.0, Workers: 4
[1922.633s][debug][gc,phases      ] GC(191)     Dead                           Min: 0, Avg:  0.0, Max: 0, Diff: 0, Sum: 0, Workers: 4
[1922.633s][debug][gc,phases      ] GC(191)     Total                          Min: 0, Avg:  0.0, Max: 0, Diff: 0, Sum: 0, Workers: 4
[1922.633s][debug][gc,phases      ] GC(191)   StringDedup Requests1 Weak     Min:  0.0, Avg:  0.0, Max:  0.0, Diff:  0.0, Sum:  0.0, Workers: 4
[1922.633s][debug][gc,phases      ] GC(191)     Dead                           Min: 0, Avg:  0.0, Max: 0, Diff: 0, Sum: 0, Workers: 4
[1922.633s][debug][gc,phases      ] GC(191)     Total                          Min: 0, Avg:  0.0, Max: 0, Diff: 0, Sum: 0, Workers: 4
[1922.633s][debug][gc,phases      ] GC(191)   Weak JFR Old Object Samples    Min:  0.0, Avg:  0.0, Max:  0.0, Diff:  0.0, Sum:  0.0, Workers: 4
[1922.633s][debug][gc,phases      ] GC(191)     Dead                           Min: 0, Avg:  0.0, Max: 0, Diff: 0, Sum: 0, Workers: 4
[1922.633s][debug][gc,phases      ] GC(191)     Total                          Min: 0, Avg:  0.0, Max: 0, Diff: 0, Sum: 0, Workers: 4
[1922.633s][debug][gc,phases      ] GC(191) Weak Processing 0.334ms
[1922.633s][debug][gc,age         ] GC(191) Desired survivor size 3145728 bytes, new threshold 15 (max threshold 15)
[1922.633s][info ][gc,heap        ] GC(191) PSYoungGen: 2092352K(2094080K)->1376K(2094080K) Eden: 2091008K(2091008K)->0K(2091008K) From: 1344K(3072K)->1376K(3072K)
[1922.633s][info ][gc,heap        ] GC(191) ParOldGen: 306770K(351232K)->306786K(351232K)
[1922.633s][info ][gc,metaspace   ] GC(191) Metaspace: 85415K(86336K)->85415K(86336K) NonClass: 72940K(73472K)->72940K(73472K) Class: 12474K(12864K)->12474K(12864K)
[1922.633s][info ][gc             ] GC(191) Pause Young (Allocation Failure) 2342M->300M(2388M) 3.438ms
[1922.633s][info ][gc,cpu         ] GC(191) User=0.00s Sys=0.01s Real=0.01s
[1922.633s][info ][safepoint      ] Safepoint "ParallelGCFailedAllocation", Time since last: 29196300175 ns, Reaching safepoint: 4200 ns, Cleanup: 12100 ns, At safepoint: 3502190 ns, Total: 3518490 ns
[1947.634s][info ][safepoint      ] Safepoint "Cleanup", Time since last: 25001515812 ns, Reaching safepoint: 4100 ns, Cleanup: 12300 ns, At safepoint: 22500 ns, Total: 38900 ns
[1953.878s][info ][gc,start       ] GC(192) Pause Young (Allocation Failure)
[1953.880s][debug][gc,phases      ] GC(192) Scavenge 1.807ms
[1953.880s][debug][gc,ref         ] GC(192) Skipped phase 1 of Reference Processing: no references
[1953.880s][debug][gc,ref         ] GC(192) ReferenceProcessor::execute queues: 1, RefProcThreadModel::Single, marks_oops_alive: false
[1953.880s][debug][gc,ref         ] GC(192) Skipped phase 3 of Reference Processing: no references
[1953.880s][debug][gc,ref         ] GC(192) ReferenceProcessor::execute queues: 1, RefProcThreadModel::Single, marks_oops_alive: false
[1953.880s][debug][gc,phases      ] GC(192) Reference Processing 0.109ms
[1953.881s][debug][gc,phases      ] GC(192)   VM Weak                        Min:  0.0, Avg:  0.0, Max:  0.0, Diff:  0.0, Sum:  0.0, Workers: 4
[1953.881s][debug][gc,phases      ] GC(192)     Dead                           Min: 0, Avg:  0.0, Max: 0, Diff: 0, Sum: 0, Workers: 4
[1953.881s][debug][gc,phases      ] GC(192)     Total                          Min: 0, Avg: 185.5, Max: 448, Diff: 448, Sum: 742, Workers: 4
[1953.881s][debug][gc,phases      ] GC(192)   ObjectSynchronizer Weak        Min:  0.0, Avg:  0.0, Max:  0.0, Diff:  0.0, Sum:  0.0, Workers: 4
[1953.881s][debug][gc,phases      ] GC(192)     Dead                           Min: 0, Avg:  0.0, Max: 0, Diff: 0, Sum: 0, Workers: 4
[1953.881s][debug][gc,phases      ] GC(192)     Total                          Min: 0, Avg:  1.0, Max: 4, Diff: 4, Sum: 4, Workers: 4
[1953.881s][debug][gc,phases      ] GC(192)   JVMTI Tag Weak OopStorage      Min:  0.0, Avg:  0.0, Max:  0.0, Diff:  0.0, Sum:  0.0, Workers: 4
[1953.881s][debug][gc,phases      ] GC(192)     Dead                           Min: 0, Avg:  0.0, Max: 0, Diff: 0, Sum: 0, Workers: 4
[1953.881s][debug][gc,phases      ] GC(192)     Total                          Min: 0, Avg:  0.0, Max: 0, Diff: 0, Sum: 0, Workers: 4
[1953.881s][debug][gc,phases      ] GC(192)   StringTable Weak               Min:  0.1, Avg:  0.1, Max:  0.1, Diff:  0.0, Sum:  0.4, Workers: 4
[1953.881s][debug][gc,phases      ] GC(192)     Dead                           Min: 0, Avg:  0.0, Max: 0, Diff: 0, Sum: 0, Workers: 4
[1953.881s][debug][gc,phases      ] GC(192)     Total                          Min: 10432, Avg: 11028.0, Max: 11583, Diff: 1151, Sum: 44112, Workers: 4
[1953.881s][debug][gc,phases      ] GC(192)   ResolvedMethodTable Weak       Min:  0.0, Avg:  0.0, Max:  0.0, Diff:  0.0, Sum:  0.1, Workers: 4
[1953.881s][debug][gc,phases      ] GC(192)     Dead                           Min: 0, Avg:  0.0, Max: 0, Diff: 0, Sum: 0, Workers: 4
[1953.881s][debug][gc,phases      ] GC(192)     Total                          Min: 2496, Avg: 2620.0, Max: 2688, Diff: 192, Sum: 10480, Workers: 4
[1953.881s][debug][gc,phases      ] GC(192)   JNI Weak                       Min:  0.0, Avg:  0.0, Max:  0.0, Diff:  0.0, Sum:  0.0, Workers: 4
[1953.881s][debug][gc,phases      ] GC(192)     Dead                           Min: 0, Avg:  0.0, Max: 0, Diff: 0, Sum: 0, Workers: 4
[1953.881s][debug][gc,phases      ] GC(192)     Total                          Min: 0, Avg: 11.2, Max: 45, Diff: 45, Sum: 45, Workers: 4
[1953.881s][debug][gc,phases      ] GC(192)   StringDedup Table Weak         Min:  0.0, Avg:  0.0, Max:  0.0, Diff:  0.0, Sum:  0.0, Workers: 4
[1953.881s][debug][gc,phases      ] GC(192)     Dead                           Min: 0, Avg:  0.0, Max: 0, Diff: 0, Sum: 0, Workers: 4
[1953.881s][debug][gc,phases      ] GC(192)     Total                          Min: 0, Avg:  0.0, Max: 0, Diff: 0, Sum: 0, Workers: 4
[1953.881s][debug][gc,phases      ] GC(192)   StringDedup Requests0 Weak     Min:  0.0, Avg:  0.0, Max:  0.0, Diff:  0.0, Sum:  0.0, Workers: 4
[1953.881s][debug][gc,phases      ] GC(192)     Dead                           Min: 0, Avg:  0.0, Max: 0, Diff: 0, Sum: 0, Workers: 4
[1953.881s][debug][gc,phases      ] GC(192)     Total                          Min: 0, Avg:  0.0, Max: 0, Diff: 0, Sum: 0, Workers: 4
[1953.881s][debug][gc,phases      ] GC(192)   StringDedup Requests1 Weak     Min:  0.0, Avg:  0.0, Max:  0.0, Diff:  0.0, Sum:  0.0, Workers: 4
[1953.881s][debug][gc,phases      ] GC(192)     Dead                           Min: 0, Avg:  0.0, Max: 0, Diff: 0, Sum: 0, Workers: 4
[1953.881s][debug][gc,phases      ] GC(192)     Total                          Min: 0, Avg:  0.0, Max: 0, Diff: 0, Sum: 0, Workers: 4
[1953.881s][debug][gc,phases      ] GC(192)   Weak JFR Old Object Samples    Min:  0.0, Avg:  0.0, Max:  0.0, Diff:  0.0, Sum:  0.0, Workers: 4
[1953.881s][debug][gc,phases      ] GC(192)     Dead                           Min: 0, Avg:  0.0, Max: 0, Diff: 0, Sum: 0, Workers: 4
[1953.881s][debug][gc,phases      ] GC(192)     Total                          Min: 0, Avg:  0.0, Max: 0, Diff: 0, Sum: 0, Workers: 4
[1953.881s][debug][gc,phases      ] GC(192) Weak Processing 0.307ms
[1953.881s][debug][gc,age         ] GC(192) Desired survivor size 3145728 bytes, new threshold 15 (max threshold 15)
[1953.881s][info ][gc,heap        ] GC(192) PSYoungGen: 2092384K(2094080K)->1392K(2094080K) Eden: 2091008K(2091008K)->0K(2091008K) From: 1376K(3072K)->1392K(3072K)
[1953.881s][info ][gc,heap        ] GC(192) ParOldGen: 306786K(351232K)->306826K(351232K)
[1953.881s][info ][gc,metaspace   ] GC(192) Metaspace: 85415K(86336K)->85415K(86336K) NonClass: 72940K(73472K)->72940K(73472K) Class: 12474K(12864K)->12474K(12864K)
[1953.881s][info ][gc             ] GC(192) Pause Young (Allocation Failure) 2342M->300M(2388M) 2.327ms
[1953.881s][info ][gc,cpu         ] GC(192) User=0.01s Sys=0.00s Real=0.01s
[1953.881s][info ][safepoint      ] Safepoint "ParallelGCFailedAllocation", Time since last: 6243938266 ns, Reaching safepoint: 4500 ns, Cleanup: 3700 ns, At safepoint: 2399693 ns, Total: 2407893 ns
[1985.282s][info ][gc,start       ] GC(193) Pause Young (Allocation Failure)
[1985.284s][debug][gc,phases      ] GC(193) Scavenge 2.810ms
[1985.284s][debug][gc,ref         ] GC(193) Skipped phase 1 of Reference Processing: no references
[1985.285s][debug][gc,ref         ] GC(193) ReferenceProcessor::execute queues: 1, RefProcThreadModel::Single, marks_oops_alive: false
[1985.285s][debug][gc,ref         ] GC(193) Skipped phase 3 of Reference Processing: no references
[1985.285s][debug][gc,ref         ] GC(193) ReferenceProcessor::execute queues: 1, RefProcThreadModel::Single, marks_oops_alive: false
[1985.285s][debug][gc,phases      ] GC(193) Reference Processing 0.087ms
[1985.285s][debug][gc,phases      ] GC(193)   VM Weak                        Min:  0.0, Avg:  0.0, Max:  0.0, Diff:  0.0, Sum:  0.0, Workers: 4
[1985.285s][debug][gc,phases      ] GC(193)     Dead                           Min: 0, Avg:  0.0, Max: 0, Diff: 0, Sum: 0, Workers: 4
[1985.285s][debug][gc,phases      ] GC(193)     Total                          Min: 0, Avg: 185.5, Max: 422, Diff: 422, Sum: 742, Workers: 4
[1985.285s][debug][gc,phases      ] GC(193)   ObjectSynchronizer Weak        Min:  0.0, Avg:  0.0, Max:  0.0, Diff:  0.0, Sum:  0.0, Workers: 4
[1985.285s][debug][gc,phases      ] GC(193)     Dead                           Min: 0, Avg:  0.0, Max: 0, Diff: 0, Sum: 0, Workers: 4
[1985.285s][debug][gc,phases      ] GC(193)     Total                          Min: 0, Avg:  0.8, Max: 3, Diff: 3, Sum: 3, Workers: 4
[1985.285s][debug][gc,phases      ] GC(193)   JVMTI Tag Weak OopStorage      Min:  0.0, Avg:  0.0, Max:  0.0, Diff:  0.0, Sum:  0.0, Workers: 4
[1985.285s][debug][gc,phases      ] GC(193)     Dead                           Min: 0, Avg:  0.0, Max: 0, Diff: 0, Sum: 0, Workers: 4
[1985.285s][debug][gc,phases      ] GC(193)     Total                          Min: 0, Avg:  0.0, Max: 0, Diff: 0, Sum: 0, Workers: 4
[1985.285s][debug][gc,phases      ] GC(193)   StringTable Weak               Min:  0.1, Avg:  0.1, Max:  0.1, Diff:  0.0, Sum:  0.4, Workers: 4
[1985.285s][debug][gc,phases      ] GC(193)     Dead                           Min: 0, Avg:  0.0, Max: 0, Diff: 0, Sum: 0, Workers: 4
[1985.285s][debug][gc,phases      ] GC(193)     Total                          Min: 10496, Avg: 11028.0, Max: 11281, Diff: 785, Sum: 44112, Workers: 4
[1985.285s][debug][gc,phases      ] GC(193)   ResolvedMethodTable Weak       Min:  0.0, Avg:  0.0, Max:  0.0, Diff:  0.0, Sum:  0.1, Workers: 4
[1985.285s][debug][gc,phases      ] GC(193)     Dead                           Min: 0, Avg:  0.0, Max: 0, Diff: 0, Sum: 0, Workers: 4
[1985.285s][debug][gc,phases      ] GC(193)     Total                          Min: 2546, Avg: 2620.0, Max: 2688, Diff: 142, Sum: 10480, Workers: 4
[1985.285s][debug][gc,phases      ] GC(193)   JNI Weak                       Min:  0.0, Avg:  0.0, Max:  0.0, Diff:  0.0, Sum:  0.0, Workers: 4
[1985.285s][debug][gc,phases      ] GC(193)     Dead                           Min: 0, Avg:  0.0, Max: 0, Diff: 0, Sum: 0, Workers: 4
[1985.285s][debug][gc,phases      ] GC(193)     Total                          Min: 0, Avg: 11.2, Max: 45, Diff: 45, Sum: 45, Workers: 4
[1985.285s][debug][gc,phases      ] GC(193)   StringDedup Table Weak         Min:  0.0, Avg:  0.0, Max:  0.0, Diff:  0.0, Sum:  0.0, Workers: 4
[1985.285s][debug][gc,phases      ] GC(193)     Dead                           Min: 0, Avg:  0.0, Max: 0, Diff: 0, Sum: 0, Workers: 4
[1985.285s][debug][gc,phases      ] GC(193)     Total                          Min: 0, Avg:  0.0, Max: 0, Diff: 0, Sum: 0, Workers: 4
[1985.285s][debug][gc,phases      ] GC(193)   StringDedup Requests0 Weak     Min:  0.0, Avg:  0.0, Max:  0.0, Diff:  0.0, Sum:  0.0, Workers: 4
[1985.285s][debug][gc,phases      ] GC(193)     Dead                           Min: 0, Avg:  0.0, Max: 0, Diff: 0, Sum: 0, Workers: 4
[1985.285s][debug][gc,phases      ] GC(193)     Total                          Min: 0, Avg:  0.0, Max: 0, Diff: 0, Sum: 0, Workers: 4
[1985.285s][debug][gc,phases      ] GC(193)   StringDedup Requests1 Weak     Min:  0.0, Avg:  0.0, Max:  0.0, Diff:  0.0, Sum:  0.0, Workers: 4
[1985.285s][debug][gc,phases      ] GC(193)     Dead                           Min: 0, Avg:  0.0, Max: 0, Diff: 0, Sum: 0, Workers: 4
[1985.285s][debug][gc,phases      ] GC(193)     Total                          Min: 0, Avg:  0.0, Max: 0, Diff: 0, Sum: 0, Workers: 4
[1985.285s][debug][gc,phases      ] GC(193)   Weak JFR Old Object Samples    Min:  0.0, Avg:  0.0, Max:  0.0, Diff:  0.0, Sum:  0.0, Workers: 4
[1985.285s][debug][gc,phases      ] GC(193)     Dead                           Min: 0, Avg:  0.0, Max: 0, Diff: 0, Sum: 0, Workers: 4
[1985.285s][debug][gc,phases      ] GC(193)     Total                          Min: 0, Avg:  0.0, Max: 0, Diff: 0, Sum: 0, Workers: 4
[1985.285s][debug][gc,phases      ] GC(193) Weak Processing 0.305ms
[1985.285s][debug][gc,age         ] GC(193) Desired survivor size 3145728 bytes, new threshold 15 (max threshold 15)
[1985.285s][info ][gc,heap        ] GC(193) PSYoungGen: 2092400K(2094080K)->1360K(2094080K) Eden: 2091008K(2091008K)->0K(2091008K) From: 1392K(3072K)->1360K(3072K)
[1985.285s][info ][gc,heap        ] GC(193) ParOldGen: 306826K(351232K)->306842K(351232K)
[1985.285s][info ][gc,metaspace   ] GC(193) Metaspace: 85415K(86336K)->85415K(86336K) NonClass: 72940K(73472K)->72940K(73472K) Class: 12474K(12864K)->12474K(12864K)
[1985.285s][info ][gc             ] GC(193) Pause Young (Allocation Failure) 2342M->300M(2388M) 3.303ms
[1985.285s][info ][gc,cpu         ] GC(193) User=0.01s Sys=0.00s Real=0.00s
[1985.285s][info ][safepoint      ] Safepoint "ParallelGCFailedAllocation", Time since last: 31400744579 ns, Reaching safepoint: 11399 ns, Cleanup: 3800 ns, At safepoint: 3365291 ns, Total: 3380490 ns
[2016.380s][info ][gc,start       ] GC(194) Pause Young (Allocation Failure)
[2016.382s][debug][gc,phases      ] GC(194) Scavenge 1.766ms
[2016.382s][debug][gc,ref         ] GC(194) Skipped phase 1 of Reference Processing: no references
[2016.382s][debug][gc,ref         ] GC(194) ReferenceProcessor::execute queues: 1, RefProcThreadModel::Single, marks_oops_alive: false
[2016.382s][debug][gc,ref         ] GC(194) Skipped phase 3 of Reference Processing: no references
[2016.382s][debug][gc,ref         ] GC(194) ReferenceProcessor::execute queues: 1, RefProcThreadModel::Single, marks_oops_alive: false
[2016.382s][debug][gc,phases      ] GC(194) Reference Processing 0.103ms
[2016.382s][debug][gc,phases      ] GC(194)   VM Weak                        Min:  0.0, Avg:  0.0, Max:  0.0, Diff:  0.0, Sum:  0.0, Workers: 4
[2016.382s][debug][gc,phases      ] GC(194)     Dead                           Min: 0, Avg:  0.0, Max: 0, Diff: 0, Sum: 0, Workers: 4
[2016.382s][debug][gc,phases      ] GC(194)     Total                          Min: 0, Avg: 185.5, Max: 320, Diff: 320, Sum: 742, Workers: 4
[2016.382s][debug][gc,phases      ] GC(194)   ObjectSynchronizer Weak        Min:  0.0, Avg:  0.0, Max:  0.0, Diff:  0.0, Sum:  0.0, Workers: 4
[2016.382s][debug][gc,phases      ] GC(194)     Dead                           Min: 0, Avg:  0.0, Max: 0, Diff: 0, Sum: 0, Workers: 4
[2016.382s][debug][gc,phases      ] GC(194)     Total                          Min: 0, Avg:  1.0, Max: 4, Diff: 4, Sum: 4, Workers: 4
[2016.382s][debug][gc,phases      ] GC(194)   JVMTI Tag Weak OopStorage      Min:  0.0, Avg:  0.0, Max:  0.0, Diff:  0.0, Sum:  0.0, Workers: 4
[2016.382s][debug][gc,phases      ] GC(194)     Dead                           Min: 0, Avg:  0.0, Max: 0, Diff: 0, Sum: 0, Workers: 4
[2016.382s][debug][gc,phases      ] GC(194)     Total                          Min: 0, Avg:  0.0, Max: 0, Diff: 0, Sum: 0, Workers: 4
[2016.382s][debug][gc,phases      ] GC(194)   StringTable Weak               Min:  0.0, Avg:  0.1, Max:  0.1, Diff:  0.1, Sum:  0.4, Workers: 4
[2016.382s][debug][gc,phases      ] GC(194)     Dead                           Min: 0, Avg:  0.0, Max: 0, Diff: 0, Sum: 0, Workers: 4
[2016.382s][debug][gc,phases      ] GC(194)     Total                          Min: 0, Avg: 11028.0, Max: 19647, Diff: 19647, Sum: 44112, Workers: 4
[2016.382s][debug][gc,phases      ] GC(194)   ResolvedMethodTable Weak       Min:  0.0, Avg:  0.0, Max:  0.0, Diff:  0.0, Sum:  0.1, Workers: 4
[2016.382s][debug][gc,phases      ] GC(194)     Dead                           Min: 0, Avg:  0.0, Max: 0, Diff: 0, Sum: 0, Workers: 4
[2016.382s][debug][gc,phases      ] GC(194)     Total                          Min: 0, Avg: 2620.0, Max: 4722, Diff: 4722, Sum: 10480, Workers: 4
[2016.382s][debug][gc,phases      ] GC(194)   JNI Weak                       Min:  0.0, Avg:  0.0, Max:  0.0, Diff:  0.0, Sum:  0.0, Workers: 4
[2016.382s][debug][gc,phases      ] GC(194)     Dead                           Min: 0, Avg:  0.0, Max: 0, Diff: 0, Sum: 0, Workers: 4
[2016.382s][debug][gc,phases      ] GC(194)     Total                          Min: 0, Avg: 11.2, Max: 45, Diff: 45, Sum: 45, Workers: 4
[2016.382s][debug][gc,phases      ] GC(194)   StringDedup Table Weak         Min:  0.0, Avg:  0.0, Max:  0.0, Diff:  0.0, Sum:  0.0, Workers: 4
[2016.382s][debug][gc,phases      ] GC(194)     Dead                           Min: 0, Avg:  0.0, Max: 0, Diff: 0, Sum: 0, Workers: 4
[2016.382s][debug][gc,phases      ] GC(194)     Total                          Min: 0, Avg:  0.0, Max: 0, Diff: 0, Sum: 0, Workers: 4
[2016.382s][debug][gc,phases      ] GC(194)   StringDedup Requests0 Weak     Min:  0.0, Avg:  0.0, Max:  0.0, Diff:  0.0, Sum:  0.0, Workers: 4
[2016.382s][debug][gc,phases      ] GC(194)     Dead                           Min: 0, Avg:  0.0, Max: 0, Diff: 0, Sum: 0, Workers: 4
[2016.382s][debug][gc,phases      ] GC(194)     Total                          Min: 0, Avg:  0.0, Max: 0, Diff: 0, Sum: 0, Workers: 4
[2016.382s][debug][gc,phases      ] GC(194)   StringDedup Requests1 Weak     Min:  0.0, Avg:  0.0, Max:  0.0, Diff:  0.0, Sum:  0.0, Workers: 4
[2016.382s][debug][gc,phases      ] GC(194)     Dead                           Min: 0, Avg:  0.0, Max: 0, Diff: 0, Sum: 0, Workers: 4
[2016.382s][debug][gc,phases      ] GC(194)     Total                          Min: 0, Avg:  0.0, Max: 0, Diff: 0, Sum: 0, Workers: 4
[2016.382s][debug][gc,phases      ] GC(194)   Weak JFR Old Object Samples    Min:  0.0, Avg:  0.0, Max:  0.0, Diff:  0.0, Sum:  0.0, Workers: 4
[2016.382s][debug][gc,phases      ] GC(194)     Dead                           Min: 0, Avg:  0.0, Max: 0, Diff: 0, Sum: 0, Workers: 4
[2016.382s][debug][gc,phases      ] GC(194)     Total                          Min: 0, Avg:  0.0, Max: 0, Diff: 0, Sum: 0, Workers: 4
[2016.382s][debug][gc,phases      ] GC(194) Weak Processing 0.320ms
[2016.382s][debug][gc,age         ] GC(194) Desired survivor size 2621440 bytes, new threshold 15 (max threshold 15)
[2016.382s][info ][gc,heap        ] GC(194) PSYoungGen: 2092368K(2094080K)->1360K(2094592K) Eden: 2091008K(2091008K)->0K(2091520K) From: 1360K(3072K)->1360K(3072K)
[2016.382s][info ][gc,heap        ] GC(194) ParOldGen: 306842K(351232K)->306858K(351232K)
[2016.382s][info ][gc,metaspace   ] GC(194) Metaspace: 85415K(86336K)->85415K(86336K) NonClass: 72941K(73472K)->72941K(73472K) Class: 12474K(12864K)->12474K(12864K)
[2016.382s][info ][gc             ] GC(194) Pause Young (Allocation Failure) 2342M->300M(2388M) 2.314ms
[2016.382s][info ][gc,cpu         ] GC(194) User=0.00s Sys=0.00s Real=0.01s
[2016.382s][info ][safepoint      ] Safepoint "ParallelGCFailedAllocation", Time since last: 31094717593 ns, Reaching safepoint: 3900 ns, Cleanup: 3800 ns, At safepoint: 2378597 ns, Total: 2386297 ns
[2043.537s][info ][safepoint      ] Safepoint "Cleanup", Time since last: 27154592648 ns, Reaching safepoint: 4800 ns, Cleanup: 9500 ns, At safepoint: 2300 ns, Total: 16600 ns
[2046.780s][info ][gc,start       ] GC(195) Pause Young (Allocation Failure)
[2046.782s][debug][gc,phases      ] GC(195) Scavenge 2.182ms
[2046.782s][debug][gc,ref         ] GC(195) Skipped phase 1 of Reference Processing: no references
[2046.782s][debug][gc,ref         ] GC(195) ReferenceProcessor::execute queues: 1, RefProcThreadModel::Single, marks_oops_alive: false
[2046.782s][debug][gc,ref         ] GC(195) Skipped phase 3 of Reference Processing: no references
[2046.782s][debug][gc,ref         ] GC(195) ReferenceProcessor::execute queues: 1, RefProcThreadModel::Single, marks_oops_alive: false
[2046.782s][debug][gc,phases      ] GC(195) Reference Processing 0.091ms
[2046.782s][debug][gc,phases      ] GC(195)   VM Weak                        Min:  0.0, Avg:  0.0, Max:  0.0, Diff:  0.0, Sum:  0.0, Workers: 4
[2046.782s][debug][gc,phases      ] GC(195)     Dead                           Min: 0, Avg:  0.0, Max: 0, Diff: 0, Sum: 0, Workers: 4
[2046.782s][debug][gc,phases      ] GC(195)     Total                          Min: 0, Avg: 185.5, Max: 742, Diff: 742, Sum: 742, Workers: 4
[2046.782s][debug][gc,phases      ] GC(195)   ObjectSynchronizer Weak        Min:  0.0, Avg:  0.0, Max:  0.0, Diff:  0.0, Sum:  0.0, Workers: 4
[2046.782s][debug][gc,phases      ] GC(195)     Dead                           Min: 0, Avg:  0.0, Max: 0, Diff: 0, Sum: 0, Workers: 4
[2046.782s][debug][gc,phases      ] GC(195)     Total                          Min: 0, Avg:  1.0, Max: 4, Diff: 4, Sum: 4, Workers: 4
[2046.782s][debug][gc,phases      ] GC(195)   JVMTI Tag Weak OopStorage      Min:  0.0, Avg:  0.0, Max:  0.0, Diff:  0.0, Sum:  0.0, Workers: 4
[2046.782s][debug][gc,phases      ] GC(195)     Dead                           Min: 0, Avg:  0.0, Max: 0, Diff: 0, Sum: 0, Workers: 4
[2046.782s][debug][gc,phases      ] GC(195)     Total                          Min: 0, Avg:  0.0, Max: 0, Diff: 0, Sum: 0, Workers: 4
[2046.782s][debug][gc,phases      ] GC(195)   StringTable Weak               Min:  0.0, Avg:  0.1, Max:  0.1, Diff:  0.1, Sum:  0.4, Workers: 4
[2046.782s][debug][gc,phases      ] GC(195)     Dead                           Min: 0, Avg:  0.0, Max: 0, Diff: 0, Sum: 0, Workers: 4
[2046.782s][debug][gc,phases      ] GC(195)     Total                          Min: 0, Avg: 11028.0, Max: 19838, Diff: 19838, Sum: 44112, Workers: 4
[2046.782s][debug][gc,phases      ] GC(195)   ResolvedMethodTable Weak       Min:  0.0, Avg:  0.0, Max:  0.0, Diff:  0.0, Sum:  0.1, Workers: 4
[2046.782s][debug][gc,phases      ] GC(195)     Dead                           Min: 0, Avg:  0.0, Max: 0, Diff: 0, Sum: 0, Workers: 4
[2046.782s][debug][gc,phases      ] GC(195)     Total                          Min: 0, Avg: 2620.0, Max: 3954, Diff: 3954, Sum: 10480, Workers: 4
[2046.782s][debug][gc,phases      ] GC(195)   JNI Weak                       Min:  0.0, Avg:  0.0, Max:  0.0, Diff:  0.0, Sum:  0.0, Workers: 4
[2046.782s][debug][gc,phases      ] GC(195)     Dead                           Min: 0, Avg:  0.0, Max: 0, Diff: 0, Sum: 0, Workers: 4
[2046.782s][debug][gc,phases      ] GC(195)     Total                          Min: 0, Avg: 11.2, Max: 45, Diff: 45, Sum: 45, Workers: 4
[2046.782s][debug][gc,phases      ] GC(195)   StringDedup Table Weak         Min:  0.0, Avg:  0.0, Max:  0.0, Diff:  0.0, Sum:  0.0, Workers: 4
[2046.783s][debug][gc,phases      ] GC(195)     Dead                           Min: 0, Avg:  0.0, Max: 0, Diff: 0, Sum: 0, Workers: 4
[2046.783s][debug][gc,phases      ] GC(195)     Total                          Min: 0, Avg:  0.0, Max: 0, Diff: 0, Sum: 0, Workers: 4
[2046.783s][debug][gc,phases      ] GC(195)   StringDedup Requests0 Weak     Min:  0.0, Avg:  0.0, Max:  0.0, Diff:  0.0, Sum:  0.0, Workers: 4
[2046.783s][debug][gc,phases      ] GC(195)     Dead                           Min: 0, Avg:  0.0, Max: 0, Diff: 0, Sum: 0, Workers: 4
[2046.783s][debug][gc,phases      ] GC(195)     Total                          Min: 0, Avg:  0.0, Max: 0, Diff: 0, Sum: 0, Workers: 4
[2046.783s][debug][gc,phases      ] GC(195)   StringDedup Requests1 Weak     Min:  0.0, Avg:  0.0, Max:  0.0, Diff:  0.0, Sum:  0.0, Workers: 4
[2046.783s][debug][gc,phases      ] GC(195)     Dead                           Min: 0, Avg:  0.0, Max: 0, Diff: 0, Sum: 0, Workers: 4
[2046.783s][debug][gc,phases      ] GC(195)     Total                          Min: 0, Avg:  0.0, Max: 0, Diff: 0, Sum: 0, Workers: 4
[2046.783s][debug][gc,phases      ] GC(195)   Weak JFR Old Object Samples    Min:  0.0, Avg:  0.0, Max:  0.0, Diff:  0.0, Sum:  0.0, Workers: 4
[2046.783s][debug][gc,phases      ] GC(195)     Dead                           Min: 0, Avg:  0.0, Max: 0, Diff: 0, Sum: 0, Workers: 4
[2046.783s][debug][gc,phases      ] GC(195)     Total                          Min: 0, Avg:  0.0, Max: 0, Diff: 0, Sum: 0, Workers: 4
[2046.783s][debug][gc,phases      ] GC(195) Weak Processing 0.345ms
[2046.783s][debug][gc,age         ] GC(195) Desired survivor size 2621440 bytes, new threshold 15 (max threshold 15)
[2046.783s][info ][gc,heap        ] GC(195) PSYoungGen: 2092880K(2094592K)->1360K(2094080K) Eden: 2091520K(2091520K)->0K(2091520K) From: 1360K(3072K)->1360K(2560K)
[2046.783s][info ][gc,heap        ] GC(195) ParOldGen: 306858K(351232K)->306874K(351232K)
[2046.783s][info ][gc,metaspace   ] GC(195) Metaspace: 85415K(86336K)->85415K(86336K) NonClass: 72941K(73472K)->72941K(73472K) Class: 12474K(12864K)->12474K(12864K)
[2046.783s][info ][gc             ] GC(195) Pause Young (Allocation Failure) 2343M->301M(2388M) 2.720ms
[2046.783s][info ][gc,cpu         ] GC(195) User=0.01s Sys=0.00s Real=0.00s
[2046.783s][info ][safepoint      ] Safepoint "ParallelGCFailedAllocation", Time since last: 3243106849 ns, Reaching safepoint: 74500 ns, Cleanup: 4200 ns, At safepoint: 2789393 ns, Total: 2868093 ns
[2077.629s][info ][gc,start       ] GC(196) Pause Young (Allocation Failure)
[2077.632s][debug][gc,phases      ] GC(196) Scavenge 3.283ms
[2077.632s][debug][gc,ref         ] GC(196) Skipped phase 1 of Reference Processing: no references
[2077.632s][debug][gc,ref         ] GC(196) ReferenceProcessor::execute queues: 1, RefProcThreadModel::Single, marks_oops_alive: false
[2077.632s][debug][gc,ref         ] GC(196) Skipped phase 3 of Reference Processing: no references
[2077.632s][debug][gc,ref         ] GC(196) ReferenceProcessor::execute queues: 1, RefProcThreadModel::Single, marks_oops_alive: false
[2077.632s][debug][gc,phases      ] GC(196) Reference Processing 0.090ms
[2077.633s][debug][gc,phases      ] GC(196)   VM Weak                        Min:  0.0, Avg:  0.0, Max:  0.0, Diff:  0.0, Sum:  0.0, Workers: 4
[2077.633s][debug][gc,phases      ] GC(196)     Dead                           Min: 0, Avg:  0.0, Max: 0, Diff: 0, Sum: 0, Workers: 4
[2077.633s][debug][gc,phases      ] GC(196)     Total                          Min: 0, Avg: 185.5, Max: 448, Diff: 448, Sum: 742, Workers: 4
[2077.633s][debug][gc,phases      ] GC(196)   ObjectSynchronizer Weak        Min:  0.0, Avg:  0.0, Max:  0.0, Diff:  0.0, Sum:  0.0, Workers: 4
[2077.633s][debug][gc,phases      ] GC(196)     Dead                           Min: 0, Avg:  0.0, Max: 0, Diff: 0, Sum: 0, Workers: 4
[2077.633s][debug][gc,phases      ] GC(196)     Total                          Min: 0, Avg:  1.0, Max: 4, Diff: 4, Sum: 4, Workers: 4
[2077.633s][debug][gc,phases      ] GC(196)   JVMTI Tag Weak OopStorage      Min:  0.0, Avg:  0.0, Max:  0.0, Diff:  0.0, Sum:  0.0, Workers: 4
[2077.633s][debug][gc,phases      ] GC(196)     Dead                           Min: 0, Avg:  0.0, Max: 0, Diff: 0, Sum: 0, Workers: 4
[2077.633s][debug][gc,phases      ] GC(196)     Total                          Min: 0, Avg:  0.0, Max: 0, Diff: 0, Sum: 0, Workers: 4
[2077.633s][debug][gc,phases      ] GC(196)   StringTable Weak               Min:  0.0, Avg:  0.1, Max:  0.1, Diff:  0.1, Sum:  0.4, Workers: 4
[2077.633s][debug][gc,phases      ] GC(196)     Dead                           Min: 0, Avg:  0.0, Max: 0, Diff: 0, Sum: 0, Workers: 4
[2077.633s][debug][gc,phases      ] GC(196)     Total                          Min: 0, Avg: 11028.0, Max: 19985, Diff: 19985, Sum: 44112, Workers: 4
[2077.633s][debug][gc,phases      ] GC(196)   ResolvedMethodTable Weak       Min:  0.0, Avg:  0.0, Max:  0.0, Diff:  0.0, Sum:  0.1, Workers: 4
[2077.633s][debug][gc,phases      ] GC(196)     Dead                           Min: 0, Avg:  0.0, Max: 0, Diff: 0, Sum: 0, Workers: 4
[2077.633s][debug][gc,phases      ] GC(196)     Total                          Min: 0, Avg: 2620.0, Max: 4158, Diff: 4158, Sum: 10480, Workers: 4
[2077.633s][debug][gc,phases      ] GC(196)   JNI Weak                       Min:  0.0, Avg:  0.0, Max:  0.0, Diff:  0.0, Sum:  0.0, Workers: 4
[2077.633s][debug][gc,phases      ] GC(196)     Dead                           Min: 0, Avg:  0.0, Max: 0, Diff: 0, Sum: 0, Workers: 4
[2077.633s][debug][gc,phases      ] GC(196)     Total                          Min: 0, Avg: 11.2, Max: 45, Diff: 45, Sum: 45, Workers: 4
[2077.633s][debug][gc,phases      ] GC(196)   StringDedup Table Weak         Min:  0.0, Avg:  0.0, Max:  0.0, Diff:  0.0, Sum:  0.0, Workers: 4
[2077.633s][debug][gc,phases      ] GC(196)     Dead                           Min: 0, Avg:  0.0, Max: 0, Diff: 0, Sum: 0, Workers: 4
[2077.633s][debug][gc,phases      ] GC(196)     Total                          Min: 0, Avg:  0.0, Max: 0, Diff: 0, Sum: 0, Workers: 4
[2077.633s][debug][gc,phases      ] GC(196)   StringDedup Requests0 Weak     Min:  0.0, Avg:  0.0, Max:  0.0, Diff:  0.0, Sum:  0.0, Workers: 4
[2077.633s][debug][gc,phases      ] GC(196)     Dead                           Min: 0, Avg:  0.0, Max: 0, Diff: 0, Sum: 0, Workers: 4
[2077.633s][debug][gc,phases      ] GC(196)     Total                          Min: 0, Avg:  0.0, Max: 0, Diff: 0, Sum: 0, Workers: 4
[2077.633s][debug][gc,phases      ] GC(196)   StringDedup Requests1 Weak     Min:  0.0, Avg:  0.0, Max:  0.0, Diff:  0.0, Sum:  0.0, Workers: 4
[2077.633s][debug][gc,phases      ] GC(196)     Dead                           Min: 0, Avg:  0.0, Max: 0, Diff: 0, Sum: 0, Workers: 4
[2077.633s][debug][gc,phases      ] GC(196)     Total                          Min: 0, Avg:  0.0, Max: 0, Diff: 0, Sum: 0, Workers: 4
[2077.633s][debug][gc,phases      ] GC(196)   Weak JFR Old Object Samples    Min:  0.0, Avg:  0.0, Max:  0.0, Diff:  0.0, Sum:  0.0, Workers: 4
[2077.633s][debug][gc,phases      ] GC(196)     Dead                           Min: 0, Avg:  0.0, Max: 0, Diff: 0, Sum: 0, Workers: 4
[2077.633s][debug][gc,phases      ] GC(196)     Total                          Min: 0, Avg:  0.0, Max: 0, Diff: 0, Sum: 0, Workers: 4
[2077.633s][debug][gc,phases      ] GC(196) Weak Processing 0.330ms
[2077.633s][debug][gc,age         ] GC(196) Desired survivor size 2621440 bytes, new threshold 15 (max threshold 15)
[2077.633s][info ][gc,heap        ] GC(196) PSYoungGen: 2092880K(2094080K)->976K(2094592K) Eden: 2091520K(2091520K)->0K(2092032K) From: 1360K(2560K)->976K(2560K)
[2077.633s][info ][gc,heap        ] GC(196) ParOldGen: 306874K(351232K)->307282K(351232K)
[2077.633s][info ][gc,metaspace   ] GC(196) Metaspace: 85415K(86336K)->85415K(86336K) NonClass: 72941K(73472K)->72941K(73472K) Class: 12474K(12864K)->12474K(12864K)
[2077.633s][info ][gc             ] GC(196) Pause Young (Allocation Failure) 2343M->301M(2388M) 3.817ms
[2077.633s][info ][gc,cpu         ] GC(196) User=0.01s Sys=0.00s Real=0.01s
[2077.633s][info ][safepoint      ] Safepoint "ParallelGCFailedAllocation", Time since last: 30846271830 ns, Reaching safepoint: 4200 ns, Cleanup: 3800 ns, At safepoint: 3881691 ns, Total: 3889691 ns
[2107.729s][info ][gc,start       ] GC(197) Pause Young (Allocation Failure)
[2107.731s][debug][gc,phases      ] GC(197) Scavenge 1.921ms
[2107.731s][debug][gc,ref         ] GC(197) Skipped phase 1 of Reference Processing: no references
[2107.731s][debug][gc,ref         ] GC(197) ReferenceProcessor::execute queues: 1, RefProcThreadModel::Single, marks_oops_alive: false
[2107.731s][debug][gc,ref         ] GC(197) Skipped phase 3 of Reference Processing: no references
[2107.731s][debug][gc,ref         ] GC(197) Skipped phase 4 of Reference Processing: no references
[2107.731s][debug][gc,phases      ] GC(197) Reference Processing 0.079ms
[2107.731s][debug][gc,phases      ] GC(197)   VM Weak                        Min:  0.0, Avg:  0.0, Max:  0.0, Diff:  0.0, Sum:  0.0, Workers: 4
[2107.731s][debug][gc,phases      ] GC(197)     Dead                           Min: 0, Avg:  0.0, Max: 0, Diff: 0, Sum: 0, Workers: 4
[2107.731s][debug][gc,phases      ] GC(197)     Total                          Min: 0, Avg: 185.5, Max: 320, Diff: 320, Sum: 742, Workers: 4
[2107.731s][debug][gc,phases      ] GC(197)   ObjectSynchronizer Weak        Min:  0.0, Avg:  0.0, Max:  0.0, Diff:  0.0, Sum:  0.0, Workers: 4
[2107.731s][debug][gc,phases      ] GC(197)     Dead                           Min: 0, Avg:  0.0, Max: 0, Diff: 0, Sum: 0, Workers: 4
[2107.731s][debug][gc,phases      ] GC(197)     Total                          Min: 0, Avg:  1.0, Max: 4, Diff: 4, Sum: 4, Workers: 4
[2107.731s][debug][gc,phases      ] GC(197)   JVMTI Tag Weak OopStorage      Min:  0.0, Avg:  0.0, Max:  0.0, Diff:  0.0, Sum:  0.0, Workers: 4
[2107.731s][debug][gc,phases      ] GC(197)     Dead                           Min: 0, Avg:  0.0, Max: 0, Diff: 0, Sum: 0, Workers: 4
[2107.731s][debug][gc,phases      ] GC(197)     Total                          Min: 0, Avg:  0.0, Max: 0, Diff: 0, Sum: 0, Workers: 4
[2107.731s][debug][gc,phases      ] GC(197)   StringTable Weak               Min:  0.1, Avg:  0.1, Max:  0.1, Diff:  0.0, Sum:  0.4, Workers: 4
[2107.731s][debug][gc,phases      ] GC(197)     Dead                           Min: 0, Avg:  0.0, Max: 0, Diff: 0, Sum: 0, Workers: 4
[2107.731s][debug][gc,phases      ] GC(197)     Total                          Min: 10687, Avg: 11028.0, Max: 11263, Diff: 576, Sum: 44112, Workers: 4
[2107.731s][debug][gc,phases      ] GC(197)   ResolvedMethodTable Weak       Min:  0.0, Avg:  0.0, Max:  0.0, Diff:  0.0, Sum:  0.1, Workers: 4
[2107.731s][debug][gc,phases      ] GC(197)     Dead                           Min: 0, Avg:  0.0, Max: 0, Diff: 0, Sum: 0, Workers: 4
[2107.731s][debug][gc,phases      ] GC(197)     Total                          Min: 2240, Avg: 2620.0, Max: 2814, Diff: 574, Sum: 10480, Workers: 4
[2107.731s][debug][gc,phases      ] GC(197)   JNI Weak                       Min:  0.0, Avg:  0.0, Max:  0.0, Diff:  0.0, Sum:  0.0, Workers: 4
[2107.731s][debug][gc,phases      ] GC(197)     Dead                           Min: 0, Avg:  0.0, Max: 0, Diff: 0, Sum: 0, Workers: 4
[2107.731s][debug][gc,phases      ] GC(197)     Total                          Min: 0, Avg: 11.2, Max: 45, Diff: 45, Sum: 45, Workers: 4
[2107.731s][debug][gc,phases      ] GC(197)   StringDedup Table Weak         Min:  0.0, Avg:  0.0, Max:  0.0, Diff:  0.0, Sum:  0.0, Workers: 4
[2107.731s][debug][gc,phases      ] GC(197)     Dead                           Min: 0, Avg:  0.0, Max: 0, Diff: 0, Sum: 0, Workers: 4
[2107.731s][debug][gc,phases      ] GC(197)     Total                          Min: 0, Avg:  0.0, Max: 0, Diff: 0, Sum: 0, Workers: 4
[2107.731s][debug][gc,phases      ] GC(197)   StringDedup Requests0 Weak     Min:  0.0, Avg:  0.0, Max:  0.0, Diff:  0.0, Sum:  0.0, Workers: 4
[2107.731s][debug][gc,phases      ] GC(197)     Dead                           Min: 0, Avg:  0.0, Max: 0, Diff: 0, Sum: 0, Workers: 4
[2107.731s][debug][gc,phases      ] GC(197)     Total                          Min: 0, Avg:  0.0, Max: 0, Diff: 0, Sum: 0, Workers: 4
[2107.731s][debug][gc,phases      ] GC(197)   StringDedup Requests1 Weak     Min:  0.0, Avg:  0.0, Max:  0.0, Diff:  0.0, Sum:  0.0, Workers: 4
[2107.731s][debug][gc,phases      ] GC(197)     Dead                           Min: 0, Avg:  0.0, Max: 0, Diff: 0, Sum: 0, Workers: 4
[2107.731s][debug][gc,phases      ] GC(197)     Total                          Min: 0, Avg:  0.0, Max: 0, Diff: 0, Sum: 0, Workers: 4
[2107.731s][debug][gc,phases      ] GC(197)   Weak JFR Old Object Samples    Min:  0.0, Avg:  0.0, Max:  0.0, Diff:  0.0, Sum:  0.0, Workers: 4
[2107.731s][debug][gc,phases      ] GC(197)     Dead                           Min: 0, Avg:  0.0, Max: 0, Diff: 0, Sum: 0, Workers: 4
[2107.731s][debug][gc,phases      ] GC(197)     Total                          Min: 0, Avg:  0.0, Max: 0, Diff: 0, Sum: 0, Workers: 4
[2107.731s][debug][gc,phases      ] GC(197) Weak Processing 0.319ms
[2107.731s][debug][gc,age         ] GC(197) Desired survivor size 2621440 bytes, new threshold 15 (max threshold 15)
[2107.731s][info ][gc,heap        ] GC(197) PSYoungGen: 2093008K(2094592K)->944K(2094592K) Eden: 2092032K(2092032K)->0K(2092032K) From: 976K(2560K)->944K(2560K)
[2107.731s][info ][gc,heap        ] GC(197) ParOldGen: 307282K(351232K)->307306K(351232K)
[2107.731s][info ][gc,metaspace   ] GC(197) Metaspace: 85415K(86336K)->85415K(86336K) NonClass: 72941K(73472K)->72941K(73472K) Class: 12474K(12864K)->12474K(12864K)
[2107.731s][info ][gc             ] GC(197) Pause Young (Allocation Failure) 2344M->301M(2388M) 2.404ms
[2107.731s][info ][gc,cpu         ] GC(197) User=0.00s Sys=0.00s Real=0.00s
[2107.731s][info ][safepoint      ] Safepoint "ParallelGCFailedAllocation", Time since last: 30095735118 ns, Reaching safepoint: 71900 ns, Cleanup: 3800 ns, At safepoint: 2485094 ns, Total: 2560794 ns
[2112.732s][info ][safepoint      ] Safepoint "Cleanup", Time since last: 5000356106 ns, Reaching safepoint: 72000 ns, Cleanup: 9900 ns, At safepoint: 5100 ns, Total: 87000 ns
[2138.329s][info ][gc,start       ] GC(198) Pause Young (Allocation Failure)
[2138.333s][debug][gc,phases      ] GC(198) Scavenge 3.469ms
[2138.333s][debug][gc,ref         ] GC(198) Skipped phase 1 of Reference Processing: no references
[2138.333s][debug][gc,ref         ] GC(198) ReferenceProcessor::execute queues: 1, RefProcThreadModel::Single, marks_oops_alive: false
[2138.333s][debug][gc,ref         ] GC(198) Skipped phase 3 of Reference Processing: no references
[2138.333s][debug][gc,ref         ] GC(198) ReferenceProcessor::execute queues: 1, RefProcThreadModel::Single, marks_oops_alive: false
[2138.333s][debug][gc,phases      ] GC(198) Reference Processing 0.089ms
[2138.333s][debug][gc,phases      ] GC(198)   VM Weak                        Min:  0.0, Avg:  0.0, Max:  0.0, Diff:  0.0, Sum:  0.0, Workers: 4
[2138.333s][debug][gc,phases      ] GC(198)     Dead                           Min: 0, Avg:  0.0, Max: 0, Diff: 0, Sum: 0, Workers: 4
[2138.333s][debug][gc,phases      ] GC(198)     Total                          Min: 0, Avg: 185.5, Max: 576, Diff: 576, Sum: 742, Workers: 4
[2138.333s][debug][gc,phases      ] GC(198)   ObjectSynchronizer Weak        Min:  0.0, Avg:  0.0, Max:  0.0, Diff:  0.0, Sum:  0.0, Workers: 4
[2138.333s][debug][gc,phases      ] GC(198)     Dead                           Min: 0, Avg:  0.0, Max: 0, Diff: 0, Sum: 0, Workers: 4
[2138.333s][debug][gc,phases      ] GC(198)     Total                          Min: 0, Avg:  1.0, Max: 4, Diff: 4, Sum: 4, Workers: 4
[2138.333s][debug][gc,phases      ] GC(198)   JVMTI Tag Weak OopStorage      Min:  0.0, Avg:  0.0, Max:  0.0, Diff:  0.0, Sum:  0.0, Workers: 4
[2138.333s][debug][gc,phases      ] GC(198)     Dead                           Min: 0, Avg:  0.0, Max: 0, Diff: 0, Sum: 0, Workers: 4
[2138.333s][debug][gc,phases      ] GC(198)     Total                          Min: 0, Avg:  0.0, Max: 0, Diff: 0, Sum: 0, Workers: 4
[2138.333s][debug][gc,phases      ] GC(198)   StringTable Weak               Min:  0.1, Avg:  0.1, Max:  0.1, Diff:  0.0, Sum:  0.4, Workers: 4
[2138.333s][debug][gc,phases      ] GC(198)     Dead                           Min: 0, Avg:  0.0, Max: 0, Diff: 0, Sum: 0, Workers: 4
[2138.333s][debug][gc,phases      ] GC(198)     Total                          Min: 10815, Avg: 11030.2, Max: 11328, Diff: 513, Sum: 44121, Workers: 4
[2138.333s][debug][gc,phases      ] GC(198)   ResolvedMethodTable Weak       Min:  0.0, Avg:  0.0, Max:  0.0, Diff:  0.0, Sum:  0.1, Workers: 4
[2138.333s][debug][gc,phases      ] GC(198)     Dead                           Min: 0, Avg:  0.0, Max: 0, Diff: 0, Sum: 0, Workers: 4
[2138.333s][debug][gc,phases      ] GC(198)     Total                          Min: 2560, Avg: 2620.0, Max: 2688, Diff: 128, Sum: 10480, Workers: 4
[2138.333s][debug][gc,phases      ] GC(198)   JNI Weak                       Min:  0.0, Avg:  0.0, Max:  0.0, Diff:  0.0, Sum:  0.0, Workers: 4
[2138.333s][debug][gc,phases      ] GC(198)     Dead                           Min: 0, Avg:  0.0, Max: 0, Diff: 0, Sum: 0, Workers: 4
[2138.333s][debug][gc,phases      ] GC(198)     Total                          Min: 0, Avg: 11.2, Max: 45, Diff: 45, Sum: 45, Workers: 4
[2138.333s][debug][gc,phases      ] GC(198)   StringDedup Table Weak         Min:  0.0, Avg:  0.0, Max:  0.0, Diff:  0.0, Sum:  0.0, Workers: 4
[2138.333s][debug][gc,phases      ] GC(198)     Dead                           Min: 0, Avg:  0.0, Max: 0, Diff: 0, Sum: 0, Workers: 4
[2138.333s][debug][gc,phases      ] GC(198)     Total                          Min: 0, Avg:  0.0, Max: 0, Diff: 0, Sum: 0, Workers: 4
[2138.333s][debug][gc,phases      ] GC(198)   StringDedup Requests0 Weak     Min:  0.0, Avg:  0.0, Max:  0.0, Diff:  0.0, Sum:  0.0, Workers: 4
[2138.333s][debug][gc,phases      ] GC(198)     Dead                           Min: 0, Avg:  0.0, Max: 0, Diff: 0, Sum: 0, Workers: 4
[2138.333s][debug][gc,phases      ] GC(198)     Total                          Min: 0, Avg:  0.0, Max: 0, Diff: 0, Sum: 0, Workers: 4
[2138.333s][debug][gc,phases      ] GC(198)   StringDedup Requests1 Weak     Min:  0.0, Avg:  0.0, Max:  0.0, Diff:  0.0, Sum:  0.0, Workers: 4
[2138.333s][debug][gc,phases      ] GC(198)     Dead                           Min: 0, Avg:  0.0, Max: 0, Diff: 0, Sum: 0, Workers: 4
[2138.333s][debug][gc,phases      ] GC(198)     Total                          Min: 0, Avg:  0.0, Max: 0, Diff: 0, Sum: 0, Workers: 4
[2138.333s][debug][gc,phases      ] GC(198)   Weak JFR Old Object Samples    Min:  0.0, Avg:  0.0, Max:  0.0, Diff:  0.0, Sum:  0.0, Workers: 4
[2138.333s][debug][gc,phases      ] GC(198)     Dead                           Min: 0, Avg:  0.0, Max: 0, Diff: 0, Sum: 0, Workers: 4
[2138.333s][debug][gc,phases      ] GC(198)     Total                          Min: 0, Avg:  0.0, Max: 0, Diff: 0, Sum: 0, Workers: 4
[2138.333s][debug][gc,phases      ] GC(198) Weak Processing 0.306ms
[2138.333s][debug][gc,age         ] GC(198) Desired survivor size 2621440 bytes, new threshold 15 (max threshold 15)
[2138.333s][info ][gc,heap        ] GC(198) PSYoungGen: 2092976K(2094592K)->1008K(2094592K) Eden: 2092032K(2092032K)->0K(2092032K) From: 944K(2560K)->1008K(2560K)
[2138.333s][info ][gc,heap        ] GC(198) ParOldGen: 307306K(351232K)->307330K(351232K)
[2138.333s][info ][gc,metaspace   ] GC(198) Metaspace: 85416K(86336K)->85416K(86336K) NonClass: 72941K(73472K)->72941K(73472K) Class: 12474K(12864K)->12474K(12864K)
[2138.333s][info ][gc             ] GC(198) Pause Young (Allocation Failure) 2344M->301M(2388M) 3.957ms
[2138.333s][info ][gc,cpu         ] GC(198) User=0.01s Sys=0.00s Real=0.01s
[2138.333s][info ][safepoint      ] Safepoint "ParallelGCFailedAllocation", Time since last: 25597845384 ns, Reaching safepoint: 4900 ns, Cleanup: 3500 ns, At safepoint: 4043090 ns, Total: 4051490 ns
[2156.012s][info ][safepoint      ] Safepoint "Cleanup", Time since last: 17678772143 ns, Reaching safepoint: 4200 ns, Cleanup: 26700 ns, At safepoint: 1800 ns, Total: 32700 ns
[2161.566s][info ][safepoint      ] Safepoint "Cleanup", Time since last: 5553538421 ns, Reaching safepoint: 4300 ns, Cleanup: 8900 ns, At safepoint: 2200 ns, Total: 15400 ns
[2166.566s][info ][safepoint      ] Safepoint "Cleanup", Time since last: 5000309619 ns, Reaching safepoint: 3500 ns, Cleanup: 8100 ns, At safepoint: 1600 ns, Total: 13200 ns
[2169.230s][info ][gc,start       ] GC(199) Pause Young (Allocation Failure)
[2169.232s][debug][gc,phases      ] GC(199) Scavenge 1.770ms
[2169.232s][debug][gc,ref         ] GC(199) Skipped phase 1 of Reference Processing: no references
[2169.232s][debug][gc,ref         ] GC(199) ReferenceProcessor::execute queues: 1, RefProcThreadModel::Single, marks_oops_alive: false
[2169.232s][debug][gc,ref         ] GC(199) Skipped phase 3 of Reference Processing: no references
[2169.232s][debug][gc,ref         ] GC(199) Skipped phase 4 of Reference Processing: no references
[2169.232s][debug][gc,phases      ] GC(199) Reference Processing 0.086ms
[2169.233s][debug][gc,phases      ] GC(199)   VM Weak                        Min:  0.0, Avg:  0.0, Max:  0.0, Diff:  0.0, Sum:  0.0, Workers: 4
[2169.233s][debug][gc,phases      ] GC(199)     Dead                           Min: 0, Avg:  0.0, Max: 0, Diff: 0, Sum: 0, Workers: 4
[2169.233s][debug][gc,phases      ] GC(199)     Total                          Min: 0, Avg: 185.5, Max: 384, Diff: 384, Sum: 742, Workers: 4
[2169.233s][debug][gc,phases      ] GC(199)   ObjectSynchronizer Weak        Min:  0.0, Avg:  0.0, Max:  0.0, Diff:  0.0, Sum:  0.0, Workers: 4
[2169.233s][debug][gc,phases      ] GC(199)     Dead                           Min: 0, Avg:  0.0, Max: 0, Diff: 0, Sum: 0, Workers: 4
[2169.233s][debug][gc,phases      ] GC(199)     Total                          Min: 0, Avg:  1.0, Max: 4, Diff: 4, Sum: 4, Workers: 4
[2169.233s][debug][gc,phases      ] GC(199)   JVMTI Tag Weak OopStorage      Min:  0.0, Avg:  0.0, Max:  0.0, Diff:  0.0, Sum:  0.0, Workers: 4
[2169.233s][debug][gc,phases      ] GC(199)     Dead                           Min: 0, Avg:  0.0, Max: 0, Diff: 0, Sum: 0, Workers: 4
[2169.233s][debug][gc,phases      ] GC(199)     Total                          Min: 0, Avg:  0.0, Max: 0, Diff: 0, Sum: 0, Workers: 4
[2169.233s][debug][gc,phases      ] GC(199)   StringTable Weak               Min:  0.0, Avg:  0.1, Max:  0.1, Diff:  0.1, Sum:  0.4, Workers: 4
[2169.233s][debug][gc,phases      ] GC(199)     Dead                           Min: 0, Avg:  0.0, Max: 0, Diff: 0, Sum: 0, Workers: 4
[2169.233s][debug][gc,phases      ] GC(199)     Total                          Min: 0, Avg: 11030.5, Max: 19392, Diff: 19392, Sum: 44122, Workers: 4
[2169.233s][debug][gc,phases      ] GC(199)   ResolvedMethodTable Weak       Min:  0.0, Avg:  0.0, Max:  0.0, Diff:  0.0, Sum:  0.1, Workers: 4
[2169.233s][debug][gc,phases      ] GC(199)     Dead                           Min: 0, Avg:  0.0, Max: 0, Diff: 0, Sum: 0, Workers: 4
[2169.233s][debug][gc,phases      ] GC(199)     Total                          Min: 0, Avg: 2620.0, Max: 4530, Diff: 4530, Sum: 10480, Workers: 4
[2169.233s][debug][gc,phases      ] GC(199)   JNI Weak                       Min:  0.0, Avg:  0.0, Max:  0.0, Diff:  0.0, Sum:  0.0, Workers: 4
[2169.233s][debug][gc,phases      ] GC(199)     Dead                           Min: 0, Avg:  0.0, Max: 0, Diff: 0, Sum: 0, Workers: 4
[2169.233s][debug][gc,phases      ] GC(199)     Total                          Min: 0, Avg: 11.2, Max: 45, Diff: 45, Sum: 45, Workers: 4
[2169.233s][debug][gc,phases      ] GC(199)   StringDedup Table Weak         Min:  0.0, Avg:  0.0, Max:  0.0, Diff:  0.0, Sum:  0.0, Workers: 4
[2169.233s][debug][gc,phases      ] GC(199)     Dead                           Min: 0, Avg:  0.0, Max: 0, Diff: 0, Sum: 0, Workers: 4
[2169.233s][debug][gc,phases      ] GC(199)     Total                          Min: 0, Avg:  0.0, Max: 0, Diff: 0, Sum: 0, Workers: 4
[2169.233s][debug][gc,phases      ] GC(199)   StringDedup Requests0 Weak     Min:  0.0, Avg:  0.0, Max:  0.0, Diff:  0.0, Sum:  0.0, Workers: 4
[2169.233s][debug][gc,phases      ] GC(199)     Dead                           Min: 0, Avg:  0.0, Max: 0, Diff: 0, Sum: 0, Workers: 4
[2169.233s][debug][gc,phases      ] GC(199)     Total                          Min: 0, Avg:  0.0, Max: 0, Diff: 0, Sum: 0, Workers: 4
[2169.233s][debug][gc,phases      ] GC(199)   StringDedup Requests1 Weak     Min:  0.0, Avg:  0.0, Max:  0.0, Diff:  0.0, Sum:  0.0, Workers: 4
[2169.233s][debug][gc,phases      ] GC(199)     Dead                           Min: 0, Avg:  0.0, Max: 0, Diff: 0, Sum: 0, Workers: 4
[2169.233s][debug][gc,phases      ] GC(199)     Total                          Min: 0, Avg:  0.0, Max: 0, Diff: 0, Sum: 0, Workers: 4
[2169.233s][debug][gc,phases      ] GC(199)   Weak JFR Old Object Samples    Min:  0.0, Avg:  0.0, Max:  0.0, Diff:  0.0, Sum:  0.0, Workers: 4
[2169.233s][debug][gc,phases      ] GC(199)     Dead                           Min: 0, Avg:  0.0, Max: 0, Diff: 0, Sum: 0, Workers: 4
[2169.233s][debug][gc,phases      ] GC(199)     Total                          Min: 0, Avg:  0.0, Max: 0, Diff: 0, Sum: 0, Workers: 4
[2169.233s][debug][gc,phases      ] GC(199) Weak Processing 0.333ms
[2169.233s][debug][gc,age         ] GC(199) Desired survivor size 2621440 bytes, new threshold 15 (max threshold 15)
[2169.233s][info ][gc,heap        ] GC(199) PSYoungGen: 2093040K(2094592K)->944K(2094592K) Eden: 2092032K(2092032K)->0K(2092032K) From: 1008K(2560K)->944K(2560K)
[2169.233s][info ][gc,heap        ] GC(199) ParOldGen: 307330K(351232K)->307362K(351232K)
[2169.233s][info ][gc,metaspace   ] GC(199) Metaspace: 85422K(86336K)->85422K(86336K) NonClass: 72948K(73472K)->72948K(73472K) Class: 12474K(12864K)->12474K(12864K)
[2169.233s][info ][gc             ] GC(199) Pause Young (Allocation Failure) 2344M->301M(2388M) 2.283ms
[2169.233s][info ][gc,cpu         ] GC(199) User=0.01s Sys=0.00s Real=0.01s
[2169.233s][info ][safepoint      ] Safepoint "ParallelGCFailedAllocation", Time since last: 2664316137 ns, Reaching safepoint: 4000 ns, Cleanup: 4200 ns, At safepoint: 2346994 ns, Total: 2355194 ns
[2185.234s][info ][safepoint      ] Safepoint "Cleanup", Time since last: 16000997106 ns, Reaching safepoint: 4700 ns, Cleanup: 9000 ns, At safepoint: 2100 ns, Total: 15800 ns
[2199.235s][info ][safepoint      ] Safepoint "Cleanup", Time since last: 14000872260 ns, Reaching safepoint: 4200 ns, Cleanup: 9800 ns, At safepoint: 2100 ns, Total: 16100 ns
[2200.130s][info ][gc,start       ] GC(200) Pause Young (Allocation Failure)
[2200.131s][debug][gc,phases      ] GC(200) Scavenge 1.718ms
[2200.131s][debug][gc,ref         ] GC(200) Skipped phase 1 of Reference Processing: no references
[2200.131s][debug][gc,ref         ] GC(200) ReferenceProcessor::execute queues: 1, RefProcThreadModel::Single, marks_oops_alive: false
[2200.131s][debug][gc,ref         ] GC(200) Skipped phase 3 of Reference Processing: no references
[2200.131s][debug][gc,ref         ] GC(200) Skipped phase 4 of Reference Processing: no references
[2200.131s][debug][gc,phases      ] GC(200) Reference Processing 0.092ms
[2200.132s][debug][gc,phases      ] GC(200)   VM Weak                        Min:  0.0, Avg:  0.0, Max:  0.0, Diff:  0.0, Sum:  0.0, Workers: 4
[2200.132s][debug][gc,phases      ] GC(200)     Dead                           Min: 0, Avg:  0.0, Max: 0, Diff: 0, Sum: 0, Workers: 4
[2200.132s][debug][gc,phases      ] GC(200)     Total                          Min: 0, Avg: 185.5, Max: 614, Diff: 614, Sum: 742, Workers: 4
[2200.132s][debug][gc,phases      ] GC(200)   ObjectSynchronizer Weak        Min:  0.0, Avg:  0.0, Max:  0.0, Diff:  0.0, Sum:  0.0, Workers: 4
[2200.132s][debug][gc,phases      ] GC(200)     Dead                           Min: 0, Avg:  0.0, Max: 0, Diff: 0, Sum: 0, Workers: 4
[2200.132s][debug][gc,phases      ] GC(200)     Total                          Min: 0, Avg:  1.0, Max: 4, Diff: 4, Sum: 4, Workers: 4
[2200.132s][debug][gc,phases      ] GC(200)   JVMTI Tag Weak OopStorage      Min:  0.0, Avg:  0.0, Max:  0.0, Diff:  0.0, Sum:  0.0, Workers: 4
[2200.132s][debug][gc,phases      ] GC(200)     Dead                           Min: 0, Avg:  0.0, Max: 0, Diff: 0, Sum: 0, Workers: 4
[2200.132s][debug][gc,phases      ] GC(200)     Total                          Min: 0, Avg:  0.0, Max: 0, Diff: 0, Sum: 0, Workers: 4
[2200.132s][debug][gc,phases      ] GC(200)   StringTable Weak               Min:  0.0, Avg:  0.1, Max:  0.1, Diff:  0.1, Sum:  0.4, Workers: 4
[2200.132s][debug][gc,phases      ] GC(200)     Dead                           Min: 0, Avg:  0.0, Max: 0, Diff: 0, Sum: 0, Workers: 4
[2200.132s][debug][gc,phases      ] GC(200)     Total                          Min: 0, Avg: 11030.5, Max: 20444, Diff: 20444, Sum: 44122, Workers: 4
[2200.132s][debug][gc,phases      ] GC(200)   ResolvedMethodTable Weak       Min:  0.0, Avg:  0.0, Max:  0.1, Diff:  0.1, Sum:  0.1, Workers: 4
[2200.132s][debug][gc,phases      ] GC(200)     Dead                           Min: 0, Avg:  0.0, Max: 0, Diff: 0, Sum: 0, Workers: 4
[2200.132s][debug][gc,phases      ] GC(200)     Total                          Min: 0, Avg: 2620.0, Max: 4784, Diff: 4784, Sum: 10480, Workers: 4
[2200.132s][debug][gc,phases      ] GC(200)   JNI Weak                       Min:  0.0, Avg:  0.0, Max:  0.0, Diff:  0.0, Sum:  0.0, Workers: 4
[2200.132s][debug][gc,phases      ] GC(200)     Dead                           Min: 0, Avg:  0.0, Max: 0, Diff: 0, Sum: 0, Workers: 4
[2200.132s][debug][gc,phases      ] GC(200)     Total                          Min: 0, Avg: 11.2, Max: 45, Diff: 45, Sum: 45, Workers: 4
[2200.132s][debug][gc,phases      ] GC(200)   StringDedup Table Weak         Min:  0.0, Avg:  0.0, Max:  0.0, Diff:  0.0, Sum:  0.0, Workers: 4
[2200.132s][debug][gc,phases      ] GC(200)     Dead                           Min: 0, Avg:  0.0, Max: 0, Diff: 0, Sum: 0, Workers: 4
[2200.132s][debug][gc,phases      ] GC(200)     Total                          Min: 0, Avg:  0.0, Max: 0, Diff: 0, Sum: 0, Workers: 4
[2200.132s][debug][gc,phases      ] GC(200)   StringDedup Requests0 Weak     Min:  0.0, Avg:  0.0, Max:  0.0, Diff:  0.0, Sum:  0.0, Workers: 4
[2200.132s][debug][gc,phases      ] GC(200)     Dead                           Min: 0, Avg:  0.0, Max: 0, Diff: 0, Sum: 0, Workers: 4
[2200.132s][debug][gc,phases      ] GC(200)     Total                          Min: 0, Avg:  0.0, Max: 0, Diff: 0, Sum: 0, Workers: 4
[2200.132s][debug][gc,phases      ] GC(200)   StringDedup Requests1 Weak     Min:  0.0, Avg:  0.0, Max:  0.0, Diff:  0.0, Sum:  0.0, Workers: 4
[2200.132s][debug][gc,phases      ] GC(200)     Dead                           Min: 0, Avg:  0.0, Max: 0, Diff: 0, Sum: 0, Workers: 4
[2200.132s][debug][gc,phases      ] GC(200)     Total                          Min: 0, Avg:  0.0, Max: 0, Diff: 0, Sum: 0, Workers: 4
[2200.132s][debug][gc,phases      ] GC(200)   Weak JFR Old Object Samples    Min:  0.0, Avg:  0.0, Max:  0.0, Diff:  0.0, Sum:  0.0, Workers: 4
[2200.132s][debug][gc,phases      ] GC(200)     Dead                           Min: 0, Avg:  0.0, Max: 0, Diff: 0, Sum: 0, Workers: 4
[2200.132s][debug][gc,phases      ] GC(200)     Total                          Min: 0, Avg:  0.0, Max: 0, Diff: 0, Sum: 0, Workers: 4
[2200.132s][debug][gc,phases      ] GC(200) Weak Processing 0.392ms
[2200.132s][debug][gc,age         ] GC(200) Desired survivor size 2621440 bytes, new threshold 15 (max threshold 15)
[2200.132s][info ][gc,heap        ] GC(200) PSYoungGen: 2092976K(2094592K)->928K(2094592K) Eden: 2092032K(2092032K)->0K(2092032K) From: 944K(2560K)->928K(2560K)
[2200.132s][info ][gc,heap        ] GC(200) ParOldGen: 307362K(351232K)->307370K(351232K)
[2200.132s][info ][gc,metaspace   ] GC(200) Metaspace: 85425K(86336K)->85425K(86336K) NonClass: 72950K(73472K)->72950K(73472K) Class: 12474K(12864K)->12474K(12864K)
[2200.132s][info ][gc             ] GC(200) Pause Young (Allocation Failure) 2344M->301M(2388M) 2.302ms
[2200.132s][info ][gc,cpu         ] GC(200) User=0.00s Sys=0.01s Real=0.01s
[2200.132s][info ][safepoint      ] Safepoint "ParallelGCFailedAllocation", Time since last: 894880941 ns, Reaching safepoint: 4800 ns, Cleanup: 4000 ns, At safepoint: 2368395 ns, Total: 2377195 ns
[2201.132s][info ][safepoint      ] Safepoint "Cleanup", Time since last: 1000092790 ns, Reaching safepoint: 77600 ns, Cleanup: 8900 ns, At safepoint: 6100 ns, Total: 92600 ns
[2202.132s][info ][safepoint      ] Safepoint "Cleanup", Time since last: 1000107491 ns, Reaching safepoint: 72200 ns, Cleanup: 9200 ns, At safepoint: 4300 ns, Total: 85700 ns
[2203.132s][info ][safepoint      ] Safepoint "Cleanup", Time since last: 1000097890 ns, Reaching safepoint: 72500 ns, Cleanup: 9100 ns, At safepoint: 5400 ns, Total: 87000 ns
[2230.131s][info ][gc,start       ] GC(201) Pause Young (Allocation Failure)
[2230.133s][debug][gc,phases      ] GC(201) Scavenge 2.117ms
[2230.133s][debug][gc,ref         ] GC(201) Skipped phase 1 of Reference Processing: no references
[2230.133s][debug][gc,ref         ] GC(201) ReferenceProcessor::execute queues: 1, RefProcThreadModel::Single, marks_oops_alive: false
[2230.133s][debug][gc,ref         ] GC(201) Skipped phase 3 of Reference Processing: no references
[2230.133s][debug][gc,ref         ] GC(201) Skipped phase 4 of Reference Processing: no references
[2230.133s][debug][gc,phases      ] GC(201) Reference Processing 0.089ms
[2230.134s][debug][gc,phases      ] GC(201)   VM Weak                        Min:  0.0, Avg:  0.0, Max:  0.0, Diff:  0.0, Sum:  0.0, Workers: 4
[2230.134s][debug][gc,phases      ] GC(201)     Dead                           Min: 0, Avg:  0.0, Max: 0, Diff: 0, Sum: 0, Workers: 4
[2230.134s][debug][gc,phases      ] GC(201)     Total                          Min: 0, Avg: 185.5, Max: 742, Diff: 742, Sum: 742, Workers: 4
[2230.134s][debug][gc,phases      ] GC(201)   ObjectSynchronizer Weak        Min:  0.0, Avg:  0.0, Max:  0.0, Diff:  0.0, Sum:  0.0, Workers: 4
[2230.134s][debug][gc,phases      ] GC(201)     Dead                           Min: 0, Avg:  0.0, Max: 0, Diff: 0, Sum: 0, Workers: 4
[2230.134s][debug][gc,phases      ] GC(201)     Total                          Min: 0, Avg:  0.8, Max: 3, Diff: 3, Sum: 3, Workers: 4
[2230.134s][debug][gc,phases      ] GC(201)   JVMTI Tag Weak OopStorage      Min:  0.0, Avg:  0.0, Max:  0.0, Diff:  0.0, Sum:  0.0, Workers: 4
[2230.134s][debug][gc,phases      ] GC(201)     Dead                           Min: 0, Avg:  0.0, Max: 0, Diff: 0, Sum: 0, Workers: 4
[2230.134s][debug][gc,phases      ] GC(201)     Total                          Min: 0, Avg:  0.0, Max: 0, Diff: 0, Sum: 0, Workers: 4
[2230.134s][debug][gc,phases      ] GC(201)   StringTable Weak               Min:  0.0, Avg:  0.1, Max:  0.1, Diff:  0.1, Sum:  0.4, Workers: 4
[2230.134s][debug][gc,phases      ] GC(201)     Dead                           Min: 0, Avg:  0.0, Max: 0, Diff: 0, Sum: 0, Workers: 4
[2230.134s][debug][gc,phases      ] GC(201)     Total                          Min: 0, Avg: 11030.5, Max: 19099, Diff: 19099, Sum: 44122, Workers: 4
[2230.134s][debug][gc,phases      ] GC(201)   ResolvedMethodTable Weak       Min:  0.0, Avg:  0.0, Max:  0.0, Diff:  0.0, Sum:  0.1, Workers: 4
[2230.134s][debug][gc,phases      ] GC(201)     Dead                           Min: 0, Avg:  0.0, Max: 0, Diff: 0, Sum: 0, Workers: 4
[2230.134s][debug][gc,phases      ] GC(201)     Total                          Min: 0, Avg: 2620.0, Max: 4542, Diff: 4542, Sum: 10480, Workers: 4
[2230.134s][debug][gc,phases      ] GC(201)   JNI Weak                       Min:  0.0, Avg:  0.0, Max:  0.0, Diff:  0.0, Sum:  0.0, Workers: 4
[2230.134s][debug][gc,phases      ] GC(201)     Dead                           Min: 0, Avg:  0.0, Max: 0, Diff: 0, Sum: 0, Workers: 4
[2230.134s][debug][gc,phases      ] GC(201)     Total                          Min: 0, Avg: 11.2, Max: 45, Diff: 45, Sum: 45, Workers: 4
[2230.134s][debug][gc,phases      ] GC(201)   StringDedup Table Weak         Min:  0.0, Avg:  0.0, Max:  0.0, Diff:  0.0, Sum:  0.0, Workers: 4
[2230.134s][debug][gc,phases      ] GC(201)     Dead                           Min: 0, Avg:  0.0, Max: 0, Diff: 0, Sum: 0, Workers: 4
[2230.134s][debug][gc,phases      ] GC(201)     Total                          Min: 0, Avg:  0.0, Max: 0, Diff: 0, Sum: 0, Workers: 4
[2230.134s][debug][gc,phases      ] GC(201)   StringDedup Requests0 Weak     Min:  0.0, Avg:  0.0, Max:  0.0, Diff:  0.0, Sum:  0.0, Workers: 4
[2230.134s][debug][gc,phases      ] GC(201)     Dead                           Min: 0, Avg:  0.0, Max: 0, Diff: 0, Sum: 0, Workers: 4
[2230.134s][debug][gc,phases      ] GC(201)     Total                          Min: 0, Avg:  0.0, Max: 0, Diff: 0, Sum: 0, Workers: 4
[2230.134s][debug][gc,phases      ] GC(201)   StringDedup Requests1 Weak     Min:  0.0, Avg:  0.0, Max:  0.0, Diff:  0.0, Sum:  0.0, Workers: 4
[2230.134s][debug][gc,phases      ] GC(201)     Dead                           Min: 0, Avg:  0.0, Max: 0, Diff: 0, Sum: 0, Workers: 4
[2230.134s][debug][gc,phases      ] GC(201)     Total                          Min: 0, Avg:  0.0, Max: 0, Diff: 0, Sum: 0, Workers: 4
[2230.134s][debug][gc,phases      ] GC(201)   Weak JFR Old Object Samples    Min:  0.0, Avg:  0.0, Max:  0.0, Diff:  0.0, Sum:  0.0, Workers: 4
[2230.134s][debug][gc,phases      ] GC(201)     Dead                           Min: 0, Avg:  0.0, Max: 0, Diff: 0, Sum: 0, Workers: 4
[2230.134s][debug][gc,phases      ] GC(201)     Total                          Min: 0, Avg:  0.0, Max: 0, Diff: 0, Sum: 0, Workers: 4
[2230.134s][debug][gc,phases      ] GC(201) Weak Processing 0.334ms
[2230.134s][debug][gc,age         ] GC(201) Desired survivor size 2621440 bytes, new threshold 15 (max threshold 15)
[2230.134s][info ][gc,heap        ] GC(201) PSYoungGen: 2092960K(2094592K)->944K(2094592K) Eden: 2092032K(2092032K)->0K(2092032K) From: 928K(2560K)->944K(2560K)
[2230.134s][info ][gc,heap        ] GC(201) ParOldGen: 307370K(351232K)->307418K(351232K)
[2230.134s][info ][gc,metaspace   ] GC(201) Metaspace: 85425K(86336K)->85425K(86336K) NonClass: 72950K(73472K)->72950K(73472K) Class: 12474K(12864K)->12474K(12864K)
[2230.134s][info ][gc             ] GC(201) Pause Young (Allocation Failure) 2344M->301M(2388M) 2.627ms
[2230.134s][info ][gc,cpu         ] GC(201) User=0.01s Sys=0.00s Real=0.01s
[2230.134s][info ][safepoint      ] Safepoint "ParallelGCFailedAllocation", Time since last: 26998475278 ns, Reaching safepoint: 4200 ns, Cleanup: 3800 ns, At safepoint: 2715494 ns, Total: 2723494 ns
[2231.134s][info ][safepoint      ] Safepoint "Cleanup", Time since last: 1000074586 ns, Reaching safepoint: 4900 ns, Cleanup: 9400 ns, At safepoint: 2000 ns, Total: 16300 ns
[2234.134s][info ][safepoint      ] Safepoint "Cleanup", Time since last: 3000216236 ns, Reaching safepoint: 6500 ns, Cleanup: 12000 ns, At safepoint: 2200 ns, Total: 20700 ns
[2245.135s][info ][safepoint      ] Safepoint "Cleanup", Time since last: 11000759665 ns, Reaching safepoint: 4300 ns, Cleanup: 7000 ns, At safepoint: 2000 ns, Total: 13300 ns
[2247.135s][info ][safepoint      ] Safepoint "Cleanup", Time since last: 2000188591 ns, Reaching safepoint: 82000 ns, Cleanup: 9800 ns, At safepoint: 6200 ns, Total: 98000 ns
[2257.530s][info ][gc,start       ] GC(202) Pause Young (Allocation Failure)
[2257.533s][debug][gc,phases      ] GC(202) Scavenge 2.788ms
[2257.533s][debug][gc,ref         ] GC(202) Skipped phase 1 of Reference Processing: no references
[2257.533s][debug][gc,ref         ] GC(202) ReferenceProcessor::execute queues: 1, RefProcThreadModel::Single, marks_oops_alive: false
[2257.533s][debug][gc,ref         ] GC(202) Skipped phase 3 of Reference Processing: no references
[2257.533s][debug][gc,ref         ] GC(202) ReferenceProcessor::execute queues: 1, RefProcThreadModel::Single, marks_oops_alive: false
[2257.533s][debug][gc,phases      ] GC(202) Reference Processing 0.105ms
[2257.533s][debug][gc,phases      ] GC(202)   VM Weak                        Min:  0.0, Avg:  0.0, Max:  0.0, Diff:  0.0, Sum:  0.0, Workers: 4
[2257.533s][debug][gc,phases      ] GC(202)     Dead                           Min: 0, Avg:  0.0, Max: 0, Diff: 0, Sum: 0, Workers: 4
[2257.533s][debug][gc,phases      ] GC(202)     Total                          Min: 0, Avg: 185.5, Max: 512, Diff: 512, Sum: 742, Workers: 4
[2257.533s][debug][gc,phases      ] GC(202)   ObjectSynchronizer Weak        Min:  0.0, Avg:  0.0, Max:  0.0, Diff:  0.0, Sum:  0.0, Workers: 4
[2257.533s][debug][gc,phases      ] GC(202)     Dead                           Min: 0, Avg:  0.0, Max: 0, Diff: 0, Sum: 0, Workers: 4
[2257.533s][debug][gc,phases      ] GC(202)     Total                          Min: 0, Avg:  1.0, Max: 4, Diff: 4, Sum: 4, Workers: 4
[2257.533s][debug][gc,phases      ] GC(202)   JVMTI Tag Weak OopStorage      Min:  0.0, Avg:  0.0, Max:  0.0, Diff:  0.0, Sum:  0.0, Workers: 4
[2257.533s][debug][gc,phases      ] GC(202)     Dead                           Min: 0, Avg:  0.0, Max: 0, Diff: 0, Sum: 0, Workers: 4
[2257.533s][debug][gc,phases      ] GC(202)     Total                          Min: 0, Avg:  0.0, Max: 0, Diff: 0, Sum: 0, Workers: 4
[2257.533s][debug][gc,phases      ] GC(202)   StringTable Weak               Min:  0.0, Avg:  0.1, Max:  0.1, Diff:  0.1, Sum:  0.4, Workers: 4
[2257.533s][debug][gc,phases      ] GC(202)     Dead                           Min: 0, Avg:  0.0, Max: 0, Diff: 0, Sum: 0, Workers: 4
[2257.533s][debug][gc,phases      ] GC(202)     Total                          Min: 0, Avg: 11030.5, Max: 20030, Diff: 20030, Sum: 44122, Workers: 4
[2257.533s][debug][gc,phases      ] GC(202)   ResolvedMethodTable Weak       Min:  0.0, Avg:  0.0, Max:  0.0, Diff:  0.0, Sum:  0.1, Workers: 4
[2257.533s][debug][gc,phases      ] GC(202)     Dead                           Min: 0, Avg:  0.0, Max: 0, Diff: 0, Sum: 0, Workers: 4
[2257.533s][debug][gc,phases      ] GC(202)     Total                          Min: 0, Avg: 2620.0, Max: 4672, Diff: 4672, Sum: 10480, Workers: 4
[2257.533s][debug][gc,phases      ] GC(202)   JNI Weak                       Min:  0.0, Avg:  0.0, Max:  0.0, Diff:  0.0, Sum:  0.0, Workers: 4
[2257.533s][debug][gc,phases      ] GC(202)     Dead                           Min: 0, Avg:  0.0, Max: 0, Diff: 0, Sum: 0, Workers: 4
[2257.533s][debug][gc,phases      ] GC(202)     Total                          Min: 0, Avg: 11.2, Max: 45, Diff: 45, Sum: 45, Workers: 4
[2257.533s][debug][gc,phases      ] GC(202)   StringDedup Table Weak         Min:  0.0, Avg:  0.0, Max:  0.0, Diff:  0.0, Sum:  0.0, Workers: 4
[2257.533s][debug][gc,phases      ] GC(202)     Dead                           Min: 0, Avg:  0.0, Max: 0, Diff: 0, Sum: 0, Workers: 4
[2257.533s][debug][gc,phases      ] GC(202)     Total                          Min: 0, Avg:  0.0, Max: 0, Diff: 0, Sum: 0, Workers: 4
[2257.533s][debug][gc,phases      ] GC(202)   StringDedup Requests0 Weak     Min:  0.0, Avg:  0.0, Max:  0.0, Diff:  0.0, Sum:  0.0, Workers: 4
[2257.533s][debug][gc,phases      ] GC(202)     Dead                           Min: 0, Avg:  0.0, Max: 0, Diff: 0, Sum: 0, Workers: 4
[2257.533s][debug][gc,phases      ] GC(202)     Total                          Min: 0, Avg:  0.0, Max: 0, Diff: 0, Sum: 0, Workers: 4
[2257.533s][debug][gc,phases      ] GC(202)   StringDedup Requests1 Weak     Min:  0.0, Avg:  0.0, Max:  0.0, Diff:  0.0, Sum:  0.0, Workers: 4
[2257.533s][debug][gc,phases      ] GC(202)     Dead                           Min: 0, Avg:  0.0, Max: 0, Diff: 0, Sum: 0, Workers: 4
[2257.533s][debug][gc,phases      ] GC(202)     Total                          Min: 0, Avg:  0.0, Max: 0, Diff: 0, Sum: 0, Workers: 4
[2257.533s][debug][gc,phases      ] GC(202)   Weak JFR Old Object Samples    Min:  0.0, Avg:  0.0, Max:  0.0, Diff:  0.0, Sum:  0.0, Workers: 4
[2257.533s][debug][gc,phases      ] GC(202)     Dead                           Min: 0, Avg:  0.0, Max: 0, Diff: 0, Sum: 0, Workers: 4
[2257.533s][debug][gc,phases      ] GC(202)     Total                          Min: 0, Avg:  0.0, Max: 0, Diff: 0, Sum: 0, Workers: 4
[2257.533s][debug][gc,phases      ] GC(202) Weak Processing 0.331ms
[2257.533s][debug][gc,age         ] GC(202) Desired survivor size 2621440 bytes, new threshold 15 (max threshold 15)
[2257.533s][info ][gc,heap        ] GC(202) PSYoungGen: 2092976K(2094592K)->1344K(2094592K) Eden: 2092032K(2092032K)->0K(2092032K) From: 944K(2560K)->1344K(2560K)
[2257.533s][info ][gc,heap        ] GC(202) ParOldGen: 307418K(351232K)->307426K(351232K)
[2257.533s][info ][gc,metaspace   ] GC(202) Metaspace: 85427K(86336K)->85427K(86336K) NonClass: 72952K(73472K)->72952K(73472K) Class: 12474K(12864K)->12474K(12864K)
[2257.533s][info ][gc             ] GC(202) Pause Young (Allocation Failure) 2344M->301M(2388M) 3.320ms
[2257.533s][info ][gc,cpu         ] GC(202) User=0.01s Sys=0.00s Real=0.01s
[2257.533s][info ][safepoint      ] Safepoint "ParallelGCFailedAllocation", Time since last: 10394804273 ns, Reaching safepoint: 4400 ns, Cleanup: 4000 ns, At safepoint: 3384792 ns, Total: 3393192 ns
[2269.534s][info ][safepoint      ] Safepoint "Cleanup", Time since last: 12000739159 ns, Reaching safepoint: 5500 ns, Cleanup: 9800 ns, At safepoint: 24000 ns, Total: 39300 ns
[2274.534s][info ][safepoint      ] Safepoint "Cleanup", Time since last: 5000347381 ns, Reaching safepoint: 5000 ns, Cleanup: 12900 ns, At safepoint: 1900 ns, Total: 19800 ns
[2275.535s][info ][safepoint      ] Safepoint "Cleanup", Time since last: 1000108441 ns, Reaching safepoint: 6200 ns, Cleanup: 9200 ns, At safepoint: 2500 ns, Total: 17900 ns
[2278.535s][info ][safepoint      ] Safepoint "Cleanup", Time since last: 3000229323 ns, Reaching safepoint: 4700 ns, Cleanup: 8700 ns, At safepoint: 1700 ns, Total: 15100 ns
[2288.030s][info ][gc,start       ] GC(203) Pause Young (Allocation Failure)
[2288.033s][debug][gc,phases      ] GC(203) Scavenge 2.976ms
[2288.033s][debug][gc,ref         ] GC(203) Skipped phase 1 of Reference Processing: no references
[2288.033s][debug][gc,ref         ] GC(203) Skipped phase 2 of Reference Processing: no references
[2288.033s][debug][gc,ref         ] GC(203) Skipped phase 3 of Reference Processing: no references
[2288.033s][debug][gc,ref         ] GC(203) ReferenceProcessor::execute queues: 1, RefProcThreadModel::Single, marks_oops_alive: false
[2288.033s][debug][gc,phases      ] GC(203) Reference Processing 0.089ms
[2288.034s][debug][gc,phases      ] GC(203)   VM Weak                        Min:  0.0, Avg:  0.0, Max:  0.0, Diff:  0.0, Sum:  0.0, Workers: 4
[2288.034s][debug][gc,phases      ] GC(203)     Dead                           Min: 0, Avg:  0.0, Max: 0, Diff: 0, Sum: 0, Workers: 4
[2288.034s][debug][gc,phases      ] GC(203)     Total                          Min: 0, Avg: 185.5, Max: 640, Diff: 640, Sum: 742, Workers: 4
[2288.034s][debug][gc,phases      ] GC(203)   ObjectSynchronizer Weak        Min:  0.0, Avg:  0.0, Max:  0.0, Diff:  0.0, Sum:  0.0, Workers: 4
[2288.034s][debug][gc,phases      ] GC(203)     Dead                           Min: 0, Avg:  0.0, Max: 0, Diff: 0, Sum: 0, Workers: 4
[2288.034s][debug][gc,phases      ] GC(203)     Total                          Min: 0, Avg:  1.0, Max: 4, Diff: 4, Sum: 4, Workers: 4
[2288.034s][debug][gc,phases      ] GC(203)   JVMTI Tag Weak OopStorage      Min:  0.0, Avg:  0.0, Max:  0.0, Diff:  0.0, Sum:  0.0, Workers: 4
[2288.034s][debug][gc,phases      ] GC(203)     Dead                           Min: 0, Avg:  0.0, Max: 0, Diff: 0, Sum: 0, Workers: 4
[2288.034s][debug][gc,phases      ] GC(203)     Total                          Min: 0, Avg:  0.0, Max: 0, Diff: 0, Sum: 0, Workers: 4
[2288.034s][debug][gc,phases      ] GC(203)   StringTable Weak               Min:  0.0, Avg:  0.1, Max:  0.1, Diff:  0.1, Sum:  0.4, Workers: 4
[2288.034s][debug][gc,phases      ] GC(203)     Dead                           Min: 0, Avg:  0.0, Max: 0, Diff: 0, Sum: 0, Workers: 4
[2288.034s][debug][gc,phases      ] GC(203)     Total                          Min: 0, Avg: 11030.5, Max: 18304, Diff: 18304, Sum: 44122, Workers: 4
[2288.034s][debug][gc,phases      ] GC(203)   ResolvedMethodTable Weak       Min:  0.0, Avg:  0.0, Max:  0.0, Diff:  0.0, Sum:  0.1, Workers: 4
[2288.034s][debug][gc,phases      ] GC(203)     Dead                           Min: 0, Avg:  0.0, Max: 0, Diff: 0, Sum: 0, Workers: 4
[2288.034s][debug][gc,phases      ] GC(203)     Total                          Min: 0, Avg: 2620.0, Max: 4542, Diff: 4542, Sum: 10480, Workers: 4
[2288.034s][debug][gc,phases      ] GC(203)   JNI Weak                       Min:  0.0, Avg:  0.0, Max:  0.0, Diff:  0.0, Sum:  0.0, Workers: 4
[2288.034s][debug][gc,phases      ] GC(203)     Dead                           Min: 0, Avg:  0.0, Max: 0, Diff: 0, Sum: 0, Workers: 4
[2288.034s][debug][gc,phases      ] GC(203)     Total                          Min: 0, Avg: 11.2, Max: 45, Diff: 45, Sum: 45, Workers: 4
[2288.034s][debug][gc,phases      ] GC(203)   StringDedup Table Weak         Min:  0.0, Avg:  0.0, Max:  0.0, Diff:  0.0, Sum:  0.0, Workers: 4
[2288.034s][debug][gc,phases      ] GC(203)     Dead                           Min: 0, Avg:  0.0, Max: 0, Diff: 0, Sum: 0, Workers: 4
[2288.034s][debug][gc,phases      ] GC(203)     Total                          Min: 0, Avg:  0.0, Max: 0, Diff: 0, Sum: 0, Workers: 4
[2288.034s][debug][gc,phases      ] GC(203)   StringDedup Requests0 Weak     Min:  0.0, Avg:  0.0, Max:  0.0, Diff:  0.0, Sum:  0.0, Workers: 4
[2288.034s][debug][gc,phases      ] GC(203)     Dead                           Min: 0, Avg:  0.0, Max: 0, Diff: 0, Sum: 0, Workers: 4
[2288.034s][debug][gc,phases      ] GC(203)     Total                          Min: 0, Avg:  0.0, Max: 0, Diff: 0, Sum: 0, Workers: 4
[2288.034s][debug][gc,phases      ] GC(203)   StringDedup Requests1 Weak     Min:  0.0, Avg:  0.0, Max:  0.0, Diff:  0.0, Sum:  0.0, Workers: 4
[2288.034s][debug][gc,phases      ] GC(203)     Dead                           Min: 0, Avg:  0.0, Max: 0, Diff: 0, Sum: 0, Workers: 4
[2288.034s][debug][gc,phases      ] GC(203)     Total                          Min: 0, Avg:  0.0, Max: 0, Diff: 0, Sum: 0, Workers: 4
[2288.034s][debug][gc,phases      ] GC(203)   Weak JFR Old Object Samples    Min:  0.0, Avg:  0.0, Max:  0.0, Diff:  0.0, Sum:  0.0, Workers: 4
[2288.034s][debug][gc,phases      ] GC(203)     Dead                           Min: 0, Avg:  0.0, Max: 0, Diff: 0, Sum: 0, Workers: 4
[2288.034s][debug][gc,phases      ] GC(203)     Total                          Min: 0, Avg:  0.0, Max: 0, Diff: 0, Sum: 0, Workers: 4
[2288.034s][debug][gc,phases      ] GC(203) Weak Processing 0.343ms
[2288.034s][debug][gc,age         ] GC(203) Desired survivor size 2621440 bytes, new threshold 15 (max threshold 15)
[2288.034s][info ][gc,heap        ] GC(203) PSYoungGen: 2093376K(2094592K)->1344K(2094592K) Eden: 2092032K(2092032K)->0K(2092032K) From: 1344K(2560K)->1344K(2560K)
[2288.034s][info ][gc,heap        ] GC(203) ParOldGen: 307426K(351232K)->307474K(351232K)
[2288.034s][info ][gc,metaspace   ] GC(203) Metaspace: 85428K(86336K)->85428K(86336K) NonClass: 72954K(73472K)->72954K(73472K) Class: 12474K(12864K)->12474K(12864K)
[2288.034s][info ][gc             ] GC(203) Pause Young (Allocation Failure) 2344M->301M(2388M) 3.496ms
[2288.034s][info ][gc,cpu         ] GC(203) User=0.01s Sys=0.00s Real=0.01s
[2288.034s][info ][safepoint      ] Safepoint "ParallelGCFailedAllocation", Time since last: 9495421597 ns, Reaching safepoint: 4499 ns, Cleanup: 3900 ns, At safepoint: 3586391 ns, Total: 3594790 ns
[2313.035s][info ][safepoint      ] Safepoint "Cleanup", Time since last: 25001452763 ns, Reaching safepoint: 4600 ns, Cleanup: 9200 ns, At safepoint: 1800 ns, Total: 15600 ns
[2315.733s][info ][gc,start       ] GC(204) Pause Young (Allocation Failure)
[2315.737s][debug][gc,phases      ] GC(204) Scavenge 4.093ms
[2315.737s][debug][gc,ref         ] GC(204) Skipped phase 1 of Reference Processing: no references
[2315.737s][debug][gc,ref         ] GC(204) Skipped phase 2 of Reference Processing: no references
[2315.737s][debug][gc,ref         ] GC(204) Skipped phase 3 of Reference Processing: no references
[2315.737s][debug][gc,ref         ] GC(204) ReferenceProcessor::execute queues: 1, RefProcThreadModel::Single, marks_oops_alive: false
[2315.737s][debug][gc,phases      ] GC(204) Reference Processing 0.103ms
[2315.737s][debug][gc,phases      ] GC(204)   VM Weak                        Min:  0.0, Avg:  0.0, Max:  0.0, Diff:  0.0, Sum:  0.0, Workers: 4
[2315.737s][debug][gc,phases      ] GC(204)     Dead                           Min: 0, Avg:  0.0, Max: 0, Diff: 0, Sum: 0, Workers: 4
[2315.737s][debug][gc,phases      ] GC(204)     Total                          Min: 0, Avg: 185.5, Max: 486, Diff: 486, Sum: 742, Workers: 4
[2315.737s][debug][gc,phases      ] GC(204)   ObjectSynchronizer Weak        Min:  0.0, Avg:  0.0, Max:  0.0, Diff:  0.0, Sum:  0.0, Workers: 4
[2315.737s][debug][gc,phases      ] GC(204)     Dead                           Min: 0, Avg:  0.0, Max: 0, Diff: 0, Sum: 0, Workers: 4
[2315.737s][debug][gc,phases      ] GC(204)     Total                          Min: 0, Avg:  1.0, Max: 4, Diff: 4, Sum: 4, Workers: 4
[2315.737s][debug][gc,phases      ] GC(204)   JVMTI Tag Weak OopStorage      Min:  0.0, Avg:  0.0, Max:  0.0, Diff:  0.0, Sum:  0.0, Workers: 4
[2315.737s][debug][gc,phases      ] GC(204)     Dead                           Min: 0, Avg:  0.0, Max: 0, Diff: 0, Sum: 0, Workers: 4
[2315.737s][debug][gc,phases      ] GC(204)     Total                          Min: 0, Avg:  0.0, Max: 0, Diff: 0, Sum: 0, Workers: 4
[2315.737s][debug][gc,phases      ] GC(204)   StringTable Weak               Min:  0.0, Avg:  0.1, Max:  0.1, Diff:  0.1, Sum:  0.4, Workers: 4
[2315.737s][debug][gc,phases      ] GC(204)     Dead                           Min: 0, Avg:  0.0, Max: 0, Diff: 0, Sum: 0, Workers: 4
[2315.737s][debug][gc,phases      ] GC(204)     Total                          Min: 0, Avg: 11030.5, Max: 14784, Diff: 14784, Sum: 44122, Workers: 4
[2315.737s][debug][gc,phases      ] GC(204)   ResolvedMethodTable Weak       Min:  0.0, Avg:  0.0, Max:  0.0, Diff:  0.0, Sum:  0.1, Workers: 4
[2315.737s][debug][gc,phases      ] GC(204)     Dead                           Min: 0, Avg:  0.0, Max: 0, Diff: 0, Sum: 0, Workers: 4
[2315.737s][debug][gc,phases      ] GC(204)     Total                          Min: 0, Avg: 2620.0, Max: 3646, Diff: 3646, Sum: 10480, Workers: 4
[2315.737s][debug][gc,phases      ] GC(204)   JNI Weak                       Min:  0.0, Avg:  0.0, Max:  0.0, Diff:  0.0, Sum:  0.0, Workers: 4
[2315.737s][debug][gc,phases      ] GC(204)     Dead                           Min: 0, Avg:  0.0, Max: 0, Diff: 0, Sum: 0, Workers: 4
[2315.737s][debug][gc,phases      ] GC(204)     Total                          Min: 0, Avg: 11.2, Max: 45, Diff: 45, Sum: 45, Workers: 4
[2315.737s][debug][gc,phases      ] GC(204)   StringDedup Table Weak         Min:  0.0, Avg:  0.0, Max:  0.0, Diff:  0.0, Sum:  0.0, Workers: 4
[2315.737s][debug][gc,phases      ] GC(204)     Dead                           Min: 0, Avg:  0.0, Max: 0, Diff: 0, Sum: 0, Workers: 4
[2315.737s][debug][gc,phases      ] GC(204)     Total                          Min: 0, Avg:  0.0, Max: 0, Diff: 0, Sum: 0, Workers: 4
[2315.737s][debug][gc,phases      ] GC(204)   StringDedup Requests0 Weak     Min:  0.0, Avg:  0.0, Max:  0.0, Diff:  0.0, Sum:  0.0, Workers: 4
[2315.737s][debug][gc,phases      ] GC(204)     Dead                           Min: 0, Avg:  0.0, Max: 0, Diff: 0, Sum: 0, Workers: 4
[2315.737s][debug][gc,phases      ] GC(204)     Total                          Min: 0, Avg:  0.0, Max: 0, Diff: 0, Sum: 0, Workers: 4
[2315.737s][debug][gc,phases      ] GC(204)   StringDedup Requests1 Weak     Min:  0.0, Avg:  0.0, Max:  0.0, Diff:  0.0, Sum:  0.0, Workers: 4
[2315.737s][debug][gc,phases      ] GC(204)     Dead                           Min: 0, Avg:  0.0, Max: 0, Diff: 0, Sum: 0, Workers: 4
[2315.737s][debug][gc,phases      ] GC(204)     Total                          Min: 0, Avg:  0.0, Max: 0, Diff: 0, Sum: 0, Workers: 4
[2315.737s][debug][gc,phases      ] GC(204)   Weak JFR Old Object Samples    Min:  0.0, Avg:  0.0, Max:  0.0, Diff:  0.0, Sum:  0.0, Workers: 4
[2315.737s][debug][gc,phases      ] GC(204)     Dead                           Min: 0, Avg:  0.0, Max: 0, Diff: 0, Sum: 0, Workers: 4
[2315.737s][debug][gc,phases      ] GC(204)     Total                          Min: 0, Avg:  0.0, Max: 0, Diff: 0, Sum: 0, Workers: 4
[2315.737s][debug][gc,phases      ] GC(204) Weak Processing 0.347ms
[2315.737s][debug][gc,age         ] GC(204) Desired survivor size 2621440 bytes, new threshold 15 (max threshold 15)
[2315.737s][info ][gc,heap        ] GC(204) PSYoungGen: 2093376K(2094592K)->1344K(2094592K) Eden: 2092032K(2092032K)->0K(2092032K) From: 1344K(2560K)->1344K(2560K)
[2315.737s][info ][gc,heap        ] GC(204) ParOldGen: 307474K(351232K)->307482K(351232K)
[2315.737s][info ][gc,metaspace   ] GC(204) Metaspace: 85428K(86336K)->85428K(86336K) NonClass: 72954K(73472K)->72954K(73472K) Class: 12474K(12864K)->12474K(12864K)
[2315.737s][info ][gc             ] GC(204) Pause Young (Allocation Failure) 2344M->301M(2388M) 4.643ms
[2315.737s][info ][gc,cpu         ] GC(204) User=0.01s Sys=0.00s Real=0.00s
[2315.737s][info ][safepoint      ] Safepoint "ParallelGCFailedAllocation", Time since last: 2697301829 ns, Reaching safepoint: 5400 ns, Cleanup: 3900 ns, At safepoint: 4713490 ns, Total: 4722790 ns
[2344.929s][info ][gc,start       ] GC(205) Pause Young (Allocation Failure)
[2344.932s][debug][gc,phases      ] GC(205) Scavenge 3.461ms
[2344.932s][debug][gc,ref         ] GC(205) Skipped phase 1 of Reference Processing: no references
[2344.932s][debug][gc,ref         ] GC(205) Skipped phase 2 of Reference Processing: no references
[2344.932s][debug][gc,ref         ] GC(205) Skipped phase 3 of Reference Processing: no references
[2344.932s][debug][gc,ref         ] GC(205) Skipped phase 4 of Reference Processing: no references
[2344.932s][debug][gc,phases      ] GC(205) Reference Processing 0.032ms
[2344.932s][debug][gc,phases      ] GC(205)   VM Weak                        Min:  0.0, Avg:  0.0, Max:  0.0, Diff:  0.0, Sum:  0.0, Workers: 4
[2344.932s][debug][gc,phases      ] GC(205)     Dead                           Min: 0, Avg:  0.0, Max: 0, Diff: 0, Sum: 0, Workers: 4
[2344.932s][debug][gc,phases      ] GC(205)     Total                          Min: 0, Avg: 185.5, Max: 384, Diff: 384, Sum: 742, Workers: 4
[2344.932s][debug][gc,phases      ] GC(205)   ObjectSynchronizer Weak        Min:  0.0, Avg:  0.0, Max:  0.0, Diff:  0.0, Sum:  0.0, Workers: 4
[2344.932s][debug][gc,phases      ] GC(205)     Dead                           Min: 0, Avg:  0.0, Max: 0, Diff: 0, Sum: 0, Workers: 4
[2344.932s][debug][gc,phases      ] GC(205)     Total                          Min: 0, Avg:  0.8, Max: 3, Diff: 3, Sum: 3, Workers: 4
[2344.932s][debug][gc,phases      ] GC(205)   JVMTI Tag Weak OopStorage      Min:  0.0, Avg:  0.0, Max:  0.0, Diff:  0.0, Sum:  0.0, Workers: 4
[2344.932s][debug][gc,phases      ] GC(205)     Dead                           Min: 0, Avg:  0.0, Max: 0, Diff: 0, Sum: 0, Workers: 4
[2344.932s][debug][gc,phases      ] GC(205)     Total                          Min: 0, Avg:  0.0, Max: 0, Diff: 0, Sum: 0, Workers: 4
[2344.932s][debug][gc,phases      ] GC(205)   StringTable Weak               Min:  0.0, Avg:  0.1, Max:  0.1, Diff:  0.1, Sum:  0.4, Workers: 4
[2344.932s][debug][gc,phases      ] GC(205)     Dead                           Min: 0, Avg:  0.0, Max: 0, Diff: 0, Sum: 0, Workers: 4
[2344.932s][debug][gc,phases      ] GC(205)     Total                          Min: 0, Avg: 11030.5, Max: 19164, Diff: 19164, Sum: 44122, Workers: 4
[2344.932s][debug][gc,phases      ] GC(205)   ResolvedMethodTable Weak       Min:  0.0, Avg:  0.0, Max:  0.0, Diff:  0.0, Sum:  0.1, Workers: 4
[2344.932s][debug][gc,phases      ] GC(205)     Dead                           Min: 0, Avg:  0.0, Max: 0, Diff: 0, Sum: 0, Workers: 4
[2344.932s][debug][gc,phases      ] GC(205)     Total                          Min: 0, Avg: 2620.0, Max: 4608, Diff: 4608, Sum: 10480, Workers: 4
[2344.932s][debug][gc,phases      ] GC(205)   JNI Weak                       Min:  0.0, Avg:  0.0, Max:  0.0, Diff:  0.0, Sum:  0.0, Workers: 4
[2344.932s][debug][gc,phases      ] GC(205)     Dead                           Min: 0, Avg:  0.0, Max: 0, Diff: 0, Sum: 0, Workers: 4
[2344.932s][debug][gc,phases      ] GC(205)     Total                          Min: 0, Avg: 11.2, Max: 45, Diff: 45, Sum: 45, Workers: 4
[2344.932s][debug][gc,phases      ] GC(205)   StringDedup Table Weak         Min:  0.0, Avg:  0.0, Max:  0.0, Diff:  0.0, Sum:  0.0, Workers: 4
[2344.932s][debug][gc,phases      ] GC(205)     Dead                           Min: 0, Avg:  0.0, Max: 0, Diff: 0, Sum: 0, Workers: 4
[2344.932s][debug][gc,phases      ] GC(205)     Total                          Min: 0, Avg:  0.0, Max: 0, Diff: 0, Sum: 0, Workers: 4
[2344.932s][debug][gc,phases      ] GC(205)   StringDedup Requests0 Weak     Min:  0.0, Avg:  0.0, Max:  0.0, Diff:  0.0, Sum:  0.0, Workers: 4
[2344.932s][debug][gc,phases      ] GC(205)     Dead                           Min: 0, Avg:  0.0, Max: 0, Diff: 0, Sum: 0, Workers: 4
[2344.932s][debug][gc,phases      ] GC(205)     Total                          Min: 0, Avg:  0.0, Max: 0, Diff: 0, Sum: 0, Workers: 4
[2344.932s][debug][gc,phases      ] GC(205)   StringDedup Requests1 Weak     Min:  0.0, Avg:  0.0, Max:  0.0, Diff:  0.0, Sum:  0.0, Workers: 4
[2344.932s][debug][gc,phases      ] GC(205)     Dead                           Min: 0, Avg:  0.0, Max: 0, Diff: 0, Sum: 0, Workers: 4
[2344.932s][debug][gc,phases      ] GC(205)     Total                          Min: 0, Avg:  0.0, Max: 0, Diff: 0, Sum: 0, Workers: 4
[2344.932s][debug][gc,phases      ] GC(205)   Weak JFR Old Object Samples    Min:  0.0, Avg:  0.0, Max:  0.0, Diff:  0.0, Sum:  0.0, Workers: 4
[2344.932s][debug][gc,phases      ] GC(205)     Dead                           Min: 0, Avg:  0.0, Max: 0, Diff: 0, Sum: 0, Workers: 4
[2344.932s][debug][gc,phases      ] GC(205)     Total                          Min: 0, Avg:  0.0, Max: 0, Diff: 0, Sum: 0, Workers: 4
[2344.932s][debug][gc,phases      ] GC(205) Weak Processing 0.342ms
[2344.932s][debug][gc,age         ] GC(205) Desired survivor size 2097152 bytes, new threshold 15 (max threshold 15)
[2344.933s][info ][gc,heap        ] GC(205) PSYoungGen: 2093376K(2094592K)->1344K(2094592K) Eden: 2092032K(2092032K)->0K(2092032K) From: 1344K(2560K)->1344K(2560K)
[2344.933s][info ][gc,heap        ] GC(205) ParOldGen: 307482K(351232K)->307498K(351232K)
[2344.933s][info ][gc,metaspace   ] GC(205) Metaspace: 85428K(86336K)->85428K(86336K) NonClass: 72954K(73472K)->72954K(73472K) Class: 12474K(12864K)->12474K(12864K)
[2344.933s][info ][gc             ] GC(205) Pause Young (Allocation Failure) 2344M->301M(2388M) 3.944ms
[2344.933s][info ][gc,cpu         ] GC(205) User=0.01s Sys=0.00s Real=0.01s
[2344.933s][info ][safepoint      ] Safepoint "ParallelGCFailedAllocation", Time since last: 29191228676 ns, Reaching safepoint: 4800 ns, Cleanup: 3700 ns, At safepoint: 4009391 ns, Total: 4017891 ns
[2376.681s][info ][gc,start       ] GC(206) Pause Young (Allocation Failure)
[2376.683s][debug][gc,phases      ] GC(206) Scavenge 1.647ms
[2376.683s][debug][gc,ref         ] GC(206) Skipped phase 1 of Reference Processing: no references
[2376.683s][debug][gc,ref         ] GC(206) Skipped phase 2 of Reference Processing: no references
[2376.683s][debug][gc,ref         ] GC(206) Skipped phase 3 of Reference Processing: no references
[2376.683s][debug][gc,ref         ] GC(206) Skipped phase 4 of Reference Processing: no references
[2376.683s][debug][gc,phases      ] GC(206) Reference Processing 0.021ms
[2376.683s][debug][gc,phases      ] GC(206)   VM Weak                        Min:  0.0, Avg:  0.0, Max:  0.0, Diff:  0.0, Sum:  0.0, Workers: 4
[2376.683s][debug][gc,phases      ] GC(206)     Dead                           Min: 0, Avg:  0.0, Max: 0, Diff: 0, Sum: 0, Workers: 4
[2376.683s][debug][gc,phases      ] GC(206)     Total                          Min: 0, Avg: 185.5, Max: 448, Diff: 448, Sum: 742, Workers: 4
[2376.683s][debug][gc,phases      ] GC(206)   ObjectSynchronizer Weak        Min:  0.0, Avg:  0.0, Max:  0.0, Diff:  0.0, Sum:  0.0, Workers: 4
[2376.683s][debug][gc,phases      ] GC(206)     Dead                           Min: 0, Avg:  0.0, Max: 0, Diff: 0, Sum: 0, Workers: 4
[2376.683s][debug][gc,phases      ] GC(206)     Total                          Min: 0, Avg:  0.8, Max: 3, Diff: 3, Sum: 3, Workers: 4
[2376.683s][debug][gc,phases      ] GC(206)   JVMTI Tag Weak OopStorage      Min:  0.0, Avg:  0.0, Max:  0.0, Diff:  0.0, Sum:  0.0, Workers: 4
[2376.683s][debug][gc,phases      ] GC(206)     Dead                           Min: 0, Avg:  0.0, Max: 0, Diff: 0, Sum: 0, Workers: 4
[2376.683s][debug][gc,phases      ] GC(206)     Total                          Min: 0, Avg:  0.0, Max: 0, Diff: 0, Sum: 0, Workers: 4
[2376.683s][debug][gc,phases      ] GC(206)   StringTable Weak               Min:  0.0, Avg:  0.1, Max:  0.1, Diff:  0.1, Sum:  0.4, Workers: 4
[2376.683s][debug][gc,phases      ] GC(206)     Dead                           Min: 0, Avg:  0.0, Max: 0, Diff: 0, Sum: 0, Workers: 4
[2376.683s][debug][gc,phases      ] GC(206)     Total                          Min: 0, Avg: 11030.5, Max: 19584, Diff: 19584, Sum: 44122, Workers: 4
[2376.683s][debug][gc,phases      ] GC(206)   ResolvedMethodTable Weak       Min:  0.0, Avg:  0.0, Max:  0.0, Diff:  0.0, Sum:  0.1, Workers: 4
[2376.683s][debug][gc,phases      ] GC(206)     Dead                           Min: 0, Avg:  0.0, Max: 0, Diff: 0, Sum: 0, Workers: 4
[2376.683s][debug][gc,phases      ] GC(206)     Total                          Min: 0, Avg: 2620.0, Max: 4158, Diff: 4158, Sum: 10480, Workers: 4
[2376.683s][debug][gc,phases      ] GC(206)   JNI Weak                       Min:  0.0, Avg:  0.0, Max:  0.0, Diff:  0.0, Sum:  0.0, Workers: 4
[2376.683s][debug][gc,phases      ] GC(206)     Dead                           Min: 0, Avg:  0.0, Max: 0, Diff: 0, Sum: 0, Workers: 4
[2376.683s][debug][gc,phases      ] GC(206)     Total                          Min: 0, Avg: 11.2, Max: 45, Diff: 45, Sum: 45, Workers: 4
[2376.683s][debug][gc,phases      ] GC(206)   StringDedup Table Weak         Min:  0.0, Avg:  0.0, Max:  0.0, Diff:  0.0, Sum:  0.0, Workers: 4
[2376.683s][debug][gc,phases      ] GC(206)     Dead                           Min: 0, Avg:  0.0, Max: 0, Diff: 0, Sum: 0, Workers: 4
[2376.683s][debug][gc,phases      ] GC(206)     Total                          Min: 0, Avg:  0.0, Max: 0, Diff: 0, Sum: 0, Workers: 4
[2376.683s][debug][gc,phases      ] GC(206)   StringDedup Requests0 Weak     Min:  0.0, Avg:  0.0, Max:  0.0, Diff:  0.0, Sum:  0.0, Workers: 4
[2376.683s][debug][gc,phases      ] GC(206)     Dead                           Min: 0, Avg:  0.0, Max: 0, Diff: 0, Sum: 0, Workers: 4
[2376.683s][debug][gc,phases      ] GC(206)     Total                          Min: 0, Avg:  0.0, Max: 0, Diff: 0, Sum: 0, Workers: 4
[2376.683s][debug][gc,phases      ] GC(206)   StringDedup Requests1 Weak     Min:  0.0, Avg:  0.0, Max:  0.0, Diff:  0.0, Sum:  0.0, Workers: 4
[2376.684s][debug][gc,phases      ] GC(206)     Dead                           Min: 0, Avg:  0.0, Max: 0, Diff: 0, Sum: 0, Workers: 4
[2376.684s][debug][gc,phases      ] GC(206)     Total                          Min: 0, Avg:  0.0, Max: 0, Diff: 0, Sum: 0, Workers: 4
[2376.684s][debug][gc,phases      ] GC(206)   Weak JFR Old Object Samples    Min:  0.0, Avg:  0.0, Max:  0.0, Diff:  0.0, Sum:  0.0, Workers: 4
[2376.684s][debug][gc,phases      ] GC(206)     Dead                           Min: 0, Avg:  0.0, Max: 0, Diff: 0, Sum: 0, Workers: 4
[2376.684s][debug][gc,phases      ] GC(206)     Total                          Min: 0, Avg:  0.0, Max: 0, Diff: 0, Sum: 0, Workers: 4
[2376.684s][debug][gc,phases      ] GC(206) Weak Processing 0.347ms
[2376.684s][debug][gc,age         ] GC(206) Desired survivor size 2097152 bytes, new threshold 15 (max threshold 15)
[2376.684s][info ][gc,heap        ] GC(206) PSYoungGen: 2093376K(2094592K)->1344K(2095104K) Eden: 2092032K(2092032K)->0K(2093056K) From: 1344K(2560K)->1344K(2048K)
[2376.684s][info ][gc,heap        ] GC(206) ParOldGen: 307498K(351232K)->307506K(351232K)
[2376.684s][info ][gc,metaspace   ] GC(206) Metaspace: 85428K(86336K)->85428K(86336K) NonClass: 72954K(73472K)->72954K(73472K) Class: 12474K(12864K)->12474K(12864K)
[2376.684s][info ][gc             ] GC(206) Pause Young (Allocation Failure) 2344M->301M(2389M) 2.103ms
[2376.684s][info ][gc,cpu         ] GC(206) User=0.01s Sys=0.00s Real=0.00s
[2376.684s][info ][safepoint      ] Safepoint "ParallelGCFailedAllocation", Time since last: 31748857362 ns, Reaching safepoint: 4500 ns, Cleanup: 4100 ns, At safepoint: 2184295 ns, Total: 2192895 ns
[2408.479s][info ][gc,start       ] GC(207) Pause Young (Allocation Failure)
[2408.481s][debug][gc,phases      ] GC(207) Scavenge 1.876ms
[2408.481s][debug][gc,ref         ] GC(207) Skipped phase 1 of Reference Processing: no references
[2408.481s][debug][gc,ref         ] GC(207) Skipped phase 2 of Reference Processing: no references
[2408.481s][debug][gc,ref         ] GC(207) Skipped phase 3 of Reference Processing: no references
[2408.481s][debug][gc,ref         ] GC(207) Skipped phase 4 of Reference Processing: no references
[2408.481s][debug][gc,phases      ] GC(207) Reference Processing 0.027ms
[2408.481s][debug][gc,phases      ] GC(207)   VM Weak                        Min:  0.0, Avg:  0.0, Max:  0.0, Diff:  0.0, Sum:  0.0, Workers: 4
[2408.481s][debug][gc,phases      ] GC(207)     Dead                           Min: 0, Avg:  0.0, Max: 0, Diff: 0, Sum: 0, Workers: 4
[2408.481s][debug][gc,phases      ] GC(207)     Total                          Min: 0, Avg: 185.5, Max: 448, Diff: 448, Sum: 742, Workers: 4
[2408.481s][debug][gc,phases      ] GC(207)   ObjectSynchronizer Weak        Min:  0.0, Avg:  0.0, Max:  0.0, Diff:  0.0, Sum:  0.0, Workers: 4
[2408.481s][debug][gc,phases      ] GC(207)     Dead                           Min: 0, Avg:  0.0, Max: 0, Diff: 0, Sum: 0, Workers: 4
[2408.481s][debug][gc,phases      ] GC(207)     Total                          Min: 0, Avg:  0.8, Max: 3, Diff: 3, Sum: 3, Workers: 4
[2408.481s][debug][gc,phases      ] GC(207)   JVMTI Tag Weak OopStorage      Min:  0.0, Avg:  0.0, Max:  0.0, Diff:  0.0, Sum:  0.0, Workers: 4
[2408.481s][debug][gc,phases      ] GC(207)     Dead                           Min: 0, Avg:  0.0, Max: 0, Diff: 0, Sum: 0, Workers: 4
[2408.481s][debug][gc,phases      ] GC(207)     Total                          Min: 0, Avg:  0.0, Max: 0, Diff: 0, Sum: 0, Workers: 4
[2408.481s][debug][gc,phases      ] GC(207)   StringTable Weak               Min:  0.0, Avg:  0.1, Max:  0.1, Diff:  0.1, Sum:  0.4, Workers: 4
[2408.481s][debug][gc,phases      ] GC(207)     Dead                           Min: 0, Avg:  0.0, Max: 0, Diff: 0, Sum: 0, Workers: 4
[2408.481s][debug][gc,phases      ] GC(207)     Total                          Min: 192, Avg: 11030.5, Max: 18047, Diff: 17855, Sum: 44122, Workers: 4
[2408.481s][debug][gc,phases      ] GC(207)   ResolvedMethodTable Weak       Min:  0.0, Avg:  0.0, Max:  0.0, Diff:  0.0, Sum:  0.1, Workers: 4
[2408.481s][debug][gc,phases      ] GC(207)     Dead                           Min: 0, Avg:  0.0, Max: 0, Diff: 0, Sum: 0, Workers: 4
[2408.481s][debug][gc,phases      ] GC(207)     Total                          Min: 2546, Avg: 2620.0, Max: 2752, Diff: 206, Sum: 10480, Workers: 4
[2408.481s][debug][gc,phases      ] GC(207)   JNI Weak                       Min:  0.0, Avg:  0.0, Max:  0.0, Diff:  0.0, Sum:  0.0, Workers: 4
[2408.481s][debug][gc,phases      ] GC(207)     Dead                           Min: 0, Avg:  0.0, Max: 0, Diff: 0, Sum: 0, Workers: 4
[2408.481s][debug][gc,phases      ] GC(207)     Total                          Min: 0, Avg: 11.2, Max: 45, Diff: 45, Sum: 45, Workers: 4
[2408.481s][debug][gc,phases      ] GC(207)   StringDedup Table Weak         Min:  0.0, Avg:  0.0, Max:  0.0, Diff:  0.0, Sum:  0.0, Workers: 4
[2408.481s][debug][gc,phases      ] GC(207)     Dead                           Min: 0, Avg:  0.0, Max: 0, Diff: 0, Sum: 0, Workers: 4
[2408.481s][debug][gc,phases      ] GC(207)     Total                          Min: 0, Avg:  0.0, Max: 0, Diff: 0, Sum: 0, Workers: 4
[2408.481s][debug][gc,phases      ] GC(207)   StringDedup Requests0 Weak     Min:  0.0, Avg:  0.0, Max:  0.0, Diff:  0.0, Sum:  0.0, Workers: 4
[2408.481s][debug][gc,phases      ] GC(207)     Dead                           Min: 0, Avg:  0.0, Max: 0, Diff: 0, Sum: 0, Workers: 4
[2408.481s][debug][gc,phases      ] GC(207)     Total                          Min: 0, Avg:  0.0, Max: 0, Diff: 0, Sum: 0, Workers: 4
[2408.481s][debug][gc,phases      ] GC(207)   StringDedup Requests1 Weak     Min:  0.0, Avg:  0.0, Max:  0.0, Diff:  0.0, Sum:  0.0, Workers: 4
[2408.481s][debug][gc,phases      ] GC(207)     Dead                           Min: 0, Avg:  0.0, Max: 0, Diff: 0, Sum: 0, Workers: 4
[2408.481s][debug][gc,phases      ] GC(207)     Total                          Min: 0, Avg:  0.0, Max: 0, Diff: 0, Sum: 0, Workers: 4
[2408.481s][debug][gc,phases      ] GC(207)   Weak JFR Old Object Samples    Min:  0.0, Avg:  0.0, Max:  0.0, Diff:  0.0, Sum:  0.0, Workers: 4
[2408.481s][debug][gc,phases      ] GC(207)     Dead                           Min: 0, Avg:  0.0, Max: 0, Diff: 0, Sum: 0, Workers: 4
[2408.481s][debug][gc,phases      ] GC(207)     Total                          Min: 0, Avg:  0.0, Max: 0, Diff: 0, Sum: 0, Workers: 4
[2408.481s][debug][gc,phases      ] GC(207) Weak Processing 0.345ms
[2408.481s][debug][gc,age         ] GC(207) Desired survivor size 2097152 bytes, new threshold 15 (max threshold 15)
[2408.481s][info ][gc,heap        ] GC(207) PSYoungGen: 2094400K(2095104K)->1376K(2095104K) Eden: 2093056K(2093056K)->0K(2093056K) From: 1344K(2048K)->1376K(2048K)
[2408.481s][info ][gc,heap        ] GC(207) ParOldGen: 307506K(351232K)->307514K(351232K)
[2408.481s][info ][gc,metaspace   ] GC(207) Metaspace: 85428K(86336K)->85428K(86336K) NonClass: 72954K(73472K)->72954K(73472K) Class: 12474K(12864K)->12474K(12864K)
[2408.481s][info ][gc             ] GC(207) Pause Young (Allocation Failure) 2345M->301M(2389M) 2.357ms
[2408.481s][info ][gc,cpu         ] GC(207) User=0.01s Sys=0.00s Real=0.01s
[2408.481s][info ][safepoint      ] Safepoint "ParallelGCFailedAllocation", Time since last: 31795182267 ns, Reaching safepoint: 72100 ns, Cleanup: 4000 ns, At safepoint: 2451794 ns, Total: 2527894 ns
[2412.482s][info ][safepoint      ] Safepoint "Cleanup", Time since last: 4000295887 ns, Reaching safepoint: 76699 ns, Cleanup: 12400 ns, At safepoint: 5900 ns, Total: 94999 ns
[2440.129s][info ][gc,start       ] GC(208) Pause Young (Allocation Failure)
[2440.131s][debug][gc,phases      ] GC(208) Scavenge 1.677ms
[2440.131s][debug][gc,ref         ] GC(208) Skipped phase 1 of Reference Processing: no references
[2440.131s][debug][gc,ref         ] GC(208) Skipped phase 2 of Reference Processing: no references
[2440.131s][debug][gc,ref         ] GC(208) Skipped phase 3 of Reference Processing: no references
[2440.131s][debug][gc,ref         ] GC(208) Skipped phase 4 of Reference Processing: no references
[2440.131s][debug][gc,phases      ] GC(208) Reference Processing 0.020ms
[2440.131s][debug][gc,phases      ] GC(208)   VM Weak                        Min:  0.0, Avg:  0.0, Max:  0.0, Diff:  0.0, Sum:  0.0, Workers: 4
[2440.131s][debug][gc,phases      ] GC(208)     Dead                           Min: 0, Avg:  0.0, Max: 0, Diff: 0, Sum: 0, Workers: 4
[2440.131s][debug][gc,phases      ] GC(208)     Total                          Min: 0, Avg: 185.5, Max: 486, Diff: 486, Sum: 742, Workers: 4
[2440.131s][debug][gc,phases      ] GC(208)   ObjectSynchronizer Weak        Min:  0.0, Avg:  0.0, Max:  0.0, Diff:  0.0, Sum:  0.0, Workers: 4
[2440.131s][debug][gc,phases      ] GC(208)     Dead                           Min: 0, Avg:  0.0, Max: 0, Diff: 0, Sum: 0, Workers: 4
[2440.131s][debug][gc,phases      ] GC(208)     Total                          Min: 0, Avg:  0.8, Max: 3, Diff: 3, Sum: 3, Workers: 4
[2440.131s][debug][gc,phases      ] GC(208)   JVMTI Tag Weak OopStorage      Min:  0.0, Avg:  0.0, Max:  0.0, Diff:  0.0, Sum:  0.0, Workers: 4
[2440.131s][debug][gc,phases      ] GC(208)     Dead                           Min: 0, Avg:  0.0, Max: 0, Diff: 0, Sum: 0, Workers: 4
[2440.131s][debug][gc,phases      ] GC(208)     Total                          Min: 0, Avg:  0.0, Max: 0, Diff: 0, Sum: 0, Workers: 4
[2440.131s][debug][gc,phases      ] GC(208)   StringTable Weak               Min:  0.0, Avg:  0.1, Max:  0.1, Diff:  0.1, Sum:  0.4, Workers: 4
[2440.131s][debug][gc,phases      ] GC(208)     Dead                           Min: 0, Avg:  0.0, Max: 0, Diff: 0, Sum: 0, Workers: 4
[2440.131s][debug][gc,phases      ] GC(208)     Total                          Min: 0, Avg: 11030.5, Max: 19484, Diff: 19484, Sum: 44122, Workers: 4
[2440.131s][debug][gc,phases      ] GC(208)   ResolvedMethodTable Weak       Min:  0.0, Avg:  0.0, Max:  0.0, Diff:  0.0, Sum:  0.1, Workers: 4
[2440.131s][debug][gc,phases      ] GC(208)     Dead                           Min: 0, Avg:  0.0, Max: 0, Diff: 0, Sum: 0, Workers: 4
[2440.131s][debug][gc,phases      ] GC(208)     Total                          Min: 0, Avg: 2620.0, Max: 4592, Diff: 4592, Sum: 10480, Workers: 4
[2440.131s][debug][gc,phases      ] GC(208)   JNI Weak                       Min:  0.0, Avg:  0.0, Max:  0.0, Diff:  0.0, Sum:  0.0, Workers: 4
[2440.131s][debug][gc,phases      ] GC(208)     Dead                           Min: 0, Avg:  0.0, Max: 0, Diff: 0, Sum: 0, Workers: 4
[2440.131s][debug][gc,phases      ] GC(208)     Total                          Min: 0, Avg: 11.2, Max: 45, Diff: 45, Sum: 45, Workers: 4
[2440.131s][debug][gc,phases      ] GC(208)   StringDedup Table Weak         Min:  0.0, Avg:  0.0, Max:  0.0, Diff:  0.0, Sum:  0.0, Workers: 4
[2440.131s][debug][gc,phases      ] GC(208)     Dead                           Min: 0, Avg:  0.0, Max: 0, Diff: 0, Sum: 0, Workers: 4
[2440.131s][debug][gc,phases      ] GC(208)     Total                          Min: 0, Avg:  0.0, Max: 0, Diff: 0, Sum: 0, Workers: 4
[2440.131s][debug][gc,phases      ] GC(208)   StringDedup Requests0 Weak     Min:  0.0, Avg:  0.0, Max:  0.0, Diff:  0.0, Sum:  0.0, Workers: 4
[2440.131s][debug][gc,phases      ] GC(208)     Dead                           Min: 0, Avg:  0.0, Max: 0, Diff: 0, Sum: 0, Workers: 4
[2440.131s][debug][gc,phases      ] GC(208)     Total                          Min: 0, Avg:  0.0, Max: 0, Diff: 0, Sum: 0, Workers: 4
[2440.131s][debug][gc,phases      ] GC(208)   StringDedup Requests1 Weak     Min:  0.0, Avg:  0.0, Max:  0.0, Diff:  0.0, Sum:  0.0, Workers: 4
[2440.131s][debug][gc,phases      ] GC(208)     Dead                           Min: 0, Avg:  0.0, Max: 0, Diff: 0, Sum: 0, Workers: 4
[2440.131s][debug][gc,phases      ] GC(208)     Total                          Min: 0, Avg:  0.0, Max: 0, Diff: 0, Sum: 0, Workers: 4
[2440.131s][debug][gc,phases      ] GC(208)   Weak JFR Old Object Samples    Min:  0.0, Avg:  0.0, Max:  0.0, Diff:  0.0, Sum:  0.0, Workers: 4
[2440.131s][debug][gc,phases      ] GC(208)     Dead                           Min: 0, Avg:  0.0, Max: 0, Diff: 0, Sum: 0, Workers: 4
[2440.131s][debug][gc,phases      ] GC(208)     Total                          Min: 0, Avg:  0.0, Max: 0, Diff: 0, Sum: 0, Workers: 4
[2440.131s][debug][gc,phases      ] GC(208) Weak Processing 0.340ms
[2440.131s][debug][gc,age         ] GC(208) Desired survivor size 2097152 bytes, new threshold 15 (max threshold 15)
[2440.131s][info ][gc,heap        ] GC(208) PSYoungGen: 2094432K(2095104K)->1344K(2095104K) Eden: 2093056K(2093056K)->0K(2093056K) From: 1376K(2048K)->1344K(2048K)
[2440.131s][info ][gc,heap        ] GC(208) ParOldGen: 307514K(351232K)->307514K(351232K)
[2440.131s][info ][gc,metaspace   ] GC(208) Metaspace: 85429K(86336K)->85429K(86336K) NonClass: 72954K(73472K)->72954K(73472K) Class: 12474K(12864K)->12474K(12864K)
[2440.131s][info ][gc             ] GC(208) Pause Young (Allocation Failure) 2345M->301M(2389M) 2.120ms
[2440.131s][info ][gc,cpu         ] GC(208) User=0.00s Sys=0.00s Real=0.00s
[2440.131s][info ][safepoint      ] Safepoint "ParallelGCFailedAllocation", Time since last: 27647376003 ns, Reaching safepoint: 4500 ns, Cleanup: 3900 ns, At safepoint: 2203795 ns, Total: 2212195 ns
[2471.931s][info ][gc,start       ] GC(209) Pause Young (Allocation Failure)
[2471.932s][debug][gc,phases      ] GC(209) Scavenge 1.594ms
[2471.932s][debug][gc,ref         ] GC(209) Skipped phase 1 of Reference Processing: no references
[2471.932s][debug][gc,ref         ] GC(209) Skipped phase 2 of Reference Processing: no references
[2471.932s][debug][gc,ref         ] GC(209) Skipped phase 3 of Reference Processing: no references
[2471.932s][debug][gc,ref         ] GC(209) Skipped phase 4 of Reference Processing: no references
[2471.932s][debug][gc,phases      ] GC(209) Reference Processing 0.021ms
[2471.933s][debug][gc,phases      ] GC(209)   VM Weak                        Min:  0.0, Avg:  0.0, Max:  0.0, Diff:  0.0, Sum:  0.0, Workers: 4
[2471.933s][debug][gc,phases      ] GC(209)     Dead                           Min: 0, Avg:  0.0, Max: 0, Diff: 0, Sum: 0, Workers: 4
[2471.933s][debug][gc,phases      ] GC(209)     Total                          Min: 0, Avg: 185.5, Max: 576, Diff: 576, Sum: 742, Workers: 4
[2471.933s][debug][gc,phases      ] GC(209)   ObjectSynchronizer Weak        Min:  0.0, Avg:  0.0, Max:  0.0, Diff:  0.0, Sum:  0.0, Workers: 4
[2471.933s][debug][gc,phases      ] GC(209)     Dead                           Min: 0, Avg:  0.0, Max: 0, Diff: 0, Sum: 0, Workers: 4
[2471.933s][debug][gc,phases      ] GC(209)     Total                          Min: 0, Avg:  0.8, Max: 3, Diff: 3, Sum: 3, Workers: 4
[2471.933s][debug][gc,phases      ] GC(209)   JVMTI Tag Weak OopStorage      Min:  0.0, Avg:  0.0, Max:  0.0, Diff:  0.0, Sum:  0.0, Workers: 4
[2471.933s][debug][gc,phases      ] GC(209)     Dead                           Min: 0, Avg:  0.0, Max: 0, Diff: 0, Sum: 0, Workers: 4
[2471.933s][debug][gc,phases      ] GC(209)     Total                          Min: 0, Avg:  0.0, Max: 0, Diff: 0, Sum: 0, Workers: 4
[2471.933s][debug][gc,phases      ] GC(209)   StringTable Weak               Min:  0.0, Avg:  0.1, Max:  0.1, Diff:  0.1, Sum:  0.4, Workers: 4
[2471.933s][debug][gc,phases      ] GC(209)     Dead                           Min: 0, Avg:  0.0, Max: 0, Diff: 0, Sum: 0, Workers: 4
[2471.933s][debug][gc,phases      ] GC(209)     Total                          Min: 3611, Avg: 11030.5, Max: 14336, Diff: 10725, Sum: 44122, Workers: 4
[2471.933s][debug][gc,phases      ] GC(209)   ResolvedMethodTable Weak       Min:  0.0, Avg:  0.0, Max:  0.0, Diff:  0.0, Sum:  0.1, Workers: 4
[2471.933s][debug][gc,phases      ] GC(209)     Dead                           Min: 0, Avg:  0.0, Max: 0, Diff: 0, Sum: 0, Workers: 4
[2471.933s][debug][gc,phases      ] GC(209)     Total                          Min: 2496, Avg: 2620.0, Max: 2752, Diff: 256, Sum: 10480, Workers: 4
[2471.933s][debug][gc,phases      ] GC(209)   JNI Weak                       Min:  0.0, Avg:  0.0, Max:  0.0, Diff:  0.0, Sum:  0.0, Workers: 4
[2471.933s][debug][gc,phases      ] GC(209)     Dead                           Min: 0, Avg:  0.0, Max: 0, Diff: 0, Sum: 0, Workers: 4
[2471.933s][debug][gc,phases      ] GC(209)     Total                          Min: 0, Avg: 11.2, Max: 45, Diff: 45, Sum: 45, Workers: 4
[2471.933s][debug][gc,phases      ] GC(209)   StringDedup Table Weak         Min:  0.0, Avg:  0.0, Max:  0.0, Diff:  0.0, Sum:  0.0, Workers: 4
[2471.933s][debug][gc,phases      ] GC(209)     Dead                           Min: 0, Avg:  0.0, Max: 0, Diff: 0, Sum: 0, Workers: 4
[2471.933s][debug][gc,phases      ] GC(209)     Total                          Min: 0, Avg:  0.0, Max: 0, Diff: 0, Sum: 0, Workers: 4
[2471.933s][debug][gc,phases      ] GC(209)   StringDedup Requests0 Weak     Min:  0.0, Avg:  0.0, Max:  0.0, Diff:  0.0, Sum:  0.0, Workers: 4
[2471.933s][debug][gc,phases      ] GC(209)     Dead                           Min: 0, Avg:  0.0, Max: 0, Diff: 0, Sum: 0, Workers: 4
[2471.933s][debug][gc,phases      ] GC(209)     Total                          Min: 0, Avg:  0.0, Max: 0, Diff: 0, Sum: 0, Workers: 4
[2471.933s][debug][gc,phases      ] GC(209)   StringDedup Requests1 Weak     Min:  0.0, Avg:  0.0, Max:  0.0, Diff:  0.0, Sum:  0.0, Workers: 4
[2471.933s][debug][gc,phases      ] GC(209)     Dead                           Min: 0, Avg:  0.0, Max: 0, Diff: 0, Sum: 0, Workers: 4
[2471.933s][debug][gc,phases      ] GC(209)     Total                          Min: 0, Avg:  0.0, Max: 0, Diff: 0, Sum: 0, Workers: 4
[2471.933s][debug][gc,phases      ] GC(209)   Weak JFR Old Object Samples    Min:  0.0, Avg:  0.0, Max:  0.0, Diff:  0.0, Sum:  0.0, Workers: 4
[2471.933s][debug][gc,phases      ] GC(209)     Dead                           Min: 0, Avg:  0.0, Max: 0, Diff: 0, Sum: 0, Workers: 4
[2471.933s][debug][gc,phases      ] GC(209)     Total                          Min: 0, Avg:  0.0, Max: 0, Diff: 0, Sum: 0, Workers: 4
[2471.933s][debug][gc,phases      ] GC(209) Weak Processing 0.330ms
[2471.933s][debug][gc,age         ] GC(209) Desired survivor size 2097152 bytes, new threshold 15 (max threshold 15)
[2471.933s][info ][gc,heap        ] GC(209) PSYoungGen: 2094400K(2095104K)->1344K(2095104K) Eden: 2093056K(2093056K)->0K(2093056K) From: 1344K(2048K)->1344K(2048K)
[2471.933s][info ][gc,heap        ] GC(209) ParOldGen: 307514K(351232K)->307546K(351232K)
[2471.933s][info ][gc,metaspace   ] GC(209) Metaspace: 85429K(86336K)->85429K(86336K) NonClass: 72955K(73472K)->72955K(73472K) Class: 12474K(12864K)->12474K(12864K)
[2471.933s][info ][gc             ] GC(209) Pause Young (Allocation Failure) 2345M->301M(2389M) 2.041ms
[2471.933s][info ][gc,cpu         ] GC(209) User=0.01s Sys=0.00s Real=0.01s
[2471.933s][info ][safepoint      ] Safepoint "ParallelGCFailedAllocation", Time since last: 31799458027 ns, Reaching safepoint: 4900 ns, Cleanup: 3899 ns, At safepoint: 2119896 ns, Total: 2128695 ns
[2503.779s][info ][gc,start       ] GC(210) Pause Young (Allocation Failure)
[2503.781s][debug][gc,phases      ] GC(210) Scavenge 1.672ms
[2503.781s][debug][gc,ref         ] GC(210) Skipped phase 1 of Reference Processing: no references
[2503.781s][debug][gc,ref         ] GC(210) Skipped phase 2 of Reference Processing: no references
[2503.781s][debug][gc,ref         ] GC(210) Skipped phase 3 of Reference Processing: no references
[2503.781s][debug][gc,ref         ] GC(210) Skipped phase 4 of Reference Processing: no references
[2503.781s][debug][gc,phases      ] GC(210) Reference Processing 0.021ms
[2503.781s][debug][gc,phases      ] GC(210)   VM Weak                        Min:  0.0, Avg:  0.0, Max:  0.0, Diff:  0.0, Sum:  0.0, Workers: 4
[2503.781s][debug][gc,phases      ] GC(210)     Dead                           Min: 0, Avg:  0.0, Max: 0, Diff: 0, Sum: 0, Workers: 4
[2503.781s][debug][gc,phases      ] GC(210)     Total                          Min: 0, Avg: 185.5, Max: 512, Diff: 512, Sum: 742, Workers: 4
[2503.781s][debug][gc,phases      ] GC(210)   ObjectSynchronizer Weak        Min:  0.0, Avg:  0.0, Max:  0.0, Diff:  0.0, Sum:  0.0, Workers: 4
[2503.781s][debug][gc,phases      ] GC(210)     Dead                           Min: 0, Avg:  0.0, Max: 0, Diff: 0, Sum: 0, Workers: 4
[2503.781s][debug][gc,phases      ] GC(210)     Total                          Min: 0, Avg:  0.8, Max: 3, Diff: 3, Sum: 3, Workers: 4
[2503.781s][debug][gc,phases      ] GC(210)   JVMTI Tag Weak OopStorage      Min:  0.0, Avg:  0.0, Max:  0.0, Diff:  0.0, Sum:  0.0, Workers: 4
[2503.781s][debug][gc,phases      ] GC(210)     Dead                           Min: 0, Avg:  0.0, Max: 0, Diff: 0, Sum: 0, Workers: 4
[2503.781s][debug][gc,phases      ] GC(210)     Total                          Min: 0, Avg:  0.0, Max: 0, Diff: 0, Sum: 0, Workers: 4
[2503.781s][debug][gc,phases      ] GC(210)   StringTable Weak               Min:  0.1, Avg:  0.1, Max:  0.1, Diff:  0.0, Sum:  0.5, Workers: 4
[2503.781s][debug][gc,phases      ] GC(210)     Dead                           Min: 0, Avg:  0.0, Max: 0, Diff: 0, Sum: 0, Workers: 4
[2503.781s][debug][gc,phases      ] GC(210)     Total                          Min: 10368, Avg: 11030.5, Max: 11264, Diff: 896, Sum: 44122, Workers: 4
[2503.781s][debug][gc,phases      ] GC(210)   ResolvedMethodTable Weak       Min:  0.0, Avg:  0.0, Max:  0.0, Diff:  0.0, Sum:  0.1, Workers: 4
[2503.781s][debug][gc,phases      ] GC(210)     Dead                           Min: 0, Avg:  0.0, Max: 0, Diff: 0, Sum: 0, Workers: 4
[2503.781s][debug][gc,phases      ] GC(210)     Total                          Min: 2546, Avg: 2620.0, Max: 2686, Diff: 140, Sum: 10480, Workers: 4
[2503.781s][debug][gc,phases      ] GC(210)   JNI Weak                       Min:  0.0, Avg:  0.0, Max:  0.0, Diff:  0.0, Sum:  0.0, Workers: 4
[2503.781s][debug][gc,phases      ] GC(210)     Dead                           Min: 0, Avg:  0.0, Max: 0, Diff: 0, Sum: 0, Workers: 4
[2503.781s][debug][gc,phases      ] GC(210)     Total                          Min: 0, Avg: 11.2, Max: 45, Diff: 45, Sum: 45, Workers: 4
[2503.781s][debug][gc,phases      ] GC(210)   StringDedup Table Weak         Min:  0.0, Avg:  0.0, Max:  0.0, Diff:  0.0, Sum:  0.0, Workers: 4
[2503.781s][debug][gc,phases      ] GC(210)     Dead                           Min: 0, Avg:  0.0, Max: 0, Diff: 0, Sum: 0, Workers: 4
[2503.781s][debug][gc,phases      ] GC(210)     Total                          Min: 0, Avg:  0.0, Max: 0, Diff: 0, Sum: 0, Workers: 4
[2503.781s][debug][gc,phases      ] GC(210)   StringDedup Requests0 Weak     Min:  0.0, Avg:  0.0, Max:  0.0, Diff:  0.0, Sum:  0.0, Workers: 4
[2503.781s][debug][gc,phases      ] GC(210)     Dead                           Min: 0, Avg:  0.0, Max: 0, Diff: 0, Sum: 0, Workers: 4
[2503.781s][debug][gc,phases      ] GC(210)     Total                          Min: 0, Avg:  0.0, Max: 0, Diff: 0, Sum: 0, Workers: 4
[2503.781s][debug][gc,phases      ] GC(210)   StringDedup Requests1 Weak     Min:  0.0, Avg:  0.0, Max:  0.0, Diff:  0.0, Sum:  0.0, Workers: 4
[2503.781s][debug][gc,phases      ] GC(210)     Dead                           Min: 0, Avg:  0.0, Max: 0, Diff: 0, Sum: 0, Workers: 4
[2503.781s][debug][gc,phases      ] GC(210)     Total                          Min: 0, Avg:  0.0, Max: 0, Diff: 0, Sum: 0, Workers: 4
[2503.781s][debug][gc,phases      ] GC(210)   Weak JFR Old Object Samples    Min:  0.0, Avg:  0.0, Max:  0.0, Diff:  0.0, Sum:  0.0, Workers: 4
[2503.781s][debug][gc,phases      ] GC(210)     Dead                           Min: 0, Avg:  0.0, Max: 0, Diff: 0, Sum: 0, Workers: 4
[2503.781s][debug][gc,phases      ] GC(210)     Total                          Min: 0, Avg:  0.0, Max: 0, Diff: 0, Sum: 0, Workers: 4
[2503.781s][debug][gc,phases      ] GC(210) Weak Processing 0.311ms
[2503.781s][debug][gc,age         ] GC(210) Desired survivor size 2097152 bytes, new threshold 15 (max threshold 15)
[2503.781s][info ][gc,heap        ] GC(210) PSYoungGen: 2094400K(2095104K)->1344K(2095104K) Eden: 2093056K(2093056K)->0K(2093056K) From: 1344K(2048K)->1344K(2048K)
[2503.781s][info ][gc,heap        ] GC(210) ParOldGen: 307546K(351232K)->307578K(351232K)
[2503.781s][info ][gc,metaspace   ] GC(210) Metaspace: 85432K(86336K)->85432K(86336K) NonClass: 72958K(73472K)->72958K(73472K) Class: 12474K(12864K)->12474K(12864K)
[2503.781s][info ][gc             ] GC(210) Pause Young (Allocation Failure) 2345M->301M(2389M) 2.090ms
[2503.781s][info ][gc,cpu         ] GC(210) User=0.01s Sys=0.00s Real=0.01s
[2503.781s][info ][safepoint      ] Safepoint "ParallelGCFailedAllocation", Time since last: 31845913028 ns, Reaching safepoint: 4500 ns, Cleanup: 3700 ns, At safepoint: 2171395 ns, Total: 2179595 ns
[2510.782s][info ][safepoint      ] Safepoint "Cleanup", Time since last: 7000504687 ns, Reaching safepoint: 72900 ns, Cleanup: 8600 ns, At safepoint: 5300 ns, Total: 86800 ns
[2535.581s][info ][gc,start       ] GC(211) Pause Young (Allocation Failure)
[2535.582s][debug][gc,phases      ] GC(211) Scavenge 1.610ms
[2535.582s][debug][gc,ref         ] GC(211) Skipped phase 1 of Reference Processing: no references
[2535.582s][debug][gc,ref         ] GC(211) Skipped phase 2 of Reference Processing: no references
[2535.582s][debug][gc,ref         ] GC(211) Skipped phase 3 of Reference Processing: no references
[2535.582s][debug][gc,ref         ] GC(211) Skipped phase 4 of Reference Processing: no references
[2535.582s][debug][gc,phases      ] GC(211) Reference Processing 0.020ms
[2535.582s][debug][gc,phases      ] GC(211)   VM Weak                        Min:  0.0, Avg:  0.0, Max:  0.0, Diff:  0.0, Sum:  0.0, Workers: 4
[2535.582s][debug][gc,phases      ] GC(211)     Dead                           Min: 0, Avg:  0.0, Max: 0, Diff: 0, Sum: 0, Workers: 4
[2535.582s][debug][gc,phases      ] GC(211)     Total                          Min: 0, Avg: 185.5, Max: 550, Diff: 550, Sum: 742, Workers: 4
[2535.582s][debug][gc,phases      ] GC(211)   ObjectSynchronizer Weak        Min:  0.0, Avg:  0.0, Max:  0.0, Diff:  0.0, Sum:  0.0, Workers: 4
[2535.582s][debug][gc,phases      ] GC(211)     Dead                           Min: 0, Avg:  0.0, Max: 0, Diff: 0, Sum: 0, Workers: 4
[2535.582s][debug][gc,phases      ] GC(211)     Total                          Min: 0, Avg:  0.8, Max: 3, Diff: 3, Sum: 3, Workers: 4
[2535.582s][debug][gc,phases      ] GC(211)   JVMTI Tag Weak OopStorage      Min:  0.0, Avg:  0.0, Max:  0.0, Diff:  0.0, Sum:  0.0, Workers: 4
[2535.582s][debug][gc,phases      ] GC(211)     Dead                           Min: 0, Avg:  0.0, Max: 0, Diff: 0, Sum: 0, Workers: 4
[2535.582s][debug][gc,phases      ] GC(211)     Total                          Min: 0, Avg:  0.0, Max: 0, Diff: 0, Sum: 0, Workers: 4
[2535.582s][debug][gc,phases      ] GC(211)   StringTable Weak               Min:  0.1, Avg:  0.1, Max:  0.1, Diff:  0.0, Sum:  0.5, Workers: 4
[2535.582s][debug][gc,phases      ] GC(211)     Dead                           Min: 0, Avg:  0.0, Max: 0, Diff: 0, Sum: 0, Workers: 4
[2535.582s][debug][gc,phases      ] GC(211)     Total                          Min: 10624, Avg: 11030.5, Max: 11391, Diff: 767, Sum: 44122, Workers: 4
[2535.582s][debug][gc,phases      ] GC(211)   ResolvedMethodTable Weak       Min:  0.0, Avg:  0.0, Max:  0.0, Diff:  0.0, Sum:  0.1, Workers: 4
[2535.582s][debug][gc,phases      ] GC(211)     Dead                           Min: 0, Avg:  0.0, Max: 0, Diff: 0, Sum: 0, Workers: 4
[2535.582s][debug][gc,phases      ] GC(211)     Total                          Min: 2494, Avg: 2620.0, Max: 2752, Diff: 258, Sum: 10480, Workers: 4
[2535.583s][debug][gc,phases      ] GC(211)   JNI Weak                       Min:  0.0, Avg:  0.0, Max:  0.0, Diff:  0.0, Sum:  0.0, Workers: 4
[2535.583s][debug][gc,phases      ] GC(211)     Dead                           Min: 0, Avg:  0.0, Max: 0, Diff: 0, Sum: 0, Workers: 4
[2535.583s][debug][gc,phases      ] GC(211)     Total                          Min: 0, Avg: 11.2, Max: 45, Diff: 45, Sum: 45, Workers: 4
[2535.583s][debug][gc,phases      ] GC(211)   StringDedup Table Weak         Min:  0.0, Avg:  0.0, Max:  0.0, Diff:  0.0, Sum:  0.0, Workers: 4
[2535.583s][debug][gc,phases      ] GC(211)     Dead                           Min: 0, Avg:  0.0, Max: 0, Diff: 0, Sum: 0, Workers: 4
[2535.583s][debug][gc,phases      ] GC(211)     Total                          Min: 0, Avg:  0.0, Max: 0, Diff: 0, Sum: 0, Workers: 4
[2535.583s][debug][gc,phases      ] GC(211)   StringDedup Requests0 Weak     Min:  0.0, Avg:  0.0, Max:  0.0, Diff:  0.0, Sum:  0.0, Workers: 4
[2535.583s][debug][gc,phases      ] GC(211)     Dead                           Min: 0, Avg:  0.0, Max: 0, Diff: 0, Sum: 0, Workers: 4
[2535.583s][debug][gc,phases      ] GC(211)     Total                          Min: 0, Avg:  0.0, Max: 0, Diff: 0, Sum: 0, Workers: 4
[2535.583s][debug][gc,phases      ] GC(211)   StringDedup Requests1 Weak     Min:  0.0, Avg:  0.0, Max:  0.0, Diff:  0.0, Sum:  0.0, Workers: 4
[2535.583s][debug][gc,phases      ] GC(211)     Dead                           Min: 0, Avg:  0.0, Max: 0, Diff: 0, Sum: 0, Workers: 4
[2535.583s][debug][gc,phases      ] GC(211)     Total                          Min: 0, Avg:  0.0, Max: 0, Diff: 0, Sum: 0, Workers: 4
[2535.583s][debug][gc,phases      ] GC(211)   Weak JFR Old Object Samples    Min:  0.0, Avg:  0.0, Max:  0.0, Diff:  0.0, Sum:  0.0, Workers: 4
[2535.583s][debug][gc,phases      ] GC(211)     Dead                           Min: 0, Avg:  0.0, Max: 0, Diff: 0, Sum: 0, Workers: 4
[2535.583s][debug][gc,phases      ] GC(211)     Total                          Min: 0, Avg:  0.0, Max: 0, Diff: 0, Sum: 0, Workers: 4
[2535.583s][debug][gc,phases      ] GC(211) Weak Processing 0.307ms
[2535.583s][debug][gc,age         ] GC(211) Desired survivor size 2097152 bytes, new threshold 15 (max threshold 15)
[2535.583s][info ][gc,heap        ] GC(211) PSYoungGen: 2094400K(2095104K)->1344K(2095104K) Eden: 2093056K(2093056K)->0K(2093056K) From: 1344K(2048K)->1344K(2048K)
[2535.583s][info ][gc,heap        ] GC(211) ParOldGen: 307578K(351232K)->307578K(351232K)
[2535.583s][info ][gc,metaspace   ] GC(211) Metaspace: 85451K(86336K)->85451K(86336K) NonClass: 72976K(73472K)->72976K(73472K) Class: 12474K(12864K)->12474K(12864K)
[2535.583s][info ][gc             ] GC(211) Pause Young (Allocation Failure) 2345M->301M(2389M) 2.022ms
[2535.583s][info ][gc,cpu         ] GC(211) User=0.00s Sys=0.00s Real=0.00s
[2535.583s][info ][safepoint      ] Safepoint "ParallelGCFailedAllocation", Time since last: 24798940250 ns, Reaching safepoint: 4100 ns, Cleanup: 14000 ns, At safepoint: 2103995 ns, Total: 2122095 ns
[2566.585s][info ][safepoint      ] Safepoint "Cleanup", Time since last: 31001934832 ns, Reaching safepoint: 4800 ns, Cleanup: 8500 ns, At safepoint: 2200 ns, Total: 15500 ns
[2567.381s][info ][gc,start       ] GC(212) Pause Young (Allocation Failure)
[2567.384s][debug][gc,phases      ] GC(212) Scavenge 2.883ms
[2567.384s][debug][gc,ref         ] GC(212) Skipped phase 1 of Reference Processing: no references
[2567.384s][debug][gc,ref         ] GC(212) Skipped phase 2 of Reference Processing: no references
[2567.384s][debug][gc,ref         ] GC(212) Skipped phase 3 of Reference Processing: no references
[2567.384s][debug][gc,ref         ] GC(212) Skipped phase 4 of Reference Processing: no references
[2567.384s][debug][gc,phases      ] GC(212) Reference Processing 0.022ms
[2567.384s][debug][gc,phases      ] GC(212)   VM Weak                        Min:  0.0, Avg:  0.0, Max:  0.0, Diff:  0.0, Sum:  0.0, Workers: 4
[2567.384s][debug][gc,phases      ] GC(212)     Dead                           Min: 0, Avg:  0.0, Max: 0, Diff: 0, Sum: 0, Workers: 4
[2567.384s][debug][gc,phases      ] GC(212)     Total                          Min: 0, Avg: 185.5, Max: 742, Diff: 742, Sum: 742, Workers: 4
[2567.384s][debug][gc,phases      ] GC(212)   ObjectSynchronizer Weak        Min:  0.0, Avg:  0.0, Max:  0.0, Diff:  0.0, Sum:  0.0, Workers: 4
[2567.384s][debug][gc,phases      ] GC(212)     Dead                           Min: 0, Avg:  0.0, Max: 0, Diff: 0, Sum: 0, Workers: 4
[2567.384s][debug][gc,phases      ] GC(212)     Total                          Min: 0, Avg:  0.8, Max: 3, Diff: 3, Sum: 3, Workers: 4
[2567.384s][debug][gc,phases      ] GC(212)   JVMTI Tag Weak OopStorage      Min:  0.0, Avg:  0.0, Max:  0.0, Diff:  0.0, Sum:  0.0, Workers: 4
[2567.384s][debug][gc,phases      ] GC(212)     Dead                           Min: 0, Avg:  0.0, Max: 0, Diff: 0, Sum: 0, Workers: 4
[2567.384s][debug][gc,phases      ] GC(212)     Total                          Min: 0, Avg:  0.0, Max: 0, Diff: 0, Sum: 0, Workers: 4
[2567.384s][debug][gc,phases      ] GC(212)   StringTable Weak               Min:  0.1, Avg:  0.1, Max:  0.1, Diff:  0.0, Sum:  0.5, Workers: 4
[2567.384s][debug][gc,phases      ] GC(212)     Dead                           Min: 0, Avg:  0.0, Max: 0, Diff: 0, Sum: 0, Workers: 4
[2567.384s][debug][gc,phases      ] GC(212)     Total                          Min: 9499, Avg: 11030.5, Max: 12543, Diff: 3044, Sum: 44122, Workers: 4
[2567.384s][debug][gc,phases      ] GC(212)   ResolvedMethodTable Weak       Min:  0.0, Avg:  0.0, Max:  0.0, Diff:  0.0, Sum:  0.1, Workers: 4
[2567.384s][debug][gc,phases      ] GC(212)     Dead                           Min: 0, Avg:  0.0, Max: 0, Diff: 0, Sum: 0, Workers: 4
[2567.384s][debug][gc,phases      ] GC(212)     Total                          Min: 2098, Avg: 2620.0, Max: 2880, Diff: 782, Sum: 10480, Workers: 4
[2567.384s][debug][gc,phases      ] GC(212)   JNI Weak                       Min:  0.0, Avg:  0.0, Max:  0.0, Diff:  0.0, Sum:  0.0, Workers: 4
[2567.384s][debug][gc,phases      ] GC(212)     Dead                           Min: 0, Avg:  0.0, Max: 0, Diff: 0, Sum: 0, Workers: 4
[2567.384s][debug][gc,phases      ] GC(212)     Total                          Min: 0, Avg: 11.2, Max: 45, Diff: 45, Sum: 45, Workers: 4
[2567.384s][debug][gc,phases      ] GC(212)   StringDedup Table Weak         Min:  0.0, Avg:  0.0, Max:  0.0, Diff:  0.0, Sum:  0.0, Workers: 4
[2567.384s][debug][gc,phases      ] GC(212)     Dead                           Min: 0, Avg:  0.0, Max: 0, Diff: 0, Sum: 0, Workers: 4
[2567.384s][debug][gc,phases      ] GC(212)     Total                          Min: 0, Avg:  0.0, Max: 0, Diff: 0, Sum: 0, Workers: 4
[2567.384s][debug][gc,phases      ] GC(212)   StringDedup Requests0 Weak     Min:  0.0, Avg:  0.0, Max:  0.0, Diff:  0.0, Sum:  0.0, Workers: 4
[2567.384s][debug][gc,phases      ] GC(212)     Dead                           Min: 0, Avg:  0.0, Max: 0, Diff: 0, Sum: 0, Workers: 4
[2567.384s][debug][gc,phases      ] GC(212)     Total                          Min: 0, Avg:  0.0, Max: 0, Diff: 0, Sum: 0, Workers: 4
[2567.384s][debug][gc,phases      ] GC(212)   StringDedup Requests1 Weak     Min:  0.0, Avg:  0.0, Max:  0.0, Diff:  0.0, Sum:  0.0, Workers: 4
[2567.384s][debug][gc,phases      ] GC(212)     Dead                           Min: 0, Avg:  0.0, Max: 0, Diff: 0, Sum: 0, Workers: 4
[2567.384s][debug][gc,phases      ] GC(212)     Total                          Min: 0, Avg:  0.0, Max: 0, Diff: 0, Sum: 0, Workers: 4
[2567.384s][debug][gc,phases      ] GC(212)   Weak JFR Old Object Samples    Min:  0.0, Avg:  0.0, Max:  0.0, Diff:  0.0, Sum:  0.0, Workers: 4
[2567.384s][debug][gc,phases      ] GC(212)     Dead                           Min: 0, Avg:  0.0, Max: 0, Diff: 0, Sum: 0, Workers: 4
[2567.384s][debug][gc,phases      ] GC(212)     Total                          Min: 0, Avg:  0.0, Max: 0, Diff: 0, Sum: 0, Workers: 4
[2567.384s][debug][gc,phases      ] GC(212) Weak Processing 0.353ms
[2567.384s][debug][gc,age         ] GC(212) Desired survivor size 2097152 bytes, new threshold 15 (max threshold 15)
[2567.384s][info ][gc,heap        ] GC(212) PSYoungGen: 2094400K(2095104K)->1344K(2095104K) Eden: 2093056K(2093056K)->0K(2093056K) From: 1344K(2048K)->1344K(2048K)
[2567.384s][info ][gc,heap        ] GC(212) ParOldGen: 307578K(351232K)->307610K(351232K)
[2567.384s][info ][gc,metaspace   ] GC(212) Metaspace: 85452K(86336K)->85452K(86336K) NonClass: 72978K(73472K)->72978K(73472K) Class: 12474K(12864K)->12474K(12864K)
[2567.384s][info ][gc             ] GC(212) Pause Young (Allocation Failure) 2345M->301M(2389M) 3.366ms
[2567.384s][info ][gc,cpu         ] GC(212) User=0.01s Sys=0.00s Real=0.00s
[2567.384s][info ][safepoint      ] Safepoint "ParallelGCFailedAllocation", Time since last: 796096765 ns, Reaching safepoint: 4700 ns, Cleanup: 3800 ns, At safepoint: 3429892 ns, Total: 3438392 ns
[2599.229s][info ][gc,start       ] GC(213) Pause Young (Allocation Failure)
[2599.232s][debug][gc,phases      ] GC(213) Scavenge 2.695ms
[2599.232s][debug][gc,ref         ] GC(213) Skipped phase 1 of Reference Processing: no references
[2599.232s][debug][gc,ref         ] GC(213) Skipped phase 2 of Reference Processing: no references
[2599.232s][debug][gc,ref         ] GC(213) Skipped phase 3 of Reference Processing: no references
[2599.232s][debug][gc,ref         ] GC(213) Skipped phase 4 of Reference Processing: no references
[2599.232s][debug][gc,phases      ] GC(213) Reference Processing 0.032ms
[2599.232s][debug][gc,phases      ] GC(213)   VM Weak                        Min:  0.0, Avg:  0.0, Max:  0.0, Diff:  0.0, Sum:  0.0, Workers: 4
[2599.232s][debug][gc,phases      ] GC(213)     Dead                           Min: 0, Avg:  0.0, Max: 0, Diff: 0, Sum: 0, Workers: 4
[2599.232s][debug][gc,phases      ] GC(213)     Total                          Min: 0, Avg: 185.5, Max: 512, Diff: 512, Sum: 742, Workers: 4
[2599.232s][debug][gc,phases      ] GC(213)   ObjectSynchronizer Weak        Min:  0.0, Avg:  0.0, Max:  0.0, Diff:  0.0, Sum:  0.0, Workers: 4
[2599.232s][debug][gc,phases      ] GC(213)     Dead                           Min: 0, Avg:  0.0, Max: 0, Diff: 0, Sum: 0, Workers: 4
[2599.232s][debug][gc,phases      ] GC(213)     Total                          Min: 0, Avg:  0.8, Max: 3, Diff: 3, Sum: 3, Workers: 4
[2599.232s][debug][gc,phases      ] GC(213)   JVMTI Tag Weak OopStorage      Min:  0.0, Avg:  0.0, Max:  0.0, Diff:  0.0, Sum:  0.0, Workers: 4
[2599.232s][debug][gc,phases      ] GC(213)     Dead                           Min: 0, Avg:  0.0, Max: 0, Diff: 0, Sum: 0, Workers: 4
[2599.232s][debug][gc,phases      ] GC(213)     Total                          Min: 0, Avg:  0.0, Max: 0, Diff: 0, Sum: 0, Workers: 4
[2599.232s][debug][gc,phases      ] GC(213)   StringTable Weak               Min:  0.0, Avg:  0.1, Max:  0.1, Diff:  0.1, Sum:  0.4, Workers: 4
[2599.232s][debug][gc,phases      ] GC(213)     Dead                           Min: 0, Avg:  0.0, Max: 0, Diff: 0, Sum: 0, Workers: 4
[2599.232s][debug][gc,phases      ] GC(213)     Total                          Min: 0, Avg: 11030.5, Max: 19647, Diff: 19647, Sum: 44122, Workers: 4
[2599.232s][debug][gc,phases      ] GC(213)   ResolvedMethodTable Weak       Min:  0.0, Avg:  0.0, Max:  0.0, Diff:  0.0, Sum:  0.1, Workers: 4
[2599.232s][debug][gc,phases      ] GC(213)     Dead                           Min: 0, Avg:  0.0, Max: 0, Diff: 0, Sum: 0, Workers: 4
[2599.232s][debug][gc,phases      ] GC(213)     Total                          Min: 0, Avg: 2620.0, Max: 4350, Diff: 4350, Sum: 10480, Workers: 4
[2599.232s][debug][gc,phases      ] GC(213)   JNI Weak                       Min:  0.0, Avg:  0.0, Max:  0.0, Diff:  0.0, Sum:  0.0, Workers: 4
[2599.232s][debug][gc,phases      ] GC(213)     Dead                           Min: 0, Avg:  0.0, Max: 0, Diff: 0, Sum: 0, Workers: 4
[2599.232s][debug][gc,phases      ] GC(213)     Total                          Min: 0, Avg: 11.2, Max: 45, Diff: 45, Sum: 45, Workers: 4
[2599.232s][debug][gc,phases      ] GC(213)   StringDedup Table Weak         Min:  0.0, Avg:  0.0, Max:  0.0, Diff:  0.0, Sum:  0.0, Workers: 4
[2599.232s][debug][gc,phases      ] GC(213)     Dead                           Min: 0, Avg:  0.0, Max: 0, Diff: 0, Sum: 0, Workers: 4
[2599.232s][debug][gc,phases      ] GC(213)     Total                          Min: 0, Avg:  0.0, Max: 0, Diff: 0, Sum: 0, Workers: 4
[2599.232s][debug][gc,phases      ] GC(213)   StringDedup Requests0 Weak     Min:  0.0, Avg:  0.0, Max:  0.0, Diff:  0.0, Sum:  0.0, Workers: 4
[2599.232s][debug][gc,phases      ] GC(213)     Dead                           Min: 0, Avg:  0.0, Max: 0, Diff: 0, Sum: 0, Workers: 4
[2599.232s][debug][gc,phases      ] GC(213)     Total                          Min: 0, Avg:  0.0, Max: 0, Diff: 0, Sum: 0, Workers: 4
[2599.232s][debug][gc,phases      ] GC(213)   StringDedup Requests1 Weak     Min:  0.0, Avg:  0.0, Max:  0.0, Diff:  0.0, Sum:  0.0, Workers: 4
[2599.232s][debug][gc,phases      ] GC(213)     Dead                           Min: 0, Avg:  0.0, Max: 0, Diff: 0, Sum: 0, Workers: 4
[2599.232s][debug][gc,phases      ] GC(213)     Total                          Min: 0, Avg:  0.0, Max: 0, Diff: 0, Sum: 0, Workers: 4
[2599.232s][debug][gc,phases      ] GC(213)   Weak JFR Old Object Samples    Min:  0.0, Avg:  0.0, Max:  0.0, Diff:  0.0, Sum:  0.0, Workers: 4
[2599.232s][debug][gc,phases      ] GC(213)     Dead                           Min: 0, Avg:  0.0, Max: 0, Diff: 0, Sum: 0, Workers: 4
[2599.232s][debug][gc,phases      ] GC(213)     Total                          Min: 0, Avg:  0.0, Max: 0, Diff: 0, Sum: 0, Workers: 4
[2599.232s][debug][gc,phases      ] GC(213) Weak Processing 0.347ms
[2599.232s][debug][gc,age         ] GC(213) Desired survivor size 2097152 bytes, new threshold 15 (max threshold 15)
[2599.232s][info ][gc,heap        ] GC(213) PSYoungGen: 2094400K(2095104K)->1344K(2095104K) Eden: 2093056K(2093056K)->0K(2093056K) From: 1344K(2048K)->1344K(2048K)
[2599.232s][info ][gc,heap        ] GC(213) ParOldGen: 307610K(351232K)->307618K(351232K)
[2599.232s][info ][gc,metaspace   ] GC(213) Metaspace: 85452K(86336K)->85452K(86336K) NonClass: 72978K(73472K)->72978K(73472K) Class: 12474K(12864K)->12474K(12864K)
[2599.232s][info ][gc             ] GC(213) Pause Young (Allocation Failure) 2345M->301M(2389M) 3.161ms
[2599.232s][info ][gc,cpu         ] GC(213) User=0.01s Sys=0.01s Real=0.01s
[2599.232s][info ][safepoint      ] Safepoint "ParallelGCFailedAllocation", Time since last: 31844810384 ns, Reaching safepoint: 4300 ns, Cleanup: 4100 ns, At safepoint: 3247293 ns, Total: 3255693 ns
[2631.031s][info ][gc,start       ] GC(214) Pause Young (Allocation Failure)
[2631.033s][debug][gc,phases      ] GC(214) Scavenge 1.607ms
[2631.033s][debug][gc,ref         ] GC(214) Skipped phase 1 of Reference Processing: no references
[2631.033s][debug][gc,ref         ] GC(214) Skipped phase 2 of Reference Processing: no references
[2631.033s][debug][gc,ref         ] GC(214) Skipped phase 3 of Reference Processing: no references
[2631.033s][debug][gc,ref         ] GC(214) Skipped phase 4 of Reference Processing: no references
[2631.033s][debug][gc,phases      ] GC(214) Reference Processing 0.027ms
[2631.033s][debug][gc,phases      ] GC(214)   VM Weak                        Min:  0.0, Avg:  0.0, Max:  0.0, Diff:  0.0, Sum:  0.0, Workers: 4
[2631.033s][debug][gc,phases      ] GC(214)     Dead                           Min: 0, Avg:  0.0, Max: 0, Diff: 0, Sum: 0, Workers: 4
[2631.033s][debug][gc,phases      ] GC(214)     Total                          Min: 0, Avg: 185.5, Max: 640, Diff: 640, Sum: 742, Workers: 4
[2631.033s][debug][gc,phases      ] GC(214)   ObjectSynchronizer Weak        Min:  0.0, Avg:  0.0, Max:  0.0, Diff:  0.0, Sum:  0.0, Workers: 4
[2631.033s][debug][gc,phases      ] GC(214)     Dead                           Min: 0, Avg:  0.0, Max: 0, Diff: 0, Sum: 0, Workers: 4
[2631.033s][debug][gc,phases      ] GC(214)     Total                          Min: 0, Avg:  0.8, Max: 3, Diff: 3, Sum: 3, Workers: 4
[2631.033s][debug][gc,phases      ] GC(214)   JVMTI Tag Weak OopStorage      Min:  0.0, Avg:  0.0, Max:  0.0, Diff:  0.0, Sum:  0.0, Workers: 4
[2631.033s][debug][gc,phases      ] GC(214)     Dead                           Min: 0, Avg:  0.0, Max: 0, Diff: 0, Sum: 0, Workers: 4
[2631.033s][debug][gc,phases      ] GC(214)     Total                          Min: 0, Avg:  0.0, Max: 0, Diff: 0, Sum: 0, Workers: 4
[2631.033s][debug][gc,phases      ] GC(214)   StringTable Weak               Min:  0.0, Avg:  0.1, Max:  0.1, Diff:  0.1, Sum:  0.4, Workers: 4
[2631.033s][debug][gc,phases      ] GC(214)     Dead                           Min: 0, Avg:  0.0, Max: 0, Diff: 0, Sum: 0, Workers: 4
[2631.033s][debug][gc,phases      ] GC(214)     Total                          Min: 0, Avg: 11030.5, Max: 19520, Diff: 19520, Sum: 44122, Workers: 4
[2631.033s][debug][gc,phases      ] GC(214)   ResolvedMethodTable Weak       Min:  0.0, Avg:  0.0, Max:  0.0, Diff:  0.0, Sum:  0.1, Workers: 4
[2631.033s][debug][gc,phases      ] GC(214)     Dead                           Min: 0, Avg:  0.0, Max: 0, Diff: 0, Sum: 0, Workers: 4
[2631.033s][debug][gc,phases      ] GC(214)     Total                          Min: 0, Avg: 2620.0, Max: 3646, Diff: 3646, Sum: 10480, Workers: 4
[2631.033s][debug][gc,phases      ] GC(214)   JNI Weak                       Min:  0.0, Avg:  0.0, Max:  0.0, Diff:  0.0, Sum:  0.0, Workers: 4
[2631.033s][debug][gc,phases      ] GC(214)     Dead                           Min: 0, Avg:  0.0, Max: 0, Diff: 0, Sum: 0, Workers: 4
[2631.033s][debug][gc,phases      ] GC(214)     Total                          Min: 0, Avg: 11.2, Max: 45, Diff: 45, Sum: 45, Workers: 4
[2631.033s][debug][gc,phases      ] GC(214)   StringDedup Table Weak         Min:  0.0, Avg:  0.0, Max:  0.0, Diff:  0.0, Sum:  0.0, Workers: 4
[2631.033s][debug][gc,phases      ] GC(214)     Dead                           Min: 0, Avg:  0.0, Max: 0, Diff: 0, Sum: 0, Workers: 4
[2631.033s][debug][gc,phases      ] GC(214)     Total                          Min: 0, Avg:  0.0, Max: 0, Diff: 0, Sum: 0, Workers: 4
[2631.033s][debug][gc,phases      ] GC(214)   StringDedup Requests0 Weak     Min:  0.0, Avg:  0.0, Max:  0.0, Diff:  0.0, Sum:  0.0, Workers: 4
[2631.033s][debug][gc,phases      ] GC(214)     Dead                           Min: 0, Avg:  0.0, Max: 0, Diff: 0, Sum: 0, Workers: 4
[2631.033s][debug][gc,phases      ] GC(214)     Total                          Min: 0, Avg:  0.0, Max: 0, Diff: 0, Sum: 0, Workers: 4
[2631.033s][debug][gc,phases      ] GC(214)   StringDedup Requests1 Weak     Min:  0.0, Avg:  0.0, Max:  0.0, Diff:  0.0, Sum:  0.0, Workers: 4
[2631.033s][debug][gc,phases      ] GC(214)     Dead                           Min: 0, Avg:  0.0, Max: 0, Diff: 0, Sum: 0, Workers: 4
[2631.033s][debug][gc,phases      ] GC(214)     Total                          Min: 0, Avg:  0.0, Max: 0, Diff: 0, Sum: 0, Workers: 4
[2631.033s][debug][gc,phases      ] GC(214)   Weak JFR Old Object Samples    Min:  0.0, Avg:  0.0, Max:  0.0, Diff:  0.0, Sum:  0.0, Workers: 4
[2631.033s][debug][gc,phases      ] GC(214)     Dead                           Min: 0, Avg:  0.0, Max: 0, Diff: 0, Sum: 0, Workers: 4
[2631.033s][debug][gc,phases      ] GC(214)     Total                          Min: 0, Avg:  0.0, Max: 0, Diff: 0, Sum: 0, Workers: 4
[2631.033s][debug][gc,phases      ] GC(214) Weak Processing 0.357ms
[2631.033s][debug][gc,age         ] GC(214) Desired survivor size 2097152 bytes, new threshold 15 (max threshold 15)
[2631.033s][info ][gc,heap        ] GC(214) PSYoungGen: 2094400K(2095104K)->1280K(2095104K) Eden: 2093056K(2093056K)->0K(2093056K) From: 1344K(2048K)->1280K(2048K)
[2631.033s][info ][gc,heap        ] GC(214) ParOldGen: 307618K(351232K)->307626K(351232K)
[2631.033s][info ][gc,metaspace   ] GC(214) Metaspace: 85452K(86336K)->85452K(86336K) NonClass: 72978K(73472K)->72978K(73472K) Class: 12474K(12864K)->12474K(12864K)
[2631.033s][info ][gc             ] GC(214) Pause Young (Allocation Failure) 2345M->301M(2389M) 2.082ms
[2631.033s][info ][gc,cpu         ] GC(214) User=0.01s Sys=0.00s Real=0.01s
[2631.033s][info ][safepoint      ] Safepoint "ParallelGCFailedAllocation", Time since last: 31798644648 ns, Reaching safepoint: 4200 ns, Cleanup: 3500 ns, At safepoint: 2163496 ns, Total: 2171196 ns
[2662.879s][info ][gc,start       ] GC(215) Pause Young (Allocation Failure)
[2662.881s][debug][gc,phases      ] GC(215) Scavenge 2.289ms
[2662.881s][debug][gc,ref         ] GC(215) Skipped phase 1 of Reference Processing: no references
[2662.881s][debug][gc,ref         ] GC(215) Skipped phase 2 of Reference Processing: no references
[2662.881s][debug][gc,ref         ] GC(215) Skipped phase 3 of Reference Processing: no references
[2662.881s][debug][gc,ref         ] GC(215) Skipped phase 4 of Reference Processing: no references
[2662.881s][debug][gc,phases      ] GC(215) Reference Processing 0.021ms
[2662.881s][debug][gc,phases      ] GC(215)   VM Weak                        Min:  0.0, Avg:  0.0, Max:  0.0, Diff:  0.0, Sum:  0.0, Workers: 4
[2662.881s][debug][gc,phases      ] GC(215)     Dead                           Min: 0, Avg:  0.0, Max: 0, Diff: 0, Sum: 0, Workers: 4
[2662.881s][debug][gc,phases      ] GC(215)     Total                          Min: 0, Avg: 185.5, Max: 550, Diff: 550, Sum: 742, Workers: 4
[2662.881s][debug][gc,phases      ] GC(215)   ObjectSynchronizer Weak        Min:  0.0, Avg:  0.0, Max:  0.0, Diff:  0.0, Sum:  0.0, Workers: 4
[2662.881s][debug][gc,phases      ] GC(215)     Dead                           Min: 0, Avg:  0.0, Max: 0, Diff: 0, Sum: 0, Workers: 4
[2662.881s][debug][gc,phases      ] GC(215)     Total                          Min: 0, Avg:  0.8, Max: 3, Diff: 3, Sum: 3, Workers: 4
[2662.881s][debug][gc,phases      ] GC(215)   JVMTI Tag Weak OopStorage      Min:  0.0, Avg:  0.0, Max:  0.0, Diff:  0.0, Sum:  0.0, Workers: 4
[2662.881s][debug][gc,phases      ] GC(215)     Dead                           Min: 0, Avg:  0.0, Max: 0, Diff: 0, Sum: 0, Workers: 4
[2662.881s][debug][gc,phases      ] GC(215)     Total                          Min: 0, Avg:  0.0, Max: 0, Diff: 0, Sum: 0, Workers: 4
[2662.881s][debug][gc,phases      ] GC(215)   StringTable Weak               Min:  0.0, Avg:  0.1, Max:  0.1, Diff:  0.1, Sum:  0.4, Workers: 4
[2662.881s][debug][gc,phases      ] GC(215)     Dead                           Min: 0, Avg:  0.0, Max: 0, Diff: 0, Sum: 0, Workers: 4
[2662.881s][debug][gc,phases      ] GC(215)     Total                          Min: 0, Avg: 11030.5, Max: 18624, Diff: 18624, Sum: 44122, Workers: 4
[2662.881s][debug][gc,phases      ] GC(215)   ResolvedMethodTable Weak       Min:  0.0, Avg:  0.0, Max:  0.0, Diff:  0.0, Sum:  0.1, Workers: 4
[2662.881s][debug][gc,phases      ] GC(215)     Dead                           Min: 0, Avg:  0.0, Max: 0, Diff: 0, Sum: 0, Workers: 4
[2662.881s][debug][gc,phases      ] GC(215)     Total                          Min: 0, Avg: 2620.0, Max: 4528, Diff: 4528, Sum: 10480, Workers: 4
[2662.881s][debug][gc,phases      ] GC(215)   JNI Weak                       Min:  0.0, Avg:  0.0, Max:  0.0, Diff:  0.0, Sum:  0.0, Workers: 4
[2662.881s][debug][gc,phases      ] GC(215)     Dead                           Min: 0, Avg:  0.0, Max: 0, Diff: 0, Sum: 0, Workers: 4
[2662.881s][debug][gc,phases      ] GC(215)     Total                          Min: 0, Avg: 11.2, Max: 45, Diff: 45, Sum: 45, Workers: 4
[2662.881s][debug][gc,phases      ] GC(215)   StringDedup Table Weak         Min:  0.0, Avg:  0.0, Max:  0.0, Diff:  0.0, Sum:  0.0, Workers: 4
[2662.881s][debug][gc,phases      ] GC(215)     Dead                           Min: 0, Avg:  0.0, Max: 0, Diff: 0, Sum: 0, Workers: 4
[2662.881s][debug][gc,phases      ] GC(215)     Total                          Min: 0, Avg:  0.0, Max: 0, Diff: 0, Sum: 0, Workers: 4
[2662.881s][debug][gc,phases      ] GC(215)   StringDedup Requests0 Weak     Min:  0.0, Avg:  0.0, Max:  0.0, Diff:  0.0, Sum:  0.0, Workers: 4
[2662.881s][debug][gc,phases      ] GC(215)     Dead                           Min: 0, Avg:  0.0, Max: 0, Diff: 0, Sum: 0, Workers: 4
[2662.881s][debug][gc,phases      ] GC(215)     Total                          Min: 0, Avg:  0.0, Max: 0, Diff: 0, Sum: 0, Workers: 4
[2662.881s][debug][gc,phases      ] GC(215)   StringDedup Requests1 Weak     Min:  0.0, Avg:  0.0, Max:  0.0, Diff:  0.0, Sum:  0.0, Workers: 4
[2662.881s][debug][gc,phases      ] GC(215)     Dead                           Min: 0, Avg:  0.0, Max: 0, Diff: 0, Sum: 0, Workers: 4
[2662.881s][debug][gc,phases      ] GC(215)     Total                          Min: 0, Avg:  0.0, Max: 0, Diff: 0, Sum: 0, Workers: 4
[2662.881s][debug][gc,phases      ] GC(215)   Weak JFR Old Object Samples    Min:  0.0, Avg:  0.0, Max:  0.0, Diff:  0.0, Sum:  0.0, Workers: 4
[2662.881s][debug][gc,phases      ] GC(215)     Dead                           Min: 0, Avg:  0.0, Max: 0, Diff: 0, Sum: 0, Workers: 4
[2662.881s][debug][gc,phases      ] GC(215)     Total                          Min: 0, Avg:  0.0, Max: 0, Diff: 0, Sum: 0, Workers: 4
[2662.881s][debug][gc,phases      ] GC(215) Weak Processing 0.334ms
[2662.881s][debug][gc,age         ] GC(215) Desired survivor size 2097152 bytes, new threshold 15 (max threshold 15)
[2662.881s][info ][gc,heap        ] GC(215) PSYoungGen: 2094336K(2095104K)->1312K(2095104K) Eden: 2093056K(2093056K)->0K(2093056K) From: 1280K(2048K)->1312K(2048K)
[2662.881s][info ][gc,heap        ] GC(215) ParOldGen: 307626K(351232K)->307650K(351232K)
[2662.881s][info ][gc,metaspace   ] GC(215) Metaspace: 85452K(86336K)->85452K(86336K) NonClass: 72978K(73472K)->72978K(73472K) Class: 12474K(12864K)->12474K(12864K)
[2662.881s][info ][gc             ] GC(215) Pause Young (Allocation Failure) 2345M->301M(2389M) 2.731ms
[2662.881s][info ][gc,cpu         ] GC(215) User=0.01s Sys=0.00s Real=0.01s
[2662.881s][info ][safepoint      ] Safepoint "ParallelGCFailedAllocation", Time since last: 31845600979 ns, Reaching safepoint: 4700 ns, Cleanup: 4100 ns, At safepoint: 2810294 ns, Total: 2819094 ns
[2694.680s][info ][gc,start       ] GC(216) Pause Young (Allocation Failure)
[2694.683s][debug][gc,phases      ] GC(216) Scavenge 2.454ms
[2694.683s][debug][gc,ref         ] GC(216) Skipped phase 1 of Reference Processing: no references
[2694.683s][debug][gc,ref         ] GC(216) Skipped phase 2 of Reference Processing: no references
[2694.683s][debug][gc,ref         ] GC(216) Skipped phase 3 of Reference Processing: no references
[2694.683s][debug][gc,ref         ] GC(216) Skipped phase 4 of Reference Processing: no references
[2694.683s][debug][gc,phases      ] GC(216) Reference Processing 0.032ms
[2694.683s][debug][gc,phases      ] GC(216)   VM Weak                        Min:  0.0, Avg:  0.0, Max:  0.0, Diff:  0.0, Sum:  0.0, Workers: 4
[2694.683s][debug][gc,phases      ] GC(216)     Dead                           Min: 0, Avg:  0.0, Max: 0, Diff: 0, Sum: 0, Workers: 4
[2694.683s][debug][gc,phases      ] GC(216)     Total                          Min: 0, Avg: 185.5, Max: 448, Diff: 448, Sum: 742, Workers: 4
[2694.683s][debug][gc,phases      ] GC(216)   ObjectSynchronizer Weak        Min:  0.0, Avg:  0.0, Max:  0.0, Diff:  0.0, Sum:  0.0, Workers: 4
[2694.683s][debug][gc,phases      ] GC(216)     Dead                           Min: 0, Avg:  0.0, Max: 0, Diff: 0, Sum: 0, Workers: 4
[2694.683s][debug][gc,phases      ] GC(216)     Total                          Min: 0, Avg:  0.8, Max: 3, Diff: 3, Sum: 3, Workers: 4
[2694.683s][debug][gc,phases      ] GC(216)   JVMTI Tag Weak OopStorage      Min:  0.0, Avg:  0.0, Max:  0.0, Diff:  0.0, Sum:  0.0, Workers: 4
[2694.683s][debug][gc,phases      ] GC(216)     Dead                           Min: 0, Avg:  0.0, Max: 0, Diff: 0, Sum: 0, Workers: 4
[2694.683s][debug][gc,phases      ] GC(216)     Total                          Min: 0, Avg:  0.0, Max: 0, Diff: 0, Sum: 0, Workers: 4
[2694.683s][debug][gc,phases      ] GC(216)   StringTable Weak               Min:  0.0, Avg:  0.1, Max:  0.1, Diff:  0.1, Sum:  0.4, Workers: 4
[2694.683s][debug][gc,phases      ] GC(216)     Dead                           Min: 0, Avg:  0.0, Max: 0, Diff: 0, Sum: 0, Workers: 4
[2694.683s][debug][gc,phases      ] GC(216)     Total                          Min: 0, Avg: 11030.5, Max: 17599, Diff: 17599, Sum: 44122, Workers: 4
[2694.683s][debug][gc,phases      ] GC(216)   ResolvedMethodTable Weak       Min:  0.0, Avg:  0.0, Max:  0.0, Diff:  0.0, Sum:  0.1, Workers: 4
[2694.683s][debug][gc,phases      ] GC(216)     Dead                           Min: 0, Avg:  0.0, Max: 0, Diff: 0, Sum: 0, Workers: 4
[2694.683s][debug][gc,phases      ] GC(216)     Total                          Min: 0, Avg: 2620.0, Max: 4478, Diff: 4478, Sum: 10480, Workers: 4
[2694.683s][debug][gc,phases      ] GC(216)   JNI Weak                       Min:  0.0, Avg:  0.0, Max:  0.0, Diff:  0.0, Sum:  0.0, Workers: 4
[2694.683s][debug][gc,phases      ] GC(216)     Dead                           Min: 0, Avg:  0.0, Max: 0, Diff: 0, Sum: 0, Workers: 4
[2694.683s][debug][gc,phases      ] GC(216)     Total                          Min: 0, Avg: 11.2, Max: 45, Diff: 45, Sum: 45, Workers: 4
[2694.683s][debug][gc,phases      ] GC(216)   StringDedup Table Weak         Min:  0.0, Avg:  0.0, Max:  0.0, Diff:  0.0, Sum:  0.0, Workers: 4
[2694.683s][debug][gc,phases      ] GC(216)     Dead                           Min: 0, Avg:  0.0, Max: 0, Diff: 0, Sum: 0, Workers: 4
[2694.683s][debug][gc,phases      ] GC(216)     Total                          Min: 0, Avg:  0.0, Max: 0, Diff: 0, Sum: 0, Workers: 4
[2694.683s][debug][gc,phases      ] GC(216)   StringDedup Requests0 Weak     Min:  0.0, Avg:  0.0, Max:  0.0, Diff:  0.0, Sum:  0.0, Workers: 4
[2694.683s][debug][gc,phases      ] GC(216)     Dead                           Min: 0, Avg:  0.0, Max: 0, Diff: 0, Sum: 0, Workers: 4
[2694.683s][debug][gc,phases      ] GC(216)     Total                          Min: 0, Avg:  0.0, Max: 0, Diff: 0, Sum: 0, Workers: 4
[2694.683s][debug][gc,phases      ] GC(216)   StringDedup Requests1 Weak     Min:  0.0, Avg:  0.0, Max:  0.0, Diff:  0.0, Sum:  0.0, Workers: 4
[2694.683s][debug][gc,phases      ] GC(216)     Dead                           Min: 0, Avg:  0.0, Max: 0, Diff: 0, Sum: 0, Workers: 4
[2694.683s][debug][gc,phases      ] GC(216)     Total                          Min: 0, Avg:  0.0, Max: 0, Diff: 0, Sum: 0, Workers: 4
[2694.683s][debug][gc,phases      ] GC(216)   Weak JFR Old Object Samples    Min:  0.0, Avg:  0.0, Max:  0.0, Diff:  0.0, Sum:  0.0, Workers: 4
[2694.683s][debug][gc,phases      ] GC(216)     Dead                           Min: 0, Avg:  0.0, Max: 0, Diff: 0, Sum: 0, Workers: 4
[2694.683s][debug][gc,phases      ] GC(216)     Total                          Min: 0, Avg:  0.0, Max: 0, Diff: 0, Sum: 0, Workers: 4
[2694.683s][debug][gc,phases      ] GC(216) Weak Processing 0.343ms
[2694.683s][debug][gc,age         ] GC(216) Desired survivor size 2097152 bytes, new threshold 15 (max threshold 15)
[2694.683s][info ][gc,heap        ] GC(216) PSYoungGen: 2094368K(2095104K)->1312K(2095104K) Eden: 2093056K(2093056K)->0K(2093056K) From: 1312K(2048K)->1312K(2048K)
[2694.683s][info ][gc,heap        ] GC(216) ParOldGen: 307650K(351232K)->307666K(351232K)
[2694.683s][info ][gc,metaspace   ] GC(216) Metaspace: 85452K(86336K)->85452K(86336K) NonClass: 72978K(73472K)->72978K(73472K) Class: 12474K(12864K)->12474K(12864K)
[2694.683s][info ][gc             ] GC(216) Pause Young (Allocation Failure) 2345M->301M(2389M) 2.910ms
[2694.683s][info ][gc,cpu         ] GC(216) User=0.01s Sys=0.00s Real=0.00s
[2694.683s][info ][safepoint      ] Safepoint "ParallelGCFailedAllocation", Time since last: 31798726397 ns, Reaching safepoint: 4200 ns, Cleanup: 4200 ns, At safepoint: 2989088 ns, Total: 2997488 ns
[2712.684s][info ][safepoint      ] Safepoint "Cleanup", Time since last: 18001127087 ns, Reaching safepoint: 4500 ns, Cleanup: 17400 ns, At safepoint: 19800 ns, Total: 41700 ns
[2726.330s][info ][gc,start       ] GC(217) Pause Young (Allocation Failure)
[2726.333s][debug][gc,phases      ] GC(217) Scavenge 2.617ms
[2726.333s][debug][gc,ref         ] GC(217) Skipped phase 1 of Reference Processing: no references
[2726.333s][debug][gc,ref         ] GC(217) Skipped phase 2 of Reference Processing: no references
[2726.333s][debug][gc,ref         ] GC(217) Skipped phase 3 of Reference Processing: no references
[2726.333s][debug][gc,ref         ] GC(217) Skipped phase 4 of Reference Processing: no references
[2726.333s][debug][gc,phases      ] GC(217) Reference Processing 0.021ms
[2726.333s][debug][gc,phases      ] GC(217)   VM Weak                        Min:  0.0, Avg:  0.0, Max:  0.0, Diff:  0.0, Sum:  0.0, Workers: 4
[2726.333s][debug][gc,phases      ] GC(217)     Dead                           Min: 0, Avg:  0.0, Max: 0, Diff: 0, Sum: 0, Workers: 4
[2726.333s][debug][gc,phases      ] GC(217)     Total                          Min: 0, Avg: 185.5, Max: 486, Diff: 486, Sum: 742, Workers: 4
[2726.333s][debug][gc,phases      ] GC(217)   ObjectSynchronizer Weak        Min:  0.0, Avg:  0.0, Max:  0.0, Diff:  0.0, Sum:  0.0, Workers: 4
[2726.333s][debug][gc,phases      ] GC(217)     Dead                           Min: 0, Avg:  0.0, Max: 0, Diff: 0, Sum: 0, Workers: 4
[2726.333s][debug][gc,phases      ] GC(217)     Total                          Min: 0, Avg:  0.8, Max: 3, Diff: 3, Sum: 3, Workers: 4
[2726.333s][debug][gc,phases      ] GC(217)   JVMTI Tag Weak OopStorage      Min:  0.0, Avg:  0.0, Max:  0.0, Diff:  0.0, Sum:  0.0, Workers: 4
[2726.333s][debug][gc,phases      ] GC(217)     Dead                           Min: 0, Avg:  0.0, Max: 0, Diff: 0, Sum: 0, Workers: 4
[2726.333s][debug][gc,phases      ] GC(217)     Total                          Min: 0, Avg:  0.0, Max: 0, Diff: 0, Sum: 0, Workers: 4
[2726.333s][debug][gc,phases      ] GC(217)   StringTable Weak               Min:  0.0, Avg:  0.1, Max:  0.1, Diff:  0.1, Sum:  0.4, Workers: 4
[2726.333s][debug][gc,phases      ] GC(217)     Dead                           Min: 0, Avg:  0.0, Max: 0, Diff: 0, Sum: 0, Workers: 4
[2726.333s][debug][gc,phases      ] GC(217)     Total                          Min: 0, Avg: 11030.5, Max: 19100, Diff: 19100, Sum: 44122, Workers: 4
[2726.333s][debug][gc,phases      ] GC(217)   ResolvedMethodTable Weak       Min:  0.0, Avg:  0.0, Max:  0.0, Diff:  0.0, Sum:  0.1, Workers: 4
[2726.333s][debug][gc,phases      ] GC(217)     Dead                           Min: 0, Avg:  0.0, Max: 0, Diff: 0, Sum: 0, Workers: 4
[2726.333s][debug][gc,phases      ] GC(217)     Total                          Min: 0, Avg: 2620.0, Max: 4606, Diff: 4606, Sum: 10480, Workers: 4
[2726.333s][debug][gc,phases      ] GC(217)   JNI Weak                       Min:  0.0, Avg:  0.0, Max:  0.0, Diff:  0.0, Sum:  0.0, Workers: 4
[2726.333s][debug][gc,phases      ] GC(217)     Dead                           Min: 0, Avg:  0.0, Max: 0, Diff: 0, Sum: 0, Workers: 4
[2726.333s][debug][gc,phases      ] GC(217)     Total                          Min: 0, Avg: 11.2, Max: 45, Diff: 45, Sum: 45, Workers: 4
[2726.333s][debug][gc,phases      ] GC(217)   StringDedup Table Weak         Min:  0.0, Avg:  0.0, Max:  0.0, Diff:  0.0, Sum:  0.0, Workers: 4
[2726.333s][debug][gc,phases      ] GC(217)     Dead                           Min: 0, Avg:  0.0, Max: 0, Diff: 0, Sum: 0, Workers: 4
[2726.333s][debug][gc,phases      ] GC(217)     Total                          Min: 0, Avg:  0.0, Max: 0, Diff: 0, Sum: 0, Workers: 4
[2726.333s][debug][gc,phases      ] GC(217)   StringDedup Requests0 Weak     Min:  0.0, Avg:  0.0, Max:  0.0, Diff:  0.0, Sum:  0.0, Workers: 4
[2726.333s][debug][gc,phases      ] GC(217)     Dead                           Min: 0, Avg:  0.0, Max: 0, Diff: 0, Sum: 0, Workers: 4
[2726.333s][debug][gc,phases      ] GC(217)     Total                          Min: 0, Avg:  0.0, Max: 0, Diff: 0, Sum: 0, Workers: 4
[2726.333s][debug][gc,phases      ] GC(217)   StringDedup Requests1 Weak     Min:  0.0, Avg:  0.0, Max:  0.0, Diff:  0.0, Sum:  0.0, Workers: 4
[2726.333s][debug][gc,phases      ] GC(217)     Dead                           Min: 0, Avg:  0.0, Max: 0, Diff: 0, Sum: 0, Workers: 4
[2726.333s][debug][gc,phases      ] GC(217)     Total                          Min: 0, Avg:  0.0, Max: 0, Diff: 0, Sum: 0, Workers: 4
[2726.333s][debug][gc,phases      ] GC(217)   Weak JFR Old Object Samples    Min:  0.0, Avg:  0.0, Max:  0.0, Diff:  0.0, Sum:  0.0, Workers: 4
[2726.333s][debug][gc,phases      ] GC(217)     Dead                           Min: 0, Avg:  0.0, Max: 0, Diff: 0, Sum: 0, Workers: 4
[2726.333s][debug][gc,phases      ] GC(217)     Total                          Min: 0, Avg:  0.0, Max: 0, Diff: 0, Sum: 0, Workers: 4
[2726.333s][debug][gc,phases      ] GC(217) Weak Processing 0.344ms
[2726.333s][debug][gc,age         ] GC(217) Desired survivor size 2097152 bytes, new threshold 15 (max threshold 15)
[2726.333s][info ][gc,heap        ] GC(217) PSYoungGen: 2094368K(2095104K)->1152K(2095104K) Eden: 2093056K(2093056K)->0K(2093056K) From: 1312K(2048K)->1152K(2048K)
[2726.333s][info ][gc,heap        ] GC(217) ParOldGen: 307666K(351232K)->307874K(351232K)
[2726.333s][info ][gc,metaspace   ] GC(217) Metaspace: 85453K(86336K)->85453K(86336K) NonClass: 72979K(73472K)->72979K(73472K) Class: 12474K(12864K)->12474K(12864K)
[2726.333s][info ][gc             ] GC(217) Pause Young (Allocation Failure) 2345M->301M(2389M) 3.075ms
[2726.333s][info ][gc,cpu         ] GC(217) User=0.00s Sys=0.00s Real=0.01s
[2726.333s][info ][safepoint      ] Safepoint "ParallelGCFailedAllocation", Time since last: 13645885601 ns, Reaching safepoint: 4700 ns, Cleanup: 3900 ns, At safepoint: 3136589 ns, Total: 3145189 ns
[2746.335s][info ][safepoint      ] Safepoint "Cleanup", Time since last: 20001192628 ns, Reaching safepoint: 4300 ns, Cleanup: 6700 ns, At safepoint: 26600 ns, Total: 37600 ns
[2758.130s][info ][gc,start       ] GC(218) Pause Young (Allocation Failure)
[2758.133s][debug][gc,phases      ] GC(218) Scavenge 2.451ms
[2758.133s][debug][gc,ref         ] GC(218) Skipped phase 1 of Reference Processing: no references
[2758.133s][debug][gc,ref         ] GC(218) Skipped phase 2 of Reference Processing: no references
[2758.133s][debug][gc,ref         ] GC(218) Skipped phase 3 of Reference Processing: no references
[2758.133s][debug][gc,ref         ] GC(218) Skipped phase 4 of Reference Processing: no references
[2758.133s][debug][gc,phases      ] GC(218) Reference Processing 0.021ms
[2758.133s][debug][gc,phases      ] GC(218)   VM Weak                        Min:  0.0, Avg:  0.0, Max:  0.0, Diff:  0.0, Sum:  0.0, Workers: 4
[2758.133s][debug][gc,phases      ] GC(218)     Dead                           Min: 0, Avg:  0.0, Max: 0, Diff: 0, Sum: 0, Workers: 4
[2758.133s][debug][gc,phases      ] GC(218)     Total                          Min: 0, Avg: 185.5, Max: 384, Diff: 384, Sum: 742, Workers: 4
[2758.133s][debug][gc,phases      ] GC(218)   ObjectSynchronizer Weak        Min:  0.0, Avg:  0.0, Max:  0.0, Diff:  0.0, Sum:  0.0, Workers: 4
[2758.133s][debug][gc,phases      ] GC(218)     Dead                           Min: 0, Avg:  0.0, Max: 0, Diff: 0, Sum: 0, Workers: 4
[2758.133s][debug][gc,phases      ] GC(218)     Total                          Min: 0, Avg:  0.8, Max: 3, Diff: 3, Sum: 3, Workers: 4
[2758.133s][debug][gc,phases      ] GC(218)   JVMTI Tag Weak OopStorage      Min:  0.0, Avg:  0.0, Max:  0.0, Diff:  0.0, Sum:  0.0, Workers: 4
[2758.133s][debug][gc,phases      ] GC(218)     Dead                           Min: 0, Avg:  0.0, Max: 0, Diff: 0, Sum: 0, Workers: 4
[2758.133s][debug][gc,phases      ] GC(218)     Total                          Min: 0, Avg:  0.0, Max: 0, Diff: 0, Sum: 0, Workers: 4
[2758.133s][debug][gc,phases      ] GC(218)   StringTable Weak               Min:  0.0, Avg:  0.1, Max:  0.1, Diff:  0.1, Sum:  0.4, Workers: 4
[2758.133s][debug][gc,phases      ] GC(218)     Dead                           Min: 0, Avg:  0.0, Max: 0, Diff: 0, Sum: 0, Workers: 4
[2758.133s][debug][gc,phases      ] GC(218)     Total                          Min: 0, Avg: 11030.5, Max: 19612, Diff: 19612, Sum: 44122, Workers: 4
[2758.133s][debug][gc,phases      ] GC(218)   ResolvedMethodTable Weak       Min:  0.0, Avg:  0.0, Max:  0.0, Diff:  0.0, Sum:  0.1, Workers: 4
[2758.133s][debug][gc,phases      ] GC(218)     Dead                           Min: 0, Avg:  0.0, Max: 0, Diff: 0, Sum: 0, Workers: 4
[2758.133s][debug][gc,phases      ] GC(218)     Total                          Min: 0, Avg: 2620.0, Max: 4594, Diff: 4594, Sum: 10480, Workers: 4
[2758.133s][debug][gc,phases      ] GC(218)   JNI Weak                       Min:  0.0, Avg:  0.0, Max:  0.0, Diff:  0.0, Sum:  0.0, Workers: 4
[2758.133s][debug][gc,phases      ] GC(218)     Dead                           Min: 0, Avg:  0.0, Max: 0, Diff: 0, Sum: 0, Workers: 4
[2758.133s][debug][gc,phases      ] GC(218)     Total                          Min: 0, Avg: 11.2, Max: 45, Diff: 45, Sum: 45, Workers: 4
[2758.133s][debug][gc,phases      ] GC(218)   StringDedup Table Weak         Min:  0.0, Avg:  0.0, Max:  0.0, Diff:  0.0, Sum:  0.0, Workers: 4
[2758.133s][debug][gc,phases      ] GC(218)     Dead                           Min: 0, Avg:  0.0, Max: 0, Diff: 0, Sum: 0, Workers: 4
[2758.133s][debug][gc,phases      ] GC(218)     Total                          Min: 0, Avg:  0.0, Max: 0, Diff: 0, Sum: 0, Workers: 4
[2758.133s][debug][gc,phases      ] GC(218)   StringDedup Requests0 Weak     Min:  0.0, Avg:  0.0, Max:  0.0, Diff:  0.0, Sum:  0.0, Workers: 4
[2758.133s][debug][gc,phases      ] GC(218)     Dead                           Min: 0, Avg:  0.0, Max: 0, Diff: 0, Sum: 0, Workers: 4
[2758.133s][debug][gc,phases      ] GC(218)     Total                          Min: 0, Avg:  0.0, Max: 0, Diff: 0, Sum: 0, Workers: 4
[2758.133s][debug][gc,phases      ] GC(218)   StringDedup Requests1 Weak     Min:  0.0, Avg:  0.0, Max:  0.0, Diff:  0.0, Sum:  0.0, Workers: 4
[2758.133s][debug][gc,phases      ] GC(218)     Dead                           Min: 0, Avg:  0.0, Max: 0, Diff: 0, Sum: 0, Workers: 4
[2758.133s][debug][gc,phases      ] GC(218)     Total                          Min: 0, Avg:  0.0, Max: 0, Diff: 0, Sum: 0, Workers: 4
[2758.133s][debug][gc,phases      ] GC(218)   Weak JFR Old Object Samples    Min:  0.0, Avg:  0.0, Max:  0.0, Diff:  0.0, Sum:  0.0, Workers: 4
[2758.133s][debug][gc,phases      ] GC(218)     Dead                           Min: 0, Avg:  0.0, Max: 0, Diff: 0, Sum: 0, Workers: 4
[2758.133s][debug][gc,phases      ] GC(218)     Total                          Min: 0, Avg:  0.0, Max: 0, Diff: 0, Sum: 0, Workers: 4
[2758.133s][debug][gc,phases      ] GC(218) Weak Processing 0.327ms
[2758.133s][debug][gc,age         ] GC(218) Desired survivor size 2097152 bytes, new threshold 15 (max threshold 15)
[2758.133s][info ][gc,heap        ] GC(218) PSYoungGen: 2094208K(2095104K)->1152K(2095104K) Eden: 2093056K(2093056K)->0K(2093056K) From: 1152K(2048K)->1152K(2048K)
[2758.133s][info ][gc,heap        ] GC(218) ParOldGen: 307874K(351232K)->307898K(351232K)
[2758.133s][info ][gc,metaspace   ] GC(218) Metaspace: 85453K(86336K)->85453K(86336K) NonClass: 72979K(73472K)->72979K(73472K) Class: 12474K(12864K)->12474K(12864K)
[2758.133s][info ][gc             ] GC(218) Pause Young (Allocation Failure) 2345M->301M(2389M) 2.904ms
[2758.133s][info ][gc,cpu         ] GC(218) User=0.01s Sys=0.00s Real=0.01s
[2758.133s][info ][safepoint      ] Safepoint "ParallelGCFailedAllocation", Time since last: 11795855153 ns, Reaching safepoint: 3900 ns, Cleanup: 3600 ns, At safepoint: 2966088 ns, Total: 2973588 ns
[2789.979s][info ][gc,start       ] GC(219) Pause Young (Allocation Failure)
[2789.980s][debug][gc,phases      ] GC(219) Scavenge 1.545ms
[2789.981s][debug][gc,ref         ] GC(219) Skipped phase 1 of Reference Processing: no references
[2789.981s][debug][gc,ref         ] GC(219) Skipped phase 2 of Reference Processing: no references
[2789.981s][debug][gc,ref         ] GC(219) Skipped phase 3 of Reference Processing: no references
[2789.981s][debug][gc,ref         ] GC(219) Skipped phase 4 of Reference Processing: no references
[2789.981s][debug][gc,phases      ] GC(219) Reference Processing 0.022ms
[2789.981s][debug][gc,phases      ] GC(219)   VM Weak                        Min:  0.0, Avg:  0.0, Max:  0.0, Diff:  0.0, Sum:  0.0, Workers: 4
[2789.981s][debug][gc,phases      ] GC(219)     Dead                           Min: 0, Avg:  0.0, Max: 0, Diff: 0, Sum: 0, Workers: 4
[2789.981s][debug][gc,phases      ] GC(219)     Total                          Min: 0, Avg: 185.5, Max: 422, Diff: 422, Sum: 742, Workers: 4
[2789.981s][debug][gc,phases      ] GC(219)   ObjectSynchronizer Weak        Min:  0.0, Avg:  0.0, Max:  0.0, Diff:  0.0, Sum:  0.0, Workers: 4
[2789.981s][debug][gc,phases      ] GC(219)     Dead                           Min: 0, Avg:  0.0, Max: 0, Diff: 0, Sum: 0, Workers: 4
[2789.981s][debug][gc,phases      ] GC(219)     Total                          Min: 0, Avg:  0.8, Max: 3, Diff: 3, Sum: 3, Workers: 4
[2789.981s][debug][gc,phases      ] GC(219)   JVMTI Tag Weak OopStorage      Min:  0.0, Avg:  0.0, Max:  0.0, Diff:  0.0, Sum:  0.0, Workers: 4
[2789.981s][debug][gc,phases      ] GC(219)     Dead                           Min: 0, Avg:  0.0, Max: 0, Diff: 0, Sum: 0, Workers: 4
[2789.981s][debug][gc,phases      ] GC(219)     Total                          Min: 0, Avg:  0.0, Max: 0, Diff: 0, Sum: 0, Workers: 4
[2789.981s][debug][gc,phases      ] GC(219)   StringTable Weak               Min:  0.0, Avg:  0.1, Max:  0.1, Diff:  0.1, Sum:  0.4, Workers: 4
[2789.981s][debug][gc,phases      ] GC(219)     Dead                           Min: 0, Avg:  0.0, Max: 0, Diff: 0, Sum: 0, Workers: 4
[2789.981s][debug][gc,phases      ] GC(219)     Total                          Min: 0, Avg: 11030.5, Max: 19036, Diff: 19036, Sum: 44122, Workers: 4
[2789.981s][debug][gc,phases      ] GC(219)   ResolvedMethodTable Weak       Min:  0.0, Avg:  0.0, Max:  0.0, Diff:  0.0, Sum:  0.1, Workers: 4
[2789.981s][debug][gc,phases      ] GC(219)     Dead                           Min: 0, Avg:  0.0, Max: 0, Diff: 0, Sum: 0, Workers: 4
[2789.981s][debug][gc,phases      ] GC(219)     Total                          Min: 0, Avg: 2620.0, Max: 4414, Diff: 4414, Sum: 10480, Workers: 4
[2789.981s][debug][gc,phases      ] GC(219)   JNI Weak                       Min:  0.0, Avg:  0.0, Max:  0.0, Diff:  0.0, Sum:  0.0, Workers: 4
[2789.981s][debug][gc,phases      ] GC(219)     Dead                           Min: 0, Avg:  0.0, Max: 0, Diff: 0, Sum: 0, Workers: 4
[2789.981s][debug][gc,phases      ] GC(219)     Total                          Min: 0, Avg: 11.2, Max: 45, Diff: 45, Sum: 45, Workers: 4
[2789.981s][debug][gc,phases      ] GC(219)   StringDedup Table Weak         Min:  0.0, Avg:  0.0, Max:  0.0, Diff:  0.0, Sum:  0.0, Workers: 4
[2789.981s][debug][gc,phases      ] GC(219)     Dead                           Min: 0, Avg:  0.0, Max: 0, Diff: 0, Sum: 0, Workers: 4
[2789.981s][debug][gc,phases      ] GC(219)     Total                          Min: 0, Avg:  0.0, Max: 0, Diff: 0, Sum: 0, Workers: 4
[2789.981s][debug][gc,phases      ] GC(219)   StringDedup Requests0 Weak     Min:  0.0, Avg:  0.0, Max:  0.0, Diff:  0.0, Sum:  0.0, Workers: 4
[2789.981s][debug][gc,phases      ] GC(219)     Dead                           Min: 0, Avg:  0.0, Max: 0, Diff: 0, Sum: 0, Workers: 4
[2789.981s][debug][gc,phases      ] GC(219)     Total                          Min: 0, Avg:  0.0, Max: 0, Diff: 0, Sum: 0, Workers: 4
[2789.981s][debug][gc,phases      ] GC(219)   StringDedup Requests1 Weak     Min:  0.0, Avg:  0.0, Max:  0.0, Diff:  0.0, Sum:  0.0, Workers: 4
[2789.981s][debug][gc,phases      ] GC(219)     Dead                           Min: 0, Avg:  0.0, Max: 0, Diff: 0, Sum: 0, Workers: 4
[2789.981s][debug][gc,phases      ] GC(219)     Total                          Min: 0, Avg:  0.0, Max: 0, Diff: 0, Sum: 0, Workers: 4
[2789.981s][debug][gc,phases      ] GC(219)   Weak JFR Old Object Samples    Min:  0.0, Avg:  0.0, Max:  0.0, Diff:  0.0, Sum:  0.0, Workers: 4
[2789.981s][debug][gc,phases      ] GC(219)     Dead                           Min: 0, Avg:  0.0, Max: 0, Diff: 0, Sum: 0, Workers: 4
[2789.981s][debug][gc,phases      ] GC(219)     Total                          Min: 0, Avg:  0.0, Max: 0, Diff: 0, Sum: 0, Workers: 4
[2789.981s][debug][gc,phases      ] GC(219) Weak Processing 0.342ms
[2789.981s][debug][gc,age         ] GC(219) Desired survivor size 2097152 bytes, new threshold 15 (max threshold 15)
[2789.981s][info ][gc,heap        ] GC(219) PSYoungGen: 2094208K(2095104K)->512K(2095104K) Eden: 2093056K(2093056K)->0K(2093056K) From: 1152K(2048K)->512K(2048K)
[2789.981s][info ][gc,heap        ] GC(219) ParOldGen: 307898K(351232K)->308538K(351232K)
[2789.981s][info ][gc,metaspace   ] GC(219) Metaspace: 85453K(86336K)->85453K(86336K) NonClass: 72979K(73472K)->72979K(73472K) Class: 12474K(12864K)->12474K(12864K)
[2789.981s][info ][gc             ] GC(219) Pause Young (Allocation Failure) 2345M->301M(2389M) 2.003ms
[2789.981s][info ][gc,cpu         ] GC(219) User=0.01s Sys=0.00s Real=0.01s
[2789.981s][info ][safepoint      ] Safepoint "ParallelGCFailedAllocation", Time since last: 31845441466 ns, Reaching safepoint: 4800 ns, Cleanup: 4000 ns, At safepoint: 2086493 ns, Total: 2095293 ns
[2821.780s][info ][gc,start       ] GC(220) Pause Young (Allocation Failure)
[2821.782s][debug][gc,phases      ] GC(220) Scavenge 1.486ms
[2821.782s][debug][gc,ref         ] GC(220) Skipped phase 1 of Reference Processing: no references
[2821.782s][debug][gc,ref         ] GC(220) Skipped phase 2 of Reference Processing: no references
[2821.782s][debug][gc,ref         ] GC(220) Skipped phase 3 of Reference Processing: no references
[2821.782s][debug][gc,ref         ] GC(220) Skipped phase 4 of Reference Processing: no references
[2821.782s][debug][gc,phases      ] GC(220) Reference Processing 0.020ms
[2821.782s][debug][gc,phases      ] GC(220)   VM Weak                        Min:  0.0, Avg:  0.0, Max:  0.0, Diff:  0.0, Sum:  0.0, Workers: 4
[2821.782s][debug][gc,phases      ] GC(220)     Dead                           Min: 0, Avg:  0.0, Max: 0, Diff: 0, Sum: 0, Workers: 4
[2821.782s][debug][gc,phases      ] GC(220)     Total                          Min: 0, Avg: 185.5, Max: 448, Diff: 448, Sum: 742, Workers: 4
[2821.782s][debug][gc,phases      ] GC(220)   ObjectSynchronizer Weak        Min:  0.0, Avg:  0.0, Max:  0.0, Diff:  0.0, Sum:  0.0, Workers: 4
[2821.782s][debug][gc,phases      ] GC(220)     Dead                           Min: 0, Avg:  0.0, Max: 0, Diff: 0, Sum: 0, Workers: 4
[2821.782s][debug][gc,phases      ] GC(220)     Total                          Min: 0, Avg:  0.8, Max: 3, Diff: 3, Sum: 3, Workers: 4
[2821.782s][debug][gc,phases      ] GC(220)   JVMTI Tag Weak OopStorage      Min:  0.0, Avg:  0.0, Max:  0.0, Diff:  0.0, Sum:  0.0, Workers: 4
[2821.782s][debug][gc,phases      ] GC(220)     Dead                           Min: 0, Avg:  0.0, Max: 0, Diff: 0, Sum: 0, Workers: 4
[2821.782s][debug][gc,phases      ] GC(220)     Total                          Min: 0, Avg:  0.0, Max: 0, Diff: 0, Sum: 0, Workers: 4
[2821.782s][debug][gc,phases      ] GC(220)   StringTable Weak               Min:  0.0, Avg:  0.1, Max:  0.1, Diff:  0.1, Sum:  0.4, Workers: 4
[2821.782s][debug][gc,phases      ] GC(220)     Dead                           Min: 0, Avg:  0.0, Max: 0, Diff: 0, Sum: 0, Workers: 4
[2821.782s][debug][gc,phases      ] GC(220)     Total                          Min: 0, Avg: 11030.5, Max: 19135, Diff: 19135, Sum: 44122, Workers: 4
[2821.782s][debug][gc,phases      ] GC(220)   ResolvedMethodTable Weak       Min:  0.0, Avg:  0.0, Max:  0.0, Diff:  0.0, Sum:  0.1, Workers: 4
[2821.782s][debug][gc,phases      ] GC(220)     Dead                           Min: 0, Avg:  0.0, Max: 0, Diff: 0, Sum: 0, Workers: 4
[2821.782s][debug][gc,phases      ] GC(220)     Total                          Min: 0, Avg: 2620.0, Max: 4594, Diff: 4594, Sum: 10480, Workers: 4
[2821.782s][debug][gc,phases      ] GC(220)   JNI Weak                       Min:  0.0, Avg:  0.0, Max:  0.0, Diff:  0.0, Sum:  0.0, Workers: 4
[2821.782s][debug][gc,phases      ] GC(220)     Dead                           Min: 0, Avg:  0.0, Max: 0, Diff: 0, Sum: 0, Workers: 4
[2821.782s][debug][gc,phases      ] GC(220)     Total                          Min: 0, Avg: 11.2, Max: 45, Diff: 45, Sum: 45, Workers: 4
[2821.782s][debug][gc,phases      ] GC(220)   StringDedup Table Weak         Min:  0.0, Avg:  0.0, Max:  0.0, Diff:  0.0, Sum:  0.0, Workers: 4
[2821.782s][debug][gc,phases      ] GC(220)     Dead                           Min: 0, Avg:  0.0, Max: 0, Diff: 0, Sum: 0, Workers: 4
[2821.782s][debug][gc,phases      ] GC(220)     Total                          Min: 0, Avg:  0.0, Max: 0, Diff: 0, Sum: 0, Workers: 4
[2821.782s][debug][gc,phases      ] GC(220)   StringDedup Requests0 Weak     Min:  0.0, Avg:  0.0, Max:  0.0, Diff:  0.0, Sum:  0.0, Workers: 4
[2821.782s][debug][gc,phases      ] GC(220)     Dead                           Min: 0, Avg:  0.0, Max: 0, Diff: 0, Sum: 0, Workers: 4
[2821.782s][debug][gc,phases      ] GC(220)     Total                          Min: 0, Avg:  0.0, Max: 0, Diff: 0, Sum: 0, Workers: 4
[2821.782s][debug][gc,phases      ] GC(220)   StringDedup Requests1 Weak     Min:  0.0, Avg:  0.0, Max:  0.0, Diff:  0.0, Sum:  0.0, Workers: 4
[2821.782s][debug][gc,phases      ] GC(220)     Dead                           Min: 0, Avg:  0.0, Max: 0, Diff: 0, Sum: 0, Workers: 4
[2821.782s][debug][gc,phases      ] GC(220)     Total                          Min: 0, Avg:  0.0, Max: 0, Diff: 0, Sum: 0, Workers: 4
[2821.782s][debug][gc,phases      ] GC(220)   Weak JFR Old Object Samples    Min:  0.0, Avg:  0.0, Max:  0.0, Diff:  0.0, Sum:  0.0, Workers: 4
[2821.782s][debug][gc,phases      ] GC(220)     Dead                           Min: 0, Avg:  0.0, Max: 0, Diff: 0, Sum: 0, Workers: 4
[2821.782s][debug][gc,phases      ] GC(220)     Total                          Min: 0, Avg:  0.0, Max: 0, Diff: 0, Sum: 0, Workers: 4
[2821.782s][debug][gc,phases      ] GC(220) Weak Processing 0.340ms
[2821.782s][debug][gc,age         ] GC(220) Desired survivor size 2097152 bytes, new threshold 15 (max threshold 15)
[2821.782s][info ][gc,heap        ] GC(220) PSYoungGen: 2093568K(2095104K)->128K(2095104K) Eden: 2093056K(2093056K)->0K(2093056K) From: 512K(2048K)->128K(2048K)
[2821.782s][info ][gc,heap        ] GC(220) ParOldGen: 308538K(351232K)->308954K(351232K)
[2821.782s][info ][gc,metaspace   ] GC(220) Metaspace: 85453K(86336K)->85453K(86336K) NonClass: 72979K(73472K)->72979K(73472K) Class: 12474K(12864K)->12474K(12864K)
[2821.782s][info ][gc             ] GC(220) Pause Young (Allocation Failure) 2345M->301M(2389M) 1.930ms
[2821.782s][info ][gc,cpu         ] GC(220) User=0.01s Sys=0.00s Real=0.00s
[2821.782s][info ][safepoint      ] Safepoint "ParallelGCFailedAllocation", Time since last: 31799507724 ns, Reaching safepoint: 4300 ns, Cleanup: 4100 ns, At safepoint: 2009493 ns, Total: 2017893 ns
[2853.628s][info ][gc,start       ] GC(221) Pause Young (Allocation Failure)
[2853.630s][debug][gc,phases      ] GC(221) Scavenge 1.966ms
[2853.630s][debug][gc,ref         ] GC(221) Skipped phase 1 of Reference Processing: no references
[2853.630s][debug][gc,ref         ] GC(221) Skipped phase 2 of Reference Processing: no references
[2853.630s][debug][gc,ref         ] GC(221) Skipped phase 3 of Reference Processing: no references
[2853.630s][debug][gc,ref         ] GC(221) Skipped phase 4 of Reference Processing: no references
[2853.630s][debug][gc,phases      ] GC(221) Reference Processing 0.020ms
[2853.631s][debug][gc,phases      ] GC(221)   VM Weak                        Min:  0.0, Avg:  0.0, Max:  0.0, Diff:  0.0, Sum:  0.0, Workers: 4
[2853.631s][debug][gc,phases      ] GC(221)     Dead                           Min: 0, Avg:  0.0, Max: 0, Diff: 0, Sum: 0, Workers: 4
[2853.631s][debug][gc,phases      ] GC(221)     Total                          Min: 0, Avg: 185.5, Max: 614, Diff: 614, Sum: 742, Workers: 4
[2853.631s][debug][gc,phases      ] GC(221)   ObjectSynchronizer Weak        Min:  0.0, Avg:  0.0, Max:  0.0, Diff:  0.0, Sum:  0.0, Workers: 4
[2853.631s][debug][gc,phases      ] GC(221)     Dead                           Min: 0, Avg:  0.0, Max: 0, Diff: 0, Sum: 0, Workers: 4
[2853.631s][debug][gc,phases      ] GC(221)     Total                          Min: 0, Avg:  0.8, Max: 3, Diff: 3, Sum: 3, Workers: 4
[2853.631s][debug][gc,phases      ] GC(221)   JVMTI Tag Weak OopStorage      Min:  0.0, Avg:  0.0, Max:  0.0, Diff:  0.0, Sum:  0.0, Workers: 4
[2853.631s][debug][gc,phases      ] GC(221)     Dead                           Min: 0, Avg:  0.0, Max: 0, Diff: 0, Sum: 0, Workers: 4
[2853.631s][debug][gc,phases      ] GC(221)     Total                          Min: 0, Avg:  0.0, Max: 0, Diff: 0, Sum: 0, Workers: 4
[2853.631s][debug][gc,phases      ] GC(221)   StringTable Weak               Min:  0.1, Avg:  0.1, Max:  0.1, Diff:  0.0, Sum:  0.4, Workers: 4
[2853.631s][debug][gc,phases      ] GC(221)     Dead                           Min: 0, Avg:  0.0, Max: 0, Diff: 0, Sum: 0, Workers: 4
[2853.631s][debug][gc,phases      ] GC(221)     Total                          Min: 10432, Avg: 11030.5, Max: 11903, Diff: 1471, Sum: 44122, Workers: 4
[2853.631s][debug][gc,phases      ] GC(221)   ResolvedMethodTable Weak       Min:  0.0, Avg:  0.0, Max:  0.0, Diff:  0.0, Sum:  0.1, Workers: 4
[2853.631s][debug][gc,phases      ] GC(221)     Dead                           Min: 0, Avg:  0.0, Max: 0, Diff: 0, Sum: 0, Workers: 4
[2853.631s][debug][gc,phases      ] GC(221)     Total                          Min: 2496, Avg: 2620.0, Max: 2816, Diff: 320, Sum: 10480, Workers: 4
[2853.631s][debug][gc,phases      ] GC(221)   JNI Weak                       Min:  0.0, Avg:  0.0, Max:  0.0, Diff:  0.0, Sum:  0.0, Workers: 4
[2853.631s][debug][gc,phases      ] GC(221)     Dead                           Min: 0, Avg:  0.0, Max: 0, Diff: 0, Sum: 0, Workers: 4
[2853.631s][debug][gc,phases      ] GC(221)     Total                          Min: 0, Avg: 11.2, Max: 45, Diff: 45, Sum: 45, Workers: 4
[2853.631s][debug][gc,phases      ] GC(221)   StringDedup Table Weak         Min:  0.0, Avg:  0.0, Max:  0.0, Diff:  0.0, Sum:  0.0, Workers: 4
[2853.631s][debug][gc,phases      ] GC(221)     Dead                           Min: 0, Avg:  0.0, Max: 0, Diff: 0, Sum: 0, Workers: 4
[2853.631s][debug][gc,phases      ] GC(221)     Total                          Min: 0, Avg:  0.0, Max: 0, Diff: 0, Sum: 0, Workers: 4
[2853.631s][debug][gc,phases      ] GC(221)   StringDedup Requests0 Weak     Min:  0.0, Avg:  0.0, Max:  0.0, Diff:  0.0, Sum:  0.0, Workers: 4
[2853.631s][debug][gc,phases      ] GC(221)     Dead                           Min: 0, Avg:  0.0, Max: 0, Diff: 0, Sum: 0, Workers: 4
[2853.631s][debug][gc,phases      ] GC(221)     Total                          Min: 0, Avg:  0.0, Max: 0, Diff: 0, Sum: 0, Workers: 4
[2853.631s][debug][gc,phases      ] GC(221)   StringDedup Requests1 Weak     Min:  0.0, Avg:  0.0, Max:  0.0, Diff:  0.0, Sum:  0.0, Workers: 4
[2853.631s][debug][gc,phases      ] GC(221)     Dead                           Min: 0, Avg:  0.0, Max: 0, Diff: 0, Sum: 0, Workers: 4
[2853.631s][debug][gc,phases      ] GC(221)     Total                          Min: 0, Avg:  0.0, Max: 0, Diff: 0, Sum: 0, Workers: 4
[2853.631s][debug][gc,phases      ] GC(221)   Weak JFR Old Object Samples    Min:  0.0, Avg:  0.0, Max:  0.0, Diff:  0.0, Sum:  0.0, Workers: 4
[2853.631s][debug][gc,phases      ] GC(221)     Dead                           Min: 0, Avg:  0.0, Max: 0, Diff: 0, Sum: 0, Workers: 4
[2853.631s][debug][gc,phases      ] GC(221)     Total                          Min: 0, Avg:  0.0, Max: 0, Diff: 0, Sum: 0, Workers: 4
[2853.631s][debug][gc,phases      ] GC(221) Weak Processing 0.316ms
[2853.631s][debug][gc,age         ] GC(221) Desired survivor size 2097152 bytes, new threshold 15 (max threshold 15)
[2853.631s][info ][gc,heap        ] GC(221) PSYoungGen: 2093184K(2095104K)->96K(2095104K) Eden: 2093056K(2093056K)->0K(2093056K) From: 128K(2048K)->96K(2048K)
[2853.631s][info ][gc,heap        ] GC(221) ParOldGen: 308954K(351232K)->308962K(351232K)
[2853.631s][info ][gc,metaspace   ] GC(221) Metaspace: 85453K(86336K)->85453K(86336K) NonClass: 72979K(73472K)->72979K(73472K) Class: 12474K(12864K)->12474K(12864K)
[2853.631s][info ][gc             ] GC(221) Pause Young (Allocation Failure) 2345M->301M(2389M) 2.416ms
[2853.631s][info ][gc,cpu         ] GC(221) User=0.01s Sys=0.00s Real=0.00s
[2853.631s][info ][safepoint      ] Safepoint "ParallelGCFailedAllocation", Time since last: 31845918321 ns, Reaching safepoint: 4300 ns, Cleanup: 3800 ns, At safepoint: 2495992 ns, Total: 2504092 ns
[2885.430s][info ][gc,start       ] GC(222) Pause Young (Allocation Failure)
[2885.433s][debug][gc,phases      ] GC(222) Scavenge 2.610ms
[2885.433s][debug][gc,ref         ] GC(222) Skipped phase 1 of Reference Processing: no references
[2885.433s][debug][gc,ref         ] GC(222) Skipped phase 2 of Reference Processing: no references
[2885.433s][debug][gc,ref         ] GC(222) Skipped phase 3 of Reference Processing: no references
[2885.433s][debug][gc,ref         ] GC(222) Skipped phase 4 of Reference Processing: no references
[2885.433s][debug][gc,phases      ] GC(222) Reference Processing 0.021ms
[2885.433s][debug][gc,phases      ] GC(222)   VM Weak                        Min:  0.0, Avg:  0.0, Max:  0.0, Diff:  0.0, Sum:  0.0, Workers: 4
[2885.433s][debug][gc,phases      ] GC(222)     Dead                           Min: 0, Avg:  0.0, Max: 0, Diff: 0, Sum: 0, Workers: 4
[2885.433s][debug][gc,phases      ] GC(222)     Total                          Min: 0, Avg: 185.5, Max: 678, Diff: 678, Sum: 742, Workers: 4
[2885.433s][debug][gc,phases      ] GC(222)   ObjectSynchronizer Weak        Min:  0.0, Avg:  0.0, Max:  0.0, Diff:  0.0, Sum:  0.0, Workers: 4
[2885.433s][debug][gc,phases      ] GC(222)     Dead                           Min: 0, Avg:  0.0, Max: 0, Diff: 0, Sum: 0, Workers: 4
[2885.433s][debug][gc,phases      ] GC(222)     Total                          Min: 0, Avg:  0.8, Max: 3, Diff: 3, Sum: 3, Workers: 4
[2885.433s][debug][gc,phases      ] GC(222)   JVMTI Tag Weak OopStorage      Min:  0.0, Avg:  0.0, Max:  0.0, Diff:  0.0, Sum:  0.0, Workers: 4
[2885.433s][debug][gc,phases      ] GC(222)     Dead                           Min: 0, Avg:  0.0, Max: 0, Diff: 0, Sum: 0, Workers: 4
[2885.433s][debug][gc,phases      ] GC(222)     Total                          Min: 0, Avg:  0.0, Max: 0, Diff: 0, Sum: 0, Workers: 4
[2885.433s][debug][gc,phases      ] GC(222)   StringTable Weak               Min:  0.0, Avg:  0.1, Max:  0.1, Diff:  0.1, Sum:  0.4, Workers: 4
[2885.433s][debug][gc,phases      ] GC(222)     Dead                           Min: 0, Avg:  0.0, Max: 0, Diff: 0, Sum: 0, Workers: 4
[2885.433s][debug][gc,phases      ] GC(222)     Total                          Min: 0, Avg: 11030.5, Max: 18459, Diff: 18459, Sum: 44122, Workers: 4
[2885.433s][debug][gc,phases      ] GC(222)   ResolvedMethodTable Weak       Min:  0.0, Avg:  0.0, Max:  0.0, Diff:  0.0, Sum:  0.1, Workers: 4
[2885.433s][debug][gc,phases      ] GC(222)     Dead                           Min: 0, Avg:  0.0, Max: 0, Diff: 0, Sum: 0, Workers: 4
[2885.433s][debug][gc,phases      ] GC(222)     Total                          Min: 0, Avg: 2620.0, Max: 4478, Diff: 4478, Sum: 10480, Workers: 4
[2885.433s][debug][gc,phases      ] GC(222)   JNI Weak                       Min:  0.0, Avg:  0.0, Max:  0.0, Diff:  0.0, Sum:  0.0, Workers: 4
[2885.433s][debug][gc,phases      ] GC(222)     Dead                           Min: 0, Avg:  0.0, Max: 0, Diff: 0, Sum: 0, Workers: 4
[2885.433s][debug][gc,phases      ] GC(222)     Total                          Min: 0, Avg: 11.2, Max: 45, Diff: 45, Sum: 45, Workers: 4
[2885.433s][debug][gc,phases      ] GC(222)   StringDedup Table Weak         Min:  0.0, Avg:  0.0, Max:  0.0, Diff:  0.0, Sum:  0.0, Workers: 4
[2885.433s][debug][gc,phases      ] GC(222)     Dead                           Min: 0, Avg:  0.0, Max: 0, Diff: 0, Sum: 0, Workers: 4
[2885.433s][debug][gc,phases      ] GC(222)     Total                          Min: 0, Avg:  0.0, Max: 0, Diff: 0, Sum: 0, Workers: 4
[2885.433s][debug][gc,phases      ] GC(222)   StringDedup Requests0 Weak     Min:  0.0, Avg:  0.0, Max:  0.0, Diff:  0.0, Sum:  0.0, Workers: 4
[2885.433s][debug][gc,phases      ] GC(222)     Dead                           Min: 0, Avg:  0.0, Max: 0, Diff: 0, Sum: 0, Workers: 4
[2885.433s][debug][gc,phases      ] GC(222)     Total                          Min: 0, Avg:  0.0, Max: 0, Diff: 0, Sum: 0, Workers: 4
[2885.433s][debug][gc,phases      ] GC(222)   StringDedup Requests1 Weak     Min:  0.0, Avg:  0.0, Max:  0.0, Diff:  0.0, Sum:  0.0, Workers: 4
[2885.433s][debug][gc,phases      ] GC(222)     Dead                           Min: 0, Avg:  0.0, Max: 0, Diff: 0, Sum: 0, Workers: 4
[2885.433s][debug][gc,phases      ] GC(222)     Total                          Min: 0, Avg:  0.0, Max: 0, Diff: 0, Sum: 0, Workers: 4
[2885.433s][debug][gc,phases      ] GC(222)   Weak JFR Old Object Samples    Min:  0.0, Avg:  0.0, Max:  0.0, Diff:  0.0, Sum:  0.0, Workers: 4
[2885.433s][debug][gc,phases      ] GC(222)     Dead                           Min: 0, Avg:  0.0, Max: 0, Diff: 0, Sum: 0, Workers: 4
[2885.433s][debug][gc,phases      ] GC(222)     Total                          Min: 0, Avg:  0.0, Max: 0, Diff: 0, Sum: 0, Workers: 4
[2885.433s][debug][gc,phases      ] GC(222) Weak Processing 0.340ms
[2885.433s][debug][gc,age         ] GC(222) Desired survivor size 2097152 bytes, new threshold 15 (max threshold 15)
[2885.433s][info ][gc,heap        ] GC(222) PSYoungGen: 2093152K(2095104K)->96K(2095104K) Eden: 2093056K(2093056K)->0K(2093056K) From: 96K(2048K)->96K(2048K)
[2885.433s][info ][gc,heap        ] GC(222) ParOldGen: 308962K(351232K)->308970K(351232K)
[2885.433s][info ][gc,metaspace   ] GC(222) Metaspace: 85453K(86336K)->85453K(86336K) NonClass: 72979K(73472K)->72979K(73472K) Class: 12474K(12864K)->12474K(12864K)
[2885.433s][info ][gc             ] GC(222) Pause Young (Allocation Failure) 2345M->301M(2389M) 3.066ms
[2885.433s][info ][gc,cpu         ] GC(222) User=0.01s Sys=0.00s Real=0.01s
[2885.433s][info ][safepoint      ] Safepoint "ParallelGCFailedAllocation", Time since last: 31799015129 ns, Reaching safepoint: 4500 ns, Cleanup: 4000 ns, At safepoint: 3145090 ns, Total: 3153590 ns
[2917.230s][info ][gc,start       ] GC(223) Pause Young (Allocation Failure)
[2917.232s][debug][gc,phases      ] GC(223) Scavenge 1.256ms
[2917.232s][debug][gc,ref         ] GC(223) Skipped phase 1 of Reference Processing: no references
[2917.232s][debug][gc,ref         ] GC(223) Skipped phase 2 of Reference Processing: no references
[2917.232s][debug][gc,ref         ] GC(223) Skipped phase 3 of Reference Processing: no references
[2917.232s][debug][gc,ref         ] GC(223) Skipped phase 4 of Reference Processing: no references
[2917.232s][debug][gc,phases      ] GC(223) Reference Processing 0.022ms
[2917.232s][debug][gc,phases      ] GC(223)   VM Weak                        Min:  0.0, Avg:  0.0, Max:  0.0, Diff:  0.0, Sum:  0.0, Workers: 4
[2917.232s][debug][gc,phases      ] GC(223)     Dead                           Min: 0, Avg:  0.0, Max: 0, Diff: 0, Sum: 0, Workers: 4
[2917.232s][debug][gc,phases      ] GC(223)     Total                          Min: 0, Avg: 185.5, Max: 384, Diff: 384, Sum: 742, Workers: 4
[2917.232s][debug][gc,phases      ] GC(223)   ObjectSynchronizer Weak        Min:  0.0, Avg:  0.0, Max:  0.0, Diff:  0.0, Sum:  0.0, Workers: 4
[2917.232s][debug][gc,phases      ] GC(223)     Dead                           Min: 0, Avg:  0.0, Max: 0, Diff: 0, Sum: 0, Workers: 4
[2917.232s][debug][gc,phases      ] GC(223)     Total                          Min: 0, Avg:  0.8, Max: 3, Diff: 3, Sum: 3, Workers: 4
[2917.232s][debug][gc,phases      ] GC(223)   JVMTI Tag Weak OopStorage      Min:  0.0, Avg:  0.0, Max:  0.0, Diff:  0.0, Sum:  0.0, Workers: 4
[2917.232s][debug][gc,phases      ] GC(223)     Dead                           Min: 0, Avg:  0.0, Max: 0, Diff: 0, Sum: 0, Workers: 4
[2917.232s][debug][gc,phases      ] GC(223)     Total                          Min: 0, Avg:  0.0, Max: 0, Diff: 0, Sum: 0, Workers: 4
[2917.232s][debug][gc,phases      ] GC(223)   StringTable Weak               Min:  0.0, Avg:  0.1, Max:  0.1, Diff:  0.1, Sum:  0.4, Workers: 4
[2917.232s][debug][gc,phases      ] GC(223)     Dead                           Min: 0, Avg:  0.0, Max: 0, Diff: 0, Sum: 0, Workers: 4
[2917.232s][debug][gc,phases      ] GC(223)     Total                          Min: 0, Avg: 11030.5, Max: 19454, Diff: 19454, Sum: 44122, Workers: 4
[2917.232s][debug][gc,phases      ] GC(223)   ResolvedMethodTable Weak       Min:  0.0, Avg:  0.0, Max:  0.0, Diff:  0.0, Sum:  0.1, Workers: 4
[2917.232s][debug][gc,phases      ] GC(223)     Dead                           Min: 0, Avg:  0.0, Max: 0, Diff: 0, Sum: 0, Workers: 4
[2917.232s][debug][gc,phases      ] GC(223)     Total                          Min: 0, Avg: 2620.0, Max: 4670, Diff: 4670, Sum: 10480, Workers: 4
[2917.232s][debug][gc,phases      ] GC(223)   JNI Weak                       Min:  0.0, Avg:  0.0, Max:  0.0, Diff:  0.0, Sum:  0.0, Workers: 4
[2917.232s][debug][gc,phases      ] GC(223)     Dead                           Min: 0, Avg:  0.0, Max: 0, Diff: 0, Sum: 0, Workers: 4
[2917.232s][debug][gc,phases      ] GC(223)     Total                          Min: 0, Avg: 11.2, Max: 45, Diff: 45, Sum: 45, Workers: 4
[2917.232s][debug][gc,phases      ] GC(223)   StringDedup Table Weak         Min:  0.0, Avg:  0.0, Max:  0.0, Diff:  0.0, Sum:  0.0, Workers: 4
[2917.232s][debug][gc,phases      ] GC(223)     Dead                           Min: 0, Avg:  0.0, Max: 0, Diff: 0, Sum: 0, Workers: 4
[2917.232s][debug][gc,phases      ] GC(223)     Total                          Min: 0, Avg:  0.0, Max: 0, Diff: 0, Sum: 0, Workers: 4
[2917.232s][debug][gc,phases      ] GC(223)   StringDedup Requests0 Weak     Min:  0.0, Avg:  0.0, Max:  0.0, Diff:  0.0, Sum:  0.0, Workers: 4
[2917.232s][debug][gc,phases      ] GC(223)     Dead                           Min: 0, Avg:  0.0, Max: 0, Diff: 0, Sum: 0, Workers: 4
[2917.232s][debug][gc,phases      ] GC(223)     Total                          Min: 0, Avg:  0.0, Max: 0, Diff: 0, Sum: 0, Workers: 4
[2917.232s][debug][gc,phases      ] GC(223)   StringDedup Requests1 Weak     Min:  0.0, Avg:  0.0, Max:  0.0, Diff:  0.0, Sum:  0.0, Workers: 4
[2917.232s][debug][gc,phases      ] GC(223)     Dead                           Min: 0, Avg:  0.0, Max: 0, Diff: 0, Sum: 0, Workers: 4
[2917.232s][debug][gc,phases      ] GC(223)     Total                          Min: 0, Avg:  0.0, Max: 0, Diff: 0, Sum: 0, Workers: 4
[2917.232s][debug][gc,phases      ] GC(223)   Weak JFR Old Object Samples    Min:  0.0, Avg:  0.0, Max:  0.0, Diff:  0.0, Sum:  0.0, Workers: 4
[2917.232s][debug][gc,phases      ] GC(223)     Dead                           Min: 0, Avg:  0.0, Max: 0, Diff: 0, Sum: 0, Workers: 4
[2917.232s][debug][gc,phases      ] GC(223)     Total                          Min: 0, Avg:  0.0, Max: 0, Diff: 0, Sum: 0, Workers: 4
[2917.232s][debug][gc,phases      ] GC(223) Weak Processing 0.342ms
[2917.232s][debug][gc,age         ] GC(223) Desired survivor size 2097152 bytes, new threshold 15 (max threshold 15)
[2917.232s][info ][gc,heap        ] GC(223) PSYoungGen: 2093152K(2095104K)->128K(2095104K) Eden: 2093056K(2093056K)->0K(2093056K) From: 96K(2048K)->128K(2048K)
[2917.232s][info ][gc,heap        ] GC(223) ParOldGen: 308970K(351232K)->308986K(351232K)
[2917.232s][info ][gc,metaspace   ] GC(223) Metaspace: 85454K(86336K)->85454K(86336K) NonClass: 72979K(73472K)->72979K(73472K) Class: 12474K(12864K)->12474K(12864K)
[2917.232s][info ][gc             ] GC(223) Pause Young (Allocation Failure) 2345M->301M(2389M) 1.719ms
[2917.232s][info ][gc,cpu         ] GC(223) User=0.00s Sys=0.00s Real=0.01s
[2917.232s][info ][safepoint      ] Safepoint "ParallelGCFailedAllocation", Time since last: 31797332017 ns, Reaching safepoint: 4500 ns, Cleanup: 3600 ns, At safepoint: 1799295 ns, Total: 1807395 ns
[2949.079s][info ][gc,start       ] GC(224) Pause Young (Allocation Failure)
[2949.080s][debug][gc,phases      ] GC(224) Scavenge 1.243ms
[2949.080s][debug][gc,ref         ] GC(224) Skipped phase 1 of Reference Processing: no references
[2949.080s][debug][gc,ref         ] GC(224) Skipped phase 2 of Reference Processing: no references
[2949.080s][debug][gc,ref         ] GC(224) Skipped phase 3 of Reference Processing: no references
[2949.080s][debug][gc,ref         ] GC(224) Skipped phase 4 of Reference Processing: no references
[2949.080s][debug][gc,phases      ] GC(224) Reference Processing 0.021ms
[2949.080s][debug][gc,phases      ] GC(224)   VM Weak                        Min:  0.0, Avg:  0.0, Max:  0.0, Diff:  0.0, Sum:  0.0, Workers: 4
[2949.080s][debug][gc,phases      ] GC(224)     Dead                           Min: 0, Avg:  0.0, Max: 0, Diff: 0, Sum: 0, Workers: 4
[2949.080s][debug][gc,phases      ] GC(224)     Total                          Min: 0, Avg: 185.5, Max: 678, Diff: 678, Sum: 742, Workers: 4
[2949.080s][debug][gc,phases      ] GC(224)   ObjectSynchronizer Weak        Min:  0.0, Avg:  0.0, Max:  0.0, Diff:  0.0, Sum:  0.0, Workers: 4
[2949.080s][debug][gc,phases      ] GC(224)     Dead                           Min: 0, Avg:  0.0, Max: 0, Diff: 0, Sum: 0, Workers: 4
[2949.080s][debug][gc,phases      ] GC(224)     Total                          Min: 0, Avg:  0.8, Max: 3, Diff: 3, Sum: 3, Workers: 4
[2949.080s][debug][gc,phases      ] GC(224)   JVMTI Tag Weak OopStorage      Min:  0.0, Avg:  0.0, Max:  0.0, Diff:  0.0, Sum:  0.0, Workers: 4
[2949.080s][debug][gc,phases      ] GC(224)     Dead                           Min: 0, Avg:  0.0, Max: 0, Diff: 0, Sum: 0, Workers: 4
[2949.080s][debug][gc,phases      ] GC(224)     Total                          Min: 0, Avg:  0.0, Max: 0, Diff: 0, Sum: 0, Workers: 4
[2949.080s][debug][gc,phases      ] GC(224)   StringTable Weak               Min:  0.0, Avg:  0.1, Max:  0.1, Diff:  0.1, Sum:  0.4, Workers: 4
[2949.080s][debug][gc,phases      ] GC(224)     Dead                           Min: 0, Avg:  0.0, Max: 0, Diff: 0, Sum: 0, Workers: 4
[2949.080s][debug][gc,phases      ] GC(224)     Total                          Min: 4223, Avg: 11030.5, Max: 14555, Diff: 10332, Sum: 44122, Workers: 4
[2949.080s][debug][gc,phases      ] GC(224)   ResolvedMethodTable Weak       Min:  0.0, Avg:  0.0, Max:  0.0, Diff:  0.0, Sum:  0.1, Workers: 4
[2949.080s][debug][gc,phases      ] GC(224)     Dead                           Min: 0, Avg:  0.0, Max: 0, Diff: 0, Sum: 0, Workers: 4
[2949.080s][debug][gc,phases      ] GC(224)     Total                          Min: 2496, Avg: 2620.0, Max: 2752, Diff: 256, Sum: 10480, Workers: 4
[2949.080s][debug][gc,phases      ] GC(224)   JNI Weak                       Min:  0.0, Avg:  0.0, Max:  0.0, Diff:  0.0, Sum:  0.0, Workers: 4
[2949.080s][debug][gc,phases      ] GC(224)     Dead                           Min: 0, Avg:  0.0, Max: 0, Diff: 0, Sum: 0, Workers: 4
[2949.080s][debug][gc,phases      ] GC(224)     Total                          Min: 0, Avg: 11.2, Max: 45, Diff: 45, Sum: 45, Workers: 4
[2949.080s][debug][gc,phases      ] GC(224)   StringDedup Table Weak         Min:  0.0, Avg:  0.0, Max:  0.0, Diff:  0.0, Sum:  0.0, Workers: 4
[2949.080s][debug][gc,phases      ] GC(224)     Dead                           Min: 0, Avg:  0.0, Max: 0, Diff: 0, Sum: 0, Workers: 4
[2949.080s][debug][gc,phases      ] GC(224)     Total                          Min: 0, Avg:  0.0, Max: 0, Diff: 0, Sum: 0, Workers: 4
[2949.080s][debug][gc,phases      ] GC(224)   StringDedup Requests0 Weak     Min:  0.0, Avg:  0.0, Max:  0.0, Diff:  0.0, Sum:  0.0, Workers: 4
[2949.080s][debug][gc,phases      ] GC(224)     Dead                           Min: 0, Avg:  0.0, Max: 0, Diff: 0, Sum: 0, Workers: 4
[2949.080s][debug][gc,phases      ] GC(224)     Total                          Min: 0, Avg:  0.0, Max: 0, Diff: 0, Sum: 0, Workers: 4
[2949.080s][debug][gc,phases      ] GC(224)   StringDedup Requests1 Weak     Min:  0.0, Avg:  0.0, Max:  0.0, Diff:  0.0, Sum:  0.0, Workers: 4
[2949.080s][debug][gc,phases      ] GC(224)     Dead                           Min: 0, Avg:  0.0, Max: 0, Diff: 0, Sum: 0, Workers: 4
[2949.080s][debug][gc,phases      ] GC(224)     Total                          Min: 0, Avg:  0.0, Max: 0, Diff: 0, Sum: 0, Workers: 4
[2949.080s][debug][gc,phases      ] GC(224)   Weak JFR Old Object Samples    Min:  0.0, Avg:  0.0, Max:  0.0, Diff:  0.0, Sum:  0.0, Workers: 4
[2949.080s][debug][gc,phases      ] GC(224)     Dead                           Min: 0, Avg:  0.0, Max: 0, Diff: 0, Sum: 0, Workers: 4
[2949.080s][debug][gc,phases      ] GC(224)     Total                          Min: 0, Avg:  0.0, Max: 0, Diff: 0, Sum: 0, Workers: 4
[2949.080s][debug][gc,phases      ] GC(224) Weak Processing 0.333ms
[2949.080s][debug][gc,age         ] GC(224) Desired survivor size 2097152 bytes, new threshold 15 (max threshold 15)
[2949.080s][info ][gc,heap        ] GC(224) PSYoungGen: 2093184K(2095104K)->128K(2095104K) Eden: 2093056K(2093056K)->0K(2093056K) From: 128K(2048K)->128K(2048K)
[2949.080s][info ][gc,heap        ] GC(224) ParOldGen: 308986K(351232K)->308994K(351232K)
[2949.080s][info ][gc,metaspace   ] GC(224) Metaspace: 85454K(86336K)->85454K(86336K) NonClass: 72979K(73472K)->72979K(73472K) Class: 12474K(12864K)->12474K(12864K)
[2949.080s][info ][gc             ] GC(224) Pause Young (Allocation Failure) 2345M->301M(2389M) 1.680ms
[2949.080s][info ][gc,cpu         ] GC(224) User=0.01s Sys=0.00s Real=0.01s
[2949.080s][info ][safepoint      ] Safepoint "ParallelGCFailedAllocation", Time since last: 31846431271 ns, Reaching safepoint: 4400 ns, Cleanup: 3700 ns, At safepoint: 1769695 ns, Total: 1777795 ns
[2980.880s][info ][gc,start       ] GC(225) Pause Young (Allocation Failure)
[2980.882s][debug][gc,phases      ] GC(225) Scavenge 1.989ms
[2980.882s][debug][gc,ref         ] GC(225) Skipped phase 1 of Reference Processing: no references
[2980.882s][debug][gc,ref         ] GC(225) Skipped phase 2 of Reference Processing: no references
[2980.882s][debug][gc,ref         ] GC(225) Skipped phase 3 of Reference Processing: no references
[2980.882s][debug][gc,ref         ] GC(225) Skipped phase 4 of Reference Processing: no references
[2980.882s][debug][gc,phases      ] GC(225) Reference Processing 0.021ms
[2980.882s][debug][gc,phases      ] GC(225)   VM Weak                        Min:  0.0, Avg:  0.0, Max:  0.0, Diff:  0.0, Sum:  0.0, Workers: 4
[2980.882s][debug][gc,phases      ] GC(225)     Dead                           Min: 0, Avg:  0.0, Max: 0, Diff: 0, Sum: 0, Workers: 4
[2980.882s][debug][gc,phases      ] GC(225)     Total                          Min: 64, Avg: 185.5, Max: 384, Diff: 320, Sum: 742, Workers: 4
[2980.882s][debug][gc,phases      ] GC(225)   ObjectSynchronizer Weak        Min:  0.0, Avg:  0.0, Max:  0.0, Diff:  0.0, Sum:  0.0, Workers: 4
[2980.882s][debug][gc,phases      ] GC(225)     Dead                           Min: 0, Avg:  0.0, Max: 0, Diff: 0, Sum: 0, Workers: 4
[2980.882s][debug][gc,phases      ] GC(225)     Total                          Min: 0, Avg:  0.8, Max: 3, Diff: 3, Sum: 3, Workers: 4
[2980.882s][debug][gc,phases      ] GC(225)   JVMTI Tag Weak OopStorage      Min:  0.0, Avg:  0.0, Max:  0.0, Diff:  0.0, Sum:  0.0, Workers: 4
[2980.882s][debug][gc,phases      ] GC(225)     Dead                           Min: 0, Avg:  0.0, Max: 0, Diff: 0, Sum: 0, Workers: 4
[2980.882s][debug][gc,phases      ] GC(225)     Total                          Min: 0, Avg:  0.0, Max: 0, Diff: 0, Sum: 0, Workers: 4
[2980.882s][debug][gc,phases      ] GC(225)   StringTable Weak               Min:  0.1, Avg:  0.1, Max:  0.1, Diff:  0.0, Sum:  0.4, Workers: 4
[2980.882s][debug][gc,phases      ] GC(225)     Dead                           Min: 0, Avg:  0.0, Max: 0, Diff: 0, Sum: 0, Workers: 4
[2980.882s][debug][gc,phases      ] GC(225)     Total                          Min: 10815, Avg: 11030.5, Max: 11292, Diff: 477, Sum: 44122, Workers: 4
[2980.882s][debug][gc,phases      ] GC(225)   ResolvedMethodTable Weak       Min:  0.0, Avg:  0.0, Max:  0.0, Diff:  0.0, Sum:  0.1, Workers: 4
[2980.882s][debug][gc,phases      ] GC(225)     Dead                           Min: 0, Avg:  0.0, Max: 0, Diff: 0, Sum: 0, Workers: 4
[2980.882s][debug][gc,phases      ] GC(225)     Total                          Min: 2496, Avg: 2620.0, Max: 2752, Diff: 256, Sum: 10480, Workers: 4
[2980.882s][debug][gc,phases      ] GC(225)   JNI Weak                       Min:  0.0, Avg:  0.0, Max:  0.0, Diff:  0.0, Sum:  0.0, Workers: 4
[2980.882s][debug][gc,phases      ] GC(225)     Dead                           Min: 0, Avg:  0.0, Max: 0, Diff: 0, Sum: 0, Workers: 4
[2980.882s][debug][gc,phases      ] GC(225)     Total                          Min: 0, Avg: 11.2, Max: 45, Diff: 45, Sum: 45, Workers: 4
[2980.882s][debug][gc,phases      ] GC(225)   StringDedup Table Weak         Min:  0.0, Avg:  0.0, Max:  0.0, Diff:  0.0, Sum:  0.0, Workers: 4
[2980.882s][debug][gc,phases      ] GC(225)     Dead                           Min: 0, Avg:  0.0, Max: 0, Diff: 0, Sum: 0, Workers: 4
[2980.883s][debug][gc,phases      ] GC(225)     Total                          Min: 0, Avg:  0.0, Max: 0, Diff: 0, Sum: 0, Workers: 4
[2980.883s][debug][gc,phases      ] GC(225)   StringDedup Requests0 Weak     Min:  0.0, Avg:  0.0, Max:  0.0, Diff:  0.0, Sum:  0.0, Workers: 4
[2980.883s][debug][gc,phases      ] GC(225)     Dead                           Min: 0, Avg:  0.0, Max: 0, Diff: 0, Sum: 0, Workers: 4
[2980.883s][debug][gc,phases      ] GC(225)     Total                          Min: 0, Avg:  0.0, Max: 0, Diff: 0, Sum: 0, Workers: 4
[2980.883s][debug][gc,phases      ] GC(225)   StringDedup Requests1 Weak     Min:  0.0, Avg:  0.0, Max:  0.0, Diff:  0.0, Sum:  0.0, Workers: 4
[2980.883s][debug][gc,phases      ] GC(225)     Dead                           Min: 0, Avg:  0.0, Max: 0, Diff: 0, Sum: 0, Workers: 4
[2980.883s][debug][gc,phases      ] GC(225)     Total                          Min: 0, Avg:  0.0, Max: 0, Diff: 0, Sum: 0, Workers: 4
[2980.883s][debug][gc,phases      ] GC(225)   Weak JFR Old Object Samples    Min:  0.0, Avg:  0.0, Max:  0.0, Diff:  0.0, Sum:  0.0, Workers: 4
[2980.883s][debug][gc,phases      ] GC(225)     Dead                           Min: 0, Avg:  0.0, Max: 0, Diff: 0, Sum: 0, Workers: 4
[2980.883s][debug][gc,phases      ] GC(225)     Total                          Min: 0, Avg:  0.0, Max: 0, Diff: 0, Sum: 0, Workers: 4
[2980.883s][debug][gc,phases      ] GC(225) Weak Processing 0.319ms
[2980.883s][debug][gc,age         ] GC(225) Desired survivor size 2097152 bytes, new threshold 15 (max threshold 15)
[2980.883s][info ][gc,heap        ] GC(225) PSYoungGen: 2093184K(2095104K)->96K(2095104K) Eden: 2093056K(2093056K)->0K(2093056K) From: 128K(2048K)->96K(2048K)
[2980.883s][info ][gc,heap        ] GC(225) ParOldGen: 308994K(351232K)->309002K(351232K)
[2980.883s][info ][gc,metaspace   ] GC(225) Metaspace: 85454K(86336K)->85454K(86336K) NonClass: 72979K(73472K)->72979K(73472K) Class: 12474K(12864K)->12474K(12864K)
[2980.883s][info ][gc             ] GC(225) Pause Young (Allocation Failure) 2345M->301M(2389M) 2.418ms
[2980.883s][info ][gc,cpu         ] GC(225) User=0.00s Sys=0.00s Real=0.00s
[2980.883s][info ][safepoint      ] Safepoint "ParallelGCFailedAllocation", Time since last: 31799705733 ns, Reaching safepoint: 4000 ns, Cleanup: 4200 ns, At safepoint: 2492393 ns, Total: 2500593 ns
[3012.231s][info ][gc,start       ] GC(226) Pause Young (Allocation Failure)
[3012.233s][debug][gc,phases      ] GC(226) Scavenge 1.628ms
[3012.233s][debug][gc,ref         ] GC(226) Skipped phase 1 of Reference Processing: no references
[3012.233s][debug][gc,ref         ] GC(226) Skipped phase 2 of Reference Processing: no references
[3012.233s][debug][gc,ref         ] GC(226) Skipped phase 3 of Reference Processing: no references
[3012.233s][debug][gc,ref         ] GC(226) Skipped phase 4 of Reference Processing: no references
[3012.233s][debug][gc,phases      ] GC(226) Reference Processing 0.021ms
[3012.233s][debug][gc,phases      ] GC(226)   VM Weak                        Min:  0.0, Avg:  0.0, Max:  0.0, Diff:  0.0, Sum:  0.0, Workers: 4
[3012.233s][debug][gc,phases      ] GC(226)     Dead                           Min: 0, Avg:  0.0, Max: 0, Diff: 0, Sum: 0, Workers: 4
[3012.233s][debug][gc,phases      ] GC(226)     Total                          Min: 0, Avg: 185.5, Max: 614, Diff: 614, Sum: 742, Workers: 4
[3012.233s][debug][gc,phases      ] GC(226)   ObjectSynchronizer Weak        Min:  0.0, Avg:  0.0, Max:  0.0, Diff:  0.0, Sum:  0.0, Workers: 4
[3012.233s][debug][gc,phases      ] GC(226)     Dead                           Min: 0, Avg:  0.0, Max: 0, Diff: 0, Sum: 0, Workers: 4
[3012.233s][debug][gc,phases      ] GC(226)     Total                          Min: 0, Avg:  0.8, Max: 3, Diff: 3, Sum: 3, Workers: 4
[3012.233s][debug][gc,phases      ] GC(226)   JVMTI Tag Weak OopStorage      Min:  0.0, Avg:  0.0, Max:  0.0, Diff:  0.0, Sum:  0.0, Workers: 4
[3012.233s][debug][gc,phases      ] GC(226)     Dead                           Min: 0, Avg:  0.0, Max: 0, Diff: 0, Sum: 0, Workers: 4
[3012.233s][debug][gc,phases      ] GC(226)     Total                          Min: 0, Avg:  0.0, Max: 0, Diff: 0, Sum: 0, Workers: 4
[3012.233s][debug][gc,phases      ] GC(226)   StringTable Weak               Min:  0.0, Avg:  0.1, Max:  0.1, Diff:  0.1, Sum:  0.4, Workers: 4
[3012.233s][debug][gc,phases      ] GC(226)     Dead                           Min: 0, Avg:  0.0, Max: 0, Diff: 0, Sum: 0, Workers: 4
[3012.233s][debug][gc,phases      ] GC(226)     Total                          Min: 0, Avg: 11030.5, Max: 18814, Diff: 18814, Sum: 44122, Workers: 4
[3012.233s][debug][gc,phases      ] GC(226)   ResolvedMethodTable Weak       Min:  0.0, Avg:  0.0, Max:  0.0, Diff:  0.0, Sum:  0.1, Workers: 4
[3012.233s][debug][gc,phases      ] GC(226)     Dead                           Min: 0, Avg:  0.0, Max: 0, Diff: 0, Sum: 0, Workers: 4
[3012.233s][debug][gc,phases      ] GC(226)     Total                          Min: 0, Avg: 2620.0, Max: 4402, Diff: 4402, Sum: 10480, Workers: 4
[3012.233s][debug][gc,phases      ] GC(226)   JNI Weak                       Min:  0.0, Avg:  0.0, Max:  0.0, Diff:  0.0, Sum:  0.0, Workers: 4
[3012.233s][debug][gc,phases      ] GC(226)     Dead                           Min: 0, Avg:  0.0, Max: 0, Diff: 0, Sum: 0, Workers: 4
[3012.233s][debug][gc,phases      ] GC(226)     Total                          Min: 0, Avg: 11.2, Max: 45, Diff: 45, Sum: 45, Workers: 4
[3012.233s][debug][gc,phases      ] GC(226)   StringDedup Table Weak         Min:  0.0, Avg:  0.0, Max:  0.0, Diff:  0.0, Sum:  0.0, Workers: 4
[3012.233s][debug][gc,phases      ] GC(226)     Dead                           Min: 0, Avg:  0.0, Max: 0, Diff: 0, Sum: 0, Workers: 4
[3012.233s][debug][gc,phases      ] GC(226)     Total                          Min: 0, Avg:  0.0, Max: 0, Diff: 0, Sum: 0, Workers: 4
[3012.233s][debug][gc,phases      ] GC(226)   StringDedup Requests0 Weak     Min:  0.0, Avg:  0.0, Max:  0.0, Diff:  0.0, Sum:  0.0, Workers: 4
[3012.233s][debug][gc,phases      ] GC(226)     Dead                           Min: 0, Avg:  0.0, Max: 0, Diff: 0, Sum: 0, Workers: 4
[3012.233s][debug][gc,phases      ] GC(226)     Total                          Min: 0, Avg:  0.0, Max: 0, Diff: 0, Sum: 0, Workers: 4
[3012.233s][debug][gc,phases      ] GC(226)   StringDedup Requests1 Weak     Min:  0.0, Avg:  0.0, Max:  0.0, Diff:  0.0, Sum:  0.0, Workers: 4
[3012.233s][debug][gc,phases      ] GC(226)     Dead                           Min: 0, Avg:  0.0, Max: 0, Diff: 0, Sum: 0, Workers: 4
[3012.233s][debug][gc,phases      ] GC(226)     Total                          Min: 0, Avg:  0.0, Max: 0, Diff: 0, Sum: 0, Workers: 4
[3012.233s][debug][gc,phases      ] GC(226)   Weak JFR Old Object Samples    Min:  0.0, Avg:  0.0, Max:  0.0, Diff:  0.0, Sum:  0.0, Workers: 4
[3012.233s][debug][gc,phases      ] GC(226)     Dead                           Min: 0, Avg:  0.0, Max: 0, Diff: 0, Sum: 0, Workers: 4
[3012.233s][debug][gc,phases      ] GC(226)     Total                          Min: 0, Avg:  0.0, Max: 0, Diff: 0, Sum: 0, Workers: 4
[3012.233s][debug][gc,phases      ] GC(226) Weak Processing 0.338ms
[3012.233s][debug][gc,age         ] GC(226) Desired survivor size 2097152 bytes, new threshold 15 (max threshold 15)
[3012.233s][info ][gc,heap        ] GC(226) PSYoungGen: 2093152K(2095104K)->128K(2095104K) Eden: 2093056K(2093056K)->0K(2093056K) From: 96K(2048K)->128K(2048K)
[3012.233s][info ][gc,heap        ] GC(226) ParOldGen: 309002K(351232K)->309010K(351232K)
[3012.233s][info ][gc,metaspace   ] GC(226) Metaspace: 85454K(86336K)->85454K(86336K) NonClass: 72979K(73472K)->72979K(73472K) Class: 12474K(12864K)->12474K(12864K)
[3012.233s][info ][gc             ] GC(226) Pause Young (Allocation Failure) 2345M->301M(2389M) 2.077ms
[3012.233s][info ][gc,cpu         ] GC(226) User=0.00s Sys=0.00s Real=0.01s
[3012.233s][info ][safepoint      ] Safepoint "ParallelGCFailedAllocation", Time since last: 31348455837 ns, Reaching safepoint: 79600 ns, Cleanup: 4600 ns, At safepoint: 2139994 ns, Total: 2224194 ns
[3044.080s][info ][gc,start       ] GC(227) Pause Young (Allocation Failure)
[3044.082s][debug][gc,phases      ] GC(227) Scavenge 2.035ms
[3044.082s][debug][gc,ref         ] GC(227) Skipped phase 1 of Reference Processing: no references
[3044.082s][debug][gc,ref         ] GC(227) Skipped phase 2 of Reference Processing: no references
[3044.082s][debug][gc,ref         ] GC(227) Skipped phase 3 of Reference Processing: no references
[3044.082s][debug][gc,ref         ] GC(227) Skipped phase 4 of Reference Processing: no references
[3044.082s][debug][gc,phases      ] GC(227) Reference Processing 0.020ms
[3044.082s][debug][gc,phases      ] GC(227)   VM Weak                        Min:  0.0, Avg:  0.0, Max:  0.0, Diff:  0.0, Sum:  0.0, Workers: 4
[3044.082s][debug][gc,phases      ] GC(227)     Dead                           Min: 0, Avg:  0.0, Max: 0, Diff: 0, Sum: 0, Workers: 4
[3044.082s][debug][gc,phases      ] GC(227)     Total                          Min: 0, Avg: 185.5, Max: 384, Diff: 384, Sum: 742, Workers: 4
[3044.082s][debug][gc,phases      ] GC(227)   ObjectSynchronizer Weak        Min:  0.0, Avg:  0.0, Max:  0.0, Diff:  0.0, Sum:  0.0, Workers: 4
[3044.082s][debug][gc,phases      ] GC(227)     Dead                           Min: 0, Avg:  0.0, Max: 0, Diff: 0, Sum: 0, Workers: 4
[3044.082s][debug][gc,phases      ] GC(227)     Total                          Min: 0, Avg:  0.8, Max: 3, Diff: 3, Sum: 3, Workers: 4
[3044.082s][debug][gc,phases      ] GC(227)   JVMTI Tag Weak OopStorage      Min:  0.0, Avg:  0.0, Max:  0.0, Diff:  0.0, Sum:  0.0, Workers: 4
[3044.082s][debug][gc,phases      ] GC(227)     Dead                           Min: 0, Avg:  0.0, Max: 0, Diff: 0, Sum: 0, Workers: 4
[3044.082s][debug][gc,phases      ] GC(227)     Total                          Min: 0, Avg:  0.0, Max: 0, Diff: 0, Sum: 0, Workers: 4
[3044.082s][debug][gc,phases      ] GC(227)   StringTable Weak               Min:  0.0, Avg:  0.1, Max:  0.1, Diff:  0.1, Sum:  0.4, Workers: 4
[3044.082s][debug][gc,phases      ] GC(227)     Dead                           Min: 0, Avg:  0.0, Max: 0, Diff: 0, Sum: 0, Workers: 4
[3044.082s][debug][gc,phases      ] GC(227)     Total                          Min: 0, Avg: 11030.5, Max: 19455, Diff: 19455, Sum: 44122, Workers: 4
[3044.082s][debug][gc,phases      ] GC(227)   ResolvedMethodTable Weak       Min:  0.0, Avg:  0.0, Max:  0.0, Diff:  0.0, Sum:  0.1, Workers: 4
[3044.082s][debug][gc,phases      ] GC(227)     Dead                           Min: 0, Avg:  0.0, Max: 0, Diff: 0, Sum: 0, Workers: 4
[3044.082s][debug][gc,phases      ] GC(227)     Total                          Min: 0, Avg: 2620.0, Max: 4672, Diff: 4672, Sum: 10480, Workers: 4
[3044.082s][debug][gc,phases      ] GC(227)   JNI Weak                       Min:  0.0, Avg:  0.0, Max:  0.0, Diff:  0.0, Sum:  0.0, Workers: 4
[3044.082s][debug][gc,phases      ] GC(227)     Dead                           Min: 0, Avg:  0.0, Max: 0, Diff: 0, Sum: 0, Workers: 4
[3044.082s][debug][gc,phases      ] GC(227)     Total                          Min: 0, Avg: 11.2, Max: 45, Diff: 45, Sum: 45, Workers: 4
[3044.082s][debug][gc,phases      ] GC(227)   StringDedup Table Weak         Min:  0.0, Avg:  0.0, Max:  0.0, Diff:  0.0, Sum:  0.0, Workers: 4
[3044.082s][debug][gc,phases      ] GC(227)     Dead                           Min: 0, Avg:  0.0, Max: 0, Diff: 0, Sum: 0, Workers: 4
[3044.082s][debug][gc,phases      ] GC(227)     Total                          Min: 0, Avg:  0.0, Max: 0, Diff: 0, Sum: 0, Workers: 4
[3044.082s][debug][gc,phases      ] GC(227)   StringDedup Requests0 Weak     Min:  0.0, Avg:  0.0, Max:  0.0, Diff:  0.0, Sum:  0.0, Workers: 4
[3044.082s][debug][gc,phases      ] GC(227)     Dead                           Min: 0, Avg:  0.0, Max: 0, Diff: 0, Sum: 0, Workers: 4
[3044.082s][debug][gc,phases      ] GC(227)     Total                          Min: 0, Avg:  0.0, Max: 0, Diff: 0, Sum: 0, Workers: 4
[3044.082s][debug][gc,phases      ] GC(227)   StringDedup Requests1 Weak     Min:  0.0, Avg:  0.0, Max:  0.0, Diff:  0.0, Sum:  0.0, Workers: 4
[3044.082s][debug][gc,phases      ] GC(227)     Dead                           Min: 0, Avg:  0.0, Max: 0, Diff: 0, Sum: 0, Workers: 4
[3044.082s][debug][gc,phases      ] GC(227)     Total                          Min: 0, Avg:  0.0, Max: 0, Diff: 0, Sum: 0, Workers: 4
[3044.082s][debug][gc,phases      ] GC(227)   Weak JFR Old Object Samples    Min:  0.0, Avg:  0.0, Max:  0.0, Diff:  0.0, Sum:  0.0, Workers: 4
[3044.082s][debug][gc,phases      ] GC(227)     Dead                           Min: 0, Avg:  0.0, Max: 0, Diff: 0, Sum: 0, Workers: 4
[3044.082s][debug][gc,phases      ] GC(227)     Total                          Min: 0, Avg:  0.0, Max: 0, Diff: 0, Sum: 0, Workers: 4
[3044.082s][debug][gc,phases      ] GC(227) Weak Processing 0.344ms
[3044.082s][debug][gc,age         ] GC(227) Desired survivor size 2097152 bytes, new threshold 15 (max threshold 15)
[3044.082s][info ][gc,heap        ] GC(227) PSYoungGen: 2093184K(2095104K)->128K(2095104K) Eden: 2093056K(2093056K)->0K(2093056K) From: 128K(2048K)->128K(2048K)
[3044.082s][info ][gc,heap        ] GC(227) ParOldGen: 309010K(351232K)->309018K(351232K)
[3044.082s][info ][gc,metaspace   ] GC(227) Metaspace: 85482K(86400K)->85482K(86400K) NonClass: 73007K(73536K)->73007K(73536K) Class: 12474K(12864K)->12474K(12864K)
[3044.082s][info ][gc             ] GC(227) Pause Young (Allocation Failure) 2345M->301M(2389M) 2.490ms
[3044.082s][info ][gc,cpu         ] GC(227) User=0.01s Sys=0.00s Real=0.01s
[3044.082s][info ][safepoint      ] Safepoint "ParallelGCFailedAllocation", Time since last: 31846327931 ns, Reaching safepoint: 8600 ns, Cleanup: 4700 ns, At safepoint: 2558894 ns, Total: 2572194 ns
[3075.881s][info ][gc,start       ] GC(228) Pause Young (Allocation Failure)
[3075.882s][debug][gc,phases      ] GC(228) Scavenge 1.295ms
[3075.883s][debug][gc,ref         ] GC(228) Skipped phase 1 of Reference Processing: no references
[3075.883s][debug][gc,ref         ] GC(228) Skipped phase 2 of Reference Processing: no references
[3075.883s][debug][gc,ref         ] GC(228) Skipped phase 3 of Reference Processing: no references
[3075.883s][debug][gc,ref         ] GC(228) Skipped phase 4 of Reference Processing: no references
[3075.883s][debug][gc,phases      ] GC(228) Reference Processing 0.021ms
[3075.883s][debug][gc,phases      ] GC(228)   VM Weak                        Min:  0.0, Avg:  0.0, Max:  0.0, Diff:  0.0, Sum:  0.0, Workers: 4
[3075.883s][debug][gc,phases      ] GC(228)     Dead                           Min: 0, Avg:  0.0, Max: 0, Diff: 0, Sum: 0, Workers: 4
[3075.883s][debug][gc,phases      ] GC(228)     Total                          Min: 0, Avg: 185.5, Max: 742, Diff: 742, Sum: 742, Workers: 4
[3075.883s][debug][gc,phases      ] GC(228)   ObjectSynchronizer Weak        Min:  0.0, Avg:  0.0, Max:  0.0, Diff:  0.0, Sum:  0.0, Workers: 4
[3075.883s][debug][gc,phases      ] GC(228)     Dead                           Min: 0, Avg:  0.0, Max: 0, Diff: 0, Sum: 0, Workers: 4
[3075.883s][debug][gc,phases      ] GC(228)     Total                          Min: 0, Avg:  0.8, Max: 3, Diff: 3, Sum: 3, Workers: 4
[3075.883s][debug][gc,phases      ] GC(228)   JVMTI Tag Weak OopStorage      Min:  0.0, Avg:  0.0, Max:  0.0, Diff:  0.0, Sum:  0.0, Workers: 4
[3075.883s][debug][gc,phases      ] GC(228)     Dead                           Min: 0, Avg:  0.0, Max: 0, Diff: 0, Sum: 0, Workers: 4
[3075.883s][debug][gc,phases      ] GC(228)     Total                          Min: 0, Avg:  0.0, Max: 0, Diff: 0, Sum: 0, Workers: 4
[3075.883s][debug][gc,phases      ] GC(228)   StringTable Weak               Min:  0.0, Avg:  0.1, Max:  0.1, Diff:  0.1, Sum:  0.4, Workers: 4
[3075.883s][debug][gc,phases      ] GC(228)     Dead                           Min: 0, Avg:  0.0, Max: 0, Diff: 0, Sum: 0, Workers: 4
[3075.883s][debug][gc,phases      ] GC(228)     Total                          Min: 0, Avg: 11030.5, Max: 18907, Diff: 18907, Sum: 44122, Workers: 4
[3075.883s][debug][gc,phases      ] GC(228)   ResolvedMethodTable Weak       Min:  0.0, Avg:  0.0, Max:  0.0, Diff:  0.0, Sum:  0.1, Workers: 4
[3075.883s][debug][gc,phases      ] GC(228)     Dead                           Min: 0, Avg:  0.0, Max: 0, Diff: 0, Sum: 0, Workers: 4
[3075.883s][debug][gc,phases      ] GC(228)     Total                          Min: 0, Avg: 2620.0, Max: 4542, Diff: 4542, Sum: 10480, Workers: 4
[3075.883s][debug][gc,phases      ] GC(228)   JNI Weak                       Min:  0.0, Avg:  0.0, Max:  0.0, Diff:  0.0, Sum:  0.0, Workers: 4
[3075.883s][debug][gc,phases      ] GC(228)     Dead                           Min: 0, Avg:  0.0, Max: 0, Diff: 0, Sum: 0, Workers: 4
[3075.883s][debug][gc,phases      ] GC(228)     Total                          Min: 0, Avg: 11.2, Max: 45, Diff: 45, Sum: 45, Workers: 4
[3075.883s][debug][gc,phases      ] GC(228)   StringDedup Table Weak         Min:  0.0, Avg:  0.0, Max:  0.0, Diff:  0.0, Sum:  0.0, Workers: 4
[3075.883s][debug][gc,phases      ] GC(228)     Dead                           Min: 0, Avg:  0.0, Max: 0, Diff: 0, Sum: 0, Workers: 4
[3075.883s][debug][gc,phases      ] GC(228)     Total                          Min: 0, Avg:  0.0, Max: 0, Diff: 0, Sum: 0, Workers: 4
[3075.883s][debug][gc,phases      ] GC(228)   StringDedup Requests0 Weak     Min:  0.0, Avg:  0.0, Max:  0.0, Diff:  0.0, Sum:  0.0, Workers: 4
[3075.883s][debug][gc,phases      ] GC(228)     Dead                           Min: 0, Avg:  0.0, Max: 0, Diff: 0, Sum: 0, Workers: 4
[3075.883s][debug][gc,phases      ] GC(228)     Total                          Min: 0, Avg:  0.0, Max: 0, Diff: 0, Sum: 0, Workers: 4
[3075.883s][debug][gc,phases      ] GC(228)   StringDedup Requests1 Weak     Min:  0.0, Avg:  0.0, Max:  0.0, Diff:  0.0, Sum:  0.0, Workers: 4
[3075.883s][debug][gc,phases      ] GC(228)     Dead                           Min: 0, Avg:  0.0, Max: 0, Diff: 0, Sum: 0, Workers: 4
[3075.883s][debug][gc,phases      ] GC(228)     Total                          Min: 0, Avg:  0.0, Max: 0, Diff: 0, Sum: 0, Workers: 4
[3075.883s][debug][gc,phases      ] GC(228)   Weak JFR Old Object Samples    Min:  0.0, Avg:  0.0, Max:  0.0, Diff:  0.0, Sum:  0.0, Workers: 4
[3075.883s][debug][gc,phases      ] GC(228)     Dead                           Min: 0, Avg:  0.0, Max: 0, Diff: 0, Sum: 0, Workers: 4
[3075.883s][debug][gc,phases      ] GC(228)     Total                          Min: 0, Avg:  0.0, Max: 0, Diff: 0, Sum: 0, Workers: 4
[3075.883s][debug][gc,phases      ] GC(228) Weak Processing 0.338ms
[3075.883s][debug][gc,age         ] GC(228) Desired survivor size 2097152 bytes, new threshold 15 (max threshold 15)
[3075.883s][info ][gc,heap        ] GC(228) PSYoungGen: 2093184K(2095104K)->128K(2095104K) Eden: 2093056K(2093056K)->0K(2093056K) From: 128K(2048K)->128K(2048K)
[3075.883s][info ][gc,heap        ] GC(228) ParOldGen: 309018K(351232K)->309026K(351232K)
[3075.883s][info ][gc,metaspace   ] GC(228) Metaspace: 85482K(86400K)->85482K(86400K) NonClass: 73008K(73536K)->73008K(73536K) Class: 12474K(12864K)->12474K(12864K)
[3075.883s][info ][gc             ] GC(228) Pause Young (Allocation Failure) 2345M->301M(2389M) 1.740ms
[3075.883s][info ][gc,cpu         ] GC(228) User=0.00s Sys=0.00s Real=0.00s
[3075.883s][info ][safepoint      ] Safepoint "ParallelGCFailedAllocation", Time since last: 31798922267 ns, Reaching safepoint: 4300 ns, Cleanup: 4200 ns, At safepoint: 1821195 ns, Total: 1829695 ns
[3107.682s][info ][gc,start       ] GC(229) Pause Young (Allocation Failure)
[3107.684s][debug][gc,phases      ] GC(229) Scavenge 2.278ms
[3107.684s][debug][gc,ref         ] GC(229) Skipped phase 1 of Reference Processing: no references
[3107.684s][debug][gc,ref         ] GC(229) Skipped phase 2 of Reference Processing: no references
[3107.684s][debug][gc,ref         ] GC(229) Skipped phase 3 of Reference Processing: no references
[3107.684s][debug][gc,ref         ] GC(229) Skipped phase 4 of Reference Processing: no references
[3107.684s][debug][gc,phases      ] GC(229) Reference Processing 0.021ms
[3107.684s][debug][gc,phases      ] GC(229)   VM Weak                        Min:  0.0, Avg:  0.0, Max:  0.0, Diff:  0.0, Sum:  0.0, Workers: 4
[3107.684s][debug][gc,phases      ] GC(229)     Dead                           Min: 0, Avg:  0.0, Max: 0, Diff: 0, Sum: 0, Workers: 4
[3107.684s][debug][gc,phases      ] GC(229)     Total                          Min: 0, Avg: 185.5, Max: 384, Diff: 384, Sum: 742, Workers: 4
[3107.684s][debug][gc,phases      ] GC(229)   ObjectSynchronizer Weak        Min:  0.0, Avg:  0.0, Max:  0.0, Diff:  0.0, Sum:  0.0, Workers: 4
[3107.684s][debug][gc,phases      ] GC(229)     Dead                           Min: 0, Avg:  0.0, Max: 0, Diff: 0, Sum: 0, Workers: 4
[3107.684s][debug][gc,phases      ] GC(229)     Total                          Min: 0, Avg:  0.8, Max: 3, Diff: 3, Sum: 3, Workers: 4
[3107.684s][debug][gc,phases      ] GC(229)   JVMTI Tag Weak OopStorage      Min:  0.0, Avg:  0.0, Max:  0.0, Diff:  0.0, Sum:  0.0, Workers: 4
[3107.684s][debug][gc,phases      ] GC(229)     Dead                           Min: 0, Avg:  0.0, Max: 0, Diff: 0, Sum: 0, Workers: 4
[3107.684s][debug][gc,phases      ] GC(229)     Total                          Min: 0, Avg:  0.0, Max: 0, Diff: 0, Sum: 0, Workers: 4
[3107.684s][debug][gc,phases      ] GC(229)   StringTable Weak               Min:  0.0, Avg:  0.1, Max:  0.1, Diff:  0.1, Sum:  0.4, Workers: 4
[3107.684s][debug][gc,phases      ] GC(229)     Dead                           Min: 0, Avg:  0.0, Max: 0, Diff: 0, Sum: 0, Workers: 4
[3107.684s][debug][gc,phases      ] GC(229)     Total                          Min: 0, Avg: 11030.5, Max: 18046, Diff: 18046, Sum: 44122, Workers: 4
[3107.684s][debug][gc,phases      ] GC(229)   ResolvedMethodTable Weak       Min:  0.0, Avg:  0.0, Max:  0.0, Diff:  0.0, Sum:  0.1, Workers: 4
[3107.684s][debug][gc,phases      ] GC(229)     Dead                           Min: 0, Avg:  0.0, Max: 0, Diff: 0, Sum: 0, Workers: 4
[3107.684s][debug][gc,phases      ] GC(229)     Total                          Min: 0, Avg: 2620.0, Max: 4530, Diff: 4530, Sum: 10480, Workers: 4
[3107.684s][debug][gc,phases      ] GC(229)   JNI Weak                       Min:  0.0, Avg:  0.0, Max:  0.0, Diff:  0.0, Sum:  0.0, Workers: 4
[3107.684s][debug][gc,phases      ] GC(229)     Dead                           Min: 0, Avg:  0.0, Max: 0, Diff: 0, Sum: 0, Workers: 4
[3107.684s][debug][gc,phases      ] GC(229)     Total                          Min: 0, Avg: 11.2, Max: 45, Diff: 45, Sum: 45, Workers: 4
[3107.684s][debug][gc,phases      ] GC(229)   StringDedup Table Weak         Min:  0.0, Avg:  0.0, Max:  0.0, Diff:  0.0, Sum:  0.0, Workers: 4
[3107.684s][debug][gc,phases      ] GC(229)     Dead                           Min: 0, Avg:  0.0, Max: 0, Diff: 0, Sum: 0, Workers: 4
[3107.684s][debug][gc,phases      ] GC(229)     Total                          Min: 0, Avg:  0.0, Max: 0, Diff: 0, Sum: 0, Workers: 4
[3107.684s][debug][gc,phases      ] GC(229)   StringDedup Requests0 Weak     Min:  0.0, Avg:  0.0, Max:  0.0, Diff:  0.0, Sum:  0.0, Workers: 4
[3107.684s][debug][gc,phases      ] GC(229)     Dead                           Min: 0, Avg:  0.0, Max: 0, Diff: 0, Sum: 0, Workers: 4
[3107.684s][debug][gc,phases      ] GC(229)     Total                          Min: 0, Avg:  0.0, Max: 0, Diff: 0, Sum: 0, Workers: 4
[3107.684s][debug][gc,phases      ] GC(229)   StringDedup Requests1 Weak     Min:  0.0, Avg:  0.0, Max:  0.0, Diff:  0.0, Sum:  0.0, Workers: 4
[3107.684s][debug][gc,phases      ] GC(229)     Dead                           Min: 0, Avg:  0.0, Max: 0, Diff: 0, Sum: 0, Workers: 4
[3107.684s][debug][gc,phases      ] GC(229)     Total                          Min: 0, Avg:  0.0, Max: 0, Diff: 0, Sum: 0, Workers: 4
[3107.684s][debug][gc,phases      ] GC(229)   Weak JFR Old Object Samples    Min:  0.0, Avg:  0.0, Max:  0.0, Diff:  0.0, Sum:  0.0, Workers: 4
[3107.684s][debug][gc,phases      ] GC(229)     Dead                           Min: 0, Avg:  0.0, Max: 0, Diff: 0, Sum: 0, Workers: 4
[3107.684s][debug][gc,phases      ] GC(229)     Total                          Min: 0, Avg:  0.0, Max: 0, Diff: 0, Sum: 0, Workers: 4
[3107.684s][debug][gc,phases      ] GC(229) Weak Processing 0.350ms
[3107.684s][debug][gc,age         ] GC(229) Desired survivor size 2097152 bytes, new threshold 15 (max threshold 15)
[3107.684s][info ][gc,heap        ] GC(229) PSYoungGen: 2093184K(2095104K)->128K(2095104K) Eden: 2093056K(2093056K)->0K(2093056K) From: 128K(2048K)->128K(2048K)
[3107.684s][info ][gc,heap        ] GC(229) ParOldGen: 309026K(351232K)->309034K(351232K)
[3107.684s][info ][gc,metaspace   ] GC(229) Metaspace: 85484K(86400K)->85484K(86400K) NonClass: 73010K(73536K)->73010K(73536K) Class: 12474K(12864K)->12474K(12864K)
[3107.684s][info ][gc             ] GC(229) Pause Young (Allocation Failure) 2345M->301M(2389M) 2.732ms
[3107.684s][info ][gc,cpu         ] GC(229) User=0.01s Sys=0.00s Real=0.00s
[3107.684s][info ][safepoint      ] Safepoint "ParallelGCFailedAllocation", Time since last: 31798727946 ns, Reaching safepoint: 4700 ns, Cleanup: 3900 ns, At safepoint: 2812493 ns, Total: 2821093 ns
[3139.530s][info ][gc,start       ] GC(230) Pause Young (Allocation Failure)
[3139.532s][debug][gc,phases      ] GC(230) Scavenge 2.038ms
[3139.532s][debug][gc,ref         ] GC(230) Skipped phase 1 of Reference Processing: no references
[3139.532s][debug][gc,ref         ] GC(230) Skipped phase 2 of Reference Processing: no references
[3139.532s][debug][gc,ref         ] GC(230) Skipped phase 3 of Reference Processing: no references
[3139.532s][debug][gc,ref         ] GC(230) Skipped phase 4 of Reference Processing: no references
[3139.532s][debug][gc,phases      ] GC(230) Reference Processing 0.021ms
[3139.532s][debug][gc,phases      ] GC(230)   VM Weak                        Min:  0.0, Avg:  0.0, Max:  0.0, Diff:  0.0, Sum:  0.0, Workers: 4
[3139.532s][debug][gc,phases      ] GC(230)     Dead                           Min: 0, Avg:  0.0, Max: 0, Diff: 0, Sum: 0, Workers: 4
[3139.532s][debug][gc,phases      ] GC(230)     Total                          Min: 0, Avg: 185.5, Max: 742, Diff: 742, Sum: 742, Workers: 4
[3139.532s][debug][gc,phases      ] GC(230)   ObjectSynchronizer Weak        Min:  0.0, Avg:  0.0, Max:  0.0, Diff:  0.0, Sum:  0.0, Workers: 4
[3139.532s][debug][gc,phases      ] GC(230)     Dead                           Min: 0, Avg:  0.0, Max: 0, Diff: 0, Sum: 0, Workers: 4
[3139.532s][debug][gc,phases      ] GC(230)     Total                          Min: 0, Avg:  0.8, Max: 3, Diff: 3, Sum: 3, Workers: 4
[3139.532s][debug][gc,phases      ] GC(230)   JVMTI Tag Weak OopStorage      Min:  0.0, Avg:  0.0, Max:  0.0, Diff:  0.0, Sum:  0.0, Workers: 4
[3139.532s][debug][gc,phases      ] GC(230)     Dead                           Min: 0, Avg:  0.0, Max: 0, Diff: 0, Sum: 0, Workers: 4
[3139.532s][debug][gc,phases      ] GC(230)     Total                          Min: 0, Avg:  0.0, Max: 0, Diff: 0, Sum: 0, Workers: 4
[3139.532s][debug][gc,phases      ] GC(230)   StringTable Weak               Min:  0.0, Avg:  0.1, Max:  0.1, Diff:  0.1, Sum:  0.4, Workers: 4
[3139.532s][debug][gc,phases      ] GC(230)     Dead                           Min: 0, Avg:  0.0, Max: 0, Diff: 0, Sum: 0, Workers: 4
[3139.532s][debug][gc,phases      ] GC(230)     Total                          Min: 0, Avg: 11030.5, Max: 19135, Diff: 19135, Sum: 44122, Workers: 4
[3139.532s][debug][gc,phases      ] GC(230)   ResolvedMethodTable Weak       Min:  0.0, Avg:  0.0, Max:  0.0, Diff:  0.0, Sum:  0.1, Workers: 4
[3139.532s][debug][gc,phases      ] GC(230)     Dead                           Min: 0, Avg:  0.0, Max: 0, Diff: 0, Sum: 0, Workers: 4
[3139.532s][debug][gc,phases      ] GC(230)     Total                          Min: 0, Avg: 2620.0, Max: 4734, Diff: 4734, Sum: 10480, Workers: 4
[3139.532s][debug][gc,phases      ] GC(230)   JNI Weak                       Min:  0.0, Avg:  0.0, Max:  0.0, Diff:  0.0, Sum:  0.0, Workers: 4
[3139.532s][debug][gc,phases      ] GC(230)     Dead                           Min: 0, Avg:  0.0, Max: 0, Diff: 0, Sum: 0, Workers: 4
[3139.532s][debug][gc,phases      ] GC(230)     Total                          Min: 0, Avg: 11.2, Max: 45, Diff: 45, Sum: 45, Workers: 4
[3139.532s][debug][gc,phases      ] GC(230)   StringDedup Table Weak         Min:  0.0, Avg:  0.0, Max:  0.0, Diff:  0.0, Sum:  0.0, Workers: 4
[3139.532s][debug][gc,phases      ] GC(230)     Dead                           Min: 0, Avg:  0.0, Max: 0, Diff: 0, Sum: 0, Workers: 4
[3139.532s][debug][gc,phases      ] GC(230)     Total                          Min: 0, Avg:  0.0, Max: 0, Diff: 0, Sum: 0, Workers: 4
[3139.532s][debug][gc,phases      ] GC(230)   StringDedup Requests0 Weak     Min:  0.0, Avg:  0.0, Max:  0.0, Diff:  0.0, Sum:  0.0, Workers: 4
[3139.532s][debug][gc,phases      ] GC(230)     Dead                           Min: 0, Avg:  0.0, Max: 0, Diff: 0, Sum: 0, Workers: 4
[3139.532s][debug][gc,phases      ] GC(230)     Total                          Min: 0, Avg:  0.0, Max: 0, Diff: 0, Sum: 0, Workers: 4
[3139.532s][debug][gc,phases      ] GC(230)   StringDedup Requests1 Weak     Min:  0.0, Avg:  0.0, Max:  0.0, Diff:  0.0, Sum:  0.0, Workers: 4
[3139.532s][debug][gc,phases      ] GC(230)     Dead                           Min: 0, Avg:  0.0, Max: 0, Diff: 0, Sum: 0, Workers: 4
[3139.532s][debug][gc,phases      ] GC(230)     Total                          Min: 0, Avg:  0.0, Max: 0, Diff: 0, Sum: 0, Workers: 4
[3139.532s][debug][gc,phases      ] GC(230)   Weak JFR Old Object Samples    Min:  0.0, Avg:  0.0, Max:  0.0, Diff:  0.0, Sum:  0.0, Workers: 4
[3139.532s][debug][gc,phases      ] GC(230)     Dead                           Min: 0, Avg:  0.0, Max: 0, Diff: 0, Sum: 0, Workers: 4
[3139.532s][debug][gc,phases      ] GC(230)     Total                          Min: 0, Avg:  0.0, Max: 0, Diff: 0, Sum: 0, Workers: 4
[3139.532s][debug][gc,phases      ] GC(230) Weak Processing 0.337ms
[3139.532s][debug][gc,age         ] GC(230) Desired survivor size 2097152 bytes, new threshold 15 (max threshold 15)
[3139.532s][info ][gc,heap        ] GC(230) PSYoungGen: 2093184K(2095104K)->128K(2095104K) Eden: 2093056K(2093056K)->0K(2093056K) From: 128K(2048K)->128K(2048K)
[3139.532s][info ][gc,heap        ] GC(230) ParOldGen: 309034K(351232K)->309042K(351232K)
[3139.532s][info ][gc,metaspace   ] GC(230) Metaspace: 85484K(86400K)->85484K(86400K) NonClass: 73010K(73536K)->73010K(73536K) Class: 12474K(12864K)->12474K(12864K)
[3139.532s][info ][gc             ] GC(230) Pause Young (Allocation Failure) 2345M->301M(2389M) 2.490ms
[3139.532s][info ][gc,cpu         ] GC(230) User=0.00s Sys=0.00s Real=0.01s
[3139.532s][info ][safepoint      ] Safepoint "ParallelGCFailedAllocation", Time since last: 31845385809 ns, Reaching safepoint: 4400 ns, Cleanup: 3800 ns, At safepoint: 2568894 ns, Total: 2577094 ns
[3171.331s][info ][gc,start       ] GC(231) Pause Young (Allocation Failure)
[3171.333s][debug][gc,phases      ] GC(231) Scavenge 1.312ms
[3171.333s][debug][gc,ref         ] GC(231) Skipped phase 1 of Reference Processing: no references
[3171.333s][debug][gc,ref         ] GC(231) Skipped phase 2 of Reference Processing: no references
[3171.333s][debug][gc,ref         ] GC(231) Skipped phase 3 of Reference Processing: no references
[3171.333s][debug][gc,ref         ] GC(231) Skipped phase 4 of Reference Processing: no references
[3171.333s][debug][gc,phases      ] GC(231) Reference Processing 0.021ms
[3171.333s][debug][gc,phases      ] GC(231)   VM Weak                        Min:  0.0, Avg:  0.0, Max:  0.0, Diff:  0.0, Sum:  0.0, Workers: 4
[3171.333s][debug][gc,phases      ] GC(231)     Dead                           Min: 0, Avg:  0.0, Max: 0, Diff: 0, Sum: 0, Workers: 4
[3171.333s][debug][gc,phases      ] GC(231)     Total                          Min: 0, Avg: 185.5, Max: 486, Diff: 486, Sum: 742, Workers: 4
[3171.333s][debug][gc,phases      ] GC(231)   ObjectSynchronizer Weak        Min:  0.0, Avg:  0.0, Max:  0.0, Diff:  0.0, Sum:  0.0, Workers: 4
[3171.333s][debug][gc,phases      ] GC(231)     Dead                           Min: 0, Avg:  0.0, Max: 0, Diff: 0, Sum: 0, Workers: 4
[3171.333s][debug][gc,phases      ] GC(231)     Total                          Min: 0, Avg:  0.8, Max: 3, Diff: 3, Sum: 3, Workers: 4
[3171.333s][debug][gc,phases      ] GC(231)   JVMTI Tag Weak OopStorage      Min:  0.0, Avg:  0.0, Max:  0.0, Diff:  0.0, Sum:  0.0, Workers: 4
[3171.333s][debug][gc,phases      ] GC(231)     Dead                           Min: 0, Avg:  0.0, Max: 0, Diff: 0, Sum: 0, Workers: 4
[3171.333s][debug][gc,phases      ] GC(231)     Total                          Min: 0, Avg:  0.0, Max: 0, Diff: 0, Sum: 0, Workers: 4
[3171.333s][debug][gc,phases      ] GC(231)   StringTable Weak               Min:  0.1, Avg:  0.1, Max:  0.1, Diff:  0.0, Sum:  0.5, Workers: 4
[3171.333s][debug][gc,phases      ] GC(231)     Dead                           Min: 0, Avg:  0.0, Max: 0, Diff: 0, Sum: 0, Workers: 4
[3171.333s][debug][gc,phases      ] GC(231)     Total                          Min: 10623, Avg: 11030.5, Max: 11419, Diff: 796, Sum: 44122, Workers: 4
[3171.333s][debug][gc,phases      ] GC(231)   ResolvedMethodTable Weak       Min:  0.0, Avg:  0.0, Max:  0.0, Diff:  0.0, Sum:  0.1, Workers: 4
[3171.333s][debug][gc,phases      ] GC(231)     Dead                           Min: 0, Avg:  0.0, Max: 0, Diff: 0, Sum: 0, Workers: 4
[3171.333s][debug][gc,phases      ] GC(231)     Total                          Min: 2482, Avg: 2620.0, Max: 2816, Diff: 334, Sum: 10480, Workers: 4
[3171.333s][debug][gc,phases      ] GC(231)   JNI Weak                       Min:  0.0, Avg:  0.0, Max:  0.0, Diff:  0.0, Sum:  0.0, Workers: 4
[3171.333s][debug][gc,phases      ] GC(231)     Dead                           Min: 0, Avg:  0.0, Max: 0, Diff: 0, Sum: 0, Workers: 4
[3171.333s][debug][gc,phases      ] GC(231)     Total                          Min: 0, Avg: 11.2, Max: 45, Diff: 45, Sum: 45, Workers: 4
[3171.333s][debug][gc,phases      ] GC(231)   StringDedup Table Weak         Min:  0.0, Avg:  0.0, Max:  0.0, Diff:  0.0, Sum:  0.0, Workers: 4
[3171.333s][debug][gc,phases      ] GC(231)     Dead                           Min: 0, Avg:  0.0, Max: 0, Diff: 0, Sum: 0, Workers: 4
[3171.333s][debug][gc,phases      ] GC(231)     Total                          Min: 0, Avg:  0.0, Max: 0, Diff: 0, Sum: 0, Workers: 4
[3171.333s][debug][gc,phases      ] GC(231)   StringDedup Requests0 Weak     Min:  0.0, Avg:  0.0, Max:  0.0, Diff:  0.0, Sum:  0.0, Workers: 4
[3171.333s][debug][gc,phases      ] GC(231)     Dead                           Min: 0, Avg:  0.0, Max: 0, Diff: 0, Sum: 0, Workers: 4
[3171.333s][debug][gc,phases      ] GC(231)     Total                          Min: 0, Avg:  0.0, Max: 0, Diff: 0, Sum: 0, Workers: 4
[3171.333s][debug][gc,phases      ] GC(231)   StringDedup Requests1 Weak     Min:  0.0, Avg:  0.0, Max:  0.0, Diff:  0.0, Sum:  0.0, Workers: 4
[3171.333s][debug][gc,phases      ] GC(231)     Dead                           Min: 0, Avg:  0.0, Max: 0, Diff: 0, Sum: 0, Workers: 4
[3171.333s][debug][gc,phases      ] GC(231)     Total                          Min: 0, Avg:  0.0, Max: 0, Diff: 0, Sum: 0, Workers: 4
[3171.333s][debug][gc,phases      ] GC(231)   Weak JFR Old Object Samples    Min:  0.0, Avg:  0.0, Max:  0.0, Diff:  0.0, Sum:  0.0, Workers: 4
[3171.333s][debug][gc,phases      ] GC(231)     Dead                           Min: 0, Avg:  0.0, Max: 0, Diff: 0, Sum: 0, Workers: 4
[3171.333s][debug][gc,phases      ] GC(231)     Total                          Min: 0, Avg:  0.0, Max: 0, Diff: 0, Sum: 0, Workers: 4
[3171.333s][debug][gc,phases      ] GC(231) Weak Processing 0.326ms
[3171.333s][debug][gc,age         ] GC(231) Desired survivor size 2097152 bytes, new threshold 15 (max threshold 15)
[3171.333s][info ][gc,heap        ] GC(231) PSYoungGen: 2093184K(2095104K)->128K(2095104K) Eden: 2093056K(2093056K)->0K(2093056K) From: 128K(2048K)->128K(2048K)
[3171.333s][info ][gc,heap        ] GC(231) ParOldGen: 309042K(351232K)->309058K(351232K)
[3171.333s][info ][gc,metaspace   ] GC(231) Metaspace: 85484K(86400K)->85484K(86400K) NonClass: 73010K(73536K)->73010K(73536K) Class: 12474K(12864K)->12474K(12864K)
[3171.333s][info ][gc             ] GC(231) Pause Young (Allocation Failure) 2345M->301M(2389M) 1.754ms
[3171.333s][info ][gc,cpu         ] GC(231) User=0.01s Sys=0.00s Real=0.01s
[3171.333s][info ][safepoint      ] Safepoint "ParallelGCFailedAllocation", Time since last: 31798733058 ns, Reaching safepoint: 4600 ns, Cleanup: 3500 ns, At safepoint: 1835895 ns, Total: 1843995 ns
[3203.179s][info ][gc,start       ] GC(232) Pause Young (Allocation Failure)
[3203.182s][debug][gc,phases      ] GC(232) Scavenge 2.081ms
[3203.182s][debug][gc,ref         ] GC(232) Skipped phase 1 of Reference Processing: no references
[3203.182s][debug][gc,ref         ] GC(232) Skipped phase 2 of Reference Processing: no references
[3203.182s][debug][gc,ref         ] GC(232) Skipped phase 3 of Reference Processing: no references
[3203.182s][debug][gc,ref         ] GC(232) Skipped phase 4 of Reference Processing: no references
[3203.182s][debug][gc,phases      ] GC(232) Reference Processing 0.020ms
[3203.182s][debug][gc,phases      ] GC(232)   VM Weak                        Min:  0.0, Avg:  0.0, Max:  0.0, Diff:  0.0, Sum:  0.0, Workers: 4
[3203.182s][debug][gc,phases      ] GC(232)     Dead                           Min: 0, Avg:  0.0, Max: 0, Diff: 0, Sum: 0, Workers: 4
[3203.182s][debug][gc,phases      ] GC(232)     Total                          Min: 0, Avg: 185.5, Max: 640, Diff: 640, Sum: 742, Workers: 4
[3203.182s][debug][gc,phases      ] GC(232)   ObjectSynchronizer Weak        Min:  0.0, Avg:  0.0, Max:  0.0, Diff:  0.0, Sum:  0.0, Workers: 4
[3203.182s][debug][gc,phases      ] GC(232)     Dead                           Min: 0, Avg:  0.0, Max: 0, Diff: 0, Sum: 0, Workers: 4
[3203.182s][debug][gc,phases      ] GC(232)     Total                          Min: 0, Avg:  0.8, Max: 3, Diff: 3, Sum: 3, Workers: 4
[3203.182s][debug][gc,phases      ] GC(232)   JVMTI Tag Weak OopStorage      Min:  0.0, Avg:  0.0, Max:  0.0, Diff:  0.0, Sum:  0.0, Workers: 4
[3203.182s][debug][gc,phases      ] GC(232)     Dead                           Min: 0, Avg:  0.0, Max: 0, Diff: 0, Sum: 0, Workers: 4
[3203.182s][debug][gc,phases      ] GC(232)     Total                          Min: 0, Avg:  0.0, Max: 0, Diff: 0, Sum: 0, Workers: 4
[3203.182s][debug][gc,phases      ] GC(232)   StringTable Weak               Min:  0.0, Avg:  0.1, Max:  0.1, Diff:  0.1, Sum:  0.4, Workers: 4
[3203.182s][debug][gc,phases      ] GC(232)     Dead                           Min: 0, Avg:  0.0, Max: 0, Diff: 0, Sum: 0, Workers: 4
[3203.182s][debug][gc,phases      ] GC(232)     Total                          Min: 0, Avg: 11030.5, Max: 18303, Diff: 18303, Sum: 44122, Workers: 4
[3203.182s][debug][gc,phases      ] GC(232)   ResolvedMethodTable Weak       Min:  0.0, Avg:  0.0, Max:  0.0, Diff:  0.0, Sum:  0.1, Workers: 4
[3203.182s][debug][gc,phases      ] GC(232)     Dead                           Min: 0, Avg:  0.0, Max: 0, Diff: 0, Sum: 0, Workers: 4
[3203.182s][debug][gc,phases      ] GC(232)     Total                          Min: 0, Avg: 2620.0, Max: 4658, Diff: 4658, Sum: 10480, Workers: 4
[3203.182s][debug][gc,phases      ] GC(232)   JNI Weak                       Min:  0.0, Avg:  0.0, Max:  0.0, Diff:  0.0, Sum:  0.0, Workers: 4
[3203.182s][debug][gc,phases      ] GC(232)     Dead                           Min: 0, Avg:  0.0, Max: 0, Diff: 0, Sum: 0, Workers: 4
[3203.182s][debug][gc,phases      ] GC(232)     Total                          Min: 0, Avg: 11.2, Max: 45, Diff: 45, Sum: 45, Workers: 4
[3203.182s][debug][gc,phases      ] GC(232)   StringDedup Table Weak         Min:  0.0, Avg:  0.0, Max:  0.0, Diff:  0.0, Sum:  0.0, Workers: 4
[3203.182s][debug][gc,phases      ] GC(232)     Dead                           Min: 0, Avg:  0.0, Max: 0, Diff: 0, Sum: 0, Workers: 4
[3203.182s][debug][gc,phases      ] GC(232)     Total                          Min: 0, Avg:  0.0, Max: 0, Diff: 0, Sum: 0, Workers: 4
[3203.182s][debug][gc,phases      ] GC(232)   StringDedup Requests0 Weak     Min:  0.0, Avg:  0.0, Max:  0.0, Diff:  0.0, Sum:  0.0, Workers: 4
[3203.182s][debug][gc,phases      ] GC(232)     Dead                           Min: 0, Avg:  0.0, Max: 0, Diff: 0, Sum: 0, Workers: 4
[3203.182s][debug][gc,phases      ] GC(232)     Total                          Min: 0, Avg:  0.0, Max: 0, Diff: 0, Sum: 0, Workers: 4
[3203.182s][debug][gc,phases      ] GC(232)   StringDedup Requests1 Weak     Min:  0.0, Avg:  0.0, Max:  0.0, Diff:  0.0, Sum:  0.0, Workers: 4
[3203.182s][debug][gc,phases      ] GC(232)     Dead                           Min: 0, Avg:  0.0, Max: 0, Diff: 0, Sum: 0, Workers: 4
[3203.182s][debug][gc,phases      ] GC(232)     Total                          Min: 0, Avg:  0.0, Max: 0, Diff: 0, Sum: 0, Workers: 4
[3203.182s][debug][gc,phases      ] GC(232)   Weak JFR Old Object Samples    Min:  0.0, Avg:  0.0, Max:  0.0, Diff:  0.0, Sum:  0.0, Workers: 4
[3203.182s][debug][gc,phases      ] GC(232)     Dead                           Min: 0, Avg:  0.0, Max: 0, Diff: 0, Sum: 0, Workers: 4
[3203.182s][debug][gc,phases      ] GC(232)     Total                          Min: 0, Avg:  0.0, Max: 0, Diff: 0, Sum: 0, Workers: 4
[3203.182s][debug][gc,phases      ] GC(232) Weak Processing 0.342ms
[3203.182s][debug][gc,age         ] GC(232) Desired survivor size 2097152 bytes, new threshold 15 (max threshold 15)
[3203.182s][info ][gc,heap        ] GC(232) PSYoungGen: 2093184K(2095104K)->128K(2095104K) Eden: 2093056K(2093056K)->0K(2093056K) From: 128K(2048K)->128K(2048K)
[3203.182s][info ][gc,heap        ] GC(232) ParOldGen: 309058K(351232K)->309066K(351232K)
[3203.182s][info ][gc,metaspace   ] GC(232) Metaspace: 85484K(86400K)->85484K(86400K) NonClass: 73010K(73536K)->73010K(73536K) Class: 12474K(12864K)->12474K(12864K)
[3203.182s][info ][gc             ] GC(232) Pause Young (Allocation Failure) 2345M->301M(2389M) 2.533ms
[3203.182s][info ][gc,cpu         ] GC(232) User=0.01s Sys=0.00s Real=0.01s
[3203.182s][info ][safepoint      ] Safepoint "ParallelGCFailedAllocation", Time since last: 31846408664 ns, Reaching safepoint: 4100 ns, Cleanup: 3900 ns, At safepoint: 2621296 ns, Total: 2629296 ns
[3234.981s][info ][gc,start       ] GC(233) Pause Young (Allocation Failure)
[3234.982s][debug][gc,phases      ] GC(233) Scavenge 1.432ms
[3234.982s][debug][gc,ref         ] GC(233) Skipped phase 1 of Reference Processing: no references
[3234.982s][debug][gc,ref         ] GC(233) Skipped phase 2 of Reference Processing: no references
[3234.982s][debug][gc,ref         ] GC(233) Skipped phase 3 of Reference Processing: no references
[3234.982s][debug][gc,ref         ] GC(233) Skipped phase 4 of Reference Processing: no references
[3234.982s][debug][gc,phases      ] GC(233) Reference Processing 0.019ms
[3234.982s][debug][gc,phases      ] GC(233)   VM Weak                        Min:  0.0, Avg:  0.0, Max:  0.0, Diff:  0.0, Sum:  0.0, Workers: 4
[3234.982s][debug][gc,phases      ] GC(233)     Dead                           Min: 0, Avg:  0.0, Max: 0, Diff: 0, Sum: 0, Workers: 4
[3234.983s][debug][gc,phases      ] GC(233)     Total                          Min: 0, Avg: 185.5, Max: 512, Diff: 512, Sum: 742, Workers: 4
[3234.983s][debug][gc,phases      ] GC(233)   ObjectSynchronizer Weak        Min:  0.0, Avg:  0.0, Max:  0.0, Diff:  0.0, Sum:  0.0, Workers: 4
[3234.983s][debug][gc,phases      ] GC(233)     Dead                           Min: 0, Avg:  0.0, Max: 0, Diff: 0, Sum: 0, Workers: 4
[3234.983s][debug][gc,phases      ] GC(233)     Total                          Min: 0, Avg:  0.8, Max: 3, Diff: 3, Sum: 3, Workers: 4
[3234.983s][debug][gc,phases      ] GC(233)   JVMTI Tag Weak OopStorage      Min:  0.0, Avg:  0.0, Max:  0.0, Diff:  0.0, Sum:  0.0, Workers: 4
[3234.983s][debug][gc,phases      ] GC(233)     Dead                           Min: 0, Avg:  0.0, Max: 0, Diff: 0, Sum: 0, Workers: 4
[3234.983s][debug][gc,phases      ] GC(233)     Total                          Min: 0, Avg:  0.0, Max: 0, Diff: 0, Sum: 0, Workers: 4
[3234.983s][debug][gc,phases      ] GC(233)   StringTable Weak               Min:  0.1, Avg:  0.1, Max:  0.1, Diff:  0.0, Sum:  0.4, Workers: 4
[3234.983s][debug][gc,phases      ] GC(233)     Dead                           Min: 0, Avg:  0.0, Max: 0, Diff: 0, Sum: 0, Workers: 4
[3234.983s][debug][gc,phases      ] GC(233)     Total                          Min: 10751, Avg: 11030.5, Max: 11420, Diff: 669, Sum: 44122, Workers: 4
[3234.983s][debug][gc,phases      ] GC(233)   ResolvedMethodTable Weak       Min:  0.0, Avg:  0.0, Max:  0.0, Diff:  0.0, Sum:  0.1, Workers: 4
[3234.983s][debug][gc,phases      ] GC(233)     Dead                           Min: 0, Avg:  0.0, Max: 0, Diff: 0, Sum: 0, Workers: 4
[3234.983s][debug][gc,phases      ] GC(233)     Total                          Min: 2496, Avg: 2620.0, Max: 2814, Diff: 318, Sum: 10480, Workers: 4
[3234.983s][debug][gc,phases      ] GC(233)   JNI Weak                       Min:  0.0, Avg:  0.0, Max:  0.0, Diff:  0.0, Sum:  0.0, Workers: 4
[3234.983s][debug][gc,phases      ] GC(233)     Dead                           Min: 0, Avg:  0.0, Max: 0, Diff: 0, Sum: 0, Workers: 4
[3234.983s][debug][gc,phases      ] GC(233)     Total                          Min: 0, Avg: 11.2, Max: 45, Diff: 45, Sum: 45, Workers: 4
[3234.983s][debug][gc,phases      ] GC(233)   StringDedup Table Weak         Min:  0.0, Avg:  0.0, Max:  0.0, Diff:  0.0, Sum:  0.0, Workers: 4
[3234.983s][debug][gc,phases      ] GC(233)     Dead                           Min: 0, Avg:  0.0, Max: 0, Diff: 0, Sum: 0, Workers: 4
[3234.983s][debug][gc,phases      ] GC(233)     Total                          Min: 0, Avg:  0.0, Max: 0, Diff: 0, Sum: 0, Workers: 4
[3234.983s][debug][gc,phases      ] GC(233)   StringDedup Requests0 Weak     Min:  0.0, Avg:  0.0, Max:  0.0, Diff:  0.0, Sum:  0.0, Workers: 4
[3234.983s][debug][gc,phases      ] GC(233)     Dead                           Min: 0, Avg:  0.0, Max: 0, Diff: 0, Sum: 0, Workers: 4
[3234.983s][debug][gc,phases      ] GC(233)     Total                          Min: 0, Avg:  0.0, Max: 0, Diff: 0, Sum: 0, Workers: 4
[3234.983s][debug][gc,phases      ] GC(233)   StringDedup Requests1 Weak     Min:  0.0, Avg:  0.0, Max:  0.0, Diff:  0.0, Sum:  0.0, Workers: 4
[3234.983s][debug][gc,phases      ] GC(233)     Dead                           Min: 0, Avg:  0.0, Max: 0, Diff: 0, Sum: 0, Workers: 4
[3234.983s][debug][gc,phases      ] GC(233)     Total                          Min: 0, Avg:  0.0, Max: 0, Diff: 0, Sum: 0, Workers: 4
[3234.983s][debug][gc,phases      ] GC(233)   Weak JFR Old Object Samples    Min:  0.0, Avg:  0.0, Max:  0.0, Diff:  0.0, Sum:  0.0, Workers: 4
[3234.983s][debug][gc,phases      ] GC(233)     Dead                           Min: 0, Avg:  0.0, Max: 0, Diff: 0, Sum: 0, Workers: 4
[3234.983s][debug][gc,phases      ] GC(233)     Total                          Min: 0, Avg:  0.0, Max: 0, Diff: 0, Sum: 0, Workers: 4
[3234.983s][debug][gc,phases      ] GC(233) Weak Processing 0.317ms
[3234.983s][debug][gc,age         ] GC(233) Desired survivor size 1572864 bytes, new threshold 15 (max threshold 15)
[3234.983s][info ][gc,heap        ] GC(233) PSYoungGen: 2093184K(2095104K)->96K(2095104K) Eden: 2093056K(2093056K)->0K(2093056K) From: 128K(2048K)->96K(2048K)
[3234.983s][info ][gc,heap        ] GC(233) ParOldGen: 309066K(351232K)->309074K(351232K)
[3234.983s][info ][gc,metaspace   ] GC(233) Metaspace: 85484K(86400K)->85484K(86400K) NonClass: 73010K(73536K)->73010K(73536K) Class: 12474K(12864K)->12474K(12864K)
[3234.983s][info ][gc             ] GC(233) Pause Young (Allocation Failure) 2345M->301M(2389M) 1.860ms
[3234.983s][info ][gc,cpu         ] GC(233) User=0.00s Sys=0.00s Real=0.00s
[3234.983s][info ][safepoint      ] Safepoint "ParallelGCFailedAllocation", Time since last: 31798681226 ns, Reaching safepoint: 4300 ns, Cleanup: 3100 ns, At safepoint: 1932896 ns, Total: 1940296 ns
[3266.829s][info ][gc,start       ] GC(234) Pause Young (Allocation Failure)
[3266.830s][debug][gc,phases      ] GC(234) Scavenge 1.273ms
[3266.830s][debug][gc,ref         ] GC(234) Skipped phase 1 of Reference Processing: no references
[3266.830s][debug][gc,ref         ] GC(234) Skipped phase 2 of Reference Processing: no references
[3266.830s][debug][gc,ref         ] GC(234) Skipped phase 3 of Reference Processing: no references
[3266.830s][debug][gc,ref         ] GC(234) Skipped phase 4 of Reference Processing: no references
[3266.830s][debug][gc,phases      ] GC(234) Reference Processing 0.020ms
[3266.830s][debug][gc,phases      ] GC(234)   VM Weak                        Min:  0.0, Avg:  0.0, Max:  0.0, Diff:  0.0, Sum:  0.0, Workers: 4
[3266.830s][debug][gc,phases      ] GC(234)     Dead                           Min: 0, Avg:  0.0, Max: 0, Diff: 0, Sum: 0, Workers: 4
[3266.830s][debug][gc,phases      ] GC(234)     Total                          Min: 0, Avg: 185.5, Max: 550, Diff: 550, Sum: 742, Workers: 4
[3266.830s][debug][gc,phases      ] GC(234)   ObjectSynchronizer Weak        Min:  0.0, Avg:  0.0, Max:  0.0, Diff:  0.0, Sum:  0.0, Workers: 4
[3266.830s][debug][gc,phases      ] GC(234)     Dead                           Min: 0, Avg:  0.0, Max: 0, Diff: 0, Sum: 0, Workers: 4
[3266.830s][debug][gc,phases      ] GC(234)     Total                          Min: 0, Avg:  0.8, Max: 3, Diff: 3, Sum: 3, Workers: 4
[3266.830s][debug][gc,phases      ] GC(234)   JVMTI Tag Weak OopStorage      Min:  0.0, Avg:  0.0, Max:  0.0, Diff:  0.0, Sum:  0.0, Workers: 4
[3266.830s][debug][gc,phases      ] GC(234)     Dead                           Min: 0, Avg:  0.0, Max: 0, Diff: 0, Sum: 0, Workers: 4
[3266.830s][debug][gc,phases      ] GC(234)     Total                          Min: 0, Avg:  0.0, Max: 0, Diff: 0, Sum: 0, Workers: 4
[3266.830s][debug][gc,phases      ] GC(234)   StringTable Weak               Min:  0.1, Avg:  0.1, Max:  0.1, Diff:  0.0, Sum:  0.4, Workers: 4
[3266.830s][debug][gc,phases      ] GC(234)     Dead                           Min: 0, Avg:  0.0, Max: 0, Diff: 0, Sum: 0, Workers: 4
[3266.830s][debug][gc,phases      ] GC(234)     Total                          Min: 10686, Avg: 11030.5, Max: 11392, Diff: 706, Sum: 44122, Workers: 4
[3266.830s][debug][gc,phases      ] GC(234)   ResolvedMethodTable Weak       Min:  0.0, Avg:  0.0, Max:  0.0, Diff:  0.0, Sum:  0.1, Workers: 4
[3266.830s][debug][gc,phases      ] GC(234)     Dead                           Min: 0, Avg:  0.0, Max: 0, Diff: 0, Sum: 0, Workers: 4
[3266.830s][debug][gc,phases      ] GC(234)     Total                          Min: 2546, Avg: 2620.0, Max: 2686, Diff: 140, Sum: 10480, Workers: 4
[3266.830s][debug][gc,phases      ] GC(234)   JNI Weak                       Min:  0.0, Avg:  0.0, Max:  0.0, Diff:  0.0, Sum:  0.0, Workers: 4
[3266.830s][debug][gc,phases      ] GC(234)     Dead                           Min: 0, Avg:  0.0, Max: 0, Diff: 0, Sum: 0, Workers: 4
[3266.830s][debug][gc,phases      ] GC(234)     Total                          Min: 0, Avg: 11.2, Max: 45, Diff: 45, Sum: 45, Workers: 4
[3266.830s][debug][gc,phases      ] GC(234)   StringDedup Table Weak         Min:  0.0, Avg:  0.0, Max:  0.0, Diff:  0.0, Sum:  0.0, Workers: 4
[3266.830s][debug][gc,phases      ] GC(234)     Dead                           Min: 0, Avg:  0.0, Max: 0, Diff: 0, Sum: 0, Workers: 4
[3266.830s][debug][gc,phases      ] GC(234)     Total                          Min: 0, Avg:  0.0, Max: 0, Diff: 0, Sum: 0, Workers: 4
[3266.830s][debug][gc,phases      ] GC(234)   StringDedup Requests0 Weak     Min:  0.0, Avg:  0.0, Max:  0.0, Diff:  0.0, Sum:  0.0, Workers: 4
[3266.830s][debug][gc,phases      ] GC(234)     Dead                           Min: 0, Avg:  0.0, Max: 0, Diff: 0, Sum: 0, Workers: 4
[3266.830s][debug][gc,phases      ] GC(234)     Total                          Min: 0, Avg:  0.0, Max: 0, Diff: 0, Sum: 0, Workers: 4
[3266.830s][debug][gc,phases      ] GC(234)   StringDedup Requests1 Weak     Min:  0.0, Avg:  0.0, Max:  0.0, Diff:  0.0, Sum:  0.0, Workers: 4
[3266.830s][debug][gc,phases      ] GC(234)     Dead                           Min: 0, Avg:  0.0, Max: 0, Diff: 0, Sum: 0, Workers: 4
[3266.830s][debug][gc,phases      ] GC(234)     Total                          Min: 0, Avg:  0.0, Max: 0, Diff: 0, Sum: 0, Workers: 4
[3266.830s][debug][gc,phases      ] GC(234)   Weak JFR Old Object Samples    Min:  0.0, Avg:  0.0, Max:  0.0, Diff:  0.0, Sum:  0.0, Workers: 4
[3266.830s][debug][gc,phases      ] GC(234)     Dead                           Min: 0, Avg:  0.0, Max: 0, Diff: 0, Sum: 0, Workers: 4
[3266.830s][debug][gc,phases      ] GC(234)     Total                          Min: 0, Avg:  0.0, Max: 0, Diff: 0, Sum: 0, Workers: 4
[3266.830s][debug][gc,phases      ] GC(234) Weak Processing 0.297ms
[3266.830s][debug][gc,age         ] GC(234) Desired survivor size 1572864 bytes, new threshold 15 (max threshold 15)
[3266.830s][info ][gc,heap        ] GC(234) PSYoungGen: 2093152K(2095104K)->128K(2095616K) Eden: 2093056K(2093056K)->0K(2094080K) From: 96K(2048K)->128K(1536K)
[3266.830s][info ][gc,heap        ] GC(234) ParOldGen: 309074K(351232K)->309082K(351232K)
[3266.830s][info ][gc,metaspace   ] GC(234) Metaspace: 85484K(86400K)->85484K(86400K) NonClass: 73010K(73536K)->73010K(73536K) Class: 12474K(12864K)->12474K(12864K)
[3266.830s][info ][gc             ] GC(234) Pause Young (Allocation Failure) 2345M->301M(2389M) 1.670ms
[3266.830s][info ][gc,cpu         ] GC(234) User=0.00s Sys=0.00s Real=0.00s
[3266.830s][info ][safepoint      ] Safepoint "ParallelGCFailedAllocation", Time since last: 31846016614 ns, Reaching safepoint: 4300 ns, Cleanup: 3700 ns, At safepoint: 1749796 ns, Total: 1757796 ns
[3298.630s][info ][gc,start       ] GC(235) Pause Young (Allocation Failure)
[3298.632s][debug][gc,phases      ] GC(235) Scavenge 1.211ms
[3298.632s][debug][gc,ref         ] GC(235) Skipped phase 1 of Reference Processing: no references
[3298.632s][debug][gc,ref         ] GC(235) Skipped phase 2 of Reference Processing: no references
[3298.632s][debug][gc,ref         ] GC(235) Skipped phase 3 of Reference Processing: no references
[3298.632s][debug][gc,ref         ] GC(235) Skipped phase 4 of Reference Processing: no references
[3298.632s][debug][gc,phases      ] GC(235) Reference Processing 0.021ms
[3298.632s][debug][gc,phases      ] GC(235)   VM Weak                        Min:  0.0, Avg:  0.0, Max:  0.0, Diff:  0.0, Sum:  0.0, Workers: 4
[3298.632s][debug][gc,phases      ] GC(235)     Dead                           Min: 0, Avg:  0.0, Max: 0, Diff: 0, Sum: 0, Workers: 4
[3298.632s][debug][gc,phases      ] GC(235)     Total                          Min: 0, Avg: 185.5, Max: 384, Diff: 384, Sum: 742, Workers: 4
[3298.632s][debug][gc,phases      ] GC(235)   ObjectSynchronizer Weak        Min:  0.0, Avg:  0.0, Max:  0.0, Diff:  0.0, Sum:  0.0, Workers: 4
[3298.632s][debug][gc,phases      ] GC(235)     Dead                           Min: 0, Avg:  0.0, Max: 0, Diff: 0, Sum: 0, Workers: 4
[3298.632s][debug][gc,phases      ] GC(235)     Total                          Min: 0, Avg:  0.8, Max: 3, Diff: 3, Sum: 3, Workers: 4
[3298.632s][debug][gc,phases      ] GC(235)   JVMTI Tag Weak OopStorage      Min:  0.0, Avg:  0.0, Max:  0.0, Diff:  0.0, Sum:  0.0, Workers: 4
[3298.632s][debug][gc,phases      ] GC(235)     Dead                           Min: 0, Avg:  0.0, Max: 0, Diff: 0, Sum: 0, Workers: 4
[3298.632s][debug][gc,phases      ] GC(235)     Total                          Min: 0, Avg:  0.0, Max: 0, Diff: 0, Sum: 0, Workers: 4
[3298.632s][debug][gc,phases      ] GC(235)   StringTable Weak               Min:  0.0, Avg:  0.1, Max:  0.1, Diff:  0.1, Sum:  0.4, Workers: 4
[3298.632s][debug][gc,phases      ] GC(235)     Dead                           Min: 0, Avg:  0.0, Max: 0, Diff: 0, Sum: 0, Workers: 4
[3298.632s][debug][gc,phases      ] GC(235)     Total                          Min: 0, Avg: 11030.5, Max: 17407, Diff: 17407, Sum: 44122, Workers: 4
[3298.632s][debug][gc,phases      ] GC(235)   ResolvedMethodTable Weak       Min:  0.0, Avg:  0.0, Max:  0.0, Diff:  0.0, Sum:  0.1, Workers: 4
[3298.632s][debug][gc,phases      ] GC(235)     Dead                           Min: 0, Avg:  0.0, Max: 0, Diff: 0, Sum: 0, Workers: 4
[3298.632s][debug][gc,phases      ] GC(235)     Total                          Min: 0, Avg: 2620.0, Max: 4800, Diff: 4800, Sum: 10480, Workers: 4
[3298.632s][debug][gc,phases      ] GC(235)   JNI Weak                       Min:  0.0, Avg:  0.0, Max:  0.0, Diff:  0.0, Sum:  0.0, Workers: 4
[3298.632s][debug][gc,phases      ] GC(235)     Dead                           Min: 0, Avg:  0.0, Max: 0, Diff: 0, Sum: 0, Workers: 4
[3298.632s][debug][gc,phases      ] GC(235)     Total                          Min: 0, Avg: 11.2, Max: 45, Diff: 45, Sum: 45, Workers: 4
[3298.632s][debug][gc,phases      ] GC(235)   StringDedup Table Weak         Min:  0.0, Avg:  0.0, Max:  0.0, Diff:  0.0, Sum:  0.0, Workers: 4
[3298.632s][debug][gc,phases      ] GC(235)     Dead                           Min: 0, Avg:  0.0, Max: 0, Diff: 0, Sum: 0, Workers: 4
[3298.632s][debug][gc,phases      ] GC(235)     Total                          Min: 0, Avg:  0.0, Max: 0, Diff: 0, Sum: 0, Workers: 4
[3298.632s][debug][gc,phases      ] GC(235)   StringDedup Requests0 Weak     Min:  0.0, Avg:  0.0, Max:  0.0, Diff:  0.0, Sum:  0.0, Workers: 4
[3298.632s][debug][gc,phases      ] GC(235)     Dead                           Min: 0, Avg:  0.0, Max: 0, Diff: 0, Sum: 0, Workers: 4
[3298.632s][debug][gc,phases      ] GC(235)     Total                          Min: 0, Avg:  0.0, Max: 0, Diff: 0, Sum: 0, Workers: 4
[3298.632s][debug][gc,phases      ] GC(235)   StringDedup Requests1 Weak     Min:  0.0, Avg:  0.0, Max:  0.0, Diff:  0.0, Sum:  0.0, Workers: 4
[3298.632s][debug][gc,phases      ] GC(235)     Dead                           Min: 0, Avg:  0.0, Max: 0, Diff: 0, Sum: 0, Workers: 4
[3298.632s][debug][gc,phases      ] GC(235)     Total                          Min: 0, Avg:  0.0, Max: 0, Diff: 0, Sum: 0, Workers: 4
[3298.632s][debug][gc,phases      ] GC(235)   Weak JFR Old Object Samples    Min:  0.0, Avg:  0.0, Max:  0.0, Diff:  0.0, Sum:  0.0, Workers: 4
[3298.632s][debug][gc,phases      ] GC(235)     Dead                           Min: 0, Avg:  0.0, Max: 0, Diff: 0, Sum: 0, Workers: 4
[3298.632s][debug][gc,phases      ] GC(235)     Total                          Min: 0, Avg:  0.0, Max: 0, Diff: 0, Sum: 0, Workers: 4
[3298.632s][debug][gc,phases      ] GC(235) Weak Processing 0.360ms
[3298.632s][debug][gc,age         ] GC(235) Desired survivor size 1572864 bytes, new threshold 15 (max threshold 15)
[3298.632s][info ][gc,heap        ] GC(235) PSYoungGen: 2094208K(2095616K)->128K(2095616K) Eden: 2094080K(2094080K)->0K(2094080K) From: 128K(1536K)->128K(1536K)
[3298.632s][info ][gc,heap        ] GC(235) ParOldGen: 309082K(351232K)->309090K(351232K)
[3298.632s][info ][gc,metaspace   ] GC(235) Metaspace: 85484K(86400K)->85484K(86400K) NonClass: 73010K(73536K)->73010K(73536K) Class: 12474K(12864K)->12474K(12864K)
[3298.632s][info ][gc             ] GC(235) Pause Young (Allocation Failure) 2346M->301M(2389M) 1.677ms
[3298.632s][info ][gc,cpu         ] GC(235) User=0.01s Sys=0.00s Real=0.01s
[3298.632s][info ][safepoint      ] Safepoint "ParallelGCFailedAllocation", Time since last: 31799890097 ns, Reaching safepoint: 4100 ns, Cleanup: 3800 ns, At safepoint: 1763098 ns, Total: 1770998 ns
[3330.282s][info ][gc,start       ] GC(236) Pause Young (Allocation Failure)
[3330.284s][debug][gc,phases      ] GC(236) Scavenge 2.127ms
[3330.284s][debug][gc,ref         ] GC(236) Skipped phase 1 of Reference Processing: no references
[3330.284s][debug][gc,ref         ] GC(236) Skipped phase 2 of Reference Processing: no references
[3330.284s][debug][gc,ref         ] GC(236) Skipped phase 3 of Reference Processing: no references
[3330.284s][debug][gc,ref         ] GC(236) Skipped phase 4 of Reference Processing: no references
[3330.284s][debug][gc,phases      ] GC(236) Reference Processing 0.021ms
[3330.284s][debug][gc,phases      ] GC(236)   VM Weak                        Min:  0.0, Avg:  0.0, Max:  0.0, Diff:  0.0, Sum:  0.0, Workers: 4
[3330.284s][debug][gc,phases      ] GC(236)     Dead                           Min: 0, Avg:  0.0, Max: 0, Diff: 0, Sum: 0, Workers: 4
[3330.284s][debug][gc,phases      ] GC(236)     Total                          Min: 0, Avg: 185.5, Max: 512, Diff: 512, Sum: 742, Workers: 4
[3330.284s][debug][gc,phases      ] GC(236)   ObjectSynchronizer Weak        Min:  0.0, Avg:  0.0, Max:  0.0, Diff:  0.0, Sum:  0.0, Workers: 4
[3330.284s][debug][gc,phases      ] GC(236)     Dead                           Min: 0, Avg:  0.0, Max: 0, Diff: 0, Sum: 0, Workers: 4
[3330.284s][debug][gc,phases      ] GC(236)     Total                          Min: 0, Avg:  0.8, Max: 3, Diff: 3, Sum: 3, Workers: 4
[3330.284s][debug][gc,phases      ] GC(236)   JVMTI Tag Weak OopStorage      Min:  0.0, Avg:  0.0, Max:  0.0, Diff:  0.0, Sum:  0.0, Workers: 4
[3330.284s][debug][gc,phases      ] GC(236)     Dead                           Min: 0, Avg:  0.0, Max: 0, Diff: 0, Sum: 0, Workers: 4
[3330.284s][debug][gc,phases      ] GC(236)     Total                          Min: 0, Avg:  0.0, Max: 0, Diff: 0, Sum: 0, Workers: 4
[3330.284s][debug][gc,phases      ] GC(236)   StringTable Weak               Min:  0.0, Avg:  0.1, Max:  0.1, Diff:  0.1, Sum:  0.4, Workers: 4
[3330.284s][debug][gc,phases      ] GC(236)     Dead                           Min: 0, Avg:  0.0, Max: 0, Diff: 0, Sum: 0, Workers: 4
[3330.284s][debug][gc,phases      ] GC(236)     Total                          Min: 0, Avg: 11030.5, Max: 19711, Diff: 19711, Sum: 44122, Workers: 4
[3330.284s][debug][gc,phases      ] GC(236)   ResolvedMethodTable Weak       Min:  0.0, Avg:  0.0, Max:  0.0, Diff:  0.0, Sum:  0.1, Workers: 4
[3330.284s][debug][gc,phases      ] GC(236)     Dead                           Min: 0, Avg:  0.0, Max: 0, Diff: 0, Sum: 0, Workers: 4
[3330.284s][debug][gc,phases      ] GC(236)     Total                          Min: 0, Avg: 2620.0, Max: 4222, Diff: 4222, Sum: 10480, Workers: 4
[3330.284s][debug][gc,phases      ] GC(236)   JNI Weak                       Min:  0.0, Avg:  0.0, Max:  0.0, Diff:  0.0, Sum:  0.0, Workers: 4
[3330.284s][debug][gc,phases      ] GC(236)     Dead                           Min: 0, Avg:  0.0, Max: 0, Diff: 0, Sum: 0, Workers: 4
[3330.284s][debug][gc,phases      ] GC(236)     Total                          Min: 0, Avg: 11.2, Max: 45, Diff: 45, Sum: 45, Workers: 4
[3330.284s][debug][gc,phases      ] GC(236)   StringDedup Table Weak         Min:  0.0, Avg:  0.0, Max:  0.0, Diff:  0.0, Sum:  0.0, Workers: 4
[3330.284s][debug][gc,phases      ] GC(236)     Dead                           Min: 0, Avg:  0.0, Max: 0, Diff: 0, Sum: 0, Workers: 4
[3330.284s][debug][gc,phases      ] GC(236)     Total                          Min: 0, Avg:  0.0, Max: 0, Diff: 0, Sum: 0, Workers: 4
[3330.284s][debug][gc,phases      ] GC(236)   StringDedup Requests0 Weak     Min:  0.0, Avg:  0.0, Max:  0.0, Diff:  0.0, Sum:  0.0, Workers: 4
[3330.284s][debug][gc,phases      ] GC(236)     Dead                           Min: 0, Avg:  0.0, Max: 0, Diff: 0, Sum: 0, Workers: 4
[3330.284s][debug][gc,phases      ] GC(236)     Total                          Min: 0, Avg:  0.0, Max: 0, Diff: 0, Sum: 0, Workers: 4
[3330.284s][debug][gc,phases      ] GC(236)   StringDedup Requests1 Weak     Min:  0.0, Avg:  0.0, Max:  0.0, Diff:  0.0, Sum:  0.0, Workers: 4
[3330.284s][debug][gc,phases      ] GC(236)     Dead                           Min: 0, Avg:  0.0, Max: 0, Diff: 0, Sum: 0, Workers: 4
[3330.284s][debug][gc,phases      ] GC(236)     Total                          Min: 0, Avg:  0.0, Max: 0, Diff: 0, Sum: 0, Workers: 4
[3330.284s][debug][gc,phases      ] GC(236)   Weak JFR Old Object Samples    Min:  0.0, Avg:  0.0, Max:  0.0, Diff:  0.0, Sum:  0.0, Workers: 4
[3330.284s][debug][gc,phases      ] GC(236)     Dead                           Min: 0, Avg:  0.0, Max: 0, Diff: 0, Sum: 0, Workers: 4
[3330.284s][debug][gc,phases      ] GC(236)     Total                          Min: 0, Avg:  0.0, Max: 0, Diff: 0, Sum: 0, Workers: 4
[3330.284s][debug][gc,phases      ] GC(236) Weak Processing 0.333ms
[3330.284s][debug][gc,age         ] GC(236) Desired survivor size 1572864 bytes, new threshold 15 (max threshold 15)
[3330.284s][info ][gc,heap        ] GC(236) PSYoungGen: 2094208K(2095616K)->96K(2095616K) Eden: 2094080K(2094080K)->0K(2094080K) From: 128K(1536K)->96K(1536K)
[3330.284s][info ][gc,heap        ] GC(236) ParOldGen: 309090K(351232K)->309098K(351232K)
[3330.284s][info ][gc,metaspace   ] GC(236) Metaspace: 85484K(86400K)->85484K(86400K) NonClass: 73010K(73536K)->73010K(73536K) Class: 12474K(12864K)->12474K(12864K)
[3330.284s][info ][gc             ] GC(236) Pause Young (Allocation Failure) 2346M->301M(2389M) 2.573ms
[3330.284s][info ][gc,cpu         ] GC(236) User=0.00s Sys=0.00s Real=0.00s
[3330.284s][info ][safepoint      ] Safepoint "ParallelGCFailedAllocation", Time since last: 31649422884 ns, Reaching safepoint: 5200 ns, Cleanup: 3900 ns, At safepoint: 2633493 ns, Total: 2642593 ns
[3362.131s][info ][gc,start       ] GC(237) Pause Young (Allocation Failure)
[3362.133s][debug][gc,phases      ] GC(237) Scavenge 2.111ms
[3362.133s][debug][gc,ref         ] GC(237) Skipped phase 1 of Reference Processing: no references
[3362.133s][debug][gc,ref         ] GC(237) Skipped phase 2 of Reference Processing: no references
[3362.133s][debug][gc,ref         ] GC(237) Skipped phase 3 of Reference Processing: no references
[3362.133s][debug][gc,ref         ] GC(237) Skipped phase 4 of Reference Processing: no references
[3362.133s][debug][gc,phases      ] GC(237) Reference Processing 0.020ms
[3362.133s][debug][gc,phases      ] GC(237)   VM Weak                        Min:  0.0, Avg:  0.0, Max:  0.0, Diff:  0.0, Sum:  0.0, Workers: 4
[3362.133s][debug][gc,phases      ] GC(237)     Dead                           Min: 0, Avg:  0.0, Max: 0, Diff: 0, Sum: 0, Workers: 4
[3362.133s][debug][gc,phases      ] GC(237)     Total                          Min: 0, Avg: 185.5, Max: 512, Diff: 512, Sum: 742, Workers: 4
[3362.133s][debug][gc,phases      ] GC(237)   ObjectSynchronizer Weak        Min:  0.0, Avg:  0.0, Max:  0.0, Diff:  0.0, Sum:  0.0, Workers: 4
[3362.133s][debug][gc,phases      ] GC(237)     Dead                           Min: 0, Avg:  0.0, Max: 0, Diff: 0, Sum: 0, Workers: 4
[3362.133s][debug][gc,phases      ] GC(237)     Total                          Min: 0, Avg:  0.8, Max: 3, Diff: 3, Sum: 3, Workers: 4
[3362.133s][debug][gc,phases      ] GC(237)   JVMTI Tag Weak OopStorage      Min:  0.0, Avg:  0.0, Max:  0.0, Diff:  0.0, Sum:  0.0, Workers: 4
[3362.133s][debug][gc,phases      ] GC(237)     Dead                           Min: 0, Avg:  0.0, Max: 0, Diff: 0, Sum: 0, Workers: 4
[3362.133s][debug][gc,phases      ] GC(237)     Total                          Min: 0, Avg:  0.0, Max: 0, Diff: 0, Sum: 0, Workers: 4
[3362.133s][debug][gc,phases      ] GC(237)   StringTable Weak               Min:  0.0, Avg:  0.1, Max:  0.1, Diff:  0.1, Sum:  0.4, Workers: 4
[3362.133s][debug][gc,phases      ] GC(237)     Dead                           Min: 0, Avg:  0.0, Max: 0, Diff: 0, Sum: 0, Workers: 4
[3362.133s][debug][gc,phases      ] GC(237)     Total                          Min: 0, Avg: 11030.5, Max: 19547, Diff: 19547, Sum: 44122, Workers: 4
[3362.133s][debug][gc,phases      ] GC(237)   ResolvedMethodTable Weak       Min:  0.0, Avg:  0.0, Max:  0.0, Diff:  0.0, Sum:  0.1, Workers: 4
[3362.133s][debug][gc,phases      ] GC(237)     Dead                           Min: 0, Avg:  0.0, Max: 0, Diff: 0, Sum: 0, Workers: 4
[3362.133s][debug][gc,phases      ] GC(237)     Total                          Min: 0, Avg: 2620.0, Max: 4658, Diff: 4658, Sum: 10480, Workers: 4
[3362.133s][debug][gc,phases      ] GC(237)   JNI Weak                       Min:  0.0, Avg:  0.0, Max:  0.0, Diff:  0.0, Sum:  0.0, Workers: 4
[3362.133s][debug][gc,phases      ] GC(237)     Dead                           Min: 0, Avg:  0.0, Max: 0, Diff: 0, Sum: 0, Workers: 4
[3362.133s][debug][gc,phases      ] GC(237)     Total                          Min: 0, Avg: 11.2, Max: 45, Diff: 45, Sum: 45, Workers: 4
[3362.133s][debug][gc,phases      ] GC(237)   StringDedup Table Weak         Min:  0.0, Avg:  0.0, Max:  0.0, Diff:  0.0, Sum:  0.0, Workers: 4
[3362.133s][debug][gc,phases      ] GC(237)     Dead                           Min: 0, Avg:  0.0, Max: 0, Diff: 0, Sum: 0, Workers: 4
[3362.133s][debug][gc,phases      ] GC(237)     Total                          Min: 0, Avg:  0.0, Max: 0, Diff: 0, Sum: 0, Workers: 4
[3362.133s][debug][gc,phases      ] GC(237)   StringDedup Requests0 Weak     Min:  0.0, Avg:  0.0, Max:  0.0, Diff:  0.0, Sum:  0.0, Workers: 4
[3362.133s][debug][gc,phases      ] GC(237)     Dead                           Min: 0, Avg:  0.0, Max: 0, Diff: 0, Sum: 0, Workers: 4
[3362.133s][debug][gc,phases      ] GC(237)     Total                          Min: 0, Avg:  0.0, Max: 0, Diff: 0, Sum: 0, Workers: 4
[3362.133s][debug][gc,phases      ] GC(237)   StringDedup Requests1 Weak     Min:  0.0, Avg:  0.0, Max:  0.0, Diff:  0.0, Sum:  0.0, Workers: 4
[3362.133s][debug][gc,phases      ] GC(237)     Dead                           Min: 0, Avg:  0.0, Max: 0, Diff: 0, Sum: 0, Workers: 4
[3362.133s][debug][gc,phases      ] GC(237)     Total                          Min: 0, Avg:  0.0, Max: 0, Diff: 0, Sum: 0, Workers: 4
[3362.133s][debug][gc,phases      ] GC(237)   Weak JFR Old Object Samples    Min:  0.0, Avg:  0.0, Max:  0.0, Diff:  0.0, Sum:  0.0, Workers: 4
[3362.133s][debug][gc,phases      ] GC(237)     Dead                           Min: 0, Avg:  0.0, Max: 0, Diff: 0, Sum: 0, Workers: 4
[3362.133s][debug][gc,phases      ] GC(237)     Total                          Min: 0, Avg:  0.0, Max: 0, Diff: 0, Sum: 0, Workers: 4
[3362.133s][debug][gc,phases      ] GC(237) Weak Processing 0.333ms
[3362.133s][debug][gc,age         ] GC(237) Desired survivor size 1572864 bytes, new threshold 15 (max threshold 15)
[3362.133s][info ][gc,heap        ] GC(237) PSYoungGen: 2094176K(2095616K)->128K(2095616K) Eden: 2094080K(2094080K)->0K(2094080K) From: 96K(1536K)->128K(1536K)
[3362.133s][info ][gc,heap        ] GC(237) ParOldGen: 309098K(351232K)->309106K(351232K)
[3362.133s][info ][gc,metaspace   ] GC(237) Metaspace: 85484K(86400K)->85484K(86400K) NonClass: 73010K(73536K)->73010K(73536K) Class: 12474K(12864K)->12474K(12864K)
[3362.133s][info ][gc             ] GC(237) Pause Young (Allocation Failure) 2346M->301M(2389M) 2.549ms
[3362.133s][info ][gc,cpu         ] GC(237) User=0.00s Sys=0.00s Real=0.01s
[3362.133s][info ][safepoint      ] Safepoint "ParallelGCFailedAllocation", Time since last: 31846525985 ns, Reaching safepoint: 4600 ns, Cleanup: 4000 ns, At safepoint: 2632694 ns, Total: 2641294 ns
[3393.980s][info ][gc,start       ] GC(238) Pause Young (Allocation Failure)
[3393.981s][debug][gc,phases      ] GC(238) Scavenge 1.228ms
[3393.981s][debug][gc,ref         ] GC(238) Skipped phase 1 of Reference Processing: no references
[3393.981s][debug][gc,ref         ] GC(238) Skipped phase 2 of Reference Processing: no references
[3393.981s][debug][gc,ref         ] GC(238) Skipped phase 3 of Reference Processing: no references
[3393.981s][debug][gc,ref         ] GC(238) Skipped phase 4 of Reference Processing: no references
[3393.981s][debug][gc,phases      ] GC(238) Reference Processing 0.020ms
[3393.981s][debug][gc,phases      ] GC(238)   VM Weak                        Min:  0.0, Avg:  0.0, Max:  0.0, Diff:  0.0, Sum:  0.0, Workers: 4
[3393.981s][debug][gc,phases      ] GC(238)     Dead                           Min: 0, Avg:  0.0, Max: 0, Diff: 0, Sum: 0, Workers: 4
[3393.981s][debug][gc,phases      ] GC(238)     Total                          Min: 0, Avg: 185.5, Max: 614, Diff: 614, Sum: 742, Workers: 4
[3393.981s][debug][gc,phases      ] GC(238)   ObjectSynchronizer Weak        Min:  0.0, Avg:  0.0, Max:  0.0, Diff:  0.0, Sum:  0.0, Workers: 4
[3393.981s][debug][gc,phases      ] GC(238)     Dead                           Min: 0, Avg:  0.0, Max: 0, Diff: 0, Sum: 0, Workers: 4
[3393.981s][debug][gc,phases      ] GC(238)     Total                          Min: 0, Avg:  0.8, Max: 3, Diff: 3, Sum: 3, Workers: 4
[3393.981s][debug][gc,phases      ] GC(238)   JVMTI Tag Weak OopStorage      Min:  0.0, Avg:  0.0, Max:  0.0, Diff:  0.0, Sum:  0.0, Workers: 4
[3393.981s][debug][gc,phases      ] GC(238)     Dead                           Min: 0, Avg:  0.0, Max: 0, Diff: 0, Sum: 0, Workers: 4
[3393.981s][debug][gc,phases      ] GC(238)     Total                          Min: 0, Avg:  0.0, Max: 0, Diff: 0, Sum: 0, Workers: 4
[3393.981s][debug][gc,phases      ] GC(238)   StringTable Weak               Min:  0.0, Avg:  0.1, Max:  0.1, Diff:  0.1, Sum:  0.4, Workers: 4
[3393.981s][debug][gc,phases      ] GC(238)     Dead                           Min: 0, Avg:  0.0, Max: 0, Diff: 0, Sum: 0, Workers: 4
[3393.982s][debug][gc,phases      ] GC(238)     Total                          Min: 0, Avg: 11030.5, Max: 17820, Diff: 17820, Sum: 44122, Workers: 4
[3393.982s][debug][gc,phases      ] GC(238)   ResolvedMethodTable Weak       Min:  0.0, Avg:  0.0, Max:  0.0, Diff:  0.0, Sum:  0.1, Workers: 4
[3393.982s][debug][gc,phases      ] GC(238)     Dead                           Min: 0, Avg:  0.0, Max: 0, Diff: 0, Sum: 0, Workers: 4
[3393.982s][debug][gc,phases      ] GC(238)     Total                          Min: 0, Avg: 2620.0, Max: 4416, Diff: 4416, Sum: 10480, Workers: 4
[3393.982s][debug][gc,phases      ] GC(238)   JNI Weak                       Min:  0.0, Avg:  0.0, Max:  0.0, Diff:  0.0, Sum:  0.0, Workers: 4
[3393.982s][debug][gc,phases      ] GC(238)     Dead                           Min: 0, Avg:  0.0, Max: 0, Diff: 0, Sum: 0, Workers: 4
[3393.982s][debug][gc,phases      ] GC(238)     Total                          Min: 0, Avg: 11.2, Max: 45, Diff: 45, Sum: 45, Workers: 4
[3393.982s][debug][gc,phases      ] GC(238)   StringDedup Table Weak         Min:  0.0, Avg:  0.0, Max:  0.0, Diff:  0.0, Sum:  0.0, Workers: 4
[3393.982s][debug][gc,phases      ] GC(238)     Dead                           Min: 0, Avg:  0.0, Max: 0, Diff: 0, Sum: 0, Workers: 4
[3393.982s][debug][gc,phases      ] GC(238)     Total                          Min: 0, Avg:  0.0, Max: 0, Diff: 0, Sum: 0, Workers: 4
[3393.982s][debug][gc,phases      ] GC(238)   StringDedup Requests0 Weak     Min:  0.0, Avg:  0.0, Max:  0.0, Diff:  0.0, Sum:  0.0, Workers: 4
[3393.982s][debug][gc,phases      ] GC(238)     Dead                           Min: 0, Avg:  0.0, Max: 0, Diff: 0, Sum: 0, Workers: 4
[3393.982s][debug][gc,phases      ] GC(238)     Total                          Min: 0, Avg:  0.0, Max: 0, Diff: 0, Sum: 0, Workers: 4
[3393.982s][debug][gc,phases      ] GC(238)   StringDedup Requests1 Weak     Min:  0.0, Avg:  0.0, Max:  0.0, Diff:  0.0, Sum:  0.0, Workers: 4
[3393.982s][debug][gc,phases      ] GC(238)     Dead                           Min: 0, Avg:  0.0, Max: 0, Diff: 0, Sum: 0, Workers: 4
[3393.982s][debug][gc,phases      ] GC(238)     Total                          Min: 0, Avg:  0.0, Max: 0, Diff: 0, Sum: 0, Workers: 4
[3393.982s][debug][gc,phases      ] GC(238)   Weak JFR Old Object Samples    Min:  0.0, Avg:  0.0, Max:  0.0, Diff:  0.0, Sum:  0.0, Workers: 4
[3393.982s][debug][gc,phases      ] GC(238)     Dead                           Min: 0, Avg:  0.0, Max: 0, Diff: 0, Sum: 0, Workers: 4
[3393.982s][debug][gc,phases      ] GC(238)     Total                          Min: 0, Avg:  0.0, Max: 0, Diff: 0, Sum: 0, Workers: 4
[3393.982s][debug][gc,phases      ] GC(238) Weak Processing 0.340ms
[3393.982s][debug][gc,age         ] GC(238) Desired survivor size 1572864 bytes, new threshold 15 (max threshold 15)
[3393.982s][info ][gc,heap        ] GC(238) PSYoungGen: 2094208K(2095616K)->128K(2095616K) Eden: 2094080K(2094080K)->0K(2094080K) From: 128K(1536K)->128K(1536K)
[3393.982s][info ][gc,heap        ] GC(238) ParOldGen: 309106K(351232K)->309114K(351232K)
[3393.982s][info ][gc,metaspace   ] GC(238) Metaspace: 85484K(86400K)->85484K(86400K) NonClass: 73010K(73536K)->73010K(73536K) Class: 12474K(12864K)->12474K(12864K)
[3393.982s][info ][gc             ] GC(238) Pause Young (Allocation Failure) 2346M->301M(2389M) 1.663ms
[3393.982s][info ][gc,cpu         ] GC(238) User=0.00s Sys=0.00s Real=0.00s
[3393.982s][info ][safepoint      ] Safepoint "ParallelGCFailedAllocation", Time since last: 31846552653 ns, Reaching safepoint: 3500 ns, Cleanup: 3100 ns, At safepoint: 1745396 ns, Total: 1751996 ns
[3425.829s][info ][gc,start       ] GC(239) Pause Young (Allocation Failure)
[3425.830s][debug][gc,phases      ] GC(239) Scavenge 1.265ms
[3425.831s][debug][gc,ref         ] GC(239) Skipped phase 1 of Reference Processing: no references
[3425.831s][debug][gc,ref         ] GC(239) Skipped phase 2 of Reference Processing: no references
[3425.831s][debug][gc,ref         ] GC(239) Skipped phase 3 of Reference Processing: no references
[3425.831s][debug][gc,ref         ] GC(239) Skipped phase 4 of Reference Processing: no references
[3425.831s][debug][gc,phases      ] GC(239) Reference Processing 0.020ms
[3425.831s][debug][gc,phases      ] GC(239)   VM Weak                        Min:  0.0, Avg:  0.0, Max:  0.0, Diff:  0.0, Sum:  0.0, Workers: 4
[3425.831s][debug][gc,phases      ] GC(239)     Dead                           Min: 0, Avg:  0.0, Max: 0, Diff: 0, Sum: 0, Workers: 4
[3425.831s][debug][gc,phases      ] GC(239)     Total                          Min: 0, Avg: 185.5, Max: 742, Diff: 742, Sum: 742, Workers: 4
[3425.831s][debug][gc,phases      ] GC(239)   ObjectSynchronizer Weak        Min:  0.0, Avg:  0.0, Max:  0.0, Diff:  0.0, Sum:  0.0, Workers: 4
[3425.831s][debug][gc,phases      ] GC(239)     Dead                           Min: 0, Avg:  0.0, Max: 0, Diff: 0, Sum: 0, Workers: 4
[3425.831s][debug][gc,phases      ] GC(239)     Total                          Min: 0, Avg:  0.8, Max: 3, Diff: 3, Sum: 3, Workers: 4
[3425.831s][debug][gc,phases      ] GC(239)   JVMTI Tag Weak OopStorage      Min:  0.0, Avg:  0.0, Max:  0.0, Diff:  0.0, Sum:  0.0, Workers: 4
[3425.831s][debug][gc,phases      ] GC(239)     Dead                           Min: 0, Avg:  0.0, Max: 0, Diff: 0, Sum: 0, Workers: 4
[3425.831s][debug][gc,phases      ] GC(239)     Total                          Min: 0, Avg:  0.0, Max: 0, Diff: 0, Sum: 0, Workers: 4
[3425.831s][debug][gc,phases      ] GC(239)   StringTable Weak               Min:  0.0, Avg:  0.1, Max:  0.1, Diff:  0.1, Sum:  0.4, Workers: 4
[3425.831s][debug][gc,phases      ] GC(239)     Dead                           Min: 0, Avg:  0.0, Max: 0, Diff: 0, Sum: 0, Workers: 4
[3425.831s][debug][gc,phases      ] GC(239)     Total                          Min: 0, Avg: 11030.5, Max: 18174, Diff: 18174, Sum: 44122, Workers: 4
[3425.831s][debug][gc,phases      ] GC(239)   ResolvedMethodTable Weak       Min:  0.0, Avg:  0.0, Max:  0.0, Diff:  0.0, Sum:  0.1, Workers: 4
[3425.831s][debug][gc,phases      ] GC(239)     Dead                           Min: 0, Avg:  0.0, Max: 0, Diff: 0, Sum: 0, Workers: 4
[3425.831s][debug][gc,phases      ] GC(239)     Total                          Min: 0, Avg: 2620.0, Max: 4722, Diff: 4722, Sum: 10480, Workers: 4
[3425.831s][debug][gc,phases      ] GC(239)   JNI Weak                       Min:  0.0, Avg:  0.0, Max:  0.0, Diff:  0.0, Sum:  0.0, Workers: 4
[3425.831s][debug][gc,phases      ] GC(239)     Dead                           Min: 0, Avg:  0.0, Max: 0, Diff: 0, Sum: 0, Workers: 4
[3425.831s][debug][gc,phases      ] GC(239)     Total                          Min: 0, Avg: 11.2, Max: 45, Diff: 45, Sum: 45, Workers: 4
[3425.831s][debug][gc,phases      ] GC(239)   StringDedup Table Weak         Min:  0.0, Avg:  0.0, Max:  0.0, Diff:  0.0, Sum:  0.0, Workers: 4
[3425.831s][debug][gc,phases      ] GC(239)     Dead                           Min: 0, Avg:  0.0, Max: 0, Diff: 0, Sum: 0, Workers: 4
[3425.831s][debug][gc,phases      ] GC(239)     Total                          Min: 0, Avg:  0.0, Max: 0, Diff: 0, Sum: 0, Workers: 4
[3425.831s][debug][gc,phases      ] GC(239)   StringDedup Requests0 Weak     Min:  0.0, Avg:  0.0, Max:  0.0, Diff:  0.0, Sum:  0.0, Workers: 4
[3425.831s][debug][gc,phases      ] GC(239)     Dead                           Min: 0, Avg:  0.0, Max: 0, Diff: 0, Sum: 0, Workers: 4
[3425.831s][debug][gc,phases      ] GC(239)     Total                          Min: 0, Avg:  0.0, Max: 0, Diff: 0, Sum: 0, Workers: 4
[3425.831s][debug][gc,phases      ] GC(239)   StringDedup Requests1 Weak     Min:  0.0, Avg:  0.0, Max:  0.0, Diff:  0.0, Sum:  0.0, Workers: 4
[3425.831s][debug][gc,phases      ] GC(239)     Dead                           Min: 0, Avg:  0.0, Max: 0, Diff: 0, Sum: 0, Workers: 4
[3425.831s][debug][gc,phases      ] GC(239)     Total                          Min: 0, Avg:  0.0, Max: 0, Diff: 0, Sum: 0, Workers: 4
[3425.831s][debug][gc,phases      ] GC(239)   Weak JFR Old Object Samples    Min:  0.0, Avg:  0.0, Max:  0.0, Diff:  0.0, Sum:  0.0, Workers: 4
[3425.831s][debug][gc,phases      ] GC(239)     Dead                           Min: 0, Avg:  0.0, Max: 0, Diff: 0, Sum: 0, Workers: 4
[3425.831s][debug][gc,phases      ] GC(239)     Total                          Min: 0, Avg:  0.0, Max: 0, Diff: 0, Sum: 0, Workers: 4
[3425.831s][debug][gc,phases      ] GC(239) Weak Processing 0.336ms
[3425.831s][debug][gc,age         ] GC(239) Desired survivor size 1572864 bytes, new threshold 15 (max threshold 15)
[3425.831s][info ][gc,heap        ] GC(239) PSYoungGen: 2094208K(2095616K)->128K(2095616K) Eden: 2094080K(2094080K)->0K(2094080K) From: 128K(1536K)->128K(1536K)
[3425.831s][info ][gc,heap        ] GC(239) ParOldGen: 309114K(351232K)->309122K(351232K)
[3425.831s][info ][gc,metaspace   ] GC(239) Metaspace: 85484K(86400K)->85484K(86400K) NonClass: 73010K(73536K)->73010K(73536K) Class: 12474K(12864K)->12474K(12864K)
[3425.831s][info ][gc             ] GC(239) Pause Young (Allocation Failure) 2346M->302M(2389M) 1.714ms
[3425.831s][info ][gc,cpu         ] GC(239) User=0.01s Sys=0.00s Real=0.00s
[3425.831s][info ][safepoint      ] Safepoint "ParallelGCFailedAllocation", Time since last: 31847489124 ns, Reaching safepoint: 4200 ns, Cleanup: 4300 ns, At safepoint: 1775496 ns, Total: 1783996 ns
[3457.631s][info ][gc,start       ] GC(240) Pause Young (Allocation Failure)
[3457.632s][debug][gc,phases      ] GC(240) Scavenge 1.280ms
[3457.632s][debug][gc,ref         ] GC(240) Skipped phase 1 of Reference Processing: no references
[3457.632s][debug][gc,ref         ] GC(240) Skipped phase 2 of Reference Processing: no references
[3457.632s][debug][gc,ref         ] GC(240) Skipped phase 3 of Reference Processing: no references
[3457.632s][debug][gc,ref         ] GC(240) Skipped phase 4 of Reference Processing: no references
[3457.632s][debug][gc,phases      ] GC(240) Reference Processing 0.020ms
[3457.632s][debug][gc,phases      ] GC(240)   VM Weak                        Min:  0.0, Avg:  0.0, Max:  0.0, Diff:  0.0, Sum:  0.0, Workers: 4
[3457.632s][debug][gc,phases      ] GC(240)     Dead                           Min: 0, Avg:  0.0, Max: 0, Diff: 0, Sum: 0, Workers: 4
[3457.632s][debug][gc,phases      ] GC(240)     Total                          Min: 0, Avg: 185.5, Max: 640, Diff: 640, Sum: 742, Workers: 4
[3457.632s][debug][gc,phases      ] GC(240)   ObjectSynchronizer Weak        Min:  0.0, Avg:  0.0, Max:  0.0, Diff:  0.0, Sum:  0.0, Workers: 4
[3457.632s][debug][gc,phases      ] GC(240)     Dead                           Min: 0, Avg:  0.0, Max: 0, Diff: 0, Sum: 0, Workers: 4
[3457.632s][debug][gc,phases      ] GC(240)     Total                          Min: 0, Avg:  0.8, Max: 3, Diff: 3, Sum: 3, Workers: 4
[3457.632s][debug][gc,phases      ] GC(240)   JVMTI Tag Weak OopStorage      Min:  0.0, Avg:  0.0, Max:  0.0, Diff:  0.0, Sum:  0.0, Workers: 4
[3457.632s][debug][gc,phases      ] GC(240)     Dead                           Min: 0, Avg:  0.0, Max: 0, Diff: 0, Sum: 0, Workers: 4
[3457.632s][debug][gc,phases      ] GC(240)     Total                          Min: 0, Avg:  0.0, Max: 0, Diff: 0, Sum: 0, Workers: 4
[3457.632s][debug][gc,phases      ] GC(240)   StringTable Weak               Min:  0.1, Avg:  0.1, Max:  0.1, Diff:  0.1, Sum:  0.4, Workers: 4
[3457.632s][debug][gc,phases      ] GC(240)     Dead                           Min: 0, Avg:  0.0, Max: 0, Diff: 0, Sum: 0, Workers: 4
[3457.632s][debug][gc,phases      ] GC(240)     Total                          Min: 4864, Avg: 11030.5, Max: 13823, Diff: 8959, Sum: 44122, Workers: 4
[3457.632s][debug][gc,phases      ] GC(240)   ResolvedMethodTable Weak       Min:  0.0, Avg:  0.0, Max:  0.0, Diff:  0.0, Sum:  0.1, Workers: 4
[3457.632s][debug][gc,phases      ] GC(240)     Dead                           Min: 0, Avg:  0.0, Max: 0, Diff: 0, Sum: 0, Workers: 4
[3457.632s][debug][gc,phases      ] GC(240)     Total                          Min: 2432, Avg: 2620.0, Max: 2880, Diff: 448, Sum: 10480, Workers: 4
[3457.632s][debug][gc,phases      ] GC(240)   JNI Weak                       Min:  0.0, Avg:  0.0, Max:  0.0, Diff:  0.0, Sum:  0.0, Workers: 4
[3457.632s][debug][gc,phases      ] GC(240)     Dead                           Min: 0, Avg:  0.0, Max: 0, Diff: 0, Sum: 0, Workers: 4
[3457.632s][debug][gc,phases      ] GC(240)     Total                          Min: 0, Avg: 11.2, Max: 45, Diff: 45, Sum: 45, Workers: 4
[3457.632s][debug][gc,phases      ] GC(240)   StringDedup Table Weak         Min:  0.0, Avg:  0.0, Max:  0.0, Diff:  0.0, Sum:  0.0, Workers: 4
[3457.632s][debug][gc,phases      ] GC(240)     Dead                           Min: 0, Avg:  0.0, Max: 0, Diff: 0, Sum: 0, Workers: 4
[3457.632s][debug][gc,phases      ] GC(240)     Total                          Min: 0, Avg:  0.0, Max: 0, Diff: 0, Sum: 0, Workers: 4
[3457.632s][debug][gc,phases      ] GC(240)   StringDedup Requests0 Weak     Min:  0.0, Avg:  0.0, Max:  0.0, Diff:  0.0, Sum:  0.0, Workers: 4
[3457.632s][debug][gc,phases      ] GC(240)     Dead                           Min: 0, Avg:  0.0, Max: 0, Diff: 0, Sum: 0, Workers: 4
[3457.632s][debug][gc,phases      ] GC(240)     Total                          Min: 0, Avg:  0.0, Max: 0, Diff: 0, Sum: 0, Workers: 4
[3457.632s][debug][gc,phases      ] GC(240)   StringDedup Requests1 Weak     Min:  0.0, Avg:  0.0, Max:  0.0, Diff:  0.0, Sum:  0.0, Workers: 4
[3457.632s][debug][gc,phases      ] GC(240)     Dead                           Min: 0, Avg:  0.0, Max: 0, Diff: 0, Sum: 0, Workers: 4
[3457.632s][debug][gc,phases      ] GC(240)     Total                          Min: 0, Avg:  0.0, Max: 0, Diff: 0, Sum: 0, Workers: 4
[3457.632s][debug][gc,phases      ] GC(240)   Weak JFR Old Object Samples    Min:  0.0, Avg:  0.0, Max:  0.0, Diff:  0.0, Sum:  0.0, Workers: 4
[3457.632s][debug][gc,phases      ] GC(240)     Dead                           Min: 0, Avg:  0.0, Max: 0, Diff: 0, Sum: 0, Workers: 4
[3457.632s][debug][gc,phases      ] GC(240)     Total                          Min: 0, Avg:  0.0, Max: 0, Diff: 0, Sum: 0, Workers: 4
[3457.632s][debug][gc,phases      ] GC(240) Weak Processing 0.336ms
[3457.632s][debug][gc,age         ] GC(240) Desired survivor size 1572864 bytes, new threshold 15 (max threshold 15)
[3457.632s][info ][gc,heap        ] GC(240) PSYoungGen: 2094208K(2095616K)->128K(2095616K) Eden: 2094080K(2094080K)->0K(2094080K) From: 128K(1536K)->128K(1536K)
[3457.632s][info ][gc,heap        ] GC(240) ParOldGen: 309122K(351232K)->309130K(351232K)
[3457.632s][info ][gc,metaspace   ] GC(240) Metaspace: 85484K(86400K)->85484K(86400K) NonClass: 73010K(73536K)->73010K(73536K) Class: 12474K(12864K)->12474K(12864K)
[3457.632s][info ][gc             ] GC(240) Pause Young (Allocation Failure) 2347M->302M(2389M) 1.718ms
[3457.632s][info ][gc,cpu         ] GC(240) User=0.01s Sys=0.00s Real=0.01s
[3457.632s][info ][safepoint      ] Safepoint "ParallelGCFailedAllocation", Time since last: 31799646079 ns, Reaching safepoint: 4200 ns, Cleanup: 3900 ns, At safepoint: 1798996 ns, Total: 1807096 ns
[3489.480s][info ][gc,start       ] GC(241) Pause Young (Allocation Failure)
[3489.482s][debug][gc,phases      ] GC(241) Scavenge 2.174ms
[3489.482s][debug][gc,ref         ] GC(241) Skipped phase 1 of Reference Processing: no references
[3489.482s][debug][gc,ref         ] GC(241) Skipped phase 2 of Reference Processing: no references
[3489.482s][debug][gc,ref         ] GC(241) Skipped phase 3 of Reference Processing: no references
[3489.482s][debug][gc,ref         ] GC(241) Skipped phase 4 of Reference Processing: no references
[3489.482s][debug][gc,phases      ] GC(241) Reference Processing 0.021ms
[3489.482s][debug][gc,phases      ] GC(241)   VM Weak                        Min:  0.0, Avg:  0.0, Max:  0.0, Diff:  0.0, Sum:  0.0, Workers: 4
[3489.482s][debug][gc,phases      ] GC(241)     Dead                           Min: 0, Avg:  0.0, Max: 0, Diff: 0, Sum: 0, Workers: 4
[3489.482s][debug][gc,phases      ] GC(241)     Total                          Min: 0, Avg: 185.5, Max: 614, Diff: 614, Sum: 742, Workers: 4
[3489.482s][debug][gc,phases      ] GC(241)   ObjectSynchronizer Weak        Min:  0.0, Avg:  0.0, Max:  0.0, Diff:  0.0, Sum:  0.0, Workers: 4
[3489.482s][debug][gc,phases      ] GC(241)     Dead                           Min: 0, Avg:  0.0, Max: 0, Diff: 0, Sum: 0, Workers: 4
[3489.482s][debug][gc,phases      ] GC(241)     Total                          Min: 0, Avg:  0.8, Max: 3, Diff: 3, Sum: 3, Workers: 4
[3489.482s][debug][gc,phases      ] GC(241)   JVMTI Tag Weak OopStorage      Min:  0.0, Avg:  0.0, Max:  0.0, Diff:  0.0, Sum:  0.0, Workers: 4
[3489.483s][debug][gc,phases      ] GC(241)     Dead                           Min: 0, Avg:  0.0, Max: 0, Diff: 0, Sum: 0, Workers: 4
[3489.483s][debug][gc,phases      ] GC(241)     Total                          Min: 0, Avg:  0.0, Max: 0, Diff: 0, Sum: 0, Workers: 4
[3489.483s][debug][gc,phases      ] GC(241)   StringTable Weak               Min:  0.0, Avg:  0.1, Max:  0.1, Diff:  0.1, Sum:  0.4, Workers: 4
[3489.483s][debug][gc,phases      ] GC(241)     Dead                           Min: 0, Avg:  0.0, Max: 0, Diff: 0, Sum: 0, Workers: 4
[3489.483s][debug][gc,phases      ] GC(241)     Total                          Min: 0, Avg: 11030.5, Max: 19583, Diff: 19583, Sum: 44122, Workers: 4
[3489.483s][debug][gc,phases      ] GC(241)   ResolvedMethodTable Weak       Min:  0.0, Avg:  0.0, Max:  0.0, Diff:  0.0, Sum:  0.1, Workers: 4
[3489.483s][debug][gc,phases      ] GC(241)     Dead                           Min: 0, Avg:  0.0, Max: 0, Diff: 0, Sum: 0, Workers: 4
[3489.483s][debug][gc,phases      ] GC(241)     Total                          Min: 0, Avg: 2620.0, Max: 4672, Diff: 4672, Sum: 10480, Workers: 4
[3489.483s][debug][gc,phases      ] GC(241)   JNI Weak                       Min:  0.0, Avg:  0.0, Max:  0.0, Diff:  0.0, Sum:  0.0, Workers: 4
[3489.483s][debug][gc,phases      ] GC(241)     Dead                           Min: 0, Avg:  0.0, Max: 0, Diff: 0, Sum: 0, Workers: 4
[3489.483s][debug][gc,phases      ] GC(241)     Total                          Min: 0, Avg: 11.2, Max: 45, Diff: 45, Sum: 45, Workers: 4
[3489.483s][debug][gc,phases      ] GC(241)   StringDedup Table Weak         Min:  0.0, Avg:  0.0, Max:  0.0, Diff:  0.0, Sum:  0.0, Workers: 4
[3489.483s][debug][gc,phases      ] GC(241)     Dead                           Min: 0, Avg:  0.0, Max: 0, Diff: 0, Sum: 0, Workers: 4
[3489.483s][debug][gc,phases      ] GC(241)     Total                          Min: 0, Avg:  0.0, Max: 0, Diff: 0, Sum: 0, Workers: 4
[3489.483s][debug][gc,phases      ] GC(241)   StringDedup Requests0 Weak     Min:  0.0, Avg:  0.0, Max:  0.0, Diff:  0.0, Sum:  0.0, Workers: 4
[3489.483s][debug][gc,phases      ] GC(241)     Dead                           Min: 0, Avg:  0.0, Max: 0, Diff: 0, Sum: 0, Workers: 4
[3489.483s][debug][gc,phases      ] GC(241)     Total                          Min: 0, Avg:  0.0, Max: 0, Diff: 0, Sum: 0, Workers: 4
[3489.483s][debug][gc,phases      ] GC(241)   StringDedup Requests1 Weak     Min:  0.0, Avg:  0.0, Max:  0.0, Diff:  0.0, Sum:  0.0, Workers: 4
[3489.483s][debug][gc,phases      ] GC(241)     Dead                           Min: 0, Avg:  0.0, Max: 0, Diff: 0, Sum: 0, Workers: 4
[3489.483s][debug][gc,phases      ] GC(241)     Total                          Min: 0, Avg:  0.0, Max: 0, Diff: 0, Sum: 0, Workers: 4
[3489.483s][debug][gc,phases      ] GC(241)   Weak JFR Old Object Samples    Min:  0.0, Avg:  0.0, Max:  0.0, Diff:  0.0, Sum:  0.0, Workers: 4
[3489.483s][debug][gc,phases      ] GC(241)     Dead                           Min: 0, Avg:  0.0, Max: 0, Diff: 0, Sum: 0, Workers: 4
[3489.483s][debug][gc,phases      ] GC(241)     Total                          Min: 0, Avg:  0.0, Max: 0, Diff: 0, Sum: 0, Workers: 4
[3489.483s][debug][gc,phases      ] GC(241) Weak Processing 0.325ms
[3489.483s][debug][gc,age         ] GC(241) Desired survivor size 1048576 bytes, new threshold 15 (max threshold 15)
[3489.483s][info ][gc,heap        ] GC(241) PSYoungGen: 2094208K(2095616K)->128K(2095616K) Eden: 2094080K(2094080K)->0K(2094080K) From: 128K(1536K)->128K(1536K)
[3489.483s][info ][gc,heap        ] GC(241) ParOldGen: 309130K(351232K)->309146K(351232K)
[3489.483s][info ][gc,metaspace   ] GC(241) Metaspace: 85484K(86400K)->85484K(86400K) NonClass: 73010K(73536K)->73010K(73536K) Class: 12474K(12864K)->12474K(12864K)
[3489.483s][info ][gc             ] GC(241) Pause Young (Allocation Failure) 2347M->302M(2389M) 2.601ms
[3489.483s][info ][gc,cpu         ] GC(241) User=0.01s Sys=0.00s Real=0.00s
[3489.483s][info ][safepoint      ] Safepoint "ParallelGCFailedAllocation", Time since last: 31847601475 ns, Reaching safepoint: 4600 ns, Cleanup: 3800 ns, At safepoint: 2683294 ns, Total: 2691694 ns
[3521.329s][info ][gc,start       ] GC(242) Pause Young (Allocation Failure)
[3521.330s][debug][gc,phases      ] GC(242) Scavenge 1.228ms
[3521.330s][debug][gc,ref         ] GC(242) Skipped phase 1 of Reference Processing: no references
[3521.330s][debug][gc,ref         ] GC(242) Skipped phase 2 of Reference Processing: no references
[3521.330s][debug][gc,ref         ] GC(242) Skipped phase 3 of Reference Processing: no references
[3521.330s][debug][gc,ref         ] GC(242) Skipped phase 4 of Reference Processing: no references
[3521.330s][debug][gc,phases      ] GC(242) Reference Processing 0.021ms
[3521.330s][debug][gc,phases      ] GC(242)   VM Weak                        Min:  0.0, Avg:  0.0, Max:  0.0, Diff:  0.0, Sum:  0.0, Workers: 4
[3521.331s][debug][gc,phases      ] GC(242)     Dead                           Min: 0, Avg:  0.0, Max: 0, Diff: 0, Sum: 0, Workers: 4
[3521.331s][debug][gc,phases      ] GC(242)     Total                          Min: 0, Avg: 185.5, Max: 640, Diff: 640, Sum: 742, Workers: 4
[3521.331s][debug][gc,phases      ] GC(242)   ObjectSynchronizer Weak        Min:  0.0, Avg:  0.0, Max:  0.0, Diff:  0.0, Sum:  0.0, Workers: 4
[3521.331s][debug][gc,phases      ] GC(242)     Dead                           Min: 0, Avg:  0.0, Max: 0, Diff: 0, Sum: 0, Workers: 4
[3521.331s][debug][gc,phases      ] GC(242)     Total                          Min: 0, Avg:  0.8, Max: 3, Diff: 3, Sum: 3, Workers: 4
[3521.331s][debug][gc,phases      ] GC(242)   JVMTI Tag Weak OopStorage      Min:  0.0, Avg:  0.0, Max:  0.0, Diff:  0.0, Sum:  0.0, Workers: 4
[3521.331s][debug][gc,phases      ] GC(242)     Dead                           Min: 0, Avg:  0.0, Max: 0, Diff: 0, Sum: 0, Workers: 4
[3521.331s][debug][gc,phases      ] GC(242)     Total                          Min: 0, Avg:  0.0, Max: 0, Diff: 0, Sum: 0, Workers: 4
[3521.331s][debug][gc,phases      ] GC(242)   StringTable Weak               Min:  0.0, Avg:  0.1, Max:  0.1, Diff:  0.1, Sum:  0.4, Workers: 4
[3521.331s][debug][gc,phases      ] GC(242)     Dead                           Min: 0, Avg:  0.0, Max: 0, Diff: 0, Sum: 0, Workers: 4
[3521.331s][debug][gc,phases      ] GC(242)     Total                          Min: 0, Avg: 11030.5, Max: 18558, Diff: 18558, Sum: 44122, Workers: 4
[3521.331s][debug][gc,phases      ] GC(242)   ResolvedMethodTable Weak       Min:  0.0, Avg:  0.0, Max:  0.0, Diff:  0.0, Sum:  0.1, Workers: 4
[3521.331s][debug][gc,phases      ] GC(242)     Dead                           Min: 0, Avg:  0.0, Max: 0, Diff: 0, Sum: 0, Workers: 4
[3521.331s][debug][gc,phases      ] GC(242)     Total                          Min: 0, Avg: 2620.0, Max: 4480, Diff: 4480, Sum: 10480, Workers: 4
[3521.331s][debug][gc,phases      ] GC(242)   JNI Weak                       Min:  0.0, Avg:  0.0, Max:  0.0, Diff:  0.0, Sum:  0.0, Workers: 4
[3521.331s][debug][gc,phases      ] GC(242)     Dead                           Min: 0, Avg:  0.0, Max: 0, Diff: 0, Sum: 0, Workers: 4
[3521.331s][debug][gc,phases      ] GC(242)     Total                          Min: 0, Avg: 11.2, Max: 45, Diff: 45, Sum: 45, Workers: 4
[3521.331s][debug][gc,phases      ] GC(242)   StringDedup Table Weak         Min:  0.0, Avg:  0.0, Max:  0.0, Diff:  0.0, Sum:  0.0, Workers: 4
[3521.331s][debug][gc,phases      ] GC(242)     Dead                           Min: 0, Avg:  0.0, Max: 0, Diff: 0, Sum: 0, Workers: 4
[3521.331s][debug][gc,phases      ] GC(242)     Total                          Min: 0, Avg:  0.0, Max: 0, Diff: 0, Sum: 0, Workers: 4
[3521.331s][debug][gc,phases      ] GC(242)   StringDedup Requests0 Weak     Min:  0.0, Avg:  0.0, Max:  0.0, Diff:  0.0, Sum:  0.0, Workers: 4
[3521.331s][debug][gc,phases      ] GC(242)     Dead                           Min: 0, Avg:  0.0, Max: 0, Diff: 0, Sum: 0, Workers: 4
[3521.331s][debug][gc,phases      ] GC(242)     Total                          Min: 0, Avg:  0.0, Max: 0, Diff: 0, Sum: 0, Workers: 4
[3521.331s][debug][gc,phases      ] GC(242)   StringDedup Requests1 Weak     Min:  0.0, Avg:  0.0, Max:  0.0, Diff:  0.0, Sum:  0.0, Workers: 4
[3521.331s][debug][gc,phases      ] GC(242)     Dead                           Min: 0, Avg:  0.0, Max: 0, Diff: 0, Sum: 0, Workers: 4
[3521.331s][debug][gc,phases      ] GC(242)     Total                          Min: 0, Avg:  0.0, Max: 0, Diff: 0, Sum: 0, Workers: 4
[3521.331s][debug][gc,phases      ] GC(242)   Weak JFR Old Object Samples    Min:  0.0, Avg:  0.0, Max:  0.0, Diff:  0.0, Sum:  0.0, Workers: 4
[3521.331s][debug][gc,phases      ] GC(242)     Dead                           Min: 0, Avg:  0.0, Max: 0, Diff: 0, Sum: 0, Workers: 4
[3521.331s][debug][gc,phases      ] GC(242)     Total                          Min: 0, Avg:  0.0, Max: 0, Diff: 0, Sum: 0, Workers: 4
[3521.331s][debug][gc,phases      ] GC(242) Weak Processing 0.331ms
[3521.331s][debug][gc,age         ] GC(242) Desired survivor size 1048576 bytes, new threshold 15 (max threshold 15)
[3521.331s][info ][gc,heap        ] GC(242) PSYoungGen: 2094208K(2095616K)->128K(2096128K) Eden: 2094080K(2094080K)->0K(2095104K) From: 128K(1536K)->128K(1024K)
[3521.331s][info ][gc,heap        ] GC(242) ParOldGen: 309146K(351232K)->309154K(351232K)
[3521.331s][info ][gc,metaspace   ] GC(242) Metaspace: 85484K(86400K)->85484K(86400K) NonClass: 73010K(73536K)->73010K(73536K) Class: 12474K(12864K)->12474K(12864K)
[3521.331s][info ][gc             ] GC(242) Pause Young (Allocation Failure) 2347M->302M(2390M) 1.669ms
[3521.331s][info ][gc,cpu         ] GC(242) User=0.01s Sys=0.00s Real=0.00s
[3521.331s][info ][safepoint      ] Safepoint "ParallelGCFailedAllocation", Time since last: 31846255834 ns, Reaching safepoint: 4400 ns, Cleanup: 3300 ns, At safepoint: 1754596 ns, Total: 1762296 ns
[3553.179s][info ][gc,start       ] GC(243) Pause Young (Allocation Failure)
[3553.181s][debug][gc,phases      ] GC(243) Scavenge 2.255ms
[3553.181s][debug][gc,ref         ] GC(243) Skipped phase 1 of Reference Processing: no references
[3553.181s][debug][gc,ref         ] GC(243) Skipped phase 2 of Reference Processing: no references
[3553.181s][debug][gc,ref         ] GC(243) Skipped phase 3 of Reference Processing: no references
[3553.181s][debug][gc,ref         ] GC(243) Skipped phase 4 of Reference Processing: no references
[3553.181s][debug][gc,phases      ] GC(243) Reference Processing 0.021ms
[3553.182s][debug][gc,phases      ] GC(243)   VM Weak                        Min:  0.0, Avg:  0.0, Max:  0.0, Diff:  0.0, Sum:  0.0, Workers: 4
[3553.182s][debug][gc,phases      ] GC(243)     Dead                           Min: 0, Avg:  0.0, Max: 0, Diff: 0, Sum: 0, Workers: 4
[3553.182s][debug][gc,phases      ] GC(243)     Total                          Min: 0, Avg: 185.5, Max: 550, Diff: 550, Sum: 742, Workers: 4
[3553.182s][debug][gc,phases      ] GC(243)   ObjectSynchronizer Weak        Min:  0.0, Avg:  0.0, Max:  0.0, Diff:  0.0, Sum:  0.0, Workers: 4
[3553.182s][debug][gc,phases      ] GC(243)     Dead                           Min: 0, Avg:  0.0, Max: 0, Diff: 0, Sum: 0, Workers: 4
[3553.182s][debug][gc,phases      ] GC(243)     Total                          Min: 0, Avg:  0.8, Max: 3, Diff: 3, Sum: 3, Workers: 4
[3553.182s][debug][gc,phases      ] GC(243)   JVMTI Tag Weak OopStorage      Min:  0.0, Avg:  0.0, Max:  0.0, Diff:  0.0, Sum:  0.0, Workers: 4
[3553.182s][debug][gc,phases      ] GC(243)     Dead                           Min: 0, Avg:  0.0, Max: 0, Diff: 0, Sum: 0, Workers: 4
[3553.182s][debug][gc,phases      ] GC(243)     Total                          Min: 0, Avg:  0.0, Max: 0, Diff: 0, Sum: 0, Workers: 4
[3553.182s][debug][gc,phases      ] GC(243)   StringTable Weak               Min:  0.0, Avg:  0.1, Max:  0.1, Diff:  0.1, Sum:  0.4, Workers: 4
[3553.182s][debug][gc,phases      ] GC(243)     Dead                           Min: 0, Avg:  0.0, Max: 0, Diff: 0, Sum: 0, Workers: 4
[3553.182s][debug][gc,phases      ] GC(243)     Total                          Min: 0, Avg: 11030.5, Max: 18623, Diff: 18623, Sum: 44122, Workers: 4
[3553.182s][debug][gc,phases      ] GC(243)   ResolvedMethodTable Weak       Min:  0.0, Avg:  0.0, Max:  0.0, Diff:  0.0, Sum:  0.1, Workers: 4
[3553.182s][debug][gc,phases      ] GC(243)     Dead                           Min: 0, Avg:  0.0, Max: 0, Diff: 0, Sum: 0, Workers: 4
[3553.182s][debug][gc,phases      ] GC(243)     Total                          Min: 0, Avg: 2620.0, Max: 4592, Diff: 4592, Sum: 10480, Workers: 4
[3553.182s][debug][gc,phases      ] GC(243)   JNI Weak                       Min:  0.0, Avg:  0.0, Max:  0.0, Diff:  0.0, Sum:  0.0, Workers: 4
[3553.182s][debug][gc,phases      ] GC(243)     Dead                           Min: 0, Avg:  0.0, Max: 0, Diff: 0, Sum: 0, Workers: 4
[3553.182s][debug][gc,phases      ] GC(243)     Total                          Min: 0, Avg: 11.2, Max: 45, Diff: 45, Sum: 45, Workers: 4
[3553.182s][debug][gc,phases      ] GC(243)   StringDedup Table Weak         Min:  0.0, Avg:  0.0, Max:  0.0, Diff:  0.0, Sum:  0.0, Workers: 4
[3553.182s][debug][gc,phases      ] GC(243)     Dead                           Min: 0, Avg:  0.0, Max: 0, Diff: 0, Sum: 0, Workers: 4
[3553.182s][debug][gc,phases      ] GC(243)     Total                          Min: 0, Avg:  0.0, Max: 0, Diff: 0, Sum: 0, Workers: 4
[3553.182s][debug][gc,phases      ] GC(243)   StringDedup Requests0 Weak     Min:  0.0, Avg:  0.0, Max:  0.0, Diff:  0.0, Sum:  0.0, Workers: 4
[3553.182s][debug][gc,phases      ] GC(243)     Dead                           Min: 0, Avg:  0.0, Max: 0, Diff: 0, Sum: 0, Workers: 4
[3553.182s][debug][gc,phases      ] GC(243)     Total                          Min: 0, Avg:  0.0, Max: 0, Diff: 0, Sum: 0, Workers: 4
[3553.182s][debug][gc,phases      ] GC(243)   StringDedup Requests1 Weak     Min:  0.0, Avg:  0.0, Max:  0.0, Diff:  0.0, Sum:  0.0, Workers: 4
[3553.182s][debug][gc,phases      ] GC(243)     Dead                           Min: 0, Avg:  0.0, Max: 0, Diff: 0, Sum: 0, Workers: 4
[3553.182s][debug][gc,phases      ] GC(243)     Total                          Min: 0, Avg:  0.0, Max: 0, Diff: 0, Sum: 0, Workers: 4
[3553.182s][debug][gc,phases      ] GC(243)   Weak JFR Old Object Samples    Min:  0.0, Avg:  0.0, Max:  0.0, Diff:  0.0, Sum:  0.0, Workers: 4
[3553.182s][debug][gc,phases      ] GC(243)     Dead                           Min: 0, Avg:  0.0, Max: 0, Diff: 0, Sum: 0, Workers: 4
[3553.182s][debug][gc,phases      ] GC(243)     Total                          Min: 0, Avg:  0.0, Max: 0, Diff: 0, Sum: 0, Workers: 4
[3553.182s][debug][gc,phases      ] GC(243) Weak Processing 0.343ms
[3553.182s][debug][gc,age         ] GC(243) Desired survivor size 1048576 bytes, new threshold 15 (max threshold 15)
[3553.182s][info ][gc,heap        ] GC(243) PSYoungGen: 2095232K(2096128K)->128K(2096128K) Eden: 2095104K(2095104K)->0K(2095104K) From: 128K(1024K)->128K(1024K)
[3553.182s][info ][gc,heap        ] GC(243) ParOldGen: 309154K(351232K)->309162K(351232K)
[3553.182s][info ][gc,metaspace   ] GC(243) Metaspace: 85484K(86400K)->85484K(86400K) NonClass: 73010K(73536K)->73010K(73536K) Class: 12474K(12864K)->12474K(12864K)
[3553.182s][info ][gc             ] GC(243) Pause Young (Allocation Failure) 2348M->302M(2390M) 2.707ms
[3553.182s][info ][gc,cpu         ] GC(243) User=0.01s Sys=0.00s Real=0.01s
[3553.182s][info ][safepoint      ] Safepoint "ParallelGCFailedAllocation", Time since last: 31848380276 ns, Reaching safepoint: 4300 ns, Cleanup: 3900 ns, At safepoint: 2795694 ns, Total: 2803894 ns
[3585.029s][info ][gc,start       ] GC(244) Pause Young (Allocation Failure)
[3585.031s][debug][gc,phases      ] GC(244) Scavenge 1.274ms
[3585.031s][debug][gc,ref         ] GC(244) Skipped phase 1 of Reference Processing: no references
[3585.031s][debug][gc,ref         ] GC(244) Skipped phase 2 of Reference Processing: no references
[3585.031s][debug][gc,ref         ] GC(244) Skipped phase 3 of Reference Processing: no references
[3585.031s][debug][gc,ref         ] GC(244) Skipped phase 4 of Reference Processing: no references
[3585.031s][debug][gc,phases      ] GC(244) Reference Processing 0.019ms
[3585.031s][debug][gc,phases      ] GC(244)   VM Weak                        Min:  0.0, Avg:  0.0, Max:  0.0, Diff:  0.0, Sum:  0.0, Workers: 4
[3585.031s][debug][gc,phases      ] GC(244)     Dead                           Min: 0, Avg:  0.0, Max: 0, Diff: 0, Sum: 0, Workers: 4
[3585.031s][debug][gc,phases      ] GC(244)     Total                          Min: 0, Avg: 185.5, Max: 742, Diff: 742, Sum: 742, Workers: 4
[3585.031s][debug][gc,phases      ] GC(244)   ObjectSynchronizer Weak        Min:  0.0, Avg:  0.0, Max:  0.0, Diff:  0.0, Sum:  0.0, Workers: 4
[3585.031s][debug][gc,phases      ] GC(244)     Dead                           Min: 0, Avg:  0.0, Max: 0, Diff: 0, Sum: 0, Workers: 4
[3585.031s][debug][gc,phases      ] GC(244)     Total                          Min: 0, Avg:  0.8, Max: 3, Diff: 3, Sum: 3, Workers: 4
[3585.031s][debug][gc,phases      ] GC(244)   JVMTI Tag Weak OopStorage      Min:  0.0, Avg:  0.0, Max:  0.0, Diff:  0.0, Sum:  0.0, Workers: 4
[3585.031s][debug][gc,phases      ] GC(244)     Dead                           Min: 0, Avg:  0.0, Max: 0, Diff: 0, Sum: 0, Workers: 4
[3585.031s][debug][gc,phases      ] GC(244)     Total                          Min: 0, Avg:  0.0, Max: 0, Diff: 0, Sum: 0, Workers: 4
[3585.031s][debug][gc,phases      ] GC(244)   StringTable Weak               Min:  0.0, Avg:  0.1, Max:  0.1, Diff:  0.1, Sum:  0.3, Workers: 4
[3585.031s][debug][gc,phases      ] GC(244)     Dead                           Min: 0, Avg:  0.0, Max: 0, Diff: 0, Sum: 0, Workers: 4
[3585.031s][debug][gc,phases      ] GC(244)     Total                          Min: 0, Avg: 11030.5, Max: 19712, Diff: 19712, Sum: 44122, Workers: 4
[3585.031s][debug][gc,phases      ] GC(244)   ResolvedMethodTable Weak       Min:  0.0, Avg:  0.0, Max:  0.0, Diff:  0.0, Sum:  0.1, Workers: 4
[3585.031s][debug][gc,phases      ] GC(244)     Dead                           Min: 0, Avg:  0.0, Max: 0, Diff: 0, Sum: 0, Workers: 4
[3585.031s][debug][gc,phases      ] GC(244)     Total                          Min: 0, Avg: 2620.0, Max: 4542, Diff: 4542, Sum: 10480, Workers: 4
[3585.031s][debug][gc,phases      ] GC(244)   JNI Weak                       Min:  0.0, Avg:  0.0, Max:  0.0, Diff:  0.0, Sum:  0.0, Workers: 4
[3585.031s][debug][gc,phases      ] GC(244)     Dead                           Min: 0, Avg:  0.0, Max: 0, Diff: 0, Sum: 0, Workers: 4
[3585.031s][debug][gc,phases      ] GC(244)     Total                          Min: 0, Avg: 11.2, Max: 45, Diff: 45, Sum: 45, Workers: 4
[3585.031s][debug][gc,phases      ] GC(244)   StringDedup Table Weak         Min:  0.0, Avg:  0.0, Max:  0.0, Diff:  0.0, Sum:  0.0, Workers: 4
[3585.031s][debug][gc,phases      ] GC(244)     Dead                           Min: 0, Avg:  0.0, Max: 0, Diff: 0, Sum: 0, Workers: 4
[3585.031s][debug][gc,phases      ] GC(244)     Total                          Min: 0, Avg:  0.0, Max: 0, Diff: 0, Sum: 0, Workers: 4
[3585.031s][debug][gc,phases      ] GC(244)   StringDedup Requests0 Weak     Min:  0.0, Avg:  0.0, Max:  0.0, Diff:  0.0, Sum:  0.0, Workers: 4
[3585.031s][debug][gc,phases      ] GC(244)     Dead                           Min: 0, Avg:  0.0, Max: 0, Diff: 0, Sum: 0, Workers: 4
[3585.031s][debug][gc,phases      ] GC(244)     Total                          Min: 0, Avg:  0.0, Max: 0, Diff: 0, Sum: 0, Workers: 4
[3585.031s][debug][gc,phases      ] GC(244)   StringDedup Requests1 Weak     Min:  0.0, Avg:  0.0, Max:  0.0, Diff:  0.0, Sum:  0.0, Workers: 4
[3585.031s][debug][gc,phases      ] GC(244)     Dead                           Min: 0, Avg:  0.0, Max: 0, Diff: 0, Sum: 0, Workers: 4
[3585.031s][debug][gc,phases      ] GC(244)     Total                          Min: 0, Avg:  0.0, Max: 0, Diff: 0, Sum: 0, Workers: 4
[3585.031s][debug][gc,phases      ] GC(244)   Weak JFR Old Object Samples    Min:  0.0, Avg:  0.0, Max:  0.0, Diff:  0.0, Sum:  0.0, Workers: 4
[3585.031s][debug][gc,phases      ] GC(244)     Dead                           Min: 0, Avg:  0.0, Max: 0, Diff: 0, Sum: 0, Workers: 4
[3585.031s][debug][gc,phases      ] GC(244)     Total                          Min: 0, Avg:  0.0, Max: 0, Diff: 0, Sum: 0, Workers: 4
[3585.031s][debug][gc,phases      ] GC(244) Weak Processing 0.335ms
[3585.031s][debug][gc,age         ] GC(244) Desired survivor size 1048576 bytes, new threshold 15 (max threshold 15)
[3585.031s][info ][gc,heap        ] GC(244) PSYoungGen: 2095232K(2096128K)->128K(2096128K) Eden: 2095104K(2095104K)->0K(2095104K) From: 128K(1024K)->128K(1024K)
[3585.031s][info ][gc,heap        ] GC(244) ParOldGen: 309162K(351232K)->309170K(351232K)
[3585.031s][info ][gc,metaspace   ] GC(244) Metaspace: 85484K(86400K)->85484K(86400K) NonClass: 73010K(73536K)->73010K(73536K) Class: 12474K(12864K)->12474K(12864K)
[3585.031s][info ][gc             ] GC(244) Pause Young (Allocation Failure) 2348M->302M(2390M) 1.709ms
[3585.031s][info ][gc,cpu         ] GC(244) User=0.00s Sys=0.00s Real=0.00s
[3585.031s][info ][safepoint      ] Safepoint "ParallelGCFailedAllocation", Time since last: 31847520696 ns, Reaching safepoint: 4500 ns, Cleanup: 3900 ns, At safepoint: 1787496 ns, Total: 1795896 ns
[3602.032s][info ][safepoint      ] Safepoint "Cleanup", Time since last: 17001126358 ns, Reaching safepoint: 81000 ns, Cleanup: 11100 ns, At safepoint: 10400 ns, Total: 102500 ns
[3616.279s][info ][gc,start       ] GC(245) Pause Young (Allocation Failure)
[3616.281s][debug][gc,phases      ] GC(245) Scavenge 1.493ms
[3616.281s][debug][gc,ref         ] GC(245) Skipped phase 1 of Reference Processing: no references
[3616.281s][debug][gc,ref         ] GC(245) ReferenceProcessor::execute queues: 1, RefProcThreadModel::Single, marks_oops_alive: false
[3616.281s][debug][gc,ref         ] GC(245) Skipped phase 3 of Reference Processing: no references
[3616.281s][debug][gc,ref         ] GC(245) Skipped phase 4 of Reference Processing: no references
[3616.281s][debug][gc,phases      ] GC(245) Reference Processing 0.098ms
[3616.281s][debug][gc,phases      ] GC(245)   VM Weak                        Min:  0.0, Avg:  0.0, Max:  0.0, Diff:  0.0, Sum:  0.0, Workers: 4
[3616.281s][debug][gc,phases      ] GC(245)     Dead                           Min: 0, Avg:  0.0, Max: 0, Diff: 0, Sum: 0, Workers: 4
[3616.281s][debug][gc,phases      ] GC(245)     Total                          Min: 0, Avg: 185.5, Max: 704, Diff: 704, Sum: 742, Workers: 4
[3616.281s][debug][gc,phases      ] GC(245)   ObjectSynchronizer Weak        Min:  0.0, Avg:  0.0, Max:  0.0, Diff:  0.0, Sum:  0.0, Workers: 4
[3616.281s][debug][gc,phases      ] GC(245)     Dead                           Min: 0, Avg:  0.0, Max: 0, Diff: 0, Sum: 0, Workers: 4
[3616.281s][debug][gc,phases      ] GC(245)     Total                          Min: 0, Avg:  0.8, Max: 3, Diff: 3, Sum: 3, Workers: 4
[3616.281s][debug][gc,phases      ] GC(245)   JVMTI Tag Weak OopStorage      Min:  0.0, Avg:  0.0, Max:  0.0, Diff:  0.0, Sum:  0.0, Workers: 4
[3616.281s][debug][gc,phases      ] GC(245)     Dead                           Min: 0, Avg:  0.0, Max: 0, Diff: 0, Sum: 0, Workers: 4
[3616.281s][debug][gc,phases      ] GC(245)     Total                          Min: 0, Avg:  0.0, Max: 0, Diff: 0, Sum: 0, Workers: 4
[3616.281s][debug][gc,phases      ] GC(245)   StringTable Weak               Min:  0.0, Avg:  0.1, Max:  0.1, Diff:  0.1, Sum:  0.4, Workers: 4
[3616.281s][debug][gc,phases      ] GC(245)     Dead                           Min: 0, Avg:  0.0, Max: 0, Diff: 0, Sum: 0, Workers: 4
[3616.281s][debug][gc,phases      ] GC(245)     Total                          Min: 0, Avg: 11032.5, Max: 18367, Diff: 18367, Sum: 44130, Workers: 4
[3616.281s][debug][gc,phases      ] GC(245)   ResolvedMethodTable Weak       Min:  0.0, Avg:  0.0, Max:  0.0, Diff:  0.0, Sum:  0.1, Workers: 4
[3616.281s][debug][gc,phases      ] GC(245)     Dead                           Min: 0, Avg:  0.0, Max: 0, Diff: 0, Sum: 0, Workers: 4
[3616.281s][debug][gc,phases      ] GC(245)     Total                          Min: 0, Avg: 2620.0, Max: 4478, Diff: 4478, Sum: 10480, Workers: 4
[3616.281s][debug][gc,phases      ] GC(245)   JNI Weak                       Min:  0.0, Avg:  0.0, Max:  0.0, Diff:  0.0, Sum:  0.0, Workers: 4
[3616.281s][debug][gc,phases      ] GC(245)     Dead                           Min: 0, Avg:  0.0, Max: 0, Diff: 0, Sum: 0, Workers: 4
[3616.281s][debug][gc,phases      ] GC(245)     Total                          Min: 0, Avg: 11.2, Max: 45, Diff: 45, Sum: 45, Workers: 4
[3616.281s][debug][gc,phases      ] GC(245)   StringDedup Table Weak         Min:  0.0, Avg:  0.0, Max:  0.0, Diff:  0.0, Sum:  0.0, Workers: 4
[3616.281s][debug][gc,phases      ] GC(245)     Dead                           Min: 0, Avg:  0.0, Max: 0, Diff: 0, Sum: 0, Workers: 4
[3616.281s][debug][gc,phases      ] GC(245)     Total                          Min: 0, Avg:  0.0, Max: 0, Diff: 0, Sum: 0, Workers: 4
[3616.281s][debug][gc,phases      ] GC(245)   StringDedup Requests0 Weak     Min:  0.0, Avg:  0.0, Max:  0.0, Diff:  0.0, Sum:  0.0, Workers: 4
[3616.281s][debug][gc,phases      ] GC(245)     Dead                           Min: 0, Avg:  0.0, Max: 0, Diff: 0, Sum: 0, Workers: 4
[3616.281s][debug][gc,phases      ] GC(245)     Total                          Min: 0, Avg:  0.0, Max: 0, Diff: 0, Sum: 0, Workers: 4
[3616.281s][debug][gc,phases      ] GC(245)   StringDedup Requests1 Weak     Min:  0.0, Avg:  0.0, Max:  0.0, Diff:  0.0, Sum:  0.0, Workers: 4
[3616.281s][debug][gc,phases      ] GC(245)     Dead                           Min: 0, Avg:  0.0, Max: 0, Diff: 0, Sum: 0, Workers: 4
[3616.281s][debug][gc,phases      ] GC(245)     Total                          Min: 0, Avg:  0.0, Max: 0, Diff: 0, Sum: 0, Workers: 4
[3616.281s][debug][gc,phases      ] GC(245)   Weak JFR Old Object Samples    Min:  0.0, Avg:  0.0, Max:  0.0, Diff:  0.0, Sum:  0.0, Workers: 4
[3616.281s][debug][gc,phases      ] GC(245)     Dead                           Min: 0, Avg:  0.0, Max: 0, Diff: 0, Sum: 0, Workers: 4
[3616.281s][debug][gc,phases      ] GC(245)     Total                          Min: 0, Avg:  0.0, Max: 0, Diff: 0, Sum: 0, Workers: 4
[3616.281s][debug][gc,phases      ] GC(245) Weak Processing 0.335ms
[3616.281s][debug][gc,age         ] GC(245) Desired survivor size 1048576 bytes, new threshold 15 (max threshold 15)
[3616.281s][info ][gc,heap        ] GC(245) PSYoungGen: 2095232K(2096128K)->128K(2096128K) Eden: 2095104K(2095104K)->0K(2095104K) From: 128K(1024K)->128K(1024K)
[3616.281s][info ][gc,heap        ] GC(245) ParOldGen: 309170K(351232K)->309178K(351232K)
[3616.281s][info ][gc,metaspace   ] GC(245) Metaspace: 85488K(86400K)->85488K(86400K) NonClass: 73014K(73536K)->73014K(73536K) Class: 12474K(12864K)->12474K(12864K)
[3616.281s][info ][gc             ] GC(245) Pause Young (Allocation Failure) 2348M->302M(2390M) 2.013ms
[3616.281s][info ][gc,cpu         ] GC(245) User=0.01s Sys=0.00s Real=0.01s
[3616.281s][info ][safepoint      ] Safepoint "ParallelGCFailedAllocation", Time since last: 14246971369 ns, Reaching safepoint: 4300 ns, Cleanup: 4300 ns, At safepoint: 2095795 ns, Total: 2104395 ns
[3647.479s][info ][gc,start       ] GC(246) Pause Young (Allocation Failure)
[3647.481s][debug][gc,phases      ] GC(246) Scavenge 1.854ms
[3647.481s][debug][gc,ref         ] GC(246) Skipped phase 1 of Reference Processing: no references
[3647.481s][debug][gc,ref         ] GC(246) ReferenceProcessor::execute queues: 1, RefProcThreadModel::Single, marks_oops_alive: false
[3647.481s][debug][gc,ref         ] GC(246) Skipped phase 3 of Reference Processing: no references
[3647.481s][debug][gc,ref         ] GC(246) Skipped phase 4 of Reference Processing: no references
[3647.481s][debug][gc,phases      ] GC(246) Reference Processing 0.088ms
[3647.481s][debug][gc,phases      ] GC(246)   VM Weak                        Min:  0.0, Avg:  0.0, Max:  0.0, Diff:  0.0, Sum:  0.0, Workers: 4
[3647.481s][debug][gc,phases      ] GC(246)     Dead                           Min: 0, Avg:  0.0, Max: 0, Diff: 0, Sum: 0, Workers: 4
[3647.481s][debug][gc,phases      ] GC(246)     Total                          Min: 0, Avg: 185.5, Max: 550, Diff: 550, Sum: 742, Workers: 4
[3647.481s][debug][gc,phases      ] GC(246)   ObjectSynchronizer Weak        Min:  0.0, Avg:  0.0, Max:  0.0, Diff:  0.0, Sum:  0.0, Workers: 4
[3647.481s][debug][gc,phases      ] GC(246)     Dead                           Min: 0, Avg:  0.0, Max: 0, Diff: 0, Sum: 0, Workers: 4
[3647.481s][debug][gc,phases      ] GC(246)     Total                          Min: 0, Avg:  0.8, Max: 3, Diff: 3, Sum: 3, Workers: 4
[3647.481s][debug][gc,phases      ] GC(246)   JVMTI Tag Weak OopStorage      Min:  0.0, Avg:  0.0, Max:  0.0, Diff:  0.0, Sum:  0.0, Workers: 4
[3647.481s][debug][gc,phases      ] GC(246)     Dead                           Min: 0, Avg:  0.0, Max: 0, Diff: 0, Sum: 0, Workers: 4
[3647.481s][debug][gc,phases      ] GC(246)     Total                          Min: 0, Avg:  0.0, Max: 0, Diff: 0, Sum: 0, Workers: 4
[3647.481s][debug][gc,phases      ] GC(246)   StringTable Weak               Min:  0.0, Avg:  0.1, Max:  0.1, Diff:  0.1, Sum:  0.4, Workers: 4
[3647.481s][debug][gc,phases      ] GC(246)     Dead                           Min: 0, Avg:  0.0, Max: 0, Diff: 0, Sum: 0, Workers: 4
[3647.481s][debug][gc,phases      ] GC(246)     Total                          Min: 0, Avg: 11032.5, Max: 19748, Diff: 19748, Sum: 44130, Workers: 4
[3647.481s][debug][gc,phases      ] GC(246)   ResolvedMethodTable Weak       Min:  0.0, Avg:  0.0, Max:  0.0, Diff:  0.0, Sum:  0.1, Workers: 4
[3647.481s][debug][gc,phases      ] GC(246)     Dead                           Min: 0, Avg:  0.0, Max: 0, Diff: 0, Sum: 0, Workers: 4
[3647.481s][debug][gc,phases      ] GC(246)     Total                          Min: 0, Avg: 2620.0, Max: 4670, Diff: 4670, Sum: 10480, Workers: 4
[3647.481s][debug][gc,phases      ] GC(246)   JNI Weak                       Min:  0.0, Avg:  0.0, Max:  0.0, Diff:  0.0, Sum:  0.0, Workers: 4
[3647.481s][debug][gc,phases      ] GC(246)     Dead                           Min: 0, Avg:  0.0, Max: 0, Diff: 0, Sum: 0, Workers: 4
[3647.481s][debug][gc,phases      ] GC(246)     Total                          Min: 0, Avg: 11.2, Max: 45, Diff: 45, Sum: 45, Workers: 4
[3647.481s][debug][gc,phases      ] GC(246)   StringDedup Table Weak         Min:  0.0, Avg:  0.0, Max:  0.0, Diff:  0.0, Sum:  0.0, Workers: 4
[3647.481s][debug][gc,phases      ] GC(246)     Dead                           Min: 0, Avg:  0.0, Max: 0, Diff: 0, Sum: 0, Workers: 4
[3647.481s][debug][gc,phases      ] GC(246)     Total                          Min: 0, Avg:  0.0, Max: 0, Diff: 0, Sum: 0, Workers: 4
[3647.481s][debug][gc,phases      ] GC(246)   StringDedup Requests0 Weak     Min:  0.0, Avg:  0.0, Max:  0.0, Diff:  0.0, Sum:  0.0, Workers: 4
[3647.481s][debug][gc,phases      ] GC(246)     Dead                           Min: 0, Avg:  0.0, Max: 0, Diff: 0, Sum: 0, Workers: 4
[3647.481s][debug][gc,phases      ] GC(246)     Total                          Min: 0, Avg:  0.0, Max: 0, Diff: 0, Sum: 0, Workers: 4
[3647.481s][debug][gc,phases      ] GC(246)   StringDedup Requests1 Weak     Min:  0.0, Avg:  0.0, Max:  0.0, Diff:  0.0, Sum:  0.0, Workers: 4
[3647.481s][debug][gc,phases      ] GC(246)     Dead                           Min: 0, Avg:  0.0, Max: 0, Diff: 0, Sum: 0, Workers: 4
[3647.481s][debug][gc,phases      ] GC(246)     Total                          Min: 0, Avg:  0.0, Max: 0, Diff: 0, Sum: 0, Workers: 4
[3647.481s][debug][gc,phases      ] GC(246)   Weak JFR Old Object Samples    Min:  0.0, Avg:  0.0, Max:  0.0, Diff:  0.0, Sum:  0.0, Workers: 4
[3647.481s][debug][gc,phases      ] GC(246)     Dead                           Min: 0, Avg:  0.0, Max: 0, Diff: 0, Sum: 0, Workers: 4
[3647.481s][debug][gc,phases      ] GC(246)     Total                          Min: 0, Avg:  0.0, Max: 0, Diff: 0, Sum: 0, Workers: 4
[3647.481s][debug][gc,phases      ] GC(246) Weak Processing 0.329ms
[3647.481s][debug][gc,age         ] GC(246) Desired survivor size 1048576 bytes, new threshold 15 (max threshold 15)
[3647.481s][info ][gc,heap        ] GC(246) PSYoungGen: 2095232K(2096128K)->128K(2096128K) Eden: 2095104K(2095104K)->0K(2095104K) From: 128K(1024K)->128K(1024K)
[3647.481s][info ][gc,heap        ] GC(246) ParOldGen: 309178K(351232K)->309186K(351232K)
[3647.481s][info ][gc,metaspace   ] GC(246) Metaspace: 85488K(86400K)->85488K(86400K) NonClass: 73014K(73536K)->73014K(73536K) Class: 12474K(12864K)->12474K(12864K)
[3647.481s][info ][gc             ] GC(246) Pause Young (Allocation Failure) 2348M->302M(2390M) 2.356ms
[3647.481s][info ][gc,cpu         ] GC(246) User=0.01s Sys=0.00s Real=0.01s
[3647.481s][info ][safepoint      ] Safepoint "ParallelGCFailedAllocation", Time since last: 31197317125 ns, Reaching safepoint: 75200 ns, Cleanup: 3500 ns, At safepoint: 2441494 ns, Total: 2520194 ns
[3679.230s][info ][gc,start       ] GC(247) Pause Young (Allocation Failure)
[3679.231s][debug][gc,phases      ] GC(247) Scavenge 1.219ms
[3679.231s][debug][gc,ref         ] GC(247) Skipped phase 1 of Reference Processing: no references
[3679.231s][debug][gc,ref         ] GC(247) ReferenceProcessor::execute queues: 1, RefProcThreadModel::Single, marks_oops_alive: false
[3679.231s][debug][gc,ref         ] GC(247) Skipped phase 3 of Reference Processing: no references
[3679.231s][debug][gc,ref         ] GC(247) Skipped phase 4 of Reference Processing: no references
[3679.231s][debug][gc,phases      ] GC(247) Reference Processing 0.091ms
[3679.231s][debug][gc,phases      ] GC(247)   VM Weak                        Min:  0.0, Avg:  0.0, Max:  0.0, Diff:  0.0, Sum:  0.0, Workers: 4
[3679.231s][debug][gc,phases      ] GC(247)     Dead                           Min: 0, Avg:  0.0, Max: 0, Diff: 0, Sum: 0, Workers: 4
[3679.231s][debug][gc,phases      ] GC(247)     Total                          Min: 0, Avg: 185.5, Max: 742, Diff: 742, Sum: 742, Workers: 4
[3679.231s][debug][gc,phases      ] GC(247)   ObjectSynchronizer Weak        Min:  0.0, Avg:  0.0, Max:  0.0, Diff:  0.0, Sum:  0.0, Workers: 4
[3679.231s][debug][gc,phases      ] GC(247)     Dead                           Min: 0, Avg:  0.0, Max: 0, Diff: 0, Sum: 0, Workers: 4
[3679.231s][debug][gc,phases      ] GC(247)     Total                          Min: 0, Avg:  0.8, Max: 3, Diff: 3, Sum: 3, Workers: 4
[3679.231s][debug][gc,phases      ] GC(247)   JVMTI Tag Weak OopStorage      Min:  0.0, Avg:  0.0, Max:  0.0, Diff:  0.0, Sum:  0.0, Workers: 4
[3679.231s][debug][gc,phases      ] GC(247)     Dead                           Min: 0, Avg:  0.0, Max: 0, Diff: 0, Sum: 0, Workers: 4
[3679.231s][debug][gc,phases      ] GC(247)     Total                          Min: 0, Avg:  0.0, Max: 0, Diff: 0, Sum: 0, Workers: 4
[3679.231s][debug][gc,phases      ] GC(247)   StringTable Weak               Min:  0.0, Avg:  0.1, Max:  0.1, Diff:  0.1, Sum:  0.4, Workers: 4
[3679.231s][debug][gc,phases      ] GC(247)     Dead                           Min: 0, Avg:  0.0, Max: 0, Diff: 0, Sum: 0, Workers: 4
[3679.231s][debug][gc,phases      ] GC(247)     Total                          Min: 0, Avg: 11032.5, Max: 19235, Diff: 19235, Sum: 44130, Workers: 4
[3679.231s][debug][gc,phases      ] GC(247)   ResolvedMethodTable Weak       Min:  0.0, Avg:  0.0, Max:  0.0, Diff:  0.0, Sum:  0.1, Workers: 4
[3679.231s][debug][gc,phases      ] GC(247)     Dead                           Min: 0, Avg:  0.0, Max: 0, Diff: 0, Sum: 0, Workers: 4
[3679.231s][debug][gc,phases      ] GC(247)     Total                          Min: 0, Avg: 2620.0, Max: 4734, Diff: 4734, Sum: 10480, Workers: 4
[3679.231s][debug][gc,phases      ] GC(247)   JNI Weak                       Min:  0.0, Avg:  0.0, Max:  0.0, Diff:  0.0, Sum:  0.0, Workers: 4
[3679.231s][debug][gc,phases      ] GC(247)     Dead                           Min: 0, Avg:  0.0, Max: 0, Diff: 0, Sum: 0, Workers: 4
[3679.231s][debug][gc,phases      ] GC(247)     Total                          Min: 0, Avg: 11.2, Max: 45, Diff: 45, Sum: 45, Workers: 4
[3679.231s][debug][gc,phases      ] GC(247)   StringDedup Table Weak         Min:  0.0, Avg:  0.0, Max:  0.0, Diff:  0.0, Sum:  0.0, Workers: 4
[3679.231s][debug][gc,phases      ] GC(247)     Dead                           Min: 0, Avg:  0.0, Max: 0, Diff: 0, Sum: 0, Workers: 4
[3679.231s][debug][gc,phases      ] GC(247)     Total                          Min: 0, Avg:  0.0, Max: 0, Diff: 0, Sum: 0, Workers: 4
[3679.231s][debug][gc,phases      ] GC(247)   StringDedup Requests0 Weak     Min:  0.0, Avg:  0.0, Max:  0.0, Diff:  0.0, Sum:  0.0, Workers: 4
[3679.231s][debug][gc,phases      ] GC(247)     Dead                           Min: 0, Avg:  0.0, Max: 0, Diff: 0, Sum: 0, Workers: 4
[3679.231s][debug][gc,phases      ] GC(247)     Total                          Min: 0, Avg:  0.0, Max: 0, Diff: 0, Sum: 0, Workers: 4
[3679.231s][debug][gc,phases      ] GC(247)   StringDedup Requests1 Weak     Min:  0.0, Avg:  0.0, Max:  0.0, Diff:  0.0, Sum:  0.0, Workers: 4
[3679.231s][debug][gc,phases      ] GC(247)     Dead                           Min: 0, Avg:  0.0, Max: 0, Diff: 0, Sum: 0, Workers: 4
[3679.231s][debug][gc,phases      ] GC(247)     Total                          Min: 0, Avg:  0.0, Max: 0, Diff: 0, Sum: 0, Workers: 4
[3679.231s][debug][gc,phases      ] GC(247)   Weak JFR Old Object Samples    Min:  0.0, Avg:  0.0, Max:  0.0, Diff:  0.0, Sum:  0.0, Workers: 4
[3679.231s][debug][gc,phases      ] GC(247)     Dead                           Min: 0, Avg:  0.0, Max: 0, Diff: 0, Sum: 0, Workers: 4
[3679.231s][debug][gc,phases      ] GC(247)     Total                          Min: 0, Avg:  0.0, Max: 0, Diff: 0, Sum: 0, Workers: 4
[3679.231s][debug][gc,phases      ] GC(247) Weak Processing 0.330ms
[3679.231s][debug][gc,age         ] GC(247) Desired survivor size 1048576 bytes, new threshold 15 (max threshold 15)
[3679.231s][info ][gc,heap        ] GC(247) PSYoungGen: 2095232K(2096128K)->128K(2096128K) Eden: 2095104K(2095104K)->0K(2095104K) From: 128K(1024K)->128K(1024K)
[3679.231s][info ][gc,heap        ] GC(247) ParOldGen: 309186K(351232K)->309194K(351232K)
[3679.231s][info ][gc,metaspace   ] GC(247) Metaspace: 85488K(86400K)->85488K(86400K) NonClass: 73014K(73536K)->73014K(73536K) Class: 12474K(12864K)->12474K(12864K)
[3679.231s][info ][gc             ] GC(247) Pause Young (Allocation Failure) 2348M->302M(2390M) 1.722ms
[3679.231s][info ][gc,cpu         ] GC(247) User=0.01s Sys=0.00s Real=0.00s
[3679.231s][info ][safepoint      ] Safepoint "ParallelGCFailedAllocation", Time since last: 31748121538 ns, Reaching safepoint: 4500 ns, Cleanup: 3900 ns, At safepoint: 1803996 ns, Total: 1812396 ns
[3708.233s][info ][safepoint      ] Safepoint "Cleanup", Time since last: 29001834373 ns, Reaching safepoint: 4600 ns, Cleanup: 8700 ns, At safepoint: 1700 ns, Total: 15000 ns
[3710.880s][info ][gc,start       ] GC(248) Pause Young (Allocation Failure)
[3710.882s][debug][gc,phases      ] GC(248) Scavenge 2.187ms
[3710.882s][debug][gc,ref         ] GC(248) Skipped phase 1 of Reference Processing: no references
[3710.882s][debug][gc,ref         ] GC(248) ReferenceProcessor::execute queues: 1, RefProcThreadModel::Single, marks_oops_alive: false
[3710.882s][debug][gc,ref         ] GC(248) Skipped phase 3 of Reference Processing: no references
[3710.882s][debug][gc,ref         ] GC(248) ReferenceProcessor::execute queues: 1, RefProcThreadModel::Single, marks_oops_alive: false
[3710.882s][debug][gc,phases      ] GC(248) Reference Processing 0.100ms
[3710.883s][debug][gc,phases      ] GC(248)   VM Weak                        Min:  0.0, Avg:  0.0, Max:  0.0, Diff:  0.0, Sum:  0.0, Workers: 4
[3710.883s][debug][gc,phases      ] GC(248)     Dead                           Min: 0, Avg:  0.0, Max: 0, Diff: 0, Sum: 0, Workers: 4
[3710.883s][debug][gc,phases      ] GC(248)     Total                          Min: 0, Avg: 185.5, Max: 422, Diff: 422, Sum: 742, Workers: 4
[3710.883s][debug][gc,phases      ] GC(248)   ObjectSynchronizer Weak        Min:  0.0, Avg:  0.0, Max:  0.0, Diff:  0.0, Sum:  0.0, Workers: 4
[3710.883s][debug][gc,phases      ] GC(248)     Dead                           Min: 0, Avg:  0.0, Max: 0, Diff: 0, Sum: 0, Workers: 4
[3710.883s][debug][gc,phases      ] GC(248)     Total                          Min: 0, Avg:  0.8, Max: 3, Diff: 3, Sum: 3, Workers: 4
[3710.883s][debug][gc,phases      ] GC(248)   JVMTI Tag Weak OopStorage      Min:  0.0, Avg:  0.0, Max:  0.0, Diff:  0.0, Sum:  0.0, Workers: 4
[3710.883s][debug][gc,phases      ] GC(248)     Dead                           Min: 0, Avg:  0.0, Max: 0, Diff: 0, Sum: 0, Workers: 4
[3710.883s][debug][gc,phases      ] GC(248)     Total                          Min: 0, Avg:  0.0, Max: 0, Diff: 0, Sum: 0, Workers: 4
[3710.883s][debug][gc,phases      ] GC(248)   StringTable Weak               Min:  0.0, Avg:  0.1, Max:  0.1, Diff:  0.1, Sum:  0.4, Workers: 4
[3710.883s][debug][gc,phases      ] GC(248)     Dead                           Min: 0, Avg:  0.0, Max: 0, Diff: 0, Sum: 0, Workers: 4
[3710.883s][debug][gc,phases      ] GC(248)     Total                          Min: 0, Avg: 11032.5, Max: 19875, Diff: 19875, Sum: 44130, Workers: 4
[3710.883s][debug][gc,phases      ] GC(248)   ResolvedMethodTable Weak       Min:  0.0, Avg:  0.0, Max:  0.0, Diff:  0.0, Sum:  0.1, Workers: 4
[3710.883s][debug][gc,phases      ] GC(248)     Dead                           Min: 0, Avg:  0.0, Max: 0, Diff: 0, Sum: 0, Workers: 4
[3710.883s][debug][gc,phases      ] GC(248)     Total                          Min: 0, Avg: 2620.0, Max: 4608, Diff: 4608, Sum: 10480, Workers: 4
[3710.883s][debug][gc,phases      ] GC(248)   JNI Weak                       Min:  0.0, Avg:  0.0, Max:  0.0, Diff:  0.0, Sum:  0.0, Workers: 4
[3710.883s][debug][gc,phases      ] GC(248)     Dead                           Min: 0, Avg:  0.0, Max: 0, Diff: 0, Sum: 0, Workers: 4
[3710.883s][debug][gc,phases      ] GC(248)     Total                          Min: 0, Avg: 11.2, Max: 45, Diff: 45, Sum: 45, Workers: 4
[3710.883s][debug][gc,phases      ] GC(248)   StringDedup Table Weak         Min:  0.0, Avg:  0.0, Max:  0.0, Diff:  0.0, Sum:  0.0, Workers: 4
[3710.883s][debug][gc,phases      ] GC(248)     Dead                           Min: 0, Avg:  0.0, Max: 0, Diff: 0, Sum: 0, Workers: 4
[3710.883s][debug][gc,phases      ] GC(248)     Total                          Min: 0, Avg:  0.0, Max: 0, Diff: 0, Sum: 0, Workers: 4
[3710.883s][debug][gc,phases      ] GC(248)   StringDedup Requests0 Weak     Min:  0.0, Avg:  0.0, Max:  0.0, Diff:  0.0, Sum:  0.0, Workers: 4
[3710.883s][debug][gc,phases      ] GC(248)     Dead                           Min: 0, Avg:  0.0, Max: 0, Diff: 0, Sum: 0, Workers: 4
[3710.883s][debug][gc,phases      ] GC(248)     Total                          Min: 0, Avg:  0.0, Max: 0, Diff: 0, Sum: 0, Workers: 4
[3710.883s][debug][gc,phases      ] GC(248)   StringDedup Requests1 Weak     Min:  0.0, Avg:  0.0, Max:  0.0, Diff:  0.0, Sum:  0.0, Workers: 4
[3710.883s][debug][gc,phases      ] GC(248)     Dead                           Min: 0, Avg:  0.0, Max: 0, Diff: 0, Sum: 0, Workers: 4
[3710.883s][debug][gc,phases      ] GC(248)     Total                          Min: 0, Avg:  0.0, Max: 0, Diff: 0, Sum: 0, Workers: 4
[3710.883s][debug][gc,phases      ] GC(248)   Weak JFR Old Object Samples    Min:  0.0, Avg:  0.0, Max:  0.0, Diff:  0.0, Sum:  0.0, Workers: 4
[3710.883s][debug][gc,phases      ] GC(248)     Dead                           Min: 0, Avg:  0.0, Max: 0, Diff: 0, Sum: 0, Workers: 4
[3710.883s][debug][gc,phases      ] GC(248)     Total                          Min: 0, Avg:  0.0, Max: 0, Diff: 0, Sum: 0, Workers: 4
[3710.883s][debug][gc,phases      ] GC(248) Weak Processing 0.322ms
[3710.883s][debug][gc,age         ] GC(248) Desired survivor size 1048576 bytes, new threshold 15 (max threshold 15)
[3710.883s][info ][gc,heap        ] GC(248) PSYoungGen: 2095232K(2096128K)->128K(2096128K) Eden: 2095104K(2095104K)->0K(2095104K) From: 128K(1024K)->128K(1024K)
[3710.883s][info ][gc,heap        ] GC(248) ParOldGen: 309194K(351232K)->309202K(351232K)
[3710.883s][info ][gc,metaspace   ] GC(248) Metaspace: 85488K(86400K)->85488K(86400K) NonClass: 73014K(73536K)->73014K(73536K) Class: 12474K(12864K)->12474K(12864K)
[3710.883s][info ][gc             ] GC(248) Pause Young (Allocation Failure) 2348M->302M(2390M) 2.710ms
[3710.883s][info ][gc,cpu         ] GC(248) User=0.01s Sys=0.00s Real=0.00s
[3710.883s][info ][safepoint      ] Safepoint "ParallelGCFailedAllocation", Time since last: 2646860296 ns, Reaching safepoint: 74800 ns, Cleanup: 4200 ns, At safepoint: 2772194 ns, Total: 2851194 ns
[3742.681s][info ][gc,start       ] GC(249) Pause Young (Allocation Failure)
[3742.684s][debug][gc,phases      ] GC(249) Scavenge 2.699ms
[3742.684s][debug][gc,ref         ] GC(249) Skipped phase 1 of Reference Processing: no references
[3742.684s][debug][gc,ref         ] GC(249) ReferenceProcessor::execute queues: 1, RefProcThreadModel::Single, marks_oops_alive: false
[3742.684s][debug][gc,ref         ] GC(249) Skipped phase 3 of Reference Processing: no references
[3742.684s][debug][gc,ref         ] GC(249) Skipped phase 4 of Reference Processing: no references
[3742.684s][debug][gc,phases      ] GC(249) Reference Processing 0.089ms
[3742.684s][debug][gc,phases      ] GC(249)   VM Weak                        Min:  0.0, Avg:  0.0, Max:  0.0, Diff:  0.0, Sum:  0.0, Workers: 4
[3742.684s][debug][gc,phases      ] GC(249)     Dead                           Min: 0, Avg:  0.0, Max: 0, Diff: 0, Sum: 0, Workers: 4
[3742.684s][debug][gc,phases      ] GC(249)     Total                          Min: 0, Avg: 185.5, Max: 448, Diff: 448, Sum: 742, Workers: 4
[3742.684s][debug][gc,phases      ] GC(249)   ObjectSynchronizer Weak        Min:  0.0, Avg:  0.0, Max:  0.0, Diff:  0.0, Sum:  0.0, Workers: 4
[3742.684s][debug][gc,phases      ] GC(249)     Dead                           Min: 0, Avg:  0.0, Max: 0, Diff: 0, Sum: 0, Workers: 4
[3742.684s][debug][gc,phases      ] GC(249)     Total                          Min: 0, Avg:  0.8, Max: 3, Diff: 3, Sum: 3, Workers: 4
[3742.684s][debug][gc,phases      ] GC(249)   JVMTI Tag Weak OopStorage      Min:  0.0, Avg:  0.0, Max:  0.0, Diff:  0.0, Sum:  0.0, Workers: 4
[3742.684s][debug][gc,phases      ] GC(249)     Dead                           Min: 0, Avg:  0.0, Max: 0, Diff: 0, Sum: 0, Workers: 4
[3742.684s][debug][gc,phases      ] GC(249)     Total                          Min: 0, Avg:  0.0, Max: 0, Diff: 0, Sum: 0, Workers: 4
[3742.684s][debug][gc,phases      ] GC(249)   StringTable Weak               Min:  0.1, Avg:  0.1, Max:  0.1, Diff:  0.0, Sum:  0.4, Workers: 4
[3742.684s][debug][gc,phases      ] GC(249)     Dead                           Min: 0, Avg:  0.0, Max: 0, Diff: 0, Sum: 0, Workers: 4
[3742.684s][debug][gc,phases      ] GC(249)     Total                          Min: 10814, Avg: 11032.5, Max: 11236, Diff: 422, Sum: 44130, Workers: 4
[3742.684s][debug][gc,phases      ] GC(249)   ResolvedMethodTable Weak       Min:  0.0, Avg:  0.0, Max:  0.0, Diff:  0.0, Sum:  0.1, Workers: 4
[3742.684s][debug][gc,phases      ] GC(249)     Dead                           Min: 0, Avg:  0.0, Max: 0, Diff: 0, Sum: 0, Workers: 4
[3742.685s][debug][gc,phases      ] GC(249)     Total                          Min: 2546, Avg: 2620.0, Max: 2686, Diff: 140, Sum: 10480, Workers: 4
[3742.685s][debug][gc,phases      ] GC(249)   JNI Weak                       Min:  0.0, Avg:  0.0, Max:  0.0, Diff:  0.0, Sum:  0.0, Workers: 4
[3742.685s][debug][gc,phases      ] GC(249)     Dead                           Min: 0, Avg:  0.0, Max: 0, Diff: 0, Sum: 0, Workers: 4
[3742.685s][debug][gc,phases      ] GC(249)     Total                          Min: 0, Avg: 11.2, Max: 45, Diff: 45, Sum: 45, Workers: 4
[3742.685s][debug][gc,phases      ] GC(249)   StringDedup Table Weak         Min:  0.0, Avg:  0.0, Max:  0.0, Diff:  0.0, Sum:  0.0, Workers: 4
[3742.685s][debug][gc,phases      ] GC(249)     Dead                           Min: 0, Avg:  0.0, Max: 0, Diff: 0, Sum: 0, Workers: 4
[3742.685s][debug][gc,phases      ] GC(249)     Total                          Min: 0, Avg:  0.0, Max: 0, Diff: 0, Sum: 0, Workers: 4
[3742.685s][debug][gc,phases      ] GC(249)   StringDedup Requests0 Weak     Min:  0.0, Avg:  0.0, Max:  0.0, Diff:  0.0, Sum:  0.0, Workers: 4
[3742.685s][debug][gc,phases      ] GC(249)     Dead                           Min: 0, Avg:  0.0, Max: 0, Diff: 0, Sum: 0, Workers: 4
[3742.685s][debug][gc,phases      ] GC(249)     Total                          Min: 0, Avg:  0.0, Max: 0, Diff: 0, Sum: 0, Workers: 4
[3742.685s][debug][gc,phases      ] GC(249)   StringDedup Requests1 Weak     Min:  0.0, Avg:  0.0, Max:  0.0, Diff:  0.0, Sum:  0.0, Workers: 4
[3742.685s][debug][gc,phases      ] GC(249)     Dead                           Min: 0, Avg:  0.0, Max: 0, Diff: 0, Sum: 0, Workers: 4
[3742.685s][debug][gc,phases      ] GC(249)     Total                          Min: 0, Avg:  0.0, Max: 0, Diff: 0, Sum: 0, Workers: 4
[3742.685s][debug][gc,phases      ] GC(249)   Weak JFR Old Object Samples    Min:  0.0, Avg:  0.0, Max:  0.0, Diff:  0.0, Sum:  0.0, Workers: 4
[3742.685s][debug][gc,phases      ] GC(249)     Dead                           Min: 0, Avg:  0.0, Max: 0, Diff: 0, Sum: 0, Workers: 4
[3742.685s][debug][gc,phases      ] GC(249)     Total                          Min: 0, Avg:  0.0, Max: 0, Diff: 0, Sum: 0, Workers: 4
[3742.685s][debug][gc,phases      ] GC(249) Weak Processing 0.307ms
[3742.685s][debug][gc,age         ] GC(249) Desired survivor size 1048576 bytes, new threshold 15 (max threshold 15)
[3742.685s][info ][gc,heap        ] GC(249) PSYoungGen: 2095232K(2096128K)->128K(2096128K) Eden: 2095104K(2095104K)->0K(2095104K) From: 128K(1024K)->128K(1024K)
[3742.685s][info ][gc,heap        ] GC(249) ParOldGen: 309202K(351232K)->309210K(351232K)
[3742.685s][info ][gc,metaspace   ] GC(249) Metaspace: 85488K(86400K)->85488K(86400K) NonClass: 73014K(73536K)->73014K(73536K) Class: 12474K(12864K)->12474K(12864K)
[3742.685s][info ][gc             ] GC(249) Pause Young (Allocation Failure) 2348M->302M(2390M) 3.188ms
[3742.685s][info ][gc,cpu         ] GC(249) User=0.01s Sys=0.00s Real=0.00s
[3742.685s][info ][safepoint      ] Safepoint "ParallelGCFailedAllocation", Time since last: 31798518596 ns, Reaching safepoint: 4700 ns, Cleanup: 4000 ns, At safepoint: 3280588 ns, Total: 3289288 ns
[3774.432s][info ][gc,start       ] GC(250) Pause Young (Allocation Failure)
[3774.433s][debug][gc,phases      ] GC(250) Scavenge 1.549ms
[3774.433s][debug][gc,ref         ] GC(250) Skipped phase 1 of Reference Processing: no references
[3774.433s][debug][gc,ref         ] GC(250) ReferenceProcessor::execute queues: 1, RefProcThreadModel::Single, marks_oops_alive: false
[3774.433s][debug][gc,ref         ] GC(250) Skipped phase 3 of Reference Processing: no references
[3774.433s][debug][gc,ref         ] GC(250) ReferenceProcessor::execute queues: 1, RefProcThreadModel::Single, marks_oops_alive: false
[3774.433s][debug][gc,phases      ] GC(250) Reference Processing 0.092ms
[3774.434s][debug][gc,phases      ] GC(250)   VM Weak                        Min:  0.0, Avg:  0.0, Max:  0.0, Diff:  0.0, Sum:  0.0, Workers: 4
[3774.434s][debug][gc,phases      ] GC(250)     Dead                           Min: 0, Avg:  0.0, Max: 0, Diff: 0, Sum: 0, Workers: 4
[3774.434s][debug][gc,phases      ] GC(250)     Total                          Min: 0, Avg: 185.5, Max: 742, Diff: 742, Sum: 742, Workers: 4
[3774.434s][debug][gc,phases      ] GC(250)   ObjectSynchronizer Weak        Min:  0.0, Avg:  0.0, Max:  0.0, Diff:  0.0, Sum:  0.0, Workers: 4
[3774.434s][debug][gc,phases      ] GC(250)     Dead                           Min: 0, Avg:  0.0, Max: 0, Diff: 0, Sum: 0, Workers: 4
[3774.434s][debug][gc,phases      ] GC(250)     Total                          Min: 0, Avg:  0.8, Max: 3, Diff: 3, Sum: 3, Workers: 4
[3774.434s][debug][gc,phases      ] GC(250)   JVMTI Tag Weak OopStorage      Min:  0.0, Avg:  0.0, Max:  0.0, Diff:  0.0, Sum:  0.0, Workers: 4
[3774.434s][debug][gc,phases      ] GC(250)     Dead                           Min: 0, Avg:  0.0, Max: 0, Diff: 0, Sum: 0, Workers: 4
[3774.434s][debug][gc,phases      ] GC(250)     Total                          Min: 0, Avg:  0.0, Max: 0, Diff: 0, Sum: 0, Workers: 4
[3774.434s][debug][gc,phases      ] GC(250)   StringTable Weak               Min:  0.1, Avg:  0.1, Max:  0.1, Diff:  0.0, Sum:  0.4, Workers: 4
[3774.434s][debug][gc,phases      ] GC(250)     Dead                           Min: 0, Avg:  0.0, Max: 0, Diff: 0, Sum: 0, Workers: 4
[3774.434s][debug][gc,phases      ] GC(250)     Total                          Min: 9728, Avg: 11032.5, Max: 11876, Diff: 2148, Sum: 44130, Workers: 4
[3774.434s][debug][gc,phases      ] GC(250)   ResolvedMethodTable Weak       Min:  0.0, Avg:  0.0, Max:  0.0, Diff:  0.0, Sum:  0.1, Workers: 4
[3774.434s][debug][gc,phases      ] GC(250)     Dead                           Min: 0, Avg:  0.0, Max: 0, Diff: 0, Sum: 0, Workers: 4
[3774.434s][debug][gc,phases      ] GC(250)     Total                          Min: 2482, Avg: 2620.0, Max: 2816, Diff: 334, Sum: 10480, Workers: 4
[3774.434s][debug][gc,phases      ] GC(250)   JNI Weak                       Min:  0.0, Avg:  0.0, Max:  0.0, Diff:  0.0, Sum:  0.0, Workers: 4
[3774.434s][debug][gc,phases      ] GC(250)     Dead                           Min: 0, Avg:  0.0, Max: 0, Diff: 0, Sum: 0, Workers: 4
[3774.434s][debug][gc,phases      ] GC(250)     Total                          Min: 0, Avg: 11.2, Max: 45, Diff: 45, Sum: 45, Workers: 4
[3774.434s][debug][gc,phases      ] GC(250)   StringDedup Table Weak         Min:  0.0, Avg:  0.0, Max:  0.0, Diff:  0.0, Sum:  0.0, Workers: 4
[3774.434s][debug][gc,phases      ] GC(250)     Dead                           Min: 0, Avg:  0.0, Max: 0, Diff: 0, Sum: 0, Workers: 4
[3774.434s][debug][gc,phases      ] GC(250)     Total                          Min: 0, Avg:  0.0, Max: 0, Diff: 0, Sum: 0, Workers: 4
[3774.434s][debug][gc,phases      ] GC(250)   StringDedup Requests0 Weak     Min:  0.0, Avg:  0.0, Max:  0.0, Diff:  0.0, Sum:  0.0, Workers: 4
[3774.434s][debug][gc,phases      ] GC(250)     Dead                           Min: 0, Avg:  0.0, Max: 0, Diff: 0, Sum: 0, Workers: 4
[3774.434s][debug][gc,phases      ] GC(250)     Total                          Min: 0, Avg:  0.0, Max: 0, Diff: 0, Sum: 0, Workers: 4
[3774.434s][debug][gc,phases      ] GC(250)   StringDedup Requests1 Weak     Min:  0.0, Avg:  0.0, Max:  0.0, Diff:  0.0, Sum:  0.0, Workers: 4
[3774.434s][debug][gc,phases      ] GC(250)     Dead                           Min: 0, Avg:  0.0, Max: 0, Diff: 0, Sum: 0, Workers: 4
[3774.434s][debug][gc,phases      ] GC(250)     Total                          Min: 0, Avg:  0.0, Max: 0, Diff: 0, Sum: 0, Workers: 4
[3774.434s][debug][gc,phases      ] GC(250)   Weak JFR Old Object Samples    Min:  0.0, Avg:  0.0, Max:  0.0, Diff:  0.0, Sum:  0.0, Workers: 4
[3774.434s][debug][gc,phases      ] GC(250)     Dead                           Min: 0, Avg:  0.0, Max: 0, Diff: 0, Sum: 0, Workers: 4
[3774.434s][debug][gc,phases      ] GC(250)     Total                          Min: 0, Avg:  0.0, Max: 0, Diff: 0, Sum: 0, Workers: 4
[3774.434s][debug][gc,phases      ] GC(250) Weak Processing 0.314ms
[3774.434s][debug][gc,age         ] GC(250) Desired survivor size 1048576 bytes, new threshold 15 (max threshold 15)
[3774.434s][info ][gc,heap        ] GC(250) PSYoungGen: 2095232K(2096128K)->128K(2096128K) Eden: 2095104K(2095104K)->0K(2095104K) From: 128K(1024K)->128K(1024K)
[3774.434s][info ][gc,heap        ] GC(250) ParOldGen: 309210K(351232K)->309218K(351232K)
[3774.434s][info ][gc,metaspace   ] GC(250) Metaspace: 85488K(86400K)->85488K(86400K) NonClass: 73014K(73536K)->73014K(73536K) Class: 12474K(12864K)->12474K(12864K)
[3774.434s][info ][gc             ] GC(250) Pause Young (Allocation Failure) 2348M->302M(2390M) 2.043ms
[3774.434s][info ][gc,cpu         ] GC(250) User=0.00s Sys=0.00s Real=0.01s
[3774.434s][info ][safepoint      ] Safepoint "ParallelGCFailedAllocation", Time since last: 31746853904 ns, Reaching safepoint: 73100 ns, Cleanup: 3600 ns, At safepoint: 2130192 ns, Total: 2206892 ns
[3806.281s][info ][gc,start       ] GC(251) Pause Young (Allocation Failure)
[3806.282s][debug][gc,phases      ] GC(251) Scavenge 1.280ms
[3806.282s][debug][gc,ref         ] GC(251) Skipped phase 1 of Reference Processing: no references
[3806.282s][debug][gc,ref         ] GC(251) ReferenceProcessor::execute queues: 1, RefProcThreadModel::Single, marks_oops_alive: false
[3806.282s][debug][gc,ref         ] GC(251) Skipped phase 3 of Reference Processing: no references
[3806.282s][debug][gc,ref         ] GC(251) ReferenceProcessor::execute queues: 1, RefProcThreadModel::Single, marks_oops_alive: false
[3806.282s][debug][gc,phases      ] GC(251) Reference Processing 0.091ms
[3806.282s][debug][gc,phases      ] GC(251)   VM Weak                        Min:  0.0, Avg:  0.0, Max:  0.0, Diff:  0.0, Sum:  0.0, Workers: 4
[3806.282s][debug][gc,phases      ] GC(251)     Dead                           Min: 0, Avg:  0.0, Max: 0, Diff: 0, Sum: 0, Workers: 4
[3806.282s][debug][gc,phases      ] GC(251)     Total                          Min: 0, Avg: 185.5, Max: 422, Diff: 422, Sum: 742, Workers: 4
[3806.282s][debug][gc,phases      ] GC(251)   ObjectSynchronizer Weak        Min:  0.0, Avg:  0.0, Max:  0.0, Diff:  0.0, Sum:  0.0, Workers: 4
[3806.282s][debug][gc,phases      ] GC(251)     Dead                           Min: 0, Avg:  0.0, Max: 0, Diff: 0, Sum: 0, Workers: 4
[3806.282s][debug][gc,phases      ] GC(251)     Total                          Min: 0, Avg:  0.8, Max: 3, Diff: 3, Sum: 3, Workers: 4
[3806.282s][debug][gc,phases      ] GC(251)   JVMTI Tag Weak OopStorage      Min:  0.0, Avg:  0.0, Max:  0.0, Diff:  0.0, Sum:  0.0, Workers: 4
[3806.282s][debug][gc,phases      ] GC(251)     Dead                           Min: 0, Avg:  0.0, Max: 0, Diff: 0, Sum: 0, Workers: 4
[3806.282s][debug][gc,phases      ] GC(251)     Total                          Min: 0, Avg:  0.0, Max: 0, Diff: 0, Sum: 0, Workers: 4
[3806.282s][debug][gc,phases      ] GC(251)   StringTable Weak               Min:  0.0, Avg:  0.1, Max:  0.1, Diff:  0.1, Sum:  0.3, Workers: 4
[3806.282s][debug][gc,phases      ] GC(251)     Dead                           Min: 0, Avg:  0.0, Max: 0, Diff: 0, Sum: 0, Workers: 4
[3806.282s][debug][gc,phases      ] GC(251)     Total                          Min: 0, Avg: 11032.5, Max: 19838, Diff: 19838, Sum: 44130, Workers: 4
[3806.283s][debug][gc,phases      ] GC(251)   ResolvedMethodTable Weak       Min:  0.0, Avg:  0.0, Max:  0.0, Diff:  0.0, Sum:  0.1, Workers: 4
[3806.283s][debug][gc,phases      ] GC(251)     Dead                           Min: 0, Avg:  0.0, Max: 0, Diff: 0, Sum: 0, Workers: 4
[3806.283s][debug][gc,phases      ] GC(251)     Total                          Min: 0, Avg: 2620.0, Max: 4608, Diff: 4608, Sum: 10480, Workers: 4
[3806.283s][debug][gc,phases      ] GC(251)   JNI Weak                       Min:  0.0, Avg:  0.0, Max:  0.0, Diff:  0.0, Sum:  0.0, Workers: 4
[3806.283s][debug][gc,phases      ] GC(251)     Dead                           Min: 0, Avg:  0.0, Max: 0, Diff: 0, Sum: 0, Workers: 4
[3806.283s][debug][gc,phases      ] GC(251)     Total                          Min: 0, Avg: 11.2, Max: 45, Diff: 45, Sum: 45, Workers: 4
[3806.283s][debug][gc,phases      ] GC(251)   StringDedup Table Weak         Min:  0.0, Avg:  0.0, Max:  0.0, Diff:  0.0, Sum:  0.0, Workers: 4
[3806.283s][debug][gc,phases      ] GC(251)     Dead                           Min: 0, Avg:  0.0, Max: 0, Diff: 0, Sum: 0, Workers: 4
[3806.283s][debug][gc,phases      ] GC(251)     Total                          Min: 0, Avg:  0.0, Max: 0, Diff: 0, Sum: 0, Workers: 4
[3806.283s][debug][gc,phases      ] GC(251)   StringDedup Requests0 Weak     Min:  0.0, Avg:  0.0, Max:  0.0, Diff:  0.0, Sum:  0.0, Workers: 4
[3806.283s][debug][gc,phases      ] GC(251)     Dead                           Min: 0, Avg:  0.0, Max: 0, Diff: 0, Sum: 0, Workers: 4
[3806.283s][debug][gc,phases      ] GC(251)     Total                          Min: 0, Avg:  0.0, Max: 0, Diff: 0, Sum: 0, Workers: 4
[3806.283s][debug][gc,phases      ] GC(251)   StringDedup Requests1 Weak     Min:  0.0, Avg:  0.0, Max:  0.0, Diff:  0.0, Sum:  0.0, Workers: 4
[3806.283s][debug][gc,phases      ] GC(251)     Dead                           Min: 0, Avg:  0.0, Max: 0, Diff: 0, Sum: 0, Workers: 4
[3806.283s][debug][gc,phases      ] GC(251)     Total                          Min: 0, Avg:  0.0, Max: 0, Diff: 0, Sum: 0, Workers: 4
[3806.283s][debug][gc,phases      ] GC(251)   Weak JFR Old Object Samples    Min:  0.0, Avg:  0.0, Max:  0.0, Diff:  0.0, Sum:  0.0, Workers: 4
[3806.283s][debug][gc,phases      ] GC(251)     Dead                           Min: 0, Avg:  0.0, Max: 0, Diff: 0, Sum: 0, Workers: 4
[3806.283s][debug][gc,phases      ] GC(251)     Total                          Min: 0, Avg:  0.0, Max: 0, Diff: 0, Sum: 0, Workers: 4
[3806.283s][debug][gc,phases      ] GC(251) Weak Processing 0.320ms
[3806.283s][debug][gc,age         ] GC(251) Desired survivor size 1048576 bytes, new threshold 15 (max threshold 15)
[3806.283s][info ][gc,heap        ] GC(251) PSYoungGen: 2095232K(2096128K)->128K(2096128K) Eden: 2095104K(2095104K)->0K(2095104K) From: 128K(1024K)->128K(1024K)
[3806.283s][info ][gc,heap        ] GC(251) ParOldGen: 309218K(351232K)->309226K(351232K)
[3806.283s][info ][gc,metaspace   ] GC(251) Metaspace: 85488K(86400K)->85488K(86400K) NonClass: 73014K(73536K)->73014K(73536K) Class: 12474K(12864K)->12474K(12864K)
[3806.283s][info ][gc             ] GC(251) Pause Young (Allocation Failure) 2348M->302M(2390M) 1.781ms
[3806.283s][info ][gc,cpu         ] GC(251) User=0.00s Sys=0.00s Real=0.00s
[3806.283s][info ][safepoint      ] Safepoint "ParallelGCFailedAllocation", Time since last: 31847080527 ns, Reaching safepoint: 4400 ns, Cleanup: 3900 ns, At safepoint: 1860893 ns, Total: 1869193 ns
[3838.130s][info ][gc,start       ] GC(252) Pause Young (Allocation Failure)
[3838.131s][debug][gc,phases      ] GC(252) Scavenge 1.279ms
[3838.131s][debug][gc,ref         ] GC(252) Skipped phase 1 of Reference Processing: no references
[3838.131s][debug][gc,ref         ] GC(252) ReferenceProcessor::execute queues: 1, RefProcThreadModel::Single, marks_oops_alive: false
[3838.131s][debug][gc,ref         ] GC(252) Skipped phase 3 of Reference Processing: no references
[3838.131s][debug][gc,ref         ] GC(252) Skipped phase 4 of Reference Processing: no references
[3838.131s][debug][gc,phases      ] GC(252) Reference Processing 0.090ms
[3838.131s][debug][gc,phases      ] GC(252)   VM Weak                        Min:  0.0, Avg:  0.0, Max:  0.0, Diff:  0.0, Sum:  0.0, Workers: 4
[3838.131s][debug][gc,phases      ] GC(252)     Dead                           Min: 0, Avg:  0.0, Max: 0, Diff: 0, Sum: 0, Workers: 4
[3838.131s][debug][gc,phases      ] GC(252)     Total                          Min: 0, Avg: 185.5, Max: 614, Diff: 614, Sum: 742, Workers: 4
[3838.131s][debug][gc,phases      ] GC(252)   ObjectSynchronizer Weak        Min:  0.0, Avg:  0.0, Max:  0.0, Diff:  0.0, Sum:  0.0, Workers: 4
[3838.131s][debug][gc,phases      ] GC(252)     Dead                           Min: 0, Avg:  0.0, Max: 0, Diff: 0, Sum: 0, Workers: 4
[3838.131s][debug][gc,phases      ] GC(252)     Total                          Min: 0, Avg:  0.8, Max: 3, Diff: 3, Sum: 3, Workers: 4
[3838.131s][debug][gc,phases      ] GC(252)   JVMTI Tag Weak OopStorage      Min:  0.0, Avg:  0.0, Max:  0.0, Diff:  0.0, Sum:  0.0, Workers: 4
[3838.131s][debug][gc,phases      ] GC(252)     Dead                           Min: 0, Avg:  0.0, Max: 0, Diff: 0, Sum: 0, Workers: 4
[3838.131s][debug][gc,phases      ] GC(252)     Total                          Min: 0, Avg:  0.0, Max: 0, Diff: 0, Sum: 0, Workers: 4
[3838.131s][debug][gc,phases      ] GC(252)   StringTable Weak               Min:  0.1, Avg:  0.1, Max:  0.1, Diff:  0.0, Sum:  0.4, Workers: 4
[3838.131s][debug][gc,phases      ] GC(252)     Dead                           Min: 0, Avg:  0.0, Max: 0, Diff: 0, Sum: 0, Workers: 4
[3838.131s][debug][gc,phases      ] GC(252)     Total                          Min: 9379, Avg: 11032.5, Max: 12544, Diff: 3165, Sum: 44130, Workers: 4
[3838.131s][debug][gc,phases      ] GC(252)   ResolvedMethodTable Weak       Min:  0.0, Avg:  0.0, Max:  0.0, Diff:  0.0, Sum:  0.1, Workers: 4
[3838.131s][debug][gc,phases      ] GC(252)     Dead                           Min: 0, Avg:  0.0, Max: 0, Diff: 0, Sum: 0, Workers: 4
[3838.131s][debug][gc,phases      ] GC(252)     Total                          Min: 2432, Avg: 2620.0, Max: 2880, Diff: 448, Sum: 10480, Workers: 4
[3838.131s][debug][gc,phases      ] GC(252)   JNI Weak                       Min:  0.0, Avg:  0.0, Max:  0.0, Diff:  0.0, Sum:  0.0, Workers: 4
[3838.131s][debug][gc,phases      ] GC(252)     Dead                           Min: 0, Avg:  0.0, Max: 0, Diff: 0, Sum: 0, Workers: 4
[3838.131s][debug][gc,phases      ] GC(252)     Total                          Min: 0, Avg: 11.2, Max: 45, Diff: 45, Sum: 45, Workers: 4
[3838.131s][debug][gc,phases      ] GC(252)   StringDedup Table Weak         Min:  0.0, Avg:  0.0, Max:  0.0, Diff:  0.0, Sum:  0.0, Workers: 4
[3838.131s][debug][gc,phases      ] GC(252)     Dead                           Min: 0, Avg:  0.0, Max: 0, Diff: 0, Sum: 0, Workers: 4
[3838.131s][debug][gc,phases      ] GC(252)     Total                          Min: 0, Avg:  0.0, Max: 0, Diff: 0, Sum: 0, Workers: 4
[3838.131s][debug][gc,phases      ] GC(252)   StringDedup Requests0 Weak     Min:  0.0, Avg:  0.0, Max:  0.0, Diff:  0.0, Sum:  0.0, Workers: 4
[3838.131s][debug][gc,phases      ] GC(252)     Dead                           Min: 0, Avg:  0.0, Max: 0, Diff: 0, Sum: 0, Workers: 4
[3838.131s][debug][gc,phases      ] GC(252)     Total                          Min: 0, Avg:  0.0, Max: 0, Diff: 0, Sum: 0, Workers: 4
[3838.131s][debug][gc,phases      ] GC(252)   StringDedup Requests1 Weak     Min:  0.0, Avg:  0.0, Max:  0.0, Diff:  0.0, Sum:  0.0, Workers: 4
[3838.131s][debug][gc,phases      ] GC(252)     Dead                           Min: 0, Avg:  0.0, Max: 0, Diff: 0, Sum: 0, Workers: 4
[3838.131s][debug][gc,phases      ] GC(252)     Total                          Min: 0, Avg:  0.0, Max: 0, Diff: 0, Sum: 0, Workers: 4
[3838.131s][debug][gc,phases      ] GC(252)   Weak JFR Old Object Samples    Min:  0.0, Avg:  0.0, Max:  0.0, Diff:  0.0, Sum:  0.0, Workers: 4
[3838.131s][debug][gc,phases      ] GC(252)     Dead                           Min: 0, Avg:  0.0, Max: 0, Diff: 0, Sum: 0, Workers: 4
[3838.131s][debug][gc,phases      ] GC(252)     Total                          Min: 0, Avg:  0.0, Max: 0, Diff: 0, Sum: 0, Workers: 4
[3838.131s][debug][gc,phases      ] GC(252) Weak Processing 0.293ms
[3838.131s][debug][gc,age         ] GC(252) Desired survivor size 524288 bytes, new threshold 15 (max threshold 15)
[3838.131s][info ][gc,heap        ] GC(252) PSYoungGen: 2095232K(2096128K)->128K(2096640K) Eden: 2095104K(2095104K)->0K(2095616K) From: 128K(1024K)->128K(1024K)
[3838.131s][info ][gc,heap        ] GC(252) ParOldGen: 309226K(351232K)->309234K(351232K)
[3838.131s][info ][gc,metaspace   ] GC(252) Metaspace: 85488K(86400K)->85488K(86400K) NonClass: 73014K(73536K)->73014K(73536K) Class: 12474K(12864K)->12474K(12864K)
[3838.131s][info ][gc             ] GC(252) Pause Young (Allocation Failure) 2348M->302M(2390M) 1.743ms
[3838.131s][info ][gc,cpu         ] GC(252) User=0.00s Sys=0.00s Real=0.00s
[3838.131s][info ][safepoint      ] Safepoint "ParallelGCFailedAllocation", Time since last: 31846823581 ns, Reaching safepoint: 4000 ns, Cleanup: 3700 ns, At safepoint: 1825394 ns, Total: 1833094 ns
[3869.980s][info ][gc,start       ] GC(253) Pause Young (Allocation Failure)
[3869.982s][debug][gc,phases      ] GC(253) Scavenge 1.997ms
[3869.982s][debug][gc,ref         ] GC(253) Skipped phase 1 of Reference Processing: no references
[3869.982s][debug][gc,ref         ] GC(253) ReferenceProcessor::execute queues: 1, RefProcThreadModel::Single, marks_oops_alive: false
[3869.982s][debug][gc,ref         ] GC(253) Skipped phase 3 of Reference Processing: no references
[3869.982s][debug][gc,ref         ] GC(253) ReferenceProcessor::execute queues: 1, RefProcThreadModel::Single, marks_oops_alive: false
[3869.982s][debug][gc,phases      ] GC(253) Reference Processing 0.113ms
[3869.982s][debug][gc,phases      ] GC(253)   VM Weak                        Min:  0.0, Avg:  0.0, Max:  0.0, Diff:  0.0, Sum:  0.0, Workers: 4
[3869.982s][debug][gc,phases      ] GC(253)     Dead                           Min: 0, Avg:  0.0, Max: 0, Diff: 0, Sum: 0, Workers: 4
[3869.982s][debug][gc,phases      ] GC(253)     Total                          Min: 0, Avg: 185.5, Max: 486, Diff: 486, Sum: 742, Workers: 4
[3869.982s][debug][gc,phases      ] GC(253)   ObjectSynchronizer Weak        Min:  0.0, Avg:  0.0, Max:  0.0, Diff:  0.0, Sum:  0.0, Workers: 4
[3869.982s][debug][gc,phases      ] GC(253)     Dead                           Min: 0, Avg:  0.0, Max: 0, Diff: 0, Sum: 0, Workers: 4
[3869.982s][debug][gc,phases      ] GC(253)     Total                          Min: 0, Avg:  0.8, Max: 3, Diff: 3, Sum: 3, Workers: 4
[3869.982s][debug][gc,phases      ] GC(253)   JVMTI Tag Weak OopStorage      Min:  0.0, Avg:  0.0, Max:  0.0, Diff:  0.0, Sum:  0.0, Workers: 4
[3869.982s][debug][gc,phases      ] GC(253)     Dead                           Min: 0, Avg:  0.0, Max: 0, Diff: 0, Sum: 0, Workers: 4
[3869.982s][debug][gc,phases      ] GC(253)     Total                          Min: 0, Avg:  0.0, Max: 0, Diff: 0, Sum: 0, Workers: 4
[3869.982s][debug][gc,phases      ] GC(253)   StringTable Weak               Min:  0.0, Avg:  0.1, Max:  0.1, Diff:  0.1, Sum:  0.4, Workers: 4
[3869.982s][debug][gc,phases      ] GC(253)     Dead                           Min: 0, Avg:  0.0, Max: 0, Diff: 0, Sum: 0, Workers: 4
[3869.982s][debug][gc,phases      ] GC(253)     Total                          Min: 0, Avg: 11032.5, Max: 18468, Diff: 18468, Sum: 44130, Workers: 4
[3869.982s][debug][gc,phases      ] GC(253)   ResolvedMethodTable Weak       Min:  0.0, Avg:  0.0, Max:  0.0, Diff:  0.0, Sum:  0.1, Workers: 4
[3869.982s][debug][gc,phases      ] GC(253)     Dead                           Min: 0, Avg:  0.0, Max: 0, Diff: 0, Sum: 0, Workers: 4
[3869.982s][debug][gc,phases      ] GC(253)     Total                          Min: 0, Avg: 2620.0, Max: 4658, Diff: 4658, Sum: 10480, Workers: 4
[3869.982s][debug][gc,phases      ] GC(253)   JNI Weak                       Min:  0.0, Avg:  0.0, Max:  0.0, Diff:  0.0, Sum:  0.0, Workers: 4
[3869.982s][debug][gc,phases      ] GC(253)     Dead                           Min: 0, Avg:  0.0, Max: 0, Diff: 0, Sum: 0, Workers: 4
[3869.982s][debug][gc,phases      ] GC(253)     Total                          Min: 0, Avg: 11.2, Max: 45, Diff: 45, Sum: 45, Workers: 4
[3869.982s][debug][gc,phases      ] GC(253)   StringDedup Table Weak         Min:  0.0, Avg:  0.0, Max:  0.0, Diff:  0.0, Sum:  0.0, Workers: 4
[3869.982s][debug][gc,phases      ] GC(253)     Dead                           Min: 0, Avg:  0.0, Max: 0, Diff: 0, Sum: 0, Workers: 4
[3869.982s][debug][gc,phases      ] GC(253)     Total                          Min: 0, Avg:  0.0, Max: 0, Diff: 0, Sum: 0, Workers: 4
[3869.982s][debug][gc,phases      ] GC(253)   StringDedup Requests0 Weak     Min:  0.0, Avg:  0.0, Max:  0.0, Diff:  0.0, Sum:  0.0, Workers: 4
[3869.982s][debug][gc,phases      ] GC(253)     Dead                           Min: 0, Avg:  0.0, Max: 0, Diff: 0, Sum: 0, Workers: 4
[3869.982s][debug][gc,phases      ] GC(253)     Total                          Min: 0, Avg:  0.0, Max: 0, Diff: 0, Sum: 0, Workers: 4
[3869.982s][debug][gc,phases      ] GC(253)   StringDedup Requests1 Weak     Min:  0.0, Avg:  0.0, Max:  0.0, Diff:  0.0, Sum:  0.0, Workers: 4
[3869.982s][debug][gc,phases      ] GC(253)     Dead                           Min: 0, Avg:  0.0, Max: 0, Diff: 0, Sum: 0, Workers: 4
[3869.982s][debug][gc,phases      ] GC(253)     Total                          Min: 0, Avg:  0.0, Max: 0, Diff: 0, Sum: 0, Workers: 4
[3869.982s][debug][gc,phases      ] GC(253)   Weak JFR Old Object Samples    Min:  0.0, Avg:  0.0, Max:  0.0, Diff:  0.0, Sum:  0.0, Workers: 4
[3869.982s][debug][gc,phases      ] GC(253)     Dead                           Min: 0, Avg:  0.0, Max: 0, Diff: 0, Sum: 0, Workers: 4
[3869.982s][debug][gc,phases      ] GC(253)     Total                          Min: 0, Avg:  0.0, Max: 0, Diff: 0, Sum: 0, Workers: 4
[3869.982s][debug][gc,phases      ] GC(253) Weak Processing 0.332ms
[3869.982s][debug][gc,age         ] GC(253) Desired survivor size 524288 bytes, new threshold 15 (max threshold 15)
[3869.982s][info ][gc,heap        ] GC(253) PSYoungGen: 2095744K(2096640K)->96K(2096128K) Eden: 2095616K(2095616K)->0K(2095616K) From: 128K(1024K)->96K(512K)
[3869.982s][info ][gc,heap        ] GC(253) ParOldGen: 309234K(351232K)->309242K(351232K)
[3869.982s][info ][gc,metaspace   ] GC(253) Metaspace: 85488K(86400K)->85488K(86400K) NonClass: 73014K(73536K)->73014K(73536K) Class: 12474K(12864K)->12474K(12864K)
[3869.982s][info ][gc             ] GC(253) Pause Young (Allocation Failure) 2348M->302M(2390M) 2.528ms
[3869.982s][info ][gc,cpu         ] GC(253) User=0.00s Sys=0.00s Real=0.00s
[3869.982s][info ][safepoint      ] Safepoint "ParallelGCFailedAllocation", Time since last: 31848377852 ns, Reaching safepoint: 4100 ns, Cleanup: 3600 ns, At safepoint: 2620992 ns, Total: 2628692 ns
[3901.831s][info ][gc,start       ] GC(254) Pause Young (Allocation Failure)
[3901.833s][debug][gc,phases      ] GC(254) Scavenge 2.029ms
[3901.833s][debug][gc,ref         ] GC(254) Skipped phase 1 of Reference Processing: no references
[3901.833s][debug][gc,ref         ] GC(254) ReferenceProcessor::execute queues: 1, RefProcThreadModel::Single, marks_oops_alive: false
[3901.833s][debug][gc,ref         ] GC(254) Skipped phase 3 of Reference Processing: no references
[3901.833s][debug][gc,ref         ] GC(254) ReferenceProcessor::execute queues: 1, RefProcThreadModel::Single, marks_oops_alive: false
[3901.833s][debug][gc,phases      ] GC(254) Reference Processing 0.100ms
[3901.833s][debug][gc,phases      ] GC(254)   VM Weak                        Min:  0.0, Avg:  0.0, Max:  0.0, Diff:  0.0, Sum:  0.0, Workers: 4
[3901.833s][debug][gc,phases      ] GC(254)     Dead                           Min: 0, Avg:  0.0, Max: 0, Diff: 0, Sum: 0, Workers: 4
[3901.833s][debug][gc,phases      ] GC(254)     Total                          Min: 0, Avg: 185.5, Max: 512, Diff: 512, Sum: 742, Workers: 4
[3901.833s][debug][gc,phases      ] GC(254)   ObjectSynchronizer Weak        Min:  0.0, Avg:  0.0, Max:  0.0, Diff:  0.0, Sum:  0.0, Workers: 4
[3901.833s][debug][gc,phases      ] GC(254)     Dead                           Min: 0, Avg:  0.0, Max: 0, Diff: 0, Sum: 0, Workers: 4
[3901.833s][debug][gc,phases      ] GC(254)     Total                          Min: 0, Avg:  0.8, Max: 3, Diff: 3, Sum: 3, Workers: 4
[3901.833s][debug][gc,phases      ] GC(254)   JVMTI Tag Weak OopStorage      Min:  0.0, Avg:  0.0, Max:  0.0, Diff:  0.0, Sum:  0.0, Workers: 4
[3901.833s][debug][gc,phases      ] GC(254)     Dead                           Min: 0, Avg:  0.0, Max: 0, Diff: 0, Sum: 0, Workers: 4
[3901.833s][debug][gc,phases      ] GC(254)     Total                          Min: 0, Avg:  0.0, Max: 0, Diff: 0, Sum: 0, Workers: 4
[3901.833s][debug][gc,phases      ] GC(254)   StringTable Weak               Min:  0.0, Avg:  0.1, Max:  0.1, Diff:  0.1, Sum:  0.4, Workers: 4
[3901.833s][debug][gc,phases      ] GC(254)     Dead                           Min: 0, Avg:  0.0, Max: 0, Diff: 0, Sum: 0, Workers: 4
[3901.833s][debug][gc,phases      ] GC(254)     Total                          Min: 0, Avg: 11033.5, Max: 19367, Diff: 19367, Sum: 44134, Workers: 4
[3901.833s][debug][gc,phases      ] GC(254)   ResolvedMethodTable Weak       Min:  0.0, Avg:  0.0, Max:  0.0, Diff:  0.0, Sum:  0.1, Workers: 4
[3901.833s][debug][gc,phases      ] GC(254)     Dead                           Min: 0, Avg:  0.0, Max: 0, Diff: 0, Sum: 0, Workers: 4
[3901.833s][debug][gc,phases      ] GC(254)     Total                          Min: 0, Avg: 2620.0, Max: 4734, Diff: 4734, Sum: 10480, Workers: 4
[3901.833s][debug][gc,phases      ] GC(254)   JNI Weak                       Min:  0.0, Avg:  0.0, Max:  0.0, Diff:  0.0, Sum:  0.0, Workers: 4
[3901.833s][debug][gc,phases      ] GC(254)     Dead                           Min: 0, Avg:  0.0, Max: 0, Diff: 0, Sum: 0, Workers: 4
[3901.833s][debug][gc,phases      ] GC(254)     Total                          Min: 0, Avg: 11.2, Max: 45, Diff: 45, Sum: 45, Workers: 4
[3901.833s][debug][gc,phases      ] GC(254)   StringDedup Table Weak         Min:  0.0, Avg:  0.0, Max:  0.0, Diff:  0.0, Sum:  0.0, Workers: 4
[3901.833s][debug][gc,phases      ] GC(254)     Dead                           Min: 0, Avg:  0.0, Max: 0, Diff: 0, Sum: 0, Workers: 4
[3901.833s][debug][gc,phases      ] GC(254)     Total                          Min: 0, Avg:  0.0, Max: 0, Diff: 0, Sum: 0, Workers: 4
[3901.833s][debug][gc,phases      ] GC(254)   StringDedup Requests0 Weak     Min:  0.0, Avg:  0.0, Max:  0.0, Diff:  0.0, Sum:  0.0, Workers: 4
[3901.833s][debug][gc,phases      ] GC(254)     Dead                           Min: 0, Avg:  0.0, Max: 0, Diff: 0, Sum: 0, Workers: 4
[3901.833s][debug][gc,phases      ] GC(254)     Total                          Min: 0, Avg:  0.0, Max: 0, Diff: 0, Sum: 0, Workers: 4
[3901.833s][debug][gc,phases      ] GC(254)   StringDedup Requests1 Weak     Min:  0.0, Avg:  0.0, Max:  0.0, Diff:  0.0, Sum:  0.0, Workers: 4
[3901.833s][debug][gc,phases      ] GC(254)     Dead                           Min: 0, Avg:  0.0, Max: 0, Diff: 0, Sum: 0, Workers: 4
[3901.833s][debug][gc,phases      ] GC(254)     Total                          Min: 0, Avg:  0.0, Max: 0, Diff: 0, Sum: 0, Workers: 4
[3901.833s][debug][gc,phases      ] GC(254)   Weak JFR Old Object Samples    Min:  0.0, Avg:  0.0, Max:  0.0, Diff:  0.0, Sum:  0.0, Workers: 4
[3901.833s][debug][gc,phases      ] GC(254)     Dead                           Min: 0, Avg:  0.0, Max: 0, Diff: 0, Sum: 0, Workers: 4
[3901.833s][debug][gc,phases      ] GC(254)     Total                          Min: 0, Avg:  0.0, Max: 0, Diff: 0, Sum: 0, Workers: 4
[3901.833s][debug][gc,phases      ] GC(254) Weak Processing 0.332ms
[3901.833s][debug][gc,age         ] GC(254) Desired survivor size 524288 bytes, new threshold 15 (max threshold 15)
[3901.833s][info ][gc,heap        ] GC(254) PSYoungGen: 2095712K(2096128K)->128K(2096640K) Eden: 2095616K(2095616K)->0K(2096128K) From: 96K(512K)->128K(512K)
[3901.833s][info ][gc,heap        ] GC(254) ParOldGen: 309242K(351232K)->309250K(351232K)
[3901.833s][info ][gc,metaspace   ] GC(254) Metaspace: 85488K(86400K)->85488K(86400K) NonClass: 73014K(73536K)->73014K(73536K) Class: 12474K(12864K)->12474K(12864K)
[3901.833s][info ][gc             ] GC(254) Pause Young (Allocation Failure) 2348M->302M(2390M) 2.545ms
[3901.833s][info ][gc,cpu         ] GC(254) User=0.00s Sys=0.00s Real=0.01s
[3901.833s][info ][safepoint      ] Safepoint "ParallelGCFailedAllocation", Time since last: 31848174452 ns, Reaching safepoint: 4600 ns, Cleanup: 3800 ns, At safepoint: 2621791 ns, Total: 2630191 ns
[3911.834s][info ][safepoint      ] Safepoint "Cleanup", Time since last: 10000565801 ns, Reaching safepoint: 5500 ns, Cleanup: 10300 ns, At safepoint: 2800 ns, Total: 18600 ns
[3933.530s][info ][gc,start       ] GC(255) Pause Young (Allocation Failure)
[3933.532s][debug][gc,phases      ] GC(255) Scavenge 2.225ms
[3933.532s][debug][gc,ref         ] GC(255) Skipped phase 1 of Reference Processing: no references
[3933.532s][debug][gc,ref         ] GC(255) ReferenceProcessor::execute queues: 1, RefProcThreadModel::Single, marks_oops_alive: false
[3933.532s][debug][gc,ref         ] GC(255) Skipped phase 3 of Reference Processing: no references
[3933.532s][debug][gc,ref         ] GC(255) ReferenceProcessor::execute queues: 1, RefProcThreadModel::Single, marks_oops_alive: false
[3933.532s][debug][gc,phases      ] GC(255) Reference Processing 0.095ms
[3933.533s][debug][gc,phases      ] GC(255)   VM Weak                        Min:  0.0, Avg:  0.0, Max:  0.0, Diff:  0.0, Sum:  0.0, Workers: 4
[3933.533s][debug][gc,phases      ] GC(255)     Dead                           Min: 0, Avg:  0.0, Max: 0, Diff: 0, Sum: 0, Workers: 4
[3933.533s][debug][gc,phases      ] GC(255)     Total                          Min: 0, Avg: 185.5, Max: 704, Diff: 704, Sum: 742, Workers: 4
[3933.533s][debug][gc,phases      ] GC(255)   ObjectSynchronizer Weak        Min:  0.0, Avg:  0.0, Max:  0.0, Diff:  0.0, Sum:  0.0, Workers: 4
[3933.533s][debug][gc,phases      ] GC(255)     Dead                           Min: 0, Avg:  0.0, Max: 0, Diff: 0, Sum: 0, Workers: 4
[3933.533s][debug][gc,phases      ] GC(255)     Total                          Min: 0, Avg:  0.8, Max: 3, Diff: 3, Sum: 3, Workers: 4
[3933.533s][debug][gc,phases      ] GC(255)   JVMTI Tag Weak OopStorage      Min:  0.0, Avg:  0.0, Max:  0.0, Diff:  0.0, Sum:  0.0, Workers: 4
[3933.533s][debug][gc,phases      ] GC(255)     Dead                           Min: 0, Avg:  0.0, Max: 0, Diff: 0, Sum: 0, Workers: 4
[3933.533s][debug][gc,phases      ] GC(255)     Total                          Min: 0, Avg:  0.0, Max: 0, Diff: 0, Sum: 0, Workers: 4
[3933.533s][debug][gc,phases      ] GC(255)   StringTable Weak               Min:  0.0, Avg:  0.1, Max:  0.1, Diff:  0.1, Sum:  0.4, Workers: 4
[3933.533s][debug][gc,phases      ] GC(255)     Dead                           Min: 0, Avg:  0.0, Max: 0, Diff: 0, Sum: 0, Workers: 4
[3933.533s][debug][gc,phases      ] GC(255)     Total                          Min: 0, Avg: 11033.5, Max: 19903, Diff: 19903, Sum: 44134, Workers: 4
[3933.533s][debug][gc,phases      ] GC(255)   ResolvedMethodTable Weak       Min:  0.0, Avg:  0.0, Max:  0.0, Diff:  0.0, Sum:  0.1, Workers: 4
[3933.533s][debug][gc,phases      ] GC(255)     Dead                           Min: 0, Avg:  0.0, Max: 0, Diff: 0, Sum: 0, Workers: 4
[3933.533s][debug][gc,phases      ] GC(255)     Total                          Min: 0, Avg: 2620.0, Max: 4464, Diff: 4464, Sum: 10480, Workers: 4
[3933.533s][debug][gc,phases      ] GC(255)   JNI Weak                       Min:  0.0, Avg:  0.0, Max:  0.0, Diff:  0.0, Sum:  0.0, Workers: 4
[3933.533s][debug][gc,phases      ] GC(255)     Dead                           Min: 0, Avg:  0.0, Max: 0, Diff: 0, Sum: 0, Workers: 4
[3933.533s][debug][gc,phases      ] GC(255)     Total                          Min: 0, Avg: 11.2, Max: 45, Diff: 45, Sum: 45, Workers: 4
[3933.533s][debug][gc,phases      ] GC(255)   StringDedup Table Weak         Min:  0.0, Avg:  0.0, Max:  0.0, Diff:  0.0, Sum:  0.0, Workers: 4
[3933.533s][debug][gc,phases      ] GC(255)     Dead                           Min: 0, Avg:  0.0, Max: 0, Diff: 0, Sum: 0, Workers: 4
[3933.533s][debug][gc,phases      ] GC(255)     Total                          Min: 0, Avg:  0.0, Max: 0, Diff: 0, Sum: 0, Workers: 4
[3933.533s][debug][gc,phases      ] GC(255)   StringDedup Requests0 Weak     Min:  0.0, Avg:  0.0, Max:  0.0, Diff:  0.0, Sum:  0.0, Workers: 4
[3933.533s][debug][gc,phases      ] GC(255)     Dead                           Min: 0, Avg:  0.0, Max: 0, Diff: 0, Sum: 0, Workers: 4
[3933.533s][debug][gc,phases      ] GC(255)     Total                          Min: 0, Avg:  0.0, Max: 0, Diff: 0, Sum: 0, Workers: 4
[3933.533s][debug][gc,phases      ] GC(255)   StringDedup Requests1 Weak     Min:  0.0, Avg:  0.0, Max:  0.0, Diff:  0.0, Sum:  0.0, Workers: 4
[3933.533s][debug][gc,phases      ] GC(255)     Dead                           Min: 0, Avg:  0.0, Max: 0, Diff: 0, Sum: 0, Workers: 4
[3933.533s][debug][gc,phases      ] GC(255)     Total                          Min: 0, Avg:  0.0, Max: 0, Diff: 0, Sum: 0, Workers: 4
[3933.533s][debug][gc,phases      ] GC(255)   Weak JFR Old Object Samples    Min:  0.0, Avg:  0.0, Max:  0.0, Diff:  0.0, Sum:  0.0, Workers: 4
[3933.533s][debug][gc,phases      ] GC(255)     Dead                           Min: 0, Avg:  0.0, Max: 0, Diff: 0, Sum: 0, Workers: 4
[3933.533s][debug][gc,phases      ] GC(255)     Total                          Min: 0, Avg:  0.0, Max: 0, Diff: 0, Sum: 0, Workers: 4
[3933.533s][debug][gc,phases      ] GC(255) Weak Processing 0.322ms
[3933.533s][debug][gc,age         ] GC(255) Desired survivor size 524288 bytes, new threshold 15 (max threshold 15)
[3933.533s][info ][gc,heap        ] GC(255) PSYoungGen: 2096256K(2096640K)->128K(2096640K) Eden: 2096128K(2096128K)->0K(2096128K) From: 128K(512K)->128K(512K)
[3933.533s][info ][gc,heap        ] GC(255) ParOldGen: 309250K(351232K)->309258K(351232K)
[3933.533s][info ][gc,metaspace   ] GC(255) Metaspace: 85489K(86400K)->85489K(86400K) NonClass: 73014K(73536K)->73014K(73536K) Class: 12474K(12864K)->12474K(12864K)
[3933.533s][info ][gc             ] GC(255) Pause Young (Allocation Failure) 2349M->302M(2390M) 2.724ms
[3933.533s][info ][gc,cpu         ] GC(255) User=0.01s Sys=0.00s Real=0.01s
[3933.533s][info ][safepoint      ] Safepoint "ParallelGCFailedAllocation", Time since last: 21696351661 ns, Reaching safepoint: 4700 ns, Cleanup: 4200 ns, At safepoint: 2806192 ns, Total: 2815092 ns
[3964.930s][info ][gc,start       ] GC(256) Pause Young (Allocation Failure)
[3964.932s][debug][gc,phases      ] GC(256) Scavenge 1.250ms
[3964.932s][debug][gc,ref         ] GC(256) Skipped phase 1 of Reference Processing: no references
[3964.932s][debug][gc,ref         ] GC(256) ReferenceProcessor::execute queues: 1, RefProcThreadModel::Single, marks_oops_alive: false
[3964.932s][debug][gc,ref         ] GC(256) Skipped phase 3 of Reference Processing: no references
[3964.932s][debug][gc,ref         ] GC(256) ReferenceProcessor::execute queues: 1, RefProcThreadModel::Single, marks_oops_alive: false
[3964.932s][debug][gc,phases      ] GC(256) Reference Processing 0.090ms
[3964.932s][debug][gc,phases      ] GC(256)   VM Weak                        Min:  0.0, Avg:  0.0, Max:  0.0, Diff:  0.0, Sum:  0.0, Workers: 4
[3964.932s][debug][gc,phases      ] GC(256)     Dead                           Min: 0, Avg:  0.0, Max: 0, Diff: 0, Sum: 0, Workers: 4
[3964.932s][debug][gc,phases      ] GC(256)     Total                          Min: 0, Avg: 185.5, Max: 742, Diff: 742, Sum: 742, Workers: 4
[3964.932s][debug][gc,phases      ] GC(256)   ObjectSynchronizer Weak        Min:  0.0, Avg:  0.0, Max:  0.0, Diff:  0.0, Sum:  0.0, Workers: 4
[3964.932s][debug][gc,phases      ] GC(256)     Dead                           Min: 0, Avg:  0.0, Max: 0, Diff: 0, Sum: 0, Workers: 4
[3964.932s][debug][gc,phases      ] GC(256)     Total                          Min: 0, Avg:  0.8, Max: 3, Diff: 3, Sum: 3, Workers: 4
[3964.932s][debug][gc,phases      ] GC(256)   JVMTI Tag Weak OopStorage      Min:  0.0, Avg:  0.0, Max:  0.0, Diff:  0.0, Sum:  0.0, Workers: 4
[3964.932s][debug][gc,phases      ] GC(256)     Dead                           Min: 0, Avg:  0.0, Max: 0, Diff: 0, Sum: 0, Workers: 4
[3964.932s][debug][gc,phases      ] GC(256)     Total                          Min: 0, Avg:  0.0, Max: 0, Diff: 0, Sum: 0, Workers: 4
[3964.932s][debug][gc,phases      ] GC(256)   StringTable Weak               Min:  0.1, Avg:  0.1, Max:  0.1, Diff:  0.0, Sum:  0.5, Workers: 4
[3964.932s][debug][gc,phases      ] GC(256)     Dead                           Min: 0, Avg:  0.0, Max: 0, Diff: 0, Sum: 0, Workers: 4
[3964.932s][debug][gc,phases      ] GC(256)     Total                          Min: 8807, Avg: 11033.5, Max: 12735, Diff: 3928, Sum: 44134, Workers: 4
[3964.932s][debug][gc,phases      ] GC(256)   ResolvedMethodTable Weak       Min:  0.0, Avg:  0.0, Max:  0.0, Diff:  0.0, Sum:  0.1, Workers: 4
[3964.932s][debug][gc,phases      ] GC(256)     Dead                           Min: 0, Avg:  0.0, Max: 0, Diff: 0, Sum: 0, Workers: 4
[3964.932s][debug][gc,phases      ] GC(256)     Total                          Min: 2496, Avg: 2620.0, Max: 2802, Diff: 306, Sum: 10480, Workers: 4
[3964.932s][debug][gc,phases      ] GC(256)   JNI Weak                       Min:  0.0, Avg:  0.0, Max:  0.0, Diff:  0.0, Sum:  0.0, Workers: 4
[3964.932s][debug][gc,phases      ] GC(256)     Dead                           Min: 0, Avg:  0.0, Max: 0, Diff: 0, Sum: 0, Workers: 4
[3964.932s][debug][gc,phases      ] GC(256)     Total                          Min: 0, Avg: 11.2, Max: 45, Diff: 45, Sum: 45, Workers: 4
[3964.932s][debug][gc,phases      ] GC(256)   StringDedup Table Weak         Min:  0.0, Avg:  0.0, Max:  0.0, Diff:  0.0, Sum:  0.0, Workers: 4
[3964.932s][debug][gc,phases      ] GC(256)     Dead                           Min: 0, Avg:  0.0, Max: 0, Diff: 0, Sum: 0, Workers: 4
[3964.932s][debug][gc,phases      ] GC(256)     Total                          Min: 0, Avg:  0.0, Max: 0, Diff: 0, Sum: 0, Workers: 4
[3964.932s][debug][gc,phases      ] GC(256)   StringDedup Requests0 Weak     Min:  0.0, Avg:  0.0, Max:  0.0, Diff:  0.0, Sum:  0.0, Workers: 4
[3964.932s][debug][gc,phases      ] GC(256)     Dead                           Min: 0, Avg:  0.0, Max: 0, Diff: 0, Sum: 0, Workers: 4
[3964.932s][debug][gc,phases      ] GC(256)     Total                          Min: 0, Avg:  0.0, Max: 0, Diff: 0, Sum: 0, Workers: 4
[3964.932s][debug][gc,phases      ] GC(256)   StringDedup Requests1 Weak     Min:  0.0, Avg:  0.0, Max:  0.0, Diff:  0.0, Sum:  0.0, Workers: 4
[3964.932s][debug][gc,phases      ] GC(256)     Dead                           Min: 0, Avg:  0.0, Max: 0, Diff: 0, Sum: 0, Workers: 4
[3964.932s][debug][gc,phases      ] GC(256)     Total                          Min: 0, Avg:  0.0, Max: 0, Diff: 0, Sum: 0, Workers: 4
[3964.932s][debug][gc,phases      ] GC(256)   Weak JFR Old Object Samples    Min:  0.0, Avg:  0.0, Max:  0.0, Diff:  0.0, Sum:  0.0, Workers: 4
[3964.932s][debug][gc,phases      ] GC(256)     Dead                           Min: 0, Avg:  0.0, Max: 0, Diff: 0, Sum: 0, Workers: 4
[3964.932s][debug][gc,phases      ] GC(256)     Total                          Min: 0, Avg:  0.0, Max: 0, Diff: 0, Sum: 0, Workers: 4
[3964.932s][debug][gc,phases      ] GC(256) Weak Processing 0.337ms
[3964.932s][debug][gc,age         ] GC(256) Desired survivor size 524288 bytes, new threshold 15 (max threshold 15)
[3964.932s][info ][gc,heap        ] GC(256) PSYoungGen: 2096256K(2096640K)->128K(2096640K) Eden: 2096128K(2096128K)->0K(2096128K) From: 128K(512K)->128K(512K)
[3964.932s][info ][gc,heap        ] GC(256) ParOldGen: 309258K(351232K)->309266K(351232K)
[3964.932s][info ][gc,metaspace   ] GC(256) Metaspace: 85489K(86400K)->85489K(86400K) NonClass: 73014K(73536K)->73014K(73536K) Class: 12474K(12864K)->12474K(12864K)
[3964.932s][info ][gc             ] GC(256) Pause Young (Allocation Failure) 2349M->302M(2390M) 1.765ms
[3964.932s][info ][gc,cpu         ] GC(256) User=0.01s Sys=0.00s Real=0.01s
[3964.932s][info ][safepoint      ] Safepoint "ParallelGCFailedAllocation", Time since last: 31397298101 ns, Reaching safepoint: 72500 ns, Cleanup: 4100 ns, At safepoint: 1855994 ns, Total: 1932594 ns
[3996.731s][info ][gc,start       ] GC(257) Pause Young (Allocation Failure)
[3996.733s][debug][gc,phases      ] GC(257) Scavenge 2.117ms
[3996.733s][debug][gc,ref         ] GC(257) Skipped phase 1 of Reference Processing: no references
[3996.733s][debug][gc,ref         ] GC(257) ReferenceProcessor::execute queues: 1, RefProcThreadModel::Single, marks_oops_alive: false
[3996.733s][debug][gc,ref         ] GC(257) Skipped phase 3 of Reference Processing: no references
[3996.733s][debug][gc,ref         ] GC(257) ReferenceProcessor::execute queues: 1, RefProcThreadModel::Single, marks_oops_alive: false
[3996.733s][debug][gc,phases      ] GC(257) Reference Processing 0.092ms
[3996.733s][debug][gc,phases      ] GC(257)   VM Weak                        Min:  0.0, Avg:  0.0, Max:  0.0, Diff:  0.0, Sum:  0.0, Workers: 4
[3996.733s][debug][gc,phases      ] GC(257)     Dead                           Min: 0, Avg:  0.0, Max: 0, Diff: 0, Sum: 0, Workers: 4
[3996.733s][debug][gc,phases      ] GC(257)     Total                          Min: 0, Avg: 185.5, Max: 384, Diff: 384, Sum: 742, Workers: 4
[3996.733s][debug][gc,phases      ] GC(257)   ObjectSynchronizer Weak        Min:  0.0, Avg:  0.0, Max:  0.0, Diff:  0.0, Sum:  0.0, Workers: 4
[3996.733s][debug][gc,phases      ] GC(257)     Dead                           Min: 0, Avg:  0.0, Max: 0, Diff: 0, Sum: 0, Workers: 4
[3996.733s][debug][gc,phases      ] GC(257)     Total                          Min: 0, Avg:  0.8, Max: 3, Diff: 3, Sum: 3, Workers: 4
[3996.733s][debug][gc,phases      ] GC(257)   JVMTI Tag Weak OopStorage      Min:  0.0, Avg:  0.0, Max:  0.0, Diff:  0.0, Sum:  0.0, Workers: 4
[3996.733s][debug][gc,phases      ] GC(257)     Dead                           Min: 0, Avg:  0.0, Max: 0, Diff: 0, Sum: 0, Workers: 4
[3996.733s][debug][gc,phases      ] GC(257)     Total                          Min: 0, Avg:  0.0, Max: 0, Diff: 0, Sum: 0, Workers: 4
[3996.733s][debug][gc,phases      ] GC(257)   StringTable Weak               Min:  0.0, Avg:  0.1, Max:  0.1, Diff:  0.1, Sum:  0.3, Workers: 4
[3996.733s][debug][gc,phases      ] GC(257)     Dead                           Min: 0, Avg:  0.0, Max: 0, Diff: 0, Sum: 0, Workers: 4
[3996.733s][debug][gc,phases      ] GC(257)     Total                          Min: 0, Avg: 11035.8, Max: 19968, Diff: 19968, Sum: 44143, Workers: 4
[3996.733s][debug][gc,phases      ] GC(257)   ResolvedMethodTable Weak       Min:  0.0, Avg:  0.0, Max:  0.0, Diff:  0.0, Sum:  0.1, Workers: 4
[3996.733s][debug][gc,phases      ] GC(257)     Dead                           Min: 0, Avg:  0.0, Max: 0, Diff: 0, Sum: 0, Workers: 4
[3996.733s][debug][gc,phases      ] GC(257)     Total                          Min: 0, Avg: 2620.0, Max: 4862, Diff: 4862, Sum: 10480, Workers: 4
[3996.733s][debug][gc,phases      ] GC(257)   JNI Weak                       Min:  0.0, Avg:  0.0, Max:  0.0, Diff:  0.0, Sum:  0.0, Workers: 4
[3996.733s][debug][gc,phases      ] GC(257)     Dead                           Min: 0, Avg:  0.0, Max: 0, Diff: 0, Sum: 0, Workers: 4
[3996.733s][debug][gc,phases      ] GC(257)     Total                          Min: 0, Avg: 11.2, Max: 45, Diff: 45, Sum: 45, Workers: 4
[3996.733s][debug][gc,phases      ] GC(257)   StringDedup Table Weak         Min:  0.0, Avg:  0.0, Max:  0.0, Diff:  0.0, Sum:  0.0, Workers: 4
[3996.733s][debug][gc,phases      ] GC(257)     Dead                           Min: 0, Avg:  0.0, Max: 0, Diff: 0, Sum: 0, Workers: 4
[3996.733s][debug][gc,phases      ] GC(257)     Total                          Min: 0, Avg:  0.0, Max: 0, Diff: 0, Sum: 0, Workers: 4
[3996.733s][debug][gc,phases      ] GC(257)   StringDedup Requests0 Weak     Min:  0.0, Avg:  0.0, Max:  0.0, Diff:  0.0, Sum:  0.0, Workers: 4
[3996.733s][debug][gc,phases      ] GC(257)     Dead                           Min: 0, Avg:  0.0, Max: 0, Diff: 0, Sum: 0, Workers: 4
[3996.733s][debug][gc,phases      ] GC(257)     Total                          Min: 0, Avg:  0.0, Max: 0, Diff: 0, Sum: 0, Workers: 4
[3996.733s][debug][gc,phases      ] GC(257)   StringDedup Requests1 Weak     Min:  0.0, Avg:  0.0, Max:  0.0, Diff:  0.0, Sum:  0.0, Workers: 4
[3996.733s][debug][gc,phases      ] GC(257)     Dead                           Min: 0, Avg:  0.0, Max: 0, Diff: 0, Sum: 0, Workers: 4
[3996.733s][debug][gc,phases      ] GC(257)     Total                          Min: 0, Avg:  0.0, Max: 0, Diff: 0, Sum: 0, Workers: 4
[3996.733s][debug][gc,phases      ] GC(257)   Weak JFR Old Object Samples    Min:  0.0, Avg:  0.0, Max:  0.0, Diff:  0.0, Sum:  0.0, Workers: 4
[3996.733s][debug][gc,phases      ] GC(257)     Dead                           Min: 0, Avg:  0.0, Max: 0, Diff: 0, Sum: 0, Workers: 4
[3996.733s][debug][gc,phases      ] GC(257)     Total                          Min: 0, Avg:  0.0, Max: 0, Diff: 0, Sum: 0, Workers: 4
[3996.733s][debug][gc,phases      ] GC(257) Weak Processing 0.318ms
[3996.733s][debug][gc,age         ] GC(257) Desired survivor size 524288 bytes, new threshold 15 (max threshold 15)
[3996.733s][info ][gc,heap        ] GC(257) PSYoungGen: 2096256K(2096640K)->128K(2096640K) Eden: 2096128K(2096128K)->0K(2096128K) From: 128K(512K)->128K(512K)
[3996.733s][info ][gc,heap        ] GC(257) ParOldGen: 309266K(351232K)->309274K(351232K)
[3996.733s][info ][gc,metaspace   ] GC(257) Metaspace: 85500K(86400K)->85500K(86400K) NonClass: 73023K(73536K)->73023K(73536K) Class: 12477K(12864K)->12477K(12864K)
[3996.733s][info ][gc             ] GC(257) Pause Young (Allocation Failure) 2349M->302M(2390M) 2.621ms
[3996.733s][info ][gc,cpu         ] GC(257) User=0.00s Sys=0.00s Real=0.01s
[3996.733s][info ][safepoint      ] Safepoint "ParallelGCFailedAllocation", Time since last: 31798362013 ns, Reaching safepoint: 4700 ns, Cleanup: 3400 ns, At safepoint: 2711694 ns, Total: 2719794 ns
[4028.579s][info ][gc,start       ] GC(258) Pause Young (Allocation Failure)
[4028.581s][debug][gc,phases      ] GC(258) Scavenge 1.341ms
[4028.581s][debug][gc,ref         ] GC(258) Skipped phase 1 of Reference Processing: no references
[4028.581s][debug][gc,ref         ] GC(258) ReferenceProcessor::execute queues: 1, RefProcThreadModel::Single, marks_oops_alive: false
[4028.581s][debug][gc,ref         ] GC(258) Skipped phase 3 of Reference Processing: no references
[4028.581s][debug][gc,ref         ] GC(258) ReferenceProcessor::execute queues: 1, RefProcThreadModel::Single, marks_oops_alive: false
[4028.581s][debug][gc,phases      ] GC(258) Reference Processing 0.093ms
[4028.581s][debug][gc,phases      ] GC(258)   VM Weak                        Min:  0.0, Avg:  0.0, Max:  0.0, Diff:  0.0, Sum:  0.0, Workers: 4
[4028.581s][debug][gc,phases      ] GC(258)     Dead                           Min: 0, Avg:  0.0, Max: 0, Diff: 0, Sum: 0, Workers: 4
[4028.581s][debug][gc,phases      ] GC(258)     Total                          Min: 0, Avg: 185.5, Max: 742, Diff: 742, Sum: 742, Workers: 4
[4028.581s][debug][gc,phases      ] GC(258)   ObjectSynchronizer Weak        Min:  0.0, Avg:  0.0, Max:  0.0, Diff:  0.0, Sum:  0.0, Workers: 4
[4028.581s][debug][gc,phases      ] GC(258)     Dead                           Min: 0, Avg:  0.0, Max: 0, Diff: 0, Sum: 0, Workers: 4
[4028.581s][debug][gc,phases      ] GC(258)     Total                          Min: 0, Avg:  0.8, Max: 3, Diff: 3, Sum: 3, Workers: 4
[4028.581s][debug][gc,phases      ] GC(258)   JVMTI Tag Weak OopStorage      Min:  0.0, Avg:  0.0, Max:  0.0, Diff:  0.0, Sum:  0.0, Workers: 4
[4028.581s][debug][gc,phases      ] GC(258)     Dead                           Min: 0, Avg:  0.0, Max: 0, Diff: 0, Sum: 0, Workers: 4
[4028.581s][debug][gc,phases      ] GC(258)     Total                          Min: 0, Avg:  0.0, Max: 0, Diff: 0, Sum: 0, Workers: 4
[4028.581s][debug][gc,phases      ] GC(258)   StringTable Weak               Min:  0.0, Avg:  0.1, Max:  0.1, Diff:  0.1, Sum:  0.4, Workers: 4
[4028.581s][debug][gc,phases      ] GC(258)     Dead                           Min: 0, Avg:  0.0, Max: 0, Diff: 0, Sum: 0, Workers: 4
[4028.581s][debug][gc,phases      ] GC(258)     Total                          Min: 0, Avg: 11035.8, Max: 18238, Diff: 18238, Sum: 44143, Workers: 4
[4028.581s][debug][gc,phases      ] GC(258)   ResolvedMethodTable Weak       Min:  0.0, Avg:  0.0, Max:  0.0, Diff:  0.0, Sum:  0.1, Workers: 4
[4028.581s][debug][gc,phases      ] GC(258)     Dead                           Min: 0, Avg:  0.0, Max: 0, Diff: 0, Sum: 0, Workers: 4
[4028.581s][debug][gc,phases      ] GC(258)     Total                          Min: 0, Avg: 2620.0, Max: 4734, Diff: 4734, Sum: 10480, Workers: 4
[4028.581s][debug][gc,phases      ] GC(258)   JNI Weak                       Min:  0.0, Avg:  0.0, Max:  0.0, Diff:  0.0, Sum:  0.0, Workers: 4
[4028.581s][debug][gc,phases      ] GC(258)     Dead                           Min: 0, Avg:  0.0, Max: 0, Diff: 0, Sum: 0, Workers: 4
[4028.581s][debug][gc,phases      ] GC(258)     Total                          Min: 0, Avg: 11.2, Max: 45, Diff: 45, Sum: 45, Workers: 4
[4028.581s][debug][gc,phases      ] GC(258)   StringDedup Table Weak         Min:  0.0, Avg:  0.0, Max:  0.0, Diff:  0.0, Sum:  0.0, Workers: 4
[4028.581s][debug][gc,phases      ] GC(258)     Dead                           Min: 0, Avg:  0.0, Max: 0, Diff: 0, Sum: 0, Workers: 4
[4028.581s][debug][gc,phases      ] GC(258)     Total                          Min: 0, Avg:  0.0, Max: 0, Diff: 0, Sum: 0, Workers: 4
[4028.581s][debug][gc,phases      ] GC(258)   StringDedup Requests0 Weak     Min:  0.0, Avg:  0.0, Max:  0.0, Diff:  0.0, Sum:  0.0, Workers: 4
[4028.581s][debug][gc,phases      ] GC(258)     Dead                           Min: 0, Avg:  0.0, Max: 0, Diff: 0, Sum: 0, Workers: 4
[4028.581s][debug][gc,phases      ] GC(258)     Total                          Min: 0, Avg:  0.0, Max: 0, Diff: 0, Sum: 0, Workers: 4
[4028.581s][debug][gc,phases      ] GC(258)   StringDedup Requests1 Weak     Min:  0.0, Avg:  0.0, Max:  0.0, Diff:  0.0, Sum:  0.0, Workers: 4
[4028.581s][debug][gc,phases      ] GC(258)     Dead                           Min: 0, Avg:  0.0, Max: 0, Diff: 0, Sum: 0, Workers: 4
[4028.581s][debug][gc,phases      ] GC(258)     Total                          Min: 0, Avg:  0.0, Max: 0, Diff: 0, Sum: 0, Workers: 4
[4028.581s][debug][gc,phases      ] GC(258)   Weak JFR Old Object Samples    Min:  0.0, Avg:  0.0, Max:  0.0, Diff:  0.0, Sum:  0.0, Workers: 4
[4028.581s][debug][gc,phases      ] GC(258)     Dead                           Min: 0, Avg:  0.0, Max: 0, Diff: 0, Sum: 0, Workers: 4
[4028.581s][debug][gc,phases      ] GC(258)     Total                          Min: 0, Avg:  0.0, Max: 0, Diff: 0, Sum: 0, Workers: 4
[4028.581s][debug][gc,phases      ] GC(258) Weak Processing 0.336ms
[4028.581s][debug][gc,age         ] GC(258) Desired survivor size 524288 bytes, new threshold 15 (max threshold 15)
[4028.581s][info ][gc,heap        ] GC(258) PSYoungGen: 2096256K(2096640K)->128K(2096640K) Eden: 2096128K(2096128K)->0K(2096128K) From: 128K(512K)->128K(512K)
[4028.581s][info ][gc,heap        ] GC(258) ParOldGen: 309274K(351232K)->309282K(351232K)
[4028.581s][info ][gc,metaspace   ] GC(258) Metaspace: 85500K(86400K)->85500K(86400K) NonClass: 73023K(73536K)->73023K(73536K) Class: 12477K(12864K)->12477K(12864K)
[4028.581s][info ][gc             ] GC(258) Pause Young (Allocation Failure) 2349M->302M(2390M) 1.870ms
[4028.581s][info ][gc,cpu         ] GC(258) User=0.01s Sys=0.00s Real=0.01s
[4028.581s][info ][safepoint      ] Safepoint "ParallelGCFailedAllocation", Time since last: 31845831149 ns, Reaching safepoint: 74100 ns, Cleanup: 4100 ns, At safepoint: 1959394 ns, Total: 2037594 ns
[4060.430s][info ][gc,start       ] GC(259) Pause Young (Allocation Failure)
[4060.433s][debug][gc,phases      ] GC(259) Scavenge 2.462ms
[4060.433s][debug][gc,ref         ] GC(259) Skipped phase 1 of Reference Processing: no references
[4060.433s][debug][gc,ref         ] GC(259) ReferenceProcessor::execute queues: 1, RefProcThreadModel::Single, marks_oops_alive: false
[4060.433s][debug][gc,ref         ] GC(259) Skipped phase 3 of Reference Processing: no references
[4060.433s][debug][gc,ref         ] GC(259) Skipped phase 4 of Reference Processing: no references
[4060.433s][debug][gc,phases      ] GC(259) Reference Processing 0.091ms
[4060.433s][debug][gc,phases      ] GC(259)   VM Weak                        Min:  0.0, Avg:  0.0, Max:  0.0, Diff:  0.0, Sum:  0.0, Workers: 4
[4060.433s][debug][gc,phases      ] GC(259)     Dead                           Min: 0, Avg:  0.0, Max: 0, Diff: 0, Sum: 0, Workers: 4
[4060.433s][debug][gc,phases      ] GC(259)     Total                          Min: 0, Avg: 185.5, Max: 742, Diff: 742, Sum: 742, Workers: 4
[4060.433s][debug][gc,phases      ] GC(259)   ObjectSynchronizer Weak        Min:  0.0, Avg:  0.0, Max:  0.0, Diff:  0.0, Sum:  0.0, Workers: 4
[4060.433s][debug][gc,phases      ] GC(259)     Dead                           Min: 0, Avg:  0.0, Max: 0, Diff: 0, Sum: 0, Workers: 4
[4060.433s][debug][gc,phases      ] GC(259)     Total                          Min: 0, Avg:  0.8, Max: 3, Diff: 3, Sum: 3, Workers: 4
[4060.433s][debug][gc,phases      ] GC(259)   JVMTI Tag Weak OopStorage      Min:  0.0, Avg:  0.0, Max:  0.0, Diff:  0.0, Sum:  0.0, Workers: 4
[4060.433s][debug][gc,phases      ] GC(259)     Dead                           Min: 0, Avg:  0.0, Max: 0, Diff: 0, Sum: 0, Workers: 4
[4060.433s][debug][gc,phases      ] GC(259)     Total                          Min: 0, Avg:  0.0, Max: 0, Diff: 0, Sum: 0, Workers: 4
[4060.433s][debug][gc,phases      ] GC(259)   StringTable Weak               Min:  0.0, Avg:  0.1, Max:  0.1, Diff:  0.1, Sum:  0.3, Workers: 4
[4060.433s][debug][gc,phases      ] GC(259)     Dead                           Min: 0, Avg:  0.0, Max: 0, Diff: 0, Sum: 0, Workers: 4
[4060.433s][debug][gc,phases      ] GC(259)     Total                          Min: 0, Avg: 11035.8, Max: 20079, Diff: 20079, Sum: 44143, Workers: 4
[4060.433s][debug][gc,phases      ] GC(259)   ResolvedMethodTable Weak       Min:  0.0, Avg:  0.0, Max:  0.0, Diff:  0.0, Sum:  0.1, Workers: 4
[4060.433s][debug][gc,phases      ] GC(259)     Dead                           Min: 0, Avg:  0.0, Max: 0, Diff: 0, Sum: 0, Workers: 4
[4060.433s][debug][gc,phases      ] GC(259)     Total                          Min: 0, Avg: 2620.0, Max: 4608, Diff: 4608, Sum: 10480, Workers: 4
[4060.433s][debug][gc,phases      ] GC(259)   JNI Weak                       Min:  0.0, Avg:  0.0, Max:  0.0, Diff:  0.0, Sum:  0.0, Workers: 4
[4060.433s][debug][gc,phases      ] GC(259)     Dead                           Min: 0, Avg:  0.0, Max: 0, Diff: 0, Sum: 0, Workers: 4
[4060.433s][debug][gc,phases      ] GC(259)     Total                          Min: 0, Avg: 11.2, Max: 45, Diff: 45, Sum: 45, Workers: 4
[4060.433s][debug][gc,phases      ] GC(259)   StringDedup Table Weak         Min:  0.0, Avg:  0.0, Max:  0.0, Diff:  0.0, Sum:  0.0, Workers: 4
[4060.433s][debug][gc,phases      ] GC(259)     Dead                           Min: 0, Avg:  0.0, Max: 0, Diff: 0, Sum: 0, Workers: 4
[4060.433s][debug][gc,phases      ] GC(259)     Total                          Min: 0, Avg:  0.0, Max: 0, Diff: 0, Sum: 0, Workers: 4
[4060.433s][debug][gc,phases      ] GC(259)   StringDedup Requests0 Weak     Min:  0.0, Avg:  0.0, Max:  0.0, Diff:  0.0, Sum:  0.0, Workers: 4
[4060.433s][debug][gc,phases      ] GC(259)     Dead                           Min: 0, Avg:  0.0, Max: 0, Diff: 0, Sum: 0, Workers: 4
[4060.433s][debug][gc,phases      ] GC(259)     Total                          Min: 0, Avg:  0.0, Max: 0, Diff: 0, Sum: 0, Workers: 4
[4060.433s][debug][gc,phases      ] GC(259)   StringDedup Requests1 Weak     Min:  0.0, Avg:  0.0, Max:  0.0, Diff:  0.0, Sum:  0.0, Workers: 4
[4060.433s][debug][gc,phases      ] GC(259)     Dead                           Min: 0, Avg:  0.0, Max: 0, Diff: 0, Sum: 0, Workers: 4
[4060.433s][debug][gc,phases      ] GC(259)     Total                          Min: 0, Avg:  0.0, Max: 0, Diff: 0, Sum: 0, Workers: 4
[4060.433s][debug][gc,phases      ] GC(259)   Weak JFR Old Object Samples    Min:  0.0, Avg:  0.0, Max:  0.0, Diff:  0.0, Sum:  0.0, Workers: 4
[4060.433s][debug][gc,phases      ] GC(259)     Dead                           Min: 0, Avg:  0.0, Max: 0, Diff: 0, Sum: 0, Workers: 4
[4060.433s][debug][gc,phases      ] GC(259)     Total                          Min: 0, Avg:  0.0, Max: 0, Diff: 0, Sum: 0, Workers: 4
[4060.433s][debug][gc,phases      ] GC(259) Weak Processing 0.317ms
[4060.433s][debug][gc,age         ] GC(259) Desired survivor size 524288 bytes, new threshold 15 (max threshold 15)
[4060.433s][info ][gc,heap        ] GC(259) PSYoungGen: 2096256K(2096640K)->128K(2096640K) Eden: 2096128K(2096128K)->0K(2096128K) From: 128K(512K)->128K(512K)
[4060.433s][info ][gc,heap        ] GC(259) ParOldGen: 309282K(351232K)->309290K(351232K)
[4060.433s][info ][gc,metaspace   ] GC(259) Metaspace: 85500K(86400K)->85500K(86400K) NonClass: 73023K(73536K)->73023K(73536K) Class: 12477K(12864K)->12477K(12864K)
[4060.433s][info ][gc             ] GC(259) Pause Young (Allocation Failure) 2349M->302M(2390M) 2.958ms
[4060.433s][info ][gc,cpu         ] GC(259) User=0.01s Sys=0.00s Real=0.01s
[4060.433s][info ][safepoint      ] Safepoint "ParallelGCFailedAllocation", Time since last: 31849157499 ns, Reaching safepoint: 4000 ns, Cleanup: 3600 ns, At safepoint: 3040793 ns, Total: 3048393 ns
[4092.281s][info ][gc,start       ] GC(260) Pause Young (Allocation Failure)
[4092.283s][debug][gc,phases      ] GC(260) Scavenge 2.153ms
[4092.284s][debug][gc,ref         ] GC(260) Skipped phase 1 of Reference Processing: no references
[4092.284s][debug][gc,ref         ] GC(260) ReferenceProcessor::execute queues: 1, RefProcThreadModel::Single, marks_oops_alive: false
[4092.284s][debug][gc,ref         ] GC(260) Skipped phase 3 of Reference Processing: no references
[4092.284s][debug][gc,ref         ] GC(260) ReferenceProcessor::execute queues: 1, RefProcThreadModel::Single, marks_oops_alive: false
[4092.284s][debug][gc,phases      ] GC(260) Reference Processing 0.092ms
[4092.284s][debug][gc,phases      ] GC(260)   VM Weak                        Min:  0.0, Avg:  0.0, Max:  0.0, Diff:  0.0, Sum:  0.0, Workers: 4
[4092.284s][debug][gc,phases      ] GC(260)     Dead                           Min: 0, Avg:  0.0, Max: 0, Diff: 0, Sum: 0, Workers: 4
[4092.284s][debug][gc,phases      ] GC(260)     Total                          Min: 0, Avg: 185.5, Max: 678, Diff: 678, Sum: 742, Workers: 4
[4092.284s][debug][gc,phases      ] GC(260)   ObjectSynchronizer Weak        Min:  0.0, Avg:  0.0, Max:  0.0, Diff:  0.0, Sum:  0.0, Workers: 4
[4092.284s][debug][gc,phases      ] GC(260)     Dead                           Min: 0, Avg:  0.0, Max: 0, Diff: 0, Sum: 0, Workers: 4
[4092.284s][debug][gc,phases      ] GC(260)     Total                          Min: 0, Avg:  0.8, Max: 3, Diff: 3, Sum: 3, Workers: 4
[4092.284s][debug][gc,phases      ] GC(260)   JVMTI Tag Weak OopStorage      Min:  0.0, Avg:  0.0, Max:  0.0, Diff:  0.0, Sum:  0.0, Workers: 4
[4092.284s][debug][gc,phases      ] GC(260)     Dead                           Min: 0, Avg:  0.0, Max: 0, Diff: 0, Sum: 0, Workers: 4
[4092.284s][debug][gc,phases      ] GC(260)     Total                          Min: 0, Avg:  0.0, Max: 0, Diff: 0, Sum: 0, Workers: 4
[4092.284s][debug][gc,phases      ] GC(260)   StringTable Weak               Min:  0.0, Avg:  0.1, Max:  0.1, Diff:  0.1, Sum:  0.4, Workers: 4
[4092.284s][debug][gc,phases      ] GC(260)     Dead                           Min: 0, Avg:  0.0, Max: 0, Diff: 0, Sum: 0, Workers: 4
[4092.284s][debug][gc,phases      ] GC(260)     Total                          Min: 0, Avg: 11035.8, Max: 18622, Diff: 18622, Sum: 44143, Workers: 4
[4092.284s][debug][gc,phases      ] GC(260)   ResolvedMethodTable Weak       Min:  0.0, Avg:  0.0, Max:  0.0, Diff:  0.0, Sum:  0.1, Workers: 4
[4092.284s][debug][gc,phases      ] GC(260)     Dead                           Min: 0, Avg:  0.0, Max: 0, Diff: 0, Sum: 0, Workers: 4
[4092.284s][debug][gc,phases      ] GC(260)     Total                          Min: 0, Avg: 2620.0, Max: 4672, Diff: 4672, Sum: 10480, Workers: 4
[4092.284s][debug][gc,phases      ] GC(260)   JNI Weak                       Min:  0.0, Avg:  0.0, Max:  0.0, Diff:  0.0, Sum:  0.0, Workers: 4
[4092.284s][debug][gc,phases      ] GC(260)     Dead                           Min: 0, Avg:  0.0, Max: 0, Diff: 0, Sum: 0, Workers: 4
[4092.284s][debug][gc,phases      ] GC(260)     Total                          Min: 0, Avg: 11.2, Max: 45, Diff: 45, Sum: 45, Workers: 4
[4092.284s][debug][gc,phases      ] GC(260)   StringDedup Table Weak         Min:  0.0, Avg:  0.0, Max:  0.0, Diff:  0.0, Sum:  0.0, Workers: 4
[4092.284s][debug][gc,phases      ] GC(260)     Dead                           Min: 0, Avg:  0.0, Max: 0, Diff: 0, Sum: 0, Workers: 4
[4092.284s][debug][gc,phases      ] GC(260)     Total                          Min: 0, Avg:  0.0, Max: 0, Diff: 0, Sum: 0, Workers: 4
[4092.284s][debug][gc,phases      ] GC(260)   StringDedup Requests0 Weak     Min:  0.0, Avg:  0.0, Max:  0.0, Diff:  0.0, Sum:  0.0, Workers: 4
[4092.284s][debug][gc,phases      ] GC(260)     Dead                           Min: 0, Avg:  0.0, Max: 0, Diff: 0, Sum: 0, Workers: 4
[4092.284s][debug][gc,phases      ] GC(260)     Total                          Min: 0, Avg:  0.0, Max: 0, Diff: 0, Sum: 0, Workers: 4
[4092.284s][debug][gc,phases      ] GC(260)   StringDedup Requests1 Weak     Min:  0.0, Avg:  0.0, Max:  0.0, Diff:  0.0, Sum:  0.0, Workers: 4
[4092.284s][debug][gc,phases      ] GC(260)     Dead                           Min: 0, Avg:  0.0, Max: 0, Diff: 0, Sum: 0, Workers: 4
[4092.284s][debug][gc,phases      ] GC(260)     Total                          Min: 0, Avg:  0.0, Max: 0, Diff: 0, Sum: 0, Workers: 4
[4092.284s][debug][gc,phases      ] GC(260)   Weak JFR Old Object Samples    Min:  0.0, Avg:  0.0, Max:  0.0, Diff:  0.0, Sum:  0.0, Workers: 4
[4092.284s][debug][gc,phases      ] GC(260)     Dead                           Min: 0, Avg:  0.0, Max: 0, Diff: 0, Sum: 0, Workers: 4
[4092.284s][debug][gc,phases      ] GC(260)     Total                          Min: 0, Avg:  0.0, Max: 0, Diff: 0, Sum: 0, Workers: 4
[4092.284s][debug][gc,phases      ] GC(260) Weak Processing 0.346ms
[4092.284s][debug][gc,age         ] GC(260) Desired survivor size 524288 bytes, new threshold 15 (max threshold 15)
[4092.284s][info ][gc,heap        ] GC(260) PSYoungGen: 2096256K(2096640K)->128K(2096640K) Eden: 2096128K(2096128K)->0K(2096128K) From: 128K(512K)->128K(512K)
[4092.284s][info ][gc,heap        ] GC(260) ParOldGen: 309290K(351232K)->309306K(351232K)
[4092.284s][info ][gc,metaspace   ] GC(260) Metaspace: 85500K(86400K)->85500K(86400K) NonClass: 73023K(73536K)->73023K(73536K) Class: 12477K(12864K)->12477K(12864K)
[4092.284s][info ][gc             ] GC(260) Pause Young (Allocation Failure) 2349M->302M(2390M) 2.677ms
[4092.284s][info ][gc,cpu         ] GC(260) User=0.01s Sys=0.00s Real=0.00s
[4092.284s][info ][safepoint      ] Safepoint "ParallelGCFailedAllocation", Time since last: 31847992164 ns, Reaching safepoint: 4600 ns, Cleanup: 4100 ns, At safepoint: 2760792 ns, Total: 2769492 ns
[4124.180s][info ][gc,start       ] GC(261) Pause Young (Allocation Failure)
[4124.182s][debug][gc,phases      ] GC(261) Scavenge 2.264ms
[4124.182s][debug][gc,ref         ] GC(261) Skipped phase 1 of Reference Processing: no references
[4124.182s][debug][gc,ref         ] GC(261) ReferenceProcessor::execute queues: 1, RefProcThreadModel::Single, marks_oops_alive: false
[4124.182s][debug][gc,ref         ] GC(261) Skipped phase 3 of Reference Processing: no references
[4124.182s][debug][gc,ref         ] GC(261) ReferenceProcessor::execute queues: 1, RefProcThreadModel::Single, marks_oops_alive: false
[4124.182s][debug][gc,phases      ] GC(261) Reference Processing 0.094ms
[4124.182s][debug][gc,phases      ] GC(261)   VM Weak                        Min:  0.0, Avg:  0.0, Max:  0.0, Diff:  0.0, Sum:  0.0, Workers: 4
[4124.182s][debug][gc,phases      ] GC(261)     Dead                           Min: 0, Avg:  0.0, Max: 0, Diff: 0, Sum: 0, Workers: 4
[4124.182s][debug][gc,phases      ] GC(261)     Total                          Min: 0, Avg: 185.5, Max: 384, Diff: 384, Sum: 742, Workers: 4
[4124.182s][debug][gc,phases      ] GC(261)   ObjectSynchronizer Weak        Min:  0.0, Avg:  0.0, Max:  0.0, Diff:  0.0, Sum:  0.0, Workers: 4
[4124.182s][debug][gc,phases      ] GC(261)     Dead                           Min: 0, Avg:  0.0, Max: 0, Diff: 0, Sum: 0, Workers: 4
[4124.182s][debug][gc,phases      ] GC(261)     Total                          Min: 0, Avg:  0.8, Max: 3, Diff: 3, Sum: 3, Workers: 4
[4124.182s][debug][gc,phases      ] GC(261)   JVMTI Tag Weak OopStorage      Min:  0.0, Avg:  0.0, Max:  0.0, Diff:  0.0, Sum:  0.0, Workers: 4
[4124.182s][debug][gc,phases      ] GC(261)     Dead                           Min: 0, Avg:  0.0, Max: 0, Diff: 0, Sum: 0, Workers: 4
[4124.182s][debug][gc,phases      ] GC(261)     Total                          Min: 0, Avg:  0.0, Max: 0, Diff: 0, Sum: 0, Workers: 4
[4124.182s][debug][gc,phases      ] GC(261)   StringTable Weak               Min:  0.0, Avg:  0.1, Max:  0.1, Diff:  0.1, Sum:  0.4, Workers: 4
[4124.182s][debug][gc,phases      ] GC(261)     Dead                           Min: 0, Avg:  0.0, Max: 0, Diff: 0, Sum: 0, Workers: 4
[4124.182s][debug][gc,phases      ] GC(261)     Total                          Min: 0, Avg: 11035.8, Max: 18367, Diff: 18367, Sum: 44143, Workers: 4
[4124.182s][debug][gc,phases      ] GC(261)   ResolvedMethodTable Weak       Min:  0.0, Avg:  0.0, Max:  0.0, Diff:  0.0, Sum:  0.1, Workers: 4
[4124.182s][debug][gc,phases      ] GC(261)     Dead                           Min: 0, Avg:  0.0, Max: 0, Diff: 0, Sum: 0, Workers: 4
[4124.182s][debug][gc,phases      ] GC(261)     Total                          Min: 0, Avg: 2620.0, Max: 4722, Diff: 4722, Sum: 10480, Workers: 4
[4124.182s][debug][gc,phases      ] GC(261)   JNI Weak                       Min:  0.0, Avg:  0.0, Max:  0.0, Diff:  0.0, Sum:  0.0, Workers: 4
[4124.182s][debug][gc,phases      ] GC(261)     Dead                           Min: 0, Avg:  0.0, Max: 0, Diff: 0, Sum: 0, Workers: 4
[4124.182s][debug][gc,phases      ] GC(261)     Total                          Min: 0, Avg: 11.2, Max: 45, Diff: 45, Sum: 45, Workers: 4
[4124.182s][debug][gc,phases      ] GC(261)   StringDedup Table Weak         Min:  0.0, Avg:  0.0, Max:  0.0, Diff:  0.0, Sum:  0.0, Workers: 4
[4124.182s][debug][gc,phases      ] GC(261)     Dead                           Min: 0, Avg:  0.0, Max: 0, Diff: 0, Sum: 0, Workers: 4
[4124.182s][debug][gc,phases      ] GC(261)     Total                          Min: 0, Avg:  0.0, Max: 0, Diff: 0, Sum: 0, Workers: 4
[4124.182s][debug][gc,phases      ] GC(261)   StringDedup Requests0 Weak     Min:  0.0, Avg:  0.0, Max:  0.0, Diff:  0.0, Sum:  0.0, Workers: 4
[4124.182s][debug][gc,phases      ] GC(261)     Dead                           Min: 0, Avg:  0.0, Max: 0, Diff: 0, Sum: 0, Workers: 4
[4124.182s][debug][gc,phases      ] GC(261)     Total                          Min: 0, Avg:  0.0, Max: 0, Diff: 0, Sum: 0, Workers: 4
[4124.182s][debug][gc,phases      ] GC(261)   StringDedup Requests1 Weak     Min:  0.0, Avg:  0.0, Max:  0.0, Diff:  0.0, Sum:  0.0, Workers: 4
[4124.182s][debug][gc,phases      ] GC(261)     Dead                           Min: 0, Avg:  0.0, Max: 0, Diff: 0, Sum: 0, Workers: 4
[4124.182s][debug][gc,phases      ] GC(261)     Total                          Min: 0, Avg:  0.0, Max: 0, Diff: 0, Sum: 0, Workers: 4
[4124.182s][debug][gc,phases      ] GC(261)   Weak JFR Old Object Samples    Min:  0.0, Avg:  0.0, Max:  0.0, Diff:  0.0, Sum:  0.0, Workers: 4
[4124.182s][debug][gc,phases      ] GC(261)     Dead                           Min: 0, Avg:  0.0, Max: 0, Diff: 0, Sum: 0, Workers: 4
[4124.182s][debug][gc,phases      ] GC(261)     Total                          Min: 0, Avg:  0.0, Max: 0, Diff: 0, Sum: 0, Workers: 4
[4124.182s][debug][gc,phases      ] GC(261) Weak Processing 0.354ms
[4124.182s][debug][gc,age         ] GC(261) Desired survivor size 524288 bytes, new threshold 15 (max threshold 15)
[4124.182s][info ][gc,heap        ] GC(261) PSYoungGen: 2096256K(2096640K)->128K(2096640K) Eden: 2096128K(2096128K)->0K(2096128K) From: 128K(512K)->128K(512K)
[4124.182s][info ][gc,heap        ] GC(261) ParOldGen: 309306K(351232K)->309314K(351232K)
[4124.182s][info ][gc,metaspace   ] GC(261) Metaspace: 85500K(86400K)->85500K(86400K) NonClass: 73023K(73536K)->73023K(73536K) Class: 12477K(12864K)->12477K(12864K)
[4124.182s][info ][gc             ] GC(261) Pause Young (Allocation Failure) 2349M->302M(2390M) 2.814ms
[4124.182s][info ][gc,cpu         ] GC(261) User=0.00s Sys=0.00s Real=0.01s
[4124.182s][info ][safepoint      ] Safepoint "ParallelGCFailedAllocation", Time since last: 31895513603 ns, Reaching safepoint: 4300 ns, Cleanup: 4000 ns, At safepoint: 2905993 ns, Total: 2914293 ns
[4156.031s][info ][gc,start       ] GC(262) Pause Young (Allocation Failure)
[4156.032s][debug][gc,phases      ] GC(262) Scavenge 1.356ms
[4156.032s][debug][gc,ref         ] GC(262) Skipped phase 1 of Reference Processing: no references
[4156.032s][debug][gc,ref         ] GC(262) ReferenceProcessor::execute queues: 1, RefProcThreadModel::Single, marks_oops_alive: false
[4156.032s][debug][gc,ref         ] GC(262) Skipped phase 3 of Reference Processing: no references
[4156.032s][debug][gc,ref         ] GC(262) ReferenceProcessor::execute queues: 1, RefProcThreadModel::Single, marks_oops_alive: false
[4156.032s][debug][gc,phases      ] GC(262) Reference Processing 0.104ms
[4156.032s][debug][gc,phases      ] GC(262)   VM Weak                        Min:  0.0, Avg:  0.0, Max:  0.0, Diff:  0.0, Sum:  0.0, Workers: 4
[4156.032s][debug][gc,phases      ] GC(262)     Dead                           Min: 0, Avg:  0.0, Max: 0, Diff: 0, Sum: 0, Workers: 4
[4156.032s][debug][gc,phases      ] GC(262)     Total                          Min: 0, Avg: 185.5, Max: 256, Diff: 256, Sum: 742, Workers: 4
[4156.032s][debug][gc,phases      ] GC(262)   ObjectSynchronizer Weak        Min:  0.0, Avg:  0.0, Max:  0.0, Diff:  0.0, Sum:  0.0, Workers: 4
[4156.032s][debug][gc,phases      ] GC(262)     Dead                           Min: 0, Avg:  0.0, Max: 0, Diff: 0, Sum: 0, Workers: 4
[4156.032s][debug][gc,phases      ] GC(262)     Total                          Min: 0, Avg:  0.8, Max: 3, Diff: 3, Sum: 3, Workers: 4
[4156.032s][debug][gc,phases      ] GC(262)   JVMTI Tag Weak OopStorage      Min:  0.0, Avg:  0.0, Max:  0.0, Diff:  0.0, Sum:  0.0, Workers: 4
[4156.032s][debug][gc,phases      ] GC(262)     Dead                           Min: 0, Avg:  0.0, Max: 0, Diff: 0, Sum: 0, Workers: 4
[4156.032s][debug][gc,phases      ] GC(262)     Total                          Min: 0, Avg:  0.0, Max: 0, Diff: 0, Sum: 0, Workers: 4
[4156.032s][debug][gc,phases      ] GC(262)   StringTable Weak               Min:  0.0, Avg:  0.1, Max:  0.1, Diff:  0.1, Sum:  0.3, Workers: 4
[4156.032s][debug][gc,phases      ] GC(262)     Dead                           Min: 0, Avg:  0.0, Max: 0, Diff: 0, Sum: 0, Workers: 4
[4156.032s][debug][gc,phases      ] GC(262)     Total                          Min: 0, Avg: 11035.8, Max: 19775, Diff: 19775, Sum: 44143, Workers: 4
[4156.032s][debug][gc,phases      ] GC(262)   ResolvedMethodTable Weak       Min:  0.0, Avg:  0.0, Max:  0.0, Diff:  0.0, Sum:  0.1, Workers: 4
[4156.032s][debug][gc,phases      ] GC(262)     Dead                           Min: 0, Avg:  0.0, Max: 0, Diff: 0, Sum: 0, Workers: 4
[4156.032s][debug][gc,phases      ] GC(262)     Total                          Min: 0, Avg: 2620.0, Max: 4734, Diff: 4734, Sum: 10480, Workers: 4
[4156.032s][debug][gc,phases      ] GC(262)   JNI Weak                       Min:  0.0, Avg:  0.0, Max:  0.0, Diff:  0.0, Sum:  0.0, Workers: 4
[4156.032s][debug][gc,phases      ] GC(262)     Dead                           Min: 0, Avg:  0.0, Max: 0, Diff: 0, Sum: 0, Workers: 4
[4156.032s][debug][gc,phases      ] GC(262)     Total                          Min: 0, Avg: 11.2, Max: 45, Diff: 45, Sum: 45, Workers: 4
[4156.032s][debug][gc,phases      ] GC(262)   StringDedup Table Weak         Min:  0.0, Avg:  0.0, Max:  0.0, Diff:  0.0, Sum:  0.0, Workers: 4
[4156.032s][debug][gc,phases      ] GC(262)     Dead                           Min: 0, Avg:  0.0, Max: 0, Diff: 0, Sum: 0, Workers: 4
[4156.032s][debug][gc,phases      ] GC(262)     Total                          Min: 0, Avg:  0.0, Max: 0, Diff: 0, Sum: 0, Workers: 4
[4156.032s][debug][gc,phases      ] GC(262)   StringDedup Requests0 Weak     Min:  0.0, Avg:  0.0, Max:  0.0, Diff:  0.0, Sum:  0.0, Workers: 4
[4156.032s][debug][gc,phases      ] GC(262)     Dead                           Min: 0, Avg:  0.0, Max: 0, Diff: 0, Sum: 0, Workers: 4
[4156.032s][debug][gc,phases      ] GC(262)     Total                          Min: 0, Avg:  0.0, Max: 0, Diff: 0, Sum: 0, Workers: 4
[4156.032s][debug][gc,phases      ] GC(262)   StringDedup Requests1 Weak     Min:  0.0, Avg:  0.0, Max:  0.0, Diff:  0.0, Sum:  0.0, Workers: 4
[4156.032s][debug][gc,phases      ] GC(262)     Dead                           Min: 0, Avg:  0.0, Max: 0, Diff: 0, Sum: 0, Workers: 4
[4156.032s][debug][gc,phases      ] GC(262)     Total                          Min: 0, Avg:  0.0, Max: 0, Diff: 0, Sum: 0, Workers: 4
[4156.032s][debug][gc,phases      ] GC(262)   Weak JFR Old Object Samples    Min:  0.0, Avg:  0.0, Max:  0.0, Diff:  0.0, Sum:  0.0, Workers: 4
[4156.033s][debug][gc,phases      ] GC(262)     Dead                           Min: 0, Avg:  0.0, Max: 0, Diff: 0, Sum: 0, Workers: 4
[4156.033s][debug][gc,phases      ] GC(262)     Total                          Min: 0, Avg:  0.0, Max: 0, Diff: 0, Sum: 0, Workers: 4
[4156.033s][debug][gc,phases      ] GC(262) Weak Processing 0.313ms
[4156.033s][debug][gc,age         ] GC(262) Desired survivor size 524288 bytes, new threshold 15 (max threshold 15)
[4156.033s][info ][gc,heap        ] GC(262) PSYoungGen: 2096256K(2096640K)->128K(2096640K) Eden: 2096128K(2096128K)->0K(2096128K) From: 128K(512K)->128K(512K)
[4156.033s][info ][gc,heap        ] GC(262) ParOldGen: 309314K(351232K)->309322K(351232K)
[4156.033s][info ][gc,metaspace   ] GC(262) Metaspace: 85500K(86400K)->85500K(86400K) NonClass: 73023K(73536K)->73023K(73536K) Class: 12477K(12864K)->12477K(12864K)
[4156.033s][info ][gc             ] GC(262) Pause Young (Allocation Failure) 2349M->302M(2390M) 1.858ms
[4156.033s][info ][gc,cpu         ] GC(262) User=0.01s Sys=0.00s Real=0.01s
[4156.033s][info ][safepoint      ] Safepoint "ParallelGCFailedAllocation", Time since last: 31848189147 ns, Reaching safepoint: 4000 ns, Cleanup: 4400 ns, At safepoint: 1948395 ns, Total: 1956795 ns
[4187.929s][info ][gc,start       ] GC(263) Pause Young (Allocation Failure)
[4187.930s][debug][gc,phases      ] GC(263) Scavenge 1.525ms
[4187.930s][debug][gc,ref         ] GC(263) Skipped phase 1 of Reference Processing: no references
[4187.930s][debug][gc,ref         ] GC(263) ReferenceProcessor::execute queues: 1, RefProcThreadModel::Single, marks_oops_alive: false
[4187.930s][debug][gc,ref         ] GC(263) Skipped phase 3 of Reference Processing: no references
[4187.930s][debug][gc,ref         ] GC(263) ReferenceProcessor::execute queues: 1, RefProcThreadModel::Single, marks_oops_alive: false
[4187.930s][debug][gc,phases      ] GC(263) Reference Processing 0.092ms
[4187.930s][debug][gc,phases      ] GC(263)   VM Weak                        Min:  0.0, Avg:  0.0, Max:  0.0, Diff:  0.0, Sum:  0.0, Workers: 4
[4187.930s][debug][gc,phases      ] GC(263)     Dead                           Min: 0, Avg:  0.0, Max: 0, Diff: 0, Sum: 0, Workers: 4
[4187.930s][debug][gc,phases      ] GC(263)     Total                          Min: 0, Avg: 185.5, Max: 678, Diff: 678, Sum: 742, Workers: 4
[4187.930s][debug][gc,phases      ] GC(263)   ObjectSynchronizer Weak        Min:  0.0, Avg:  0.0, Max:  0.0, Diff:  0.0, Sum:  0.0, Workers: 4
[4187.930s][debug][gc,phases      ] GC(263)     Dead                           Min: 0, Avg:  0.0, Max: 0, Diff: 0, Sum: 0, Workers: 4
[4187.930s][debug][gc,phases      ] GC(263)     Total                          Min: 0, Avg:  0.8, Max: 3, Diff: 3, Sum: 3, Workers: 4
[4187.930s][debug][gc,phases      ] GC(263)   JVMTI Tag Weak OopStorage      Min:  0.0, Avg:  0.0, Max:  0.0, Diff:  0.0, Sum:  0.0, Workers: 4
[4187.930s][debug][gc,phases      ] GC(263)     Dead                           Min: 0, Avg:  0.0, Max: 0, Diff: 0, Sum: 0, Workers: 4
[4187.930s][debug][gc,phases      ] GC(263)     Total                          Min: 0, Avg:  0.0, Max: 0, Diff: 0, Sum: 0, Workers: 4
[4187.931s][debug][gc,phases      ] GC(263)   StringTable Weak               Min:  0.1, Avg:  0.1, Max:  0.1, Diff:  0.0, Sum:  0.5, Workers: 4
[4187.931s][debug][gc,phases      ] GC(263)     Dead                           Min: 0, Avg:  0.0, Max: 0, Diff: 0, Sum: 0, Workers: 4
[4187.931s][debug][gc,phases      ] GC(263)     Total                          Min: 9600, Avg: 11035.8, Max: 11775, Diff: 2175, Sum: 44143, Workers: 4
[4187.931s][debug][gc,phases      ] GC(263)   ResolvedMethodTable Weak       Min:  0.0, Avg:  0.0, Max:  0.0, Diff:  0.0, Sum:  0.1, Workers: 4
[4187.931s][debug][gc,phases      ] GC(263)     Dead                           Min: 0, Avg:  0.0, Max: 0, Diff: 0, Sum: 0, Workers: 4
[4187.931s][debug][gc,phases      ] GC(263)     Total                          Min: 2496, Avg: 2620.0, Max: 2688, Diff: 192, Sum: 10480, Workers: 4
[4187.931s][debug][gc,phases      ] GC(263)   JNI Weak                       Min:  0.0, Avg:  0.0, Max:  0.0, Diff:  0.0, Sum:  0.0, Workers: 4
[4187.931s][debug][gc,phases      ] GC(263)     Dead                           Min: 0, Avg:  0.0, Max: 0, Diff: 0, Sum: 0, Workers: 4
[4187.931s][debug][gc,phases      ] GC(263)     Total                          Min: 0, Avg: 11.2, Max: 45, Diff: 45, Sum: 45, Workers: 4
[4187.931s][debug][gc,phases      ] GC(263)   StringDedup Table Weak         Min:  0.0, Avg:  0.0, Max:  0.0, Diff:  0.0, Sum:  0.0, Workers: 4
[4187.931s][debug][gc,phases      ] GC(263)     Dead                           Min: 0, Avg:  0.0, Max: 0, Diff: 0, Sum: 0, Workers: 4
[4187.931s][debug][gc,phases      ] GC(263)     Total                          Min: 0, Avg:  0.0, Max: 0, Diff: 0, Sum: 0, Workers: 4
[4187.931s][debug][gc,phases      ] GC(263)   StringDedup Requests0 Weak     Min:  0.0, Avg:  0.0, Max:  0.0, Diff:  0.0, Sum:  0.0, Workers: 4
[4187.931s][debug][gc,phases      ] GC(263)     Dead                           Min: 0, Avg:  0.0, Max: 0, Diff: 0, Sum: 0, Workers: 4
[4187.931s][debug][gc,phases      ] GC(263)     Total                          Min: 0, Avg:  0.0, Max: 0, Diff: 0, Sum: 0, Workers: 4
[4187.931s][debug][gc,phases      ] GC(263)   StringDedup Requests1 Weak     Min:  0.0, Avg:  0.0, Max:  0.0, Diff:  0.0, Sum:  0.0, Workers: 4
[4187.931s][debug][gc,phases      ] GC(263)     Dead                           Min: 0, Avg:  0.0, Max: 0, Diff: 0, Sum: 0, Workers: 4
[4187.931s][debug][gc,phases      ] GC(263)     Total                          Min: 0, Avg:  0.0, Max: 0, Diff: 0, Sum: 0, Workers: 4
[4187.931s][debug][gc,phases      ] GC(263)   Weak JFR Old Object Samples    Min:  0.0, Avg:  0.0, Max:  0.0, Diff:  0.0, Sum:  0.0, Workers: 4
[4187.931s][debug][gc,phases      ] GC(263)     Dead                           Min: 0, Avg:  0.0, Max: 0, Diff: 0, Sum: 0, Workers: 4
[4187.931s][debug][gc,phases      ] GC(263)     Total                          Min: 0, Avg:  0.0, Max: 0, Diff: 0, Sum: 0, Workers: 4
[4187.931s][debug][gc,phases      ] GC(263) Weak Processing 0.301ms
[4187.931s][debug][gc,age         ] GC(263) Desired survivor size 524288 bytes, new threshold 15 (max threshold 15)
[4187.931s][info ][gc,heap        ] GC(263) PSYoungGen: 2096256K(2096640K)->128K(2096640K) Eden: 2096128K(2096128K)->0K(2096128K) From: 128K(512K)->128K(512K)
[4187.931s][info ][gc,heap        ] GC(263) ParOldGen: 309322K(351232K)->309338K(351232K)
[4187.931s][info ][gc,metaspace   ] GC(263) Metaspace: 85501K(86400K)->85501K(86400K) NonClass: 73024K(73536K)->73024K(73536K) Class: 12477K(12864K)->12477K(12864K)
[4187.931s][info ][gc             ] GC(263) Pause Young (Allocation Failure) 2349M->302M(2390M) 2.012ms
[4187.931s][info ][gc,cpu         ] GC(263) User=0.00s Sys=0.00s Real=0.00s
[4187.931s][info ][safepoint      ] Safepoint "ParallelGCFailedAllocation", Time since last: 31895966761 ns, Reaching safepoint: 4100 ns, Cleanup: 3400 ns, At safepoint: 2104595 ns, Total: 2112095 ns
[4219.581s][info ][gc,start       ] GC(264) Pause Young (Allocation Failure)
[4219.582s][debug][gc,phases      ] GC(264) Scavenge 1.323ms
[4219.582s][debug][gc,ref         ] GC(264) Skipped phase 1 of Reference Processing: no references
[4219.582s][debug][gc,ref         ] GC(264) ReferenceProcessor::execute queues: 1, RefProcThreadModel::Single, marks_oops_alive: false
[4219.582s][debug][gc,ref         ] GC(264) Skipped phase 3 of Reference Processing: no references
[4219.582s][debug][gc,ref         ] GC(264) Skipped phase 4 of Reference Processing: no references
[4219.582s][debug][gc,phases      ] GC(264) Reference Processing 0.093ms
[4219.583s][debug][gc,phases      ] GC(264)   VM Weak                        Min:  0.0, Avg:  0.0, Max:  0.0, Diff:  0.0, Sum:  0.0, Workers: 4
[4219.583s][debug][gc,phases      ] GC(264)     Dead                           Min: 0, Avg:  0.0, Max: 0, Diff: 0, Sum: 0, Workers: 4
[4219.583s][debug][gc,phases      ] GC(264)     Total                          Min: 0, Avg: 185.5, Max: 742, Diff: 742, Sum: 742, Workers: 4
[4219.583s][debug][gc,phases      ] GC(264)   ObjectSynchronizer Weak        Min:  0.0, Avg:  0.0, Max:  0.0, Diff:  0.0, Sum:  0.0, Workers: 4
[4219.583s][debug][gc,phases      ] GC(264)     Dead                           Min: 0, Avg:  0.0, Max: 0, Diff: 0, Sum: 0, Workers: 4
[4219.583s][debug][gc,phases      ] GC(264)     Total                          Min: 0, Avg:  0.8, Max: 3, Diff: 3, Sum: 3, Workers: 4
[4219.583s][debug][gc,phases      ] GC(264)   JVMTI Tag Weak OopStorage      Min:  0.0, Avg:  0.0, Max:  0.0, Diff:  0.0, Sum:  0.0, Workers: 4
[4219.583s][debug][gc,phases      ] GC(264)     Dead                           Min: 0, Avg:  0.0, Max: 0, Diff: 0, Sum: 0, Workers: 4
[4219.583s][debug][gc,phases      ] GC(264)     Total                          Min: 0, Avg:  0.0, Max: 0, Diff: 0, Sum: 0, Workers: 4
[4219.583s][debug][gc,phases      ] GC(264)   StringTable Weak               Min:  0.0, Avg:  0.1, Max:  0.1, Diff:  0.1, Sum:  0.4, Workers: 4
[4219.583s][debug][gc,phases      ] GC(264)     Dead                           Min: 0, Avg:  0.0, Max: 0, Diff: 0, Sum: 0, Workers: 4
[4219.583s][debug][gc,phases      ] GC(264)     Total                          Min: 0, Avg: 11035.8, Max: 19136, Diff: 19136, Sum: 44143, Workers: 4
[4219.583s][debug][gc,phases      ] GC(264)   ResolvedMethodTable Weak       Min:  0.0, Avg:  0.0, Max:  0.0, Diff:  0.0, Sum:  0.1, Workers: 4
[4219.583s][debug][gc,phases      ] GC(264)     Dead                           Min: 0, Avg:  0.0, Max: 0, Diff: 0, Sum: 0, Workers: 4
[4219.583s][debug][gc,phases      ] GC(264)     Total                          Min: 0, Avg: 2620.0, Max: 4670, Diff: 4670, Sum: 10480, Workers: 4
[4219.583s][debug][gc,phases      ] GC(264)   JNI Weak                       Min:  0.0, Avg:  0.0, Max:  0.0, Diff:  0.0, Sum:  0.0, Workers: 4
[4219.583s][debug][gc,phases      ] GC(264)     Dead                           Min: 0, Avg:  0.0, Max: 0, Diff: 0, Sum: 0, Workers: 4
[4219.583s][debug][gc,phases      ] GC(264)     Total                          Min: 0, Avg: 11.2, Max: 45, Diff: 45, Sum: 45, Workers: 4
[4219.583s][debug][gc,phases      ] GC(264)   StringDedup Table Weak         Min:  0.0, Avg:  0.0, Max:  0.0, Diff:  0.0, Sum:  0.0, Workers: 4
[4219.583s][debug][gc,phases      ] GC(264)     Dead                           Min: 0, Avg:  0.0, Max: 0, Diff: 0, Sum: 0, Workers: 4
[4219.583s][debug][gc,phases      ] GC(264)     Total                          Min: 0, Avg:  0.0, Max: 0, Diff: 0, Sum: 0, Workers: 4
[4219.583s][debug][gc,phases      ] GC(264)   StringDedup Requests0 Weak     Min:  0.0, Avg:  0.0, Max:  0.0, Diff:  0.0, Sum:  0.0, Workers: 4
[4219.583s][debug][gc,phases      ] GC(264)     Dead                           Min: 0, Avg:  0.0, Max: 0, Diff: 0, Sum: 0, Workers: 4
[4219.583s][debug][gc,phases      ] GC(264)     Total                          Min: 0, Avg:  0.0, Max: 0, Diff: 0, Sum: 0, Workers: 4
[4219.583s][debug][gc,phases      ] GC(264)   StringDedup Requests1 Weak     Min:  0.0, Avg:  0.0, Max:  0.0, Diff:  0.0, Sum:  0.0, Workers: 4
[4219.583s][debug][gc,phases      ] GC(264)     Dead                           Min: 0, Avg:  0.0, Max: 0, Diff: 0, Sum: 0, Workers: 4
[4219.583s][debug][gc,phases      ] GC(264)     Total                          Min: 0, Avg:  0.0, Max: 0, Diff: 0, Sum: 0, Workers: 4
[4219.583s][debug][gc,phases      ] GC(264)   Weak JFR Old Object Samples    Min:  0.0, Avg:  0.0, Max:  0.0, Diff:  0.0, Sum:  0.0, Workers: 4
[4219.583s][debug][gc,phases      ] GC(264)     Dead                           Min: 0, Avg:  0.0, Max: 0, Diff: 0, Sum: 0, Workers: 4
[4219.583s][debug][gc,phases      ] GC(264)     Total                          Min: 0, Avg:  0.0, Max: 0, Diff: 0, Sum: 0, Workers: 4
[4219.583s][debug][gc,phases      ] GC(264) Weak Processing 0.327ms
[4219.583s][debug][gc,age         ] GC(264) Desired survivor size 524288 bytes, new threshold 15 (max threshold 15)
[4219.583s][info ][gc,heap        ] GC(264) PSYoungGen: 2096256K(2096640K)->128K(2096640K) Eden: 2096128K(2096128K)->0K(2096128K) From: 128K(512K)->128K(512K)
[4219.583s][info ][gc,heap        ] GC(264) ParOldGen: 309338K(351232K)->309346K(351232K)
[4219.583s][info ][gc,metaspace   ] GC(264) Metaspace: 85501K(86400K)->85501K(86400K) NonClass: 73024K(73536K)->73024K(73536K) Class: 12477K(12864K)->12477K(12864K)
[4219.583s][info ][gc             ] GC(264) Pause Young (Allocation Failure) 2349M->302M(2390M) 1.840ms
[4219.583s][info ][gc,cpu         ] GC(264) User=0.00s Sys=0.00s Real=0.00s
[4219.583s][info ][safepoint      ] Safepoint "ParallelGCFailedAllocation", Time since last: 31650224808 ns, Reaching safepoint: 4000 ns, Cleanup: 3700 ns, At safepoint: 1900596 ns, Total: 1908296 ns
[4251.479s][info ][gc,start       ] GC(265) Pause Young (Allocation Failure)
[4251.481s][debug][gc,phases      ] GC(265) Scavenge 1.340ms
[4251.481s][debug][gc,ref         ] GC(265) Skipped phase 1 of Reference Processing: no references
[4251.481s][debug][gc,ref         ] GC(265) ReferenceProcessor::execute queues: 1, RefProcThreadModel::Single, marks_oops_alive: false
[4251.481s][debug][gc,ref         ] GC(265) Skipped phase 3 of Reference Processing: no references
[4251.481s][debug][gc,ref         ] GC(265) Skipped phase 4 of Reference Processing: no references
[4251.481s][debug][gc,phases      ] GC(265) Reference Processing 0.099ms
[4251.481s][debug][gc,phases      ] GC(265)   VM Weak                        Min:  0.0, Avg:  0.0, Max:  0.0, Diff:  0.0, Sum:  0.0, Workers: 4
[4251.481s][debug][gc,phases      ] GC(265)     Dead                           Min: 0, Avg:  0.0, Max: 0, Diff: 0, Sum: 0, Workers: 4
[4251.481s][debug][gc,phases      ] GC(265)     Total                          Min: 0, Avg: 185.5, Max: 678, Diff: 678, Sum: 742, Workers: 4
[4251.481s][debug][gc,phases      ] GC(265)   ObjectSynchronizer Weak        Min:  0.0, Avg:  0.0, Max:  0.0, Diff:  0.0, Sum:  0.0, Workers: 4
[4251.481s][debug][gc,phases      ] GC(265)     Dead                           Min: 0, Avg:  0.0, Max: 0, Diff: 0, Sum: 0, Workers: 4
[4251.481s][debug][gc,phases      ] GC(265)     Total                          Min: 0, Avg:  0.8, Max: 3, Diff: 3, Sum: 3, Workers: 4
[4251.481s][debug][gc,phases      ] GC(265)   JVMTI Tag Weak OopStorage      Min:  0.0, Avg:  0.0, Max:  0.0, Diff:  0.0, Sum:  0.0, Workers: 4
[4251.481s][debug][gc,phases      ] GC(265)     Dead                           Min: 0, Avg:  0.0, Max: 0, Diff: 0, Sum: 0, Workers: 4
[4251.481s][debug][gc,phases      ] GC(265)     Total                          Min: 0, Avg:  0.0, Max: 0, Diff: 0, Sum: 0, Workers: 4
[4251.481s][debug][gc,phases      ] GC(265)   StringTable Weak               Min:  0.0, Avg:  0.1, Max:  0.1, Diff:  0.1, Sum:  0.4, Workers: 4
[4251.481s][debug][gc,phases      ] GC(265)     Dead                           Min: 0, Avg:  0.0, Max: 0, Diff: 0, Sum: 0, Workers: 4
[4251.481s][debug][gc,phases      ] GC(265)     Total                          Min: 1919, Avg: 11035.8, Max: 17855, Diff: 15936, Sum: 44143, Workers: 4
[4251.481s][debug][gc,phases      ] GC(265)   ResolvedMethodTable Weak       Min:  0.0, Avg:  0.0, Max:  0.0, Diff:  0.0, Sum:  0.1, Workers: 4
[4251.481s][debug][gc,phases      ] GC(265)     Dead                           Min: 0, Avg:  0.0, Max: 0, Diff: 0, Sum: 0, Workers: 4
[4251.481s][debug][gc,phases      ] GC(265)     Total                          Min: 2496, Avg: 2620.0, Max: 2686, Diff: 190, Sum: 10480, Workers: 4
[4251.481s][debug][gc,phases      ] GC(265)   JNI Weak                       Min:  0.0, Avg:  0.0, Max:  0.0, Diff:  0.0, Sum:  0.0, Workers: 4
[4251.481s][debug][gc,phases      ] GC(265)     Dead                           Min: 0, Avg:  0.0, Max: 0, Diff: 0, Sum: 0, Workers: 4
[4251.481s][debug][gc,phases      ] GC(265)     Total                          Min: 0, Avg: 11.2, Max: 45, Diff: 45, Sum: 45, Workers: 4
[4251.481s][debug][gc,phases      ] GC(265)   StringDedup Table Weak         Min:  0.0, Avg:  0.0, Max:  0.0, Diff:  0.0, Sum:  0.0, Workers: 4
[4251.481s][debug][gc,phases      ] GC(265)     Dead                           Min: 0, Avg:  0.0, Max: 0, Diff: 0, Sum: 0, Workers: 4
[4251.481s][debug][gc,phases      ] GC(265)     Total                          Min: 0, Avg:  0.0, Max: 0, Diff: 0, Sum: 0, Workers: 4
[4251.481s][debug][gc,phases      ] GC(265)   StringDedup Requests0 Weak     Min:  0.0, Avg:  0.0, Max:  0.0, Diff:  0.0, Sum:  0.0, Workers: 4
[4251.481s][debug][gc,phases      ] GC(265)     Dead                           Min: 0, Avg:  0.0, Max: 0, Diff: 0, Sum: 0, Workers: 4
[4251.481s][debug][gc,phases      ] GC(265)     Total                          Min: 0, Avg:  0.0, Max: 0, Diff: 0, Sum: 0, Workers: 4
[4251.481s][debug][gc,phases      ] GC(265)   StringDedup Requests1 Weak     Min:  0.0, Avg:  0.0, Max:  0.0, Diff:  0.0, Sum:  0.0, Workers: 4
[4251.481s][debug][gc,phases      ] GC(265)     Dead                           Min: 0, Avg:  0.0, Max: 0, Diff: 0, Sum: 0, Workers: 4
[4251.481s][debug][gc,phases      ] GC(265)     Total                          Min: 0, Avg:  0.0, Max: 0, Diff: 0, Sum: 0, Workers: 4
[4251.481s][debug][gc,phases      ] GC(265)   Weak JFR Old Object Samples    Min:  0.0, Avg:  0.0, Max:  0.0, Diff:  0.0, Sum:  0.0, Workers: 4
[4251.481s][debug][gc,phases      ] GC(265)     Dead                           Min: 0, Avg:  0.0, Max: 0, Diff: 0, Sum: 0, Workers: 4
[4251.481s][debug][gc,phases      ] GC(265)     Total                          Min: 0, Avg:  0.0, Max: 0, Diff: 0, Sum: 0, Workers: 4
[4251.481s][debug][gc,phases      ] GC(265) Weak Processing 0.317ms
[4251.481s][debug][gc,age         ] GC(265) Desired survivor size 524288 bytes, new threshold 15 (max threshold 15)
[4251.481s][info ][gc,heap        ] GC(265) PSYoungGen: 2096256K(2096640K)->128K(2096640K) Eden: 2096128K(2096128K)->0K(2096128K) From: 128K(512K)->128K(512K)
[4251.481s][info ][gc,heap        ] GC(265) ParOldGen: 309346K(351232K)->309354K(351232K)
[4251.481s][info ][gc,metaspace   ] GC(265) Metaspace: 85501K(86400K)->85501K(86400K) NonClass: 73024K(73536K)->73024K(73536K) Class: 12477K(12864K)->12477K(12864K)
[4251.481s][info ][gc             ] GC(265) Pause Young (Allocation Failure) 2349M->302M(2390M) 1.841ms
[4251.481s][info ][gc,cpu         ] GC(265) User=0.01s Sys=0.00s Real=0.01s
[4251.481s][info ][safepoint      ] Safepoint "ParallelGCFailedAllocation", Time since last: 31896444390 ns, Reaching safepoint: 4200 ns, Cleanup: 3800 ns, At safepoint: 1922495 ns, Total: 1930495 ns
[4283.331s][info ][gc,start       ] GC(266) Pause Young (Allocation Failure)
[4283.332s][debug][gc,phases      ] GC(266) Scavenge 1.350ms
[4283.332s][debug][gc,ref         ] GC(266) Skipped phase 1 of Reference Processing: no references
[4283.332s][debug][gc,ref         ] GC(266) ReferenceProcessor::execute queues: 1, RefProcThreadModel::Single, marks_oops_alive: false
[4283.332s][debug][gc,ref         ] GC(266) Skipped phase 3 of Reference Processing: no references
[4283.332s][debug][gc,ref         ] GC(266) ReferenceProcessor::execute queues: 1, RefProcThreadModel::Single, marks_oops_alive: false
[4283.332s][debug][gc,phases      ] GC(266) Reference Processing 0.094ms
[4283.332s][debug][gc,phases      ] GC(266)   VM Weak                        Min:  0.0, Avg:  0.0, Max:  0.0, Diff:  0.0, Sum:  0.0, Workers: 4
[4283.332s][debug][gc,phases      ] GC(266)     Dead                           Min: 0, Avg:  0.0, Max: 0, Diff: 0, Sum: 0, Workers: 4
[4283.332s][debug][gc,phases      ] GC(266)     Total                          Min: 0, Avg: 185.5, Max: 742, Diff: 742, Sum: 742, Workers: 4
[4283.332s][debug][gc,phases      ] GC(266)   ObjectSynchronizer Weak        Min:  0.0, Avg:  0.0, Max:  0.0, Diff:  0.0, Sum:  0.0, Workers: 4
[4283.332s][debug][gc,phases      ] GC(266)     Dead                           Min: 0, Avg:  0.0, Max: 0, Diff: 0, Sum: 0, Workers: 4
[4283.332s][debug][gc,phases      ] GC(266)     Total                          Min: 0, Avg:  0.8, Max: 3, Diff: 3, Sum: 3, Workers: 4
[4283.332s][debug][gc,phases      ] GC(266)   JVMTI Tag Weak OopStorage      Min:  0.0, Avg:  0.0, Max:  0.0, Diff:  0.0, Sum:  0.0, Workers: 4
[4283.332s][debug][gc,phases      ] GC(266)     Dead                           Min: 0, Avg:  0.0, Max: 0, Diff: 0, Sum: 0, Workers: 4
[4283.332s][debug][gc,phases      ] GC(266)     Total                          Min: 0, Avg:  0.0, Max: 0, Diff: 0, Sum: 0, Workers: 4
[4283.332s][debug][gc,phases      ] GC(266)   StringTable Weak               Min:  0.0, Avg:  0.1, Max:  0.1, Diff:  0.1, Sum:  0.4, Workers: 4
[4283.332s][debug][gc,phases      ] GC(266)     Dead                           Min: 0, Avg:  0.0, Max: 0, Diff: 0, Sum: 0, Workers: 4
[4283.332s][debug][gc,phases      ] GC(266)     Total                          Min: 0, Avg: 11035.8, Max: 19311, Diff: 19311, Sum: 44143, Workers: 4
[4283.332s][debug][gc,phases      ] GC(266)   ResolvedMethodTable Weak       Min:  0.0, Avg:  0.0, Max:  0.0, Diff:  0.0, Sum:  0.1, Workers: 4
[4283.332s][debug][gc,phases      ] GC(266)     Dead                           Min: 0, Avg:  0.0, Max: 0, Diff: 0, Sum: 0, Workers: 4
[4283.332s][debug][gc,phases      ] GC(266)     Total                          Min: 0, Avg: 2620.0, Max: 4658, Diff: 4658, Sum: 10480, Workers: 4
[4283.332s][debug][gc,phases      ] GC(266)   JNI Weak                       Min:  0.0, Avg:  0.0, Max:  0.0, Diff:  0.0, Sum:  0.0, Workers: 4
[4283.332s][debug][gc,phases      ] GC(266)     Dead                           Min: 0, Avg:  0.0, Max: 0, Diff: 0, Sum: 0, Workers: 4
[4283.332s][debug][gc,phases      ] GC(266)     Total                          Min: 0, Avg: 11.2, Max: 45, Diff: 45, Sum: 45, Workers: 4
[4283.332s][debug][gc,phases      ] GC(266)   StringDedup Table Weak         Min:  0.0, Avg:  0.0, Max:  0.0, Diff:  0.0, Sum:  0.0, Workers: 4
[4283.332s][debug][gc,phases      ] GC(266)     Dead                           Min: 0, Avg:  0.0, Max: 0, Diff: 0, Sum: 0, Workers: 4
[4283.332s][debug][gc,phases      ] GC(266)     Total                          Min: 0, Avg:  0.0, Max: 0, Diff: 0, Sum: 0, Workers: 4
[4283.332s][debug][gc,phases      ] GC(266)   StringDedup Requests0 Weak     Min:  0.0, Avg:  0.0, Max:  0.0, Diff:  0.0, Sum:  0.0, Workers: 4
[4283.332s][debug][gc,phases      ] GC(266)     Dead                           Min: 0, Avg:  0.0, Max: 0, Diff: 0, Sum: 0, Workers: 4
[4283.332s][debug][gc,phases      ] GC(266)     Total                          Min: 0, Avg:  0.0, Max: 0, Diff: 0, Sum: 0, Workers: 4
[4283.332s][debug][gc,phases      ] GC(266)   StringDedup Requests1 Weak     Min:  0.0, Avg:  0.0, Max:  0.0, Diff:  0.0, Sum:  0.0, Workers: 4
[4283.332s][debug][gc,phases      ] GC(266)     Dead                           Min: 0, Avg:  0.0, Max: 0, Diff: 0, Sum: 0, Workers: 4
[4283.332s][debug][gc,phases      ] GC(266)     Total                          Min: 0, Avg:  0.0, Max: 0, Diff: 0, Sum: 0, Workers: 4
[4283.332s][debug][gc,phases      ] GC(266)   Weak JFR Old Object Samples    Min:  0.0, Avg:  0.0, Max:  0.0, Diff:  0.0, Sum:  0.0, Workers: 4
[4283.332s][debug][gc,phases      ] GC(266)     Dead                           Min: 0, Avg:  0.0, Max: 0, Diff: 0, Sum: 0, Workers: 4
[4283.332s][debug][gc,phases      ] GC(266)     Total                          Min: 0, Avg:  0.0, Max: 0, Diff: 0, Sum: 0, Workers: 4
[4283.332s][debug][gc,phases      ] GC(266) Weak Processing 0.326ms
[4283.332s][debug][gc,age         ] GC(266) Desired survivor size 524288 bytes, new threshold 15 (max threshold 15)
[4283.332s][info ][gc,heap        ] GC(266) PSYoungGen: 2096256K(2096640K)->128K(2096640K) Eden: 2096128K(2096128K)->0K(2096128K) From: 128K(512K)->128K(512K)
[4283.333s][info ][gc,heap        ] GC(266) ParOldGen: 309354K(351232K)->309362K(351232K)
[4283.333s][info ][gc,metaspace   ] GC(266) Metaspace: 85501K(86400K)->85501K(86400K) NonClass: 73024K(73536K)->73024K(73536K) Class: 12477K(12864K)->12477K(12864K)
[4283.333s][info ][gc             ] GC(266) Pause Young (Allocation Failure) 2349M->302M(2390M) 1.854ms
[4283.333s][info ][gc,cpu         ] GC(266) User=0.01s Sys=0.00s Real=0.01s
[4283.333s][info ][safepoint      ] Safepoint "ParallelGCFailedAllocation", Time since last: 31849425195 ns, Reaching safepoint: 4200 ns, Cleanup: 4000 ns, At safepoint: 1936596 ns, Total: 1944796 ns
[4311.334s][info ][safepoint      ] Safepoint "Cleanup", Time since last: 28001685238 ns, Reaching safepoint: 4900 ns, Cleanup: 26400 ns, At safepoint: 1700 ns, Total: 33000 ns
[4312.334s][info ][safepoint      ] Safepoint "Cleanup", Time since last: 1000108257 ns, Reaching safepoint: 4400 ns, Cleanup: 8900 ns, At safepoint: 2100 ns, Total: 15400 ns
[4314.605s][info ][safepoint      ] Safepoint "Cleanup", Time since last: 2270497614 ns, Reaching safepoint: 4100 ns, Cleanup: 30499 ns, At safepoint: 5200 ns, Total: 39799 ns
[4314.682s][info ][gc,start       ] GC(267) Pause Young (Allocation Failure)
[4314.684s][debug][gc,phases      ] GC(267) Scavenge 1.381ms
[4314.684s][debug][gc,ref         ] GC(267) Skipped phase 1 of Reference Processing: no references
[4314.684s][debug][gc,ref         ] GC(267) ReferenceProcessor::execute queues: 1, RefProcThreadModel::Single, marks_oops_alive: false
[4314.684s][debug][gc,ref         ] GC(267) Skipped phase 3 of Reference Processing: no references
[4314.684s][debug][gc,ref         ] GC(267) ReferenceProcessor::execute queues: 1, RefProcThreadModel::Single, marks_oops_alive: false
[4314.684s][debug][gc,phases      ] GC(267) Reference Processing 0.102ms
[4314.684s][debug][gc,phases      ] GC(267)   VM Weak                        Min:  0.0, Avg:  0.0, Max:  0.0, Diff:  0.0, Sum:  0.0, Workers: 4
[4314.684s][debug][gc,phases      ] GC(267)     Dead                           Min: 0, Avg:  0.0, Max: 0, Diff: 0, Sum: 0, Workers: 4
[4314.684s][debug][gc,phases      ] GC(267)     Total                          Min: 0, Avg: 185.5, Max: 512, Diff: 512, Sum: 742, Workers: 4
[4314.684s][debug][gc,phases      ] GC(267)   ObjectSynchronizer Weak        Min:  0.0, Avg:  0.0, Max:  0.0, Diff:  0.0, Sum:  0.0, Workers: 4
[4314.684s][debug][gc,phases      ] GC(267)     Dead                           Min: 0, Avg:  0.0, Max: 0, Diff: 0, Sum: 0, Workers: 4
[4314.684s][debug][gc,phases      ] GC(267)     Total                          Min: 0, Avg:  0.8, Max: 3, Diff: 3, Sum: 3, Workers: 4
[4314.684s][debug][gc,phases      ] GC(267)   JVMTI Tag Weak OopStorage      Min:  0.0, Avg:  0.0, Max:  0.0, Diff:  0.0, Sum:  0.0, Workers: 4
[4314.684s][debug][gc,phases      ] GC(267)     Dead                           Min: 0, Avg:  0.0, Max: 0, Diff: 0, Sum: 0, Workers: 4
[4314.684s][debug][gc,phases      ] GC(267)     Total                          Min: 0, Avg:  0.0, Max: 0, Diff: 0, Sum: 0, Workers: 4
[4314.684s][debug][gc,phases      ] GC(267)   StringTable Weak               Min:  0.0, Avg:  0.1, Max:  0.1, Diff:  0.1, Sum:  0.4, Workers: 4
[4314.684s][debug][gc,phases      ] GC(267)     Dead                           Min: 0, Avg:  0.2, Max: 1, Diff: 1, Sum: 1, Workers: 4
[4314.684s][debug][gc,phases      ] GC(267)     Total                          Min: 0, Avg: 11036.2, Max: 19263, Diff: 19263, Sum: 44145, Workers: 4
[4314.684s][debug][gc,phases      ] GC(267)   ResolvedMethodTable Weak       Min:  0.0, Avg:  0.0, Max:  0.0, Diff:  0.0, Sum:  0.1, Workers: 4
[4314.684s][debug][gc,phases      ] GC(267)     Dead                           Min: 0, Avg:  0.0, Max: 0, Diff: 0, Sum: 0, Workers: 4
[4314.684s][debug][gc,phases      ] GC(267)     Total                          Min: 0, Avg: 2620.5, Max: 3520, Diff: 3520, Sum: 10482, Workers: 4
[4314.684s][debug][gc,phases      ] GC(267)   JNI Weak                       Min:  0.0, Avg:  0.0, Max:  0.0, Diff:  0.0, Sum:  0.0, Workers: 4
[4314.684s][debug][gc,phases      ] GC(267)     Dead                           Min: 0, Avg:  0.0, Max: 0, Diff: 0, Sum: 0, Workers: 4
[4314.684s][debug][gc,phases      ] GC(267)     Total                          Min: 0, Avg: 11.2, Max: 45, Diff: 45, Sum: 45, Workers: 4
[4314.684s][debug][gc,phases      ] GC(267)   StringDedup Table Weak         Min:  0.0, Avg:  0.0, Max:  0.0, Diff:  0.0, Sum:  0.0, Workers: 4
[4314.684s][debug][gc,phases      ] GC(267)     Dead                           Min: 0, Avg:  0.0, Max: 0, Diff: 0, Sum: 0, Workers: 4
[4314.684s][debug][gc,phases      ] GC(267)     Total                          Min: 0, Avg:  0.0, Max: 0, Diff: 0, Sum: 0, Workers: 4
[4314.684s][debug][gc,phases      ] GC(267)   StringDedup Requests0 Weak     Min:  0.0, Avg:  0.0, Max:  0.0, Diff:  0.0, Sum:  0.0, Workers: 4
[4314.684s][debug][gc,phases      ] GC(267)     Dead                           Min: 0, Avg:  0.0, Max: 0, Diff: 0, Sum: 0, Workers: 4
[4314.684s][debug][gc,phases      ] GC(267)     Total                          Min: 0, Avg:  0.0, Max: 0, Diff: 0, Sum: 0, Workers: 4
[4314.684s][debug][gc,phases      ] GC(267)   StringDedup Requests1 Weak     Min:  0.0, Avg:  0.0, Max:  0.0, Diff:  0.0, Sum:  0.0, Workers: 4
[4314.684s][debug][gc,phases      ] GC(267)     Dead                           Min: 0, Avg:  0.0, Max: 0, Diff: 0, Sum: 0, Workers: 4
[4314.684s][debug][gc,phases      ] GC(267)     Total                          Min: 0, Avg:  0.0, Max: 0, Diff: 0, Sum: 0, Workers: 4
[4314.684s][debug][gc,phases      ] GC(267)   Weak JFR Old Object Samples    Min:  0.0, Avg:  0.0, Max:  0.0, Diff:  0.0, Sum:  0.0, Workers: 4
[4314.684s][debug][gc,phases      ] GC(267)     Dead                           Min: 0, Avg:  0.0, Max: 0, Diff: 0, Sum: 0, Workers: 4
[4314.684s][debug][gc,phases      ] GC(267)     Total                          Min: 0, Avg:  0.0, Max: 0, Diff: 0, Sum: 0, Workers: 4
[4314.684s][debug][gc,phases      ] GC(267) Weak Processing 0.342ms
[4314.684s][debug][gc,age         ] GC(267) Desired survivor size 524288 bytes, new threshold 15 (max threshold 15)
[4314.684s][info ][gc,heap        ] GC(267) PSYoungGen: 2096256K(2096640K)->384K(2096640K) Eden: 2096128K(2096128K)->0K(2096128K) From: 128K(512K)->384K(512K)
[4314.684s][info ][gc,heap        ] GC(267) ParOldGen: 309362K(351232K)->309370K(351232K)
[4314.684s][info ][gc,metaspace   ] GC(267) Metaspace: 85504K(86400K)->85504K(86400K) NonClass: 73027K(73536K)->73027K(73536K) Class: 12477K(12864K)->12477K(12864K)
[4314.684s][info ][gc             ] GC(267) Pause Young (Allocation Failure) 2349M->302M(2390M) 1.925ms
[4314.684s][info ][gc,cpu         ] GC(267) User=0.01s Sys=0.00s Real=0.00s
[4314.684s][info ][safepoint      ] Safepoint "ParallelGCFailedAllocation", Time since last: 77519642 ns, Reaching safepoint: 4000 ns, Cleanup: 3900 ns, At safepoint: 1991395 ns, Total: 1999295 ns
[4321.685s][info ][safepoint      ] Safepoint "Cleanup", Time since last: 7000422726 ns, Reaching safepoint: 4100 ns, Cleanup: 10400 ns, At safepoint: 2000 ns, Total: 16500 ns
[4346.580s][info ][gc,start       ] GC(268) Pause Young (Allocation Failure)
[4346.582s][debug][gc,phases      ] GC(268) Scavenge 2.179ms
[4346.582s][debug][gc,ref         ] GC(268) Skipped phase 1 of Reference Processing: no references
[4346.582s][debug][gc,ref         ] GC(268) ReferenceProcessor::execute queues: 1, RefProcThreadModel::Single, marks_oops_alive: false
[4346.582s][debug][gc,ref         ] GC(268) Skipped phase 3 of Reference Processing: no references
[4346.582s][debug][gc,ref         ] GC(268) ReferenceProcessor::execute queues: 1, RefProcThreadModel::Single, marks_oops_alive: false
[4346.582s][debug][gc,phases      ] GC(268) Reference Processing 0.092ms
[4346.582s][debug][gc,phases      ] GC(268)   VM Weak                        Min:  0.0, Avg:  0.0, Max:  0.0, Diff:  0.0, Sum:  0.0, Workers: 4
[4346.582s][debug][gc,phases      ] GC(268)     Dead                           Min: 0, Avg:  0.0, Max: 0, Diff: 0, Sum: 0, Workers: 4
[4346.582s][debug][gc,phases      ] GC(268)     Total                          Min: 0, Avg: 185.5, Max: 422, Diff: 422, Sum: 742, Workers: 4
[4346.582s][debug][gc,phases      ] GC(268)   ObjectSynchronizer Weak        Min:  0.0, Avg:  0.0, Max:  0.0, Diff:  0.0, Sum:  0.0, Workers: 4
[4346.582s][debug][gc,phases      ] GC(268)     Dead                           Min: 0, Avg:  0.0, Max: 0, Diff: 0, Sum: 0, Workers: 4
[4346.582s][debug][gc,phases      ] GC(268)     Total                          Min: 0, Avg:  0.8, Max: 3, Diff: 3, Sum: 3, Workers: 4
[4346.582s][debug][gc,phases      ] GC(268)   JVMTI Tag Weak OopStorage      Min:  0.0, Avg:  0.0, Max:  0.0, Diff:  0.0, Sum:  0.0, Workers: 4
[4346.582s][debug][gc,phases      ] GC(268)     Dead                           Min: 0, Avg:  0.0, Max: 0, Diff: 0, Sum: 0, Workers: 4
[4346.582s][debug][gc,phases      ] GC(268)     Total                          Min: 0, Avg:  0.0, Max: 0, Diff: 0, Sum: 0, Workers: 4
[4346.582s][debug][gc,phases      ] GC(268)   StringTable Weak               Min:  0.0, Avg:  0.1, Max:  0.1, Diff:  0.1, Sum:  0.4, Workers: 4
[4346.582s][debug][gc,phases      ] GC(268)     Dead                           Min: 0, Avg:  0.0, Max: 0, Diff: 0, Sum: 0, Workers: 4
[4346.582s][debug][gc,phases      ] GC(268)     Total                          Min: 0, Avg: 11036.2, Max: 19263, Diff: 19263, Sum: 44145, Workers: 4
[4346.582s][debug][gc,phases      ] GC(268)   ResolvedMethodTable Weak       Min:  0.0, Avg:  0.0, Max:  0.0, Diff:  0.0, Sum:  0.1, Workers: 4
[4346.582s][debug][gc,phases      ] GC(268)     Dead                           Min: 0, Avg:  0.0, Max: 0, Diff: 0, Sum: 0, Workers: 4
[4346.582s][debug][gc,phases      ] GC(268)     Total                          Min: 0, Avg: 2620.5, Max: 4862, Diff: 4862, Sum: 10482, Workers: 4
[4346.582s][debug][gc,phases      ] GC(268)   JNI Weak                       Min:  0.0, Avg:  0.0, Max:  0.0, Diff:  0.0, Sum:  0.0, Workers: 4
[4346.582s][debug][gc,phases      ] GC(268)     Dead                           Min: 0, Avg:  0.0, Max: 0, Diff: 0, Sum: 0, Workers: 4
[4346.582s][debug][gc,phases      ] GC(268)     Total                          Min: 0, Avg: 11.2, Max: 45, Diff: 45, Sum: 45, Workers: 4
[4346.582s][debug][gc,phases      ] GC(268)   StringDedup Table Weak         Min:  0.0, Avg:  0.0, Max:  0.0, Diff:  0.0, Sum:  0.0, Workers: 4
[4346.582s][debug][gc,phases      ] GC(268)     Dead                           Min: 0, Avg:  0.0, Max: 0, Diff: 0, Sum: 0, Workers: 4
[4346.582s][debug][gc,phases      ] GC(268)     Total                          Min: 0, Avg:  0.0, Max: 0, Diff: 0, Sum: 0, Workers: 4
[4346.582s][debug][gc,phases      ] GC(268)   StringDedup Requests0 Weak     Min:  0.0, Avg:  0.0, Max:  0.0, Diff:  0.0, Sum:  0.0, Workers: 4
[4346.582s][debug][gc,phases      ] GC(268)     Dead                           Min: 0, Avg:  0.0, Max: 0, Diff: 0, Sum: 0, Workers: 4
[4346.582s][debug][gc,phases      ] GC(268)     Total                          Min: 0, Avg:  0.0, Max: 0, Diff: 0, Sum: 0, Workers: 4
[4346.582s][debug][gc,phases      ] GC(268)   StringDedup Requests1 Weak     Min:  0.0, Avg:  0.0, Max:  0.0, Diff:  0.0, Sum:  0.0, Workers: 4
[4346.582s][debug][gc,phases      ] GC(268)     Dead                           Min: 0, Avg:  0.0, Max: 0, Diff: 0, Sum: 0, Workers: 4
[4346.582s][debug][gc,phases      ] GC(268)     Total                          Min: 0, Avg:  0.0, Max: 0, Diff: 0, Sum: 0, Workers: 4
[4346.582s][debug][gc,phases      ] GC(268)   Weak JFR Old Object Samples    Min:  0.0, Avg:  0.0, Max:  0.0, Diff:  0.0, Sum:  0.0, Workers: 4
[4346.582s][debug][gc,phases      ] GC(268)     Dead                           Min: 0, Avg:  0.0, Max: 0, Diff: 0, Sum: 0, Workers: 4
[4346.582s][debug][gc,phases      ] GC(268)     Total                          Min: 0, Avg:  0.0, Max: 0, Diff: 0, Sum: 0, Workers: 4
[4346.583s][debug][gc,phases      ] GC(268) Weak Processing 0.326ms
[4346.583s][debug][gc,age         ] GC(268) Desired survivor size 524288 bytes, new threshold 15 (max threshold 15)
[4346.583s][info ][gc,heap        ] GC(268) PSYoungGen: 2096512K(2096640K)->448K(2096640K) Eden: 2096128K(2096128K)->0K(2096128K) From: 384K(512K)->448K(512K)
[4346.583s][info ][gc,heap        ] GC(268) ParOldGen: 309370K(351232K)->309378K(351232K)
[4346.583s][info ][gc,metaspace   ] GC(268) Metaspace: 85504K(86400K)->85504K(86400K) NonClass: 73027K(73536K)->73027K(73536K) Class: 12477K(12864K)->12477K(12864K)
[4346.583s][info ][gc             ] GC(268) Pause Young (Allocation Failure) 2349M->302M(2390M) 2.683ms
[4346.583s][info ][gc,cpu         ] GC(268) User=0.01s Sys=0.00s Real=0.00s
[4346.583s][info ][safepoint      ] Safepoint "ParallelGCFailedAllocation", Time since last: 24894906084 ns, Reaching safepoint: 4000 ns, Cleanup: 3800 ns, At safepoint: 2770394 ns, Total: 2778194 ns
[4350.583s][info ][safepoint      ] Safepoint "Cleanup", Time since last: 4000275633 ns, Reaching safepoint: 77700 ns, Cleanup: 12300 ns, At safepoint: 10500 ns, Total: 100500 ns
[4372.584s][info ][safepoint      ] Safepoint "Cleanup", Time since last: 22001184407 ns, Reaching safepoint: 3600 ns, Cleanup: 8400 ns, At safepoint: 2100 ns, Total: 14100 ns
[4378.333s][info ][gc,start       ] GC(269) Pause Young (Allocation Failure)
[4378.336s][debug][gc,phases      ] GC(269) Scavenge 2.444ms
[4378.336s][debug][gc,ref         ] GC(269) Skipped phase 1 of Reference Processing: no references
[4378.336s][debug][gc,ref         ] GC(269) ReferenceProcessor::execute queues: 1, RefProcThreadModel::Single, marks_oops_alive: false
[4378.336s][debug][gc,ref         ] GC(269) Skipped phase 3 of Reference Processing: no references
[4378.336s][debug][gc,ref         ] GC(269) ReferenceProcessor::execute queues: 1, RefProcThreadModel::Single, marks_oops_alive: false
[4378.336s][debug][gc,phases      ] GC(269) Reference Processing 0.103ms
[4378.336s][debug][gc,phases      ] GC(269)   VM Weak                        Min:  0.0, Avg:  0.0, Max:  0.0, Diff:  0.0, Sum:  0.0, Workers: 4
[4378.336s][debug][gc,phases      ] GC(269)     Dead                           Min: 0, Avg:  0.0, Max: 0, Diff: 0, Sum: 0, Workers: 4
[4378.336s][debug][gc,phases      ] GC(269)     Total                          Min: 0, Avg: 185.5, Max: 320, Diff: 320, Sum: 742, Workers: 4
[4378.336s][debug][gc,phases      ] GC(269)   ObjectSynchronizer Weak        Min:  0.0, Avg:  0.0, Max:  0.0, Diff:  0.0, Sum:  0.0, Workers: 4
[4378.336s][debug][gc,phases      ] GC(269)     Dead                           Min: 0, Avg:  0.0, Max: 0, Diff: 0, Sum: 0, Workers: 4
[4378.336s][debug][gc,phases      ] GC(269)     Total                          Min: 0, Avg:  0.8, Max: 3, Diff: 3, Sum: 3, Workers: 4
[4378.336s][debug][gc,phases      ] GC(269)   JVMTI Tag Weak OopStorage      Min:  0.0, Avg:  0.0, Max:  0.0, Diff:  0.0, Sum:  0.0, Workers: 4
[4378.336s][debug][gc,phases      ] GC(269)     Dead                           Min: 0, Avg:  0.0, Max: 0, Diff: 0, Sum: 0, Workers: 4
[4378.336s][debug][gc,phases      ] GC(269)     Total                          Min: 0, Avg:  0.0, Max: 0, Diff: 0, Sum: 0, Workers: 4
[4378.336s][debug][gc,phases      ] GC(269)   StringTable Weak               Min:  0.1, Avg:  0.1, Max:  0.1, Diff:  0.0, Sum:  0.5, Workers: 4
[4378.336s][debug][gc,phases      ] GC(269)     Dead                           Min: 0, Avg:  0.0, Max: 0, Diff: 0, Sum: 0, Workers: 4
[4378.336s][debug][gc,phases      ] GC(269)     Total                          Min: 10484, Avg: 11036.2, Max: 11455, Diff: 971, Sum: 44145, Workers: 4
[4378.336s][debug][gc,phases      ] GC(269)   ResolvedMethodTable Weak       Min:  0.0, Avg:  0.0, Max:  0.0, Diff:  0.0, Sum:  0.1, Workers: 4
[4378.336s][debug][gc,phases      ] GC(269)     Dead                           Min: 0, Avg:  0.0, Max: 0, Diff: 0, Sum: 0, Workers: 4
[4378.336s][debug][gc,phases      ] GC(269)     Total                          Min: 2496, Avg: 2620.5, Max: 2686, Diff: 190, Sum: 10482, Workers: 4
[4378.336s][debug][gc,phases      ] GC(269)   JNI Weak                       Min:  0.0, Avg:  0.0, Max:  0.0, Diff:  0.0, Sum:  0.0, Workers: 4
[4378.336s][debug][gc,phases      ] GC(269)     Dead                           Min: 0, Avg:  0.0, Max: 0, Diff: 0, Sum: 0, Workers: 4
[4378.336s][debug][gc,phases      ] GC(269)     Total                          Min: 0, Avg: 11.2, Max: 45, Diff: 45, Sum: 45, Workers: 4
[4378.336s][debug][gc,phases      ] GC(269)   StringDedup Table Weak         Min:  0.0, Avg:  0.0, Max:  0.0, Diff:  0.0, Sum:  0.0, Workers: 4
[4378.336s][debug][gc,phases      ] GC(269)     Dead                           Min: 0, Avg:  0.0, Max: 0, Diff: 0, Sum: 0, Workers: 4
[4378.336s][debug][gc,phases      ] GC(269)     Total                          Min: 0, Avg:  0.0, Max: 0, Diff: 0, Sum: 0, Workers: 4
[4378.336s][debug][gc,phases      ] GC(269)   StringDedup Requests0 Weak     Min:  0.0, Avg:  0.0, Max:  0.0, Diff:  0.0, Sum:  0.0, Workers: 4
[4378.336s][debug][gc,phases      ] GC(269)     Dead                           Min: 0, Avg:  0.0, Max: 0, Diff: 0, Sum: 0, Workers: 4
[4378.336s][debug][gc,phases      ] GC(269)     Total                          Min: 0, Avg:  0.0, Max: 0, Diff: 0, Sum: 0, Workers: 4
[4378.336s][debug][gc,phases      ] GC(269)   StringDedup Requests1 Weak     Min:  0.0, Avg:  0.0, Max:  0.0, Diff:  0.0, Sum:  0.0, Workers: 4
[4378.336s][debug][gc,phases      ] GC(269)     Dead                           Min: 0, Avg:  0.0, Max: 0, Diff: 0, Sum: 0, Workers: 4
[4378.336s][debug][gc,phases      ] GC(269)     Total                          Min: 0, Avg:  0.0, Max: 0, Diff: 0, Sum: 0, Workers: 4
[4378.336s][debug][gc,phases      ] GC(269)   Weak JFR Old Object Samples    Min:  0.0, Avg:  0.0, Max:  0.0, Diff:  0.0, Sum:  0.0, Workers: 4
[4378.336s][debug][gc,phases      ] GC(269)     Dead                           Min: 0, Avg:  0.0, Max: 0, Diff: 0, Sum: 0, Workers: 4
[4378.336s][debug][gc,phases      ] GC(269)     Total                          Min: 0, Avg:  0.0, Max: 0, Diff: 0, Sum: 0, Workers: 4
[4378.336s][debug][gc,phases      ] GC(269) Weak Processing 0.311ms
[4378.336s][debug][gc,age         ] GC(269) Desired survivor size 1048576 bytes, new threshold 14 (max threshold 15)
[4378.336s][info ][gc,heap        ] GC(269) PSYoungGen: 2096576K(2096640K)->512K(2096640K) Eden: 2096128K(2096128K)->0K(2096128K) From: 448K(512K)->512K(512K)
[4378.336s][info ][gc,heap        ] GC(269) ParOldGen: 309378K(351232K)->309394K(351232K)
[4378.336s][info ][gc,metaspace   ] GC(269) Metaspace: 85505K(86400K)->85505K(86400K) NonClass: 73027K(73536K)->73027K(73536K) Class: 12477K(12864K)->12477K(12864K)
[4378.336s][info ][gc             ] GC(269) Pause Young (Allocation Failure) 2349M->302M(2390M) 2.940ms
[4378.336s][info ][gc,cpu         ] GC(269) User=0.01s Sys=0.00s Real=0.00s
[4378.336s][info ][safepoint      ] Safepoint "ParallelGCFailedAllocation", Time since last: 5748816414 ns, Reaching safepoint: 78100 ns, Cleanup: 4100 ns, At safepoint: 3022393 ns, Total: 3104593 ns
[4410.229s][info ][gc,start       ] GC(270) Pause Young (Allocation Failure)
[4410.230s][debug][gc,phases      ] GC(270) Scavenge 1.345ms
[4410.230s][debug][gc,ref         ] GC(270) Skipped phase 1 of Reference Processing: no references
[4410.230s][debug][gc,ref         ] GC(270) ReferenceProcessor::execute queues: 1, RefProcThreadModel::Single, marks_oops_alive: false
[4410.230s][debug][gc,ref         ] GC(270) Skipped phase 3 of Reference Processing: no references
[4410.230s][debug][gc,ref         ] GC(270) ReferenceProcessor::execute queues: 1, RefProcThreadModel::Single, marks_oops_alive: false
[4410.230s][debug][gc,phases      ] GC(270) Reference Processing 0.097ms
[4410.230s][debug][gc,phases      ] GC(270)   VM Weak                        Min:  0.0, Avg:  0.0, Max:  0.0, Diff:  0.0, Sum:  0.0, Workers: 4
[4410.230s][debug][gc,phases      ] GC(270)     Dead                           Min: 0, Avg:  0.0, Max: 0, Diff: 0, Sum: 0, Workers: 4
[4410.230s][debug][gc,phases      ] GC(270)     Total                          Min: 0, Avg: 185.5, Max: 448, Diff: 448, Sum: 742, Workers: 4
[4410.230s][debug][gc,phases      ] GC(270)   ObjectSynchronizer Weak        Min:  0.0, Avg:  0.0, Max:  0.0, Diff:  0.0, Sum:  0.0, Workers: 4
[4410.230s][debug][gc,phases      ] GC(270)     Dead                           Min: 0, Avg:  0.0, Max: 0, Diff: 0, Sum: 0, Workers: 4
[4410.230s][debug][gc,phases      ] GC(270)     Total                          Min: 0, Avg:  0.8, Max: 3, Diff: 3, Sum: 3, Workers: 4
[4410.230s][debug][gc,phases      ] GC(270)   JVMTI Tag Weak OopStorage      Min:  0.0, Avg:  0.0, Max:  0.0, Diff:  0.0, Sum:  0.0, Workers: 4
[4410.230s][debug][gc,phases      ] GC(270)     Dead                           Min: 0, Avg:  0.0, Max: 0, Diff: 0, Sum: 0, Workers: 4
[4410.230s][debug][gc,phases      ] GC(270)     Total                          Min: 0, Avg:  0.0, Max: 0, Diff: 0, Sum: 0, Workers: 4
[4410.230s][debug][gc,phases      ] GC(270)   StringTable Weak               Min:  0.0, Avg:  0.1, Max:  0.1, Diff:  0.1, Sum:  0.3, Workers: 4
[4410.230s][debug][gc,phases      ] GC(270)     Dead                           Min: 0, Avg:  0.0, Max: 0, Diff: 0, Sum: 0, Workers: 4
[4410.230s][debug][gc,phases      ] GC(270)     Total                          Min: 0, Avg: 11036.5, Max: 19379, Diff: 19379, Sum: 44146, Workers: 4
[4410.230s][debug][gc,phases      ] GC(270)   ResolvedMethodTable Weak       Min:  0.0, Avg:  0.0, Max:  0.0, Diff:  0.0, Sum:  0.1, Workers: 4
[4410.230s][debug][gc,phases      ] GC(270)     Dead                           Min: 0, Avg:  0.0, Max: 0, Diff: 0, Sum: 0, Workers: 4
[4410.230s][debug][gc,phases      ] GC(270)     Total                          Min: 0, Avg: 2620.5, Max: 4478, Diff: 4478, Sum: 10482, Workers: 4
[4410.230s][debug][gc,phases      ] GC(270)   JNI Weak                       Min:  0.0, Avg:  0.0, Max:  0.0, Diff:  0.0, Sum:  0.0, Workers: 4
[4410.230s][debug][gc,phases      ] GC(270)     Dead                           Min: 0, Avg:  0.0, Max: 0, Diff: 0, Sum: 0, Workers: 4
[4410.230s][debug][gc,phases      ] GC(270)     Total                          Min: 0, Avg: 11.2, Max: 45, Diff: 45, Sum: 45, Workers: 4
[4410.230s][debug][gc,phases      ] GC(270)   StringDedup Table Weak         Min:  0.0, Avg:  0.0, Max:  0.0, Diff:  0.0, Sum:  0.0, Workers: 4
[4410.230s][debug][gc,phases      ] GC(270)     Dead                           Min: 0, Avg:  0.0, Max: 0, Diff: 0, Sum: 0, Workers: 4
[4410.230s][debug][gc,phases      ] GC(270)     Total                          Min: 0, Avg:  0.0, Max: 0, Diff: 0, Sum: 0, Workers: 4
[4410.230s][debug][gc,phases      ] GC(270)   StringDedup Requests0 Weak     Min:  0.0, Avg:  0.0, Max:  0.0, Diff:  0.0, Sum:  0.0, Workers: 4
[4410.230s][debug][gc,phases      ] GC(270)     Dead                           Min: 0, Avg:  0.0, Max: 0, Diff: 0, Sum: 0, Workers: 4
[4410.230s][debug][gc,phases      ] GC(270)     Total                          Min: 0, Avg:  0.0, Max: 0, Diff: 0, Sum: 0, Workers: 4
[4410.230s][debug][gc,phases      ] GC(270)   StringDedup Requests1 Weak     Min:  0.0, Avg:  0.0, Max:  0.0, Diff:  0.0, Sum:  0.0, Workers: 4
[4410.230s][debug][gc,phases      ] GC(270)     Dead                           Min: 0, Avg:  0.0, Max: 0, Diff: 0, Sum: 0, Workers: 4
[4410.230s][debug][gc,phases      ] GC(270)     Total                          Min: 0, Avg:  0.0, Max: 0, Diff: 0, Sum: 0, Workers: 4
[4410.230s][debug][gc,phases      ] GC(270)   Weak JFR Old Object Samples    Min:  0.0, Avg:  0.0, Max:  0.0, Diff:  0.0, Sum:  0.0, Workers: 4
[4410.230s][debug][gc,phases      ] GC(270)     Dead                           Min: 0, Avg:  0.0, Max: 0, Diff: 0, Sum: 0, Workers: 4
[4410.230s][debug][gc,phases      ] GC(270)     Total                          Min: 0, Avg:  0.0, Max: 0, Diff: 0, Sum: 0, Workers: 4
[4410.230s][debug][gc,phases      ] GC(270) Weak Processing 0.311ms
[4410.230s][debug][gc,age         ] GC(270) Desired survivor size 1048576 bytes, new threshold 15 (max threshold 15)
[4410.231s][info ][gc,heap        ] GC(270) PSYoungGen: 2096640K(2096640K)->384K(2095616K) Eden: 2096128K(2096128K)->0K(2095104K) From: 512K(512K)->384K(512K)
[4410.231s][info ][gc,heap        ] GC(270) ParOldGen: 309394K(351232K)->309418K(351232K)
[4410.231s][info ][gc,metaspace   ] GC(270) Metaspace: 85505K(86400K)->85505K(86400K) NonClass: 73027K(73536K)->73027K(73536K) Class: 12477K(12864K)->12477K(12864K)
[4410.231s][info ][gc             ] GC(270) Pause Young (Allocation Failure) 2349M->302M(2389M) 1.840ms
[4410.231s][info ][gc,cpu         ] GC(270) User=0.00s Sys=0.00s Real=0.00s
[4410.231s][info ][safepoint      ] Safepoint "ParallelGCFailedAllocation", Time since last: 31892487268 ns, Reaching safepoint: 72300 ns, Cleanup: 3700 ns, At safepoint: 1928696 ns, Total: 2004696 ns
[4433.232s][info ][safepoint      ] Safepoint "Cleanup", Time since last: 23001552690 ns, Reaching safepoint: 81400 ns, Cleanup: 13200 ns, At safepoint: 10600 ns, Total: 105200 ns
[4442.079s][info ][gc,start       ] GC(271) Pause Young (Allocation Failure)
[4442.080s][debug][gc,phases      ] GC(271) Scavenge 1.502ms
[4442.080s][debug][gc,ref         ] GC(271) Skipped phase 1 of Reference Processing: no references
[4442.081s][debug][gc,ref         ] GC(271) ReferenceProcessor::execute queues: 1, RefProcThreadModel::Single, marks_oops_alive: false
[4442.081s][debug][gc,ref         ] GC(271) Skipped phase 3 of Reference Processing: no references
[4442.081s][debug][gc,ref         ] GC(271) ReferenceProcessor::execute queues: 1, RefProcThreadModel::Single, marks_oops_alive: false
[4442.081s][debug][gc,phases      ] GC(271) Reference Processing 0.122ms
[4442.081s][debug][gc,phases      ] GC(271)   VM Weak                        Min:  0.0, Avg:  0.0, Max:  0.0, Diff:  0.0, Sum:  0.0, Workers: 4
[4442.081s][debug][gc,phases      ] GC(271)     Dead                           Min: 0, Avg:  0.0, Max: 0, Diff: 0, Sum: 0, Workers: 4
[4442.081s][debug][gc,phases      ] GC(271)     Total                          Min: 0, Avg: 185.5, Max: 422, Diff: 422, Sum: 742, Workers: 4
[4442.081s][debug][gc,phases      ] GC(271)   ObjectSynchronizer Weak        Min:  0.0, Avg:  0.0, Max:  0.0, Diff:  0.0, Sum:  0.0, Workers: 4
[4442.081s][debug][gc,phases      ] GC(271)     Dead                           Min: 0, Avg:  0.0, Max: 0, Diff: 0, Sum: 0, Workers: 4
[4442.081s][debug][gc,phases      ] GC(271)     Total                          Min: 0, Avg:  0.8, Max: 3, Diff: 3, Sum: 3, Workers: 4
[4442.081s][debug][gc,phases      ] GC(271)   JVMTI Tag Weak OopStorage      Min:  0.0, Avg:  0.0, Max:  0.0, Diff:  0.0, Sum:  0.0, Workers: 4
[4442.081s][debug][gc,phases      ] GC(271)     Dead                           Min: 0, Avg:  0.0, Max: 0, Diff: 0, Sum: 0, Workers: 4
[4442.081s][debug][gc,phases      ] GC(271)     Total                          Min: 0, Avg:  0.0, Max: 0, Diff: 0, Sum: 0, Workers: 4
[4442.081s][debug][gc,phases      ] GC(271)   StringTable Weak               Min:  0.0, Avg:  0.1, Max:  0.1, Diff:  0.1, Sum:  0.4, Workers: 4
[4442.081s][debug][gc,phases      ] GC(271)     Dead                           Min: 0, Avg:  0.0, Max: 0, Diff: 0, Sum: 0, Workers: 4
[4442.081s][debug][gc,phases      ] GC(271)     Total                          Min: 0, Avg: 11036.5, Max: 19264, Diff: 19264, Sum: 44146, Workers: 4
[4442.081s][debug][gc,phases      ] GC(271)   ResolvedMethodTable Weak       Min:  0.0, Avg:  0.0, Max:  0.0, Diff:  0.0, Sum:  0.1, Workers: 4
[4442.081s][debug][gc,phases      ] GC(271)     Dead                           Min: 0, Avg:  0.0, Max: 0, Diff: 0, Sum: 0, Workers: 4
[4442.081s][debug][gc,phases      ] GC(271)     Total                          Min: 0, Avg: 2620.5, Max: 4606, Diff: 4606, Sum: 10482, Workers: 4
[4442.081s][debug][gc,phases      ] GC(271)   JNI Weak                       Min:  0.0, Avg:  0.0, Max:  0.0, Diff:  0.0, Sum:  0.0, Workers: 4
[4442.081s][debug][gc,phases      ] GC(271)     Dead                           Min: 0, Avg:  0.0, Max: 0, Diff: 0, Sum: 0, Workers: 4
[4442.081s][debug][gc,phases      ] GC(271)     Total                          Min: 0, Avg: 11.2, Max: 45, Diff: 45, Sum: 45, Workers: 4
[4442.081s][debug][gc,phases      ] GC(271)   StringDedup Table Weak         Min:  0.0, Avg:  0.0, Max:  0.0, Diff:  0.0, Sum:  0.0, Workers: 4
[4442.081s][debug][gc,phases      ] GC(271)     Dead                           Min: 0, Avg:  0.0, Max: 0, Diff: 0, Sum: 0, Workers: 4
[4442.081s][debug][gc,phases      ] GC(271)     Total                          Min: 0, Avg:  0.0, Max: 0, Diff: 0, Sum: 0, Workers: 4
[4442.081s][debug][gc,phases      ] GC(271)   StringDedup Requests0 Weak     Min:  0.0, Avg:  0.0, Max:  0.0, Diff:  0.0, Sum:  0.0, Workers: 4
[4442.081s][debug][gc,phases      ] GC(271)     Dead                           Min: 0, Avg:  0.0, Max: 0, Diff: 0, Sum: 0, Workers: 4
[4442.081s][debug][gc,phases      ] GC(271)     Total                          Min: 0, Avg:  0.0, Max: 0, Diff: 0, Sum: 0, Workers: 4
[4442.081s][debug][gc,phases      ] GC(271)   StringDedup Requests1 Weak     Min:  0.0, Avg:  0.0, Max:  0.0, Diff:  0.0, Sum:  0.0, Workers: 4
[4442.081s][debug][gc,phases      ] GC(271)     Dead                           Min: 0, Avg:  0.0, Max: 0, Diff: 0, Sum: 0, Workers: 4
[4442.081s][debug][gc,phases      ] GC(271)     Total                          Min: 0, Avg:  0.0, Max: 0, Diff: 0, Sum: 0, Workers: 4
[4442.081s][debug][gc,phases      ] GC(271)   Weak JFR Old Object Samples    Min:  0.0, Avg:  0.0, Max:  0.0, Diff:  0.0, Sum:  0.0, Workers: 4
[4442.081s][debug][gc,phases      ] GC(271)     Dead                           Min: 0, Avg:  0.0, Max: 0, Diff: 0, Sum: 0, Workers: 4
[4442.081s][debug][gc,phases      ] GC(271)     Total                          Min: 0, Avg:  0.0, Max: 0, Diff: 0, Sum: 0, Workers: 4
[4442.081s][debug][gc,phases      ] GC(271) Weak Processing 0.327ms
[4442.081s][debug][gc,age         ] GC(271) Desired survivor size 1048576 bytes, new threshold 15 (max threshold 15)
[4442.081s][info ][gc,heap        ] GC(271) PSYoungGen: 2095488K(2095616K)->416K(2096128K) Eden: 2095104K(2095104K)->0K(2095104K) From: 384K(512K)->416K(1024K)
[4442.081s][info ][gc,heap        ] GC(271) ParOldGen: 309418K(351232K)->309418K(351232K)
[4442.081s][info ][gc,metaspace   ] GC(271) Metaspace: 85505K(86400K)->85505K(86400K) NonClass: 73027K(73536K)->73027K(73536K) Class: 12477K(12864K)->12477K(12864K)
[4442.081s][info ][gc             ] GC(271) Pause Young (Allocation Failure) 2348M->302M(2390M) 2.046ms
[4442.081s][info ][gc,cpu         ] GC(271) User=0.01s Sys=0.00s Real=0.01s
[4442.081s][info ][safepoint      ] Safepoint "ParallelGCFailedAllocation", Time since last: 8846630340 ns, Reaching safepoint: 4800 ns, Cleanup: 3900 ns, At safepoint: 2111895 ns, Total: 2120595 ns
[4473.929s][info ][gc,start       ] GC(272) Pause Young (Allocation Failure)
[4473.930s][debug][gc,phases      ] GC(272) Scavenge 1.369ms
[4473.930s][debug][gc,ref         ] GC(272) Skipped phase 1 of Reference Processing: no references
[4473.931s][debug][gc,ref         ] GC(272) ReferenceProcessor::execute queues: 1, RefProcThreadModel::Single, marks_oops_alive: false
[4473.931s][debug][gc,ref         ] GC(272) Skipped phase 3 of Reference Processing: no references
[4473.931s][debug][gc,ref         ] GC(272) ReferenceProcessor::execute queues: 1, RefProcThreadModel::Single, marks_oops_alive: false
[4473.931s][debug][gc,phases      ] GC(272) Reference Processing 0.086ms
[4473.931s][debug][gc,phases      ] GC(272)   VM Weak                        Min:  0.0, Avg:  0.0, Max:  0.0, Diff:  0.0, Sum:  0.0, Workers: 4
[4473.931s][debug][gc,phases      ] GC(272)     Dead                           Min: 0, Avg:  0.0, Max: 0, Diff: 0, Sum: 0, Workers: 4
[4473.931s][debug][gc,phases      ] GC(272)     Total                          Min: 0, Avg: 185.5, Max: 742, Diff: 742, Sum: 742, Workers: 4
[4473.931s][debug][gc,phases      ] GC(272)   ObjectSynchronizer Weak        Min:  0.0, Avg:  0.0, Max:  0.0, Diff:  0.0, Sum:  0.0, Workers: 4
[4473.931s][debug][gc,phases      ] GC(272)     Dead                           Min: 0, Avg:  0.0, Max: 0, Diff: 0, Sum: 0, Workers: 4
[4473.931s][debug][gc,phases      ] GC(272)     Total                          Min: 0, Avg:  0.8, Max: 3, Diff: 3, Sum: 3, Workers: 4
[4473.931s][debug][gc,phases      ] GC(272)   JVMTI Tag Weak OopStorage      Min:  0.0, Avg:  0.0, Max:  0.0, Diff:  0.0, Sum:  0.0, Workers: 4
[4473.931s][debug][gc,phases      ] GC(272)     Dead                           Min: 0, Avg:  0.0, Max: 0, Diff: 0, Sum: 0, Workers: 4
[4473.931s][debug][gc,phases      ] GC(272)     Total                          Min: 0, Avg:  0.0, Max: 0, Diff: 0, Sum: 0, Workers: 4
[4473.931s][debug][gc,phases      ] GC(272)   StringTable Weak               Min:  0.0, Avg:  0.1, Max:  0.1, Diff:  0.1, Sum:  0.4, Workers: 4
[4473.931s][debug][gc,phases      ] GC(272)     Dead                           Min: 0, Avg:  0.0, Max: 0, Diff: 0, Sum: 0, Workers: 4
[4473.931s][debug][gc,phases      ] GC(272)     Total                          Min: 0, Avg: 11036.5, Max: 19200, Diff: 19200, Sum: 44146, Workers: 4
[4473.931s][debug][gc,phases      ] GC(272)   ResolvedMethodTable Weak       Min:  0.0, Avg:  0.0, Max:  0.0, Diff:  0.0, Sum:  0.1, Workers: 4
[4473.931s][debug][gc,phases      ] GC(272)     Dead                           Min: 0, Avg:  0.0, Max: 0, Diff: 0, Sum: 0, Workers: 4
[4473.931s][debug][gc,phases      ] GC(272)     Total                          Min: 0, Avg: 2620.5, Max: 4478, Diff: 4478, Sum: 10482, Workers: 4
[4473.931s][debug][gc,phases      ] GC(272)   JNI Weak                       Min:  0.0, Avg:  0.0, Max:  0.0, Diff:  0.0, Sum:  0.0, Workers: 4
[4473.931s][debug][gc,phases      ] GC(272)     Dead                           Min: 0, Avg:  0.0, Max: 0, Diff: 0, Sum: 0, Workers: 4
[4473.931s][debug][gc,phases      ] GC(272)     Total                          Min: 0, Avg: 11.2, Max: 45, Diff: 45, Sum: 45, Workers: 4
[4473.931s][debug][gc,phases      ] GC(272)   StringDedup Table Weak         Min:  0.0, Avg:  0.0, Max:  0.0, Diff:  0.0, Sum:  0.0, Workers: 4
[4473.931s][debug][gc,phases      ] GC(272)     Dead                           Min: 0, Avg:  0.0, Max: 0, Diff: 0, Sum: 0, Workers: 4
[4473.931s][debug][gc,phases      ] GC(272)     Total                          Min: 0, Avg:  0.0, Max: 0, Diff: 0, Sum: 0, Workers: 4
[4473.931s][debug][gc,phases      ] GC(272)   StringDedup Requests0 Weak     Min:  0.0, Avg:  0.0, Max:  0.0, Diff:  0.0, Sum:  0.0, Workers: 4
[4473.931s][debug][gc,phases      ] GC(272)     Dead                           Min: 0, Avg:  0.0, Max: 0, Diff: 0, Sum: 0, Workers: 4
[4473.931s][debug][gc,phases      ] GC(272)     Total                          Min: 0, Avg:  0.0, Max: 0, Diff: 0, Sum: 0, Workers: 4
[4473.931s][debug][gc,phases      ] GC(272)   StringDedup Requests1 Weak     Min:  0.0, Avg:  0.0, Max:  0.0, Diff:  0.0, Sum:  0.0, Workers: 4
[4473.931s][debug][gc,phases      ] GC(272)     Dead                           Min: 0, Avg:  0.0, Max: 0, Diff: 0, Sum: 0, Workers: 4
[4473.931s][debug][gc,phases      ] GC(272)     Total                          Min: 0, Avg:  0.0, Max: 0, Diff: 0, Sum: 0, Workers: 4
[4473.931s][debug][gc,phases      ] GC(272)   Weak JFR Old Object Samples    Min:  0.0, Avg:  0.0, Max:  0.0, Diff:  0.0, Sum:  0.0, Workers: 4
[4473.931s][debug][gc,phases      ] GC(272)     Dead                           Min: 0, Avg:  0.0, Max: 0, Diff: 0, Sum: 0, Workers: 4
[4473.931s][debug][gc,phases      ] GC(272)     Total                          Min: 0, Avg:  0.0, Max: 0, Diff: 0, Sum: 0, Workers: 4
[4473.931s][debug][gc,phases      ] GC(272) Weak Processing 0.328ms
[4473.931s][debug][gc,age         ] GC(272) Desired survivor size 1048576 bytes, new threshold 15 (max threshold 15)
[4473.931s][info ][gc,heap        ] GC(272) PSYoungGen: 2095520K(2096128K)->384K(2096128K) Eden: 2095104K(2095104K)->0K(2095104K) From: 416K(1024K)->384K(1024K)
[4473.931s][info ][gc,heap        ] GC(272) ParOldGen: 309418K(351232K)->309442K(351232K)
[4473.931s][info ][gc,metaspace   ] GC(272) Metaspace: 85506K(86400K)->85506K(86400K) NonClass: 73029K(73536K)->73029K(73536K) Class: 12477K(12864K)->12477K(12864K)
[4473.931s][info ][gc             ] GC(272) Pause Young (Allocation Failure) 2348M->302M(2390M) 1.876ms
[4473.931s][info ][gc,cpu         ] GC(272) User=0.00s Sys=0.00s Real=0.00s
[4473.931s][info ][safepoint      ] Safepoint "ParallelGCFailedAllocation", Time since last: 31848064831 ns, Reaching safepoint: 4000 ns, Cleanup: 3600 ns, At safepoint: 1939396 ns, Total: 1946996 ns
[4505.779s][info ][gc,start       ] GC(273) Pause Young (Allocation Failure)
[4505.781s][debug][gc,phases      ] GC(273) Scavenge 1.703ms
[4505.781s][debug][gc,ref         ] GC(273) Skipped phase 1 of Reference Processing: no references
[4505.781s][debug][gc,ref         ] GC(273) ReferenceProcessor::execute queues: 1, RefProcThreadModel::Single, marks_oops_alive: false
[4505.781s][debug][gc,ref         ] GC(273) Skipped phase 3 of Reference Processing: no references
[4505.781s][debug][gc,ref         ] GC(273) ReferenceProcessor::execute queues: 1, RefProcThreadModel::Single, marks_oops_alive: false
[4505.781s][debug][gc,phases      ] GC(273) Reference Processing 0.099ms
[4505.781s][debug][gc,phases      ] GC(273)   VM Weak                        Min:  0.0, Avg:  0.0, Max:  0.0, Diff:  0.0, Sum:  0.0, Workers: 4
[4505.781s][debug][gc,phases      ] GC(273)     Dead                           Min: 0, Avg:  0.0, Max: 0, Diff: 0, Sum: 0, Workers: 4
[4505.781s][debug][gc,phases      ] GC(273)     Total                          Min: 0, Avg: 185.5, Max: 384, Diff: 384, Sum: 742, Workers: 4
[4505.782s][debug][gc,phases      ] GC(273)   ObjectSynchronizer Weak        Min:  0.0, Avg:  0.0, Max:  0.0, Diff:  0.0, Sum:  0.0, Workers: 4
[4505.782s][debug][gc,phases      ] GC(273)     Dead                           Min: 0, Avg:  0.0, Max: 0, Diff: 0, Sum: 0, Workers: 4
[4505.782s][debug][gc,phases      ] GC(273)     Total                          Min: 0, Avg:  0.8, Max: 3, Diff: 3, Sum: 3, Workers: 4
[4505.782s][debug][gc,phases      ] GC(273)   JVMTI Tag Weak OopStorage      Min:  0.0, Avg:  0.0, Max:  0.0, Diff:  0.0, Sum:  0.0, Workers: 4
[4505.782s][debug][gc,phases      ] GC(273)     Dead                           Min: 0, Avg:  0.0, Max: 0, Diff: 0, Sum: 0, Workers: 4
[4505.782s][debug][gc,phases      ] GC(273)     Total                          Min: 0, Avg:  0.0, Max: 0, Diff: 0, Sum: 0, Workers: 4
[4505.782s][debug][gc,phases      ] GC(273)   StringTable Weak               Min:  0.0, Avg:  0.1, Max:  0.1, Diff:  0.1, Sum:  0.4, Workers: 4
[4505.782s][debug][gc,phases      ] GC(273)     Dead                           Min: 0, Avg:  0.0, Max: 0, Diff: 0, Sum: 0, Workers: 4
[4505.782s][debug][gc,phases      ] GC(273)     Total                          Min: 0, Avg: 11036.5, Max: 19583, Diff: 19583, Sum: 44146, Workers: 4
[4505.782s][debug][gc,phases      ] GC(273)   ResolvedMethodTable Weak       Min:  0.0, Avg:  0.0, Max:  0.0, Diff:  0.0, Sum:  0.1, Workers: 4
[4505.782s][debug][gc,phases      ] GC(273)     Dead                           Min: 0, Avg:  0.0, Max: 0, Diff: 0, Sum: 0, Workers: 4
[4505.782s][debug][gc,phases      ] GC(273)     Total                          Min: 0, Avg: 2620.5, Max: 4542, Diff: 4542, Sum: 10482, Workers: 4
[4505.782s][debug][gc,phases      ] GC(273)   JNI Weak                       Min:  0.0, Avg:  0.0, Max:  0.0, Diff:  0.0, Sum:  0.0, Workers: 4
[4505.782s][debug][gc,phases      ] GC(273)     Dead                           Min: 0, Avg:  0.0, Max: 0, Diff: 0, Sum: 0, Workers: 4
[4505.782s][debug][gc,phases      ] GC(273)     Total                          Min: 0, Avg: 11.2, Max: 45, Diff: 45, Sum: 45, Workers: 4
[4505.782s][debug][gc,phases      ] GC(273)   StringDedup Table Weak         Min:  0.0, Avg:  0.0, Max:  0.0, Diff:  0.0, Sum:  0.0, Workers: 4
[4505.782s][debug][gc,phases      ] GC(273)     Dead                           Min: 0, Avg:  0.0, Max: 0, Diff: 0, Sum: 0, Workers: 4
[4505.782s][debug][gc,phases      ] GC(273)     Total                          Min: 0, Avg:  0.0, Max: 0, Diff: 0, Sum: 0, Workers: 4
[4505.782s][debug][gc,phases      ] GC(273)   StringDedup Requests0 Weak     Min:  0.0, Avg:  0.0, Max:  0.0, Diff:  0.0, Sum:  0.0, Workers: 4
[4505.782s][debug][gc,phases      ] GC(273)     Dead                           Min: 0, Avg:  0.0, Max: 0, Diff: 0, Sum: 0, Workers: 4
[4505.782s][debug][gc,phases      ] GC(273)     Total                          Min: 0, Avg:  0.0, Max: 0, Diff: 0, Sum: 0, Workers: 4
[4505.782s][debug][gc,phases      ] GC(273)   StringDedup Requests1 Weak     Min:  0.0, Avg:  0.0, Max:  0.0, Diff:  0.0, Sum:  0.0, Workers: 4
[4505.782s][debug][gc,phases      ] GC(273)     Dead                           Min: 0, Avg:  0.0, Max: 0, Diff: 0, Sum: 0, Workers: 4
[4505.782s][debug][gc,phases      ] GC(273)     Total                          Min: 0, Avg:  0.0, Max: 0, Diff: 0, Sum: 0, Workers: 4
[4505.782s][debug][gc,phases      ] GC(273)   Weak JFR Old Object Samples    Min:  0.0, Avg:  0.0, Max:  0.0, Diff:  0.0, Sum:  0.0, Workers: 4
[4505.782s][debug][gc,phases      ] GC(273)     Dead                           Min: 0, Avg:  0.0, Max: 0, Diff: 0, Sum: 0, Workers: 4
[4505.782s][debug][gc,phases      ] GC(273)     Total                          Min: 0, Avg:  0.0, Max: 0, Diff: 0, Sum: 0, Workers: 4
[4505.782s][debug][gc,phases      ] GC(273) Weak Processing 0.313ms
[4505.782s][debug][gc,age         ] GC(273) Desired survivor size 1048576 bytes, new threshold 15 (max threshold 15)
[4505.782s][info ][gc,heap        ] GC(273) PSYoungGen: 2095488K(2096128K)->416K(2096128K) Eden: 2095104K(2095104K)->0K(2095104K) From: 384K(1024K)->416K(1024K)
[4505.782s][info ][gc,heap        ] GC(273) ParOldGen: 309442K(351232K)->309450K(351232K)
[4505.782s][info ][gc,metaspace   ] GC(273) Metaspace: 85506K(86400K)->85506K(86400K) NonClass: 73029K(73536K)->73029K(73536K) Class: 12477K(12864K)->12477K(12864K)
[4505.782s][info ][gc             ] GC(273) Pause Young (Allocation Failure) 2348M->302M(2390M) 2.224ms
[4505.782s][info ][gc,cpu         ] GC(273) User=0.01s Sys=0.00s Real=0.01s
[4505.782s][info ][safepoint      ] Safepoint "ParallelGCFailedAllocation", Time since last: 31848393747 ns, Reaching safepoint: 4400 ns, Cleanup: 3900 ns, At safepoint: 2289895 ns, Total: 2298195 ns
[4512.782s][info ][safepoint      ] Safepoint "Cleanup", Time since last: 7000491265 ns, Reaching safepoint: 73100 ns, Cleanup: 9800 ns, At safepoint: 5600 ns, Total: 88500 ns
[4532.784s][info ][safepoint      ] Safepoint "Cleanup", Time since last: 20001319458 ns, Reaching safepoint: 4100 ns, Cleanup: 10700 ns, At safepoint: 20300 ns, Total: 35100 ns
[4537.431s][info ][gc,start       ] GC(274) Pause Young (Allocation Failure)
[4537.433s][debug][gc,phases      ] GC(274) Scavenge 1.555ms
[4537.433s][debug][gc,ref         ] GC(274) Skipped phase 1 of Reference Processing: no references
[4537.433s][debug][gc,ref         ] GC(274) ReferenceProcessor::execute queues: 1, RefProcThreadModel::Single, marks_oops_alive: false
[4537.433s][debug][gc,ref         ] GC(274) Skipped phase 3 of Reference Processing: no references
[4537.433s][debug][gc,ref         ] GC(274) ReferenceProcessor::execute queues: 1, RefProcThreadModel::Single, marks_oops_alive: false
[4537.433s][debug][gc,phases      ] GC(274) Reference Processing 0.098ms
[4537.433s][debug][gc,phases      ] GC(274)   VM Weak                        Min:  0.0, Avg:  0.0, Max:  0.0, Diff:  0.0, Sum:  0.0, Workers: 4
[4537.433s][debug][gc,phases      ] GC(274)     Dead                           Min: 0, Avg:  0.0, Max: 0, Diff: 0, Sum: 0, Workers: 4
[4537.433s][debug][gc,phases      ] GC(274)     Total                          Min: 0, Avg: 185.5, Max: 742, Diff: 742, Sum: 742, Workers: 4
[4537.433s][debug][gc,phases      ] GC(274)   ObjectSynchronizer Weak        Min:  0.0, Avg:  0.0, Max:  0.0, Diff:  0.0, Sum:  0.0, Workers: 4
[4537.433s][debug][gc,phases      ] GC(274)     Dead                           Min: 0, Avg:  0.0, Max: 0, Diff: 0, Sum: 0, Workers: 4
[4537.433s][debug][gc,phases      ] GC(274)     Total                          Min: 0, Avg:  0.8, Max: 3, Diff: 3, Sum: 3, Workers: 4
[4537.433s][debug][gc,phases      ] GC(274)   JVMTI Tag Weak OopStorage      Min:  0.0, Avg:  0.0, Max:  0.0, Diff:  0.0, Sum:  0.0, Workers: 4
[4537.433s][debug][gc,phases      ] GC(274)     Dead                           Min: 0, Avg:  0.0, Max: 0, Diff: 0, Sum: 0, Workers: 4
[4537.433s][debug][gc,phases      ] GC(274)     Total                          Min: 0, Avg:  0.0, Max: 0, Diff: 0, Sum: 0, Workers: 4
[4537.433s][debug][gc,phases      ] GC(274)   StringTable Weak               Min:  0.0, Avg:  0.1, Max:  0.1, Diff:  0.1, Sum:  0.4, Workers: 4
[4537.433s][debug][gc,phases      ] GC(274)     Dead                           Min: 0, Avg:  0.0, Max: 0, Diff: 0, Sum: 0, Workers: 4
[4537.433s][debug][gc,phases      ] GC(274)     Total                          Min: 0, Avg: 11036.5, Max: 19581, Diff: 19581, Sum: 44146, Workers: 4
[4537.433s][debug][gc,phases      ] GC(274)   ResolvedMethodTable Weak       Min:  0.0, Avg:  0.0, Max:  0.0, Diff:  0.0, Sum:  0.1, Workers: 4
[4537.433s][debug][gc,phases      ] GC(274)     Dead                           Min: 0, Avg:  0.0, Max: 0, Diff: 0, Sum: 0, Workers: 4
[4537.433s][debug][gc,phases      ] GC(274)     Total                          Min: 0, Avg: 2620.5, Max: 4724, Diff: 4724, Sum: 10482, Workers: 4
[4537.433s][debug][gc,phases      ] GC(274)   JNI Weak                       Min:  0.0, Avg:  0.0, Max:  0.0, Diff:  0.0, Sum:  0.0, Workers: 4
[4537.433s][debug][gc,phases      ] GC(274)     Dead                           Min: 0, Avg:  0.0, Max: 0, Diff: 0, Sum: 0, Workers: 4
[4537.433s][debug][gc,phases      ] GC(274)     Total                          Min: 0, Avg: 11.2, Max: 45, Diff: 45, Sum: 45, Workers: 4
[4537.433s][debug][gc,phases      ] GC(274)   StringDedup Table Weak         Min:  0.0, Avg:  0.0, Max:  0.0, Diff:  0.0, Sum:  0.0, Workers: 4
[4537.433s][debug][gc,phases      ] GC(274)     Dead                           Min: 0, Avg:  0.0, Max: 0, Diff: 0, Sum: 0, Workers: 4
[4537.433s][debug][gc,phases      ] GC(274)     Total                          Min: 0, Avg:  0.0, Max: 0, Diff: 0, Sum: 0, Workers: 4
[4537.433s][debug][gc,phases      ] GC(274)   StringDedup Requests0 Weak     Min:  0.0, Avg:  0.0, Max:  0.0, Diff:  0.0, Sum:  0.0, Workers: 4
[4537.433s][debug][gc,phases      ] GC(274)     Dead                           Min: 0, Avg:  0.0, Max: 0, Diff: 0, Sum: 0, Workers: 4
[4537.433s][debug][gc,phases      ] GC(274)     Total                          Min: 0, Avg:  0.0, Max: 0, Diff: 0, Sum: 0, Workers: 4
[4537.433s][debug][gc,phases      ] GC(274)   StringDedup Requests1 Weak     Min:  0.0, Avg:  0.0, Max:  0.0, Diff:  0.0, Sum:  0.0, Workers: 4
[4537.433s][debug][gc,phases      ] GC(274)     Dead                           Min: 0, Avg:  0.0, Max: 0, Diff: 0, Sum: 0, Workers: 4
[4537.433s][debug][gc,phases      ] GC(274)     Total                          Min: 0, Avg:  0.0, Max: 0, Diff: 0, Sum: 0, Workers: 4
[4537.433s][debug][gc,phases      ] GC(274)   Weak JFR Old Object Samples    Min:  0.0, Avg:  0.0, Max:  0.0, Diff:  0.0, Sum:  0.0, Workers: 4
[4537.433s][debug][gc,phases      ] GC(274)     Dead                           Min: 0, Avg:  0.0, Max: 0, Diff: 0, Sum: 0, Workers: 4
[4537.433s][debug][gc,phases      ] GC(274)     Total                          Min: 0, Avg:  0.0, Max: 0, Diff: 0, Sum: 0, Workers: 4
[4537.433s][debug][gc,phases      ] GC(274) Weak Processing 0.322ms
[4537.433s][debug][gc,age         ] GC(274) Desired survivor size 1048576 bytes, new threshold 15 (max threshold 15)
[4537.433s][info ][gc,heap        ] GC(274) PSYoungGen: 2095520K(2096128K)->384K(2096128K) Eden: 2095104K(2095104K)->0K(2095104K) From: 416K(1024K)->384K(1024K)
[4537.433s][info ][gc,heap        ] GC(274) ParOldGen: 309450K(351232K)->309458K(351232K)
[4537.433s][info ][gc,metaspace   ] GC(274) Metaspace: 85508K(86400K)->85508K(86400K) NonClass: 73030K(73536K)->73030K(73536K) Class: 12477K(12864K)->12477K(12864K)
[4537.433s][info ][gc             ] GC(274) Pause Young (Allocation Failure) 2348M->302M(2390M) 2.064ms
[4537.433s][info ][gc,cpu         ] GC(274) User=0.00s Sys=0.00s Real=0.01s
[4537.433s][info ][safepoint      ] Safepoint "ParallelGCFailedAllocation", Time since last: 4647727884 ns, Reaching safepoint: 4200 ns, Cleanup: 3900 ns, At safepoint: 2158995 ns, Total: 2167095 ns
[4569.281s][info ][gc,start       ] GC(275) Pause Young (Allocation Failure)
[4569.283s][debug][gc,phases      ] GC(275) Scavenge 2.412ms
[4569.283s][debug][gc,ref         ] GC(275) Skipped phase 1 of Reference Processing: no references
[4569.283s][debug][gc,ref         ] GC(275) ReferenceProcessor::execute queues: 1, RefProcThreadModel::Single, marks_oops_alive: false
[4569.283s][debug][gc,ref         ] GC(275) Skipped phase 3 of Reference Processing: no references
[4569.283s][debug][gc,ref         ] GC(275) ReferenceProcessor::execute queues: 1, RefProcThreadModel::Single, marks_oops_alive: false
[4569.283s][debug][gc,phases      ] GC(275) Reference Processing 0.102ms
[4569.284s][debug][gc,phases      ] GC(275)   VM Weak                        Min:  0.0, Avg:  0.0, Max:  0.0, Diff:  0.0, Sum:  0.0, Workers: 4
[4569.284s][debug][gc,phases      ] GC(275)     Dead                           Min: 0, Avg:  0.0, Max: 0, Diff: 0, Sum: 0, Workers: 4
[4569.284s][debug][gc,phases      ] GC(275)     Total                          Min: 0, Avg: 185.5, Max: 486, Diff: 486, Sum: 742, Workers: 4
[4569.284s][debug][gc,phases      ] GC(275)   ObjectSynchronizer Weak        Min:  0.0, Avg:  0.0, Max:  0.0, Diff:  0.0, Sum:  0.0, Workers: 4
[4569.284s][debug][gc,phases      ] GC(275)     Dead                           Min: 0, Avg:  0.0, Max: 0, Diff: 0, Sum: 0, Workers: 4
[4569.284s][debug][gc,phases      ] GC(275)     Total                          Min: 0, Avg:  0.8, Max: 3, Diff: 3, Sum: 3, Workers: 4
[4569.284s][debug][gc,phases      ] GC(275)   JVMTI Tag Weak OopStorage      Min:  0.0, Avg:  0.0, Max:  0.0, Diff:  0.0, Sum:  0.0, Workers: 4
[4569.284s][debug][gc,phases      ] GC(275)     Dead                           Min: 0, Avg:  0.0, Max: 0, Diff: 0, Sum: 0, Workers: 4
[4569.284s][debug][gc,phases      ] GC(275)     Total                          Min: 0, Avg:  0.0, Max: 0, Diff: 0, Sum: 0, Workers: 4
[4569.284s][debug][gc,phases      ] GC(275)   StringTable Weak               Min:  0.0, Avg:  0.1, Max:  0.1, Diff:  0.1, Sum:  0.4, Workers: 4
[4569.284s][debug][gc,phases      ] GC(275)     Dead                           Min: 0, Avg:  0.0, Max: 0, Diff: 0, Sum: 0, Workers: 4
[4569.284s][debug][gc,phases      ] GC(275)     Total                          Min: 0, Avg: 11036.5, Max: 19133, Diff: 19133, Sum: 44146, Workers: 4
[4569.284s][debug][gc,phases      ] GC(275)   ResolvedMethodTable Weak       Min:  0.0, Avg:  0.0, Max:  0.0, Diff:  0.0, Sum:  0.1, Workers: 4
[4569.284s][debug][gc,phases      ] GC(275)     Dead                           Min: 0, Avg:  0.0, Max: 0, Diff: 0, Sum: 0, Workers: 4
[4569.284s][debug][gc,phases      ] GC(275)     Total                          Min: 0, Avg: 2620.5, Max: 4350, Diff: 4350, Sum: 10482, Workers: 4
[4569.284s][debug][gc,phases      ] GC(275)   JNI Weak                       Min:  0.0, Avg:  0.0, Max:  0.0, Diff:  0.0, Sum:  0.0, Workers: 4
[4569.284s][debug][gc,phases      ] GC(275)     Dead                           Min: 0, Avg:  0.0, Max: 0, Diff: 0, Sum: 0, Workers: 4
[4569.284s][debug][gc,phases      ] GC(275)     Total                          Min: 0, Avg: 11.2, Max: 45, Diff: 45, Sum: 45, Workers: 4
[4569.284s][debug][gc,phases      ] GC(275)   StringDedup Table Weak         Min:  0.0, Avg:  0.0, Max:  0.0, Diff:  0.0, Sum:  0.0, Workers: 4
[4569.284s][debug][gc,phases      ] GC(275)     Dead                           Min: 0, Avg:  0.0, Max: 0, Diff: 0, Sum: 0, Workers: 4
[4569.284s][debug][gc,phases      ] GC(275)     Total                          Min: 0, Avg:  0.0, Max: 0, Diff: 0, Sum: 0, Workers: 4
[4569.284s][debug][gc,phases      ] GC(275)   StringDedup Requests0 Weak     Min:  0.0, Avg:  0.0, Max:  0.0, Diff:  0.0, Sum:  0.0, Workers: 4
[4569.284s][debug][gc,phases      ] GC(275)     Dead                           Min: 0, Avg:  0.0, Max: 0, Diff: 0, Sum: 0, Workers: 4
[4569.284s][debug][gc,phases      ] GC(275)     Total                          Min: 0, Avg:  0.0, Max: 0, Diff: 0, Sum: 0, Workers: 4
[4569.284s][debug][gc,phases      ] GC(275)   StringDedup Requests1 Weak     Min:  0.0, Avg:  0.0, Max:  0.0, Diff:  0.0, Sum:  0.0, Workers: 4
[4569.284s][debug][gc,phases      ] GC(275)     Dead                           Min: 0, Avg:  0.0, Max: 0, Diff: 0, Sum: 0, Workers: 4
[4569.284s][debug][gc,phases      ] GC(275)     Total                          Min: 0, Avg:  0.0, Max: 0, Diff: 0, Sum: 0, Workers: 4
[4569.284s][debug][gc,phases      ] GC(275)   Weak JFR Old Object Samples    Min:  0.0, Avg:  0.0, Max:  0.0, Diff:  0.0, Sum:  0.0, Workers: 4
[4569.284s][debug][gc,phases      ] GC(275)     Dead                           Min: 0, Avg:  0.0, Max: 0, Diff: 0, Sum: 0, Workers: 4
[4569.284s][debug][gc,phases      ] GC(275)     Total                          Min: 0, Avg:  0.0, Max: 0, Diff: 0, Sum: 0, Workers: 4
[4569.284s][debug][gc,phases      ] GC(275) Weak Processing 0.359ms
[4569.284s][debug][gc,age         ] GC(275) Desired survivor size 1048576 bytes, new threshold 15 (max threshold 15)
[4569.284s][info ][gc,heap        ] GC(275) PSYoungGen: 2095488K(2096128K)->416K(2096128K) Eden: 2095104K(2095104K)->0K(2095104K) From: 384K(1024K)->416K(1024K)
[4569.284s][info ][gc,heap        ] GC(275) ParOldGen: 309458K(351232K)->309466K(351232K)
[4569.284s][info ][gc,metaspace   ] GC(275) Metaspace: 85508K(86400K)->85508K(86400K) NonClass: 73030K(73536K)->73030K(73536K) Class: 12477K(12864K)->12477K(12864K)
[4569.284s][info ][gc             ] GC(275) Pause Young (Allocation Failure) 2348M->302M(2390M) 2.965ms
[4569.284s][info ][gc,cpu         ] GC(275) User=0.01s Sys=0.00s Real=0.00s
[4569.284s][info ][safepoint      ] Safepoint "ParallelGCFailedAllocation", Time since last: 31847299885 ns, Reaching safepoint: 4200 ns, Cleanup: 4000 ns, At safepoint: 3050493 ns, Total: 3058693 ns
[4601.131s][info ][gc,start       ] GC(276) Pause Young (Allocation Failure)
[4601.133s][debug][gc,phases      ] GC(276) Scavenge 1.458ms
[4601.133s][debug][gc,ref         ] GC(276) Skipped phase 1 of Reference Processing: no references
[4601.133s][debug][gc,ref         ] GC(276) ReferenceProcessor::execute queues: 1, RefProcThreadModel::Single, marks_oops_alive: false
[4601.133s][debug][gc,ref         ] GC(276) Skipped phase 3 of Reference Processing: no references
[4601.133s][debug][gc,ref         ] GC(276) ReferenceProcessor::execute queues: 1, RefProcThreadModel::Single, marks_oops_alive: false
[4601.133s][debug][gc,phases      ] GC(276) Reference Processing 0.084ms
[4601.133s][debug][gc,phases      ] GC(276)   VM Weak                        Min:  0.0, Avg:  0.0, Max:  0.0, Diff:  0.0, Sum:  0.0, Workers: 4
[4601.133s][debug][gc,phases      ] GC(276)     Dead                           Min: 0, Avg:  0.0, Max: 0, Diff: 0, Sum: 0, Workers: 4
[4601.133s][debug][gc,phases      ] GC(276)     Total                          Min: 0, Avg: 185.5, Max: 384, Diff: 384, Sum: 742, Workers: 4
[4601.133s][debug][gc,phases      ] GC(276)   ObjectSynchronizer Weak        Min:  0.0, Avg:  0.0, Max:  0.0, Diff:  0.0, Sum:  0.0, Workers: 4
[4601.133s][debug][gc,phases      ] GC(276)     Dead                           Min: 0, Avg:  0.0, Max: 0, Diff: 0, Sum: 0, Workers: 4
[4601.133s][debug][gc,phases      ] GC(276)     Total                          Min: 0, Avg:  0.8, Max: 3, Diff: 3, Sum: 3, Workers: 4
[4601.133s][debug][gc,phases      ] GC(276)   JVMTI Tag Weak OopStorage      Min:  0.0, Avg:  0.0, Max:  0.0, Diff:  0.0, Sum:  0.0, Workers: 4
[4601.133s][debug][gc,phases      ] GC(276)     Dead                           Min: 0, Avg:  0.0, Max: 0, Diff: 0, Sum: 0, Workers: 4
[4601.133s][debug][gc,phases      ] GC(276)     Total                          Min: 0, Avg:  0.0, Max: 0, Diff: 0, Sum: 0, Workers: 4
[4601.133s][debug][gc,phases      ] GC(276)   StringTable Weak               Min:  0.1, Avg:  0.1, Max:  0.1, Diff:  0.0, Sum:  0.4, Workers: 4
[4601.133s][debug][gc,phases      ] GC(276)     Dead                           Min: 0, Avg:  0.0, Max: 0, Diff: 0, Sum: 0, Workers: 4
[4601.133s][debug][gc,phases      ] GC(276)     Total                          Min: 10686, Avg: 11036.5, Max: 11381, Diff: 695, Sum: 44146, Workers: 4
[4601.133s][debug][gc,phases      ] GC(276)   ResolvedMethodTable Weak       Min:  0.0, Avg:  0.0, Max:  0.0, Diff:  0.0, Sum:  0.1, Workers: 4
[4601.133s][debug][gc,phases      ] GC(276)     Dead                           Min: 0, Avg:  0.0, Max: 0, Diff: 0, Sum: 0, Workers: 4
[4601.133s][debug][gc,phases      ] GC(276)     Total                          Min: 2496, Avg: 2620.5, Max: 2740, Diff: 244, Sum: 10482, Workers: 4
[4601.133s][debug][gc,phases      ] GC(276)   JNI Weak                       Min:  0.0, Avg:  0.0, Max:  0.0, Diff:  0.0, Sum:  0.0, Workers: 4
[4601.133s][debug][gc,phases      ] GC(276)     Dead                           Min: 0, Avg:  0.0, Max: 0, Diff: 0, Sum: 0, Workers: 4
[4601.133s][debug][gc,phases      ] GC(276)     Total                          Min: 0, Avg: 11.2, Max: 45, Diff: 45, Sum: 45, Workers: 4
[4601.133s][debug][gc,phases      ] GC(276)   StringDedup Table Weak         Min:  0.0, Avg:  0.0, Max:  0.0, Diff:  0.0, Sum:  0.0, Workers: 4
[4601.133s][debug][gc,phases      ] GC(276)     Dead                           Min: 0, Avg:  0.0, Max: 0, Diff: 0, Sum: 0, Workers: 4
[4601.133s][debug][gc,phases      ] GC(276)     Total                          Min: 0, Avg:  0.0, Max: 0, Diff: 0, Sum: 0, Workers: 4
[4601.133s][debug][gc,phases      ] GC(276)   StringDedup Requests0 Weak     Min:  0.0, Avg:  0.0, Max:  0.0, Diff:  0.0, Sum:  0.0, Workers: 4
[4601.133s][debug][gc,phases      ] GC(276)     Dead                           Min: 0, Avg:  0.0, Max: 0, Diff: 0, Sum: 0, Workers: 4
[4601.133s][debug][gc,phases      ] GC(276)     Total                          Min: 0, Avg:  0.0, Max: 0, Diff: 0, Sum: 0, Workers: 4
[4601.133s][debug][gc,phases      ] GC(276)   StringDedup Requests1 Weak     Min:  0.0, Avg:  0.0, Max:  0.0, Diff:  0.0, Sum:  0.0, Workers: 4
[4601.133s][debug][gc,phases      ] GC(276)     Dead                           Min: 0, Avg:  0.0, Max: 0, Diff: 0, Sum: 0, Workers: 4
[4601.133s][debug][gc,phases      ] GC(276)     Total                          Min: 0, Avg:  0.0, Max: 0, Diff: 0, Sum: 0, Workers: 4
[4601.133s][debug][gc,phases      ] GC(276)   Weak JFR Old Object Samples    Min:  0.0, Avg:  0.0, Max:  0.0, Diff:  0.0, Sum:  0.0, Workers: 4
[4601.133s][debug][gc,phases      ] GC(276)     Dead                           Min: 0, Avg:  0.0, Max: 0, Diff: 0, Sum: 0, Workers: 4
[4601.133s][debug][gc,phases      ] GC(276)     Total                          Min: 0, Avg:  0.0, Max: 0, Diff: 0, Sum: 0, Workers: 4
[4601.133s][debug][gc,phases      ] GC(276) Weak Processing 0.302ms
[4601.133s][debug][gc,age         ] GC(276) Desired survivor size 1048576 bytes, new threshold 15 (max threshold 15)
[4601.133s][info ][gc,heap        ] GC(276) PSYoungGen: 2095520K(2096128K)->416K(2096128K) Eden: 2095104K(2095104K)->0K(2095104K) From: 416K(1024K)->416K(1024K)
[4601.133s][info ][gc,heap        ] GC(276) ParOldGen: 309466K(351232K)->309474K(351232K)
[4601.133s][info ][gc,metaspace   ] GC(276) Metaspace: 85508K(86400K)->85508K(86400K) NonClass: 73030K(73536K)->73030K(73536K) Class: 12477K(12864K)->12477K(12864K)
[4601.133s][info ][gc             ] GC(276) Pause Young (Allocation Failure) 2348M->302M(2390M) 1.927ms
[4601.133s][info ][gc,cpu         ] GC(276) User=0.00s Sys=0.00s Real=0.01s
[4601.133s][info ][safepoint      ] Safepoint "ParallelGCFailedAllocation", Time since last: 31847192034 ns, Reaching safepoint: 4800 ns, Cleanup: 4000 ns, At safepoint: 2009296 ns, Total: 2018096 ns
[4632.981s][info ][gc,start       ] GC(277) Pause Young (Allocation Failure)
[4632.983s][debug][gc,phases      ] GC(277) Scavenge 2.121ms
[4632.983s][debug][gc,ref         ] GC(277) Skipped phase 1 of Reference Processing: no references
[4632.983s][debug][gc,ref         ] GC(277) ReferenceProcessor::execute queues: 1, RefProcThreadModel::Single, marks_oops_alive: false
[4632.983s][debug][gc,ref         ] GC(277) Skipped phase 3 of Reference Processing: no references
[4632.983s][debug][gc,ref         ] GC(277) ReferenceProcessor::execute queues: 1, RefProcThreadModel::Single, marks_oops_alive: false
[4632.983s][debug][gc,phases      ] GC(277) Reference Processing 0.095ms
[4632.984s][debug][gc,phases      ] GC(277)   VM Weak                        Min:  0.0, Avg:  0.0, Max:  0.0, Diff:  0.0, Sum:  0.0, Workers: 4
[4632.984s][debug][gc,phases      ] GC(277)     Dead                           Min: 0, Avg:  0.0, Max: 0, Diff: 0, Sum: 0, Workers: 4
[4632.984s][debug][gc,phases      ] GC(277)     Total                          Min: 0, Avg: 185.5, Max: 384, Diff: 384, Sum: 742, Workers: 4
[4632.984s][debug][gc,phases      ] GC(277)   ObjectSynchronizer Weak        Min:  0.0, Avg:  0.0, Max:  0.0, Diff:  0.0, Sum:  0.0, Workers: 4
[4632.984s][debug][gc,phases      ] GC(277)     Dead                           Min: 0, Avg:  0.0, Max: 0, Diff: 0, Sum: 0, Workers: 4
[4632.984s][debug][gc,phases      ] GC(277)     Total                          Min: 0, Avg:  0.8, Max: 3, Diff: 3, Sum: 3, Workers: 4
[4632.984s][debug][gc,phases      ] GC(277)   JVMTI Tag Weak OopStorage      Min:  0.0, Avg:  0.0, Max:  0.0, Diff:  0.0, Sum:  0.0, Workers: 4
[4632.984s][debug][gc,phases      ] GC(277)     Dead                           Min: 0, Avg:  0.0, Max: 0, Diff: 0, Sum: 0, Workers: 4
[4632.984s][debug][gc,phases      ] GC(277)     Total                          Min: 0, Avg:  0.0, Max: 0, Diff: 0, Sum: 0, Workers: 4
[4632.984s][debug][gc,phases      ] GC(277)   StringTable Weak               Min:  0.0, Avg:  0.1, Max:  0.1, Diff:  0.1, Sum:  0.4, Workers: 4
[4632.984s][debug][gc,phases      ] GC(277)     Dead                           Min: 0, Avg:  0.0, Max: 0, Diff: 0, Sum: 0, Workers: 4
[4632.984s][debug][gc,phases      ] GC(277)     Total                          Min: 0, Avg: 11036.5, Max: 19507, Diff: 19507, Sum: 44146, Workers: 4
[4632.984s][debug][gc,phases      ] GC(277)   ResolvedMethodTable Weak       Min:  0.0, Avg:  0.0, Max:  0.0, Diff:  0.0, Sum:  0.1, Workers: 4
[4632.984s][debug][gc,phases      ] GC(277)     Dead                           Min: 0, Avg:  0.0, Max: 0, Diff: 0, Sum: 0, Workers: 4
[4632.984s][debug][gc,phases      ] GC(277)     Total                          Min: 0, Avg: 2620.5, Max: 4660, Diff: 4660, Sum: 10482, Workers: 4
[4632.984s][debug][gc,phases      ] GC(277)   JNI Weak                       Min:  0.0, Avg:  0.0, Max:  0.0, Diff:  0.0, Sum:  0.0, Workers: 4
[4632.984s][debug][gc,phases      ] GC(277)     Dead                           Min: 0, Avg:  0.0, Max: 0, Diff: 0, Sum: 0, Workers: 4
[4632.984s][debug][gc,phases      ] GC(277)     Total                          Min: 0, Avg: 11.2, Max: 45, Diff: 45, Sum: 45, Workers: 4
[4632.984s][debug][gc,phases      ] GC(277)   StringDedup Table Weak         Min:  0.0, Avg:  0.0, Max:  0.0, Diff:  0.0, Sum:  0.0, Workers: 4
[4632.984s][debug][gc,phases      ] GC(277)     Dead                           Min: 0, Avg:  0.0, Max: 0, Diff: 0, Sum: 0, Workers: 4
[4632.984s][debug][gc,phases      ] GC(277)     Total                          Min: 0, Avg:  0.0, Max: 0, Diff: 0, Sum: 0, Workers: 4
[4632.984s][debug][gc,phases      ] GC(277)   StringDedup Requests0 Weak     Min:  0.0, Avg:  0.0, Max:  0.0, Diff:  0.0, Sum:  0.0, Workers: 4
[4632.984s][debug][gc,phases      ] GC(277)     Dead                           Min: 0, Avg:  0.0, Max: 0, Diff: 0, Sum: 0, Workers: 4
[4632.984s][debug][gc,phases      ] GC(277)     Total                          Min: 0, Avg:  0.0, Max: 0, Diff: 0, Sum: 0, Workers: 4
[4632.984s][debug][gc,phases      ] GC(277)   StringDedup Requests1 Weak     Min:  0.0, Avg:  0.0, Max:  0.0, Diff:  0.0, Sum:  0.0, Workers: 4
[4632.984s][debug][gc,phases      ] GC(277)     Dead                           Min: 0, Avg:  0.0, Max: 0, Diff: 0, Sum: 0, Workers: 4
[4632.984s][debug][gc,phases      ] GC(277)     Total                          Min: 0, Avg:  0.0, Max: 0, Diff: 0, Sum: 0, Workers: 4
[4632.984s][debug][gc,phases      ] GC(277)   Weak JFR Old Object Samples    Min:  0.0, Avg:  0.0, Max:  0.0, Diff:  0.0, Sum:  0.0, Workers: 4
[4632.984s][debug][gc,phases      ] GC(277)     Dead                           Min: 0, Avg:  0.0, Max: 0, Diff: 0, Sum: 0, Workers: 4
[4632.984s][debug][gc,phases      ] GC(277)     Total                          Min: 0, Avg:  0.0, Max: 0, Diff: 0, Sum: 0, Workers: 4
[4632.984s][debug][gc,phases      ] GC(277) Weak Processing 0.356ms
[4632.984s][debug][gc,age         ] GC(277) Desired survivor size 1048576 bytes, new threshold 15 (max threshold 15)
[4632.984s][info ][gc,heap        ] GC(277) PSYoungGen: 2095520K(2096128K)->384K(2096128K) Eden: 2095104K(2095104K)->0K(2095104K) From: 416K(1024K)->384K(1024K)
[4632.984s][info ][gc,heap        ] GC(277) ParOldGen: 309474K(351232K)->309482K(351232K)
[4632.984s][info ][gc,metaspace   ] GC(277) Metaspace: 85508K(86400K)->85508K(86400K) NonClass: 73030K(73536K)->73030K(73536K) Class: 12477K(12864K)->12477K(12864K)
[4632.984s][info ][gc             ] GC(277) Pause Young (Allocation Failure) 2348M->302M(2390M) 2.661ms
[4632.984s][info ][gc,cpu         ] GC(277) User=0.00s Sys=0.00s Real=0.00s
[4632.984s][info ][safepoint      ] Safepoint "ParallelGCFailedAllocation", Time since last: 31848042701 ns, Reaching safepoint: 3900 ns, Cleanup: 4400 ns, At safepoint: 2743394 ns, Total: 2751694 ns
[4664.832s][info ][gc,start       ] GC(278) Pause Young (Allocation Failure)
[4664.834s][debug][gc,phases      ] GC(278) Scavenge 2.453ms
[4664.834s][debug][gc,ref         ] GC(278) Skipped phase 1 of Reference Processing: no references
[4664.834s][debug][gc,ref         ] GC(278) ReferenceProcessor::execute queues: 1, RefProcThreadModel::Single, marks_oops_alive: false
[4664.834s][debug][gc,ref         ] GC(278) Skipped phase 3 of Reference Processing: no references
[4664.834s][debug][gc,ref         ] GC(278) ReferenceProcessor::execute queues: 1, RefProcThreadModel::Single, marks_oops_alive: false
[4664.834s][debug][gc,phases      ] GC(278) Reference Processing 0.131ms
[4664.834s][debug][gc,phases      ] GC(278)   VM Weak                        Min:  0.0, Avg:  0.0, Max:  0.0, Diff:  0.0, Sum:  0.0, Workers: 4
[4664.835s][debug][gc,phases      ] GC(278)     Dead                           Min: 0, Avg:  0.0, Max: 0, Diff: 0, Sum: 0, Workers: 4
[4664.835s][debug][gc,phases      ] GC(278)     Total                          Min: 0, Avg: 185.5, Max: 678, Diff: 678, Sum: 742, Workers: 4
[4664.835s][debug][gc,phases      ] GC(278)   ObjectSynchronizer Weak        Min:  0.0, Avg:  0.0, Max:  0.0, Diff:  0.0, Sum:  0.0, Workers: 4
[4664.835s][debug][gc,phases      ] GC(278)     Dead                           Min: 0, Avg:  0.0, Max: 0, Diff: 0, Sum: 0, Workers: 4
[4664.835s][debug][gc,phases      ] GC(278)     Total                          Min: 0, Avg:  0.8, Max: 3, Diff: 3, Sum: 3, Workers: 4
[4664.835s][debug][gc,phases      ] GC(278)   JVMTI Tag Weak OopStorage      Min:  0.0, Avg:  0.0, Max:  0.0, Diff:  0.0, Sum:  0.0, Workers: 4
[4664.835s][debug][gc,phases      ] GC(278)     Dead                           Min: 0, Avg:  0.0, Max: 0, Diff: 0, Sum: 0, Workers: 4
[4664.835s][debug][gc,phases      ] GC(278)     Total                          Min: 0, Avg:  0.0, Max: 0, Diff: 0, Sum: 0, Workers: 4
[4664.835s][debug][gc,phases      ] GC(278)   StringTable Weak               Min:  0.0, Avg:  0.1, Max:  0.1, Diff:  0.1, Sum:  0.4, Workers: 4
[4664.835s][debug][gc,phases      ] GC(278)     Dead                           Min: 0, Avg:  0.0, Max: 0, Diff: 0, Sum: 0, Workers: 4
[4664.835s][debug][gc,phases      ] GC(278)     Total                          Min: 0, Avg: 11036.5, Max: 18878, Diff: 18878, Sum: 44146, Workers: 4
[4664.835s][debug][gc,phases      ] GC(278)   ResolvedMethodTable Weak       Min:  0.0, Avg:  0.0, Max:  0.0, Diff:  0.0, Sum:  0.1, Workers: 4
[4664.835s][debug][gc,phases      ] GC(278)     Dead                           Min: 0, Avg:  0.0, Max: 0, Diff: 0, Sum: 0, Workers: 4
[4664.835s][debug][gc,phases      ] GC(278)     Total                          Min: 0, Avg: 2620.5, Max: 3956, Diff: 3956, Sum: 10482, Workers: 4
[4664.835s][debug][gc,phases      ] GC(278)   JNI Weak                       Min:  0.0, Avg:  0.0, Max:  0.0, Diff:  0.0, Sum:  0.0, Workers: 4
[4664.835s][debug][gc,phases      ] GC(278)     Dead                           Min: 0, Avg:  0.0, Max: 0, Diff: 0, Sum: 0, Workers: 4
[4664.835s][debug][gc,phases      ] GC(278)     Total                          Min: 0, Avg: 11.2, Max: 45, Diff: 45, Sum: 45, Workers: 4
[4664.835s][debug][gc,phases      ] GC(278)   StringDedup Table Weak         Min:  0.0, Avg:  0.0, Max:  0.0, Diff:  0.0, Sum:  0.0, Workers: 4
[4664.835s][debug][gc,phases      ] GC(278)     Dead                           Min: 0, Avg:  0.0, Max: 0, Diff: 0, Sum: 0, Workers: 4
[4664.835s][debug][gc,phases      ] GC(278)     Total                          Min: 0, Avg:  0.0, Max: 0, Diff: 0, Sum: 0, Workers: 4
[4664.835s][debug][gc,phases      ] GC(278)   StringDedup Requests0 Weak     Min:  0.0, Avg:  0.0, Max:  0.0, Diff:  0.0, Sum:  0.0, Workers: 4
[4664.835s][debug][gc,phases      ] GC(278)     Dead                           Min: 0, Avg:  0.0, Max: 0, Diff: 0, Sum: 0, Workers: 4
[4664.835s][debug][gc,phases      ] GC(278)     Total                          Min: 0, Avg:  0.0, Max: 0, Diff: 0, Sum: 0, Workers: 4
[4664.835s][debug][gc,phases      ] GC(278)   StringDedup Requests1 Weak     Min:  0.0, Avg:  0.0, Max:  0.0, Diff:  0.0, Sum:  0.0, Workers: 4
[4664.835s][debug][gc,phases      ] GC(278)     Dead                           Min: 0, Avg:  0.0, Max: 0, Diff: 0, Sum: 0, Workers: 4
[4664.835s][debug][gc,phases      ] GC(278)     Total                          Min: 0, Avg:  0.0, Max: 0, Diff: 0, Sum: 0, Workers: 4
[4664.835s][debug][gc,phases      ] GC(278)   Weak JFR Old Object Samples    Min:  0.0, Avg:  0.0, Max:  0.0, Diff:  0.0, Sum:  0.0, Workers: 4
[4664.835s][debug][gc,phases      ] GC(278)     Dead                           Min: 0, Avg:  0.0, Max: 0, Diff: 0, Sum: 0, Workers: 4
[4664.835s][debug][gc,phases      ] GC(278)     Total                          Min: 0, Avg:  0.0, Max: 0, Diff: 0, Sum: 0, Workers: 4
[4664.835s][debug][gc,phases      ] GC(278) Weak Processing 0.342ms
[4664.835s][debug][gc,age         ] GC(278) Desired survivor size 1048576 bytes, new threshold 15 (max threshold 15)
[4664.835s][info ][gc,heap        ] GC(278) PSYoungGen: 2095488K(2096128K)->416K(2096128K) Eden: 2095104K(2095104K)->0K(2095104K) From: 384K(1024K)->416K(1024K)
[4664.835s][info ][gc,heap        ] GC(278) ParOldGen: 309482K(351232K)->309490K(351232K)
[4664.835s][info ][gc,metaspace   ] GC(278) Metaspace: 85508K(86400K)->85508K(86400K) NonClass: 73030K(73536K)->73030K(73536K) Class: 12477K(12864K)->12477K(12864K)
[4664.835s][info ][gc             ] GC(278) Pause Young (Allocation Failure) 2348M->302M(2390M) 3.019ms
[4664.835s][info ][gc,cpu         ] GC(278) User=0.01s Sys=0.00s Real=0.01s
[4664.835s][info ][safepoint      ] Safepoint "ParallelGCFailedAllocation", Time since last: 31847699119 ns, Reaching safepoint: 6000 ns, Cleanup: 4800 ns, At safepoint: 3119693 ns, Total: 3130493 ns
[4696.682s][info ][gc,start       ] GC(279) Pause Young (Allocation Failure)
[4696.684s][debug][gc,phases      ] GC(279) Scavenge 2.185ms
[4696.684s][debug][gc,ref         ] GC(279) Skipped phase 1 of Reference Processing: no references
[4696.684s][debug][gc,ref         ] GC(279) ReferenceProcessor::execute queues: 1, RefProcThreadModel::Single, marks_oops_alive: false
[4696.684s][debug][gc,ref         ] GC(279) Skipped phase 3 of Reference Processing: no references
[4696.684s][debug][gc,ref         ] GC(279) ReferenceProcessor::execute queues: 1, RefProcThreadModel::Single, marks_oops_alive: false
[4696.684s][debug][gc,phases      ] GC(279) Reference Processing 0.099ms
[4696.684s][debug][gc,phases      ] GC(279)   VM Weak                        Min:  0.0, Avg:  0.0, Max:  0.0, Diff:  0.0, Sum:  0.0, Workers: 4
[4696.684s][debug][gc,phases      ] GC(279)     Dead                           Min: 0, Avg:  0.0, Max: 0, Diff: 0, Sum: 0, Workers: 4
[4696.684s][debug][gc,phases      ] GC(279)     Total                          Min: 0, Avg: 185.5, Max: 704, Diff: 704, Sum: 742, Workers: 4
[4696.684s][debug][gc,phases      ] GC(279)   ObjectSynchronizer Weak        Min:  0.0, Avg:  0.0, Max:  0.0, Diff:  0.0, Sum:  0.0, Workers: 4
[4696.684s][debug][gc,phases      ] GC(279)     Dead                           Min: 0, Avg:  0.0, Max: 0, Diff: 0, Sum: 0, Workers: 4
[4696.684s][debug][gc,phases      ] GC(279)     Total                          Min: 0, Avg:  0.8, Max: 3, Diff: 3, Sum: 3, Workers: 4
[4696.684s][debug][gc,phases      ] GC(279)   JVMTI Tag Weak OopStorage      Min:  0.0, Avg:  0.0, Max:  0.0, Diff:  0.0, Sum:  0.0, Workers: 4
[4696.684s][debug][gc,phases      ] GC(279)     Dead                           Min: 0, Avg:  0.0, Max: 0, Diff: 0, Sum: 0, Workers: 4
[4696.684s][debug][gc,phases      ] GC(279)     Total                          Min: 0, Avg:  0.0, Max: 0, Diff: 0, Sum: 0, Workers: 4
[4696.684s][debug][gc,phases      ] GC(279)   StringTable Weak               Min:  0.0, Avg:  0.1, Max:  0.1, Diff:  0.1, Sum:  0.4, Workers: 4
[4696.684s][debug][gc,phases      ] GC(279)     Dead                           Min: 0, Avg:  0.0, Max: 0, Diff: 0, Sum: 0, Workers: 4
[4696.684s][debug][gc,phases      ] GC(279)     Total                          Min: 0, Avg: 11036.5, Max: 18814, Diff: 18814, Sum: 44146, Workers: 4
[4696.684s][debug][gc,phases      ] GC(279)   ResolvedMethodTable Weak       Min:  0.0, Avg:  0.0, Max:  0.0, Diff:  0.0, Sum:  0.1, Workers: 4
[4696.684s][debug][gc,phases      ] GC(279)     Dead                           Min: 0, Avg:  0.0, Max: 0, Diff: 0, Sum: 0, Workers: 4
[4696.684s][debug][gc,phases      ] GC(279)     Total                          Min: 0, Avg: 2620.5, Max: 4478, Diff: 4478, Sum: 10482, Workers: 4
[4696.684s][debug][gc,phases      ] GC(279)   JNI Weak                       Min:  0.0, Avg:  0.0, Max:  0.0, Diff:  0.0, Sum:  0.0, Workers: 4
[4696.684s][debug][gc,phases      ] GC(279)     Dead                           Min: 0, Avg:  0.0, Max: 0, Diff: 0, Sum: 0, Workers: 4
[4696.684s][debug][gc,phases      ] GC(279)     Total                          Min: 0, Avg: 11.2, Max: 45, Diff: 45, Sum: 45, Workers: 4
[4696.684s][debug][gc,phases      ] GC(279)   StringDedup Table Weak         Min:  0.0, Avg:  0.0, Max:  0.0, Diff:  0.0, Sum:  0.0, Workers: 4
[4696.684s][debug][gc,phases      ] GC(279)     Dead                           Min: 0, Avg:  0.0, Max: 0, Diff: 0, Sum: 0, Workers: 4
[4696.684s][debug][gc,phases      ] GC(279)     Total                          Min: 0, Avg:  0.0, Max: 0, Diff: 0, Sum: 0, Workers: 4
[4696.684s][debug][gc,phases      ] GC(279)   StringDedup Requests0 Weak     Min:  0.0, Avg:  0.0, Max:  0.0, Diff:  0.0, Sum:  0.0, Workers: 4
[4696.684s][debug][gc,phases      ] GC(279)     Dead                           Min: 0, Avg:  0.0, Max: 0, Diff: 0, Sum: 0, Workers: 4
[4696.684s][debug][gc,phases      ] GC(279)     Total                          Min: 0, Avg:  0.0, Max: 0, Diff: 0, Sum: 0, Workers: 4
[4696.684s][debug][gc,phases      ] GC(279)   StringDedup Requests1 Weak     Min:  0.0, Avg:  0.0, Max:  0.0, Diff:  0.0, Sum:  0.0, Workers: 4
[4696.684s][debug][gc,phases      ] GC(279)     Dead                           Min: 0, Avg:  0.0, Max: 0, Diff: 0, Sum: 0, Workers: 4
[4696.684s][debug][gc,phases      ] GC(279)     Total                          Min: 0, Avg:  0.0, Max: 0, Diff: 0, Sum: 0, Workers: 4
[4696.684s][debug][gc,phases      ] GC(279)   Weak JFR Old Object Samples    Min:  0.0, Avg:  0.0, Max:  0.0, Diff:  0.0, Sum:  0.0, Workers: 4
[4696.684s][debug][gc,phases      ] GC(279)     Dead                           Min: 0, Avg:  0.0, Max: 0, Diff: 0, Sum: 0, Workers: 4
[4696.684s][debug][gc,phases      ] GC(279)     Total                          Min: 0, Avg:  0.0, Max: 0, Diff: 0, Sum: 0, Workers: 4
[4696.684s][debug][gc,phases      ] GC(279) Weak Processing 0.342ms
[4696.684s][debug][gc,age         ] GC(279) Desired survivor size 1048576 bytes, new threshold 15 (max threshold 15)
[4696.684s][info ][gc,heap        ] GC(279) PSYoungGen: 2095520K(2096128K)->416K(2096128K) Eden: 2095104K(2095104K)->0K(2095104K) From: 416K(1024K)->416K(1024K)
[4696.684s][info ][gc,heap        ] GC(279) ParOldGen: 309490K(351232K)->309506K(351232K)
[4696.684s][info ][gc,metaspace   ] GC(279) Metaspace: 85508K(86400K)->85508K(86400K) NonClass: 73030K(73536K)->73030K(73536K) Class: 12477K(12864K)->12477K(12864K)
[4696.684s][info ][gc             ] GC(279) Pause Young (Allocation Failure) 2348M->302M(2390M) 2.716ms
[4696.684s][info ][gc,cpu         ] GC(279) User=0.01s Sys=0.00s Real=0.00s
[4696.684s][info ][safepoint      ] Safepoint "ParallelGCFailedAllocation", Time since last: 31846970161 ns, Reaching safepoint: 4200 ns, Cleanup: 3900 ns, At safepoint: 2798494 ns, Total: 2806594 ns
[4728.578s][info ][gc,start       ] GC(280) Pause Young (Allocation Failure)
[4728.580s][debug][gc,phases      ] GC(280) Scavenge 1.402ms
[4728.580s][debug][gc,ref         ] GC(280) Skipped phase 1 of Reference Processing: no references
[4728.580s][debug][gc,ref         ] GC(280) ReferenceProcessor::execute queues: 1, RefProcThreadModel::Single, marks_oops_alive: false
[4728.580s][debug][gc,ref         ] GC(280) Skipped phase 3 of Reference Processing: no references
[4728.580s][debug][gc,ref         ] GC(280) ReferenceProcessor::execute queues: 1, RefProcThreadModel::Single, marks_oops_alive: false
[4728.580s][debug][gc,phases      ] GC(280) Reference Processing 0.093ms
[4728.580s][debug][gc,phases      ] GC(280)   VM Weak                        Min:  0.0, Avg:  0.0, Max:  0.0, Diff:  0.0, Sum:  0.0, Workers: 4
[4728.580s][debug][gc,phases      ] GC(280)     Dead                           Min: 0, Avg:  0.0, Max: 0, Diff: 0, Sum: 0, Workers: 4
[4728.580s][debug][gc,phases      ] GC(280)     Total                          Min: 0, Avg: 185.5, Max: 576, Diff: 576, Sum: 742, Workers: 4
[4728.580s][debug][gc,phases      ] GC(280)   ObjectSynchronizer Weak        Min:  0.0, Avg:  0.0, Max:  0.0, Diff:  0.0, Sum:  0.0, Workers: 4
[4728.580s][debug][gc,phases      ] GC(280)     Dead                           Min: 0, Avg:  0.0, Max: 0, Diff: 0, Sum: 0, Workers: 4
[4728.580s][debug][gc,phases      ] GC(280)     Total                          Min: 0, Avg:  0.8, Max: 3, Diff: 3, Sum: 3, Workers: 4
[4728.580s][debug][gc,phases      ] GC(280)   JVMTI Tag Weak OopStorage      Min:  0.0, Avg:  0.0, Max:  0.0, Diff:  0.0, Sum:  0.0, Workers: 4
[4728.580s][debug][gc,phases      ] GC(280)     Dead                           Min: 0, Avg:  0.0, Max: 0, Diff: 0, Sum: 0, Workers: 4
[4728.580s][debug][gc,phases      ] GC(280)     Total                          Min: 0, Avg:  0.0, Max: 0, Diff: 0, Sum: 0, Workers: 4
[4728.580s][debug][gc,phases      ] GC(280)   StringTable Weak               Min:  0.0, Avg:  0.1, Max:  0.1, Diff:  0.1, Sum:  0.4, Workers: 4
[4728.580s][debug][gc,phases      ] GC(280)     Dead                           Min: 0, Avg:  0.0, Max: 0, Diff: 0, Sum: 0, Workers: 4
[4728.580s][debug][gc,phases      ] GC(280)     Total                          Min: 0, Avg: 11036.5, Max: 18750, Diff: 18750, Sum: 44146, Workers: 4
[4728.580s][debug][gc,phases      ] GC(280)   ResolvedMethodTable Weak       Min:  0.0, Avg:  0.0, Max:  0.0, Diff:  0.0, Sum:  0.1, Workers: 4
[4728.580s][debug][gc,phases      ] GC(280)     Dead                           Min: 0, Avg:  0.0, Max: 0, Diff: 0, Sum: 0, Workers: 4
[4728.580s][debug][gc,phases      ] GC(280)     Total                          Min: 0, Avg: 2620.5, Max: 4660, Diff: 4660, Sum: 10482, Workers: 4
[4728.580s][debug][gc,phases      ] GC(280)   JNI Weak                       Min:  0.0, Avg:  0.0, Max:  0.0, Diff:  0.0, Sum:  0.0, Workers: 4
[4728.580s][debug][gc,phases      ] GC(280)     Dead                           Min: 0, Avg:  0.0, Max: 0, Diff: 0, Sum: 0, Workers: 4
[4728.580s][debug][gc,phases      ] GC(280)     Total                          Min: 0, Avg: 11.2, Max: 45, Diff: 45, Sum: 45, Workers: 4
[4728.580s][debug][gc,phases      ] GC(280)   StringDedup Table Weak         Min:  0.0, Avg:  0.0, Max:  0.0, Diff:  0.0, Sum:  0.0, Workers: 4
[4728.580s][debug][gc,phases      ] GC(280)     Dead                           Min: 0, Avg:  0.0, Max: 0, Diff: 0, Sum: 0, Workers: 4
[4728.580s][debug][gc,phases      ] GC(280)     Total                          Min: 0, Avg:  0.0, Max: 0, Diff: 0, Sum: 0, Workers: 4
[4728.580s][debug][gc,phases      ] GC(280)   StringDedup Requests0 Weak     Min:  0.0, Avg:  0.0, Max:  0.0, Diff:  0.0, Sum:  0.0, Workers: 4
[4728.580s][debug][gc,phases      ] GC(280)     Dead                           Min: 0, Avg:  0.0, Max: 0, Diff: 0, Sum: 0, Workers: 4
[4728.580s][debug][gc,phases      ] GC(280)     Total                          Min: 0, Avg:  0.0, Max: 0, Diff: 0, Sum: 0, Workers: 4
[4728.580s][debug][gc,phases      ] GC(280)   StringDedup Requests1 Weak     Min:  0.0, Avg:  0.0, Max:  0.0, Diff:  0.0, Sum:  0.0, Workers: 4
[4728.580s][debug][gc,phases      ] GC(280)     Dead                           Min: 0, Avg:  0.0, Max: 0, Diff: 0, Sum: 0, Workers: 4
[4728.580s][debug][gc,phases      ] GC(280)     Total                          Min: 0, Avg:  0.0, Max: 0, Diff: 0, Sum: 0, Workers: 4
[4728.580s][debug][gc,phases      ] GC(280)   Weak JFR Old Object Samples    Min:  0.0, Avg:  0.0, Max:  0.0, Diff:  0.0, Sum:  0.0, Workers: 4
[4728.580s][debug][gc,phases      ] GC(280)     Dead                           Min: 0, Avg:  0.0, Max: 0, Diff: 0, Sum: 0, Workers: 4
[4728.580s][debug][gc,phases      ] GC(280)     Total                          Min: 0, Avg:  0.0, Max: 0, Diff: 0, Sum: 0, Workers: 4
[4728.580s][debug][gc,phases      ] GC(280) Weak Processing 0.343ms
[4728.580s][debug][gc,age         ] GC(280) Desired survivor size 1048576 bytes, new threshold 15 (max threshold 15)
[4728.580s][info ][gc,heap        ] GC(280) PSYoungGen: 2095520K(2096128K)->416K(2096128K) Eden: 2095104K(2095104K)->0K(2095104K) From: 416K(1024K)->416K(1024K)
[4728.580s][info ][gc,heap        ] GC(280) ParOldGen: 309506K(351232K)->309514K(351232K)
[4728.580s][info ][gc,metaspace   ] GC(280) Metaspace: 85508K(86400K)->85508K(86400K) NonClass: 73030K(73536K)->73030K(73536K) Class: 12477K(12864K)->12477K(12864K)
[4728.580s][info ][gc             ] GC(280) Pause Young (Allocation Failure) 2348M->302M(2390M) 1.939ms
[4728.580s][info ][gc,cpu         ] GC(280) User=0.01s Sys=0.00s Real=0.01s
[4728.580s][info ][safepoint      ] Safepoint "ParallelGCFailedAllocation", Time since last: 31893898685 ns, Reaching safepoint: 3800 ns, Cleanup: 3900 ns, At safepoint: 2028695 ns, Total: 2036395 ns
[4760.381s][info ][gc,start       ] GC(281) Pause Young (Allocation Failure)
[4760.383s][debug][gc,phases      ] GC(281) Scavenge 2.138ms
[4760.383s][debug][gc,ref         ] GC(281) Skipped phase 1 of Reference Processing: no references
[4760.383s][debug][gc,ref         ] GC(281) ReferenceProcessor::execute queues: 1, RefProcThreadModel::Single, marks_oops_alive: false
[4760.383s][debug][gc,ref         ] GC(281) Skipped phase 3 of Reference Processing: no references
[4760.383s][debug][gc,ref         ] GC(281) ReferenceProcessor::execute queues: 1, RefProcThreadModel::Single, marks_oops_alive: false
[4760.383s][debug][gc,phases      ] GC(281) Reference Processing 0.091ms
[4760.384s][debug][gc,phases      ] GC(281)   VM Weak                        Min:  0.0, Avg:  0.0, Max:  0.0, Diff:  0.0, Sum:  0.0, Workers: 4
[4760.384s][debug][gc,phases      ] GC(281)     Dead                           Min: 0, Avg:  0.0, Max: 0, Diff: 0, Sum: 0, Workers: 4
[4760.384s][debug][gc,phases      ] GC(281)     Total                          Min: 0, Avg: 185.5, Max: 614, Diff: 614, Sum: 742, Workers: 4
[4760.384s][debug][gc,phases      ] GC(281)   ObjectSynchronizer Weak        Min:  0.0, Avg:  0.0, Max:  0.0, Diff:  0.0, Sum:  0.0, Workers: 4
[4760.384s][debug][gc,phases      ] GC(281)     Dead                           Min: 0, Avg:  0.0, Max: 0, Diff: 0, Sum: 0, Workers: 4
[4760.384s][debug][gc,phases      ] GC(281)     Total                          Min: 0, Avg:  0.8, Max: 3, Diff: 3, Sum: 3, Workers: 4
[4760.384s][debug][gc,phases      ] GC(281)   JVMTI Tag Weak OopStorage      Min:  0.0, Avg:  0.0, Max:  0.0, Diff:  0.0, Sum:  0.0, Workers: 4
[4760.384s][debug][gc,phases      ] GC(281)     Dead                           Min: 0, Avg:  0.0, Max: 0, Diff: 0, Sum: 0, Workers: 4
[4760.384s][debug][gc,phases      ] GC(281)     Total                          Min: 0, Avg:  0.0, Max: 0, Diff: 0, Sum: 0, Workers: 4
[4760.384s][debug][gc,phases      ] GC(281)   StringTable Weak               Min:  0.0, Avg:  0.1, Max:  0.1, Diff:  0.1, Sum:  0.4, Workers: 4
[4760.384s][debug][gc,phases      ] GC(281)     Dead                           Min: 0, Avg:  0.0, Max: 0, Diff: 0, Sum: 0, Workers: 4
[4760.384s][debug][gc,phases      ] GC(281)     Total                          Min: 0, Avg: 11036.5, Max: 19124, Diff: 19124, Sum: 44146, Workers: 4
[4760.384s][debug][gc,phases      ] GC(281)   ResolvedMethodTable Weak       Min:  0.0, Avg:  0.0, Max:  0.0, Diff:  0.0, Sum:  0.1, Workers: 4
[4760.384s][debug][gc,phases      ] GC(281)     Dead                           Min: 0, Avg:  0.0, Max: 0, Diff: 0, Sum: 0, Workers: 4
[4760.384s][debug][gc,phases      ] GC(281)     Total                          Min: 0, Avg: 2620.5, Max: 4660, Diff: 4660, Sum: 10482, Workers: 4
[4760.384s][debug][gc,phases      ] GC(281)   JNI Weak                       Min:  0.0, Avg:  0.0, Max:  0.0, Diff:  0.0, Sum:  0.0, Workers: 4
[4760.384s][debug][gc,phases      ] GC(281)     Dead                           Min: 0, Avg:  0.0, Max: 0, Diff: 0, Sum: 0, Workers: 4
[4760.384s][debug][gc,phases      ] GC(281)     Total                          Min: 0, Avg: 11.2, Max: 45, Diff: 45, Sum: 45, Workers: 4
[4760.384s][debug][gc,phases      ] GC(281)   StringDedup Table Weak         Min:  0.0, Avg:  0.0, Max:  0.0, Diff:  0.0, Sum:  0.0, Workers: 4
[4760.384s][debug][gc,phases      ] GC(281)     Dead                           Min: 0, Avg:  0.0, Max: 0, Diff: 0, Sum: 0, Workers: 4
[4760.384s][debug][gc,phases      ] GC(281)     Total                          Min: 0, Avg:  0.0, Max: 0, Diff: 0, Sum: 0, Workers: 4
[4760.384s][debug][gc,phases      ] GC(281)   StringDedup Requests0 Weak     Min:  0.0, Avg:  0.0, Max:  0.0, Diff:  0.0, Sum:  0.0, Workers: 4
[4760.384s][debug][gc,phases      ] GC(281)     Dead                           Min: 0, Avg:  0.0, Max: 0, Diff: 0, Sum: 0, Workers: 4
[4760.384s][debug][gc,phases      ] GC(281)     Total                          Min: 0, Avg:  0.0, Max: 0, Diff: 0, Sum: 0, Workers: 4
[4760.384s][debug][gc,phases      ] GC(281)   StringDedup Requests1 Weak     Min:  0.0, Avg:  0.0, Max:  0.0, Diff:  0.0, Sum:  0.0, Workers: 4
[4760.384s][debug][gc,phases      ] GC(281)     Dead                           Min: 0, Avg:  0.0, Max: 0, Diff: 0, Sum: 0, Workers: 4
[4760.384s][debug][gc,phases      ] GC(281)     Total                          Min: 0, Avg:  0.0, Max: 0, Diff: 0, Sum: 0, Workers: 4
[4760.384s][debug][gc,phases      ] GC(281)   Weak JFR Old Object Samples    Min:  0.0, Avg:  0.0, Max:  0.0, Diff:  0.0, Sum:  0.0, Workers: 4
[4760.384s][debug][gc,phases      ] GC(281)     Dead                           Min: 0, Avg:  0.0, Max: 0, Diff: 0, Sum: 0, Workers: 4
[4760.384s][debug][gc,phases      ] GC(281)     Total                          Min: 0, Avg:  0.0, Max: 0, Diff: 0, Sum: 0, Workers: 4
[4760.384s][debug][gc,phases      ] GC(281) Weak Processing 0.341ms
[4760.384s][debug][gc,age         ] GC(281) Desired survivor size 1048576 bytes, new threshold 15 (max threshold 15)
[4760.384s][info ][gc,heap        ] GC(281) PSYoungGen: 2095520K(2096128K)->416K(2096128K) Eden: 2095104K(2095104K)->0K(2095104K) From: 416K(1024K)->416K(1024K)
[4760.384s][info ][gc,heap        ] GC(281) ParOldGen: 309514K(351232K)->309522K(351232K)
[4760.384s][info ][gc,metaspace   ] GC(281) Metaspace: 85508K(86400K)->85508K(86400K) NonClass: 73030K(73536K)->73030K(73536K) Class: 12477K(12864K)->12477K(12864K)
[4760.384s][info ][gc             ] GC(281) Pause Young (Allocation Failure) 2348M->302M(2390M) 2.651ms
[4760.384s][info ][gc,cpu         ] GC(281) User=0.01s Sys=0.00s Real=0.00s
[4760.384s][info ][safepoint      ] Safepoint "ParallelGCFailedAllocation", Time since last: 31800704730 ns, Reaching safepoint: 4100 ns, Cleanup: 4200 ns, At safepoint: 2730294 ns, Total: 2738594 ns
[4792.231s][info ][gc,start       ] GC(282) Pause Young (Allocation Failure)
[4792.233s][debug][gc,phases      ] GC(282) Scavenge 1.560ms
[4792.233s][debug][gc,ref         ] GC(282) Skipped phase 1 of Reference Processing: no references
[4792.233s][debug][gc,ref         ] GC(282) Skipped phase 2 of Reference Processing: no references
[4792.233s][debug][gc,ref         ] GC(282) Skipped phase 3 of Reference Processing: no references
[4792.233s][debug][gc,ref         ] GC(282) Skipped phase 4 of Reference Processing: no references
[4792.233s][debug][gc,phases      ] GC(282) Reference Processing 0.020ms
[4792.233s][debug][gc,phases      ] GC(282)   VM Weak                        Min:  0.0, Avg:  0.0, Max:  0.0, Diff:  0.0, Sum:  0.0, Workers: 4
[4792.233s][debug][gc,phases      ] GC(282)     Dead                           Min: 0, Avg:  0.0, Max: 0, Diff: 0, Sum: 0, Workers: 4
[4792.233s][debug][gc,phases      ] GC(282)     Total                          Min: 0, Avg: 185.5, Max: 576, Diff: 576, Sum: 742, Workers: 4
[4792.233s][debug][gc,phases      ] GC(282)   ObjectSynchronizer Weak        Min:  0.0, Avg:  0.0, Max:  0.0, Diff:  0.0, Sum:  0.0, Workers: 4
[4792.233s][debug][gc,phases      ] GC(282)     Dead                           Min: 0, Avg:  0.0, Max: 0, Diff: 0, Sum: 0, Workers: 4
[4792.233s][debug][gc,phases      ] GC(282)     Total                          Min: 0, Avg:  0.8, Max: 3, Diff: 3, Sum: 3, Workers: 4
[4792.233s][debug][gc,phases      ] GC(282)   JVMTI Tag Weak OopStorage      Min:  0.0, Avg:  0.0, Max:  0.0, Diff:  0.0, Sum:  0.0, Workers: 4
[4792.233s][debug][gc,phases      ] GC(282)     Dead                           Min: 0, Avg:  0.0, Max: 0, Diff: 0, Sum: 0, Workers: 4
[4792.233s][debug][gc,phases      ] GC(282)     Total                          Min: 0, Avg:  0.0, Max: 0, Diff: 0, Sum: 0, Workers: 4
[4792.233s][debug][gc,phases      ] GC(282)   StringTable Weak               Min:  0.1, Avg:  0.1, Max:  0.1, Diff:  0.1, Sum:  0.4, Workers: 4
[4792.233s][debug][gc,phases      ] GC(282)     Dead                           Min: 0, Avg:  0.0, Max: 0, Diff: 0, Sum: 0, Workers: 4
[4792.233s][debug][gc,phases      ] GC(282)     Total                          Min: 5568, Avg: 11036.5, Max: 14143, Diff: 8575, Sum: 44146, Workers: 4
[4792.233s][debug][gc,phases      ] GC(282)   ResolvedMethodTable Weak       Min:  0.0, Avg:  0.0, Max:  0.0, Diff:  0.0, Sum:  0.1, Workers: 4
[4792.233s][debug][gc,phases      ] GC(282)     Dead                           Min: 0, Avg:  0.0, Max: 0, Diff: 0, Sum: 0, Workers: 4
[4792.233s][debug][gc,phases      ] GC(282)     Total                          Min: 2560, Avg: 2620.5, Max: 2686, Diff: 126, Sum: 10482, Workers: 4
[4792.233s][debug][gc,phases      ] GC(282)   JNI Weak                       Min:  0.0, Avg:  0.0, Max:  0.0, Diff:  0.0, Sum:  0.0, Workers: 4
[4792.233s][debug][gc,phases      ] GC(282)     Dead                           Min: 0, Avg:  0.0, Max: 0, Diff: 0, Sum: 0, Workers: 4
[4792.233s][debug][gc,phases      ] GC(282)     Total                          Min: 0, Avg: 11.2, Max: 45, Diff: 45, Sum: 45, Workers: 4
[4792.233s][debug][gc,phases      ] GC(282)   StringDedup Table Weak         Min:  0.0, Avg:  0.0, Max:  0.0, Diff:  0.0, Sum:  0.0, Workers: 4
[4792.233s][debug][gc,phases      ] GC(282)     Dead                           Min: 0, Avg:  0.0, Max: 0, Diff: 0, Sum: 0, Workers: 4
[4792.233s][debug][gc,phases      ] GC(282)     Total                          Min: 0, Avg:  0.0, Max: 0, Diff: 0, Sum: 0, Workers: 4
[4792.233s][debug][gc,phases      ] GC(282)   StringDedup Requests0 Weak     Min:  0.0, Avg:  0.0, Max:  0.0, Diff:  0.0, Sum:  0.0, Workers: 4
[4792.233s][debug][gc,phases      ] GC(282)     Dead                           Min: 0, Avg:  0.0, Max: 0, Diff: 0, Sum: 0, Workers: 4
[4792.233s][debug][gc,phases      ] GC(282)     Total                          Min: 0, Avg:  0.0, Max: 0, Diff: 0, Sum: 0, Workers: 4
[4792.233s][debug][gc,phases      ] GC(282)   StringDedup Requests1 Weak     Min:  0.0, Avg:  0.0, Max:  0.0, Diff:  0.0, Sum:  0.0, Workers: 4
[4792.233s][debug][gc,phases      ] GC(282)     Dead                           Min: 0, Avg:  0.0, Max: 0, Diff: 0, Sum: 0, Workers: 4
[4792.233s][debug][gc,phases      ] GC(282)     Total                          Min: 0, Avg:  0.0, Max: 0, Diff: 0, Sum: 0, Workers: 4
[4792.233s][debug][gc,phases      ] GC(282)   Weak JFR Old Object Samples    Min:  0.0, Avg:  0.0, Max:  0.0, Diff:  0.0, Sum:  0.0, Workers: 4
[4792.233s][debug][gc,phases      ] GC(282)     Dead                           Min: 0, Avg:  0.0, Max: 0, Diff: 0, Sum: 0, Workers: 4
[4792.233s][debug][gc,phases      ] GC(282)     Total                          Min: 0, Avg:  0.0, Max: 0, Diff: 0, Sum: 0, Workers: 4
[4792.233s][debug][gc,phases      ] GC(282) Weak Processing 0.332ms
[4792.233s][debug][gc,age         ] GC(282) Desired survivor size 1048576 bytes, new threshold 15 (max threshold 15)
[4792.233s][info ][gc,heap        ] GC(282) PSYoungGen: 2095520K(2096128K)->128K(2096128K) Eden: 2095104K(2095104K)->0K(2095104K) From: 416K(1024K)->128K(1024K)
[4792.233s][info ][gc,heap        ] GC(282) ParOldGen: 309522K(351232K)->309842K(351232K)
[4792.233s][info ][gc,metaspace   ] GC(282) Metaspace: 85508K(86400K)->85508K(86400K) NonClass: 73030K(73536K)->73030K(73536K) Class: 12477K(12864K)->12477K(12864K)
[4792.233s][info ][gc             ] GC(282) Pause Young (Allocation Failure) 2348M->302M(2390M) 1.999ms
[4792.233s][info ][gc,cpu         ] GC(282) User=0.01s Sys=0.00s Real=0.01s
[4792.233s][info ][safepoint      ] Safepoint "ParallelGCFailedAllocation", Time since last: 31847433825 ns, Reaching safepoint: 3800 ns, Cleanup: 4200 ns, At safepoint: 2082095 ns, Total: 2090095 ns
[4823.930s][info ][gc,start       ] GC(283) Pause Young (Allocation Failure)
[4823.932s][debug][gc,phases      ] GC(283) Scavenge 1.265ms
[4823.932s][debug][gc,ref         ] GC(283) Skipped phase 1 of Reference Processing: no references
[4823.932s][debug][gc,ref         ] GC(283) Skipped phase 2 of Reference Processing: no references
[4823.932s][debug][gc,ref         ] GC(283) Skipped phase 3 of Reference Processing: no references
[4823.932s][debug][gc,ref         ] GC(283) Skipped phase 4 of Reference Processing: no references
[4823.932s][debug][gc,phases      ] GC(283) Reference Processing 0.020ms
[4823.932s][debug][gc,phases      ] GC(283)   VM Weak                        Min:  0.0, Avg:  0.0, Max:  0.0, Diff:  0.0, Sum:  0.0, Workers: 4
[4823.932s][debug][gc,phases      ] GC(283)     Dead                           Min: 0, Avg:  0.0, Max: 0, Diff: 0, Sum: 0, Workers: 4
[4823.932s][debug][gc,phases      ] GC(283)     Total                          Min: 0, Avg: 185.5, Max: 486, Diff: 486, Sum: 742, Workers: 4
[4823.932s][debug][gc,phases      ] GC(283)   ObjectSynchronizer Weak        Min:  0.0, Avg:  0.0, Max:  0.0, Diff:  0.0, Sum:  0.0, Workers: 4
[4823.932s][debug][gc,phases      ] GC(283)     Dead                           Min: 0, Avg:  0.0, Max: 0, Diff: 0, Sum: 0, Workers: 4
[4823.932s][debug][gc,phases      ] GC(283)     Total                          Min: 0, Avg:  0.8, Max: 3, Diff: 3, Sum: 3, Workers: 4
[4823.932s][debug][gc,phases      ] GC(283)   JVMTI Tag Weak OopStorage      Min:  0.0, Avg:  0.0, Max:  0.0, Diff:  0.0, Sum:  0.0, Workers: 4
[4823.932s][debug][gc,phases      ] GC(283)     Dead                           Min: 0, Avg:  0.0, Max: 0, Diff: 0, Sum: 0, Workers: 4
[4823.932s][debug][gc,phases      ] GC(283)     Total                          Min: 0, Avg:  0.0, Max: 0, Diff: 0, Sum: 0, Workers: 4
[4823.932s][debug][gc,phases      ] GC(283)   StringTable Weak               Min:  0.0, Avg:  0.1, Max:  0.1, Diff:  0.1, Sum:  0.4, Workers: 4
[4823.932s][debug][gc,phases      ] GC(283)     Dead                           Min: 0, Avg:  0.0, Max: 0, Diff: 0, Sum: 0, Workers: 4
[4823.932s][debug][gc,phases      ] GC(283)     Total                          Min: 0, Avg: 11036.5, Max: 17780, Diff: 17780, Sum: 44146, Workers: 4
[4823.932s][debug][gc,phases      ] GC(283)   ResolvedMethodTable Weak       Min:  0.0, Avg:  0.0, Max:  0.0, Diff:  0.0, Sum:  0.1, Workers: 4
[4823.932s][debug][gc,phases      ] GC(283)     Dead                           Min: 0, Avg:  0.0, Max: 0, Diff: 0, Sum: 0, Workers: 4
[4823.932s][debug][gc,phases      ] GC(283)     Total                          Min: 0, Avg: 2620.5, Max: 4544, Diff: 4544, Sum: 10482, Workers: 4
[4823.932s][debug][gc,phases      ] GC(283)   JNI Weak                       Min:  0.0, Avg:  0.0, Max:  0.0, Diff:  0.0, Sum:  0.0, Workers: 4
[4823.932s][debug][gc,phases      ] GC(283)     Dead                           Min: 0, Avg:  0.0, Max: 0, Diff: 0, Sum: 0, Workers: 4
[4823.932s][debug][gc,phases      ] GC(283)     Total                          Min: 0, Avg: 11.2, Max: 45, Diff: 45, Sum: 45, Workers: 4
[4823.932s][debug][gc,phases      ] GC(283)   StringDedup Table Weak         Min:  0.0, Avg:  0.0, Max:  0.0, Diff:  0.0, Sum:  0.0, Workers: 4
[4823.932s][debug][gc,phases      ] GC(283)     Dead                           Min: 0, Avg:  0.0, Max: 0, Diff: 0, Sum: 0, Workers: 4
[4823.932s][debug][gc,phases      ] GC(283)     Total                          Min: 0, Avg:  0.0, Max: 0, Diff: 0, Sum: 0, Workers: 4
[4823.932s][debug][gc,phases      ] GC(283)   StringDedup Requests0 Weak     Min:  0.0, Avg:  0.0, Max:  0.0, Diff:  0.0, Sum:  0.0, Workers: 4
[4823.932s][debug][gc,phases      ] GC(283)     Dead                           Min: 0, Avg:  0.0, Max: 0, Diff: 0, Sum: 0, Workers: 4
[4823.932s][debug][gc,phases      ] GC(283)     Total                          Min: 0, Avg:  0.0, Max: 0, Diff: 0, Sum: 0, Workers: 4
[4823.932s][debug][gc,phases      ] GC(283)   StringDedup Requests1 Weak     Min:  0.0, Avg:  0.0, Max:  0.0, Diff:  0.0, Sum:  0.0, Workers: 4
[4823.932s][debug][gc,phases      ] GC(283)     Dead                           Min: 0, Avg:  0.0, Max: 0, Diff: 0, Sum: 0, Workers: 4
[4823.932s][debug][gc,phases      ] GC(283)     Total                          Min: 0, Avg:  0.0, Max: 0, Diff: 0, Sum: 0, Workers: 4
[4823.932s][debug][gc,phases      ] GC(283)   Weak JFR Old Object Samples    Min:  0.0, Avg:  0.0, Max:  0.0, Diff:  0.0, Sum:  0.0, Workers: 4
[4823.932s][debug][gc,phases      ] GC(283)     Dead                           Min: 0, Avg:  0.0, Max: 0, Diff: 0, Sum: 0, Workers: 4
[4823.932s][debug][gc,phases      ] GC(283)     Total                          Min: 0, Avg:  0.0, Max: 0, Diff: 0, Sum: 0, Workers: 4
[4823.932s][debug][gc,phases      ] GC(283) Weak Processing 0.362ms
[4823.932s][debug][gc,age         ] GC(283) Desired survivor size 1048576 bytes, new threshold 15 (max threshold 15)
[4823.932s][info ][gc,heap        ] GC(283) PSYoungGen: 2095232K(2096128K)->128K(2096128K) Eden: 2095104K(2095104K)->0K(2095104K) From: 128K(1024K)->128K(1024K)
[4823.932s][info ][gc,heap        ] GC(283) ParOldGen: 309842K(351232K)->309850K(351232K)
[4823.932s][info ][gc,metaspace   ] GC(283) Metaspace: 85508K(86400K)->85508K(86400K) NonClass: 73031K(73536K)->73031K(73536K) Class: 12477K(12864K)->12477K(12864K)
[4823.932s][info ][gc             ] GC(283) Pause Young (Allocation Failure) 2348M->302M(2390M) 1.741ms
[4823.932s][info ][gc,cpu         ] GC(283) User=0.01s Sys=0.00s Real=0.01s
[4823.932s][info ][safepoint      ] Safepoint "ParallelGCFailedAllocation", Time since last: 31696879776 ns, Reaching safepoint: 4000 ns, Cleanup: 4000 ns, At safepoint: 1801696 ns, Total: 1809696 ns
[4855.781s][info ][gc,start       ] GC(284) Pause Young (Allocation Failure)
[4855.782s][debug][gc,phases      ] GC(284) Scavenge 1.302ms
[4855.782s][debug][gc,ref         ] GC(284) Skipped phase 1 of Reference Processing: no references
[4855.782s][debug][gc,ref         ] GC(284) Skipped phase 2 of Reference Processing: no references
[4855.782s][debug][gc,ref         ] GC(284) Skipped phase 3 of Reference Processing: no references
[4855.782s][debug][gc,ref         ] GC(284) Skipped phase 4 of Reference Processing: no references
[4855.782s][debug][gc,phases      ] GC(284) Reference Processing 0.019ms
[4855.782s][debug][gc,phases      ] GC(284)   VM Weak                        Min:  0.0, Avg:  0.0, Max:  0.0, Diff:  0.0, Sum:  0.0, Workers: 4
[4855.782s][debug][gc,phases      ] GC(284)     Dead                           Min: 0, Avg:  0.0, Max: 0, Diff: 0, Sum: 0, Workers: 4
[4855.782s][debug][gc,phases      ] GC(284)     Total                          Min: 0, Avg: 185.5, Max: 640, Diff: 640, Sum: 742, Workers: 4
[4855.782s][debug][gc,phases      ] GC(284)   ObjectSynchronizer Weak        Min:  0.0, Avg:  0.0, Max:  0.0, Diff:  0.0, Sum:  0.0, Workers: 4
[4855.782s][debug][gc,phases      ] GC(284)     Dead                           Min: 0, Avg:  0.0, Max: 0, Diff: 0, Sum: 0, Workers: 4
[4855.782s][debug][gc,phases      ] GC(284)     Total                          Min: 0, Avg:  0.8, Max: 3, Diff: 3, Sum: 3, Workers: 4
[4855.782s][debug][gc,phases      ] GC(284)   JVMTI Tag Weak OopStorage      Min:  0.0, Avg:  0.0, Max:  0.0, Diff:  0.0, Sum:  0.0, Workers: 4
[4855.782s][debug][gc,phases      ] GC(284)     Dead                           Min: 0, Avg:  0.0, Max: 0, Diff: 0, Sum: 0, Workers: 4
[4855.782s][debug][gc,phases      ] GC(284)     Total                          Min: 0, Avg:  0.0, Max: 0, Diff: 0, Sum: 0, Workers: 4
[4855.782s][debug][gc,phases      ] GC(284)   StringTable Weak               Min:  0.0, Avg:  0.1, Max:  0.1, Diff:  0.1, Sum:  0.4, Workers: 4
[4855.782s][debug][gc,phases      ] GC(284)     Dead                           Min: 0, Avg:  0.0, Max: 0, Diff: 0, Sum: 0, Workers: 4
[4855.782s][debug][gc,phases      ] GC(284)     Total                          Min: 0, Avg: 11036.5, Max: 17726, Diff: 17726, Sum: 44146, Workers: 4
[4855.782s][debug][gc,phases      ] GC(284)   ResolvedMethodTable Weak       Min:  0.0, Avg:  0.0, Max:  0.0, Diff:  0.0, Sum:  0.1, Workers: 4
[4855.782s][debug][gc,phases      ] GC(284)     Dead                           Min: 0, Avg:  0.0, Max: 0, Diff: 0, Sum: 0, Workers: 4
[4855.782s][debug][gc,phases      ] GC(284)     Total                          Min: 0, Avg: 2620.5, Max: 4542, Diff: 4542, Sum: 10482, Workers: 4
[4855.782s][debug][gc,phases      ] GC(284)   JNI Weak                       Min:  0.0, Avg:  0.0, Max:  0.0, Diff:  0.0, Sum:  0.0, Workers: 4
[4855.782s][debug][gc,phases      ] GC(284)     Dead                           Min: 0, Avg:  0.0, Max: 0, Diff: 0, Sum: 0, Workers: 4
[4855.782s][debug][gc,phases      ] GC(284)     Total                          Min: 0, Avg: 11.2, Max: 45, Diff: 45, Sum: 45, Workers: 4
[4855.782s][debug][gc,phases      ] GC(284)   StringDedup Table Weak         Min:  0.0, Avg:  0.0, Max:  0.0, Diff:  0.0, Sum:  0.0, Workers: 4
[4855.782s][debug][gc,phases      ] GC(284)     Dead                           Min: 0, Avg:  0.0, Max: 0, Diff: 0, Sum: 0, Workers: 4
[4855.782s][debug][gc,phases      ] GC(284)     Total                          Min: 0, Avg:  0.0, Max: 0, Diff: 0, Sum: 0, Workers: 4
[4855.782s][debug][gc,phases      ] GC(284)   StringDedup Requests0 Weak     Min:  0.0, Avg:  0.0, Max:  0.0, Diff:  0.0, Sum:  0.0, Workers: 4
[4855.782s][debug][gc,phases      ] GC(284)     Dead                           Min: 0, Avg:  0.0, Max: 0, Diff: 0, Sum: 0, Workers: 4
[4855.782s][debug][gc,phases      ] GC(284)     Total                          Min: 0, Avg:  0.0, Max: 0, Diff: 0, Sum: 0, Workers: 4
[4855.782s][debug][gc,phases      ] GC(284)   StringDedup Requests1 Weak     Min:  0.0, Avg:  0.0, Max:  0.0, Diff:  0.0, Sum:  0.0, Workers: 4
[4855.782s][debug][gc,phases      ] GC(284)     Dead                           Min: 0, Avg:  0.0, Max: 0, Diff: 0, Sum: 0, Workers: 4
[4855.782s][debug][gc,phases      ] GC(284)     Total                          Min: 0, Avg:  0.0, Max: 0, Diff: 0, Sum: 0, Workers: 4
[4855.782s][debug][gc,phases      ] GC(284)   Weak JFR Old Object Samples    Min:  0.0, Avg:  0.0, Max:  0.0, Diff:  0.0, Sum:  0.0, Workers: 4
[4855.782s][debug][gc,phases      ] GC(284)     Dead                           Min: 0, Avg:  0.0, Max: 0, Diff: 0, Sum: 0, Workers: 4
[4855.782s][debug][gc,phases      ] GC(284)     Total                          Min: 0, Avg:  0.0, Max: 0, Diff: 0, Sum: 0, Workers: 4
[4855.782s][debug][gc,phases      ] GC(284) Weak Processing 0.345ms
[4855.782s][debug][gc,age         ] GC(284) Desired survivor size 1048576 bytes, new threshold 15 (max threshold 15)
[4855.782s][info ][gc,heap        ] GC(284) PSYoungGen: 2095232K(2096128K)->128K(2096128K) Eden: 2095104K(2095104K)->0K(2095104K) From: 128K(1024K)->128K(1024K)
[4855.782s][info ][gc,heap        ] GC(284) ParOldGen: 309850K(351232K)->309858K(351232K)
[4855.782s][info ][gc,metaspace   ] GC(284) Metaspace: 85508K(86400K)->85508K(86400K) NonClass: 73031K(73536K)->73031K(73536K) Class: 12477K(12864K)->12477K(12864K)
[4855.782s][info ][gc             ] GC(284) Pause Young (Allocation Failure) 2348M->302M(2390M) 1.756ms
[4855.782s][info ][gc,cpu         ] GC(284) User=0.00s Sys=0.00s Real=0.00s
[4855.782s][info ][safepoint      ] Safepoint "ParallelGCFailedAllocation", Time since last: 31848497470 ns, Reaching safepoint: 3900 ns, Cleanup: 3700 ns, At safepoint: 1837295 ns, Total: 1844895 ns
[4887.631s][info ][gc,start       ] GC(285) Pause Young (Allocation Failure)
[4887.633s][debug][gc,phases      ] GC(285) Scavenge 1.860ms
[4887.633s][debug][gc,ref         ] GC(285) Skipped phase 1 of Reference Processing: no references
[4887.633s][debug][gc,ref         ] GC(285) Skipped phase 2 of Reference Processing: no references
[4887.633s][debug][gc,ref         ] GC(285) Skipped phase 3 of Reference Processing: no references
[4887.633s][debug][gc,ref         ] GC(285) Skipped phase 4 of Reference Processing: no references
[4887.633s][debug][gc,phases      ] GC(285) Reference Processing 0.030ms
[4887.633s][debug][gc,phases      ] GC(285)   VM Weak                        Min:  0.0, Avg:  0.0, Max:  0.0, Diff:  0.0, Sum:  0.0, Workers: 4
[4887.633s][debug][gc,phases      ] GC(285)     Dead                           Min: 0, Avg:  0.0, Max: 0, Diff: 0, Sum: 0, Workers: 4
[4887.633s][debug][gc,phases      ] GC(285)     Total                          Min: 0, Avg: 185.5, Max: 550, Diff: 550, Sum: 742, Workers: 4
[4887.633s][debug][gc,phases      ] GC(285)   ObjectSynchronizer Weak        Min:  0.0, Avg:  0.0, Max:  0.0, Diff:  0.0, Sum:  0.0, Workers: 4
[4887.633s][debug][gc,phases      ] GC(285)     Dead                           Min: 0, Avg:  0.0, Max: 0, Diff: 0, Sum: 0, Workers: 4
[4887.633s][debug][gc,phases      ] GC(285)     Total                          Min: 0, Avg:  0.8, Max: 3, Diff: 3, Sum: 3, Workers: 4
[4887.633s][debug][gc,phases      ] GC(285)   JVMTI Tag Weak OopStorage      Min:  0.0, Avg:  0.0, Max:  0.0, Diff:  0.0, Sum:  0.0, Workers: 4
[4887.633s][debug][gc,phases      ] GC(285)     Dead                           Min: 0, Avg:  0.0, Max: 0, Diff: 0, Sum: 0, Workers: 4
[4887.633s][debug][gc,phases      ] GC(285)     Total                          Min: 0, Avg:  0.0, Max: 0, Diff: 0, Sum: 0, Workers: 4
[4887.633s][debug][gc,phases      ] GC(285)   StringTable Weak               Min:  0.0, Avg:  0.1, Max:  0.1, Diff:  0.1, Sum:  0.4, Workers: 4
[4887.633s][debug][gc,phases      ] GC(285)     Dead                           Min: 0, Avg:  0.0, Max: 0, Diff: 0, Sum: 0, Workers: 4
[4887.633s][debug][gc,phases      ] GC(285)     Total                          Min: 0, Avg: 11036.5, Max: 17779, Diff: 17779, Sum: 44146, Workers: 4
[4887.633s][debug][gc,phases      ] GC(285)   ResolvedMethodTable Weak       Min:  0.0, Avg:  0.0, Max:  0.0, Diff:  0.0, Sum:  0.1, Workers: 4
[4887.633s][debug][gc,phases      ] GC(285)     Dead                           Min: 0, Avg:  0.0, Max: 0, Diff: 0, Sum: 0, Workers: 4
[4887.633s][debug][gc,phases      ] GC(285)     Total                          Min: 0, Avg: 2620.5, Max: 4222, Diff: 4222, Sum: 10482, Workers: 4
[4887.633s][debug][gc,phases      ] GC(285)   JNI Weak                       Min:  0.0, Avg:  0.0, Max:  0.0, Diff:  0.0, Sum:  0.0, Workers: 4
[4887.633s][debug][gc,phases      ] GC(285)     Dead                           Min: 0, Avg:  0.0, Max: 0, Diff: 0, Sum: 0, Workers: 4
[4887.633s][debug][gc,phases      ] GC(285)     Total                          Min: 0, Avg: 11.2, Max: 45, Diff: 45, Sum: 45, Workers: 4
[4887.633s][debug][gc,phases      ] GC(285)   StringDedup Table Weak         Min:  0.0, Avg:  0.0, Max:  0.0, Diff:  0.0, Sum:  0.0, Workers: 4
[4887.633s][debug][gc,phases      ] GC(285)     Dead                           Min: 0, Avg:  0.0, Max: 0, Diff: 0, Sum: 0, Workers: 4
[4887.633s][debug][gc,phases      ] GC(285)     Total                          Min: 0, Avg:  0.0, Max: 0, Diff: 0, Sum: 0, Workers: 4
[4887.633s][debug][gc,phases      ] GC(285)   StringDedup Requests0 Weak     Min:  0.0, Avg:  0.0, Max:  0.0, Diff:  0.0, Sum:  0.0, Workers: 4
[4887.633s][debug][gc,phases      ] GC(285)     Dead                           Min: 0, Avg:  0.0, Max: 0, Diff: 0, Sum: 0, Workers: 4
[4887.633s][debug][gc,phases      ] GC(285)     Total                          Min: 0, Avg:  0.0, Max: 0, Diff: 0, Sum: 0, Workers: 4
[4887.633s][debug][gc,phases      ] GC(285)   StringDedup Requests1 Weak     Min:  0.0, Avg:  0.0, Max:  0.0, Diff:  0.0, Sum:  0.0, Workers: 4
[4887.633s][debug][gc,phases      ] GC(285)     Dead                           Min: 0, Avg:  0.0, Max: 0, Diff: 0, Sum: 0, Workers: 4
[4887.633s][debug][gc,phases      ] GC(285)     Total                          Min: 0, Avg:  0.0, Max: 0, Diff: 0, Sum: 0, Workers: 4
[4887.633s][debug][gc,phases      ] GC(285)   Weak JFR Old Object Samples    Min:  0.0, Avg:  0.0, Max:  0.0, Diff:  0.0, Sum:  0.0, Workers: 4
[4887.633s][debug][gc,phases      ] GC(285)     Dead                           Min: 0, Avg:  0.0, Max: 0, Diff: 0, Sum: 0, Workers: 4
[4887.633s][debug][gc,phases      ] GC(285)     Total                          Min: 0, Avg:  0.0, Max: 0, Diff: 0, Sum: 0, Workers: 4
[4887.633s][debug][gc,phases      ] GC(285) Weak Processing 0.336ms
[4887.633s][debug][gc,age         ] GC(285) Desired survivor size 1048576 bytes, new threshold 15 (max threshold 15)
[4887.633s][info ][gc,heap        ] GC(285) PSYoungGen: 2095232K(2096128K)->128K(2096128K) Eden: 2095104K(2095104K)->0K(2095104K) From: 128K(1024K)->128K(1024K)
[4887.633s][info ][gc,heap        ] GC(285) ParOldGen: 309858K(351232K)->309866K(351232K)
[4887.633s][info ][gc,metaspace   ] GC(285) Metaspace: 85508K(86400K)->85508K(86400K) NonClass: 73031K(73536K)->73031K(73536K) Class: 12477K(12864K)->12477K(12864K)
[4887.633s][info ][gc             ] GC(285) Pause Young (Allocation Failure) 2348M->302M(2390M) 2.328ms
[4887.633s][info ][gc,cpu         ] GC(285) User=0.01s Sys=0.00s Real=0.01s
[4887.633s][info ][safepoint      ] Safepoint "ParallelGCFailedAllocation", Time since last: 31848563458 ns, Reaching safepoint: 4200 ns, Cleanup: 4300 ns, At safepoint: 2410494 ns, Total: 2418994 ns
[4919.480s][info ][gc,start       ] GC(286) Pause Young (Allocation Failure)
[4919.482s][debug][gc,phases      ] GC(286) Scavenge 1.226ms
[4919.482s][debug][gc,ref         ] GC(286) Skipped phase 1 of Reference Processing: no references
[4919.482s][debug][gc,ref         ] GC(286) Skipped phase 2 of Reference Processing: no references
[4919.482s][debug][gc,ref         ] GC(286) Skipped phase 3 of Reference Processing: no references
[4919.482s][debug][gc,ref         ] GC(286) ReferenceProcessor::execute queues: 1, RefProcThreadModel::Single, marks_oops_alive: false
[4919.482s][debug][gc,phases      ] GC(286) Reference Processing 0.086ms
[4919.482s][debug][gc,phases      ] GC(286)   VM Weak                        Min:  0.0, Avg:  0.0, Max:  0.0, Diff:  0.0, Sum:  0.0, Workers: 4
[4919.482s][debug][gc,phases      ] GC(286)     Dead                           Min: 0, Avg:  0.0, Max: 0, Diff: 0, Sum: 0, Workers: 4
[4919.482s][debug][gc,phases      ] GC(286)     Total                          Min: 0, Avg: 185.5, Max: 742, Diff: 742, Sum: 742, Workers: 4
[4919.482s][debug][gc,phases      ] GC(286)   ObjectSynchronizer Weak        Min:  0.0, Avg:  0.0, Max:  0.0, Diff:  0.0, Sum:  0.0, Workers: 4
[4919.482s][debug][gc,phases      ] GC(286)     Dead                           Min: 0, Avg:  0.0, Max: 0, Diff: 0, Sum: 0, Workers: 4
[4919.482s][debug][gc,phases      ] GC(286)     Total                          Min: 0, Avg:  0.8, Max: 3, Diff: 3, Sum: 3, Workers: 4
[4919.482s][debug][gc,phases      ] GC(286)   JVMTI Tag Weak OopStorage      Min:  0.0, Avg:  0.0, Max:  0.0, Diff:  0.0, Sum:  0.0, Workers: 4
[4919.482s][debug][gc,phases      ] GC(286)     Dead                           Min: 0, Avg:  0.0, Max: 0, Diff: 0, Sum: 0, Workers: 4
[4919.482s][debug][gc,phases      ] GC(286)     Total                          Min: 0, Avg:  0.0, Max: 0, Diff: 0, Sum: 0, Workers: 4
[4919.482s][debug][gc,phases      ] GC(286)   StringTable Weak               Min:  0.0, Avg:  0.1, Max:  0.1, Diff:  0.1, Sum:  0.3, Workers: 4
[4919.482s][debug][gc,phases      ] GC(286)     Dead                           Min: 0, Avg:  0.0, Max: 0, Diff: 0, Sum: 0, Workers: 4
[4919.482s][debug][gc,phases      ] GC(286)     Total                          Min: 0, Avg: 11036.5, Max: 19763, Diff: 19763, Sum: 44146, Workers: 4
[4919.482s][debug][gc,phases      ] GC(286)   ResolvedMethodTable Weak       Min:  0.0, Avg:  0.0, Max:  0.0, Diff:  0.0, Sum:  0.1, Workers: 4
[4919.482s][debug][gc,phases      ] GC(286)     Dead                           Min: 0, Avg:  0.0, Max: 0, Diff: 0, Sum: 0, Workers: 4
[4919.482s][debug][gc,phases      ] GC(286)     Total                          Min: 0, Avg: 2620.5, Max: 4094, Diff: 4094, Sum: 10482, Workers: 4
[4919.482s][debug][gc,phases      ] GC(286)   JNI Weak                       Min:  0.0, Avg:  0.0, Max:  0.0, Diff:  0.0, Sum:  0.0, Workers: 4
[4919.482s][debug][gc,phases      ] GC(286)     Dead                           Min: 0, Avg:  0.0, Max: 0, Diff: 0, Sum: 0, Workers: 4
[4919.482s][debug][gc,phases      ] GC(286)     Total                          Min: 0, Avg: 11.2, Max: 45, Diff: 45, Sum: 45, Workers: 4
[4919.482s][debug][gc,phases      ] GC(286)   StringDedup Table Weak         Min:  0.0, Avg:  0.0, Max:  0.0, Diff:  0.0, Sum:  0.0, Workers: 4
[4919.482s][debug][gc,phases      ] GC(286)     Dead                           Min: 0, Avg:  0.0, Max: 0, Diff: 0, Sum: 0, Workers: 4
[4919.482s][debug][gc,phases      ] GC(286)     Total                          Min: 0, Avg:  0.0, Max: 0, Diff: 0, Sum: 0, Workers: 4
[4919.482s][debug][gc,phases      ] GC(286)   StringDedup Requests0 Weak     Min:  0.0, Avg:  0.0, Max:  0.0, Diff:  0.0, Sum:  0.0, Workers: 4
[4919.482s][debug][gc,phases      ] GC(286)     Dead                           Min: 0, Avg:  0.0, Max: 0, Diff: 0, Sum: 0, Workers: 4
[4919.482s][debug][gc,phases      ] GC(286)     Total                          Min: 0, Avg:  0.0, Max: 0, Diff: 0, Sum: 0, Workers: 4
[4919.482s][debug][gc,phases      ] GC(286)   StringDedup Requests1 Weak     Min:  0.0, Avg:  0.0, Max:  0.0, Diff:  0.0, Sum:  0.0, Workers: 4
[4919.482s][debug][gc,phases      ] GC(286)     Dead                           Min: 0, Avg:  0.0, Max: 0, Diff: 0, Sum: 0, Workers: 4
[4919.482s][debug][gc,phases      ] GC(286)     Total                          Min: 0, Avg:  0.0, Max: 0, Diff: 0, Sum: 0, Workers: 4
[4919.482s][debug][gc,phases      ] GC(286)   Weak JFR Old Object Samples    Min:  0.0, Avg:  0.0, Max:  0.0, Diff:  0.0, Sum:  0.0, Workers: 4
[4919.482s][debug][gc,phases      ] GC(286)     Dead                           Min: 0, Avg:  0.0, Max: 0, Diff: 0, Sum: 0, Workers: 4
[4919.482s][debug][gc,phases      ] GC(286)     Total                          Min: 0, Avg:  0.0, Max: 0, Diff: 0, Sum: 0, Workers: 4
[4919.482s][debug][gc,phases      ] GC(286) Weak Processing 0.308ms
[4919.482s][debug][gc,age         ] GC(286) Desired survivor size 1048576 bytes, new threshold 15 (max threshold 15)
[4919.482s][info ][gc,heap        ] GC(286) PSYoungGen: 2095232K(2096128K)->128K(2096128K) Eden: 2095104K(2095104K)->0K(2095104K) From: 128K(1024K)->128K(1024K)
[4919.482s][info ][gc,heap        ] GC(286) ParOldGen: 309866K(351232K)->309874K(351232K)
[4919.482s][info ][gc,metaspace   ] GC(286) Metaspace: 85508K(86400K)->85508K(86400K) NonClass: 73031K(73536K)->73031K(73536K) Class: 12477K(12864K)->12477K(12864K)
[4919.482s][info ][gc             ] GC(286) Pause Young (Allocation Failure) 2348M->302M(2390M) 1.701ms
[4919.482s][info ][gc,cpu         ] GC(286) User=0.00s Sys=0.00s Real=0.00s
[4919.482s][info ][safepoint      ] Safepoint "ParallelGCFailedAllocation", Time since last: 31846836112 ns, Reaching safepoint: 4200 ns, Cleanup: 3600 ns, At safepoint: 1779496 ns, Total: 1787296 ns
[4951.331s][info ][gc,start       ] GC(287) Pause Young (Allocation Failure)
[4951.333s][debug][gc,phases      ] GC(287) Scavenge 1.934ms
[4951.333s][debug][gc,ref         ] GC(287) Skipped phase 1 of Reference Processing: no references
[4951.333s][debug][gc,ref         ] GC(287) Skipped phase 2 of Reference Processing: no references
[4951.333s][debug][gc,ref         ] GC(287) Skipped phase 3 of Reference Processing: no references
[4951.333s][debug][gc,ref         ] GC(287) ReferenceProcessor::execute queues: 1, RefProcThreadModel::Single, marks_oops_alive: false
[4951.333s][debug][gc,phases      ] GC(287) Reference Processing 0.097ms
[4951.333s][debug][gc,phases      ] GC(287)   VM Weak                        Min:  0.0, Avg:  0.0, Max:  0.0, Diff:  0.0, Sum:  0.0, Workers: 4
[4951.333s][debug][gc,phases      ] GC(287)     Dead                           Min: 0, Avg:  0.0, Max: 0, Diff: 0, Sum: 0, Workers: 4
[4951.333s][debug][gc,phases      ] GC(287)     Total                          Min: 0, Avg: 185.5, Max: 678, Diff: 678, Sum: 742, Workers: 4
[4951.333s][debug][gc,phases      ] GC(287)   ObjectSynchronizer Weak        Min:  0.0, Avg:  0.0, Max:  0.0, Diff:  0.0, Sum:  0.0, Workers: 4
[4951.333s][debug][gc,phases      ] GC(287)     Dead                           Min: 0, Avg:  0.0, Max: 0, Diff: 0, Sum: 0, Workers: 4
[4951.333s][debug][gc,phases      ] GC(287)     Total                          Min: 0, Avg:  0.8, Max: 3, Diff: 3, Sum: 3, Workers: 4
[4951.333s][debug][gc,phases      ] GC(287)   JVMTI Tag Weak OopStorage      Min:  0.0, Avg:  0.0, Max:  0.0, Diff:  0.0, Sum:  0.0, Workers: 4
[4951.333s][debug][gc,phases      ] GC(287)     Dead                           Min: 0, Avg:  0.0, Max: 0, Diff: 0, Sum: 0, Workers: 4
[4951.333s][debug][gc,phases      ] GC(287)     Total                          Min: 0, Avg:  0.0, Max: 0, Diff: 0, Sum: 0, Workers: 4
[4951.333s][debug][gc,phases      ] GC(287)   StringTable Weak               Min:  0.0, Avg:  0.1, Max:  0.1, Diff:  0.1, Sum:  0.4, Workers: 4
[4951.333s][debug][gc,phases      ] GC(287)     Dead                           Min: 0, Avg:  0.0, Max: 0, Diff: 0, Sum: 0, Workers: 4
[4951.333s][debug][gc,phases      ] GC(287)     Total                          Min: 0, Avg: 11036.5, Max: 18036, Diff: 18036, Sum: 44146, Workers: 4
[4951.333s][debug][gc,phases      ] GC(287)   ResolvedMethodTable Weak       Min:  0.0, Avg:  0.0, Max:  0.0, Diff:  0.0, Sum:  0.1, Workers: 4
[4951.333s][debug][gc,phases      ] GC(287)     Dead                           Min: 0, Avg:  0.0, Max: 0, Diff: 0, Sum: 0, Workers: 4
[4951.333s][debug][gc,phases      ] GC(287)     Total                          Min: 0, Avg: 2620.5, Max: 4608, Diff: 4608, Sum: 10482, Workers: 4
[4951.333s][debug][gc,phases      ] GC(287)   JNI Weak                       Min:  0.0, Avg:  0.0, Max:  0.0, Diff:  0.0, Sum:  0.0, Workers: 4
[4951.333s][debug][gc,phases      ] GC(287)     Dead                           Min: 0, Avg:  0.0, Max: 0, Diff: 0, Sum: 0, Workers: 4
[4951.333s][debug][gc,phases      ] GC(287)     Total                          Min: 0, Avg: 11.2, Max: 45, Diff: 45, Sum: 45, Workers: 4
[4951.333s][debug][gc,phases      ] GC(287)   StringDedup Table Weak         Min:  0.0, Avg:  0.0, Max:  0.0, Diff:  0.0, Sum:  0.0, Workers: 4
[4951.333s][debug][gc,phases      ] GC(287)     Dead                           Min: 0, Avg:  0.0, Max: 0, Diff: 0, Sum: 0, Workers: 4
[4951.333s][debug][gc,phases      ] GC(287)     Total                          Min: 0, Avg:  0.0, Max: 0, Diff: 0, Sum: 0, Workers: 4
[4951.333s][debug][gc,phases      ] GC(287)   StringDedup Requests0 Weak     Min:  0.0, Avg:  0.0, Max:  0.0, Diff:  0.0, Sum:  0.0, Workers: 4
[4951.333s][debug][gc,phases      ] GC(287)     Dead                           Min: 0, Avg:  0.0, Max: 0, Diff: 0, Sum: 0, Workers: 4
[4951.333s][debug][gc,phases      ] GC(287)     Total                          Min: 0, Avg:  0.0, Max: 0, Diff: 0, Sum: 0, Workers: 4
[4951.333s][debug][gc,phases      ] GC(287)   StringDedup Requests1 Weak     Min:  0.0, Avg:  0.0, Max:  0.0, Diff:  0.0, Sum:  0.0, Workers: 4
[4951.333s][debug][gc,phases      ] GC(287)     Dead                           Min: 0, Avg:  0.0, Max: 0, Diff: 0, Sum: 0, Workers: 4
[4951.333s][debug][gc,phases      ] GC(287)     Total                          Min: 0, Avg:  0.0, Max: 0, Diff: 0, Sum: 0, Workers: 4
[4951.333s][debug][gc,phases      ] GC(287)   Weak JFR Old Object Samples    Min:  0.0, Avg:  0.0, Max:  0.0, Diff:  0.0, Sum:  0.0, Workers: 4
[4951.333s][debug][gc,phases      ] GC(287)     Dead                           Min: 0, Avg:  0.0, Max: 0, Diff: 0, Sum: 0, Workers: 4
[4951.333s][debug][gc,phases      ] GC(287)     Total                          Min: 0, Avg:  0.0, Max: 0, Diff: 0, Sum: 0, Workers: 4
[4951.333s][debug][gc,phases      ] GC(287) Weak Processing 0.337ms
[4951.333s][debug][gc,age         ] GC(287) Desired survivor size 1048576 bytes, new threshold 15 (max threshold 15)
[4951.333s][info ][gc,heap        ] GC(287) PSYoungGen: 2095232K(2096128K)->128K(2096128K) Eden: 2095104K(2095104K)->0K(2095104K) From: 128K(1024K)->128K(1024K)
[4951.333s][info ][gc,heap        ] GC(287) ParOldGen: 309874K(351232K)->309882K(351232K)
[4951.333s][info ][gc,metaspace   ] GC(287) Metaspace: 85508K(86400K)->85508K(86400K) NonClass: 73031K(73536K)->73031K(73536K) Class: 12477K(12864K)->12477K(12864K)
[4951.333s][info ][gc             ] GC(287) Pause Young (Allocation Failure) 2348M->302M(2390M) 2.453ms
[4951.333s][info ][gc,cpu         ] GC(287) User=0.01s Sys=0.00s Real=0.01s
[4951.333s][info ][safepoint      ] Safepoint "ParallelGCFailedAllocation", Time since last: 31848691151 ns, Reaching safepoint: 4000 ns, Cleanup: 3600 ns, At safepoint: 2523794 ns, Total: 2531394 ns
[4983.181s][info ][gc,start       ] GC(288) Pause Young (Allocation Failure)
[4983.182s][debug][gc,phases      ] GC(288) Scavenge 1.312ms
[4983.182s][debug][gc,ref         ] GC(288) Skipped phase 1 of Reference Processing: no references
[4983.182s][debug][gc,ref         ] GC(288) Skipped phase 2 of Reference Processing: no references
[4983.182s][debug][gc,ref         ] GC(288) Skipped phase 3 of Reference Processing: no references
[4983.182s][debug][gc,ref         ] GC(288) ReferenceProcessor::execute queues: 1, RefProcThreadModel::Single, marks_oops_alive: false
[4983.182s][debug][gc,phases      ] GC(288) Reference Processing 0.088ms
[4983.182s][debug][gc,phases      ] GC(288)   VM Weak                        Min:  0.0, Avg:  0.0, Max:  0.0, Diff:  0.0, Sum:  0.0, Workers: 4
[4983.182s][debug][gc,phases      ] GC(288)     Dead                           Min: 0, Avg:  0.0, Max: 0, Diff: 0, Sum: 0, Workers: 4
[4983.182s][debug][gc,phases      ] GC(288)     Total                          Min: 0, Avg: 185.5, Max: 614, Diff: 614, Sum: 742, Workers: 4
[4983.182s][debug][gc,phases      ] GC(288)   ObjectSynchronizer Weak        Min:  0.0, Avg:  0.0, Max:  0.0, Diff:  0.0, Sum:  0.0, Workers: 4
[4983.182s][debug][gc,phases      ] GC(288)     Dead                           Min: 0, Avg:  0.0, Max: 0, Diff: 0, Sum: 0, Workers: 4
[4983.182s][debug][gc,phases      ] GC(288)     Total                          Min: 0, Avg:  0.8, Max: 3, Diff: 3, Sum: 3, Workers: 4
[4983.182s][debug][gc,phases      ] GC(288)   JVMTI Tag Weak OopStorage      Min:  0.0, Avg:  0.0, Max:  0.0, Diff:  0.0, Sum:  0.0, Workers: 4
[4983.182s][debug][gc,phases      ] GC(288)     Dead                           Min: 0, Avg:  0.0, Max: 0, Diff: 0, Sum: 0, Workers: 4
[4983.182s][debug][gc,phases      ] GC(288)     Total                          Min: 0, Avg:  0.0, Max: 0, Diff: 0, Sum: 0, Workers: 4
[4983.182s][debug][gc,phases      ] GC(288)   StringTable Weak               Min:  0.1, Avg:  0.1, Max:  0.1, Diff:  0.0, Sum:  0.4, Workers: 4
[4983.182s][debug][gc,phases      ] GC(288)     Dead                           Min: 0, Avg:  0.0, Max: 0, Diff: 0, Sum: 0, Workers: 4
[4983.182s][debug][gc,phases      ] GC(288)     Total                          Min: 10175, Avg: 11036.5, Max: 12223, Diff: 2048, Sum: 44146, Workers: 4
[4983.182s][debug][gc,phases      ] GC(288)   ResolvedMethodTable Weak       Min:  0.0, Avg:  0.0, Max:  0.0, Diff:  0.0, Sum:  0.1, Workers: 4
[4983.182s][debug][gc,phases      ] GC(288)     Dead                           Min: 0, Avg:  0.0, Max: 0, Diff: 0, Sum: 0, Workers: 4
[4983.182s][debug][gc,phases      ] GC(288)     Total                          Min: 2496, Avg: 2620.5, Max: 2802, Diff: 306, Sum: 10482, Workers: 4
[4983.182s][debug][gc,phases      ] GC(288)   JNI Weak                       Min:  0.0, Avg:  0.0, Max:  0.0, Diff:  0.0, Sum:  0.0, Workers: 4
[4983.182s][debug][gc,phases      ] GC(288)     Dead                           Min: 0, Avg:  0.0, Max: 0, Diff: 0, Sum: 0, Workers: 4
[4983.183s][debug][gc,phases      ] GC(288)     Total                          Min: 0, Avg: 11.2, Max: 45, Diff: 45, Sum: 45, Workers: 4
[4983.183s][debug][gc,phases      ] GC(288)   StringDedup Table Weak         Min:  0.0, Avg:  0.0, Max:  0.0, Diff:  0.0, Sum:  0.0, Workers: 4
[4983.183s][debug][gc,phases      ] GC(288)     Dead                           Min: 0, Avg:  0.0, Max: 0, Diff: 0, Sum: 0, Workers: 4
[4983.183s][debug][gc,phases      ] GC(288)     Total                          Min: 0, Avg:  0.0, Max: 0, Diff: 0, Sum: 0, Workers: 4
[4983.183s][debug][gc,phases      ] GC(288)   StringDedup Requests0 Weak     Min:  0.0, Avg:  0.0, Max:  0.0, Diff:  0.0, Sum:  0.0, Workers: 4
[4983.183s][debug][gc,phases      ] GC(288)     Dead                           Min: 0, Avg:  0.0, Max: 0, Diff: 0, Sum: 0, Workers: 4
[4983.183s][debug][gc,phases      ] GC(288)     Total                          Min: 0, Avg:  0.0, Max: 0, Diff: 0, Sum: 0, Workers: 4
[4983.183s][debug][gc,phases      ] GC(288)   StringDedup Requests1 Weak     Min:  0.0, Avg:  0.0, Max:  0.0, Diff:  0.0, Sum:  0.0, Workers: 4
[4983.183s][debug][gc,phases      ] GC(288)     Dead                           Min: 0, Avg:  0.0, Max: 0, Diff: 0, Sum: 0, Workers: 4
[4983.183s][debug][gc,phases      ] GC(288)     Total                          Min: 0, Avg:  0.0, Max: 0, Diff: 0, Sum: 0, Workers: 4
[4983.183s][debug][gc,phases      ] GC(288)   Weak JFR Old Object Samples    Min:  0.0, Avg:  0.0, Max:  0.0, Diff:  0.0, Sum:  0.0, Workers: 4
[4983.183s][debug][gc,phases      ] GC(288)     Dead                           Min: 0, Avg:  0.0, Max: 0, Diff: 0, Sum: 0, Workers: 4
[4983.183s][debug][gc,phases      ] GC(288)     Total                          Min: 0, Avg:  0.0, Max: 0, Diff: 0, Sum: 0, Workers: 4
[4983.183s][debug][gc,phases      ] GC(288) Weak Processing 0.305ms
[4983.183s][debug][gc,age         ] GC(288) Desired survivor size 1048576 bytes, new threshold 15 (max threshold 15)
[4983.183s][info ][gc,heap        ] GC(288) PSYoungGen: 2095232K(2096128K)->128K(2096128K) Eden: 2095104K(2095104K)->0K(2095104K) From: 128K(1024K)->128K(1024K)
[4983.183s][info ][gc,heap        ] GC(288) ParOldGen: 309882K(351232K)->309890K(351232K)
[4983.183s][info ][gc,metaspace   ] GC(288) Metaspace: 85508K(86400K)->85508K(86400K) NonClass: 73031K(73536K)->73031K(73536K) Class: 12477K(12864K)->12477K(12864K)
[4983.183s][info ][gc             ] GC(288) Pause Young (Allocation Failure) 2348M->302M(2390M) 1.792ms
[4983.183s][info ][gc,cpu         ] GC(288) User=0.01s Sys=0.00s Real=0.00s
[4983.183s][info ][safepoint      ] Safepoint "ParallelGCFailedAllocation", Time since last: 31847509162 ns, Reaching safepoint: 4000 ns, Cleanup: 5100 ns, At safepoint: 1885795 ns, Total: 1894895 ns
[5015.031s][info ][gc,start       ] GC(289) Pause Young (Allocation Failure)
[5015.033s][debug][gc,phases      ] GC(289) Scavenge 2.037ms
[5015.033s][debug][gc,ref         ] GC(289) Skipped phase 1 of Reference Processing: no references
[5015.033s][debug][gc,ref         ] GC(289) Skipped phase 2 of Reference Processing: no references
[5015.033s][debug][gc,ref         ] GC(289) Skipped phase 3 of Reference Processing: no references
[5015.033s][debug][gc,ref         ] GC(289) Skipped phase 4 of Reference Processing: no references
[5015.033s][debug][gc,phases      ] GC(289) Reference Processing 0.021ms
[5015.033s][debug][gc,phases      ] GC(289)   VM Weak                        Min:  0.0, Avg:  0.0, Max:  0.0, Diff:  0.0, Sum:  0.0, Workers: 4
[5015.033s][debug][gc,phases      ] GC(289)     Dead                           Min: 0, Avg:  0.0, Max: 0, Diff: 0, Sum: 0, Workers: 4
[5015.033s][debug][gc,phases      ] GC(289)     Total                          Min: 0, Avg: 185.5, Max: 742, Diff: 742, Sum: 742, Workers: 4
[5015.033s][debug][gc,phases      ] GC(289)   ObjectSynchronizer Weak        Min:  0.0, Avg:  0.0, Max:  0.0, Diff:  0.0, Sum:  0.0, Workers: 4
[5015.033s][debug][gc,phases      ] GC(289)     Dead                           Min: 0, Avg:  0.0, Max: 0, Diff: 0, Sum: 0, Workers: 4
[5015.033s][debug][gc,phases      ] GC(289)     Total                          Min: 0, Avg:  0.8, Max: 3, Diff: 3, Sum: 3, Workers: 4
[5015.033s][debug][gc,phases      ] GC(289)   JVMTI Tag Weak OopStorage      Min:  0.0, Avg:  0.0, Max:  0.0, Diff:  0.0, Sum:  0.0, Workers: 4
[5015.033s][debug][gc,phases      ] GC(289)     Dead                           Min: 0, Avg:  0.0, Max: 0, Diff: 0, Sum: 0, Workers: 4
[5015.033s][debug][gc,phases      ] GC(289)     Total                          Min: 0, Avg:  0.0, Max: 0, Diff: 0, Sum: 0, Workers: 4
[5015.033s][debug][gc,phases      ] GC(289)   StringTable Weak               Min:  0.0, Avg:  0.1, Max:  0.1, Diff:  0.1, Sum:  0.4, Workers: 4
[5015.033s][debug][gc,phases      ] GC(289)     Dead                           Min: 0, Avg:  0.0, Max: 0, Diff: 0, Sum: 0, Workers: 4
[5015.033s][debug][gc,phases      ] GC(289)     Total                          Min: 0, Avg: 11036.5, Max: 19572, Diff: 19572, Sum: 44146, Workers: 4
[5015.033s][debug][gc,phases      ] GC(289)   ResolvedMethodTable Weak       Min:  0.0, Avg:  0.0, Max:  0.0, Diff:  0.0, Sum:  0.1, Workers: 4
[5015.033s][debug][gc,phases      ] GC(289)     Dead                           Min: 0, Avg:  0.0, Max: 0, Diff: 0, Sum: 0, Workers: 4
[5015.033s][debug][gc,phases      ] GC(289)     Total                          Min: 0, Avg: 2620.5, Max: 4724, Diff: 4724, Sum: 10482, Workers: 4
[5015.033s][debug][gc,phases      ] GC(289)   JNI Weak                       Min:  0.0, Avg:  0.0, Max:  0.0, Diff:  0.0, Sum:  0.0, Workers: 4
[5015.033s][debug][gc,phases      ] GC(289)     Dead                           Min: 0, Avg:  0.0, Max: 0, Diff: 0, Sum: 0, Workers: 4
[5015.033s][debug][gc,phases      ] GC(289)     Total                          Min: 0, Avg: 11.2, Max: 45, Diff: 45, Sum: 45, Workers: 4
[5015.033s][debug][gc,phases      ] GC(289)   StringDedup Table Weak         Min:  0.0, Avg:  0.0, Max:  0.0, Diff:  0.0, Sum:  0.0, Workers: 4
[5015.033s][debug][gc,phases      ] GC(289)     Dead                           Min: 0, Avg:  0.0, Max: 0, Diff: 0, Sum: 0, Workers: 4
[5015.033s][debug][gc,phases      ] GC(289)     Total                          Min: 0, Avg:  0.0, Max: 0, Diff: 0, Sum: 0, Workers: 4
[5015.033s][debug][gc,phases      ] GC(289)   StringDedup Requests0 Weak     Min:  0.0, Avg:  0.0, Max:  0.0, Diff:  0.0, Sum:  0.0, Workers: 4
[5015.033s][debug][gc,phases      ] GC(289)     Dead                           Min: 0, Avg:  0.0, Max: 0, Diff: 0, Sum: 0, Workers: 4
[5015.033s][debug][gc,phases      ] GC(289)     Total                          Min: 0, Avg:  0.0, Max: 0, Diff: 0, Sum: 0, Workers: 4
[5015.033s][debug][gc,phases      ] GC(289)   StringDedup Requests1 Weak     Min:  0.0, Avg:  0.0, Max:  0.0, Diff:  0.0, Sum:  0.0, Workers: 4
[5015.033s][debug][gc,phases      ] GC(289)     Dead                           Min: 0, Avg:  0.0, Max: 0, Diff: 0, Sum: 0, Workers: 4
[5015.033s][debug][gc,phases      ] GC(289)     Total                          Min: 0, Avg:  0.0, Max: 0, Diff: 0, Sum: 0, Workers: 4
[5015.033s][debug][gc,phases      ] GC(289)   Weak JFR Old Object Samples    Min:  0.0, Avg:  0.0, Max:  0.0, Diff:  0.0, Sum:  0.0, Workers: 4
[5015.033s][debug][gc,phases      ] GC(289)     Dead                           Min: 0, Avg:  0.0, Max: 0, Diff: 0, Sum: 0, Workers: 4
[5015.033s][debug][gc,phases      ] GC(289)     Total                          Min: 0, Avg:  0.0, Max: 0, Diff: 0, Sum: 0, Workers: 4
[5015.033s][debug][gc,phases      ] GC(289) Weak Processing 0.334ms
[5015.033s][debug][gc,age         ] GC(289) Desired survivor size 1048576 bytes, new threshold 15 (max threshold 15)
[5015.033s][info ][gc,heap        ] GC(289) PSYoungGen: 2095232K(2096128K)->128K(2096128K) Eden: 2095104K(2095104K)->0K(2095104K) From: 128K(1024K)->128K(1024K)
[5015.033s][info ][gc,heap        ] GC(289) ParOldGen: 309890K(351232K)->309898K(351232K)
[5015.033s][info ][gc,metaspace   ] GC(289) Metaspace: 85508K(86400K)->85508K(86400K) NonClass: 73031K(73536K)->73031K(73536K) Class: 12477K(12864K)->12477K(12864K)
[5015.033s][info ][gc             ] GC(289) Pause Young (Allocation Failure) 2348M->302M(2390M) 2.477ms
[5015.033s][info ][gc,cpu         ] GC(289) User=0.00s Sys=0.00s Real=0.01s
[5015.033s][info ][safepoint      ] Safepoint "ParallelGCFailedAllocation", Time since last: 31848296846 ns, Reaching safepoint: 4300 ns, Cleanup: 4300 ns, At safepoint: 2557094 ns, Total: 2565694 ns
[5046.881s][info ][gc,start       ] GC(290) Pause Young (Allocation Failure)
[5046.883s][debug][gc,phases      ] GC(290) Scavenge 1.418ms
[5046.883s][debug][gc,ref         ] GC(290) Skipped phase 1 of Reference Processing: no references
[5046.883s][debug][gc,ref         ] GC(290) Skipped phase 2 of Reference Processing: no references
[5046.883s][debug][gc,ref         ] GC(290) Skipped phase 3 of Reference Processing: no references
[5046.883s][debug][gc,ref         ] GC(290) ReferenceProcessor::execute queues: 1, RefProcThreadModel::Single, marks_oops_alive: false
[5046.883s][debug][gc,phases      ] GC(290) Reference Processing 0.103ms
[5046.883s][debug][gc,phases      ] GC(290)   VM Weak                        Min:  0.0, Avg:  0.0, Max:  0.0, Diff:  0.0, Sum:  0.0, Workers: 4
[5046.883s][debug][gc,phases      ] GC(290)     Dead                           Min: 0, Avg:  0.0, Max: 0, Diff: 0, Sum: 0, Workers: 4
[5046.883s][debug][gc,phases      ] GC(290)     Total                          Min: 0, Avg: 185.5, Max: 358, Diff: 358, Sum: 742, Workers: 4
[5046.883s][debug][gc,phases      ] GC(290)   ObjectSynchronizer Weak        Min:  0.0, Avg:  0.0, Max:  0.0, Diff:  0.0, Sum:  0.0, Workers: 4
[5046.883s][debug][gc,phases      ] GC(290)     Dead                           Min: 0, Avg:  0.0, Max: 0, Diff: 0, Sum: 0, Workers: 4
[5046.883s][debug][gc,phases      ] GC(290)     Total                          Min: 0, Avg:  0.8, Max: 3, Diff: 3, Sum: 3, Workers: 4
[5046.883s][debug][gc,phases      ] GC(290)   JVMTI Tag Weak OopStorage      Min:  0.0, Avg:  0.0, Max:  0.0, Diff:  0.0, Sum:  0.0, Workers: 4
[5046.883s][debug][gc,phases      ] GC(290)     Dead                           Min: 0, Avg:  0.0, Max: 0, Diff: 0, Sum: 0, Workers: 4
[5046.883s][debug][gc,phases      ] GC(290)     Total                          Min: 0, Avg:  0.0, Max: 0, Diff: 0, Sum: 0, Workers: 4
[5046.883s][debug][gc,phases      ] GC(290)   StringTable Weak               Min:  0.1, Avg:  0.1, Max:  0.1, Diff:  0.0, Sum:  0.5, Workers: 4
[5046.883s][debug][gc,phases      ] GC(290)     Dead                           Min: 0, Avg:  0.0, Max: 0, Diff: 0, Sum: 0, Workers: 4
[5046.883s][debug][gc,phases      ] GC(290)     Total                          Min: 9727, Avg: 11036.5, Max: 11765, Diff: 2038, Sum: 44146, Workers: 4
[5046.883s][debug][gc,phases      ] GC(290)   ResolvedMethodTable Weak       Min:  0.0, Avg:  0.0, Max:  0.0, Diff:  0.0, Sum:  0.1, Workers: 4
[5046.883s][debug][gc,phases      ] GC(290)     Dead                           Min: 0, Avg:  0.0, Max: 0, Diff: 0, Sum: 0, Workers: 4
[5046.883s][debug][gc,phases      ] GC(290)     Total                          Min: 2432, Avg: 2620.5, Max: 2942, Diff: 510, Sum: 10482, Workers: 4
[5046.883s][debug][gc,phases      ] GC(290)   JNI Weak                       Min:  0.0, Avg:  0.0, Max:  0.0, Diff:  0.0, Sum:  0.0, Workers: 4
[5046.883s][debug][gc,phases      ] GC(290)     Dead                           Min: 0, Avg:  0.0, Max: 0, Diff: 0, Sum: 0, Workers: 4
[5046.883s][debug][gc,phases      ] GC(290)     Total                          Min: 0, Avg: 11.2, Max: 45, Diff: 45, Sum: 45, Workers: 4
[5046.883s][debug][gc,phases      ] GC(290)   StringDedup Table Weak         Min:  0.0, Avg:  0.0, Max:  0.0, Diff:  0.0, Sum:  0.0, Workers: 4
[5046.883s][debug][gc,phases      ] GC(290)     Dead                           Min: 0, Avg:  0.0, Max: 0, Diff: 0, Sum: 0, Workers: 4
[5046.883s][debug][gc,phases      ] GC(290)     Total                          Min: 0, Avg:  0.0, Max: 0, Diff: 0, Sum: 0, Workers: 4
[5046.883s][debug][gc,phases      ] GC(290)   StringDedup Requests0 Weak     Min:  0.0, Avg:  0.0, Max:  0.0, Diff:  0.0, Sum:  0.0, Workers: 4
[5046.883s][debug][gc,phases      ] GC(290)     Dead                           Min: 0, Avg:  0.0, Max: 0, Diff: 0, Sum: 0, Workers: 4
[5046.883s][debug][gc,phases      ] GC(290)     Total                          Min: 0, Avg:  0.0, Max: 0, Diff: 0, Sum: 0, Workers: 4
[5046.883s][debug][gc,phases      ] GC(290)   StringDedup Requests1 Weak     Min:  0.0, Avg:  0.0, Max:  0.0, Diff:  0.0, Sum:  0.0, Workers: 4
[5046.883s][debug][gc,phases      ] GC(290)     Dead                           Min: 0, Avg:  0.0, Max: 0, Diff: 0, Sum: 0, Workers: 4
[5046.883s][debug][gc,phases      ] GC(290)     Total                          Min: 0, Avg:  0.0, Max: 0, Diff: 0, Sum: 0, Workers: 4
[5046.883s][debug][gc,phases      ] GC(290)   Weak JFR Old Object Samples    Min:  0.0, Avg:  0.0, Max:  0.0, Diff:  0.0, Sum:  0.0, Workers: 4
[5046.883s][debug][gc,phases      ] GC(290)     Dead                           Min: 0, Avg:  0.0, Max: 0, Diff: 0, Sum: 0, Workers: 4
[5046.883s][debug][gc,phases      ] GC(290)     Total                          Min: 0, Avg:  0.0, Max: 0, Diff: 0, Sum: 0, Workers: 4
[5046.883s][debug][gc,phases      ] GC(290) Weak Processing 0.326ms
[5046.883s][debug][gc,age         ] GC(290) Desired survivor size 1048576 bytes, new threshold 15 (max threshold 15)
[5046.883s][info ][gc,heap        ] GC(290) PSYoungGen: 2095232K(2096128K)->128K(2096128K) Eden: 2095104K(2095104K)->0K(2095104K) From: 128K(1024K)->128K(1024K)
[5046.883s][info ][gc,heap        ] GC(290) ParOldGen: 309898K(351232K)->309906K(351232K)
[5046.883s][info ][gc,metaspace   ] GC(290) Metaspace: 85508K(86400K)->85508K(86400K) NonClass: 73031K(73536K)->73031K(73536K) Class: 12477K(12864K)->12477K(12864K)
[5046.883s][info ][gc             ] GC(290) Pause Young (Allocation Failure) 2348M->302M(2390M) 1.931ms
[5046.883s][info ][gc,cpu         ] GC(290) User=0.00s Sys=0.00s Real=0.00s
[5046.883s][info ][safepoint      ] Safepoint "ParallelGCFailedAllocation", Time since last: 31847560020 ns, Reaching safepoint: 4700 ns, Cleanup: 4100 ns, At safepoint: 2017596 ns, Total: 2026396 ns
[5078.732s][info ][gc,start       ] GC(291) Pause Young (Allocation Failure)
[5078.733s][debug][gc,phases      ] GC(291) Scavenge 1.250ms
[5078.733s][debug][gc,ref         ] GC(291) Skipped phase 1 of Reference Processing: no references
[5078.733s][debug][gc,ref         ] GC(291) Skipped phase 2 of Reference Processing: no references
[5078.733s][debug][gc,ref         ] GC(291) Skipped phase 3 of Reference Processing: no references
[5078.733s][debug][gc,ref         ] GC(291) ReferenceProcessor::execute queues: 1, RefProcThreadModel::Single, marks_oops_alive: false
[5078.733s][debug][gc,phases      ] GC(291) Reference Processing 0.089ms
[5078.733s][debug][gc,phases      ] GC(291)   VM Weak                        Min:  0.0, Avg:  0.0, Max:  0.0, Diff:  0.0, Sum:  0.0, Workers: 4
[5078.733s][debug][gc,phases      ] GC(291)     Dead                           Min: 0, Avg:  0.0, Max: 0, Diff: 0, Sum: 0, Workers: 4
[5078.733s][debug][gc,phases      ] GC(291)     Total                          Min: 0, Avg: 185.5, Max: 614, Diff: 614, Sum: 742, Workers: 4
[5078.733s][debug][gc,phases      ] GC(291)   ObjectSynchronizer Weak        Min:  0.0, Avg:  0.0, Max:  0.0, Diff:  0.0, Sum:  0.0, Workers: 4
[5078.733s][debug][gc,phases      ] GC(291)     Dead                           Min: 0, Avg:  0.0, Max: 0, Diff: 0, Sum: 0, Workers: 4
[5078.733s][debug][gc,phases      ] GC(291)     Total                          Min: 0, Avg:  0.8, Max: 3, Diff: 3, Sum: 3, Workers: 4
[5078.733s][debug][gc,phases      ] GC(291)   JVMTI Tag Weak OopStorage      Min:  0.0, Avg:  0.0, Max:  0.0, Diff:  0.0, Sum:  0.0, Workers: 4
[5078.733s][debug][gc,phases      ] GC(291)     Dead                           Min: 0, Avg:  0.0, Max: 0, Diff: 0, Sum: 0, Workers: 4
[5078.733s][debug][gc,phases      ] GC(291)     Total                          Min: 0, Avg:  0.0, Max: 0, Diff: 0, Sum: 0, Workers: 4
[5078.733s][debug][gc,phases      ] GC(291)   StringTable Weak               Min:  0.0, Avg:  0.1, Max:  0.1, Diff:  0.1, Sum:  0.4, Workers: 4
[5078.733s][debug][gc,phases      ] GC(291)     Dead                           Min: 0, Avg:  0.0, Max: 0, Diff: 0, Sum: 0, Workers: 4
[5078.733s][debug][gc,phases      ] GC(291)     Total                          Min: 0, Avg: 11036.5, Max: 18739, Diff: 18739, Sum: 44146, Workers: 4
[5078.733s][debug][gc,phases      ] GC(291)   ResolvedMethodTable Weak       Min:  0.0, Avg:  0.0, Max:  0.0, Diff:  0.0, Sum:  0.1, Workers: 4
[5078.733s][debug][gc,phases      ] GC(291)     Dead                           Min: 0, Avg:  0.0, Max: 0, Diff: 0, Sum: 0, Workers: 4
[5078.733s][debug][gc,phases      ] GC(291)     Total                          Min: 0, Avg: 2620.5, Max: 4670, Diff: 4670, Sum: 10482, Workers: 4
[5078.733s][debug][gc,phases      ] GC(291)   JNI Weak                       Min:  0.0, Avg:  0.0, Max:  0.0, Diff:  0.0, Sum:  0.0, Workers: 4
[5078.733s][debug][gc,phases      ] GC(291)     Dead                           Min: 0, Avg:  0.0, Max: 0, Diff: 0, Sum: 0, Workers: 4
[5078.733s][debug][gc,phases      ] GC(291)     Total                          Min: 0, Avg: 11.2, Max: 45, Diff: 45, Sum: 45, Workers: 4
[5078.733s][debug][gc,phases      ] GC(291)   StringDedup Table Weak         Min:  0.0, Avg:  0.0, Max:  0.0, Diff:  0.0, Sum:  0.0, Workers: 4
[5078.733s][debug][gc,phases      ] GC(291)     Dead                           Min: 0, Avg:  0.0, Max: 0, Diff: 0, Sum: 0, Workers: 4
[5078.733s][debug][gc,phases      ] GC(291)     Total                          Min: 0, Avg:  0.0, Max: 0, Diff: 0, Sum: 0, Workers: 4
[5078.733s][debug][gc,phases      ] GC(291)   StringDedup Requests0 Weak     Min:  0.0, Avg:  0.0, Max:  0.0, Diff:  0.0, Sum:  0.0, Workers: 4
[5078.733s][debug][gc,phases      ] GC(291)     Dead                           Min: 0, Avg:  0.0, Max: 0, Diff: 0, Sum: 0, Workers: 4
[5078.733s][debug][gc,phases      ] GC(291)     Total                          Min: 0, Avg:  0.0, Max: 0, Diff: 0, Sum: 0, Workers: 4
[5078.733s][debug][gc,phases      ] GC(291)   StringDedup Requests1 Weak     Min:  0.0, Avg:  0.0, Max:  0.0, Diff:  0.0, Sum:  0.0, Workers: 4
[5078.733s][debug][gc,phases      ] GC(291)     Dead                           Min: 0, Avg:  0.0, Max: 0, Diff: 0, Sum: 0, Workers: 4
[5078.733s][debug][gc,phases      ] GC(291)     Total                          Min: 0, Avg:  0.0, Max: 0, Diff: 0, Sum: 0, Workers: 4
[5078.733s][debug][gc,phases      ] GC(291)   Weak JFR Old Object Samples    Min:  0.0, Avg:  0.0, Max:  0.0, Diff:  0.0, Sum:  0.0, Workers: 4
[5078.733s][debug][gc,phases      ] GC(291)     Dead                           Min: 0, Avg:  0.0, Max: 0, Diff: 0, Sum: 0, Workers: 4
[5078.733s][debug][gc,phases      ] GC(291)     Total                          Min: 0, Avg:  0.0, Max: 0, Diff: 0, Sum: 0, Workers: 4
[5078.733s][debug][gc,phases      ] GC(291) Weak Processing 0.331ms
[5078.733s][debug][gc,age         ] GC(291) Desired survivor size 1048576 bytes, new threshold 15 (max threshold 15)
[5078.733s][info ][gc,heap        ] GC(291) PSYoungGen: 2095232K(2096128K)->128K(2096128K) Eden: 2095104K(2095104K)->0K(2095104K) From: 128K(1024K)->128K(1024K)
[5078.733s][info ][gc,heap        ] GC(291) ParOldGen: 309906K(351232K)->309914K(351232K)
[5078.733s][info ][gc,metaspace   ] GC(291) Metaspace: 85508K(86400K)->85508K(86400K) NonClass: 73031K(73536K)->73031K(73536K) Class: 12477K(12864K)->12477K(12864K)
[5078.733s][info ][gc             ] GC(291) Pause Young (Allocation Failure) 2348M->302M(2390M) 1.752ms
[5078.733s][info ][gc,cpu         ] GC(291) User=0.01s Sys=0.00s Real=0.01s
[5078.733s][info ][safepoint      ] Safepoint "ParallelGCFailedAllocation", Time since last: 31848384215 ns, Reaching safepoint: 3900 ns, Cleanup: 3600 ns, At safepoint: 1835496 ns, Total: 1842996 ns
[5110.581s][info ][gc,start       ] GC(292) Pause Young (Allocation Failure)
[5110.583s][debug][gc,phases      ] GC(292) Scavenge 2.061ms
[5110.583s][debug][gc,ref         ] GC(292) Skipped phase 1 of Reference Processing: no references
[5110.583s][debug][gc,ref         ] GC(292) Skipped phase 2 of Reference Processing: no references
[5110.583s][debug][gc,ref         ] GC(292) Skipped phase 3 of Reference Processing: no references
[5110.583s][debug][gc,ref         ] GC(292) ReferenceProcessor::execute queues: 1, RefProcThreadModel::Single, marks_oops_alive: false
[5110.583s][debug][gc,phases      ] GC(292) Reference Processing 0.100ms
[5110.583s][debug][gc,phases      ] GC(292)   VM Weak                        Min:  0.0, Avg:  0.0, Max:  0.0, Diff:  0.0, Sum:  0.0, Workers: 4
[5110.583s][debug][gc,phases      ] GC(292)     Dead                           Min: 0, Avg:  0.0, Max: 0, Diff: 0, Sum: 0, Workers: 4
[5110.583s][debug][gc,phases      ] GC(292)     Total                          Min: 0, Avg: 185.5, Max: 550, Diff: 550, Sum: 742, Workers: 4
[5110.583s][debug][gc,phases      ] GC(292)   ObjectSynchronizer Weak        Min:  0.0, Avg:  0.0, Max:  0.0, Diff:  0.0, Sum:  0.0, Workers: 4
[5110.583s][debug][gc,phases      ] GC(292)     Dead                           Min: 0, Avg:  0.0, Max: 0, Diff: 0, Sum: 0, Workers: 4
[5110.583s][debug][gc,phases      ] GC(292)     Total                          Min: 0, Avg:  0.8, Max: 3, Diff: 3, Sum: 3, Workers: 4
[5110.583s][debug][gc,phases      ] GC(292)   JVMTI Tag Weak OopStorage      Min:  0.0, Avg:  0.0, Max:  0.0, Diff:  0.0, Sum:  0.0, Workers: 4
[5110.583s][debug][gc,phases      ] GC(292)     Dead                           Min: 0, Avg:  0.0, Max: 0, Diff: 0, Sum: 0, Workers: 4
[5110.583s][debug][gc,phases      ] GC(292)     Total                          Min: 0, Avg:  0.0, Max: 0, Diff: 0, Sum: 0, Workers: 4
[5110.583s][debug][gc,phases      ] GC(292)   StringTable Weak               Min:  0.0, Avg:  0.1, Max:  0.1, Diff:  0.1, Sum:  0.4, Workers: 4
[5110.583s][debug][gc,phases      ] GC(292)     Dead                           Min: 0, Avg:  0.0, Max: 0, Diff: 0, Sum: 0, Workers: 4
[5110.583s][debug][gc,phases      ] GC(292)     Total                          Min: 0, Avg: 11036.5, Max: 19647, Diff: 19647, Sum: 44146, Workers: 4
[5110.583s][debug][gc,phases      ] GC(292)   ResolvedMethodTable Weak       Min:  0.0, Avg:  0.0, Max:  0.0, Diff:  0.0, Sum:  0.1, Workers: 4
[5110.583s][debug][gc,phases      ] GC(292)     Dead                           Min: 0, Avg:  0.0, Max: 0, Diff: 0, Sum: 0, Workers: 4
[5110.583s][debug][gc,phases      ] GC(292)     Total                          Min: 0, Avg: 2620.5, Max: 4788, Diff: 4788, Sum: 10482, Workers: 4
[5110.583s][debug][gc,phases      ] GC(292)   JNI Weak                       Min:  0.0, Avg:  0.0, Max:  0.0, Diff:  0.0, Sum:  0.0, Workers: 4
[5110.583s][debug][gc,phases      ] GC(292)     Dead                           Min: 0, Avg:  0.0, Max: 0, Diff: 0, Sum: 0, Workers: 4
[5110.583s][debug][gc,phases      ] GC(292)     Total                          Min: 0, Avg: 11.2, Max: 45, Diff: 45, Sum: 45, Workers: 4
[5110.583s][debug][gc,phases      ] GC(292)   StringDedup Table Weak         Min:  0.0, Avg:  0.0, Max:  0.0, Diff:  0.0, Sum:  0.0, Workers: 4
[5110.583s][debug][gc,phases      ] GC(292)     Dead                           Min: 0, Avg:  0.0, Max: 0, Diff: 0, Sum: 0, Workers: 4
[5110.583s][debug][gc,phases      ] GC(292)     Total                          Min: 0, Avg:  0.0, Max: 0, Diff: 0, Sum: 0, Workers: 4
[5110.583s][debug][gc,phases      ] GC(292)   StringDedup Requests0 Weak     Min:  0.0, Avg:  0.0, Max:  0.0, Diff:  0.0, Sum:  0.0, Workers: 4
[5110.583s][debug][gc,phases      ] GC(292)     Dead                           Min: 0, Avg:  0.0, Max: 0, Diff: 0, Sum: 0, Workers: 4
[5110.583s][debug][gc,phases      ] GC(292)     Total                          Min: 0, Avg:  0.0, Max: 0, Diff: 0, Sum: 0, Workers: 4
[5110.583s][debug][gc,phases      ] GC(292)   StringDedup Requests1 Weak     Min:  0.0, Avg:  0.0, Max:  0.0, Diff:  0.0, Sum:  0.0, Workers: 4
[5110.583s][debug][gc,phases      ] GC(292)     Dead                           Min: 0, Avg:  0.0, Max: 0, Diff: 0, Sum: 0, Workers: 4
[5110.583s][debug][gc,phases      ] GC(292)     Total                          Min: 0, Avg:  0.0, Max: 0, Diff: 0, Sum: 0, Workers: 4
[5110.583s][debug][gc,phases      ] GC(292)   Weak JFR Old Object Samples    Min:  0.0, Avg:  0.0, Max:  0.0, Diff:  0.0, Sum:  0.0, Workers: 4
[5110.583s][debug][gc,phases      ] GC(292)     Dead                           Min: 0, Avg:  0.0, Max: 0, Diff: 0, Sum: 0, Workers: 4
[5110.583s][debug][gc,phases      ] GC(292)     Total                          Min: 0, Avg:  0.0, Max: 0, Diff: 0, Sum: 0, Workers: 4
[5110.583s][debug][gc,phases      ] GC(292) Weak Processing 0.329ms
[5110.583s][debug][gc,age         ] GC(292) Desired survivor size 1048576 bytes, new threshold 15 (max threshold 15)
[5110.583s][info ][gc,heap        ] GC(292) PSYoungGen: 2095232K(2096128K)->128K(2096128K) Eden: 2095104K(2095104K)->0K(2095104K) From: 128K(1024K)->128K(1024K)
[5110.583s][info ][gc,heap        ] GC(292) ParOldGen: 309914K(351232K)->309922K(351232K)
[5110.583s][info ][gc,metaspace   ] GC(292) Metaspace: 85508K(86400K)->85508K(86400K) NonClass: 73031K(73536K)->73031K(73536K) Class: 12477K(12864K)->12477K(12864K)
[5110.583s][info ][gc             ] GC(292) Pause Young (Allocation Failure) 2348M->302M(2390M) 2.579ms
[5110.583s][info ][gc,cpu         ] GC(292) User=0.01s Sys=0.00s Real=0.00s
[5110.583s][info ][safepoint      ] Safepoint "ParallelGCFailedAllocation", Time since last: 31847424227 ns, Reaching safepoint: 4800 ns, Cleanup: 4000 ns, At safepoint: 2662594 ns, Total: 2671394 ns
[5141.983s][info ][gc,start       ] GC(293) Pause Young (Allocation Failure)
[5141.984s][debug][gc,phases      ] GC(293) Scavenge 1.249ms
[5141.984s][debug][gc,ref         ] GC(293) Skipped phase 1 of Reference Processing: no references
[5141.984s][debug][gc,ref         ] GC(293) Skipped phase 2 of Reference Processing: no references
[5141.984s][debug][gc,ref         ] GC(293) Skipped phase 3 of Reference Processing: no references
[5141.984s][debug][gc,ref         ] GC(293) ReferenceProcessor::execute queues: 1, RefProcThreadModel::Single, marks_oops_alive: false
[5141.984s][debug][gc,phases      ] GC(293) Reference Processing 0.093ms
[5141.984s][debug][gc,phases      ] GC(293)   VM Weak                        Min:  0.0, Avg:  0.0, Max:  0.0, Diff:  0.0, Sum:  0.0, Workers: 4
[5141.984s][debug][gc,phases      ] GC(293)     Dead                           Min: 0, Avg:  0.0, Max: 0, Diff: 0, Sum: 0, Workers: 4
[5141.984s][debug][gc,phases      ] GC(293)     Total                          Min: 0, Avg: 185.5, Max: 448, Diff: 448, Sum: 742, Workers: 4
[5141.984s][debug][gc,phases      ] GC(293)   ObjectSynchronizer Weak        Min:  0.0, Avg:  0.0, Max:  0.0, Diff:  0.0, Sum:  0.0, Workers: 4
[5141.984s][debug][gc,phases      ] GC(293)     Dead                           Min: 0, Avg:  0.0, Max: 0, Diff: 0, Sum: 0, Workers: 4
[5141.984s][debug][gc,phases      ] GC(293)     Total                          Min: 0, Avg:  0.8, Max: 3, Diff: 3, Sum: 3, Workers: 4
[5141.984s][debug][gc,phases      ] GC(293)   JVMTI Tag Weak OopStorage      Min:  0.0, Avg:  0.0, Max:  0.0, Diff:  0.0, Sum:  0.0, Workers: 4
[5141.984s][debug][gc,phases      ] GC(293)     Dead                           Min: 0, Avg:  0.0, Max: 0, Diff: 0, Sum: 0, Workers: 4
[5141.984s][debug][gc,phases      ] GC(293)     Total                          Min: 0, Avg:  0.0, Max: 0, Diff: 0, Sum: 0, Workers: 4
[5141.984s][debug][gc,phases      ] GC(293)   StringTable Weak               Min:  0.1, Avg:  0.1, Max:  0.1, Diff:  0.0, Sum:  0.4, Workers: 4
[5141.984s][debug][gc,phases      ] GC(293)     Dead                           Min: 0, Avg:  0.0, Max: 0, Diff: 0, Sum: 0, Workers: 4
[5141.984s][debug][gc,phases      ] GC(293)     Total                          Min: 10304, Avg: 11036.5, Max: 11956, Diff: 1652, Sum: 44146, Workers: 4
[5141.984s][debug][gc,phases      ] GC(293)   ResolvedMethodTable Weak       Min:  0.0, Avg:  0.0, Max:  0.0, Diff:  0.0, Sum:  0.1, Workers: 4
[5141.984s][debug][gc,phases      ] GC(293)     Dead                           Min: 0, Avg:  0.0, Max: 0, Diff: 0, Sum: 0, Workers: 4
[5141.985s][debug][gc,phases      ] GC(293)     Total                          Min: 2432, Avg: 2620.5, Max: 2868, Diff: 436, Sum: 10482, Workers: 4
[5141.985s][debug][gc,phases      ] GC(293)   JNI Weak                       Min:  0.0, Avg:  0.0, Max:  0.0, Diff:  0.0, Sum:  0.0, Workers: 4
[5141.985s][debug][gc,phases      ] GC(293)     Dead                           Min: 0, Avg:  0.0, Max: 0, Diff: 0, Sum: 0, Workers: 4
[5141.985s][debug][gc,phases      ] GC(293)     Total                          Min: 0, Avg: 11.2, Max: 45, Diff: 45, Sum: 45, Workers: 4
[5141.985s][debug][gc,phases      ] GC(293)   StringDedup Table Weak         Min:  0.0, Avg:  0.0, Max:  0.0, Diff:  0.0, Sum:  0.0, Workers: 4
[5141.985s][debug][gc,phases      ] GC(293)     Dead                           Min: 0, Avg:  0.0, Max: 0, Diff: 0, Sum: 0, Workers: 4
[5141.985s][debug][gc,phases      ] GC(293)     Total                          Min: 0, Avg:  0.0, Max: 0, Diff: 0, Sum: 0, Workers: 4
[5141.985s][debug][gc,phases      ] GC(293)   StringDedup Requests0 Weak     Min:  0.0, Avg:  0.0, Max:  0.0, Diff:  0.0, Sum:  0.0, Workers: 4
[5141.985s][debug][gc,phases      ] GC(293)     Dead                           Min: 0, Avg:  0.0, Max: 0, Diff: 0, Sum: 0, Workers: 4
[5141.985s][debug][gc,phases      ] GC(293)     Total                          Min: 0, Avg:  0.0, Max: 0, Diff: 0, Sum: 0, Workers: 4
[5141.985s][debug][gc,phases      ] GC(293)   StringDedup Requests1 Weak     Min:  0.0, Avg:  0.0, Max:  0.0, Diff:  0.0, Sum:  0.0, Workers: 4
[5141.985s][debug][gc,phases      ] GC(293)     Dead                           Min: 0, Avg:  0.0, Max: 0, Diff: 0, Sum: 0, Workers: 4
[5141.985s][debug][gc,phases      ] GC(293)     Total                          Min: 0, Avg:  0.0, Max: 0, Diff: 0, Sum: 0, Workers: 4
[5141.985s][debug][gc,phases      ] GC(293)   Weak JFR Old Object Samples    Min:  0.0, Avg:  0.0, Max:  0.0, Diff:  0.0, Sum:  0.0, Workers: 4
[5141.985s][debug][gc,phases      ] GC(293)     Dead                           Min: 0, Avg:  0.0, Max: 0, Diff: 0, Sum: 0, Workers: 4
[5141.985s][debug][gc,phases      ] GC(293)     Total                          Min: 0, Avg:  0.0, Max: 0, Diff: 0, Sum: 0, Workers: 4
[5141.985s][debug][gc,phases      ] GC(293) Weak Processing 0.310ms
[5141.985s][debug][gc,age         ] GC(293) Desired survivor size 524288 bytes, new threshold 15 (max threshold 15)
[5141.985s][info ][gc,heap        ] GC(293) PSYoungGen: 2095232K(2096128K)->128K(2096128K) Eden: 2095104K(2095104K)->0K(2095104K) From: 128K(1024K)->128K(1024K)
[5141.985s][info ][gc,heap        ] GC(293) ParOldGen: 309922K(351232K)->309930K(351232K)
[5141.985s][info ][gc,metaspace   ] GC(293) Metaspace: 85509K(86400K)->85509K(86400K) NonClass: 73031K(73536K)->73031K(73536K) Class: 12477K(12864K)->12477K(12864K)
[5141.985s][info ][gc             ] GC(293) Pause Young (Allocation Failure) 2348M->302M(2390M) 1.753ms
[5141.985s][info ][gc,cpu         ] GC(293) User=0.01s Sys=0.00s Real=0.00s
[5141.985s][info ][safepoint      ] Safepoint "ParallelGCFailedAllocation", Time since last: 31399322634 ns, Reaching safepoint: 73500 ns, Cleanup: 4400 ns, At safepoint: 1842496 ns, Total: 1920396 ns
[5173.879s][info ][gc,start       ] GC(294) Pause Young (Allocation Failure)
[5173.880s][debug][gc,phases      ] GC(294) Scavenge 1.335ms
[5173.880s][debug][gc,ref         ] GC(294) Skipped phase 1 of Reference Processing: no references
[5173.880s][debug][gc,ref         ] GC(294) Skipped phase 2 of Reference Processing: no references
[5173.880s][debug][gc,ref         ] GC(294) Skipped phase 3 of Reference Processing: no references
[5173.880s][debug][gc,ref         ] GC(294) ReferenceProcessor::execute queues: 1, RefProcThreadModel::Single, marks_oops_alive: false
[5173.880s][debug][gc,phases      ] GC(294) Reference Processing 0.090ms
[5173.880s][debug][gc,phases      ] GC(294)   VM Weak                        Min:  0.0, Avg:  0.0, Max:  0.0, Diff:  0.0, Sum:  0.0, Workers: 4
[5173.880s][debug][gc,phases      ] GC(294)     Dead                           Min: 0, Avg:  0.0, Max: 0, Diff: 0, Sum: 0, Workers: 4
[5173.880s][debug][gc,phases      ] GC(294)     Total                          Min: 0, Avg: 185.5, Max: 576, Diff: 576, Sum: 742, Workers: 4
[5173.880s][debug][gc,phases      ] GC(294)   ObjectSynchronizer Weak        Min:  0.0, Avg:  0.0, Max:  0.0, Diff:  0.0, Sum:  0.0, Workers: 4
[5173.880s][debug][gc,phases      ] GC(294)     Dead                           Min: 0, Avg:  0.0, Max: 0, Diff: 0, Sum: 0, Workers: 4
[5173.880s][debug][gc,phases      ] GC(294)     Total                          Min: 0, Avg:  0.8, Max: 3, Diff: 3, Sum: 3, Workers: 4
[5173.880s][debug][gc,phases      ] GC(294)   JVMTI Tag Weak OopStorage      Min:  0.0, Avg:  0.0, Max:  0.0, Diff:  0.0, Sum:  0.0, Workers: 4
[5173.880s][debug][gc,phases      ] GC(294)     Dead                           Min: 0, Avg:  0.0, Max: 0, Diff: 0, Sum: 0, Workers: 4
[5173.880s][debug][gc,phases      ] GC(294)     Total                          Min: 0, Avg:  0.0, Max: 0, Diff: 0, Sum: 0, Workers: 4
[5173.880s][debug][gc,phases      ] GC(294)   StringTable Weak               Min:  0.1, Avg:  0.1, Max:  0.1, Diff:  0.0, Sum:  0.4, Workers: 4
[5173.880s][debug][gc,phases      ] GC(294)     Dead                           Min: 0, Avg:  0.0, Max: 0, Diff: 0, Sum: 0, Workers: 4
[5173.880s][debug][gc,phases      ] GC(294)     Total                          Min: 9024, Avg: 11036.5, Max: 12276, Diff: 3252, Sum: 44146, Workers: 4
[5173.880s][debug][gc,phases      ] GC(294)   ResolvedMethodTable Weak       Min:  0.0, Avg:  0.0, Max:  0.0, Diff:  0.0, Sum:  0.1, Workers: 4
[5173.880s][debug][gc,phases      ] GC(294)     Dead                           Min: 0, Avg:  0.0, Max: 0, Diff: 0, Sum: 0, Workers: 4
[5173.880s][debug][gc,phases      ] GC(294)     Total                          Min: 2432, Avg: 2620.5, Max: 3008, Diff: 576, Sum: 10482, Workers: 4
[5173.880s][debug][gc,phases      ] GC(294)   JNI Weak                       Min:  0.0, Avg:  0.0, Max:  0.0, Diff:  0.0, Sum:  0.0, Workers: 4
[5173.880s][debug][gc,phases      ] GC(294)     Dead                           Min: 0, Avg:  0.0, Max: 0, Diff: 0, Sum: 0, Workers: 4
[5173.880s][debug][gc,phases      ] GC(294)     Total                          Min: 0, Avg: 11.2, Max: 45, Diff: 45, Sum: 45, Workers: 4
[5173.880s][debug][gc,phases      ] GC(294)   StringDedup Table Weak         Min:  0.0, Avg:  0.0, Max:  0.0, Diff:  0.0, Sum:  0.0, Workers: 4
[5173.880s][debug][gc,phases      ] GC(294)     Dead                           Min: 0, Avg:  0.0, Max: 0, Diff: 0, Sum: 0, Workers: 4
[5173.880s][debug][gc,phases      ] GC(294)     Total                          Min: 0, Avg:  0.0, Max: 0, Diff: 0, Sum: 0, Workers: 4
[5173.880s][debug][gc,phases      ] GC(294)   StringDedup Requests0 Weak     Min:  0.0, Avg:  0.0, Max:  0.0, Diff:  0.0, Sum:  0.0, Workers: 4
[5173.880s][debug][gc,phases      ] GC(294)     Dead                           Min: 0, Avg:  0.0, Max: 0, Diff: 0, Sum: 0, Workers: 4
[5173.880s][debug][gc,phases      ] GC(294)     Total                          Min: 0, Avg:  0.0, Max: 0, Diff: 0, Sum: 0, Workers: 4
[5173.880s][debug][gc,phases      ] GC(294)   StringDedup Requests1 Weak     Min:  0.0, Avg:  0.0, Max:  0.0, Diff:  0.0, Sum:  0.0, Workers: 4
[5173.880s][debug][gc,phases      ] GC(294)     Dead                           Min: 0, Avg:  0.0, Max: 0, Diff: 0, Sum: 0, Workers: 4
[5173.880s][debug][gc,phases      ] GC(294)     Total                          Min: 0, Avg:  0.0, Max: 0, Diff: 0, Sum: 0, Workers: 4
[5173.880s][debug][gc,phases      ] GC(294)   Weak JFR Old Object Samples    Min:  0.0, Avg:  0.0, Max:  0.0, Diff:  0.0, Sum:  0.0, Workers: 4
[5173.880s][debug][gc,phases      ] GC(294)     Dead                           Min: 0, Avg:  0.0, Max: 0, Diff: 0, Sum: 0, Workers: 4
[5173.880s][debug][gc,phases      ] GC(294)     Total                          Min: 0, Avg:  0.0, Max: 0, Diff: 0, Sum: 0, Workers: 4
[5173.880s][debug][gc,phases      ] GC(294) Weak Processing 0.360ms
[5173.880s][debug][gc,age         ] GC(294) Desired survivor size 524288 bytes, new threshold 15 (max threshold 15)
[5173.880s][info ][gc,heap        ] GC(294) PSYoungGen: 2095232K(2096128K)->128K(2096640K) Eden: 2095104K(2095104K)->0K(2096128K) From: 128K(1024K)->128K(512K)
[5173.880s][info ][gc,heap        ] GC(294) ParOldGen: 309930K(351232K)->309938K(351232K)
[5173.880s][info ][gc,metaspace   ] GC(294) Metaspace: 85511K(86400K)->85511K(86400K) NonClass: 73033K(73536K)->73033K(73536K) Class: 12477K(12864K)->12477K(12864K)
[5173.880s][info ][gc             ] GC(294) Pause Young (Allocation Failure) 2348M->302M(2390M) 1.889ms
[5173.880s][info ][gc,cpu         ] GC(294) User=0.00s Sys=0.00s Real=0.01s
[5173.880s][info ][safepoint      ] Safepoint "ParallelGCFailedAllocation", Time since last: 31893878117 ns, Reaching safepoint: 3900 ns, Cleanup: 4900 ns, At safepoint: 1959196 ns, Total: 1967996 ns
[5205.730s][info ][gc,start       ] GC(295) Pause Young (Allocation Failure)
[5205.732s][debug][gc,phases      ] GC(295) Scavenge 2.317ms
[5205.732s][debug][gc,ref         ] GC(295) Skipped phase 1 of Reference Processing: no references
[5205.732s][debug][gc,ref         ] GC(295) Skipped phase 2 of Reference Processing: no references
[5205.732s][debug][gc,ref         ] GC(295) Skipped phase 3 of Reference Processing: no references
[5205.732s][debug][gc,ref         ] GC(295) ReferenceProcessor::execute queues: 1, RefProcThreadModel::Single, marks_oops_alive: false
[5205.732s][debug][gc,phases      ] GC(295) Reference Processing 0.099ms
[5205.733s][debug][gc,phases      ] GC(295)   VM Weak                        Min:  0.0, Avg:  0.0, Max:  0.0, Diff:  0.0, Sum:  0.0, Workers: 4
[5205.733s][debug][gc,phases      ] GC(295)     Dead                           Min: 0, Avg:  0.0, Max: 0, Diff: 0, Sum: 0, Workers: 4
[5205.733s][debug][gc,phases      ] GC(295)     Total                          Min: 0, Avg: 185.5, Max: 550, Diff: 550, Sum: 742, Workers: 4
[5205.733s][debug][gc,phases      ] GC(295)   ObjectSynchronizer Weak        Min:  0.0, Avg:  0.0, Max:  0.0, Diff:  0.0, Sum:  0.0, Workers: 4
[5205.733s][debug][gc,phases      ] GC(295)     Dead                           Min: 0, Avg:  0.0, Max: 0, Diff: 0, Sum: 0, Workers: 4
[5205.733s][debug][gc,phases      ] GC(295)     Total                          Min: 0, Avg:  0.8, Max: 3, Diff: 3, Sum: 3, Workers: 4
[5205.733s][debug][gc,phases      ] GC(295)   JVMTI Tag Weak OopStorage      Min:  0.0, Avg:  0.0, Max:  0.0, Diff:  0.0, Sum:  0.0, Workers: 4
[5205.733s][debug][gc,phases      ] GC(295)     Dead                           Min: 0, Avg:  0.0, Max: 0, Diff: 0, Sum: 0, Workers: 4
[5205.733s][debug][gc,phases      ] GC(295)     Total                          Min: 0, Avg:  0.0, Max: 0, Diff: 0, Sum: 0, Workers: 4
[5205.733s][debug][gc,phases      ] GC(295)   StringTable Weak               Min:  0.0, Avg:  0.1, Max:  0.1, Diff:  0.1, Sum:  0.4, Workers: 4
[5205.733s][debug][gc,phases      ] GC(295)     Dead                           Min: 0, Avg:  0.0, Max: 0, Diff: 0, Sum: 0, Workers: 4
[5205.733s][debug][gc,phases      ] GC(295)     Total                          Min: 0, Avg: 11036.5, Max: 19710, Diff: 19710, Sum: 44146, Workers: 4
[5205.733s][debug][gc,phases      ] GC(295)   ResolvedMethodTable Weak       Min:  0.0, Avg:  0.0, Max:  0.0, Diff:  0.0, Sum:  0.1, Workers: 4
[5205.733s][debug][gc,phases      ] GC(295)     Dead                           Min: 0, Avg:  0.0, Max: 0, Diff: 0, Sum: 0, Workers: 4
[5205.733s][debug][gc,phases      ] GC(295)     Total                          Min: 0, Avg: 2620.5, Max: 4670, Diff: 4670, Sum: 10482, Workers: 4
[5205.733s][debug][gc,phases      ] GC(295)   JNI Weak                       Min:  0.0, Avg:  0.0, Max:  0.0, Diff:  0.0, Sum:  0.0, Workers: 4
[5205.733s][debug][gc,phases      ] GC(295)     Dead                           Min: 0, Avg:  0.0, Max: 0, Diff: 0, Sum: 0, Workers: 4
[5205.733s][debug][gc,phases      ] GC(295)     Total                          Min: 0, Avg: 11.2, Max: 45, Diff: 45, Sum: 45, Workers: 4
[5205.733s][debug][gc,phases      ] GC(295)   StringDedup Table Weak         Min:  0.0, Avg:  0.0, Max:  0.0, Diff:  0.0, Sum:  0.0, Workers: 4
[5205.733s][debug][gc,phases      ] GC(295)     Dead                           Min: 0, Avg:  0.0, Max: 0, Diff: 0, Sum: 0, Workers: 4
[5205.733s][debug][gc,phases      ] GC(295)     Total                          Min: 0, Avg:  0.0, Max: 0, Diff: 0, Sum: 0, Workers: 4
[5205.733s][debug][gc,phases      ] GC(295)   StringDedup Requests0 Weak     Min:  0.0, Avg:  0.0, Max:  0.0, Diff:  0.0, Sum:  0.0, Workers: 4
[5205.733s][debug][gc,phases      ] GC(295)     Dead                           Min: 0, Avg:  0.0, Max: 0, Diff: 0, Sum: 0, Workers: 4
[5205.733s][debug][gc,phases      ] GC(295)     Total                          Min: 0, Avg:  0.0, Max: 0, Diff: 0, Sum: 0, Workers: 4
[5205.733s][debug][gc,phases      ] GC(295)   StringDedup Requests1 Weak     Min:  0.0, Avg:  0.0, Max:  0.0, Diff:  0.0, Sum:  0.0, Workers: 4
[5205.733s][debug][gc,phases      ] GC(295)     Dead                           Min: 0, Avg:  0.0, Max: 0, Diff: 0, Sum: 0, Workers: 4
[5205.733s][debug][gc,phases      ] GC(295)     Total                          Min: 0, Avg:  0.0, Max: 0, Diff: 0, Sum: 0, Workers: 4
[5205.733s][debug][gc,phases      ] GC(295)   Weak JFR Old Object Samples    Min:  0.0, Avg:  0.0, Max:  0.0, Diff:  0.0, Sum:  0.0, Workers: 4
[5205.733s][debug][gc,phases      ] GC(295)     Dead                           Min: 0, Avg:  0.0, Max: 0, Diff: 0, Sum: 0, Workers: 4
[5205.733s][debug][gc,phases      ] GC(295)     Total                          Min: 0, Avg:  0.0, Max: 0, Diff: 0, Sum: 0, Workers: 4
[5205.733s][debug][gc,phases      ] GC(295) Weak Processing 0.319ms
[5205.733s][debug][gc,age         ] GC(295) Desired survivor size 524288 bytes, new threshold 15 (max threshold 15)
[5205.733s][info ][gc,heap        ] GC(295) PSYoungGen: 2096256K(2096640K)->128K(2096640K) Eden: 2096128K(2096128K)->0K(2096128K) From: 128K(512K)->128K(512K)
[5205.733s][info ][gc,heap        ] GC(295) ParOldGen: 309938K(351232K)->309946K(351232K)
[5205.733s][info ][gc,metaspace   ] GC(295) Metaspace: 85511K(86400K)->85511K(86400K) NonClass: 73033K(73536K)->73033K(73536K) Class: 12477K(12864K)->12477K(12864K)
[5205.733s][info ][gc             ] GC(295) Pause Young (Allocation Failure) 2349M->302M(2390M) 2.832ms
[5205.733s][info ][gc,cpu         ] GC(295) User=0.00s Sys=0.00s Real=0.01s
[5205.733s][info ][safepoint      ] Safepoint "ParallelGCFailedAllocation", Time since last: 31849377928 ns, Reaching safepoint: 4000 ns, Cleanup: 4100 ns, At safepoint: 2931793 ns, Total: 2939893 ns
[5237.581s][info ][gc,start       ] GC(296) Pause Young (Allocation Failure)
[5237.583s][debug][gc,phases      ] GC(296) Scavenge 1.341ms
[5237.583s][debug][gc,ref         ] GC(296) Skipped phase 1 of Reference Processing: no references
[5237.583s][debug][gc,ref         ] GC(296) Skipped phase 2 of Reference Processing: no references
[5237.583s][debug][gc,ref         ] GC(296) Skipped phase 3 of Reference Processing: no references
[5237.583s][debug][gc,ref         ] GC(296) ReferenceProcessor::execute queues: 1, RefProcThreadModel::Single, marks_oops_alive: false
[5237.583s][debug][gc,phases      ] GC(296) Reference Processing 0.090ms
[5237.583s][debug][gc,phases      ] GC(296)   VM Weak                        Min:  0.0, Avg:  0.0, Max:  0.0, Diff:  0.0, Sum:  0.0, Workers: 4
[5237.583s][debug][gc,phases      ] GC(296)     Dead                           Min: 0, Avg:  0.0, Max: 0, Diff: 0, Sum: 0, Workers: 4
[5237.583s][debug][gc,phases      ] GC(296)     Total                          Min: 0, Avg: 185.5, Max: 640, Diff: 640, Sum: 742, Workers: 4
[5237.583s][debug][gc,phases      ] GC(296)   ObjectSynchronizer Weak        Min:  0.0, Avg:  0.0, Max:  0.0, Diff:  0.0, Sum:  0.0, Workers: 4
[5237.583s][debug][gc,phases      ] GC(296)     Dead                           Min: 0, Avg:  0.0, Max: 0, Diff: 0, Sum: 0, Workers: 4
[5237.583s][debug][gc,phases      ] GC(296)     Total                          Min: 0, Avg:  0.8, Max: 3, Diff: 3, Sum: 3, Workers: 4
[5237.583s][debug][gc,phases      ] GC(296)   JVMTI Tag Weak OopStorage      Min:  0.0, Avg:  0.0, Max:  0.0, Diff:  0.0, Sum:  0.0, Workers: 4
[5237.583s][debug][gc,phases      ] GC(296)     Dead                           Min: 0, Avg:  0.0, Max: 0, Diff: 0, Sum: 0, Workers: 4
[5237.583s][debug][gc,phases      ] GC(296)     Total                          Min: 0, Avg:  0.0, Max: 0, Diff: 0, Sum: 0, Workers: 4
[5237.583s][debug][gc,phases      ] GC(296)   StringTable Weak               Min:  0.0, Avg:  0.1, Max:  0.1, Diff:  0.1, Sum:  0.4, Workers: 4
[5237.583s][debug][gc,phases      ] GC(296)     Dead                           Min: 0, Avg:  0.0, Max: 0, Diff: 0, Sum: 0, Workers: 4
[5237.583s][debug][gc,phases      ] GC(296)     Total                          Min: 0, Avg: 11036.5, Max: 20148, Diff: 20148, Sum: 44146, Workers: 4
[5237.583s][debug][gc,phases      ] GC(296)   ResolvedMethodTable Weak       Min:  0.0, Avg:  0.0, Max:  0.0, Diff:  0.0, Sum:  0.1, Workers: 4
[5237.583s][debug][gc,phases      ] GC(296)     Dead                           Min: 0, Avg:  0.0, Max: 0, Diff: 0, Sum: 0, Workers: 4
[5237.583s][debug][gc,phases      ] GC(296)     Total                          Min: 0, Avg: 2620.5, Max: 4660, Diff: 4660, Sum: 10482, Workers: 4
[5237.583s][debug][gc,phases      ] GC(296)   JNI Weak                       Min:  0.0, Avg:  0.0, Max:  0.0, Diff:  0.0, Sum:  0.0, Workers: 4
[5237.583s][debug][gc,phases      ] GC(296)     Dead                           Min: 0, Avg:  0.0, Max: 0, Diff: 0, Sum: 0, Workers: 4
[5237.583s][debug][gc,phases      ] GC(296)     Total                          Min: 0, Avg: 11.2, Max: 45, Diff: 45, Sum: 45, Workers: 4
[5237.583s][debug][gc,phases      ] GC(296)   StringDedup Table Weak         Min:  0.0, Avg:  0.0, Max:  0.0, Diff:  0.0, Sum:  0.0, Workers: 4
[5237.583s][debug][gc,phases      ] GC(296)     Dead                           Min: 0, Avg:  0.0, Max: 0, Diff: 0, Sum: 0, Workers: 4
[5237.583s][debug][gc,phases      ] GC(296)     Total                          Min: 0, Avg:  0.0, Max: 0, Diff: 0, Sum: 0, Workers: 4
[5237.583s][debug][gc,phases      ] GC(296)   StringDedup Requests0 Weak     Min:  0.0, Avg:  0.0, Max:  0.0, Diff:  0.0, Sum:  0.0, Workers: 4
[5237.583s][debug][gc,phases      ] GC(296)     Dead                           Min: 0, Avg:  0.0, Max: 0, Diff: 0, Sum: 0, Workers: 4
[5237.583s][debug][gc,phases      ] GC(296)     Total                          Min: 0, Avg:  0.0, Max: 0, Diff: 0, Sum: 0, Workers: 4
[5237.583s][debug][gc,phases      ] GC(296)   StringDedup Requests1 Weak     Min:  0.0, Avg:  0.0, Max:  0.0, Diff:  0.0, Sum:  0.0, Workers: 4
[5237.583s][debug][gc,phases      ] GC(296)     Dead                           Min: 0, Avg:  0.0, Max: 0, Diff: 0, Sum: 0, Workers: 4
[5237.583s][debug][gc,phases      ] GC(296)     Total                          Min: 0, Avg:  0.0, Max: 0, Diff: 0, Sum: 0, Workers: 4
[5237.583s][debug][gc,phases      ] GC(296)   Weak JFR Old Object Samples    Min:  0.0, Avg:  0.0, Max:  0.0, Diff:  0.0, Sum:  0.0, Workers: 4
[5237.583s][debug][gc,phases      ] GC(296)     Dead                           Min: 0, Avg:  0.0, Max: 0, Diff: 0, Sum: 0, Workers: 4
[5237.583s][debug][gc,phases      ] GC(296)     Total                          Min: 0, Avg:  0.0, Max: 0, Diff: 0, Sum: 0, Workers: 4
[5237.583s][debug][gc,phases      ] GC(296) Weak Processing 0.322ms
[5237.583s][debug][gc,age         ] GC(296) Desired survivor size 524288 bytes, new threshold 15 (max threshold 15)
[5237.583s][info ][gc,heap        ] GC(296) PSYoungGen: 2096256K(2096640K)->128K(2096640K) Eden: 2096128K(2096128K)->0K(2096128K) From: 128K(512K)->128K(512K)
[5237.583s][info ][gc,heap        ] GC(296) ParOldGen: 309946K(351232K)->309954K(351232K)
[5237.583s][info ][gc,metaspace   ] GC(296) Metaspace: 85511K(86400K)->85511K(86400K) NonClass: 73033K(73536K)->73033K(73536K) Class: 12477K(12864K)->12477K(12864K)
[5237.583s][info ][gc             ] GC(296) Pause Young (Allocation Failure) 2349M->302M(2390M) 1.864ms
[5237.583s][info ][gc,cpu         ] GC(296) User=0.01s Sys=0.00s Real=0.00s
[5237.583s][info ][safepoint      ] Safepoint "ParallelGCFailedAllocation", Time since last: 31848404256 ns, Reaching safepoint: 4000 ns, Cleanup: 3900 ns, At safepoint: 1951596 ns, Total: 1959496 ns
[5269.432s][info ][gc,start       ] GC(297) Pause Young (Allocation Failure)
[5269.433s][debug][gc,phases      ] GC(297) Scavenge 1.372ms
[5269.433s][debug][gc,ref         ] GC(297) Skipped phase 1 of Reference Processing: no references
[5269.433s][debug][gc,ref         ] GC(297) Skipped phase 2 of Reference Processing: no references
[5269.433s][debug][gc,ref         ] GC(297) Skipped phase 3 of Reference Processing: no references
[5269.433s][debug][gc,ref         ] GC(297) ReferenceProcessor::execute queues: 1, RefProcThreadModel::Single, marks_oops_alive: false
[5269.433s][debug][gc,phases      ] GC(297) Reference Processing 0.101ms
[5269.433s][debug][gc,phases      ] GC(297)   VM Weak                        Min:  0.0, Avg:  0.0, Max:  0.0, Diff:  0.0, Sum:  0.0, Workers: 4
[5269.433s][debug][gc,phases      ] GC(297)     Dead                           Min: 0, Avg:  0.0, Max: 0, Diff: 0, Sum: 0, Workers: 4
[5269.433s][debug][gc,phases      ] GC(297)     Total                          Min: 0, Avg: 185.5, Max: 704, Diff: 704, Sum: 742, Workers: 4
[5269.433s][debug][gc,phases      ] GC(297)   ObjectSynchronizer Weak        Min:  0.0, Avg:  0.0, Max:  0.0, Diff:  0.0, Sum:  0.0, Workers: 4
[5269.433s][debug][gc,phases      ] GC(297)     Dead                           Min: 0, Avg:  0.0, Max: 0, Diff: 0, Sum: 0, Workers: 4
[5269.433s][debug][gc,phases      ] GC(297)     Total                          Min: 0, Avg:  0.8, Max: 3, Diff: 3, Sum: 3, Workers: 4
[5269.433s][debug][gc,phases      ] GC(297)   JVMTI Tag Weak OopStorage      Min:  0.0, Avg:  0.0, Max:  0.0, Diff:  0.0, Sum:  0.0, Workers: 4
[5269.433s][debug][gc,phases      ] GC(297)     Dead                           Min: 0, Avg:  0.0, Max: 0, Diff: 0, Sum: 0, Workers: 4
[5269.433s][debug][gc,phases      ] GC(297)     Total                          Min: 0, Avg:  0.0, Max: 0, Diff: 0, Sum: 0, Workers: 4
[5269.433s][debug][gc,phases      ] GC(297)   StringTable Weak               Min:  0.0, Avg:  0.1, Max:  0.1, Diff:  0.1, Sum:  0.4, Workers: 4
[5269.433s][debug][gc,phases      ] GC(297)     Dead                           Min: 0, Avg:  0.0, Max: 0, Diff: 0, Sum: 0, Workers: 4
[5269.433s][debug][gc,phases      ] GC(297)     Total                          Min: 0, Avg: 11036.5, Max: 19582, Diff: 19582, Sum: 44146, Workers: 4
[5269.433s][debug][gc,phases      ] GC(297)   ResolvedMethodTable Weak       Min:  0.0, Avg:  0.0, Max:  0.0, Diff:  0.0, Sum:  0.1, Workers: 4
[5269.433s][debug][gc,phases      ] GC(297)     Dead                           Min: 0, Avg:  0.0, Max: 0, Diff: 0, Sum: 0, Workers: 4
[5269.433s][debug][gc,phases      ] GC(297)     Total                          Min: 0, Avg: 2620.5, Max: 4852, Diff: 4852, Sum: 10482, Workers: 4
[5269.433s][debug][gc,phases      ] GC(297)   JNI Weak                       Min:  0.0, Avg:  0.0, Max:  0.0, Diff:  0.0, Sum:  0.0, Workers: 4
[5269.433s][debug][gc,phases      ] GC(297)     Dead                           Min: 0, Avg:  0.0, Max: 0, Diff: 0, Sum: 0, Workers: 4
[5269.433s][debug][gc,phases      ] GC(297)     Total                          Min: 0, Avg: 11.2, Max: 45, Diff: 45, Sum: 45, Workers: 4
[5269.433s][debug][gc,phases      ] GC(297)   StringDedup Table Weak         Min:  0.0, Avg:  0.0, Max:  0.0, Diff:  0.0, Sum:  0.0, Workers: 4
[5269.433s][debug][gc,phases      ] GC(297)     Dead                           Min: 0, Avg:  0.0, Max: 0, Diff: 0, Sum: 0, Workers: 4
[5269.433s][debug][gc,phases      ] GC(297)     Total                          Min: 0, Avg:  0.0, Max: 0, Diff: 0, Sum: 0, Workers: 4
[5269.433s][debug][gc,phases      ] GC(297)   StringDedup Requests0 Weak     Min:  0.0, Avg:  0.0, Max:  0.0, Diff:  0.0, Sum:  0.0, Workers: 4
[5269.433s][debug][gc,phases      ] GC(297)     Dead                           Min: 0, Avg:  0.0, Max: 0, Diff: 0, Sum: 0, Workers: 4
[5269.433s][debug][gc,phases      ] GC(297)     Total                          Min: 0, Avg:  0.0, Max: 0, Diff: 0, Sum: 0, Workers: 4
[5269.433s][debug][gc,phases      ] GC(297)   StringDedup Requests1 Weak     Min:  0.0, Avg:  0.0, Max:  0.0, Diff:  0.0, Sum:  0.0, Workers: 4
[5269.433s][debug][gc,phases      ] GC(297)     Dead                           Min: 0, Avg:  0.0, Max: 0, Diff: 0, Sum: 0, Workers: 4
[5269.433s][debug][gc,phases      ] GC(297)     Total                          Min: 0, Avg:  0.0, Max: 0, Diff: 0, Sum: 0, Workers: 4
[5269.433s][debug][gc,phases      ] GC(297)   Weak JFR Old Object Samples    Min:  0.0, Avg:  0.0, Max:  0.0, Diff:  0.0, Sum:  0.0, Workers: 4
[5269.433s][debug][gc,phases      ] GC(297)     Dead                           Min: 0, Avg:  0.0, Max: 0, Diff: 0, Sum: 0, Workers: 4
[5269.433s][debug][gc,phases      ] GC(297)     Total                          Min: 0, Avg:  0.0, Max: 0, Diff: 0, Sum: 0, Workers: 4
[5269.433s][debug][gc,phases      ] GC(297) Weak Processing 0.328ms
[5269.433s][debug][gc,age         ] GC(297) Desired survivor size 524288 bytes, new threshold 15 (max threshold 15)
[5269.433s][info ][gc,heap        ] GC(297) PSYoungGen: 2096256K(2096640K)->128K(2096640K) Eden: 2096128K(2096128K)->0K(2096128K) From: 128K(512K)->128K(512K)
[5269.433s][info ][gc,heap        ] GC(297) ParOldGen: 309954K(351232K)->309962K(351232K)
[5269.433s][info ][gc,metaspace   ] GC(297) Metaspace: 85511K(86400K)->85511K(86400K) NonClass: 73033K(73536K)->73033K(73536K) Class: 12477K(12864K)->12477K(12864K)
[5269.433s][info ][gc             ] GC(297) Pause Young (Allocation Failure) 2349M->302M(2390M) 1.895ms
[5269.433s][info ][gc,cpu         ] GC(297) User=0.00s Sys=0.00s Real=0.01s
[5269.433s][info ][safepoint      ] Safepoint "ParallelGCFailedAllocation", Time since last: 31848293409 ns, Reaching safepoint: 4300 ns, Cleanup: 4100 ns, At safepoint: 1993495 ns, Total: 2001895 ns
[5301.329s][info ][gc,start       ] GC(298) Pause Young (Allocation Failure)
[5301.331s][debug][gc,phases      ] GC(298) Scavenge 1.376ms
[5301.331s][debug][gc,ref         ] GC(298) Skipped phase 1 of Reference Processing: no references
[5301.331s][debug][gc,ref         ] GC(298) Skipped phase 2 of Reference Processing: no references
[5301.331s][debug][gc,ref         ] GC(298) Skipped phase 3 of Reference Processing: no references
[5301.331s][debug][gc,ref         ] GC(298) ReferenceProcessor::execute queues: 1, RefProcThreadModel::Single, marks_oops_alive: false
[5301.331s][debug][gc,phases      ] GC(298) Reference Processing 0.104ms
[5301.331s][debug][gc,phases      ] GC(298)   VM Weak                        Min:  0.0, Avg:  0.0, Max:  0.0, Diff:  0.0, Sum:  0.0, Workers: 4
[5301.331s][debug][gc,phases      ] GC(298)     Dead                           Min: 0, Avg:  0.0, Max: 0, Diff: 0, Sum: 0, Workers: 4
[5301.331s][debug][gc,phases      ] GC(298)     Total                          Min: 0, Avg: 185.5, Max: 448, Diff: 448, Sum: 742, Workers: 4
[5301.331s][debug][gc,phases      ] GC(298)   ObjectSynchronizer Weak        Min:  0.0, Avg:  0.0, Max:  0.0, Diff:  0.0, Sum:  0.0, Workers: 4
[5301.331s][debug][gc,phases      ] GC(298)     Dead                           Min: 0, Avg:  0.0, Max: 0, Diff: 0, Sum: 0, Workers: 4
[5301.331s][debug][gc,phases      ] GC(298)     Total                          Min: 0, Avg:  0.8, Max: 3, Diff: 3, Sum: 3, Workers: 4
[5301.331s][debug][gc,phases      ] GC(298)   JVMTI Tag Weak OopStorage      Min:  0.0, Avg:  0.0, Max:  0.0, Diff:  0.0, Sum:  0.0, Workers: 4
[5301.331s][debug][gc,phases      ] GC(298)     Dead                           Min: 0, Avg:  0.0, Max: 0, Diff: 0, Sum: 0, Workers: 4
[5301.331s][debug][gc,phases      ] GC(298)     Total                          Min: 0, Avg:  0.0, Max: 0, Diff: 0, Sum: 0, Workers: 4
[5301.331s][debug][gc,phases      ] GC(298)   StringTable Weak               Min:  0.0, Avg:  0.1, Max:  0.1, Diff:  0.1, Sum:  0.4, Workers: 4
[5301.331s][debug][gc,phases      ] GC(298)     Dead                           Min: 0, Avg:  0.0, Max: 0, Diff: 0, Sum: 0, Workers: 4
[5301.331s][debug][gc,phases      ] GC(298)     Total                          Min: 0, Avg: 11038.0, Max: 18623, Diff: 18623, Sum: 44152, Workers: 4
[5301.331s][debug][gc,phases      ] GC(298)   ResolvedMethodTable Weak       Min:  0.0, Avg:  0.0, Max:  0.0, Diff:  0.0, Sum:  0.1, Workers: 4
[5301.331s][debug][gc,phases      ] GC(298)     Dead                           Min: 0, Avg:  0.0, Max: 0, Diff: 0, Sum: 0, Workers: 4
[5301.331s][debug][gc,phases      ] GC(298)     Total                          Min: 0, Avg: 2620.5, Max: 4030, Diff: 4030, Sum: 10482, Workers: 4
[5301.331s][debug][gc,phases      ] GC(298)   JNI Weak                       Min:  0.0, Avg:  0.0, Max:  0.0, Diff:  0.0, Sum:  0.0, Workers: 4
[5301.331s][debug][gc,phases      ] GC(298)     Dead                           Min: 0, Avg:  0.0, Max: 0, Diff: 0, Sum: 0, Workers: 4
[5301.331s][debug][gc,phases      ] GC(298)     Total                          Min: 0, Avg: 11.2, Max: 45, Diff: 45, Sum: 45, Workers: 4
[5301.331s][debug][gc,phases      ] GC(298)   StringDedup Table Weak         Min:  0.0, Avg:  0.0, Max:  0.0, Diff:  0.0, Sum:  0.0, Workers: 4
[5301.331s][debug][gc,phases      ] GC(298)     Dead                           Min: 0, Avg:  0.0, Max: 0, Diff: 0, Sum: 0, Workers: 4
[5301.331s][debug][gc,phases      ] GC(298)     Total                          Min: 0, Avg:  0.0, Max: 0, Diff: 0, Sum: 0, Workers: 4
[5301.331s][debug][gc,phases      ] GC(298)   StringDedup Requests0 Weak     Min:  0.0, Avg:  0.0, Max:  0.0, Diff:  0.0, Sum:  0.0, Workers: 4
[5301.331s][debug][gc,phases      ] GC(298)     Dead                           Min: 0, Avg:  0.0, Max: 0, Diff: 0, Sum: 0, Workers: 4
[5301.331s][debug][gc,phases      ] GC(298)     Total                          Min: 0, Avg:  0.0, Max: 0, Diff: 0, Sum: 0, Workers: 4
[5301.331s][debug][gc,phases      ] GC(298)   StringDedup Requests1 Weak     Min:  0.0, Avg:  0.0, Max:  0.0, Diff:  0.0, Sum:  0.0, Workers: 4
[5301.331s][debug][gc,phases      ] GC(298)     Dead                           Min: 0, Avg:  0.0, Max: 0, Diff: 0, Sum: 0, Workers: 4
[5301.331s][debug][gc,phases      ] GC(298)     Total                          Min: 0, Avg:  0.0, Max: 0, Diff: 0, Sum: 0, Workers: 4
[5301.331s][debug][gc,phases      ] GC(298)   Weak JFR Old Object Samples    Min:  0.0, Avg:  0.0, Max:  0.0, Diff:  0.0, Sum:  0.0, Workers: 4
[5301.331s][debug][gc,phases      ] GC(298)     Dead                           Min: 0, Avg:  0.0, Max: 0, Diff: 0, Sum: 0, Workers: 4
[5301.331s][debug][gc,phases      ] GC(298)     Total                          Min: 0, Avg:  0.0, Max: 0, Diff: 0, Sum: 0, Workers: 4
[5301.331s][debug][gc,phases      ] GC(298) Weak Processing 0.339ms
[5301.331s][debug][gc,age         ] GC(298) Desired survivor size 524288 bytes, new threshold 15 (max threshold 15)
[5301.331s][info ][gc,heap        ] GC(298) PSYoungGen: 2096256K(2096640K)->128K(2096640K) Eden: 2096128K(2096128K)->0K(2096128K) From: 128K(512K)->128K(512K)
[5301.331s][info ][gc,heap        ] GC(298) ParOldGen: 309962K(351232K)->309970K(351232K)
[5301.331s][info ][gc,metaspace   ] GC(298) Metaspace: 85511K(86400K)->85511K(86400K) NonClass: 73033K(73536K)->73033K(73536K) Class: 12477K(12864K)->12477K(12864K)
[5301.331s][info ][gc             ] GC(298) Pause Young (Allocation Failure) 2349M->302M(2390M) 1.908ms
[5301.331s][info ][gc,cpu         ] GC(298) User=0.01s Sys=0.00s Real=0.00s
[5301.331s][info ][safepoint      ] Safepoint "ParallelGCFailedAllocation", Time since last: 31895851664 ns, Reaching safepoint: 4000 ns, Cleanup: 3500 ns, At safepoint: 1989896 ns, Total: 1997396 ns
[5333.181s][info ][gc,start       ] GC(299) Pause Young (Allocation Failure)
[5333.183s][debug][gc,phases      ] GC(299) Scavenge 2.228ms
[5333.183s][debug][gc,ref         ] GC(299) Skipped phase 1 of Reference Processing: no references
[5333.183s][debug][gc,ref         ] GC(299) Skipped phase 2 of Reference Processing: no references
[5333.183s][debug][gc,ref         ] GC(299) Skipped phase 3 of Reference Processing: no references
[5333.183s][debug][gc,ref         ] GC(299) ReferenceProcessor::execute queues: 1, RefProcThreadModel::Single, marks_oops_alive: false
[5333.183s][debug][gc,phases      ] GC(299) Reference Processing 0.088ms
[5333.183s][debug][gc,phases      ] GC(299)   VM Weak                        Min:  0.0, Avg:  0.0, Max:  0.0, Diff:  0.0, Sum:  0.0, Workers: 4
[5333.183s][debug][gc,phases      ] GC(299)     Dead                           Min: 0, Avg:  0.0, Max: 0, Diff: 0, Sum: 0, Workers: 4
[5333.183s][debug][gc,phases      ] GC(299)     Total                          Min: 0, Avg: 185.5, Max: 448, Diff: 448, Sum: 742, Workers: 4
[5333.183s][debug][gc,phases      ] GC(299)   ObjectSynchronizer Weak        Min:  0.0, Avg:  0.0, Max:  0.0, Diff:  0.0, Sum:  0.0, Workers: 4
[5333.183s][debug][gc,phases      ] GC(299)     Dead                           Min: 0, Avg:  0.0, Max: 0, Diff: 0, Sum: 0, Workers: 4
[5333.183s][debug][gc,phases      ] GC(299)     Total                          Min: 0, Avg:  0.8, Max: 3, Diff: 3, Sum: 3, Workers: 4
[5333.183s][debug][gc,phases      ] GC(299)   JVMTI Tag Weak OopStorage      Min:  0.0, Avg:  0.0, Max:  0.0, Diff:  0.0, Sum:  0.0, Workers: 4
[5333.183s][debug][gc,phases      ] GC(299)     Dead                           Min: 0, Avg:  0.0, Max: 0, Diff: 0, Sum: 0, Workers: 4
[5333.183s][debug][gc,phases      ] GC(299)     Total                          Min: 0, Avg:  0.0, Max: 0, Diff: 0, Sum: 0, Workers: 4
[5333.183s][debug][gc,phases      ] GC(299)   StringTable Weak               Min:  0.0, Avg:  0.1, Max:  0.1, Diff:  0.1, Sum:  0.4, Workers: 4
[5333.183s][debug][gc,phases      ] GC(299)     Dead                           Min: 0, Avg:  0.0, Max: 0, Diff: 0, Sum: 0, Workers: 4
[5333.183s][debug][gc,phases      ] GC(299)     Total                          Min: 0, Avg: 11038.0, Max: 19771, Diff: 19771, Sum: 44152, Workers: 4
[5333.183s][debug][gc,phases      ] GC(299)   ResolvedMethodTable Weak       Min:  0.0, Avg:  0.0, Max:  0.0, Diff:  0.0, Sum:  0.1, Workers: 4
[5333.183s][debug][gc,phases      ] GC(299)     Dead                           Min: 0, Avg:  0.0, Max: 0, Diff: 0, Sum: 0, Workers: 4
[5333.183s][debug][gc,phases      ] GC(299)     Total                          Min: 0, Avg: 2620.5, Max: 4288, Diff: 4288, Sum: 10482, Workers: 4
[5333.183s][debug][gc,phases      ] GC(299)   JNI Weak                       Min:  0.0, Avg:  0.0, Max:  0.0, Diff:  0.0, Sum:  0.0, Workers: 4
[5333.183s][debug][gc,phases      ] GC(299)     Dead                           Min: 0, Avg:  0.0, Max: 0, Diff: 0, Sum: 0, Workers: 4
[5333.183s][debug][gc,phases      ] GC(299)     Total                          Min: 0, Avg: 11.2, Max: 45, Diff: 45, Sum: 45, Workers: 4
[5333.183s][debug][gc,phases      ] GC(299)   StringDedup Table Weak         Min:  0.0, Avg:  0.0, Max:  0.0, Diff:  0.0, Sum:  0.0, Workers: 4
[5333.183s][debug][gc,phases      ] GC(299)     Dead                           Min: 0, Avg:  0.0, Max: 0, Diff: 0, Sum: 0, Workers: 4
[5333.183s][debug][gc,phases      ] GC(299)     Total                          Min: 0, Avg:  0.0, Max: 0, Diff: 0, Sum: 0, Workers: 4
[5333.183s][debug][gc,phases      ] GC(299)   StringDedup Requests0 Weak     Min:  0.0, Avg:  0.0, Max:  0.0, Diff:  0.0, Sum:  0.0, Workers: 4
[5333.183s][debug][gc,phases      ] GC(299)     Dead                           Min: 0, Avg:  0.0, Max: 0, Diff: 0, Sum: 0, Workers: 4
[5333.183s][debug][gc,phases      ] GC(299)     Total                          Min: 0, Avg:  0.0, Max: 0, Diff: 0, Sum: 0, Workers: 4
[5333.183s][debug][gc,phases      ] GC(299)   StringDedup Requests1 Weak     Min:  0.0, Avg:  0.0, Max:  0.0, Diff:  0.0, Sum:  0.0, Workers: 4
[5333.183s][debug][gc,phases      ] GC(299)     Dead                           Min: 0, Avg:  0.0, Max: 0, Diff: 0, Sum: 0, Workers: 4
[5333.183s][debug][gc,phases      ] GC(299)     Total                          Min: 0, Avg:  0.0, Max: 0, Diff: 0, Sum: 0, Workers: 4
[5333.183s][debug][gc,phases      ] GC(299)   Weak JFR Old Object Samples    Min:  0.0, Avg:  0.0, Max:  0.0, Diff:  0.0, Sum:  0.0, Workers: 4
[5333.183s][debug][gc,phases      ] GC(299)     Dead                           Min: 0, Avg:  0.0, Max: 0, Diff: 0, Sum: 0, Workers: 4
[5333.183s][debug][gc,phases      ] GC(299)     Total                          Min: 0, Avg:  0.0, Max: 0, Diff: 0, Sum: 0, Workers: 4
[5333.183s][debug][gc,phases      ] GC(299) Weak Processing 0.320ms
[5333.183s][debug][gc,age         ] GC(299) Desired survivor size 524288 bytes, new threshold 15 (max threshold 15)
[5333.183s][info ][gc,heap        ] GC(299) PSYoungGen: 2096256K(2096640K)->128K(2096640K) Eden: 2096128K(2096128K)->0K(2096128K) From: 128K(512K)->128K(512K)
[5333.183s][info ][gc,heap        ] GC(299) ParOldGen: 309970K(351232K)->309978K(351232K)
[5333.183s][info ][gc,metaspace   ] GC(299) Metaspace: 85511K(86400K)->85511K(86400K) NonClass: 73033K(73536K)->73033K(73536K) Class: 12477K(12864K)->12477K(12864K)
[5333.183s][info ][gc             ] GC(299) Pause Young (Allocation Failure) 2349M->302M(2390M) 2.725ms
[5333.183s][info ][gc,cpu         ] GC(299) User=0.01s Sys=0.00s Real=0.00s
[5333.183s][info ][safepoint      ] Safepoint "ParallelGCFailedAllocation", Time since last: 31849279401 ns, Reaching safepoint: 4400 ns, Cleanup: 3600 ns, At safepoint: 2804394 ns, Total: 2812394 ns
[5365.078s][info ][gc,start       ] GC(300) Pause Young (Allocation Failure)
[5365.080s][debug][gc,phases      ] GC(300) Scavenge 1.286ms
[5365.080s][debug][gc,ref         ] GC(300) Skipped phase 1 of Reference Processing: no references
[5365.080s][debug][gc,ref         ] GC(300) Skipped phase 2 of Reference Processing: no references
[5365.080s][debug][gc,ref         ] GC(300) Skipped phase 3 of Reference Processing: no references
[5365.080s][debug][gc,ref         ] GC(300) ReferenceProcessor::execute queues: 1, RefProcThreadModel::Single, marks_oops_alive: false
[5365.080s][debug][gc,phases      ] GC(300) Reference Processing 0.091ms
[5365.080s][debug][gc,phases      ] GC(300)   VM Weak                        Min:  0.0, Avg:  0.0, Max:  0.0, Diff:  0.0, Sum:  0.0, Workers: 4
[5365.080s][debug][gc,phases      ] GC(300)     Dead                           Min: 0, Avg:  0.0, Max: 0, Diff: 0, Sum: 0, Workers: 4
[5365.080s][debug][gc,phases      ] GC(300)     Total                          Min: 0, Avg: 185.5, Max: 320, Diff: 320, Sum: 742, Workers: 4
[5365.080s][debug][gc,phases      ] GC(300)   ObjectSynchronizer Weak        Min:  0.0, Avg:  0.0, Max:  0.0, Diff:  0.0, Sum:  0.0, Workers: 4
[5365.080s][debug][gc,phases      ] GC(300)     Dead                           Min: 0, Avg:  0.0, Max: 0, Diff: 0, Sum: 0, Workers: 4
[5365.080s][debug][gc,phases      ] GC(300)     Total                          Min: 0, Avg:  0.8, Max: 3, Diff: 3, Sum: 3, Workers: 4
[5365.080s][debug][gc,phases      ] GC(300)   JVMTI Tag Weak OopStorage      Min:  0.0, Avg:  0.0, Max:  0.0, Diff:  0.0, Sum:  0.0, Workers: 4
[5365.080s][debug][gc,phases      ] GC(300)     Dead                           Min: 0, Avg:  0.0, Max: 0, Diff: 0, Sum: 0, Workers: 4
[5365.080s][debug][gc,phases      ] GC(300)     Total                          Min: 0, Avg:  0.0, Max: 0, Diff: 0, Sum: 0, Workers: 4
[5365.080s][debug][gc,phases      ] GC(300)   StringTable Weak               Min:  0.1, Avg:  0.1, Max:  0.1, Diff:  0.0, Sum:  0.4, Workers: 4
[5365.080s][debug][gc,phases      ] GC(300)     Dead                           Min: 0, Avg:  0.0, Max: 0, Diff: 0, Sum: 0, Workers: 4
[5365.080s][debug][gc,phases      ] GC(300)     Total                          Min: 9598, Avg: 11038.0, Max: 11771, Diff: 2173, Sum: 44152, Workers: 4
[5365.080s][debug][gc,phases      ] GC(300)   ResolvedMethodTable Weak       Min:  0.0, Avg:  0.0, Max:  0.0, Diff:  0.0, Sum:  0.1, Workers: 4
[5365.080s][debug][gc,phases      ] GC(300)     Dead                           Min: 0, Avg:  0.0, Max: 0, Diff: 0, Sum: 0, Workers: 4
[5365.080s][debug][gc,phases      ] GC(300)     Total                          Min: 2496, Avg: 2620.5, Max: 2688, Diff: 192, Sum: 10482, Workers: 4
[5365.080s][debug][gc,phases      ] GC(300)   JNI Weak                       Min:  0.0, Avg:  0.0, Max:  0.0, Diff:  0.0, Sum:  0.0, Workers: 4
[5365.080s][debug][gc,phases      ] GC(300)     Dead                           Min: 0, Avg:  0.0, Max: 0, Diff: 0, Sum: 0, Workers: 4
[5365.080s][debug][gc,phases      ] GC(300)     Total                          Min: 0, Avg: 11.2, Max: 45, Diff: 45, Sum: 45, Workers: 4
[5365.080s][debug][gc,phases      ] GC(300)   StringDedup Table Weak         Min:  0.0, Avg:  0.0, Max:  0.0, Diff:  0.0, Sum:  0.0, Workers: 4
[5365.080s][debug][gc,phases      ] GC(300)     Dead                           Min: 0, Avg:  0.0, Max: 0, Diff: 0, Sum: 0, Workers: 4
[5365.080s][debug][gc,phases      ] GC(300)     Total                          Min: 0, Avg:  0.0, Max: 0, Diff: 0, Sum: 0, Workers: 4
[5365.080s][debug][gc,phases      ] GC(300)   StringDedup Requests0 Weak     Min:  0.0, Avg:  0.0, Max:  0.0, Diff:  0.0, Sum:  0.0, Workers: 4
[5365.080s][debug][gc,phases      ] GC(300)     Dead                           Min: 0, Avg:  0.0, Max: 0, Diff: 0, Sum: 0, Workers: 4
[5365.080s][debug][gc,phases      ] GC(300)     Total                          Min: 0, Avg:  0.0, Max: 0, Diff: 0, Sum: 0, Workers: 4
[5365.080s][debug][gc,phases      ] GC(300)   StringDedup Requests1 Weak     Min:  0.0, Avg:  0.0, Max:  0.0, Diff:  0.0, Sum:  0.0, Workers: 4
[5365.080s][debug][gc,phases      ] GC(300)     Dead                           Min: 0, Avg:  0.0, Max: 0, Diff: 0, Sum: 0, Workers: 4
[5365.080s][debug][gc,phases      ] GC(300)     Total                          Min: 0, Avg:  0.0, Max: 0, Diff: 0, Sum: 0, Workers: 4
[5365.080s][debug][gc,phases      ] GC(300)   Weak JFR Old Object Samples    Min:  0.0, Avg:  0.0, Max:  0.0, Diff:  0.0, Sum:  0.0, Workers: 4
[5365.080s][debug][gc,phases      ] GC(300)     Dead                           Min: 0, Avg:  0.0, Max: 0, Diff: 0, Sum: 0, Workers: 4
[5365.080s][debug][gc,phases      ] GC(300)     Total                          Min: 0, Avg:  0.0, Max: 0, Diff: 0, Sum: 0, Workers: 4
[5365.080s][debug][gc,phases      ] GC(300) Weak Processing 0.320ms
[5365.080s][debug][gc,age         ] GC(300) Desired survivor size 524288 bytes, new threshold 15 (max threshold 15)
[5365.080s][info ][gc,heap        ] GC(300) PSYoungGen: 2096256K(2096640K)->128K(2096640K) Eden: 2096128K(2096128K)->0K(2096128K) From: 128K(512K)->128K(512K)
[5365.080s][info ][gc,heap        ] GC(300) ParOldGen: 309978K(351232K)->309986K(351232K)
[5365.080s][info ][gc,metaspace   ] GC(300) Metaspace: 85511K(86400K)->85511K(86400K) NonClass: 73033K(73536K)->73033K(73536K) Class: 12477K(12864K)->12477K(12864K)
[5365.080s][info ][gc             ] GC(300) Pause Young (Allocation Failure) 2349M->302M(2390M) 1.781ms
[5365.080s][info ][gc,cpu         ] GC(300) User=0.00s Sys=0.00s Real=0.01s
[5365.080s][info ][safepoint      ] Safepoint "ParallelGCFailedAllocation", Time since last: 31894981945 ns, Reaching safepoint: 4300 ns, Cleanup: 3600 ns, At safepoint: 1862896 ns, Total: 1870796 ns
[5396.930s][info ][gc,start       ] GC(301) Pause Young (Allocation Failure)
[5396.932s][debug][gc,phases      ] GC(301) Scavenge 2.104ms
[5396.932s][debug][gc,ref         ] GC(301) Skipped phase 1 of Reference Processing: no references
[5396.932s][debug][gc,ref         ] GC(301) Skipped phase 2 of Reference Processing: no references
[5396.932s][debug][gc,ref         ] GC(301) Skipped phase 3 of Reference Processing: no references
[5396.932s][debug][gc,ref         ] GC(301) ReferenceProcessor::execute queues: 1, RefProcThreadModel::Single, marks_oops_alive: false
[5396.932s][debug][gc,phases      ] GC(301) Reference Processing 0.089ms
[5396.932s][debug][gc,phases      ] GC(301)   VM Weak                        Min:  0.0, Avg:  0.0, Max:  0.0, Diff:  0.0, Sum:  0.0, Workers: 4
[5396.932s][debug][gc,phases      ] GC(301)     Dead                           Min: 0, Avg:  0.0, Max: 0, Diff: 0, Sum: 0, Workers: 4
[5396.932s][debug][gc,phases      ] GC(301)     Total                          Min: 0, Avg: 185.5, Max: 422, Diff: 422, Sum: 742, Workers: 4
[5396.932s][debug][gc,phases      ] GC(301)   ObjectSynchronizer Weak        Min:  0.0, Avg:  0.0, Max:  0.0, Diff:  0.0, Sum:  0.0, Workers: 4
[5396.932s][debug][gc,phases      ] GC(301)     Dead                           Min: 0, Avg:  0.0, Max: 0, Diff: 0, Sum: 0, Workers: 4
[5396.932s][debug][gc,phases      ] GC(301)     Total                          Min: 0, Avg:  0.8, Max: 3, Diff: 3, Sum: 3, Workers: 4
[5396.932s][debug][gc,phases      ] GC(301)   JVMTI Tag Weak OopStorage      Min:  0.0, Avg:  0.0, Max:  0.0, Diff:  0.0, Sum:  0.0, Workers: 4
[5396.932s][debug][gc,phases      ] GC(301)     Dead                           Min: 0, Avg:  0.0, Max: 0, Diff: 0, Sum: 0, Workers: 4
[5396.932s][debug][gc,phases      ] GC(301)     Total                          Min: 0, Avg:  0.0, Max: 0, Diff: 0, Sum: 0, Workers: 4
[5396.932s][debug][gc,phases      ] GC(301)   StringTable Weak               Min:  0.0, Avg:  0.1, Max:  0.1, Diff:  0.1, Sum:  0.4, Workers: 4
[5396.932s][debug][gc,phases      ] GC(301)     Dead                           Min: 0, Avg:  0.0, Max: 0, Diff: 0, Sum: 0, Workers: 4
[5396.932s][debug][gc,phases      ] GC(301)     Total                          Min: 0, Avg: 11038.0, Max: 19007, Diff: 19007, Sum: 44152, Workers: 4
[5396.932s][debug][gc,phases      ] GC(301)   ResolvedMethodTable Weak       Min:  0.0, Avg:  0.0, Max:  0.0, Diff:  0.0, Sum:  0.1, Workers: 4
[5396.932s][debug][gc,phases      ] GC(301)     Dead                           Min: 0, Avg:  0.0, Max: 0, Diff: 0, Sum: 0, Workers: 4
[5396.932s][debug][gc,phases      ] GC(301)     Total                          Min: 0, Avg: 2620.5, Max: 4734, Diff: 4734, Sum: 10482, Workers: 4
[5396.932s][debug][gc,phases      ] GC(301)   JNI Weak                       Min:  0.0, Avg:  0.0, Max:  0.0, Diff:  0.0, Sum:  0.0, Workers: 4
[5396.932s][debug][gc,phases      ] GC(301)     Dead                           Min: 0, Avg:  0.0, Max: 0, Diff: 0, Sum: 0, Workers: 4
[5396.932s][debug][gc,phases      ] GC(301)     Total                          Min: 0, Avg: 11.2, Max: 45, Diff: 45, Sum: 45, Workers: 4
[5396.932s][debug][gc,phases      ] GC(301)   StringDedup Table Weak         Min:  0.0, Avg:  0.0, Max:  0.0, Diff:  0.0, Sum:  0.0, Workers: 4
[5396.932s][debug][gc,phases      ] GC(301)     Dead                           Min: 0, Avg:  0.0, Max: 0, Diff: 0, Sum: 0, Workers: 4
[5396.932s][debug][gc,phases      ] GC(301)     Total                          Min: 0, Avg:  0.0, Max: 0, Diff: 0, Sum: 0, Workers: 4
[5396.932s][debug][gc,phases      ] GC(301)   StringDedup Requests0 Weak     Min:  0.0, Avg:  0.0, Max:  0.0, Diff:  0.0, Sum:  0.0, Workers: 4
[5396.932s][debug][gc,phases      ] GC(301)     Dead                           Min: 0, Avg:  0.0, Max: 0, Diff: 0, Sum: 0, Workers: 4
[5396.932s][debug][gc,phases      ] GC(301)     Total                          Min: 0, Avg:  0.0, Max: 0, Diff: 0, Sum: 0, Workers: 4
[5396.932s][debug][gc,phases      ] GC(301)   StringDedup Requests1 Weak     Min:  0.0, Avg:  0.0, Max:  0.0, Diff:  0.0, Sum:  0.0, Workers: 4
[5396.932s][debug][gc,phases      ] GC(301)     Dead                           Min: 0, Avg:  0.0, Max: 0, Diff: 0, Sum: 0, Workers: 4
[5396.932s][debug][gc,phases      ] GC(301)     Total                          Min: 0, Avg:  0.0, Max: 0, Diff: 0, Sum: 0, Workers: 4
[5396.932s][debug][gc,phases      ] GC(301)   Weak JFR Old Object Samples    Min:  0.0, Avg:  0.0, Max:  0.0, Diff:  0.0, Sum:  0.0, Workers: 4
[5396.932s][debug][gc,phases      ] GC(301)     Dead                           Min: 0, Avg:  0.0, Max: 0, Diff: 0, Sum: 0, Workers: 4
[5396.932s][debug][gc,phases      ] GC(301)     Total                          Min: 0, Avg:  0.0, Max: 0, Diff: 0, Sum: 0, Workers: 4
[5396.932s][debug][gc,phases      ] GC(301) Weak Processing 0.326ms
[5396.932s][debug][gc,age         ] GC(301) Desired survivor size 524288 bytes, new threshold 15 (max threshold 15)
[5396.932s][info ][gc,heap        ] GC(301) PSYoungGen: 2096256K(2096640K)->128K(2096640K) Eden: 2096128K(2096128K)->0K(2096128K) From: 128K(512K)->128K(512K)
[5396.932s][info ][gc,heap        ] GC(301) ParOldGen: 309986K(351232K)->309994K(351232K)
[5396.932s][info ][gc,metaspace   ] GC(301) Metaspace: 85511K(86400K)->85511K(86400K) NonClass: 73033K(73536K)->73033K(73536K) Class: 12477K(12864K)->12477K(12864K)
[5396.932s][info ][gc             ] GC(301) Pause Young (Allocation Failure) 2349M->302M(2390M) 2.604ms
[5396.932s][info ][gc,cpu         ] GC(301) User=0.01s Sys=0.00s Real=0.01s
[5396.932s][info ][safepoint      ] Safepoint "ParallelGCFailedAllocation", Time since last: 31849494484 ns, Reaching safepoint: 4500 ns, Cleanup: 3700 ns, At safepoint: 2685895 ns, Total: 2694095 ns
[5403.933s][info ][safepoint      ] Safepoint "Cleanup", Time since last: 7000455429 ns, Reaching safepoint: 77100 ns, Cleanup: 16200 ns, At safepoint: 4300 ns, Total: 97600 ns
[5404.933s][info ][safepoint      ] Safepoint "Cleanup", Time since last: 1000091069 ns, Reaching safepoint: 4600 ns, Cleanup: 8800 ns, At safepoint: 2000 ns, Total: 15400 ns
[5428.431s][info ][gc,start       ] GC(302) Pause Young (Allocation Failure)
[5428.433s][debug][gc,phases      ] GC(302) Scavenge 2.109ms
[5428.433s][debug][gc,ref         ] GC(302) Skipped phase 1 of Reference Processing: no references
[5428.433s][debug][gc,ref         ] GC(302) Skipped phase 2 of Reference Processing: no references
[5428.433s][debug][gc,ref         ] GC(302) Skipped phase 3 of Reference Processing: no references
[5428.433s][debug][gc,ref         ] GC(302) ReferenceProcessor::execute queues: 1, RefProcThreadModel::Single, marks_oops_alive: false
[5428.433s][debug][gc,phases      ] GC(302) Reference Processing 0.115ms
[5428.434s][debug][gc,phases      ] GC(302)   VM Weak                        Min:  0.0, Avg:  0.0, Max:  0.0, Diff:  0.0, Sum:  0.0, Workers: 4
[5428.434s][debug][gc,phases      ] GC(302)     Dead                           Min: 0, Avg:  0.0, Max: 0, Diff: 0, Sum: 0, Workers: 4
[5428.434s][debug][gc,phases      ] GC(302)     Total                          Min: 0, Avg: 185.5, Max: 550, Diff: 550, Sum: 742, Workers: 4
[5428.434s][debug][gc,phases      ] GC(302)   ObjectSynchronizer Weak        Min:  0.0, Avg:  0.0, Max:  0.0, Diff:  0.0, Sum:  0.0, Workers: 4
[5428.434s][debug][gc,phases      ] GC(302)     Dead                           Min: 0, Avg:  0.0, Max: 0, Diff: 0, Sum: 0, Workers: 4
[5428.434s][debug][gc,phases      ] GC(302)     Total                          Min: 0, Avg:  0.8, Max: 3, Diff: 3, Sum: 3, Workers: 4
[5428.434s][debug][gc,phases      ] GC(302)   JVMTI Tag Weak OopStorage      Min:  0.0, Avg:  0.0, Max:  0.0, Diff:  0.0, Sum:  0.0, Workers: 4
[5428.434s][debug][gc,phases      ] GC(302)     Dead                           Min: 0, Avg:  0.0, Max: 0, Diff: 0, Sum: 0, Workers: 4
[5428.434s][debug][gc,phases      ] GC(302)     Total                          Min: 0, Avg:  0.0, Max: 0, Diff: 0, Sum: 0, Workers: 4
[5428.434s][debug][gc,phases      ] GC(302)   StringTable Weak               Min:  0.0, Avg:  0.1, Max:  0.1, Diff:  0.1, Sum:  0.4, Workers: 4
[5428.434s][debug][gc,phases      ] GC(302)     Dead                           Min: 0, Avg:  0.0, Max: 0, Diff: 0, Sum: 0, Workers: 4
[5428.434s][debug][gc,phases      ] GC(302)     Total                          Min: 0, Avg: 11038.2, Max: 17983, Diff: 17983, Sum: 44153, Workers: 4
[5428.434s][debug][gc,phases      ] GC(302)   ResolvedMethodTable Weak       Min:  0.0, Avg:  0.0, Max:  0.0, Diff:  0.0, Sum:  0.1, Workers: 4
[5428.434s][debug][gc,phases      ] GC(302)     Dead                           Min: 0, Avg:  0.0, Max: 0, Diff: 0, Sum: 0, Workers: 4
[5428.434s][debug][gc,phases      ] GC(302)     Total                          Min: 0, Avg: 2620.5, Max: 4542, Diff: 4542, Sum: 10482, Workers: 4
[5428.434s][debug][gc,phases      ] GC(302)   JNI Weak                       Min:  0.0, Avg:  0.0, Max:  0.0, Diff:  0.0, Sum:  0.0, Workers: 4
[5428.434s][debug][gc,phases      ] GC(302)     Dead                           Min: 0, Avg:  0.0, Max: 0, Diff: 0, Sum: 0, Workers: 4
[5428.434s][debug][gc,phases      ] GC(302)     Total                          Min: 0, Avg: 11.2, Max: 45, Diff: 45, Sum: 45, Workers: 4
[5428.434s][debug][gc,phases      ] GC(302)   StringDedup Table Weak         Min:  0.0, Avg:  0.0, Max:  0.0, Diff:  0.0, Sum:  0.0, Workers: 4
[5428.434s][debug][gc,phases      ] GC(302)     Dead                           Min: 0, Avg:  0.0, Max: 0, Diff: 0, Sum: 0, Workers: 4
[5428.434s][debug][gc,phases      ] GC(302)     Total                          Min: 0, Avg:  0.0, Max: 0, Diff: 0, Sum: 0, Workers: 4
[5428.434s][debug][gc,phases      ] GC(302)   StringDedup Requests0 Weak     Min:  0.0, Avg:  0.0, Max:  0.0, Diff:  0.0, Sum:  0.0, Workers: 4
[5428.434s][debug][gc,phases      ] GC(302)     Dead                           Min: 0, Avg:  0.0, Max: 0, Diff: 0, Sum: 0, Workers: 4
[5428.434s][debug][gc,phases      ] GC(302)     Total                          Min: 0, Avg:  0.0, Max: 0, Diff: 0, Sum: 0, Workers: 4
[5428.434s][debug][gc,phases      ] GC(302)   StringDedup Requests1 Weak     Min:  0.0, Avg:  0.0, Max:  0.0, Diff:  0.0, Sum:  0.0, Workers: 4
[5428.434s][debug][gc,phases      ] GC(302)     Dead                           Min: 0, Avg:  0.0, Max: 0, Diff: 0, Sum: 0, Workers: 4
[5428.434s][debug][gc,phases      ] GC(302)     Total                          Min: 0, Avg:  0.0, Max: 0, Diff: 0, Sum: 0, Workers: 4
[5428.434s][debug][gc,phases      ] GC(302)   Weak JFR Old Object Samples    Min:  0.0, Avg:  0.0, Max:  0.0, Diff:  0.0, Sum:  0.0, Workers: 4
[5428.434s][debug][gc,phases      ] GC(302)     Dead                           Min: 0, Avg:  0.0, Max: 0, Diff: 0, Sum: 0, Workers: 4
[5428.434s][debug][gc,phases      ] GC(302)     Total                          Min: 0, Avg:  0.0, Max: 0, Diff: 0, Sum: 0, Workers: 4
[5428.434s][debug][gc,phases      ] GC(302) Weak Processing 0.342ms
[5428.434s][debug][gc,age         ] GC(302) Desired survivor size 524288 bytes, new threshold 15 (max threshold 15)
[5428.434s][info ][gc,heap        ] GC(302) PSYoungGen: 2096256K(2096640K)->128K(2096640K) Eden: 2096128K(2096128K)->0K(2096128K) From: 128K(512K)->128K(512K)
[5428.434s][info ][gc,heap        ] GC(302) ParOldGen: 309994K(351232K)->310010K(351232K)
[5428.434s][info ][gc,metaspace   ] GC(302) Metaspace: 85514K(86400K)->85514K(86400K) NonClass: 73036K(73536K)->73036K(73536K) Class: 12477K(12864K)->12477K(12864K)
[5428.434s][info ][gc             ] GC(302) Pause Young (Allocation Failure) 2349M->302M(2390M) 2.657ms
[5428.434s][info ][gc,cpu         ] GC(302) User=0.01s Sys=0.00s Real=0.01s
[5428.434s][info ][safepoint      ] Safepoint "ParallelGCFailedAllocation", Time since last: 23498002755 ns, Reaching safepoint: 4700 ns, Cleanup: 3500 ns, At safepoint: 2717394 ns, Total: 2725594 ns
[5460.282s][info ][gc,start       ] GC(303) Pause Young (Allocation Failure)
[5460.283s][debug][gc,phases      ] GC(303) Scavenge 1.315ms
[5460.283s][debug][gc,ref         ] GC(303) Skipped phase 1 of Reference Processing: no references
[5460.283s][debug][gc,ref         ] GC(303) Skipped phase 2 of Reference Processing: no references
[5460.283s][debug][gc,ref         ] GC(303) Skipped phase 3 of Reference Processing: no references
[5460.283s][debug][gc,ref         ] GC(303) ReferenceProcessor::execute queues: 1, RefProcThreadModel::Single, marks_oops_alive: false
[5460.283s][debug][gc,phases      ] GC(303) Reference Processing 0.093ms
[5460.283s][debug][gc,phases      ] GC(303)   VM Weak                        Min:  0.0, Avg:  0.0, Max:  0.0, Diff:  0.0, Sum:  0.0, Workers: 4
[5460.283s][debug][gc,phases      ] GC(303)     Dead                           Min: 0, Avg:  0.0, Max: 0, Diff: 0, Sum: 0, Workers: 4
[5460.283s][debug][gc,phases      ] GC(303)     Total                          Min: 0, Avg: 185.5, Max: 384, Diff: 384, Sum: 742, Workers: 4
[5460.283s][debug][gc,phases      ] GC(303)   ObjectSynchronizer Weak        Min:  0.0, Avg:  0.0, Max:  0.0, Diff:  0.0, Sum:  0.0, Workers: 4
[5460.283s][debug][gc,phases      ] GC(303)     Dead                           Min: 0, Avg:  0.0, Max: 0, Diff: 0, Sum: 0, Workers: 4
[5460.283s][debug][gc,phases      ] GC(303)     Total                          Min: 0, Avg:  0.8, Max: 3, Diff: 3, Sum: 3, Workers: 4
[5460.283s][debug][gc,phases      ] GC(303)   JVMTI Tag Weak OopStorage      Min:  0.0, Avg:  0.0, Max:  0.0, Diff:  0.0, Sum:  0.0, Workers: 4
[5460.283s][debug][gc,phases      ] GC(303)     Dead                           Min: 0, Avg:  0.0, Max: 0, Diff: 0, Sum: 0, Workers: 4
[5460.283s][debug][gc,phases      ] GC(303)     Total                          Min: 0, Avg:  0.0, Max: 0, Diff: 0, Sum: 0, Workers: 4
[5460.283s][debug][gc,phases      ] GC(303)   StringTable Weak               Min:  0.0, Avg:  0.1, Max:  0.1, Diff:  0.1, Sum:  0.4, Workers: 4
[5460.283s][debug][gc,phases      ] GC(303)     Dead                           Min: 0, Avg:  0.0, Max: 0, Diff: 0, Sum: 0, Workers: 4
[5460.283s][debug][gc,phases      ] GC(303)     Total                          Min: 0, Avg: 11038.2, Max: 17851, Diff: 17851, Sum: 44153, Workers: 4
[5460.283s][debug][gc,phases      ] GC(303)   ResolvedMethodTable Weak       Min:  0.0, Avg:  0.0, Max:  0.0, Diff:  0.0, Sum:  0.1, Workers: 4
[5460.283s][debug][gc,phases      ] GC(303)     Dead                           Min: 0, Avg:  0.0, Max: 0, Diff: 0, Sum: 0, Workers: 4
[5460.283s][debug][gc,phases      ] GC(303)     Total                          Min: 0, Avg: 2620.5, Max: 4414, Diff: 4414, Sum: 10482, Workers: 4
[5460.283s][debug][gc,phases      ] GC(303)   JNI Weak                       Min:  0.0, Avg:  0.0, Max:  0.0, Diff:  0.0, Sum:  0.0, Workers: 4
[5460.283s][debug][gc,phases      ] GC(303)     Dead                           Min: 0, Avg:  0.0, Max: 0, Diff: 0, Sum: 0, Workers: 4
[5460.283s][debug][gc,phases      ] GC(303)     Total                          Min: 0, Avg: 11.2, Max: 45, Diff: 45, Sum: 45, Workers: 4
[5460.283s][debug][gc,phases      ] GC(303)   StringDedup Table Weak         Min:  0.0, Avg:  0.0, Max:  0.0, Diff:  0.0, Sum:  0.0, Workers: 4
[5460.283s][debug][gc,phases      ] GC(303)     Dead                           Min: 0, Avg:  0.0, Max: 0, Diff: 0, Sum: 0, Workers: 4
[5460.283s][debug][gc,phases      ] GC(303)     Total                          Min: 0, Avg:  0.0, Max: 0, Diff: 0, Sum: 0, Workers: 4
[5460.283s][debug][gc,phases      ] GC(303)   StringDedup Requests0 Weak     Min:  0.0, Avg:  0.0, Max:  0.0, Diff:  0.0, Sum:  0.0, Workers: 4
[5460.283s][debug][gc,phases      ] GC(303)     Dead                           Min: 0, Avg:  0.0, Max: 0, Diff: 0, Sum: 0, Workers: 4
[5460.283s][debug][gc,phases      ] GC(303)     Total                          Min: 0, Avg:  0.0, Max: 0, Diff: 0, Sum: 0, Workers: 4
[5460.283s][debug][gc,phases      ] GC(303)   StringDedup Requests1 Weak     Min:  0.0, Avg:  0.0, Max:  0.0, Diff:  0.0, Sum:  0.0, Workers: 4
[5460.283s][debug][gc,phases      ] GC(303)     Dead                           Min: 0, Avg:  0.0, Max: 0, Diff: 0, Sum: 0, Workers: 4
[5460.283s][debug][gc,phases      ] GC(303)     Total                          Min: 0, Avg:  0.0, Max: 0, Diff: 0, Sum: 0, Workers: 4
[5460.283s][debug][gc,phases      ] GC(303)   Weak JFR Old Object Samples    Min:  0.0, Avg:  0.0, Max:  0.0, Diff:  0.0, Sum:  0.0, Workers: 4
[5460.283s][debug][gc,phases      ] GC(303)     Dead                           Min: 0, Avg:  0.0, Max: 0, Diff: 0, Sum: 0, Workers: 4
[5460.283s][debug][gc,phases      ] GC(303)     Total                          Min: 0, Avg:  0.0, Max: 0, Diff: 0, Sum: 0, Workers: 4
[5460.283s][debug][gc,phases      ] GC(303) Weak Processing 0.338ms
[5460.283s][debug][gc,age         ] GC(303) Desired survivor size 524288 bytes, new threshold 15 (max threshold 15)
[5460.283s][info ][gc,heap        ] GC(303) PSYoungGen: 2096256K(2096640K)->128K(2096640K) Eden: 2096128K(2096128K)->0K(2096128K) From: 128K(512K)->128K(512K)
[5460.283s][info ][gc,heap        ] GC(303) ParOldGen: 310010K(351232K)->310018K(351232K)
[5460.283s][info ][gc,metaspace   ] GC(303) Metaspace: 85514K(86400K)->85514K(86400K) NonClass: 73036K(73536K)->73036K(73536K) Class: 12477K(12864K)->12477K(12864K)
[5460.283s][info ][gc             ] GC(303) Pause Young (Allocation Failure) 2349M->302M(2390M) 1.834ms
[5460.283s][info ][gc,cpu         ] GC(303) User=0.01s Sys=0.00s Real=0.00s
[5460.283s][info ][safepoint      ] Safepoint "ParallelGCFailedAllocation", Time since last: 31847630898 ns, Reaching safepoint: 4400 ns, Cleanup: 3800 ns, At safepoint: 1915396 ns, Total: 1923596 ns
[5492.179s][info ][gc,start       ] GC(304) Pause Young (Allocation Failure)
[5492.181s][debug][gc,phases      ] GC(304) Scavenge 2.040ms
[5492.181s][debug][gc,ref         ] GC(304) Skipped phase 1 of Reference Processing: no references
[5492.181s][debug][gc,ref         ] GC(304) Skipped phase 2 of Reference Processing: no references
[5492.181s][debug][gc,ref         ] GC(304) Skipped phase 3 of Reference Processing: no references
[5492.182s][debug][gc,ref         ] GC(304) ReferenceProcessor::execute queues: 1, RefProcThreadModel::Single, marks_oops_alive: false
[5492.182s][debug][gc,phases      ] GC(304) Reference Processing 0.103ms
[5492.182s][debug][gc,phases      ] GC(304)   VM Weak                        Min:  0.0, Avg:  0.0, Max:  0.0, Diff:  0.0, Sum:  0.0, Workers: 4
[5492.182s][debug][gc,phases      ] GC(304)     Dead                           Min: 0, Avg:  0.0, Max: 0, Diff: 0, Sum: 0, Workers: 4
[5492.182s][debug][gc,phases      ] GC(304)     Total                          Min: 0, Avg: 185.5, Max: 678, Diff: 678, Sum: 742, Workers: 4
[5492.182s][debug][gc,phases      ] GC(304)   ObjectSynchronizer Weak        Min:  0.0, Avg:  0.0, Max:  0.0, Diff:  0.0, Sum:  0.0, Workers: 4
[5492.182s][debug][gc,phases      ] GC(304)     Dead                           Min: 0, Avg:  0.0, Max: 0, Diff: 0, Sum: 0, Workers: 4
[5492.182s][debug][gc,phases      ] GC(304)     Total                          Min: 0, Avg:  0.8, Max: 3, Diff: 3, Sum: 3, Workers: 4
[5492.182s][debug][gc,phases      ] GC(304)   JVMTI Tag Weak OopStorage      Min:  0.0, Avg:  0.0, Max:  0.0, Diff:  0.0, Sum:  0.0, Workers: 4
[5492.182s][debug][gc,phases      ] GC(304)     Dead                           Min: 0, Avg:  0.0, Max: 0, Diff: 0, Sum: 0, Workers: 4
[5492.182s][debug][gc,phases      ] GC(304)     Total                          Min: 0, Avg:  0.0, Max: 0, Diff: 0, Sum: 0, Workers: 4
[5492.182s][debug][gc,phases      ] GC(304)   StringTable Weak               Min:  0.0, Avg:  0.1, Max:  0.1, Diff:  0.1, Sum:  0.3, Workers: 4
[5492.182s][debug][gc,phases      ] GC(304)     Dead                           Min: 0, Avg:  0.0, Max: 0, Diff: 0, Sum: 0, Workers: 4
[5492.182s][debug][gc,phases      ] GC(304)     Total                          Min: 0, Avg: 11038.2, Max: 20415, Diff: 20415, Sum: 44153, Workers: 4
[5492.182s][debug][gc,phases      ] GC(304)   ResolvedMethodTable Weak       Min:  0.0, Avg:  0.0, Max:  0.0, Diff:  0.0, Sum:  0.1, Workers: 4
[5492.182s][debug][gc,phases      ] GC(304)     Dead                           Min: 0, Avg:  0.0, Max: 0, Diff: 0, Sum: 0, Workers: 4
[5492.182s][debug][gc,phases      ] GC(304)     Total                          Min: 0, Avg: 2620.5, Max: 4608, Diff: 4608, Sum: 10482, Workers: 4
[5492.182s][debug][gc,phases      ] GC(304)   JNI Weak                       Min:  0.0, Avg:  0.0, Max:  0.0, Diff:  0.0, Sum:  0.0, Workers: 4
[5492.182s][debug][gc,phases      ] GC(304)     Dead                           Min: 0, Avg:  0.0, Max: 0, Diff: 0, Sum: 0, Workers: 4
[5492.182s][debug][gc,phases      ] GC(304)     Total                          Min: 0, Avg: 11.2, Max: 45, Diff: 45, Sum: 45, Workers: 4
[5492.182s][debug][gc,phases      ] GC(304)   StringDedup Table Weak         Min:  0.0, Avg:  0.0, Max:  0.0, Diff:  0.0, Sum:  0.0, Workers: 4
[5492.182s][debug][gc,phases      ] GC(304)     Dead                           Min: 0, Avg:  0.0, Max: 0, Diff: 0, Sum: 0, Workers: 4
[5492.182s][debug][gc,phases      ] GC(304)     Total                          Min: 0, Avg:  0.0, Max: 0, Diff: 0, Sum: 0, Workers: 4
[5492.182s][debug][gc,phases      ] GC(304)   StringDedup Requests0 Weak     Min:  0.0, Avg:  0.0, Max:  0.0, Diff:  0.0, Sum:  0.0, Workers: 4
[5492.182s][debug][gc,phases      ] GC(304)     Dead                           Min: 0, Avg:  0.0, Max: 0, Diff: 0, Sum: 0, Workers: 4
[5492.182s][debug][gc,phases      ] GC(304)     Total                          Min: 0, Avg:  0.0, Max: 0, Diff: 0, Sum: 0, Workers: 4
[5492.182s][debug][gc,phases      ] GC(304)   StringDedup Requests1 Weak     Min:  0.0, Avg:  0.0, Max:  0.0, Diff:  0.0, Sum:  0.0, Workers: 4
[5492.182s][debug][gc,phases      ] GC(304)     Dead                           Min: 0, Avg:  0.0, Max: 0, Diff: 0, Sum: 0, Workers: 4
[5492.182s][debug][gc,phases      ] GC(304)     Total                          Min: 0, Avg:  0.0, Max: 0, Diff: 0, Sum: 0, Workers: 4
[5492.182s][debug][gc,phases      ] GC(304)   Weak JFR Old Object Samples    Min:  0.0, Avg:  0.0, Max:  0.0, Diff:  0.0, Sum:  0.0, Workers: 4
[5492.182s][debug][gc,phases      ] GC(304)     Dead                           Min: 0, Avg:  0.0, Max: 0, Diff: 0, Sum: 0, Workers: 4
[5492.182s][debug][gc,phases      ] GC(304)     Total                          Min: 0, Avg:  0.0, Max: 0, Diff: 0, Sum: 0, Workers: 4
[5492.182s][debug][gc,phases      ] GC(304) Weak Processing 0.312ms
[5492.182s][debug][gc,age         ] GC(304) Desired survivor size 524288 bytes, new threshold 15 (max threshold 15)
[5492.182s][info ][gc,heap        ] GC(304) PSYoungGen: 2096256K(2096640K)->128K(2096640K) Eden: 2096128K(2096128K)->0K(2096128K) From: 128K(512K)->128K(512K)
[5492.182s][info ][gc,heap        ] GC(304) ParOldGen: 310018K(351232K)->310026K(351232K)
[5492.182s][info ][gc,metaspace   ] GC(304) Metaspace: 85514K(86400K)->85514K(86400K) NonClass: 73036K(73536K)->73036K(73536K) Class: 12477K(12864K)->12477K(12864K)
[5492.182s][info ][gc             ] GC(304) Pause Young (Allocation Failure) 2349M->302M(2390M) 2.551ms
[5492.182s][info ][gc,cpu         ] GC(304) User=0.00s Sys=0.00s Real=0.01s
[5492.182s][info ][safepoint      ] Safepoint "ParallelGCFailedAllocation", Time since last: 31895883870 ns, Reaching safepoint: 4100 ns, Cleanup: 3700 ns, At safepoint: 2635594 ns, Total: 2643394 ns
[5524.031s][info ][gc,start       ] GC(305) Pause Young (Allocation Failure)
[5524.032s][debug][gc,phases      ] GC(305) Scavenge 1.343ms
[5524.032s][debug][gc,ref         ] GC(305) Skipped phase 1 of Reference Processing: no references
[5524.032s][debug][gc,ref         ] GC(305) Skipped phase 2 of Reference Processing: no references
[5524.032s][debug][gc,ref         ] GC(305) Skipped phase 3 of Reference Processing: no references
[5524.032s][debug][gc,ref         ] GC(305) ReferenceProcessor::execute queues: 1, RefProcThreadModel::Single, marks_oops_alive: false
[5524.032s][debug][gc,phases      ] GC(305) Reference Processing 0.088ms
[5524.032s][debug][gc,phases      ] GC(305)   VM Weak                        Min:  0.0, Avg:  0.0, Max:  0.0, Diff:  0.0, Sum:  0.0, Workers: 4
[5524.032s][debug][gc,phases      ] GC(305)     Dead                           Min: 0, Avg:  0.0, Max: 0, Diff: 0, Sum: 0, Workers: 4
[5524.032s][debug][gc,phases      ] GC(305)     Total                          Min: 0, Avg: 185.5, Max: 576, Diff: 576, Sum: 742, Workers: 4
[5524.032s][debug][gc,phases      ] GC(305)   ObjectSynchronizer Weak        Min:  0.0, Avg:  0.0, Max:  0.0, Diff:  0.0, Sum:  0.0, Workers: 4
[5524.032s][debug][gc,phases      ] GC(305)     Dead                           Min: 0, Avg:  0.0, Max: 0, Diff: 0, Sum: 0, Workers: 4
[5524.032s][debug][gc,phases      ] GC(305)     Total                          Min: 0, Avg:  0.8, Max: 3, Diff: 3, Sum: 3, Workers: 4
[5524.032s][debug][gc,phases      ] GC(305)   JVMTI Tag Weak OopStorage      Min:  0.0, Avg:  0.0, Max:  0.0, Diff:  0.0, Sum:  0.0, Workers: 4
[5524.032s][debug][gc,phases      ] GC(305)     Dead                           Min: 0, Avg:  0.0, Max: 0, Diff: 0, Sum: 0, Workers: 4
[5524.032s][debug][gc,phases      ] GC(305)     Total                          Min: 0, Avg:  0.0, Max: 0, Diff: 0, Sum: 0, Workers: 4
[5524.032s][debug][gc,phases      ] GC(305)   StringTable Weak               Min:  0.1, Avg:  0.1, Max:  0.1, Diff:  0.0, Sum:  0.4, Workers: 4
[5524.032s][debug][gc,phases      ] GC(305)     Dead                           Min: 0, Avg:  0.0, Max: 0, Diff: 0, Sum: 0, Workers: 4
[5524.032s][debug][gc,phases      ] GC(305)     Total                          Min: 10304, Avg: 11038.2, Max: 11328, Diff: 1024, Sum: 44153, Workers: 4
[5524.032s][debug][gc,phases      ] GC(305)   ResolvedMethodTable Weak       Min:  0.0, Avg:  0.0, Max:  0.0, Diff:  0.0, Sum:  0.1, Workers: 4
[5524.032s][debug][gc,phases      ] GC(305)     Dead                           Min: 0, Avg:  0.0, Max: 0, Diff: 0, Sum: 0, Workers: 4
[5524.032s][debug][gc,phases      ] GC(305)     Total                          Min: 2496, Avg: 2620.5, Max: 2686, Diff: 190, Sum: 10482, Workers: 4
[5524.032s][debug][gc,phases      ] GC(305)   JNI Weak                       Min:  0.0, Avg:  0.0, Max:  0.0, Diff:  0.0, Sum:  0.0, Workers: 4
[5524.032s][debug][gc,phases      ] GC(305)     Dead                           Min: 0, Avg:  0.0, Max: 0, Diff: 0, Sum: 0, Workers: 4
[5524.032s][debug][gc,phases      ] GC(305)     Total                          Min: 0, Avg: 11.2, Max: 45, Diff: 45, Sum: 45, Workers: 4
[5524.032s][debug][gc,phases      ] GC(305)   StringDedup Table Weak         Min:  0.0, Avg:  0.0, Max:  0.0, Diff:  0.0, Sum:  0.0, Workers: 4
[5524.032s][debug][gc,phases      ] GC(305)     Dead                           Min: 0, Avg:  0.0, Max: 0, Diff: 0, Sum: 0, Workers: 4
[5524.032s][debug][gc,phases      ] GC(305)     Total                          Min: 0, Avg:  0.0, Max: 0, Diff: 0, Sum: 0, Workers: 4
[5524.032s][debug][gc,phases      ] GC(305)   StringDedup Requests0 Weak     Min:  0.0, Avg:  0.0, Max:  0.0, Diff:  0.0, Sum:  0.0, Workers: 4
[5524.032s][debug][gc,phases      ] GC(305)     Dead                           Min: 0, Avg:  0.0, Max: 0, Diff: 0, Sum: 0, Workers: 4
[5524.032s][debug][gc,phases      ] GC(305)     Total                          Min: 0, Avg:  0.0, Max: 0, Diff: 0, Sum: 0, Workers: 4
[5524.032s][debug][gc,phases      ] GC(305)   StringDedup Requests1 Weak     Min:  0.0, Avg:  0.0, Max:  0.0, Diff:  0.0, Sum:  0.0, Workers: 4
[5524.032s][debug][gc,phases      ] GC(305)     Dead                           Min: 0, Avg:  0.0, Max: 0, Diff: 0, Sum: 0, Workers: 4
[5524.032s][debug][gc,phases      ] GC(305)     Total                          Min: 0, Avg:  0.0, Max: 0, Diff: 0, Sum: 0, Workers: 4
[5524.032s][debug][gc,phases      ] GC(305)   Weak JFR Old Object Samples    Min:  0.0, Avg:  0.0, Max:  0.0, Diff:  0.0, Sum:  0.0, Workers: 4
[5524.032s][debug][gc,phases      ] GC(305)     Dead                           Min: 0, Avg:  0.0, Max: 0, Diff: 0, Sum: 0, Workers: 4
[5524.032s][debug][gc,phases      ] GC(305)     Total                          Min: 0, Avg:  0.0, Max: 0, Diff: 0, Sum: 0, Workers: 4
[5524.032s][debug][gc,phases      ] GC(305) Weak Processing 0.309ms
[5524.032s][debug][gc,age         ] GC(305) Desired survivor size 524288 bytes, new threshold 15 (max threshold 15)
[5524.032s][info ][gc,heap        ] GC(305) PSYoungGen: 2096256K(2096640K)->128K(2096640K) Eden: 2096128K(2096128K)->0K(2096128K) From: 128K(512K)->128K(512K)
[5524.032s][info ][gc,heap        ] GC(305) ParOldGen: 310026K(351232K)->310034K(351232K)
[5524.032s][info ][gc,metaspace   ] GC(305) Metaspace: 85514K(86400K)->85514K(86400K) NonClass: 73036K(73536K)->73036K(73536K) Class: 12477K(12864K)->12477K(12864K)
[5524.032s][info ][gc             ] GC(305) Pause Young (Allocation Failure) 2349M->302M(2390M) 1.837ms
[5524.032s][info ][gc,cpu         ] GC(305) User=0.00s Sys=0.00s Real=0.01s
[5524.032s][info ][safepoint      ] Safepoint "ParallelGCFailedAllocation", Time since last: 31848571121 ns, Reaching safepoint: 3200 ns, Cleanup: 3900 ns, At safepoint: 1918996 ns, Total: 1926096 ns
[5555.929s][info ][gc,start       ] GC(306) Pause Young (Allocation Failure)
[5555.931s][debug][gc,phases      ] GC(306) Scavenge 2.056ms
[5555.931s][debug][gc,ref         ] GC(306) Skipped phase 1 of Reference Processing: no references
[5555.931s][debug][gc,ref         ] GC(306) Skipped phase 2 of Reference Processing: no references
[5555.931s][debug][gc,ref         ] GC(306) Skipped phase 3 of Reference Processing: no references
[5555.931s][debug][gc,ref         ] GC(306) ReferenceProcessor::execute queues: 1, RefProcThreadModel::Single, marks_oops_alive: false
[5555.931s][debug][gc,phases      ] GC(306) Reference Processing 0.091ms
[5555.931s][debug][gc,phases      ] GC(306)   VM Weak                        Min:  0.0, Avg:  0.0, Max:  0.0, Diff:  0.0, Sum:  0.0, Workers: 4
[5555.931s][debug][gc,phases      ] GC(306)     Dead                           Min: 0, Avg:  0.0, Max: 0, Diff: 0, Sum: 0, Workers: 4
[5555.931s][debug][gc,phases      ] GC(306)     Total                          Min: 0, Avg: 185.5, Max: 614, Diff: 614, Sum: 742, Workers: 4
[5555.931s][debug][gc,phases      ] GC(306)   ObjectSynchronizer Weak        Min:  0.0, Avg:  0.0, Max:  0.0, Diff:  0.0, Sum:  0.0, Workers: 4
[5555.931s][debug][gc,phases      ] GC(306)     Dead                           Min: 0, Avg:  0.0, Max: 0, Diff: 0, Sum: 0, Workers: 4
[5555.931s][debug][gc,phases      ] GC(306)     Total                          Min: 0, Avg:  0.8, Max: 3, Diff: 3, Sum: 3, Workers: 4
[5555.931s][debug][gc,phases      ] GC(306)   JVMTI Tag Weak OopStorage      Min:  0.0, Avg:  0.0, Max:  0.0, Diff:  0.0, Sum:  0.0, Workers: 4
[5555.931s][debug][gc,phases      ] GC(306)     Dead                           Min: 0, Avg:  0.0, Max: 0, Diff: 0, Sum: 0, Workers: 4
[5555.931s][debug][gc,phases      ] GC(306)     Total                          Min: 0, Avg:  0.0, Max: 0, Diff: 0, Sum: 0, Workers: 4
[5555.931s][debug][gc,phases      ] GC(306)   StringTable Weak               Min:  0.0, Avg:  0.1, Max:  0.1, Diff:  0.1, Sum:  0.3, Workers: 4
[5555.931s][debug][gc,phases      ] GC(306)     Dead                           Min: 0, Avg:  0.0, Max: 0, Diff: 0, Sum: 0, Workers: 4
[5555.931s][debug][gc,phases      ] GC(306)     Total                          Min: 0, Avg: 11038.2, Max: 19258, Diff: 19258, Sum: 44153, Workers: 4
[5555.931s][debug][gc,phases      ] GC(306)   ResolvedMethodTable Weak       Min:  0.0, Avg:  0.0, Max:  0.0, Diff:  0.0, Sum:  0.1, Workers: 4
[5555.931s][debug][gc,phases      ] GC(306)     Dead                           Min: 0, Avg:  0.0, Max: 0, Diff: 0, Sum: 0, Workers: 4
[5555.931s][debug][gc,phases      ] GC(306)     Total                          Min: 0, Avg: 2620.5, Max: 4672, Diff: 4672, Sum: 10482, Workers: 4
[5555.931s][debug][gc,phases      ] GC(306)   JNI Weak                       Min:  0.0, Avg:  0.0, Max:  0.0, Diff:  0.0, Sum:  0.0, Workers: 4
[5555.931s][debug][gc,phases      ] GC(306)     Dead                           Min: 0, Avg:  0.0, Max: 0, Diff: 0, Sum: 0, Workers: 4
[5555.931s][debug][gc,phases      ] GC(306)     Total                          Min: 0, Avg: 11.2, Max: 45, Diff: 45, Sum: 45, Workers: 4
[5555.931s][debug][gc,phases      ] GC(306)   StringDedup Table Weak         Min:  0.0, Avg:  0.0, Max:  0.0, Diff:  0.0, Sum:  0.0, Workers: 4
[5555.931s][debug][gc,phases      ] GC(306)     Dead                           Min: 0, Avg:  0.0, Max: 0, Diff: 0, Sum: 0, Workers: 4
[5555.931s][debug][gc,phases      ] GC(306)     Total                          Min: 0, Avg:  0.0, Max: 0, Diff: 0, Sum: 0, Workers: 4
[5555.931s][debug][gc,phases      ] GC(306)   StringDedup Requests0 Weak     Min:  0.0, Avg:  0.0, Max:  0.0, Diff:  0.0, Sum:  0.0, Workers: 4
[5555.931s][debug][gc,phases      ] GC(306)     Dead                           Min: 0, Avg:  0.0, Max: 0, Diff: 0, Sum: 0, Workers: 4
[5555.931s][debug][gc,phases      ] GC(306)     Total                          Min: 0, Avg:  0.0, Max: 0, Diff: 0, Sum: 0, Workers: 4
[5555.931s][debug][gc,phases      ] GC(306)   StringDedup Requests1 Weak     Min:  0.0, Avg:  0.0, Max:  0.0, Diff:  0.0, Sum:  0.0, Workers: 4
[5555.931s][debug][gc,phases      ] GC(306)     Dead                           Min: 0, Avg:  0.0, Max: 0, Diff: 0, Sum: 0, Workers: 4
[5555.931s][debug][gc,phases      ] GC(306)     Total                          Min: 0, Avg:  0.0, Max: 0, Diff: 0, Sum: 0, Workers: 4
[5555.931s][debug][gc,phases      ] GC(306)   Weak JFR Old Object Samples    Min:  0.0, Avg:  0.0, Max:  0.0, Diff:  0.0, Sum:  0.0, Workers: 4
[5555.931s][debug][gc,phases      ] GC(306)     Dead                           Min: 0, Avg:  0.0, Max: 0, Diff: 0, Sum: 0, Workers: 4
[5555.931s][debug][gc,phases      ] GC(306)     Total                          Min: 0, Avg:  0.0, Max: 0, Diff: 0, Sum: 0, Workers: 4
[5555.931s][debug][gc,phases      ] GC(306) Weak Processing 0.333ms
[5555.931s][debug][gc,age         ] GC(306) Desired survivor size 524288 bytes, new threshold 15 (max threshold 15)
[5555.931s][info ][gc,heap        ] GC(306) PSYoungGen: 2096256K(2096640K)->96K(2096640K) Eden: 2096128K(2096128K)->0K(2096128K) From: 128K(512K)->96K(512K)
[5555.931s][info ][gc,heap        ] GC(306) ParOldGen: 310034K(351232K)->310042K(351232K)
[5555.931s][info ][gc,metaspace   ] GC(306) Metaspace: 85514K(86400K)->85514K(86400K) NonClass: 73036K(73536K)->73036K(73536K) Class: 12477K(12864K)->12477K(12864K)
[5555.931s][info ][gc             ] GC(306) Pause Young (Allocation Failure) 2349M->302M(2390M) 2.569ms
[5555.931s][info ][gc,cpu         ] GC(306) User=0.00s Sys=0.00s Real=0.00s
[5555.931s][info ][safepoint      ] Safepoint "ParallelGCFailedAllocation", Time since last: 31896155923 ns, Reaching safepoint: 4200 ns, Cleanup: 3800 ns, At safepoint: 2653094 ns, Total: 2661094 ns
[5581.933s][info ][safepoint      ] Safepoint "Cleanup", Time since last: 26001747542 ns, Reaching safepoint: 4200 ns, Cleanup: 10500 ns, At safepoint: 24600 ns, Total: 39300 ns
[5587.780s][info ][gc,start       ] GC(307) Pause Young (Allocation Failure)
[5587.782s][debug][gc,phases      ] GC(307) Scavenge 2.330ms
[5587.783s][debug][gc,ref         ] GC(307) Skipped phase 1 of Reference Processing: no references
[5587.783s][debug][gc,ref         ] GC(307) Skipped phase 2 of Reference Processing: no references
[5587.783s][debug][gc,ref         ] GC(307) Skipped phase 3 of Reference Processing: no references
[5587.783s][debug][gc,ref         ] GC(307) Skipped phase 4 of Reference Processing: no references
[5587.783s][debug][gc,phases      ] GC(307) Reference Processing 0.021ms
[5587.783s][debug][gc,phases      ] GC(307)   VM Weak                        Min:  0.0, Avg:  0.0, Max:  0.0, Diff:  0.0, Sum:  0.0, Workers: 4
[5587.783s][debug][gc,phases      ] GC(307)     Dead                           Min: 0, Avg:  0.0, Max: 0, Diff: 0, Sum: 0, Workers: 4
[5587.783s][debug][gc,phases      ] GC(307)     Total                          Min: 0, Avg: 185.5, Max: 384, Diff: 384, Sum: 742, Workers: 4
[5587.783s][debug][gc,phases      ] GC(307)   ObjectSynchronizer Weak        Min:  0.0, Avg:  0.0, Max:  0.0, Diff:  0.0, Sum:  0.0, Workers: 4
[5587.783s][debug][gc,phases      ] GC(307)     Dead                           Min: 0, Avg:  0.0, Max: 0, Diff: 0, Sum: 0, Workers: 4
[5587.783s][debug][gc,phases      ] GC(307)     Total                          Min: 0, Avg:  0.8, Max: 3, Diff: 3, Sum: 3, Workers: 4
[5587.783s][debug][gc,phases      ] GC(307)   JVMTI Tag Weak OopStorage      Min:  0.0, Avg:  0.0, Max:  0.0, Diff:  0.0, Sum:  0.0, Workers: 4
[5587.783s][debug][gc,phases      ] GC(307)     Dead                           Min: 0, Avg:  0.0, Max: 0, Diff: 0, Sum: 0, Workers: 4
[5587.783s][debug][gc,phases      ] GC(307)     Total                          Min: 0, Avg:  0.0, Max: 0, Diff: 0, Sum: 0, Workers: 4
[5587.783s][debug][gc,phases      ] GC(307)   StringTable Weak               Min:  0.0, Avg:  0.1, Max:  0.1, Diff:  0.1, Sum:  0.4, Workers: 4
[5587.783s][debug][gc,phases      ] GC(307)     Dead                           Min: 0, Avg:  0.0, Max: 0, Diff: 0, Sum: 0, Workers: 4
[5587.783s][debug][gc,phases      ] GC(307)     Total                          Min: 0, Avg: 11038.2, Max: 19263, Diff: 19263, Sum: 44153, Workers: 4
[5587.783s][debug][gc,phases      ] GC(307)   ResolvedMethodTable Weak       Min:  0.0, Avg:  0.0, Max:  0.0, Diff:  0.0, Sum:  0.1, Workers: 4
[5587.783s][debug][gc,phases      ] GC(307)     Dead                           Min: 0, Avg:  0.0, Max: 0, Diff: 0, Sum: 0, Workers: 4
[5587.783s][debug][gc,phases      ] GC(307)     Total                          Min: 0, Avg: 2620.5, Max: 4734, Diff: 4734, Sum: 10482, Workers: 4
[5587.783s][debug][gc,phases      ] GC(307)   JNI Weak                       Min:  0.0, Avg:  0.0, Max:  0.0, Diff:  0.0, Sum:  0.0, Workers: 4
[5587.783s][debug][gc,phases      ] GC(307)     Dead                           Min: 0, Avg:  0.0, Max: 0, Diff: 0, Sum: 0, Workers: 4
[5587.783s][debug][gc,phases      ] GC(307)     Total                          Min: 0, Avg: 11.2, Max: 45, Diff: 45, Sum: 45, Workers: 4
[5587.783s][debug][gc,phases      ] GC(307)   StringDedup Table Weak         Min:  0.0, Avg:  0.0, Max:  0.0, Diff:  0.0, Sum:  0.0, Workers: 4
[5587.783s][debug][gc,phases      ] GC(307)     Dead                           Min: 0, Avg:  0.0, Max: 0, Diff: 0, Sum: 0, Workers: 4
[5587.783s][debug][gc,phases      ] GC(307)     Total                          Min: 0, Avg:  0.0, Max: 0, Diff: 0, Sum: 0, Workers: 4
[5587.783s][debug][gc,phases      ] GC(307)   StringDedup Requests0 Weak     Min:  0.0, Avg:  0.0, Max:  0.0, Diff:  0.0, Sum:  0.0, Workers: 4
[5587.783s][debug][gc,phases      ] GC(307)     Dead                           Min: 0, Avg:  0.0, Max: 0, Diff: 0, Sum: 0, Workers: 4
[5587.783s][debug][gc,phases      ] GC(307)     Total                          Min: 0, Avg:  0.0, Max: 0, Diff: 0, Sum: 0, Workers: 4
[5587.783s][debug][gc,phases      ] GC(307)   StringDedup Requests1 Weak     Min:  0.0, Avg:  0.0, Max:  0.0, Diff:  0.0, Sum:  0.0, Workers: 4
[5587.783s][debug][gc,phases      ] GC(307)     Dead                           Min: 0, Avg:  0.0, Max: 0, Diff: 0, Sum: 0, Workers: 4
[5587.783s][debug][gc,phases      ] GC(307)     Total                          Min: 0, Avg:  0.0, Max: 0, Diff: 0, Sum: 0, Workers: 4
[5587.783s][debug][gc,phases      ] GC(307)   Weak JFR Old Object Samples    Min:  0.0, Avg:  0.0, Max:  0.0, Diff:  0.0, Sum:  0.0, Workers: 4
[5587.783s][debug][gc,phases      ] GC(307)     Dead                           Min: 0, Avg:  0.0, Max: 0, Diff: 0, Sum: 0, Workers: 4
[5587.783s][debug][gc,phases      ] GC(307)     Total                          Min: 0, Avg:  0.0, Max: 0, Diff: 0, Sum: 0, Workers: 4
[5587.783s][debug][gc,phases      ] GC(307) Weak Processing 0.338ms
[5587.783s][debug][gc,age         ] GC(307) Desired survivor size 524288 bytes, new threshold 15 (max threshold 15)
[5587.783s][info ][gc,heap        ] GC(307) PSYoungGen: 2096224K(2096640K)->128K(2096640K) Eden: 2096128K(2096128K)->0K(2096128K) From: 96K(512K)->128K(512K)
[5587.783s][info ][gc,heap        ] GC(307) ParOldGen: 310042K(351232K)->310050K(351232K)
[5587.783s][info ][gc,metaspace   ] GC(307) Metaspace: 85515K(86400K)->85515K(86400K) NonClass: 73038K(73536K)->73038K(73536K) Class: 12477K(12864K)->12477K(12864K)
[5587.783s][info ][gc             ] GC(307) Pause Young (Allocation Failure) 2349M->302M(2390M) 2.806ms
[5587.783s][info ][gc,cpu         ] GC(307) User=0.01s Sys=0.00s Real=0.00s
[5587.783s][info ][safepoint      ] Safepoint "ParallelGCFailedAllocation", Time since last: 5847032689 ns, Reaching safepoint: 4600 ns, Cleanup: 3800 ns, At safepoint: 2869594 ns, Total: 2877994 ns
[5619.631s][info ][gc,start       ] GC(308) Pause Young (Allocation Failure)
[5619.632s][debug][gc,phases      ] GC(308) Scavenge 1.249ms
[5619.632s][debug][gc,ref         ] GC(308) Skipped phase 1 of Reference Processing: no references
[5619.632s][debug][gc,ref         ] GC(308) Skipped phase 2 of Reference Processing: no references
[5619.632s][debug][gc,ref         ] GC(308) Skipped phase 3 of Reference Processing: no references
[5619.632s][debug][gc,ref         ] GC(308) Skipped phase 4 of Reference Processing: no references
[5619.632s][debug][gc,phases      ] GC(308) Reference Processing 0.020ms
[5619.632s][debug][gc,phases      ] GC(308)   VM Weak                        Min:  0.0, Avg:  0.0, Max:  0.0, Diff:  0.0, Sum:  0.0, Workers: 4
[5619.632s][debug][gc,phases      ] GC(308)     Dead                           Min: 0, Avg:  0.0, Max: 0, Diff: 0, Sum: 0, Workers: 4
[5619.632s][debug][gc,phases      ] GC(308)     Total                          Min: 0, Avg: 185.5, Max: 704, Diff: 704, Sum: 742, Workers: 4
[5619.632s][debug][gc,phases      ] GC(308)   ObjectSynchronizer Weak        Min:  0.0, Avg:  0.0, Max:  0.0, Diff:  0.0, Sum:  0.0, Workers: 4
[5619.632s][debug][gc,phases      ] GC(308)     Dead                           Min: 0, Avg:  0.0, Max: 0, Diff: 0, Sum: 0, Workers: 4
[5619.632s][debug][gc,phases      ] GC(308)     Total                          Min: 0, Avg:  0.8, Max: 3, Diff: 3, Sum: 3, Workers: 4
[5619.632s][debug][gc,phases      ] GC(308)   JVMTI Tag Weak OopStorage      Min:  0.0, Avg:  0.0, Max:  0.0, Diff:  0.0, Sum:  0.0, Workers: 4
[5619.632s][debug][gc,phases      ] GC(308)     Dead                           Min: 0, Avg:  0.0, Max: 0, Diff: 0, Sum: 0, Workers: 4
[5619.632s][debug][gc,phases      ] GC(308)     Total                          Min: 0, Avg:  0.0, Max: 0, Diff: 0, Sum: 0, Workers: 4
[5619.632s][debug][gc,phases      ] GC(308)   StringTable Weak               Min:  0.0, Avg:  0.1, Max:  0.1, Diff:  0.1, Sum:  0.4, Workers: 4
[5619.632s][debug][gc,phases      ] GC(308)     Dead                           Min: 0, Avg:  0.0, Max: 0, Diff: 0, Sum: 0, Workers: 4
[5619.632s][debug][gc,phases      ] GC(308)     Total                          Min: 0, Avg: 11038.2, Max: 18237, Diff: 18237, Sum: 44153, Workers: 4
[5619.632s][debug][gc,phases      ] GC(308)   ResolvedMethodTable Weak       Min:  0.0, Avg:  0.0, Max:  0.0, Diff:  0.0, Sum:  0.1, Workers: 4
[5619.632s][debug][gc,phases      ] GC(308)     Dead                           Min: 0, Avg:  0.0, Max: 0, Diff: 0, Sum: 0, Workers: 4
[5619.632s][debug][gc,phases      ] GC(308)     Total                          Min: 0, Avg: 2620.5, Max: 4734, Diff: 4734, Sum: 10482, Workers: 4
[5619.632s][debug][gc,phases      ] GC(308)   JNI Weak                       Min:  0.0, Avg:  0.0, Max:  0.0, Diff:  0.0, Sum:  0.0, Workers: 4
[5619.632s][debug][gc,phases      ] GC(308)     Dead                           Min: 0, Avg:  0.0, Max: 0, Diff: 0, Sum: 0, Workers: 4
[5619.632s][debug][gc,phases      ] GC(308)     Total                          Min: 0, Avg: 11.2, Max: 45, Diff: 45, Sum: 45, Workers: 4
[5619.632s][debug][gc,phases      ] GC(308)   StringDedup Table Weak         Min:  0.0, Avg:  0.0, Max:  0.0, Diff:  0.0, Sum:  0.0, Workers: 4
[5619.632s][debug][gc,phases      ] GC(308)     Dead                           Min: 0, Avg:  0.0, Max: 0, Diff: 0, Sum: 0, Workers: 4
[5619.632s][debug][gc,phases      ] GC(308)     Total                          Min: 0, Avg:  0.0, Max: 0, Diff: 0, Sum: 0, Workers: 4
[5619.632s][debug][gc,phases      ] GC(308)   StringDedup Requests0 Weak     Min:  0.0, Avg:  0.0, Max:  0.0, Diff:  0.0, Sum:  0.0, Workers: 4
[5619.632s][debug][gc,phases      ] GC(308)     Dead                           Min: 0, Avg:  0.0, Max: 0, Diff: 0, Sum: 0, Workers: 4
[5619.632s][debug][gc,phases      ] GC(308)     Total                          Min: 0, Avg:  0.0, Max: 0, Diff: 0, Sum: 0, Workers: 4
[5619.632s][debug][gc,phases      ] GC(308)   StringDedup Requests1 Weak     Min:  0.0, Avg:  0.0, Max:  0.0, Diff:  0.0, Sum:  0.0, Workers: 4
[5619.632s][debug][gc,phases      ] GC(308)     Dead                           Min: 0, Avg:  0.0, Max: 0, Diff: 0, Sum: 0, Workers: 4
[5619.632s][debug][gc,phases      ] GC(308)     Total                          Min: 0, Avg:  0.0, Max: 0, Diff: 0, Sum: 0, Workers: 4
[5619.632s][debug][gc,phases      ] GC(308)   Weak JFR Old Object Samples    Min:  0.0, Avg:  0.0, Max:  0.0, Diff:  0.0, Sum:  0.0, Workers: 4
[5619.632s][debug][gc,phases      ] GC(308)     Dead                           Min: 0, Avg:  0.0, Max: 0, Diff: 0, Sum: 0, Workers: 4
[5619.632s][debug][gc,phases      ] GC(308)     Total                          Min: 0, Avg:  0.0, Max: 0, Diff: 0, Sum: 0, Workers: 4
[5619.632s][debug][gc,phases      ] GC(308) Weak Processing 0.345ms
[5619.632s][debug][gc,age         ] GC(308) Desired survivor size 524288 bytes, new threshold 15 (max threshold 15)
[5619.633s][info ][gc,heap        ] GC(308) PSYoungGen: 2096256K(2096640K)->128K(2096640K) Eden: 2096128K(2096128K)->0K(2096128K) From: 128K(512K)->128K(512K)
[5619.633s][info ][gc,heap        ] GC(308) ParOldGen: 310050K(351232K)->310058K(351232K)
[5619.633s][info ][gc,metaspace   ] GC(308) Metaspace: 85515K(86400K)->85515K(86400K) NonClass: 73038K(73536K)->73038K(73536K) Class: 12477K(12864K)->12477K(12864K)
[5619.633s][info ][gc             ] GC(308) Pause Young (Allocation Failure) 2349M->302M(2390M) 1.694ms
[5619.633s][info ][gc,cpu         ] GC(308) User=0.01s Sys=0.00s Real=0.01s
[5619.633s][info ][safepoint      ] Safepoint "ParallelGCFailedAllocation", Time since last: 31847827225 ns, Reaching safepoint: 3599 ns, Cleanup: 4200 ns, At safepoint: 1779797 ns, Total: 1787596 ns
[5651.481s][info ][gc,start       ] GC(309) Pause Young (Allocation Failure)
[5651.484s][debug][gc,phases      ] GC(309) Scavenge 2.153ms
[5651.484s][debug][gc,ref         ] GC(309) Skipped phase 1 of Reference Processing: no references
[5651.484s][debug][gc,ref         ] GC(309) Skipped phase 2 of Reference Processing: no references
[5651.484s][debug][gc,ref         ] GC(309) Skipped phase 3 of Reference Processing: no references
[5651.484s][debug][gc,ref         ] GC(309) Skipped phase 4 of Reference Processing: no references
[5651.484s][debug][gc,phases      ] GC(309) Reference Processing 0.021ms
[5651.484s][debug][gc,phases      ] GC(309)   VM Weak                        Min:  0.0, Avg:  0.0, Max:  0.0, Diff:  0.0, Sum:  0.0, Workers: 4
[5651.484s][debug][gc,phases      ] GC(309)     Dead                           Min: 0, Avg:  0.0, Max: 0, Diff: 0, Sum: 0, Workers: 4
[5651.484s][debug][gc,phases      ] GC(309)     Total                          Min: 0, Avg: 185.5, Max: 448, Diff: 448, Sum: 742, Workers: 4
[5651.484s][debug][gc,phases      ] GC(309)   ObjectSynchronizer Weak        Min:  0.0, Avg:  0.0, Max:  0.0, Diff:  0.0, Sum:  0.0, Workers: 4
[5651.484s][debug][gc,phases      ] GC(309)     Dead                           Min: 0, Avg:  0.0, Max: 0, Diff: 0, Sum: 0, Workers: 4
[5651.484s][debug][gc,phases      ] GC(309)     Total                          Min: 0, Avg:  0.8, Max: 3, Diff: 3, Sum: 3, Workers: 4
[5651.484s][debug][gc,phases      ] GC(309)   JVMTI Tag Weak OopStorage      Min:  0.0, Avg:  0.0, Max:  0.0, Diff:  0.0, Sum:  0.0, Workers: 4
[5651.484s][debug][gc,phases      ] GC(309)     Dead                           Min: 0, Avg:  0.0, Max: 0, Diff: 0, Sum: 0, Workers: 4
[5651.484s][debug][gc,phases      ] GC(309)     Total                          Min: 0, Avg:  0.0, Max: 0, Diff: 0, Sum: 0, Workers: 4
[5651.484s][debug][gc,phases      ] GC(309)   StringTable Weak               Min:  0.0, Avg:  0.1, Max:  0.1, Diff:  0.1, Sum:  0.4, Workers: 4
[5651.484s][debug][gc,phases      ] GC(309)     Dead                           Min: 0, Avg:  0.0, Max: 0, Diff: 0, Sum: 0, Workers: 4
[5651.484s][debug][gc,phases      ] GC(309)     Total                          Min: 0, Avg: 11038.2, Max: 19454, Diff: 19454, Sum: 44153, Workers: 4
[5651.484s][debug][gc,phases      ] GC(309)   ResolvedMethodTable Weak       Min:  0.0, Avg:  0.0, Max:  0.0, Diff:  0.0, Sum:  0.1, Workers: 4
[5651.484s][debug][gc,phases      ] GC(309)     Dead                           Min: 0, Avg:  0.0, Max: 0, Diff: 0, Sum: 0, Workers: 4
[5651.484s][debug][gc,phases      ] GC(309)     Total                          Min: 0, Avg: 2620.5, Max: 4658, Diff: 4658, Sum: 10482, Workers: 4
[5651.484s][debug][gc,phases      ] GC(309)   JNI Weak                       Min:  0.0, Avg:  0.0, Max:  0.0, Diff:  0.0, Sum:  0.0, Workers: 4
[5651.484s][debug][gc,phases      ] GC(309)     Dead                           Min: 0, Avg:  0.0, Max: 0, Diff: 0, Sum: 0, Workers: 4
[5651.484s][debug][gc,phases      ] GC(309)     Total                          Min: 0, Avg: 11.2, Max: 45, Diff: 45, Sum: 45, Workers: 4
[5651.484s][debug][gc,phases      ] GC(309)   StringDedup Table Weak         Min:  0.0, Avg:  0.0, Max:  0.0, Diff:  0.0, Sum:  0.0, Workers: 4
[5651.484s][debug][gc,phases      ] GC(309)     Dead                           Min: 0, Avg:  0.0, Max: 0, Diff: 0, Sum: 0, Workers: 4
[5651.484s][debug][gc,phases      ] GC(309)     Total                          Min: 0, Avg:  0.0, Max: 0, Diff: 0, Sum: 0, Workers: 4
[5651.484s][debug][gc,phases      ] GC(309)   StringDedup Requests0 Weak     Min:  0.0, Avg:  0.0, Max:  0.0, Diff:  0.0, Sum:  0.0, Workers: 4
[5651.484s][debug][gc,phases      ] GC(309)     Dead                           Min: 0, Avg:  0.0, Max: 0, Diff: 0, Sum: 0, Workers: 4
[5651.484s][debug][gc,phases      ] GC(309)     Total                          Min: 0, Avg:  0.0, Max: 0, Diff: 0, Sum: 0, Workers: 4
[5651.484s][debug][gc,phases      ] GC(309)   StringDedup Requests1 Weak     Min:  0.0, Avg:  0.0, Max:  0.0, Diff:  0.0, Sum:  0.0, Workers: 4
[5651.484s][debug][gc,phases      ] GC(309)     Dead                           Min: 0, Avg:  0.0, Max: 0, Diff: 0, Sum: 0, Workers: 4
[5651.484s][debug][gc,phases      ] GC(309)     Total                          Min: 0, Avg:  0.0, Max: 0, Diff: 0, Sum: 0, Workers: 4
[5651.484s][debug][gc,phases      ] GC(309)   Weak JFR Old Object Samples    Min:  0.0, Avg:  0.0, Max:  0.0, Diff:  0.0, Sum:  0.0, Workers: 4
[5651.484s][debug][gc,phases      ] GC(309)     Dead                           Min: 0, Avg:  0.0, Max: 0, Diff: 0, Sum: 0, Workers: 4
[5651.484s][debug][gc,phases      ] GC(309)     Total                          Min: 0, Avg:  0.0, Max: 0, Diff: 0, Sum: 0, Workers: 4
[5651.484s][debug][gc,phases      ] GC(309) Weak Processing 0.338ms
[5651.484s][debug][gc,age         ] GC(309) Desired survivor size 524288 bytes, new threshold 15 (max threshold 15)
[5651.484s][info ][gc,heap        ] GC(309) PSYoungGen: 2096256K(2096640K)->128K(2096640K) Eden: 2096128K(2096128K)->0K(2096128K) From: 128K(512K)->128K(512K)
[5651.484s][info ][gc,heap        ] GC(309) ParOldGen: 310058K(351232K)->310066K(351232K)
[5651.484s][info ][gc,metaspace   ] GC(309) Metaspace: 85515K(86400K)->85515K(86400K) NonClass: 73038K(73536K)->73038K(73536K) Class: 12477K(12864K)->12477K(12864K)
[5651.484s][info ][gc             ] GC(309) Pause Young (Allocation Failure) 2349M->302M(2390M) 2.594ms
[5651.484s][info ][gc,cpu         ] GC(309) User=0.01s Sys=0.00s Real=0.00s
[5651.484s][info ][safepoint      ] Safepoint "ParallelGCFailedAllocation", Time since last: 31848858122 ns, Reaching safepoint: 3800 ns, Cleanup: 3400 ns, At safepoint: 2679294 ns, Total: 2686494 ns
[5683.379s][info ][gc,start       ] GC(310) Pause Young (Allocation Failure)
[5683.381s][debug][gc,phases      ] GC(310) Scavenge 2.068ms
[5683.381s][debug][gc,ref         ] GC(310) Skipped phase 1 of Reference Processing: no references
[5683.381s][debug][gc,ref         ] GC(310) Skipped phase 2 of Reference Processing: no references
[5683.381s][debug][gc,ref         ] GC(310) Skipped phase 3 of Reference Processing: no references
[5683.381s][debug][gc,ref         ] GC(310) Skipped phase 4 of Reference Processing: no references
[5683.381s][debug][gc,phases      ] GC(310) Reference Processing 0.021ms
[5683.382s][debug][gc,phases      ] GC(310)   VM Weak                        Min:  0.0, Avg:  0.0, Max:  0.0, Diff:  0.0, Sum:  0.0, Workers: 4
[5683.382s][debug][gc,phases      ] GC(310)     Dead                           Min: 0, Avg:  0.0, Max: 0, Diff: 0, Sum: 0, Workers: 4
[5683.382s][debug][gc,phases      ] GC(310)     Total                          Min: 0, Avg: 185.5, Max: 640, Diff: 640, Sum: 742, Workers: 4
[5683.382s][debug][gc,phases      ] GC(310)   ObjectSynchronizer Weak        Min:  0.0, Avg:  0.0, Max:  0.0, Diff:  0.0, Sum:  0.0, Workers: 4
[5683.382s][debug][gc,phases      ] GC(310)     Dead                           Min: 0, Avg:  0.0, Max: 0, Diff: 0, Sum: 0, Workers: 4
[5683.382s][debug][gc,phases      ] GC(310)     Total                          Min: 0, Avg:  0.8, Max: 3, Diff: 3, Sum: 3, Workers: 4
[5683.382s][debug][gc,phases      ] GC(310)   JVMTI Tag Weak OopStorage      Min:  0.0, Avg:  0.0, Max:  0.0, Diff:  0.0, Sum:  0.0, Workers: 4
[5683.382s][debug][gc,phases      ] GC(310)     Dead                           Min: 0, Avg:  0.0, Max: 0, Diff: 0, Sum: 0, Workers: 4
[5683.382s][debug][gc,phases      ] GC(310)     Total                          Min: 0, Avg:  0.0, Max: 0, Diff: 0, Sum: 0, Workers: 4
[5683.382s][debug][gc,phases      ] GC(310)   StringTable Weak               Min:  0.0, Avg:  0.1, Max:  0.1, Diff:  0.1, Sum:  0.4, Workers: 4
[5683.382s][debug][gc,phases      ] GC(310)     Dead                           Min: 0, Avg:  0.0, Max: 0, Diff: 0, Sum: 0, Workers: 4
[5683.382s][debug][gc,phases      ] GC(310)     Total                          Min: 0, Avg: 11038.2, Max: 18303, Diff: 18303, Sum: 44153, Workers: 4
[5683.382s][debug][gc,phases      ] GC(310)   ResolvedMethodTable Weak       Min:  0.0, Avg:  0.0, Max:  0.0, Diff:  0.0, Sum:  0.1, Workers: 4
[5683.382s][debug][gc,phases      ] GC(310)     Dead                           Min: 0, Avg:  0.0, Max: 0, Diff: 0, Sum: 0, Workers: 4
[5683.382s][debug][gc,phases      ] GC(310)     Total                          Min: 0, Avg: 2620.5, Max: 4734, Diff: 4734, Sum: 10482, Workers: 4
[5683.382s][debug][gc,phases      ] GC(310)   JNI Weak                       Min:  0.0, Avg:  0.0, Max:  0.0, Diff:  0.0, Sum:  0.0, Workers: 4
[5683.382s][debug][gc,phases      ] GC(310)     Dead                           Min: 0, Avg:  0.0, Max: 0, Diff: 0, Sum: 0, Workers: 4
[5683.382s][debug][gc,phases      ] GC(310)     Total                          Min: 0, Avg: 11.2, Max: 45, Diff: 45, Sum: 45, Workers: 4
[5683.382s][debug][gc,phases      ] GC(310)   StringDedup Table Weak         Min:  0.0, Avg:  0.0, Max:  0.0, Diff:  0.0, Sum:  0.0, Workers: 4
[5683.382s][debug][gc,phases      ] GC(310)     Dead                           Min: 0, Avg:  0.0, Max: 0, Diff: 0, Sum: 0, Workers: 4
[5683.382s][debug][gc,phases      ] GC(310)     Total                          Min: 0, Avg:  0.0, Max: 0, Diff: 0, Sum: 0, Workers: 4
[5683.382s][debug][gc,phases      ] GC(310)   StringDedup Requests0 Weak     Min:  0.0, Avg:  0.0, Max:  0.0, Diff:  0.0, Sum:  0.0, Workers: 4
[5683.382s][debug][gc,phases      ] GC(310)     Dead                           Min: 0, Avg:  0.0, Max: 0, Diff: 0, Sum: 0, Workers: 4
[5683.382s][debug][gc,phases      ] GC(310)     Total                          Min: 0, Avg:  0.0, Max: 0, Diff: 0, Sum: 0, Workers: 4
[5683.382s][debug][gc,phases      ] GC(310)   StringDedup Requests1 Weak     Min:  0.0, Avg:  0.0, Max:  0.0, Diff:  0.0, Sum:  0.0, Workers: 4
[5683.382s][debug][gc,phases      ] GC(310)     Dead                           Min: 0, Avg:  0.0, Max: 0, Diff: 0, Sum: 0, Workers: 4
[5683.382s][debug][gc,phases      ] GC(310)     Total                          Min: 0, Avg:  0.0, Max: 0, Diff: 0, Sum: 0, Workers: 4
[5683.382s][debug][gc,phases      ] GC(310)   Weak JFR Old Object Samples    Min:  0.0, Avg:  0.0, Max:  0.0, Diff:  0.0, Sum:  0.0, Workers: 4
[5683.382s][debug][gc,phases      ] GC(310)     Dead                           Min: 0, Avg:  0.0, Max: 0, Diff: 0, Sum: 0, Workers: 4
[5683.382s][debug][gc,phases      ] GC(310)     Total                          Min: 0, Avg:  0.0, Max: 0, Diff: 0, Sum: 0, Workers: 4
[5683.382s][debug][gc,phases      ] GC(310) Weak Processing 0.345ms
[5683.382s][debug][gc,age         ] GC(310) Desired survivor size 524288 bytes, new threshold 15 (max threshold 15)
[5683.382s][info ][gc,heap        ] GC(310) PSYoungGen: 2096256K(2096640K)->96K(2096640K) Eden: 2096128K(2096128K)->0K(2096128K) From: 128K(512K)->96K(512K)
[5683.382s][info ][gc,heap        ] GC(310) ParOldGen: 310066K(351232K)->310074K(351232K)
[5683.382s][info ][gc,metaspace   ] GC(310) Metaspace: 85515K(86400K)->85515K(86400K) NonClass: 73038K(73536K)->73038K(73536K) Class: 12477K(12864K)->12477K(12864K)
[5683.382s][info ][gc             ] GC(310) Pause Young (Allocation Failure) 2349M->302M(2390M) 2.521ms
[5683.382s][info ][gc,cpu         ] GC(310) User=0.00s Sys=0.00s Real=0.01s
[5683.382s][info ][safepoint      ] Safepoint "ParallelGCFailedAllocation", Time since last: 31895195705 ns, Reaching safepoint: 4200 ns, Cleanup: 3800 ns, At safepoint: 2599094 ns, Total: 2607094 ns
[5714.829s][info ][gc,start       ] GC(311) Pause Young (Allocation Failure)
[5714.830s][debug][gc,phases      ] GC(311) Scavenge 1.303ms
[5714.830s][debug][gc,ref         ] GC(311) Skipped phase 1 of Reference Processing: no references
[5714.830s][debug][gc,ref         ] GC(311) Skipped phase 2 of Reference Processing: no references
[5714.830s][debug][gc,ref         ] GC(311) Skipped phase 3 of Reference Processing: no references
[5714.830s][debug][gc,ref         ] GC(311) Skipped phase 4 of Reference Processing: no references
[5714.830s][debug][gc,phases      ] GC(311) Reference Processing 0.021ms
[5714.830s][debug][gc,phases      ] GC(311)   VM Weak                        Min:  0.0, Avg:  0.0, Max:  0.0, Diff:  0.0, Sum:  0.0, Workers: 4
[5714.830s][debug][gc,phases      ] GC(311)     Dead                           Min: 0, Avg:  0.0, Max: 0, Diff: 0, Sum: 0, Workers: 4
[5714.830s][debug][gc,phases      ] GC(311)     Total                          Min: 0, Avg: 185.5, Max: 384, Diff: 384, Sum: 742, Workers: 4
[5714.830s][debug][gc,phases      ] GC(311)   ObjectSynchronizer Weak        Min:  0.0, Avg:  0.0, Max:  0.0, Diff:  0.0, Sum:  0.0, Workers: 4
[5714.830s][debug][gc,phases      ] GC(311)     Dead                           Min: 0, Avg:  0.0, Max: 0, Diff: 0, Sum: 0, Workers: 4
[5714.830s][debug][gc,phases      ] GC(311)     Total                          Min: 0, Avg:  0.8, Max: 3, Diff: 3, Sum: 3, Workers: 4
[5714.830s][debug][gc,phases      ] GC(311)   JVMTI Tag Weak OopStorage      Min:  0.0, Avg:  0.0, Max:  0.0, Diff:  0.0, Sum:  0.0, Workers: 4
[5714.830s][debug][gc,phases      ] GC(311)     Dead                           Min: 0, Avg:  0.0, Max: 0, Diff: 0, Sum: 0, Workers: 4
[5714.831s][debug][gc,phases      ] GC(311)     Total                          Min: 0, Avg:  0.0, Max: 0, Diff: 0, Sum: 0, Workers: 4
[5714.831s][debug][gc,phases      ] GC(311)   StringTable Weak               Min:  0.0, Avg:  0.1, Max:  0.1, Diff:  0.1, Sum:  0.4, Workers: 4
[5714.831s][debug][gc,phases      ] GC(311)     Dead                           Min: 0, Avg:  0.0, Max: 0, Diff: 0, Sum: 0, Workers: 4
[5714.831s][debug][gc,phases      ] GC(311)     Total                          Min: 0, Avg: 11038.2, Max: 18175, Diff: 18175, Sum: 44153, Workers: 4
[5714.831s][debug][gc,phases      ] GC(311)   ResolvedMethodTable Weak       Min:  0.0, Avg:  0.0, Max:  0.0, Diff:  0.0, Sum:  0.1, Workers: 4
[5714.831s][debug][gc,phases      ] GC(311)     Dead                           Min: 0, Avg:  0.0, Max: 0, Diff: 0, Sum: 0, Workers: 4
[5714.831s][debug][gc,phases      ] GC(311)     Total                          Min: 0, Avg: 2620.5, Max: 4468, Diff: 4468, Sum: 10482, Workers: 4
[5714.831s][debug][gc,phases      ] GC(311)   JNI Weak                       Min:  0.0, Avg:  0.0, Max:  0.0, Diff:  0.0, Sum:  0.0, Workers: 4
[5714.831s][debug][gc,phases      ] GC(311)     Dead                           Min: 0, Avg:  0.0, Max: 0, Diff: 0, Sum: 0, Workers: 4
[5714.831s][debug][gc,phases      ] GC(311)     Total                          Min: 0, Avg: 11.2, Max: 45, Diff: 45, Sum: 45, Workers: 4
[5714.831s][debug][gc,phases      ] GC(311)   StringDedup Table Weak         Min:  0.0, Avg:  0.0, Max:  0.0, Diff:  0.0, Sum:  0.0, Workers: 4
[5714.831s][debug][gc,phases      ] GC(311)     Dead                           Min: 0, Avg:  0.0, Max: 0, Diff: 0, Sum: 0, Workers: 4
[5714.831s][debug][gc,phases      ] GC(311)     Total                          Min: 0, Avg:  0.0, Max: 0, Diff: 0, Sum: 0, Workers: 4
[5714.831s][debug][gc,phases      ] GC(311)   StringDedup Requests0 Weak     Min:  0.0, Avg:  0.0, Max:  0.0, Diff:  0.0, Sum:  0.0, Workers: 4
[5714.831s][debug][gc,phases      ] GC(311)     Dead                           Min: 0, Avg:  0.0, Max: 0, Diff: 0, Sum: 0, Workers: 4
[5714.831s][debug][gc,phases      ] GC(311)     Total                          Min: 0, Avg:  0.0, Max: 0, Diff: 0, Sum: 0, Workers: 4
[5714.831s][debug][gc,phases      ] GC(311)   StringDedup Requests1 Weak     Min:  0.0, Avg:  0.0, Max:  0.0, Diff:  0.0, Sum:  0.0, Workers: 4
[5714.831s][debug][gc,phases      ] GC(311)     Dead                           Min: 0, Avg:  0.0, Max: 0, Diff: 0, Sum: 0, Workers: 4
[5714.831s][debug][gc,phases      ] GC(311)     Total                          Min: 0, Avg:  0.0, Max: 0, Diff: 0, Sum: 0, Workers: 4
[5714.831s][debug][gc,phases      ] GC(311)   Weak JFR Old Object Samples    Min:  0.0, Avg:  0.0, Max:  0.0, Diff:  0.0, Sum:  0.0, Workers: 4
[5714.831s][debug][gc,phases      ] GC(311)     Dead                           Min: 0, Avg:  0.0, Max: 0, Diff: 0, Sum: 0, Workers: 4
[5714.831s][debug][gc,phases      ] GC(311)     Total                          Min: 0, Avg:  0.0, Max: 0, Diff: 0, Sum: 0, Workers: 4
[5714.831s][debug][gc,phases      ] GC(311) Weak Processing 0.342ms
[5714.831s][debug][gc,age         ] GC(311) Desired survivor size 524288 bytes, new threshold 15 (max threshold 15)
[5714.831s][info ][gc,heap        ] GC(311) PSYoungGen: 2096223K(2096640K)->128K(2096640K) Eden: 2096127K(2096128K)->0K(2096128K) From: 96K(512K)->128K(512K)
[5714.831s][info ][gc,heap        ] GC(311) ParOldGen: 310074K(351232K)->310082K(351232K)
[5714.831s][info ][gc,metaspace   ] GC(311) Metaspace: 85515K(86400K)->85515K(86400K) NonClass: 73038K(73536K)->73038K(73536K) Class: 12477K(12864K)->12477K(12864K)
[5714.831s][info ][gc             ] GC(311) Pause Young (Allocation Failure) 2349M->302M(2390M) 1.753ms
[5714.831s][info ][gc,cpu         ] GC(311) User=0.01s Sys=0.00s Real=0.00s
[5714.831s][info ][safepoint      ] Safepoint "ParallelGCFailedAllocation", Time since last: 31446849736 ns, Reaching safepoint: 73900 ns, Cleanup: 4000 ns, At safepoint: 1837096 ns, Total: 1914996 ns
[5746.680s][info ][gc,start       ] GC(312) Pause Young (Allocation Failure)
[5746.682s][debug][gc,phases      ] GC(312) Scavenge 2.113ms
[5746.682s][debug][gc,ref         ] GC(312) Skipped phase 1 of Reference Processing: no references
[5746.682s][debug][gc,ref         ] GC(312) Skipped phase 2 of Reference Processing: no references
[5746.682s][debug][gc,ref         ] GC(312) Skipped phase 3 of Reference Processing: no references
[5746.682s][debug][gc,ref         ] GC(312) Skipped phase 4 of Reference Processing: no references
[5746.682s][debug][gc,phases      ] GC(312) Reference Processing 0.021ms
[5746.682s][debug][gc,phases      ] GC(312)   VM Weak                        Min:  0.0, Avg:  0.0, Max:  0.0, Diff:  0.0, Sum:  0.0, Workers: 4
[5746.682s][debug][gc,phases      ] GC(312)     Dead                           Min: 0, Avg:  0.0, Max: 0, Diff: 0, Sum: 0, Workers: 4
[5746.682s][debug][gc,phases      ] GC(312)     Total                          Min: 0, Avg: 185.5, Max: 384, Diff: 384, Sum: 742, Workers: 4
[5746.682s][debug][gc,phases      ] GC(312)   ObjectSynchronizer Weak        Min:  0.0, Avg:  0.0, Max:  0.0, Diff:  0.0, Sum:  0.0, Workers: 4
[5746.682s][debug][gc,phases      ] GC(312)     Dead                           Min: 0, Avg:  0.0, Max: 0, Diff: 0, Sum: 0, Workers: 4
[5746.683s][debug][gc,phases      ] GC(312)     Total                          Min: 0, Avg:  0.8, Max: 3, Diff: 3, Sum: 3, Workers: 4
[5746.683s][debug][gc,phases      ] GC(312)   JVMTI Tag Weak OopStorage      Min:  0.0, Avg:  0.0, Max:  0.0, Diff:  0.0, Sum:  0.0, Workers: 4
[5746.683s][debug][gc,phases      ] GC(312)     Dead                           Min: 0, Avg:  0.0, Max: 0, Diff: 0, Sum: 0, Workers: 4
[5746.683s][debug][gc,phases      ] GC(312)     Total                          Min: 0, Avg:  0.0, Max: 0, Diff: 0, Sum: 0, Workers: 4
[5746.683s][debug][gc,phases      ] GC(312)   StringTable Weak               Min:  0.0, Avg:  0.1, Max:  0.1, Diff:  0.1, Sum:  0.4, Workers: 4
[5746.683s][debug][gc,phases      ] GC(312)     Dead                           Min: 0, Avg:  0.0, Max: 0, Diff: 0, Sum: 0, Workers: 4
[5746.683s][debug][gc,phases      ] GC(312)     Total                          Min: 0, Avg: 11038.2, Max: 19515, Diff: 19515, Sum: 44153, Workers: 4
[5746.683s][debug][gc,phases      ] GC(312)   ResolvedMethodTable Weak       Min:  0.0, Avg:  0.0, Max:  0.0, Diff:  0.0, Sum:  0.1, Workers: 4
[5746.683s][debug][gc,phases      ] GC(312)     Dead                           Min: 0, Avg:  0.0, Max: 0, Diff: 0, Sum: 0, Workers: 4
[5746.683s][debug][gc,phases      ] GC(312)     Total                          Min: 0, Avg: 2620.5, Max: 4608, Diff: 4608, Sum: 10482, Workers: 4
[5746.683s][debug][gc,phases      ] GC(312)   JNI Weak                       Min:  0.0, Avg:  0.0, Max:  0.0, Diff:  0.0, Sum:  0.0, Workers: 4
[5746.683s][debug][gc,phases      ] GC(312)     Dead                           Min: 0, Avg:  0.0, Max: 0, Diff: 0, Sum: 0, Workers: 4
[5746.683s][debug][gc,phases      ] GC(312)     Total                          Min: 0, Avg: 11.2, Max: 45, Diff: 45, Sum: 45, Workers: 4
[5746.683s][debug][gc,phases      ] GC(312)   StringDedup Table Weak         Min:  0.0, Avg:  0.0, Max:  0.0, Diff:  0.0, Sum:  0.0, Workers: 4
[5746.683s][debug][gc,phases      ] GC(312)     Dead                           Min: 0, Avg:  0.0, Max: 0, Diff: 0, Sum: 0, Workers: 4
[5746.683s][debug][gc,phases      ] GC(312)     Total                          Min: 0, Avg:  0.0, Max: 0, Diff: 0, Sum: 0, Workers: 4
[5746.683s][debug][gc,phases      ] GC(312)   StringDedup Requests0 Weak     Min:  0.0, Avg:  0.0, Max:  0.0, Diff:  0.0, Sum:  0.0, Workers: 4
[5746.683s][debug][gc,phases      ] GC(312)     Dead                           Min: 0, Avg:  0.0, Max: 0, Diff: 0, Sum: 0, Workers: 4
[5746.683s][debug][gc,phases      ] GC(312)     Total                          Min: 0, Avg:  0.0, Max: 0, Diff: 0, Sum: 0, Workers: 4
[5746.683s][debug][gc,phases      ] GC(312)   StringDedup Requests1 Weak     Min:  0.0, Avg:  0.0, Max:  0.0, Diff:  0.0, Sum:  0.0, Workers: 4
[5746.683s][debug][gc,phases      ] GC(312)     Dead                           Min: 0, Avg:  0.0, Max: 0, Diff: 0, Sum: 0, Workers: 4
[5746.683s][debug][gc,phases      ] GC(312)     Total                          Min: 0, Avg:  0.0, Max: 0, Diff: 0, Sum: 0, Workers: 4
[5746.683s][debug][gc,phases      ] GC(312)   Weak JFR Old Object Samples    Min:  0.0, Avg:  0.0, Max:  0.0, Diff:  0.0, Sum:  0.0, Workers: 4
[5746.683s][debug][gc,phases      ] GC(312)     Dead                           Min: 0, Avg:  0.0, Max: 0, Diff: 0, Sum: 0, Workers: 4
[5746.683s][debug][gc,phases      ] GC(312)     Total                          Min: 0, Avg:  0.0, Max: 0, Diff: 0, Sum: 0, Workers: 4
[5746.683s][debug][gc,phases      ] GC(312) Weak Processing 0.344ms
[5746.683s][debug][gc,age         ] GC(312) Desired survivor size 524288 bytes, new threshold 15 (max threshold 15)
[5746.683s][info ][gc,heap        ] GC(312) PSYoungGen: 2096256K(2096640K)->128K(2096640K) Eden: 2096128K(2096128K)->0K(2096128K) From: 128K(512K)->128K(512K)
[5746.683s][info ][gc,heap        ] GC(312) ParOldGen: 310082K(351232K)->310090K(351232K)
[5746.683s][info ][gc,metaspace   ] GC(312) Metaspace: 85515K(86400K)->85515K(86400K) NonClass: 73038K(73536K)->73038K(73536K) Class: 12477K(12864K)->12477K(12864K)
[5746.683s][info ][gc             ] GC(312) Pause Young (Allocation Failure) 2349M->302M(2390M) 2.571ms
[5746.683s][info ][gc,cpu         ] GC(312) User=0.01s Sys=0.01s Real=0.00s
[5746.683s][info ][safepoint      ] Safepoint "ParallelGCFailedAllocation", Time since last: 31849357470 ns, Reaching safepoint: 5000 ns, Cleanup: 3900 ns, At safepoint: 2659194 ns, Total: 2668094 ns
[5778.531s][info ][gc,start       ] GC(313) Pause Young (Allocation Failure)
[5778.533s][debug][gc,phases      ] GC(313) Scavenge 1.249ms
[5778.533s][debug][gc,ref         ] GC(313) Skipped phase 1 of Reference Processing: no references
[5778.533s][debug][gc,ref         ] GC(313) Skipped phase 2 of Reference Processing: no references
[5778.533s][debug][gc,ref         ] GC(313) Skipped phase 3 of Reference Processing: no references
[5778.533s][debug][gc,ref         ] GC(313) Skipped phase 4 of Reference Processing: no references
[5778.533s][debug][gc,phases      ] GC(313) Reference Processing 0.020ms
[5778.533s][debug][gc,phases      ] GC(313)   VM Weak                        Min:  0.0, Avg:  0.0, Max:  0.0, Diff:  0.0, Sum:  0.0, Workers: 4
[5778.533s][debug][gc,phases      ] GC(313)     Dead                           Min: 0, Avg:  0.0, Max: 0, Diff: 0, Sum: 0, Workers: 4
[5778.533s][debug][gc,phases      ] GC(313)     Total                          Min: 0, Avg: 185.5, Max: 678, Diff: 678, Sum: 742, Workers: 4
[5778.533s][debug][gc,phases      ] GC(313)   ObjectSynchronizer Weak        Min:  0.0, Avg:  0.0, Max:  0.0, Diff:  0.0, Sum:  0.0, Workers: 4
[5778.533s][debug][gc,phases      ] GC(313)     Dead                           Min: 0, Avg:  0.0, Max: 0, Diff: 0, Sum: 0, Workers: 4
[5778.533s][debug][gc,phases      ] GC(313)     Total                          Min: 0, Avg:  0.8, Max: 3, Diff: 3, Sum: 3, Workers: 4
[5778.533s][debug][gc,phases      ] GC(313)   JVMTI Tag Weak OopStorage      Min:  0.0, Avg:  0.0, Max:  0.0, Diff:  0.0, Sum:  0.0, Workers: 4
[5778.533s][debug][gc,phases      ] GC(313)     Dead                           Min: 0, Avg:  0.0, Max: 0, Diff: 0, Sum: 0, Workers: 4
[5778.533s][debug][gc,phases      ] GC(313)     Total                          Min: 0, Avg:  0.0, Max: 0, Diff: 0, Sum: 0, Workers: 4
[5778.533s][debug][gc,phases      ] GC(313)   StringTable Weak               Min:  0.0, Avg:  0.1, Max:  0.1, Diff:  0.1, Sum:  0.4, Workers: 4
[5778.533s][debug][gc,phases      ] GC(313)     Dead                           Min: 0, Avg:  0.0, Max: 0, Diff: 0, Sum: 0, Workers: 4
[5778.533s][debug][gc,phases      ] GC(313)     Total                          Min: 0, Avg: 11038.2, Max: 19135, Diff: 19135, Sum: 44153, Workers: 4
[5778.533s][debug][gc,phases      ] GC(313)   ResolvedMethodTable Weak       Min:  0.0, Avg:  0.0, Max:  0.0, Diff:  0.0, Sum:  0.1, Workers: 4
[5778.533s][debug][gc,phases      ] GC(313)     Dead                           Min: 0, Avg:  0.0, Max: 0, Diff: 0, Sum: 0, Workers: 4
[5778.533s][debug][gc,phases      ] GC(313)     Total                          Min: 0, Avg: 2620.5, Max: 4734, Diff: 4734, Sum: 10482, Workers: 4
[5778.533s][debug][gc,phases      ] GC(313)   JNI Weak                       Min:  0.0, Avg:  0.0, Max:  0.0, Diff:  0.0, Sum:  0.0, Workers: 4
[5778.533s][debug][gc,phases      ] GC(313)     Dead                           Min: 0, Avg:  0.0, Max: 0, Diff: 0, Sum: 0, Workers: 4
[5778.533s][debug][gc,phases      ] GC(313)     Total                          Min: 0, Avg: 11.2, Max: 45, Diff: 45, Sum: 45, Workers: 4
[5778.533s][debug][gc,phases      ] GC(313)   StringDedup Table Weak         Min:  0.0, Avg:  0.0, Max:  0.0, Diff:  0.0, Sum:  0.0, Workers: 4
[5778.533s][debug][gc,phases      ] GC(313)     Dead                           Min: 0, Avg:  0.0, Max: 0, Diff: 0, Sum: 0, Workers: 4
[5778.533s][debug][gc,phases      ] GC(313)     Total                          Min: 0, Avg:  0.0, Max: 0, Diff: 0, Sum: 0, Workers: 4
[5778.533s][debug][gc,phases      ] GC(313)   StringDedup Requests0 Weak     Min:  0.0, Avg:  0.0, Max:  0.0, Diff:  0.0, Sum:  0.0, Workers: 4
[5778.533s][debug][gc,phases      ] GC(313)     Dead                           Min: 0, Avg:  0.0, Max: 0, Diff: 0, Sum: 0, Workers: 4
[5778.533s][debug][gc,phases      ] GC(313)     Total                          Min: 0, Avg:  0.0, Max: 0, Diff: 0, Sum: 0, Workers: 4
[5778.533s][debug][gc,phases      ] GC(313)   StringDedup Requests1 Weak     Min:  0.0, Avg:  0.0, Max:  0.0, Diff:  0.0, Sum:  0.0, Workers: 4
[5778.533s][debug][gc,phases      ] GC(313)     Dead                           Min: 0, Avg:  0.0, Max: 0, Diff: 0, Sum: 0, Workers: 4
[5778.533s][debug][gc,phases      ] GC(313)     Total                          Min: 0, Avg:  0.0, Max: 0, Diff: 0, Sum: 0, Workers: 4
[5778.533s][debug][gc,phases      ] GC(313)   Weak JFR Old Object Samples    Min:  0.0, Avg:  0.0, Max:  0.0, Diff:  0.0, Sum:  0.0, Workers: 4
[5778.533s][debug][gc,phases      ] GC(313)     Dead                           Min: 0, Avg:  0.0, Max: 0, Diff: 0, Sum: 0, Workers: 4
[5778.533s][debug][gc,phases      ] GC(313)     Total                          Min: 0, Avg:  0.0, Max: 0, Diff: 0, Sum: 0, Workers: 4
[5778.533s][debug][gc,phases      ] GC(313) Weak Processing 0.330ms
[5778.533s][debug][gc,age         ] GC(313) Desired survivor size 524288 bytes, new threshold 15 (max threshold 15)
[5778.533s][info ][gc,heap        ] GC(313) PSYoungGen: 2096256K(2096640K)->128K(2096640K) Eden: 2096128K(2096128K)->0K(2096128K) From: 128K(512K)->128K(512K)
[5778.533s][info ][gc,heap        ] GC(313) ParOldGen: 310090K(351232K)->310106K(351232K)
[5778.533s][info ][gc,metaspace   ] GC(313) Metaspace: 85515K(86400K)->85515K(86400K) NonClass: 73038K(73536K)->73038K(73536K) Class: 12477K(12864K)->12477K(12864K)
[5778.533s][info ][gc             ] GC(313) Pause Young (Allocation Failure) 2349M->302M(2390M) 1.679ms
[5778.533s][info ][gc,cpu         ] GC(313) User=0.00s Sys=0.00s Real=0.01s
[5778.533s][info ][safepoint      ] Safepoint "ParallelGCFailedAllocation", Time since last: 31848739810 ns, Reaching safepoint: 4400 ns, Cleanup: 4100 ns, At safepoint: 1759897 ns, Total: 1768397 ns
[5810.382s][info ][gc,start       ] GC(314) Pause Young (Allocation Failure)
[5810.384s][debug][gc,phases      ] GC(314) Scavenge 2.246ms
[5810.384s][debug][gc,ref         ] GC(314) Skipped phase 1 of Reference Processing: no references
[5810.384s][debug][gc,ref         ] GC(314) Skipped phase 2 of Reference Processing: no references
[5810.384s][debug][gc,ref         ] GC(314) Skipped phase 3 of Reference Processing: no references
[5810.384s][debug][gc,ref         ] GC(314) Skipped phase 4 of Reference Processing: no references
[5810.384s][debug][gc,phases      ] GC(314) Reference Processing 0.020ms
[5810.384s][debug][gc,phases      ] GC(314)   VM Weak                        Min:  0.0, Avg:  0.0, Max:  0.0, Diff:  0.0, Sum:  0.0, Workers: 4
[5810.384s][debug][gc,phases      ] GC(314)     Dead                           Min: 0, Avg:  0.0, Max: 0, Diff: 0, Sum: 0, Workers: 4
[5810.384s][debug][gc,phases      ] GC(314)     Total                          Min: 38, Avg: 185.5, Max: 320, Diff: 282, Sum: 742, Workers: 4
[5810.384s][debug][gc,phases      ] GC(314)   ObjectSynchronizer Weak        Min:  0.0, Avg:  0.0, Max:  0.0, Diff:  0.0, Sum:  0.0, Workers: 4
[5810.384s][debug][gc,phases      ] GC(314)     Dead                           Min: 0, Avg:  0.0, Max: 0, Diff: 0, Sum: 0, Workers: 4
[5810.384s][debug][gc,phases      ] GC(314)     Total                          Min: 0, Avg:  0.8, Max: 3, Diff: 3, Sum: 3, Workers: 4
[5810.384s][debug][gc,phases      ] GC(314)   JVMTI Tag Weak OopStorage      Min:  0.0, Avg:  0.0, Max:  0.0, Diff:  0.0, Sum:  0.0, Workers: 4
[5810.384s][debug][gc,phases      ] GC(314)     Dead                           Min: 0, Avg:  0.0, Max: 0, Diff: 0, Sum: 0, Workers: 4
[5810.384s][debug][gc,phases      ] GC(314)     Total                          Min: 0, Avg:  0.0, Max: 0, Diff: 0, Sum: 0, Workers: 4
[5810.384s][debug][gc,phases      ] GC(314)   StringTable Weak               Min:  0.1, Avg:  0.1, Max:  0.1, Diff:  0.0, Sum:  0.4, Workers: 4
[5810.384s][debug][gc,phases      ] GC(314)     Dead                           Min: 0, Avg:  0.0, Max: 0, Diff: 0, Sum: 0, Workers: 4
[5810.384s][debug][gc,phases      ] GC(314)     Total                          Min: 10240, Avg: 11038.2, Max: 11518, Diff: 1278, Sum: 44153, Workers: 4
[5810.384s][debug][gc,phases      ] GC(314)   ResolvedMethodTable Weak       Min:  0.0, Avg:  0.0, Max:  0.0, Diff:  0.0, Sum:  0.1, Workers: 4
[5810.384s][debug][gc,phases      ] GC(314)     Dead                           Min: 0, Avg:  0.0, Max: 0, Diff: 0, Sum: 0, Workers: 4
[5810.384s][debug][gc,phases      ] GC(314)     Total                          Min: 2496, Avg: 2620.5, Max: 2688, Diff: 192, Sum: 10482, Workers: 4
[5810.384s][debug][gc,phases      ] GC(314)   JNI Weak                       Min:  0.0, Avg:  0.0, Max:  0.0, Diff:  0.0, Sum:  0.0, Workers: 4
[5810.384s][debug][gc,phases      ] GC(314)     Dead                           Min: 0, Avg:  0.0, Max: 0, Diff: 0, Sum: 0, Workers: 4
[5810.384s][debug][gc,phases      ] GC(314)     Total                          Min: 0, Avg: 11.2, Max: 45, Diff: 45, Sum: 45, Workers: 4
[5810.384s][debug][gc,phases      ] GC(314)   StringDedup Table Weak         Min:  0.0, Avg:  0.0, Max:  0.0, Diff:  0.0, Sum:  0.0, Workers: 4
[5810.384s][debug][gc,phases      ] GC(314)     Dead                           Min: 0, Avg:  0.0, Max: 0, Diff: 0, Sum: 0, Workers: 4
[5810.384s][debug][gc,phases      ] GC(314)     Total                          Min: 0, Avg:  0.0, Max: 0, Diff: 0, Sum: 0, Workers: 4
[5810.384s][debug][gc,phases      ] GC(314)   StringDedup Requests0 Weak     Min:  0.0, Avg:  0.0, Max:  0.0, Diff:  0.0, Sum:  0.0, Workers: 4
[5810.384s][debug][gc,phases      ] GC(314)     Dead                           Min: 0, Avg:  0.0, Max: 0, Diff: 0, Sum: 0, Workers: 4
[5810.384s][debug][gc,phases      ] GC(314)     Total                          Min: 0, Avg:  0.0, Max: 0, Diff: 0, Sum: 0, Workers: 4
[5810.384s][debug][gc,phases      ] GC(314)   StringDedup Requests1 Weak     Min:  0.0, Avg:  0.0, Max:  0.0, Diff:  0.0, Sum:  0.0, Workers: 4
[5810.384s][debug][gc,phases      ] GC(314)     Dead                           Min: 0, Avg:  0.0, Max: 0, Diff: 0, Sum: 0, Workers: 4
[5810.384s][debug][gc,phases      ] GC(314)     Total                          Min: 0, Avg:  0.0, Max: 0, Diff: 0, Sum: 0, Workers: 4
[5810.384s][debug][gc,phases      ] GC(314)   Weak JFR Old Object Samples    Min:  0.0, Avg:  0.0, Max:  0.0, Diff:  0.0, Sum:  0.0, Workers: 4
[5810.384s][debug][gc,phases      ] GC(314)     Dead                           Min: 0, Avg:  0.0, Max: 0, Diff: 0, Sum: 0, Workers: 4
[5810.384s][debug][gc,phases      ] GC(314)     Total                          Min: 0, Avg:  0.0, Max: 0, Diff: 0, Sum: 0, Workers: 4
[5810.385s][debug][gc,phases      ] GC(314) Weak Processing 0.345ms
[5810.385s][debug][gc,age         ] GC(314) Desired survivor size 524288 bytes, new threshold 15 (max threshold 15)
[5810.385s][info ][gc,heap        ] GC(314) PSYoungGen: 2096256K(2096640K)->96K(2096640K) Eden: 2096128K(2096128K)->0K(2096128K) From: 128K(512K)->96K(512K)
[5810.385s][info ][gc,heap        ] GC(314) ParOldGen: 310106K(351232K)->310114K(351232K)
[5810.385s][info ][gc,metaspace   ] GC(314) Metaspace: 85515K(86400K)->85515K(86400K) NonClass: 73038K(73536K)->73038K(73536K) Class: 12477K(12864K)->12477K(12864K)
[5810.385s][info ][gc             ] GC(314) Pause Young (Allocation Failure) 2349M->302M(2390M) 2.709ms
[5810.385s][info ][gc,cpu         ] GC(314) User=0.01s Sys=0.00s Real=0.00s
[5810.385s][info ][safepoint      ] Safepoint "ParallelGCFailedAllocation", Time since last: 31848577147 ns, Reaching safepoint: 4000 ns, Cleanup: 4200 ns, At safepoint: 2789495 ns, Total: 2797695 ns
[5842.280s][info ][gc,start       ] GC(315) Pause Young (Allocation Failure)
[5842.282s][debug][gc,phases      ] GC(315) Scavenge 1.987ms
[5842.282s][debug][gc,ref         ] GC(315) Skipped phase 1 of Reference Processing: no references
[5842.282s][debug][gc,ref         ] GC(315) Skipped phase 2 of Reference Processing: no references
[5842.282s][debug][gc,ref         ] GC(315) Skipped phase 3 of Reference Processing: no references
[5842.282s][debug][gc,ref         ] GC(315) Skipped phase 4 of Reference Processing: no references
[5842.282s][debug][gc,phases      ] GC(315) Reference Processing 0.020ms
[5842.282s][debug][gc,phases      ] GC(315)   VM Weak                        Min:  0.0, Avg:  0.0, Max:  0.0, Diff:  0.0, Sum:  0.0, Workers: 4
[5842.282s][debug][gc,phases      ] GC(315)     Dead                           Min: 0, Avg:  0.0, Max: 0, Diff: 0, Sum: 0, Workers: 4
[5842.282s][debug][gc,phases      ] GC(315)     Total                          Min: 0, Avg: 185.5, Max: 678, Diff: 678, Sum: 742, Workers: 4
[5842.282s][debug][gc,phases      ] GC(315)   ObjectSynchronizer Weak        Min:  0.0, Avg:  0.0, Max:  0.0, Diff:  0.0, Sum:  0.0, Workers: 4
[5842.282s][debug][gc,phases      ] GC(315)     Dead                           Min: 0, Avg:  0.0, Max: 0, Diff: 0, Sum: 0, Workers: 4
[5842.282s][debug][gc,phases      ] GC(315)     Total                          Min: 0, Avg:  0.8, Max: 3, Diff: 3, Sum: 3, Workers: 4
[5842.282s][debug][gc,phases      ] GC(315)   JVMTI Tag Weak OopStorage      Min:  0.0, Avg:  0.0, Max:  0.0, Diff:  0.0, Sum:  0.0, Workers: 4
[5842.282s][debug][gc,phases      ] GC(315)     Dead                           Min: 0, Avg:  0.0, Max: 0, Diff: 0, Sum: 0, Workers: 4
[5842.282s][debug][gc,phases      ] GC(315)     Total                          Min: 0, Avg:  0.0, Max: 0, Diff: 0, Sum: 0, Workers: 4
[5842.282s][debug][gc,phases      ] GC(315)   StringTable Weak               Min:  0.0, Avg:  0.1, Max:  0.1, Diff:  0.1, Sum:  0.3, Workers: 4
[5842.282s][debug][gc,phases      ] GC(315)     Dead                           Min: 0, Avg:  0.0, Max: 0, Diff: 0, Sum: 0, Workers: 4
[5842.282s][debug][gc,phases      ] GC(315)     Total                          Min: 0, Avg: 11038.2, Max: 19835, Diff: 19835, Sum: 44153, Workers: 4
[5842.282s][debug][gc,phases      ] GC(315)   ResolvedMethodTable Weak       Min:  0.0, Avg:  0.0, Max:  0.0, Diff:  0.0, Sum:  0.1, Workers: 4
[5842.282s][debug][gc,phases      ] GC(315)     Dead                           Min: 0, Avg:  0.0, Max: 0, Diff: 0, Sum: 0, Workers: 4
[5842.282s][debug][gc,phases      ] GC(315)     Total                          Min: 0, Avg: 2620.5, Max: 4350, Diff: 4350, Sum: 10482, Workers: 4
[5842.282s][debug][gc,phases      ] GC(315)   JNI Weak                       Min:  0.0, Avg:  0.0, Max:  0.0, Diff:  0.0, Sum:  0.0, Workers: 4
[5842.282s][debug][gc,phases      ] GC(315)     Dead                           Min: 0, Avg:  0.0, Max: 0, Diff: 0, Sum: 0, Workers: 4
[5842.282s][debug][gc,phases      ] GC(315)     Total                          Min: 0, Avg: 11.2, Max: 45, Diff: 45, Sum: 45, Workers: 4
[5842.282s][debug][gc,phases      ] GC(315)   StringDedup Table Weak         Min:  0.0, Avg:  0.0, Max:  0.0, Diff:  0.0, Sum:  0.0, Workers: 4
[5842.282s][debug][gc,phases      ] GC(315)     Dead                           Min: 0, Avg:  0.0, Max: 0, Diff: 0, Sum: 0, Workers: 4
[5842.282s][debug][gc,phases      ] GC(315)     Total                          Min: 0, Avg:  0.0, Max: 0, Diff: 0, Sum: 0, Workers: 4
[5842.282s][debug][gc,phases      ] GC(315)   StringDedup Requests0 Weak     Min:  0.0, Avg:  0.0, Max:  0.0, Diff:  0.0, Sum:  0.0, Workers: 4
[5842.282s][debug][gc,phases      ] GC(315)     Dead                           Min: 0, Avg:  0.0, Max: 0, Diff: 0, Sum: 0, Workers: 4
[5842.282s][debug][gc,phases      ] GC(315)     Total                          Min: 0, Avg:  0.0, Max: 0, Diff: 0, Sum: 0, Workers: 4
[5842.282s][debug][gc,phases      ] GC(315)   StringDedup Requests1 Weak     Min:  0.0, Avg:  0.0, Max:  0.0, Diff:  0.0, Sum:  0.0, Workers: 4
[5842.282s][debug][gc,phases      ] GC(315)     Dead                           Min: 0, Avg:  0.0, Max: 0, Diff: 0, Sum: 0, Workers: 4
[5842.282s][debug][gc,phases      ] GC(315)     Total                          Min: 0, Avg:  0.0, Max: 0, Diff: 0, Sum: 0, Workers: 4
[5842.282s][debug][gc,phases      ] GC(315)   Weak JFR Old Object Samples    Min:  0.0, Avg:  0.0, Max:  0.0, Diff:  0.0, Sum:  0.0, Workers: 4
[5842.282s][debug][gc,phases      ] GC(315)     Dead                           Min: 0, Avg:  0.0, Max: 0, Diff: 0, Sum: 0, Workers: 4
[5842.282s][debug][gc,phases      ] GC(315)     Total                          Min: 0, Avg:  0.0, Max: 0, Diff: 0, Sum: 0, Workers: 4
[5842.282s][debug][gc,phases      ] GC(315) Weak Processing 0.318ms
[5842.282s][debug][gc,age         ] GC(315) Desired survivor size 524288 bytes, new threshold 15 (max threshold 15)
[5842.282s][info ][gc,heap        ] GC(315) PSYoungGen: 2096224K(2096640K)->128K(2096640K) Eden: 2096128K(2096128K)->0K(2096128K) From: 96K(512K)->128K(512K)
[5842.282s][info ][gc,heap        ] GC(315) ParOldGen: 310114K(351232K)->310122K(351232K)
[5842.282s][info ][gc,metaspace   ] GC(315) Metaspace: 85516K(86400K)->85516K(86400K) NonClass: 73038K(73536K)->73038K(73536K) Class: 12477K(12864K)->12477K(12864K)
[5842.282s][info ][gc             ] GC(315) Pause Young (Allocation Failure) 2349M->302M(2390M) 2.417ms
[5842.282s][info ][gc,cpu         ] GC(315) User=0.00s Sys=0.00s Real=0.01s
[5842.282s][info ][safepoint      ] Safepoint "ParallelGCFailedAllocation", Time since last: 31895037778 ns, Reaching safepoint: 3800 ns, Cleanup: 3600 ns, At safepoint: 2483596 ns, Total: 2490996 ns
[5874.131s][info ][gc,start       ] GC(316) Pause Young (Allocation Failure)
[5874.133s][debug][gc,phases      ] GC(316) Scavenge 2.121ms
[5874.133s][debug][gc,ref         ] GC(316) Skipped phase 1 of Reference Processing: no references
[5874.133s][debug][gc,ref         ] GC(316) Skipped phase 2 of Reference Processing: no references
[5874.133s][debug][gc,ref         ] GC(316) Skipped phase 3 of Reference Processing: no references
[5874.133s][debug][gc,ref         ] GC(316) Skipped phase 4 of Reference Processing: no references
[5874.133s][debug][gc,phases      ] GC(316) Reference Processing 0.020ms
[5874.133s][debug][gc,phases      ] GC(316)   VM Weak                        Min:  0.0, Avg:  0.0, Max:  0.0, Diff:  0.0, Sum:  0.0, Workers: 4
[5874.133s][debug][gc,phases      ] GC(316)     Dead                           Min: 0, Avg:  0.0, Max: 0, Diff: 0, Sum: 0, Workers: 4
[5874.133s][debug][gc,phases      ] GC(316)     Total                          Min: 0, Avg: 185.5, Max: 614, Diff: 614, Sum: 742, Workers: 4
[5874.133s][debug][gc,phases      ] GC(316)   ObjectSynchronizer Weak        Min:  0.0, Avg:  0.0, Max:  0.0, Diff:  0.0, Sum:  0.0, Workers: 4
[5874.133s][debug][gc,phases      ] GC(316)     Dead                           Min: 0, Avg:  0.0, Max: 0, Diff: 0, Sum: 0, Workers: 4
[5874.133s][debug][gc,phases      ] GC(316)     Total                          Min: 0, Avg:  0.8, Max: 3, Diff: 3, Sum: 3, Workers: 4
[5874.133s][debug][gc,phases      ] GC(316)   JVMTI Tag Weak OopStorage      Min:  0.0, Avg:  0.0, Max:  0.0, Diff:  0.0, Sum:  0.0, Workers: 4
[5874.133s][debug][gc,phases      ] GC(316)     Dead                           Min: 0, Avg:  0.0, Max: 0, Diff: 0, Sum: 0, Workers: 4
[5874.133s][debug][gc,phases      ] GC(316)     Total                          Min: 0, Avg:  0.0, Max: 0, Diff: 0, Sum: 0, Workers: 4
[5874.133s][debug][gc,phases      ] GC(316)   StringTable Weak               Min:  0.0, Avg:  0.1, Max:  0.1, Diff:  0.1, Sum:  0.4, Workers: 4
[5874.133s][debug][gc,phases      ] GC(316)     Dead                           Min: 0, Avg:  0.0, Max: 0, Diff: 0, Sum: 0, Workers: 4
[5874.133s][debug][gc,phases      ] GC(316)     Total                          Min: 0, Avg: 11038.2, Max: 19835, Diff: 19835, Sum: 44153, Workers: 4
[5874.133s][debug][gc,phases      ] GC(316)   ResolvedMethodTable Weak       Min:  0.0, Avg:  0.0, Max:  0.0, Diff:  0.0, Sum:  0.1, Workers: 4
[5874.133s][debug][gc,phases      ] GC(316)     Dead                           Min: 0, Avg:  0.0, Max: 0, Diff: 0, Sum: 0, Workers: 4
[5874.133s][debug][gc,phases      ] GC(316)     Total                          Min: 0, Avg: 2620.5, Max: 4478, Diff: 4478, Sum: 10482, Workers: 4
[5874.133s][debug][gc,phases      ] GC(316)   JNI Weak                       Min:  0.0, Avg:  0.0, Max:  0.0, Diff:  0.0, Sum:  0.0, Workers: 4
[5874.133s][debug][gc,phases      ] GC(316)     Dead                           Min: 0, Avg:  0.0, Max: 0, Diff: 0, Sum: 0, Workers: 4
[5874.133s][debug][gc,phases      ] GC(316)     Total                          Min: 0, Avg: 11.2, Max: 45, Diff: 45, Sum: 45, Workers: 4
[5874.133s][debug][gc,phases      ] GC(316)   StringDedup Table Weak         Min:  0.0, Avg:  0.0, Max:  0.0, Diff:  0.0, Sum:  0.0, Workers: 4
[5874.133s][debug][gc,phases      ] GC(316)     Dead                           Min: 0, Avg:  0.0, Max: 0, Diff: 0, Sum: 0, Workers: 4
[5874.133s][debug][gc,phases      ] GC(316)     Total                          Min: 0, Avg:  0.0, Max: 0, Diff: 0, Sum: 0, Workers: 4
[5874.133s][debug][gc,phases      ] GC(316)   StringDedup Requests0 Weak     Min:  0.0, Avg:  0.0, Max:  0.0, Diff:  0.0, Sum:  0.0, Workers: 4
[5874.133s][debug][gc,phases      ] GC(316)     Dead                           Min: 0, Avg:  0.0, Max: 0, Diff: 0, Sum: 0, Workers: 4
[5874.133s][debug][gc,phases      ] GC(316)     Total                          Min: 0, Avg:  0.0, Max: 0, Diff: 0, Sum: 0, Workers: 4
[5874.133s][debug][gc,phases      ] GC(316)   StringDedup Requests1 Weak     Min:  0.0, Avg:  0.0, Max:  0.0, Diff:  0.0, Sum:  0.0, Workers: 4
[5874.133s][debug][gc,phases      ] GC(316)     Dead                           Min: 0, Avg:  0.0, Max: 0, Diff: 0, Sum: 0, Workers: 4
[5874.133s][debug][gc,phases      ] GC(316)     Total                          Min: 0, Avg:  0.0, Max: 0, Diff: 0, Sum: 0, Workers: 4
[5874.133s][debug][gc,phases      ] GC(316)   Weak JFR Old Object Samples    Min:  0.0, Avg:  0.0, Max:  0.0, Diff:  0.0, Sum:  0.0, Workers: 4
[5874.133s][debug][gc,phases      ] GC(316)     Dead                           Min: 0, Avg:  0.0, Max: 0, Diff: 0, Sum: 0, Workers: 4
[5874.133s][debug][gc,phases      ] GC(316)     Total                          Min: 0, Avg:  0.0, Max: 0, Diff: 0, Sum: 0, Workers: 4
[5874.133s][debug][gc,phases      ] GC(316) Weak Processing 0.336ms
[5874.133s][debug][gc,age         ] GC(316) Desired survivor size 524288 bytes, new threshold 15 (max threshold 15)
[5874.133s][info ][gc,heap        ] GC(316) PSYoungGen: 2096256K(2096640K)->96K(2096640K) Eden: 2096128K(2096128K)->0K(2096128K) From: 128K(512K)->96K(512K)
[5874.133s][info ][gc,heap        ] GC(316) ParOldGen: 310122K(351232K)->310130K(351232K)
[5874.133s][info ][gc,metaspace   ] GC(316) Metaspace: 85516K(86400K)->85516K(86400K) NonClass: 73038K(73536K)->73038K(73536K) Class: 12477K(12864K)->12477K(12864K)
[5874.133s][info ][gc             ] GC(316) Pause Young (Allocation Failure) 2349M->302M(2390M) 2.558ms
[5874.133s][info ][gc,cpu         ] GC(316) User=0.01s Sys=0.00s Real=0.01s
[5874.133s][info ][safepoint      ] Safepoint "ParallelGCFailedAllocation", Time since last: 31848611195 ns, Reaching safepoint: 4400 ns, Cleanup: 3800 ns, At safepoint: 2639296 ns, Total: 2647496 ns
[5906.029s][info ][gc,start       ] GC(317) Pause Young (Allocation Failure)
[5906.031s][debug][gc,phases      ] GC(317) Scavenge 2.002ms
[5906.031s][debug][gc,ref         ] GC(317) Skipped phase 1 of Reference Processing: no references
[5906.031s][debug][gc,ref         ] GC(317) Skipped phase 2 of Reference Processing: no references
[5906.031s][debug][gc,ref         ] GC(317) Skipped phase 3 of Reference Processing: no references
[5906.031s][debug][gc,ref         ] GC(317) Skipped phase 4 of Reference Processing: no references
[5906.031s][debug][gc,phases      ] GC(317) Reference Processing 0.021ms
[5906.031s][debug][gc,phases      ] GC(317)   VM Weak                        Min:  0.0, Avg:  0.0, Max:  0.0, Diff:  0.0, Sum:  0.0, Workers: 4
[5906.031s][debug][gc,phases      ] GC(317)     Dead                           Min: 0, Avg:  0.0, Max: 0, Diff: 0, Sum: 0, Workers: 4
[5906.031s][debug][gc,phases      ] GC(317)     Total                          Min: 0, Avg: 185.5, Max: 704, Diff: 704, Sum: 742, Workers: 4
[5906.031s][debug][gc,phases      ] GC(317)   ObjectSynchronizer Weak        Min:  0.0, Avg:  0.0, Max:  0.0, Diff:  0.0, Sum:  0.0, Workers: 4
[5906.031s][debug][gc,phases      ] GC(317)     Dead                           Min: 0, Avg:  0.0, Max: 0, Diff: 0, Sum: 0, Workers: 4
[5906.031s][debug][gc,phases      ] GC(317)     Total                          Min: 0, Avg:  0.8, Max: 3, Diff: 3, Sum: 3, Workers: 4
[5906.031s][debug][gc,phases      ] GC(317)   JVMTI Tag Weak OopStorage      Min:  0.0, Avg:  0.0, Max:  0.0, Diff:  0.0, Sum:  0.0, Workers: 4
[5906.031s][debug][gc,phases      ] GC(317)     Dead                           Min: 0, Avg:  0.0, Max: 0, Diff: 0, Sum: 0, Workers: 4
[5906.031s][debug][gc,phases      ] GC(317)     Total                          Min: 0, Avg:  0.0, Max: 0, Diff: 0, Sum: 0, Workers: 4
[5906.031s][debug][gc,phases      ] GC(317)   StringTable Weak               Min:  0.1, Avg:  0.1, Max:  0.1, Diff:  0.0, Sum:  0.5, Workers: 4
[5906.031s][debug][gc,phases      ] GC(317)     Dead                           Min: 0, Avg:  0.0, Max: 0, Diff: 0, Sum: 0, Workers: 4
[5906.031s][debug][gc,phases      ] GC(317)     Total                          Min: 9724, Avg: 11038.2, Max: 11840, Diff: 2116, Sum: 44153, Workers: 4
[5906.031s][debug][gc,phases      ] GC(317)   ResolvedMethodTable Weak       Min:  0.0, Avg:  0.0, Max:  0.0, Diff:  0.0, Sum:  0.1, Workers: 4
[5906.031s][debug][gc,phases      ] GC(317)     Dead                           Min: 0, Avg:  0.0, Max: 0, Diff: 0, Sum: 0, Workers: 4
[5906.031s][debug][gc,phases      ] GC(317)     Total                          Min: 2484, Avg: 2620.5, Max: 2880, Diff: 396, Sum: 10482, Workers: 4
[5906.031s][debug][gc,phases      ] GC(317)   JNI Weak                       Min:  0.0, Avg:  0.0, Max:  0.0, Diff:  0.0, Sum:  0.0, Workers: 4
[5906.031s][debug][gc,phases      ] GC(317)     Dead                           Min: 0, Avg:  0.0, Max: 0, Diff: 0, Sum: 0, Workers: 4
[5906.031s][debug][gc,phases      ] GC(317)     Total                          Min: 0, Avg: 11.2, Max: 45, Diff: 45, Sum: 45, Workers: 4
[5906.031s][debug][gc,phases      ] GC(317)   StringDedup Table Weak         Min:  0.0, Avg:  0.0, Max:  0.0, Diff:  0.0, Sum:  0.0, Workers: 4
[5906.031s][debug][gc,phases      ] GC(317)     Dead                           Min: 0, Avg:  0.0, Max: 0, Diff: 0, Sum: 0, Workers: 4
[5906.031s][debug][gc,phases      ] GC(317)     Total                          Min: 0, Avg:  0.0, Max: 0, Diff: 0, Sum: 0, Workers: 4
[5906.031s][debug][gc,phases      ] GC(317)   StringDedup Requests0 Weak     Min:  0.0, Avg:  0.0, Max:  0.0, Diff:  0.0, Sum:  0.0, Workers: 4
[5906.031s][debug][gc,phases      ] GC(317)     Dead                           Min: 0, Avg:  0.0, Max: 0, Diff: 0, Sum: 0, Workers: 4
[5906.031s][debug][gc,phases      ] GC(317)     Total                          Min: 0, Avg:  0.0, Max: 0, Diff: 0, Sum: 0, Workers: 4
[5906.031s][debug][gc,phases      ] GC(317)   StringDedup Requests1 Weak     Min:  0.0, Avg:  0.0, Max:  0.0, Diff:  0.0, Sum:  0.0, Workers: 4
[5906.031s][debug][gc,phases      ] GC(317)     Dead                           Min: 0, Avg:  0.0, Max: 0, Diff: 0, Sum: 0, Workers: 4
[5906.031s][debug][gc,phases      ] GC(317)     Total                          Min: 0, Avg:  0.0, Max: 0, Diff: 0, Sum: 0, Workers: 4
[5906.031s][debug][gc,phases      ] GC(317)   Weak JFR Old Object Samples    Min:  0.0, Avg:  0.0, Max:  0.0, Diff:  0.0, Sum:  0.0, Workers: 4
[5906.031s][debug][gc,phases      ] GC(317)     Dead                           Min: 0, Avg:  0.0, Max: 0, Diff: 0, Sum: 0, Workers: 4
[5906.031s][debug][gc,phases      ] GC(317)     Total                          Min: 0, Avg:  0.0, Max: 0, Diff: 0, Sum: 0, Workers: 4
[5906.031s][debug][gc,phases      ] GC(317) Weak Processing 0.312ms
[5906.031s][debug][gc,age         ] GC(317) Desired survivor size 524288 bytes, new threshold 15 (max threshold 15)
[5906.031s][info ][gc,heap        ] GC(317) PSYoungGen: 2096224K(2096640K)->128K(2096640K) Eden: 2096128K(2096128K)->0K(2096128K) From: 96K(512K)->128K(512K)
[5906.031s][info ][gc,heap        ] GC(317) ParOldGen: 310130K(351232K)->310154K(351232K)
[5906.031s][info ][gc,metaspace   ] GC(317) Metaspace: 85516K(86400K)->85516K(86400K) NonClass: 73038K(73536K)->73038K(73536K) Class: 12477K(12864K)->12477K(12864K)
[5906.031s][info ][gc             ] GC(317) Pause Young (Allocation Failure) 2349M->303M(2390M) 2.423ms
[5906.031s][info ][gc,cpu         ] GC(317) User=0.00s Sys=0.00s Real=0.00s
[5906.031s][info ][safepoint      ] Safepoint "ParallelGCFailedAllocation", Time since last: 31895451277 ns, Reaching safepoint: 3800 ns, Cleanup: 3800 ns, At safepoint: 2505296 ns, Total: 2512896 ns
[5910.032s][info ][safepoint      ] Safepoint "Cleanup", Time since last: 4000325038 ns, Reaching safepoint: 78299 ns, Cleanup: 8400 ns, At safepoint: 17600 ns, Total: 104299 ns
[5920.032s][info ][safepoint      ] Safepoint "Cleanup", Time since last: 10000690260 ns, Reaching safepoint: 4800 ns, Cleanup: 24400 ns, At safepoint: 1900 ns, Total: 31100 ns
[5922.033s][info ][safepoint      ] Safepoint "Cleanup", Time since last: 2000156232 ns, Reaching safepoint: 4300 ns, Cleanup: 10300 ns, At safepoint: 2200 ns, Total: 16800 ns
[6012.504s][info ][safepoint      ] Safepoint "Cleanup", Time since last: 90471183604 ns, Reaching safepoint: 4799 ns, Cleanup: 9500 ns, At safepoint: 2100 ns, Total: 16399 ns
[6039.705s][info ][gc,start       ] GC(318) Pause Young (Allocation Failure)
[6039.709s][debug][gc,phases      ] GC(318) Scavenge 3.691ms
[6039.709s][debug][gc,ref         ] GC(318) Skipped phase 1 of Reference Processing: no references
[6039.709s][debug][gc,ref         ] GC(318) ReferenceProcessor::execute queues: 1, RefProcThreadModel::Single, marks_oops_alive: false
[6039.709s][debug][gc,ref         ] GC(318) ReferenceProcessor::execute queues: 4, RefProcThreadModel::Multi, marks_oops_alive: true
[6039.709s][debug][gc,ref         ] GC(318) ReferenceProcessor::execute queues: 1, RefProcThreadModel::Single, marks_oops_alive: false
[6039.709s][debug][gc,phases      ] GC(318) Reference Processing 0.334ms
[6039.709s][debug][gc,phases      ] GC(318)   VM Weak                        Min:  0.0, Avg:  0.0, Max:  0.0, Diff:  0.0, Sum:  0.0, Workers: 4
[6039.709s][debug][gc,phases      ] GC(318)     Dead                           Min: 0, Avg:  0.0, Max: 0, Diff: 0, Sum: 0, Workers: 4
[6039.709s][debug][gc,phases      ] GC(318)     Total                          Min: 0, Avg: 185.5, Max: 576, Diff: 576, Sum: 742, Workers: 4
[6039.709s][debug][gc,phases      ] GC(318)   ObjectSynchronizer Weak        Min:  0.0, Avg:  0.0, Max:  0.0, Diff:  0.0, Sum:  0.0, Workers: 4
[6039.709s][debug][gc,phases      ] GC(318)     Dead                           Min: 0, Avg:  0.2, Max: 1, Diff: 1, Sum: 1, Workers: 4
[6039.709s][debug][gc,phases      ] GC(318)     Total                          Min: 0, Avg:  1.8, Max: 7, Diff: 7, Sum: 7, Workers: 4
[6039.709s][debug][gc,phases      ] GC(318)   JVMTI Tag Weak OopStorage      Min:  0.0, Avg:  0.0, Max:  0.0, Diff:  0.0, Sum:  0.0, Workers: 4
[6039.709s][debug][gc,phases      ] GC(318)     Dead                           Min: 0, Avg:  0.0, Max: 0, Diff: 0, Sum: 0, Workers: 4
[6039.709s][debug][gc,phases      ] GC(318)     Total                          Min: 0, Avg:  0.0, Max: 0, Diff: 0, Sum: 0, Workers: 4
[6039.709s][debug][gc,phases      ] GC(318)   StringTable Weak               Min:  0.1, Avg:  0.1, Max:  0.1, Diff:  0.0, Sum:  0.4, Workers: 4
[6039.709s][debug][gc,phases      ] GC(318)     Dead                           Min: 0, Avg:  0.5, Max: 2, Diff: 2, Sum: 2, Workers: 4
[6039.709s][debug][gc,phases      ] GC(318)     Total                          Min: 10112, Avg: 11042.2, Max: 11659, Diff: 1547, Sum: 44169, Workers: 4
[6039.709s][debug][gc,phases      ] GC(318)   ResolvedMethodTable Weak       Min:  0.0, Avg:  0.0, Max:  0.0, Diff:  0.0, Sum:  0.1, Workers: 4
[6039.709s][debug][gc,phases      ] GC(318)     Dead                           Min: 0, Avg:  0.2, Max: 1, Diff: 1, Sum: 1, Workers: 4
[6039.709s][debug][gc,phases      ] GC(318)     Total                          Min: 2495, Avg: 2622.5, Max: 2750, Diff: 255, Sum: 10490, Workers: 4
[6039.709s][debug][gc,phases      ] GC(318)   JNI Weak                       Min:  0.0, Avg:  0.0, Max:  0.0, Diff:  0.0, Sum:  0.0, Workers: 4
[6039.709s][debug][gc,phases      ] GC(318)     Dead                           Min: 0, Avg:  0.0, Max: 0, Diff: 0, Sum: 0, Workers: 4
[6039.709s][debug][gc,phases      ] GC(318)     Total                          Min: 0, Avg: 11.5, Max: 46, Diff: 46, Sum: 46, Workers: 4
[6039.709s][debug][gc,phases      ] GC(318)   StringDedup Table Weak         Min:  0.0, Avg:  0.0, Max:  0.0, Diff:  0.0, Sum:  0.0, Workers: 4
[6039.709s][debug][gc,phases      ] GC(318)     Dead                           Min: 0, Avg:  0.0, Max: 0, Diff: 0, Sum: 0, Workers: 4
[6039.709s][debug][gc,phases      ] GC(318)     Total                          Min: 0, Avg:  0.0, Max: 0, Diff: 0, Sum: 0, Workers: 4
[6039.709s][debug][gc,phases      ] GC(318)   StringDedup Requests0 Weak     Min:  0.0, Avg:  0.0, Max:  0.0, Diff:  0.0, Sum:  0.0, Workers: 4
[6039.709s][debug][gc,phases      ] GC(318)     Dead                           Min: 0, Avg:  0.0, Max: 0, Diff: 0, Sum: 0, Workers: 4
[6039.709s][debug][gc,phases      ] GC(318)     Total                          Min: 0, Avg:  0.0, Max: 0, Diff: 0, Sum: 0, Workers: 4
[6039.709s][debug][gc,phases      ] GC(318)   StringDedup Requests1 Weak     Min:  0.0, Avg:  0.0, Max:  0.0, Diff:  0.0, Sum:  0.0, Workers: 4
[6039.709s][debug][gc,phases      ] GC(318)     Dead                           Min: 0, Avg:  0.0, Max: 0, Diff: 0, Sum: 0, Workers: 4
[6039.709s][debug][gc,phases      ] GC(318)     Total                          Min: 0, Avg:  0.0, Max: 0, Diff: 0, Sum: 0, Workers: 4
[6039.709s][debug][gc,phases      ] GC(318)   Weak JFR Old Object Samples    Min:  0.0, Avg:  0.0, Max:  0.0, Diff:  0.0, Sum:  0.0, Workers: 4
[6039.709s][debug][gc,phases      ] GC(318)     Dead                           Min: 0, Avg:  0.0, Max: 0, Diff: 0, Sum: 0, Workers: 4
[6039.709s][debug][gc,phases      ] GC(318)     Total                          Min: 0, Avg:  0.0, Max: 0, Diff: 0, Sum: 0, Workers: 4
[6039.709s][debug][gc,phases      ] GC(318) Weak Processing 0.294ms
[6039.709s][debug][gc,age         ] GC(318) Desired survivor size 524288 bytes, new threshold 14 (max threshold 15)
[6039.709s][info ][gc,heap        ] GC(318) PSYoungGen: 2096256K(2096640K)->480K(2096640K) Eden: 2096128K(2096128K)->0K(2096128K) From: 128K(512K)->480K(512K)
[6039.709s][info ][gc,heap        ] GC(318) ParOldGen: 310154K(351232K)->310550K(351232K)
[6039.709s][info ][gc,metaspace   ] GC(318) Metaspace: 85566K(86464K)->85566K(86464K) NonClass: 73083K(73600K)->73083K(73600K) Class: 12483K(12864K)->12483K(12864K)
[6039.709s][info ][gc             ] GC(318) Pause Young (Allocation Failure) 2350M->303M(2390M) 4.395ms
[6039.709s][info ][gc,cpu         ] GC(318) User=0.01s Sys=0.00s Real=0.00s
[6039.709s][info ][safepoint      ] Safepoint "ParallelGCFailedAllocation", Time since last: 27200935408 ns, Reaching safepoint: 93300 ns, Cleanup: 17700 ns, At safepoint: 4451592 ns, Total: 4562592 ns
[6039.712s][info ][gc,heap,exit   ] Heap
[6039.712s][info ][gc,heap,exit   ]  PSYoungGen      total 2096640K, used 38210K [0x0000000780000000, 0x0000000800000000, 0x0000000800000000)
[6039.712s][info ][gc,heap,exit   ]   eden space 2096128K, 1% used [0x0000000780000000,0x00000007824d89d0,0x00000007fff00000)
[6039.712s][info ][gc,heap,exit   ]   from space 512K, 93% used [0x00000007fff80000,0x00000007ffff8090,0x0000000800000000)
[6039.712s][info ][gc,heap,exit   ]   to   space 512K, 0% used [0x00000007fff00000,0x00000007fff00000,0x00000007fff80000)
[6039.712s][info ][gc,heap,exit   ]  ParOldGen       total 351232K, used 310550K [0x00000006c0000000, 0x00000006d5700000, 0x0000000780000000)
[6039.712s][info ][gc,heap,exit   ]   object space 351232K, 88% used [0x00000006c0000000,0x00000006d2f45b88,0x00000006d5700000)
[6039.712s][info ][gc,heap,exit   ]  Metaspace       used 85574K, committed 86464K, reserved 1179648K
[6039.712s][info ][gc,heap,exit   ]   class space    used 12483K, committed 12864K, reserved 1048576K
