[0.004s][info][gc] Using Parallel
[0.006s][info][gc,init] Version: 17.0.9+8-LTS (release)
[0.006s][info][gc,init] CPUs: 4 total, 4 available
[0.006s][info][gc,init] Memory: 15991M
[0.006s][info][gc,init] Large Page Support: Disabled
[0.006s][info][gc,init] NUMA Support: Disabled
[0.006s][info][gc,init] Compressed Oops: Enabled (Zero based)
[0.006s][info][gc,init] Alignments: Space 512K, Generation 512K, Heap 2M
[0.006s][info][gc,init] Heap Min Capacity: 2054M
[0.006s][info][gc,init] Heap Initial Capacity: 2054M
[0.006s][info][gc,init] Heap Max Capacity: 5G
[0.006s][info][gc,init] Pre-touch: Disabled
[0.006s][info][gc,init] Parallel Workers: 4
[0.018s][info][gc,metaspace] CDS archive(s) mapped at: [0x00007f62ed000000-0x00007f62edbc6000-0x00007f62edbc6000), size 12345344, SharedBaseAddress: 0x00007f62ed000000, ArchiveRelocationMode: 1.
[0.018s][info][gc,metaspace] Compressed class space mapped at: 0x00007f62ee000000-0x00007f632e000000, reserved size: 1073741824
[0.018s][info][gc,metaspace] Narrow klass base: 0x00007f62ed000000, Narrow klass shift: 0, Narrow klass range: 0x100000000
[0.831s][info][safepoint   ] Safepoint "ICBufferFull", Time since last: 805277130 ns, Reaching safepoint: 2300 ns, Cleanup: 98699 ns, At safepoint: 1200 ns, Total: 102199 ns
[1.334s][info][safepoint   ] Safepoint "ICBufferFull", Time since last: 502295277 ns, Reaching safepoint: 2300 ns, Cleanup: 279198 ns, At safepoint: 2100 ns, Total: 283598 ns
[1.956s][info][safepoint   ] Safepoint "ICBufferFull", Time since last: 621562575 ns, Reaching safepoint: 3200 ns, Cleanup: 137299 ns, At safepoint: 4100 ns, Total: 144599 ns
[1.978s][info][gc,start    ] GC(0) Pause Young (Metadata GC Threshold)
[1.999s][debug][gc,phases   ] GC(0) Scavenge 20.320ms
[1.999s][debug][gc,ref      ] GC(0) Skipped phase 1 of Reference Processing: no references
[1.999s][debug][gc,ref      ] GC(0) ReferenceProcessor::execute queues: 4, RefProcThreadModel::Multi, marks_oops_alive: false
[1.999s][debug][gc,ref      ] GC(0) Skipped phase 3 of Reference Processing: no references
[1.999s][debug][gc,ref      ] GC(0) ReferenceProcessor::execute queues: 1, RefProcThreadModel::Single, marks_oops_alive: false
[1.999s][debug][gc,phases   ] GC(0) Reference Processing 0.457ms
[1.999s][debug][gc,phases   ] GC(0)   VM Weak                        Min:  0.0, Avg:  0.0, Max:  0.0, Diff:  0.0, Sum:  0.0, Workers: 4
[1.999s][debug][gc,phases   ] GC(0)     Dead                           Min: 0, Avg:  0.0, Max: 0, Diff: 0, Sum: 0, Workers: 4
[2.000s][debug][gc,phases   ] GC(0)     Total                          Min: 0, Avg: 56.5, Max: 226, Diff: 226, Sum: 226, Workers: 4
[2.000s][debug][gc,phases   ] GC(0)   ObjectSynchronizer Weak        Min:  0.0, Avg:  0.0, Max:  0.0, Diff:  0.0, Sum:  0.0, Workers: 4
[2.000s][debug][gc,phases   ] GC(0)     Dead                           Min: 0, Avg:  1.2, Max: 5, Diff: 5, Sum: 5, Workers: 4
[2.000s][debug][gc,phases   ] GC(0)     Total                          Min: 0, Avg:  2.5, Max: 10, Diff: 10, Sum: 10, Workers: 4
[2.000s][debug][gc,phases   ] GC(0)   JVMTI Tag Weak OopStorage      Min:  0.0, Avg:  0.0, Max:  0.0, Diff:  0.0, Sum:  0.0, Workers: 4
[2.000s][debug][gc,phases   ] GC(0)     Dead                           Min: 0, Avg:  0.0, Max: 0, Diff: 0, Sum: 0, Workers: 4
[2.000s][debug][gc,phases   ] GC(0)     Total                          Min: 0, Avg:  0.0, Max: 0, Diff: 0, Sum: 0, Workers: 4
[2.000s][debug][gc,phases   ] GC(0)   StringTable Weak               Min:  0.0, Avg:  0.1, Max:  0.2, Diff:  0.2, Sum:  0.4, Workers: 4
[2.000s][debug][gc,phases   ] GC(0)     Dead                           Min: 0, Avg:  6.8, Max: 14, Diff: 14, Sum: 27, Workers: 4
[2.000s][debug][gc,phases   ] GC(0)     Total                          Min: 0, Avg: 3315.8, Max: 7183, Diff: 7183, Sum: 13263, Workers: 4
[2.000s][debug][gc,phases   ] GC(0)   ResolvedMethodTable Weak       Min:  0.0, Avg:  0.0, Max:  0.0, Diff:  0.0, Sum:  0.0, Workers: 4
[2.000s][debug][gc,phases   ] GC(0)     Dead                           Min: 0, Avg: 18.5, Max: 40, Diff: 40, Sum: 74, Workers: 4
[2.000s][debug][gc,phases   ] GC(0)     Total                          Min: 0, Avg: 316.5, Max: 640, Diff: 640, Sum: 1266, Workers: 4
[2.000s][debug][gc,phases   ] GC(0)   JNI Weak                       Min:  0.0, Avg:  0.0, Max:  0.0, Diff:  0.0, Sum:  0.0, Workers: 4
[2.000s][debug][gc,phases   ] GC(0)     Dead                           Min: 0, Avg:  0.0, Max: 0, Diff: 0, Sum: 0, Workers: 4
[2.000s][debug][gc,phases   ] GC(0)     Total                          Min: 0, Avg: 11.2, Max: 45, Diff: 45, Sum: 45, Workers: 4
[2.000s][debug][gc,phases   ] GC(0)   StringDedup Table Weak         Min:  0.0, Avg:  0.0, Max:  0.0, Diff:  0.0, Sum:  0.0, Workers: 4
[2.000s][debug][gc,phases   ] GC(0)     Dead                           Min: 0, Avg:  0.0, Max: 0, Diff: 0, Sum: 0, Workers: 4
[2.000s][debug][gc,phases   ] GC(0)     Total                          Min: 0, Avg:  0.0, Max: 0, Diff: 0, Sum: 0, Workers: 4
[2.000s][debug][gc,phases   ] GC(0)   StringDedup Requests0 Weak     Min:  0.0, Avg:  0.0, Max:  0.0, Diff:  0.0, Sum:  0.0, Workers: 4
[2.000s][debug][gc,phases   ] GC(0)     Dead                           Min: 0, Avg:  0.0, Max: 0, Diff: 0, Sum: 0, Workers: 4
[2.000s][debug][gc,phases   ] GC(0)     Total                          Min: 0, Avg:  0.0, Max: 0, Diff: 0, Sum: 0, Workers: 4
[2.000s][debug][gc,phases   ] GC(0)   StringDedup Requests1 Weak     Min:  0.0, Avg:  0.0, Max:  0.0, Diff:  0.0, Sum:  0.0, Workers: 4
[2.000s][debug][gc,phases   ] GC(0)     Dead                           Min: 0, Avg:  0.0, Max: 0, Diff: 0, Sum: 0, Workers: 4
[2.000s][debug][gc,phases   ] GC(0)     Total                          Min: 0, Avg:  0.0, Max: 0, Diff: 0, Sum: 0, Workers: 4
[2.000s][debug][gc,phases   ] GC(0)   Weak JFR Old Object Samples    Min:  0.0, Avg:  0.0, Max:  0.0, Diff:  0.0, Sum:  0.0, Workers: 4
[2.000s][debug][gc,phases   ] GC(0)     Dead                           Min: 0, Avg:  0.0, Max: 0, Diff: 0, Sum: 0, Workers: 4
[2.000s][debug][gc,phases   ] GC(0)     Total                          Min: 0, Avg:  0.0, Max: 0, Diff: 0, Sum: 0, Workers: 4
[2.000s][debug][gc,phases   ] GC(0) Weak Processing 0.475ms
[2.000s][debug][gc,age      ] GC(0) Desired survivor size 536870912 bytes, new threshold 7 (max threshold 15)
[2.000s][info ][gc,heap     ] GC(0) PSYoungGen: 242275K(1572864K)->32729K(1572864K) Eden: 242275K(1048576K)->0K(1048576K) From: 0K(524288K)->32729K(524288K)
[2.000s][info ][gc,heap     ] GC(0) ParOldGen: 0K(6144K)->104K(6144K)
[2.000s][info ][gc,metaspace] GC(0) Metaspace: 21147K(21504K)->21147K(21504K) NonClass: 18717K(18880K)->18717K(18880K) Class: 2430K(2624K)->2430K(2624K)
[2.000s][info ][gc          ] GC(0) Pause Young (Metadata GC Threshold) 236M->32M(1542M) 21.635ms
[2.000s][info ][gc,cpu      ] GC(0) User=0.04s Sys=0.00s Real=0.02s
[2.000s][debug][gc,phases   ] GC(1) Pre Compact 0.015ms
[2.000s][info ][gc,start    ] GC(1) Pause Full (Metadata GC Threshold)
[2.000s][info ][gc,phases,start] GC(1) Marking Phase
[2.011s][debug][gc,phases      ] GC(1) Par Mark 10.710ms
[2.011s][debug][gc,ref         ] GC(1) Skipped phase 1 of Reference Processing: no references
[2.011s][debug][gc,ref         ] GC(1) ReferenceProcessor::execute queues: 1, RefProcThreadModel::Single, marks_oops_alive: false
[2.011s][debug][gc,ref         ] GC(1) Skipped phase 3 of Reference Processing: no references
[2.011s][debug][gc,ref         ] GC(1) ReferenceProcessor::execute queues: 1, RefProcThreadModel::Single, marks_oops_alive: false
[2.011s][debug][gc,phases      ] GC(1) Reference Processing 0.038ms
[2.011s][debug][gc,phases      ] GC(1)   VM Weak                        Min:  0.0, Avg:  0.0, Max:  0.0, Diff:  0.0, Sum:  0.0, Workers: 4
[2.011s][debug][gc,phases      ] GC(1)     Dead                           Min: 0, Avg:  0.0, Max: 0, Diff: 0, Sum: 0, Workers: 4
[2.011s][debug][gc,phases      ] GC(1)     Total                          Min: 0, Avg: 56.5, Max: 226, Diff: 226, Sum: 226, Workers: 4
[2.011s][debug][gc,phases      ] GC(1)   ObjectSynchronizer Weak        Min:  0.0, Avg:  0.0, Max:  0.0, Diff:  0.0, Sum:  0.0, Workers: 4
[2.011s][debug][gc,phases      ] GC(1)     Dead                           Min: 0, Avg:  0.0, Max: 0, Diff: 0, Sum: 0, Workers: 4
[2.011s][debug][gc,phases      ] GC(1)     Total                          Min: 0, Avg:  2.5, Max: 10, Diff: 10, Sum: 10, Workers: 4
[2.011s][debug][gc,phases      ] GC(1)   JVMTI Tag Weak OopStorage      Min:  0.0, Avg:  0.0, Max:  0.0, Diff:  0.0, Sum:  0.0, Workers: 4
[2.011s][debug][gc,phases      ] GC(1)     Dead                           Min: 0, Avg:  0.0, Max: 0, Diff: 0, Sum: 0, Workers: 4
[2.011s][debug][gc,phases      ] GC(1)     Total                          Min: 0, Avg:  0.0, Max: 0, Diff: 0, Sum: 0, Workers: 4
[2.011s][debug][gc,phases      ] GC(1)   StringTable Weak               Min:  0.0, Avg:  0.0, Max:  0.1, Diff:  0.1, Sum:  0.1, Workers: 4
[2.011s][debug][gc,phases      ] GC(1)     Dead                           Min: 0, Avg:  0.0, Max: 0, Diff: 0, Sum: 0, Workers: 4
[2.011s][debug][gc,phases      ] GC(1)     Total                          Min: 0, Avg: 3315.8, Max: 8064, Diff: 8064, Sum: 13263, Workers: 4
[2.011s][debug][gc,phases      ] GC(1)   ResolvedMethodTable Weak       Min:  0.0, Avg:  0.0, Max:  0.0, Diff:  0.0, Sum:  0.0, Workers: 4
[2.011s][debug][gc,phases      ] GC(1)     Dead                           Min: 0, Avg:  0.0, Max: 0, Diff: 0, Sum: 0, Workers: 4
[2.011s][debug][gc,phases      ] GC(1)     Total                          Min: 0, Avg: 316.5, Max: 754, Diff: 754, Sum: 1266, Workers: 4
[2.011s][debug][gc,phases      ] GC(1)   JNI Weak                       Min:  0.0, Avg:  0.0, Max:  0.0, Diff:  0.0, Sum:  0.0, Workers: 4
[2.011s][debug][gc,phases      ] GC(1)     Dead                           Min: 0, Avg:  0.0, Max: 0, Diff: 0, Sum: 0, Workers: 4
[2.011s][debug][gc,phases      ] GC(1)     Total                          Min: 0, Avg: 11.2, Max: 45, Diff: 45, Sum: 45, Workers: 4
[2.011s][debug][gc,phases      ] GC(1)   StringDedup Table Weak         Min:  0.0, Avg:  0.0, Max:  0.0, Diff:  0.0, Sum:  0.0, Workers: 4
[2.011s][debug][gc,phases      ] GC(1)     Dead                           Min: 0, Avg:  0.0, Max: 0, Diff: 0, Sum: 0, Workers: 4
[2.011s][debug][gc,phases      ] GC(1)     Total                          Min: 0, Avg:  0.0, Max: 0, Diff: 0, Sum: 0, Workers: 4
[2.011s][debug][gc,phases      ] GC(1)   StringDedup Requests0 Weak     Min:  0.0, Avg:  0.0, Max:  0.0, Diff:  0.0, Sum:  0.0, Workers: 4
[2.011s][debug][gc,phases      ] GC(1)     Dead                           Min: 0, Avg:  0.0, Max: 0, Diff: 0, Sum: 0, Workers: 4
[2.011s][debug][gc,phases      ] GC(1)     Total                          Min: 0, Avg:  0.0, Max: 0, Diff: 0, Sum: 0, Workers: 4
[2.011s][debug][gc,phases      ] GC(1)   StringDedup Requests1 Weak     Min:  0.0, Avg:  0.0, Max:  0.0, Diff:  0.0, Sum:  0.0, Workers: 4
[2.011s][debug][gc,phases      ] GC(1)     Dead                           Min: 0, Avg:  0.0, Max: 0, Diff: 0, Sum: 0, Workers: 4
[2.011s][debug][gc,phases      ] GC(1)     Total                          Min: 0, Avg:  0.0, Max: 0, Diff: 0, Sum: 0, Workers: 4
[2.011s][debug][gc,phases      ] GC(1)   Weak JFR Old Object Samples    Min:  0.0, Avg:  0.0, Max:  0.0, Diff:  0.0, Sum:  0.0, Workers: 4
[2.011s][debug][gc,phases      ] GC(1)     Dead                           Min: 0, Avg:  0.0, Max: 0, Diff: 0, Sum: 0, Workers: 4
[2.011s][debug][gc,phases      ] GC(1)     Total                          Min: 0, Avg:  0.0, Max: 0, Diff: 0, Sum: 0, Workers: 4
[2.011s][debug][gc,phases      ] GC(1) Weak Processing 0.234ms
[2.011s][debug][gc,phases      ] GC(1) ClassLoaderData 0.009ms
[2.011s][debug][gc,phases      ] GC(1) Trigger cleanups 0.000ms
[2.014s][debug][gc,phases      ] GC(1) Class Unloading 2.918ms
[2.014s][debug][gc,phases      ] GC(1) Report Object Count 0.001ms
[2.014s][info ][gc,phases      ] GC(1) Marking Phase 13.973ms
[2.014s][info ][gc,phases,start] GC(1) Summary Phase
[2.014s][info ][gc,phases      ] GC(1) Summary Phase 0.006ms
[2.014s][info ][gc,phases,start] GC(1) Adjust Roots
[2.017s][info ][gc,phases      ] GC(1) Adjust Roots 3.376ms
[2.017s][info ][gc,phases,start] GC(1) Compaction Phase
[2.047s][info ][gc,phases      ] GC(1) Compaction Phase 30.226ms
[2.047s][info ][gc,phases,start] GC(1) Post Compact
[2.049s][info ][gc,phases      ] GC(1) Post Compact 1.150ms
[2.049s][info ][gc,heap        ] GC(1) PSYoungGen: 32729K(1572864K)->26643K(1572864K) Eden: 0K(1048576K)->0K(1048576K) From: 32729K(524288K)->26643K(524288K)
[2.049s][info ][gc,heap        ] GC(1) ParOldGen: 104K(6144K)->6012K(6144K)
[2.049s][info ][gc,metaspace   ] GC(1) Metaspace: 21147K(21504K)->21147K(21504K) NonClass: 18717K(18880K)->18717K(18880K) Class: 2430K(2624K)->2430K(2624K)
[2.049s][info ][gc             ] GC(1) Pause Full (Metadata GC Threshold) 32M->31M(1542M) 48.853ms
[2.049s][info ][gc,cpu         ] GC(1) User=0.09s Sys=0.00s Real=0.05s
[2.049s][info ][safepoint      ] Safepoint "CollectForMetadataAllocation", Time since last: 22379711 ns, Reaching safepoint: 3000 ns, Cleanup: 17300 ns, At safepoint: 70628806 ns, Total: 70649106 ns
[2.220s][info ][safepoint      ] Safepoint "ICBufferFull", Time since last: 171073462 ns, Reaching safepoint: 74800 ns, Cleanup: 104999 ns, At safepoint: 6000 ns, Total: 185799 ns
[2.291s][info ][safepoint      ] Safepoint "ICBufferFull", Time since last: 71320400 ns, Reaching safepoint: 3500 ns, Cleanup: 113599 ns, At safepoint: 7600 ns, Total: 124699 ns
[2.390s][info ][safepoint      ] Safepoint "ICBufferFull", Time since last: 98153575 ns, Reaching safepoint: 78699 ns, Cleanup: 124899 ns, At safepoint: 5000 ns, Total: 208598 ns
[2.523s][info ][safepoint      ] Safepoint "ICBufferFull", Time since last: 133495378 ns, Reaching safepoint: 3200 ns, Cleanup: 104899 ns, At safepoint: 5000 ns, Total: 113099 ns
[2.627s][info ][safepoint      ] Safepoint "ICBufferFull", Time since last: 103406131 ns, Reaching safepoint: 42899 ns, Cleanup: 153199 ns, At safepoint: 5700 ns, Total: 201798 ns
[3.097s][info ][safepoint      ] Safepoint "ICBufferFull", Time since last: 469749649 ns, Reaching safepoint: 2099 ns, Cleanup: 128199 ns, At safepoint: 6100 ns, Total: 136398 ns
[3.267s][info ][safepoint      ] Safepoint "ICBufferFull", Time since last: 169606173 ns, Reaching safepoint: 113199 ns, Cleanup: 136199 ns, At safepoint: 6599 ns, Total: 255997 ns
[3.359s][info ][safepoint      ] Safepoint "ICBufferFull", Time since last: 92100425 ns, Reaching safepoint: 3300 ns, Cleanup: 146499 ns, At safepoint: 8800 ns, Total: 158599 ns
[3.477s][info ][safepoint      ] Safepoint "ICBufferFull", Time since last: 117452211 ns, Reaching safepoint: 3100 ns, Cleanup: 153199 ns, At safepoint: 4900 ns, Total: 161199 ns
[3.697s][info ][safepoint      ] Safepoint "ICBufferFull", Time since last: 219803150 ns, Reaching safepoint: 83199 ns, Cleanup: 139499 ns, At safepoint: 5300 ns, Total: 227998 ns
[3.955s][info ][safepoint      ] Safepoint "ICBufferFull", Time since last: 258046827 ns, Reaching safepoint: 3100 ns, Cleanup: 149999 ns, At safepoint: 2300 ns, Total: 155399 ns
[4.170s][info ][safepoint      ] Safepoint "ICBufferFull", Time since last: 215207488 ns, Reaching safepoint: 3100 ns, Cleanup: 160999 ns, At safepoint: 2100 ns, Total: 166199 ns
[4.172s][info ][gc,start       ] GC(2) Pause Young (Metadata GC Threshold)
[4.234s][debug][gc,phases      ] GC(2) Scavenge 61.420ms
[4.234s][debug][gc,ref         ] GC(2) Skipped phase 1 of Reference Processing: no references
[4.234s][debug][gc,ref         ] GC(2) ReferenceProcessor::execute queues: 4, RefProcThreadModel::Multi, marks_oops_alive: false
[4.234s][debug][gc,ref         ] GC(2) Skipped phase 3 of Reference Processing: no references
[4.234s][debug][gc,ref         ] GC(2) ReferenceProcessor::execute queues: 2, RefProcThreadModel::Multi, marks_oops_alive: false
[4.234s][debug][gc,phases      ] GC(2) Reference Processing 0.533ms
[4.235s][debug][gc,phases      ] GC(2)   VM Weak                        Min:  0.0, Avg:  0.0, Max:  0.0, Diff:  0.0, Sum:  0.0, Workers: 4
[4.235s][debug][gc,phases      ] GC(2)     Dead                           Min: 0, Avg:  0.0, Max: 0, Diff: 0, Sum: 0, Workers: 4
[4.235s][debug][gc,phases      ] GC(2)     Total                          Min: 0, Avg: 85.8, Max: 192, Diff: 192, Sum: 343, Workers: 4
[4.235s][debug][gc,phases      ] GC(2)   ObjectSynchronizer Weak        Min:  0.0, Avg:  0.0, Max:  0.0, Diff:  0.0, Sum:  0.0, Workers: 4
[4.235s][debug][gc,phases      ] GC(2)     Dead                           Min: 0, Avg:  0.2, Max: 1, Diff: 1, Sum: 1, Workers: 4
[4.235s][debug][gc,phases      ] GC(2)     Total                          Min: 0, Avg:  3.0, Max: 12, Diff: 12, Sum: 12, Workers: 4
[4.235s][debug][gc,phases      ] GC(2)   JVMTI Tag Weak OopStorage      Min:  0.0, Avg:  0.0, Max:  0.0, Diff:  0.0, Sum:  0.0, Workers: 4
[4.235s][debug][gc,phases      ] GC(2)     Dead                           Min: 0, Avg:  0.0, Max: 0, Diff: 0, Sum: 0, Workers: 4
[4.235s][debug][gc,phases      ] GC(2)     Total                          Min: 0, Avg:  0.0, Max: 0, Diff: 0, Sum: 0, Workers: 4
[4.235s][debug][gc,phases      ] GC(2)   StringTable Weak               Min:  0.0, Avg:  0.2, Max:  0.2, Diff:  0.2, Sum:  0.7, Workers: 4
[4.235s][debug][gc,phases      ] GC(2)     Dead                           Min: 0, Avg:  2.2, Max: 6, Diff: 6, Sum: 9, Workers: 4
[4.235s][debug][gc,phases      ] GC(2)     Total                          Min: 0, Avg: 6624.5, Max: 9472, Diff: 9472, Sum: 26498, Workers: 4
[4.235s][debug][gc,phases      ] GC(2)   ResolvedMethodTable Weak       Min:  0.0, Avg:  0.0, Max:  0.0, Diff:  0.0, Sum:  0.1, Workers: 4
[4.235s][debug][gc,phases      ] GC(2)     Dead                           Min: 0, Avg: 14.0, Max: 30, Diff: 30, Sum: 56, Workers: 4
[4.235s][debug][gc,phases      ] GC(2)     Total                          Min: 0, Avg: 705.2, Max: 1030, Diff: 1030, Sum: 2821, Workers: 4
[4.235s][debug][gc,phases      ] GC(2)   JNI Weak                       Min:  0.0, Avg:  0.0, Max:  0.0, Diff:  0.0, Sum:  0.0, Workers: 4
[4.235s][debug][gc,phases      ] GC(2)     Dead                           Min: 0, Avg:  0.0, Max: 0, Diff: 0, Sum: 0, Workers: 4
[4.235s][debug][gc,phases      ] GC(2)     Total                          Min: 0, Avg: 14.5, Max: 47, Diff: 47, Sum: 58, Workers: 4
[4.235s][debug][gc,phases      ] GC(2)   StringDedup Table Weak         Min:  0.0, Avg:  0.0, Max:  0.0, Diff:  0.0, Sum:  0.0, Workers: 4
[4.235s][debug][gc,phases      ] GC(2)     Dead                           Min: 0, Avg:  0.0, Max: 0, Diff: 0, Sum: 0, Workers: 4
[4.235s][debug][gc,phases      ] GC(2)     Total                          Min: 0, Avg:  0.0, Max: 0, Diff: 0, Sum: 0, Workers: 4
[4.235s][debug][gc,phases      ] GC(2)   StringDedup Requests0 Weak     Min:  0.0, Avg:  0.0, Max:  0.0, Diff:  0.0, Sum:  0.0, Workers: 4
[4.235s][debug][gc,phases      ] GC(2)     Dead                           Min: 0, Avg:  0.0, Max: 0, Diff: 0, Sum: 0, Workers: 4
[4.235s][debug][gc,phases      ] GC(2)     Total                          Min: 0, Avg:  0.0, Max: 0, Diff: 0, Sum: 0, Workers: 4
[4.235s][debug][gc,phases      ] GC(2)   StringDedup Requests1 Weak     Min:  0.0, Avg:  0.0, Max:  0.0, Diff:  0.0, Sum:  0.0, Workers: 4
[4.235s][debug][gc,phases      ] GC(2)     Dead                           Min: 0, Avg:  0.0, Max: 0, Diff: 0, Sum: 0, Workers: 4
[4.235s][debug][gc,phases      ] GC(2)     Total                          Min: 0, Avg:  0.0, Max: 0, Diff: 0, Sum: 0, Workers: 4
[4.235s][debug][gc,phases      ] GC(2)   Weak JFR Old Object Samples    Min:  0.0, Avg:  0.0, Max:  0.0, Diff:  0.0, Sum:  0.0, Workers: 4
[4.235s][debug][gc,phases      ] GC(2)     Dead                           Min: 0, Avg:  0.0, Max: 0, Diff: 0, Sum: 0, Workers: 4
[4.235s][debug][gc,phases      ] GC(2)     Total                          Min: 0, Avg:  0.0, Max: 0, Diff: 0, Sum: 0, Workers: 4
[4.235s][debug][gc,phases      ] GC(2) Weak Processing 0.422ms
[4.235s][debug][gc,age         ] GC(2) Desired survivor size 536870912 bytes, new threshold 7 (max threshold 15)
[4.235s][info ][gc,heap        ] GC(2) PSYoungGen: 592879K(1572864K)->89273K(1572864K) Eden: 566236K(1048576K)->0K(1048576K) From: 26643K(524288K)->89273K(524288K)
[4.235s][info ][gc,heap        ] GC(2) ParOldGen: 6012K(6144K)->6036K(6144K)
[4.235s][info ][gc,metaspace   ] GC(2) Metaspace: 35440K(35840K)->35440K(35840K) NonClass: 30890K(31104K)->30890K(31104K) Class: 4550K(4736K)->4550K(4736K)
[4.235s][info ][gc             ] GC(2) Pause Young (Metadata GC Threshold) 584M->93M(1542M) 62.477ms
[4.235s][info ][gc,cpu         ] GC(2) User=0.15s Sys=0.05s Real=0.06s
[4.235s][debug][gc,phases      ] GC(3) Pre Compact 0.007ms
[4.235s][info ][gc,start       ] GC(3) Pause Full (Metadata GC Threshold)
[4.235s][info ][gc,phases,start] GC(3) Marking Phase
[4.271s][debug][gc,phases      ] GC(3) Par Mark 35.956ms
[4.271s][debug][gc,ref         ] GC(3) Skipped phase 1 of Reference Processing: no references
[4.271s][debug][gc,ref         ] GC(3) ReferenceProcessor::execute queues: 3, RefProcThreadModel::Multi, marks_oops_alive: false
[4.271s][debug][gc,ref         ] GC(3) Skipped phase 3 of Reference Processing: no references
[4.271s][debug][gc,ref         ] GC(3) ReferenceProcessor::execute queues: 1, RefProcThreadModel::Single, marks_oops_alive: false
[4.271s][debug][gc,phases      ] GC(3) Reference Processing 0.413ms
[4.271s][debug][gc,phases      ] GC(3)   VM Weak                        Min:  0.0, Avg:  0.0, Max:  0.0, Diff:  0.0, Sum:  0.0, Workers: 4
[4.271s][debug][gc,phases      ] GC(3)     Dead                           Min: 0, Avg:  0.0, Max: 0, Diff: 0, Sum: 0, Workers: 4
[4.271s][debug][gc,phases      ] GC(3)     Total                          Min: 0, Avg: 85.8, Max: 192, Diff: 192, Sum: 343, Workers: 4
[4.271s][debug][gc,phases      ] GC(3)   ObjectSynchronizer Weak        Min:  0.0, Avg:  0.0, Max:  0.0, Diff:  0.0, Sum:  0.0, Workers: 4
[4.271s][debug][gc,phases      ] GC(3)     Dead                           Min: 0, Avg:  0.0, Max: 0, Diff: 0, Sum: 0, Workers: 4
[4.271s][debug][gc,phases      ] GC(3)     Total                          Min: 0, Avg:  3.0, Max: 12, Diff: 12, Sum: 12, Workers: 4
[4.271s][debug][gc,phases      ] GC(3)   JVMTI Tag Weak OopStorage      Min:  0.0, Avg:  0.0, Max:  0.0, Diff:  0.0, Sum:  0.0, Workers: 4
[4.271s][debug][gc,phases      ] GC(3)     Dead                           Min: 0, Avg:  0.0, Max: 0, Diff: 0, Sum: 0, Workers: 4
[4.271s][debug][gc,phases      ] GC(3)     Total                          Min: 0, Avg:  0.0, Max: 0, Diff: 0, Sum: 0, Workers: 4
[4.271s][debug][gc,phases      ] GC(3)   StringTable Weak               Min:  0.1, Avg:  0.1, Max:  0.1, Diff:  0.0, Sum:  0.4, Workers: 4
[4.271s][debug][gc,phases      ] GC(3)     Dead                           Min: 0, Avg:  0.0, Max: 0, Diff: 0, Sum: 0, Workers: 4
[4.271s][debug][gc,phases      ] GC(3)     Total                          Min: 5824, Avg: 6624.5, Max: 7298, Diff: 1474, Sum: 26498, Workers: 4
[4.271s][debug][gc,phases      ] GC(3)   ResolvedMethodTable Weak       Min:  0.0, Avg:  0.0, Max:  0.0, Diff:  0.0, Sum:  0.0, Workers: 4
[4.271s][debug][gc,phases      ] GC(3)     Dead                           Min: 0, Avg:  0.0, Max: 0, Diff: 0, Sum: 0, Workers: 4
[4.271s][debug][gc,phases      ] GC(3)     Total                          Min: 640, Avg: 705.2, Max: 768, Diff: 128, Sum: 2821, Workers: 4
[4.271s][debug][gc,phases      ] GC(3)   JNI Weak                       Min:  0.0, Avg:  0.0, Max:  0.0, Diff:  0.0, Sum:  0.0, Workers: 4
[4.271s][debug][gc,phases      ] GC(3)     Dead                           Min: 0, Avg:  0.0, Max: 0, Diff: 0, Sum: 0, Workers: 4
[4.271s][debug][gc,phases      ] GC(3)     Total                          Min: 0, Avg: 14.5, Max: 47, Diff: 47, Sum: 58, Workers: 4
[4.271s][debug][gc,phases      ] GC(3)   StringDedup Table Weak         Min:  0.0, Avg:  0.0, Max:  0.0, Diff:  0.0, Sum:  0.0, Workers: 4
[4.271s][debug][gc,phases      ] GC(3)     Dead                           Min: 0, Avg:  0.0, Max: 0, Diff: 0, Sum: 0, Workers: 4
[4.271s][debug][gc,phases      ] GC(3)     Total                          Min: 0, Avg:  0.0, Max: 0, Diff: 0, Sum: 0, Workers: 4
[4.271s][debug][gc,phases      ] GC(3)   StringDedup Requests0 Weak     Min:  0.0, Avg:  0.0, Max:  0.0, Diff:  0.0, Sum:  0.0, Workers: 4
[4.271s][debug][gc,phases      ] GC(3)     Dead                           Min: 0, Avg:  0.0, Max: 0, Diff: 0, Sum: 0, Workers: 4
[4.271s][debug][gc,phases      ] GC(3)     Total                          Min: 0, Avg:  0.0, Max: 0, Diff: 0, Sum: 0, Workers: 4
[4.271s][debug][gc,phases      ] GC(3)   StringDedup Requests1 Weak     Min:  0.0, Avg:  0.0, Max:  0.0, Diff:  0.0, Sum:  0.0, Workers: 4
[4.271s][debug][gc,phases      ] GC(3)     Dead                           Min: 0, Avg:  0.0, Max: 0, Diff: 0, Sum: 0, Workers: 4
[4.271s][debug][gc,phases      ] GC(3)     Total                          Min: 0, Avg:  0.0, Max: 0, Diff: 0, Sum: 0, Workers: 4
[4.271s][debug][gc,phases      ] GC(3)   Weak JFR Old Object Samples    Min:  0.0, Avg:  0.0, Max:  0.0, Diff:  0.0, Sum:  0.0, Workers: 4
[4.271s][debug][gc,phases      ] GC(3)     Dead                           Min: 0, Avg:  0.0, Max: 0, Diff: 0, Sum: 0, Workers: 4
[4.271s][debug][gc,phases      ] GC(3)     Total                          Min: 0, Avg:  0.0, Max: 0, Diff: 0, Sum: 0, Workers: 4
[4.271s][debug][gc,phases      ] GC(3) Weak Processing 0.255ms
[4.271s][debug][gc,phases      ] GC(3) ClassLoaderData 0.036ms
[4.271s][debug][gc,phases      ] GC(3) Trigger cleanups 0.000ms
[4.277s][debug][gc,phases      ] GC(3) Class Unloading 5.311ms
[4.277s][debug][gc,phases      ] GC(3) Report Object Count 0.001ms
[4.277s][info ][gc,phases      ] GC(3) Marking Phase 42.033ms
[4.277s][info ][gc,phases,start] GC(3) Summary Phase
[4.277s][info ][gc,phases      ] GC(3) Summary Phase 0.005ms
[4.277s][info ][gc,phases,start] GC(3) Adjust Roots
[4.283s][info ][gc,phases      ] GC(3) Adjust Roots 6.450ms
[4.283s][info ][gc,phases,start] GC(3) Compaction Phase
[4.716s][info ][gc,phases      ] GC(3) Compaction Phase 433.011ms
[4.716s][info ][gc,phases,start] GC(3) Post Compact
[4.717s][info ][gc,phases      ] GC(3) Post Compact 0.904ms
[4.717s][info ][gc,heap        ] GC(3) PSYoungGen: 89273K(1572864K)->89099K(1572864K) Eden: 0K(1048576K)->0K(1048576K) From: 89273K(524288K)->89099K(524288K)
[4.717s][info ][gc,heap        ] GC(3) ParOldGen: 6036K(6144K)->5830K(6144K)
[4.717s][info ][gc,metaspace   ] GC(3) Metaspace: 35440K(35840K)->35440K(35840K) NonClass: 30890K(31104K)->30890K(31104K) Class: 4550K(4736K)->4550K(4736K)
[4.717s][info ][gc             ] GC(3) Pause Full (Metadata GC Threshold) 93M->92M(1542M) 482.501ms
[4.717s][info ][gc,cpu         ] GC(3) User=0.98s Sys=0.02s Real=0.49s
[4.717s][info ][safepoint      ] Safepoint "CollectForMetadataAllocation", Time since last: 1951084 ns, Reaching safepoint: 1600 ns, Cleanup: 12500 ns, At safepoint: 545082111 ns, Total: 545096211 ns
[5.000s][info ][safepoint      ] Safepoint "ICBufferFull", Time since last: 282259524 ns, Reaching safepoint: 3000 ns, Cleanup: 145599 ns, At safepoint: 6300 ns, Total: 154899 ns
[5.606s][info ][safepoint      ] Safepoint "ICBufferFull", Time since last: 606076398 ns, Reaching safepoint: 3500 ns, Cleanup: 194698 ns, At safepoint: 1800 ns, Total: 199998 ns
[6.051s][info ][safepoint      ] Safepoint "ICBufferFull", Time since last: 444721657 ns, Reaching safepoint: 2600 ns, Cleanup: 121099 ns, At safepoint: 7699 ns, Total: 131398 ns
[6.247s][info ][safepoint      ] Safepoint "ICBufferFull", Time since last: 196174849 ns, Reaching safepoint: 82099 ns, Cleanup: 144399 ns, At safepoint: 9100 ns, Total: 235598 ns
[6.352s][info ][safepoint      ] Safepoint "ICBufferFull", Time since last: 104297422 ns, Reaching safepoint: 3300 ns, Cleanup: 107799 ns, At safepoint: 10500 ns, Total: 121599 ns
[6.437s][info ][safepoint      ] Safepoint "ICBufferFull", Time since last: 85457581 ns, Reaching safepoint: 3400 ns, Cleanup: 125699 ns, At safepoint: 7600 ns, Total: 136699 ns
[6.569s][info ][safepoint      ] Safepoint "ICBufferFull", Time since last: 131863990 ns, Reaching safepoint: 3300 ns, Cleanup: 175598 ns, At safepoint: 2300 ns, Total: 181198 ns
[6.744s][info ][safepoint      ] Safepoint "ICBufferFull", Time since last: 174848528 ns, Reaching safepoint: 3400 ns, Cleanup: 104199 ns, At safepoint: 6700 ns, Total: 114299 ns
[6.843s][info ][gc,start       ] GC(4) Pause Young (Metadata GC Threshold)
[6.911s][debug][gc,phases      ] GC(4) Scavenge 67.165ms
[6.911s][debug][gc,ref         ] GC(4) Skipped phase 1 of Reference Processing: no references
[6.911s][debug][gc,ref         ] GC(4) ReferenceProcessor::execute queues: 4, RefProcThreadModel::Multi, marks_oops_alive: false
[6.911s][debug][gc,ref         ] GC(4) Skipped phase 3 of Reference Processing: no references
[6.911s][debug][gc,ref         ] GC(4) ReferenceProcessor::execute queues: 4, RefProcThreadModel::Multi, marks_oops_alive: false
[6.911s][debug][gc,phases      ] GC(4) Reference Processing 0.777ms
[6.912s][debug][gc,phases      ] GC(4)   VM Weak                        Min:  0.0, Avg:  0.0, Max:  0.0, Diff:  0.0, Sum:  0.0, Workers: 4
[6.912s][debug][gc,phases      ] GC(4)     Dead                           Min: 0, Avg:  0.0, Max: 0, Diff: 0, Sum: 0, Workers: 4
[6.912s][debug][gc,phases      ] GC(4)     Total                          Min: 0, Avg: 129.0, Max: 320, Diff: 320, Sum: 516, Workers: 4
[6.912s][debug][gc,phases      ] GC(4)   ObjectSynchronizer Weak        Min:  0.0, Avg:  0.0, Max:  0.0, Diff:  0.0, Sum:  0.0, Workers: 4
[6.912s][debug][gc,phases      ] GC(4)     Dead                           Min: 0, Avg:  0.0, Max: 0, Diff: 0, Sum: 0, Workers: 4
[6.912s][debug][gc,phases      ] GC(4)     Total                          Min: 0, Avg:  3.2, Max: 13, Diff: 13, Sum: 13, Workers: 4
[6.912s][debug][gc,phases      ] GC(4)   JVMTI Tag Weak OopStorage      Min:  0.0, Avg:  0.0, Max:  0.0, Diff:  0.0, Sum:  0.0, Workers: 4
[6.912s][debug][gc,phases      ] GC(4)     Dead                           Min: 0, Avg:  0.0, Max: 0, Diff: 0, Sum: 0, Workers: 4
[6.912s][debug][gc,phases      ] GC(4)     Total                          Min: 0, Avg:  0.0, Max: 0, Diff: 0, Sum: 0, Workers: 4
[6.912s][debug][gc,phases      ] GC(4)   StringTable Weak               Min:  0.0, Avg:  0.2, Max:  0.3, Diff:  0.3, Sum:  0.8, Workers: 4
[6.912s][debug][gc,phases      ] GC(4)     Dead                           Min: 0, Avg:  4.5, Max: 12, Diff: 12, Sum: 18, Workers: 4
[6.912s][debug][gc,phases      ] GC(4)     Total                          Min: 0, Avg: 9011.5, Max: 14926, Diff: 14926, Sum: 36046, Workers: 4
[6.912s][debug][gc,phases      ] GC(4)   ResolvedMethodTable Weak       Min:  0.0, Avg:  0.0, Max:  0.1, Diff:  0.1, Sum:  0.2, Workers: 4
[6.912s][debug][gc,phases      ] GC(4)     Dead                           Min: 0, Avg: 47.5, Max: 77, Diff: 77, Sum: 190, Workers: 4
[6.912s][debug][gc,phases      ] GC(4)     Total                          Min: 0, Avg: 1616.8, Max: 3011, Diff: 3011, Sum: 6467, Workers: 4
[6.912s][debug][gc,phases      ] GC(4)   JNI Weak                       Min:  0.0, Avg:  0.0, Max:  0.0, Diff:  0.0, Sum:  0.0, Workers: 4
[6.912s][debug][gc,phases      ] GC(4)     Dead                           Min: 0, Avg:  0.0, Max: 0, Diff: 0, Sum: 0, Workers: 4
[6.912s][debug][gc,phases      ] GC(4)     Total                          Min: 0, Avg: 12.8, Max: 45, Diff: 45, Sum: 51, Workers: 4
[6.912s][debug][gc,phases      ] GC(4)   StringDedup Table Weak         Min:  0.0, Avg:  0.0, Max:  0.0, Diff:  0.0, Sum:  0.0, Workers: 4
[6.912s][debug][gc,phases      ] GC(4)     Dead                           Min: 0, Avg:  0.0, Max: 0, Diff: 0, Sum: 0, Workers: 4
[6.912s][debug][gc,phases      ] GC(4)     Total                          Min: 0, Avg:  0.0, Max: 0, Diff: 0, Sum: 0, Workers: 4
[6.912s][debug][gc,phases      ] GC(4)   StringDedup Requests0 Weak     Min:  0.0, Avg:  0.0, Max:  0.0, Diff:  0.0, Sum:  0.0, Workers: 4
[6.912s][debug][gc,phases      ] GC(4)     Dead                           Min: 0, Avg:  0.0, Max: 0, Diff: 0, Sum: 0, Workers: 4
[6.912s][debug][gc,phases      ] GC(4)     Total                          Min: 0, Avg:  0.0, Max: 0, Diff: 0, Sum: 0, Workers: 4
[6.912s][debug][gc,phases      ] GC(4)   StringDedup Requests1 Weak     Min:  0.0, Avg:  0.0, Max:  0.0, Diff:  0.0, Sum:  0.0, Workers: 4
[6.912s][debug][gc,phases      ] GC(4)     Dead                           Min: 0, Avg:  0.0, Max: 0, Diff: 0, Sum: 0, Workers: 4
[6.912s][debug][gc,phases      ] GC(4)     Total                          Min: 0, Avg:  0.0, Max: 0, Diff: 0, Sum: 0, Workers: 4
[6.912s][debug][gc,phases      ] GC(4)   Weak JFR Old Object Samples    Min:  0.0, Avg:  0.0, Max:  0.0, Diff:  0.0, Sum:  0.0, Workers: 4
[6.912s][debug][gc,phases      ] GC(4)     Dead                           Min: 0, Avg:  0.0, Max: 0, Diff: 0, Sum: 0, Workers: 4
[6.912s][debug][gc,phases      ] GC(4)     Total                          Min: 0, Avg:  0.0, Max: 0, Diff: 0, Sum: 0, Workers: 4
[6.912s][debug][gc,phases      ] GC(4) Weak Processing 0.480ms
[6.912s][debug][gc,age         ] GC(4) Desired survivor size 536870912 bytes, new threshold 7 (max threshold 15)
[6.912s][info ][gc,heap        ] GC(4) PSYoungGen: 510607K(1572864K)->114761K(1572864K) Eden: 421507K(1048576K)->0K(1048576K) From: 89099K(524288K)->114761K(524288K)
[6.912s][info ][gc,heap        ] GC(4) ParOldGen: 5830K(6144K)->5854K(6144K)
[6.912s][info ][gc,metaspace   ] GC(4) Metaspace: 59159K(59776K)->59159K(59776K) NonClass: 50203K(50560K)->50203K(50560K) Class: 8955K(9216K)->8955K(9216K)
[6.912s][info ][gc             ] GC(4) Pause Young (Metadata GC Threshold) 504M->117M(1542M) 68.536ms
[6.912s][info ][gc,cpu         ] GC(4) User=0.15s Sys=0.06s Real=0.07s
[6.912s][debug][gc,phases      ] GC(5) Pre Compact 0.007ms
[6.912s][info ][gc,start       ] GC(5) Pause Full (Metadata GC Threshold)
[6.912s][info ][gc,phases,start] GC(5) Marking Phase
[6.961s][debug][gc,phases      ] GC(5) Par Mark 48.987ms
[6.961s][debug][gc,ref         ] GC(5) Skipped phase 1 of Reference Processing: no references
[6.961s][debug][gc,ref         ] GC(5) ReferenceProcessor::execute queues: 4, RefProcThreadModel::Multi, marks_oops_alive: false
[6.961s][debug][gc,ref         ] GC(5) Skipped phase 3 of Reference Processing: no references
[6.961s][debug][gc,ref         ] GC(5) ReferenceProcessor::execute queues: 1, RefProcThreadModel::Single, marks_oops_alive: false
[6.961s][debug][gc,phases      ] GC(5) Reference Processing 0.417ms
[6.962s][debug][gc,phases      ] GC(5)   VM Weak                        Min:  0.0, Avg:  0.0, Max:  0.0, Diff:  0.0, Sum:  0.0, Workers: 4
[6.962s][debug][gc,phases      ] GC(5)     Dead                           Min: 0, Avg:  0.0, Max: 0, Diff: 0, Sum: 0, Workers: 4
[6.962s][debug][gc,phases      ] GC(5)     Total                          Min: 0, Avg: 129.0, Max: 320, Diff: 320, Sum: 516, Workers: 4
[6.962s][debug][gc,phases      ] GC(5)   ObjectSynchronizer Weak        Min:  0.0, Avg:  0.0, Max:  0.0, Diff:  0.0, Sum:  0.0, Workers: 4
[6.962s][debug][gc,phases      ] GC(5)     Dead                           Min: 0, Avg:  0.0, Max: 0, Diff: 0, Sum: 0, Workers: 4
[6.962s][debug][gc,phases      ] GC(5)     Total                          Min: 0, Avg:  3.2, Max: 13, Diff: 13, Sum: 13, Workers: 4
[6.962s][debug][gc,phases      ] GC(5)   JVMTI Tag Weak OopStorage      Min:  0.0, Avg:  0.0, Max:  0.0, Diff:  0.0, Sum:  0.0, Workers: 4
[6.962s][debug][gc,phases      ] GC(5)     Dead                           Min: 0, Avg:  0.0, Max: 0, Diff: 0, Sum: 0, Workers: 4
[6.962s][debug][gc,phases      ] GC(5)     Total                          Min: 0, Avg:  0.0, Max: 0, Diff: 0, Sum: 0, Workers: 4
[6.962s][debug][gc,phases      ] GC(5)   StringTable Weak               Min:  0.0, Avg:  0.1, Max:  0.1, Diff:  0.1, Sum:  0.4, Workers: 4
[6.962s][debug][gc,phases      ] GC(5)     Dead                           Min: 0, Avg:  0.0, Max: 0, Diff: 0, Sum: 0, Workers: 4
[6.962s][debug][gc,phases      ] GC(5)     Total                          Min: 0, Avg: 9011.5, Max: 13568, Diff: 13568, Sum: 36046, Workers: 4
[6.962s][debug][gc,phases      ] GC(5)   ResolvedMethodTable Weak       Min:  0.0, Avg:  0.0, Max:  0.0, Diff:  0.0, Sum:  0.1, Workers: 4
[6.962s][debug][gc,phases      ] GC(5)     Dead                           Min: 0, Avg:  0.0, Max: 0, Diff: 0, Sum: 0, Workers: 4
[6.962s][debug][gc,phases      ] GC(5)     Total                          Min: 0, Avg: 1616.8, Max: 2432, Diff: 2432, Sum: 6467, Workers: 4
[6.962s][debug][gc,phases      ] GC(5)   JNI Weak                       Min:  0.0, Avg:  0.0, Max:  0.0, Diff:  0.0, Sum:  0.0, Workers: 4
[6.962s][debug][gc,phases      ] GC(5)     Dead                           Min: 0, Avg:  0.0, Max: 0, Diff: 0, Sum: 0, Workers: 4
[6.962s][debug][gc,phases      ] GC(5)     Total                          Min: 0, Avg: 12.8, Max: 45, Diff: 45, Sum: 51, Workers: 4
[6.962s][debug][gc,phases      ] GC(5)   StringDedup Table Weak         Min:  0.0, Avg:  0.0, Max:  0.0, Diff:  0.0, Sum:  0.0, Workers: 4
[6.962s][debug][gc,phases      ] GC(5)     Dead                           Min: 0, Avg:  0.0, Max: 0, Diff: 0, Sum: 0, Workers: 4
[6.962s][debug][gc,phases      ] GC(5)     Total                          Min: 0, Avg:  0.0, Max: 0, Diff: 0, Sum: 0, Workers: 4
[6.962s][debug][gc,phases      ] GC(5)   StringDedup Requests0 Weak     Min:  0.0, Avg:  0.0, Max:  0.0, Diff:  0.0, Sum:  0.0, Workers: 4
[6.962s][debug][gc,phases      ] GC(5)     Dead                           Min: 0, Avg:  0.0, Max: 0, Diff: 0, Sum: 0, Workers: 4
[6.962s][debug][gc,phases      ] GC(5)     Total                          Min: 0, Avg:  0.0, Max: 0, Diff: 0, Sum: 0, Workers: 4
[6.962s][debug][gc,phases      ] GC(5)   StringDedup Requests1 Weak     Min:  0.0, Avg:  0.0, Max:  0.0, Diff:  0.0, Sum:  0.0, Workers: 4
[6.962s][debug][gc,phases      ] GC(5)     Dead                           Min: 0, Avg:  0.0, Max: 0, Diff: 0, Sum: 0, Workers: 4
[6.962s][debug][gc,phases      ] GC(5)     Total                          Min: 0, Avg:  0.0, Max: 0, Diff: 0, Sum: 0, Workers: 4
[6.962s][debug][gc,phases      ] GC(5)   Weak JFR Old Object Samples    Min:  0.0, Avg:  0.0, Max:  0.0, Diff:  0.0, Sum:  0.0, Workers: 4
[6.962s][debug][gc,phases      ] GC(5)     Dead                           Min: 0, Avg:  0.0, Max: 0, Diff: 0, Sum: 0, Workers: 4
[6.962s][debug][gc,phases      ] GC(5)     Total                          Min: 0, Avg:  0.0, Max: 0, Diff: 0, Sum: 0, Workers: 4
[6.962s][debug][gc,phases      ] GC(5) Weak Processing 0.374ms
[6.962s][debug][gc,phases      ] GC(5) ClassLoaderData 0.073ms
[6.962s][debug][gc,phases      ] GC(5) Trigger cleanups 0.000ms
[6.969s][debug][gc,phases      ] GC(5) Class Unloading 6.690ms
[6.969s][debug][gc,phases      ] GC(5) Report Object Count 0.001ms
[6.969s][info ][gc,phases      ] GC(5) Marking Phase 56.590ms
[6.969s][info ][gc,phases,start] GC(5) Summary Phase
[6.969s][info ][gc,phases      ] GC(5) Summary Phase 0.009ms
[6.969s][info ][gc,phases,start] GC(5) Adjust Roots
[6.978s][info ][gc,phases      ] GC(5) Adjust Roots 9.248ms
[6.978s][info ][gc,phases,start] GC(5) Compaction Phase
[7.518s][info ][gc,phases      ] GC(5) Compaction Phase 540.411ms
[7.518s][info ][gc,phases,start] GC(5) Post Compact
[7.519s][info ][gc,phases      ] GC(5) Post Compact 0.799ms
[7.519s][info ][gc,heap        ] GC(5) PSYoungGen: 114761K(1572864K)->114440K(1572864K) Eden: 0K(1048576K)->0K(1048576K) From: 114761K(524288K)->114440K(524288K)
[7.519s][info ][gc,heap        ] GC(5) ParOldGen: 5854K(6144K)->5813K(6144K)
[7.519s][info ][gc,metaspace   ] GC(5) Metaspace: 59159K(59776K)->59159K(59776K) NonClass: 50203K(50560K)->50203K(50560K) Class: 8955K(9216K)->8955K(9216K)
[7.519s][info ][gc             ] GC(5) Pause Full (Metadata GC Threshold) 117M->117M(1542M) 607.158ms
[7.519s][info ][gc,cpu         ] GC(5) User=1.25s Sys=0.01s Real=0.61s
[7.519s][info ][safepoint      ] Safepoint "CollectForMetadataAllocation", Time since last: 99041566 ns, Reaching safepoint: 2500 ns, Cleanup: 81900 ns, At safepoint: 675794911 ns, Total: 675879311 ns
[7.821s][info ][safepoint      ] Safepoint "ICBufferFull", Time since last: 301370763 ns, Reaching safepoint: 75199 ns, Cleanup: 149599 ns, At safepoint: 12600 ns, Total: 237398 ns
[8.079s][info ][safepoint      ] Safepoint "ICBufferFull", Time since last: 257838230 ns, Reaching safepoint: 76099 ns, Cleanup: 146199 ns, At safepoint: 7600 ns, Total: 229898 ns
[8.337s][info ][safepoint      ] Safepoint "ICBufferFull", Time since last: 258123027 ns, Reaching safepoint: 2700 ns, Cleanup: 128599 ns, At safepoint: 7600 ns, Total: 138899 ns
[8.498s][info ][safepoint      ] Safepoint "ICBufferFull", Time since last: 160455349 ns, Reaching safepoint: 79199 ns, Cleanup: 119499 ns, At safepoint: 6000 ns, Total: 204698 ns
[9.224s][info ][safepoint      ] Safepoint "ICBufferFull", Time since last: 726149788 ns, Reaching safepoint: 142298 ns, Cleanup: 147299 ns, At safepoint: 4300 ns, Total: 293897 ns
[9.419s][info ][safepoint      ] Safepoint "ICBufferFull", Time since last: 194414864 ns, Reaching safepoint: 4000 ns, Cleanup: 161398 ns, At safepoint: 9500 ns, Total: 174898 ns
[9.720s][info ][safepoint      ] Safepoint "ICBufferFull", Time since last: 300666169 ns, Reaching safepoint: 73299 ns, Cleanup: 127599 ns, At safepoint: 2200 ns, Total: 203098 ns
[9.993s][info ][safepoint      ] Safepoint "ParallelGCFailedAllocation", Time since last: 273219200 ns, Reaching safepoint: 3600 ns, Cleanup: 33800 ns, At safepoint: 10200 ns, Total: 47600 ns
[9.993s][info ][gc,start       ] GC(6) Pause Young (GCLocker Initiated GC)
[10.243s][debug][gc,phases      ] GC(6) Scavenge 250.382ms
[10.243s][debug][gc,ref         ] GC(6) Skipped phase 1 of Reference Processing: no references
[10.244s][debug][gc,ref         ] GC(6) ReferenceProcessor::execute queues: 4, RefProcThreadModel::Multi, marks_oops_alive: false
[10.244s][debug][gc,ref         ] GC(6) Skipped phase 3 of Reference Processing: no references
[10.244s][debug][gc,ref         ] GC(6) ReferenceProcessor::execute queues: 2, RefProcThreadModel::Multi, marks_oops_alive: false
[10.244s][debug][gc,phases      ] GC(6) Reference Processing 0.912ms
[10.245s][debug][gc,phases      ] GC(6)   VM Weak                        Min:  0.0, Avg:  0.0, Max:  0.0, Diff:  0.0, Sum:  0.0, Workers: 4
[10.245s][debug][gc,phases      ] GC(6)     Dead                           Min: 0, Avg:  0.0, Max: 0, Diff: 0, Sum: 0, Workers: 4
[10.245s][debug][gc,phases      ] GC(6)     Total                          Min: 0, Avg: 153.2, Max: 357, Diff: 357, Sum: 613, Workers: 4
[10.245s][debug][gc,phases      ] GC(6)   ObjectSynchronizer Weak        Min:  0.0, Avg:  0.0, Max:  0.0, Diff:  0.0, Sum:  0.0, Workers: 4
[10.245s][debug][gc,phases      ] GC(6)     Dead                           Min: 0, Avg:  1.5, Max: 6, Diff: 6, Sum: 6, Workers: 4
[10.245s][debug][gc,phases      ] GC(6)     Total                          Min: 0, Avg:  8.2, Max: 33, Diff: 33, Sum: 33, Workers: 4
[10.245s][debug][gc,phases      ] GC(6)   JVMTI Tag Weak OopStorage      Min:  0.0, Avg:  0.0, Max:  0.0, Diff:  0.0, Sum:  0.0, Workers: 4
[10.245s][debug][gc,phases      ] GC(6)     Dead                           Min: 0, Avg:  0.0, Max: 0, Diff: 0, Sum: 0, Workers: 4
[10.245s][debug][gc,phases      ] GC(6)     Total                          Min: 0, Avg:  0.0, Max: 0, Diff: 0, Sum: 0, Workers: 4
[10.245s][debug][gc,phases      ] GC(6)   StringTable Weak               Min:  0.0, Avg:  0.2, Max:  0.3, Diff:  0.3, Sum:  1.0, Workers: 4
[10.245s][debug][gc,phases      ] GC(6)     Dead                           Min: 0, Avg:  4.0, Max: 8, Diff: 8, Sum: 16, Workers: 4
[10.245s][debug][gc,phases      ] GC(6)     Total                          Min: 0, Avg: 9904.8, Max: 13955, Diff: 13955, Sum: 39619, Workers: 4
[10.245s][debug][gc,phases      ] GC(6)   ResolvedMethodTable Weak       Min:  0.0, Avg:  0.1, Max:  0.1, Diff:  0.1, Sum:  0.3, Workers: 4
[10.245s][debug][gc,phases      ] GC(6)     Dead                           Min: 0, Avg: 52.0, Max: 147, Diff: 147, Sum: 208, Workers: 4
[10.245s][debug][gc,phases      ] GC(6)     Total                          Min: 0, Avg: 2140.2, Max: 2993, Diff: 2993, Sum: 8561, Workers: 4
[10.245s][debug][gc,phases      ] GC(6)   JNI Weak                       Min:  0.0, Avg:  0.0, Max:  0.0, Diff:  0.0, Sum:  0.0, Workers: 4
[10.245s][debug][gc,phases      ] GC(6)     Dead                           Min: 0, Avg:  0.0, Max: 0, Diff: 0, Sum: 0, Workers: 4
[10.245s][debug][gc,phases      ] GC(6)     Total                          Min: 0, Avg: 16.8, Max: 67, Diff: 67, Sum: 67, Workers: 4
[10.245s][debug][gc,phases      ] GC(6)   StringDedup Table Weak         Min:  0.0, Avg:  0.0, Max:  0.0, Diff:  0.0, Sum:  0.0, Workers: 4
[10.245s][debug][gc,phases      ] GC(6)     Dead                           Min: 0, Avg:  0.0, Max: 0, Diff: 0, Sum: 0, Workers: 4
[10.245s][debug][gc,phases      ] GC(6)     Total                          Min: 0, Avg:  0.0, Max: 0, Diff: 0, Sum: 0, Workers: 4
[10.245s][debug][gc,phases      ] GC(6)   StringDedup Requests0 Weak     Min:  0.0, Avg:  0.0, Max:  0.0, Diff:  0.0, Sum:  0.0, Workers: 4
[10.245s][debug][gc,phases      ] GC(6)     Dead                           Min: 0, Avg:  0.0, Max: 0, Diff: 0, Sum: 0, Workers: 4
[10.245s][debug][gc,phases      ] GC(6)     Total                          Min: 0, Avg:  0.0, Max: 0, Diff: 0, Sum: 0, Workers: 4
[10.245s][debug][gc,phases      ] GC(6)   StringDedup Requests1 Weak     Min:  0.0, Avg:  0.0, Max:  0.0, Diff:  0.0, Sum:  0.0, Workers: 4
[10.245s][debug][gc,phases      ] GC(6)     Dead                           Min: 0, Avg:  0.0, Max: 0, Diff: 0, Sum: 0, Workers: 4
[10.245s][debug][gc,phases      ] GC(6)     Total                          Min: 0, Avg:  0.0, Max: 0, Diff: 0, Sum: 0, Workers: 4
[10.245s][debug][gc,phases      ] GC(6)   Weak JFR Old Object Samples    Min:  0.0, Avg:  0.0, Max:  0.0, Diff:  0.0, Sum:  0.0, Workers: 4
[10.245s][debug][gc,phases      ] GC(6)     Dead                           Min: 0, Avg:  0.0, Max: 0, Diff: 0, Sum: 0, Workers: 4
[10.245s][debug][gc,phases      ] GC(6)     Total                          Min: 0, Avg:  0.0, Max: 0, Diff: 0, Sum: 0, Workers: 4
[10.245s][debug][gc,phases      ] GC(6) Weak Processing 0.592ms
[10.245s][debug][gc,age         ] GC(6) Desired survivor size 536870912 bytes, new threshold 7 (max threshold 15)
[10.245s][info ][gc,heap        ] GC(6) PSYoungGen: 1163016K(1572864K)->358423K(1572864K) Eden: 1048576K(1048576K)->0K(1048576K) From: 114440K(524288K)->358423K(524288K)
[10.245s][info ][gc,heap        ] GC(6) ParOldGen: 5813K(6144K)->5846K(6144K)
[10.245s][info ][gc,metaspace   ] GC(6) Metaspace: 71563K(72384K)->71563K(72384K) NonClass: 60699K(61120K)->60699K(61120K) Class: 10863K(11264K)->10863K(11264K)
[10.245s][info ][gc             ] GC(6) Pause Young (GCLocker Initiated GC) 1141M->355M(1542M) 251.979ms
[10.245s][info ][gc,cpu         ] GC(6) User=0.64s Sys=0.12s Real=0.25s
[10.245s][info ][safepoint      ] Safepoint "ParallelGCSystemGC", Time since last: 80699 ns, Reaching safepoint: 1100 ns, Cleanup: 900 ns, At safepoint: 252035779 ns, Total: 252037779 ns
[10.639s][info ][safepoint      ] Safepoint "ICBufferFull", Time since last: 394245881 ns, Reaching safepoint: 3500 ns, Cleanup: 127799 ns, At safepoint: 1700 ns, Total: 132999 ns
[11.059s][info ][safepoint      ] Safepoint "ICBufferFull", Time since last: 418876277 ns, Reaching safepoint: 83099 ns, Cleanup: 148599 ns, At safepoint: 2600 ns, Total: 234298 ns
[11.173s][info ][safepoint      ] Safepoint "ICBufferFull", Time since last: 114054042 ns, Reaching safepoint: 3900 ns, Cleanup: 177498 ns, At safepoint: 2400 ns, Total: 183798 ns
[11.640s][info ][safepoint      ] Safepoint "ICBufferFull", Time since last: 467154376 ns, Reaching safepoint: 74999 ns, Cleanup: 110399 ns, At safepoint: 10400 ns, Total: 195798 ns
[11.994s][info ][safepoint      ] Safepoint "ICBufferFull", Time since last: 354030526 ns, Reaching safepoint: 79000 ns, Cleanup: 119099 ns, At safepoint: 12000 ns, Total: 210099 ns
[12.521s][info ][safepoint      ] Safepoint "ICBufferFull", Time since last: 526339578 ns, Reaching safepoint: 2500 ns, Cleanup: 100199 ns, At safepoint: 5100 ns, Total: 107799 ns
[12.626s][info ][safepoint      ] Safepoint "ICBufferFull", Time since last: 105230116 ns, Reaching safepoint: 72700 ns, Cleanup: 133099 ns, At safepoint: 9200 ns, Total: 214999 ns
[12.703s][info ][safepoint      ] Safepoint "ICBufferFull", Time since last: 76049361 ns, Reaching safepoint: 82399 ns, Cleanup: 185999 ns, At safepoint: 8599 ns, Total: 276997 ns
[12.750s][info ][gc,start       ] GC(7) Pause Young (Allocation Failure)
[12.876s][debug][gc,phases      ] GC(7) Scavenge 125.530ms
[12.876s][debug][gc,ref         ] GC(7) Skipped phase 1 of Reference Processing: no references
[12.876s][debug][gc,ref         ] GC(7) ReferenceProcessor::execute queues: 4, RefProcThreadModel::Multi, marks_oops_alive: false
[12.877s][debug][gc,ref         ] GC(7) Skipped phase 3 of Reference Processing: no references
[12.877s][debug][gc,ref         ] GC(7) ReferenceProcessor::execute queues: 1, RefProcThreadModel::Single, marks_oops_alive: false
[12.877s][debug][gc,phases      ] GC(7) Reference Processing 1.104ms
[12.886s][debug][gc,phases      ] GC(7)   VM Weak                        Min:  0.0, Avg:  0.0, Max:  0.0, Diff:  0.0, Sum:  0.0, Workers: 4
[12.886s][debug][gc,phases      ] GC(7)     Dead                           Min: 0, Avg:  0.0, Max: 0, Diff: 0, Sum: 0, Workers: 4
[12.886s][debug][gc,phases      ] GC(7)     Total                          Min: 0, Avg: 164.2, Max: 576, Diff: 576, Sum: 657, Workers: 4
[12.886s][debug][gc,phases      ] GC(7)   ObjectSynchronizer Weak        Min:  0.0, Avg:  0.0, Max:  0.0, Diff:  0.0, Sum:  0.0, Workers: 4
[12.886s][debug][gc,phases      ] GC(7)     Dead                           Min: 0, Avg:  0.0, Max: 0, Diff: 0, Sum: 0, Workers: 4
[12.886s][debug][gc,phases      ] GC(7)     Total                          Min: 0, Avg:  8.2, Max: 33, Diff: 33, Sum: 33, Workers: 4
[12.886s][debug][gc,phases      ] GC(7)   JVMTI Tag Weak OopStorage      Min:  0.0, Avg:  0.0, Max:  0.0, Diff:  0.0, Sum:  0.0, Workers: 4
[12.886s][debug][gc,phases      ] GC(7)     Dead                           Min: 0, Avg:  0.0, Max: 0, Diff: 0, Sum: 0, Workers: 4
[12.887s][debug][gc,phases      ] GC(7)     Total                          Min: 0, Avg:  0.0, Max: 0, Diff: 0, Sum: 0, Workers: 4
[12.887s][debug][gc,phases      ] GC(7)   StringTable Weak               Min:  0.0, Avg:  2.7, Max:  9.7, Diff:  9.7, Sum: 10.7, Workers: 4
[12.887s][debug][gc,phases      ] GC(7)     Dead                           Min: 0, Avg:  2.8, Max: 11, Diff: 11, Sum: 11, Workers: 4
[12.887s][debug][gc,phases      ] GC(7)     Total                          Min: 0, Avg: 10159.0, Max: 37436, Diff: 37436, Sum: 40636, Workers: 4
[12.887s][debug][gc,phases      ] GC(7)   ResolvedMethodTable Weak       Min:  0.0, Avg:  0.1, Max:  0.3, Diff:  0.3, Sum:  0.3, Workers: 4
[12.887s][debug][gc,phases      ] GC(7)     Dead                           Min: 0, Avg: 24.5, Max: 98, Diff: 98, Sum: 98, Workers: 4
[12.887s][debug][gc,phases      ] GC(7)     Total                          Min: 0, Avg: 2266.2, Max: 9065, Diff: 9065, Sum: 9065, Workers: 4
[12.887s][debug][gc,phases      ] GC(7)   JNI Weak                       Min:  0.0, Avg:  0.0, Max:  0.0, Diff:  0.0, Sum:  0.0, Workers: 4
[12.887s][debug][gc,phases      ] GC(7)     Dead                           Min: 0, Avg:  0.0, Max: 0, Diff: 0, Sum: 0, Workers: 4
[12.887s][debug][gc,phases      ] GC(7)     Total                          Min: 0, Avg: 21.5, Max: 86, Diff: 86, Sum: 86, Workers: 4
[12.887s][debug][gc,phases      ] GC(7)   StringDedup Table Weak         Min:  0.0, Avg:  0.0, Max:  0.0, Diff:  0.0, Sum:  0.0, Workers: 4
[12.887s][debug][gc,phases      ] GC(7)     Dead                           Min: 0, Avg:  0.0, Max: 0, Diff: 0, Sum: 0, Workers: 4
[12.887s][debug][gc,phases      ] GC(7)     Total                          Min: 0, Avg:  0.0, Max: 0, Diff: 0, Sum: 0, Workers: 4
[12.887s][debug][gc,phases      ] GC(7)   StringDedup Requests0 Weak     Min:  0.0, Avg:  0.0, Max:  0.0, Diff:  0.0, Sum:  0.0, Workers: 4
[12.887s][debug][gc,phases      ] GC(7)     Dead                           Min: 0, Avg:  0.0, Max: 0, Diff: 0, Sum: 0, Workers: 4
[12.887s][debug][gc,phases      ] GC(7)     Total                          Min: 0, Avg:  0.0, Max: 0, Diff: 0, Sum: 0, Workers: 4
[12.887s][debug][gc,phases      ] GC(7)   StringDedup Requests1 Weak     Min:  0.0, Avg:  0.0, Max:  0.0, Diff:  0.0, Sum:  0.0, Workers: 4
[12.887s][debug][gc,phases      ] GC(7)     Dead                           Min: 0, Avg:  0.0, Max: 0, Diff: 0, Sum: 0, Workers: 4
[12.887s][debug][gc,phases      ] GC(7)     Total                          Min: 0, Avg:  0.0, Max: 0, Diff: 0, Sum: 0, Workers: 4
[12.887s][debug][gc,phases      ] GC(7)   Weak JFR Old Object Samples    Min:  0.0, Avg:  0.0, Max:  0.0, Diff:  0.0, Sum:  0.0, Workers: 4
[12.887s][debug][gc,phases      ] GC(7)     Dead                           Min: 0, Avg:  0.0, Max: 0, Diff: 0, Sum: 0, Workers: 4
[12.887s][debug][gc,phases      ] GC(7)     Total                          Min: 0, Avg:  0.0, Max: 0, Diff: 0, Sum: 0, Workers: 4
[12.887s][debug][gc,phases      ] GC(7) Weak Processing 9.976ms
[12.887s][debug][gc,age         ] GC(7) Desired survivor size 381681664 bytes, new threshold 6 (max threshold 15)
[12.887s][info ][gc,heap        ] GC(7) PSYoungGen: 1406999K(1572864K)->236008K(1572864K) Eden: 1048576K(1048576K)->0K(1048576K) From: 358423K(524288K)->236008K(524288K)
[12.887s][info ][gc,heap        ] GC(7) ParOldGen: 5864K(6144K)->5880K(6144K)
[12.887s][info ][gc,metaspace   ] GC(7) Metaspace: 75214K(76032K)->75214K(76032K) NonClass: 63852K(64320K)->63852K(64320K) Class: 11362K(11712K)->11362K(11712K)
[12.887s][info ][gc             ] GC(7) Pause Young (Allocation Failure) 1379M->236M(1542M) 136.740ms
[12.887s][info ][gc,cpu         ] GC(7) User=0.32s Sys=0.05s Real=0.13s
[12.887s][info ][safepoint      ] Safepoint "ParallelGCFailedAllocation", Time since last: 47211204 ns, Reaching safepoint: 77499 ns, Cleanup: 35200 ns, At safepoint: 136811051 ns, Total: 136923750 ns
[12.948s][info ][safepoint      ] Safepoint "ICBufferFull", Time since last: 60731790 ns, Reaching safepoint: 81499 ns, Cleanup: 182198 ns, At safepoint: 9700 ns, Total: 273397 ns
[13.124s][info ][safepoint      ] Safepoint "ICBufferFull", Time since last: 175964822 ns, Reaching safepoint: 4100 ns, Cleanup: 181799 ns, At safepoint: 4900 ns, Total: 190799 ns
[13.517s][info ][safepoint      ] Safepoint "ICBufferFull", Time since last: 393119297 ns, Reaching safepoint: 109799 ns, Cleanup: 135399 ns, At safepoint: 8100 ns, Total: 253298 ns
[13.517s][info ][safepoint      ] Safepoint "ICBufferFull", Time since last: 73499 ns, Reaching safepoint: 73300 ns, Cleanup: 2600 ns, At safepoint: 7400 ns, Total: 83300 ns
[13.518s][info ][safepoint      ] Safepoint "ICBufferFull", Time since last: 50599 ns, Reaching safepoint: 71900 ns, Cleanup: 1100 ns, At safepoint: 5900 ns, Total: 78900 ns
[14.410s][info ][safepoint      ] Safepoint "ICBufferFull", Time since last: 891890008 ns, Reaching safepoint: 76699 ns, Cleanup: 130799 ns, At safepoint: 8700 ns, Total: 216198 ns
[15.102s][info ][safepoint      ] Safepoint "ICBufferFull", Time since last: 692343684 ns, Reaching safepoint: 79899 ns, Cleanup: 149499 ns, At safepoint: 11100 ns, Total: 240498 ns
[15.289s][info ][safepoint      ] Safepoint "ICBufferFull", Time since last: 187063829 ns, Reaching safepoint: 3800 ns, Cleanup: 144698 ns, At safepoint: 7900 ns, Total: 156398 ns
[15.367s][info ][safepoint      ] Safepoint "ICBufferFull", Time since last: 77656348 ns, Reaching safepoint: 72999 ns, Cleanup: 163399 ns, At safepoint: 9600 ns, Total: 245998 ns
[15.474s][info ][safepoint      ] Safepoint "ICBufferFull", Time since last: 106440606 ns, Reaching safepoint: 81899 ns, Cleanup: 129499 ns, At safepoint: 8000 ns, Total: 219398 ns
[15.595s][info ][safepoint      ] Safepoint "ICBufferFull", Time since last: 121281981 ns, Reaching safepoint: 4900 ns, Cleanup: 176199 ns, At safepoint: 1900 ns, Total: 182999 ns
[15.820s][info ][safepoint      ] Safepoint "ICBufferFull", Time since last: 223930119 ns, Reaching safepoint: 78399 ns, Cleanup: 158199 ns, At safepoint: 10400 ns, Total: 246998 ns
[16.070s][info ][safepoint      ] Safepoint "ICBufferFull", Time since last: 250330997 ns, Reaching safepoint: 5000 ns, Cleanup: 144898 ns, At safepoint: 6000 ns, Total: 155898 ns
[16.758s][info ][safepoint      ] Safepoint "ICBufferFull", Time since last: 687734123 ns, Reaching safepoint: 4500 ns, Cleanup: 150999 ns, At safepoint: 3900 ns, Total: 159399 ns
[17.717s][info ][safepoint      ] Safepoint "ICBufferFull", Time since last: 959297642 ns, Reaching safepoint: 4900 ns, Cleanup: 122899 ns, At safepoint: 7400 ns, Total: 135199 ns
[18.156s][info ][safepoint      ] Safepoint "ICBufferFull", Time since last: 438356517 ns, Reaching safepoint: 3600 ns, Cleanup: 123699 ns, At safepoint: 7000 ns, Total: 134299 ns
[18.907s][info ][gc,start       ] GC(8) Pause Young (Allocation Failure)
[19.006s][debug][gc,phases      ] GC(8) Scavenge 98.497ms
[19.006s][debug][gc,ref         ] GC(8) Skipped phase 1 of Reference Processing: no references
[19.006s][debug][gc,ref         ] GC(8) ReferenceProcessor::execute queues: 4, RefProcThreadModel::Multi, marks_oops_alive: false
[19.007s][debug][gc,ref         ] GC(8) ReferenceProcessor::execute queues: 4, RefProcThreadModel::Multi, marks_oops_alive: true
[19.007s][debug][gc,ref         ] GC(8) ReferenceProcessor::execute queues: 1, RefProcThreadModel::Single, marks_oops_alive: false
[19.007s][debug][gc,phases      ] GC(8) Reference Processing 0.972ms
[19.007s][debug][gc,phases      ] GC(8)   VM Weak                        Min:  0.0, Avg:  0.0, Max:  0.0, Diff:  0.0, Sum:  0.0, Workers: 4
[19.007s][debug][gc,phases      ] GC(8)     Dead                           Min: 0, Avg:  0.0, Max: 0, Diff: 0, Sum: 0, Workers: 4
[19.007s][debug][gc,phases      ] GC(8)     Total                          Min: 0, Avg: 178.0, Max: 448, Diff: 448, Sum: 712, Workers: 4
[19.007s][debug][gc,phases      ] GC(8)   ObjectSynchronizer Weak        Min:  0.0, Avg:  0.0, Max:  0.0, Diff:  0.0, Sum:  0.0, Workers: 4
[19.007s][debug][gc,phases      ] GC(8)     Dead                           Min: 0, Avg:  0.2, Max: 1, Diff: 1, Sum: 1, Workers: 4
[19.007s][debug][gc,phases      ] GC(8)     Total                          Min: 0, Avg:  9.0, Max: 36, Diff: 36, Sum: 36, Workers: 4
[19.007s][debug][gc,phases      ] GC(8)   JVMTI Tag Weak OopStorage      Min:  0.0, Avg:  0.0, Max:  0.0, Diff:  0.0, Sum:  0.0, Workers: 4
[19.007s][debug][gc,phases      ] GC(8)     Dead                           Min: 0, Avg:  0.0, Max: 0, Diff: 0, Sum: 0, Workers: 4
[19.007s][debug][gc,phases      ] GC(8)     Total                          Min: 0, Avg:  0.0, Max: 0, Diff: 0, Sum: 0, Workers: 4
[19.007s][debug][gc,phases      ] GC(8)   StringTable Weak               Min:  0.0, Avg:  0.4, Max:  0.6, Diff:  0.6, Sum:  1.5, Workers: 4
[19.007s][debug][gc,phases      ] GC(8)     Dead                           Min: 0, Avg:  2.8, Max: 9, Diff: 9, Sum: 11, Workers: 4
[19.007s][debug][gc,phases      ] GC(8)     Total                          Min: 0, Avg: 10585.8, Max: 17767, Diff: 17767, Sum: 42343, Workers: 4
[19.007s][debug][gc,phases      ] GC(8)   ResolvedMethodTable Weak       Min:  0.0, Avg:  0.1, Max:  0.1, Diff:  0.1, Sum:  0.4, Workers: 4
[19.007s][debug][gc,phases      ] GC(8)     Dead                           Min: 0, Avg: 33.8, Max: 77, Diff: 77, Sum: 135, Workers: 4
[19.007s][debug][gc,phases      ] GC(8)     Total                          Min: 0, Avg: 2476.0, Max: 3955, Diff: 3955, Sum: 9904, Workers: 4
[19.007s][debug][gc,phases      ] GC(8)   JNI Weak                       Min:  0.0, Avg:  0.0, Max:  0.0, Diff:  0.0, Sum:  0.0, Workers: 4
[19.007s][debug][gc,phases      ] GC(8)     Dead                           Min: 0, Avg:  0.0, Max: 0, Diff: 0, Sum: 0, Workers: 4
[19.007s][debug][gc,phases      ] GC(8)     Total                          Min: 0, Avg: 14.0, Max: 45, Diff: 45, Sum: 56, Workers: 4
[19.007s][debug][gc,phases      ] GC(8)   StringDedup Table Weak         Min:  0.0, Avg:  0.0, Max:  0.0, Diff:  0.0, Sum:  0.0, Workers: 4
[19.007s][debug][gc,phases      ] GC(8)     Dead                           Min: 0, Avg:  0.0, Max: 0, Diff: 0, Sum: 0, Workers: 4
[19.007s][debug][gc,phases      ] GC(8)     Total                          Min: 0, Avg:  0.0, Max: 0, Diff: 0, Sum: 0, Workers: 4
[19.007s][debug][gc,phases      ] GC(8)   StringDedup Requests0 Weak     Min:  0.0, Avg:  0.0, Max:  0.0, Diff:  0.0, Sum:  0.0, Workers: 4
[19.007s][debug][gc,phases      ] GC(8)     Dead                           Min: 0, Avg:  0.0, Max: 0, Diff: 0, Sum: 0, Workers: 4
[19.007s][debug][gc,phases      ] GC(8)     Total                          Min: 0, Avg:  0.0, Max: 0, Diff: 0, Sum: 0, Workers: 4
[19.007s][debug][gc,phases      ] GC(8)   StringDedup Requests1 Weak     Min:  0.0, Avg:  0.0, Max:  0.0, Diff:  0.0, Sum:  0.0, Workers: 4
[19.008s][debug][gc,phases      ] GC(8)     Dead                           Min: 0, Avg:  0.0, Max: 0, Diff: 0, Sum: 0, Workers: 4
[19.008s][debug][gc,phases      ] GC(8)     Total                          Min: 0, Avg:  0.0, Max: 0, Diff: 0, Sum: 0, Workers: 4
[19.008s][debug][gc,phases      ] GC(8)   Weak JFR Old Object Samples    Min:  0.0, Avg:  0.0, Max:  0.0, Diff:  0.0, Sum:  0.0, Workers: 4
[19.008s][debug][gc,phases      ] GC(8)     Dead                           Min: 0, Avg:  0.0, Max: 0, Diff: 0, Sum: 0, Workers: 4
[19.008s][debug][gc,phases      ] GC(8)     Total                          Min: 0, Avg:  0.0, Max: 0, Diff: 0, Sum: 0, Workers: 4
[19.008s][debug][gc,phases      ] GC(8) Weak Processing 0.822ms
[19.008s][debug][gc,age         ] GC(8) Desired survivor size 392691712 bytes, new threshold 5 (max threshold 15)
[19.008s][info ][gc,heap        ] GC(8) PSYoungGen: 1284584K(1572864K)->243986K(1702912K) Eden: 1048576K(1048576K)->0K(1330176K) From: 236008K(524288K)->243986K(372736K)
[19.008s][info ][gc,heap        ] GC(8) ParOldGen: 5880K(6144K)->5896K(6144K)
[19.008s][info ][gc,metaspace   ] GC(8) Metaspace: 81160K(82048K)->81160K(82048K) NonClass: 69019K(69504K)->69019K(69504K) Class: 12141K(12544K)->12141K(12544K)
[19.008s][info ][gc             ] GC(8) Pause Young (Allocation Failure) 1260M->244M(1669M) 100.404ms
[19.008s][info ][gc,cpu         ] GC(8) User=0.32s Sys=0.02s Real=0.11s
[19.008s][info ][safepoint      ] Safepoint "ParallelGCFailedAllocation", Time since last: 751080991 ns, Reaching safepoint: 3300 ns, Cleanup: 84699 ns, At safepoint: 100472256 ns, Total: 100560255 ns
[20.008s][info ][safepoint      ] Safepoint "Cleanup", Time since last: 1000090594 ns, Reaching safepoint: 81299 ns, Cleanup: 123899 ns, At safepoint: 4900 ns, Total: 210098 ns
[21.008s][info ][safepoint      ] Safepoint "Cleanup", Time since last: 1000126394 ns, Reaching safepoint: 4900 ns, Cleanup: 101599 ns, At safepoint: 10100 ns, Total: 116599 ns
[22.008s][info ][safepoint      ] Safepoint "Cleanup", Time since last: 1000108695 ns, Reaching safepoint: 73899 ns, Cleanup: 82999 ns, At safepoint: 8900 ns, Total: 165798 ns
[23.357s][info ][safepoint      ] Safepoint "Cleanup", Time since last: 1348703265 ns, Reaching safepoint: 37999 ns, Cleanup: 147799 ns, At safepoint: 6600 ns, Total: 192398 ns
[24.358s][info ][safepoint      ] Safepoint "Cleanup", Time since last: 1000053795 ns, Reaching safepoint: 72199 ns, Cleanup: 59300 ns, At safepoint: 4700 ns, Total: 136199 ns
[25.358s][info ][safepoint      ] Safepoint "Cleanup", Time since last: 1000095494 ns, Reaching safepoint: 76799 ns, Cleanup: 50000 ns, At safepoint: 4500 ns, Total: 131299 ns
[26.358s][info ][safepoint      ] Safepoint "Cleanup", Time since last: 1000088094 ns, Reaching safepoint: 73600 ns, Cleanup: 36299 ns, At safepoint: 5100 ns, Total: 114999 ns
[27.358s][info ][safepoint      ] Safepoint "Cleanup", Time since last: 1000092009 ns, Reaching safepoint: 73499 ns, Cleanup: 37600 ns, At safepoint: 7500 ns, Total: 118599 ns
[28.358s][info ][safepoint      ] Safepoint "Cleanup", Time since last: 1000072326 ns, Reaching safepoint: 4800 ns, Cleanup: 46400 ns, At safepoint: 1500 ns, Total: 52700 ns
[29.358s][info ][safepoint      ] Safepoint "Cleanup", Time since last: 1000087926 ns, Reaching safepoint: 5000 ns, Cleanup: 23600 ns, At safepoint: 1600 ns, Total: 30200 ns
[30.359s][info ][safepoint      ] Safepoint "Cleanup", Time since last: 1000064426 ns, Reaching safepoint: 81399 ns, Cleanup: 21600 ns, At safepoint: 6800 ns, Total: 109799 ns
[31.359s][info ][safepoint      ] Safepoint "Cleanup", Time since last: 1000095326 ns, Reaching safepoint: 5100 ns, Cleanup: 35700 ns, At safepoint: 1500 ns, Total: 42300 ns
[32.359s][info ][safepoint      ] Safepoint "Cleanup", Time since last: 1000114626 ns, Reaching safepoint: 75199 ns, Cleanup: 18700 ns, At safepoint: 8300 ns, Total: 102199 ns
[32.506s][info ][gc,start       ] GC(9) Pause Young (Allocation Failure)
[32.640s][debug][gc,phases      ] GC(9) Scavenge 133.844ms
[32.640s][debug][gc,ref         ] GC(9) Skipped phase 1 of Reference Processing: no references
[32.640s][debug][gc,ref         ] GC(9) ReferenceProcessor::execute queues: 4, RefProcThreadModel::Multi, marks_oops_alive: false
[32.640s][debug][gc,ref         ] GC(9) ReferenceProcessor::execute queues: 4, RefProcThreadModel::Multi, marks_oops_alive: true
[32.640s][debug][gc,ref         ] GC(9) ReferenceProcessor::execute queues: 1, RefProcThreadModel::Single, marks_oops_alive: false
[32.640s][debug][gc,phases      ] GC(9) Reference Processing 0.697ms
[32.641s][debug][gc,phases      ] GC(9)   VM Weak                        Min:  0.0, Avg:  0.0, Max:  0.0, Diff:  0.0, Sum:  0.0, Workers: 4
[32.641s][debug][gc,phases      ] GC(9)     Dead                           Min: 0, Avg:  0.0, Max: 0, Diff: 0, Sum: 0, Workers: 4
[32.641s][debug][gc,phases      ] GC(9)     Total                          Min: 0, Avg: 178.0, Max: 328, Diff: 328, Sum: 712, Workers: 4
[32.641s][debug][gc,phases      ] GC(9)   ObjectSynchronizer Weak        Min:  0.0, Avg:  0.0, Max:  0.0, Diff:  0.0, Sum:  0.0, Workers: 4
[32.641s][debug][gc,phases      ] GC(9)     Dead                           Min: 0, Avg:  0.0, Max: 0, Diff: 0, Sum: 0, Workers: 4
[32.641s][debug][gc,phases      ] GC(9)     Total                          Min: 0, Avg:  9.2, Max: 37, Diff: 37, Sum: 37, Workers: 4
[32.641s][debug][gc,phases      ] GC(9)   JVMTI Tag Weak OopStorage      Min:  0.0, Avg:  0.0, Max:  0.0, Diff:  0.0, Sum:  0.0, Workers: 4
[32.641s][debug][gc,phases      ] GC(9)     Dead                           Min: 0, Avg:  0.0, Max: 0, Diff: 0, Sum: 0, Workers: 4
[32.641s][debug][gc,phases      ] GC(9)     Total                          Min: 0, Avg:  0.0, Max: 0, Diff: 0, Sum: 0, Workers: 4
[32.641s][debug][gc,phases      ] GC(9)   StringTable Weak               Min:  0.0, Avg:  0.3, Max:  0.4, Diff:  0.4, Sum:  1.1, Workers: 4
[32.641s][debug][gc,phases      ] GC(9)     Dead                           Min: 0, Avg:  0.2, Max: 1, Diff: 1, Sum: 1, Workers: 4
[32.641s][debug][gc,phases      ] GC(9)     Total                          Min: 0, Avg: 10681.5, Max: 14848, Diff: 14848, Sum: 42726, Workers: 4
[32.641s][debug][gc,phases      ] GC(9)   ResolvedMethodTable Weak       Min:  0.0, Avg:  0.1, Max:  0.1, Diff:  0.1, Sum:  0.3, Workers: 4
[32.641s][debug][gc,phases      ] GC(9)     Dead                           Min: 0, Avg:  0.0, Max: 0, Diff: 0, Sum: 0, Workers: 4
[32.641s][debug][gc,phases      ] GC(9)     Total                          Min: 0, Avg: 2476.8, Max: 3455, Diff: 3455, Sum: 9907, Workers: 4
[32.641s][debug][gc,phases      ] GC(9)   JNI Weak                       Min:  0.0, Avg:  0.0, Max:  0.0, Diff:  0.0, Sum:  0.0, Workers: 4
[32.641s][debug][gc,phases      ] GC(9)     Dead                           Min: 0, Avg:  0.0, Max: 0, Diff: 0, Sum: 0, Workers: 4
[32.641s][debug][gc,phases      ] GC(9)     Total                          Min: 0, Avg: 11.2, Max: 45, Diff: 45, Sum: 45, Workers: 4
[32.641s][debug][gc,phases      ] GC(9)   StringDedup Table Weak         Min:  0.0, Avg:  0.0, Max:  0.0, Diff:  0.0, Sum:  0.0, Workers: 4
[32.641s][debug][gc,phases      ] GC(9)     Dead                           Min: 0, Avg:  0.0, Max: 0, Diff: 0, Sum: 0, Workers: 4
[32.641s][debug][gc,phases      ] GC(9)     Total                          Min: 0, Avg:  0.0, Max: 0, Diff: 0, Sum: 0, Workers: 4
[32.641s][debug][gc,phases      ] GC(9)   StringDedup Requests0 Weak     Min:  0.0, Avg:  0.0, Max:  0.0, Diff:  0.0, Sum:  0.0, Workers: 4
[32.641s][debug][gc,phases      ] GC(9)     Dead                           Min: 0, Avg:  0.0, Max: 0, Diff: 0, Sum: 0, Workers: 4
[32.641s][debug][gc,phases      ] GC(9)     Total                          Min: 0, Avg:  0.0, Max: 0, Diff: 0, Sum: 0, Workers: 4
[32.641s][debug][gc,phases      ] GC(9)   StringDedup Requests1 Weak     Min:  0.0, Avg:  0.0, Max:  0.0, Diff:  0.0, Sum:  0.0, Workers: 4
[32.641s][debug][gc,phases      ] GC(9)     Dead                           Min: 0, Avg:  0.0, Max: 0, Diff: 0, Sum: 0, Workers: 4
[32.641s][debug][gc,phases      ] GC(9)     Total                          Min: 0, Avg:  0.0, Max: 0, Diff: 0, Sum: 0, Workers: 4
[32.641s][debug][gc,phases      ] GC(9)   Weak JFR Old Object Samples    Min:  0.0, Avg:  0.0, Max:  0.0, Diff:  0.0, Sum:  0.0, Workers: 4
[32.641s][debug][gc,phases      ] GC(9)     Dead                           Min: 0, Avg:  0.0, Max: 0, Diff: 0, Sum: 0, Workers: 4
[32.641s][debug][gc,phases      ] GC(9)     Total                          Min: 0, Avg:  0.0, Max: 0, Diff: 0, Sum: 0, Workers: 4
[32.641s][debug][gc,phases      ] GC(9) Weak Processing 0.625ms
[32.641s][debug][gc,age         ] GC(9) Desired survivor size 368050176 bytes, new threshold 4 (max threshold 15)
[32.641s][info ][gc,heap        ] GC(9) PSYoungGen: 1574162K(1702912K)->157550K(1713664K) Eden: 1330176K(1330176K)->0K(1330176K) From: 243986K(372736K)->157550K(383488K)
[32.641s][info ][gc,heap        ] GC(9) ParOldGen: 5896K(6144K)->92534K(92672K)
[32.641s][info ][gc,metaspace   ] GC(9) Metaspace: 81784K(82688K)->81784K(82688K) NonClass: 69638K(70144K)->69638K(70144K) Class: 12145K(12544K)->12145K(12544K)
[32.641s][info ][gc             ] GC(9) Pause Young (Allocation Failure) 1543M->244M(1764M) 135.288ms
[32.641s][info ][gc,cpu         ] GC(9) User=0.35s Sys=0.07s Real=0.14s
[32.641s][debug][gc,phases      ] GC(10) Pre Compact 0.008ms
[32.641s][info ][gc,start       ] GC(10) Pause Full (Ergonomics)
[32.641s][info ][gc,phases,start] GC(10) Marking Phase
[32.737s][debug][gc,phases      ] GC(10) Par Mark 96.066ms
[32.737s][debug][gc,ref         ] GC(10) Skipped phase 1 of Reference Processing: no references
[32.738s][debug][gc,ref         ] GC(10) ReferenceProcessor::execute queues: 4, RefProcThreadModel::Multi, marks_oops_alive: false
[32.738s][debug][gc,ref         ] GC(10) Skipped phase 3 of Reference Processing: no references
[32.738s][debug][gc,ref         ] GC(10) ReferenceProcessor::execute queues: 1, RefProcThreadModel::Single, marks_oops_alive: false
[32.738s][debug][gc,phases      ] GC(10) Reference Processing 0.761ms
[32.738s][debug][gc,phases      ] GC(10)   VM Weak                        Min:  0.0, Avg:  0.0, Max:  0.0, Diff:  0.0, Sum:  0.0, Workers: 4
[32.738s][debug][gc,phases      ] GC(10)     Dead                           Min: 0, Avg:  0.0, Max: 0, Diff: 0, Sum: 0, Workers: 4
[32.738s][debug][gc,phases      ] GC(10)     Total                          Min: 0, Avg: 178.0, Max: 384, Diff: 384, Sum: 712, Workers: 4
[32.738s][debug][gc,phases      ] GC(10)   ObjectSynchronizer Weak        Min:  0.0, Avg:  0.0, Max:  0.0, Diff:  0.0, Sum:  0.0, Workers: 4
[32.738s][debug][gc,phases      ] GC(10)     Dead                           Min: 0, Avg:  0.0, Max: 0, Diff: 0, Sum: 0, Workers: 4
[32.738s][debug][gc,phases      ] GC(10)     Total                          Min: 0, Avg:  9.2, Max: 37, Diff: 37, Sum: 37, Workers: 4
[32.738s][debug][gc,phases      ] GC(10)   JVMTI Tag Weak OopStorage      Min:  0.0, Avg:  0.0, Max:  0.0, Diff:  0.0, Sum:  0.0, Workers: 4
[32.738s][debug][gc,phases      ] GC(10)     Dead                           Min: 0, Avg:  0.0, Max: 0, Diff: 0, Sum: 0, Workers: 4
[32.738s][debug][gc,phases      ] GC(10)     Total                          Min: 0, Avg:  0.0, Max: 0, Diff: 0, Sum: 0, Workers: 4
[32.738s][debug][gc,phases      ] GC(10)   StringTable Weak               Min:  0.0, Avg:  0.1, Max:  0.2, Diff:  0.2, Sum:  0.6, Workers: 4
[32.738s][debug][gc,phases      ] GC(10)     Dead                           Min: 0, Avg:  0.0, Max: 0, Diff: 0, Sum: 0, Workers: 4
[32.738s][debug][gc,phases      ] GC(10)     Total                          Min: 0, Avg: 10681.5, Max: 15040, Diff: 15040, Sum: 42726, Workers: 4
[32.738s][debug][gc,phases      ] GC(10)   ResolvedMethodTable Weak       Min:  0.0, Avg:  0.0, Max:  0.0, Diff:  0.0, Sum:  0.1, Workers: 4
[32.738s][debug][gc,phases      ] GC(10)     Dead                           Min: 0, Avg:  0.2, Max: 1, Diff: 1, Sum: 1, Workers: 4
[32.738s][debug][gc,phases      ] GC(10)     Total                          Min: 0, Avg: 2476.8, Max: 3520, Diff: 3520, Sum: 9907, Workers: 4
[32.738s][debug][gc,phases      ] GC(10)   JNI Weak                       Min:  0.0, Avg:  0.0, Max:  0.0, Diff:  0.0, Sum:  0.0, Workers: 4
[32.738s][debug][gc,phases      ] GC(10)     Dead                           Min: 0, Avg:  0.0, Max: 0, Diff: 0, Sum: 0, Workers: 4
[32.738s][debug][gc,phases      ] GC(10)     Total                          Min: 0, Avg: 11.2, Max: 45, Diff: 45, Sum: 45, Workers: 4
[32.738s][debug][gc,phases      ] GC(10)   StringDedup Table Weak         Min:  0.0, Avg:  0.0, Max:  0.0, Diff:  0.0, Sum:  0.0, Workers: 4
[32.738s][debug][gc,phases      ] GC(10)     Dead                           Min: 0, Avg:  0.0, Max: 0, Diff: 0, Sum: 0, Workers: 4
[32.738s][debug][gc,phases      ] GC(10)     Total                          Min: 0, Avg:  0.0, Max: 0, Diff: 0, Sum: 0, Workers: 4
[32.738s][debug][gc,phases      ] GC(10)   StringDedup Requests0 Weak     Min:  0.0, Avg:  0.0, Max:  0.0, Diff:  0.0, Sum:  0.0, Workers: 4
[32.738s][debug][gc,phases      ] GC(10)     Dead                           Min: 0, Avg:  0.0, Max: 0, Diff: 0, Sum: 0, Workers: 4
[32.738s][debug][gc,phases      ] GC(10)     Total                          Min: 0, Avg:  0.0, Max: 0, Diff: 0, Sum: 0, Workers: 4
[32.738s][debug][gc,phases      ] GC(10)   StringDedup Requests1 Weak     Min:  0.0, Avg:  0.0, Max:  0.0, Diff:  0.0, Sum:  0.0, Workers: 4
[32.738s][debug][gc,phases      ] GC(10)     Dead                           Min: 0, Avg:  0.0, Max: 0, Diff: 0, Sum: 0, Workers: 4
[32.738s][debug][gc,phases      ] GC(10)     Total                          Min: 0, Avg:  0.0, Max: 0, Diff: 0, Sum: 0, Workers: 4
[32.738s][debug][gc,phases      ] GC(10)   Weak JFR Old Object Samples    Min:  0.0, Avg:  0.0, Max:  0.0, Diff:  0.0, Sum:  0.0, Workers: 4
[32.738s][debug][gc,phases      ] GC(10)     Dead                           Min: 0, Avg:  0.0, Max: 0, Diff: 0, Sum: 0, Workers: 4
[32.738s][debug][gc,phases      ] GC(10)     Total                          Min: 0, Avg:  0.0, Max: 0, Diff: 0, Sum: 0, Workers: 4
[32.738s][debug][gc,phases      ] GC(10) Weak Processing 0.383ms
[32.739s][debug][gc,phases      ] GC(10) ClassLoaderData 0.082ms
[32.739s][debug][gc,phases      ] GC(10) Trigger cleanups 0.000ms
[32.754s][debug][gc,phases      ] GC(10) Class Unloading 15.231ms
[32.754s][debug][gc,phases      ] GC(10) Report Object Count 0.001ms
[32.754s][info ][gc,phases      ] GC(10) Marking Phase 112.610ms
[32.754s][info ][gc,phases,start] GC(10) Summary Phase
[32.754s][info ][gc,phases      ] GC(10) Summary Phase 0.007ms
[32.754s][info ][gc,phases,start] GC(10) Adjust Roots
[32.773s][info ][gc,phases      ] GC(10) Adjust Roots 18.885ms
[32.773s][info ][gc,phases,start] GC(10) Compaction Phase
[33.324s][info ][gc,phases      ] GC(10) Compaction Phase 551.088ms
[33.324s][info ][gc,phases,start] GC(10) Post Compact
[33.327s][info ][gc,phases      ] GC(10) Post Compact 3.062ms
[33.327s][info ][gc,heap        ] GC(10) PSYoungGen: 157550K(1713664K)->156031K(1713664K) Eden: 0K(1330176K)->0K(1330176K) From: 157550K(383488K)->156031K(383488K)
[33.327s][info ][gc,heap        ] GC(10) ParOldGen: 92534K(92672K)->92556K(145408K)
[33.327s][info ][gc,metaspace   ] GC(10) Metaspace: 81784K(82688K)->81784K(82688K) NonClass: 69638K(70144K)->69638K(70144K) Class: 12145K(12544K)->12145K(12544K)
[33.327s][info ][gc             ] GC(10) Pause Full (Ergonomics) 244M->242M(1815M) 685.855ms
[33.327s][info ][gc,cpu         ] GC(10) User=1.79s Sys=0.02s Real=0.68s
[33.327s][info ][safepoint      ] Safepoint "ParallelGCFailedAllocation", Time since last: 146758071 ns, Reaching safepoint: 3800 ns, Cleanup: 12000 ns, At safepoint: 821255123 ns, Total: 821270923 ns
[35.309s][info ][safepoint      ] Safepoint "Cleanup", Time since last: 1982050493 ns, Reaching safepoint: 4100 ns, Cleanup: 61300 ns, At safepoint: 1800 ns, Total: 67200 ns
[36.309s][info ][safepoint      ] Safepoint "Cleanup", Time since last: 1000088997 ns, Reaching safepoint: 3700 ns, Cleanup: 17300 ns, At safepoint: 1900 ns, Total: 22900 ns
[37.309s][info ][safepoint      ] Safepoint "Cleanup", Time since last: 1000051698 ns, Reaching safepoint: 3600 ns, Cleanup: 11400 ns, At safepoint: 1600 ns, Total: 16600 ns
[38.309s][info ][safepoint      ] Safepoint "Cleanup", Time since last: 1000110698 ns, Reaching safepoint: 79199 ns, Cleanup: 10500 ns, At safepoint: 8200 ns, Total: 97899 ns
[39.310s][info ][safepoint      ] Safepoint "Cleanup", Time since last: 1000097398 ns, Reaching safepoint: 3700 ns, Cleanup: 19399 ns, At safepoint: 1600 ns, Total: 24699 ns
[40.310s][info ][safepoint      ] Safepoint "Cleanup", Time since last: 1000100098 ns, Reaching safepoint: 4000 ns, Cleanup: 14700 ns, At safepoint: 2200 ns, Total: 20900 ns
[41.310s][info ][safepoint      ] Safepoint "Cleanup", Time since last: 1000094997 ns, Reaching safepoint: 4200 ns, Cleanup: 13700 ns, At safepoint: 1600 ns, Total: 19500 ns
[42.310s][info ][safepoint      ] Safepoint "Cleanup", Time since last: 1000099798 ns, Reaching safepoint: 4100 ns, Cleanup: 12200 ns, At safepoint: 1800 ns, Total: 18100 ns
[43.310s][info ][safepoint      ] Safepoint "Cleanup", Time since last: 1000099155 ns, Reaching safepoint: 3600 ns, Cleanup: 43200 ns, At safepoint: 4200 ns, Total: 51000 ns
[44.310s][info ][safepoint      ] Safepoint "Cleanup", Time since last: 1000104447 ns, Reaching safepoint: 5300 ns, Cleanup: 138999 ns, At safepoint: 5900 ns, Total: 150199 ns
[45.311s][info ][safepoint      ] Safepoint "Cleanup", Time since last: 1000104947 ns, Reaching safepoint: 4900 ns, Cleanup: 67899 ns, At safepoint: 5200 ns, Total: 77999 ns
[46.154s][info ][gc,start       ] GC(11) Pause Young (Allocation Failure)
[46.233s][debug][gc,phases      ] GC(11) Scavenge 78.576ms
[46.233s][debug][gc,ref         ] GC(11) Skipped phase 1 of Reference Processing: no references
[46.233s][debug][gc,ref         ] GC(11) ReferenceProcessor::execute queues: 1, RefProcThreadModel::Single, marks_oops_alive: false
[46.233s][debug][gc,ref         ] GC(11) Skipped phase 3 of Reference Processing: no references
[46.233s][debug][gc,ref         ] GC(11) ReferenceProcessor::execute queues: 1, RefProcThreadModel::Single, marks_oops_alive: false
[46.233s][debug][gc,phases      ] GC(11) Reference Processing 0.124ms
[46.233s][debug][gc,phases      ] GC(11)   VM Weak                        Min:  0.0, Avg:  0.0, Max:  0.0, Diff:  0.0, Sum:  0.0, Workers: 4
[46.233s][debug][gc,phases      ] GC(11)     Dead                           Min: 0, Avg:  0.0, Max: 0, Diff: 0, Sum: 0, Workers: 4
[46.233s][debug][gc,phases      ] GC(11)     Total                          Min: 0, Avg: 178.2, Max: 384, Diff: 384, Sum: 713, Workers: 4
[46.233s][debug][gc,phases      ] GC(11)   ObjectSynchronizer Weak        Min:  0.0, Avg:  0.0, Max:  0.0, Diff:  0.0, Sum:  0.0, Workers: 4
[46.233s][debug][gc,phases      ] GC(11)     Dead                           Min: 0, Avg:  0.0, Max: 0, Diff: 0, Sum: 0, Workers: 4
[46.233s][debug][gc,phases      ] GC(11)     Total                          Min: 0, Avg:  9.2, Max: 37, Diff: 37, Sum: 37, Workers: 4
[46.233s][debug][gc,phases      ] GC(11)   JVMTI Tag Weak OopStorage      Min:  0.0, Avg:  0.0, Max:  0.0, Diff:  0.0, Sum:  0.0, Workers: 4
[46.233s][debug][gc,phases      ] GC(11)     Dead                           Min: 0, Avg:  0.0, Max: 0, Diff: 0, Sum: 0, Workers: 4
[46.233s][debug][gc,phases      ] GC(11)     Total                          Min: 0, Avg:  0.0, Max: 0, Diff: 0, Sum: 0, Workers: 4
[46.233s][debug][gc,phases      ] GC(11)   StringTable Weak               Min:  0.0, Avg:  0.2, Max:  0.3, Diff:  0.3, Sum:  0.8, Workers: 4
[46.233s][debug][gc,phases      ] GC(11)     Dead                           Min: 0, Avg:  0.2, Max: 1, Diff: 1, Sum: 1, Workers: 4
[46.233s][debug][gc,phases      ] GC(11)     Total                          Min: 0, Avg: 10738.2, Max: 15232, Diff: 15232, Sum: 42953, Workers: 4
[46.233s][debug][gc,phases      ] GC(11)   ResolvedMethodTable Weak       Min:  0.0, Avg:  0.1, Max:  0.1, Diff:  0.1, Sum:  0.3, Workers: 4
[46.233s][debug][gc,phases      ] GC(11)     Dead                           Min: 0, Avg:  0.0, Max: 0, Diff: 0, Sum: 0, Workers: 4
[46.233s][debug][gc,phases      ] GC(11)     Total                          Min: 0, Avg: 2482.2, Max: 4032, Diff: 4032, Sum: 9929, Workers: 4
[46.233s][debug][gc,phases      ] GC(11)   JNI Weak                       Min:  0.0, Avg:  0.0, Max:  0.0, Diff:  0.0, Sum:  0.0, Workers: 4
[46.233s][debug][gc,phases      ] GC(11)     Dead                           Min: 0, Avg:  0.0, Max: 0, Diff: 0, Sum: 0, Workers: 4
[46.233s][debug][gc,phases      ] GC(11)     Total                          Min: 0, Avg: 11.2, Max: 45, Diff: 45, Sum: 45, Workers: 4
[46.233s][debug][gc,phases      ] GC(11)   StringDedup Table Weak         Min:  0.0, Avg:  0.0, Max:  0.0, Diff:  0.0, Sum:  0.0, Workers: 4
[46.233s][debug][gc,phases      ] GC(11)     Dead                           Min: 0, Avg:  0.0, Max: 0, Diff: 0, Sum: 0, Workers: 4
[46.233s][debug][gc,phases      ] GC(11)     Total                          Min: 0, Avg:  0.0, Max: 0, Diff: 0, Sum: 0, Workers: 4
[46.233s][debug][gc,phases      ] GC(11)   StringDedup Requests0 Weak     Min:  0.0, Avg:  0.0, Max:  0.0, Diff:  0.0, Sum:  0.0, Workers: 4
[46.233s][debug][gc,phases      ] GC(11)     Dead                           Min: 0, Avg:  0.0, Max: 0, Diff: 0, Sum: 0, Workers: 4
[46.233s][debug][gc,phases      ] GC(11)     Total                          Min: 0, Avg:  0.0, Max: 0, Diff: 0, Sum: 0, Workers: 4
[46.233s][debug][gc,phases      ] GC(11)   StringDedup Requests1 Weak     Min:  0.0, Avg:  0.0, Max:  0.0, Diff:  0.0, Sum:  0.0, Workers: 4
[46.233s][debug][gc,phases      ] GC(11)     Dead                           Min: 0, Avg:  0.0, Max: 0, Diff: 0, Sum: 0, Workers: 4
[46.233s][debug][gc,phases      ] GC(11)     Total                          Min: 0, Avg:  0.0, Max: 0, Diff: 0, Sum: 0, Workers: 4
[46.233s][debug][gc,phases      ] GC(11)   Weak JFR Old Object Samples    Min:  0.0, Avg:  0.0, Max:  0.0, Diff:  0.0, Sum:  0.0, Workers: 4
[46.233s][debug][gc,phases      ] GC(11)     Dead                           Min: 0, Avg:  0.0, Max: 0, Diff: 0, Sum: 0, Workers: 4
[46.233s][debug][gc,phases      ] GC(11)     Total                          Min: 0, Avg:  0.0, Max: 0, Diff: 0, Sum: 0, Workers: 4
[46.233s][debug][gc,phases      ] GC(11) Weak Processing 0.522ms
[46.233s][debug][gc,age         ] GC(11) Desired survivor size 363855872 bytes, new threshold 5 (max threshold 15)
[46.233s][info ][gc,heap        ] GC(11) PSYoungGen: 1486207K(1713664K)->84993K(1741824K) Eden: 1330176K(1330176K)->0K(1382400K) From: 156031K(383488K)->84993K(359424K)
[46.233s][info ][gc,heap        ] GC(11) ParOldGen: 92556K(145408K)->166588K(166912K)
[46.233s][info ][gc,metaspace   ] GC(11) Metaspace: 81923K(82816K)->81923K(82816K) NonClass: 69758K(70208K)->69758K(70208K) Class: 12164K(12608K)->12164K(12608K)
[46.233s][info ][gc             ] GC(11) Pause Young (Allocation Failure) 1541M->245M(1864M) 79.336ms
[46.233s][info ][gc,cpu         ] GC(11) User=0.20s Sys=0.05s Real=0.08s
[46.233s][debug][gc,phases      ] GC(12) Pre Compact 0.008ms
[46.233s][info ][gc,start       ] GC(12) Pause Full (Ergonomics)
[46.233s][info ][gc,phases,start] GC(12) Marking Phase
[46.332s][debug][gc,phases      ] GC(12) Par Mark 98.677ms
[46.332s][debug][gc,ref         ] GC(12) Skipped phase 1 of Reference Processing: no references
[46.333s][debug][gc,ref         ] GC(12) ReferenceProcessor::execute queues: 4, RefProcThreadModel::Multi, marks_oops_alive: false
[46.333s][debug][gc,ref         ] GC(12) Skipped phase 3 of Reference Processing: no references
[46.333s][debug][gc,ref         ] GC(12) ReferenceProcessor::execute queues: 1, RefProcThreadModel::Single, marks_oops_alive: false
[46.333s][debug][gc,phases      ] GC(12) Reference Processing 0.645ms
[46.333s][debug][gc,phases      ] GC(12)   VM Weak                        Min:  0.0, Avg:  0.0, Max:  0.0, Diff:  0.0, Sum:  0.0, Workers: 4
[46.333s][debug][gc,phases      ] GC(12)     Dead                           Min: 0, Avg:  0.0, Max: 0, Diff: 0, Sum: 0, Workers: 4
[46.333s][debug][gc,phases      ] GC(12)     Total                          Min: 0, Avg: 178.2, Max: 320, Diff: 320, Sum: 713, Workers: 4
[46.333s][debug][gc,phases      ] GC(12)   ObjectSynchronizer Weak        Min:  0.0, Avg:  0.0, Max:  0.0, Diff:  0.0, Sum:  0.0, Workers: 4
[46.333s][debug][gc,phases      ] GC(12)     Dead                           Min: 0, Avg:  0.0, Max: 0, Diff: 0, Sum: 0, Workers: 4
[46.333s][debug][gc,phases      ] GC(12)     Total                          Min: 0, Avg:  9.2, Max: 37, Diff: 37, Sum: 37, Workers: 4
[46.333s][debug][gc,phases      ] GC(12)   JVMTI Tag Weak OopStorage      Min:  0.0, Avg:  0.0, Max:  0.0, Diff:  0.0, Sum:  0.0, Workers: 4
[46.333s][debug][gc,phases      ] GC(12)     Dead                           Min: 0, Avg:  0.0, Max: 0, Diff: 0, Sum: 0, Workers: 4
[46.333s][debug][gc,phases      ] GC(12)     Total                          Min: 0, Avg:  0.0, Max: 0, Diff: 0, Sum: 0, Workers: 4
[46.333s][debug][gc,phases      ] GC(12)   StringTable Weak               Min:  0.0, Avg:  0.1, Max:  0.2, Diff:  0.2, Sum:  0.6, Workers: 4
[46.333s][debug][gc,phases      ] GC(12)     Dead                           Min: 0, Avg:  0.0, Max: 0, Diff: 0, Sum: 0, Workers: 4
[46.333s][debug][gc,phases      ] GC(12)     Total                          Min: 0, Avg: 10738.2, Max: 14400, Diff: 14400, Sum: 42953, Workers: 4
[46.333s][debug][gc,phases      ] GC(12)   ResolvedMethodTable Weak       Min:  0.0, Avg:  0.0, Max:  0.0, Diff:  0.0, Sum:  0.1, Workers: 4
[46.333s][debug][gc,phases      ] GC(12)     Dead                           Min: 0, Avg:  0.0, Max: 0, Diff: 0, Sum: 0, Workers: 4
[46.333s][debug][gc,phases      ] GC(12)     Total                          Min: 0, Avg: 2482.2, Max: 3465, Diff: 3465, Sum: 9929, Workers: 4
[46.333s][debug][gc,phases      ] GC(12)   JNI Weak                       Min:  0.0, Avg:  0.0, Max:  0.0, Diff:  0.0, Sum:  0.0, Workers: 4
[46.333s][debug][gc,phases      ] GC(12)     Dead                           Min: 0, Avg:  0.0, Max: 0, Diff: 0, Sum: 0, Workers: 4
[46.333s][debug][gc,phases      ] GC(12)     Total                          Min: 0, Avg: 11.2, Max: 45, Diff: 45, Sum: 45, Workers: 4
[46.333s][debug][gc,phases      ] GC(12)   StringDedup Table Weak         Min:  0.0, Avg:  0.0, Max:  0.0, Diff:  0.0, Sum:  0.0, Workers: 4
[46.333s][debug][gc,phases      ] GC(12)     Dead                           Min: 0, Avg:  0.0, Max: 0, Diff: 0, Sum: 0, Workers: 4
[46.333s][debug][gc,phases      ] GC(12)     Total                          Min: 0, Avg:  0.0, Max: 0, Diff: 0, Sum: 0, Workers: 4
[46.333s][debug][gc,phases      ] GC(12)   StringDedup Requests0 Weak     Min:  0.0, Avg:  0.0, Max:  0.0, Diff:  0.0, Sum:  0.0, Workers: 4
[46.333s][debug][gc,phases      ] GC(12)     Dead                           Min: 0, Avg:  0.0, Max: 0, Diff: 0, Sum: 0, Workers: 4
[46.333s][debug][gc,phases      ] GC(12)     Total                          Min: 0, Avg:  0.0, Max: 0, Diff: 0, Sum: 0, Workers: 4
[46.333s][debug][gc,phases      ] GC(12)   StringDedup Requests1 Weak     Min:  0.0, Avg:  0.0, Max:  0.0, Diff:  0.0, Sum:  0.0, Workers: 4
[46.333s][debug][gc,phases      ] GC(12)     Dead                           Min: 0, Avg:  0.0, Max: 0, Diff: 0, Sum: 0, Workers: 4
[46.333s][debug][gc,phases      ] GC(12)     Total                          Min: 0, Avg:  0.0, Max: 0, Diff: 0, Sum: 0, Workers: 4
[46.333s][debug][gc,phases      ] GC(12)   Weak JFR Old Object Samples    Min:  0.0, Avg:  0.0, Max:  0.0, Diff:  0.0, Sum:  0.0, Workers: 4
[46.333s][debug][gc,phases      ] GC(12)     Dead                           Min: 0, Avg:  0.0, Max: 0, Diff: 0, Sum: 0, Workers: 4
[46.333s][debug][gc,phases      ] GC(12)     Total                          Min: 0, Avg:  0.0, Max: 0, Diff: 0, Sum: 0, Workers: 4
[46.333s][debug][gc,phases      ] GC(12) Weak Processing 0.393ms
[46.333s][debug][gc,phases      ] GC(12) ClassLoaderData 0.080ms
[46.333s][debug][gc,phases      ] GC(12) Trigger cleanups 0.000ms
[46.347s][debug][gc,phases      ] GC(12) Class Unloading 14.013ms
[46.347s][debug][gc,phases      ] GC(12) Report Object Count 0.001ms
[46.347s][info ][gc,phases      ] GC(12) Marking Phase 113.879ms
[46.347s][info ][gc,phases,start] GC(12) Summary Phase
[46.347s][info ][gc,phases      ] GC(12) Summary Phase 0.007ms
[46.347s][info ][gc,phases,start] GC(12) Adjust Roots
[46.360s][info ][gc,phases      ] GC(12) Adjust Roots 12.718ms
[46.360s][info ][gc,phases,start] GC(12) Compaction Phase
[46.710s][info ][gc,phases      ] GC(12) Compaction Phase 349.653ms
[46.710s][info ][gc,phases,start] GC(12) Post Compact
[46.711s][info ][gc,phases      ] GC(12) Post Compact 1.241ms
[46.711s][info ][gc,heap        ] GC(12) PSYoungGen: 84993K(1741824K)->84487K(1741824K) Eden: 0K(1382400K)->0K(1382400K) From: 84993K(359424K)->84487K(359424K)
[46.711s][info ][gc,heap        ] GC(12) ParOldGen: 166588K(166912K)->164067K(245760K)
[46.711s][info ][gc,metaspace   ] GC(12) Metaspace: 81923K(82816K)->81923K(82816K) NonClass: 69758K(70208K)->69758K(70208K) Class: 12164K(12608K)->12164K(12608K)
[46.711s][info ][gc             ] GC(12) Pause Full (Ergonomics) 245M->242M(1941M) 477.734ms
[46.711s][info ][gc,cpu         ] GC(12) User=1.19s Sys=0.02s Real=0.48s
[46.711s][info ][safepoint      ] Safepoint "ParallelGCFailedAllocation", Time since last: 843465940 ns, Reaching safepoint: 4300 ns, Cleanup: 48599 ns, At safepoint: 557179702 ns, Total: 557232601 ns
[47.711s][info ][safepoint      ] Safepoint "Cleanup", Time since last: 1000081747 ns, Reaching safepoint: 3800 ns, Cleanup: 54200 ns, At safepoint: 5200 ns, Total: 63200 ns
[48.711s][info ][safepoint      ] Safepoint "Cleanup", Time since last: 1000101247 ns, Reaching safepoint: 4100 ns, Cleanup: 16900 ns, At safepoint: 1800 ns, Total: 22800 ns
[49.712s][info ][safepoint      ] Safepoint "Cleanup", Time since last: 1000092747 ns, Reaching safepoint: 4200 ns, Cleanup: 15000 ns, At safepoint: 1800 ns, Total: 21000 ns
[50.712s][info ][safepoint      ] Safepoint "Cleanup", Time since last: 1000093347 ns, Reaching safepoint: 3800 ns, Cleanup: 37499 ns, At safepoint: 1600 ns, Total: 42899 ns
[51.712s][info ][safepoint      ] Safepoint "Cleanup", Time since last: 1000096773 ns, Reaching safepoint: 4100 ns, Cleanup: 7300 ns, At safepoint: 2300 ns, Total: 13700 ns
[52.712s][info ][safepoint      ] Safepoint "Cleanup", Time since last: 1000098753 ns, Reaching safepoint: 3800 ns, Cleanup: 21700 ns, At safepoint: 1600 ns, Total: 27100 ns
[53.712s][info ][safepoint      ] Safepoint "Cleanup", Time since last: 1000090352 ns, Reaching safepoint: 4100 ns, Cleanup: 15500 ns, At safepoint: 1600 ns, Total: 21200 ns
[54.712s][info ][safepoint      ] Safepoint "Cleanup", Time since last: 1000099152 ns, Reaching safepoint: 4000 ns, Cleanup: 16200 ns, At safepoint: 1600 ns, Total: 21800 ns
[56.421s][info ][safepoint      ] Safepoint "Cleanup", Time since last: 1708683638 ns, Reaching safepoint: 4100 ns, Cleanup: 112999 ns, At safepoint: 5000 ns, Total: 122099 ns
[57.421s][info ][safepoint      ] Safepoint "Cleanup", Time since last: 1000095953 ns, Reaching safepoint: 71799 ns, Cleanup: 19600 ns, At safepoint: 4500 ns, Total: 95899 ns
[58.421s][info ][safepoint      ] Safepoint "Cleanup", Time since last: 1000098753 ns, Reaching safepoint: 4300 ns, Cleanup: 22799 ns, At safepoint: 1300 ns, Total: 28399 ns
[59.421s][info ][safepoint      ] Safepoint "Cleanup", Time since last: 1000093959 ns, Reaching safepoint: 5800 ns, Cleanup: 20400 ns, At safepoint: 5200 ns, Total: 31400 ns
[59.753s][info ][gc,start       ] GC(13) Pause Young (Allocation Failure)
[59.803s][debug][gc,phases      ] GC(13) Scavenge 50.484ms
[59.803s][debug][gc,ref         ] GC(13) Skipped phase 1 of Reference Processing: no references
[59.803s][debug][gc,ref         ] GC(13) ReferenceProcessor::execute queues: 1, RefProcThreadModel::Single, marks_oops_alive: false
[59.803s][debug][gc,ref         ] GC(13) Skipped phase 3 of Reference Processing: no references
[59.803s][debug][gc,ref         ] GC(13) ReferenceProcessor::execute queues: 1, RefProcThreadModel::Single, marks_oops_alive: false
[59.803s][debug][gc,phases      ] GC(13) Reference Processing 0.232ms
[59.804s][debug][gc,phases      ] GC(13)   VM Weak                        Min:  0.0, Avg:  0.0, Max:  0.0, Diff:  0.0, Sum:  0.0, Workers: 4
[59.804s][debug][gc,phases      ] GC(13)     Dead                           Min: 0, Avg:  0.0, Max: 0, Diff: 0, Sum: 0, Workers: 4
[59.804s][debug][gc,phases      ] GC(13)     Total                          Min: 0, Avg: 179.2, Max: 512, Diff: 512, Sum: 717, Workers: 4
[59.804s][debug][gc,phases      ] GC(13)   ObjectSynchronizer Weak        Min:  0.0, Avg:  0.0, Max:  0.0, Diff:  0.0, Sum:  0.0, Workers: 4
[59.804s][debug][gc,phases      ] GC(13)     Dead                           Min: 0, Avg:  0.2, Max: 1, Diff: 1, Sum: 1, Workers: 4
[59.804s][debug][gc,phases      ] GC(13)     Total                          Min: 0, Avg:  9.5, Max: 38, Diff: 38, Sum: 38, Workers: 4
[59.804s][debug][gc,phases      ] GC(13)   JVMTI Tag Weak OopStorage      Min:  0.0, Avg:  0.0, Max:  0.0, Diff:  0.0, Sum:  0.0, Workers: 4
[59.804s][debug][gc,phases      ] GC(13)     Dead                           Min: 0, Avg:  0.0, Max: 0, Diff: 0, Sum: 0, Workers: 4
[59.804s][debug][gc,phases      ] GC(13)     Total                          Min: 0, Avg:  0.0, Max: 0, Diff: 0, Sum: 0, Workers: 4
[59.804s][debug][gc,phases      ] GC(13)   StringTable Weak               Min:  0.0, Avg:  0.1, Max:  0.2, Diff:  0.2, Sum:  0.5, Workers: 4
[59.804s][debug][gc,phases      ] GC(13)     Dead                           Min: 0, Avg:  0.2, Max: 1, Diff: 1, Sum: 1, Workers: 4
[59.804s][debug][gc,phases      ] GC(13)     Total                          Min: 0, Avg: 10745.5, Max: 15039, Diff: 15039, Sum: 42982, Workers: 4
[59.804s][debug][gc,phases      ] GC(13)   ResolvedMethodTable Weak       Min:  0.0, Avg:  0.0, Max:  0.0, Diff:  0.0, Sum:  0.1, Workers: 4
[59.804s][debug][gc,phases      ] GC(13)     Dead                           Min: 0, Avg:  0.0, Max: 0, Diff: 0, Sum: 0, Workers: 4
[59.804s][debug][gc,phases      ] GC(13)     Total                          Min: 0, Avg: 2487.8, Max: 3648, Diff: 3648, Sum: 9951, Workers: 4
[59.804s][debug][gc,phases      ] GC(13)   JNI Weak                       Min:  0.0, Avg:  0.0, Max:  0.0, Diff:  0.0, Sum:  0.0, Workers: 4
[59.804s][debug][gc,phases      ] GC(13)     Dead                           Min: 0, Avg:  0.0, Max: 0, Diff: 0, Sum: 0, Workers: 4
[59.804s][debug][gc,phases      ] GC(13)     Total                          Min: 0, Avg: 11.2, Max: 45, Diff: 45, Sum: 45, Workers: 4
[59.804s][debug][gc,phases      ] GC(13)   StringDedup Table Weak         Min:  0.0, Avg:  0.0, Max:  0.0, Diff:  0.0, Sum:  0.0, Workers: 4
[59.804s][debug][gc,phases      ] GC(13)     Dead                           Min: 0, Avg:  0.0, Max: 0, Diff: 0, Sum: 0, Workers: 4
[59.804s][debug][gc,phases      ] GC(13)     Total                          Min: 0, Avg:  0.0, Max: 0, Diff: 0, Sum: 0, Workers: 4
[59.804s][debug][gc,phases      ] GC(13)   StringDedup Requests0 Weak     Min:  0.0, Avg:  0.0, Max:  0.0, Diff:  0.0, Sum:  0.0, Workers: 4
[59.804s][debug][gc,phases      ] GC(13)     Dead                           Min: 0, Avg:  0.0, Max: 0, Diff: 0, Sum: 0, Workers: 4
[59.804s][debug][gc,phases      ] GC(13)     Total                          Min: 0, Avg:  0.0, Max: 0, Diff: 0, Sum: 0, Workers: 4
[59.804s][debug][gc,phases      ] GC(13)   StringDedup Requests1 Weak     Min:  0.0, Avg:  0.0, Max:  0.0, Diff:  0.0, Sum:  0.0, Workers: 4
[59.804s][debug][gc,phases      ] GC(13)     Dead                           Min: 0, Avg:  0.0, Max: 0, Diff: 0, Sum: 0, Workers: 4
[59.804s][debug][gc,phases      ] GC(13)     Total                          Min: 0, Avg:  0.0, Max: 0, Diff: 0, Sum: 0, Workers: 4
[59.804s][debug][gc,phases      ] GC(13)   Weak JFR Old Object Samples    Min:  0.0, Avg:  0.0, Max:  0.0, Diff:  0.0, Sum:  0.0, Workers: 4
[59.804s][debug][gc,phases      ] GC(13)     Dead                           Min: 0, Avg:  0.0, Max: 0, Diff: 0, Sum: 0, Workers: 4
[59.804s][debug][gc,phases      ] GC(13)     Total                          Min: 0, Avg:  0.0, Max: 0, Diff: 0, Sum: 0, Workers: 4
[59.804s][debug][gc,phases      ] GC(13) Weak Processing 0.468ms
[59.804s][debug][gc,age         ] GC(13) Desired survivor size 357564416 bytes, new threshold 6 (max threshold 15)
[59.804s][info ][gc,heap        ] GC(13) PSYoungGen: 1466887K(1741824K)->85121K(1737728K) Eden: 1382400K(1382400K)->0K(1382400K) From: 84487K(359424K)->85121K(355328K)
[59.804s][info ][gc,heap        ] GC(13) ParOldGen: 164067K(245760K)->164075K(245760K)
[59.804s][info ][gc,metaspace   ] GC(13) Metaspace: 82080K(83008K)->82080K(83008K) NonClass: 69906K(70400K)->69906K(70400K) Class: 12173K(12608K)->12173K(12608K)
[59.804s][info ][gc             ] GC(13) Pause Young (Allocation Failure) 1592M->243M(1937M) 51.326ms
[59.804s][info ][gc,cpu         ] GC(13) User=0.17s Sys=0.00s Real=0.05s
[59.804s][info ][safepoint      ] Safepoint "ParallelGCFailedAllocation", Time since last: 331077341 ns, Reaching safepoint: 3900 ns, Cleanup: 7700 ns, At safepoint: 51396871 ns, Total: 51408471 ns
[61.073s][info ][safepoint      ] Safepoint "Cleanup", Time since last: 1269385422 ns, Reaching safepoint: 4400 ns, Cleanup: 43400 ns, At safepoint: 2000 ns, Total: 49800 ns
[62.074s][info ][safepoint      ] Safepoint "Cleanup", Time since last: 1000108565 ns, Reaching safepoint: 5400 ns, Cleanup: 111099 ns, At safepoint: 5900 ns, Total: 122399 ns
[63.074s][info ][safepoint      ] Safepoint "Cleanup", Time since last: 1000106366 ns, Reaching safepoint: 4700 ns, Cleanup: 20900 ns, At safepoint: 2099 ns, Total: 27699 ns
[64.074s][info ][safepoint      ] Safepoint "Cleanup", Time since last: 1000103966 ns, Reaching safepoint: 4300 ns, Cleanup: 15700 ns, At safepoint: 1800 ns, Total: 21800 ns
[66.074s][info ][safepoint      ] Safepoint "Cleanup", Time since last: 2000201631 ns, Reaching safepoint: 4500 ns, Cleanup: 9000 ns, At safepoint: 1600 ns, Total: 15100 ns
[67.074s][info ][safepoint      ] Safepoint "Cleanup", Time since last: 1000099561 ns, Reaching safepoint: 4400 ns, Cleanup: 8200 ns, At safepoint: 1800 ns, Total: 14400 ns
[68.074s][info ][safepoint      ] Safepoint "Cleanup", Time since last: 1000067530 ns, Reaching safepoint: 4300 ns, Cleanup: 8300 ns, At safepoint: 1800 ns, Total: 14400 ns
[69.074s][info ][safepoint      ] Safepoint "Cleanup", Time since last: 1000107330 ns, Reaching safepoint: 4900 ns, Cleanup: 11299 ns, At safepoint: 1900 ns, Total: 18099 ns
[71.075s][info ][safepoint      ] Safepoint "Cleanup", Time since last: 2000163860 ns, Reaching safepoint: 4500 ns, Cleanup: 9600 ns, At safepoint: 1600 ns, Total: 15700 ns
[77.075s][info ][safepoint      ] Safepoint "Cleanup", Time since last: 6000407179 ns, Reaching safepoint: 4100 ns, Cleanup: 12700 ns, At safepoint: 1800 ns, Total: 18600 ns
[79.075s][info ][safepoint      ] Safepoint "Cleanup", Time since last: 2000173953 ns, Reaching safepoint: 4100 ns, Cleanup: 7200 ns, At safepoint: 1800 ns, Total: 13100 ns
[81.075s][info ][safepoint      ] Safepoint "Cleanup", Time since last: 2000167852 ns, Reaching safepoint: 4400 ns, Cleanup: 7100 ns, At safepoint: 2700 ns, Total: 14200 ns
[84.076s][info ][safepoint      ] Safepoint "Cleanup", Time since last: 3000187507 ns, Reaching safepoint: 4800 ns, Cleanup: 14299 ns, At safepoint: 1900 ns, Total: 20999 ns
[85.076s][info ][safepoint      ] Safepoint "Cleanup", Time since last: 1000093914 ns, Reaching safepoint: 4000 ns, Cleanup: 8000 ns, At safepoint: 1700 ns, Total: 13700 ns
[86.076s][info ][safepoint      ] Safepoint "Cleanup", Time since last: 1000101813 ns, Reaching safepoint: 3500 ns, Cleanup: 8900 ns, At safepoint: 1900 ns, Total: 14300 ns
[90.076s][info ][safepoint      ] Safepoint "Cleanup", Time since last: 4000270878 ns, Reaching safepoint: 4000 ns, Cleanup: 13300 ns, At safepoint: 1700 ns, Total: 19000 ns
[91.076s][info ][safepoint      ] Safepoint "Cleanup", Time since last: 1000092400 ns, Reaching safepoint: 4100 ns, Cleanup: 10400 ns, At safepoint: 1500 ns, Total: 16000 ns
[94.076s][info ][safepoint      ] Safepoint "Cleanup", Time since last: 3000168554 ns, Reaching safepoint: 4200 ns, Cleanup: 11900 ns, At safepoint: 1900 ns, Total: 18000 ns
[97.077s][info ][safepoint      ] Safepoint "Cleanup", Time since last: 3000212553 ns, Reaching safepoint: 4200 ns, Cleanup: 10500 ns, At safepoint: 1700 ns, Total: 16400 ns
[99.077s][info ][safepoint      ] Safepoint "Cleanup", Time since last: 2000163270 ns, Reaching safepoint: 3900 ns, Cleanup: 7799 ns, At safepoint: 1700 ns, Total: 13399 ns
[104.077s][info ][safepoint      ] Safepoint "Cleanup", Time since last: 5000393940 ns, Reaching safepoint: 4900 ns, Cleanup: 9500 ns, At safepoint: 1800 ns, Total: 16200 ns
[105.077s][info ][safepoint      ] Safepoint "Cleanup", Time since last: 1000115788 ns, Reaching safepoint: 4100 ns, Cleanup: 7500 ns, At safepoint: 1800 ns, Total: 13400 ns
[107.078s][info ][safepoint      ] Safepoint "Cleanup", Time since last: 2000162277 ns, Reaching safepoint: 4600 ns, Cleanup: 9800 ns, At safepoint: 1800 ns, Total: 16200 ns
[114.078s][info ][safepoint      ] Safepoint "Cleanup", Time since last: 7000516514 ns, Reaching safepoint: 5000 ns, Cleanup: 27299 ns, At safepoint: 2400 ns, Total: 34699 ns
[122.089s][info ][safepoint      ] Safepoint "Cleanup", Time since last: 8010608229 ns, Reaching safepoint: 6300 ns, Cleanup: 12000 ns, At safepoint: 2400 ns, Total: 20700 ns
[124.089s][info ][safepoint      ] Safepoint "Cleanup", Time since last: 2000160279 ns, Reaching safepoint: 4300 ns, Cleanup: 11700 ns, At safepoint: 2100 ns, Total: 18100 ns
[125.089s][info ][safepoint      ] Safepoint "Cleanup", Time since last: 1000105103 ns, Reaching safepoint: 4500 ns, Cleanup: 10700 ns, At safepoint: 2000 ns, Total: 17200 ns
[132.090s][info ][safepoint      ] Safepoint "Cleanup", Time since last: 7000516617 ns, Reaching safepoint: 5300 ns, Cleanup: 9600 ns, At safepoint: 2100 ns, Total: 17000 ns
[134.090s][info ][safepoint      ] Safepoint "Cleanup", Time since last: 2000167196 ns, Reaching safepoint: 5600 ns, Cleanup: 10300 ns, At safepoint: 3099 ns, Total: 18999 ns
[135.090s][info ][safepoint      ] Safepoint "Cleanup", Time since last: 1000116598 ns, Reaching safepoint: 6100 ns, Cleanup: 12000 ns, At safepoint: 3200 ns, Total: 21300 ns
[138.090s][info ][safepoint      ] Safepoint "Cleanup", Time since last: 3000273793 ns, Reaching safepoint: 4700 ns, Cleanup: 8800 ns, At safepoint: 2200 ns, Total: 15700 ns
[139.090s][info ][safepoint      ] Safepoint "Cleanup", Time since last: 1000102298 ns, Reaching safepoint: 4700 ns, Cleanup: 8300 ns, At safepoint: 1799 ns, Total: 14799 ns
[144.091s][info ][safepoint      ] Safepoint "Cleanup", Time since last: 5000369903 ns, Reaching safepoint: 4800 ns, Cleanup: 8499 ns, At safepoint: 1900 ns, Total: 15199 ns
[164.092s][info ][safepoint      ] Safepoint "Cleanup", Time since last: 20001347471 ns, Reaching safepoint: 4700 ns, Cleanup: 12100 ns, At safepoint: 2200 ns, Total: 19000 ns
[172.353s][info ][safepoint      ] Safepoint "Cleanup", Time since last: 8261094368 ns, Reaching safepoint: 4700 ns, Cleanup: 82699 ns, At safepoint: 2300 ns, Total: 89699 ns
[174.353s][info ][safepoint      ] Safepoint "Cleanup", Time since last: 2000160105 ns, Reaching safepoint: 3800 ns, Cleanup: 8100 ns, At safepoint: 2100 ns, Total: 14000 ns
[179.952s][info ][gc,start       ] GC(14) Pause Young (Allocation Failure)
[179.982s][debug][gc,phases      ] GC(14) Scavenge 29.902ms
[179.982s][debug][gc,ref         ] GC(14) Skipped phase 1 of Reference Processing: no references
[179.982s][debug][gc,ref         ] GC(14) ReferenceProcessor::execute queues: 1, RefProcThreadModel::Single, marks_oops_alive: false
[179.982s][debug][gc,ref         ] GC(14) ReferenceProcessor::execute queues: 4, RefProcThreadModel::Multi, marks_oops_alive: true
[179.982s][debug][gc,ref         ] GC(14) ReferenceProcessor::execute queues: 1, RefProcThreadModel::Single, marks_oops_alive: false
[179.982s][debug][gc,phases      ] GC(14) Reference Processing 0.224ms
[179.983s][debug][gc,phases      ] GC(14)   VM Weak                        Min:  0.0, Avg:  0.0, Max:  0.0, Diff:  0.0, Sum:  0.0, Workers: 4
[179.983s][debug][gc,phases      ] GC(14)     Dead                           Min: 0, Avg:  0.0, Max: 0, Diff: 0, Sum: 0, Workers: 4
[179.983s][debug][gc,phases      ] GC(14)     Total                          Min: 0, Avg: 179.5, Max: 704, Diff: 704, Sum: 718, Workers: 4
[179.983s][debug][gc,phases      ] GC(14)   ObjectSynchronizer Weak        Min:  0.0, Avg:  0.0, Max:  0.0, Diff:  0.0, Sum:  0.0, Workers: 4
[179.983s][debug][gc,phases      ] GC(14)     Dead                           Min: 0, Avg:  0.0, Max: 0, Diff: 0, Sum: 0, Workers: 4
[179.983s][debug][gc,phases      ] GC(14)     Total                          Min: 0, Avg:  1.0, Max: 4, Diff: 4, Sum: 4, Workers: 4
[179.983s][debug][gc,phases      ] GC(14)   JVMTI Tag Weak OopStorage      Min:  0.0, Avg:  0.0, Max:  0.0, Diff:  0.0, Sum:  0.0, Workers: 4
[179.983s][debug][gc,phases      ] GC(14)     Dead                           Min: 0, Avg:  0.0, Max: 0, Diff: 0, Sum: 0, Workers: 4
[179.983s][debug][gc,phases      ] GC(14)     Total                          Min: 0, Avg:  0.0, Max: 0, Diff: 0, Sum: 0, Workers: 4
[179.983s][debug][gc,phases      ] GC(14)   StringTable Weak               Min:  0.0, Avg:  0.1, Max:  0.2, Diff:  0.2, Sum:  0.4, Workers: 4
[179.983s][debug][gc,phases      ] GC(14)     Dead                           Min: 0, Avg:  0.5, Max: 2, Diff: 2, Sum: 2, Workers: 4
[179.983s][debug][gc,phases      ] GC(14)     Total                          Min: 0, Avg: 10771.5, Max: 26382, Diff: 26382, Sum: 43086, Workers: 4
[179.983s][debug][gc,phases      ] GC(14)   ResolvedMethodTable Weak       Min:  0.0, Avg:  0.0, Max:  0.0, Diff:  0.0, Sum:  0.1, Workers: 4
[179.983s][debug][gc,phases      ] GC(14)     Dead                           Min: 0, Avg:  0.2, Max: 1, Diff: 1, Sum: 1, Workers: 4
[179.983s][debug][gc,phases      ] GC(14)     Total                          Min: 0, Avg: 2492.8, Max: 5822, Diff: 5822, Sum: 9971, Workers: 4
[179.983s][debug][gc,phases      ] GC(14)   JNI Weak                       Min:  0.0, Avg:  0.0, Max:  0.0, Diff:  0.0, Sum:  0.0, Workers: 4
[179.983s][debug][gc,phases      ] GC(14)     Dead                           Min: 0, Avg:  0.0, Max: 0, Diff: 0, Sum: 0, Workers: 4
[179.983s][debug][gc,phases      ] GC(14)     Total                          Min: 0, Avg: 11.2, Max: 45, Diff: 45, Sum: 45, Workers: 4
[179.983s][debug][gc,phases      ] GC(14)   StringDedup Table Weak         Min:  0.0, Avg:  0.0, Max:  0.0, Diff:  0.0, Sum:  0.0, Workers: 4
[179.983s][debug][gc,phases      ] GC(14)     Dead                           Min: 0, Avg:  0.0, Max: 0, Diff: 0, Sum: 0, Workers: 4
[179.983s][debug][gc,phases      ] GC(14)     Total                          Min: 0, Avg:  0.0, Max: 0, Diff: 0, Sum: 0, Workers: 4
[179.983s][debug][gc,phases      ] GC(14)   StringDedup Requests0 Weak     Min:  0.0, Avg:  0.0, Max:  0.0, Diff:  0.0, Sum:  0.0, Workers: 4
[179.983s][debug][gc,phases      ] GC(14)     Dead                           Min: 0, Avg:  0.0, Max: 0, Diff: 0, Sum: 0, Workers: 4
[179.983s][debug][gc,phases      ] GC(14)     Total                          Min: 0, Avg:  0.0, Max: 0, Diff: 0, Sum: 0, Workers: 4
[179.983s][debug][gc,phases      ] GC(14)   StringDedup Requests1 Weak     Min:  0.0, Avg:  0.0, Max:  0.0, Diff:  0.0, Sum:  0.0, Workers: 4
[179.983s][debug][gc,phases      ] GC(14)     Dead                           Min: 0, Avg:  0.0, Max: 0, Diff: 0, Sum: 0, Workers: 4
[179.983s][debug][gc,phases      ] GC(14)     Total                          Min: 0, Avg:  0.0, Max: 0, Diff: 0, Sum: 0, Workers: 4
[179.983s][debug][gc,phases      ] GC(14)   Weak JFR Old Object Samples    Min:  0.0, Avg:  0.0, Max:  0.0, Diff:  0.0, Sum:  0.0, Workers: 4
[179.983s][debug][gc,phases      ] GC(14)     Dead                           Min: 0, Avg:  0.0, Max: 0, Diff: 0, Sum: 0, Workers: 4
[179.983s][debug][gc,phases      ] GC(14)     Total                          Min: 0, Avg:  0.0, Max: 0, Diff: 0, Sum: 0, Workers: 4
[179.983s][debug][gc,phases      ] GC(14) Weak Processing 0.440ms
[179.983s][debug][gc,age         ] GC(14) Desired survivor size 350224384 bytes, new threshold 7 (max threshold 15)
[179.983s][info ][gc,heap        ] GC(14) PSYoungGen: 1467521K(1737728K)->84501K(1755136K) Eden: 1382400K(1382400K)->0K(1405952K) From: 85121K(355328K)->84501K(349184K)
[179.983s][info ][gc,heap        ] GC(14) ParOldGen: 164075K(245760K)->164083K(245760K)
[179.983s][info ][gc,metaspace   ] GC(14) Metaspace: 82366K(83264K)->82366K(83264K) NonClass: 70168K(70656K)->70168K(70656K) Class: 12198K(12608K)->12198K(12608K)
[179.983s][info ][gc             ] GC(14) Pause Young (Allocation Failure) 1593M->242M(1954M) 30.680ms
[179.983s][info ][gc,cpu         ] GC(14) User=0.11s Sys=0.00s Real=0.03s
[179.983s][info ][safepoint      ] Safepoint "ParallelGCFailedAllocation", Time since last: 5598690689 ns, Reaching safepoint: 4299 ns, Cleanup: 3600 ns, At safepoint: 30743542 ns, Total: 30751441 ns
[182.703s][info ][safepoint      ] Safepoint "Cleanup", Time since last: 2719933662 ns, Reaching safepoint: 2800 ns, Cleanup: 6099 ns, At safepoint: 10300 ns, Total: 19199 ns
[182.909s][info ][gc,heap,exit   ] Heap
[182.909s][info ][gc,heap,exit   ]  PSYoungGen      total 1755136K, used 187894K [0x0000000780000000, 0x0000000800000000, 0x0000000800000000)
[182.909s][info ][gc,heap,exit   ]   eden space 1405952K, 7% used [0x0000000780000000,0x00000007864f83a0,0x00000007d5d00000)
[182.909s][info ][gc,heap,exit   ]   from space 349184K, 24% used [0x00000007eab00000,0x00000007efd85548,0x0000000800000000)
[182.909s][info ][gc,heap,exit   ]   to   space 342016K, 0% used [0x00000007d5d00000,0x00000007d5d00000,0x00000007eab00000)
[182.909s][info ][gc,heap,exit   ]  ParOldGen       total 245760K, used 164083K [0x00000006c0000000, 0x00000006cf000000, 0x0000000780000000)
[182.909s][info ][gc,heap,exit   ]   object space 245760K, 66% used [0x00000006c0000000,0x00000006ca03cca8,0x00000006cf000000)
[182.909s][info ][gc,heap,exit   ]  Metaspace       used 82558K, committed 83456K, reserved 1179648K
[182.909s][info ][gc,heap,exit   ]   class space    used 12240K, committed 12672K, reserved 1048576K
