[0.004s][info][gc] Using Parallel
[0.005s][info][gc,init] Version: 17.0.7+7-LTS (release)
[0.005s][info][gc,init] CPUs: 4 total, 4 available
[0.005s][info][gc,init] Memory: 16003M
[0.005s][info][gc,init] Large Page Support: Disabled
[0.005s][info][gc,init] NUMA Support: Disabled
[0.005s][info][gc,init] Compressed Oops: Enabled (Zero based)
[0.005s][info][gc,init] Alignments: Space 512K, Generation 512K, Heap 2M
[0.005s][info][gc,init] Heap Min Capacity: 2054M
[0.005s][info][gc,init] Heap Initial Capacity: 2054M
[0.005s][info][gc,init] Heap Max Capacity: 3G
[0.005s][info][gc,init] Pre-touch: Disabled
[0.005s][info][gc,init] Parallel Workers: 4
[0.005s][info][gc,metaspace] CDS archive(s) mapped at: [0x0000000800000000-0x0000000800be1000-0x0000000800be1000), size 12455936, SharedBaseAddress: 0x0000000800000000, ArchiveRelocationMode: 0.
[0.005s][info][gc,metaspace] Compressed class space mapped at: 0x0000000801000000-0x0000000841000000, reserved size: 1073741824
[0.005s][info][gc,metaspace] Narrow klass base: 0x0000000800000000, Narrow klass shift: 0, Narrow klass range: 0x100000000
[0.880s][info][safepoint   ] Safepoint "ICBufferFull", Time since last: 867332323 ns, Reaching safepoint: 142406 ns, At safepoint: 1600 ns, Total: 144006 ns
[1.409s][info][safepoint   ] Safepoint "ICBufferFull", Time since last: 529350295 ns, Reaching safepoint: 362916 ns, At safepoint: 2400 ns, Total: 365316 ns
[1.839s][info][gc,start    ] GC(0) Pause Young (Metadata GC Threshold)
[1.855s][debug][gc,phases   ] GC(0) Scavenge 16.105ms
[1.856s][debug][gc,ref      ] GC(0) Skipped phase 1 of Reference Processing: no references
[1.856s][debug][gc,ref      ] GC(0) ReferenceProcessor::execute queues: 4, RefProcThreadModel::Multi, marks_oops_alive: false
[1.856s][debug][gc,ref      ] GC(0) Skipped phase 3 of Reference Processing: no references
[1.856s][debug][gc,ref      ] GC(0) ReferenceProcessor::execute queues: 1, RefProcThreadModel::Single, marks_oops_alive: false
[1.856s][debug][gc,phases   ] GC(0) Reference Processing 0.360ms
[1.856s][debug][gc,phases   ] GC(0)   VM Weak                        Min:  0.0, Avg:  0.0, Max:  0.0, Diff:  0.0, Sum:  0.0, Workers: 4
[1.856s][debug][gc,phases   ] GC(0)     Dead                           Min: 0, Avg:  0.0, Max: 0, Diff: 0, Sum: 0, Workers: 4
[1.856s][debug][gc,phases   ] GC(0)     Total                          Min: 0, Avg: 58.0, Max: 128, Diff: 128, Sum: 232, Workers: 4
[1.856s][debug][gc,phases   ] GC(0)   ObjectSynchronizer Weak        Min:  0.0, Avg:  0.0, Max:  0.0, Diff:  0.0, Sum:  0.0, Workers: 4
[1.856s][debug][gc,phases   ] GC(0)     Dead                           Min: 0, Avg:  1.2, Max: 5, Diff: 5, Sum: 5, Workers: 4
[1.856s][debug][gc,phases   ] GC(0)     Total                          Min: 0, Avg:  2.5, Max: 10, Diff: 10, Sum: 10, Workers: 4
[1.856s][debug][gc,phases   ] GC(0)   JVMTI Tag Weak OopStorage      Min:  0.0, Avg:  0.0, Max:  0.0, Diff:  0.0, Sum:  0.0, Workers: 4
[1.856s][debug][gc,phases   ] GC(0)     Dead                           Min: 0, Avg:  0.0, Max: 0, Diff: 0, Sum: 0, Workers: 4
[1.856s][debug][gc,phases   ] GC(0)     Total                          Min: 0, Avg:  0.0, Max: 0, Diff: 0, Sum: 0, Workers: 4
[1.856s][debug][gc,phases   ] GC(0)   StringTable Weak               Min:  0.0, Avg:  0.1, Max:  0.1, Diff:  0.1, Sum:  0.4, Workers: 4
[1.856s][debug][gc,phases   ] GC(0)     Dead                           Min: 0, Avg:  6.5, Max: 14, Diff: 14, Sum: 26, Workers: 4
[1.856s][debug][gc,phases   ] GC(0)     Total                          Min: 0, Avg: 3274.2, Max: 5632, Diff: 5632, Sum: 13097, Workers: 4
[1.856s][debug][gc,phases   ] GC(0)   ResolvedMethodTable Weak       Min:  0.0, Avg:  0.0, Max:  0.0, Diff:  0.0, Sum:  0.0, Workers: 4
[1.856s][debug][gc,phases   ] GC(0)     Dead                           Min: 0, Avg: 20.5, Max: 50, Diff: 50, Sum: 82, Workers: 4
[1.856s][debug][gc,phases   ] GC(0)     Total                          Min: 0, Avg: 320.8, Max: 579, Diff: 579, Sum: 1283, Workers: 4
[1.856s][debug][gc,phases   ] GC(0)   JNI Weak                       Min:  0.0, Avg:  0.0, Max:  0.0, Diff:  0.0, Sum:  0.0, Workers: 4
[1.856s][debug][gc,phases   ] GC(0)     Dead                           Min: 0, Avg:  0.0, Max: 0, Diff: 0, Sum: 0, Workers: 4
[1.856s][debug][gc,phases   ] GC(0)     Total                          Min: 0, Avg: 11.2, Max: 45, Diff: 45, Sum: 45, Workers: 4
[1.856s][debug][gc,phases   ] GC(0)   StringDedup Table Weak         Min:  0.0, Avg:  0.0, Max:  0.0, Diff:  0.0, Sum:  0.0, Workers: 4
[1.856s][debug][gc,phases   ] GC(0)     Dead                           Min: 0, Avg:  0.0, Max: 0, Diff: 0, Sum: 0, Workers: 4
[1.856s][debug][gc,phases   ] GC(0)     Total                          Min: 0, Avg:  0.0, Max: 0, Diff: 0, Sum: 0, Workers: 4
[1.856s][debug][gc,phases   ] GC(0)   StringDedup Requests0 Weak     Min:  0.0, Avg:  0.0, Max:  0.0, Diff:  0.0, Sum:  0.0, Workers: 4
[1.856s][debug][gc,phases   ] GC(0)     Dead                           Min: 0, Avg:  0.0, Max: 0, Diff: 0, Sum: 0, Workers: 4
[1.856s][debug][gc,phases   ] GC(0)     Total                          Min: 0, Avg:  0.0, Max: 0, Diff: 0, Sum: 0, Workers: 4
[1.856s][debug][gc,phases   ] GC(0)   StringDedup Requests1 Weak     Min:  0.0, Avg:  0.0, Max:  0.0, Diff:  0.0, Sum:  0.0, Workers: 4
[1.856s][debug][gc,phases   ] GC(0)     Dead                           Min: 0, Avg:  0.0, Max: 0, Diff: 0, Sum: 0, Workers: 4
[1.856s][debug][gc,phases   ] GC(0)     Total                          Min: 0, Avg:  0.0, Max: 0, Diff: 0, Sum: 0, Workers: 4
[1.856s][debug][gc,phases   ] GC(0)   Weak JFR Old Object Samples    Min:  0.0, Avg:  0.0, Max:  0.0, Diff:  0.0, Sum:  0.0, Workers: 4
[1.856s][debug][gc,phases   ] GC(0)     Dead                           Min: 0, Avg:  0.0, Max: 0, Diff: 0, Sum: 0, Workers: 4
[1.856s][debug][gc,phases   ] GC(0)     Total                          Min: 0, Avg:  0.0, Max: 0, Diff: 0, Sum: 0, Workers: 4
[1.856s][debug][gc,phases   ] GC(0) Weak Processing 0.414ms
[1.856s][debug][gc,age      ] GC(0) Desired survivor size 536870912 bytes, new threshold 7 (max threshold 15)
[1.856s][info ][gc,heap     ] GC(0) PSYoungGen: 251670K(1572864K)->31503K(1572864K) Eden: 251670K(1048576K)->0K(1048576K) From: 0K(524288K)->31503K(524288K)
[1.856s][info ][gc,heap     ] GC(0) ParOldGen: 0K(6144K)->96K(6144K)
[1.856s][info ][gc,metaspace] GC(0) Metaspace: 21202K(21504K)->21202K(21504K) NonClass: 18706K(18880K)->18706K(18880K) Class: 2495K(2624K)->2495K(2624K)
[1.856s][info ][gc          ] GC(0) Pause Young (Metadata GC Threshold) 245M->30M(1542M) 17.254ms
[1.856s][info ][gc,cpu      ] GC(0) User=0.04s Sys=0.01s Real=0.02s
[1.856s][debug][gc,phases   ] GC(1) Pre Compact 0.013ms
[1.856s][info ][gc,start    ] GC(1) Pause Full (Metadata GC Threshold)
[1.856s][info ][gc,phases,start] GC(1) Marking Phase
[1.863s][debug][gc,phases      ] GC(1) Par Mark 6.825ms
[1.863s][debug][gc,ref         ] GC(1) Skipped phase 1 of Reference Processing: no references
[1.863s][debug][gc,ref         ] GC(1) ReferenceProcessor::execute queues: 3, RefProcThreadModel::Multi, marks_oops_alive: false
[1.863s][debug][gc,ref         ] GC(1) Skipped phase 3 of Reference Processing: no references
[1.863s][debug][gc,ref         ] GC(1) ReferenceProcessor::execute queues: 1, RefProcThreadModel::Single, marks_oops_alive: false
[1.863s][debug][gc,phases      ] GC(1) Reference Processing 0.114ms
[1.864s][debug][gc,phases      ] GC(1)   VM Weak                        Min:  0.0, Avg:  0.0, Max:  0.0, Diff:  0.0, Sum:  0.0, Workers: 4
[1.864s][debug][gc,phases      ] GC(1)     Dead                           Min: 0, Avg:  0.0, Max: 0, Diff: 0, Sum: 0, Workers: 4
[1.864s][debug][gc,phases      ] GC(1)     Total                          Min: 0, Avg: 58.0, Max: 192, Diff: 192, Sum: 232, Workers: 4
[1.864s][debug][gc,phases      ] GC(1)   ObjectSynchronizer Weak        Min:  0.0, Avg:  0.0, Max:  0.0, Diff:  0.0, Sum:  0.0, Workers: 4
[1.864s][debug][gc,phases      ] GC(1)     Dead                           Min: 0, Avg:  0.0, Max: 0, Diff: 0, Sum: 0, Workers: 4
[1.864s][debug][gc,phases      ] GC(1)     Total                          Min: 0, Avg:  2.5, Max: 10, Diff: 10, Sum: 10, Workers: 4
[1.864s][debug][gc,phases      ] GC(1)   JVMTI Tag Weak OopStorage      Min:  0.0, Avg:  0.0, Max:  0.0, Diff:  0.0, Sum:  0.0, Workers: 4
[1.864s][debug][gc,phases      ] GC(1)     Dead                           Min: 0, Avg:  0.0, Max: 0, Diff: 0, Sum: 0, Workers: 4
[1.864s][debug][gc,phases      ] GC(1)     Total                          Min: 0, Avg:  0.0, Max: 0, Diff: 0, Sum: 0, Workers: 4
[1.864s][debug][gc,phases      ] GC(1)   StringTable Weak               Min:  0.0, Avg:  0.0, Max:  0.1, Diff:  0.1, Sum:  0.1, Workers: 4
[1.864s][debug][gc,phases      ] GC(1)     Dead                           Min: 0, Avg:  0.0, Max: 0, Diff: 0, Sum: 0, Workers: 4
[1.864s][debug][gc,phases      ] GC(1)     Total                          Min: 0, Avg: 3274.2, Max: 5376, Diff: 5376, Sum: 13097, Workers: 4
[1.864s][debug][gc,phases      ] GC(1)   ResolvedMethodTable Weak       Min:  0.0, Avg:  0.0, Max:  0.0, Diff:  0.0, Sum:  0.0, Workers: 4
[1.864s][debug][gc,phases      ] GC(1)     Dead                           Min: 0, Avg:  0.0, Max: 0, Diff: 0, Sum: 0, Workers: 4
[1.864s][debug][gc,phases      ] GC(1)     Total                          Min: 0, Avg: 320.8, Max: 515, Diff: 515, Sum: 1283, Workers: 4
[1.864s][debug][gc,phases      ] GC(1)   JNI Weak                       Min:  0.0, Avg:  0.0, Max:  0.0, Diff:  0.0, Sum:  0.0, Workers: 4
[1.864s][debug][gc,phases      ] GC(1)     Dead                           Min: 0, Avg:  0.0, Max: 0, Diff: 0, Sum: 0, Workers: 4
[1.864s][debug][gc,phases      ] GC(1)     Total                          Min: 0, Avg: 11.2, Max: 45, Diff: 45, Sum: 45, Workers: 4
[1.864s][debug][gc,phases      ] GC(1)   StringDedup Table Weak         Min:  0.0, Avg:  0.0, Max:  0.0, Diff:  0.0, Sum:  0.0, Workers: 4
[1.864s][debug][gc,phases      ] GC(1)     Dead                           Min: 0, Avg:  0.0, Max: 0, Diff: 0, Sum: 0, Workers: 4
[1.864s][debug][gc,phases      ] GC(1)     Total                          Min: 0, Avg:  0.0, Max: 0, Diff: 0, Sum: 0, Workers: 4
[1.864s][debug][gc,phases      ] GC(1)   StringDedup Requests0 Weak     Min:  0.0, Avg:  0.0, Max:  0.0, Diff:  0.0, Sum:  0.0, Workers: 4
[1.864s][debug][gc,phases      ] GC(1)     Dead                           Min: 0, Avg:  0.0, Max: 0, Diff: 0, Sum: 0, Workers: 4
[1.864s][debug][gc,phases      ] GC(1)     Total                          Min: 0, Avg:  0.0, Max: 0, Diff: 0, Sum: 0, Workers: 4
[1.864s][debug][gc,phases      ] GC(1)   StringDedup Requests1 Weak     Min:  0.0, Avg:  0.0, Max:  0.0, Diff:  0.0, Sum:  0.0, Workers: 4
[1.864s][debug][gc,phases      ] GC(1)     Dead                           Min: 0, Avg:  0.0, Max: 0, Diff: 0, Sum: 0, Workers: 4
[1.864s][debug][gc,phases      ] GC(1)     Total                          Min: 0, Avg:  0.0, Max: 0, Diff: 0, Sum: 0, Workers: 4
[1.864s][debug][gc,phases      ] GC(1)   Weak JFR Old Object Samples    Min:  0.0, Avg:  0.0, Max:  0.0, Diff:  0.0, Sum:  0.0, Workers: 4
[1.864s][debug][gc,phases      ] GC(1)     Dead                           Min: 0, Avg:  0.0, Max: 0, Diff: 0, Sum: 0, Workers: 4
[1.864s][debug][gc,phases      ] GC(1)     Total                          Min: 0, Avg:  0.0, Max: 0, Diff: 0, Sum: 0, Workers: 4
[1.864s][debug][gc,phases      ] GC(1) Weak Processing 0.232ms
[1.864s][debug][gc,phases      ] GC(1) ClassLoaderData 0.025ms
[1.864s][debug][gc,phases      ] GC(1) Trigger cleanups 0.000ms
[1.867s][debug][gc,phases      ] GC(1) Class Unloading 2.996ms
[1.867s][info ][gc,phases      ] GC(1) Marking Phase 10.259ms
[1.867s][info ][gc,phases,start] GC(1) Summary Phase
[1.867s][info ][gc,phases      ] GC(1) Summary Phase 0.008ms
[1.867s][info ][gc,phases,start] GC(1) Adjust Roots
[1.870s][info ][gc,phases      ] GC(1) Adjust Roots 3.798ms
[1.871s][info ][gc,phases,start] GC(1) Compaction Phase
[1.892s][info ][gc,phases      ] GC(1) Compaction Phase 21.101ms
[1.892s][info ][gc,phases,start] GC(1) Post Compact
[1.893s][info ][gc,phases      ] GC(1) Post Compact 1.063ms
[1.893s][info ][gc,heap        ] GC(1) PSYoungGen: 31503K(1572864K)->25764K(1572864K) Eden: 0K(1048576K)->0K(1048576K) From: 31503K(524288K)->25764K(524288K)
[1.893s][info ][gc,heap        ] GC(1) ParOldGen: 96K(6144K)->5675K(6144K)
[1.893s][info ][gc,metaspace   ] GC(1) Metaspace: 21202K(21504K)->21202K(21504K) NonClass: 18706K(18880K)->18706K(18880K) Class: 2495K(2624K)->2495K(2624K)
[1.893s][info ][gc             ] GC(1) Pause Full (Metadata GC Threshold) 30M->30M(1542M) 36.365ms
[1.893s][info ][gc,cpu         ] GC(1) User=0.11s Sys=0.00s Real=0.03s
[1.893s][info ][safepoint      ] Safepoint "CollectForMetadataAllocation", Time since last: 429456431 ns, Reaching safepoint: 142607 ns, At safepoint: 53734593 ns, Total: 53877200 ns
[2.050s][info ][safepoint      ] Safepoint "ICBufferFull", Time since last: 156676788 ns, Reaching safepoint: 139106 ns, At safepoint: 6500 ns, Total: 145606 ns
[2.156s][info ][safepoint      ] Safepoint "ICBufferFull", Time since last: 106014726 ns, Reaching safepoint: 134705 ns, At safepoint: 2000 ns, Total: 136705 ns
[2.313s][info ][safepoint      ] Safepoint "ICBufferFull", Time since last: 157108907 ns, Reaching safepoint: 158406 ns, At safepoint: 9201 ns, Total: 167607 ns
[2.498s][info ][safepoint      ] Safepoint "ICBufferFull", Time since last: 184713484 ns, Reaching safepoint: 201409 ns, At safepoint: 2600 ns, Total: 204009 ns
[2.878s][info ][safepoint      ] Safepoint "ICBufferFull", Time since last: 379676807 ns, Reaching safepoint: 184908 ns, At safepoint: 8300 ns, Total: 193208 ns
[3.011s][info ][safepoint      ] Safepoint "ICBufferFull", Time since last: 133124282 ns, Reaching safepoint: 156007 ns, At safepoint: 8200 ns, Total: 164207 ns
[3.205s][info ][safepoint      ] Safepoint "ICBufferFull", Time since last: 194037983 ns, Reaching safepoint: 164407 ns, At safepoint: 2700 ns, Total: 167107 ns
[3.259s][info ][safepoint      ] Safepoint "ICBufferFull", Time since last: 53560686 ns, Reaching safepoint: 169008 ns, At safepoint: 5300 ns, Total: 174308 ns
[3.455s][info ][safepoint      ] Safepoint "ICBufferFull", Time since last: 196199875 ns, Reaching safepoint: 152306 ns, At safepoint: 10001 ns, Total: 162307 ns
[3.623s][info ][safepoint      ] Safepoint "ICBufferFull", Time since last: 167529651 ns, Reaching safepoint: 169907 ns, At safepoint: 4500 ns, Total: 174407 ns
[3.912s][info ][safepoint      ] Safepoint "ICBufferFull", Time since last: 289135042 ns, Reaching safepoint: 150506 ns, At safepoint: 2900 ns, Total: 153406 ns
[4.059s][info ][gc,start       ] GC(2) Pause Young (Metadata GC Threshold)
[4.112s][debug][gc,phases      ] GC(2) Scavenge 53.368ms
[4.112s][debug][gc,ref         ] GC(2) Skipped phase 1 of Reference Processing: no references
[4.113s][debug][gc,ref         ] GC(2) ReferenceProcessor::execute queues: 4, RefProcThreadModel::Multi, marks_oops_alive: false
[4.113s][debug][gc,ref         ] GC(2) Skipped phase 3 of Reference Processing: no references
[4.113s][debug][gc,ref         ] GC(2) ReferenceProcessor::execute queues: 1, RefProcThreadModel::Single, marks_oops_alive: false
[4.113s][debug][gc,phases      ] GC(2) Reference Processing 0.507ms
[4.113s][debug][gc,phases      ] GC(2)   VM Weak                        Min:  0.0, Avg:  0.0, Max:  0.0, Diff:  0.0, Sum:  0.0, Workers: 4
[4.113s][debug][gc,phases      ] GC(2)     Dead                           Min: 0, Avg:  0.0, Max: 0, Diff: 0, Sum: 0, Workers: 4
[4.113s][debug][gc,phases      ] GC(2)     Total                          Min: 0, Avg: 88.5, Max: 162, Diff: 162, Sum: 354, Workers: 4
[4.113s][debug][gc,phases      ] GC(2)   ObjectSynchronizer Weak        Min:  0.0, Avg:  0.0, Max:  0.0, Diff:  0.0, Sum:  0.0, Workers: 4
[4.113s][debug][gc,phases      ] GC(2)     Dead                           Min: 0, Avg:  0.0, Max: 0, Diff: 0, Sum: 0, Workers: 4
[4.113s][debug][gc,phases      ] GC(2)     Total                          Min: 0, Avg:  2.5, Max: 10, Diff: 10, Sum: 10, Workers: 4
[4.113s][debug][gc,phases      ] GC(2)   JVMTI Tag Weak OopStorage      Min:  0.0, Avg:  0.0, Max:  0.0, Diff:  0.0, Sum:  0.0, Workers: 4
[4.113s][debug][gc,phases      ] GC(2)     Dead                           Min: 0, Avg:  0.0, Max: 0, Diff: 0, Sum: 0, Workers: 4
[4.113s][debug][gc,phases      ] GC(2)     Total                          Min: 0, Avg:  0.0, Max: 0, Diff: 0, Sum: 0, Workers: 4
[4.113s][debug][gc,phases      ] GC(2)   StringTable Weak               Min:  0.0, Avg:  0.2, Max:  0.3, Diff:  0.3, Sum:  1.0, Workers: 4
[4.113s][debug][gc,phases      ] GC(2)     Dead                           Min: 0, Avg:  2.2, Max: 5, Diff: 5, Sum: 9, Workers: 4
[4.113s][debug][gc,phases      ] GC(2)     Total                          Min: 0, Avg: 6541.0, Max: 12020, Diff: 12020, Sum: 26164, Workers: 4
[4.113s][debug][gc,phases      ] GC(2)   ResolvedMethodTable Weak       Min:  0.0, Avg:  0.0, Max:  0.0, Diff:  0.0, Sum:  0.1, Workers: 4
[4.113s][debug][gc,phases      ] GC(2)     Dead                           Min: 0, Avg: 14.2, Max: 28, Diff: 28, Sum: 57, Workers: 4
[4.113s][debug][gc,phases      ] GC(2)     Total                          Min: 0, Avg: 611.8, Max: 1024, Diff: 1024, Sum: 2447, Workers: 4
[4.113s][debug][gc,phases      ] GC(2)   JNI Weak                       Min:  0.0, Avg:  0.0, Max:  0.0, Diff:  0.0, Sum:  0.0, Workers: 4
[4.113s][debug][gc,phases      ] GC(2)     Dead                           Min: 0, Avg:  0.0, Max: 0, Diff: 0, Sum: 0, Workers: 4
[4.113s][debug][gc,phases      ] GC(2)     Total                          Min: 0, Avg: 11.2, Max: 45, Diff: 45, Sum: 45, Workers: 4
[4.113s][debug][gc,phases      ] GC(2)   StringDedup Table Weak         Min:  0.0, Avg:  0.0, Max:  0.0, Diff:  0.0, Sum:  0.0, Workers: 4
[4.113s][debug][gc,phases      ] GC(2)     Dead                           Min: 0, Avg:  0.0, Max: 0, Diff: 0, Sum: 0, Workers: 4
[4.113s][debug][gc,phases      ] GC(2)     Total                          Min: 0, Avg:  0.0, Max: 0, Diff: 0, Sum: 0, Workers: 4
[4.113s][debug][gc,phases      ] GC(2)   StringDedup Requests0 Weak     Min:  0.0, Avg:  0.0, Max:  0.0, Diff:  0.0, Sum:  0.0, Workers: 4
[4.113s][debug][gc,phases      ] GC(2)     Dead                           Min: 0, Avg:  0.0, Max: 0, Diff: 0, Sum: 0, Workers: 4
[4.113s][debug][gc,phases      ] GC(2)     Total                          Min: 0, Avg:  0.0, Max: 0, Diff: 0, Sum: 0, Workers: 4
[4.114s][debug][gc,phases      ] GC(2)   StringDedup Requests1 Weak     Min:  0.0, Avg:  0.0, Max:  0.0, Diff:  0.0, Sum:  0.0, Workers: 4
[4.114s][debug][gc,phases      ] GC(2)     Dead                           Min: 0, Avg:  0.0, Max: 0, Diff: 0, Sum: 0, Workers: 4
[4.114s][debug][gc,phases      ] GC(2)     Total                          Min: 0, Avg:  0.0, Max: 0, Diff: 0, Sum: 0, Workers: 4
[4.114s][debug][gc,phases      ] GC(2)   Weak JFR Old Object Samples    Min:  0.0, Avg:  0.0, Max:  0.0, Diff:  0.0, Sum:  0.0, Workers: 4
[4.114s][debug][gc,phases      ] GC(2)     Dead                           Min: 0, Avg:  0.0, Max: 0, Diff: 0, Sum: 0, Workers: 4
[4.114s][debug][gc,phases      ] GC(2)     Total                          Min: 0, Avg:  0.0, Max: 0, Diff: 0, Sum: 0, Workers: 4
[4.114s][debug][gc,phases      ] GC(2) Weak Processing 0.572ms
[4.114s][debug][gc,age         ] GC(2) Desired survivor size 536870912 bytes, new threshold 7 (max threshold 15)
[4.114s][info ][gc,heap        ] GC(2) PSYoungGen: 550053K(1572864K)->82578K(1572864K) Eden: 524288K(1048576K)->0K(1048576K) From: 25764K(524288K)->82578K(524288K)
[4.114s][info ][gc,heap        ] GC(2) ParOldGen: 5675K(6144K)->5683K(6144K)
[4.114s][info ][gc,metaspace   ] GC(2) Metaspace: 35359K(35840K)->35359K(35840K) NonClass: 30721K(30976K)->30721K(30976K) Class: 4637K(4864K)->4637K(4864K)
[4.114s][info ][gc             ] GC(2) Pause Young (Metadata GC Threshold) 542M->86M(1542M) 54.583ms
[4.114s][info ][gc,cpu         ] GC(2) User=0.17s Sys=0.02s Real=0.05s
[4.114s][debug][gc,phases      ] GC(3) Pre Compact 0.009ms
[4.114s][info ][gc,start       ] GC(3) Pause Full (Metadata GC Threshold)
[4.114s][info ][gc,phases,start] GC(3) Marking Phase
[4.153s][debug][gc,phases      ] GC(3) Par Mark 39.445ms
[4.153s][debug][gc,ref         ] GC(3) Skipped phase 1 of Reference Processing: no references
[4.153s][debug][gc,ref         ] GC(3) ReferenceProcessor::execute queues: 4, RefProcThreadModel::Multi, marks_oops_alive: false
[4.153s][debug][gc,ref         ] GC(3) Skipped phase 3 of Reference Processing: no references
[4.153s][debug][gc,ref         ] GC(3) ReferenceProcessor::execute queues: 1, RefProcThreadModel::Single, marks_oops_alive: false
[4.154s][debug][gc,phases      ] GC(3) Reference Processing 0.317ms
[4.154s][debug][gc,phases      ] GC(3)   VM Weak                        Min:  0.0, Avg:  0.0, Max:  0.0, Diff:  0.0, Sum:  0.0, Workers: 4
[4.154s][debug][gc,phases      ] GC(3)     Dead                           Min: 0, Avg:  0.0, Max: 0, Diff: 0, Sum: 0, Workers: 4
[4.154s][debug][gc,phases      ] GC(3)     Total                          Min: 0, Avg: 88.5, Max: 162, Diff: 162, Sum: 354, Workers: 4
[4.154s][debug][gc,phases      ] GC(3)   ObjectSynchronizer Weak        Min:  0.0, Avg:  0.0, Max:  0.0, Diff:  0.0, Sum:  0.0, Workers: 4
[4.154s][debug][gc,phases      ] GC(3)     Dead                           Min: 0, Avg:  0.0, Max: 0, Diff: 0, Sum: 0, Workers: 4
[4.154s][debug][gc,phases      ] GC(3)     Total                          Min: 0, Avg:  2.5, Max: 10, Diff: 10, Sum: 10, Workers: 4
[4.154s][debug][gc,phases      ] GC(3)   JVMTI Tag Weak OopStorage      Min:  0.0, Avg:  0.0, Max:  0.0, Diff:  0.0, Sum:  0.0, Workers: 4
[4.154s][debug][gc,phases      ] GC(3)     Dead                           Min: 0, Avg:  0.0, Max: 0, Diff: 0, Sum: 0, Workers: 4
[4.154s][debug][gc,phases      ] GC(3)     Total                          Min: 0, Avg:  0.0, Max: 0, Diff: 0, Sum: 0, Workers: 4
[4.154s][debug][gc,phases      ] GC(3)   StringTable Weak               Min:  0.1, Avg:  0.1, Max:  0.1, Diff:  0.0, Sum:  0.4, Workers: 4
[4.154s][debug][gc,phases      ] GC(3)     Dead                           Min: 0, Avg:  0.0, Max: 0, Diff: 0, Sum: 0, Workers: 4
[4.154s][debug][gc,phases      ] GC(3)     Total                          Min: 4928, Avg: 6541.0, Max: 7296, Diff: 2368, Sum: 26164, Workers: 4
[4.154s][debug][gc,phases      ] GC(3)   ResolvedMethodTable Weak       Min:  0.0, Avg:  0.0, Max:  0.0, Diff:  0.0, Sum:  0.0, Workers: 4
[4.154s][debug][gc,phases      ] GC(3)     Dead                           Min: 0, Avg:  0.0, Max: 0, Diff: 0, Sum: 0, Workers: 4
[4.154s][debug][gc,phases      ] GC(3)     Total                          Min: 527, Avg: 611.8, Max: 640, Diff: 113, Sum: 2447, Workers: 4
[4.154s][debug][gc,phases      ] GC(3)   JNI Weak                       Min:  0.0, Avg:  0.0, Max:  0.0, Diff:  0.0, Sum:  0.0, Workers: 4
[4.154s][debug][gc,phases      ] GC(3)     Dead                           Min: 0, Avg:  0.0, Max: 0, Diff: 0, Sum: 0, Workers: 4
[4.154s][debug][gc,phases      ] GC(3)     Total                          Min: 0, Avg: 11.2, Max: 45, Diff: 45, Sum: 45, Workers: 4
[4.154s][debug][gc,phases      ] GC(3)   StringDedup Table Weak         Min:  0.0, Avg:  0.0, Max:  0.0, Diff:  0.0, Sum:  0.0, Workers: 4
[4.154s][debug][gc,phases      ] GC(3)     Dead                           Min: 0, Avg:  0.0, Max: 0, Diff: 0, Sum: 0, Workers: 4
[4.154s][debug][gc,phases      ] GC(3)     Total                          Min: 0, Avg:  0.0, Max: 0, Diff: 0, Sum: 0, Workers: 4
[4.154s][debug][gc,phases      ] GC(3)   StringDedup Requests0 Weak     Min:  0.0, Avg:  0.0, Max:  0.0, Diff:  0.0, Sum:  0.0, Workers: 4
[4.154s][debug][gc,phases      ] GC(3)     Dead                           Min: 0, Avg:  0.0, Max: 0, Diff: 0, Sum: 0, Workers: 4
[4.154s][debug][gc,phases      ] GC(3)     Total                          Min: 0, Avg:  0.0, Max: 0, Diff: 0, Sum: 0, Workers: 4
[4.154s][debug][gc,phases      ] GC(3)   StringDedup Requests1 Weak     Min:  0.0, Avg:  0.0, Max:  0.0, Diff:  0.0, Sum:  0.0, Workers: 4
[4.154s][debug][gc,phases      ] GC(3)     Dead                           Min: 0, Avg:  0.0, Max: 0, Diff: 0, Sum: 0, Workers: 4
[4.154s][debug][gc,phases      ] GC(3)     Total                          Min: 0, Avg:  0.0, Max: 0, Diff: 0, Sum: 0, Workers: 4
[4.154s][debug][gc,phases      ] GC(3)   Weak JFR Old Object Samples    Min:  0.0, Avg:  0.0, Max:  0.0, Diff:  0.0, Sum:  0.0, Workers: 4
[4.154s][debug][gc,phases      ] GC(3)     Dead                           Min: 0, Avg:  0.0, Max: 0, Diff: 0, Sum: 0, Workers: 4
[4.154s][debug][gc,phases      ] GC(3)     Total                          Min: 0, Avg:  0.0, Max: 0, Diff: 0, Sum: 0, Workers: 4
[4.154s][debug][gc,phases      ] GC(3) Weak Processing 0.312ms
[4.154s][debug][gc,phases      ] GC(3) ClassLoaderData 0.044ms
[4.154s][debug][gc,phases      ] GC(3) Trigger cleanups 0.000ms
[4.160s][debug][gc,phases      ] GC(3) Class Unloading 6.058ms
[4.160s][info ][gc,phases      ] GC(3) Marking Phase 46.266ms
[4.160s][info ][gc,phases,start] GC(3) Summary Phase
[4.160s][info ][gc,phases      ] GC(3) Summary Phase 0.007ms
[4.160s][info ][gc,phases,start] GC(3) Adjust Roots
[4.166s][info ][gc,phases      ] GC(3) Adjust Roots 6.484ms
[4.166s][info ][gc,phases,start] GC(3) Compaction Phase
[4.512s][info ][gc,phases      ] GC(3) Compaction Phase 345.351ms
[4.512s][info ][gc,phases,start] GC(3) Post Compact
[4.513s][info ][gc,phases      ] GC(3) Post Compact 1.093ms
[4.513s][info ][gc,heap        ] GC(3) PSYoungGen: 82578K(1572864K)->81837K(1572864K) Eden: 0K(1048576K)->0K(1048576K) From: 82578K(524288K)->81837K(524288K)
[4.513s][info ][gc,heap        ] GC(3) ParOldGen: 5683K(6144K)->6119K(6144K)
[4.513s][info ][gc,metaspace   ] GC(3) Metaspace: 35359K(35840K)->35359K(35840K) NonClass: 30721K(30976K)->30721K(30976K) Class: 4637K(4864K)->4637K(4864K)
[4.513s][info ][gc             ] GC(3) Pause Full (Metadata GC Threshold) 86M->85M(1542M) 399.338ms
[4.513s][info ][gc,cpu         ] GC(3) User=0.84s Sys=0.02s Real=0.40s
[4.513s][info ][safepoint      ] Safepoint "CollectForMetadataAllocation", Time since last: 146422751 ns, Reaching safepoint: 129805 ns, At safepoint: 454064682 ns, Total: 454194487 ns
[5.036s][info ][safepoint      ] Safepoint "ICBufferFull", Time since last: 522506403 ns, Reaching safepoint: 213109 ns, At safepoint: 5101 ns, Total: 218210 ns
[5.593s][info ][safepoint      ] Safepoint "ICBufferFull", Time since last: 557234185 ns, Reaching safepoint: 177608 ns, At safepoint: 2300 ns, Total: 179908 ns
[5.716s][info ][safepoint      ] Safepoint "ICBufferFull", Time since last: 122503429 ns, Reaching safepoint: 154207 ns, At safepoint: 2200 ns, Total: 156407 ns
[5.949s][info ][safepoint      ] Safepoint "ICBufferFull", Time since last: 233161452 ns, Reaching safepoint: 157707 ns, At safepoint: 7800 ns, Total: 165507 ns
[6.083s][info ][safepoint      ] Safepoint "ICBufferFull", Time since last: 133606104 ns, Reaching safepoint: 106605 ns, At safepoint: 10200 ns, Total: 116805 ns
[6.390s][info ][safepoint      ] Safepoint "ICBufferFull", Time since last: 306624413 ns, Reaching safepoint: 756732 ns, At safepoint: 8301 ns, Total: 765033 ns
[6.508s][info ][safepoint      ] Safepoint "ICBufferFull", Time since last: 117393720 ns, Reaching safepoint: 251811 ns, At safepoint: 12400 ns, Total: 264211 ns
[6.508s][info ][safepoint      ] Safepoint "ICBufferFull", Time since last: 70403 ns, Reaching safepoint: 100805 ns, At safepoint: 9300 ns, Total: 110105 ns
[6.713s][info ][safepoint      ] Safepoint "ICBufferFull", Time since last: 204986966 ns, Reaching safepoint: 259511 ns, At safepoint: 8901 ns, Total: 268412 ns
[6.936s][info ][safepoint      ] Safepoint "ICBufferFull", Time since last: 222530416 ns, Reaching safepoint: 159107 ns, At safepoint: 5800 ns, Total: 164907 ns
[7.623s][info ][safepoint      ] Safepoint "ICBufferFull", Time since last: 686301549 ns, Reaching safepoint: 167807 ns, At safepoint: 2800 ns, Total: 170607 ns
[7.632s][debug][gc,phases      ] GC(4) Pre Compact 0.054ms
[7.632s][info ][gc,start       ] GC(4) Pause Full (Metadata GC Threshold)
[7.632s][info ][gc,phases,start] GC(4) Marking Phase
[7.717s][debug][gc,phases      ] GC(4) Par Mark 85.251ms
[7.717s][debug][gc,ref         ] GC(4) Skipped phase 1 of Reference Processing: no references
[7.718s][debug][gc,ref         ] GC(4) ReferenceProcessor::execute queues: 4, RefProcThreadModel::Multi, marks_oops_alive: false
[7.718s][debug][gc,ref         ] GC(4) Skipped phase 3 of Reference Processing: no references
[7.718s][debug][gc,ref         ] GC(4) ReferenceProcessor::execute queues: 4, RefProcThreadModel::Multi, marks_oops_alive: false
[7.719s][debug][gc,phases      ] GC(4) Reference Processing 1.217ms
[7.719s][debug][gc,phases      ] GC(4)   VM Weak                        Min:  0.0, Avg:  0.0, Max:  0.0, Diff:  0.0, Sum:  0.0, Workers: 4
[7.719s][debug][gc,phases      ] GC(4)     Dead                           Min: 0, Avg:  0.2, Max: 1, Diff: 1, Sum: 1, Workers: 4
[7.719s][debug][gc,phases      ] GC(4)     Total                          Min: 0, Avg: 133.8, Max: 215, Diff: 215, Sum: 535, Workers: 4
[7.719s][debug][gc,phases      ] GC(4)   ObjectSynchronizer Weak        Min:  0.0, Avg:  0.0, Max:  0.0, Diff:  0.0, Sum:  0.0, Workers: 4
[7.719s][debug][gc,phases      ] GC(4)     Dead                           Min: 0, Avg:  1.8, Max: 7, Diff: 7, Sum: 7, Workers: 4
[7.719s][debug][gc,phases      ] GC(4)     Total                          Min: 0, Avg:  7.2, Max: 29, Diff: 29, Sum: 29, Workers: 4
[7.719s][debug][gc,phases      ] GC(4)   JVMTI Tag Weak OopStorage      Min:  0.0, Avg:  0.0, Max:  0.0, Diff:  0.0, Sum:  0.0, Workers: 4
[7.719s][debug][gc,phases      ] GC(4)     Dead                           Min: 0, Avg:  0.0, Max: 0, Diff: 0, Sum: 0, Workers: 4
[7.719s][debug][gc,phases      ] GC(4)     Total                          Min: 0, Avg:  0.0, Max: 0, Diff: 0, Sum: 0, Workers: 4
[7.719s][debug][gc,phases      ] GC(4)   StringTable Weak               Min:  0.2, Avg:  0.2, Max:  0.2, Diff:  0.0, Sum:  0.6, Workers: 4
[7.719s][debug][gc,phases      ] GC(4)     Dead                           Min: 0, Avg:  5.8, Max: 11, Diff: 11, Sum: 23, Workers: 4
[7.719s][debug][gc,phases      ] GC(4)     Total                          Min: 8768, Avg: 9030.0, Max: 9728, Diff: 960, Sum: 36120, Workers: 4
[7.719s][debug][gc,phases      ] GC(4)   ResolvedMethodTable Weak       Min:  0.0, Avg:  0.0, Max:  0.0, Diff:  0.0, Sum:  0.1, Workers: 4
[7.719s][debug][gc,phases      ] GC(4)     Dead                           Min: 21, Avg: 90.5, Max: 137, Diff: 116, Sum: 362, Workers: 4
[7.719s][debug][gc,phases      ] GC(4)     Total                          Min: 1472, Avg: 1713.8, Max: 1856, Diff: 384, Sum: 6855, Workers: 4
[7.719s][debug][gc,phases      ] GC(4)   JNI Weak                       Min:  0.0, Avg:  0.0, Max:  0.0, Diff:  0.0, Sum:  0.0, Workers: 4
[7.719s][debug][gc,phases      ] GC(4)     Dead                           Min: 0, Avg:  0.0, Max: 0, Diff: 0, Sum: 0, Workers: 4
[7.719s][debug][gc,phases      ] GC(4)     Total                          Min: 0, Avg: 11.2, Max: 45, Diff: 45, Sum: 45, Workers: 4
[7.719s][debug][gc,phases      ] GC(4)   StringDedup Table Weak         Min:  0.0, Avg:  0.0, Max:  0.0, Diff:  0.0, Sum:  0.0, Workers: 4
[7.719s][debug][gc,phases      ] GC(4)     Dead                           Min: 0, Avg:  0.0, Max: 0, Diff: 0, Sum: 0, Workers: 4
[7.719s][debug][gc,phases      ] GC(4)     Total                          Min: 0, Avg:  0.0, Max: 0, Diff: 0, Sum: 0, Workers: 4
[7.719s][debug][gc,phases      ] GC(4)   StringDedup Requests0 Weak     Min:  0.0, Avg:  0.0, Max:  0.0, Diff:  0.0, Sum:  0.0, Workers: 4
[7.719s][debug][gc,phases      ] GC(4)     Dead                           Min: 0, Avg:  0.0, Max: 0, Diff: 0, Sum: 0, Workers: 4
[7.719s][debug][gc,phases      ] GC(4)     Total                          Min: 0, Avg:  0.0, Max: 0, Diff: 0, Sum: 0, Workers: 4
[7.719s][debug][gc,phases      ] GC(4)   StringDedup Requests1 Weak     Min:  0.0, Avg:  0.0, Max:  0.0, Diff:  0.0, Sum:  0.0, Workers: 4
[7.719s][debug][gc,phases      ] GC(4)     Dead                           Min: 0, Avg:  0.0, Max: 0, Diff: 0, Sum: 0, Workers: 4
[7.719s][debug][gc,phases      ] GC(4)     Total                          Min: 0, Avg:  0.0, Max: 0, Diff: 0, Sum: 0, Workers: 4
[7.719s][debug][gc,phases      ] GC(4)   Weak JFR Old Object Samples    Min:  0.0, Avg:  0.0, Max:  0.0, Diff:  0.0, Sum:  0.0, Workers: 4
[7.719s][debug][gc,phases      ] GC(4)     Dead                           Min: 0, Avg:  0.0, Max: 0, Diff: 0, Sum: 0, Workers: 4
[7.719s][debug][gc,phases      ] GC(4)     Total                          Min: 0, Avg:  0.0, Max: 0, Diff: 0, Sum: 0, Workers: 4
[7.719s][debug][gc,phases      ] GC(4) Weak Processing 0.390ms
[7.719s][debug][gc,phases      ] GC(4) ClassLoaderData 0.147ms
[7.719s][debug][gc,phases      ] GC(4) Trigger cleanups 0.002ms
[7.734s][debug][gc,phases      ] GC(4) Class Unloading 14.938ms
[7.734s][info ][gc,phases      ] GC(4) Marking Phase 101.997ms
[7.734s][info ][gc,phases,start] GC(4) Summary Phase
[7.734s][info ][gc,phases      ] GC(4) Summary Phase 0.026ms
[7.734s][info ][gc,phases,start] GC(4) Adjust Roots
[7.745s][info ][gc,phases      ] GC(4) Adjust Roots 10.826ms
[7.745s][info ][gc,phases,start] GC(4) Compaction Phase
[7.928s][info ][gc,phases      ] GC(4) Compaction Phase 183.545ms
[7.928s][info ][gc,phases,start] GC(4) Post Compact
[7.937s][info ][gc,phases      ] GC(4) Post Compact 8.086ms
[7.937s][info ][gc,heap        ] GC(4) PSYoungGen: 887911K(1572864K)->115125K(1572864K) Eden: 806074K(1048576K)->115125K(1048576K) From: 81837K(524288K)->0K(524288K)
[7.937s][info ][gc,heap        ] GC(4) ParOldGen: 6119K(6144K)->6129K(6144K)
[7.937s][info ][gc,metaspace   ] GC(4) Metaspace: 59124K(59776K)->59123K(59776K) NonClass: 50213K(50560K)->50211K(50560K) Class: 8911K(9216K)->8911K(9216K)
[7.937s][info ][gc             ] GC(4) Pause Full (Metadata GC Threshold) 873M->118M(1542M) 304.682ms
[7.937s][info ][gc,cpu         ] GC(4) User=0.94s Sys=0.05s Real=0.31s
[7.937s][info ][safepoint      ] Safepoint "CollectForMetadataAllocation", Time since last: 9174493 ns, Reaching safepoint: 38501 ns, At safepoint: 304872838 ns, Total: 304911339 ns
[8.130s][info ][safepoint      ] Safepoint "ICBufferFull", Time since last: 192943051 ns, Reaching safepoint: 137706 ns, At safepoint: 7800 ns, Total: 145506 ns
[8.932s][info ][safepoint      ] Safepoint "ICBufferFull", Time since last: 802257008 ns, Reaching safepoint: 214409 ns, At safepoint: 36602 ns, Total: 251011 ns
[9.247s][info ][safepoint      ] Safepoint "ICBufferFull", Time since last: 314149834 ns, Reaching safepoint: 230510 ns, At safepoint: 5300 ns, Total: 235810 ns
[9.494s][info ][safepoint      ] Safepoint "ICBufferFull", Time since last: 247156470 ns, Reaching safepoint: 158607 ns, At safepoint: 5900 ns, Total: 164507 ns
[9.800s][debug][gc,phases      ] GC(5) Pre Compact 0.023ms
[9.800s][info ][gc,start       ] GC(5) Pause Full (Ergonomics)
[9.800s][info ][gc,phases,start] GC(5) Marking Phase
[10.106s][debug][gc,phases      ] GC(5) Par Mark 305.924ms
[10.106s][debug][gc,ref         ] GC(5) Skipped phase 1 of Reference Processing: no references
[10.107s][debug][gc,ref         ] GC(5) ReferenceProcessor::execute queues: 4, RefProcThreadModel::Multi, marks_oops_alive: false
[10.107s][debug][gc,ref         ] GC(5) Skipped phase 3 of Reference Processing: no references
[10.107s][debug][gc,ref         ] GC(5) ReferenceProcessor::execute queues: 1, RefProcThreadModel::Single, marks_oops_alive: false
[10.107s][debug][gc,phases      ] GC(5) Reference Processing 1.289ms
[10.108s][debug][gc,phases      ] GC(5)   VM Weak                        Min:  0.0, Avg:  0.0, Max:  0.0, Diff:  0.0, Sum:  0.0, Workers: 4
[10.108s][debug][gc,phases      ] GC(5)     Dead                           Min: 0, Avg:  0.0, Max: 0, Diff: 0, Sum: 0, Workers: 4
[10.108s][debug][gc,phases      ] GC(5)     Total                          Min: 0, Avg: 151.0, Max: 384, Diff: 384, Sum: 604, Workers: 4
[10.108s][debug][gc,phases      ] GC(5)   ObjectSynchronizer Weak        Min:  0.0, Avg:  0.0, Max:  0.0, Diff:  0.0, Sum:  0.0, Workers: 4
[10.108s][debug][gc,phases      ] GC(5)     Dead                           Min: 0, Avg:  0.0, Max: 0, Diff: 0, Sum: 0, Workers: 4
[10.108s][debug][gc,phases      ] GC(5)     Total                          Min: 0, Avg:  7.5, Max: 30, Diff: 30, Sum: 30, Workers: 4
[10.108s][debug][gc,phases      ] GC(5)   JVMTI Tag Weak OopStorage      Min:  0.0, Avg:  0.0, Max:  0.0, Diff:  0.0, Sum:  0.0, Workers: 4
[10.108s][debug][gc,phases      ] GC(5)     Dead                           Min: 0, Avg:  0.0, Max: 0, Diff: 0, Sum: 0, Workers: 4
[10.108s][debug][gc,phases      ] GC(5)     Total                          Min: 0, Avg:  0.0, Max: 0, Diff: 0, Sum: 0, Workers: 4
[10.108s][debug][gc,phases      ] GC(5)   StringTable Weak               Min:  0.1, Avg:  0.1, Max:  0.1, Diff:  0.0, Sum:  0.6, Workers: 4
[10.108s][debug][gc,phases      ] GC(5)     Dead                           Min: 0, Avg:  2.0, Max: 3, Diff: 3, Sum: 8, Workers: 4
[10.108s][debug][gc,phases      ] GC(5)     Total                          Min: 8896, Avg: 9258.0, Max: 9664, Diff: 768, Sum: 37032, Workers: 4
[10.108s][debug][gc,phases      ] GC(5)   ResolvedMethodTable Weak       Min:  0.0, Avg:  0.0, Max:  0.0, Diff:  0.0, Sum:  0.1, Workers: 4
[10.108s][debug][gc,phases      ] GC(5)     Dead                           Min: 10, Avg: 19.5, Max: 33, Diff: 23, Sum: 78, Workers: 4
[10.108s][debug][gc,phases      ] GC(5)     Total                          Min: 1603, Avg: 1760.8, Max: 1920, Diff: 317, Sum: 7043, Workers: 4
[10.108s][debug][gc,phases      ] GC(5)   JNI Weak                       Min:  0.0, Avg:  0.0, Max:  0.0, Diff:  0.0, Sum:  0.0, Workers: 4
[10.108s][debug][gc,phases      ] GC(5)     Dead                           Min: 0, Avg:  0.0, Max: 0, Diff: 0, Sum: 0, Workers: 4
[10.108s][debug][gc,phases      ] GC(5)     Total                          Min: 0, Avg: 17.0, Max: 63, Diff: 63, Sum: 68, Workers: 4
[10.108s][debug][gc,phases      ] GC(5)   StringDedup Table Weak         Min:  0.0, Avg:  0.0, Max:  0.0, Diff:  0.0, Sum:  0.0, Workers: 4
[10.108s][debug][gc,phases      ] GC(5)     Dead                           Min: 0, Avg:  0.0, Max: 0, Diff: 0, Sum: 0, Workers: 4
[10.108s][debug][gc,phases      ] GC(5)     Total                          Min: 0, Avg:  0.0, Max: 0, Diff: 0, Sum: 0, Workers: 4
[10.108s][debug][gc,phases      ] GC(5)   StringDedup Requests0 Weak     Min:  0.0, Avg:  0.0, Max:  0.0, Diff:  0.0, Sum:  0.0, Workers: 4
[10.108s][debug][gc,phases      ] GC(5)     Dead                           Min: 0, Avg:  0.0, Max: 0, Diff: 0, Sum: 0, Workers: 4
[10.108s][debug][gc,phases      ] GC(5)     Total                          Min: 0, Avg:  0.0, Max: 0, Diff: 0, Sum: 0, Workers: 4
[10.108s][debug][gc,phases      ] GC(5)   StringDedup Requests1 Weak     Min:  0.0, Avg:  0.0, Max:  0.0, Diff:  0.0, Sum:  0.0, Workers: 4
[10.108s][debug][gc,phases      ] GC(5)     Dead                           Min: 0, Avg:  0.0, Max: 0, Diff: 0, Sum: 0, Workers: 4
[10.108s][debug][gc,phases      ] GC(5)     Total                          Min: 0, Avg:  0.0, Max: 0, Diff: 0, Sum: 0, Workers: 4
[10.108s][debug][gc,phases      ] GC(5)   Weak JFR Old Object Samples    Min:  0.0, Avg:  0.0, Max:  0.0, Diff:  0.0, Sum:  0.0, Workers: 4
[10.108s][debug][gc,phases      ] GC(5)     Dead                           Min: 0, Avg:  0.0, Max: 0, Diff: 0, Sum: 0, Workers: 4
[10.108s][debug][gc,phases      ] GC(5)     Total                          Min: 0, Avg:  0.0, Max: 0, Diff: 0, Sum: 0, Workers: 4
[10.108s][debug][gc,phases      ] GC(5) Weak Processing 0.372ms
[10.108s][debug][gc,phases      ] GC(5) ClassLoaderData 0.098ms
[10.108s][debug][gc,phases      ] GC(5) Trigger cleanups 0.000ms
[10.118s][debug][gc,phases      ] GC(5) Class Unloading 9.962ms
[10.118s][info ][gc,phases      ] GC(5) Marking Phase 317.778ms
[10.118s][info ][gc,phases,start] GC(5) Summary Phase
[10.118s][info ][gc,phases      ] GC(5) Summary Phase 0.025ms
[10.118s][info ][gc,phases,start] GC(5) Adjust Roots
[10.126s][info ][gc,phases      ] GC(5) Adjust Roots 8.391ms
[10.126s][info ][gc,phases,start] GC(5) Compaction Phase
[10.924s][info ][gc,phases      ] GC(5) Compaction Phase 797.292ms
[10.924s][info ][gc,phases,start] GC(5) Post Compact
[10.928s][info ][gc,phases      ] GC(5) Post Compact 4.900ms
[10.929s][info ][gc,heap        ] GC(5) PSYoungGen: 1048576K(1572864K)->532594K(1572864K) Eden: 1048576K(1048576K)->532594K(1048576K) From: 0K(524288K)->0K(524288K)
[10.929s][info ][gc,heap        ] GC(5) ParOldGen: 6129K(6144K)->6125K(18944K)
[10.929s][info ][gc,metaspace   ] GC(5) Metaspace: 63041K(63808K)->63041K(63808K) NonClass: 53656K(54080K)->53656K(54080K) Class: 9384K(9728K)->9384K(9728K)
[10.929s][info ][gc             ] GC(5) Pause Full (Ergonomics) 1029M->526M(1554M) 1128.645ms
[10.929s][info ][gc,cpu         ] GC(5) User=4.04s Sys=0.04s Real=1.13s
[10.929s][info ][safepoint      ] Safepoint "ParallelGCFailedAllocation", Time since last: 305784277 ns, Reaching safepoint: 159606 ns, At safepoint: 1128785472 ns, Total: 1128945078 ns
[11.434s][info ][safepoint      ] Safepoint "ICBufferFull", Time since last: 504956094 ns, Reaching safepoint: 218709 ns, At safepoint: 11001 ns, Total: 229710 ns
[11.600s][info ][safepoint      ] Safepoint "ICBufferFull", Time since last: 165598482 ns, Reaching safepoint: 193408 ns, At safepoint: 7800 ns, Total: 201208 ns
[11.853s][info ][gc,start       ] GC(6) Pause Young (Allocation Failure)
[12.145s][debug][gc,phases      ] GC(6) Scavenge 292.032ms
[12.145s][debug][gc,ref         ] GC(6) Skipped phase 1 of Reference Processing: no references
[12.146s][debug][gc,ref         ] GC(6) ReferenceProcessor::execute queues: 4, RefProcThreadModel::Multi, marks_oops_alive: false
[12.146s][debug][gc,ref         ] GC(6) Skipped phase 3 of Reference Processing: no references
[12.146s][debug][gc,ref         ] GC(6) ReferenceProcessor::execute queues: 1, RefProcThreadModel::Single, marks_oops_alive: false
[12.146s][debug][gc,phases      ] GC(6) Reference Processing 1.011ms
[12.147s][debug][gc,phases      ] GC(6)   VM Weak                        Min:  0.0, Avg:  0.0, Max:  0.0, Diff:  0.0, Sum:  0.0, Workers: 4
[12.147s][debug][gc,phases      ] GC(6)     Dead                           Min: 0, Avg:  0.0, Max: 0, Diff: 0, Sum: 0, Workers: 4
[12.147s][debug][gc,phases      ] GC(6)     Total                          Min: 0, Avg: 152.0, Max: 384, Diff: 384, Sum: 608, Workers: 4
[12.147s][debug][gc,phases      ] GC(6)   ObjectSynchronizer Weak        Min:  0.0, Avg:  0.0, Max:  0.0, Diff:  0.0, Sum:  0.0, Workers: 4
[12.147s][debug][gc,phases      ] GC(6)     Dead                           Min: 0, Avg:  0.0, Max: 0, Diff: 0, Sum: 0, Workers: 4
[12.147s][debug][gc,phases      ] GC(6)     Total                          Min: 0, Avg:  7.5, Max: 30, Diff: 30, Sum: 30, Workers: 4
[12.147s][debug][gc,phases      ] GC(6)   JVMTI Tag Weak OopStorage      Min:  0.0, Avg:  0.0, Max:  0.0, Diff:  0.0, Sum:  0.0, Workers: 4
[12.147s][debug][gc,phases      ] GC(6)     Dead                           Min: 0, Avg:  0.0, Max: 0, Diff: 0, Sum: 0, Workers: 4
[12.147s][debug][gc,phases      ] GC(6)     Total                          Min: 0, Avg:  0.0, Max: 0, Diff: 0, Sum: 0, Workers: 4
[12.147s][debug][gc,phases      ] GC(6)   StringTable Weak               Min:  0.0, Avg:  0.3, Max:  0.4, Diff:  0.4, Sum:  1.1, Workers: 4
[12.147s][debug][gc,phases      ] GC(6)     Dead                           Min: 0, Avg:  0.5, Max: 2, Diff: 2, Sum: 2, Workers: 4
[12.147s][debug][gc,phases      ] GC(6)     Total                          Min: 0, Avg: 9325.0, Max: 14324, Diff: 14324, Sum: 37300, Workers: 4
[12.147s][debug][gc,phases      ] GC(6)   ResolvedMethodTable Weak       Min:  0.0, Avg:  0.1, Max:  0.1, Diff:  0.1, Sum:  0.2, Workers: 4
[12.147s][debug][gc,phases      ] GC(6)     Dead                           Min: 0, Avg:  4.2, Max: 17, Diff: 17, Sum: 17, Workers: 4
[12.147s][debug][gc,phases      ] GC(6)     Total                          Min: 0, Avg: 1788.5, Max: 3131, Diff: 3131, Sum: 7154, Workers: 4
[12.147s][debug][gc,phases      ] GC(6)   JNI Weak                       Min:  0.0, Avg:  0.0, Max:  0.0, Diff:  0.0, Sum:  0.0, Workers: 4
[12.147s][debug][gc,phases      ] GC(6)     Dead                           Min: 0, Avg:  0.0, Max: 0, Diff: 0, Sum: 0, Workers: 4
[12.147s][debug][gc,phases      ] GC(6)     Total                          Min: 0, Avg: 17.5, Max: 70, Diff: 70, Sum: 70, Workers: 4
[12.147s][debug][gc,phases      ] GC(6)   StringDedup Table Weak         Min:  0.0, Avg:  0.0, Max:  0.0, Diff:  0.0, Sum:  0.0, Workers: 4
[12.147s][debug][gc,phases      ] GC(6)     Dead                           Min: 0, Avg:  0.0, Max: 0, Diff: 0, Sum: 0, Workers: 4
[12.147s][debug][gc,phases      ] GC(6)     Total                          Min: 0, Avg:  0.0, Max: 0, Diff: 0, Sum: 0, Workers: 4
[12.147s][debug][gc,phases      ] GC(6)   StringDedup Requests0 Weak     Min:  0.0, Avg:  0.0, Max:  0.0, Diff:  0.0, Sum:  0.0, Workers: 4
[12.147s][debug][gc,phases      ] GC(6)     Dead                           Min: 0, Avg:  0.0, Max: 0, Diff: 0, Sum: 0, Workers: 4
[12.147s][debug][gc,phases      ] GC(6)     Total                          Min: 0, Avg:  0.0, Max: 0, Diff: 0, Sum: 0, Workers: 4
[12.147s][debug][gc,phases      ] GC(6)   StringDedup Requests1 Weak     Min:  0.0, Avg:  0.0, Max:  0.0, Diff:  0.0, Sum:  0.0, Workers: 4
[12.147s][debug][gc,phases      ] GC(6)     Dead                           Min: 0, Avg:  0.0, Max: 0, Diff: 0, Sum: 0, Workers: 4
[12.147s][debug][gc,phases      ] GC(6)     Total                          Min: 0, Avg:  0.0, Max: 0, Diff: 0, Sum: 0, Workers: 4
[12.147s][debug][gc,phases      ] GC(6)   Weak JFR Old Object Samples    Min:  0.0, Avg:  0.0, Max:  0.0, Diff:  0.0, Sum:  0.0, Workers: 4
[12.147s][debug][gc,phases      ] GC(6)     Dead                           Min: 0, Avg:  0.0, Max: 0, Diff: 0, Sum: 0, Workers: 4
[12.147s][debug][gc,phases      ] GC(6)     Total                          Min: 0, Avg:  0.0, Max: 0, Diff: 0, Sum: 0, Workers: 4
[12.147s][debug][gc,phases      ] GC(6) Weak Processing 0.692ms
[12.147s][debug][gc,age         ] GC(6) Desired survivor size 536870912 bytes, new threshold 7 (max threshold 15)
[12.147s][info ][gc,heap        ] GC(6) PSYoungGen: 1048576K(1572864K)->407302K(1572864K) Eden: 1048576K(1048576K)->0K(1048576K) From: 0K(524288K)->407302K(524288K)
[12.147s][info ][gc,heap        ] GC(6) ParOldGen: 6125K(18944K)->6166K(18944K)
[12.147s][info ][gc,metaspace   ] GC(6) Metaspace: 63435K(64192K)->63435K(64192K) NonClass: 53978K(54400K)->53978K(54400K) Class: 9456K(9792K)->9456K(9792K)
[12.147s][info ][gc             ] GC(6) Pause Young (Allocation Failure) 1029M->403M(1554M) 293.893ms
[12.147s][info ][gc,cpu         ] GC(6) User=0.86s Sys=0.13s Real=0.30s
[12.147s][info ][safepoint      ] Safepoint "ParallelGCFailedAllocation", Time since last: 253270031 ns, Reaching safepoint: 204809 ns, At safepoint: 293976272 ns, Total: 294181081 ns
[12.792s][info ][safepoint      ] Safepoint "ICBufferFull", Time since last: 644676369 ns, Reaching safepoint: 273911 ns, At safepoint: 11701 ns, Total: 285612 ns
[12.911s][info ][safepoint      ] Safepoint "ICBufferFull", Time since last: 118410764 ns, Reaching safepoint: 216109 ns, At safepoint: 6400 ns, Total: 222509 ns
[13.126s][info ][safepoint      ] Safepoint "ICBufferFull", Time since last: 214726083 ns, Reaching safepoint: 311813 ns, At safepoint: 10500 ns, Total: 322313 ns
[13.462s][info ][safepoint      ] Safepoint "ICBufferFull", Time since last: 336187377 ns, Reaching safepoint: 244311 ns, At safepoint: 10700 ns, Total: 255011 ns
[14.462s][info ][safepoint      ] Safepoint "ICBufferFull", Time since last: 1000118859 ns, Reaching safepoint: 178808 ns, At safepoint: 7400 ns, Total: 186208 ns
[15.252s][info ][safepoint      ] Safepoint "ICBufferFull", Time since last: 789094635 ns, Reaching safepoint: 140007 ns, At safepoint: 2900 ns, Total: 142907 ns
[16.252s][info ][safepoint      ] Safepoint "Cleanup", Time since last: 1000114863 ns, Reaching safepoint: 71403 ns, At safepoint: 5101 ns, Total: 76504 ns
[17.305s][info ][safepoint      ] Safepoint "Cleanup", Time since last: 1052830544 ns, Reaching safepoint: 67503 ns, At safepoint: 6900 ns, Total: 74403 ns
[17.601s][info ][safepoint      ] Safepoint "ICBufferFull", Time since last: 295910000 ns, Reaching safepoint: 185408 ns, At safepoint: 2801 ns, Total: 188209 ns
[17.601s][info ][safepoint      ] Safepoint "ICBufferFull", Time since last: 56402 ns, Reaching safepoint: 101604 ns, At safepoint: 3401 ns, Total: 105005 ns
[17.696s][info ][safepoint      ] Safepoint "ICBufferFull", Time since last: 94432785 ns, Reaching safepoint: 281012 ns, At safepoint: 6100 ns, Total: 287112 ns
[17.812s][info ][safepoint      ] Safepoint "ICBufferFull", Time since last: 115885613 ns, Reaching safepoint: 225410 ns, At safepoint: 6700 ns, Total: 232110 ns
[17.929s][info ][safepoint      ] Safepoint "ICBufferFull", Time since last: 117007962 ns, Reaching safepoint: 259111 ns, At safepoint: 5100 ns, Total: 264211 ns
[18.002s][info ][safepoint      ] Safepoint "ICBufferFull", Time since last: 73012059 ns, Reaching safepoint: 194708 ns, At safepoint: 5200 ns, Total: 199908 ns
[18.328s][info ][safepoint      ] Safepoint "ICBufferFull", Time since last: 325262371 ns, Reaching safepoint: 193008 ns, At safepoint: 11500 ns, Total: 204508 ns
[19.257s][info ][safepoint      ] Safepoint "ICBufferFull", Time since last: 928653673 ns, Reaching safepoint: 179808 ns, At safepoint: 6600 ns, Total: 186408 ns
[20.257s][info ][safepoint      ] Safepoint "Cleanup", Time since last: 1000126764 ns, Reaching safepoint: 127305 ns, At safepoint: 6701 ns, Total: 134006 ns
[21.257s][info ][safepoint      ] Safepoint "Cleanup", Time since last: 1000127264 ns, Reaching safepoint: 197008 ns, At safepoint: 10101 ns, Total: 207109 ns
[22.258s][info ][safepoint      ] Safepoint "Cleanup", Time since last: 1000114402 ns, Reaching safepoint: 128006 ns, At safepoint: 10100 ns, Total: 138106 ns
[23.020s][info ][safepoint      ] Safepoint "ICBufferFull", Time since last: 761807183 ns, Reaching safepoint: 222410 ns, At safepoint: 9700 ns, Total: 232110 ns
[23.402s][info ][gc,start       ] GC(7) Pause Young (Allocation Failure)
[23.506s][debug][gc,phases      ] GC(7) Scavenge 103.406ms
[23.506s][debug][gc,ref         ] GC(7) Skipped phase 1 of Reference Processing: no references
[23.506s][debug][gc,ref         ] GC(7) ReferenceProcessor::execute queues: 4, RefProcThreadModel::Multi, marks_oops_alive: false
[23.506s][debug][gc,ref         ] GC(7) Skipped phase 3 of Reference Processing: no references
[23.506s][debug][gc,ref         ] GC(7) ReferenceProcessor::execute queues: 1, RefProcThreadModel::Single, marks_oops_alive: false
[23.507s][debug][gc,phases      ] GC(7) Reference Processing 0.812ms
[23.507s][debug][gc,phases      ] GC(7)   VM Weak                        Min:  0.0, Avg:  0.0, Max:  0.0, Diff:  0.0, Sum:  0.0, Workers: 4
[23.507s][debug][gc,phases      ] GC(7)     Dead                           Min: 0, Avg:  0.0, Max: 0, Diff: 0, Sum: 0, Workers: 4
[23.507s][debug][gc,phases      ] GC(7)     Total                          Min: 64, Avg: 163.5, Max: 256, Diff: 192, Sum: 654, Workers: 4
[23.507s][debug][gc,phases      ] GC(7)   ObjectSynchronizer Weak        Min:  0.0, Avg:  0.0, Max:  0.0, Diff:  0.0, Sum:  0.0, Workers: 4
[23.507s][debug][gc,phases      ] GC(7)     Dead                           Min: 0, Avg:  0.2, Max: 1, Diff: 1, Sum: 1, Workers: 4
[23.507s][debug][gc,phases      ] GC(7)     Total                          Min: 0, Avg:  8.0, Max: 32, Diff: 32, Sum: 32, Workers: 4
[23.507s][debug][gc,phases      ] GC(7)   JVMTI Tag Weak OopStorage      Min:  0.0, Avg:  0.0, Max:  0.0, Diff:  0.0, Sum:  0.0, Workers: 4
[23.507s][debug][gc,phases      ] GC(7)     Dead                           Min: 0, Avg:  0.0, Max: 0, Diff: 0, Sum: 0, Workers: 4
[23.507s][debug][gc,phases      ] GC(7)     Total                          Min: 0, Avg:  0.0, Max: 0, Diff: 0, Sum: 0, Workers: 4
[23.507s][debug][gc,phases      ] GC(7)   StringTable Weak               Min:  0.5, Avg:  0.5, Max:  0.5, Diff:  0.0, Sum:  1.8, Workers: 4
[23.507s][debug][gc,phases      ] GC(7)     Dead                           Min: 0, Avg:  2.8, Max: 8, Diff: 8, Sum: 11, Workers: 4
[23.507s][debug][gc,phases      ] GC(7)     Total                          Min: 8576, Avg: 10301.2, Max: 11264, Diff: 2688, Sum: 41205, Workers: 4
[23.507s][debug][gc,phases      ] GC(7)   ResolvedMethodTable Weak       Min:  0.1, Avg:  0.1, Max:  0.1, Diff:  0.0, Sum:  0.4, Workers: 4
[23.507s][debug][gc,phases      ] GC(7)     Dead                           Min: 11, Avg: 46.0, Max: 91, Diff: 80, Sum: 184, Workers: 4
[23.507s][debug][gc,phases      ] GC(7)     Total                          Min: 1984, Avg: 2018.8, Max: 2059, Diff: 75, Sum: 8075, Workers: 4
[23.507s][debug][gc,phases      ] GC(7)   JNI Weak                       Min:  0.0, Avg:  0.0, Max:  0.0, Diff:  0.0, Sum:  0.0, Workers: 4
[23.507s][debug][gc,phases      ] GC(7)     Dead                           Min: 0, Avg:  0.0, Max: 0, Diff: 0, Sum: 0, Workers: 4
[23.507s][debug][gc,phases      ] GC(7)     Total                          Min: 0, Avg: 11.2, Max: 45, Diff: 45, Sum: 45, Workers: 4
[23.507s][debug][gc,phases      ] GC(7)   StringDedup Table Weak         Min:  0.0, Avg:  0.0, Max:  0.0, Diff:  0.0, Sum:  0.0, Workers: 4
[23.507s][debug][gc,phases      ] GC(7)     Dead                           Min: 0, Avg:  0.0, Max: 0, Diff: 0, Sum: 0, Workers: 4
[23.507s][debug][gc,phases      ] GC(7)     Total                          Min: 0, Avg:  0.0, Max: 0, Diff: 0, Sum: 0, Workers: 4
[23.507s][debug][gc,phases      ] GC(7)   StringDedup Requests0 Weak     Min:  0.0, Avg:  0.0, Max:  0.0, Diff:  0.0, Sum:  0.0, Workers: 4
[23.507s][debug][gc,phases      ] GC(7)     Dead                           Min: 0, Avg:  0.0, Max: 0, Diff: 0, Sum: 0, Workers: 4
[23.507s][debug][gc,phases      ] GC(7)     Total                          Min: 0, Avg:  0.0, Max: 0, Diff: 0, Sum: 0, Workers: 4
[23.507s][debug][gc,phases      ] GC(7)   StringDedup Requests1 Weak     Min:  0.0, Avg:  0.0, Max:  0.0, Diff:  0.0, Sum:  0.0, Workers: 4
[23.507s][debug][gc,phases      ] GC(7)     Dead                           Min: 0, Avg:  0.0, Max: 0, Diff: 0, Sum: 0, Workers: 4
[23.507s][debug][gc,phases      ] GC(7)     Total                          Min: 0, Avg:  0.0, Max: 0, Diff: 0, Sum: 0, Workers: 4
[23.507s][debug][gc,phases      ] GC(7)   Weak JFR Old Object Samples    Min:  0.0, Avg:  0.0, Max:  0.0, Diff:  0.0, Sum:  0.0, Workers: 4
[23.507s][debug][gc,phases      ] GC(7)     Dead                           Min: 0, Avg:  0.0, Max: 0, Diff: 0, Sum: 0, Workers: 4
[23.507s][debug][gc,phases      ] GC(7)     Total                          Min: 0, Avg:  0.0, Max: 0, Diff: 0, Sum: 0, Workers: 4
[23.507s][debug][gc,phases      ] GC(7) Weak Processing 0.774ms
[23.507s][debug][gc,age         ] GC(7) Desired survivor size 536870912 bytes, new threshold 7 (max threshold 15)
[23.507s][info ][gc,heap        ] GC(7) PSYoungGen: 1455878K(1572864K)->214667K(1572864K) Eden: 1048576K(1048576K)->0K(1048576K) From: 407302K(524288K)->214667K(524288K)
[23.507s][info ][gc,heap        ] GC(7) ParOldGen: 6166K(18944K)->6190K(18944K)
[23.507s][info ][gc,metaspace   ] GC(7) Metaspace: 74463K(75328K)->74463K(75328K) NonClass: 63644K(64128K)->63644K(64128K) Class: 10818K(11200K)->10818K(11200K)
[23.507s][info ][gc             ] GC(7) Pause Young (Allocation Failure) 1427M->215M(1554M) 105.136ms
[23.507s][info ][gc,cpu         ] GC(7) User=0.32s Sys=0.06s Real=0.11s
[23.507s][info ][safepoint      ] Safepoint "ParallelGCFailedAllocation", Time since last: 382492810 ns, Reaching safepoint: 97104 ns, At safepoint: 105224314 ns, Total: 105321418 ns
[24.508s][info ][safepoint      ] Safepoint "Cleanup", Time since last: 1000068205 ns, Reaching safepoint: 87304 ns, At safepoint: 2100 ns, Total: 89404 ns
[25.508s][info ][safepoint      ] Safepoint "Cleanup", Time since last: 1000067105 ns, Reaching safepoint: 64503 ns, At safepoint: 4800 ns, Total: 69303 ns
[26.508s][info ][safepoint      ] Safepoint "Cleanup", Time since last: 1000100806 ns, Reaching safepoint: 73103 ns, At safepoint: 5201 ns, Total: 78304 ns
[27.508s][info ][safepoint      ] Safepoint "Cleanup", Time since last: 1000110006 ns, Reaching safepoint: 93304 ns, At safepoint: 4701 ns, Total: 98005 ns
[28.508s][info ][safepoint      ] Safepoint "Cleanup", Time since last: 1000113406 ns, Reaching safepoint: 84004 ns, At safepoint: 2600 ns, Total: 86604 ns
[29.508s][info ][safepoint      ] Safepoint "Cleanup", Time since last: 1000128208 ns, Reaching safepoint: 68903 ns, At safepoint: 2400 ns, Total: 71303 ns
[30.509s][info ][safepoint      ] Safepoint "Cleanup", Time since last: 1000094579 ns, Reaching safepoint: 117105 ns, At safepoint: 5801 ns, Total: 122906 ns
[31.509s][info ][safepoint      ] Safepoint "Cleanup", Time since last: 1000123713 ns, Reaching safepoint: 76603 ns, At safepoint: 6401 ns, Total: 83004 ns
[32.509s][info ][safepoint      ] Safepoint "Cleanup", Time since last: 1000107512 ns, Reaching safepoint: 53202 ns, At safepoint: 2701 ns, Total: 55903 ns
[33.509s][info ][safepoint      ] Safepoint "Cleanup", Time since last: 1000114012 ns, Reaching safepoint: 53703 ns, At safepoint: 2700 ns, Total: 56403 ns
[34.509s][info ][safepoint      ] Safepoint "Cleanup", Time since last: 1000115713 ns, Reaching safepoint: 69103 ns, At safepoint: 2700 ns, Total: 71803 ns
[35.510s][info ][safepoint      ] Safepoint "Cleanup", Time since last: 1000159215 ns, Reaching safepoint: 70703 ns, At safepoint: 6600 ns, Total: 77303 ns
[36.510s][info ][safepoint      ] Safepoint "Cleanup", Time since last: 1000113893 ns, Reaching safepoint: 84004 ns, At safepoint: 6000 ns, Total: 90004 ns
[37.510s][info ][safepoint      ] Safepoint "Cleanup", Time since last: 1000105306 ns, Reaching safepoint: 83604 ns, At safepoint: 5700 ns, Total: 89304 ns
[38.510s][info ][safepoint      ] Safepoint "Cleanup", Time since last: 1000103112 ns, Reaching safepoint: 55703 ns, At safepoint: 2800 ns, Total: 58503 ns
[39.510s][info ][safepoint      ] Safepoint "Cleanup", Time since last: 1000123323 ns, Reaching safepoint: 63403 ns, At safepoint: 4100 ns, Total: 67503 ns
[40.511s][info ][safepoint      ] Safepoint "Cleanup", Time since last: 1000115123 ns, Reaching safepoint: 48702 ns, At safepoint: 3600 ns, Total: 52302 ns
[42.073s][info ][safepoint      ] Safepoint "Cleanup", Time since last: 1561752672 ns, Reaching safepoint: 177707 ns, At safepoint: 6300 ns, Total: 184007 ns
[43.073s][info ][safepoint      ] Safepoint "Cleanup", Time since last: 1000125824 ns, Reaching safepoint: 50102 ns, At safepoint: 2300 ns, Total: 52402 ns
[44.073s][info ][safepoint      ] Safepoint "Cleanup", Time since last: 1000088822 ns, Reaching safepoint: 73903 ns, At safepoint: 6401 ns, Total: 80304 ns
[45.073s][info ][safepoint      ] Safepoint "Cleanup", Time since last: 1000114622 ns, Reaching safepoint: 52703 ns, At safepoint: 4700 ns, Total: 57403 ns
[46.073s][info ][safepoint      ] Safepoint "Cleanup", Time since last: 1000111723 ns, Reaching safepoint: 61402 ns, At safepoint: 5301 ns, Total: 66703 ns
[47.073s][info ][safepoint      ] Safepoint "Cleanup", Time since last: 1000111078 ns, Reaching safepoint: 87204 ns, At safepoint: 7600 ns, Total: 94804 ns
[48.074s][info ][safepoint      ] Safepoint "Cleanup", Time since last: 1000075179 ns, Reaching safepoint: 53802 ns, At safepoint: 3000 ns, Total: 56802 ns
[49.074s][info ][safepoint      ] Safepoint "Cleanup", Time since last: 1000106980 ns, Reaching safepoint: 45502 ns, At safepoint: 4400 ns, Total: 49902 ns
[50.074s][info ][safepoint      ] Safepoint "Cleanup", Time since last: 1000155582 ns, Reaching safepoint: 55403 ns, At safepoint: 5400 ns, Total: 60803 ns
[51.074s][info ][safepoint      ] Safepoint "Cleanup", Time since last: 1000101280 ns, Reaching safepoint: 66603 ns, At safepoint: 3600 ns, Total: 70203 ns
[52.074s][info ][safepoint      ] Safepoint "Cleanup", Time since last: 1000130081 ns, Reaching safepoint: 57802 ns, At safepoint: 5100 ns, Total: 62902 ns
[53.074s][info ][safepoint      ] Safepoint "Cleanup", Time since last: 1000097280 ns, Reaching safepoint: 49702 ns, At safepoint: 3700 ns, Total: 53402 ns
[54.075s][info ][safepoint      ] Safepoint "Cleanup", Time since last: 1000091880 ns, Reaching safepoint: 41802 ns, At safepoint: 2600 ns, Total: 44402 ns
[55.075s][info ][safepoint      ] Safepoint "Cleanup", Time since last: 1000385607 ns, Reaching safepoint: 62003 ns, At safepoint: 2600 ns, Total: 64603 ns
[56.075s][info ][safepoint      ] Safepoint "Cleanup", Time since last: 1000117413 ns, Reaching safepoint: 63403 ns, At safepoint: 5300 ns, Total: 68703 ns
[57.075s][info ][safepoint      ] Safepoint "Cleanup", Time since last: 1000110813 ns, Reaching safepoint: 34302 ns, At safepoint: 7100 ns, Total: 41402 ns
[58.076s][info ][safepoint      ] Safepoint "Cleanup", Time since last: 1000116113 ns, Reaching safepoint: 51903 ns, At safepoint: 2400 ns, Total: 54303 ns
[59.076s][info ][safepoint      ] Safepoint "Cleanup", Time since last: 1000083712 ns, Reaching safepoint: 43802 ns, At safepoint: 3000 ns, Total: 46802 ns
[60.076s][info ][safepoint      ] Safepoint "Cleanup", Time since last: 1000113413 ns, Reaching safepoint: 50302 ns, At safepoint: 2400 ns, Total: 52702 ns
[62.076s][info ][safepoint      ] Safepoint "Cleanup", Time since last: 2000568042 ns, Reaching safepoint: 46502 ns, At safepoint: 4600 ns, Total: 51102 ns
[63.077s][info ][safepoint      ] Safepoint "Cleanup", Time since last: 1000107310 ns, Reaching safepoint: 62802 ns, At safepoint: 2601 ns, Total: 65403 ns
[65.077s][info ][safepoint      ] Safepoint "Cleanup", Time since last: 2000166788 ns, Reaching safepoint: 47302 ns, At safepoint: 4201 ns, Total: 51503 ns
[66.077s][info ][safepoint      ] Safepoint "Cleanup", Time since last: 1000114595 ns, Reaching safepoint: 42502 ns, At safepoint: 3100 ns, Total: 45602 ns
[66.852s][info ][gc,start       ] GC(8) Pause Young (Allocation Failure)
[66.934s][debug][gc,phases      ] GC(8) Scavenge 81.490ms
[66.934s][debug][gc,ref         ] GC(8) Skipped phase 1 of Reference Processing: no references
[66.934s][debug][gc,ref         ] GC(8) ReferenceProcessor::execute queues: 4, RefProcThreadModel::Multi, marks_oops_alive: false
[66.935s][debug][gc,ref         ] GC(8) ReferenceProcessor::execute queues: 4, RefProcThreadModel::Multi, marks_oops_alive: true
[66.935s][debug][gc,ref         ] GC(8) ReferenceProcessor::execute queues: 1, RefProcThreadModel::Single, marks_oops_alive: false
[66.935s][debug][gc,phases      ] GC(8) Reference Processing 0.963ms
[66.935s][debug][gc,phases      ] GC(8)   VM Weak                        Min:  0.0, Avg:  0.0, Max:  0.0, Diff:  0.0, Sum:  0.0, Workers: 4
[66.935s][debug][gc,phases      ] GC(8)     Dead                           Min: 0, Avg:  0.0, Max: 0, Diff: 0, Sum: 0, Workers: 4
[66.935s][debug][gc,phases      ] GC(8)     Total                          Min: 78, Avg: 163.5, Max: 192, Diff: 114, Sum: 654, Workers: 4
[66.935s][debug][gc,phases      ] GC(8)   ObjectSynchronizer Weak        Min:  0.0, Avg:  0.0, Max:  0.0, Diff:  0.0, Sum:  0.0, Workers: 4
[66.935s][debug][gc,phases      ] GC(8)     Dead                           Min: 0, Avg:  0.0, Max: 0, Diff: 0, Sum: 0, Workers: 4
[66.935s][debug][gc,phases      ] GC(8)     Total                          Min: 0, Avg:  8.0, Max: 32, Diff: 32, Sum: 32, Workers: 4
[66.935s][debug][gc,phases      ] GC(8)   JVMTI Tag Weak OopStorage      Min:  0.0, Avg:  0.0, Max:  0.0, Diff:  0.0, Sum:  0.0, Workers: 4
[66.935s][debug][gc,phases      ] GC(8)     Dead                           Min: 0, Avg:  0.0, Max: 0, Diff: 0, Sum: 0, Workers: 4
[66.935s][debug][gc,phases      ] GC(8)     Total                          Min: 0, Avg:  0.0, Max: 0, Diff: 0, Sum: 0, Workers: 4
[66.935s][debug][gc,phases      ] GC(8)   StringTable Weak               Min:  0.5, Avg:  0.5, Max:  0.5, Diff:  0.0, Sum:  1.9, Workers: 4
[66.935s][debug][gc,phases      ] GC(8)     Dead                           Min: 0, Avg:  0.0, Max: 0, Diff: 0, Sum: 0, Workers: 4
[66.935s][debug][gc,phases      ] GC(8)     Total                          Min: 10240, Avg: 10434.8, Max: 10635, Diff: 395, Sum: 41739, Workers: 4
[66.935s][debug][gc,phases      ] GC(8)   ResolvedMethodTable Weak       Min:  0.1, Avg:  0.1, Max:  0.1, Diff:  0.0, Sum:  0.4, Workers: 4
[66.935s][debug][gc,phases      ] GC(8)     Dead                           Min: 0, Avg:  0.0, Max: 0, Diff: 0, Sum: 0, Workers: 4
[66.935s][debug][gc,phases      ] GC(8)     Total                          Min: 1728, Avg: 2018.8, Max: 2304, Diff: 576, Sum: 8075, Workers: 4
[66.935s][debug][gc,phases      ] GC(8)   JNI Weak                       Min:  0.0, Avg:  0.0, Max:  0.0, Diff:  0.0, Sum:  0.0, Workers: 4
[66.935s][debug][gc,phases      ] GC(8)     Dead                           Min: 0, Avg:  0.0, Max: 0, Diff: 0, Sum: 0, Workers: 4
[66.935s][debug][gc,phases      ] GC(8)     Total                          Min: 0, Avg: 11.2, Max: 45, Diff: 45, Sum: 45, Workers: 4
[66.935s][debug][gc,phases      ] GC(8)   StringDedup Table Weak         Min:  0.0, Avg:  0.0, Max:  0.0, Diff:  0.0, Sum:  0.0, Workers: 4
[66.935s][debug][gc,phases      ] GC(8)     Dead                           Min: 0, Avg:  0.0, Max: 0, Diff: 0, Sum: 0, Workers: 4
[66.935s][debug][gc,phases      ] GC(8)     Total                          Min: 0, Avg:  0.0, Max: 0, Diff: 0, Sum: 0, Workers: 4
[66.935s][debug][gc,phases      ] GC(8)   StringDedup Requests0 Weak     Min:  0.0, Avg:  0.0, Max:  0.0, Diff:  0.0, Sum:  0.0, Workers: 4
[66.935s][debug][gc,phases      ] GC(8)     Dead                           Min: 0, Avg:  0.0, Max: 0, Diff: 0, Sum: 0, Workers: 4
[66.935s][debug][gc,phases      ] GC(8)     Total                          Min: 0, Avg:  0.0, Max: 0, Diff: 0, Sum: 0, Workers: 4
[66.935s][debug][gc,phases      ] GC(8)   StringDedup Requests1 Weak     Min:  0.0, Avg:  0.0, Max:  0.0, Diff:  0.0, Sum:  0.0, Workers: 4
[66.935s][debug][gc,phases      ] GC(8)     Dead                           Min: 0, Avg:  0.0, Max: 0, Diff: 0, Sum: 0, Workers: 4
[66.935s][debug][gc,phases      ] GC(8)     Total                          Min: 0, Avg:  0.0, Max: 0, Diff: 0, Sum: 0, Workers: 4
[66.935s][debug][gc,phases      ] GC(8)   Weak JFR Old Object Samples    Min:  0.0, Avg:  0.0, Max:  0.0, Diff:  0.0, Sum:  0.0, Workers: 4
[66.935s][debug][gc,phases      ] GC(8)     Dead                           Min: 0, Avg:  0.0, Max: 0, Diff: 0, Sum: 0, Workers: 4
[66.935s][debug][gc,phases      ] GC(8)     Total                          Min: 0, Avg:  0.0, Max: 0, Diff: 0, Sum: 0, Workers: 4
[66.935s][debug][gc,phases      ] GC(8) Weak Processing 0.809ms
[66.935s][debug][gc,age         ] GC(8) Desired survivor size 387448832 bytes, new threshold 8 (max threshold 15)
[66.935s][info ][gc,heap        ] GC(8) PSYoungGen: 1263243K(1572864K)->214615K(1718784K) Eden: 1048576K(1048576K)->0K(1194496K) From: 214667K(524288K)->214615K(524288K)
[66.935s][info ][gc,heap        ] GC(8) ParOldGen: 6190K(18944K)->6198K(18944K)
[66.935s][info ][gc,metaspace   ] GC(8) Metaspace: 75076K(75904K)->75076K(75904K) NonClass: 64252K(64704K)->64252K(64704K) Class: 10824K(11200K)->10824K(11200K)
[66.936s][info ][gc             ] GC(8) Pause Young (Allocation Failure) 1239M->215M(1697M) 83.407ms
[66.936s][info ][gc,cpu         ] GC(8) User=0.31s Sys=0.01s Real=0.09s
[66.936s][info ][safepoint      ] Safepoint "ParallelGCFailedAllocation", Time since last: 775005818 ns, Reaching safepoint: 41102 ns, At safepoint: 83634496 ns, Total: 83675598 ns
[67.936s][info ][safepoint      ] Safepoint "Cleanup", Time since last: 1000134096 ns, Reaching safepoint: 107605 ns, At safepoint: 15500 ns, Total: 123105 ns
[68.936s][info ][safepoint      ] Safepoint "Cleanup", Time since last: 1000120896 ns, Reaching safepoint: 55703 ns, At safepoint: 5200 ns, Total: 60903 ns
[69.936s][info ][safepoint      ] Safepoint "Cleanup", Time since last: 1000121096 ns, Reaching safepoint: 55002 ns, At safepoint: 4901 ns, Total: 59903 ns
[70.936s][info ][safepoint      ] Safepoint "Cleanup", Time since last: 1000126116 ns, Reaching safepoint: 51002 ns, At safepoint: 4301 ns, Total: 55303 ns
[72.937s][info ][safepoint      ] Safepoint "Cleanup", Time since last: 2000381823 ns, Reaching safepoint: 46002 ns, At safepoint: 2500 ns, Total: 48502 ns
[73.937s][info ][safepoint      ] Safepoint "Cleanup", Time since last: 1000184862 ns, Reaching safepoint: 65703 ns, At safepoint: 6800 ns, Total: 72503 ns
[74.937s][info ][safepoint      ] Safepoint "Cleanup", Time since last: 1000120159 ns, Reaching safepoint: 50902 ns, At safepoint: 3700 ns, Total: 54602 ns
[76.938s][info ][safepoint      ] Safepoint "Cleanup", Time since last: 2000196616 ns, Reaching safepoint: 59802 ns, At safepoint: 2801 ns, Total: 62603 ns
[78.938s][info ][safepoint      ] Safepoint "Cleanup", Time since last: 2000201545 ns, Reaching safepoint: 49202 ns, At safepoint: 2400 ns, Total: 51602 ns
[79.938s][info ][safepoint      ] Safepoint "Cleanup", Time since last: 1000144225 ns, Reaching safepoint: 51502 ns, At safepoint: 5900 ns, Total: 57402 ns
[80.938s][info ][safepoint      ] Safepoint "Cleanup", Time since last: 1000144925 ns, Reaching safepoint: 49602 ns, At safepoint: 5001 ns, Total: 54603 ns
[81.938s][info ][safepoint      ] Safepoint "Cleanup", Time since last: 1000114423 ns, Reaching safepoint: 48202 ns, At safepoint: 5300 ns, Total: 53502 ns
[82.939s][info ][safepoint      ] Safepoint "Cleanup", Time since last: 1000116424 ns, Reaching safepoint: 56402 ns, At safepoint: 7301 ns, Total: 63703 ns
[83.939s][info ][safepoint      ] Safepoint "Cleanup", Time since last: 1000116623 ns, Reaching safepoint: 47002 ns, At safepoint: 2801 ns, Total: 49803 ns
[84.939s][info ][safepoint      ] Safepoint "Cleanup", Time since last: 1000101523 ns, Reaching safepoint: 56302 ns, At safepoint: 3600 ns, Total: 59902 ns
[85.939s][info ][safepoint      ] Safepoint "Cleanup", Time since last: 1000122924 ns, Reaching safepoint: 40102 ns, At safepoint: 2700 ns, Total: 42802 ns
[86.939s][info ][safepoint      ] Safepoint "Cleanup", Time since last: 1000127071 ns, Reaching safepoint: 50402 ns, At safepoint: 3500 ns, Total: 53902 ns
[87.939s][info ][safepoint      ] Safepoint "Cleanup", Time since last: 1000127809 ns, Reaching safepoint: 62702 ns, At safepoint: 5901 ns, Total: 68603 ns
[88.940s][info ][safepoint      ] Safepoint "Cleanup", Time since last: 1000119508 ns, Reaching safepoint: 58102 ns, At safepoint: 2901 ns, Total: 61003 ns
[89.940s][info ][safepoint      ] Safepoint "Cleanup", Time since last: 1000120908 ns, Reaching safepoint: 58002 ns, At safepoint: 6801 ns, Total: 64803 ns
[90.940s][info ][safepoint      ] Safepoint "Cleanup", Time since last: 1000157910 ns, Reaching safepoint: 83203 ns, At safepoint: 37702 ns, Total: 120905 ns
[92.941s][info ][safepoint      ] Safepoint "Cleanup", Time since last: 2000472526 ns, Reaching safepoint: 48702 ns, At safepoint: 3001 ns, Total: 51703 ns
[93.941s][info ][safepoint      ] Safepoint "Cleanup", Time since last: 1000230713 ns, Reaching safepoint: 45902 ns, At safepoint: 3100 ns, Total: 49002 ns
[94.941s][info ][safepoint      ] Safepoint "Cleanup", Time since last: 1000132250 ns, Reaching safepoint: 48002 ns, At safepoint: 3101 ns, Total: 51103 ns
[95.941s][info ][safepoint      ] Safepoint "Cleanup", Time since last: 1000114534 ns, Reaching safepoint: 40801 ns, At safepoint: 2701 ns, Total: 43502 ns
[96.941s][info ][safepoint      ] Safepoint "Cleanup", Time since last: 1000116034 ns, Reaching safepoint: 55202 ns, At safepoint: 3100 ns, Total: 58302 ns
[97.942s][info ][safepoint      ] Safepoint "Cleanup", Time since last: 1000112734 ns, Reaching safepoint: 35502 ns, At safepoint: 2300 ns, Total: 37802 ns
[98.942s][info ][safepoint      ] Safepoint "Cleanup", Time since last: 1000111734 ns, Reaching safepoint: 53602 ns, At safepoint: 4201 ns, Total: 57803 ns
[100.942s][info ][safepoint      ] Safepoint "Cleanup", Time since last: 2000196066 ns, Reaching safepoint: 55803 ns, At safepoint: 7200 ns, Total: 63003 ns
[101.942s][info ][safepoint      ] Safepoint "Cleanup", Time since last: 1000116834 ns, Reaching safepoint: 49503 ns, At safepoint: 2900 ns, Total: 52403 ns
[103.682s][info ][safepoint      ] Safepoint "Cleanup", Time since last: 1739285611 ns, Reaching safepoint: 107104 ns, At safepoint: 3700 ns, Total: 110804 ns
[104.682s][info ][safepoint      ] Safepoint "Cleanup", Time since last: 1000074979 ns, Reaching safepoint: 62803 ns, At safepoint: 3600 ns, Total: 66403 ns
[105.682s][info ][safepoint      ] Safepoint "Cleanup", Time since last: 1000114881 ns, Reaching safepoint: 47302 ns, At safepoint: 4900 ns, Total: 52202 ns
[106.682s][info ][safepoint      ] Safepoint "Cleanup", Time since last: 1000128781 ns, Reaching safepoint: 43902 ns, At safepoint: 4001 ns, Total: 47903 ns
[107.682s][info ][safepoint      ] Safepoint "Cleanup", Time since last: 1000115780 ns, Reaching safepoint: 115205 ns, At safepoint: 5201 ns, Total: 120406 ns
[108.682s][info ][safepoint      ] Safepoint "Cleanup", Time since last: 1000108880 ns, Reaching safepoint: 42302 ns, At safepoint: 4000 ns, Total: 46302 ns
[109.683s][info ][safepoint      ] Safepoint "Cleanup", Time since last: 1000123781 ns, Reaching safepoint: 71203 ns, At safepoint: 5700 ns, Total: 76903 ns
[110.683s][info ][safepoint      ] Safepoint "Cleanup", Time since last: 1000125164 ns, Reaching safepoint: 43602 ns, At safepoint: 5100 ns, Total: 48702 ns
[115.683s][info ][safepoint      ] Safepoint "Cleanup", Time since last: 5000333359 ns, Reaching safepoint: 38702 ns, At safepoint: 2500 ns, Total: 41202 ns
[117.805s][info ][gc,start       ] GC(9) Pause Young (Allocation Failure)
[117.902s][debug][gc,phases      ] GC(9) Scavenge 97.217ms
[117.902s][debug][gc,ref         ] GC(9) Skipped phase 1 of Reference Processing: no references
[117.903s][debug][gc,ref         ] GC(9) ReferenceProcessor::execute queues: 4, RefProcThreadModel::Multi, marks_oops_alive: false
[117.903s][debug][gc,ref         ] GC(9) Skipped phase 3 of Reference Processing: no references
[117.903s][debug][gc,ref         ] GC(9) ReferenceProcessor::execute queues: 1, RefProcThreadModel::Single, marks_oops_alive: false
[117.903s][debug][gc,phases      ] GC(9) Reference Processing 0.751ms
[117.904s][debug][gc,phases      ] GC(9)   VM Weak                        Min:  0.0, Avg:  0.0, Max:  0.0, Diff:  0.0, Sum:  0.0, Workers: 4
[117.904s][debug][gc,phases      ] GC(9)     Dead                           Min: 0, Avg:  0.0, Max: 0, Diff: 0, Sum: 0, Workers: 4
[117.904s][debug][gc,phases      ] GC(9)     Total                          Min: 0, Avg: 163.5, Max: 320, Diff: 320, Sum: 654, Workers: 4
[117.904s][debug][gc,phases      ] GC(9)   ObjectSynchronizer Weak        Min:  0.0, Avg:  0.0, Max:  0.0, Diff:  0.0, Sum:  0.0, Workers: 4
[117.904s][debug][gc,phases      ] GC(9)     Dead                           Min: 0, Avg:  0.0, Max: 0, Diff: 0, Sum: 0, Workers: 4
[117.904s][debug][gc,phases      ] GC(9)     Total                          Min: 0, Avg:  8.0, Max: 32, Diff: 32, Sum: 32, Workers: 4
[117.904s][debug][gc,phases      ] GC(9)   JVMTI Tag Weak OopStorage      Min:  0.0, Avg:  0.0, Max:  0.0, Diff:  0.0, Sum:  0.0, Workers: 4
[117.904s][debug][gc,phases      ] GC(9)     Dead                           Min: 0, Avg:  0.0, Max: 0, Diff: 0, Sum: 0, Workers: 4
[117.904s][debug][gc,phases      ] GC(9)     Total                          Min: 0, Avg:  0.0, Max: 0, Diff: 0, Sum: 0, Workers: 4
[117.904s][debug][gc,phases      ] GC(9)   StringTable Weak               Min:  0.0, Avg:  0.4, Max:  0.5, Diff:  0.5, Sum:  1.5, Workers: 4
[117.904s][debug][gc,phases      ] GC(9)     Dead                           Min: 0, Avg:  0.0, Max: 0, Diff: 0, Sum: 0, Workers: 4
[117.904s][debug][gc,phases      ] GC(9)     Total                          Min: 0, Avg: 10446.5, Max: 17594, Diff: 17594, Sum: 41786, Workers: 4
[117.904s][debug][gc,phases      ] GC(9)   ResolvedMethodTable Weak       Min:  0.0, Avg:  0.1, Max:  0.1, Diff:  0.1, Sum:  0.3, Workers: 4
[117.904s][debug][gc,phases      ] GC(9)     Dead                           Min: 0, Avg:  0.2, Max: 1, Diff: 1, Sum: 1, Workers: 4
[117.904s][debug][gc,phases      ] GC(9)     Total                          Min: 0, Avg: 2018.8, Max: 3391, Diff: 3391, Sum: 8075, Workers: 4
[117.904s][debug][gc,phases      ] GC(9)   JNI Weak                       Min:  0.0, Avg:  0.0, Max:  0.0, Diff:  0.0, Sum:  0.0, Workers: 4
[117.904s][debug][gc,phases      ] GC(9)     Dead                           Min: 0, Avg:  0.0, Max: 0, Diff: 0, Sum: 0, Workers: 4
[117.904s][debug][gc,phases      ] GC(9)     Total                          Min: 0, Avg: 11.2, Max: 45, Diff: 45, Sum: 45, Workers: 4
[117.904s][debug][gc,phases      ] GC(9)   StringDedup Table Weak         Min:  0.0, Avg:  0.0, Max:  0.0, Diff:  0.0, Sum:  0.0, Workers: 4
[117.904s][debug][gc,phases      ] GC(9)     Dead                           Min: 0, Avg:  0.0, Max: 0, Diff: 0, Sum: 0, Workers: 4
[117.904s][debug][gc,phases      ] GC(9)     Total                          Min: 0, Avg:  0.0, Max: 0, Diff: 0, Sum: 0, Workers: 4
[117.904s][debug][gc,phases      ] GC(9)   StringDedup Requests0 Weak     Min:  0.0, Avg:  0.0, Max:  0.0, Diff:  0.0, Sum:  0.0, Workers: 4
[117.904s][debug][gc,phases      ] GC(9)     Dead                           Min: 0, Avg:  0.0, Max: 0, Diff: 0, Sum: 0, Workers: 4
[117.904s][debug][gc,phases      ] GC(9)     Total                          Min: 0, Avg:  0.0, Max: 0, Diff: 0, Sum: 0, Workers: 4
[117.904s][debug][gc,phases      ] GC(9)   StringDedup Requests1 Weak     Min:  0.0, Avg:  0.0, Max:  0.0, Diff:  0.0, Sum:  0.0, Workers: 4
[117.904s][debug][gc,phases      ] GC(9)     Dead                           Min: 0, Avg:  0.0, Max: 0, Diff: 0, Sum: 0, Workers: 4
[117.904s][debug][gc,phases      ] GC(9)     Total                          Min: 0, Avg:  0.0, Max: 0, Diff: 0, Sum: 0, Workers: 4
[117.904s][debug][gc,phases      ] GC(9)   Weak JFR Old Object Samples    Min:  0.0, Avg:  0.0, Max:  0.0, Diff:  0.0, Sum:  0.0, Workers: 4
[117.904s][debug][gc,phases      ] GC(9)     Dead                           Min: 0, Avg:  0.0, Max: 0, Diff: 0, Sum: 0, Workers: 4
[117.904s][debug][gc,phases      ] GC(9)     Total                          Min: 0, Avg:  0.0, Max: 0, Diff: 0, Sum: 0, Workers: 4
[117.904s][debug][gc,phases      ] GC(9) Weak Processing 0.826ms
[117.904s][debug][gc,age         ] GC(9) Desired survivor size 371195904 bytes, new threshold 9 (max threshold 15)
[117.904s][info ][gc,heap        ] GC(9) PSYoungGen: 1409111K(1718784K)->214491K(1572864K) Eden: 1194496K(1194496K)->0K(1194496K) From: 214615K(524288K)->214491K(378368K)
[117.904s][info ][gc,heap        ] GC(9) ParOldGen: 6198K(18944K)->6206K(18944K)
[117.904s][info ][gc,metaspace   ] GC(9) Metaspace: 75136K(75904K)->75136K(75904K) NonClass: 64312K(64704K)->64312K(64704K) Class: 10824K(11200K)->10824K(11200K)
[117.904s][info ][gc             ] GC(9) Pause Young (Allocation Failure) 1382M->215M(1554M) 98.926ms
[117.904s][info ][gc,cpu         ] GC(9) User=0.34s Sys=0.02s Real=0.10s
[117.904s][info ][safepoint      ] Safepoint "ParallelGCFailedAllocation", Time since last: 2121731527 ns, Reaching safepoint: 32201 ns, At safepoint: 99002561 ns, Total: 99034762 ns
[118.904s][info ][safepoint      ] Safepoint "Cleanup", Time since last: 1000094868 ns, Reaching safepoint: 112004 ns, At safepoint: 8701 ns, Total: 120705 ns
[123.905s][info ][safepoint      ] Safepoint "Cleanup", Time since last: 5000332066 ns, Reaching safepoint: 41301 ns, At safepoint: 2801 ns, Total: 44102 ns
[126.905s][info ][safepoint      ] Safepoint "Cleanup", Time since last: 3000293205 ns, Reaching safepoint: 56703 ns, At safepoint: 6700 ns, Total: 63403 ns
[127.905s][info ][safepoint      ] Safepoint "Cleanup", Time since last: 1000121289 ns, Reaching safepoint: 46102 ns, At safepoint: 2700 ns, Total: 48802 ns
[129.905s][info ][safepoint      ] Safepoint "Cleanup", Time since last: 2000181476 ns, Reaching safepoint: 40302 ns, At safepoint: 2400 ns, Total: 42702 ns
[135.906s][info ][safepoint      ] Safepoint "Cleanup", Time since last: 6000421787 ns, Reaching safepoint: 42202 ns, At safepoint: 4300 ns, Total: 46502 ns
[137.906s][info ][safepoint      ] Safepoint "Cleanup", Time since last: 2000180235 ns, Reaching safepoint: 34701 ns, At safepoint: 2700 ns, Total: 37401 ns
[140.906s][info ][safepoint      ] Safepoint "Cleanup", Time since last: 3000247402 ns, Reaching safepoint: 43002 ns, At safepoint: 2800 ns, Total: 45802 ns
[143.907s][info ][safepoint      ] Safepoint "Cleanup", Time since last: 3000280700 ns, Reaching safepoint: 44402 ns, At safepoint: 2400 ns, Total: 46802 ns
[144.907s][info ][safepoint      ] Safepoint "Cleanup", Time since last: 1000106545 ns, Reaching safepoint: 40002 ns, At safepoint: 2100 ns, Total: 42102 ns
[145.907s][info ][safepoint      ] Safepoint "Cleanup", Time since last: 1000111246 ns, Reaching safepoint: 47302 ns, At safepoint: 6700 ns, Total: 54002 ns
[148.907s][info ][safepoint      ] Safepoint "Cleanup", Time since last: 3000257983 ns, Reaching safepoint: 39402 ns, At safepoint: 2800 ns, Total: 42202 ns
[152.908s][info ][safepoint      ] Safepoint "Cleanup", Time since last: 4000313976 ns, Reaching safepoint: 46702 ns, At safepoint: 2700 ns, Total: 49402 ns
[156.908s][info ][safepoint      ] Safepoint "Cleanup", Time since last: 4000391222 ns, Reaching safepoint: 67903 ns, At safepoint: 33501 ns, Total: 101404 ns
[158.908s][info ][safepoint      ] Safepoint "Cleanup", Time since last: 2000185483 ns, Reaching safepoint: 66702 ns, At safepoint: 5201 ns, Total: 71903 ns
[165.910s][info ][safepoint      ] Safepoint "Cleanup", Time since last: 7001256574 ns, Reaching safepoint: 44102 ns, At safepoint: 2800 ns, Total: 46902 ns
[169.406s][info ][gc,start       ] GC(10) Pause Young (Allocation Failure)
[169.498s][debug][gc,phases      ] GC(10) Scavenge 91.533ms
[169.498s][debug][gc,ref         ] GC(10) Skipped phase 1 of Reference Processing: no references
[169.498s][debug][gc,ref         ] GC(10) ReferenceProcessor::execute queues: 4, RefProcThreadModel::Multi, marks_oops_alive: false
[169.499s][debug][gc,ref         ] GC(10) Skipped phase 3 of Reference Processing: no references
[169.499s][debug][gc,ref         ] GC(10) ReferenceProcessor::execute queues: 1, RefProcThreadModel::Single, marks_oops_alive: false
[169.499s][debug][gc,phases      ] GC(10) Reference Processing 0.811ms
[169.499s][debug][gc,phases      ] GC(10)   VM Weak                        Min:  0.0, Avg:  0.0, Max:  0.0, Diff:  0.0, Sum:  0.0, Workers: 4
[169.499s][debug][gc,phases      ] GC(10)     Dead                           Min: 0, Avg:  0.0, Max: 0, Diff: 0, Sum: 0, Workers: 4
[169.499s][debug][gc,phases      ] GC(10)     Total                          Min: 0, Avg: 163.5, Max: 334, Diff: 334, Sum: 654, Workers: 4
[169.499s][debug][gc,phases      ] GC(10)   ObjectSynchronizer Weak        Min:  0.0, Avg:  0.0, Max:  0.0, Diff:  0.0, Sum:  0.0, Workers: 4
[169.499s][debug][gc,phases      ] GC(10)     Dead                           Min: 0, Avg:  0.0, Max: 0, Diff: 0, Sum: 0, Workers: 4
[169.499s][debug][gc,phases      ] GC(10)     Total                          Min: 0, Avg:  8.0, Max: 32, Diff: 32, Sum: 32, Workers: 4
[169.499s][debug][gc,phases      ] GC(10)   JVMTI Tag Weak OopStorage      Min:  0.0, Avg:  0.0, Max:  0.0, Diff:  0.0, Sum:  0.0, Workers: 4
[169.499s][debug][gc,phases      ] GC(10)     Dead                           Min: 0, Avg:  0.0, Max: 0, Diff: 0, Sum: 0, Workers: 4
[169.499s][debug][gc,phases      ] GC(10)     Total                          Min: 0, Avg:  0.0, Max: 0, Diff: 0, Sum: 0, Workers: 4
[169.499s][debug][gc,phases      ] GC(10)   StringTable Weak               Min:  0.0, Avg:  0.4, Max:  0.5, Diff:  0.5, Sum:  1.4, Workers: 4
[169.499s][debug][gc,phases      ] GC(10)     Dead                           Min: 0, Avg:  0.0, Max: 0, Diff: 0, Sum: 0, Workers: 4
[169.499s][debug][gc,phases      ] GC(10)     Total                          Min: 0, Avg: 10462.8, Max: 17792, Diff: 17792, Sum: 41851, Workers: 4
[169.499s][debug][gc,phases      ] GC(10)   ResolvedMethodTable Weak       Min:  0.0, Avg:  0.1, Max:  0.1, Diff:  0.1, Sum:  0.3, Workers: 4
[169.499s][debug][gc,phases      ] GC(10)     Dead                           Min: 0, Avg:  0.0, Max: 0, Diff: 0, Sum: 0, Workers: 4
[169.499s][debug][gc,phases      ] GC(10)     Total                          Min: 0, Avg: 2018.8, Max: 3595, Diff: 3595, Sum: 8075, Workers: 4
[169.499s][debug][gc,phases      ] GC(10)   JNI Weak                       Min:  0.0, Avg:  0.0, Max:  0.0, Diff:  0.0, Sum:  0.0, Workers: 4
[169.499s][debug][gc,phases      ] GC(10)     Dead                           Min: 0, Avg:  0.0, Max: 0, Diff: 0, Sum: 0, Workers: 4
[169.499s][debug][gc,phases      ] GC(10)     Total                          Min: 0, Avg: 11.2, Max: 45, Diff: 45, Sum: 45, Workers: 4
[169.499s][debug][gc,phases      ] GC(10)   StringDedup Table Weak         Min:  0.0, Avg:  0.0, Max:  0.0, Diff:  0.0, Sum:  0.0, Workers: 4
[169.499s][debug][gc,phases      ] GC(10)     Dead                           Min: 0, Avg:  0.0, Max: 0, Diff: 0, Sum: 0, Workers: 4
[169.499s][debug][gc,phases      ] GC(10)     Total                          Min: 0, Avg:  0.0, Max: 0, Diff: 0, Sum: 0, Workers: 4
[169.499s][debug][gc,phases      ] GC(10)   StringDedup Requests0 Weak     Min:  0.0, Avg:  0.0, Max:  0.0, Diff:  0.0, Sum:  0.0, Workers: 4
[169.499s][debug][gc,phases      ] GC(10)     Dead                           Min: 0, Avg:  0.0, Max: 0, Diff: 0, Sum: 0, Workers: 4
[169.499s][debug][gc,phases      ] GC(10)     Total                          Min: 0, Avg:  0.0, Max: 0, Diff: 0, Sum: 0, Workers: 4
[169.499s][debug][gc,phases      ] GC(10)   StringDedup Requests1 Weak     Min:  0.0, Avg:  0.0, Max:  0.0, Diff:  0.0, Sum:  0.0, Workers: 4
[169.499s][debug][gc,phases      ] GC(10)     Dead                           Min: 0, Avg:  0.0, Max: 0, Diff: 0, Sum: 0, Workers: 4
[169.499s][debug][gc,phases      ] GC(10)     Total                          Min: 0, Avg:  0.0, Max: 0, Diff: 0, Sum: 0, Workers: 4
[169.499s][debug][gc,phases      ] GC(10)   Weak JFR Old Object Samples    Min:  0.0, Avg:  0.0, Max:  0.0, Diff:  0.0, Sum:  0.0, Workers: 4
[169.499s][debug][gc,phases      ] GC(10)     Dead                           Min: 0, Avg:  0.0, Max: 0, Diff: 0, Sum: 0, Workers: 4
[169.499s][debug][gc,phases      ] GC(10)     Total                          Min: 0, Avg:  0.0, Max: 0, Diff: 0, Sum: 0, Workers: 4
[169.499s][debug][gc,phases      ] GC(10) Weak Processing 0.780ms
[169.499s][debug][gc,age         ] GC(10) Desired survivor size 357564416 bytes, new threshold 10 (max threshold 15)
[169.499s][info ][gc,heap        ] GC(10) PSYoungGen: 1408987K(1572864K)->214532K(1747968K) Eden: 1194496K(1194496K)->0K(1385472K) From: 214491K(378368K)->214532K(362496K)
[169.499s][info ][gc,heap        ] GC(10) ParOldGen: 6206K(18944K)->6233K(18944K)
[169.499s][info ][gc,metaspace   ] GC(10) Metaspace: 75180K(75968K)->75180K(75968K) NonClass: 64356K(64768K)->64356K(64768K) Class: 10824K(11200K)->10824K(11200K)
[169.499s][info ][gc             ] GC(10) Pause Young (Allocation Failure) 1382M->215M(1725M) 93.258ms
[169.499s][info ][gc,cpu         ] GC(10) User=0.31s Sys=0.01s Real=0.09s
[169.499s][info ][safepoint      ] Safepoint "ParallelGCFailedAllocation", Time since last: 3496370246 ns, Reaching safepoint: 39001 ns, At safepoint: 93331856 ns, Total: 93370857 ns
[173.500s][info ][safepoint      ] Safepoint "Cleanup", Time since last: 4000270038 ns, Reaching safepoint: 47902 ns, At safepoint: 2700 ns, Total: 50602 ns
[186.501s][info ][safepoint      ] Safepoint "Cleanup", Time since last: 13000911711 ns, Reaching safepoint: 47202 ns, At safepoint: 4400 ns, Total: 51602 ns
[189.501s][info ][safepoint      ] Safepoint "Cleanup", Time since last: 3000268555 ns, Reaching safepoint: 50602 ns, At safepoint: 3500 ns, Total: 54102 ns
[192.501s][info ][safepoint      ] Safepoint "Cleanup", Time since last: 3000249419 ns, Reaching safepoint: 45802 ns, At safepoint: 6601 ns, Total: 52403 ns
[194.502s][info ][safepoint      ] Safepoint "Cleanup", Time since last: 2000174341 ns, Reaching safepoint: 111705 ns, At safepoint: 9500 ns, Total: 121205 ns
[198.502s][info ][safepoint      ] Safepoint "Cleanup", Time since last: 4000326400 ns, Reaching safepoint: 50702 ns, At safepoint: 15501 ns, Total: 66203 ns
[203.503s][info ][safepoint      ] Safepoint "Cleanup", Time since last: 5000406275 ns, Reaching safepoint: 118605 ns, At safepoint: 6800 ns, Total: 125405 ns
[204.503s][info ][safepoint      ] Safepoint "Cleanup", Time since last: 1000121114 ns, Reaching safepoint: 121905 ns, At safepoint: 5600 ns, Total: 127505 ns
[207.503s][info ][safepoint      ] Safepoint "Cleanup", Time since last: 3000255407 ns, Reaching safepoint: 111605 ns, At safepoint: 6700 ns, Total: 118305 ns
[208.503s][info ][safepoint      ] Safepoint "Cleanup", Time since last: 1000115695 ns, Reaching safepoint: 119606 ns, At safepoint: 6700 ns, Total: 126306 ns
[215.504s][info ][safepoint      ] Safepoint "Cleanup", Time since last: 7000560457 ns, Reaching safepoint: 45902 ns, At safepoint: 2501 ns, Total: 48403 ns
[216.504s][info ][safepoint      ] Safepoint "Cleanup", Time since last: 1000123029 ns, Reaching safepoint: 127406 ns, At safepoint: 5800 ns, Total: 133206 ns
[218.504s][info ][safepoint      ] Safepoint "Cleanup", Time since last: 2000150255 ns, Reaching safepoint: 45602 ns, At safepoint: 26501 ns, Total: 72103 ns
[224.505s][info ][safepoint      ] Safepoint "Cleanup", Time since last: 6000434884 ns, Reaching safepoint: 174408 ns, At safepoint: 6800 ns, Total: 181208 ns
[229.304s][info ][gc,start       ] GC(11) Pause Young (Allocation Failure)
[229.405s][debug][gc,phases      ] GC(11) Scavenge 100.746ms
[229.405s][debug][gc,ref         ] GC(11) Skipped phase 1 of Reference Processing: no references
[229.405s][debug][gc,ref         ] GC(11) ReferenceProcessor::execute queues: 4, RefProcThreadModel::Multi, marks_oops_alive: false
[229.405s][debug][gc,ref         ] GC(11) Skipped phase 3 of Reference Processing: no references
[229.405s][debug][gc,ref         ] GC(11) ReferenceProcessor::execute queues: 1, RefProcThreadModel::Single, marks_oops_alive: false
[229.405s][debug][gc,phases      ] GC(11) Reference Processing 0.747ms
[229.406s][debug][gc,phases      ] GC(11)   VM Weak                        Min:  0.0, Avg:  0.0, Max:  0.0, Diff:  0.0, Sum:  0.0, Workers: 4
[229.406s][debug][gc,phases      ] GC(11)     Dead                           Min: 0, Avg:  0.0, Max: 0, Diff: 0, Sum: 0, Workers: 4
[229.406s][debug][gc,phases      ] GC(11)     Total                          Min: 64, Avg: 163.5, Max: 256, Diff: 192, Sum: 654, Workers: 4
[229.406s][debug][gc,phases      ] GC(11)   ObjectSynchronizer Weak        Min:  0.0, Avg:  0.0, Max:  0.0, Diff:  0.0, Sum:  0.0, Workers: 4
[229.406s][debug][gc,phases      ] GC(11)     Dead                           Min: 0, Avg:  0.0, Max: 0, Diff: 0, Sum: 0, Workers: 4
[229.406s][debug][gc,phases      ] GC(11)     Total                          Min: 0, Avg:  8.0, Max: 32, Diff: 32, Sum: 32, Workers: 4
[229.406s][debug][gc,phases      ] GC(11)   JVMTI Tag Weak OopStorage      Min:  0.0, Avg:  0.0, Max:  0.0, Diff:  0.0, Sum:  0.0, Workers: 4
[229.406s][debug][gc,phases      ] GC(11)     Dead                           Min: 0, Avg:  0.0, Max: 0, Diff: 0, Sum: 0, Workers: 4
[229.406s][debug][gc,phases      ] GC(11)     Total                          Min: 0, Avg:  0.0, Max: 0, Diff: 0, Sum: 0, Workers: 4
[229.406s][debug][gc,phases      ] GC(11)   StringTable Weak               Min:  0.4, Avg:  0.4, Max:  0.4, Diff:  0.0, Sum:  1.8, Workers: 4
[229.406s][debug][gc,phases      ] GC(11)     Dead                           Min: 0, Avg:  0.0, Max: 0, Diff: 0, Sum: 0, Workers: 4
[229.406s][debug][gc,phases      ] GC(11)     Total                          Min: 9280, Avg: 10464.2, Max: 11136, Diff: 1856, Sum: 41857, Workers: 4
[229.406s][debug][gc,phases      ] GC(11)   ResolvedMethodTable Weak       Min:  0.1, Avg:  0.1, Max:  0.1, Diff:  0.0, Sum:  0.4, Workers: 4
[229.406s][debug][gc,phases      ] GC(11)     Dead                           Min: 0, Avg:  0.0, Max: 0, Diff: 0, Sum: 0, Workers: 4
[229.406s][debug][gc,phases      ] GC(11)     Total                          Min: 1983, Avg: 2018.8, Max: 2060, Diff: 77, Sum: 8075, Workers: 4
[229.406s][debug][gc,phases      ] GC(11)   JNI Weak                       Min:  0.0, Avg:  0.0, Max:  0.0, Diff:  0.0, Sum:  0.0, Workers: 4
[229.406s][debug][gc,phases      ] GC(11)     Dead                           Min: 0, Avg:  0.0, Max: 0, Diff: 0, Sum: 0, Workers: 4
[229.406s][debug][gc,phases      ] GC(11)     Total                          Min: 0, Avg: 11.2, Max: 45, Diff: 45, Sum: 45, Workers: 4
[229.406s][debug][gc,phases      ] GC(11)   StringDedup Table Weak         Min:  0.0, Avg:  0.0, Max:  0.0, Diff:  0.0, Sum:  0.0, Workers: 4
[229.406s][debug][gc,phases      ] GC(11)     Dead                           Min: 0, Avg:  0.0, Max: 0, Diff: 0, Sum: 0, Workers: 4
[229.406s][debug][gc,phases      ] GC(11)     Total                          Min: 0, Avg:  0.0, Max: 0, Diff: 0, Sum: 0, Workers: 4
[229.406s][debug][gc,phases      ] GC(11)   StringDedup Requests0 Weak     Min:  0.0, Avg:  0.0, Max:  0.0, Diff:  0.0, Sum:  0.0, Workers: 4
[229.406s][debug][gc,phases      ] GC(11)     Dead                           Min: 0, Avg:  0.0, Max: 0, Diff: 0, Sum: 0, Workers: 4
[229.406s][debug][gc,phases      ] GC(11)     Total                          Min: 0, Avg:  0.0, Max: 0, Diff: 0, Sum: 0, Workers: 4
[229.406s][debug][gc,phases      ] GC(11)   StringDedup Requests1 Weak     Min:  0.0, Avg:  0.0, Max:  0.0, Diff:  0.0, Sum:  0.0, Workers: 4
[229.406s][debug][gc,phases      ] GC(11)     Dead                           Min: 0, Avg:  0.0, Max: 0, Diff: 0, Sum: 0, Workers: 4
[229.406s][debug][gc,phases      ] GC(11)     Total                          Min: 0, Avg:  0.0, Max: 0, Diff: 0, Sum: 0, Workers: 4
[229.406s][debug][gc,phases      ] GC(11)   Weak JFR Old Object Samples    Min:  0.0, Avg:  0.0, Max:  0.0, Diff:  0.0, Sum:  0.0, Workers: 4
[229.406s][debug][gc,phases      ] GC(11)     Dead                           Min: 0, Avg:  0.0, Max: 0, Diff: 0, Sum: 0, Workers: 4
[229.406s][debug][gc,phases      ] GC(11)     Total                          Min: 0, Avg:  0.0, Max: 0, Diff: 0, Sum: 0, Workers: 4
[229.406s][debug][gc,phases      ] GC(11) Weak Processing 0.766ms
[229.406s][debug][gc,age         ] GC(11) Desired survivor size 347078656 bytes, new threshold 11 (max threshold 15)
[229.406s][info ][gc,heap        ] GC(11) PSYoungGen: 1600004K(1747968K)->214485K(1734656K) Eden: 1385472K(1385472K)->0K(1385472K) From: 214532K(362496K)->214485K(349184K)
[229.406s][info ][gc,heap        ] GC(11) ParOldGen: 6233K(18944K)->6241K(18944K)
[229.406s][info ][gc,metaspace   ] GC(11) Metaspace: 75210K(76032K)->75210K(76032K) NonClass: 64385K(64832K)->64385K(64832K) Class: 10824K(11200K)->10824K(11200K)
[229.406s][info ][gc             ] GC(11) Pause Young (Allocation Failure) 1568M->215M(1712M) 102.407ms
[229.406s][info ][gc,cpu         ] GC(11) User=0.33s Sys=0.05s Real=0.11s
[229.406s][info ][safepoint      ] Safepoint "ParallelGCFailedAllocation", Time since last: 4798557690 ns, Reaching safepoint: 138706 ns, At safepoint: 102483677 ns, Total: 102622383 ns
[233.407s][info ][safepoint      ] Safepoint "Cleanup", Time since last: 4000307598 ns, Reaching safepoint: 38002 ns, At safepoint: 2700 ns, Total: 40702 ns
[241.407s][info ][safepoint      ] Safepoint "Cleanup", Time since last: 8000574698 ns, Reaching safepoint: 45302 ns, At safepoint: 7700 ns, Total: 53002 ns
[244.408s][info ][safepoint      ] Safepoint "Cleanup", Time since last: 3000255427 ns, Reaching safepoint: 41601 ns, At safepoint: 2700 ns, Total: 44301 ns
[246.408s][info ][safepoint      ] Safepoint "Cleanup", Time since last: 2000178325 ns, Reaching safepoint: 59403 ns, At safepoint: 2800 ns, Total: 62203 ns
[248.408s][info ][safepoint      ] Safepoint "Cleanup", Time since last: 2000171066 ns, Reaching safepoint: 51802 ns, At safepoint: 3300 ns, Total: 55102 ns
[249.408s][info ][safepoint      ] Safepoint "Cleanup", Time since last: 1000118735 ns, Reaching safepoint: 46102 ns, At safepoint: 4800 ns, Total: 50902 ns
[250.408s][info ][safepoint      ] Safepoint "Cleanup", Time since last: 1000104634 ns, Reaching safepoint: 36602 ns, At safepoint: 2600 ns, Total: 39202 ns
[251.409s][info ][safepoint      ] Safepoint "Cleanup", Time since last: 1000102634 ns, Reaching safepoint: 45302 ns, At safepoint: 11000 ns, Total: 56302 ns
[255.409s][info ][safepoint      ] Safepoint "Cleanup", Time since last: 4000302314 ns, Reaching safepoint: 50002 ns, At safepoint: 3500 ns, Total: 53502 ns
[261.409s][info ][safepoint      ] Safepoint "Cleanup", Time since last: 6000447075 ns, Reaching safepoint: 40602 ns, At safepoint: 2800 ns, Total: 43402 ns
[262.410s][info ][safepoint      ] Safepoint "Cleanup", Time since last: 1000136607 ns, Reaching safepoint: 47502 ns, At safepoint: 2300 ns, Total: 49802 ns
[264.410s][info ][safepoint      ] Safepoint "Cleanup", Time since last: 2000174618 ns, Reaching safepoint: 42502 ns, At safepoint: 2400 ns, Total: 44902 ns
[268.410s][info ][safepoint      ] Safepoint "Cleanup", Time since last: 4000286232 ns, Reaching safepoint: 51803 ns, At safepoint: 5400 ns, Total: 57203 ns
[269.410s][info ][safepoint      ] Safepoint "Cleanup", Time since last: 1000114910 ns, Reaching safepoint: 41102 ns, At safepoint: 3900 ns, Total: 45002 ns
[271.411s][info ][safepoint      ] Safepoint "Cleanup", Time since last: 2000195992 ns, Reaching safepoint: 40502 ns, At safepoint: 2500 ns, Total: 43002 ns
[272.411s][info ][safepoint      ] Safepoint "Cleanup", Time since last: 1000113739 ns, Reaching safepoint: 45802 ns, At safepoint: 5300 ns, Total: 51102 ns
[273.411s][info ][safepoint      ] Safepoint "Cleanup", Time since last: 1000096139 ns, Reaching safepoint: 40001 ns, At safepoint: 3501 ns, Total: 43502 ns
[281.411s][info ][safepoint      ] Safepoint "Cleanup", Time since last: 8000600658 ns, Reaching safepoint: 52003 ns, At safepoint: 2400 ns, Total: 54403 ns
[286.412s][info ][safepoint      ] Safepoint "Cleanup", Time since last: 5000339912 ns, Reaching safepoint: 48702 ns, At safepoint: 3300 ns, Total: 52002 ns
[287.412s][info ][safepoint      ] Safepoint "Cleanup", Time since last: 1000115985 ns, Reaching safepoint: 42501 ns, At safepoint: 2201 ns, Total: 44702 ns
[288.804s][info ][gc,start       ] GC(12) Pause Young (Allocation Failure)
[288.890s][debug][gc,phases      ] GC(12) Scavenge 86.462ms
[288.890s][debug][gc,ref         ] GC(12) Skipped phase 1 of Reference Processing: no references
[288.890s][debug][gc,ref         ] GC(12) ReferenceProcessor::execute queues: 4, RefProcThreadModel::Multi, marks_oops_alive: false
[288.891s][debug][gc,ref         ] GC(12) Skipped phase 3 of Reference Processing: no references
[288.891s][debug][gc,ref         ] GC(12) ReferenceProcessor::execute queues: 1, RefProcThreadModel::Single, marks_oops_alive: false
[288.891s][debug][gc,phases      ] GC(12) Reference Processing 0.918ms
[288.892s][debug][gc,phases      ] GC(12)   VM Weak                        Min:  0.0, Avg:  0.0, Max:  0.0, Diff:  0.0, Sum:  0.0, Workers: 4
[288.892s][debug][gc,phases      ] GC(12)     Dead                           Min: 0, Avg:  0.0, Max: 0, Diff: 0, Sum: 0, Workers: 4
[288.892s][debug][gc,phases      ] GC(12)     Total                          Min: 0, Avg: 163.5, Max: 654, Diff: 654, Sum: 654, Workers: 4
[288.892s][debug][gc,phases      ] GC(12)   ObjectSynchronizer Weak        Min:  0.0, Avg:  0.0, Max:  0.0, Diff:  0.0, Sum:  0.0, Workers: 4
[288.892s][debug][gc,phases      ] GC(12)     Dead                           Min: 0, Avg:  0.0, Max: 0, Diff: 0, Sum: 0, Workers: 4
[288.892s][debug][gc,phases      ] GC(12)     Total                          Min: 0, Avg:  8.0, Max: 32, Diff: 32, Sum: 32, Workers: 4
[288.892s][debug][gc,phases      ] GC(12)   JVMTI Tag Weak OopStorage      Min:  0.0, Avg:  0.0, Max:  0.0, Diff:  0.0, Sum:  0.0, Workers: 4
[288.892s][debug][gc,phases      ] GC(12)     Dead                           Min: 0, Avg:  0.0, Max: 0, Diff: 0, Sum: 0, Workers: 4
[288.892s][debug][gc,phases      ] GC(12)     Total                          Min: 0, Avg:  0.0, Max: 0, Diff: 0, Sum: 0, Workers: 4
[288.892s][debug][gc,phases      ] GC(12)   StringTable Weak               Min:  0.0, Avg:  0.4, Max:  0.5, Diff:  0.5, Sum:  1.5, Workers: 4
[288.892s][debug][gc,phases      ] GC(12)     Dead                           Min: 0, Avg:  0.0, Max: 0, Diff: 0, Sum: 0, Workers: 4
[288.892s][debug][gc,phases      ] GC(12)     Total                          Min: 0, Avg: 10468.5, Max: 15488, Diff: 15488, Sum: 41874, Workers: 4
[288.892s][debug][gc,phases      ] GC(12)   ResolvedMethodTable Weak       Min:  0.0, Avg:  0.1, Max:  0.1, Diff:  0.1, Sum:  0.3, Workers: 4
[288.892s][debug][gc,phases      ] GC(12)     Dead                           Min: 0, Avg:  0.0, Max: 0, Diff: 0, Sum: 0, Workers: 4
[288.892s][debug][gc,phases      ] GC(12)     Total                          Min: 0, Avg: 2018.8, Max: 2752, Diff: 2752, Sum: 8075, Workers: 4
[288.892s][debug][gc,phases      ] GC(12)   JNI Weak                       Min:  0.0, Avg:  0.0, Max:  0.0, Diff:  0.0, Sum:  0.0, Workers: 4
[288.892s][debug][gc,phases      ] GC(12)     Dead                           Min: 0, Avg:  0.0, Max: 0, Diff: 0, Sum: 0, Workers: 4
[288.892s][debug][gc,phases      ] GC(12)     Total                          Min: 0, Avg: 11.2, Max: 45, Diff: 45, Sum: 45, Workers: 4
[288.892s][debug][gc,phases      ] GC(12)   StringDedup Table Weak         Min:  0.0, Avg:  0.0, Max:  0.0, Diff:  0.0, Sum:  0.0, Workers: 4
[288.892s][debug][gc,phases      ] GC(12)     Dead                           Min: 0, Avg:  0.0, Max: 0, Diff: 0, Sum: 0, Workers: 4
[288.892s][debug][gc,phases      ] GC(12)     Total                          Min: 0, Avg:  0.0, Max: 0, Diff: 0, Sum: 0, Workers: 4
[288.892s][debug][gc,phases      ] GC(12)   StringDedup Requests0 Weak     Min:  0.0, Avg:  0.0, Max:  0.0, Diff:  0.0, Sum:  0.0, Workers: 4
[288.892s][debug][gc,phases      ] GC(12)     Dead                           Min: 0, Avg:  0.0, Max: 0, Diff: 0, Sum: 0, Workers: 4
[288.892s][debug][gc,phases      ] GC(12)     Total                          Min: 0, Avg:  0.0, Max: 0, Diff: 0, Sum: 0, Workers: 4
[288.892s][debug][gc,phases      ] GC(12)   StringDedup Requests1 Weak     Min:  0.0, Avg:  0.0, Max:  0.0, Diff:  0.0, Sum:  0.0, Workers: 4
[288.892s][debug][gc,phases      ] GC(12)     Dead                           Min: 0, Avg:  0.0, Max: 0, Diff: 0, Sum: 0, Workers: 4
[288.892s][debug][gc,phases      ] GC(12)     Total                          Min: 0, Avg:  0.0, Max: 0, Diff: 0, Sum: 0, Workers: 4
[288.892s][debug][gc,phases      ] GC(12)   Weak JFR Old Object Samples    Min:  0.0, Avg:  0.0, Max:  0.0, Diff:  0.0, Sum:  0.0, Workers: 4
[288.892s][debug][gc,phases      ] GC(12)     Dead                           Min: 0, Avg:  0.0, Max: 0, Diff: 0, Sum: 0, Workers: 4
[288.892s][debug][gc,phases      ] GC(12)     Total                          Min: 0, Avg:  0.0, Max: 0, Diff: 0, Sum: 0, Workers: 4
[288.892s][debug][gc,phases      ] GC(12) Weak Processing 0.850ms
[288.892s][debug][gc,age         ] GC(12) Desired survivor size 337641472 bytes, new threshold 12 (max threshold 15)
[288.892s][info ][gc,heap        ] GC(12) PSYoungGen: 1599957K(1734656K)->214511K(1767424K) Eden: 1385472K(1385472K)->0K(1428480K) From: 214485K(349184K)->214511K(338944K)
[288.892s][info ][gc,heap        ] GC(12) ParOldGen: 6241K(18944K)->6249K(18944K)
[288.892s][info ][gc,metaspace   ] GC(12) Metaspace: 75290K(76160K)->75290K(76160K) NonClass: 64466K(64960K)->64466K(64960K) Class: 10824K(11200K)->10824K(11200K)
[288.892s][info ][gc             ] GC(12) Pause Young (Allocation Failure) 1568M->215M(1744M) 88.364ms
[288.892s][info ][gc,cpu         ] GC(12) User=0.31s Sys=0.00s Real=0.09s
[288.892s][info ][safepoint      ] Safepoint "ParallelGCFailedAllocation", Time since last: 1391480248 ns, Reaching safepoint: 126706 ns, At safepoint: 88442765 ns, Total: 88569471 ns
[312.815s][info ][safepoint      ] Safepoint "Cleanup", Time since last: 23922457508 ns, Reaching safepoint: 148506 ns, At safepoint: 9801 ns, Total: 158307 ns
[313.815s][info ][safepoint      ] Safepoint "Cleanup", Time since last: 1000071713 ns, Reaching safepoint: 82504 ns, At safepoint: 5200 ns, Total: 87704 ns
[323.815s][info ][safepoint      ] Safepoint "Cleanup", Time since last: 10000602074 ns, Reaching safepoint: 43602 ns, At safepoint: 3000 ns, Total: 46602 ns
[325.816s][info ][safepoint      ] Safepoint "Cleanup", Time since last: 2000176771 ns, Reaching safepoint: 44302 ns, At safepoint: 4400 ns, Total: 48702 ns
[327.816s][info ][safepoint      ] Safepoint "Cleanup", Time since last: 2000501066 ns, Reaching safepoint: 45602 ns, At safepoint: 3400 ns, Total: 49002 ns
[332.817s][info ][safepoint      ] Safepoint "Cleanup", Time since last: 5000327754 ns, Reaching safepoint: 41502 ns, At safepoint: 3000 ns, Total: 44502 ns
[336.817s][info ][safepoint      ] Safepoint "Cleanup", Time since last: 4000315580 ns, Reaching safepoint: 58002 ns, At safepoint: 2601 ns, Total: 60603 ns
[341.817s][info ][safepoint      ] Safepoint "Cleanup", Time since last: 5000355452 ns, Reaching safepoint: 39002 ns, At safepoint: 2700 ns, Total: 41702 ns
[349.809s][info ][gc,start       ] GC(13) Pause Young (Allocation Failure)
[349.901s][debug][gc,phases      ] GC(13) Scavenge 92.518ms
[349.901s][debug][gc,ref         ] GC(13) Skipped phase 1 of Reference Processing: no references
[349.901s][debug][gc,ref         ] GC(13) ReferenceProcessor::execute queues: 4, RefProcThreadModel::Multi, marks_oops_alive: false
[349.902s][debug][gc,ref         ] GC(13) Skipped phase 3 of Reference Processing: no references
[349.902s][debug][gc,ref         ] GC(13) ReferenceProcessor::execute queues: 1, RefProcThreadModel::Single, marks_oops_alive: false
[349.902s][debug][gc,phases      ] GC(13) Reference Processing 0.574ms
[349.902s][debug][gc,phases      ] GC(13)   VM Weak                        Min:  0.0, Avg:  0.0, Max:  0.0, Diff:  0.0, Sum:  0.0, Workers: 4
[349.902s][debug][gc,phases      ] GC(13)     Dead                           Min: 0, Avg:  0.0, Max: 0, Diff: 0, Sum: 0, Workers: 4
[349.902s][debug][gc,phases      ] GC(13)     Total                          Min: 0, Avg: 163.8, Max: 320, Diff: 320, Sum: 655, Workers: 4
[349.902s][debug][gc,phases      ] GC(13)   ObjectSynchronizer Weak        Min:  0.0, Avg:  0.0, Max:  0.0, Diff:  0.0, Sum:  0.0, Workers: 4
[349.902s][debug][gc,phases      ] GC(13)     Dead                           Min: 0, Avg:  0.0, Max: 0, Diff: 0, Sum: 0, Workers: 4
[349.902s][debug][gc,phases      ] GC(13)     Total                          Min: 0, Avg:  8.0, Max: 32, Diff: 32, Sum: 32, Workers: 4
[349.902s][debug][gc,phases      ] GC(13)   JVMTI Tag Weak OopStorage      Min:  0.0, Avg:  0.0, Max:  0.0, Diff:  0.0, Sum:  0.0, Workers: 4
[349.902s][debug][gc,phases      ] GC(13)     Dead                           Min: 0, Avg:  0.0, Max: 0, Diff: 0, Sum: 0, Workers: 4
[349.902s][debug][gc,phases      ] GC(13)     Total                          Min: 0, Avg:  0.0, Max: 0, Diff: 0, Sum: 0, Workers: 4
[349.902s][debug][gc,phases      ] GC(13)   StringTable Weak               Min:  0.3, Avg:  0.4, Max:  0.5, Diff:  0.1, Sum:  1.8, Workers: 4
[349.902s][debug][gc,phases      ] GC(13)     Dead                           Min: 0, Avg:  0.5, Max: 2, Diff: 2, Sum: 2, Workers: 4
[349.902s][debug][gc,phases      ] GC(13)     Total                          Min: 7232, Avg: 10477.0, Max: 12350, Diff: 5118, Sum: 41908, Workers: 4
[349.902s][debug][gc,phases      ] GC(13)   ResolvedMethodTable Weak       Min:  0.1, Avg:  0.1, Max:  0.1, Diff:  0.0, Sum:  0.4, Workers: 4
[349.902s][debug][gc,phases      ] GC(13)     Dead                           Min: 0, Avg:  0.0, Max: 0, Diff: 0, Sum: 0, Workers: 4
[349.902s][debug][gc,phases      ] GC(13)     Total                          Min: 1891, Avg: 2024.5, Max: 2175, Diff: 284, Sum: 8098, Workers: 4
[349.902s][debug][gc,phases      ] GC(13)   JNI Weak                       Min:  0.0, Avg:  0.0, Max:  0.0, Diff:  0.0, Sum:  0.0, Workers: 4
[349.902s][debug][gc,phases      ] GC(13)     Dead                           Min: 0, Avg:  0.0, Max: 0, Diff: 0, Sum: 0, Workers: 4
[349.902s][debug][gc,phases      ] GC(13)     Total                          Min: 0, Avg: 11.2, Max: 45, Diff: 45, Sum: 45, Workers: 4
[349.902s][debug][gc,phases      ] GC(13)   StringDedup Table Weak         Min:  0.0, Avg:  0.0, Max:  0.0, Diff:  0.0, Sum:  0.0, Workers: 4
[349.902s][debug][gc,phases      ] GC(13)     Dead                           Min: 0, Avg:  0.0, Max: 0, Diff: 0, Sum: 0, Workers: 4
[349.902s][debug][gc,phases      ] GC(13)     Total                          Min: 0, Avg:  0.0, Max: 0, Diff: 0, Sum: 0, Workers: 4
[349.902s][debug][gc,phases      ] GC(13)   StringDedup Requests0 Weak     Min:  0.0, Avg:  0.0, Max:  0.0, Diff:  0.0, Sum:  0.0, Workers: 4
[349.903s][debug][gc,phases      ] GC(13)     Dead                           Min: 0, Avg:  0.0, Max: 0, Diff: 0, Sum: 0, Workers: 4
[349.903s][debug][gc,phases      ] GC(13)     Total                          Min: 0, Avg:  0.0, Max: 0, Diff: 0, Sum: 0, Workers: 4
[349.903s][debug][gc,phases      ] GC(13)   StringDedup Requests1 Weak     Min:  0.0, Avg:  0.0, Max:  0.0, Diff:  0.0, Sum:  0.0, Workers: 4
[349.903s][debug][gc,phases      ] GC(13)     Dead                           Min: 0, Avg:  0.0, Max: 0, Diff: 0, Sum: 0, Workers: 4
[349.903s][debug][gc,phases      ] GC(13)     Total                          Min: 0, Avg:  0.0, Max: 0, Diff: 0, Sum: 0, Workers: 4
[349.903s][debug][gc,phases      ] GC(13)   Weak JFR Old Object Samples    Min:  0.0, Avg:  0.0, Max:  0.0, Diff:  0.0, Sum:  0.0, Workers: 4
[349.903s][debug][gc,phases      ] GC(13)     Dead                           Min: 0, Avg:  0.0, Max: 0, Diff: 0, Sum: 0, Workers: 4
[349.903s][debug][gc,phases      ] GC(13)     Total                          Min: 0, Avg:  0.0, Max: 0, Diff: 0, Sum: 0, Workers: 4
[349.903s][debug][gc,phases      ] GC(13) Weak Processing 0.800ms
[349.903s][debug][gc,age         ] GC(13) Desired survivor size 330301440 bytes, new threshold 13 (max threshold 15)
[349.903s][info ][gc,heap        ] GC(13) PSYoungGen: 1642991K(1767424K)->214808K(1758208K) Eden: 1428480K(1428480K)->0K(1428480K) From: 214511K(338944K)->214808K(329728K)
[349.903s][info ][gc,heap        ] GC(13) ParOldGen: 6249K(18944K)->6257K(18944K)
[349.903s][info ][gc,metaspace   ] GC(13) Metaspace: 75457K(76288K)->75457K(76288K) NonClass: 64617K(65088K)->64617K(65088K) Class: 10839K(11200K)->10839K(11200K)
[349.903s][info ][gc             ] GC(13) Pause Young (Allocation Failure) 1610M->215M(1735M) 94.038ms
[349.903s][info ][gc,cpu         ] GC(13) User=0.30s Sys=0.00s Real=0.09s
[349.903s][info ][safepoint      ] Safepoint "ParallelGCFailedAllocation", Time since last: 7985795338 ns, Reaching safepoint: 5325834 ns, At safepoint: 94126925 ns, Total: 99452759 ns
[360.904s][info ][safepoint      ] Safepoint "Cleanup", Time since last: 11000843612 ns, Reaching safepoint: 128105 ns, At safepoint: 6901 ns, Total: 135006 ns
[362.904s][info ][safepoint      ] Safepoint "Cleanup", Time since last: 2000225182 ns, Reaching safepoint: 115805 ns, At safepoint: 8200 ns, Total: 124005 ns
[364.904s][info ][safepoint      ] Safepoint "Cleanup", Time since last: 2000329087 ns, Reaching safepoint: 44802 ns, At safepoint: 3200 ns, Total: 48002 ns
[366.905s][info ][safepoint      ] Safepoint "Cleanup", Time since last: 2000187564 ns, Reaching safepoint: 112504 ns, At safepoint: 29802 ns, Total: 142306 ns
[369.905s][info ][safepoint      ] Safepoint "Cleanup", Time since last: 3000238914 ns, Reaching safepoint: 48802 ns, At safepoint: 2700 ns, Total: 51502 ns
[370.905s][info ][safepoint      ] Safepoint "Cleanup", Time since last: 1000128707 ns, Reaching safepoint: 50702 ns, At safepoint: 3000 ns, Total: 53702 ns
[378.906s][info ][safepoint      ] Safepoint "Cleanup", Time since last: 8000654373 ns, Reaching safepoint: 42101 ns, At safepoint: 3401 ns, Total: 45502 ns
[391.907s][info ][safepoint      ] Safepoint "Cleanup", Time since last: 13000818607 ns, Reaching safepoint: 43502 ns, At safepoint: 2600 ns, Total: 46102 ns
[392.907s][info ][safepoint      ] Safepoint "Cleanup", Time since last: 1000084051 ns, Reaching safepoint: 42102 ns, At safepoint: 3300 ns, Total: 45402 ns
[396.907s][info ][safepoint      ] Safepoint "Cleanup", Time since last: 4000303405 ns, Reaching safepoint: 42802 ns, At safepoint: 2800 ns, Total: 45602 ns
[400.908s][info ][safepoint      ] Safepoint "Cleanup", Time since last: 4000271192 ns, Reaching safepoint: 51603 ns, At safepoint: 3600 ns, Total: 55203 ns
[411.304s][info ][gc,start       ] GC(14) Pause Young (Allocation Failure)
[411.386s][debug][gc,phases      ] GC(14) Scavenge 82.641ms
[411.386s][debug][gc,ref         ] GC(14) Skipped phase 1 of Reference Processing: no references
[411.387s][debug][gc,ref         ] GC(14) ReferenceProcessor::execute queues: 4, RefProcThreadModel::Multi, marks_oops_alive: false
[411.387s][debug][gc,ref         ] GC(14) Skipped phase 3 of Reference Processing: no references
[411.387s][debug][gc,ref         ] GC(14) ReferenceProcessor::execute queues: 1, RefProcThreadModel::Single, marks_oops_alive: false
[411.387s][debug][gc,phases      ] GC(14) Reference Processing 1.087ms
[411.388s][debug][gc,phases      ] GC(14)   VM Weak                        Min:  0.0, Avg:  0.0, Max:  0.0, Diff:  0.0, Sum:  0.0, Workers: 4
[411.388s][debug][gc,phases      ] GC(14)     Dead                           Min: 0, Avg:  0.0, Max: 0, Diff: 0, Sum: 0, Workers: 4
[411.388s][debug][gc,phases      ] GC(14)     Total                          Min: 0, Avg: 163.8, Max: 384, Diff: 384, Sum: 655, Workers: 4
[411.388s][debug][gc,phases      ] GC(14)   ObjectSynchronizer Weak        Min:  0.0, Avg:  0.0, Max:  0.0, Diff:  0.0, Sum:  0.0, Workers: 4
[411.388s][debug][gc,phases      ] GC(14)     Dead                           Min: 0, Avg:  0.0, Max: 0, Diff: 0, Sum: 0, Workers: 4
[411.388s][debug][gc,phases      ] GC(14)     Total                          Min: 0, Avg:  8.0, Max: 32, Diff: 32, Sum: 32, Workers: 4
[411.388s][debug][gc,phases      ] GC(14)   JVMTI Tag Weak OopStorage      Min:  0.0, Avg:  0.0, Max:  0.0, Diff:  0.0, Sum:  0.0, Workers: 4
[411.388s][debug][gc,phases      ] GC(14)     Dead                           Min: 0, Avg:  0.0, Max: 0, Diff: 0, Sum: 0, Workers: 4
[411.388s][debug][gc,phases      ] GC(14)     Total                          Min: 0, Avg:  0.0, Max: 0, Diff: 0, Sum: 0, Workers: 4
[411.388s][debug][gc,phases      ] GC(14)   StringTable Weak               Min:  0.0, Avg:  0.4, Max:  0.5, Diff:  0.5, Sum:  1.6, Workers: 4
[411.388s][debug][gc,phases      ] GC(14)     Dead                           Min: 0, Avg:  0.0, Max: 0, Diff: 0, Sum: 0, Workers: 4
[411.388s][debug][gc,phases      ] GC(14)     Total                          Min: 0, Avg: 10478.0, Max: 14336, Diff: 14336, Sum: 41912, Workers: 4
[411.388s][debug][gc,phases      ] GC(14)   ResolvedMethodTable Weak       Min:  0.0, Avg:  0.1, Max:  0.1, Diff:  0.1, Sum:  0.3, Workers: 4
[411.388s][debug][gc,phases      ] GC(14)     Dead                           Min: 0, Avg:  0.0, Max: 0, Diff: 0, Sum: 0, Workers: 4
[411.388s][debug][gc,phases      ] GC(14)     Total                          Min: 0, Avg: 2024.5, Max: 2850, Diff: 2850, Sum: 8098, Workers: 4
[411.388s][debug][gc,phases      ] GC(14)   JNI Weak                       Min:  0.0, Avg:  0.0, Max:  0.0, Diff:  0.0, Sum:  0.0, Workers: 4
[411.388s][debug][gc,phases      ] GC(14)     Dead                           Min: 0, Avg:  0.0, Max: 0, Diff: 0, Sum: 0, Workers: 4
[411.388s][debug][gc,phases      ] GC(14)     Total                          Min: 0, Avg: 11.2, Max: 45, Diff: 45, Sum: 45, Workers: 4
[411.388s][debug][gc,phases      ] GC(14)   StringDedup Table Weak         Min:  0.0, Avg:  0.0, Max:  0.0, Diff:  0.0, Sum:  0.0, Workers: 4
[411.388s][debug][gc,phases      ] GC(14)     Dead                           Min: 0, Avg:  0.0, Max: 0, Diff: 0, Sum: 0, Workers: 4
[411.388s][debug][gc,phases      ] GC(14)     Total                          Min: 0, Avg:  0.0, Max: 0, Diff: 0, Sum: 0, Workers: 4
[411.388s][debug][gc,phases      ] GC(14)   StringDedup Requests0 Weak     Min:  0.0, Avg:  0.0, Max:  0.0, Diff:  0.0, Sum:  0.0, Workers: 4
[411.388s][debug][gc,phases      ] GC(14)     Dead                           Min: 0, Avg:  0.0, Max: 0, Diff: 0, Sum: 0, Workers: 4
[411.388s][debug][gc,phases      ] GC(14)     Total                          Min: 0, Avg:  0.0, Max: 0, Diff: 0, Sum: 0, Workers: 4
[411.388s][debug][gc,phases      ] GC(14)   StringDedup Requests1 Weak     Min:  0.0, Avg:  0.0, Max:  0.0, Diff:  0.0, Sum:  0.0, Workers: 4
[411.388s][debug][gc,phases      ] GC(14)     Dead                           Min: 0, Avg:  0.0, Max: 0, Diff: 0, Sum: 0, Workers: 4
[411.388s][debug][gc,phases      ] GC(14)     Total                          Min: 0, Avg:  0.0, Max: 0, Diff: 0, Sum: 0, Workers: 4
[411.388s][debug][gc,phases      ] GC(14)   Weak JFR Old Object Samples    Min:  0.0, Avg:  0.0, Max:  0.0, Diff:  0.0, Sum:  0.0, Workers: 4
[411.388s][debug][gc,phases      ] GC(14)     Dead                           Min: 0, Avg:  0.0, Max: 0, Diff: 0, Sum: 0, Workers: 4
[411.388s][debug][gc,phases      ] GC(14)     Total                          Min: 0, Avg:  0.0, Max: 0, Diff: 0, Sum: 0, Workers: 4
[411.388s][debug][gc,phases      ] GC(14) Weak Processing 0.908ms
[411.388s][debug][gc,age         ] GC(14) Desired survivor size 322961408 bytes, new threshold 14 (max threshold 15)
[411.388s][info ][gc,heap        ] GC(14) PSYoungGen: 1643288K(1758208K)->214792K(1781760K) Eden: 1428480K(1428480K)->0K(1459200K) From: 214808K(329728K)->214792K(322560K)
[411.388s][info ][gc,heap        ] GC(14) ParOldGen: 6257K(18944K)->6265K(18944K)
[411.388s][info ][gc,metaspace   ] GC(14) Metaspace: 75480K(76288K)->75480K(76288K) NonClass: 64640K(65088K)->64640K(65088K) Class: 10839K(11200K)->10839K(11200K)
[411.388s][info ][gc             ] GC(14) Pause Young (Allocation Failure) 1610M->215M(1758M) 84.798ms
[411.388s][info ][gc,cpu         ] GC(14) User=0.30s Sys=0.01s Real=0.09s
[411.388s][info ][safepoint      ] Safepoint "ParallelGCFailedAllocation", Time since last: 10395874329 ns, Reaching safepoint: 101905 ns, At safepoint: 84881243 ns, Total: 84983148 ns
[413.389s][info ][safepoint      ] Safepoint "Cleanup", Time since last: 2000131096 ns, Reaching safepoint: 51002 ns, At safepoint: 3800 ns, Total: 54802 ns
[443.391s][info ][safepoint      ] Safepoint "Cleanup", Time since last: 30002197842 ns, Reaching safepoint: 49602 ns, At safepoint: 10600 ns, Total: 60202 ns
[463.392s][info ][safepoint      ] Safepoint "Cleanup", Time since last: 20001321293 ns, Reaching safepoint: 57903 ns, At safepoint: 6400 ns, Total: 64303 ns
[466.393s][info ][safepoint      ] Safepoint "Cleanup", Time since last: 3000259934 ns, Reaching safepoint: 53702 ns, At safepoint: 2700 ns, Total: 56402 ns
[474.302s][info ][gc,start       ] GC(15) Pause Young (Allocation Failure)
[474.384s][debug][gc,phases      ] GC(15) Scavenge 81.698ms
[474.384s][debug][gc,ref         ] GC(15) Skipped phase 1 of Reference Processing: no references
[474.384s][debug][gc,ref         ] GC(15) ReferenceProcessor::execute queues: 4, RefProcThreadModel::Multi, marks_oops_alive: false
[474.385s][debug][gc,ref         ] GC(15) Skipped phase 3 of Reference Processing: no references
[474.385s][debug][gc,ref         ] GC(15) ReferenceProcessor::execute queues: 1, RefProcThreadModel::Single, marks_oops_alive: false
[474.385s][debug][gc,phases      ] GC(15) Reference Processing 0.778ms
[474.386s][debug][gc,phases      ] GC(15)   VM Weak                        Min:  0.0, Avg:  0.0, Max:  0.0, Diff:  0.0, Sum:  0.0, Workers: 4
[474.386s][debug][gc,phases      ] GC(15)     Dead                           Min: 0, Avg:  0.0, Max: 0, Diff: 0, Sum: 0, Workers: 4
[474.386s][debug][gc,phases      ] GC(15)     Total                          Min: 64, Avg: 163.8, Max: 271, Diff: 207, Sum: 655, Workers: 4
[474.386s][debug][gc,phases      ] GC(15)   ObjectSynchronizer Weak        Min:  0.0, Avg:  0.0, Max:  0.0, Diff:  0.0, Sum:  0.0, Workers: 4
[474.386s][debug][gc,phases      ] GC(15)     Dead                           Min: 0, Avg:  0.0, Max: 0, Diff: 0, Sum: 0, Workers: 4
[474.386s][debug][gc,phases      ] GC(15)     Total                          Min: 0, Avg:  8.0, Max: 32, Diff: 32, Sum: 32, Workers: 4
[474.386s][debug][gc,phases      ] GC(15)   JVMTI Tag Weak OopStorage      Min:  0.0, Avg:  0.0, Max:  0.0, Diff:  0.0, Sum:  0.0, Workers: 4
[474.386s][debug][gc,phases      ] GC(15)     Dead                           Min: 0, Avg:  0.0, Max: 0, Diff: 0, Sum: 0, Workers: 4
[474.386s][debug][gc,phases      ] GC(15)     Total                          Min: 0, Avg:  0.0, Max: 0, Diff: 0, Sum: 0, Workers: 4
[474.386s][debug][gc,phases      ] GC(15)   StringTable Weak               Min:  0.5, Avg:  0.6, Max:  1.0, Diff:  0.5, Sum:  2.5, Workers: 4
[474.386s][debug][gc,phases      ] GC(15)     Dead                           Min: 0, Avg:  0.0, Max: 0, Diff: 0, Sum: 0, Workers: 4
[474.386s][debug][gc,phases      ] GC(15)     Total                          Min: 6400, Avg: 10482.0, Max: 12232, Diff: 5832, Sum: 41928, Workers: 4
[474.386s][debug][gc,phases      ] GC(15)   ResolvedMethodTable Weak       Min:  0.0, Avg:  0.1, Max:  0.1, Diff:  0.1, Sum:  0.3, Workers: 4
[474.386s][debug][gc,phases      ] GC(15)     Dead                           Min: 0, Avg:  0.0, Max: 0, Diff: 0, Sum: 0, Workers: 4
[474.386s][debug][gc,phases      ] GC(15)     Total                          Min: 0, Avg: 2024.5, Max: 2787, Diff: 2787, Sum: 8098, Workers: 4
[474.386s][debug][gc,phases      ] GC(15)   JNI Weak                       Min:  0.0, Avg:  0.0, Max:  0.0, Diff:  0.0, Sum:  0.0, Workers: 4
[474.386s][debug][gc,phases      ] GC(15)     Dead                           Min: 0, Avg:  0.0, Max: 0, Diff: 0, Sum: 0, Workers: 4
[474.386s][debug][gc,phases      ] GC(15)     Total                          Min: 0, Avg: 11.2, Max: 45, Diff: 45, Sum: 45, Workers: 4
[474.386s][debug][gc,phases      ] GC(15)   StringDedup Table Weak         Min:  0.0, Avg:  0.0, Max:  0.0, Diff:  0.0, Sum:  0.0, Workers: 4
[474.386s][debug][gc,phases      ] GC(15)     Dead                           Min: 0, Avg:  0.0, Max: 0, Diff: 0, Sum: 0, Workers: 4
[474.386s][debug][gc,phases      ] GC(15)     Total                          Min: 0, Avg:  0.0, Max: 0, Diff: 0, Sum: 0, Workers: 4
[474.386s][debug][gc,phases      ] GC(15)   StringDedup Requests0 Weak     Min:  0.0, Avg:  0.0, Max:  0.0, Diff:  0.0, Sum:  0.0, Workers: 4
[474.386s][debug][gc,phases      ] GC(15)     Dead                           Min: 0, Avg:  0.0, Max: 0, Diff: 0, Sum: 0, Workers: 4
[474.386s][debug][gc,phases      ] GC(15)     Total                          Min: 0, Avg:  0.0, Max: 0, Diff: 0, Sum: 0, Workers: 4
[474.386s][debug][gc,phases      ] GC(15)   StringDedup Requests1 Weak     Min:  0.0, Avg:  0.0, Max:  0.0, Diff:  0.0, Sum:  0.0, Workers: 4
[474.386s][debug][gc,phases      ] GC(15)     Dead                           Min: 0, Avg:  0.0, Max: 0, Diff: 0, Sum: 0, Workers: 4
[474.386s][debug][gc,phases      ] GC(15)     Total                          Min: 0, Avg:  0.0, Max: 0, Diff: 0, Sum: 0, Workers: 4
[474.386s][debug][gc,phases      ] GC(15)   Weak JFR Old Object Samples    Min:  0.0, Avg:  0.0, Max:  0.0, Diff:  0.0, Sum:  0.0, Workers: 4
[474.386s][debug][gc,phases      ] GC(15)     Dead                           Min: 0, Avg:  0.0, Max: 0, Diff: 0, Sum: 0, Workers: 4
[474.386s][debug][gc,phases      ] GC(15)     Total                          Min: 0, Avg:  0.0, Max: 0, Diff: 0, Sum: 0, Workers: 4
[474.386s][debug][gc,phases      ] GC(15) Weak Processing 1.253ms
[474.386s][debug][gc,age         ] GC(15) Desired survivor size 315621376 bytes, new threshold 15 (max threshold 15)
[474.386s][info ][gc,heap        ] GC(15) PSYoungGen: 1673992K(1781760K)->214807K(1774592K) Eden: 1459200K(1459200K)->0K(1459200K) From: 214792K(322560K)->214807K(315392K)
[474.386s][info ][gc,heap        ] GC(15) ParOldGen: 6265K(18944K)->6305K(18944K)
[474.386s][info ][gc,metaspace   ] GC(15) Metaspace: 75482K(76288K)->75482K(76288K) NonClass: 64643K(65088K)->64643K(65088K) Class: 10839K(11200K)->10839K(11200K)
[474.386s][info ][gc             ] GC(15) Pause Young (Allocation Failure) 1640M->215M(1751M) 83.866ms
[474.386s][info ][gc,cpu         ] GC(15) User=0.31s Sys=0.00s Real=0.09s
[474.386s][info ][safepoint      ] Safepoint "ParallelGCFailedAllocation", Time since last: 7909756792 ns, Reaching safepoint: 104704 ns, At safepoint: 83942109 ns, Total: 84046813 ns
[487.387s][info ][safepoint      ] Safepoint "Cleanup", Time since last: 13000828140 ns, Reaching safepoint: 113205 ns, At safepoint: 6600 ns, Total: 119805 ns
[490.388s][info ][safepoint      ] Safepoint "Cleanup", Time since last: 3000258518 ns, Reaching safepoint: 51902 ns, At safepoint: 8000 ns, Total: 59902 ns
[498.388s][info ][safepoint      ] Safepoint "Cleanup", Time since last: 8000615836 ns, Reaching safepoint: 44802 ns, At safepoint: 2600 ns, Total: 47402 ns
[537.303s][info ][gc,start       ] GC(16) Pause Young (Allocation Failure)
[537.387s][debug][gc,phases      ] GC(16) Scavenge 83.833ms
[537.387s][debug][gc,ref         ] GC(16) Skipped phase 1 of Reference Processing: no references
[537.388s][debug][gc,ref         ] GC(16) ReferenceProcessor::execute queues: 4, RefProcThreadModel::Multi, marks_oops_alive: false
[537.388s][debug][gc,ref         ] GC(16) Skipped phase 3 of Reference Processing: no references
[537.388s][debug][gc,ref         ] GC(16) ReferenceProcessor::execute queues: 1, RefProcThreadModel::Single, marks_oops_alive: false
[537.388s][debug][gc,phases      ] GC(16) Reference Processing 0.922ms
[537.389s][debug][gc,phases      ] GC(16)   VM Weak                        Min:  0.0, Avg:  0.0, Max:  0.0, Diff:  0.0, Sum:  0.0, Workers: 4
[537.389s][debug][gc,phases      ] GC(16)     Dead                           Min: 0, Avg:  0.0, Max: 0, Diff: 0, Sum: 0, Workers: 4
[537.389s][debug][gc,phases      ] GC(16)     Total                          Min: 0, Avg: 163.8, Max: 320, Diff: 320, Sum: 655, Workers: 4
[537.389s][debug][gc,phases      ] GC(16)   ObjectSynchronizer Weak        Min:  0.0, Avg:  0.0, Max:  0.0, Diff:  0.0, Sum:  0.0, Workers: 4
[537.389s][debug][gc,phases      ] GC(16)     Dead                           Min: 0, Avg:  0.0, Max: 0, Diff: 0, Sum: 0, Workers: 4
[537.389s][debug][gc,phases      ] GC(16)     Total                          Min: 0, Avg:  8.0, Max: 32, Diff: 32, Sum: 32, Workers: 4
[537.389s][debug][gc,phases      ] GC(16)   JVMTI Tag Weak OopStorage      Min:  0.0, Avg:  0.0, Max:  0.0, Diff:  0.0, Sum:  0.0, Workers: 4
[537.389s][debug][gc,phases      ] GC(16)     Dead                           Min: 0, Avg:  0.0, Max: 0, Diff: 0, Sum: 0, Workers: 4
[537.389s][debug][gc,phases      ] GC(16)     Total                          Min: 0, Avg:  0.0, Max: 0, Diff: 0, Sum: 0, Workers: 4
[537.389s][debug][gc,phases      ] GC(16)   StringTable Weak               Min:  0.4, Avg:  0.6, Max:  0.8, Diff:  0.4, Sum:  2.5, Workers: 4
[537.389s][debug][gc,phases      ] GC(16)     Dead                           Min: 0, Avg:  0.0, Max: 0, Diff: 0, Sum: 0, Workers: 4
[537.389s][debug][gc,phases      ] GC(16)     Total                          Min: 3840, Avg: 10482.0, Max: 17536, Diff: 13696, Sum: 41928, Workers: 4
[537.389s][debug][gc,phases      ] GC(16)   ResolvedMethodTable Weak       Min:  0.0, Avg:  0.1, Max:  0.1, Diff:  0.1, Sum:  0.3, Workers: 4
[537.389s][debug][gc,phases      ] GC(16)     Dead                           Min: 0, Avg:  0.0, Max: 0, Diff: 0, Sum: 0, Workers: 4
[537.389s][debug][gc,phases      ] GC(16)     Total                          Min: 0, Avg: 2024.5, Max: 2723, Diff: 2723, Sum: 8098, Workers: 4
[537.389s][debug][gc,phases      ] GC(16)   JNI Weak                       Min:  0.0, Avg:  0.0, Max:  0.0, Diff:  0.0, Sum:  0.0, Workers: 4
[537.389s][debug][gc,phases      ] GC(16)     Dead                           Min: 0, Avg:  0.0, Max: 0, Diff: 0, Sum: 0, Workers: 4
[537.389s][debug][gc,phases      ] GC(16)     Total                          Min: 0, Avg: 11.2, Max: 45, Diff: 45, Sum: 45, Workers: 4
[537.389s][debug][gc,phases      ] GC(16)   StringDedup Table Weak         Min:  0.0, Avg:  0.0, Max:  0.0, Diff:  0.0, Sum:  0.0, Workers: 4
[537.389s][debug][gc,phases      ] GC(16)     Dead                           Min: 0, Avg:  0.0, Max: 0, Diff: 0, Sum: 0, Workers: 4
[537.389s][debug][gc,phases      ] GC(16)     Total                          Min: 0, Avg:  0.0, Max: 0, Diff: 0, Sum: 0, Workers: 4
[537.389s][debug][gc,phases      ] GC(16)   StringDedup Requests0 Weak     Min:  0.0, Avg:  0.0, Max:  0.0, Diff:  0.0, Sum:  0.0, Workers: 4
[537.389s][debug][gc,phases      ] GC(16)     Dead                           Min: 0, Avg:  0.0, Max: 0, Diff: 0, Sum: 0, Workers: 4
[537.389s][debug][gc,phases      ] GC(16)     Total                          Min: 0, Avg:  0.0, Max: 0, Diff: 0, Sum: 0, Workers: 4
[537.389s][debug][gc,phases      ] GC(16)   StringDedup Requests1 Weak     Min:  0.0, Avg:  0.0, Max:  0.0, Diff:  0.0, Sum:  0.0, Workers: 4
[537.389s][debug][gc,phases      ] GC(16)     Dead                           Min: 0, Avg:  0.0, Max: 0, Diff: 0, Sum: 0, Workers: 4
[537.389s][debug][gc,phases      ] GC(16)     Total                          Min: 0, Avg:  0.0, Max: 0, Diff: 0, Sum: 0, Workers: 4
[537.389s][debug][gc,phases      ] GC(16)   Weak JFR Old Object Samples    Min:  0.0, Avg:  0.0, Max:  0.0, Diff:  0.0, Sum:  0.0, Workers: 4
[537.389s][debug][gc,phases      ] GC(16)     Dead                           Min: 0, Avg:  0.0, Max: 0, Diff: 0, Sum: 0, Workers: 4
[537.389s][debug][gc,phases      ] GC(16)     Total                          Min: 0, Avg:  0.0, Max: 0, Diff: 0, Sum: 0, Workers: 4
[537.389s][debug][gc,phases      ] GC(16) Weak Processing 0.997ms
[537.389s][debug][gc,age         ] GC(16) Desired survivor size 309329920 bytes, new threshold 15 (max threshold 15)
[537.389s][info ][gc,heap        ] GC(16) PSYoungGen: 1674007K(1774592K)->214733K(1795072K) Eden: 1459200K(1459200K)->0K(1486848K) From: 214807K(315392K)->214733K(308224K)
[537.389s][info ][gc,heap        ] GC(16) ParOldGen: 6305K(18944K)->6321K(18944K)
[537.389s][info ][gc,metaspace   ] GC(16) Metaspace: 75489K(76288K)->75489K(76288K) NonClass: 64649K(65088K)->64649K(65088K) Class: 10839K(11200K)->10839K(11200K)
[537.389s][info ][gc             ] GC(16) Pause Young (Allocation Failure) 1640M->215M(1771M) 85.901ms
[537.389s][info ][gc,cpu         ] GC(16) User=0.31s Sys=0.01s Real=0.09s
[537.389s][info ][safepoint      ] Safepoint "ParallelGCFailedAllocation", Time since last: 38915086248 ns, Reaching safepoint: 91304 ns, At safepoint: 85976602 ns, Total: 86067906 ns
[563.391s][info ][safepoint      ] Safepoint "Cleanup", Time since last: 26001826030 ns, Reaching safepoint: 53202 ns, At safepoint: 5100 ns, Total: 58302 ns
[599.394s][info ][safepoint      ] Safepoint "Cleanup", Time since last: 36002212419 ns, Reaching safepoint: 55102 ns, At safepoint: 3000 ns, Total: 58102 ns
[601.753s][info ][gc,start       ] GC(17) Pause Young (Allocation Failure)
[601.833s][debug][gc,phases      ] GC(17) Scavenge 80.372ms
[601.833s][debug][gc,ref         ] GC(17) Skipped phase 1 of Reference Processing: no references
[601.834s][debug][gc,ref         ] GC(17) ReferenceProcessor::execute queues: 4, RefProcThreadModel::Multi, marks_oops_alive: false
[601.834s][debug][gc,ref         ] GC(17) Skipped phase 3 of Reference Processing: no references
[601.834s][debug][gc,ref         ] GC(17) ReferenceProcessor::execute queues: 1, RefProcThreadModel::Single, marks_oops_alive: false
[601.834s][debug][gc,phases      ] GC(17) Reference Processing 0.757ms
[601.835s][debug][gc,phases      ] GC(17)   VM Weak                        Min:  0.0, Avg:  0.0, Max:  0.0, Diff:  0.0, Sum:  0.0, Workers: 4
[601.835s][debug][gc,phases      ] GC(17)     Dead                           Min: 0, Avg:  0.0, Max: 0, Diff: 0, Sum: 0, Workers: 4
[601.835s][debug][gc,phases      ] GC(17)     Total                          Min: 0, Avg: 163.8, Max: 384, Diff: 384, Sum: 655, Workers: 4
[601.835s][debug][gc,phases      ] GC(17)   ObjectSynchronizer Weak        Min:  0.0, Avg:  0.0, Max:  0.0, Diff:  0.0, Sum:  0.0, Workers: 4
[601.835s][debug][gc,phases      ] GC(17)     Dead                           Min: 0, Avg:  0.0, Max: 0, Diff: 0, Sum: 0, Workers: 4
[601.835s][debug][gc,phases      ] GC(17)     Total                          Min: 0, Avg:  8.0, Max: 32, Diff: 32, Sum: 32, Workers: 4
[601.835s][debug][gc,phases      ] GC(17)   JVMTI Tag Weak OopStorage      Min:  0.0, Avg:  0.0, Max:  0.0, Diff:  0.0, Sum:  0.0, Workers: 4
[601.835s][debug][gc,phases      ] GC(17)     Dead                           Min: 0, Avg:  0.0, Max: 0, Diff: 0, Sum: 0, Workers: 4
[601.835s][debug][gc,phases      ] GC(17)     Total                          Min: 0, Avg:  0.0, Max: 0, Diff: 0, Sum: 0, Workers: 4
[601.835s][debug][gc,phases      ] GC(17)   StringTable Weak               Min:  0.0, Avg:  0.4, Max:  0.5, Diff:  0.5, Sum:  1.4, Workers: 4
[601.835s][debug][gc,phases      ] GC(17)     Dead                           Min: 0, Avg:  0.0, Max: 0, Diff: 0, Sum: 0, Workers: 4
[601.835s][debug][gc,phases      ] GC(17)     Total                          Min: 0, Avg: 10485.2, Max: 18133, Diff: 18133, Sum: 41941, Workers: 4
[601.835s][debug][gc,phases      ] GC(17)   ResolvedMethodTable Weak       Min:  0.0, Avg:  0.1, Max:  0.1, Diff:  0.1, Sum:  0.3, Workers: 4
[601.835s][debug][gc,phases      ] GC(17)     Dead                           Min: 0, Avg:  0.0, Max: 0, Diff: 0, Sum: 0, Workers: 4
[601.835s][debug][gc,phases      ] GC(17)     Total                          Min: 0, Avg: 2024.5, Max: 3491, Diff: 3491, Sum: 8098, Workers: 4
[601.835s][debug][gc,phases      ] GC(17)   JNI Weak                       Min:  0.0, Avg:  0.0, Max:  0.0, Diff:  0.0, Sum:  0.0, Workers: 4
[601.835s][debug][gc,phases      ] GC(17)     Dead                           Min: 0, Avg:  0.0, Max: 0, Diff: 0, Sum: 0, Workers: 4
[601.835s][debug][gc,phases      ] GC(17)     Total                          Min: 0, Avg: 11.2, Max: 45, Diff: 45, Sum: 45, Workers: 4
[601.835s][debug][gc,phases      ] GC(17)   StringDedup Table Weak         Min:  0.0, Avg:  0.0, Max:  0.0, Diff:  0.0, Sum:  0.0, Workers: 4
[601.835s][debug][gc,phases      ] GC(17)     Dead                           Min: 0, Avg:  0.0, Max: 0, Diff: 0, Sum: 0, Workers: 4
[601.835s][debug][gc,phases      ] GC(17)     Total                          Min: 0, Avg:  0.0, Max: 0, Diff: 0, Sum: 0, Workers: 4
[601.835s][debug][gc,phases      ] GC(17)   StringDedup Requests0 Weak     Min:  0.0, Avg:  0.0, Max:  0.0, Diff:  0.0, Sum:  0.0, Workers: 4
[601.835s][debug][gc,phases      ] GC(17)     Dead                           Min: 0, Avg:  0.0, Max: 0, Diff: 0, Sum: 0, Workers: 4
[601.835s][debug][gc,phases      ] GC(17)     Total                          Min: 0, Avg:  0.0, Max: 0, Diff: 0, Sum: 0, Workers: 4
[601.835s][debug][gc,phases      ] GC(17)   StringDedup Requests1 Weak     Min:  0.0, Avg:  0.0, Max:  0.0, Diff:  0.0, Sum:  0.0, Workers: 4
[601.835s][debug][gc,phases      ] GC(17)     Dead                           Min: 0, Avg:  0.0, Max: 0, Diff: 0, Sum: 0, Workers: 4
[601.835s][debug][gc,phases      ] GC(17)     Total                          Min: 0, Avg:  0.0, Max: 0, Diff: 0, Sum: 0, Workers: 4
[601.835s][debug][gc,phases      ] GC(17)   Weak JFR Old Object Samples    Min:  0.0, Avg:  0.0, Max:  0.0, Diff:  0.0, Sum:  0.0, Workers: 4
[601.835s][debug][gc,phases      ] GC(17)     Dead                           Min: 0, Avg:  0.0, Max: 0, Diff: 0, Sum: 0, Workers: 4
[601.835s][debug][gc,phases      ] GC(17)     Total                          Min: 0, Avg:  0.0, Max: 0, Diff: 0, Sum: 0, Workers: 4
[601.835s][debug][gc,phases      ] GC(17) Weak Processing 0.817ms
[601.835s][debug][gc,age         ] GC(17) Desired survivor size 303038464 bytes, new threshold 15 (max threshold 15)
[601.835s][info ][gc,heap        ] GC(17) PSYoungGen: 1701581K(1795072K)->214760K(1788928K) Eden: 1486848K(1486848K)->0K(1486848K) From: 214733K(308224K)->214760K(302080K)
[601.835s][info ][gc,heap        ] GC(17) ParOldGen: 6321K(18944K)->6329K(18944K)
[601.835s][info ][gc,metaspace   ] GC(17) Metaspace: 75501K(76288K)->75501K(76288K) NonClass: 64658K(65088K)->64658K(65088K) Class: 10843K(11200K)->10843K(11200K)
[601.835s][info ][gc             ] GC(17) Pause Young (Allocation Failure) 1667M->215M(1765M) 82.078ms
[601.835s][info ][gc,cpu         ] GC(17) User=0.30s Sys=0.00s Real=0.09s
[601.835s][info ][safepoint      ] Safepoint "ParallelGCFailedAllocation", Time since last: 2359365405 ns, Reaching safepoint: 44002 ns, At safepoint: 82149628 ns, Total: 82193630 ns
[612.836s][info ][safepoint      ] Safepoint "Cleanup", Time since last: 11000662352 ns, Reaching safepoint: 82403 ns, At safepoint: 6001 ns, Total: 88404 ns
[623.837s][info ][safepoint      ] Safepoint "Cleanup", Time since last: 11000797684 ns, Reaching safepoint: 46702 ns, At safepoint: 31101 ns, Total: 77803 ns
[638.838s][info ][safepoint      ] Safepoint "Cleanup", Time since last: 15001183257 ns, Reaching safepoint: 59802 ns, At safepoint: 4001 ns, Total: 63803 ns
[665.102s][info ][gc,start       ] GC(18) Pause Young (Allocation Failure)
[665.185s][debug][gc,phases      ] GC(18) Scavenge 82.934ms
[665.185s][debug][gc,ref         ] GC(18) Skipped phase 1 of Reference Processing: no references
[665.185s][debug][gc,ref         ] GC(18) ReferenceProcessor::execute queues: 4, RefProcThreadModel::Multi, marks_oops_alive: false
[665.186s][debug][gc,ref         ] GC(18) Skipped phase 3 of Reference Processing: no references
[665.186s][debug][gc,ref         ] GC(18) ReferenceProcessor::execute queues: 1, RefProcThreadModel::Single, marks_oops_alive: false
[665.186s][debug][gc,phases      ] GC(18) Reference Processing 1.039ms
[665.187s][debug][gc,phases      ] GC(18)   VM Weak                        Min:  0.0, Avg:  0.0, Max:  0.0, Diff:  0.0, Sum:  0.0, Workers: 4
[665.187s][debug][gc,phases      ] GC(18)     Dead                           Min: 0, Avg:  0.0, Max: 0, Diff: 0, Sum: 0, Workers: 4
[665.187s][debug][gc,phases      ] GC(18)     Total                          Min: 0, Avg: 163.8, Max: 335, Diff: 335, Sum: 655, Workers: 4
[665.187s][debug][gc,phases      ] GC(18)   ObjectSynchronizer Weak        Min:  0.0, Avg:  0.0, Max:  0.0, Diff:  0.0, Sum:  0.0, Workers: 4
[665.187s][debug][gc,phases      ] GC(18)     Dead                           Min: 0, Avg:  0.0, Max: 0, Diff: 0, Sum: 0, Workers: 4
[665.187s][debug][gc,phases      ] GC(18)     Total                          Min: 0, Avg:  8.0, Max: 32, Diff: 32, Sum: 32, Workers: 4
[665.187s][debug][gc,phases      ] GC(18)   JVMTI Tag Weak OopStorage      Min:  0.0, Avg:  0.0, Max:  0.0, Diff:  0.0, Sum:  0.0, Workers: 4
[665.187s][debug][gc,phases      ] GC(18)     Dead                           Min: 0, Avg:  0.0, Max: 0, Diff: 0, Sum: 0, Workers: 4
[665.187s][debug][gc,phases      ] GC(18)     Total                          Min: 0, Avg:  0.0, Max: 0, Diff: 0, Sum: 0, Workers: 4
[665.187s][debug][gc,phases      ] GC(18)   StringTable Weak               Min:  0.0, Avg:  0.3, Max:  0.7, Diff:  0.7, Sum:  1.4, Workers: 4
[665.187s][debug][gc,phases      ] GC(18)     Dead                           Min: 0, Avg:  0.0, Max: 0, Diff: 0, Sum: 0, Workers: 4
[665.187s][debug][gc,phases      ] GC(18)     Total                          Min: 0, Avg: 10485.8, Max: 27031, Diff: 27031, Sum: 41943, Workers: 4
[665.187s][debug][gc,phases      ] GC(18)   ResolvedMethodTable Weak       Min:  0.0, Avg:  0.1, Max:  0.1, Diff:  0.1, Sum:  0.3, Workers: 4
[665.187s][debug][gc,phases      ] GC(18)     Dead                           Min: 0, Avg:  0.0, Max: 0, Diff: 0, Sum: 0, Workers: 4
[665.187s][debug][gc,phases      ] GC(18)     Total                          Min: 0, Avg: 2024.5, Max: 4927, Diff: 4927, Sum: 8098, Workers: 4
[665.187s][debug][gc,phases      ] GC(18)   JNI Weak                       Min:  0.0, Avg:  0.0, Max:  0.0, Diff:  0.0, Sum:  0.0, Workers: 4
[665.187s][debug][gc,phases      ] GC(18)     Dead                           Min: 0, Avg:  0.0, Max: 0, Diff: 0, Sum: 0, Workers: 4
[665.187s][debug][gc,phases      ] GC(18)     Total                          Min: 0, Avg: 11.2, Max: 45, Diff: 45, Sum: 45, Workers: 4
[665.187s][debug][gc,phases      ] GC(18)   StringDedup Table Weak         Min:  0.0, Avg:  0.0, Max:  0.0, Diff:  0.0, Sum:  0.0, Workers: 4
[665.187s][debug][gc,phases      ] GC(18)     Dead                           Min: 0, Avg:  0.0, Max: 0, Diff: 0, Sum: 0, Workers: 4
[665.187s][debug][gc,phases      ] GC(18)     Total                          Min: 0, Avg:  0.0, Max: 0, Diff: 0, Sum: 0, Workers: 4
[665.187s][debug][gc,phases      ] GC(18)   StringDedup Requests0 Weak     Min:  0.0, Avg:  0.0, Max:  0.0, Diff:  0.0, Sum:  0.0, Workers: 4
[665.187s][debug][gc,phases      ] GC(18)     Dead                           Min: 0, Avg:  0.0, Max: 0, Diff: 0, Sum: 0, Workers: 4
[665.187s][debug][gc,phases      ] GC(18)     Total                          Min: 0, Avg:  0.0, Max: 0, Diff: 0, Sum: 0, Workers: 4
[665.187s][debug][gc,phases      ] GC(18)   StringDedup Requests1 Weak     Min:  0.0, Avg:  0.0, Max:  0.0, Diff:  0.0, Sum:  0.0, Workers: 4
[665.187s][debug][gc,phases      ] GC(18)     Dead                           Min: 0, Avg:  0.0, Max: 0, Diff: 0, Sum: 0, Workers: 4
[665.187s][debug][gc,phases      ] GC(18)     Total                          Min: 0, Avg:  0.0, Max: 0, Diff: 0, Sum: 0, Workers: 4
[665.187s][debug][gc,phases      ] GC(18)   Weak JFR Old Object Samples    Min:  0.0, Avg:  0.0, Max:  0.0, Diff:  0.0, Sum:  0.0, Workers: 4
[665.187s][debug][gc,phases      ] GC(18)     Dead                           Min: 0, Avg:  0.0, Max: 0, Diff: 0, Sum: 0, Workers: 4
[665.187s][debug][gc,phases      ] GC(18)     Total                          Min: 0, Avg:  0.0, Max: 0, Diff: 0, Sum: 0, Workers: 4
[665.187s][debug][gc,phases      ] GC(18) Weak Processing 1.114ms
[665.187s][debug][gc,age         ] GC(18) Desired survivor size 296747008 bytes, new threshold 15 (max threshold 15)
[665.187s][info ][gc,heap        ] GC(18) PSYoungGen: 1701608K(1788928K)->214737K(1807360K) Eden: 1486848K(1486848K)->0K(1511424K) From: 214760K(302080K)->214737K(295936K)
[665.187s][info ][gc,heap        ] GC(18) ParOldGen: 6329K(18944K)->6337K(18944K)
[665.187s][info ][gc,metaspace   ] GC(18) Metaspace: 75507K(76288K)->75507K(76288K) NonClass: 64664K(65088K)->64664K(65088K) Class: 10843K(11200K)->10843K(11200K)
[665.187s][info ][gc             ] GC(18) Pause Young (Allocation Failure) 1667M->215M(1783M) 85.229ms
[665.187s][info ][gc,cpu         ] GC(18) User=0.32s Sys=0.00s Real=0.09s
[665.188s][info ][safepoint      ] Safepoint "ParallelGCFailedAllocation", Time since last: 26264094065 ns, Reaching safepoint: 98605 ns, At safepoint: 85308765 ns, Total: 85407370 ns
[673.188s][info ][safepoint      ] Safepoint "Cleanup", Time since last: 8000594835 ns, Reaching safepoint: 36602 ns, At safepoint: 2800 ns, Total: 39402 ns
[680.189s][info ][safepoint      ] Safepoint "Cleanup", Time since last: 7000544878 ns, Reaching safepoint: 40202 ns, At safepoint: 7600 ns, Total: 47802 ns
[684.189s][info ][safepoint      ] Safepoint "Cleanup", Time since last: 4000336871 ns, Reaching safepoint: 43002 ns, At safepoint: 28701 ns, Total: 71703 ns
[714.191s][info ][safepoint      ] Safepoint "Cleanup", Time since last: 30001988781 ns, Reaching safepoint: 44602 ns, At safepoint: 3400 ns, Total: 48002 ns
[716.191s][info ][safepoint      ] Safepoint "Cleanup", Time since last: 2000143786 ns, Reaching safepoint: 41702 ns, At safepoint: 3300 ns, Total: 45002 ns
[722.192s][info ][safepoint      ] Safepoint "Cleanup", Time since last: 6000527956 ns, Reaching safepoint: 58303 ns, At safepoint: 2900 ns, Total: 61203 ns
[724.192s][info ][safepoint      ] Safepoint "Cleanup", Time since last: 2000147298 ns, Reaching safepoint: 49502 ns, At safepoint: 5600 ns, Total: 55102 ns
[730.303s][info ][gc,start       ] GC(19) Pause Young (Allocation Failure)
[730.385s][debug][gc,phases      ] GC(19) Scavenge 81.784ms
[730.385s][debug][gc,ref         ] GC(19) Skipped phase 1 of Reference Processing: no references
[730.385s][debug][gc,ref         ] GC(19) ReferenceProcessor::execute queues: 4, RefProcThreadModel::Multi, marks_oops_alive: false
[730.386s][debug][gc,ref         ] GC(19) Skipped phase 3 of Reference Processing: no references
[730.386s][debug][gc,ref         ] GC(19) ReferenceProcessor::execute queues: 1, RefProcThreadModel::Single, marks_oops_alive: false
[730.386s][debug][gc,phases      ] GC(19) Reference Processing 1.280ms
[730.387s][debug][gc,phases      ] GC(19)   VM Weak                        Min:  0.0, Avg:  0.0, Max:  0.0, Diff:  0.0, Sum:  0.0, Workers: 4
[730.387s][debug][gc,phases      ] GC(19)     Dead                           Min: 0, Avg:  0.0, Max: 0, Diff: 0, Sum: 0, Workers: 4
[730.387s][debug][gc,phases      ] GC(19)     Total                          Min: 0, Avg: 163.8, Max: 384, Diff: 384, Sum: 655, Workers: 4
[730.387s][debug][gc,phases      ] GC(19)   ObjectSynchronizer Weak        Min:  0.0, Avg:  0.0, Max:  0.0, Diff:  0.0, Sum:  0.0, Workers: 4
[730.387s][debug][gc,phases      ] GC(19)     Dead                           Min: 0, Avg:  0.0, Max: 0, Diff: 0, Sum: 0, Workers: 4
[730.387s][debug][gc,phases      ] GC(19)     Total                          Min: 0, Avg:  8.0, Max: 32, Diff: 32, Sum: 32, Workers: 4
[730.387s][debug][gc,phases      ] GC(19)   JVMTI Tag Weak OopStorage      Min:  0.0, Avg:  0.0, Max:  0.0, Diff:  0.0, Sum:  0.0, Workers: 4
[730.387s][debug][gc,phases      ] GC(19)     Dead                           Min: 0, Avg:  0.0, Max: 0, Diff: 0, Sum: 0, Workers: 4
[730.387s][debug][gc,phases      ] GC(19)     Total                          Min: 0, Avg:  0.0, Max: 0, Diff: 0, Sum: 0, Workers: 4
[730.387s][debug][gc,phases      ] GC(19)   StringTable Weak               Min:  0.0, Avg:  0.3, Max:  0.6, Diff:  0.6, Sum:  1.3, Workers: 4
[730.387s][debug][gc,phases      ] GC(19)     Dead                           Min: 0, Avg:  0.0, Max: 0, Diff: 0, Sum: 0, Workers: 4
[730.387s][debug][gc,phases      ] GC(19)     Total                          Min: 0, Avg: 10487.2, Max: 25117, Diff: 25117, Sum: 41949, Workers: 4
[730.387s][debug][gc,phases      ] GC(19)   ResolvedMethodTable Weak       Min:  0.0, Avg:  0.1, Max:  0.1, Diff:  0.1, Sum:  0.3, Workers: 4
[730.387s][debug][gc,phases      ] GC(19)     Dead                           Min: 0, Avg:  0.0, Max: 0, Diff: 0, Sum: 0, Workers: 4
[730.387s][debug][gc,phases      ] GC(19)     Total                          Min: 0, Avg: 2024.5, Max: 5090, Diff: 5090, Sum: 8098, Workers: 4
[730.387s][debug][gc,phases      ] GC(19)   JNI Weak                       Min:  0.0, Avg:  0.0, Max:  0.0, Diff:  0.0, Sum:  0.0, Workers: 4
[730.387s][debug][gc,phases      ] GC(19)     Dead                           Min: 0, Avg:  0.0, Max: 0, Diff: 0, Sum: 0, Workers: 4
[730.387s][debug][gc,phases      ] GC(19)     Total                          Min: 0, Avg: 11.2, Max: 45, Diff: 45, Sum: 45, Workers: 4
[730.387s][debug][gc,phases      ] GC(19)   StringDedup Table Weak         Min:  0.0, Avg:  0.0, Max:  0.0, Diff:  0.0, Sum:  0.0, Workers: 4
[730.387s][debug][gc,phases      ] GC(19)     Dead                           Min: 0, Avg:  0.0, Max: 0, Diff: 0, Sum: 0, Workers: 4
[730.387s][debug][gc,phases      ] GC(19)     Total                          Min: 0, Avg:  0.0, Max: 0, Diff: 0, Sum: 0, Workers: 4
[730.387s][debug][gc,phases      ] GC(19)   StringDedup Requests0 Weak     Min:  0.0, Avg:  0.0, Max:  0.0, Diff:  0.0, Sum:  0.0, Workers: 4
[730.387s][debug][gc,phases      ] GC(19)     Dead                           Min: 0, Avg:  0.0, Max: 0, Diff: 0, Sum: 0, Workers: 4
[730.387s][debug][gc,phases      ] GC(19)     Total                          Min: 0, Avg:  0.0, Max: 0, Diff: 0, Sum: 0, Workers: 4
[730.387s][debug][gc,phases      ] GC(19)   StringDedup Requests1 Weak     Min:  0.0, Avg:  0.0, Max:  0.0, Diff:  0.0, Sum:  0.0, Workers: 4
[730.387s][debug][gc,phases      ] GC(19)     Dead                           Min: 0, Avg:  0.0, Max: 0, Diff: 0, Sum: 0, Workers: 4
[730.387s][debug][gc,phases      ] GC(19)     Total                          Min: 0, Avg:  0.0, Max: 0, Diff: 0, Sum: 0, Workers: 4
[730.387s][debug][gc,phases      ] GC(19)   Weak JFR Old Object Samples    Min:  0.0, Avg:  0.0, Max:  0.0, Diff:  0.0, Sum:  0.0, Workers: 4
[730.387s][debug][gc,phases      ] GC(19)     Dead                           Min: 0, Avg:  0.0, Max: 0, Diff: 0, Sum: 0, Workers: 4
[730.387s][debug][gc,phases      ] GC(19)     Total                          Min: 0, Avg:  0.0, Max: 0, Diff: 0, Sum: 0, Workers: 4
[730.387s][debug][gc,phases      ] GC(19) Weak Processing 0.982ms
[730.387s][debug][gc,age         ] GC(19) Desired survivor size 291504128 bytes, new threshold 15 (max threshold 15)
[730.387s][info ][gc,heap        ] GC(19) PSYoungGen: 1726161K(1807360K)->189835K(1801216K) Eden: 1511424K(1511424K)->0K(1511424K) From: 214737K(295936K)->189835K(289792K)
[730.387s][info ][gc,heap        ] GC(19) ParOldGen: 6337K(18944K)->31334K(31744K)
[730.387s][info ][gc,metaspace   ] GC(19) Metaspace: 75507K(76288K)->75507K(76288K) NonClass: 64664K(65088K)->64664K(65088K) Class: 10843K(11200K)->10843K(11200K)
[730.387s][info ][gc             ] GC(19) Pause Young (Allocation Failure) 1691M->215M(1790M) 84.181ms
[730.387s][info ][gc,cpu         ] GC(19) User=0.32s Sys=0.00s Real=0.09s
[730.387s][debug][gc,phases      ] GC(20) Pre Compact 0.010ms
[730.387s][info ][gc,start       ] GC(20) Pause Full (Ergonomics)
[730.387s][info ][gc,phases,start] GC(20) Marking Phase
[730.471s][debug][gc,phases      ] GC(20) Par Mark 83.401ms
[730.471s][debug][gc,ref         ] GC(20) Skipped phase 1 of Reference Processing: no references
[730.471s][debug][gc,ref         ] GC(20) ReferenceProcessor::execute queues: 4, RefProcThreadModel::Multi, marks_oops_alive: false
[730.471s][debug][gc,ref         ] GC(20) Skipped phase 3 of Reference Processing: no references
[730.471s][debug][gc,ref         ] GC(20) ReferenceProcessor::execute queues: 1, RefProcThreadModel::Single, marks_oops_alive: false
[730.472s][debug][gc,phases      ] GC(20) Reference Processing 0.523ms
[730.472s][debug][gc,phases      ] GC(20)   VM Weak                        Min:  0.0, Avg:  0.0, Max:  0.0, Diff:  0.0, Sum:  0.0, Workers: 4
[730.472s][debug][gc,phases      ] GC(20)     Dead                           Min: 0, Avg:  0.0, Max: 0, Diff: 0, Sum: 0, Workers: 4
[730.472s][debug][gc,phases      ] GC(20)     Total                          Min: 0, Avg: 163.8, Max: 448, Diff: 448, Sum: 655, Workers: 4
[730.472s][debug][gc,phases      ] GC(20)   ObjectSynchronizer Weak        Min:  0.0, Avg:  0.0, Max:  0.0, Diff:  0.0, Sum:  0.0, Workers: 4
[730.472s][debug][gc,phases      ] GC(20)     Dead                           Min: 0, Avg:  0.0, Max: 0, Diff: 0, Sum: 0, Workers: 4
[730.472s][debug][gc,phases      ] GC(20)     Total                          Min: 0, Avg:  8.0, Max: 32, Diff: 32, Sum: 32, Workers: 4
[730.472s][debug][gc,phases      ] GC(20)   JVMTI Tag Weak OopStorage      Min:  0.0, Avg:  0.0, Max:  0.0, Diff:  0.0, Sum:  0.0, Workers: 4
[730.472s][debug][gc,phases      ] GC(20)     Dead                           Min: 0, Avg:  0.0, Max: 0, Diff: 0, Sum: 0, Workers: 4
[730.472s][debug][gc,phases      ] GC(20)     Total                          Min: 0, Avg:  0.0, Max: 0, Diff: 0, Sum: 0, Workers: 4
[730.472s][debug][gc,phases      ] GC(20)   StringTable Weak               Min:  0.0, Avg:  0.2, Max:  0.2, Diff:  0.2, Sum:  0.6, Workers: 4
[730.472s][debug][gc,phases      ] GC(20)     Dead                           Min: 0, Avg:  0.0, Max: 0, Diff: 0, Sum: 0, Workers: 4
[730.472s][debug][gc,phases      ] GC(20)     Total                          Min: 0, Avg: 10487.2, Max: 15488, Diff: 15488, Sum: 41949, Workers: 4
[730.472s][debug][gc,phases      ] GC(20)   ResolvedMethodTable Weak       Min:  0.0, Avg:  0.0, Max:  0.0, Diff:  0.0, Sum:  0.1, Workers: 4
[730.472s][debug][gc,phases      ] GC(20)     Dead                           Min: 0, Avg:  0.0, Max: 0, Diff: 0, Sum: 0, Workers: 4
[730.472s][debug][gc,phases      ] GC(20)     Total                          Min: 0, Avg: 2024.5, Max: 3008, Diff: 3008, Sum: 8098, Workers: 4
[730.472s][debug][gc,phases      ] GC(20)   JNI Weak                       Min:  0.0, Avg:  0.0, Max:  0.0, Diff:  0.0, Sum:  0.0, Workers: 4
[730.472s][debug][gc,phases      ] GC(20)     Dead                           Min: 0, Avg:  0.0, Max: 0, Diff: 0, Sum: 0, Workers: 4
[730.472s][debug][gc,phases      ] GC(20)     Total                          Min: 0, Avg: 11.2, Max: 45, Diff: 45, Sum: 45, Workers: 4
[730.472s][debug][gc,phases      ] GC(20)   StringDedup Table Weak         Min:  0.0, Avg:  0.0, Max:  0.0, Diff:  0.0, Sum:  0.0, Workers: 4
[730.472s][debug][gc,phases      ] GC(20)     Dead                           Min: 0, Avg:  0.0, Max: 0, Diff: 0, Sum: 0, Workers: 4
[730.472s][debug][gc,phases      ] GC(20)     Total                          Min: 0, Avg:  0.0, Max: 0, Diff: 0, Sum: 0, Workers: 4
[730.472s][debug][gc,phases      ] GC(20)   StringDedup Requests0 Weak     Min:  0.0, Avg:  0.0, Max:  0.0, Diff:  0.0, Sum:  0.0, Workers: 4
[730.472s][debug][gc,phases      ] GC(20)     Dead                           Min: 0, Avg:  0.0, Max: 0, Diff: 0, Sum: 0, Workers: 4
[730.472s][debug][gc,phases      ] GC(20)     Total                          Min: 0, Avg:  0.0, Max: 0, Diff: 0, Sum: 0, Workers: 4
[730.472s][debug][gc,phases      ] GC(20)   StringDedup Requests1 Weak     Min:  0.0, Avg:  0.0, Max:  0.0, Diff:  0.0, Sum:  0.0, Workers: 4
[730.472s][debug][gc,phases      ] GC(20)     Dead                           Min: 0, Avg:  0.0, Max: 0, Diff: 0, Sum: 0, Workers: 4
[730.472s][debug][gc,phases      ] GC(20)     Total                          Min: 0, Avg:  0.0, Max: 0, Diff: 0, Sum: 0, Workers: 4
[730.472s][debug][gc,phases      ] GC(20)   Weak JFR Old Object Samples    Min:  0.0, Avg:  0.0, Max:  0.0, Diff:  0.0, Sum:  0.0, Workers: 4
[730.472s][debug][gc,phases      ] GC(20)     Dead                           Min: 0, Avg:  0.0, Max: 0, Diff: 0, Sum: 0, Workers: 4
[730.472s][debug][gc,phases      ] GC(20)     Total                          Min: 0, Avg:  0.0, Max: 0, Diff: 0, Sum: 0, Workers: 4
[730.472s][debug][gc,phases      ] GC(20) Weak Processing 0.419ms
[730.472s][debug][gc,phases      ] GC(20) ClassLoaderData 0.083ms
[730.472s][debug][gc,phases      ] GC(20) Trigger cleanups 0.000ms
[730.487s][debug][gc,phases      ] GC(20) Class Unloading 15.077ms
[730.487s][info ][gc,phases      ] GC(20) Marking Phase 99.609ms
[730.487s][info ][gc,phases,start] GC(20) Summary Phase
[730.487s][info ][gc,phases      ] GC(20) Summary Phase 0.010ms
[730.487s][info ][gc,phases,start] GC(20) Adjust Roots
[730.506s][info ][gc,phases      ] GC(20) Adjust Roots 18.865ms
[730.506s][info ][gc,phases,start] GC(20) Compaction Phase
[731.255s][info ][gc,phases      ] GC(20) Compaction Phase 748.602ms
[731.255s][info ][gc,phases,start] GC(20) Post Compact
[731.257s][info ][gc,phases      ] GC(20) Post Compact 2.325ms
[731.257s][info ][gc,heap        ] GC(20) PSYoungGen: 189835K(1801216K)->188734K(1801216K) Eden: 0K(1511424K)->0K(1511424K) From: 189835K(289792K)->188734K(289792K)
[731.257s][info ][gc,heap        ] GC(20) ParOldGen: 31334K(31744K)->31164K(65536K)
[731.257s][info ][gc,metaspace   ] GC(20) Metaspace: 75507K(76288K)->75507K(76288K) NonClass: 64664K(65088K)->64664K(65088K) Class: 10843K(11200K)->10843K(11200K)
[731.257s][info ][gc             ] GC(20) Pause Full (Ergonomics) 215M->214M(1823M) 869.632ms
[731.257s][info ][gc,cpu         ] GC(20) User=2.05s Sys=0.00s Real=0.87s
[731.257s][info ][safepoint      ] Safepoint "ParallelGCFailedAllocation", Time since last: 6110904987 ns, Reaching safepoint: 103705 ns, At safepoint: 953943668 ns, Total: 954047373 ns
[737.258s][info ][safepoint      ] Safepoint "Cleanup", Time since last: 6000397865 ns, Reaching safepoint: 46802 ns, At safepoint: 3601 ns, Total: 50403 ns
[795.304s][info ][gc,start       ] GC(21) Pause Young (Allocation Failure)
[795.397s][debug][gc,phases      ] GC(21) Scavenge 93.173ms
[795.397s][debug][gc,ref         ] GC(21) Skipped phase 1 of Reference Processing: no references
[795.397s][debug][gc,ref         ] GC(21) ReferenceProcessor::execute queues: 4, RefProcThreadModel::Multi, marks_oops_alive: false
[795.397s][debug][gc,ref         ] GC(21) Skipped phase 3 of Reference Processing: no references
[795.397s][debug][gc,ref         ] GC(21) ReferenceProcessor::execute queues: 1, RefProcThreadModel::Single, marks_oops_alive: false
[795.397s][debug][gc,phases      ] GC(21) Reference Processing 0.482ms
[795.398s][debug][gc,phases      ] GC(21)   VM Weak                        Min:  0.0, Avg:  0.0, Max:  0.0, Diff:  0.0, Sum:  0.0, Workers: 4
[795.398s][debug][gc,phases      ] GC(21)     Dead                           Min: 0, Avg:  0.0, Max: 0, Diff: 0, Sum: 0, Workers: 4
[795.398s][debug][gc,phases      ] GC(21)     Total                          Min: 0, Avg: 163.8, Max: 399, Diff: 399, Sum: 655, Workers: 4
[795.398s][debug][gc,phases      ] GC(21)   ObjectSynchronizer Weak        Min:  0.0, Avg:  0.0, Max:  0.0, Diff:  0.0, Sum:  0.0, Workers: 4
[795.398s][debug][gc,phases      ] GC(21)     Dead                           Min: 0, Avg:  0.0, Max: 0, Diff: 0, Sum: 0, Workers: 4
[795.398s][debug][gc,phases      ] GC(21)     Total                          Min: 0, Avg:  8.0, Max: 32, Diff: 32, Sum: 32, Workers: 4
[795.398s][debug][gc,phases      ] GC(21)   JVMTI Tag Weak OopStorage      Min:  0.0, Avg:  0.0, Max:  0.0, Diff:  0.0, Sum:  0.0, Workers: 4
[795.398s][debug][gc,phases      ] GC(21)     Dead                           Min: 0, Avg:  0.0, Max: 0, Diff: 0, Sum: 0, Workers: 4
[795.398s][debug][gc,phases      ] GC(21)     Total                          Min: 0, Avg:  0.0, Max: 0, Diff: 0, Sum: 0, Workers: 4
[795.398s][debug][gc,phases      ] GC(21)   StringTable Weak               Min:  0.0, Avg:  0.3, Max:  0.4, Diff:  0.4, Sum:  1.2, Workers: 4
[795.398s][debug][gc,phases      ] GC(21)     Dead                           Min: 0, Avg:  0.0, Max: 0, Diff: 0, Sum: 0, Workers: 4
[795.398s][debug][gc,phases      ] GC(21)     Total                          Min: 0, Avg: 10487.8, Max: 16384, Diff: 16384, Sum: 41951, Workers: 4
[795.398s][debug][gc,phases      ] GC(21)   ResolvedMethodTable Weak       Min:  0.0, Avg:  0.1, Max:  0.1, Diff:  0.1, Sum:  0.3, Workers: 4
[795.398s][debug][gc,phases      ] GC(21)     Dead                           Min: 0, Avg:  0.0, Max: 0, Diff: 0, Sum: 0, Workers: 4
[795.398s][debug][gc,phases      ] GC(21)     Total                          Min: 0, Avg: 2024.5, Max: 3682, Diff: 3682, Sum: 8098, Workers: 4
[795.398s][debug][gc,phases      ] GC(21)   JNI Weak                       Min:  0.0, Avg:  0.0, Max:  0.0, Diff:  0.0, Sum:  0.0, Workers: 4
[795.398s][debug][gc,phases      ] GC(21)     Dead                           Min: 0, Avg:  0.0, Max: 0, Diff: 0, Sum: 0, Workers: 4
[795.398s][debug][gc,phases      ] GC(21)     Total                          Min: 0, Avg: 11.2, Max: 45, Diff: 45, Sum: 45, Workers: 4
[795.398s][debug][gc,phases      ] GC(21)   StringDedup Table Weak         Min:  0.0, Avg:  0.0, Max:  0.0, Diff:  0.0, Sum:  0.0, Workers: 4
[795.398s][debug][gc,phases      ] GC(21)     Dead                           Min: 0, Avg:  0.0, Max: 0, Diff: 0, Sum: 0, Workers: 4
[795.398s][debug][gc,phases      ] GC(21)     Total                          Min: 0, Avg:  0.0, Max: 0, Diff: 0, Sum: 0, Workers: 4
[795.398s][debug][gc,phases      ] GC(21)   StringDedup Requests0 Weak     Min:  0.0, Avg:  0.0, Max:  0.0, Diff:  0.0, Sum:  0.0, Workers: 4
[795.398s][debug][gc,phases      ] GC(21)     Dead                           Min: 0, Avg:  0.0, Max: 0, Diff: 0, Sum: 0, Workers: 4
[795.398s][debug][gc,phases      ] GC(21)     Total                          Min: 0, Avg:  0.0, Max: 0, Diff: 0, Sum: 0, Workers: 4
[795.398s][debug][gc,phases      ] GC(21)   StringDedup Requests1 Weak     Min:  0.0, Avg:  0.0, Max:  0.0, Diff:  0.0, Sum:  0.0, Workers: 4
[795.398s][debug][gc,phases      ] GC(21)     Dead                           Min: 0, Avg:  0.0, Max: 0, Diff: 0, Sum: 0, Workers: 4
[795.398s][debug][gc,phases      ] GC(21)     Total                          Min: 0, Avg:  0.0, Max: 0, Diff: 0, Sum: 0, Workers: 4
[795.398s][debug][gc,phases      ] GC(21)   Weak JFR Old Object Samples    Min:  0.0, Avg:  0.0, Max:  0.0, Diff:  0.0, Sum:  0.0, Workers: 4
[795.398s][debug][gc,phases      ] GC(21)     Dead                           Min: 0, Avg:  0.0, Max: 0, Diff: 0, Sum: 0, Workers: 4
[795.398s][debug][gc,phases      ] GC(21)     Total                          Min: 0, Avg:  0.0, Max: 0, Diff: 0, Sum: 0, Workers: 4
[795.398s][debug][gc,phases      ] GC(21) Weak Processing 0.732ms
[795.398s][debug][gc,age         ] GC(21) Desired survivor size 295698432 bytes, new threshold 15 (max threshold 15)
[795.398s][info ][gc,heap        ] GC(21) PSYoungGen: 1700158K(1801216K)->135615K(1804288K) Eden: 1511424K(1511424K)->0K(1519616K) From: 188734K(289792K)->135615K(284672K)
[795.398s][info ][gc,heap        ] GC(21) ParOldGen: 31164K(65536K)->85615K(86016K)
[795.398s][info ][gc,metaspace   ] GC(21) Metaspace: 75507K(76288K)->75507K(76288K) NonClass: 64664K(65088K)->64664K(65088K) Class: 10843K(11200K)->10843K(11200K)
[795.398s][info ][gc             ] GC(21) Pause Young (Allocation Failure) 1690M->216M(1846M) 94.536ms
[795.398s][info ][gc,cpu         ] GC(21) User=0.29s Sys=0.06s Real=0.10s
[795.398s][debug][gc,phases      ] GC(22) Pre Compact 0.009ms
[795.398s][info ][gc,start       ] GC(22) Pause Full (Ergonomics)
[795.398s][info ][gc,phases,start] GC(22) Marking Phase
[795.483s][debug][gc,phases      ] GC(22) Par Mark 85.072ms
[795.483s][debug][gc,ref         ] GC(22) Skipped phase 1 of Reference Processing: no references
[795.484s][debug][gc,ref         ] GC(22) ReferenceProcessor::execute queues: 4, RefProcThreadModel::Multi, marks_oops_alive: false
[795.484s][debug][gc,ref         ] GC(22) Skipped phase 3 of Reference Processing: no references
[795.484s][debug][gc,ref         ] GC(22) ReferenceProcessor::execute queues: 1, RefProcThreadModel::Single, marks_oops_alive: false
[795.484s][debug][gc,phases      ] GC(22) Reference Processing 0.605ms
[795.484s][debug][gc,phases      ] GC(22)   VM Weak                        Min:  0.0, Avg:  0.0, Max:  0.0, Diff:  0.0, Sum:  0.0, Workers: 4
[795.484s][debug][gc,phases      ] GC(22)     Dead                           Min: 0, Avg:  0.0, Max: 0, Diff: 0, Sum: 0, Workers: 4
[795.484s][debug][gc,phases      ] GC(22)     Total                          Min: 0, Avg: 163.8, Max: 384, Diff: 384, Sum: 655, Workers: 4
[795.484s][debug][gc,phases      ] GC(22)   ObjectSynchronizer Weak        Min:  0.0, Avg:  0.0, Max:  0.0, Diff:  0.0, Sum:  0.0, Workers: 4
[795.484s][debug][gc,phases      ] GC(22)     Dead                           Min: 0, Avg:  0.0, Max: 0, Diff: 0, Sum: 0, Workers: 4
[795.484s][debug][gc,phases      ] GC(22)     Total                          Min: 0, Avg:  8.0, Max: 32, Diff: 32, Sum: 32, Workers: 4
[795.484s][debug][gc,phases      ] GC(22)   JVMTI Tag Weak OopStorage      Min:  0.0, Avg:  0.0, Max:  0.0, Diff:  0.0, Sum:  0.0, Workers: 4
[795.484s][debug][gc,phases      ] GC(22)     Dead                           Min: 0, Avg:  0.0, Max: 0, Diff: 0, Sum: 0, Workers: 4
[795.484s][debug][gc,phases      ] GC(22)     Total                          Min: 0, Avg:  0.0, Max: 0, Diff: 0, Sum: 0, Workers: 4
[795.484s][debug][gc,phases      ] GC(22)   StringTable Weak               Min:  0.2, Avg:  0.2, Max:  0.2, Diff:  0.0, Sum:  0.7, Workers: 4
[795.484s][debug][gc,phases      ] GC(22)     Dead                           Min: 0, Avg:  0.0, Max: 0, Diff: 0, Sum: 0, Workers: 4
[795.484s][debug][gc,phases      ] GC(22)     Total                          Min: 9344, Avg: 10487.8, Max: 11072, Diff: 1728, Sum: 41951, Workers: 4
[795.484s][debug][gc,phases      ] GC(22)   ResolvedMethodTable Weak       Min:  0.0, Avg:  0.0, Max:  0.0, Diff:  0.0, Sum:  0.1, Workers: 4
[795.484s][debug][gc,phases      ] GC(22)     Dead                           Min: 0, Avg:  0.0, Max: 0, Diff: 0, Sum: 0, Workers: 4
[795.484s][debug][gc,phases      ] GC(22)     Total                          Min: 1983, Avg: 2024.5, Max: 2048, Diff: 65, Sum: 8098, Workers: 4
[795.484s][debug][gc,phases      ] GC(22)   JNI Weak                       Min:  0.0, Avg:  0.0, Max:  0.0, Diff:  0.0, Sum:  0.0, Workers: 4
[795.484s][debug][gc,phases      ] GC(22)     Dead                           Min: 0, Avg:  0.0, Max: 0, Diff: 0, Sum: 0, Workers: 4
[795.484s][debug][gc,phases      ] GC(22)     Total                          Min: 0, Avg: 11.2, Max: 45, Diff: 45, Sum: 45, Workers: 4
[795.484s][debug][gc,phases      ] GC(22)   StringDedup Table Weak         Min:  0.0, Avg:  0.0, Max:  0.0, Diff:  0.0, Sum:  0.0, Workers: 4
[795.484s][debug][gc,phases      ] GC(22)     Dead                           Min: 0, Avg:  0.0, Max: 0, Diff: 0, Sum: 0, Workers: 4
[795.484s][debug][gc,phases      ] GC(22)     Total                          Min: 0, Avg:  0.0, Max: 0, Diff: 0, Sum: 0, Workers: 4
[795.484s][debug][gc,phases      ] GC(22)   StringDedup Requests0 Weak     Min:  0.0, Avg:  0.0, Max:  0.0, Diff:  0.0, Sum:  0.0, Workers: 4
[795.484s][debug][gc,phases      ] GC(22)     Dead                           Min: 0, Avg:  0.0, Max: 0, Diff: 0, Sum: 0, Workers: 4
[795.484s][debug][gc,phases      ] GC(22)     Total                          Min: 0, Avg:  0.0, Max: 0, Diff: 0, Sum: 0, Workers: 4
[795.484s][debug][gc,phases      ] GC(22)   StringDedup Requests1 Weak     Min:  0.0, Avg:  0.0, Max:  0.0, Diff:  0.0, Sum:  0.0, Workers: 4
[795.484s][debug][gc,phases      ] GC(22)     Dead                           Min: 0, Avg:  0.0, Max: 0, Diff: 0, Sum: 0, Workers: 4
[795.484s][debug][gc,phases      ] GC(22)     Total                          Min: 0, Avg:  0.0, Max: 0, Diff: 0, Sum: 0, Workers: 4
[795.484s][debug][gc,phases      ] GC(22)   Weak JFR Old Object Samples    Min:  0.0, Avg:  0.0, Max:  0.0, Diff:  0.0, Sum:  0.0, Workers: 4
[795.484s][debug][gc,phases      ] GC(22)     Dead                           Min: 0, Avg:  0.0, Max: 0, Diff: 0, Sum: 0, Workers: 4
[795.484s][debug][gc,phases      ] GC(22)     Total                          Min: 0, Avg:  0.0, Max: 0, Diff: 0, Sum: 0, Workers: 4
[795.484s][debug][gc,phases      ] GC(22) Weak Processing 0.399ms
[795.485s][debug][gc,phases      ] GC(22) ClassLoaderData 0.110ms
[795.485s][debug][gc,phases      ] GC(22) Trigger cleanups 0.000ms
[795.503s][debug][gc,phases      ] GC(22) Class Unloading 18.832ms
[795.503s][info ][gc,phases      ] GC(22) Marking Phase 105.125ms
[795.503s][info ][gc,phases,start] GC(22) Summary Phase
[795.503s][info ][gc,phases      ] GC(22) Summary Phase 0.010ms
[795.503s][info ][gc,phases,start] GC(22) Adjust Roots
[795.520s][info ][gc,phases      ] GC(22) Adjust Roots 16.319ms
[795.520s][info ][gc,phases,start] GC(22) Compaction Phase
[795.908s][info ][gc,phases      ] GC(22) Compaction Phase 388.213ms
[795.908s][info ][gc,phases,start] GC(22) Post Compact
[795.910s][info ][gc,phases      ] GC(22) Post Compact 1.705ms
[795.910s][info ][gc,heap        ] GC(22) PSYoungGen: 135615K(1804288K)->134058K(1804288K) Eden: 0K(1519616K)->0K(1519616K) From: 135615K(284672K)->134058K(284672K)
[795.910s][info ][gc,heap        ] GC(22) ParOldGen: 85615K(86016K)->85858K(153600K)
[795.910s][info ][gc,metaspace   ] GC(22) Metaspace: 75507K(76288K)->75507K(76288K) NonClass: 64664K(65088K)->64664K(65088K) Class: 10843K(11200K)->10843K(11200K)
[795.910s][info ][gc             ] GC(22) Pause Full (Ergonomics) 216M->214M(1912M) 511.658ms
[795.910s][info ][gc,cpu         ] GC(22) User=1.47s Sys=0.00s Real=0.51s
[795.910s][info ][safepoint      ] Safepoint "ParallelGCFailedAllocation", Time since last: 58045963337 ns, Reaching safepoint: 104204 ns, At safepoint: 606320872 ns, Total: 606425076 ns
[855.918s][info ][safepoint      ] Safepoint "Cleanup", Time since last: 60008012308 ns, Reaching safepoint: 45902 ns, At safepoint: 3700 ns, Total: 49602 ns
[859.918s][info ][safepoint      ] Safepoint "Cleanup", Time since last: 4000245186 ns, Reaching safepoint: 43402 ns, At safepoint: 2300 ns, Total: 45702 ns
[860.805s][info ][gc,start       ] GC(23) Pause Young (Allocation Failure)
[860.896s][debug][gc,phases      ] GC(23) Scavenge 91.263ms
[860.896s][debug][gc,ref         ] GC(23) Skipped phase 1 of Reference Processing: no references
[860.896s][debug][gc,ref         ] GC(23) ReferenceProcessor::execute queues: 1, RefProcThreadModel::Single, marks_oops_alive: false
[860.896s][debug][gc,ref         ] GC(23) Skipped phase 3 of Reference Processing: no references
[860.896s][debug][gc,ref         ] GC(23) ReferenceProcessor::execute queues: 1, RefProcThreadModel::Single, marks_oops_alive: false
[860.896s][debug][gc,phases      ] GC(23) Reference Processing 0.179ms
[860.897s][debug][gc,phases      ] GC(23)   VM Weak                        Min:  0.0, Avg:  0.0, Max:  0.0, Diff:  0.0, Sum:  0.0, Workers: 4
[860.897s][debug][gc,phases      ] GC(23)     Dead                           Min: 0, Avg:  0.0, Max: 0, Diff: 0, Sum: 0, Workers: 4
[860.897s][debug][gc,phases      ] GC(23)     Total                          Min: 15, Avg: 163.8, Max: 256, Diff: 241, Sum: 655, Workers: 4
[860.897s][debug][gc,phases      ] GC(23)   ObjectSynchronizer Weak        Min:  0.0, Avg:  0.0, Max:  0.0, Diff:  0.0, Sum:  0.0, Workers: 4
[860.897s][debug][gc,phases      ] GC(23)     Dead                           Min: 0, Avg:  0.0, Max: 0, Diff: 0, Sum: 0, Workers: 4
[860.897s][debug][gc,phases      ] GC(23)     Total                          Min: 0, Avg:  8.0, Max: 32, Diff: 32, Sum: 32, Workers: 4
[860.897s][debug][gc,phases      ] GC(23)   JVMTI Tag Weak OopStorage      Min:  0.0, Avg:  0.0, Max:  0.0, Diff:  0.0, Sum:  0.0, Workers: 4
[860.897s][debug][gc,phases      ] GC(23)     Dead                           Min: 0, Avg:  0.0, Max: 0, Diff: 0, Sum: 0, Workers: 4
[860.897s][debug][gc,phases      ] GC(23)     Total                          Min: 0, Avg:  0.0, Max: 0, Diff: 0, Sum: 0, Workers: 4
[860.897s][debug][gc,phases      ] GC(23)   StringTable Weak               Min:  0.2, Avg:  0.2, Max:  0.2, Diff:  0.0, Sum:  0.9, Workers: 4
[860.897s][debug][gc,phases      ] GC(23)     Dead                           Min: 0, Avg:  0.0, Max: 0, Diff: 0, Sum: 0, Workers: 4
[860.897s][debug][gc,phases      ] GC(23)     Total                          Min: 8704, Avg: 10487.8, Max: 11456, Diff: 2752, Sum: 41951, Workers: 4
[860.897s][debug][gc,phases      ] GC(23)   ResolvedMethodTable Weak       Min:  0.1, Avg:  0.1, Max:  0.1, Diff:  0.0, Sum:  0.3, Workers: 4
[860.897s][debug][gc,phases      ] GC(23)     Dead                           Min: 0, Avg:  0.0, Max: 0, Diff: 0, Sum: 0, Workers: 4
[860.897s][debug][gc,phases      ] GC(23)     Total                          Min: 1280, Avg: 2024.5, Max: 2688, Diff: 1408, Sum: 8098, Workers: 4
[860.897s][debug][gc,phases      ] GC(23)   JNI Weak                       Min:  0.0, Avg:  0.0, Max:  0.0, Diff:  0.0, Sum:  0.0, Workers: 4
[860.897s][debug][gc,phases      ] GC(23)     Dead                           Min: 0, Avg:  0.0, Max: 0, Diff: 0, Sum: 0, Workers: 4
[860.897s][debug][gc,phases      ] GC(23)     Total                          Min: 0, Avg: 11.2, Max: 45, Diff: 45, Sum: 45, Workers: 4
[860.897s][debug][gc,phases      ] GC(23)   StringDedup Table Weak         Min:  0.0, Avg:  0.0, Max:  0.0, Diff:  0.0, Sum:  0.0, Workers: 4
[860.897s][debug][gc,phases      ] GC(23)     Dead                           Min: 0, Avg:  0.0, Max: 0, Diff: 0, Sum: 0, Workers: 4
[860.897s][debug][gc,phases      ] GC(23)     Total                          Min: 0, Avg:  0.0, Max: 0, Diff: 0, Sum: 0, Workers: 4
[860.897s][debug][gc,phases      ] GC(23)   StringDedup Requests0 Weak     Min:  0.0, Avg:  0.0, Max:  0.0, Diff:  0.0, Sum:  0.0, Workers: 4
[860.897s][debug][gc,phases      ] GC(23)     Dead                           Min: 0, Avg:  0.0, Max: 0, Diff: 0, Sum: 0, Workers: 4
[860.897s][debug][gc,phases      ] GC(23)     Total                          Min: 0, Avg:  0.0, Max: 0, Diff: 0, Sum: 0, Workers: 4
[860.897s][debug][gc,phases      ] GC(23)   StringDedup Requests1 Weak     Min:  0.0, Avg:  0.0, Max:  0.0, Diff:  0.0, Sum:  0.0, Workers: 4
[860.897s][debug][gc,phases      ] GC(23)     Dead                           Min: 0, Avg:  0.0, Max: 0, Diff: 0, Sum: 0, Workers: 4
[860.897s][debug][gc,phases      ] GC(23)     Total                          Min: 0, Avg:  0.0, Max: 0, Diff: 0, Sum: 0, Workers: 4
[860.897s][debug][gc,phases      ] GC(23)   Weak JFR Old Object Samples    Min:  0.0, Avg:  0.0, Max:  0.0, Diff:  0.0, Sum:  0.0, Workers: 4
[860.897s][debug][gc,phases      ] GC(23)     Dead                           Min: 0, Avg:  0.0, Max: 0, Diff: 0, Sum: 0, Workers: 4
[860.897s][debug][gc,phases      ] GC(23)     Total                          Min: 0, Avg:  0.0, Max: 0, Diff: 0, Sum: 0, Workers: 4
[860.897s][debug][gc,phases      ] GC(23) Weak Processing 0.603ms
[860.897s][debug][gc,age         ] GC(23) Desired survivor size 318767104 bytes, new threshold 15 (max threshold 15)
[860.897s][info ][gc,heap        ] GC(23) PSYoungGen: 1653674K(1804288K)->12126K(1531904K) Eden: 1519616K(1519616K)->0K(1519616K) From: 134058K(284672K)->12126K(12288K)
[860.897s][info ][gc,heap        ] GC(23) ParOldGen: 85858K(153600K)->212087K(212480K)
[860.897s][info ][gc,metaspace   ] GC(23) Metaspace: 75507K(76288K)->75507K(76288K) NonClass: 64664K(65088K)->64664K(65088K) Class: 10843K(11200K)->10843K(11200K)
[860.897s][info ][gc             ] GC(23) Pause Young (Allocation Failure) 1698M->218M(1703M) 92.174ms
[860.897s][info ][gc,cpu         ] GC(23) User=0.28s Sys=0.05s Real=0.10s
[860.897s][debug][gc,phases      ] GC(24) Pre Compact 0.009ms
[860.897s][info ][gc,start       ] GC(24) Pause Full (Ergonomics)
[860.897s][info ][gc,phases,start] GC(24) Marking Phase
[860.981s][debug][gc,phases      ] GC(24) Par Mark 84.047ms
[860.981s][debug][gc,ref         ] GC(24) Skipped phase 1 of Reference Processing: no references
[860.982s][debug][gc,ref         ] GC(24) ReferenceProcessor::execute queues: 4, RefProcThreadModel::Multi, marks_oops_alive: false
[860.982s][debug][gc,ref         ] GC(24) Skipped phase 3 of Reference Processing: no references
[860.982s][debug][gc,ref         ] GC(24) ReferenceProcessor::execute queues: 1, RefProcThreadModel::Single, marks_oops_alive: false
[860.982s][debug][gc,phases      ] GC(24) Reference Processing 0.724ms
[860.982s][debug][gc,phases      ] GC(24)   VM Weak                        Min:  0.0, Avg:  0.0, Max:  0.0, Diff:  0.0, Sum:  0.0, Workers: 4
[860.982s][debug][gc,phases      ] GC(24)     Dead                           Min: 0, Avg:  0.0, Max: 0, Diff: 0, Sum: 0, Workers: 4
[860.982s][debug][gc,phases      ] GC(24)     Total                          Min: 0, Avg: 163.8, Max: 256, Diff: 256, Sum: 655, Workers: 4
[860.982s][debug][gc,phases      ] GC(24)   ObjectSynchronizer Weak        Min:  0.0, Avg:  0.0, Max:  0.0, Diff:  0.0, Sum:  0.0, Workers: 4
[860.982s][debug][gc,phases      ] GC(24)     Dead                           Min: 0, Avg:  0.0, Max: 0, Diff: 0, Sum: 0, Workers: 4
[860.982s][debug][gc,phases      ] GC(24)     Total                          Min: 0, Avg:  8.0, Max: 32, Diff: 32, Sum: 32, Workers: 4
[860.982s][debug][gc,phases      ] GC(24)   JVMTI Tag Weak OopStorage      Min:  0.0, Avg:  0.0, Max:  0.0, Diff:  0.0, Sum:  0.0, Workers: 4
[860.982s][debug][gc,phases      ] GC(24)     Dead                           Min: 0, Avg:  0.0, Max: 0, Diff: 0, Sum: 0, Workers: 4
[860.982s][debug][gc,phases      ] GC(24)     Total                          Min: 0, Avg:  0.0, Max: 0, Diff: 0, Sum: 0, Workers: 4
[860.982s][debug][gc,phases      ] GC(24)   StringTable Weak               Min:  0.2, Avg:  0.2, Max:  0.2, Diff:  0.0, Sum:  0.7, Workers: 4
[860.982s][debug][gc,phases      ] GC(24)     Dead                           Min: 0, Avg:  0.0, Max: 0, Diff: 0, Sum: 0, Workers: 4
[860.982s][debug][gc,phases      ] GC(24)     Total                          Min: 8960, Avg: 10487.8, Max: 11200, Diff: 2240, Sum: 41951, Workers: 4
[860.982s][debug][gc,phases      ] GC(24)   ResolvedMethodTable Weak       Min:  0.0, Avg:  0.0, Max:  0.0, Diff:  0.0, Sum:  0.1, Workers: 4
[860.982s][debug][gc,phases      ] GC(24)     Dead                           Min: 0, Avg:  0.0, Max: 0, Diff: 0, Sum: 0, Workers: 4
[860.982s][debug][gc,phases      ] GC(24)     Total                          Min: 1827, Avg: 2024.5, Max: 2112, Diff: 285, Sum: 8098, Workers: 4
[860.982s][debug][gc,phases      ] GC(24)   JNI Weak                       Min:  0.0, Avg:  0.0, Max:  0.0, Diff:  0.0, Sum:  0.0, Workers: 4
[860.982s][debug][gc,phases      ] GC(24)     Dead                           Min: 0, Avg:  0.0, Max: 0, Diff: 0, Sum: 0, Workers: 4
[860.982s][debug][gc,phases      ] GC(24)     Total                          Min: 0, Avg: 11.2, Max: 45, Diff: 45, Sum: 45, Workers: 4
[860.983s][debug][gc,phases      ] GC(24)   StringDedup Table Weak         Min:  0.0, Avg:  0.0, Max:  0.0, Diff:  0.0, Sum:  0.0, Workers: 4
[860.983s][debug][gc,phases      ] GC(24)     Dead                           Min: 0, Avg:  0.0, Max: 0, Diff: 0, Sum: 0, Workers: 4
[860.983s][debug][gc,phases      ] GC(24)     Total                          Min: 0, Avg:  0.0, Max: 0, Diff: 0, Sum: 0, Workers: 4
[860.983s][debug][gc,phases      ] GC(24)   StringDedup Requests0 Weak     Min:  0.0, Avg:  0.0, Max:  0.0, Diff:  0.0, Sum:  0.0, Workers: 4
[860.983s][debug][gc,phases      ] GC(24)     Dead                           Min: 0, Avg:  0.0, Max: 0, Diff: 0, Sum: 0, Workers: 4
[860.983s][debug][gc,phases      ] GC(24)     Total                          Min: 0, Avg:  0.0, Max: 0, Diff: 0, Sum: 0, Workers: 4
[860.983s][debug][gc,phases      ] GC(24)   StringDedup Requests1 Weak     Min:  0.0, Avg:  0.0, Max:  0.0, Diff:  0.0, Sum:  0.0, Workers: 4
[860.983s][debug][gc,phases      ] GC(24)     Dead                           Min: 0, Avg:  0.0, Max: 0, Diff: 0, Sum: 0, Workers: 4
[860.983s][debug][gc,phases      ] GC(24)     Total                          Min: 0, Avg:  0.0, Max: 0, Diff: 0, Sum: 0, Workers: 4
[860.983s][debug][gc,phases      ] GC(24)   Weak JFR Old Object Samples    Min:  0.0, Avg:  0.0, Max:  0.0, Diff:  0.0, Sum:  0.0, Workers: 4
[860.983s][debug][gc,phases      ] GC(24)     Dead                           Min: 0, Avg:  0.0, Max: 0, Diff: 0, Sum: 0, Workers: 4
[860.983s][debug][gc,phases      ] GC(24)     Total                          Min: 0, Avg:  0.0, Max: 0, Diff: 0, Sum: 0, Workers: 4
[860.983s][debug][gc,phases      ] GC(24) Weak Processing 0.426ms
[860.983s][debug][gc,phases      ] GC(24) ClassLoaderData 0.102ms
[860.983s][debug][gc,phases      ] GC(24) Trigger cleanups 0.000ms
[861.001s][debug][gc,phases      ] GC(24) Class Unloading 18.623ms
[861.001s][info ][gc,phases      ] GC(24) Marking Phase 104.053ms
[861.001s][info ][gc,phases,start] GC(24) Summary Phase
[861.001s][info ][gc,phases      ] GC(24) Summary Phase 0.009ms
[861.001s][info ][gc,phases,start] GC(24) Adjust Roots
[861.014s][info ][gc,phases      ] GC(24) Adjust Roots 12.329ms
[861.014s][info ][gc,phases,start] GC(24) Compaction Phase
[861.198s][info ][gc,phases      ] GC(24) Compaction Phase 184.073ms
[861.198s][info ][gc,phases,start] GC(24) Post Compact
[861.198s][info ][gc,phases      ] GC(24) Post Compact 0.718ms
[861.199s][info ][gc,heap        ] GC(24) PSYoungGen: 12126K(1531904K)->7717K(1531904K) Eden: 0K(1519616K)->0K(1519616K) From: 12126K(12288K)->7717K(12288K)
[861.199s][info ][gc,heap        ] GC(24) ParOldGen: 212087K(212480K)->212178K(345600K)
[861.199s][info ][gc,metaspace   ] GC(24) Metaspace: 75507K(76288K)->75507K(76288K) NonClass: 64664K(65088K)->64664K(65088K) Class: 10843K(11200K)->10843K(11200K)
[861.199s][info ][gc             ] GC(24) Pause Full (Ergonomics) 218M->214M(1833M) 301.506ms
[861.199s][info ][gc,cpu         ] GC(24) User=1.04s Sys=0.00s Real=0.30s
[861.199s][info ][safepoint      ] Safepoint "ParallelGCFailedAllocation", Time since last: 886597849 ns, Reaching safepoint: 30502 ns, At safepoint: 393805456 ns, Total: 393835958 ns
[884.200s][info ][safepoint      ] Safepoint "Cleanup", Time since last: 23001469073 ns, Reaching safepoint: 46602 ns, At safepoint: 5100 ns, Total: 51702 ns
[904.202s][info ][safepoint      ] Safepoint "Cleanup", Time since last: 20001387317 ns, Reaching safepoint: 132406 ns, At safepoint: 7700 ns, Total: 140106 ns
[913.203s][info ][safepoint      ] Safepoint "Cleanup", Time since last: 9000676779 ns, Reaching safepoint: 120705 ns, At safepoint: 7201 ns, Total: 127906 ns
[914.203s][info ][safepoint      ] Safepoint "Cleanup", Time since last: 1000114141 ns, Reaching safepoint: 115605 ns, At safepoint: 6400 ns, Total: 122005 ns
[925.804s][info ][gc,start       ] GC(25) Pause Young (Allocation Failure)
[925.834s][debug][gc,phases      ] GC(25) Scavenge 30.267ms
[925.834s][debug][gc,ref         ] GC(25) Skipped phase 1 of Reference Processing: no references
[925.834s][debug][gc,ref         ] GC(25) ReferenceProcessor::execute queues: 1, RefProcThreadModel::Single, marks_oops_alive: false
[925.834s][debug][gc,ref         ] GC(25) Skipped phase 3 of Reference Processing: no references
[925.834s][debug][gc,ref         ] GC(25) Skipped phase 4 of Reference Processing: no references
[925.834s][debug][gc,phases      ] GC(25) Reference Processing 0.109ms
[925.834s][debug][gc,phases      ] GC(25)   VM Weak                        Min:  0.0, Avg:  0.0, Max:  0.0, Diff:  0.0, Sum:  0.0, Workers: 4
[925.834s][debug][gc,phases      ] GC(25)     Dead                           Min: 0, Avg:  0.0, Max: 0, Diff: 0, Sum: 0, Workers: 4
[925.834s][debug][gc,phases      ] GC(25)     Total                          Min: 0, Avg: 163.8, Max: 335, Diff: 335, Sum: 655, Workers: 4
[925.834s][debug][gc,phases      ] GC(25)   ObjectSynchronizer Weak        Min:  0.0, Avg:  0.0, Max:  0.0, Diff:  0.0, Sum:  0.0, Workers: 4
[925.834s][debug][gc,phases      ] GC(25)     Dead                           Min: 0, Avg:  0.0, Max: 0, Diff: 0, Sum: 0, Workers: 4
[925.834s][debug][gc,phases      ] GC(25)     Total                          Min: 0, Avg:  8.0, Max: 32, Diff: 32, Sum: 32, Workers: 4
[925.834s][debug][gc,phases      ] GC(25)   JVMTI Tag Weak OopStorage      Min:  0.0, Avg:  0.0, Max:  0.0, Diff:  0.0, Sum:  0.0, Workers: 4
[925.834s][debug][gc,phases      ] GC(25)     Dead                           Min: 0, Avg:  0.0, Max: 0, Diff: 0, Sum: 0, Workers: 4
[925.834s][debug][gc,phases      ] GC(25)     Total                          Min: 0, Avg:  0.0, Max: 0, Diff: 0, Sum: 0, Workers: 4
[925.834s][debug][gc,phases      ] GC(25)   StringTable Weak               Min:  0.0, Avg:  0.1, Max:  0.1, Diff:  0.1, Sum:  0.4, Workers: 4
[925.834s][debug][gc,phases      ] GC(25)     Dead                           Min: 0, Avg:  0.0, Max: 0, Diff: 0, Sum: 0, Workers: 4
[925.834s][debug][gc,phases      ] GC(25)     Total                          Min: 0, Avg: 10490.2, Max: 14889, Diff: 14889, Sum: 41961, Workers: 4
[925.834s][debug][gc,phases      ] GC(25)   ResolvedMethodTable Weak       Min:  0.0, Avg:  0.0, Max:  0.0, Diff:  0.0, Sum:  0.1, Workers: 4
[925.835s][debug][gc,phases      ] GC(25)     Dead                           Min: 0, Avg:  0.0, Max: 0, Diff: 0, Sum: 0, Workers: 4
[925.835s][debug][gc,phases      ] GC(25)     Total                          Min: 0, Avg: 2024.5, Max: 2944, Diff: 2944, Sum: 8098, Workers: 4
[925.835s][debug][gc,phases      ] GC(25)   JNI Weak                       Min:  0.0, Avg:  0.0, Max:  0.0, Diff:  0.0, Sum:  0.0, Workers: 4
[925.835s][debug][gc,phases      ] GC(25)     Dead                           Min: 0, Avg:  0.0, Max: 0, Diff: 0, Sum: 0, Workers: 4
[925.835s][debug][gc,phases      ] GC(25)     Total                          Min: 0, Avg: 11.2, Max: 45, Diff: 45, Sum: 45, Workers: 4
[925.835s][debug][gc,phases      ] GC(25)   StringDedup Table Weak         Min:  0.0, Avg:  0.0, Max:  0.0, Diff:  0.0, Sum:  0.0, Workers: 4
[925.835s][debug][gc,phases      ] GC(25)     Dead                           Min: 0, Avg:  0.0, Max: 0, Diff: 0, Sum: 0, Workers: 4
[925.835s][debug][gc,phases      ] GC(25)     Total                          Min: 0, Avg:  0.0, Max: 0, Diff: 0, Sum: 0, Workers: 4
[925.835s][debug][gc,phases      ] GC(25)   StringDedup Requests0 Weak     Min:  0.0, Avg:  0.0, Max:  0.0, Diff:  0.0, Sum:  0.0, Workers: 4
[925.835s][debug][gc,phases      ] GC(25)     Dead                           Min: 0, Avg:  0.0, Max: 0, Diff: 0, Sum: 0, Workers: 4
[925.835s][debug][gc,phases      ] GC(25)     Total                          Min: 0, Avg:  0.0, Max: 0, Diff: 0, Sum: 0, Workers: 4
[925.835s][debug][gc,phases      ] GC(25)   StringDedup Requests1 Weak     Min:  0.0, Avg:  0.0, Max:  0.0, Diff:  0.0, Sum:  0.0, Workers: 4
[925.835s][debug][gc,phases      ] GC(25)     Dead                           Min: 0, Avg:  0.0, Max: 0, Diff: 0, Sum: 0, Workers: 4
[925.835s][debug][gc,phases      ] GC(25)     Total                          Min: 0, Avg:  0.0, Max: 0, Diff: 0, Sum: 0, Workers: 4
[925.835s][debug][gc,phases      ] GC(25)   Weak JFR Old Object Samples    Min:  0.0, Avg:  0.0, Max:  0.0, Diff:  0.0, Sum:  0.0, Workers: 4
[925.835s][debug][gc,phases      ] GC(25)     Dead                           Min: 0, Avg:  0.0, Max: 0, Diff: 0, Sum: 0, Workers: 4
[925.835s][debug][gc,phases      ] GC(25)     Total                          Min: 0, Avg:  0.0, Max: 0, Diff: 0, Sum: 0, Workers: 4
[925.835s][debug][gc,phases      ] GC(25) Weak Processing 0.385ms
[925.835s][debug][gc,age         ] GC(25) Desired survivor size 336592896 bytes, new threshold 15 (max threshold 15)
[925.835s][info ][gc,heap        ] GC(25) PSYoungGen: 1527333K(1531904K)->576K(1751040K) Eden: 1519616K(1519616K)->0K(1439744K) From: 7717K(12288K)->576K(311296K)
[925.835s][info ][gc,heap        ] GC(25) ParOldGen: 212178K(345600K)->219923K(345600K)
[925.835s][info ][gc,metaspace   ] GC(25) Metaspace: 75514K(76352K)->75514K(76352K) NonClass: 64671K(65152K)->64671K(65152K) Class: 10843K(11200K)->10843K(11200K)
[925.835s][info ][gc             ] GC(25) Pause Young (Allocation Failure) 1698M->215M(2047M) 30.913ms
[925.835s][info ][gc,cpu         ] GC(25) User=0.11s Sys=0.00s Real=0.04s
[925.835s][info ][safepoint      ] Safepoint "ParallelGCFailedAllocation", Time since last: 11600717318 ns, Reaching safepoint: 115305 ns, At safepoint: 31014612 ns, Total: 31129917 ns
[935.835s][info ][safepoint      ] Safepoint "Cleanup", Time since last: 10000674841 ns, Reaching safepoint: 39502 ns, At safepoint: 3200 ns, Total: 42702 ns
[955.837s][info ][safepoint      ] Safepoint "Cleanup", Time since last: 20001427718 ns, Reaching safepoint: 51503 ns, At safepoint: 5800 ns, Total: 57303 ns
[987.803s][info ][gc,start       ] GC(26) Pause Young (Allocation Failure)
[987.805s][debug][gc,phases      ] GC(26) Scavenge 2.313ms
[987.805s][debug][gc,ref         ] GC(26) Skipped phase 1 of Reference Processing: no references
[987.805s][debug][gc,ref         ] GC(26) ReferenceProcessor::execute queues: 1, RefProcThreadModel::Single, marks_oops_alive: false
[987.805s][debug][gc,ref         ] GC(26) Skipped phase 3 of Reference Processing: no references
[987.805s][debug][gc,ref         ] GC(26) Skipped phase 4 of Reference Processing: no references
[987.805s][debug][gc,phases      ] GC(26) Reference Processing 0.104ms
[987.806s][debug][gc,phases      ] GC(26)   VM Weak                        Min:  0.0, Avg:  0.0, Max:  0.0, Diff:  0.0, Sum:  0.0, Workers: 4
[987.806s][debug][gc,phases      ] GC(26)     Dead                           Min: 0, Avg:  0.0, Max: 0, Diff: 0, Sum: 0, Workers: 4
[987.806s][debug][gc,phases      ] GC(26)     Total                          Min: 0, Avg: 163.8, Max: 527, Diff: 527, Sum: 655, Workers: 4
[987.806s][debug][gc,phases      ] GC(26)   ObjectSynchronizer Weak        Min:  0.0, Avg:  0.0, Max:  0.0, Diff:  0.0, Sum:  0.0, Workers: 4
[987.806s][debug][gc,phases      ] GC(26)     Dead                           Min: 0, Avg:  0.0, Max: 0, Diff: 0, Sum: 0, Workers: 4
[987.806s][debug][gc,phases      ] GC(26)     Total                          Min: 0, Avg:  8.0, Max: 32, Diff: 32, Sum: 32, Workers: 4
[987.806s][debug][gc,phases      ] GC(26)   JVMTI Tag Weak OopStorage      Min:  0.0, Avg:  0.0, Max:  0.0, Diff:  0.0, Sum:  0.0, Workers: 4
[987.806s][debug][gc,phases      ] GC(26)     Dead                           Min: 0, Avg:  0.0, Max: 0, Diff: 0, Sum: 0, Workers: 4
[987.806s][debug][gc,phases      ] GC(26)     Total                          Min: 0, Avg:  0.0, Max: 0, Diff: 0, Sum: 0, Workers: 4
[987.806s][debug][gc,phases      ] GC(26)   StringTable Weak               Min:  0.0, Avg:  0.1, Max:  0.1, Diff:  0.1, Sum:  0.4, Workers: 4
[987.806s][debug][gc,phases      ] GC(26)     Dead                           Min: 0, Avg:  0.0, Max: 0, Diff: 0, Sum: 0, Workers: 4
[987.806s][debug][gc,phases      ] GC(26)     Total                          Min: 0, Avg: 10490.2, Max: 14528, Diff: 14528, Sum: 41961, Workers: 4
[987.806s][debug][gc,phases      ] GC(26)   ResolvedMethodTable Weak       Min:  0.0, Avg:  0.0, Max:  0.0, Diff:  0.0, Sum:  0.1, Workers: 4
[987.806s][debug][gc,phases      ] GC(26)     Dead                           Min: 0, Avg:  0.0, Max: 0, Diff: 0, Sum: 0, Workers: 4
[987.806s][debug][gc,phases      ] GC(26)     Total                          Min: 0, Avg: 2024.5, Max: 2850, Diff: 2850, Sum: 8098, Workers: 4
[987.806s][debug][gc,phases      ] GC(26)   JNI Weak                       Min:  0.0, Avg:  0.0, Max:  0.0, Diff:  0.0, Sum:  0.0, Workers: 4
[987.806s][debug][gc,phases      ] GC(26)     Dead                           Min: 0, Avg:  0.0, Max: 0, Diff: 0, Sum: 0, Workers: 4
[987.806s][debug][gc,phases      ] GC(26)     Total                          Min: 0, Avg: 11.2, Max: 45, Diff: 45, Sum: 45, Workers: 4
[987.806s][debug][gc,phases      ] GC(26)   StringDedup Table Weak         Min:  0.0, Avg:  0.0, Max:  0.0, Diff:  0.0, Sum:  0.0, Workers: 4
[987.806s][debug][gc,phases      ] GC(26)     Dead                           Min: 0, Avg:  0.0, Max: 0, Diff: 0, Sum: 0, Workers: 4
[987.806s][debug][gc,phases      ] GC(26)     Total                          Min: 0, Avg:  0.0, Max: 0, Diff: 0, Sum: 0, Workers: 4
[987.806s][debug][gc,phases      ] GC(26)   StringDedup Requests0 Weak     Min:  0.0, Avg:  0.0, Max:  0.0, Diff:  0.0, Sum:  0.0, Workers: 4
[987.806s][debug][gc,phases      ] GC(26)     Dead                           Min: 0, Avg:  0.0, Max: 0, Diff: 0, Sum: 0, Workers: 4
[987.806s][debug][gc,phases      ] GC(26)     Total                          Min: 0, Avg:  0.0, Max: 0, Diff: 0, Sum: 0, Workers: 4
[987.806s][debug][gc,phases      ] GC(26)   StringDedup Requests1 Weak     Min:  0.0, Avg:  0.0, Max:  0.0, Diff:  0.0, Sum:  0.0, Workers: 4
[987.806s][debug][gc,phases      ] GC(26)     Dead                           Min: 0, Avg:  0.0, Max: 0, Diff: 0, Sum: 0, Workers: 4
[987.806s][debug][gc,phases      ] GC(26)     Total                          Min: 0, Avg:  0.0, Max: 0, Diff: 0, Sum: 0, Workers: 4
[987.806s][debug][gc,phases      ] GC(26)   Weak JFR Old Object Samples    Min:  0.0, Avg:  0.0, Max:  0.0, Diff:  0.0, Sum:  0.0, Workers: 4
[987.806s][debug][gc,phases      ] GC(26)     Dead                           Min: 0, Avg:  0.0, Max: 0, Diff: 0, Sum: 0, Workers: 4
[987.806s][debug][gc,phases      ] GC(26)     Total                          Min: 0, Avg:  0.0, Max: 0, Diff: 0, Sum: 0, Workers: 4
[987.806s][debug][gc,phases      ] GC(26) Weak Processing 0.350ms
[987.806s][debug][gc,age         ] GC(26) Desired survivor size 347602944 bytes, new threshold 15 (max threshold 15)
[987.806s][info ][gc,heap        ] GC(26) PSYoungGen: 1440320K(1751040K)->544K(1440768K) Eden: 1439744K(1439744K)->0K(1439744K) From: 576K(311296K)->544K(1024K)
[987.806s][info ][gc,heap        ] GC(26) ParOldGen: 219923K(345600K)->219987K(345600K)
[987.806s][info ][gc,metaspace   ] GC(26) Metaspace: 75522K(76352K)->75522K(76352K) NonClass: 64679K(65152K)->64679K(65152K) Class: 10843K(11200K)->10843K(11200K)
[987.806s][info ][gc             ] GC(26) Pause Young (Allocation Failure) 1621M->215M(1744M) 2.906ms
[987.806s][info ][gc,cpu         ] GC(26) User=0.01s Sys=0.01s Real=0.00s
[987.806s][info ][safepoint      ] Safepoint "ParallelGCFailedAllocation", Time since last: 31965888041 ns, Reaching safepoint: 114104 ns, At safepoint: 2977427 ns, Total: 3091531 ns
[1023.809s][info ][safepoint      ] Safepoint "Cleanup", Time since last: 36002672416 ns, Reaching safepoint: 45702 ns, At safepoint: 4000 ns, Total: 49702 ns
[1041.810s][info ][safepoint      ] Safepoint "Cleanup", Time since last: 18001207521 ns, Reaching safepoint: 39402 ns, At safepoint: 9600 ns, Total: 49002 ns
[1049.804s][info ][gc,start       ] GC(27) Pause Young (Allocation Failure)
[1049.806s][debug][gc,phases      ] GC(27) Scavenge 2.230ms
[1049.806s][debug][gc,ref         ] GC(27) Skipped phase 1 of Reference Processing: no references
[1049.806s][debug][gc,ref         ] GC(27) ReferenceProcessor::execute queues: 1, RefProcThreadModel::Single, marks_oops_alive: false
[1049.806s][debug][gc,ref         ] GC(27) Skipped phase 3 of Reference Processing: no references
[1049.806s][debug][gc,ref         ] GC(27) Skipped phase 4 of Reference Processing: no references
[1049.806s][debug][gc,phases      ] GC(27) Reference Processing 0.104ms
[1049.806s][debug][gc,phases      ] GC(27)   VM Weak                        Min:  0.0, Avg:  0.0, Max:  0.0, Diff:  0.0, Sum:  0.0, Workers: 4
[1049.806s][debug][gc,phases      ] GC(27)     Dead                           Min: 0, Avg:  0.0, Max: 0, Diff: 0, Sum: 0, Workers: 4
[1049.806s][debug][gc,phases      ] GC(27)     Total                          Min: 0, Avg: 163.8, Max: 655, Diff: 655, Sum: 655, Workers: 4
[1049.806s][debug][gc,phases      ] GC(27)   ObjectSynchronizer Weak        Min:  0.0, Avg:  0.0, Max:  0.0, Diff:  0.0, Sum:  0.0, Workers: 4
[1049.806s][debug][gc,phases      ] GC(27)     Dead                           Min: 0, Avg:  0.0, Max: 0, Diff: 0, Sum: 0, Workers: 4
[1049.806s][debug][gc,phases      ] GC(27)     Total                          Min: 0, Avg:  8.0, Max: 32, Diff: 32, Sum: 32, Workers: 4
[1049.806s][debug][gc,phases      ] GC(27)   JVMTI Tag Weak OopStorage      Min:  0.0, Avg:  0.0, Max:  0.0, Diff:  0.0, Sum:  0.0, Workers: 4
[1049.806s][debug][gc,phases      ] GC(27)     Dead                           Min: 0, Avg:  0.0, Max: 0, Diff: 0, Sum: 0, Workers: 4
[1049.806s][debug][gc,phases      ] GC(27)     Total                          Min: 0, Avg:  0.0, Max: 0, Diff: 0, Sum: 0, Workers: 4
[1049.806s][debug][gc,phases      ] GC(27)   StringTable Weak               Min:  0.1, Avg:  0.1, Max:  0.1, Diff:  0.0, Sum:  0.3, Workers: 4
[1049.806s][debug][gc,phases      ] GC(27)     Dead                           Min: 0, Avg:  0.0, Max: 0, Diff: 0, Sum: 0, Workers: 4
[1049.806s][debug][gc,phases      ] GC(27)     Total                          Min: 8937, Avg: 10490.2, Max: 11840, Diff: 2903, Sum: 41961, Workers: 4
[1049.806s][debug][gc,phases      ] GC(27)   ResolvedMethodTable Weak       Min:  0.0, Avg:  0.0, Max:  0.0, Diff:  0.0, Sum:  0.1, Workers: 4
[1049.806s][debug][gc,phases      ] GC(27)     Dead                           Min: 0, Avg:  0.0, Max: 0, Diff: 0, Sum: 0, Workers: 4
[1049.806s][debug][gc,phases      ] GC(27)     Total                          Min: 1827, Avg: 2024.5, Max: 2112, Diff: 285, Sum: 8098, Workers: 4
[1049.806s][debug][gc,phases      ] GC(27)   JNI Weak                       Min:  0.0, Avg:  0.0, Max:  0.0, Diff:  0.0, Sum:  0.0, Workers: 4
[1049.806s][debug][gc,phases      ] GC(27)     Dead                           Min: 0, Avg:  0.0, Max: 0, Diff: 0, Sum: 0, Workers: 4
[1049.806s][debug][gc,phases      ] GC(27)     Total                          Min: 0, Avg: 11.2, Max: 45, Diff: 45, Sum: 45, Workers: 4
[1049.806s][debug][gc,phases      ] GC(27)   StringDedup Table Weak         Min:  0.0, Avg:  0.0, Max:  0.0, Diff:  0.0, Sum:  0.0, Workers: 4
[1049.806s][debug][gc,phases      ] GC(27)     Dead                           Min: 0, Avg:  0.0, Max: 0, Diff: 0, Sum: 0, Workers: 4
[1049.806s][debug][gc,phases      ] GC(27)     Total                          Min: 0, Avg:  0.0, Max: 0, Diff: 0, Sum: 0, Workers: 4
[1049.806s][debug][gc,phases      ] GC(27)   StringDedup Requests0 Weak     Min:  0.0, Avg:  0.0, Max:  0.0, Diff:  0.0, Sum:  0.0, Workers: 4
[1049.806s][debug][gc,phases      ] GC(27)     Dead                           Min: 0, Avg:  0.0, Max: 0, Diff: 0, Sum: 0, Workers: 4
[1049.806s][debug][gc,phases      ] GC(27)     Total                          Min: 0, Avg:  0.0, Max: 0, Diff: 0, Sum: 0, Workers: 4
[1049.806s][debug][gc,phases      ] GC(27)   StringDedup Requests1 Weak     Min:  0.0, Avg:  0.0, Max:  0.0, Diff:  0.0, Sum:  0.0, Workers: 4
[1049.806s][debug][gc,phases      ] GC(27)     Dead                           Min: 0, Avg:  0.0, Max: 0, Diff: 0, Sum: 0, Workers: 4
[1049.806s][debug][gc,phases      ] GC(27)     Total                          Min: 0, Avg:  0.0, Max: 0, Diff: 0, Sum: 0, Workers: 4
[1049.806s][debug][gc,phases      ] GC(27)   Weak JFR Old Object Samples    Min:  0.0, Avg:  0.0, Max:  0.0, Diff:  0.0, Sum:  0.0, Workers: 4
[1049.806s][debug][gc,phases      ] GC(27)     Dead                           Min: 0, Avg:  0.0, Max: 0, Diff: 0, Sum: 0, Workers: 4
[1049.806s][debug][gc,phases      ] GC(27)     Total                          Min: 0, Avg:  0.0, Max: 0, Diff: 0, Sum: 0, Workers: 4
[1049.806s][debug][gc,phases      ] GC(27) Weak Processing 0.330ms
[1049.806s][debug][gc,age         ] GC(27) Desired survivor size 352845824 bytes, new threshold 15 (max threshold 15)
[1049.806s][info ][gc,heap        ] GC(27) PSYoungGen: 1440288K(1440768K)->544K(1747456K) Eden: 1439744K(1439744K)->0K(1408000K) From: 544K(1024K)->544K(339456K)
[1049.806s][info ][gc,heap        ] GC(27) ParOldGen: 219987K(345600K)->220011K(345600K)
[1049.806s][info ][gc,metaspace   ] GC(27) Metaspace: 75523K(76352K)->75523K(76352K) NonClass: 64680K(65152K)->64680K(65152K) Class: 10843K(11200K)->10843K(11200K)
[1049.806s][info ][gc             ] GC(27) Pause Young (Allocation Failure) 1621M->215M(2044M) 2.806ms
[1049.806s][info ][gc,cpu         ] GC(27) User=0.00s Sys=0.01s Real=0.01s
[1049.806s][info ][safepoint      ] Safepoint "ParallelGCFailedAllocation", Time since last: 7993568113 ns, Reaching safepoint: 102904 ns, At safepoint: 2878626 ns, Total: 2981530 ns
[1104.812s][info ][safepoint      ] Safepoint "Cleanup", Time since last: 55005229797 ns, Reaching safepoint: 43001 ns, At safepoint: 28502 ns, Total: 71503 ns
[1106.812s][info ][safepoint      ] Safepoint "Cleanup", Time since last: 2000163612 ns, Reaching safepoint: 46602 ns, At safepoint: 2500 ns, Total: 49102 ns
[1110.804s][info ][gc,start       ] GC(28) Pause Young (Allocation Failure)
[1110.806s][debug][gc,phases      ] GC(28) Scavenge 2.299ms
[1110.806s][debug][gc,ref         ] GC(28) Skipped phase 1 of Reference Processing: no references
[1110.806s][debug][gc,ref         ] GC(28) ReferenceProcessor::execute queues: 1, RefProcThreadModel::Single, marks_oops_alive: false
[1110.806s][debug][gc,ref         ] GC(28) Skipped phase 3 of Reference Processing: no references
[1110.806s][debug][gc,ref         ] GC(28) Skipped phase 4 of Reference Processing: no references
[1110.806s][debug][gc,phases      ] GC(28) Reference Processing 0.159ms
[1110.806s][debug][gc,phases      ] GC(28)   VM Weak                        Min:  0.0, Avg:  0.0, Max:  0.0, Diff:  0.0, Sum:  0.0, Workers: 4
[1110.806s][debug][gc,phases      ] GC(28)     Dead                           Min: 0, Avg:  0.0, Max: 0, Diff: 0, Sum: 0, Workers: 4
[1110.806s][debug][gc,phases      ] GC(28)     Total                          Min: 0, Avg: 163.8, Max: 335, Diff: 335, Sum: 655, Workers: 4
[1110.806s][debug][gc,phases      ] GC(28)   ObjectSynchronizer Weak        Min:  0.0, Avg:  0.0, Max:  0.0, Diff:  0.0, Sum:  0.0, Workers: 4
[1110.806s][debug][gc,phases      ] GC(28)     Dead                           Min: 0, Avg:  0.0, Max: 0, Diff: 0, Sum: 0, Workers: 4
[1110.806s][debug][gc,phases      ] GC(28)     Total                          Min: 0, Avg:  8.0, Max: 32, Diff: 32, Sum: 32, Workers: 4
[1110.806s][debug][gc,phases      ] GC(28)   JVMTI Tag Weak OopStorage      Min:  0.0, Avg:  0.0, Max:  0.0, Diff:  0.0, Sum:  0.0, Workers: 4
[1110.806s][debug][gc,phases      ] GC(28)     Dead                           Min: 0, Avg:  0.0, Max: 0, Diff: 0, Sum: 0, Workers: 4
[1110.806s][debug][gc,phases      ] GC(28)     Total                          Min: 0, Avg:  0.0, Max: 0, Diff: 0, Sum: 0, Workers: 4
[1110.806s][debug][gc,phases      ] GC(28)   StringTable Weak               Min:  0.1, Avg:  0.1, Max:  0.1, Diff:  0.0, Sum:  0.5, Workers: 4
[1110.806s][debug][gc,phases      ] GC(28)     Dead                           Min: 0, Avg:  0.0, Max: 0, Diff: 0, Sum: 0, Workers: 4
[1110.806s][debug][gc,phases      ] GC(28)     Total                          Min: 9024, Avg: 10490.2, Max: 11584, Diff: 2560, Sum: 41961, Workers: 4
[1110.806s][debug][gc,phases      ] GC(28)   ResolvedMethodTable Weak       Min:  0.0, Avg:  0.0, Max:  0.0, Diff:  0.0, Sum:  0.1, Workers: 4
[1110.806s][debug][gc,phases      ] GC(28)     Dead                           Min: 0, Avg:  0.0, Max: 0, Diff: 0, Sum: 0, Workers: 4
[1110.806s][debug][gc,phases      ] GC(28)     Total                          Min: 1919, Avg: 2024.5, Max: 2147, Diff: 228, Sum: 8098, Workers: 4
[1110.806s][debug][gc,phases      ] GC(28)   JNI Weak                       Min:  0.0, Avg:  0.0, Max:  0.0, Diff:  0.0, Sum:  0.0, Workers: 4
[1110.806s][debug][gc,phases      ] GC(28)     Dead                           Min: 0, Avg:  0.0, Max: 0, Diff: 0, Sum: 0, Workers: 4
[1110.806s][debug][gc,phases      ] GC(28)     Total                          Min: 0, Avg: 11.2, Max: 45, Diff: 45, Sum: 45, Workers: 4
[1110.806s][debug][gc,phases      ] GC(28)   StringDedup Table Weak         Min:  0.0, Avg:  0.0, Max:  0.0, Diff:  0.0, Sum:  0.0, Workers: 4
[1110.806s][debug][gc,phases      ] GC(28)     Dead                           Min: 0, Avg:  0.0, Max: 0, Diff: 0, Sum: 0, Workers: 4
[1110.806s][debug][gc,phases      ] GC(28)     Total                          Min: 0, Avg:  0.0, Max: 0, Diff: 0, Sum: 0, Workers: 4
[1110.806s][debug][gc,phases      ] GC(28)   StringDedup Requests0 Weak     Min:  0.0, Avg:  0.0, Max:  0.0, Diff:  0.0, Sum:  0.0, Workers: 4
[1110.806s][debug][gc,phases      ] GC(28)     Dead                           Min: 0, Avg:  0.0, Max: 0, Diff: 0, Sum: 0, Workers: 4
[1110.806s][debug][gc,phases      ] GC(28)     Total                          Min: 0, Avg:  0.0, Max: 0, Diff: 0, Sum: 0, Workers: 4
[1110.806s][debug][gc,phases      ] GC(28)   StringDedup Requests1 Weak     Min:  0.0, Avg:  0.0, Max:  0.0, Diff:  0.0, Sum:  0.0, Workers: 4
[1110.806s][debug][gc,phases      ] GC(28)     Dead                           Min: 0, Avg:  0.0, Max: 0, Diff: 0, Sum: 0, Workers: 4
[1110.806s][debug][gc,phases      ] GC(28)     Total                          Min: 0, Avg:  0.0, Max: 0, Diff: 0, Sum: 0, Workers: 4
[1110.806s][debug][gc,phases      ] GC(28)   Weak JFR Old Object Samples    Min:  0.0, Avg:  0.0, Max:  0.0, Diff:  0.0, Sum:  0.0, Workers: 4
[1110.806s][debug][gc,phases      ] GC(28)     Dead                           Min: 0, Avg:  0.0, Max: 0, Diff: 0, Sum: 0, Workers: 4
[1110.806s][debug][gc,phases      ] GC(28)     Total                          Min: 0, Avg:  0.0, Max: 0, Diff: 0, Sum: 0, Workers: 4
[1110.806s][debug][gc,phases      ] GC(28) Weak Processing 0.332ms
[1110.806s][debug][gc,age         ] GC(28) Desired survivor size 353894400 bytes, new threshold 15 (max threshold 15)
[1110.806s][info ][gc,heap        ] GC(28) PSYoungGen: 1408544K(1747456K)->544K(1409024K) Eden: 1408000K(1408000K)->0K(1408000K) From: 544K(339456K)->544K(1024K)
[1110.806s][info ][gc,heap        ] GC(28) ParOldGen: 220011K(345600K)->220043K(345600K)
[1110.806s][info ][gc,metaspace   ] GC(28) Metaspace: 75525K(76352K)->75525K(76352K) NonClass: 64681K(65152K)->64681K(65152K) Class: 10843K(11200K)->10843K(11200K)
[1110.806s][info ][gc             ] GC(28) Pause Young (Allocation Failure) 1590M->215M(1713M) 2.922ms
[1110.806s][info ][gc,cpu         ] GC(28) User=0.00s Sys=0.01s Real=0.01s
[1110.806s][info ][safepoint      ] Safepoint "ParallelGCFailedAllocation", Time since last: 3991468545 ns, Reaching safepoint: 92604 ns, At safepoint: 3002129 ns, Total: 3094733 ns
[1171.804s][info ][gc,start       ] GC(29) Pause Young (Allocation Failure)
[1171.807s][debug][gc,phases      ] GC(29) Scavenge 3.752ms
[1171.807s][debug][gc,ref         ] GC(29) Skipped phase 1 of Reference Processing: no references
[1171.808s][debug][gc,ref         ] GC(29) ReferenceProcessor::execute queues: 1, RefProcThreadModel::Single, marks_oops_alive: false
[1171.808s][debug][gc,ref         ] GC(29) Skipped phase 3 of Reference Processing: no references
[1171.808s][debug][gc,ref         ] GC(29) Skipped phase 4 of Reference Processing: no references
[1171.808s][debug][gc,phases      ] GC(29) Reference Processing 0.107ms
[1171.808s][debug][gc,phases      ] GC(29)   VM Weak                        Min:  0.0, Avg:  0.0, Max:  0.0, Diff:  0.0, Sum:  0.0, Workers: 4
[1171.808s][debug][gc,phases      ] GC(29)     Dead                           Min: 0, Avg:  0.0, Max: 0, Diff: 0, Sum: 0, Workers: 4
[1171.808s][debug][gc,phases      ] GC(29)     Total                          Min: 0, Avg: 163.8, Max: 335, Diff: 335, Sum: 655, Workers: 4
[1171.808s][debug][gc,phases      ] GC(29)   ObjectSynchronizer Weak        Min:  0.0, Avg:  0.0, Max:  0.0, Diff:  0.0, Sum:  0.0, Workers: 4
[1171.808s][debug][gc,phases      ] GC(29)     Dead                           Min: 0, Avg:  0.0, Max: 0, Diff: 0, Sum: 0, Workers: 4
[1171.808s][debug][gc,phases      ] GC(29)     Total                          Min: 0, Avg:  8.0, Max: 32, Diff: 32, Sum: 32, Workers: 4
[1171.808s][debug][gc,phases      ] GC(29)   JVMTI Tag Weak OopStorage      Min:  0.0, Avg:  0.0, Max:  0.0, Diff:  0.0, Sum:  0.0, Workers: 4
[1171.808s][debug][gc,phases      ] GC(29)     Dead                           Min: 0, Avg:  0.0, Max: 0, Diff: 0, Sum: 0, Workers: 4
[1171.808s][debug][gc,phases      ] GC(29)     Total                          Min: 0, Avg:  0.0, Max: 0, Diff: 0, Sum: 0, Workers: 4
[1171.808s][debug][gc,phases      ] GC(29)   StringTable Weak               Min:  0.0, Avg:  0.1, Max:  0.1, Diff:  0.1, Sum:  0.4, Workers: 4
[1171.808s][debug][gc,phases      ] GC(29)     Dead                           Min: 0, Avg:  0.0, Max: 0, Diff: 0, Sum: 0, Workers: 4
[1171.808s][debug][gc,phases      ] GC(29)     Total                          Min: 0, Avg: 10490.2, Max: 15081, Diff: 15081, Sum: 41961, Workers: 4
[1171.808s][debug][gc,phases      ] GC(29)   ResolvedMethodTable Weak       Min:  0.0, Avg:  0.0, Max:  0.0, Diff:  0.0, Sum:  0.1, Workers: 4
[1171.808s][debug][gc,phases      ] GC(29)     Dead                           Min: 0, Avg:  0.0, Max: 0, Diff: 0, Sum: 0, Workers: 4
[1171.808s][debug][gc,phases      ] GC(29)     Total                          Min: 0, Avg: 2024.5, Max: 3200, Diff: 3200, Sum: 8098, Workers: 4
[1171.808s][debug][gc,phases      ] GC(29)   JNI Weak                       Min:  0.0, Avg:  0.0, Max:  0.0, Diff:  0.0, Sum:  0.0, Workers: 4
[1171.808s][debug][gc,phases      ] GC(29)     Dead                           Min: 0, Avg:  0.0, Max: 0, Diff: 0, Sum: 0, Workers: 4
[1171.808s][debug][gc,phases      ] GC(29)     Total                          Min: 0, Avg: 11.2, Max: 45, Diff: 45, Sum: 45, Workers: 4
[1171.808s][debug][gc,phases      ] GC(29)   StringDedup Table Weak         Min:  0.0, Avg:  0.0, Max:  0.0, Diff:  0.0, Sum:  0.0, Workers: 4
[1171.808s][debug][gc,phases      ] GC(29)     Dead                           Min: 0, Avg:  0.0, Max: 0, Diff: 0, Sum: 0, Workers: 4
[1171.808s][debug][gc,phases      ] GC(29)     Total                          Min: 0, Avg:  0.0, Max: 0, Diff: 0, Sum: 0, Workers: 4
[1171.808s][debug][gc,phases      ] GC(29)   StringDedup Requests0 Weak     Min:  0.0, Avg:  0.0, Max:  0.0, Diff:  0.0, Sum:  0.0, Workers: 4
[1171.808s][debug][gc,phases      ] GC(29)     Dead                           Min: 0, Avg:  0.0, Max: 0, Diff: 0, Sum: 0, Workers: 4
[1171.808s][debug][gc,phases      ] GC(29)     Total                          Min: 0, Avg:  0.0, Max: 0, Diff: 0, Sum: 0, Workers: 4
[1171.808s][debug][gc,phases      ] GC(29)   StringDedup Requests1 Weak     Min:  0.0, Avg:  0.0, Max:  0.0, Diff:  0.0, Sum:  0.0, Workers: 4
[1171.808s][debug][gc,phases      ] GC(29)     Dead                           Min: 0, Avg:  0.0, Max: 0, Diff: 0, Sum: 0, Workers: 4
[1171.808s][debug][gc,phases      ] GC(29)     Total                          Min: 0, Avg:  0.0, Max: 0, Diff: 0, Sum: 0, Workers: 4
[1171.808s][debug][gc,phases      ] GC(29)   Weak JFR Old Object Samples    Min:  0.0, Avg:  0.0, Max:  0.0, Diff:  0.0, Sum:  0.0, Workers: 4
[1171.808s][debug][gc,phases      ] GC(29)     Dead                           Min: 0, Avg:  0.0, Max: 0, Diff: 0, Sum: 0, Workers: 4
[1171.808s][debug][gc,phases      ] GC(29)     Total                          Min: 0, Avg:  0.0, Max: 0, Diff: 0, Sum: 0, Workers: 4
[1171.808s][debug][gc,phases      ] GC(29) Weak Processing 0.369ms
[1171.808s][debug][gc,age         ] GC(29) Desired survivor size 351272960 bytes, new threshold 15 (max threshold 15)
[1171.808s][info ][gc,heap        ] GC(29) PSYoungGen: 1408544K(1409024K)->528K(1754112K) Eden: 1408000K(1408000K)->0K(1408512K) From: 544K(1024K)->528K(345600K)
[1171.808s][info ][gc,heap        ] GC(29) ParOldGen: 220043K(345600K)->220067K(345600K)
[1171.808s][info ][gc,metaspace   ] GC(29) Metaspace: 75525K(76352K)->75525K(76352K) NonClass: 64682K(65152K)->64682K(65152K) Class: 10843K(11200K)->10843K(11200K)
[1171.808s][info ][gc             ] GC(29) Pause Young (Allocation Failure) 1590M->215M(2050M) 4.371ms
[1171.808s][info ][gc,cpu         ] GC(29) User=0.01s Sys=0.00s Real=0.01s
[1171.808s][info ][safepoint      ] Safepoint "ParallelGCFailedAllocation", Time since last: 60997013210 ns, Reaching safepoint: 110705 ns, At safepoint: 4441493 ns, Total: 4552198 ns
[1203.810s][info ][safepoint      ] Safepoint "Cleanup", Time since last: 32002009583 ns, Reaching safepoint: 42702 ns, At safepoint: 2700 ns, Total: 45402 ns
[1204.810s][info ][safepoint      ] Safepoint "Cleanup", Time since last: 1000121407 ns, Reaching safepoint: 44102 ns, At safepoint: 3301 ns, Total: 47403 ns
[1207.811s][info ][safepoint      ] Safepoint "Cleanup", Time since last: 3000231868 ns, Reaching safepoint: 39502 ns, At safepoint: 27001 ns, Total: 66503 ns
[1212.811s][info ][safepoint      ] Safepoint "Cleanup", Time since last: 5000323436 ns, Reaching safepoint: 47102 ns, At safepoint: 3700 ns, Total: 50802 ns
[1232.304s][info ][gc,start       ] GC(30) Pause Young (Allocation Failure)
[1232.308s][debug][gc,phases      ] GC(30) Scavenge 3.950ms
[1232.308s][debug][gc,ref         ] GC(30) Skipped phase 1 of Reference Processing: no references
[1232.308s][debug][gc,ref         ] GC(30) ReferenceProcessor::execute queues: 1, RefProcThreadModel::Single, marks_oops_alive: false
[1232.308s][debug][gc,ref         ] GC(30) Skipped phase 3 of Reference Processing: no references
[1232.308s][debug][gc,ref         ] GC(30) Skipped phase 4 of Reference Processing: no references
[1232.308s][debug][gc,phases      ] GC(30) Reference Processing 0.116ms
[1232.308s][debug][gc,phases      ] GC(30)   VM Weak                        Min:  0.0, Avg:  0.0, Max:  0.0, Diff:  0.0, Sum:  0.0, Workers: 4
[1232.308s][debug][gc,phases      ] GC(30)     Dead                           Min: 0, Avg:  0.0, Max: 0, Diff: 0, Sum: 0, Workers: 4
[1232.308s][debug][gc,phases      ] GC(30)     Total                          Min: 0, Avg: 163.8, Max: 591, Diff: 591, Sum: 655, Workers: 4
[1232.308s][debug][gc,phases      ] GC(30)   ObjectSynchronizer Weak        Min:  0.0, Avg:  0.0, Max:  0.0, Diff:  0.0, Sum:  0.0, Workers: 4
[1232.308s][debug][gc,phases      ] GC(30)     Dead                           Min: 0, Avg:  0.0, Max: 0, Diff: 0, Sum: 0, Workers: 4
[1232.308s][debug][gc,phases      ] GC(30)     Total                          Min: 0, Avg:  8.0, Max: 32, Diff: 32, Sum: 32, Workers: 4
[1232.308s][debug][gc,phases      ] GC(30)   JVMTI Tag Weak OopStorage      Min:  0.0, Avg:  0.0, Max:  0.0, Diff:  0.0, Sum:  0.0, Workers: 4
[1232.308s][debug][gc,phases      ] GC(30)     Dead                           Min: 0, Avg:  0.0, Max: 0, Diff: 0, Sum: 0, Workers: 4
[1232.308s][debug][gc,phases      ] GC(30)     Total                          Min: 0, Avg:  0.0, Max: 0, Diff: 0, Sum: 0, Workers: 4
[1232.308s][debug][gc,phases      ] GC(30)   StringTable Weak               Min:  0.0, Avg:  0.1, Max:  0.1, Diff:  0.1, Sum:  0.4, Workers: 4
[1232.308s][debug][gc,phases      ] GC(30)     Dead                           Min: 0, Avg:  0.0, Max: 0, Diff: 0, Sum: 0, Workers: 4
[1232.308s][debug][gc,phases      ] GC(30)     Total                          Min: 0, Avg: 10490.2, Max: 15104, Diff: 15104, Sum: 41961, Workers: 4
[1232.308s][debug][gc,phases      ] GC(30)   ResolvedMethodTable Weak       Min:  0.0, Avg:  0.0, Max:  0.0, Diff:  0.0, Sum:  0.1, Workers: 4
[1232.308s][debug][gc,phases      ] GC(30)     Dead                           Min: 0, Avg:  0.0, Max: 0, Diff: 0, Sum: 0, Workers: 4
[1232.308s][debug][gc,phases      ] GC(30)     Total                          Min: 0, Avg: 2024.5, Max: 3136, Diff: 3136, Sum: 8098, Workers: 4
[1232.308s][debug][gc,phases      ] GC(30)   JNI Weak                       Min:  0.0, Avg:  0.0, Max:  0.0, Diff:  0.0, Sum:  0.0, Workers: 4
[1232.308s][debug][gc,phases      ] GC(30)     Dead                           Min: 0, Avg:  0.0, Max: 0, Diff: 0, Sum: 0, Workers: 4
[1232.308s][debug][gc,phases      ] GC(30)     Total                          Min: 0, Avg: 11.2, Max: 45, Diff: 45, Sum: 45, Workers: 4
[1232.308s][debug][gc,phases      ] GC(30)   StringDedup Table Weak         Min:  0.0, Avg:  0.0, Max:  0.0, Diff:  0.0, Sum:  0.0, Workers: 4
[1232.308s][debug][gc,phases      ] GC(30)     Dead                           Min: 0, Avg:  0.0, Max: 0, Diff: 0, Sum: 0, Workers: 4
[1232.308s][debug][gc,phases      ] GC(30)     Total                          Min: 0, Avg:  0.0, Max: 0, Diff: 0, Sum: 0, Workers: 4
[1232.308s][debug][gc,phases      ] GC(30)   StringDedup Requests0 Weak     Min:  0.0, Avg:  0.0, Max:  0.0, Diff:  0.0, Sum:  0.0, Workers: 4
[1232.308s][debug][gc,phases      ] GC(30)     Dead                           Min: 0, Avg:  0.0, Max: 0, Diff: 0, Sum: 0, Workers: 4
[1232.308s][debug][gc,phases      ] GC(30)     Total                          Min: 0, Avg:  0.0, Max: 0, Diff: 0, Sum: 0, Workers: 4
[1232.308s][debug][gc,phases      ] GC(30)   StringDedup Requests1 Weak     Min:  0.0, Avg:  0.0, Max:  0.0, Diff:  0.0, Sum:  0.0, Workers: 4
[1232.308s][debug][gc,phases      ] GC(30)     Dead                           Min: 0, Avg:  0.0, Max: 0, Diff: 0, Sum: 0, Workers: 4
[1232.308s][debug][gc,phases      ] GC(30)     Total                          Min: 0, Avg:  0.0, Max: 0, Diff: 0, Sum: 0, Workers: 4
[1232.308s][debug][gc,phases      ] GC(30)   Weak JFR Old Object Samples    Min:  0.0, Avg:  0.0, Max:  0.0, Diff:  0.0, Sum:  0.0, Workers: 4
[1232.308s][debug][gc,phases      ] GC(30)     Dead                           Min: 0, Avg:  0.0, Max: 0, Diff: 0, Sum: 0, Workers: 4
[1232.308s][debug][gc,phases      ] GC(30)     Total                          Min: 0, Avg:  0.0, Max: 0, Diff: 0, Sum: 0, Workers: 4
[1232.308s][debug][gc,phases      ] GC(30) Weak Processing 0.337ms
[1232.308s][debug][gc,age         ] GC(30) Desired survivor size 345505792 bytes, new threshold 15 (max threshold 15)
[1232.308s][info ][gc,heap        ] GC(30) PSYoungGen: 1409040K(1754112K)->528K(1751552K) Eden: 1408512K(1408512K)->0K(1408512K) From: 528K(345600K)->528K(343040K)
[1232.308s][info ][gc,heap        ] GC(30) ParOldGen: 220067K(345600K)->220091K(345600K)
[1232.308s][info ][gc,metaspace   ] GC(30) Metaspace: 75539K(76352K)->75539K(76352K) NonClass: 64696K(65152K)->64696K(65152K) Class: 10843K(11200K)->10843K(11200K)
[1232.308s][info ][gc             ] GC(30) Pause Young (Allocation Failure) 1590M->215M(2048M) 4.535ms
[1232.308s][info ][gc,cpu         ] GC(30) User=0.01s Sys=0.00s Real=0.01s
[1232.308s][info ][safepoint      ] Safepoint "ParallelGCFailedAllocation", Time since last: 19492693529 ns, Reaching safepoint: 105405 ns, At safepoint: 4620532 ns, Total: 4725937 ns
[1293.404s][info ][gc,start       ] GC(31) Pause Young (Allocation Failure)
[1293.408s][debug][gc,phases      ] GC(31) Scavenge 3.888ms
[1293.408s][debug][gc,ref         ] GC(31) Skipped phase 1 of Reference Processing: no references
[1293.408s][debug][gc,ref         ] GC(31) Skipped phase 2 of Reference Processing: no references
[1293.408s][debug][gc,ref         ] GC(31) Skipped phase 3 of Reference Processing: no references
[1293.408s][debug][gc,ref         ] GC(31) Skipped phase 4 of Reference Processing: no references
[1293.408s][debug][gc,phases      ] GC(31) Reference Processing 0.025ms
[1293.409s][debug][gc,phases      ] GC(31)   VM Weak                        Min:  0.0, Avg:  0.0, Max:  0.0, Diff:  0.0, Sum:  0.0, Workers: 4
[1293.409s][debug][gc,phases      ] GC(31)     Dead                           Min: 0, Avg:  0.0, Max: 0, Diff: 0, Sum: 0, Workers: 4
[1293.409s][debug][gc,phases      ] GC(31)     Total                          Min: 0, Avg: 163.8, Max: 448, Diff: 448, Sum: 655, Workers: 4
[1293.409s][debug][gc,phases      ] GC(31)   ObjectSynchronizer Weak        Min:  0.0, Avg:  0.0, Max:  0.0, Diff:  0.0, Sum:  0.0, Workers: 4
[1293.409s][debug][gc,phases      ] GC(31)     Dead                           Min: 0, Avg:  0.0, Max: 0, Diff: 0, Sum: 0, Workers: 4
[1293.409s][debug][gc,phases      ] GC(31)     Total                          Min: 0, Avg:  8.0, Max: 32, Diff: 32, Sum: 32, Workers: 4
[1293.409s][debug][gc,phases      ] GC(31)   JVMTI Tag Weak OopStorage      Min:  0.0, Avg:  0.0, Max:  0.0, Diff:  0.0, Sum:  0.0, Workers: 4
[1293.409s][debug][gc,phases      ] GC(31)     Dead                           Min: 0, Avg:  0.0, Max: 0, Diff: 0, Sum: 0, Workers: 4
[1293.409s][debug][gc,phases      ] GC(31)     Total                          Min: 0, Avg:  0.0, Max: 0, Diff: 0, Sum: 0, Workers: 4
[1293.409s][debug][gc,phases      ] GC(31)   StringTable Weak               Min:  0.0, Avg:  0.1, Max:  0.1, Diff:  0.1, Sum:  0.4, Workers: 4
[1293.409s][debug][gc,phases      ] GC(31)     Dead                           Min: 0, Avg:  0.0, Max: 0, Diff: 0, Sum: 0, Workers: 4
[1293.409s][debug][gc,phases      ] GC(31)     Total                          Min: 0, Avg: 10490.2, Max: 14912, Diff: 14912, Sum: 41961, Workers: 4
[1293.409s][debug][gc,phases      ] GC(31)   ResolvedMethodTable Weak       Min:  0.0, Avg:  0.0, Max:  0.0, Diff:  0.0, Sum:  0.1, Workers: 4
[1293.409s][debug][gc,phases      ] GC(31)     Dead                           Min: 0, Avg:  0.0, Max: 0, Diff: 0, Sum: 0, Workers: 4
[1293.409s][debug][gc,phases      ] GC(31)     Total                          Min: 0, Avg: 2024.5, Max: 2816, Diff: 2816, Sum: 8098, Workers: 4
[1293.409s][debug][gc,phases      ] GC(31)   JNI Weak                       Min:  0.0, Avg:  0.0, Max:  0.0, Diff:  0.0, Sum:  0.0, Workers: 4
[1293.409s][debug][gc,phases      ] GC(31)     Dead                           Min: 0, Avg:  0.0, Max: 0, Diff: 0, Sum: 0, Workers: 4
[1293.409s][debug][gc,phases      ] GC(31)     Total                          Min: 0, Avg: 11.2, Max: 45, Diff: 45, Sum: 45, Workers: 4
[1293.409s][debug][gc,phases      ] GC(31)   StringDedup Table Weak         Min:  0.0, Avg:  0.0, Max:  0.0, Diff:  0.0, Sum:  0.0, Workers: 4
[1293.409s][debug][gc,phases      ] GC(31)     Dead                           Min: 0, Avg:  0.0, Max: 0, Diff: 0, Sum: 0, Workers: 4
[1293.409s][debug][gc,phases      ] GC(31)     Total                          Min: 0, Avg:  0.0, Max: 0, Diff: 0, Sum: 0, Workers: 4
[1293.409s][debug][gc,phases      ] GC(31)   StringDedup Requests0 Weak     Min:  0.0, Avg:  0.0, Max:  0.0, Diff:  0.0, Sum:  0.0, Workers: 4
[1293.409s][debug][gc,phases      ] GC(31)     Dead                           Min: 0, Avg:  0.0, Max: 0, Diff: 0, Sum: 0, Workers: 4
[1293.409s][debug][gc,phases      ] GC(31)     Total                          Min: 0, Avg:  0.0, Max: 0, Diff: 0, Sum: 0, Workers: 4
[1293.409s][debug][gc,phases      ] GC(31)   StringDedup Requests1 Weak     Min:  0.0, Avg:  0.0, Max:  0.0, Diff:  0.0, Sum:  0.0, Workers: 4
[1293.409s][debug][gc,phases      ] GC(31)     Dead                           Min: 0, Avg:  0.0, Max: 0, Diff: 0, Sum: 0, Workers: 4
[1293.409s][debug][gc,phases      ] GC(31)     Total                          Min: 0, Avg:  0.0, Max: 0, Diff: 0, Sum: 0, Workers: 4
[1293.409s][debug][gc,phases      ] GC(31)   Weak JFR Old Object Samples    Min:  0.0, Avg:  0.0, Max:  0.0, Diff:  0.0, Sum:  0.0, Workers: 4
[1293.409s][debug][gc,phases      ] GC(31)     Dead                           Min: 0, Avg:  0.0, Max: 0, Diff: 0, Sum: 0, Workers: 4
[1293.409s][debug][gc,phases      ] GC(31)     Total                          Min: 0, Avg:  0.0, Max: 0, Diff: 0, Sum: 0, Workers: 4
[1293.409s][debug][gc,phases      ] GC(31) Weak Processing 0.367ms
[1293.409s][debug][gc,age         ] GC(31) Desired survivor size 337117184 bytes, new threshold 15 (max threshold 15)
[1293.409s][info ][gc,heap        ] GC(31) PSYoungGen: 1409040K(1751552K)->320K(1767936K) Eden: 1408512K(1408512K)->0K(1430528K) From: 528K(343040K)->320K(337408K)
[1293.409s][info ][gc,heap        ] GC(31) ParOldGen: 220091K(345600K)->220419K(345600K)
[1293.409s][info ][gc,metaspace   ] GC(31) Metaspace: 75543K(76352K)->75543K(76352K) NonClass: 64700K(65152K)->64700K(65152K) Class: 10843K(11200K)->10843K(11200K)
[1293.409s][info ][gc             ] GC(31) Pause Young (Allocation Failure) 1590M->215M(2064M) 4.428ms
[1293.409s][info ][gc,cpu         ] GC(31) User=0.02s Sys=0.00s Real=0.01s
[1293.409s][info ][safepoint      ] Safepoint "ParallelGCFailedAllocation", Time since last: 61095804666 ns, Reaching safepoint: 106705 ns, At safepoint: 4511897 ns, Total: 4618602 ns
[1308.412s][info ][safepoint      ] Safepoint "Cleanup", Time since last: 15002933810 ns, Reaching safepoint: 47202 ns, At safepoint: 2700 ns, Total: 49902 ns
[1324.413s][info ][safepoint      ] Safepoint "Cleanup", Time since last: 16001110320 ns, Reaching safepoint: 54203 ns, At safepoint: 8600 ns, Total: 62803 ns
[1329.413s][info ][safepoint      ] Safepoint "Cleanup", Time since last: 5000387699 ns, Reaching safepoint: 38602 ns, At safepoint: 2400 ns, Total: 41002 ns
[1347.414s][info ][safepoint      ] Safepoint "Cleanup", Time since last: 18001077499 ns, Reaching safepoint: 46202 ns, At safepoint: 6100 ns, Total: 52302 ns
[1353.415s][info ][safepoint      ] Safepoint "Cleanup", Time since last: 6000414803 ns, Reaching safepoint: 43802 ns, At safepoint: 2000 ns, Total: 45802 ns
[1355.603s][info ][gc,start       ] GC(32) Pause Young (Allocation Failure)
[1355.605s][debug][gc,phases      ] GC(32) Scavenge 1.383ms
[1355.605s][debug][gc,ref         ] GC(32) Skipped phase 1 of Reference Processing: no references
[1355.605s][debug][gc,ref         ] GC(32) Skipped phase 2 of Reference Processing: no references
[1355.605s][debug][gc,ref         ] GC(32) Skipped phase 3 of Reference Processing: no references
[1355.605s][debug][gc,ref         ] GC(32) Skipped phase 4 of Reference Processing: no references
[1355.605s][debug][gc,phases      ] GC(32) Reference Processing 0.052ms
[1355.605s][debug][gc,phases      ] GC(32)   VM Weak                        Min:  0.0, Avg:  0.0, Max:  0.0, Diff:  0.0, Sum:  0.0, Workers: 4
[1355.605s][debug][gc,phases      ] GC(32)     Dead                           Min: 0, Avg:  0.0, Max: 0, Diff: 0, Sum: 0, Workers: 4
[1355.605s][debug][gc,phases      ] GC(32)     Total                          Min: 0, Avg: 163.8, Max: 271, Diff: 271, Sum: 655, Workers: 4
[1355.605s][debug][gc,phases      ] GC(32)   ObjectSynchronizer Weak        Min:  0.0, Avg:  0.0, Max:  0.0, Diff:  0.0, Sum:  0.0, Workers: 4
[1355.605s][debug][gc,phases      ] GC(32)     Dead                           Min: 0, Avg:  0.0, Max: 0, Diff: 0, Sum: 0, Workers: 4
[1355.605s][debug][gc,phases      ] GC(32)     Total                          Min: 0, Avg:  8.0, Max: 32, Diff: 32, Sum: 32, Workers: 4
[1355.605s][debug][gc,phases      ] GC(32)   JVMTI Tag Weak OopStorage      Min:  0.0, Avg:  0.0, Max:  0.0, Diff:  0.0, Sum:  0.0, Workers: 4
[1355.605s][debug][gc,phases      ] GC(32)     Dead                           Min: 0, Avg:  0.0, Max: 0, Diff: 0, Sum: 0, Workers: 4
[1355.605s][debug][gc,phases      ] GC(32)     Total                          Min: 0, Avg:  0.0, Max: 0, Diff: 0, Sum: 0, Workers: 4
[1355.605s][debug][gc,phases      ] GC(32)   StringTable Weak               Min:  0.1, Avg:  0.1, Max:  0.1, Diff:  0.0, Sum:  0.4, Workers: 4
[1355.605s][debug][gc,phases      ] GC(32)     Dead                           Min: 0, Avg:  0.0, Max: 0, Diff: 0, Sum: 0, Workers: 4
[1355.605s][debug][gc,phases      ] GC(32)     Total                          Min: 9728, Avg: 10490.5, Max: 11370, Diff: 1642, Sum: 41962, Workers: 4
[1355.605s][debug][gc,phases      ] GC(32)   ResolvedMethodTable Weak       Min:  0.0, Avg:  0.0, Max:  0.0, Diff:  0.0, Sum:  0.1, Workers: 4
[1355.605s][debug][gc,phases      ] GC(32)     Dead                           Min: 0, Avg:  0.0, Max: 0, Diff: 0, Sum: 0, Workers: 4
[1355.605s][debug][gc,phases      ] GC(32)     Total                          Min: 1856, Avg: 2024.5, Max: 2240, Diff: 384, Sum: 8098, Workers: 4
[1355.605s][debug][gc,phases      ] GC(32)   JNI Weak                       Min:  0.0, Avg:  0.0, Max:  0.0, Diff:  0.0, Sum:  0.0, Workers: 4
[1355.605s][debug][gc,phases      ] GC(32)     Dead                           Min: 0, Avg:  0.0, Max: 0, Diff: 0, Sum: 0, Workers: 4
[1355.605s][debug][gc,phases      ] GC(32)     Total                          Min: 0, Avg: 11.2, Max: 45, Diff: 45, Sum: 45, Workers: 4
[1355.605s][debug][gc,phases      ] GC(32)   StringDedup Table Weak         Min:  0.0, Avg:  0.0, Max:  0.0, Diff:  0.0, Sum:  0.0, Workers: 4
[1355.605s][debug][gc,phases      ] GC(32)     Dead                           Min: 0, Avg:  0.0, Max: 0, Diff: 0, Sum: 0, Workers: 4
[1355.605s][debug][gc,phases      ] GC(32)     Total                          Min: 0, Avg:  0.0, Max: 0, Diff: 0, Sum: 0, Workers: 4
[1355.605s][debug][gc,phases      ] GC(32)   StringDedup Requests0 Weak     Min:  0.0, Avg:  0.0, Max:  0.0, Diff:  0.0, Sum:  0.0, Workers: 4
[1355.605s][debug][gc,phases      ] GC(32)     Dead                           Min: 0, Avg:  0.0, Max: 0, Diff: 0, Sum: 0, Workers: 4
[1355.605s][debug][gc,phases      ] GC(32)     Total                          Min: 0, Avg:  0.0, Max: 0, Diff: 0, Sum: 0, Workers: 4
[1355.605s][debug][gc,phases      ] GC(32)   StringDedup Requests1 Weak     Min:  0.0, Avg:  0.0, Max:  0.0, Diff:  0.0, Sum:  0.0, Workers: 4
[1355.605s][debug][gc,phases      ] GC(32)     Dead                           Min: 0, Avg:  0.0, Max: 0, Diff: 0, Sum: 0, Workers: 4
[1355.605s][debug][gc,phases      ] GC(32)     Total                          Min: 0, Avg:  0.0, Max: 0, Diff: 0, Sum: 0, Workers: 4
[1355.605s][debug][gc,phases      ] GC(32)   Weak JFR Old Object Samples    Min:  0.0, Avg:  0.0, Max:  0.0, Diff:  0.0, Sum:  0.0, Workers: 4
[1355.605s][debug][gc,phases      ] GC(32)     Dead                           Min: 0, Avg:  0.0, Max: 0, Diff: 0, Sum: 0, Workers: 4
[1355.605s][debug][gc,phases      ] GC(32)     Total                          Min: 0, Avg:  0.0, Max: 0, Diff: 0, Sum: 0, Workers: 4
[1355.605s][debug][gc,phases      ] GC(32) Weak Processing 0.323ms
[1355.605s][debug][gc,age         ] GC(32) Desired survivor size 327155712 bytes, new threshold 15 (max threshold 15)
[1355.605s][info ][gc,heap        ] GC(32) PSYoungGen: 1430848K(1767936K)->224K(1759744K) Eden: 1430528K(1430528K)->0K(1430528K) From: 320K(337408K)->224K(329216K)
[1355.605s][info ][gc,heap        ] GC(32) ParOldGen: 220419K(345600K)->220435K(345600K)
[1355.605s][info ][gc,metaspace   ] GC(32) Metaspace: 75545K(76352K)->75545K(76352K) NonClass: 64702K(65152K)->64702K(65152K) Class: 10843K(11200K)->10843K(11200K)
[1355.605s][info ][gc             ] GC(32) Pause Young (Allocation Failure) 1612M->215M(2056M) 1.869ms
[1355.605s][info ][gc,cpu         ] GC(32) User=0.00s Sys=0.00s Real=0.00s
[1355.605s][info ][safepoint      ] Safepoint "ParallelGCFailedAllocation", Time since last: 2188150831 ns, Reaching safepoint: 34502 ns, At safepoint: 1937788 ns, Total: 1972290 ns
[1363.606s][info ][safepoint      ] Safepoint "Cleanup", Time since last: 8000522258 ns, Reaching safepoint: 42101 ns, At safepoint: 2800 ns, Total: 44901 ns
[1392.608s][info ][safepoint      ] Safepoint "Cleanup", Time since last: 29001932342 ns, Reaching safepoint: 49102 ns, At safepoint: 2801 ns, Total: 51903 ns
[1417.753s][info ][gc,start       ] GC(33) Pause Young (Allocation Failure)
[1417.755s][debug][gc,phases      ] GC(33) Scavenge 2.236ms
[1417.755s][debug][gc,ref         ] GC(33) Skipped phase 1 of Reference Processing: no references
[1417.755s][debug][gc,ref         ] GC(33) Skipped phase 2 of Reference Processing: no references
[1417.755s][debug][gc,ref         ] GC(33) Skipped phase 3 of Reference Processing: no references
[1417.755s][debug][gc,ref         ] GC(33) Skipped phase 4 of Reference Processing: no references
[1417.755s][debug][gc,phases      ] GC(33) Reference Processing 0.023ms
[1417.755s][debug][gc,phases      ] GC(33)   VM Weak                        Min:  0.0, Avg:  0.0, Max:  0.0, Diff:  0.0, Sum:  0.0, Workers: 4
[1417.755s][debug][gc,phases      ] GC(33)     Dead                           Min: 0, Avg:  0.0, Max: 0, Diff: 0, Sum: 0, Workers: 4
[1417.755s][debug][gc,phases      ] GC(33)     Total                          Min: 0, Avg: 163.8, Max: 335, Diff: 335, Sum: 655, Workers: 4
[1417.755s][debug][gc,phases      ] GC(33)   ObjectSynchronizer Weak        Min:  0.0, Avg:  0.0, Max:  0.0, Diff:  0.0, Sum:  0.0, Workers: 4
[1417.755s][debug][gc,phases      ] GC(33)     Dead                           Min: 0, Avg:  0.0, Max: 0, Diff: 0, Sum: 0, Workers: 4
[1417.755s][debug][gc,phases      ] GC(33)     Total                          Min: 0, Avg:  8.0, Max: 32, Diff: 32, Sum: 32, Workers: 4
[1417.755s][debug][gc,phases      ] GC(33)   JVMTI Tag Weak OopStorage      Min:  0.0, Avg:  0.0, Max:  0.0, Diff:  0.0, Sum:  0.0, Workers: 4
[1417.755s][debug][gc,phases      ] GC(33)     Dead                           Min: 0, Avg:  0.0, Max: 0, Diff: 0, Sum: 0, Workers: 4
[1417.755s][debug][gc,phases      ] GC(33)     Total                          Min: 0, Avg:  0.0, Max: 0, Diff: 0, Sum: 0, Workers: 4
[1417.755s][debug][gc,phases      ] GC(33)   StringTable Weak               Min:  0.0, Avg:  0.1, Max:  0.1, Diff:  0.1, Sum:  0.4, Workers: 4
[1417.755s][debug][gc,phases      ] GC(33)     Dead                           Min: 0, Avg:  0.0, Max: 0, Diff: 0, Sum: 0, Workers: 4
[1417.756s][debug][gc,phases      ] GC(33)     Total                          Min: 0, Avg: 10490.8, Max: 14208, Diff: 14208, Sum: 41963, Workers: 4
[1417.756s][debug][gc,phases      ] GC(33)   ResolvedMethodTable Weak       Min:  0.0, Avg:  0.0, Max:  0.0, Diff:  0.0, Sum:  0.1, Workers: 4
[1417.756s][debug][gc,phases      ] GC(33)     Dead                           Min: 0, Avg:  0.0, Max: 0, Diff: 0, Sum: 0, Workers: 4
[1417.756s][debug][gc,phases      ] GC(33)     Total                          Min: 0, Avg: 2024.5, Max: 2850, Diff: 2850, Sum: 8098, Workers: 4
[1417.756s][debug][gc,phases      ] GC(33)   JNI Weak                       Min:  0.0, Avg:  0.0, Max:  0.0, Diff:  0.0, Sum:  0.0, Workers: 4
[1417.756s][debug][gc,phases      ] GC(33)     Dead                           Min: 0, Avg:  0.0, Max: 0, Diff: 0, Sum: 0, Workers: 4
[1417.756s][debug][gc,phases      ] GC(33)     Total                          Min: 0, Avg: 11.2, Max: 45, Diff: 45, Sum: 45, Workers: 4
[1417.756s][debug][gc,phases      ] GC(33)   StringDedup Table Weak         Min:  0.0, Avg:  0.0, Max:  0.0, Diff:  0.0, Sum:  0.0, Workers: 4
[1417.756s][debug][gc,phases      ] GC(33)     Dead                           Min: 0, Avg:  0.0, Max: 0, Diff: 0, Sum: 0, Workers: 4
[1417.756s][debug][gc,phases      ] GC(33)     Total                          Min: 0, Avg:  0.0, Max: 0, Diff: 0, Sum: 0, Workers: 4
[1417.756s][debug][gc,phases      ] GC(33)   StringDedup Requests0 Weak     Min:  0.0, Avg:  0.0, Max:  0.0, Diff:  0.0, Sum:  0.0, Workers: 4
[1417.756s][debug][gc,phases      ] GC(33)     Dead                           Min: 0, Avg:  0.0, Max: 0, Diff: 0, Sum: 0, Workers: 4
[1417.756s][debug][gc,phases      ] GC(33)     Total                          Min: 0, Avg:  0.0, Max: 0, Diff: 0, Sum: 0, Workers: 4
[1417.756s][debug][gc,phases      ] GC(33)   StringDedup Requests1 Weak     Min:  0.0, Avg:  0.0, Max:  0.0, Diff:  0.0, Sum:  0.0, Workers: 4
[1417.756s][debug][gc,phases      ] GC(33)     Dead                           Min: 0, Avg:  0.0, Max: 0, Diff: 0, Sum: 0, Workers: 4
[1417.756s][debug][gc,phases      ] GC(33)     Total                          Min: 0, Avg:  0.0, Max: 0, Diff: 0, Sum: 0, Workers: 4
[1417.756s][debug][gc,phases      ] GC(33)   Weak JFR Old Object Samples    Min:  0.0, Avg:  0.0, Max:  0.0, Diff:  0.0, Sum:  0.0, Workers: 4
[1417.756s][debug][gc,phases      ] GC(33)     Dead                           Min: 0, Avg:  0.0, Max: 0, Diff: 0, Sum: 0, Workers: 4
[1417.756s][debug][gc,phases      ] GC(33)     Total                          Min: 0, Avg:  0.0, Max: 0, Diff: 0, Sum: 0, Workers: 4
[1417.756s][debug][gc,phases      ] GC(33) Weak Processing 0.355ms
[1417.756s][debug][gc,age         ] GC(33) Desired survivor size 316145664 bytes, new threshold 15 (max threshold 15)
[1417.756s][info ][gc,heap        ] GC(33) PSYoungGen: 1430752K(1759744K)->256K(1788416K) Eden: 1430528K(1430528K)->0K(1468928K) From: 224K(329216K)->256K(319488K)
[1417.756s][info ][gc,heap        ] GC(33) ParOldGen: 220435K(345600K)->220459K(345600K)
[1417.756s][info ][gc,metaspace   ] GC(33) Metaspace: 75562K(76352K)->75562K(76352K) NonClass: 64718K(65152K)->64718K(65152K) Class: 10843K(11200K)->10843K(11200K)
[1417.756s][info ][gc             ] GC(33) Pause Young (Allocation Failure) 1612M->215M(2084M) 2.717ms
[1417.756s][info ][gc,cpu         ] GC(33) User=0.01s Sys=0.00s Real=0.01s
[1417.756s][info ][safepoint      ] Safepoint "ParallelGCFailedAllocation", Time since last: 25145107452 ns, Reaching safepoint: 125506 ns, At safepoint: 2820224 ns, Total: 2945730 ns
[1422.757s][info ][safepoint      ] Safepoint "Cleanup", Time since last: 5001578401 ns, Reaching safepoint: 51102 ns, At safepoint: 2601 ns, Total: 53703 ns
[1448.759s][info ][safepoint      ] Safepoint "Cleanup", Time since last: 26001802067 ns, Reaching safepoint: 42402 ns, At safepoint: 8700 ns, Total: 51102 ns
[1481.605s][info ][gc,start       ] GC(34) Pause Young (Allocation Failure)
[1481.607s][debug][gc,phases      ] GC(34) Scavenge 2.184ms
[1481.607s][debug][gc,ref         ] GC(34) Skipped phase 1 of Reference Processing: no references
[1481.607s][debug][gc,ref         ] GC(34) Skipped phase 2 of Reference Processing: no references
[1481.607s][debug][gc,ref         ] GC(34) Skipped phase 3 of Reference Processing: no references
[1481.607s][debug][gc,ref         ] GC(34) Skipped phase 4 of Reference Processing: no references
[1481.607s][debug][gc,phases      ] GC(34) Reference Processing 0.025ms
[1481.607s][debug][gc,phases      ] GC(34)   VM Weak                        Min:  0.0, Avg:  0.0, Max:  0.0, Diff:  0.0, Sum:  0.0, Workers: 4
[1481.607s][debug][gc,phases      ] GC(34)     Dead                           Min: 0, Avg:  0.0, Max: 0, Diff: 0, Sum: 0, Workers: 4
[1481.607s][debug][gc,phases      ] GC(34)     Total                          Min: 0, Avg: 163.8, Max: 655, Diff: 655, Sum: 655, Workers: 4
[1481.607s][debug][gc,phases      ] GC(34)   ObjectSynchronizer Weak        Min:  0.0, Avg:  0.0, Max:  0.0, Diff:  0.0, Sum:  0.0, Workers: 4
[1481.607s][debug][gc,phases      ] GC(34)     Dead                           Min: 0, Avg:  0.0, Max: 0, Diff: 0, Sum: 0, Workers: 4
[1481.607s][debug][gc,phases      ] GC(34)     Total                          Min: 0, Avg:  8.0, Max: 32, Diff: 32, Sum: 32, Workers: 4
[1481.607s][debug][gc,phases      ] GC(34)   JVMTI Tag Weak OopStorage      Min:  0.0, Avg:  0.0, Max:  0.0, Diff:  0.0, Sum:  0.0, Workers: 4
[1481.607s][debug][gc,phases      ] GC(34)     Dead                           Min: 0, Avg:  0.0, Max: 0, Diff: 0, Sum: 0, Workers: 4
[1481.607s][debug][gc,phases      ] GC(34)     Total                          Min: 0, Avg:  0.0, Max: 0, Diff: 0, Sum: 0, Workers: 4
[1481.608s][debug][gc,phases      ] GC(34)   StringTable Weak               Min:  0.0, Avg:  0.1, Max:  0.2, Diff:  0.2, Sum:  0.4, Workers: 4
[1481.608s][debug][gc,phases      ] GC(34)     Dead                           Min: 0, Avg:  0.0, Max: 0, Diff: 0, Sum: 0, Workers: 4
[1481.608s][debug][gc,phases      ] GC(34)     Total                          Min: 0, Avg: 10490.8, Max: 19712, Diff: 19712, Sum: 41963, Workers: 4
[1481.608s][debug][gc,phases      ] GC(34)   ResolvedMethodTable Weak       Min:  0.0, Avg:  0.0, Max:  0.0, Diff:  0.0, Sum:  0.1, Workers: 4
[1481.608s][debug][gc,phases      ] GC(34)     Dead                           Min: 0, Avg:  0.0, Max: 0, Diff: 0, Sum: 0, Workers: 4
[1481.608s][debug][gc,phases      ] GC(34)     Total                          Min: 0, Avg: 2024.5, Max: 3298, Diff: 3298, Sum: 8098, Workers: 4
[1481.608s][debug][gc,phases      ] GC(34)   JNI Weak                       Min:  0.0, Avg:  0.0, Max:  0.0, Diff:  0.0, Sum:  0.0, Workers: 4
[1481.608s][debug][gc,phases      ] GC(34)     Dead                           Min: 0, Avg:  0.0, Max: 0, Diff: 0, Sum: 0, Workers: 4
[1481.608s][debug][gc,phases      ] GC(34)     Total                          Min: 0, Avg: 11.2, Max: 45, Diff: 45, Sum: 45, Workers: 4
[1481.608s][debug][gc,phases      ] GC(34)   StringDedup Table Weak         Min:  0.0, Avg:  0.0, Max:  0.0, Diff:  0.0, Sum:  0.0, Workers: 4
[1481.608s][debug][gc,phases      ] GC(34)     Dead                           Min: 0, Avg:  0.0, Max: 0, Diff: 0, Sum: 0, Workers: 4
[1481.608s][debug][gc,phases      ] GC(34)     Total                          Min: 0, Avg:  0.0, Max: 0, Diff: 0, Sum: 0, Workers: 4
[1481.608s][debug][gc,phases      ] GC(34)   StringDedup Requests0 Weak     Min:  0.0, Avg:  0.0, Max:  0.0, Diff:  0.0, Sum:  0.0, Workers: 4
[1481.608s][debug][gc,phases      ] GC(34)     Dead                           Min: 0, Avg:  0.0, Max: 0, Diff: 0, Sum: 0, Workers: 4
[1481.608s][debug][gc,phases      ] GC(34)     Total                          Min: 0, Avg:  0.0, Max: 0, Diff: 0, Sum: 0, Workers: 4
[1481.608s][debug][gc,phases      ] GC(34)   StringDedup Requests1 Weak     Min:  0.0, Avg:  0.0, Max:  0.0, Diff:  0.0, Sum:  0.0, Workers: 4
[1481.608s][debug][gc,phases      ] GC(34)     Dead                           Min: 0, Avg:  0.0, Max: 0, Diff: 0, Sum: 0, Workers: 4
[1481.608s][debug][gc,phases      ] GC(34)     Total                          Min: 0, Avg:  0.0, Max: 0, Diff: 0, Sum: 0, Workers: 4
[1481.608s][debug][gc,phases      ] GC(34)   Weak JFR Old Object Samples    Min:  0.0, Avg:  0.0, Max:  0.0, Diff:  0.0, Sum:  0.0, Workers: 4
[1481.608s][debug][gc,phases      ] GC(34)     Dead                           Min: 0, Avg:  0.0, Max: 0, Diff: 0, Sum: 0, Workers: 4
[1481.608s][debug][gc,phases      ] GC(34)     Total                          Min: 0, Avg:  0.0, Max: 0, Diff: 0, Sum: 0, Workers: 4
[1481.608s][debug][gc,phases      ] GC(34) Weak Processing 0.387ms
[1481.608s][debug][gc,age         ] GC(34) Desired survivor size 303562752 bytes, new threshold 15 (max threshold 15)
[1481.608s][info ][gc,heap        ] GC(34) PSYoungGen: 1469184K(1788416K)->256K(1777664K) Eden: 1468928K(1468928K)->0K(1468928K) From: 256K(319488K)->256K(308736K)
[1481.608s][info ][gc,heap        ] GC(34) ParOldGen: 220459K(345600K)->220467K(345600K)
[1481.608s][info ][gc,metaspace   ] GC(34) Metaspace: 75564K(76352K)->75564K(76352K) NonClass: 64721K(65152K)->64721K(65152K) Class: 10843K(11200K)->10843K(11200K)
[1481.608s][info ][gc             ] GC(34) Pause Young (Allocation Failure) 1650M->215M(2073M) 2.709ms
[1481.608s][info ][gc,cpu         ] GC(34) User=0.01s Sys=0.00s Real=0.01s
[1481.608s][info ][safepoint      ] Safepoint "ParallelGCFailedAllocation", Time since last: 32845670987 ns, Reaching safepoint: 41301 ns, At safepoint: 2802124 ns, Total: 2843425 ns
[1486.609s][info ][safepoint      ] Safepoint "Cleanup", Time since last: 5000908546 ns, Reaching safepoint: 56002 ns, At safepoint: 45202 ns, Total: 101204 ns
[1487.609s][info ][safepoint      ] Safepoint "Cleanup", Time since last: 1000124252 ns, Reaching safepoint: 151006 ns, At safepoint: 10401 ns, Total: 161407 ns
[1490.609s][info ][safepoint      ] Safepoint "Cleanup", Time since last: 3000235833 ns, Reaching safepoint: 67903 ns, At safepoint: 2200 ns, Total: 70103 ns
[1491.609s][info ][safepoint      ] Safepoint "Cleanup", Time since last: 1000107179 ns, Reaching safepoint: 56703 ns, At safepoint: 5000 ns, Total: 61703 ns
[1492.610s][info ][safepoint      ] Safepoint "Cleanup", Time since last: 1000140680 ns, Reaching safepoint: 57303 ns, At safepoint: 3100 ns, Total: 60403 ns
[1493.610s][info ][safepoint      ] Safepoint "Cleanup", Time since last: 1000070077 ns, Reaching safepoint: 133706 ns, At safepoint: 6601 ns, Total: 140307 ns
[1495.500s][info ][safepoint      ] Safepoint "Cleanup", Time since last: 1889826814 ns, Reaching safepoint: 172707 ns, At safepoint: 11001 ns, Total: 183708 ns
[1496.500s][info ][safepoint      ] Safepoint "Cleanup", Time since last: 1000117496 ns, Reaching safepoint: 39202 ns, At safepoint: 2900 ns, Total: 42102 ns
[1497.500s][info ][safepoint      ] Safepoint "Cleanup", Time since last: 1000071794 ns, Reaching safepoint: 87004 ns, At safepoint: 2200 ns, Total: 89204 ns
[1498.500s][info ][safepoint      ] Safepoint "Cleanup", Time since last: 1000111096 ns, Reaching safepoint: 104705 ns, At safepoint: 3100 ns, Total: 107805 ns
[1500.501s][info ][safepoint      ] Safepoint "Cleanup", Time since last: 2000508805 ns, Reaching safepoint: 57802 ns, At safepoint: 3101 ns, Total: 60903 ns
[1503.502s][info ][safepoint      ] Safepoint "Cleanup", Time since last: 3000800790 ns, Reaching safepoint: 130106 ns, At safepoint: 8600 ns, Total: 138706 ns
[1506.502s][info ][safepoint      ] Safepoint "Cleanup", Time since last: 3000250554 ns, Reaching safepoint: 120905 ns, At safepoint: 6500 ns, Total: 127405 ns
[1513.503s][info ][safepoint      ] Safepoint "Cleanup", Time since last: 7000531804 ns, Reaching safepoint: 177208 ns, At safepoint: 28601 ns, Total: 205809 ns
[1545.506s][info ][safepoint      ] Safepoint "Cleanup", Time since last: 32003425812 ns, Reaching safepoint: 36002 ns, At safepoint: 2900 ns, Total: 38902 ns
[1547.507s][info ][safepoint      ] Safepoint "Cleanup", Time since last: 2000159235 ns, Reaching safepoint: 36202 ns, At safepoint: 4500 ns, Total: 40702 ns
[1573.508s][info ][safepoint      ] Safepoint "Cleanup", Time since last: 26001689489 ns, Reaching safepoint: 40802 ns, At safepoint: 2500 ns, Total: 43302 ns
[1581.509s][info ][safepoint      ] Safepoint "Cleanup", Time since last: 8000551028 ns, Reaching safepoint: 55902 ns, At safepoint: 4100 ns, Total: 60002 ns
[1619.092s][info ][safepoint      ] Safepoint "Cleanup", Time since last: 37582922041 ns, Reaching safepoint: 93104 ns, At safepoint: 4600 ns, Total: 97704 ns
[1619.106s][info ][gc,heap,exit   ] Heap
[1619.106s][info ][gc,heap,exit   ]  PSYoungGen      total 1777664K, used 1319484K [0x0000000780000000, 0x0000000800000000, 0x0000000800000000)
[1619.106s][info ][gc,heap,exit   ]   eden space 1468928K, 89% used [0x0000000780000000,0x00000007d084f068,0x00000007d9a80000)
[1619.106s][info ][gc,heap,exit   ]   from space 308736K, 0% used [0x00000007d9a80000,0x00000007d9ac0030,0x00000007ec800000)
[1619.106s][info ][gc,heap,exit   ]   to   space 296448K, 0% used [0x00000007ede80000,0x00000007ede80000,0x0000000800000000)
[1619.106s][info ][gc,heap,exit   ]  ParOldGen       total 345600K, used 220467K [0x0000000740000000, 0x0000000755180000, 0x0000000780000000)
[1619.106s][info ][gc,heap,exit   ]   object space 345600K, 63% used [0x0000000740000000,0x000000074d74ce88,0x0000000755180000)
[1619.106s][info ][gc,heap,exit   ]  Metaspace       used 75840K, committed 76672K, reserved 1179648K
[1619.106s][info ][gc,heap,exit   ]   class space    used 10886K, committed 11264K, reserved 1048576K
