[0.014s][info][gc] Using Parallel
[0.016s][info][gc,init] Version: 17.0.8.1+1-LTS (release)
[0.016s][info][gc,init] CPUs: 4 total, 4 available
[0.016s][info][gc,init] Memory: 15991M
[0.016s][info][gc,init] Large Page Support: Disabled
[0.016s][info][gc,init] NUMA Support: Disabled
[0.016s][info][gc,init] Compressed Oops: Enabled (Zero based)
[0.016s][info][gc,init] Alignments: Space 512K, Generation 512K, Heap 2M
[0.016s][info][gc,init] Heap Min Capacity: 2054M
[0.016s][info][gc,init] Heap Initial Capacity: 2054M
[0.016s][info][gc,init] Heap Max Capacity: 3G
[0.016s][info][gc,init] Pre-touch: Disabled
[0.016s][info][gc,init] Parallel Workers: 4
[0.050s][info][gc,metaspace] CDS archive(s) mapped at: [0x00007fd90d000000-0x00007fd90dbeb000-0x00007fd90dbeb000), size 12496896, SharedBaseAddress: 0x00007fd90d000000, ArchiveRelocationMode: 1.
[0.050s][info][gc,metaspace] Compressed class space mapped at: 0x00007fd90e000000-0x00007fd94e000000, reserved size: 1073741824
[0.051s][info][gc,metaspace] Narrow klass base: 0x00007fd90d000000, Narrow klass shift: 0, Narrow klass range: 0x100000000
[0.814s][info][safepoint   ] Safepoint "ICBufferFull", Time since last: 753976323 ns, Reaching safepoint: 3800 ns, Cleanup: 156701 ns, At safepoint: 2200 ns, Total: 162701 ns
[1.336s][info][safepoint   ] Safepoint "ICBufferFull", Time since last: 521632475 ns, Reaching safepoint: 74101 ns, Cleanup: 222501 ns, At safepoint: 5000 ns, Total: 301602 ns
[1.951s][info][gc,start    ] GC(0) Pause Young (Metadata GC Threshold)
[1.969s][debug][gc,phases   ] GC(0) Scavenge 17.784ms
[1.969s][debug][gc,ref      ] GC(0) Skipped phase 1 of Reference Processing: no references
[1.969s][debug][gc,ref      ] GC(0) ReferenceProcessor::execute queues: 4, RefProcThreadModel::Multi, marks_oops_alive: false
[1.969s][debug][gc,ref      ] GC(0) Skipped phase 3 of Reference Processing: no references
[1.969s][debug][gc,ref      ] GC(0) ReferenceProcessor::execute queues: 1, RefProcThreadModel::Single, marks_oops_alive: false
[1.969s][debug][gc,phases   ] GC(0) Reference Processing 0.508ms
[1.969s][debug][gc,phases   ] GC(0)   VM Weak                        Min:  0.0, Avg:  0.0, Max:  0.0, Diff:  0.0, Sum:  0.0, Workers: 4
[1.969s][debug][gc,phases   ] GC(0)     Dead                           Min: 0, Avg:  0.0, Max: 0, Diff: 0, Sum: 0, Workers: 4
[1.969s][debug][gc,phases   ] GC(0)     Total                          Min: 0, Avg: 57.8, Max: 167, Diff: 167, Sum: 231, Workers: 4
[1.970s][debug][gc,phases   ] GC(0)   ObjectSynchronizer Weak        Min:  0.0, Avg:  0.0, Max:  0.0, Diff:  0.0, Sum:  0.0, Workers: 4
[1.970s][debug][gc,phases   ] GC(0)     Dead                           Min: 0, Avg:  1.0, Max: 4, Diff: 4, Sum: 4, Workers: 4
[1.970s][debug][gc,phases   ] GC(0)     Total                          Min: 0, Avg:  2.2, Max: 9, Diff: 9, Sum: 9, Workers: 4
[1.970s][debug][gc,phases   ] GC(0)   JVMTI Tag Weak OopStorage      Min:  0.0, Avg:  0.0, Max:  0.0, Diff:  0.0, Sum:  0.0, Workers: 4
[1.970s][debug][gc,phases   ] GC(0)     Dead                           Min: 0, Avg:  0.0, Max: 0, Diff: 0, Sum: 0, Workers: 4
[1.970s][debug][gc,phases   ] GC(0)     Total                          Min: 0, Avg:  0.0, Max: 0, Diff: 0, Sum: 0, Workers: 4
[1.970s][debug][gc,phases   ] GC(0)   StringTable Weak               Min:  0.0, Avg:  0.1, Max:  0.1, Diff:  0.1, Sum:  0.3, Workers: 4
[1.970s][debug][gc,phases   ] GC(0)     Dead                           Min: 0, Avg:  6.5, Max: 16, Diff: 16, Sum: 26, Workers: 4
[1.970s][debug][gc,phases   ] GC(0)     Total                          Min: 0, Avg: 3304.5, Max: 4834, Diff: 4834, Sum: 13218, Workers: 4
[1.970s][debug][gc,phases   ] GC(0)   ResolvedMethodTable Weak       Min:  0.0, Avg:  0.0, Max:  0.0, Diff:  0.0, Sum:  0.1, Workers: 4
[1.970s][debug][gc,phases   ] GC(0)     Dead                           Min: 0, Avg: 18.5, Max: 32, Diff: 32, Sum: 74, Workers: 4
[1.970s][debug][gc,phases   ] GC(0)     Total                          Min: 0, Avg: 320.8, Max: 451, Diff: 451, Sum: 1283, Workers: 4
[1.970s][debug][gc,phases   ] GC(0)   JNI Weak                       Min:  0.0, Avg:  0.0, Max:  0.0, Diff:  0.0, Sum:  0.0, Workers: 4
[1.970s][debug][gc,phases   ] GC(0)     Dead                           Min: 0, Avg:  0.0, Max: 0, Diff: 0, Sum: 0, Workers: 4
[1.970s][debug][gc,phases   ] GC(0)     Total                          Min: 0, Avg: 20.2, Max: 58, Diff: 58, Sum: 81, Workers: 4
[1.970s][debug][gc,phases   ] GC(0)   StringDedup Table Weak         Min:  0.0, Avg:  0.0, Max:  0.0, Diff:  0.0, Sum:  0.0, Workers: 4
[1.970s][debug][gc,phases   ] GC(0)     Dead                           Min: 0, Avg:  0.0, Max: 0, Diff: 0, Sum: 0, Workers: 4
[1.970s][debug][gc,phases   ] GC(0)     Total                          Min: 0, Avg:  0.0, Max: 0, Diff: 0, Sum: 0, Workers: 4
[1.970s][debug][gc,phases   ] GC(0)   StringDedup Requests0 Weak     Min:  0.0, Avg:  0.0, Max:  0.0, Diff:  0.0, Sum:  0.0, Workers: 4
[1.970s][debug][gc,phases   ] GC(0)     Dead                           Min: 0, Avg:  0.0, Max: 0, Diff: 0, Sum: 0, Workers: 4
[1.970s][debug][gc,phases   ] GC(0)     Total                          Min: 0, Avg:  0.0, Max: 0, Diff: 0, Sum: 0, Workers: 4
[1.970s][debug][gc,phases   ] GC(0)   StringDedup Requests1 Weak     Min:  0.0, Avg:  0.0, Max:  0.0, Diff:  0.0, Sum:  0.0, Workers: 4
[1.970s][debug][gc,phases   ] GC(0)     Dead                           Min: 0, Avg:  0.0, Max: 0, Diff: 0, Sum: 0, Workers: 4
[1.970s][debug][gc,phases   ] GC(0)     Total                          Min: 0, Avg:  0.0, Max: 0, Diff: 0, Sum: 0, Workers: 4
[1.970s][debug][gc,phases   ] GC(0)   Weak JFR Old Object Samples    Min:  0.0, Avg:  0.0, Max:  0.0, Diff:  0.0, Sum:  0.0, Workers: 4
[1.970s][debug][gc,phases   ] GC(0)     Dead                           Min: 0, Avg:  0.0, Max: 0, Diff: 0, Sum: 0, Workers: 4
[1.970s][debug][gc,phases   ] GC(0)     Total                          Min: 0, Avg:  0.0, Max: 0, Diff: 0, Sum: 0, Workers: 4
[1.970s][debug][gc,phases   ] GC(0) Weak Processing 0.442ms
[1.970s][debug][gc,age      ] GC(0) Desired survivor size 536870912 bytes, new threshold 7 (max threshold 15)
[1.970s][info ][gc,heap     ] GC(0) PSYoungGen: 251675K(1572864K)->31712K(1572864K) Eden: 251675K(1048576K)->0K(1048576K) From: 0K(524288K)->31712K(524288K)
[1.970s][info ][gc,heap     ] GC(0) ParOldGen: 0K(6144K)->80K(6144K)
[1.970s][info ][gc,metaspace] GC(0) Metaspace: 21151K(21504K)->21151K(21504K) NonClass: 18710K(18944K)->18710K(18944K) Class: 2441K(2560K)->2441K(2560K)
[1.970s][info ][gc          ] GC(0) Pause Young (Metadata GC Threshold) 245M->31M(1542M) 19.207ms
[1.970s][info ][gc,cpu      ] GC(0) User=0.02s Sys=0.02s Real=0.02s
[1.970s][debug][gc,phases   ] GC(1) Pre Compact 0.019ms
[1.970s][info ][gc,start    ] GC(1) Pause Full (Metadata GC Threshold)
[1.970s][info ][gc,phases,start] GC(1) Marking Phase
[1.979s][debug][gc,phases      ] GC(1) Par Mark 8.789ms
[1.979s][debug][gc,ref         ] GC(1) Skipped phase 1 of Reference Processing: no references
[1.979s][debug][gc,ref         ] GC(1) ReferenceProcessor::execute queues: 3, RefProcThreadModel::Multi, marks_oops_alive: false
[1.982s][debug][gc,ref         ] GC(1) Skipped phase 3 of Reference Processing: no references
[1.982s][debug][gc,ref         ] GC(1) ReferenceProcessor::execute queues: 1, RefProcThreadModel::Single, marks_oops_alive: false
[1.982s][debug][gc,phases      ] GC(1) Reference Processing 2.957ms
[1.982s][debug][gc,phases      ] GC(1)   VM Weak                        Min:  0.0, Avg:  0.0, Max:  0.0, Diff:  0.0, Sum:  0.0, Workers: 4
[1.982s][debug][gc,phases      ] GC(1)     Dead                           Min: 0, Avg:  0.0, Max: 0, Diff: 0, Sum: 0, Workers: 4
[1.982s][debug][gc,phases      ] GC(1)     Total                          Min: 0, Avg: 57.8, Max: 231, Diff: 231, Sum: 231, Workers: 4
[1.982s][debug][gc,phases      ] GC(1)   ObjectSynchronizer Weak        Min:  0.0, Avg:  0.0, Max:  0.0, Diff:  0.0, Sum:  0.0, Workers: 4
[1.982s][debug][gc,phases      ] GC(1)     Dead                           Min: 0, Avg:  0.0, Max: 0, Diff: 0, Sum: 0, Workers: 4
[1.982s][debug][gc,phases      ] GC(1)     Total                          Min: 0, Avg:  2.2, Max: 9, Diff: 9, Sum: 9, Workers: 4
[1.982s][debug][gc,phases      ] GC(1)   JVMTI Tag Weak OopStorage      Min:  0.0, Avg:  0.0, Max:  0.0, Diff:  0.0, Sum:  0.0, Workers: 4
[1.982s][debug][gc,phases      ] GC(1)     Dead                           Min: 0, Avg:  0.0, Max: 0, Diff: 0, Sum: 0, Workers: 4
[1.982s][debug][gc,phases      ] GC(1)     Total                          Min: 0, Avg:  0.0, Max: 0, Diff: 0, Sum: 0, Workers: 4
[1.982s][debug][gc,phases      ] GC(1)   StringTable Weak               Min:  0.0, Avg:  0.1, Max:  0.1, Diff:  0.1, Sum:  0.2, Workers: 4
[1.982s][debug][gc,phases      ] GC(1)     Dead                           Min: 0, Avg:  0.0, Max: 0, Diff: 0, Sum: 0, Workers: 4
[1.982s][debug][gc,phases      ] GC(1)     Total                          Min: 0, Avg: 3304.5, Max: 6400, Diff: 6400, Sum: 13218, Workers: 4
[1.982s][debug][gc,phases      ] GC(1)   ResolvedMethodTable Weak       Min:  0.0, Avg:  0.0, Max:  0.0, Diff:  0.0, Sum:  0.0, Workers: 4
[1.982s][debug][gc,phases      ] GC(1)     Dead                           Min: 0, Avg:  0.0, Max: 0, Diff: 0, Sum: 0, Workers: 4
[1.982s][debug][gc,phases      ] GC(1)     Total                          Min: 0, Avg: 320.8, Max: 640, Diff: 640, Sum: 1283, Workers: 4
[1.982s][debug][gc,phases      ] GC(1)   JNI Weak                       Min:  0.0, Avg:  0.0, Max:  0.0, Diff:  0.0, Sum:  0.0, Workers: 4
[1.982s][debug][gc,phases      ] GC(1)     Dead                           Min: 0, Avg:  0.0, Max: 0, Diff: 0, Sum: 0, Workers: 4
[1.982s][debug][gc,phases      ] GC(1)     Total                          Min: 0, Avg: 20.2, Max: 58, Diff: 58, Sum: 81, Workers: 4
[1.982s][debug][gc,phases      ] GC(1)   StringDedup Table Weak         Min:  0.0, Avg:  0.0, Max:  0.0, Diff:  0.0, Sum:  0.0, Workers: 4
[1.982s][debug][gc,phases      ] GC(1)     Dead                           Min: 0, Avg:  0.0, Max: 0, Diff: 0, Sum: 0, Workers: 4
[1.982s][debug][gc,phases      ] GC(1)     Total                          Min: 0, Avg:  0.0, Max: 0, Diff: 0, Sum: 0, Workers: 4
[1.982s][debug][gc,phases      ] GC(1)   StringDedup Requests0 Weak     Min:  0.0, Avg:  0.0, Max:  0.0, Diff:  0.0, Sum:  0.0, Workers: 4
[1.982s][debug][gc,phases      ] GC(1)     Dead                           Min: 0, Avg:  0.0, Max: 0, Diff: 0, Sum: 0, Workers: 4
[1.982s][debug][gc,phases      ] GC(1)     Total                          Min: 0, Avg:  0.0, Max: 0, Diff: 0, Sum: 0, Workers: 4
[1.982s][debug][gc,phases      ] GC(1)   StringDedup Requests1 Weak     Min:  0.0, Avg:  0.0, Max:  0.0, Diff:  0.0, Sum:  0.0, Workers: 4
[1.982s][debug][gc,phases      ] GC(1)     Dead                           Min: 0, Avg:  0.0, Max: 0, Diff: 0, Sum: 0, Workers: 4
[1.982s][debug][gc,phases      ] GC(1)     Total                          Min: 0, Avg:  0.0, Max: 0, Diff: 0, Sum: 0, Workers: 4
[1.982s][debug][gc,phases      ] GC(1)   Weak JFR Old Object Samples    Min:  0.0, Avg:  0.0, Max:  0.0, Diff:  0.0, Sum:  0.0, Workers: 4
[1.982s][debug][gc,phases      ] GC(1)     Dead                           Min: 0, Avg:  0.0, Max: 0, Diff: 0, Sum: 0, Workers: 4
[1.982s][debug][gc,phases      ] GC(1)     Total                          Min: 0, Avg:  0.0, Max: 0, Diff: 0, Sum: 0, Workers: 4
[1.982s][debug][gc,phases      ] GC(1) Weak Processing 0.367ms
[1.982s][debug][gc,phases      ] GC(1) ClassLoaderData 0.029ms
[1.982s][debug][gc,phases      ] GC(1) Trigger cleanups 0.000ms
[1.986s][debug][gc,phases      ] GC(1) Class Unloading 4.098ms
[1.986s][debug][gc,phases      ] GC(1) Report Object Count 0.005ms
[1.986s][info ][gc,phases      ] GC(1) Marking Phase 16.315ms
[1.986s][info ][gc,phases,start] GC(1) Summary Phase
[1.986s][info ][gc,phases      ] GC(1) Summary Phase 0.008ms
[1.986s][info ][gc,phases,start] GC(1) Adjust Roots
[1.991s][info ][gc,phases      ] GC(1) Adjust Roots 4.681ms
[1.991s][info ][gc,phases,start] GC(1) Compaction Phase
[2.016s][info ][gc,phases      ] GC(1) Compaction Phase 24.848ms
[2.016s][info ][gc,phases,start] GC(1) Post Compact
[2.018s][info ][gc,phases      ] GC(1) Post Compact 1.835ms
[2.018s][info ][gc,heap        ] GC(1) PSYoungGen: 31712K(1572864K)->25940K(1572864K) Eden: 0K(1048576K)->0K(1048576K) From: 31712K(524288K)->25940K(524288K)
[2.018s][info ][gc,heap        ] GC(1) ParOldGen: 80K(6144K)->5672K(6144K)
[2.018s][info ][gc,metaspace   ] GC(1) Metaspace: 21151K(21504K)->21151K(21504K) NonClass: 18710K(18944K)->18710K(18944K) Class: 2441K(2560K)->2441K(2560K)
[2.018s][info ][gc             ] GC(1) Pause Full (Metadata GC Threshold) 31M->30M(1542M) 47.832ms
[2.018s][info ][gc,cpu         ] GC(1) User=0.11s Sys=0.00s Real=0.04s
[2.018s][info ][safepoint      ] Safepoint "CollectForMetadataAllocation", Time since last: 614628935 ns, Reaching safepoint: 79500 ns, Cleanup: 199101 ns, At safepoint: 67269732 ns, Total: 67548333 ns
[2.200s][info ][safepoint      ] Safepoint "ICBufferFull", Time since last: 182108299 ns, Reaching safepoint: 3600 ns, Cleanup: 172901 ns, At safepoint: 6000 ns, Total: 182501 ns
[2.300s][info ][safepoint      ] Safepoint "ICBufferFull", Time since last: 99424791 ns, Reaching safepoint: 132801 ns, Cleanup: 153301 ns, At safepoint: 4400 ns, Total: 290502 ns
[2.419s][info ][safepoint      ] Safepoint "ICBufferFull", Time since last: 119392489 ns, Reaching safepoint: 76200 ns, Cleanup: 152501 ns, At safepoint: 5800 ns, Total: 234501 ns
[2.532s][info ][safepoint      ] Safepoint "ICBufferFull", Time since last: 112236654 ns, Reaching safepoint: 74901 ns, Cleanup: 191901 ns, At safepoint: 12800 ns, Total: 279602 ns
[3.004s][info ][safepoint      ] Safepoint "ICBufferFull", Time since last: 472098731 ns, Reaching safepoint: 62300 ns, Cleanup: 189701 ns, At safepoint: 7600 ns, Total: 259601 ns
[3.120s][info ][safepoint      ] Safepoint "ICBufferFull", Time since last: 115690271 ns, Reaching safepoint: 2400 ns, Cleanup: 160001 ns, At safepoint: 7400 ns, Total: 169801 ns
[3.241s][info ][safepoint      ] Safepoint "ICBufferFull", Time since last: 120709496 ns, Reaching safepoint: 78100 ns, Cleanup: 212102 ns, At safepoint: 3400 ns, Total: 293602 ns
[3.356s][info ][safepoint      ] Safepoint "ICBufferFull", Time since last: 114396864 ns, Reaching safepoint: 3800 ns, Cleanup: 236302 ns, At safepoint: 2200 ns, Total: 242302 ns
[3.565s][info ][safepoint      ] Safepoint "ICBufferFull", Time since last: 209247033 ns, Reaching safepoint: 3700 ns, Cleanup: 155001 ns, At safepoint: 12900 ns, Total: 171601 ns
[3.788s][info ][safepoint      ] Safepoint "ICBufferFull", Time since last: 222843500 ns, Reaching safepoint: 3600 ns, Cleanup: 176901 ns, At safepoint: 13600 ns, Total: 194101 ns
[3.950s][info ][safepoint      ] Safepoint "ICBufferFull", Time since last: 161256096 ns, Reaching safepoint: 3700 ns, Cleanup: 202901 ns, At safepoint: 11800 ns, Total: 218401 ns
[4.043s][info ][safepoint      ] Safepoint "ICBufferFull", Time since last: 93402161 ns, Reaching safepoint: 75701 ns, Cleanup: 204701 ns, At safepoint: 8400 ns, Total: 288802 ns
[4.063s][info ][gc,start       ] GC(2) Pause Young (Metadata GC Threshold)
[4.113s][debug][gc,phases      ] GC(2) Scavenge 50.700ms
[4.113s][debug][gc,ref         ] GC(2) Skipped phase 1 of Reference Processing: no references
[4.113s][debug][gc,ref         ] GC(2) ReferenceProcessor::execute queues: 2, RefProcThreadModel::Multi, marks_oops_alive: false
[4.114s][debug][gc,ref         ] GC(2) Skipped phase 3 of Reference Processing: no references
[4.114s][debug][gc,ref         ] GC(2) ReferenceProcessor::execute queues: 2, RefProcThreadModel::Multi, marks_oops_alive: false
[4.114s][debug][gc,phases      ] GC(2) Reference Processing 0.334ms
[4.114s][debug][gc,phases      ] GC(2)   VM Weak                        Min:  0.0, Avg:  0.0, Max:  0.0, Diff:  0.0, Sum:  0.0, Workers: 4
[4.114s][debug][gc,phases      ] GC(2)     Dead                           Min: 0, Avg:  0.0, Max: 0, Diff: 0, Sum: 0, Workers: 4
[4.114s][debug][gc,phases      ] GC(2)     Total                          Min: 0, Avg: 91.5, Max: 302, Diff: 302, Sum: 366, Workers: 4
[4.114s][debug][gc,phases      ] GC(2)   ObjectSynchronizer Weak        Min:  0.0, Avg:  0.0, Max:  0.0, Diff:  0.0, Sum:  0.0, Workers: 4
[4.114s][debug][gc,phases      ] GC(2)     Dead                           Min: 0, Avg:  0.0, Max: 0, Diff: 0, Sum: 0, Workers: 4
[4.114s][debug][gc,phases      ] GC(2)     Total                          Min: 0, Avg:  2.2, Max: 9, Diff: 9, Sum: 9, Workers: 4
[4.114s][debug][gc,phases      ] GC(2)   JVMTI Tag Weak OopStorage      Min:  0.0, Avg:  0.0, Max:  0.0, Diff:  0.0, Sum:  0.0, Workers: 4
[4.114s][debug][gc,phases      ] GC(2)     Dead                           Min: 0, Avg:  0.0, Max: 0, Diff: 0, Sum: 0, Workers: 4
[4.114s][debug][gc,phases      ] GC(2)     Total                          Min: 0, Avg:  0.0, Max: 0, Diff: 0, Sum: 0, Workers: 4
[4.114s][debug][gc,phases      ] GC(2)   StringTable Weak               Min:  0.2, Avg:  0.2, Max:  0.2, Diff:  0.0, Sum:  0.8, Workers: 4
[4.114s][debug][gc,phases      ] GC(2)     Dead                           Min: 0, Avg:  2.0, Max: 5, Diff: 5, Sum: 8, Workers: 4
[4.114s][debug][gc,phases      ] GC(2)     Total                          Min: 5848, Avg: 6630.0, Max: 7360, Diff: 1512, Sum: 26520, Workers: 4
[4.114s][debug][gc,phases      ] GC(2)   ResolvedMethodTable Weak       Min:  0.0, Avg:  0.0, Max:  0.0, Diff:  0.0, Sum:  0.1, Workers: 4
[4.114s][debug][gc,phases      ] GC(2)     Dead                           Min: 0, Avg: 14.0, Max: 36, Diff: 36, Sum: 56, Workers: 4
[4.114s][debug][gc,phases      ] GC(2)     Total                          Min: 512, Avg: 617.2, Max: 741, Diff: 229, Sum: 2469, Workers: 4
[4.114s][debug][gc,phases      ] GC(2)   JNI Weak                       Min:  0.0, Avg:  0.0, Max:  0.0, Diff:  0.0, Sum:  0.0, Workers: 4
[4.114s][debug][gc,phases      ] GC(2)     Dead                           Min: 0, Avg:  0.0, Max: 0, Diff: 0, Sum: 0, Workers: 4
[4.114s][debug][gc,phases      ] GC(2)     Total                          Min: 0, Avg: 11.2, Max: 45, Diff: 45, Sum: 45, Workers: 4
[4.114s][debug][gc,phases      ] GC(2)   StringDedup Table Weak         Min:  0.0, Avg:  0.0, Max:  0.0, Diff:  0.0, Sum:  0.0, Workers: 4
[4.114s][debug][gc,phases      ] GC(2)     Dead                           Min: 0, Avg:  0.0, Max: 0, Diff: 0, Sum: 0, Workers: 4
[4.114s][debug][gc,phases      ] GC(2)     Total                          Min: 0, Avg:  0.0, Max: 0, Diff: 0, Sum: 0, Workers: 4
[4.114s][debug][gc,phases      ] GC(2)   StringDedup Requests0 Weak     Min:  0.0, Avg:  0.0, Max:  0.0, Diff:  0.0, Sum:  0.0, Workers: 4
[4.114s][debug][gc,phases      ] GC(2)     Dead                           Min: 0, Avg:  0.0, Max: 0, Diff: 0, Sum: 0, Workers: 4
[4.114s][debug][gc,phases      ] GC(2)     Total                          Min: 0, Avg:  0.0, Max: 0, Diff: 0, Sum: 0, Workers: 4
[4.114s][debug][gc,phases      ] GC(2)   StringDedup Requests1 Weak     Min:  0.0, Avg:  0.0, Max:  0.0, Diff:  0.0, Sum:  0.0, Workers: 4
[4.114s][debug][gc,phases      ] GC(2)     Dead                           Min: 0, Avg:  0.0, Max: 0, Diff: 0, Sum: 0, Workers: 4
[4.114s][debug][gc,phases      ] GC(2)     Total                          Min: 0, Avg:  0.0, Max: 0, Diff: 0, Sum: 0, Workers: 4
[4.114s][debug][gc,phases      ] GC(2)   Weak JFR Old Object Samples    Min:  0.0, Avg:  0.0, Max:  0.0, Diff:  0.0, Sum:  0.0, Workers: 4
[4.114s][debug][gc,phases      ] GC(2)     Dead                           Min: 0, Avg:  0.0, Max: 0, Diff: 0, Sum: 0, Workers: 4
[4.114s][debug][gc,phases      ] GC(2)     Total                          Min: 0, Avg:  0.0, Max: 0, Diff: 0, Sum: 0, Workers: 4
[4.114s][debug][gc,phases      ] GC(2) Weak Processing 0.411ms
[4.114s][debug][gc,age         ] GC(2) Desired survivor size 536870912 bytes, new threshold 7 (max threshold 15)
[4.114s][info ][gc,heap        ] GC(2) PSYoungGen: 592174K(1572864K)->84427K(1572864K) Eden: 566234K(1048576K)->0K(1048576K) From: 25940K(524288K)->84427K(524288K)
[4.114s][info ][gc,heap        ] GC(2) ParOldGen: 5672K(6144K)->5688K(6144K)
[4.114s][info ][gc,metaspace   ] GC(2) Metaspace: 35339K(35840K)->35339K(35840K) NonClass: 30830K(31104K)->30830K(31104K) Class: 4508K(4736K)->4508K(4736K)
[4.114s][info ][gc             ] GC(2) Pause Young (Metadata GC Threshold) 583M->88M(1542M) 51.548ms
[4.114s][info ][gc,cpu         ] GC(2) User=0.13s Sys=0.03s Real=0.05s
[4.114s][debug][gc,phases      ] GC(3) Pre Compact 0.008ms
[4.114s][info ][gc,start       ] GC(3) Pause Full (Metadata GC Threshold)
[4.114s][info ][gc,phases,start] GC(3) Marking Phase
[4.150s][debug][gc,phases      ] GC(3) Par Mark 35.676ms
[4.150s][debug][gc,ref         ] GC(3) Skipped phase 1 of Reference Processing: no references
[4.150s][debug][gc,ref         ] GC(3) ReferenceProcessor::execute queues: 4, RefProcThreadModel::Multi, marks_oops_alive: false
[4.150s][debug][gc,ref         ] GC(3) Skipped phase 3 of Reference Processing: no references
[4.150s][debug][gc,ref         ] GC(3) ReferenceProcessor::execute queues: 1, RefProcThreadModel::Single, marks_oops_alive: false
[4.150s][debug][gc,phases      ] GC(3) Reference Processing 0.520ms
[4.151s][debug][gc,phases      ] GC(3)   VM Weak                        Min:  0.0, Avg:  0.0, Max:  0.0, Diff:  0.0, Sum:  0.0, Workers: 4
[4.151s][debug][gc,phases      ] GC(3)     Dead                           Min: 0, Avg:  0.0, Max: 0, Diff: 0, Sum: 0, Workers: 4
[4.151s][debug][gc,phases      ] GC(3)     Total                          Min: 0, Avg: 91.5, Max: 174, Diff: 174, Sum: 366, Workers: 4
[4.151s][debug][gc,phases      ] GC(3)   ObjectSynchronizer Weak        Min:  0.0, Avg:  0.0, Max:  0.0, Diff:  0.0, Sum:  0.0, Workers: 4
[4.151s][debug][gc,phases      ] GC(3)     Dead                           Min: 0, Avg:  0.0, Max: 0, Diff: 0, Sum: 0, Workers: 4
[4.151s][debug][gc,phases      ] GC(3)     Total                          Min: 0, Avg:  2.2, Max: 9, Diff: 9, Sum: 9, Workers: 4
[4.151s][debug][gc,phases      ] GC(3)   JVMTI Tag Weak OopStorage      Min:  0.0, Avg:  0.0, Max:  0.0, Diff:  0.0, Sum:  0.0, Workers: 4
[4.151s][debug][gc,phases      ] GC(3)     Dead                           Min: 0, Avg:  0.0, Max: 0, Diff: 0, Sum: 0, Workers: 4
[4.151s][debug][gc,phases      ] GC(3)     Total                          Min: 0, Avg:  0.0, Max: 0, Diff: 0, Sum: 0, Workers: 4
[4.151s][debug][gc,phases      ] GC(3)   StringTable Weak               Min:  0.0, Avg:  0.1, Max:  0.1, Diff:  0.1, Sum:  0.3, Workers: 4
[4.151s][debug][gc,phases      ] GC(3)     Dead                           Min: 0, Avg:  0.0, Max: 0, Diff: 0, Sum: 0, Workers: 4
[4.151s][debug][gc,phases      ] GC(3)     Total                          Min: 0, Avg: 6630.0, Max: 9280, Diff: 9280, Sum: 26520, Workers: 4
[4.151s][debug][gc,phases      ] GC(3)   ResolvedMethodTable Weak       Min:  0.0, Avg:  0.0, Max:  0.0, Diff:  0.0, Sum:  0.0, Workers: 4
[4.151s][debug][gc,phases      ] GC(3)     Dead                           Min: 0, Avg:  0.0, Max: 0, Diff: 0, Sum: 0, Workers: 4
[4.151s][debug][gc,phases      ] GC(3)     Total                          Min: 0, Avg: 617.2, Max: 896, Diff: 896, Sum: 2469, Workers: 4
[4.151s][debug][gc,phases      ] GC(3)   JNI Weak                       Min:  0.0, Avg:  0.0, Max:  0.0, Diff:  0.0, Sum:  0.0, Workers: 4
[4.151s][debug][gc,phases      ] GC(3)     Dead                           Min: 0, Avg:  0.0, Max: 0, Diff: 0, Sum: 0, Workers: 4
[4.151s][debug][gc,phases      ] GC(3)     Total                          Min: 0, Avg: 11.2, Max: 45, Diff: 45, Sum: 45, Workers: 4
[4.151s][debug][gc,phases      ] GC(3)   StringDedup Table Weak         Min:  0.0, Avg:  0.0, Max:  0.0, Diff:  0.0, Sum:  0.0, Workers: 4
[4.151s][debug][gc,phases      ] GC(3)     Dead                           Min: 0, Avg:  0.0, Max: 0, Diff: 0, Sum: 0, Workers: 4
[4.151s][debug][gc,phases      ] GC(3)     Total                          Min: 0, Avg:  0.0, Max: 0, Diff: 0, Sum: 0, Workers: 4
[4.151s][debug][gc,phases      ] GC(3)   StringDedup Requests0 Weak     Min:  0.0, Avg:  0.0, Max:  0.0, Diff:  0.0, Sum:  0.0, Workers: 4
[4.151s][debug][gc,phases      ] GC(3)     Dead                           Min: 0, Avg:  0.0, Max: 0, Diff: 0, Sum: 0, Workers: 4
[4.151s][debug][gc,phases      ] GC(3)     Total                          Min: 0, Avg:  0.0, Max: 0, Diff: 0, Sum: 0, Workers: 4
[4.151s][debug][gc,phases      ] GC(3)   StringDedup Requests1 Weak     Min:  0.0, Avg:  0.0, Max:  0.0, Diff:  0.0, Sum:  0.0, Workers: 4
[4.151s][debug][gc,phases      ] GC(3)     Dead                           Min: 0, Avg:  0.0, Max: 0, Diff: 0, Sum: 0, Workers: 4
[4.151s][debug][gc,phases      ] GC(3)     Total                          Min: 0, Avg:  0.0, Max: 0, Diff: 0, Sum: 0, Workers: 4
[4.151s][debug][gc,phases      ] GC(3)   Weak JFR Old Object Samples    Min:  0.0, Avg:  0.0, Max:  0.0, Diff:  0.0, Sum:  0.0, Workers: 4
[4.151s][debug][gc,phases      ] GC(3)     Dead                           Min: 0, Avg:  0.0, Max: 0, Diff: 0, Sum: 0, Workers: 4
[4.151s][debug][gc,phases      ] GC(3)     Total                          Min: 0, Avg:  0.0, Max: 0, Diff: 0, Sum: 0, Workers: 4
[4.151s][debug][gc,phases      ] GC(3) Weak Processing 0.293ms
[4.151s][debug][gc,phases      ] GC(3) ClassLoaderData 0.041ms
[4.151s][debug][gc,phases      ] GC(3) Trigger cleanups 0.000ms
[4.155s][debug][gc,phases      ] GC(3) Class Unloading 4.127ms
[4.155s][debug][gc,phases      ] GC(3) Report Object Count 0.001ms
[4.155s][info ][gc,phases      ] GC(3) Marking Phase 40.738ms
[4.155s][info ][gc,phases,start] GC(3) Summary Phase
[4.155s][info ][gc,phases      ] GC(3) Summary Phase 0.006ms
[4.155s][info ][gc,phases,start] GC(3) Adjust Roots
[4.161s][info ][gc,phases      ] GC(3) Adjust Roots 6.611ms
[4.161s][info ][gc,phases,start] GC(3) Compaction Phase
[4.573s][info ][gc,phases      ] GC(3) Compaction Phase 411.975ms
[4.574s][info ][gc,phases,start] GC(3) Post Compact
[4.574s][info ][gc,phases      ] GC(3) Post Compact 0.922ms
[4.577s][info ][gc,heap        ] GC(3) PSYoungGen: 84427K(1572864K)->83749K(1572864K) Eden: 0K(1048576K)->0K(1048576K) From: 84427K(524288K)->83749K(524288K)
[4.577s][info ][gc,heap        ] GC(3) ParOldGen: 5688K(6144K)->6127K(6144K)
[4.577s][info ][gc,metaspace   ] GC(3) Metaspace: 35339K(35840K)->35339K(35840K) NonClass: 30830K(31104K)->30830K(31104K) Class: 4508K(4736K)->4508K(4736K)
[4.577s][info ][gc             ] GC(3) Pause Full (Metadata GC Threshold) 88M->87M(1542M) 462.453ms
[4.577s][info ][gc,cpu         ] GC(3) User=0.97s Sys=0.02s Real=0.46s
[4.577s][info ][safepoint      ] Safepoint "CollectForMetadataAllocation", Time since last: 19029694 ns, Reaching safepoint: 2400 ns, Cleanup: 47500 ns, At safepoint: 514143039 ns, Total: 514192939 ns
[4.910s][info ][safepoint      ] Safepoint "ICBufferFull", Time since last: 333440346 ns, Reaching safepoint: 3900 ns, Cleanup: 206701 ns, At safepoint: 4400 ns, Total: 215001 ns
[5.669s][info ][safepoint      ] Safepoint "ICBufferFull", Time since last: 758861347 ns, Reaching safepoint: 3800 ns, Cleanup: 211701 ns, At safepoint: 4200 ns, Total: 219701 ns
[5.879s][info ][safepoint      ] Safepoint "ICBufferFull", Time since last: 209552835 ns, Reaching safepoint: 2200 ns, Cleanup: 159600 ns, At safepoint: 1900 ns, Total: 163700 ns
[6.004s][info ][safepoint      ] Safepoint "ICBufferFull", Time since last: 124416415 ns, Reaching safepoint: 3000 ns, Cleanup: 161601 ns, At safepoint: 8600 ns, Total: 173201 ns
[6.093s][info ][safepoint      ] Safepoint "ICBufferFull", Time since last: 81954904 ns, Reaching safepoint: 7317736 ns, Cleanup: 153601 ns, At safepoint: 8500 ns, Total: 7479837 ns
[6.093s][info ][safepoint      ] Safepoint "ICBufferFull", Time since last: 54900 ns, Reaching safepoint: 77001 ns, Cleanup: 20100 ns, At safepoint: 4300 ns, Total: 101401 ns
[6.219s][info ][safepoint      ] Safepoint "ICBufferFull", Time since last: 125292519 ns, Reaching safepoint: 3500 ns, Cleanup: 169900 ns, At safepoint: 2200 ns, Total: 175600 ns
[6.375s][info ][safepoint      ] Safepoint "ICBufferFull", Time since last: 156126671 ns, Reaching safepoint: 4000 ns, Cleanup: 173001 ns, At safepoint: 12600 ns, Total: 189601 ns
[6.594s][debug][gc,phases      ] GC(4) Pre Compact 0.021ms
[6.594s][info ][gc,start       ] GC(4) Pause Full (Metadata GC Threshold)
[6.594s][info ][gc,phases,start] GC(4) Marking Phase
[6.653s][debug][gc,phases      ] GC(4) Par Mark 59.514ms
[6.654s][debug][gc,ref         ] GC(4) Skipped phase 1 of Reference Processing: no references
[6.654s][debug][gc,ref         ] GC(4) ReferenceProcessor::execute queues: 4, RefProcThreadModel::Multi, marks_oops_alive: false
[6.655s][debug][gc,ref         ] GC(4) Skipped phase 3 of Reference Processing: no references
[6.655s][debug][gc,ref         ] GC(4) ReferenceProcessor::execute queues: 4, RefProcThreadModel::Multi, marks_oops_alive: false
[6.655s][debug][gc,phases      ] GC(4) Reference Processing 1.495ms
[6.655s][debug][gc,phases      ] GC(4)   VM Weak                        Min:  0.0, Avg:  0.0, Max:  0.0, Diff:  0.0, Sum:  0.0, Workers: 4
[6.655s][debug][gc,phases      ] GC(4)     Dead                           Min: 0, Avg:  0.0, Max: 0, Diff: 0, Sum: 0, Workers: 4
[6.655s][debug][gc,phases      ] GC(4)     Total                          Min: 0, Avg: 138.2, Max: 256, Diff: 256, Sum: 553, Workers: 4
[6.655s][debug][gc,phases      ] GC(4)   ObjectSynchronizer Weak        Min:  0.0, Avg:  0.0, Max:  0.0, Diff:  0.0, Sum:  0.0, Workers: 4
[6.655s][debug][gc,phases      ] GC(4)     Dead                           Min: 0, Avg:  0.0, Max: 0, Diff: 0, Sum: 0, Workers: 4
[6.655s][debug][gc,phases      ] GC(4)     Total                          Min: 0, Avg:  2.2, Max: 9, Diff: 9, Sum: 9, Workers: 4
[6.655s][debug][gc,phases      ] GC(4)   JVMTI Tag Weak OopStorage      Min:  0.0, Avg:  0.0, Max:  0.0, Diff:  0.0, Sum:  0.0, Workers: 4
[6.655s][debug][gc,phases      ] GC(4)     Dead                           Min: 0, Avg:  0.0, Max: 0, Diff: 0, Sum: 0, Workers: 4
[6.655s][debug][gc,phases      ] GC(4)     Total                          Min: 0, Avg:  0.0, Max: 0, Diff: 0, Sum: 0, Workers: 4
[6.655s][debug][gc,phases      ] GC(4)   StringTable Weak               Min:  0.1, Avg:  0.1, Max:  0.1, Diff:  0.0, Sum:  0.5, Workers: 4
[6.655s][debug][gc,phases      ] GC(4)     Dead                           Min: 3, Avg:  4.8, Max: 8, Diff: 5, Sum: 19, Workers: 4
[6.655s][debug][gc,phases      ] GC(4)     Total                          Min: 7680, Avg: 9020.5, Max: 9536, Diff: 1856, Sum: 36082, Workers: 4
[6.655s][debug][gc,phases      ] GC(4)   ResolvedMethodTable Weak       Min:  0.0, Avg:  0.0, Max:  0.1, Diff:  0.0, Sum:  0.2, Workers: 4
[6.655s][debug][gc,phases      ] GC(4)     Dead                           Min: 23, Avg: 46.0, Max: 71, Diff: 48, Sum: 184, Workers: 4
[6.655s][debug][gc,phases      ] GC(4)     Total                          Min: 1280, Avg: 1641.5, Max: 1984, Diff: 704, Sum: 6566, Workers: 4
[6.655s][debug][gc,phases      ] GC(4)   JNI Weak                       Min:  0.0, Avg:  0.0, Max:  0.0, Diff:  0.0, Sum:  0.0, Workers: 4
[6.655s][debug][gc,phases      ] GC(4)     Dead                           Min: 0, Avg:  0.0, Max: 0, Diff: 0, Sum: 0, Workers: 4
[6.655s][debug][gc,phases      ] GC(4)     Total                          Min: 0, Avg: 11.2, Max: 45, Diff: 45, Sum: 45, Workers: 4
[6.655s][debug][gc,phases      ] GC(4)   StringDedup Table Weak         Min:  0.0, Avg:  0.0, Max:  0.0, Diff:  0.0, Sum:  0.0, Workers: 4
[6.655s][debug][gc,phases      ] GC(4)     Dead                           Min: 0, Avg:  0.0, Max: 0, Diff: 0, Sum: 0, Workers: 4
[6.655s][debug][gc,phases      ] GC(4)     Total                          Min: 0, Avg:  0.0, Max: 0, Diff: 0, Sum: 0, Workers: 4
[6.655s][debug][gc,phases      ] GC(4)   StringDedup Requests0 Weak     Min:  0.0, Avg:  0.0, Max:  0.0, Diff:  0.0, Sum:  0.0, Workers: 4
[6.655s][debug][gc,phases      ] GC(4)     Dead                           Min: 0, Avg:  0.0, Max: 0, Diff: 0, Sum: 0, Workers: 4
[6.655s][debug][gc,phases      ] GC(4)     Total                          Min: 0, Avg:  0.0, Max: 0, Diff: 0, Sum: 0, Workers: 4
[6.655s][debug][gc,phases      ] GC(4)   StringDedup Requests1 Weak     Min:  0.0, Avg:  0.0, Max:  0.0, Diff:  0.0, Sum:  0.0, Workers: 4
[6.655s][debug][gc,phases      ] GC(4)     Dead                           Min: 0, Avg:  0.0, Max: 0, Diff: 0, Sum: 0, Workers: 4
[6.655s][debug][gc,phases      ] GC(4)     Total                          Min: 0, Avg:  0.0, Max: 0, Diff: 0, Sum: 0, Workers: 4
[6.655s][debug][gc,phases      ] GC(4)   Weak JFR Old Object Samples    Min:  0.0, Avg:  0.0, Max:  0.0, Diff:  0.0, Sum:  0.0, Workers: 4
[6.655s][debug][gc,phases      ] GC(4)     Dead                           Min: 0, Avg:  0.0, Max: 0, Diff: 0, Sum: 0, Workers: 4
[6.655s][debug][gc,phases      ] GC(4)     Total                          Min: 0, Avg:  0.0, Max: 0, Diff: 0, Sum: 0, Workers: 4
[6.655s][debug][gc,phases      ] GC(4) Weak Processing 0.355ms
[6.655s][debug][gc,phases      ] GC(4) ClassLoaderData 0.062ms
[6.655s][debug][gc,phases      ] GC(4) Trigger cleanups 0.000ms
[6.662s][debug][gc,phases      ] GC(4) Class Unloading 6.837ms
[6.662s][debug][gc,phases      ] GC(4) Report Object Count 0.001ms
[6.662s][info ][gc,phases      ] GC(4) Marking Phase 68.341ms
[6.662s][info ][gc,phases,start] GC(4) Summary Phase
[6.662s][info ][gc,phases      ] GC(4) Summary Phase 0.013ms
[6.662s][info ][gc,phases,start] GC(4) Adjust Roots
[6.670s][info ][gc,phases      ] GC(4) Adjust Roots 7.787ms
[6.670s][info ][gc,phases,start] GC(4) Compaction Phase
[6.774s][info ][gc,phases      ] GC(4) Compaction Phase 103.931ms
[6.774s][info ][gc,phases,start] GC(4) Post Compact
[6.778s][info ][gc,phases      ] GC(4) Post Compact 3.591ms
[6.778s][info ][gc,heap        ] GC(4) PSYoungGen: 485869K(1572864K)->108106K(1572864K) Eden: 402119K(1048576K)->108106K(1048576K) From: 83749K(524288K)->0K(524288K)
[6.778s][info ][gc,heap        ] GC(4) ParOldGen: 6127K(6144K)->6133K(6144K)
[6.778s][info ][gc,metaspace   ] GC(4) Metaspace: 59049K(59776K)->59049K(59776K) NonClass: 50140K(50496K)->50140K(50496K) Class: 8909K(9280K)->8909K(9280K)
[6.778s][info ][gc             ] GC(4) Pause Full (Metadata GC Threshold) 480M->111M(1542M) 183.775ms
[6.778s][info ][gc,cpu         ] GC(4) User=0.58s Sys=0.02s Real=0.18s
[6.778s][info ][safepoint      ] Safepoint "CollectForMetadataAllocation", Time since last: 218512179 ns, Reaching safepoint: 76201 ns, Cleanup: 166000 ns, At safepoint: 183890008 ns, Total: 184132209 ns
[6.967s][info ][safepoint      ] Safepoint "ICBufferFull", Time since last: 188895833 ns, Reaching safepoint: 79200 ns, Cleanup: 178901 ns, At safepoint: 11800 ns, Total: 269901 ns
[7.308s][info ][safepoint      ] Safepoint "ICBufferFull", Time since last: 340724783 ns, Reaching safepoint: 3900 ns, Cleanup: 201401 ns, At safepoint: 10200 ns, Total: 215501 ns
[7.495s][info ][safepoint      ] Safepoint "ICBufferFull", Time since last: 187197524 ns, Reaching safepoint: 76200 ns, Cleanup: 171201 ns, At safepoint: 5600 ns, Total: 253001 ns
[8.053s][info ][safepoint      ] Safepoint "ICBufferFull", Time since last: 557717338 ns, Reaching safepoint: 4500 ns, Cleanup: 179201 ns, At safepoint: 3100 ns, Total: 186801 ns
[8.333s][info ][safepoint      ] Safepoint "ICBufferFull", Time since last: 279341269 ns, Reaching safepoint: 4500 ns, Cleanup: 177801 ns, At safepoint: 11300 ns, Total: 193601 ns
[8.647s][info ][safepoint      ] Safepoint "ICBufferFull", Time since last: 313749437 ns, Reaching safepoint: 83800 ns, Cleanup: 168001 ns, At safepoint: 13800 ns, Total: 265601 ns
[8.876s][debug][gc,phases      ] GC(5) Pre Compact 0.020ms
[8.876s][info ][gc,start       ] GC(5) Pause Full (Ergonomics)
[8.876s][info ][gc,phases,start] GC(5) Marking Phase
[9.072s][debug][gc,phases      ] GC(5) Par Mark 196.188ms
[9.072s][debug][gc,ref         ] GC(5) Skipped phase 1 of Reference Processing: no references
[9.073s][debug][gc,ref         ] GC(5) ReferenceProcessor::execute queues: 4, RefProcThreadModel::Multi, marks_oops_alive: false
[9.074s][debug][gc,ref         ] GC(5) Skipped phase 3 of Reference Processing: no references
[9.074s][debug][gc,ref         ] GC(5) ReferenceProcessor::execute queues: 2, RefProcThreadModel::Multi, marks_oops_alive: false
[9.074s][debug][gc,phases      ] GC(5) Reference Processing 1.598ms
[9.074s][debug][gc,phases      ] GC(5)   VM Weak                        Min:  0.0, Avg:  0.0, Max:  0.0, Diff:  0.0, Sum:  0.0, Workers: 4
[9.074s][debug][gc,phases      ] GC(5)     Dead                           Min: 0, Avg:  0.0, Max: 0, Diff: 0, Sum: 0, Workers: 4
[9.074s][debug][gc,phases      ] GC(5)     Total                          Min: 0, Avg: 154.8, Max: 384, Diff: 384, Sum: 619, Workers: 4
[9.074s][debug][gc,phases      ] GC(5)   ObjectSynchronizer Weak        Min:  0.0, Avg:  0.0, Max:  0.0, Diff:  0.0, Sum:  0.0, Workers: 4
[9.074s][debug][gc,phases      ] GC(5)     Dead                           Min: 0, Avg:  1.2, Max: 5, Diff: 5, Sum: 5, Workers: 4
[9.074s][debug][gc,phases      ] GC(5)     Total                          Min: 0, Avg:  5.5, Max: 22, Diff: 22, Sum: 22, Workers: 4
[9.074s][debug][gc,phases      ] GC(5)   JVMTI Tag Weak OopStorage      Min:  0.0, Avg:  0.0, Max:  0.0, Diff:  0.0, Sum:  0.0, Workers: 4
[9.074s][debug][gc,phases      ] GC(5)     Dead                           Min: 0, Avg:  0.0, Max: 0, Diff: 0, Sum: 0, Workers: 4
[9.074s][debug][gc,phases      ] GC(5)     Total                          Min: 0, Avg:  0.0, Max: 0, Diff: 0, Sum: 0, Workers: 4
[9.074s][debug][gc,phases      ] GC(5)   StringTable Weak               Min:  0.0, Avg:  0.1, Max:  0.2, Diff:  0.2, Sum:  0.6, Workers: 4
[9.074s][debug][gc,phases      ] GC(5)     Dead                           Min: 0, Avg:  3.2, Max: 8, Diff: 8, Sum: 13, Workers: 4
[9.074s][debug][gc,phases      ] GC(5)     Total                          Min: 0, Avg: 9830.0, Max: 14656, Diff: 14656, Sum: 39320, Workers: 4
[9.074s][debug][gc,phases      ] GC(5)   ResolvedMethodTable Weak       Min:  0.0, Avg:  0.0, Max:  0.0, Diff:  0.0, Sum:  0.1, Workers: 4
[9.074s][debug][gc,phases      ] GC(5)     Dead                           Min: 0, Avg: 53.2, Max: 107, Diff: 107, Sum: 213, Workers: 4
[9.074s][debug][gc,phases      ] GC(5)     Total                          Min: 0, Avg: 1982.5, Max: 2944, Diff: 2944, Sum: 7930, Workers: 4
[9.074s][debug][gc,phases      ] GC(5)   JNI Weak                       Min:  0.0, Avg:  0.0, Max:  0.0, Diff:  0.0, Sum:  0.0, Workers: 4
[9.074s][debug][gc,phases      ] GC(5)     Dead                           Min: 0, Avg:  0.0, Max: 0, Diff: 0, Sum: 0, Workers: 4
[9.074s][debug][gc,phases      ] GC(5)     Total                          Min: 0, Avg: 22.5, Max: 53, Diff: 53, Sum: 90, Workers: 4
[9.074s][debug][gc,phases      ] GC(5)   StringDedup Table Weak         Min:  0.0, Avg:  0.0, Max:  0.0, Diff:  0.0, Sum:  0.0, Workers: 4
[9.074s][debug][gc,phases      ] GC(5)     Dead                           Min: 0, Avg:  0.0, Max: 0, Diff: 0, Sum: 0, Workers: 4
[9.074s][debug][gc,phases      ] GC(5)     Total                          Min: 0, Avg:  0.0, Max: 0, Diff: 0, Sum: 0, Workers: 4
[9.074s][debug][gc,phases      ] GC(5)   StringDedup Requests0 Weak     Min:  0.0, Avg:  0.0, Max:  0.0, Diff:  0.0, Sum:  0.0, Workers: 4
[9.074s][debug][gc,phases      ] GC(5)     Dead                           Min: 0, Avg:  0.0, Max: 0, Diff: 0, Sum: 0, Workers: 4
[9.074s][debug][gc,phases      ] GC(5)     Total                          Min: 0, Avg:  0.0, Max: 0, Diff: 0, Sum: 0, Workers: 4
[9.074s][debug][gc,phases      ] GC(5)   StringDedup Requests1 Weak     Min:  0.0, Avg:  0.0, Max:  0.0, Diff:  0.0, Sum:  0.0, Workers: 4
[9.074s][debug][gc,phases      ] GC(5)     Dead                           Min: 0, Avg:  0.0, Max: 0, Diff: 0, Sum: 0, Workers: 4
[9.074s][debug][gc,phases      ] GC(5)     Total                          Min: 0, Avg:  0.0, Max: 0, Diff: 0, Sum: 0, Workers: 4
[9.074s][debug][gc,phases      ] GC(5)   Weak JFR Old Object Samples    Min:  0.0, Avg:  0.0, Max:  0.0, Diff:  0.0, Sum:  0.0, Workers: 4
[9.074s][debug][gc,phases      ] GC(5)     Dead                           Min: 0, Avg:  0.0, Max: 0, Diff: 0, Sum: 0, Workers: 4
[9.074s][debug][gc,phases      ] GC(5)     Total                          Min: 0, Avg:  0.0, Max: 0, Diff: 0, Sum: 0, Workers: 4
[9.074s][debug][gc,phases      ] GC(5) Weak Processing 0.403ms
[9.075s][debug][gc,phases      ] GC(5) ClassLoaderData 0.077ms
[9.075s][debug][gc,phases      ] GC(5) Trigger cleanups 0.000ms
[9.083s][debug][gc,phases      ] GC(5) Class Unloading 8.083ms
[9.083s][debug][gc,phases      ] GC(5) Report Object Count 0.001ms
[9.083s][info ][gc,phases      ] GC(5) Marking Phase 206.414ms
[9.083s][info ][gc,phases,start] GC(5) Summary Phase
[9.083s][info ][gc,phases      ] GC(5) Summary Phase 0.022ms
[9.083s][info ][gc,phases,start] GC(5) Adjust Roots
[9.094s][info ][gc,phases      ] GC(5) Adjust Roots 11.383ms
[9.094s][info ][gc,phases,start] GC(5) Compaction Phase
[9.513s][info ][gc,phases      ] GC(5) Compaction Phase 419.341ms
[9.513s][info ][gc,phases,start] GC(5) Post Compact
[9.518s][info ][gc,phases      ] GC(5) Post Compact 4.864ms
[9.518s][info ][gc,heap        ] GC(5) PSYoungGen: 1048576K(1572864K)->346389K(1572864K) Eden: 1048576K(1048576K)->346389K(1048576K) From: 0K(524288K)->0K(524288K)
[9.518s][info ][gc,heap        ] GC(5) ParOldGen: 6133K(6144K)->6102K(18944K)
[9.518s][info ][gc,metaspace   ] GC(5) Metaspace: 69779K(70592K)->69779K(70592K) NonClass: 59336K(59776K)->59336K(59776K) Class: 10443K(10816K)->10443K(10816K)
[9.518s][info ][gc             ] GC(5) Pause Full (Ergonomics) 1029M->344M(1554M) 642.198ms
[9.518s][info ][gc,cpu         ] GC(5) User=2.20s Sys=0.05s Real=0.65s
[9.518s][info ][safepoint      ] Safepoint "ParallelGCFailedAllocation", Time since last: 229177123 ns, Reaching safepoint: 3200 ns, Cleanup: 153401 ns, At safepoint: 642302347 ns, Total: 642458948 ns
[9.853s][info ][safepoint      ] Safepoint "ICBufferFull", Time since last: 334218237 ns, Reaching safepoint: 82201 ns, Cleanup: 184901 ns, At safepoint: 12700 ns, Total: 279802 ns
[10.060s][info ][safepoint      ] Safepoint "ICBufferFull", Time since last: 206678712 ns, Reaching safepoint: 5100 ns, Cleanup: 164101 ns, At safepoint: 6600 ns, Total: 175801 ns
[10.216s][info ][safepoint      ] Safepoint "ICBufferFull", Time since last: 156400767 ns, Reaching safepoint: 73700 ns, Cleanup: 204401 ns, At safepoint: 11500 ns, Total: 289601 ns
[10.648s][info ][safepoint      ] Safepoint "ICBufferFull", Time since last: 431268913 ns, Reaching safepoint: 5100 ns, Cleanup: 240801 ns, At safepoint: 7200 ns, Total: 253101 ns
[10.971s][info ][gc,start       ] GC(6) Pause Young (Allocation Failure)
[11.317s][debug][gc,phases      ] GC(6) Scavenge 346.057ms
[11.317s][debug][gc,ref         ] GC(6) Skipped phase 1 of Reference Processing: no references
[11.317s][debug][gc,ref         ] GC(6) ReferenceProcessor::execute queues: 4, RefProcThreadModel::Multi, marks_oops_alive: false
[11.318s][debug][gc,ref         ] GC(6) Skipped phase 3 of Reference Processing: no references
[11.318s][debug][gc,ref         ] GC(6) ReferenceProcessor::execute queues: 1, RefProcThreadModel::Single, marks_oops_alive: false
[11.318s][debug][gc,phases      ] GC(6) Reference Processing 0.650ms
[11.318s][debug][gc,phases      ] GC(6)   VM Weak                        Min:  0.0, Avg:  0.0, Max:  0.0, Diff:  0.0, Sum:  0.0, Workers: 4
[11.318s][debug][gc,phases      ] GC(6)     Dead                           Min: 0, Avg:  0.0, Max: 0, Diff: 0, Sum: 0, Workers: 4
[11.318s][debug][gc,phases      ] GC(6)     Total                          Min: 0, Avg: 159.2, Max: 509, Diff: 509, Sum: 637, Workers: 4
[11.318s][debug][gc,phases      ] GC(6)   ObjectSynchronizer Weak        Min:  0.0, Avg:  0.0, Max:  0.0, Diff:  0.0, Sum:  0.0, Workers: 4
[11.318s][debug][gc,phases      ] GC(6)     Dead                           Min: 0, Avg:  0.2, Max: 1, Diff: 1, Sum: 1, Workers: 4
[11.319s][debug][gc,phases      ] GC(6)     Total                          Min: 0, Avg:  6.0, Max: 24, Diff: 24, Sum: 24, Workers: 4
[11.319s][debug][gc,phases      ] GC(6)   JVMTI Tag Weak OopStorage      Min:  0.0, Avg:  0.0, Max:  0.0, Diff:  0.0, Sum:  0.0, Workers: 4
[11.319s][debug][gc,phases      ] GC(6)     Dead                           Min: 0, Avg:  0.0, Max: 0, Diff: 0, Sum: 0, Workers: 4
[11.319s][debug][gc,phases      ] GC(6)     Total                          Min: 0, Avg:  0.0, Max: 0, Diff: 0, Sum: 0, Workers: 4
[11.319s][debug][gc,phases      ] GC(6)   StringTable Weak               Min:  0.0, Avg:  0.3, Max:  0.3, Diff:  0.3, Sum:  1.0, Workers: 4
[11.319s][debug][gc,phases      ] GC(6)     Dead                           Min: 0, Avg:  1.2, Max: 3, Diff: 3, Sum: 5, Workers: 4
[11.319s][debug][gc,phases      ] GC(6)     Total                          Min: 0, Avg: 9906.0, Max: 13960, Diff: 13960, Sum: 39624, Workers: 4
[11.319s][debug][gc,phases      ] GC(6)   ResolvedMethodTable Weak       Min:  0.0, Avg:  0.1, Max:  0.1, Diff:  0.1, Sum:  0.3, Workers: 4
[11.319s][debug][gc,phases      ] GC(6)     Dead                           Min: 0, Avg:  9.0, Max: 25, Diff: 25, Sum: 36, Workers: 4
[11.319s][debug][gc,phases      ] GC(6)     Total                          Min: 0, Avg: 2042.8, Max: 2944, Diff: 2944, Sum: 8171, Workers: 4
[11.319s][debug][gc,phases      ] GC(6)   JNI Weak                       Min:  0.0, Avg:  0.0, Max:  0.0, Diff:  0.0, Sum:  0.0, Workers: 4
[11.319s][debug][gc,phases      ] GC(6)     Dead                           Min: 0, Avg:  0.0, Max: 0, Diff: 0, Sum: 0, Workers: 4
[11.319s][debug][gc,phases      ] GC(6)     Total                          Min: 0, Avg: 16.0, Max: 46, Diff: 46, Sum: 64, Workers: 4
[11.319s][debug][gc,phases      ] GC(6)   StringDedup Table Weak         Min:  0.0, Avg:  0.0, Max:  0.0, Diff:  0.0, Sum:  0.0, Workers: 4
[11.319s][debug][gc,phases      ] GC(6)     Dead                           Min: 0, Avg:  0.0, Max: 0, Diff: 0, Sum: 0, Workers: 4
[11.319s][debug][gc,phases      ] GC(6)     Total                          Min: 0, Avg:  0.0, Max: 0, Diff: 0, Sum: 0, Workers: 4
[11.319s][debug][gc,phases      ] GC(6)   StringDedup Requests0 Weak     Min:  0.0, Avg:  0.0, Max:  0.0, Diff:  0.0, Sum:  0.0, Workers: 4
[11.319s][debug][gc,phases      ] GC(6)     Dead                           Min: 0, Avg:  0.0, Max: 0, Diff: 0, Sum: 0, Workers: 4
[11.319s][debug][gc,phases      ] GC(6)     Total                          Min: 0, Avg:  0.0, Max: 0, Diff: 0, Sum: 0, Workers: 4
[11.319s][debug][gc,phases      ] GC(6)   StringDedup Requests1 Weak     Min:  0.0, Avg:  0.0, Max:  0.0, Diff:  0.0, Sum:  0.0, Workers: 4
[11.319s][debug][gc,phases      ] GC(6)     Dead                           Min: 0, Avg:  0.0, Max: 0, Diff: 0, Sum: 0, Workers: 4
[11.319s][debug][gc,phases      ] GC(6)     Total                          Min: 0, Avg:  0.0, Max: 0, Diff: 0, Sum: 0, Workers: 4
[11.319s][debug][gc,phases      ] GC(6)   Weak JFR Old Object Samples    Min:  0.0, Avg:  0.0, Max:  0.0, Diff:  0.0, Sum:  0.0, Workers: 4
[11.319s][debug][gc,phases      ] GC(6)     Dead                           Min: 0, Avg:  0.0, Max: 0, Diff: 0, Sum: 0, Workers: 4
[11.319s][debug][gc,phases      ] GC(6)     Total                          Min: 0, Avg:  0.0, Max: 0, Diff: 0, Sum: 0, Workers: 4
[11.319s][debug][gc,phases      ] GC(6) Weak Processing 0.623ms
[11.319s][debug][gc,age         ] GC(6) Desired survivor size 536870912 bytes, new threshold 7 (max threshold 15)
[11.319s][info ][gc,heap        ] GC(6) PSYoungGen: 1048576K(1572864K)->494654K(1572864K) Eden: 1048576K(1048576K)->0K(1048576K) From: 0K(524288K)->494654K(524288K)
[11.319s][info ][gc,heap        ] GC(6) ParOldGen: 6102K(18944K)->6163K(18944K)
[11.319s][info ][gc,metaspace   ] GC(6) Metaspace: 70962K(71744K)->70962K(71744K) NonClass: 60374K(60800K)->60374K(60800K) Class: 10588K(10944K)->10588K(10944K)
[11.319s][info ][gc             ] GC(6) Pause Young (Allocation Failure) 1029M->489M(1554M) 347.458ms
[11.319s][info ][gc,cpu         ] GC(6) User=0.93s Sys=0.12s Real=0.35s
[11.319s][info ][safepoint      ] Safepoint "ParallelGCFailedAllocation", Time since last: 323143283 ns, Reaching safepoint: 4300 ns, Cleanup: 98401 ns, At safepoint: 347526303 ns, Total: 347629004 ns
[11.896s][info ][safepoint      ] Safepoint "ICBufferFull", Time since last: 577445329 ns, Reaching safepoint: 4700 ns, Cleanup: 207701 ns, At safepoint: 3900 ns, Total: 216301 ns
[12.364s][info ][safepoint      ] Safepoint "ICBufferFull", Time since last: 467915392 ns, Reaching safepoint: 73901 ns, Cleanup: 142000 ns, At safepoint: 12200 ns, Total: 228101 ns
[12.661s][info ][safepoint      ] Safepoint "ICBufferFull", Time since last: 296022551 ns, Reaching safepoint: 72900 ns, Cleanup: 184201 ns, At safepoint: 10600 ns, Total: 267701 ns
[12.749s][info ][safepoint      ] Safepoint "ICBufferFull", Time since last: 87571529 ns, Reaching safepoint: 4600 ns, Cleanup: 186701 ns, At safepoint: 2700 ns, Total: 194001 ns
[13.027s][info ][safepoint      ] Safepoint "ICBufferFull", Time since last: 278122163 ns, Reaching safepoint: 146001 ns, Cleanup: 210801 ns, At safepoint: 21000 ns, Total: 377802 ns
[13.430s][info ][safepoint      ] Safepoint "ICBufferFull", Time since last: 403151075 ns, Reaching safepoint: 73300 ns, Cleanup: 186201 ns, At safepoint: 14600 ns, Total: 274101 ns
[14.431s][info ][safepoint      ] Safepoint "Cleanup", Time since last: 1000116900 ns, Reaching safepoint: 3500 ns, Cleanup: 136901 ns, At safepoint: 4400 ns, Total: 144801 ns
[15.431s][info ][safepoint      ] Safepoint "Cleanup", Time since last: 1000112200 ns, Reaching safepoint: 5200 ns, Cleanup: 97700 ns, At safepoint: 2600 ns, Total: 105500 ns
[16.108s][info ][safepoint      ] Safepoint "ICBufferFull", Time since last: 676657554 ns, Reaching safepoint: 3800 ns, Cleanup: 211001 ns, At safepoint: 7700 ns, Total: 222501 ns
[16.150s][info ][safepoint      ] Safepoint "ICBufferFull", Time since last: 41897509 ns, Reaching safepoint: 84900 ns, Cleanup: 214001 ns, At safepoint: 15000 ns, Total: 313901 ns
[16.458s][info ][safepoint      ] Safepoint "ICBufferFull", Time since last: 307324132 ns, Reaching safepoint: 84300 ns, Cleanup: 191201 ns, At safepoint: 8900 ns, Total: 284401 ns
[16.552s][info ][safepoint      ] Safepoint "ICBufferFull", Time since last: 94554271 ns, Reaching safepoint: 81101 ns, Cleanup: 180701 ns, At safepoint: 8400 ns, Total: 270202 ns
[16.553s][info ][safepoint      ] Safepoint "ICBufferFull", Time since last: 69500 ns, Reaching safepoint: 74200 ns, Cleanup: 16200 ns, At safepoint: 9300 ns, Total: 99700 ns
[16.655s][info ][safepoint      ] Safepoint "ICBufferFull", Time since last: 102409811 ns, Reaching safepoint: 79800 ns, Cleanup: 193101 ns, At safepoint: 12200 ns, Total: 285101 ns
[16.827s][info ][safepoint      ] Safepoint "ICBufferFull", Time since last: 171009752 ns, Reaching safepoint: 3600 ns, Cleanup: 163401 ns, At safepoint: 6100 ns, Total: 173101 ns
[17.056s][info ][safepoint      ] Safepoint "ICBufferFull", Time since last: 228834940 ns, Reaching safepoint: 73701 ns, Cleanup: 166001 ns, At safepoint: 12000 ns, Total: 251702 ns
[17.391s][info ][safepoint      ] Safepoint "ICBufferFull", Time since last: 334707867 ns, Reaching safepoint: 84101 ns, Cleanup: 225101 ns, At safepoint: 6300 ns, Total: 315502 ns
[17.506s][info ][gc,start       ] GC(7) Pause Young (Allocation Failure)
[17.629s][debug][gc,phases      ] GC(7) Scavenge 122.886ms
[17.629s][debug][gc,ref         ] GC(7) Skipped phase 1 of Reference Processing: no references
[17.629s][debug][gc,ref         ] GC(7) ReferenceProcessor::execute queues: 4, RefProcThreadModel::Multi, marks_oops_alive: false
[17.629s][debug][gc,ref         ] GC(7) ReferenceProcessor::execute queues: 4, RefProcThreadModel::Multi, marks_oops_alive: true
[17.629s][debug][gc,ref         ] GC(7) ReferenceProcessor::execute queues: 1, RefProcThreadModel::Single, marks_oops_alive: false
[17.629s][debug][gc,phases      ] GC(7) Reference Processing 0.770ms
[17.630s][debug][gc,phases      ] GC(7)   VM Weak                        Min:  0.0, Avg:  0.0, Max:  0.0, Diff:  0.0, Sum:  0.0, Workers: 4
[17.630s][debug][gc,phases      ] GC(7)     Dead                           Min: 0, Avg:  0.0, Max: 0, Diff: 0, Sum: 0, Workers: 4
[17.630s][debug][gc,phases      ] GC(7)     Total                          Min: 0, Avg: 171.5, Max: 384, Diff: 384, Sum: 686, Workers: 4
[17.630s][debug][gc,phases      ] GC(7)   ObjectSynchronizer Weak        Min:  0.0, Avg:  0.0, Max:  0.0, Diff:  0.0, Sum:  0.0, Workers: 4
[17.630s][debug][gc,phases      ] GC(7)     Dead                           Min: 0, Avg:  0.2, Max: 1, Diff: 1, Sum: 1, Workers: 4
[17.630s][debug][gc,phases      ] GC(7)     Total                          Min: 0, Avg:  6.8, Max: 27, Diff: 27, Sum: 27, Workers: 4
[17.630s][debug][gc,phases      ] GC(7)   JVMTI Tag Weak OopStorage      Min:  0.0, Avg:  0.0, Max:  0.0, Diff:  0.0, Sum:  0.0, Workers: 4
[17.630s][debug][gc,phases      ] GC(7)     Dead                           Min: 0, Avg:  0.0, Max: 0, Diff: 0, Sum: 0, Workers: 4
[17.630s][debug][gc,phases      ] GC(7)     Total                          Min: 0, Avg:  0.0, Max: 0, Diff: 0, Sum: 0, Workers: 4
[17.630s][debug][gc,phases      ] GC(7)   StringTable Weak               Min:  0.3, Avg:  0.3, Max:  0.3, Diff:  0.0, Sum:  1.3, Workers: 4
[17.630s][debug][gc,phases      ] GC(7)     Dead                           Min: 0, Avg:  2.8, Max: 7, Diff: 7, Sum: 11, Workers: 4
[17.630s][debug][gc,phases      ] GC(7)     Total                          Min: 9728, Avg: 10405.8, Max: 11223, Diff: 1495, Sum: 41623, Workers: 4
[17.630s][debug][gc,phases      ] GC(7)   ResolvedMethodTable Weak       Min:  0.1, Avg:  0.1, Max:  0.1, Diff:  0.0, Sum:  0.3, Workers: 4
[17.630s][debug][gc,phases      ] GC(7)     Dead                           Min: 24, Avg: 44.5, Max: 58, Diff: 34, Sum: 178, Workers: 4
[17.630s][debug][gc,phases      ] GC(7)     Total                          Min: 1408, Avg: 2322.2, Max: 2816, Diff: 1408, Sum: 9289, Workers: 4
[17.630s][debug][gc,phases      ] GC(7)   JNI Weak                       Min:  0.0, Avg:  0.0, Max:  0.0, Diff:  0.0, Sum:  0.0, Workers: 4
[17.630s][debug][gc,phases      ] GC(7)     Dead                           Min: 0, Avg:  0.0, Max: 0, Diff: 0, Sum: 0, Workers: 4
[17.630s][debug][gc,phases      ] GC(7)     Total                          Min: 0, Avg: 23.5, Max: 49, Diff: 49, Sum: 94, Workers: 4
[17.630s][debug][gc,phases      ] GC(7)   StringDedup Table Weak         Min:  0.0, Avg:  0.0, Max:  0.0, Diff:  0.0, Sum:  0.0, Workers: 4
[17.630s][debug][gc,phases      ] GC(7)     Dead                           Min: 0, Avg:  0.0, Max: 0, Diff: 0, Sum: 0, Workers: 4
[17.630s][debug][gc,phases      ] GC(7)     Total                          Min: 0, Avg:  0.0, Max: 0, Diff: 0, Sum: 0, Workers: 4
[17.630s][debug][gc,phases      ] GC(7)   StringDedup Requests0 Weak     Min:  0.0, Avg:  0.0, Max:  0.0, Diff:  0.0, Sum:  0.0, Workers: 4
[17.630s][debug][gc,phases      ] GC(7)     Dead                           Min: 0, Avg:  0.0, Max: 0, Diff: 0, Sum: 0, Workers: 4
[17.630s][debug][gc,phases      ] GC(7)     Total                          Min: 0, Avg:  0.0, Max: 0, Diff: 0, Sum: 0, Workers: 4
[17.630s][debug][gc,phases      ] GC(7)   StringDedup Requests1 Weak     Min:  0.0, Avg:  0.0, Max:  0.0, Diff:  0.0, Sum:  0.0, Workers: 4
[17.630s][debug][gc,phases      ] GC(7)     Dead                           Min: 0, Avg:  0.0, Max: 0, Diff: 0, Sum: 0, Workers: 4
[17.630s][debug][gc,phases      ] GC(7)     Total                          Min: 0, Avg:  0.0, Max: 0, Diff: 0, Sum: 0, Workers: 4
[17.630s][debug][gc,phases      ] GC(7)   Weak JFR Old Object Samples    Min:  0.0, Avg:  0.0, Max:  0.0, Diff:  0.0, Sum:  0.0, Workers: 4
[17.630s][debug][gc,phases      ] GC(7)     Dead                           Min: 0, Avg:  0.0, Max: 0, Diff: 0, Sum: 0, Workers: 4
[17.630s][debug][gc,phases      ] GC(7)     Total                          Min: 0, Avg:  0.0, Max: 0, Diff: 0, Sum: 0, Workers: 4
[17.630s][debug][gc,phases      ] GC(7) Weak Processing 0.566ms
[17.630s][debug][gc,age         ] GC(7) Desired survivor size 536870912 bytes, new threshold 7 (max threshold 15)
[17.630s][info ][gc,heap        ] GC(7) PSYoungGen: 1543230K(1572864K)->228323K(1572864K) Eden: 1048576K(1048576K)->0K(1048576K) From: 494654K(524288K)->228323K(524288K)
[17.630s][info ][gc,heap        ] GC(7) ParOldGen: 6163K(18944K)->6187K(18944K)
[17.630s][info ][gc,metaspace   ] GC(7) Metaspace: 78210K(79104K)->78210K(79104K) NonClass: 66589K(67072K)->66589K(67072K) Class: 11620K(12032K)->11620K(12032K)
[17.630s][info ][gc             ] GC(7) Pause Young (Allocation Failure) 1513M->229M(1554M) 124.365ms
[17.630s][info ][gc,cpu         ] GC(7) User=0.29s Sys=0.10s Real=0.13s
[17.630s][info ][safepoint      ] Safepoint "ParallelGCFailedAllocation", Time since last: 114905372 ns, Reaching safepoint: 5501 ns, Cleanup: 149900 ns, At safepoint: 124447620 ns, Total: 124603021 ns
[18.273s][info ][safepoint      ] Safepoint "ICBufferFull", Time since last: 642086400 ns, Reaching safepoint: 78500 ns, Cleanup: 211101 ns, At safepoint: 14200 ns, Total: 303801 ns
[18.905s][info ][safepoint      ] Safepoint "ICBufferFull", Time since last: 632588952 ns, Reaching safepoint: 5300 ns, Cleanup: 186001 ns, At safepoint: 10400 ns, Total: 201701 ns
[19.723s][info ][safepoint      ] Safepoint "ICBufferFull", Time since last: 817151672 ns, Reaching safepoint: 84700 ns, Cleanup: 162001 ns, At safepoint: 17200 ns, Total: 263901 ns
[20.532s][info ][safepoint      ] Safepoint "ICBufferFull", Time since last: 808542129 ns, Reaching safepoint: 5100 ns, Cleanup: 221701 ns, At safepoint: 6800 ns, Total: 233601 ns
[21.532s][info ][safepoint      ] Safepoint "Cleanup", Time since last: 1000111383 ns, Reaching safepoint: 4500 ns, Cleanup: 96101 ns, At safepoint: 6400 ns, Total: 107001 ns
[22.532s][info ][safepoint      ] Safepoint "Cleanup", Time since last: 1000190784 ns, Reaching safepoint: 74200 ns, Cleanup: 78200 ns, At safepoint: 9900 ns, Total: 162300 ns
[23.532s][info ][safepoint      ] Safepoint "Cleanup", Time since last: 1000067483 ns, Reaching safepoint: 4300 ns, Cleanup: 107901 ns, At safepoint: 2300 ns, Total: 114501 ns
[24.532s][info ][safepoint      ] Safepoint "Cleanup", Time since last: 1000108700 ns, Reaching safepoint: 4400 ns, Cleanup: 95100 ns, At safepoint: 7200 ns, Total: 106700 ns
[24.574s][info ][gc,start       ] GC(8) Pause Young (Allocation Failure)
[24.659s][debug][gc,phases      ] GC(8) Scavenge 84.933ms
[24.659s][debug][gc,ref         ] GC(8) Skipped phase 1 of Reference Processing: no references
[24.659s][debug][gc,ref         ] GC(8) ReferenceProcessor::execute queues: 4, RefProcThreadModel::Multi, marks_oops_alive: false
[24.660s][debug][gc,ref         ] GC(8) Skipped phase 3 of Reference Processing: no references
[24.660s][debug][gc,ref         ] GC(8) ReferenceProcessor::execute queues: 1, RefProcThreadModel::Single, marks_oops_alive: false
[24.660s][debug][gc,phases      ] GC(8) Reference Processing 0.712ms
[24.660s][debug][gc,phases      ] GC(8)   VM Weak                        Min:  0.0, Avg:  0.0, Max:  0.0, Diff:  0.0, Sum:  0.0, Workers: 4
[24.660s][debug][gc,phases      ] GC(8)     Dead                           Min: 0, Avg:  0.0, Max: 0, Diff: 0, Sum: 0, Workers: 4
[24.660s][debug][gc,phases      ] GC(8)     Total                          Min: 46, Avg: 171.5, Max: 448, Diff: 402, Sum: 686, Workers: 4
[24.660s][debug][gc,phases      ] GC(8)   ObjectSynchronizer Weak        Min:  0.0, Avg:  0.0, Max:  0.0, Diff:  0.0, Sum:  0.0, Workers: 4
[24.660s][debug][gc,phases      ] GC(8)     Dead                           Min: 0, Avg:  0.0, Max: 0, Diff: 0, Sum: 0, Workers: 4
[24.660s][debug][gc,phases      ] GC(8)     Total                          Min: 0, Avg:  6.8, Max: 27, Diff: 27, Sum: 27, Workers: 4
[24.660s][debug][gc,phases      ] GC(8)   JVMTI Tag Weak OopStorage      Min:  0.0, Avg:  0.0, Max:  0.0, Diff:  0.0, Sum:  0.0, Workers: 4
[24.660s][debug][gc,phases      ] GC(8)     Dead                           Min: 0, Avg:  0.0, Max: 0, Diff: 0, Sum: 0, Workers: 4
[24.660s][debug][gc,phases      ] GC(8)     Total                          Min: 0, Avg:  0.0, Max: 0, Diff: 0, Sum: 0, Workers: 4
[24.660s][debug][gc,phases      ] GC(8)   StringTable Weak               Min:  0.3, Avg:  0.3, Max:  0.3, Diff:  0.0, Sum:  1.1, Workers: 4
[24.660s][debug][gc,phases      ] GC(8)     Dead                           Min: 0, Avg:  1.2, Max: 4, Diff: 4, Sum: 5, Workers: 4
[24.660s][debug][gc,phases      ] GC(8)     Total                          Min: 9536, Avg: 10496.2, Max: 11329, Diff: 1793, Sum: 41985, Workers: 4
[24.660s][debug][gc,phases      ] GC(8)   ResolvedMethodTable Weak       Min:  0.1, Avg:  0.1, Max:  0.1, Diff:  0.0, Sum:  0.3, Workers: 4
[24.660s][debug][gc,phases      ] GC(8)     Dead                           Min: 0, Avg:  5.8, Max: 23, Diff: 23, Sum: 23, Workers: 4
[24.660s][debug][gc,phases      ] GC(8)     Total                          Min: 2209, Avg: 2253.2, Max: 2331, Diff: 122, Sum: 9013, Workers: 4
[24.660s][debug][gc,phases      ] GC(8)   JNI Weak                       Min:  0.0, Avg:  0.0, Max:  0.0, Diff:  0.0, Sum:  0.0, Workers: 4
[24.660s][debug][gc,phases      ] GC(8)     Dead                           Min: 0, Avg:  0.0, Max: 0, Diff: 0, Sum: 0, Workers: 4
[24.660s][debug][gc,phases      ] GC(8)     Total                          Min: 0, Avg: 11.2, Max: 45, Diff: 45, Sum: 45, Workers: 4
[24.660s][debug][gc,phases      ] GC(8)   StringDedup Table Weak         Min:  0.0, Avg:  0.0, Max:  0.0, Diff:  0.0, Sum:  0.0, Workers: 4
[24.660s][debug][gc,phases      ] GC(8)     Dead                           Min: 0, Avg:  0.0, Max: 0, Diff: 0, Sum: 0, Workers: 4
[24.660s][debug][gc,phases      ] GC(8)     Total                          Min: 0, Avg:  0.0, Max: 0, Diff: 0, Sum: 0, Workers: 4
[24.660s][debug][gc,phases      ] GC(8)   StringDedup Requests0 Weak     Min:  0.0, Avg:  0.0, Max:  0.0, Diff:  0.0, Sum:  0.0, Workers: 4
[24.660s][debug][gc,phases      ] GC(8)     Dead                           Min: 0, Avg:  0.0, Max: 0, Diff: 0, Sum: 0, Workers: 4
[24.660s][debug][gc,phases      ] GC(8)     Total                          Min: 0, Avg:  0.0, Max: 0, Diff: 0, Sum: 0, Workers: 4
[24.660s][debug][gc,phases      ] GC(8)   StringDedup Requests1 Weak     Min:  0.0, Avg:  0.0, Max:  0.0, Diff:  0.0, Sum:  0.0, Workers: 4
[24.660s][debug][gc,phases      ] GC(8)     Dead                           Min: 0, Avg:  0.0, Max: 0, Diff: 0, Sum: 0, Workers: 4
[24.660s][debug][gc,phases      ] GC(8)     Total                          Min: 0, Avg:  0.0, Max: 0, Diff: 0, Sum: 0, Workers: 4
[24.660s][debug][gc,phases      ] GC(8)   Weak JFR Old Object Samples    Min:  0.0, Avg:  0.0, Max:  0.0, Diff:  0.0, Sum:  0.0, Workers: 4
[24.660s][debug][gc,phases      ] GC(8)     Dead                           Min: 0, Avg:  0.0, Max: 0, Diff: 0, Sum: 0, Workers: 4
[24.660s][debug][gc,phases      ] GC(8)     Total                          Min: 0, Avg:  0.0, Max: 0, Diff: 0, Sum: 0, Workers: 4
[24.660s][debug][gc,phases      ] GC(8) Weak Processing 0.551ms
[24.660s][debug][gc,age         ] GC(8) Desired survivor size 433586176 bytes, new threshold 8 (max threshold 15)
[24.660s][info ][gc,heap        ] GC(8) PSYoungGen: 1276899K(1572864K)->228188K(1673728K) Eden: 1048576K(1048576K)->0K(1149440K) From: 228323K(524288K)->228188K(524288K)
[24.660s][info ][gc,heap        ] GC(8) ParOldGen: 6187K(18944K)->6195K(18944K)
[24.660s][info ][gc,metaspace   ] GC(8) Metaspace: 78927K(79808K)->78927K(79808K) NonClass: 67279K(67712K)->67279K(67712K) Class: 11648K(12096K)->11648K(12096K)
[24.660s][info ][gc             ] GC(8) Pause Young (Allocation Failure) 1253M->228M(1653M) 86.312ms
[24.660s][info ][gc,cpu         ] GC(8) User=0.30s Sys=0.00s Real=0.09s
[24.660s][info ][safepoint      ] Safepoint "ParallelGCFailedAllocation", Time since last: 41399807 ns, Reaching safepoint: 2900 ns, Cleanup: 45100 ns, At safepoint: 86393433 ns, Total: 86441433 ns
[25.332s][info ][safepoint      ] Safepoint "ICBufferFull", Time since last: 671149156 ns, Reaching safepoint: 19700 ns, Cleanup: 203601 ns, At safepoint: 5400 ns, Total: 228701 ns
[26.332s][info ][safepoint      ] Safepoint "Cleanup", Time since last: 1000105002 ns, Reaching safepoint: 3900 ns, Cleanup: 161401 ns, At safepoint: 5000 ns, Total: 170301 ns
[27.332s][info ][safepoint      ] Safepoint "Cleanup", Time since last: 1000102202 ns, Reaching safepoint: 4800 ns, Cleanup: 52601 ns, At safepoint: 2300 ns, Total: 59701 ns
[28.332s][info ][safepoint      ] Safepoint "Cleanup", Time since last: 1000091401 ns, Reaching safepoint: 3600 ns, Cleanup: 78401 ns, At safepoint: 1900 ns, Total: 83901 ns
[29.332s][info ][safepoint      ] Safepoint "Cleanup", Time since last: 1000098202 ns, Reaching safepoint: 3700 ns, Cleanup: 64300 ns, At safepoint: 2900 ns, Total: 70900 ns
[30.333s][info ][safepoint      ] Safepoint "Cleanup", Time since last: 1000097802 ns, Reaching safepoint: 5100 ns, Cleanup: 100401 ns, At safepoint: 12800 ns, Total: 118301 ns
[31.333s][info ][safepoint      ] Safepoint "Cleanup", Time since last: 1000103802 ns, Reaching safepoint: 5100 ns, Cleanup: 81600 ns, At safepoint: 2700 ns, Total: 89400 ns
[32.333s][info ][safepoint      ] Safepoint "Cleanup", Time since last: 1000120650 ns, Reaching safepoint: 73200 ns, Cleanup: 63501 ns, At safepoint: 6300 ns, Total: 143001 ns
[33.333s][info ][safepoint      ] Safepoint "Cleanup", Time since last: 1000095223 ns, Reaching safepoint: 4200 ns, Cleanup: 57601 ns, At safepoint: 2200 ns, Total: 64001 ns
[33.375s][info ][gc,start       ] GC(9) Pause Young (Allocation Failure)
[33.466s][debug][gc,phases      ] GC(9) Scavenge 91.625ms
[33.466s][debug][gc,ref         ] GC(9) Skipped phase 1 of Reference Processing: no references
[33.466s][debug][gc,ref         ] GC(9) ReferenceProcessor::execute queues: 4, RefProcThreadModel::Multi, marks_oops_alive: false
[33.467s][debug][gc,ref         ] GC(9) ReferenceProcessor::execute queues: 4, RefProcThreadModel::Multi, marks_oops_alive: true
[33.467s][debug][gc,ref         ] GC(9) ReferenceProcessor::execute queues: 1, RefProcThreadModel::Single, marks_oops_alive: false
[33.467s][debug][gc,phases      ] GC(9) Reference Processing 1.042ms
[33.468s][debug][gc,phases      ] GC(9)   VM Weak                        Min:  0.0, Avg:  0.0, Max:  0.0, Diff:  0.0, Sum:  0.0, Workers: 4
[33.468s][debug][gc,phases      ] GC(9)     Dead                           Min: 0, Avg:  0.0, Max: 0, Diff: 0, Sum: 0, Workers: 4
[33.468s][debug][gc,phases      ] GC(9)     Total                          Min: 0, Avg: 171.5, Max: 320, Diff: 320, Sum: 686, Workers: 4
[33.468s][debug][gc,phases      ] GC(9)   ObjectSynchronizer Weak        Min:  0.0, Avg:  0.0, Max:  0.0, Diff:  0.0, Sum:  0.0, Workers: 4
[33.468s][debug][gc,phases      ] GC(9)     Dead                           Min: 0, Avg:  0.0, Max: 0, Diff: 0, Sum: 0, Workers: 4
[33.468s][debug][gc,phases      ] GC(9)     Total                          Min: 0, Avg:  6.8, Max: 27, Diff: 27, Sum: 27, Workers: 4
[33.468s][debug][gc,phases      ] GC(9)   JVMTI Tag Weak OopStorage      Min:  0.0, Avg:  0.0, Max:  0.0, Diff:  0.0, Sum:  0.0, Workers: 4
[33.468s][debug][gc,phases      ] GC(9)     Dead                           Min: 0, Avg:  0.0, Max: 0, Diff: 0, Sum: 0, Workers: 4
[33.468s][debug][gc,phases      ] GC(9)     Total                          Min: 0, Avg:  0.0, Max: 0, Diff: 0, Sum: 0, Workers: 4
[33.468s][debug][gc,phases      ] GC(9)   StringTable Weak               Min:  0.0, Avg:  0.3, Max:  0.3, Diff:  0.3, Sum:  1.0, Workers: 4
[33.468s][debug][gc,phases      ] GC(9)     Dead                           Min: 0, Avg:  0.2, Max: 1, Diff: 1, Sum: 1, Workers: 4
[33.468s][debug][gc,phases      ] GC(9)     Total                          Min: 0, Avg: 10526.0, Max: 18552, Diff: 18552, Sum: 42104, Workers: 4
[33.468s][debug][gc,phases      ] GC(9)   ResolvedMethodTable Weak       Min:  0.0, Avg:  0.1, Max:  0.1, Diff:  0.1, Sum:  0.3, Workers: 4
[33.468s][debug][gc,phases      ] GC(9)     Dead                           Min: 0, Avg:  0.0, Max: 0, Diff: 0, Sum: 0, Workers: 4
[33.468s][debug][gc,phases      ] GC(9)     Total                          Min: 0, Avg: 2255.0, Max: 4113, Diff: 4113, Sum: 9020, Workers: 4
[33.468s][debug][gc,phases      ] GC(9)   JNI Weak                       Min:  0.0, Avg:  0.0, Max:  0.0, Diff:  0.0, Sum:  0.0, Workers: 4
[33.468s][debug][gc,phases      ] GC(9)     Dead                           Min: 0, Avg:  0.0, Max: 0, Diff: 0, Sum: 0, Workers: 4
[33.468s][debug][gc,phases      ] GC(9)     Total                          Min: 0, Avg: 11.2, Max: 45, Diff: 45, Sum: 45, Workers: 4
[33.468s][debug][gc,phases      ] GC(9)   StringDedup Table Weak         Min:  0.0, Avg:  0.0, Max:  0.0, Diff:  0.0, Sum:  0.0, Workers: 4
[33.468s][debug][gc,phases      ] GC(9)     Dead                           Min: 0, Avg:  0.0, Max: 0, Diff: 0, Sum: 0, Workers: 4
[33.468s][debug][gc,phases      ] GC(9)     Total                          Min: 0, Avg:  0.0, Max: 0, Diff: 0, Sum: 0, Workers: 4
[33.468s][debug][gc,phases      ] GC(9)   StringDedup Requests0 Weak     Min:  0.0, Avg:  0.0, Max:  0.0, Diff:  0.0, Sum:  0.0, Workers: 4
[33.468s][debug][gc,phases      ] GC(9)     Dead                           Min: 0, Avg:  0.0, Max: 0, Diff: 0, Sum: 0, Workers: 4
[33.468s][debug][gc,phases      ] GC(9)     Total                          Min: 0, Avg:  0.0, Max: 0, Diff: 0, Sum: 0, Workers: 4
[33.468s][debug][gc,phases      ] GC(9)   StringDedup Requests1 Weak     Min:  0.0, Avg:  0.0, Max:  0.0, Diff:  0.0, Sum:  0.0, Workers: 4
[33.468s][debug][gc,phases      ] GC(9)     Dead                           Min: 0, Avg:  0.0, Max: 0, Diff: 0, Sum: 0, Workers: 4
[33.468s][debug][gc,phases      ] GC(9)     Total                          Min: 0, Avg:  0.0, Max: 0, Diff: 0, Sum: 0, Workers: 4
[33.468s][debug][gc,phases      ] GC(9)   Weak JFR Old Object Samples    Min:  0.0, Avg:  0.0, Max:  0.0, Diff:  0.0, Sum:  0.0, Workers: 4
[33.468s][debug][gc,phases      ] GC(9)     Dead                           Min: 0, Avg:  0.0, Max: 0, Diff: 0, Sum: 0, Workers: 4
[33.468s][debug][gc,phases      ] GC(9)     Total                          Min: 0, Avg:  0.0, Max: 0, Diff: 0, Sum: 0, Workers: 4
[33.468s][debug][gc,phases      ] GC(9) Weak Processing 0.618ms
[33.468s][debug][gc,age         ] GC(9) Desired survivor size 408420352 bytes, new threshold 9 (max threshold 15)
[33.468s][info ][gc,heap        ] GC(9) PSYoungGen: 1377628K(1673728K)->228044K(1572864K) Eden: 1149440K(1149440K)->0K(1149440K) From: 228188K(524288K)->228044K(423424K)
[33.468s][info ][gc,heap        ] GC(9) ParOldGen: 6195K(18944K)->6203K(18944K)
[33.468s][info ][gc,metaspace   ] GC(9) Metaspace: 79185K(80128K)->79185K(80128K) NonClass: 67533K(68032K)->67533K(68032K) Class: 11652K(12096K)->11652K(12096K)
[33.468s][info ][gc             ] GC(9) Pause Young (Allocation Failure) 1351M->228M(1554M) 93.398ms
[33.468s][info ][gc,cpu         ] GC(9) User=0.30s Sys=0.03s Real=0.09s
[33.468s][info ][safepoint      ] Safepoint "ParallelGCFailedAllocation", Time since last: 41119302 ns, Reaching safepoint: 3600 ns, Cleanup: 46000 ns, At safepoint: 93466061 ns, Total: 93515661 ns
[34.468s][info ][safepoint      ] Safepoint "Cleanup", Time since last: 1000077623 ns, Reaching safepoint: 4300 ns, Cleanup: 64601 ns, At safepoint: 3100 ns, Total: 72001 ns
[35.468s][info ][safepoint      ] Safepoint "Cleanup", Time since last: 1000099724 ns, Reaching safepoint: 4900 ns, Cleanup: 52000 ns, At safepoint: 2200 ns, Total: 59100 ns
[36.468s][info ][safepoint      ] Safepoint "Cleanup", Time since last: 1000105224 ns, Reaching safepoint: 7200 ns, Cleanup: 89100 ns, At safepoint: 2400 ns, Total: 98700 ns
[37.469s][info ][safepoint      ] Safepoint "Cleanup", Time since last: 1000106024 ns, Reaching safepoint: 6000 ns, Cleanup: 59201 ns, At safepoint: 2700 ns, Total: 67901 ns
[38.469s][info ][safepoint      ] Safepoint "Cleanup", Time since last: 1000152424 ns, Reaching safepoint: 7100 ns, Cleanup: 58800 ns, At safepoint: 11100 ns, Total: 77000 ns
[39.469s][info ][safepoint      ] Safepoint "Cleanup", Time since last: 1000128624 ns, Reaching safepoint: 4300 ns, Cleanup: 49400 ns, At safepoint: 4500 ns, Total: 58200 ns
[40.469s][info ][safepoint      ] Safepoint "Cleanup", Time since last: 1000104513 ns, Reaching safepoint: 5100 ns, Cleanup: 82601 ns, At safepoint: 6700 ns, Total: 94401 ns
[41.469s][info ][safepoint      ] Safepoint "Cleanup", Time since last: 1000109510 ns, Reaching safepoint: 5700 ns, Cleanup: 58900 ns, At safepoint: 3000 ns, Total: 67600 ns
[42.276s][info ][gc,start       ] GC(10) Pause Young (Allocation Failure)
[42.379s][debug][gc,phases      ] GC(10) Scavenge 103.813ms
[42.379s][debug][gc,ref         ] GC(10) Skipped phase 1 of Reference Processing: no references
[42.380s][debug][gc,ref         ] GC(10) ReferenceProcessor::execute queues: 4, RefProcThreadModel::Multi, marks_oops_alive: false
[42.380s][debug][gc,ref         ] GC(10) Skipped phase 3 of Reference Processing: no references
[42.380s][debug][gc,ref         ] GC(10) ReferenceProcessor::execute queues: 1, RefProcThreadModel::Single, marks_oops_alive: false
[42.380s][debug][gc,phases      ] GC(10) Reference Processing 0.559ms
[42.381s][debug][gc,phases      ] GC(10)   VM Weak                        Min:  0.0, Avg:  0.0, Max:  0.0, Diff:  0.0, Sum:  0.0, Workers: 4
[42.381s][debug][gc,phases      ] GC(10)     Dead                           Min: 0, Avg:  0.0, Max: 0, Diff: 0, Sum: 0, Workers: 4
[42.381s][debug][gc,phases      ] GC(10)     Total                          Min: 0, Avg: 171.5, Max: 384, Diff: 384, Sum: 686, Workers: 4
[42.381s][debug][gc,phases      ] GC(10)   ObjectSynchronizer Weak        Min:  0.0, Avg:  0.0, Max:  0.0, Diff:  0.0, Sum:  0.0, Workers: 4
[42.381s][debug][gc,phases      ] GC(10)     Dead                           Min: 0, Avg:  0.0, Max: 0, Diff: 0, Sum: 0, Workers: 4
[42.381s][debug][gc,phases      ] GC(10)     Total                          Min: 0, Avg:  6.8, Max: 27, Diff: 27, Sum: 27, Workers: 4
[42.381s][debug][gc,phases      ] GC(10)   JVMTI Tag Weak OopStorage      Min:  0.0, Avg:  0.0, Max:  0.0, Diff:  0.0, Sum:  0.0, Workers: 4
[42.381s][debug][gc,phases      ] GC(10)     Dead                           Min: 0, Avg:  0.0, Max: 0, Diff: 0, Sum: 0, Workers: 4
[42.381s][debug][gc,phases      ] GC(10)     Total                          Min: 0, Avg:  0.0, Max: 0, Diff: 0, Sum: 0, Workers: 4
[42.381s][debug][gc,phases      ] GC(10)   StringTable Weak               Min:  0.1, Avg:  0.3, Max:  0.4, Diff:  0.3, Sum:  1.3, Workers: 4
[42.381s][debug][gc,phases      ] GC(10)     Dead                           Min: 0, Avg:  0.0, Max: 0, Diff: 0, Sum: 0, Workers: 4
[42.381s][debug][gc,phases      ] GC(10)     Total                          Min: 5817, Avg: 10542.2, Max: 13312, Diff: 7495, Sum: 42169, Workers: 4
[42.381s][debug][gc,phases      ] GC(10)   ResolvedMethodTable Weak       Min:  0.0, Avg:  0.1, Max:  0.1, Diff:  0.1, Sum:  0.3, Workers: 4
[42.381s][debug][gc,phases      ] GC(10)     Dead                           Min: 0, Avg:  0.0, Max: 0, Diff: 0, Sum: 0, Workers: 4
[42.381s][debug][gc,phases      ] GC(10)     Total                          Min: 0, Avg: 2255.0, Max: 4245, Diff: 4245, Sum: 9020, Workers: 4
[42.381s][debug][gc,phases      ] GC(10)   JNI Weak                       Min:  0.0, Avg:  0.0, Max:  0.0, Diff:  0.0, Sum:  0.0, Workers: 4
[42.381s][debug][gc,phases      ] GC(10)     Dead                           Min: 0, Avg:  0.0, Max: 0, Diff: 0, Sum: 0, Workers: 4
[42.381s][debug][gc,phases      ] GC(10)     Total                          Min: 0, Avg: 11.2, Max: 45, Diff: 45, Sum: 45, Workers: 4
[42.381s][debug][gc,phases      ] GC(10)   StringDedup Table Weak         Min:  0.0, Avg:  0.0, Max:  0.0, Diff:  0.0, Sum:  0.0, Workers: 4
[42.381s][debug][gc,phases      ] GC(10)     Dead                           Min: 0, Avg:  0.0, Max: 0, Diff: 0, Sum: 0, Workers: 4
[42.381s][debug][gc,phases      ] GC(10)     Total                          Min: 0, Avg:  0.0, Max: 0, Diff: 0, Sum: 0, Workers: 4
[42.381s][debug][gc,phases      ] GC(10)   StringDedup Requests0 Weak     Min:  0.0, Avg:  0.0, Max:  0.0, Diff:  0.0, Sum:  0.0, Workers: 4
[42.381s][debug][gc,phases      ] GC(10)     Dead                           Min: 0, Avg:  0.0, Max: 0, Diff: 0, Sum: 0, Workers: 4
[42.381s][debug][gc,phases      ] GC(10)     Total                          Min: 0, Avg:  0.0, Max: 0, Diff: 0, Sum: 0, Workers: 4
[42.381s][debug][gc,phases      ] GC(10)   StringDedup Requests1 Weak     Min:  0.0, Avg:  0.0, Max:  0.0, Diff:  0.0, Sum:  0.0, Workers: 4
[42.381s][debug][gc,phases      ] GC(10)     Dead                           Min: 0, Avg:  0.0, Max: 0, Diff: 0, Sum: 0, Workers: 4
[42.381s][debug][gc,phases      ] GC(10)     Total                          Min: 0, Avg:  0.0, Max: 0, Diff: 0, Sum: 0, Workers: 4
[42.381s][debug][gc,phases      ] GC(10)   Weak JFR Old Object Samples    Min:  0.0, Avg:  0.0, Max:  0.0, Diff:  0.0, Sum:  0.0, Workers: 4
[42.381s][debug][gc,phases      ] GC(10)     Dead                           Min: 0, Avg:  0.0, Max: 0, Diff: 0, Sum: 0, Workers: 4
[42.381s][debug][gc,phases      ] GC(10)     Total                          Min: 0, Avg:  0.0, Max: 0, Diff: 0, Sum: 0, Workers: 4
[42.381s][debug][gc,phases      ] GC(10) Weak Processing 0.616ms
[42.381s][debug][gc,age         ] GC(10) Desired survivor size 388497408 bytes, new threshold 10 (max threshold 15)
[42.381s][info ][gc,heap        ] GC(10) PSYoungGen: 1377484K(1572864K)->228028K(1717760K) Eden: 1149440K(1149440K)->0K(1318912K) From: 228044K(423424K)->228028K(398848K)
[42.381s][info ][gc,heap        ] GC(10) ParOldGen: 6203K(18944K)->6211K(18944K)
[42.381s][info ][gc,metaspace   ] GC(10) Metaspace: 79337K(80256K)->79337K(80256K) NonClass: 67684K(68160K)->67684K(68160K) Class: 11652K(12096K)->11652K(12096K)
[42.381s][info ][gc             ] GC(10) Pause Young (Allocation Failure) 1351M->228M(1696M) 105.122ms
[42.381s][info ][gc,cpu         ] GC(10) User=0.29s Sys=0.00s Real=0.11s
[42.381s][info ][safepoint      ] Safepoint "ParallelGCFailedAllocation", Time since last: 806059958 ns, Reaching safepoint: 4800 ns, Cleanup: 56100 ns, At safepoint: 105191417 ns, Total: 105252317 ns
[43.381s][info ][safepoint      ] Safepoint "Cleanup", Time since last: 1000084410 ns, Reaching safepoint: 4500 ns, Cleanup: 58600 ns, At safepoint: 7300 ns, Total: 70400 ns
[44.381s][info ][safepoint      ] Safepoint "Cleanup", Time since last: 1000105111 ns, Reaching safepoint: 5600 ns, Cleanup: 48800 ns, At safepoint: 2400 ns, Total: 56800 ns
[45.381s][info ][safepoint      ] Safepoint "Cleanup", Time since last: 1000099110 ns, Reaching safepoint: 4100 ns, Cleanup: 50100 ns, At safepoint: 5300 ns, Total: 59500 ns
[46.381s][info ][safepoint      ] Safepoint "Cleanup", Time since last: 1000103711 ns, Reaching safepoint: 4800 ns, Cleanup: 47600 ns, At safepoint: 2800 ns, Total: 55200 ns
[47.381s][info ][safepoint      ] Safepoint "Cleanup", Time since last: 1000061910 ns, Reaching safepoint: 4900 ns, Cleanup: 48900 ns, At safepoint: 2500 ns, Total: 56300 ns
[48.382s][info ][safepoint      ] Safepoint "Cleanup", Time since last: 1000106053 ns, Reaching safepoint: 4200 ns, Cleanup: 53400 ns, At safepoint: 2600 ns, Total: 60200 ns
[49.382s][info ][safepoint      ] Safepoint "Cleanup", Time since last: 1000101470 ns, Reaching safepoint: 11600 ns, Cleanup: 34701 ns, At safepoint: 2500 ns, Total: 48801 ns
[50.382s][info ][safepoint      ] Safepoint "Cleanup", Time since last: 1000114670 ns, Reaching safepoint: 5900 ns, Cleanup: 37700 ns, At safepoint: 2600 ns, Total: 46200 ns
[51.382s][info ][safepoint      ] Safepoint "Cleanup", Time since last: 1000116271 ns, Reaching safepoint: 6000 ns, Cleanup: 40900 ns, At safepoint: 2800 ns, Total: 49700 ns
[52.382s][info ][safepoint      ] Safepoint "Cleanup", Time since last: 1000088570 ns, Reaching safepoint: 6400 ns, Cleanup: 43400 ns, At safepoint: 3000 ns, Total: 52800 ns
[52.575s][info ][gc,start       ] GC(11) Pause Young (Allocation Failure)
[52.673s][debug][gc,phases      ] GC(11) Scavenge 97.389ms
[52.673s][debug][gc,ref         ] GC(11) Skipped phase 1 of Reference Processing: no references
[52.673s][debug][gc,ref         ] GC(11) ReferenceProcessor::execute queues: 4, RefProcThreadModel::Multi, marks_oops_alive: false
[52.674s][debug][gc,ref         ] GC(11) Skipped phase 3 of Reference Processing: no references
[52.674s][debug][gc,ref         ] GC(11) ReferenceProcessor::execute queues: 1, RefProcThreadModel::Single, marks_oops_alive: false
[52.674s][debug][gc,phases      ] GC(11) Reference Processing 0.696ms
[52.674s][debug][gc,phases      ] GC(11)   VM Weak                        Min:  0.0, Avg:  0.0, Max:  0.0, Diff:  0.0, Sum:  0.0, Workers: 4
[52.674s][debug][gc,phases      ] GC(11)     Dead                           Min: 0, Avg:  0.0, Max: 0, Diff: 0, Sum: 0, Workers: 4
[52.674s][debug][gc,phases      ] GC(11)     Total                          Min: 64, Avg: 171.5, Max: 430, Diff: 366, Sum: 686, Workers: 4
[52.674s][debug][gc,phases      ] GC(11)   ObjectSynchronizer Weak        Min:  0.0, Avg:  0.0, Max:  0.0, Diff:  0.0, Sum:  0.0, Workers: 4
[52.674s][debug][gc,phases      ] GC(11)     Dead                           Min: 0, Avg:  0.0, Max: 0, Diff: 0, Sum: 0, Workers: 4
[52.674s][debug][gc,phases      ] GC(11)     Total                          Min: 0, Avg:  6.8, Max: 27, Diff: 27, Sum: 27, Workers: 4
[52.674s][debug][gc,phases      ] GC(11)   JVMTI Tag Weak OopStorage      Min:  0.0, Avg:  0.0, Max:  0.0, Diff:  0.0, Sum:  0.0, Workers: 4
[52.674s][debug][gc,phases      ] GC(11)     Dead                           Min: 0, Avg:  0.0, Max: 0, Diff: 0, Sum: 0, Workers: 4
[52.674s][debug][gc,phases      ] GC(11)     Total                          Min: 0, Avg:  0.0, Max: 0, Diff: 0, Sum: 0, Workers: 4
[52.674s][debug][gc,phases      ] GC(11)   StringTable Weak               Min:  0.3, Avg:  0.3, Max:  0.3, Diff:  0.0, Sum:  1.2, Workers: 4
[52.674s][debug][gc,phases      ] GC(11)     Dead                           Min: 0, Avg:  0.0, Max: 0, Diff: 0, Sum: 0, Workers: 4
[52.674s][debug][gc,phases      ] GC(11)     Total                          Min: 10048, Avg: 10573.5, Max: 10934, Diff: 886, Sum: 42294, Workers: 4
[52.674s][debug][gc,phases      ] GC(11)   ResolvedMethodTable Weak       Min:  0.1, Avg:  0.1, Max:  0.1, Diff:  0.0, Sum:  0.3, Workers: 4
[52.674s][debug][gc,phases      ] GC(11)     Dead                           Min: 0, Avg:  0.0, Max: 0, Diff: 0, Sum: 0, Workers: 4
[52.674s][debug][gc,phases      ] GC(11)     Total                          Min: 1812, Avg: 2255.0, Max: 2458, Diff: 646, Sum: 9020, Workers: 4
[52.674s][debug][gc,phases      ] GC(11)   JNI Weak                       Min:  0.0, Avg:  0.0, Max:  0.0, Diff:  0.0, Sum:  0.0, Workers: 4
[52.674s][debug][gc,phases      ] GC(11)     Dead                           Min: 0, Avg:  0.0, Max: 0, Diff: 0, Sum: 0, Workers: 4
[52.674s][debug][gc,phases      ] GC(11)     Total                          Min: 0, Avg: 11.2, Max: 45, Diff: 45, Sum: 45, Workers: 4
[52.674s][debug][gc,phases      ] GC(11)   StringDedup Table Weak         Min:  0.0, Avg:  0.0, Max:  0.0, Diff:  0.0, Sum:  0.0, Workers: 4
[52.674s][debug][gc,phases      ] GC(11)     Dead                           Min: 0, Avg:  0.0, Max: 0, Diff: 0, Sum: 0, Workers: 4
[52.674s][debug][gc,phases      ] GC(11)     Total                          Min: 0, Avg:  0.0, Max: 0, Diff: 0, Sum: 0, Workers: 4
[52.674s][debug][gc,phases      ] GC(11)   StringDedup Requests0 Weak     Min:  0.0, Avg:  0.0, Max:  0.0, Diff:  0.0, Sum:  0.0, Workers: 4
[52.674s][debug][gc,phases      ] GC(11)     Dead                           Min: 0, Avg:  0.0, Max: 0, Diff: 0, Sum: 0, Workers: 4
[52.674s][debug][gc,phases      ] GC(11)     Total                          Min: 0, Avg:  0.0, Max: 0, Diff: 0, Sum: 0, Workers: 4
[52.674s][debug][gc,phases      ] GC(11)   StringDedup Requests1 Weak     Min:  0.0, Avg:  0.0, Max:  0.0, Diff:  0.0, Sum:  0.0, Workers: 4
[52.674s][debug][gc,phases      ] GC(11)     Dead                           Min: 0, Avg:  0.0, Max: 0, Diff: 0, Sum: 0, Workers: 4
[52.674s][debug][gc,phases      ] GC(11)     Total                          Min: 0, Avg:  0.0, Max: 0, Diff: 0, Sum: 0, Workers: 4
[52.674s][debug][gc,phases      ] GC(11)   Weak JFR Old Object Samples    Min:  0.0, Avg:  0.0, Max:  0.0, Diff:  0.0, Sum:  0.0, Workers: 4
[52.674s][debug][gc,phases      ] GC(11)     Dead                           Min: 0, Avg:  0.0, Max: 0, Diff: 0, Sum: 0, Workers: 4
[52.674s][debug][gc,phases      ] GC(11)     Total                          Min: 0, Avg:  0.0, Max: 0, Diff: 0, Sum: 0, Workers: 4
[52.674s][debug][gc,phases      ] GC(11) Weak Processing 0.612ms
[52.674s][debug][gc,age         ] GC(11) Desired survivor size 373293056 bytes, new threshold 11 (max threshold 15)
[52.674s][info ][gc,heap        ] GC(11) PSYoungGen: 1546940K(1717760K)->227924K(1698304K) Eden: 1318912K(1318912K)->0K(1318912K) From: 228028K(398848K)->227924K(379392K)
[52.674s][info ][gc,heap        ] GC(11) ParOldGen: 6211K(18944K)->6219K(18944K)
[52.674s][info ][gc,metaspace   ] GC(11) Metaspace: 79364K(80320K)->79364K(80320K) NonClass: 67711K(68224K)->67711K(68224K) Class: 11652K(12096K)->11652K(12096K)
[52.674s][info ][gc             ] GC(11) Pause Young (Allocation Failure) 1516M->228M(1677M) 98.820ms
[52.674s][info ][gc,cpu         ] GC(11) User=0.27s Sys=0.09s Real=0.10s
[52.674s][info ][safepoint      ] Safepoint "ParallelGCFailedAllocation", Time since last: 193130160 ns, Reaching safepoint: 4900 ns, Cleanup: 27600 ns, At safepoint: 98897492 ns, Total: 98929992 ns
[53.752s][info ][safepoint      ] Safepoint "Cleanup", Time since last: 1077058353 ns, Reaching safepoint: 5400 ns, Cleanup: 146300 ns, At safepoint: 8100 ns, Total: 159800 ns
[55.752s][info ][safepoint      ] Safepoint "Cleanup", Time since last: 2000161632 ns, Reaching safepoint: 4300 ns, Cleanup: 52100 ns, At safepoint: 2900 ns, Total: 59300 ns
[57.593s][info ][safepoint      ] Safepoint "Cleanup", Time since last: 1841067013 ns, Reaching safepoint: 77800 ns, Cleanup: 29000 ns, At safepoint: 7900 ns, Total: 114700 ns
[59.426s][info ][safepoint      ] Safepoint "Cleanup", Time since last: 1832899073 ns, Reaching safepoint: 78100 ns, Cleanup: 63100 ns, At safepoint: 6200 ns, Total: 147400 ns
[61.093s][info ][safepoint      ] Safepoint "Cleanup", Time since last: 1666698069 ns, Reaching safepoint: 5500 ns, Cleanup: 46200 ns, At safepoint: 2900 ns, Total: 54600 ns
[62.093s][info ][safepoint      ] Safepoint "Cleanup", Time since last: 1000116341 ns, Reaching safepoint: 6100 ns, Cleanup: 62401 ns, At safepoint: 3700 ns, Total: 72201 ns
[62.923s][info ][gc,start       ] GC(12) Pause Young (Allocation Failure)
[63.006s][debug][gc,phases      ] GC(12) Scavenge 82.948ms
[63.006s][debug][gc,ref         ] GC(12) Skipped phase 1 of Reference Processing: no references
[63.006s][debug][gc,ref         ] GC(12) ReferenceProcessor::execute queues: 4, RefProcThreadModel::Multi, marks_oops_alive: false
[63.007s][debug][gc,ref         ] GC(12) Skipped phase 3 of Reference Processing: no references
[63.007s][debug][gc,ref         ] GC(12) ReferenceProcessor::execute queues: 1, RefProcThreadModel::Single, marks_oops_alive: false
[63.007s][debug][gc,phases      ] GC(12) Reference Processing 0.748ms
[63.007s][debug][gc,phases      ] GC(12)   VM Weak                        Min:  0.0, Avg:  0.0, Max:  0.0, Diff:  0.0, Sum:  0.0, Workers: 4
[63.007s][debug][gc,phases      ] GC(12)     Dead                           Min: 0, Avg:  0.0, Max: 0, Diff: 0, Sum: 0, Workers: 4
[63.007s][debug][gc,phases      ] GC(12)     Total                          Min: 46, Avg: 171.5, Max: 384, Diff: 338, Sum: 686, Workers: 4
[63.007s][debug][gc,phases      ] GC(12)   ObjectSynchronizer Weak        Min:  0.0, Avg:  0.0, Max:  0.0, Diff:  0.0, Sum:  0.0, Workers: 4
[63.007s][debug][gc,phases      ] GC(12)     Dead                           Min: 0, Avg:  0.0, Max: 0, Diff: 0, Sum: 0, Workers: 4
[63.007s][debug][gc,phases      ] GC(12)     Total                          Min: 0, Avg:  1.0, Max: 4, Diff: 4, Sum: 4, Workers: 4
[63.007s][debug][gc,phases      ] GC(12)   JVMTI Tag Weak OopStorage      Min:  0.0, Avg:  0.0, Max:  0.0, Diff:  0.0, Sum:  0.0, Workers: 4
[63.007s][debug][gc,phases      ] GC(12)     Dead                           Min: 0, Avg:  0.0, Max: 0, Diff: 0, Sum: 0, Workers: 4
[63.007s][debug][gc,phases      ] GC(12)     Total                          Min: 0, Avg:  0.0, Max: 0, Diff: 0, Sum: 0, Workers: 4
[63.007s][debug][gc,phases      ] GC(12)   StringTable Weak               Min:  0.3, Avg:  0.3, Max:  0.3, Diff:  0.0, Sum:  1.2, Workers: 4
[63.007s][debug][gc,phases      ] GC(12)     Dead                           Min: 0, Avg:  0.0, Max: 0, Diff: 0, Sum: 0, Workers: 4
[63.007s][debug][gc,phases      ] GC(12)     Total                          Min: 9984, Avg: 10576.2, Max: 11584, Diff: 1600, Sum: 42305, Workers: 4
[63.007s][debug][gc,phases      ] GC(12)   ResolvedMethodTable Weak       Min:  0.1, Avg:  0.1, Max:  0.1, Diff:  0.0, Sum:  0.3, Workers: 4
[63.007s][debug][gc,phases      ] GC(12)     Dead                           Min: 0, Avg:  0.0, Max: 0, Diff: 0, Sum: 0, Workers: 4
[63.007s][debug][gc,phases      ] GC(12)     Total                          Min: 1869, Avg: 2255.0, Max: 2450, Diff: 581, Sum: 9020, Workers: 4
[63.007s][debug][gc,phases      ] GC(12)   JNI Weak                       Min:  0.0, Avg:  0.0, Max:  0.0, Diff:  0.0, Sum:  0.0, Workers: 4
[63.007s][debug][gc,phases      ] GC(12)     Dead                           Min: 0, Avg:  0.0, Max: 0, Diff: 0, Sum: 0, Workers: 4
[63.007s][debug][gc,phases      ] GC(12)     Total                          Min: 0, Avg: 11.2, Max: 45, Diff: 45, Sum: 45, Workers: 4
[63.007s][debug][gc,phases      ] GC(12)   StringDedup Table Weak         Min:  0.0, Avg:  0.0, Max:  0.0, Diff:  0.0, Sum:  0.0, Workers: 4
[63.007s][debug][gc,phases      ] GC(12)     Dead                           Min: 0, Avg:  0.0, Max: 0, Diff: 0, Sum: 0, Workers: 4
[63.007s][debug][gc,phases      ] GC(12)     Total                          Min: 0, Avg:  0.0, Max: 0, Diff: 0, Sum: 0, Workers: 4
[63.007s][debug][gc,phases      ] GC(12)   StringDedup Requests0 Weak     Min:  0.0, Avg:  0.0, Max:  0.0, Diff:  0.0, Sum:  0.0, Workers: 4
[63.007s][debug][gc,phases      ] GC(12)     Dead                           Min: 0, Avg:  0.0, Max: 0, Diff: 0, Sum: 0, Workers: 4
[63.007s][debug][gc,phases      ] GC(12)     Total                          Min: 0, Avg:  0.0, Max: 0, Diff: 0, Sum: 0, Workers: 4
[63.007s][debug][gc,phases      ] GC(12)   StringDedup Requests1 Weak     Min:  0.0, Avg:  0.0, Max:  0.0, Diff:  0.0, Sum:  0.0, Workers: 4
[63.007s][debug][gc,phases      ] GC(12)     Dead                           Min: 0, Avg:  0.0, Max: 0, Diff: 0, Sum: 0, Workers: 4
[63.007s][debug][gc,phases      ] GC(12)     Total                          Min: 0, Avg:  0.0, Max: 0, Diff: 0, Sum: 0, Workers: 4
[63.007s][debug][gc,phases      ] GC(12)   Weak JFR Old Object Samples    Min:  0.0, Avg:  0.0, Max:  0.0, Diff:  0.0, Sum:  0.0, Workers: 4
[63.007s][debug][gc,phases      ] GC(12)     Dead                           Min: 0, Avg:  0.0, Max: 0, Diff: 0, Sum: 0, Workers: 4
[63.007s][debug][gc,phases      ] GC(12)     Total                          Min: 0, Avg:  0.0, Max: 0, Diff: 0, Sum: 0, Workers: 4
[63.007s][debug][gc,phases      ] GC(12) Weak Processing 0.556ms
[63.007s][debug][gc,age         ] GC(12) Desired survivor size 361234432 bytes, new threshold 12 (max threshold 15)
[63.007s][info ][gc,heap        ] GC(12) PSYoungGen: 1546836K(1698304K)->227964K(1744384K) Eden: 1318912K(1318912K)->0K(1379840K) From: 227924K(379392K)->227964K(364544K)
[63.007s][info ][gc,heap        ] GC(12) ParOldGen: 6219K(18944K)->6227K(18944K)
[63.007s][info ][gc,metaspace   ] GC(12) Metaspace: 79397K(80320K)->79397K(80320K) NonClass: 67744K(68224K)->67744K(68224K) Class: 11652K(12096K)->11652K(12096K)
[63.007s][info ][gc             ] GC(12) Pause Young (Allocation Failure) 1516M->228M(1722M) 84.379ms
[63.007s][info ][gc,cpu         ] GC(12) User=0.30s Sys=0.00s Real=0.08s
[63.007s][info ][safepoint      ] Safepoint "ParallelGCFailedAllocation", Time since last: 829944917 ns, Reaching safepoint: 4900 ns, Cleanup: 48900 ns, At safepoint: 84453009 ns, Total: 84506809 ns
[65.008s][info ][safepoint      ] Safepoint "Cleanup", Time since last: 2000142663 ns, Reaching safepoint: 4800 ns, Cleanup: 45500 ns, At safepoint: 13300 ns, Total: 63600 ns
[66.008s][info ][safepoint      ] Safepoint "Cleanup", Time since last: 1000138755 ns, Reaching safepoint: 6700 ns, Cleanup: 53100 ns, At safepoint: 7600 ns, Total: 67400 ns
[67.008s][info ][safepoint      ] Safepoint "Cleanup", Time since last: 1000133555 ns, Reaching safepoint: 5900 ns, Cleanup: 46100 ns, At safepoint: 2700 ns, Total: 54700 ns
[71.008s][info ][safepoint      ] Safepoint "Cleanup", Time since last: 4000281416 ns, Reaching safepoint: 8600 ns, Cleanup: 52000 ns, At safepoint: 3400 ns, Total: 64000 ns
[72.009s][info ][safepoint      ] Safepoint "Cleanup", Time since last: 1000133340 ns, Reaching safepoint: 5700 ns, Cleanup: 57300 ns, At safepoint: 4000 ns, Total: 67000 ns
[73.009s][info ][safepoint      ] Safepoint "Cleanup", Time since last: 1000105306 ns, Reaching safepoint: 3900 ns, Cleanup: 46400 ns, At safepoint: 7600 ns, Total: 57900 ns
[73.674s][info ][gc,start       ] GC(13) Pause Young (Allocation Failure)
[73.760s][debug][gc,phases      ] GC(13) Scavenge 86.744ms
[73.760s][debug][gc,ref         ] GC(13) Skipped phase 1 of Reference Processing: no references
[73.761s][debug][gc,ref         ] GC(13) ReferenceProcessor::execute queues: 4, RefProcThreadModel::Multi, marks_oops_alive: false
[73.761s][debug][gc,ref         ] GC(13) Skipped phase 3 of Reference Processing: no references
[73.761s][debug][gc,ref         ] GC(13) ReferenceProcessor::execute queues: 1, RefProcThreadModel::Single, marks_oops_alive: false
[73.761s][debug][gc,phases      ] GC(13) Reference Processing 0.609ms
[73.761s][debug][gc,phases      ] GC(13)   VM Weak                        Min:  0.0, Avg:  0.0, Max:  0.0, Diff:  0.0, Sum:  0.0, Workers: 4
[73.761s][debug][gc,phases      ] GC(13)     Dead                           Min: 0, Avg:  0.0, Max: 0, Diff: 0, Sum: 0, Workers: 4
[73.761s][debug][gc,phases      ] GC(13)     Total                          Min: 64, Avg: 171.5, Max: 366, Diff: 302, Sum: 686, Workers: 4
[73.761s][debug][gc,phases      ] GC(13)   ObjectSynchronizer Weak        Min:  0.0, Avg:  0.0, Max:  0.0, Diff:  0.0, Sum:  0.0, Workers: 4
[73.761s][debug][gc,phases      ] GC(13)     Dead                           Min: 0, Avg:  0.0, Max: 0, Diff: 0, Sum: 0, Workers: 4
[73.762s][debug][gc,phases      ] GC(13)     Total                          Min: 0, Avg:  1.0, Max: 4, Diff: 4, Sum: 4, Workers: 4
[73.762s][debug][gc,phases      ] GC(13)   JVMTI Tag Weak OopStorage      Min:  0.0, Avg:  0.0, Max:  0.0, Diff:  0.0, Sum:  0.0, Workers: 4
[73.762s][debug][gc,phases      ] GC(13)     Dead                           Min: 0, Avg:  0.0, Max: 0, Diff: 0, Sum: 0, Workers: 4
[73.762s][debug][gc,phases      ] GC(13)     Total                          Min: 0, Avg:  0.0, Max: 0, Diff: 0, Sum: 0, Workers: 4
[73.762s][debug][gc,phases      ] GC(13)   StringTable Weak               Min:  0.3, Avg:  0.3, Max:  0.3, Diff:  0.0, Sum:  1.2, Workers: 4
[73.762s][debug][gc,phases      ] GC(13)     Dead                           Min: 0, Avg:  0.0, Max: 0, Diff: 0, Sum: 0, Workers: 4
[73.762s][debug][gc,phases      ] GC(13)     Total                          Min: 9536, Avg: 10577.2, Max: 11456, Diff: 1920, Sum: 42309, Workers: 4
[73.762s][debug][gc,phases      ] GC(13)   ResolvedMethodTable Weak       Min:  0.1, Avg:  0.1, Max:  0.1, Diff:  0.0, Sum:  0.3, Workers: 4
[73.762s][debug][gc,phases      ] GC(13)     Dead                           Min: 0, Avg:  0.2, Max: 1, Diff: 1, Sum: 1, Workers: 4
[73.762s][debug][gc,phases      ] GC(13)     Total                          Min: 1987, Avg: 2255.2, Max: 2395, Diff: 408, Sum: 9021, Workers: 4
[73.762s][debug][gc,phases      ] GC(13)   JNI Weak                       Min:  0.0, Avg:  0.0, Max:  0.0, Diff:  0.0, Sum:  0.0, Workers: 4
[73.762s][debug][gc,phases      ] GC(13)     Dead                           Min: 0, Avg:  0.0, Max: 0, Diff: 0, Sum: 0, Workers: 4
[73.762s][debug][gc,phases      ] GC(13)     Total                          Min: 0, Avg: 11.2, Max: 45, Diff: 45, Sum: 45, Workers: 4
[73.762s][debug][gc,phases      ] GC(13)   StringDedup Table Weak         Min:  0.0, Avg:  0.0, Max:  0.0, Diff:  0.0, Sum:  0.0, Workers: 4
[73.762s][debug][gc,phases      ] GC(13)     Dead                           Min: 0, Avg:  0.0, Max: 0, Diff: 0, Sum: 0, Workers: 4
[73.762s][debug][gc,phases      ] GC(13)     Total                          Min: 0, Avg:  0.0, Max: 0, Diff: 0, Sum: 0, Workers: 4
[73.762s][debug][gc,phases      ] GC(13)   StringDedup Requests0 Weak     Min:  0.0, Avg:  0.0, Max:  0.0, Diff:  0.0, Sum:  0.0, Workers: 4
[73.762s][debug][gc,phases      ] GC(13)     Dead                           Min: 0, Avg:  0.0, Max: 0, Diff: 0, Sum: 0, Workers: 4
[73.762s][debug][gc,phases      ] GC(13)     Total                          Min: 0, Avg:  0.0, Max: 0, Diff: 0, Sum: 0, Workers: 4
[73.762s][debug][gc,phases      ] GC(13)   StringDedup Requests1 Weak     Min:  0.0, Avg:  0.0, Max:  0.0, Diff:  0.0, Sum:  0.0, Workers: 4
[73.762s][debug][gc,phases      ] GC(13)     Dead                           Min: 0, Avg:  0.0, Max: 0, Diff: 0, Sum: 0, Workers: 4
[73.762s][debug][gc,phases      ] GC(13)     Total                          Min: 0, Avg:  0.0, Max: 0, Diff: 0, Sum: 0, Workers: 4
[73.762s][debug][gc,phases      ] GC(13)   Weak JFR Old Object Samples    Min:  0.0, Avg:  0.0, Max:  0.0, Diff:  0.0, Sum:  0.0, Workers: 4
[73.762s][debug][gc,phases      ] GC(13)     Dead                           Min: 0, Avg:  0.0, Max: 0, Diff: 0, Sum: 0, Workers: 4
[73.762s][debug][gc,phases      ] GC(13)     Total                          Min: 0, Avg:  0.0, Max: 0, Diff: 0, Sum: 0, Workers: 4
[73.762s][debug][gc,phases      ] GC(13) Weak Processing 0.558ms
[73.762s][debug][gc,age         ] GC(13) Desired survivor size 350748672 bytes, new threshold 13 (max threshold 15)
[73.762s][info ][gc,heap        ] GC(13) PSYoungGen: 1607804K(1744384K)->228116K(1732608K) Eden: 1379840K(1379840K)->0K(1379840K) From: 227964K(364544K)->228116K(352768K)
[73.762s][info ][gc,heap        ] GC(13) ParOldGen: 6227K(18944K)->6235K(18944K)
[73.762s][info ][gc,metaspace   ] GC(13) Metaspace: 79420K(80320K)->79420K(80320K) NonClass: 67765K(68224K)->67765K(68224K) Class: 11654K(12096K)->11654K(12096K)
[73.762s][info ][gc             ] GC(13) Pause Young (Allocation Failure) 1576M->228M(1710M) 88.034ms
[73.762s][info ][gc,cpu         ] GC(13) User=0.28s Sys=0.02s Real=0.09s
[73.762s][info ][safepoint      ] Safepoint "ParallelGCFailedAllocation", Time since last: 664785327 ns, Reaching safepoint: 4800 ns, Cleanup: 49800 ns, At safepoint: 88134041 ns, Total: 88188641 ns
[74.762s][info ][safepoint      ] Safepoint "Cleanup", Time since last: 1000097806 ns, Reaching safepoint: 6300 ns, Cleanup: 43900 ns, At safepoint: 3600 ns, Total: 53800 ns
[75.762s][info ][safepoint      ] Safepoint "Cleanup", Time since last: 1000108306 ns, Reaching safepoint: 6200 ns, Cleanup: 54200 ns, At safepoint: 3800 ns, Total: 64200 ns
[76.762s][info ][safepoint      ] Safepoint "Cleanup", Time since last: 1000099905 ns, Reaching safepoint: 6000 ns, Cleanup: 46901 ns, At safepoint: 2600 ns, Total: 55501 ns
[79.762s][info ][safepoint      ] Safepoint "Cleanup", Time since last: 3000189517 ns, Reaching safepoint: 4500 ns, Cleanup: 38500 ns, At safepoint: 3300 ns, Total: 46300 ns
[80.763s][info ][safepoint      ] Safepoint "Cleanup", Time since last: 1000104926 ns, Reaching safepoint: 5000 ns, Cleanup: 41300 ns, At safepoint: 8100 ns, Total: 54400 ns
[81.763s][info ][safepoint      ] Safepoint "Cleanup", Time since last: 1000120527 ns, Reaching safepoint: 4400 ns, Cleanup: 48300 ns, At safepoint: 6900 ns, Total: 59600 ns
[83.763s][info ][safepoint      ] Safepoint "Cleanup", Time since last: 2000158152 ns, Reaching safepoint: 4700 ns, Cleanup: 55500 ns, At safepoint: 10400 ns, Total: 70600 ns
[84.424s][info ][gc,start       ] GC(14) Pause Young (Allocation Failure)
[84.508s][debug][gc,phases      ] GC(14) Scavenge 84.419ms
[84.508s][debug][gc,ref         ] GC(14) Skipped phase 1 of Reference Processing: no references
[84.508s][debug][gc,ref         ] GC(14) ReferenceProcessor::execute queues: 4, RefProcThreadModel::Multi, marks_oops_alive: false
[84.509s][debug][gc,ref         ] GC(14) Skipped phase 3 of Reference Processing: no references
[84.509s][debug][gc,ref         ] GC(14) ReferenceProcessor::execute queues: 1, RefProcThreadModel::Single, marks_oops_alive: false
[84.509s][debug][gc,phases      ] GC(14) Reference Processing 0.713ms
[84.510s][debug][gc,phases      ] GC(14)   VM Weak                        Min:  0.0, Avg:  0.0, Max:  0.0, Diff:  0.0, Sum:  0.0, Workers: 4
[84.510s][debug][gc,phases      ] GC(14)     Dead                           Min: 0, Avg:  0.0, Max: 0, Diff: 0, Sum: 0, Workers: 4
[84.510s][debug][gc,phases      ] GC(14)     Total                          Min: 0, Avg: 171.5, Max: 448, Diff: 448, Sum: 686, Workers: 4
[84.510s][debug][gc,phases      ] GC(14)   ObjectSynchronizer Weak        Min:  0.0, Avg:  0.0, Max:  0.0, Diff:  0.0, Sum:  0.0, Workers: 4
[84.510s][debug][gc,phases      ] GC(14)     Dead                           Min: 0, Avg:  0.0, Max: 0, Diff: 0, Sum: 0, Workers: 4
[84.510s][debug][gc,phases      ] GC(14)     Total                          Min: 0, Avg:  1.0, Max: 4, Diff: 4, Sum: 4, Workers: 4
[84.510s][debug][gc,phases      ] GC(14)   JVMTI Tag Weak OopStorage      Min:  0.0, Avg:  0.0, Max:  0.0, Diff:  0.0, Sum:  0.0, Workers: 4
[84.510s][debug][gc,phases      ] GC(14)     Dead                           Min: 0, Avg:  0.0, Max: 0, Diff: 0, Sum: 0, Workers: 4
[84.510s][debug][gc,phases      ] GC(14)     Total                          Min: 0, Avg:  0.0, Max: 0, Diff: 0, Sum: 0, Workers: 4
[84.510s][debug][gc,phases      ] GC(14)   StringTable Weak               Min:  0.0, Avg:  0.3, Max:  0.4, Diff:  0.4, Sum:  1.1, Workers: 4
[84.510s][debug][gc,phases      ] GC(14)     Dead                           Min: 0, Avg:  0.0, Max: 0, Diff: 0, Sum: 0, Workers: 4
[84.510s][debug][gc,phases      ] GC(14)     Total                          Min: 0, Avg: 10578.8, Max: 17355, Diff: 17355, Sum: 42315, Workers: 4
[84.510s][debug][gc,phases      ] GC(14)   ResolvedMethodTable Weak       Min:  0.0, Avg:  0.1, Max:  0.1, Diff:  0.1, Sum:  0.3, Workers: 4
[84.510s][debug][gc,phases      ] GC(14)     Dead                           Min: 0, Avg:  0.0, Max: 0, Diff: 0, Sum: 0, Workers: 4
[84.510s][debug][gc,phases      ] GC(14)     Total                          Min: 0, Avg: 2255.2, Max: 4032, Diff: 4032, Sum: 9021, Workers: 4
[84.510s][debug][gc,phases      ] GC(14)   JNI Weak                       Min:  0.0, Avg:  0.0, Max:  0.0, Diff:  0.0, Sum:  0.0, Workers: 4
[84.510s][debug][gc,phases      ] GC(14)     Dead                           Min: 0, Avg:  0.0, Max: 0, Diff: 0, Sum: 0, Workers: 4
[84.510s][debug][gc,phases      ] GC(14)     Total                          Min: 0, Avg: 11.2, Max: 45, Diff: 45, Sum: 45, Workers: 4
[84.510s][debug][gc,phases      ] GC(14)   StringDedup Table Weak         Min:  0.0, Avg:  0.0, Max:  0.0, Diff:  0.0, Sum:  0.0, Workers: 4
[84.510s][debug][gc,phases      ] GC(14)     Dead                           Min: 0, Avg:  0.0, Max: 0, Diff: 0, Sum: 0, Workers: 4
[84.510s][debug][gc,phases      ] GC(14)     Total                          Min: 0, Avg:  0.0, Max: 0, Diff: 0, Sum: 0, Workers: 4
[84.510s][debug][gc,phases      ] GC(14)   StringDedup Requests0 Weak     Min:  0.0, Avg:  0.0, Max:  0.0, Diff:  0.0, Sum:  0.0, Workers: 4
[84.510s][debug][gc,phases      ] GC(14)     Dead                           Min: 0, Avg:  0.0, Max: 0, Diff: 0, Sum: 0, Workers: 4
[84.510s][debug][gc,phases      ] GC(14)     Total                          Min: 0, Avg:  0.0, Max: 0, Diff: 0, Sum: 0, Workers: 4
[84.510s][debug][gc,phases      ] GC(14)   StringDedup Requests1 Weak     Min:  0.0, Avg:  0.0, Max:  0.0, Diff:  0.0, Sum:  0.0, Workers: 4
[84.510s][debug][gc,phases      ] GC(14)     Dead                           Min: 0, Avg:  0.0, Max: 0, Diff: 0, Sum: 0, Workers: 4
[84.510s][debug][gc,phases      ] GC(14)     Total                          Min: 0, Avg:  0.0, Max: 0, Diff: 0, Sum: 0, Workers: 4
[84.510s][debug][gc,phases      ] GC(14)   Weak JFR Old Object Samples    Min:  0.0, Avg:  0.0, Max:  0.0, Diff:  0.0, Sum:  0.0, Workers: 4
[84.510s][debug][gc,phases      ] GC(14)     Dead                           Min: 0, Avg:  0.0, Max: 0, Diff: 0, Sum: 0, Workers: 4
[84.510s][debug][gc,phases      ] GC(14)     Total                          Min: 0, Avg:  0.0, Max: 0, Diff: 0, Sum: 0, Workers: 4
[84.510s][debug][gc,phases      ] GC(14) Weak Processing 0.659ms
[84.510s][debug][gc,age         ] GC(14) Desired survivor size 341311488 bytes, new threshold 14 (max threshold 15)
[84.510s][info ][gc,heap        ] GC(14) PSYoungGen: 1607956K(1732608K)->228054K(1763840K) Eden: 1379840K(1379840K)->0K(1421312K) From: 228116K(352768K)->228054K(342528K)
[84.510s][info ][gc,heap        ] GC(14) ParOldGen: 6235K(18944K)->6235K(18944K)
[84.510s][info ][gc,metaspace   ] GC(14) Metaspace: 79430K(80384K)->79430K(80384K) NonClass: 67775K(68288K)->67775K(68288K) Class: 11654K(12096K)->11654K(12096K)
[84.510s][info ][gc             ] GC(14) Pause Young (Allocation Failure) 1576M->228M(1741M) 85.936ms
[84.510s][info ][gc,cpu         ] GC(14) User=0.30s Sys=0.00s Real=0.09s
[84.510s][info ][safepoint      ] Safepoint "ParallelGCFailedAllocation", Time since last: 660823421 ns, Reaching safepoint: 4000 ns, Cleanup: 38700 ns, At safepoint: 86006033 ns, Total: 86048733 ns
[85.510s][info ][safepoint      ] Safepoint "Cleanup", Time since last: 1000087926 ns, Reaching safepoint: 5300 ns, Cleanup: 56300 ns, At safepoint: 4200 ns, Total: 65800 ns
[87.510s][info ][safepoint      ] Safepoint "Cleanup", Time since last: 2000161452 ns, Reaching safepoint: 5300 ns, Cleanup: 34200 ns, At safepoint: 2900 ns, Total: 42400 ns
[89.510s][info ][safepoint      ] Safepoint "Cleanup", Time since last: 2000133353 ns, Reaching safepoint: 6000 ns, Cleanup: 49500 ns, At safepoint: 10901 ns, Total: 66401 ns
[90.511s][info ][safepoint      ] Safepoint "Cleanup", Time since last: 1000117126 ns, Reaching safepoint: 5600 ns, Cleanup: 70601 ns, At safepoint: 3500 ns, Total: 79701 ns
[92.511s][info ][safepoint      ] Safepoint "Cleanup", Time since last: 2000159153 ns, Reaching safepoint: 5000 ns, Cleanup: 55400 ns, At safepoint: 12100 ns, Total: 72500 ns
[93.511s][info ][safepoint      ] Safepoint "Cleanup", Time since last: 1000114827 ns, Reaching safepoint: 4600 ns, Cleanup: 43600 ns, At safepoint: 3000 ns, Total: 51200 ns
[95.525s][info ][gc,start       ] GC(15) Pause Young (Allocation Failure)
[95.609s][debug][gc,phases      ] GC(15) Scavenge 84.683ms
[95.609s][debug][gc,ref         ] GC(15) Skipped phase 1 of Reference Processing: no references
[95.609s][debug][gc,ref         ] GC(15) ReferenceProcessor::execute queues: 4, RefProcThreadModel::Multi, marks_oops_alive: false
[95.610s][debug][gc,ref         ] GC(15) Skipped phase 3 of Reference Processing: no references
[95.610s][debug][gc,ref         ] GC(15) ReferenceProcessor::execute queues: 1, RefProcThreadModel::Single, marks_oops_alive: false
[95.610s][debug][gc,phases      ] GC(15) Reference Processing 0.754ms
[95.611s][debug][gc,phases      ] GC(15)   VM Weak                        Min:  0.0, Avg:  0.0, Max:  0.0, Diff:  0.0, Sum:  0.0, Workers: 4
[95.611s][debug][gc,phases      ] GC(15)     Dead                           Min: 0, Avg:  0.0, Max: 0, Diff: 0, Sum: 0, Workers: 4
[95.611s][debug][gc,phases      ] GC(15)     Total                          Min: 0, Avg: 171.5, Max: 320, Diff: 320, Sum: 686, Workers: 4
[95.611s][debug][gc,phases      ] GC(15)   ObjectSynchronizer Weak        Min:  0.0, Avg:  0.0, Max:  0.0, Diff:  0.0, Sum:  0.0, Workers: 4
[95.611s][debug][gc,phases      ] GC(15)     Dead                           Min: 0, Avg:  0.0, Max: 0, Diff: 0, Sum: 0, Workers: 4
[95.611s][debug][gc,phases      ] GC(15)     Total                          Min: 0, Avg:  1.0, Max: 4, Diff: 4, Sum: 4, Workers: 4
[95.611s][debug][gc,phases      ] GC(15)   JVMTI Tag Weak OopStorage      Min:  0.0, Avg:  0.0, Max:  0.0, Diff:  0.0, Sum:  0.0, Workers: 4
[95.611s][debug][gc,phases      ] GC(15)     Dead                           Min: 0, Avg:  0.0, Max: 0, Diff: 0, Sum: 0, Workers: 4
[95.611s][debug][gc,phases      ] GC(15)     Total                          Min: 0, Avg:  0.0, Max: 0, Diff: 0, Sum: 0, Workers: 4
[95.611s][debug][gc,phases      ] GC(15)   StringTable Weak               Min:  0.0, Avg:  0.3, Max:  0.3, Diff:  0.3, Sum:  1.0, Workers: 4
[95.611s][debug][gc,phases      ] GC(15)     Dead                           Min: 0, Avg:  0.0, Max: 0, Diff: 0, Sum: 0, Workers: 4
[95.611s][debug][gc,phases      ] GC(15)     Total                          Min: 0, Avg: 10581.2, Max: 17045, Diff: 17045, Sum: 42325, Workers: 4
[95.611s][debug][gc,phases      ] GC(15)   ResolvedMethodTable Weak       Min:  0.0, Avg:  0.1, Max:  0.1, Diff:  0.1, Sum:  0.3, Workers: 4
[95.611s][debug][gc,phases      ] GC(15)     Dead                           Min: 0, Avg:  0.0, Max: 0, Diff: 0, Sum: 0, Workers: 4
[95.611s][debug][gc,phases      ] GC(15)     Total                          Min: 0, Avg: 2255.2, Max: 4049, Diff: 4049, Sum: 9021, Workers: 4
[95.611s][debug][gc,phases      ] GC(15)   JNI Weak                       Min:  0.0, Avg:  0.0, Max:  0.0, Diff:  0.0, Sum:  0.0, Workers: 4
[95.611s][debug][gc,phases      ] GC(15)     Dead                           Min: 0, Avg:  0.0, Max: 0, Diff: 0, Sum: 0, Workers: 4
[95.611s][debug][gc,phases      ] GC(15)     Total                          Min: 0, Avg: 11.2, Max: 45, Diff: 45, Sum: 45, Workers: 4
[95.611s][debug][gc,phases      ] GC(15)   StringDedup Table Weak         Min:  0.0, Avg:  0.0, Max:  0.0, Diff:  0.0, Sum:  0.0, Workers: 4
[95.611s][debug][gc,phases      ] GC(15)     Dead                           Min: 0, Avg:  0.0, Max: 0, Diff: 0, Sum: 0, Workers: 4
[95.611s][debug][gc,phases      ] GC(15)     Total                          Min: 0, Avg:  0.0, Max: 0, Diff: 0, Sum: 0, Workers: 4
[95.611s][debug][gc,phases      ] GC(15)   StringDedup Requests0 Weak     Min:  0.0, Avg:  0.0, Max:  0.0, Diff:  0.0, Sum:  0.0, Workers: 4
[95.611s][debug][gc,phases      ] GC(15)     Dead                           Min: 0, Avg:  0.0, Max: 0, Diff: 0, Sum: 0, Workers: 4
[95.611s][debug][gc,phases      ] GC(15)     Total                          Min: 0, Avg:  0.0, Max: 0, Diff: 0, Sum: 0, Workers: 4
[95.611s][debug][gc,phases      ] GC(15)   StringDedup Requests1 Weak     Min:  0.0, Avg:  0.0, Max:  0.0, Diff:  0.0, Sum:  0.0, Workers: 4
[95.611s][debug][gc,phases      ] GC(15)     Dead                           Min: 0, Avg:  0.0, Max: 0, Diff: 0, Sum: 0, Workers: 4
[95.611s][debug][gc,phases      ] GC(15)     Total                          Min: 0, Avg:  0.0, Max: 0, Diff: 0, Sum: 0, Workers: 4
[95.611s][debug][gc,phases      ] GC(15)   Weak JFR Old Object Samples    Min:  0.0, Avg:  0.0, Max:  0.0, Diff:  0.0, Sum:  0.0, Workers: 4
[95.611s][debug][gc,phases      ] GC(15)     Dead                           Min: 0, Avg:  0.0, Max: 0, Diff: 0, Sum: 0, Workers: 4
[95.611s][debug][gc,phases      ] GC(15)     Total                          Min: 0, Avg:  0.0, Max: 0, Diff: 0, Sum: 0, Workers: 4
[95.611s][debug][gc,phases      ] GC(15) Weak Processing 0.603ms
[95.611s][debug][gc,age         ] GC(15) Desired survivor size 332398592 bytes, new threshold 15 (max threshold 15)
[95.611s][info ][gc,heap        ] GC(15) PSYoungGen: 1649366K(1763840K)->228060K(1754624K) Eden: 1421312K(1421312K)->0K(1421312K) From: 228054K(342528K)->228060K(333312K)
[95.611s][info ][gc,heap        ] GC(15) ParOldGen: 6235K(18944K)->6235K(18944K)
[95.611s][info ][gc,metaspace   ] GC(15) Metaspace: 79435K(80384K)->79435K(80384K) NonClass: 67780K(68288K)->67780K(68288K) Class: 11654K(12096K)->11654K(12096K)
[95.611s][info ][gc             ] GC(15) Pause Young (Allocation Failure) 1616M->228M(1732M) 86.186ms
[95.611s][info ][gc,cpu         ] GC(15) User=0.30s Sys=0.00s Real=0.09s
[95.611s][info ][safepoint      ] Safepoint "ParallelGCFailedAllocation", Time since last: 2013527221 ns, Reaching safepoint: 5900 ns, Cleanup: 29600 ns, At safepoint: 86260534 ns, Total: 86296034 ns
[96.611s][info ][safepoint      ] Safepoint "Cleanup", Time since last: 1000093044 ns, Reaching safepoint: 4700 ns, Cleanup: 53600 ns, At safepoint: 2700 ns, Total: 61000 ns
[98.611s][info ][safepoint      ] Safepoint "Cleanup", Time since last: 2000139816 ns, Reaching safepoint: 73801 ns, Cleanup: 61400 ns, At safepoint: 16000 ns, Total: 151201 ns
[99.611s][info ][safepoint      ] Safepoint "Cleanup", Time since last: 1000109458 ns, Reaching safepoint: 4100 ns, Cleanup: 32700 ns, At safepoint: 2700 ns, Total: 39500 ns
[100.612s][info ][safepoint      ] Safepoint "Cleanup", Time since last: 1000105259 ns, Reaching safepoint: 6700 ns, Cleanup: 42300 ns, At safepoint: 2200 ns, Total: 51200 ns
[102.612s][info ][safepoint      ] Safepoint "Cleanup", Time since last: 2000171916 ns, Reaching safepoint: 4300 ns, Cleanup: 49301 ns, At safepoint: 6100 ns, Total: 59701 ns
[104.612s][info ][safepoint      ] Safepoint "Cleanup", Time since last: 2000172807 ns, Reaching safepoint: 4100 ns, Cleanup: 30400 ns, At safepoint: 2700 ns, Total: 37200 ns
[105.612s][info ][safepoint      ] Safepoint "Cleanup", Time since last: 1000109449 ns, Reaching safepoint: 4500 ns, Cleanup: 40100 ns, At safepoint: 3300 ns, Total: 47900 ns
[106.612s][info ][safepoint      ] Safepoint "Cleanup", Time since last: 1000103948 ns, Reaching safepoint: 5300 ns, Cleanup: 55101 ns, At safepoint: 2200 ns, Total: 62601 ns
[106.674s][info ][gc,start       ] GC(16) Pause Young (Allocation Failure)
[106.757s][debug][gc,phases      ] GC(16) Scavenge 82.950ms
[106.757s][debug][gc,ref         ] GC(16) Skipped phase 1 of Reference Processing: no references
[106.757s][debug][gc,ref         ] GC(16) ReferenceProcessor::execute queues: 4, RefProcThreadModel::Multi, marks_oops_alive: false
[106.757s][debug][gc,ref         ] GC(16) Skipped phase 3 of Reference Processing: no references
[106.758s][debug][gc,ref         ] GC(16) ReferenceProcessor::execute queues: 1, RefProcThreadModel::Single, marks_oops_alive: false
[106.758s][debug][gc,phases      ] GC(16) Reference Processing 0.759ms
[106.758s][debug][gc,phases      ] GC(16)   VM Weak                        Min:  0.0, Avg:  0.0, Max:  0.0, Diff:  0.0, Sum:  0.0, Workers: 4
[106.758s][debug][gc,phases      ] GC(16)     Dead                           Min: 0, Avg:  0.0, Max: 0, Diff: 0, Sum: 0, Workers: 4
[106.758s][debug][gc,phases      ] GC(16)     Total                          Min: 0, Avg: 171.5, Max: 448, Diff: 448, Sum: 686, Workers: 4
[106.758s][debug][gc,phases      ] GC(16)   ObjectSynchronizer Weak        Min:  0.0, Avg:  0.0, Max:  0.0, Diff:  0.0, Sum:  0.0, Workers: 4
[106.758s][debug][gc,phases      ] GC(16)     Dead                           Min: 0, Avg:  0.0, Max: 0, Diff: 0, Sum: 0, Workers: 4
[106.758s][debug][gc,phases      ] GC(16)     Total                          Min: 0, Avg:  1.0, Max: 4, Diff: 4, Sum: 4, Workers: 4
[106.758s][debug][gc,phases      ] GC(16)   JVMTI Tag Weak OopStorage      Min:  0.0, Avg:  0.0, Max:  0.0, Diff:  0.0, Sum:  0.0, Workers: 4
[106.758s][debug][gc,phases      ] GC(16)     Dead                           Min: 0, Avg:  0.0, Max: 0, Diff: 0, Sum: 0, Workers: 4
[106.758s][debug][gc,phases      ] GC(16)     Total                          Min: 0, Avg:  0.0, Max: 0, Diff: 0, Sum: 0, Workers: 4
[106.758s][debug][gc,phases      ] GC(16)   StringTable Weak               Min:  0.0, Avg:  0.3, Max:  0.4, Diff:  0.4, Sum:  1.1, Workers: 4
[106.758s][debug][gc,phases      ] GC(16)     Dead                           Min: 0, Avg:  0.0, Max: 0, Diff: 0, Sum: 0, Workers: 4
[106.758s][debug][gc,phases      ] GC(16)     Total                          Min: 0, Avg: 10586.5, Max: 17728, Diff: 17728, Sum: 42346, Workers: 4
[106.758s][debug][gc,phases      ] GC(16)   ResolvedMethodTable Weak       Min:  0.0, Avg:  0.1, Max:  0.1, Diff:  0.1, Sum:  0.3, Workers: 4
[106.758s][debug][gc,phases      ] GC(16)     Dead                           Min: 0, Avg:  0.0, Max: 0, Diff: 0, Sum: 0, Workers: 4
[106.758s][debug][gc,phases      ] GC(16)     Total                          Min: 0, Avg: 2255.2, Max: 3914, Diff: 3914, Sum: 9021, Workers: 4
[106.758s][debug][gc,phases      ] GC(16)   JNI Weak                       Min:  0.0, Avg:  0.0, Max:  0.0, Diff:  0.0, Sum:  0.0, Workers: 4
[106.758s][debug][gc,phases      ] GC(16)     Dead                           Min: 0, Avg:  0.0, Max: 0, Diff: 0, Sum: 0, Workers: 4
[106.758s][debug][gc,phases      ] GC(16)     Total                          Min: 0, Avg: 11.2, Max: 45, Diff: 45, Sum: 45, Workers: 4
[106.758s][debug][gc,phases      ] GC(16)   StringDedup Table Weak         Min:  0.0, Avg:  0.0, Max:  0.0, Diff:  0.0, Sum:  0.0, Workers: 4
[106.758s][debug][gc,phases      ] GC(16)     Dead                           Min: 0, Avg:  0.0, Max: 0, Diff: 0, Sum: 0, Workers: 4
[106.758s][debug][gc,phases      ] GC(16)     Total                          Min: 0, Avg:  0.0, Max: 0, Diff: 0, Sum: 0, Workers: 4
[106.758s][debug][gc,phases      ] GC(16)   StringDedup Requests0 Weak     Min:  0.0, Avg:  0.0, Max:  0.0, Diff:  0.0, Sum:  0.0, Workers: 4
[106.758s][debug][gc,phases      ] GC(16)     Dead                           Min: 0, Avg:  0.0, Max: 0, Diff: 0, Sum: 0, Workers: 4
[106.758s][debug][gc,phases      ] GC(16)     Total                          Min: 0, Avg:  0.0, Max: 0, Diff: 0, Sum: 0, Workers: 4
[106.758s][debug][gc,phases      ] GC(16)   StringDedup Requests1 Weak     Min:  0.0, Avg:  0.0, Max:  0.0, Diff:  0.0, Sum:  0.0, Workers: 4
[106.758s][debug][gc,phases      ] GC(16)     Dead                           Min: 0, Avg:  0.0, Max: 0, Diff: 0, Sum: 0, Workers: 4
[106.758s][debug][gc,phases      ] GC(16)     Total                          Min: 0, Avg:  0.0, Max: 0, Diff: 0, Sum: 0, Workers: 4
[106.758s][debug][gc,phases      ] GC(16)   Weak JFR Old Object Samples    Min:  0.0, Avg:  0.0, Max:  0.0, Diff:  0.0, Sum:  0.0, Workers: 4
[106.758s][debug][gc,phases      ] GC(16)     Dead                           Min: 0, Avg:  0.0, Max: 0, Diff: 0, Sum: 0, Workers: 4
[106.758s][debug][gc,phases      ] GC(16)     Total                          Min: 0, Avg:  0.0, Max: 0, Diff: 0, Sum: 0, Workers: 4
[106.758s][debug][gc,phases      ] GC(16) Weak Processing 0.647ms
[106.758s][debug][gc,age         ] GC(16) Desired survivor size 324534272 bytes, new threshold 15 (max threshold 15)
[106.758s][info ][gc,heap        ] GC(16) PSYoungGen: 1649372K(1754624K)->228076K(1780224K) Eden: 1421312K(1421312K)->0K(1455616K) From: 228060K(333312K)->228076K(324608K)
[106.758s][info ][gc,heap        ] GC(16) ParOldGen: 6235K(18944K)->6243K(18944K)
[106.758s][info ][gc,metaspace   ] GC(16) Metaspace: 79442K(80384K)->79442K(80384K) NonClass: 67786K(68288K)->67786K(68288K) Class: 11655K(12096K)->11655K(12096K)
[106.758s][info ][gc             ] GC(16) Pause Young (Allocation Failure) 1616M->228M(1757M) 84.481ms
[106.758s][info ][gc,cpu         ] GC(16) User=0.30s Sys=0.00s Real=0.09s
[106.758s][info ][safepoint      ] Safepoint "ParallelGCFailedAllocation", Time since last: 61379115 ns, Reaching safepoint: 3401 ns, Cleanup: 20500 ns, At safepoint: 84548935 ns, Total: 84572836 ns
[107.758s][info ][safepoint      ] Safepoint "Cleanup", Time since last: 1000087348 ns, Reaching safepoint: 4400 ns, Cleanup: 55000 ns, At safepoint: 3000 ns, Total: 62400 ns
[108.759s][info ][safepoint      ] Safepoint "Cleanup", Time since last: 1000115249 ns, Reaching safepoint: 8600 ns, Cleanup: 65000 ns, At safepoint: 13400 ns, Total: 87000 ns
[109.759s][info ][safepoint      ] Safepoint "Cleanup", Time since last: 1000113249 ns, Reaching safepoint: 5300 ns, Cleanup: 320201 ns, At safepoint: 29300 ns, Total: 354801 ns
[111.759s][info ][safepoint      ] Safepoint "Cleanup", Time since last: 2000161807 ns, Reaching safepoint: 4600 ns, Cleanup: 51901 ns, At safepoint: 3100 ns, Total: 59601 ns
[112.759s][info ][safepoint      ] Safepoint "Cleanup", Time since last: 1000105089 ns, Reaching safepoint: 4000 ns, Cleanup: 52600 ns, At safepoint: 2800 ns, Total: 59400 ns
[114.760s][info ][safepoint      ] Safepoint "Cleanup", Time since last: 2000192377 ns, Reaching safepoint: 6201 ns, Cleanup: 48800 ns, At safepoint: 2900 ns, Total: 57901 ns
[115.760s][info ][safepoint      ] Safepoint "Cleanup", Time since last: 1000127395 ns, Reaching safepoint: 5900 ns, Cleanup: 46300 ns, At safepoint: 3000 ns, Total: 55200 ns
[117.760s][info ][safepoint      ] Safepoint "Cleanup", Time since last: 2000171987 ns, Reaching safepoint: 5300 ns, Cleanup: 41101 ns, At safepoint: 2300 ns, Total: 48701 ns
[118.073s][info ][gc,start       ] GC(17) Pause Young (Allocation Failure)
[118.157s][debug][gc,phases      ] GC(17) Scavenge 83.279ms
[118.157s][debug][gc,ref         ] GC(17) Skipped phase 1 of Reference Processing: no references
[118.157s][debug][gc,ref         ] GC(17) ReferenceProcessor::execute queues: 4, RefProcThreadModel::Multi, marks_oops_alive: false
[118.158s][debug][gc,ref         ] GC(17) Skipped phase 3 of Reference Processing: no references
[118.158s][debug][gc,ref         ] GC(17) ReferenceProcessor::execute queues: 1, RefProcThreadModel::Single, marks_oops_alive: false
[118.158s][debug][gc,phases      ] GC(17) Reference Processing 0.704ms
[118.158s][debug][gc,phases      ] GC(17)   VM Weak                        Min:  0.0, Avg:  0.0, Max:  0.0, Diff:  0.0, Sum:  0.0, Workers: 4
[118.158s][debug][gc,phases      ] GC(17)     Dead                           Min: 0, Avg:  0.0, Max: 0, Diff: 0, Sum: 0, Workers: 4
[118.158s][debug][gc,phases      ] GC(17)     Total                          Min: 0, Avg: 171.5, Max: 366, Diff: 366, Sum: 686, Workers: 4
[118.158s][debug][gc,phases      ] GC(17)   ObjectSynchronizer Weak        Min:  0.0, Avg:  0.0, Max:  0.0, Diff:  0.0, Sum:  0.0, Workers: 4
[118.158s][debug][gc,phases      ] GC(17)     Dead                           Min: 0, Avg:  0.0, Max: 0, Diff: 0, Sum: 0, Workers: 4
[118.158s][debug][gc,phases      ] GC(17)     Total                          Min: 0, Avg:  1.0, Max: 4, Diff: 4, Sum: 4, Workers: 4
[118.158s][debug][gc,phases      ] GC(17)   JVMTI Tag Weak OopStorage      Min:  0.0, Avg:  0.0, Max:  0.0, Diff:  0.0, Sum:  0.0, Workers: 4
[118.158s][debug][gc,phases      ] GC(17)     Dead                           Min: 0, Avg:  0.0, Max: 0, Diff: 0, Sum: 0, Workers: 4
[118.158s][debug][gc,phases      ] GC(17)     Total                          Min: 0, Avg:  0.0, Max: 0, Diff: 0, Sum: 0, Workers: 4
[118.158s][debug][gc,phases      ] GC(17)   StringTable Weak               Min:  0.0, Avg:  0.3, Max:  0.4, Diff:  0.4, Sum:  1.1, Workers: 4
[118.158s][debug][gc,phases      ] GC(17)     Dead                           Min: 0, Avg:  0.0, Max: 0, Diff: 0, Sum: 0, Workers: 4
[118.158s][debug][gc,phases      ] GC(17)     Total                          Min: 0, Avg: 10592.0, Max: 17280, Diff: 17280, Sum: 42368, Workers: 4
[118.158s][debug][gc,phases      ] GC(17)   ResolvedMethodTable Weak       Min:  0.0, Avg:  0.1, Max:  0.1, Diff:  0.1, Sum:  0.3, Workers: 4
[118.158s][debug][gc,phases      ] GC(17)     Dead                           Min: 0, Avg:  0.0, Max: 0, Diff: 0, Sum: 0, Workers: 4
[118.158s][debug][gc,phases      ] GC(17)     Total                          Min: 0, Avg: 2255.2, Max: 3988, Diff: 3988, Sum: 9021, Workers: 4
[118.158s][debug][gc,phases      ] GC(17)   JNI Weak                       Min:  0.0, Avg:  0.0, Max:  0.0, Diff:  0.0, Sum:  0.0, Workers: 4
[118.158s][debug][gc,phases      ] GC(17)     Dead                           Min: 0, Avg:  0.0, Max: 0, Diff: 0, Sum: 0, Workers: 4
[118.158s][debug][gc,phases      ] GC(17)     Total                          Min: 0, Avg: 11.2, Max: 45, Diff: 45, Sum: 45, Workers: 4
[118.158s][debug][gc,phases      ] GC(17)   StringDedup Table Weak         Min:  0.0, Avg:  0.0, Max:  0.0, Diff:  0.0, Sum:  0.0, Workers: 4
[118.158s][debug][gc,phases      ] GC(17)     Dead                           Min: 0, Avg:  0.0, Max: 0, Diff: 0, Sum: 0, Workers: 4
[118.158s][debug][gc,phases      ] GC(17)     Total                          Min: 0, Avg:  0.0, Max: 0, Diff: 0, Sum: 0, Workers: 4
[118.158s][debug][gc,phases      ] GC(17)   StringDedup Requests0 Weak     Min:  0.0, Avg:  0.0, Max:  0.0, Diff:  0.0, Sum:  0.0, Workers: 4
[118.158s][debug][gc,phases      ] GC(17)     Dead                           Min: 0, Avg:  0.0, Max: 0, Diff: 0, Sum: 0, Workers: 4
[118.158s][debug][gc,phases      ] GC(17)     Total                          Min: 0, Avg:  0.0, Max: 0, Diff: 0, Sum: 0, Workers: 4
[118.158s][debug][gc,phases      ] GC(17)   StringDedup Requests1 Weak     Min:  0.0, Avg:  0.0, Max:  0.0, Diff:  0.0, Sum:  0.0, Workers: 4
[118.158s][debug][gc,phases      ] GC(17)     Dead                           Min: 0, Avg:  0.0, Max: 0, Diff: 0, Sum: 0, Workers: 4
[118.158s][debug][gc,phases      ] GC(17)     Total                          Min: 0, Avg:  0.0, Max: 0, Diff: 0, Sum: 0, Workers: 4
[118.158s][debug][gc,phases      ] GC(17)   Weak JFR Old Object Samples    Min:  0.0, Avg:  0.0, Max:  0.0, Diff:  0.0, Sum:  0.0, Workers: 4
[118.158s][debug][gc,phases      ] GC(17)     Dead                           Min: 0, Avg:  0.0, Max: 0, Diff: 0, Sum: 0, Workers: 4
[118.158s][debug][gc,phases      ] GC(17)     Total                          Min: 0, Avg:  0.0, Max: 0, Diff: 0, Sum: 0, Workers: 4
[118.158s][debug][gc,phases      ] GC(17) Weak Processing 0.660ms
[118.158s][debug][gc,age         ] GC(17) Desired survivor size 317194240 bytes, new threshold 15 (max threshold 15)
[118.158s][info ][gc,heap        ] GC(17) PSYoungGen: 1683692K(1780224K)->228045K(1772544K) Eden: 1455616K(1455616K)->0K(1455616K) From: 228076K(324608K)->228045K(316928K)
[118.158s][info ][gc,heap        ] GC(17) ParOldGen: 6243K(18944K)->6243K(18944K)
[118.158s][info ][gc,metaspace   ] GC(17) Metaspace: 79461K(80384K)->79461K(80384K) NonClass: 67805K(68288K)->67805K(68288K) Class: 11655K(12096K)->11655K(12096K)
[118.158s][info ][gc             ] GC(17) Pause Young (Allocation Failure) 1650M->228M(1749M) 84.776ms
[118.158s][info ][gc,cpu         ] GC(17) User=0.30s Sys=0.00s Real=0.09s
[118.158s][info ][safepoint      ] Safepoint "ParallelGCFailedAllocation", Time since last: 313211379 ns, Reaching safepoint: 4200 ns, Cleanup: 59301 ns, At safepoint: 84850428 ns, Total: 84913929 ns
[119.158s][info ][safepoint      ] Safepoint "Cleanup", Time since last: 1000087243 ns, Reaching safepoint: 5200 ns, Cleanup: 46601 ns, At safepoint: 3600 ns, Total: 55401 ns
[121.159s][info ][safepoint      ] Safepoint "Cleanup", Time since last: 2000180396 ns, Reaching safepoint: 4800 ns, Cleanup: 38400 ns, At safepoint: 7900 ns, Total: 51100 ns
[122.159s][info ][safepoint      ] Safepoint "Cleanup", Time since last: 1000113355 ns, Reaching safepoint: 5200 ns, Cleanup: 49900 ns, At safepoint: 2900 ns, Total: 58000 ns
[123.159s][info ][safepoint      ] Safepoint "Cleanup", Time since last: 1000108355 ns, Reaching safepoint: 4000 ns, Cleanup: 64600 ns, At safepoint: 3100 ns, Total: 71700 ns
[124.159s][info ][safepoint      ] Safepoint "Cleanup", Time since last: 1000067354 ns, Reaching safepoint: 5101 ns, Cleanup: 47400 ns, At safepoint: 2800 ns, Total: 55301 ns
[125.159s][info ][safepoint      ] Safepoint "Cleanup", Time since last: 1000104354 ns, Reaching safepoint: 5000 ns, Cleanup: 52301 ns, At safepoint: 7200 ns, Total: 64501 ns
[126.159s][info ][safepoint      ] Safepoint "Cleanup", Time since last: 1000106154 ns, Reaching safepoint: 5201 ns, Cleanup: 50400 ns, At safepoint: 2700 ns, Total: 58301 ns
[129.473s][info ][gc,start       ] GC(18) Pause Young (Allocation Failure)
[129.556s][debug][gc,phases      ] GC(18) Scavenge 83.578ms
[129.556s][debug][gc,ref         ] GC(18) Skipped phase 1 of Reference Processing: no references
[129.557s][debug][gc,ref         ] GC(18) ReferenceProcessor::execute queues: 4, RefProcThreadModel::Multi, marks_oops_alive: false
[129.557s][debug][gc,ref         ] GC(18) Skipped phase 3 of Reference Processing: no references
[129.557s][debug][gc,ref         ] GC(18) ReferenceProcessor::execute queues: 1, RefProcThreadModel::Single, marks_oops_alive: false
[129.557s][debug][gc,phases      ] GC(18) Reference Processing 0.778ms
[129.558s][debug][gc,phases      ] GC(18)   VM Weak                        Min:  0.0, Avg:  0.0, Max:  0.0, Diff:  0.0, Sum:  0.0, Workers: 4
[129.558s][debug][gc,phases      ] GC(18)     Dead                           Min: 0, Avg:  0.0, Max: 0, Diff: 0, Sum: 0, Workers: 4
[129.558s][debug][gc,phases      ] GC(18)     Total                          Min: 0, Avg: 171.5, Max: 384, Diff: 384, Sum: 686, Workers: 4
[129.558s][debug][gc,phases      ] GC(18)   ObjectSynchronizer Weak        Min:  0.0, Avg:  0.0, Max:  0.0, Diff:  0.0, Sum:  0.0, Workers: 4
[129.558s][debug][gc,phases      ] GC(18)     Dead                           Min: 0, Avg:  0.0, Max: 0, Diff: 0, Sum: 0, Workers: 4
[129.558s][debug][gc,phases      ] GC(18)     Total                          Min: 0, Avg:  1.0, Max: 4, Diff: 4, Sum: 4, Workers: 4
[129.558s][debug][gc,phases      ] GC(18)   JVMTI Tag Weak OopStorage      Min:  0.0, Avg:  0.0, Max:  0.0, Diff:  0.0, Sum:  0.0, Workers: 4
[129.558s][debug][gc,phases      ] GC(18)     Dead                           Min: 0, Avg:  0.0, Max: 0, Diff: 0, Sum: 0, Workers: 4
[129.558s][debug][gc,phases      ] GC(18)     Total                          Min: 0, Avg:  0.0, Max: 0, Diff: 0, Sum: 0, Workers: 4
[129.558s][debug][gc,phases      ] GC(18)   StringTable Weak               Min:  0.0, Avg:  0.3, Max:  0.4, Diff:  0.4, Sum:  1.1, Workers: 4
[129.558s][debug][gc,phases      ] GC(18)     Dead                           Min: 0, Avg:  0.0, Max: 0, Diff: 0, Sum: 0, Workers: 4
[129.558s][debug][gc,phases      ] GC(18)     Total                          Min: 0, Avg: 10593.2, Max: 17024, Diff: 17024, Sum: 42373, Workers: 4
[129.558s][debug][gc,phases      ] GC(18)   ResolvedMethodTable Weak       Min:  0.0, Avg:  0.1, Max:  0.1, Diff:  0.1, Sum:  0.3, Workers: 4
[129.558s][debug][gc,phases      ] GC(18)     Dead                           Min: 0, Avg:  0.0, Max: 0, Diff: 0, Sum: 0, Workers: 4
[129.558s][debug][gc,phases      ] GC(18)     Total                          Min: 0, Avg: 2255.2, Max: 4084, Diff: 4084, Sum: 9021, Workers: 4
[129.558s][debug][gc,phases      ] GC(18)   JNI Weak                       Min:  0.0, Avg:  0.0, Max:  0.0, Diff:  0.0, Sum:  0.0, Workers: 4
[129.558s][debug][gc,phases      ] GC(18)     Dead                           Min: 0, Avg:  0.0, Max: 0, Diff: 0, Sum: 0, Workers: 4
[129.558s][debug][gc,phases      ] GC(18)     Total                          Min: 0, Avg: 11.2, Max: 45, Diff: 45, Sum: 45, Workers: 4
[129.558s][debug][gc,phases      ] GC(18)   StringDedup Table Weak         Min:  0.0, Avg:  0.0, Max:  0.0, Diff:  0.0, Sum:  0.0, Workers: 4
[129.558s][debug][gc,phases      ] GC(18)     Dead                           Min: 0, Avg:  0.0, Max: 0, Diff: 0, Sum: 0, Workers: 4
[129.558s][debug][gc,phases      ] GC(18)     Total                          Min: 0, Avg:  0.0, Max: 0, Diff: 0, Sum: 0, Workers: 4
[129.558s][debug][gc,phases      ] GC(18)   StringDedup Requests0 Weak     Min:  0.0, Avg:  0.0, Max:  0.0, Diff:  0.0, Sum:  0.0, Workers: 4
[129.558s][debug][gc,phases      ] GC(18)     Dead                           Min: 0, Avg:  0.0, Max: 0, Diff: 0, Sum: 0, Workers: 4
[129.558s][debug][gc,phases      ] GC(18)     Total                          Min: 0, Avg:  0.0, Max: 0, Diff: 0, Sum: 0, Workers: 4
[129.558s][debug][gc,phases      ] GC(18)   StringDedup Requests1 Weak     Min:  0.0, Avg:  0.0, Max:  0.0, Diff:  0.0, Sum:  0.0, Workers: 4
[129.558s][debug][gc,phases      ] GC(18)     Dead                           Min: 0, Avg:  0.0, Max: 0, Diff: 0, Sum: 0, Workers: 4
[129.558s][debug][gc,phases      ] GC(18)     Total                          Min: 0, Avg:  0.0, Max: 0, Diff: 0, Sum: 0, Workers: 4
[129.558s][debug][gc,phases      ] GC(18)   Weak JFR Old Object Samples    Min:  0.0, Avg:  0.0, Max:  0.0, Diff:  0.0, Sum:  0.0, Workers: 4
[129.558s][debug][gc,phases      ] GC(18)     Dead                           Min: 0, Avg:  0.0, Max: 0, Diff: 0, Sum: 0, Workers: 4
[129.558s][debug][gc,phases      ] GC(18)     Total                          Min: 0, Avg:  0.0, Max: 0, Diff: 0, Sum: 0, Workers: 4
[129.558s][debug][gc,phases      ] GC(18) Weak Processing 0.668ms
[129.558s][debug][gc,age         ] GC(18) Desired survivor size 309854208 bytes, new threshold 15 (max threshold 15)
[129.558s][info ][gc,heap        ] GC(18) PSYoungGen: 1683661K(1772544K)->227930K(1794560K) Eden: 1455616K(1455616K)->0K(1484800K) From: 228045K(316928K)->227930K(309760K)
[129.558s][info ][gc,heap        ] GC(18) ParOldGen: 6243K(18944K)->6251K(18944K)
[129.558s][info ][gc,metaspace   ] GC(18) Metaspace: 79468K(80384K)->79468K(80384K) NonClass: 67812K(68288K)->67812K(68288K) Class: 11655K(12096K)->11655K(12096K)
[129.558s][info ][gc             ] GC(18) Pause Young (Allocation Failure) 1650M->228M(1771M) 85.175ms
[129.558s][info ][gc,cpu         ] GC(18) User=0.30s Sys=0.00s Real=0.09s
[129.558s][info ][safepoint      ] Safepoint "ParallelGCFailedAllocation", Time since last: 3313233206 ns, Reaching safepoint: 5400 ns, Cleanup: 25600 ns, At safepoint: 85248958 ns, Total: 85279958 ns
[130.558s][info ][safepoint      ] Safepoint "Cleanup", Time since last: 1000088778 ns, Reaching safepoint: 5000 ns, Cleanup: 58400 ns, At safepoint: 2700 ns, Total: 66100 ns
[141.074s][info ][gc,start       ] GC(19) Pause Young (Allocation Failure)
[141.161s][debug][gc,phases      ] GC(19) Scavenge 86.789ms
[141.161s][debug][gc,ref         ] GC(19) Skipped phase 1 of Reference Processing: no references
[141.161s][debug][gc,ref         ] GC(19) ReferenceProcessor::execute queues: 4, RefProcThreadModel::Multi, marks_oops_alive: false
[141.162s][debug][gc,ref         ] GC(19) Skipped phase 3 of Reference Processing: no references
[141.162s][debug][gc,ref         ] GC(19) ReferenceProcessor::execute queues: 1, RefProcThreadModel::Single, marks_oops_alive: false
[141.162s][debug][gc,phases      ] GC(19) Reference Processing 0.750ms
[141.162s][debug][gc,phases      ] GC(19)   VM Weak                        Min:  0.0, Avg:  0.0, Max:  0.0, Diff:  0.0, Sum:  0.0, Workers: 4
[141.162s][debug][gc,phases      ] GC(19)     Dead                           Min: 0, Avg:  0.0, Max: 0, Diff: 0, Sum: 0, Workers: 4
[141.162s][debug][gc,phases      ] GC(19)     Total                          Min: 0, Avg: 171.5, Max: 448, Diff: 448, Sum: 686, Workers: 4
[141.162s][debug][gc,phases      ] GC(19)   ObjectSynchronizer Weak        Min:  0.0, Avg:  0.0, Max:  0.0, Diff:  0.0, Sum:  0.0, Workers: 4
[141.162s][debug][gc,phases      ] GC(19)     Dead                           Min: 0, Avg:  0.0, Max: 0, Diff: 0, Sum: 0, Workers: 4
[141.162s][debug][gc,phases      ] GC(19)     Total                          Min: 0, Avg:  1.0, Max: 4, Diff: 4, Sum: 4, Workers: 4
[141.162s][debug][gc,phases      ] GC(19)   JVMTI Tag Weak OopStorage      Min:  0.0, Avg:  0.0, Max:  0.0, Diff:  0.0, Sum:  0.0, Workers: 4
[141.162s][debug][gc,phases      ] GC(19)     Dead                           Min: 0, Avg:  0.0, Max: 0, Diff: 0, Sum: 0, Workers: 4
[141.162s][debug][gc,phases      ] GC(19)     Total                          Min: 0, Avg:  0.0, Max: 0, Diff: 0, Sum: 0, Workers: 4
[141.162s][debug][gc,phases      ] GC(19)   StringTable Weak               Min:  0.0, Avg:  0.3, Max:  0.4, Diff:  0.4, Sum:  1.0, Workers: 4
[141.162s][debug][gc,phases      ] GC(19)     Dead                           Min: 0, Avg:  0.0, Max: 0, Diff: 0, Sum: 0, Workers: 4
[141.162s][debug][gc,phases      ] GC(19)     Total                          Min: 0, Avg: 10597.0, Max: 18112, Diff: 18112, Sum: 42388, Workers: 4
[141.162s][debug][gc,phases      ] GC(19)   ResolvedMethodTable Weak       Min:  0.0, Avg:  0.1, Max:  0.1, Diff:  0.1, Sum:  0.3, Workers: 4
[141.162s][debug][gc,phases      ] GC(19)     Dead                           Min: 0, Avg:  0.0, Max: 0, Diff: 0, Sum: 0, Workers: 4
[141.162s][debug][gc,phases      ] GC(19)     Total                          Min: 0, Avg: 2255.2, Max: 3695, Diff: 3695, Sum: 9021, Workers: 4
[141.162s][debug][gc,phases      ] GC(19)   JNI Weak                       Min:  0.0, Avg:  0.0, Max:  0.0, Diff:  0.0, Sum:  0.0, Workers: 4
[141.162s][debug][gc,phases      ] GC(19)     Dead                           Min: 0, Avg:  0.0, Max: 0, Diff: 0, Sum: 0, Workers: 4
[141.162s][debug][gc,phases      ] GC(19)     Total                          Min: 0, Avg: 11.2, Max: 45, Diff: 45, Sum: 45, Workers: 4
[141.162s][debug][gc,phases      ] GC(19)   StringDedup Table Weak         Min:  0.0, Avg:  0.0, Max:  0.0, Diff:  0.0, Sum:  0.0, Workers: 4
[141.162s][debug][gc,phases      ] GC(19)     Dead                           Min: 0, Avg:  0.0, Max: 0, Diff: 0, Sum: 0, Workers: 4
[141.162s][debug][gc,phases      ] GC(19)     Total                          Min: 0, Avg:  0.0, Max: 0, Diff: 0, Sum: 0, Workers: 4
[141.162s][debug][gc,phases      ] GC(19)   StringDedup Requests0 Weak     Min:  0.0, Avg:  0.0, Max:  0.0, Diff:  0.0, Sum:  0.0, Workers: 4
[141.162s][debug][gc,phases      ] GC(19)     Dead                           Min: 0, Avg:  0.0, Max: 0, Diff: 0, Sum: 0, Workers: 4
[141.162s][debug][gc,phases      ] GC(19)     Total                          Min: 0, Avg:  0.0, Max: 0, Diff: 0, Sum: 0, Workers: 4
[141.162s][debug][gc,phases      ] GC(19)   StringDedup Requests1 Weak     Min:  0.0, Avg:  0.0, Max:  0.0, Diff:  0.0, Sum:  0.0, Workers: 4
[141.162s][debug][gc,phases      ] GC(19)     Dead                           Min: 0, Avg:  0.0, Max: 0, Diff: 0, Sum: 0, Workers: 4
[141.162s][debug][gc,phases      ] GC(19)     Total                          Min: 0, Avg:  0.0, Max: 0, Diff: 0, Sum: 0, Workers: 4
[141.162s][debug][gc,phases      ] GC(19)   Weak JFR Old Object Samples    Min:  0.0, Avg:  0.0, Max:  0.0, Diff:  0.0, Sum:  0.0, Workers: 4
[141.162s][debug][gc,phases      ] GC(19)     Dead                           Min: 0, Avg:  0.0, Max: 0, Diff: 0, Sum: 0, Workers: 4
[141.162s][debug][gc,phases      ] GC(19)     Total                          Min: 0, Avg:  0.0, Max: 0, Diff: 0, Sum: 0, Workers: 4
[141.162s][debug][gc,phases      ] GC(19) Weak Processing 0.639ms
[141.162s][debug][gc,age         ] GC(19) Desired survivor size 305659904 bytes, new threshold 15 (max threshold 15)
[141.162s][info ][gc,heap        ] GC(19) PSYoungGen: 1712730K(1794560K)->203107K(1787392K) Eden: 1484800K(1484800K)->0K(1484800K) From: 227930K(309760K)->203107K(302592K)
[141.162s][info ][gc,heap        ] GC(19) ParOldGen: 6251K(18944K)->31252K(31744K)
[141.162s][info ][gc,metaspace   ] GC(19) Metaspace: 79470K(80384K)->79470K(80384K) NonClass: 67814K(68288K)->67814K(68288K) Class: 11655K(12096K)->11655K(12096K)
[141.162s][info ][gc             ] GC(19) Pause Young (Allocation Failure) 1678M->228M(1776M) 88.316ms
[141.162s][info ][gc,cpu         ] GC(19) User=0.30s Sys=0.00s Real=0.09s
[141.163s][debug][gc,phases      ] GC(20) Pre Compact 0.009ms
[141.163s][info ][gc,start       ] GC(20) Pause Full (Ergonomics)
[141.163s][info ][gc,phases,start] GC(20) Marking Phase
[141.251s][debug][gc,phases      ] GC(20) Par Mark 88.343ms
[141.251s][debug][gc,ref         ] GC(20) Skipped phase 1 of Reference Processing: no references
[141.251s][debug][gc,ref         ] GC(20) ReferenceProcessor::execute queues: 4, RefProcThreadModel::Multi, marks_oops_alive: false
[141.252s][debug][gc,ref         ] GC(20) Skipped phase 3 of Reference Processing: no references
[141.252s][debug][gc,ref         ] GC(20) ReferenceProcessor::execute queues: 1, RefProcThreadModel::Single, marks_oops_alive: false
[141.252s][debug][gc,phases      ] GC(20) Reference Processing 0.703ms
[141.252s][debug][gc,phases      ] GC(20)   VM Weak                        Min:  0.0, Avg:  0.0, Max:  0.0, Diff:  0.0, Sum:  0.0, Workers: 4
[141.252s][debug][gc,phases      ] GC(20)     Dead                           Min: 0, Avg:  0.0, Max: 0, Diff: 0, Sum: 0, Workers: 4
[141.252s][debug][gc,phases      ] GC(20)     Total                          Min: 46, Avg: 171.5, Max: 256, Diff: 210, Sum: 686, Workers: 4
[141.252s][debug][gc,phases      ] GC(20)   ObjectSynchronizer Weak        Min:  0.0, Avg:  0.0, Max:  0.0, Diff:  0.0, Sum:  0.0, Workers: 4
[141.252s][debug][gc,phases      ] GC(20)     Dead                           Min: 0, Avg:  0.0, Max: 0, Diff: 0, Sum: 0, Workers: 4
[141.252s][debug][gc,phases      ] GC(20)     Total                          Min: 0, Avg:  1.0, Max: 4, Diff: 4, Sum: 4, Workers: 4
[141.252s][debug][gc,phases      ] GC(20)   JVMTI Tag Weak OopStorage      Min:  0.0, Avg:  0.0, Max:  0.0, Diff:  0.0, Sum:  0.0, Workers: 4
[141.252s][debug][gc,phases      ] GC(20)     Dead                           Min: 0, Avg:  0.0, Max: 0, Diff: 0, Sum: 0, Workers: 4
[141.252s][debug][gc,phases      ] GC(20)     Total                          Min: 0, Avg:  0.0, Max: 0, Diff: 0, Sum: 0, Workers: 4
[141.252s][debug][gc,phases      ] GC(20)   StringTable Weak               Min:  0.2, Avg:  0.2, Max:  0.2, Diff:  0.0, Sum:  0.7, Workers: 4
[141.252s][debug][gc,phases      ] GC(20)     Dead                           Min: 0, Avg:  0.0, Max: 0, Diff: 0, Sum: 0, Workers: 4
[141.252s][debug][gc,phases      ] GC(20)     Total                          Min: 9984, Avg: 10597.0, Max: 11392, Diff: 1408, Sum: 42388, Workers: 4
[141.252s][debug][gc,phases      ] GC(20)   ResolvedMethodTable Weak       Min:  0.0, Avg:  0.0, Max:  0.0, Diff:  0.0, Sum:  0.1, Workers: 4
[141.252s][debug][gc,phases      ] GC(20)     Dead                           Min: 0, Avg:  0.0, Max: 0, Diff: 0, Sum: 0, Workers: 4
[141.252s][debug][gc,phases      ] GC(20)     Total                          Min: 1812, Avg: 2255.2, Max: 2508, Diff: 696, Sum: 9021, Workers: 4
[141.252s][debug][gc,phases      ] GC(20)   JNI Weak                       Min:  0.0, Avg:  0.0, Max:  0.0, Diff:  0.0, Sum:  0.0, Workers: 4
[141.252s][debug][gc,phases      ] GC(20)     Dead                           Min: 0, Avg:  0.0, Max: 0, Diff: 0, Sum: 0, Workers: 4
[141.252s][debug][gc,phases      ] GC(20)     Total                          Min: 0, Avg: 11.2, Max: 45, Diff: 45, Sum: 45, Workers: 4
[141.252s][debug][gc,phases      ] GC(20)   StringDedup Table Weak         Min:  0.0, Avg:  0.0, Max:  0.0, Diff:  0.0, Sum:  0.0, Workers: 4
[141.252s][debug][gc,phases      ] GC(20)     Dead                           Min: 0, Avg:  0.0, Max: 0, Diff: 0, Sum: 0, Workers: 4
[141.252s][debug][gc,phases      ] GC(20)     Total                          Min: 0, Avg:  0.0, Max: 0, Diff: 0, Sum: 0, Workers: 4
[141.252s][debug][gc,phases      ] GC(20)   StringDedup Requests0 Weak     Min:  0.0, Avg:  0.0, Max:  0.0, Diff:  0.0, Sum:  0.0, Workers: 4
[141.252s][debug][gc,phases      ] GC(20)     Dead                           Min: 0, Avg:  0.0, Max: 0, Diff: 0, Sum: 0, Workers: 4
[141.252s][debug][gc,phases      ] GC(20)     Total                          Min: 0, Avg:  0.0, Max: 0, Diff: 0, Sum: 0, Workers: 4
[141.252s][debug][gc,phases      ] GC(20)   StringDedup Requests1 Weak     Min:  0.0, Avg:  0.0, Max:  0.0, Diff:  0.0, Sum:  0.0, Workers: 4
[141.252s][debug][gc,phases      ] GC(20)     Dead                           Min: 0, Avg:  0.0, Max: 0, Diff: 0, Sum: 0, Workers: 4
[141.252s][debug][gc,phases      ] GC(20)     Total                          Min: 0, Avg:  0.0, Max: 0, Diff: 0, Sum: 0, Workers: 4
[141.252s][debug][gc,phases      ] GC(20)   Weak JFR Old Object Samples    Min:  0.0, Avg:  0.0, Max:  0.0, Diff:  0.0, Sum:  0.0, Workers: 4
[141.252s][debug][gc,phases      ] GC(20)     Dead                           Min: 0, Avg:  0.0, Max: 0, Diff: 0, Sum: 0, Workers: 4
[141.252s][debug][gc,phases      ] GC(20)     Total                          Min: 0, Avg:  0.0, Max: 0, Diff: 0, Sum: 0, Workers: 4
[141.252s][debug][gc,phases      ] GC(20) Weak Processing 0.368ms
[141.252s][debug][gc,phases      ] GC(20) ClassLoaderData 0.083ms
[141.252s][debug][gc,phases      ] GC(20) Trigger cleanups 0.000ms
[141.267s][debug][gc,phases      ] GC(20) Class Unloading 14.905ms
[141.267s][debug][gc,phases      ] GC(20) Report Object Count 0.001ms
[141.267s][info ][gc,phases      ] GC(20) Marking Phase 104.505ms
[141.267s][info ][gc,phases,start] GC(20) Summary Phase
[141.267s][info ][gc,phases      ] GC(20) Summary Phase 0.008ms
[141.267s][info ][gc,phases,start] GC(20) Adjust Roots
[141.285s][info ][gc,phases      ] GC(20) Adjust Roots 18.236ms
[141.285s][info ][gc,phases,start] GC(20) Compaction Phase
[142.068s][info ][gc,phases      ] GC(20) Compaction Phase 782.877ms
[142.068s][info ][gc,phases,start] GC(20) Post Compact
[142.071s][info ][gc,phases      ] GC(20) Post Compact 2.838ms
[142.071s][info ][gc,heap        ] GC(20) PSYoungGen: 203107K(1787392K)->201526K(1787392K) Eden: 0K(1484800K)->0K(1484800K) From: 203107K(302592K)->201526K(302592K)
[142.071s][info ][gc,heap        ] GC(20) ParOldGen: 31252K(31744K)->31605K(65024K)
[142.071s][info ][gc,metaspace   ] GC(20) Metaspace: 79470K(80384K)->79470K(80384K) NonClass: 67814K(68288K)->67814K(68288K) Class: 11655K(12096K)->11655K(12096K)
[142.071s][info ][gc             ] GC(20) Pause Full (Ergonomics) 228M->227M(1809M) 908.658ms
[142.071s][info ][gc,cpu         ] GC(20) User=2.14s Sys=0.03s Real=0.91s
[142.071s][info ][safepoint      ] Safepoint "ParallelGCFailedAllocation", Time since last: 10515962321 ns, Reaching safepoint: 5000 ns, Cleanup: 46500 ns, At safepoint: 997115200 ns, Total: 997166700 ns
[144.071s][info ][safepoint      ] Safepoint "Cleanup", Time since last: 2000157033 ns, Reaching safepoint: 5900 ns, Cleanup: 70200 ns, At safepoint: 3300 ns, Total: 79400 ns
[145.072s][info ][safepoint      ] Safepoint "Cleanup", Time since last: 1000117919 ns, Reaching safepoint: 5000 ns, Cleanup: 56601 ns, At safepoint: 14700 ns, Total: 76301 ns
[149.072s][info ][safepoint      ] Safepoint "Cleanup", Time since last: 4000311274 ns, Reaching safepoint: 6400 ns, Cleanup: 54000 ns, At safepoint: 11001 ns, Total: 71401 ns
[150.072s][info ][safepoint      ] Safepoint "Cleanup", Time since last: 1000114818 ns, Reaching safepoint: 73701 ns, Cleanup: 45700 ns, At safepoint: 8900 ns, Total: 128301 ns
[151.073s][info ][safepoint      ] Safepoint "Cleanup", Time since last: 1000123619 ns, Reaching safepoint: 72900 ns, Cleanup: 48001 ns, At safepoint: 9500 ns, Total: 130401 ns
[152.073s][info ][safepoint      ] Safepoint "Cleanup", Time since last: 1000148365 ns, Reaching safepoint: 64300 ns, Cleanup: 39801 ns, At safepoint: 11600 ns, Total: 115701 ns
[152.722s][info ][gc,start       ] GC(21) Pause Young (Allocation Failure)
[152.826s][debug][gc,phases      ] GC(21) Scavenge 103.131ms
[152.826s][debug][gc,ref         ] GC(21) Skipped phase 1 of Reference Processing: no references
[152.826s][debug][gc,ref         ] GC(21) ReferenceProcessor::execute queues: 4, RefProcThreadModel::Multi, marks_oops_alive: false
[152.826s][debug][gc,ref         ] GC(21) Skipped phase 3 of Reference Processing: no references
[152.826s][debug][gc,ref         ] GC(21) ReferenceProcessor::execute queues: 1, RefProcThreadModel::Single, marks_oops_alive: false
[152.826s][debug][gc,phases      ] GC(21) Reference Processing 0.678ms
[152.827s][debug][gc,phases      ] GC(21)   VM Weak                        Min:  0.0, Avg:  0.0, Max:  0.0, Diff:  0.0, Sum:  0.0, Workers: 4
[152.827s][debug][gc,phases      ] GC(21)     Dead                           Min: 0, Avg:  0.0, Max: 0, Diff: 0, Sum: 0, Workers: 4
[152.827s][debug][gc,phases      ] GC(21)     Total                          Min: 0, Avg: 171.5, Max: 384, Diff: 384, Sum: 686, Workers: 4
[152.827s][debug][gc,phases      ] GC(21)   ObjectSynchronizer Weak        Min:  0.0, Avg:  0.0, Max:  0.0, Diff:  0.0, Sum:  0.0, Workers: 4
[152.827s][debug][gc,phases      ] GC(21)     Dead                           Min: 0, Avg:  0.0, Max: 0, Diff: 0, Sum: 0, Workers: 4
[152.827s][debug][gc,phases      ] GC(21)     Total                          Min: 0, Avg:  1.0, Max: 4, Diff: 4, Sum: 4, Workers: 4
[152.827s][debug][gc,phases      ] GC(21)   JVMTI Tag Weak OopStorage      Min:  0.0, Avg:  0.0, Max:  0.0, Diff:  0.0, Sum:  0.0, Workers: 4
[152.827s][debug][gc,phases      ] GC(21)     Dead                           Min: 0, Avg:  0.0, Max: 0, Diff: 0, Sum: 0, Workers: 4
[152.827s][debug][gc,phases      ] GC(21)     Total                          Min: 0, Avg:  0.0, Max: 0, Diff: 0, Sum: 0, Workers: 4
[152.827s][debug][gc,phases      ] GC(21)   StringTable Weak               Min:  0.2, Avg:  0.2, Max:  0.2, Diff:  0.0, Sum:  1.0, Workers: 4
[152.827s][debug][gc,phases      ] GC(21)     Dead                           Min: 0, Avg:  0.0, Max: 0, Diff: 0, Sum: 0, Workers: 4
[152.827s][debug][gc,phases      ] GC(21)     Total                          Min: 10112, Avg: 10600.2, Max: 10849, Diff: 737, Sum: 42401, Workers: 4
[152.827s][debug][gc,phases      ] GC(21)   ResolvedMethodTable Weak       Min:  0.1, Avg:  0.1, Max:  0.1, Diff:  0.0, Sum:  0.3, Workers: 4
[152.827s][debug][gc,phases      ] GC(21)     Dead                           Min: 0, Avg:  0.0, Max: 0, Diff: 0, Sum: 0, Workers: 4
[152.827s][debug][gc,phases      ] GC(21)     Total                          Min: 1754, Avg: 2255.2, Max: 2569, Diff: 815, Sum: 9021, Workers: 4
[152.827s][debug][gc,phases      ] GC(21)   JNI Weak                       Min:  0.0, Avg:  0.0, Max:  0.0, Diff:  0.0, Sum:  0.0, Workers: 4
[152.827s][debug][gc,phases      ] GC(21)     Dead                           Min: 0, Avg:  0.0, Max: 0, Diff: 0, Sum: 0, Workers: 4
[152.827s][debug][gc,phases      ] GC(21)     Total                          Min: 0, Avg: 11.2, Max: 45, Diff: 45, Sum: 45, Workers: 4
[152.827s][debug][gc,phases      ] GC(21)   StringDedup Table Weak         Min:  0.0, Avg:  0.0, Max:  0.0, Diff:  0.0, Sum:  0.0, Workers: 4
[152.827s][debug][gc,phases      ] GC(21)     Dead                           Min: 0, Avg:  0.0, Max: 0, Diff: 0, Sum: 0, Workers: 4
[152.827s][debug][gc,phases      ] GC(21)     Total                          Min: 0, Avg:  0.0, Max: 0, Diff: 0, Sum: 0, Workers: 4
[152.827s][debug][gc,phases      ] GC(21)   StringDedup Requests0 Weak     Min:  0.0, Avg:  0.0, Max:  0.0, Diff:  0.0, Sum:  0.0, Workers: 4
[152.827s][debug][gc,phases      ] GC(21)     Dead                           Min: 0, Avg:  0.0, Max: 0, Diff: 0, Sum: 0, Workers: 4
[152.827s][debug][gc,phases      ] GC(21)     Total                          Min: 0, Avg:  0.0, Max: 0, Diff: 0, Sum: 0, Workers: 4
[152.827s][debug][gc,phases      ] GC(21)   StringDedup Requests1 Weak     Min:  0.0, Avg:  0.0, Max:  0.0, Diff:  0.0, Sum:  0.0, Workers: 4
[152.827s][debug][gc,phases      ] GC(21)     Dead                           Min: 0, Avg:  0.0, Max: 0, Diff: 0, Sum: 0, Workers: 4
[152.827s][debug][gc,phases      ] GC(21)     Total                          Min: 0, Avg:  0.0, Max: 0, Diff: 0, Sum: 0, Workers: 4
[152.827s][debug][gc,phases      ] GC(21)   Weak JFR Old Object Samples    Min:  0.0, Avg:  0.0, Max:  0.0, Diff:  0.0, Sum:  0.0, Workers: 4
[152.827s][debug][gc,phases      ] GC(21)     Dead                           Min: 0, Avg:  0.0, Max: 0, Diff: 0, Sum: 0, Workers: 4
[152.827s][debug][gc,phases      ] GC(21)     Total                          Min: 0, Avg:  0.0, Max: 0, Diff: 0, Sum: 0, Workers: 4
[152.827s][debug][gc,phases      ] GC(21) Weak Processing 0.504ms
[152.827s][debug][gc,age         ] GC(21) Desired survivor size 310378496 bytes, new threshold 15 (max threshold 15)
[152.827s][info ][gc,heap        ] GC(21) PSYoungGen: 1686326K(1787392K)->146458K(1789440K) Eden: 1484800K(1484800K)->0K(1490944K) From: 201526K(302592K)->146458K(298496K)
[152.827s][info ][gc,heap        ] GC(21) ParOldGen: 31605K(65024K)->87916K(88064K)
[152.827s][info ][gc,metaspace   ] GC(21) Metaspace: 79470K(80384K)->79470K(80384K) NonClass: 67814K(68288K)->67814K(68288K) Class: 11655K(12096K)->11655K(12096K)
[152.827s][info ][gc             ] GC(21) Pause Young (Allocation Failure) 1677M->228M(1833M) 104.431ms
[152.827s][info ][gc,cpu         ] GC(21) User=0.36s Sys=0.01s Real=0.10s
[152.827s][debug][gc,phases      ] GC(22) Pre Compact 0.009ms
[152.827s][info ][gc,start       ] GC(22) Pause Full (Ergonomics)
[152.827s][info ][gc,phases,start] GC(22) Marking Phase
[152.918s][debug][gc,phases      ] GC(22) Par Mark 90.635ms
[152.918s][debug][gc,ref         ] GC(22) Skipped phase 1 of Reference Processing: no references
[152.918s][debug][gc,ref         ] GC(22) ReferenceProcessor::execute queues: 4, RefProcThreadModel::Multi, marks_oops_alive: false
[152.918s][debug][gc,ref         ] GC(22) Skipped phase 3 of Reference Processing: no references
[152.918s][debug][gc,ref         ] GC(22) ReferenceProcessor::execute queues: 1, RefProcThreadModel::Single, marks_oops_alive: false
[152.918s][debug][gc,phases      ] GC(22) Reference Processing 0.652ms
[152.919s][debug][gc,phases      ] GC(22)   VM Weak                        Min:  0.0, Avg:  0.0, Max:  0.0, Diff:  0.0, Sum:  0.0, Workers: 4
[152.919s][debug][gc,phases      ] GC(22)     Dead                           Min: 0, Avg:  0.0, Max: 0, Diff: 0, Sum: 0, Workers: 4
[152.919s][debug][gc,phases      ] GC(22)     Total                          Min: 0, Avg: 171.5, Max: 448, Diff: 448, Sum: 686, Workers: 4
[152.919s][debug][gc,phases      ] GC(22)   ObjectSynchronizer Weak        Min:  0.0, Avg:  0.0, Max:  0.0, Diff:  0.0, Sum:  0.0, Workers: 4
[152.919s][debug][gc,phases      ] GC(22)     Dead                           Min: 0, Avg:  0.0, Max: 0, Diff: 0, Sum: 0, Workers: 4
[152.919s][debug][gc,phases      ] GC(22)     Total                          Min: 0, Avg:  1.0, Max: 4, Diff: 4, Sum: 4, Workers: 4
[152.919s][debug][gc,phases      ] GC(22)   JVMTI Tag Weak OopStorage      Min:  0.0, Avg:  0.0, Max:  0.0, Diff:  0.0, Sum:  0.0, Workers: 4
[152.919s][debug][gc,phases      ] GC(22)     Dead                           Min: 0, Avg:  0.0, Max: 0, Diff: 0, Sum: 0, Workers: 4
[152.919s][debug][gc,phases      ] GC(22)     Total                          Min: 0, Avg:  0.0, Max: 0, Diff: 0, Sum: 0, Workers: 4
[152.919s][debug][gc,phases      ] GC(22)   StringTable Weak               Min:  0.0, Avg:  0.1, Max:  0.2, Diff:  0.2, Sum:  0.6, Workers: 4
[152.919s][debug][gc,phases      ] GC(22)     Dead                           Min: 0, Avg:  0.0, Max: 0, Diff: 0, Sum: 0, Workers: 4
[152.919s][debug][gc,phases      ] GC(22)     Total                          Min: 0, Avg: 10600.2, Max: 14848, Diff: 14848, Sum: 42401, Workers: 4
[152.919s][debug][gc,phases      ] GC(22)   ResolvedMethodTable Weak       Min:  0.0, Avg:  0.0, Max:  0.0, Diff:  0.0, Sum:  0.1, Workers: 4
[152.919s][debug][gc,phases      ] GC(22)     Dead                           Min: 0, Avg:  0.0, Max: 0, Diff: 0, Sum: 0, Workers: 4
[152.919s][debug][gc,phases      ] GC(22)     Total                          Min: 0, Avg: 2255.2, Max: 3261, Diff: 3261, Sum: 9021, Workers: 4
[152.919s][debug][gc,phases      ] GC(22)   JNI Weak                       Min:  0.0, Avg:  0.0, Max:  0.0, Diff:  0.0, Sum:  0.0, Workers: 4
[152.919s][debug][gc,phases      ] GC(22)     Dead                           Min: 0, Avg:  0.0, Max: 0, Diff: 0, Sum: 0, Workers: 4
[152.919s][debug][gc,phases      ] GC(22)     Total                          Min: 0, Avg: 11.2, Max: 45, Diff: 45, Sum: 45, Workers: 4
[152.919s][debug][gc,phases      ] GC(22)   StringDedup Table Weak         Min:  0.0, Avg:  0.0, Max:  0.0, Diff:  0.0, Sum:  0.0, Workers: 4
[152.919s][debug][gc,phases      ] GC(22)     Dead                           Min: 0, Avg:  0.0, Max: 0, Diff: 0, Sum: 0, Workers: 4
[152.919s][debug][gc,phases      ] GC(22)     Total                          Min: 0, Avg:  0.0, Max: 0, Diff: 0, Sum: 0, Workers: 4
[152.919s][debug][gc,phases      ] GC(22)   StringDedup Requests0 Weak     Min:  0.0, Avg:  0.0, Max:  0.0, Diff:  0.0, Sum:  0.0, Workers: 4
[152.919s][debug][gc,phases      ] GC(22)     Dead                           Min: 0, Avg:  0.0, Max: 0, Diff: 0, Sum: 0, Workers: 4
[152.919s][debug][gc,phases      ] GC(22)     Total                          Min: 0, Avg:  0.0, Max: 0, Diff: 0, Sum: 0, Workers: 4
[152.919s][debug][gc,phases      ] GC(22)   StringDedup Requests1 Weak     Min:  0.0, Avg:  0.0, Max:  0.0, Diff:  0.0, Sum:  0.0, Workers: 4
[152.919s][debug][gc,phases      ] GC(22)     Dead                           Min: 0, Avg:  0.0, Max: 0, Diff: 0, Sum: 0, Workers: 4
[152.919s][debug][gc,phases      ] GC(22)     Total                          Min: 0, Avg:  0.0, Max: 0, Diff: 0, Sum: 0, Workers: 4
[152.919s][debug][gc,phases      ] GC(22)   Weak JFR Old Object Samples    Min:  0.0, Avg:  0.0, Max:  0.0, Diff:  0.0, Sum:  0.0, Workers: 4
[152.919s][debug][gc,phases      ] GC(22)     Dead                           Min: 0, Avg:  0.0, Max: 0, Diff: 0, Sum: 0, Workers: 4
[152.919s][debug][gc,phases      ] GC(22)     Total                          Min: 0, Avg:  0.0, Max: 0, Diff: 0, Sum: 0, Workers: 4
[152.919s][debug][gc,phases      ] GC(22) Weak Processing 0.425ms
[152.919s][debug][gc,phases      ] GC(22) ClassLoaderData 0.085ms
[152.919s][debug][gc,phases      ] GC(22) Trigger cleanups 0.000ms
[152.933s][debug][gc,phases      ] GC(22) Class Unloading 14.533ms
[152.933s][debug][gc,phases      ] GC(22) Report Object Count 0.001ms
[152.933s][info ][gc,phases      ] GC(22) Marking Phase 106.401ms
[152.933s][info ][gc,phases,start] GC(22) Summary Phase
[152.933s][info ][gc,phases      ] GC(22) Summary Phase 0.009ms
[152.933s][info ][gc,phases,start] GC(22) Adjust Roots
[152.951s][info ][gc,phases      ] GC(22) Adjust Roots 17.819ms
[152.951s][info ][gc,phases,start] GC(22) Compaction Phase
[153.329s][info ][gc,phases      ] GC(22) Compaction Phase 378.288ms
[153.329s][info ][gc,phases,start] GC(22) Post Compact
[153.331s][info ][gc,phases      ] GC(22) Post Compact 1.769ms
[153.331s][info ][gc,heap        ] GC(22) PSYoungGen: 146458K(1789440K)->145402K(1789440K) Eden: 0K(1490944K)->0K(1490944K) From: 146458K(298496K)->145402K(298496K)
[153.331s][info ][gc,heap        ] GC(22) ParOldGen: 87916K(88064K)->87629K(154112K)
[153.331s][info ][gc,metaspace   ] GC(22) Metaspace: 79470K(80384K)->79470K(80384K) NonClass: 67814K(68288K)->67814K(68288K) Class: 11655K(12096K)->11655K(12096K)
[153.331s][info ][gc             ] GC(22) Pause Full (Ergonomics) 228M->227M(1898M) 504.492ms
[153.331s][info ][gc,cpu         ] GC(22) User=1.35s Sys=0.00s Real=0.51s
[153.331s][info ][safepoint      ] Safepoint "ParallelGCFailedAllocation", Time since last: 649529301 ns, Reaching safepoint: 5000 ns, Cleanup: 34200 ns, At safepoint: 609059933 ns, Total: 609099133 ns
[154.332s][info ][safepoint      ] Safepoint "Cleanup", Time since last: 1000088259 ns, Reaching safepoint: 3900 ns, Cleanup: 49500 ns, At safepoint: 2200 ns, Total: 55600 ns
[157.332s][info ][safepoint      ] Safepoint "Cleanup", Time since last: 3000226475 ns, Reaching safepoint: 4100 ns, Cleanup: 53501 ns, At safepoint: 2700 ns, Total: 60301 ns
[160.332s][info ][safepoint      ] Safepoint "Cleanup", Time since last: 3000230653 ns, Reaching safepoint: 4300 ns, Cleanup: 35900 ns, At safepoint: 2600 ns, Total: 42800 ns
[162.332s][info ][safepoint      ] Safepoint "Cleanup", Time since last: 2000128012 ns, Reaching safepoint: 4200 ns, Cleanup: 42301 ns, At safepoint: 12200 ns, Total: 58701 ns
[163.333s][info ][safepoint      ] Safepoint "Cleanup", Time since last: 1000108756 ns, Reaching safepoint: 5900 ns, Cleanup: 52500 ns, At safepoint: 3500 ns, Total: 61900 ns
[164.333s][info ][safepoint      ] Safepoint "Cleanup", Time since last: 1000104756 ns, Reaching safepoint: 4501 ns, Cleanup: 62800 ns, At safepoint: 5400 ns, Total: 72701 ns
[164.374s][info ][gc,start       ] GC(23) Pause Young (Allocation Failure)
[164.475s][debug][gc,phases      ] GC(23) Scavenge 101.375ms
[164.475s][debug][gc,ref         ] GC(23) Skipped phase 1 of Reference Processing: no references
[164.475s][debug][gc,ref         ] GC(23) ReferenceProcessor::execute queues: 2, RefProcThreadModel::Multi, marks_oops_alive: false
[164.475s][debug][gc,ref         ] GC(23) Skipped phase 3 of Reference Processing: no references
[164.475s][debug][gc,ref         ] GC(23) ReferenceProcessor::execute queues: 1, RefProcThreadModel::Single, marks_oops_alive: false
[164.475s][debug][gc,phases      ] GC(23) Reference Processing 0.202ms
[164.476s][debug][gc,phases      ] GC(23)   VM Weak                        Min:  0.0, Avg:  0.0, Max:  0.0, Diff:  0.0, Sum:  0.0, Workers: 4
[164.476s][debug][gc,phases      ] GC(23)     Dead                           Min: 0, Avg:  0.0, Max: 0, Diff: 0, Sum: 0, Workers: 4
[164.476s][debug][gc,phases      ] GC(23)     Total                          Min: 46, Avg: 171.5, Max: 256, Diff: 210, Sum: 686, Workers: 4
[164.476s][debug][gc,phases      ] GC(23)   ObjectSynchronizer Weak        Min:  0.0, Avg:  0.0, Max:  0.0, Diff:  0.0, Sum:  0.0, Workers: 4
[164.476s][debug][gc,phases      ] GC(23)     Dead                           Min: 0, Avg:  0.0, Max: 0, Diff: 0, Sum: 0, Workers: 4
[164.476s][debug][gc,phases      ] GC(23)     Total                          Min: 0, Avg:  1.0, Max: 4, Diff: 4, Sum: 4, Workers: 4
[164.476s][debug][gc,phases      ] GC(23)   JVMTI Tag Weak OopStorage      Min:  0.0, Avg:  0.0, Max:  0.0, Diff:  0.0, Sum:  0.0, Workers: 4
[164.476s][debug][gc,phases      ] GC(23)     Dead                           Min: 0, Avg:  0.0, Max: 0, Diff: 0, Sum: 0, Workers: 4
[164.476s][debug][gc,phases      ] GC(23)     Total                          Min: 0, Avg:  0.0, Max: 0, Diff: 0, Sum: 0, Workers: 4
[164.476s][debug][gc,phases      ] GC(23)   StringTable Weak               Min:  0.2, Avg:  0.2, Max:  0.2, Diff:  0.0, Sum:  0.8, Workers: 4
[164.476s][debug][gc,phases      ] GC(23)     Dead                           Min: 0, Avg:  0.0, Max: 0, Diff: 0, Sum: 0, Workers: 4
[164.476s][debug][gc,phases      ] GC(23)     Total                          Min: 9600, Avg: 10600.5, Max: 11362, Diff: 1762, Sum: 42402, Workers: 4
[164.476s][debug][gc,phases      ] GC(23)   ResolvedMethodTable Weak       Min:  0.1, Avg:  0.1, Max:  0.1, Diff:  0.0, Sum:  0.3, Workers: 4
[164.476s][debug][gc,phases      ] GC(23)     Dead                           Min: 0, Avg:  0.0, Max: 0, Diff: 0, Sum: 0, Workers: 4
[164.476s][debug][gc,phases      ] GC(23)     Total                          Min: 1930, Avg: 2255.2, Max: 2399, Diff: 469, Sum: 9021, Workers: 4
[164.476s][debug][gc,phases      ] GC(23)   JNI Weak                       Min:  0.0, Avg:  0.0, Max:  0.0, Diff:  0.0, Sum:  0.0, Workers: 4
[164.476s][debug][gc,phases      ] GC(23)     Dead                           Min: 0, Avg:  0.0, Max: 0, Diff: 0, Sum: 0, Workers: 4
[164.476s][debug][gc,phases      ] GC(23)     Total                          Min: 0, Avg: 11.2, Max: 45, Diff: 45, Sum: 45, Workers: 4
[164.476s][debug][gc,phases      ] GC(23)   StringDedup Table Weak         Min:  0.0, Avg:  0.0, Max:  0.0, Diff:  0.0, Sum:  0.0, Workers: 4
[164.476s][debug][gc,phases      ] GC(23)     Dead                           Min: 0, Avg:  0.0, Max: 0, Diff: 0, Sum: 0, Workers: 4
[164.476s][debug][gc,phases      ] GC(23)     Total                          Min: 0, Avg:  0.0, Max: 0, Diff: 0, Sum: 0, Workers: 4
[164.476s][debug][gc,phases      ] GC(23)   StringDedup Requests0 Weak     Min:  0.0, Avg:  0.0, Max:  0.0, Diff:  0.0, Sum:  0.0, Workers: 4
[164.476s][debug][gc,phases      ] GC(23)     Dead                           Min: 0, Avg:  0.0, Max: 0, Diff: 0, Sum: 0, Workers: 4
[164.476s][debug][gc,phases      ] GC(23)     Total                          Min: 0, Avg:  0.0, Max: 0, Diff: 0, Sum: 0, Workers: 4
[164.476s][debug][gc,phases      ] GC(23)   StringDedup Requests1 Weak     Min:  0.0, Avg:  0.0, Max:  0.0, Diff:  0.0, Sum:  0.0, Workers: 4
[164.476s][debug][gc,phases      ] GC(23)     Dead                           Min: 0, Avg:  0.0, Max: 0, Diff: 0, Sum: 0, Workers: 4
[164.476s][debug][gc,phases      ] GC(23)     Total                          Min: 0, Avg:  0.0, Max: 0, Diff: 0, Sum: 0, Workers: 4
[164.476s][debug][gc,phases      ] GC(23)   Weak JFR Old Object Samples    Min:  0.0, Avg:  0.0, Max:  0.0, Diff:  0.0, Sum:  0.0, Workers: 4
[164.476s][debug][gc,phases      ] GC(23)     Dead                           Min: 0, Avg:  0.0, Max: 0, Diff: 0, Sum: 0, Workers: 4
[164.476s][debug][gc,phases      ] GC(23)     Total                          Min: 0, Avg:  0.0, Max: 0, Diff: 0, Sum: 0, Workers: 4
[164.476s][debug][gc,phases      ] GC(23) Weak Processing 0.423ms
[164.476s][debug][gc,age         ] GC(23) Desired survivor size 332922880 bytes, new threshold 15 (max threshold 15)
[164.476s][info ][gc,heap        ] GC(23) PSYoungGen: 1636346K(1789440K)->34542K(1525760K) Eden: 1490944K(1490944K)->0K(1490944K) From: 145402K(298496K)->34542K(34816K)
[164.476s][info ][gc,heap        ] GC(23) ParOldGen: 87629K(154112K)->202580K(202752K)
[164.476s][info ][gc,metaspace   ] GC(23) Metaspace: 79473K(80384K)->79473K(80384K) NonClass: 67818K(68288K)->67818K(68288K) Class: 11655K(12096K)->11655K(12096K)
[164.476s][info ][gc             ] GC(23) Pause Young (Allocation Failure) 1683M->231M(1688M) 102.123ms
[164.476s][info ][gc,cpu         ] GC(23) User=0.33s Sys=0.03s Real=0.10s
[164.476s][debug][gc,phases      ] GC(24) Pre Compact 0.008ms
[164.476s][info ][gc,start       ] GC(24) Pause Full (Ergonomics)
[164.476s][info ][gc,phases,start] GC(24) Marking Phase
[164.566s][debug][gc,phases      ] GC(24) Par Mark 90.118ms
[164.566s][debug][gc,ref         ] GC(24) Skipped phase 1 of Reference Processing: no references
[164.567s][debug][gc,ref         ] GC(24) ReferenceProcessor::execute queues: 4, RefProcThreadModel::Multi, marks_oops_alive: false
[164.567s][debug][gc,ref         ] GC(24) Skipped phase 3 of Reference Processing: no references
[164.567s][debug][gc,ref         ] GC(24) ReferenceProcessor::execute queues: 1, RefProcThreadModel::Single, marks_oops_alive: false
[164.567s][debug][gc,phases      ] GC(24) Reference Processing 0.755ms
[164.567s][debug][gc,phases      ] GC(24)   VM Weak                        Min:  0.0, Avg:  0.0, Max:  0.0, Diff:  0.0, Sum:  0.0, Workers: 4
[164.567s][debug][gc,phases      ] GC(24)     Dead                           Min: 0, Avg:  0.0, Max: 0, Diff: 0, Sum: 0, Workers: 4
[164.567s][debug][gc,phases      ] GC(24)     Total                          Min: 46, Avg: 171.5, Max: 256, Diff: 210, Sum: 686, Workers: 4
[164.567s][debug][gc,phases      ] GC(24)   ObjectSynchronizer Weak        Min:  0.0, Avg:  0.0, Max:  0.0, Diff:  0.0, Sum:  0.0, Workers: 4
[164.567s][debug][gc,phases      ] GC(24)     Dead                           Min: 0, Avg:  0.0, Max: 0, Diff: 0, Sum: 0, Workers: 4
[164.567s][debug][gc,phases      ] GC(24)     Total                          Min: 0, Avg:  1.0, Max: 4, Diff: 4, Sum: 4, Workers: 4
[164.567s][debug][gc,phases      ] GC(24)   JVMTI Tag Weak OopStorage      Min:  0.0, Avg:  0.0, Max:  0.0, Diff:  0.0, Sum:  0.0, Workers: 4
[164.567s][debug][gc,phases      ] GC(24)     Dead                           Min: 0, Avg:  0.0, Max: 0, Diff: 0, Sum: 0, Workers: 4
[164.567s][debug][gc,phases      ] GC(24)     Total                          Min: 0, Avg:  0.0, Max: 0, Diff: 0, Sum: 0, Workers: 4
[164.567s][debug][gc,phases      ] GC(24)   StringTable Weak               Min:  0.2, Avg:  0.2, Max:  0.2, Diff:  0.0, Sum:  0.7, Workers: 4
[164.567s][debug][gc,phases      ] GC(24)     Dead                           Min: 0, Avg:  0.0, Max: 0, Diff: 0, Sum: 0, Workers: 4
[164.567s][debug][gc,phases      ] GC(24)     Total                          Min: 9472, Avg: 10600.5, Max: 11456, Diff: 1984, Sum: 42402, Workers: 4
[164.567s][debug][gc,phases      ] GC(24)   ResolvedMethodTable Weak       Min:  0.0, Avg:  0.0, Max:  0.1, Diff:  0.0, Sum:  0.2, Workers: 4
[164.567s][debug][gc,phases      ] GC(24)     Dead                           Min: 0, Avg:  0.0, Max: 0, Diff: 0, Sum: 0, Workers: 4
[164.567s][debug][gc,phases      ] GC(24)     Total                          Min: 640, Avg: 2255.2, Max: 3107, Diff: 2467, Sum: 9021, Workers: 4
[164.567s][debug][gc,phases      ] GC(24)   JNI Weak                       Min:  0.0, Avg:  0.0, Max:  0.0, Diff:  0.0, Sum:  0.0, Workers: 4
[164.567s][debug][gc,phases      ] GC(24)     Dead                           Min: 0, Avg:  0.0, Max: 0, Diff: 0, Sum: 0, Workers: 4
[164.567s][debug][gc,phases      ] GC(24)     Total                          Min: 0, Avg: 11.2, Max: 45, Diff: 45, Sum: 45, Workers: 4
[164.567s][debug][gc,phases      ] GC(24)   StringDedup Table Weak         Min:  0.0, Avg:  0.0, Max:  0.0, Diff:  0.0, Sum:  0.0, Workers: 4
[164.567s][debug][gc,phases      ] GC(24)     Dead                           Min: 0, Avg:  0.0, Max: 0, Diff: 0, Sum: 0, Workers: 4
[164.567s][debug][gc,phases      ] GC(24)     Total                          Min: 0, Avg:  0.0, Max: 0, Diff: 0, Sum: 0, Workers: 4
[164.567s][debug][gc,phases      ] GC(24)   StringDedup Requests0 Weak     Min:  0.0, Avg:  0.0, Max:  0.0, Diff:  0.0, Sum:  0.0, Workers: 4
[164.567s][debug][gc,phases      ] GC(24)     Dead                           Min: 0, Avg:  0.0, Max: 0, Diff: 0, Sum: 0, Workers: 4
[164.567s][debug][gc,phases      ] GC(24)     Total                          Min: 0, Avg:  0.0, Max: 0, Diff: 0, Sum: 0, Workers: 4
[164.567s][debug][gc,phases      ] GC(24)   StringDedup Requests1 Weak     Min:  0.0, Avg:  0.0, Max:  0.0, Diff:  0.0, Sum:  0.0, Workers: 4
[164.567s][debug][gc,phases      ] GC(24)     Dead                           Min: 0, Avg:  0.0, Max: 0, Diff: 0, Sum: 0, Workers: 4
[164.567s][debug][gc,phases      ] GC(24)     Total                          Min: 0, Avg:  0.0, Max: 0, Diff: 0, Sum: 0, Workers: 4
[164.567s][debug][gc,phases      ] GC(24)   Weak JFR Old Object Samples    Min:  0.0, Avg:  0.0, Max:  0.0, Diff:  0.0, Sum:  0.0, Workers: 4
[164.567s][debug][gc,phases      ] GC(24)     Dead                           Min: 0, Avg:  0.0, Max: 0, Diff: 0, Sum: 0, Workers: 4
[164.567s][debug][gc,phases      ] GC(24)     Total                          Min: 0, Avg:  0.0, Max: 0, Diff: 0, Sum: 0, Workers: 4
[164.567s][debug][gc,phases      ] GC(24) Weak Processing 0.392ms
[164.567s][debug][gc,phases      ] GC(24) ClassLoaderData 0.079ms
[164.567s][debug][gc,phases      ] GC(24) Trigger cleanups 0.000ms
[164.582s][debug][gc,phases      ] GC(24) Class Unloading 14.318ms
[164.582s][debug][gc,phases      ] GC(24) Report Object Count 0.001ms
[164.582s][info ][gc,phases      ] GC(24) Marking Phase 105.726ms
[164.582s][info ][gc,phases,start] GC(24) Summary Phase
[164.582s][info ][gc,phases      ] GC(24) Summary Phase 0.008ms
[164.582s][info ][gc,phases,start] GC(24) Adjust Roots
[164.599s][info ][gc,phases      ] GC(24) Adjust Roots 17.545ms
[164.599s][info ][gc,phases,start] GC(24) Compaction Phase
[164.757s][info ][gc,phases      ] GC(24) Compaction Phase 157.245ms
[164.757s][info ][gc,phases,start] GC(24) Post Compact
[164.758s][info ][gc,phases      ] GC(24) Post Compact 1.109ms
[164.758s][info ][gc,heap        ] GC(24) PSYoungGen: 34542K(1525760K)->34319K(1525760K) Eden: 0K(1490944K)->0K(1490944K) From: 34542K(34816K)->34319K(34816K)
[164.758s][info ][gc,heap        ] GC(24) ParOldGen: 202580K(202752K)->198811K(324096K)
[164.758s][info ][gc,metaspace   ] GC(24) Metaspace: 79473K(80384K)->79473K(80384K) NonClass: 67818K(68288K)->67818K(68288K) Class: 11655K(12096K)->11655K(12096K)
[164.758s][info ][gc             ] GC(24) Pause Full (Ergonomics) 231M->227M(1806M) 281.918ms
[164.758s][info ][gc,cpu         ] GC(24) User=0.92s Sys=0.01s Real=0.29s
[164.758s][info ][safepoint      ] Safepoint "ParallelGCFailedAllocation", Time since last: 40997819 ns, Reaching safepoint: 4200 ns, Cleanup: 46001 ns, At safepoint: 384167157 ns, Total: 384217358 ns
[165.758s][info ][safepoint      ] Safepoint "Cleanup", Time since last: 1000081256 ns, Reaching safepoint: 4700 ns, Cleanup: 35600 ns, At safepoint: 2701 ns, Total: 43001 ns
[166.758s][info ][safepoint      ] Safepoint "Cleanup", Time since last: 1000122256 ns, Reaching safepoint: 4800 ns, Cleanup: 43900 ns, At safepoint: 2600 ns, Total: 51300 ns
[172.759s][info ][safepoint      ] Safepoint "Cleanup", Time since last: 6000413407 ns, Reaching safepoint: 4500 ns, Cleanup: 38700 ns, At safepoint: 2700 ns, Total: 45900 ns
[173.759s][info ][safepoint      ] Safepoint "Cleanup", Time since last: 1000107249 ns, Reaching safepoint: 4900 ns, Cleanup: 72701 ns, At safepoint: 2000 ns, Total: 79601 ns
[175.088s][info ][safepoint      ] Safepoint "Cleanup", Time since last: 1329300244 ns, Reaching safepoint: 4000 ns, Cleanup: 117001 ns, At safepoint: 10300 ns, Total: 131301 ns
[175.724s][info ][gc,start       ] GC(25) Pause Young (Allocation Failure)
[175.769s][debug][gc,phases      ] GC(25) Scavenge 45.507ms
[175.770s][debug][gc,ref         ] GC(25) Skipped phase 1 of Reference Processing: no references
[175.770s][debug][gc,ref         ] GC(25) ReferenceProcessor::execute queues: 1, RefProcThreadModel::Single, marks_oops_alive: false
[175.770s][debug][gc,ref         ] GC(25) Skipped phase 3 of Reference Processing: no references
[175.770s][debug][gc,ref         ] GC(25) ReferenceProcessor::execute queues: 1, RefProcThreadModel::Single, marks_oops_alive: false
[175.770s][debug][gc,phases      ] GC(25) Reference Processing 0.102ms
[175.770s][debug][gc,phases      ] GC(25)   VM Weak                        Min:  0.0, Avg:  0.0, Max:  0.0, Diff:  0.0, Sum:  0.0, Workers: 4
[175.770s][debug][gc,phases      ] GC(25)     Dead                           Min: 0, Avg:  0.0, Max: 0, Diff: 0, Sum: 0, Workers: 4
[175.770s][debug][gc,phases      ] GC(25)     Total                          Min: 0, Avg: 172.5, Max: 512, Diff: 512, Sum: 690, Workers: 4
[175.770s][debug][gc,phases      ] GC(25)   ObjectSynchronizer Weak        Min:  0.0, Avg:  0.0, Max:  0.0, Diff:  0.0, Sum:  0.0, Workers: 4
[175.770s][debug][gc,phases      ] GC(25)     Dead                           Min: 0, Avg:  0.0, Max: 0, Diff: 0, Sum: 0, Workers: 4
[175.770s][debug][gc,phases      ] GC(25)     Total                          Min: 0, Avg:  1.5, Max: 6, Diff: 6, Sum: 6, Workers: 4
[175.770s][debug][gc,phases      ] GC(25)   JVMTI Tag Weak OopStorage      Min:  0.0, Avg:  0.0, Max:  0.0, Diff:  0.0, Sum:  0.0, Workers: 4
[175.770s][debug][gc,phases      ] GC(25)     Dead                           Min: 0, Avg:  0.0, Max: 0, Diff: 0, Sum: 0, Workers: 4
[175.770s][debug][gc,phases      ] GC(25)     Total                          Min: 0, Avg:  0.0, Max: 0, Diff: 0, Sum: 0, Workers: 4
[175.770s][debug][gc,phases      ] GC(25)   StringTable Weak               Min:  0.0, Avg:  0.1, Max:  0.2, Diff:  0.1, Sum:  0.6, Workers: 4
[175.770s][debug][gc,phases      ] GC(25)     Dead                           Min: 0, Avg:  0.2, Max: 1, Diff: 1, Sum: 1, Workers: 4
[175.770s][debug][gc,phases      ] GC(25)     Total                          Min: 2150, Avg: 10617.5, Max: 14272, Diff: 12122, Sum: 42470, Workers: 4
[175.770s][debug][gc,phases      ] GC(25)   ResolvedMethodTable Weak       Min:  0.0, Avg:  0.0, Max:  0.0, Diff:  0.0, Sum:  0.1, Workers: 4
[175.770s][debug][gc,phases      ] GC(25)     Dead                           Min: 0, Avg:  0.0, Max: 0, Diff: 0, Sum: 0, Workers: 4
[175.770s][debug][gc,phases      ] GC(25)     Total                          Min: 2018, Avg: 2260.0, Max: 2510, Diff: 492, Sum: 9040, Workers: 4
[175.770s][debug][gc,phases      ] GC(25)   JNI Weak                       Min:  0.0, Avg:  0.0, Max:  0.0, Diff:  0.0, Sum:  0.0, Workers: 4
[175.770s][debug][gc,phases      ] GC(25)     Dead                           Min: 0, Avg:  0.0, Max: 0, Diff: 0, Sum: 0, Workers: 4
[175.770s][debug][gc,phases      ] GC(25)     Total                          Min: 0, Avg: 11.2, Max: 45, Diff: 45, Sum: 45, Workers: 4
[175.770s][debug][gc,phases      ] GC(25)   StringDedup Table Weak         Min:  0.0, Avg:  0.0, Max:  0.0, Diff:  0.0, Sum:  0.0, Workers: 4
[175.770s][debug][gc,phases      ] GC(25)     Dead                           Min: 0, Avg:  0.0, Max: 0, Diff: 0, Sum: 0, Workers: 4
[175.770s][debug][gc,phases      ] GC(25)     Total                          Min: 0, Avg:  0.0, Max: 0, Diff: 0, Sum: 0, Workers: 4
[175.770s][debug][gc,phases      ] GC(25)   StringDedup Requests0 Weak     Min:  0.0, Avg:  0.0, Max:  0.0, Diff:  0.0, Sum:  0.0, Workers: 4
[175.770s][debug][gc,phases      ] GC(25)     Dead                           Min: 0, Avg:  0.0, Max: 0, Diff: 0, Sum: 0, Workers: 4
[175.770s][debug][gc,phases      ] GC(25)     Total                          Min: 0, Avg:  0.0, Max: 0, Diff: 0, Sum: 0, Workers: 4
[175.770s][debug][gc,phases      ] GC(25)   StringDedup Requests1 Weak     Min:  0.0, Avg:  0.0, Max:  0.0, Diff:  0.0, Sum:  0.0, Workers: 4
[175.770s][debug][gc,phases      ] GC(25)     Dead                           Min: 0, Avg:  0.0, Max: 0, Diff: 0, Sum: 0, Workers: 4
[175.770s][debug][gc,phases      ] GC(25)     Total                          Min: 0, Avg:  0.0, Max: 0, Diff: 0, Sum: 0, Workers: 4
[175.770s][debug][gc,phases      ] GC(25)   Weak JFR Old Object Samples    Min:  0.0, Avg:  0.0, Max:  0.0, Diff:  0.0, Sum:  0.0, Workers: 4
[175.770s][debug][gc,phases      ] GC(25)     Dead                           Min: 0, Avg:  0.0, Max: 0, Diff: 0, Sum: 0, Workers: 4
[175.770s][debug][gc,phases      ] GC(25)     Total                          Min: 0, Avg:  0.0, Max: 0, Diff: 0, Sum: 0, Workers: 4
[175.770s][debug][gc,phases      ] GC(25) Weak Processing 0.389ms
[175.770s][debug][gc,age         ] GC(25) Desired survivor size 353370112 bytes, new threshold 15 (max threshold 15)
[175.770s][info ][gc,heap        ] GC(25) PSYoungGen: 1525263K(1525760K)->1184K(1732096K) Eden: 1490944K(1490944K)->0K(1406976K) From: 34319K(34816K)->1184K(325120K)
[175.770s][info ][gc,heap        ] GC(25) ParOldGen: 198811K(324096K)->232981K(324096K)
[175.770s][info ][gc,metaspace   ] GC(25) Metaspace: 79531K(80448K)->79531K(80448K) NonClass: 67866K(68352K)->67866K(68352K) Class: 11664K(12096K)->11664K(12096K)
[175.770s][info ][gc             ] GC(25) Pause Young (Allocation Failure) 1683M->228M(2008M) 46.116ms
[175.770s][info ][gc,cpu         ] GC(25) User=0.16s Sys=0.00s Real=0.05s
[175.770s][info ][safepoint      ] Safepoint "ParallelGCFailedAllocation", Time since last: 635574272 ns, Reaching safepoint: 5300 ns, Cleanup: 47700 ns, At safepoint: 46191738 ns, Total: 46244738 ns
[176.770s][info ][safepoint      ] Safepoint "Cleanup", Time since last: 1000082081 ns, Reaching safepoint: 5200 ns, Cleanup: 66701 ns, At safepoint: 2800 ns, Total: 74701 ns
[177.770s][info ][safepoint      ] Safepoint "Cleanup", Time since last: 1000105475 ns, Reaching safepoint: 5900 ns, Cleanup: 58501 ns, At safepoint: 2700 ns, Total: 67101 ns
[179.771s][info ][safepoint      ] Safepoint "Cleanup", Time since last: 2000166251 ns, Reaching safepoint: 4300 ns, Cleanup: 46100 ns, At safepoint: 2600 ns, Total: 53000 ns
[181.123s][info ][safepoint      ] Safepoint "Cleanup", Time since last: 1352545394 ns, Reaching safepoint: 75800 ns, Cleanup: 61301 ns, At safepoint: 9000 ns, Total: 146101 ns
[182.124s][info ][safepoint      ] Safepoint "Cleanup", Time since last: 1000112576 ns, Reaching safepoint: 76100 ns, Cleanup: 48100 ns, At safepoint: 6000 ns, Total: 130200 ns
[183.124s][info ][safepoint      ] Safepoint "Cleanup", Time since last: 1000113476 ns, Reaching safepoint: 72100 ns, Cleanup: 99301 ns, At safepoint: 6300 ns, Total: 177701 ns
[185.124s][info ][safepoint      ] Safepoint "Cleanup", Time since last: 2000183025 ns, Reaching safepoint: 5700 ns, Cleanup: 105800 ns, At safepoint: 10600 ns, Total: 122100 ns
[186.124s][info ][safepoint      ] Safepoint "Cleanup", Time since last: 1000124054 ns, Reaching safepoint: 76001 ns, Cleanup: 46300 ns, At safepoint: 8900 ns, Total: 131201 ns
[186.475s][info ][gc,start       ] GC(26) Pause Young (Allocation Failure)
[186.479s][debug][gc,phases      ] GC(26) Scavenge 3.556ms
[186.479s][debug][gc,ref         ] GC(26) Skipped phase 1 of Reference Processing: no references
[186.479s][debug][gc,ref         ] GC(26) ReferenceProcessor::execute queues: 1, RefProcThreadModel::Single, marks_oops_alive: false
[186.479s][debug][gc,ref         ] GC(26) Skipped phase 3 of Reference Processing: no references
[186.479s][debug][gc,ref         ] GC(26) ReferenceProcessor::execute queues: 1, RefProcThreadModel::Single, marks_oops_alive: false
[186.479s][debug][gc,phases      ] GC(26) Reference Processing 0.101ms
[186.479s][debug][gc,phases      ] GC(26)   VM Weak                        Min:  0.0, Avg:  0.0, Max:  0.0, Diff:  0.0, Sum:  0.0, Workers: 4
[186.479s][debug][gc,phases      ] GC(26)     Dead                           Min: 0, Avg:  0.0, Max: 0, Diff: 0, Sum: 0, Workers: 4
[186.479s][debug][gc,phases      ] GC(26)     Total                          Min: 0, Avg: 172.5, Max: 690, Diff: 690, Sum: 690, Workers: 4
[186.479s][debug][gc,phases      ] GC(26)   ObjectSynchronizer Weak        Min:  0.0, Avg:  0.0, Max:  0.0, Diff:  0.0, Sum:  0.0, Workers: 4
[186.479s][debug][gc,phases      ] GC(26)     Dead                           Min: 0, Avg:  0.0, Max: 0, Diff: 0, Sum: 0, Workers: 4
[186.479s][debug][gc,phases      ] GC(26)     Total                          Min: 0, Avg:  1.2, Max: 5, Diff: 5, Sum: 5, Workers: 4
[186.479s][debug][gc,phases      ] GC(26)   JVMTI Tag Weak OopStorage      Min:  0.0, Avg:  0.0, Max:  0.0, Diff:  0.0, Sum:  0.0, Workers: 4
[186.479s][debug][gc,phases      ] GC(26)     Dead                           Min: 0, Avg:  0.0, Max: 0, Diff: 0, Sum: 0, Workers: 4
[186.479s][debug][gc,phases      ] GC(26)     Total                          Min: 0, Avg:  0.0, Max: 0, Diff: 0, Sum: 0, Workers: 4
[186.479s][debug][gc,phases      ] GC(26)   StringTable Weak               Min:  0.0, Avg:  0.1, Max:  0.1, Diff:  0.1, Sum:  0.4, Workers: 4
[186.479s][debug][gc,phases      ] GC(26)     Dead                           Min: 0, Avg:  0.2, Max: 1, Diff: 1, Sum: 1, Workers: 4
[186.479s][debug][gc,phases      ] GC(26)     Total                          Min: 0, Avg: 10636.8, Max: 16511, Diff: 16511, Sum: 42547, Workers: 4
[186.479s][debug][gc,phases      ] GC(26)   ResolvedMethodTable Weak       Min:  0.0, Avg:  0.0, Max:  0.0, Diff:  0.0, Sum:  0.1, Workers: 4
[186.479s][debug][gc,phases      ] GC(26)     Dead                           Min: 0, Avg:  0.0, Max: 0, Diff: 0, Sum: 0, Workers: 4
[186.479s][debug][gc,phases      ] GC(26)     Total                          Min: 0, Avg: 2266.0, Max: 3495, Diff: 3495, Sum: 9064, Workers: 4
[186.479s][debug][gc,phases      ] GC(26)   JNI Weak                       Min:  0.0, Avg:  0.0, Max:  0.0, Diff:  0.0, Sum:  0.0, Workers: 4
[186.479s][debug][gc,phases      ] GC(26)     Dead                           Min: 0, Avg:  0.0, Max: 0, Diff: 0, Sum: 0, Workers: 4
[186.479s][debug][gc,phases      ] GC(26)     Total                          Min: 0, Avg: 11.2, Max: 45, Diff: 45, Sum: 45, Workers: 4
[186.479s][debug][gc,phases      ] GC(26)   StringDedup Table Weak         Min:  0.0, Avg:  0.0, Max:  0.0, Diff:  0.0, Sum:  0.0, Workers: 4
[186.479s][debug][gc,phases      ] GC(26)     Dead                           Min: 0, Avg:  0.0, Max: 0, Diff: 0, Sum: 0, Workers: 4
[186.479s][debug][gc,phases      ] GC(26)     Total                          Min: 0, Avg:  0.0, Max: 0, Diff: 0, Sum: 0, Workers: 4
[186.479s][debug][gc,phases      ] GC(26)   StringDedup Requests0 Weak     Min:  0.0, Avg:  0.0, Max:  0.0, Diff:  0.0, Sum:  0.0, Workers: 4
[186.479s][debug][gc,phases      ] GC(26)     Dead                           Min: 0, Avg:  0.0, Max: 0, Diff: 0, Sum: 0, Workers: 4
[186.479s][debug][gc,phases      ] GC(26)     Total                          Min: 0, Avg:  0.0, Max: 0, Diff: 0, Sum: 0, Workers: 4
[186.479s][debug][gc,phases      ] GC(26)   StringDedup Requests1 Weak     Min:  0.0, Avg:  0.0, Max:  0.0, Diff:  0.0, Sum:  0.0, Workers: 4
[186.479s][debug][gc,phases      ] GC(26)     Dead                           Min: 0, Avg:  0.0, Max: 0, Diff: 0, Sum: 0, Workers: 4
[186.479s][debug][gc,phases      ] GC(26)     Total                          Min: 0, Avg:  0.0, Max: 0, Diff: 0, Sum: 0, Workers: 4
[186.479s][debug][gc,phases      ] GC(26)   Weak JFR Old Object Samples    Min:  0.0, Avg:  0.0, Max:  0.0, Diff:  0.0, Sum:  0.0, Workers: 4
[186.479s][debug][gc,phases      ] GC(26)     Dead                           Min: 0, Avg:  0.0, Max: 0, Diff: 0, Sum: 0, Workers: 4
[186.479s][debug][gc,phases      ] GC(26)     Total                          Min: 0, Avg:  0.0, Max: 0, Diff: 0, Sum: 0, Workers: 4
[186.479s][debug][gc,phases      ] GC(26) Weak Processing 0.347ms
[186.479s][debug][gc,age         ] GC(26) Desired survivor size 367001600 bytes, new threshold 15 (max threshold 15)
[186.479s][info ][gc,heap        ] GC(26) PSYoungGen: 1408160K(1732096K)->704K(1408000K) Eden: 1406976K(1406976K)->0K(1406976K) From: 1184K(325120K)->704K(1024K)
[186.479s][info ][gc,heap        ] GC(26) ParOldGen: 232981K(324096K)->233621K(324096K)
[186.479s][info ][gc,metaspace   ] GC(26) Metaspace: 79623K(80512K)->79623K(80512K) NonClass: 67946K(68416K)->67946K(68416K) Class: 11677K(12096K)->11677K(12096K)
[186.479s][info ][gc             ] GC(26) Pause Young (Allocation Failure) 1602M->228M(1691M) 4.114ms
[186.479s][info ][gc,cpu         ] GC(26) User=0.00s Sys=0.01s Real=0.01s
[186.479s][info ][safepoint      ] Safepoint "ParallelGCFailedAllocation", Time since last: 350360395 ns, Reaching safepoint: 74301 ns, Cleanup: 43200 ns, At safepoint: 4179419 ns, Total: 4296920 ns
[187.479s][info ][safepoint      ] Safepoint "Cleanup", Time since last: 1000077954 ns, Reaching safepoint: 5400 ns, Cleanup: 46600 ns, At safepoint: 2400 ns, Total: 54400 ns
[188.479s][info ][safepoint      ] Safepoint "Cleanup", Time since last: 1000106054 ns, Reaching safepoint: 3900 ns, Cleanup: 51200 ns, At safepoint: 2500 ns, Total: 57600 ns
[190.480s][info ][safepoint      ] Safepoint "Cleanup", Time since last: 2000172620 ns, Reaching safepoint: 5000 ns, Cleanup: 48901 ns, At safepoint: 2100 ns, Total: 56001 ns
[193.480s][info ][safepoint      ] Safepoint "Cleanup", Time since last: 3000210735 ns, Reaching safepoint: 3800 ns, Cleanup: 47400 ns, At safepoint: 6400 ns, Total: 57600 ns
[197.480s][info ][safepoint      ] Safepoint "Cleanup", Time since last: 4000306190 ns, Reaching safepoint: 4800 ns, Cleanup: 45900 ns, At safepoint: 2400 ns, Total: 53100 ns
[197.623s][info ][gc,start       ] GC(27) Pause Young (Allocation Failure)
[197.625s][debug][gc,phases      ] GC(27) Scavenge 1.755ms
[197.625s][debug][gc,ref         ] GC(27) Skipped phase 1 of Reference Processing: no references
[197.625s][debug][gc,ref         ] GC(27) ReferenceProcessor::execute queues: 1, RefProcThreadModel::Single, marks_oops_alive: false
[197.625s][debug][gc,ref         ] GC(27) Skipped phase 3 of Reference Processing: no references
[197.625s][debug][gc,ref         ] GC(27) Skipped phase 4 of Reference Processing: no references
[197.625s][debug][gc,phases      ] GC(27) Reference Processing 0.094ms
[197.625s][debug][gc,phases      ] GC(27)   VM Weak                        Min:  0.0, Avg:  0.0, Max:  0.0, Diff:  0.0, Sum:  0.0, Workers: 4
[197.625s][debug][gc,phases      ] GC(27)     Dead                           Min: 0, Avg:  0.0, Max: 0, Diff: 0, Sum: 0, Workers: 4
[197.625s][debug][gc,phases      ] GC(27)     Total                          Min: 0, Avg: 172.5, Max: 512, Diff: 512, Sum: 690, Workers: 4
[197.625s][debug][gc,phases      ] GC(27)   ObjectSynchronizer Weak        Min:  0.0, Avg:  0.0, Max:  0.0, Diff:  0.0, Sum:  0.0, Workers: 4
[197.625s][debug][gc,phases      ] GC(27)     Dead                           Min: 0, Avg:  0.0, Max: 0, Diff: 0, Sum: 0, Workers: 4
[197.625s][debug][gc,phases      ] GC(27)     Total                          Min: 0, Avg:  1.2, Max: 5, Diff: 5, Sum: 5, Workers: 4
[197.625s][debug][gc,phases      ] GC(27)   JVMTI Tag Weak OopStorage      Min:  0.0, Avg:  0.0, Max:  0.0, Diff:  0.0, Sum:  0.0, Workers: 4
[197.625s][debug][gc,phases      ] GC(27)     Dead                           Min: 0, Avg:  0.0, Max: 0, Diff: 0, Sum: 0, Workers: 4
[197.625s][debug][gc,phases      ] GC(27)     Total                          Min: 0, Avg:  0.0, Max: 0, Diff: 0, Sum: 0, Workers: 4
[197.625s][debug][gc,phases      ] GC(27)   StringTable Weak               Min:  0.0, Avg:  0.1, Max:  0.1, Diff:  0.1, Sum:  0.4, Workers: 4
[197.625s][debug][gc,phases      ] GC(27)     Dead                           Min: 0, Avg:  0.0, Max: 0, Diff: 0, Sum: 0, Workers: 4
[197.625s][debug][gc,phases      ] GC(27)     Total                          Min: 0, Avg: 10637.2, Max: 19509, Diff: 19509, Sum: 42549, Workers: 4
[197.625s][debug][gc,phases      ] GC(27)   ResolvedMethodTable Weak       Min:  0.0, Avg:  0.0, Max:  0.0, Diff:  0.0, Sum:  0.1, Workers: 4
[197.625s][debug][gc,phases      ] GC(27)     Dead                           Min: 0, Avg:  0.0, Max: 0, Diff: 0, Sum: 0, Workers: 4
[197.625s][debug][gc,phases      ] GC(27)     Total                          Min: 0, Avg: 2266.0, Max: 3293, Diff: 3293, Sum: 9064, Workers: 4
[197.625s][debug][gc,phases      ] GC(27)   JNI Weak                       Min:  0.0, Avg:  0.0, Max:  0.0, Diff:  0.0, Sum:  0.0, Workers: 4
[197.625s][debug][gc,phases      ] GC(27)     Dead                           Min: 0, Avg:  0.0, Max: 0, Diff: 0, Sum: 0, Workers: 4
[197.625s][debug][gc,phases      ] GC(27)     Total                          Min: 0, Avg: 11.2, Max: 45, Diff: 45, Sum: 45, Workers: 4
[197.625s][debug][gc,phases      ] GC(27)   StringDedup Table Weak         Min:  0.0, Avg:  0.0, Max:  0.0, Diff:  0.0, Sum:  0.0, Workers: 4
[197.625s][debug][gc,phases      ] GC(27)     Dead                           Min: 0, Avg:  0.0, Max: 0, Diff: 0, Sum: 0, Workers: 4
[197.625s][debug][gc,phases      ] GC(27)     Total                          Min: 0, Avg:  0.0, Max: 0, Diff: 0, Sum: 0, Workers: 4
[197.625s][debug][gc,phases      ] GC(27)   StringDedup Requests0 Weak     Min:  0.0, Avg:  0.0, Max:  0.0, Diff:  0.0, Sum:  0.0, Workers: 4
[197.625s][debug][gc,phases      ] GC(27)     Dead                           Min: 0, Avg:  0.0, Max: 0, Diff: 0, Sum: 0, Workers: 4
[197.625s][debug][gc,phases      ] GC(27)     Total                          Min: 0, Avg:  0.0, Max: 0, Diff: 0, Sum: 0, Workers: 4
[197.625s][debug][gc,phases      ] GC(27)   StringDedup Requests1 Weak     Min:  0.0, Avg:  0.0, Max:  0.0, Diff:  0.0, Sum:  0.0, Workers: 4
[197.625s][debug][gc,phases      ] GC(27)     Dead                           Min: 0, Avg:  0.0, Max: 0, Diff: 0, Sum: 0, Workers: 4
[197.625s][debug][gc,phases      ] GC(27)     Total                          Min: 0, Avg:  0.0, Max: 0, Diff: 0, Sum: 0, Workers: 4
[197.625s][debug][gc,phases      ] GC(27)   Weak JFR Old Object Samples    Min:  0.0, Avg:  0.0, Max:  0.0, Diff:  0.0, Sum:  0.0, Workers: 4
[197.625s][debug][gc,phases      ] GC(27)     Dead                           Min: 0, Avg:  0.0, Max: 0, Diff: 0, Sum: 0, Workers: 4
[197.625s][debug][gc,phases      ] GC(27)     Total                          Min: 0, Avg:  0.0, Max: 0, Diff: 0, Sum: 0, Workers: 4
[197.625s][debug][gc,phases      ] GC(27) Weak Processing 0.383ms
[197.625s][debug][gc,age         ] GC(27) Desired survivor size 373817344 bytes, new threshold 15 (max threshold 15)
[197.625s][info ][gc,heap        ] GC(27) PSYoungGen: 1407680K(1408000K)->752K(1725440K) Eden: 1406976K(1406976K)->0K(1367040K) From: 704K(1024K)->752K(358400K)
[197.625s][info ][gc,heap        ] GC(27) ParOldGen: 233621K(324096K)->233653K(324096K)
[197.625s][info ][gc,metaspace   ] GC(27) Metaspace: 79630K(80512K)->79630K(80512K) NonClass: 67952K(68416K)->67952K(68416K) Class: 11678K(12096K)->11678K(12096K)
[197.625s][info ][gc             ] GC(27) Pause Young (Allocation Failure) 1602M->228M(2001M) 2.338ms
[197.625s][info ][gc,cpu         ] GC(27) User=0.01s Sys=0.00s Real=0.00s
[197.625s][info ][safepoint      ] Safepoint "ParallelGCFailedAllocation", Time since last: 142757796 ns, Reaching safepoint: 3900 ns, Cleanup: 33700 ns, At safepoint: 2404212 ns, Total: 2441812 ns
[201.626s][info ][safepoint      ] Safepoint "Cleanup", Time since last: 4000297116 ns, Reaching safepoint: 76000 ns, Cleanup: 41600 ns, At safepoint: 6200 ns, Total: 123800 ns
[203.626s][info ][safepoint      ] Safepoint "Cleanup", Time since last: 2000182615 ns, Reaching safepoint: 78900 ns, Cleanup: 46900 ns, At safepoint: 6700 ns, Total: 132500 ns
[204.627s][info ][safepoint      ] Safepoint "Cleanup", Time since last: 1000132108 ns, Reaching safepoint: 153801 ns, Cleanup: 41000 ns, At safepoint: 9400 ns, Total: 204201 ns
[207.627s][info ][safepoint      ] Safepoint "Cleanup", Time since last: 3000294321 ns, Reaching safepoint: 73901 ns, Cleanup: 41000 ns, At safepoint: 8000 ns, Total: 122901 ns
[208.375s][info ][gc,start       ] GC(28) Pause Young (Allocation Failure)
[208.376s][debug][gc,phases      ] GC(28) Scavenge 1.816ms
[208.376s][debug][gc,ref         ] GC(28) Skipped phase 1 of Reference Processing: no references
[208.377s][debug][gc,ref         ] GC(28) ReferenceProcessor::execute queues: 1, RefProcThreadModel::Single, marks_oops_alive: false
[208.377s][debug][gc,ref         ] GC(28) Skipped phase 3 of Reference Processing: no references
[208.377s][debug][gc,ref         ] GC(28) Skipped phase 4 of Reference Processing: no references
[208.377s][debug][gc,phases      ] GC(28) Reference Processing 0.103ms
[208.377s][debug][gc,phases      ] GC(28)   VM Weak                        Min:  0.0, Avg:  0.0, Max:  0.0, Diff:  0.0, Sum:  0.0, Workers: 4
[208.377s][debug][gc,phases      ] GC(28)     Dead                           Min: 0, Avg:  0.0, Max: 0, Diff: 0, Sum: 0, Workers: 4
[208.377s][debug][gc,phases      ] GC(28)     Total                          Min: 0, Avg: 172.5, Max: 562, Diff: 562, Sum: 690, Workers: 4
[208.377s][debug][gc,phases      ] GC(28)   ObjectSynchronizer Weak        Min:  0.0, Avg:  0.0, Max:  0.0, Diff:  0.0, Sum:  0.0, Workers: 4
[208.377s][debug][gc,phases      ] GC(28)     Dead                           Min: 0, Avg:  0.0, Max: 0, Diff: 0, Sum: 0, Workers: 4
[208.377s][debug][gc,phases      ] GC(28)     Total                          Min: 0, Avg:  1.2, Max: 5, Diff: 5, Sum: 5, Workers: 4
[208.377s][debug][gc,phases      ] GC(28)   JVMTI Tag Weak OopStorage      Min:  0.0, Avg:  0.0, Max:  0.0, Diff:  0.0, Sum:  0.0, Workers: 4
[208.377s][debug][gc,phases      ] GC(28)     Dead                           Min: 0, Avg:  0.0, Max: 0, Diff: 0, Sum: 0, Workers: 4
[208.377s][debug][gc,phases      ] GC(28)     Total                          Min: 0, Avg:  0.0, Max: 0, Diff: 0, Sum: 0, Workers: 4
[208.377s][debug][gc,phases      ] GC(28)   StringTable Weak               Min:  0.0, Avg:  0.1, Max:  0.1, Diff:  0.1, Sum:  0.4, Workers: 4
[208.377s][debug][gc,phases      ] GC(28)     Dead                           Min: 0, Avg:  0.0, Max: 0, Diff: 0, Sum: 0, Workers: 4
[208.377s][debug][gc,phases      ] GC(28)     Total                          Min: 0, Avg: 10637.5, Max: 17599, Diff: 17599, Sum: 42550, Workers: 4
[208.377s][debug][gc,phases      ] GC(28)   ResolvedMethodTable Weak       Min:  0.0, Avg:  0.0, Max:  0.0, Diff:  0.0, Sum:  0.1, Workers: 4
[208.377s][debug][gc,phases      ] GC(28)     Dead                           Min: 0, Avg:  0.0, Max: 0, Diff: 0, Sum: 0, Workers: 4
[208.377s][debug][gc,phases      ] GC(28)     Total                          Min: 0, Avg: 2266.0, Max: 3778, Diff: 3778, Sum: 9064, Workers: 4
[208.377s][debug][gc,phases      ] GC(28)   JNI Weak                       Min:  0.0, Avg:  0.0, Max:  0.0, Diff:  0.0, Sum:  0.0, Workers: 4
[208.377s][debug][gc,phases      ] GC(28)     Dead                           Min: 0, Avg:  0.0, Max: 0, Diff: 0, Sum: 0, Workers: 4
[208.377s][debug][gc,phases      ] GC(28)     Total                          Min: 0, Avg: 11.2, Max: 45, Diff: 45, Sum: 45, Workers: 4
[208.377s][debug][gc,phases      ] GC(28)   StringDedup Table Weak         Min:  0.0, Avg:  0.0, Max:  0.0, Diff:  0.0, Sum:  0.0, Workers: 4
[208.377s][debug][gc,phases      ] GC(28)     Dead                           Min: 0, Avg:  0.0, Max: 0, Diff: 0, Sum: 0, Workers: 4
[208.377s][debug][gc,phases      ] GC(28)     Total                          Min: 0, Avg:  0.0, Max: 0, Diff: 0, Sum: 0, Workers: 4
[208.377s][debug][gc,phases      ] GC(28)   StringDedup Requests0 Weak     Min:  0.0, Avg:  0.0, Max:  0.0, Diff:  0.0, Sum:  0.0, Workers: 4
[208.377s][debug][gc,phases      ] GC(28)     Dead                           Min: 0, Avg:  0.0, Max: 0, Diff: 0, Sum: 0, Workers: 4
[208.377s][debug][gc,phases      ] GC(28)     Total                          Min: 0, Avg:  0.0, Max: 0, Diff: 0, Sum: 0, Workers: 4
[208.377s][debug][gc,phases      ] GC(28)   StringDedup Requests1 Weak     Min:  0.0, Avg:  0.0, Max:  0.0, Diff:  0.0, Sum:  0.0, Workers: 4
[208.377s][debug][gc,phases      ] GC(28)     Dead                           Min: 0, Avg:  0.0, Max: 0, Diff: 0, Sum: 0, Workers: 4
[208.377s][debug][gc,phases      ] GC(28)     Total                          Min: 0, Avg:  0.0, Max: 0, Diff: 0, Sum: 0, Workers: 4
[208.377s][debug][gc,phases      ] GC(28)   Weak JFR Old Object Samples    Min:  0.0, Avg:  0.0, Max:  0.0, Diff:  0.0, Sum:  0.0, Workers: 4
[208.377s][debug][gc,phases      ] GC(28)     Dead                           Min: 0, Avg:  0.0, Max: 0, Diff: 0, Sum: 0, Workers: 4
[208.377s][debug][gc,phases      ] GC(28)     Total                          Min: 0, Avg:  0.0, Max: 0, Diff: 0, Sum: 0, Workers: 4
[208.377s][debug][gc,phases      ] GC(28) Weak Processing 0.362ms
[208.377s][debug][gc,age         ] GC(28) Desired survivor size 375914496 bytes, new threshold 15 (max threshold 15)
[208.377s][info ][gc,heap        ] GC(28) PSYoungGen: 1367792K(1725440K)->720K(1368064K) Eden: 1367040K(1367040K)->0K(1367040K) From: 752K(358400K)->720K(1024K)
[208.377s][info ][gc,heap        ] GC(28) ParOldGen: 233653K(324096K)->233685K(324096K)
[208.377s][info ][gc,metaspace   ] GC(28) Metaspace: 79633K(80512K)->79633K(80512K) NonClass: 67955K(68416K)->67955K(68416K) Class: 11678K(12096K)->11678K(12096K)
[208.377s][info ][gc             ] GC(28) Pause Young (Allocation Failure) 1563M->228M(1652M) 2.374ms
[208.377s][info ][gc,cpu         ] GC(28) User=0.00s Sys=0.00s Real=0.00s
[208.377s][info ][safepoint      ] Safepoint "ParallelGCFailedAllocation", Time since last: 747464989 ns, Reaching safepoint: 76300 ns, Cleanup: 39800 ns, At safepoint: 2447713 ns, Total: 2563813 ns
[217.378s][info ][safepoint      ] Safepoint "Cleanup", Time since last: 9000653827 ns, Reaching safepoint: 12800 ns, Cleanup: 34901 ns, At safepoint: 6500 ns, Total: 54201 ns
[219.127s][info ][gc,start       ] GC(29) Pause Young (Allocation Failure)
[219.130s][debug][gc,phases      ] GC(29) Scavenge 3.016ms
[219.131s][debug][gc,ref         ] GC(29) Skipped phase 1 of Reference Processing: no references
[219.131s][debug][gc,ref         ] GC(29) ReferenceProcessor::execute queues: 1, RefProcThreadModel::Single, marks_oops_alive: false
[219.131s][debug][gc,ref         ] GC(29) Skipped phase 3 of Reference Processing: no references
[219.131s][debug][gc,ref         ] GC(29) Skipped phase 4 of Reference Processing: no references
[219.131s][debug][gc,phases      ] GC(29) Reference Processing 0.109ms
[219.131s][debug][gc,phases      ] GC(29)   VM Weak                        Min:  0.0, Avg:  0.0, Max:  0.0, Diff:  0.0, Sum:  0.0, Workers: 4
[219.131s][debug][gc,phases      ] GC(29)     Dead                           Min: 0, Avg:  0.0, Max: 0, Diff: 0, Sum: 0, Workers: 4
[219.131s][debug][gc,phases      ] GC(29)     Total                          Min: 0, Avg: 172.5, Max: 690, Diff: 690, Sum: 690, Workers: 4
[219.131s][debug][gc,phases      ] GC(29)   ObjectSynchronizer Weak        Min:  0.0, Avg:  0.0, Max:  0.0, Diff:  0.0, Sum:  0.0, Workers: 4
[219.131s][debug][gc,phases      ] GC(29)     Dead                           Min: 0, Avg:  0.0, Max: 0, Diff: 0, Sum: 0, Workers: 4
[219.131s][debug][gc,phases      ] GC(29)     Total                          Min: 0, Avg:  1.2, Max: 5, Diff: 5, Sum: 5, Workers: 4
[219.131s][debug][gc,phases      ] GC(29)   JVMTI Tag Weak OopStorage      Min:  0.0, Avg:  0.0, Max:  0.0, Diff:  0.0, Sum:  0.0, Workers: 4
[219.131s][debug][gc,phases      ] GC(29)     Dead                           Min: 0, Avg:  0.0, Max: 0, Diff: 0, Sum: 0, Workers: 4
[219.131s][debug][gc,phases      ] GC(29)     Total                          Min: 0, Avg:  0.0, Max: 0, Diff: 0, Sum: 0, Workers: 4
[219.131s][debug][gc,phases      ] GC(29)   StringTable Weak               Min:  0.1, Avg:  0.1, Max:  0.1, Diff:  0.0, Sum:  0.4, Workers: 4
[219.131s][debug][gc,phases      ] GC(29)     Dead                           Min: 0, Avg:  0.0, Max: 0, Diff: 0, Sum: 0, Workers: 4
[219.131s][debug][gc,phases      ] GC(29)     Total                          Min: 9984, Avg: 10637.5, Max: 11135, Diff: 1151, Sum: 42550, Workers: 4
[219.131s][debug][gc,phases      ] GC(29)   ResolvedMethodTable Weak       Min:  0.0, Avg:  0.0, Max:  0.0, Diff:  0.0, Sum:  0.1, Workers: 4
[219.131s][debug][gc,phases      ] GC(29)     Dead                           Min: 0, Avg:  0.0, Max: 0, Diff: 0, Sum: 0, Workers: 4
[219.131s][debug][gc,phases      ] GC(29)     Total                          Min: 876, Avg: 2266.0, Max: 2795, Diff: 1919, Sum: 9064, Workers: 4
[219.131s][debug][gc,phases      ] GC(29)   JNI Weak                       Min:  0.0, Avg:  0.0, Max:  0.0, Diff:  0.0, Sum:  0.0, Workers: 4
[219.131s][debug][gc,phases      ] GC(29)     Dead                           Min: 0, Avg:  0.0, Max: 0, Diff: 0, Sum: 0, Workers: 4
[219.131s][debug][gc,phases      ] GC(29)     Total                          Min: 0, Avg: 11.2, Max: 45, Diff: 45, Sum: 45, Workers: 4
[219.131s][debug][gc,phases      ] GC(29)   StringDedup Table Weak         Min:  0.0, Avg:  0.0, Max:  0.0, Diff:  0.0, Sum:  0.0, Workers: 4
[219.131s][debug][gc,phases      ] GC(29)     Dead                           Min: 0, Avg:  0.0, Max: 0, Diff: 0, Sum: 0, Workers: 4
[219.131s][debug][gc,phases      ] GC(29)     Total                          Min: 0, Avg:  0.0, Max: 0, Diff: 0, Sum: 0, Workers: 4
[219.131s][debug][gc,phases      ] GC(29)   StringDedup Requests0 Weak     Min:  0.0, Avg:  0.0, Max:  0.0, Diff:  0.0, Sum:  0.0, Workers: 4
[219.131s][debug][gc,phases      ] GC(29)     Dead                           Min: 0, Avg:  0.0, Max: 0, Diff: 0, Sum: 0, Workers: 4
[219.131s][debug][gc,phases      ] GC(29)     Total                          Min: 0, Avg:  0.0, Max: 0, Diff: 0, Sum: 0, Workers: 4
[219.131s][debug][gc,phases      ] GC(29)   StringDedup Requests1 Weak     Min:  0.0, Avg:  0.0, Max:  0.0, Diff:  0.0, Sum:  0.0, Workers: 4
[219.131s][debug][gc,phases      ] GC(29)     Dead                           Min: 0, Avg:  0.0, Max: 0, Diff: 0, Sum: 0, Workers: 4
[219.131s][debug][gc,phases      ] GC(29)     Total                          Min: 0, Avg:  0.0, Max: 0, Diff: 0, Sum: 0, Workers: 4
[219.131s][debug][gc,phases      ] GC(29)   Weak JFR Old Object Samples    Min:  0.0, Avg:  0.0, Max:  0.0, Diff:  0.0, Sum:  0.0, Workers: 4
[219.131s][debug][gc,phases      ] GC(29)     Dead                           Min: 0, Avg:  0.0, Max: 0, Diff: 0, Sum: 0, Workers: 4
[219.131s][debug][gc,phases      ] GC(29)     Total                          Min: 0, Avg:  0.0, Max: 0, Diff: 0, Sum: 0, Workers: 4
[219.131s][debug][gc,phases      ] GC(29) Weak Processing 0.294ms
[219.131s][debug][gc,age         ] GC(29) Desired survivor size 373817344 bytes, new threshold 15 (max threshold 15)
[219.131s][info ][gc,heap        ] GC(29) PSYoungGen: 1367760K(1368064K)->640K(1732096K) Eden: 1367040K(1367040K)->0K(1364992K) From: 720K(1024K)->640K(367104K)
[219.131s][info ][gc,heap        ] GC(29) ParOldGen: 233685K(324096K)->233709K(324096K)
[219.131s][info ][gc,metaspace   ] GC(29) Metaspace: 79635K(80512K)->79635K(80512K) NonClass: 67957K(68416K)->67957K(68416K) Class: 11678K(12096K)->11678K(12096K)
[219.131s][info ][gc             ] GC(29) Pause Young (Allocation Failure) 1563M->228M(2008M) 4.391ms
[219.131s][info ][gc,cpu         ] GC(29) User=0.01s Sys=0.00s Real=0.01s
[219.131s][info ][safepoint      ] Safepoint "ParallelGCFailedAllocation", Time since last: 1749094744 ns, Reaching safepoint: 77100 ns, Cleanup: 27300 ns, At safepoint: 4457622 ns, Total: 4562022 ns
[222.132s][info ][safepoint      ] Safepoint "Cleanup", Time since last: 3000222427 ns, Reaching safepoint: 6800 ns, Cleanup: 48700 ns, At safepoint: 6300 ns, Total: 61800 ns
[228.132s][info ][safepoint      ] Safepoint "Cleanup", Time since last: 6000413271 ns, Reaching safepoint: 6500 ns, Cleanup: 28200 ns, At safepoint: 3000 ns, Total: 37700 ns
[229.132s][info ][safepoint      ] Safepoint "Cleanup", Time since last: 1000109463 ns, Reaching safepoint: 4900 ns, Cleanup: 25400 ns, At safepoint: 2900 ns, Total: 33200 ns
[229.973s][info ][gc,start       ] GC(30) Pause Young (Allocation Failure)
[229.975s][debug][gc,phases      ] GC(30) Scavenge 1.839ms
[229.975s][debug][gc,ref         ] GC(30) Skipped phase 1 of Reference Processing: no references
[229.975s][debug][gc,ref         ] GC(30) ReferenceProcessor::execute queues: 1, RefProcThreadModel::Single, marks_oops_alive: false
[229.975s][debug][gc,ref         ] GC(30) Skipped phase 3 of Reference Processing: no references
[229.975s][debug][gc,ref         ] GC(30) Skipped phase 4 of Reference Processing: no references
[229.975s][debug][gc,phases      ] GC(30) Reference Processing 0.103ms
[229.975s][debug][gc,phases      ] GC(30)   VM Weak                        Min:  0.0, Avg:  0.0, Max:  0.0, Diff:  0.0, Sum:  0.0, Workers: 4
[229.975s][debug][gc,phases      ] GC(30)     Dead                           Min: 0, Avg:  0.0, Max: 0, Diff: 0, Sum: 0, Workers: 4
[229.975s][debug][gc,phases      ] GC(30)     Total                          Min: 0, Avg: 172.5, Max: 626, Diff: 626, Sum: 690, Workers: 4
[229.975s][debug][gc,phases      ] GC(30)   ObjectSynchronizer Weak        Min:  0.0, Avg:  0.0, Max:  0.0, Diff:  0.0, Sum:  0.0, Workers: 4
[229.975s][debug][gc,phases      ] GC(30)     Dead                           Min: 0, Avg:  0.0, Max: 0, Diff: 0, Sum: 0, Workers: 4
[229.975s][debug][gc,phases      ] GC(30)     Total                          Min: 0, Avg:  1.2, Max: 5, Diff: 5, Sum: 5, Workers: 4
[229.975s][debug][gc,phases      ] GC(30)   JVMTI Tag Weak OopStorage      Min:  0.0, Avg:  0.0, Max:  0.0, Diff:  0.0, Sum:  0.0, Workers: 4
[229.975s][debug][gc,phases      ] GC(30)     Dead                           Min: 0, Avg:  0.0, Max: 0, Diff: 0, Sum: 0, Workers: 4
[229.975s][debug][gc,phases      ] GC(30)     Total                          Min: 0, Avg:  0.0, Max: 0, Diff: 0, Sum: 0, Workers: 4
[229.975s][debug][gc,phases      ] GC(30)   StringTable Weak               Min:  0.0, Avg:  0.1, Max:  0.1, Diff:  0.1, Sum:  0.4, Workers: 4
[229.975s][debug][gc,phases      ] GC(30)     Dead                           Min: 0, Avg:  0.0, Max: 0, Diff: 0, Sum: 0, Workers: 4
[229.975s][debug][gc,phases      ] GC(30)     Total                          Min: 0, Avg: 10637.5, Max: 15936, Diff: 15936, Sum: 42550, Workers: 4
[229.975s][debug][gc,phases      ] GC(30)   ResolvedMethodTable Weak       Min:  0.0, Avg:  0.0, Max:  0.0, Diff:  0.0, Sum:  0.1, Workers: 4
[229.975s][debug][gc,phases      ] GC(30)     Dead                           Min: 0, Avg:  0.0, Max: 0, Diff: 0, Sum: 0, Workers: 4
[229.975s][debug][gc,phases      ] GC(30)     Total                          Min: 0, Avg: 2266.0, Max: 3538, Diff: 3538, Sum: 9064, Workers: 4
[229.975s][debug][gc,phases      ] GC(30)   JNI Weak                       Min:  0.0, Avg:  0.0, Max:  0.0, Diff:  0.0, Sum:  0.0, Workers: 4
[229.975s][debug][gc,phases      ] GC(30)     Dead                           Min: 0, Avg:  0.0, Max: 0, Diff: 0, Sum: 0, Workers: 4
[229.975s][debug][gc,phases      ] GC(30)     Total                          Min: 0, Avg: 11.2, Max: 45, Diff: 45, Sum: 45, Workers: 4
[229.975s][debug][gc,phases      ] GC(30)   StringDedup Table Weak         Min:  0.0, Avg:  0.0, Max:  0.0, Diff:  0.0, Sum:  0.0, Workers: 4
[229.975s][debug][gc,phases      ] GC(30)     Dead                           Min: 0, Avg:  0.0, Max: 0, Diff: 0, Sum: 0, Workers: 4
[229.975s][debug][gc,phases      ] GC(30)     Total                          Min: 0, Avg:  0.0, Max: 0, Diff: 0, Sum: 0, Workers: 4
[229.975s][debug][gc,phases      ] GC(30)   StringDedup Requests0 Weak     Min:  0.0, Avg:  0.0, Max:  0.0, Diff:  0.0, Sum:  0.0, Workers: 4
[229.975s][debug][gc,phases      ] GC(30)     Dead                           Min: 0, Avg:  0.0, Max: 0, Diff: 0, Sum: 0, Workers: 4
[229.975s][debug][gc,phases      ] GC(30)     Total                          Min: 0, Avg:  0.0, Max: 0, Diff: 0, Sum: 0, Workers: 4
[229.975s][debug][gc,phases      ] GC(30)   StringDedup Requests1 Weak     Min:  0.0, Avg:  0.0, Max:  0.0, Diff:  0.0, Sum:  0.0, Workers: 4
[229.975s][debug][gc,phases      ] GC(30)     Dead                           Min: 0, Avg:  0.0, Max: 0, Diff: 0, Sum: 0, Workers: 4
[229.975s][debug][gc,phases      ] GC(30)     Total                          Min: 0, Avg:  0.0, Max: 0, Diff: 0, Sum: 0, Workers: 4
[229.975s][debug][gc,phases      ] GC(30)   Weak JFR Old Object Samples    Min:  0.0, Avg:  0.0, Max:  0.0, Diff:  0.0, Sum:  0.0, Workers: 4
[229.975s][debug][gc,phases      ] GC(30)     Dead                           Min: 0, Avg:  0.0, Max: 0, Diff: 0, Sum: 0, Workers: 4
[229.975s][debug][gc,phases      ] GC(30)     Total                          Min: 0, Avg:  0.0, Max: 0, Diff: 0, Sum: 0, Workers: 4
[229.975s][debug][gc,phases      ] GC(30) Weak Processing 0.343ms
[229.975s][debug][gc,age         ] GC(30) Desired survivor size 368574464 bytes, new threshold 15 (max threshold 15)
[229.975s][info ][gc,heap        ] GC(30) PSYoungGen: 1365632K(1732096K)->672K(1730048K) Eden: 1364992K(1364992K)->0K(1364992K) From: 640K(367104K)->672K(365056K)
[229.975s][info ][gc,heap        ] GC(30) ParOldGen: 233709K(324096K)->233733K(324096K)
[229.975s][info ][gc,metaspace   ] GC(30) Metaspace: 79642K(80576K)->79642K(80576K) NonClass: 67963K(68480K)->67963K(68480K) Class: 11678K(12096K)->11678K(12096K)
[229.975s][info ][gc             ] GC(30) Pause Young (Allocation Failure) 1561M->228M(2006M) 2.386ms
[229.975s][info ][gc,cpu         ] GC(30) User=0.01s Sys=0.00s Real=0.00s
[229.975s][info ][safepoint      ] Safepoint "ParallelGCFailedAllocation", Time since last: 840721856 ns, Reaching safepoint: 7200 ns, Cleanup: 28500 ns, At safepoint: 2459413 ns, Total: 2495113 ns
[231.976s][info ][safepoint      ] Safepoint "Cleanup", Time since last: 2000148522 ns, Reaching safepoint: 5500 ns, Cleanup: 66000 ns, At safepoint: 8400 ns, Total: 79900 ns
[236.976s][info ][safepoint      ] Safepoint "Cleanup", Time since last: 5000430307 ns, Reaching safepoint: 5800 ns, Cleanup: 40900 ns, At safepoint: 6800 ns, Total: 53500 ns
[240.728s][info ][gc,start       ] GC(31) Pause Young (Allocation Failure)
[240.731s][debug][gc,phases      ] GC(31) Scavenge 3.156ms
[240.731s][debug][gc,ref         ] GC(31) Skipped phase 1 of Reference Processing: no references
[240.731s][debug][gc,ref         ] GC(31) ReferenceProcessor::execute queues: 1, RefProcThreadModel::Single, marks_oops_alive: false
[240.731s][debug][gc,ref         ] GC(31) Skipped phase 3 of Reference Processing: no references
[240.731s][debug][gc,ref         ] GC(31) Skipped phase 4 of Reference Processing: no references
[240.731s][debug][gc,phases      ] GC(31) Reference Processing 0.113ms
[240.731s][debug][gc,phases      ] GC(31)   VM Weak                        Min:  0.0, Avg:  0.0, Max:  0.0, Diff:  0.0, Sum:  0.0, Workers: 4
[240.731s][debug][gc,phases      ] GC(31)     Dead                           Min: 0, Avg:  0.0, Max: 0, Diff: 0, Sum: 0, Workers: 4
[240.731s][debug][gc,phases      ] GC(31)     Total                          Min: 0, Avg: 172.5, Max: 690, Diff: 690, Sum: 690, Workers: 4
[240.731s][debug][gc,phases      ] GC(31)   ObjectSynchronizer Weak        Min:  0.0, Avg:  0.0, Max:  0.0, Diff:  0.0, Sum:  0.0, Workers: 4
[240.731s][debug][gc,phases      ] GC(31)     Dead                           Min: 0, Avg:  0.0, Max: 0, Diff: 0, Sum: 0, Workers: 4
[240.731s][debug][gc,phases      ] GC(31)     Total                          Min: 0, Avg:  1.0, Max: 4, Diff: 4, Sum: 4, Workers: 4
[240.731s][debug][gc,phases      ] GC(31)   JVMTI Tag Weak OopStorage      Min:  0.0, Avg:  0.0, Max:  0.0, Diff:  0.0, Sum:  0.0, Workers: 4
[240.731s][debug][gc,phases      ] GC(31)     Dead                           Min: 0, Avg:  0.0, Max: 0, Diff: 0, Sum: 0, Workers: 4
[240.731s][debug][gc,phases      ] GC(31)     Total                          Min: 0, Avg:  0.0, Max: 0, Diff: 0, Sum: 0, Workers: 4
[240.731s][debug][gc,phases      ] GC(31)   StringTable Weak               Min:  0.0, Avg:  0.1, Max:  0.2, Diff:  0.2, Sum:  0.4, Workers: 4
[240.731s][debug][gc,phases      ] GC(31)     Dead                           Min: 0, Avg:  0.0, Max: 0, Diff: 0, Sum: 0, Workers: 4
[240.731s][debug][gc,phases      ] GC(31)     Total                          Min: 0, Avg: 10637.8, Max: 15744, Diff: 15744, Sum: 42551, Workers: 4
[240.731s][debug][gc,phases      ] GC(31)   ResolvedMethodTable Weak       Min:  0.0, Avg:  0.0, Max:  0.0, Diff:  0.0, Sum:  0.1, Workers: 4
[240.731s][debug][gc,phases      ] GC(31)     Dead                           Min: 0, Avg:  0.0, Max: 0, Diff: 0, Sum: 0, Workers: 4
[240.731s][debug][gc,phases      ] GC(31)     Total                          Min: 0, Avg: 2266.0, Max: 3716, Diff: 3716, Sum: 9064, Workers: 4
[240.731s][debug][gc,phases      ] GC(31)   JNI Weak                       Min:  0.0, Avg:  0.0, Max:  0.0, Diff:  0.0, Sum:  0.0, Workers: 4
[240.731s][debug][gc,phases      ] GC(31)     Dead                           Min: 0, Avg:  0.0, Max: 0, Diff: 0, Sum: 0, Workers: 4
[240.731s][debug][gc,phases      ] GC(31)     Total                          Min: 0, Avg: 11.2, Max: 45, Diff: 45, Sum: 45, Workers: 4
[240.731s][debug][gc,phases      ] GC(31)   StringDedup Table Weak         Min:  0.0, Avg:  0.0, Max:  0.0, Diff:  0.0, Sum:  0.0, Workers: 4
[240.731s][debug][gc,phases      ] GC(31)     Dead                           Min: 0, Avg:  0.0, Max: 0, Diff: 0, Sum: 0, Workers: 4
[240.731s][debug][gc,phases      ] GC(31)     Total                          Min: 0, Avg:  0.0, Max: 0, Diff: 0, Sum: 0, Workers: 4
[240.731s][debug][gc,phases      ] GC(31)   StringDedup Requests0 Weak     Min:  0.0, Avg:  0.0, Max:  0.0, Diff:  0.0, Sum:  0.0, Workers: 4
[240.731s][debug][gc,phases      ] GC(31)     Dead                           Min: 0, Avg:  0.0, Max: 0, Diff: 0, Sum: 0, Workers: 4
[240.731s][debug][gc,phases      ] GC(31)     Total                          Min: 0, Avg:  0.0, Max: 0, Diff: 0, Sum: 0, Workers: 4
[240.731s][debug][gc,phases      ] GC(31)   StringDedup Requests1 Weak     Min:  0.0, Avg:  0.0, Max:  0.0, Diff:  0.0, Sum:  0.0, Workers: 4
[240.731s][debug][gc,phases      ] GC(31)     Dead                           Min: 0, Avg:  0.0, Max: 0, Diff: 0, Sum: 0, Workers: 4
[240.731s][debug][gc,phases      ] GC(31)     Total                          Min: 0, Avg:  0.0, Max: 0, Diff: 0, Sum: 0, Workers: 4
[240.731s][debug][gc,phases      ] GC(31)   Weak JFR Old Object Samples    Min:  0.0, Avg:  0.0, Max:  0.0, Diff:  0.0, Sum:  0.0, Workers: 4
[240.731s][debug][gc,phases      ] GC(31)     Dead                           Min: 0, Avg:  0.0, Max: 0, Diff: 0, Sum: 0, Workers: 4
[240.731s][debug][gc,phases      ] GC(31)     Total                          Min: 0, Avg:  0.0, Max: 0, Diff: 0, Sum: 0, Workers: 4
[240.731s][debug][gc,phases      ] GC(31) Weak Processing 0.453ms
[240.731s][debug][gc,age         ] GC(31) Desired survivor size 360185856 bytes, new threshold 15 (max threshold 15)
[240.731s][info ][gc,heap        ] GC(31) PSYoungGen: 1365664K(1730048K)->800K(1745408K) Eden: 1364992K(1364992K)->0K(1385472K) From: 672K(365056K)->800K(359936K)
[240.731s][info ][gc,heap        ] GC(31) ParOldGen: 233733K(324096K)->233757K(324096K)
[240.731s][info ][gc,metaspace   ] GC(31) Metaspace: 79650K(80576K)->79650K(80576K) NonClass: 67972K(68480K)->67972K(68480K) Class: 11678K(12096K)->11678K(12096K)
[240.731s][info ][gc             ] GC(31) Pause Young (Allocation Failure) 1561M->229M(2021M) 3.871ms
[240.731s][info ][gc,cpu         ] GC(31) User=0.01s Sys=0.00s Real=0.01s
[240.732s][info ][safepoint      ] Safepoint "ParallelGCFailedAllocation", Time since last: 3751404024 ns, Reaching safepoint: 4800 ns, Cleanup: 34200 ns, At safepoint: 3953020 ns, Total: 3992020 ns
[251.723s][info ][gc,start       ] GC(32) Pause Young (Allocation Failure)
[251.725s][debug][gc,phases      ] GC(32) Scavenge 1.727ms
[251.725s][debug][gc,ref         ] GC(32) Skipped phase 1 of Reference Processing: no references
[251.725s][debug][gc,ref         ] GC(32) ReferenceProcessor::execute queues: 1, RefProcThreadModel::Single, marks_oops_alive: false
[251.725s][debug][gc,ref         ] GC(32) Skipped phase 3 of Reference Processing: no references
[251.725s][debug][gc,ref         ] GC(32) Skipped phase 4 of Reference Processing: no references
[251.725s][debug][gc,phases      ] GC(32) Reference Processing 0.091ms
[251.725s][debug][gc,phases      ] GC(32)   VM Weak                        Min:  0.0, Avg:  0.0, Max:  0.0, Diff:  0.0, Sum:  0.0, Workers: 4
[251.725s][debug][gc,phases      ] GC(32)     Dead                           Min: 0, Avg:  0.0, Max: 0, Diff: 0, Sum: 0, Workers: 4
[251.725s][debug][gc,phases      ] GC(32)     Total                          Min: 0, Avg: 172.5, Max: 576, Diff: 576, Sum: 690, Workers: 4
[251.725s][debug][gc,phases      ] GC(32)   ObjectSynchronizer Weak        Min:  0.0, Avg:  0.0, Max:  0.0, Diff:  0.0, Sum:  0.0, Workers: 4
[251.725s][debug][gc,phases      ] GC(32)     Dead                           Min: 0, Avg:  0.0, Max: 0, Diff: 0, Sum: 0, Workers: 4
[251.725s][debug][gc,phases      ] GC(32)     Total                          Min: 0, Avg:  1.0, Max: 4, Diff: 4, Sum: 4, Workers: 4
[251.725s][debug][gc,phases      ] GC(32)   JVMTI Tag Weak OopStorage      Min:  0.0, Avg:  0.0, Max:  0.0, Diff:  0.0, Sum:  0.0, Workers: 4
[251.725s][debug][gc,phases      ] GC(32)     Dead                           Min: 0, Avg:  0.0, Max: 0, Diff: 0, Sum: 0, Workers: 4
[251.725s][debug][gc,phases      ] GC(32)     Total                          Min: 0, Avg:  0.0, Max: 0, Diff: 0, Sum: 0, Workers: 4
[251.725s][debug][gc,phases      ] GC(32)   StringTable Weak               Min:  0.1, Avg:  0.1, Max:  0.1, Diff:  0.0, Sum:  0.5, Workers: 4
[251.725s][debug][gc,phases      ] GC(32)     Dead                           Min: 0, Avg:  0.0, Max: 0, Diff: 0, Sum: 0, Workers: 4
[251.725s][debug][gc,phases      ] GC(32)     Total                          Min: 9664, Avg: 10637.8, Max: 11128, Diff: 1464, Sum: 42551, Workers: 4
[251.725s][debug][gc,phases      ] GC(32)   ResolvedMethodTable Weak       Min:  0.0, Avg:  0.0, Max:  0.0, Diff:  0.0, Sum:  0.1, Workers: 4
[251.725s][debug][gc,phases      ] GC(32)     Dead                           Min: 0, Avg:  0.0, Max: 0, Diff: 0, Sum: 0, Workers: 4
[251.725s][debug][gc,phases      ] GC(32)     Total                          Min: 2039, Avg: 2266.0, Max: 2451, Diff: 412, Sum: 9064, Workers: 4
[251.725s][debug][gc,phases      ] GC(32)   JNI Weak                       Min:  0.0, Avg:  0.0, Max:  0.0, Diff:  0.0, Sum:  0.0, Workers: 4
[251.725s][debug][gc,phases      ] GC(32)     Dead                           Min: 0, Avg:  0.0, Max: 0, Diff: 0, Sum: 0, Workers: 4
[251.725s][debug][gc,phases      ] GC(32)     Total                          Min: 0, Avg: 11.2, Max: 45, Diff: 45, Sum: 45, Workers: 4
[251.725s][debug][gc,phases      ] GC(32)   StringDedup Table Weak         Min:  0.0, Avg:  0.0, Max:  0.0, Diff:  0.0, Sum:  0.0, Workers: 4
[251.725s][debug][gc,phases      ] GC(32)     Dead                           Min: 0, Avg:  0.0, Max: 0, Diff: 0, Sum: 0, Workers: 4
[251.725s][debug][gc,phases      ] GC(32)     Total                          Min: 0, Avg:  0.0, Max: 0, Diff: 0, Sum: 0, Workers: 4
[251.725s][debug][gc,phases      ] GC(32)   StringDedup Requests0 Weak     Min:  0.0, Avg:  0.0, Max:  0.0, Diff:  0.0, Sum:  0.0, Workers: 4
[251.725s][debug][gc,phases      ] GC(32)     Dead                           Min: 0, Avg:  0.0, Max: 0, Diff: 0, Sum: 0, Workers: 4
[251.725s][debug][gc,phases      ] GC(32)     Total                          Min: 0, Avg:  0.0, Max: 0, Diff: 0, Sum: 0, Workers: 4
[251.725s][debug][gc,phases      ] GC(32)   StringDedup Requests1 Weak     Min:  0.0, Avg:  0.0, Max:  0.0, Diff:  0.0, Sum:  0.0, Workers: 4
[251.725s][debug][gc,phases      ] GC(32)     Dead                           Min: 0, Avg:  0.0, Max: 0, Diff: 0, Sum: 0, Workers: 4
[251.725s][debug][gc,phases      ] GC(32)     Total                          Min: 0, Avg:  0.0, Max: 0, Diff: 0, Sum: 0, Workers: 4
[251.725s][debug][gc,phases      ] GC(32)   Weak JFR Old Object Samples    Min:  0.0, Avg:  0.0, Max:  0.0, Diff:  0.0, Sum:  0.0, Workers: 4
[251.725s][debug][gc,phases      ] GC(32)     Dead                           Min: 0, Avg:  0.0, Max: 0, Diff: 0, Sum: 0, Workers: 4
[251.725s][debug][gc,phases      ] GC(32)     Total                          Min: 0, Avg:  0.0, Max: 0, Diff: 0, Sum: 0, Workers: 4
[251.725s][debug][gc,phases      ] GC(32) Weak Processing 0.336ms
[251.725s][debug][gc,age         ] GC(32) Desired survivor size 350224384 bytes, new threshold 15 (max threshold 15)
[251.725s][info ][gc,heap        ] GC(32) PSYoungGen: 1386272K(1745408K)->736K(1737216K) Eden: 1385472K(1385472K)->0K(1385472K) From: 800K(359936K)->736K(351744K)
[251.725s][info ][gc,heap        ] GC(32) ParOldGen: 233757K(324096K)->233781K(324096K)
[251.725s][info ][gc,metaspace   ] GC(32) Metaspace: 79650K(80576K)->79650K(80576K) NonClass: 67972K(68480K)->67972K(68480K) Class: 11678K(12096K)->11678K(12096K)
[251.725s][info ][gc             ] GC(32) Pause Young (Allocation Failure) 1582M->229M(2013M) 2.252ms
[251.725s][info ][gc,cpu         ] GC(32) User=0.01s Sys=0.00s Real=0.00s
[251.725s][info ][safepoint      ] Safepoint "ParallelGCFailedAllocation", Time since last: 10991575064 ns, Reaching safepoint: 4800 ns, Cleanup: 43500 ns, At safepoint: 2318512 ns, Total: 2366812 ns
[258.726s][info ][safepoint      ] Safepoint "Cleanup", Time since last: 7000542024 ns, Reaching safepoint: 73701 ns, Cleanup: 45300 ns, At safepoint: 7200 ns, Total: 126201 ns
[259.726s][info ][safepoint      ] Safepoint "Cleanup", Time since last: 1000093231 ns, Reaching safepoint: 4600 ns, Cleanup: 39000 ns, At safepoint: 2600 ns, Total: 46200 ns
[262.674s][info ][gc,start       ] GC(33) Pause Young (Allocation Failure)
[262.676s][debug][gc,phases      ] GC(33) Scavenge 1.652ms
[262.676s][debug][gc,ref         ] GC(33) Skipped phase 1 of Reference Processing: no references
[262.676s][debug][gc,ref         ] GC(33) ReferenceProcessor::execute queues: 1, RefProcThreadModel::Single, marks_oops_alive: false
[262.676s][debug][gc,ref         ] GC(33) Skipped phase 3 of Reference Processing: no references
[262.676s][debug][gc,ref         ] GC(33) Skipped phase 4 of Reference Processing: no references
[262.676s][debug][gc,phases      ] GC(33) Reference Processing 0.118ms
[262.677s][debug][gc,phases      ] GC(33)   VM Weak                        Min:  0.0, Avg:  0.0, Max:  0.0, Diff:  0.0, Sum:  0.0, Workers: 4
[262.677s][debug][gc,phases      ] GC(33)     Dead                           Min: 0, Avg:  0.0, Max: 0, Diff: 0, Sum: 0, Workers: 4
[262.677s][debug][gc,phases      ] GC(33)     Total                          Min: 0, Avg: 172.5, Max: 690, Diff: 690, Sum: 690, Workers: 4
[262.677s][debug][gc,phases      ] GC(33)   ObjectSynchronizer Weak        Min:  0.0, Avg:  0.0, Max:  0.0, Diff:  0.0, Sum:  0.0, Workers: 4
[262.677s][debug][gc,phases      ] GC(33)     Dead                           Min: 0, Avg:  0.0, Max: 0, Diff: 0, Sum: 0, Workers: 4
[262.677s][debug][gc,phases      ] GC(33)     Total                          Min: 0, Avg:  1.0, Max: 4, Diff: 4, Sum: 4, Workers: 4
[262.677s][debug][gc,phases      ] GC(33)   JVMTI Tag Weak OopStorage      Min:  0.0, Avg:  0.0, Max:  0.0, Diff:  0.0, Sum:  0.0, Workers: 4
[262.677s][debug][gc,phases      ] GC(33)     Dead                           Min: 0, Avg:  0.0, Max: 0, Diff: 0, Sum: 0, Workers: 4
[262.677s][debug][gc,phases      ] GC(33)     Total                          Min: 0, Avg:  0.0, Max: 0, Diff: 0, Sum: 0, Workers: 4
[262.677s][debug][gc,phases      ] GC(33)   StringTable Weak               Min:  0.0, Avg:  0.1, Max:  0.1, Diff:  0.1, Sum:  0.4, Workers: 4
[262.677s][debug][gc,phases      ] GC(33)     Dead                           Min: 0, Avg:  0.0, Max: 0, Diff: 0, Sum: 0, Workers: 4
[262.677s][debug][gc,phases      ] GC(33)     Total                          Min: 0, Avg: 10638.2, Max: 19455, Diff: 19455, Sum: 42553, Workers: 4
[262.677s][debug][gc,phases      ] GC(33)   ResolvedMethodTable Weak       Min:  0.0, Avg:  0.0, Max:  0.0, Diff:  0.0, Sum:  0.1, Workers: 4
[262.677s][debug][gc,phases      ] GC(33)     Dead                           Min: 0, Avg:  0.0, Max: 0, Diff: 0, Sum: 0, Workers: 4
[262.677s][debug][gc,phases      ] GC(33)     Total                          Min: 0, Avg: 2266.0, Max: 4120, Diff: 4120, Sum: 9064, Workers: 4
[262.677s][debug][gc,phases      ] GC(33)   JNI Weak                       Min:  0.0, Avg:  0.0, Max:  0.0, Diff:  0.0, Sum:  0.0, Workers: 4
[262.677s][debug][gc,phases      ] GC(33)     Dead                           Min: 0, Avg:  0.0, Max: 0, Diff: 0, Sum: 0, Workers: 4
[262.677s][debug][gc,phases      ] GC(33)     Total                          Min: 0, Avg: 11.2, Max: 45, Diff: 45, Sum: 45, Workers: 4
[262.677s][debug][gc,phases      ] GC(33)   StringDedup Table Weak         Min:  0.0, Avg:  0.0, Max:  0.0, Diff:  0.0, Sum:  0.0, Workers: 4
[262.677s][debug][gc,phases      ] GC(33)     Dead                           Min: 0, Avg:  0.0, Max: 0, Diff: 0, Sum: 0, Workers: 4
[262.677s][debug][gc,phases      ] GC(33)     Total                          Min: 0, Avg:  0.0, Max: 0, Diff: 0, Sum: 0, Workers: 4
[262.677s][debug][gc,phases      ] GC(33)   StringDedup Requests0 Weak     Min:  0.0, Avg:  0.0, Max:  0.0, Diff:  0.0, Sum:  0.0, Workers: 4
[262.677s][debug][gc,phases      ] GC(33)     Dead                           Min: 0, Avg:  0.0, Max: 0, Diff: 0, Sum: 0, Workers: 4
[262.677s][debug][gc,phases      ] GC(33)     Total                          Min: 0, Avg:  0.0, Max: 0, Diff: 0, Sum: 0, Workers: 4
[262.677s][debug][gc,phases      ] GC(33)   StringDedup Requests1 Weak     Min:  0.0, Avg:  0.0, Max:  0.0, Diff:  0.0, Sum:  0.0, Workers: 4
[262.677s][debug][gc,phases      ] GC(33)     Dead                           Min: 0, Avg:  0.0, Max: 0, Diff: 0, Sum: 0, Workers: 4
[262.677s][debug][gc,phases      ] GC(33)     Total                          Min: 0, Avg:  0.0, Max: 0, Diff: 0, Sum: 0, Workers: 4
[262.677s][debug][gc,phases      ] GC(33)   Weak JFR Old Object Samples    Min:  0.0, Avg:  0.0, Max:  0.0, Diff:  0.0, Sum:  0.0, Workers: 4
[262.677s][debug][gc,phases      ] GC(33)     Dead                           Min: 0, Avg:  0.0, Max: 0, Diff: 0, Sum: 0, Workers: 4
[262.677s][debug][gc,phases      ] GC(33)     Total                          Min: 0, Avg:  0.0, Max: 0, Diff: 0, Sum: 0, Workers: 4
[262.677s][debug][gc,phases      ] GC(33) Weak Processing 0.384ms
[262.677s][debug][gc,age         ] GC(33) Desired survivor size 338690048 bytes, new threshold 15 (max threshold 15)
[262.677s][info ][gc,heap        ] GC(33) PSYoungGen: 1386208K(1737216K)->656K(1766400K) Eden: 1385472K(1385472K)->0K(1424384K) From: 736K(351744K)->656K(342016K)
[262.677s][info ][gc,heap        ] GC(33) ParOldGen: 233781K(324096K)->233813K(324096K)
[262.677s][info ][gc,metaspace   ] GC(33) Metaspace: 79651K(80576K)->79651K(80576K) NonClass: 67972K(68480K)->67972K(68480K) Class: 11678K(12096K)->11678K(12096K)
[262.677s][info ][gc             ] GC(33) Pause Young (Allocation Failure) 1582M->228M(2041M) 2.285ms
[262.677s][info ][gc,cpu         ] GC(33) User=0.01s Sys=0.00s Real=0.00s
[262.677s][info ][safepoint      ] Safepoint "ParallelGCFailedAllocation", Time since last: 2948084334 ns, Reaching safepoint: 5300 ns, Cleanup: 29200 ns, At safepoint: 2361912 ns, Total: 2396412 ns
[263.677s][info ][safepoint      ] Safepoint "Cleanup", Time since last: 1000057830 ns, Reaching safepoint: 3600 ns, Cleanup: 45401 ns, At safepoint: 2100 ns, Total: 51101 ns
[271.678s][info ][safepoint      ] Safepoint "Cleanup", Time since last: 8000523717 ns, Reaching safepoint: 74401 ns, Cleanup: 45300 ns, At safepoint: 6500 ns, Total: 126201 ns
[273.973s][info ][gc,start       ] GC(34) Pause Young (Allocation Failure)
[273.975s][debug][gc,phases      ] GC(34) Scavenge 1.659ms
[273.975s][debug][gc,ref         ] GC(34) Skipped phase 1 of Reference Processing: no references
[273.975s][debug][gc,ref         ] GC(34) ReferenceProcessor::execute queues: 1, RefProcThreadModel::Single, marks_oops_alive: false
[273.975s][debug][gc,ref         ] GC(34) Skipped phase 3 of Reference Processing: no references
[273.975s][debug][gc,ref         ] GC(34) Skipped phase 4 of Reference Processing: no references
[273.975s][debug][gc,phases      ] GC(34) Reference Processing 0.090ms
[273.975s][debug][gc,phases      ] GC(34)   VM Weak                        Min:  0.0, Avg:  0.0, Max:  0.0, Diff:  0.0, Sum:  0.0, Workers: 4
[273.975s][debug][gc,phases      ] GC(34)     Dead                           Min: 0, Avg:  0.0, Max: 0, Diff: 0, Sum: 0, Workers: 4
[273.975s][debug][gc,phases      ] GC(34)     Total                          Min: 0, Avg: 172.5, Max: 690, Diff: 690, Sum: 690, Workers: 4
[273.975s][debug][gc,phases      ] GC(34)   ObjectSynchronizer Weak        Min:  0.0, Avg:  0.0, Max:  0.0, Diff:  0.0, Sum:  0.0, Workers: 4
[273.975s][debug][gc,phases      ] GC(34)     Dead                           Min: 0, Avg:  0.0, Max: 0, Diff: 0, Sum: 0, Workers: 4
[273.975s][debug][gc,phases      ] GC(34)     Total                          Min: 0, Avg:  1.0, Max: 4, Diff: 4, Sum: 4, Workers: 4
[273.975s][debug][gc,phases      ] GC(34)   JVMTI Tag Weak OopStorage      Min:  0.0, Avg:  0.0, Max:  0.0, Diff:  0.0, Sum:  0.0, Workers: 4
[273.975s][debug][gc,phases      ] GC(34)     Dead                           Min: 0, Avg:  0.0, Max: 0, Diff: 0, Sum: 0, Workers: 4
[273.975s][debug][gc,phases      ] GC(34)     Total                          Min: 0, Avg:  0.0, Max: 0, Diff: 0, Sum: 0, Workers: 4
[273.975s][debug][gc,phases      ] GC(34)   StringTable Weak               Min:  0.1, Avg:  0.1, Max:  0.1, Diff:  0.0, Sum:  0.4, Workers: 4
[273.975s][debug][gc,phases      ] GC(34)     Dead                           Min: 0, Avg:  0.0, Max: 0, Diff: 0, Sum: 0, Workers: 4
[273.975s][debug][gc,phases      ] GC(34)     Total                          Min: 10048, Avg: 10641.2, Max: 11077, Diff: 1029, Sum: 42565, Workers: 4
[273.975s][debug][gc,phases      ] GC(34)   ResolvedMethodTable Weak       Min:  0.0, Avg:  0.0, Max:  0.0, Diff:  0.0, Sum:  0.1, Workers: 4
[273.975s][debug][gc,phases      ] GC(34)     Dead                           Min: 0, Avg:  0.0, Max: 0, Diff: 0, Sum: 0, Workers: 4
[273.975s][debug][gc,phases      ] GC(34)     Total                          Min: 1960, Avg: 2266.0, Max: 2535, Diff: 575, Sum: 9064, Workers: 4
[273.975s][debug][gc,phases      ] GC(34)   JNI Weak                       Min:  0.0, Avg:  0.0, Max:  0.0, Diff:  0.0, Sum:  0.0, Workers: 4
[273.975s][debug][gc,phases      ] GC(34)     Dead                           Min: 0, Avg:  0.0, Max: 0, Diff: 0, Sum: 0, Workers: 4
[273.975s][debug][gc,phases      ] GC(34)     Total                          Min: 0, Avg: 11.2, Max: 45, Diff: 45, Sum: 45, Workers: 4
[273.975s][debug][gc,phases      ] GC(34)   StringDedup Table Weak         Min:  0.0, Avg:  0.0, Max:  0.0, Diff:  0.0, Sum:  0.0, Workers: 4
[273.975s][debug][gc,phases      ] GC(34)     Dead                           Min: 0, Avg:  0.0, Max: 0, Diff: 0, Sum: 0, Workers: 4
[273.975s][debug][gc,phases      ] GC(34)     Total                          Min: 0, Avg:  0.0, Max: 0, Diff: 0, Sum: 0, Workers: 4
[273.975s][debug][gc,phases      ] GC(34)   StringDedup Requests0 Weak     Min:  0.0, Avg:  0.0, Max:  0.0, Diff:  0.0, Sum:  0.0, Workers: 4
[273.975s][debug][gc,phases      ] GC(34)     Dead                           Min: 0, Avg:  0.0, Max: 0, Diff: 0, Sum: 0, Workers: 4
[273.975s][debug][gc,phases      ] GC(34)     Total                          Min: 0, Avg:  0.0, Max: 0, Diff: 0, Sum: 0, Workers: 4
[273.975s][debug][gc,phases      ] GC(34)   StringDedup Requests1 Weak     Min:  0.0, Avg:  0.0, Max:  0.0, Diff:  0.0, Sum:  0.0, Workers: 4
[273.975s][debug][gc,phases      ] GC(34)     Dead                           Min: 0, Avg:  0.0, Max: 0, Diff: 0, Sum: 0, Workers: 4
[273.975s][debug][gc,phases      ] GC(34)     Total                          Min: 0, Avg:  0.0, Max: 0, Diff: 0, Sum: 0, Workers: 4
[273.975s][debug][gc,phases      ] GC(34)   Weak JFR Old Object Samples    Min:  0.0, Avg:  0.0, Max:  0.0, Diff:  0.0, Sum:  0.0, Workers: 4
[273.975s][debug][gc,phases      ] GC(34)     Dead                           Min: 0, Avg:  0.0, Max: 0, Diff: 0, Sum: 0, Workers: 4
[273.975s][debug][gc,phases      ] GC(34)     Total                          Min: 0, Avg:  0.0, Max: 0, Diff: 0, Sum: 0, Workers: 4
[273.975s][debug][gc,phases      ] GC(34) Weak Processing 0.307ms
[273.975s][debug][gc,age         ] GC(34) Desired survivor size 325582848 bytes, new threshold 15 (max threshold 15)
[273.975s][info ][gc,heap        ] GC(34) PSYoungGen: 1425040K(1766400K)->768K(1755136K) Eden: 1424384K(1424384K)->0K(1424384K) From: 656K(342016K)->768K(330752K)
[273.975s][info ][gc,heap        ] GC(34) ParOldGen: 233813K(324096K)->233845K(324096K)
[273.975s][info ][gc,metaspace   ] GC(34) Metaspace: 79657K(80576K)->79657K(80576K) NonClass: 67978K(68480K)->67978K(68480K) Class: 11678K(12096K)->11678K(12096K)
[273.975s][info ][gc             ] GC(34) Pause Young (Allocation Failure) 1619M->229M(2030M) 2.138ms
[273.975s][info ][gc,cpu         ] GC(34) User=0.01s Sys=0.00s Real=0.00s
[273.975s][info ][safepoint      ] Safepoint "ParallelGCFailedAllocation", Time since last: 2295287596 ns, Reaching safepoint: 4100 ns, Cleanup: 23900 ns, At safepoint: 2195911 ns, Total: 2223911 ns
[285.225s][info ][gc,start       ] GC(35) Pause Young (Allocation Failure)
[285.227s][debug][gc,phases      ] GC(35) Scavenge 1.605ms
[285.227s][debug][gc,ref         ] GC(35) Skipped phase 1 of Reference Processing: no references
[285.227s][debug][gc,ref         ] GC(35) ReferenceProcessor::execute queues: 1, RefProcThreadModel::Single, marks_oops_alive: false
[285.227s][debug][gc,ref         ] GC(35) Skipped phase 3 of Reference Processing: no references
[285.227s][debug][gc,ref         ] GC(35) Skipped phase 4 of Reference Processing: no references
[285.227s][debug][gc,phases      ] GC(35) Reference Processing 0.089ms
[285.227s][debug][gc,phases      ] GC(35)   VM Weak                        Min:  0.0, Avg:  0.0, Max:  0.0, Diff:  0.0, Sum:  0.0, Workers: 4
[285.227s][debug][gc,phases      ] GC(35)     Dead                           Min: 0, Avg:  0.0, Max: 0, Diff: 0, Sum: 0, Workers: 4
[285.227s][debug][gc,phases      ] GC(35)     Total                          Min: 0, Avg: 172.5, Max: 512, Diff: 512, Sum: 690, Workers: 4
[285.227s][debug][gc,phases      ] GC(35)   ObjectSynchronizer Weak        Min:  0.0, Avg:  0.0, Max:  0.0, Diff:  0.0, Sum:  0.0, Workers: 4
[285.227s][debug][gc,phases      ] GC(35)     Dead                           Min: 0, Avg:  0.0, Max: 0, Diff: 0, Sum: 0, Workers: 4
[285.227s][debug][gc,phases      ] GC(35)     Total                          Min: 0, Avg:  1.0, Max: 4, Diff: 4, Sum: 4, Workers: 4
[285.227s][debug][gc,phases      ] GC(35)   JVMTI Tag Weak OopStorage      Min:  0.0, Avg:  0.0, Max:  0.0, Diff:  0.0, Sum:  0.0, Workers: 4
[285.227s][debug][gc,phases      ] GC(35)     Dead                           Min: 0, Avg:  0.0, Max: 0, Diff: 0, Sum: 0, Workers: 4
[285.227s][debug][gc,phases      ] GC(35)     Total                          Min: 0, Avg:  0.0, Max: 0, Diff: 0, Sum: 0, Workers: 4
[285.227s][debug][gc,phases      ] GC(35)   StringTable Weak               Min:  0.0, Avg:  0.1, Max:  0.1, Diff:  0.1, Sum:  0.3, Workers: 4
[285.227s][debug][gc,phases      ] GC(35)     Dead                           Min: 0, Avg:  0.0, Max: 0, Diff: 0, Sum: 0, Workers: 4
[285.227s][debug][gc,phases      ] GC(35)     Total                          Min: 0, Avg: 10641.2, Max: 18624, Diff: 18624, Sum: 42565, Workers: 4
[285.227s][debug][gc,phases      ] GC(35)   ResolvedMethodTable Weak       Min:  0.0, Avg:  0.0, Max:  0.0, Diff:  0.0, Sum:  0.1, Workers: 4
[285.227s][debug][gc,phases      ] GC(35)     Dead                           Min: 0, Avg:  0.0, Max: 0, Diff: 0, Sum: 0, Workers: 4
[285.227s][debug][gc,phases      ] GC(35)     Total                          Min: 0, Avg: 2266.0, Max: 3996, Diff: 3996, Sum: 9064, Workers: 4
[285.227s][debug][gc,phases      ] GC(35)   JNI Weak                       Min:  0.0, Avg:  0.0, Max:  0.0, Diff:  0.0, Sum:  0.0, Workers: 4
[285.227s][debug][gc,phases      ] GC(35)     Dead                           Min: 0, Avg:  0.0, Max: 0, Diff: 0, Sum: 0, Workers: 4
[285.227s][debug][gc,phases      ] GC(35)     Total                          Min: 0, Avg: 11.2, Max: 45, Diff: 45, Sum: 45, Workers: 4
[285.227s][debug][gc,phases      ] GC(35)   StringDedup Table Weak         Min:  0.0, Avg:  0.0, Max:  0.0, Diff:  0.0, Sum:  0.0, Workers: 4
[285.227s][debug][gc,phases      ] GC(35)     Dead                           Min: 0, Avg:  0.0, Max: 0, Diff: 0, Sum: 0, Workers: 4
[285.227s][debug][gc,phases      ] GC(35)     Total                          Min: 0, Avg:  0.0, Max: 0, Diff: 0, Sum: 0, Workers: 4
[285.227s][debug][gc,phases      ] GC(35)   StringDedup Requests0 Weak     Min:  0.0, Avg:  0.0, Max:  0.0, Diff:  0.0, Sum:  0.0, Workers: 4
[285.227s][debug][gc,phases      ] GC(35)     Dead                           Min: 0, Avg:  0.0, Max: 0, Diff: 0, Sum: 0, Workers: 4
[285.227s][debug][gc,phases      ] GC(35)     Total                          Min: 0, Avg:  0.0, Max: 0, Diff: 0, Sum: 0, Workers: 4
[285.227s][debug][gc,phases      ] GC(35)   StringDedup Requests1 Weak     Min:  0.0, Avg:  0.0, Max:  0.0, Diff:  0.0, Sum:  0.0, Workers: 4
[285.227s][debug][gc,phases      ] GC(35)     Dead                           Min: 0, Avg:  0.0, Max: 0, Diff: 0, Sum: 0, Workers: 4
[285.227s][debug][gc,phases      ] GC(35)     Total                          Min: 0, Avg:  0.0, Max: 0, Diff: 0, Sum: 0, Workers: 4
[285.227s][debug][gc,phases      ] GC(35)   Weak JFR Old Object Samples    Min:  0.0, Avg:  0.0, Max:  0.0, Diff:  0.0, Sum:  0.0, Workers: 4
[285.227s][debug][gc,phases      ] GC(35)     Dead                           Min: 0, Avg:  0.0, Max: 0, Diff: 0, Sum: 0, Workers: 4
[285.227s][debug][gc,phases      ] GC(35)     Total                          Min: 0, Avg:  0.0, Max: 0, Diff: 0, Sum: 0, Workers: 4
[285.227s][debug][gc,phases      ] GC(35) Weak Processing 0.314ms
[285.227s][debug][gc,age         ] GC(35) Desired survivor size 311951360 bytes, new threshold 15 (max threshold 15)
[285.227s][info ][gc,heap        ] GC(35) PSYoungGen: 1425152K(1755136K)->768K(1792512K) Eden: 1424384K(1424384K)->0K(1474560K) From: 768K(330752K)->768K(317952K)
[285.227s][info ][gc,heap        ] GC(35) ParOldGen: 233845K(324096K)->233861K(324096K)
[285.227s][info ][gc,metaspace   ] GC(35) Metaspace: 79657K(80576K)->79657K(80576K) NonClass: 67978K(68480K)->67978K(68480K) Class: 11678K(12096K)->11678K(12096K)
[285.227s][info ][gc             ] GC(35) Pause Young (Allocation Failure) 1620M->229M(2067M) 2.105ms
[285.227s][info ][gc,cpu         ] GC(35) User=0.01s Sys=0.00s Real=0.00s
[285.227s][info ][safepoint      ] Safepoint "ParallelGCFailedAllocation", Time since last: 11249798513 ns, Reaching safepoint: 4300 ns, Cleanup: 33301 ns, At safepoint: 2162210 ns, Total: 2199811 ns
[287.227s][info ][safepoint      ] Safepoint "Cleanup", Time since last: 2000072493 ns, Reaching safepoint: 76300 ns, Cleanup: 55901 ns, At safepoint: 7300 ns, Total: 139501 ns
[288.227s][info ][safepoint      ] Safepoint "Cleanup", Time since last: 1000089370 ns, Reaching safepoint: 4300 ns, Cleanup: 43900 ns, At safepoint: 2600 ns, Total: 50800 ns
[292.228s][info ][safepoint      ] Safepoint "Cleanup", Time since last: 4000299808 ns, Reaching safepoint: 5400 ns, Cleanup: 43000 ns, At safepoint: 3600 ns, Total: 52000 ns
[294.228s][info ][safepoint      ] Safepoint "Cleanup", Time since last: 2000166854 ns, Reaching safepoint: 4700 ns, Cleanup: 24700 ns, At safepoint: 2500 ns, Total: 31900 ns
[296.924s][info ][gc,start       ] GC(36) Pause Young (Allocation Failure)
[296.925s][debug][gc,phases      ] GC(36) Scavenge 1.678ms
[296.925s][debug][gc,ref         ] GC(36) Skipped phase 1 of Reference Processing: no references
[296.926s][debug][gc,ref         ] GC(36) ReferenceProcessor::execute queues: 1, RefProcThreadModel::Single, marks_oops_alive: false
[296.926s][debug][gc,ref         ] GC(36) Skipped phase 3 of Reference Processing: no references
[296.926s][debug][gc,ref         ] GC(36) Skipped phase 4 of Reference Processing: no references
[296.926s][debug][gc,phases      ] GC(36) Reference Processing 0.089ms
[296.926s][debug][gc,phases      ] GC(36)   VM Weak                        Min:  0.0, Avg:  0.0, Max:  0.0, Diff:  0.0, Sum:  0.0, Workers: 4
[296.926s][debug][gc,phases      ] GC(36)     Dead                           Min: 0, Avg:  0.0, Max: 0, Diff: 0, Sum: 0, Workers: 4
[296.926s][debug][gc,phases      ] GC(36)     Total                          Min: 0, Avg: 172.5, Max: 690, Diff: 690, Sum: 690, Workers: 4
[296.926s][debug][gc,phases      ] GC(36)   ObjectSynchronizer Weak        Min:  0.0, Avg:  0.0, Max:  0.0, Diff:  0.0, Sum:  0.0, Workers: 4
[296.926s][debug][gc,phases      ] GC(36)     Dead                           Min: 0, Avg:  0.0, Max: 0, Diff: 0, Sum: 0, Workers: 4
[296.926s][debug][gc,phases      ] GC(36)     Total                          Min: 0, Avg:  1.0, Max: 4, Diff: 4, Sum: 4, Workers: 4
[296.926s][debug][gc,phases      ] GC(36)   JVMTI Tag Weak OopStorage      Min:  0.0, Avg:  0.0, Max:  0.0, Diff:  0.0, Sum:  0.0, Workers: 4
[296.926s][debug][gc,phases      ] GC(36)     Dead                           Min: 0, Avg:  0.0, Max: 0, Diff: 0, Sum: 0, Workers: 4
[296.926s][debug][gc,phases      ] GC(36)     Total                          Min: 0, Avg:  0.0, Max: 0, Diff: 0, Sum: 0, Workers: 4
[296.926s][debug][gc,phases      ] GC(36)   StringTable Weak               Min:  0.0, Avg:  0.1, Max:  0.1, Diff:  0.1, Sum:  0.4, Workers: 4
[296.926s][debug][gc,phases      ] GC(36)     Dead                           Min: 0, Avg:  0.0, Max: 0, Diff: 0, Sum: 0, Workers: 4
[296.926s][debug][gc,phases      ] GC(36)     Total                          Min: 0, Avg: 10652.0, Max: 18432, Diff: 18432, Sum: 42608, Workers: 4
[296.926s][debug][gc,phases      ] GC(36)   ResolvedMethodTable Weak       Min:  0.0, Avg:  0.0, Max:  0.0, Diff:  0.0, Sum:  0.1, Workers: 4
[296.926s][debug][gc,phases      ] GC(36)     Dead                           Min: 0, Avg:  0.0, Max: 0, Diff: 0, Sum: 0, Workers: 4
[296.926s][debug][gc,phases      ] GC(36)     Total                          Min: 0, Avg: 2266.0, Max: 3095, Diff: 3095, Sum: 9064, Workers: 4
[296.926s][debug][gc,phases      ] GC(36)   JNI Weak                       Min:  0.0, Avg:  0.0, Max:  0.0, Diff:  0.0, Sum:  0.0, Workers: 4
[296.926s][debug][gc,phases      ] GC(36)     Dead                           Min: 0, Avg:  0.0, Max: 0, Diff: 0, Sum: 0, Workers: 4
[296.926s][debug][gc,phases      ] GC(36)     Total                          Min: 0, Avg: 11.2, Max: 45, Diff: 45, Sum: 45, Workers: 4
[296.926s][debug][gc,phases      ] GC(36)   StringDedup Table Weak         Min:  0.0, Avg:  0.0, Max:  0.0, Diff:  0.0, Sum:  0.0, Workers: 4
[296.926s][debug][gc,phases      ] GC(36)     Dead                           Min: 0, Avg:  0.0, Max: 0, Diff: 0, Sum: 0, Workers: 4
[296.926s][debug][gc,phases      ] GC(36)     Total                          Min: 0, Avg:  0.0, Max: 0, Diff: 0, Sum: 0, Workers: 4
[296.926s][debug][gc,phases      ] GC(36)   StringDedup Requests0 Weak     Min:  0.0, Avg:  0.0, Max:  0.0, Diff:  0.0, Sum:  0.0, Workers: 4
[296.926s][debug][gc,phases      ] GC(36)     Dead                           Min: 0, Avg:  0.0, Max: 0, Diff: 0, Sum: 0, Workers: 4
[296.926s][debug][gc,phases      ] GC(36)     Total                          Min: 0, Avg:  0.0, Max: 0, Diff: 0, Sum: 0, Workers: 4
[296.926s][debug][gc,phases      ] GC(36)   StringDedup Requests1 Weak     Min:  0.0, Avg:  0.0, Max:  0.0, Diff:  0.0, Sum:  0.0, Workers: 4
[296.926s][debug][gc,phases      ] GC(36)     Dead                           Min: 0, Avg:  0.0, Max: 0, Diff: 0, Sum: 0, Workers: 4
[296.926s][debug][gc,phases      ] GC(36)     Total                          Min: 0, Avg:  0.0, Max: 0, Diff: 0, Sum: 0, Workers: 4
[296.926s][debug][gc,phases      ] GC(36)   Weak JFR Old Object Samples    Min:  0.0, Avg:  0.0, Max:  0.0, Diff:  0.0, Sum:  0.0, Workers: 4
[296.926s][debug][gc,phases      ] GC(36)     Dead                           Min: 0, Avg:  0.0, Max: 0, Diff: 0, Sum: 0, Workers: 4
[296.926s][debug][gc,phases      ] GC(36)     Total                          Min: 0, Avg:  0.0, Max: 0, Diff: 0, Sum: 0, Workers: 4
[296.926s][debug][gc,phases      ] GC(36) Weak Processing 0.358ms
[296.926s][debug][gc,age         ] GC(36) Desired survivor size 297795584 bytes, new threshold 15 (max threshold 15)
[296.926s][info ][gc,heap        ] GC(36) PSYoungGen: 1475328K(1792512K)->768K(1779200K) Eden: 1474560K(1474560K)->0K(1474560K) From: 768K(317952K)->768K(304640K)
[296.926s][info ][gc,heap        ] GC(36) ParOldGen: 233861K(324096K)->233869K(324096K)
[296.926s][info ][gc,metaspace   ] GC(36) Metaspace: 79667K(80576K)->79667K(80576K) NonClass: 67988K(68480K)->67988K(68480K) Class: 11678K(12096K)->11678K(12096K)
[296.926s][info ][gc             ] GC(36) Pause Young (Allocation Failure) 1669M->229M(2054M) 2.244ms
[296.926s][info ][gc,cpu         ] GC(36) User=0.01s Sys=0.00s Real=0.00s
[296.926s][info ][safepoint      ] Safepoint "ParallelGCFailedAllocation", Time since last: 2695702158 ns, Reaching safepoint: 4500 ns, Cleanup: 36100 ns, At safepoint: 2307109 ns, Total: 2347709 ns
[299.926s][info ][safepoint      ] Safepoint "Cleanup", Time since last: 3000206512 ns, Reaching safepoint: 81601 ns, Cleanup: 46000 ns, At safepoint: 14900 ns, Total: 142501 ns
[301.927s][info ][safepoint      ] Safepoint "Cleanup", Time since last: 2000187467 ns, Reaching safepoint: 74400 ns, Cleanup: 49901 ns, At safepoint: 5900 ns, Total: 130201 ns
[303.927s][info ][safepoint      ] Safepoint "Cleanup", Time since last: 2000181776 ns, Reaching safepoint: 72901 ns, Cleanup: 39800 ns, At safepoint: 5800 ns, Total: 118501 ns
[308.575s][info ][gc,start       ] GC(37) Pause Young (Allocation Failure)
[308.577s][debug][gc,phases      ] GC(37) Scavenge 1.571ms
[308.577s][debug][gc,ref         ] GC(37) Skipped phase 1 of Reference Processing: no references
[308.577s][debug][gc,ref         ] GC(37) ReferenceProcessor::execute queues: 1, RefProcThreadModel::Single, marks_oops_alive: false
[308.577s][debug][gc,ref         ] GC(37) Skipped phase 3 of Reference Processing: no references
[308.577s][debug][gc,ref         ] GC(37) Skipped phase 4 of Reference Processing: no references
[308.577s][debug][gc,phases      ] GC(37) Reference Processing 0.097ms
[308.577s][debug][gc,phases      ] GC(37)   VM Weak                        Min:  0.0, Avg:  0.0, Max:  0.0, Diff:  0.0, Sum:  0.0, Workers: 4
[308.577s][debug][gc,phases      ] GC(37)     Dead                           Min: 0, Avg:  0.0, Max: 0, Diff: 0, Sum: 0, Workers: 4
[308.577s][debug][gc,phases      ] GC(37)     Total                          Min: 0, Avg: 172.5, Max: 370, Diff: 370, Sum: 690, Workers: 4
[308.577s][debug][gc,phases      ] GC(37)   ObjectSynchronizer Weak        Min:  0.0, Avg:  0.0, Max:  0.0, Diff:  0.0, Sum:  0.0, Workers: 4
[308.577s][debug][gc,phases      ] GC(37)     Dead                           Min: 0, Avg:  0.0, Max: 0, Diff: 0, Sum: 0, Workers: 4
[308.577s][debug][gc,phases      ] GC(37)     Total                          Min: 0, Avg:  1.0, Max: 4, Diff: 4, Sum: 4, Workers: 4
[308.577s][debug][gc,phases      ] GC(37)   JVMTI Tag Weak OopStorage      Min:  0.0, Avg:  0.0, Max:  0.0, Diff:  0.0, Sum:  0.0, Workers: 4
[308.577s][debug][gc,phases      ] GC(37)     Dead                           Min: 0, Avg:  0.0, Max: 0, Diff: 0, Sum: 0, Workers: 4
[308.577s][debug][gc,phases      ] GC(37)     Total                          Min: 0, Avg:  0.0, Max: 0, Diff: 0, Sum: 0, Workers: 4
[308.577s][debug][gc,phases      ] GC(37)   StringTable Weak               Min:  0.1, Avg:  0.1, Max:  0.1, Diff:  0.0, Sum:  0.5, Workers: 4
[308.577s][debug][gc,phases      ] GC(37)     Dead                           Min: 0, Avg:  0.0, Max: 0, Diff: 0, Sum: 0, Workers: 4
[308.577s][debug][gc,phases      ] GC(37)     Total                          Min: 10432, Avg: 10661.0, Max: 10880, Diff: 448, Sum: 42644, Workers: 4
[308.577s][debug][gc,phases      ] GC(37)   ResolvedMethodTable Weak       Min:  0.0, Avg:  0.0, Max:  0.0, Diff:  0.0, Sum:  0.1, Workers: 4
[308.577s][debug][gc,phases      ] GC(37)     Dead                           Min: 0, Avg:  0.0, Max: 0, Diff: 0, Sum: 0, Workers: 4
[308.577s][debug][gc,phases      ] GC(37)     Total                          Min: 2021, Avg: 2266.0, Max: 2569, Diff: 548, Sum: 9064, Workers: 4
[308.577s][debug][gc,phases      ] GC(37)   JNI Weak                       Min:  0.0, Avg:  0.0, Max:  0.0, Diff:  0.0, Sum:  0.0, Workers: 4
[308.577s][debug][gc,phases      ] GC(37)     Dead                           Min: 0, Avg:  0.0, Max: 0, Diff: 0, Sum: 0, Workers: 4
[308.577s][debug][gc,phases      ] GC(37)     Total                          Min: 0, Avg: 11.2, Max: 45, Diff: 45, Sum: 45, Workers: 4
[308.577s][debug][gc,phases      ] GC(37)   StringDedup Table Weak         Min:  0.0, Avg:  0.0, Max:  0.0, Diff:  0.0, Sum:  0.0, Workers: 4
[308.577s][debug][gc,phases      ] GC(37)     Dead                           Min: 0, Avg:  0.0, Max: 0, Diff: 0, Sum: 0, Workers: 4
[308.577s][debug][gc,phases      ] GC(37)     Total                          Min: 0, Avg:  0.0, Max: 0, Diff: 0, Sum: 0, Workers: 4
[308.577s][debug][gc,phases      ] GC(37)   StringDedup Requests0 Weak     Min:  0.0, Avg:  0.0, Max:  0.0, Diff:  0.0, Sum:  0.0, Workers: 4
[308.577s][debug][gc,phases      ] GC(37)     Dead                           Min: 0, Avg:  0.0, Max: 0, Diff: 0, Sum: 0, Workers: 4
[308.577s][debug][gc,phases      ] GC(37)     Total                          Min: 0, Avg:  0.0, Max: 0, Diff: 0, Sum: 0, Workers: 4
[308.577s][debug][gc,phases      ] GC(37)   StringDedup Requests1 Weak     Min:  0.0, Avg:  0.0, Max:  0.0, Diff:  0.0, Sum:  0.0, Workers: 4
[308.577s][debug][gc,phases      ] GC(37)     Dead                           Min: 0, Avg:  0.0, Max: 0, Diff: 0, Sum: 0, Workers: 4
[308.577s][debug][gc,phases      ] GC(37)     Total                          Min: 0, Avg:  0.0, Max: 0, Diff: 0, Sum: 0, Workers: 4
[308.577s][debug][gc,phases      ] GC(37)   Weak JFR Old Object Samples    Min:  0.0, Avg:  0.0, Max:  0.0, Diff:  0.0, Sum:  0.0, Workers: 4
[308.577s][debug][gc,phases      ] GC(37)     Dead                           Min: 0, Avg:  0.0, Max: 0, Diff: 0, Sum: 0, Workers: 4
[308.577s][debug][gc,phases      ] GC(37)     Total                          Min: 0, Avg:  0.0, Max: 0, Diff: 0, Sum: 0, Workers: 4
[308.577s][debug][gc,phases      ] GC(37) Weak Processing 0.319ms
[308.577s][debug][gc,age         ] GC(37) Desired survivor size 283639808 bytes, new threshold 15 (max threshold 15)
[308.577s][info ][gc,heap        ] GC(37) PSYoungGen: 1475328K(1779200K)->640K(1820160K) Eden: 1474560K(1474560K)->0K(1529344K) From: 768K(304640K)->640K(290816K)
[308.577s][info ][gc,heap        ] GC(37) ParOldGen: 233869K(324096K)->233885K(324096K)
[308.577s][info ][gc,metaspace   ] GC(37) Metaspace: 79668K(80576K)->79668K(80576K) NonClass: 67989K(68480K)->67989K(68480K) Class: 11678K(12096K)->11678K(12096K)
[308.577s][info ][gc             ] GC(37) Pause Young (Allocation Failure) 1669M->229M(2094M) 2.084ms
[308.577s][info ][gc,cpu         ] GC(37) User=0.01s Sys=0.00s Real=0.00s
[308.577s][info ][safepoint      ] Safepoint "ParallelGCFailedAllocation", Time since last: 4648259441 ns, Reaching safepoint: 5000 ns, Cleanup: 24800 ns, At safepoint: 2154111 ns, Total: 2183911 ns
[312.536s][info ][safepoint      ] Safepoint "Cleanup", Time since last: 3958475956 ns, Reaching safepoint: 71901 ns, Cleanup: 31500 ns, At safepoint: 8800 ns, Total: 112201 ns
[313.660s][info ][safepoint      ] Safepoint "Cleanup", Time since last: 1123678457 ns, Reaching safepoint: 6000 ns, Cleanup: 203400 ns, At safepoint: 10800 ns, Total: 220200 ns
[314.660s][info ][safepoint      ] Safepoint "Cleanup", Time since last: 1000115389 ns, Reaching safepoint: 6000 ns, Cleanup: 60900 ns, At safepoint: 2700 ns, Total: 69600 ns
[315.660s][info ][safepoint      ] Safepoint "Cleanup", Time since last: 1000106489 ns, Reaching safepoint: 5500 ns, Cleanup: 64000 ns, At safepoint: 15600 ns, Total: 85100 ns
[316.660s][info ][safepoint      ] Safepoint "Cleanup", Time since last: 1000107789 ns, Reaching safepoint: 3300 ns, Cleanup: 63600 ns, At safepoint: 3000 ns, Total: 69900 ns
[319.661s][info ][safepoint      ] Safepoint "Cleanup", Time since last: 3000240550 ns, Reaching safepoint: 4900 ns, Cleanup: 29700 ns, At safepoint: 2900 ns, Total: 37500 ns
[320.574s][info ][gc,start       ] GC(38) Pause Young (Allocation Failure)
[320.578s][debug][gc,phases      ] GC(38) Scavenge 4.585ms
[320.578s][debug][gc,ref         ] GC(38) Skipped phase 1 of Reference Processing: no references
[320.578s][debug][gc,ref         ] GC(38) ReferenceProcessor::execute queues: 1, RefProcThreadModel::Single, marks_oops_alive: false
[320.579s][debug][gc,ref         ] GC(38) Skipped phase 3 of Reference Processing: no references
[320.579s][debug][gc,ref         ] GC(38) ReferenceProcessor::execute queues: 1, RefProcThreadModel::Single, marks_oops_alive: false
[320.579s][debug][gc,phases      ] GC(38) Reference Processing 0.100ms
[320.579s][debug][gc,phases      ] GC(38)   VM Weak                        Min:  0.0, Avg:  0.0, Max:  0.0, Diff:  0.0, Sum:  0.0, Workers: 4
[320.579s][debug][gc,phases      ] GC(38)     Dead                           Min: 0, Avg:  0.0, Max: 0, Diff: 0, Sum: 0, Workers: 4
[320.579s][debug][gc,phases      ] GC(38)     Total                          Min: 0, Avg: 172.8, Max: 512, Diff: 512, Sum: 691, Workers: 4
[320.579s][debug][gc,phases      ] GC(38)   ObjectSynchronizer Weak        Min:  0.0, Avg:  0.0, Max:  0.0, Diff:  0.0, Sum:  0.0, Workers: 4
[320.579s][debug][gc,phases      ] GC(38)     Dead                           Min: 0, Avg:  0.2, Max: 1, Diff: 1, Sum: 1, Workers: 4
[320.579s][debug][gc,phases      ] GC(38)     Total                          Min: 0, Avg:  1.2, Max: 5, Diff: 5, Sum: 5, Workers: 4
[320.579s][debug][gc,phases      ] GC(38)   JVMTI Tag Weak OopStorage      Min:  0.0, Avg:  0.0, Max:  0.0, Diff:  0.0, Sum:  0.0, Workers: 4
[320.579s][debug][gc,phases      ] GC(38)     Dead                           Min: 0, Avg:  0.0, Max: 0, Diff: 0, Sum: 0, Workers: 4
[320.579s][debug][gc,phases      ] GC(38)     Total                          Min: 0, Avg:  0.0, Max: 0, Diff: 0, Sum: 0, Workers: 4
[320.579s][debug][gc,phases      ] GC(38)   StringTable Weak               Min:  0.1, Avg:  0.1, Max:  0.1, Diff:  0.0, Sum:  0.5, Workers: 4
[320.579s][debug][gc,phases      ] GC(38)     Dead                           Min: 0, Avg:  0.5, Max: 2, Diff: 2, Sum: 2, Workers: 4
[320.579s][debug][gc,phases      ] GC(38)     Total                          Min: 9600, Avg: 10670.5, Max: 11450, Diff: 1850, Sum: 42682, Workers: 4
[320.579s][debug][gc,phases      ] GC(38)   ResolvedMethodTable Weak       Min:  0.0, Avg:  0.0, Max:  0.0, Diff:  0.0, Sum:  0.1, Workers: 4
[320.579s][debug][gc,phases      ] GC(38)     Dead                           Min: 0, Avg:  0.0, Max: 0, Diff: 0, Sum: 0, Workers: 4
[320.579s][debug][gc,phases      ] GC(38)     Total                          Min: 1237, Avg: 2276.2, Max: 2794, Diff: 1557, Sum: 9105, Workers: 4
[320.579s][debug][gc,phases      ] GC(38)   JNI Weak                       Min:  0.0, Avg:  0.0, Max:  0.0, Diff:  0.0, Sum:  0.0, Workers: 4
[320.579s][debug][gc,phases      ] GC(38)     Dead                           Min: 0, Avg:  0.0, Max: 0, Diff: 0, Sum: 0, Workers: 4
[320.579s][debug][gc,phases      ] GC(38)     Total                          Min: 0, Avg: 11.2, Max: 45, Diff: 45, Sum: 45, Workers: 4
[320.579s][debug][gc,phases      ] GC(38)   StringDedup Table Weak         Min:  0.0, Avg:  0.0, Max:  0.0, Diff:  0.0, Sum:  0.0, Workers: 4
[320.579s][debug][gc,phases      ] GC(38)     Dead                           Min: 0, Avg:  0.0, Max: 0, Diff: 0, Sum: 0, Workers: 4
[320.579s][debug][gc,phases      ] GC(38)     Total                          Min: 0, Avg:  0.0, Max: 0, Diff: 0, Sum: 0, Workers: 4
[320.579s][debug][gc,phases      ] GC(38)   StringDedup Requests0 Weak     Min:  0.0, Avg:  0.0, Max:  0.0, Diff:  0.0, Sum:  0.0, Workers: 4
[320.579s][debug][gc,phases      ] GC(38)     Dead                           Min: 0, Avg:  0.0, Max: 0, Diff: 0, Sum: 0, Workers: 4
[320.579s][debug][gc,phases      ] GC(38)     Total                          Min: 0, Avg:  0.0, Max: 0, Diff: 0, Sum: 0, Workers: 4
[320.579s][debug][gc,phases      ] GC(38)   StringDedup Requests1 Weak     Min:  0.0, Avg:  0.0, Max:  0.0, Diff:  0.0, Sum:  0.0, Workers: 4
[320.579s][debug][gc,phases      ] GC(38)     Dead                           Min: 0, Avg:  0.0, Max: 0, Diff: 0, Sum: 0, Workers: 4
[320.579s][debug][gc,phases      ] GC(38)     Total                          Min: 0, Avg:  0.0, Max: 0, Diff: 0, Sum: 0, Workers: 4
[320.579s][debug][gc,phases      ] GC(38)   Weak JFR Old Object Samples    Min:  0.0, Avg:  0.0, Max:  0.0, Diff:  0.0, Sum:  0.0, Workers: 4
[320.579s][debug][gc,phases      ] GC(38)     Dead                           Min: 0, Avg:  0.0, Max: 0, Diff: 0, Sum: 0, Workers: 4
[320.579s][debug][gc,phases      ] GC(38)     Total                          Min: 0, Avg:  0.0, Max: 0, Diff: 0, Sum: 0, Workers: 4
[320.579s][debug][gc,phases      ] GC(38) Weak Processing 0.366ms
[320.579s][debug][gc,age         ] GC(38) Desired survivor size 268959744 bytes, new threshold 15 (max threshold 15)
[320.579s][info ][gc,heap        ] GC(38) PSYoungGen: 1529984K(1820160K)->1040K(1806336K) Eden: 1529344K(1529344K)->0K(1529344K) From: 640K(290816K)->1040K(276992K)
[320.579s][info ][gc,heap        ] GC(38) ParOldGen: 233885K(324096K)->233909K(324096K)
[320.579s][info ][gc,metaspace   ] GC(38) Metaspace: 79887K(80768K)->79887K(80768K) NonClass: 68183K(68672K)->68183K(68672K) Class: 11704K(12096K)->11704K(12096K)
[320.579s][info ][gc             ] GC(38) Pause Young (Allocation Failure) 1722M->229M(2080M) 5.153ms
[320.579s][info ][gc,cpu         ] GC(38) User=0.01s Sys=0.00s Real=0.01s
[320.579s][info ][safepoint      ] Safepoint "ParallelGCFailedAllocation", Time since last: 912983901 ns, Reaching safepoint: 3700 ns, Cleanup: 35300 ns, At safepoint: 5231225 ns, Total: 5270225 ns
[321.579s][info ][safepoint      ] Safepoint "Cleanup", Time since last: 1000077197 ns, Reaching safepoint: 3800 ns, Cleanup: 46100 ns, At safepoint: 3000 ns, Total: 52900 ns
[322.579s][info ][safepoint      ] Safepoint "Cleanup", Time since last: 1000125098 ns, Reaching safepoint: 3900 ns, Cleanup: 81200 ns, At safepoint: 2500 ns, Total: 87600 ns
[323.579s][info ][safepoint      ] Safepoint "Cleanup", Time since last: 1000107598 ns, Reaching safepoint: 3500 ns, Cleanup: 44600 ns, At safepoint: 2700 ns, Total: 50800 ns
[324.580s][info ][safepoint      ] Safepoint "Cleanup", Time since last: 1000108598 ns, Reaching safepoint: 4400 ns, Cleanup: 97600 ns, At safepoint: 5500 ns, Total: 107500 ns
[325.580s][info ][safepoint      ] Safepoint "Cleanup", Time since last: 1000112598 ns, Reaching safepoint: 5400 ns, Cleanup: 46100 ns, At safepoint: 3300 ns, Total: 54800 ns
[326.580s][info ][safepoint      ] Safepoint "Cleanup", Time since last: 1000129898 ns, Reaching safepoint: 7900 ns, Cleanup: 79100 ns, At safepoint: 8900 ns, Total: 95900 ns
[332.176s][info ][gc,start       ] GC(39) Pause Young (Allocation Failure)
[332.180s][debug][gc,phases      ] GC(39) Scavenge 4.118ms
[332.180s][debug][gc,ref         ] GC(39) Skipped phase 1 of Reference Processing: no references
[332.180s][debug][gc,ref         ] GC(39) ReferenceProcessor::execute queues: 1, RefProcThreadModel::Single, marks_oops_alive: false
[332.180s][debug][gc,ref         ] GC(39) Skipped phase 3 of Reference Processing: no references
[332.180s][debug][gc,ref         ] GC(39) ReferenceProcessor::execute queues: 1, RefProcThreadModel::Single, marks_oops_alive: false
[332.180s][debug][gc,phases      ] GC(39) Reference Processing 0.104ms
[332.181s][debug][gc,phases      ] GC(39)   VM Weak                        Min:  0.0, Avg:  0.0, Max:  0.0, Diff:  0.0, Sum:  0.0, Workers: 4
[332.181s][debug][gc,phases      ] GC(39)     Dead                           Min: 0, Avg:  0.0, Max: 0, Diff: 0, Sum: 0, Workers: 4
[332.181s][debug][gc,phases      ] GC(39)     Total                          Min: 0, Avg: 172.8, Max: 320, Diff: 320, Sum: 691, Workers: 4
[332.181s][debug][gc,phases      ] GC(39)   ObjectSynchronizer Weak        Min:  0.0, Avg:  0.0, Max:  0.0, Diff:  0.0, Sum:  0.0, Workers: 4
[332.181s][debug][gc,phases      ] GC(39)     Dead                           Min: 0, Avg:  0.0, Max: 0, Diff: 0, Sum: 0, Workers: 4
[332.181s][debug][gc,phases      ] GC(39)     Total                          Min: 0, Avg:  1.5, Max: 6, Diff: 6, Sum: 6, Workers: 4
[332.181s][debug][gc,phases      ] GC(39)   JVMTI Tag Weak OopStorage      Min:  0.0, Avg:  0.0, Max:  0.0, Diff:  0.0, Sum:  0.0, Workers: 4
[332.181s][debug][gc,phases      ] GC(39)     Dead                           Min: 0, Avg:  0.0, Max: 0, Diff: 0, Sum: 0, Workers: 4
[332.181s][debug][gc,phases      ] GC(39)     Total                          Min: 0, Avg:  0.0, Max: 0, Diff: 0, Sum: 0, Workers: 4
[332.181s][debug][gc,phases      ] GC(39)   StringTable Weak               Min:  0.0, Avg:  0.1, Max:  0.1, Diff:  0.1, Sum:  0.4, Workers: 4
[332.181s][debug][gc,phases      ] GC(39)     Dead                           Min: 0, Avg:  0.0, Max: 0, Diff: 0, Sum: 0, Workers: 4
[332.181s][debug][gc,phases      ] GC(39)     Total                          Min: 0, Avg: 10672.5, Max: 16896, Diff: 16896, Sum: 42690, Workers: 4
[332.181s][debug][gc,phases      ] GC(39)   ResolvedMethodTable Weak       Min:  0.0, Avg:  0.0, Max:  0.0, Diff:  0.0, Sum:  0.1, Workers: 4
[332.181s][debug][gc,phases      ] GC(39)     Dead                           Min: 0, Avg:  0.0, Max: 0, Diff: 0, Sum: 0, Workers: 4
[332.181s][debug][gc,phases      ] GC(39)     Total                          Min: 0, Avg: 2276.2, Max: 4150, Diff: 4150, Sum: 9105, Workers: 4
[332.181s][debug][gc,phases      ] GC(39)   JNI Weak                       Min:  0.0, Avg:  0.0, Max:  0.0, Diff:  0.0, Sum:  0.0, Workers: 4
[332.181s][debug][gc,phases      ] GC(39)     Dead                           Min: 0, Avg:  0.0, Max: 0, Diff: 0, Sum: 0, Workers: 4
[332.181s][debug][gc,phases      ] GC(39)     Total                          Min: 0, Avg: 11.2, Max: 45, Diff: 45, Sum: 45, Workers: 4
[332.181s][debug][gc,phases      ] GC(39)   StringDedup Table Weak         Min:  0.0, Avg:  0.0, Max:  0.0, Diff:  0.0, Sum:  0.0, Workers: 4
[332.181s][debug][gc,phases      ] GC(39)     Dead                           Min: 0, Avg:  0.0, Max: 0, Diff: 0, Sum: 0, Workers: 4
[332.181s][debug][gc,phases      ] GC(39)     Total                          Min: 0, Avg:  0.0, Max: 0, Diff: 0, Sum: 0, Workers: 4
[332.181s][debug][gc,phases      ] GC(39)   StringDedup Requests0 Weak     Min:  0.0, Avg:  0.0, Max:  0.0, Diff:  0.0, Sum:  0.0, Workers: 4
[332.181s][debug][gc,phases      ] GC(39)     Dead                           Min: 0, Avg:  0.0, Max: 0, Diff: 0, Sum: 0, Workers: 4
[332.181s][debug][gc,phases      ] GC(39)     Total                          Min: 0, Avg:  0.0, Max: 0, Diff: 0, Sum: 0, Workers: 4
[332.181s][debug][gc,phases      ] GC(39)   StringDedup Requests1 Weak     Min:  0.0, Avg:  0.0, Max:  0.0, Diff:  0.0, Sum:  0.0, Workers: 4
[332.181s][debug][gc,phases      ] GC(39)     Dead                           Min: 0, Avg:  0.0, Max: 0, Diff: 0, Sum: 0, Workers: 4
[332.181s][debug][gc,phases      ] GC(39)     Total                          Min: 0, Avg:  0.0, Max: 0, Diff: 0, Sum: 0, Workers: 4
[332.181s][debug][gc,phases      ] GC(39)   Weak JFR Old Object Samples    Min:  0.0, Avg:  0.0, Max:  0.0, Diff:  0.0, Sum:  0.0, Workers: 4
[332.181s][debug][gc,phases      ] GC(39)     Dead                           Min: 0, Avg:  0.0, Max: 0, Diff: 0, Sum: 0, Workers: 4
[332.181s][debug][gc,phases      ] GC(39)     Total                          Min: 0, Avg:  0.0, Max: 0, Diff: 0, Sum: 0, Workers: 4
[332.181s][debug][gc,phases      ] GC(39) Weak Processing 0.353ms
[332.181s][debug][gc,age         ] GC(39) Desired survivor size 254279680 bytes, new threshold 15 (max threshold 15)
[332.181s][info ][gc,heap        ] GC(39) PSYoungGen: 1530384K(1806336K)->1136K(1848832K) Eden: 1529344K(1529344K)->0K(1586176K) From: 1040K(276992K)->1136K(262656K)
[332.181s][info ][gc,heap        ] GC(39) ParOldGen: 233909K(324096K)->233925K(324096K)
[332.181s][info ][gc,metaspace   ] GC(39) Metaspace: 79895K(80768K)->79895K(80768K) NonClass: 68191K(68672K)->68191K(68672K) Class: 11704K(12096K)->11704K(12096K)
[332.181s][info ][gc             ] GC(39) Pause Young (Allocation Failure) 1722M->229M(2122M) 4.691ms
[332.181s][info ][gc,cpu         ] GC(39) User=0.01s Sys=0.00s Real=0.01s
[332.181s][info ][safepoint      ] Safepoint "ParallelGCFailedAllocation", Time since last: 5595886010 ns, Reaching safepoint: 75300 ns, Cleanup: 32000 ns, At safepoint: 4755723 ns, Total: 4863023 ns
[333.181s][info ][safepoint      ] Safepoint "Cleanup", Time since last: 1000087003 ns, Reaching safepoint: 5100 ns, Cleanup: 43301 ns, At safepoint: 3100 ns, Total: 51501 ns
[334.181s][info ][safepoint      ] Safepoint "Cleanup", Time since last: 1000099803 ns, Reaching safepoint: 4600 ns, Cleanup: 54400 ns, At safepoint: 2900 ns, Total: 61900 ns
[339.182s][info ][safepoint      ] Safepoint "Cleanup", Time since last: 5000400499 ns, Reaching safepoint: 4100 ns, Cleanup: 56600 ns, At safepoint: 3000 ns, Total: 63700 ns
[342.182s][info ][safepoint      ] Safepoint "Cleanup", Time since last: 3000213546 ns, Reaching safepoint: 5200 ns, Cleanup: 46901 ns, At safepoint: 2200 ns, Total: 54301 ns
[343.182s][info ][safepoint      ] Safepoint "Cleanup", Time since last: 1000100682 ns, Reaching safepoint: 5300 ns, Cleanup: 42100 ns, At safepoint: 2900 ns, Total: 50300 ns
[344.182s][info ][safepoint      ] Safepoint "Cleanup", Time since last: 1000114842 ns, Reaching safepoint: 5300 ns, Cleanup: 68400 ns, At safepoint: 6500 ns, Total: 80200 ns
[344.625s][info ][gc,start       ] GC(40) Pause Young (Allocation Failure)
[344.630s][debug][gc,phases      ] GC(40) Scavenge 4.747ms
[344.630s][debug][gc,ref         ] GC(40) Skipped phase 1 of Reference Processing: no references
[344.630s][debug][gc,ref         ] GC(40) ReferenceProcessor::execute queues: 1, RefProcThreadModel::Single, marks_oops_alive: false
[344.630s][debug][gc,ref         ] GC(40) Skipped phase 3 of Reference Processing: no references
[344.630s][debug][gc,ref         ] GC(40) ReferenceProcessor::execute queues: 1, RefProcThreadModel::Single, marks_oops_alive: false
[344.630s][debug][gc,phases      ] GC(40) Reference Processing 0.116ms
[344.631s][debug][gc,phases      ] GC(40)   VM Weak                        Min:  0.0, Avg:  0.0, Max:  0.0, Diff:  0.0, Sum:  0.0, Workers: 4
[344.631s][debug][gc,phases      ] GC(40)     Dead                           Min: 0, Avg:  0.0, Max: 0, Diff: 0, Sum: 0, Workers: 4
[344.631s][debug][gc,phases      ] GC(40)     Total                          Min: 0, Avg: 172.8, Max: 576, Diff: 576, Sum: 691, Workers: 4
[344.631s][debug][gc,phases      ] GC(40)   ObjectSynchronizer Weak        Min:  0.0, Avg:  0.0, Max:  0.0, Diff:  0.0, Sum:  0.0, Workers: 4
[344.631s][debug][gc,phases      ] GC(40)     Dead                           Min: 0, Avg:  0.0, Max: 0, Diff: 0, Sum: 0, Workers: 4
[344.631s][debug][gc,phases      ] GC(40)     Total                          Min: 0, Avg:  1.5, Max: 6, Diff: 6, Sum: 6, Workers: 4
[344.631s][debug][gc,phases      ] GC(40)   JVMTI Tag Weak OopStorage      Min:  0.0, Avg:  0.0, Max:  0.0, Diff:  0.0, Sum:  0.0, Workers: 4
[344.631s][debug][gc,phases      ] GC(40)     Dead                           Min: 0, Avg:  0.0, Max: 0, Diff: 0, Sum: 0, Workers: 4
[344.631s][debug][gc,phases      ] GC(40)     Total                          Min: 0, Avg:  0.0, Max: 0, Diff: 0, Sum: 0, Workers: 4
[344.631s][debug][gc,phases      ] GC(40)   StringTable Weak               Min:  0.0, Avg:  0.1, Max:  0.1, Diff:  0.1, Sum:  0.4, Workers: 4
[344.631s][debug][gc,phases      ] GC(40)     Dead                           Min: 0, Avg:  0.0, Max: 0, Diff: 0, Sum: 0, Workers: 4
[344.631s][debug][gc,phases      ] GC(40)     Total                          Min: 0, Avg: 10673.0, Max: 18688, Diff: 18688, Sum: 42692, Workers: 4
[344.631s][debug][gc,phases      ] GC(40)   ResolvedMethodTable Weak       Min:  0.0, Avg:  0.0, Max:  0.0, Diff:  0.0, Sum:  0.1, Workers: 4
[344.631s][debug][gc,phases      ] GC(40)     Dead                           Min: 0, Avg:  0.0, Max: 0, Diff: 0, Sum: 0, Workers: 4
[344.631s][debug][gc,phases      ] GC(40)     Total                          Min: 0, Avg: 2276.2, Max: 3289, Diff: 3289, Sum: 9105, Workers: 4
[344.631s][debug][gc,phases      ] GC(40)   JNI Weak                       Min:  0.0, Avg:  0.0, Max:  0.0, Diff:  0.0, Sum:  0.0, Workers: 4
[344.631s][debug][gc,phases      ] GC(40)     Dead                           Min: 0, Avg:  0.0, Max: 0, Diff: 0, Sum: 0, Workers: 4
[344.631s][debug][gc,phases      ] GC(40)     Total                          Min: 0, Avg: 11.2, Max: 45, Diff: 45, Sum: 45, Workers: 4
[344.631s][debug][gc,phases      ] GC(40)   StringDedup Table Weak         Min:  0.0, Avg:  0.0, Max:  0.0, Diff:  0.0, Sum:  0.0, Workers: 4
[344.631s][debug][gc,phases      ] GC(40)     Dead                           Min: 0, Avg:  0.0, Max: 0, Diff: 0, Sum: 0, Workers: 4
[344.631s][debug][gc,phases      ] GC(40)     Total                          Min: 0, Avg:  0.0, Max: 0, Diff: 0, Sum: 0, Workers: 4
[344.631s][debug][gc,phases      ] GC(40)   StringDedup Requests0 Weak     Min:  0.0, Avg:  0.0, Max:  0.0, Diff:  0.0, Sum:  0.0, Workers: 4
[344.631s][debug][gc,phases      ] GC(40)     Dead                           Min: 0, Avg:  0.0, Max: 0, Diff: 0, Sum: 0, Workers: 4
[344.631s][debug][gc,phases      ] GC(40)     Total                          Min: 0, Avg:  0.0, Max: 0, Diff: 0, Sum: 0, Workers: 4
[344.631s][debug][gc,phases      ] GC(40)   StringDedup Requests1 Weak     Min:  0.0, Avg:  0.0, Max:  0.0, Diff:  0.0, Sum:  0.0, Workers: 4
[344.631s][debug][gc,phases      ] GC(40)     Dead                           Min: 0, Avg:  0.0, Max: 0, Diff: 0, Sum: 0, Workers: 4
[344.631s][debug][gc,phases      ] GC(40)     Total                          Min: 0, Avg:  0.0, Max: 0, Diff: 0, Sum: 0, Workers: 4
[344.631s][debug][gc,phases      ] GC(40)   Weak JFR Old Object Samples    Min:  0.0, Avg:  0.0, Max:  0.0, Diff:  0.0, Sum:  0.0, Workers: 4
[344.631s][debug][gc,phases      ] GC(40)     Dead                           Min: 0, Avg:  0.0, Max: 0, Diff: 0, Sum: 0, Workers: 4
[344.631s][debug][gc,phases      ] GC(40)     Total                          Min: 0, Avg:  0.0, Max: 0, Diff: 0, Sum: 0, Workers: 4
[344.631s][debug][gc,phases      ] GC(40) Weak Processing 0.379ms
[344.631s][debug][gc,age         ] GC(40) Desired survivor size 240123904 bytes, new threshold 15 (max threshold 15)
[344.631s][info ][gc,heap        ] GC(40) PSYoungGen: 1587312K(1848832K)->992K(1834496K) Eden: 1586176K(1586176K)->0K(1586176K) From: 1136K(262656K)->992K(248320K)
[344.631s][info ][gc,heap        ] GC(40) ParOldGen: 233925K(324096K)->234085K(324096K)
[344.631s][info ][gc,metaspace   ] GC(40) Metaspace: 79908K(80768K)->79908K(80768K) NonClass: 68204K(68672K)->68204K(68672K) Class: 11704K(12096K)->11704K(12096K)
[344.631s][info ][gc             ] GC(40) Pause Young (Allocation Failure) 1778M->229M(2108M) 5.350ms
[344.631s][info ][gc,cpu         ] GC(40) User=0.01s Sys=0.01s Real=0.01s
[344.631s][info ][safepoint      ] Safepoint "ParallelGCFailedAllocation", Time since last: 443104291 ns, Reaching safepoint: 75900 ns, Cleanup: 33001 ns, At safepoint: 5426425 ns, Total: 5535326 ns
[345.631s][info ][safepoint      ] Safepoint "Cleanup", Time since last: 1000087419 ns, Reaching safepoint: 6100 ns, Cleanup: 48200 ns, At safepoint: 3400 ns, Total: 57700 ns
[346.631s][info ][safepoint      ] Safepoint "Cleanup", Time since last: 1000114520 ns, Reaching safepoint: 5200 ns, Cleanup: 41000 ns, At safepoint: 2600 ns, Total: 48800 ns
[348.631s][info ][safepoint      ] Safepoint "Cleanup", Time since last: 2000155238 ns, Reaching safepoint: 5600 ns, Cleanup: 60000 ns, At safepoint: 4400 ns, Total: 70000 ns
[349.632s][info ][safepoint      ] Safepoint "Cleanup", Time since last: 1000113319 ns, Reaching safepoint: 5600 ns, Cleanup: 57801 ns, At safepoint: 3700 ns, Total: 67101 ns
[350.632s][info ][safepoint      ] Safepoint "Cleanup", Time since last: 1000125419 ns, Reaching safepoint: 5500 ns, Cleanup: 35400 ns, At safepoint: 2500 ns, Total: 43400 ns
[351.632s][info ][safepoint      ] Safepoint "Cleanup", Time since last: 1000074419 ns, Reaching safepoint: 5100 ns, Cleanup: 25300 ns, At safepoint: 2800 ns, Total: 33200 ns
[352.632s][info ][safepoint      ] Safepoint "Cleanup", Time since last: 1000117213 ns, Reaching safepoint: 6300 ns, Cleanup: 54201 ns, At safepoint: 11900 ns, Total: 72401 ns
[353.632s][info ][safepoint      ] Safepoint "Cleanup", Time since last: 1000139510 ns, Reaching safepoint: 81701 ns, Cleanup: 49900 ns, At safepoint: 13100 ns, Total: 144701 ns
[354.632s][info ][safepoint      ] Safepoint "Cleanup", Time since last: 1000116211 ns, Reaching safepoint: 3400 ns, Cleanup: 47900 ns, At safepoint: 2500 ns, Total: 53800 ns
[356.633s][info ][safepoint      ] Safepoint "Cleanup", Time since last: 2000166321 ns, Reaching safepoint: 4800 ns, Cleanup: 54900 ns, At safepoint: 13300 ns, Total: 73000 ns
[357.024s][info ][gc,start       ] GC(41) Pause Young (Allocation Failure)
[357.027s][debug][gc,phases      ] GC(41) Scavenge 2.702ms
[357.027s][debug][gc,ref         ] GC(41) Skipped phase 1 of Reference Processing: no references
[357.027s][debug][gc,ref         ] GC(41) ReferenceProcessor::execute queues: 1, RefProcThreadModel::Single, marks_oops_alive: false
[357.027s][debug][gc,ref         ] GC(41) Skipped phase 3 of Reference Processing: no references
[357.027s][debug][gc,ref         ] GC(41) ReferenceProcessor::execute queues: 1, RefProcThreadModel::Single, marks_oops_alive: false
[357.027s][debug][gc,phases      ] GC(41) Reference Processing 0.105ms
[357.027s][debug][gc,phases      ] GC(41)   VM Weak                        Min:  0.0, Avg:  0.0, Max:  0.0, Diff:  0.0, Sum:  0.0, Workers: 4
[357.027s][debug][gc,phases      ] GC(41)     Dead                           Min: 0, Avg:  0.0, Max: 0, Diff: 0, Sum: 0, Workers: 4
[357.027s][debug][gc,phases      ] GC(41)     Total                          Min: 0, Avg: 172.8, Max: 384, Diff: 384, Sum: 691, Workers: 4
[357.027s][debug][gc,phases      ] GC(41)   ObjectSynchronizer Weak        Min:  0.0, Avg:  0.0, Max:  0.0, Diff:  0.0, Sum:  0.0, Workers: 4
[357.027s][debug][gc,phases      ] GC(41)     Dead                           Min: 0, Avg:  0.0, Max: 0, Diff: 0, Sum: 0, Workers: 4
[357.027s][debug][gc,phases      ] GC(41)     Total                          Min: 0, Avg:  1.5, Max: 6, Diff: 6, Sum: 6, Workers: 4
[357.027s][debug][gc,phases      ] GC(41)   JVMTI Tag Weak OopStorage      Min:  0.0, Avg:  0.0, Max:  0.0, Diff:  0.0, Sum:  0.0, Workers: 4
[357.027s][debug][gc,phases      ] GC(41)     Dead                           Min: 0, Avg:  0.0, Max: 0, Diff: 0, Sum: 0, Workers: 4
[357.027s][debug][gc,phases      ] GC(41)     Total                          Min: 0, Avg:  0.0, Max: 0, Diff: 0, Sum: 0, Workers: 4
[357.027s][debug][gc,phases      ] GC(41)   StringTable Weak               Min:  0.1, Avg:  0.1, Max:  0.2, Diff:  0.0, Sum:  0.5, Workers: 4
[357.027s][debug][gc,phases      ] GC(41)     Dead                           Min: 0, Avg:  0.0, Max: 0, Diff: 0, Sum: 0, Workers: 4
[357.027s][debug][gc,phases      ] GC(41)     Total                          Min: 9600, Avg: 10673.5, Max: 11654, Diff: 2054, Sum: 42694, Workers: 4
[357.027s][debug][gc,phases      ] GC(41)   ResolvedMethodTable Weak       Min:  0.0, Avg:  0.0, Max:  0.0, Diff:  0.0, Sum:  0.1, Workers: 4
[357.027s][debug][gc,phases      ] GC(41)     Dead                           Min: 0, Avg:  0.0, Max: 0, Diff: 0, Sum: 0, Workers: 4
[357.027s][debug][gc,phases      ] GC(41)     Total                          Min: 0, Avg: 2276.2, Max: 3351, Diff: 3351, Sum: 9105, Workers: 4
[357.027s][debug][gc,phases      ] GC(41)   JNI Weak                       Min:  0.0, Avg:  0.0, Max:  0.0, Diff:  0.0, Sum:  0.0, Workers: 4
[357.027s][debug][gc,phases      ] GC(41)     Dead                           Min: 0, Avg:  0.0, Max: 0, Diff: 0, Sum: 0, Workers: 4
[357.027s][debug][gc,phases      ] GC(41)     Total                          Min: 0, Avg: 11.2, Max: 45, Diff: 45, Sum: 45, Workers: 4
[357.027s][debug][gc,phases      ] GC(41)   StringDedup Table Weak         Min:  0.0, Avg:  0.0, Max:  0.0, Diff:  0.0, Sum:  0.0, Workers: 4
[357.027s][debug][gc,phases      ] GC(41)     Dead                           Min: 0, Avg:  0.0, Max: 0, Diff: 0, Sum: 0, Workers: 4
[357.027s][debug][gc,phases      ] GC(41)     Total                          Min: 0, Avg:  0.0, Max: 0, Diff: 0, Sum: 0, Workers: 4
[357.027s][debug][gc,phases      ] GC(41)   StringDedup Requests0 Weak     Min:  0.0, Avg:  0.0, Max:  0.0, Diff:  0.0, Sum:  0.0, Workers: 4
[357.027s][debug][gc,phases      ] GC(41)     Dead                           Min: 0, Avg:  0.0, Max: 0, Diff: 0, Sum: 0, Workers: 4
[357.027s][debug][gc,phases      ] GC(41)     Total                          Min: 0, Avg:  0.0, Max: 0, Diff: 0, Sum: 0, Workers: 4
[357.027s][debug][gc,phases      ] GC(41)   StringDedup Requests1 Weak     Min:  0.0, Avg:  0.0, Max:  0.0, Diff:  0.0, Sum:  0.0, Workers: 4
[357.027s][debug][gc,phases      ] GC(41)     Dead                           Min: 0, Avg:  0.0, Max: 0, Diff: 0, Sum: 0, Workers: 4
[357.027s][debug][gc,phases      ] GC(41)     Total                          Min: 0, Avg:  0.0, Max: 0, Diff: 0, Sum: 0, Workers: 4
[357.027s][debug][gc,phases      ] GC(41)   Weak JFR Old Object Samples    Min:  0.0, Avg:  0.0, Max:  0.0, Diff:  0.0, Sum:  0.0, Workers: 4
[357.027s][debug][gc,phases      ] GC(41)     Dead                           Min: 0, Avg:  0.0, Max: 0, Diff: 0, Sum: 0, Workers: 4
[357.027s][debug][gc,phases      ] GC(41)     Total                          Min: 0, Avg:  0.0, Max: 0, Diff: 0, Sum: 0, Workers: 4
[357.027s][debug][gc,phases      ] GC(41) Weak Processing 0.336ms
[357.027s][debug][gc,age         ] GC(41) Desired survivor size 225968128 bytes, new threshold 15 (max threshold 15)
[357.027s][info ][gc,heap        ] GC(41) PSYoungGen: 1587168K(1834496K)->1120K(1876480K) Eden: 1586176K(1586176K)->0K(1641984K) From: 992K(248320K)->1120K(234496K)
[357.027s][info ][gc,heap        ] GC(41) ParOldGen: 234085K(324096K)->234173K(324096K)
[357.027s][info ][gc,metaspace   ] GC(41) Metaspace: 79913K(80768K)->79913K(80768K) NonClass: 68208K(68672K)->68208K(68672K) Class: 11704K(12096K)->11704K(12096K)
[357.027s][info ][gc             ] GC(41) Pause Young (Allocation Failure) 1778M->229M(2149M) 3.232ms
[357.027s][info ][gc,cpu         ] GC(41) User=0.01s Sys=0.00s Real=0.00s
[357.027s][info ][safepoint      ] Safepoint "ParallelGCFailedAllocation", Time since last: 391318144 ns, Reaching safepoint: 6000 ns, Cleanup: 26900 ns, At safepoint: 3300215 ns, Total: 3333115 ns
[359.028s][info ][safepoint      ] Safepoint "Cleanup", Time since last: 2000133721 ns, Reaching safepoint: 4900 ns, Cleanup: 45200 ns, At safepoint: 2900 ns, Total: 53000 ns
[364.170s][info ][safepoint      ] Safepoint "Cleanup", Time since last: 5142583056 ns, Reaching safepoint: 5000 ns, Cleanup: 33801 ns, At safepoint: 2400 ns, Total: 41201 ns
[368.171s][info ][safepoint      ] Safepoint "Cleanup", Time since last: 4000294287 ns, Reaching safepoint: 4400 ns, Cleanup: 42600 ns, At safepoint: 2400 ns, Total: 49400 ns
[369.171s][info ][safepoint      ] Safepoint "Cleanup", Time since last: 1000103631 ns, Reaching safepoint: 5700 ns, Cleanup: 50500 ns, At safepoint: 3800 ns, Total: 60000 ns
[369.926s][info ][gc,start       ] GC(42) Pause Young (Allocation Failure)
[369.929s][debug][gc,phases      ] GC(42) Scavenge 2.836ms
[369.929s][debug][gc,ref         ] GC(42) Skipped phase 1 of Reference Processing: no references
[369.929s][debug][gc,ref         ] GC(42) ReferenceProcessor::execute queues: 1, RefProcThreadModel::Single, marks_oops_alive: false
[369.929s][debug][gc,ref         ] GC(42) Skipped phase 3 of Reference Processing: no references
[369.929s][debug][gc,ref         ] GC(42) ReferenceProcessor::execute queues: 1, RefProcThreadModel::Single, marks_oops_alive: false
[369.929s][debug][gc,phases      ] GC(42) Reference Processing 0.110ms
[369.929s][debug][gc,phases      ] GC(42)   VM Weak                        Min:  0.0, Avg:  0.0, Max:  0.0, Diff:  0.0, Sum:  0.0, Workers: 4
[369.929s][debug][gc,phases      ] GC(42)     Dead                           Min: 0, Avg:  0.0, Max: 0, Diff: 0, Sum: 0, Workers: 4
[369.929s][debug][gc,phases      ] GC(42)     Total                          Min: 0, Avg: 172.8, Max: 563, Diff: 563, Sum: 691, Workers: 4
[369.929s][debug][gc,phases      ] GC(42)   ObjectSynchronizer Weak        Min:  0.0, Avg:  0.0, Max:  0.0, Diff:  0.0, Sum:  0.0, Workers: 4
[369.929s][debug][gc,phases      ] GC(42)     Dead                           Min: 0, Avg:  0.0, Max: 0, Diff: 0, Sum: 0, Workers: 4
[369.929s][debug][gc,phases      ] GC(42)     Total                          Min: 0, Avg:  1.0, Max: 4, Diff: 4, Sum: 4, Workers: 4
[369.929s][debug][gc,phases      ] GC(42)   JVMTI Tag Weak OopStorage      Min:  0.0, Avg:  0.0, Max:  0.0, Diff:  0.0, Sum:  0.0, Workers: 4
[369.929s][debug][gc,phases      ] GC(42)     Dead                           Min: 0, Avg:  0.0, Max: 0, Diff: 0, Sum: 0, Workers: 4
[369.929s][debug][gc,phases      ] GC(42)     Total                          Min: 0, Avg:  0.0, Max: 0, Diff: 0, Sum: 0, Workers: 4
[369.929s][debug][gc,phases      ] GC(42)   StringTable Weak               Min:  0.0, Avg:  0.1, Max:  0.1, Diff:  0.1, Sum:  0.4, Workers: 4
[369.929s][debug][gc,phases      ] GC(42)     Dead                           Min: 0, Avg:  0.0, Max: 0, Diff: 0, Sum: 0, Workers: 4
[369.929s][debug][gc,phases      ] GC(42)     Total                          Min: 0, Avg: 10673.5, Max: 18368, Diff: 18368, Sum: 42694, Workers: 4
[369.929s][debug][gc,phases      ] GC(42)   ResolvedMethodTable Weak       Min:  0.0, Avg:  0.0, Max:  0.0, Diff:  0.0, Sum:  0.1, Workers: 4
[369.929s][debug][gc,phases      ] GC(42)     Dead                           Min: 0, Avg:  0.0, Max: 0, Diff: 0, Sum: 0, Workers: 4
[369.929s][debug][gc,phases      ] GC(42)     Total                          Min: 0, Avg: 2276.2, Max: 4157, Diff: 4157, Sum: 9105, Workers: 4
[369.929s][debug][gc,phases      ] GC(42)   JNI Weak                       Min:  0.0, Avg:  0.0, Max:  0.0, Diff:  0.0, Sum:  0.0, Workers: 4
[369.929s][debug][gc,phases      ] GC(42)     Dead                           Min: 0, Avg:  0.0, Max: 0, Diff: 0, Sum: 0, Workers: 4
[369.929s][debug][gc,phases      ] GC(42)     Total                          Min: 0, Avg: 11.2, Max: 45, Diff: 45, Sum: 45, Workers: 4
[369.929s][debug][gc,phases      ] GC(42)   StringDedup Table Weak         Min:  0.0, Avg:  0.0, Max:  0.0, Diff:  0.0, Sum:  0.0, Workers: 4
[369.929s][debug][gc,phases      ] GC(42)     Dead                           Min: 0, Avg:  0.0, Max: 0, Diff: 0, Sum: 0, Workers: 4
[369.929s][debug][gc,phases      ] GC(42)     Total                          Min: 0, Avg:  0.0, Max: 0, Diff: 0, Sum: 0, Workers: 4
[369.929s][debug][gc,phases      ] GC(42)   StringDedup Requests0 Weak     Min:  0.0, Avg:  0.0, Max:  0.0, Diff:  0.0, Sum:  0.0, Workers: 4
[369.929s][debug][gc,phases      ] GC(42)     Dead                           Min: 0, Avg:  0.0, Max: 0, Diff: 0, Sum: 0, Workers: 4
[369.929s][debug][gc,phases      ] GC(42)     Total                          Min: 0, Avg:  0.0, Max: 0, Diff: 0, Sum: 0, Workers: 4
[369.929s][debug][gc,phases      ] GC(42)   StringDedup Requests1 Weak     Min:  0.0, Avg:  0.0, Max:  0.0, Diff:  0.0, Sum:  0.0, Workers: 4
[369.929s][debug][gc,phases      ] GC(42)     Dead                           Min: 0, Avg:  0.0, Max: 0, Diff: 0, Sum: 0, Workers: 4
[369.929s][debug][gc,phases      ] GC(42)     Total                          Min: 0, Avg:  0.0, Max: 0, Diff: 0, Sum: 0, Workers: 4
[369.929s][debug][gc,phases      ] GC(42)   Weak JFR Old Object Samples    Min:  0.0, Avg:  0.0, Max:  0.0, Diff:  0.0, Sum:  0.0, Workers: 4
[369.929s][debug][gc,phases      ] GC(42)     Dead                           Min: 0, Avg:  0.0, Max: 0, Diff: 0, Sum: 0, Workers: 4
[369.929s][debug][gc,phases      ] GC(42)     Total                          Min: 0, Avg:  0.0, Max: 0, Diff: 0, Sum: 0, Workers: 4
[369.929s][debug][gc,phases      ] GC(42) Weak Processing 0.351ms
[369.929s][debug][gc,age         ] GC(42) Desired survivor size 212860928 bytes, new threshold 15 (max threshold 15)
[369.929s][info ][gc,heap        ] GC(42) PSYoungGen: 1643104K(1876480K)->912K(1862656K) Eden: 1641984K(1641984K)->0K(1641984K) From: 1120K(234496K)->912K(220672K)
[369.929s][info ][gc,heap        ] GC(42) ParOldGen: 234173K(324096K)->234205K(324096K)
[369.929s][info ][gc,metaspace   ] GC(42) Metaspace: 79917K(80768K)->79917K(80768K) NonClass: 68213K(68672K)->68213K(68672K) Class: 11704K(12096K)->11704K(12096K)
[369.929s][info ][gc             ] GC(42) Pause Young (Allocation Failure) 1833M->229M(2135M) 3.387ms
[369.929s][info ][gc,cpu         ] GC(42) User=0.01s Sys=0.00s Real=0.00s
[369.929s][info ][safepoint      ] Safepoint "ParallelGCFailedAllocation", Time since last: 754880672 ns, Reaching safepoint: 4400 ns, Cleanup: 25100 ns, At safepoint: 3443016 ns, Total: 3472516 ns
[372.929s][info ][safepoint      ] Safepoint "Cleanup", Time since last: 3000210693 ns, Reaching safepoint: 4700 ns, Cleanup: 47100 ns, At safepoint: 2500 ns, Total: 54300 ns
[373.929s][info ][safepoint      ] Safepoint "Cleanup", Time since last: 1000105832 ns, Reaching safepoint: 4200 ns, Cleanup: 53500 ns, At safepoint: 3400 ns, Total: 61100 ns
[375.930s][info ][safepoint      ] Safepoint "Cleanup", Time since last: 2000180062 ns, Reaching safepoint: 3800 ns, Cleanup: 54200 ns, At safepoint: 32701 ns, Total: 90701 ns
[379.930s][info ][safepoint      ] Safepoint "Cleanup", Time since last: 4000326842 ns, Reaching safepoint: 7100 ns, Cleanup: 56200 ns, At safepoint: 8200 ns, Total: 71500 ns
[382.825s][info ][gc,start       ] GC(43) Pause Young (Allocation Failure)
[382.829s][debug][gc,phases      ] GC(43) Scavenge 4.299ms
[382.829s][debug][gc,ref         ] GC(43) Skipped phase 1 of Reference Processing: no references
[382.829s][debug][gc,ref         ] GC(43) ReferenceProcessor::execute queues: 1, RefProcThreadModel::Single, marks_oops_alive: false
[382.829s][debug][gc,ref         ] GC(43) Skipped phase 3 of Reference Processing: no references
[382.829s][debug][gc,ref         ] GC(43) ReferenceProcessor::execute queues: 1, RefProcThreadModel::Single, marks_oops_alive: false
[382.829s][debug][gc,phases      ] GC(43) Reference Processing 0.104ms
[382.829s][debug][gc,phases      ] GC(43)   VM Weak                        Min:  0.0, Avg:  0.0, Max:  0.0, Diff:  0.0, Sum:  0.0, Workers: 4
[382.829s][debug][gc,phases      ] GC(43)     Dead                           Min: 0, Avg:  0.0, Max: 0, Diff: 0, Sum: 0, Workers: 4
[382.829s][debug][gc,phases      ] GC(43)     Total                          Min: 0, Avg: 172.8, Max: 563, Diff: 563, Sum: 691, Workers: 4
[382.829s][debug][gc,phases      ] GC(43)   ObjectSynchronizer Weak        Min:  0.0, Avg:  0.0, Max:  0.0, Diff:  0.0, Sum:  0.0, Workers: 4
[382.829s][debug][gc,phases      ] GC(43)     Dead                           Min: 0, Avg:  0.0, Max: 0, Diff: 0, Sum: 0, Workers: 4
[382.829s][debug][gc,phases      ] GC(43)     Total                          Min: 0, Avg:  1.0, Max: 4, Diff: 4, Sum: 4, Workers: 4
[382.829s][debug][gc,phases      ] GC(43)   JVMTI Tag Weak OopStorage      Min:  0.0, Avg:  0.0, Max:  0.0, Diff:  0.0, Sum:  0.0, Workers: 4
[382.829s][debug][gc,phases      ] GC(43)     Dead                           Min: 0, Avg:  0.0, Max: 0, Diff: 0, Sum: 0, Workers: 4
[382.829s][debug][gc,phases      ] GC(43)     Total                          Min: 0, Avg:  0.0, Max: 0, Diff: 0, Sum: 0, Workers: 4
[382.829s][debug][gc,phases      ] GC(43)   StringTable Weak               Min:  0.1, Avg:  0.1, Max:  0.1, Diff:  0.0, Sum:  0.5, Workers: 4
[382.829s][debug][gc,phases      ] GC(43)     Dead                           Min: 0, Avg:  0.0, Max: 0, Diff: 0, Sum: 0, Workers: 4
[382.829s][debug][gc,phases      ] GC(43)     Total                          Min: 10376, Avg: 10674.0, Max: 11072, Diff: 696, Sum: 42696, Workers: 4
[382.829s][debug][gc,phases      ] GC(43)   ResolvedMethodTable Weak       Min:  0.0, Avg:  0.0, Max:  0.0, Diff:  0.0, Sum:  0.1, Workers: 4
[382.829s][debug][gc,phases      ] GC(43)     Dead                           Min: 0, Avg:  0.0, Max: 0, Diff: 0, Sum: 0, Workers: 4
[382.829s][debug][gc,phases      ] GC(43)     Total                          Min: 2076, Avg: 2276.2, Max: 2451, Diff: 375, Sum: 9105, Workers: 4
[382.829s][debug][gc,phases      ] GC(43)   JNI Weak                       Min:  0.0, Avg:  0.0, Max:  0.0, Diff:  0.0, Sum:  0.0, Workers: 4
[382.829s][debug][gc,phases      ] GC(43)     Dead                           Min: 0, Avg:  0.0, Max: 0, Diff: 0, Sum: 0, Workers: 4
[382.829s][debug][gc,phases      ] GC(43)     Total                          Min: 0, Avg: 11.2, Max: 45, Diff: 45, Sum: 45, Workers: 4
[382.829s][debug][gc,phases      ] GC(43)   StringDedup Table Weak         Min:  0.0, Avg:  0.0, Max:  0.0, Diff:  0.0, Sum:  0.0, Workers: 4
[382.829s][debug][gc,phases      ] GC(43)     Dead                           Min: 0, Avg:  0.0, Max: 0, Diff: 0, Sum: 0, Workers: 4
[382.829s][debug][gc,phases      ] GC(43)     Total                          Min: 0, Avg:  0.0, Max: 0, Diff: 0, Sum: 0, Workers: 4
[382.829s][debug][gc,phases      ] GC(43)   StringDedup Requests0 Weak     Min:  0.0, Avg:  0.0, Max:  0.0, Diff:  0.0, Sum:  0.0, Workers: 4
[382.829s][debug][gc,phases      ] GC(43)     Dead                           Min: 0, Avg:  0.0, Max: 0, Diff: 0, Sum: 0, Workers: 4
[382.829s][debug][gc,phases      ] GC(43)     Total                          Min: 0, Avg:  0.0, Max: 0, Diff: 0, Sum: 0, Workers: 4
[382.829s][debug][gc,phases      ] GC(43)   StringDedup Requests1 Weak     Min:  0.0, Avg:  0.0, Max:  0.0, Diff:  0.0, Sum:  0.0, Workers: 4
[382.829s][debug][gc,phases      ] GC(43)     Dead                           Min: 0, Avg:  0.0, Max: 0, Diff: 0, Sum: 0, Workers: 4
[382.830s][debug][gc,phases      ] GC(43)     Total                          Min: 0, Avg:  0.0, Max: 0, Diff: 0, Sum: 0, Workers: 4
[382.830s][debug][gc,phases      ] GC(43)   Weak JFR Old Object Samples    Min:  0.0, Avg:  0.0, Max:  0.0, Diff:  0.0, Sum:  0.0, Workers: 4
[382.830s][debug][gc,phases      ] GC(43)     Dead                           Min: 0, Avg:  0.0, Max: 0, Diff: 0, Sum: 0, Workers: 4
[382.830s][debug][gc,phases      ] GC(43)     Total                          Min: 0, Avg:  0.0, Max: 0, Diff: 0, Sum: 0, Workers: 4
[382.830s][debug][gc,phases      ] GC(43) Weak Processing 0.329ms
[382.830s][debug][gc,age         ] GC(43) Desired survivor size 199753728 bytes, new threshold 15 (max threshold 15)
[382.830s][info ][gc,heap        ] GC(43) PSYoungGen: 1642896K(1862656K)->992K(1902080K) Eden: 1641984K(1641984K)->0K(1694208K) From: 912K(220672K)->992K(207872K)
[382.830s][info ][gc,heap        ] GC(43) ParOldGen: 234205K(324096K)->234213K(324096K)
[382.830s][info ][gc,metaspace   ] GC(43) Metaspace: 79923K(80832K)->79923K(80832K) NonClass: 68218K(68736K)->68218K(68736K) Class: 11704K(12096K)->11704K(12096K)
[382.830s][info ][gc             ] GC(43) Pause Young (Allocation Failure) 1833M->229M(2174M) 4.856ms
[382.830s][info ][gc,cpu         ] GC(43) User=0.01s Sys=0.00s Real=0.00s
[382.830s][info ][safepoint      ] Safepoint "ParallelGCFailedAllocation", Time since last: 2894470612 ns, Reaching safepoint: 5600 ns, Cleanup: 45701 ns, At safepoint: 4916421 ns, Total: 4967722 ns
[386.830s][info ][safepoint      ] Safepoint "Cleanup", Time since last: 4000266037 ns, Reaching safepoint: 4300 ns, Cleanup: 51000 ns, At safepoint: 4200 ns, Total: 59500 ns
[393.830s][info ][safepoint      ] Safepoint "Cleanup", Time since last: 7000466403 ns, Reaching safepoint: 72200 ns, Cleanup: 39400 ns, At safepoint: 3601 ns, Total: 115201 ns
[394.831s][info ][safepoint      ] Safepoint "Cleanup", Time since last: 1000093769 ns, Reaching safepoint: 4900 ns, Cleanup: 23300 ns, At safepoint: 2600 ns, Total: 30800 ns
[395.831s][info ][safepoint      ] Safepoint "Cleanup", Time since last: 1000111470 ns, Reaching safepoint: 5200 ns, Cleanup: 49000 ns, At safepoint: 8200 ns, Total: 62400 ns
[396.175s][info ][gc,start       ] GC(44) Pause Young (Allocation Failure)
[396.177s][debug][gc,phases      ] GC(44) Scavenge 2.570ms
[396.177s][debug][gc,ref         ] GC(44) Skipped phase 1 of Reference Processing: no references
[396.177s][debug][gc,ref         ] GC(44) ReferenceProcessor::execute queues: 1, RefProcThreadModel::Single, marks_oops_alive: false
[396.177s][debug][gc,ref         ] GC(44) Skipped phase 3 of Reference Processing: no references
[396.177s][debug][gc,ref         ] GC(44) ReferenceProcessor::execute queues: 1, RefProcThreadModel::Single, marks_oops_alive: false
[396.177s][debug][gc,phases      ] GC(44) Reference Processing 0.095ms
[396.178s][debug][gc,phases      ] GC(44)   VM Weak                        Min:  0.0, Avg:  0.0, Max:  0.0, Diff:  0.0, Sum:  0.0, Workers: 4
[396.178s][debug][gc,phases      ] GC(44)     Dead                           Min: 0, Avg:  0.0, Max: 0, Diff: 0, Sum: 0, Workers: 4
[396.178s][debug][gc,phases      ] GC(44)     Total                          Min: 0, Avg: 172.8, Max: 563, Diff: 563, Sum: 691, Workers: 4
[396.178s][debug][gc,phases      ] GC(44)   ObjectSynchronizer Weak        Min:  0.0, Avg:  0.0, Max:  0.0, Diff:  0.0, Sum:  0.0, Workers: 4
[396.178s][debug][gc,phases      ] GC(44)     Dead                           Min: 0, Avg:  0.0, Max: 0, Diff: 0, Sum: 0, Workers: 4
[396.178s][debug][gc,phases      ] GC(44)     Total                          Min: 0, Avg:  1.0, Max: 4, Diff: 4, Sum: 4, Workers: 4
[396.178s][debug][gc,phases      ] GC(44)   JVMTI Tag Weak OopStorage      Min:  0.0, Avg:  0.0, Max:  0.0, Diff:  0.0, Sum:  0.0, Workers: 4
[396.178s][debug][gc,phases      ] GC(44)     Dead                           Min: 0, Avg:  0.0, Max: 0, Diff: 0, Sum: 0, Workers: 4
[396.178s][debug][gc,phases      ] GC(44)     Total                          Min: 0, Avg:  0.0, Max: 0, Diff: 0, Sum: 0, Workers: 4
[396.178s][debug][gc,phases      ] GC(44)   StringTable Weak               Min:  0.0, Avg:  0.1, Max:  0.1, Diff:  0.1, Sum:  0.4, Workers: 4
[396.178s][debug][gc,phases      ] GC(44)     Dead                           Min: 0, Avg:  0.0, Max: 0, Diff: 0, Sum: 0, Workers: 4
[396.178s][debug][gc,phases      ] GC(44)     Total                          Min: 0, Avg: 10677.2, Max: 17152, Diff: 17152, Sum: 42709, Workers: 4
[396.178s][debug][gc,phases      ] GC(44)   ResolvedMethodTable Weak       Min:  0.0, Avg:  0.0, Max:  0.0, Diff:  0.0, Sum:  0.1, Workers: 4
[396.178s][debug][gc,phases      ] GC(44)     Dead                           Min: 0, Avg:  0.0, Max: 0, Diff: 0, Sum: 0, Workers: 4
[396.178s][debug][gc,phases      ] GC(44)     Total                          Min: 0, Avg: 2276.2, Max: 3602, Diff: 3602, Sum: 9105, Workers: 4
[396.178s][debug][gc,phases      ] GC(44)   JNI Weak                       Min:  0.0, Avg:  0.0, Max:  0.0, Diff:  0.0, Sum:  0.0, Workers: 4
[396.178s][debug][gc,phases      ] GC(44)     Dead                           Min: 0, Avg:  0.0, Max: 0, Diff: 0, Sum: 0, Workers: 4
[396.178s][debug][gc,phases      ] GC(44)     Total                          Min: 0, Avg: 11.2, Max: 45, Diff: 45, Sum: 45, Workers: 4
[396.178s][debug][gc,phases      ] GC(44)   StringDedup Table Weak         Min:  0.0, Avg:  0.0, Max:  0.0, Diff:  0.0, Sum:  0.0, Workers: 4
[396.178s][debug][gc,phases      ] GC(44)     Dead                           Min: 0, Avg:  0.0, Max: 0, Diff: 0, Sum: 0, Workers: 4
[396.178s][debug][gc,phases      ] GC(44)     Total                          Min: 0, Avg:  0.0, Max: 0, Diff: 0, Sum: 0, Workers: 4
[396.178s][debug][gc,phases      ] GC(44)   StringDedup Requests0 Weak     Min:  0.0, Avg:  0.0, Max:  0.0, Diff:  0.0, Sum:  0.0, Workers: 4
[396.178s][debug][gc,phases      ] GC(44)     Dead                           Min: 0, Avg:  0.0, Max: 0, Diff: 0, Sum: 0, Workers: 4
[396.178s][debug][gc,phases      ] GC(44)     Total                          Min: 0, Avg:  0.0, Max: 0, Diff: 0, Sum: 0, Workers: 4
[396.178s][debug][gc,phases      ] GC(44)   StringDedup Requests1 Weak     Min:  0.0, Avg:  0.0, Max:  0.0, Diff:  0.0, Sum:  0.0, Workers: 4
[396.178s][debug][gc,phases      ] GC(44)     Dead                           Min: 0, Avg:  0.0, Max: 0, Diff: 0, Sum: 0, Workers: 4
[396.178s][debug][gc,phases      ] GC(44)     Total                          Min: 0, Avg:  0.0, Max: 0, Diff: 0, Sum: 0, Workers: 4
[396.178s][debug][gc,phases      ] GC(44)   Weak JFR Old Object Samples    Min:  0.0, Avg:  0.0, Max:  0.0, Diff:  0.0, Sum:  0.0, Workers: 4
[396.178s][debug][gc,phases      ] GC(44)     Dead                           Min: 0, Avg:  0.0, Max: 0, Diff: 0, Sum: 0, Workers: 4
[396.178s][debug][gc,phases      ] GC(44)     Total                          Min: 0, Avg:  0.0, Max: 0, Diff: 0, Sum: 0, Workers: 4
[396.178s][debug][gc,phases      ] GC(44) Weak Processing 0.350ms
[396.178s][debug][gc,age         ] GC(44) Desired survivor size 187170816 bytes, new threshold 15 (max threshold 15)
[396.178s][info ][gc,heap        ] GC(44) PSYoungGen: 1695200K(1902080K)->944K(1889280K) Eden: 1694208K(1694208K)->0K(1694208K) From: 992K(207872K)->944K(195072K)
[396.178s][info ][gc,heap        ] GC(44) ParOldGen: 234213K(324096K)->234221K(324096K)
[396.178s][info ][gc,metaspace   ] GC(44) Metaspace: 79927K(80832K)->79927K(80832K) NonClass: 68222K(68736K)->68222K(68736K) Class: 11704K(12096K)->11704K(12096K)
[396.178s][info ][gc             ] GC(44) Pause Young (Allocation Failure) 1884M->229M(2161M) 3.117ms
[396.178s][info ][gc,cpu         ] GC(44) User=0.01s Sys=0.00s Real=0.00s
[396.178s][info ][safepoint      ] Safepoint "ParallelGCFailedAllocation", Time since last: 343699733 ns, Reaching safepoint: 5300 ns, Cleanup: 39200 ns, At safepoint: 3182514 ns, Total: 3227014 ns
[397.178s][info ][safepoint      ] Safepoint "Cleanup", Time since last: 1000056169 ns, Reaching safepoint: 12800 ns, Cleanup: 47400 ns, At safepoint: 2500 ns, Total: 62700 ns
[399.178s][info ][safepoint      ] Safepoint "Cleanup", Time since last: 2000165939 ns, Reaching safepoint: 4400 ns, Cleanup: 27300 ns, At safepoint: 2500 ns, Total: 34200 ns
[409.573s][info ][gc,start       ] GC(45) Pause Young (Allocation Failure)
[409.576s][debug][gc,phases      ] GC(45) Scavenge 2.825ms
[409.576s][debug][gc,ref         ] GC(45) Skipped phase 1 of Reference Processing: no references
[409.576s][debug][gc,ref         ] GC(45) ReferenceProcessor::execute queues: 1, RefProcThreadModel::Single, marks_oops_alive: false
[409.576s][debug][gc,ref         ] GC(45) Skipped phase 3 of Reference Processing: no references
[409.576s][debug][gc,ref         ] GC(45) ReferenceProcessor::execute queues: 1, RefProcThreadModel::Single, marks_oops_alive: false
[409.576s][debug][gc,phases      ] GC(45) Reference Processing 0.089ms
[409.576s][debug][gc,phases      ] GC(45)   VM Weak                        Min:  0.0, Avg:  0.0, Max:  0.0, Diff:  0.0, Sum:  0.0, Workers: 4
[409.577s][debug][gc,phases      ] GC(45)     Dead                           Min: 0, Avg:  0.0, Max: 0, Diff: 0, Sum: 0, Workers: 4
[409.577s][debug][gc,phases      ] GC(45)     Total                          Min: 0, Avg: 172.8, Max: 691, Diff: 691, Sum: 691, Workers: 4
[409.577s][debug][gc,phases      ] GC(45)   ObjectSynchronizer Weak        Min:  0.0, Avg:  0.0, Max:  0.0, Diff:  0.0, Sum:  0.0, Workers: 4
[409.577s][debug][gc,phases      ] GC(45)     Dead                           Min: 0, Avg:  0.0, Max: 0, Diff: 0, Sum: 0, Workers: 4
[409.577s][debug][gc,phases      ] GC(45)     Total                          Min: 0, Avg:  1.0, Max: 4, Diff: 4, Sum: 4, Workers: 4
[409.577s][debug][gc,phases      ] GC(45)   JVMTI Tag Weak OopStorage      Min:  0.0, Avg:  0.0, Max:  0.0, Diff:  0.0, Sum:  0.0, Workers: 4
[409.577s][debug][gc,phases      ] GC(45)     Dead                           Min: 0, Avg:  0.0, Max: 0, Diff: 0, Sum: 0, Workers: 4
[409.577s][debug][gc,phases      ] GC(45)     Total                          Min: 0, Avg:  0.0, Max: 0, Diff: 0, Sum: 0, Workers: 4
[409.577s][debug][gc,phases      ] GC(45)   StringTable Weak               Min:  0.1, Avg:  0.1, Max:  0.1, Diff:  0.0, Sum:  0.4, Workers: 4
[409.577s][debug][gc,phases      ] GC(45)     Dead                           Min: 0, Avg:  0.0, Max: 0, Diff: 0, Sum: 0, Workers: 4
[409.577s][debug][gc,phases      ] GC(45)     Total                          Min: 7872, Avg: 10677.2, Max: 12053, Diff: 4181, Sum: 42709, Workers: 4
[409.577s][debug][gc,phases      ] GC(45)   ResolvedMethodTable Weak       Min:  0.0, Avg:  0.0, Max:  0.0, Diff:  0.0, Sum:  0.1, Workers: 4
[409.577s][debug][gc,phases      ] GC(45)     Dead                           Min: 0, Avg:  0.0, Max: 0, Diff: 0, Sum: 0, Workers: 4
[409.577s][debug][gc,phases      ] GC(45)     Total                          Min: 2049, Avg: 2276.2, Max: 2451, Diff: 402, Sum: 9105, Workers: 4
[409.577s][debug][gc,phases      ] GC(45)   JNI Weak                       Min:  0.0, Avg:  0.0, Max:  0.0, Diff:  0.0, Sum:  0.0, Workers: 4
[409.577s][debug][gc,phases      ] GC(45)     Dead                           Min: 0, Avg:  0.0, Max: 0, Diff: 0, Sum: 0, Workers: 4
[409.577s][debug][gc,phases      ] GC(45)     Total                          Min: 0, Avg: 11.2, Max: 45, Diff: 45, Sum: 45, Workers: 4
[409.577s][debug][gc,phases      ] GC(45)   StringDedup Table Weak         Min:  0.0, Avg:  0.0, Max:  0.0, Diff:  0.0, Sum:  0.0, Workers: 4
[409.577s][debug][gc,phases      ] GC(45)     Dead                           Min: 0, Avg:  0.0, Max: 0, Diff: 0, Sum: 0, Workers: 4
[409.577s][debug][gc,phases      ] GC(45)     Total                          Min: 0, Avg:  0.0, Max: 0, Diff: 0, Sum: 0, Workers: 4
[409.577s][debug][gc,phases      ] GC(45)   StringDedup Requests0 Weak     Min:  0.0, Avg:  0.0, Max:  0.0, Diff:  0.0, Sum:  0.0, Workers: 4
[409.577s][debug][gc,phases      ] GC(45)     Dead                           Min: 0, Avg:  0.0, Max: 0, Diff: 0, Sum: 0, Workers: 4
[409.577s][debug][gc,phases      ] GC(45)     Total                          Min: 0, Avg:  0.0, Max: 0, Diff: 0, Sum: 0, Workers: 4
[409.577s][debug][gc,phases      ] GC(45)   StringDedup Requests1 Weak     Min:  0.0, Avg:  0.0, Max:  0.0, Diff:  0.0, Sum:  0.0, Workers: 4
[409.577s][debug][gc,phases      ] GC(45)     Dead                           Min: 0, Avg:  0.0, Max: 0, Diff: 0, Sum: 0, Workers: 4
[409.577s][debug][gc,phases      ] GC(45)     Total                          Min: 0, Avg:  0.0, Max: 0, Diff: 0, Sum: 0, Workers: 4
[409.577s][debug][gc,phases      ] GC(45)   Weak JFR Old Object Samples    Min:  0.0, Avg:  0.0, Max:  0.0, Diff:  0.0, Sum:  0.0, Workers: 4
[409.577s][debug][gc,phases      ] GC(45)     Dead                           Min: 0, Avg:  0.0, Max: 0, Diff: 0, Sum: 0, Workers: 4
[409.577s][debug][gc,phases      ] GC(45)     Total                          Min: 0, Avg:  0.0, Max: 0, Diff: 0, Sum: 0, Workers: 4
[409.577s][debug][gc,phases      ] GC(45) Weak Processing 0.362ms
[409.577s][debug][gc,age         ] GC(45) Desired survivor size 175112192 bytes, new threshold 15 (max threshold 15)
[409.577s][info ][gc,heap        ] GC(45) PSYoungGen: 1695152K(1889280K)->960K(1926144K) Eden: 1694208K(1694208K)->0K(1743360K) From: 944K(195072K)->960K(182784K)
[409.577s][info ][gc,heap        ] GC(45) ParOldGen: 234221K(324096K)->234221K(324096K)
[409.577s][info ][gc,metaspace   ] GC(45) Metaspace: 79928K(80832K)->79928K(80832K) NonClass: 68223K(68736K)->68223K(68736K) Class: 11704K(12096K)->11704K(12096K)
[409.577s][info ][gc             ] GC(45) Pause Young (Allocation Failure) 1884M->229M(2197M) 3.375ms
[409.577s][info ][gc,cpu         ] GC(45) User=0.01s Sys=0.00s Real=0.00s
[409.577s][info ][safepoint      ] Safepoint "ParallelGCFailedAllocation", Time since last: 10395210301 ns, Reaching safepoint: 4700 ns, Cleanup: 45300 ns, At safepoint: 3437815 ns, Total: 3487815 ns
[415.577s][info ][safepoint      ] Safepoint "Cleanup", Time since last: 6000375787 ns, Reaching safepoint: 4200 ns, Cleanup: 42500 ns, At safepoint: 4100 ns, Total: 50800 ns
[423.374s][info ][gc,start       ] GC(46) Pause Young (Allocation Failure)
[423.377s][debug][gc,phases      ] GC(46) Scavenge 2.659ms
[423.377s][debug][gc,ref         ] GC(46) Skipped phase 1 of Reference Processing: no references
[423.377s][debug][gc,ref         ] GC(46) ReferenceProcessor::execute queues: 1, RefProcThreadModel::Single, marks_oops_alive: false
[423.377s][debug][gc,ref         ] GC(46) Skipped phase 3 of Reference Processing: no references
[423.377s][debug][gc,ref         ] GC(46) ReferenceProcessor::execute queues: 1, RefProcThreadModel::Single, marks_oops_alive: false
[423.377s][debug][gc,phases      ] GC(46) Reference Processing 0.094ms
[423.377s][debug][gc,phases      ] GC(46)   VM Weak                        Min:  0.0, Avg:  0.0, Max:  0.0, Diff:  0.0, Sum:  0.0, Workers: 4
[423.377s][debug][gc,phases      ] GC(46)     Dead                           Min: 0, Avg:  0.0, Max: 0, Diff: 0, Sum: 0, Workers: 4
[423.377s][debug][gc,phases      ] GC(46)     Total                          Min: 0, Avg: 172.8, Max: 512, Diff: 512, Sum: 691, Workers: 4
[423.377s][debug][gc,phases      ] GC(46)   ObjectSynchronizer Weak        Min:  0.0, Avg:  0.0, Max:  0.0, Diff:  0.0, Sum:  0.0, Workers: 4
[423.377s][debug][gc,phases      ] GC(46)     Dead                           Min: 0, Avg:  0.0, Max: 0, Diff: 0, Sum: 0, Workers: 4
[423.377s][debug][gc,phases      ] GC(46)     Total                          Min: 0, Avg:  1.0, Max: 4, Diff: 4, Sum: 4, Workers: 4
[423.377s][debug][gc,phases      ] GC(46)   JVMTI Tag Weak OopStorage      Min:  0.0, Avg:  0.0, Max:  0.0, Diff:  0.0, Sum:  0.0, Workers: 4
[423.377s][debug][gc,phases      ] GC(46)     Dead                           Min: 0, Avg:  0.0, Max: 0, Diff: 0, Sum: 0, Workers: 4
[423.377s][debug][gc,phases      ] GC(46)     Total                          Min: 0, Avg:  0.0, Max: 0, Diff: 0, Sum: 0, Workers: 4
[423.377s][debug][gc,phases      ] GC(46)   StringTable Weak               Min:  0.1, Avg:  0.1, Max:  0.1, Diff:  0.0, Sum:  0.5, Workers: 4
[423.377s][debug][gc,phases      ] GC(46)     Dead                           Min: 0, Avg:  0.0, Max: 0, Diff: 0, Sum: 0, Workers: 4
[423.377s][debug][gc,phases      ] GC(46)     Total                          Min: 9088, Avg: 10677.2, Max: 11328, Diff: 2240, Sum: 42709, Workers: 4
[423.377s][debug][gc,phases      ] GC(46)   ResolvedMethodTable Weak       Min:  0.0, Avg:  0.0, Max:  0.0, Diff:  0.0, Sum:  0.1, Workers: 4
[423.377s][debug][gc,phases      ] GC(46)     Dead                           Min: 0, Avg:  0.0, Max: 0, Diff: 0, Sum: 0, Workers: 4
[423.377s][debug][gc,phases      ] GC(46)     Total                          Min: 2076, Avg: 2276.2, Max: 2456, Diff: 380, Sum: 9105, Workers: 4
[423.377s][debug][gc,phases      ] GC(46)   JNI Weak                       Min:  0.0, Avg:  0.0, Max:  0.0, Diff:  0.0, Sum:  0.0, Workers: 4
[423.377s][debug][gc,phases      ] GC(46)     Dead                           Min: 0, Avg:  0.0, Max: 0, Diff: 0, Sum: 0, Workers: 4
[423.377s][debug][gc,phases      ] GC(46)     Total                          Min: 0, Avg: 11.2, Max: 45, Diff: 45, Sum: 45, Workers: 4
[423.377s][debug][gc,phases      ] GC(46)   StringDedup Table Weak         Min:  0.0, Avg:  0.0, Max:  0.0, Diff:  0.0, Sum:  0.0, Workers: 4
[423.377s][debug][gc,phases      ] GC(46)     Dead                           Min: 0, Avg:  0.0, Max: 0, Diff: 0, Sum: 0, Workers: 4
[423.377s][debug][gc,phases      ] GC(46)     Total                          Min: 0, Avg:  0.0, Max: 0, Diff: 0, Sum: 0, Workers: 4
[423.377s][debug][gc,phases      ] GC(46)   StringDedup Requests0 Weak     Min:  0.0, Avg:  0.0, Max:  0.0, Diff:  0.0, Sum:  0.0, Workers: 4
[423.377s][debug][gc,phases      ] GC(46)     Dead                           Min: 0, Avg:  0.0, Max: 0, Diff: 0, Sum: 0, Workers: 4
[423.377s][debug][gc,phases      ] GC(46)     Total                          Min: 0, Avg:  0.0, Max: 0, Diff: 0, Sum: 0, Workers: 4
[423.377s][debug][gc,phases      ] GC(46)   StringDedup Requests1 Weak     Min:  0.0, Avg:  0.0, Max:  0.0, Diff:  0.0, Sum:  0.0, Workers: 4
[423.377s][debug][gc,phases      ] GC(46)     Dead                           Min: 0, Avg:  0.0, Max: 0, Diff: 0, Sum: 0, Workers: 4
[423.377s][debug][gc,phases      ] GC(46)     Total                          Min: 0, Avg:  0.0, Max: 0, Diff: 0, Sum: 0, Workers: 4
[423.377s][debug][gc,phases      ] GC(46)   Weak JFR Old Object Samples    Min:  0.0, Avg:  0.0, Max:  0.0, Diff:  0.0, Sum:  0.0, Workers: 4
[423.377s][debug][gc,phases      ] GC(46)     Dead                           Min: 0, Avg:  0.0, Max: 0, Diff: 0, Sum: 0, Workers: 4
[423.377s][debug][gc,phases      ] GC(46)     Total                          Min: 0, Avg:  0.0, Max: 0, Diff: 0, Sum: 0, Workers: 4
[423.377s][debug][gc,phases      ] GC(46) Weak Processing 0.300ms
[423.377s][debug][gc,age         ] GC(46) Desired survivor size 163577856 bytes, new threshold 15 (max threshold 15)
[423.377s][info ][gc,heap        ] GC(46) PSYoungGen: 1744320K(1926144K)->944K(1914368K) Eden: 1743360K(1743360K)->0K(1743360K) From: 960K(182784K)->944K(171008K)
[423.377s][info ][gc,heap        ] GC(46) ParOldGen: 234221K(324096K)->234253K(324096K)
[423.377s][info ][gc,metaspace   ] GC(46) Metaspace: 79928K(80832K)->79928K(80832K) NonClass: 68223K(68736K)->68223K(68736K) Class: 11704K(12096K)->11704K(12096K)
[423.377s][info ][gc             ] GC(46) Pause Young (Allocation Failure) 1932M->229M(2186M) 3.166ms
[423.377s][info ][gc,cpu         ] GC(46) User=0.01s Sys=0.00s Real=0.00s
[423.377s][info ][safepoint      ] Safepoint "ParallelGCFailedAllocation", Time since last: 7796676375 ns, Reaching safepoint: 5800 ns, Cleanup: 52200 ns, At safepoint: 3230615 ns, Total: 3288615 ns
[434.378s][info ][safepoint      ] Safepoint "Cleanup", Time since last: 11000662124 ns, Reaching safepoint: 4800 ns, Cleanup: 56000 ns, At safepoint: 5300 ns, Total: 66100 ns
[437.174s][info ][gc,start       ] GC(47) Pause Young (Allocation Failure)
[437.177s][debug][gc,phases      ] GC(47) Scavenge 2.436ms
[437.177s][debug][gc,ref         ] GC(47) Skipped phase 1 of Reference Processing: no references
[437.177s][debug][gc,ref         ] GC(47) ReferenceProcessor::execute queues: 1, RefProcThreadModel::Single, marks_oops_alive: false
[437.177s][debug][gc,ref         ] GC(47) Skipped phase 3 of Reference Processing: no references
[437.177s][debug][gc,ref         ] GC(47) ReferenceProcessor::execute queues: 1, RefProcThreadModel::Single, marks_oops_alive: false
[437.177s][debug][gc,phases      ] GC(47) Reference Processing 0.102ms
[437.177s][debug][gc,phases      ] GC(47)   VM Weak                        Min:  0.0, Avg:  0.0, Max:  0.0, Diff:  0.0, Sum:  0.0, Workers: 4
[437.177s][debug][gc,phases      ] GC(47)     Dead                           Min: 0, Avg:  0.0, Max: 0, Diff: 0, Sum: 0, Workers: 4
[437.177s][debug][gc,phases      ] GC(47)     Total                          Min: 0, Avg: 172.8, Max: 499, Diff: 499, Sum: 691, Workers: 4
[437.177s][debug][gc,phases      ] GC(47)   ObjectSynchronizer Weak        Min:  0.0, Avg:  0.0, Max:  0.0, Diff:  0.0, Sum:  0.0, Workers: 4
[437.177s][debug][gc,phases      ] GC(47)     Dead                           Min: 0, Avg:  0.0, Max: 0, Diff: 0, Sum: 0, Workers: 4
[437.177s][debug][gc,phases      ] GC(47)     Total                          Min: 0, Avg:  1.0, Max: 4, Diff: 4, Sum: 4, Workers: 4
[437.177s][debug][gc,phases      ] GC(47)   JVMTI Tag Weak OopStorage      Min:  0.0, Avg:  0.0, Max:  0.0, Diff:  0.0, Sum:  0.0, Workers: 4
[437.177s][debug][gc,phases      ] GC(47)     Dead                           Min: 0, Avg:  0.0, Max: 0, Diff: 0, Sum: 0, Workers: 4
[437.177s][debug][gc,phases      ] GC(47)     Total                          Min: 0, Avg:  0.0, Max: 0, Diff: 0, Sum: 0, Workers: 4
[437.177s][debug][gc,phases      ] GC(47)   StringTable Weak               Min:  0.0, Avg:  0.1, Max:  0.1, Diff:  0.1, Sum:  0.4, Workers: 4
[437.177s][debug][gc,phases      ] GC(47)     Dead                           Min: 0, Avg:  0.0, Max: 0, Diff: 0, Sum: 0, Workers: 4
[437.177s][debug][gc,phases      ] GC(47)     Total                          Min: 0, Avg: 10677.2, Max: 18560, Diff: 18560, Sum: 42709, Workers: 4
[437.177s][debug][gc,phases      ] GC(47)   ResolvedMethodTable Weak       Min:  0.0, Avg:  0.0, Max:  0.0, Diff:  0.0, Sum:  0.1, Workers: 4
[437.177s][debug][gc,phases      ] GC(47)     Dead                           Min: 0, Avg:  0.0, Max: 0, Diff: 0, Sum: 0, Workers: 4
[437.177s][debug][gc,phases      ] GC(47)     Total                          Min: 0, Avg: 2276.2, Max: 4136, Diff: 4136, Sum: 9105, Workers: 4
[437.177s][debug][gc,phases      ] GC(47)   JNI Weak                       Min:  0.0, Avg:  0.0, Max:  0.0, Diff:  0.0, Sum:  0.0, Workers: 4
[437.177s][debug][gc,phases      ] GC(47)     Dead                           Min: 0, Avg:  0.0, Max: 0, Diff: 0, Sum: 0, Workers: 4
[437.177s][debug][gc,phases      ] GC(47)     Total                          Min: 0, Avg: 11.2, Max: 45, Diff: 45, Sum: 45, Workers: 4
[437.177s][debug][gc,phases      ] GC(47)   StringDedup Table Weak         Min:  0.0, Avg:  0.0, Max:  0.0, Diff:  0.0, Sum:  0.0, Workers: 4
[437.177s][debug][gc,phases      ] GC(47)     Dead                           Min: 0, Avg:  0.0, Max: 0, Diff: 0, Sum: 0, Workers: 4
[437.177s][debug][gc,phases      ] GC(47)     Total                          Min: 0, Avg:  0.0, Max: 0, Diff: 0, Sum: 0, Workers: 4
[437.177s][debug][gc,phases      ] GC(47)   StringDedup Requests0 Weak     Min:  0.0, Avg:  0.0, Max:  0.0, Diff:  0.0, Sum:  0.0, Workers: 4
[437.177s][debug][gc,phases      ] GC(47)     Dead                           Min: 0, Avg:  0.0, Max: 0, Diff: 0, Sum: 0, Workers: 4
[437.177s][debug][gc,phases      ] GC(47)     Total                          Min: 0, Avg:  0.0, Max: 0, Diff: 0, Sum: 0, Workers: 4
[437.177s][debug][gc,phases      ] GC(47)   StringDedup Requests1 Weak     Min:  0.0, Avg:  0.0, Max:  0.0, Diff:  0.0, Sum:  0.0, Workers: 4
[437.177s][debug][gc,phases      ] GC(47)     Dead                           Min: 0, Avg:  0.0, Max: 0, Diff: 0, Sum: 0, Workers: 4
[437.177s][debug][gc,phases      ] GC(47)     Total                          Min: 0, Avg:  0.0, Max: 0, Diff: 0, Sum: 0, Workers: 4
[437.177s][debug][gc,phases      ] GC(47)   Weak JFR Old Object Samples    Min:  0.0, Avg:  0.0, Max:  0.0, Diff:  0.0, Sum:  0.0, Workers: 4
[437.177s][debug][gc,phases      ] GC(47)     Dead                           Min: 0, Avg:  0.0, Max: 0, Diff: 0, Sum: 0, Workers: 4
[437.177s][debug][gc,phases      ] GC(47)     Total                          Min: 0, Avg:  0.0, Max: 0, Diff: 0, Sum: 0, Workers: 4
[437.177s][debug][gc,phases      ] GC(47) Weak Processing 0.359ms
[437.177s][debug][gc,age         ] GC(47) Desired survivor size 152567808 bytes, new threshold 15 (max threshold 15)
[437.177s][info ][gc,heap        ] GC(47) PSYoungGen: 1744304K(1914368K)->976K(1948160K) Eden: 1743360K(1743360K)->0K(1788416K) From: 944K(171008K)->976K(159744K)
[437.177s][info ][gc,heap        ] GC(47) ParOldGen: 234253K(324096K)->234261K(324096K)
[437.177s][info ][gc,metaspace   ] GC(47) Metaspace: 79928K(80832K)->79928K(80832K) NonClass: 68223K(68736K)->68223K(68736K) Class: 11704K(12096K)->11704K(12096K)
[437.177s][info ][gc             ] GC(47) Pause Young (Allocation Failure) 1932M->229M(2219M) 3.020ms
[437.177s][info ][gc,cpu         ] GC(47) User=0.01s Sys=0.00s Real=0.00s
[437.177s][info ][safepoint      ] Safepoint "ParallelGCFailedAllocation", Time since last: 2796122762 ns, Reaching safepoint: 6100 ns, Cleanup: 50000 ns, At safepoint: 3092614 ns, Total: 3148714 ns
[451.326s][info ][gc,start       ] GC(48) Pause Young (Allocation Failure)
[451.331s][debug][gc,phases      ] GC(48) Scavenge 4.868ms
[451.331s][debug][gc,ref         ] GC(48) Skipped phase 1 of Reference Processing: no references
[451.331s][debug][gc,ref         ] GC(48) ReferenceProcessor::execute queues: 1, RefProcThreadModel::Single, marks_oops_alive: false
[451.331s][debug][gc,ref         ] GC(48) Skipped phase 3 of Reference Processing: no references
[451.331s][debug][gc,ref         ] GC(48) ReferenceProcessor::execute queues: 1, RefProcThreadModel::Single, marks_oops_alive: false
[451.331s][debug][gc,phases      ] GC(48) Reference Processing 0.122ms
[451.331s][debug][gc,phases      ] GC(48)   VM Weak                        Min:  0.0, Avg:  0.0, Max:  0.0, Diff:  0.0, Sum:  0.0, Workers: 4
[451.331s][debug][gc,phases      ] GC(48)     Dead                           Min: 0, Avg:  0.0, Max: 0, Diff: 0, Sum: 0, Workers: 4
[451.331s][debug][gc,phases      ] GC(48)     Total                          Min: 0, Avg: 172.8, Max: 499, Diff: 499, Sum: 691, Workers: 4
[451.331s][debug][gc,phases      ] GC(48)   ObjectSynchronizer Weak        Min:  0.0, Avg:  0.0, Max:  0.0, Diff:  0.0, Sum:  0.0, Workers: 4
[451.331s][debug][gc,phases      ] GC(48)     Dead                           Min: 0, Avg:  0.0, Max: 0, Diff: 0, Sum: 0, Workers: 4
[451.331s][debug][gc,phases      ] GC(48)     Total                          Min: 0, Avg:  1.0, Max: 4, Diff: 4, Sum: 4, Workers: 4
[451.331s][debug][gc,phases      ] GC(48)   JVMTI Tag Weak OopStorage      Min:  0.0, Avg:  0.0, Max:  0.0, Diff:  0.0, Sum:  0.0, Workers: 4
[451.331s][debug][gc,phases      ] GC(48)     Dead                           Min: 0, Avg:  0.0, Max: 0, Diff: 0, Sum: 0, Workers: 4
[451.331s][debug][gc,phases      ] GC(48)     Total                          Min: 0, Avg:  0.0, Max: 0, Diff: 0, Sum: 0, Workers: 4
[451.331s][debug][gc,phases      ] GC(48)   StringTable Weak               Min:  0.0, Avg:  0.1, Max:  0.2, Diff:  0.2, Sum:  0.4, Workers: 4
[451.331s][debug][gc,phases      ] GC(48)     Dead                           Min: 0, Avg:  0.0, Max: 0, Diff: 0, Sum: 0, Workers: 4
[451.331s][debug][gc,phases      ] GC(48)     Total                          Min: 0, Avg: 10677.2, Max: 22357, Diff: 22357, Sum: 42709, Workers: 4
[451.331s][debug][gc,phases      ] GC(48)   ResolvedMethodTable Weak       Min:  0.0, Avg:  0.0, Max:  0.0, Diff:  0.0, Sum:  0.1, Workers: 4
[451.331s][debug][gc,phases      ] GC(48)     Dead                           Min: 0, Avg:  0.0, Max: 0, Diff: 0, Sum: 0, Workers: 4
[451.331s][debug][gc,phases      ] GC(48)     Total                          Min: 0, Avg: 2276.2, Max: 4559, Diff: 4559, Sum: 9105, Workers: 4
[451.331s][debug][gc,phases      ] GC(48)   JNI Weak                       Min:  0.0, Avg:  0.0, Max:  0.0, Diff:  0.0, Sum:  0.0, Workers: 4
[451.331s][debug][gc,phases      ] GC(48)     Dead                           Min: 0, Avg:  0.0, Max: 0, Diff: 0, Sum: 0, Workers: 4
[451.331s][debug][gc,phases      ] GC(48)     Total                          Min: 0, Avg: 11.2, Max: 45, Diff: 45, Sum: 45, Workers: 4
[451.331s][debug][gc,phases      ] GC(48)   StringDedup Table Weak         Min:  0.0, Avg:  0.0, Max:  0.0, Diff:  0.0, Sum:  0.0, Workers: 4
[451.331s][debug][gc,phases      ] GC(48)     Dead                           Min: 0, Avg:  0.0, Max: 0, Diff: 0, Sum: 0, Workers: 4
[451.331s][debug][gc,phases      ] GC(48)     Total                          Min: 0, Avg:  0.0, Max: 0, Diff: 0, Sum: 0, Workers: 4
[451.331s][debug][gc,phases      ] GC(48)   StringDedup Requests0 Weak     Min:  0.0, Avg:  0.0, Max:  0.0, Diff:  0.0, Sum:  0.0, Workers: 4
[451.331s][debug][gc,phases      ] GC(48)     Dead                           Min: 0, Avg:  0.0, Max: 0, Diff: 0, Sum: 0, Workers: 4
[451.332s][debug][gc,phases      ] GC(48)     Total                          Min: 0, Avg:  0.0, Max: 0, Diff: 0, Sum: 0, Workers: 4
[451.332s][debug][gc,phases      ] GC(48)   StringDedup Requests1 Weak     Min:  0.0, Avg:  0.0, Max:  0.0, Diff:  0.0, Sum:  0.0, Workers: 4
[451.332s][debug][gc,phases      ] GC(48)     Dead                           Min: 0, Avg:  0.0, Max: 0, Diff: 0, Sum: 0, Workers: 4
[451.332s][debug][gc,phases      ] GC(48)     Total                          Min: 0, Avg:  0.0, Max: 0, Diff: 0, Sum: 0, Workers: 4
[451.332s][debug][gc,phases      ] GC(48)   Weak JFR Old Object Samples    Min:  0.0, Avg:  0.0, Max:  0.0, Diff:  0.0, Sum:  0.0, Workers: 4
[451.332s][debug][gc,phases      ] GC(48)     Dead                           Min: 0, Avg:  0.0, Max: 0, Diff: 0, Sum: 0, Workers: 4
[451.332s][debug][gc,phases      ] GC(48)     Total                          Min: 0, Avg:  0.0, Max: 0, Diff: 0, Sum: 0, Workers: 4
[451.332s][debug][gc,phases      ] GC(48) Weak Processing 0.559ms
[451.332s][debug][gc,age         ] GC(48) Desired survivor size 142082048 bytes, new threshold 15 (max threshold 15)
[451.332s][info ][gc,heap        ] GC(48) PSYoungGen: 1789392K(1948160K)->1072K(1937408K) Eden: 1788416K(1788416K)->0K(1788416K) From: 976K(159744K)->1072K(148992K)
[451.332s][info ][gc,heap        ] GC(48) ParOldGen: 234261K(324096K)->234277K(324096K)
[451.332s][info ][gc,metaspace   ] GC(48) Metaspace: 79928K(80832K)->79928K(80832K) NonClass: 68224K(68736K)->68224K(68736K) Class: 11704K(12096K)->11704K(12096K)
[451.332s][info ][gc             ] GC(48) Pause Young (Allocation Failure) 1976M->229M(2208M) 5.692ms
[451.332s][info ][gc,cpu         ] GC(48) User=0.01s Sys=0.00s Real=0.01s
[451.332s][info ][safepoint      ] Safepoint "ParallelGCFailedAllocation", Time since last: 14148733475 ns, Reaching safepoint: 5600 ns, Cleanup: 31800 ns, At safepoint: 5769624 ns, Total: 5807024 ns
[465.523s][info ][gc,start       ] GC(49) Pause Young (Allocation Failure)
[465.528s][debug][gc,phases      ] GC(49) Scavenge 4.505ms
[465.528s][debug][gc,ref         ] GC(49) Skipped phase 1 of Reference Processing: no references
[465.528s][debug][gc,ref         ] GC(49) ReferenceProcessor::execute queues: 1, RefProcThreadModel::Single, marks_oops_alive: false
[465.528s][debug][gc,ref         ] GC(49) Skipped phase 3 of Reference Processing: no references
[465.528s][debug][gc,ref         ] GC(49) ReferenceProcessor::execute queues: 1, RefProcThreadModel::Single, marks_oops_alive: false
[465.528s][debug][gc,phases      ] GC(49) Reference Processing 0.098ms
[465.528s][debug][gc,phases      ] GC(49)   VM Weak                        Min:  0.0, Avg:  0.0, Max:  0.0, Diff:  0.0, Sum:  0.0, Workers: 4
[465.528s][debug][gc,phases      ] GC(49)     Dead                           Min: 0, Avg:  0.0, Max: 0, Diff: 0, Sum: 0, Workers: 4
[465.528s][debug][gc,phases      ] GC(49)     Total                          Min: 0, Avg: 172.8, Max: 384, Diff: 384, Sum: 691, Workers: 4
[465.528s][debug][gc,phases      ] GC(49)   ObjectSynchronizer Weak        Min:  0.0, Avg:  0.0, Max:  0.0, Diff:  0.0, Sum:  0.0, Workers: 4
[465.528s][debug][gc,phases      ] GC(49)     Dead                           Min: 0, Avg:  0.0, Max: 0, Diff: 0, Sum: 0, Workers: 4
[465.528s][debug][gc,phases      ] GC(49)     Total                          Min: 0, Avg:  1.0, Max: 4, Diff: 4, Sum: 4, Workers: 4
[465.528s][debug][gc,phases      ] GC(49)   JVMTI Tag Weak OopStorage      Min:  0.0, Avg:  0.0, Max:  0.0, Diff:  0.0, Sum:  0.0, Workers: 4
[465.528s][debug][gc,phases      ] GC(49)     Dead                           Min: 0, Avg:  0.0, Max: 0, Diff: 0, Sum: 0, Workers: 4
[465.528s][debug][gc,phases      ] GC(49)     Total                          Min: 0, Avg:  0.0, Max: 0, Diff: 0, Sum: 0, Workers: 4
[465.528s][debug][gc,phases      ] GC(49)   StringTable Weak               Min:  0.0, Avg:  0.1, Max:  0.1, Diff:  0.1, Sum:  0.4, Workers: 4
[465.528s][debug][gc,phases      ] GC(49)     Dead                           Min: 0, Avg:  0.0, Max: 0, Diff: 0, Sum: 0, Workers: 4
[465.528s][debug][gc,phases      ] GC(49)     Total                          Min: 0, Avg: 10677.2, Max: 18560, Diff: 18560, Sum: 42709, Workers: 4
[465.528s][debug][gc,phases      ] GC(49)   ResolvedMethodTable Weak       Min:  0.0, Avg:  0.0, Max:  0.0, Diff:  0.0, Sum:  0.1, Workers: 4
[465.528s][debug][gc,phases      ] GC(49)     Dead                           Min: 0, Avg:  0.0, Max: 0, Diff: 0, Sum: 0, Workers: 4
[465.528s][debug][gc,phases      ] GC(49)     Total                          Min: 0, Avg: 2276.2, Max: 4019, Diff: 4019, Sum: 9105, Workers: 4
[465.528s][debug][gc,phases      ] GC(49)   JNI Weak                       Min:  0.0, Avg:  0.0, Max:  0.0, Diff:  0.0, Sum:  0.0, Workers: 4
[465.528s][debug][gc,phases      ] GC(49)     Dead                           Min: 0, Avg:  0.0, Max: 0, Diff: 0, Sum: 0, Workers: 4
[465.528s][debug][gc,phases      ] GC(49)     Total                          Min: 0, Avg: 11.2, Max: 45, Diff: 45, Sum: 45, Workers: 4
[465.528s][debug][gc,phases      ] GC(49)   StringDedup Table Weak         Min:  0.0, Avg:  0.0, Max:  0.0, Diff:  0.0, Sum:  0.0, Workers: 4
[465.528s][debug][gc,phases      ] GC(49)     Dead                           Min: 0, Avg:  0.0, Max: 0, Diff: 0, Sum: 0, Workers: 4
[465.528s][debug][gc,phases      ] GC(49)     Total                          Min: 0, Avg:  0.0, Max: 0, Diff: 0, Sum: 0, Workers: 4
[465.528s][debug][gc,phases      ] GC(49)   StringDedup Requests0 Weak     Min:  0.0, Avg:  0.0, Max:  0.0, Diff:  0.0, Sum:  0.0, Workers: 4
[465.528s][debug][gc,phases      ] GC(49)     Dead                           Min: 0, Avg:  0.0, Max: 0, Diff: 0, Sum: 0, Workers: 4
[465.528s][debug][gc,phases      ] GC(49)     Total                          Min: 0, Avg:  0.0, Max: 0, Diff: 0, Sum: 0, Workers: 4
[465.528s][debug][gc,phases      ] GC(49)   StringDedup Requests1 Weak     Min:  0.0, Avg:  0.0, Max:  0.0, Diff:  0.0, Sum:  0.0, Workers: 4
[465.528s][debug][gc,phases      ] GC(49)     Dead                           Min: 0, Avg:  0.0, Max: 0, Diff: 0, Sum: 0, Workers: 4
[465.528s][debug][gc,phases      ] GC(49)     Total                          Min: 0, Avg:  0.0, Max: 0, Diff: 0, Sum: 0, Workers: 4
[465.528s][debug][gc,phases      ] GC(49)   Weak JFR Old Object Samples    Min:  0.0, Avg:  0.0, Max:  0.0, Diff:  0.0, Sum:  0.0, Workers: 4
[465.528s][debug][gc,phases      ] GC(49)     Dead                           Min: 0, Avg:  0.0, Max: 0, Diff: 0, Sum: 0, Workers: 4
[465.528s][debug][gc,phases      ] GC(49)     Total                          Min: 0, Avg:  0.0, Max: 0, Diff: 0, Sum: 0, Workers: 4
[465.528s][debug][gc,phases      ] GC(49) Weak Processing 0.354ms
[465.528s][debug][gc,age         ] GC(49) Desired survivor size 132644864 bytes, new threshold 15 (max threshold 15)
[465.528s][info ][gc,heap        ] GC(49) PSYoungGen: 1789488K(1937408K)->960K(1967616K) Eden: 1788416K(1788416K)->0K(1828864K) From: 1072K(148992K)->960K(138752K)
[465.528s][info ][gc,heap        ] GC(49) ParOldGen: 234277K(324096K)->234293K(324096K)
[465.528s][info ][gc,metaspace   ] GC(49) Metaspace: 79928K(80832K)->79928K(80832K) NonClass: 68224K(68736K)->68224K(68736K) Class: 11704K(12096K)->11704K(12096K)
[465.528s][info ][gc             ] GC(49) Pause Young (Allocation Failure) 1976M->229M(2238M) 5.059ms
[465.528s][info ][gc,cpu         ] GC(49) User=0.01s Sys=0.01s Real=0.00s
[465.528s][info ][safepoint      ] Safepoint "ParallelGCFailedAllocation", Time since last: 14191229556 ns, Reaching safepoint: 6300 ns, Cleanup: 49900 ns, At safepoint: 5139023 ns, Total: 5195223 ns
[479.975s][info ][gc,start       ] GC(50) Pause Young (Allocation Failure)
[479.979s][debug][gc,phases      ] GC(50) Scavenge 4.316ms
[479.979s][debug][gc,ref         ] GC(50) Skipped phase 1 of Reference Processing: no references
[479.979s][debug][gc,ref         ] GC(50) ReferenceProcessor::execute queues: 1, RefProcThreadModel::Single, marks_oops_alive: false
[479.979s][debug][gc,ref         ] GC(50) Skipped phase 3 of Reference Processing: no references
[479.979s][debug][gc,ref         ] GC(50) ReferenceProcessor::execute queues: 1, RefProcThreadModel::Single, marks_oops_alive: false
[479.979s][debug][gc,phases      ] GC(50) Reference Processing 0.091ms
[479.980s][debug][gc,phases      ] GC(50)   VM Weak                        Min:  0.0, Avg:  0.0, Max:  0.0, Diff:  0.0, Sum:  0.0, Workers: 4
[479.980s][debug][gc,phases      ] GC(50)     Dead                           Min: 0, Avg:  0.0, Max: 0, Diff: 0, Sum: 0, Workers: 4
[479.980s][debug][gc,phases      ] GC(50)     Total                          Min: 0, Avg: 172.8, Max: 371, Diff: 371, Sum: 691, Workers: 4
[479.980s][debug][gc,phases      ] GC(50)   ObjectSynchronizer Weak        Min:  0.0, Avg:  0.0, Max:  0.0, Diff:  0.0, Sum:  0.0, Workers: 4
[479.980s][debug][gc,phases      ] GC(50)     Dead                           Min: 0, Avg:  0.0, Max: 0, Diff: 0, Sum: 0, Workers: 4
[479.980s][debug][gc,phases      ] GC(50)     Total                          Min: 0, Avg:  1.0, Max: 4, Diff: 4, Sum: 4, Workers: 4
[479.980s][debug][gc,phases      ] GC(50)   JVMTI Tag Weak OopStorage      Min:  0.0, Avg:  0.0, Max:  0.0, Diff:  0.0, Sum:  0.0, Workers: 4
[479.980s][debug][gc,phases      ] GC(50)     Dead                           Min: 0, Avg:  0.0, Max: 0, Diff: 0, Sum: 0, Workers: 4
[479.980s][debug][gc,phases      ] GC(50)     Total                          Min: 0, Avg:  0.0, Max: 0, Diff: 0, Sum: 0, Workers: 4
[479.980s][debug][gc,phases      ] GC(50)   StringTable Weak               Min:  0.0, Avg:  0.1, Max:  0.1, Diff:  0.1, Sum:  0.4, Workers: 4
[479.980s][debug][gc,phases      ] GC(50)     Dead                           Min: 0, Avg:  0.0, Max: 0, Diff: 0, Sum: 0, Workers: 4
[479.980s][debug][gc,phases      ] GC(50)     Total                          Min: 0, Avg: 10677.2, Max: 19925, Diff: 19925, Sum: 42709, Workers: 4
[479.980s][debug][gc,phases      ] GC(50)   ResolvedMethodTable Weak       Min:  0.0, Avg:  0.0, Max:  0.0, Diff:  0.0, Sum:  0.1, Workers: 4
[479.980s][debug][gc,phases      ] GC(50)     Dead                           Min: 0, Avg:  0.0, Max: 0, Diff: 0, Sum: 0, Workers: 4
[479.980s][debug][gc,phases      ] GC(50)     Total                          Min: 0, Avg: 2276.2, Max: 4087, Diff: 4087, Sum: 9105, Workers: 4
[479.980s][debug][gc,phases      ] GC(50)   JNI Weak                       Min:  0.0, Avg:  0.0, Max:  0.0, Diff:  0.0, Sum:  0.0, Workers: 4
[479.980s][debug][gc,phases      ] GC(50)     Dead                           Min: 0, Avg:  0.0, Max: 0, Diff: 0, Sum: 0, Workers: 4
[479.980s][debug][gc,phases      ] GC(50)     Total                          Min: 0, Avg: 11.2, Max: 45, Diff: 45, Sum: 45, Workers: 4
[479.980s][debug][gc,phases      ] GC(50)   StringDedup Table Weak         Min:  0.0, Avg:  0.0, Max:  0.0, Diff:  0.0, Sum:  0.0, Workers: 4
[479.980s][debug][gc,phases      ] GC(50)     Dead                           Min: 0, Avg:  0.0, Max: 0, Diff: 0, Sum: 0, Workers: 4
[479.980s][debug][gc,phases      ] GC(50)     Total                          Min: 0, Avg:  0.0, Max: 0, Diff: 0, Sum: 0, Workers: 4
[479.980s][debug][gc,phases      ] GC(50)   StringDedup Requests0 Weak     Min:  0.0, Avg:  0.0, Max:  0.0, Diff:  0.0, Sum:  0.0, Workers: 4
[479.980s][debug][gc,phases      ] GC(50)     Dead                           Min: 0, Avg:  0.0, Max: 0, Diff: 0, Sum: 0, Workers: 4
[479.980s][debug][gc,phases      ] GC(50)     Total                          Min: 0, Avg:  0.0, Max: 0, Diff: 0, Sum: 0, Workers: 4
[479.980s][debug][gc,phases      ] GC(50)   StringDedup Requests1 Weak     Min:  0.0, Avg:  0.0, Max:  0.0, Diff:  0.0, Sum:  0.0, Workers: 4
[479.980s][debug][gc,phases      ] GC(50)     Dead                           Min: 0, Avg:  0.0, Max: 0, Diff: 0, Sum: 0, Workers: 4
[479.980s][debug][gc,phases      ] GC(50)     Total                          Min: 0, Avg:  0.0, Max: 0, Diff: 0, Sum: 0, Workers: 4
[479.980s][debug][gc,phases      ] GC(50)   Weak JFR Old Object Samples    Min:  0.0, Avg:  0.0, Max:  0.0, Diff:  0.0, Sum:  0.0, Workers: 4
[479.980s][debug][gc,phases      ] GC(50)     Dead                           Min: 0, Avg:  0.0, Max: 0, Diff: 0, Sum: 0, Workers: 4
[479.980s][debug][gc,phases      ] GC(50)     Total                          Min: 0, Avg:  0.0, Max: 0, Diff: 0, Sum: 0, Workers: 4
[479.980s][debug][gc,phases      ] GC(50) Weak Processing 0.338ms
[479.980s][debug][gc,age         ] GC(50) Desired survivor size 123207680 bytes, new threshold 15 (max threshold 15)
[479.980s][info ][gc,heap        ] GC(50) PSYoungGen: 1829824K(1967616K)->960K(1958400K) Eden: 1828864K(1828864K)->0K(1828864K) From: 960K(138752K)->960K(129536K)
[479.980s][info ][gc,heap        ] GC(50) ParOldGen: 234293K(324096K)->234293K(324096K)
[479.980s][info ][gc,metaspace   ] GC(50) Metaspace: 79928K(80832K)->79928K(80832K) NonClass: 68224K(68736K)->68224K(68736K) Class: 11704K(12096K)->11704K(12096K)
[479.980s][info ][gc             ] GC(50) Pause Young (Allocation Failure) 2015M->229M(2229M) 4.845ms
[479.980s][info ][gc,cpu         ] GC(50) User=0.01s Sys=0.00s Real=0.01s
[479.980s][info ][safepoint      ] Safepoint "ParallelGCFailedAllocation", Time since last: 14446789584 ns, Reaching safepoint: 6700 ns, Cleanup: 25800 ns, At safepoint: 4918122 ns, Total: 4950622 ns
[487.628s][info ][safepoint      ] Safepoint "Cleanup", Time since last: 7647876056 ns, Reaching safepoint: 4400 ns, Cleanup: 65500 ns, At safepoint: 7200 ns, Total: 77100 ns
[494.423s][info ][gc,start       ] GC(51) Pause Young (Allocation Failure)
[494.425s][debug][gc,phases      ] GC(51) Scavenge 2.313ms
[494.425s][debug][gc,ref         ] GC(51) Skipped phase 1 of Reference Processing: no references
[494.425s][debug][gc,ref         ] GC(51) ReferenceProcessor::execute queues: 1, RefProcThreadModel::Single, marks_oops_alive: false
[494.425s][debug][gc,ref         ] GC(51) Skipped phase 3 of Reference Processing: no references
[494.425s][debug][gc,ref         ] GC(51) ReferenceProcessor::execute queues: 1, RefProcThreadModel::Single, marks_oops_alive: false
[494.426s][debug][gc,phases      ] GC(51) Reference Processing 0.094ms
[494.426s][debug][gc,phases      ] GC(51)   VM Weak                        Min:  0.0, Avg:  0.0, Max:  0.0, Diff:  0.0, Sum:  0.0, Workers: 4
[494.426s][debug][gc,phases      ] GC(51)     Dead                           Min: 0, Avg:  0.0, Max: 0, Diff: 0, Sum: 0, Workers: 4
[494.426s][debug][gc,phases      ] GC(51)     Total                          Min: 0, Avg: 172.8, Max: 627, Diff: 627, Sum: 691, Workers: 4
[494.426s][debug][gc,phases      ] GC(51)   ObjectSynchronizer Weak        Min:  0.0, Avg:  0.0, Max:  0.0, Diff:  0.0, Sum:  0.0, Workers: 4
[494.426s][debug][gc,phases      ] GC(51)     Dead                           Min: 0, Avg:  0.0, Max: 0, Diff: 0, Sum: 0, Workers: 4
[494.426s][debug][gc,phases      ] GC(51)     Total                          Min: 0, Avg:  1.0, Max: 4, Diff: 4, Sum: 4, Workers: 4
[494.426s][debug][gc,phases      ] GC(51)   JVMTI Tag Weak OopStorage      Min:  0.0, Avg:  0.0, Max:  0.0, Diff:  0.0, Sum:  0.0, Workers: 4
[494.426s][debug][gc,phases      ] GC(51)     Dead                           Min: 0, Avg:  0.0, Max: 0, Diff: 0, Sum: 0, Workers: 4
[494.426s][debug][gc,phases      ] GC(51)     Total                          Min: 0, Avg:  0.0, Max: 0, Diff: 0, Sum: 0, Workers: 4
[494.426s][debug][gc,phases      ] GC(51)   StringTable Weak               Min:  0.0, Avg:  0.1, Max:  0.1, Diff:  0.1, Sum:  0.4, Workers: 4
[494.426s][debug][gc,phases      ] GC(51)     Dead                           Min: 0, Avg:  0.0, Max: 0, Diff: 0, Sum: 0, Workers: 4
[494.426s][debug][gc,phases      ] GC(51)     Total                          Min: 0, Avg: 10677.2, Max: 17941, Diff: 17941, Sum: 42709, Workers: 4
[494.426s][debug][gc,phases      ] GC(51)   ResolvedMethodTable Weak       Min:  0.0, Avg:  0.0, Max:  0.0, Diff:  0.0, Sum:  0.1, Workers: 4
[494.426s][debug][gc,phases      ] GC(51)     Dead                           Min: 0, Avg:  0.0, Max: 0, Diff: 0, Sum: 0, Workers: 4
[494.426s][debug][gc,phases      ] GC(51)     Total                          Min: 0, Avg: 2276.2, Max: 3346, Diff: 3346, Sum: 9105, Workers: 4
[494.426s][debug][gc,phases      ] GC(51)   JNI Weak                       Min:  0.0, Avg:  0.0, Max:  0.0, Diff:  0.0, Sum:  0.0, Workers: 4
[494.426s][debug][gc,phases      ] GC(51)     Dead                           Min: 0, Avg:  0.0, Max: 0, Diff: 0, Sum: 0, Workers: 4
[494.426s][debug][gc,phases      ] GC(51)     Total                          Min: 0, Avg: 11.2, Max: 45, Diff: 45, Sum: 45, Workers: 4
[494.426s][debug][gc,phases      ] GC(51)   StringDedup Table Weak         Min:  0.0, Avg:  0.0, Max:  0.0, Diff:  0.0, Sum:  0.0, Workers: 4
[494.426s][debug][gc,phases      ] GC(51)     Dead                           Min: 0, Avg:  0.0, Max: 0, Diff: 0, Sum: 0, Workers: 4
[494.426s][debug][gc,phases      ] GC(51)     Total                          Min: 0, Avg:  0.0, Max: 0, Diff: 0, Sum: 0, Workers: 4
[494.426s][debug][gc,phases      ] GC(51)   StringDedup Requests0 Weak     Min:  0.0, Avg:  0.0, Max:  0.0, Diff:  0.0, Sum:  0.0, Workers: 4
[494.426s][debug][gc,phases      ] GC(51)     Dead                           Min: 0, Avg:  0.0, Max: 0, Diff: 0, Sum: 0, Workers: 4
[494.426s][debug][gc,phases      ] GC(51)     Total                          Min: 0, Avg:  0.0, Max: 0, Diff: 0, Sum: 0, Workers: 4
[494.426s][debug][gc,phases      ] GC(51)   StringDedup Requests1 Weak     Min:  0.0, Avg:  0.0, Max:  0.0, Diff:  0.0, Sum:  0.0, Workers: 4
[494.426s][debug][gc,phases      ] GC(51)     Dead                           Min: 0, Avg:  0.0, Max: 0, Diff: 0, Sum: 0, Workers: 4
[494.426s][debug][gc,phases      ] GC(51)     Total                          Min: 0, Avg:  0.0, Max: 0, Diff: 0, Sum: 0, Workers: 4
[494.426s][debug][gc,phases      ] GC(51)   Weak JFR Old Object Samples    Min:  0.0, Avg:  0.0, Max:  0.0, Diff:  0.0, Sum:  0.0, Workers: 4
[494.426s][debug][gc,phases      ] GC(51)     Dead                           Min: 0, Avg:  0.0, Max: 0, Diff: 0, Sum: 0, Workers: 4
[494.426s][debug][gc,phases      ] GC(51)     Total                          Min: 0, Avg:  0.0, Max: 0, Diff: 0, Sum: 0, Workers: 4
[494.426s][debug][gc,phases      ] GC(51) Weak Processing 0.368ms
[494.426s][debug][gc,age         ] GC(51) Desired survivor size 114294784 bytes, new threshold 15 (max threshold 15)
[494.426s][info ][gc,heap        ] GC(51) PSYoungGen: 1829824K(1958400K)->1088K(1985536K) Eden: 1828864K(1828864K)->0K(1865216K) From: 960K(129536K)->1088K(120320K)
[494.426s][info ][gc,heap        ] GC(51) ParOldGen: 234293K(324096K)->234317K(324096K)
[494.426s][info ][gc,metaspace   ] GC(51) Metaspace: 79933K(80832K)->79933K(80832K) NonClass: 68225K(68736K)->68225K(68736K) Class: 11707K(12096K)->11707K(12096K)
[494.426s][info ][gc             ] GC(51) Pause Young (Allocation Failure) 2015M->229M(2255M) 2.867ms
[494.426s][info ][gc,cpu         ] GC(51) User=0.01s Sys=0.00s Real=0.00s
[494.426s][info ][safepoint      ] Safepoint "ParallelGCFailedAllocation", Time since last: 6795185464 ns, Reaching safepoint: 4500 ns, Cleanup: 47400 ns, At safepoint: 2925014 ns, Total: 2976914 ns
[509.175s][info ][gc,start       ] GC(52) Pause Young (Allocation Failure)
[509.180s][debug][gc,phases      ] GC(52) Scavenge 4.774ms
[509.180s][debug][gc,ref         ] GC(52) Skipped phase 1 of Reference Processing: no references
[509.180s][debug][gc,ref         ] GC(52) ReferenceProcessor::execute queues: 1, RefProcThreadModel::Single, marks_oops_alive: false
[509.180s][debug][gc,ref         ] GC(52) Skipped phase 3 of Reference Processing: no references
[509.180s][debug][gc,ref         ] GC(52) ReferenceProcessor::execute queues: 1, RefProcThreadModel::Single, marks_oops_alive: false
[509.180s][debug][gc,phases      ] GC(52) Reference Processing 0.095ms
[509.180s][debug][gc,phases      ] GC(52)   VM Weak                        Min:  0.0, Avg:  0.0, Max:  0.0, Diff:  0.0, Sum:  0.0, Workers: 4
[509.180s][debug][gc,phases      ] GC(52)     Dead                           Min: 0, Avg:  0.0, Max: 0, Diff: 0, Sum: 0, Workers: 4
[509.180s][debug][gc,phases      ] GC(52)     Total                          Min: 0, Avg: 172.8, Max: 627, Diff: 627, Sum: 691, Workers: 4
[509.180s][debug][gc,phases      ] GC(52)   ObjectSynchronizer Weak        Min:  0.0, Avg:  0.0, Max:  0.0, Diff:  0.0, Sum:  0.0, Workers: 4
[509.180s][debug][gc,phases      ] GC(52)     Dead                           Min: 0, Avg:  0.0, Max: 0, Diff: 0, Sum: 0, Workers: 4
[509.180s][debug][gc,phases      ] GC(52)     Total                          Min: 0, Avg:  1.0, Max: 4, Diff: 4, Sum: 4, Workers: 4
[509.180s][debug][gc,phases      ] GC(52)   JVMTI Tag Weak OopStorage      Min:  0.0, Avg:  0.0, Max:  0.0, Diff:  0.0, Sum:  0.0, Workers: 4
[509.180s][debug][gc,phases      ] GC(52)     Dead                           Min: 0, Avg:  0.0, Max: 0, Diff: 0, Sum: 0, Workers: 4
[509.180s][debug][gc,phases      ] GC(52)     Total                          Min: 0, Avg:  0.0, Max: 0, Diff: 0, Sum: 0, Workers: 4
[509.180s][debug][gc,phases      ] GC(52)   StringTable Weak               Min:  0.0, Avg:  0.1, Max:  0.1, Diff:  0.1, Sum:  0.4, Workers: 4
[509.180s][debug][gc,phases      ] GC(52)     Dead                           Min: 0, Avg:  0.0, Max: 0, Diff: 0, Sum: 0, Workers: 4
[509.180s][debug][gc,phases      ] GC(52)     Total                          Min: 0, Avg: 10677.2, Max: 18432, Diff: 18432, Sum: 42709, Workers: 4
[509.180s][debug][gc,phases      ] GC(52)   ResolvedMethodTable Weak       Min:  0.0, Avg:  0.0, Max:  0.0, Diff:  0.0, Sum:  0.1, Workers: 4
[509.180s][debug][gc,phases      ] GC(52)     Dead                           Min: 0, Avg:  0.0, Max: 0, Diff: 0, Sum: 0, Workers: 4
[509.180s][debug][gc,phases      ] GC(52)     Total                          Min: 0, Avg: 2276.2, Max: 3776, Diff: 3776, Sum: 9105, Workers: 4
[509.180s][debug][gc,phases      ] GC(52)   JNI Weak                       Min:  0.0, Avg:  0.0, Max:  0.0, Diff:  0.0, Sum:  0.0, Workers: 4
[509.180s][debug][gc,phases      ] GC(52)     Dead                           Min: 0, Avg:  0.0, Max: 0, Diff: 0, Sum: 0, Workers: 4
[509.180s][debug][gc,phases      ] GC(52)     Total                          Min: 0, Avg: 11.2, Max: 45, Diff: 45, Sum: 45, Workers: 4
[509.180s][debug][gc,phases      ] GC(52)   StringDedup Table Weak         Min:  0.0, Avg:  0.0, Max:  0.0, Diff:  0.0, Sum:  0.0, Workers: 4
[509.180s][debug][gc,phases      ] GC(52)     Dead                           Min: 0, Avg:  0.0, Max: 0, Diff: 0, Sum: 0, Workers: 4
[509.180s][debug][gc,phases      ] GC(52)     Total                          Min: 0, Avg:  0.0, Max: 0, Diff: 0, Sum: 0, Workers: 4
[509.180s][debug][gc,phases      ] GC(52)   StringDedup Requests0 Weak     Min:  0.0, Avg:  0.0, Max:  0.0, Diff:  0.0, Sum:  0.0, Workers: 4
[509.180s][debug][gc,phases      ] GC(52)     Dead                           Min: 0, Avg:  0.0, Max: 0, Diff: 0, Sum: 0, Workers: 4
[509.180s][debug][gc,phases      ] GC(52)     Total                          Min: 0, Avg:  0.0, Max: 0, Diff: 0, Sum: 0, Workers: 4
[509.180s][debug][gc,phases      ] GC(52)   StringDedup Requests1 Weak     Min:  0.0, Avg:  0.0, Max:  0.0, Diff:  0.0, Sum:  0.0, Workers: 4
[509.180s][debug][gc,phases      ] GC(52)     Dead                           Min: 0, Avg:  0.0, Max: 0, Diff: 0, Sum: 0, Workers: 4
[509.180s][debug][gc,phases      ] GC(52)     Total                          Min: 0, Avg:  0.0, Max: 0, Diff: 0, Sum: 0, Workers: 4
[509.180s][debug][gc,phases      ] GC(52)   Weak JFR Old Object Samples    Min:  0.0, Avg:  0.0, Max:  0.0, Diff:  0.0, Sum:  0.0, Workers: 4
[509.180s][debug][gc,phases      ] GC(52)     Dead                           Min: 0, Avg:  0.0, Max: 0, Diff: 0, Sum: 0, Workers: 4
[509.180s][debug][gc,phases      ] GC(52)     Total                          Min: 0, Avg:  0.0, Max: 0, Diff: 0, Sum: 0, Workers: 4
[509.180s][debug][gc,phases      ] GC(52) Weak Processing 0.386ms
[509.180s][debug][gc,age         ] GC(52) Desired survivor size 106430464 bytes, new threshold 15 (max threshold 15)
[509.180s][info ][gc,heap        ] GC(52) PSYoungGen: 1866304K(1985536K)->992K(1976832K) Eden: 1865216K(1865216K)->0K(1865216K) From: 1088K(120320K)->992K(111616K)
[509.180s][info ][gc,heap        ] GC(52) ParOldGen: 234317K(324096K)->234325K(324096K)
[509.180s][info ][gc,metaspace   ] GC(52) Metaspace: 79933K(80832K)->79933K(80832K) NonClass: 68225K(68736K)->68225K(68736K) Class: 11707K(12096K)->11707K(12096K)
[509.180s][info ][gc             ] GC(52) Pause Young (Allocation Failure) 2051M->229M(2247M) 5.366ms
[509.180s][info ][gc,cpu         ] GC(52) User=0.02s Sys=0.00s Real=0.01s
[509.180s][info ][safepoint      ] Safepoint "ParallelGCFailedAllocation", Time since last: 14748811849 ns, Reaching safepoint: 4300 ns, Cleanup: 25200 ns, At safepoint: 5433326 ns, Total: 5462826 ns
[523.181s][info ][safepoint      ] Safepoint "Cleanup", Time since last: 14000883487 ns, Reaching safepoint: 4901 ns, Cleanup: 53700 ns, At safepoint: 9000 ns, Total: 67601 ns
[523.926s][info ][gc,start       ] GC(53) Pause Young (Allocation Failure)
[523.931s][debug][gc,phases      ] GC(53) Scavenge 4.337ms
[523.931s][debug][gc,ref         ] GC(53) Skipped phase 1 of Reference Processing: no references
[523.931s][debug][gc,ref         ] GC(53) Skipped phase 2 of Reference Processing: no references
[523.931s][debug][gc,ref         ] GC(53) Skipped phase 3 of Reference Processing: no references
[523.931s][debug][gc,ref         ] GC(53) ReferenceProcessor::execute queues: 1, RefProcThreadModel::Single, marks_oops_alive: false
[523.931s][debug][gc,phases      ] GC(53) Reference Processing 0.088ms
[523.931s][debug][gc,phases      ] GC(53)   VM Weak                        Min:  0.0, Avg:  0.0, Max:  0.0, Diff:  0.0, Sum:  0.0, Workers: 4
[523.931s][debug][gc,phases      ] GC(53)     Dead                           Min: 0, Avg:  0.0, Max: 0, Diff: 0, Sum: 0, Workers: 4
[523.931s][debug][gc,phases      ] GC(53)     Total                          Min: 0, Avg: 172.8, Max: 627, Diff: 627, Sum: 691, Workers: 4
[523.931s][debug][gc,phases      ] GC(53)   ObjectSynchronizer Weak        Min:  0.0, Avg:  0.0, Max:  0.0, Diff:  0.0, Sum:  0.0, Workers: 4
[523.931s][debug][gc,phases      ] GC(53)     Dead                           Min: 0, Avg:  0.0, Max: 0, Diff: 0, Sum: 0, Workers: 4
[523.931s][debug][gc,phases      ] GC(53)     Total                          Min: 0, Avg:  1.0, Max: 4, Diff: 4, Sum: 4, Workers: 4
[523.931s][debug][gc,phases      ] GC(53)   JVMTI Tag Weak OopStorage      Min:  0.0, Avg:  0.0, Max:  0.0, Diff:  0.0, Sum:  0.0, Workers: 4
[523.931s][debug][gc,phases      ] GC(53)     Dead                           Min: 0, Avg:  0.0, Max: 0, Diff: 0, Sum: 0, Workers: 4
[523.931s][debug][gc,phases      ] GC(53)     Total                          Min: 0, Avg:  0.0, Max: 0, Diff: 0, Sum: 0, Workers: 4
[523.931s][debug][gc,phases      ] GC(53)   StringTable Weak               Min:  0.0, Avg:  0.1, Max:  0.1, Diff:  0.1, Sum:  0.4, Workers: 4
[523.931s][debug][gc,phases      ] GC(53)     Dead                           Min: 0, Avg:  0.0, Max: 0, Diff: 0, Sum: 0, Workers: 4
[523.931s][debug][gc,phases      ] GC(53)     Total                          Min: 0, Avg: 10677.2, Max: 18197, Diff: 18197, Sum: 42709, Workers: 4
[523.931s][debug][gc,phases      ] GC(53)   ResolvedMethodTable Weak       Min:  0.0, Avg:  0.0, Max:  0.0, Diff:  0.0, Sum:  0.1, Workers: 4
[523.931s][debug][gc,phases      ] GC(53)     Dead                           Min: 0, Avg:  0.0, Max: 0, Diff: 0, Sum: 0, Workers: 4
[523.931s][debug][gc,phases      ] GC(53)     Total                          Min: 0, Avg: 2276.2, Max: 4094, Diff: 4094, Sum: 9105, Workers: 4
[523.931s][debug][gc,phases      ] GC(53)   JNI Weak                       Min:  0.0, Avg:  0.0, Max:  0.0, Diff:  0.0, Sum:  0.0, Workers: 4
[523.931s][debug][gc,phases      ] GC(53)     Dead                           Min: 0, Avg:  0.0, Max: 0, Diff: 0, Sum: 0, Workers: 4
[523.931s][debug][gc,phases      ] GC(53)     Total                          Min: 0, Avg: 11.2, Max: 45, Diff: 45, Sum: 45, Workers: 4
[523.931s][debug][gc,phases      ] GC(53)   StringDedup Table Weak         Min:  0.0, Avg:  0.0, Max:  0.0, Diff:  0.0, Sum:  0.0, Workers: 4
[523.931s][debug][gc,phases      ] GC(53)     Dead                           Min: 0, Avg:  0.0, Max: 0, Diff: 0, Sum: 0, Workers: 4
[523.931s][debug][gc,phases      ] GC(53)     Total                          Min: 0, Avg:  0.0, Max: 0, Diff: 0, Sum: 0, Workers: 4
[523.931s][debug][gc,phases      ] GC(53)   StringDedup Requests0 Weak     Min:  0.0, Avg:  0.0, Max:  0.0, Diff:  0.0, Sum:  0.0, Workers: 4
[523.931s][debug][gc,phases      ] GC(53)     Dead                           Min: 0, Avg:  0.0, Max: 0, Diff: 0, Sum: 0, Workers: 4
[523.931s][debug][gc,phases      ] GC(53)     Total                          Min: 0, Avg:  0.0, Max: 0, Diff: 0, Sum: 0, Workers: 4
[523.931s][debug][gc,phases      ] GC(53)   StringDedup Requests1 Weak     Min:  0.0, Avg:  0.0, Max:  0.0, Diff:  0.0, Sum:  0.0, Workers: 4
[523.931s][debug][gc,phases      ] GC(53)     Dead                           Min: 0, Avg:  0.0, Max: 0, Diff: 0, Sum: 0, Workers: 4
[523.931s][debug][gc,phases      ] GC(53)     Total                          Min: 0, Avg:  0.0, Max: 0, Diff: 0, Sum: 0, Workers: 4
[523.931s][debug][gc,phases      ] GC(53)   Weak JFR Old Object Samples    Min:  0.0, Avg:  0.0, Max:  0.0, Diff:  0.0, Sum:  0.0, Workers: 4
[523.931s][debug][gc,phases      ] GC(53)     Dead                           Min: 0, Avg:  0.0, Max: 0, Diff: 0, Sum: 0, Workers: 4
[523.931s][debug][gc,phases      ] GC(53)     Total                          Min: 0, Avg:  0.0, Max: 0, Diff: 0, Sum: 0, Workers: 4
[523.931s][debug][gc,phases      ] GC(53) Weak Processing 0.341ms
[523.931s][debug][gc,age         ] GC(53) Desired survivor size 98566144 bytes, new threshold 15 (max threshold 15)
[523.931s][info ][gc,heap        ] GC(53) PSYoungGen: 1866208K(1976832K)->688K(2000896K) Eden: 1865216K(1865216K)->0K(1896960K) From: 992K(111616K)->688K(103936K)
[523.931s][info ][gc,heap        ] GC(53) ParOldGen: 234325K(324096K)->234669K(324096K)
[523.931s][info ][gc,metaspace   ] GC(53) Metaspace: 79941K(80832K)->79941K(80832K) NonClass: 68233K(68736K)->68233K(68736K) Class: 11707K(12096K)->11707K(12096K)
[523.931s][info ][gc             ] GC(53) Pause Young (Allocation Failure) 2051M->229M(2270M) 4.868ms
[523.931s][info ][gc,cpu         ] GC(53) User=0.01s Sys=0.01s Real=0.01s
[523.931s][info ][safepoint      ] Safepoint "ParallelGCFailedAllocation", Time since last: 745078708 ns, Reaching safepoint: 77100 ns, Cleanup: 36600 ns, At safepoint: 4935924 ns, Total: 5049624 ns
[526.932s][info ][safepoint      ] Safepoint "Cleanup", Time since last: 3000175927 ns, Reaching safepoint: 4200 ns, Cleanup: 34301 ns, At safepoint: 2700 ns, Total: 41201 ns
[538.974s][info ][gc,start       ] GC(54) Pause Young (Allocation Failure)
[538.976s][debug][gc,phases      ] GC(54) Scavenge 1.677ms
[538.976s][debug][gc,ref         ] GC(54) Skipped phase 1 of Reference Processing: no references
[538.976s][debug][gc,ref         ] GC(54) Skipped phase 2 of Reference Processing: no references
[538.976s][debug][gc,ref         ] GC(54) Skipped phase 3 of Reference Processing: no references
[538.976s][debug][gc,ref         ] GC(54) ReferenceProcessor::execute queues: 1, RefProcThreadModel::Single, marks_oops_alive: false
[538.976s][debug][gc,phases      ] GC(54) Reference Processing 0.084ms
[538.976s][debug][gc,phases      ] GC(54)   VM Weak                        Min:  0.0, Avg:  0.0, Max:  0.0, Diff:  0.0, Sum:  0.0, Workers: 4
[538.976s][debug][gc,phases      ] GC(54)     Dead                           Min: 0, Avg:  0.0, Max: 0, Diff: 0, Sum: 0, Workers: 4
[538.976s][debug][gc,phases      ] GC(54)     Total                          Min: 0, Avg: 172.8, Max: 691, Diff: 691, Sum: 691, Workers: 4
[538.976s][debug][gc,phases      ] GC(54)   ObjectSynchronizer Weak        Min:  0.0, Avg:  0.0, Max:  0.0, Diff:  0.0, Sum:  0.0, Workers: 4
[538.976s][debug][gc,phases      ] GC(54)     Dead                           Min: 0, Avg:  0.0, Max: 0, Diff: 0, Sum: 0, Workers: 4
[538.976s][debug][gc,phases      ] GC(54)     Total                          Min: 0, Avg:  1.0, Max: 4, Diff: 4, Sum: 4, Workers: 4
[538.976s][debug][gc,phases      ] GC(54)   JVMTI Tag Weak OopStorage      Min:  0.0, Avg:  0.0, Max:  0.0, Diff:  0.0, Sum:  0.0, Workers: 4
[538.976s][debug][gc,phases      ] GC(54)     Dead                           Min: 0, Avg:  0.0, Max: 0, Diff: 0, Sum: 0, Workers: 4
[538.976s][debug][gc,phases      ] GC(54)     Total                          Min: 0, Avg:  0.0, Max: 0, Diff: 0, Sum: 0, Workers: 4
[538.976s][debug][gc,phases      ] GC(54)   StringTable Weak               Min:  0.1, Avg:  0.1, Max:  0.1, Diff:  0.0, Sum:  0.4, Workers: 4
[538.976s][debug][gc,phases      ] GC(54)     Dead                           Min: 0, Avg:  0.0, Max: 0, Diff: 0, Sum: 0, Workers: 4
[538.976s][debug][gc,phases      ] GC(54)     Total                          Min: 9792, Avg: 10677.2, Max: 11456, Diff: 1664, Sum: 42709, Workers: 4
[538.976s][debug][gc,phases      ] GC(54)   ResolvedMethodTable Weak       Min:  0.0, Avg:  0.0, Max:  0.0, Diff:  0.0, Sum:  0.1, Workers: 4
[538.976s][debug][gc,phases      ] GC(54)     Dead                           Min: 0, Avg:  0.0, Max: 0, Diff: 0, Sum: 0, Workers: 4
[538.976s][debug][gc,phases      ] GC(54)     Total                          Min: 2099, Avg: 2276.2, Max: 2451, Diff: 352, Sum: 9105, Workers: 4
[538.976s][debug][gc,phases      ] GC(54)   JNI Weak                       Min:  0.0, Avg:  0.0, Max:  0.0, Diff:  0.0, Sum:  0.0, Workers: 4
[538.976s][debug][gc,phases      ] GC(54)     Dead                           Min: 0, Avg:  0.0, Max: 0, Diff: 0, Sum: 0, Workers: 4
[538.976s][debug][gc,phases      ] GC(54)     Total                          Min: 0, Avg: 11.2, Max: 45, Diff: 45, Sum: 45, Workers: 4
[538.976s][debug][gc,phases      ] GC(54)   StringDedup Table Weak         Min:  0.0, Avg:  0.0, Max:  0.0, Diff:  0.0, Sum:  0.0, Workers: 4
[538.976s][debug][gc,phases      ] GC(54)     Dead                           Min: 0, Avg:  0.0, Max: 0, Diff: 0, Sum: 0, Workers: 4
[538.976s][debug][gc,phases      ] GC(54)     Total                          Min: 0, Avg:  0.0, Max: 0, Diff: 0, Sum: 0, Workers: 4
[538.976s][debug][gc,phases      ] GC(54)   StringDedup Requests0 Weak     Min:  0.0, Avg:  0.0, Max:  0.0, Diff:  0.0, Sum:  0.0, Workers: 4
[538.976s][debug][gc,phases      ] GC(54)     Dead                           Min: 0, Avg:  0.0, Max: 0, Diff: 0, Sum: 0, Workers: 4
[538.976s][debug][gc,phases      ] GC(54)     Total                          Min: 0, Avg:  0.0, Max: 0, Diff: 0, Sum: 0, Workers: 4
[538.976s][debug][gc,phases      ] GC(54)   StringDedup Requests1 Weak     Min:  0.0, Avg:  0.0, Max:  0.0, Diff:  0.0, Sum:  0.0, Workers: 4
[538.976s][debug][gc,phases      ] GC(54)     Dead                           Min: 0, Avg:  0.0, Max: 0, Diff: 0, Sum: 0, Workers: 4
[538.976s][debug][gc,phases      ] GC(54)     Total                          Min: 0, Avg:  0.0, Max: 0, Diff: 0, Sum: 0, Workers: 4
[538.976s][debug][gc,phases      ] GC(54)   Weak JFR Old Object Samples    Min:  0.0, Avg:  0.0, Max:  0.0, Diff:  0.0, Sum:  0.0, Workers: 4
[538.976s][debug][gc,phases      ] GC(54)     Dead                           Min: 0, Avg:  0.0, Max: 0, Diff: 0, Sum: 0, Workers: 4
[538.976s][debug][gc,phases      ] GC(54)     Total                          Min: 0, Avg:  0.0, Max: 0, Diff: 0, Sum: 0, Workers: 4
[538.976s][debug][gc,phases      ] GC(54) Weak Processing 0.300ms
[538.976s][debug][gc,age         ] GC(54) Desired survivor size 91750400 bytes, new threshold 15 (max threshold 15)
[538.976s][info ][gc,heap        ] GC(54) PSYoungGen: 1897648K(2000896K)->192K(1993216K) Eden: 1896960K(1896960K)->0K(1896960K) From: 688K(103936K)->192K(96256K)
[538.976s][info ][gc,heap        ] GC(54) ParOldGen: 234669K(324096K)->235190K(324096K)
[538.976s][info ][gc,metaspace   ] GC(54) Metaspace: 79941K(80832K)->79941K(80832K) NonClass: 68233K(68736K)->68233K(68736K) Class: 11707K(12096K)->11707K(12096K)
[538.976s][info ][gc             ] GC(54) Pause Young (Allocation Failure) 2082M->229M(2263M) 2.149ms
[538.976s][info ][gc,cpu         ] GC(54) User=0.01s Sys=0.00s Real=0.00s
[538.976s][info ][safepoint      ] Safepoint "ParallelGCFailedAllocation", Time since last: 12042442550 ns, Reaching safepoint: 3501 ns, Cleanup: 24500 ns, At safepoint: 2204910 ns, Total: 2232911 ns
[544.977s][info ][safepoint      ] Safepoint "Cleanup", Time since last: 6000361310 ns, Reaching safepoint: 4000 ns, Cleanup: 47101 ns, At safepoint: 3200 ns, Total: 54301 ns
[553.979s][info ][gc,start       ] GC(55) Pause Young (Allocation Failure)
[553.982s][debug][gc,phases      ] GC(55) Scavenge 2.268ms
[553.982s][debug][gc,ref         ] GC(55) Skipped phase 1 of Reference Processing: no references
[553.982s][debug][gc,ref         ] GC(55) Skipped phase 2 of Reference Processing: no references
[553.982s][debug][gc,ref         ] GC(55) Skipped phase 3 of Reference Processing: no references
[553.982s][debug][gc,ref         ] GC(55) ReferenceProcessor::execute queues: 1, RefProcThreadModel::Single, marks_oops_alive: false
[553.982s][debug][gc,phases      ] GC(55) Reference Processing 0.115ms
[553.982s][debug][gc,phases      ] GC(55)   VM Weak                        Min:  0.0, Avg:  0.0, Max:  0.0, Diff:  0.0, Sum:  0.0, Workers: 4
[553.982s][debug][gc,phases      ] GC(55)     Dead                           Min: 0, Avg:  0.0, Max: 0, Diff: 0, Sum: 0, Workers: 4
[553.982s][debug][gc,phases      ] GC(55)     Total                          Min: 0, Avg: 172.8, Max: 691, Diff: 691, Sum: 691, Workers: 4
[553.982s][debug][gc,phases      ] GC(55)   ObjectSynchronizer Weak        Min:  0.0, Avg:  0.0, Max:  0.0, Diff:  0.0, Sum:  0.0, Workers: 4
[553.982s][debug][gc,phases      ] GC(55)     Dead                           Min: 0, Avg:  0.0, Max: 0, Diff: 0, Sum: 0, Workers: 4
[553.982s][debug][gc,phases      ] GC(55)     Total                          Min: 0, Avg:  1.0, Max: 4, Diff: 4, Sum: 4, Workers: 4
[553.982s][debug][gc,phases      ] GC(55)   JVMTI Tag Weak OopStorage      Min:  0.0, Avg:  0.0, Max:  0.0, Diff:  0.0, Sum:  0.0, Workers: 4
[553.982s][debug][gc,phases      ] GC(55)     Dead                           Min: 0, Avg:  0.0, Max: 0, Diff: 0, Sum: 0, Workers: 4
[553.982s][debug][gc,phases      ] GC(55)     Total                          Min: 0, Avg:  0.0, Max: 0, Diff: 0, Sum: 0, Workers: 4
[553.982s][debug][gc,phases      ] GC(55)   StringTable Weak               Min:  0.0, Avg:  0.1, Max:  0.2, Diff:  0.2, Sum:  0.5, Workers: 4
[553.982s][debug][gc,phases      ] GC(55)     Dead                           Min: 0, Avg:  0.0, Max: 0, Diff: 0, Sum: 0, Workers: 4
[553.982s][debug][gc,phases      ] GC(55)     Total                          Min: 85, Avg: 10677.2, Max: 16512, Diff: 16427, Sum: 42709, Workers: 4
[553.982s][debug][gc,phases      ] GC(55)   ResolvedMethodTable Weak       Min:  0.0, Avg:  0.0, Max:  0.0, Diff:  0.0, Sum:  0.1, Workers: 4
[553.982s][debug][gc,phases      ] GC(55)     Dead                           Min: 0, Avg:  0.0, Max: 0, Diff: 0, Sum: 0, Workers: 4
[553.982s][debug][gc,phases      ] GC(55)     Total                          Min: 2098, Avg: 2276.2, Max: 2506, Diff: 408, Sum: 9105, Workers: 4
[553.982s][debug][gc,phases      ] GC(55)   JNI Weak                       Min:  0.0, Avg:  0.0, Max:  0.0, Diff:  0.0, Sum:  0.0, Workers: 4
[553.982s][debug][gc,phases      ] GC(55)     Dead                           Min: 0, Avg:  0.0, Max: 0, Diff: 0, Sum: 0, Workers: 4
[553.982s][debug][gc,phases      ] GC(55)     Total                          Min: 0, Avg: 11.2, Max: 45, Diff: 45, Sum: 45, Workers: 4
[553.982s][debug][gc,phases      ] GC(55)   StringDedup Table Weak         Min:  0.0, Avg:  0.0, Max:  0.0, Diff:  0.0, Sum:  0.0, Workers: 4
[553.982s][debug][gc,phases      ] GC(55)     Dead                           Min: 0, Avg:  0.0, Max: 0, Diff: 0, Sum: 0, Workers: 4
[553.982s][debug][gc,phases      ] GC(55)     Total                          Min: 0, Avg:  0.0, Max: 0, Diff: 0, Sum: 0, Workers: 4
[553.982s][debug][gc,phases      ] GC(55)   StringDedup Requests0 Weak     Min:  0.0, Avg:  0.0, Max:  0.0, Diff:  0.0, Sum:  0.0, Workers: 4
[553.982s][debug][gc,phases      ] GC(55)     Dead                           Min: 0, Avg:  0.0, Max: 0, Diff: 0, Sum: 0, Workers: 4
[553.982s][debug][gc,phases      ] GC(55)     Total                          Min: 0, Avg:  0.0, Max: 0, Diff: 0, Sum: 0, Workers: 4
[553.982s][debug][gc,phases      ] GC(55)   StringDedup Requests1 Weak     Min:  0.0, Avg:  0.0, Max:  0.0, Diff:  0.0, Sum:  0.0, Workers: 4
[553.982s][debug][gc,phases      ] GC(55)     Dead                           Min: 0, Avg:  0.0, Max: 0, Diff: 0, Sum: 0, Workers: 4
[553.982s][debug][gc,phases      ] GC(55)     Total                          Min: 0, Avg:  0.0, Max: 0, Diff: 0, Sum: 0, Workers: 4
[553.982s][debug][gc,phases      ] GC(55)   Weak JFR Old Object Samples    Min:  0.0, Avg:  0.0, Max:  0.0, Diff:  0.0, Sum:  0.0, Workers: 4
[553.982s][debug][gc,phases      ] GC(55)     Dead                           Min: 0, Avg:  0.0, Max: 0, Diff: 0, Sum: 0, Workers: 4
[553.982s][debug][gc,phases      ] GC(55)     Total                          Min: 0, Avg:  0.0, Max: 0, Diff: 0, Sum: 0, Workers: 4
[553.982s][debug][gc,phases      ] GC(55) Weak Processing 0.355ms
[553.982s][debug][gc,age         ] GC(55) Desired survivor size 84934656 bytes, new threshold 15 (max threshold 15)
[553.982s][info ][gc,heap        ] GC(55) PSYoungGen: 1897152K(1993216K)->192K(2014208K) Eden: 1896960K(1896960K)->0K(1924608K) From: 192K(96256K)->192K(89600K)
[553.982s][info ][gc,heap        ] GC(55) ParOldGen: 235190K(324096K)->235214K(324096K)
[553.982s][info ][gc,metaspace   ] GC(55) Metaspace: 79941K(80832K)->79941K(80832K) NonClass: 68233K(68736K)->68233K(68736K) Class: 11707K(12096K)->11707K(12096K)
[553.982s][info ][gc             ] GC(55) Pause Young (Allocation Failure) 2082M->229M(2283M) 2.830ms
[553.982s][info ][gc,cpu         ] GC(55) User=0.01s Sys=0.00s Real=0.00s
[553.982s][info ][safepoint      ] Safepoint "ParallelGCFailedAllocation", Time since last: 9002558565 ns, Reaching safepoint: 11800 ns, Cleanup: 20600 ns, At safepoint: 2892713 ns, Total: 2925113 ns
[554.982s][info ][safepoint      ] Safepoint "Cleanup", Time since last: 1000080060 ns, Reaching safepoint: 3900 ns, Cleanup: 26601 ns, At safepoint: 3500 ns, Total: 34001 ns
[569.225s][info ][gc,start       ] GC(56) Pause Young (Allocation Failure)
[569.228s][debug][gc,phases      ] GC(56) Scavenge 2.520ms
[569.228s][debug][gc,ref         ] GC(56) Skipped phase 1 of Reference Processing: no references
[569.228s][debug][gc,ref         ] GC(56) Skipped phase 2 of Reference Processing: no references
[569.228s][debug][gc,ref         ] GC(56) Skipped phase 3 of Reference Processing: no references
[569.228s][debug][gc,ref         ] GC(56) ReferenceProcessor::execute queues: 1, RefProcThreadModel::Single, marks_oops_alive: false
[569.228s][debug][gc,phases      ] GC(56) Reference Processing 0.075ms
[569.228s][debug][gc,phases      ] GC(56)   VM Weak                        Min:  0.0, Avg:  0.0, Max:  0.0, Diff:  0.0, Sum:  0.0, Workers: 4
[569.228s][debug][gc,phases      ] GC(56)     Dead                           Min: 0, Avg:  0.0, Max: 0, Diff: 0, Sum: 0, Workers: 4
[569.228s][debug][gc,phases      ] GC(56)     Total                          Min: 0, Avg: 172.8, Max: 371, Diff: 371, Sum: 691, Workers: 4
[569.228s][debug][gc,phases      ] GC(56)   ObjectSynchronizer Weak        Min:  0.0, Avg:  0.0, Max:  0.0, Diff:  0.0, Sum:  0.0, Workers: 4
[569.228s][debug][gc,phases      ] GC(56)     Dead                           Min: 0, Avg:  0.0, Max: 0, Diff: 0, Sum: 0, Workers: 4
[569.228s][debug][gc,phases      ] GC(56)     Total                          Min: 0, Avg:  1.0, Max: 4, Diff: 4, Sum: 4, Workers: 4
[569.228s][debug][gc,phases      ] GC(56)   JVMTI Tag Weak OopStorage      Min:  0.0, Avg:  0.0, Max:  0.0, Diff:  0.0, Sum:  0.0, Workers: 4
[569.228s][debug][gc,phases      ] GC(56)     Dead                           Min: 0, Avg:  0.0, Max: 0, Diff: 0, Sum: 0, Workers: 4
[569.228s][debug][gc,phases      ] GC(56)     Total                          Min: 0, Avg:  0.0, Max: 0, Diff: 0, Sum: 0, Workers: 4
[569.228s][debug][gc,phases      ] GC(56)   StringTable Weak               Min:  0.0, Avg:  0.1, Max:  0.1, Diff:  0.1, Sum:  0.4, Workers: 4
[569.228s][debug][gc,phases      ] GC(56)     Dead                           Min: 0, Avg:  0.0, Max: 0, Diff: 0, Sum: 0, Workers: 4
[569.228s][debug][gc,phases      ] GC(56)     Total                          Min: 0, Avg: 10677.5, Max: 15190, Diff: 15190, Sum: 42710, Workers: 4
[569.228s][debug][gc,phases      ] GC(56)   ResolvedMethodTable Weak       Min:  0.0, Avg:  0.0, Max:  0.0, Diff:  0.0, Sum:  0.1, Workers: 4
[569.228s][debug][gc,phases      ] GC(56)     Dead                           Min: 0, Avg:  0.0, Max: 0, Diff: 0, Sum: 0, Workers: 4
[569.228s][debug][gc,phases      ] GC(56)     Total                          Min: 0, Avg: 2276.2, Max: 3241, Diff: 3241, Sum: 9105, Workers: 4
[569.228s][debug][gc,phases      ] GC(56)   JNI Weak                       Min:  0.0, Avg:  0.0, Max:  0.0, Diff:  0.0, Sum:  0.0, Workers: 4
[569.228s][debug][gc,phases      ] GC(56)     Dead                           Min: 0, Avg:  0.0, Max: 0, Diff: 0, Sum: 0, Workers: 4
[569.228s][debug][gc,phases      ] GC(56)     Total                          Min: 0, Avg: 11.2, Max: 45, Diff: 45, Sum: 45, Workers: 4
[569.228s][debug][gc,phases      ] GC(56)   StringDedup Table Weak         Min:  0.0, Avg:  0.0, Max:  0.0, Diff:  0.0, Sum:  0.0, Workers: 4
[569.228s][debug][gc,phases      ] GC(56)     Dead                           Min: 0, Avg:  0.0, Max: 0, Diff: 0, Sum: 0, Workers: 4
[569.228s][debug][gc,phases      ] GC(56)     Total                          Min: 0, Avg:  0.0, Max: 0, Diff: 0, Sum: 0, Workers: 4
[569.228s][debug][gc,phases      ] GC(56)   StringDedup Requests0 Weak     Min:  0.0, Avg:  0.0, Max:  0.0, Diff:  0.0, Sum:  0.0, Workers: 4
[569.228s][debug][gc,phases      ] GC(56)     Dead                           Min: 0, Avg:  0.0, Max: 0, Diff: 0, Sum: 0, Workers: 4
[569.228s][debug][gc,phases      ] GC(56)     Total                          Min: 0, Avg:  0.0, Max: 0, Diff: 0, Sum: 0, Workers: 4
[569.228s][debug][gc,phases      ] GC(56)   StringDedup Requests1 Weak     Min:  0.0, Avg:  0.0, Max:  0.0, Diff:  0.0, Sum:  0.0, Workers: 4
[569.228s][debug][gc,phases      ] GC(56)     Dead                           Min: 0, Avg:  0.0, Max: 0, Diff: 0, Sum: 0, Workers: 4
[569.228s][debug][gc,phases      ] GC(56)     Total                          Min: 0, Avg:  0.0, Max: 0, Diff: 0, Sum: 0, Workers: 4
[569.228s][debug][gc,phases      ] GC(56)   Weak JFR Old Object Samples    Min:  0.0, Avg:  0.0, Max:  0.0, Diff:  0.0, Sum:  0.0, Workers: 4
[569.228s][debug][gc,phases      ] GC(56)     Dead                           Min: 0, Avg:  0.0, Max: 0, Diff: 0, Sum: 0, Workers: 4
[569.228s][debug][gc,phases      ] GC(56)     Total                          Min: 0, Avg:  0.0, Max: 0, Diff: 0, Sum: 0, Workers: 4
[569.228s][debug][gc,phases      ] GC(56) Weak Processing 0.345ms
[569.228s][debug][gc,age         ] GC(56) Desired survivor size 78643200 bytes, new threshold 15 (max threshold 15)
[569.228s][info ][gc,heap        ] GC(56) PSYoungGen: 1924800K(2014208K)->96K(2007552K) Eden: 1924608K(1924608K)->0K(1924608K) From: 192K(89600K)->96K(82944K)
[569.228s][info ][gc,heap        ] GC(56) ParOldGen: 235214K(324096K)->235238K(324096K)
[569.228s][info ][gc,metaspace   ] GC(56) Metaspace: 79942K(80832K)->79942K(80832K) NonClass: 68234K(68736K)->68234K(68736K) Class: 11707K(12096K)->11707K(12096K)
[569.228s][info ][gc             ] GC(56) Pause Young (Allocation Failure) 2109M->229M(2277M) 3.023ms
[569.228s][info ][gc,cpu         ] GC(56) User=0.00s Sys=0.00s Real=0.00s
[569.228s][info ][safepoint      ] Safepoint "ParallelGCFailedAllocation", Time since last: 14242990650 ns, Reaching safepoint: 4001 ns, Cleanup: 45800 ns, At safepoint: 3073914 ns, Total: 3123715 ns
[584.475s][info ][gc,start       ] GC(57) Pause Young (Allocation Failure)
[584.477s][debug][gc,phases      ] GC(57) Scavenge 2.207ms
[584.477s][debug][gc,ref         ] GC(57) Skipped phase 1 of Reference Processing: no references
[584.477s][debug][gc,ref         ] GC(57) Skipped phase 2 of Reference Processing: no references
[584.477s][debug][gc,ref         ] GC(57) Skipped phase 3 of Reference Processing: no references
[584.477s][debug][gc,ref         ] GC(57) ReferenceProcessor::execute queues: 1, RefProcThreadModel::Single, marks_oops_alive: false
[584.477s][debug][gc,phases      ] GC(57) Reference Processing 0.096ms
[584.477s][debug][gc,phases      ] GC(57)   VM Weak                        Min:  0.0, Avg:  0.0, Max:  0.0, Diff:  0.0, Sum:  0.0, Workers: 4
[584.477s][debug][gc,phases      ] GC(57)     Dead                           Min: 0, Avg:  0.0, Max: 0, Diff: 0, Sum: 0, Workers: 4
[584.477s][debug][gc,phases      ] GC(57)     Total                          Min: 0, Avg: 172.8, Max: 691, Diff: 691, Sum: 691, Workers: 4
[584.477s][debug][gc,phases      ] GC(57)   ObjectSynchronizer Weak        Min:  0.0, Avg:  0.0, Max:  0.0, Diff:  0.0, Sum:  0.0, Workers: 4
[584.477s][debug][gc,phases      ] GC(57)     Dead                           Min: 0, Avg:  0.0, Max: 0, Diff: 0, Sum: 0, Workers: 4
[584.477s][debug][gc,phases      ] GC(57)     Total                          Min: 0, Avg:  1.0, Max: 4, Diff: 4, Sum: 4, Workers: 4
[584.477s][debug][gc,phases      ] GC(57)   JVMTI Tag Weak OopStorage      Min:  0.0, Avg:  0.0, Max:  0.0, Diff:  0.0, Sum:  0.0, Workers: 4
[584.477s][debug][gc,phases      ] GC(57)     Dead                           Min: 0, Avg:  0.0, Max: 0, Diff: 0, Sum: 0, Workers: 4
[584.477s][debug][gc,phases      ] GC(57)     Total                          Min: 0, Avg:  0.0, Max: 0, Diff: 0, Sum: 0, Workers: 4
[584.477s][debug][gc,phases      ] GC(57)   StringTable Weak               Min:  0.1, Avg:  0.1, Max:  0.1, Diff:  0.0, Sum:  0.4, Workers: 4
[584.477s][debug][gc,phases      ] GC(57)     Dead                           Min: 0, Avg:  0.0, Max: 0, Diff: 0, Sum: 0, Workers: 4
[584.477s][debug][gc,phases      ] GC(57)     Total                          Min: 9984, Avg: 10677.5, Max: 11350, Diff: 1366, Sum: 42710, Workers: 4
[584.477s][debug][gc,phases      ] GC(57)   ResolvedMethodTable Weak       Min:  0.0, Avg:  0.0, Max:  0.0, Diff:  0.0, Sum:  0.1, Workers: 4
[584.477s][debug][gc,phases      ] GC(57)     Dead                           Min: 0, Avg:  0.0, Max: 0, Diff: 0, Sum: 0, Workers: 4
[584.477s][debug][gc,phases      ] GC(57)     Total                          Min: 2036, Avg: 2276.2, Max: 2510, Diff: 474, Sum: 9105, Workers: 4
[584.477s][debug][gc,phases      ] GC(57)   JNI Weak                       Min:  0.0, Avg:  0.0, Max:  0.0, Diff:  0.0, Sum:  0.0, Workers: 4
[584.477s][debug][gc,phases      ] GC(57)     Dead                           Min: 0, Avg:  0.0, Max: 0, Diff: 0, Sum: 0, Workers: 4
[584.477s][debug][gc,phases      ] GC(57)     Total                          Min: 0, Avg: 11.2, Max: 45, Diff: 45, Sum: 45, Workers: 4
[584.477s][debug][gc,phases      ] GC(57)   StringDedup Table Weak         Min:  0.0, Avg:  0.0, Max:  0.0, Diff:  0.0, Sum:  0.0, Workers: 4
[584.477s][debug][gc,phases      ] GC(57)     Dead                           Min: 0, Avg:  0.0, Max: 0, Diff: 0, Sum: 0, Workers: 4
[584.477s][debug][gc,phases      ] GC(57)     Total                          Min: 0, Avg:  0.0, Max: 0, Diff: 0, Sum: 0, Workers: 4
[584.477s][debug][gc,phases      ] GC(57)   StringDedup Requests0 Weak     Min:  0.0, Avg:  0.0, Max:  0.0, Diff:  0.0, Sum:  0.0, Workers: 4
[584.477s][debug][gc,phases      ] GC(57)     Dead                           Min: 0, Avg:  0.0, Max: 0, Diff: 0, Sum: 0, Workers: 4
[584.477s][debug][gc,phases      ] GC(57)     Total                          Min: 0, Avg:  0.0, Max: 0, Diff: 0, Sum: 0, Workers: 4
[584.477s][debug][gc,phases      ] GC(57)   StringDedup Requests1 Weak     Min:  0.0, Avg:  0.0, Max:  0.0, Diff:  0.0, Sum:  0.0, Workers: 4
[584.477s][debug][gc,phases      ] GC(57)     Dead                           Min: 0, Avg:  0.0, Max: 0, Diff: 0, Sum: 0, Workers: 4
[584.477s][debug][gc,phases      ] GC(57)     Total                          Min: 0, Avg:  0.0, Max: 0, Diff: 0, Sum: 0, Workers: 4
[584.477s][debug][gc,phases      ] GC(57)   Weak JFR Old Object Samples    Min:  0.0, Avg:  0.0, Max:  0.0, Diff:  0.0, Sum:  0.0, Workers: 4
[584.477s][debug][gc,phases      ] GC(57)     Dead                           Min: 0, Avg:  0.0, Max: 0, Diff: 0, Sum: 0, Workers: 4
[584.477s][debug][gc,phases      ] GC(57)     Total                          Min: 0, Avg:  0.0, Max: 0, Diff: 0, Sum: 0, Workers: 4
[584.477s][debug][gc,phases      ] GC(57) Weak Processing 0.308ms
[584.477s][debug][gc,age         ] GC(57) Desired survivor size 72876032 bytes, new threshold 15 (max threshold 15)
[584.477s][info ][gc,heap        ] GC(57) PSYoungGen: 1924704K(2007552K)->288K(2025984K) Eden: 1924608K(1924608K)->0K(1949184K) From: 96K(82944K)->288K(76800K)
[584.477s][info ][gc,heap        ] GC(57) ParOldGen: 235238K(324096K)->235246K(324096K)
[584.477s][info ][gc,metaspace   ] GC(57) Metaspace: 79942K(80832K)->79942K(80832K) NonClass: 68234K(68736K)->68234K(68736K) Class: 11707K(12096K)->11707K(12096K)
[584.477s][info ][gc             ] GC(57) Pause Young (Allocation Failure) 2109M->230M(2295M) 2.715ms
[584.477s][info ][gc,cpu         ] GC(57) User=0.01s Sys=0.00s Real=0.00s
[584.478s][info ][safepoint      ] Safepoint "ParallelGCFailedAllocation", Time since last: 15246385272 ns, Reaching safepoint: 4600 ns, Cleanup: 23800 ns, At safepoint: 2788913 ns, Total: 2817313 ns
[599.924s][info ][gc,start       ] GC(58) Pause Young (Allocation Failure)
[599.926s][debug][gc,phases      ] GC(58) Scavenge 2.225ms
[599.926s][debug][gc,ref         ] GC(58) Skipped phase 1 of Reference Processing: no references
[599.926s][debug][gc,ref         ] GC(58) Skipped phase 2 of Reference Processing: no references
[599.926s][debug][gc,ref         ] GC(58) Skipped phase 3 of Reference Processing: no references
[599.926s][debug][gc,ref         ] GC(58) ReferenceProcessor::execute queues: 1, RefProcThreadModel::Single, marks_oops_alive: false
[599.926s][debug][gc,phases      ] GC(58) Reference Processing 0.108ms
[599.927s][debug][gc,phases      ] GC(58)   VM Weak                        Min:  0.0, Avg:  0.0, Max:  0.0, Diff:  0.0, Sum:  0.0, Workers: 4
[599.927s][debug][gc,phases      ] GC(58)     Dead                           Min: 0, Avg:  0.0, Max: 0, Diff: 0, Sum: 0, Workers: 4
[599.927s][debug][gc,phases      ] GC(58)     Total                          Min: 0, Avg: 172.8, Max: 640, Diff: 640, Sum: 691, Workers: 4
[599.927s][debug][gc,phases      ] GC(58)   ObjectSynchronizer Weak        Min:  0.0, Avg:  0.0, Max:  0.0, Diff:  0.0, Sum:  0.0, Workers: 4
[599.927s][debug][gc,phases      ] GC(58)     Dead                           Min: 0, Avg:  0.0, Max: 0, Diff: 0, Sum: 0, Workers: 4
[599.927s][debug][gc,phases      ] GC(58)     Total                          Min: 0, Avg:  1.0, Max: 4, Diff: 4, Sum: 4, Workers: 4
[599.927s][debug][gc,phases      ] GC(58)   JVMTI Tag Weak OopStorage      Min:  0.0, Avg:  0.0, Max:  0.0, Diff:  0.0, Sum:  0.0, Workers: 4
[599.927s][debug][gc,phases      ] GC(58)     Dead                           Min: 0, Avg:  0.0, Max: 0, Diff: 0, Sum: 0, Workers: 4
[599.927s][debug][gc,phases      ] GC(58)     Total                          Min: 0, Avg:  0.0, Max: 0, Diff: 0, Sum: 0, Workers: 4
[599.927s][debug][gc,phases      ] GC(58)   StringTable Weak               Min:  0.0, Avg:  0.1, Max:  0.1, Diff:  0.1, Sum:  0.4, Workers: 4
[599.927s][debug][gc,phases      ] GC(58)     Dead                           Min: 0, Avg:  0.0, Max: 0, Diff: 0, Sum: 0, Workers: 4
[599.927s][debug][gc,phases      ] GC(58)     Total                          Min: 0, Avg: 10677.5, Max: 19136, Diff: 19136, Sum: 42710, Workers: 4
[599.927s][debug][gc,phases      ] GC(58)   ResolvedMethodTable Weak       Min:  0.0, Avg:  0.0, Max:  0.0, Diff:  0.0, Sum:  0.1, Workers: 4
[599.927s][debug][gc,phases      ] GC(58)     Dead                           Min: 0, Avg:  0.0, Max: 0, Diff: 0, Sum: 0, Workers: 4
[599.927s][debug][gc,phases      ] GC(58)     Total                          Min: 0, Avg: 2276.2, Max: 3853, Diff: 3853, Sum: 9105, Workers: 4
[599.927s][debug][gc,phases      ] GC(58)   JNI Weak                       Min:  0.0, Avg:  0.0, Max:  0.0, Diff:  0.0, Sum:  0.0, Workers: 4
[599.927s][debug][gc,phases      ] GC(58)     Dead                           Min: 0, Avg:  0.0, Max: 0, Diff: 0, Sum: 0, Workers: 4
[599.927s][debug][gc,phases      ] GC(58)     Total                          Min: 0, Avg: 11.2, Max: 45, Diff: 45, Sum: 45, Workers: 4
[599.927s][debug][gc,phases      ] GC(58)   StringDedup Table Weak         Min:  0.0, Avg:  0.0, Max:  0.0, Diff:  0.0, Sum:  0.0, Workers: 4
[599.927s][debug][gc,phases      ] GC(58)     Dead                           Min: 0, Avg:  0.0, Max: 0, Diff: 0, Sum: 0, Workers: 4
[599.927s][debug][gc,phases      ] GC(58)     Total                          Min: 0, Avg:  0.0, Max: 0, Diff: 0, Sum: 0, Workers: 4
[599.927s][debug][gc,phases      ] GC(58)   StringDedup Requests0 Weak     Min:  0.0, Avg:  0.0, Max:  0.0, Diff:  0.0, Sum:  0.0, Workers: 4
[599.927s][debug][gc,phases      ] GC(58)     Dead                           Min: 0, Avg:  0.0, Max: 0, Diff: 0, Sum: 0, Workers: 4
[599.927s][debug][gc,phases      ] GC(58)     Total                          Min: 0, Avg:  0.0, Max: 0, Diff: 0, Sum: 0, Workers: 4
[599.927s][debug][gc,phases      ] GC(58)   StringDedup Requests1 Weak     Min:  0.0, Avg:  0.0, Max:  0.0, Diff:  0.0, Sum:  0.0, Workers: 4
[599.927s][debug][gc,phases      ] GC(58)     Dead                           Min: 0, Avg:  0.0, Max: 0, Diff: 0, Sum: 0, Workers: 4
[599.927s][debug][gc,phases      ] GC(58)     Total                          Min: 0, Avg:  0.0, Max: 0, Diff: 0, Sum: 0, Workers: 4
[599.927s][debug][gc,phases      ] GC(58)   Weak JFR Old Object Samples    Min:  0.0, Avg:  0.0, Max:  0.0, Diff:  0.0, Sum:  0.0, Workers: 4
[599.927s][debug][gc,phases      ] GC(58)     Dead                           Min: 0, Avg:  0.0, Max: 0, Diff: 0, Sum: 0, Workers: 4
[599.927s][debug][gc,phases      ] GC(58)     Total                          Min: 0, Avg:  0.0, Max: 0, Diff: 0, Sum: 0, Workers: 4
[599.927s][debug][gc,phases      ] GC(58) Weak Processing 0.333ms
[599.927s][debug][gc,age         ] GC(58) Desired survivor size 67633152 bytes, new threshold 15 (max threshold 15)
[599.927s][info ][gc,heap        ] GC(58) PSYoungGen: 1949472K(2025984K)->256K(2020352K) Eden: 1949184K(1949184K)->0K(1949184K) From: 288K(76800K)->256K(71168K)
[599.927s][info ][gc,heap        ] GC(58) ParOldGen: 235246K(324096K)->235270K(324096K)
[599.927s][info ][gc,metaspace   ] GC(58) Metaspace: 79942K(80832K)->79942K(80832K) NonClass: 68234K(68736K)->68234K(68736K) Class: 11707K(12096K)->11707K(12096K)
[599.927s][info ][gc             ] GC(58) Pause Young (Allocation Failure) 2133M->230M(2289M) 2.757ms
[599.927s][info ][gc,cpu         ] GC(58) User=0.01s Sys=0.00s Real=0.00s
[599.927s][info ][safepoint      ] Safepoint "ParallelGCFailedAllocation", Time since last: 15446325556 ns, Reaching safepoint: 3400 ns, Cleanup: 37700 ns, At safepoint: 2811713 ns, Total: 2852813 ns
[612.928s][info ][safepoint      ] Safepoint "Cleanup", Time since last: 13000856978 ns, Reaching safepoint: 3400 ns, Cleanup: 106400 ns, At safepoint: 5600 ns, Total: 115400 ns
[615.273s][info ][gc,start       ] GC(59) Pause Young (Allocation Failure)
[615.275s][debug][gc,phases      ] GC(59) Scavenge 1.696ms
[615.275s][debug][gc,ref         ] GC(59) Skipped phase 1 of Reference Processing: no references
[615.275s][debug][gc,ref         ] GC(59) Skipped phase 2 of Reference Processing: no references
[615.275s][debug][gc,ref         ] GC(59) Skipped phase 3 of Reference Processing: no references
[615.275s][debug][gc,ref         ] GC(59) ReferenceProcessor::execute queues: 1, RefProcThreadModel::Single, marks_oops_alive: false
[615.275s][debug][gc,phases      ] GC(59) Reference Processing 0.098ms
[615.275s][debug][gc,phases      ] GC(59)   VM Weak                        Min:  0.0, Avg:  0.0, Max:  0.0, Diff:  0.0, Sum:  0.0, Workers: 4
[615.275s][debug][gc,phases      ] GC(59)     Dead                           Min: 0, Avg:  0.0, Max: 0, Diff: 0, Sum: 0, Workers: 4
[615.275s][debug][gc,phases      ] GC(59)     Total                          Min: 0, Avg: 172.8, Max: 448, Diff: 448, Sum: 691, Workers: 4
[615.275s][debug][gc,phases      ] GC(59)   ObjectSynchronizer Weak        Min:  0.0, Avg:  0.0, Max:  0.0, Diff:  0.0, Sum:  0.0, Workers: 4
[615.275s][debug][gc,phases      ] GC(59)     Dead                           Min: 0, Avg:  0.0, Max: 0, Diff: 0, Sum: 0, Workers: 4
[615.275s][debug][gc,phases      ] GC(59)     Total                          Min: 0, Avg:  1.0, Max: 4, Diff: 4, Sum: 4, Workers: 4
[615.275s][debug][gc,phases      ] GC(59)   JVMTI Tag Weak OopStorage      Min:  0.0, Avg:  0.0, Max:  0.0, Diff:  0.0, Sum:  0.0, Workers: 4
[615.275s][debug][gc,phases      ] GC(59)     Dead                           Min: 0, Avg:  0.0, Max: 0, Diff: 0, Sum: 0, Workers: 4
[615.275s][debug][gc,phases      ] GC(59)     Total                          Min: 0, Avg:  0.0, Max: 0, Diff: 0, Sum: 0, Workers: 4
[615.275s][debug][gc,phases      ] GC(59)   StringTable Weak               Min:  0.0, Avg:  0.1, Max:  0.1, Diff:  0.1, Sum:  0.4, Workers: 4
[615.275s][debug][gc,phases      ] GC(59)     Dead                           Min: 0, Avg:  0.0, Max: 0, Diff: 0, Sum: 0, Workers: 4
[615.275s][debug][gc,phases      ] GC(59)     Total                          Min: 0, Avg: 10677.5, Max: 17750, Diff: 17750, Sum: 42710, Workers: 4
[615.275s][debug][gc,phases      ] GC(59)   ResolvedMethodTable Weak       Min:  0.0, Avg:  0.0, Max:  0.0, Diff:  0.0, Sum:  0.1, Workers: 4
[615.275s][debug][gc,phases      ] GC(59)     Dead                           Min: 0, Avg:  0.0, Max: 0, Diff: 0, Sum: 0, Workers: 4
[615.275s][debug][gc,phases      ] GC(59)     Total                          Min: 0, Avg: 2276.2, Max: 4077, Diff: 4077, Sum: 9105, Workers: 4
[615.275s][debug][gc,phases      ] GC(59)   JNI Weak                       Min:  0.0, Avg:  0.0, Max:  0.0, Diff:  0.0, Sum:  0.0, Workers: 4
[615.275s][debug][gc,phases      ] GC(59)     Dead                           Min: 0, Avg:  0.0, Max: 0, Diff: 0, Sum: 0, Workers: 4
[615.275s][debug][gc,phases      ] GC(59)     Total                          Min: 0, Avg: 11.2, Max: 45, Diff: 45, Sum: 45, Workers: 4
[615.275s][debug][gc,phases      ] GC(59)   StringDedup Table Weak         Min:  0.0, Avg:  0.0, Max:  0.0, Diff:  0.0, Sum:  0.0, Workers: 4
[615.275s][debug][gc,phases      ] GC(59)     Dead                           Min: 0, Avg:  0.0, Max: 0, Diff: 0, Sum: 0, Workers: 4
[615.275s][debug][gc,phases      ] GC(59)     Total                          Min: 0, Avg:  0.0, Max: 0, Diff: 0, Sum: 0, Workers: 4
[615.275s][debug][gc,phases      ] GC(59)   StringDedup Requests0 Weak     Min:  0.0, Avg:  0.0, Max:  0.0, Diff:  0.0, Sum:  0.0, Workers: 4
[615.275s][debug][gc,phases      ] GC(59)     Dead                           Min: 0, Avg:  0.0, Max: 0, Diff: 0, Sum: 0, Workers: 4
[615.275s][debug][gc,phases      ] GC(59)     Total                          Min: 0, Avg:  0.0, Max: 0, Diff: 0, Sum: 0, Workers: 4
[615.275s][debug][gc,phases      ] GC(59)   StringDedup Requests1 Weak     Min:  0.0, Avg:  0.0, Max:  0.0, Diff:  0.0, Sum:  0.0, Workers: 4
[615.275s][debug][gc,phases      ] GC(59)     Dead                           Min: 0, Avg:  0.0, Max: 0, Diff: 0, Sum: 0, Workers: 4
[615.275s][debug][gc,phases      ] GC(59)     Total                          Min: 0, Avg:  0.0, Max: 0, Diff: 0, Sum: 0, Workers: 4
[615.275s][debug][gc,phases      ] GC(59)   Weak JFR Old Object Samples    Min:  0.0, Avg:  0.0, Max:  0.0, Diff:  0.0, Sum:  0.0, Workers: 4
[615.275s][debug][gc,phases      ] GC(59)     Dead                           Min: 0, Avg:  0.0, Max: 0, Diff: 0, Sum: 0, Workers: 4
[615.275s][debug][gc,phases      ] GC(59)     Total                          Min: 0, Avg:  0.0, Max: 0, Diff: 0, Sum: 0, Workers: 4
[615.275s][debug][gc,phases      ] GC(59) Weak Processing 0.344ms
[615.275s][debug][gc,age         ] GC(59) Desired survivor size 62390272 bytes, new threshold 15 (max threshold 15)
[615.275s][info ][gc,heap        ] GC(59) PSYoungGen: 1949440K(2020352K)->224K(2036224K) Eden: 1949184K(1949184K)->0K(1970176K) From: 256K(71168K)->224K(66048K)
[615.275s][info ][gc,heap        ] GC(59) ParOldGen: 235270K(324096K)->235294K(324096K)
[615.275s][info ][gc,metaspace   ] GC(59) Metaspace: 79960K(80832K)->79960K(80832K) NonClass: 68252K(68736K)->68252K(68736K) Class: 11707K(12096K)->11707K(12096K)
[615.275s][info ][gc             ] GC(59) Pause Young (Allocation Failure) 2133M->229M(2305M) 2.225ms
[615.275s][info ][gc,cpu         ] GC(59) User=0.01s Sys=0.00s Real=0.00s
[615.275s][info ][safepoint      ] Safepoint "ParallelGCFailedAllocation", Time since last: 2345196176 ns, Reaching safepoint: 3800 ns, Cleanup: 25801 ns, At safepoint: 2281210 ns, Total: 2310811 ns
[617.275s][info ][safepoint      ] Safepoint "Cleanup", Time since last: 2000132350 ns, Reaching safepoint: 73300 ns, Cleanup: 47900 ns, At safepoint: 6200 ns, Total: 127400 ns
[630.874s][info ][gc,start       ] GC(60) Pause Young (Allocation Failure)
[630.875s][debug][gc,phases      ] GC(60) Scavenge 1.393ms
[630.875s][debug][gc,ref         ] GC(60) Skipped phase 1 of Reference Processing: no references
[630.875s][debug][gc,ref         ] GC(60) Skipped phase 2 of Reference Processing: no references
[630.875s][debug][gc,ref         ] GC(60) Skipped phase 3 of Reference Processing: no references
[630.875s][debug][gc,ref         ] GC(60) ReferenceProcessor::execute queues: 1, RefProcThreadModel::Single, marks_oops_alive: false
[630.875s][debug][gc,phases      ] GC(60) Reference Processing 0.084ms
[630.876s][debug][gc,phases      ] GC(60)   VM Weak                        Min:  0.0, Avg:  0.0, Max:  0.0, Diff:  0.0, Sum:  0.0, Workers: 4
[630.876s][debug][gc,phases      ] GC(60)     Dead                           Min: 0, Avg:  0.0, Max: 0, Diff: 0, Sum: 0, Workers: 4
[630.876s][debug][gc,phases      ] GC(60)     Total                          Min: 0, Avg: 172.8, Max: 691, Diff: 691, Sum: 691, Workers: 4
[630.876s][debug][gc,phases      ] GC(60)   ObjectSynchronizer Weak        Min:  0.0, Avg:  0.0, Max:  0.0, Diff:  0.0, Sum:  0.0, Workers: 4
[630.876s][debug][gc,phases      ] GC(60)     Dead                           Min: 0, Avg:  0.0, Max: 0, Diff: 0, Sum: 0, Workers: 4
[630.876s][debug][gc,phases      ] GC(60)     Total                          Min: 0, Avg:  1.0, Max: 4, Diff: 4, Sum: 4, Workers: 4
[630.876s][debug][gc,phases      ] GC(60)   JVMTI Tag Weak OopStorage      Min:  0.0, Avg:  0.0, Max:  0.0, Diff:  0.0, Sum:  0.0, Workers: 4
[630.876s][debug][gc,phases      ] GC(60)     Dead                           Min: 0, Avg:  0.0, Max: 0, Diff: 0, Sum: 0, Workers: 4
[630.876s][debug][gc,phases      ] GC(60)     Total                          Min: 0, Avg:  0.0, Max: 0, Diff: 0, Sum: 0, Workers: 4
[630.876s][debug][gc,phases      ] GC(60)   StringTable Weak               Min:  0.1, Avg:  0.1, Max:  0.2, Diff:  0.1, Sum:  0.5, Workers: 4
[630.876s][debug][gc,phases      ] GC(60)     Dead                           Min: 0, Avg:  0.0, Max: 0, Diff: 0, Sum: 0, Workers: 4
[630.876s][debug][gc,phases      ] GC(60)     Total                          Min: 9686, Avg: 10677.5, Max: 11392, Diff: 1706, Sum: 42710, Workers: 4
[630.876s][debug][gc,phases      ] GC(60)   ResolvedMethodTable Weak       Min:  0.0, Avg:  0.0, Max:  0.0, Diff:  0.0, Sum:  0.1, Workers: 4
[630.876s][debug][gc,phases      ] GC(60)     Dead                           Min: 0, Avg:  0.0, Max: 0, Diff: 0, Sum: 0, Workers: 4
[630.876s][debug][gc,phases      ] GC(60)     Total                          Min: 0, Avg: 2276.2, Max: 3150, Diff: 3150, Sum: 9105, Workers: 4
[630.876s][debug][gc,phases      ] GC(60)   JNI Weak                       Min:  0.0, Avg:  0.0, Max:  0.0, Diff:  0.0, Sum:  0.0, Workers: 4
[630.876s][debug][gc,phases      ] GC(60)     Dead                           Min: 0, Avg:  0.0, Max: 0, Diff: 0, Sum: 0, Workers: 4
[630.876s][debug][gc,phases      ] GC(60)     Total                          Min: 0, Avg: 11.2, Max: 45, Diff: 45, Sum: 45, Workers: 4
[630.876s][debug][gc,phases      ] GC(60)   StringDedup Table Weak         Min:  0.0, Avg:  0.0, Max:  0.0, Diff:  0.0, Sum:  0.0, Workers: 4
[630.876s][debug][gc,phases      ] GC(60)     Dead                           Min: 0, Avg:  0.0, Max: 0, Diff: 0, Sum: 0, Workers: 4
[630.876s][debug][gc,phases      ] GC(60)     Total                          Min: 0, Avg:  0.0, Max: 0, Diff: 0, Sum: 0, Workers: 4
[630.876s][debug][gc,phases      ] GC(60)   StringDedup Requests0 Weak     Min:  0.0, Avg:  0.0, Max:  0.0, Diff:  0.0, Sum:  0.0, Workers: 4
[630.876s][debug][gc,phases      ] GC(60)     Dead                           Min: 0, Avg:  0.0, Max: 0, Diff: 0, Sum: 0, Workers: 4
[630.876s][debug][gc,phases      ] GC(60)     Total                          Min: 0, Avg:  0.0, Max: 0, Diff: 0, Sum: 0, Workers: 4
[630.876s][debug][gc,phases      ] GC(60)   StringDedup Requests1 Weak     Min:  0.0, Avg:  0.0, Max:  0.0, Diff:  0.0, Sum:  0.0, Workers: 4
[630.876s][debug][gc,phases      ] GC(60)     Dead                           Min: 0, Avg:  0.0, Max: 0, Diff: 0, Sum: 0, Workers: 4
[630.876s][debug][gc,phases      ] GC(60)     Total                          Min: 0, Avg:  0.0, Max: 0, Diff: 0, Sum: 0, Workers: 4
[630.876s][debug][gc,phases      ] GC(60)   Weak JFR Old Object Samples    Min:  0.0, Avg:  0.0, Max:  0.0, Diff:  0.0, Sum:  0.0, Workers: 4
[630.876s][debug][gc,phases      ] GC(60)     Dead                           Min: 0, Avg:  0.0, Max: 0, Diff: 0, Sum: 0, Workers: 4
[630.876s][debug][gc,phases      ] GC(60)     Total                          Min: 0, Avg:  0.0, Max: 0, Diff: 0, Sum: 0, Workers: 4
[630.876s][debug][gc,phases      ] GC(60) Weak Processing 0.343ms
[630.876s][debug][gc,age         ] GC(60) Desired survivor size 57671680 bytes, new threshold 15 (max threshold 15)
[630.876s][info ][gc,heap        ] GC(60) PSYoungGen: 1970400K(2036224K)->224K(2031104K) Eden: 1970176K(1970176K)->0K(1970176K) From: 224K(66048K)->224K(60928K)
[630.876s][info ][gc,heap        ] GC(60) ParOldGen: 235294K(324096K)->235326K(324096K)
[630.876s][info ][gc,metaspace   ] GC(60) Metaspace: 79960K(80832K)->79960K(80832K) NonClass: 68252K(68736K)->68252K(68736K) Class: 11707K(12096K)->11707K(12096K)
[630.876s][info ][gc             ] GC(60) Pause Young (Allocation Failure) 2153M->230M(2300M) 1.940ms
[630.876s][info ][gc,cpu         ] GC(60) User=0.00s Sys=0.00s Real=0.00s
[630.876s][info ][safepoint      ] Safepoint "ParallelGCFailedAllocation", Time since last: 13598199498 ns, Reaching safepoint: 4100 ns, Cleanup: 40000 ns, At safepoint: 2014109 ns, Total: 2058209 ns
[646.474s][info ][gc,start       ] GC(61) Pause Young (Allocation Failure)
[646.477s][debug][gc,phases      ] GC(61) Scavenge 2.324ms
[646.477s][debug][gc,ref         ] GC(61) Skipped phase 1 of Reference Processing: no references
[646.477s][debug][gc,ref         ] GC(61) Skipped phase 2 of Reference Processing: no references
[646.477s][debug][gc,ref         ] GC(61) Skipped phase 3 of Reference Processing: no references
[646.477s][debug][gc,ref         ] GC(61) ReferenceProcessor::execute queues: 1, RefProcThreadModel::Single, marks_oops_alive: false
[646.477s][debug][gc,phases      ] GC(61) Reference Processing 0.092ms
[646.477s][debug][gc,phases      ] GC(61)   VM Weak                        Min:  0.0, Avg:  0.0, Max:  0.0, Diff:  0.0, Sum:  0.0, Workers: 4
[646.477s][debug][gc,phases      ] GC(61)     Dead                           Min: 0, Avg:  0.0, Max: 0, Diff: 0, Sum: 0, Workers: 4
[646.477s][debug][gc,phases      ] GC(61)     Total                          Min: 0, Avg: 172.8, Max: 384, Diff: 384, Sum: 691, Workers: 4
[646.477s][debug][gc,phases      ] GC(61)   ObjectSynchronizer Weak        Min:  0.0, Avg:  0.0, Max:  0.0, Diff:  0.0, Sum:  0.0, Workers: 4
[646.477s][debug][gc,phases      ] GC(61)     Dead                           Min: 0, Avg:  0.0, Max: 0, Diff: 0, Sum: 0, Workers: 4
[646.477s][debug][gc,phases      ] GC(61)     Total                          Min: 0, Avg:  1.0, Max: 4, Diff: 4, Sum: 4, Workers: 4
[646.477s][debug][gc,phases      ] GC(61)   JVMTI Tag Weak OopStorage      Min:  0.0, Avg:  0.0, Max:  0.0, Diff:  0.0, Sum:  0.0, Workers: 4
[646.477s][debug][gc,phases      ] GC(61)     Dead                           Min: 0, Avg:  0.0, Max: 0, Diff: 0, Sum: 0, Workers: 4
[646.477s][debug][gc,phases      ] GC(61)     Total                          Min: 0, Avg:  0.0, Max: 0, Diff: 0, Sum: 0, Workers: 4
[646.477s][debug][gc,phases      ] GC(61)   StringTable Weak               Min:  0.0, Avg:  0.1, Max:  0.1, Diff:  0.1, Sum:  0.4, Workers: 4
[646.477s][debug][gc,phases      ] GC(61)     Dead                           Min: 0, Avg:  0.0, Max: 0, Diff: 0, Sum: 0, Workers: 4
[646.477s][debug][gc,phases      ] GC(61)     Total                          Min: 0, Avg: 10677.5, Max: 19648, Diff: 19648, Sum: 42710, Workers: 4
[646.477s][debug][gc,phases      ] GC(61)   ResolvedMethodTable Weak       Min:  0.0, Avg:  0.0, Max:  0.0, Diff:  0.0, Sum:  0.1, Workers: 4
[646.477s][debug][gc,phases      ] GC(61)     Dead                           Min: 0, Avg:  0.0, Max: 0, Diff: 0, Sum: 0, Workers: 4
[646.477s][debug][gc,phases      ] GC(61)     Total                          Min: 0, Avg: 2276.2, Max: 4199, Diff: 4199, Sum: 9105, Workers: 4
[646.477s][debug][gc,phases      ] GC(61)   JNI Weak                       Min:  0.0, Avg:  0.0, Max:  0.0, Diff:  0.0, Sum:  0.0, Workers: 4
[646.477s][debug][gc,phases      ] GC(61)     Dead                           Min: 0, Avg:  0.0, Max: 0, Diff: 0, Sum: 0, Workers: 4
[646.477s][debug][gc,phases      ] GC(61)     Total                          Min: 0, Avg: 11.2, Max: 45, Diff: 45, Sum: 45, Workers: 4
[646.477s][debug][gc,phases      ] GC(61)   StringDedup Table Weak         Min:  0.0, Avg:  0.0, Max:  0.0, Diff:  0.0, Sum:  0.0, Workers: 4
[646.477s][debug][gc,phases      ] GC(61)     Dead                           Min: 0, Avg:  0.0, Max: 0, Diff: 0, Sum: 0, Workers: 4
[646.477s][debug][gc,phases      ] GC(61)     Total                          Min: 0, Avg:  0.0, Max: 0, Diff: 0, Sum: 0, Workers: 4
[646.477s][debug][gc,phases      ] GC(61)   StringDedup Requests0 Weak     Min:  0.0, Avg:  0.0, Max:  0.0, Diff:  0.0, Sum:  0.0, Workers: 4
[646.477s][debug][gc,phases      ] GC(61)     Dead                           Min: 0, Avg:  0.0, Max: 0, Diff: 0, Sum: 0, Workers: 4
[646.477s][debug][gc,phases      ] GC(61)     Total                          Min: 0, Avg:  0.0, Max: 0, Diff: 0, Sum: 0, Workers: 4
[646.477s][debug][gc,phases      ] GC(61)   StringDedup Requests1 Weak     Min:  0.0, Avg:  0.0, Max:  0.0, Diff:  0.0, Sum:  0.0, Workers: 4
[646.477s][debug][gc,phases      ] GC(61)     Dead                           Min: 0, Avg:  0.0, Max: 0, Diff: 0, Sum: 0, Workers: 4
[646.477s][debug][gc,phases      ] GC(61)     Total                          Min: 0, Avg:  0.0, Max: 0, Diff: 0, Sum: 0, Workers: 4
[646.477s][debug][gc,phases      ] GC(61)   Weak JFR Old Object Samples    Min:  0.0, Avg:  0.0, Max:  0.0, Diff:  0.0, Sum:  0.0, Workers: 4
[646.477s][debug][gc,phases      ] GC(61)     Dead                           Min: 0, Avg:  0.0, Max: 0, Diff: 0, Sum: 0, Workers: 4
[646.477s][debug][gc,phases      ] GC(61)     Total                          Min: 0, Avg:  0.0, Max: 0, Diff: 0, Sum: 0, Workers: 4
[646.477s][debug][gc,phases      ] GC(61) Weak Processing 0.354ms
[646.477s][debug][gc,age         ] GC(61) Desired survivor size 52953088 bytes, new threshold 15 (max threshold 15)
[646.477s][info ][gc,heap        ] GC(61) PSYoungGen: 1970400K(2031104K)->224K(2045440K) Eden: 1970176K(1970176K)->0K(1989120K) From: 224K(60928K)->224K(56320K)
[646.477s][info ][gc,heap        ] GC(61) ParOldGen: 235326K(324096K)->235334K(324096K)
[646.477s][info ][gc,metaspace   ] GC(61) Metaspace: 79960K(80832K)->79960K(80832K) NonClass: 68252K(68736K)->68252K(68736K) Class: 11707K(12096K)->11707K(12096K)
[646.477s][info ][gc             ] GC(61) Pause Young (Allocation Failure) 2154M->230M(2314M) 2.874ms
[646.477s][info ][gc,cpu         ] GC(61) User=0.01s Sys=0.00s Real=0.00s
[646.477s][info ][safepoint      ] Safepoint "ParallelGCFailedAllocation", Time since last: 15598420221 ns, Reaching safepoint: 5000 ns, Cleanup: 36300 ns, At safepoint: 2937613 ns, Total: 2978913 ns
[659.478s][info ][safepoint      ] Safepoint "Cleanup", Time since last: 13000799331 ns, Reaching safepoint: 4500 ns, Cleanup: 64701 ns, At safepoint: 3200 ns, Total: 72401 ns
[662.125s][info ][gc,start       ] GC(62) Pause Young (Allocation Failure)
[662.127s][debug][gc,phases      ] GC(62) Scavenge 1.902ms
[662.127s][debug][gc,ref         ] GC(62) Skipped phase 1 of Reference Processing: no references
[662.127s][debug][gc,ref         ] GC(62) Skipped phase 2 of Reference Processing: no references
[662.127s][debug][gc,ref         ] GC(62) Skipped phase 3 of Reference Processing: no references
[662.127s][debug][gc,ref         ] GC(62) ReferenceProcessor::execute queues: 1, RefProcThreadModel::Single, marks_oops_alive: false
[662.127s][debug][gc,phases      ] GC(62) Reference Processing 0.080ms
[662.128s][debug][gc,phases      ] GC(62)   VM Weak                        Min:  0.0, Avg:  0.0, Max:  0.0, Diff:  0.0, Sum:  0.0, Workers: 4
[662.128s][debug][gc,phases      ] GC(62)     Dead                           Min: 0, Avg:  0.0, Max: 0, Diff: 0, Sum: 0, Workers: 4
[662.128s][debug][gc,phases      ] GC(62)     Total                          Min: 0, Avg: 172.8, Max: 435, Diff: 435, Sum: 691, Workers: 4
[662.128s][debug][gc,phases      ] GC(62)   ObjectSynchronizer Weak        Min:  0.0, Avg:  0.0, Max:  0.0, Diff:  0.0, Sum:  0.0, Workers: 4
[662.128s][debug][gc,phases      ] GC(62)     Dead                           Min: 0, Avg:  0.0, Max: 0, Diff: 0, Sum: 0, Workers: 4
[662.128s][debug][gc,phases      ] GC(62)     Total                          Min: 0, Avg:  1.0, Max: 4, Diff: 4, Sum: 4, Workers: 4
[662.128s][debug][gc,phases      ] GC(62)   JVMTI Tag Weak OopStorage      Min:  0.0, Avg:  0.0, Max:  0.0, Diff:  0.0, Sum:  0.0, Workers: 4
[662.128s][debug][gc,phases      ] GC(62)     Dead                           Min: 0, Avg:  0.0, Max: 0, Diff: 0, Sum: 0, Workers: 4
[662.128s][debug][gc,phases      ] GC(62)     Total                          Min: 0, Avg:  0.0, Max: 0, Diff: 0, Sum: 0, Workers: 4
[662.128s][debug][gc,phases      ] GC(62)   StringTable Weak               Min:  0.0, Avg:  0.1, Max:  0.1, Diff:  0.1, Sum:  0.4, Workers: 4
[662.128s][debug][gc,phases      ] GC(62)     Dead                           Min: 0, Avg:  0.0, Max: 0, Diff: 0, Sum: 0, Workers: 4
[662.128s][debug][gc,phases      ] GC(62)     Total                          Min: 0, Avg: 10677.8, Max: 19648, Diff: 19648, Sum: 42711, Workers: 4
[662.128s][debug][gc,phases      ] GC(62)   ResolvedMethodTable Weak       Min:  0.0, Avg:  0.0, Max:  0.0, Diff:  0.0, Sum:  0.1, Workers: 4
[662.128s][debug][gc,phases      ] GC(62)     Dead                           Min: 0, Avg:  0.0, Max: 0, Diff: 0, Sum: 0, Workers: 4
[662.128s][debug][gc,phases      ] GC(62)     Total                          Min: 0, Avg: 2276.2, Max: 3232, Diff: 3232, Sum: 9105, Workers: 4
[662.128s][debug][gc,phases      ] GC(62)   JNI Weak                       Min:  0.0, Avg:  0.0, Max:  0.0, Diff:  0.0, Sum:  0.0, Workers: 4
[662.128s][debug][gc,phases      ] GC(62)     Dead                           Min: 0, Avg:  0.0, Max: 0, Diff: 0, Sum: 0, Workers: 4
[662.128s][debug][gc,phases      ] GC(62)     Total                          Min: 0, Avg: 11.2, Max: 45, Diff: 45, Sum: 45, Workers: 4
[662.128s][debug][gc,phases      ] GC(62)   StringDedup Table Weak         Min:  0.0, Avg:  0.0, Max:  0.0, Diff:  0.0, Sum:  0.0, Workers: 4
[662.128s][debug][gc,phases      ] GC(62)     Dead                           Min: 0, Avg:  0.0, Max: 0, Diff: 0, Sum: 0, Workers: 4
[662.128s][debug][gc,phases      ] GC(62)     Total                          Min: 0, Avg:  0.0, Max: 0, Diff: 0, Sum: 0, Workers: 4
[662.128s][debug][gc,phases      ] GC(62)   StringDedup Requests0 Weak     Min:  0.0, Avg:  0.0, Max:  0.0, Diff:  0.0, Sum:  0.0, Workers: 4
[662.128s][debug][gc,phases      ] GC(62)     Dead                           Min: 0, Avg:  0.0, Max: 0, Diff: 0, Sum: 0, Workers: 4
[662.128s][debug][gc,phases      ] GC(62)     Total                          Min: 0, Avg:  0.0, Max: 0, Diff: 0, Sum: 0, Workers: 4
[662.128s][debug][gc,phases      ] GC(62)   StringDedup Requests1 Weak     Min:  0.0, Avg:  0.0, Max:  0.0, Diff:  0.0, Sum:  0.0, Workers: 4
[662.128s][debug][gc,phases      ] GC(62)     Dead                           Min: 0, Avg:  0.0, Max: 0, Diff: 0, Sum: 0, Workers: 4
[662.128s][debug][gc,phases      ] GC(62)     Total                          Min: 0, Avg:  0.0, Max: 0, Diff: 0, Sum: 0, Workers: 4
[662.128s][debug][gc,phases      ] GC(62)   Weak JFR Old Object Samples    Min:  0.0, Avg:  0.0, Max:  0.0, Diff:  0.0, Sum:  0.0, Workers: 4
[662.128s][debug][gc,phases      ] GC(62)     Dead                           Min: 0, Avg:  0.0, Max: 0, Diff: 0, Sum: 0, Workers: 4
[662.128s][debug][gc,phases      ] GC(62)     Total                          Min: 0, Avg:  0.0, Max: 0, Diff: 0, Sum: 0, Workers: 4
[662.128s][debug][gc,phases      ] GC(62) Weak Processing 0.350ms
[662.128s][debug][gc,age         ] GC(62) Desired survivor size 49283072 bytes, new threshold 15 (max threshold 15)
[662.128s][info ][gc,heap        ] GC(62) PSYoungGen: 1989344K(2045440K)->128K(2040832K) Eden: 1989120K(1989120K)->0K(1989120K) From: 224K(56320K)->128K(51712K)
[662.128s][info ][gc,heap        ] GC(62) ParOldGen: 235334K(324096K)->235342K(324096K)
[662.128s][info ][gc,metaspace   ] GC(62) Metaspace: 79962K(80832K)->79962K(80832K) NonClass: 68254K(68736K)->68254K(68736K) Class: 11707K(12096K)->11707K(12096K)
[662.128s][info ][gc             ] GC(62) Pause Young (Allocation Failure) 2172M->229M(2309M) 2.420ms
[662.128s][info ][gc,cpu         ] GC(62) User=0.01s Sys=0.00s Real=0.00s
[662.128s][info ][safepoint      ] Safepoint "ParallelGCFailedAllocation", Time since last: 2647290446 ns, Reaching safepoint: 3900 ns, Cleanup: 45600 ns, At safepoint: 2471211 ns, Total: 2520711 ns
[675.129s][info ][safepoint      ] Safepoint "Cleanup", Time since last: 13000826547 ns, Reaching safepoint: 5200 ns, Cleanup: 45000 ns, At safepoint: 3100 ns, Total: 53300 ns
[677.724s][info ][gc,start       ] GC(63) Pause Young (Allocation Failure)
[677.725s][debug][gc,phases      ] GC(63) Scavenge 1.239ms
[677.725s][debug][gc,ref         ] GC(63) Skipped phase 1 of Reference Processing: no references
[677.725s][debug][gc,ref         ] GC(63) Skipped phase 2 of Reference Processing: no references
[677.725s][debug][gc,ref         ] GC(63) Skipped phase 3 of Reference Processing: no references
[677.725s][debug][gc,ref         ] GC(63) Skipped phase 4 of Reference Processing: no references
[677.725s][debug][gc,phases      ] GC(63) Reference Processing 0.019ms
[677.725s][debug][gc,phases      ] GC(63)   VM Weak                        Min:  0.0, Avg:  0.0, Max:  0.0, Diff:  0.0, Sum:  0.0, Workers: 4
[677.725s][debug][gc,phases      ] GC(63)     Dead                           Min: 0, Avg:  0.0, Max: 0, Diff: 0, Sum: 0, Workers: 4
[677.725s][debug][gc,phases      ] GC(63)     Total                          Min: 0, Avg: 172.8, Max: 371, Diff: 371, Sum: 691, Workers: 4
[677.725s][debug][gc,phases      ] GC(63)   ObjectSynchronizer Weak        Min:  0.0, Avg:  0.0, Max:  0.0, Diff:  0.0, Sum:  0.0, Workers: 4
[677.725s][debug][gc,phases      ] GC(63)     Dead                           Min: 0, Avg:  0.0, Max: 0, Diff: 0, Sum: 0, Workers: 4
[677.725s][debug][gc,phases      ] GC(63)     Total                          Min: 0, Avg:  1.0, Max: 4, Diff: 4, Sum: 4, Workers: 4
[677.725s][debug][gc,phases      ] GC(63)   JVMTI Tag Weak OopStorage      Min:  0.0, Avg:  0.0, Max:  0.0, Diff:  0.0, Sum:  0.0, Workers: 4
[677.725s][debug][gc,phases      ] GC(63)     Dead                           Min: 0, Avg:  0.0, Max: 0, Diff: 0, Sum: 0, Workers: 4
[677.725s][debug][gc,phases      ] GC(63)     Total                          Min: 0, Avg:  0.0, Max: 0, Diff: 0, Sum: 0, Workers: 4
[677.725s][debug][gc,phases      ] GC(63)   StringTable Weak               Min:  0.0, Avg:  0.1, Max:  0.1, Diff:  0.1, Sum:  0.4, Workers: 4
[677.725s][debug][gc,phases      ] GC(63)     Dead                           Min: 0, Avg:  0.0, Max: 0, Diff: 0, Sum: 0, Workers: 4
[677.725s][debug][gc,phases      ] GC(63)     Total                          Min: 1943, Avg: 10677.8, Max: 17088, Diff: 15145, Sum: 42711, Workers: 4
[677.725s][debug][gc,phases      ] GC(63)   ResolvedMethodTable Weak       Min:  0.0, Avg:  0.0, Max:  0.0, Diff:  0.0, Sum:  0.1, Workers: 4
[677.725s][debug][gc,phases      ] GC(63)     Dead                           Min: 0, Avg:  0.0, Max: 0, Diff: 0, Sum: 0, Workers: 4
[677.725s][debug][gc,phases      ] GC(63)     Total                          Min: 2140, Avg: 2276.2, Max: 2462, Diff: 322, Sum: 9105, Workers: 4
[677.725s][debug][gc,phases      ] GC(63)   JNI Weak                       Min:  0.0, Avg:  0.0, Max:  0.0, Diff:  0.0, Sum:  0.0, Workers: 4
[677.725s][debug][gc,phases      ] GC(63)     Dead                           Min: 0, Avg:  0.0, Max: 0, Diff: 0, Sum: 0, Workers: 4
[677.725s][debug][gc,phases      ] GC(63)     Total                          Min: 0, Avg: 11.2, Max: 45, Diff: 45, Sum: 45, Workers: 4
[677.725s][debug][gc,phases      ] GC(63)   StringDedup Table Weak         Min:  0.0, Avg:  0.0, Max:  0.0, Diff:  0.0, Sum:  0.0, Workers: 4
[677.725s][debug][gc,phases      ] GC(63)     Dead                           Min: 0, Avg:  0.0, Max: 0, Diff: 0, Sum: 0, Workers: 4
[677.725s][debug][gc,phases      ] GC(63)     Total                          Min: 0, Avg:  0.0, Max: 0, Diff: 0, Sum: 0, Workers: 4
[677.725s][debug][gc,phases      ] GC(63)   StringDedup Requests0 Weak     Min:  0.0, Avg:  0.0, Max:  0.0, Diff:  0.0, Sum:  0.0, Workers: 4
[677.725s][debug][gc,phases      ] GC(63)     Dead                           Min: 0, Avg:  0.0, Max: 0, Diff: 0, Sum: 0, Workers: 4
[677.725s][debug][gc,phases      ] GC(63)     Total                          Min: 0, Avg:  0.0, Max: 0, Diff: 0, Sum: 0, Workers: 4
[677.725s][debug][gc,phases      ] GC(63)   StringDedup Requests1 Weak     Min:  0.0, Avg:  0.0, Max:  0.0, Diff:  0.0, Sum:  0.0, Workers: 4
[677.725s][debug][gc,phases      ] GC(63)     Dead                           Min: 0, Avg:  0.0, Max: 0, Diff: 0, Sum: 0, Workers: 4
[677.725s][debug][gc,phases      ] GC(63)     Total                          Min: 0, Avg:  0.0, Max: 0, Diff: 0, Sum: 0, Workers: 4
[677.725s][debug][gc,phases      ] GC(63)   Weak JFR Old Object Samples    Min:  0.0, Avg:  0.0, Max:  0.0, Diff:  0.0, Sum:  0.0, Workers: 4
[677.725s][debug][gc,phases      ] GC(63)     Dead                           Min: 0, Avg:  0.0, Max: 0, Diff: 0, Sum: 0, Workers: 4
[677.725s][debug][gc,phases      ] GC(63)     Total                          Min: 0, Avg:  0.0, Max: 0, Diff: 0, Sum: 0, Workers: 4
[677.725s][debug][gc,phases      ] GC(63) Weak Processing 0.343ms
[677.725s][debug][gc,age         ] GC(63) Desired survivor size 45088768 bytes, new threshold 15 (max threshold 15)
[677.725s][info ][gc,heap        ] GC(63) PSYoungGen: 1989248K(2040832K)->160K(2053120K) Eden: 1989120K(1989120K)->0K(2004992K) From: 128K(51712K)->160K(48128K)
[677.725s][info ][gc,heap        ] GC(63) ParOldGen: 235342K(324096K)->235350K(324096K)
[677.725s][info ][gc,metaspace   ] GC(63) Metaspace: 79962K(80832K)->79962K(80832K) NonClass: 68254K(68736K)->68254K(68736K) Class: 11707K(12096K)->11707K(12096K)
[677.725s][info ][gc             ] GC(63) Pause Young (Allocation Failure) 2172M->229M(2321M) 1.685ms
[677.725s][info ][gc,cpu         ] GC(63) User=0.01s Sys=0.00s Real=0.00s
[677.725s][info ][safepoint      ] Safepoint "ParallelGCFailedAllocation", Time since last: 2594861806 ns, Reaching safepoint: 3700 ns, Cleanup: 43300 ns, At safepoint: 1738006 ns, Total: 1785006 ns
[682.726s][info ][safepoint      ] Safepoint "Cleanup", Time since last: 5000367291 ns, Reaching safepoint: 73600 ns, Cleanup: 51601 ns, At safepoint: 5200 ns, Total: 130401 ns
[693.424s][info ][gc,start       ] GC(64) Pause Young (Allocation Failure)
[693.427s][debug][gc,phases      ] GC(64) Scavenge 2.214ms
[693.427s][debug][gc,ref         ] GC(64) Skipped phase 1 of Reference Processing: no references
[693.427s][debug][gc,ref         ] GC(64) Skipped phase 2 of Reference Processing: no references
[693.427s][debug][gc,ref         ] GC(64) Skipped phase 3 of Reference Processing: no references
[693.427s][debug][gc,ref         ] GC(64) ReferenceProcessor::execute queues: 1, RefProcThreadModel::Single, marks_oops_alive: false
[693.427s][debug][gc,phases      ] GC(64) Reference Processing 0.088ms
[693.427s][debug][gc,phases      ] GC(64)   VM Weak                        Min:  0.0, Avg:  0.0, Max:  0.0, Diff:  0.0, Sum:  0.0, Workers: 4
[693.427s][debug][gc,phases      ] GC(64)     Dead                           Min: 0, Avg:  0.0, Max: 0, Diff: 0, Sum: 0, Workers: 4
[693.427s][debug][gc,phases      ] GC(64)     Total                          Min: 0, Avg: 172.8, Max: 640, Diff: 640, Sum: 691, Workers: 4
[693.427s][debug][gc,phases      ] GC(64)   ObjectSynchronizer Weak        Min:  0.0, Avg:  0.0, Max:  0.0, Diff:  0.0, Sum:  0.0, Workers: 4
[693.427s][debug][gc,phases      ] GC(64)     Dead                           Min: 0, Avg:  0.0, Max: 0, Diff: 0, Sum: 0, Workers: 4
[693.427s][debug][gc,phases      ] GC(64)     Total                          Min: 0, Avg:  1.0, Max: 4, Diff: 4, Sum: 4, Workers: 4
[693.427s][debug][gc,phases      ] GC(64)   JVMTI Tag Weak OopStorage      Min:  0.0, Avg:  0.0, Max:  0.0, Diff:  0.0, Sum:  0.0, Workers: 4
[693.427s][debug][gc,phases      ] GC(64)     Dead                           Min: 0, Avg:  0.0, Max: 0, Diff: 0, Sum: 0, Workers: 4
[693.427s][debug][gc,phases      ] GC(64)     Total                          Min: 0, Avg:  0.0, Max: 0, Diff: 0, Sum: 0, Workers: 4
[693.427s][debug][gc,phases      ] GC(64)   StringTable Weak               Min:  0.0, Avg:  0.1, Max:  0.1, Diff:  0.1, Sum:  0.4, Workers: 4
[693.427s][debug][gc,phases      ] GC(64)     Dead                           Min: 0, Avg:  0.0, Max: 0, Diff: 0, Sum: 0, Workers: 4
[693.427s][debug][gc,phases      ] GC(64)     Total                          Min: 0, Avg: 10682.0, Max: 18944, Diff: 18944, Sum: 42728, Workers: 4
[693.427s][debug][gc,phases      ] GC(64)   ResolvedMethodTable Weak       Min:  0.0, Avg:  0.0, Max:  0.0, Diff:  0.0, Sum:  0.1, Workers: 4
[693.427s][debug][gc,phases      ] GC(64)     Dead                           Min: 0, Avg:  0.0, Max: 0, Diff: 0, Sum: 0, Workers: 4
[693.427s][debug][gc,phases      ] GC(64)     Total                          Min: 0, Avg: 2276.2, Max: 4309, Diff: 4309, Sum: 9105, Workers: 4
[693.427s][debug][gc,phases      ] GC(64)   JNI Weak                       Min:  0.0, Avg:  0.0, Max:  0.0, Diff:  0.0, Sum:  0.0, Workers: 4
[693.427s][debug][gc,phases      ] GC(64)     Dead                           Min: 0, Avg:  0.0, Max: 0, Diff: 0, Sum: 0, Workers: 4
[693.427s][debug][gc,phases      ] GC(64)     Total                          Min: 0, Avg: 11.2, Max: 45, Diff: 45, Sum: 45, Workers: 4
[693.427s][debug][gc,phases      ] GC(64)   StringDedup Table Weak         Min:  0.0, Avg:  0.0, Max:  0.0, Diff:  0.0, Sum:  0.0, Workers: 4
[693.427s][debug][gc,phases      ] GC(64)     Dead                           Min: 0, Avg:  0.0, Max: 0, Diff: 0, Sum: 0, Workers: 4
[693.427s][debug][gc,phases      ] GC(64)     Total                          Min: 0, Avg:  0.0, Max: 0, Diff: 0, Sum: 0, Workers: 4
[693.427s][debug][gc,phases      ] GC(64)   StringDedup Requests0 Weak     Min:  0.0, Avg:  0.0, Max:  0.0, Diff:  0.0, Sum:  0.0, Workers: 4
[693.427s][debug][gc,phases      ] GC(64)     Dead                           Min: 0, Avg:  0.0, Max: 0, Diff: 0, Sum: 0, Workers: 4
[693.427s][debug][gc,phases      ] GC(64)     Total                          Min: 0, Avg:  0.0, Max: 0, Diff: 0, Sum: 0, Workers: 4
[693.427s][debug][gc,phases      ] GC(64)   StringDedup Requests1 Weak     Min:  0.0, Avg:  0.0, Max:  0.0, Diff:  0.0, Sum:  0.0, Workers: 4
[693.427s][debug][gc,phases      ] GC(64)     Dead                           Min: 0, Avg:  0.0, Max: 0, Diff: 0, Sum: 0, Workers: 4
[693.427s][debug][gc,phases      ] GC(64)     Total                          Min: 0, Avg:  0.0, Max: 0, Diff: 0, Sum: 0, Workers: 4
[693.427s][debug][gc,phases      ] GC(64)   Weak JFR Old Object Samples    Min:  0.0, Avg:  0.0, Max:  0.0, Diff:  0.0, Sum:  0.0, Workers: 4
[693.427s][debug][gc,phases      ] GC(64)     Dead                           Min: 0, Avg:  0.0, Max: 0, Diff: 0, Sum: 0, Workers: 4
[693.427s][debug][gc,phases      ] GC(64)     Total                          Min: 0, Avg:  0.0, Max: 0, Diff: 0, Sum: 0, Workers: 4
[693.427s][debug][gc,phases      ] GC(64) Weak Processing 0.343ms
[693.427s][debug][gc,age         ] GC(64) Desired survivor size 41943040 bytes, new threshold 15 (max threshold 15)
[693.427s][info ][gc,heap        ] GC(64) PSYoungGen: 2005152K(2053120K)->192K(2049024K) Eden: 2004992K(2004992K)->0K(2004992K) From: 160K(48128K)->192K(44032K)
[693.427s][info ][gc,heap        ] GC(64) ParOldGen: 235350K(324096K)->235358K(324096K)
[693.427s][info ][gc,metaspace   ] GC(64) Metaspace: 79964K(80832K)->79964K(80832K) NonClass: 68256K(68736K)->68256K(68736K) Class: 11707K(12096K)->11707K(12096K)
[693.427s][info ][gc             ] GC(64) Pause Young (Allocation Failure) 2187M->230M(2317M) 2.732ms
[693.427s][info ][gc,cpu         ] GC(64) User=0.01s Sys=0.00s Real=0.00s
[693.427s][info ][safepoint      ] Safepoint "ParallelGCFailedAllocation", Time since last: 10698405618 ns, Reaching safepoint: 3700 ns, Cleanup: 45500 ns, At safepoint: 2791113 ns, Total: 2840313 ns
[709.124s][info ][gc,start       ] GC(65) Pause Young (Allocation Failure)
[709.125s][debug][gc,phases      ] GC(65) Scavenge 1.463ms
[709.125s][debug][gc,ref         ] GC(65) Skipped phase 1 of Reference Processing: no references
[709.125s][debug][gc,ref         ] GC(65) Skipped phase 2 of Reference Processing: no references
[709.125s][debug][gc,ref         ] GC(65) Skipped phase 3 of Reference Processing: no references
[709.126s][debug][gc,ref         ] GC(65) ReferenceProcessor::execute queues: 1, RefProcThreadModel::Single, marks_oops_alive: false
[709.126s][debug][gc,phases      ] GC(65) Reference Processing 0.088ms
[709.126s][debug][gc,phases      ] GC(65)   VM Weak                        Min:  0.0, Avg:  0.0, Max:  0.0, Diff:  0.0, Sum:  0.0, Workers: 4
[709.126s][debug][gc,phases      ] GC(65)     Dead                           Min: 0, Avg:  0.0, Max: 0, Diff: 0, Sum: 0, Workers: 4
[709.126s][debug][gc,phases      ] GC(65)     Total                          Min: 0, Avg: 172.8, Max: 435, Diff: 435, Sum: 691, Workers: 4
[709.126s][debug][gc,phases      ] GC(65)   ObjectSynchronizer Weak        Min:  0.0, Avg:  0.0, Max:  0.0, Diff:  0.0, Sum:  0.0, Workers: 4
[709.126s][debug][gc,phases      ] GC(65)     Dead                           Min: 0, Avg:  0.0, Max: 0, Diff: 0, Sum: 0, Workers: 4
[709.126s][debug][gc,phases      ] GC(65)     Total                          Min: 0, Avg:  1.0, Max: 4, Diff: 4, Sum: 4, Workers: 4
[709.126s][debug][gc,phases      ] GC(65)   JVMTI Tag Weak OopStorage      Min:  0.0, Avg:  0.0, Max:  0.0, Diff:  0.0, Sum:  0.0, Workers: 4
[709.126s][debug][gc,phases      ] GC(65)     Dead                           Min: 0, Avg:  0.0, Max: 0, Diff: 0, Sum: 0, Workers: 4
[709.126s][debug][gc,phases      ] GC(65)     Total                          Min: 0, Avg:  0.0, Max: 0, Diff: 0, Sum: 0, Workers: 4
[709.126s][debug][gc,phases      ] GC(65)   StringTable Weak               Min:  0.0, Avg:  0.1, Max:  0.1, Diff:  0.1, Sum:  0.4, Workers: 4
[709.126s][debug][gc,phases      ] GC(65)     Dead                           Min: 0, Avg:  0.0, Max: 0, Diff: 0, Sum: 0, Workers: 4
[709.126s][debug][gc,phases      ] GC(65)     Total                          Min: 0, Avg: 10682.0, Max: 19368, Diff: 19368, Sum: 42728, Workers: 4
[709.126s][debug][gc,phases      ] GC(65)   ResolvedMethodTable Weak       Min:  0.0, Avg:  0.0, Max:  0.1, Diff:  0.1, Sum:  0.2, Workers: 4
[709.126s][debug][gc,phases      ] GC(65)     Dead                           Min: 0, Avg:  0.0, Max: 0, Diff: 0, Sum: 0, Workers: 4
[709.126s][debug][gc,phases      ] GC(65)     Total                          Min: 0, Avg: 2276.2, Max: 3795, Diff: 3795, Sum: 9105, Workers: 4
[709.126s][debug][gc,phases      ] GC(65)   JNI Weak                       Min:  0.0, Avg:  0.0, Max:  0.0, Diff:  0.0, Sum:  0.0, Workers: 4
[709.126s][debug][gc,phases      ] GC(65)     Dead                           Min: 0, Avg:  0.0, Max: 0, Diff: 0, Sum: 0, Workers: 4
[709.126s][debug][gc,phases      ] GC(65)     Total                          Min: 0, Avg: 11.2, Max: 45, Diff: 45, Sum: 45, Workers: 4
[709.126s][debug][gc,phases      ] GC(65)   StringDedup Table Weak         Min:  0.0, Avg:  0.0, Max:  0.0, Diff:  0.0, Sum:  0.0, Workers: 4
[709.126s][debug][gc,phases      ] GC(65)     Dead                           Min: 0, Avg:  0.0, Max: 0, Diff: 0, Sum: 0, Workers: 4
[709.126s][debug][gc,phases      ] GC(65)     Total                          Min: 0, Avg:  0.0, Max: 0, Diff: 0, Sum: 0, Workers: 4
[709.126s][debug][gc,phases      ] GC(65)   StringDedup Requests0 Weak     Min:  0.0, Avg:  0.0, Max:  0.0, Diff:  0.0, Sum:  0.0, Workers: 4
[709.126s][debug][gc,phases      ] GC(65)     Dead                           Min: 0, Avg:  0.0, Max: 0, Diff: 0, Sum: 0, Workers: 4
[709.126s][debug][gc,phases      ] GC(65)     Total                          Min: 0, Avg:  0.0, Max: 0, Diff: 0, Sum: 0, Workers: 4
[709.126s][debug][gc,phases      ] GC(65)   StringDedup Requests1 Weak     Min:  0.0, Avg:  0.0, Max:  0.0, Diff:  0.0, Sum:  0.0, Workers: 4
[709.126s][debug][gc,phases      ] GC(65)     Dead                           Min: 0, Avg:  0.0, Max: 0, Diff: 0, Sum: 0, Workers: 4
[709.126s][debug][gc,phases      ] GC(65)     Total                          Min: 0, Avg:  0.0, Max: 0, Diff: 0, Sum: 0, Workers: 4
[709.126s][debug][gc,phases      ] GC(65)   Weak JFR Old Object Samples    Min:  0.0, Avg:  0.0, Max:  0.0, Diff:  0.0, Sum:  0.0, Workers: 4
[709.126s][debug][gc,phases      ] GC(65)     Dead                           Min: 0, Avg:  0.0, Max: 0, Diff: 0, Sum: 0, Workers: 4
[709.126s][debug][gc,phases      ] GC(65)     Total                          Min: 0, Avg:  0.0, Max: 0, Diff: 0, Sum: 0, Workers: 4
[709.126s][debug][gc,phases      ] GC(65) Weak Processing 0.370ms
[709.126s][debug][gc,age         ] GC(65) Desired survivor size 38273024 bytes, new threshold 15 (max threshold 15)
[709.126s][info ][gc,heap        ] GC(65) PSYoungGen: 2005184K(2049024K)->192K(2059776K) Eden: 2004992K(2004992K)->0K(2018816K) From: 192K(44032K)->192K(40960K)
[709.126s][info ][gc,heap        ] GC(65) ParOldGen: 235358K(324096K)->235366K(324096K)
[709.126s][info ][gc,metaspace   ] GC(65) Metaspace: 79964K(80832K)->79964K(80832K) NonClass: 68256K(68736K)->68256K(68736K) Class: 11707K(12096K)->11707K(12096K)
[709.126s][info ][gc             ] GC(65) Pause Young (Allocation Failure) 2188M->230M(2328M) 2.018ms
[709.126s][info ][gc,cpu         ] GC(65) User=0.01s Sys=0.00s Real=0.00s
[709.126s][info ][safepoint      ] Safepoint "ParallelGCFailedAllocation", Time since last: 15696836389 ns, Reaching safepoint: 5400 ns, Cleanup: 26700 ns, At safepoint: 2099909 ns, Total: 2132009 ns
[724.924s][info ][gc,start       ] GC(66) Pause Young (Allocation Failure)
[724.926s][debug][gc,phases      ] GC(66) Scavenge 1.965ms
[724.926s][debug][gc,ref         ] GC(66) Skipped phase 1 of Reference Processing: no references
[724.926s][debug][gc,ref         ] GC(66) Skipped phase 2 of Reference Processing: no references
[724.926s][debug][gc,ref         ] GC(66) Skipped phase 3 of Reference Processing: no references
[724.926s][debug][gc,ref         ] GC(66) ReferenceProcessor::execute queues: 1, RefProcThreadModel::Single, marks_oops_alive: false
[724.926s][debug][gc,phases      ] GC(66) Reference Processing 0.093ms
[724.927s][debug][gc,phases      ] GC(66)   VM Weak                        Min:  0.0, Avg:  0.0, Max:  0.0, Diff:  0.0, Sum:  0.0, Workers: 4
[724.927s][debug][gc,phases      ] GC(66)     Dead                           Min: 0, Avg:  0.0, Max: 0, Diff: 0, Sum: 0, Workers: 4
[724.927s][debug][gc,phases      ] GC(66)     Total                          Min: 0, Avg: 172.8, Max: 691, Diff: 691, Sum: 691, Workers: 4
[724.927s][debug][gc,phases      ] GC(66)   ObjectSynchronizer Weak        Min:  0.0, Avg:  0.0, Max:  0.0, Diff:  0.0, Sum:  0.0, Workers: 4
[724.927s][debug][gc,phases      ] GC(66)     Dead                           Min: 0, Avg:  0.0, Max: 0, Diff: 0, Sum: 0, Workers: 4
[724.927s][debug][gc,phases      ] GC(66)     Total                          Min: 0, Avg:  1.0, Max: 4, Diff: 4, Sum: 4, Workers: 4
[724.927s][debug][gc,phases      ] GC(66)   JVMTI Tag Weak OopStorage      Min:  0.0, Avg:  0.0, Max:  0.0, Diff:  0.0, Sum:  0.0, Workers: 4
[724.927s][debug][gc,phases      ] GC(66)     Dead                           Min: 0, Avg:  0.0, Max: 0, Diff: 0, Sum: 0, Workers: 4
[724.927s][debug][gc,phases      ] GC(66)     Total                          Min: 0, Avg:  0.0, Max: 0, Diff: 0, Sum: 0, Workers: 4
[724.927s][debug][gc,phases      ] GC(66)   StringTable Weak               Min:  0.0, Avg:  0.1, Max:  0.1, Diff:  0.1, Sum:  0.4, Workers: 4
[724.927s][debug][gc,phases      ] GC(66)     Dead                           Min: 0, Avg:  0.0, Max: 0, Diff: 0, Sum: 0, Workers: 4
[724.927s][debug][gc,phases      ] GC(66)     Total                          Min: 0, Avg: 10682.0, Max: 16896, Diff: 16896, Sum: 42728, Workers: 4
[724.927s][debug][gc,phases      ] GC(66)   ResolvedMethodTable Weak       Min:  0.0, Avg:  0.0, Max:  0.0, Diff:  0.0, Sum:  0.1, Workers: 4
[724.927s][debug][gc,phases      ] GC(66)     Dead                           Min: 0, Avg:  0.0, Max: 0, Diff: 0, Sum: 0, Workers: 4
[724.927s][debug][gc,phases      ] GC(66)     Total                          Min: 0, Avg: 2276.2, Max: 3715, Diff: 3715, Sum: 9105, Workers: 4
[724.927s][debug][gc,phases      ] GC(66)   JNI Weak                       Min:  0.0, Avg:  0.0, Max:  0.0, Diff:  0.0, Sum:  0.0, Workers: 4
[724.927s][debug][gc,phases      ] GC(66)     Dead                           Min: 0, Avg:  0.0, Max: 0, Diff: 0, Sum: 0, Workers: 4
[724.927s][debug][gc,phases      ] GC(66)     Total                          Min: 0, Avg: 11.2, Max: 45, Diff: 45, Sum: 45, Workers: 4
[724.927s][debug][gc,phases      ] GC(66)   StringDedup Table Weak         Min:  0.0, Avg:  0.0, Max:  0.0, Diff:  0.0, Sum:  0.0, Workers: 4
[724.927s][debug][gc,phases      ] GC(66)     Dead                           Min: 0, Avg:  0.0, Max: 0, Diff: 0, Sum: 0, Workers: 4
[724.927s][debug][gc,phases      ] GC(66)     Total                          Min: 0, Avg:  0.0, Max: 0, Diff: 0, Sum: 0, Workers: 4
[724.927s][debug][gc,phases      ] GC(66)   StringDedup Requests0 Weak     Min:  0.0, Avg:  0.0, Max:  0.0, Diff:  0.0, Sum:  0.0, Workers: 4
[724.927s][debug][gc,phases      ] GC(66)     Dead                           Min: 0, Avg:  0.0, Max: 0, Diff: 0, Sum: 0, Workers: 4
[724.927s][debug][gc,phases      ] GC(66)     Total                          Min: 0, Avg:  0.0, Max: 0, Diff: 0, Sum: 0, Workers: 4
[724.927s][debug][gc,phases      ] GC(66)   StringDedup Requests1 Weak     Min:  0.0, Avg:  0.0, Max:  0.0, Diff:  0.0, Sum:  0.0, Workers: 4
[724.927s][debug][gc,phases      ] GC(66)     Dead                           Min: 0, Avg:  0.0, Max: 0, Diff: 0, Sum: 0, Workers: 4
[724.927s][debug][gc,phases      ] GC(66)     Total                          Min: 0, Avg:  0.0, Max: 0, Diff: 0, Sum: 0, Workers: 4
[724.927s][debug][gc,phases      ] GC(66)   Weak JFR Old Object Samples    Min:  0.0, Avg:  0.0, Max:  0.0, Diff:  0.0, Sum:  0.0, Workers: 4
[724.927s][debug][gc,phases      ] GC(66)     Dead                           Min: 0, Avg:  0.0, Max: 0, Diff: 0, Sum: 0, Workers: 4
[724.927s][debug][gc,phases      ] GC(66)     Total                          Min: 0, Avg:  0.0, Max: 0, Diff: 0, Sum: 0, Workers: 4
[724.927s][debug][gc,phases      ] GC(66) Weak Processing 0.345ms
[724.927s][debug][gc,age         ] GC(66) Desired survivor size 35651584 bytes, new threshold 15 (max threshold 15)
[724.927s][info ][gc,heap        ] GC(66) PSYoungGen: 2019008K(2059776K)->160K(2056192K) Eden: 2018816K(2018816K)->0K(2018816K) From: 192K(40960K)->160K(37376K)
[724.927s][info ][gc,heap        ] GC(66) ParOldGen: 235366K(324096K)->235382K(324096K)
[724.927s][info ][gc,metaspace   ] GC(66) Metaspace: 79964K(80832K)->79964K(80832K) NonClass: 68256K(68736K)->68256K(68736K) Class: 11707K(12096K)->11707K(12096K)
[724.927s][info ][gc             ] GC(66) Pause Young (Allocation Failure) 2201M->230M(2324M) 2.522ms
[724.927s][info ][gc,cpu         ] GC(66) User=0.00s Sys=0.00s Real=0.00s
[724.927s][info ][safepoint      ] Safepoint "ParallelGCFailedAllocation", Time since last: 15798242774 ns, Reaching safepoint: 5500 ns, Cleanup: 38300 ns, At safepoint: 2600511 ns, Total: 2644311 ns
[728.927s][info ][safepoint      ] Safepoint "Cleanup", Time since last: 4000272104 ns, Reaching safepoint: 4700 ns, Cleanup: 43200 ns, At safepoint: 3100 ns, Total: 51000 ns
[740.772s][info ][gc,start       ] GC(67) Pause Young (Allocation Failure)
[740.774s][debug][gc,phases      ] GC(67) Scavenge 2.164ms
[740.775s][debug][gc,ref         ] GC(67) Skipped phase 1 of Reference Processing: no references
[740.775s][debug][gc,ref         ] GC(67) Skipped phase 2 of Reference Processing: no references
[740.775s][debug][gc,ref         ] GC(67) Skipped phase 3 of Reference Processing: no references
[740.775s][debug][gc,ref         ] GC(67) ReferenceProcessor::execute queues: 1, RefProcThreadModel::Single, marks_oops_alive: false
[740.775s][debug][gc,phases      ] GC(67) Reference Processing 0.094ms
[740.775s][debug][gc,phases      ] GC(67)   VM Weak                        Min:  0.0, Avg:  0.0, Max:  0.0, Diff:  0.0, Sum:  0.0, Workers: 4
[740.775s][debug][gc,phases      ] GC(67)     Dead                           Min: 0, Avg:  0.0, Max: 0, Diff: 0, Sum: 0, Workers: 4
[740.775s][debug][gc,phases      ] GC(67)     Total                          Min: 0, Avg: 172.8, Max: 627, Diff: 627, Sum: 691, Workers: 4
[740.775s][debug][gc,phases      ] GC(67)   ObjectSynchronizer Weak        Min:  0.0, Avg:  0.0, Max:  0.0, Diff:  0.0, Sum:  0.0, Workers: 4
[740.775s][debug][gc,phases      ] GC(67)     Dead                           Min: 0, Avg:  0.0, Max: 0, Diff: 0, Sum: 0, Workers: 4
[740.775s][debug][gc,phases      ] GC(67)     Total                          Min: 0, Avg:  1.0, Max: 4, Diff: 4, Sum: 4, Workers: 4
[740.775s][debug][gc,phases      ] GC(67)   JVMTI Tag Weak OopStorage      Min:  0.0, Avg:  0.0, Max:  0.0, Diff:  0.0, Sum:  0.0, Workers: 4
[740.775s][debug][gc,phases      ] GC(67)     Dead                           Min: 0, Avg:  0.0, Max: 0, Diff: 0, Sum: 0, Workers: 4
[740.775s][debug][gc,phases      ] GC(67)     Total                          Min: 0, Avg:  0.0, Max: 0, Diff: 0, Sum: 0, Workers: 4
[740.775s][debug][gc,phases      ] GC(67)   StringTable Weak               Min:  0.0, Avg:  0.1, Max:  0.1, Diff:  0.1, Sum:  0.4, Workers: 4
[740.775s][debug][gc,phases      ] GC(67)     Dead                           Min: 0, Avg:  0.0, Max: 0, Diff: 0, Sum: 0, Workers: 4
[740.775s][debug][gc,phases      ] GC(67)     Total                          Min: 0, Avg: 10682.0, Max: 17832, Diff: 17832, Sum: 42728, Workers: 4
[740.775s][debug][gc,phases      ] GC(67)   ResolvedMethodTable Weak       Min:  0.0, Avg:  0.0, Max:  0.0, Diff:  0.0, Sum:  0.1, Workers: 4
[740.775s][debug][gc,phases      ] GC(67)     Dead                           Min: 0, Avg:  0.0, Max: 0, Diff: 0, Sum: 0, Workers: 4
[740.775s][debug][gc,phases      ] GC(67)     Total                          Min: 0, Avg: 2276.2, Max: 3771, Diff: 3771, Sum: 9105, Workers: 4
[740.775s][debug][gc,phases      ] GC(67)   JNI Weak                       Min:  0.0, Avg:  0.0, Max:  0.0, Diff:  0.0, Sum:  0.0, Workers: 4
[740.775s][debug][gc,phases      ] GC(67)     Dead                           Min: 0, Avg:  0.0, Max: 0, Diff: 0, Sum: 0, Workers: 4
[740.775s][debug][gc,phases      ] GC(67)     Total                          Min: 0, Avg: 11.2, Max: 45, Diff: 45, Sum: 45, Workers: 4
[740.775s][debug][gc,phases      ] GC(67)   StringDedup Table Weak         Min:  0.0, Avg:  0.0, Max:  0.0, Diff:  0.0, Sum:  0.0, Workers: 4
[740.775s][debug][gc,phases      ] GC(67)     Dead                           Min: 0, Avg:  0.0, Max: 0, Diff: 0, Sum: 0, Workers: 4
[740.775s][debug][gc,phases      ] GC(67)     Total                          Min: 0, Avg:  0.0, Max: 0, Diff: 0, Sum: 0, Workers: 4
[740.775s][debug][gc,phases      ] GC(67)   StringDedup Requests0 Weak     Min:  0.0, Avg:  0.0, Max:  0.0, Diff:  0.0, Sum:  0.0, Workers: 4
[740.775s][debug][gc,phases      ] GC(67)     Dead                           Min: 0, Avg:  0.0, Max: 0, Diff: 0, Sum: 0, Workers: 4
[740.775s][debug][gc,phases      ] GC(67)     Total                          Min: 0, Avg:  0.0, Max: 0, Diff: 0, Sum: 0, Workers: 4
[740.775s][debug][gc,phases      ] GC(67)   StringDedup Requests1 Weak     Min:  0.0, Avg:  0.0, Max:  0.0, Diff:  0.0, Sum:  0.0, Workers: 4
[740.775s][debug][gc,phases      ] GC(67)     Dead                           Min: 0, Avg:  0.0, Max: 0, Diff: 0, Sum: 0, Workers: 4
[740.775s][debug][gc,phases      ] GC(67)     Total                          Min: 0, Avg:  0.0, Max: 0, Diff: 0, Sum: 0, Workers: 4
[740.775s][debug][gc,phases      ] GC(67)   Weak JFR Old Object Samples    Min:  0.0, Avg:  0.0, Max:  0.0, Diff:  0.0, Sum:  0.0, Workers: 4
[740.775s][debug][gc,phases      ] GC(67)     Dead                           Min: 0, Avg:  0.0, Max: 0, Diff: 0, Sum: 0, Workers: 4
[740.775s][debug][gc,phases      ] GC(67)     Total                          Min: 0, Avg:  0.0, Max: 0, Diff: 0, Sum: 0, Workers: 4
[740.775s][debug][gc,phases      ] GC(67) Weak Processing 0.333ms
[740.775s][debug][gc,age         ] GC(67) Desired survivor size 32505856 bytes, new threshold 15 (max threshold 15)
[740.775s][info ][gc,heap        ] GC(67) PSYoungGen: 2018976K(2056192K)->128K(2065408K) Eden: 2018816K(2018816K)->0K(2030592K) From: 160K(37376K)->128K(34816K)
[740.775s][info ][gc,heap        ] GC(67) ParOldGen: 235382K(324096K)->235382K(324096K)
[740.775s][info ][gc,metaspace   ] GC(67) Metaspace: 79964K(80832K)->79964K(80832K) NonClass: 68256K(68736K)->68256K(68736K) Class: 11707K(12096K)->11707K(12096K)
[740.775s][info ][gc             ] GC(67) Pause Young (Allocation Failure) 2201M->229M(2333M) 2.697ms
[740.775s][info ][gc,cpu         ] GC(67) User=0.01s Sys=0.00s Real=0.00s
[740.775s][info ][safepoint      ] Safepoint "ParallelGCFailedAllocation", Time since last: 11844979680 ns, Reaching safepoint: 4300 ns, Cleanup: 26800 ns, At safepoint: 2770812 ns, Total: 2801912 ns
[756.673s][info ][gc,start       ] GC(68) Pause Young (Allocation Failure)
[756.674s][debug][gc,phases      ] GC(68) Scavenge 1.220ms
[756.674s][debug][gc,ref         ] GC(68) Skipped phase 1 of Reference Processing: no references
[756.674s][debug][gc,ref         ] GC(68) Skipped phase 2 of Reference Processing: no references
[756.674s][debug][gc,ref         ] GC(68) Skipped phase 3 of Reference Processing: no references
[756.674s][debug][gc,ref         ] GC(68) Skipped phase 4 of Reference Processing: no references
[756.674s][debug][gc,phases      ] GC(68) Reference Processing 0.026ms
[756.674s][debug][gc,phases      ] GC(68)   VM Weak                        Min:  0.0, Avg:  0.0, Max:  0.0, Diff:  0.0, Sum:  0.0, Workers: 4
[756.674s][debug][gc,phases      ] GC(68)     Dead                           Min: 0, Avg:  0.0, Max: 0, Diff: 0, Sum: 0, Workers: 4
[756.674s][debug][gc,phases      ] GC(68)     Total                          Min: 0, Avg: 172.8, Max: 512, Diff: 512, Sum: 691, Workers: 4
[756.674s][debug][gc,phases      ] GC(68)   ObjectSynchronizer Weak        Min:  0.0, Avg:  0.0, Max:  0.0, Diff:  0.0, Sum:  0.0, Workers: 4
[756.674s][debug][gc,phases      ] GC(68)     Dead                           Min: 0, Avg:  0.0, Max: 0, Diff: 0, Sum: 0, Workers: 4
[756.674s][debug][gc,phases      ] GC(68)     Total                          Min: 0, Avg:  1.0, Max: 4, Diff: 4, Sum: 4, Workers: 4
[756.674s][debug][gc,phases      ] GC(68)   JVMTI Tag Weak OopStorage      Min:  0.0, Avg:  0.0, Max:  0.0, Diff:  0.0, Sum:  0.0, Workers: 4
[756.674s][debug][gc,phases      ] GC(68)     Dead                           Min: 0, Avg:  0.0, Max: 0, Diff: 0, Sum: 0, Workers: 4
[756.674s][debug][gc,phases      ] GC(68)     Total                          Min: 0, Avg:  0.0, Max: 0, Diff: 0, Sum: 0, Workers: 4
[756.674s][debug][gc,phases      ] GC(68)   StringTable Weak               Min:  0.1, Avg:  0.1, Max:  0.1, Diff:  0.0, Sum:  0.4, Workers: 4
[756.674s][debug][gc,phases      ] GC(68)     Dead                           Min: 0, Avg:  0.0, Max: 0, Diff: 0, Sum: 0, Workers: 4
[756.674s][debug][gc,phases      ] GC(68)     Total                          Min: 10368, Avg: 10682.0, Max: 11008, Diff: 640, Sum: 42728, Workers: 4
[756.674s][debug][gc,phases      ] GC(68)   ResolvedMethodTable Weak       Min:  0.0, Avg:  0.0, Max:  0.0, Diff:  0.0, Sum:  0.1, Workers: 4
[756.674s][debug][gc,phases      ] GC(68)     Dead                           Min: 0, Avg:  0.0, Max: 0, Diff: 0, Sum: 0, Workers: 4
[756.674s][debug][gc,phases      ] GC(68)     Total                          Min: 2133, Avg: 2276.2, Max: 2395, Diff: 262, Sum: 9105, Workers: 4
[756.674s][debug][gc,phases      ] GC(68)   JNI Weak                       Min:  0.0, Avg:  0.0, Max:  0.0, Diff:  0.0, Sum:  0.0, Workers: 4
[756.674s][debug][gc,phases      ] GC(68)     Dead                           Min: 0, Avg:  0.0, Max: 0, Diff: 0, Sum: 0, Workers: 4
[756.674s][debug][gc,phases      ] GC(68)     Total                          Min: 0, Avg: 11.2, Max: 45, Diff: 45, Sum: 45, Workers: 4
[756.674s][debug][gc,phases      ] GC(68)   StringDedup Table Weak         Min:  0.0, Avg:  0.0, Max:  0.0, Diff:  0.0, Sum:  0.0, Workers: 4
[756.674s][debug][gc,phases      ] GC(68)     Dead                           Min: 0, Avg:  0.0, Max: 0, Diff: 0, Sum: 0, Workers: 4
[756.674s][debug][gc,phases      ] GC(68)     Total                          Min: 0, Avg:  0.0, Max: 0, Diff: 0, Sum: 0, Workers: 4
[756.674s][debug][gc,phases      ] GC(68)   StringDedup Requests0 Weak     Min:  0.0, Avg:  0.0, Max:  0.0, Diff:  0.0, Sum:  0.0, Workers: 4
[756.674s][debug][gc,phases      ] GC(68)     Dead                           Min: 0, Avg:  0.0, Max: 0, Diff: 0, Sum: 0, Workers: 4
[756.674s][debug][gc,phases      ] GC(68)     Total                          Min: 0, Avg:  0.0, Max: 0, Diff: 0, Sum: 0, Workers: 4
[756.674s][debug][gc,phases      ] GC(68)   StringDedup Requests1 Weak     Min:  0.0, Avg:  0.0, Max:  0.0, Diff:  0.0, Sum:  0.0, Workers: 4
[756.674s][debug][gc,phases      ] GC(68)     Dead                           Min: 0, Avg:  0.0, Max: 0, Diff: 0, Sum: 0, Workers: 4
[756.674s][debug][gc,phases      ] GC(68)     Total                          Min: 0, Avg:  0.0, Max: 0, Diff: 0, Sum: 0, Workers: 4
[756.674s][debug][gc,phases      ] GC(68)   Weak JFR Old Object Samples    Min:  0.0, Avg:  0.0, Max:  0.0, Diff:  0.0, Sum:  0.0, Workers: 4
[756.674s][debug][gc,phases      ] GC(68)     Dead                           Min: 0, Avg:  0.0, Max: 0, Diff: 0, Sum: 0, Workers: 4
[756.674s][debug][gc,phases      ] GC(68)     Total                          Min: 0, Avg:  0.0, Max: 0, Diff: 0, Sum: 0, Workers: 4
[756.674s][debug][gc,phases      ] GC(68) Weak Processing 0.354ms
[756.674s][debug][gc,age         ] GC(68) Desired survivor size 29884416 bytes, new threshold 15 (max threshold 15)
[756.674s][info ][gc,heap        ] GC(68) PSYoungGen: 2030720K(2065408K)->160K(2062336K) Eden: 2030592K(2030592K)->0K(2030592K) From: 128K(34816K)->160K(31744K)
[756.674s][info ][gc,heap        ] GC(68) ParOldGen: 235382K(324096K)->235390K(324096K)
[756.674s][info ][gc,metaspace   ] GC(68) Metaspace: 79964K(80832K)->79964K(80832K) NonClass: 68256K(68736K)->68256K(68736K) Class: 11707K(12096K)->11707K(12096K)
[756.674s][info ][gc             ] GC(68) Pause Young (Allocation Failure) 2212M->230M(2330M) 1.699ms
[756.674s][info ][gc,cpu         ] GC(68) User=0.00s Sys=0.00s Real=0.00s
[756.674s][info ][safepoint      ] Safepoint "ParallelGCFailedAllocation", Time since last: 15897629936 ns, Reaching safepoint: 5700 ns, Cleanup: 28800 ns, At safepoint: 1786608 ns, Total: 1821108 ns
[772.573s][info ][gc,start       ] GC(69) Pause Young (Allocation Failure)
[772.575s][debug][gc,phases      ] GC(69) Scavenge 1.485ms
[772.575s][debug][gc,ref         ] GC(69) Skipped phase 1 of Reference Processing: no references
[772.575s][debug][gc,ref         ] GC(69) Skipped phase 2 of Reference Processing: no references
[772.575s][debug][gc,ref         ] GC(69) Skipped phase 3 of Reference Processing: no references
[772.575s][debug][gc,ref         ] GC(69) ReferenceProcessor::execute queues: 1, RefProcThreadModel::Single, marks_oops_alive: false
[772.575s][debug][gc,phases      ] GC(69) Reference Processing 0.091ms
[772.575s][debug][gc,phases      ] GC(69)   VM Weak                        Min:  0.0, Avg:  0.0, Max:  0.0, Diff:  0.0, Sum:  0.0, Workers: 4
[772.575s][debug][gc,phases      ] GC(69)     Dead                           Min: 0, Avg:  0.0, Max: 0, Diff: 0, Sum: 0, Workers: 4
[772.575s][debug][gc,phases      ] GC(69)     Total                          Min: 0, Avg: 172.8, Max: 691, Diff: 691, Sum: 691, Workers: 4
[772.575s][debug][gc,phases      ] GC(69)   ObjectSynchronizer Weak        Min:  0.0, Avg:  0.0, Max:  0.0, Diff:  0.0, Sum:  0.0, Workers: 4
[772.575s][debug][gc,phases      ] GC(69)     Dead                           Min: 0, Avg:  0.0, Max: 0, Diff: 0, Sum: 0, Workers: 4
[772.575s][debug][gc,phases      ] GC(69)     Total                          Min: 0, Avg:  1.0, Max: 4, Diff: 4, Sum: 4, Workers: 4
[772.575s][debug][gc,phases      ] GC(69)   JVMTI Tag Weak OopStorage      Min:  0.0, Avg:  0.0, Max:  0.0, Diff:  0.0, Sum:  0.0, Workers: 4
[772.575s][debug][gc,phases      ] GC(69)     Dead                           Min: 0, Avg:  0.0, Max: 0, Diff: 0, Sum: 0, Workers: 4
[772.575s][debug][gc,phases      ] GC(69)     Total                          Min: 0, Avg:  0.0, Max: 0, Diff: 0, Sum: 0, Workers: 4
[772.575s][debug][gc,phases      ] GC(69)   StringTable Weak               Min:  0.0, Avg:  0.1, Max:  0.1, Diff:  0.1, Sum:  0.4, Workers: 4
[772.575s][debug][gc,phases      ] GC(69)     Dead                           Min: 0, Avg:  0.0, Max: 0, Diff: 0, Sum: 0, Workers: 4
[772.575s][debug][gc,phases      ] GC(69)     Total                          Min: 0, Avg: 10682.0, Max: 14376, Diff: 14376, Sum: 42728, Workers: 4
[772.575s][debug][gc,phases      ] GC(69)   ResolvedMethodTable Weak       Min:  0.0, Avg:  0.0, Max:  0.0, Diff:  0.0, Sum:  0.1, Workers: 4
[772.575s][debug][gc,phases      ] GC(69)     Dead                           Min: 0, Avg:  0.0, Max: 0, Diff: 0, Sum: 0, Workers: 4
[772.575s][debug][gc,phases      ] GC(69)     Total                          Min: 0, Avg: 2276.2, Max: 3820, Diff: 3820, Sum: 9105, Workers: 4
[772.575s][debug][gc,phases      ] GC(69)   JNI Weak                       Min:  0.0, Avg:  0.0, Max:  0.0, Diff:  0.0, Sum:  0.0, Workers: 4
[772.575s][debug][gc,phases      ] GC(69)     Dead                           Min: 0, Avg:  0.0, Max: 0, Diff: 0, Sum: 0, Workers: 4
[772.575s][debug][gc,phases      ] GC(69)     Total                          Min: 0, Avg: 11.2, Max: 45, Diff: 45, Sum: 45, Workers: 4
[772.575s][debug][gc,phases      ] GC(69)   StringDedup Table Weak         Min:  0.0, Avg:  0.0, Max:  0.0, Diff:  0.0, Sum:  0.0, Workers: 4
[772.575s][debug][gc,phases      ] GC(69)     Dead                           Min: 0, Avg:  0.0, Max: 0, Diff: 0, Sum: 0, Workers: 4
[772.575s][debug][gc,phases      ] GC(69)     Total                          Min: 0, Avg:  0.0, Max: 0, Diff: 0, Sum: 0, Workers: 4
[772.575s][debug][gc,phases      ] GC(69)   StringDedup Requests0 Weak     Min:  0.0, Avg:  0.0, Max:  0.0, Diff:  0.0, Sum:  0.0, Workers: 4
[772.575s][debug][gc,phases      ] GC(69)     Dead                           Min: 0, Avg:  0.0, Max: 0, Diff: 0, Sum: 0, Workers: 4
[772.575s][debug][gc,phases      ] GC(69)     Total                          Min: 0, Avg:  0.0, Max: 0, Diff: 0, Sum: 0, Workers: 4
[772.575s][debug][gc,phases      ] GC(69)   StringDedup Requests1 Weak     Min:  0.0, Avg:  0.0, Max:  0.0, Diff:  0.0, Sum:  0.0, Workers: 4
[772.575s][debug][gc,phases      ] GC(69)     Dead                           Min: 0, Avg:  0.0, Max: 0, Diff: 0, Sum: 0, Workers: 4
[772.575s][debug][gc,phases      ] GC(69)     Total                          Min: 0, Avg:  0.0, Max: 0, Diff: 0, Sum: 0, Workers: 4
[772.575s][debug][gc,phases      ] GC(69)   Weak JFR Old Object Samples    Min:  0.0, Avg:  0.0, Max:  0.0, Diff:  0.0, Sum:  0.0, Workers: 4
[772.575s][debug][gc,phases      ] GC(69)     Dead                           Min: 0, Avg:  0.0, Max: 0, Diff: 0, Sum: 0, Workers: 4
[772.575s][debug][gc,phases      ] GC(69)     Total                          Min: 0, Avg:  0.0, Max: 0, Diff: 0, Sum: 0, Workers: 4
[772.575s][debug][gc,phases      ] GC(69) Weak Processing 0.360ms
[772.575s][debug][gc,age         ] GC(69) Desired survivor size 27787264 bytes, new threshold 15 (max threshold 15)
[772.575s][info ][gc,heap        ] GC(69) PSYoungGen: 2030752K(2062336K)->96K(2070016K) Eden: 2030592K(2030592K)->0K(2040832K) From: 160K(31744K)->96K(29184K)
[772.575s][info ][gc,heap        ] GC(69) ParOldGen: 235390K(324096K)->235390K(324096K)
[772.575s][info ][gc,metaspace   ] GC(69) Metaspace: 79964K(80832K)->79964K(80832K) NonClass: 68256K(68736K)->68256K(68736K) Class: 11707K(12096K)->11707K(12096K)
[772.575s][info ][gc             ] GC(69) Pause Young (Allocation Failure) 2213M->229M(2338M) 2.034ms
[772.575s][info ][gc,cpu         ] GC(69) User=0.00s Sys=0.00s Real=0.00s
[772.575s][info ][safepoint      ] Safepoint "ParallelGCFailedAllocation", Time since last: 15898606030 ns, Reaching safepoint: 8000 ns, Cleanup: 35400 ns, At safepoint: 2137509 ns, Total: 2180909 ns
[779.576s][info ][safepoint      ] Safepoint "Cleanup", Time since last: 7000507898 ns, Reaching safepoint: 78800 ns, Cleanup: 40101 ns, At safepoint: 7500 ns, Total: 126401 ns
[788.525s][info ][gc,start       ] GC(70) Pause Young (Allocation Failure)
[788.527s][debug][gc,phases      ] GC(70) Scavenge 1.951ms
[788.527s][debug][gc,ref         ] GC(70) Skipped phase 1 of Reference Processing: no references
[788.527s][debug][gc,ref         ] GC(70) Skipped phase 2 of Reference Processing: no references
[788.527s][debug][gc,ref         ] GC(70) Skipped phase 3 of Reference Processing: no references
[788.527s][debug][gc,ref         ] GC(70) ReferenceProcessor::execute queues: 1, RefProcThreadModel::Single, marks_oops_alive: false
[788.527s][debug][gc,phases      ] GC(70) Reference Processing 0.121ms
[788.528s][debug][gc,phases      ] GC(70)   VM Weak                        Min:  0.0, Avg:  0.0, Max:  0.0, Diff:  0.0, Sum:  0.0, Workers: 4
[788.528s][debug][gc,phases      ] GC(70)     Dead                           Min: 0, Avg:  0.0, Max: 0, Diff: 0, Sum: 0, Workers: 4
[788.528s][debug][gc,phases      ] GC(70)     Total                          Min: 0, Avg: 172.8, Max: 691, Diff: 691, Sum: 691, Workers: 4
[788.528s][debug][gc,phases      ] GC(70)   ObjectSynchronizer Weak        Min:  0.0, Avg:  0.0, Max:  0.0, Diff:  0.0, Sum:  0.0, Workers: 4
[788.528s][debug][gc,phases      ] GC(70)     Dead                           Min: 0, Avg:  0.0, Max: 0, Diff: 0, Sum: 0, Workers: 4
[788.528s][debug][gc,phases      ] GC(70)     Total                          Min: 0, Avg:  1.0, Max: 4, Diff: 4, Sum: 4, Workers: 4
[788.528s][debug][gc,phases      ] GC(70)   JVMTI Tag Weak OopStorage      Min:  0.0, Avg:  0.0, Max:  0.0, Diff:  0.0, Sum:  0.0, Workers: 4
[788.528s][debug][gc,phases      ] GC(70)     Dead                           Min: 0, Avg:  0.0, Max: 0, Diff: 0, Sum: 0, Workers: 4
[788.528s][debug][gc,phases      ] GC(70)     Total                          Min: 0, Avg:  0.0, Max: 0, Diff: 0, Sum: 0, Workers: 4
[788.528s][debug][gc,phases      ] GC(70)   StringTable Weak               Min:  0.0, Avg:  0.1, Max:  0.2, Diff:  0.2, Sum:  0.4, Workers: 4
[788.528s][debug][gc,phases      ] GC(70)     Dead                           Min: 0, Avg:  0.0, Max: 0, Diff: 0, Sum: 0, Workers: 4
[788.528s][debug][gc,phases      ] GC(70)     Total                          Min: 0, Avg: 10682.0, Max: 21376, Diff: 21376, Sum: 42728, Workers: 4
[788.528s][debug][gc,phases      ] GC(70)   ResolvedMethodTable Weak       Min:  0.0, Avg:  0.0, Max:  0.0, Diff:  0.0, Sum:  0.1, Workers: 4
[788.528s][debug][gc,phases      ] GC(70)     Dead                           Min: 0, Avg:  0.0, Max: 0, Diff: 0, Sum: 0, Workers: 4
[788.528s][debug][gc,phases      ] GC(70)     Total                          Min: 0, Avg: 2276.2, Max: 4574, Diff: 4574, Sum: 9105, Workers: 4
[788.528s][debug][gc,phases      ] GC(70)   JNI Weak                       Min:  0.0, Avg:  0.0, Max:  0.0, Diff:  0.0, Sum:  0.0, Workers: 4
[788.528s][debug][gc,phases      ] GC(70)     Dead                           Min: 0, Avg:  0.0, Max: 0, Diff: 0, Sum: 0, Workers: 4
[788.528s][debug][gc,phases      ] GC(70)     Total                          Min: 0, Avg: 11.2, Max: 45, Diff: 45, Sum: 45, Workers: 4
[788.528s][debug][gc,phases      ] GC(70)   StringDedup Table Weak         Min:  0.0, Avg:  0.0, Max:  0.0, Diff:  0.0, Sum:  0.0, Workers: 4
[788.528s][debug][gc,phases      ] GC(70)     Dead                           Min: 0, Avg:  0.0, Max: 0, Diff: 0, Sum: 0, Workers: 4
[788.528s][debug][gc,phases      ] GC(70)     Total                          Min: 0, Avg:  0.0, Max: 0, Diff: 0, Sum: 0, Workers: 4
[788.528s][debug][gc,phases      ] GC(70)   StringDedup Requests0 Weak     Min:  0.0, Avg:  0.0, Max:  0.0, Diff:  0.0, Sum:  0.0, Workers: 4
[788.528s][debug][gc,phases      ] GC(70)     Dead                           Min: 0, Avg:  0.0, Max: 0, Diff: 0, Sum: 0, Workers: 4
[788.528s][debug][gc,phases      ] GC(70)     Total                          Min: 0, Avg:  0.0, Max: 0, Diff: 0, Sum: 0, Workers: 4
[788.528s][debug][gc,phases      ] GC(70)   StringDedup Requests1 Weak     Min:  0.0, Avg:  0.0, Max:  0.0, Diff:  0.0, Sum:  0.0, Workers: 4
[788.528s][debug][gc,phases      ] GC(70)     Dead                           Min: 0, Avg:  0.0, Max: 0, Diff: 0, Sum: 0, Workers: 4
[788.528s][debug][gc,phases      ] GC(70)     Total                          Min: 0, Avg:  0.0, Max: 0, Diff: 0, Sum: 0, Workers: 4
[788.528s][debug][gc,phases      ] GC(70)   Weak JFR Old Object Samples    Min:  0.0, Avg:  0.0, Max:  0.0, Diff:  0.0, Sum:  0.0, Workers: 4
[788.528s][debug][gc,phases      ] GC(70)     Dead                           Min: 0, Avg:  0.0, Max: 0, Diff: 0, Sum: 0, Workers: 4
[788.528s][debug][gc,phases      ] GC(70)     Total                          Min: 0, Avg:  0.0, Max: 0, Diff: 0, Sum: 0, Workers: 4
[788.528s][debug][gc,phases      ] GC(70) Weak Processing 0.506ms
[788.528s][debug][gc,age         ] GC(70) Desired survivor size 25690112 bytes, new threshold 15 (max threshold 15)
[788.528s][info ][gc,heap        ] GC(70) PSYoungGen: 2040928K(2070016K)->128K(2067968K) Eden: 2040832K(2040832K)->0K(2040832K) From: 96K(29184K)->128K(27136K)
[788.528s][info ][gc,heap        ] GC(70) ParOldGen: 235390K(324096K)->235398K(324096K)
[788.528s][info ][gc,metaspace   ] GC(70) Metaspace: 79978K(80832K)->79978K(80832K) NonClass: 68270K(68736K)->68270K(68736K) Class: 11707K(12096K)->11707K(12096K)
[788.528s][info ][gc             ] GC(70) Pause Young (Allocation Failure) 2222M->230M(2336M) 2.702ms
[788.528s][info ][gc,cpu         ] GC(70) User=0.01s Sys=0.00s Real=0.00s
[788.528s][info ][safepoint      ] Safepoint "ParallelGCFailedAllocation", Time since last: 8949287964 ns, Reaching safepoint: 6700 ns, Cleanup: 53501 ns, At safepoint: 2786412 ns, Total: 2846613 ns
[804.524s][info ][gc,start       ] GC(71) Pause Young (Allocation Failure)
[804.525s][debug][gc,phases      ] GC(71) Scavenge 1.518ms
[804.525s][debug][gc,ref         ] GC(71) Skipped phase 1 of Reference Processing: no references
[804.525s][debug][gc,ref         ] GC(71) Skipped phase 2 of Reference Processing: no references
[804.525s][debug][gc,ref         ] GC(71) Skipped phase 3 of Reference Processing: no references
[804.525s][debug][gc,ref         ] GC(71) Skipped phase 4 of Reference Processing: no references
[804.525s][debug][gc,phases      ] GC(71) Reference Processing 0.020ms
[804.525s][debug][gc,phases      ] GC(71)   VM Weak                        Min:  0.0, Avg:  0.0, Max:  0.0, Diff:  0.0, Sum:  0.0, Workers: 4
[804.525s][debug][gc,phases      ] GC(71)     Dead                           Min: 0, Avg:  0.0, Max: 0, Diff: 0, Sum: 0, Workers: 4
[804.525s][debug][gc,phases      ] GC(71)     Total                          Min: 0, Avg: 172.8, Max: 320, Diff: 320, Sum: 691, Workers: 4
[804.525s][debug][gc,phases      ] GC(71)   ObjectSynchronizer Weak        Min:  0.0, Avg:  0.0, Max:  0.0, Diff:  0.0, Sum:  0.0, Workers: 4
[804.526s][debug][gc,phases      ] GC(71)     Dead                           Min: 0, Avg:  0.0, Max: 0, Diff: 0, Sum: 0, Workers: 4
[804.526s][debug][gc,phases      ] GC(71)     Total                          Min: 0, Avg:  1.0, Max: 4, Diff: 4, Sum: 4, Workers: 4
[804.526s][debug][gc,phases      ] GC(71)   JVMTI Tag Weak OopStorage      Min:  0.0, Avg:  0.0, Max:  0.0, Diff:  0.0, Sum:  0.0, Workers: 4
[804.526s][debug][gc,phases      ] GC(71)     Dead                           Min: 0, Avg:  0.0, Max: 0, Diff: 0, Sum: 0, Workers: 4
[804.526s][debug][gc,phases      ] GC(71)     Total                          Min: 0, Avg:  0.0, Max: 0, Diff: 0, Sum: 0, Workers: 4
[804.526s][debug][gc,phases      ] GC(71)   StringTable Weak               Min:  0.0, Avg:  0.1, Max:  0.1, Diff:  0.1, Sum:  0.4, Workers: 4
[804.526s][debug][gc,phases      ] GC(71)     Dead                           Min: 0, Avg:  0.0, Max: 0, Diff: 0, Sum: 0, Workers: 4
[804.526s][debug][gc,phases      ] GC(71)     Total                          Min: 0, Avg: 10682.0, Max: 17536, Diff: 17536, Sum: 42728, Workers: 4
[804.526s][debug][gc,phases      ] GC(71)   ResolvedMethodTable Weak       Min:  0.0, Avg:  0.0, Max:  0.0, Diff:  0.0, Sum:  0.1, Workers: 4
[804.526s][debug][gc,phases      ] GC(71)     Dead                           Min: 0, Avg:  0.0, Max: 0, Diff: 0, Sum: 0, Workers: 4
[804.526s][debug][gc,phases      ] GC(71)     Total                          Min: 0, Avg: 2276.2, Max: 4156, Diff: 4156, Sum: 9105, Workers: 4
[804.526s][debug][gc,phases      ] GC(71)   JNI Weak                       Min:  0.0, Avg:  0.0, Max:  0.0, Diff:  0.0, Sum:  0.0, Workers: 4
[804.526s][debug][gc,phases      ] GC(71)     Dead                           Min: 0, Avg:  0.0, Max: 0, Diff: 0, Sum: 0, Workers: 4
[804.526s][debug][gc,phases      ] GC(71)     Total                          Min: 0, Avg: 11.2, Max: 45, Diff: 45, Sum: 45, Workers: 4
[804.526s][debug][gc,phases      ] GC(71)   StringDedup Table Weak         Min:  0.0, Avg:  0.0, Max:  0.0, Diff:  0.0, Sum:  0.0, Workers: 4
[804.526s][debug][gc,phases      ] GC(71)     Dead                           Min: 0, Avg:  0.0, Max: 0, Diff: 0, Sum: 0, Workers: 4
[804.526s][debug][gc,phases      ] GC(71)     Total                          Min: 0, Avg:  0.0, Max: 0, Diff: 0, Sum: 0, Workers: 4
[804.526s][debug][gc,phases      ] GC(71)   StringDedup Requests0 Weak     Min:  0.0, Avg:  0.0, Max:  0.0, Diff:  0.0, Sum:  0.0, Workers: 4
[804.526s][debug][gc,phases      ] GC(71)     Dead                           Min: 0, Avg:  0.0, Max: 0, Diff: 0, Sum: 0, Workers: 4
[804.526s][debug][gc,phases      ] GC(71)     Total                          Min: 0, Avg:  0.0, Max: 0, Diff: 0, Sum: 0, Workers: 4
[804.526s][debug][gc,phases      ] GC(71)   StringDedup Requests1 Weak     Min:  0.0, Avg:  0.0, Max:  0.0, Diff:  0.0, Sum:  0.0, Workers: 4
[804.526s][debug][gc,phases      ] GC(71)     Dead                           Min: 0, Avg:  0.0, Max: 0, Diff: 0, Sum: 0, Workers: 4
[804.526s][debug][gc,phases      ] GC(71)     Total                          Min: 0, Avg:  0.0, Max: 0, Diff: 0, Sum: 0, Workers: 4
[804.526s][debug][gc,phases      ] GC(71)   Weak JFR Old Object Samples    Min:  0.0, Avg:  0.0, Max:  0.0, Diff:  0.0, Sum:  0.0, Workers: 4
[804.526s][debug][gc,phases      ] GC(71)     Dead                           Min: 0, Avg:  0.0, Max: 0, Diff: 0, Sum: 0, Workers: 4
[804.526s][debug][gc,phases      ] GC(71)     Total                          Min: 0, Avg:  0.0, Max: 0, Diff: 0, Sum: 0, Workers: 4
[804.526s][debug][gc,phases      ] GC(71) Weak Processing 0.351ms
[804.526s][debug][gc,age         ] GC(71) Desired survivor size 23592960 bytes, new threshold 15 (max threshold 15)
[804.526s][info ][gc,heap        ] GC(71) PSYoungGen: 2040960K(2067968K)->256K(2074112K) Eden: 2040832K(2040832K)->0K(2049024K) From: 128K(27136K)->256K(25088K)
[804.526s][info ][gc,heap        ] GC(71) ParOldGen: 235398K(324096K)->235414K(324096K)
[804.526s][info ][gc,metaspace   ] GC(71) Metaspace: 79978K(80832K)->79978K(80832K) NonClass: 68270K(68736K)->68270K(68736K) Class: 11707K(12096K)->11707K(12096K)
[804.526s][info ][gc             ] GC(71) Pause Young (Allocation Failure) 2223M->230M(2342M) 1.974ms
[804.526s][info ][gc,cpu         ] GC(71) User=0.00s Sys=0.00s Real=0.00s
[804.526s][info ][safepoint      ] Safepoint "ParallelGCFailedAllocation", Time since last: 15995560840 ns, Reaching safepoint: 14800 ns, Cleanup: 27500 ns, At safepoint: 2054709 ns, Total: 2097009 ns
[820.574s][info ][gc,start       ] GC(72) Pause Young (Allocation Failure)
[820.576s][debug][gc,phases      ] GC(72) Scavenge 1.405ms
[820.576s][debug][gc,ref         ] GC(72) Skipped phase 1 of Reference Processing: no references
[820.576s][debug][gc,ref         ] GC(72) Skipped phase 2 of Reference Processing: no references
[820.576s][debug][gc,ref         ] GC(72) Skipped phase 3 of Reference Processing: no references
[820.576s][debug][gc,ref         ] GC(72) ReferenceProcessor::execute queues: 1, RefProcThreadModel::Single, marks_oops_alive: false
[820.576s][debug][gc,phases      ] GC(72) Reference Processing 0.100ms
[820.576s][debug][gc,phases      ] GC(72)   VM Weak                        Min:  0.0, Avg:  0.0, Max:  0.0, Diff:  0.0, Sum:  0.0, Workers: 4
[820.576s][debug][gc,phases      ] GC(72)     Dead                           Min: 0, Avg:  0.0, Max: 0, Diff: 0, Sum: 0, Workers: 4
[820.576s][debug][gc,phases      ] GC(72)     Total                          Min: 0, Avg: 172.8, Max: 627, Diff: 627, Sum: 691, Workers: 4
[820.576s][debug][gc,phases      ] GC(72)   ObjectSynchronizer Weak        Min:  0.0, Avg:  0.0, Max:  0.0, Diff:  0.0, Sum:  0.0, Workers: 4
[820.576s][debug][gc,phases      ] GC(72)     Dead                           Min: 0, Avg:  0.0, Max: 0, Diff: 0, Sum: 0, Workers: 4
[820.576s][debug][gc,phases      ] GC(72)     Total                          Min: 0, Avg:  1.0, Max: 4, Diff: 4, Sum: 4, Workers: 4
[820.576s][debug][gc,phases      ] GC(72)   JVMTI Tag Weak OopStorage      Min:  0.0, Avg:  0.0, Max:  0.0, Diff:  0.0, Sum:  0.0, Workers: 4
[820.576s][debug][gc,phases      ] GC(72)     Dead                           Min: 0, Avg:  0.0, Max: 0, Diff: 0, Sum: 0, Workers: 4
[820.576s][debug][gc,phases      ] GC(72)     Total                          Min: 0, Avg:  0.0, Max: 0, Diff: 0, Sum: 0, Workers: 4
[820.576s][debug][gc,phases      ] GC(72)   StringTable Weak               Min:  0.0, Avg:  0.1, Max:  0.1, Diff:  0.1, Sum:  0.4, Workers: 4
[820.576s][debug][gc,phases      ] GC(72)     Dead                           Min: 0, Avg:  0.0, Max: 0, Diff: 0, Sum: 0, Workers: 4
[820.576s][debug][gc,phases      ] GC(72)     Total                          Min: 0, Avg: 10682.0, Max: 18112, Diff: 18112, Sum: 42728, Workers: 4
[820.576s][debug][gc,phases      ] GC(72)   ResolvedMethodTable Weak       Min:  0.0, Avg:  0.0, Max:  0.0, Diff:  0.0, Sum:  0.1, Workers: 4
[820.576s][debug][gc,phases      ] GC(72)     Dead                           Min: 0, Avg:  0.0, Max: 0, Diff: 0, Sum: 0, Workers: 4
[820.576s][debug][gc,phases      ] GC(72)     Total                          Min: 0, Avg: 2276.2, Max: 3882, Diff: 3882, Sum: 9105, Workers: 4
[820.576s][debug][gc,phases      ] GC(72)   JNI Weak                       Min:  0.0, Avg:  0.0, Max:  0.0, Diff:  0.0, Sum:  0.0, Workers: 4
[820.576s][debug][gc,phases      ] GC(72)     Dead                           Min: 0, Avg:  0.0, Max: 0, Diff: 0, Sum: 0, Workers: 4
[820.576s][debug][gc,phases      ] GC(72)     Total                          Min: 0, Avg: 11.2, Max: 45, Diff: 45, Sum: 45, Workers: 4
[820.576s][debug][gc,phases      ] GC(72)   StringDedup Table Weak         Min:  0.0, Avg:  0.0, Max:  0.0, Diff:  0.0, Sum:  0.0, Workers: 4
[820.576s][debug][gc,phases      ] GC(72)     Dead                           Min: 0, Avg:  0.0, Max: 0, Diff: 0, Sum: 0, Workers: 4
[820.576s][debug][gc,phases      ] GC(72)     Total                          Min: 0, Avg:  0.0, Max: 0, Diff: 0, Sum: 0, Workers: 4
[820.576s][debug][gc,phases      ] GC(72)   StringDedup Requests0 Weak     Min:  0.0, Avg:  0.0, Max:  0.0, Diff:  0.0, Sum:  0.0, Workers: 4
[820.576s][debug][gc,phases      ] GC(72)     Dead                           Min: 0, Avg:  0.0, Max: 0, Diff: 0, Sum: 0, Workers: 4
[820.576s][debug][gc,phases      ] GC(72)     Total                          Min: 0, Avg:  0.0, Max: 0, Diff: 0, Sum: 0, Workers: 4
[820.576s][debug][gc,phases      ] GC(72)   StringDedup Requests1 Weak     Min:  0.0, Avg:  0.0, Max:  0.0, Diff:  0.0, Sum:  0.0, Workers: 4
[820.576s][debug][gc,phases      ] GC(72)     Dead                           Min: 0, Avg:  0.0, Max: 0, Diff: 0, Sum: 0, Workers: 4
[820.576s][debug][gc,phases      ] GC(72)     Total                          Min: 0, Avg:  0.0, Max: 0, Diff: 0, Sum: 0, Workers: 4
[820.576s][debug][gc,phases      ] GC(72)   Weak JFR Old Object Samples    Min:  0.0, Avg:  0.0, Max:  0.0, Diff:  0.0, Sum:  0.0, Workers: 4
[820.576s][debug][gc,phases      ] GC(72)     Dead                           Min: 0, Avg:  0.0, Max: 0, Diff: 0, Sum: 0, Workers: 4
[820.576s][debug][gc,phases      ] GC(72)     Total                          Min: 0, Avg:  0.0, Max: 0, Diff: 0, Sum: 0, Workers: 4
[820.576s][debug][gc,phases      ] GC(72) Weak Processing 0.343ms
[820.576s][debug][gc,age         ] GC(72) Desired survivor size 21495808 bytes, new threshold 15 (max threshold 15)
[820.576s][info ][gc,heap        ] GC(72) PSYoungGen: 2049280K(2074112K)->128K(2072064K) Eden: 2049024K(2049024K)->0K(2049024K) From: 256K(25088K)->128K(23040K)
[820.576s][info ][gc,heap        ] GC(72) ParOldGen: 235414K(324096K)->235414K(324096K)
[820.576s][info ][gc,metaspace   ] GC(72) Metaspace: 79983K(80832K)->79983K(80832K) NonClass: 68275K(68736K)->68275K(68736K) Class: 11707K(12096K)->11707K(12096K)
[820.576s][info ][gc             ] GC(72) Pause Young (Allocation Failure) 2231M->230M(2340M) 1.946ms
[820.576s][info ][gc,cpu         ] GC(72) User=0.01s Sys=0.00s Real=0.00s
[820.576s][info ][safepoint      ] Safepoint "ParallelGCFailedAllocation", Time since last: 16048542578 ns, Reaching safepoint: 5000 ns, Cleanup: 38200 ns, At safepoint: 2005609 ns, Total: 2048809 ns
[836.624s][info ][gc,start       ] GC(73) Pause Young (Allocation Failure)
[836.625s][debug][gc,phases      ] GC(73) Scavenge 1.683ms
[836.625s][debug][gc,ref         ] GC(73) Skipped phase 1 of Reference Processing: no references
[836.625s][debug][gc,ref         ] GC(73) Skipped phase 2 of Reference Processing: no references
[836.625s][debug][gc,ref         ] GC(73) Skipped phase 3 of Reference Processing: no references
[836.625s][debug][gc,ref         ] GC(73) ReferenceProcessor::execute queues: 1, RefProcThreadModel::Single, marks_oops_alive: false
[836.625s][debug][gc,phases      ] GC(73) Reference Processing 0.085ms
[836.626s][debug][gc,phases      ] GC(73)   VM Weak                        Min:  0.0, Avg:  0.0, Max:  0.0, Diff:  0.0, Sum:  0.0, Workers: 4
[836.626s][debug][gc,phases      ] GC(73)     Dead                           Min: 0, Avg:  0.0, Max: 0, Diff: 0, Sum: 0, Workers: 4
[836.626s][debug][gc,phases      ] GC(73)     Total                          Min: 0, Avg: 172.8, Max: 691, Diff: 691, Sum: 691, Workers: 4
[836.626s][debug][gc,phases      ] GC(73)   ObjectSynchronizer Weak        Min:  0.0, Avg:  0.0, Max:  0.0, Diff:  0.0, Sum:  0.0, Workers: 4
[836.626s][debug][gc,phases      ] GC(73)     Dead                           Min: 0, Avg:  0.0, Max: 0, Diff: 0, Sum: 0, Workers: 4
[836.626s][debug][gc,phases      ] GC(73)     Total                          Min: 0, Avg:  1.0, Max: 4, Diff: 4, Sum: 4, Workers: 4
[836.626s][debug][gc,phases      ] GC(73)   JVMTI Tag Weak OopStorage      Min:  0.0, Avg:  0.0, Max:  0.0, Diff:  0.0, Sum:  0.0, Workers: 4
[836.626s][debug][gc,phases      ] GC(73)     Dead                           Min: 0, Avg:  0.0, Max: 0, Diff: 0, Sum: 0, Workers: 4
[836.626s][debug][gc,phases      ] GC(73)     Total                          Min: 0, Avg:  0.0, Max: 0, Diff: 0, Sum: 0, Workers: 4
[836.626s][debug][gc,phases      ] GC(73)   StringTable Weak               Min:  0.0, Avg:  0.1, Max:  0.1, Diff:  0.1, Sum:  0.4, Workers: 4
[836.626s][debug][gc,phases      ] GC(73)     Dead                           Min: 0, Avg:  0.0, Max: 0, Diff: 0, Sum: 0, Workers: 4
[836.626s][debug][gc,phases      ] GC(73)     Total                          Min: 0, Avg: 10682.0, Max: 18944, Diff: 18944, Sum: 42728, Workers: 4
[836.626s][debug][gc,phases      ] GC(73)   ResolvedMethodTable Weak       Min:  0.0, Avg:  0.0, Max:  0.0, Diff:  0.0, Sum:  0.1, Workers: 4
[836.626s][debug][gc,phases      ] GC(73)     Dead                           Min: 0, Avg:  0.0, Max: 0, Diff: 0, Sum: 0, Workers: 4
[836.626s][debug][gc,phases      ] GC(73)     Total                          Min: 0, Avg: 2276.2, Max: 3822, Diff: 3822, Sum: 9105, Workers: 4
[836.626s][debug][gc,phases      ] GC(73)   JNI Weak                       Min:  0.0, Avg:  0.0, Max:  0.0, Diff:  0.0, Sum:  0.0, Workers: 4
[836.626s][debug][gc,phases      ] GC(73)     Dead                           Min: 0, Avg:  0.0, Max: 0, Diff: 0, Sum: 0, Workers: 4
[836.626s][debug][gc,phases      ] GC(73)     Total                          Min: 0, Avg: 11.2, Max: 45, Diff: 45, Sum: 45, Workers: 4
[836.626s][debug][gc,phases      ] GC(73)   StringDedup Table Weak         Min:  0.0, Avg:  0.0, Max:  0.0, Diff:  0.0, Sum:  0.0, Workers: 4
[836.626s][debug][gc,phases      ] GC(73)     Dead                           Min: 0, Avg:  0.0, Max: 0, Diff: 0, Sum: 0, Workers: 4
[836.626s][debug][gc,phases      ] GC(73)     Total                          Min: 0, Avg:  0.0, Max: 0, Diff: 0, Sum: 0, Workers: 4
[836.626s][debug][gc,phases      ] GC(73)   StringDedup Requests0 Weak     Min:  0.0, Avg:  0.0, Max:  0.0, Diff:  0.0, Sum:  0.0, Workers: 4
[836.626s][debug][gc,phases      ] GC(73)     Dead                           Min: 0, Avg:  0.0, Max: 0, Diff: 0, Sum: 0, Workers: 4
[836.626s][debug][gc,phases      ] GC(73)     Total                          Min: 0, Avg:  0.0, Max: 0, Diff: 0, Sum: 0, Workers: 4
[836.626s][debug][gc,phases      ] GC(73)   StringDedup Requests1 Weak     Min:  0.0, Avg:  0.0, Max:  0.0, Diff:  0.0, Sum:  0.0, Workers: 4
[836.626s][debug][gc,phases      ] GC(73)     Dead                           Min: 0, Avg:  0.0, Max: 0, Diff: 0, Sum: 0, Workers: 4
[836.626s][debug][gc,phases      ] GC(73)     Total                          Min: 0, Avg:  0.0, Max: 0, Diff: 0, Sum: 0, Workers: 4
[836.626s][debug][gc,phases      ] GC(73)   Weak JFR Old Object Samples    Min:  0.0, Avg:  0.0, Max:  0.0, Diff:  0.0, Sum:  0.0, Workers: 4
[836.626s][debug][gc,phases      ] GC(73)     Dead                           Min: 0, Avg:  0.0, Max: 0, Diff: 0, Sum: 0, Workers: 4
[836.626s][debug][gc,phases      ] GC(73)     Total                          Min: 0, Avg:  0.0, Max: 0, Diff: 0, Sum: 0, Workers: 4
[836.626s][debug][gc,phases      ] GC(73) Weak Processing 0.380ms
[836.626s][debug][gc,age         ] GC(73) Desired survivor size 19922944 bytes, new threshold 15 (max threshold 15)
[836.626s][info ][gc,heap        ] GC(73) PSYoungGen: 2049152K(2072064K)->256K(2077696K) Eden: 2049024K(2049024K)->0K(2056704K) From: 128K(23040K)->256K(20992K)
[836.626s][info ][gc,heap        ] GC(73) ParOldGen: 235414K(324096K)->235422K(324096K)
[836.626s][info ][gc,metaspace   ] GC(73) Metaspace: 79984K(80832K)->79984K(80832K) NonClass: 68276K(68736K)->68276K(68736K) Class: 11707K(12096K)->11707K(12096K)
[836.626s][info ][gc             ] GC(73) Pause Young (Allocation Failure) 2231M->230M(2345M) 2.245ms
[836.626s][info ][gc,cpu         ] GC(73) User=0.00s Sys=0.00s Real=0.00s
[836.626s][info ][safepoint      ] Safepoint "ParallelGCFailedAllocation", Time since last: 16047261147 ns, Reaching safepoint: 5000 ns, Cleanup: 38700 ns, At safepoint: 2303210 ns, Total: 2346910 ns
[852.724s][info ][gc,start       ] GC(74) Pause Young (Allocation Failure)
[852.725s][debug][gc,phases      ] GC(74) Scavenge 1.452ms
[852.725s][debug][gc,ref         ] GC(74) Skipped phase 1 of Reference Processing: no references
[852.725s][debug][gc,ref         ] GC(74) Skipped phase 2 of Reference Processing: no references
[852.725s][debug][gc,ref         ] GC(74) Skipped phase 3 of Reference Processing: no references
[852.725s][debug][gc,ref         ] GC(74) ReferenceProcessor::execute queues: 1, RefProcThreadModel::Single, marks_oops_alive: false
[852.725s][debug][gc,phases      ] GC(74) Reference Processing 0.085ms
[852.725s][debug][gc,phases      ] GC(74)   VM Weak                        Min:  0.0, Avg:  0.0, Max:  0.0, Diff:  0.0, Sum:  0.0, Workers: 4
[852.725s][debug][gc,phases      ] GC(74)     Dead                           Min: 0, Avg:  0.0, Max: 0, Diff: 0, Sum: 0, Workers: 4
[852.725s][debug][gc,phases      ] GC(74)     Total                          Min: 0, Avg: 172.8, Max: 320, Diff: 320, Sum: 691, Workers: 4
[852.725s][debug][gc,phases      ] GC(74)   ObjectSynchronizer Weak        Min:  0.0, Avg:  0.0, Max:  0.0, Diff:  0.0, Sum:  0.0, Workers: 4
[852.725s][debug][gc,phases      ] GC(74)     Dead                           Min: 0, Avg:  0.0, Max: 0, Diff: 0, Sum: 0, Workers: 4
[852.725s][debug][gc,phases      ] GC(74)     Total                          Min: 0, Avg:  1.0, Max: 4, Diff: 4, Sum: 4, Workers: 4
[852.725s][debug][gc,phases      ] GC(74)   JVMTI Tag Weak OopStorage      Min:  0.0, Avg:  0.0, Max:  0.0, Diff:  0.0, Sum:  0.0, Workers: 4
[852.726s][debug][gc,phases      ] GC(74)     Dead                           Min: 0, Avg:  0.0, Max: 0, Diff: 0, Sum: 0, Workers: 4
[852.726s][debug][gc,phases      ] GC(74)     Total                          Min: 0, Avg:  0.0, Max: 0, Diff: 0, Sum: 0, Workers: 4
[852.726s][debug][gc,phases      ] GC(74)   StringTable Weak               Min:  0.0, Avg:  0.1, Max:  0.1, Diff:  0.1, Sum:  0.4, Workers: 4
[852.726s][debug][gc,phases      ] GC(74)     Dead                           Min: 0, Avg:  0.0, Max: 0, Diff: 0, Sum: 0, Workers: 4
[852.726s][debug][gc,phases      ] GC(74)     Total                          Min: 0, Avg: 10682.0, Max: 18728, Diff: 18728, Sum: 42728, Workers: 4
[852.726s][debug][gc,phases      ] GC(74)   ResolvedMethodTable Weak       Min:  0.0, Avg:  0.0, Max:  0.0, Diff:  0.0, Sum:  0.1, Workers: 4
[852.726s][debug][gc,phases      ] GC(74)     Dead                           Min: 0, Avg:  0.0, Max: 0, Diff: 0, Sum: 0, Workers: 4
[852.726s][debug][gc,phases      ] GC(74)     Total                          Min: 0, Avg: 2276.2, Max: 3659, Diff: 3659, Sum: 9105, Workers: 4
[852.726s][debug][gc,phases      ] GC(74)   JNI Weak                       Min:  0.0, Avg:  0.0, Max:  0.0, Diff:  0.0, Sum:  0.0, Workers: 4
[852.726s][debug][gc,phases      ] GC(74)     Dead                           Min: 0, Avg:  0.0, Max: 0, Diff: 0, Sum: 0, Workers: 4
[852.726s][debug][gc,phases      ] GC(74)     Total                          Min: 0, Avg: 11.2, Max: 45, Diff: 45, Sum: 45, Workers: 4
[852.726s][debug][gc,phases      ] GC(74)   StringDedup Table Weak         Min:  0.0, Avg:  0.0, Max:  0.0, Diff:  0.0, Sum:  0.0, Workers: 4
[852.726s][debug][gc,phases      ] GC(74)     Dead                           Min: 0, Avg:  0.0, Max: 0, Diff: 0, Sum: 0, Workers: 4
[852.726s][debug][gc,phases      ] GC(74)     Total                          Min: 0, Avg:  0.0, Max: 0, Diff: 0, Sum: 0, Workers: 4
[852.726s][debug][gc,phases      ] GC(74)   StringDedup Requests0 Weak     Min:  0.0, Avg:  0.0, Max:  0.0, Diff:  0.0, Sum:  0.0, Workers: 4
[852.726s][debug][gc,phases      ] GC(74)     Dead                           Min: 0, Avg:  0.0, Max: 0, Diff: 0, Sum: 0, Workers: 4
[852.726s][debug][gc,phases      ] GC(74)     Total                          Min: 0, Avg:  0.0, Max: 0, Diff: 0, Sum: 0, Workers: 4
[852.726s][debug][gc,phases      ] GC(74)   StringDedup Requests1 Weak     Min:  0.0, Avg:  0.0, Max:  0.0, Diff:  0.0, Sum:  0.0, Workers: 4
[852.726s][debug][gc,phases      ] GC(74)     Dead                           Min: 0, Avg:  0.0, Max: 0, Diff: 0, Sum: 0, Workers: 4
[852.726s][debug][gc,phases      ] GC(74)     Total                          Min: 0, Avg:  0.0, Max: 0, Diff: 0, Sum: 0, Workers: 4
[852.726s][debug][gc,phases      ] GC(74)   Weak JFR Old Object Samples    Min:  0.0, Avg:  0.0, Max:  0.0, Diff:  0.0, Sum:  0.0, Workers: 4
[852.726s][debug][gc,phases      ] GC(74)     Dead                           Min: 0, Avg:  0.0, Max: 0, Diff: 0, Sum: 0, Workers: 4
[852.726s][debug][gc,phases      ] GC(74)     Total                          Min: 0, Avg:  0.0, Max: 0, Diff: 0, Sum: 0, Workers: 4
[852.726s][debug][gc,phases      ] GC(74) Weak Processing 0.331ms
[852.726s][debug][gc,age         ] GC(74) Desired survivor size 18350080 bytes, new threshold 15 (max threshold 15)
[852.726s][info ][gc,heap        ] GC(74) PSYoungGen: 2056960K(2077696K)->128K(2076160K) Eden: 2056704K(2056704K)->0K(2056704K) From: 256K(20992K)->128K(19456K)
[852.726s][info ][gc,heap        ] GC(74) ParOldGen: 235422K(324096K)->235438K(324096K)
[852.726s][info ][gc,metaspace   ] GC(74) Metaspace: 79985K(80832K)->79985K(80832K) NonClass: 68277K(68736K)->68277K(68736K) Class: 11707K(12096K)->11707K(12096K)
[852.726s][info ][gc             ] GC(74) Pause Young (Allocation Failure) 2238M->230M(2344M) 1.957ms
[852.726s][info ][gc,cpu         ] GC(74) User=0.00s Sys=0.00s Real=0.00s
[852.726s][info ][safepoint      ] Safepoint "ParallelGCFailedAllocation", Time since last: 16097714051 ns, Reaching safepoint: 4200 ns, Cleanup: 35701 ns, At safepoint: 2034908 ns, Total: 2074809 ns
[868.775s][info ][gc,start       ] GC(75) Pause Young (Allocation Failure)
[868.777s][debug][gc,phases      ] GC(75) Scavenge 1.499ms
[868.777s][debug][gc,ref         ] GC(75) Skipped phase 1 of Reference Processing: no references
[868.777s][debug][gc,ref         ] GC(75) Skipped phase 2 of Reference Processing: no references
[868.777s][debug][gc,ref         ] GC(75) Skipped phase 3 of Reference Processing: no references
[868.777s][debug][gc,ref         ] GC(75) ReferenceProcessor::execute queues: 1, RefProcThreadModel::Single, marks_oops_alive: false
[868.777s][debug][gc,phases      ] GC(75) Reference Processing 0.088ms
[868.777s][debug][gc,phases      ] GC(75)   VM Weak                        Min:  0.0, Avg:  0.0, Max:  0.0, Diff:  0.0, Sum:  0.0, Workers: 4
[868.777s][debug][gc,phases      ] GC(75)     Dead                           Min: 0, Avg:  0.0, Max: 0, Diff: 0, Sum: 0, Workers: 4
[868.777s][debug][gc,phases      ] GC(75)     Total                          Min: 0, Avg: 172.8, Max: 691, Diff: 691, Sum: 691, Workers: 4
[868.777s][debug][gc,phases      ] GC(75)   ObjectSynchronizer Weak        Min:  0.0, Avg:  0.0, Max:  0.0, Diff:  0.0, Sum:  0.0, Workers: 4
[868.777s][debug][gc,phases      ] GC(75)     Dead                           Min: 0, Avg:  0.0, Max: 0, Diff: 0, Sum: 0, Workers: 4
[868.777s][debug][gc,phases      ] GC(75)     Total                          Min: 0, Avg:  1.0, Max: 4, Diff: 4, Sum: 4, Workers: 4
[868.777s][debug][gc,phases      ] GC(75)   JVMTI Tag Weak OopStorage      Min:  0.0, Avg:  0.0, Max:  0.0, Diff:  0.0, Sum:  0.0, Workers: 4
[868.777s][debug][gc,phases      ] GC(75)     Dead                           Min: 0, Avg:  0.0, Max: 0, Diff: 0, Sum: 0, Workers: 4
[868.777s][debug][gc,phases      ] GC(75)     Total                          Min: 0, Avg:  0.0, Max: 0, Diff: 0, Sum: 0, Workers: 4
[868.777s][debug][gc,phases      ] GC(75)   StringTable Weak               Min:  0.0, Avg:  0.1, Max:  0.1, Diff:  0.1, Sum:  0.4, Workers: 4
[868.777s][debug][gc,phases      ] GC(75)     Dead                           Min: 0, Avg:  0.0, Max: 0, Diff: 0, Sum: 0, Workers: 4
[868.777s][debug][gc,phases      ] GC(75)     Total                          Min: 0, Avg: 10682.0, Max: 17256, Diff: 17256, Sum: 42728, Workers: 4
[868.777s][debug][gc,phases      ] GC(75)   ResolvedMethodTable Weak       Min:  0.0, Avg:  0.0, Max:  0.0, Diff:  0.0, Sum:  0.1, Workers: 4
[868.777s][debug][gc,phases      ] GC(75)     Dead                           Min: 0, Avg:  0.0, Max: 0, Diff: 0, Sum: 0, Workers: 4
[868.777s][debug][gc,phases      ] GC(75)     Total                          Min: 0, Avg: 2276.2, Max: 3556, Diff: 3556, Sum: 9105, Workers: 4
[868.777s][debug][gc,phases      ] GC(75)   JNI Weak                       Min:  0.0, Avg:  0.0, Max:  0.0, Diff:  0.0, Sum:  0.0, Workers: 4
[868.777s][debug][gc,phases      ] GC(75)     Dead                           Min: 0, Avg:  0.0, Max: 0, Diff: 0, Sum: 0, Workers: 4
[868.777s][debug][gc,phases      ] GC(75)     Total                          Min: 0, Avg: 11.2, Max: 45, Diff: 45, Sum: 45, Workers: 4
[868.777s][debug][gc,phases      ] GC(75)   StringDedup Table Weak         Min:  0.0, Avg:  0.0, Max:  0.0, Diff:  0.0, Sum:  0.0, Workers: 4
[868.777s][debug][gc,phases      ] GC(75)     Dead                           Min: 0, Avg:  0.0, Max: 0, Diff: 0, Sum: 0, Workers: 4
[868.777s][debug][gc,phases      ] GC(75)     Total                          Min: 0, Avg:  0.0, Max: 0, Diff: 0, Sum: 0, Workers: 4
[868.777s][debug][gc,phases      ] GC(75)   StringDedup Requests0 Weak     Min:  0.0, Avg:  0.0, Max:  0.0, Diff:  0.0, Sum:  0.0, Workers: 4
[868.777s][debug][gc,phases      ] GC(75)     Dead                           Min: 0, Avg:  0.0, Max: 0, Diff: 0, Sum: 0, Workers: 4
[868.777s][debug][gc,phases      ] GC(75)     Total                          Min: 0, Avg:  0.0, Max: 0, Diff: 0, Sum: 0, Workers: 4
[868.777s][debug][gc,phases      ] GC(75)   StringDedup Requests1 Weak     Min:  0.0, Avg:  0.0, Max:  0.0, Diff:  0.0, Sum:  0.0, Workers: 4
[868.777s][debug][gc,phases      ] GC(75)     Dead                           Min: 0, Avg:  0.0, Max: 0, Diff: 0, Sum: 0, Workers: 4
[868.777s][debug][gc,phases      ] GC(75)     Total                          Min: 0, Avg:  0.0, Max: 0, Diff: 0, Sum: 0, Workers: 4
[868.777s][debug][gc,phases      ] GC(75)   Weak JFR Old Object Samples    Min:  0.0, Avg:  0.0, Max:  0.0, Diff:  0.0, Sum:  0.0, Workers: 4
[868.777s][debug][gc,phases      ] GC(75)     Dead                           Min: 0, Avg:  0.0, Max: 0, Diff: 0, Sum: 0, Workers: 4
[868.777s][debug][gc,phases      ] GC(75)     Total                          Min: 0, Avg:  0.0, Max: 0, Diff: 0, Sum: 0, Workers: 4
[868.777s][debug][gc,phases      ] GC(75) Weak Processing 0.341ms
[868.777s][debug][gc,age         ] GC(75) Desired survivor size 16777216 bytes, new threshold 15 (max threshold 15)
[868.777s][info ][gc,heap        ] GC(75) PSYoungGen: 2056831K(2076160K)->128K(2080768K) Eden: 2056703K(2056704K)->0K(2062848K) From: 128K(19456K)->128K(17920K)
[868.777s][info ][gc,heap        ] GC(75) ParOldGen: 235438K(324096K)->235446K(324096K)
[868.777s][info ][gc,metaspace   ] GC(75) Metaspace: 79985K(80832K)->79985K(80832K) NonClass: 68277K(68736K)->68277K(68736K) Class: 11707K(12096K)->11707K(12096K)
[868.777s][info ][gc             ] GC(75) Pause Young (Allocation Failure) 2238M->230M(2348M) 2.026ms
[868.777s][info ][gc,cpu         ] GC(75) User=0.01s Sys=0.00s Real=0.00s
[868.777s][info ][safepoint      ] Safepoint "ParallelGCFailedAllocation", Time since last: 16049217423 ns, Reaching safepoint: 73400 ns, Cleanup: 25000 ns, At safepoint: 2092609 ns, Total: 2191009 ns
[884.925s][info ][gc,start       ] GC(76) Pause Young (Allocation Failure)
[884.927s][debug][gc,phases      ] GC(76) Scavenge 1.550ms
[884.927s][debug][gc,ref         ] GC(76) Skipped phase 1 of Reference Processing: no references
[884.927s][debug][gc,ref         ] GC(76) Skipped phase 2 of Reference Processing: no references
[884.927s][debug][gc,ref         ] GC(76) Skipped phase 3 of Reference Processing: no references
[884.927s][debug][gc,ref         ] GC(76) ReferenceProcessor::execute queues: 1, RefProcThreadModel::Single, marks_oops_alive: false
[884.927s][debug][gc,phases      ] GC(76) Reference Processing 0.091ms
[884.927s][debug][gc,phases      ] GC(76)   VM Weak                        Min:  0.0, Avg:  0.0, Max:  0.0, Diff:  0.0, Sum:  0.0, Workers: 4
[884.927s][debug][gc,phases      ] GC(76)     Dead                           Min: 0, Avg:  0.0, Max: 0, Diff: 0, Sum: 0, Workers: 4
[884.927s][debug][gc,phases      ] GC(76)     Total                          Min: 0, Avg: 172.8, Max: 691, Diff: 691, Sum: 691, Workers: 4
[884.927s][debug][gc,phases      ] GC(76)   ObjectSynchronizer Weak        Min:  0.0, Avg:  0.0, Max:  0.0, Diff:  0.0, Sum:  0.0, Workers: 4
[884.927s][debug][gc,phases      ] GC(76)     Dead                           Min: 0, Avg:  0.0, Max: 0, Diff: 0, Sum: 0, Workers: 4
[884.927s][debug][gc,phases      ] GC(76)     Total                          Min: 0, Avg:  1.0, Max: 4, Diff: 4, Sum: 4, Workers: 4
[884.927s][debug][gc,phases      ] GC(76)   JVMTI Tag Weak OopStorage      Min:  0.0, Avg:  0.0, Max:  0.0, Diff:  0.0, Sum:  0.0, Workers: 4
[884.927s][debug][gc,phases      ] GC(76)     Dead                           Min: 0, Avg:  0.0, Max: 0, Diff: 0, Sum: 0, Workers: 4
[884.927s][debug][gc,phases      ] GC(76)     Total                          Min: 0, Avg:  0.0, Max: 0, Diff: 0, Sum: 0, Workers: 4
[884.927s][debug][gc,phases      ] GC(76)   StringTable Weak               Min:  0.1, Avg:  0.1, Max:  0.1, Diff:  0.0, Sum:  0.4, Workers: 4
[884.927s][debug][gc,phases      ] GC(76)     Dead                           Min: 0, Avg:  0.0, Max: 0, Diff: 0, Sum: 0, Workers: 4
[884.927s][debug][gc,phases      ] GC(76)     Total                          Min: 10304, Avg: 10682.0, Max: 11112, Diff: 808, Sum: 42728, Workers: 4
[884.927s][debug][gc,phases      ] GC(76)   ResolvedMethodTable Weak       Min:  0.0, Avg:  0.0, Max:  0.0, Diff:  0.0, Sum:  0.1, Workers: 4
[884.927s][debug][gc,phases      ] GC(76)     Dead                           Min: 0, Avg:  0.0, Max: 0, Diff: 0, Sum: 0, Workers: 4
[884.927s][debug][gc,phases      ] GC(76)     Total                          Min: 1641, Avg: 2276.2, Max: 2573, Diff: 932, Sum: 9105, Workers: 4
[884.927s][debug][gc,phases      ] GC(76)   JNI Weak                       Min:  0.0, Avg:  0.0, Max:  0.0, Diff:  0.0, Sum:  0.0, Workers: 4
[884.927s][debug][gc,phases      ] GC(76)     Dead                           Min: 0, Avg:  0.0, Max: 0, Diff: 0, Sum: 0, Workers: 4
[884.927s][debug][gc,phases      ] GC(76)     Total                          Min: 0, Avg: 11.2, Max: 45, Diff: 45, Sum: 45, Workers: 4
[884.927s][debug][gc,phases      ] GC(76)   StringDedup Table Weak         Min:  0.0, Avg:  0.0, Max:  0.0, Diff:  0.0, Sum:  0.0, Workers: 4
[884.927s][debug][gc,phases      ] GC(76)     Dead                           Min: 0, Avg:  0.0, Max: 0, Diff: 0, Sum: 0, Workers: 4
[884.927s][debug][gc,phases      ] GC(76)     Total                          Min: 0, Avg:  0.0, Max: 0, Diff: 0, Sum: 0, Workers: 4
[884.927s][debug][gc,phases      ] GC(76)   StringDedup Requests0 Weak     Min:  0.0, Avg:  0.0, Max:  0.0, Diff:  0.0, Sum:  0.0, Workers: 4
[884.927s][debug][gc,phases      ] GC(76)     Dead                           Min: 0, Avg:  0.0, Max: 0, Diff: 0, Sum: 0, Workers: 4
[884.927s][debug][gc,phases      ] GC(76)     Total                          Min: 0, Avg:  0.0, Max: 0, Diff: 0, Sum: 0, Workers: 4
[884.927s][debug][gc,phases      ] GC(76)   StringDedup Requests1 Weak     Min:  0.0, Avg:  0.0, Max:  0.0, Diff:  0.0, Sum:  0.0, Workers: 4
[884.927s][debug][gc,phases      ] GC(76)     Dead                           Min: 0, Avg:  0.0, Max: 0, Diff: 0, Sum: 0, Workers: 4
[884.927s][debug][gc,phases      ] GC(76)     Total                          Min: 0, Avg:  0.0, Max: 0, Diff: 0, Sum: 0, Workers: 4
[884.927s][debug][gc,phases      ] GC(76)   Weak JFR Old Object Samples    Min:  0.0, Avg:  0.0, Max:  0.0, Diff:  0.0, Sum:  0.0, Workers: 4
[884.927s][debug][gc,phases      ] GC(76)     Dead                           Min: 0, Avg:  0.0, Max: 0, Diff: 0, Sum: 0, Workers: 4
[884.927s][debug][gc,phases      ] GC(76)     Total                          Min: 0, Avg:  0.0, Max: 0, Diff: 0, Sum: 0, Workers: 4
[884.927s][debug][gc,phases      ] GC(76) Weak Processing 0.319ms
[884.927s][debug][gc,age         ] GC(76) Desired survivor size 15204352 bytes, new threshold 15 (max threshold 15)
[884.927s][info ][gc,heap        ] GC(76) PSYoungGen: 2062976K(2080768K)->128K(2079232K) Eden: 2062848K(2062848K)->0K(2062848K) From: 128K(17920K)->128K(16384K)
[884.927s][info ][gc,heap        ] GC(76) ParOldGen: 235446K(324096K)->235454K(324096K)
[884.927s][info ][gc,metaspace   ] GC(76) Metaspace: 79985K(80832K)->79985K(80832K) NonClass: 68277K(68736K)->68277K(68736K) Class: 11707K(12096K)->11707K(12096K)
[884.927s][info ][gc             ] GC(76) Pause Young (Allocation Failure) 2244M->230M(2347M) 2.048ms
[884.927s][info ][gc,cpu         ] GC(76) User=0.01s Sys=0.00s Real=0.00s
[884.927s][info ][safepoint      ] Safepoint "ParallelGCFailedAllocation", Time since last: 16147903699 ns, Reaching safepoint: 4100 ns, Cleanup: 22600 ns, At safepoint: 2106509 ns, Total: 2133209 ns
[901.122s][info ][gc,start       ] GC(77) Pause Young (Allocation Failure)
[901.124s][debug][gc,phases      ] GC(77) Scavenge 1.572ms
[901.124s][debug][gc,ref         ] GC(77) Skipped phase 1 of Reference Processing: no references
[901.124s][debug][gc,ref         ] GC(77) Skipped phase 2 of Reference Processing: no references
[901.124s][debug][gc,ref         ] GC(77) Skipped phase 3 of Reference Processing: no references
[901.124s][debug][gc,ref         ] GC(77) Skipped phase 4 of Reference Processing: no references
[901.124s][debug][gc,phases      ] GC(77) Reference Processing 0.019ms
[901.124s][debug][gc,phases      ] GC(77)   VM Weak                        Min:  0.0, Avg:  0.0, Max:  0.0, Diff:  0.0, Sum:  0.0, Workers: 4
[901.124s][debug][gc,phases      ] GC(77)     Dead                           Min: 0, Avg:  0.0, Max: 0, Diff: 0, Sum: 0, Workers: 4
[901.124s][debug][gc,phases      ] GC(77)     Total                          Min: 0, Avg: 172.8, Max: 691, Diff: 691, Sum: 691, Workers: 4
[901.124s][debug][gc,phases      ] GC(77)   ObjectSynchronizer Weak        Min:  0.0, Avg:  0.0, Max:  0.0, Diff:  0.0, Sum:  0.0, Workers: 4
[901.124s][debug][gc,phases      ] GC(77)     Dead                           Min: 0, Avg:  0.0, Max: 0, Diff: 0, Sum: 0, Workers: 4
[901.124s][debug][gc,phases      ] GC(77)     Total                          Min: 0, Avg:  1.0, Max: 4, Diff: 4, Sum: 4, Workers: 4
[901.124s][debug][gc,phases      ] GC(77)   JVMTI Tag Weak OopStorage      Min:  0.0, Avg:  0.0, Max:  0.0, Diff:  0.0, Sum:  0.0, Workers: 4
[901.124s][debug][gc,phases      ] GC(77)     Dead                           Min: 0, Avg:  0.0, Max: 0, Diff: 0, Sum: 0, Workers: 4
[901.124s][debug][gc,phases      ] GC(77)     Total                          Min: 0, Avg:  0.0, Max: 0, Diff: 0, Sum: 0, Workers: 4
[901.124s][debug][gc,phases      ] GC(77)   StringTable Weak               Min:  0.0, Avg:  0.1, Max:  0.1, Diff:  0.1, Sum:  0.4, Workers: 4
[901.124s][debug][gc,phases      ] GC(77)     Dead                           Min: 0, Avg:  0.0, Max: 0, Diff: 0, Sum: 0, Workers: 4
[901.124s][debug][gc,phases      ] GC(77)     Total                          Min: 0, Avg: 10682.0, Max: 17192, Diff: 17192, Sum: 42728, Workers: 4
[901.124s][debug][gc,phases      ] GC(77)   ResolvedMethodTable Weak       Min:  0.0, Avg:  0.0, Max:  0.0, Diff:  0.0, Sum:  0.1, Workers: 4
[901.124s][debug][gc,phases      ] GC(77)     Dead                           Min: 0, Avg:  0.0, Max: 0, Diff: 0, Sum: 0, Workers: 4
[901.124s][debug][gc,phases      ] GC(77)     Total                          Min: 0, Avg: 2276.2, Max: 3777, Diff: 3777, Sum: 9105, Workers: 4
[901.124s][debug][gc,phases      ] GC(77)   JNI Weak                       Min:  0.0, Avg:  0.0, Max:  0.0, Diff:  0.0, Sum:  0.0, Workers: 4
[901.124s][debug][gc,phases      ] GC(77)     Dead                           Min: 0, Avg:  0.0, Max: 0, Diff: 0, Sum: 0, Workers: 4
[901.124s][debug][gc,phases      ] GC(77)     Total                          Min: 0, Avg: 11.2, Max: 45, Diff: 45, Sum: 45, Workers: 4
[901.124s][debug][gc,phases      ] GC(77)   StringDedup Table Weak         Min:  0.0, Avg:  0.0, Max:  0.0, Diff:  0.0, Sum:  0.0, Workers: 4
[901.124s][debug][gc,phases      ] GC(77)     Dead                           Min: 0, Avg:  0.0, Max: 0, Diff: 0, Sum: 0, Workers: 4
[901.124s][debug][gc,phases      ] GC(77)     Total                          Min: 0, Avg:  0.0, Max: 0, Diff: 0, Sum: 0, Workers: 4
[901.124s][debug][gc,phases      ] GC(77)   StringDedup Requests0 Weak     Min:  0.0, Avg:  0.0, Max:  0.0, Diff:  0.0, Sum:  0.0, Workers: 4
[901.124s][debug][gc,phases      ] GC(77)     Dead                           Min: 0, Avg:  0.0, Max: 0, Diff: 0, Sum: 0, Workers: 4
[901.124s][debug][gc,phases      ] GC(77)     Total                          Min: 0, Avg:  0.0, Max: 0, Diff: 0, Sum: 0, Workers: 4
[901.124s][debug][gc,phases      ] GC(77)   StringDedup Requests1 Weak     Min:  0.0, Avg:  0.0, Max:  0.0, Diff:  0.0, Sum:  0.0, Workers: 4
[901.124s][debug][gc,phases      ] GC(77)     Dead                           Min: 0, Avg:  0.0, Max: 0, Diff: 0, Sum: 0, Workers: 4
[901.124s][debug][gc,phases      ] GC(77)     Total                          Min: 0, Avg:  0.0, Max: 0, Diff: 0, Sum: 0, Workers: 4
[901.124s][debug][gc,phases      ] GC(77)   Weak JFR Old Object Samples    Min:  0.0, Avg:  0.0, Max:  0.0, Diff:  0.0, Sum:  0.0, Workers: 4
[901.124s][debug][gc,phases      ] GC(77)     Dead                           Min: 0, Avg:  0.0, Max: 0, Diff: 0, Sum: 0, Workers: 4
[901.124s][debug][gc,phases      ] GC(77)     Total                          Min: 0, Avg:  0.0, Max: 0, Diff: 0, Sum: 0, Workers: 4
[901.124s][debug][gc,phases      ] GC(77) Weak Processing 0.340ms
[901.124s][debug][gc,age         ] GC(77) Desired survivor size 14155776 bytes, new threshold 15 (max threshold 15)
[901.124s][info ][gc,heap        ] GC(77) PSYoungGen: 2062976K(2079232K)->160K(2083328K) Eden: 2062848K(2062848K)->0K(2068480K) From: 128K(16384K)->160K(14848K)
[901.124s][info ][gc,heap        ] GC(77) ParOldGen: 235454K(324096K)->235486K(324096K)
[901.124s][info ][gc,metaspace   ] GC(77) Metaspace: 79985K(80832K)->79985K(80832K) NonClass: 68277K(68736K)->68277K(68736K) Class: 11707K(12096K)->11707K(12096K)
[901.124s][info ][gc             ] GC(77) Pause Young (Allocation Failure) 2244M->230M(2351M) 2.027ms
[901.124s][info ][gc,cpu         ] GC(77) User=0.00s Sys=0.00s Real=0.00s
[901.124s][info ][safepoint      ] Safepoint "ParallelGCFailedAllocation", Time since last: 16194996213 ns, Reaching safepoint: 4900 ns, Cleanup: 42600 ns, At safepoint: 2093209 ns, Total: 2140709 ns
[911.125s][info ][safepoint      ] Safepoint "Cleanup", Time since last: 10000693586 ns, Reaching safepoint: 76000 ns, Cleanup: 35401 ns, At safepoint: 5500 ns, Total: 116901 ns
[913.125s][info ][safepoint      ] Safepoint "Cleanup", Time since last: 2000182524 ns, Reaching safepoint: 73900 ns, Cleanup: 83901 ns, At safepoint: 8100 ns, Total: 165901 ns
[917.126s][info ][safepoint      ] Safepoint "Cleanup", Time since last: 4000329910 ns, Reaching safepoint: 74900 ns, Cleanup: 53400 ns, At safepoint: 6501 ns, Total: 134801 ns
[917.175s][info ][gc,start       ] GC(78) Pause Young (Allocation Failure)
[917.177s][debug][gc,phases      ] GC(78) Scavenge 1.562ms
[917.177s][debug][gc,ref         ] GC(78) Skipped phase 1 of Reference Processing: no references
[917.177s][debug][gc,ref         ] GC(78) Skipped phase 2 of Reference Processing: no references
[917.177s][debug][gc,ref         ] GC(78) Skipped phase 3 of Reference Processing: no references
[917.177s][debug][gc,ref         ] GC(78) ReferenceProcessor::execute queues: 1, RefProcThreadModel::Single, marks_oops_alive: false
[917.177s][debug][gc,phases      ] GC(78) Reference Processing 0.097ms
[917.177s][debug][gc,phases      ] GC(78)   VM Weak                        Min:  0.0, Avg:  0.0, Max:  0.0, Diff:  0.0, Sum:  0.0, Workers: 4
[917.177s][debug][gc,phases      ] GC(78)     Dead                           Min: 0, Avg:  0.0, Max: 0, Diff: 0, Sum: 0, Workers: 4
[917.177s][debug][gc,phases      ] GC(78)     Total                          Min: 0, Avg: 172.8, Max: 640, Diff: 640, Sum: 691, Workers: 4
[917.177s][debug][gc,phases      ] GC(78)   ObjectSynchronizer Weak        Min:  0.0, Avg:  0.0, Max:  0.0, Diff:  0.0, Sum:  0.0, Workers: 4
[917.177s][debug][gc,phases      ] GC(78)     Dead                           Min: 0, Avg:  0.0, Max: 0, Diff: 0, Sum: 0, Workers: 4
[917.177s][debug][gc,phases      ] GC(78)     Total                          Min: 0, Avg:  1.0, Max: 4, Diff: 4, Sum: 4, Workers: 4
[917.177s][debug][gc,phases      ] GC(78)   JVMTI Tag Weak OopStorage      Min:  0.0, Avg:  0.0, Max:  0.0, Diff:  0.0, Sum:  0.0, Workers: 4
[917.177s][debug][gc,phases      ] GC(78)     Dead                           Min: 0, Avg:  0.0, Max: 0, Diff: 0, Sum: 0, Workers: 4
[917.177s][debug][gc,phases      ] GC(78)     Total                          Min: 0, Avg:  0.0, Max: 0, Diff: 0, Sum: 0, Workers: 4
[917.177s][debug][gc,phases      ] GC(78)   StringTable Weak               Min:  0.0, Avg:  0.1, Max:  0.1, Diff:  0.1, Sum:  0.4, Workers: 4
[917.177s][debug][gc,phases      ] GC(78)     Dead                           Min: 0, Avg:  0.0, Max: 0, Diff: 0, Sum: 0, Workers: 4
[917.177s][debug][gc,phases      ] GC(78)     Total                          Min: 0, Avg: 10686.2, Max: 19136, Diff: 19136, Sum: 42745, Workers: 4
[917.177s][debug][gc,phases      ] GC(78)   ResolvedMethodTable Weak       Min:  0.0, Avg:  0.0, Max:  0.0, Diff:  0.0, Sum:  0.1, Workers: 4
[917.177s][debug][gc,phases      ] GC(78)     Dead                           Min: 0, Avg:  0.0, Max: 0, Diff: 0, Sum: 0, Workers: 4
[917.177s][debug][gc,phases      ] GC(78)     Total                          Min: 0, Avg: 2276.2, Max: 3681, Diff: 3681, Sum: 9105, Workers: 4
[917.177s][debug][gc,phases      ] GC(78)   JNI Weak                       Min:  0.0, Avg:  0.0, Max:  0.0, Diff:  0.0, Sum:  0.0, Workers: 4
[917.177s][debug][gc,phases      ] GC(78)     Dead                           Min: 0, Avg:  0.0, Max: 0, Diff: 0, Sum: 0, Workers: 4
[917.177s][debug][gc,phases      ] GC(78)     Total                          Min: 0, Avg: 11.2, Max: 45, Diff: 45, Sum: 45, Workers: 4
[917.177s][debug][gc,phases      ] GC(78)   StringDedup Table Weak         Min:  0.0, Avg:  0.0, Max:  0.0, Diff:  0.0, Sum:  0.0, Workers: 4
[917.177s][debug][gc,phases      ] GC(78)     Dead                           Min: 0, Avg:  0.0, Max: 0, Diff: 0, Sum: 0, Workers: 4
[917.177s][debug][gc,phases      ] GC(78)     Total                          Min: 0, Avg:  0.0, Max: 0, Diff: 0, Sum: 0, Workers: 4
[917.177s][debug][gc,phases      ] GC(78)   StringDedup Requests0 Weak     Min:  0.0, Avg:  0.0, Max:  0.0, Diff:  0.0, Sum:  0.0, Workers: 4
[917.177s][debug][gc,phases      ] GC(78)     Dead                           Min: 0, Avg:  0.0, Max: 0, Diff: 0, Sum: 0, Workers: 4
[917.177s][debug][gc,phases      ] GC(78)     Total                          Min: 0, Avg:  0.0, Max: 0, Diff: 0, Sum: 0, Workers: 4
[917.177s][debug][gc,phases      ] GC(78)   StringDedup Requests1 Weak     Min:  0.0, Avg:  0.0, Max:  0.0, Diff:  0.0, Sum:  0.0, Workers: 4
[917.177s][debug][gc,phases      ] GC(78)     Dead                           Min: 0, Avg:  0.0, Max: 0, Diff: 0, Sum: 0, Workers: 4
[917.177s][debug][gc,phases      ] GC(78)     Total                          Min: 0, Avg:  0.0, Max: 0, Diff: 0, Sum: 0, Workers: 4
[917.177s][debug][gc,phases      ] GC(78)   Weak JFR Old Object Samples    Min:  0.0, Avg:  0.0, Max:  0.0, Diff:  0.0, Sum:  0.0, Workers: 4
[917.177s][debug][gc,phases      ] GC(78)     Dead                           Min: 0, Avg:  0.0, Max: 0, Diff: 0, Sum: 0, Workers: 4
[917.177s][debug][gc,phases      ] GC(78)     Total                          Min: 0, Avg:  0.0, Max: 0, Diff: 0, Sum: 0, Workers: 4
[917.177s][debug][gc,phases      ] GC(78) Weak Processing 0.331ms
[917.177s][debug][gc,age         ] GC(78) Desired survivor size 13107200 bytes, new threshold 15 (max threshold 15)
[917.177s][info ][gc,heap        ] GC(78) PSYoungGen: 2068640K(2083328K)->128K(2082304K) Eden: 2068480K(2068480K)->0K(2068480K) From: 160K(14848K)->128K(13824K)
[917.177s][info ][gc,heap        ] GC(78) ParOldGen: 235486K(324096K)->235494K(324096K)
[917.177s][info ][gc,metaspace   ] GC(78) Metaspace: 79989K(80832K)->79989K(80832K) NonClass: 68281K(68736K)->68281K(68736K) Class: 11707K(12096K)->11707K(12096K)
[917.177s][info ][gc             ] GC(78) Pause Young (Allocation Failure) 2250M->230M(2350M) 2.065ms
[917.177s][info ][gc,cpu         ] GC(78) User=0.01s Sys=0.00s Real=0.00s
[917.177s][info ][safepoint      ] Safepoint "ParallelGCFailedAllocation", Time since last: 49117506 ns, Reaching safepoint: 2000 ns, Cleanup: 25700 ns, At safepoint: 2116109 ns, Total: 2143809 ns
[925.178s][info ][safepoint      ] Safepoint "Cleanup", Time since last: 8000435140 ns, Reaching safepoint: 3900 ns, Cleanup: 43700 ns, At safepoint: 2600 ns, Total: 50200 ns
[932.178s][info ][safepoint      ] Safepoint "Cleanup", Time since last: 7000403676 ns, Reaching safepoint: 4200 ns, Cleanup: 44700 ns, At safepoint: 2500 ns, Total: 51400 ns
[933.178s][info ][safepoint      ] Safepoint "Cleanup", Time since last: 1000121382 ns, Reaching safepoint: 4500 ns, Cleanup: 33800 ns, At safepoint: 3000 ns, Total: 41300 ns
[933.422s][info ][gc,start       ] GC(79) Pause Young (Allocation Failure)
[933.424s][debug][gc,phases      ] GC(79) Scavenge 1.648ms
[933.424s][debug][gc,ref         ] GC(79) Skipped phase 1 of Reference Processing: no references
[933.424s][debug][gc,ref         ] GC(79) Skipped phase 2 of Reference Processing: no references
[933.424s][debug][gc,ref         ] GC(79) Skipped phase 3 of Reference Processing: no references
[933.424s][debug][gc,ref         ] GC(79) ReferenceProcessor::execute queues: 1, RefProcThreadModel::Single, marks_oops_alive: false
[933.424s][debug][gc,phases      ] GC(79) Reference Processing 0.086ms
[933.424s][debug][gc,phases      ] GC(79)   VM Weak                        Min:  0.0, Avg:  0.0, Max:  0.0, Diff:  0.0, Sum:  0.0, Workers: 4
[933.424s][debug][gc,phases      ] GC(79)     Dead                           Min: 0, Avg:  0.0, Max: 0, Diff: 0, Sum: 0, Workers: 4
[933.424s][debug][gc,phases      ] GC(79)     Total                          Min: 0, Avg: 172.8, Max: 691, Diff: 691, Sum: 691, Workers: 4
[933.424s][debug][gc,phases      ] GC(79)   ObjectSynchronizer Weak        Min:  0.0, Avg:  0.0, Max:  0.0, Diff:  0.0, Sum:  0.0, Workers: 4
[933.424s][debug][gc,phases      ] GC(79)     Dead                           Min: 0, Avg:  0.0, Max: 0, Diff: 0, Sum: 0, Workers: 4
[933.424s][debug][gc,phases      ] GC(79)     Total                          Min: 0, Avg:  1.0, Max: 4, Diff: 4, Sum: 4, Workers: 4
[933.424s][debug][gc,phases      ] GC(79)   JVMTI Tag Weak OopStorage      Min:  0.0, Avg:  0.0, Max:  0.0, Diff:  0.0, Sum:  0.0, Workers: 4
[933.424s][debug][gc,phases      ] GC(79)     Dead                           Min: 0, Avg:  0.0, Max: 0, Diff: 0, Sum: 0, Workers: 4
[933.424s][debug][gc,phases      ] GC(79)     Total                          Min: 0, Avg:  0.0, Max: 0, Diff: 0, Sum: 0, Workers: 4
[933.424s][debug][gc,phases      ] GC(79)   StringTable Weak               Min:  0.0, Avg:  0.1, Max:  0.1, Diff:  0.1, Sum:  0.4, Workers: 4
[933.424s][debug][gc,phases      ] GC(79)     Dead                           Min: 0, Avg:  0.0, Max: 0, Diff: 0, Sum: 0, Workers: 4
[933.424s][debug][gc,phases      ] GC(79)     Total                          Min: 0, Avg: 10686.2, Max: 18937, Diff: 18937, Sum: 42745, Workers: 4
[933.424s][debug][gc,phases      ] GC(79)   ResolvedMethodTable Weak       Min:  0.0, Avg:  0.0, Max:  0.0, Diff:  0.0, Sum:  0.1, Workers: 4
[933.424s][debug][gc,phases      ] GC(79)     Dead                           Min: 0, Avg:  0.0, Max: 0, Diff: 0, Sum: 0, Workers: 4
[933.424s][debug][gc,phases      ] GC(79)     Total                          Min: 0, Avg: 2276.2, Max: 4082, Diff: 4082, Sum: 9105, Workers: 4
[933.424s][debug][gc,phases      ] GC(79)   JNI Weak                       Min:  0.0, Avg:  0.0, Max:  0.0, Diff:  0.0, Sum:  0.0, Workers: 4
[933.424s][debug][gc,phases      ] GC(79)     Dead                           Min: 0, Avg:  0.0, Max: 0, Diff: 0, Sum: 0, Workers: 4
[933.424s][debug][gc,phases      ] GC(79)     Total                          Min: 0, Avg: 11.2, Max: 45, Diff: 45, Sum: 45, Workers: 4
[933.424s][debug][gc,phases      ] GC(79)   StringDedup Table Weak         Min:  0.0, Avg:  0.0, Max:  0.0, Diff:  0.0, Sum:  0.0, Workers: 4
[933.424s][debug][gc,phases      ] GC(79)     Dead                           Min: 0, Avg:  0.0, Max: 0, Diff: 0, Sum: 0, Workers: 4
[933.424s][debug][gc,phases      ] GC(79)     Total                          Min: 0, Avg:  0.0, Max: 0, Diff: 0, Sum: 0, Workers: 4
[933.424s][debug][gc,phases      ] GC(79)   StringDedup Requests0 Weak     Min:  0.0, Avg:  0.0, Max:  0.0, Diff:  0.0, Sum:  0.0, Workers: 4
[933.424s][debug][gc,phases      ] GC(79)     Dead                           Min: 0, Avg:  0.0, Max: 0, Diff: 0, Sum: 0, Workers: 4
[933.424s][debug][gc,phases      ] GC(79)     Total                          Min: 0, Avg:  0.0, Max: 0, Diff: 0, Sum: 0, Workers: 4
[933.424s][debug][gc,phases      ] GC(79)   StringDedup Requests1 Weak     Min:  0.0, Avg:  0.0, Max:  0.0, Diff:  0.0, Sum:  0.0, Workers: 4
[933.424s][debug][gc,phases      ] GC(79)     Dead                           Min: 0, Avg:  0.0, Max: 0, Diff: 0, Sum: 0, Workers: 4
[933.424s][debug][gc,phases      ] GC(79)     Total                          Min: 0, Avg:  0.0, Max: 0, Diff: 0, Sum: 0, Workers: 4
[933.424s][debug][gc,phases      ] GC(79)   Weak JFR Old Object Samples    Min:  0.0, Avg:  0.0, Max:  0.0, Diff:  0.0, Sum:  0.0, Workers: 4
[933.424s][debug][gc,phases      ] GC(79)     Dead                           Min: 0, Avg:  0.0, Max: 0, Diff: 0, Sum: 0, Workers: 4
[933.424s][debug][gc,phases      ] GC(79)     Total                          Min: 0, Avg:  0.0, Max: 0, Diff: 0, Sum: 0, Workers: 4
[933.424s][debug][gc,phases      ] GC(79) Weak Processing 0.337ms
[933.424s][debug][gc,age         ] GC(79) Desired survivor size 12058624 bytes, new threshold 15 (max threshold 15)
[933.424s][info ][gc,heap        ] GC(79) PSYoungGen: 2068608K(2082304K)->128K(2085376K) Eden: 2068480K(2068480K)->0K(2072576K) From: 128K(13824K)->128K(12800K)
[933.424s][info ][gc,heap        ] GC(79) ParOldGen: 235494K(324096K)->235518K(324096K)
[933.424s][info ][gc,metaspace   ] GC(79) Metaspace: 79989K(80832K)->79989K(80832K) NonClass: 68281K(68736K)->68281K(68736K) Class: 11707K(12096K)->11707K(12096K)
[933.424s][info ][gc             ] GC(79) Pause Young (Allocation Failure) 2250M->230M(2353M) 2.171ms
[933.424s][info ][gc,cpu         ] GC(79) User=0.00s Sys=0.00s Real=0.00s
[933.424s][info ][safepoint      ] Safepoint "ParallelGCFailedAllocation", Time since last: 243778619 ns, Reaching safepoint: 4900 ns, Cleanup: 29800 ns, At safepoint: 2230310 ns, Total: 2265010 ns
[935.425s][info ][safepoint      ] Safepoint "Cleanup", Time since last: 2000167963 ns, Reaching safepoint: 73200 ns, Cleanup: 39000 ns, At safepoint: 17000 ns, Total: 129200 ns
[949.624s][info ][gc,start       ] GC(80) Pause Young (Allocation Failure)
[949.627s][debug][gc,phases      ] GC(80) Scavenge 2.324ms
[949.627s][debug][gc,ref         ] GC(80) Skipped phase 1 of Reference Processing: no references
[949.627s][debug][gc,ref         ] GC(80) Skipped phase 2 of Reference Processing: no references
[949.627s][debug][gc,ref         ] GC(80) Skipped phase 3 of Reference Processing: no references
[949.627s][debug][gc,ref         ] GC(80) ReferenceProcessor::execute queues: 1, RefProcThreadModel::Single, marks_oops_alive: false
[949.627s][debug][gc,phases      ] GC(80) Reference Processing 0.085ms
[949.627s][debug][gc,phases      ] GC(80)   VM Weak                        Min:  0.0, Avg:  0.0, Max:  0.0, Diff:  0.0, Sum:  0.0, Workers: 4
[949.627s][debug][gc,phases      ] GC(80)     Dead                           Min: 0, Avg:  0.0, Max: 0, Diff: 0, Sum: 0, Workers: 4
[949.627s][debug][gc,phases      ] GC(80)     Total                          Min: 0, Avg: 172.8, Max: 691, Diff: 691, Sum: 691, Workers: 4
[949.627s][debug][gc,phases      ] GC(80)   ObjectSynchronizer Weak        Min:  0.0, Avg:  0.0, Max:  0.0, Diff:  0.0, Sum:  0.0, Workers: 4
[949.627s][debug][gc,phases      ] GC(80)     Dead                           Min: 0, Avg:  0.0, Max: 0, Diff: 0, Sum: 0, Workers: 4
[949.627s][debug][gc,phases      ] GC(80)     Total                          Min: 0, Avg:  1.0, Max: 4, Diff: 4, Sum: 4, Workers: 4
[949.627s][debug][gc,phases      ] GC(80)   JVMTI Tag Weak OopStorage      Min:  0.0, Avg:  0.0, Max:  0.0, Diff:  0.0, Sum:  0.0, Workers: 4
[949.627s][debug][gc,phases      ] GC(80)     Dead                           Min: 0, Avg:  0.0, Max: 0, Diff: 0, Sum: 0, Workers: 4
[949.627s][debug][gc,phases      ] GC(80)     Total                          Min: 0, Avg:  0.0, Max: 0, Diff: 0, Sum: 0, Workers: 4
[949.627s][debug][gc,phases      ] GC(80)   StringTable Weak               Min:  0.0, Avg:  0.1, Max:  0.1, Diff:  0.1, Sum:  0.4, Workers: 4
[949.627s][debug][gc,phases      ] GC(80)     Dead                           Min: 0, Avg:  0.0, Max: 0, Diff: 0, Sum: 0, Workers: 4
[949.627s][debug][gc,phases      ] GC(80)     Total                          Min: 0, Avg: 10686.2, Max: 18496, Diff: 18496, Sum: 42745, Workers: 4
[949.627s][debug][gc,phases      ] GC(80)   ResolvedMethodTable Weak       Min:  0.0, Avg:  0.0, Max:  0.0, Diff:  0.0, Sum:  0.1, Workers: 4
[949.627s][debug][gc,phases      ] GC(80)     Dead                           Min: 0, Avg:  0.0, Max: 0, Diff: 0, Sum: 0, Workers: 4
[949.627s][debug][gc,phases      ] GC(80)     Total                          Min: 0, Avg: 2276.2, Max: 3997, Diff: 3997, Sum: 9105, Workers: 4
[949.627s][debug][gc,phases      ] GC(80)   JNI Weak                       Min:  0.0, Avg:  0.0, Max:  0.0, Diff:  0.0, Sum:  0.0, Workers: 4
[949.627s][debug][gc,phases      ] GC(80)     Dead                           Min: 0, Avg:  0.0, Max: 0, Diff: 0, Sum: 0, Workers: 4
[949.627s][debug][gc,phases      ] GC(80)     Total                          Min: 0, Avg: 11.2, Max: 45, Diff: 45, Sum: 45, Workers: 4
[949.627s][debug][gc,phases      ] GC(80)   StringDedup Table Weak         Min:  0.0, Avg:  0.0, Max:  0.0, Diff:  0.0, Sum:  0.0, Workers: 4
[949.627s][debug][gc,phases      ] GC(80)     Dead                           Min: 0, Avg:  0.0, Max: 0, Diff: 0, Sum: 0, Workers: 4
[949.627s][debug][gc,phases      ] GC(80)     Total                          Min: 0, Avg:  0.0, Max: 0, Diff: 0, Sum: 0, Workers: 4
[949.627s][debug][gc,phases      ] GC(80)   StringDedup Requests0 Weak     Min:  0.0, Avg:  0.0, Max:  0.0, Diff:  0.0, Sum:  0.0, Workers: 4
[949.627s][debug][gc,phases      ] GC(80)     Dead                           Min: 0, Avg:  0.0, Max: 0, Diff: 0, Sum: 0, Workers: 4
[949.627s][debug][gc,phases      ] GC(80)     Total                          Min: 0, Avg:  0.0, Max: 0, Diff: 0, Sum: 0, Workers: 4
[949.627s][debug][gc,phases      ] GC(80)   StringDedup Requests1 Weak     Min:  0.0, Avg:  0.0, Max:  0.0, Diff:  0.0, Sum:  0.0, Workers: 4
[949.627s][debug][gc,phases      ] GC(80)     Dead                           Min: 0, Avg:  0.0, Max: 0, Diff: 0, Sum: 0, Workers: 4
[949.627s][debug][gc,phases      ] GC(80)     Total                          Min: 0, Avg:  0.0, Max: 0, Diff: 0, Sum: 0, Workers: 4
[949.627s][debug][gc,phases      ] GC(80)   Weak JFR Old Object Samples    Min:  0.0, Avg:  0.0, Max:  0.0, Diff:  0.0, Sum:  0.0, Workers: 4
[949.627s][debug][gc,phases      ] GC(80)     Dead                           Min: 0, Avg:  0.0, Max: 0, Diff: 0, Sum: 0, Workers: 4
[949.627s][debug][gc,phases      ] GC(80)     Total                          Min: 0, Avg:  0.0, Max: 0, Diff: 0, Sum: 0, Workers: 4
[949.627s][debug][gc,phases      ] GC(80) Weak Processing 0.327ms
[949.627s][debug][gc,age         ] GC(80) Desired survivor size 11010048 bytes, new threshold 15 (max threshold 15)
[949.627s][info ][gc,heap        ] GC(80) PSYoungGen: 2072704K(2085376K)->256K(2084352K) Eden: 2072576K(2072576K)->0K(2072576K) From: 128K(12800K)->256K(11776K)
[949.627s][info ][gc,heap        ] GC(80) ParOldGen: 235518K(324096K)->235518K(324096K)
[949.627s][info ][gc,metaspace   ] GC(80) Metaspace: 79989K(80832K)->79989K(80832K) NonClass: 68282K(68736K)->68282K(68736K) Class: 11707K(12096K)->11707K(12096K)
[949.627s][info ][gc             ] GC(80) Pause Young (Allocation Failure) 2254M->230M(2352M) 2.846ms
[949.627s][info ][gc,cpu         ] GC(80) User=0.01s Sys=0.00s Real=0.00s
[949.627s][info ][safepoint      ] Safepoint "ParallelGCFailedAllocation", Time since last: 14199505014 ns, Reaching safepoint: 5500 ns, Cleanup: 38200 ns, At safepoint: 2918012 ns, Total: 2961712 ns
[955.628s][info ][safepoint      ] Safepoint "Cleanup", Time since last: 6000419932 ns, Reaching safepoint: 3900 ns, Cleanup: 47500 ns, At safepoint: 2500 ns, Total: 53900 ns
[965.873s][info ][gc,start       ] GC(81) Pause Young (Allocation Failure)
[965.875s][debug][gc,phases      ] GC(81) Scavenge 1.736ms
[965.875s][debug][gc,ref         ] GC(81) Skipped phase 1 of Reference Processing: no references
[965.875s][debug][gc,ref         ] GC(81) Skipped phase 2 of Reference Processing: no references
[965.875s][debug][gc,ref         ] GC(81) Skipped phase 3 of Reference Processing: no references
[965.875s][debug][gc,ref         ] GC(81) Skipped phase 4 of Reference Processing: no references
[965.875s][debug][gc,phases      ] GC(81) Reference Processing 0.020ms
[965.875s][debug][gc,phases      ] GC(81)   VM Weak                        Min:  0.0, Avg:  0.0, Max:  0.0, Diff:  0.0, Sum:  0.0, Workers: 4
[965.875s][debug][gc,phases      ] GC(81)     Dead                           Min: 0, Avg:  0.0, Max: 0, Diff: 0, Sum: 0, Workers: 4
[965.875s][debug][gc,phases      ] GC(81)     Total                          Min: 0, Avg: 172.8, Max: 499, Diff: 499, Sum: 691, Workers: 4
[965.875s][debug][gc,phases      ] GC(81)   ObjectSynchronizer Weak        Min:  0.0, Avg:  0.0, Max:  0.0, Diff:  0.0, Sum:  0.0, Workers: 4
[965.875s][debug][gc,phases      ] GC(81)     Dead                           Min: 0, Avg:  0.0, Max: 0, Diff: 0, Sum: 0, Workers: 4
[965.875s][debug][gc,phases      ] GC(81)     Total                          Min: 0, Avg:  1.0, Max: 4, Diff: 4, Sum: 4, Workers: 4
[965.875s][debug][gc,phases      ] GC(81)   JVMTI Tag Weak OopStorage      Min:  0.0, Avg:  0.0, Max:  0.0, Diff:  0.0, Sum:  0.0, Workers: 4
[965.875s][debug][gc,phases      ] GC(81)     Dead                           Min: 0, Avg:  0.0, Max: 0, Diff: 0, Sum: 0, Workers: 4
[965.875s][debug][gc,phases      ] GC(81)     Total                          Min: 0, Avg:  0.0, Max: 0, Diff: 0, Sum: 0, Workers: 4
[965.875s][debug][gc,phases      ] GC(81)   StringTable Weak               Min:  0.0, Avg:  0.1, Max:  0.1, Diff:  0.1, Sum:  0.4, Workers: 4
[965.875s][debug][gc,phases      ] GC(81)     Dead                           Min: 0, Avg:  0.0, Max: 0, Diff: 0, Sum: 0, Workers: 4
[965.875s][debug][gc,phases      ] GC(81)     Total                          Min: 0, Avg: 10686.2, Max: 16960, Diff: 16960, Sum: 42745, Workers: 4
[965.875s][debug][gc,phases      ] GC(81)   ResolvedMethodTable Weak       Min:  0.0, Avg:  0.0, Max:  0.0, Diff:  0.0, Sum:  0.1, Workers: 4
[965.875s][debug][gc,phases      ] GC(81)     Dead                           Min: 0, Avg:  0.0, Max: 0, Diff: 0, Sum: 0, Workers: 4
[965.875s][debug][gc,phases      ] GC(81)     Total                          Min: 0, Avg: 2276.2, Max: 4211, Diff: 4211, Sum: 9105, Workers: 4
[965.875s][debug][gc,phases      ] GC(81)   JNI Weak                       Min:  0.0, Avg:  0.0, Max:  0.0, Diff:  0.0, Sum:  0.0, Workers: 4
[965.875s][debug][gc,phases      ] GC(81)     Dead                           Min: 0, Avg:  0.0, Max: 0, Diff: 0, Sum: 0, Workers: 4
[965.875s][debug][gc,phases      ] GC(81)     Total                          Min: 0, Avg: 11.2, Max: 45, Diff: 45, Sum: 45, Workers: 4
[965.875s][debug][gc,phases      ] GC(81)   StringDedup Table Weak         Min:  0.0, Avg:  0.0, Max:  0.0, Diff:  0.0, Sum:  0.0, Workers: 4
[965.875s][debug][gc,phases      ] GC(81)     Dead                           Min: 0, Avg:  0.0, Max: 0, Diff: 0, Sum: 0, Workers: 4
[965.875s][debug][gc,phases      ] GC(81)     Total                          Min: 0, Avg:  0.0, Max: 0, Diff: 0, Sum: 0, Workers: 4
[965.875s][debug][gc,phases      ] GC(81)   StringDedup Requests0 Weak     Min:  0.0, Avg:  0.0, Max:  0.0, Diff:  0.0, Sum:  0.0, Workers: 4
[965.875s][debug][gc,phases      ] GC(81)     Dead                           Min: 0, Avg:  0.0, Max: 0, Diff: 0, Sum: 0, Workers: 4
[965.875s][debug][gc,phases      ] GC(81)     Total                          Min: 0, Avg:  0.0, Max: 0, Diff: 0, Sum: 0, Workers: 4
[965.875s][debug][gc,phases      ] GC(81)   StringDedup Requests1 Weak     Min:  0.0, Avg:  0.0, Max:  0.0, Diff:  0.0, Sum:  0.0, Workers: 4
[965.875s][debug][gc,phases      ] GC(81)     Dead                           Min: 0, Avg:  0.0, Max: 0, Diff: 0, Sum: 0, Workers: 4
[965.875s][debug][gc,phases      ] GC(81)     Total                          Min: 0, Avg:  0.0, Max: 0, Diff: 0, Sum: 0, Workers: 4
[965.875s][debug][gc,phases      ] GC(81)   Weak JFR Old Object Samples    Min:  0.0, Avg:  0.0, Max:  0.0, Diff:  0.0, Sum:  0.0, Workers: 4
[965.875s][debug][gc,phases      ] GC(81)     Dead                           Min: 0, Avg:  0.0, Max: 0, Diff: 0, Sum: 0, Workers: 4
[965.875s][debug][gc,phases      ] GC(81)     Total                          Min: 0, Avg:  0.0, Max: 0, Diff: 0, Sum: 0, Workers: 4
[965.875s][debug][gc,phases      ] GC(81) Weak Processing 0.345ms
[965.875s][debug][gc,age         ] GC(81) Desired survivor size 9961472 bytes, new threshold 15 (max threshold 15)
[965.875s][info ][gc,heap        ] GC(81) PSYoungGen: 2072832K(2084352K)->224K(2087424K) Eden: 2072576K(2072576K)->0K(2076672K) From: 256K(11776K)->224K(10752K)
[965.875s][info ][gc,heap        ] GC(81) ParOldGen: 235518K(324096K)->235534K(324096K)
[965.875s][info ][gc,metaspace   ] GC(81) Metaspace: 79989K(80832K)->79989K(80832K) NonClass: 68282K(68736K)->68282K(68736K) Class: 11707K(12096K)->11707K(12096K)
[965.875s][info ][gc             ] GC(81) Pause Young (Allocation Failure) 2254M->230M(2355M) 2.204ms
[965.875s][info ][gc,cpu         ] GC(81) User=0.01s Sys=0.00s Real=0.00s
[965.875s][info ][safepoint      ] Safepoint "ParallelGCFailedAllocation", Time since last: 10245597093 ns, Reaching safepoint: 4300 ns, Cleanup: 33500 ns, At safepoint: 2260810 ns, Total: 2298610 ns
[966.876s][info ][safepoint      ] Safepoint "Cleanup", Time since last: 1000094678 ns, Reaching safepoint: 75900 ns, Cleanup: 43501 ns, At safepoint: 5700 ns, Total: 125101 ns
[982.124s][info ][gc,start       ] GC(82) Pause Young (Allocation Failure)
[982.126s][debug][gc,phases      ] GC(82) Scavenge 2.254ms
[982.126s][debug][gc,ref         ] GC(82) Skipped phase 1 of Reference Processing: no references
[982.126s][debug][gc,ref         ] GC(82) Skipped phase 2 of Reference Processing: no references
[982.126s][debug][gc,ref         ] GC(82) Skipped phase 3 of Reference Processing: no references
[982.126s][debug][gc,ref         ] GC(82) Skipped phase 4 of Reference Processing: no references
[982.126s][debug][gc,phases      ] GC(82) Reference Processing 0.020ms
[982.126s][debug][gc,phases      ] GC(82)   VM Weak                        Min:  0.0, Avg:  0.0, Max:  0.0, Diff:  0.0, Sum:  0.0, Workers: 4
[982.126s][debug][gc,phases      ] GC(82)     Dead                           Min: 0, Avg:  0.0, Max: 0, Diff: 0, Sum: 0, Workers: 4
[982.126s][debug][gc,phases      ] GC(82)     Total                          Min: 0, Avg: 172.8, Max: 448, Diff: 448, Sum: 691, Workers: 4
[982.126s][debug][gc,phases      ] GC(82)   ObjectSynchronizer Weak        Min:  0.0, Avg:  0.0, Max:  0.0, Diff:  0.0, Sum:  0.0, Workers: 4
[982.126s][debug][gc,phases      ] GC(82)     Dead                           Min: 0, Avg:  0.0, Max: 0, Diff: 0, Sum: 0, Workers: 4
[982.126s][debug][gc,phases      ] GC(82)     Total                          Min: 0, Avg:  1.0, Max: 4, Diff: 4, Sum: 4, Workers: 4
[982.126s][debug][gc,phases      ] GC(82)   JVMTI Tag Weak OopStorage      Min:  0.0, Avg:  0.0, Max:  0.0, Diff:  0.0, Sum:  0.0, Workers: 4
[982.126s][debug][gc,phases      ] GC(82)     Dead                           Min: 0, Avg:  0.0, Max: 0, Diff: 0, Sum: 0, Workers: 4
[982.126s][debug][gc,phases      ] GC(82)     Total                          Min: 0, Avg:  0.0, Max: 0, Diff: 0, Sum: 0, Workers: 4
[982.126s][debug][gc,phases      ] GC(82)   StringTable Weak               Min:  0.0, Avg:  0.1, Max:  0.1, Diff:  0.1, Sum:  0.4, Workers: 4
[982.126s][debug][gc,phases      ] GC(82)     Dead                           Min: 0, Avg:  0.0, Max: 0, Diff: 0, Sum: 0, Workers: 4
[982.126s][debug][gc,phases      ] GC(82)     Total                          Min: 0, Avg: 10686.2, Max: 17657, Diff: 17657, Sum: 42745, Workers: 4
[982.126s][debug][gc,phases      ] GC(82)   ResolvedMethodTable Weak       Min:  0.0, Avg:  0.0, Max:  0.0, Diff:  0.0, Sum:  0.1, Workers: 4
[982.126s][debug][gc,phases      ] GC(82)     Dead                           Min: 0, Avg:  0.0, Max: 0, Diff: 0, Sum: 0, Workers: 4
[982.126s][debug][gc,phases      ] GC(82)     Total                          Min: 0, Avg: 2276.2, Max: 3990, Diff: 3990, Sum: 9105, Workers: 4
[982.126s][debug][gc,phases      ] GC(82)   JNI Weak                       Min:  0.0, Avg:  0.0, Max:  0.0, Diff:  0.0, Sum:  0.0, Workers: 4
[982.126s][debug][gc,phases      ] GC(82)     Dead                           Min: 0, Avg:  0.0, Max: 0, Diff: 0, Sum: 0, Workers: 4
[982.126s][debug][gc,phases      ] GC(82)     Total                          Min: 0, Avg: 11.2, Max: 45, Diff: 45, Sum: 45, Workers: 4
[982.127s][debug][gc,phases      ] GC(82)   StringDedup Table Weak         Min:  0.0, Avg:  0.0, Max:  0.0, Diff:  0.0, Sum:  0.0, Workers: 4
[982.127s][debug][gc,phases      ] GC(82)     Dead                           Min: 0, Avg:  0.0, Max: 0, Diff: 0, Sum: 0, Workers: 4
[982.127s][debug][gc,phases      ] GC(82)     Total                          Min: 0, Avg:  0.0, Max: 0, Diff: 0, Sum: 0, Workers: 4
[982.127s][debug][gc,phases      ] GC(82)   StringDedup Requests0 Weak     Min:  0.0, Avg:  0.0, Max:  0.0, Diff:  0.0, Sum:  0.0, Workers: 4
[982.127s][debug][gc,phases      ] GC(82)     Dead                           Min: 0, Avg:  0.0, Max: 0, Diff: 0, Sum: 0, Workers: 4
[982.127s][debug][gc,phases      ] GC(82)     Total                          Min: 0, Avg:  0.0, Max: 0, Diff: 0, Sum: 0, Workers: 4
[982.127s][debug][gc,phases      ] GC(82)   StringDedup Requests1 Weak     Min:  0.0, Avg:  0.0, Max:  0.0, Diff:  0.0, Sum:  0.0, Workers: 4
[982.127s][debug][gc,phases      ] GC(82)     Dead                           Min: 0, Avg:  0.0, Max: 0, Diff: 0, Sum: 0, Workers: 4
[982.127s][debug][gc,phases      ] GC(82)     Total                          Min: 0, Avg:  0.0, Max: 0, Diff: 0, Sum: 0, Workers: 4
[982.127s][debug][gc,phases      ] GC(82)   Weak JFR Old Object Samples    Min:  0.0, Avg:  0.0, Max:  0.0, Diff:  0.0, Sum:  0.0, Workers: 4
[982.127s][debug][gc,phases      ] GC(82)     Dead                           Min: 0, Avg:  0.0, Max: 0, Diff: 0, Sum: 0, Workers: 4
[982.127s][debug][gc,phases      ] GC(82)     Total                          Min: 0, Avg:  0.0, Max: 0, Diff: 0, Sum: 0, Workers: 4
[982.127s][debug][gc,phases      ] GC(82) Weak Processing 0.349ms
[982.127s][debug][gc,age         ] GC(82) Desired survivor size 9437184 bytes, new threshold 15 (max threshold 15)
[982.127s][info ][gc,heap        ] GC(82) PSYoungGen: 2076896K(2087424K)->160K(2086400K) Eden: 2076672K(2076672K)->0K(2076672K) From: 224K(10752K)->160K(9728K)
[982.127s][info ][gc,heap        ] GC(82) ParOldGen: 235534K(324096K)->235534K(324096K)
[982.127s][info ][gc,metaspace   ] GC(82) Metaspace: 79990K(80832K)->79990K(80832K) NonClass: 68282K(68736K)->68282K(68736K) Class: 11707K(12096K)->11707K(12096K)
[982.127s][info ][gc             ] GC(82) Pause Young (Allocation Failure) 2258M->230M(2354M) 2.704ms
[982.127s][info ][gc,cpu         ] GC(82) User=0.00s Sys=0.00s Real=0.00s
[982.127s][info ][safepoint      ] Safepoint "ParallelGCFailedAllocation", Time since last: 15248142730 ns, Reaching safepoint: 4200 ns, Cleanup: 55300 ns, At safepoint: 2785112 ns, Total: 2844612 ns
[987.127s][info ][safepoint      ] Safepoint "Cleanup", Time since last: 5000366112 ns, Reaching safepoint: 3900 ns, Cleanup: 46100 ns, At safepoint: 3000 ns, Total: 53000 ns
[998.375s][info ][gc,start       ] GC(83) Pause Young (Allocation Failure)
[998.376s][debug][gc,phases      ] GC(83) Scavenge 1.497ms
[998.376s][debug][gc,ref         ] GC(83) Skipped phase 1 of Reference Processing: no references
[998.376s][debug][gc,ref         ] GC(83) Skipped phase 2 of Reference Processing: no references
[998.376s][debug][gc,ref         ] GC(83) Skipped phase 3 of Reference Processing: no references
[998.377s][debug][gc,ref         ] GC(83) Skipped phase 4 of Reference Processing: no references
[998.377s][debug][gc,phases      ] GC(83) Reference Processing 0.019ms
[998.377s][debug][gc,phases      ] GC(83)   VM Weak                        Min:  0.0, Avg:  0.0, Max:  0.0, Diff:  0.0, Sum:  0.0, Workers: 4
[998.377s][debug][gc,phases      ] GC(83)     Dead                           Min: 0, Avg:  0.0, Max: 0, Diff: 0, Sum: 0, Workers: 4
[998.377s][debug][gc,phases      ] GC(83)     Total                          Min: 0, Avg: 172.8, Max: 563, Diff: 563, Sum: 691, Workers: 4
[998.377s][debug][gc,phases      ] GC(83)   ObjectSynchronizer Weak        Min:  0.0, Avg:  0.0, Max:  0.0, Diff:  0.0, Sum:  0.0, Workers: 4
[998.377s][debug][gc,phases      ] GC(83)     Dead                           Min: 0, Avg:  0.0, Max: 0, Diff: 0, Sum: 0, Workers: 4
[998.377s][debug][gc,phases      ] GC(83)     Total                          Min: 0, Avg:  1.0, Max: 4, Diff: 4, Sum: 4, Workers: 4
[998.377s][debug][gc,phases      ] GC(83)   JVMTI Tag Weak OopStorage      Min:  0.0, Avg:  0.0, Max:  0.0, Diff:  0.0, Sum:  0.0, Workers: 4
[998.377s][debug][gc,phases      ] GC(83)     Dead                           Min: 0, Avg:  0.0, Max: 0, Diff: 0, Sum: 0, Workers: 4
[998.377s][debug][gc,phases      ] GC(83)     Total                          Min: 0, Avg:  0.0, Max: 0, Diff: 0, Sum: 0, Workers: 4
[998.377s][debug][gc,phases      ] GC(83)   StringTable Weak               Min:  0.0, Avg:  0.1, Max:  0.1, Diff:  0.1, Sum:  0.4, Workers: 4
[998.377s][debug][gc,phases      ] GC(83)     Dead                           Min: 0, Avg:  0.0, Max: 0, Diff: 0, Sum: 0, Workers: 4
[998.377s][debug][gc,phases      ] GC(83)     Total                          Min: 0, Avg: 10686.2, Max: 17856, Diff: 17856, Sum: 42745, Workers: 4
[998.377s][debug][gc,phases      ] GC(83)   ResolvedMethodTable Weak       Min:  0.0, Avg:  0.0, Max:  0.0, Diff:  0.0, Sum:  0.1, Workers: 4
[998.377s][debug][gc,phases      ] GC(83)     Dead                           Min: 0, Avg:  0.0, Max: 0, Diff: 0, Sum: 0, Workers: 4
[998.377s][debug][gc,phases      ] GC(83)     Total                          Min: 0, Avg: 2276.2, Max: 4092, Diff: 4092, Sum: 9105, Workers: 4
[998.377s][debug][gc,phases      ] GC(83)   JNI Weak                       Min:  0.0, Avg:  0.0, Max:  0.0, Diff:  0.0, Sum:  0.0, Workers: 4
[998.377s][debug][gc,phases      ] GC(83)     Dead                           Min: 0, Avg:  0.0, Max: 0, Diff: 0, Sum: 0, Workers: 4
[998.377s][debug][gc,phases      ] GC(83)     Total                          Min: 0, Avg: 11.2, Max: 45, Diff: 45, Sum: 45, Workers: 4
[998.377s][debug][gc,phases      ] GC(83)   StringDedup Table Weak         Min:  0.0, Avg:  0.0, Max:  0.0, Diff:  0.0, Sum:  0.0, Workers: 4
[998.377s][debug][gc,phases      ] GC(83)     Dead                           Min: 0, Avg:  0.0, Max: 0, Diff: 0, Sum: 0, Workers: 4
[998.377s][debug][gc,phases      ] GC(83)     Total                          Min: 0, Avg:  0.0, Max: 0, Diff: 0, Sum: 0, Workers: 4
[998.377s][debug][gc,phases      ] GC(83)   StringDedup Requests0 Weak     Min:  0.0, Avg:  0.0, Max:  0.0, Diff:  0.0, Sum:  0.0, Workers: 4
[998.377s][debug][gc,phases      ] GC(83)     Dead                           Min: 0, Avg:  0.0, Max: 0, Diff: 0, Sum: 0, Workers: 4
[998.377s][debug][gc,phases      ] GC(83)     Total                          Min: 0, Avg:  0.0, Max: 0, Diff: 0, Sum: 0, Workers: 4
[998.377s][debug][gc,phases      ] GC(83)   StringDedup Requests1 Weak     Min:  0.0, Avg:  0.0, Max:  0.0, Diff:  0.0, Sum:  0.0, Workers: 4
[998.377s][debug][gc,phases      ] GC(83)     Dead                           Min: 0, Avg:  0.0, Max: 0, Diff: 0, Sum: 0, Workers: 4
[998.377s][debug][gc,phases      ] GC(83)     Total                          Min: 0, Avg:  0.0, Max: 0, Diff: 0, Sum: 0, Workers: 4
[998.377s][debug][gc,phases      ] GC(83)   Weak JFR Old Object Samples    Min:  0.0, Avg:  0.0, Max:  0.0, Diff:  0.0, Sum:  0.0, Workers: 4
[998.377s][debug][gc,phases      ] GC(83)     Dead                           Min: 0, Avg:  0.0, Max: 0, Diff: 0, Sum: 0, Workers: 4
[998.377s][debug][gc,phases      ] GC(83)     Total                          Min: 0, Avg:  0.0, Max: 0, Diff: 0, Sum: 0, Workers: 4
[998.377s][debug][gc,phases      ] GC(83) Weak Processing 0.346ms
[998.377s][debug][gc,age         ] GC(83) Desired survivor size 8388608 bytes, new threshold 15 (max threshold 15)
[998.377s][info ][gc,heap        ] GC(83) PSYoungGen: 2076832K(2086400K)->160K(2088960K) Eden: 2076672K(2076672K)->0K(2079744K) From: 160K(9728K)->160K(9216K)
[998.377s][info ][gc,heap        ] GC(83) ParOldGen: 235534K(324096K)->235542K(324096K)
[998.377s][info ][gc,metaspace   ] GC(83) Metaspace: 79990K(80832K)->79990K(80832K) NonClass: 68282K(68736K)->68282K(68736K) Class: 11707K(12096K)->11707K(12096K)
[998.377s][info ][gc             ] GC(83) Pause Young (Allocation Failure) 2258M->230M(2356M) 1.962ms
[998.377s][info ][gc,cpu         ] GC(83) User=0.01s Sys=0.00s Real=0.00s
[998.377s][info ][safepoint      ] Safepoint "ParallelGCFailedAllocation", Time since last: 11247810578 ns, Reaching safepoint: 4400 ns, Cleanup: 46100 ns, At safepoint: 2022808 ns, Total: 2073308 ns
[1014.674s][info ][gc,start       ] GC(84) Pause Young (Allocation Failure)
[1014.676s][debug][gc,phases      ] GC(84) Scavenge 1.505ms
[1014.676s][debug][gc,ref         ] GC(84) Skipped phase 1 of Reference Processing: no references
[1014.676s][debug][gc,ref         ] GC(84) Skipped phase 2 of Reference Processing: no references
[1014.676s][debug][gc,ref         ] GC(84) Skipped phase 3 of Reference Processing: no references
[1014.676s][debug][gc,ref         ] GC(84) ReferenceProcessor::execute queues: 1, RefProcThreadModel::Single, marks_oops_alive: false
[1014.676s][debug][gc,phases      ] GC(84) Reference Processing 0.102ms
[1014.676s][debug][gc,phases      ] GC(84)   VM Weak                        Min:  0.0, Avg:  0.0, Max:  0.0, Diff:  0.0, Sum:  0.0, Workers: 4
[1014.676s][debug][gc,phases      ] GC(84)     Dead                           Min: 0, Avg:  0.0, Max: 0, Diff: 0, Sum: 0, Workers: 4
[1014.676s][debug][gc,phases      ] GC(84)     Total                          Min: 0, Avg: 172.8, Max: 627, Diff: 627, Sum: 691, Workers: 4
[1014.676s][debug][gc,phases      ] GC(84)   ObjectSynchronizer Weak        Min:  0.0, Avg:  0.0, Max:  0.0, Diff:  0.0, Sum:  0.0, Workers: 4
[1014.676s][debug][gc,phases      ] GC(84)     Dead                           Min: 0, Avg:  0.0, Max: 0, Diff: 0, Sum: 0, Workers: 4
[1014.676s][debug][gc,phases      ] GC(84)     Total                          Min: 0, Avg:  1.0, Max: 4, Diff: 4, Sum: 4, Workers: 4
[1014.676s][debug][gc,phases      ] GC(84)   JVMTI Tag Weak OopStorage      Min:  0.0, Avg:  0.0, Max:  0.0, Diff:  0.0, Sum:  0.0, Workers: 4
[1014.676s][debug][gc,phases      ] GC(84)     Dead                           Min: 0, Avg:  0.0, Max: 0, Diff: 0, Sum: 0, Workers: 4
[1014.676s][debug][gc,phases      ] GC(84)     Total                          Min: 0, Avg:  0.0, Max: 0, Diff: 0, Sum: 0, Workers: 4
[1014.676s][debug][gc,phases      ] GC(84)   StringTable Weak               Min:  0.0, Avg:  0.1, Max:  0.1, Diff:  0.1, Sum:  0.4, Workers: 4
[1014.676s][debug][gc,phases      ] GC(84)     Dead                           Min: 0, Avg:  0.0, Max: 0, Diff: 0, Sum: 0, Workers: 4
[1014.676s][debug][gc,phases      ] GC(84)     Total                          Min: 0, Avg: 10686.2, Max: 18816, Diff: 18816, Sum: 42745, Workers: 4
[1014.676s][debug][gc,phases      ] GC(84)   ResolvedMethodTable Weak       Min:  0.0, Avg:  0.0, Max:  0.0, Diff:  0.0, Sum:  0.1, Workers: 4
[1014.676s][debug][gc,phases      ] GC(84)     Dead                           Min: 0, Avg:  0.0, Max: 0, Diff: 0, Sum: 0, Workers: 4
[1014.676s][debug][gc,phases      ] GC(84)     Total                          Min: 0, Avg: 2276.2, Max: 4150, Diff: 4150, Sum: 9105, Workers: 4
[1014.676s][debug][gc,phases      ] GC(84)   JNI Weak                       Min:  0.0, Avg:  0.0, Max:  0.0, Diff:  0.0, Sum:  0.0, Workers: 4
[1014.676s][debug][gc,phases      ] GC(84)     Dead                           Min: 0, Avg:  0.0, Max: 0, Diff: 0, Sum: 0, Workers: 4
[1014.676s][debug][gc,phases      ] GC(84)     Total                          Min: 0, Avg: 11.2, Max: 45, Diff: 45, Sum: 45, Workers: 4
[1014.676s][debug][gc,phases      ] GC(84)   StringDedup Table Weak         Min:  0.0, Avg:  0.0, Max:  0.0, Diff:  0.0, Sum:  0.0, Workers: 4
[1014.676s][debug][gc,phases      ] GC(84)     Dead                           Min: 0, Avg:  0.0, Max: 0, Diff: 0, Sum: 0, Workers: 4
[1014.676s][debug][gc,phases      ] GC(84)     Total                          Min: 0, Avg:  0.0, Max: 0, Diff: 0, Sum: 0, Workers: 4
[1014.676s][debug][gc,phases      ] GC(84)   StringDedup Requests0 Weak     Min:  0.0, Avg:  0.0, Max:  0.0, Diff:  0.0, Sum:  0.0, Workers: 4
[1014.676s][debug][gc,phases      ] GC(84)     Dead                           Min: 0, Avg:  0.0, Max: 0, Diff: 0, Sum: 0, Workers: 4
[1014.676s][debug][gc,phases      ] GC(84)     Total                          Min: 0, Avg:  0.0, Max: 0, Diff: 0, Sum: 0, Workers: 4
[1014.676s][debug][gc,phases      ] GC(84)   StringDedup Requests1 Weak     Min:  0.0, Avg:  0.0, Max:  0.0, Diff:  0.0, Sum:  0.0, Workers: 4
[1014.676s][debug][gc,phases      ] GC(84)     Dead                           Min: 0, Avg:  0.0, Max: 0, Diff: 0, Sum: 0, Workers: 4
[1014.676s][debug][gc,phases      ] GC(84)     Total                          Min: 0, Avg:  0.0, Max: 0, Diff: 0, Sum: 0, Workers: 4
[1014.676s][debug][gc,phases      ] GC(84)   Weak JFR Old Object Samples    Min:  0.0, Avg:  0.0, Max:  0.0, Diff:  0.0, Sum:  0.0, Workers: 4
[1014.676s][debug][gc,phases      ] GC(84)     Dead                           Min: 0, Avg:  0.0, Max: 0, Diff: 0, Sum: 0, Workers: 4
[1014.676s][debug][gc,phases      ] GC(84)     Total                          Min: 0, Avg:  0.0, Max: 0, Diff: 0, Sum: 0, Workers: 4
[1014.676s][debug][gc,phases      ] GC(84) Weak Processing 0.347ms
[1014.676s][debug][gc,age         ] GC(84) Desired survivor size 7864320 bytes, new threshold 15 (max threshold 15)
[1014.676s][info ][gc,heap        ] GC(84) PSYoungGen: 2079904K(2088960K)->192K(2087936K) Eden: 2079744K(2079744K)->0K(2079744K) From: 160K(9216K)->192K(8192K)
[1014.676s][info ][gc,heap        ] GC(84) ParOldGen: 235542K(324096K)->235550K(324096K)
[1014.676s][info ][gc,metaspace   ] GC(84) Metaspace: 79990K(80832K)->79990K(80832K) NonClass: 68282K(68736K)->68282K(68736K) Class: 11707K(12096K)->11707K(12096K)
[1014.676s][info ][gc             ] GC(84) Pause Young (Allocation Failure) 2261M->230M(2355M) 2.043ms
[1014.676s][info ][gc,cpu         ] GC(84) User=0.01s Sys=0.00s Real=0.00s
[1014.676s][info ][safepoint      ] Safepoint "ParallelGCFailedAllocation", Time since last: 16297406951 ns, Reaching safepoint: 4300 ns, Cleanup: 24300 ns, At safepoint: 2144310 ns, Total: 2172910 ns
[1023.677s][info ][safepoint      ] Safepoint "Cleanup", Time since last: 9000619023 ns, Reaching safepoint: 3900 ns, Cleanup: 38100 ns, At safepoint: 3000 ns, Total: 45000 ns
[1030.973s][info ][gc,start       ] GC(85) Pause Young (Allocation Failure)
[1030.975s][debug][gc,phases      ] GC(85) Scavenge 1.588ms
[1030.975s][debug][gc,ref         ] GC(85) Skipped phase 1 of Reference Processing: no references
[1030.975s][debug][gc,ref         ] GC(85) Skipped phase 2 of Reference Processing: no references
[1030.975s][debug][gc,ref         ] GC(85) Skipped phase 3 of Reference Processing: no references
[1030.975s][debug][gc,ref         ] GC(85) ReferenceProcessor::execute queues: 1, RefProcThreadModel::Single, marks_oops_alive: false
[1030.975s][debug][gc,phases      ] GC(85) Reference Processing 0.084ms
[1030.975s][debug][gc,phases      ] GC(85)   VM Weak                        Min:  0.0, Avg:  0.0, Max:  0.0, Diff:  0.0, Sum:  0.0, Workers: 4
[1030.975s][debug][gc,phases      ] GC(85)     Dead                           Min: 0, Avg:  0.0, Max: 0, Diff: 0, Sum: 0, Workers: 4
[1030.975s][debug][gc,phases      ] GC(85)     Total                          Min: 0, Avg: 172.8, Max: 499, Diff: 499, Sum: 691, Workers: 4
[1030.975s][debug][gc,phases      ] GC(85)   ObjectSynchronizer Weak        Min:  0.0, Avg:  0.0, Max:  0.0, Diff:  0.0, Sum:  0.0, Workers: 4
[1030.975s][debug][gc,phases      ] GC(85)     Dead                           Min: 0, Avg:  0.0, Max: 0, Diff: 0, Sum: 0, Workers: 4
[1030.975s][debug][gc,phases      ] GC(85)     Total                          Min: 0, Avg:  1.0, Max: 4, Diff: 4, Sum: 4, Workers: 4
[1030.975s][debug][gc,phases      ] GC(85)   JVMTI Tag Weak OopStorage      Min:  0.0, Avg:  0.0, Max:  0.0, Diff:  0.0, Sum:  0.0, Workers: 4
[1030.975s][debug][gc,phases      ] GC(85)     Dead                           Min: 0, Avg:  0.0, Max: 0, Diff: 0, Sum: 0, Workers: 4
[1030.975s][debug][gc,phases      ] GC(85)     Total                          Min: 0, Avg:  0.0, Max: 0, Diff: 0, Sum: 0, Workers: 4
[1030.975s][debug][gc,phases      ] GC(85)   StringTable Weak               Min:  0.0, Avg:  0.1, Max:  0.1, Diff:  0.1, Sum:  0.4, Workers: 4
[1030.975s][debug][gc,phases      ] GC(85)     Dead                           Min: 0, Avg:  0.0, Max: 0, Diff: 0, Sum: 0, Workers: 4
[1030.975s][debug][gc,phases      ] GC(85)     Total                          Min: 0, Avg: 10686.5, Max: 17402, Diff: 17402, Sum: 42746, Workers: 4
[1030.975s][debug][gc,phases      ] GC(85)   ResolvedMethodTable Weak       Min:  0.0, Avg:  0.0, Max:  0.0, Diff:  0.0, Sum:  0.1, Workers: 4
[1030.975s][debug][gc,phases      ] GC(85)     Dead                           Min: 0, Avg:  0.0, Max: 0, Diff: 0, Sum: 0, Workers: 4
[1030.975s][debug][gc,phases      ] GC(85)     Total                          Min: 0, Avg: 2276.2, Max: 3939, Diff: 3939, Sum: 9105, Workers: 4
[1030.975s][debug][gc,phases      ] GC(85)   JNI Weak                       Min:  0.0, Avg:  0.0, Max:  0.0, Diff:  0.0, Sum:  0.0, Workers: 4
[1030.975s][debug][gc,phases      ] GC(85)     Dead                           Min: 0, Avg:  0.0, Max: 0, Diff: 0, Sum: 0, Workers: 4
[1030.975s][debug][gc,phases      ] GC(85)     Total                          Min: 0, Avg: 11.2, Max: 45, Diff: 45, Sum: 45, Workers: 4
[1030.975s][debug][gc,phases      ] GC(85)   StringDedup Table Weak         Min:  0.0, Avg:  0.0, Max:  0.0, Diff:  0.0, Sum:  0.0, Workers: 4
[1030.976s][debug][gc,phases      ] GC(85)     Dead                           Min: 0, Avg:  0.0, Max: 0, Diff: 0, Sum: 0, Workers: 4
[1030.976s][debug][gc,phases      ] GC(85)     Total                          Min: 0, Avg:  0.0, Max: 0, Diff: 0, Sum: 0, Workers: 4
[1030.976s][debug][gc,phases      ] GC(85)   StringDedup Requests0 Weak     Min:  0.0, Avg:  0.0, Max:  0.0, Diff:  0.0, Sum:  0.0, Workers: 4
[1030.976s][debug][gc,phases      ] GC(85)     Dead                           Min: 0, Avg:  0.0, Max: 0, Diff: 0, Sum: 0, Workers: 4
[1030.976s][debug][gc,phases      ] GC(85)     Total                          Min: 0, Avg:  0.0, Max: 0, Diff: 0, Sum: 0, Workers: 4
[1030.976s][debug][gc,phases      ] GC(85)   StringDedup Requests1 Weak     Min:  0.0, Avg:  0.0, Max:  0.0, Diff:  0.0, Sum:  0.0, Workers: 4
[1030.976s][debug][gc,phases      ] GC(85)     Dead                           Min: 0, Avg:  0.0, Max: 0, Diff: 0, Sum: 0, Workers: 4
[1030.976s][debug][gc,phases      ] GC(85)     Total                          Min: 0, Avg:  0.0, Max: 0, Diff: 0, Sum: 0, Workers: 4
[1030.976s][debug][gc,phases      ] GC(85)   Weak JFR Old Object Samples    Min:  0.0, Avg:  0.0, Max:  0.0, Diff:  0.0, Sum:  0.0, Workers: 4
[1030.976s][debug][gc,phases      ] GC(85)     Dead                           Min: 0, Avg:  0.0, Max: 0, Diff: 0, Sum: 0, Workers: 4
[1030.976s][debug][gc,phases      ] GC(85)     Total                          Min: 0, Avg:  0.0, Max: 0, Diff: 0, Sum: 0, Workers: 4
[1030.976s][debug][gc,phases      ] GC(85) Weak Processing 0.335ms
[1030.976s][debug][gc,age         ] GC(85) Desired survivor size 7340032 bytes, new threshold 15 (max threshold 15)
[1030.976s][info ][gc,heap        ] GC(85) PSYoungGen: 2079936K(2087936K)->192K(2089984K) Eden: 2079744K(2079744K)->0K(2082304K) From: 192K(8192K)->192K(7680K)
[1030.976s][info ][gc,heap        ] GC(85) ParOldGen: 235550K(324096K)->235550K(324096K)
[1030.976s][info ][gc,metaspace   ] GC(85) Metaspace: 79991K(80832K)->79991K(80832K) NonClass: 68283K(68736K)->68283K(68736K) Class: 11707K(12096K)->11707K(12096K)
[1030.976s][info ][gc             ] GC(85) Pause Young (Allocation Failure) 2261M->230M(2357M) 2.103ms
[1030.976s][info ][gc,cpu         ] GC(85) User=0.01s Sys=0.00s Real=0.00s
[1030.976s][info ][safepoint      ] Safepoint "ParallelGCFailedAllocation", Time since last: 7296244818 ns, Reaching safepoint: 3300 ns, Cleanup: 34000 ns, At safepoint: 2157611 ns, Total: 2194911 ns
[1044.977s][info ][safepoint      ] Safepoint "Cleanup", Time since last: 14000913935 ns, Reaching safepoint: 73701 ns, Cleanup: 33000 ns, At safepoint: 6800 ns, Total: 113501 ns
[1047.273s][info ][gc,start       ] GC(86) Pause Young (Allocation Failure)
[1047.275s][debug][gc,phases      ] GC(86) Scavenge 1.966ms
[1047.275s][debug][gc,ref         ] GC(86) Skipped phase 1 of Reference Processing: no references
[1047.275s][debug][gc,ref         ] GC(86) Skipped phase 2 of Reference Processing: no references
[1047.275s][debug][gc,ref         ] GC(86) Skipped phase 3 of Reference Processing: no references
[1047.276s][debug][gc,ref         ] GC(86) ReferenceProcessor::execute queues: 1, RefProcThreadModel::Single, marks_oops_alive: false
[1047.276s][debug][gc,phases      ] GC(86) Reference Processing 0.106ms
[1047.276s][debug][gc,phases      ] GC(86)   VM Weak                        Min:  0.0, Avg:  0.0, Max:  0.0, Diff:  0.0, Sum:  0.0, Workers: 4
[1047.276s][debug][gc,phases      ] GC(86)     Dead                           Min: 0, Avg:  0.0, Max: 0, Diff: 0, Sum: 0, Workers: 4
[1047.276s][debug][gc,phases      ] GC(86)     Total                          Min: 0, Avg: 172.8, Max: 371, Diff: 371, Sum: 691, Workers: 4
[1047.276s][debug][gc,phases      ] GC(86)   ObjectSynchronizer Weak        Min:  0.0, Avg:  0.0, Max:  0.0, Diff:  0.0, Sum:  0.0, Workers: 4
[1047.276s][debug][gc,phases      ] GC(86)     Dead                           Min: 0, Avg:  0.0, Max: 0, Diff: 0, Sum: 0, Workers: 4
[1047.276s][debug][gc,phases      ] GC(86)     Total                          Min: 0, Avg:  1.0, Max: 4, Diff: 4, Sum: 4, Workers: 4
[1047.276s][debug][gc,phases      ] GC(86)   JVMTI Tag Weak OopStorage      Min:  0.0, Avg:  0.0, Max:  0.0, Diff:  0.0, Sum:  0.0, Workers: 4
[1047.276s][debug][gc,phases      ] GC(86)     Dead                           Min: 0, Avg:  0.0, Max: 0, Diff: 0, Sum: 0, Workers: 4
[1047.276s][debug][gc,phases      ] GC(86)     Total                          Min: 0, Avg:  0.0, Max: 0, Diff: 0, Sum: 0, Workers: 4
[1047.276s][debug][gc,phases      ] GC(86)   StringTable Weak               Min:  0.0, Avg:  0.1, Max:  0.1, Diff:  0.1, Sum:  0.4, Workers: 4
[1047.276s][debug][gc,phases      ] GC(86)     Dead                           Min: 0, Avg:  0.0, Max: 0, Diff: 0, Sum: 0, Workers: 4
[1047.276s][debug][gc,phases      ] GC(86)     Total                          Min: 0, Avg: 10686.5, Max: 16634, Diff: 16634, Sum: 42746, Workers: 4
[1047.276s][debug][gc,phases      ] GC(86)   ResolvedMethodTable Weak       Min:  0.0, Avg:  0.0, Max:  0.0, Diff:  0.0, Sum:  0.1, Workers: 4
[1047.276s][debug][gc,phases      ] GC(86)     Dead                           Min: 0, Avg:  0.0, Max: 0, Diff: 0, Sum: 0, Workers: 4
[1047.276s][debug][gc,phases      ] GC(86)     Total                          Min: 0, Avg: 2276.2, Max: 3639, Diff: 3639, Sum: 9105, Workers: 4
[1047.276s][debug][gc,phases      ] GC(86)   JNI Weak                       Min:  0.0, Avg:  0.0, Max:  0.0, Diff:  0.0, Sum:  0.0, Workers: 4
[1047.276s][debug][gc,phases      ] GC(86)     Dead                           Min: 0, Avg:  0.0, Max: 0, Diff: 0, Sum: 0, Workers: 4
[1047.276s][debug][gc,phases      ] GC(86)     Total                          Min: 0, Avg: 11.2, Max: 45, Diff: 45, Sum: 45, Workers: 4
[1047.276s][debug][gc,phases      ] GC(86)   StringDedup Table Weak         Min:  0.0, Avg:  0.0, Max:  0.0, Diff:  0.0, Sum:  0.0, Workers: 4
[1047.276s][debug][gc,phases      ] GC(86)     Dead                           Min: 0, Avg:  0.0, Max: 0, Diff: 0, Sum: 0, Workers: 4
[1047.276s][debug][gc,phases      ] GC(86)     Total                          Min: 0, Avg:  0.0, Max: 0, Diff: 0, Sum: 0, Workers: 4
[1047.276s][debug][gc,phases      ] GC(86)   StringDedup Requests0 Weak     Min:  0.0, Avg:  0.0, Max:  0.0, Diff:  0.0, Sum:  0.0, Workers: 4
[1047.276s][debug][gc,phases      ] GC(86)     Dead                           Min: 0, Avg:  0.0, Max: 0, Diff: 0, Sum: 0, Workers: 4
[1047.276s][debug][gc,phases      ] GC(86)     Total                          Min: 0, Avg:  0.0, Max: 0, Diff: 0, Sum: 0, Workers: 4
[1047.276s][debug][gc,phases      ] GC(86)   StringDedup Requests1 Weak     Min:  0.0, Avg:  0.0, Max:  0.0, Diff:  0.0, Sum:  0.0, Workers: 4
[1047.276s][debug][gc,phases      ] GC(86)     Dead                           Min: 0, Avg:  0.0, Max: 0, Diff: 0, Sum: 0, Workers: 4
[1047.276s][debug][gc,phases      ] GC(86)     Total                          Min: 0, Avg:  0.0, Max: 0, Diff: 0, Sum: 0, Workers: 4
[1047.276s][debug][gc,phases      ] GC(86)   Weak JFR Old Object Samples    Min:  0.0, Avg:  0.0, Max:  0.0, Diff:  0.0, Sum:  0.0, Workers: 4
[1047.276s][debug][gc,phases      ] GC(86)     Dead                           Min: 0, Avg:  0.0, Max: 0, Diff: 0, Sum: 0, Workers: 4
[1047.276s][debug][gc,phases      ] GC(86)     Total                          Min: 0, Avg:  0.0, Max: 0, Diff: 0, Sum: 0, Workers: 4
[1047.276s][debug][gc,phases      ] GC(86) Weak Processing 0.377ms
[1047.276s][debug][gc,age         ] GC(86) Desired survivor size 6815744 bytes, new threshold 15 (max threshold 15)
[1047.276s][info ][gc,heap        ] GC(86) PSYoungGen: 2082496K(2089984K)->160K(2089472K) Eden: 2082304K(2082304K)->0K(2082304K) From: 192K(7680K)->160K(7168K)
[1047.276s][info ][gc,heap        ] GC(86) ParOldGen: 235550K(324096K)->235558K(324096K)
[1047.276s][info ][gc,metaspace   ] GC(86) Metaspace: 79995K(80832K)->79995K(80832K) NonClass: 68287K(68736K)->68287K(68736K) Class: 11707K(12096K)->11707K(12096K)
[1047.276s][info ][gc             ] GC(86) Pause Young (Allocation Failure) 2263M->230M(2357M) 2.542ms
[1047.276s][info ][gc,cpu         ] GC(86) User=0.01s Sys=0.00s Real=0.00s
[1047.276s][info ][safepoint      ] Safepoint "ParallelGCFailedAllocation", Time since last: 2296744583 ns, Reaching safepoint: 6000 ns, Cleanup: 30800 ns, At safepoint: 2600013 ns, Total: 2636813 ns
[1063.575s][info ][gc,start       ] GC(87) Pause Young (Allocation Failure)
[1063.577s][debug][gc,phases      ] GC(87) Scavenge 1.980ms
[1063.577s][debug][gc,ref         ] GC(87) Skipped phase 1 of Reference Processing: no references
[1063.577s][debug][gc,ref         ] GC(87) Skipped phase 2 of Reference Processing: no references
[1063.577s][debug][gc,ref         ] GC(87) Skipped phase 3 of Reference Processing: no references
[1063.577s][debug][gc,ref         ] GC(87) ReferenceProcessor::execute queues: 1, RefProcThreadModel::Single, marks_oops_alive: false
[1063.577s][debug][gc,phases      ] GC(87) Reference Processing 0.099ms
[1063.577s][debug][gc,phases      ] GC(87)   VM Weak                        Min:  0.0, Avg:  0.0, Max:  0.0, Diff:  0.0, Sum:  0.0, Workers: 4
[1063.577s][debug][gc,phases      ] GC(87)     Dead                           Min: 0, Avg:  0.0, Max: 0, Diff: 0, Sum: 0, Workers: 4
[1063.577s][debug][gc,phases      ] GC(87)     Total                          Min: 0, Avg: 172.8, Max: 563, Diff: 563, Sum: 691, Workers: 4
[1063.577s][debug][gc,phases      ] GC(87)   ObjectSynchronizer Weak        Min:  0.0, Avg:  0.0, Max:  0.0, Diff:  0.0, Sum:  0.0, Workers: 4
[1063.577s][debug][gc,phases      ] GC(87)     Dead                           Min: 0, Avg:  0.0, Max: 0, Diff: 0, Sum: 0, Workers: 4
[1063.577s][debug][gc,phases      ] GC(87)     Total                          Min: 0, Avg:  1.0, Max: 4, Diff: 4, Sum: 4, Workers: 4
[1063.577s][debug][gc,phases      ] GC(87)   JVMTI Tag Weak OopStorage      Min:  0.0, Avg:  0.0, Max:  0.0, Diff:  0.0, Sum:  0.0, Workers: 4
[1063.577s][debug][gc,phases      ] GC(87)     Dead                           Min: 0, Avg:  0.0, Max: 0, Diff: 0, Sum: 0, Workers: 4
[1063.577s][debug][gc,phases      ] GC(87)     Total                          Min: 0, Avg:  0.0, Max: 0, Diff: 0, Sum: 0, Workers: 4
[1063.577s][debug][gc,phases      ] GC(87)   StringTable Weak               Min:  0.0, Avg:  0.1, Max:  0.1, Diff:  0.1, Sum:  0.4, Workers: 4
[1063.577s][debug][gc,phases      ] GC(87)     Dead                           Min: 0, Avg:  0.0, Max: 0, Diff: 0, Sum: 0, Workers: 4
[1063.577s][debug][gc,phases      ] GC(87)     Total                          Min: 0, Avg: 10686.5, Max: 18944, Diff: 18944, Sum: 42746, Workers: 4
[1063.577s][debug][gc,phases      ] GC(87)   ResolvedMethodTable Weak       Min:  0.0, Avg:  0.0, Max:  0.0, Diff:  0.0, Sum:  0.1, Workers: 4
[1063.577s][debug][gc,phases      ] GC(87)     Dead                           Min: 0, Avg:  0.0, Max: 0, Diff: 0, Sum: 0, Workers: 4
[1063.577s][debug][gc,phases      ] GC(87)     Total                          Min: 0, Avg: 2276.2, Max: 4191, Diff: 4191, Sum: 9105, Workers: 4
[1063.577s][debug][gc,phases      ] GC(87)   JNI Weak                       Min:  0.0, Avg:  0.0, Max:  0.0, Diff:  0.0, Sum:  0.0, Workers: 4
[1063.577s][debug][gc,phases      ] GC(87)     Dead                           Min: 0, Avg:  0.0, Max: 0, Diff: 0, Sum: 0, Workers: 4
[1063.577s][debug][gc,phases      ] GC(87)     Total                          Min: 0, Avg: 11.2, Max: 45, Diff: 45, Sum: 45, Workers: 4
[1063.577s][debug][gc,phases      ] GC(87)   StringDedup Table Weak         Min:  0.0, Avg:  0.0, Max:  0.0, Diff:  0.0, Sum:  0.0, Workers: 4
[1063.577s][debug][gc,phases      ] GC(87)     Dead                           Min: 0, Avg:  0.0, Max: 0, Diff: 0, Sum: 0, Workers: 4
[1063.577s][debug][gc,phases      ] GC(87)     Total                          Min: 0, Avg:  0.0, Max: 0, Diff: 0, Sum: 0, Workers: 4
[1063.577s][debug][gc,phases      ] GC(87)   StringDedup Requests0 Weak     Min:  0.0, Avg:  0.0, Max:  0.0, Diff:  0.0, Sum:  0.0, Workers: 4
[1063.577s][debug][gc,phases      ] GC(87)     Dead                           Min: 0, Avg:  0.0, Max: 0, Diff: 0, Sum: 0, Workers: 4
[1063.577s][debug][gc,phases      ] GC(87)     Total                          Min: 0, Avg:  0.0, Max: 0, Diff: 0, Sum: 0, Workers: 4
[1063.577s][debug][gc,phases      ] GC(87)   StringDedup Requests1 Weak     Min:  0.0, Avg:  0.0, Max:  0.0, Diff:  0.0, Sum:  0.0, Workers: 4
[1063.577s][debug][gc,phases      ] GC(87)     Dead                           Min: 0, Avg:  0.0, Max: 0, Diff: 0, Sum: 0, Workers: 4
[1063.577s][debug][gc,phases      ] GC(87)     Total                          Min: 0, Avg:  0.0, Max: 0, Diff: 0, Sum: 0, Workers: 4
[1063.577s][debug][gc,phases      ] GC(87)   Weak JFR Old Object Samples    Min:  0.0, Avg:  0.0, Max:  0.0, Diff:  0.0, Sum:  0.0, Workers: 4
[1063.577s][debug][gc,phases      ] GC(87)     Dead                           Min: 0, Avg:  0.0, Max: 0, Diff: 0, Sum: 0, Workers: 4
[1063.577s][debug][gc,phases      ] GC(87)     Total                          Min: 0, Avg:  0.0, Max: 0, Diff: 0, Sum: 0, Workers: 4
[1063.577s][debug][gc,phases      ] GC(87) Weak Processing 0.357ms
[1063.577s][debug][gc,age         ] GC(87) Desired survivor size 6291456 bytes, new threshold 15 (max threshold 15)
[1063.577s][info ][gc,heap        ] GC(87) PSYoungGen: 2082464K(2089472K)->160K(2091008K) Eden: 2082304K(2082304K)->0K(2084352K) From: 160K(7168K)->160K(6656K)
[1063.577s][info ][gc,heap        ] GC(87) ParOldGen: 235558K(324096K)->235566K(324096K)
[1063.577s][info ][gc,metaspace   ] GC(87) Metaspace: 79995K(80832K)->79995K(80832K) NonClass: 68287K(68736K)->68287K(68736K) Class: 11707K(12096K)->11707K(12096K)
[1063.577s][info ][gc             ] GC(87) Pause Young (Allocation Failure) 2263M->230M(2358M) 2.530ms
[1063.577s][info ][gc,cpu         ] GC(87) User=0.01s Sys=0.00s Real=0.00s
[1063.577s][info ][safepoint      ] Safepoint "ParallelGCFailedAllocation", Time since last: 16298500575 ns, Reaching safepoint: 4000 ns, Cleanup: 32101 ns, At safepoint: 2584213 ns, Total: 2620314 ns
[1079.923s][info ][gc,start       ] GC(88) Pause Young (Allocation Failure)
[1079.925s][debug][gc,phases      ] GC(88) Scavenge 2.142ms
[1079.925s][debug][gc,ref         ] GC(88) Skipped phase 1 of Reference Processing: no references
[1079.925s][debug][gc,ref         ] GC(88) Skipped phase 2 of Reference Processing: no references
[1079.925s][debug][gc,ref         ] GC(88) Skipped phase 3 of Reference Processing: no references
[1079.925s][debug][gc,ref         ] GC(88) ReferenceProcessor::execute queues: 1, RefProcThreadModel::Single, marks_oops_alive: false
[1079.925s][debug][gc,phases      ] GC(88) Reference Processing 0.095ms
[1079.926s][debug][gc,phases      ] GC(88)   VM Weak                        Min:  0.0, Avg:  0.0, Max:  0.0, Diff:  0.0, Sum:  0.0, Workers: 4
[1079.926s][debug][gc,phases      ] GC(88)     Dead                           Min: 0, Avg:  0.0, Max: 0, Diff: 0, Sum: 0, Workers: 4
[1079.926s][debug][gc,phases      ] GC(88)     Total                          Min: 0, Avg: 172.8, Max: 691, Diff: 691, Sum: 691, Workers: 4
[1079.926s][debug][gc,phases      ] GC(88)   ObjectSynchronizer Weak        Min:  0.0, Avg:  0.0, Max:  0.0, Diff:  0.0, Sum:  0.0, Workers: 4
[1079.926s][debug][gc,phases      ] GC(88)     Dead                           Min: 0, Avg:  0.0, Max: 0, Diff: 0, Sum: 0, Workers: 4
[1079.926s][debug][gc,phases      ] GC(88)     Total                          Min: 0, Avg:  1.0, Max: 4, Diff: 4, Sum: 4, Workers: 4
[1079.926s][debug][gc,phases      ] GC(88)   JVMTI Tag Weak OopStorage      Min:  0.0, Avg:  0.0, Max:  0.0, Diff:  0.0, Sum:  0.0, Workers: 4
[1079.926s][debug][gc,phases      ] GC(88)     Dead                           Min: 0, Avg:  0.0, Max: 0, Diff: 0, Sum: 0, Workers: 4
[1079.926s][debug][gc,phases      ] GC(88)     Total                          Min: 0, Avg:  0.0, Max: 0, Diff: 0, Sum: 0, Workers: 4
[1079.926s][debug][gc,phases      ] GC(88)   StringTable Weak               Min:  0.1, Avg:  0.1, Max:  0.1, Diff:  0.0, Sum:  0.5, Workers: 4
[1079.926s][debug][gc,phases      ] GC(88)     Dead                           Min: 0, Avg:  0.0, Max: 0, Diff: 0, Sum: 0, Workers: 4
[1079.926s][debug][gc,phases      ] GC(88)     Total                          Min: 6144, Avg: 10686.5, Max: 12608, Diff: 6464, Sum: 42746, Workers: 4
[1079.926s][debug][gc,phases      ] GC(88)   ResolvedMethodTable Weak       Min:  0.0, Avg:  0.0, Max:  0.0, Diff:  0.0, Sum:  0.1, Workers: 4
[1079.926s][debug][gc,phases      ] GC(88)     Dead                           Min: 0, Avg:  0.0, Max: 0, Diff: 0, Sum: 0, Workers: 4
[1079.926s][debug][gc,phases      ] GC(88)     Total                          Min: 2155, Avg: 2276.2, Max: 2397, Diff: 242, Sum: 9105, Workers: 4
[1079.926s][debug][gc,phases      ] GC(88)   JNI Weak                       Min:  0.0, Avg:  0.0, Max:  0.0, Diff:  0.0, Sum:  0.0, Workers: 4
[1079.926s][debug][gc,phases      ] GC(88)     Dead                           Min: 0, Avg:  0.0, Max: 0, Diff: 0, Sum: 0, Workers: 4
[1079.926s][debug][gc,phases      ] GC(88)     Total                          Min: 0, Avg: 11.2, Max: 45, Diff: 45, Sum: 45, Workers: 4
[1079.926s][debug][gc,phases      ] GC(88)   StringDedup Table Weak         Min:  0.0, Avg:  0.0, Max:  0.0, Diff:  0.0, Sum:  0.0, Workers: 4
[1079.926s][debug][gc,phases      ] GC(88)     Dead                           Min: 0, Avg:  0.0, Max: 0, Diff: 0, Sum: 0, Workers: 4
[1079.926s][debug][gc,phases      ] GC(88)     Total                          Min: 0, Avg:  0.0, Max: 0, Diff: 0, Sum: 0, Workers: 4
[1079.926s][debug][gc,phases      ] GC(88)   StringDedup Requests0 Weak     Min:  0.0, Avg:  0.0, Max:  0.0, Diff:  0.0, Sum:  0.0, Workers: 4
[1079.926s][debug][gc,phases      ] GC(88)     Dead                           Min: 0, Avg:  0.0, Max: 0, Diff: 0, Sum: 0, Workers: 4
[1079.926s][debug][gc,phases      ] GC(88)     Total                          Min: 0, Avg:  0.0, Max: 0, Diff: 0, Sum: 0, Workers: 4
[1079.926s][debug][gc,phases      ] GC(88)   StringDedup Requests1 Weak     Min:  0.0, Avg:  0.0, Max:  0.0, Diff:  0.0, Sum:  0.0, Workers: 4
[1079.926s][debug][gc,phases      ] GC(88)     Dead                           Min: 0, Avg:  0.0, Max: 0, Diff: 0, Sum: 0, Workers: 4
[1079.926s][debug][gc,phases      ] GC(88)     Total                          Min: 0, Avg:  0.0, Max: 0, Diff: 0, Sum: 0, Workers: 4
[1079.926s][debug][gc,phases      ] GC(88)   Weak JFR Old Object Samples    Min:  0.0, Avg:  0.0, Max:  0.0, Diff:  0.0, Sum:  0.0, Workers: 4
[1079.926s][debug][gc,phases      ] GC(88)     Dead                           Min: 0, Avg:  0.0, Max: 0, Diff: 0, Sum: 0, Workers: 4
[1079.926s][debug][gc,phases      ] GC(88)     Total                          Min: 0, Avg:  0.0, Max: 0, Diff: 0, Sum: 0, Workers: 4
[1079.926s][debug][gc,phases      ] GC(88) Weak Processing 0.367ms
[1079.926s][debug][gc,age         ] GC(88) Desired survivor size 5767168 bytes, new threshold 15 (max threshold 15)
[1079.926s][info ][gc,heap        ] GC(88) PSYoungGen: 2084512K(2091008K)->128K(2090496K) Eden: 2084352K(2084352K)->0K(2084352K) From: 160K(6656K)->128K(6144K)
[1079.926s][info ][gc,heap        ] GC(88) ParOldGen: 235566K(324096K)->235566K(324096K)
[1079.926s][info ][gc,metaspace   ] GC(88) Metaspace: 79995K(80832K)->79995K(80832K) NonClass: 68287K(68736K)->68287K(68736K) Class: 11707K(12096K)->11707K(12096K)
[1079.926s][info ][gc             ] GC(88) Pause Young (Allocation Failure) 2265M->230M(2358M) 2.717ms
[1079.926s][info ][gc,cpu         ] GC(88) User=0.01s Sys=0.00s Real=0.00s
[1079.926s][info ][safepoint      ] Safepoint "ParallelGCFailedAllocation", Time since last: 16345737683 ns, Reaching safepoint: 4200 ns, Cleanup: 25401 ns, At safepoint: 2813414 ns, Total: 2843015 ns
[1096.224s][info ][gc,start       ] GC(89) Pause Young (Allocation Failure)
[1096.226s][debug][gc,phases      ] GC(89) Scavenge 2.141ms
[1096.226s][debug][gc,ref         ] GC(89) Skipped phase 1 of Reference Processing: no references
[1096.226s][debug][gc,ref         ] GC(89) Skipped phase 2 of Reference Processing: no references
[1096.226s][debug][gc,ref         ] GC(89) Skipped phase 3 of Reference Processing: no references
[1096.226s][debug][gc,ref         ] GC(89) ReferenceProcessor::execute queues: 1, RefProcThreadModel::Single, marks_oops_alive: false
[1096.226s][debug][gc,phases      ] GC(89) Reference Processing 0.089ms
[1096.226s][debug][gc,phases      ] GC(89)   VM Weak                        Min:  0.0, Avg:  0.0, Max:  0.0, Diff:  0.0, Sum:  0.0, Workers: 4
[1096.226s][debug][gc,phases      ] GC(89)     Dead                           Min: 0, Avg:  0.0, Max: 0, Diff: 0, Sum: 0, Workers: 4
[1096.226s][debug][gc,phases      ] GC(89)     Total                          Min: 0, Avg: 172.8, Max: 256, Diff: 256, Sum: 691, Workers: 4
[1096.226s][debug][gc,phases      ] GC(89)   ObjectSynchronizer Weak        Min:  0.0, Avg:  0.0, Max:  0.0, Diff:  0.0, Sum:  0.0, Workers: 4
[1096.226s][debug][gc,phases      ] GC(89)     Dead                           Min: 0, Avg:  0.0, Max: 0, Diff: 0, Sum: 0, Workers: 4
[1096.226s][debug][gc,phases      ] GC(89)     Total                          Min: 0, Avg:  1.0, Max: 4, Diff: 4, Sum: 4, Workers: 4
[1096.226s][debug][gc,phases      ] GC(89)   JVMTI Tag Weak OopStorage      Min:  0.0, Avg:  0.0, Max:  0.0, Diff:  0.0, Sum:  0.0, Workers: 4
[1096.226s][debug][gc,phases      ] GC(89)     Dead                           Min: 0, Avg:  0.0, Max: 0, Diff: 0, Sum: 0, Workers: 4
[1096.226s][debug][gc,phases      ] GC(89)     Total                          Min: 0, Avg:  0.0, Max: 0, Diff: 0, Sum: 0, Workers: 4
[1096.226s][debug][gc,phases      ] GC(89)   StringTable Weak               Min:  0.1, Avg:  0.1, Max:  0.1, Diff:  0.0, Sum:  0.4, Workers: 4
[1096.226s][debug][gc,phases      ] GC(89)     Dead                           Min: 0, Avg:  0.0, Max: 0, Diff: 0, Sum: 0, Workers: 4
[1096.226s][debug][gc,phases      ] GC(89)     Total                          Min: 10432, Avg: 10686.5, Max: 11008, Diff: 576, Sum: 42746, Workers: 4
[1096.226s][debug][gc,phases      ] GC(89)   ResolvedMethodTable Weak       Min:  0.0, Avg:  0.0, Max:  0.0, Diff:  0.0, Sum:  0.1, Workers: 4
[1096.226s][debug][gc,phases      ] GC(89)     Dead                           Min: 0, Avg:  0.0, Max: 0, Diff: 0, Sum: 0, Workers: 4
[1096.226s][debug][gc,phases      ] GC(89)     Total                          Min: 2132, Avg: 2276.2, Max: 2394, Diff: 262, Sum: 9105, Workers: 4
[1096.226s][debug][gc,phases      ] GC(89)   JNI Weak                       Min:  0.0, Avg:  0.0, Max:  0.0, Diff:  0.0, Sum:  0.0, Workers: 4
[1096.226s][debug][gc,phases      ] GC(89)     Dead                           Min: 0, Avg:  0.0, Max: 0, Diff: 0, Sum: 0, Workers: 4
[1096.226s][debug][gc,phases      ] GC(89)     Total                          Min: 0, Avg: 11.2, Max: 45, Diff: 45, Sum: 45, Workers: 4
[1096.226s][debug][gc,phases      ] GC(89)   StringDedup Table Weak         Min:  0.0, Avg:  0.0, Max:  0.0, Diff:  0.0, Sum:  0.0, Workers: 4
[1096.226s][debug][gc,phases      ] GC(89)     Dead                           Min: 0, Avg:  0.0, Max: 0, Diff: 0, Sum: 0, Workers: 4
[1096.226s][debug][gc,phases      ] GC(89)     Total                          Min: 0, Avg:  0.0, Max: 0, Diff: 0, Sum: 0, Workers: 4
[1096.226s][debug][gc,phases      ] GC(89)   StringDedup Requests0 Weak     Min:  0.0, Avg:  0.0, Max:  0.0, Diff:  0.0, Sum:  0.0, Workers: 4
[1096.226s][debug][gc,phases      ] GC(89)     Dead                           Min: 0, Avg:  0.0, Max: 0, Diff: 0, Sum: 0, Workers: 4
[1096.226s][debug][gc,phases      ] GC(89)     Total                          Min: 0, Avg:  0.0, Max: 0, Diff: 0, Sum: 0, Workers: 4
[1096.226s][debug][gc,phases      ] GC(89)   StringDedup Requests1 Weak     Min:  0.0, Avg:  0.0, Max:  0.0, Diff:  0.0, Sum:  0.0, Workers: 4
[1096.226s][debug][gc,phases      ] GC(89)     Dead                           Min: 0, Avg:  0.0, Max: 0, Diff: 0, Sum: 0, Workers: 4
[1096.226s][debug][gc,phases      ] GC(89)     Total                          Min: 0, Avg:  0.0, Max: 0, Diff: 0, Sum: 0, Workers: 4
[1096.226s][debug][gc,phases      ] GC(89)   Weak JFR Old Object Samples    Min:  0.0, Avg:  0.0, Max:  0.0, Diff:  0.0, Sum:  0.0, Workers: 4
[1096.226s][debug][gc,phases      ] GC(89)     Dead                           Min: 0, Avg:  0.0, Max: 0, Diff: 0, Sum: 0, Workers: 4
[1096.226s][debug][gc,phases      ] GC(89)     Total                          Min: 0, Avg:  0.0, Max: 0, Diff: 0, Sum: 0, Workers: 4
[1096.226s][debug][gc,phases      ] GC(89) Weak Processing 0.319ms
[1096.226s][debug][gc,age         ] GC(89) Desired survivor size 5242880 bytes, new threshold 15 (max threshold 15)
[1096.226s][info ][gc,heap        ] GC(89) PSYoungGen: 2084480K(2090496K)->192K(2092032K) Eden: 2084352K(2084352K)->0K(2086400K) From: 128K(6144K)->192K(5632K)
[1096.226s][info ][gc,heap        ] GC(89) ParOldGen: 235566K(324096K)->235574K(324096K)
[1096.227s][info ][gc,metaspace   ] GC(89) Metaspace: 79997K(80832K)->79997K(80832K) NonClass: 68289K(68736K)->68289K(68736K) Class: 11707K(12096K)->11707K(12096K)
[1096.227s][info ][gc             ] GC(89) Pause Young (Allocation Failure) 2265M->230M(2359M) 2.682ms
[1096.227s][info ][gc,cpu         ] GC(89) User=0.01s Sys=0.00s Real=0.00s
[1096.227s][info ][safepoint      ] Safepoint "ParallelGCFailedAllocation", Time since last: 16298050633 ns, Reaching safepoint: 5200 ns, Cleanup: 26500 ns, At safepoint: 2761314 ns, Total: 2793014 ns
[1112.574s][info ][gc,start       ] GC(90) Pause Young (Allocation Failure)
[1112.576s][debug][gc,phases      ] GC(90) Scavenge 2.004ms
[1112.576s][debug][gc,ref         ] GC(90) Skipped phase 1 of Reference Processing: no references
[1112.576s][debug][gc,ref         ] GC(90) Skipped phase 2 of Reference Processing: no references
[1112.576s][debug][gc,ref         ] GC(90) Skipped phase 3 of Reference Processing: no references
[1112.576s][debug][gc,ref         ] GC(90) ReferenceProcessor::execute queues: 1, RefProcThreadModel::Single, marks_oops_alive: false
[1112.576s][debug][gc,phases      ] GC(90) Reference Processing 0.094ms
[1112.576s][debug][gc,phases      ] GC(90)   VM Weak                        Min:  0.0, Avg:  0.0, Max:  0.0, Diff:  0.0, Sum:  0.0, Workers: 4
[1112.576s][debug][gc,phases      ] GC(90)     Dead                           Min: 0, Avg:  0.0, Max: 0, Diff: 0, Sum: 0, Workers: 4
[1112.576s][debug][gc,phases      ] GC(90)     Total                          Min: 0, Avg: 172.8, Max: 448, Diff: 448, Sum: 691, Workers: 4
[1112.576s][debug][gc,phases      ] GC(90)   ObjectSynchronizer Weak        Min:  0.0, Avg:  0.0, Max:  0.0, Diff:  0.0, Sum:  0.0, Workers: 4
[1112.576s][debug][gc,phases      ] GC(90)     Dead                           Min: 0, Avg:  0.0, Max: 0, Diff: 0, Sum: 0, Workers: 4
[1112.576s][debug][gc,phases      ] GC(90)     Total                          Min: 0, Avg:  1.0, Max: 4, Diff: 4, Sum: 4, Workers: 4
[1112.576s][debug][gc,phases      ] GC(90)   JVMTI Tag Weak OopStorage      Min:  0.0, Avg:  0.0, Max:  0.0, Diff:  0.0, Sum:  0.0, Workers: 4
[1112.576s][debug][gc,phases      ] GC(90)     Dead                           Min: 0, Avg:  0.0, Max: 0, Diff: 0, Sum: 0, Workers: 4
[1112.576s][debug][gc,phases      ] GC(90)     Total                          Min: 0, Avg:  0.0, Max: 0, Diff: 0, Sum: 0, Workers: 4
[1112.576s][debug][gc,phases      ] GC(90)   StringTable Weak               Min:  0.0, Avg:  0.1, Max:  0.1, Diff:  0.1, Sum:  0.4, Workers: 4
[1112.576s][debug][gc,phases      ] GC(90)     Dead                           Min: 0, Avg:  0.0, Max: 0, Diff: 0, Sum: 0, Workers: 4
[1112.576s][debug][gc,phases      ] GC(90)     Total                          Min: 0, Avg: 10686.5, Max: 17978, Diff: 17978, Sum: 42746, Workers: 4
[1112.576s][debug][gc,phases      ] GC(90)   ResolvedMethodTable Weak       Min:  0.0, Avg:  0.0, Max:  0.0, Diff:  0.0, Sum:  0.1, Workers: 4
[1112.576s][debug][gc,phases      ] GC(90)     Dead                           Min: 0, Avg:  0.0, Max: 0, Diff: 0, Sum: 0, Workers: 4
[1112.576s][debug][gc,phases      ] GC(90)     Total                          Min: 0, Avg: 2276.2, Max: 3697, Diff: 3697, Sum: 9105, Workers: 4
[1112.576s][debug][gc,phases      ] GC(90)   JNI Weak                       Min:  0.0, Avg:  0.0, Max:  0.0, Diff:  0.0, Sum:  0.0, Workers: 4
[1112.576s][debug][gc,phases      ] GC(90)     Dead                           Min: 0, Avg:  0.0, Max: 0, Diff: 0, Sum: 0, Workers: 4
[1112.576s][debug][gc,phases      ] GC(90)     Total                          Min: 0, Avg: 11.2, Max: 45, Diff: 45, Sum: 45, Workers: 4
[1112.576s][debug][gc,phases      ] GC(90)   StringDedup Table Weak         Min:  0.0, Avg:  0.0, Max:  0.0, Diff:  0.0, Sum:  0.0, Workers: 4
[1112.576s][debug][gc,phases      ] GC(90)     Dead                           Min: 0, Avg:  0.0, Max: 0, Diff: 0, Sum: 0, Workers: 4
[1112.576s][debug][gc,phases      ] GC(90)     Total                          Min: 0, Avg:  0.0, Max: 0, Diff: 0, Sum: 0, Workers: 4
[1112.576s][debug][gc,phases      ] GC(90)   StringDedup Requests0 Weak     Min:  0.0, Avg:  0.0, Max:  0.0, Diff:  0.0, Sum:  0.0, Workers: 4
[1112.576s][debug][gc,phases      ] GC(90)     Dead                           Min: 0, Avg:  0.0, Max: 0, Diff: 0, Sum: 0, Workers: 4
[1112.576s][debug][gc,phases      ] GC(90)     Total                          Min: 0, Avg:  0.0, Max: 0, Diff: 0, Sum: 0, Workers: 4
[1112.576s][debug][gc,phases      ] GC(90)   StringDedup Requests1 Weak     Min:  0.0, Avg:  0.0, Max:  0.0, Diff:  0.0, Sum:  0.0, Workers: 4
[1112.576s][debug][gc,phases      ] GC(90)     Dead                           Min: 0, Avg:  0.0, Max: 0, Diff: 0, Sum: 0, Workers: 4
[1112.576s][debug][gc,phases      ] GC(90)     Total                          Min: 0, Avg:  0.0, Max: 0, Diff: 0, Sum: 0, Workers: 4
[1112.576s][debug][gc,phases      ] GC(90)   Weak JFR Old Object Samples    Min:  0.0, Avg:  0.0, Max:  0.0, Diff:  0.0, Sum:  0.0, Workers: 4
[1112.576s][debug][gc,phases      ] GC(90)     Dead                           Min: 0, Avg:  0.0, Max: 0, Diff: 0, Sum: 0, Workers: 4
[1112.576s][debug][gc,phases      ] GC(90)     Total                          Min: 0, Avg:  0.0, Max: 0, Diff: 0, Sum: 0, Workers: 4
[1112.576s][debug][gc,phases      ] GC(90) Weak Processing 0.341ms
[1112.576s][debug][gc,age         ] GC(90) Desired survivor size 4718592 bytes, new threshold 15 (max threshold 15)
[1112.576s][info ][gc,heap        ] GC(90) PSYoungGen: 2086592K(2092032K)->160K(2091520K) Eden: 2086400K(2086400K)->0K(2086400K) From: 192K(5632K)->160K(5120K)
[1112.576s][info ][gc,heap        ] GC(90) ParOldGen: 235574K(324096K)->235582K(324096K)
[1112.576s][info ][gc,metaspace   ] GC(90) Metaspace: 79997K(80832K)->79997K(80832K) NonClass: 68289K(68736K)->68289K(68736K) Class: 11707K(12096K)->11707K(12096K)
[1112.576s][info ][gc             ] GC(90) Pause Young (Allocation Failure) 2267M->230M(2359M) 2.567ms
[1112.576s][info ][gc,cpu         ] GC(90) User=0.00s Sys=0.01s Real=0.00s
[1112.576s][info ][safepoint      ] Safepoint "ParallelGCFailedAllocation", Time since last: 16347236143 ns, Reaching safepoint: 4100 ns, Cleanup: 38200 ns, At safepoint: 2654014 ns, Total: 2696314 ns
[1125.577s][info ][safepoint      ] Safepoint "Cleanup", Time since last: 13000874267 ns, Reaching safepoint: 5800 ns, Cleanup: 43100 ns, At safepoint: 5300 ns, Total: 54200 ns
[1128.923s][info ][gc,start       ] GC(91) Pause Young (Allocation Failure)
[1128.925s][debug][gc,phases      ] GC(91) Scavenge 2.187ms
[1128.925s][debug][gc,ref         ] GC(91) Skipped phase 1 of Reference Processing: no references
[1128.925s][debug][gc,ref         ] GC(91) Skipped phase 2 of Reference Processing: no references
[1128.925s][debug][gc,ref         ] GC(91) Skipped phase 3 of Reference Processing: no references
[1128.925s][debug][gc,ref         ] GC(91) ReferenceProcessor::execute queues: 1, RefProcThreadModel::Single, marks_oops_alive: false
[1128.925s][debug][gc,phases      ] GC(91) Reference Processing 0.098ms
[1128.926s][debug][gc,phases      ] GC(91)   VM Weak                        Min:  0.0, Avg:  0.0, Max:  0.0, Diff:  0.0, Sum:  0.0, Workers: 4
[1128.926s][debug][gc,phases      ] GC(91)     Dead                           Min: 0, Avg:  0.0, Max: 0, Diff: 0, Sum: 0, Workers: 4
[1128.926s][debug][gc,phases      ] GC(91)     Total                          Min: 0, Avg: 172.8, Max: 384, Diff: 384, Sum: 691, Workers: 4
[1128.926s][debug][gc,phases      ] GC(91)   ObjectSynchronizer Weak        Min:  0.0, Avg:  0.0, Max:  0.0, Diff:  0.0, Sum:  0.0, Workers: 4
[1128.926s][debug][gc,phases      ] GC(91)     Dead                           Min: 0, Avg:  0.0, Max: 0, Diff: 0, Sum: 0, Workers: 4
[1128.926s][debug][gc,phases      ] GC(91)     Total                          Min: 0, Avg:  1.0, Max: 4, Diff: 4, Sum: 4, Workers: 4
[1128.926s][debug][gc,phases      ] GC(91)   JVMTI Tag Weak OopStorage      Min:  0.0, Avg:  0.0, Max:  0.0, Diff:  0.0, Sum:  0.0, Workers: 4
[1128.926s][debug][gc,phases      ] GC(91)     Dead                           Min: 0, Avg:  0.0, Max: 0, Diff: 0, Sum: 0, Workers: 4
[1128.926s][debug][gc,phases      ] GC(91)     Total                          Min: 0, Avg:  0.0, Max: 0, Diff: 0, Sum: 0, Workers: 4
[1128.926s][debug][gc,phases      ] GC(91)   StringTable Weak               Min:  0.0, Avg:  0.1, Max:  0.1, Diff:  0.1, Sum:  0.4, Workers: 4
[1128.926s][debug][gc,phases      ] GC(91)     Dead                           Min: 0, Avg:  0.0, Max: 0, Diff: 0, Sum: 0, Workers: 4
[1128.926s][debug][gc,phases      ] GC(91)     Total                          Min: 0, Avg: 10686.5, Max: 18490, Diff: 18490, Sum: 42746, Workers: 4
[1128.926s][debug][gc,phases      ] GC(91)   ResolvedMethodTable Weak       Min:  0.0, Avg:  0.0, Max:  0.0, Diff:  0.0, Sum:  0.1, Workers: 4
[1128.926s][debug][gc,phases      ] GC(91)     Dead                           Min: 0, Avg:  0.0, Max: 0, Diff: 0, Sum: 0, Workers: 4
[1128.926s][debug][gc,phases      ] GC(91)     Total                          Min: 0, Avg: 2276.2, Max: 3771, Diff: 3771, Sum: 9105, Workers: 4
[1128.926s][debug][gc,phases      ] GC(91)   JNI Weak                       Min:  0.0, Avg:  0.0, Max:  0.0, Diff:  0.0, Sum:  0.0, Workers: 4
[1128.926s][debug][gc,phases      ] GC(91)     Dead                           Min: 0, Avg:  0.0, Max: 0, Diff: 0, Sum: 0, Workers: 4
[1128.926s][debug][gc,phases      ] GC(91)     Total                          Min: 0, Avg: 11.2, Max: 45, Diff: 45, Sum: 45, Workers: 4
[1128.926s][debug][gc,phases      ] GC(91)   StringDedup Table Weak         Min:  0.0, Avg:  0.0, Max:  0.0, Diff:  0.0, Sum:  0.0, Workers: 4
[1128.926s][debug][gc,phases      ] GC(91)     Dead                           Min: 0, Avg:  0.0, Max: 0, Diff: 0, Sum: 0, Workers: 4
[1128.926s][debug][gc,phases      ] GC(91)     Total                          Min: 0, Avg:  0.0, Max: 0, Diff: 0, Sum: 0, Workers: 4
[1128.926s][debug][gc,phases      ] GC(91)   StringDedup Requests0 Weak     Min:  0.0, Avg:  0.0, Max:  0.0, Diff:  0.0, Sum:  0.0, Workers: 4
[1128.926s][debug][gc,phases      ] GC(91)     Dead                           Min: 0, Avg:  0.0, Max: 0, Diff: 0, Sum: 0, Workers: 4
[1128.926s][debug][gc,phases      ] GC(91)     Total                          Min: 0, Avg:  0.0, Max: 0, Diff: 0, Sum: 0, Workers: 4
[1128.926s][debug][gc,phases      ] GC(91)   StringDedup Requests1 Weak     Min:  0.0, Avg:  0.0, Max:  0.0, Diff:  0.0, Sum:  0.0, Workers: 4
[1128.926s][debug][gc,phases      ] GC(91)     Dead                           Min: 0, Avg:  0.0, Max: 0, Diff: 0, Sum: 0, Workers: 4
[1128.926s][debug][gc,phases      ] GC(91)     Total                          Min: 0, Avg:  0.0, Max: 0, Diff: 0, Sum: 0, Workers: 4
[1128.926s][debug][gc,phases      ] GC(91)   Weak JFR Old Object Samples    Min:  0.0, Avg:  0.0, Max:  0.0, Diff:  0.0, Sum:  0.0, Workers: 4
[1128.926s][debug][gc,phases      ] GC(91)     Dead                           Min: 0, Avg:  0.0, Max: 0, Diff: 0, Sum: 0, Workers: 4
[1128.926s][debug][gc,phases      ] GC(91)     Total                          Min: 0, Avg:  0.0, Max: 0, Diff: 0, Sum: 0, Workers: 4
[1128.926s][debug][gc,phases      ] GC(91) Weak Processing 0.328ms
[1128.926s][debug][gc,age         ] GC(91) Desired survivor size 4194304 bytes, new threshold 15 (max threshold 15)
[1128.926s][info ][gc,heap        ] GC(91) PSYoungGen: 2086560K(2091520K)->128K(2093056K) Eden: 2086400K(2086400K)->0K(2088448K) From: 160K(5120K)->128K(4608K)
[1128.926s][info ][gc,heap        ] GC(91) ParOldGen: 235582K(324096K)->235582K(324096K)
[1128.926s][info ][gc,metaspace   ] GC(91) Metaspace: 79997K(80832K)->79997K(80832K) NonClass: 68289K(68736K)->68289K(68736K) Class: 11707K(12096K)->11707K(12096K)
[1128.926s][info ][gc             ] GC(91) Pause Young (Allocation Failure) 2267M->230M(2360M) 2.703ms
[1128.926s][info ][gc,cpu         ] GC(91) User=0.01s Sys=0.00s Real=0.00s
[1128.926s][info ][safepoint      ] Safepoint "ParallelGCFailedAllocation", Time since last: 3345453369 ns, Reaching safepoint: 6600 ns, Cleanup: 46501 ns, At safepoint: 2784714 ns, Total: 2837815 ns
[1135.926s][info ][safepoint      ] Safepoint "Cleanup", Time since last: 7000513799 ns, Reaching safepoint: 4800 ns, Cleanup: 45000 ns, At safepoint: 3600 ns, Total: 53400 ns
[1145.273s][info ][gc,start       ] GC(92) Pause Young (Allocation Failure)
[1145.275s][debug][gc,phases      ] GC(92) Scavenge 1.528ms
[1145.275s][debug][gc,ref         ] GC(92) Skipped phase 1 of Reference Processing: no references
[1145.275s][debug][gc,ref         ] GC(92) Skipped phase 2 of Reference Processing: no references
[1145.275s][debug][gc,ref         ] GC(92) Skipped phase 3 of Reference Processing: no references
[1145.275s][debug][gc,ref         ] GC(92) ReferenceProcessor::execute queues: 1, RefProcThreadModel::Single, marks_oops_alive: false
[1145.275s][debug][gc,phases      ] GC(92) Reference Processing 0.096ms
[1145.275s][debug][gc,phases      ] GC(92)   VM Weak                        Min:  0.0, Avg:  0.0, Max:  0.0, Diff:  0.0, Sum:  0.0, Workers: 4
[1145.275s][debug][gc,phases      ] GC(92)     Dead                           Min: 0, Avg:  0.0, Max: 0, Diff: 0, Sum: 0, Workers: 4
[1145.275s][debug][gc,phases      ] GC(92)     Total                          Min: 0, Avg: 172.8, Max: 576, Diff: 576, Sum: 691, Workers: 4
[1145.275s][debug][gc,phases      ] GC(92)   ObjectSynchronizer Weak        Min:  0.0, Avg:  0.0, Max:  0.0, Diff:  0.0, Sum:  0.0, Workers: 4
[1145.275s][debug][gc,phases      ] GC(92)     Dead                           Min: 0, Avg:  0.0, Max: 0, Diff: 0, Sum: 0, Workers: 4
[1145.275s][debug][gc,phases      ] GC(92)     Total                          Min: 0, Avg:  1.0, Max: 4, Diff: 4, Sum: 4, Workers: 4
[1145.275s][debug][gc,phases      ] GC(92)   JVMTI Tag Weak OopStorage      Min:  0.0, Avg:  0.0, Max:  0.0, Diff:  0.0, Sum:  0.0, Workers: 4
[1145.275s][debug][gc,phases      ] GC(92)     Dead                           Min: 0, Avg:  0.0, Max: 0, Diff: 0, Sum: 0, Workers: 4
[1145.275s][debug][gc,phases      ] GC(92)     Total                          Min: 0, Avg:  0.0, Max: 0, Diff: 0, Sum: 0, Workers: 4
[1145.275s][debug][gc,phases      ] GC(92)   StringTable Weak               Min:  0.0, Avg:  0.1, Max:  0.1, Diff:  0.1, Sum:  0.4, Workers: 4
[1145.275s][debug][gc,phases      ] GC(92)     Dead                           Min: 0, Avg:  0.0, Max: 0, Diff: 0, Sum: 0, Workers: 4
[1145.275s][debug][gc,phases      ] GC(92)     Total                          Min: 0, Avg: 10686.5, Max: 17664, Diff: 17664, Sum: 42746, Workers: 4
[1145.275s][debug][gc,phases      ] GC(92)   ResolvedMethodTable Weak       Min:  0.0, Avg:  0.0, Max:  0.0, Diff:  0.0, Sum:  0.1, Workers: 4
[1145.275s][debug][gc,phases      ] GC(92)     Dead                           Min: 0, Avg:  0.0, Max: 0, Diff: 0, Sum: 0, Workers: 4
[1145.275s][debug][gc,phases      ] GC(92)     Total                          Min: 0, Avg: 2276.2, Max: 3460, Diff: 3460, Sum: 9105, Workers: 4
[1145.275s][debug][gc,phases      ] GC(92)   JNI Weak                       Min:  0.0, Avg:  0.0, Max:  0.0, Diff:  0.0, Sum:  0.0, Workers: 4
[1145.275s][debug][gc,phases      ] GC(92)     Dead                           Min: 0, Avg:  0.0, Max: 0, Diff: 0, Sum: 0, Workers: 4
[1145.275s][debug][gc,phases      ] GC(92)     Total                          Min: 0, Avg: 11.2, Max: 45, Diff: 45, Sum: 45, Workers: 4
[1145.275s][debug][gc,phases      ] GC(92)   StringDedup Table Weak         Min:  0.0, Avg:  0.0, Max:  0.0, Diff:  0.0, Sum:  0.0, Workers: 4
[1145.275s][debug][gc,phases      ] GC(92)     Dead                           Min: 0, Avg:  0.0, Max: 0, Diff: 0, Sum: 0, Workers: 4
[1145.275s][debug][gc,phases      ] GC(92)     Total                          Min: 0, Avg:  0.0, Max: 0, Diff: 0, Sum: 0, Workers: 4
[1145.275s][debug][gc,phases      ] GC(92)   StringDedup Requests0 Weak     Min:  0.0, Avg:  0.0, Max:  0.0, Diff:  0.0, Sum:  0.0, Workers: 4
[1145.275s][debug][gc,phases      ] GC(92)     Dead                           Min: 0, Avg:  0.0, Max: 0, Diff: 0, Sum: 0, Workers: 4
[1145.275s][debug][gc,phases      ] GC(92)     Total                          Min: 0, Avg:  0.0, Max: 0, Diff: 0, Sum: 0, Workers: 4
[1145.275s][debug][gc,phases      ] GC(92)   StringDedup Requests1 Weak     Min:  0.0, Avg:  0.0, Max:  0.0, Diff:  0.0, Sum:  0.0, Workers: 4
[1145.275s][debug][gc,phases      ] GC(92)     Dead                           Min: 0, Avg:  0.0, Max: 0, Diff: 0, Sum: 0, Workers: 4
[1145.275s][debug][gc,phases      ] GC(92)     Total                          Min: 0, Avg:  0.0, Max: 0, Diff: 0, Sum: 0, Workers: 4
[1145.275s][debug][gc,phases      ] GC(92)   Weak JFR Old Object Samples    Min:  0.0, Avg:  0.0, Max:  0.0, Diff:  0.0, Sum:  0.0, Workers: 4
[1145.275s][debug][gc,phases      ] GC(92)     Dead                           Min: 0, Avg:  0.0, Max: 0, Diff: 0, Sum: 0, Workers: 4
[1145.275s][debug][gc,phases      ] GC(92)     Total                          Min: 0, Avg:  0.0, Max: 0, Diff: 0, Sum: 0, Workers: 4
[1145.275s][debug][gc,phases      ] GC(92) Weak Processing 0.352ms
[1145.275s][debug][gc,age         ] GC(92) Desired survivor size 4194304 bytes, new threshold 15 (max threshold 15)
[1145.275s][info ][gc,heap        ] GC(92) PSYoungGen: 2088576K(2093056K)->192K(2092544K) Eden: 2088448K(2088448K)->0K(2088448K) From: 128K(4608K)->192K(4096K)
[1145.275s][info ][gc,heap        ] GC(92) ParOldGen: 235582K(324096K)->235590K(324096K)
[1145.275s][info ][gc,metaspace   ] GC(92) Metaspace: 79997K(80832K)->79997K(80832K) NonClass: 68289K(68736K)->68289K(68736K) Class: 11707K(12096K)->11707K(12096K)
[1145.275s][info ][gc             ] GC(92) Pause Young (Allocation Failure) 2269M->230M(2360M) 2.082ms
[1145.275s][info ][gc,cpu         ] GC(92) User=0.01s Sys=0.00s Real=0.00s
[1145.275s][info ][safepoint      ] Safepoint "ParallelGCFailedAllocation", Time since last: 9346922475 ns, Reaching safepoint: 4300 ns, Cleanup: 25300 ns, At safepoint: 2156913 ns, Total: 2186513 ns
[1154.276s][info ][safepoint      ] Safepoint "Cleanup", Time since last: 9000638617 ns, Reaching safepoint: 73601 ns, Cleanup: 50500 ns, At safepoint: 27201 ns, Total: 151302 ns
[1161.623s][info ][gc,start       ] GC(93) Pause Young (Allocation Failure)
[1161.625s][debug][gc,phases      ] GC(93) Scavenge 1.971ms
[1161.625s][debug][gc,ref         ] GC(93) Skipped phase 1 of Reference Processing: no references
[1161.625s][debug][gc,ref         ] GC(93) Skipped phase 2 of Reference Processing: no references
[1161.625s][debug][gc,ref         ] GC(93) Skipped phase 3 of Reference Processing: no references
[1161.625s][debug][gc,ref         ] GC(93) ReferenceProcessor::execute queues: 1, RefProcThreadModel::Single, marks_oops_alive: false
[1161.625s][debug][gc,phases      ] GC(93) Reference Processing 0.090ms
[1161.626s][debug][gc,phases      ] GC(93)   VM Weak                        Min:  0.0, Avg:  0.0, Max:  0.0, Diff:  0.0, Sum:  0.0, Workers: 4
[1161.626s][debug][gc,phases      ] GC(93)     Dead                           Min: 0, Avg:  0.0, Max: 0, Diff: 0, Sum: 0, Workers: 4
[1161.626s][debug][gc,phases      ] GC(93)     Total                          Min: 0, Avg: 172.8, Max: 371, Diff: 371, Sum: 691, Workers: 4
[1161.626s][debug][gc,phases      ] GC(93)   ObjectSynchronizer Weak        Min:  0.0, Avg:  0.0, Max:  0.0, Diff:  0.0, Sum:  0.0, Workers: 4
[1161.626s][debug][gc,phases      ] GC(93)     Dead                           Min: 0, Avg:  0.0, Max: 0, Diff: 0, Sum: 0, Workers: 4
[1161.626s][debug][gc,phases      ] GC(93)     Total                          Min: 0, Avg:  1.0, Max: 4, Diff: 4, Sum: 4, Workers: 4
[1161.626s][debug][gc,phases      ] GC(93)   JVMTI Tag Weak OopStorage      Min:  0.0, Avg:  0.0, Max:  0.0, Diff:  0.0, Sum:  0.0, Workers: 4
[1161.626s][debug][gc,phases      ] GC(93)     Dead                           Min: 0, Avg:  0.0, Max: 0, Diff: 0, Sum: 0, Workers: 4
[1161.626s][debug][gc,phases      ] GC(93)     Total                          Min: 0, Avg:  0.0, Max: 0, Diff: 0, Sum: 0, Workers: 4
[1161.626s][debug][gc,phases      ] GC(93)   StringTable Weak               Min:  0.0, Avg:  0.1, Max:  0.1, Diff:  0.1, Sum:  0.4, Workers: 4
[1161.626s][debug][gc,phases      ] GC(93)     Dead                           Min: 0, Avg:  0.0, Max: 0, Diff: 0, Sum: 0, Workers: 4
[1161.626s][debug][gc,phases      ] GC(93)     Total                          Min: 0, Avg: 10686.5, Max: 18560, Diff: 18560, Sum: 42746, Workers: 4
[1161.626s][debug][gc,phases      ] GC(93)   ResolvedMethodTable Weak       Min:  0.0, Avg:  0.0, Max:  0.0, Diff:  0.0, Sum:  0.1, Workers: 4
[1161.626s][debug][gc,phases      ] GC(93)     Dead                           Min: 0, Avg:  0.0, Max: 0, Diff: 0, Sum: 0, Workers: 4
[1161.626s][debug][gc,phases      ] GC(93)     Total                          Min: 0, Avg: 2276.2, Max: 4012, Diff: 4012, Sum: 9105, Workers: 4
[1161.626s][debug][gc,phases      ] GC(93)   JNI Weak                       Min:  0.0, Avg:  0.0, Max:  0.0, Diff:  0.0, Sum:  0.0, Workers: 4
[1161.626s][debug][gc,phases      ] GC(93)     Dead                           Min: 0, Avg:  0.0, Max: 0, Diff: 0, Sum: 0, Workers: 4
[1161.626s][debug][gc,phases      ] GC(93)     Total                          Min: 0, Avg: 11.2, Max: 45, Diff: 45, Sum: 45, Workers: 4
[1161.626s][debug][gc,phases      ] GC(93)   StringDedup Table Weak         Min:  0.0, Avg:  0.0, Max:  0.0, Diff:  0.0, Sum:  0.0, Workers: 4
[1161.626s][debug][gc,phases      ] GC(93)     Dead                           Min: 0, Avg:  0.0, Max: 0, Diff: 0, Sum: 0, Workers: 4
[1161.626s][debug][gc,phases      ] GC(93)     Total                          Min: 0, Avg:  0.0, Max: 0, Diff: 0, Sum: 0, Workers: 4
[1161.626s][debug][gc,phases      ] GC(93)   StringDedup Requests0 Weak     Min:  0.0, Avg:  0.0, Max:  0.0, Diff:  0.0, Sum:  0.0, Workers: 4
[1161.626s][debug][gc,phases      ] GC(93)     Dead                           Min: 0, Avg:  0.0, Max: 0, Diff: 0, Sum: 0, Workers: 4
[1161.626s][debug][gc,phases      ] GC(93)     Total                          Min: 0, Avg:  0.0, Max: 0, Diff: 0, Sum: 0, Workers: 4
[1161.626s][debug][gc,phases      ] GC(93)   StringDedup Requests1 Weak     Min:  0.0, Avg:  0.0, Max:  0.0, Diff:  0.0, Sum:  0.0, Workers: 4
[1161.626s][debug][gc,phases      ] GC(93)     Dead                           Min: 0, Avg:  0.0, Max: 0, Diff: 0, Sum: 0, Workers: 4
[1161.626s][debug][gc,phases      ] GC(93)     Total                          Min: 0, Avg:  0.0, Max: 0, Diff: 0, Sum: 0, Workers: 4
[1161.626s][debug][gc,phases      ] GC(93)   Weak JFR Old Object Samples    Min:  0.0, Avg:  0.0, Max:  0.0, Diff:  0.0, Sum:  0.0, Workers: 4
[1161.626s][debug][gc,phases      ] GC(93)     Dead                           Min: 0, Avg:  0.0, Max: 0, Diff: 0, Sum: 0, Workers: 4
[1161.626s][debug][gc,phases      ] GC(93)     Total                          Min: 0, Avg:  0.0, Max: 0, Diff: 0, Sum: 0, Workers: 4
[1161.626s][debug][gc,phases      ] GC(93) Weak Processing 0.380ms
[1161.626s][debug][gc,age         ] GC(93) Desired survivor size 3670016 bytes, new threshold 15 (max threshold 15)
[1161.626s][info ][gc,heap        ] GC(93) PSYoungGen: 2088640K(2092544K)->96K(2093568K) Eden: 2088448K(2088448K)->0K(2089472K) From: 192K(4096K)->96K(4096K)
[1161.626s][info ][gc,heap        ] GC(93) ParOldGen: 235590K(324096K)->235614K(324096K)
[1161.626s][info ][gc,metaspace   ] GC(93) Metaspace: 79997K(80832K)->79997K(80832K) NonClass: 68289K(68736K)->68289K(68736K) Class: 11707K(12096K)->11707K(12096K)
[1161.626s][info ][gc             ] GC(93) Pause Young (Allocation Failure) 2269M->230M(2361M) 2.551ms
[1161.626s][info ][gc,cpu         ] GC(93) User=0.01s Sys=0.00s Real=0.00s
[1161.626s][info ][safepoint      ] Safepoint "ParallelGCFailedAllocation", Time since last: 7347111849 ns, Reaching safepoint: 5400 ns, Cleanup: 36800 ns, At safepoint: 2613013 ns, Total: 2655213 ns
[1177.975s][info ][gc,start       ] GC(94) Pause Young (Allocation Failure)
[1177.977s][debug][gc,phases      ] GC(94) Scavenge 2.027ms
[1177.977s][debug][gc,ref         ] GC(94) Skipped phase 1 of Reference Processing: no references
[1177.977s][debug][gc,ref         ] GC(94) Skipped phase 2 of Reference Processing: no references
[1177.977s][debug][gc,ref         ] GC(94) Skipped phase 3 of Reference Processing: no references
[1177.977s][debug][gc,ref         ] GC(94) ReferenceProcessor::execute queues: 1, RefProcThreadModel::Single, marks_oops_alive: false
[1177.977s][debug][gc,phases      ] GC(94) Reference Processing 0.084ms
[1177.977s][debug][gc,phases      ] GC(94)   VM Weak                        Min:  0.0, Avg:  0.0, Max:  0.0, Diff:  0.0, Sum:  0.0, Workers: 4
[1177.977s][debug][gc,phases      ] GC(94)     Dead                           Min: 0, Avg:  0.0, Max: 0, Diff: 0, Sum: 0, Workers: 4
[1177.977s][debug][gc,phases      ] GC(94)     Total                          Min: 0, Avg: 172.8, Max: 691, Diff: 691, Sum: 691, Workers: 4
[1177.977s][debug][gc,phases      ] GC(94)   ObjectSynchronizer Weak        Min:  0.0, Avg:  0.0, Max:  0.0, Diff:  0.0, Sum:  0.0, Workers: 4
[1177.977s][debug][gc,phases      ] GC(94)     Dead                           Min: 0, Avg:  0.0, Max: 0, Diff: 0, Sum: 0, Workers: 4
[1177.977s][debug][gc,phases      ] GC(94)     Total                          Min: 0, Avg:  1.0, Max: 4, Diff: 4, Sum: 4, Workers: 4
[1177.977s][debug][gc,phases      ] GC(94)   JVMTI Tag Weak OopStorage      Min:  0.0, Avg:  0.0, Max:  0.0, Diff:  0.0, Sum:  0.0, Workers: 4
[1177.977s][debug][gc,phases      ] GC(94)     Dead                           Min: 0, Avg:  0.0, Max: 0, Diff: 0, Sum: 0, Workers: 4
[1177.977s][debug][gc,phases      ] GC(94)     Total                          Min: 0, Avg:  0.0, Max: 0, Diff: 0, Sum: 0, Workers: 4
[1177.977s][debug][gc,phases      ] GC(94)   StringTable Weak               Min:  0.0, Avg:  0.1, Max:  0.1, Diff:  0.1, Sum:  0.4, Workers: 4
[1177.977s][debug][gc,phases      ] GC(94)     Dead                           Min: 0, Avg:  0.0, Max: 0, Diff: 0, Sum: 0, Workers: 4
[1177.977s][debug][gc,phases      ] GC(94)     Total                          Min: 0, Avg: 10686.5, Max: 18362, Diff: 18362, Sum: 42746, Workers: 4
[1177.977s][debug][gc,phases      ] GC(94)   ResolvedMethodTable Weak       Min:  0.0, Avg:  0.0, Max:  0.0, Diff:  0.0, Sum:  0.1, Workers: 4
[1177.977s][debug][gc,phases      ] GC(94)     Dead                           Min: 0, Avg:  0.0, Max: 0, Diff: 0, Sum: 0, Workers: 4
[1177.977s][debug][gc,phases      ] GC(94)     Total                          Min: 0, Avg: 2276.2, Max: 3437, Diff: 3437, Sum: 9105, Workers: 4
[1177.977s][debug][gc,phases      ] GC(94)   JNI Weak                       Min:  0.0, Avg:  0.0, Max:  0.0, Diff:  0.0, Sum:  0.0, Workers: 4
[1177.977s][debug][gc,phases      ] GC(94)     Dead                           Min: 0, Avg:  0.0, Max: 0, Diff: 0, Sum: 0, Workers: 4
[1177.977s][debug][gc,phases      ] GC(94)     Total                          Min: 0, Avg: 11.2, Max: 45, Diff: 45, Sum: 45, Workers: 4
[1177.977s][debug][gc,phases      ] GC(94)   StringDedup Table Weak         Min:  0.0, Avg:  0.0, Max:  0.0, Diff:  0.0, Sum:  0.0, Workers: 4
[1177.977s][debug][gc,phases      ] GC(94)     Dead                           Min: 0, Avg:  0.0, Max: 0, Diff: 0, Sum: 0, Workers: 4
[1177.977s][debug][gc,phases      ] GC(94)     Total                          Min: 0, Avg:  0.0, Max: 0, Diff: 0, Sum: 0, Workers: 4
[1177.977s][debug][gc,phases      ] GC(94)   StringDedup Requests0 Weak     Min:  0.0, Avg:  0.0, Max:  0.0, Diff:  0.0, Sum:  0.0, Workers: 4
[1177.977s][debug][gc,phases      ] GC(94)     Dead                           Min: 0, Avg:  0.0, Max: 0, Diff: 0, Sum: 0, Workers: 4
[1177.977s][debug][gc,phases      ] GC(94)     Total                          Min: 0, Avg:  0.0, Max: 0, Diff: 0, Sum: 0, Workers: 4
[1177.977s][debug][gc,phases      ] GC(94)   StringDedup Requests1 Weak     Min:  0.0, Avg:  0.0, Max:  0.0, Diff:  0.0, Sum:  0.0, Workers: 4
[1177.977s][debug][gc,phases      ] GC(94)     Dead                           Min: 0, Avg:  0.0, Max: 0, Diff: 0, Sum: 0, Workers: 4
[1177.977s][debug][gc,phases      ] GC(94)     Total                          Min: 0, Avg:  0.0, Max: 0, Diff: 0, Sum: 0, Workers: 4
[1177.977s][debug][gc,phases      ] GC(94)   Weak JFR Old Object Samples    Min:  0.0, Avg:  0.0, Max:  0.0, Diff:  0.0, Sum:  0.0, Workers: 4
[1177.977s][debug][gc,phases      ] GC(94)     Dead                           Min: 0, Avg:  0.0, Max: 0, Diff: 0, Sum: 0, Workers: 4
[1177.977s][debug][gc,phases      ] GC(94)     Total                          Min: 0, Avg:  0.0, Max: 0, Diff: 0, Sum: 0, Workers: 4
[1177.977s][debug][gc,phases      ] GC(94) Weak Processing 0.341ms
[1177.977s][debug][gc,age         ] GC(94) Desired survivor size 3670016 bytes, new threshold 15 (max threshold 15)
[1177.977s][info ][gc,heap        ] GC(94) PSYoungGen: 2089568K(2093568K)->128K(2093056K) Eden: 2089472K(2089472K)->0K(2089472K) From: 96K(4096K)->128K(3584K)
[1177.977s][info ][gc,heap        ] GC(94) ParOldGen: 235614K(324096K)->235614K(324096K)
[1177.977s][info ][gc,metaspace   ] GC(94) Metaspace: 79998K(80832K)->79998K(80832K) NonClass: 68290K(68736K)->68290K(68736K) Class: 11707K(12096K)->11707K(12096K)
[1177.977s][info ][gc             ] GC(94) Pause Young (Allocation Failure) 2270M->230M(2360M) 2.557ms
[1177.977s][info ][gc,cpu         ] GC(94) User=0.00s Sys=0.00s Real=0.00s
[1177.977s][info ][safepoint      ] Safepoint "ParallelGCFailedAllocation", Time since last: 16348587604 ns, Reaching safepoint: 4200 ns, Cleanup: 51100 ns, At safepoint: 2630014 ns, Total: 2685314 ns
[1185.978s][info ][safepoint      ] Safepoint "Cleanup", Time since last: 8000520702 ns, Reaching safepoint: 3900 ns, Cleanup: 69601 ns, At safepoint: 3100 ns, Total: 76601 ns
[1194.325s][info ][gc,start       ] GC(95) Pause Young (Allocation Failure)
[1194.327s][debug][gc,phases      ] GC(95) Scavenge 1.960ms
[1194.327s][debug][gc,ref         ] GC(95) Skipped phase 1 of Reference Processing: no references
[1194.327s][debug][gc,ref         ] GC(95) Skipped phase 2 of Reference Processing: no references
[1194.327s][debug][gc,ref         ] GC(95) Skipped phase 3 of Reference Processing: no references
[1194.327s][debug][gc,ref         ] GC(95) ReferenceProcessor::execute queues: 1, RefProcThreadModel::Single, marks_oops_alive: false
[1194.327s][debug][gc,phases      ] GC(95) Reference Processing 0.086ms
[1194.327s][debug][gc,phases      ] GC(95)   VM Weak                        Min:  0.0, Avg:  0.0, Max:  0.0, Diff:  0.0, Sum:  0.0, Workers: 4
[1194.328s][debug][gc,phases      ] GC(95)     Dead                           Min: 0, Avg:  0.0, Max: 0, Diff: 0, Sum: 0, Workers: 4
[1194.328s][debug][gc,phases      ] GC(95)     Total                          Min: 0, Avg: 172.8, Max: 371, Diff: 371, Sum: 691, Workers: 4
[1194.328s][debug][gc,phases      ] GC(95)   ObjectSynchronizer Weak        Min:  0.0, Avg:  0.0, Max:  0.0, Diff:  0.0, Sum:  0.0, Workers: 4
[1194.328s][debug][gc,phases      ] GC(95)     Dead                           Min: 0, Avg:  0.0, Max: 0, Diff: 0, Sum: 0, Workers: 4
[1194.328s][debug][gc,phases      ] GC(95)     Total                          Min: 0, Avg:  1.0, Max: 4, Diff: 4, Sum: 4, Workers: 4
[1194.328s][debug][gc,phases      ] GC(95)   JVMTI Tag Weak OopStorage      Min:  0.0, Avg:  0.0, Max:  0.0, Diff:  0.0, Sum:  0.0, Workers: 4
[1194.328s][debug][gc,phases      ] GC(95)     Dead                           Min: 0, Avg:  0.0, Max: 0, Diff: 0, Sum: 0, Workers: 4
[1194.328s][debug][gc,phases      ] GC(95)     Total                          Min: 0, Avg:  0.0, Max: 0, Diff: 0, Sum: 0, Workers: 4
[1194.328s][debug][gc,phases      ] GC(95)   StringTable Weak               Min:  0.0, Avg:  0.1, Max:  0.1, Diff:  0.1, Sum:  0.4, Workers: 4
[1194.328s][debug][gc,phases      ] GC(95)     Dead                           Min: 0, Avg:  0.0, Max: 0, Diff: 0, Sum: 0, Workers: 4
[1194.328s][debug][gc,phases      ] GC(95)     Total                          Min: 0, Avg: 10686.5, Max: 17856, Diff: 17856, Sum: 42746, Workers: 4
[1194.328s][debug][gc,phases      ] GC(95)   ResolvedMethodTable Weak       Min:  0.0, Avg:  0.0, Max:  0.0, Diff:  0.0, Sum:  0.1, Workers: 4
[1194.328s][debug][gc,phases      ] GC(95)     Dead                           Min: 0, Avg:  0.0, Max: 0, Diff: 0, Sum: 0, Workers: 4
[1194.328s][debug][gc,phases      ] GC(95)     Total                          Min: 0, Avg: 2276.2, Max: 4031, Diff: 4031, Sum: 9105, Workers: 4
[1194.328s][debug][gc,phases      ] GC(95)   JNI Weak                       Min:  0.0, Avg:  0.0, Max:  0.0, Diff:  0.0, Sum:  0.0, Workers: 4
[1194.328s][debug][gc,phases      ] GC(95)     Dead                           Min: 0, Avg:  0.0, Max: 0, Diff: 0, Sum: 0, Workers: 4
[1194.328s][debug][gc,phases      ] GC(95)     Total                          Min: 0, Avg: 11.2, Max: 45, Diff: 45, Sum: 45, Workers: 4
[1194.328s][debug][gc,phases      ] GC(95)   StringDedup Table Weak         Min:  0.0, Avg:  0.0, Max:  0.0, Diff:  0.0, Sum:  0.0, Workers: 4
[1194.328s][debug][gc,phases      ] GC(95)     Dead                           Min: 0, Avg:  0.0, Max: 0, Diff: 0, Sum: 0, Workers: 4
[1194.328s][debug][gc,phases      ] GC(95)     Total                          Min: 0, Avg:  0.0, Max: 0, Diff: 0, Sum: 0, Workers: 4
[1194.328s][debug][gc,phases      ] GC(95)   StringDedup Requests0 Weak     Min:  0.0, Avg:  0.0, Max:  0.0, Diff:  0.0, Sum:  0.0, Workers: 4
[1194.328s][debug][gc,phases      ] GC(95)     Dead                           Min: 0, Avg:  0.0, Max: 0, Diff: 0, Sum: 0, Workers: 4
[1194.328s][debug][gc,phases      ] GC(95)     Total                          Min: 0, Avg:  0.0, Max: 0, Diff: 0, Sum: 0, Workers: 4
[1194.328s][debug][gc,phases      ] GC(95)   StringDedup Requests1 Weak     Min:  0.0, Avg:  0.0, Max:  0.0, Diff:  0.0, Sum:  0.0, Workers: 4
[1194.328s][debug][gc,phases      ] GC(95)     Dead                           Min: 0, Avg:  0.0, Max: 0, Diff: 0, Sum: 0, Workers: 4
[1194.328s][debug][gc,phases      ] GC(95)     Total                          Min: 0, Avg:  0.0, Max: 0, Diff: 0, Sum: 0, Workers: 4
[1194.328s][debug][gc,phases      ] GC(95)   Weak JFR Old Object Samples    Min:  0.0, Avg:  0.0, Max:  0.0, Diff:  0.0, Sum:  0.0, Workers: 4
[1194.328s][debug][gc,phases      ] GC(95)     Dead                           Min: 0, Avg:  0.0, Max: 0, Diff: 0, Sum: 0, Workers: 4
[1194.328s][debug][gc,phases      ] GC(95)     Total                          Min: 0, Avg:  0.0, Max: 0, Diff: 0, Sum: 0, Workers: 4
[1194.328s][debug][gc,phases      ] GC(95) Weak Processing 0.381ms
[1194.328s][debug][gc,age         ] GC(95) Desired survivor size 3145728 bytes, new threshold 15 (max threshold 15)
[1194.328s][info ][gc,heap        ] GC(95) PSYoungGen: 2089600K(2093056K)->96K(2094080K) Eden: 2089472K(2089472K)->0K(2090496K) From: 128K(3584K)->96K(3584K)
[1194.328s][info ][gc,heap        ] GC(95) ParOldGen: 235614K(324096K)->235622K(324096K)
[1194.328s][info ][gc,metaspace   ] GC(95) Metaspace: 79998K(80832K)->79998K(80832K) NonClass: 68290K(68736K)->68290K(68736K) Class: 11707K(12096K)->11707K(12096K)
[1194.328s][info ][gc             ] GC(95) Pause Young (Allocation Failure) 2270M->230M(2361M) 2.534ms
[1194.328s][info ][gc,cpu         ] GC(95) User=0.01s Sys=0.00s Real=0.00s
[1194.328s][info ][safepoint      ] Safepoint "ParallelGCFailedAllocation", Time since last: 8347267384 ns, Reaching safepoint: 4300 ns, Cleanup: 27901 ns, At safepoint: 2599113 ns, Total: 2631314 ns
[1195.328s][info ][safepoint      ] Safepoint "Cleanup", Time since last: 1000091205 ns, Reaching safepoint: 4100 ns, Cleanup: 45600 ns, At safepoint: 11600 ns, Total: 61300 ns
[1210.724s][info ][gc,start       ] GC(96) Pause Young (Allocation Failure)
[1210.725s][debug][gc,phases      ] GC(96) Scavenge 1.341ms
[1210.725s][debug][gc,ref         ] GC(96) Skipped phase 1 of Reference Processing: no references
[1210.725s][debug][gc,ref         ] GC(96) Skipped phase 2 of Reference Processing: no references
[1210.725s][debug][gc,ref         ] GC(96) Skipped phase 3 of Reference Processing: no references
[1210.725s][debug][gc,ref         ] GC(96) Skipped phase 4 of Reference Processing: no references
[1210.725s][debug][gc,phases      ] GC(96) Reference Processing 0.020ms
[1210.725s][debug][gc,phases      ] GC(96)   VM Weak                        Min:  0.0, Avg:  0.0, Max:  0.0, Diff:  0.0, Sum:  0.0, Workers: 4
[1210.725s][debug][gc,phases      ] GC(96)     Dead                           Min: 0, Avg:  0.0, Max: 0, Diff: 0, Sum: 0, Workers: 4
[1210.725s][debug][gc,phases      ] GC(96)     Total                          Min: 0, Avg: 172.8, Max: 320, Diff: 320, Sum: 691, Workers: 4
[1210.725s][debug][gc,phases      ] GC(96)   ObjectSynchronizer Weak        Min:  0.0, Avg:  0.0, Max:  0.0, Diff:  0.0, Sum:  0.0, Workers: 4
[1210.725s][debug][gc,phases      ] GC(96)     Dead                           Min: 0, Avg:  0.0, Max: 0, Diff: 0, Sum: 0, Workers: 4
[1210.725s][debug][gc,phases      ] GC(96)     Total                          Min: 0, Avg:  1.0, Max: 4, Diff: 4, Sum: 4, Workers: 4
[1210.725s][debug][gc,phases      ] GC(96)   JVMTI Tag Weak OopStorage      Min:  0.0, Avg:  0.0, Max:  0.0, Diff:  0.0, Sum:  0.0, Workers: 4
[1210.725s][debug][gc,phases      ] GC(96)     Dead                           Min: 0, Avg:  0.0, Max: 0, Diff: 0, Sum: 0, Workers: 4
[1210.725s][debug][gc,phases      ] GC(96)     Total                          Min: 0, Avg:  0.0, Max: 0, Diff: 0, Sum: 0, Workers: 4
[1210.725s][debug][gc,phases      ] GC(96)   StringTable Weak               Min:  0.1, Avg:  0.1, Max:  0.1, Diff:  0.0, Sum:  0.5, Workers: 4
[1210.725s][debug][gc,phases      ] GC(96)     Dead                           Min: 0, Avg:  0.0, Max: 0, Diff: 0, Sum: 0, Workers: 4
[1210.725s][debug][gc,phases      ] GC(96)     Total                          Min: 9658, Avg: 10686.5, Max: 11136, Diff: 1478, Sum: 42746, Workers: 4
[1210.725s][debug][gc,phases      ] GC(96)   ResolvedMethodTable Weak       Min:  0.0, Avg:  0.0, Max:  0.0, Diff:  0.0, Sum:  0.1, Workers: 4
[1210.725s][debug][gc,phases      ] GC(96)     Dead                           Min: 0, Avg:  0.0, Max: 0, Diff: 0, Sum: 0, Workers: 4
[1210.725s][debug][gc,phases      ] GC(96)     Total                          Min: 2183, Avg: 2276.2, Max: 2387, Diff: 204, Sum: 9105, Workers: 4
[1210.725s][debug][gc,phases      ] GC(96)   JNI Weak                       Min:  0.0, Avg:  0.0, Max:  0.0, Diff:  0.0, Sum:  0.0, Workers: 4
[1210.725s][debug][gc,phases      ] GC(96)     Dead                           Min: 0, Avg:  0.0, Max: 0, Diff: 0, Sum: 0, Workers: 4
[1210.725s][debug][gc,phases      ] GC(96)     Total                          Min: 0, Avg: 11.2, Max: 45, Diff: 45, Sum: 45, Workers: 4
[1210.725s][debug][gc,phases      ] GC(96)   StringDedup Table Weak         Min:  0.0, Avg:  0.0, Max:  0.0, Diff:  0.0, Sum:  0.0, Workers: 4
[1210.725s][debug][gc,phases      ] GC(96)     Dead                           Min: 0, Avg:  0.0, Max: 0, Diff: 0, Sum: 0, Workers: 4
[1210.725s][debug][gc,phases      ] GC(96)     Total                          Min: 0, Avg:  0.0, Max: 0, Diff: 0, Sum: 0, Workers: 4
[1210.725s][debug][gc,phases      ] GC(96)   StringDedup Requests0 Weak     Min:  0.0, Avg:  0.0, Max:  0.0, Diff:  0.0, Sum:  0.0, Workers: 4
[1210.725s][debug][gc,phases      ] GC(96)     Dead                           Min: 0, Avg:  0.0, Max: 0, Diff: 0, Sum: 0, Workers: 4
[1210.725s][debug][gc,phases      ] GC(96)     Total                          Min: 0, Avg:  0.0, Max: 0, Diff: 0, Sum: 0, Workers: 4
[1210.725s][debug][gc,phases      ] GC(96)   StringDedup Requests1 Weak     Min:  0.0, Avg:  0.0, Max:  0.0, Diff:  0.0, Sum:  0.0, Workers: 4
[1210.725s][debug][gc,phases      ] GC(96)     Dead                           Min: 0, Avg:  0.0, Max: 0, Diff: 0, Sum: 0, Workers: 4
[1210.725s][debug][gc,phases      ] GC(96)     Total                          Min: 0, Avg:  0.0, Max: 0, Diff: 0, Sum: 0, Workers: 4
[1210.725s][debug][gc,phases      ] GC(96)   Weak JFR Old Object Samples    Min:  0.0, Avg:  0.0, Max:  0.0, Diff:  0.0, Sum:  0.0, Workers: 4
[1210.725s][debug][gc,phases      ] GC(96)     Dead                           Min: 0, Avg:  0.0, Max: 0, Diff: 0, Sum: 0, Workers: 4
[1210.725s][debug][gc,phases      ] GC(96)     Total                          Min: 0, Avg:  0.0, Max: 0, Diff: 0, Sum: 0, Workers: 4
[1210.725s][debug][gc,phases      ] GC(96) Weak Processing 0.341ms
[1210.725s][debug][gc,age         ] GC(96) Desired survivor size 3145728 bytes, new threshold 15 (max threshold 15)
[1210.726s][info ][gc,heap        ] GC(96) PSYoungGen: 2090592K(2094080K)->224K(2093568K) Eden: 2090496K(2090496K)->0K(2090496K) From: 96K(3584K)->224K(3072K)
[1210.726s][info ][gc,heap        ] GC(96) ParOldGen: 235622K(324096K)->235622K(324096K)
[1210.726s][info ][gc,metaspace   ] GC(96) Metaspace: 79998K(80832K)->79998K(80832K) NonClass: 68290K(68736K)->68290K(68736K) Class: 11707K(12096K)->11707K(12096K)
[1210.726s][info ][gc             ] GC(96) Pause Young (Allocation Failure) 2271M->230M(2361M) 1.812ms
[1210.726s][info ][gc,cpu         ] GC(96) User=0.00s Sys=0.00s Real=0.00s
[1210.726s][info ][safepoint      ] Safepoint "ParallelGCFailedAllocation", Time since last: 15395764454 ns, Reaching safepoint: 5200 ns, Cleanup: 45201 ns, At safepoint: 1871409 ns, Total: 1921810 ns
[1212.726s][info ][safepoint      ] Safepoint "Cleanup", Time since last: 2000168917 ns, Reaching safepoint: 82001 ns, Cleanup: 52400 ns, At safepoint: 5600 ns, Total: 140001 ns
[1216.726s][info ][safepoint      ] Safepoint "Cleanup", Time since last: 4000322731 ns, Reaching safepoint: 73100 ns, Cleanup: 44201 ns, At safepoint: 28300 ns, Total: 145601 ns
[1226.777s][info ][gc,start       ] GC(97) Pause Young (Allocation Failure)
[1226.779s][debug][gc,phases      ] GC(97) Scavenge 2.220ms
[1226.779s][debug][gc,ref         ] GC(97) Skipped phase 1 of Reference Processing: no references
[1226.779s][debug][gc,ref         ] GC(97) Skipped phase 2 of Reference Processing: no references
[1226.779s][debug][gc,ref         ] GC(97) Skipped phase 3 of Reference Processing: no references
[1226.780s][debug][gc,ref         ] GC(97) ReferenceProcessor::execute queues: 1, RefProcThreadModel::Single, marks_oops_alive: false
[1226.780s][debug][gc,phases      ] GC(97) Reference Processing 0.112ms
[1226.780s][debug][gc,phases      ] GC(97)   VM Weak                        Min:  0.0, Avg:  0.0, Max:  0.0, Diff:  0.0, Sum:  0.0, Workers: 4
[1226.780s][debug][gc,phases      ] GC(97)     Dead                           Min: 0, Avg:  0.0, Max: 0, Diff: 0, Sum: 0, Workers: 4
[1226.780s][debug][gc,phases      ] GC(97)     Total                          Min: 0, Avg: 172.8, Max: 691, Diff: 691, Sum: 691, Workers: 4
[1226.780s][debug][gc,phases      ] GC(97)   ObjectSynchronizer Weak        Min:  0.0, Avg:  0.0, Max:  0.0, Diff:  0.0, Sum:  0.0, Workers: 4
[1226.780s][debug][gc,phases      ] GC(97)     Dead                           Min: 0, Avg:  0.0, Max: 0, Diff: 0, Sum: 0, Workers: 4
[1226.780s][debug][gc,phases      ] GC(97)     Total                          Min: 0, Avg:  1.0, Max: 4, Diff: 4, Sum: 4, Workers: 4
[1226.780s][debug][gc,phases      ] GC(97)   JVMTI Tag Weak OopStorage      Min:  0.0, Avg:  0.0, Max:  0.0, Diff:  0.0, Sum:  0.0, Workers: 4
[1226.780s][debug][gc,phases      ] GC(97)     Dead                           Min: 0, Avg:  0.0, Max: 0, Diff: 0, Sum: 0, Workers: 4
[1226.780s][debug][gc,phases      ] GC(97)     Total                          Min: 0, Avg:  0.0, Max: 0, Diff: 0, Sum: 0, Workers: 4
[1226.780s][debug][gc,phases      ] GC(97)   StringTable Weak               Min:  0.0, Avg:  0.1, Max:  0.1, Diff:  0.1, Sum:  0.4, Workers: 4
[1226.780s][debug][gc,phases      ] GC(97)     Dead                           Min: 0, Avg:  0.0, Max: 0, Diff: 0, Sum: 0, Workers: 4
[1226.780s][debug][gc,phases      ] GC(97)     Total                          Min: 0, Avg: 10688.2, Max: 14400, Diff: 14400, Sum: 42753, Workers: 4
[1226.780s][debug][gc,phases      ] GC(97)   ResolvedMethodTable Weak       Min:  0.0, Avg:  0.0, Max:  0.0, Diff:  0.0, Sum:  0.1, Workers: 4
[1226.780s][debug][gc,phases      ] GC(97)     Dead                           Min: 0, Avg:  0.0, Max: 0, Diff: 0, Sum: 0, Workers: 4
[1226.780s][debug][gc,phases      ] GC(97)     Total                          Min: 0, Avg: 2276.2, Max: 3778, Diff: 3778, Sum: 9105, Workers: 4
[1226.780s][debug][gc,phases      ] GC(97)   JNI Weak                       Min:  0.0, Avg:  0.0, Max:  0.0, Diff:  0.0, Sum:  0.0, Workers: 4
[1226.780s][debug][gc,phases      ] GC(97)     Dead                           Min: 0, Avg:  0.0, Max: 0, Diff: 0, Sum: 0, Workers: 4
[1226.780s][debug][gc,phases      ] GC(97)     Total                          Min: 0, Avg: 11.2, Max: 45, Diff: 45, Sum: 45, Workers: 4
[1226.780s][debug][gc,phases      ] GC(97)   StringDedup Table Weak         Min:  0.0, Avg:  0.0, Max:  0.0, Diff:  0.0, Sum:  0.0, Workers: 4
[1226.780s][debug][gc,phases      ] GC(97)     Dead                           Min: 0, Avg:  0.0, Max: 0, Diff: 0, Sum: 0, Workers: 4
[1226.780s][debug][gc,phases      ] GC(97)     Total                          Min: 0, Avg:  0.0, Max: 0, Diff: 0, Sum: 0, Workers: 4
[1226.780s][debug][gc,phases      ] GC(97)   StringDedup Requests0 Weak     Min:  0.0, Avg:  0.0, Max:  0.0, Diff:  0.0, Sum:  0.0, Workers: 4
[1226.780s][debug][gc,phases      ] GC(97)     Dead                           Min: 0, Avg:  0.0, Max: 0, Diff: 0, Sum: 0, Workers: 4
[1226.780s][debug][gc,phases      ] GC(97)     Total                          Min: 0, Avg:  0.0, Max: 0, Diff: 0, Sum: 0, Workers: 4
[1226.780s][debug][gc,phases      ] GC(97)   StringDedup Requests1 Weak     Min:  0.0, Avg:  0.0, Max:  0.0, Diff:  0.0, Sum:  0.0, Workers: 4
[1226.780s][debug][gc,phases      ] GC(97)     Dead                           Min: 0, Avg:  0.0, Max: 0, Diff: 0, Sum: 0, Workers: 4
[1226.780s][debug][gc,phases      ] GC(97)     Total                          Min: 0, Avg:  0.0, Max: 0, Diff: 0, Sum: 0, Workers: 4
[1226.780s][debug][gc,phases      ] GC(97)   Weak JFR Old Object Samples    Min:  0.0, Avg:  0.0, Max:  0.0, Diff:  0.0, Sum:  0.0, Workers: 4
[1226.780s][debug][gc,phases      ] GC(97)     Dead                           Min: 0, Avg:  0.0, Max: 0, Diff: 0, Sum: 0, Workers: 4
[1226.780s][debug][gc,phases      ] GC(97)     Total                          Min: 0, Avg:  0.0, Max: 0, Diff: 0, Sum: 0, Workers: 4
[1226.780s][debug][gc,phases      ] GC(97) Weak Processing 0.377ms
[1226.780s][debug][gc,age         ] GC(97) Desired survivor size 2621440 bytes, new threshold 15 (max threshold 15)
[1226.780s][info ][gc,heap        ] GC(97) PSYoungGen: 2090720K(2093568K)->128K(2094592K) Eden: 2090496K(2090496K)->0K(2091520K) From: 224K(3072K)->128K(3072K)
[1226.780s][info ][gc,heap        ] GC(97) ParOldGen: 235622K(324096K)->235630K(324096K)
[1226.780s][info ][gc,metaspace   ] GC(97) Metaspace: 80003K(80832K)->80003K(80832K) NonClass: 68295K(68736K)->68295K(68736K) Class: 11707K(12096K)->11707K(12096K)
[1226.780s][info ][gc             ] GC(97) Pause Young (Allocation Failure) 2271M->230M(2362M) 2.797ms
[1226.780s][info ][gc,cpu         ] GC(97) User=0.01s Sys=0.00s Real=0.01s
[1226.780s][info ][safepoint      ] Safepoint "ParallelGCFailedAllocation", Time since last: 10050753361 ns, Reaching safepoint: 4500 ns, Cleanup: 53500 ns, At safepoint: 2887612 ns, Total: 2945612 ns
[1238.781s][info ][safepoint      ] Safepoint "Cleanup", Time since last: 12000788610 ns, Reaching safepoint: 4200 ns, Cleanup: 54500 ns, At safepoint: 2400 ns, Total: 61100 ns
[1243.175s][info ][gc,start       ] GC(98) Pause Young (Allocation Failure)
[1243.177s][debug][gc,phases      ] GC(98) Scavenge 2.036ms
[1243.177s][debug][gc,ref         ] GC(98) Skipped phase 1 of Reference Processing: no references
[1243.177s][debug][gc,ref         ] GC(98) Skipped phase 2 of Reference Processing: no references
[1243.177s][debug][gc,ref         ] GC(98) Skipped phase 3 of Reference Processing: no references
[1243.177s][debug][gc,ref         ] GC(98) ReferenceProcessor::execute queues: 1, RefProcThreadModel::Single, marks_oops_alive: false
[1243.177s][debug][gc,phases      ] GC(98) Reference Processing 0.086ms
[1243.177s][debug][gc,phases      ] GC(98)   VM Weak                        Min:  0.0, Avg:  0.0, Max:  0.0, Diff:  0.0, Sum:  0.0, Workers: 4
[1243.177s][debug][gc,phases      ] GC(98)     Dead                           Min: 0, Avg:  0.0, Max: 0, Diff: 0, Sum: 0, Workers: 4
[1243.177s][debug][gc,phases      ] GC(98)     Total                          Min: 0, Avg: 172.8, Max: 384, Diff: 384, Sum: 691, Workers: 4
[1243.177s][debug][gc,phases      ] GC(98)   ObjectSynchronizer Weak        Min:  0.0, Avg:  0.0, Max:  0.0, Diff:  0.0, Sum:  0.0, Workers: 4
[1243.177s][debug][gc,phases      ] GC(98)     Dead                           Min: 0, Avg:  0.0, Max: 0, Diff: 0, Sum: 0, Workers: 4
[1243.177s][debug][gc,phases      ] GC(98)     Total                          Min: 0, Avg:  1.0, Max: 4, Diff: 4, Sum: 4, Workers: 4
[1243.177s][debug][gc,phases      ] GC(98)   JVMTI Tag Weak OopStorage      Min:  0.0, Avg:  0.0, Max:  0.0, Diff:  0.0, Sum:  0.0, Workers: 4
[1243.177s][debug][gc,phases      ] GC(98)     Dead                           Min: 0, Avg:  0.0, Max: 0, Diff: 0, Sum: 0, Workers: 4
[1243.177s][debug][gc,phases      ] GC(98)     Total                          Min: 0, Avg:  0.0, Max: 0, Diff: 0, Sum: 0, Workers: 4
[1243.177s][debug][gc,phases      ] GC(98)   StringTable Weak               Min:  0.0, Avg:  0.1, Max:  0.1, Diff:  0.1, Sum:  0.4, Workers: 4
[1243.177s][debug][gc,phases      ] GC(98)     Dead                           Min: 0, Avg:  0.0, Max: 0, Diff: 0, Sum: 0, Workers: 4
[1243.177s][debug][gc,phases      ] GC(98)     Total                          Min: 0, Avg: 10688.5, Max: 18624, Diff: 18624, Sum: 42754, Workers: 4
[1243.177s][debug][gc,phases      ] GC(98)   ResolvedMethodTable Weak       Min:  0.0, Avg:  0.0, Max:  0.0, Diff:  0.0, Sum:  0.1, Workers: 4
[1243.177s][debug][gc,phases      ] GC(98)     Dead                           Min: 0, Avg:  0.0, Max: 0, Diff: 0, Sum: 0, Workers: 4
[1243.177s][debug][gc,phases      ] GC(98)     Total                          Min: 0, Avg: 2276.2, Max: 4254, Diff: 4254, Sum: 9105, Workers: 4
[1243.177s][debug][gc,phases      ] GC(98)   JNI Weak                       Min:  0.0, Avg:  0.0, Max:  0.0, Diff:  0.0, Sum:  0.0, Workers: 4
[1243.177s][debug][gc,phases      ] GC(98)     Dead                           Min: 0, Avg:  0.0, Max: 0, Diff: 0, Sum: 0, Workers: 4
[1243.177s][debug][gc,phases      ] GC(98)     Total                          Min: 0, Avg: 11.2, Max: 45, Diff: 45, Sum: 45, Workers: 4
[1243.177s][debug][gc,phases      ] GC(98)   StringDedup Table Weak         Min:  0.0, Avg:  0.0, Max:  0.0, Diff:  0.0, Sum:  0.0, Workers: 4
[1243.177s][debug][gc,phases      ] GC(98)     Dead                           Min: 0, Avg:  0.0, Max: 0, Diff: 0, Sum: 0, Workers: 4
[1243.177s][debug][gc,phases      ] GC(98)     Total                          Min: 0, Avg:  0.0, Max: 0, Diff: 0, Sum: 0, Workers: 4
[1243.177s][debug][gc,phases      ] GC(98)   StringDedup Requests0 Weak     Min:  0.0, Avg:  0.0, Max:  0.0, Diff:  0.0, Sum:  0.0, Workers: 4
[1243.177s][debug][gc,phases      ] GC(98)     Dead                           Min: 0, Avg:  0.0, Max: 0, Diff: 0, Sum: 0, Workers: 4
[1243.177s][debug][gc,phases      ] GC(98)     Total                          Min: 0, Avg:  0.0, Max: 0, Diff: 0, Sum: 0, Workers: 4
[1243.177s][debug][gc,phases      ] GC(98)   StringDedup Requests1 Weak     Min:  0.0, Avg:  0.0, Max:  0.0, Diff:  0.0, Sum:  0.0, Workers: 4
[1243.177s][debug][gc,phases      ] GC(98)     Dead                           Min: 0, Avg:  0.0, Max: 0, Diff: 0, Sum: 0, Workers: 4
[1243.177s][debug][gc,phases      ] GC(98)     Total                          Min: 0, Avg:  0.0, Max: 0, Diff: 0, Sum: 0, Workers: 4
[1243.177s][debug][gc,phases      ] GC(98)   Weak JFR Old Object Samples    Min:  0.0, Avg:  0.0, Max:  0.0, Diff:  0.0, Sum:  0.0, Workers: 4
[1243.177s][debug][gc,phases      ] GC(98)     Dead                           Min: 0, Avg:  0.0, Max: 0, Diff: 0, Sum: 0, Workers: 4
[1243.177s][debug][gc,phases      ] GC(98)     Total                          Min: 0, Avg:  0.0, Max: 0, Diff: 0, Sum: 0, Workers: 4
[1243.177s][debug][gc,phases      ] GC(98) Weak Processing 0.343ms
[1243.177s][debug][gc,age         ] GC(98) Desired survivor size 2621440 bytes, new threshold 15 (max threshold 15)
[1243.177s][info ][gc,heap        ] GC(98) PSYoungGen: 2091648K(2094592K)->224K(2094080K) Eden: 2091520K(2091520K)->0K(2091520K) From: 128K(3072K)->224K(2560K)
[1243.177s][info ][gc,heap        ] GC(98) ParOldGen: 235630K(324096K)->235638K(324096K)
[1243.177s][info ][gc,metaspace   ] GC(98) Metaspace: 80003K(80832K)->80003K(80832K) NonClass: 68295K(68736K)->68295K(68736K) Class: 11707K(12096K)->11707K(12096K)
[1243.177s][info ][gc             ] GC(98) Pause Young (Allocation Failure) 2272M->230M(2361M) 2.577ms
[1243.177s][info ][gc,cpu         ] GC(98) User=0.00s Sys=0.00s Real=0.00s
[1243.177s][info ][safepoint      ] Safepoint "ParallelGCFailedAllocation", Time since last: 4393718153 ns, Reaching safepoint: 4500 ns, Cleanup: 54400 ns, At safepoint: 2645812 ns, Total: 2704712 ns
[1259.573s][info ][gc,start       ] GC(99) Pause Young (Allocation Failure)
[1259.575s][debug][gc,phases      ] GC(99) Scavenge 1.443ms
[1259.575s][debug][gc,ref         ] GC(99) Skipped phase 1 of Reference Processing: no references
[1259.575s][debug][gc,ref         ] GC(99) Skipped phase 2 of Reference Processing: no references
[1259.575s][debug][gc,ref         ] GC(99) Skipped phase 3 of Reference Processing: no references
[1259.575s][debug][gc,ref         ] GC(99) ReferenceProcessor::execute queues: 1, RefProcThreadModel::Single, marks_oops_alive: false
[1259.575s][debug][gc,phases      ] GC(99) Reference Processing 0.107ms
[1259.575s][debug][gc,phases      ] GC(99)   VM Weak                        Min:  0.0, Avg:  0.0, Max:  0.0, Diff:  0.0, Sum:  0.0, Workers: 4
[1259.575s][debug][gc,phases      ] GC(99)     Dead                           Min: 0, Avg:  0.0, Max: 0, Diff: 0, Sum: 0, Workers: 4
[1259.575s][debug][gc,phases      ] GC(99)     Total                          Min: 0, Avg: 172.8, Max: 576, Diff: 576, Sum: 691, Workers: 4
[1259.575s][debug][gc,phases      ] GC(99)   ObjectSynchronizer Weak        Min:  0.0, Avg:  0.0, Max:  0.0, Diff:  0.0, Sum:  0.0, Workers: 4
[1259.575s][debug][gc,phases      ] GC(99)     Dead                           Min: 0, Avg:  0.0, Max: 0, Diff: 0, Sum: 0, Workers: 4
[1259.575s][debug][gc,phases      ] GC(99)     Total                          Min: 0, Avg:  1.0, Max: 4, Diff: 4, Sum: 4, Workers: 4
[1259.575s][debug][gc,phases      ] GC(99)   JVMTI Tag Weak OopStorage      Min:  0.0, Avg:  0.0, Max:  0.0, Diff:  0.0, Sum:  0.0, Workers: 4
[1259.575s][debug][gc,phases      ] GC(99)     Dead                           Min: 0, Avg:  0.0, Max: 0, Diff: 0, Sum: 0, Workers: 4
[1259.575s][debug][gc,phases      ] GC(99)     Total                          Min: 0, Avg:  0.0, Max: 0, Diff: 0, Sum: 0, Workers: 4
[1259.575s][debug][gc,phases      ] GC(99)   StringTable Weak               Min:  0.0, Avg:  0.1, Max:  0.1, Diff:  0.1, Sum:  0.4, Workers: 4
[1259.575s][debug][gc,phases      ] GC(99)     Dead                           Min: 0, Avg:  0.0, Max: 0, Diff: 0, Sum: 0, Workers: 4
[1259.575s][debug][gc,phases      ] GC(99)     Total                          Min: 0, Avg: 10688.5, Max: 18432, Diff: 18432, Sum: 42754, Workers: 4
[1259.575s][debug][gc,phases      ] GC(99)   ResolvedMethodTable Weak       Min:  0.0, Avg:  0.0, Max:  0.0, Diff:  0.0, Sum:  0.1, Workers: 4
[1259.575s][debug][gc,phases      ] GC(99)     Dead                           Min: 0, Avg:  0.0, Max: 0, Diff: 0, Sum: 0, Workers: 4
[1259.575s][debug][gc,phases      ] GC(99)     Total                          Min: 0, Avg: 2276.2, Max: 3233, Diff: 3233, Sum: 9105, Workers: 4
[1259.575s][debug][gc,phases      ] GC(99)   JNI Weak                       Min:  0.0, Avg:  0.0, Max:  0.0, Diff:  0.0, Sum:  0.0, Workers: 4
[1259.575s][debug][gc,phases      ] GC(99)     Dead                           Min: 0, Avg:  0.0, Max: 0, Diff: 0, Sum: 0, Workers: 4
[1259.575s][debug][gc,phases      ] GC(99)     Total                          Min: 0, Avg: 11.2, Max: 45, Diff: 45, Sum: 45, Workers: 4
[1259.575s][debug][gc,phases      ] GC(99)   StringDedup Table Weak         Min:  0.0, Avg:  0.0, Max:  0.0, Diff:  0.0, Sum:  0.0, Workers: 4
[1259.575s][debug][gc,phases      ] GC(99)     Dead                           Min: 0, Avg:  0.0, Max: 0, Diff: 0, Sum: 0, Workers: 4
[1259.575s][debug][gc,phases      ] GC(99)     Total                          Min: 0, Avg:  0.0, Max: 0, Diff: 0, Sum: 0, Workers: 4
[1259.575s][debug][gc,phases      ] GC(99)   StringDedup Requests0 Weak     Min:  0.0, Avg:  0.0, Max:  0.0, Diff:  0.0, Sum:  0.0, Workers: 4
[1259.575s][debug][gc,phases      ] GC(99)     Dead                           Min: 0, Avg:  0.0, Max: 0, Diff: 0, Sum: 0, Workers: 4
[1259.575s][debug][gc,phases      ] GC(99)     Total                          Min: 0, Avg:  0.0, Max: 0, Diff: 0, Sum: 0, Workers: 4
[1259.575s][debug][gc,phases      ] GC(99)   StringDedup Requests1 Weak     Min:  0.0, Avg:  0.0, Max:  0.0, Diff:  0.0, Sum:  0.0, Workers: 4
[1259.575s][debug][gc,phases      ] GC(99)     Dead                           Min: 0, Avg:  0.0, Max: 0, Diff: 0, Sum: 0, Workers: 4
[1259.575s][debug][gc,phases      ] GC(99)     Total                          Min: 0, Avg:  0.0, Max: 0, Diff: 0, Sum: 0, Workers: 4
[1259.575s][debug][gc,phases      ] GC(99)   Weak JFR Old Object Samples    Min:  0.0, Avg:  0.0, Max:  0.0, Diff:  0.0, Sum:  0.0, Workers: 4
[1259.575s][debug][gc,phases      ] GC(99)     Dead                           Min: 0, Avg:  0.0, Max: 0, Diff: 0, Sum: 0, Workers: 4
[1259.575s][debug][gc,phases      ] GC(99)     Total                          Min: 0, Avg:  0.0, Max: 0, Diff: 0, Sum: 0, Workers: 4
[1259.575s][debug][gc,phases      ] GC(99) Weak Processing 0.350ms
[1259.575s][debug][gc,age         ] GC(99) Desired survivor size 2097152 bytes, new threshold 15 (max threshold 15)
[1259.575s][info ][gc,heap        ] GC(99) PSYoungGen: 2091744K(2094080K)->160K(2095104K) Eden: 2091520K(2091520K)->0K(2092544K) From: 224K(2560K)->160K(2560K)
[1259.575s][info ][gc,heap        ] GC(99) ParOldGen: 235638K(324096K)->235638K(324096K)
[1259.575s][info ][gc,metaspace   ] GC(99) Metaspace: 80003K(80832K)->80003K(80832K) NonClass: 68295K(68736K)->68295K(68736K) Class: 11707K(12096K)->11707K(12096K)
[1259.575s][info ][gc             ] GC(99) Pause Young (Allocation Failure) 2272M->230M(2362M) 1.996ms
[1259.575s][info ][gc,cpu         ] GC(99) User=0.01s Sys=0.00s Real=0.00s
[1259.575s][info ][safepoint      ] Safepoint "ParallelGCFailedAllocation", Time since last: 16396018590 ns, Reaching safepoint: 5200 ns, Cleanup: 47100 ns, At safepoint: 2082910 ns, Total: 2135210 ns
[1275.925s][info ][gc,start       ] GC(100) Pause Young (Allocation Failure)
[1275.928s][debug][gc,phases      ] GC(100) Scavenge 2.108ms
[1275.928s][debug][gc,ref         ] GC(100) Skipped phase 1 of Reference Processing: no references
[1275.928s][debug][gc,ref         ] GC(100) Skipped phase 2 of Reference Processing: no references
[1275.928s][debug][gc,ref         ] GC(100) Skipped phase 3 of Reference Processing: no references
[1275.928s][debug][gc,ref         ] GC(100) Skipped phase 4 of Reference Processing: no references
[1275.928s][debug][gc,phases      ] GC(100) Reference Processing 0.022ms
[1275.928s][debug][gc,phases      ] GC(100)   VM Weak                        Min:  0.0, Avg:  0.0, Max:  0.0, Diff:  0.0, Sum:  0.0, Workers: 4
[1275.928s][debug][gc,phases      ] GC(100)     Dead                           Min: 0, Avg:  0.0, Max: 0, Diff: 0, Sum: 0, Workers: 4
[1275.928s][debug][gc,phases      ] GC(100)     Total                          Min: 0, Avg: 172.8, Max: 435, Diff: 435, Sum: 691, Workers: 4
[1275.928s][debug][gc,phases      ] GC(100)   ObjectSynchronizer Weak        Min:  0.0, Avg:  0.0, Max:  0.0, Diff:  0.0, Sum:  0.0, Workers: 4
[1275.928s][debug][gc,phases      ] GC(100)     Dead                           Min: 0, Avg:  0.0, Max: 0, Diff: 0, Sum: 0, Workers: 4
[1275.928s][debug][gc,phases      ] GC(100)     Total                          Min: 0, Avg:  1.0, Max: 4, Diff: 4, Sum: 4, Workers: 4
[1275.928s][debug][gc,phases      ] GC(100)   JVMTI Tag Weak OopStorage      Min:  0.0, Avg:  0.0, Max:  0.0, Diff:  0.0, Sum:  0.0, Workers: 4
[1275.928s][debug][gc,phases      ] GC(100)     Dead                           Min: 0, Avg:  0.0, Max: 0, Diff: 0, Sum: 0, Workers: 4
[1275.928s][debug][gc,phases      ] GC(100)     Total                          Min: 0, Avg:  0.0, Max: 0, Diff: 0, Sum: 0, Workers: 4
[1275.928s][debug][gc,phases      ] GC(100)   StringTable Weak               Min:  0.0, Avg:  0.1, Max:  0.1, Diff:  0.1, Sum:  0.4, Workers: 4
[1275.928s][debug][gc,phases      ] GC(100)     Dead                           Min: 0, Avg:  0.0, Max: 0, Diff: 0, Sum: 0, Workers: 4
[1275.928s][debug][gc,phases      ] GC(100)     Total                          Min: 0, Avg: 10688.5, Max: 17152, Diff: 17152, Sum: 42754, Workers: 4
[1275.928s][debug][gc,phases      ] GC(100)   ResolvedMethodTable Weak       Min:  0.0, Avg:  0.0, Max:  0.0, Diff:  0.0, Sum:  0.1, Workers: 4
[1275.928s][debug][gc,phases      ] GC(100)     Dead                           Min: 0, Avg:  0.0, Max: 0, Diff: 0, Sum: 0, Workers: 4
[1275.928s][debug][gc,phases      ] GC(100)     Total                          Min: 0, Avg: 2276.2, Max: 4074, Diff: 4074, Sum: 9105, Workers: 4
[1275.928s][debug][gc,phases      ] GC(100)   JNI Weak                       Min:  0.0, Avg:  0.0, Max:  0.0, Diff:  0.0, Sum:  0.0, Workers: 4
[1275.928s][debug][gc,phases      ] GC(100)     Dead                           Min: 0, Avg:  0.0, Max: 0, Diff: 0, Sum: 0, Workers: 4
[1275.928s][debug][gc,phases      ] GC(100)     Total                          Min: 0, Avg: 11.2, Max: 45, Diff: 45, Sum: 45, Workers: 4
[1275.928s][debug][gc,phases      ] GC(100)   StringDedup Table Weak         Min:  0.0, Avg:  0.0, Max:  0.0, Diff:  0.0, Sum:  0.0, Workers: 4
[1275.928s][debug][gc,phases      ] GC(100)     Dead                           Min: 0, Avg:  0.0, Max: 0, Diff: 0, Sum: 0, Workers: 4
[1275.928s][debug][gc,phases      ] GC(100)     Total                          Min: 0, Avg:  0.0, Max: 0, Diff: 0, Sum: 0, Workers: 4
[1275.928s][debug][gc,phases      ] GC(100)   StringDedup Requests0 Weak     Min:  0.0, Avg:  0.0, Max:  0.0, Diff:  0.0, Sum:  0.0, Workers: 4
[1275.928s][debug][gc,phases      ] GC(100)     Dead                           Min: 0, Avg:  0.0, Max: 0, Diff: 0, Sum: 0, Workers: 4
[1275.928s][debug][gc,phases      ] GC(100)     Total                          Min: 0, Avg:  0.0, Max: 0, Diff: 0, Sum: 0, Workers: 4
[1275.928s][debug][gc,phases      ] GC(100)   StringDedup Requests1 Weak     Min:  0.0, Avg:  0.0, Max:  0.0, Diff:  0.0, Sum:  0.0, Workers: 4
[1275.928s][debug][gc,phases      ] GC(100)     Dead                           Min: 0, Avg:  0.0, Max: 0, Diff: 0, Sum: 0, Workers: 4
[1275.928s][debug][gc,phases      ] GC(100)     Total                          Min: 0, Avg:  0.0, Max: 0, Diff: 0, Sum: 0, Workers: 4
[1275.928s][debug][gc,phases      ] GC(100)   Weak JFR Old Object Samples    Min:  0.0, Avg:  0.0, Max:  0.0, Diff:  0.0, Sum:  0.0, Workers: 4
[1275.928s][debug][gc,phases      ] GC(100)     Dead                           Min: 0, Avg:  0.0, Max: 0, Diff: 0, Sum: 0, Workers: 4
[1275.928s][debug][gc,phases      ] GC(100)     Total                          Min: 0, Avg:  0.0, Max: 0, Diff: 0, Sum: 0, Workers: 4
[1275.928s][debug][gc,phases      ] GC(100) Weak Processing 0.353ms
[1275.928s][debug][gc,age         ] GC(100) Desired survivor size 2097152 bytes, new threshold 15 (max threshold 15)
[1275.928s][info ][gc,heap        ] GC(100) PSYoungGen: 2092704K(2095104K)->128K(2094592K) Eden: 2092544K(2092544K)->0K(2092544K) From: 160K(2560K)->128K(2048K)
[1275.928s][info ][gc,heap        ] GC(100) ParOldGen: 235638K(324096K)->235654K(324096K)
[1275.928s][info ][gc,metaspace   ] GC(100) Metaspace: 80004K(80832K)->80004K(80832K) NonClass: 68296K(68736K)->68296K(68736K) Class: 11707K(12096K)->11707K(12096K)
[1275.928s][info ][gc             ] GC(100) Pause Young (Allocation Failure) 2273M->230M(2362M) 2.580ms
[1275.928s][info ][gc,cpu         ] GC(100) User=0.01s Sys=0.00s Real=0.00s
[1275.928s][info ][safepoint      ] Safepoint "ParallelGCFailedAllocation", Time since last: 16349945925 ns, Reaching safepoint: 3700 ns, Cleanup: 46200 ns, At safepoint: 2657812 ns, Total: 2707712 ns
[1277.928s][info ][safepoint      ] Safepoint "Cleanup", Time since last: 2000143303 ns, Reaching safepoint: 4900 ns, Cleanup: 40400 ns, At safepoint: 32800 ns, Total: 78100 ns
[1283.929s][info ][safepoint      ] Safepoint "Cleanup", Time since last: 6000387038 ns, Reaching safepoint: 4500 ns, Cleanup: 25300 ns, At safepoint: 3000 ns, Total: 32800 ns
[1288.929s][info ][safepoint      ] Safepoint "Cleanup", Time since last: 5000350955 ns, Reaching safepoint: 3600 ns, Cleanup: 36200 ns, At safepoint: 2400 ns, Total: 42200 ns
[1292.325s][info ][gc,start       ] GC(101) Pause Young (Allocation Failure)
[1292.327s][debug][gc,phases      ] GC(101) Scavenge 2.131ms
[1292.327s][debug][gc,ref         ] GC(101) Skipped phase 1 of Reference Processing: no references
[1292.327s][debug][gc,ref         ] GC(101) Skipped phase 2 of Reference Processing: no references
[1292.327s][debug][gc,ref         ] GC(101) Skipped phase 3 of Reference Processing: no references
[1292.327s][debug][gc,ref         ] GC(101) Skipped phase 4 of Reference Processing: no references
[1292.327s][debug][gc,phases      ] GC(101) Reference Processing 0.019ms
[1292.327s][debug][gc,phases      ] GC(101)   VM Weak                        Min:  0.0, Avg:  0.0, Max:  0.0, Diff:  0.0, Sum:  0.0, Workers: 4
[1292.327s][debug][gc,phases      ] GC(101)     Dead                           Min: 0, Avg:  0.0, Max: 0, Diff: 0, Sum: 0, Workers: 4
[1292.327s][debug][gc,phases      ] GC(101)     Total                          Min: 0, Avg: 172.8, Max: 499, Diff: 499, Sum: 691, Workers: 4
[1292.327s][debug][gc,phases      ] GC(101)   ObjectSynchronizer Weak        Min:  0.0, Avg:  0.0, Max:  0.0, Diff:  0.0, Sum:  0.0, Workers: 4
[1292.327s][debug][gc,phases      ] GC(101)     Dead                           Min: 0, Avg:  0.0, Max: 0, Diff: 0, Sum: 0, Workers: 4
[1292.327s][debug][gc,phases      ] GC(101)     Total                          Min: 0, Avg:  1.0, Max: 4, Diff: 4, Sum: 4, Workers: 4
[1292.327s][debug][gc,phases      ] GC(101)   JVMTI Tag Weak OopStorage      Min:  0.0, Avg:  0.0, Max:  0.0, Diff:  0.0, Sum:  0.0, Workers: 4
[1292.327s][debug][gc,phases      ] GC(101)     Dead                           Min: 0, Avg:  0.0, Max: 0, Diff: 0, Sum: 0, Workers: 4
[1292.327s][debug][gc,phases      ] GC(101)     Total                          Min: 0, Avg:  0.0, Max: 0, Diff: 0, Sum: 0, Workers: 4
[1292.327s][debug][gc,phases      ] GC(101)   StringTable Weak               Min:  0.0, Avg:  0.1, Max:  0.1, Diff:  0.1, Sum:  0.4, Workers: 4
[1292.327s][debug][gc,phases      ] GC(101)     Dead                           Min: 0, Avg:  0.0, Max: 0, Diff: 0, Sum: 0, Workers: 4
[1292.327s][debug][gc,phases      ] GC(101)     Total                          Min: 0, Avg: 10688.5, Max: 19138, Diff: 19138, Sum: 42754, Workers: 4
[1292.327s][debug][gc,phases      ] GC(101)   ResolvedMethodTable Weak       Min:  0.0, Avg:  0.0, Max:  0.0, Diff:  0.0, Sum:  0.1, Workers: 4
[1292.327s][debug][gc,phases      ] GC(101)     Dead                           Min: 0, Avg:  0.0, Max: 0, Diff: 0, Sum: 0, Workers: 4
[1292.327s][debug][gc,phases      ] GC(101)     Total                          Min: 0, Avg: 2276.2, Max: 3511, Diff: 3511, Sum: 9105, Workers: 4
[1292.327s][debug][gc,phases      ] GC(101)   JNI Weak                       Min:  0.0, Avg:  0.0, Max:  0.0, Diff:  0.0, Sum:  0.0, Workers: 4
[1292.327s][debug][gc,phases      ] GC(101)     Dead                           Min: 0, Avg:  0.0, Max: 0, Diff: 0, Sum: 0, Workers: 4
[1292.327s][debug][gc,phases      ] GC(101)     Total                          Min: 0, Avg: 11.2, Max: 45, Diff: 45, Sum: 45, Workers: 4
[1292.327s][debug][gc,phases      ] GC(101)   StringDedup Table Weak         Min:  0.0, Avg:  0.0, Max:  0.0, Diff:  0.0, Sum:  0.0, Workers: 4
[1292.327s][debug][gc,phases      ] GC(101)     Dead                           Min: 0, Avg:  0.0, Max: 0, Diff: 0, Sum: 0, Workers: 4
[1292.327s][debug][gc,phases      ] GC(101)     Total                          Min: 0, Avg:  0.0, Max: 0, Diff: 0, Sum: 0, Workers: 4
[1292.327s][debug][gc,phases      ] GC(101)   StringDedup Requests0 Weak     Min:  0.0, Avg:  0.0, Max:  0.0, Diff:  0.0, Sum:  0.0, Workers: 4
[1292.327s][debug][gc,phases      ] GC(101)     Dead                           Min: 0, Avg:  0.0, Max: 0, Diff: 0, Sum: 0, Workers: 4
[1292.327s][debug][gc,phases      ] GC(101)     Total                          Min: 0, Avg:  0.0, Max: 0, Diff: 0, Sum: 0, Workers: 4
[1292.327s][debug][gc,phases      ] GC(101)   StringDedup Requests1 Weak     Min:  0.0, Avg:  0.0, Max:  0.0, Diff:  0.0, Sum:  0.0, Workers: 4
[1292.327s][debug][gc,phases      ] GC(101)     Dead                           Min: 0, Avg:  0.0, Max: 0, Diff: 0, Sum: 0, Workers: 4
[1292.327s][debug][gc,phases      ] GC(101)     Total                          Min: 0, Avg:  0.0, Max: 0, Diff: 0, Sum: 0, Workers: 4
[1292.327s][debug][gc,phases      ] GC(101)   Weak JFR Old Object Samples    Min:  0.0, Avg:  0.0, Max:  0.0, Diff:  0.0, Sum:  0.0, Workers: 4
[1292.327s][debug][gc,phases      ] GC(101)     Dead                           Min: 0, Avg:  0.0, Max: 0, Diff: 0, Sum: 0, Workers: 4
[1292.327s][debug][gc,phases      ] GC(101)     Total                          Min: 0, Avg:  0.0, Max: 0, Diff: 0, Sum: 0, Workers: 4
[1292.327s][debug][gc,phases      ] GC(101) Weak Processing 0.347ms
[1292.327s][debug][gc,age         ] GC(101) Desired survivor size 2097152 bytes, new threshold 15 (max threshold 15)
[1292.327s][info ][gc,heap        ] GC(101) PSYoungGen: 2092672K(2094592K)->192K(2095104K) Eden: 2092544K(2092544K)->0K(2093056K) From: 128K(2048K)->192K(2048K)
[1292.327s][info ][gc,heap        ] GC(101) ParOldGen: 235654K(324096K)->235662K(324096K)
[1292.327s][info ][gc,metaspace   ] GC(101) Metaspace: 80009K(80832K)->80009K(80832K) NonClass: 68301K(68736K)->68301K(68736K) Class: 11707K(12096K)->11707K(12096K)
[1292.327s][info ][gc             ] GC(101) Pause Young (Allocation Failure) 2273M->230M(2362M) 2.587ms
[1292.327s][info ][gc,cpu         ] GC(101) User=0.01s Sys=0.00s Real=0.00s
[1292.327s][info ][safepoint      ] Safepoint "ParallelGCFailedAllocation", Time since last: 3395344380 ns, Reaching safepoint: 4000 ns, Cleanup: 41800 ns, At safepoint: 2640913 ns, Total: 2686713 ns
[1302.328s][info ][safepoint      ] Safepoint "Cleanup", Time since last: 10000645357 ns, Reaching safepoint: 5400 ns, Cleanup: 21400 ns, At safepoint: 6900 ns, Total: 33700 ns
[1308.725s][info ][gc,start       ] GC(102) Pause Young (Allocation Failure)
[1308.727s][debug][gc,phases      ] GC(102) Scavenge 2.119ms
[1308.727s][debug][gc,ref         ] GC(102) Skipped phase 1 of Reference Processing: no references
[1308.727s][debug][gc,ref         ] GC(102) Skipped phase 2 of Reference Processing: no references
[1308.727s][debug][gc,ref         ] GC(102) Skipped phase 3 of Reference Processing: no references
[1308.727s][debug][gc,ref         ] GC(102) Skipped phase 4 of Reference Processing: no references
[1308.727s][debug][gc,phases      ] GC(102) Reference Processing 0.019ms
[1308.727s][debug][gc,phases      ] GC(102)   VM Weak                        Min:  0.0, Avg:  0.0, Max:  0.0, Diff:  0.0, Sum:  0.0, Workers: 4
[1308.727s][debug][gc,phases      ] GC(102)     Dead                           Min: 0, Avg:  0.0, Max: 0, Diff: 0, Sum: 0, Workers: 4
[1308.727s][debug][gc,phases      ] GC(102)     Total                          Min: 0, Avg: 172.8, Max: 640, Diff: 640, Sum: 691, Workers: 4
[1308.727s][debug][gc,phases      ] GC(102)   ObjectSynchronizer Weak        Min:  0.0, Avg:  0.0, Max:  0.0, Diff:  0.0, Sum:  0.0, Workers: 4
[1308.727s][debug][gc,phases      ] GC(102)     Dead                           Min: 0, Avg:  0.0, Max: 0, Diff: 0, Sum: 0, Workers: 4
[1308.727s][debug][gc,phases      ] GC(102)     Total                          Min: 0, Avg:  1.0, Max: 4, Diff: 4, Sum: 4, Workers: 4
[1308.727s][debug][gc,phases      ] GC(102)   JVMTI Tag Weak OopStorage      Min:  0.0, Avg:  0.0, Max:  0.0, Diff:  0.0, Sum:  0.0, Workers: 4
[1308.727s][debug][gc,phases      ] GC(102)     Dead                           Min: 0, Avg:  0.0, Max: 0, Diff: 0, Sum: 0, Workers: 4
[1308.727s][debug][gc,phases      ] GC(102)     Total                          Min: 0, Avg:  0.0, Max: 0, Diff: 0, Sum: 0, Workers: 4
[1308.727s][debug][gc,phases      ] GC(102)   StringTable Weak               Min:  0.0, Avg:  0.1, Max:  0.1, Diff:  0.1, Sum:  0.4, Workers: 4
[1308.727s][debug][gc,phases      ] GC(102)     Dead                           Min: 0, Avg:  0.0, Max: 0, Diff: 0, Sum: 0, Workers: 4
[1308.727s][debug][gc,phases      ] GC(102)     Total                          Min: 0, Avg: 10688.8, Max: 18755, Diff: 18755, Sum: 42755, Workers: 4
[1308.727s][debug][gc,phases      ] GC(102)   ResolvedMethodTable Weak       Min:  0.0, Avg:  0.0, Max:  0.0, Diff:  0.0, Sum:  0.1, Workers: 4
[1308.727s][debug][gc,phases      ] GC(102)     Dead                           Min: 0, Avg:  0.0, Max: 0, Diff: 0, Sum: 0, Workers: 4
[1308.727s][debug][gc,phases      ] GC(102)     Total                          Min: 0, Avg: 2276.2, Max: 3964, Diff: 3964, Sum: 9105, Workers: 4
[1308.727s][debug][gc,phases      ] GC(102)   JNI Weak                       Min:  0.0, Avg:  0.0, Max:  0.0, Diff:  0.0, Sum:  0.0, Workers: 4
[1308.727s][debug][gc,phases      ] GC(102)     Dead                           Min: 0, Avg:  0.0, Max: 0, Diff: 0, Sum: 0, Workers: 4
[1308.727s][debug][gc,phases      ] GC(102)     Total                          Min: 0, Avg: 11.2, Max: 45, Diff: 45, Sum: 45, Workers: 4
[1308.727s][debug][gc,phases      ] GC(102)   StringDedup Table Weak         Min:  0.0, Avg:  0.0, Max:  0.0, Diff:  0.0, Sum:  0.0, Workers: 4
[1308.727s][debug][gc,phases      ] GC(102)     Dead                           Min: 0, Avg:  0.0, Max: 0, Diff: 0, Sum: 0, Workers: 4
[1308.727s][debug][gc,phases      ] GC(102)     Total                          Min: 0, Avg:  0.0, Max: 0, Diff: 0, Sum: 0, Workers: 4
[1308.727s][debug][gc,phases      ] GC(102)   StringDedup Requests0 Weak     Min:  0.0, Avg:  0.0, Max:  0.0, Diff:  0.0, Sum:  0.0, Workers: 4
[1308.727s][debug][gc,phases      ] GC(102)     Dead                           Min: 0, Avg:  0.0, Max: 0, Diff: 0, Sum: 0, Workers: 4
[1308.727s][debug][gc,phases      ] GC(102)     Total                          Min: 0, Avg:  0.0, Max: 0, Diff: 0, Sum: 0, Workers: 4
[1308.727s][debug][gc,phases      ] GC(102)   StringDedup Requests1 Weak     Min:  0.0, Avg:  0.0, Max:  0.0, Diff:  0.0, Sum:  0.0, Workers: 4
[1308.727s][debug][gc,phases      ] GC(102)     Dead                           Min: 0, Avg:  0.0, Max: 0, Diff: 0, Sum: 0, Workers: 4
[1308.727s][debug][gc,phases      ] GC(102)     Total                          Min: 0, Avg:  0.0, Max: 0, Diff: 0, Sum: 0, Workers: 4
[1308.727s][debug][gc,phases      ] GC(102)   Weak JFR Old Object Samples    Min:  0.0, Avg:  0.0, Max:  0.0, Diff:  0.0, Sum:  0.0, Workers: 4
[1308.727s][debug][gc,phases      ] GC(102)     Dead                           Min: 0, Avg:  0.0, Max: 0, Diff: 0, Sum: 0, Workers: 4
[1308.727s][debug][gc,phases      ] GC(102)     Total                          Min: 0, Avg:  0.0, Max: 0, Diff: 0, Sum: 0, Workers: 4
[1308.727s][debug][gc,phases      ] GC(102) Weak Processing 0.345ms
[1308.727s][debug][gc,age         ] GC(102) Desired survivor size 2097152 bytes, new threshold 15 (max threshold 15)
[1308.727s][info ][gc,heap        ] GC(102) PSYoungGen: 2093248K(2095104K)->192K(2095104K) Eden: 2093056K(2093056K)->0K(2093056K) From: 192K(2048K)->192K(2048K)
[1308.727s][info ][gc,heap        ] GC(102) ParOldGen: 235662K(324096K)->235662K(324096K)
[1308.727s][info ][gc,metaspace   ] GC(102) Metaspace: 80009K(80832K)->80009K(80832K) NonClass: 68301K(68736K)->68301K(68736K) Class: 11707K(12096K)->11707K(12096K)
[1308.727s][info ][gc             ] GC(102) Pause Young (Allocation Failure) 2274M->230M(2362M) 2.574ms
[1308.727s][info ][gc,cpu         ] GC(102) User=0.01s Sys=0.00s Real=0.00s
[1308.727s][info ][safepoint      ] Safepoint "ParallelGCFailedAllocation", Time since last: 6396625678 ns, Reaching safepoint: 4200 ns, Cleanup: 40600 ns, At safepoint: 2646512 ns, Total: 2691312 ns
[1325.124s][info ][gc,start       ] GC(103) Pause Young (Allocation Failure)
[1325.125s][debug][gc,phases      ] GC(103) Scavenge 1.391ms
[1325.125s][debug][gc,ref         ] GC(103) Skipped phase 1 of Reference Processing: no references
[1325.125s][debug][gc,ref         ] GC(103) Skipped phase 2 of Reference Processing: no references
[1325.125s][debug][gc,ref         ] GC(103) Skipped phase 3 of Reference Processing: no references
[1325.125s][debug][gc,ref         ] GC(103) Skipped phase 4 of Reference Processing: no references
[1325.125s][debug][gc,phases      ] GC(103) Reference Processing 0.020ms
[1325.125s][debug][gc,phases      ] GC(103)   VM Weak                        Min:  0.0, Avg:  0.0, Max:  0.0, Diff:  0.0, Sum:  0.0, Workers: 4
[1325.125s][debug][gc,phases      ] GC(103)     Dead                           Min: 0, Avg:  0.0, Max: 0, Diff: 0, Sum: 0, Workers: 4
[1325.125s][debug][gc,phases      ] GC(103)     Total                          Min: 0, Avg: 172.8, Max: 499, Diff: 499, Sum: 691, Workers: 4
[1325.125s][debug][gc,phases      ] GC(103)   ObjectSynchronizer Weak        Min:  0.0, Avg:  0.0, Max:  0.0, Diff:  0.0, Sum:  0.0, Workers: 4
[1325.125s][debug][gc,phases      ] GC(103)     Dead                           Min: 0, Avg:  0.0, Max: 0, Diff: 0, Sum: 0, Workers: 4
[1325.125s][debug][gc,phases      ] GC(103)     Total                          Min: 0, Avg:  1.0, Max: 4, Diff: 4, Sum: 4, Workers: 4
[1325.125s][debug][gc,phases      ] GC(103)   JVMTI Tag Weak OopStorage      Min:  0.0, Avg:  0.0, Max:  0.0, Diff:  0.0, Sum:  0.0, Workers: 4
[1325.125s][debug][gc,phases      ] GC(103)     Dead                           Min: 0, Avg:  0.0, Max: 0, Diff: 0, Sum: 0, Workers: 4
[1325.125s][debug][gc,phases      ] GC(103)     Total                          Min: 0, Avg:  0.0, Max: 0, Diff: 0, Sum: 0, Workers: 4
[1325.125s][debug][gc,phases      ] GC(103)   StringTable Weak               Min:  0.0, Avg:  0.1, Max:  0.1, Diff:  0.1, Sum:  0.4, Workers: 4
[1325.126s][debug][gc,phases      ] GC(103)     Dead                           Min: 0, Avg:  0.0, Max: 0, Diff: 0, Sum: 0, Workers: 4
[1325.126s][debug][gc,phases      ] GC(103)     Total                          Min: 0, Avg: 10688.8, Max: 17667, Diff: 17667, Sum: 42755, Workers: 4
[1325.126s][debug][gc,phases      ] GC(103)   ResolvedMethodTable Weak       Min:  0.0, Avg:  0.0, Max:  0.0, Diff:  0.0, Sum:  0.1, Workers: 4
[1325.126s][debug][gc,phases      ] GC(103)     Dead                           Min: 0, Avg:  0.0, Max: 0, Diff: 0, Sum: 0, Workers: 4
[1325.126s][debug][gc,phases      ] GC(103)     Total                          Min: 0, Avg: 2276.2, Max: 4074, Diff: 4074, Sum: 9105, Workers: 4
[1325.126s][debug][gc,phases      ] GC(103)   JNI Weak                       Min:  0.0, Avg:  0.0, Max:  0.0, Diff:  0.0, Sum:  0.0, Workers: 4
[1325.126s][debug][gc,phases      ] GC(103)     Dead                           Min: 0, Avg:  0.0, Max: 0, Diff: 0, Sum: 0, Workers: 4
[1325.126s][debug][gc,phases      ] GC(103)     Total                          Min: 0, Avg: 11.2, Max: 45, Diff: 45, Sum: 45, Workers: 4
[1325.126s][debug][gc,phases      ] GC(103)   StringDedup Table Weak         Min:  0.0, Avg:  0.0, Max:  0.0, Diff:  0.0, Sum:  0.0, Workers: 4
[1325.126s][debug][gc,phases      ] GC(103)     Dead                           Min: 0, Avg:  0.0, Max: 0, Diff: 0, Sum: 0, Workers: 4
[1325.126s][debug][gc,phases      ] GC(103)     Total                          Min: 0, Avg:  0.0, Max: 0, Diff: 0, Sum: 0, Workers: 4
[1325.126s][debug][gc,phases      ] GC(103)   StringDedup Requests0 Weak     Min:  0.0, Avg:  0.0, Max:  0.0, Diff:  0.0, Sum:  0.0, Workers: 4
[1325.126s][debug][gc,phases      ] GC(103)     Dead                           Min: 0, Avg:  0.0, Max: 0, Diff: 0, Sum: 0, Workers: 4
[1325.126s][debug][gc,phases      ] GC(103)     Total                          Min: 0, Avg:  0.0, Max: 0, Diff: 0, Sum: 0, Workers: 4
[1325.126s][debug][gc,phases      ] GC(103)   StringDedup Requests1 Weak     Min:  0.0, Avg:  0.0, Max:  0.0, Diff:  0.0, Sum:  0.0, Workers: 4
[1325.126s][debug][gc,phases      ] GC(103)     Dead                           Min: 0, Avg:  0.0, Max: 0, Diff: 0, Sum: 0, Workers: 4
[1325.126s][debug][gc,phases      ] GC(103)     Total                          Min: 0, Avg:  0.0, Max: 0, Diff: 0, Sum: 0, Workers: 4
[1325.126s][debug][gc,phases      ] GC(103)   Weak JFR Old Object Samples    Min:  0.0, Avg:  0.0, Max:  0.0, Diff:  0.0, Sum:  0.0, Workers: 4
[1325.126s][debug][gc,phases      ] GC(103)     Dead                           Min: 0, Avg:  0.0, Max: 0, Diff: 0, Sum: 0, Workers: 4
[1325.126s][debug][gc,phases      ] GC(103)     Total                          Min: 0, Avg:  0.0, Max: 0, Diff: 0, Sum: 0, Workers: 4
[1325.126s][debug][gc,phases      ] GC(103) Weak Processing 0.354ms
[1325.126s][debug][gc,age         ] GC(103) Desired survivor size 1572864 bytes, new threshold 15 (max threshold 15)
[1325.126s][info ][gc,heap        ] GC(103) PSYoungGen: 2093248K(2095104K)->192K(2095616K) Eden: 2093056K(2093056K)->0K(2093568K) From: 192K(2048K)->192K(2048K)
[1325.126s][info ][gc,heap        ] GC(103) ParOldGen: 235662K(324096K)->235670K(324096K)
[1325.126s][info ][gc,metaspace   ] GC(103) Metaspace: 80012K(80832K)->80012K(80832K) NonClass: 68304K(68736K)->68304K(68736K) Class: 11707K(12096K)->11707K(12096K)
[1325.126s][info ][gc             ] GC(103) Pause Young (Allocation Failure) 2274M->230M(2363M) 1.858ms
[1325.126s][info ][gc,cpu         ] GC(103) User=0.01s Sys=0.00s Real=0.00s
[1325.126s][info ][safepoint      ] Safepoint "ParallelGCFailedAllocation", Time since last: 16396501440 ns, Reaching safepoint: 4400 ns, Cleanup: 58501 ns, At safepoint: 1918009 ns, Total: 1980910 ns
[1329.126s][info ][safepoint      ] Safepoint "Cleanup", Time since last: 4000290295 ns, Reaching safepoint: 36200 ns, Cleanup: 50400 ns, At safepoint: 30700 ns, Total: 117300 ns
[1341.523s][info ][gc,start       ] GC(104) Pause Young (Allocation Failure)
[1341.526s][debug][gc,phases      ] GC(104) Scavenge 2.028ms
[1341.526s][debug][gc,ref         ] GC(104) Skipped phase 1 of Reference Processing: no references
[1341.526s][debug][gc,ref         ] GC(104) Skipped phase 2 of Reference Processing: no references
[1341.526s][debug][gc,ref         ] GC(104) Skipped phase 3 of Reference Processing: no references
[1341.526s][debug][gc,ref         ] GC(104) Skipped phase 4 of Reference Processing: no references
[1341.526s][debug][gc,phases      ] GC(104) Reference Processing 0.019ms
[1341.526s][debug][gc,phases      ] GC(104)   VM Weak                        Min:  0.0, Avg:  0.0, Max:  0.0, Diff:  0.0, Sum:  0.0, Workers: 4
[1341.526s][debug][gc,phases      ] GC(104)     Dead                           Min: 0, Avg:  0.0, Max: 0, Diff: 0, Sum: 0, Workers: 4
[1341.526s][debug][gc,phases      ] GC(104)     Total                          Min: 0, Avg: 172.8, Max: 627, Diff: 627, Sum: 691, Workers: 4
[1341.526s][debug][gc,phases      ] GC(104)   ObjectSynchronizer Weak        Min:  0.0, Avg:  0.0, Max:  0.0, Diff:  0.0, Sum:  0.0, Workers: 4
[1341.526s][debug][gc,phases      ] GC(104)     Dead                           Min: 0, Avg:  0.0, Max: 0, Diff: 0, Sum: 0, Workers: 4
[1341.526s][debug][gc,phases      ] GC(104)     Total                          Min: 0, Avg:  1.0, Max: 4, Diff: 4, Sum: 4, Workers: 4
[1341.526s][debug][gc,phases      ] GC(104)   JVMTI Tag Weak OopStorage      Min:  0.0, Avg:  0.0, Max:  0.0, Diff:  0.0, Sum:  0.0, Workers: 4
[1341.526s][debug][gc,phases      ] GC(104)     Dead                           Min: 0, Avg:  0.0, Max: 0, Diff: 0, Sum: 0, Workers: 4
[1341.526s][debug][gc,phases      ] GC(104)     Total                          Min: 0, Avg:  0.0, Max: 0, Diff: 0, Sum: 0, Workers: 4
[1341.526s][debug][gc,phases      ] GC(104)   StringTable Weak               Min:  0.1, Avg:  0.1, Max:  0.1, Diff:  0.0, Sum:  0.4, Workers: 4
[1341.526s][debug][gc,phases      ] GC(104)     Dead                           Min: 0, Avg:  0.0, Max: 0, Diff: 0, Sum: 0, Workers: 4
[1341.526s][debug][gc,phases      ] GC(104)     Total                          Min: 9603, Avg: 10688.8, Max: 11328, Diff: 1725, Sum: 42755, Workers: 4
[1341.526s][debug][gc,phases      ] GC(104)   ResolvedMethodTable Weak       Min:  0.0, Avg:  0.0, Max:  0.0, Diff:  0.0, Sum:  0.1, Workers: 4
[1341.526s][debug][gc,phases      ] GC(104)     Dead                           Min: 0, Avg:  0.0, Max: 0, Diff: 0, Sum: 0, Workers: 4
[1341.526s][debug][gc,phases      ] GC(104)     Total                          Min: 2194, Avg: 2276.2, Max: 2337, Diff: 143, Sum: 9105, Workers: 4
[1341.526s][debug][gc,phases      ] GC(104)   JNI Weak                       Min:  0.0, Avg:  0.0, Max:  0.0, Diff:  0.0, Sum:  0.0, Workers: 4
[1341.526s][debug][gc,phases      ] GC(104)     Dead                           Min: 0, Avg:  0.0, Max: 0, Diff: 0, Sum: 0, Workers: 4
[1341.526s][debug][gc,phases      ] GC(104)     Total                          Min: 0, Avg: 11.2, Max: 45, Diff: 45, Sum: 45, Workers: 4
[1341.526s][debug][gc,phases      ] GC(104)   StringDedup Table Weak         Min:  0.0, Avg:  0.0, Max:  0.0, Diff:  0.0, Sum:  0.0, Workers: 4
[1341.526s][debug][gc,phases      ] GC(104)     Dead                           Min: 0, Avg:  0.0, Max: 0, Diff: 0, Sum: 0, Workers: 4
[1341.526s][debug][gc,phases      ] GC(104)     Total                          Min: 0, Avg:  0.0, Max: 0, Diff: 0, Sum: 0, Workers: 4
[1341.526s][debug][gc,phases      ] GC(104)   StringDedup Requests0 Weak     Min:  0.0, Avg:  0.0, Max:  0.0, Diff:  0.0, Sum:  0.0, Workers: 4
[1341.526s][debug][gc,phases      ] GC(104)     Dead                           Min: 0, Avg:  0.0, Max: 0, Diff: 0, Sum: 0, Workers: 4
[1341.526s][debug][gc,phases      ] GC(104)     Total                          Min: 0, Avg:  0.0, Max: 0, Diff: 0, Sum: 0, Workers: 4
[1341.526s][debug][gc,phases      ] GC(104)   StringDedup Requests1 Weak     Min:  0.0, Avg:  0.0, Max:  0.0, Diff:  0.0, Sum:  0.0, Workers: 4
[1341.526s][debug][gc,phases      ] GC(104)     Dead                           Min: 0, Avg:  0.0, Max: 0, Diff: 0, Sum: 0, Workers: 4
[1341.526s][debug][gc,phases      ] GC(104)     Total                          Min: 0, Avg:  0.0, Max: 0, Diff: 0, Sum: 0, Workers: 4
[1341.526s][debug][gc,phases      ] GC(104)   Weak JFR Old Object Samples    Min:  0.0, Avg:  0.0, Max:  0.0, Diff:  0.0, Sum:  0.0, Workers: 4
[1341.526s][debug][gc,phases      ] GC(104)     Dead                           Min: 0, Avg:  0.0, Max: 0, Diff: 0, Sum: 0, Workers: 4
[1341.526s][debug][gc,phases      ] GC(104)     Total                          Min: 0, Avg:  0.0, Max: 0, Diff: 0, Sum: 0, Workers: 4
[1341.526s][debug][gc,phases      ] GC(104) Weak Processing 0.322ms
[1341.526s][debug][gc,age         ] GC(104) Desired survivor size 1572864 bytes, new threshold 15 (max threshold 15)
[1341.526s][info ][gc,heap        ] GC(104) PSYoungGen: 2093760K(2095616K)->192K(2095104K) Eden: 2093568K(2093568K)->0K(2093568K) From: 192K(2048K)->192K(1536K)
[1341.526s][info ][gc,heap        ] GC(104) ParOldGen: 235670K(324096K)->235678K(324096K)
[1341.526s][info ][gc,metaspace   ] GC(104) Metaspace: 80012K(80832K)->80012K(80832K) NonClass: 68304K(68736K)->68304K(68736K) Class: 11707K(12096K)->11707K(12096K)
[1341.526s][info ][gc             ] GC(104) Pause Young (Allocation Failure) 2274M->230M(2362M) 2.459ms
[1341.526s][info ][gc,cpu         ] GC(104) User=0.01s Sys=0.00s Real=0.00s
[1341.526s][info ][safepoint      ] Safepoint "ParallelGCFailedAllocation", Time since last: 12397298156 ns, Reaching safepoint: 5900 ns, Cleanup: 45000 ns, At safepoint: 2526811 ns, Total: 2577711 ns
[1357.923s][info ][gc,start       ] GC(105) Pause Young (Allocation Failure)
[1357.925s][debug][gc,phases      ] GC(105) Scavenge 1.329ms
[1357.925s][debug][gc,ref         ] GC(105) Skipped phase 1 of Reference Processing: no references
[1357.925s][debug][gc,ref         ] GC(105) Skipped phase 2 of Reference Processing: no references
[1357.925s][debug][gc,ref         ] GC(105) Skipped phase 3 of Reference Processing: no references
[1357.925s][debug][gc,ref         ] GC(105) Skipped phase 4 of Reference Processing: no references
[1357.925s][debug][gc,phases      ] GC(105) Reference Processing 0.020ms
[1357.925s][debug][gc,phases      ] GC(105)   VM Weak                        Min:  0.0, Avg:  0.0, Max:  0.0, Diff:  0.0, Sum:  0.0, Workers: 4
[1357.925s][debug][gc,phases      ] GC(105)     Dead                           Min: 0, Avg:  0.0, Max: 0, Diff: 0, Sum: 0, Workers: 4
[1357.925s][debug][gc,phases      ] GC(105)     Total                          Min: 0, Avg: 172.8, Max: 371, Diff: 371, Sum: 691, Workers: 4
[1357.925s][debug][gc,phases      ] GC(105)   ObjectSynchronizer Weak        Min:  0.0, Avg:  0.0, Max:  0.0, Diff:  0.0, Sum:  0.0, Workers: 4
[1357.925s][debug][gc,phases      ] GC(105)     Dead                           Min: 0, Avg:  0.0, Max: 0, Diff: 0, Sum: 0, Workers: 4
[1357.925s][debug][gc,phases      ] GC(105)     Total                          Min: 0, Avg:  1.0, Max: 4, Diff: 4, Sum: 4, Workers: 4
[1357.925s][debug][gc,phases      ] GC(105)   JVMTI Tag Weak OopStorage      Min:  0.0, Avg:  0.0, Max:  0.0, Diff:  0.0, Sum:  0.0, Workers: 4
[1357.925s][debug][gc,phases      ] GC(105)     Dead                           Min: 0, Avg:  0.0, Max: 0, Diff: 0, Sum: 0, Workers: 4
[1357.925s][debug][gc,phases      ] GC(105)     Total                          Min: 0, Avg:  0.0, Max: 0, Diff: 0, Sum: 0, Workers: 4
[1357.925s][debug][gc,phases      ] GC(105)   StringTable Weak               Min:  0.1, Avg:  0.1, Max:  0.1, Diff:  0.0, Sum:  0.4, Workers: 4
[1357.925s][debug][gc,phases      ] GC(105)     Dead                           Min: 0, Avg:  0.0, Max: 0, Diff: 0, Sum: 0, Workers: 4
[1357.925s][debug][gc,phases      ] GC(105)     Total                          Min: 9792, Avg: 10688.8, Max: 11328, Diff: 1536, Sum: 42755, Workers: 4
[1357.925s][debug][gc,phases      ] GC(105)   ResolvedMethodTable Weak       Min:  0.0, Avg:  0.0, Max:  0.0, Diff:  0.0, Sum:  0.1, Workers: 4
[1357.925s][debug][gc,phases      ] GC(105)     Dead                           Min: 0, Avg:  0.0, Max: 0, Diff: 0, Sum: 0, Workers: 4
[1357.925s][debug][gc,phases      ] GC(105)     Total                          Min: 2119, Avg: 2276.2, Max: 2450, Diff: 331, Sum: 9105, Workers: 4
[1357.925s][debug][gc,phases      ] GC(105)   JNI Weak                       Min:  0.0, Avg:  0.0, Max:  0.0, Diff:  0.0, Sum:  0.0, Workers: 4
[1357.925s][debug][gc,phases      ] GC(105)     Dead                           Min: 0, Avg:  0.0, Max: 0, Diff: 0, Sum: 0, Workers: 4
[1357.925s][debug][gc,phases      ] GC(105)     Total                          Min: 0, Avg: 11.2, Max: 45, Diff: 45, Sum: 45, Workers: 4
[1357.925s][debug][gc,phases      ] GC(105)   StringDedup Table Weak         Min:  0.0, Avg:  0.0, Max:  0.0, Diff:  0.0, Sum:  0.0, Workers: 4
[1357.925s][debug][gc,phases      ] GC(105)     Dead                           Min: 0, Avg:  0.0, Max: 0, Diff: 0, Sum: 0, Workers: 4
[1357.925s][debug][gc,phases      ] GC(105)     Total                          Min: 0, Avg:  0.0, Max: 0, Diff: 0, Sum: 0, Workers: 4
[1357.925s][debug][gc,phases      ] GC(105)   StringDedup Requests0 Weak     Min:  0.0, Avg:  0.0, Max:  0.0, Diff:  0.0, Sum:  0.0, Workers: 4
[1357.925s][debug][gc,phases      ] GC(105)     Dead                           Min: 0, Avg:  0.0, Max: 0, Diff: 0, Sum: 0, Workers: 4
[1357.925s][debug][gc,phases      ] GC(105)     Total                          Min: 0, Avg:  0.0, Max: 0, Diff: 0, Sum: 0, Workers: 4
[1357.925s][debug][gc,phases      ] GC(105)   StringDedup Requests1 Weak     Min:  0.0, Avg:  0.0, Max:  0.0, Diff:  0.0, Sum:  0.0, Workers: 4
[1357.925s][debug][gc,phases      ] GC(105)     Dead                           Min: 0, Avg:  0.0, Max: 0, Diff: 0, Sum: 0, Workers: 4
[1357.925s][debug][gc,phases      ] GC(105)     Total                          Min: 0, Avg:  0.0, Max: 0, Diff: 0, Sum: 0, Workers: 4
[1357.925s][debug][gc,phases      ] GC(105)   Weak JFR Old Object Samples    Min:  0.0, Avg:  0.0, Max:  0.0, Diff:  0.0, Sum:  0.0, Workers: 4
[1357.925s][debug][gc,phases      ] GC(105)     Dead                           Min: 0, Avg:  0.0, Max: 0, Diff: 0, Sum: 0, Workers: 4
[1357.925s][debug][gc,phases      ] GC(105)     Total                          Min: 0, Avg:  0.0, Max: 0, Diff: 0, Sum: 0, Workers: 4
[1357.925s][debug][gc,phases      ] GC(105) Weak Processing 0.308ms
[1357.925s][debug][gc,age         ] GC(105) Desired survivor size 1572864 bytes, new threshold 15 (max threshold 15)
[1357.925s][info ][gc,heap        ] GC(105) PSYoungGen: 2093760K(2095104K)->192K(2095616K) Eden: 2093568K(2093568K)->0K(2094080K) From: 192K(1536K)->192K(1536K)
[1357.925s][info ][gc,heap        ] GC(105) ParOldGen: 235678K(324096K)->235678K(324096K)
[1357.925s][info ][gc,metaspace   ] GC(105) Metaspace: 80020K(80832K)->80020K(80832K) NonClass: 68312K(68736K)->68312K(68736K) Class: 11707K(12096K)->11707K(12096K)
[1357.925s][info ][gc             ] GC(105) Pause Young (Allocation Failure) 2274M->230M(2363M) 1.764ms
[1357.925s][info ][gc,cpu         ] GC(105) User=0.00s Sys=0.00s Real=0.00s
[1357.925s][info ][safepoint      ] Safepoint "ParallelGCFailedAllocation", Time since last: 16397168437 ns, Reaching safepoint: 5200 ns, Cleanup: 43500 ns, At safepoint: 1827709 ns, Total: 1876409 ns
[1374.324s][info ][gc,start       ] GC(106) Pause Young (Allocation Failure)
[1374.325s][debug][gc,phases      ] GC(106) Scavenge 1.465ms
[1374.325s][debug][gc,ref         ] GC(106) Skipped phase 1 of Reference Processing: no references
[1374.325s][debug][gc,ref         ] GC(106) Skipped phase 2 of Reference Processing: no references
[1374.325s][debug][gc,ref         ] GC(106) Skipped phase 3 of Reference Processing: no references
[1374.325s][debug][gc,ref         ] GC(106) Skipped phase 4 of Reference Processing: no references
[1374.325s][debug][gc,phases      ] GC(106) Reference Processing 0.023ms
[1374.325s][debug][gc,phases      ] GC(106)   VM Weak                        Min:  0.0, Avg:  0.0, Max:  0.0, Diff:  0.0, Sum:  0.0, Workers: 4
[1374.326s][debug][gc,phases      ] GC(106)     Dead                           Min: 0, Avg:  0.0, Max: 0, Diff: 0, Sum: 0, Workers: 4
[1374.326s][debug][gc,phases      ] GC(106)     Total                          Min: 0, Avg: 172.8, Max: 576, Diff: 576, Sum: 691, Workers: 4
[1374.326s][debug][gc,phases      ] GC(106)   ObjectSynchronizer Weak        Min:  0.0, Avg:  0.0, Max:  0.0, Diff:  0.0, Sum:  0.0, Workers: 4
[1374.326s][debug][gc,phases      ] GC(106)     Dead                           Min: 0, Avg:  0.0, Max: 0, Diff: 0, Sum: 0, Workers: 4
[1374.326s][debug][gc,phases      ] GC(106)     Total                          Min: 0, Avg:  1.0, Max: 4, Diff: 4, Sum: 4, Workers: 4
[1374.326s][debug][gc,phases      ] GC(106)   JVMTI Tag Weak OopStorage      Min:  0.0, Avg:  0.0, Max:  0.0, Diff:  0.0, Sum:  0.0, Workers: 4
[1374.326s][debug][gc,phases      ] GC(106)     Dead                           Min: 0, Avg:  0.0, Max: 0, Diff: 0, Sum: 0, Workers: 4
[1374.326s][debug][gc,phases      ] GC(106)     Total                          Min: 0, Avg:  0.0, Max: 0, Diff: 0, Sum: 0, Workers: 4
[1374.326s][debug][gc,phases      ] GC(106)   StringTable Weak               Min:  0.0, Avg:  0.1, Max:  0.1, Diff:  0.1, Sum:  0.4, Workers: 4
[1374.326s][debug][gc,phases      ] GC(106)     Dead                           Min: 0, Avg:  0.0, Max: 0, Diff: 0, Sum: 0, Workers: 4
[1374.326s][debug][gc,phases      ] GC(106)     Total                          Min: 0, Avg: 10688.8, Max: 17603, Diff: 17603, Sum: 42755, Workers: 4
[1374.326s][debug][gc,phases      ] GC(106)   ResolvedMethodTable Weak       Min:  0.0, Avg:  0.0, Max:  0.0, Diff:  0.0, Sum:  0.1, Workers: 4
[1374.326s][debug][gc,phases      ] GC(106)     Dead                           Min: 0, Avg:  0.0, Max: 0, Diff: 0, Sum: 0, Workers: 4
[1374.326s][debug][gc,phases      ] GC(106)     Total                          Min: 0, Avg: 2276.2, Max: 3770, Diff: 3770, Sum: 9105, Workers: 4
[1374.326s][debug][gc,phases      ] GC(106)   JNI Weak                       Min:  0.0, Avg:  0.0, Max:  0.0, Diff:  0.0, Sum:  0.0, Workers: 4
[1374.326s][debug][gc,phases      ] GC(106)     Dead                           Min: 0, Avg:  0.0, Max: 0, Diff: 0, Sum: 0, Workers: 4
[1374.326s][debug][gc,phases      ] GC(106)     Total                          Min: 0, Avg: 11.2, Max: 45, Diff: 45, Sum: 45, Workers: 4
[1374.326s][debug][gc,phases      ] GC(106)   StringDedup Table Weak         Min:  0.0, Avg:  0.0, Max:  0.0, Diff:  0.0, Sum:  0.0, Workers: 4
[1374.326s][debug][gc,phases      ] GC(106)     Dead                           Min: 0, Avg:  0.0, Max: 0, Diff: 0, Sum: 0, Workers: 4
[1374.326s][debug][gc,phases      ] GC(106)     Total                          Min: 0, Avg:  0.0, Max: 0, Diff: 0, Sum: 0, Workers: 4
[1374.326s][debug][gc,phases      ] GC(106)   StringDedup Requests0 Weak     Min:  0.0, Avg:  0.0, Max:  0.0, Diff:  0.0, Sum:  0.0, Workers: 4
[1374.326s][debug][gc,phases      ] GC(106)     Dead                           Min: 0, Avg:  0.0, Max: 0, Diff: 0, Sum: 0, Workers: 4
[1374.326s][debug][gc,phases      ] GC(106)     Total                          Min: 0, Avg:  0.0, Max: 0, Diff: 0, Sum: 0, Workers: 4
[1374.326s][debug][gc,phases      ] GC(106)   StringDedup Requests1 Weak     Min:  0.0, Avg:  0.0, Max:  0.0, Diff:  0.0, Sum:  0.0, Workers: 4
[1374.326s][debug][gc,phases      ] GC(106)     Dead                           Min: 0, Avg:  0.0, Max: 0, Diff: 0, Sum: 0, Workers: 4
[1374.326s][debug][gc,phases      ] GC(106)     Total                          Min: 0, Avg:  0.0, Max: 0, Diff: 0, Sum: 0, Workers: 4
[1374.326s][debug][gc,phases      ] GC(106)   Weak JFR Old Object Samples    Min:  0.0, Avg:  0.0, Max:  0.0, Diff:  0.0, Sum:  0.0, Workers: 4
[1374.326s][debug][gc,phases      ] GC(106)     Dead                           Min: 0, Avg:  0.0, Max: 0, Diff: 0, Sum: 0, Workers: 4
[1374.326s][debug][gc,phases      ] GC(106)     Total                          Min: 0, Avg:  0.0, Max: 0, Diff: 0, Sum: 0, Workers: 4
[1374.326s][debug][gc,phases      ] GC(106) Weak Processing 0.350ms
[1374.326s][debug][gc,age         ] GC(106) Desired survivor size 1572864 bytes, new threshold 15 (max threshold 15)
[1374.326s][info ][gc,heap        ] GC(106) PSYoungGen: 2094272K(2095616K)->128K(2095616K) Eden: 2094080K(2094080K)->0K(2094080K) From: 192K(1536K)->128K(1536K)
[1374.326s][info ][gc,heap        ] GC(106) ParOldGen: 235678K(324096K)->235686K(324096K)
[1374.326s][info ][gc,metaspace   ] GC(106) Metaspace: 80020K(80832K)->80020K(80832K) NonClass: 68312K(68736K)->68312K(68736K) Class: 11707K(12096K)->11707K(12096K)
[1374.326s][info ][gc             ] GC(106) Pause Young (Allocation Failure) 2275M->230M(2363M) 1.949ms
[1374.326s][info ][gc,cpu         ] GC(106) User=0.01s Sys=0.00s Real=0.00s
[1374.326s][info ][safepoint      ] Safepoint "ParallelGCFailedAllocation", Time since last: 16398635681 ns, Reaching safepoint: 4100 ns, Cleanup: 49200 ns, At safepoint: 2033810 ns, Total: 2087110 ns
[1390.723s][info ][gc,start       ] GC(107) Pause Young (Allocation Failure)
[1390.726s][debug][gc,phases      ] GC(107) Scavenge 2.176ms
[1390.726s][debug][gc,ref         ] GC(107) Skipped phase 1 of Reference Processing: no references
[1390.726s][debug][gc,ref         ] GC(107) Skipped phase 2 of Reference Processing: no references
[1390.726s][debug][gc,ref         ] GC(107) Skipped phase 3 of Reference Processing: no references
[1390.726s][debug][gc,ref         ] GC(107) Skipped phase 4 of Reference Processing: no references
[1390.726s][debug][gc,phases      ] GC(107) Reference Processing 0.019ms
[1390.726s][debug][gc,phases      ] GC(107)   VM Weak                        Min:  0.0, Avg:  0.0, Max:  0.0, Diff:  0.0, Sum:  0.0, Workers: 4
[1390.726s][debug][gc,phases      ] GC(107)     Dead                           Min: 0, Avg:  0.0, Max: 0, Diff: 0, Sum: 0, Workers: 4
[1390.726s][debug][gc,phases      ] GC(107)     Total                          Min: 0, Avg: 172.8, Max: 512, Diff: 512, Sum: 691, Workers: 4
[1390.726s][debug][gc,phases      ] GC(107)   ObjectSynchronizer Weak        Min:  0.0, Avg:  0.0, Max:  0.0, Diff:  0.0, Sum:  0.0, Workers: 4
[1390.726s][debug][gc,phases      ] GC(107)     Dead                           Min: 0, Avg:  0.0, Max: 0, Diff: 0, Sum: 0, Workers: 4
[1390.726s][debug][gc,phases      ] GC(107)     Total                          Min: 0, Avg:  1.0, Max: 4, Diff: 4, Sum: 4, Workers: 4
[1390.726s][debug][gc,phases      ] GC(107)   JVMTI Tag Weak OopStorage      Min:  0.0, Avg:  0.0, Max:  0.0, Diff:  0.0, Sum:  0.0, Workers: 4
[1390.726s][debug][gc,phases      ] GC(107)     Dead                           Min: 0, Avg:  0.0, Max: 0, Diff: 0, Sum: 0, Workers: 4
[1390.726s][debug][gc,phases      ] GC(107)     Total                          Min: 0, Avg:  0.0, Max: 0, Diff: 0, Sum: 0, Workers: 4
[1390.726s][debug][gc,phases      ] GC(107)   StringTable Weak               Min:  0.0, Avg:  0.1, Max:  0.1, Diff:  0.1, Sum:  0.4, Workers: 4
[1390.726s][debug][gc,phases      ] GC(107)     Dead                           Min: 0, Avg:  0.0, Max: 0, Diff: 0, Sum: 0, Workers: 4
[1390.726s][debug][gc,phases      ] GC(107)     Total                          Min: 0, Avg: 10688.8, Max: 18499, Diff: 18499, Sum: 42755, Workers: 4
[1390.726s][debug][gc,phases      ] GC(107)   ResolvedMethodTable Weak       Min:  0.0, Avg:  0.0, Max:  0.0, Diff:  0.0, Sum:  0.1, Workers: 4
[1390.726s][debug][gc,phases      ] GC(107)     Dead                           Min: 0, Avg:  0.0, Max: 0, Diff: 0, Sum: 0, Workers: 4
[1390.726s][debug][gc,phases      ] GC(107)     Total                          Min: 0, Avg: 2276.2, Max: 4018, Diff: 4018, Sum: 9105, Workers: 4
[1390.726s][debug][gc,phases      ] GC(107)   JNI Weak                       Min:  0.0, Avg:  0.0, Max:  0.0, Diff:  0.0, Sum:  0.0, Workers: 4
[1390.726s][debug][gc,phases      ] GC(107)     Dead                           Min: 0, Avg:  0.0, Max: 0, Diff: 0, Sum: 0, Workers: 4
[1390.726s][debug][gc,phases      ] GC(107)     Total                          Min: 0, Avg: 11.2, Max: 45, Diff: 45, Sum: 45, Workers: 4
[1390.726s][debug][gc,phases      ] GC(107)   StringDedup Table Weak         Min:  0.0, Avg:  0.0, Max:  0.0, Diff:  0.0, Sum:  0.0, Workers: 4
[1390.726s][debug][gc,phases      ] GC(107)     Dead                           Min: 0, Avg:  0.0, Max: 0, Diff: 0, Sum: 0, Workers: 4
[1390.726s][debug][gc,phases      ] GC(107)     Total                          Min: 0, Avg:  0.0, Max: 0, Diff: 0, Sum: 0, Workers: 4
[1390.726s][debug][gc,phases      ] GC(107)   StringDedup Requests0 Weak     Min:  0.0, Avg:  0.0, Max:  0.0, Diff:  0.0, Sum:  0.0, Workers: 4
[1390.726s][debug][gc,phases      ] GC(107)     Dead                           Min: 0, Avg:  0.0, Max: 0, Diff: 0, Sum: 0, Workers: 4
[1390.726s][debug][gc,phases      ] GC(107)     Total                          Min: 0, Avg:  0.0, Max: 0, Diff: 0, Sum: 0, Workers: 4
[1390.726s][debug][gc,phases      ] GC(107)   StringDedup Requests1 Weak     Min:  0.0, Avg:  0.0, Max:  0.0, Diff:  0.0, Sum:  0.0, Workers: 4
[1390.726s][debug][gc,phases      ] GC(107)     Dead                           Min: 0, Avg:  0.0, Max: 0, Diff: 0, Sum: 0, Workers: 4
[1390.726s][debug][gc,phases      ] GC(107)     Total                          Min: 0, Avg:  0.0, Max: 0, Diff: 0, Sum: 0, Workers: 4
[1390.726s][debug][gc,phases      ] GC(107)   Weak JFR Old Object Samples    Min:  0.0, Avg:  0.0, Max:  0.0, Diff:  0.0, Sum:  0.0, Workers: 4
[1390.726s][debug][gc,phases      ] GC(107)     Dead                           Min: 0, Avg:  0.0, Max: 0, Diff: 0, Sum: 0, Workers: 4
[1390.726s][debug][gc,phases      ] GC(107)     Total                          Min: 0, Avg:  0.0, Max: 0, Diff: 0, Sum: 0, Workers: 4
[1390.726s][debug][gc,phases      ] GC(107) Weak Processing 0.355ms
[1390.726s][debug][gc,age         ] GC(107) Desired survivor size 1572864 bytes, new threshold 15 (max threshold 15)
[1390.726s][info ][gc,heap        ] GC(107) PSYoungGen: 2094208K(2095616K)->288K(2095616K) Eden: 2094080K(2094080K)->0K(2094080K) From: 128K(1536K)->288K(1536K)
[1390.726s][info ][gc,heap        ] GC(107) ParOldGen: 235686K(324096K)->235694K(324096K)
[1390.726s][info ][gc,metaspace   ] GC(107) Metaspace: 80020K(80832K)->80020K(80832K) NonClass: 68312K(68736K)->68312K(68736K) Class: 11707K(12096K)->11707K(12096K)
[1390.726s][info ][gc             ] GC(107) Pause Young (Allocation Failure) 2275M->230M(2363M) 2.644ms
[1390.726s][info ][gc,cpu         ] GC(107) User=0.00s Sys=0.00s Real=0.00s
[1390.726s][info ][safepoint      ] Safepoint "ParallelGCFailedAllocation", Time since last: 16397673957 ns, Reaching safepoint: 6001 ns, Cleanup: 36500 ns, At safepoint: 2709713 ns, Total: 2752214 ns
[1407.124s][info ][gc,start       ] GC(108) Pause Young (Allocation Failure)
[1407.126s][debug][gc,phases      ] GC(108) Scavenge 1.983ms
[1407.126s][debug][gc,ref         ] GC(108) Skipped phase 1 of Reference Processing: no references
[1407.126s][debug][gc,ref         ] GC(108) Skipped phase 2 of Reference Processing: no references
[1407.126s][debug][gc,ref         ] GC(108) Skipped phase 3 of Reference Processing: no references
[1407.126s][debug][gc,ref         ] GC(108) Skipped phase 4 of Reference Processing: no references
[1407.126s][debug][gc,phases      ] GC(108) Reference Processing 0.020ms
[1407.126s][debug][gc,phases      ] GC(108)   VM Weak                        Min:  0.0, Avg:  0.0, Max:  0.0, Diff:  0.0, Sum:  0.0, Workers: 4
[1407.126s][debug][gc,phases      ] GC(108)     Dead                           Min: 0, Avg:  0.0, Max: 0, Diff: 0, Sum: 0, Workers: 4
[1407.126s][debug][gc,phases      ] GC(108)     Total                          Min: 0, Avg: 172.8, Max: 627, Diff: 627, Sum: 691, Workers: 4
[1407.126s][debug][gc,phases      ] GC(108)   ObjectSynchronizer Weak        Min:  0.0, Avg:  0.0, Max:  0.0, Diff:  0.0, Sum:  0.0, Workers: 4
[1407.126s][debug][gc,phases      ] GC(108)     Dead                           Min: 0, Avg:  0.0, Max: 0, Diff: 0, Sum: 0, Workers: 4
[1407.126s][debug][gc,phases      ] GC(108)     Total                          Min: 0, Avg:  1.0, Max: 4, Diff: 4, Sum: 4, Workers: 4
[1407.126s][debug][gc,phases      ] GC(108)   JVMTI Tag Weak OopStorage      Min:  0.0, Avg:  0.0, Max:  0.0, Diff:  0.0, Sum:  0.0, Workers: 4
[1407.126s][debug][gc,phases      ] GC(108)     Dead                           Min: 0, Avg:  0.0, Max: 0, Diff: 0, Sum: 0, Workers: 4
[1407.126s][debug][gc,phases      ] GC(108)     Total                          Min: 0, Avg:  0.0, Max: 0, Diff: 0, Sum: 0, Workers: 4
[1407.126s][debug][gc,phases      ] GC(108)   StringTable Weak               Min:  0.0, Avg:  0.1, Max:  0.1, Diff:  0.1, Sum:  0.4, Workers: 4
[1407.126s][debug][gc,phases      ] GC(108)     Dead                           Min: 0, Avg:  0.0, Max: 0, Diff: 0, Sum: 0, Workers: 4
[1407.126s][debug][gc,phases      ] GC(108)     Total                          Min: 0, Avg: 10688.8, Max: 16960, Diff: 16960, Sum: 42755, Workers: 4
[1407.126s][debug][gc,phases      ] GC(108)   ResolvedMethodTable Weak       Min:  0.0, Avg:  0.0, Max:  0.0, Diff:  0.0, Sum:  0.1, Workers: 4
[1407.126s][debug][gc,phases      ] GC(108)     Dead                           Min: 0, Avg:  0.0, Max: 0, Diff: 0, Sum: 0, Workers: 4
[1407.126s][debug][gc,phases      ] GC(108)     Total                          Min: 0, Avg: 2276.2, Max: 3958, Diff: 3958, Sum: 9105, Workers: 4
[1407.126s][debug][gc,phases      ] GC(108)   JNI Weak                       Min:  0.0, Avg:  0.0, Max:  0.0, Diff:  0.0, Sum:  0.0, Workers: 4
[1407.126s][debug][gc,phases      ] GC(108)     Dead                           Min: 0, Avg:  0.0, Max: 0, Diff: 0, Sum: 0, Workers: 4
[1407.126s][debug][gc,phases      ] GC(108)     Total                          Min: 0, Avg: 11.2, Max: 45, Diff: 45, Sum: 45, Workers: 4
[1407.126s][debug][gc,phases      ] GC(108)   StringDedup Table Weak         Min:  0.0, Avg:  0.0, Max:  0.0, Diff:  0.0, Sum:  0.0, Workers: 4
[1407.126s][debug][gc,phases      ] GC(108)     Dead                           Min: 0, Avg:  0.0, Max: 0, Diff: 0, Sum: 0, Workers: 4
[1407.126s][debug][gc,phases      ] GC(108)     Total                          Min: 0, Avg:  0.0, Max: 0, Diff: 0, Sum: 0, Workers: 4
[1407.126s][debug][gc,phases      ] GC(108)   StringDedup Requests0 Weak     Min:  0.0, Avg:  0.0, Max:  0.0, Diff:  0.0, Sum:  0.0, Workers: 4
[1407.126s][debug][gc,phases      ] GC(108)     Dead                           Min: 0, Avg:  0.0, Max: 0, Diff: 0, Sum: 0, Workers: 4
[1407.126s][debug][gc,phases      ] GC(108)     Total                          Min: 0, Avg:  0.0, Max: 0, Diff: 0, Sum: 0, Workers: 4
[1407.126s][debug][gc,phases      ] GC(108)   StringDedup Requests1 Weak     Min:  0.0, Avg:  0.0, Max:  0.0, Diff:  0.0, Sum:  0.0, Workers: 4
[1407.126s][debug][gc,phases      ] GC(108)     Dead                           Min: 0, Avg:  0.0, Max: 0, Diff: 0, Sum: 0, Workers: 4
[1407.126s][debug][gc,phases      ] GC(108)     Total                          Min: 0, Avg:  0.0, Max: 0, Diff: 0, Sum: 0, Workers: 4
[1407.126s][debug][gc,phases      ] GC(108)   Weak JFR Old Object Samples    Min:  0.0, Avg:  0.0, Max:  0.0, Diff:  0.0, Sum:  0.0, Workers: 4
[1407.126s][debug][gc,phases      ] GC(108)     Dead                           Min: 0, Avg:  0.0, Max: 0, Diff: 0, Sum: 0, Workers: 4
[1407.126s][debug][gc,phases      ] GC(108)     Total                          Min: 0, Avg:  0.0, Max: 0, Diff: 0, Sum: 0, Workers: 4
[1407.126s][debug][gc,phases      ] GC(108) Weak Processing 0.353ms
[1407.126s][debug][gc,age         ] GC(108) Desired survivor size 1048576 bytes, new threshold 15 (max threshold 15)
[1407.126s][info ][gc,heap        ] GC(108) PSYoungGen: 2094368K(2095616K)->192K(2095616K) Eden: 2094080K(2094080K)->0K(2094080K) From: 288K(1536K)->192K(1536K)
[1407.126s][info ][gc,heap        ] GC(108) ParOldGen: 235694K(324096K)->235694K(324096K)
[1407.126s][info ][gc,metaspace   ] GC(108) Metaspace: 80020K(80832K)->80020K(80832K) NonClass: 68312K(68736K)->68312K(68736K) Class: 11707K(12096K)->11707K(12096K)
[1407.126s][info ][gc             ] GC(108) Pause Young (Allocation Failure) 2275M->230M(2363M) 2.436ms
[1407.126s][info ][gc,cpu         ] GC(108) User=0.01s Sys=0.00s Real=0.00s
[1407.126s][info ][safepoint      ] Safepoint "ParallelGCFailedAllocation", Time since last: 16397355586 ns, Reaching safepoint: 4700 ns, Cleanup: 53401 ns, At safepoint: 2518111 ns, Total: 2576212 ns
[1423.524s][info ][gc,start       ] GC(109) Pause Young (Allocation Failure)
[1423.525s][debug][gc,phases      ] GC(109) Scavenge 1.246ms
[1423.525s][debug][gc,ref         ] GC(109) Skipped phase 1 of Reference Processing: no references
[1423.525s][debug][gc,ref         ] GC(109) Skipped phase 2 of Reference Processing: no references
[1423.525s][debug][gc,ref         ] GC(109) Skipped phase 3 of Reference Processing: no references
[1423.525s][debug][gc,ref         ] GC(109) Skipped phase 4 of Reference Processing: no references
[1423.525s][debug][gc,phases      ] GC(109) Reference Processing 0.023ms
[1423.525s][debug][gc,phases      ] GC(109)   VM Weak                        Min:  0.0, Avg:  0.0, Max:  0.0, Diff:  0.0, Sum:  0.0, Workers: 4
[1423.525s][debug][gc,phases      ] GC(109)     Dead                           Min: 0, Avg:  0.0, Max: 0, Diff: 0, Sum: 0, Workers: 4
[1423.525s][debug][gc,phases      ] GC(109)     Total                          Min: 0, Avg: 172.8, Max: 691, Diff: 691, Sum: 691, Workers: 4
[1423.525s][debug][gc,phases      ] GC(109)   ObjectSynchronizer Weak        Min:  0.0, Avg:  0.0, Max:  0.0, Diff:  0.0, Sum:  0.0, Workers: 4
[1423.525s][debug][gc,phases      ] GC(109)     Dead                           Min: 0, Avg:  0.0, Max: 0, Diff: 0, Sum: 0, Workers: 4
[1423.525s][debug][gc,phases      ] GC(109)     Total                          Min: 0, Avg:  1.0, Max: 4, Diff: 4, Sum: 4, Workers: 4
[1423.525s][debug][gc,phases      ] GC(109)   JVMTI Tag Weak OopStorage      Min:  0.0, Avg:  0.0, Max:  0.0, Diff:  0.0, Sum:  0.0, Workers: 4
[1423.526s][debug][gc,phases      ] GC(109)     Dead                           Min: 0, Avg:  0.0, Max: 0, Diff: 0, Sum: 0, Workers: 4
[1423.526s][debug][gc,phases      ] GC(109)     Total                          Min: 0, Avg:  0.0, Max: 0, Diff: 0, Sum: 0, Workers: 4
[1423.526s][debug][gc,phases      ] GC(109)   StringTable Weak               Min:  0.0, Avg:  0.1, Max:  0.1, Diff:  0.1, Sum:  0.4, Workers: 4
[1423.526s][debug][gc,phases      ] GC(109)     Dead                           Min: 0, Avg:  0.0, Max: 0, Diff: 0, Sum: 0, Workers: 4
[1423.526s][debug][gc,phases      ] GC(109)     Total                          Min: 0, Avg: 10688.8, Max: 19648, Diff: 19648, Sum: 42755, Workers: 4
[1423.526s][debug][gc,phases      ] GC(109)   ResolvedMethodTable Weak       Min:  0.0, Avg:  0.0, Max:  0.0, Diff:  0.0, Sum:  0.1, Workers: 4
[1423.526s][debug][gc,phases      ] GC(109)     Dead                           Min: 0, Avg:  0.0, Max: 0, Diff: 0, Sum: 0, Workers: 4
[1423.526s][debug][gc,phases      ] GC(109)     Total                          Min: 0, Avg: 2276.2, Max: 3833, Diff: 3833, Sum: 9105, Workers: 4
[1423.526s][debug][gc,phases      ] GC(109)   JNI Weak                       Min:  0.0, Avg:  0.0, Max:  0.0, Diff:  0.0, Sum:  0.0, Workers: 4
[1423.526s][debug][gc,phases      ] GC(109)     Dead                           Min: 0, Avg:  0.0, Max: 0, Diff: 0, Sum: 0, Workers: 4
[1423.526s][debug][gc,phases      ] GC(109)     Total                          Min: 0, Avg: 11.2, Max: 45, Diff: 45, Sum: 45, Workers: 4
[1423.526s][debug][gc,phases      ] GC(109)   StringDedup Table Weak         Min:  0.0, Avg:  0.0, Max:  0.0, Diff:  0.0, Sum:  0.0, Workers: 4
[1423.526s][debug][gc,phases      ] GC(109)     Dead                           Min: 0, Avg:  0.0, Max: 0, Diff: 0, Sum: 0, Workers: 4
[1423.526s][debug][gc,phases      ] GC(109)     Total                          Min: 0, Avg:  0.0, Max: 0, Diff: 0, Sum: 0, Workers: 4
[1423.526s][debug][gc,phases      ] GC(109)   StringDedup Requests0 Weak     Min:  0.0, Avg:  0.0, Max:  0.0, Diff:  0.0, Sum:  0.0, Workers: 4
[1423.526s][debug][gc,phases      ] GC(109)     Dead                           Min: 0, Avg:  0.0, Max: 0, Diff: 0, Sum: 0, Workers: 4
[1423.526s][debug][gc,phases      ] GC(109)     Total                          Min: 0, Avg:  0.0, Max: 0, Diff: 0, Sum: 0, Workers: 4
[1423.526s][debug][gc,phases      ] GC(109)   StringDedup Requests1 Weak     Min:  0.0, Avg:  0.0, Max:  0.0, Diff:  0.0, Sum:  0.0, Workers: 4
[1423.526s][debug][gc,phases      ] GC(109)     Dead                           Min: 0, Avg:  0.0, Max: 0, Diff: 0, Sum: 0, Workers: 4
[1423.526s][debug][gc,phases      ] GC(109)     Total                          Min: 0, Avg:  0.0, Max: 0, Diff: 0, Sum: 0, Workers: 4
[1423.526s][debug][gc,phases      ] GC(109)   Weak JFR Old Object Samples    Min:  0.0, Avg:  0.0, Max:  0.0, Diff:  0.0, Sum:  0.0, Workers: 4
[1423.526s][debug][gc,phases      ] GC(109)     Dead                           Min: 0, Avg:  0.0, Max: 0, Diff: 0, Sum: 0, Workers: 4
[1423.526s][debug][gc,phases      ] GC(109)     Total                          Min: 0, Avg:  0.0, Max: 0, Diff: 0, Sum: 0, Workers: 4
[1423.526s][debug][gc,phases      ] GC(109) Weak Processing 0.336ms
[1423.526s][debug][gc,age         ] GC(109) Desired survivor size 1048576 bytes, new threshold 15 (max threshold 15)
[1423.526s][info ][gc,heap        ] GC(109) PSYoungGen: 2094272K(2095616K)->128K(2096128K) Eden: 2094080K(2094080K)->0K(2095104K) From: 192K(1536K)->128K(1024K)
[1423.526s][info ][gc,heap        ] GC(109) ParOldGen: 235694K(324096K)->235702K(324096K)
[1423.526s][info ][gc,metaspace   ] GC(109) Metaspace: 80020K(80832K)->80020K(80832K) NonClass: 68312K(68736K)->68312K(68736K) Class: 11707K(12096K)->11707K(12096K)
[1423.526s][info ][gc             ] GC(109) Pause Young (Allocation Failure) 2275M->230M(2363M) 1.723ms
[1423.526s][info ][gc,cpu         ] GC(109) User=0.01s Sys=0.00s Real=0.00s
[1423.526s][info ][safepoint      ] Safepoint "ParallelGCFailedAllocation", Time since last: 16397795724 ns, Reaching safepoint: 4000 ns, Cleanup: 24501 ns, At safepoint: 1788108 ns, Total: 1816609 ns
[1439.924s][info ][gc,start       ] GC(110) Pause Young (Allocation Failure)
[1439.925s][debug][gc,phases      ] GC(110) Scavenge 1.431ms
[1439.925s][debug][gc,ref         ] GC(110) Skipped phase 1 of Reference Processing: no references
[1439.925s][debug][gc,ref         ] GC(110) Skipped phase 2 of Reference Processing: no references
[1439.925s][debug][gc,ref         ] GC(110) Skipped phase 3 of Reference Processing: no references
[1439.925s][debug][gc,ref         ] GC(110) Skipped phase 4 of Reference Processing: no references
[1439.925s][debug][gc,phases      ] GC(110) Reference Processing 0.019ms
[1439.925s][debug][gc,phases      ] GC(110)   VM Weak                        Min:  0.0, Avg:  0.0, Max:  0.0, Diff:  0.0, Sum:  0.0, Workers: 4
[1439.925s][debug][gc,phases      ] GC(110)     Dead                           Min: 0, Avg:  0.0, Max: 0, Diff: 0, Sum: 0, Workers: 4
[1439.925s][debug][gc,phases      ] GC(110)     Total                          Min: 0, Avg: 172.8, Max: 691, Diff: 691, Sum: 691, Workers: 4
[1439.925s][debug][gc,phases      ] GC(110)   ObjectSynchronizer Weak        Min:  0.0, Avg:  0.0, Max:  0.0, Diff:  0.0, Sum:  0.0, Workers: 4
[1439.925s][debug][gc,phases      ] GC(110)     Dead                           Min: 0, Avg:  0.0, Max: 0, Diff: 0, Sum: 0, Workers: 4
[1439.925s][debug][gc,phases      ] GC(110)     Total                          Min: 0, Avg:  1.0, Max: 4, Diff: 4, Sum: 4, Workers: 4
[1439.925s][debug][gc,phases      ] GC(110)   JVMTI Tag Weak OopStorage      Min:  0.0, Avg:  0.0, Max:  0.0, Diff:  0.0, Sum:  0.0, Workers: 4
[1439.925s][debug][gc,phases      ] GC(110)     Dead                           Min: 0, Avg:  0.0, Max: 0, Diff: 0, Sum: 0, Workers: 4
[1439.925s][debug][gc,phases      ] GC(110)     Total                          Min: 0, Avg:  0.0, Max: 0, Diff: 0, Sum: 0, Workers: 4
[1439.925s][debug][gc,phases      ] GC(110)   StringTable Weak               Min:  0.0, Avg:  0.1, Max:  0.1, Diff:  0.1, Sum:  0.4, Workers: 4
[1439.925s][debug][gc,phases      ] GC(110)     Dead                           Min: 0, Avg:  0.0, Max: 0, Diff: 0, Sum: 0, Workers: 4
[1439.925s][debug][gc,phases      ] GC(110)     Total                          Min: 0, Avg: 10688.8, Max: 18816, Diff: 18816, Sum: 42755, Workers: 4
[1439.925s][debug][gc,phases      ] GC(110)   ResolvedMethodTable Weak       Min:  0.0, Avg:  0.0, Max:  0.0, Diff:  0.0, Sum:  0.1, Workers: 4
[1439.925s][debug][gc,phases      ] GC(110)     Dead                           Min: 0, Avg:  0.0, Max: 0, Diff: 0, Sum: 0, Workers: 4
[1439.925s][debug][gc,phases      ] GC(110)     Total                          Min: 0, Avg: 2276.2, Max: 4138, Diff: 4138, Sum: 9105, Workers: 4
[1439.925s][debug][gc,phases      ] GC(110)   JNI Weak                       Min:  0.0, Avg:  0.0, Max:  0.0, Diff:  0.0, Sum:  0.0, Workers: 4
[1439.925s][debug][gc,phases      ] GC(110)     Dead                           Min: 0, Avg:  0.0, Max: 0, Diff: 0, Sum: 0, Workers: 4
[1439.925s][debug][gc,phases      ] GC(110)     Total                          Min: 0, Avg: 11.2, Max: 45, Diff: 45, Sum: 45, Workers: 4
[1439.925s][debug][gc,phases      ] GC(110)   StringDedup Table Weak         Min:  0.0, Avg:  0.0, Max:  0.0, Diff:  0.0, Sum:  0.0, Workers: 4
[1439.925s][debug][gc,phases      ] GC(110)     Dead                           Min: 0, Avg:  0.0, Max: 0, Diff: 0, Sum: 0, Workers: 4
[1439.925s][debug][gc,phases      ] GC(110)     Total                          Min: 0, Avg:  0.0, Max: 0, Diff: 0, Sum: 0, Workers: 4
[1439.925s][debug][gc,phases      ] GC(110)   StringDedup Requests0 Weak     Min:  0.0, Avg:  0.0, Max:  0.0, Diff:  0.0, Sum:  0.0, Workers: 4
[1439.925s][debug][gc,phases      ] GC(110)     Dead                           Min: 0, Avg:  0.0, Max: 0, Diff: 0, Sum: 0, Workers: 4
[1439.925s][debug][gc,phases      ] GC(110)     Total                          Min: 0, Avg:  0.0, Max: 0, Diff: 0, Sum: 0, Workers: 4
[1439.925s][debug][gc,phases      ] GC(110)   StringDedup Requests1 Weak     Min:  0.0, Avg:  0.0, Max:  0.0, Diff:  0.0, Sum:  0.0, Workers: 4
[1439.926s][debug][gc,phases      ] GC(110)     Dead                           Min: 0, Avg:  0.0, Max: 0, Diff: 0, Sum: 0, Workers: 4
[1439.926s][debug][gc,phases      ] GC(110)     Total                          Min: 0, Avg:  0.0, Max: 0, Diff: 0, Sum: 0, Workers: 4
[1439.926s][debug][gc,phases      ] GC(110)   Weak JFR Old Object Samples    Min:  0.0, Avg:  0.0, Max:  0.0, Diff:  0.0, Sum:  0.0, Workers: 4
[1439.926s][debug][gc,phases      ] GC(110)     Dead                           Min: 0, Avg:  0.0, Max: 0, Diff: 0, Sum: 0, Workers: 4
[1439.926s][debug][gc,phases      ] GC(110)     Total                          Min: 0, Avg:  0.0, Max: 0, Diff: 0, Sum: 0, Workers: 4
[1439.926s][debug][gc,phases      ] GC(110) Weak Processing 0.343ms
[1439.926s][debug][gc,age         ] GC(110) Desired survivor size 1048576 bytes, new threshold 15 (max threshold 15)
[1439.926s][info ][gc,heap        ] GC(110) PSYoungGen: 2095232K(2096128K)->128K(2096128K) Eden: 2095104K(2095104K)->0K(2095104K) From: 128K(1024K)->128K(1024K)
[1439.926s][info ][gc,heap        ] GC(110) ParOldGen: 235702K(324096K)->235710K(324096K)
[1439.926s][info ][gc,metaspace   ] GC(110) Metaspace: 80020K(80832K)->80020K(80832K) NonClass: 68312K(68736K)->68312K(68736K) Class: 11707K(12096K)->11707K(12096K)
[1439.926s][info ][gc             ] GC(110) Pause Young (Allocation Failure) 2276M->230M(2363M) 1.872ms
[1439.926s][info ][gc,cpu         ] GC(110) User=0.00s Sys=0.00s Real=0.00s
[1439.926s][info ][safepoint      ] Safepoint "ParallelGCFailedAllocation", Time since last: 16397923510 ns, Reaching safepoint: 4300 ns, Cleanup: 40300 ns, At safepoint: 1946909 ns, Total: 1991509 ns
[1456.324s][info ][gc,start       ] GC(111) Pause Young (Allocation Failure)
[1456.326s][debug][gc,phases      ] GC(111) Scavenge 1.322ms
[1456.326s][debug][gc,ref         ] GC(111) Skipped phase 1 of Reference Processing: no references
[1456.326s][debug][gc,ref         ] GC(111) Skipped phase 2 of Reference Processing: no references
[1456.326s][debug][gc,ref         ] GC(111) Skipped phase 3 of Reference Processing: no references
[1456.326s][debug][gc,ref         ] GC(111) Skipped phase 4 of Reference Processing: no references
[1456.326s][debug][gc,phases      ] GC(111) Reference Processing 0.022ms
[1456.326s][debug][gc,phases      ] GC(111)   VM Weak                        Min:  0.0, Avg:  0.0, Max:  0.0, Diff:  0.0, Sum:  0.0, Workers: 4
[1456.326s][debug][gc,phases      ] GC(111)     Dead                           Min: 0, Avg:  0.0, Max: 0, Diff: 0, Sum: 0, Workers: 4
[1456.326s][debug][gc,phases      ] GC(111)     Total                          Min: 0, Avg: 172.8, Max: 435, Diff: 435, Sum: 691, Workers: 4
[1456.326s][debug][gc,phases      ] GC(111)   ObjectSynchronizer Weak        Min:  0.0, Avg:  0.0, Max:  0.0, Diff:  0.0, Sum:  0.0, Workers: 4
[1456.326s][debug][gc,phases      ] GC(111)     Dead                           Min: 0, Avg:  0.0, Max: 0, Diff: 0, Sum: 0, Workers: 4
[1456.326s][debug][gc,phases      ] GC(111)     Total                          Min: 0, Avg:  1.0, Max: 4, Diff: 4, Sum: 4, Workers: 4
[1456.326s][debug][gc,phases      ] GC(111)   JVMTI Tag Weak OopStorage      Min:  0.0, Avg:  0.0, Max:  0.0, Diff:  0.0, Sum:  0.0, Workers: 4
[1456.326s][debug][gc,phases      ] GC(111)     Dead                           Min: 0, Avg:  0.0, Max: 0, Diff: 0, Sum: 0, Workers: 4
[1456.326s][debug][gc,phases      ] GC(111)     Total                          Min: 0, Avg:  0.0, Max: 0, Diff: 0, Sum: 0, Workers: 4
[1456.326s][debug][gc,phases      ] GC(111)   StringTable Weak               Min:  0.0, Avg:  0.1, Max:  0.1, Diff:  0.1, Sum:  0.4, Workers: 4
[1456.326s][debug][gc,phases      ] GC(111)     Dead                           Min: 0, Avg:  0.0, Max: 0, Diff: 0, Sum: 0, Workers: 4
[1456.326s][debug][gc,phases      ] GC(111)     Total                          Min: 0, Avg: 10688.8, Max: 18755, Diff: 18755, Sum: 42755, Workers: 4
[1456.326s][debug][gc,phases      ] GC(111)   ResolvedMethodTable Weak       Min:  0.0, Avg:  0.0, Max:  0.0, Diff:  0.0, Sum:  0.1, Workers: 4
[1456.326s][debug][gc,phases      ] GC(111)     Dead                           Min: 0, Avg:  0.0, Max: 0, Diff: 0, Sum: 0, Workers: 4
[1456.326s][debug][gc,phases      ] GC(111)     Total                          Min: 0, Avg: 2276.2, Max: 3942, Diff: 3942, Sum: 9105, Workers: 4
[1456.326s][debug][gc,phases      ] GC(111)   JNI Weak                       Min:  0.0, Avg:  0.0, Max:  0.0, Diff:  0.0, Sum:  0.0, Workers: 4
[1456.326s][debug][gc,phases      ] GC(111)     Dead                           Min: 0, Avg:  0.0, Max: 0, Diff: 0, Sum: 0, Workers: 4
[1456.326s][debug][gc,phases      ] GC(111)     Total                          Min: 0, Avg: 11.2, Max: 45, Diff: 45, Sum: 45, Workers: 4
[1456.326s][debug][gc,phases      ] GC(111)   StringDedup Table Weak         Min:  0.0, Avg:  0.0, Max:  0.0, Diff:  0.0, Sum:  0.0, Workers: 4
[1456.326s][debug][gc,phases      ] GC(111)     Dead                           Min: 0, Avg:  0.0, Max: 0, Diff: 0, Sum: 0, Workers: 4
[1456.326s][debug][gc,phases      ] GC(111)     Total                          Min: 0, Avg:  0.0, Max: 0, Diff: 0, Sum: 0, Workers: 4
[1456.326s][debug][gc,phases      ] GC(111)   StringDedup Requests0 Weak     Min:  0.0, Avg:  0.0, Max:  0.0, Diff:  0.0, Sum:  0.0, Workers: 4
[1456.326s][debug][gc,phases      ] GC(111)     Dead                           Min: 0, Avg:  0.0, Max: 0, Diff: 0, Sum: 0, Workers: 4
[1456.326s][debug][gc,phases      ] GC(111)     Total                          Min: 0, Avg:  0.0, Max: 0, Diff: 0, Sum: 0, Workers: 4
[1456.326s][debug][gc,phases      ] GC(111)   StringDedup Requests1 Weak     Min:  0.0, Avg:  0.0, Max:  0.0, Diff:  0.0, Sum:  0.0, Workers: 4
[1456.326s][debug][gc,phases      ] GC(111)     Dead                           Min: 0, Avg:  0.0, Max: 0, Diff: 0, Sum: 0, Workers: 4
[1456.326s][debug][gc,phases      ] GC(111)     Total                          Min: 0, Avg:  0.0, Max: 0, Diff: 0, Sum: 0, Workers: 4
[1456.326s][debug][gc,phases      ] GC(111)   Weak JFR Old Object Samples    Min:  0.0, Avg:  0.0, Max:  0.0, Diff:  0.0, Sum:  0.0, Workers: 4
[1456.326s][debug][gc,phases      ] GC(111)     Dead                           Min: 0, Avg:  0.0, Max: 0, Diff: 0, Sum: 0, Workers: 4
[1456.326s][debug][gc,phases      ] GC(111)     Total                          Min: 0, Avg:  0.0, Max: 0, Diff: 0, Sum: 0, Workers: 4
[1456.326s][debug][gc,phases      ] GC(111) Weak Processing 0.348ms
[1456.326s][debug][gc,age         ] GC(111) Desired survivor size 1048576 bytes, new threshold 15 (max threshold 15)
[1456.326s][info ][gc,heap        ] GC(111) PSYoungGen: 2095232K(2096128K)->160K(2096128K) Eden: 2095104K(2095104K)->0K(2095104K) From: 128K(1024K)->160K(1024K)
[1456.326s][info ][gc,heap        ] GC(111) ParOldGen: 235710K(324096K)->235710K(324096K)
[1456.326s][info ][gc,metaspace   ] GC(111) Metaspace: 80022K(80832K)->80022K(80832K) NonClass: 68314K(68736K)->68314K(68736K) Class: 11707K(12096K)->11707K(12096K)
[1456.326s][info ][gc             ] GC(111) Pause Young (Allocation Failure) 2276M->230M(2363M) 1.834ms
[1456.326s][info ][gc,cpu         ] GC(111) User=0.00s Sys=0.00s Real=0.00s
[1456.326s][info ][safepoint      ] Safepoint "ParallelGCFailedAllocation", Time since last: 16398754442 ns, Reaching safepoint: 4800 ns, Cleanup: 27400 ns, At safepoint: 1910609 ns, Total: 1942809 ns
[1467.327s][info ][safepoint      ] Safepoint "Cleanup", Time since last: 11000717161 ns, Reaching safepoint: 6800 ns, Cleanup: 42701 ns, At safepoint: 2500 ns, Total: 52001 ns
[1471.327s][info ][safepoint      ] Safepoint "Cleanup", Time since last: 4000282605 ns, Reaching safepoint: 4200 ns, Cleanup: 58900 ns, At safepoint: 2700 ns, Total: 65800 ns
[1472.725s][info ][gc,start       ] GC(112) Pause Young (Allocation Failure)
[1472.726s][debug][gc,phases      ] GC(112) Scavenge 1.245ms
[1472.726s][debug][gc,ref         ] GC(112) Skipped phase 1 of Reference Processing: no references
[1472.726s][debug][gc,ref         ] GC(112) Skipped phase 2 of Reference Processing: no references
[1472.726s][debug][gc,ref         ] GC(112) Skipped phase 3 of Reference Processing: no references
[1472.727s][debug][gc,ref         ] GC(112) Skipped phase 4 of Reference Processing: no references
[1472.727s][debug][gc,phases      ] GC(112) Reference Processing 0.036ms
[1472.727s][debug][gc,phases      ] GC(112)   VM Weak                        Min:  0.0, Avg:  0.0, Max:  0.0, Diff:  0.0, Sum:  0.0, Workers: 4
[1472.727s][debug][gc,phases      ] GC(112)     Dead                           Min: 0, Avg:  0.0, Max: 0, Diff: 0, Sum: 0, Workers: 4
[1472.727s][debug][gc,phases      ] GC(112)     Total                          Min: 0, Avg: 172.8, Max: 307, Diff: 307, Sum: 691, Workers: 4
[1472.727s][debug][gc,phases      ] GC(112)   ObjectSynchronizer Weak        Min:  0.0, Avg:  0.0, Max:  0.0, Diff:  0.0, Sum:  0.0, Workers: 4
[1472.727s][debug][gc,phases      ] GC(112)     Dead                           Min: 0, Avg:  0.0, Max: 0, Diff: 0, Sum: 0, Workers: 4
[1472.727s][debug][gc,phases      ] GC(112)     Total                          Min: 0, Avg:  1.0, Max: 4, Diff: 4, Sum: 4, Workers: 4
[1472.727s][debug][gc,phases      ] GC(112)   JVMTI Tag Weak OopStorage      Min:  0.0, Avg:  0.0, Max:  0.0, Diff:  0.0, Sum:  0.0, Workers: 4
[1472.727s][debug][gc,phases      ] GC(112)     Dead                           Min: 0, Avg:  0.0, Max: 0, Diff: 0, Sum: 0, Workers: 4
[1472.727s][debug][gc,phases      ] GC(112)     Total                          Min: 0, Avg:  0.0, Max: 0, Diff: 0, Sum: 0, Workers: 4
[1472.727s][debug][gc,phases      ] GC(112)   StringTable Weak               Min:  0.0, Avg:  0.1, Max:  0.1, Diff:  0.1, Sum:  0.4, Workers: 4
[1472.727s][debug][gc,phases      ] GC(112)     Dead                           Min: 0, Avg:  0.0, Max: 0, Diff: 0, Sum: 0, Workers: 4
[1472.727s][debug][gc,phases      ] GC(112)     Total                          Min: 4483, Avg: 10688.8, Max: 13696, Diff: 9213, Sum: 42755, Workers: 4
[1472.727s][debug][gc,phases      ] GC(112)   ResolvedMethodTable Weak       Min:  0.0, Avg:  0.0, Max:  0.0, Diff:  0.0, Sum:  0.1, Workers: 4
[1472.727s][debug][gc,phases      ] GC(112)     Dead                           Min: 0, Avg:  0.0, Max: 0, Diff: 0, Sum: 0, Workers: 4
[1472.727s][debug][gc,phases      ] GC(112)     Total                          Min: 2215, Avg: 2276.2, Max: 2319, Diff: 104, Sum: 9105, Workers: 4
[1472.727s][debug][gc,phases      ] GC(112)   JNI Weak                       Min:  0.0, Avg:  0.0, Max:  0.0, Diff:  0.0, Sum:  0.0, Workers: 4
[1472.727s][debug][gc,phases      ] GC(112)     Dead                           Min: 0, Avg:  0.0, Max: 0, Diff: 0, Sum: 0, Workers: 4
[1472.727s][debug][gc,phases      ] GC(112)     Total                          Min: 0, Avg: 11.2, Max: 45, Diff: 45, Sum: 45, Workers: 4
[1472.727s][debug][gc,phases      ] GC(112)   StringDedup Table Weak         Min:  0.0, Avg:  0.0, Max:  0.0, Diff:  0.0, Sum:  0.0, Workers: 4
[1472.727s][debug][gc,phases      ] GC(112)     Dead                           Min: 0, Avg:  0.0, Max: 0, Diff: 0, Sum: 0, Workers: 4
[1472.727s][debug][gc,phases      ] GC(112)     Total                          Min: 0, Avg:  0.0, Max: 0, Diff: 0, Sum: 0, Workers: 4
[1472.727s][debug][gc,phases      ] GC(112)   StringDedup Requests0 Weak     Min:  0.0, Avg:  0.0, Max:  0.0, Diff:  0.0, Sum:  0.0, Workers: 4
[1472.727s][debug][gc,phases      ] GC(112)     Dead                           Min: 0, Avg:  0.0, Max: 0, Diff: 0, Sum: 0, Workers: 4
[1472.727s][debug][gc,phases      ] GC(112)     Total                          Min: 0, Avg:  0.0, Max: 0, Diff: 0, Sum: 0, Workers: 4
[1472.727s][debug][gc,phases      ] GC(112)   StringDedup Requests1 Weak     Min:  0.0, Avg:  0.0, Max:  0.0, Diff:  0.0, Sum:  0.0, Workers: 4
[1472.727s][debug][gc,phases      ] GC(112)     Dead                           Min: 0, Avg:  0.0, Max: 0, Diff: 0, Sum: 0, Workers: 4
[1472.727s][debug][gc,phases      ] GC(112)     Total                          Min: 0, Avg:  0.0, Max: 0, Diff: 0, Sum: 0, Workers: 4
[1472.727s][debug][gc,phases      ] GC(112)   Weak JFR Old Object Samples    Min:  0.0, Avg:  0.0, Max:  0.0, Diff:  0.0, Sum:  0.0, Workers: 4
[1472.727s][debug][gc,phases      ] GC(112)     Dead                           Min: 0, Avg:  0.0, Max: 0, Diff: 0, Sum: 0, Workers: 4
[1472.727s][debug][gc,phases      ] GC(112)     Total                          Min: 0, Avg:  0.0, Max: 0, Diff: 0, Sum: 0, Workers: 4
[1472.727s][debug][gc,phases      ] GC(112) Weak Processing 0.335ms
[1472.727s][debug][gc,age         ] GC(112) Desired survivor size 1048576 bytes, new threshold 15 (max threshold 15)
[1472.727s][info ][gc,heap        ] GC(112) PSYoungGen: 2095264K(2096128K)->128K(2096128K) Eden: 2095104K(2095104K)->0K(2095104K) From: 160K(1024K)->128K(1024K)
[1472.727s][info ][gc,heap        ] GC(112) ParOldGen: 235710K(324096K)->235734K(324096K)
[1472.727s][info ][gc,metaspace   ] GC(112) Metaspace: 80023K(80896K)->80023K(80896K) NonClass: 68315K(68800K)->68315K(68800K) Class: 11707K(12096K)->11707K(12096K)
[1472.727s][info ][gc             ] GC(112) Pause Young (Allocation Failure) 2276M->230M(2363M) 1.704ms
[1472.727s][info ][gc,cpu         ] GC(112) User=0.00s Sys=0.00s Real=0.00s
[1472.727s][info ][safepoint      ] Safepoint "ParallelGCFailedAllocation", Time since last: 1397724586 ns, Reaching safepoint: 5000 ns, Cleanup: 25501 ns, At safepoint: 1765607 ns, Total: 1796108 ns
[1475.727s][info ][safepoint      ] Safepoint "Cleanup", Time since last: 3000223570 ns, Reaching safepoint: 6100 ns, Cleanup: 39300 ns, At safepoint: 3100 ns, Total: 48500 ns
[1489.126s][info ][gc,start       ] GC(113) Pause Young (Allocation Failure)
[1489.129s][debug][gc,phases      ] GC(113) Scavenge 2.542ms
[1489.129s][debug][gc,ref         ] GC(113) Skipped phase 1 of Reference Processing: no references
[1489.129s][debug][gc,ref         ] GC(113) Skipped phase 2 of Reference Processing: no references
[1489.129s][debug][gc,ref         ] GC(113) Skipped phase 3 of Reference Processing: no references
[1489.129s][debug][gc,ref         ] GC(113) Skipped phase 4 of Reference Processing: no references
[1489.129s][debug][gc,phases      ] GC(113) Reference Processing 0.023ms
[1489.129s][debug][gc,phases      ] GC(113)   VM Weak                        Min:  0.0, Avg:  0.0, Max:  0.0, Diff:  0.0, Sum:  0.0, Workers: 4
[1489.129s][debug][gc,phases      ] GC(113)     Dead                           Min: 0, Avg:  0.0, Max: 0, Diff: 0, Sum: 0, Workers: 4
[1489.129s][debug][gc,phases      ] GC(113)     Total                          Min: 0, Avg: 172.8, Max: 691, Diff: 691, Sum: 691, Workers: 4
[1489.129s][debug][gc,phases      ] GC(113)   ObjectSynchronizer Weak        Min:  0.0, Avg:  0.0, Max:  0.0, Diff:  0.0, Sum:  0.0, Workers: 4
[1489.129s][debug][gc,phases      ] GC(113)     Dead                           Min: 0, Avg:  0.0, Max: 0, Diff: 0, Sum: 0, Workers: 4
[1489.129s][debug][gc,phases      ] GC(113)     Total                          Min: 0, Avg:  1.0, Max: 4, Diff: 4, Sum: 4, Workers: 4
[1489.129s][debug][gc,phases      ] GC(113)   JVMTI Tag Weak OopStorage      Min:  0.0, Avg:  0.0, Max:  0.0, Diff:  0.0, Sum:  0.0, Workers: 4
[1489.129s][debug][gc,phases      ] GC(113)     Dead                           Min: 0, Avg:  0.0, Max: 0, Diff: 0, Sum: 0, Workers: 4
[1489.129s][debug][gc,phases      ] GC(113)     Total                          Min: 0, Avg:  0.0, Max: 0, Diff: 0, Sum: 0, Workers: 4
[1489.129s][debug][gc,phases      ] GC(113)   StringTable Weak               Min:  0.0, Avg:  0.1, Max:  0.2, Diff:  0.2, Sum:  0.5, Workers: 4
[1489.129s][debug][gc,phases      ] GC(113)     Dead                           Min: 0, Avg:  0.0, Max: 0, Diff: 0, Sum: 0, Workers: 4
[1489.129s][debug][gc,phases      ] GC(113)     Total                          Min: 0, Avg: 10688.8, Max: 16960, Diff: 16960, Sum: 42755, Workers: 4
[1489.129s][debug][gc,phases      ] GC(113)   ResolvedMethodTable Weak       Min:  0.0, Avg:  0.0, Max:  0.0, Diff:  0.0, Sum:  0.1, Workers: 4
[1489.129s][debug][gc,phases      ] GC(113)     Dead                           Min: 0, Avg:  0.0, Max: 0, Diff: 0, Sum: 0, Workers: 4
[1489.129s][debug][gc,phases      ] GC(113)     Total                          Min: 0, Avg: 2276.2, Max: 3393, Diff: 3393, Sum: 9105, Workers: 4
[1489.129s][debug][gc,phases      ] GC(113)   JNI Weak                       Min:  0.0, Avg:  0.0, Max:  0.0, Diff:  0.0, Sum:  0.0, Workers: 4
[1489.129s][debug][gc,phases      ] GC(113)     Dead                           Min: 0, Avg:  0.0, Max: 0, Diff: 0, Sum: 0, Workers: 4
[1489.129s][debug][gc,phases      ] GC(113)     Total                          Min: 0, Avg: 11.2, Max: 45, Diff: 45, Sum: 45, Workers: 4
[1489.129s][debug][gc,phases      ] GC(113)   StringDedup Table Weak         Min:  0.0, Avg:  0.0, Max:  0.0, Diff:  0.0, Sum:  0.0, Workers: 4
[1489.129s][debug][gc,phases      ] GC(113)     Dead                           Min: 0, Avg:  0.0, Max: 0, Diff: 0, Sum: 0, Workers: 4
[1489.129s][debug][gc,phases      ] GC(113)     Total                          Min: 0, Avg:  0.0, Max: 0, Diff: 0, Sum: 0, Workers: 4
[1489.129s][debug][gc,phases      ] GC(113)   StringDedup Requests0 Weak     Min:  0.0, Avg:  0.0, Max:  0.0, Diff:  0.0, Sum:  0.0, Workers: 4
[1489.129s][debug][gc,phases      ] GC(113)     Dead                           Min: 0, Avg:  0.0, Max: 0, Diff: 0, Sum: 0, Workers: 4
[1489.129s][debug][gc,phases      ] GC(113)     Total                          Min: 0, Avg:  0.0, Max: 0, Diff: 0, Sum: 0, Workers: 4
[1489.129s][debug][gc,phases      ] GC(113)   StringDedup Requests1 Weak     Min:  0.0, Avg:  0.0, Max:  0.0, Diff:  0.0, Sum:  0.0, Workers: 4
[1489.129s][debug][gc,phases      ] GC(113)     Dead                           Min: 0, Avg:  0.0, Max: 0, Diff: 0, Sum: 0, Workers: 4
[1489.129s][debug][gc,phases      ] GC(113)     Total                          Min: 0, Avg:  0.0, Max: 0, Diff: 0, Sum: 0, Workers: 4
[1489.129s][debug][gc,phases      ] GC(113)   Weak JFR Old Object Samples    Min:  0.0, Avg:  0.0, Max:  0.0, Diff:  0.0, Sum:  0.0, Workers: 4
[1489.129s][debug][gc,phases      ] GC(113)     Dead                           Min: 0, Avg:  0.0, Max: 0, Diff: 0, Sum: 0, Workers: 4
[1489.129s][debug][gc,phases      ] GC(113)     Total                          Min: 0, Avg:  0.0, Max: 0, Diff: 0, Sum: 0, Workers: 4
[1489.129s][debug][gc,phases      ] GC(113) Weak Processing 0.411ms
[1489.129s][debug][gc,age         ] GC(113) Desired survivor size 1048576 bytes, new threshold 15 (max threshold 15)
[1489.129s][info ][gc,heap        ] GC(113) PSYoungGen: 2095232K(2096128K)->128K(2096128K) Eden: 2095104K(2095104K)->0K(2095104K) From: 128K(1024K)->128K(1024K)
[1489.129s][info ][gc,heap        ] GC(113) ParOldGen: 235734K(324096K)->235750K(324096K)
[1489.129s][info ][gc,metaspace   ] GC(113) Metaspace: 80023K(80896K)->80023K(80896K) NonClass: 68315K(68800K)->68315K(68800K) Class: 11707K(12096K)->11707K(12096K)
[1489.129s][info ][gc             ] GC(113) Pause Young (Allocation Failure) 2276M->230M(2363M) 3.094ms
[1489.129s][info ][gc,cpu         ] GC(113) User=0.00s Sys=0.00s Real=0.00s
[1489.129s][info ][safepoint      ] Safepoint "ParallelGCFailedAllocation", Time since last: 13399074306 ns, Reaching safepoint: 6000 ns, Cleanup: 42001 ns, At safepoint: 3175414 ns, Total: 3223415 ns
[1505.574s][info ][gc,start       ] GC(114) Pause Young (Allocation Failure)
[1505.576s][debug][gc,phases      ] GC(114) Scavenge 2.047ms
[1505.576s][debug][gc,ref         ] GC(114) Skipped phase 1 of Reference Processing: no references
[1505.576s][debug][gc,ref         ] GC(114) Skipped phase 2 of Reference Processing: no references
[1505.576s][debug][gc,ref         ] GC(114) Skipped phase 3 of Reference Processing: no references
[1505.576s][debug][gc,ref         ] GC(114) Skipped phase 4 of Reference Processing: no references
[1505.576s][debug][gc,phases      ] GC(114) Reference Processing 0.025ms
[1505.576s][debug][gc,phases      ] GC(114)   VM Weak                        Min:  0.0, Avg:  0.0, Max:  0.0, Diff:  0.0, Sum:  0.0, Workers: 4
[1505.576s][debug][gc,phases      ] GC(114)     Dead                           Min: 0, Avg:  0.0, Max: 0, Diff: 0, Sum: 0, Workers: 4
[1505.576s][debug][gc,phases      ] GC(114)     Total                          Min: 0, Avg: 172.8, Max: 512, Diff: 512, Sum: 691, Workers: 4
[1505.576s][debug][gc,phases      ] GC(114)   ObjectSynchronizer Weak        Min:  0.0, Avg:  0.0, Max:  0.0, Diff:  0.0, Sum:  0.0, Workers: 4
[1505.576s][debug][gc,phases      ] GC(114)     Dead                           Min: 0, Avg:  0.0, Max: 0, Diff: 0, Sum: 0, Workers: 4
[1505.576s][debug][gc,phases      ] GC(114)     Total                          Min: 0, Avg:  1.0, Max: 4, Diff: 4, Sum: 4, Workers: 4
[1505.576s][debug][gc,phases      ] GC(114)   JVMTI Tag Weak OopStorage      Min:  0.0, Avg:  0.0, Max:  0.0, Diff:  0.0, Sum:  0.0, Workers: 4
[1505.576s][debug][gc,phases      ] GC(114)     Dead                           Min: 0, Avg:  0.0, Max: 0, Diff: 0, Sum: 0, Workers: 4
[1505.576s][debug][gc,phases      ] GC(114)     Total                          Min: 0, Avg:  0.0, Max: 0, Diff: 0, Sum: 0, Workers: 4
[1505.576s][debug][gc,phases      ] GC(114)   StringTable Weak               Min:  0.0, Avg:  0.1, Max:  0.1, Diff:  0.1, Sum:  0.4, Workers: 4
[1505.576s][debug][gc,phases      ] GC(114)     Dead                           Min: 0, Avg:  0.0, Max: 0, Diff: 0, Sum: 0, Workers: 4
[1505.576s][debug][gc,phases      ] GC(114)     Total                          Min: 0, Avg: 10689.0, Max: 17280, Diff: 17280, Sum: 42756, Workers: 4
[1505.576s][debug][gc,phases      ] GC(114)   ResolvedMethodTable Weak       Min:  0.0, Avg:  0.0, Max:  0.0, Diff:  0.0, Sum:  0.1, Workers: 4
[1505.576s][debug][gc,phases      ] GC(114)     Dead                           Min: 0, Avg:  0.0, Max: 0, Diff: 0, Sum: 0, Workers: 4
[1505.576s][debug][gc,phases      ] GC(114)     Total                          Min: 0, Avg: 2276.2, Max: 3905, Diff: 3905, Sum: 9105, Workers: 4
[1505.576s][debug][gc,phases      ] GC(114)   JNI Weak                       Min:  0.0, Avg:  0.0, Max:  0.0, Diff:  0.0, Sum:  0.0, Workers: 4
[1505.576s][debug][gc,phases      ] GC(114)     Dead                           Min: 0, Avg:  0.0, Max: 0, Diff: 0, Sum: 0, Workers: 4
[1505.576s][debug][gc,phases      ] GC(114)     Total                          Min: 0, Avg: 11.2, Max: 45, Diff: 45, Sum: 45, Workers: 4
[1505.576s][debug][gc,phases      ] GC(114)   StringDedup Table Weak         Min:  0.0, Avg:  0.0, Max:  0.0, Diff:  0.0, Sum:  0.0, Workers: 4
[1505.576s][debug][gc,phases      ] GC(114)     Dead                           Min: 0, Avg:  0.0, Max: 0, Diff: 0, Sum: 0, Workers: 4
[1505.576s][debug][gc,phases      ] GC(114)     Total                          Min: 0, Avg:  0.0, Max: 0, Diff: 0, Sum: 0, Workers: 4
[1505.576s][debug][gc,phases      ] GC(114)   StringDedup Requests0 Weak     Min:  0.0, Avg:  0.0, Max:  0.0, Diff:  0.0, Sum:  0.0, Workers: 4
[1505.576s][debug][gc,phases      ] GC(114)     Dead                           Min: 0, Avg:  0.0, Max: 0, Diff: 0, Sum: 0, Workers: 4
[1505.576s][debug][gc,phases      ] GC(114)     Total                          Min: 0, Avg:  0.0, Max: 0, Diff: 0, Sum: 0, Workers: 4
[1505.576s][debug][gc,phases      ] GC(114)   StringDedup Requests1 Weak     Min:  0.0, Avg:  0.0, Max:  0.0, Diff:  0.0, Sum:  0.0, Workers: 4
[1505.576s][debug][gc,phases      ] GC(114)     Dead                           Min: 0, Avg:  0.0, Max: 0, Diff: 0, Sum: 0, Workers: 4
[1505.576s][debug][gc,phases      ] GC(114)     Total                          Min: 0, Avg:  0.0, Max: 0, Diff: 0, Sum: 0, Workers: 4
[1505.576s][debug][gc,phases      ] GC(114)   Weak JFR Old Object Samples    Min:  0.0, Avg:  0.0, Max:  0.0, Diff:  0.0, Sum:  0.0, Workers: 4
[1505.576s][debug][gc,phases      ] GC(114)     Dead                           Min: 0, Avg:  0.0, Max: 0, Diff: 0, Sum: 0, Workers: 4
[1505.576s][debug][gc,phases      ] GC(114)     Total                          Min: 0, Avg:  0.0, Max: 0, Diff: 0, Sum: 0, Workers: 4
[1505.576s][debug][gc,phases      ] GC(114) Weak Processing 0.360ms
[1505.576s][debug][gc,age         ] GC(114) Desired survivor size 1048576 bytes, new threshold 15 (max threshold 15)
[1505.576s][info ][gc,heap        ] GC(114) PSYoungGen: 2095232K(2096128K)->128K(2096128K) Eden: 2095104K(2095104K)->0K(2095104K) From: 128K(1024K)->128K(1024K)
[1505.576s][info ][gc,heap        ] GC(114) ParOldGen: 235750K(324096K)->235758K(324096K)
[1505.576s][info ][gc,metaspace   ] GC(114) Metaspace: 80030K(80896K)->80030K(80896K) NonClass: 68322K(68800K)->68322K(68800K) Class: 11707K(12096K)->11707K(12096K)
[1505.576s][info ][gc             ] GC(114) Pause Young (Allocation Failure) 2276M->230M(2363M) 2.537ms
[1505.576s][info ][gc,cpu         ] GC(114) User=0.00s Sys=0.00s Real=0.00s
[1505.576s][info ][safepoint      ] Safepoint "ParallelGCFailedAllocation", Time since last: 16444023124 ns, Reaching safepoint: 5300 ns, Cleanup: 41900 ns, At safepoint: 2623811 ns, Total: 2671011 ns
[1512.577s][info ][safepoint      ] Safepoint "Cleanup", Time since last: 7000498538 ns, Reaching safepoint: 4300 ns, Cleanup: 40500 ns, At safepoint: 2001 ns, Total: 46801 ns
[1513.577s][info ][safepoint      ] Safepoint "Cleanup", Time since last: 1000084261 ns, Reaching safepoint: 74500 ns, Cleanup: 54800 ns, At safepoint: 9000 ns, Total: 138300 ns
[1521.627s][info ][gc,start       ] GC(115) Pause Young (Allocation Failure)
[1521.629s][debug][gc,phases      ] GC(115) Scavenge 2.074ms
[1521.629s][debug][gc,ref         ] GC(115) Skipped phase 1 of Reference Processing: no references
[1521.629s][debug][gc,ref         ] GC(115) Skipped phase 2 of Reference Processing: no references
[1521.629s][debug][gc,ref         ] GC(115) Skipped phase 3 of Reference Processing: no references
[1521.629s][debug][gc,ref         ] GC(115) Skipped phase 4 of Reference Processing: no references
[1521.629s][debug][gc,phases      ] GC(115) Reference Processing 0.022ms
[1521.630s][debug][gc,phases      ] GC(115)   VM Weak                        Min:  0.0, Avg:  0.0, Max:  0.0, Diff:  0.0, Sum:  0.0, Workers: 4
[1521.630s][debug][gc,phases      ] GC(115)     Dead                           Min: 0, Avg:  0.0, Max: 0, Diff: 0, Sum: 0, Workers: 4
[1521.630s][debug][gc,phases      ] GC(115)     Total                          Min: 0, Avg: 172.8, Max: 448, Diff: 448, Sum: 691, Workers: 4
[1521.630s][debug][gc,phases      ] GC(115)   ObjectSynchronizer Weak        Min:  0.0, Avg:  0.0, Max:  0.0, Diff:  0.0, Sum:  0.0, Workers: 4
[1521.630s][debug][gc,phases      ] GC(115)     Dead                           Min: 0, Avg:  0.0, Max: 0, Diff: 0, Sum: 0, Workers: 4
[1521.630s][debug][gc,phases      ] GC(115)     Total                          Min: 0, Avg:  1.0, Max: 4, Diff: 4, Sum: 4, Workers: 4
[1521.630s][debug][gc,phases      ] GC(115)   JVMTI Tag Weak OopStorage      Min:  0.0, Avg:  0.0, Max:  0.0, Diff:  0.0, Sum:  0.0, Workers: 4
[1521.630s][debug][gc,phases      ] GC(115)     Dead                           Min: 0, Avg:  0.0, Max: 0, Diff: 0, Sum: 0, Workers: 4
[1521.630s][debug][gc,phases      ] GC(115)     Total                          Min: 0, Avg:  0.0, Max: 0, Diff: 0, Sum: 0, Workers: 4
[1521.630s][debug][gc,phases      ] GC(115)   StringTable Weak               Min:  0.0, Avg:  0.1, Max:  0.2, Diff:  0.2, Sum:  0.3, Workers: 4
[1521.630s][debug][gc,phases      ] GC(115)     Dead                           Min: 0, Avg:  0.0, Max: 0, Diff: 0, Sum: 0, Workers: 4
[1521.630s][debug][gc,phases      ] GC(115)     Total                          Min: 0, Avg: 10689.5, Max: 22144, Diff: 22144, Sum: 42758, Workers: 4
[1521.630s][debug][gc,phases      ] GC(115)   ResolvedMethodTable Weak       Min:  0.0, Avg:  0.0, Max:  0.0, Diff:  0.0, Sum:  0.1, Workers: 4
[1521.630s][debug][gc,phases      ] GC(115)     Dead                           Min: 0, Avg:  0.0, Max: 0, Diff: 0, Sum: 0, Workers: 4
[1521.630s][debug][gc,phases      ] GC(115)     Total                          Min: 0, Avg: 2276.2, Max: 4886, Diff: 4886, Sum: 9105, Workers: 4
[1521.630s][debug][gc,phases      ] GC(115)   JNI Weak                       Min:  0.0, Avg:  0.0, Max:  0.0, Diff:  0.0, Sum:  0.0, Workers: 4
[1521.630s][debug][gc,phases      ] GC(115)     Dead                           Min: 0, Avg:  0.0, Max: 0, Diff: 0, Sum: 0, Workers: 4
[1521.630s][debug][gc,phases      ] GC(115)     Total                          Min: 0, Avg: 11.2, Max: 45, Diff: 45, Sum: 45, Workers: 4
[1521.630s][debug][gc,phases      ] GC(115)   StringDedup Table Weak         Min:  0.0, Avg:  0.0, Max:  0.0, Diff:  0.0, Sum:  0.0, Workers: 4
[1521.630s][debug][gc,phases      ] GC(115)     Dead                           Min: 0, Avg:  0.0, Max: 0, Diff: 0, Sum: 0, Workers: 4
[1521.630s][debug][gc,phases      ] GC(115)     Total                          Min: 0, Avg:  0.0, Max: 0, Diff: 0, Sum: 0, Workers: 4
[1521.630s][debug][gc,phases      ] GC(115)   StringDedup Requests0 Weak     Min:  0.0, Avg:  0.0, Max:  0.0, Diff:  0.0, Sum:  0.0, Workers: 4
[1521.630s][debug][gc,phases      ] GC(115)     Dead                           Min: 0, Avg:  0.0, Max: 0, Diff: 0, Sum: 0, Workers: 4
[1521.630s][debug][gc,phases      ] GC(115)     Total                          Min: 0, Avg:  0.0, Max: 0, Diff: 0, Sum: 0, Workers: 4
[1521.630s][debug][gc,phases      ] GC(115)   StringDedup Requests1 Weak     Min:  0.0, Avg:  0.0, Max:  0.0, Diff:  0.0, Sum:  0.0, Workers: 4
[1521.630s][debug][gc,phases      ] GC(115)     Dead                           Min: 0, Avg:  0.0, Max: 0, Diff: 0, Sum: 0, Workers: 4
[1521.630s][debug][gc,phases      ] GC(115)     Total                          Min: 0, Avg:  0.0, Max: 0, Diff: 0, Sum: 0, Workers: 4
[1521.630s][debug][gc,phases      ] GC(115)   Weak JFR Old Object Samples    Min:  0.0, Avg:  0.0, Max:  0.0, Diff:  0.0, Sum:  0.0, Workers: 4
[1521.630s][debug][gc,phases      ] GC(115)     Dead                           Min: 0, Avg:  0.0, Max: 0, Diff: 0, Sum: 0, Workers: 4
[1521.630s][debug][gc,phases      ] GC(115)     Total                          Min: 0, Avg:  0.0, Max: 0, Diff: 0, Sum: 0, Workers: 4
[1521.630s][debug][gc,phases      ] GC(115) Weak Processing 0.392ms
[1521.630s][debug][gc,age         ] GC(115) Desired survivor size 1048576 bytes, new threshold 15 (max threshold 15)
[1521.630s][info ][gc,heap        ] GC(115) PSYoungGen: 2095232K(2096128K)->128K(2096128K) Eden: 2095104K(2095104K)->0K(2095104K) From: 128K(1024K)->128K(1024K)
[1521.630s][info ][gc,heap        ] GC(115) ParOldGen: 235758K(324096K)->235766K(324096K)
[1521.630s][info ][gc,metaspace   ] GC(115) Metaspace: 80038K(80896K)->80038K(80896K) NonClass: 68330K(68800K)->68330K(68800K) Class: 11707K(12096K)->11707K(12096K)
[1521.630s][info ][gc             ] GC(115) Pause Young (Allocation Failure) 2276M->230M(2363M) 2.606ms
[1521.630s][info ][gc,cpu         ] GC(115) User=0.00s Sys=0.00s Real=0.00s
[1521.630s][info ][safepoint      ] Safepoint "ParallelGCFailedAllocation", Time since last: 8050064311 ns, Reaching safepoint: 5800 ns, Cleanup: 31600 ns, At safepoint: 2690812 ns, Total: 2728212 ns
[1538.023s][info ][gc,start       ] GC(116) Pause Young (Allocation Failure)
[1538.024s][debug][gc,phases      ] GC(116) Scavenge 1.630ms
[1538.024s][debug][gc,ref         ] GC(116) Skipped phase 1 of Reference Processing: no references
[1538.024s][debug][gc,ref         ] GC(116) Skipped phase 2 of Reference Processing: no references
[1538.024s][debug][gc,ref         ] GC(116) Skipped phase 3 of Reference Processing: no references
[1538.024s][debug][gc,ref         ] GC(116) Skipped phase 4 of Reference Processing: no references
[1538.024s][debug][gc,phases      ] GC(116) Reference Processing 0.021ms
[1538.024s][debug][gc,phases      ] GC(116)   VM Weak                        Min:  0.0, Avg:  0.0, Max:  0.0, Diff:  0.0, Sum:  0.0, Workers: 4
[1538.024s][debug][gc,phases      ] GC(116)     Dead                           Min: 0, Avg:  0.0, Max: 0, Diff: 0, Sum: 0, Workers: 4
[1538.024s][debug][gc,phases      ] GC(116)     Total                          Min: 0, Avg: 172.8, Max: 627, Diff: 627, Sum: 691, Workers: 4
[1538.024s][debug][gc,phases      ] GC(116)   ObjectSynchronizer Weak        Min:  0.0, Avg:  0.0, Max:  0.0, Diff:  0.0, Sum:  0.0, Workers: 4
[1538.024s][debug][gc,phases      ] GC(116)     Dead                           Min: 0, Avg:  0.0, Max: 0, Diff: 0, Sum: 0, Workers: 4
[1538.024s][debug][gc,phases      ] GC(116)     Total                          Min: 0, Avg:  1.0, Max: 4, Diff: 4, Sum: 4, Workers: 4
[1538.024s][debug][gc,phases      ] GC(116)   JVMTI Tag Weak OopStorage      Min:  0.0, Avg:  0.0, Max:  0.0, Diff:  0.0, Sum:  0.0, Workers: 4
[1538.024s][debug][gc,phases      ] GC(116)     Dead                           Min: 0, Avg:  0.0, Max: 0, Diff: 0, Sum: 0, Workers: 4
[1538.024s][debug][gc,phases      ] GC(116)     Total                          Min: 0, Avg:  0.0, Max: 0, Diff: 0, Sum: 0, Workers: 4
[1538.024s][debug][gc,phases      ] GC(116)   StringTable Weak               Min:  0.0, Avg:  0.1, Max:  0.1, Diff:  0.1, Sum:  0.4, Workers: 4
[1538.024s][debug][gc,phases      ] GC(116)     Dead                           Min: 0, Avg:  0.0, Max: 0, Diff: 0, Sum: 0, Workers: 4
[1538.024s][debug][gc,phases      ] GC(116)     Total                          Min: 0, Avg: 10689.5, Max: 18560, Diff: 18560, Sum: 42758, Workers: 4
[1538.024s][debug][gc,phases      ] GC(116)   ResolvedMethodTable Weak       Min:  0.0, Avg:  0.0, Max:  0.0, Diff:  0.0, Sum:  0.1, Workers: 4
[1538.024s][debug][gc,phases      ] GC(116)     Dead                           Min: 0, Avg:  0.0, Max: 0, Diff: 0, Sum: 0, Workers: 4
[1538.024s][debug][gc,phases      ] GC(116)     Total                          Min: 0, Avg: 2276.2, Max: 3517, Diff: 3517, Sum: 9105, Workers: 4
[1538.025s][debug][gc,phases      ] GC(116)   JNI Weak                       Min:  0.0, Avg:  0.0, Max:  0.0, Diff:  0.0, Sum:  0.0, Workers: 4
[1538.025s][debug][gc,phases      ] GC(116)     Dead                           Min: 0, Avg:  0.0, Max: 0, Diff: 0, Sum: 0, Workers: 4
[1538.025s][debug][gc,phases      ] GC(116)     Total                          Min: 0, Avg: 11.2, Max: 45, Diff: 45, Sum: 45, Workers: 4
[1538.025s][debug][gc,phases      ] GC(116)   StringDedup Table Weak         Min:  0.0, Avg:  0.0, Max:  0.0, Diff:  0.0, Sum:  0.0, Workers: 4
[1538.025s][debug][gc,phases      ] GC(116)     Dead                           Min: 0, Avg:  0.0, Max: 0, Diff: 0, Sum: 0, Workers: 4
[1538.025s][debug][gc,phases      ] GC(116)     Total                          Min: 0, Avg:  0.0, Max: 0, Diff: 0, Sum: 0, Workers: 4
[1538.025s][debug][gc,phases      ] GC(116)   StringDedup Requests0 Weak     Min:  0.0, Avg:  0.0, Max:  0.0, Diff:  0.0, Sum:  0.0, Workers: 4
[1538.025s][debug][gc,phases      ] GC(116)     Dead                           Min: 0, Avg:  0.0, Max: 0, Diff: 0, Sum: 0, Workers: 4
[1538.025s][debug][gc,phases      ] GC(116)     Total                          Min: 0, Avg:  0.0, Max: 0, Diff: 0, Sum: 0, Workers: 4
[1538.025s][debug][gc,phases      ] GC(116)   StringDedup Requests1 Weak     Min:  0.0, Avg:  0.0, Max:  0.0, Diff:  0.0, Sum:  0.0, Workers: 4
[1538.025s][debug][gc,phases      ] GC(116)     Dead                           Min: 0, Avg:  0.0, Max: 0, Diff: 0, Sum: 0, Workers: 4
[1538.025s][debug][gc,phases      ] GC(116)     Total                          Min: 0, Avg:  0.0, Max: 0, Diff: 0, Sum: 0, Workers: 4
[1538.025s][debug][gc,phases      ] GC(116)   Weak JFR Old Object Samples    Min:  0.0, Avg:  0.0, Max:  0.0, Diff:  0.0, Sum:  0.0, Workers: 4
[1538.025s][debug][gc,phases      ] GC(116)     Dead                           Min: 0, Avg:  0.0, Max: 0, Diff: 0, Sum: 0, Workers: 4
[1538.025s][debug][gc,phases      ] GC(116)     Total                          Min: 0, Avg:  0.0, Max: 0, Diff: 0, Sum: 0, Workers: 4
[1538.025s][debug][gc,phases      ] GC(116) Weak Processing 0.376ms
[1538.025s][debug][gc,age         ] GC(116) Desired survivor size 1048576 bytes, new threshold 15 (max threshold 15)
[1538.025s][info ][gc,heap        ] GC(116) PSYoungGen: 2095232K(2096128K)->128K(2096128K) Eden: 2095104K(2095104K)->0K(2095104K) From: 128K(1024K)->128K(1024K)
[1538.025s][info ][gc,heap        ] GC(116) ParOldGen: 235766K(324096K)->235774K(324096K)
[1538.025s][info ][gc,metaspace   ] GC(116) Metaspace: 80038K(80896K)->80038K(80896K) NonClass: 68330K(68800K)->68330K(68800K) Class: 11707K(12096K)->11707K(12096K)
[1538.025s][info ][gc             ] GC(116) Pause Young (Allocation Failure) 2276M->230M(2363M) 2.107ms
[1538.025s][info ][gc,cpu         ] GC(116) User=0.01s Sys=0.00s Real=0.00s
[1538.025s][info ][safepoint      ] Safepoint "ParallelGCFailedAllocation", Time since last: 16392658922 ns, Reaching safepoint: 14000 ns, Cleanup: 24701 ns, At safepoint: 2203009 ns, Total: 2241710 ns
[1554.423s][info ][gc,start       ] GC(117) Pause Young (Allocation Failure)
[1554.425s][debug][gc,phases      ] GC(117) Scavenge 1.526ms
[1554.425s][debug][gc,ref         ] GC(117) Skipped phase 1 of Reference Processing: no references
[1554.425s][debug][gc,ref         ] GC(117) Skipped phase 2 of Reference Processing: no references
[1554.425s][debug][gc,ref         ] GC(117) Skipped phase 3 of Reference Processing: no references
[1554.425s][debug][gc,ref         ] GC(117) Skipped phase 4 of Reference Processing: no references
[1554.425s][debug][gc,phases      ] GC(117) Reference Processing 0.022ms
[1554.425s][debug][gc,phases      ] GC(117)   VM Weak                        Min:  0.0, Avg:  0.0, Max:  0.0, Diff:  0.0, Sum:  0.0, Workers: 4
[1554.425s][debug][gc,phases      ] GC(117)     Dead                           Min: 0, Avg:  0.0, Max: 0, Diff: 0, Sum: 0, Workers: 4
[1554.425s][debug][gc,phases      ] GC(117)     Total                          Min: 0, Avg: 172.8, Max: 384, Diff: 384, Sum: 691, Workers: 4
[1554.425s][debug][gc,phases      ] GC(117)   ObjectSynchronizer Weak        Min:  0.0, Avg:  0.0, Max:  0.0, Diff:  0.0, Sum:  0.0, Workers: 4
[1554.425s][debug][gc,phases      ] GC(117)     Dead                           Min: 0, Avg:  0.0, Max: 0, Diff: 0, Sum: 0, Workers: 4
[1554.425s][debug][gc,phases      ] GC(117)     Total                          Min: 0, Avg:  1.0, Max: 4, Diff: 4, Sum: 4, Workers: 4
[1554.425s][debug][gc,phases      ] GC(117)   JVMTI Tag Weak OopStorage      Min:  0.0, Avg:  0.0, Max:  0.0, Diff:  0.0, Sum:  0.0, Workers: 4
[1554.425s][debug][gc,phases      ] GC(117)     Dead                           Min: 0, Avg:  0.0, Max: 0, Diff: 0, Sum: 0, Workers: 4
[1554.425s][debug][gc,phases      ] GC(117)     Total                          Min: 0, Avg:  0.0, Max: 0, Diff: 0, Sum: 0, Workers: 4
[1554.425s][debug][gc,phases      ] GC(117)   StringTable Weak               Min:  0.0, Avg:  0.1, Max:  0.1, Diff:  0.1, Sum:  0.4, Workers: 4
[1554.425s][debug][gc,phases      ] GC(117)     Dead                           Min: 0, Avg:  0.0, Max: 0, Diff: 0, Sum: 0, Workers: 4
[1554.425s][debug][gc,phases      ] GC(117)     Total                          Min: 0, Avg: 10689.5, Max: 18304, Diff: 18304, Sum: 42758, Workers: 4
[1554.425s][debug][gc,phases      ] GC(117)   ResolvedMethodTable Weak       Min:  0.0, Avg:  0.0, Max:  0.0, Diff:  0.0, Sum:  0.1, Workers: 4
[1554.425s][debug][gc,phases      ] GC(117)     Dead                           Min: 0, Avg:  0.0, Max: 0, Diff: 0, Sum: 0, Workers: 4
[1554.425s][debug][gc,phases      ] GC(117)     Total                          Min: 0, Avg: 2276.2, Max: 3359, Diff: 3359, Sum: 9105, Workers: 4
[1554.425s][debug][gc,phases      ] GC(117)   JNI Weak                       Min:  0.0, Avg:  0.0, Max:  0.0, Diff:  0.0, Sum:  0.0, Workers: 4
[1554.425s][debug][gc,phases      ] GC(117)     Dead                           Min: 0, Avg:  0.0, Max: 0, Diff: 0, Sum: 0, Workers: 4
[1554.425s][debug][gc,phases      ] GC(117)     Total                          Min: 0, Avg: 11.2, Max: 45, Diff: 45, Sum: 45, Workers: 4
[1554.425s][debug][gc,phases      ] GC(117)   StringDedup Table Weak         Min:  0.0, Avg:  0.0, Max:  0.0, Diff:  0.0, Sum:  0.0, Workers: 4
[1554.425s][debug][gc,phases      ] GC(117)     Dead                           Min: 0, Avg:  0.0, Max: 0, Diff: 0, Sum: 0, Workers: 4
[1554.425s][debug][gc,phases      ] GC(117)     Total                          Min: 0, Avg:  0.0, Max: 0, Diff: 0, Sum: 0, Workers: 4
[1554.425s][debug][gc,phases      ] GC(117)   StringDedup Requests0 Weak     Min:  0.0, Avg:  0.0, Max:  0.0, Diff:  0.0, Sum:  0.0, Workers: 4
[1554.425s][debug][gc,phases      ] GC(117)     Dead                           Min: 0, Avg:  0.0, Max: 0, Diff: 0, Sum: 0, Workers: 4
[1554.425s][debug][gc,phases      ] GC(117)     Total                          Min: 0, Avg:  0.0, Max: 0, Diff: 0, Sum: 0, Workers: 4
[1554.425s][debug][gc,phases      ] GC(117)   StringDedup Requests1 Weak     Min:  0.0, Avg:  0.0, Max:  0.0, Diff:  0.0, Sum:  0.0, Workers: 4
[1554.425s][debug][gc,phases      ] GC(117)     Dead                           Min: 0, Avg:  0.0, Max: 0, Diff: 0, Sum: 0, Workers: 4
[1554.425s][debug][gc,phases      ] GC(117)     Total                          Min: 0, Avg:  0.0, Max: 0, Diff: 0, Sum: 0, Workers: 4
[1554.425s][debug][gc,phases      ] GC(117)   Weak JFR Old Object Samples    Min:  0.0, Avg:  0.0, Max:  0.0, Diff:  0.0, Sum:  0.0, Workers: 4
[1554.425s][debug][gc,phases      ] GC(117)     Dead                           Min: 0, Avg:  0.0, Max: 0, Diff: 0, Sum: 0, Workers: 4
[1554.425s][debug][gc,phases      ] GC(117)     Total                          Min: 0, Avg:  0.0, Max: 0, Diff: 0, Sum: 0, Workers: 4
[1554.425s][debug][gc,phases      ] GC(117) Weak Processing 0.349ms
[1554.425s][debug][gc,age         ] GC(117) Desired survivor size 1048576 bytes, new threshold 15 (max threshold 15)
[1554.425s][info ][gc,heap        ] GC(117) PSYoungGen: 2095232K(2096128K)->192K(2096128K) Eden: 2095104K(2095104K)->0K(2095104K) From: 128K(1024K)->192K(1024K)
[1554.425s][info ][gc,heap        ] GC(117) ParOldGen: 235774K(324096K)->235782K(324096K)
[1554.425s][info ][gc,metaspace   ] GC(117) Metaspace: 80038K(80896K)->80038K(80896K) NonClass: 68330K(68800K)->68330K(68800K) Class: 11707K(12096K)->11707K(12096K)
[1554.426s][info ][gc             ] GC(117) Pause Young (Allocation Failure) 2276M->230M(2363M) 2.020ms
[1554.426s][info ][gc,cpu         ] GC(117) User=0.01s Sys=0.00s Real=0.00s
[1554.426s][info ][safepoint      ] Safepoint "ParallelGCFailedAllocation", Time since last: 16398744148 ns, Reaching safepoint: 11900 ns, Cleanup: 42901 ns, At safepoint: 2084509 ns, Total: 2139310 ns
[1570.824s][info ][gc,start       ] GC(118) Pause Young (Allocation Failure)
[1570.825s][debug][gc,phases      ] GC(118) Scavenge 1.374ms
[1570.825s][debug][gc,ref         ] GC(118) Skipped phase 1 of Reference Processing: no references
[1570.825s][debug][gc,ref         ] GC(118) Skipped phase 2 of Reference Processing: no references
[1570.825s][debug][gc,ref         ] GC(118) Skipped phase 3 of Reference Processing: no references
[1570.825s][debug][gc,ref         ] GC(118) Skipped phase 4 of Reference Processing: no references
[1570.825s][debug][gc,phases      ] GC(118) Reference Processing 0.023ms
[1570.825s][debug][gc,phases      ] GC(118)   VM Weak                        Min:  0.0, Avg:  0.0, Max:  0.0, Diff:  0.0, Sum:  0.0, Workers: 4
[1570.825s][debug][gc,phases      ] GC(118)     Dead                           Min: 0, Avg:  0.0, Max: 0, Diff: 0, Sum: 0, Workers: 4
[1570.825s][debug][gc,phases      ] GC(118)     Total                          Min: 0, Avg: 172.8, Max: 563, Diff: 563, Sum: 691, Workers: 4
[1570.825s][debug][gc,phases      ] GC(118)   ObjectSynchronizer Weak        Min:  0.0, Avg:  0.0, Max:  0.0, Diff:  0.0, Sum:  0.0, Workers: 4
[1570.825s][debug][gc,phases      ] GC(118)     Dead                           Min: 0, Avg:  0.0, Max: 0, Diff: 0, Sum: 0, Workers: 4
[1570.825s][debug][gc,phases      ] GC(118)     Total                          Min: 0, Avg:  1.0, Max: 4, Diff: 4, Sum: 4, Workers: 4
[1570.825s][debug][gc,phases      ] GC(118)   JVMTI Tag Weak OopStorage      Min:  0.0, Avg:  0.0, Max:  0.0, Diff:  0.0, Sum:  0.0, Workers: 4
[1570.825s][debug][gc,phases      ] GC(118)     Dead                           Min: 0, Avg:  0.0, Max: 0, Diff: 0, Sum: 0, Workers: 4
[1570.825s][debug][gc,phases      ] GC(118)     Total                          Min: 0, Avg:  0.0, Max: 0, Diff: 0, Sum: 0, Workers: 4
[1570.825s][debug][gc,phases      ] GC(118)   StringTable Weak               Min:  0.0, Avg:  0.1, Max:  0.1, Diff:  0.1, Sum:  0.4, Workers: 4
[1570.825s][debug][gc,phases      ] GC(118)     Dead                           Min: 0, Avg:  0.0, Max: 0, Diff: 0, Sum: 0, Workers: 4
[1570.825s][debug][gc,phases      ] GC(118)     Total                          Min: 0, Avg: 10691.0, Max: 15948, Diff: 15948, Sum: 42764, Workers: 4
[1570.825s][debug][gc,phases      ] GC(118)   ResolvedMethodTable Weak       Min:  0.0, Avg:  0.0, Max:  0.0, Diff:  0.0, Sum:  0.1, Workers: 4
[1570.825s][debug][gc,phases      ] GC(118)     Dead                           Min: 0, Avg:  0.0, Max: 0, Diff: 0, Sum: 0, Workers: 4
[1570.825s][debug][gc,phases      ] GC(118)     Total                          Min: 0, Avg: 2276.2, Max: 3618, Diff: 3618, Sum: 9105, Workers: 4
[1570.825s][debug][gc,phases      ] GC(118)   JNI Weak                       Min:  0.0, Avg:  0.0, Max:  0.0, Diff:  0.0, Sum:  0.0, Workers: 4
[1570.825s][debug][gc,phases      ] GC(118)     Dead                           Min: 0, Avg:  0.0, Max: 0, Diff: 0, Sum: 0, Workers: 4
[1570.825s][debug][gc,phases      ] GC(118)     Total                          Min: 0, Avg: 11.2, Max: 45, Diff: 45, Sum: 45, Workers: 4
[1570.825s][debug][gc,phases      ] GC(118)   StringDedup Table Weak         Min:  0.0, Avg:  0.0, Max:  0.0, Diff:  0.0, Sum:  0.0, Workers: 4
[1570.825s][debug][gc,phases      ] GC(118)     Dead                           Min: 0, Avg:  0.0, Max: 0, Diff: 0, Sum: 0, Workers: 4
[1570.825s][debug][gc,phases      ] GC(118)     Total                          Min: 0, Avg:  0.0, Max: 0, Diff: 0, Sum: 0, Workers: 4
[1570.825s][debug][gc,phases      ] GC(118)   StringDedup Requests0 Weak     Min:  0.0, Avg:  0.0, Max:  0.0, Diff:  0.0, Sum:  0.0, Workers: 4
[1570.825s][debug][gc,phases      ] GC(118)     Dead                           Min: 0, Avg:  0.0, Max: 0, Diff: 0, Sum: 0, Workers: 4
[1570.825s][debug][gc,phases      ] GC(118)     Total                          Min: 0, Avg:  0.0, Max: 0, Diff: 0, Sum: 0, Workers: 4
[1570.825s][debug][gc,phases      ] GC(118)   StringDedup Requests1 Weak     Min:  0.0, Avg:  0.0, Max:  0.0, Diff:  0.0, Sum:  0.0, Workers: 4
[1570.825s][debug][gc,phases      ] GC(118)     Dead                           Min: 0, Avg:  0.0, Max: 0, Diff: 0, Sum: 0, Workers: 4
[1570.825s][debug][gc,phases      ] GC(118)     Total                          Min: 0, Avg:  0.0, Max: 0, Diff: 0, Sum: 0, Workers: 4
[1570.825s][debug][gc,phases      ] GC(118)   Weak JFR Old Object Samples    Min:  0.0, Avg:  0.0, Max:  0.0, Diff:  0.0, Sum:  0.0, Workers: 4
[1570.825s][debug][gc,phases      ] GC(118)     Dead                           Min: 0, Avg:  0.0, Max: 0, Diff: 0, Sum: 0, Workers: 4
[1570.825s][debug][gc,phases      ] GC(118)     Total                          Min: 0, Avg:  0.0, Max: 0, Diff: 0, Sum: 0, Workers: 4
[1570.825s][debug][gc,phases      ] GC(118) Weak Processing 0.408ms
[1570.825s][debug][gc,age         ] GC(118) Desired survivor size 1048576 bytes, new threshold 15 (max threshold 15)
[1570.825s][info ][gc,heap        ] GC(118) PSYoungGen: 2095296K(2096128K)->192K(2096128K) Eden: 2095104K(2095104K)->0K(2095104K) From: 192K(1024K)->192K(1024K)
[1570.825s][info ][gc,heap        ] GC(118) ParOldGen: 235782K(324096K)->235790K(324096K)
[1570.825s][info ][gc,metaspace   ] GC(118) Metaspace: 80038K(80896K)->80038K(80896K) NonClass: 68330K(68800K)->68330K(68800K) Class: 11707K(12096K)->11707K(12096K)
[1570.825s][info ][gc             ] GC(118) Pause Young (Allocation Failure) 2276M->230M(2363M) 1.949ms
[1570.825s][info ][gc,cpu         ] GC(118) User=0.00s Sys=0.00s Real=0.00s
[1570.825s][info ][safepoint      ] Safepoint "ParallelGCFailedAllocation", Time since last: 16397911502 ns, Reaching safepoint: 5200 ns, Cleanup: 48201 ns, At safepoint: 2009309 ns, Total: 2062710 ns
[1587.224s][info ][gc,start       ] GC(119) Pause Young (Allocation Failure)
[1587.225s][debug][gc,phases      ] GC(119) Scavenge 1.437ms
[1587.225s][debug][gc,ref         ] GC(119) Skipped phase 1 of Reference Processing: no references
[1587.225s][debug][gc,ref         ] GC(119) Skipped phase 2 of Reference Processing: no references
[1587.225s][debug][gc,ref         ] GC(119) Skipped phase 3 of Reference Processing: no references
[1587.225s][debug][gc,ref         ] GC(119) Skipped phase 4 of Reference Processing: no references
[1587.225s][debug][gc,phases      ] GC(119) Reference Processing 0.020ms
[1587.225s][debug][gc,phases      ] GC(119)   VM Weak                        Min:  0.0, Avg:  0.0, Max:  0.0, Diff:  0.0, Sum:  0.0, Workers: 4
[1587.225s][debug][gc,phases      ] GC(119)     Dead                           Min: 0, Avg:  0.0, Max: 0, Diff: 0, Sum: 0, Workers: 4
[1587.225s][debug][gc,phases      ] GC(119)     Total                          Min: 0, Avg: 172.8, Max: 512, Diff: 512, Sum: 691, Workers: 4
[1587.225s][debug][gc,phases      ] GC(119)   ObjectSynchronizer Weak        Min:  0.0, Avg:  0.0, Max:  0.0, Diff:  0.0, Sum:  0.0, Workers: 4
[1587.225s][debug][gc,phases      ] GC(119)     Dead                           Min: 0, Avg:  0.0, Max: 0, Diff: 0, Sum: 0, Workers: 4
[1587.225s][debug][gc,phases      ] GC(119)     Total                          Min: 0, Avg:  1.0, Max: 4, Diff: 4, Sum: 4, Workers: 4
[1587.225s][debug][gc,phases      ] GC(119)   JVMTI Tag Weak OopStorage      Min:  0.0, Avg:  0.0, Max:  0.0, Diff:  0.0, Sum:  0.0, Workers: 4
[1587.225s][debug][gc,phases      ] GC(119)     Dead                           Min: 0, Avg:  0.0, Max: 0, Diff: 0, Sum: 0, Workers: 4
[1587.225s][debug][gc,phases      ] GC(119)     Total                          Min: 0, Avg:  0.0, Max: 0, Diff: 0, Sum: 0, Workers: 4
[1587.225s][debug][gc,phases      ] GC(119)   StringTable Weak               Min:  0.1, Avg:  0.1, Max:  0.1, Diff:  0.0, Sum:  0.4, Workers: 4
[1587.225s][debug][gc,phases      ] GC(119)     Dead                           Min: 0, Avg:  0.0, Max: 0, Diff: 0, Sum: 0, Workers: 4
[1587.225s][debug][gc,phases      ] GC(119)     Total                          Min: 10304, Avg: 10691.0, Max: 10944, Diff: 640, Sum: 42764, Workers: 4
[1587.225s][debug][gc,phases      ] GC(119)   ResolvedMethodTable Weak       Min:  0.0, Avg:  0.0, Max:  0.0, Diff:  0.0, Sum:  0.1, Workers: 4
[1587.225s][debug][gc,phases      ] GC(119)     Dead                           Min: 0, Avg:  0.0, Max: 0, Diff: 0, Sum: 0, Workers: 4
[1587.225s][debug][gc,phases      ] GC(119)     Total                          Min: 1919, Avg: 2276.2, Max: 2448, Diff: 529, Sum: 9105, Workers: 4
[1587.225s][debug][gc,phases      ] GC(119)   JNI Weak                       Min:  0.0, Avg:  0.0, Max:  0.0, Diff:  0.0, Sum:  0.0, Workers: 4
[1587.225s][debug][gc,phases      ] GC(119)     Dead                           Min: 0, Avg:  0.0, Max: 0, Diff: 0, Sum: 0, Workers: 4
[1587.225s][debug][gc,phases      ] GC(119)     Total                          Min: 0, Avg: 11.2, Max: 45, Diff: 45, Sum: 45, Workers: 4
[1587.225s][debug][gc,phases      ] GC(119)   StringDedup Table Weak         Min:  0.0, Avg:  0.0, Max:  0.0, Diff:  0.0, Sum:  0.0, Workers: 4
[1587.225s][debug][gc,phases      ] GC(119)     Dead                           Min: 0, Avg:  0.0, Max: 0, Diff: 0, Sum: 0, Workers: 4
[1587.225s][debug][gc,phases      ] GC(119)     Total                          Min: 0, Avg:  0.0, Max: 0, Diff: 0, Sum: 0, Workers: 4
[1587.225s][debug][gc,phases      ] GC(119)   StringDedup Requests0 Weak     Min:  0.0, Avg:  0.0, Max:  0.0, Diff:  0.0, Sum:  0.0, Workers: 4
[1587.225s][debug][gc,phases      ] GC(119)     Dead                           Min: 0, Avg:  0.0, Max: 0, Diff: 0, Sum: 0, Workers: 4
[1587.225s][debug][gc,phases      ] GC(119)     Total                          Min: 0, Avg:  0.0, Max: 0, Diff: 0, Sum: 0, Workers: 4
[1587.225s][debug][gc,phases      ] GC(119)   StringDedup Requests1 Weak     Min:  0.0, Avg:  0.0, Max:  0.0, Diff:  0.0, Sum:  0.0, Workers: 4
[1587.225s][debug][gc,phases      ] GC(119)     Dead                           Min: 0, Avg:  0.0, Max: 0, Diff: 0, Sum: 0, Workers: 4
[1587.225s][debug][gc,phases      ] GC(119)     Total                          Min: 0, Avg:  0.0, Max: 0, Diff: 0, Sum: 0, Workers: 4
[1587.225s][debug][gc,phases      ] GC(119)   Weak JFR Old Object Samples    Min:  0.0, Avg:  0.0, Max:  0.0, Diff:  0.0, Sum:  0.0, Workers: 4
[1587.225s][debug][gc,phases      ] GC(119)     Dead                           Min: 0, Avg:  0.0, Max: 0, Diff: 0, Sum: 0, Workers: 4
[1587.225s][debug][gc,phases      ] GC(119)     Total                          Min: 0, Avg:  0.0, Max: 0, Diff: 0, Sum: 0, Workers: 4
[1587.225s][debug][gc,phases      ] GC(119) Weak Processing 0.304ms
[1587.225s][debug][gc,age         ] GC(119) Desired survivor size 524288 bytes, new threshold 15 (max threshold 15)
[1587.225s][info ][gc,heap        ] GC(119) PSYoungGen: 2095296K(2096128K)->224K(2096640K) Eden: 2095104K(2095104K)->0K(2095616K) From: 192K(1024K)->224K(1024K)
[1587.225s][info ][gc,heap        ] GC(119) ParOldGen: 235790K(324096K)->235790K(324096K)
[1587.225s][info ][gc,metaspace   ] GC(119) Metaspace: 80038K(80896K)->80038K(80896K) NonClass: 68330K(68800K)->68330K(68800K) Class: 11707K(12096K)->11707K(12096K)
[1587.225s][info ][gc             ] GC(119) Pause Young (Allocation Failure) 2276M->230M(2364M) 1.851ms
[1587.225s][info ][gc,cpu         ] GC(119) User=0.01s Sys=0.00s Real=0.00s
[1587.225s][info ][safepoint      ] Safepoint "ParallelGCFailedAllocation", Time since last: 16397933601 ns, Reaching safepoint: 3600 ns, Cleanup: 24800 ns, At safepoint: 1929309 ns, Total: 1957709 ns
[1603.625s][info ][gc,start       ] GC(120) Pause Young (Allocation Failure)
[1603.626s][debug][gc,phases      ] GC(120) Scavenge 1.342ms
[1603.626s][debug][gc,ref         ] GC(120) Skipped phase 1 of Reference Processing: no references
[1603.626s][debug][gc,ref         ] GC(120) Skipped phase 2 of Reference Processing: no references
[1603.626s][debug][gc,ref         ] GC(120) Skipped phase 3 of Reference Processing: no references
[1603.626s][debug][gc,ref         ] GC(120) Skipped phase 4 of Reference Processing: no references
[1603.626s][debug][gc,phases      ] GC(120) Reference Processing 0.020ms
[1603.627s][debug][gc,phases      ] GC(120)   VM Weak                        Min:  0.0, Avg:  0.0, Max:  0.0, Diff:  0.0, Sum:  0.0, Workers: 4
[1603.627s][debug][gc,phases      ] GC(120)     Dead                           Min: 0, Avg:  0.0, Max: 0, Diff: 0, Sum: 0, Workers: 4
[1603.627s][debug][gc,phases      ] GC(120)     Total                          Min: 0, Avg: 172.8, Max: 371, Diff: 371, Sum: 691, Workers: 4
[1603.627s][debug][gc,phases      ] GC(120)   ObjectSynchronizer Weak        Min:  0.0, Avg:  0.0, Max:  0.0, Diff:  0.0, Sum:  0.0, Workers: 4
[1603.627s][debug][gc,phases      ] GC(120)     Dead                           Min: 0, Avg:  0.0, Max: 0, Diff: 0, Sum: 0, Workers: 4
[1603.627s][debug][gc,phases      ] GC(120)     Total                          Min: 0, Avg:  1.0, Max: 4, Diff: 4, Sum: 4, Workers: 4
[1603.627s][debug][gc,phases      ] GC(120)   JVMTI Tag Weak OopStorage      Min:  0.0, Avg:  0.0, Max:  0.0, Diff:  0.0, Sum:  0.0, Workers: 4
[1603.627s][debug][gc,phases      ] GC(120)     Dead                           Min: 0, Avg:  0.0, Max: 0, Diff: 0, Sum: 0, Workers: 4
[1603.627s][debug][gc,phases      ] GC(120)     Total                          Min: 0, Avg:  0.0, Max: 0, Diff: 0, Sum: 0, Workers: 4
[1603.627s][debug][gc,phases      ] GC(120)   StringTable Weak               Min:  0.0, Avg:  0.1, Max:  0.1, Diff:  0.1, Sum:  0.4, Workers: 4
[1603.627s][debug][gc,phases      ] GC(120)     Dead                           Min: 0, Avg:  0.0, Max: 0, Diff: 0, Sum: 0, Workers: 4
[1603.627s][debug][gc,phases      ] GC(120)     Total                          Min: 2956, Avg: 10691.0, Max: 15104, Diff: 12148, Sum: 42764, Workers: 4
[1603.627s][debug][gc,phases      ] GC(120)   ResolvedMethodTable Weak       Min:  0.0, Avg:  0.0, Max:  0.0, Diff:  0.0, Sum:  0.1, Workers: 4
[1603.627s][debug][gc,phases      ] GC(120)     Dead                           Min: 0, Avg:  0.0, Max: 0, Diff: 0, Sum: 0, Workers: 4
[1603.627s][debug][gc,phases      ] GC(120)     Total                          Min: 2076, Avg: 2276.2, Max: 2451, Diff: 375, Sum: 9105, Workers: 4
[1603.627s][debug][gc,phases      ] GC(120)   JNI Weak                       Min:  0.0, Avg:  0.0, Max:  0.0, Diff:  0.0, Sum:  0.0, Workers: 4
[1603.627s][debug][gc,phases      ] GC(120)     Dead                           Min: 0, Avg:  0.0, Max: 0, Diff: 0, Sum: 0, Workers: 4
[1603.627s][debug][gc,phases      ] GC(120)     Total                          Min: 0, Avg: 11.2, Max: 45, Diff: 45, Sum: 45, Workers: 4
[1603.627s][debug][gc,phases      ] GC(120)   StringDedup Table Weak         Min:  0.0, Avg:  0.0, Max:  0.0, Diff:  0.0, Sum:  0.0, Workers: 4
[1603.627s][debug][gc,phases      ] GC(120)     Dead                           Min: 0, Avg:  0.0, Max: 0, Diff: 0, Sum: 0, Workers: 4
[1603.627s][debug][gc,phases      ] GC(120)     Total                          Min: 0, Avg:  0.0, Max: 0, Diff: 0, Sum: 0, Workers: 4
[1603.627s][debug][gc,phases      ] GC(120)   StringDedup Requests0 Weak     Min:  0.0, Avg:  0.0, Max:  0.0, Diff:  0.0, Sum:  0.0, Workers: 4
[1603.627s][debug][gc,phases      ] GC(120)     Dead                           Min: 0, Avg:  0.0, Max: 0, Diff: 0, Sum: 0, Workers: 4
[1603.627s][debug][gc,phases      ] GC(120)     Total                          Min: 0, Avg:  0.0, Max: 0, Diff: 0, Sum: 0, Workers: 4
[1603.627s][debug][gc,phases      ] GC(120)   StringDedup Requests1 Weak     Min:  0.0, Avg:  0.0, Max:  0.0, Diff:  0.0, Sum:  0.0, Workers: 4
[1603.627s][debug][gc,phases      ] GC(120)     Dead                           Min: 0, Avg:  0.0, Max: 0, Diff: 0, Sum: 0, Workers: 4
[1603.627s][debug][gc,phases      ] GC(120)     Total                          Min: 0, Avg:  0.0, Max: 0, Diff: 0, Sum: 0, Workers: 4
[1603.627s][debug][gc,phases      ] GC(120)   Weak JFR Old Object Samples    Min:  0.0, Avg:  0.0, Max:  0.0, Diff:  0.0, Sum:  0.0, Workers: 4
[1603.627s][debug][gc,phases      ] GC(120)     Dead                           Min: 0, Avg:  0.0, Max: 0, Diff: 0, Sum: 0, Workers: 4
[1603.627s][debug][gc,phases      ] GC(120)     Total                          Min: 0, Avg:  0.0, Max: 0, Diff: 0, Sum: 0, Workers: 4
[1603.627s][debug][gc,phases      ] GC(120) Weak Processing 0.335ms
[1603.627s][debug][gc,age         ] GC(120) Desired survivor size 524288 bytes, new threshold 15 (max threshold 15)
[1603.627s][info ][gc,heap        ] GC(120) PSYoungGen: 2095840K(2096640K)->192K(2096128K) Eden: 2095616K(2095616K)->0K(2095616K) From: 224K(1024K)->192K(512K)
[1603.627s][info ][gc,heap        ] GC(120) ParOldGen: 235790K(324096K)->235798K(324096K)
[1603.627s][info ][gc,metaspace   ] GC(120) Metaspace: 80038K(80896K)->80038K(80896K) NonClass: 68330K(68800K)->68330K(68800K) Class: 11707K(12096K)->11707K(12096K)
[1603.627s][info ][gc             ] GC(120) Pause Young (Allocation Failure) 2276M->230M(2363M) 1.793ms
[1603.627s][info ][gc,cpu         ] GC(120) User=0.00s Sys=0.00s Real=0.00s
[1603.627s][info ][safepoint      ] Safepoint "ParallelGCFailedAllocation", Time since last: 16399497791 ns, Reaching safepoint: 6200 ns, Cleanup: 42500 ns, At safepoint: 1857608 ns, Total: 1906308 ns
[1617.628s][info ][safepoint      ] Safepoint "Cleanup", Time since last: 14000916712 ns, Reaching safepoint: 7300 ns, Cleanup: 48700 ns, At safepoint: 7800 ns, Total: 63800 ns
[1620.026s][info ][gc,start       ] GC(121) Pause Young (Allocation Failure)
[1620.028s][debug][gc,phases      ] GC(121) Scavenge 2.211ms
[1620.028s][debug][gc,ref         ] GC(121) Skipped phase 1 of Reference Processing: no references
[1620.028s][debug][gc,ref         ] GC(121) Skipped phase 2 of Reference Processing: no references
[1620.028s][debug][gc,ref         ] GC(121) Skipped phase 3 of Reference Processing: no references
[1620.028s][debug][gc,ref         ] GC(121) Skipped phase 4 of Reference Processing: no references
[1620.028s][debug][gc,phases      ] GC(121) Reference Processing 0.021ms
[1620.028s][debug][gc,phases      ] GC(121)   VM Weak                        Min:  0.0, Avg:  0.0, Max:  0.0, Diff:  0.0, Sum:  0.0, Workers: 4
[1620.028s][debug][gc,phases      ] GC(121)     Dead                           Min: 0, Avg:  0.0, Max: 0, Diff: 0, Sum: 0, Workers: 4
[1620.028s][debug][gc,phases      ] GC(121)     Total                          Min: 0, Avg: 172.8, Max: 499, Diff: 499, Sum: 691, Workers: 4
[1620.028s][debug][gc,phases      ] GC(121)   ObjectSynchronizer Weak        Min:  0.0, Avg:  0.0, Max:  0.0, Diff:  0.0, Sum:  0.0, Workers: 4
[1620.028s][debug][gc,phases      ] GC(121)     Dead                           Min: 0, Avg:  0.0, Max: 0, Diff: 0, Sum: 0, Workers: 4
[1620.028s][debug][gc,phases      ] GC(121)     Total                          Min: 0, Avg:  1.0, Max: 4, Diff: 4, Sum: 4, Workers: 4
[1620.028s][debug][gc,phases      ] GC(121)   JVMTI Tag Weak OopStorage      Min:  0.0, Avg:  0.0, Max:  0.0, Diff:  0.0, Sum:  0.0, Workers: 4
[1620.028s][debug][gc,phases      ] GC(121)     Dead                           Min: 0, Avg:  0.0, Max: 0, Diff: 0, Sum: 0, Workers: 4
[1620.028s][debug][gc,phases      ] GC(121)     Total                          Min: 0, Avg:  0.0, Max: 0, Diff: 0, Sum: 0, Workers: 4
[1620.028s][debug][gc,phases      ] GC(121)   StringTable Weak               Min:  0.0, Avg:  0.1, Max:  0.1, Diff:  0.1, Sum:  0.4, Workers: 4
[1620.028s][debug][gc,phases      ] GC(121)     Dead                           Min: 0, Avg:  0.0, Max: 0, Diff: 0, Sum: 0, Workers: 4
[1620.028s][debug][gc,phases      ] GC(121)     Total                          Min: 0, Avg: 10691.0, Max: 19200, Diff: 19200, Sum: 42764, Workers: 4
[1620.028s][debug][gc,phases      ] GC(121)   ResolvedMethodTable Weak       Min:  0.0, Avg:  0.0, Max:  0.0, Diff:  0.0, Sum:  0.1, Workers: 4
[1620.028s][debug][gc,phases      ] GC(121)     Dead                           Min: 0, Avg:  0.0, Max: 0, Diff: 0, Sum: 0, Workers: 4
[1620.028s][debug][gc,phases      ] GC(121)     Total                          Min: 0, Avg: 2276.2, Max: 4156, Diff: 4156, Sum: 9105, Workers: 4
[1620.028s][debug][gc,phases      ] GC(121)   JNI Weak                       Min:  0.0, Avg:  0.0, Max:  0.0, Diff:  0.0, Sum:  0.0, Workers: 4
[1620.028s][debug][gc,phases      ] GC(121)     Dead                           Min: 0, Avg:  0.0, Max: 0, Diff: 0, Sum: 0, Workers: 4
[1620.028s][debug][gc,phases      ] GC(121)     Total                          Min: 0, Avg: 11.2, Max: 45, Diff: 45, Sum: 45, Workers: 4
[1620.028s][debug][gc,phases      ] GC(121)   StringDedup Table Weak         Min:  0.0, Avg:  0.0, Max:  0.0, Diff:  0.0, Sum:  0.0, Workers: 4
[1620.028s][debug][gc,phases      ] GC(121)     Dead                           Min: 0, Avg:  0.0, Max: 0, Diff: 0, Sum: 0, Workers: 4
[1620.028s][debug][gc,phases      ] GC(121)     Total                          Min: 0, Avg:  0.0, Max: 0, Diff: 0, Sum: 0, Workers: 4
[1620.028s][debug][gc,phases      ] GC(121)   StringDedup Requests0 Weak     Min:  0.0, Avg:  0.0, Max:  0.0, Diff:  0.0, Sum:  0.0, Workers: 4
[1620.028s][debug][gc,phases      ] GC(121)     Dead                           Min: 0, Avg:  0.0, Max: 0, Diff: 0, Sum: 0, Workers: 4
[1620.028s][debug][gc,phases      ] GC(121)     Total                          Min: 0, Avg:  0.0, Max: 0, Diff: 0, Sum: 0, Workers: 4
[1620.028s][debug][gc,phases      ] GC(121)   StringDedup Requests1 Weak     Min:  0.0, Avg:  0.0, Max:  0.0, Diff:  0.0, Sum:  0.0, Workers: 4
[1620.028s][debug][gc,phases      ] GC(121)     Dead                           Min: 0, Avg:  0.0, Max: 0, Diff: 0, Sum: 0, Workers: 4
[1620.028s][debug][gc,phases      ] GC(121)     Total                          Min: 0, Avg:  0.0, Max: 0, Diff: 0, Sum: 0, Workers: 4
[1620.028s][debug][gc,phases      ] GC(121)   Weak JFR Old Object Samples    Min:  0.0, Avg:  0.0, Max:  0.0, Diff:  0.0, Sum:  0.0, Workers: 4
[1620.028s][debug][gc,phases      ] GC(121)     Dead                           Min: 0, Avg:  0.0, Max: 0, Diff: 0, Sum: 0, Workers: 4
[1620.028s][debug][gc,phases      ] GC(121)     Total                          Min: 0, Avg:  0.0, Max: 0, Diff: 0, Sum: 0, Workers: 4
[1620.028s][debug][gc,phases      ] GC(121) Weak Processing 0.360ms
[1620.028s][debug][gc,age         ] GC(121) Desired survivor size 524288 bytes, new threshold 15 (max threshold 15)
[1620.028s][info ][gc,heap        ] GC(121) PSYoungGen: 2095808K(2096128K)->160K(2096640K) Eden: 2095616K(2095616K)->0K(2096128K) From: 192K(512K)->160K(512K)
[1620.028s][info ][gc,heap        ] GC(121) ParOldGen: 235798K(324096K)->235806K(324096K)
[1620.029s][info ][gc,metaspace   ] GC(121) Metaspace: 80038K(80896K)->80038K(80896K) NonClass: 68330K(68800K)->68330K(68800K) Class: 11707K(12096K)->11707K(12096K)
[1620.029s][info ][gc             ] GC(121) Pause Young (Allocation Failure) 2276M->230M(2364M) 2.690ms
[1620.029s][info ][gc,cpu         ] GC(121) User=0.01s Sys=0.00s Real=0.00s
[1620.029s][info ][safepoint      ] Safepoint "ParallelGCFailedAllocation", Time since last: 2397870674 ns, Reaching safepoint: 65200 ns, Cleanup: 38600 ns, At safepoint: 2796613 ns, Total: 2900413 ns
[1636.473s][info ][gc,start       ] GC(122) Pause Young (Allocation Failure)
[1636.474s][debug][gc,phases      ] GC(122) Scavenge 1.391ms
[1636.474s][debug][gc,ref         ] GC(122) Skipped phase 1 of Reference Processing: no references
[1636.474s][debug][gc,ref         ] GC(122) Skipped phase 2 of Reference Processing: no references
[1636.474s][debug][gc,ref         ] GC(122) Skipped phase 3 of Reference Processing: no references
[1636.474s][debug][gc,ref         ] GC(122) Skipped phase 4 of Reference Processing: no references
[1636.474s][debug][gc,phases      ] GC(122) Reference Processing 0.020ms
[1636.475s][debug][gc,phases      ] GC(122)   VM Weak                        Min:  0.0, Avg:  0.0, Max:  0.0, Diff:  0.0, Sum:  0.0, Workers: 4
[1636.475s][debug][gc,phases      ] GC(122)     Dead                           Min: 0, Avg:  0.0, Max: 0, Diff: 0, Sum: 0, Workers: 4
[1636.475s][debug][gc,phases      ] GC(122)     Total                          Min: 0, Avg: 172.8, Max: 576, Diff: 576, Sum: 691, Workers: 4
[1636.475s][debug][gc,phases      ] GC(122)   ObjectSynchronizer Weak        Min:  0.0, Avg:  0.0, Max:  0.0, Diff:  0.0, Sum:  0.0, Workers: 4
[1636.475s][debug][gc,phases      ] GC(122)     Dead                           Min: 0, Avg:  0.0, Max: 0, Diff: 0, Sum: 0, Workers: 4
[1636.475s][debug][gc,phases      ] GC(122)     Total                          Min: 0, Avg:  1.0, Max: 4, Diff: 4, Sum: 4, Workers: 4
[1636.475s][debug][gc,phases      ] GC(122)   JVMTI Tag Weak OopStorage      Min:  0.0, Avg:  0.0, Max:  0.0, Diff:  0.0, Sum:  0.0, Workers: 4
[1636.475s][debug][gc,phases      ] GC(122)     Dead                           Min: 0, Avg:  0.0, Max: 0, Diff: 0, Sum: 0, Workers: 4
[1636.475s][debug][gc,phases      ] GC(122)     Total                          Min: 0, Avg:  0.0, Max: 0, Diff: 0, Sum: 0, Workers: 4
[1636.475s][debug][gc,phases      ] GC(122)   StringTable Weak               Min:  0.1, Avg:  0.1, Max:  0.1, Diff:  0.0, Sum:  0.4, Workers: 4
[1636.475s][debug][gc,phases      ] GC(122)     Dead                           Min: 0, Avg:  0.0, Max: 0, Diff: 0, Sum: 0, Workers: 4
[1636.475s][debug][gc,phases      ] GC(122)     Total                          Min: 10060, Avg: 10691.0, Max: 11072, Diff: 1012, Sum: 42764, Workers: 4
[1636.475s][debug][gc,phases      ] GC(122)   ResolvedMethodTable Weak       Min:  0.0, Avg:  0.0, Max:  0.1, Diff:  0.1, Sum:  0.2, Workers: 4
[1636.475s][debug][gc,phases      ] GC(122)     Dead                           Min: 0, Avg:  0.0, Max: 0, Diff: 0, Sum: 0, Workers: 4
[1636.475s][debug][gc,phases      ] GC(122)     Total                          Min: 1920, Avg: 2276.2, Max: 2504, Diff: 584, Sum: 9105, Workers: 4
[1636.475s][debug][gc,phases      ] GC(122)   JNI Weak                       Min:  0.0, Avg:  0.0, Max:  0.0, Diff:  0.0, Sum:  0.0, Workers: 4
[1636.475s][debug][gc,phases      ] GC(122)     Dead                           Min: 0, Avg:  0.0, Max: 0, Diff: 0, Sum: 0, Workers: 4
[1636.475s][debug][gc,phases      ] GC(122)     Total                          Min: 0, Avg: 11.2, Max: 45, Diff: 45, Sum: 45, Workers: 4
[1636.475s][debug][gc,phases      ] GC(122)   StringDedup Table Weak         Min:  0.0, Avg:  0.0, Max:  0.0, Diff:  0.0, Sum:  0.0, Workers: 4
[1636.475s][debug][gc,phases      ] GC(122)     Dead                           Min: 0, Avg:  0.0, Max: 0, Diff: 0, Sum: 0, Workers: 4
[1636.475s][debug][gc,phases      ] GC(122)     Total                          Min: 0, Avg:  0.0, Max: 0, Diff: 0, Sum: 0, Workers: 4
[1636.475s][debug][gc,phases      ] GC(122)   StringDedup Requests0 Weak     Min:  0.0, Avg:  0.0, Max:  0.0, Diff:  0.0, Sum:  0.0, Workers: 4
[1636.475s][debug][gc,phases      ] GC(122)     Dead                           Min: 0, Avg:  0.0, Max: 0, Diff: 0, Sum: 0, Workers: 4
[1636.475s][debug][gc,phases      ] GC(122)     Total                          Min: 0, Avg:  0.0, Max: 0, Diff: 0, Sum: 0, Workers: 4
[1636.475s][debug][gc,phases      ] GC(122)   StringDedup Requests1 Weak     Min:  0.0, Avg:  0.0, Max:  0.0, Diff:  0.0, Sum:  0.0, Workers: 4
[1636.475s][debug][gc,phases      ] GC(122)     Dead                           Min: 0, Avg:  0.0, Max: 0, Diff: 0, Sum: 0, Workers: 4
[1636.475s][debug][gc,phases      ] GC(122)     Total                          Min: 0, Avg:  0.0, Max: 0, Diff: 0, Sum: 0, Workers: 4
[1636.475s][debug][gc,phases      ] GC(122)   Weak JFR Old Object Samples    Min:  0.0, Avg:  0.0, Max:  0.0, Diff:  0.0, Sum:  0.0, Workers: 4
[1636.475s][debug][gc,phases      ] GC(122)     Dead                           Min: 0, Avg:  0.0, Max: 0, Diff: 0, Sum: 0, Workers: 4
[1636.475s][debug][gc,phases      ] GC(122)     Total                          Min: 0, Avg:  0.0, Max: 0, Diff: 0, Sum: 0, Workers: 4
[1636.475s][debug][gc,phases      ] GC(122) Weak Processing 0.373ms
[1636.475s][debug][gc,age         ] GC(122) Desired survivor size 524288 bytes, new threshold 15 (max threshold 15)
[1636.475s][info ][gc,heap        ] GC(122) PSYoungGen: 2096288K(2096640K)->256K(2096640K) Eden: 2096128K(2096128K)->0K(2096128K) From: 160K(512K)->256K(512K)
[1636.475s][info ][gc,heap        ] GC(122) ParOldGen: 235806K(324096K)->235806K(324096K)
[1636.475s][info ][gc,metaspace   ] GC(122) Metaspace: 80038K(80896K)->80038K(80896K) NonClass: 68330K(68800K)->68330K(68800K) Class: 11707K(12096K)->11707K(12096K)
[1636.475s][info ][gc             ] GC(122) Pause Young (Allocation Failure) 2277M->230M(2364M) 1.874ms
[1636.475s][info ][gc,cpu         ] GC(122) User=0.00s Sys=0.00s Real=0.00s
[1636.475s][info ][safepoint      ] Safepoint "ParallelGCFailedAllocation", Time since last: 16444351427 ns, Reaching safepoint: 4100 ns, Cleanup: 24800 ns, At safepoint: 1936909 ns, Total: 1965809 ns
[1652.874s][info ][gc,start       ] GC(123) Pause Young (Allocation Failure)
[1652.875s][debug][gc,phases      ] GC(123) Scavenge 1.420ms
[1652.875s][debug][gc,ref         ] GC(123) Skipped phase 1 of Reference Processing: no references
[1652.875s][debug][gc,ref         ] GC(123) Skipped phase 2 of Reference Processing: no references
[1652.875s][debug][gc,ref         ] GC(123) Skipped phase 3 of Reference Processing: no references
[1652.875s][debug][gc,ref         ] GC(123) Skipped phase 4 of Reference Processing: no references
[1652.875s][debug][gc,phases      ] GC(123) Reference Processing 0.019ms
[1652.875s][debug][gc,phases      ] GC(123)   VM Weak                        Min:  0.0, Avg:  0.0, Max:  0.0, Diff:  0.0, Sum:  0.0, Workers: 4
[1652.875s][debug][gc,phases      ] GC(123)     Dead                           Min: 0, Avg:  0.0, Max: 0, Diff: 0, Sum: 0, Workers: 4
[1652.875s][debug][gc,phases      ] GC(123)     Total                          Min: 0, Avg: 172.8, Max: 307, Diff: 307, Sum: 691, Workers: 4
[1652.875s][debug][gc,phases      ] GC(123)   ObjectSynchronizer Weak        Min:  0.0, Avg:  0.0, Max:  0.0, Diff:  0.0, Sum:  0.0, Workers: 4
[1652.875s][debug][gc,phases      ] GC(123)     Dead                           Min: 0, Avg:  0.0, Max: 0, Diff: 0, Sum: 0, Workers: 4
[1652.875s][debug][gc,phases      ] GC(123)     Total                          Min: 0, Avg:  1.0, Max: 4, Diff: 4, Sum: 4, Workers: 4
[1652.875s][debug][gc,phases      ] GC(123)   JVMTI Tag Weak OopStorage      Min:  0.0, Avg:  0.0, Max:  0.0, Diff:  0.0, Sum:  0.0, Workers: 4
[1652.875s][debug][gc,phases      ] GC(123)     Dead                           Min: 0, Avg:  0.0, Max: 0, Diff: 0, Sum: 0, Workers: 4
[1652.875s][debug][gc,phases      ] GC(123)     Total                          Min: 0, Avg:  0.0, Max: 0, Diff: 0, Sum: 0, Workers: 4
[1652.875s][debug][gc,phases      ] GC(123)   StringTable Weak               Min:  0.0, Avg:  0.1, Max:  0.1, Diff:  0.1, Sum:  0.4, Workers: 4
[1652.875s][debug][gc,phases      ] GC(123)     Dead                           Min: 0, Avg:  0.0, Max: 0, Diff: 0, Sum: 0, Workers: 4
[1652.875s][debug][gc,phases      ] GC(123)     Total                          Min: 0, Avg: 10691.0, Max: 18944, Diff: 18944, Sum: 42764, Workers: 4
[1652.875s][debug][gc,phases      ] GC(123)   ResolvedMethodTable Weak       Min:  0.0, Avg:  0.0, Max:  0.0, Diff:  0.0, Sum:  0.1, Workers: 4
[1652.875s][debug][gc,phases      ] GC(123)     Dead                           Min: 0, Avg:  0.0, Max: 0, Diff: 0, Sum: 0, Workers: 4
[1652.875s][debug][gc,phases      ] GC(123)     Total                          Min: 0, Avg: 2276.2, Max: 4130, Diff: 4130, Sum: 9105, Workers: 4
[1652.875s][debug][gc,phases      ] GC(123)   JNI Weak                       Min:  0.0, Avg:  0.0, Max:  0.0, Diff:  0.0, Sum:  0.0, Workers: 4
[1652.875s][debug][gc,phases      ] GC(123)     Dead                           Min: 0, Avg:  0.0, Max: 0, Diff: 0, Sum: 0, Workers: 4
[1652.875s][debug][gc,phases      ] GC(123)     Total                          Min: 0, Avg: 11.2, Max: 45, Diff: 45, Sum: 45, Workers: 4
[1652.875s][debug][gc,phases      ] GC(123)   StringDedup Table Weak         Min:  0.0, Avg:  0.0, Max:  0.0, Diff:  0.0, Sum:  0.0, Workers: 4
[1652.875s][debug][gc,phases      ] GC(123)     Dead                           Min: 0, Avg:  0.0, Max: 0, Diff: 0, Sum: 0, Workers: 4
[1652.876s][debug][gc,phases      ] GC(123)     Total                          Min: 0, Avg:  0.0, Max: 0, Diff: 0, Sum: 0, Workers: 4
[1652.876s][debug][gc,phases      ] GC(123)   StringDedup Requests0 Weak     Min:  0.0, Avg:  0.0, Max:  0.0, Diff:  0.0, Sum:  0.0, Workers: 4
[1652.876s][debug][gc,phases      ] GC(123)     Dead                           Min: 0, Avg:  0.0, Max: 0, Diff: 0, Sum: 0, Workers: 4
[1652.876s][debug][gc,phases      ] GC(123)     Total                          Min: 0, Avg:  0.0, Max: 0, Diff: 0, Sum: 0, Workers: 4
[1652.876s][debug][gc,phases      ] GC(123)   StringDedup Requests1 Weak     Min:  0.0, Avg:  0.0, Max:  0.0, Diff:  0.0, Sum:  0.0, Workers: 4
[1652.876s][debug][gc,phases      ] GC(123)     Dead                           Min: 0, Avg:  0.0, Max: 0, Diff: 0, Sum: 0, Workers: 4
[1652.876s][debug][gc,phases      ] GC(123)     Total                          Min: 0, Avg:  0.0, Max: 0, Diff: 0, Sum: 0, Workers: 4
[1652.876s][debug][gc,phases      ] GC(123)   Weak JFR Old Object Samples    Min:  0.0, Avg:  0.0, Max:  0.0, Diff:  0.0, Sum:  0.0, Workers: 4
[1652.876s][debug][gc,phases      ] GC(123)     Dead                           Min: 0, Avg:  0.0, Max: 0, Diff: 0, Sum: 0, Workers: 4
[1652.876s][debug][gc,phases      ] GC(123)     Total                          Min: 0, Avg:  0.0, Max: 0, Diff: 0, Sum: 0, Workers: 4
[1652.876s][debug][gc,phases      ] GC(123) Weak Processing 0.354ms
[1652.876s][debug][gc,age         ] GC(123) Desired survivor size 524288 bytes, new threshold 15 (max threshold 15)
[1652.876s][info ][gc,heap        ] GC(123) PSYoungGen: 2096384K(2096640K)->224K(2096640K) Eden: 2096128K(2096128K)->0K(2096128K) From: 256K(512K)->224K(512K)
[1652.876s][info ][gc,heap        ] GC(123) ParOldGen: 235806K(324096K)->235814K(324096K)
[1652.876s][info ][gc,metaspace   ] GC(123) Metaspace: 80038K(80896K)->80038K(80896K) NonClass: 68330K(68800K)->68330K(68800K) Class: 11707K(12096K)->11707K(12096K)
[1652.876s][info ][gc             ] GC(123) Pause Young (Allocation Failure) 2277M->230M(2364M) 1.872ms
[1652.876s][info ][gc,cpu         ] GC(123) User=0.01s Sys=0.00s Real=0.00s
[1652.876s][info ][safepoint      ] Safepoint "ParallelGCFailedAllocation", Time since last: 16398737200 ns, Reaching safepoint: 3800 ns, Cleanup: 43600 ns, At safepoint: 1944708 ns, Total: 1992108 ns
[1668.877s][info ][safepoint      ] Safepoint "Cleanup", Time since last: 16001102424 ns, Reaching safepoint: 5400 ns, Cleanup: 44200 ns, At safepoint: 2900 ns, Total: 52500 ns
[1669.275s][info ][gc,start       ] GC(124) Pause Young (Allocation Failure)
[1669.277s][debug][gc,phases      ] GC(124) Scavenge 2.062ms
[1669.277s][debug][gc,ref         ] GC(124) Skipped phase 1 of Reference Processing: no references
[1669.277s][debug][gc,ref         ] GC(124) Skipped phase 2 of Reference Processing: no references
[1669.277s][debug][gc,ref         ] GC(124) Skipped phase 3 of Reference Processing: no references
[1669.277s][debug][gc,ref         ] GC(124) Skipped phase 4 of Reference Processing: no references
[1669.277s][debug][gc,phases      ] GC(124) Reference Processing 0.036ms
[1669.278s][debug][gc,phases      ] GC(124)   VM Weak                        Min:  0.0, Avg:  0.0, Max:  0.0, Diff:  0.0, Sum:  0.0, Workers: 4
[1669.278s][debug][gc,phases      ] GC(124)     Dead                           Min: 0, Avg:  0.0, Max: 0, Diff: 0, Sum: 0, Workers: 4
[1669.278s][debug][gc,phases      ] GC(124)     Total                          Min: 0, Avg: 172.8, Max: 640, Diff: 640, Sum: 691, Workers: 4
[1669.278s][debug][gc,phases      ] GC(124)   ObjectSynchronizer Weak        Min:  0.0, Avg:  0.0, Max:  0.0, Diff:  0.0, Sum:  0.0, Workers: 4
[1669.278s][debug][gc,phases      ] GC(124)     Dead                           Min: 0, Avg:  0.0, Max: 0, Diff: 0, Sum: 0, Workers: 4
[1669.278s][debug][gc,phases      ] GC(124)     Total                          Min: 0, Avg:  1.0, Max: 4, Diff: 4, Sum: 4, Workers: 4
[1669.278s][debug][gc,phases      ] GC(124)   JVMTI Tag Weak OopStorage      Min:  0.0, Avg:  0.0, Max:  0.0, Diff:  0.0, Sum:  0.0, Workers: 4
[1669.278s][debug][gc,phases      ] GC(124)     Dead                           Min: 0, Avg:  0.0, Max: 0, Diff: 0, Sum: 0, Workers: 4
[1669.278s][debug][gc,phases      ] GC(124)     Total                          Min: 0, Avg:  0.0, Max: 0, Diff: 0, Sum: 0, Workers: 4
[1669.278s][debug][gc,phases      ] GC(124)   StringTable Weak               Min:  0.0, Avg:  0.1, Max:  0.1, Diff:  0.1, Sum:  0.4, Workers: 4
[1669.278s][debug][gc,phases      ] GC(124)     Dead                           Min: 0, Avg:  0.0, Max: 0, Diff: 0, Sum: 0, Workers: 4
[1669.278s][debug][gc,phases      ] GC(124)     Total                          Min: 0, Avg: 10691.0, Max: 19648, Diff: 19648, Sum: 42764, Workers: 4
[1669.278s][debug][gc,phases      ] GC(124)   ResolvedMethodTable Weak       Min:  0.0, Avg:  0.0, Max:  0.0, Diff:  0.0, Sum:  0.1, Workers: 4
[1669.278s][debug][gc,phases      ] GC(124)     Dead                           Min: 0, Avg:  0.0, Max: 0, Diff: 0, Sum: 0, Workers: 4
[1669.278s][debug][gc,phases      ] GC(124)     Total                          Min: 0, Avg: 2276.2, Max: 3096, Diff: 3096, Sum: 9105, Workers: 4
[1669.278s][debug][gc,phases      ] GC(124)   JNI Weak                       Min:  0.0, Avg:  0.0, Max:  0.0, Diff:  0.0, Sum:  0.0, Workers: 4
[1669.278s][debug][gc,phases      ] GC(124)     Dead                           Min: 0, Avg:  0.0, Max: 0, Diff: 0, Sum: 0, Workers: 4
[1669.278s][debug][gc,phases      ] GC(124)     Total                          Min: 0, Avg: 11.2, Max: 45, Diff: 45, Sum: 45, Workers: 4
[1669.278s][debug][gc,phases      ] GC(124)   StringDedup Table Weak         Min:  0.0, Avg:  0.0, Max:  0.0, Diff:  0.0, Sum:  0.0, Workers: 4
[1669.278s][debug][gc,phases      ] GC(124)     Dead                           Min: 0, Avg:  0.0, Max: 0, Diff: 0, Sum: 0, Workers: 4
[1669.278s][debug][gc,phases      ] GC(124)     Total                          Min: 0, Avg:  0.0, Max: 0, Diff: 0, Sum: 0, Workers: 4
[1669.278s][debug][gc,phases      ] GC(124)   StringDedup Requests0 Weak     Min:  0.0, Avg:  0.0, Max:  0.0, Diff:  0.0, Sum:  0.0, Workers: 4
[1669.278s][debug][gc,phases      ] GC(124)     Dead                           Min: 0, Avg:  0.0, Max: 0, Diff: 0, Sum: 0, Workers: 4
[1669.278s][debug][gc,phases      ] GC(124)     Total                          Min: 0, Avg:  0.0, Max: 0, Diff: 0, Sum: 0, Workers: 4
[1669.278s][debug][gc,phases      ] GC(124)   StringDedup Requests1 Weak     Min:  0.0, Avg:  0.0, Max:  0.0, Diff:  0.0, Sum:  0.0, Workers: 4
[1669.278s][debug][gc,phases      ] GC(124)     Dead                           Min: 0, Avg:  0.0, Max: 0, Diff: 0, Sum: 0, Workers: 4
[1669.278s][debug][gc,phases      ] GC(124)     Total                          Min: 0, Avg:  0.0, Max: 0, Diff: 0, Sum: 0, Workers: 4
[1669.278s][debug][gc,phases      ] GC(124)   Weak JFR Old Object Samples    Min:  0.0, Avg:  0.0, Max:  0.0, Diff:  0.0, Sum:  0.0, Workers: 4
[1669.278s][debug][gc,phases      ] GC(124)     Dead                           Min: 0, Avg:  0.0, Max: 0, Diff: 0, Sum: 0, Workers: 4
[1669.278s][debug][gc,phases      ] GC(124)     Total                          Min: 0, Avg:  0.0, Max: 0, Diff: 0, Sum: 0, Workers: 4
[1669.278s][debug][gc,phases      ] GC(124) Weak Processing 0.377ms
[1669.278s][debug][gc,age         ] GC(124) Desired survivor size 524288 bytes, new threshold 15 (max threshold 15)
[1669.278s][info ][gc,heap        ] GC(124) PSYoungGen: 2096352K(2096640K)->128K(2096640K) Eden: 2096128K(2096128K)->0K(2096128K) From: 224K(512K)->128K(512K)
[1669.278s][info ][gc,heap        ] GC(124) ParOldGen: 235814K(324096K)->235822K(324096K)
[1669.278s][info ][gc,metaspace   ] GC(124) Metaspace: 80038K(80896K)->80038K(80896K) NonClass: 68330K(68800K)->68330K(68800K) Class: 11707K(12096K)->11707K(12096K)
[1669.278s][info ][gc             ] GC(124) Pause Young (Allocation Failure) 2277M->230M(2364M) 2.580ms
[1669.278s][info ][gc,cpu         ] GC(124) User=0.01s Sys=0.00s Real=0.00s
[1669.278s][info ][safepoint      ] Safepoint "ParallelGCFailedAllocation", Time since last: 398328853 ns, Reaching safepoint: 5400 ns, Cleanup: 31000 ns, At safepoint: 2649512 ns, Total: 2685912 ns
[1675.278s][info ][safepoint      ] Safepoint "Cleanup", Time since last: 6000385572 ns, Reaching safepoint: 4600 ns, Cleanup: 44300 ns, At safepoint: 3500 ns, Total: 52400 ns
[1685.723s][info ][gc,start       ] GC(125) Pause Young (Allocation Failure)
[1685.725s][debug][gc,phases      ] GC(125) Scavenge 2.039ms
[1685.725s][debug][gc,ref         ] GC(125) Skipped phase 1 of Reference Processing: no references
[1685.725s][debug][gc,ref         ] GC(125) Skipped phase 2 of Reference Processing: no references
[1685.725s][debug][gc,ref         ] GC(125) Skipped phase 3 of Reference Processing: no references
[1685.725s][debug][gc,ref         ] GC(125) Skipped phase 4 of Reference Processing: no references
[1685.725s][debug][gc,phases      ] GC(125) Reference Processing 0.020ms
[1685.725s][debug][gc,phases      ] GC(125)   VM Weak                        Min:  0.0, Avg:  0.0, Max:  0.0, Diff:  0.0, Sum:  0.0, Workers: 4
[1685.725s][debug][gc,phases      ] GC(125)     Dead                           Min: 0, Avg:  0.0, Max: 0, Diff: 0, Sum: 0, Workers: 4
[1685.725s][debug][gc,phases      ] GC(125)     Total                          Min: 0, Avg: 172.8, Max: 320, Diff: 320, Sum: 691, Workers: 4
[1685.725s][debug][gc,phases      ] GC(125)   ObjectSynchronizer Weak        Min:  0.0, Avg:  0.0, Max:  0.0, Diff:  0.0, Sum:  0.0, Workers: 4
[1685.725s][debug][gc,phases      ] GC(125)     Dead                           Min: 0, Avg:  0.0, Max: 0, Diff: 0, Sum: 0, Workers: 4
[1685.725s][debug][gc,phases      ] GC(125)     Total                          Min: 0, Avg:  1.0, Max: 4, Diff: 4, Sum: 4, Workers: 4
[1685.725s][debug][gc,phases      ] GC(125)   JVMTI Tag Weak OopStorage      Min:  0.0, Avg:  0.0, Max:  0.0, Diff:  0.0, Sum:  0.0, Workers: 4
[1685.725s][debug][gc,phases      ] GC(125)     Dead                           Min: 0, Avg:  0.0, Max: 0, Diff: 0, Sum: 0, Workers: 4
[1685.725s][debug][gc,phases      ] GC(125)     Total                          Min: 0, Avg:  0.0, Max: 0, Diff: 0, Sum: 0, Workers: 4
[1685.725s][debug][gc,phases      ] GC(125)   StringTable Weak               Min:  0.0, Avg:  0.1, Max:  0.1, Diff:  0.1, Sum:  0.4, Workers: 4
[1685.725s][debug][gc,phases      ] GC(125)     Dead                           Min: 0, Avg:  0.0, Max: 0, Diff: 0, Sum: 0, Workers: 4
[1685.725s][debug][gc,phases      ] GC(125)     Total                          Min: 0, Avg: 10691.0, Max: 17228, Diff: 17228, Sum: 42764, Workers: 4
[1685.725s][debug][gc,phases      ] GC(125)   ResolvedMethodTable Weak       Min:  0.0, Avg:  0.0, Max:  0.0, Diff:  0.0, Sum:  0.1, Workers: 4
[1685.726s][debug][gc,phases      ] GC(125)     Dead                           Min: 0, Avg:  0.0, Max: 0, Diff: 0, Sum: 0, Workers: 4
[1685.726s][debug][gc,phases      ] GC(125)     Total                          Min: 0, Avg: 2276.2, Max: 3964, Diff: 3964, Sum: 9105, Workers: 4
[1685.726s][debug][gc,phases      ] GC(125)   JNI Weak                       Min:  0.0, Avg:  0.0, Max:  0.0, Diff:  0.0, Sum:  0.0, Workers: 4
[1685.726s][debug][gc,phases      ] GC(125)     Dead                           Min: 0, Avg:  0.0, Max: 0, Diff: 0, Sum: 0, Workers: 4
[1685.726s][debug][gc,phases      ] GC(125)     Total                          Min: 0, Avg: 11.2, Max: 45, Diff: 45, Sum: 45, Workers: 4
[1685.726s][debug][gc,phases      ] GC(125)   StringDedup Table Weak         Min:  0.0, Avg:  0.0, Max:  0.0, Diff:  0.0, Sum:  0.0, Workers: 4
[1685.726s][debug][gc,phases      ] GC(125)     Dead                           Min: 0, Avg:  0.0, Max: 0, Diff: 0, Sum: 0, Workers: 4
[1685.726s][debug][gc,phases      ] GC(125)     Total                          Min: 0, Avg:  0.0, Max: 0, Diff: 0, Sum: 0, Workers: 4
[1685.726s][debug][gc,phases      ] GC(125)   StringDedup Requests0 Weak     Min:  0.0, Avg:  0.0, Max:  0.0, Diff:  0.0, Sum:  0.0, Workers: 4
[1685.726s][debug][gc,phases      ] GC(125)     Dead                           Min: 0, Avg:  0.0, Max: 0, Diff: 0, Sum: 0, Workers: 4
[1685.726s][debug][gc,phases      ] GC(125)     Total                          Min: 0, Avg:  0.0, Max: 0, Diff: 0, Sum: 0, Workers: 4
[1685.726s][debug][gc,phases      ] GC(125)   StringDedup Requests1 Weak     Min:  0.0, Avg:  0.0, Max:  0.0, Diff:  0.0, Sum:  0.0, Workers: 4
[1685.726s][debug][gc,phases      ] GC(125)     Dead                           Min: 0, Avg:  0.0, Max: 0, Diff: 0, Sum: 0, Workers: 4
[1685.726s][debug][gc,phases      ] GC(125)     Total                          Min: 0, Avg:  0.0, Max: 0, Diff: 0, Sum: 0, Workers: 4
[1685.726s][debug][gc,phases      ] GC(125)   Weak JFR Old Object Samples    Min:  0.0, Avg:  0.0, Max:  0.0, Diff:  0.0, Sum:  0.0, Workers: 4
[1685.726s][debug][gc,phases      ] GC(125)     Dead                           Min: 0, Avg:  0.0, Max: 0, Diff: 0, Sum: 0, Workers: 4
[1685.726s][debug][gc,phases      ] GC(125)     Total                          Min: 0, Avg:  0.0, Max: 0, Diff: 0, Sum: 0, Workers: 4
[1685.726s][debug][gc,phases      ] GC(125) Weak Processing 0.353ms
[1685.726s][debug][gc,age         ] GC(125) Desired survivor size 524288 bytes, new threshold 15 (max threshold 15)
[1685.726s][info ][gc,heap        ] GC(125) PSYoungGen: 2096256K(2096640K)->224K(2096640K) Eden: 2096128K(2096128K)->0K(2096128K) From: 128K(512K)->224K(512K)
[1685.726s][info ][gc,heap        ] GC(125) ParOldGen: 235822K(324096K)->235822K(324096K)
[1685.726s][info ][gc,metaspace   ] GC(125) Metaspace: 80038K(80896K)->80038K(80896K) NonClass: 68330K(68800K)->68330K(68800K) Class: 11707K(12096K)->11707K(12096K)
[1685.726s][info ][gc             ] GC(125) Pause Young (Allocation Failure) 2277M->230M(2364M) 2.505ms
[1685.726s][info ][gc,cpu         ] GC(125) User=0.01s Sys=0.00s Real=0.00s
[1685.726s][info ][safepoint      ] Safepoint "ParallelGCFailedAllocation", Time since last: 10444834321 ns, Reaching safepoint: 4300 ns, Cleanup: 32900 ns, At safepoint: 2581311 ns, Total: 2618511 ns
[1690.726s][info ][safepoint      ] Safepoint "Cleanup", Time since last: 5000382124 ns, Reaching safepoint: 74200 ns, Cleanup: 51501 ns, At safepoint: 6000 ns, Total: 131701 ns
[1702.124s][info ][gc,start       ] GC(126) Pause Young (Allocation Failure)
[1702.126s][debug][gc,phases      ] GC(126) Scavenge 1.422ms
[1702.126s][debug][gc,ref         ] GC(126) Skipped phase 1 of Reference Processing: no references
[1702.126s][debug][gc,ref         ] GC(126) Skipped phase 2 of Reference Processing: no references
[1702.126s][debug][gc,ref         ] GC(126) Skipped phase 3 of Reference Processing: no references
[1702.126s][debug][gc,ref         ] GC(126) Skipped phase 4 of Reference Processing: no references
[1702.126s][debug][gc,phases      ] GC(126) Reference Processing 0.023ms
[1702.126s][debug][gc,phases      ] GC(126)   VM Weak                        Min:  0.0, Avg:  0.0, Max:  0.0, Diff:  0.0, Sum:  0.0, Workers: 4
[1702.126s][debug][gc,phases      ] GC(126)     Dead                           Min: 0, Avg:  0.0, Max: 0, Diff: 0, Sum: 0, Workers: 4
[1702.126s][debug][gc,phases      ] GC(126)     Total                          Min: 0, Avg: 172.8, Max: 691, Diff: 691, Sum: 691, Workers: 4
[1702.126s][debug][gc,phases      ] GC(126)   ObjectSynchronizer Weak        Min:  0.0, Avg:  0.0, Max:  0.0, Diff:  0.0, Sum:  0.0, Workers: 4
[1702.126s][debug][gc,phases      ] GC(126)     Dead                           Min: 0, Avg:  0.0, Max: 0, Diff: 0, Sum: 0, Workers: 4
[1702.126s][debug][gc,phases      ] GC(126)     Total                          Min: 0, Avg:  1.0, Max: 4, Diff: 4, Sum: 4, Workers: 4
[1702.126s][debug][gc,phases      ] GC(126)   JVMTI Tag Weak OopStorage      Min:  0.0, Avg:  0.0, Max:  0.0, Diff:  0.0, Sum:  0.0, Workers: 4
[1702.126s][debug][gc,phases      ] GC(126)     Dead                           Min: 0, Avg:  0.0, Max: 0, Diff: 0, Sum: 0, Workers: 4
[1702.126s][debug][gc,phases      ] GC(126)     Total                          Min: 0, Avg:  0.0, Max: 0, Diff: 0, Sum: 0, Workers: 4
[1702.126s][debug][gc,phases      ] GC(126)   StringTable Weak               Min:  0.1, Avg:  0.1, Max:  0.1, Diff:  0.0, Sum:  0.5, Workers: 4
[1702.126s][debug][gc,phases      ] GC(126)     Dead                           Min: 0, Avg:  0.0, Max: 0, Diff: 0, Sum: 0, Workers: 4
[1702.126s][debug][gc,phases      ] GC(126)     Total                          Min: 10240, Avg: 10691.0, Max: 10880, Diff: 640, Sum: 42764, Workers: 4
[1702.126s][debug][gc,phases      ] GC(126)   ResolvedMethodTable Weak       Min:  0.0, Avg:  0.0, Max:  0.0, Diff:  0.0, Sum:  0.1, Workers: 4
[1702.126s][debug][gc,phases      ] GC(126)     Dead                           Min: 0, Avg:  0.0, Max: 0, Diff: 0, Sum: 0, Workers: 4
[1702.126s][debug][gc,phases      ] GC(126)     Total                          Min: 1680, Avg: 2276.2, Max: 2780, Diff: 1100, Sum: 9105, Workers: 4
[1702.126s][debug][gc,phases      ] GC(126)   JNI Weak                       Min:  0.0, Avg:  0.0, Max:  0.0, Diff:  0.0, Sum:  0.0, Workers: 4
[1702.126s][debug][gc,phases      ] GC(126)     Dead                           Min: 0, Avg:  0.0, Max: 0, Diff: 0, Sum: 0, Workers: 4
[1702.126s][debug][gc,phases      ] GC(126)     Total                          Min: 0, Avg: 11.2, Max: 45, Diff: 45, Sum: 45, Workers: 4
[1702.126s][debug][gc,phases      ] GC(126)   StringDedup Table Weak         Min:  0.0, Avg:  0.0, Max:  0.0, Diff:  0.0, Sum:  0.0, Workers: 4
[1702.126s][debug][gc,phases      ] GC(126)     Dead                           Min: 0, Avg:  0.0, Max: 0, Diff: 0, Sum: 0, Workers: 4
[1702.126s][debug][gc,phases      ] GC(126)     Total                          Min: 0, Avg:  0.0, Max: 0, Diff: 0, Sum: 0, Workers: 4
[1702.126s][debug][gc,phases      ] GC(126)   StringDedup Requests0 Weak     Min:  0.0, Avg:  0.0, Max:  0.0, Diff:  0.0, Sum:  0.0, Workers: 4
[1702.126s][debug][gc,phases      ] GC(126)     Dead                           Min: 0, Avg:  0.0, Max: 0, Diff: 0, Sum: 0, Workers: 4
[1702.126s][debug][gc,phases      ] GC(126)     Total                          Min: 0, Avg:  0.0, Max: 0, Diff: 0, Sum: 0, Workers: 4
[1702.126s][debug][gc,phases      ] GC(126)   StringDedup Requests1 Weak     Min:  0.0, Avg:  0.0, Max:  0.0, Diff:  0.0, Sum:  0.0, Workers: 4
[1702.126s][debug][gc,phases      ] GC(126)     Dead                           Min: 0, Avg:  0.0, Max: 0, Diff: 0, Sum: 0, Workers: 4
[1702.126s][debug][gc,phases      ] GC(126)     Total                          Min: 0, Avg:  0.0, Max: 0, Diff: 0, Sum: 0, Workers: 4
[1702.126s][debug][gc,phases      ] GC(126)   Weak JFR Old Object Samples    Min:  0.0, Avg:  0.0, Max:  0.0, Diff:  0.0, Sum:  0.0, Workers: 4
[1702.126s][debug][gc,phases      ] GC(126)     Dead                           Min: 0, Avg:  0.0, Max: 0, Diff: 0, Sum: 0, Workers: 4
[1702.126s][debug][gc,phases      ] GC(126)     Total                          Min: 0, Avg:  0.0, Max: 0, Diff: 0, Sum: 0, Workers: 4
[1702.126s][debug][gc,phases      ] GC(126) Weak Processing 0.357ms
[1702.126s][debug][gc,age         ] GC(126) Desired survivor size 524288 bytes, new threshold 15 (max threshold 15)
[1702.126s][info ][gc,heap        ] GC(126) PSYoungGen: 2096352K(2096640K)->128K(2096640K) Eden: 2096128K(2096128K)->0K(2096128K) From: 224K(512K)->128K(512K)
[1702.126s][info ][gc,heap        ] GC(126) ParOldGen: 235822K(324096K)->235830K(324096K)
[1702.126s][info ][gc,metaspace   ] GC(126) Metaspace: 80038K(80896K)->80038K(80896K) NonClass: 68330K(68800K)->68330K(68800K) Class: 11707K(12096K)->11707K(12096K)
[1702.126s][info ][gc             ] GC(126) Pause Young (Allocation Failure) 2277M->230M(2364M) 1.937ms
[1702.126s][info ][gc,cpu         ] GC(126) User=0.01s Sys=0.00s Real=0.00s
[1702.126s][info ][safepoint      ] Safepoint "ParallelGCFailedAllocation", Time since last: 11397823214 ns, Reaching safepoint: 5300 ns, Cleanup: 51301 ns, At safepoint: 2004308 ns, Total: 2060909 ns
[1718.525s][info ][gc,start       ] GC(127) Pause Young (Allocation Failure)
[1718.527s][debug][gc,phases      ] GC(127) Scavenge 1.502ms
[1718.527s][debug][gc,ref         ] GC(127) Skipped phase 1 of Reference Processing: no references
[1718.527s][debug][gc,ref         ] GC(127) Skipped phase 2 of Reference Processing: no references
[1718.527s][debug][gc,ref         ] GC(127) Skipped phase 3 of Reference Processing: no references
[1718.527s][debug][gc,ref         ] GC(127) Skipped phase 4 of Reference Processing: no references
[1718.527s][debug][gc,phases      ] GC(127) Reference Processing 0.022ms
[1718.527s][debug][gc,phases      ] GC(127)   VM Weak                        Min:  0.0, Avg:  0.0, Max:  0.0, Diff:  0.0, Sum:  0.0, Workers: 4
[1718.527s][debug][gc,phases      ] GC(127)     Dead                           Min: 0, Avg:  0.0, Max: 0, Diff: 0, Sum: 0, Workers: 4
[1718.527s][debug][gc,phases      ] GC(127)     Total                          Min: 0, Avg: 172.8, Max: 384, Diff: 384, Sum: 691, Workers: 4
[1718.527s][debug][gc,phases      ] GC(127)   ObjectSynchronizer Weak        Min:  0.0, Avg:  0.0, Max:  0.0, Diff:  0.0, Sum:  0.0, Workers: 4
[1718.527s][debug][gc,phases      ] GC(127)     Dead                           Min: 0, Avg:  0.0, Max: 0, Diff: 0, Sum: 0, Workers: 4
[1718.527s][debug][gc,phases      ] GC(127)     Total                          Min: 0, Avg:  1.0, Max: 4, Diff: 4, Sum: 4, Workers: 4
[1718.527s][debug][gc,phases      ] GC(127)   JVMTI Tag Weak OopStorage      Min:  0.0, Avg:  0.0, Max:  0.0, Diff:  0.0, Sum:  0.0, Workers: 4
[1718.527s][debug][gc,phases      ] GC(127)     Dead                           Min: 0, Avg:  0.0, Max: 0, Diff: 0, Sum: 0, Workers: 4
[1718.527s][debug][gc,phases      ] GC(127)     Total                          Min: 0, Avg:  0.0, Max: 0, Diff: 0, Sum: 0, Workers: 4
[1718.527s][debug][gc,phases      ] GC(127)   StringTable Weak               Min:  0.1, Avg:  0.1, Max:  0.1, Diff:  0.0, Sum:  0.5, Workers: 4
[1718.527s][debug][gc,phases      ] GC(127)     Dead                           Min: 0, Avg:  0.0, Max: 0, Diff: 0, Sum: 0, Workers: 4
[1718.527s][debug][gc,phases      ] GC(127)     Total                          Min: 10368, Avg: 10691.0, Max: 11072, Diff: 704, Sum: 42764, Workers: 4
[1718.527s][debug][gc,phases      ] GC(127)   ResolvedMethodTable Weak       Min:  0.0, Avg:  0.0, Max:  0.0, Diff:  0.0, Sum:  0.1, Workers: 4
[1718.527s][debug][gc,phases      ] GC(127)     Dead                           Min: 0, Avg:  0.0, Max: 0, Diff: 0, Sum: 0, Workers: 4
[1718.527s][debug][gc,phases      ] GC(127)     Total                          Min: 1696, Avg: 2276.2, Max: 2517, Diff: 821, Sum: 9105, Workers: 4
[1718.527s][debug][gc,phases      ] GC(127)   JNI Weak                       Min:  0.0, Avg:  0.0, Max:  0.0, Diff:  0.0, Sum:  0.0, Workers: 4
[1718.527s][debug][gc,phases      ] GC(127)     Dead                           Min: 0, Avg:  0.0, Max: 0, Diff: 0, Sum: 0, Workers: 4
[1718.527s][debug][gc,phases      ] GC(127)     Total                          Min: 0, Avg: 11.2, Max: 45, Diff: 45, Sum: 45, Workers: 4
[1718.527s][debug][gc,phases      ] GC(127)   StringDedup Table Weak         Min:  0.0, Avg:  0.0, Max:  0.0, Diff:  0.0, Sum:  0.0, Workers: 4
[1718.527s][debug][gc,phases      ] GC(127)     Dead                           Min: 0, Avg:  0.0, Max: 0, Diff: 0, Sum: 0, Workers: 4
[1718.527s][debug][gc,phases      ] GC(127)     Total                          Min: 0, Avg:  0.0, Max: 0, Diff: 0, Sum: 0, Workers: 4
[1718.527s][debug][gc,phases      ] GC(127)   StringDedup Requests0 Weak     Min:  0.0, Avg:  0.0, Max:  0.0, Diff:  0.0, Sum:  0.0, Workers: 4
[1718.527s][debug][gc,phases      ] GC(127)     Dead                           Min: 0, Avg:  0.0, Max: 0, Diff: 0, Sum: 0, Workers: 4
[1718.527s][debug][gc,phases      ] GC(127)     Total                          Min: 0, Avg:  0.0, Max: 0, Diff: 0, Sum: 0, Workers: 4
[1718.527s][debug][gc,phases      ] GC(127)   StringDedup Requests1 Weak     Min:  0.0, Avg:  0.0, Max:  0.0, Diff:  0.0, Sum:  0.0, Workers: 4
[1718.527s][debug][gc,phases      ] GC(127)     Dead                           Min: 0, Avg:  0.0, Max: 0, Diff: 0, Sum: 0, Workers: 4
[1718.527s][debug][gc,phases      ] GC(127)     Total                          Min: 0, Avg:  0.0, Max: 0, Diff: 0, Sum: 0, Workers: 4
[1718.527s][debug][gc,phases      ] GC(127)   Weak JFR Old Object Samples    Min:  0.0, Avg:  0.0, Max:  0.0, Diff:  0.0, Sum:  0.0, Workers: 4
[1718.527s][debug][gc,phases      ] GC(127)     Dead                           Min: 0, Avg:  0.0, Max: 0, Diff: 0, Sum: 0, Workers: 4
[1718.527s][debug][gc,phases      ] GC(127)     Total                          Min: 0, Avg:  0.0, Max: 0, Diff: 0, Sum: 0, Workers: 4
[1718.527s][debug][gc,phases      ] GC(127) Weak Processing 0.327ms
[1718.527s][debug][gc,age         ] GC(127) Desired survivor size 524288 bytes, new threshold 15 (max threshold 15)
[1718.527s][info ][gc,heap        ] GC(127) PSYoungGen: 2096256K(2096640K)->192K(2096640K) Eden: 2096128K(2096128K)->0K(2096128K) From: 128K(512K)->192K(512K)
[1718.527s][info ][gc,heap        ] GC(127) ParOldGen: 235830K(324096K)->235838K(324096K)
[1718.527s][info ][gc,metaspace   ] GC(127) Metaspace: 80038K(80896K)->80038K(80896K) NonClass: 68330K(68800K)->68330K(68800K) Class: 11707K(12096K)->11707K(12096K)
[1718.527s][info ][gc             ] GC(127) Pause Young (Allocation Failure) 2277M->230M(2364M) 1.970ms
[1718.527s][info ][gc,cpu         ] GC(127) User=0.01s Sys=0.00s Real=0.00s
[1718.527s][info ][safepoint      ] Safepoint "ParallelGCFailedAllocation", Time since last: 16399007764 ns, Reaching safepoint: 5000 ns, Cleanup: 27100 ns, At safepoint: 2070308 ns, Total: 2102408 ns
[1734.973s][info ][gc,start       ] GC(128) Pause Young (Allocation Failure)
[1734.976s][debug][gc,phases      ] GC(128) Scavenge 2.200ms
[1734.976s][debug][gc,ref         ] GC(128) Skipped phase 1 of Reference Processing: no references
[1734.976s][debug][gc,ref         ] GC(128) Skipped phase 2 of Reference Processing: no references
[1734.976s][debug][gc,ref         ] GC(128) Skipped phase 3 of Reference Processing: no references
[1734.976s][debug][gc,ref         ] GC(128) Skipped phase 4 of Reference Processing: no references
[1734.976s][debug][gc,phases      ] GC(128) Reference Processing 0.020ms
[1734.976s][debug][gc,phases      ] GC(128)   VM Weak                        Min:  0.0, Avg:  0.0, Max:  0.0, Diff:  0.0, Sum:  0.0, Workers: 4
[1734.976s][debug][gc,phases      ] GC(128)     Dead                           Min: 0, Avg:  0.0, Max: 0, Diff: 0, Sum: 0, Workers: 4
[1734.976s][debug][gc,phases      ] GC(128)     Total                          Min: 0, Avg: 172.8, Max: 512, Diff: 512, Sum: 691, Workers: 4
[1734.976s][debug][gc,phases      ] GC(128)   ObjectSynchronizer Weak        Min:  0.0, Avg:  0.0, Max:  0.0, Diff:  0.0, Sum:  0.0, Workers: 4
[1734.976s][debug][gc,phases      ] GC(128)     Dead                           Min: 0, Avg:  0.0, Max: 0, Diff: 0, Sum: 0, Workers: 4
[1734.976s][debug][gc,phases      ] GC(128)     Total                          Min: 0, Avg:  1.0, Max: 4, Diff: 4, Sum: 4, Workers: 4
[1734.976s][debug][gc,phases      ] GC(128)   JVMTI Tag Weak OopStorage      Min:  0.0, Avg:  0.0, Max:  0.0, Diff:  0.0, Sum:  0.0, Workers: 4
[1734.976s][debug][gc,phases      ] GC(128)     Dead                           Min: 0, Avg:  0.0, Max: 0, Diff: 0, Sum: 0, Workers: 4
[1734.976s][debug][gc,phases      ] GC(128)     Total                          Min: 0, Avg:  0.0, Max: 0, Diff: 0, Sum: 0, Workers: 4
[1734.976s][debug][gc,phases      ] GC(128)   StringTable Weak               Min:  0.0, Avg:  0.1, Max:  0.1, Diff:  0.1, Sum:  0.4, Workers: 4
[1734.976s][debug][gc,phases      ] GC(128)     Dead                           Min: 0, Avg:  0.0, Max: 0, Diff: 0, Sum: 0, Workers: 4
[1734.976s][debug][gc,phases      ] GC(128)     Total                          Min: 0, Avg: 10693.8, Max: 17856, Diff: 17856, Sum: 42775, Workers: 4
[1734.976s][debug][gc,phases      ] GC(128)   ResolvedMethodTable Weak       Min:  0.0, Avg:  0.0, Max:  0.0, Diff:  0.0, Sum:  0.1, Workers: 4
[1734.976s][debug][gc,phases      ] GC(128)     Dead                           Min: 0, Avg:  0.0, Max: 0, Diff: 0, Sum: 0, Workers: 4
[1734.976s][debug][gc,phases      ] GC(128)     Total                          Min: 0, Avg: 2276.2, Max: 4275, Diff: 4275, Sum: 9105, Workers: 4
[1734.976s][debug][gc,phases      ] GC(128)   JNI Weak                       Min:  0.0, Avg:  0.0, Max:  0.0, Diff:  0.0, Sum:  0.0, Workers: 4
[1734.976s][debug][gc,phases      ] GC(128)     Dead                           Min: 0, Avg:  0.0, Max: 0, Diff: 0, Sum: 0, Workers: 4
[1734.976s][debug][gc,phases      ] GC(128)     Total                          Min: 0, Avg: 11.2, Max: 45, Diff: 45, Sum: 45, Workers: 4
[1734.976s][debug][gc,phases      ] GC(128)   StringDedup Table Weak         Min:  0.0, Avg:  0.0, Max:  0.0, Diff:  0.0, Sum:  0.0, Workers: 4
[1734.976s][debug][gc,phases      ] GC(128)     Dead                           Min: 0, Avg:  0.0, Max: 0, Diff: 0, Sum: 0, Workers: 4
[1734.976s][debug][gc,phases      ] GC(128)     Total                          Min: 0, Avg:  0.0, Max: 0, Diff: 0, Sum: 0, Workers: 4
[1734.976s][debug][gc,phases      ] GC(128)   StringDedup Requests0 Weak     Min:  0.0, Avg:  0.0, Max:  0.0, Diff:  0.0, Sum:  0.0, Workers: 4
[1734.976s][debug][gc,phases      ] GC(128)     Dead                           Min: 0, Avg:  0.0, Max: 0, Diff: 0, Sum: 0, Workers: 4
[1734.976s][debug][gc,phases      ] GC(128)     Total                          Min: 0, Avg:  0.0, Max: 0, Diff: 0, Sum: 0, Workers: 4
[1734.976s][debug][gc,phases      ] GC(128)   StringDedup Requests1 Weak     Min:  0.0, Avg:  0.0, Max:  0.0, Diff:  0.0, Sum:  0.0, Workers: 4
[1734.976s][debug][gc,phases      ] GC(128)     Dead                           Min: 0, Avg:  0.0, Max: 0, Diff: 0, Sum: 0, Workers: 4
[1734.976s][debug][gc,phases      ] GC(128)     Total                          Min: 0, Avg:  0.0, Max: 0, Diff: 0, Sum: 0, Workers: 4
[1734.976s][debug][gc,phases      ] GC(128)   Weak JFR Old Object Samples    Min:  0.0, Avg:  0.0, Max:  0.0, Diff:  0.0, Sum:  0.0, Workers: 4
[1734.976s][debug][gc,phases      ] GC(128)     Dead                           Min: 0, Avg:  0.0, Max: 0, Diff: 0, Sum: 0, Workers: 4
[1734.976s][debug][gc,phases      ] GC(128)     Total                          Min: 0, Avg:  0.0, Max: 0, Diff: 0, Sum: 0, Workers: 4
[1734.976s][debug][gc,phases      ] GC(128) Weak Processing 0.366ms
[1734.976s][debug][gc,age         ] GC(128) Desired survivor size 524288 bytes, new threshold 15 (max threshold 15)
[1734.976s][info ][gc,heap        ] GC(128) PSYoungGen: 2096320K(2096640K)->160K(2096640K) Eden: 2096128K(2096128K)->0K(2096128K) From: 192K(512K)->160K(512K)
[1734.976s][info ][gc,heap        ] GC(128) ParOldGen: 235838K(324096K)->235838K(324096K)
[1734.976s][info ][gc,metaspace   ] GC(128) Metaspace: 80038K(80896K)->80038K(80896K) NonClass: 68330K(68800K)->68330K(68800K) Class: 11707K(12096K)->11707K(12096K)
[1734.976s][info ][gc             ] GC(128) Pause Young (Allocation Failure) 2277M->230M(2364M) 2.670ms
[1734.976s][info ][gc,cpu         ] GC(128) User=0.01s Sys=0.00s Real=0.00s
[1734.976s][info ][safepoint      ] Safepoint "ParallelGCFailedAllocation", Time since last: 16446215038 ns, Reaching safepoint: 4201 ns, Cleanup: 52300 ns, At safepoint: 2753611 ns, Total: 2810112 ns
[1751.374s][info ][gc,start       ] GC(129) Pause Young (Allocation Failure)
[1751.376s][debug][gc,phases      ] GC(129) Scavenge 2.177ms
[1751.376s][debug][gc,ref         ] GC(129) Skipped phase 1 of Reference Processing: no references
[1751.376s][debug][gc,ref         ] GC(129) Skipped phase 2 of Reference Processing: no references
[1751.376s][debug][gc,ref         ] GC(129) Skipped phase 3 of Reference Processing: no references
[1751.376s][debug][gc,ref         ] GC(129) Skipped phase 4 of Reference Processing: no references
[1751.376s][debug][gc,phases      ] GC(129) Reference Processing 0.019ms
[1751.377s][debug][gc,phases      ] GC(129)   VM Weak                        Min:  0.0, Avg:  0.0, Max:  0.0, Diff:  0.0, Sum:  0.0, Workers: 4
[1751.377s][debug][gc,phases      ] GC(129)     Dead                           Min: 0, Avg:  0.0, Max: 0, Diff: 0, Sum: 0, Workers: 4
[1751.377s][debug][gc,phases      ] GC(129)     Total                          Min: 0, Avg: 172.8, Max: 499, Diff: 499, Sum: 691, Workers: 4
[1751.377s][debug][gc,phases      ] GC(129)   ObjectSynchronizer Weak        Min:  0.0, Avg:  0.0, Max:  0.0, Diff:  0.0, Sum:  0.0, Workers: 4
[1751.377s][debug][gc,phases      ] GC(129)     Dead                           Min: 0, Avg:  0.0, Max: 0, Diff: 0, Sum: 0, Workers: 4
[1751.377s][debug][gc,phases      ] GC(129)     Total                          Min: 0, Avg:  1.0, Max: 4, Diff: 4, Sum: 4, Workers: 4
[1751.377s][debug][gc,phases      ] GC(129)   JVMTI Tag Weak OopStorage      Min:  0.0, Avg:  0.0, Max:  0.0, Diff:  0.0, Sum:  0.0, Workers: 4
[1751.377s][debug][gc,phases      ] GC(129)     Dead                           Min: 0, Avg:  0.0, Max: 0, Diff: 0, Sum: 0, Workers: 4
[1751.377s][debug][gc,phases      ] GC(129)     Total                          Min: 0, Avg:  0.0, Max: 0, Diff: 0, Sum: 0, Workers: 4
[1751.377s][debug][gc,phases      ] GC(129)   StringTable Weak               Min:  0.0, Avg:  0.1, Max:  0.1, Diff:  0.1, Sum:  0.4, Workers: 4
[1751.377s][debug][gc,phases      ] GC(129)     Dead                           Min: 0, Avg:  0.0, Max: 0, Diff: 0, Sum: 0, Workers: 4
[1751.377s][debug][gc,phases      ] GC(129)     Total                          Min: 0, Avg: 10693.8, Max: 19072, Diff: 19072, Sum: 42775, Workers: 4
[1751.377s][debug][gc,phases      ] GC(129)   ResolvedMethodTable Weak       Min:  0.0, Avg:  0.0, Max:  0.0, Diff:  0.0, Sum:  0.1, Workers: 4
[1751.377s][debug][gc,phases      ] GC(129)     Dead                           Min: 0, Avg:  0.0, Max: 0, Diff: 0, Sum: 0, Workers: 4
[1751.377s][debug][gc,phases      ] GC(129)     Total                          Min: 0, Avg: 2276.2, Max: 4205, Diff: 4205, Sum: 9105, Workers: 4
[1751.377s][debug][gc,phases      ] GC(129)   JNI Weak                       Min:  0.0, Avg:  0.0, Max:  0.0, Diff:  0.0, Sum:  0.0, Workers: 4
[1751.377s][debug][gc,phases      ] GC(129)     Dead                           Min: 0, Avg:  0.0, Max: 0, Diff: 0, Sum: 0, Workers: 4
[1751.377s][debug][gc,phases      ] GC(129)     Total                          Min: 0, Avg: 11.2, Max: 45, Diff: 45, Sum: 45, Workers: 4
[1751.377s][debug][gc,phases      ] GC(129)   StringDedup Table Weak         Min:  0.0, Avg:  0.0, Max:  0.0, Diff:  0.0, Sum:  0.0, Workers: 4
[1751.377s][debug][gc,phases      ] GC(129)     Dead                           Min: 0, Avg:  0.0, Max: 0, Diff: 0, Sum: 0, Workers: 4
[1751.377s][debug][gc,phases      ] GC(129)     Total                          Min: 0, Avg:  0.0, Max: 0, Diff: 0, Sum: 0, Workers: 4
[1751.377s][debug][gc,phases      ] GC(129)   StringDedup Requests0 Weak     Min:  0.0, Avg:  0.0, Max:  0.0, Diff:  0.0, Sum:  0.0, Workers: 4
[1751.377s][debug][gc,phases      ] GC(129)     Dead                           Min: 0, Avg:  0.0, Max: 0, Diff: 0, Sum: 0, Workers: 4
[1751.377s][debug][gc,phases      ] GC(129)     Total                          Min: 0, Avg:  0.0, Max: 0, Diff: 0, Sum: 0, Workers: 4
[1751.377s][debug][gc,phases      ] GC(129)   StringDedup Requests1 Weak     Min:  0.0, Avg:  0.0, Max:  0.0, Diff:  0.0, Sum:  0.0, Workers: 4
[1751.377s][debug][gc,phases      ] GC(129)     Dead                           Min: 0, Avg:  0.0, Max: 0, Diff: 0, Sum: 0, Workers: 4
[1751.377s][debug][gc,phases      ] GC(129)     Total                          Min: 0, Avg:  0.0, Max: 0, Diff: 0, Sum: 0, Workers: 4
[1751.377s][debug][gc,phases      ] GC(129)   Weak JFR Old Object Samples    Min:  0.0, Avg:  0.0, Max:  0.0, Diff:  0.0, Sum:  0.0, Workers: 4
[1751.377s][debug][gc,phases      ] GC(129)     Dead                           Min: 0, Avg:  0.0, Max: 0, Diff: 0, Sum: 0, Workers: 4
[1751.377s][debug][gc,phases      ] GC(129)     Total                          Min: 0, Avg:  0.0, Max: 0, Diff: 0, Sum: 0, Workers: 4
[1751.377s][debug][gc,phases      ] GC(129) Weak Processing 0.350ms
[1751.377s][debug][gc,age         ] GC(129) Desired survivor size 524288 bytes, new threshold 15 (max threshold 15)
[1751.377s][info ][gc,heap        ] GC(129) PSYoungGen: 2096288K(2096640K)->256K(2096640K) Eden: 2096128K(2096128K)->0K(2096128K) From: 160K(512K)->256K(512K)
[1751.377s][info ][gc,heap        ] GC(129) ParOldGen: 235838K(324096K)->235854K(324096K)
[1751.377s][info ][gc,metaspace   ] GC(129) Metaspace: 80038K(80896K)->80038K(80896K) NonClass: 68330K(68800K)->68330K(68800K) Class: 11707K(12096K)->11707K(12096K)
[1751.377s][info ][gc             ] GC(129) Pause Young (Allocation Failure) 2277M->230M(2364M) 2.654ms
[1751.377s][info ][gc,cpu         ] GC(129) User=0.00s Sys=0.00s Real=0.00s
[1751.377s][info ][safepoint      ] Safepoint "ParallelGCFailedAllocation", Time since last: 16397899668 ns, Reaching safepoint: 3900 ns, Cleanup: 44000 ns, At safepoint: 2715411 ns, Total: 2763311 ns
[1767.775s][info ][gc,start       ] GC(130) Pause Young (Allocation Failure)
[1767.777s][debug][gc,phases      ] GC(130) Scavenge 2.243ms
[1767.777s][debug][gc,ref         ] GC(130) Skipped phase 1 of Reference Processing: no references
[1767.777s][debug][gc,ref         ] GC(130) Skipped phase 2 of Reference Processing: no references
[1767.777s][debug][gc,ref         ] GC(130) Skipped phase 3 of Reference Processing: no references
[1767.777s][debug][gc,ref         ] GC(130) Skipped phase 4 of Reference Processing: no references
[1767.777s][debug][gc,phases      ] GC(130) Reference Processing 0.020ms
[1767.777s][debug][gc,phases      ] GC(130)   VM Weak                        Min:  0.0, Avg:  0.0, Max:  0.0, Diff:  0.0, Sum:  0.0, Workers: 4
[1767.777s][debug][gc,phases      ] GC(130)     Dead                           Min: 0, Avg:  0.0, Max: 0, Diff: 0, Sum: 0, Workers: 4
[1767.777s][debug][gc,phases      ] GC(130)     Total                          Min: 0, Avg: 172.8, Max: 371, Diff: 371, Sum: 691, Workers: 4
[1767.777s][debug][gc,phases      ] GC(130)   ObjectSynchronizer Weak        Min:  0.0, Avg:  0.0, Max:  0.0, Diff:  0.0, Sum:  0.0, Workers: 4
[1767.777s][debug][gc,phases      ] GC(130)     Dead                           Min: 0, Avg:  0.0, Max: 0, Diff: 0, Sum: 0, Workers: 4
[1767.777s][debug][gc,phases      ] GC(130)     Total                          Min: 0, Avg:  1.0, Max: 4, Diff: 4, Sum: 4, Workers: 4
[1767.777s][debug][gc,phases      ] GC(130)   JVMTI Tag Weak OopStorage      Min:  0.0, Avg:  0.0, Max:  0.0, Diff:  0.0, Sum:  0.0, Workers: 4
[1767.777s][debug][gc,phases      ] GC(130)     Dead                           Min: 0, Avg:  0.0, Max: 0, Diff: 0, Sum: 0, Workers: 4
[1767.777s][debug][gc,phases      ] GC(130)     Total                          Min: 0, Avg:  0.0, Max: 0, Diff: 0, Sum: 0, Workers: 4
[1767.778s][debug][gc,phases      ] GC(130)   StringTable Weak               Min:  0.1, Avg:  0.1, Max:  0.2, Diff:  0.0, Sum:  0.5, Workers: 4
[1767.778s][debug][gc,phases      ] GC(130)     Dead                           Min: 0, Avg:  0.0, Max: 0, Diff: 0, Sum: 0, Workers: 4
[1767.778s][debug][gc,phases      ] GC(130)     Total                          Min: 8960, Avg: 10693.8, Max: 11648, Diff: 2688, Sum: 42775, Workers: 4
[1767.778s][debug][gc,phases      ] GC(130)   ResolvedMethodTable Weak       Min:  0.0, Avg:  0.0, Max:  0.0, Diff:  0.0, Sum:  0.1, Workers: 4
[1767.778s][debug][gc,phases      ] GC(130)     Dead                           Min: 0, Avg:  0.0, Max: 0, Diff: 0, Sum: 0, Workers: 4
[1767.778s][debug][gc,phases      ] GC(130)     Total                          Min: 0, Avg: 2276.2, Max: 3231, Diff: 3231, Sum: 9105, Workers: 4
[1767.778s][debug][gc,phases      ] GC(130)   JNI Weak                       Min:  0.0, Avg:  0.0, Max:  0.0, Diff:  0.0, Sum:  0.0, Workers: 4
[1767.778s][debug][gc,phases      ] GC(130)     Dead                           Min: 0, Avg:  0.0, Max: 0, Diff: 0, Sum: 0, Workers: 4
[1767.778s][debug][gc,phases      ] GC(130)     Total                          Min: 0, Avg: 11.2, Max: 45, Diff: 45, Sum: 45, Workers: 4
[1767.778s][debug][gc,phases      ] GC(130)   StringDedup Table Weak         Min:  0.0, Avg:  0.0, Max:  0.0, Diff:  0.0, Sum:  0.0, Workers: 4
[1767.778s][debug][gc,phases      ] GC(130)     Dead                           Min: 0, Avg:  0.0, Max: 0, Diff: 0, Sum: 0, Workers: 4
[1767.778s][debug][gc,phases      ] GC(130)     Total                          Min: 0, Avg:  0.0, Max: 0, Diff: 0, Sum: 0, Workers: 4
[1767.778s][debug][gc,phases      ] GC(130)   StringDedup Requests0 Weak     Min:  0.0, Avg:  0.0, Max:  0.0, Diff:  0.0, Sum:  0.0, Workers: 4
[1767.778s][debug][gc,phases      ] GC(130)     Dead                           Min: 0, Avg:  0.0, Max: 0, Diff: 0, Sum: 0, Workers: 4
[1767.778s][debug][gc,phases      ] GC(130)     Total                          Min: 0, Avg:  0.0, Max: 0, Diff: 0, Sum: 0, Workers: 4
[1767.778s][debug][gc,phases      ] GC(130)   StringDedup Requests1 Weak     Min:  0.0, Avg:  0.0, Max:  0.0, Diff:  0.0, Sum:  0.0, Workers: 4
[1767.778s][debug][gc,phases      ] GC(130)     Dead                           Min: 0, Avg:  0.0, Max: 0, Diff: 0, Sum: 0, Workers: 4
[1767.778s][debug][gc,phases      ] GC(130)     Total                          Min: 0, Avg:  0.0, Max: 0, Diff: 0, Sum: 0, Workers: 4
[1767.778s][debug][gc,phases      ] GC(130)   Weak JFR Old Object Samples    Min:  0.0, Avg:  0.0, Max:  0.0, Diff:  0.0, Sum:  0.0, Workers: 4
[1767.778s][debug][gc,phases      ] GC(130)     Dead                           Min: 0, Avg:  0.0, Max: 0, Diff: 0, Sum: 0, Workers: 4
[1767.778s][debug][gc,phases      ] GC(130)     Total                          Min: 0, Avg:  0.0, Max: 0, Diff: 0, Sum: 0, Workers: 4
[1767.778s][debug][gc,phases      ] GC(130) Weak Processing 0.339ms
[1767.778s][debug][gc,age         ] GC(130) Desired survivor size 524288 bytes, new threshold 15 (max threshold 15)
[1767.778s][info ][gc,heap        ] GC(130) PSYoungGen: 2096384K(2096640K)->192K(2096640K) Eden: 2096128K(2096128K)->0K(2096128K) From: 256K(512K)->192K(512K)
[1767.778s][info ][gc,heap        ] GC(130) ParOldGen: 235854K(324096K)->235870K(324096K)
[1767.778s][info ][gc,metaspace   ] GC(130) Metaspace: 80038K(80896K)->80038K(80896K) NonClass: 68330K(68800K)->68330K(68800K) Class: 11707K(12096K)->11707K(12096K)
[1767.778s][info ][gc             ] GC(130) Pause Young (Allocation Failure) 2277M->230M(2364M) 2.684ms
[1767.778s][info ][gc,cpu         ] GC(130) User=0.00s Sys=0.00s Real=0.00s
[1767.778s][info ][safepoint      ] Safepoint "ParallelGCFailedAllocation", Time since last: 16397966960 ns, Reaching safepoint: 6000 ns, Cleanup: 48100 ns, At safepoint: 2774012 ns, Total: 2828112 ns
[1784.223s][info ][gc,start       ] GC(131) Pause Young (Allocation Failure)
[1784.225s][debug][gc,phases      ] GC(131) Scavenge 1.528ms
[1784.225s][debug][gc,ref         ] GC(131) Skipped phase 1 of Reference Processing: no references
[1784.225s][debug][gc,ref         ] GC(131) Skipped phase 2 of Reference Processing: no references
[1784.225s][debug][gc,ref         ] GC(131) Skipped phase 3 of Reference Processing: no references
[1784.225s][debug][gc,ref         ] GC(131) Skipped phase 4 of Reference Processing: no references
[1784.225s][debug][gc,phases      ] GC(131) Reference Processing 0.020ms
[1784.225s][debug][gc,phases      ] GC(131)   VM Weak                        Min:  0.0, Avg:  0.0, Max:  0.0, Diff:  0.0, Sum:  0.0, Workers: 4
[1784.225s][debug][gc,phases      ] GC(131)     Dead                           Min: 0, Avg:  0.0, Max: 0, Diff: 0, Sum: 0, Workers: 4
[1784.225s][debug][gc,phases      ] GC(131)     Total                          Min: 0, Avg: 172.8, Max: 691, Diff: 691, Sum: 691, Workers: 4
[1784.225s][debug][gc,phases      ] GC(131)   ObjectSynchronizer Weak        Min:  0.0, Avg:  0.0, Max:  0.0, Diff:  0.0, Sum:  0.0, Workers: 4
[1784.225s][debug][gc,phases      ] GC(131)     Dead                           Min: 0, Avg:  0.0, Max: 0, Diff: 0, Sum: 0, Workers: 4
[1784.225s][debug][gc,phases      ] GC(131)     Total                          Min: 0, Avg:  1.0, Max: 4, Diff: 4, Sum: 4, Workers: 4
[1784.225s][debug][gc,phases      ] GC(131)   JVMTI Tag Weak OopStorage      Min:  0.0, Avg:  0.0, Max:  0.0, Diff:  0.0, Sum:  0.0, Workers: 4
[1784.225s][debug][gc,phases      ] GC(131)     Dead                           Min: 0, Avg:  0.0, Max: 0, Diff: 0, Sum: 0, Workers: 4
[1784.225s][debug][gc,phases      ] GC(131)     Total                          Min: 0, Avg:  0.0, Max: 0, Diff: 0, Sum: 0, Workers: 4
[1784.225s][debug][gc,phases      ] GC(131)   StringTable Weak               Min:  0.0, Avg:  0.1, Max:  0.1, Diff:  0.1, Sum:  0.4, Workers: 4
[1784.225s][debug][gc,phases      ] GC(131)     Dead                           Min: 0, Avg:  0.0, Max: 0, Diff: 0, Sum: 0, Workers: 4
[1784.225s][debug][gc,phases      ] GC(131)     Total                          Min: 0, Avg: 10693.8, Max: 18967, Diff: 18967, Sum: 42775, Workers: 4
[1784.225s][debug][gc,phases      ] GC(131)   ResolvedMethodTable Weak       Min:  0.0, Avg:  0.0, Max:  0.0, Diff:  0.0, Sum:  0.1, Workers: 4
[1784.225s][debug][gc,phases      ] GC(131)     Dead                           Min: 0, Avg:  0.0, Max: 0, Diff: 0, Sum: 0, Workers: 4
[1784.225s][debug][gc,phases      ] GC(131)     Total                          Min: 0, Avg: 2276.2, Max: 4013, Diff: 4013, Sum: 9105, Workers: 4
[1784.225s][debug][gc,phases      ] GC(131)   JNI Weak                       Min:  0.0, Avg:  0.0, Max:  0.0, Diff:  0.0, Sum:  0.0, Workers: 4
[1784.225s][debug][gc,phases      ] GC(131)     Dead                           Min: 0, Avg:  0.0, Max: 0, Diff: 0, Sum: 0, Workers: 4
[1784.225s][debug][gc,phases      ] GC(131)     Total                          Min: 0, Avg: 11.2, Max: 45, Diff: 45, Sum: 45, Workers: 4
[1784.225s][debug][gc,phases      ] GC(131)   StringDedup Table Weak         Min:  0.0, Avg:  0.0, Max:  0.0, Diff:  0.0, Sum:  0.0, Workers: 4
[1784.225s][debug][gc,phases      ] GC(131)     Dead                           Min: 0, Avg:  0.0, Max: 0, Diff: 0, Sum: 0, Workers: 4
[1784.225s][debug][gc,phases      ] GC(131)     Total                          Min: 0, Avg:  0.0, Max: 0, Diff: 0, Sum: 0, Workers: 4
[1784.225s][debug][gc,phases      ] GC(131)   StringDedup Requests0 Weak     Min:  0.0, Avg:  0.0, Max:  0.0, Diff:  0.0, Sum:  0.0, Workers: 4
[1784.225s][debug][gc,phases      ] GC(131)     Dead                           Min: 0, Avg:  0.0, Max: 0, Diff: 0, Sum: 0, Workers: 4
[1784.225s][debug][gc,phases      ] GC(131)     Total                          Min: 0, Avg:  0.0, Max: 0, Diff: 0, Sum: 0, Workers: 4
[1784.225s][debug][gc,phases      ] GC(131)   StringDedup Requests1 Weak     Min:  0.0, Avg:  0.0, Max:  0.0, Diff:  0.0, Sum:  0.0, Workers: 4
[1784.225s][debug][gc,phases      ] GC(131)     Dead                           Min: 0, Avg:  0.0, Max: 0, Diff: 0, Sum: 0, Workers: 4
[1784.225s][debug][gc,phases      ] GC(131)     Total                          Min: 0, Avg:  0.0, Max: 0, Diff: 0, Sum: 0, Workers: 4
[1784.225s][debug][gc,phases      ] GC(131)   Weak JFR Old Object Samples    Min:  0.0, Avg:  0.0, Max:  0.0, Diff:  0.0, Sum:  0.0, Workers: 4
[1784.225s][debug][gc,phases      ] GC(131)     Dead                           Min: 0, Avg:  0.0, Max: 0, Diff: 0, Sum: 0, Workers: 4
[1784.225s][debug][gc,phases      ] GC(131)     Total                          Min: 0, Avg:  0.0, Max: 0, Diff: 0, Sum: 0, Workers: 4
[1784.225s][debug][gc,phases      ] GC(131) Weak Processing 0.363ms
[1784.225s][debug][gc,age         ] GC(131) Desired survivor size 524288 bytes, new threshold 15 (max threshold 15)
[1784.225s][info ][gc,heap        ] GC(131) PSYoungGen: 2096320K(2096640K)->224K(2096640K) Eden: 2096128K(2096128K)->0K(2096128K) From: 192K(512K)->224K(512K)
[1784.225s][info ][gc,heap        ] GC(131) ParOldGen: 235870K(324096K)->235870K(324096K)
[1784.225s][info ][gc,metaspace   ] GC(131) Metaspace: 80038K(80896K)->80038K(80896K) NonClass: 68330K(68800K)->68330K(68800K) Class: 11707K(12096K)->11707K(12096K)
[1784.225s][info ][gc             ] GC(131) Pause Young (Allocation Failure) 2277M->230M(2364M) 2.026ms
[1784.225s][info ][gc,cpu         ] GC(131) User=0.01s Sys=0.00s Real=0.00s
[1784.225s][info ][safepoint      ] Safepoint "ParallelGCFailedAllocation", Time since last: 16445591359 ns, Reaching safepoint: 4700 ns, Cleanup: 24300 ns, At safepoint: 2102608 ns, Total: 2131608 ns
[1800.227s][info ][safepoint      ] Safepoint "Cleanup", Time since last: 16001161891 ns, Reaching safepoint: 73700 ns, Cleanup: 68801 ns, At safepoint: 9900 ns, Total: 152401 ns
[1800.252s][info ][gc,start       ] GC(132) Pause Young (Allocation Failure)
[1800.254s][debug][gc,phases      ] GC(132) Scavenge 2.177ms
[1800.255s][debug][gc,ref         ] GC(132) Skipped phase 1 of Reference Processing: no references
[1800.255s][debug][gc,ref         ] GC(132) ReferenceProcessor::execute queues: 1, RefProcThreadModel::Single, marks_oops_alive: false
[1800.255s][debug][gc,ref         ] GC(132) Skipped phase 3 of Reference Processing: no references
[1800.255s][debug][gc,ref         ] GC(132) ReferenceProcessor::execute queues: 1, RefProcThreadModel::Single, marks_oops_alive: false
[1800.255s][debug][gc,phases      ] GC(132) Reference Processing 0.111ms
[1800.255s][debug][gc,phases      ] GC(132)   VM Weak                        Min:  0.0, Avg:  0.0, Max:  0.0, Diff:  0.0, Sum:  0.0, Workers: 4
[1800.255s][debug][gc,phases      ] GC(132)     Dead                           Min: 0, Avg:  0.0, Max: 0, Diff: 0, Sum: 0, Workers: 4
[1800.255s][debug][gc,phases      ] GC(132)     Total                          Min: 0, Avg: 172.8, Max: 371, Diff: 371, Sum: 691, Workers: 4
[1800.255s][debug][gc,phases      ] GC(132)   ObjectSynchronizer Weak        Min:  0.0, Avg:  0.0, Max:  0.0, Diff:  0.0, Sum:  0.0, Workers: 4
[1800.255s][debug][gc,phases      ] GC(132)     Dead                           Min: 0, Avg:  0.0, Max: 0, Diff: 0, Sum: 0, Workers: 4
[1800.255s][debug][gc,phases      ] GC(132)     Total                          Min: 0, Avg:  1.0, Max: 4, Diff: 4, Sum: 4, Workers: 4
[1800.255s][debug][gc,phases      ] GC(132)   JVMTI Tag Weak OopStorage      Min:  0.0, Avg:  0.0, Max:  0.0, Diff:  0.0, Sum:  0.0, Workers: 4
[1800.255s][debug][gc,phases      ] GC(132)     Dead                           Min: 0, Avg:  0.0, Max: 0, Diff: 0, Sum: 0, Workers: 4
[1800.255s][debug][gc,phases      ] GC(132)     Total                          Min: 0, Avg:  0.0, Max: 0, Diff: 0, Sum: 0, Workers: 4
[1800.255s][debug][gc,phases      ] GC(132)   StringTable Weak               Min:  0.0, Avg:  0.1, Max:  0.1, Diff:  0.1, Sum:  0.4, Workers: 4
[1800.255s][debug][gc,phases      ] GC(132)     Dead                           Min: 0, Avg:  0.2, Max: 1, Diff: 1, Sum: 1, Workers: 4
[1800.255s][debug][gc,phases      ] GC(132)     Total                          Min: 0, Avg: 10697.0, Max: 17574, Diff: 17574, Sum: 42788, Workers: 4
[1800.255s][debug][gc,phases      ] GC(132)   ResolvedMethodTable Weak       Min:  0.0, Avg:  0.0, Max:  0.0, Diff:  0.0, Sum:  0.1, Workers: 4
[1800.255s][debug][gc,phases      ] GC(132)     Dead                           Min: 0, Avg:  0.0, Max: 0, Diff: 0, Sum: 0, Workers: 4
[1800.255s][debug][gc,phases      ] GC(132)     Total                          Min: 0, Avg: 2280.8, Max: 3954, Diff: 3954, Sum: 9123, Workers: 4
[1800.255s][debug][gc,phases      ] GC(132)   JNI Weak                       Min:  0.0, Avg:  0.0, Max:  0.0, Diff:  0.0, Sum:  0.0, Workers: 4
[1800.255s][debug][gc,phases      ] GC(132)     Dead                           Min: 0, Avg:  0.0, Max: 0, Diff: 0, Sum: 0, Workers: 4
[1800.255s][debug][gc,phases      ] GC(132)     Total                          Min: 0, Avg: 12.8, Max: 51, Diff: 51, Sum: 51, Workers: 4
[1800.255s][debug][gc,phases      ] GC(132)   StringDedup Table Weak         Min:  0.0, Avg:  0.0, Max:  0.0, Diff:  0.0, Sum:  0.0, Workers: 4
[1800.255s][debug][gc,phases      ] GC(132)     Dead                           Min: 0, Avg:  0.0, Max: 0, Diff: 0, Sum: 0, Workers: 4
[1800.255s][debug][gc,phases      ] GC(132)     Total                          Min: 0, Avg:  0.0, Max: 0, Diff: 0, Sum: 0, Workers: 4
[1800.255s][debug][gc,phases      ] GC(132)   StringDedup Requests0 Weak     Min:  0.0, Avg:  0.0, Max:  0.0, Diff:  0.0, Sum:  0.0, Workers: 4
[1800.255s][debug][gc,phases      ] GC(132)     Dead                           Min: 0, Avg:  0.0, Max: 0, Diff: 0, Sum: 0, Workers: 4
[1800.255s][debug][gc,phases      ] GC(132)     Total                          Min: 0, Avg:  0.0, Max: 0, Diff: 0, Sum: 0, Workers: 4
[1800.255s][debug][gc,phases      ] GC(132)   StringDedup Requests1 Weak     Min:  0.0, Avg:  0.0, Max:  0.0, Diff:  0.0, Sum:  0.0, Workers: 4
[1800.255s][debug][gc,phases      ] GC(132)     Dead                           Min: 0, Avg:  0.0, Max: 0, Diff: 0, Sum: 0, Workers: 4
[1800.255s][debug][gc,phases      ] GC(132)     Total                          Min: 0, Avg:  0.0, Max: 0, Diff: 0, Sum: 0, Workers: 4
[1800.255s][debug][gc,phases      ] GC(132)   Weak JFR Old Object Samples    Min:  0.0, Avg:  0.0, Max:  0.0, Diff:  0.0, Sum:  0.0, Workers: 4
[1800.255s][debug][gc,phases      ] GC(132)     Dead                           Min: 0, Avg:  0.0, Max: 0, Diff: 0, Sum: 0, Workers: 4
[1800.255s][debug][gc,phases      ] GC(132)     Total                          Min: 0, Avg:  0.0, Max: 0, Diff: 0, Sum: 0, Workers: 4
[1800.255s][debug][gc,phases      ] GC(132) Weak Processing 0.344ms
[1800.255s][debug][gc,age         ] GC(132) Desired survivor size 524288 bytes, new threshold 15 (max threshold 15)
[1800.255s][info ][gc,heap        ] GC(132) PSYoungGen: 2096351K(2096640K)->96K(2096640K) Eden: 2096127K(2096128K)->0K(2096128K) From: 224K(512K)->96K(512K)
[1800.255s][info ][gc,heap        ] GC(132) ParOldGen: 235870K(324096K)->235878K(324096K)
[1800.255s][info ][gc,metaspace   ] GC(132) Metaspace: 80095K(80960K)->80095K(80960K) NonClass: 68374K(68800K)->68374K(68800K) Class: 11720K(12160K)->11720K(12160K)
[1800.255s][info ][gc             ] GC(132) Pause Young (Allocation Failure) 2277M->230M(2364M) 2.709ms
[1800.255s][info ][gc,cpu         ] GC(132) User=0.00s Sys=0.00s Real=0.00s
[1800.255s][info ][safepoint      ] Safepoint "ParallelGCFailedAllocation", Time since last: 25527606 ns, Reaching safepoint: 4200 ns, Cleanup: 45200 ns, At safepoint: 2772612 ns, Total: 2822012 ns
[1801.259s][info ][safepoint      ] Safepoint "Cleanup", Time since last: 1003536773 ns, Reaching safepoint: 5400 ns, Cleanup: 54100 ns, At safepoint: 3800 ns, Total: 63300 ns
[1803.259s][info ][safepoint      ] Safepoint "Cleanup", Time since last: 2000188965 ns, Reaching safepoint: 75601 ns, Cleanup: 64500 ns, At safepoint: 7800 ns, Total: 147901 ns
[1809.259s][info ][safepoint      ] Safepoint "Cleanup", Time since last: 6000365793 ns, Reaching safepoint: 5300 ns, Cleanup: 27400 ns, At safepoint: 3500 ns, Total: 36200 ns
[1813.260s][info ][safepoint      ] Safepoint "Cleanup", Time since last: 4000302640 ns, Reaching safepoint: 5600 ns, Cleanup: 53000 ns, At safepoint: 12200 ns, Total: 70800 ns
[1816.425s][info ][gc,start       ] GC(133) Pause Young (Allocation Failure)
[1816.427s][debug][gc,phases      ] GC(133) Scavenge 1.499ms
[1816.427s][debug][gc,ref         ] GC(133) Skipped phase 1 of Reference Processing: no references
[1816.427s][debug][gc,ref         ] GC(133) ReferenceProcessor::execute queues: 1, RefProcThreadModel::Single, marks_oops_alive: false
[1816.427s][debug][gc,ref         ] GC(133) Skipped phase 3 of Reference Processing: no references
[1816.427s][debug][gc,ref         ] GC(133) ReferenceProcessor::execute queues: 1, RefProcThreadModel::Single, marks_oops_alive: false
[1816.427s][debug][gc,phases      ] GC(133) Reference Processing 0.123ms
[1816.427s][debug][gc,phases      ] GC(133)   VM Weak                        Min:  0.0, Avg:  0.0, Max:  0.0, Diff:  0.0, Sum:  0.0, Workers: 4
[1816.427s][debug][gc,phases      ] GC(133)     Dead                           Min: 0, Avg:  0.0, Max: 0, Diff: 0, Sum: 0, Workers: 4
[1816.427s][debug][gc,phases      ] GC(133)     Total                          Min: 0, Avg: 172.8, Max: 435, Diff: 435, Sum: 691, Workers: 4
[1816.427s][debug][gc,phases      ] GC(133)   ObjectSynchronizer Weak        Min:  0.0, Avg:  0.0, Max:  0.0, Diff:  0.0, Sum:  0.0, Workers: 4
[1816.427s][debug][gc,phases      ] GC(133)     Dead                           Min: 0, Avg:  0.0, Max: 0, Diff: 0, Sum: 0, Workers: 4
[1816.427s][debug][gc,phases      ] GC(133)     Total                          Min: 0, Avg:  1.0, Max: 4, Diff: 4, Sum: 4, Workers: 4
[1816.427s][debug][gc,phases      ] GC(133)   JVMTI Tag Weak OopStorage      Min:  0.0, Avg:  0.0, Max:  0.0, Diff:  0.0, Sum:  0.0, Workers: 4
[1816.427s][debug][gc,phases      ] GC(133)     Dead                           Min: 0, Avg:  0.0, Max: 0, Diff: 0, Sum: 0, Workers: 4
[1816.427s][debug][gc,phases      ] GC(133)     Total                          Min: 0, Avg:  0.0, Max: 0, Diff: 0, Sum: 0, Workers: 4
[1816.427s][debug][gc,phases      ] GC(133)   StringTable Weak               Min:  0.0, Avg:  0.1, Max:  0.1, Diff:  0.1, Sum:  0.4, Workers: 4
[1816.427s][debug][gc,phases      ] GC(133)     Dead                           Min: 0, Avg:  0.2, Max: 1, Diff: 1, Sum: 1, Workers: 4
[1816.427s][debug][gc,phases      ] GC(133)     Total                          Min: 0, Avg: 10699.8, Max: 16880, Diff: 16880, Sum: 42799, Workers: 4
[1816.427s][debug][gc,phases      ] GC(133)   ResolvedMethodTable Weak       Min:  0.0, Avg:  0.0, Max:  0.0, Diff:  0.0, Sum:  0.1, Workers: 4
[1816.427s][debug][gc,phases      ] GC(133)     Dead                           Min: 0, Avg:  0.0, Max: 0, Diff: 0, Sum: 0, Workers: 4
[1816.427s][debug][gc,phases      ] GC(133)     Total                          Min: 0, Avg: 2283.8, Max: 3537, Diff: 3537, Sum: 9135, Workers: 4
[1816.427s][debug][gc,phases      ] GC(133)   JNI Weak                       Min:  0.0, Avg:  0.0, Max:  0.0, Diff:  0.0, Sum:  0.0, Workers: 4
[1816.427s][debug][gc,phases      ] GC(133)     Dead                           Min: 0, Avg:  0.0, Max: 0, Diff: 0, Sum: 0, Workers: 4
[1816.427s][debug][gc,phases      ] GC(133)     Total                          Min: 0, Avg: 11.2, Max: 45, Diff: 45, Sum: 45, Workers: 4
[1816.427s][debug][gc,phases      ] GC(133)   StringDedup Table Weak         Min:  0.0, Avg:  0.0, Max:  0.0, Diff:  0.0, Sum:  0.0, Workers: 4
[1816.427s][debug][gc,phases      ] GC(133)     Dead                           Min: 0, Avg:  0.0, Max: 0, Diff: 0, Sum: 0, Workers: 4
[1816.427s][debug][gc,phases      ] GC(133)     Total                          Min: 0, Avg:  0.0, Max: 0, Diff: 0, Sum: 0, Workers: 4
[1816.427s][debug][gc,phases      ] GC(133)   StringDedup Requests0 Weak     Min:  0.0, Avg:  0.0, Max:  0.0, Diff:  0.0, Sum:  0.0, Workers: 4
[1816.427s][debug][gc,phases      ] GC(133)     Dead                           Min: 0, Avg:  0.0, Max: 0, Diff: 0, Sum: 0, Workers: 4
[1816.427s][debug][gc,phases      ] GC(133)     Total                          Min: 0, Avg:  0.0, Max: 0, Diff: 0, Sum: 0, Workers: 4
[1816.427s][debug][gc,phases      ] GC(133)   StringDedup Requests1 Weak     Min:  0.0, Avg:  0.0, Max:  0.0, Diff:  0.0, Sum:  0.0, Workers: 4
[1816.427s][debug][gc,phases      ] GC(133)     Dead                           Min: 0, Avg:  0.0, Max: 0, Diff: 0, Sum: 0, Workers: 4
[1816.427s][debug][gc,phases      ] GC(133)     Total                          Min: 0, Avg:  0.0, Max: 0, Diff: 0, Sum: 0, Workers: 4
[1816.427s][debug][gc,phases      ] GC(133)   Weak JFR Old Object Samples    Min:  0.0, Avg:  0.0, Max:  0.0, Diff:  0.0, Sum:  0.0, Workers: 4
[1816.427s][debug][gc,phases      ] GC(133)     Dead                           Min: 0, Avg:  0.0, Max: 0, Diff: 0, Sum: 0, Workers: 4
[1816.427s][debug][gc,phases      ] GC(133)     Total                          Min: 0, Avg:  0.0, Max: 0, Diff: 0, Sum: 0, Workers: 4
[1816.427s][debug][gc,phases      ] GC(133) Weak Processing 0.339ms
[1816.427s][debug][gc,age         ] GC(133) Desired survivor size 524288 bytes, new threshold 15 (max threshold 15)
[1816.427s][info ][gc,heap        ] GC(133) PSYoungGen: 2096224K(2096640K)->160K(2096640K) Eden: 2096128K(2096128K)->0K(2096128K) From: 96K(512K)->160K(512K)
[1816.427s][info ][gc,heap        ] GC(133) ParOldGen: 235878K(324096K)->235894K(324096K)
[1816.427s][info ][gc,metaspace   ] GC(133) Metaspace: 80132K(81024K)->80132K(81024K) NonClass: 68405K(68864K)->68405K(68864K) Class: 11727K(12160K)->11727K(12160K)
[1816.427s][info ][gc             ] GC(133) Pause Young (Allocation Failure) 2277M->230M(2364M) 2.056ms
[1816.427s][info ][gc,cpu         ] GC(133) User=0.01s Sys=0.00s Real=0.00s
[1816.427s][info ][safepoint      ] Safepoint "ParallelGCFailedAllocation", Time since last: 3165237266 ns, Reaching safepoint: 73701 ns, Cleanup: 32600 ns, At safepoint: 2123309 ns, Total: 2229610 ns
[1832.728s][info ][gc,start       ] GC(134) Pause Young (Allocation Failure)
[1832.730s][debug][gc,phases      ] GC(134) Scavenge 2.324ms
[1832.730s][debug][gc,ref         ] GC(134) Skipped phase 1 of Reference Processing: no references
[1832.730s][debug][gc,ref         ] GC(134) Skipped phase 2 of Reference Processing: no references
[1832.730s][debug][gc,ref         ] GC(134) Skipped phase 3 of Reference Processing: no references
[1832.730s][debug][gc,ref         ] GC(134) Skipped phase 4 of Reference Processing: no references
[1832.730s][debug][gc,phases      ] GC(134) Reference Processing 0.021ms
[1832.730s][debug][gc,phases      ] GC(134)   VM Weak                        Min:  0.0, Avg:  0.0, Max:  0.0, Diff:  0.0, Sum:  0.0, Workers: 4
[1832.730s][debug][gc,phases      ] GC(134)     Dead                           Min: 0, Avg:  0.0, Max: 0, Diff: 0, Sum: 0, Workers: 4
[1832.730s][debug][gc,phases      ] GC(134)     Total                          Min: 0, Avg: 172.8, Max: 435, Diff: 435, Sum: 691, Workers: 4
[1832.730s][debug][gc,phases      ] GC(134)   ObjectSynchronizer Weak        Min:  0.0, Avg:  0.0, Max:  0.0, Diff:  0.0, Sum:  0.0, Workers: 4
[1832.730s][debug][gc,phases      ] GC(134)     Dead                           Min: 0, Avg:  0.0, Max: 0, Diff: 0, Sum: 0, Workers: 4
[1832.730s][debug][gc,phases      ] GC(134)     Total                          Min: 0, Avg:  1.0, Max: 4, Diff: 4, Sum: 4, Workers: 4
[1832.730s][debug][gc,phases      ] GC(134)   JVMTI Tag Weak OopStorage      Min:  0.0, Avg:  0.0, Max:  0.0, Diff:  0.0, Sum:  0.0, Workers: 4
[1832.730s][debug][gc,phases      ] GC(134)     Dead                           Min: 0, Avg:  0.0, Max: 0, Diff: 0, Sum: 0, Workers: 4
[1832.730s][debug][gc,phases      ] GC(134)     Total                          Min: 0, Avg:  0.0, Max: 0, Diff: 0, Sum: 0, Workers: 4
[1832.730s][debug][gc,phases      ] GC(134)   StringTable Weak               Min:  0.0, Avg:  0.1, Max:  0.1, Diff:  0.1, Sum:  0.4, Workers: 4
[1832.730s][debug][gc,phases      ] GC(134)     Dead                           Min: 0, Avg:  0.0, Max: 0, Diff: 0, Sum: 0, Workers: 4
[1832.730s][debug][gc,phases      ] GC(134)     Total                          Min: 0, Avg: 10700.8, Max: 18495, Diff: 18495, Sum: 42803, Workers: 4
[1832.730s][debug][gc,phases      ] GC(134)   ResolvedMethodTable Weak       Min:  0.0, Avg:  0.0, Max:  0.0, Diff:  0.0, Sum:  0.1, Workers: 4
[1832.730s][debug][gc,phases      ] GC(134)     Dead                           Min: 0, Avg:  0.0, Max: 0, Diff: 0, Sum: 0, Workers: 4
[1832.730s][debug][gc,phases      ] GC(134)     Total                          Min: 0, Avg: 2283.8, Max: 3834, Diff: 3834, Sum: 9135, Workers: 4
[1832.730s][debug][gc,phases      ] GC(134)   JNI Weak                       Min:  0.0, Avg:  0.0, Max:  0.0, Diff:  0.0, Sum:  0.0, Workers: 4
[1832.730s][debug][gc,phases      ] GC(134)     Dead                           Min: 0, Avg:  0.0, Max: 0, Diff: 0, Sum: 0, Workers: 4
[1832.730s][debug][gc,phases      ] GC(134)     Total                          Min: 0, Avg: 11.2, Max: 45, Diff: 45, Sum: 45, Workers: 4
[1832.730s][debug][gc,phases      ] GC(134)   StringDedup Table Weak         Min:  0.0, Avg:  0.0, Max:  0.0, Diff:  0.0, Sum:  0.0, Workers: 4
[1832.730s][debug][gc,phases      ] GC(134)     Dead                           Min: 0, Avg:  0.0, Max: 0, Diff: 0, Sum: 0, Workers: 4
[1832.730s][debug][gc,phases      ] GC(134)     Total                          Min: 0, Avg:  0.0, Max: 0, Diff: 0, Sum: 0, Workers: 4
[1832.730s][debug][gc,phases      ] GC(134)   StringDedup Requests0 Weak     Min:  0.0, Avg:  0.0, Max:  0.0, Diff:  0.0, Sum:  0.0, Workers: 4
[1832.730s][debug][gc,phases      ] GC(134)     Dead                           Min: 0, Avg:  0.0, Max: 0, Diff: 0, Sum: 0, Workers: 4
[1832.730s][debug][gc,phases      ] GC(134)     Total                          Min: 0, Avg:  0.0, Max: 0, Diff: 0, Sum: 0, Workers: 4
[1832.730s][debug][gc,phases      ] GC(134)   StringDedup Requests1 Weak     Min:  0.0, Avg:  0.0, Max:  0.0, Diff:  0.0, Sum:  0.0, Workers: 4
[1832.730s][debug][gc,phases      ] GC(134)     Dead                           Min: 0, Avg:  0.0, Max: 0, Diff: 0, Sum: 0, Workers: 4
[1832.730s][debug][gc,phases      ] GC(134)     Total                          Min: 0, Avg:  0.0, Max: 0, Diff: 0, Sum: 0, Workers: 4
[1832.730s][debug][gc,phases      ] GC(134)   Weak JFR Old Object Samples    Min:  0.0, Avg:  0.0, Max:  0.0, Diff:  0.0, Sum:  0.0, Workers: 4
[1832.730s][debug][gc,phases      ] GC(134)     Dead                           Min: 0, Avg:  0.0, Max: 0, Diff: 0, Sum: 0, Workers: 4
[1832.730s][debug][gc,phases      ] GC(134)     Total                          Min: 0, Avg:  0.0, Max: 0, Diff: 0, Sum: 0, Workers: 4
[1832.730s][debug][gc,phases      ] GC(134) Weak Processing 0.368ms
[1832.730s][debug][gc,age         ] GC(134) Desired survivor size 524288 bytes, new threshold 15 (max threshold 15)
[1832.731s][info ][gc,heap        ] GC(134) PSYoungGen: 2096288K(2096640K)->96K(2096640K) Eden: 2096128K(2096128K)->0K(2096128K) From: 160K(512K)->96K(512K)
[1832.731s][info ][gc,heap        ] GC(134) ParOldGen: 235894K(324096K)->235894K(324096K)
[1832.731s][info ][gc,metaspace   ] GC(134) Metaspace: 80132K(81024K)->80132K(81024K) NonClass: 68405K(68864K)->68405K(68864K) Class: 11727K(12160K)->11727K(12160K)
[1832.731s][info ][gc             ] GC(134) Pause Young (Allocation Failure) 2277M->230M(2364M) 2.828ms
[1832.731s][info ][gc,cpu         ] GC(134) User=0.00s Sys=0.00s Real=0.01s
[1832.731s][info ][safepoint      ] Safepoint "ParallelGCFailedAllocation", Time since last: 16300327822 ns, Reaching safepoint: 81300 ns, Cleanup: 38100 ns, At safepoint: 2900812 ns, Total: 3020212 ns
[1849.174s][info ][gc,start       ] GC(135) Pause Young (Allocation Failure)
[1849.175s][debug][gc,phases      ] GC(135) Scavenge 1.545ms
[1849.175s][debug][gc,ref         ] GC(135) Skipped phase 1 of Reference Processing: no references
[1849.175s][debug][gc,ref         ] GC(135) ReferenceProcessor::execute queues: 1, RefProcThreadModel::Single, marks_oops_alive: false
[1849.175s][debug][gc,ref         ] GC(135) Skipped phase 3 of Reference Processing: no references
[1849.175s][debug][gc,ref         ] GC(135) Skipped phase 4 of Reference Processing: no references
[1849.175s][debug][gc,phases      ] GC(135) Reference Processing 0.100ms
[1849.175s][debug][gc,phases      ] GC(135)   VM Weak                        Min:  0.0, Avg:  0.0, Max:  0.0, Diff:  0.0, Sum:  0.0, Workers: 4
[1849.175s][debug][gc,phases      ] GC(135)     Dead                           Min: 0, Avg:  0.0, Max: 0, Diff: 0, Sum: 0, Workers: 4
[1849.175s][debug][gc,phases      ] GC(135)     Total                          Min: 0, Avg: 172.8, Max: 691, Diff: 691, Sum: 691, Workers: 4
[1849.175s][debug][gc,phases      ] GC(135)   ObjectSynchronizer Weak        Min:  0.0, Avg:  0.0, Max:  0.0, Diff:  0.0, Sum:  0.0, Workers: 4
[1849.175s][debug][gc,phases      ] GC(135)     Dead                           Min: 0, Avg:  0.0, Max: 0, Diff: 0, Sum: 0, Workers: 4
[1849.175s][debug][gc,phases      ] GC(135)     Total                          Min: 0, Avg:  1.0, Max: 4, Diff: 4, Sum: 4, Workers: 4
[1849.175s][debug][gc,phases      ] GC(135)   JVMTI Tag Weak OopStorage      Min:  0.0, Avg:  0.0, Max:  0.0, Diff:  0.0, Sum:  0.0, Workers: 4
[1849.175s][debug][gc,phases      ] GC(135)     Dead                           Min: 0, Avg:  0.0, Max: 0, Diff: 0, Sum: 0, Workers: 4
[1849.175s][debug][gc,phases      ] GC(135)     Total                          Min: 0, Avg:  0.0, Max: 0, Diff: 0, Sum: 0, Workers: 4
[1849.175s][debug][gc,phases      ] GC(135)   StringTable Weak               Min:  0.0, Avg:  0.1, Max:  0.1, Diff:  0.1, Sum:  0.4, Workers: 4
[1849.175s][debug][gc,phases      ] GC(135)     Dead                           Min: 0, Avg:  0.0, Max: 0, Diff: 0, Sum: 0, Workers: 4
[1849.176s][debug][gc,phases      ] GC(135)     Total                          Min: 0, Avg: 10700.8, Max: 15925, Diff: 15925, Sum: 42803, Workers: 4
[1849.176s][debug][gc,phases      ] GC(135)   ResolvedMethodTable Weak       Min:  0.0, Avg:  0.0, Max:  0.0, Diff:  0.0, Sum:  0.1, Workers: 4
[1849.176s][debug][gc,phases      ] GC(135)     Dead                           Min: 0, Avg:  0.0, Max: 0, Diff: 0, Sum: 0, Workers: 4
[1849.176s][debug][gc,phases      ] GC(135)     Total                          Min: 0, Avg: 2283.8, Max: 3556, Diff: 3556, Sum: 9135, Workers: 4
[1849.176s][debug][gc,phases      ] GC(135)   JNI Weak                       Min:  0.0, Avg:  0.0, Max:  0.0, Diff:  0.0, Sum:  0.0, Workers: 4
[1849.176s][debug][gc,phases      ] GC(135)     Dead                           Min: 0, Avg:  0.0, Max: 0, Diff: 0, Sum: 0, Workers: 4
[1849.176s][debug][gc,phases      ] GC(135)     Total                          Min: 0, Avg: 11.2, Max: 45, Diff: 45, Sum: 45, Workers: 4
[1849.176s][debug][gc,phases      ] GC(135)   StringDedup Table Weak         Min:  0.0, Avg:  0.0, Max:  0.0, Diff:  0.0, Sum:  0.0, Workers: 4
[1849.176s][debug][gc,phases      ] GC(135)     Dead                           Min: 0, Avg:  0.0, Max: 0, Diff: 0, Sum: 0, Workers: 4
[1849.176s][debug][gc,phases      ] GC(135)     Total                          Min: 0, Avg:  0.0, Max: 0, Diff: 0, Sum: 0, Workers: 4
[1849.176s][debug][gc,phases      ] GC(135)   StringDedup Requests0 Weak     Min:  0.0, Avg:  0.0, Max:  0.0, Diff:  0.0, Sum:  0.0, Workers: 4
[1849.176s][debug][gc,phases      ] GC(135)     Dead                           Min: 0, Avg:  0.0, Max: 0, Diff: 0, Sum: 0, Workers: 4
[1849.176s][debug][gc,phases      ] GC(135)     Total                          Min: 0, Avg:  0.0, Max: 0, Diff: 0, Sum: 0, Workers: 4
[1849.176s][debug][gc,phases      ] GC(135)   StringDedup Requests1 Weak     Min:  0.0, Avg:  0.0, Max:  0.0, Diff:  0.0, Sum:  0.0, Workers: 4
[1849.176s][debug][gc,phases      ] GC(135)     Dead                           Min: 0, Avg:  0.0, Max: 0, Diff: 0, Sum: 0, Workers: 4
[1849.176s][debug][gc,phases      ] GC(135)     Total                          Min: 0, Avg:  0.0, Max: 0, Diff: 0, Sum: 0, Workers: 4
[1849.176s][debug][gc,phases      ] GC(135)   Weak JFR Old Object Samples    Min:  0.0, Avg:  0.0, Max:  0.0, Diff:  0.0, Sum:  0.0, Workers: 4
[1849.176s][debug][gc,phases      ] GC(135)     Dead                           Min: 0, Avg:  0.0, Max: 0, Diff: 0, Sum: 0, Workers: 4
[1849.176s][debug][gc,phases      ] GC(135)     Total                          Min: 0, Avg:  0.0, Max: 0, Diff: 0, Sum: 0, Workers: 4
[1849.176s][debug][gc,phases      ] GC(135) Weak Processing 0.359ms
[1849.176s][debug][gc,age         ] GC(135) Desired survivor size 524288 bytes, new threshold 15 (max threshold 15)
[1849.176s][info ][gc,heap        ] GC(135) PSYoungGen: 2096224K(2096640K)->128K(2096640K) Eden: 2096128K(2096128K)->0K(2096128K) From: 96K(512K)->128K(512K)
[1849.176s][info ][gc,heap        ] GC(135) ParOldGen: 235894K(324096K)->235902K(324096K)
[1849.176s][info ][gc,metaspace   ] GC(135) Metaspace: 80132K(81024K)->80132K(81024K) NonClass: 68405K(68864K)->68405K(68864K) Class: 11727K(12160K)->11727K(12160K)
[1849.176s][info ][gc             ] GC(135) Pause Young (Allocation Failure) 2277M->230M(2364M) 2.096ms
[1849.176s][info ][gc,cpu         ] GC(135) User=0.01s Sys=0.00s Real=0.00s
[1849.176s][info ][safepoint      ] Safepoint "ParallelGCFailedAllocation", Time since last: 16442854817 ns, Reaching safepoint: 4900 ns, Cleanup: 50100 ns, At safepoint: 2158110 ns, Total: 2213110 ns
[1856.176s][info ][safepoint      ] Safepoint "Cleanup", Time since last: 7000520994 ns, Reaching safepoint: 74500 ns, Cleanup: 40400 ns, At safepoint: 4100 ns, Total: 119000 ns
[1865.574s][info ][gc,start       ] GC(136) Pause Young (Allocation Failure)
[1865.576s][debug][gc,phases      ] GC(136) Scavenge 1.595ms
[1865.576s][debug][gc,ref         ] GC(136) Skipped phase 1 of Reference Processing: no references
[1865.576s][debug][gc,ref         ] GC(136) Skipped phase 2 of Reference Processing: no references
[1865.576s][debug][gc,ref         ] GC(136) Skipped phase 3 of Reference Processing: no references
[1865.576s][debug][gc,ref         ] GC(136) Skipped phase 4 of Reference Processing: no references
[1865.576s][debug][gc,phases      ] GC(136) Reference Processing 0.021ms
[1865.576s][debug][gc,phases      ] GC(136)   VM Weak                        Min:  0.0, Avg:  0.0, Max:  0.0, Diff:  0.0, Sum:  0.0, Workers: 4
[1865.576s][debug][gc,phases      ] GC(136)     Dead                           Min: 0, Avg:  0.0, Max: 0, Diff: 0, Sum: 0, Workers: 4
[1865.576s][debug][gc,phases      ] GC(136)     Total                          Min: 0, Avg: 172.8, Max: 320, Diff: 320, Sum: 691, Workers: 4
[1865.576s][debug][gc,phases      ] GC(136)   ObjectSynchronizer Weak        Min:  0.0, Avg:  0.0, Max:  0.0, Diff:  0.0, Sum:  0.0, Workers: 4
[1865.576s][debug][gc,phases      ] GC(136)     Dead                           Min: 0, Avg:  0.0, Max: 0, Diff: 0, Sum: 0, Workers: 4
[1865.576s][debug][gc,phases      ] GC(136)     Total                          Min: 0, Avg:  1.0, Max: 4, Diff: 4, Sum: 4, Workers: 4
[1865.576s][debug][gc,phases      ] GC(136)   JVMTI Tag Weak OopStorage      Min:  0.0, Avg:  0.0, Max:  0.0, Diff:  0.0, Sum:  0.0, Workers: 4
[1865.576s][debug][gc,phases      ] GC(136)     Dead                           Min: 0, Avg:  0.0, Max: 0, Diff: 0, Sum: 0, Workers: 4
[1865.576s][debug][gc,phases      ] GC(136)     Total                          Min: 0, Avg:  0.0, Max: 0, Diff: 0, Sum: 0, Workers: 4
[1865.576s][debug][gc,phases      ] GC(136)   StringTable Weak               Min:  0.0, Avg:  0.1, Max:  0.1, Diff:  0.1, Sum:  0.4, Workers: 4
[1865.576s][debug][gc,phases      ] GC(136)     Dead                           Min: 0, Avg:  0.0, Max: 0, Diff: 0, Sum: 0, Workers: 4
[1865.576s][debug][gc,phases      ] GC(136)     Total                          Min: 0, Avg: 10700.8, Max: 16244, Diff: 16244, Sum: 42803, Workers: 4
[1865.576s][debug][gc,phases      ] GC(136)   ResolvedMethodTable Weak       Min:  0.0, Avg:  0.0, Max:  0.0, Diff:  0.0, Sum:  0.1, Workers: 4
[1865.576s][debug][gc,phases      ] GC(136)     Dead                           Min: 0, Avg:  0.0, Max: 0, Diff: 0, Sum: 0, Workers: 4
[1865.576s][debug][gc,phases      ] GC(136)     Total                          Min: 0, Avg: 2283.8, Max: 3640, Diff: 3640, Sum: 9135, Workers: 4
[1865.576s][debug][gc,phases      ] GC(136)   JNI Weak                       Min:  0.0, Avg:  0.0, Max:  0.0, Diff:  0.0, Sum:  0.0, Workers: 4
[1865.576s][debug][gc,phases      ] GC(136)     Dead                           Min: 0, Avg:  0.0, Max: 0, Diff: 0, Sum: 0, Workers: 4
[1865.576s][debug][gc,phases      ] GC(136)     Total                          Min: 0, Avg: 11.2, Max: 45, Diff: 45, Sum: 45, Workers: 4
[1865.576s][debug][gc,phases      ] GC(136)   StringDedup Table Weak         Min:  0.0, Avg:  0.0, Max:  0.0, Diff:  0.0, Sum:  0.0, Workers: 4
[1865.576s][debug][gc,phases      ] GC(136)     Dead                           Min: 0, Avg:  0.0, Max: 0, Diff: 0, Sum: 0, Workers: 4
[1865.576s][debug][gc,phases      ] GC(136)     Total                          Min: 0, Avg:  0.0, Max: 0, Diff: 0, Sum: 0, Workers: 4
[1865.576s][debug][gc,phases      ] GC(136)   StringDedup Requests0 Weak     Min:  0.0, Avg:  0.0, Max:  0.0, Diff:  0.0, Sum:  0.0, Workers: 4
[1865.576s][debug][gc,phases      ] GC(136)     Dead                           Min: 0, Avg:  0.0, Max: 0, Diff: 0, Sum: 0, Workers: 4
[1865.576s][debug][gc,phases      ] GC(136)     Total                          Min: 0, Avg:  0.0, Max: 0, Diff: 0, Sum: 0, Workers: 4
[1865.576s][debug][gc,phases      ] GC(136)   StringDedup Requests1 Weak     Min:  0.0, Avg:  0.0, Max:  0.0, Diff:  0.0, Sum:  0.0, Workers: 4
[1865.576s][debug][gc,phases      ] GC(136)     Dead                           Min: 0, Avg:  0.0, Max: 0, Diff: 0, Sum: 0, Workers: 4
[1865.576s][debug][gc,phases      ] GC(136)     Total                          Min: 0, Avg:  0.0, Max: 0, Diff: 0, Sum: 0, Workers: 4
[1865.576s][debug][gc,phases      ] GC(136)   Weak JFR Old Object Samples    Min:  0.0, Avg:  0.0, Max:  0.0, Diff:  0.0, Sum:  0.0, Workers: 4
[1865.576s][debug][gc,phases      ] GC(136)     Dead                           Min: 0, Avg:  0.0, Max: 0, Diff: 0, Sum: 0, Workers: 4
[1865.576s][debug][gc,phases      ] GC(136)     Total                          Min: 0, Avg:  0.0, Max: 0, Diff: 0, Sum: 0, Workers: 4
[1865.576s][debug][gc,phases      ] GC(136) Weak Processing 0.351ms
[1865.576s][debug][gc,age         ] GC(136) Desired survivor size 524288 bytes, new threshold 15 (max threshold 15)
[1865.576s][info ][gc,heap        ] GC(136) PSYoungGen: 2096256K(2096640K)->288K(2096640K) Eden: 2096128K(2096128K)->0K(2096128K) From: 128K(512K)->288K(512K)
[1865.576s][info ][gc,heap        ] GC(136) ParOldGen: 235902K(324096K)->235910K(324096K)
[1865.576s][info ][gc,metaspace   ] GC(136) Metaspace: 80132K(81024K)->80132K(81024K) NonClass: 68405K(68864K)->68405K(68864K) Class: 11727K(12160K)->11727K(12160K)
[1865.576s][info ][gc             ] GC(136) Pause Young (Allocation Failure) 2277M->230M(2364M) 2.065ms
[1865.576s][info ][gc,cpu         ] GC(136) User=0.00s Sys=0.00s Real=0.00s
[1865.576s][info ][safepoint      ] Safepoint "ParallelGCFailedAllocation", Time since last: 9397977800 ns, Reaching safepoint: 5300 ns, Cleanup: 24500 ns, At safepoint: 2128609 ns, Total: 2158409 ns
[1881.976s][info ][gc,start       ] GC(137) Pause Young (Allocation Failure)
[1881.978s][debug][gc,phases      ] GC(137) Scavenge 1.872ms
[1881.978s][debug][gc,ref         ] GC(137) Skipped phase 1 of Reference Processing: no references
[1881.978s][debug][gc,ref         ] GC(137) Skipped phase 2 of Reference Processing: no references
[1881.978s][debug][gc,ref         ] GC(137) Skipped phase 3 of Reference Processing: no references
[1881.978s][debug][gc,ref         ] GC(137) Skipped phase 4 of Reference Processing: no references
[1881.978s][debug][gc,phases      ] GC(137) Reference Processing 0.021ms
[1881.978s][debug][gc,phases      ] GC(137)   VM Weak                        Min:  0.0, Avg:  0.0, Max:  0.0, Diff:  0.0, Sum:  0.0, Workers: 4
[1881.978s][debug][gc,phases      ] GC(137)     Dead                           Min: 0, Avg:  0.0, Max: 0, Diff: 0, Sum: 0, Workers: 4
[1881.978s][debug][gc,phases      ] GC(137)     Total                          Min: 0, Avg: 172.8, Max: 691, Diff: 691, Sum: 691, Workers: 4
[1881.978s][debug][gc,phases      ] GC(137)   ObjectSynchronizer Weak        Min:  0.0, Avg:  0.0, Max:  0.0, Diff:  0.0, Sum:  0.0, Workers: 4
[1881.978s][debug][gc,phases      ] GC(137)     Dead                           Min: 0, Avg:  0.0, Max: 0, Diff: 0, Sum: 0, Workers: 4
[1881.978s][debug][gc,phases      ] GC(137)     Total                          Min: 0, Avg:  1.0, Max: 4, Diff: 4, Sum: 4, Workers: 4
[1881.978s][debug][gc,phases      ] GC(137)   JVMTI Tag Weak OopStorage      Min:  0.0, Avg:  0.0, Max:  0.0, Diff:  0.0, Sum:  0.0, Workers: 4
[1881.978s][debug][gc,phases      ] GC(137)     Dead                           Min: 0, Avg:  0.0, Max: 0, Diff: 0, Sum: 0, Workers: 4
[1881.978s][debug][gc,phases      ] GC(137)     Total                          Min: 0, Avg:  0.0, Max: 0, Diff: 0, Sum: 0, Workers: 4
[1881.978s][debug][gc,phases      ] GC(137)   StringTable Weak               Min:  0.0, Avg:  0.1, Max:  0.1, Diff:  0.1, Sum:  0.4, Workers: 4
[1881.978s][debug][gc,phases      ] GC(137)     Dead                           Min: 0, Avg:  0.0, Max: 0, Diff: 0, Sum: 0, Workers: 4
[1881.978s][debug][gc,phases      ] GC(137)     Total                          Min: 0, Avg: 10700.8, Max: 16896, Diff: 16896, Sum: 42803, Workers: 4
[1881.978s][debug][gc,phases      ] GC(137)   ResolvedMethodTable Weak       Min:  0.0, Avg:  0.0, Max:  0.0, Diff:  0.0, Sum:  0.1, Workers: 4
[1881.978s][debug][gc,phases      ] GC(137)     Dead                           Min: 0, Avg:  0.0, Max: 0, Diff: 0, Sum: 0, Workers: 4
[1881.978s][debug][gc,phases      ] GC(137)     Total                          Min: 0, Avg: 2283.8, Max: 3371, Diff: 3371, Sum: 9135, Workers: 4
[1881.978s][debug][gc,phases      ] GC(137)   JNI Weak                       Min:  0.0, Avg:  0.0, Max:  0.0, Diff:  0.0, Sum:  0.0, Workers: 4
[1881.978s][debug][gc,phases      ] GC(137)     Dead                           Min: 0, Avg:  0.0, Max: 0, Diff: 0, Sum: 0, Workers: 4
[1881.978s][debug][gc,phases      ] GC(137)     Total                          Min: 0, Avg: 11.2, Max: 45, Diff: 45, Sum: 45, Workers: 4
[1881.978s][debug][gc,phases      ] GC(137)   StringDedup Table Weak         Min:  0.0, Avg:  0.0, Max:  0.0, Diff:  0.0, Sum:  0.0, Workers: 4
[1881.978s][debug][gc,phases      ] GC(137)     Dead                           Min: 0, Avg:  0.0, Max: 0, Diff: 0, Sum: 0, Workers: 4
[1881.978s][debug][gc,phases      ] GC(137)     Total                          Min: 0, Avg:  0.0, Max: 0, Diff: 0, Sum: 0, Workers: 4
[1881.978s][debug][gc,phases      ] GC(137)   StringDedup Requests0 Weak     Min:  0.0, Avg:  0.0, Max:  0.0, Diff:  0.0, Sum:  0.0, Workers: 4
[1881.978s][debug][gc,phases      ] GC(137)     Dead                           Min: 0, Avg:  0.0, Max: 0, Diff: 0, Sum: 0, Workers: 4
[1881.978s][debug][gc,phases      ] GC(137)     Total                          Min: 0, Avg:  0.0, Max: 0, Diff: 0, Sum: 0, Workers: 4
[1881.978s][debug][gc,phases      ] GC(137)   StringDedup Requests1 Weak     Min:  0.0, Avg:  0.0, Max:  0.0, Diff:  0.0, Sum:  0.0, Workers: 4
[1881.978s][debug][gc,phases      ] GC(137)     Dead                           Min: 0, Avg:  0.0, Max: 0, Diff: 0, Sum: 0, Workers: 4
[1881.978s][debug][gc,phases      ] GC(137)     Total                          Min: 0, Avg:  0.0, Max: 0, Diff: 0, Sum: 0, Workers: 4
[1881.978s][debug][gc,phases      ] GC(137)   Weak JFR Old Object Samples    Min:  0.0, Avg:  0.0, Max:  0.0, Diff:  0.0, Sum:  0.0, Workers: 4
[1881.978s][debug][gc,phases      ] GC(137)     Dead                           Min: 0, Avg:  0.0, Max: 0, Diff: 0, Sum: 0, Workers: 4
[1881.978s][debug][gc,phases      ] GC(137)     Total                          Min: 0, Avg:  0.0, Max: 0, Diff: 0, Sum: 0, Workers: 4
[1881.978s][debug][gc,phases      ] GC(137) Weak Processing 0.379ms
[1881.978s][debug][gc,age         ] GC(137) Desired survivor size 524288 bytes, new threshold 15 (max threshold 15)
[1881.978s][info ][gc,heap        ] GC(137) PSYoungGen: 2096416K(2096640K)->224K(2096640K) Eden: 2096128K(2096128K)->0K(2096128K) From: 288K(512K)->224K(512K)
[1881.978s][info ][gc,heap        ] GC(137) ParOldGen: 235910K(324096K)->235910K(324096K)
[1881.978s][info ][gc,metaspace   ] GC(137) Metaspace: 80132K(81024K)->80132K(81024K) NonClass: 68405K(68864K)->68405K(68864K) Class: 11727K(12160K)->11727K(12160K)
[1881.978s][info ][gc             ] GC(137) Pause Young (Allocation Failure) 2277M->230M(2364M) 2.378ms
[1881.978s][info ][gc,cpu         ] GC(137) User=0.01s Sys=0.00s Real=0.01s
[1881.978s][info ][safepoint      ] Safepoint "ParallelGCFailedAllocation", Time since last: 16399560215 ns, Reaching safepoint: 5600 ns, Cleanup: 30700 ns, At safepoint: 2455210 ns, Total: 2491510 ns
[1898.423s][info ][gc,start       ] GC(138) Pause Young (Allocation Failure)
[1898.425s][debug][gc,phases      ] GC(138) Scavenge 2.162ms
[1898.425s][debug][gc,ref         ] GC(138) Skipped phase 1 of Reference Processing: no references
[1898.425s][debug][gc,ref         ] GC(138) Skipped phase 2 of Reference Processing: no references
[1898.425s][debug][gc,ref         ] GC(138) Skipped phase 3 of Reference Processing: no references
[1898.425s][debug][gc,ref         ] GC(138) Skipped phase 4 of Reference Processing: no references
[1898.425s][debug][gc,phases      ] GC(138) Reference Processing 0.020ms
[1898.425s][debug][gc,phases      ] GC(138)   VM Weak                        Min:  0.0, Avg:  0.0, Max:  0.0, Diff:  0.0, Sum:  0.0, Workers: 4
[1898.426s][debug][gc,phases      ] GC(138)     Dead                           Min: 0, Avg:  0.0, Max: 0, Diff: 0, Sum: 0, Workers: 4
[1898.426s][debug][gc,phases      ] GC(138)     Total                          Min: 0, Avg: 172.8, Max: 499, Diff: 499, Sum: 691, Workers: 4
[1898.426s][debug][gc,phases      ] GC(138)   ObjectSynchronizer Weak        Min:  0.0, Avg:  0.0, Max:  0.0, Diff:  0.0, Sum:  0.0, Workers: 4
[1898.426s][debug][gc,phases      ] GC(138)     Dead                           Min: 0, Avg:  0.0, Max: 0, Diff: 0, Sum: 0, Workers: 4
[1898.426s][debug][gc,phases      ] GC(138)     Total                          Min: 0, Avg:  1.0, Max: 4, Diff: 4, Sum: 4, Workers: 4
[1898.426s][debug][gc,phases      ] GC(138)   JVMTI Tag Weak OopStorage      Min:  0.0, Avg:  0.0, Max:  0.0, Diff:  0.0, Sum:  0.0, Workers: 4
[1898.426s][debug][gc,phases      ] GC(138)     Dead                           Min: 0, Avg:  0.0, Max: 0, Diff: 0, Sum: 0, Workers: 4
[1898.426s][debug][gc,phases      ] GC(138)     Total                          Min: 0, Avg:  0.0, Max: 0, Diff: 0, Sum: 0, Workers: 4
[1898.426s][debug][gc,phases      ] GC(138)   StringTable Weak               Min:  0.0, Avg:  0.1, Max:  0.1, Diff:  0.1, Sum:  0.4, Workers: 4
[1898.426s][debug][gc,phases      ] GC(138)     Dead                           Min: 0, Avg:  0.0, Max: 0, Diff: 0, Sum: 0, Workers: 4
[1898.426s][debug][gc,phases      ] GC(138)     Total                          Min: 0, Avg: 10700.8, Max: 18175, Diff: 18175, Sum: 42803, Workers: 4
[1898.426s][debug][gc,phases      ] GC(138)   ResolvedMethodTable Weak       Min:  0.0, Avg:  0.0, Max:  0.0, Diff:  0.0, Sum:  0.1, Workers: 4
[1898.426s][debug][gc,phases      ] GC(138)     Dead                           Min: 0, Avg:  0.0, Max: 0, Diff: 0, Sum: 0, Workers: 4
[1898.426s][debug][gc,phases      ] GC(138)     Total                          Min: 0, Avg: 2283.8, Max: 4214, Diff: 4214, Sum: 9135, Workers: 4
[1898.426s][debug][gc,phases      ] GC(138)   JNI Weak                       Min:  0.0, Avg:  0.0, Max:  0.0, Diff:  0.0, Sum:  0.0, Workers: 4
[1898.426s][debug][gc,phases      ] GC(138)     Dead                           Min: 0, Avg:  0.0, Max: 0, Diff: 0, Sum: 0, Workers: 4
[1898.426s][debug][gc,phases      ] GC(138)     Total                          Min: 0, Avg: 11.2, Max: 45, Diff: 45, Sum: 45, Workers: 4
[1898.426s][debug][gc,phases      ] GC(138)   StringDedup Table Weak         Min:  0.0, Avg:  0.0, Max:  0.0, Diff:  0.0, Sum:  0.0, Workers: 4
[1898.426s][debug][gc,phases      ] GC(138)     Dead                           Min: 0, Avg:  0.0, Max: 0, Diff: 0, Sum: 0, Workers: 4
[1898.426s][debug][gc,phases      ] GC(138)     Total                          Min: 0, Avg:  0.0, Max: 0, Diff: 0, Sum: 0, Workers: 4
[1898.426s][debug][gc,phases      ] GC(138)   StringDedup Requests0 Weak     Min:  0.0, Avg:  0.0, Max:  0.0, Diff:  0.0, Sum:  0.0, Workers: 4
[1898.426s][debug][gc,phases      ] GC(138)     Dead                           Min: 0, Avg:  0.0, Max: 0, Diff: 0, Sum: 0, Workers: 4
[1898.426s][debug][gc,phases      ] GC(138)     Total                          Min: 0, Avg:  0.0, Max: 0, Diff: 0, Sum: 0, Workers: 4
[1898.426s][debug][gc,phases      ] GC(138)   StringDedup Requests1 Weak     Min:  0.0, Avg:  0.0, Max:  0.0, Diff:  0.0, Sum:  0.0, Workers: 4
[1898.426s][debug][gc,phases      ] GC(138)     Dead                           Min: 0, Avg:  0.0, Max: 0, Diff: 0, Sum: 0, Workers: 4
[1898.426s][debug][gc,phases      ] GC(138)     Total                          Min: 0, Avg:  0.0, Max: 0, Diff: 0, Sum: 0, Workers: 4
[1898.426s][debug][gc,phases      ] GC(138)   Weak JFR Old Object Samples    Min:  0.0, Avg:  0.0, Max:  0.0, Diff:  0.0, Sum:  0.0, Workers: 4
[1898.426s][debug][gc,phases      ] GC(138)     Dead                           Min: 0, Avg:  0.0, Max: 0, Diff: 0, Sum: 0, Workers: 4
[1898.426s][debug][gc,phases      ] GC(138)     Total                          Min: 0, Avg:  0.0, Max: 0, Diff: 0, Sum: 0, Workers: 4
[1898.426s][debug][gc,phases      ] GC(138) Weak Processing 0.335ms
[1898.426s][debug][gc,age         ] GC(138) Desired survivor size 524288 bytes, new threshold 15 (max threshold 15)
[1898.426s][info ][gc,heap        ] GC(138) PSYoungGen: 2096352K(2096640K)->224K(2096640K) Eden: 2096128K(2096128K)->0K(2096128K) From: 224K(512K)->224K(512K)
[1898.426s][info ][gc,heap        ] GC(138) ParOldGen: 235910K(324096K)->235918K(324096K)
[1898.426s][info ][gc,metaspace   ] GC(138) Metaspace: 80132K(81024K)->80132K(81024K) NonClass: 68405K(68864K)->68405K(68864K) Class: 11727K(12160K)->11727K(12160K)
[1898.426s][info ][gc             ] GC(138) Pause Young (Allocation Failure) 2277M->230M(2364M) 2.622ms
[1898.426s][info ][gc,cpu         ] GC(138) User=0.01s Sys=0.00s Real=0.00s
[1898.426s][info ][safepoint      ] Safepoint "ParallelGCFailedAllocation", Time since last: 16444491417 ns, Reaching safepoint: 5000 ns, Cleanup: 36600 ns, At safepoint: 2685011 ns, Total: 2726611 ns
[1914.825s][info ][gc,start       ] GC(139) Pause Young (Allocation Failure)
[1914.826s][debug][gc,phases      ] GC(139) Scavenge 1.621ms
[1914.826s][debug][gc,ref         ] GC(139) Skipped phase 1 of Reference Processing: no references
[1914.826s][debug][gc,ref         ] GC(139) ReferenceProcessor::execute queues: 1, RefProcThreadModel::Single, marks_oops_alive: false
[1914.826s][debug][gc,ref         ] GC(139) Skipped phase 3 of Reference Processing: no references
[1914.826s][debug][gc,ref         ] GC(139) Skipped phase 4 of Reference Processing: no references
[1914.826s][debug][gc,phases      ] GC(139) Reference Processing 0.092ms
[1914.827s][debug][gc,phases      ] GC(139)   VM Weak                        Min:  0.0, Avg:  0.0, Max:  0.0, Diff:  0.0, Sum:  0.0, Workers: 4
[1914.827s][debug][gc,phases      ] GC(139)     Dead                           Min: 0, Avg:  0.0, Max: 0, Diff: 0, Sum: 0, Workers: 4
[1914.827s][debug][gc,phases      ] GC(139)     Total                          Min: 0, Avg: 172.8, Max: 691, Diff: 691, Sum: 691, Workers: 4
[1914.827s][debug][gc,phases      ] GC(139)   ObjectSynchronizer Weak        Min:  0.0, Avg:  0.0, Max:  0.0, Diff:  0.0, Sum:  0.0, Workers: 4
[1914.827s][debug][gc,phases      ] GC(139)     Dead                           Min: 0, Avg:  0.0, Max: 0, Diff: 0, Sum: 0, Workers: 4
[1914.827s][debug][gc,phases      ] GC(139)     Total                          Min: 0, Avg:  1.0, Max: 4, Diff: 4, Sum: 4, Workers: 4
[1914.827s][debug][gc,phases      ] GC(139)   JVMTI Tag Weak OopStorage      Min:  0.0, Avg:  0.0, Max:  0.0, Diff:  0.0, Sum:  0.0, Workers: 4
[1914.827s][debug][gc,phases      ] GC(139)     Dead                           Min: 0, Avg:  0.0, Max: 0, Diff: 0, Sum: 0, Workers: 4
[1914.827s][debug][gc,phases      ] GC(139)     Total                          Min: 0, Avg:  0.0, Max: 0, Diff: 0, Sum: 0, Workers: 4
[1914.827s][debug][gc,phases      ] GC(139)   StringTable Weak               Min:  0.0, Avg:  0.1, Max:  0.1, Diff:  0.1, Sum:  0.4, Workers: 4
[1914.827s][debug][gc,phases      ] GC(139)     Dead                           Min: 0, Avg:  0.0, Max: 0, Diff: 0, Sum: 0, Workers: 4
[1914.827s][debug][gc,phases      ] GC(139)     Total                          Min: 0, Avg: 10700.8, Max: 16820, Diff: 16820, Sum: 42803, Workers: 4
[1914.827s][debug][gc,phases      ] GC(139)   ResolvedMethodTable Weak       Min:  0.0, Avg:  0.0, Max:  0.0, Diff:  0.0, Sum:  0.1, Workers: 4
[1914.827s][debug][gc,phases      ] GC(139)     Dead                           Min: 0, Avg:  0.0, Max: 0, Diff: 0, Sum: 0, Workers: 4
[1914.827s][debug][gc,phases      ] GC(139)     Total                          Min: 0, Avg: 2283.8, Max: 3501, Diff: 3501, Sum: 9135, Workers: 4
[1914.827s][debug][gc,phases      ] GC(139)   JNI Weak                       Min:  0.0, Avg:  0.0, Max:  0.0, Diff:  0.0, Sum:  0.0, Workers: 4
[1914.827s][debug][gc,phases      ] GC(139)     Dead                           Min: 0, Avg:  0.0, Max: 0, Diff: 0, Sum: 0, Workers: 4
[1914.827s][debug][gc,phases      ] GC(139)     Total                          Min: 0, Avg: 11.2, Max: 45, Diff: 45, Sum: 45, Workers: 4
[1914.827s][debug][gc,phases      ] GC(139)   StringDedup Table Weak         Min:  0.0, Avg:  0.0, Max:  0.0, Diff:  0.0, Sum:  0.0, Workers: 4
[1914.827s][debug][gc,phases      ] GC(139)     Dead                           Min: 0, Avg:  0.0, Max: 0, Diff: 0, Sum: 0, Workers: 4
[1914.827s][debug][gc,phases      ] GC(139)     Total                          Min: 0, Avg:  0.0, Max: 0, Diff: 0, Sum: 0, Workers: 4
[1914.827s][debug][gc,phases      ] GC(139)   StringDedup Requests0 Weak     Min:  0.0, Avg:  0.0, Max:  0.0, Diff:  0.0, Sum:  0.0, Workers: 4
[1914.827s][debug][gc,phases      ] GC(139)     Dead                           Min: 0, Avg:  0.0, Max: 0, Diff: 0, Sum: 0, Workers: 4
[1914.827s][debug][gc,phases      ] GC(139)     Total                          Min: 0, Avg:  0.0, Max: 0, Diff: 0, Sum: 0, Workers: 4
[1914.827s][debug][gc,phases      ] GC(139)   StringDedup Requests1 Weak     Min:  0.0, Avg:  0.0, Max:  0.0, Diff:  0.0, Sum:  0.0, Workers: 4
[1914.827s][debug][gc,phases      ] GC(139)     Dead                           Min: 0, Avg:  0.0, Max: 0, Diff: 0, Sum: 0, Workers: 4
[1914.827s][debug][gc,phases      ] GC(139)     Total                          Min: 0, Avg:  0.0, Max: 0, Diff: 0, Sum: 0, Workers: 4
[1914.827s][debug][gc,phases      ] GC(139)   Weak JFR Old Object Samples    Min:  0.0, Avg:  0.0, Max:  0.0, Diff:  0.0, Sum:  0.0, Workers: 4
[1914.827s][debug][gc,phases      ] GC(139)     Dead                           Min: 0, Avg:  0.0, Max: 0, Diff: 0, Sum: 0, Workers: 4
[1914.827s][debug][gc,phases      ] GC(139)     Total                          Min: 0, Avg:  0.0, Max: 0, Diff: 0, Sum: 0, Workers: 4
[1914.827s][debug][gc,phases      ] GC(139) Weak Processing 0.344ms
[1914.827s][debug][gc,age         ] GC(139) Desired survivor size 524288 bytes, new threshold 15 (max threshold 15)
[1914.827s][info ][gc,heap        ] GC(139) PSYoungGen: 2096352K(2096640K)->224K(2096640K) Eden: 2096128K(2096128K)->0K(2096128K) From: 224K(512K)->224K(512K)
[1914.827s][info ][gc,heap        ] GC(139) ParOldGen: 235918K(324096K)->235926K(324096K)
[1914.827s][info ][gc,metaspace   ] GC(139) Metaspace: 80132K(81024K)->80132K(81024K) NonClass: 68405K(68864K)->68405K(68864K) Class: 11727K(12160K)->11727K(12160K)
[1914.827s][info ][gc             ] GC(139) Pause Young (Allocation Failure) 2277M->230M(2364M) 2.153ms
[1914.827s][info ][gc,cpu         ] GC(139) User=0.00s Sys=0.00s Real=0.00s
[1914.827s][info ][safepoint      ] Safepoint "ParallelGCFailedAllocation", Time since last: 16398875221 ns, Reaching safepoint: 5000 ns, Cleanup: 25200 ns, At safepoint: 2224609 ns, Total: 2254809 ns
[1927.828s][info ][safepoint      ] Safepoint "Cleanup", Time since last: 13000831656 ns, Reaching safepoint: 4500 ns, Cleanup: 46801 ns, At safepoint: 12000 ns, Total: 63301 ns
[1931.226s][info ][gc,start       ] GC(140) Pause Young (Allocation Failure)
[1931.227s][debug][gc,phases      ] GC(140) Scavenge 1.559ms
[1931.227s][debug][gc,ref         ] GC(140) Skipped phase 1 of Reference Processing: no references
[1931.227s][debug][gc,ref         ] GC(140) ReferenceProcessor::execute queues: 1, RefProcThreadModel::Single, marks_oops_alive: false
[1931.228s][debug][gc,ref         ] GC(140) Skipped phase 3 of Reference Processing: no references
[1931.228s][debug][gc,ref         ] GC(140) Skipped phase 4 of Reference Processing: no references
[1931.228s][debug][gc,phases      ] GC(140) Reference Processing 0.087ms
[1931.228s][debug][gc,phases      ] GC(140)   VM Weak                        Min:  0.0, Avg:  0.0, Max:  0.0, Diff:  0.0, Sum:  0.0, Workers: 4
[1931.228s][debug][gc,phases      ] GC(140)     Dead                           Min: 0, Avg:  0.0, Max: 0, Diff: 0, Sum: 0, Workers: 4
[1931.228s][debug][gc,phases      ] GC(140)     Total                          Min: 0, Avg: 172.8, Max: 499, Diff: 499, Sum: 691, Workers: 4
[1931.228s][debug][gc,phases      ] GC(140)   ObjectSynchronizer Weak        Min:  0.0, Avg:  0.0, Max:  0.0, Diff:  0.0, Sum:  0.0, Workers: 4
[1931.228s][debug][gc,phases      ] GC(140)     Dead                           Min: 0, Avg:  0.0, Max: 0, Diff: 0, Sum: 0, Workers: 4
[1931.228s][debug][gc,phases      ] GC(140)     Total                          Min: 0, Avg:  1.0, Max: 4, Diff: 4, Sum: 4, Workers: 4
[1931.228s][debug][gc,phases      ] GC(140)   JVMTI Tag Weak OopStorage      Min:  0.0, Avg:  0.0, Max:  0.0, Diff:  0.0, Sum:  0.0, Workers: 4
[1931.228s][debug][gc,phases      ] GC(140)     Dead                           Min: 0, Avg:  0.0, Max: 0, Diff: 0, Sum: 0, Workers: 4
[1931.228s][debug][gc,phases      ] GC(140)     Total                          Min: 0, Avg:  0.0, Max: 0, Diff: 0, Sum: 0, Workers: 4
[1931.228s][debug][gc,phases      ] GC(140)   StringTable Weak               Min:  0.0, Avg:  0.1, Max:  0.1, Diff:  0.1, Sum:  0.4, Workers: 4
[1931.228s][debug][gc,phases      ] GC(140)     Dead                           Min: 0, Avg:  0.0, Max: 0, Diff: 0, Sum: 0, Workers: 4
[1931.228s][debug][gc,phases      ] GC(140)     Total                          Min: 0, Avg: 10700.8, Max: 17343, Diff: 17343, Sum: 42803, Workers: 4
[1931.228s][debug][gc,phases      ] GC(140)   ResolvedMethodTable Weak       Min:  0.0, Avg:  0.0, Max:  0.0, Diff:  0.0, Sum:  0.1, Workers: 4
[1931.228s][debug][gc,phases      ] GC(140)     Dead                           Min: 0, Avg:  0.0, Max: 0, Diff: 0, Sum: 0, Workers: 4
[1931.228s][debug][gc,phases      ] GC(140)     Total                          Min: 0, Avg: 2283.8, Max: 3738, Diff: 3738, Sum: 9135, Workers: 4
[1931.228s][debug][gc,phases      ] GC(140)   JNI Weak                       Min:  0.0, Avg:  0.0, Max:  0.0, Diff:  0.0, Sum:  0.0, Workers: 4
[1931.228s][debug][gc,phases      ] GC(140)     Dead                           Min: 0, Avg:  0.0, Max: 0, Diff: 0, Sum: 0, Workers: 4
[1931.228s][debug][gc,phases      ] GC(140)     Total                          Min: 0, Avg: 11.2, Max: 45, Diff: 45, Sum: 45, Workers: 4
[1931.228s][debug][gc,phases      ] GC(140)   StringDedup Table Weak         Min:  0.0, Avg:  0.0, Max:  0.0, Diff:  0.0, Sum:  0.0, Workers: 4
[1931.228s][debug][gc,phases      ] GC(140)     Dead                           Min: 0, Avg:  0.0, Max: 0, Diff: 0, Sum: 0, Workers: 4
[1931.228s][debug][gc,phases      ] GC(140)     Total                          Min: 0, Avg:  0.0, Max: 0, Diff: 0, Sum: 0, Workers: 4
[1931.228s][debug][gc,phases      ] GC(140)   StringDedup Requests0 Weak     Min:  0.0, Avg:  0.0, Max:  0.0, Diff:  0.0, Sum:  0.0, Workers: 4
[1931.228s][debug][gc,phases      ] GC(140)     Dead                           Min: 0, Avg:  0.0, Max: 0, Diff: 0, Sum: 0, Workers: 4
[1931.228s][debug][gc,phases      ] GC(140)     Total                          Min: 0, Avg:  0.0, Max: 0, Diff: 0, Sum: 0, Workers: 4
[1931.228s][debug][gc,phases      ] GC(140)   StringDedup Requests1 Weak     Min:  0.0, Avg:  0.0, Max:  0.0, Diff:  0.0, Sum:  0.0, Workers: 4
[1931.228s][debug][gc,phases      ] GC(140)     Dead                           Min: 0, Avg:  0.0, Max: 0, Diff: 0, Sum: 0, Workers: 4
[1931.228s][debug][gc,phases      ] GC(140)     Total                          Min: 0, Avg:  0.0, Max: 0, Diff: 0, Sum: 0, Workers: 4
[1931.228s][debug][gc,phases      ] GC(140)   Weak JFR Old Object Samples    Min:  0.0, Avg:  0.0, Max:  0.0, Diff:  0.0, Sum:  0.0, Workers: 4
[1931.228s][debug][gc,phases      ] GC(140)     Dead                           Min: 0, Avg:  0.0, Max: 0, Diff: 0, Sum: 0, Workers: 4
[1931.228s][debug][gc,phases      ] GC(140)     Total                          Min: 0, Avg:  0.0, Max: 0, Diff: 0, Sum: 0, Workers: 4
[1931.228s][debug][gc,phases      ] GC(140) Weak Processing 0.343ms
[1931.228s][debug][gc,age         ] GC(140) Desired survivor size 524288 bytes, new threshold 15 (max threshold 15)
[1931.228s][info ][gc,heap        ] GC(140) PSYoungGen: 2096352K(2096640K)->224K(2096640K) Eden: 2096128K(2096128K)->0K(2096128K) From: 224K(512K)->224K(512K)
[1931.228s][info ][gc,heap        ] GC(140) ParOldGen: 235926K(324096K)->235926K(324096K)
[1931.228s][info ][gc,metaspace   ] GC(140) Metaspace: 80135K(81024K)->80135K(81024K) NonClass: 68408K(68864K)->68408K(68864K) Class: 11727K(12160K)->11727K(12160K)
[1931.228s][info ][gc             ] GC(140) Pause Young (Allocation Failure) 2277M->230M(2364M) 2.088ms
[1931.228s][info ][gc,cpu         ] GC(140) User=0.00s Sys=0.01s Real=0.00s
[1931.228s][info ][safepoint      ] Safepoint "ParallelGCFailedAllocation", Time since last: 3398032972 ns, Reaching safepoint: 3900 ns, Cleanup: 45100 ns, At safepoint: 2151406 ns, Total: 2200406 ns
[1947.673s][info ][gc,start       ] GC(141) Pause Young (Allocation Failure)
[1947.675s][debug][gc,phases      ] GC(141) Scavenge 1.478ms
[1947.675s][debug][gc,ref         ] GC(141) Skipped phase 1 of Reference Processing: no references
[1947.675s][debug][gc,ref         ] GC(141) ReferenceProcessor::execute queues: 1, RefProcThreadModel::Single, marks_oops_alive: false
[1947.675s][debug][gc,ref         ] GC(141) Skipped phase 3 of Reference Processing: no references
[1947.675s][debug][gc,ref         ] GC(141) Skipped phase 4 of Reference Processing: no references
[1947.675s][debug][gc,phases      ] GC(141) Reference Processing 0.098ms
[1947.675s][debug][gc,phases      ] GC(141)   VM Weak                        Min:  0.0, Avg:  0.0, Max:  0.0, Diff:  0.0, Sum:  0.0, Workers: 4
[1947.675s][debug][gc,phases      ] GC(141)     Dead                           Min: 0, Avg:  0.0, Max: 0, Diff: 0, Sum: 0, Workers: 4
[1947.675s][debug][gc,phases      ] GC(141)     Total                          Min: 0, Avg: 172.8, Max: 691, Diff: 691, Sum: 691, Workers: 4
[1947.675s][debug][gc,phases      ] GC(141)   ObjectSynchronizer Weak        Min:  0.0, Avg:  0.0, Max:  0.0, Diff:  0.0, Sum:  0.0, Workers: 4
[1947.675s][debug][gc,phases      ] GC(141)     Dead                           Min: 0, Avg:  0.0, Max: 0, Diff: 0, Sum: 0, Workers: 4
[1947.675s][debug][gc,phases      ] GC(141)     Total                          Min: 0, Avg:  1.0, Max: 4, Diff: 4, Sum: 4, Workers: 4
[1947.675s][debug][gc,phases      ] GC(141)   JVMTI Tag Weak OopStorage      Min:  0.0, Avg:  0.0, Max:  0.0, Diff:  0.0, Sum:  0.0, Workers: 4
[1947.675s][debug][gc,phases      ] GC(141)     Dead                           Min: 0, Avg:  0.0, Max: 0, Diff: 0, Sum: 0, Workers: 4
[1947.675s][debug][gc,phases      ] GC(141)     Total                          Min: 0, Avg:  0.0, Max: 0, Diff: 0, Sum: 0, Workers: 4
[1947.675s][debug][gc,phases      ] GC(141)   StringTable Weak               Min:  0.0, Avg:  0.1, Max:  0.1, Diff:  0.1, Sum:  0.4, Workers: 4
[1947.675s][debug][gc,phases      ] GC(141)     Dead                           Min: 0, Avg:  0.0, Max: 0, Diff: 0, Sum: 0, Workers: 4
[1947.675s][debug][gc,phases      ] GC(141)     Total                          Min: 0, Avg: 10700.8, Max: 18741, Diff: 18741, Sum: 42803, Workers: 4
[1947.675s][debug][gc,phases      ] GC(141)   ResolvedMethodTable Weak       Min:  0.0, Avg:  0.0, Max:  0.0, Diff:  0.0, Sum:  0.1, Workers: 4
[1947.675s][debug][gc,phases      ] GC(141)     Dead                           Min: 0, Avg:  0.0, Max: 0, Diff: 0, Sum: 0, Workers: 4
[1947.675s][debug][gc,phases      ] GC(141)     Total                          Min: 0, Avg: 2283.8, Max: 4206, Diff: 4206, Sum: 9135, Workers: 4
[1947.675s][debug][gc,phases      ] GC(141)   JNI Weak                       Min:  0.0, Avg:  0.0, Max:  0.0, Diff:  0.0, Sum:  0.0, Workers: 4
[1947.675s][debug][gc,phases      ] GC(141)     Dead                           Min: 0, Avg:  0.0, Max: 0, Diff: 0, Sum: 0, Workers: 4
[1947.675s][debug][gc,phases      ] GC(141)     Total                          Min: 0, Avg: 11.2, Max: 45, Diff: 45, Sum: 45, Workers: 4
[1947.675s][debug][gc,phases      ] GC(141)   StringDedup Table Weak         Min:  0.0, Avg:  0.0, Max:  0.0, Diff:  0.0, Sum:  0.0, Workers: 4
[1947.675s][debug][gc,phases      ] GC(141)     Dead                           Min: 0, Avg:  0.0, Max: 0, Diff: 0, Sum: 0, Workers: 4
[1947.675s][debug][gc,phases      ] GC(141)     Total                          Min: 0, Avg:  0.0, Max: 0, Diff: 0, Sum: 0, Workers: 4
[1947.675s][debug][gc,phases      ] GC(141)   StringDedup Requests0 Weak     Min:  0.0, Avg:  0.0, Max:  0.0, Diff:  0.0, Sum:  0.0, Workers: 4
[1947.675s][debug][gc,phases      ] GC(141)     Dead                           Min: 0, Avg:  0.0, Max: 0, Diff: 0, Sum: 0, Workers: 4
[1947.675s][debug][gc,phases      ] GC(141)     Total                          Min: 0, Avg:  0.0, Max: 0, Diff: 0, Sum: 0, Workers: 4
[1947.675s][debug][gc,phases      ] GC(141)   StringDedup Requests1 Weak     Min:  0.0, Avg:  0.0, Max:  0.0, Diff:  0.0, Sum:  0.0, Workers: 4
[1947.675s][debug][gc,phases      ] GC(141)     Dead                           Min: 0, Avg:  0.0, Max: 0, Diff: 0, Sum: 0, Workers: 4
[1947.675s][debug][gc,phases      ] GC(141)     Total                          Min: 0, Avg:  0.0, Max: 0, Diff: 0, Sum: 0, Workers: 4
[1947.675s][debug][gc,phases      ] GC(141)   Weak JFR Old Object Samples    Min:  0.0, Avg:  0.0, Max:  0.0, Diff:  0.0, Sum:  0.0, Workers: 4
[1947.675s][debug][gc,phases      ] GC(141)     Dead                           Min: 0, Avg:  0.0, Max: 0, Diff: 0, Sum: 0, Workers: 4
[1947.675s][debug][gc,phases      ] GC(141)     Total                          Min: 0, Avg:  0.0, Max: 0, Diff: 0, Sum: 0, Workers: 4
[1947.675s][debug][gc,phases      ] GC(141) Weak Processing 0.344ms
[1947.675s][debug][gc,age         ] GC(141) Desired survivor size 524288 bytes, new threshold 15 (max threshold 15)
[1947.675s][info ][gc,heap        ] GC(141) PSYoungGen: 2096352K(2096640K)->192K(2096640K) Eden: 2096128K(2096128K)->0K(2096128K) From: 224K(512K)->192K(512K)
[1947.675s][info ][gc,heap        ] GC(141) ParOldGen: 235926K(324096K)->235934K(324096K)
[1947.675s][info ][gc,metaspace   ] GC(141) Metaspace: 80136K(81024K)->80136K(81024K) NonClass: 68409K(68864K)->68409K(68864K) Class: 11727K(12160K)->11727K(12160K)
[1947.675s][info ][gc             ] GC(141) Pause Young (Allocation Failure) 2277M->230M(2364M) 2.036ms
[1947.675s][info ][gc,cpu         ] GC(141) User=0.00s Sys=0.00s Real=0.00s
[1947.675s][info ][safepoint      ] Safepoint "ParallelGCFailedAllocation", Time since last: 16445135519 ns, Reaching safepoint: 4500 ns, Cleanup: 23601 ns, At safepoint: 2103809 ns, Total: 2131910 ns
[1964.074s][info ][gc,start       ] GC(142) Pause Young (Allocation Failure)
[1964.076s][debug][gc,phases      ] GC(142) Scavenge 1.429ms
[1964.076s][debug][gc,ref         ] GC(142) Skipped phase 1 of Reference Processing: no references
[1964.076s][debug][gc,ref         ] GC(142) Skipped phase 2 of Reference Processing: no references
[1964.076s][debug][gc,ref         ] GC(142) Skipped phase 3 of Reference Processing: no references
[1964.076s][debug][gc,ref         ] GC(142) Skipped phase 4 of Reference Processing: no references
[1964.076s][debug][gc,phases      ] GC(142) Reference Processing 0.023ms
[1964.076s][debug][gc,phases      ] GC(142)   VM Weak                        Min:  0.0, Avg:  0.0, Max:  0.0, Diff:  0.0, Sum:  0.0, Workers: 4
[1964.076s][debug][gc,phases      ] GC(142)     Dead                           Min: 0, Avg:  0.0, Max: 0, Diff: 0, Sum: 0, Workers: 4
[1964.076s][debug][gc,phases      ] GC(142)     Total                          Min: 0, Avg: 172.8, Max: 691, Diff: 691, Sum: 691, Workers: 4
[1964.076s][debug][gc,phases      ] GC(142)   ObjectSynchronizer Weak        Min:  0.0, Avg:  0.0, Max:  0.0, Diff:  0.0, Sum:  0.0, Workers: 4
[1964.076s][debug][gc,phases      ] GC(142)     Dead                           Min: 0, Avg:  0.0, Max: 0, Diff: 0, Sum: 0, Workers: 4
[1964.076s][debug][gc,phases      ] GC(142)     Total                          Min: 0, Avg:  1.0, Max: 4, Diff: 4, Sum: 4, Workers: 4
[1964.076s][debug][gc,phases      ] GC(142)   JVMTI Tag Weak OopStorage      Min:  0.0, Avg:  0.0, Max:  0.0, Diff:  0.0, Sum:  0.0, Workers: 4
[1964.076s][debug][gc,phases      ] GC(142)     Dead                           Min: 0, Avg:  0.0, Max: 0, Diff: 0, Sum: 0, Workers: 4
[1964.076s][debug][gc,phases      ] GC(142)     Total                          Min: 0, Avg:  0.0, Max: 0, Diff: 0, Sum: 0, Workers: 4
[1964.076s][debug][gc,phases      ] GC(142)   StringTable Weak               Min:  0.0, Avg:  0.1, Max:  0.1, Diff:  0.1, Sum:  0.4, Workers: 4
[1964.076s][debug][gc,phases      ] GC(142)     Dead                           Min: 0, Avg:  0.0, Max: 0, Diff: 0, Sum: 0, Workers: 4
[1964.076s][debug][gc,phases      ] GC(142)     Total                          Min: 0, Avg: 10700.8, Max: 16958, Diff: 16958, Sum: 42803, Workers: 4
[1964.076s][debug][gc,phases      ] GC(142)   ResolvedMethodTable Weak       Min:  0.0, Avg:  0.0, Max:  0.0, Diff:  0.0, Sum:  0.1, Workers: 4
[1964.076s][debug][gc,phases      ] GC(142)     Dead                           Min: 0, Avg:  0.0, Max: 0, Diff: 0, Sum: 0, Workers: 4
[1964.076s][debug][gc,phases      ] GC(142)     Total                          Min: 0, Avg: 2283.8, Max: 4053, Diff: 4053, Sum: 9135, Workers: 4
[1964.076s][debug][gc,phases      ] GC(142)   JNI Weak                       Min:  0.0, Avg:  0.0, Max:  0.0, Diff:  0.0, Sum:  0.0, Workers: 4
[1964.076s][debug][gc,phases      ] GC(142)     Dead                           Min: 0, Avg:  0.0, Max: 0, Diff: 0, Sum: 0, Workers: 4
[1964.076s][debug][gc,phases      ] GC(142)     Total                          Min: 0, Avg: 11.2, Max: 45, Diff: 45, Sum: 45, Workers: 4
[1964.076s][debug][gc,phases      ] GC(142)   StringDedup Table Weak         Min:  0.0, Avg:  0.0, Max:  0.0, Diff:  0.0, Sum:  0.0, Workers: 4
[1964.076s][debug][gc,phases      ] GC(142)     Dead                           Min: 0, Avg:  0.0, Max: 0, Diff: 0, Sum: 0, Workers: 4
[1964.076s][debug][gc,phases      ] GC(142)     Total                          Min: 0, Avg:  0.0, Max: 0, Diff: 0, Sum: 0, Workers: 4
[1964.076s][debug][gc,phases      ] GC(142)   StringDedup Requests0 Weak     Min:  0.0, Avg:  0.0, Max:  0.0, Diff:  0.0, Sum:  0.0, Workers: 4
[1964.076s][debug][gc,phases      ] GC(142)     Dead                           Min: 0, Avg:  0.0, Max: 0, Diff: 0, Sum: 0, Workers: 4
[1964.076s][debug][gc,phases      ] GC(142)     Total                          Min: 0, Avg:  0.0, Max: 0, Diff: 0, Sum: 0, Workers: 4
[1964.076s][debug][gc,phases      ] GC(142)   StringDedup Requests1 Weak     Min:  0.0, Avg:  0.0, Max:  0.0, Diff:  0.0, Sum:  0.0, Workers: 4
[1964.076s][debug][gc,phases      ] GC(142)     Dead                           Min: 0, Avg:  0.0, Max: 0, Diff: 0, Sum: 0, Workers: 4
[1964.076s][debug][gc,phases      ] GC(142)     Total                          Min: 0, Avg:  0.0, Max: 0, Diff: 0, Sum: 0, Workers: 4
[1964.076s][debug][gc,phases      ] GC(142)   Weak JFR Old Object Samples    Min:  0.0, Avg:  0.0, Max:  0.0, Diff:  0.0, Sum:  0.0, Workers: 4
[1964.076s][debug][gc,phases      ] GC(142)     Dead                           Min: 0, Avg:  0.0, Max: 0, Diff: 0, Sum: 0, Workers: 4
[1964.076s][debug][gc,phases      ] GC(142)     Total                          Min: 0, Avg:  0.0, Max: 0, Diff: 0, Sum: 0, Workers: 4
[1964.076s][debug][gc,phases      ] GC(142) Weak Processing 0.351ms
[1964.076s][debug][gc,age         ] GC(142) Desired survivor size 524288 bytes, new threshold 15 (max threshold 15)
[1964.076s][info ][gc,heap        ] GC(142) PSYoungGen: 2096320K(2096640K)->256K(2096640K) Eden: 2096128K(2096128K)->0K(2096128K) From: 192K(512K)->256K(512K)
[1964.076s][info ][gc,heap        ] GC(142) ParOldGen: 235934K(324096K)->235942K(324096K)
[1964.076s][info ][gc,metaspace   ] GC(142) Metaspace: 80136K(81024K)->80136K(81024K) NonClass: 68409K(68864K)->68409K(68864K) Class: 11727K(12160K)->11727K(12160K)
[1964.076s][info ][gc             ] GC(142) Pause Young (Allocation Failure) 2277M->230M(2364M) 1.932ms
[1964.076s][info ][gc,cpu         ] GC(142) User=0.01s Sys=0.00s Real=0.00s
[1964.076s][info ][safepoint      ] Safepoint "ParallelGCFailedAllocation", Time since last: 16399036605 ns, Reaching safepoint: 4000 ns, Cleanup: 45300 ns, At safepoint: 2022208 ns, Total: 2071508 ns
[1980.476s][info ][gc,start       ] GC(143) Pause Young (Allocation Failure)
[1980.478s][debug][gc,phases      ] GC(143) Scavenge 2.242ms
[1980.478s][debug][gc,ref         ] GC(143) Skipped phase 1 of Reference Processing: no references
[1980.478s][debug][gc,ref         ] GC(143) ReferenceProcessor::execute queues: 1, RefProcThreadModel::Single, marks_oops_alive: false
[1980.478s][debug][gc,ref         ] GC(143) Skipped phase 3 of Reference Processing: no references
[1980.478s][debug][gc,ref         ] GC(143) Skipped phase 4 of Reference Processing: no references
[1980.478s][debug][gc,phases      ] GC(143) Reference Processing 0.093ms
[1980.479s][debug][gc,phases      ] GC(143)   VM Weak                        Min:  0.0, Avg:  0.0, Max:  0.0, Diff:  0.0, Sum:  0.0, Workers: 4
[1980.479s][debug][gc,phases      ] GC(143)     Dead                           Min: 0, Avg:  0.0, Max: 0, Diff: 0, Sum: 0, Workers: 4
[1980.479s][debug][gc,phases      ] GC(143)     Total                          Min: 0, Avg: 172.8, Max: 576, Diff: 576, Sum: 691, Workers: 4
[1980.479s][debug][gc,phases      ] GC(143)   ObjectSynchronizer Weak        Min:  0.0, Avg:  0.0, Max:  0.0, Diff:  0.0, Sum:  0.0, Workers: 4
[1980.479s][debug][gc,phases      ] GC(143)     Dead                           Min: 0, Avg:  0.0, Max: 0, Diff: 0, Sum: 0, Workers: 4
[1980.479s][debug][gc,phases      ] GC(143)     Total                          Min: 0, Avg:  1.0, Max: 4, Diff: 4, Sum: 4, Workers: 4
[1980.479s][debug][gc,phases      ] GC(143)   JVMTI Tag Weak OopStorage      Min:  0.0, Avg:  0.0, Max:  0.0, Diff:  0.0, Sum:  0.0, Workers: 4
[1980.479s][debug][gc,phases      ] GC(143)     Dead                           Min: 0, Avg:  0.0, Max: 0, Diff: 0, Sum: 0, Workers: 4
[1980.479s][debug][gc,phases      ] GC(143)     Total                          Min: 0, Avg:  0.0, Max: 0, Diff: 0, Sum: 0, Workers: 4
[1980.479s][debug][gc,phases      ] GC(143)   StringTable Weak               Min:  0.0, Avg:  0.1, Max:  0.1, Diff:  0.1, Sum:  0.4, Workers: 4
[1980.479s][debug][gc,phases      ] GC(143)     Dead                           Min: 0, Avg:  0.0, Max: 0, Diff: 0, Sum: 0, Workers: 4
[1980.479s][debug][gc,phases      ] GC(143)     Total                          Min: 0, Avg: 10700.8, Max: 19124, Diff: 19124, Sum: 42803, Workers: 4
[1980.479s][debug][gc,phases      ] GC(143)   ResolvedMethodTable Weak       Min:  0.0, Avg:  0.0, Max:  0.0, Diff:  0.0, Sum:  0.1, Workers: 4
[1980.479s][debug][gc,phases      ] GC(143)     Dead                           Min: 0, Avg:  0.0, Max: 0, Diff: 0, Sum: 0, Workers: 4
[1980.479s][debug][gc,phases      ] GC(143)     Total                          Min: 0, Avg: 2283.8, Max: 3625, Diff: 3625, Sum: 9135, Workers: 4
[1980.479s][debug][gc,phases      ] GC(143)   JNI Weak                       Min:  0.0, Avg:  0.0, Max:  0.0, Diff:  0.0, Sum:  0.0, Workers: 4
[1980.479s][debug][gc,phases      ] GC(143)     Dead                           Min: 0, Avg:  0.0, Max: 0, Diff: 0, Sum: 0, Workers: 4
[1980.479s][debug][gc,phases      ] GC(143)     Total                          Min: 0, Avg: 11.2, Max: 45, Diff: 45, Sum: 45, Workers: 4
[1980.479s][debug][gc,phases      ] GC(143)   StringDedup Table Weak         Min:  0.0, Avg:  0.0, Max:  0.0, Diff:  0.0, Sum:  0.0, Workers: 4
[1980.479s][debug][gc,phases      ] GC(143)     Dead                           Min: 0, Avg:  0.0, Max: 0, Diff: 0, Sum: 0, Workers: 4
[1980.479s][debug][gc,phases      ] GC(143)     Total                          Min: 0, Avg:  0.0, Max: 0, Diff: 0, Sum: 0, Workers: 4
[1980.479s][debug][gc,phases      ] GC(143)   StringDedup Requests0 Weak     Min:  0.0, Avg:  0.0, Max:  0.0, Diff:  0.0, Sum:  0.0, Workers: 4
[1980.479s][debug][gc,phases      ] GC(143)     Dead                           Min: 0, Avg:  0.0, Max: 0, Diff: 0, Sum: 0, Workers: 4
[1980.479s][debug][gc,phases      ] GC(143)     Total                          Min: 0, Avg:  0.0, Max: 0, Diff: 0, Sum: 0, Workers: 4
[1980.479s][debug][gc,phases      ] GC(143)   StringDedup Requests1 Weak     Min:  0.0, Avg:  0.0, Max:  0.0, Diff:  0.0, Sum:  0.0, Workers: 4
[1980.479s][debug][gc,phases      ] GC(143)     Dead                           Min: 0, Avg:  0.0, Max: 0, Diff: 0, Sum: 0, Workers: 4
[1980.479s][debug][gc,phases      ] GC(143)     Total                          Min: 0, Avg:  0.0, Max: 0, Diff: 0, Sum: 0, Workers: 4
[1980.479s][debug][gc,phases      ] GC(143)   Weak JFR Old Object Samples    Min:  0.0, Avg:  0.0, Max:  0.0, Diff:  0.0, Sum:  0.0, Workers: 4
[1980.479s][debug][gc,phases      ] GC(143)     Dead                           Min: 0, Avg:  0.0, Max: 0, Diff: 0, Sum: 0, Workers: 4
[1980.479s][debug][gc,phases      ] GC(143)     Total                          Min: 0, Avg:  0.0, Max: 0, Diff: 0, Sum: 0, Workers: 4
[1980.479s][debug][gc,phases      ] GC(143) Weak Processing 0.339ms
[1980.479s][debug][gc,age         ] GC(143) Desired survivor size 524288 bytes, new threshold 15 (max threshold 15)
[1980.479s][info ][gc,heap        ] GC(143) PSYoungGen: 2096384K(2096640K)->160K(2096640K) Eden: 2096128K(2096128K)->0K(2096128K) From: 256K(512K)->160K(512K)
[1980.479s][info ][gc,heap        ] GC(143) ParOldGen: 235942K(324096K)->235950K(324096K)
[1980.479s][info ][gc,metaspace   ] GC(143) Metaspace: 80136K(81024K)->80136K(81024K) NonClass: 68409K(68864K)->68409K(68864K) Class: 11727K(12160K)->11727K(12160K)
[1980.479s][info ][gc             ] GC(143) Pause Young (Allocation Failure) 2277M->230M(2364M) 2.774ms
[1980.479s][info ][gc,cpu         ] GC(143) User=0.01s Sys=0.00s Real=0.01s
[1980.479s][info ][safepoint      ] Safepoint "ParallelGCFailedAllocation", Time since last: 16399635136 ns, Reaching safepoint: 6000 ns, Cleanup: 24200 ns, At safepoint: 2841912 ns, Total: 2872112 ns
[1996.923s][info ][gc,start       ] GC(144) Pause Young (Allocation Failure)
[1996.925s][debug][gc,phases      ] GC(144) Scavenge 2.326ms
[1996.925s][debug][gc,ref         ] GC(144) Skipped phase 1 of Reference Processing: no references
[1996.925s][debug][gc,ref         ] GC(144) ReferenceProcessor::execute queues: 1, RefProcThreadModel::Single, marks_oops_alive: false
[1996.925s][debug][gc,ref         ] GC(144) Skipped phase 3 of Reference Processing: no references
[1996.925s][debug][gc,ref         ] GC(144) Skipped phase 4 of Reference Processing: no references
[1996.925s][debug][gc,phases      ] GC(144) Reference Processing 0.099ms
[1996.926s][debug][gc,phases      ] GC(144)   VM Weak                        Min:  0.0, Avg:  0.0, Max:  0.0, Diff:  0.0, Sum:  0.0, Workers: 4
[1996.926s][debug][gc,phases      ] GC(144)     Dead                           Min: 0, Avg:  0.0, Max: 0, Diff: 0, Sum: 0, Workers: 4
[1996.926s][debug][gc,phases      ] GC(144)     Total                          Min: 0, Avg: 172.8, Max: 256, Diff: 256, Sum: 691, Workers: 4
[1996.926s][debug][gc,phases      ] GC(144)   ObjectSynchronizer Weak        Min:  0.0, Avg:  0.0, Max:  0.0, Diff:  0.0, Sum:  0.0, Workers: 4
[1996.926s][debug][gc,phases      ] GC(144)     Dead                           Min: 0, Avg:  0.0, Max: 0, Diff: 0, Sum: 0, Workers: 4
[1996.926s][debug][gc,phases      ] GC(144)     Total                          Min: 0, Avg:  1.0, Max: 4, Diff: 4, Sum: 4, Workers: 4
[1996.926s][debug][gc,phases      ] GC(144)   JVMTI Tag Weak OopStorage      Min:  0.0, Avg:  0.0, Max:  0.0, Diff:  0.0, Sum:  0.0, Workers: 4
[1996.926s][debug][gc,phases      ] GC(144)     Dead                           Min: 0, Avg:  0.0, Max: 0, Diff: 0, Sum: 0, Workers: 4
[1996.926s][debug][gc,phases      ] GC(144)     Total                          Min: 0, Avg:  0.0, Max: 0, Diff: 0, Sum: 0, Workers: 4
[1996.926s][debug][gc,phases      ] GC(144)   StringTable Weak               Min:  0.0, Avg:  0.1, Max:  0.1, Diff:  0.1, Sum:  0.4, Workers: 4
[1996.926s][debug][gc,phases      ] GC(144)     Dead                           Min: 0, Avg:  0.0, Max: 0, Diff: 0, Sum: 0, Workers: 4
[1996.926s][debug][gc,phases      ] GC(144)     Total                          Min: 0, Avg: 10700.8, Max: 19071, Diff: 19071, Sum: 42803, Workers: 4
[1996.926s][debug][gc,phases      ] GC(144)   ResolvedMethodTable Weak       Min:  0.0, Avg:  0.0, Max:  0.0, Diff:  0.0, Sum:  0.1, Workers: 4
[1996.926s][debug][gc,phases      ] GC(144)     Dead                           Min: 0, Avg:  0.0, Max: 0, Diff: 0, Sum: 0, Workers: 4
[1996.926s][debug][gc,phases      ] GC(144)     Total                          Min: 0, Avg: 2283.8, Max: 3695, Diff: 3695, Sum: 9135, Workers: 4
[1996.926s][debug][gc,phases      ] GC(144)   JNI Weak                       Min:  0.0, Avg:  0.0, Max:  0.0, Diff:  0.0, Sum:  0.0, Workers: 4
[1996.926s][debug][gc,phases      ] GC(144)     Dead                           Min: 0, Avg:  0.0, Max: 0, Diff: 0, Sum: 0, Workers: 4
[1996.926s][debug][gc,phases      ] GC(144)     Total                          Min: 0, Avg: 11.2, Max: 45, Diff: 45, Sum: 45, Workers: 4
[1996.926s][debug][gc,phases      ] GC(144)   StringDedup Table Weak         Min:  0.0, Avg:  0.0, Max:  0.0, Diff:  0.0, Sum:  0.0, Workers: 4
[1996.926s][debug][gc,phases      ] GC(144)     Dead                           Min: 0, Avg:  0.0, Max: 0, Diff: 0, Sum: 0, Workers: 4
[1996.926s][debug][gc,phases      ] GC(144)     Total                          Min: 0, Avg:  0.0, Max: 0, Diff: 0, Sum: 0, Workers: 4
[1996.926s][debug][gc,phases      ] GC(144)   StringDedup Requests0 Weak     Min:  0.0, Avg:  0.0, Max:  0.0, Diff:  0.0, Sum:  0.0, Workers: 4
[1996.926s][debug][gc,phases      ] GC(144)     Dead                           Min: 0, Avg:  0.0, Max: 0, Diff: 0, Sum: 0, Workers: 4
[1996.926s][debug][gc,phases      ] GC(144)     Total                          Min: 0, Avg:  0.0, Max: 0, Diff: 0, Sum: 0, Workers: 4
[1996.926s][debug][gc,phases      ] GC(144)   StringDedup Requests1 Weak     Min:  0.0, Avg:  0.0, Max:  0.0, Diff:  0.0, Sum:  0.0, Workers: 4
[1996.926s][debug][gc,phases      ] GC(144)     Dead                           Min: 0, Avg:  0.0, Max: 0, Diff: 0, Sum: 0, Workers: 4
[1996.926s][debug][gc,phases      ] GC(144)     Total                          Min: 0, Avg:  0.0, Max: 0, Diff: 0, Sum: 0, Workers: 4
[1996.926s][debug][gc,phases      ] GC(144)   Weak JFR Old Object Samples    Min:  0.0, Avg:  0.0, Max:  0.0, Diff:  0.0, Sum:  0.0, Workers: 4
[1996.926s][debug][gc,phases      ] GC(144)     Dead                           Min: 0, Avg:  0.0, Max: 0, Diff: 0, Sum: 0, Workers: 4
[1996.926s][debug][gc,phases      ] GC(144)     Total                          Min: 0, Avg:  0.0, Max: 0, Diff: 0, Sum: 0, Workers: 4
[1996.926s][debug][gc,phases      ] GC(144) Weak Processing 0.339ms
[1996.926s][debug][gc,age         ] GC(144) Desired survivor size 524288 bytes, new threshold 15 (max threshold 15)
[1996.926s][info ][gc,heap        ] GC(144) PSYoungGen: 2096288K(2096640K)->288K(2096640K) Eden: 2096128K(2096128K)->0K(2096128K) From: 160K(512K)->288K(512K)
[1996.926s][info ][gc,heap        ] GC(144) ParOldGen: 235950K(324096K)->235958K(324096K)
[1996.926s][info ][gc,metaspace   ] GC(144) Metaspace: 80136K(81024K)->80136K(81024K) NonClass: 68409K(68864K)->68409K(68864K) Class: 11727K(12160K)->11727K(12160K)
[1996.926s][info ][gc             ] GC(144) Pause Young (Allocation Failure) 2277M->230M(2364M) 2.855ms
[1996.926s][info ][gc,cpu         ] GC(144) User=0.00s Sys=0.00s Real=0.00s
[1996.926s][info ][safepoint      ] Safepoint "ParallelGCFailedAllocation", Time since last: 16443984709 ns, Reaching safepoint: 3900 ns, Cleanup: 35501 ns, At safepoint: 2950612 ns, Total: 2990013 ns
[2013.324s][info ][gc,start       ] GC(145) Pause Young (Allocation Failure)
[2013.326s][debug][gc,phases      ] GC(145) Scavenge 1.553ms
[2013.326s][debug][gc,ref         ] GC(145) Skipped phase 1 of Reference Processing: no references
[2013.326s][debug][gc,ref         ] GC(145) ReferenceProcessor::execute queues: 1, RefProcThreadModel::Single, marks_oops_alive: false
[2013.326s][debug][gc,ref         ] GC(145) Skipped phase 3 of Reference Processing: no references
[2013.326s][debug][gc,ref         ] GC(145) Skipped phase 4 of Reference Processing: no references
[2013.326s][debug][gc,phases      ] GC(145) Reference Processing 0.117ms
[2013.326s][debug][gc,phases      ] GC(145)   VM Weak                        Min:  0.0, Avg:  0.0, Max:  0.0, Diff:  0.0, Sum:  0.0, Workers: 4
[2013.326s][debug][gc,phases      ] GC(145)     Dead                           Min: 0, Avg:  0.0, Max: 0, Diff: 0, Sum: 0, Workers: 4
[2013.326s][debug][gc,phases      ] GC(145)     Total                          Min: 0, Avg: 172.8, Max: 371, Diff: 371, Sum: 691, Workers: 4
[2013.326s][debug][gc,phases      ] GC(145)   ObjectSynchronizer Weak        Min:  0.0, Avg:  0.0, Max:  0.0, Diff:  0.0, Sum:  0.0, Workers: 4
[2013.326s][debug][gc,phases      ] GC(145)     Dead                           Min: 0, Avg:  0.0, Max: 0, Diff: 0, Sum: 0, Workers: 4
[2013.326s][debug][gc,phases      ] GC(145)     Total                          Min: 0, Avg:  1.0, Max: 4, Diff: 4, Sum: 4, Workers: 4
[2013.326s][debug][gc,phases      ] GC(145)   JVMTI Tag Weak OopStorage      Min:  0.0, Avg:  0.0, Max:  0.0, Diff:  0.0, Sum:  0.0, Workers: 4
[2013.326s][debug][gc,phases      ] GC(145)     Dead                           Min: 0, Avg:  0.0, Max: 0, Diff: 0, Sum: 0, Workers: 4
[2013.326s][debug][gc,phases      ] GC(145)     Total                          Min: 0, Avg:  0.0, Max: 0, Diff: 0, Sum: 0, Workers: 4
[2013.326s][debug][gc,phases      ] GC(145)   StringTable Weak               Min:  0.0, Avg:  0.1, Max:  0.1, Diff:  0.1, Sum:  0.4, Workers: 4
[2013.326s][debug][gc,phases      ] GC(145)     Dead                           Min: 0, Avg:  0.0, Max: 0, Diff: 0, Sum: 0, Workers: 4
[2013.326s][debug][gc,phases      ] GC(145)     Total                          Min: 0, Avg: 10700.8, Max: 16947, Diff: 16947, Sum: 42803, Workers: 4
[2013.326s][debug][gc,phases      ] GC(145)   ResolvedMethodTable Weak       Min:  0.0, Avg:  0.0, Max:  0.0, Diff:  0.0, Sum:  0.1, Workers: 4
[2013.326s][debug][gc,phases      ] GC(145)     Dead                           Min: 0, Avg:  0.0, Max: 0, Diff: 0, Sum: 0, Workers: 4
[2013.326s][debug][gc,phases      ] GC(145)     Total                          Min: 0, Avg: 2283.8, Max: 3558, Diff: 3558, Sum: 9135, Workers: 4
[2013.326s][debug][gc,phases      ] GC(145)   JNI Weak                       Min:  0.0, Avg:  0.0, Max:  0.0, Diff:  0.0, Sum:  0.0, Workers: 4
[2013.326s][debug][gc,phases      ] GC(145)     Dead                           Min: 0, Avg:  0.0, Max: 0, Diff: 0, Sum: 0, Workers: 4
[2013.326s][debug][gc,phases      ] GC(145)     Total                          Min: 0, Avg: 11.2, Max: 45, Diff: 45, Sum: 45, Workers: 4
[2013.326s][debug][gc,phases      ] GC(145)   StringDedup Table Weak         Min:  0.0, Avg:  0.0, Max:  0.0, Diff:  0.0, Sum:  0.0, Workers: 4
[2013.326s][debug][gc,phases      ] GC(145)     Dead                           Min: 0, Avg:  0.0, Max: 0, Diff: 0, Sum: 0, Workers: 4
[2013.326s][debug][gc,phases      ] GC(145)     Total                          Min: 0, Avg:  0.0, Max: 0, Diff: 0, Sum: 0, Workers: 4
[2013.326s][debug][gc,phases      ] GC(145)   StringDedup Requests0 Weak     Min:  0.0, Avg:  0.0, Max:  0.0, Diff:  0.0, Sum:  0.0, Workers: 4
[2013.326s][debug][gc,phases      ] GC(145)     Dead                           Min: 0, Avg:  0.0, Max: 0, Diff: 0, Sum: 0, Workers: 4
[2013.326s][debug][gc,phases      ] GC(145)     Total                          Min: 0, Avg:  0.0, Max: 0, Diff: 0, Sum: 0, Workers: 4
[2013.326s][debug][gc,phases      ] GC(145)   StringDedup Requests1 Weak     Min:  0.0, Avg:  0.0, Max:  0.0, Diff:  0.0, Sum:  0.0, Workers: 4
[2013.326s][debug][gc,phases      ] GC(145)     Dead                           Min: 0, Avg:  0.0, Max: 0, Diff: 0, Sum: 0, Workers: 4
[2013.326s][debug][gc,phases      ] GC(145)     Total                          Min: 0, Avg:  0.0, Max: 0, Diff: 0, Sum: 0, Workers: 4
[2013.326s][debug][gc,phases      ] GC(145)   Weak JFR Old Object Samples    Min:  0.0, Avg:  0.0, Max:  0.0, Diff:  0.0, Sum:  0.0, Workers: 4
[2013.326s][debug][gc,phases      ] GC(145)     Dead                           Min: 0, Avg:  0.0, Max: 0, Diff: 0, Sum: 0, Workers: 4
[2013.326s][debug][gc,phases      ] GC(145)     Total                          Min: 0, Avg:  0.0, Max: 0, Diff: 0, Sum: 0, Workers: 4
[2013.326s][debug][gc,phases      ] GC(145) Weak Processing 0.325ms
[2013.326s][debug][gc,age         ] GC(145) Desired survivor size 524288 bytes, new threshold 15 (max threshold 15)
[2013.326s][info ][gc,heap        ] GC(145) PSYoungGen: 2096416K(2096640K)->192K(2096640K) Eden: 2096128K(2096128K)->0K(2096128K) From: 288K(512K)->192K(512K)
[2013.326s][info ][gc,heap        ] GC(145) ParOldGen: 235958K(324096K)->235966K(324096K)
[2013.326s][info ][gc,metaspace   ] GC(145) Metaspace: 80136K(81024K)->80136K(81024K) NonClass: 68409K(68864K)->68409K(68864K) Class: 11727K(12160K)->11727K(12160K)
[2013.326s][info ][gc             ] GC(145) Pause Young (Allocation Failure) 2277M->230M(2364M) 2.116ms
[2013.326s][info ][gc,cpu         ] GC(145) User=0.01s Sys=0.00s Real=0.00s
[2013.326s][info ][safepoint      ] Safepoint "ParallelGCFailedAllocation", Time since last: 16398161793 ns, Reaching safepoint: 5700 ns, Cleanup: 33700 ns, At safepoint: 2178809 ns, Total: 2218209 ns
[2016.326s][info ][safepoint      ] Safepoint "Cleanup", Time since last: 3000190980 ns, Reaching safepoint: 80301 ns, Cleanup: 40600 ns, At safepoint: 5200 ns, Total: 126101 ns
[2029.725s][info ][gc,start       ] GC(146) Pause Young (Allocation Failure)
[2029.727s][debug][gc,phases      ] GC(146) Scavenge 1.552ms
[2029.727s][debug][gc,ref         ] GC(146) Skipped phase 1 of Reference Processing: no references
[2029.727s][debug][gc,ref         ] GC(146) ReferenceProcessor::execute queues: 1, RefProcThreadModel::Single, marks_oops_alive: false
[2029.727s][debug][gc,ref         ] GC(146) Skipped phase 3 of Reference Processing: no references
[2029.727s][debug][gc,ref         ] GC(146) Skipped phase 4 of Reference Processing: no references
[2029.727s][debug][gc,phases      ] GC(146) Reference Processing 0.092ms
[2029.727s][debug][gc,phases      ] GC(146)   VM Weak                        Min:  0.0, Avg:  0.0, Max:  0.0, Diff:  0.0, Sum:  0.0, Workers: 4
[2029.727s][debug][gc,phases      ] GC(146)     Dead                           Min: 0, Avg:  0.0, Max: 0, Diff: 0, Sum: 0, Workers: 4
[2029.727s][debug][gc,phases      ] GC(146)     Total                          Min: 0, Avg: 172.8, Max: 371, Diff: 371, Sum: 691, Workers: 4
[2029.727s][debug][gc,phases      ] GC(146)   ObjectSynchronizer Weak        Min:  0.0, Avg:  0.0, Max:  0.0, Diff:  0.0, Sum:  0.0, Workers: 4
[2029.727s][debug][gc,phases      ] GC(146)     Dead                           Min: 0, Avg:  0.0, Max: 0, Diff: 0, Sum: 0, Workers: 4
[2029.727s][debug][gc,phases      ] GC(146)     Total                          Min: 0, Avg:  1.0, Max: 4, Diff: 4, Sum: 4, Workers: 4
[2029.727s][debug][gc,phases      ] GC(146)   JVMTI Tag Weak OopStorage      Min:  0.0, Avg:  0.0, Max:  0.0, Diff:  0.0, Sum:  0.0, Workers: 4
[2029.727s][debug][gc,phases      ] GC(146)     Dead                           Min: 0, Avg:  0.0, Max: 0, Diff: 0, Sum: 0, Workers: 4
[2029.727s][debug][gc,phases      ] GC(146)     Total                          Min: 0, Avg:  0.0, Max: 0, Diff: 0, Sum: 0, Workers: 4
[2029.727s][debug][gc,phases      ] GC(146)   StringTable Weak               Min:  0.0, Avg:  0.1, Max:  0.1, Diff:  0.1, Sum:  0.4, Workers: 4
[2029.727s][debug][gc,phases      ] GC(146)     Dead                           Min: 0, Avg:  0.0, Max: 0, Diff: 0, Sum: 0, Workers: 4
[2029.727s][debug][gc,phases      ] GC(146)     Total                          Min: 0, Avg: 10700.8, Max: 17973, Diff: 17973, Sum: 42803, Workers: 4
[2029.727s][debug][gc,phases      ] GC(146)   ResolvedMethodTable Weak       Min:  0.0, Avg:  0.0, Max:  0.0, Diff:  0.0, Sum:  0.1, Workers: 4
[2029.727s][debug][gc,phases      ] GC(146)     Dead                           Min: 0, Avg:  0.0, Max: 0, Diff: 0, Sum: 0, Workers: 4
[2029.727s][debug][gc,phases      ] GC(146)     Total                          Min: 0, Avg: 2283.8, Max: 3956, Diff: 3956, Sum: 9135, Workers: 4
[2029.727s][debug][gc,phases      ] GC(146)   JNI Weak                       Min:  0.0, Avg:  0.0, Max:  0.0, Diff:  0.0, Sum:  0.0, Workers: 4
[2029.727s][debug][gc,phases      ] GC(146)     Dead                           Min: 0, Avg:  0.0, Max: 0, Diff: 0, Sum: 0, Workers: 4
[2029.727s][debug][gc,phases      ] GC(146)     Total                          Min: 0, Avg: 11.2, Max: 45, Diff: 45, Sum: 45, Workers: 4
[2029.727s][debug][gc,phases      ] GC(146)   StringDedup Table Weak         Min:  0.0, Avg:  0.0, Max:  0.0, Diff:  0.0, Sum:  0.0, Workers: 4
[2029.727s][debug][gc,phases      ] GC(146)     Dead                           Min: 0, Avg:  0.0, Max: 0, Diff: 0, Sum: 0, Workers: 4
[2029.727s][debug][gc,phases      ] GC(146)     Total                          Min: 0, Avg:  0.0, Max: 0, Diff: 0, Sum: 0, Workers: 4
[2029.727s][debug][gc,phases      ] GC(146)   StringDedup Requests0 Weak     Min:  0.0, Avg:  0.0, Max:  0.0, Diff:  0.0, Sum:  0.0, Workers: 4
[2029.727s][debug][gc,phases      ] GC(146)     Dead                           Min: 0, Avg:  0.0, Max: 0, Diff: 0, Sum: 0, Workers: 4
[2029.727s][debug][gc,phases      ] GC(146)     Total                          Min: 0, Avg:  0.0, Max: 0, Diff: 0, Sum: 0, Workers: 4
[2029.727s][debug][gc,phases      ] GC(146)   StringDedup Requests1 Weak     Min:  0.0, Avg:  0.0, Max:  0.0, Diff:  0.0, Sum:  0.0, Workers: 4
[2029.727s][debug][gc,phases      ] GC(146)     Dead                           Min: 0, Avg:  0.0, Max: 0, Diff: 0, Sum: 0, Workers: 4
[2029.727s][debug][gc,phases      ] GC(146)     Total                          Min: 0, Avg:  0.0, Max: 0, Diff: 0, Sum: 0, Workers: 4
[2029.727s][debug][gc,phases      ] GC(146)   Weak JFR Old Object Samples    Min:  0.0, Avg:  0.0, Max:  0.0, Diff:  0.0, Sum:  0.0, Workers: 4
[2029.727s][debug][gc,phases      ] GC(146)     Dead                           Min: 0, Avg:  0.0, Max: 0, Diff: 0, Sum: 0, Workers: 4
[2029.727s][debug][gc,phases      ] GC(146)     Total                          Min: 0, Avg:  0.0, Max: 0, Diff: 0, Sum: 0, Workers: 4
[2029.727s][debug][gc,phases      ] GC(146) Weak Processing 0.344ms
[2029.727s][debug][gc,age         ] GC(146) Desired survivor size 524288 bytes, new threshold 15 (max threshold 15)
[2029.727s][info ][gc,heap        ] GC(146) PSYoungGen: 2096320K(2096640K)->256K(2096640K) Eden: 2096128K(2096128K)->0K(2096128K) From: 192K(512K)->256K(512K)
[2029.727s][info ][gc,heap        ] GC(146) ParOldGen: 235966K(324096K)->235966K(324096K)
[2029.727s][info ][gc,metaspace   ] GC(146) Metaspace: 80136K(81024K)->80136K(81024K) NonClass: 68409K(68864K)->68409K(68864K) Class: 11727K(12160K)->11727K(12160K)
[2029.727s][info ][gc             ] GC(146) Pause Young (Allocation Failure) 2277M->230M(2364M) 2.083ms
[2029.727s][info ][gc,cpu         ] GC(146) User=0.01s Sys=0.00s Real=0.00s
[2029.727s][info ][safepoint      ] Safepoint "ParallelGCFailedAllocation", Time since last: 13398513044 ns, Reaching safepoint: 4300 ns, Cleanup: 27900 ns, At safepoint: 2170309 ns, Total: 2202509 ns
[2046.173s][info ][gc,start       ] GC(147) Pause Young (Allocation Failure)
[2046.175s][debug][gc,phases      ] GC(147) Scavenge 1.536ms
[2046.175s][debug][gc,ref         ] GC(147) Skipped phase 1 of Reference Processing: no references
[2046.175s][debug][gc,ref         ] GC(147) Skipped phase 2 of Reference Processing: no references
[2046.175s][debug][gc,ref         ] GC(147) Skipped phase 3 of Reference Processing: no references
[2046.175s][debug][gc,ref         ] GC(147) Skipped phase 4 of Reference Processing: no references
[2046.175s][debug][gc,phases      ] GC(147) Reference Processing 0.020ms
[2046.175s][debug][gc,phases      ] GC(147)   VM Weak                        Min:  0.0, Avg:  0.0, Max:  0.0, Diff:  0.0, Sum:  0.0, Workers: 4
[2046.175s][debug][gc,phases      ] GC(147)     Dead                           Min: 0, Avg:  0.0, Max: 0, Diff: 0, Sum: 0, Workers: 4
[2046.175s][debug][gc,phases      ] GC(147)     Total                          Min: 0, Avg: 172.8, Max: 691, Diff: 691, Sum: 691, Workers: 4
[2046.175s][debug][gc,phases      ] GC(147)   ObjectSynchronizer Weak        Min:  0.0, Avg:  0.0, Max:  0.0, Diff:  0.0, Sum:  0.0, Workers: 4
[2046.175s][debug][gc,phases      ] GC(147)     Dead                           Min: 0, Avg:  0.0, Max: 0, Diff: 0, Sum: 0, Workers: 4
[2046.175s][debug][gc,phases      ] GC(147)     Total                          Min: 0, Avg:  1.0, Max: 4, Diff: 4, Sum: 4, Workers: 4
[2046.175s][debug][gc,phases      ] GC(147)   JVMTI Tag Weak OopStorage      Min:  0.0, Avg:  0.0, Max:  0.0, Diff:  0.0, Sum:  0.0, Workers: 4
[2046.175s][debug][gc,phases      ] GC(147)     Dead                           Min: 0, Avg:  0.0, Max: 0, Diff: 0, Sum: 0, Workers: 4
[2046.175s][debug][gc,phases      ] GC(147)     Total                          Min: 0, Avg:  0.0, Max: 0, Diff: 0, Sum: 0, Workers: 4
[2046.175s][debug][gc,phases      ] GC(147)   StringTable Weak               Min:  0.0, Avg:  0.1, Max:  0.1, Diff:  0.1, Sum:  0.4, Workers: 4
[2046.175s][debug][gc,phases      ] GC(147)     Dead                           Min: 0, Avg:  0.0, Max: 0, Diff: 0, Sum: 0, Workers: 4
[2046.175s][debug][gc,phases      ] GC(147)     Total                          Min: 0, Avg: 10700.8, Max: 19072, Diff: 19072, Sum: 42803, Workers: 4
[2046.175s][debug][gc,phases      ] GC(147)   ResolvedMethodTable Weak       Min:  0.0, Avg:  0.0, Max:  0.0, Diff:  0.0, Sum:  0.1, Workers: 4
[2046.175s][debug][gc,phases      ] GC(147)     Dead                           Min: 0, Avg:  0.0, Max: 0, Diff: 0, Sum: 0, Workers: 4
[2046.175s][debug][gc,phases      ] GC(147)     Total                          Min: 0, Avg: 2283.8, Max: 4278, Diff: 4278, Sum: 9135, Workers: 4
[2046.175s][debug][gc,phases      ] GC(147)   JNI Weak                       Min:  0.0, Avg:  0.0, Max:  0.0, Diff:  0.0, Sum:  0.0, Workers: 4
[2046.175s][debug][gc,phases      ] GC(147)     Dead                           Min: 0, Avg:  0.0, Max: 0, Diff: 0, Sum: 0, Workers: 4
[2046.175s][debug][gc,phases      ] GC(147)     Total                          Min: 0, Avg: 11.2, Max: 45, Diff: 45, Sum: 45, Workers: 4
[2046.175s][debug][gc,phases      ] GC(147)   StringDedup Table Weak         Min:  0.0, Avg:  0.0, Max:  0.0, Diff:  0.0, Sum:  0.0, Workers: 4
[2046.175s][debug][gc,phases      ] GC(147)     Dead                           Min: 0, Avg:  0.0, Max: 0, Diff: 0, Sum: 0, Workers: 4
[2046.175s][debug][gc,phases      ] GC(147)     Total                          Min: 0, Avg:  0.0, Max: 0, Diff: 0, Sum: 0, Workers: 4
[2046.175s][debug][gc,phases      ] GC(147)   StringDedup Requests0 Weak     Min:  0.0, Avg:  0.0, Max:  0.0, Diff:  0.0, Sum:  0.0, Workers: 4
[2046.175s][debug][gc,phases      ] GC(147)     Dead                           Min: 0, Avg:  0.0, Max: 0, Diff: 0, Sum: 0, Workers: 4
[2046.175s][debug][gc,phases      ] GC(147)     Total                          Min: 0, Avg:  0.0, Max: 0, Diff: 0, Sum: 0, Workers: 4
[2046.175s][debug][gc,phases      ] GC(147)   StringDedup Requests1 Weak     Min:  0.0, Avg:  0.0, Max:  0.0, Diff:  0.0, Sum:  0.0, Workers: 4
[2046.175s][debug][gc,phases      ] GC(147)     Dead                           Min: 0, Avg:  0.0, Max: 0, Diff: 0, Sum: 0, Workers: 4
[2046.175s][debug][gc,phases      ] GC(147)     Total                          Min: 0, Avg:  0.0, Max: 0, Diff: 0, Sum: 0, Workers: 4
[2046.175s][debug][gc,phases      ] GC(147)   Weak JFR Old Object Samples    Min:  0.0, Avg:  0.0, Max:  0.0, Diff:  0.0, Sum:  0.0, Workers: 4
[2046.175s][debug][gc,phases      ] GC(147)     Dead                           Min: 0, Avg:  0.0, Max: 0, Diff: 0, Sum: 0, Workers: 4
[2046.175s][debug][gc,phases      ] GC(147)     Total                          Min: 0, Avg:  0.0, Max: 0, Diff: 0, Sum: 0, Workers: 4
[2046.175s][debug][gc,phases      ] GC(147) Weak Processing 0.379ms
[2046.175s][debug][gc,age         ] GC(147) Desired survivor size 524288 bytes, new threshold 15 (max threshold 15)
[2046.175s][info ][gc,heap        ] GC(147) PSYoungGen: 2096384K(2096640K)->160K(2096640K) Eden: 2096128K(2096128K)->0K(2096128K) From: 256K(512K)->160K(512K)
[2046.175s][info ][gc,heap        ] GC(147) ParOldGen: 235966K(324096K)->235990K(324096K)
[2046.175s][info ][gc,metaspace   ] GC(147) Metaspace: 80136K(81024K)->80136K(81024K) NonClass: 68409K(68864K)->68409K(68864K) Class: 11727K(12160K)->11727K(12160K)
[2046.175s][info ][gc             ] GC(147) Pause Young (Allocation Failure) 2277M->230M(2364M) 2.030ms
[2046.175s][info ][gc,cpu         ] GC(147) User=0.01s Sys=0.00s Real=0.00s
[2046.175s][info ][safepoint      ] Safepoint "ParallelGCFailedAllocation", Time since last: 16445872073 ns, Reaching safepoint: 3900 ns, Cleanup: 42300 ns, At safepoint: 2086008 ns, Total: 2132208 ns
[2062.574s][info ][gc,start       ] GC(148) Pause Young (Allocation Failure)
[2062.575s][debug][gc,phases      ] GC(148) Scavenge 1.363ms
[2062.575s][debug][gc,ref         ] GC(148) Skipped phase 1 of Reference Processing: no references
[2062.575s][debug][gc,ref         ] GC(148) Skipped phase 2 of Reference Processing: no references
[2062.575s][debug][gc,ref         ] GC(148) Skipped phase 3 of Reference Processing: no references
[2062.575s][debug][gc,ref         ] GC(148) Skipped phase 4 of Reference Processing: no references
[2062.575s][debug][gc,phases      ] GC(148) Reference Processing 0.020ms
[2062.575s][debug][gc,phases      ] GC(148)   VM Weak                        Min:  0.0, Avg:  0.0, Max:  0.0, Diff:  0.0, Sum:  0.0, Workers: 4
[2062.575s][debug][gc,phases      ] GC(148)     Dead                           Min: 0, Avg:  0.0, Max: 0, Diff: 0, Sum: 0, Workers: 4
[2062.575s][debug][gc,phases      ] GC(148)     Total                          Min: 0, Avg: 172.8, Max: 371, Diff: 371, Sum: 691, Workers: 4
[2062.575s][debug][gc,phases      ] GC(148)   ObjectSynchronizer Weak        Min:  0.0, Avg:  0.0, Max:  0.0, Diff:  0.0, Sum:  0.0, Workers: 4
[2062.575s][debug][gc,phases      ] GC(148)     Dead                           Min: 0, Avg:  0.0, Max: 0, Diff: 0, Sum: 0, Workers: 4
[2062.575s][debug][gc,phases      ] GC(148)     Total                          Min: 0, Avg:  1.0, Max: 4, Diff: 4, Sum: 4, Workers: 4
[2062.575s][debug][gc,phases      ] GC(148)   JVMTI Tag Weak OopStorage      Min:  0.0, Avg:  0.0, Max:  0.0, Diff:  0.0, Sum:  0.0, Workers: 4
[2062.575s][debug][gc,phases      ] GC(148)     Dead                           Min: 0, Avg:  0.0, Max: 0, Diff: 0, Sum: 0, Workers: 4
[2062.575s][debug][gc,phases      ] GC(148)     Total                          Min: 0, Avg:  0.0, Max: 0, Diff: 0, Sum: 0, Workers: 4
[2062.575s][debug][gc,phases      ] GC(148)   StringTable Weak               Min:  0.0, Avg:  0.1, Max:  0.1, Diff:  0.1, Sum:  0.4, Workers: 4
[2062.575s][debug][gc,phases      ] GC(148)     Dead                           Min: 0, Avg:  0.0, Max: 0, Diff: 0, Sum: 0, Workers: 4
[2062.575s][debug][gc,phases      ] GC(148)     Total                          Min: 0, Avg: 10700.8, Max: 16319, Diff: 16319, Sum: 42803, Workers: 4
[2062.575s][debug][gc,phases      ] GC(148)   ResolvedMethodTable Weak       Min:  0.0, Avg:  0.0, Max:  0.0, Diff:  0.0, Sum:  0.1, Workers: 4
[2062.575s][debug][gc,phases      ] GC(148)     Dead                           Min: 0, Avg:  0.0, Max: 0, Diff: 0, Sum: 0, Workers: 4
[2062.575s][debug][gc,phases      ] GC(148)     Total                          Min: 0, Avg: 2283.8, Max: 3610, Diff: 3610, Sum: 9135, Workers: 4
[2062.575s][debug][gc,phases      ] GC(148)   JNI Weak                       Min:  0.0, Avg:  0.0, Max:  0.0, Diff:  0.0, Sum:  0.0, Workers: 4
[2062.575s][debug][gc,phases      ] GC(148)     Dead                           Min: 0, Avg:  0.0, Max: 0, Diff: 0, Sum: 0, Workers: 4
[2062.575s][debug][gc,phases      ] GC(148)     Total                          Min: 0, Avg: 11.2, Max: 45, Diff: 45, Sum: 45, Workers: 4
[2062.575s][debug][gc,phases      ] GC(148)   StringDedup Table Weak         Min:  0.0, Avg:  0.0, Max:  0.0, Diff:  0.0, Sum:  0.0, Workers: 4
[2062.575s][debug][gc,phases      ] GC(148)     Dead                           Min: 0, Avg:  0.0, Max: 0, Diff: 0, Sum: 0, Workers: 4
[2062.575s][debug][gc,phases      ] GC(148)     Total                          Min: 0, Avg:  0.0, Max: 0, Diff: 0, Sum: 0, Workers: 4
[2062.576s][debug][gc,phases      ] GC(148)   StringDedup Requests0 Weak     Min:  0.0, Avg:  0.0, Max:  0.0, Diff:  0.0, Sum:  0.0, Workers: 4
[2062.576s][debug][gc,phases      ] GC(148)     Dead                           Min: 0, Avg:  0.0, Max: 0, Diff: 0, Sum: 0, Workers: 4
[2062.576s][debug][gc,phases      ] GC(148)     Total                          Min: 0, Avg:  0.0, Max: 0, Diff: 0, Sum: 0, Workers: 4
[2062.576s][debug][gc,phases      ] GC(148)   StringDedup Requests1 Weak     Min:  0.0, Avg:  0.0, Max:  0.0, Diff:  0.0, Sum:  0.0, Workers: 4
[2062.576s][debug][gc,phases      ] GC(148)     Dead                           Min: 0, Avg:  0.0, Max: 0, Diff: 0, Sum: 0, Workers: 4
[2062.576s][debug][gc,phases      ] GC(148)     Total                          Min: 0, Avg:  0.0, Max: 0, Diff: 0, Sum: 0, Workers: 4
[2062.576s][debug][gc,phases      ] GC(148)   Weak JFR Old Object Samples    Min:  0.0, Avg:  0.0, Max:  0.0, Diff:  0.0, Sum:  0.0, Workers: 4
[2062.576s][debug][gc,phases      ] GC(148)     Dead                           Min: 0, Avg:  0.0, Max: 0, Diff: 0, Sum: 0, Workers: 4
[2062.576s][debug][gc,phases      ] GC(148)     Total                          Min: 0, Avg:  0.0, Max: 0, Diff: 0, Sum: 0, Workers: 4
[2062.576s][debug][gc,phases      ] GC(148) Weak Processing 0.349ms
[2062.576s][debug][gc,age         ] GC(148) Desired survivor size 524288 bytes, new threshold 15 (max threshold 15)
[2062.576s][info ][gc,heap        ] GC(148) PSYoungGen: 2096288K(2096640K)->224K(2096640K) Eden: 2096128K(2096128K)->0K(2096128K) From: 160K(512K)->224K(512K)
[2062.576s][info ][gc,heap        ] GC(148) ParOldGen: 235990K(324096K)->236022K(324096K)
[2062.576s][info ][gc,metaspace   ] GC(148) Metaspace: 80136K(81024K)->80136K(81024K) NonClass: 68409K(68864K)->68409K(68864K) Class: 11727K(12160K)->11727K(12160K)
[2062.576s][info ][gc             ] GC(148) Pause Young (Allocation Failure) 2277M->230M(2364M) 1.824ms
[2062.576s][info ][gc,cpu         ] GC(148) User=0.01s Sys=0.00s Real=0.00s
[2062.576s][info ][safepoint      ] Safepoint "ParallelGCFailedAllocation", Time since last: 16398437879 ns, Reaching safepoint: 5100 ns, Cleanup: 35601 ns, At safepoint: 1916008 ns, Total: 1956709 ns
[2078.975s][info ][gc,start       ] GC(149) Pause Young (Allocation Failure)
[2078.977s][debug][gc,phases      ] GC(149) Scavenge 2.149ms
[2078.977s][debug][gc,ref         ] GC(149) Skipped phase 1 of Reference Processing: no references
[2078.977s][debug][gc,ref         ] GC(149) Skipped phase 2 of Reference Processing: no references
[2078.977s][debug][gc,ref         ] GC(149) Skipped phase 3 of Reference Processing: no references
[2078.977s][debug][gc,ref         ] GC(149) Skipped phase 4 of Reference Processing: no references
[2078.977s][debug][gc,phases      ] GC(149) Reference Processing 0.020ms
[2078.978s][debug][gc,phases      ] GC(149)   VM Weak                        Min:  0.0, Avg:  0.0, Max:  0.0, Diff:  0.0, Sum:  0.0, Workers: 4
[2078.978s][debug][gc,phases      ] GC(149)     Dead                           Min: 0, Avg:  0.0, Max: 0, Diff: 0, Sum: 0, Workers: 4
[2078.978s][debug][gc,phases      ] GC(149)     Total                          Min: 0, Avg: 172.8, Max: 576, Diff: 576, Sum: 691, Workers: 4
[2078.978s][debug][gc,phases      ] GC(149)   ObjectSynchronizer Weak        Min:  0.0, Avg:  0.0, Max:  0.0, Diff:  0.0, Sum:  0.0, Workers: 4
[2078.978s][debug][gc,phases      ] GC(149)     Dead                           Min: 0, Avg:  0.0, Max: 0, Diff: 0, Sum: 0, Workers: 4
[2078.978s][debug][gc,phases      ] GC(149)     Total                          Min: 0, Avg:  1.0, Max: 4, Diff: 4, Sum: 4, Workers: 4
[2078.978s][debug][gc,phases      ] GC(149)   JVMTI Tag Weak OopStorage      Min:  0.0, Avg:  0.0, Max:  0.0, Diff:  0.0, Sum:  0.0, Workers: 4
[2078.978s][debug][gc,phases      ] GC(149)     Dead                           Min: 0, Avg:  0.0, Max: 0, Diff: 0, Sum: 0, Workers: 4
[2078.978s][debug][gc,phases      ] GC(149)     Total                          Min: 0, Avg:  0.0, Max: 0, Diff: 0, Sum: 0, Workers: 4
[2078.978s][debug][gc,phases      ] GC(149)   StringTable Weak               Min:  0.0, Avg:  0.1, Max:  0.1, Diff:  0.1, Sum:  0.4, Workers: 4
[2078.978s][debug][gc,phases      ] GC(149)     Dead                           Min: 0, Avg:  0.0, Max: 0, Diff: 0, Sum: 0, Workers: 4
[2078.978s][debug][gc,phases      ] GC(149)     Total                          Min: 0, Avg: 10700.8, Max: 17333, Diff: 17333, Sum: 42803, Workers: 4
[2078.978s][debug][gc,phases      ] GC(149)   ResolvedMethodTable Weak       Min:  0.0, Avg:  0.0, Max:  0.0, Diff:  0.0, Sum:  0.1, Workers: 4
[2078.978s][debug][gc,phases      ] GC(149)     Dead                           Min: 0, Avg:  0.0, Max: 0, Diff: 0, Sum: 0, Workers: 4
[2078.978s][debug][gc,phases      ] GC(149)     Total                          Min: 0, Avg: 2283.8, Max: 3952, Diff: 3952, Sum: 9135, Workers: 4
[2078.978s][debug][gc,phases      ] GC(149)   JNI Weak                       Min:  0.0, Avg:  0.0, Max:  0.0, Diff:  0.0, Sum:  0.0, Workers: 4
[2078.978s][debug][gc,phases      ] GC(149)     Dead                           Min: 0, Avg:  0.0, Max: 0, Diff: 0, Sum: 0, Workers: 4
[2078.978s][debug][gc,phases      ] GC(149)     Total                          Min: 0, Avg: 11.2, Max: 45, Diff: 45, Sum: 45, Workers: 4
[2078.978s][debug][gc,phases      ] GC(149)   StringDedup Table Weak         Min:  0.0, Avg:  0.0, Max:  0.0, Diff:  0.0, Sum:  0.0, Workers: 4
[2078.978s][debug][gc,phases      ] GC(149)     Dead                           Min: 0, Avg:  0.0, Max: 0, Diff: 0, Sum: 0, Workers: 4
[2078.978s][debug][gc,phases      ] GC(149)     Total                          Min: 0, Avg:  0.0, Max: 0, Diff: 0, Sum: 0, Workers: 4
[2078.978s][debug][gc,phases      ] GC(149)   StringDedup Requests0 Weak     Min:  0.0, Avg:  0.0, Max:  0.0, Diff:  0.0, Sum:  0.0, Workers: 4
[2078.978s][debug][gc,phases      ] GC(149)     Dead                           Min: 0, Avg:  0.0, Max: 0, Diff: 0, Sum: 0, Workers: 4
[2078.978s][debug][gc,phases      ] GC(149)     Total                          Min: 0, Avg:  0.0, Max: 0, Diff: 0, Sum: 0, Workers: 4
[2078.978s][debug][gc,phases      ] GC(149)   StringDedup Requests1 Weak     Min:  0.0, Avg:  0.0, Max:  0.0, Diff:  0.0, Sum:  0.0, Workers: 4
[2078.978s][debug][gc,phases      ] GC(149)     Dead                           Min: 0, Avg:  0.0, Max: 0, Diff: 0, Sum: 0, Workers: 4
[2078.978s][debug][gc,phases      ] GC(149)     Total                          Min: 0, Avg:  0.0, Max: 0, Diff: 0, Sum: 0, Workers: 4
[2078.978s][debug][gc,phases      ] GC(149)   Weak JFR Old Object Samples    Min:  0.0, Avg:  0.0, Max:  0.0, Diff:  0.0, Sum:  0.0, Workers: 4
[2078.978s][debug][gc,phases      ] GC(149)     Dead                           Min: 0, Avg:  0.0, Max: 0, Diff: 0, Sum: 0, Workers: 4
[2078.978s][debug][gc,phases      ] GC(149)     Total                          Min: 0, Avg:  0.0, Max: 0, Diff: 0, Sum: 0, Workers: 4
[2078.978s][debug][gc,phases      ] GC(149) Weak Processing 0.347ms
[2078.978s][debug][gc,age         ] GC(149) Desired survivor size 524288 bytes, new threshold 15 (max threshold 15)
[2078.978s][info ][gc,heap        ] GC(149) PSYoungGen: 2096352K(2096640K)->224K(2096640K) Eden: 2096128K(2096128K)->0K(2096128K) From: 224K(512K)->224K(512K)
[2078.978s][info ][gc,heap        ] GC(149) ParOldGen: 236022K(324096K)->236038K(324096K)
[2078.978s][info ][gc,metaspace   ] GC(149) Metaspace: 80136K(81024K)->80136K(81024K) NonClass: 68409K(68864K)->68409K(68864K) Class: 11727K(12160K)->11727K(12160K)
[2078.978s][info ][gc             ] GC(149) Pause Young (Allocation Failure) 2277M->230M(2364M) 2.616ms
[2078.978s][info ][gc,cpu         ] GC(149) User=0.01s Sys=0.00s Real=0.00s
[2078.978s][info ][safepoint      ] Safepoint "ParallelGCFailedAllocation", Time since last: 16399455016 ns, Reaching safepoint: 4300 ns, Cleanup: 33200 ns, At safepoint: 2701112 ns, Total: 2738612 ns
[2095.423s][info ][gc,start       ] GC(150) Pause Young (Allocation Failure)
[2095.425s][debug][gc,phases      ] GC(150) Scavenge 1.213ms
[2095.425s][debug][gc,ref         ] GC(150) Skipped phase 1 of Reference Processing: no references
[2095.425s][debug][gc,ref         ] GC(150) Skipped phase 2 of Reference Processing: no references
[2095.425s][debug][gc,ref         ] GC(150) Skipped phase 3 of Reference Processing: no references
[2095.425s][debug][gc,ref         ] GC(150) Skipped phase 4 of Reference Processing: no references
[2095.425s][debug][gc,phases      ] GC(150) Reference Processing 0.033ms
[2095.425s][debug][gc,phases      ] GC(150)   VM Weak                        Min:  0.0, Avg:  0.0, Max:  0.0, Diff:  0.0, Sum:  0.0, Workers: 4
[2095.425s][debug][gc,phases      ] GC(150)     Dead                           Min: 0, Avg:  0.0, Max: 0, Diff: 0, Sum: 0, Workers: 4
[2095.425s][debug][gc,phases      ] GC(150)     Total                          Min: 0, Avg: 172.8, Max: 435, Diff: 435, Sum: 691, Workers: 4
[2095.425s][debug][gc,phases      ] GC(150)   ObjectSynchronizer Weak        Min:  0.0, Avg:  0.0, Max:  0.0, Diff:  0.0, Sum:  0.0, Workers: 4
[2095.425s][debug][gc,phases      ] GC(150)     Dead                           Min: 0, Avg:  0.0, Max: 0, Diff: 0, Sum: 0, Workers: 4
[2095.425s][debug][gc,phases      ] GC(150)     Total                          Min: 0, Avg:  1.0, Max: 4, Diff: 4, Sum: 4, Workers: 4
[2095.425s][debug][gc,phases      ] GC(150)   JVMTI Tag Weak OopStorage      Min:  0.0, Avg:  0.0, Max:  0.0, Diff:  0.0, Sum:  0.0, Workers: 4
[2095.425s][debug][gc,phases      ] GC(150)     Dead                           Min: 0, Avg:  0.0, Max: 0, Diff: 0, Sum: 0, Workers: 4
[2095.425s][debug][gc,phases      ] GC(150)     Total                          Min: 0, Avg:  0.0, Max: 0, Diff: 0, Sum: 0, Workers: 4
[2095.425s][debug][gc,phases      ] GC(150)   StringTable Weak               Min:  0.1, Avg:  0.1, Max:  0.1, Diff:  0.0, Sum:  0.4, Workers: 4
[2095.425s][debug][gc,phases      ] GC(150)     Dead                           Min: 0, Avg:  0.0, Max: 0, Diff: 0, Sum: 0, Workers: 4
[2095.425s][debug][gc,phases      ] GC(150)     Total                          Min: 9408, Avg: 10700.8, Max: 11251, Diff: 1843, Sum: 42803, Workers: 4
[2095.425s][debug][gc,phases      ] GC(150)   ResolvedMethodTable Weak       Min:  0.0, Avg:  0.0, Max:  0.0, Diff:  0.0, Sum:  0.1, Workers: 4
[2095.425s][debug][gc,phases      ] GC(150)     Dead                           Min: 0, Avg:  0.0, Max: 0, Diff: 0, Sum: 0, Workers: 4
[2095.425s][debug][gc,phases      ] GC(150)     Total                          Min: 2148, Avg: 2283.8, Max: 2387, Diff: 239, Sum: 9135, Workers: 4
[2095.425s][debug][gc,phases      ] GC(150)   JNI Weak                       Min:  0.0, Avg:  0.0, Max:  0.0, Diff:  0.0, Sum:  0.0, Workers: 4
[2095.425s][debug][gc,phases      ] GC(150)     Dead                           Min: 0, Avg:  0.0, Max: 0, Diff: 0, Sum: 0, Workers: 4
[2095.425s][debug][gc,phases      ] GC(150)     Total                          Min: 0, Avg: 11.2, Max: 45, Diff: 45, Sum: 45, Workers: 4
[2095.425s][debug][gc,phases      ] GC(150)   StringDedup Table Weak         Min:  0.0, Avg:  0.0, Max:  0.0, Diff:  0.0, Sum:  0.0, Workers: 4
[2095.425s][debug][gc,phases      ] GC(150)     Dead                           Min: 0, Avg:  0.0, Max: 0, Diff: 0, Sum: 0, Workers: 4
[2095.425s][debug][gc,phases      ] GC(150)     Total                          Min: 0, Avg:  0.0, Max: 0, Diff: 0, Sum: 0, Workers: 4
[2095.425s][debug][gc,phases      ] GC(150)   StringDedup Requests0 Weak     Min:  0.0, Avg:  0.0, Max:  0.0, Diff:  0.0, Sum:  0.0, Workers: 4
[2095.425s][debug][gc,phases      ] GC(150)     Dead                           Min: 0, Avg:  0.0, Max: 0, Diff: 0, Sum: 0, Workers: 4
[2095.425s][debug][gc,phases      ] GC(150)     Total                          Min: 0, Avg:  0.0, Max: 0, Diff: 0, Sum: 0, Workers: 4
[2095.425s][debug][gc,phases      ] GC(150)   StringDedup Requests1 Weak     Min:  0.0, Avg:  0.0, Max:  0.0, Diff:  0.0, Sum:  0.0, Workers: 4
[2095.425s][debug][gc,phases      ] GC(150)     Dead                           Min: 0, Avg:  0.0, Max: 0, Diff: 0, Sum: 0, Workers: 4
[2095.425s][debug][gc,phases      ] GC(150)     Total                          Min: 0, Avg:  0.0, Max: 0, Diff: 0, Sum: 0, Workers: 4
[2095.425s][debug][gc,phases      ] GC(150)   Weak JFR Old Object Samples    Min:  0.0, Avg:  0.0, Max:  0.0, Diff:  0.0, Sum:  0.0, Workers: 4
[2095.425s][debug][gc,phases      ] GC(150)     Dead                           Min: 0, Avg:  0.0, Max: 0, Diff: 0, Sum: 0, Workers: 4
[2095.425s][debug][gc,phases      ] GC(150)     Total                          Min: 0, Avg:  0.0, Max: 0, Diff: 0, Sum: 0, Workers: 4
[2095.425s][debug][gc,phases      ] GC(150) Weak Processing 0.344ms
[2095.425s][debug][gc,age         ] GC(150) Desired survivor size 524288 bytes, new threshold 15 (max threshold 15)
[2095.425s][info ][gc,heap        ] GC(150) PSYoungGen: 2096352K(2096640K)->128K(2096640K) Eden: 2096128K(2096128K)->0K(2096128K) From: 224K(512K)->128K(512K)
[2095.425s][info ][gc,heap        ] GC(150) ParOldGen: 236038K(324096K)->236046K(324096K)
[2095.425s][info ][gc,metaspace   ] GC(150) Metaspace: 80137K(81024K)->80137K(81024K) NonClass: 68410K(68864K)->68410K(68864K) Class: 11727K(12160K)->11727K(12160K)
[2095.425s][info ][gc             ] GC(150) Pause Young (Allocation Failure) 2277M->230M(2364M) 1.683ms
[2095.425s][info ][gc,cpu         ] GC(150) User=0.01s Sys=0.00s Real=0.00s
[2095.425s][info ][safepoint      ] Safepoint "ParallelGCFailedAllocation", Time since last: 16445446383 ns, Reaching safepoint: 4200 ns, Cleanup: 46300 ns, At safepoint: 1754407 ns, Total: 1804907 ns
[2111.824s][info ][gc,start       ] GC(151) Pause Young (Allocation Failure)
[2111.826s][debug][gc,phases      ] GC(151) Scavenge 1.309ms
[2111.826s][debug][gc,ref         ] GC(151) Skipped phase 1 of Reference Processing: no references
[2111.826s][debug][gc,ref         ] GC(151) Skipped phase 2 of Reference Processing: no references
[2111.826s][debug][gc,ref         ] GC(151) Skipped phase 3 of Reference Processing: no references
[2111.826s][debug][gc,ref         ] GC(151) Skipped phase 4 of Reference Processing: no references
[2111.826s][debug][gc,phases      ] GC(151) Reference Processing 0.023ms
[2111.826s][debug][gc,phases      ] GC(151)   VM Weak                        Min:  0.0, Avg:  0.0, Max:  0.0, Diff:  0.0, Sum:  0.0, Workers: 4
[2111.826s][debug][gc,phases      ] GC(151)     Dead                           Min: 0, Avg:  0.0, Max: 0, Diff: 0, Sum: 0, Workers: 4
[2111.826s][debug][gc,phases      ] GC(151)     Total                          Min: 0, Avg: 172.8, Max: 691, Diff: 691, Sum: 691, Workers: 4
[2111.826s][debug][gc,phases      ] GC(151)   ObjectSynchronizer Weak        Min:  0.0, Avg:  0.0, Max:  0.0, Diff:  0.0, Sum:  0.0, Workers: 4
[2111.826s][debug][gc,phases      ] GC(151)     Dead                           Min: 0, Avg:  0.0, Max: 0, Diff: 0, Sum: 0, Workers: 4
[2111.826s][debug][gc,phases      ] GC(151)     Total                          Min: 0, Avg:  1.0, Max: 4, Diff: 4, Sum: 4, Workers: 4
[2111.826s][debug][gc,phases      ] GC(151)   JVMTI Tag Weak OopStorage      Min:  0.0, Avg:  0.0, Max:  0.0, Diff:  0.0, Sum:  0.0, Workers: 4
[2111.826s][debug][gc,phases      ] GC(151)     Dead                           Min: 0, Avg:  0.0, Max: 0, Diff: 0, Sum: 0, Workers: 4
[2111.826s][debug][gc,phases      ] GC(151)     Total                          Min: 0, Avg:  0.0, Max: 0, Diff: 0, Sum: 0, Workers: 4
[2111.826s][debug][gc,phases      ] GC(151)   StringTable Weak               Min:  0.1, Avg:  0.1, Max:  0.1, Diff:  0.0, Sum:  0.5, Workers: 4
[2111.826s][debug][gc,phases      ] GC(151)     Dead                           Min: 0, Avg:  0.0, Max: 0, Diff: 0, Sum: 0, Workers: 4
[2111.826s][debug][gc,phases      ] GC(151)     Total                          Min: 10292, Avg: 10700.8, Max: 10944, Diff: 652, Sum: 42803, Workers: 4
[2111.826s][debug][gc,phases      ] GC(151)   ResolvedMethodTable Weak       Min:  0.0, Avg:  0.0, Max:  0.0, Diff:  0.0, Sum:  0.2, Workers: 4
[2111.826s][debug][gc,phases      ] GC(151)     Dead                           Min: 0, Avg:  0.0, Max: 0, Diff: 0, Sum: 0, Workers: 4
[2111.826s][debug][gc,phases      ] GC(151)     Total                          Min: 2232, Avg: 2283.8, Max: 2337, Diff: 105, Sum: 9135, Workers: 4
[2111.826s][debug][gc,phases      ] GC(151)   JNI Weak                       Min:  0.0, Avg:  0.0, Max:  0.0, Diff:  0.0, Sum:  0.0, Workers: 4
[2111.826s][debug][gc,phases      ] GC(151)     Dead                           Min: 0, Avg:  0.0, Max: 0, Diff: 0, Sum: 0, Workers: 4
[2111.826s][debug][gc,phases      ] GC(151)     Total                          Min: 0, Avg: 11.2, Max: 45, Diff: 45, Sum: 45, Workers: 4
[2111.826s][debug][gc,phases      ] GC(151)   StringDedup Table Weak         Min:  0.0, Avg:  0.0, Max:  0.0, Diff:  0.0, Sum:  0.0, Workers: 4
[2111.826s][debug][gc,phases      ] GC(151)     Dead                           Min: 0, Avg:  0.0, Max: 0, Diff: 0, Sum: 0, Workers: 4
[2111.826s][debug][gc,phases      ] GC(151)     Total                          Min: 0, Avg:  0.0, Max: 0, Diff: 0, Sum: 0, Workers: 4
[2111.826s][debug][gc,phases      ] GC(151)   StringDedup Requests0 Weak     Min:  0.0, Avg:  0.0, Max:  0.0, Diff:  0.0, Sum:  0.0, Workers: 4
[2111.826s][debug][gc,phases      ] GC(151)     Dead                           Min: 0, Avg:  0.0, Max: 0, Diff: 0, Sum: 0, Workers: 4
[2111.826s][debug][gc,phases      ] GC(151)     Total                          Min: 0, Avg:  0.0, Max: 0, Diff: 0, Sum: 0, Workers: 4
[2111.826s][debug][gc,phases      ] GC(151)   StringDedup Requests1 Weak     Min:  0.0, Avg:  0.0, Max:  0.0, Diff:  0.0, Sum:  0.0, Workers: 4
[2111.826s][debug][gc,phases      ] GC(151)     Dead                           Min: 0, Avg:  0.0, Max: 0, Diff: 0, Sum: 0, Workers: 4
[2111.826s][debug][gc,phases      ] GC(151)     Total                          Min: 0, Avg:  0.0, Max: 0, Diff: 0, Sum: 0, Workers: 4
[2111.826s][debug][gc,phases      ] GC(151)   Weak JFR Old Object Samples    Min:  0.0, Avg:  0.0, Max:  0.0, Diff:  0.0, Sum:  0.0, Workers: 4
[2111.826s][debug][gc,phases      ] GC(151)     Dead                           Min: 0, Avg:  0.0, Max: 0, Diff: 0, Sum: 0, Workers: 4
[2111.826s][debug][gc,phases      ] GC(151)     Total                          Min: 0, Avg:  0.0, Max: 0, Diff: 0, Sum: 0, Workers: 4
[2111.826s][debug][gc,phases      ] GC(151) Weak Processing 0.349ms
[2111.826s][debug][gc,age         ] GC(151) Desired survivor size 524288 bytes, new threshold 15 (max threshold 15)
[2111.826s][info ][gc,heap        ] GC(151) PSYoungGen: 2096256K(2096640K)->128K(2096640K) Eden: 2096128K(2096128K)->0K(2096128K) From: 128K(512K)->128K(512K)
[2111.826s][info ][gc,heap        ] GC(151) ParOldGen: 236046K(324096K)->236046K(324096K)
[2111.826s][info ][gc,metaspace   ] GC(151) Metaspace: 80137K(81024K)->80137K(81024K) NonClass: 68410K(68864K)->68410K(68864K) Class: 11727K(12160K)->11727K(12160K)
[2111.826s][info ][gc             ] GC(151) Pause Young (Allocation Failure) 2277M->230M(2364M) 1.819ms
[2111.826s][info ][gc,cpu         ] GC(151) User=0.00s Sys=0.00s Real=0.00s
[2111.826s][info ][safepoint      ] Safepoint "ParallelGCFailedAllocation", Time since last: 16399069564 ns, Reaching safepoint: 4400 ns, Cleanup: 37000 ns, At safepoint: 1885111 ns, Total: 1926511 ns
[2112.826s][info ][safepoint      ] Safepoint "Cleanup", Time since last: 1000093888 ns, Reaching safepoint: 75300 ns, Cleanup: 48400 ns, At safepoint: 5200 ns, Total: 128900 ns
[2128.074s][info ][gc,start       ] GC(152) Pause Young (Allocation Failure)
[2128.076s][debug][gc,phases      ] GC(152) Scavenge 2.191ms
[2128.076s][debug][gc,ref         ] GC(152) Skipped phase 1 of Reference Processing: no references
[2128.076s][debug][gc,ref         ] GC(152) ReferenceProcessor::execute queues: 1, RefProcThreadModel::Single, marks_oops_alive: false
[2128.076s][debug][gc,ref         ] GC(152) Skipped phase 3 of Reference Processing: no references
[2128.076s][debug][gc,ref         ] GC(152) Skipped phase 4 of Reference Processing: no references
[2128.076s][debug][gc,phases      ] GC(152) Reference Processing 0.105ms
[2128.077s][debug][gc,phases      ] GC(152)   VM Weak                        Min:  0.0, Avg:  0.0, Max:  0.0, Diff:  0.0, Sum:  0.0, Workers: 4
[2128.077s][debug][gc,phases      ] GC(152)     Dead                           Min: 0, Avg:  0.0, Max: 0, Diff: 0, Sum: 0, Workers: 4
[2128.077s][debug][gc,phases      ] GC(152)     Total                          Min: 0, Avg: 172.8, Max: 499, Diff: 499, Sum: 691, Workers: 4
[2128.077s][debug][gc,phases      ] GC(152)   ObjectSynchronizer Weak        Min:  0.0, Avg:  0.0, Max:  0.0, Diff:  0.0, Sum:  0.0, Workers: 4
[2128.077s][debug][gc,phases      ] GC(152)     Dead                           Min: 0, Avg:  0.0, Max: 0, Diff: 0, Sum: 0, Workers: 4
[2128.077s][debug][gc,phases      ] GC(152)     Total                          Min: 0, Avg:  1.0, Max: 4, Diff: 4, Sum: 4, Workers: 4
[2128.077s][debug][gc,phases      ] GC(152)   JVMTI Tag Weak OopStorage      Min:  0.0, Avg:  0.0, Max:  0.0, Diff:  0.0, Sum:  0.0, Workers: 4
[2128.077s][debug][gc,phases      ] GC(152)     Dead                           Min: 0, Avg:  0.0, Max: 0, Diff: 0, Sum: 0, Workers: 4
[2128.077s][debug][gc,phases      ] GC(152)     Total                          Min: 0, Avg:  0.0, Max: 0, Diff: 0, Sum: 0, Workers: 4
[2128.077s][debug][gc,phases      ] GC(152)   StringTable Weak               Min:  0.0, Avg:  0.1, Max:  0.1, Diff:  0.1, Sum:  0.4, Workers: 4
[2128.077s][debug][gc,phases      ] GC(152)     Dead                           Min: 0, Avg:  0.0, Max: 0, Diff: 0, Sum: 0, Workers: 4
[2128.077s][debug][gc,phases      ] GC(152)     Total                          Min: 0, Avg: 10701.0, Max: 17152, Diff: 17152, Sum: 42804, Workers: 4
[2128.077s][debug][gc,phases      ] GC(152)   ResolvedMethodTable Weak       Min:  0.0, Avg:  0.0, Max:  0.0, Diff:  0.0, Sum:  0.1, Workers: 4
[2128.077s][debug][gc,phases      ] GC(152)     Dead                           Min: 0, Avg:  0.0, Max: 0, Diff: 0, Sum: 0, Workers: 4
[2128.077s][debug][gc,phases      ] GC(152)     Total                          Min: 0, Avg: 2283.8, Max: 4088, Diff: 4088, Sum: 9135, Workers: 4
[2128.077s][debug][gc,phases      ] GC(152)   JNI Weak                       Min:  0.0, Avg:  0.0, Max:  0.0, Diff:  0.0, Sum:  0.0, Workers: 4
[2128.077s][debug][gc,phases      ] GC(152)     Dead                           Min: 0, Avg:  0.0, Max: 0, Diff: 0, Sum: 0, Workers: 4
[2128.077s][debug][gc,phases      ] GC(152)     Total                          Min: 0, Avg: 11.2, Max: 45, Diff: 45, Sum: 45, Workers: 4
[2128.077s][debug][gc,phases      ] GC(152)   StringDedup Table Weak         Min:  0.0, Avg:  0.0, Max:  0.0, Diff:  0.0, Sum:  0.0, Workers: 4
[2128.077s][debug][gc,phases      ] GC(152)     Dead                           Min: 0, Avg:  0.0, Max: 0, Diff: 0, Sum: 0, Workers: 4
[2128.077s][debug][gc,phases      ] GC(152)     Total                          Min: 0, Avg:  0.0, Max: 0, Diff: 0, Sum: 0, Workers: 4
[2128.077s][debug][gc,phases      ] GC(152)   StringDedup Requests0 Weak     Min:  0.0, Avg:  0.0, Max:  0.0, Diff:  0.0, Sum:  0.0, Workers: 4
[2128.077s][debug][gc,phases      ] GC(152)     Dead                           Min: 0, Avg:  0.0, Max: 0, Diff: 0, Sum: 0, Workers: 4
[2128.077s][debug][gc,phases      ] GC(152)     Total                          Min: 0, Avg:  0.0, Max: 0, Diff: 0, Sum: 0, Workers: 4
[2128.077s][debug][gc,phases      ] GC(152)   StringDedup Requests1 Weak     Min:  0.0, Avg:  0.0, Max:  0.0, Diff:  0.0, Sum:  0.0, Workers: 4
[2128.077s][debug][gc,phases      ] GC(152)     Dead                           Min: 0, Avg:  0.0, Max: 0, Diff: 0, Sum: 0, Workers: 4
[2128.077s][debug][gc,phases      ] GC(152)     Total                          Min: 0, Avg:  0.0, Max: 0, Diff: 0, Sum: 0, Workers: 4
[2128.077s][debug][gc,phases      ] GC(152)   Weak JFR Old Object Samples    Min:  0.0, Avg:  0.0, Max:  0.0, Diff:  0.0, Sum:  0.0, Workers: 4
[2128.077s][debug][gc,phases      ] GC(152)     Dead                           Min: 0, Avg:  0.0, Max: 0, Diff: 0, Sum: 0, Workers: 4
[2128.077s][debug][gc,phases      ] GC(152)     Total                          Min: 0, Avg:  0.0, Max: 0, Diff: 0, Sum: 0, Workers: 4
[2128.077s][debug][gc,phases      ] GC(152) Weak Processing 0.378ms
[2128.077s][debug][gc,age         ] GC(152) Desired survivor size 524288 bytes, new threshold 15 (max threshold 15)
[2128.077s][info ][gc,heap        ] GC(152) PSYoungGen: 2096256K(2096640K)->160K(2096640K) Eden: 2096128K(2096128K)->0K(2096128K) From: 128K(512K)->160K(512K)
[2128.077s][info ][gc,heap        ] GC(152) ParOldGen: 236046K(324096K)->236054K(324096K)
[2128.077s][info ][gc,metaspace   ] GC(152) Metaspace: 80141K(81024K)->80141K(81024K) NonClass: 68414K(68864K)->68414K(68864K) Class: 11727K(12160K)->11727K(12160K)
[2128.077s][info ][gc             ] GC(152) Pause Young (Allocation Failure) 2277M->230M(2364M) 2.771ms
[2128.077s][info ][gc,cpu         ] GC(152) User=0.01s Sys=0.00s Real=0.00s
[2128.077s][info ][safepoint      ] Safepoint "ParallelGCFailedAllocation", Time since last: 15247622729 ns, Reaching safepoint: 5300 ns, Cleanup: 46301 ns, At safepoint: 2860516 ns, Total: 2912117 ns
[2142.078s][info ][safepoint      ] Safepoint "Cleanup", Time since last: 14000921863 ns, Reaching safepoint: 4400 ns, Cleanup: 62200 ns, At safepoint: 7600 ns, Total: 74200 ns
[2144.375s][info ][gc,start       ] GC(153) Pause Young (Allocation Failure)
[2144.376s][debug][gc,phases      ] GC(153) Scavenge 1.649ms
[2144.376s][debug][gc,ref         ] GC(153) Skipped phase 1 of Reference Processing: no references
[2144.377s][debug][gc,ref         ] GC(153) ReferenceProcessor::execute queues: 1, RefProcThreadModel::Single, marks_oops_alive: false
[2144.377s][debug][gc,ref         ] GC(153) Skipped phase 3 of Reference Processing: no references
[2144.377s][debug][gc,ref         ] GC(153) Skipped phase 4 of Reference Processing: no references
[2144.377s][debug][gc,phases      ] GC(153) Reference Processing 0.107ms
[2144.377s][debug][gc,phases      ] GC(153)   VM Weak                        Min:  0.0, Avg:  0.0, Max:  0.0, Diff:  0.0, Sum:  0.0, Workers: 4
[2144.377s][debug][gc,phases      ] GC(153)     Dead                           Min: 0, Avg:  0.0, Max: 0, Diff: 0, Sum: 0, Workers: 4
[2144.377s][debug][gc,phases      ] GC(153)     Total                          Min: 0, Avg: 172.8, Max: 435, Diff: 435, Sum: 691, Workers: 4
[2144.377s][debug][gc,phases      ] GC(153)   ObjectSynchronizer Weak        Min:  0.0, Avg:  0.0, Max:  0.0, Diff:  0.0, Sum:  0.0, Workers: 4
[2144.377s][debug][gc,phases      ] GC(153)     Dead                           Min: 0, Avg:  0.0, Max: 0, Diff: 0, Sum: 0, Workers: 4
[2144.377s][debug][gc,phases      ] GC(153)     Total                          Min: 0, Avg:  1.0, Max: 4, Diff: 4, Sum: 4, Workers: 4
[2144.377s][debug][gc,phases      ] GC(153)   JVMTI Tag Weak OopStorage      Min:  0.0, Avg:  0.0, Max:  0.0, Diff:  0.0, Sum:  0.0, Workers: 4
[2144.377s][debug][gc,phases      ] GC(153)     Dead                           Min: 0, Avg:  0.0, Max: 0, Diff: 0, Sum: 0, Workers: 4
[2144.377s][debug][gc,phases      ] GC(153)     Total                          Min: 0, Avg:  0.0, Max: 0, Diff: 0, Sum: 0, Workers: 4
[2144.377s][debug][gc,phases      ] GC(153)   StringTable Weak               Min:  0.1, Avg:  0.1, Max:  0.1, Diff:  0.0, Sum:  0.5, Workers: 4
[2144.377s][debug][gc,phases      ] GC(153)     Dead                           Min: 0, Avg:  0.0, Max: 0, Diff: 0, Sum: 0, Workers: 4
[2144.377s][debug][gc,phases      ] GC(153)     Total                          Min: 10175, Avg: 10701.0, Max: 11072, Diff: 897, Sum: 42804, Workers: 4
[2144.377s][debug][gc,phases      ] GC(153)   ResolvedMethodTable Weak       Min:  0.0, Avg:  0.0, Max:  0.0, Diff:  0.0, Sum:  0.1, Workers: 4
[2144.377s][debug][gc,phases      ] GC(153)     Dead                           Min: 0, Avg:  0.0, Max: 0, Diff: 0, Sum: 0, Workers: 4
[2144.377s][debug][gc,phases      ] GC(153)     Total                          Min: 2149, Avg: 2283.8, Max: 2388, Diff: 239, Sum: 9135, Workers: 4
[2144.377s][debug][gc,phases      ] GC(153)   JNI Weak                       Min:  0.0, Avg:  0.0, Max:  0.0, Diff:  0.0, Sum:  0.0, Workers: 4
[2144.377s][debug][gc,phases      ] GC(153)     Dead                           Min: 0, Avg:  0.0, Max: 0, Diff: 0, Sum: 0, Workers: 4
[2144.377s][debug][gc,phases      ] GC(153)     Total                          Min: 0, Avg: 11.2, Max: 45, Diff: 45, Sum: 45, Workers: 4
[2144.377s][debug][gc,phases      ] GC(153)   StringDedup Table Weak         Min:  0.0, Avg:  0.0, Max:  0.0, Diff:  0.0, Sum:  0.0, Workers: 4
[2144.377s][debug][gc,phases      ] GC(153)     Dead                           Min: 0, Avg:  0.0, Max: 0, Diff: 0, Sum: 0, Workers: 4
[2144.377s][debug][gc,phases      ] GC(153)     Total                          Min: 0, Avg:  0.0, Max: 0, Diff: 0, Sum: 0, Workers: 4
[2144.377s][debug][gc,phases      ] GC(153)   StringDedup Requests0 Weak     Min:  0.0, Avg:  0.0, Max:  0.0, Diff:  0.0, Sum:  0.0, Workers: 4
[2144.377s][debug][gc,phases      ] GC(153)     Dead                           Min: 0, Avg:  0.0, Max: 0, Diff: 0, Sum: 0, Workers: 4
[2144.377s][debug][gc,phases      ] GC(153)     Total                          Min: 0, Avg:  0.0, Max: 0, Diff: 0, Sum: 0, Workers: 4
[2144.377s][debug][gc,phases      ] GC(153)   StringDedup Requests1 Weak     Min:  0.0, Avg:  0.0, Max:  0.0, Diff:  0.0, Sum:  0.0, Workers: 4
[2144.377s][debug][gc,phases      ] GC(153)     Dead                           Min: 0, Avg:  0.0, Max: 0, Diff: 0, Sum: 0, Workers: 4
[2144.377s][debug][gc,phases      ] GC(153)     Total                          Min: 0, Avg:  0.0, Max: 0, Diff: 0, Sum: 0, Workers: 4
[2144.377s][debug][gc,phases      ] GC(153)   Weak JFR Old Object Samples    Min:  0.0, Avg:  0.0, Max:  0.0, Diff:  0.0, Sum:  0.0, Workers: 4
[2144.377s][debug][gc,phases      ] GC(153)     Dead                           Min: 0, Avg:  0.0, Max: 0, Diff: 0, Sum: 0, Workers: 4
[2144.377s][debug][gc,phases      ] GC(153)     Total                          Min: 0, Avg:  0.0, Max: 0, Diff: 0, Sum: 0, Workers: 4
[2144.377s][debug][gc,phases      ] GC(153) Weak Processing 0.337ms
[2144.377s][debug][gc,age         ] GC(153) Desired survivor size 524288 bytes, new threshold 15 (max threshold 15)
[2144.377s][info ][gc,heap        ] GC(153) PSYoungGen: 2096288K(2096640K)->192K(2096640K) Eden: 2096128K(2096128K)->0K(2096128K) From: 160K(512K)->192K(512K)
[2144.377s][info ][gc,heap        ] GC(153) ParOldGen: 236054K(324096K)->236062K(324096K)
[2144.377s][info ][gc,metaspace   ] GC(153) Metaspace: 80141K(81024K)->80141K(81024K) NonClass: 68414K(68864K)->68414K(68864K) Class: 11727K(12160K)->11727K(12160K)
[2144.377s][info ][gc             ] GC(153) Pause Young (Allocation Failure) 2277M->230M(2364M) 2.193ms
[2144.377s][info ][gc,cpu         ] GC(153) User=0.01s Sys=0.00s Real=0.00s
[2144.377s][info ][safepoint      ] Safepoint "ParallelGCFailedAllocation", Time since last: 2296831828 ns, Reaching safepoint: 56100 ns, Cleanup: 29900 ns, At safepoint: 2268412 ns, Total: 2354412 ns
[2160.774s][info ][gc,start       ] GC(154) Pause Young (Allocation Failure)
[2160.776s][debug][gc,phases      ] GC(154) Scavenge 2.093ms
[2160.776s][debug][gc,ref         ] GC(154) Skipped phase 1 of Reference Processing: no references
[2160.776s][debug][gc,ref         ] GC(154) ReferenceProcessor::execute queues: 1, RefProcThreadModel::Single, marks_oops_alive: false
[2160.776s][debug][gc,ref         ] GC(154) Skipped phase 3 of Reference Processing: no references
[2160.776s][debug][gc,ref         ] GC(154) Skipped phase 4 of Reference Processing: no references
[2160.776s][debug][gc,phases      ] GC(154) Reference Processing 0.091ms
[2160.776s][debug][gc,phases      ] GC(154)   VM Weak                        Min:  0.0, Avg:  0.0, Max:  0.0, Diff:  0.0, Sum:  0.0, Workers: 4
[2160.776s][debug][gc,phases      ] GC(154)     Dead                           Min: 0, Avg:  0.0, Max: 0, Diff: 0, Sum: 0, Workers: 4
[2160.776s][debug][gc,phases      ] GC(154)     Total                          Min: 0, Avg: 172.8, Max: 563, Diff: 563, Sum: 691, Workers: 4
[2160.776s][debug][gc,phases      ] GC(154)   ObjectSynchronizer Weak        Min:  0.0, Avg:  0.0, Max:  0.0, Diff:  0.0, Sum:  0.0, Workers: 4
[2160.776s][debug][gc,phases      ] GC(154)     Dead                           Min: 0, Avg:  0.0, Max: 0, Diff: 0, Sum: 0, Workers: 4
[2160.776s][debug][gc,phases      ] GC(154)     Total                          Min: 0, Avg:  1.0, Max: 4, Diff: 4, Sum: 4, Workers: 4
[2160.776s][debug][gc,phases      ] GC(154)   JVMTI Tag Weak OopStorage      Min:  0.0, Avg:  0.0, Max:  0.0, Diff:  0.0, Sum:  0.0, Workers: 4
[2160.776s][debug][gc,phases      ] GC(154)     Dead                           Min: 0, Avg:  0.0, Max: 0, Diff: 0, Sum: 0, Workers: 4
[2160.776s][debug][gc,phases      ] GC(154)     Total                          Min: 0, Avg:  0.0, Max: 0, Diff: 0, Sum: 0, Workers: 4
[2160.776s][debug][gc,phases      ] GC(154)   StringTable Weak               Min:  0.0, Avg:  0.1, Max:  0.1, Diff:  0.1, Sum:  0.4, Workers: 4
[2160.776s][debug][gc,phases      ] GC(154)     Dead                           Min: 0, Avg:  0.0, Max: 0, Diff: 0, Sum: 0, Workers: 4
[2160.776s][debug][gc,phases      ] GC(154)     Total                          Min: 0, Avg: 10701.0, Max: 17983, Diff: 17983, Sum: 42804, Workers: 4
[2160.776s][debug][gc,phases      ] GC(154)   ResolvedMethodTable Weak       Min:  0.0, Avg:  0.0, Max:  0.0, Diff:  0.0, Sum:  0.1, Workers: 4
[2160.776s][debug][gc,phases      ] GC(154)     Dead                           Min: 0, Avg:  0.0, Max: 0, Diff: 0, Sum: 0, Workers: 4
[2160.776s][debug][gc,phases      ] GC(154)     Total                          Min: 0, Avg: 2283.8, Max: 4014, Diff: 4014, Sum: 9135, Workers: 4
[2160.776s][debug][gc,phases      ] GC(154)   JNI Weak                       Min:  0.0, Avg:  0.0, Max:  0.0, Diff:  0.0, Sum:  0.0, Workers: 4
[2160.776s][debug][gc,phases      ] GC(154)     Dead                           Min: 0, Avg:  0.0, Max: 0, Diff: 0, Sum: 0, Workers: 4
[2160.776s][debug][gc,phases      ] GC(154)     Total                          Min: 0, Avg: 11.2, Max: 45, Diff: 45, Sum: 45, Workers: 4
[2160.776s][debug][gc,phases      ] GC(154)   StringDedup Table Weak         Min:  0.0, Avg:  0.0, Max:  0.0, Diff:  0.0, Sum:  0.0, Workers: 4
[2160.776s][debug][gc,phases      ] GC(154)     Dead                           Min: 0, Avg:  0.0, Max: 0, Diff: 0, Sum: 0, Workers: 4
[2160.776s][debug][gc,phases      ] GC(154)     Total                          Min: 0, Avg:  0.0, Max: 0, Diff: 0, Sum: 0, Workers: 4
[2160.776s][debug][gc,phases      ] GC(154)   StringDedup Requests0 Weak     Min:  0.0, Avg:  0.0, Max:  0.0, Diff:  0.0, Sum:  0.0, Workers: 4
[2160.776s][debug][gc,phases      ] GC(154)     Dead                           Min: 0, Avg:  0.0, Max: 0, Diff: 0, Sum: 0, Workers: 4
[2160.776s][debug][gc,phases      ] GC(154)     Total                          Min: 0, Avg:  0.0, Max: 0, Diff: 0, Sum: 0, Workers: 4
[2160.776s][debug][gc,phases      ] GC(154)   StringDedup Requests1 Weak     Min:  0.0, Avg:  0.0, Max:  0.0, Diff:  0.0, Sum:  0.0, Workers: 4
[2160.776s][debug][gc,phases      ] GC(154)     Dead                           Min: 0, Avg:  0.0, Max: 0, Diff: 0, Sum: 0, Workers: 4
[2160.776s][debug][gc,phases      ] GC(154)     Total                          Min: 0, Avg:  0.0, Max: 0, Diff: 0, Sum: 0, Workers: 4
[2160.776s][debug][gc,phases      ] GC(154)   Weak JFR Old Object Samples    Min:  0.0, Avg:  0.0, Max:  0.0, Diff:  0.0, Sum:  0.0, Workers: 4
[2160.776s][debug][gc,phases      ] GC(154)     Dead                           Min: 0, Avg:  0.0, Max: 0, Diff: 0, Sum: 0, Workers: 4
[2160.776s][debug][gc,phases      ] GC(154)     Total                          Min: 0, Avg:  0.0, Max: 0, Diff: 0, Sum: 0, Workers: 4
[2160.776s][debug][gc,phases      ] GC(154) Weak Processing 0.342ms
[2160.776s][debug][gc,age         ] GC(154) Desired survivor size 524288 bytes, new threshold 15 (max threshold 15)
[2160.776s][info ][gc,heap        ] GC(154) PSYoungGen: 2096320K(2096640K)->192K(2096640K) Eden: 2096128K(2096128K)->0K(2096128K) From: 192K(512K)->192K(512K)
[2160.776s][info ][gc,heap        ] GC(154) ParOldGen: 236062K(324096K)->236062K(324096K)
[2160.776s][info ][gc,metaspace   ] GC(154) Metaspace: 80141K(81024K)->80141K(81024K) NonClass: 68414K(68864K)->68414K(68864K) Class: 11727K(12160K)->11727K(12160K)
[2160.776s][info ][gc             ] GC(154) Pause Young (Allocation Failure) 2277M->230M(2364M) 2.609ms
[2160.776s][info ][gc,cpu         ] GC(154) User=0.00s Sys=0.00s Real=0.00s
[2160.776s][info ][safepoint      ] Safepoint "ParallelGCFailedAllocation", Time since last: 16396623774 ns, Reaching safepoint: 5600 ns, Cleanup: 52900 ns, At safepoint: 2693815 ns, Total: 2752315 ns
[2166.777s][info ][safepoint      ] Safepoint "Cleanup", Time since last: 6000386926 ns, Reaching safepoint: 5400 ns, Cleanup: 45800 ns, At safepoint: 2500 ns, Total: 53700 ns
[2177.126s][info ][gc,start       ] GC(155) Pause Young (Allocation Failure)
[2177.129s][debug][gc,phases      ] GC(155) Scavenge 2.004ms
[2177.129s][debug][gc,ref         ] GC(155) Skipped phase 1 of Reference Processing: no references
[2177.129s][debug][gc,ref         ] GC(155) ReferenceProcessor::execute queues: 1, RefProcThreadModel::Single, marks_oops_alive: false
[2177.129s][debug][gc,ref         ] GC(155) Skipped phase 3 of Reference Processing: no references
[2177.129s][debug][gc,ref         ] GC(155) Skipped phase 4 of Reference Processing: no references
[2177.129s][debug][gc,phases      ] GC(155) Reference Processing 0.091ms
[2177.129s][debug][gc,phases      ] GC(155)   VM Weak                        Min:  0.0, Avg:  0.0, Max:  0.0, Diff:  0.0, Sum:  0.0, Workers: 4
[2177.129s][debug][gc,phases      ] GC(155)     Dead                           Min: 0, Avg:  0.0, Max: 0, Diff: 0, Sum: 0, Workers: 4
[2177.129s][debug][gc,phases      ] GC(155)     Total                          Min: 0, Avg: 172.8, Max: 691, Diff: 691, Sum: 691, Workers: 4
[2177.129s][debug][gc,phases      ] GC(155)   ObjectSynchronizer Weak        Min:  0.0, Avg:  0.0, Max:  0.0, Diff:  0.0, Sum:  0.0, Workers: 4
[2177.129s][debug][gc,phases      ] GC(155)     Dead                           Min: 0, Avg:  0.0, Max: 0, Diff: 0, Sum: 0, Workers: 4
[2177.129s][debug][gc,phases      ] GC(155)     Total                          Min: 0, Avg:  1.0, Max: 4, Diff: 4, Sum: 4, Workers: 4
[2177.129s][debug][gc,phases      ] GC(155)   JVMTI Tag Weak OopStorage      Min:  0.0, Avg:  0.0, Max:  0.0, Diff:  0.0, Sum:  0.0, Workers: 4
[2177.129s][debug][gc,phases      ] GC(155)     Dead                           Min: 0, Avg:  0.0, Max: 0, Diff: 0, Sum: 0, Workers: 4
[2177.129s][debug][gc,phases      ] GC(155)     Total                          Min: 0, Avg:  0.0, Max: 0, Diff: 0, Sum: 0, Workers: 4
[2177.129s][debug][gc,phases      ] GC(155)   StringTable Weak               Min:  0.1, Avg:  0.1, Max:  0.1, Diff:  0.0, Sum:  0.5, Workers: 4
[2177.129s][debug][gc,phases      ] GC(155)     Dead                           Min: 0, Avg:  0.0, Max: 0, Diff: 0, Sum: 0, Workers: 4
[2177.129s][debug][gc,phases      ] GC(155)     Total                          Min: 10486, Avg: 10701.0, Max: 10879, Diff: 393, Sum: 42804, Workers: 4
[2177.129s][debug][gc,phases      ] GC(155)   ResolvedMethodTable Weak       Min:  0.0, Avg:  0.0, Max:  0.0, Diff:  0.0, Sum:  0.1, Workers: 4
[2177.129s][debug][gc,phases      ] GC(155)     Dead                           Min: 0, Avg:  0.0, Max: 0, Diff: 0, Sum: 0, Workers: 4
[2177.129s][debug][gc,phases      ] GC(155)     Total                          Min: 2211, Avg: 2283.8, Max: 2388, Diff: 177, Sum: 9135, Workers: 4
[2177.129s][debug][gc,phases      ] GC(155)   JNI Weak                       Min:  0.0, Avg:  0.0, Max:  0.0, Diff:  0.0, Sum:  0.0, Workers: 4
[2177.129s][debug][gc,phases      ] GC(155)     Dead                           Min: 0, Avg:  0.0, Max: 0, Diff: 0, Sum: 0, Workers: 4
[2177.129s][debug][gc,phases      ] GC(155)     Total                          Min: 0, Avg: 11.2, Max: 45, Diff: 45, Sum: 45, Workers: 4
[2177.129s][debug][gc,phases      ] GC(155)   StringDedup Table Weak         Min:  0.0, Avg:  0.0, Max:  0.0, Diff:  0.0, Sum:  0.0, Workers: 4
[2177.129s][debug][gc,phases      ] GC(155)     Dead                           Min: 0, Avg:  0.0, Max: 0, Diff: 0, Sum: 0, Workers: 4
[2177.129s][debug][gc,phases      ] GC(155)     Total                          Min: 0, Avg:  0.0, Max: 0, Diff: 0, Sum: 0, Workers: 4
[2177.129s][debug][gc,phases      ] GC(155)   StringDedup Requests0 Weak     Min:  0.0, Avg:  0.0, Max:  0.0, Diff:  0.0, Sum:  0.0, Workers: 4
[2177.129s][debug][gc,phases      ] GC(155)     Dead                           Min: 0, Avg:  0.0, Max: 0, Diff: 0, Sum: 0, Workers: 4
[2177.129s][debug][gc,phases      ] GC(155)     Total                          Min: 0, Avg:  0.0, Max: 0, Diff: 0, Sum: 0, Workers: 4
[2177.129s][debug][gc,phases      ] GC(155)   StringDedup Requests1 Weak     Min:  0.0, Avg:  0.0, Max:  0.0, Diff:  0.0, Sum:  0.0, Workers: 4
[2177.129s][debug][gc,phases      ] GC(155)     Dead                           Min: 0, Avg:  0.0, Max: 0, Diff: 0, Sum: 0, Workers: 4
[2177.129s][debug][gc,phases      ] GC(155)     Total                          Min: 0, Avg:  0.0, Max: 0, Diff: 0, Sum: 0, Workers: 4
[2177.129s][debug][gc,phases      ] GC(155)   Weak JFR Old Object Samples    Min:  0.0, Avg:  0.0, Max:  0.0, Diff:  0.0, Sum:  0.0, Workers: 4
[2177.129s][debug][gc,phases      ] GC(155)     Dead                           Min: 0, Avg:  0.0, Max: 0, Diff: 0, Sum: 0, Workers: 4
[2177.129s][debug][gc,phases      ] GC(155)     Total                          Min: 0, Avg:  0.0, Max: 0, Diff: 0, Sum: 0, Workers: 4
[2177.129s][debug][gc,phases      ] GC(155) Weak Processing 0.320ms
[2177.129s][debug][gc,age         ] GC(155) Desired survivor size 524288 bytes, new threshold 15 (max threshold 15)
[2177.129s][info ][gc,heap        ] GC(155) PSYoungGen: 2096320K(2096640K)->128K(2096640K) Eden: 2096128K(2096128K)->0K(2096128K) From: 192K(512K)->128K(512K)
[2177.129s][info ][gc,heap        ] GC(155) ParOldGen: 236062K(324096K)->236070K(324096K)
[2177.129s][info ][gc,metaspace   ] GC(155) Metaspace: 80141K(81024K)->80141K(81024K) NonClass: 68414K(68864K)->68414K(68864K) Class: 11727K(12160K)->11727K(12160K)
[2177.129s][info ][gc             ] GC(155) Pause Young (Allocation Failure) 2277M->230M(2364M) 2.507ms
[2177.129s][info ][gc,cpu         ] GC(155) User=0.00s Sys=0.00s Real=0.00s
[2177.129s][info ][safepoint      ] Safepoint "ParallelGCFailedAllocation", Time since last: 10349571552 ns, Reaching safepoint: 5100 ns, Cleanup: 41500 ns, At safepoint: 2575514 ns, Total: 2622114 ns
[2193.526s][info ][gc,start       ] GC(156) Pause Young (Allocation Failure)
[2193.529s][debug][gc,phases      ] GC(156) Scavenge 2.956ms
[2193.529s][debug][gc,ref         ] GC(156) Skipped phase 1 of Reference Processing: no references
[2193.529s][debug][gc,ref         ] GC(156) ReferenceProcessor::execute queues: 1, RefProcThreadModel::Single, marks_oops_alive: false
[2193.529s][debug][gc,ref         ] GC(156) Skipped phase 3 of Reference Processing: no references
[2193.529s][debug][gc,ref         ] GC(156) Skipped phase 4 of Reference Processing: no references
[2193.529s][debug][gc,phases      ] GC(156) Reference Processing 0.107ms
[2193.529s][debug][gc,phases      ] GC(156)   VM Weak                        Min:  0.0, Avg:  0.0, Max:  0.0, Diff:  0.0, Sum:  0.0, Workers: 4
[2193.529s][debug][gc,phases      ] GC(156)     Dead                           Min: 0, Avg:  0.0, Max: 0, Diff: 0, Sum: 0, Workers: 4
[2193.529s][debug][gc,phases      ] GC(156)     Total                          Min: 0, Avg: 172.8, Max: 640, Diff: 640, Sum: 691, Workers: 4
[2193.529s][debug][gc,phases      ] GC(156)   ObjectSynchronizer Weak        Min:  0.0, Avg:  0.0, Max:  0.0, Diff:  0.0, Sum:  0.0, Workers: 4
[2193.529s][debug][gc,phases      ] GC(156)     Dead                           Min: 0, Avg:  0.0, Max: 0, Diff: 0, Sum: 0, Workers: 4
[2193.529s][debug][gc,phases      ] GC(156)     Total                          Min: 0, Avg:  1.0, Max: 4, Diff: 4, Sum: 4, Workers: 4
[2193.529s][debug][gc,phases      ] GC(156)   JVMTI Tag Weak OopStorage      Min:  0.0, Avg:  0.0, Max:  0.0, Diff:  0.0, Sum:  0.0, Workers: 4
[2193.529s][debug][gc,phases      ] GC(156)     Dead                           Min: 0, Avg:  0.0, Max: 0, Diff: 0, Sum: 0, Workers: 4
[2193.529s][debug][gc,phases      ] GC(156)     Total                          Min: 0, Avg:  0.0, Max: 0, Diff: 0, Sum: 0, Workers: 4
[2193.529s][debug][gc,phases      ] GC(156)   StringTable Weak               Min:  0.0, Avg:  0.1, Max:  0.2, Diff:  0.2, Sum:  0.5, Workers: 4
[2193.529s][debug][gc,phases      ] GC(156)     Dead                           Min: 0, Avg:  0.0, Max: 0, Diff: 0, Sum: 0, Workers: 4
[2193.529s][debug][gc,phases      ] GC(156)     Total                          Min: 0, Avg: 10701.0, Max: 15168, Diff: 15168, Sum: 42804, Workers: 4
[2193.529s][debug][gc,phases      ] GC(156)   ResolvedMethodTable Weak       Min:  0.0, Avg:  0.0, Max:  0.0, Diff:  0.0, Sum:  0.1, Workers: 4
[2193.529s][debug][gc,phases      ] GC(156)     Dead                           Min: 0, Avg:  0.0, Max: 0, Diff: 0, Sum: 0, Workers: 4
[2193.529s][debug][gc,phases      ] GC(156)     Total                          Min: 0, Avg: 2283.8, Max: 3786, Diff: 3786, Sum: 9135, Workers: 4
[2193.529s][debug][gc,phases      ] GC(156)   JNI Weak                       Min:  0.0, Avg:  0.0, Max:  0.0, Diff:  0.0, Sum:  0.0, Workers: 4
[2193.529s][debug][gc,phases      ] GC(156)     Dead                           Min: 0, Avg:  0.0, Max: 0, Diff: 0, Sum: 0, Workers: 4
[2193.529s][debug][gc,phases      ] GC(156)     Total                          Min: 0, Avg: 11.2, Max: 45, Diff: 45, Sum: 45, Workers: 4
[2193.529s][debug][gc,phases      ] GC(156)   StringDedup Table Weak         Min:  0.0, Avg:  0.0, Max:  0.0, Diff:  0.0, Sum:  0.0, Workers: 4
[2193.529s][debug][gc,phases      ] GC(156)     Dead                           Min: 0, Avg:  0.0, Max: 0, Diff: 0, Sum: 0, Workers: 4
[2193.529s][debug][gc,phases      ] GC(156)     Total                          Min: 0, Avg:  0.0, Max: 0, Diff: 0, Sum: 0, Workers: 4
[2193.529s][debug][gc,phases      ] GC(156)   StringDedup Requests0 Weak     Min:  0.0, Avg:  0.0, Max:  0.0, Diff:  0.0, Sum:  0.0, Workers: 4
[2193.529s][debug][gc,phases      ] GC(156)     Dead                           Min: 0, Avg:  0.0, Max: 0, Diff: 0, Sum: 0, Workers: 4
[2193.529s][debug][gc,phases      ] GC(156)     Total                          Min: 0, Avg:  0.0, Max: 0, Diff: 0, Sum: 0, Workers: 4
[2193.530s][debug][gc,phases      ] GC(156)   StringDedup Requests1 Weak     Min:  0.0, Avg:  0.0, Max:  0.0, Diff:  0.0, Sum:  0.0, Workers: 4
[2193.530s][debug][gc,phases      ] GC(156)     Dead                           Min: 0, Avg:  0.0, Max: 0, Diff: 0, Sum: 0, Workers: 4
[2193.530s][debug][gc,phases      ] GC(156)     Total                          Min: 0, Avg:  0.0, Max: 0, Diff: 0, Sum: 0, Workers: 4
[2193.530s][debug][gc,phases      ] GC(156)   Weak JFR Old Object Samples    Min:  0.0, Avg:  0.0, Max:  0.0, Diff:  0.0, Sum:  0.0, Workers: 4
[2193.530s][debug][gc,phases      ] GC(156)     Dead                           Min: 0, Avg:  0.0, Max: 0, Diff: 0, Sum: 0, Workers: 4
[2193.530s][debug][gc,phases      ] GC(156)     Total                          Min: 0, Avg:  0.0, Max: 0, Diff: 0, Sum: 0, Workers: 4
[2193.530s][debug][gc,phases      ] GC(156) Weak Processing 0.445ms
[2193.530s][debug][gc,age         ] GC(156) Desired survivor size 524288 bytes, new threshold 15 (max threshold 15)
[2193.530s][info ][gc,heap        ] GC(156) PSYoungGen: 2096256K(2096640K)->96K(2096640K) Eden: 2096128K(2096128K)->0K(2096128K) From: 128K(512K)->96K(512K)
[2193.530s][info ][gc,heap        ] GC(156) ParOldGen: 236070K(324096K)->236078K(324096K)
[2193.530s][info ][gc,metaspace   ] GC(156) Metaspace: 80141K(81024K)->80141K(81024K) NonClass: 68414K(68864K)->68414K(68864K) Class: 11727K(12160K)->11727K(12160K)
[2193.530s][info ][gc             ] GC(156) Pause Young (Allocation Failure) 2277M->230M(2364M) 3.639ms
[2193.530s][info ][gc,cpu         ] GC(156) User=0.00s Sys=0.00s Real=0.00s
[2193.530s][info ][safepoint      ] Safepoint "ParallelGCFailedAllocation", Time since last: 16396769174 ns, Reaching safepoint: 94100 ns, Cleanup: 41601 ns, At safepoint: 3742020 ns, Total: 3877721 ns
[2209.927s][info ][gc,start       ] GC(157) Pause Young (Allocation Failure)
[2209.929s][debug][gc,phases      ] GC(157) Scavenge 2.113ms
[2209.929s][debug][gc,ref         ] GC(157) Skipped phase 1 of Reference Processing: no references
[2209.930s][debug][gc,ref         ] GC(157) ReferenceProcessor::execute queues: 1, RefProcThreadModel::Single, marks_oops_alive: false
[2209.930s][debug][gc,ref         ] GC(157) Skipped phase 3 of Reference Processing: no references
[2209.930s][debug][gc,ref         ] GC(157) Skipped phase 4 of Reference Processing: no references
[2209.930s][debug][gc,phases      ] GC(157) Reference Processing 0.113ms
[2209.930s][debug][gc,phases      ] GC(157)   VM Weak                        Min:  0.0, Avg:  0.0, Max:  0.0, Diff:  0.0, Sum:  0.0, Workers: 4
[2209.930s][debug][gc,phases      ] GC(157)     Dead                           Min: 0, Avg:  0.0, Max: 0, Diff: 0, Sum: 0, Workers: 4
[2209.930s][debug][gc,phases      ] GC(157)     Total                          Min: 0, Avg: 172.8, Max: 691, Diff: 691, Sum: 691, Workers: 4
[2209.930s][debug][gc,phases      ] GC(157)   ObjectSynchronizer Weak        Min:  0.0, Avg:  0.0, Max:  0.0, Diff:  0.0, Sum:  0.0, Workers: 4
[2209.930s][debug][gc,phases      ] GC(157)     Dead                           Min: 0, Avg:  0.0, Max: 0, Diff: 0, Sum: 0, Workers: 4
[2209.930s][debug][gc,phases      ] GC(157)     Total                          Min: 0, Avg:  1.0, Max: 4, Diff: 4, Sum: 4, Workers: 4
[2209.930s][debug][gc,phases      ] GC(157)   JVMTI Tag Weak OopStorage      Min:  0.0, Avg:  0.0, Max:  0.0, Diff:  0.0, Sum:  0.0, Workers: 4
[2209.930s][debug][gc,phases      ] GC(157)     Dead                           Min: 0, Avg:  0.0, Max: 0, Diff: 0, Sum: 0, Workers: 4
[2209.930s][debug][gc,phases      ] GC(157)     Total                          Min: 0, Avg:  0.0, Max: 0, Diff: 0, Sum: 0, Workers: 4
[2209.930s][debug][gc,phases      ] GC(157)   StringTable Weak               Min:  0.0, Avg:  0.1, Max:  0.2, Diff:  0.2, Sum:  0.5, Workers: 4
[2209.930s][debug][gc,phases      ] GC(157)     Dead                           Min: 0, Avg:  0.0, Max: 0, Diff: 0, Sum: 0, Workers: 4
[2209.930s][debug][gc,phases      ] GC(157)     Total                          Min: 0, Avg: 10701.0, Max: 18293, Diff: 18293, Sum: 42804, Workers: 4
[2209.930s][debug][gc,phases      ] GC(157)   ResolvedMethodTable Weak       Min:  0.0, Avg:  0.0, Max:  0.0, Diff:  0.0, Sum:  0.1, Workers: 4
[2209.930s][debug][gc,phases      ] GC(157)     Dead                           Min: 0, Avg:  0.0, Max: 0, Diff: 0, Sum: 0, Workers: 4
[2209.930s][debug][gc,phases      ] GC(157)     Total                          Min: 0, Avg: 2283.8, Max: 3928, Diff: 3928, Sum: 9135, Workers: 4
[2209.930s][debug][gc,phases      ] GC(157)   JNI Weak                       Min:  0.0, Avg:  0.0, Max:  0.0, Diff:  0.0, Sum:  0.0, Workers: 4
[2209.930s][debug][gc,phases      ] GC(157)     Dead                           Min: 0, Avg:  0.0, Max: 0, Diff: 0, Sum: 0, Workers: 4
[2209.930s][debug][gc,phases      ] GC(157)     Total                          Min: 0, Avg: 11.2, Max: 45, Diff: 45, Sum: 45, Workers: 4
[2209.930s][debug][gc,phases      ] GC(157)   StringDedup Table Weak         Min:  0.0, Avg:  0.0, Max:  0.0, Diff:  0.0, Sum:  0.0, Workers: 4
[2209.930s][debug][gc,phases      ] GC(157)     Dead                           Min: 0, Avg:  0.0, Max: 0, Diff: 0, Sum: 0, Workers: 4
[2209.930s][debug][gc,phases      ] GC(157)     Total                          Min: 0, Avg:  0.0, Max: 0, Diff: 0, Sum: 0, Workers: 4
[2209.930s][debug][gc,phases      ] GC(157)   StringDedup Requests0 Weak     Min:  0.0, Avg:  0.0, Max:  0.0, Diff:  0.0, Sum:  0.0, Workers: 4
[2209.930s][debug][gc,phases      ] GC(157)     Dead                           Min: 0, Avg:  0.0, Max: 0, Diff: 0, Sum: 0, Workers: 4
[2209.930s][debug][gc,phases      ] GC(157)     Total                          Min: 0, Avg:  0.0, Max: 0, Diff: 0, Sum: 0, Workers: 4
[2209.930s][debug][gc,phases      ] GC(157)   StringDedup Requests1 Weak     Min:  0.0, Avg:  0.0, Max:  0.0, Diff:  0.0, Sum:  0.0, Workers: 4
[2209.930s][debug][gc,phases      ] GC(157)     Dead                           Min: 0, Avg:  0.0, Max: 0, Diff: 0, Sum: 0, Workers: 4
[2209.930s][debug][gc,phases      ] GC(157)     Total                          Min: 0, Avg:  0.0, Max: 0, Diff: 0, Sum: 0, Workers: 4
[2209.930s][debug][gc,phases      ] GC(157)   Weak JFR Old Object Samples    Min:  0.0, Avg:  0.0, Max:  0.0, Diff:  0.0, Sum:  0.0, Workers: 4
[2209.930s][debug][gc,phases      ] GC(157)     Dead                           Min: 0, Avg:  0.0, Max: 0, Diff: 0, Sum: 0, Workers: 4
[2209.930s][debug][gc,phases      ] GC(157)     Total                          Min: 0, Avg:  0.0, Max: 0, Diff: 0, Sum: 0, Workers: 4
[2209.930s][debug][gc,phases      ] GC(157) Weak Processing 0.372ms
[2209.930s][debug][gc,age         ] GC(157) Desired survivor size 524288 bytes, new threshold 15 (max threshold 15)
[2209.930s][info ][gc,heap        ] GC(157) PSYoungGen: 2096224K(2096640K)->128K(2096640K) Eden: 2096128K(2096128K)->0K(2096128K) From: 96K(512K)->128K(512K)
[2209.930s][info ][gc,heap        ] GC(157) ParOldGen: 236078K(324096K)->236078K(324096K)
[2209.930s][info ][gc,metaspace   ] GC(157) Metaspace: 80141K(81024K)->80141K(81024K) NonClass: 68414K(68864K)->68414K(68864K) Class: 11727K(12160K)->11727K(12160K)
[2209.930s][info ][gc             ] GC(157) Pause Young (Allocation Failure) 2277M->230M(2364M) 2.716ms
[2209.930s][info ][gc,cpu         ] GC(157) User=0.00s Sys=0.00s Real=0.01s
[2209.930s][info ][safepoint      ] Safepoint "ParallelGCFailedAllocation", Time since last: 16397502363 ns, Reaching safepoint: 74001 ns, Cleanup: 24500 ns, At safepoint: 2815515 ns, Total: 2914016 ns
[2226.325s][info ][gc,start       ] GC(158) Pause Young (Allocation Failure)
[2226.327s][debug][gc,phases      ] GC(158) Scavenge 1.470ms
[2226.327s][debug][gc,ref         ] GC(158) Skipped phase 1 of Reference Processing: no references
[2226.327s][debug][gc,ref         ] GC(158) ReferenceProcessor::execute queues: 1, RefProcThreadModel::Single, marks_oops_alive: false
[2226.327s][debug][gc,ref         ] GC(158) Skipped phase 3 of Reference Processing: no references
[2226.327s][debug][gc,ref         ] GC(158) Skipped phase 4 of Reference Processing: no references
[2226.327s][debug][gc,phases      ] GC(158) Reference Processing 0.098ms
[2226.327s][debug][gc,phases      ] GC(158)   VM Weak                        Min:  0.0, Avg:  0.0, Max:  0.0, Diff:  0.0, Sum:  0.0, Workers: 4
[2226.327s][debug][gc,phases      ] GC(158)     Dead                           Min: 0, Avg:  0.0, Max: 0, Diff: 0, Sum: 0, Workers: 4
[2226.327s][debug][gc,phases      ] GC(158)     Total                          Min: 0, Avg: 172.8, Max: 691, Diff: 691, Sum: 691, Workers: 4
[2226.327s][debug][gc,phases      ] GC(158)   ObjectSynchronizer Weak        Min:  0.0, Avg:  0.0, Max:  0.0, Diff:  0.0, Sum:  0.0, Workers: 4
[2226.327s][debug][gc,phases      ] GC(158)     Dead                           Min: 0, Avg:  0.0, Max: 0, Diff: 0, Sum: 0, Workers: 4
[2226.327s][debug][gc,phases      ] GC(158)     Total                          Min: 0, Avg:  1.0, Max: 4, Diff: 4, Sum: 4, Workers: 4
[2226.327s][debug][gc,phases      ] GC(158)   JVMTI Tag Weak OopStorage      Min:  0.0, Avg:  0.0, Max:  0.0, Diff:  0.0, Sum:  0.0, Workers: 4
[2226.327s][debug][gc,phases      ] GC(158)     Dead                           Min: 0, Avg:  0.0, Max: 0, Diff: 0, Sum: 0, Workers: 4
[2226.327s][debug][gc,phases      ] GC(158)     Total                          Min: 0, Avg:  0.0, Max: 0, Diff: 0, Sum: 0, Workers: 4
[2226.327s][debug][gc,phases      ] GC(158)   StringTable Weak               Min:  0.0, Avg:  0.1, Max:  0.1, Diff:  0.1, Sum:  0.4, Workers: 4
[2226.327s][debug][gc,phases      ] GC(158)     Dead                           Min: 0, Avg:  0.0, Max: 0, Diff: 0, Sum: 0, Workers: 4
[2226.327s][debug][gc,phases      ] GC(158)     Total                          Min: 0, Avg: 10701.0, Max: 19456, Diff: 19456, Sum: 42804, Workers: 4
[2226.327s][debug][gc,phases      ] GC(158)   ResolvedMethodTable Weak       Min:  0.0, Avg:  0.0, Max:  0.0, Diff:  0.0, Sum:  0.1, Workers: 4
[2226.327s][debug][gc,phases      ] GC(158)     Dead                           Min: 0, Avg:  0.0, Max: 0, Diff: 0, Sum: 0, Workers: 4
[2226.327s][debug][gc,phases      ] GC(158)     Total                          Min: 0, Avg: 2283.8, Max: 4323, Diff: 4323, Sum: 9135, Workers: 4
[2226.327s][debug][gc,phases      ] GC(158)   JNI Weak                       Min:  0.0, Avg:  0.0, Max:  0.0, Diff:  0.0, Sum:  0.0, Workers: 4
[2226.327s][debug][gc,phases      ] GC(158)     Dead                           Min: 0, Avg:  0.0, Max: 0, Diff: 0, Sum: 0, Workers: 4
[2226.327s][debug][gc,phases      ] GC(158)     Total                          Min: 0, Avg: 11.2, Max: 45, Diff: 45, Sum: 45, Workers: 4
[2226.327s][debug][gc,phases      ] GC(158)   StringDedup Table Weak         Min:  0.0, Avg:  0.0, Max:  0.0, Diff:  0.0, Sum:  0.0, Workers: 4
[2226.327s][debug][gc,phases      ] GC(158)     Dead                           Min: 0, Avg:  0.0, Max: 0, Diff: 0, Sum: 0, Workers: 4
[2226.327s][debug][gc,phases      ] GC(158)     Total                          Min: 0, Avg:  0.0, Max: 0, Diff: 0, Sum: 0, Workers: 4
[2226.327s][debug][gc,phases      ] GC(158)   StringDedup Requests0 Weak     Min:  0.0, Avg:  0.0, Max:  0.0, Diff:  0.0, Sum:  0.0, Workers: 4
[2226.327s][debug][gc,phases      ] GC(158)     Dead                           Min: 0, Avg:  0.0, Max: 0, Diff: 0, Sum: 0, Workers: 4
[2226.327s][debug][gc,phases      ] GC(158)     Total                          Min: 0, Avg:  0.0, Max: 0, Diff: 0, Sum: 0, Workers: 4
[2226.327s][debug][gc,phases      ] GC(158)   StringDedup Requests1 Weak     Min:  0.0, Avg:  0.0, Max:  0.0, Diff:  0.0, Sum:  0.0, Workers: 4
[2226.327s][debug][gc,phases      ] GC(158)     Dead                           Min: 0, Avg:  0.0, Max: 0, Diff: 0, Sum: 0, Workers: 4
[2226.327s][debug][gc,phases      ] GC(158)     Total                          Min: 0, Avg:  0.0, Max: 0, Diff: 0, Sum: 0, Workers: 4
[2226.327s][debug][gc,phases      ] GC(158)   Weak JFR Old Object Samples    Min:  0.0, Avg:  0.0, Max:  0.0, Diff:  0.0, Sum:  0.0, Workers: 4
[2226.327s][debug][gc,phases      ] GC(158)     Dead                           Min: 0, Avg:  0.0, Max: 0, Diff: 0, Sum: 0, Workers: 4
[2226.327s][debug][gc,phases      ] GC(158)     Total                          Min: 0, Avg:  0.0, Max: 0, Diff: 0, Sum: 0, Workers: 4
[2226.327s][debug][gc,phases      ] GC(158) Weak Processing 0.348ms
[2226.327s][debug][gc,age         ] GC(158) Desired survivor size 524288 bytes, new threshold 15 (max threshold 15)
[2226.327s][info ][gc,heap        ] GC(158) PSYoungGen: 2096256K(2096640K)->96K(2096640K) Eden: 2096128K(2096128K)->0K(2096128K) From: 128K(512K)->96K(512K)
[2226.327s][info ][gc,heap        ] GC(158) ParOldGen: 236078K(324096K)->236086K(324096K)
[2226.327s][info ][gc,metaspace   ] GC(158) Metaspace: 80146K(81024K)->80146K(81024K) NonClass: 68419K(68864K)->68419K(68864K) Class: 11727K(12160K)->11727K(12160K)
[2226.327s][info ][gc             ] GC(158) Pause Young (Allocation Failure) 2277M->230M(2364M) 2.008ms
[2226.327s][info ][gc,cpu         ] GC(158) User=0.00s Sys=0.00s Real=0.00s
[2226.327s][info ][safepoint      ] Safepoint "ParallelGCFailedAllocation", Time since last: 16395142457 ns, Reaching safepoint: 59800 ns, Cleanup: 41900 ns, At safepoint: 2072811 ns, Total: 2174511 ns
[2242.773s][info ][gc,start       ] GC(159) Pause Young (Allocation Failure)
[2242.775s][debug][gc,phases      ] GC(159) Scavenge 1.771ms
[2242.775s][debug][gc,ref         ] GC(159) Skipped phase 1 of Reference Processing: no references
[2242.775s][debug][gc,ref         ] GC(159) ReferenceProcessor::execute queues: 1, RefProcThreadModel::Single, marks_oops_alive: false
[2242.775s][debug][gc,ref         ] GC(159) Skipped phase 3 of Reference Processing: no references
[2242.775s][debug][gc,ref         ] GC(159) ReferenceProcessor::execute queues: 1, RefProcThreadModel::Single, marks_oops_alive: false
[2242.775s][debug][gc,phases      ] GC(159) Reference Processing 0.098ms
[2242.775s][debug][gc,phases      ] GC(159)   VM Weak                        Min:  0.0, Avg:  0.0, Max:  0.0, Diff:  0.0, Sum:  0.0, Workers: 4
[2242.775s][debug][gc,phases      ] GC(159)     Dead                           Min: 0, Avg:  0.0, Max: 0, Diff: 0, Sum: 0, Workers: 4
[2242.775s][debug][gc,phases      ] GC(159)     Total                          Min: 0, Avg: 172.8, Max: 320, Diff: 320, Sum: 691, Workers: 4
[2242.775s][debug][gc,phases      ] GC(159)   ObjectSynchronizer Weak        Min:  0.0, Avg:  0.0, Max:  0.0, Diff:  0.0, Sum:  0.0, Workers: 4
[2242.775s][debug][gc,phases      ] GC(159)     Dead                           Min: 0, Avg:  0.0, Max: 0, Diff: 0, Sum: 0, Workers: 4
[2242.775s][debug][gc,phases      ] GC(159)     Total                          Min: 0, Avg:  1.0, Max: 4, Diff: 4, Sum: 4, Workers: 4
[2242.775s][debug][gc,phases      ] GC(159)   JVMTI Tag Weak OopStorage      Min:  0.0, Avg:  0.0, Max:  0.0, Diff:  0.0, Sum:  0.0, Workers: 4
[2242.775s][debug][gc,phases      ] GC(159)     Dead                           Min: 0, Avg:  0.0, Max: 0, Diff: 0, Sum: 0, Workers: 4
[2242.775s][debug][gc,phases      ] GC(159)     Total                          Min: 0, Avg:  0.0, Max: 0, Diff: 0, Sum: 0, Workers: 4
[2242.775s][debug][gc,phases      ] GC(159)   StringTable Weak               Min:  0.1, Avg:  0.1, Max:  0.1, Diff:  0.0, Sum:  0.5, Workers: 4
[2242.775s][debug][gc,phases      ] GC(159)     Dead                           Min: 0, Avg:  0.0, Max: 0, Diff: 0, Sum: 0, Workers: 4
[2242.775s][debug][gc,phases      ] GC(159)     Total                          Min: 9984, Avg: 10701.0, Max: 11380, Diff: 1396, Sum: 42804, Workers: 4
[2242.775s][debug][gc,phases      ] GC(159)   ResolvedMethodTable Weak       Min:  0.0, Avg:  0.0, Max:  0.0, Diff:  0.0, Sum:  0.1, Workers: 4
[2242.775s][debug][gc,phases      ] GC(159)     Dead                           Min: 0, Avg:  0.0, Max: 0, Diff: 0, Sum: 0, Workers: 4
[2242.775s][debug][gc,phases      ] GC(159)     Total                          Min: 2203, Avg: 2283.8, Max: 2395, Diff: 192, Sum: 9135, Workers: 4
[2242.775s][debug][gc,phases      ] GC(159)   JNI Weak                       Min:  0.0, Avg:  0.0, Max:  0.0, Diff:  0.0, Sum:  0.0, Workers: 4
[2242.775s][debug][gc,phases      ] GC(159)     Dead                           Min: 0, Avg:  0.0, Max: 0, Diff: 0, Sum: 0, Workers: 4
[2242.775s][debug][gc,phases      ] GC(159)     Total                          Min: 0, Avg: 11.2, Max: 45, Diff: 45, Sum: 45, Workers: 4
[2242.775s][debug][gc,phases      ] GC(159)   StringDedup Table Weak         Min:  0.0, Avg:  0.0, Max:  0.0, Diff:  0.0, Sum:  0.0, Workers: 4
[2242.775s][debug][gc,phases      ] GC(159)     Dead                           Min: 0, Avg:  0.0, Max: 0, Diff: 0, Sum: 0, Workers: 4
[2242.775s][debug][gc,phases      ] GC(159)     Total                          Min: 0, Avg:  0.0, Max: 0, Diff: 0, Sum: 0, Workers: 4
[2242.775s][debug][gc,phases      ] GC(159)   StringDedup Requests0 Weak     Min:  0.0, Avg:  0.0, Max:  0.0, Diff:  0.0, Sum:  0.0, Workers: 4
[2242.775s][debug][gc,phases      ] GC(159)     Dead                           Min: 0, Avg:  0.0, Max: 0, Diff: 0, Sum: 0, Workers: 4
[2242.775s][debug][gc,phases      ] GC(159)     Total                          Min: 0, Avg:  0.0, Max: 0, Diff: 0, Sum: 0, Workers: 4
[2242.775s][debug][gc,phases      ] GC(159)   StringDedup Requests1 Weak     Min:  0.0, Avg:  0.0, Max:  0.0, Diff:  0.0, Sum:  0.0, Workers: 4
[2242.775s][debug][gc,phases      ] GC(159)     Dead                           Min: 0, Avg:  0.0, Max: 0, Diff: 0, Sum: 0, Workers: 4
[2242.775s][debug][gc,phases      ] GC(159)     Total                          Min: 0, Avg:  0.0, Max: 0, Diff: 0, Sum: 0, Workers: 4
[2242.775s][debug][gc,phases      ] GC(159)   Weak JFR Old Object Samples    Min:  0.0, Avg:  0.0, Max:  0.0, Diff:  0.0, Sum:  0.0, Workers: 4
[2242.775s][debug][gc,phases      ] GC(159)     Dead                           Min: 0, Avg:  0.0, Max: 0, Diff: 0, Sum: 0, Workers: 4
[2242.775s][debug][gc,phases      ] GC(159)     Total                          Min: 0, Avg:  0.0, Max: 0, Diff: 0, Sum: 0, Workers: 4
[2242.775s][debug][gc,phases      ] GC(159) Weak Processing 0.326ms
[2242.775s][debug][gc,age         ] GC(159) Desired survivor size 524288 bytes, new threshold 15 (max threshold 15)
[2242.775s][info ][gc,heap        ] GC(159) PSYoungGen: 2096224K(2096640K)->224K(2096640K) Eden: 2096128K(2096128K)->0K(2096128K) From: 96K(512K)->224K(512K)
[2242.775s][info ][gc,heap        ] GC(159) ParOldGen: 236086K(324096K)->236094K(324096K)
[2242.775s][info ][gc,metaspace   ] GC(159) Metaspace: 80146K(81024K)->80146K(81024K) NonClass: 68419K(68864K)->68419K(68864K) Class: 11727K(12160K)->11727K(12160K)
[2242.775s][info ][gc             ] GC(159) Pause Young (Allocation Failure) 2277M->230M(2364M) 2.296ms
[2242.775s][info ][gc,cpu         ] GC(159) User=0.01s Sys=0.00s Real=0.00s
[2242.775s][info ][safepoint      ] Safepoint "ParallelGCFailedAllocation", Time since last: 16445517012 ns, Reaching safepoint: 5300 ns, Cleanup: 28700 ns, At safepoint: 2358112 ns, Total: 2392112 ns
[2259.174s][info ][gc,start       ] GC(160) Pause Young (Allocation Failure)
[2259.176s][debug][gc,phases      ] GC(160) Scavenge 2.171ms
[2259.176s][debug][gc,ref         ] GC(160) Skipped phase 1 of Reference Processing: no references
[2259.176s][debug][gc,ref         ] GC(160) ReferenceProcessor::execute queues: 1, RefProcThreadModel::Single, marks_oops_alive: false
[2259.176s][debug][gc,ref         ] GC(160) Skipped phase 3 of Reference Processing: no references
[2259.176s][debug][gc,ref         ] GC(160) ReferenceProcessor::execute queues: 1, RefProcThreadModel::Single, marks_oops_alive: false
[2259.176s][debug][gc,phases      ] GC(160) Reference Processing 0.105ms
[2259.176s][debug][gc,phases      ] GC(160)   VM Weak                        Min:  0.0, Avg:  0.0, Max:  0.0, Diff:  0.0, Sum:  0.0, Workers: 4
[2259.176s][debug][gc,phases      ] GC(160)     Dead                           Min: 0, Avg:  0.0, Max: 0, Diff: 0, Sum: 0, Workers: 4
[2259.176s][debug][gc,phases      ] GC(160)     Total                          Min: 0, Avg: 172.8, Max: 371, Diff: 371, Sum: 691, Workers: 4
[2259.176s][debug][gc,phases      ] GC(160)   ObjectSynchronizer Weak        Min:  0.0, Avg:  0.0, Max:  0.0, Diff:  0.0, Sum:  0.0, Workers: 4
[2259.176s][debug][gc,phases      ] GC(160)     Dead                           Min: 0, Avg:  0.0, Max: 0, Diff: 0, Sum: 0, Workers: 4
[2259.176s][debug][gc,phases      ] GC(160)     Total                          Min: 0, Avg:  1.0, Max: 4, Diff: 4, Sum: 4, Workers: 4
[2259.176s][debug][gc,phases      ] GC(160)   JVMTI Tag Weak OopStorage      Min:  0.0, Avg:  0.0, Max:  0.0, Diff:  0.0, Sum:  0.0, Workers: 4
[2259.176s][debug][gc,phases      ] GC(160)     Dead                           Min: 0, Avg:  0.0, Max: 0, Diff: 0, Sum: 0, Workers: 4
[2259.176s][debug][gc,phases      ] GC(160)     Total                          Min: 0, Avg:  0.0, Max: 0, Diff: 0, Sum: 0, Workers: 4
[2259.176s][debug][gc,phases      ] GC(160)   StringTable Weak               Min:  0.0, Avg:  0.1, Max:  0.1, Diff:  0.1, Sum:  0.4, Workers: 4
[2259.176s][debug][gc,phases      ] GC(160)     Dead                           Min: 0, Avg:  0.0, Max: 0, Diff: 0, Sum: 0, Workers: 4
[2259.176s][debug][gc,phases      ] GC(160)     Total                          Min: 0, Avg: 10701.0, Max: 18431, Diff: 18431, Sum: 42804, Workers: 4
[2259.176s][debug][gc,phases      ] GC(160)   ResolvedMethodTable Weak       Min:  0.0, Avg:  0.0, Max:  0.0, Diff:  0.0, Sum:  0.1, Workers: 4
[2259.176s][debug][gc,phases      ] GC(160)     Dead                           Min: 0, Avg:  0.0, Max: 0, Diff: 0, Sum: 0, Workers: 4
[2259.176s][debug][gc,phases      ] GC(160)     Total                          Min: 0, Avg: 2283.8, Max: 3987, Diff: 3987, Sum: 9135, Workers: 4
[2259.176s][debug][gc,phases      ] GC(160)   JNI Weak                       Min:  0.0, Avg:  0.0, Max:  0.0, Diff:  0.0, Sum:  0.0, Workers: 4
[2259.176s][debug][gc,phases      ] GC(160)     Dead                           Min: 0, Avg:  0.0, Max: 0, Diff: 0, Sum: 0, Workers: 4
[2259.176s][debug][gc,phases      ] GC(160)     Total                          Min: 0, Avg: 11.2, Max: 45, Diff: 45, Sum: 45, Workers: 4
[2259.176s][debug][gc,phases      ] GC(160)   StringDedup Table Weak         Min:  0.0, Avg:  0.0, Max:  0.0, Diff:  0.0, Sum:  0.0, Workers: 4
[2259.176s][debug][gc,phases      ] GC(160)     Dead                           Min: 0, Avg:  0.0, Max: 0, Diff: 0, Sum: 0, Workers: 4
[2259.176s][debug][gc,phases      ] GC(160)     Total                          Min: 0, Avg:  0.0, Max: 0, Diff: 0, Sum: 0, Workers: 4
[2259.176s][debug][gc,phases      ] GC(160)   StringDedup Requests0 Weak     Min:  0.0, Avg:  0.0, Max:  0.0, Diff:  0.0, Sum:  0.0, Workers: 4
[2259.176s][debug][gc,phases      ] GC(160)     Dead                           Min: 0, Avg:  0.0, Max: 0, Diff: 0, Sum: 0, Workers: 4
[2259.176s][debug][gc,phases      ] GC(160)     Total                          Min: 0, Avg:  0.0, Max: 0, Diff: 0, Sum: 0, Workers: 4
[2259.176s][debug][gc,phases      ] GC(160)   StringDedup Requests1 Weak     Min:  0.0, Avg:  0.0, Max:  0.0, Diff:  0.0, Sum:  0.0, Workers: 4
[2259.176s][debug][gc,phases      ] GC(160)     Dead                           Min: 0, Avg:  0.0, Max: 0, Diff: 0, Sum: 0, Workers: 4
[2259.176s][debug][gc,phases      ] GC(160)     Total                          Min: 0, Avg:  0.0, Max: 0, Diff: 0, Sum: 0, Workers: 4
[2259.176s][debug][gc,phases      ] GC(160)   Weak JFR Old Object Samples    Min:  0.0, Avg:  0.0, Max:  0.0, Diff:  0.0, Sum:  0.0, Workers: 4
[2259.176s][debug][gc,phases      ] GC(160)     Dead                           Min: 0, Avg:  0.0, Max: 0, Diff: 0, Sum: 0, Workers: 4
[2259.176s][debug][gc,phases      ] GC(160)     Total                          Min: 0, Avg:  0.0, Max: 0, Diff: 0, Sum: 0, Workers: 4
[2259.176s][debug][gc,phases      ] GC(160) Weak Processing 0.347ms
[2259.176s][debug][gc,age         ] GC(160) Desired survivor size 524288 bytes, new threshold 15 (max threshold 15)
[2259.176s][info ][gc,heap        ] GC(160) PSYoungGen: 2096352K(2096640K)->160K(2096640K) Eden: 2096128K(2096128K)->0K(2096128K) From: 224K(512K)->160K(512K)
[2259.176s][info ][gc,heap        ] GC(160) ParOldGen: 236094K(324096K)->236094K(324096K)
[2259.176s][info ][gc,metaspace   ] GC(160) Metaspace: 80146K(81024K)->80146K(81024K) NonClass: 68419K(68864K)->68419K(68864K) Class: 11727K(12160K)->11727K(12160K)
[2259.176s][info ][gc             ] GC(160) Pause Young (Allocation Failure) 2277M->230M(2364M) 2.737ms
[2259.176s][info ][gc,cpu         ] GC(160) User=0.01s Sys=0.00s Real=0.00s
[2259.177s][info ][safepoint      ] Safepoint "ParallelGCFailedAllocation", Time since last: 16398410633 ns, Reaching safepoint: 4200 ns, Cleanup: 24400 ns, At safepoint: 2797914 ns, Total: 2826514 ns
[2275.575s][info ][gc,start       ] GC(161) Pause Young (Allocation Failure)
[2275.577s][debug][gc,phases      ] GC(161) Scavenge 2.101ms
[2275.577s][debug][gc,ref         ] GC(161) Skipped phase 1 of Reference Processing: no references
[2275.577s][debug][gc,ref         ] GC(161) ReferenceProcessor::execute queues: 1, RefProcThreadModel::Single, marks_oops_alive: false
[2275.577s][debug][gc,ref         ] GC(161) Skipped phase 3 of Reference Processing: no references
[2275.577s][debug][gc,ref         ] GC(161) Skipped phase 4 of Reference Processing: no references
[2275.577s][debug][gc,phases      ] GC(161) Reference Processing 0.099ms
[2275.577s][debug][gc,phases      ] GC(161)   VM Weak                        Min:  0.0, Avg:  0.0, Max:  0.0, Diff:  0.0, Sum:  0.0, Workers: 4
[2275.577s][debug][gc,phases      ] GC(161)     Dead                           Min: 0, Avg:  0.0, Max: 0, Diff: 0, Sum: 0, Workers: 4
[2275.577s][debug][gc,phases      ] GC(161)     Total                          Min: 0, Avg: 172.8, Max: 691, Diff: 691, Sum: 691, Workers: 4
[2275.577s][debug][gc,phases      ] GC(161)   ObjectSynchronizer Weak        Min:  0.0, Avg:  0.0, Max:  0.0, Diff:  0.0, Sum:  0.0, Workers: 4
[2275.577s][debug][gc,phases      ] GC(161)     Dead                           Min: 0, Avg:  0.0, Max: 0, Diff: 0, Sum: 0, Workers: 4
[2275.577s][debug][gc,phases      ] GC(161)     Total                          Min: 0, Avg:  1.0, Max: 4, Diff: 4, Sum: 4, Workers: 4
[2275.577s][debug][gc,phases      ] GC(161)   JVMTI Tag Weak OopStorage      Min:  0.0, Avg:  0.0, Max:  0.0, Diff:  0.0, Sum:  0.0, Workers: 4
[2275.577s][debug][gc,phases      ] GC(161)     Dead                           Min: 0, Avg:  0.0, Max: 0, Diff: 0, Sum: 0, Workers: 4
[2275.577s][debug][gc,phases      ] GC(161)     Total                          Min: 0, Avg:  0.0, Max: 0, Diff: 0, Sum: 0, Workers: 4
[2275.577s][debug][gc,phases      ] GC(161)   StringTable Weak               Min:  0.0, Avg:  0.1, Max:  0.2, Diff:  0.2, Sum:  0.4, Workers: 4
[2275.577s][debug][gc,phases      ] GC(161)     Dead                           Min: 0, Avg:  0.0, Max: 0, Diff: 0, Sum: 0, Workers: 4
[2275.577s][debug][gc,phases      ] GC(161)     Total                          Min: 0, Avg: 10701.0, Max: 15295, Diff: 15295, Sum: 42804, Workers: 4
[2275.577s][debug][gc,phases      ] GC(161)   ResolvedMethodTable Weak       Min:  0.0, Avg:  0.0, Max:  0.0, Diff:  0.0, Sum:  0.1, Workers: 4
[2275.577s][debug][gc,phases      ] GC(161)     Dead                           Min: 0, Avg:  0.0, Max: 0, Diff: 0, Sum: 0, Workers: 4
[2275.577s][debug][gc,phases      ] GC(161)     Total                          Min: 0, Avg: 2283.8, Max: 3890, Diff: 3890, Sum: 9135, Workers: 4
[2275.577s][debug][gc,phases      ] GC(161)   JNI Weak                       Min:  0.0, Avg:  0.0, Max:  0.0, Diff:  0.0, Sum:  0.0, Workers: 4
[2275.577s][debug][gc,phases      ] GC(161)     Dead                           Min: 0, Avg:  0.0, Max: 0, Diff: 0, Sum: 0, Workers: 4
[2275.577s][debug][gc,phases      ] GC(161)     Total                          Min: 0, Avg: 11.2, Max: 45, Diff: 45, Sum: 45, Workers: 4
[2275.577s][debug][gc,phases      ] GC(161)   StringDedup Table Weak         Min:  0.0, Avg:  0.0, Max:  0.0, Diff:  0.0, Sum:  0.0, Workers: 4
[2275.577s][debug][gc,phases      ] GC(161)     Dead                           Min: 0, Avg:  0.0, Max: 0, Diff: 0, Sum: 0, Workers: 4
[2275.577s][debug][gc,phases      ] GC(161)     Total                          Min: 0, Avg:  0.0, Max: 0, Diff: 0, Sum: 0, Workers: 4
[2275.577s][debug][gc,phases      ] GC(161)   StringDedup Requests0 Weak     Min:  0.0, Avg:  0.0, Max:  0.0, Diff:  0.0, Sum:  0.0, Workers: 4
[2275.577s][debug][gc,phases      ] GC(161)     Dead                           Min: 0, Avg:  0.0, Max: 0, Diff: 0, Sum: 0, Workers: 4
[2275.577s][debug][gc,phases      ] GC(161)     Total                          Min: 0, Avg:  0.0, Max: 0, Diff: 0, Sum: 0, Workers: 4
[2275.577s][debug][gc,phases      ] GC(161)   StringDedup Requests1 Weak     Min:  0.0, Avg:  0.0, Max:  0.0, Diff:  0.0, Sum:  0.0, Workers: 4
[2275.577s][debug][gc,phases      ] GC(161)     Dead                           Min: 0, Avg:  0.0, Max: 0, Diff: 0, Sum: 0, Workers: 4
[2275.577s][debug][gc,phases      ] GC(161)     Total                          Min: 0, Avg:  0.0, Max: 0, Diff: 0, Sum: 0, Workers: 4
[2275.577s][debug][gc,phases      ] GC(161)   Weak JFR Old Object Samples    Min:  0.0, Avg:  0.0, Max:  0.0, Diff:  0.0, Sum:  0.0, Workers: 4
[2275.577s][debug][gc,phases      ] GC(161)     Dead                           Min: 0, Avg:  0.0, Max: 0, Diff: 0, Sum: 0, Workers: 4
[2275.577s][debug][gc,phases      ] GC(161)     Total                          Min: 0, Avg:  0.0, Max: 0, Diff: 0, Sum: 0, Workers: 4
[2275.577s][debug][gc,phases      ] GC(161) Weak Processing 0.352ms
[2275.577s][debug][gc,age         ] GC(161) Desired survivor size 524288 bytes, new threshold 15 (max threshold 15)
[2275.577s][info ][gc,heap        ] GC(161) PSYoungGen: 2096288K(2096640K)->224K(2096640K) Eden: 2096128K(2096128K)->0K(2096128K) From: 160K(512K)->224K(512K)
[2275.577s][info ][gc,heap        ] GC(161) ParOldGen: 236094K(324096K)->236102K(324096K)
[2275.577s][info ][gc,metaspace   ] GC(161) Metaspace: 80146K(81024K)->80146K(81024K) NonClass: 68419K(68864K)->68419K(68864K) Class: 11727K(12160K)->11727K(12160K)
[2275.577s][info ][gc             ] GC(161) Pause Young (Allocation Failure) 2277M->230M(2364M) 2.654ms
[2275.577s][info ][gc,cpu         ] GC(161) User=0.01s Sys=0.00s Real=0.00s
[2275.577s][info ][safepoint      ] Safepoint "ParallelGCFailedAllocation", Time since last: 16398123567 ns, Reaching safepoint: 5300 ns, Cleanup: 54300 ns, At safepoint: 2734814 ns, Total: 2794414 ns
[2291.976s][info ][gc,start       ] GC(162) Pause Young (Allocation Failure)
[2291.977s][debug][gc,phases      ] GC(162) Scavenge 1.278ms
[2291.977s][debug][gc,ref         ] GC(162) Skipped phase 1 of Reference Processing: no references
[2291.978s][debug][gc,ref         ] GC(162) ReferenceProcessor::execute queues: 1, RefProcThreadModel::Single, marks_oops_alive: false
[2291.978s][debug][gc,ref         ] GC(162) Skipped phase 3 of Reference Processing: no references
[2291.978s][debug][gc,ref         ] GC(162) Skipped phase 4 of Reference Processing: no references
[2291.978s][debug][gc,phases      ] GC(162) Reference Processing 0.100ms
[2291.978s][debug][gc,phases      ] GC(162)   VM Weak                        Min:  0.0, Avg:  0.0, Max:  0.0, Diff:  0.0, Sum:  0.0, Workers: 4
[2291.978s][debug][gc,phases      ] GC(162)     Dead                           Min: 0, Avg:  0.0, Max: 0, Diff: 0, Sum: 0, Workers: 4
[2291.978s][debug][gc,phases      ] GC(162)     Total                          Min: 0, Avg: 172.8, Max: 640, Diff: 640, Sum: 691, Workers: 4
[2291.978s][debug][gc,phases      ] GC(162)   ObjectSynchronizer Weak        Min:  0.0, Avg:  0.0, Max:  0.0, Diff:  0.0, Sum:  0.0, Workers: 4
[2291.978s][debug][gc,phases      ] GC(162)     Dead                           Min: 0, Avg:  0.0, Max: 0, Diff: 0, Sum: 0, Workers: 4
[2291.978s][debug][gc,phases      ] GC(162)     Total                          Min: 0, Avg:  1.0, Max: 4, Diff: 4, Sum: 4, Workers: 4
[2291.978s][debug][gc,phases      ] GC(162)   JVMTI Tag Weak OopStorage      Min:  0.0, Avg:  0.0, Max:  0.0, Diff:  0.0, Sum:  0.0, Workers: 4
[2291.978s][debug][gc,phases      ] GC(162)     Dead                           Min: 0, Avg:  0.0, Max: 0, Diff: 0, Sum: 0, Workers: 4
[2291.978s][debug][gc,phases      ] GC(162)     Total                          Min: 0, Avg:  0.0, Max: 0, Diff: 0, Sum: 0, Workers: 4
[2291.978s][debug][gc,phases      ] GC(162)   StringTable Weak               Min:  0.0, Avg:  0.1, Max:  0.1, Diff:  0.1, Sum:  0.4, Workers: 4
[2291.978s][debug][gc,phases      ] GC(162)     Dead                           Min: 0, Avg:  0.0, Max: 0, Diff: 0, Sum: 0, Workers: 4
[2291.978s][debug][gc,phases      ] GC(162)     Total                          Min: 0, Avg: 10701.0, Max: 18613, Diff: 18613, Sum: 42804, Workers: 4
[2291.978s][debug][gc,phases      ] GC(162)   ResolvedMethodTable Weak       Min:  0.0, Avg:  0.0, Max:  0.1, Diff:  0.1, Sum:  0.2, Workers: 4
[2291.978s][debug][gc,phases      ] GC(162)     Dead                           Min: 0, Avg:  0.0, Max: 0, Diff: 0, Sum: 0, Workers: 4
[2291.978s][debug][gc,phases      ] GC(162)     Total                          Min: 0, Avg: 2283.8, Max: 3171, Diff: 3171, Sum: 9135, Workers: 4
[2291.978s][debug][gc,phases      ] GC(162)   JNI Weak                       Min:  0.0, Avg:  0.0, Max:  0.0, Diff:  0.0, Sum:  0.0, Workers: 4
[2291.978s][debug][gc,phases      ] GC(162)     Dead                           Min: 0, Avg:  0.0, Max: 0, Diff: 0, Sum: 0, Workers: 4
[2291.978s][debug][gc,phases      ] GC(162)     Total                          Min: 0, Avg: 11.2, Max: 45, Diff: 45, Sum: 45, Workers: 4
[2291.978s][debug][gc,phases      ] GC(162)   StringDedup Table Weak         Min:  0.0, Avg:  0.0, Max:  0.0, Diff:  0.0, Sum:  0.0, Workers: 4
[2291.978s][debug][gc,phases      ] GC(162)     Dead                           Min: 0, Avg:  0.0, Max: 0, Diff: 0, Sum: 0, Workers: 4
[2291.978s][debug][gc,phases      ] GC(162)     Total                          Min: 0, Avg:  0.0, Max: 0, Diff: 0, Sum: 0, Workers: 4
[2291.978s][debug][gc,phases      ] GC(162)   StringDedup Requests0 Weak     Min:  0.0, Avg:  0.0, Max:  0.0, Diff:  0.0, Sum:  0.0, Workers: 4
[2291.978s][debug][gc,phases      ] GC(162)     Dead                           Min: 0, Avg:  0.0, Max: 0, Diff: 0, Sum: 0, Workers: 4
[2291.978s][debug][gc,phases      ] GC(162)     Total                          Min: 0, Avg:  0.0, Max: 0, Diff: 0, Sum: 0, Workers: 4
[2291.978s][debug][gc,phases      ] GC(162)   StringDedup Requests1 Weak     Min:  0.0, Avg:  0.0, Max:  0.0, Diff:  0.0, Sum:  0.0, Workers: 4
[2291.978s][debug][gc,phases      ] GC(162)     Dead                           Min: 0, Avg:  0.0, Max: 0, Diff: 0, Sum: 0, Workers: 4
[2291.978s][debug][gc,phases      ] GC(162)     Total                          Min: 0, Avg:  0.0, Max: 0, Diff: 0, Sum: 0, Workers: 4
[2291.978s][debug][gc,phases      ] GC(162)   Weak JFR Old Object Samples    Min:  0.0, Avg:  0.0, Max:  0.0, Diff:  0.0, Sum:  0.0, Workers: 4
[2291.978s][debug][gc,phases      ] GC(162)     Dead                           Min: 0, Avg:  0.0, Max: 0, Diff: 0, Sum: 0, Workers: 4
[2291.978s][debug][gc,phases      ] GC(162)     Total                          Min: 0, Avg:  0.0, Max: 0, Diff: 0, Sum: 0, Workers: 4
[2291.978s][debug][gc,phases      ] GC(162) Weak Processing 0.370ms
[2291.978s][debug][gc,age         ] GC(162) Desired survivor size 524288 bytes, new threshold 15 (max threshold 15)
[2291.978s][info ][gc,heap        ] GC(162) PSYoungGen: 2096352K(2096640K)->128K(2096640K) Eden: 2096128K(2096128K)->0K(2096128K) From: 224K(512K)->128K(512K)
[2291.978s][info ][gc,heap        ] GC(162) ParOldGen: 236102K(324096K)->236110K(324096K)
[2291.978s][info ][gc,metaspace   ] GC(162) Metaspace: 80146K(81024K)->80146K(81024K) NonClass: 68419K(68864K)->68419K(68864K) Class: 11727K(12160K)->11727K(12160K)
[2291.978s][info ][gc             ] GC(162) Pause Young (Allocation Failure) 2277M->230M(2364M) 1.836ms
[2291.978s][info ][gc,cpu         ] GC(162) User=0.00s Sys=0.00s Real=0.01s
[2291.978s][info ][safepoint      ] Safepoint "ParallelGCFailedAllocation", Time since last: 16398602502 ns, Reaching safepoint: 7600 ns, Cleanup: 26900 ns, At safepoint: 1926110 ns, Total: 1960610 ns
[2308.423s][info ][gc,start       ] GC(163) Pause Young (Allocation Failure)
[2308.426s][debug][gc,phases      ] GC(163) Scavenge 2.175ms
[2308.426s][debug][gc,ref         ] GC(163) Skipped phase 1 of Reference Processing: no references
[2308.426s][debug][gc,ref         ] GC(163) ReferenceProcessor::execute queues: 1, RefProcThreadModel::Single, marks_oops_alive: false
[2308.426s][debug][gc,ref         ] GC(163) Skipped phase 3 of Reference Processing: no references
[2308.426s][debug][gc,ref         ] GC(163) Skipped phase 4 of Reference Processing: no references
[2308.426s][debug][gc,phases      ] GC(163) Reference Processing 0.101ms
[2308.426s][debug][gc,phases      ] GC(163)   VM Weak                        Min:  0.0, Avg:  0.0, Max:  0.0, Diff:  0.0, Sum:  0.0, Workers: 4
[2308.426s][debug][gc,phases      ] GC(163)     Dead                           Min: 0, Avg:  0.0, Max: 0, Diff: 0, Sum: 0, Workers: 4
[2308.426s][debug][gc,phases      ] GC(163)     Total                          Min: 0, Avg: 172.8, Max: 384, Diff: 384, Sum: 691, Workers: 4
[2308.426s][debug][gc,phases      ] GC(163)   ObjectSynchronizer Weak        Min:  0.0, Avg:  0.0, Max:  0.0, Diff:  0.0, Sum:  0.0, Workers: 4
[2308.426s][debug][gc,phases      ] GC(163)     Dead                           Min: 0, Avg:  0.0, Max: 0, Diff: 0, Sum: 0, Workers: 4
[2308.426s][debug][gc,phases      ] GC(163)     Total                          Min: 0, Avg:  1.0, Max: 4, Diff: 4, Sum: 4, Workers: 4
[2308.426s][debug][gc,phases      ] GC(163)   JVMTI Tag Weak OopStorage      Min:  0.0, Avg:  0.0, Max:  0.0, Diff:  0.0, Sum:  0.0, Workers: 4
[2308.426s][debug][gc,phases      ] GC(163)     Dead                           Min: 0, Avg:  0.0, Max: 0, Diff: 0, Sum: 0, Workers: 4
[2308.426s][debug][gc,phases      ] GC(163)     Total                          Min: 0, Avg:  0.0, Max: 0, Diff: 0, Sum: 0, Workers: 4
[2308.426s][debug][gc,phases      ] GC(163)   StringTable Weak               Min:  0.1, Avg:  0.1, Max:  0.1, Diff:  0.0, Sum:  0.5, Workers: 4
[2308.426s][debug][gc,phases      ] GC(163)     Dead                           Min: 0, Avg:  0.0, Max: 0, Diff: 0, Sum: 0, Workers: 4
[2308.426s][debug][gc,phases      ] GC(163)     Total                          Min: 9664, Avg: 10701.0, Max: 11967, Diff: 2303, Sum: 42804, Workers: 4
[2308.426s][debug][gc,phases      ] GC(163)   ResolvedMethodTable Weak       Min:  0.0, Avg:  0.0, Max:  0.0, Diff:  0.0, Sum:  0.1, Workers: 4
[2308.426s][debug][gc,phases      ] GC(163)     Dead                           Min: 0, Avg:  0.0, Max: 0, Diff: 0, Sum: 0, Workers: 4
[2308.426s][debug][gc,phases      ] GC(163)     Total                          Min: 2114, Avg: 2283.8, Max: 2454, Diff: 340, Sum: 9135, Workers: 4
[2308.426s][debug][gc,phases      ] GC(163)   JNI Weak                       Min:  0.0, Avg:  0.0, Max:  0.0, Diff:  0.0, Sum:  0.0, Workers: 4
[2308.426s][debug][gc,phases      ] GC(163)     Dead                           Min: 0, Avg:  0.0, Max: 0, Diff: 0, Sum: 0, Workers: 4
[2308.426s][debug][gc,phases      ] GC(163)     Total                          Min: 0, Avg: 11.2, Max: 45, Diff: 45, Sum: 45, Workers: 4
[2308.426s][debug][gc,phases      ] GC(163)   StringDedup Table Weak         Min:  0.0, Avg:  0.0, Max:  0.0, Diff:  0.0, Sum:  0.0, Workers: 4
[2308.426s][debug][gc,phases      ] GC(163)     Dead                           Min: 0, Avg:  0.0, Max: 0, Diff: 0, Sum: 0, Workers: 4
[2308.426s][debug][gc,phases      ] GC(163)     Total                          Min: 0, Avg:  0.0, Max: 0, Diff: 0, Sum: 0, Workers: 4
[2308.426s][debug][gc,phases      ] GC(163)   StringDedup Requests0 Weak     Min:  0.0, Avg:  0.0, Max:  0.0, Diff:  0.0, Sum:  0.0, Workers: 4
[2308.426s][debug][gc,phases      ] GC(163)     Dead                           Min: 0, Avg:  0.0, Max: 0, Diff: 0, Sum: 0, Workers: 4
[2308.426s][debug][gc,phases      ] GC(163)     Total                          Min: 0, Avg:  0.0, Max: 0, Diff: 0, Sum: 0, Workers: 4
[2308.426s][debug][gc,phases      ] GC(163)   StringDedup Requests1 Weak     Min:  0.0, Avg:  0.0, Max:  0.0, Diff:  0.0, Sum:  0.0, Workers: 4
[2308.426s][debug][gc,phases      ] GC(163)     Dead                           Min: 0, Avg:  0.0, Max: 0, Diff: 0, Sum: 0, Workers: 4
[2308.426s][debug][gc,phases      ] GC(163)     Total                          Min: 0, Avg:  0.0, Max: 0, Diff: 0, Sum: 0, Workers: 4
[2308.426s][debug][gc,phases      ] GC(163)   Weak JFR Old Object Samples    Min:  0.0, Avg:  0.0, Max:  0.0, Diff:  0.0, Sum:  0.0, Workers: 4
[2308.426s][debug][gc,phases      ] GC(163)     Dead                           Min: 0, Avg:  0.0, Max: 0, Diff: 0, Sum: 0, Workers: 4
[2308.426s][debug][gc,phases      ] GC(163)     Total                          Min: 0, Avg:  0.0, Max: 0, Diff: 0, Sum: 0, Workers: 4
[2308.426s][debug][gc,phases      ] GC(163) Weak Processing 0.335ms
[2308.426s][debug][gc,age         ] GC(163) Desired survivor size 524288 bytes, new threshold 15 (max threshold 15)
[2308.426s][info ][gc,heap        ] GC(163) PSYoungGen: 2096256K(2096640K)->128K(2096640K) Eden: 2096128K(2096128K)->0K(2096128K) From: 128K(512K)->128K(512K)
[2308.426s][info ][gc,heap        ] GC(163) ParOldGen: 236110K(324096K)->236110K(324096K)
[2308.426s][info ][gc,metaspace   ] GC(163) Metaspace: 80146K(81024K)->80146K(81024K) NonClass: 68419K(68864K)->68419K(68864K) Class: 11727K(12160K)->11727K(12160K)
[2308.426s][info ][gc             ] GC(163) Pause Young (Allocation Failure) 2277M->230M(2364M) 2.699ms
[2308.426s][info ][gc,cpu         ] GC(163) User=0.00s Sys=0.00s Real=0.00s
[2308.426s][info ][safepoint      ] Safepoint "ParallelGCFailedAllocation", Time since last: 16445307832 ns, Reaching safepoint: 6000 ns, Cleanup: 36000 ns, At safepoint: 2794414 ns, Total: 2836414 ns
[2324.825s][info ][gc,start       ] GC(164) Pause Young (Allocation Failure)
[2324.827s][debug][gc,phases      ] GC(164) Scavenge 1.938ms
[2324.827s][debug][gc,ref         ] GC(164) Skipped phase 1 of Reference Processing: no references
[2324.827s][debug][gc,ref         ] GC(164) ReferenceProcessor::execute queues: 1, RefProcThreadModel::Single, marks_oops_alive: false
[2324.827s][debug][gc,ref         ] GC(164) Skipped phase 3 of Reference Processing: no references
[2324.827s][debug][gc,ref         ] GC(164) Skipped phase 4 of Reference Processing: no references
[2324.827s][debug][gc,phases      ] GC(164) Reference Processing 0.105ms
[2324.827s][debug][gc,phases      ] GC(164)   VM Weak                        Min:  0.0, Avg:  0.0, Max:  0.0, Diff:  0.0, Sum:  0.0, Workers: 4
[2324.827s][debug][gc,phases      ] GC(164)     Dead                           Min: 0, Avg:  0.0, Max: 0, Diff: 0, Sum: 0, Workers: 4
[2324.827s][debug][gc,phases      ] GC(164)     Total                          Min: 0, Avg: 172.8, Max: 448, Diff: 448, Sum: 691, Workers: 4
[2324.827s][debug][gc,phases      ] GC(164)   ObjectSynchronizer Weak        Min:  0.0, Avg:  0.0, Max:  0.0, Diff:  0.0, Sum:  0.0, Workers: 4
[2324.827s][debug][gc,phases      ] GC(164)     Dead                           Min: 0, Avg:  0.0, Max: 0, Diff: 0, Sum: 0, Workers: 4
[2324.827s][debug][gc,phases      ] GC(164)     Total                          Min: 0, Avg:  1.0, Max: 4, Diff: 4, Sum: 4, Workers: 4
[2324.827s][debug][gc,phases      ] GC(164)   JVMTI Tag Weak OopStorage      Min:  0.0, Avg:  0.0, Max:  0.0, Diff:  0.0, Sum:  0.0, Workers: 4
[2324.827s][debug][gc,phases      ] GC(164)     Dead                           Min: 0, Avg:  0.0, Max: 0, Diff: 0, Sum: 0, Workers: 4
[2324.827s][debug][gc,phases      ] GC(164)     Total                          Min: 0, Avg:  0.0, Max: 0, Diff: 0, Sum: 0, Workers: 4
[2324.827s][debug][gc,phases      ] GC(164)   StringTable Weak               Min:  0.0, Avg:  0.1, Max:  0.1, Diff:  0.1, Sum:  0.4, Workers: 4
[2324.827s][debug][gc,phases      ] GC(164)     Dead                           Min: 0, Avg:  0.0, Max: 0, Diff: 0, Sum: 0, Workers: 4
[2324.827s][debug][gc,phases      ] GC(164)     Total                          Min: 0, Avg: 10702.0, Max: 17086, Diff: 17086, Sum: 42808, Workers: 4
[2324.827s][debug][gc,phases      ] GC(164)   ResolvedMethodTable Weak       Min:  0.0, Avg:  0.0, Max:  0.0, Diff:  0.0, Sum:  0.1, Workers: 4
[2324.827s][debug][gc,phases      ] GC(164)     Dead                           Min: 0, Avg:  0.0, Max: 0, Diff: 0, Sum: 0, Workers: 4
[2324.827s][debug][gc,phases      ] GC(164)     Total                          Min: 0, Avg: 2283.8, Max: 4461, Diff: 4461, Sum: 9135, Workers: 4
[2324.827s][debug][gc,phases      ] GC(164)   JNI Weak                       Min:  0.0, Avg:  0.0, Max:  0.0, Diff:  0.0, Sum:  0.0, Workers: 4
[2324.827s][debug][gc,phases      ] GC(164)     Dead                           Min: 0, Avg:  0.0, Max: 0, Diff: 0, Sum: 0, Workers: 4
[2324.827s][debug][gc,phases      ] GC(164)     Total                          Min: 0, Avg: 11.2, Max: 45, Diff: 45, Sum: 45, Workers: 4
[2324.827s][debug][gc,phases      ] GC(164)   StringDedup Table Weak         Min:  0.0, Avg:  0.0, Max:  0.0, Diff:  0.0, Sum:  0.0, Workers: 4
[2324.827s][debug][gc,phases      ] GC(164)     Dead                           Min: 0, Avg:  0.0, Max: 0, Diff: 0, Sum: 0, Workers: 4
[2324.827s][debug][gc,phases      ] GC(164)     Total                          Min: 0, Avg:  0.0, Max: 0, Diff: 0, Sum: 0, Workers: 4
[2324.827s][debug][gc,phases      ] GC(164)   StringDedup Requests0 Weak     Min:  0.0, Avg:  0.0, Max:  0.0, Diff:  0.0, Sum:  0.0, Workers: 4
[2324.827s][debug][gc,phases      ] GC(164)     Dead                           Min: 0, Avg:  0.0, Max: 0, Diff: 0, Sum: 0, Workers: 4
[2324.827s][debug][gc,phases      ] GC(164)     Total                          Min: 0, Avg:  0.0, Max: 0, Diff: 0, Sum: 0, Workers: 4
[2324.827s][debug][gc,phases      ] GC(164)   StringDedup Requests1 Weak     Min:  0.0, Avg:  0.0, Max:  0.0, Diff:  0.0, Sum:  0.0, Workers: 4
[2324.827s][debug][gc,phases      ] GC(164)     Dead                           Min: 0, Avg:  0.0, Max: 0, Diff: 0, Sum: 0, Workers: 4
[2324.827s][debug][gc,phases      ] GC(164)     Total                          Min: 0, Avg:  0.0, Max: 0, Diff: 0, Sum: 0, Workers: 4
[2324.827s][debug][gc,phases      ] GC(164)   Weak JFR Old Object Samples    Min:  0.0, Avg:  0.0, Max:  0.0, Diff:  0.0, Sum:  0.0, Workers: 4
[2324.827s][debug][gc,phases      ] GC(164)     Dead                           Min: 0, Avg:  0.0, Max: 0, Diff: 0, Sum: 0, Workers: 4
[2324.827s][debug][gc,phases      ] GC(164)     Total                          Min: 0, Avg:  0.0, Max: 0, Diff: 0, Sum: 0, Workers: 4
[2324.827s][debug][gc,phases      ] GC(164) Weak Processing 0.389ms
[2324.827s][debug][gc,age         ] GC(164) Desired survivor size 524288 bytes, new threshold 15 (max threshold 15)
[2324.827s][info ][gc,heap        ] GC(164) PSYoungGen: 2096256K(2096640K)->224K(2096640K) Eden: 2096128K(2096128K)->0K(2096128K) From: 128K(512K)->224K(512K)
[2324.827s][info ][gc,heap        ] GC(164) ParOldGen: 236110K(324096K)->236118K(324096K)
[2324.827s][info ][gc,metaspace   ] GC(164) Metaspace: 80146K(81024K)->80146K(81024K) NonClass: 68419K(68864K)->68419K(68864K) Class: 11727K(12160K)->11727K(12160K)
[2324.827s][info ][gc             ] GC(164) Pause Young (Allocation Failure) 2277M->230M(2364M) 2.546ms
[2324.827s][info ][gc,cpu         ] GC(164) User=0.00s Sys=0.00s Real=0.00s
[2324.827s][info ][safepoint      ] Safepoint "ParallelGCFailedAllocation", Time since last: 16398550987 ns, Reaching safepoint: 5400 ns, Cleanup: 51500 ns, At safepoint: 2612613 ns, Total: 2669513 ns
[2341.226s][info ][gc,start       ] GC(165) Pause Young (Allocation Failure)
[2341.228s][debug][gc,phases      ] GC(165) Scavenge 2.180ms
[2341.228s][debug][gc,ref         ] GC(165) Skipped phase 1 of Reference Processing: no references
[2341.228s][debug][gc,ref         ] GC(165) ReferenceProcessor::execute queues: 1, RefProcThreadModel::Single, marks_oops_alive: false
[2341.228s][debug][gc,ref         ] GC(165) Skipped phase 3 of Reference Processing: no references
[2341.228s][debug][gc,ref         ] GC(165) Skipped phase 4 of Reference Processing: no references
[2341.228s][debug][gc,phases      ] GC(165) Reference Processing 0.097ms
[2341.228s][debug][gc,phases      ] GC(165)   VM Weak                        Min:  0.0, Avg:  0.0, Max:  0.0, Diff:  0.0, Sum:  0.0, Workers: 4
[2341.228s][debug][gc,phases      ] GC(165)     Dead                           Min: 0, Avg:  0.0, Max: 0, Diff: 0, Sum: 0, Workers: 4
[2341.228s][debug][gc,phases      ] GC(165)     Total                          Min: 0, Avg: 172.8, Max: 627, Diff: 627, Sum: 691, Workers: 4
[2341.228s][debug][gc,phases      ] GC(165)   ObjectSynchronizer Weak        Min:  0.0, Avg:  0.0, Max:  0.0, Diff:  0.0, Sum:  0.0, Workers: 4
[2341.228s][debug][gc,phases      ] GC(165)     Dead                           Min: 0, Avg:  0.0, Max: 0, Diff: 0, Sum: 0, Workers: 4
[2341.228s][debug][gc,phases      ] GC(165)     Total                          Min: 0, Avg:  1.0, Max: 4, Diff: 4, Sum: 4, Workers: 4
[2341.228s][debug][gc,phases      ] GC(165)   JVMTI Tag Weak OopStorage      Min:  0.0, Avg:  0.0, Max:  0.0, Diff:  0.0, Sum:  0.0, Workers: 4
[2341.228s][debug][gc,phases      ] GC(165)     Dead                           Min: 0, Avg:  0.0, Max: 0, Diff: 0, Sum: 0, Workers: 4
[2341.228s][debug][gc,phases      ] GC(165)     Total                          Min: 0, Avg:  0.0, Max: 0, Diff: 0, Sum: 0, Workers: 4
[2341.228s][debug][gc,phases      ] GC(165)   StringTable Weak               Min:  0.1, Avg:  0.1, Max:  0.1, Diff:  0.0, Sum:  0.5, Workers: 4
[2341.228s][debug][gc,phases      ] GC(165)     Dead                           Min: 0, Avg:  0.0, Max: 0, Diff: 0, Sum: 0, Workers: 4
[2341.228s][debug][gc,phases      ] GC(165)     Total                          Min: 10432, Avg: 10702.2, Max: 11135, Diff: 703, Sum: 42809, Workers: 4
[2341.228s][debug][gc,phases      ] GC(165)   ResolvedMethodTable Weak       Min:  0.0, Avg:  0.0, Max:  0.0, Diff:  0.0, Sum:  0.1, Workers: 4
[2341.228s][debug][gc,phases      ] GC(165)     Dead                           Min: 0, Avg:  0.0, Max: 0, Diff: 0, Sum: 0, Workers: 4
[2341.228s][debug][gc,phases      ] GC(165)     Total                          Min: 2169, Avg: 2283.8, Max: 2452, Diff: 283, Sum: 9135, Workers: 4
[2341.228s][debug][gc,phases      ] GC(165)   JNI Weak                       Min:  0.0, Avg:  0.0, Max:  0.0, Diff:  0.0, Sum:  0.0, Workers: 4
[2341.228s][debug][gc,phases      ] GC(165)     Dead                           Min: 0, Avg:  0.0, Max: 0, Diff: 0, Sum: 0, Workers: 4
[2341.228s][debug][gc,phases      ] GC(165)     Total                          Min: 0, Avg: 11.2, Max: 45, Diff: 45, Sum: 45, Workers: 4
[2341.228s][debug][gc,phases      ] GC(165)   StringDedup Table Weak         Min:  0.0, Avg:  0.0, Max:  0.0, Diff:  0.0, Sum:  0.0, Workers: 4
[2341.228s][debug][gc,phases      ] GC(165)     Dead                           Min: 0, Avg:  0.0, Max: 0, Diff: 0, Sum: 0, Workers: 4
[2341.228s][debug][gc,phases      ] GC(165)     Total                          Min: 0, Avg:  0.0, Max: 0, Diff: 0, Sum: 0, Workers: 4
[2341.228s][debug][gc,phases      ] GC(165)   StringDedup Requests0 Weak     Min:  0.0, Avg:  0.0, Max:  0.0, Diff:  0.0, Sum:  0.0, Workers: 4
[2341.228s][debug][gc,phases      ] GC(165)     Dead                           Min: 0, Avg:  0.0, Max: 0, Diff: 0, Sum: 0, Workers: 4
[2341.228s][debug][gc,phases      ] GC(165)     Total                          Min: 0, Avg:  0.0, Max: 0, Diff: 0, Sum: 0, Workers: 4
[2341.228s][debug][gc,phases      ] GC(165)   StringDedup Requests1 Weak     Min:  0.0, Avg:  0.0, Max:  0.0, Diff:  0.0, Sum:  0.0, Workers: 4
[2341.228s][debug][gc,phases      ] GC(165)     Dead                           Min: 0, Avg:  0.0, Max: 0, Diff: 0, Sum: 0, Workers: 4
[2341.228s][debug][gc,phases      ] GC(165)     Total                          Min: 0, Avg:  0.0, Max: 0, Diff: 0, Sum: 0, Workers: 4
[2341.228s][debug][gc,phases      ] GC(165)   Weak JFR Old Object Samples    Min:  0.0, Avg:  0.0, Max:  0.0, Diff:  0.0, Sum:  0.0, Workers: 4
[2341.228s][debug][gc,phases      ] GC(165)     Dead                           Min: 0, Avg:  0.0, Max: 0, Diff: 0, Sum: 0, Workers: 4
[2341.228s][debug][gc,phases      ] GC(165)     Total                          Min: 0, Avg:  0.0, Max: 0, Diff: 0, Sum: 0, Workers: 4
[2341.228s][debug][gc,phases      ] GC(165) Weak Processing 0.321ms
[2341.228s][debug][gc,age         ] GC(165) Desired survivor size 524288 bytes, new threshold 15 (max threshold 15)
[2341.228s][info ][gc,heap        ] GC(165) PSYoungGen: 2096352K(2096640K)->192K(2096640K) Eden: 2096128K(2096128K)->0K(2096128K) From: 224K(512K)->192K(512K)
[2341.228s][info ][gc,heap        ] GC(165) ParOldGen: 236118K(324096K)->236126K(324096K)
[2341.228s][info ][gc,metaspace   ] GC(165) Metaspace: 80148K(81024K)->80148K(81024K) NonClass: 68421K(68864K)->68421K(68864K) Class: 11727K(12160K)->11727K(12160K)
[2341.228s][info ][gc             ] GC(165) Pause Young (Allocation Failure) 2277M->230M(2364M) 2.727ms
[2341.228s][info ][gc,cpu         ] GC(165) User=0.01s Sys=0.00s Real=0.00s
[2341.229s][info ][safepoint      ] Safepoint "ParallelGCFailedAllocation", Time since last: 16398283845 ns, Reaching safepoint: 4000 ns, Cleanup: 38800 ns, At safepoint: 2820414 ns, Total: 2863214 ns
[2357.674s][info ][gc,start       ] GC(166) Pause Young (Allocation Failure)
[2357.676s][debug][gc,phases      ] GC(166) Scavenge 2.142ms
[2357.676s][debug][gc,ref         ] GC(166) Skipped phase 1 of Reference Processing: no references
[2357.676s][debug][gc,ref         ] GC(166) ReferenceProcessor::execute queues: 1, RefProcThreadModel::Single, marks_oops_alive: false
[2357.676s][debug][gc,ref         ] GC(166) Skipped phase 3 of Reference Processing: no references
[2357.676s][debug][gc,ref         ] GC(166) ReferenceProcessor::execute queues: 1, RefProcThreadModel::Single, marks_oops_alive: false
[2357.676s][debug][gc,phases      ] GC(166) Reference Processing 0.085ms
[2357.676s][debug][gc,phases      ] GC(166)   VM Weak                        Min:  0.0, Avg:  0.0, Max:  0.0, Diff:  0.0, Sum:  0.0, Workers: 4
[2357.676s][debug][gc,phases      ] GC(166)     Dead                           Min: 0, Avg:  0.0, Max: 0, Diff: 0, Sum: 0, Workers: 4
[2357.676s][debug][gc,phases      ] GC(166)     Total                          Min: 0, Avg: 172.8, Max: 691, Diff: 691, Sum: 691, Workers: 4
[2357.676s][debug][gc,phases      ] GC(166)   ObjectSynchronizer Weak        Min:  0.0, Avg:  0.0, Max:  0.0, Diff:  0.0, Sum:  0.0, Workers: 4
[2357.676s][debug][gc,phases      ] GC(166)     Dead                           Min: 0, Avg:  0.0, Max: 0, Diff: 0, Sum: 0, Workers: 4
[2357.676s][debug][gc,phases      ] GC(166)     Total                          Min: 0, Avg:  1.0, Max: 4, Diff: 4, Sum: 4, Workers: 4
[2357.676s][debug][gc,phases      ] GC(166)   JVMTI Tag Weak OopStorage      Min:  0.0, Avg:  0.0, Max:  0.0, Diff:  0.0, Sum:  0.0, Workers: 4
[2357.676s][debug][gc,phases      ] GC(166)     Dead                           Min: 0, Avg:  0.0, Max: 0, Diff: 0, Sum: 0, Workers: 4
[2357.676s][debug][gc,phases      ] GC(166)     Total                          Min: 0, Avg:  0.0, Max: 0, Diff: 0, Sum: 0, Workers: 4
[2357.676s][debug][gc,phases      ] GC(166)   StringTable Weak               Min:  0.0, Avg:  0.1, Max:  0.1, Diff:  0.1, Sum:  0.4, Workers: 4
[2357.676s][debug][gc,phases      ] GC(166)     Dead                           Min: 0, Avg:  0.0, Max: 0, Diff: 0, Sum: 0, Workers: 4
[2357.676s][debug][gc,phases      ] GC(166)     Total                          Min: 0, Avg: 10702.2, Max: 16831, Diff: 16831, Sum: 42809, Workers: 4
[2357.676s][debug][gc,phases      ] GC(166)   ResolvedMethodTable Weak       Min:  0.0, Avg:  0.0, Max:  0.0, Diff:  0.0, Sum:  0.1, Workers: 4
[2357.676s][debug][gc,phases      ] GC(166)     Dead                           Min: 0, Avg:  0.0, Max: 0, Diff: 0, Sum: 0, Workers: 4
[2357.676s][debug][gc,phases      ] GC(166)     Total                          Min: 0, Avg: 2283.8, Max: 3833, Diff: 3833, Sum: 9135, Workers: 4
[2357.676s][debug][gc,phases      ] GC(166)   JNI Weak                       Min:  0.0, Avg:  0.0, Max:  0.0, Diff:  0.0, Sum:  0.0, Workers: 4
[2357.676s][debug][gc,phases      ] GC(166)     Dead                           Min: 0, Avg:  0.0, Max: 0, Diff: 0, Sum: 0, Workers: 4
[2357.676s][debug][gc,phases      ] GC(166)     Total                          Min: 0, Avg: 11.2, Max: 45, Diff: 45, Sum: 45, Workers: 4
[2357.676s][debug][gc,phases      ] GC(166)   StringDedup Table Weak         Min:  0.0, Avg:  0.0, Max:  0.0, Diff:  0.0, Sum:  0.0, Workers: 4
[2357.676s][debug][gc,phases      ] GC(166)     Dead                           Min: 0, Avg:  0.0, Max: 0, Diff: 0, Sum: 0, Workers: 4
[2357.676s][debug][gc,phases      ] GC(166)     Total                          Min: 0, Avg:  0.0, Max: 0, Diff: 0, Sum: 0, Workers: 4
[2357.676s][debug][gc,phases      ] GC(166)   StringDedup Requests0 Weak     Min:  0.0, Avg:  0.0, Max:  0.0, Diff:  0.0, Sum:  0.0, Workers: 4
[2357.676s][debug][gc,phases      ] GC(166)     Dead                           Min: 0, Avg:  0.0, Max: 0, Diff: 0, Sum: 0, Workers: 4
[2357.676s][debug][gc,phases      ] GC(166)     Total                          Min: 0, Avg:  0.0, Max: 0, Diff: 0, Sum: 0, Workers: 4
[2357.676s][debug][gc,phases      ] GC(166)   StringDedup Requests1 Weak     Min:  0.0, Avg:  0.0, Max:  0.0, Diff:  0.0, Sum:  0.0, Workers: 4
[2357.676s][debug][gc,phases      ] GC(166)     Dead                           Min: 0, Avg:  0.0, Max: 0, Diff: 0, Sum: 0, Workers: 4
[2357.676s][debug][gc,phases      ] GC(166)     Total                          Min: 0, Avg:  0.0, Max: 0, Diff: 0, Sum: 0, Workers: 4
[2357.676s][debug][gc,phases      ] GC(166)   Weak JFR Old Object Samples    Min:  0.0, Avg:  0.0, Max:  0.0, Diff:  0.0, Sum:  0.0, Workers: 4
[2357.676s][debug][gc,phases      ] GC(166)     Dead                           Min: 0, Avg:  0.0, Max: 0, Diff: 0, Sum: 0, Workers: 4
[2357.676s][debug][gc,phases      ] GC(166)     Total                          Min: 0, Avg:  0.0, Max: 0, Diff: 0, Sum: 0, Workers: 4
[2357.676s][debug][gc,phases      ] GC(166) Weak Processing 0.383ms
[2357.676s][debug][gc,age         ] GC(166) Desired survivor size 524288 bytes, new threshold 15 (max threshold 15)
[2357.676s][info ][gc,heap        ] GC(166) PSYoungGen: 2096320K(2096640K)->160K(2096640K) Eden: 2096128K(2096128K)->0K(2096128K) From: 192K(512K)->160K(512K)
[2357.676s][info ][gc,heap        ] GC(166) ParOldGen: 236126K(324096K)->236126K(324096K)
[2357.676s][info ][gc,metaspace   ] GC(166) Metaspace: 80148K(81024K)->80148K(81024K) NonClass: 68421K(68864K)->68421K(68864K) Class: 11727K(12160K)->11727K(12160K)
[2357.676s][info ][gc             ] GC(166) Pause Young (Allocation Failure) 2277M->230M(2364M) 2.748ms
[2357.676s][info ][gc,cpu         ] GC(166) User=0.00s Sys=0.00s Real=0.00s
[2357.676s][info ][safepoint      ] Safepoint "ParallelGCFailedAllocation", Time since last: 16444977349 ns, Reaching safepoint: 4600 ns, Cleanup: 27000 ns, At safepoint: 2824114 ns, Total: 2855714 ns
[2374.074s][info ][gc,start       ] GC(167) Pause Young (Allocation Failure)
[2374.076s][debug][gc,phases      ] GC(167) Scavenge 1.486ms
[2374.076s][debug][gc,ref         ] GC(167) Skipped phase 1 of Reference Processing: no references
[2374.076s][debug][gc,ref         ] GC(167) Skipped phase 2 of Reference Processing: no references
[2374.076s][debug][gc,ref         ] GC(167) Skipped phase 3 of Reference Processing: no references
[2374.076s][debug][gc,ref         ] GC(167) Skipped phase 4 of Reference Processing: no references
[2374.076s][debug][gc,phases      ] GC(167) Reference Processing 0.023ms
[2374.076s][debug][gc,phases      ] GC(167)   VM Weak                        Min:  0.0, Avg:  0.0, Max:  0.0, Diff:  0.0, Sum:  0.0, Workers: 4
[2374.076s][debug][gc,phases      ] GC(167)     Dead                           Min: 0, Avg:  0.0, Max: 0, Diff: 0, Sum: 0, Workers: 4
[2374.076s][debug][gc,phases      ] GC(167)     Total                          Min: 0, Avg: 172.8, Max: 576, Diff: 576, Sum: 691, Workers: 4
[2374.076s][debug][gc,phases      ] GC(167)   ObjectSynchronizer Weak        Min:  0.0, Avg:  0.0, Max:  0.0, Diff:  0.0, Sum:  0.0, Workers: 4
[2374.076s][debug][gc,phases      ] GC(167)     Dead                           Min: 0, Avg:  0.0, Max: 0, Diff: 0, Sum: 0, Workers: 4
[2374.076s][debug][gc,phases      ] GC(167)     Total                          Min: 0, Avg:  1.0, Max: 4, Diff: 4, Sum: 4, Workers: 4
[2374.076s][debug][gc,phases      ] GC(167)   JVMTI Tag Weak OopStorage      Min:  0.0, Avg:  0.0, Max:  0.0, Diff:  0.0, Sum:  0.0, Workers: 4
[2374.076s][debug][gc,phases      ] GC(167)     Dead                           Min: 0, Avg:  0.0, Max: 0, Diff: 0, Sum: 0, Workers: 4
[2374.076s][debug][gc,phases      ] GC(167)     Total                          Min: 0, Avg:  0.0, Max: 0, Diff: 0, Sum: 0, Workers: 4
[2374.076s][debug][gc,phases      ] GC(167)   StringTable Weak               Min:  0.1, Avg:  0.1, Max:  0.1, Diff:  0.0, Sum:  0.5, Workers: 4
[2374.076s][debug][gc,phases      ] GC(167)     Dead                           Min: 0, Avg:  0.0, Max: 0, Diff: 0, Sum: 0, Workers: 4
[2374.076s][debug][gc,phases      ] GC(167)     Total                          Min: 10368, Avg: 10702.8, Max: 11135, Diff: 767, Sum: 42811, Workers: 4
[2374.076s][debug][gc,phases      ] GC(167)   ResolvedMethodTable Weak       Min:  0.0, Avg:  0.0, Max:  0.0, Diff:  0.0, Sum:  0.1, Workers: 4
[2374.076s][debug][gc,phases      ] GC(167)     Dead                           Min: 0, Avg:  0.0, Max: 0, Diff: 0, Sum: 0, Workers: 4
[2374.076s][debug][gc,phases      ] GC(167)     Total                          Min: 2116, Avg: 2283.8, Max: 2433, Diff: 317, Sum: 9135, Workers: 4
[2374.076s][debug][gc,phases      ] GC(167)   JNI Weak                       Min:  0.0, Avg:  0.0, Max:  0.0, Diff:  0.0, Sum:  0.0, Workers: 4
[2374.076s][debug][gc,phases      ] GC(167)     Dead                           Min: 0, Avg:  0.0, Max: 0, Diff: 0, Sum: 0, Workers: 4
[2374.076s][debug][gc,phases      ] GC(167)     Total                          Min: 0, Avg: 11.2, Max: 45, Diff: 45, Sum: 45, Workers: 4
[2374.076s][debug][gc,phases      ] GC(167)   StringDedup Table Weak         Min:  0.0, Avg:  0.0, Max:  0.0, Diff:  0.0, Sum:  0.0, Workers: 4
[2374.076s][debug][gc,phases      ] GC(167)     Dead                           Min: 0, Avg:  0.0, Max: 0, Diff: 0, Sum: 0, Workers: 4
[2374.076s][debug][gc,phases      ] GC(167)     Total                          Min: 0, Avg:  0.0, Max: 0, Diff: 0, Sum: 0, Workers: 4
[2374.076s][debug][gc,phases      ] GC(167)   StringDedup Requests0 Weak     Min:  0.0, Avg:  0.0, Max:  0.0, Diff:  0.0, Sum:  0.0, Workers: 4
[2374.076s][debug][gc,phases      ] GC(167)     Dead                           Min: 0, Avg:  0.0, Max: 0, Diff: 0, Sum: 0, Workers: 4
[2374.076s][debug][gc,phases      ] GC(167)     Total                          Min: 0, Avg:  0.0, Max: 0, Diff: 0, Sum: 0, Workers: 4
[2374.076s][debug][gc,phases      ] GC(167)   StringDedup Requests1 Weak     Min:  0.0, Avg:  0.0, Max:  0.0, Diff:  0.0, Sum:  0.0, Workers: 4
[2374.076s][debug][gc,phases      ] GC(167)     Dead                           Min: 0, Avg:  0.0, Max: 0, Diff: 0, Sum: 0, Workers: 4
[2374.076s][debug][gc,phases      ] GC(167)     Total                          Min: 0, Avg:  0.0, Max: 0, Diff: 0, Sum: 0, Workers: 4
[2374.076s][debug][gc,phases      ] GC(167)   Weak JFR Old Object Samples    Min:  0.0, Avg:  0.0, Max:  0.0, Diff:  0.0, Sum:  0.0, Workers: 4
[2374.076s][debug][gc,phases      ] GC(167)     Dead                           Min: 0, Avg:  0.0, Max: 0, Diff: 0, Sum: 0, Workers: 4
[2374.076s][debug][gc,phases      ] GC(167)     Total                          Min: 0, Avg:  0.0, Max: 0, Diff: 0, Sum: 0, Workers: 4
[2374.076s][debug][gc,phases      ] GC(167) Weak Processing 0.331ms
[2374.076s][debug][gc,age         ] GC(167) Desired survivor size 524288 bytes, new threshold 15 (max threshold 15)
[2374.076s][info ][gc,heap        ] GC(167) PSYoungGen: 2096288K(2096640K)->192K(2096640K) Eden: 2096128K(2096128K)->0K(2096128K) From: 160K(512K)->192K(512K)
[2374.076s][info ][gc,heap        ] GC(167) ParOldGen: 236126K(324096K)->236158K(324096K)
[2374.076s][info ][gc,metaspace   ] GC(167) Metaspace: 80151K(81024K)->80151K(81024K) NonClass: 68424K(68864K)->68424K(68864K) Class: 11727K(12160K)->11727K(12160K)
[2374.076s][info ][gc             ] GC(167) Pause Young (Allocation Failure) 2277M->230M(2364M) 1.979ms
[2374.076s][info ][gc,cpu         ] GC(167) User=0.01s Sys=0.01s Real=0.00s
[2374.076s][info ][safepoint      ] Safepoint "ParallelGCFailedAllocation", Time since last: 16397909933 ns, Reaching safepoint: 4500 ns, Cleanup: 24900 ns, At safepoint: 2040210 ns, Total: 2069610 ns
[2389.077s][info ][safepoint      ] Safepoint "Cleanup", Time since last: 15001051909 ns, Reaching safepoint: 8000 ns, Cleanup: 49700 ns, At safepoint: 2700 ns, Total: 60400 ns
[2390.476s][info ][gc,start       ] GC(168) Pause Young (Allocation Failure)
[2390.478s][debug][gc,phases      ] GC(168) Scavenge 2.048ms
[2390.478s][debug][gc,ref         ] GC(168) Skipped phase 1 of Reference Processing: no references
[2390.478s][debug][gc,ref         ] GC(168) Skipped phase 2 of Reference Processing: no references
[2390.478s][debug][gc,ref         ] GC(168) Skipped phase 3 of Reference Processing: no references
[2390.478s][debug][gc,ref         ] GC(168) Skipped phase 4 of Reference Processing: no references
[2390.478s][debug][gc,phases      ] GC(168) Reference Processing 0.020ms
[2390.478s][debug][gc,phases      ] GC(168)   VM Weak                        Min:  0.0, Avg:  0.0, Max:  0.0, Diff:  0.0, Sum:  0.0, Workers: 4
[2390.478s][debug][gc,phases      ] GC(168)     Dead                           Min: 0, Avg:  0.0, Max: 0, Diff: 0, Sum: 0, Workers: 4
[2390.478s][debug][gc,phases      ] GC(168)     Total                          Min: 0, Avg: 172.8, Max: 435, Diff: 435, Sum: 691, Workers: 4
[2390.478s][debug][gc,phases      ] GC(168)   ObjectSynchronizer Weak        Min:  0.0, Avg:  0.0, Max:  0.0, Diff:  0.0, Sum:  0.0, Workers: 4
[2390.478s][debug][gc,phases      ] GC(168)     Dead                           Min: 0, Avg:  0.0, Max: 0, Diff: 0, Sum: 0, Workers: 4
[2390.478s][debug][gc,phases      ] GC(168)     Total                          Min: 0, Avg:  1.0, Max: 4, Diff: 4, Sum: 4, Workers: 4
[2390.478s][debug][gc,phases      ] GC(168)   JVMTI Tag Weak OopStorage      Min:  0.0, Avg:  0.0, Max:  0.0, Diff:  0.0, Sum:  0.0, Workers: 4
[2390.478s][debug][gc,phases      ] GC(168)     Dead                           Min: 0, Avg:  0.0, Max: 0, Diff: 0, Sum: 0, Workers: 4
[2390.478s][debug][gc,phases      ] GC(168)     Total                          Min: 0, Avg:  0.0, Max: 0, Diff: 0, Sum: 0, Workers: 4
[2390.478s][debug][gc,phases      ] GC(168)   StringTable Weak               Min:  0.0, Avg:  0.1, Max:  0.1, Diff:  0.1, Sum:  0.4, Workers: 4
[2390.478s][debug][gc,phases      ] GC(168)     Dead                           Min: 0, Avg:  0.0, Max: 0, Diff: 0, Sum: 0, Workers: 4
[2390.478s][debug][gc,phases      ] GC(168)     Total                          Min: 0, Avg: 10702.8, Max: 17023, Diff: 17023, Sum: 42811, Workers: 4
[2390.478s][debug][gc,phases      ] GC(168)   ResolvedMethodTable Weak       Min:  0.0, Avg:  0.0, Max:  0.0, Diff:  0.0, Sum:  0.1, Workers: 4
[2390.478s][debug][gc,phases      ] GC(168)     Dead                           Min: 0, Avg:  0.0, Max: 0, Diff: 0, Sum: 0, Workers: 4
[2390.478s][debug][gc,phases      ] GC(168)     Total                          Min: 0, Avg: 2283.8, Max: 4206, Diff: 4206, Sum: 9135, Workers: 4
[2390.478s][debug][gc,phases      ] GC(168)   JNI Weak                       Min:  0.0, Avg:  0.0, Max:  0.0, Diff:  0.0, Sum:  0.0, Workers: 4
[2390.478s][debug][gc,phases      ] GC(168)     Dead                           Min: 0, Avg:  0.0, Max: 0, Diff: 0, Sum: 0, Workers: 4
[2390.478s][debug][gc,phases      ] GC(168)     Total                          Min: 0, Avg: 11.2, Max: 45, Diff: 45, Sum: 45, Workers: 4
[2390.478s][debug][gc,phases      ] GC(168)   StringDedup Table Weak         Min:  0.0, Avg:  0.0, Max:  0.0, Diff:  0.0, Sum:  0.0, Workers: 4
[2390.478s][debug][gc,phases      ] GC(168)     Dead                           Min: 0, Avg:  0.0, Max: 0, Diff: 0, Sum: 0, Workers: 4
[2390.478s][debug][gc,phases      ] GC(168)     Total                          Min: 0, Avg:  0.0, Max: 0, Diff: 0, Sum: 0, Workers: 4
[2390.478s][debug][gc,phases      ] GC(168)   StringDedup Requests0 Weak     Min:  0.0, Avg:  0.0, Max:  0.0, Diff:  0.0, Sum:  0.0, Workers: 4
[2390.478s][debug][gc,phases      ] GC(168)     Dead                           Min: 0, Avg:  0.0, Max: 0, Diff: 0, Sum: 0, Workers: 4
[2390.478s][debug][gc,phases      ] GC(168)     Total                          Min: 0, Avg:  0.0, Max: 0, Diff: 0, Sum: 0, Workers: 4
[2390.478s][debug][gc,phases      ] GC(168)   StringDedup Requests1 Weak     Min:  0.0, Avg:  0.0, Max:  0.0, Diff:  0.0, Sum:  0.0, Workers: 4
[2390.478s][debug][gc,phases      ] GC(168)     Dead                           Min: 0, Avg:  0.0, Max: 0, Diff: 0, Sum: 0, Workers: 4
[2390.478s][debug][gc,phases      ] GC(168)     Total                          Min: 0, Avg:  0.0, Max: 0, Diff: 0, Sum: 0, Workers: 4
[2390.478s][debug][gc,phases      ] GC(168)   Weak JFR Old Object Samples    Min:  0.0, Avg:  0.0, Max:  0.0, Diff:  0.0, Sum:  0.0, Workers: 4
[2390.478s][debug][gc,phases      ] GC(168)     Dead                           Min: 0, Avg:  0.0, Max: 0, Diff: 0, Sum: 0, Workers: 4
[2390.478s][debug][gc,phases      ] GC(168)     Total                          Min: 0, Avg:  0.0, Max: 0, Diff: 0, Sum: 0, Workers: 4
[2390.478s][debug][gc,phases      ] GC(168) Weak Processing 0.351ms
[2390.478s][debug][gc,age         ] GC(168) Desired survivor size 524288 bytes, new threshold 15 (max threshold 15)
[2390.478s][info ][gc,heap        ] GC(168) PSYoungGen: 2096320K(2096640K)->128K(2096640K) Eden: 2096128K(2096128K)->0K(2096128K) From: 192K(512K)->128K(512K)
[2390.478s][info ][gc,heap        ] GC(168) ParOldGen: 236158K(324096K)->236166K(324096K)
[2390.478s][info ][gc,metaspace   ] GC(168) Metaspace: 80151K(81024K)->80151K(81024K) NonClass: 68424K(68864K)->68424K(68864K) Class: 11727K(12160K)->11727K(12160K)
[2390.478s][info ][gc             ] GC(168) Pause Young (Allocation Failure) 2277M->230M(2364M) 2.520ms
[2390.478s][info ][gc,cpu         ] GC(168) User=0.00s Sys=0.00s Real=0.01s
[2390.478s][info ][safepoint      ] Safepoint "ParallelGCFailedAllocation", Time since last: 1398173059 ns, Reaching safepoint: 4100 ns, Cleanup: 21900 ns, At safepoint: 2575412 ns, Total: 2601412 ns
[2406.923s][info ][gc,start       ] GC(169) Pause Young (Allocation Failure)
[2406.924s][debug][gc,phases      ] GC(169) Scavenge 1.301ms
[2406.924s][debug][gc,ref         ] GC(169) Skipped phase 1 of Reference Processing: no references
[2406.924s][debug][gc,ref         ] GC(169) Skipped phase 2 of Reference Processing: no references
[2406.924s][debug][gc,ref         ] GC(169) Skipped phase 3 of Reference Processing: no references
[2406.924s][debug][gc,ref         ] GC(169) Skipped phase 4 of Reference Processing: no references
[2406.924s][debug][gc,phases      ] GC(169) Reference Processing 0.033ms
[2406.925s][debug][gc,phases      ] GC(169)   VM Weak                        Min:  0.0, Avg:  0.0, Max:  0.0, Diff:  0.0, Sum:  0.0, Workers: 4
[2406.925s][debug][gc,phases      ] GC(169)     Dead                           Min: 0, Avg:  0.0, Max: 0, Diff: 0, Sum: 0, Workers: 4
[2406.925s][debug][gc,phases      ] GC(169)     Total                          Min: 0, Avg: 172.8, Max: 627, Diff: 627, Sum: 691, Workers: 4
[2406.925s][debug][gc,phases      ] GC(169)   ObjectSynchronizer Weak        Min:  0.0, Avg:  0.0, Max:  0.0, Diff:  0.0, Sum:  0.0, Workers: 4
[2406.925s][debug][gc,phases      ] GC(169)     Dead                           Min: 0, Avg:  0.0, Max: 0, Diff: 0, Sum: 0, Workers: 4
[2406.925s][debug][gc,phases      ] GC(169)     Total                          Min: 0, Avg:  1.0, Max: 4, Diff: 4, Sum: 4, Workers: 4
[2406.925s][debug][gc,phases      ] GC(169)   JVMTI Tag Weak OopStorage      Min:  0.0, Avg:  0.0, Max:  0.0, Diff:  0.0, Sum:  0.0, Workers: 4
[2406.925s][debug][gc,phases      ] GC(169)     Dead                           Min: 0, Avg:  0.0, Max: 0, Diff: 0, Sum: 0, Workers: 4
[2406.925s][debug][gc,phases      ] GC(169)     Total                          Min: 0, Avg:  0.0, Max: 0, Diff: 0, Sum: 0, Workers: 4
[2406.925s][debug][gc,phases      ] GC(169)   StringTable Weak               Min:  0.0, Avg:  0.1, Max:  0.1, Diff:  0.1, Sum:  0.4, Workers: 4
[2406.925s][debug][gc,phases      ] GC(169)     Dead                           Min: 0, Avg:  0.0, Max: 0, Diff: 0, Sum: 0, Workers: 4
[2406.925s][debug][gc,phases      ] GC(169)     Total                          Min: 0, Avg: 10702.8, Max: 17405, Diff: 17405, Sum: 42811, Workers: 4
[2406.925s][debug][gc,phases      ] GC(169)   ResolvedMethodTable Weak       Min:  0.0, Avg:  0.0, Max:  0.0, Diff:  0.0, Sum:  0.1, Workers: 4
[2406.925s][debug][gc,phases      ] GC(169)     Dead                           Min: 0, Avg:  0.0, Max: 0, Diff: 0, Sum: 0, Workers: 4
[2406.925s][debug][gc,phases      ] GC(169)     Total                          Min: 0, Avg: 2283.8, Max: 4043, Diff: 4043, Sum: 9135, Workers: 4
[2406.925s][debug][gc,phases      ] GC(169)   JNI Weak                       Min:  0.0, Avg:  0.0, Max:  0.0, Diff:  0.0, Sum:  0.0, Workers: 4
[2406.925s][debug][gc,phases      ] GC(169)     Dead                           Min: 0, Avg:  0.0, Max: 0, Diff: 0, Sum: 0, Workers: 4
[2406.925s][debug][gc,phases      ] GC(169)     Total                          Min: 0, Avg: 11.2, Max: 45, Diff: 45, Sum: 45, Workers: 4
[2406.925s][debug][gc,phases      ] GC(169)   StringDedup Table Weak         Min:  0.0, Avg:  0.0, Max:  0.0, Diff:  0.0, Sum:  0.0, Workers: 4
[2406.925s][debug][gc,phases      ] GC(169)     Dead                           Min: 0, Avg:  0.0, Max: 0, Diff: 0, Sum: 0, Workers: 4
[2406.925s][debug][gc,phases      ] GC(169)     Total                          Min: 0, Avg:  0.0, Max: 0, Diff: 0, Sum: 0, Workers: 4
[2406.925s][debug][gc,phases      ] GC(169)   StringDedup Requests0 Weak     Min:  0.0, Avg:  0.0, Max:  0.0, Diff:  0.0, Sum:  0.0, Workers: 4
[2406.925s][debug][gc,phases      ] GC(169)     Dead                           Min: 0, Avg:  0.0, Max: 0, Diff: 0, Sum: 0, Workers: 4
[2406.925s][debug][gc,phases      ] GC(169)     Total                          Min: 0, Avg:  0.0, Max: 0, Diff: 0, Sum: 0, Workers: 4
[2406.925s][debug][gc,phases      ] GC(169)   StringDedup Requests1 Weak     Min:  0.0, Avg:  0.0, Max:  0.0, Diff:  0.0, Sum:  0.0, Workers: 4
[2406.925s][debug][gc,phases      ] GC(169)     Dead                           Min: 0, Avg:  0.0, Max: 0, Diff: 0, Sum: 0, Workers: 4
[2406.925s][debug][gc,phases      ] GC(169)     Total                          Min: 0, Avg:  0.0, Max: 0, Diff: 0, Sum: 0, Workers: 4
[2406.925s][debug][gc,phases      ] GC(169)   Weak JFR Old Object Samples    Min:  0.0, Avg:  0.0, Max:  0.0, Diff:  0.0, Sum:  0.0, Workers: 4
[2406.925s][debug][gc,phases      ] GC(169)     Dead                           Min: 0, Avg:  0.0, Max: 0, Diff: 0, Sum: 0, Workers: 4
[2406.925s][debug][gc,phases      ] GC(169)     Total                          Min: 0, Avg:  0.0, Max: 0, Diff: 0, Sum: 0, Workers: 4
[2406.925s][debug][gc,phases      ] GC(169) Weak Processing 0.346ms
[2406.925s][debug][gc,age         ] GC(169) Desired survivor size 524288 bytes, new threshold 15 (max threshold 15)
[2406.925s][info ][gc,heap        ] GC(169) PSYoungGen: 2096256K(2096640K)->224K(2096640K) Eden: 2096128K(2096128K)->0K(2096128K) From: 128K(512K)->224K(512K)
[2406.925s][info ][gc,heap        ] GC(169) ParOldGen: 236166K(324096K)->236166K(324096K)
[2406.925s][info ][gc,metaspace   ] GC(169) Metaspace: 80151K(81024K)->80151K(81024K) NonClass: 68424K(68864K)->68424K(68864K) Class: 11727K(12160K)->11727K(12160K)
[2406.925s][info ][gc             ] GC(169) Pause Young (Allocation Failure) 2277M->230M(2364M) 1.780ms
[2406.925s][info ][gc,cpu         ] GC(169) User=0.01s Sys=0.00s Real=0.00s
[2406.925s][info ][safepoint      ] Safepoint "ParallelGCFailedAllocation", Time since last: 16444724907 ns, Reaching safepoint: 4200 ns, Cleanup: 25601 ns, At safepoint: 1841508 ns, Total: 1871309 ns
[2412.925s][info ][safepoint      ] Safepoint "Cleanup", Time since last: 6000455499 ns, Reaching safepoint: 5100 ns, Cleanup: 66601 ns, At safepoint: 5600 ns, Total: 77301 ns
[2423.224s][info ][gc,start       ] GC(170) Pause Young (Allocation Failure)
[2423.226s][debug][gc,phases      ] GC(170) Scavenge 2.134ms
[2423.226s][debug][gc,ref         ] GC(170) Skipped phase 1 of Reference Processing: no references
[2423.226s][debug][gc,ref         ] GC(170) Skipped phase 2 of Reference Processing: no references
[2423.226s][debug][gc,ref         ] GC(170) Skipped phase 3 of Reference Processing: no references
[2423.226s][debug][gc,ref         ] GC(170) ReferenceProcessor::execute queues: 1, RefProcThreadModel::Single, marks_oops_alive: false
[2423.226s][debug][gc,phases      ] GC(170) Reference Processing 0.093ms
[2423.226s][debug][gc,phases      ] GC(170)   VM Weak                        Min:  0.0, Avg:  0.0, Max:  0.0, Diff:  0.0, Sum:  0.0, Workers: 4
[2423.226s][debug][gc,phases      ] GC(170)     Dead                           Min: 0, Avg:  0.0, Max: 0, Diff: 0, Sum: 0, Workers: 4
[2423.226s][debug][gc,phases      ] GC(170)     Total                          Min: 0, Avg: 172.8, Max: 627, Diff: 627, Sum: 691, Workers: 4
[2423.226s][debug][gc,phases      ] GC(170)   ObjectSynchronizer Weak        Min:  0.0, Avg:  0.0, Max:  0.0, Diff:  0.0, Sum:  0.0, Workers: 4
[2423.226s][debug][gc,phases      ] GC(170)     Dead                           Min: 0, Avg:  0.0, Max: 0, Diff: 0, Sum: 0, Workers: 4
[2423.226s][debug][gc,phases      ] GC(170)     Total                          Min: 0, Avg:  1.0, Max: 4, Diff: 4, Sum: 4, Workers: 4
[2423.226s][debug][gc,phases      ] GC(170)   JVMTI Tag Weak OopStorage      Min:  0.0, Avg:  0.0, Max:  0.0, Diff:  0.0, Sum:  0.0, Workers: 4
[2423.226s][debug][gc,phases      ] GC(170)     Dead                           Min: 0, Avg:  0.0, Max: 0, Diff: 0, Sum: 0, Workers: 4
[2423.226s][debug][gc,phases      ] GC(170)     Total                          Min: 0, Avg:  0.0, Max: 0, Diff: 0, Sum: 0, Workers: 4
[2423.226s][debug][gc,phases      ] GC(170)   StringTable Weak               Min:  0.1, Avg:  0.1, Max:  0.1, Diff:  0.0, Sum:  0.5, Workers: 4
[2423.226s][debug][gc,phases      ] GC(170)     Dead                           Min: 0, Avg:  0.0, Max: 0, Diff: 0, Sum: 0, Workers: 4
[2423.226s][debug][gc,phases      ] GC(170)     Total                          Min: 10304, Avg: 10704.2, Max: 11201, Diff: 897, Sum: 42817, Workers: 4
[2423.226s][debug][gc,phases      ] GC(170)   ResolvedMethodTable Weak       Min:  0.0, Avg:  0.0, Max:  0.0, Diff:  0.0, Sum:  0.1, Workers: 4
[2423.226s][debug][gc,phases      ] GC(170)     Dead                           Min: 0, Avg:  0.0, Max: 0, Diff: 0, Sum: 0, Workers: 4
[2423.226s][debug][gc,phases      ] GC(170)     Total                          Min: 1241, Avg: 2283.8, Max: 2712, Diff: 1471, Sum: 9135, Workers: 4
[2423.226s][debug][gc,phases      ] GC(170)   JNI Weak                       Min:  0.0, Avg:  0.0, Max:  0.0, Diff:  0.0, Sum:  0.0, Workers: 4
[2423.226s][debug][gc,phases      ] GC(170)     Dead                           Min: 0, Avg:  0.0, Max: 0, Diff: 0, Sum: 0, Workers: 4
[2423.226s][debug][gc,phases      ] GC(170)     Total                          Min: 0, Avg: 11.2, Max: 45, Diff: 45, Sum: 45, Workers: 4
[2423.226s][debug][gc,phases      ] GC(170)   StringDedup Table Weak         Min:  0.0, Avg:  0.0, Max:  0.0, Diff:  0.0, Sum:  0.0, Workers: 4
[2423.226s][debug][gc,phases      ] GC(170)     Dead                           Min: 0, Avg:  0.0, Max: 0, Diff: 0, Sum: 0, Workers: 4
[2423.226s][debug][gc,phases      ] GC(170)     Total                          Min: 0, Avg:  0.0, Max: 0, Diff: 0, Sum: 0, Workers: 4
[2423.226s][debug][gc,phases      ] GC(170)   StringDedup Requests0 Weak     Min:  0.0, Avg:  0.0, Max:  0.0, Diff:  0.0, Sum:  0.0, Workers: 4
[2423.226s][debug][gc,phases      ] GC(170)     Dead                           Min: 0, Avg:  0.0, Max: 0, Diff: 0, Sum: 0, Workers: 4
[2423.226s][debug][gc,phases      ] GC(170)     Total                          Min: 0, Avg:  0.0, Max: 0, Diff: 0, Sum: 0, Workers: 4
[2423.226s][debug][gc,phases      ] GC(170)   StringDedup Requests1 Weak     Min:  0.0, Avg:  0.0, Max:  0.0, Diff:  0.0, Sum:  0.0, Workers: 4
[2423.226s][debug][gc,phases      ] GC(170)     Dead                           Min: 0, Avg:  0.0, Max: 0, Diff: 0, Sum: 0, Workers: 4
[2423.226s][debug][gc,phases      ] GC(170)     Total                          Min: 0, Avg:  0.0, Max: 0, Diff: 0, Sum: 0, Workers: 4
[2423.226s][debug][gc,phases      ] GC(170)   Weak JFR Old Object Samples    Min:  0.0, Avg:  0.0, Max:  0.0, Diff:  0.0, Sum:  0.0, Workers: 4
[2423.226s][debug][gc,phases      ] GC(170)     Dead                           Min: 0, Avg:  0.0, Max: 0, Diff: 0, Sum: 0, Workers: 4
[2423.226s][debug][gc,phases      ] GC(170)     Total                          Min: 0, Avg:  0.0, Max: 0, Diff: 0, Sum: 0, Workers: 4
[2423.226s][debug][gc,phases      ] GC(170) Weak Processing 0.370ms
[2423.226s][debug][gc,age         ] GC(170) Desired survivor size 524288 bytes, new threshold 15 (max threshold 15)
[2423.226s][info ][gc,heap        ] GC(170) PSYoungGen: 2096352K(2096640K)->192K(2096640K) Eden: 2096128K(2096128K)->0K(2096128K) From: 224K(512K)->192K(512K)
[2423.226s][info ][gc,heap        ] GC(170) ParOldGen: 236166K(324096K)->236174K(324096K)
[2423.226s][info ][gc,metaspace   ] GC(170) Metaspace: 80155K(81024K)->80155K(81024K) NonClass: 68428K(68864K)->68428K(68864K) Class: 11727K(12160K)->11727K(12160K)
[2423.226s][info ][gc             ] GC(170) Pause Young (Allocation Failure) 2277M->230M(2364M) 2.695ms
[2423.226s][info ][gc,cpu         ] GC(170) User=0.01s Sys=0.00s Real=0.00s
[2423.226s][info ][safepoint      ] Safepoint "ParallelGCFailedAllocation", Time since last: 10298327555 ns, Reaching safepoint: 4800 ns, Cleanup: 34500 ns, At safepoint: 2778113 ns, Total: 2817413 ns
[2434.227s][info ][safepoint      ] Safepoint "Cleanup", Time since last: 11000666199 ns, Reaching safepoint: 6000 ns, Cleanup: 44900 ns, At safepoint: 8400 ns, Total: 59300 ns
[2439.625s][info ][gc,start       ] GC(171) Pause Young (Allocation Failure)
[2439.628s][debug][gc,phases      ] GC(171) Scavenge 2.080ms
[2439.628s][debug][gc,ref         ] GC(171) Skipped phase 1 of Reference Processing: no references
[2439.628s][debug][gc,ref         ] GC(171) Skipped phase 2 of Reference Processing: no references
[2439.628s][debug][gc,ref         ] GC(171) Skipped phase 3 of Reference Processing: no references
[2439.628s][debug][gc,ref         ] GC(171) ReferenceProcessor::execute queues: 1, RefProcThreadModel::Single, marks_oops_alive: false
[2439.628s][debug][gc,phases      ] GC(171) Reference Processing 0.099ms
[2439.628s][debug][gc,phases      ] GC(171)   VM Weak                        Min:  0.0, Avg:  0.0, Max:  0.0, Diff:  0.0, Sum:  0.0, Workers: 4
[2439.628s][debug][gc,phases      ] GC(171)     Dead                           Min: 0, Avg:  0.0, Max: 0, Diff: 0, Sum: 0, Workers: 4
[2439.628s][debug][gc,phases      ] GC(171)     Total                          Min: 0, Avg: 172.8, Max: 576, Diff: 576, Sum: 691, Workers: 4
[2439.628s][debug][gc,phases      ] GC(171)   ObjectSynchronizer Weak        Min:  0.0, Avg:  0.0, Max:  0.0, Diff:  0.0, Sum:  0.0, Workers: 4
[2439.628s][debug][gc,phases      ] GC(171)     Dead                           Min: 0, Avg:  0.0, Max: 0, Diff: 0, Sum: 0, Workers: 4
[2439.628s][debug][gc,phases      ] GC(171)     Total                          Min: 0, Avg:  1.0, Max: 4, Diff: 4, Sum: 4, Workers: 4
[2439.628s][debug][gc,phases      ] GC(171)   JVMTI Tag Weak OopStorage      Min:  0.0, Avg:  0.0, Max:  0.0, Diff:  0.0, Sum:  0.0, Workers: 4
[2439.628s][debug][gc,phases      ] GC(171)     Dead                           Min: 0, Avg:  0.0, Max: 0, Diff: 0, Sum: 0, Workers: 4
[2439.628s][debug][gc,phases      ] GC(171)     Total                          Min: 0, Avg:  0.0, Max: 0, Diff: 0, Sum: 0, Workers: 4
[2439.628s][debug][gc,phases      ] GC(171)   StringTable Weak               Min:  0.0, Avg:  0.1, Max:  0.1, Diff:  0.1, Sum:  0.4, Workers: 4
[2439.628s][debug][gc,phases      ] GC(171)     Dead                           Min: 0, Avg:  0.0, Max: 0, Diff: 0, Sum: 0, Workers: 4
[2439.628s][debug][gc,phases      ] GC(171)     Total                          Min: 0, Avg: 10704.2, Max: 18113, Diff: 18113, Sum: 42817, Workers: 4
[2439.628s][debug][gc,phases      ] GC(171)   ResolvedMethodTable Weak       Min:  0.0, Avg:  0.0, Max:  0.0, Diff:  0.0, Sum:  0.1, Workers: 4
[2439.628s][debug][gc,phases      ] GC(171)     Dead                           Min: 0, Avg:  0.0, Max: 0, Diff: 0, Sum: 0, Workers: 4
[2439.628s][debug][gc,phases      ] GC(171)     Total                          Min: 0, Avg: 2283.8, Max: 4088, Diff: 4088, Sum: 9135, Workers: 4
[2439.628s][debug][gc,phases      ] GC(171)   JNI Weak                       Min:  0.0, Avg:  0.0, Max:  0.0, Diff:  0.0, Sum:  0.0, Workers: 4
[2439.628s][debug][gc,phases      ] GC(171)     Dead                           Min: 0, Avg:  0.0, Max: 0, Diff: 0, Sum: 0, Workers: 4
[2439.628s][debug][gc,phases      ] GC(171)     Total                          Min: 0, Avg: 11.2, Max: 45, Diff: 45, Sum: 45, Workers: 4
[2439.628s][debug][gc,phases      ] GC(171)   StringDedup Table Weak         Min:  0.0, Avg:  0.0, Max:  0.0, Diff:  0.0, Sum:  0.0, Workers: 4
[2439.628s][debug][gc,phases      ] GC(171)     Dead                           Min: 0, Avg:  0.0, Max: 0, Diff: 0, Sum: 0, Workers: 4
[2439.628s][debug][gc,phases      ] GC(171)     Total                          Min: 0, Avg:  0.0, Max: 0, Diff: 0, Sum: 0, Workers: 4
[2439.628s][debug][gc,phases      ] GC(171)   StringDedup Requests0 Weak     Min:  0.0, Avg:  0.0, Max:  0.0, Diff:  0.0, Sum:  0.0, Workers: 4
[2439.628s][debug][gc,phases      ] GC(171)     Dead                           Min: 0, Avg:  0.0, Max: 0, Diff: 0, Sum: 0, Workers: 4
[2439.628s][debug][gc,phases      ] GC(171)     Total                          Min: 0, Avg:  0.0, Max: 0, Diff: 0, Sum: 0, Workers: 4
[2439.628s][debug][gc,phases      ] GC(171)   StringDedup Requests1 Weak     Min:  0.0, Avg:  0.0, Max:  0.0, Diff:  0.0, Sum:  0.0, Workers: 4
[2439.628s][debug][gc,phases      ] GC(171)     Dead                           Min: 0, Avg:  0.0, Max: 0, Diff: 0, Sum: 0, Workers: 4
[2439.628s][debug][gc,phases      ] GC(171)     Total                          Min: 0, Avg:  0.0, Max: 0, Diff: 0, Sum: 0, Workers: 4
[2439.628s][debug][gc,phases      ] GC(171)   Weak JFR Old Object Samples    Min:  0.0, Avg:  0.0, Max:  0.0, Diff:  0.0, Sum:  0.0, Workers: 4
[2439.628s][debug][gc,phases      ] GC(171)     Dead                           Min: 0, Avg:  0.0, Max: 0, Diff: 0, Sum: 0, Workers: 4
[2439.628s][debug][gc,phases      ] GC(171)     Total                          Min: 0, Avg:  0.0, Max: 0, Diff: 0, Sum: 0, Workers: 4
[2439.628s][debug][gc,phases      ] GC(171) Weak Processing 0.359ms
[2439.628s][debug][gc,age         ] GC(171) Desired survivor size 524288 bytes, new threshold 15 (max threshold 15)
[2439.628s][info ][gc,heap        ] GC(171) PSYoungGen: 2096320K(2096640K)->128K(2096640K) Eden: 2096128K(2096128K)->0K(2096128K) From: 192K(512K)->128K(512K)
[2439.628s][info ][gc,heap        ] GC(171) ParOldGen: 236174K(324096K)->236182K(324096K)
[2439.628s][info ][gc,metaspace   ] GC(171) Metaspace: 80155K(81024K)->80155K(81024K) NonClass: 68428K(68864K)->68428K(68864K) Class: 11727K(12160K)->11727K(12160K)
[2439.628s][info ][gc             ] GC(171) Pause Young (Allocation Failure) 2277M->230M(2364M) 2.643ms
[2439.628s][info ][gc,cpu         ] GC(171) User=0.00s Sys=0.00s Real=0.00s
[2439.628s][info ][safepoint      ] Safepoint "ParallelGCFailedAllocation", Time since last: 5398162516 ns, Reaching safepoint: 4300 ns, Cleanup: 26300 ns, At safepoint: 2701712 ns, Total: 2732312 ns
[2456.073s][info ][gc,start       ] GC(172) Pause Young (Allocation Failure)
[2456.074s][debug][gc,phases      ] GC(172) Scavenge 1.456ms
[2456.074s][debug][gc,ref         ] GC(172) Skipped phase 1 of Reference Processing: no references
[2456.074s][debug][gc,ref         ] GC(172) Skipped phase 2 of Reference Processing: no references
[2456.074s][debug][gc,ref         ] GC(172) Skipped phase 3 of Reference Processing: no references
[2456.074s][debug][gc,ref         ] GC(172) Skipped phase 4 of Reference Processing: no references
[2456.075s][debug][gc,phases      ] GC(172) Reference Processing 0.022ms
[2456.075s][debug][gc,phases      ] GC(172)   VM Weak                        Min:  0.0, Avg:  0.0, Max:  0.0, Diff:  0.0, Sum:  0.0, Workers: 4
[2456.075s][debug][gc,phases      ] GC(172)     Dead                           Min: 0, Avg:  0.0, Max: 0, Diff: 0, Sum: 0, Workers: 4
[2456.075s][debug][gc,phases      ] GC(172)     Total                          Min: 0, Avg: 172.8, Max: 371, Diff: 371, Sum: 691, Workers: 4
[2456.075s][debug][gc,phases      ] GC(172)   ObjectSynchronizer Weak        Min:  0.0, Avg:  0.0, Max:  0.0, Diff:  0.0, Sum:  0.0, Workers: 4
[2456.075s][debug][gc,phases      ] GC(172)     Dead                           Min: 0, Avg:  0.0, Max: 0, Diff: 0, Sum: 0, Workers: 4
[2456.075s][debug][gc,phases      ] GC(172)     Total                          Min: 0, Avg:  1.0, Max: 4, Diff: 4, Sum: 4, Workers: 4
[2456.075s][debug][gc,phases      ] GC(172)   JVMTI Tag Weak OopStorage      Min:  0.0, Avg:  0.0, Max:  0.0, Diff:  0.0, Sum:  0.0, Workers: 4
[2456.075s][debug][gc,phases      ] GC(172)     Dead                           Min: 0, Avg:  0.0, Max: 0, Diff: 0, Sum: 0, Workers: 4
[2456.075s][debug][gc,phases      ] GC(172)     Total                          Min: 0, Avg:  0.0, Max: 0, Diff: 0, Sum: 0, Workers: 4
[2456.075s][debug][gc,phases      ] GC(172)   StringTable Weak               Min:  0.0, Avg:  0.1, Max:  0.1, Diff:  0.1, Sum:  0.4, Workers: 4
[2456.075s][debug][gc,phases      ] GC(172)     Dead                           Min: 0, Avg:  0.0, Max: 0, Diff: 0, Sum: 0, Workers: 4
[2456.075s][debug][gc,phases      ] GC(172)     Total                          Min: 0, Avg: 10704.2, Max: 18369, Diff: 18369, Sum: 42817, Workers: 4
[2456.075s][debug][gc,phases      ] GC(172)   ResolvedMethodTable Weak       Min:  0.0, Avg:  0.0, Max:  0.0, Diff:  0.0, Sum:  0.1, Workers: 4
[2456.075s][debug][gc,phases      ] GC(172)     Dead                           Min: 0, Avg:  0.0, Max: 0, Diff: 0, Sum: 0, Workers: 4
[2456.075s][debug][gc,phases      ] GC(172)     Total                          Min: 0, Avg: 2283.8, Max: 4212, Diff: 4212, Sum: 9135, Workers: 4
[2456.075s][debug][gc,phases      ] GC(172)   JNI Weak                       Min:  0.0, Avg:  0.0, Max:  0.0, Diff:  0.0, Sum:  0.0, Workers: 4
[2456.075s][debug][gc,phases      ] GC(172)     Dead                           Min: 0, Avg:  0.0, Max: 0, Diff: 0, Sum: 0, Workers: 4
[2456.075s][debug][gc,phases      ] GC(172)     Total                          Min: 0, Avg: 11.2, Max: 45, Diff: 45, Sum: 45, Workers: 4
[2456.075s][debug][gc,phases      ] GC(172)   StringDedup Table Weak         Min:  0.0, Avg:  0.0, Max:  0.0, Diff:  0.0, Sum:  0.0, Workers: 4
[2456.075s][debug][gc,phases      ] GC(172)     Dead                           Min: 0, Avg:  0.0, Max: 0, Diff: 0, Sum: 0, Workers: 4
[2456.075s][debug][gc,phases      ] GC(172)     Total                          Min: 0, Avg:  0.0, Max: 0, Diff: 0, Sum: 0, Workers: 4
[2456.075s][debug][gc,phases      ] GC(172)   StringDedup Requests0 Weak     Min:  0.0, Avg:  0.0, Max:  0.0, Diff:  0.0, Sum:  0.0, Workers: 4
[2456.075s][debug][gc,phases      ] GC(172)     Dead                           Min: 0, Avg:  0.0, Max: 0, Diff: 0, Sum: 0, Workers: 4
[2456.075s][debug][gc,phases      ] GC(172)     Total                          Min: 0, Avg:  0.0, Max: 0, Diff: 0, Sum: 0, Workers: 4
[2456.075s][debug][gc,phases      ] GC(172)   StringDedup Requests1 Weak     Min:  0.0, Avg:  0.0, Max:  0.0, Diff:  0.0, Sum:  0.0, Workers: 4
[2456.075s][debug][gc,phases      ] GC(172)     Dead                           Min: 0, Avg:  0.0, Max: 0, Diff: 0, Sum: 0, Workers: 4
[2456.075s][debug][gc,phases      ] GC(172)     Total                          Min: 0, Avg:  0.0, Max: 0, Diff: 0, Sum: 0, Workers: 4
[2456.075s][debug][gc,phases      ] GC(172)   Weak JFR Old Object Samples    Min:  0.0, Avg:  0.0, Max:  0.0, Diff:  0.0, Sum:  0.0, Workers: 4
[2456.075s][debug][gc,phases      ] GC(172)     Dead                           Min: 0, Avg:  0.0, Max: 0, Diff: 0, Sum: 0, Workers: 4
[2456.075s][debug][gc,phases      ] GC(172)     Total                          Min: 0, Avg:  0.0, Max: 0, Diff: 0, Sum: 0, Workers: 4
[2456.075s][debug][gc,phases      ] GC(172) Weak Processing 0.352ms
[2456.075s][debug][gc,age         ] GC(172) Desired survivor size 524288 bytes, new threshold 15 (max threshold 15)
[2456.075s][info ][gc,heap        ] GC(172) PSYoungGen: 2096256K(2096640K)->160K(2096640K) Eden: 2096128K(2096128K)->0K(2096128K) From: 128K(512K)->160K(512K)
[2456.075s][info ][gc,heap        ] GC(172) ParOldGen: 236182K(324096K)->236182K(324096K)
[2456.075s][info ][gc,metaspace   ] GC(172) Metaspace: 80155K(81024K)->80155K(81024K) NonClass: 68428K(68864K)->68428K(68864K) Class: 11727K(12160K)->11727K(12160K)
[2456.075s][info ][gc             ] GC(172) Pause Young (Allocation Failure) 2277M->230M(2364M) 1.943ms
[2456.075s][info ][gc,cpu         ] GC(172) User=0.00s Sys=0.00s Real=0.00s
[2456.075s][info ][safepoint      ] Safepoint "ParallelGCFailedAllocation", Time since last: 16444748385 ns, Reaching safepoint: 5900 ns, Cleanup: 29100 ns, At safepoint: 2042210 ns, Total: 2077210 ns
[2472.474s][info ][gc,start       ] GC(173) Pause Young (Allocation Failure)
[2472.476s][debug][gc,phases      ] GC(173) Scavenge 2.048ms
[2472.476s][debug][gc,ref         ] GC(173) Skipped phase 1 of Reference Processing: no references
[2472.476s][debug][gc,ref         ] GC(173) Skipped phase 2 of Reference Processing: no references
[2472.476s][debug][gc,ref         ] GC(173) Skipped phase 3 of Reference Processing: no references
[2472.476s][debug][gc,ref         ] GC(173) Skipped phase 4 of Reference Processing: no references
[2472.476s][debug][gc,phases      ] GC(173) Reference Processing 0.023ms
[2472.477s][debug][gc,phases      ] GC(173)   VM Weak                        Min:  0.0, Avg:  0.0, Max:  0.0, Diff:  0.0, Sum:  0.0, Workers: 4
[2472.477s][debug][gc,phases      ] GC(173)     Dead                           Min: 0, Avg:  0.0, Max: 0, Diff: 0, Sum: 0, Workers: 4
[2472.477s][debug][gc,phases      ] GC(173)     Total                          Min: 0, Avg: 172.8, Max: 512, Diff: 512, Sum: 691, Workers: 4
[2472.477s][debug][gc,phases      ] GC(173)   ObjectSynchronizer Weak        Min:  0.0, Avg:  0.0, Max:  0.0, Diff:  0.0, Sum:  0.0, Workers: 4
[2472.477s][debug][gc,phases      ] GC(173)     Dead                           Min: 0, Avg:  0.0, Max: 0, Diff: 0, Sum: 0, Workers: 4
[2472.477s][debug][gc,phases      ] GC(173)     Total                          Min: 0, Avg:  1.0, Max: 4, Diff: 4, Sum: 4, Workers: 4
[2472.477s][debug][gc,phases      ] GC(173)   JVMTI Tag Weak OopStorage      Min:  0.0, Avg:  0.0, Max:  0.0, Diff:  0.0, Sum:  0.0, Workers: 4
[2472.477s][debug][gc,phases      ] GC(173)     Dead                           Min: 0, Avg:  0.0, Max: 0, Diff: 0, Sum: 0, Workers: 4
[2472.477s][debug][gc,phases      ] GC(173)     Total                          Min: 0, Avg:  0.0, Max: 0, Diff: 0, Sum: 0, Workers: 4
[2472.477s][debug][gc,phases      ] GC(173)   StringTable Weak               Min:  0.0, Avg:  0.1, Max:  0.1, Diff:  0.1, Sum:  0.4, Workers: 4
[2472.477s][debug][gc,phases      ] GC(173)     Dead                           Min: 0, Avg:  0.0, Max: 0, Diff: 0, Sum: 0, Workers: 4
[2472.477s][debug][gc,phases      ] GC(173)     Total                          Min: 0, Avg: 10704.2, Max: 16192, Diff: 16192, Sum: 42817, Workers: 4
[2472.477s][debug][gc,phases      ] GC(173)   ResolvedMethodTable Weak       Min:  0.0, Avg:  0.0, Max:  0.0, Diff:  0.0, Sum:  0.1, Workers: 4
[2472.477s][debug][gc,phases      ] GC(173)     Dead                           Min: 0, Avg:  0.0, Max: 0, Diff: 0, Sum: 0, Workers: 4
[2472.477s][debug][gc,phases      ] GC(173)     Total                          Min: 0, Avg: 2283.8, Max: 3898, Diff: 3898, Sum: 9135, Workers: 4
[2472.477s][debug][gc,phases      ] GC(173)   JNI Weak                       Min:  0.0, Avg:  0.0, Max:  0.0, Diff:  0.0, Sum:  0.0, Workers: 4
[2472.477s][debug][gc,phases      ] GC(173)     Dead                           Min: 0, Avg:  0.0, Max: 0, Diff: 0, Sum: 0, Workers: 4
[2472.477s][debug][gc,phases      ] GC(173)     Total                          Min: 0, Avg: 11.2, Max: 45, Diff: 45, Sum: 45, Workers: 4
[2472.477s][debug][gc,phases      ] GC(173)   StringDedup Table Weak         Min:  0.0, Avg:  0.0, Max:  0.0, Diff:  0.0, Sum:  0.0, Workers: 4
[2472.477s][debug][gc,phases      ] GC(173)     Dead                           Min: 0, Avg:  0.0, Max: 0, Diff: 0, Sum: 0, Workers: 4
[2472.477s][debug][gc,phases      ] GC(173)     Total                          Min: 0, Avg:  0.0, Max: 0, Diff: 0, Sum: 0, Workers: 4
[2472.477s][debug][gc,phases      ] GC(173)   StringDedup Requests0 Weak     Min:  0.0, Avg:  0.0, Max:  0.0, Diff:  0.0, Sum:  0.0, Workers: 4
[2472.477s][debug][gc,phases      ] GC(173)     Dead                           Min: 0, Avg:  0.0, Max: 0, Diff: 0, Sum: 0, Workers: 4
[2472.477s][debug][gc,phases      ] GC(173)     Total                          Min: 0, Avg:  0.0, Max: 0, Diff: 0, Sum: 0, Workers: 4
[2472.477s][debug][gc,phases      ] GC(173)   StringDedup Requests1 Weak     Min:  0.0, Avg:  0.0, Max:  0.0, Diff:  0.0, Sum:  0.0, Workers: 4
[2472.477s][debug][gc,phases      ] GC(173)     Dead                           Min: 0, Avg:  0.0, Max: 0, Diff: 0, Sum: 0, Workers: 4
[2472.477s][debug][gc,phases      ] GC(173)     Total                          Min: 0, Avg:  0.0, Max: 0, Diff: 0, Sum: 0, Workers: 4
[2472.477s][debug][gc,phases      ] GC(173)   Weak JFR Old Object Samples    Min:  0.0, Avg:  0.0, Max:  0.0, Diff:  0.0, Sum:  0.0, Workers: 4
[2472.477s][debug][gc,phases      ] GC(173)     Dead                           Min: 0, Avg:  0.0, Max: 0, Diff: 0, Sum: 0, Workers: 4
[2472.477s][debug][gc,phases      ] GC(173)     Total                          Min: 0, Avg:  0.0, Max: 0, Diff: 0, Sum: 0, Workers: 4
[2472.477s][debug][gc,phases      ] GC(173) Weak Processing 0.346ms
[2472.477s][debug][gc,age         ] GC(173) Desired survivor size 524288 bytes, new threshold 15 (max threshold 15)
[2472.477s][info ][gc,heap        ] GC(173) PSYoungGen: 2096288K(2096640K)->256K(2096640K) Eden: 2096128K(2096128K)->0K(2096128K) From: 160K(512K)->256K(512K)
[2472.477s][info ][gc,heap        ] GC(173) ParOldGen: 236182K(324096K)->236190K(324096K)
[2472.477s][info ][gc,metaspace   ] GC(173) Metaspace: 80155K(81024K)->80155K(81024K) NonClass: 68428K(68864K)->68428K(68864K) Class: 11727K(12160K)->11727K(12160K)
[2472.477s][info ][gc             ] GC(173) Pause Young (Allocation Failure) 2277M->230M(2364M) 2.539ms
[2472.477s][info ][gc,cpu         ] GC(173) User=0.01s Sys=0.00s Real=0.00s
[2472.477s][info ][safepoint      ] Safepoint "ParallelGCFailedAllocation", Time since last: 16399210159 ns, Reaching safepoint: 4500 ns, Cleanup: 41500 ns, At safepoint: 2603612 ns, Total: 2649612 ns
[2488.875s][info ][gc,start       ] GC(174) Pause Young (Allocation Failure)
[2488.877s][debug][gc,phases      ] GC(174) Scavenge 2.033ms
[2488.877s][debug][gc,ref         ] GC(174) Skipped phase 1 of Reference Processing: no references
[2488.877s][debug][gc,ref         ] GC(174) Skipped phase 2 of Reference Processing: no references
[2488.877s][debug][gc,ref         ] GC(174) Skipped phase 3 of Reference Processing: no references
[2488.877s][debug][gc,ref         ] GC(174) ReferenceProcessor::execute queues: 1, RefProcThreadModel::Single, marks_oops_alive: false
[2488.877s][debug][gc,phases      ] GC(174) Reference Processing 0.089ms
[2488.877s][debug][gc,phases      ] GC(174)   VM Weak                        Min:  0.0, Avg:  0.0, Max:  0.0, Diff:  0.0, Sum:  0.0, Workers: 4
[2488.877s][debug][gc,phases      ] GC(174)     Dead                           Min: 0, Avg:  0.0, Max: 0, Diff: 0, Sum: 0, Workers: 4
[2488.877s][debug][gc,phases      ] GC(174)     Total                          Min: 0, Avg: 172.8, Max: 627, Diff: 627, Sum: 691, Workers: 4
[2488.877s][debug][gc,phases      ] GC(174)   ObjectSynchronizer Weak        Min:  0.0, Avg:  0.0, Max:  0.0, Diff:  0.0, Sum:  0.0, Workers: 4
[2488.877s][debug][gc,phases      ] GC(174)     Dead                           Min: 0, Avg:  0.0, Max: 0, Diff: 0, Sum: 0, Workers: 4
[2488.877s][debug][gc,phases      ] GC(174)     Total                          Min: 0, Avg:  1.0, Max: 4, Diff: 4, Sum: 4, Workers: 4
[2488.877s][debug][gc,phases      ] GC(174)   JVMTI Tag Weak OopStorage      Min:  0.0, Avg:  0.0, Max:  0.0, Diff:  0.0, Sum:  0.0, Workers: 4
[2488.877s][debug][gc,phases      ] GC(174)     Dead                           Min: 0, Avg:  0.0, Max: 0, Diff: 0, Sum: 0, Workers: 4
[2488.877s][debug][gc,phases      ] GC(174)     Total                          Min: 0, Avg:  0.0, Max: 0, Diff: 0, Sum: 0, Workers: 4
[2488.877s][debug][gc,phases      ] GC(174)   StringTable Weak               Min:  0.0, Avg:  0.1, Max:  0.1, Diff:  0.1, Sum:  0.4, Workers: 4
[2488.877s][debug][gc,phases      ] GC(174)     Dead                           Min: 0, Avg:  0.0, Max: 0, Diff: 0, Sum: 0, Workers: 4
[2488.877s][debug][gc,phases      ] GC(174)     Total                          Min: 0, Avg: 10704.2, Max: 18624, Diff: 18624, Sum: 42817, Workers: 4
[2488.877s][debug][gc,phases      ] GC(174)   ResolvedMethodTable Weak       Min:  0.0, Avg:  0.0, Max:  0.0, Diff:  0.0, Sum:  0.1, Workers: 4
[2488.877s][debug][gc,phases      ] GC(174)     Dead                           Min: 0, Avg:  0.0, Max: 0, Diff: 0, Sum: 0, Workers: 4
[2488.877s][debug][gc,phases      ] GC(174)     Total                          Min: 0, Avg: 2283.8, Max: 4072, Diff: 4072, Sum: 9135, Workers: 4
[2488.877s][debug][gc,phases      ] GC(174)   JNI Weak                       Min:  0.0, Avg:  0.0, Max:  0.0, Diff:  0.0, Sum:  0.0, Workers: 4
[2488.877s][debug][gc,phases      ] GC(174)     Dead                           Min: 0, Avg:  0.0, Max: 0, Diff: 0, Sum: 0, Workers: 4
[2488.877s][debug][gc,phases      ] GC(174)     Total                          Min: 0, Avg: 11.2, Max: 45, Diff: 45, Sum: 45, Workers: 4
[2488.877s][debug][gc,phases      ] GC(174)   StringDedup Table Weak         Min:  0.0, Avg:  0.0, Max:  0.0, Diff:  0.0, Sum:  0.0, Workers: 4
[2488.877s][debug][gc,phases      ] GC(174)     Dead                           Min: 0, Avg:  0.0, Max: 0, Diff: 0, Sum: 0, Workers: 4
[2488.877s][debug][gc,phases      ] GC(174)     Total                          Min: 0, Avg:  0.0, Max: 0, Diff: 0, Sum: 0, Workers: 4
[2488.877s][debug][gc,phases      ] GC(174)   StringDedup Requests0 Weak     Min:  0.0, Avg:  0.0, Max:  0.0, Diff:  0.0, Sum:  0.0, Workers: 4
[2488.877s][debug][gc,phases      ] GC(174)     Dead                           Min: 0, Avg:  0.0, Max: 0, Diff: 0, Sum: 0, Workers: 4
[2488.877s][debug][gc,phases      ] GC(174)     Total                          Min: 0, Avg:  0.0, Max: 0, Diff: 0, Sum: 0, Workers: 4
[2488.877s][debug][gc,phases      ] GC(174)   StringDedup Requests1 Weak     Min:  0.0, Avg:  0.0, Max:  0.0, Diff:  0.0, Sum:  0.0, Workers: 4
[2488.877s][debug][gc,phases      ] GC(174)     Dead                           Min: 0, Avg:  0.0, Max: 0, Diff: 0, Sum: 0, Workers: 4
[2488.877s][debug][gc,phases      ] GC(174)     Total                          Min: 0, Avg:  0.0, Max: 0, Diff: 0, Sum: 0, Workers: 4
[2488.877s][debug][gc,phases      ] GC(174)   Weak JFR Old Object Samples    Min:  0.0, Avg:  0.0, Max:  0.0, Diff:  0.0, Sum:  0.0, Workers: 4
[2488.877s][debug][gc,phases      ] GC(174)     Dead                           Min: 0, Avg:  0.0, Max: 0, Diff: 0, Sum: 0, Workers: 4
[2488.877s][debug][gc,phases      ] GC(174)     Total                          Min: 0, Avg:  0.0, Max: 0, Diff: 0, Sum: 0, Workers: 4
[2488.877s][debug][gc,phases      ] GC(174) Weak Processing 0.350ms
[2488.877s][debug][gc,age         ] GC(174) Desired survivor size 524288 bytes, new threshold 15 (max threshold 15)
[2488.877s][info ][gc,heap        ] GC(174) PSYoungGen: 2096384K(2096640K)->192K(2096640K) Eden: 2096128K(2096128K)->0K(2096128K) From: 256K(512K)->192K(512K)
[2488.877s][info ][gc,heap        ] GC(174) ParOldGen: 236190K(324096K)->236198K(324096K)
[2488.877s][info ][gc,metaspace   ] GC(174) Metaspace: 80155K(81024K)->80155K(81024K) NonClass: 68428K(68864K)->68428K(68864K) Class: 11727K(12160K)->11727K(12160K)
[2488.877s][info ][gc             ] GC(174) Pause Young (Allocation Failure) 2277M->230M(2364M) 2.562ms
[2488.877s][info ][gc,cpu         ] GC(174) User=0.01s Sys=0.00s Real=0.00s
[2488.877s][info ][safepoint      ] Safepoint "ParallelGCFailedAllocation", Time since last: 16397884760 ns, Reaching safepoint: 4700 ns, Cleanup: 45600 ns, At safepoint: 2657812 ns, Total: 2708112 ns
[2491.878s][info ][safepoint      ] Safepoint "Cleanup", Time since last: 3000207767 ns, Reaching safepoint: 5400 ns, Cleanup: 49800 ns, At safepoint: 2200 ns, Total: 57400 ns
[2505.323s][info ][gc,start       ] GC(175) Pause Young (Allocation Failure)
[2505.324s][debug][gc,phases      ] GC(175) Scavenge 1.427ms
[2505.324s][debug][gc,ref         ] GC(175) Skipped phase 1 of Reference Processing: no references
[2505.324s][debug][gc,ref         ] GC(175) Skipped phase 2 of Reference Processing: no references
[2505.324s][debug][gc,ref         ] GC(175) Skipped phase 3 of Reference Processing: no references
[2505.324s][debug][gc,ref         ] GC(175) Skipped phase 4 of Reference Processing: no references
[2505.324s][debug][gc,phases      ] GC(175) Reference Processing 0.023ms
[2505.325s][debug][gc,phases      ] GC(175)   VM Weak                        Min:  0.0, Avg:  0.0, Max:  0.0, Diff:  0.0, Sum:  0.0, Workers: 4
[2505.325s][debug][gc,phases      ] GC(175)     Dead                           Min: 0, Avg:  0.0, Max: 0, Diff: 0, Sum: 0, Workers: 4
[2505.325s][debug][gc,phases      ] GC(175)     Total                          Min: 0, Avg: 172.8, Max: 563, Diff: 563, Sum: 691, Workers: 4
[2505.325s][debug][gc,phases      ] GC(175)   ObjectSynchronizer Weak        Min:  0.0, Avg:  0.0, Max:  0.0, Diff:  0.0, Sum:  0.0, Workers: 4
[2505.325s][debug][gc,phases      ] GC(175)     Dead                           Min: 0, Avg:  0.0, Max: 0, Diff: 0, Sum: 0, Workers: 4
[2505.325s][debug][gc,phases      ] GC(175)     Total                          Min: 0, Avg:  1.0, Max: 4, Diff: 4, Sum: 4, Workers: 4
[2505.325s][debug][gc,phases      ] GC(175)   JVMTI Tag Weak OopStorage      Min:  0.0, Avg:  0.0, Max:  0.0, Diff:  0.0, Sum:  0.0, Workers: 4
[2505.325s][debug][gc,phases      ] GC(175)     Dead                           Min: 0, Avg:  0.0, Max: 0, Diff: 0, Sum: 0, Workers: 4
[2505.325s][debug][gc,phases      ] GC(175)     Total                          Min: 0, Avg:  0.0, Max: 0, Diff: 0, Sum: 0, Workers: 4
[2505.325s][debug][gc,phases      ] GC(175)   StringTable Weak               Min:  0.0, Avg:  0.1, Max:  0.1, Diff:  0.1, Sum:  0.4, Workers: 4
[2505.325s][debug][gc,phases      ] GC(175)     Dead                           Min: 0, Avg:  0.0, Max: 0, Diff: 0, Sum: 0, Workers: 4
[2505.325s][debug][gc,phases      ] GC(175)     Total                          Min: 0, Avg: 10704.2, Max: 17537, Diff: 17537, Sum: 42817, Workers: 4
[2505.325s][debug][gc,phases      ] GC(175)   ResolvedMethodTable Weak       Min:  0.0, Avg:  0.0, Max:  0.1, Diff:  0.1, Sum:  0.1, Workers: 4
[2505.325s][debug][gc,phases      ] GC(175)     Dead                           Min: 0, Avg:  0.0, Max: 0, Diff: 0, Sum: 0, Workers: 4
[2505.325s][debug][gc,phases      ] GC(175)     Total                          Min: 0, Avg: 2283.8, Max: 3455, Diff: 3455, Sum: 9135, Workers: 4
[2505.325s][debug][gc,phases      ] GC(175)   JNI Weak                       Min:  0.0, Avg:  0.0, Max:  0.0, Diff:  0.0, Sum:  0.0, Workers: 4
[2505.325s][debug][gc,phases      ] GC(175)     Dead                           Min: 0, Avg:  0.0, Max: 0, Diff: 0, Sum: 0, Workers: 4
[2505.325s][debug][gc,phases      ] GC(175)     Total                          Min: 0, Avg: 11.2, Max: 45, Diff: 45, Sum: 45, Workers: 4
[2505.325s][debug][gc,phases      ] GC(175)   StringDedup Table Weak         Min:  0.0, Avg:  0.0, Max:  0.0, Diff:  0.0, Sum:  0.0, Workers: 4
[2505.325s][debug][gc,phases      ] GC(175)     Dead                           Min: 0, Avg:  0.0, Max: 0, Diff: 0, Sum: 0, Workers: 4
[2505.325s][debug][gc,phases      ] GC(175)     Total                          Min: 0, Avg:  0.0, Max: 0, Diff: 0, Sum: 0, Workers: 4
[2505.325s][debug][gc,phases      ] GC(175)   StringDedup Requests0 Weak     Min:  0.0, Avg:  0.0, Max:  0.0, Diff:  0.0, Sum:  0.0, Workers: 4
[2505.325s][debug][gc,phases      ] GC(175)     Dead                           Min: 0, Avg:  0.0, Max: 0, Diff: 0, Sum: 0, Workers: 4
[2505.325s][debug][gc,phases      ] GC(175)     Total                          Min: 0, Avg:  0.0, Max: 0, Diff: 0, Sum: 0, Workers: 4
[2505.325s][debug][gc,phases      ] GC(175)   StringDedup Requests1 Weak     Min:  0.0, Avg:  0.0, Max:  0.0, Diff:  0.0, Sum:  0.0, Workers: 4
[2505.325s][debug][gc,phases      ] GC(175)     Dead                           Min: 0, Avg:  0.0, Max: 0, Diff: 0, Sum: 0, Workers: 4
[2505.325s][debug][gc,phases      ] GC(175)     Total                          Min: 0, Avg:  0.0, Max: 0, Diff: 0, Sum: 0, Workers: 4
[2505.325s][debug][gc,phases      ] GC(175)   Weak JFR Old Object Samples    Min:  0.0, Avg:  0.0, Max:  0.0, Diff:  0.0, Sum:  0.0, Workers: 4
[2505.325s][debug][gc,phases      ] GC(175)     Dead                           Min: 0, Avg:  0.0, Max: 0, Diff: 0, Sum: 0, Workers: 4
[2505.325s][debug][gc,phases      ] GC(175)     Total                          Min: 0, Avg:  0.0, Max: 0, Diff: 0, Sum: 0, Workers: 4
[2505.325s][debug][gc,phases      ] GC(175) Weak Processing 0.414ms
[2505.325s][debug][gc,age         ] GC(175) Desired survivor size 524288 bytes, new threshold 15 (max threshold 15)
[2505.325s][info ][gc,heap        ] GC(175) PSYoungGen: 2096320K(2096640K)->256K(2096640K) Eden: 2096128K(2096128K)->0K(2096128K) From: 192K(512K)->256K(512K)
[2505.325s][info ][gc,heap        ] GC(175) ParOldGen: 236198K(324096K)->236198K(324096K)
[2505.325s][info ][gc,metaspace   ] GC(175) Metaspace: 80155K(81024K)->80155K(81024K) NonClass: 68428K(68864K)->68428K(68864K) Class: 11727K(12160K)->11727K(12160K)
[2505.325s][info ][gc             ] GC(175) Pause Young (Allocation Failure) 2277M->230M(2364M) 1.986ms
[2505.325s][info ][gc,cpu         ] GC(175) User=0.01s Sys=0.00s Real=0.00s
[2505.325s][info ][safepoint      ] Safepoint "ParallelGCFailedAllocation", Time since last: 13445110344 ns, Reaching safepoint: 4800 ns, Cleanup: 45801 ns, At safepoint: 2060509 ns, Total: 2111110 ns
[2516.326s][info ][safepoint      ] Safepoint "Cleanup", Time since last: 11000735938 ns, Reaching safepoint: 74600 ns, Cleanup: 50101 ns, At safepoint: 6500 ns, Total: 131201 ns
[2517.326s][info ][safepoint      ] Safepoint "Cleanup", Time since last: 1000132453 ns, Reaching safepoint: 78401 ns, Cleanup: 39800 ns, At safepoint: 4000 ns, Total: 122201 ns
[2521.724s][info ][gc,start       ] GC(176) Pause Young (Allocation Failure)
[2521.726s][debug][gc,phases      ] GC(176) Scavenge 2.156ms
[2521.726s][debug][gc,ref         ] GC(176) Skipped phase 1 of Reference Processing: no references
[2521.726s][debug][gc,ref         ] GC(176) Skipped phase 2 of Reference Processing: no references
[2521.726s][debug][gc,ref         ] GC(176) Skipped phase 3 of Reference Processing: no references
[2521.726s][debug][gc,ref         ] GC(176) ReferenceProcessor::execute queues: 1, RefProcThreadModel::Single, marks_oops_alive: false
[2521.726s][debug][gc,phases      ] GC(176) Reference Processing 0.085ms
[2521.726s][debug][gc,phases      ] GC(176)   VM Weak                        Min:  0.0, Avg:  0.0, Max:  0.0, Diff:  0.0, Sum:  0.0, Workers: 4
[2521.726s][debug][gc,phases      ] GC(176)     Dead                           Min: 0, Avg:  0.0, Max: 0, Diff: 0, Sum: 0, Workers: 4
[2521.726s][debug][gc,phases      ] GC(176)     Total                          Min: 0, Avg: 172.8, Max: 371, Diff: 371, Sum: 691, Workers: 4
[2521.726s][debug][gc,phases      ] GC(176)   ObjectSynchronizer Weak        Min:  0.0, Avg:  0.0, Max:  0.0, Diff:  0.0, Sum:  0.0, Workers: 4
[2521.726s][debug][gc,phases      ] GC(176)     Dead                           Min: 0, Avg:  0.0, Max: 0, Diff: 0, Sum: 0, Workers: 4
[2521.726s][debug][gc,phases      ] GC(176)     Total                          Min: 0, Avg:  1.0, Max: 4, Diff: 4, Sum: 4, Workers: 4
[2521.726s][debug][gc,phases      ] GC(176)   JVMTI Tag Weak OopStorage      Min:  0.0, Avg:  0.0, Max:  0.0, Diff:  0.0, Sum:  0.0, Workers: 4
[2521.726s][debug][gc,phases      ] GC(176)     Dead                           Min: 0, Avg:  0.0, Max: 0, Diff: 0, Sum: 0, Workers: 4
[2521.726s][debug][gc,phases      ] GC(176)     Total                          Min: 0, Avg:  0.0, Max: 0, Diff: 0, Sum: 0, Workers: 4
[2521.726s][debug][gc,phases      ] GC(176)   StringTable Weak               Min:  0.0, Avg:  0.1, Max:  0.1, Diff:  0.1, Sum:  0.4, Workers: 4
[2521.726s][debug][gc,phases      ] GC(176)     Dead                           Min: 0, Avg:  0.0, Max: 0, Diff: 0, Sum: 0, Workers: 4
[2521.726s][debug][gc,phases      ] GC(176)     Total                          Min: 0, Avg: 10704.2, Max: 17664, Diff: 17664, Sum: 42817, Workers: 4
[2521.726s][debug][gc,phases      ] GC(176)   ResolvedMethodTable Weak       Min:  0.0, Avg:  0.0, Max:  0.0, Diff:  0.0, Sum:  0.1, Workers: 4
[2521.726s][debug][gc,phases      ] GC(176)     Dead                           Min: 0, Avg:  0.0, Max: 0, Diff: 0, Sum: 0, Workers: 4
[2521.726s][debug][gc,phases      ] GC(176)     Total                          Min: 0, Avg: 2283.8, Max: 4212, Diff: 4212, Sum: 9135, Workers: 4
[2521.726s][debug][gc,phases      ] GC(176)   JNI Weak                       Min:  0.0, Avg:  0.0, Max:  0.0, Diff:  0.0, Sum:  0.0, Workers: 4
[2521.726s][debug][gc,phases      ] GC(176)     Dead                           Min: 0, Avg:  0.0, Max: 0, Diff: 0, Sum: 0, Workers: 4
[2521.726s][debug][gc,phases      ] GC(176)     Total                          Min: 0, Avg: 11.2, Max: 45, Diff: 45, Sum: 45, Workers: 4
[2521.726s][debug][gc,phases      ] GC(176)   StringDedup Table Weak         Min:  0.0, Avg:  0.0, Max:  0.0, Diff:  0.0, Sum:  0.0, Workers: 4
[2521.726s][debug][gc,phases      ] GC(176)     Dead                           Min: 0, Avg:  0.0, Max: 0, Diff: 0, Sum: 0, Workers: 4
[2521.726s][debug][gc,phases      ] GC(176)     Total                          Min: 0, Avg:  0.0, Max: 0, Diff: 0, Sum: 0, Workers: 4
[2521.726s][debug][gc,phases      ] GC(176)   StringDedup Requests0 Weak     Min:  0.0, Avg:  0.0, Max:  0.0, Diff:  0.0, Sum:  0.0, Workers: 4
[2521.726s][debug][gc,phases      ] GC(176)     Dead                           Min: 0, Avg:  0.0, Max: 0, Diff: 0, Sum: 0, Workers: 4
[2521.726s][debug][gc,phases      ] GC(176)     Total                          Min: 0, Avg:  0.0, Max: 0, Diff: 0, Sum: 0, Workers: 4
[2521.726s][debug][gc,phases      ] GC(176)   StringDedup Requests1 Weak     Min:  0.0, Avg:  0.0, Max:  0.0, Diff:  0.0, Sum:  0.0, Workers: 4
[2521.726s][debug][gc,phases      ] GC(176)     Dead                           Min: 0, Avg:  0.0, Max: 0, Diff: 0, Sum: 0, Workers: 4
[2521.726s][debug][gc,phases      ] GC(176)     Total                          Min: 0, Avg:  0.0, Max: 0, Diff: 0, Sum: 0, Workers: 4
[2521.726s][debug][gc,phases      ] GC(176)   Weak JFR Old Object Samples    Min:  0.0, Avg:  0.0, Max:  0.0, Diff:  0.0, Sum:  0.0, Workers: 4
[2521.726s][debug][gc,phases      ] GC(176)     Dead                           Min: 0, Avg:  0.0, Max: 0, Diff: 0, Sum: 0, Workers: 4
[2521.726s][debug][gc,phases      ] GC(176)     Total                          Min: 0, Avg:  0.0, Max: 0, Diff: 0, Sum: 0, Workers: 4
[2521.726s][debug][gc,phases      ] GC(176) Weak Processing 0.334ms
[2521.726s][debug][gc,age         ] GC(176) Desired survivor size 524288 bytes, new threshold 15 (max threshold 15)
[2521.726s][info ][gc,heap        ] GC(176) PSYoungGen: 2096384K(2096640K)->192K(2096640K) Eden: 2096128K(2096128K)->0K(2096128K) From: 256K(512K)->192K(512K)
[2521.726s][info ][gc,heap        ] GC(176) ParOldGen: 236198K(324096K)->236206K(324096K)
[2521.726s][info ][gc,metaspace   ] GC(176) Metaspace: 80157K(81024K)->80157K(81024K) NonClass: 68430K(68864K)->68430K(68864K) Class: 11727K(12160K)->11727K(12160K)
[2521.726s][info ][gc             ] GC(176) Pause Young (Allocation Failure) 2277M->230M(2364M) 2.691ms
[2521.726s][info ][gc,cpu         ] GC(176) User=0.01s Sys=0.00s Real=0.00s
[2521.726s][info ][safepoint      ] Safepoint "ParallelGCFailedAllocation", Time since last: 4397687943 ns, Reaching safepoint: 4800 ns, Cleanup: 22300 ns, At safepoint: 2752912 ns, Total: 2780012 ns
[2538.125s][info ][gc,start       ] GC(177) Pause Young (Allocation Failure)
[2538.127s][debug][gc,phases      ] GC(177) Scavenge 1.684ms
[2538.127s][debug][gc,ref         ] GC(177) Skipped phase 1 of Reference Processing: no references
[2538.127s][debug][gc,ref         ] GC(177) Skipped phase 2 of Reference Processing: no references
[2538.127s][debug][gc,ref         ] GC(177) Skipped phase 3 of Reference Processing: no references
[2538.127s][debug][gc,ref         ] GC(177) Skipped phase 4 of Reference Processing: no references
[2538.127s][debug][gc,phases      ] GC(177) Reference Processing 0.019ms
[2538.127s][debug][gc,phases      ] GC(177)   VM Weak                        Min:  0.0, Avg:  0.0, Max:  0.0, Diff:  0.0, Sum:  0.0, Workers: 4
[2538.127s][debug][gc,phases      ] GC(177)     Dead                           Min: 0, Avg:  0.0, Max: 0, Diff: 0, Sum: 0, Workers: 4
[2538.127s][debug][gc,phases      ] GC(177)     Total                          Min: 0, Avg: 172.8, Max: 384, Diff: 384, Sum: 691, Workers: 4
[2538.127s][debug][gc,phases      ] GC(177)   ObjectSynchronizer Weak        Min:  0.0, Avg:  0.0, Max:  0.0, Diff:  0.0, Sum:  0.0, Workers: 4
[2538.127s][debug][gc,phases      ] GC(177)     Dead                           Min: 0, Avg:  0.0, Max: 0, Diff: 0, Sum: 0, Workers: 4
[2538.127s][debug][gc,phases      ] GC(177)     Total                          Min: 0, Avg:  1.0, Max: 4, Diff: 4, Sum: 4, Workers: 4
[2538.127s][debug][gc,phases      ] GC(177)   JVMTI Tag Weak OopStorage      Min:  0.0, Avg:  0.0, Max:  0.0, Diff:  0.0, Sum:  0.0, Workers: 4
[2538.127s][debug][gc,phases      ] GC(177)     Dead                           Min: 0, Avg:  0.0, Max: 0, Diff: 0, Sum: 0, Workers: 4
[2538.127s][debug][gc,phases      ] GC(177)     Total                          Min: 0, Avg:  0.0, Max: 0, Diff: 0, Sum: 0, Workers: 4
[2538.127s][debug][gc,phases      ] GC(177)   StringTable Weak               Min:  0.0, Avg:  0.1, Max:  0.1, Diff:  0.1, Sum:  0.4, Workers: 4
[2538.127s][debug][gc,phases      ] GC(177)     Dead                           Min: 0, Avg:  0.0, Max: 0, Diff: 0, Sum: 0, Workers: 4
[2538.127s][debug][gc,phases      ] GC(177)     Total                          Min: 0, Avg: 10704.2, Max: 18880, Diff: 18880, Sum: 42817, Workers: 4
[2538.127s][debug][gc,phases      ] GC(177)   ResolvedMethodTable Weak       Min:  0.0, Avg:  0.0, Max:  0.0, Diff:  0.0, Sum:  0.1, Workers: 4
[2538.127s][debug][gc,phases      ] GC(177)     Dead                           Min: 0, Avg:  0.0, Max: 0, Diff: 0, Sum: 0, Workers: 4
[2538.127s][debug][gc,phases      ] GC(177)     Total                          Min: 0, Avg: 2283.8, Max: 4583, Diff: 4583, Sum: 9135, Workers: 4
[2538.127s][debug][gc,phases      ] GC(177)   JNI Weak                       Min:  0.0, Avg:  0.0, Max:  0.0, Diff:  0.0, Sum:  0.0, Workers: 4
[2538.127s][debug][gc,phases      ] GC(177)     Dead                           Min: 0, Avg:  0.0, Max: 0, Diff: 0, Sum: 0, Workers: 4
[2538.127s][debug][gc,phases      ] GC(177)     Total                          Min: 0, Avg: 11.2, Max: 45, Diff: 45, Sum: 45, Workers: 4
[2538.127s][debug][gc,phases      ] GC(177)   StringDedup Table Weak         Min:  0.0, Avg:  0.0, Max:  0.0, Diff:  0.0, Sum:  0.0, Workers: 4
[2538.127s][debug][gc,phases      ] GC(177)     Dead                           Min: 0, Avg:  0.0, Max: 0, Diff: 0, Sum: 0, Workers: 4
[2538.127s][debug][gc,phases      ] GC(177)     Total                          Min: 0, Avg:  0.0, Max: 0, Diff: 0, Sum: 0, Workers: 4
[2538.127s][debug][gc,phases      ] GC(177)   StringDedup Requests0 Weak     Min:  0.0, Avg:  0.0, Max:  0.0, Diff:  0.0, Sum:  0.0, Workers: 4
[2538.127s][debug][gc,phases      ] GC(177)     Dead                           Min: 0, Avg:  0.0, Max: 0, Diff: 0, Sum: 0, Workers: 4
[2538.127s][debug][gc,phases      ] GC(177)     Total                          Min: 0, Avg:  0.0, Max: 0, Diff: 0, Sum: 0, Workers: 4
[2538.127s][debug][gc,phases      ] GC(177)   StringDedup Requests1 Weak     Min:  0.0, Avg:  0.0, Max:  0.0, Diff:  0.0, Sum:  0.0, Workers: 4
[2538.127s][debug][gc,phases      ] GC(177)     Dead                           Min: 0, Avg:  0.0, Max: 0, Diff: 0, Sum: 0, Workers: 4
[2538.127s][debug][gc,phases      ] GC(177)     Total                          Min: 0, Avg:  0.0, Max: 0, Diff: 0, Sum: 0, Workers: 4
[2538.127s][debug][gc,phases      ] GC(177)   Weak JFR Old Object Samples    Min:  0.0, Avg:  0.0, Max:  0.0, Diff:  0.0, Sum:  0.0, Workers: 4
[2538.127s][debug][gc,phases      ] GC(177)     Dead                           Min: 0, Avg:  0.0, Max: 0, Diff: 0, Sum: 0, Workers: 4
[2538.127s][debug][gc,phases      ] GC(177)     Total                          Min: 0, Avg:  0.0, Max: 0, Diff: 0, Sum: 0, Workers: 4
[2538.127s][debug][gc,phases      ] GC(177) Weak Processing 0.369ms
[2538.127s][debug][gc,age         ] GC(177) Desired survivor size 524288 bytes, new threshold 15 (max threshold 15)
[2538.127s][info ][gc,heap        ] GC(177) PSYoungGen: 2096320K(2096640K)->288K(2096640K) Eden: 2096128K(2096128K)->0K(2096128K) From: 192K(512K)->288K(512K)
[2538.127s][info ][gc,heap        ] GC(177) ParOldGen: 236206K(324096K)->236214K(324096K)
[2538.127s][info ][gc,metaspace   ] GC(177) Metaspace: 80157K(81024K)->80157K(81024K) NonClass: 68430K(68864K)->68430K(68864K) Class: 11727K(12160K)->11727K(12160K)
[2538.127s][info ][gc             ] GC(177) Pause Young (Allocation Failure) 2277M->230M(2364M) 2.157ms
[2538.127s][info ][gc,cpu         ] GC(177) User=0.01s Sys=0.00s Real=0.00s
[2538.127s][info ][safepoint      ] Safepoint "ParallelGCFailedAllocation", Time since last: 16398498159 ns, Reaching safepoint: 4300 ns, Cleanup: 26000 ns, At safepoint: 2216010 ns, Total: 2246310 ns
[2554.573s][info ][gc,start       ] GC(178) Pause Young (Allocation Failure)
[2554.575s][debug][gc,phases      ] GC(178) Scavenge 1.777ms
[2554.575s][debug][gc,ref         ] GC(178) Skipped phase 1 of Reference Processing: no references
[2554.575s][debug][gc,ref         ] GC(178) Skipped phase 2 of Reference Processing: no references
[2554.575s][debug][gc,ref         ] GC(178) Skipped phase 3 of Reference Processing: no references
[2554.575s][debug][gc,ref         ] GC(178) ReferenceProcessor::execute queues: 1, RefProcThreadModel::Single, marks_oops_alive: false
[2554.575s][debug][gc,phases      ] GC(178) Reference Processing 0.089ms
[2554.575s][debug][gc,phases      ] GC(178)   VM Weak                        Min:  0.0, Avg:  0.0, Max:  0.0, Diff:  0.0, Sum:  0.0, Workers: 4
[2554.575s][debug][gc,phases      ] GC(178)     Dead                           Min: 0, Avg:  0.0, Max: 0, Diff: 0, Sum: 0, Workers: 4
[2554.575s][debug][gc,phases      ] GC(178)     Total                          Min: 0, Avg: 172.8, Max: 691, Diff: 691, Sum: 691, Workers: 4
[2554.575s][debug][gc,phases      ] GC(178)   ObjectSynchronizer Weak        Min:  0.0, Avg:  0.0, Max:  0.0, Diff:  0.0, Sum:  0.0, Workers: 4
[2554.575s][debug][gc,phases      ] GC(178)     Dead                           Min: 0, Avg:  0.0, Max: 0, Diff: 0, Sum: 0, Workers: 4
[2554.575s][debug][gc,phases      ] GC(178)     Total                          Min: 0, Avg:  1.0, Max: 4, Diff: 4, Sum: 4, Workers: 4
[2554.575s][debug][gc,phases      ] GC(178)   JVMTI Tag Weak OopStorage      Min:  0.0, Avg:  0.0, Max:  0.0, Diff:  0.0, Sum:  0.0, Workers: 4
[2554.575s][debug][gc,phases      ] GC(178)     Dead                           Min: 0, Avg:  0.0, Max: 0, Diff: 0, Sum: 0, Workers: 4
[2554.575s][debug][gc,phases      ] GC(178)     Total                          Min: 0, Avg:  0.0, Max: 0, Diff: 0, Sum: 0, Workers: 4
[2554.575s][debug][gc,phases      ] GC(178)   StringTable Weak               Min:  0.0, Avg:  0.1, Max:  0.2, Diff:  0.2, Sum:  0.5, Workers: 4
[2554.575s][debug][gc,phases      ] GC(178)     Dead                           Min: 0, Avg:  0.0, Max: 0, Diff: 0, Sum: 0, Workers: 4
[2554.575s][debug][gc,phases      ] GC(178)     Total                          Min: 0, Avg: 10704.2, Max: 16064, Diff: 16064, Sum: 42817, Workers: 4
[2554.575s][debug][gc,phases      ] GC(178)   ResolvedMethodTable Weak       Min:  0.0, Avg:  0.0, Max:  0.0, Diff:  0.0, Sum:  0.1, Workers: 4
[2554.575s][debug][gc,phases      ] GC(178)     Dead                           Min: 0, Avg:  0.0, Max: 0, Diff: 0, Sum: 0, Workers: 4
[2554.575s][debug][gc,phases      ] GC(178)     Total                          Min: 0, Avg: 2283.8, Max: 3359, Diff: 3359, Sum: 9135, Workers: 4
[2554.575s][debug][gc,phases      ] GC(178)   JNI Weak                       Min:  0.0, Avg:  0.0, Max:  0.0, Diff:  0.0, Sum:  0.0, Workers: 4
[2554.575s][debug][gc,phases      ] GC(178)     Dead                           Min: 0, Avg:  0.0, Max: 0, Diff: 0, Sum: 0, Workers: 4
[2554.575s][debug][gc,phases      ] GC(178)     Total                          Min: 0, Avg: 11.2, Max: 45, Diff: 45, Sum: 45, Workers: 4
[2554.575s][debug][gc,phases      ] GC(178)   StringDedup Table Weak         Min:  0.0, Avg:  0.0, Max:  0.0, Diff:  0.0, Sum:  0.0, Workers: 4
[2554.575s][debug][gc,phases      ] GC(178)     Dead                           Min: 0, Avg:  0.0, Max: 0, Diff: 0, Sum: 0, Workers: 4
[2554.575s][debug][gc,phases      ] GC(178)     Total                          Min: 0, Avg:  0.0, Max: 0, Diff: 0, Sum: 0, Workers: 4
[2554.575s][debug][gc,phases      ] GC(178)   StringDedup Requests0 Weak     Min:  0.0, Avg:  0.0, Max:  0.0, Diff:  0.0, Sum:  0.0, Workers: 4
[2554.575s][debug][gc,phases      ] GC(178)     Dead                           Min: 0, Avg:  0.0, Max: 0, Diff: 0, Sum: 0, Workers: 4
[2554.575s][debug][gc,phases      ] GC(178)     Total                          Min: 0, Avg:  0.0, Max: 0, Diff: 0, Sum: 0, Workers: 4
[2554.575s][debug][gc,phases      ] GC(178)   StringDedup Requests1 Weak     Min:  0.0, Avg:  0.0, Max:  0.0, Diff:  0.0, Sum:  0.0, Workers: 4
[2554.575s][debug][gc,phases      ] GC(178)     Dead                           Min: 0, Avg:  0.0, Max: 0, Diff: 0, Sum: 0, Workers: 4
[2554.575s][debug][gc,phases      ] GC(178)     Total                          Min: 0, Avg:  0.0, Max: 0, Diff: 0, Sum: 0, Workers: 4
[2554.575s][debug][gc,phases      ] GC(178)   Weak JFR Old Object Samples    Min:  0.0, Avg:  0.0, Max:  0.0, Diff:  0.0, Sum:  0.0, Workers: 4
[2554.575s][debug][gc,phases      ] GC(178)     Dead                           Min: 0, Avg:  0.0, Max: 0, Diff: 0, Sum: 0, Workers: 4
[2554.575s][debug][gc,phases      ] GC(178)     Total                          Min: 0, Avg:  0.0, Max: 0, Diff: 0, Sum: 0, Workers: 4
[2554.575s][debug][gc,phases      ] GC(178) Weak Processing 0.438ms
[2554.575s][debug][gc,age         ] GC(178) Desired survivor size 524288 bytes, new threshold 15 (max threshold 15)
[2554.575s][info ][gc,heap        ] GC(178) PSYoungGen: 2096416K(2096640K)->224K(2096640K) Eden: 2096128K(2096128K)->0K(2096128K) From: 288K(512K)->224K(512K)
[2554.575s][info ][gc,heap        ] GC(178) ParOldGen: 236214K(324096K)->236214K(324096K)
[2554.575s][info ][gc,metaspace   ] GC(178) Metaspace: 80157K(81024K)->80157K(81024K) NonClass: 68430K(68864K)->68430K(68864K) Class: 11727K(12160K)->11727K(12160K)
[2554.575s][info ][gc             ] GC(178) Pause Young (Allocation Failure) 2277M->230M(2364M) 2.409ms
[2554.575s][info ][gc,cpu         ] GC(178) User=0.01s Sys=0.00s Real=0.00s
[2554.575s][info ][safepoint      ] Safepoint "ParallelGCFailedAllocation", Time since last: 16445567540 ns, Reaching safepoint: 4700 ns, Cleanup: 28500 ns, At safepoint: 2477912 ns, Total: 2511112 ns
[2570.974s][info ][gc,start       ] GC(179) Pause Young (Allocation Failure)
[2570.976s][debug][gc,phases      ] GC(179) Scavenge 2.211ms
[2570.976s][debug][gc,ref         ] GC(179) Skipped phase 1 of Reference Processing: no references
[2570.976s][debug][gc,ref         ] GC(179) Skipped phase 2 of Reference Processing: no references
[2570.976s][debug][gc,ref         ] GC(179) Skipped phase 3 of Reference Processing: no references
[2570.976s][debug][gc,ref         ] GC(179) Skipped phase 4 of Reference Processing: no references
[2570.976s][debug][gc,phases      ] GC(179) Reference Processing 0.031ms
[2570.977s][debug][gc,phases      ] GC(179)   VM Weak                        Min:  0.0, Avg:  0.0, Max:  0.0, Diff:  0.0, Sum:  0.0, Workers: 4
[2570.977s][debug][gc,phases      ] GC(179)     Dead                           Min: 0, Avg:  0.0, Max: 0, Diff: 0, Sum: 0, Workers: 4
[2570.977s][debug][gc,phases      ] GC(179)     Total                          Min: 0, Avg: 172.8, Max: 691, Diff: 691, Sum: 691, Workers: 4
[2570.977s][debug][gc,phases      ] GC(179)   ObjectSynchronizer Weak        Min:  0.0, Avg:  0.0, Max:  0.0, Diff:  0.0, Sum:  0.0, Workers: 4
[2570.977s][debug][gc,phases      ] GC(179)     Dead                           Min: 0, Avg:  0.0, Max: 0, Diff: 0, Sum: 0, Workers: 4
[2570.977s][debug][gc,phases      ] GC(179)     Total                          Min: 0, Avg:  1.0, Max: 4, Diff: 4, Sum: 4, Workers: 4
[2570.977s][debug][gc,phases      ] GC(179)   JVMTI Tag Weak OopStorage      Min:  0.0, Avg:  0.0, Max:  0.0, Diff:  0.0, Sum:  0.0, Workers: 4
[2570.977s][debug][gc,phases      ] GC(179)     Dead                           Min: 0, Avg:  0.0, Max: 0, Diff: 0, Sum: 0, Workers: 4
[2570.977s][debug][gc,phases      ] GC(179)     Total                          Min: 0, Avg:  0.0, Max: 0, Diff: 0, Sum: 0, Workers: 4
[2570.977s][debug][gc,phases      ] GC(179)   StringTable Weak               Min:  0.0, Avg:  0.1, Max:  0.1, Diff:  0.1, Sum:  0.4, Workers: 4
[2570.977s][debug][gc,phases      ] GC(179)     Dead                           Min: 0, Avg:  0.0, Max: 0, Diff: 0, Sum: 0, Workers: 4
[2570.977s][debug][gc,phases      ] GC(179)     Total                          Min: 0, Avg: 10704.2, Max: 15296, Diff: 15296, Sum: 42817, Workers: 4
[2570.977s][debug][gc,phases      ] GC(179)   ResolvedMethodTable Weak       Min:  0.0, Avg:  0.0, Max:  0.0, Diff:  0.0, Sum:  0.1, Workers: 4
[2570.977s][debug][gc,phases      ] GC(179)     Dead                           Min: 0, Avg:  0.0, Max: 0, Diff: 0, Sum: 0, Workers: 4
[2570.977s][debug][gc,phases      ] GC(179)     Total                          Min: 0, Avg: 2283.8, Max: 3156, Diff: 3156, Sum: 9135, Workers: 4
[2570.977s][debug][gc,phases      ] GC(179)   JNI Weak                       Min:  0.0, Avg:  0.0, Max:  0.0, Diff:  0.0, Sum:  0.0, Workers: 4
[2570.977s][debug][gc,phases      ] GC(179)     Dead                           Min: 0, Avg:  0.0, Max: 0, Diff: 0, Sum: 0, Workers: 4
[2570.977s][debug][gc,phases      ] GC(179)     Total                          Min: 0, Avg: 11.2, Max: 45, Diff: 45, Sum: 45, Workers: 4
[2570.977s][debug][gc,phases      ] GC(179)   StringDedup Table Weak         Min:  0.0, Avg:  0.0, Max:  0.0, Diff:  0.0, Sum:  0.0, Workers: 4
[2570.977s][debug][gc,phases      ] GC(179)     Dead                           Min: 0, Avg:  0.0, Max: 0, Diff: 0, Sum: 0, Workers: 4
[2570.977s][debug][gc,phases      ] GC(179)     Total                          Min: 0, Avg:  0.0, Max: 0, Diff: 0, Sum: 0, Workers: 4
[2570.977s][debug][gc,phases      ] GC(179)   StringDedup Requests0 Weak     Min:  0.0, Avg:  0.0, Max:  0.0, Diff:  0.0, Sum:  0.0, Workers: 4
[2570.977s][debug][gc,phases      ] GC(179)     Dead                           Min: 0, Avg:  0.0, Max: 0, Diff: 0, Sum: 0, Workers: 4
[2570.977s][debug][gc,phases      ] GC(179)     Total                          Min: 0, Avg:  0.0, Max: 0, Diff: 0, Sum: 0, Workers: 4
[2570.977s][debug][gc,phases      ] GC(179)   StringDedup Requests1 Weak     Min:  0.0, Avg:  0.0, Max:  0.0, Diff:  0.0, Sum:  0.0, Workers: 4
[2570.977s][debug][gc,phases      ] GC(179)     Dead                           Min: 0, Avg:  0.0, Max: 0, Diff: 0, Sum: 0, Workers: 4
[2570.977s][debug][gc,phases      ] GC(179)     Total                          Min: 0, Avg:  0.0, Max: 0, Diff: 0, Sum: 0, Workers: 4
[2570.977s][debug][gc,phases      ] GC(179)   Weak JFR Old Object Samples    Min:  0.0, Avg:  0.0, Max:  0.0, Diff:  0.0, Sum:  0.0, Workers: 4
[2570.977s][debug][gc,phases      ] GC(179)     Dead                           Min: 0, Avg:  0.0, Max: 0, Diff: 0, Sum: 0, Workers: 4
[2570.977s][debug][gc,phases      ] GC(179)     Total                          Min: 0, Avg:  0.0, Max: 0, Diff: 0, Sum: 0, Workers: 4
[2570.977s][debug][gc,phases      ] GC(179) Weak Processing 0.431ms
[2570.977s][debug][gc,age         ] GC(179) Desired survivor size 524288 bytes, new threshold 15 (max threshold 15)
[2570.977s][info ][gc,heap        ] GC(179) PSYoungGen: 2096352K(2096640K)->128K(2096640K) Eden: 2096128K(2096128K)->0K(2096128K) From: 224K(512K)->128K(512K)
[2570.977s][info ][gc,heap        ] GC(179) ParOldGen: 236214K(324096K)->236230K(324096K)
[2570.977s][info ][gc,metaspace   ] GC(179) Metaspace: 80158K(81024K)->80158K(81024K) NonClass: 68431K(68864K)->68431K(68864K) Class: 11727K(12160K)->11727K(12160K)
[2570.977s][info ][gc             ] GC(179) Pause Young (Allocation Failure) 2277M->230M(2364M) 2.772ms
[2570.977s][info ][gc,cpu         ] GC(179) User=0.01s Sys=0.00s Real=0.00s
[2570.977s][info ][safepoint      ] Safepoint "ParallelGCFailedAllocation", Time since last: 16398839991 ns, Reaching safepoint: 4800 ns, Cleanup: 27500 ns, At safepoint: 2857213 ns, Total: 2889513 ns
[2576.977s][info ][safepoint      ] Safepoint "Cleanup", Time since last: 6000344508 ns, Reaching safepoint: 4200 ns, Cleanup: 33800 ns, At safepoint: 5500 ns, Total: 43500 ns
[2587.376s][info ][gc,start       ] GC(180) Pause Young (Allocation Failure)
[2587.379s][debug][gc,phases      ] GC(180) Scavenge 2.946ms
[2587.379s][debug][gc,ref         ] GC(180) Skipped phase 1 of Reference Processing: no references
[2587.379s][debug][gc,ref         ] GC(180) Skipped phase 2 of Reference Processing: no references
[2587.379s][debug][gc,ref         ] GC(180) Skipped phase 3 of Reference Processing: no references
[2587.379s][debug][gc,ref         ] GC(180) ReferenceProcessor::execute queues: 1, RefProcThreadModel::Single, marks_oops_alive: false
[2587.379s][debug][gc,phases      ] GC(180) Reference Processing 0.119ms
[2587.379s][debug][gc,phases      ] GC(180)   VM Weak                        Min:  0.0, Avg:  0.0, Max:  0.0, Diff:  0.0, Sum:  0.0, Workers: 4
[2587.379s][debug][gc,phases      ] GC(180)     Dead                           Min: 0, Avg:  0.0, Max: 0, Diff: 0, Sum: 0, Workers: 4
[2587.379s][debug][gc,phases      ] GC(180)     Total                          Min: 0, Avg: 172.8, Max: 435, Diff: 435, Sum: 691, Workers: 4
[2587.379s][debug][gc,phases      ] GC(180)   ObjectSynchronizer Weak        Min:  0.0, Avg:  0.0, Max:  0.0, Diff:  0.0, Sum:  0.0, Workers: 4
[2587.379s][debug][gc,phases      ] GC(180)     Dead                           Min: 0, Avg:  0.0, Max: 0, Diff: 0, Sum: 0, Workers: 4
[2587.379s][debug][gc,phases      ] GC(180)     Total                          Min: 0, Avg:  1.0, Max: 4, Diff: 4, Sum: 4, Workers: 4
[2587.379s][debug][gc,phases      ] GC(180)   JVMTI Tag Weak OopStorage      Min:  0.0, Avg:  0.0, Max:  0.0, Diff:  0.0, Sum:  0.0, Workers: 4
[2587.379s][debug][gc,phases      ] GC(180)     Dead                           Min: 0, Avg:  0.0, Max: 0, Diff: 0, Sum: 0, Workers: 4
[2587.379s][debug][gc,phases      ] GC(180)     Total                          Min: 0, Avg:  0.0, Max: 0, Diff: 0, Sum: 0, Workers: 4
[2587.379s][debug][gc,phases      ] GC(180)   StringTable Weak               Min:  0.0, Avg:  0.1, Max:  0.2, Diff:  0.2, Sum:  0.4, Workers: 4
[2587.379s][debug][gc,phases      ] GC(180)     Dead                           Min: 0, Avg:  0.0, Max: 0, Diff: 0, Sum: 0, Workers: 4
[2587.379s][debug][gc,phases      ] GC(180)     Total                          Min: 0, Avg: 10704.2, Max: 21633, Diff: 21633, Sum: 42817, Workers: 4
[2587.379s][debug][gc,phases      ] GC(180)   ResolvedMethodTable Weak       Min:  0.0, Avg:  0.0, Max:  0.0, Diff:  0.0, Sum:  0.1, Workers: 4
[2587.379s][debug][gc,phases      ] GC(180)     Dead                           Min: 0, Avg:  0.0, Max: 0, Diff: 0, Sum: 0, Workers: 4
[2587.379s][debug][gc,phases      ] GC(180)     Total                          Min: 0, Avg: 2283.8, Max: 4599, Diff: 4599, Sum: 9135, Workers: 4
[2587.379s][debug][gc,phases      ] GC(180)   JNI Weak                       Min:  0.0, Avg:  0.0, Max:  0.0, Diff:  0.0, Sum:  0.0, Workers: 4
[2587.379s][debug][gc,phases      ] GC(180)     Dead                           Min: 0, Avg:  0.0, Max: 0, Diff: 0, Sum: 0, Workers: 4
[2587.379s][debug][gc,phases      ] GC(180)     Total                          Min: 0, Avg: 11.2, Max: 45, Diff: 45, Sum: 45, Workers: 4
[2587.379s][debug][gc,phases      ] GC(180)   StringDedup Table Weak         Min:  0.0, Avg:  0.0, Max:  0.0, Diff:  0.0, Sum:  0.0, Workers: 4
[2587.379s][debug][gc,phases      ] GC(180)     Dead                           Min: 0, Avg:  0.0, Max: 0, Diff: 0, Sum: 0, Workers: 4
[2587.379s][debug][gc,phases      ] GC(180)     Total                          Min: 0, Avg:  0.0, Max: 0, Diff: 0, Sum: 0, Workers: 4
[2587.379s][debug][gc,phases      ] GC(180)   StringDedup Requests0 Weak     Min:  0.0, Avg:  0.0, Max:  0.0, Diff:  0.0, Sum:  0.0, Workers: 4
[2587.379s][debug][gc,phases      ] GC(180)     Dead                           Min: 0, Avg:  0.0, Max: 0, Diff: 0, Sum: 0, Workers: 4
[2587.379s][debug][gc,phases      ] GC(180)     Total                          Min: 0, Avg:  0.0, Max: 0, Diff: 0, Sum: 0, Workers: 4
[2587.379s][debug][gc,phases      ] GC(180)   StringDedup Requests1 Weak     Min:  0.0, Avg:  0.0, Max:  0.0, Diff:  0.0, Sum:  0.0, Workers: 4
[2587.379s][debug][gc,phases      ] GC(180)     Dead                           Min: 0, Avg:  0.0, Max: 0, Diff: 0, Sum: 0, Workers: 4
[2587.379s][debug][gc,phases      ] GC(180)     Total                          Min: 0, Avg:  0.0, Max: 0, Diff: 0, Sum: 0, Workers: 4
[2587.379s][debug][gc,phases      ] GC(180)   Weak JFR Old Object Samples    Min:  0.0, Avg:  0.0, Max:  0.0, Diff:  0.0, Sum:  0.0, Workers: 4
[2587.379s][debug][gc,phases      ] GC(180)     Dead                           Min: 0, Avg:  0.0, Max: 0, Diff: 0, Sum: 0, Workers: 4
[2587.379s][debug][gc,phases      ] GC(180)     Total                          Min: 0, Avg:  0.0, Max: 0, Diff: 0, Sum: 0, Workers: 4
[2587.379s][debug][gc,phases      ] GC(180) Weak Processing 0.468ms
[2587.379s][debug][gc,age         ] GC(180) Desired survivor size 524288 bytes, new threshold 15 (max threshold 15)
[2587.379s][info ][gc,heap        ] GC(180) PSYoungGen: 2096256K(2096640K)->224K(2096640K) Eden: 2096128K(2096128K)->0K(2096128K) From: 128K(512K)->224K(512K)
[2587.379s][info ][gc,heap        ] GC(180) ParOldGen: 236230K(324096K)->236238K(324096K)
[2587.379s][info ][gc,metaspace   ] GC(180) Metaspace: 80158K(81024K)->80158K(81024K) NonClass: 68431K(68864K)->68431K(68864K) Class: 11727K(12160K)->11727K(12160K)
[2587.380s][info ][gc             ] GC(180) Pause Young (Allocation Failure) 2277M->230M(2364M) 3.631ms
[2587.380s][info ][gc,cpu         ] GC(180) User=0.00s Sys=0.00s Real=0.01s
[2587.380s][info ][safepoint      ] Safepoint "ParallelGCFailedAllocation", Time since last: 10398385858 ns, Reaching safepoint: 5900 ns, Cleanup: 20100 ns, At safepoint: 3728117 ns, Total: 3754117 ns
[2603.823s][info ][gc,start       ] GC(181) Pause Young (Allocation Failure)
[2603.825s][debug][gc,phases      ] GC(181) Scavenge 1.965ms
[2603.825s][debug][gc,ref         ] GC(181) Skipped phase 1 of Reference Processing: no references
[2603.825s][debug][gc,ref         ] GC(181) Skipped phase 2 of Reference Processing: no references
[2603.825s][debug][gc,ref         ] GC(181) Skipped phase 3 of Reference Processing: no references
[2603.825s][debug][gc,ref         ] GC(181) Skipped phase 4 of Reference Processing: no references
[2603.825s][debug][gc,phases      ] GC(181) Reference Processing 0.026ms
[2603.825s][debug][gc,phases      ] GC(181)   VM Weak                        Min:  0.0, Avg:  0.0, Max:  0.0, Diff:  0.0, Sum:  0.0, Workers: 4
[2603.825s][debug][gc,phases      ] GC(181)     Dead                           Min: 0, Avg:  0.0, Max: 0, Diff: 0, Sum: 0, Workers: 4
[2603.825s][debug][gc,phases      ] GC(181)     Total                          Min: 0, Avg: 172.8, Max: 512, Diff: 512, Sum: 691, Workers: 4
[2603.825s][debug][gc,phases      ] GC(181)   ObjectSynchronizer Weak        Min:  0.0, Avg:  0.0, Max:  0.0, Diff:  0.0, Sum:  0.0, Workers: 4
[2603.825s][debug][gc,phases      ] GC(181)     Dead                           Min: 0, Avg:  0.0, Max: 0, Diff: 0, Sum: 0, Workers: 4
[2603.825s][debug][gc,phases      ] GC(181)     Total                          Min: 0, Avg:  1.0, Max: 4, Diff: 4, Sum: 4, Workers: 4
[2603.825s][debug][gc,phases      ] GC(181)   JVMTI Tag Weak OopStorage      Min:  0.0, Avg:  0.0, Max:  0.0, Diff:  0.0, Sum:  0.0, Workers: 4
[2603.825s][debug][gc,phases      ] GC(181)     Dead                           Min: 0, Avg:  0.0, Max: 0, Diff: 0, Sum: 0, Workers: 4
[2603.825s][debug][gc,phases      ] GC(181)     Total                          Min: 0, Avg:  0.0, Max: 0, Diff: 0, Sum: 0, Workers: 4
[2603.825s][debug][gc,phases      ] GC(181)   StringTable Weak               Min:  0.0, Avg:  0.1, Max:  0.1, Diff:  0.1, Sum:  0.4, Workers: 4
[2603.825s][debug][gc,phases      ] GC(181)     Dead                           Min: 0, Avg:  0.0, Max: 0, Diff: 0, Sum: 0, Workers: 4
[2603.825s][debug][gc,phases      ] GC(181)     Total                          Min: 0, Avg: 10704.2, Max: 18113, Diff: 18113, Sum: 42817, Workers: 4
[2603.825s][debug][gc,phases      ] GC(181)   ResolvedMethodTable Weak       Min:  0.0, Avg:  0.0, Max:  0.0, Diff:  0.0, Sum:  0.1, Workers: 4
[2603.825s][debug][gc,phases      ] GC(181)     Dead                           Min: 0, Avg:  0.0, Max: 0, Diff: 0, Sum: 0, Workers: 4
[2603.825s][debug][gc,phases      ] GC(181)     Total                          Min: 0, Avg: 2283.8, Max: 4008, Diff: 4008, Sum: 9135, Workers: 4
[2603.825s][debug][gc,phases      ] GC(181)   JNI Weak                       Min:  0.0, Avg:  0.0, Max:  0.0, Diff:  0.0, Sum:  0.0, Workers: 4
[2603.825s][debug][gc,phases      ] GC(181)     Dead                           Min: 0, Avg:  0.0, Max: 0, Diff: 0, Sum: 0, Workers: 4
[2603.825s][debug][gc,phases      ] GC(181)     Total                          Min: 0, Avg: 11.2, Max: 45, Diff: 45, Sum: 45, Workers: 4
[2603.825s][debug][gc,phases      ] GC(181)   StringDedup Table Weak         Min:  0.0, Avg:  0.0, Max:  0.0, Diff:  0.0, Sum:  0.0, Workers: 4
[2603.825s][debug][gc,phases      ] GC(181)     Dead                           Min: 0, Avg:  0.0, Max: 0, Diff: 0, Sum: 0, Workers: 4
[2603.825s][debug][gc,phases      ] GC(181)     Total                          Min: 0, Avg:  0.0, Max: 0, Diff: 0, Sum: 0, Workers: 4
[2603.825s][debug][gc,phases      ] GC(181)   StringDedup Requests0 Weak     Min:  0.0, Avg:  0.0, Max:  0.0, Diff:  0.0, Sum:  0.0, Workers: 4
[2603.825s][debug][gc,phases      ] GC(181)     Dead                           Min: 0, Avg:  0.0, Max: 0, Diff: 0, Sum: 0, Workers: 4
[2603.825s][debug][gc,phases      ] GC(181)     Total                          Min: 0, Avg:  0.0, Max: 0, Diff: 0, Sum: 0, Workers: 4
[2603.825s][debug][gc,phases      ] GC(181)   StringDedup Requests1 Weak     Min:  0.0, Avg:  0.0, Max:  0.0, Diff:  0.0, Sum:  0.0, Workers: 4
[2603.825s][debug][gc,phases      ] GC(181)     Dead                           Min: 0, Avg:  0.0, Max: 0, Diff: 0, Sum: 0, Workers: 4
[2603.825s][debug][gc,phases      ] GC(181)     Total                          Min: 0, Avg:  0.0, Max: 0, Diff: 0, Sum: 0, Workers: 4
[2603.825s][debug][gc,phases      ] GC(181)   Weak JFR Old Object Samples    Min:  0.0, Avg:  0.0, Max:  0.0, Diff:  0.0, Sum:  0.0, Workers: 4
[2603.825s][debug][gc,phases      ] GC(181)     Dead                           Min: 0, Avg:  0.0, Max: 0, Diff: 0, Sum: 0, Workers: 4
[2603.825s][debug][gc,phases      ] GC(181)     Total                          Min: 0, Avg:  0.0, Max: 0, Diff: 0, Sum: 0, Workers: 4
[2603.825s][debug][gc,phases      ] GC(181) Weak Processing 0.391ms
[2603.825s][debug][gc,age         ] GC(181) Desired survivor size 524288 bytes, new threshold 15 (max threshold 15)
[2603.825s][info ][gc,heap        ] GC(181) PSYoungGen: 2096352K(2096640K)->128K(2096640K) Eden: 2096128K(2096128K)->0K(2096128K) From: 224K(512K)->128K(512K)
[2603.825s][info ][gc,heap        ] GC(181) ParOldGen: 236238K(324096K)->236246K(324096K)
[2603.825s][info ][gc,metaspace   ] GC(181) Metaspace: 80158K(81024K)->80158K(81024K) NonClass: 68431K(68864K)->68431K(68864K) Class: 11727K(12160K)->11727K(12160K)
[2603.825s][info ][gc             ] GC(181) Pause Young (Allocation Failure) 2277M->230M(2364M) 2.522ms
[2603.825s][info ][gc,cpu         ] GC(181) User=0.00s Sys=0.00s Real=0.00s
[2603.825s][info ][safepoint      ] Safepoint "ParallelGCFailedAllocation", Time since last: 16443298124 ns, Reaching safepoint: 4600 ns, Cleanup: 42000 ns, At safepoint: 2590112 ns, Total: 2636712 ns
[2620.224s][info ][gc,start       ] GC(182) Pause Young (Allocation Failure)
[2620.226s][debug][gc,phases      ] GC(182) Scavenge 2.127ms
[2620.226s][debug][gc,ref         ] GC(182) Skipped phase 1 of Reference Processing: no references
[2620.226s][debug][gc,ref         ] GC(182) Skipped phase 2 of Reference Processing: no references
[2620.226s][debug][gc,ref         ] GC(182) Skipped phase 3 of Reference Processing: no references
[2620.226s][debug][gc,ref         ] GC(182) ReferenceProcessor::execute queues: 1, RefProcThreadModel::Single, marks_oops_alive: false
[2620.226s][debug][gc,phases      ] GC(182) Reference Processing 0.093ms
[2620.226s][debug][gc,phases      ] GC(182)   VM Weak                        Min:  0.0, Avg:  0.0, Max:  0.0, Diff:  0.0, Sum:  0.0, Workers: 4
[2620.226s][debug][gc,phases      ] GC(182)     Dead                           Min: 0, Avg:  0.0, Max: 0, Diff: 0, Sum: 0, Workers: 4
[2620.226s][debug][gc,phases      ] GC(182)     Total                          Min: 0, Avg: 172.8, Max: 627, Diff: 627, Sum: 691, Workers: 4
[2620.226s][debug][gc,phases      ] GC(182)   ObjectSynchronizer Weak        Min:  0.0, Avg:  0.0, Max:  0.0, Diff:  0.0, Sum:  0.0, Workers: 4
[2620.226s][debug][gc,phases      ] GC(182)     Dead                           Min: 0, Avg:  0.0, Max: 0, Diff: 0, Sum: 0, Workers: 4
[2620.226s][debug][gc,phases      ] GC(182)     Total                          Min: 0, Avg:  1.0, Max: 4, Diff: 4, Sum: 4, Workers: 4
[2620.226s][debug][gc,phases      ] GC(182)   JVMTI Tag Weak OopStorage      Min:  0.0, Avg:  0.0, Max:  0.0, Diff:  0.0, Sum:  0.0, Workers: 4
[2620.226s][debug][gc,phases      ] GC(182)     Dead                           Min: 0, Avg:  0.0, Max: 0, Diff: 0, Sum: 0, Workers: 4
[2620.226s][debug][gc,phases      ] GC(182)     Total                          Min: 0, Avg:  0.0, Max: 0, Diff: 0, Sum: 0, Workers: 4
[2620.226s][debug][gc,phases      ] GC(182)   StringTable Weak               Min:  0.1, Avg:  0.1, Max:  0.1, Diff:  0.0, Sum:  0.5, Workers: 4
[2620.226s][debug][gc,phases      ] GC(182)     Dead                           Min: 0, Avg:  0.0, Max: 0, Diff: 0, Sum: 0, Workers: 4
[2620.226s][debug][gc,phases      ] GC(182)     Total                          Min: 9857, Avg: 10704.2, Max: 11136, Diff: 1279, Sum: 42817, Workers: 4
[2620.226s][debug][gc,phases      ] GC(182)   ResolvedMethodTable Weak       Min:  0.0, Avg:  0.0, Max:  0.0, Diff:  0.0, Sum:  0.1, Workers: 4
[2620.226s][debug][gc,phases      ] GC(182)     Dead                           Min: 0, Avg:  0.0, Max: 0, Diff: 0, Sum: 0, Workers: 4
[2620.226s][debug][gc,phases      ] GC(182)     Total                          Min: 2225, Avg: 2283.8, Max: 2336, Diff: 111, Sum: 9135, Workers: 4
[2620.226s][debug][gc,phases      ] GC(182)   JNI Weak                       Min:  0.0, Avg:  0.0, Max:  0.0, Diff:  0.0, Sum:  0.0, Workers: 4
[2620.226s][debug][gc,phases      ] GC(182)     Dead                           Min: 0, Avg:  0.0, Max: 0, Diff: 0, Sum: 0, Workers: 4
[2620.226s][debug][gc,phases      ] GC(182)     Total                          Min: 0, Avg: 11.2, Max: 45, Diff: 45, Sum: 45, Workers: 4
[2620.226s][debug][gc,phases      ] GC(182)   StringDedup Table Weak         Min:  0.0, Avg:  0.0, Max:  0.0, Diff:  0.0, Sum:  0.0, Workers: 4
[2620.226s][debug][gc,phases      ] GC(182)     Dead                           Min: 0, Avg:  0.0, Max: 0, Diff: 0, Sum: 0, Workers: 4
[2620.226s][debug][gc,phases      ] GC(182)     Total                          Min: 0, Avg:  0.0, Max: 0, Diff: 0, Sum: 0, Workers: 4
[2620.226s][debug][gc,phases      ] GC(182)   StringDedup Requests0 Weak     Min:  0.0, Avg:  0.0, Max:  0.0, Diff:  0.0, Sum:  0.0, Workers: 4
[2620.226s][debug][gc,phases      ] GC(182)     Dead                           Min: 0, Avg:  0.0, Max: 0, Diff: 0, Sum: 0, Workers: 4
[2620.226s][debug][gc,phases      ] GC(182)     Total                          Min: 0, Avg:  0.0, Max: 0, Diff: 0, Sum: 0, Workers: 4
[2620.226s][debug][gc,phases      ] GC(182)   StringDedup Requests1 Weak     Min:  0.0, Avg:  0.0, Max:  0.0, Diff:  0.0, Sum:  0.0, Workers: 4
[2620.226s][debug][gc,phases      ] GC(182)     Dead                           Min: 0, Avg:  0.0, Max: 0, Diff: 0, Sum: 0, Workers: 4
[2620.226s][debug][gc,phases      ] GC(182)     Total                          Min: 0, Avg:  0.0, Max: 0, Diff: 0, Sum: 0, Workers: 4
[2620.226s][debug][gc,phases      ] GC(182)   Weak JFR Old Object Samples    Min:  0.0, Avg:  0.0, Max:  0.0, Diff:  0.0, Sum:  0.0, Workers: 4
[2620.226s][debug][gc,phases      ] GC(182)     Dead                           Min: 0, Avg:  0.0, Max: 0, Diff: 0, Sum: 0, Workers: 4
[2620.226s][debug][gc,phases      ] GC(182)     Total                          Min: 0, Avg:  0.0, Max: 0, Diff: 0, Sum: 0, Workers: 4
[2620.226s][debug][gc,phases      ] GC(182) Weak Processing 0.319ms
[2620.226s][debug][gc,age         ] GC(182) Desired survivor size 524288 bytes, new threshold 15 (max threshold 15)
[2620.226s][info ][gc,heap        ] GC(182) PSYoungGen: 2096256K(2096640K)->192K(2096640K) Eden: 2096128K(2096128K)->0K(2096128K) From: 128K(512K)->192K(512K)
[2620.226s][info ][gc,heap        ] GC(182) ParOldGen: 236246K(324096K)->236262K(324096K)
[2620.226s][info ][gc,metaspace   ] GC(182) Metaspace: 80158K(81024K)->80158K(81024K) NonClass: 68431K(68864K)->68431K(68864K) Class: 11727K(12160K)->11727K(12160K)
[2620.226s][info ][gc             ] GC(182) Pause Young (Allocation Failure) 2277M->230M(2364M) 2.661ms
[2620.226s][info ][gc,cpu         ] GC(182) User=0.00s Sys=0.01s Real=0.00s
[2620.226s][info ][safepoint      ] Safepoint "ParallelGCFailedAllocation", Time since last: 16398008194 ns, Reaching safepoint: 6300 ns, Cleanup: 44100 ns, At safepoint: 2722612 ns, Total: 2773012 ns
[2636.625s][info ][gc,start       ] GC(183) Pause Young (Allocation Failure)
[2636.627s][debug][gc,phases      ] GC(183) Scavenge 1.449ms
[2636.627s][debug][gc,ref         ] GC(183) Skipped phase 1 of Reference Processing: no references
[2636.627s][debug][gc,ref         ] GC(183) Skipped phase 2 of Reference Processing: no references
[2636.627s][debug][gc,ref         ] GC(183) Skipped phase 3 of Reference Processing: no references
[2636.627s][debug][gc,ref         ] GC(183) ReferenceProcessor::execute queues: 1, RefProcThreadModel::Single, marks_oops_alive: false
[2636.627s][debug][gc,phases      ] GC(183) Reference Processing 0.126ms
[2636.627s][debug][gc,phases      ] GC(183)   VM Weak                        Min:  0.0, Avg:  0.0, Max:  0.0, Diff:  0.0, Sum:  0.0, Workers: 4
[2636.627s][debug][gc,phases      ] GC(183)     Dead                           Min: 0, Avg:  0.0, Max: 0, Diff: 0, Sum: 0, Workers: 4
[2636.627s][debug][gc,phases      ] GC(183)     Total                          Min: 0, Avg: 172.8, Max: 320, Diff: 320, Sum: 691, Workers: 4
[2636.627s][debug][gc,phases      ] GC(183)   ObjectSynchronizer Weak        Min:  0.0, Avg:  0.0, Max:  0.0, Diff:  0.0, Sum:  0.0, Workers: 4
[2636.627s][debug][gc,phases      ] GC(183)     Dead                           Min: 0, Avg:  0.0, Max: 0, Diff: 0, Sum: 0, Workers: 4
[2636.627s][debug][gc,phases      ] GC(183)     Total                          Min: 0, Avg:  1.0, Max: 4, Diff: 4, Sum: 4, Workers: 4
[2636.627s][debug][gc,phases      ] GC(183)   JVMTI Tag Weak OopStorage      Min:  0.0, Avg:  0.0, Max:  0.0, Diff:  0.0, Sum:  0.0, Workers: 4
[2636.627s][debug][gc,phases      ] GC(183)     Dead                           Min: 0, Avg:  0.0, Max: 0, Diff: 0, Sum: 0, Workers: 4
[2636.627s][debug][gc,phases      ] GC(183)     Total                          Min: 0, Avg:  0.0, Max: 0, Diff: 0, Sum: 0, Workers: 4
[2636.627s][debug][gc,phases      ] GC(183)   StringTable Weak               Min:  0.0, Avg:  0.1, Max:  0.1, Diff:  0.1, Sum:  0.4, Workers: 4
[2636.627s][debug][gc,phases      ] GC(183)     Dead                           Min: 0, Avg:  0.0, Max: 0, Diff: 0, Sum: 0, Workers: 4
[2636.627s][debug][gc,phases      ] GC(183)     Total                          Min: 0, Avg: 10704.2, Max: 17025, Diff: 17025, Sum: 42817, Workers: 4
[2636.627s][debug][gc,phases      ] GC(183)   ResolvedMethodTable Weak       Min:  0.0, Avg:  0.0, Max:  0.0, Diff:  0.0, Sum:  0.1, Workers: 4
[2636.627s][debug][gc,phases      ] GC(183)     Dead                           Min: 0, Avg:  0.0, Max: 0, Diff: 0, Sum: 0, Workers: 4
[2636.627s][debug][gc,phases      ] GC(183)     Total                          Min: 0, Avg: 2283.8, Max: 3987, Diff: 3987, Sum: 9135, Workers: 4
[2636.627s][debug][gc,phases      ] GC(183)   JNI Weak                       Min:  0.0, Avg:  0.0, Max:  0.0, Diff:  0.0, Sum:  0.0, Workers: 4
[2636.627s][debug][gc,phases      ] GC(183)     Dead                           Min: 0, Avg:  0.0, Max: 0, Diff: 0, Sum: 0, Workers: 4
[2636.627s][debug][gc,phases      ] GC(183)     Total                          Min: 0, Avg: 11.2, Max: 45, Diff: 45, Sum: 45, Workers: 4
[2636.627s][debug][gc,phases      ] GC(183)   StringDedup Table Weak         Min:  0.0, Avg:  0.0, Max:  0.0, Diff:  0.0, Sum:  0.0, Workers: 4
[2636.627s][debug][gc,phases      ] GC(183)     Dead                           Min: 0, Avg:  0.0, Max: 0, Diff: 0, Sum: 0, Workers: 4
[2636.627s][debug][gc,phases      ] GC(183)     Total                          Min: 0, Avg:  0.0, Max: 0, Diff: 0, Sum: 0, Workers: 4
[2636.627s][debug][gc,phases      ] GC(183)   StringDedup Requests0 Weak     Min:  0.0, Avg:  0.0, Max:  0.0, Diff:  0.0, Sum:  0.0, Workers: 4
[2636.627s][debug][gc,phases      ] GC(183)     Dead                           Min: 0, Avg:  0.0, Max: 0, Diff: 0, Sum: 0, Workers: 4
[2636.627s][debug][gc,phases      ] GC(183)     Total                          Min: 0, Avg:  0.0, Max: 0, Diff: 0, Sum: 0, Workers: 4
[2636.627s][debug][gc,phases      ] GC(183)   StringDedup Requests1 Weak     Min:  0.0, Avg:  0.0, Max:  0.0, Diff:  0.0, Sum:  0.0, Workers: 4
[2636.627s][debug][gc,phases      ] GC(183)     Dead                           Min: 0, Avg:  0.0, Max: 0, Diff: 0, Sum: 0, Workers: 4
[2636.627s][debug][gc,phases      ] GC(183)     Total                          Min: 0, Avg:  0.0, Max: 0, Diff: 0, Sum: 0, Workers: 4
[2636.627s][debug][gc,phases      ] GC(183)   Weak JFR Old Object Samples    Min:  0.0, Avg:  0.0, Max:  0.0, Diff:  0.0, Sum:  0.0, Workers: 4
[2636.627s][debug][gc,phases      ] GC(183)     Dead                           Min: 0, Avg:  0.0, Max: 0, Diff: 0, Sum: 0, Workers: 4
[2636.627s][debug][gc,phases      ] GC(183)     Total                          Min: 0, Avg:  0.0, Max: 0, Diff: 0, Sum: 0, Workers: 4
[2636.627s][debug][gc,phases      ] GC(183) Weak Processing 0.363ms
[2636.627s][debug][gc,age         ] GC(183) Desired survivor size 524288 bytes, new threshold 15 (max threshold 15)
[2636.627s][info ][gc,heap        ] GC(183) PSYoungGen: 2096320K(2096640K)->128K(2096640K) Eden: 2096128K(2096128K)->0K(2096128K) From: 192K(512K)->128K(512K)
[2636.627s][info ][gc,heap        ] GC(183) ParOldGen: 236262K(324096K)->236262K(324096K)
[2636.627s][info ][gc,metaspace   ] GC(183) Metaspace: 80158K(81024K)->80158K(81024K) NonClass: 68431K(68864K)->68431K(68864K) Class: 11727K(12160K)->11727K(12160K)
[2636.627s][info ][gc             ] GC(183) Pause Young (Allocation Failure) 2277M->230M(2364M) 2.073ms
[2636.627s][info ][gc,cpu         ] GC(183) User=0.01s Sys=0.00s Real=0.00s
[2636.627s][info ][safepoint      ] Safepoint "ParallelGCFailedAllocation", Time since last: 16398649655 ns, Reaching safepoint: 5100 ns, Cleanup: 42500 ns, At safepoint: 2172709 ns, Total: 2220309 ns
[2653.073s][info ][gc,start       ] GC(184) Pause Young (Allocation Failure)
[2653.075s][debug][gc,phases      ] GC(184) Scavenge 2.053ms
[2653.075s][debug][gc,ref         ] GC(184) Skipped phase 1 of Reference Processing: no references
[2653.075s][debug][gc,ref         ] GC(184) Skipped phase 2 of Reference Processing: no references
[2653.075s][debug][gc,ref         ] GC(184) Skipped phase 3 of Reference Processing: no references
[2653.075s][debug][gc,ref         ] GC(184) Skipped phase 4 of Reference Processing: no references
[2653.075s][debug][gc,phases      ] GC(184) Reference Processing 0.021ms
[2653.075s][debug][gc,phases      ] GC(184)   VM Weak                        Min:  0.0, Avg:  0.0, Max:  0.0, Diff:  0.0, Sum:  0.0, Workers: 4
[2653.075s][debug][gc,phases      ] GC(184)     Dead                           Min: 0, Avg:  0.0, Max: 0, Diff: 0, Sum: 0, Workers: 4
[2653.075s][debug][gc,phases      ] GC(184)     Total                          Min: 0, Avg: 172.8, Max: 512, Diff: 512, Sum: 691, Workers: 4
[2653.075s][debug][gc,phases      ] GC(184)   ObjectSynchronizer Weak        Min:  0.0, Avg:  0.0, Max:  0.0, Diff:  0.0, Sum:  0.0, Workers: 4
[2653.075s][debug][gc,phases      ] GC(184)     Dead                           Min: 0, Avg:  0.0, Max: 0, Diff: 0, Sum: 0, Workers: 4
[2653.075s][debug][gc,phases      ] GC(184)     Total                          Min: 0, Avg:  1.0, Max: 4, Diff: 4, Sum: 4, Workers: 4
[2653.075s][debug][gc,phases      ] GC(184)   JVMTI Tag Weak OopStorage      Min:  0.0, Avg:  0.0, Max:  0.0, Diff:  0.0, Sum:  0.0, Workers: 4
[2653.075s][debug][gc,phases      ] GC(184)     Dead                           Min: 0, Avg:  0.0, Max: 0, Diff: 0, Sum: 0, Workers: 4
[2653.075s][debug][gc,phases      ] GC(184)     Total                          Min: 0, Avg:  0.0, Max: 0, Diff: 0, Sum: 0, Workers: 4
[2653.075s][debug][gc,phases      ] GC(184)   StringTable Weak               Min:  0.0, Avg:  0.1, Max:  0.1, Diff:  0.1, Sum:  0.4, Workers: 4
[2653.075s][debug][gc,phases      ] GC(184)     Dead                           Min: 0, Avg:  0.0, Max: 0, Diff: 0, Sum: 0, Workers: 4
[2653.075s][debug][gc,phases      ] GC(184)     Total                          Min: 0, Avg: 10704.2, Max: 17280, Diff: 17280, Sum: 42817, Workers: 4
[2653.075s][debug][gc,phases      ] GC(184)   ResolvedMethodTable Weak       Min:  0.0, Avg:  0.0, Max:  0.0, Diff:  0.0, Sum:  0.1, Workers: 4
[2653.075s][debug][gc,phases      ] GC(184)     Dead                           Min: 0, Avg:  0.0, Max: 0, Diff: 0, Sum: 0, Workers: 4
[2653.075s][debug][gc,phases      ] GC(184)     Total                          Min: 0, Avg: 2283.8, Max: 3890, Diff: 3890, Sum: 9135, Workers: 4
[2653.075s][debug][gc,phases      ] GC(184)   JNI Weak                       Min:  0.0, Avg:  0.0, Max:  0.0, Diff:  0.0, Sum:  0.0, Workers: 4
[2653.075s][debug][gc,phases      ] GC(184)     Dead                           Min: 0, Avg:  0.0, Max: 0, Diff: 0, Sum: 0, Workers: 4
[2653.075s][debug][gc,phases      ] GC(184)     Total                          Min: 0, Avg: 11.2, Max: 45, Diff: 45, Sum: 45, Workers: 4
[2653.075s][debug][gc,phases      ] GC(184)   StringDedup Table Weak         Min:  0.0, Avg:  0.0, Max:  0.0, Diff:  0.0, Sum:  0.0, Workers: 4
[2653.075s][debug][gc,phases      ] GC(184)     Dead                           Min: 0, Avg:  0.0, Max: 0, Diff: 0, Sum: 0, Workers: 4
[2653.075s][debug][gc,phases      ] GC(184)     Total                          Min: 0, Avg:  0.0, Max: 0, Diff: 0, Sum: 0, Workers: 4
[2653.075s][debug][gc,phases      ] GC(184)   StringDedup Requests0 Weak     Min:  0.0, Avg:  0.0, Max:  0.0, Diff:  0.0, Sum:  0.0, Workers: 4
[2653.075s][debug][gc,phases      ] GC(184)     Dead                           Min: 0, Avg:  0.0, Max: 0, Diff: 0, Sum: 0, Workers: 4
[2653.075s][debug][gc,phases      ] GC(184)     Total                          Min: 0, Avg:  0.0, Max: 0, Diff: 0, Sum: 0, Workers: 4
[2653.075s][debug][gc,phases      ] GC(184)   StringDedup Requests1 Weak     Min:  0.0, Avg:  0.0, Max:  0.0, Diff:  0.0, Sum:  0.0, Workers: 4
[2653.075s][debug][gc,phases      ] GC(184)     Dead                           Min: 0, Avg:  0.0, Max: 0, Diff: 0, Sum: 0, Workers: 4
[2653.075s][debug][gc,phases      ] GC(184)     Total                          Min: 0, Avg:  0.0, Max: 0, Diff: 0, Sum: 0, Workers: 4
[2653.075s][debug][gc,phases      ] GC(184)   Weak JFR Old Object Samples    Min:  0.0, Avg:  0.0, Max:  0.0, Diff:  0.0, Sum:  0.0, Workers: 4
[2653.075s][debug][gc,phases      ] GC(184)     Dead                           Min: 0, Avg:  0.0, Max: 0, Diff: 0, Sum: 0, Workers: 4
[2653.075s][debug][gc,phases      ] GC(184)     Total                          Min: 0, Avg:  0.0, Max: 0, Diff: 0, Sum: 0, Workers: 4
[2653.075s][debug][gc,phases      ] GC(184) Weak Processing 0.352ms
[2653.075s][debug][gc,age         ] GC(184) Desired survivor size 524288 bytes, new threshold 15 (max threshold 15)
[2653.075s][info ][gc,heap        ] GC(184) PSYoungGen: 2096256K(2096640K)->160K(2096640K) Eden: 2096128K(2096128K)->0K(2096128K) From: 128K(512K)->160K(512K)
[2653.075s][info ][gc,heap        ] GC(184) ParOldGen: 236262K(324096K)->236270K(324096K)
[2653.075s][info ][gc,metaspace   ] GC(184) Metaspace: 80158K(81024K)->80158K(81024K) NonClass: 68431K(68864K)->68431K(68864K) Class: 11727K(12160K)->11727K(12160K)
[2653.075s][info ][gc             ] GC(184) Pause Young (Allocation Failure) 2277M->230M(2364M) 2.535ms
[2653.075s][info ][gc,cpu         ] GC(184) User=0.00s Sys=0.00s Real=0.00s
[2653.075s][info ][safepoint      ] Safepoint "ParallelGCFailedAllocation", Time since last: 16445339362 ns, Reaching safepoint: 3800 ns, Cleanup: 43300 ns, At safepoint: 2619512 ns, Total: 2666612 ns
[2669.473s][info ][gc,start       ] GC(185) Pause Young (Allocation Failure)
[2669.475s][debug][gc,phases      ] GC(185) Scavenge 1.533ms
[2669.475s][debug][gc,ref         ] GC(185) Skipped phase 1 of Reference Processing: no references
[2669.475s][debug][gc,ref         ] GC(185) Skipped phase 2 of Reference Processing: no references
[2669.475s][debug][gc,ref         ] GC(185) Skipped phase 3 of Reference Processing: no references
[2669.475s][debug][gc,ref         ] GC(185) ReferenceProcessor::execute queues: 1, RefProcThreadModel::Single, marks_oops_alive: false
[2669.475s][debug][gc,phases      ] GC(185) Reference Processing 0.096ms
[2669.475s][debug][gc,phases      ] GC(185)   VM Weak                        Min:  0.0, Avg:  0.0, Max:  0.0, Diff:  0.0, Sum:  0.0, Workers: 4
[2669.475s][debug][gc,phases      ] GC(185)     Dead                           Min: 0, Avg:  0.0, Max: 0, Diff: 0, Sum: 0, Workers: 4
[2669.475s][debug][gc,phases      ] GC(185)     Total                          Min: 0, Avg: 172.8, Max: 371, Diff: 371, Sum: 691, Workers: 4
[2669.475s][debug][gc,phases      ] GC(185)   ObjectSynchronizer Weak        Min:  0.0, Avg:  0.0, Max:  0.0, Diff:  0.0, Sum:  0.0, Workers: 4
[2669.475s][debug][gc,phases      ] GC(185)     Dead                           Min: 0, Avg:  0.0, Max: 0, Diff: 0, Sum: 0, Workers: 4
[2669.475s][debug][gc,phases      ] GC(185)     Total                          Min: 0, Avg:  1.0, Max: 4, Diff: 4, Sum: 4, Workers: 4
[2669.475s][debug][gc,phases      ] GC(185)   JVMTI Tag Weak OopStorage      Min:  0.0, Avg:  0.0, Max:  0.0, Diff:  0.0, Sum:  0.0, Workers: 4
[2669.475s][debug][gc,phases      ] GC(185)     Dead                           Min: 0, Avg:  0.0, Max: 0, Diff: 0, Sum: 0, Workers: 4
[2669.475s][debug][gc,phases      ] GC(185)     Total                          Min: 0, Avg:  0.0, Max: 0, Diff: 0, Sum: 0, Workers: 4
[2669.475s][debug][gc,phases      ] GC(185)   StringTable Weak               Min:  0.1, Avg:  0.1, Max:  0.1, Diff:  0.0, Sum:  0.4, Workers: 4
[2669.475s][debug][gc,phases      ] GC(185)     Dead                           Min: 0, Avg:  0.0, Max: 0, Diff: 0, Sum: 0, Workers: 4
[2669.475s][debug][gc,phases      ] GC(185)     Total                          Min: 10241, Avg: 10704.2, Max: 10944, Diff: 703, Sum: 42817, Workers: 4
[2669.475s][debug][gc,phases      ] GC(185)   ResolvedMethodTable Weak       Min:  0.0, Avg:  0.0, Max:  0.0, Diff:  0.0, Sum:  0.1, Workers: 4
[2669.475s][debug][gc,phases      ] GC(185)     Dead                           Min: 0, Avg:  0.0, Max: 0, Diff: 0, Sum: 0, Workers: 4
[2669.475s][debug][gc,phases      ] GC(185)     Total                          Min: 2171, Avg: 2283.8, Max: 2388, Diff: 217, Sum: 9135, Workers: 4
[2669.475s][debug][gc,phases      ] GC(185)   JNI Weak                       Min:  0.0, Avg:  0.0, Max:  0.0, Diff:  0.0, Sum:  0.0, Workers: 4
[2669.475s][debug][gc,phases      ] GC(185)     Dead                           Min: 0, Avg:  0.0, Max: 0, Diff: 0, Sum: 0, Workers: 4
[2669.475s][debug][gc,phases      ] GC(185)     Total                          Min: 0, Avg: 11.2, Max: 45, Diff: 45, Sum: 45, Workers: 4
[2669.475s][debug][gc,phases      ] GC(185)   StringDedup Table Weak         Min:  0.0, Avg:  0.0, Max:  0.0, Diff:  0.0, Sum:  0.0, Workers: 4
[2669.475s][debug][gc,phases      ] GC(185)     Dead                           Min: 0, Avg:  0.0, Max: 0, Diff: 0, Sum: 0, Workers: 4
[2669.475s][debug][gc,phases      ] GC(185)     Total                          Min: 0, Avg:  0.0, Max: 0, Diff: 0, Sum: 0, Workers: 4
[2669.475s][debug][gc,phases      ] GC(185)   StringDedup Requests0 Weak     Min:  0.0, Avg:  0.0, Max:  0.0, Diff:  0.0, Sum:  0.0, Workers: 4
[2669.475s][debug][gc,phases      ] GC(185)     Dead                           Min: 0, Avg:  0.0, Max: 0, Diff: 0, Sum: 0, Workers: 4
[2669.475s][debug][gc,phases      ] GC(185)     Total                          Min: 0, Avg:  0.0, Max: 0, Diff: 0, Sum: 0, Workers: 4
[2669.475s][debug][gc,phases      ] GC(185)   StringDedup Requests1 Weak     Min:  0.0, Avg:  0.0, Max:  0.0, Diff:  0.0, Sum:  0.0, Workers: 4
[2669.475s][debug][gc,phases      ] GC(185)     Dead                           Min: 0, Avg:  0.0, Max: 0, Diff: 0, Sum: 0, Workers: 4
[2669.475s][debug][gc,phases      ] GC(185)     Total                          Min: 0, Avg:  0.0, Max: 0, Diff: 0, Sum: 0, Workers: 4
[2669.475s][debug][gc,phases      ] GC(185)   Weak JFR Old Object Samples    Min:  0.0, Avg:  0.0, Max:  0.0, Diff:  0.0, Sum:  0.0, Workers: 4
[2669.475s][debug][gc,phases      ] GC(185)     Dead                           Min: 0, Avg:  0.0, Max: 0, Diff: 0, Sum: 0, Workers: 4
[2669.475s][debug][gc,phases      ] GC(185)     Total                          Min: 0, Avg:  0.0, Max: 0, Diff: 0, Sum: 0, Workers: 4
[2669.475s][debug][gc,phases      ] GC(185) Weak Processing 0.302ms
[2669.475s][debug][gc,age         ] GC(185) Desired survivor size 524288 bytes, new threshold 15 (max threshold 15)
[2669.475s][info ][gc,heap        ] GC(185) PSYoungGen: 2096288K(2096640K)->128K(2096640K) Eden: 2096128K(2096128K)->0K(2096128K) From: 160K(512K)->128K(512K)
[2669.475s][info ][gc,heap        ] GC(185) ParOldGen: 236270K(324096K)->236294K(324096K)
[2669.475s][info ][gc,metaspace   ] GC(185) Metaspace: 80158K(81024K)->80158K(81024K) NonClass: 68431K(68864K)->68431K(68864K) Class: 11727K(12160K)->11727K(12160K)
[2669.475s][info ][gc             ] GC(185) Pause Young (Allocation Failure) 2277M->230M(2364M) 2.023ms
[2669.475s][info ][gc,cpu         ] GC(185) User=0.01s Sys=0.00s Real=0.00s
[2669.475s][info ][safepoint      ] Safepoint "ParallelGCFailedAllocation", Time since last: 16397913523 ns, Reaching safepoint: 3600 ns, Cleanup: 45901 ns, At safepoint: 2086209 ns, Total: 2135710 ns
[2685.875s][info ][gc,start       ] GC(186) Pause Young (Allocation Failure)
[2685.877s][debug][gc,phases      ] GC(186) Scavenge 2.093ms
[2685.877s][debug][gc,ref         ] GC(186) Skipped phase 1 of Reference Processing: no references
[2685.877s][debug][gc,ref         ] GC(186) Skipped phase 2 of Reference Processing: no references
[2685.877s][debug][gc,ref         ] GC(186) Skipped phase 3 of Reference Processing: no references
[2685.877s][debug][gc,ref         ] GC(186) ReferenceProcessor::execute queues: 1, RefProcThreadModel::Single, marks_oops_alive: false
[2685.877s][debug][gc,phases      ] GC(186) Reference Processing 0.110ms
[2685.877s][debug][gc,phases      ] GC(186)   VM Weak                        Min:  0.0, Avg:  0.0, Max:  0.0, Diff:  0.0, Sum:  0.0, Workers: 4
[2685.877s][debug][gc,phases      ] GC(186)     Dead                           Min: 0, Avg:  0.0, Max: 0, Diff: 0, Sum: 0, Workers: 4
[2685.877s][debug][gc,phases      ] GC(186)     Total                          Min: 0, Avg: 172.8, Max: 576, Diff: 576, Sum: 691, Workers: 4
[2685.877s][debug][gc,phases      ] GC(186)   ObjectSynchronizer Weak        Min:  0.0, Avg:  0.0, Max:  0.0, Diff:  0.0, Sum:  0.0, Workers: 4
[2685.877s][debug][gc,phases      ] GC(186)     Dead                           Min: 0, Avg:  0.0, Max: 0, Diff: 0, Sum: 0, Workers: 4
[2685.877s][debug][gc,phases      ] GC(186)     Total                          Min: 0, Avg:  1.0, Max: 4, Diff: 4, Sum: 4, Workers: 4
[2685.877s][debug][gc,phases      ] GC(186)   JVMTI Tag Weak OopStorage      Min:  0.0, Avg:  0.0, Max:  0.0, Diff:  0.0, Sum:  0.0, Workers: 4
[2685.877s][debug][gc,phases      ] GC(186)     Dead                           Min: 0, Avg:  0.0, Max: 0, Diff: 0, Sum: 0, Workers: 4
[2685.877s][debug][gc,phases      ] GC(186)     Total                          Min: 0, Avg:  0.0, Max: 0, Diff: 0, Sum: 0, Workers: 4
[2685.877s][debug][gc,phases      ] GC(186)   StringTable Weak               Min:  0.0, Avg:  0.1, Max:  0.1, Diff:  0.1, Sum:  0.4, Workers: 4
[2685.877s][debug][gc,phases      ] GC(186)     Dead                           Min: 0, Avg:  0.0, Max: 0, Diff: 0, Sum: 0, Workers: 4
[2685.877s][debug][gc,phases      ] GC(186)     Total                          Min: 0, Avg: 10704.2, Max: 19393, Diff: 19393, Sum: 42817, Workers: 4
[2685.877s][debug][gc,phases      ] GC(186)   ResolvedMethodTable Weak       Min:  0.0, Avg:  0.0, Max:  0.0, Diff:  0.0, Sum:  0.1, Workers: 4
[2685.877s][debug][gc,phases      ] GC(186)     Dead                           Min: 0, Avg:  0.0, Max: 0, Diff: 0, Sum: 0, Workers: 4
[2685.877s][debug][gc,phases      ] GC(186)     Total                          Min: 0, Avg: 2283.8, Max: 3607, Diff: 3607, Sum: 9135, Workers: 4
[2685.877s][debug][gc,phases      ] GC(186)   JNI Weak                       Min:  0.0, Avg:  0.0, Max:  0.0, Diff:  0.0, Sum:  0.0, Workers: 4
[2685.877s][debug][gc,phases      ] GC(186)     Dead                           Min: 0, Avg:  0.0, Max: 0, Diff: 0, Sum: 0, Workers: 4
[2685.877s][debug][gc,phases      ] GC(186)     Total                          Min: 0, Avg: 11.2, Max: 45, Diff: 45, Sum: 45, Workers: 4
[2685.877s][debug][gc,phases      ] GC(186)   StringDedup Table Weak         Min:  0.0, Avg:  0.0, Max:  0.0, Diff:  0.0, Sum:  0.0, Workers: 4
[2685.877s][debug][gc,phases      ] GC(186)     Dead                           Min: 0, Avg:  0.0, Max: 0, Diff: 0, Sum: 0, Workers: 4
[2685.877s][debug][gc,phases      ] GC(186)     Total                          Min: 0, Avg:  0.0, Max: 0, Diff: 0, Sum: 0, Workers: 4
[2685.877s][debug][gc,phases      ] GC(186)   StringDedup Requests0 Weak     Min:  0.0, Avg:  0.0, Max:  0.0, Diff:  0.0, Sum:  0.0, Workers: 4
[2685.877s][debug][gc,phases      ] GC(186)     Dead                           Min: 0, Avg:  0.0, Max: 0, Diff: 0, Sum: 0, Workers: 4
[2685.878s][debug][gc,phases      ] GC(186)     Total                          Min: 0, Avg:  0.0, Max: 0, Diff: 0, Sum: 0, Workers: 4
[2685.878s][debug][gc,phases      ] GC(186)   StringDedup Requests1 Weak     Min:  0.0, Avg:  0.0, Max:  0.0, Diff:  0.0, Sum:  0.0, Workers: 4
[2685.878s][debug][gc,phases      ] GC(186)     Dead                           Min: 0, Avg:  0.0, Max: 0, Diff: 0, Sum: 0, Workers: 4
[2685.878s][debug][gc,phases      ] GC(186)     Total                          Min: 0, Avg:  0.0, Max: 0, Diff: 0, Sum: 0, Workers: 4
[2685.878s][debug][gc,phases      ] GC(186)   Weak JFR Old Object Samples    Min:  0.0, Avg:  0.0, Max:  0.0, Diff:  0.0, Sum:  0.0, Workers: 4
[2685.878s][debug][gc,phases      ] GC(186)     Dead                           Min: 0, Avg:  0.0, Max: 0, Diff: 0, Sum: 0, Workers: 4
[2685.878s][debug][gc,phases      ] GC(186)     Total                          Min: 0, Avg:  0.0, Max: 0, Diff: 0, Sum: 0, Workers: 4
[2685.878s][debug][gc,phases      ] GC(186) Weak Processing 0.346ms
[2685.878s][debug][gc,age         ] GC(186) Desired survivor size 524288 bytes, new threshold 15 (max threshold 15)
[2685.878s][info ][gc,heap        ] GC(186) PSYoungGen: 2096256K(2096640K)->192K(2096640K) Eden: 2096128K(2096128K)->0K(2096128K) From: 128K(512K)->192K(512K)
[2685.878s][info ][gc,heap        ] GC(186) ParOldGen: 236294K(324096K)->236294K(324096K)
[2685.878s][info ][gc,metaspace   ] GC(186) Metaspace: 80158K(81024K)->80158K(81024K) NonClass: 68431K(68864K)->68431K(68864K) Class: 11727K(12160K)->11727K(12160K)
[2685.878s][info ][gc             ] GC(186) Pause Young (Allocation Failure) 2277M->230M(2364M) 2.636ms
[2685.878s][info ][gc,cpu         ] GC(186) User=0.01s Sys=0.00s Real=0.00s
[2685.878s][info ][safepoint      ] Safepoint "ParallelGCFailedAllocation", Time since last: 16399657532 ns, Reaching safepoint: 3800 ns, Cleanup: 42300 ns, At safepoint: 2716210 ns, Total: 2762310 ns
[2702.322s][info ][gc,start       ] GC(187) Pause Young (Allocation Failure)
[2702.324s][debug][gc,phases      ] GC(187) Scavenge 1.989ms
[2702.324s][debug][gc,ref         ] GC(187) Skipped phase 1 of Reference Processing: no references
[2702.324s][debug][gc,ref         ] GC(187) Skipped phase 2 of Reference Processing: no references
[2702.324s][debug][gc,ref         ] GC(187) Skipped phase 3 of Reference Processing: no references
[2702.324s][debug][gc,ref         ] GC(187) ReferenceProcessor::execute queues: 1, RefProcThreadModel::Single, marks_oops_alive: false
[2702.324s][debug][gc,phases      ] GC(187) Reference Processing 0.099ms
[2702.325s][debug][gc,phases      ] GC(187)   VM Weak                        Min:  0.0, Avg:  0.0, Max:  0.0, Diff:  0.0, Sum:  0.0, Workers: 4
[2702.325s][debug][gc,phases      ] GC(187)     Dead                           Min: 0, Avg:  0.0, Max: 0, Diff: 0, Sum: 0, Workers: 4
[2702.325s][debug][gc,phases      ] GC(187)     Total                          Min: 0, Avg: 172.8, Max: 512, Diff: 512, Sum: 691, Workers: 4
[2702.325s][debug][gc,phases      ] GC(187)   ObjectSynchronizer Weak        Min:  0.0, Avg:  0.0, Max:  0.0, Diff:  0.0, Sum:  0.0, Workers: 4
[2702.325s][debug][gc,phases      ] GC(187)     Dead                           Min: 0, Avg:  0.0, Max: 0, Diff: 0, Sum: 0, Workers: 4
[2702.325s][debug][gc,phases      ] GC(187)     Total                          Min: 0, Avg:  1.0, Max: 4, Diff: 4, Sum: 4, Workers: 4
[2702.325s][debug][gc,phases      ] GC(187)   JVMTI Tag Weak OopStorage      Min:  0.0, Avg:  0.0, Max:  0.0, Diff:  0.0, Sum:  0.0, Workers: 4
[2702.325s][debug][gc,phases      ] GC(187)     Dead                           Min: 0, Avg:  0.0, Max: 0, Diff: 0, Sum: 0, Workers: 4
[2702.325s][debug][gc,phases      ] GC(187)     Total                          Min: 0, Avg:  0.0, Max: 0, Diff: 0, Sum: 0, Workers: 4
[2702.325s][debug][gc,phases      ] GC(187)   StringTable Weak               Min:  0.0, Avg:  0.1, Max:  0.1, Diff:  0.1, Sum:  0.4, Workers: 4
[2702.325s][debug][gc,phases      ] GC(187)     Dead                           Min: 0, Avg:  0.0, Max: 0, Diff: 0, Sum: 0, Workers: 4
[2702.325s][debug][gc,phases      ] GC(187)     Total                          Min: 0, Avg: 10704.2, Max: 19328, Diff: 19328, Sum: 42817, Workers: 4
[2702.325s][debug][gc,phases      ] GC(187)   ResolvedMethodTable Weak       Min:  0.0, Avg:  0.0, Max:  0.0, Diff:  0.0, Sum:  0.1, Workers: 4
[2702.325s][debug][gc,phases      ] GC(187)     Dead                           Min: 0, Avg:  0.0, Max: 0, Diff: 0, Sum: 0, Workers: 4
[2702.325s][debug][gc,phases      ] GC(187)     Total                          Min: 0, Avg: 2283.8, Max: 3184, Diff: 3184, Sum: 9135, Workers: 4
[2702.325s][debug][gc,phases      ] GC(187)   JNI Weak                       Min:  0.0, Avg:  0.0, Max:  0.0, Diff:  0.0, Sum:  0.0, Workers: 4
[2702.325s][debug][gc,phases      ] GC(187)     Dead                           Min: 0, Avg:  0.0, Max: 0, Diff: 0, Sum: 0, Workers: 4
[2702.325s][debug][gc,phases      ] GC(187)     Total                          Min: 0, Avg: 11.2, Max: 45, Diff: 45, Sum: 45, Workers: 4
[2702.325s][debug][gc,phases      ] GC(187)   StringDedup Table Weak         Min:  0.0, Avg:  0.0, Max:  0.0, Diff:  0.0, Sum:  0.0, Workers: 4
[2702.325s][debug][gc,phases      ] GC(187)     Dead                           Min: 0, Avg:  0.0, Max: 0, Diff: 0, Sum: 0, Workers: 4
[2702.325s][debug][gc,phases      ] GC(187)     Total                          Min: 0, Avg:  0.0, Max: 0, Diff: 0, Sum: 0, Workers: 4
[2702.325s][debug][gc,phases      ] GC(187)   StringDedup Requests0 Weak     Min:  0.0, Avg:  0.0, Max:  0.0, Diff:  0.0, Sum:  0.0, Workers: 4
[2702.325s][debug][gc,phases      ] GC(187)     Dead                           Min: 0, Avg:  0.0, Max: 0, Diff: 0, Sum: 0, Workers: 4
[2702.325s][debug][gc,phases      ] GC(187)     Total                          Min: 0, Avg:  0.0, Max: 0, Diff: 0, Sum: 0, Workers: 4
[2702.325s][debug][gc,phases      ] GC(187)   StringDedup Requests1 Weak     Min:  0.0, Avg:  0.0, Max:  0.0, Diff:  0.0, Sum:  0.0, Workers: 4
[2702.325s][debug][gc,phases      ] GC(187)     Dead                           Min: 0, Avg:  0.0, Max: 0, Diff: 0, Sum: 0, Workers: 4
[2702.325s][debug][gc,phases      ] GC(187)     Total                          Min: 0, Avg:  0.0, Max: 0, Diff: 0, Sum: 0, Workers: 4
[2702.325s][debug][gc,phases      ] GC(187)   Weak JFR Old Object Samples    Min:  0.0, Avg:  0.0, Max:  0.0, Diff:  0.0, Sum:  0.0, Workers: 4
[2702.325s][debug][gc,phases      ] GC(187)     Dead                           Min: 0, Avg:  0.0, Max: 0, Diff: 0, Sum: 0, Workers: 4
[2702.325s][debug][gc,phases      ] GC(187)     Total                          Min: 0, Avg:  0.0, Max: 0, Diff: 0, Sum: 0, Workers: 4
[2702.325s][debug][gc,phases      ] GC(187) Weak Processing 0.350ms
[2702.325s][debug][gc,age         ] GC(187) Desired survivor size 524288 bytes, new threshold 15 (max threshold 15)
[2702.325s][info ][gc,heap        ] GC(187) PSYoungGen: 2096320K(2096640K)->128K(2096640K) Eden: 2096128K(2096128K)->0K(2096128K) From: 192K(512K)->128K(512K)
[2702.325s][info ][gc,heap        ] GC(187) ParOldGen: 236294K(324096K)->236302K(324096K)
[2702.325s][info ][gc,metaspace   ] GC(187) Metaspace: 80158K(81024K)->80158K(81024K) NonClass: 68431K(68864K)->68431K(68864K) Class: 11727K(12160K)->11727K(12160K)
[2702.325s][info ][gc             ] GC(187) Pause Young (Allocation Failure) 2277M->230M(2364M) 2.540ms
[2702.325s][info ][gc,cpu         ] GC(187) User=0.00s Sys=0.00s Real=0.00s
[2702.325s][info ][safepoint      ] Safepoint "ParallelGCFailedAllocation", Time since last: 16444633198 ns, Reaching safepoint: 3700 ns, Cleanup: 23500 ns, At safepoint: 2596711 ns, Total: 2623911 ns
[2713.326s][info ][safepoint      ] Safepoint "Cleanup", Time since last: 11000741877 ns, Reaching safepoint: 72600 ns, Cleanup: 50000 ns, At safepoint: 6000 ns, Total: 128600 ns
[2718.372s][info ][gc,start       ] GC(188) Pause Young (Allocation Failure)
[2718.374s][debug][gc,phases      ] GC(188) Scavenge 1.289ms
[2718.374s][debug][gc,ref         ] GC(188) Skipped phase 1 of Reference Processing: no references
[2718.374s][debug][gc,ref         ] GC(188) Skipped phase 2 of Reference Processing: no references
[2718.374s][debug][gc,ref         ] GC(188) Skipped phase 3 of Reference Processing: no references
[2718.374s][debug][gc,ref         ] GC(188) ReferenceProcessor::execute queues: 1, RefProcThreadModel::Single, marks_oops_alive: false
[2718.374s][debug][gc,phases      ] GC(188) Reference Processing 0.114ms
[2718.374s][debug][gc,phases      ] GC(188)   VM Weak                        Min:  0.0, Avg:  0.0, Max:  0.0, Diff:  0.0, Sum:  0.0, Workers: 4
[2718.374s][debug][gc,phases      ] GC(188)     Dead                           Min: 0, Avg:  0.0, Max: 0, Diff: 0, Sum: 0, Workers: 4
[2718.374s][debug][gc,phases      ] GC(188)     Total                          Min: 0, Avg: 172.8, Max: 512, Diff: 512, Sum: 691, Workers: 4
[2718.374s][debug][gc,phases      ] GC(188)   ObjectSynchronizer Weak        Min:  0.0, Avg:  0.0, Max:  0.0, Diff:  0.0, Sum:  0.0, Workers: 4
[2718.374s][debug][gc,phases      ] GC(188)     Dead                           Min: 0, Avg:  0.0, Max: 0, Diff: 0, Sum: 0, Workers: 4
[2718.374s][debug][gc,phases      ] GC(188)     Total                          Min: 0, Avg:  1.0, Max: 4, Diff: 4, Sum: 4, Workers: 4
[2718.374s][debug][gc,phases      ] GC(188)   JVMTI Tag Weak OopStorage      Min:  0.0, Avg:  0.0, Max:  0.0, Diff:  0.0, Sum:  0.0, Workers: 4
[2718.374s][debug][gc,phases      ] GC(188)     Dead                           Min: 0, Avg:  0.0, Max: 0, Diff: 0, Sum: 0, Workers: 4
[2718.374s][debug][gc,phases      ] GC(188)     Total                          Min: 0, Avg:  0.0, Max: 0, Diff: 0, Sum: 0, Workers: 4
[2718.374s][debug][gc,phases      ] GC(188)   StringTable Weak               Min:  0.0, Avg:  0.1, Max:  0.1, Diff:  0.1, Sum:  0.4, Workers: 4
[2718.374s][debug][gc,phases      ] GC(188)     Dead                           Min: 0, Avg:  0.0, Max: 0, Diff: 0, Sum: 0, Workers: 4
[2718.374s][debug][gc,phases      ] GC(188)     Total                          Min: 0, Avg: 10708.0, Max: 18192, Diff: 18192, Sum: 42832, Workers: 4
[2718.374s][debug][gc,phases      ] GC(188)   ResolvedMethodTable Weak       Min:  0.0, Avg:  0.0, Max:  0.0, Diff:  0.0, Sum:  0.1, Workers: 4
[2718.374s][debug][gc,phases      ] GC(188)     Dead                           Min: 0, Avg:  0.0, Max: 0, Diff: 0, Sum: 0, Workers: 4
[2718.374s][debug][gc,phases      ] GC(188)     Total                          Min: 0, Avg: 2283.8, Max: 4052, Diff: 4052, Sum: 9135, Workers: 4
[2718.374s][debug][gc,phases      ] GC(188)   JNI Weak                       Min:  0.0, Avg:  0.0, Max:  0.0, Diff:  0.0, Sum:  0.0, Workers: 4
[2718.374s][debug][gc,phases      ] GC(188)     Dead                           Min: 0, Avg:  0.0, Max: 0, Diff: 0, Sum: 0, Workers: 4
[2718.374s][debug][gc,phases      ] GC(188)     Total                          Min: 0, Avg: 11.2, Max: 45, Diff: 45, Sum: 45, Workers: 4
[2718.374s][debug][gc,phases      ] GC(188)   StringDedup Table Weak         Min:  0.0, Avg:  0.0, Max:  0.0, Diff:  0.0, Sum:  0.0, Workers: 4
[2718.374s][debug][gc,phases      ] GC(188)     Dead                           Min: 0, Avg:  0.0, Max: 0, Diff: 0, Sum: 0, Workers: 4
[2718.374s][debug][gc,phases      ] GC(188)     Total                          Min: 0, Avg:  0.0, Max: 0, Diff: 0, Sum: 0, Workers: 4
[2718.374s][debug][gc,phases      ] GC(188)   StringDedup Requests0 Weak     Min:  0.0, Avg:  0.0, Max:  0.0, Diff:  0.0, Sum:  0.0, Workers: 4
[2718.374s][debug][gc,phases      ] GC(188)     Dead                           Min: 0, Avg:  0.0, Max: 0, Diff: 0, Sum: 0, Workers: 4
[2718.374s][debug][gc,phases      ] GC(188)     Total                          Min: 0, Avg:  0.0, Max: 0, Diff: 0, Sum: 0, Workers: 4
[2718.374s][debug][gc,phases      ] GC(188)   StringDedup Requests1 Weak     Min:  0.0, Avg:  0.0, Max:  0.0, Diff:  0.0, Sum:  0.0, Workers: 4
[2718.374s][debug][gc,phases      ] GC(188)     Dead                           Min: 0, Avg:  0.0, Max: 0, Diff: 0, Sum: 0, Workers: 4
[2718.374s][debug][gc,phases      ] GC(188)     Total                          Min: 0, Avg:  0.0, Max: 0, Diff: 0, Sum: 0, Workers: 4
[2718.374s][debug][gc,phases      ] GC(188)   Weak JFR Old Object Samples    Min:  0.0, Avg:  0.0, Max:  0.0, Diff:  0.0, Sum:  0.0, Workers: 4
[2718.374s][debug][gc,phases      ] GC(188)     Dead                           Min: 0, Avg:  0.0, Max: 0, Diff: 0, Sum: 0, Workers: 4
[2718.374s][debug][gc,phases      ] GC(188)     Total                          Min: 0, Avg:  0.0, Max: 0, Diff: 0, Sum: 0, Workers: 4
[2718.374s][debug][gc,phases      ] GC(188) Weak Processing 0.365ms
[2718.374s][debug][gc,age         ] GC(188) Desired survivor size 524288 bytes, new threshold 15 (max threshold 15)
[2718.374s][info ][gc,heap        ] GC(188) PSYoungGen: 2096256K(2096640K)->128K(2096640K) Eden: 2096128K(2096128K)->0K(2096128K) From: 128K(512K)->128K(512K)
[2718.374s][info ][gc,heap        ] GC(188) ParOldGen: 236302K(324096K)->236310K(324096K)
[2718.374s][info ][gc,metaspace   ] GC(188) Metaspace: 80159K(81024K)->80159K(81024K) NonClass: 68432K(68864K)->68432K(68864K) Class: 11727K(12160K)->11727K(12160K)
[2718.374s][info ][gc             ] GC(188) Pause Young (Allocation Failure) 2277M->230M(2364M) 1.887ms
[2718.374s][info ][gc,cpu         ] GC(188) User=0.00s Sys=0.00s Real=0.00s
[2718.374s][info ][safepoint      ] Safepoint "ParallelGCFailedAllocation", Time since last: 5046322064 ns, Reaching safepoint: 75801 ns, Cleanup: 32300 ns, At safepoint: 1963208 ns, Total: 2071309 ns
[2734.774s][info ][gc,start       ] GC(189) Pause Young (Allocation Failure)
[2734.776s][debug][gc,phases      ] GC(189) Scavenge 2.330ms
[2734.776s][debug][gc,ref         ] GC(189) Skipped phase 1 of Reference Processing: no references
[2734.776s][debug][gc,ref         ] GC(189) Skipped phase 2 of Reference Processing: no references
[2734.776s][debug][gc,ref         ] GC(189) Skipped phase 3 of Reference Processing: no references
[2734.776s][debug][gc,ref         ] GC(189) Skipped phase 4 of Reference Processing: no references
[2734.776s][debug][gc,phases      ] GC(189) Reference Processing 0.020ms
[2734.776s][debug][gc,phases      ] GC(189)   VM Weak                        Min:  0.0, Avg:  0.0, Max:  0.0, Diff:  0.0, Sum:  0.0, Workers: 4
[2734.776s][debug][gc,phases      ] GC(189)     Dead                           Min: 0, Avg:  0.0, Max: 0, Diff: 0, Sum: 0, Workers: 4
[2734.776s][debug][gc,phases      ] GC(189)     Total                          Min: 0, Avg: 172.8, Max: 563, Diff: 563, Sum: 691, Workers: 4
[2734.776s][debug][gc,phases      ] GC(189)   ObjectSynchronizer Weak        Min:  0.0, Avg:  0.0, Max:  0.0, Diff:  0.0, Sum:  0.0, Workers: 4
[2734.776s][debug][gc,phases      ] GC(189)     Dead                           Min: 0, Avg:  0.0, Max: 0, Diff: 0, Sum: 0, Workers: 4
[2734.776s][debug][gc,phases      ] GC(189)     Total                          Min: 0, Avg:  1.0, Max: 4, Diff: 4, Sum: 4, Workers: 4
[2734.776s][debug][gc,phases      ] GC(189)   JVMTI Tag Weak OopStorage      Min:  0.0, Avg:  0.0, Max:  0.0, Diff:  0.0, Sum:  0.0, Workers: 4
[2734.776s][debug][gc,phases      ] GC(189)     Dead                           Min: 0, Avg:  0.0, Max: 0, Diff: 0, Sum: 0, Workers: 4
[2734.776s][debug][gc,phases      ] GC(189)     Total                          Min: 0, Avg:  0.0, Max: 0, Diff: 0, Sum: 0, Workers: 4
[2734.776s][debug][gc,phases      ] GC(189)   StringTable Weak               Min:  0.0, Avg:  0.1, Max:  0.1, Diff:  0.1, Sum:  0.4, Workers: 4
[2734.776s][debug][gc,phases      ] GC(189)     Dead                           Min: 0, Avg:  0.0, Max: 0, Diff: 0, Sum: 0, Workers: 4
[2734.776s][debug][gc,phases      ] GC(189)     Total                          Min: 0, Avg: 10708.0, Max: 17088, Diff: 17088, Sum: 42832, Workers: 4
[2734.776s][debug][gc,phases      ] GC(189)   ResolvedMethodTable Weak       Min:  0.0, Avg:  0.0, Max:  0.0, Diff:  0.0, Sum:  0.1, Workers: 4
[2734.776s][debug][gc,phases      ] GC(189)     Dead                           Min: 0, Avg:  0.0, Max: 0, Diff: 0, Sum: 0, Workers: 4
[2734.776s][debug][gc,phases      ] GC(189)     Total                          Min: 0, Avg: 2283.8, Max: 4042, Diff: 4042, Sum: 9135, Workers: 4
[2734.776s][debug][gc,phases      ] GC(189)   JNI Weak                       Min:  0.0, Avg:  0.0, Max:  0.0, Diff:  0.0, Sum:  0.0, Workers: 4
[2734.776s][debug][gc,phases      ] GC(189)     Dead                           Min: 0, Avg:  0.0, Max: 0, Diff: 0, Sum: 0, Workers: 4
[2734.776s][debug][gc,phases      ] GC(189)     Total                          Min: 0, Avg: 11.2, Max: 45, Diff: 45, Sum: 45, Workers: 4
[2734.776s][debug][gc,phases      ] GC(189)   StringDedup Table Weak         Min:  0.0, Avg:  0.0, Max:  0.0, Diff:  0.0, Sum:  0.0, Workers: 4
[2734.776s][debug][gc,phases      ] GC(189)     Dead                           Min: 0, Avg:  0.0, Max: 0, Diff: 0, Sum: 0, Workers: 4
[2734.776s][debug][gc,phases      ] GC(189)     Total                          Min: 0, Avg:  0.0, Max: 0, Diff: 0, Sum: 0, Workers: 4
[2734.776s][debug][gc,phases      ] GC(189)   StringDedup Requests0 Weak     Min:  0.0, Avg:  0.0, Max:  0.0, Diff:  0.0, Sum:  0.0, Workers: 4
[2734.776s][debug][gc,phases      ] GC(189)     Dead                           Min: 0, Avg:  0.0, Max: 0, Diff: 0, Sum: 0, Workers: 4
[2734.776s][debug][gc,phases      ] GC(189)     Total                          Min: 0, Avg:  0.0, Max: 0, Diff: 0, Sum: 0, Workers: 4
[2734.776s][debug][gc,phases      ] GC(189)   StringDedup Requests1 Weak     Min:  0.0, Avg:  0.0, Max:  0.0, Diff:  0.0, Sum:  0.0, Workers: 4
[2734.776s][debug][gc,phases      ] GC(189)     Dead                           Min: 0, Avg:  0.0, Max: 0, Diff: 0, Sum: 0, Workers: 4
[2734.776s][debug][gc,phases      ] GC(189)     Total                          Min: 0, Avg:  0.0, Max: 0, Diff: 0, Sum: 0, Workers: 4
[2734.776s][debug][gc,phases      ] GC(189)   Weak JFR Old Object Samples    Min:  0.0, Avg:  0.0, Max:  0.0, Diff:  0.0, Sum:  0.0, Workers: 4
[2734.776s][debug][gc,phases      ] GC(189)     Dead                           Min: 0, Avg:  0.0, Max: 0, Diff: 0, Sum: 0, Workers: 4
[2734.776s][debug][gc,phases      ] GC(189)     Total                          Min: 0, Avg:  0.0, Max: 0, Diff: 0, Sum: 0, Workers: 4
[2734.776s][debug][gc,phases      ] GC(189) Weak Processing 0.352ms
[2734.776s][debug][gc,age         ] GC(189) Desired survivor size 524288 bytes, new threshold 15 (max threshold 15)
[2734.776s][info ][gc,heap        ] GC(189) PSYoungGen: 2096256K(2096640K)->224K(2096640K) Eden: 2096128K(2096128K)->0K(2096128K) From: 128K(512K)->224K(512K)
[2734.776s][info ][gc,heap        ] GC(189) ParOldGen: 236310K(324096K)->236310K(324096K)
[2734.776s][info ][gc,metaspace   ] GC(189) Metaspace: 80159K(81024K)->80159K(81024K) NonClass: 68432K(68864K)->68432K(68864K) Class: 11727K(12160K)->11727K(12160K)
[2734.776s][info ][gc             ] GC(189) Pause Young (Allocation Failure) 2277M->230M(2364M) 2.800ms
[2734.776s][info ][gc,cpu         ] GC(189) User=0.01s Sys=0.00s Real=0.00s
[2734.776s][info ][safepoint      ] Safepoint "ParallelGCFailedAllocation", Time since last: 16399382380 ns, Reaching safepoint: 4500 ns, Cleanup: 28600 ns, At safepoint: 2861113 ns, Total: 2894213 ns
[2751.175s][info ][gc,start       ] GC(190) Pause Young (Allocation Failure)
[2751.177s][debug][gc,phases      ] GC(190) Scavenge 2.110ms
[2751.177s][debug][gc,ref         ] GC(190) Skipped phase 1 of Reference Processing: no references
[2751.177s][debug][gc,ref         ] GC(190) Skipped phase 2 of Reference Processing: no references
[2751.177s][debug][gc,ref         ] GC(190) Skipped phase 3 of Reference Processing: no references
[2751.177s][debug][gc,ref         ] GC(190) ReferenceProcessor::execute queues: 1, RefProcThreadModel::Single, marks_oops_alive: false
[2751.177s][debug][gc,phases      ] GC(190) Reference Processing 0.090ms
[2751.177s][debug][gc,phases      ] GC(190)   VM Weak                        Min:  0.0, Avg:  0.0, Max:  0.0, Diff:  0.0, Sum:  0.0, Workers: 4
[2751.177s][debug][gc,phases      ] GC(190)     Dead                           Min: 0, Avg:  0.0, Max: 0, Diff: 0, Sum: 0, Workers: 4
[2751.177s][debug][gc,phases      ] GC(190)     Total                          Min: 0, Avg: 172.8, Max: 691, Diff: 691, Sum: 691, Workers: 4
[2751.177s][debug][gc,phases      ] GC(190)   ObjectSynchronizer Weak        Min:  0.0, Avg:  0.0, Max:  0.0, Diff:  0.0, Sum:  0.0, Workers: 4
[2751.177s][debug][gc,phases      ] GC(190)     Dead                           Min: 0, Avg:  0.0, Max: 0, Diff: 0, Sum: 0, Workers: 4
[2751.177s][debug][gc,phases      ] GC(190)     Total                          Min: 0, Avg:  1.0, Max: 4, Diff: 4, Sum: 4, Workers: 4
[2751.177s][debug][gc,phases      ] GC(190)   JVMTI Tag Weak OopStorage      Min:  0.0, Avg:  0.0, Max:  0.0, Diff:  0.0, Sum:  0.0, Workers: 4
[2751.177s][debug][gc,phases      ] GC(190)     Dead                           Min: 0, Avg:  0.0, Max: 0, Diff: 0, Sum: 0, Workers: 4
[2751.177s][debug][gc,phases      ] GC(190)     Total                          Min: 0, Avg:  0.0, Max: 0, Diff: 0, Sum: 0, Workers: 4
[2751.177s][debug][gc,phases      ] GC(190)   StringTable Weak               Min:  0.0, Avg:  0.1, Max:  0.1, Diff:  0.1, Sum:  0.4, Workers: 4
[2751.177s][debug][gc,phases      ] GC(190)     Dead                           Min: 0, Avg:  0.0, Max: 0, Diff: 0, Sum: 0, Workers: 4
[2751.177s][debug][gc,phases      ] GC(190)     Total                          Min: 0, Avg: 10708.0, Max: 19904, Diff: 19904, Sum: 42832, Workers: 4
[2751.177s][debug][gc,phases      ] GC(190)   ResolvedMethodTable Weak       Min:  0.0, Avg:  0.0, Max:  0.0, Diff:  0.0, Sum:  0.1, Workers: 4
[2751.177s][debug][gc,phases      ] GC(190)     Dead                           Min: 0, Avg:  0.0, Max: 0, Diff: 0, Sum: 0, Workers: 4
[2751.177s][debug][gc,phases      ] GC(190)     Total                          Min: 0, Avg: 2283.8, Max: 3990, Diff: 3990, Sum: 9135, Workers: 4
[2751.177s][debug][gc,phases      ] GC(190)   JNI Weak                       Min:  0.0, Avg:  0.0, Max:  0.0, Diff:  0.0, Sum:  0.0, Workers: 4
[2751.177s][debug][gc,phases      ] GC(190)     Dead                           Min: 0, Avg:  0.0, Max: 0, Diff: 0, Sum: 0, Workers: 4
[2751.177s][debug][gc,phases      ] GC(190)     Total                          Min: 0, Avg: 11.2, Max: 45, Diff: 45, Sum: 45, Workers: 4
[2751.177s][debug][gc,phases      ] GC(190)   StringDedup Table Weak         Min:  0.0, Avg:  0.0, Max:  0.0, Diff:  0.0, Sum:  0.0, Workers: 4
[2751.177s][debug][gc,phases      ] GC(190)     Dead                           Min: 0, Avg:  0.0, Max: 0, Diff: 0, Sum: 0, Workers: 4
[2751.177s][debug][gc,phases      ] GC(190)     Total                          Min: 0, Avg:  0.0, Max: 0, Diff: 0, Sum: 0, Workers: 4
[2751.177s][debug][gc,phases      ] GC(190)   StringDedup Requests0 Weak     Min:  0.0, Avg:  0.0, Max:  0.0, Diff:  0.0, Sum:  0.0, Workers: 4
[2751.177s][debug][gc,phases      ] GC(190)     Dead                           Min: 0, Avg:  0.0, Max: 0, Diff: 0, Sum: 0, Workers: 4
[2751.177s][debug][gc,phases      ] GC(190)     Total                          Min: 0, Avg:  0.0, Max: 0, Diff: 0, Sum: 0, Workers: 4
[2751.177s][debug][gc,phases      ] GC(190)   StringDedup Requests1 Weak     Min:  0.0, Avg:  0.0, Max:  0.0, Diff:  0.0, Sum:  0.0, Workers: 4
[2751.177s][debug][gc,phases      ] GC(190)     Dead                           Min: 0, Avg:  0.0, Max: 0, Diff: 0, Sum: 0, Workers: 4
[2751.177s][debug][gc,phases      ] GC(190)     Total                          Min: 0, Avg:  0.0, Max: 0, Diff: 0, Sum: 0, Workers: 4
[2751.177s][debug][gc,phases      ] GC(190)   Weak JFR Old Object Samples    Min:  0.0, Avg:  0.0, Max:  0.0, Diff:  0.0, Sum:  0.0, Workers: 4
[2751.177s][debug][gc,phases      ] GC(190)     Dead                           Min: 0, Avg:  0.0, Max: 0, Diff: 0, Sum: 0, Workers: 4
[2751.177s][debug][gc,phases      ] GC(190)     Total                          Min: 0, Avg:  0.0, Max: 0, Diff: 0, Sum: 0, Workers: 4
[2751.177s][debug][gc,phases      ] GC(190) Weak Processing 0.336ms
[2751.177s][debug][gc,age         ] GC(190) Desired survivor size 524288 bytes, new threshold 15 (max threshold 15)
[2751.177s][info ][gc,heap        ] GC(190) PSYoungGen: 2096352K(2096640K)->288K(2096640K) Eden: 2096128K(2096128K)->0K(2096128K) From: 224K(512K)->288K(512K)
[2751.177s][info ][gc,heap        ] GC(190) ParOldGen: 236310K(324096K)->236318K(324096K)
[2751.177s][info ][gc,metaspace   ] GC(190) Metaspace: 80159K(81024K)->80159K(81024K) NonClass: 68432K(68864K)->68432K(68864K) Class: 11727K(12160K)->11727K(12160K)
[2751.177s][info ][gc             ] GC(190) Pause Young (Allocation Failure) 2277M->231M(2364M) 2.632ms
[2751.177s][info ][gc,cpu         ] GC(190) User=0.01s Sys=0.00s Real=0.00s
[2751.177s][info ][safepoint      ] Safepoint "ParallelGCFailedAllocation", Time since last: 16398282322 ns, Reaching safepoint: 4700 ns, Cleanup: 44000 ns, At safepoint: 2701712 ns, Total: 2750412 ns
[2767.575s][info ][gc,start       ] GC(191) Pause Young (Allocation Failure)
[2767.577s][debug][gc,phases      ] GC(191) Scavenge 1.370ms
[2767.577s][debug][gc,ref         ] GC(191) Skipped phase 1 of Reference Processing: no references
[2767.577s][debug][gc,ref         ] GC(191) Skipped phase 2 of Reference Processing: no references
[2767.577s][debug][gc,ref         ] GC(191) Skipped phase 3 of Reference Processing: no references
[2767.577s][debug][gc,ref         ] GC(191) Skipped phase 4 of Reference Processing: no references
[2767.577s][debug][gc,phases      ] GC(191) Reference Processing 0.020ms
[2767.577s][debug][gc,phases      ] GC(191)   VM Weak                        Min:  0.0, Avg:  0.0, Max:  0.0, Diff:  0.0, Sum:  0.0, Workers: 4
[2767.577s][debug][gc,phases      ] GC(191)     Dead                           Min: 0, Avg:  0.0, Max: 0, Diff: 0, Sum: 0, Workers: 4
[2767.577s][debug][gc,phases      ] GC(191)     Total                          Min: 0, Avg: 172.8, Max: 691, Diff: 691, Sum: 691, Workers: 4
[2767.577s][debug][gc,phases      ] GC(191)   ObjectSynchronizer Weak        Min:  0.0, Avg:  0.0, Max:  0.0, Diff:  0.0, Sum:  0.0, Workers: 4
[2767.577s][debug][gc,phases      ] GC(191)     Dead                           Min: 0, Avg:  0.0, Max: 0, Diff: 0, Sum: 0, Workers: 4
[2767.577s][debug][gc,phases      ] GC(191)     Total                          Min: 0, Avg:  1.0, Max: 4, Diff: 4, Sum: 4, Workers: 4
[2767.577s][debug][gc,phases      ] GC(191)   JVMTI Tag Weak OopStorage      Min:  0.0, Avg:  0.0, Max:  0.0, Diff:  0.0, Sum:  0.0, Workers: 4
[2767.577s][debug][gc,phases      ] GC(191)     Dead                           Min: 0, Avg:  0.0, Max: 0, Diff: 0, Sum: 0, Workers: 4
[2767.577s][debug][gc,phases      ] GC(191)     Total                          Min: 0, Avg:  0.0, Max: 0, Diff: 0, Sum: 0, Workers: 4
[2767.577s][debug][gc,phases      ] GC(191)   StringTable Weak               Min:  0.0, Avg:  0.1, Max:  0.1, Diff:  0.1, Sum:  0.4, Workers: 4
[2767.577s][debug][gc,phases      ] GC(191)     Dead                           Min: 0, Avg:  0.0, Max: 0, Diff: 0, Sum: 0, Workers: 4
[2767.577s][debug][gc,phases      ] GC(191)     Total                          Min: 0, Avg: 10708.0, Max: 17408, Diff: 17408, Sum: 42832, Workers: 4
[2767.577s][debug][gc,phases      ] GC(191)   ResolvedMethodTable Weak       Min:  0.0, Avg:  0.0, Max:  0.0, Diff:  0.0, Sum:  0.1, Workers: 4
[2767.577s][debug][gc,phases      ] GC(191)     Dead                           Min: 0, Avg:  0.0, Max: 0, Diff: 0, Sum: 0, Workers: 4
[2767.577s][debug][gc,phases      ] GC(191)     Total                          Min: 0, Avg: 2283.8, Max: 4144, Diff: 4144, Sum: 9135, Workers: 4
[2767.577s][debug][gc,phases      ] GC(191)   JNI Weak                       Min:  0.0, Avg:  0.0, Max:  0.0, Diff:  0.0, Sum:  0.0, Workers: 4
[2767.577s][debug][gc,phases      ] GC(191)     Dead                           Min: 0, Avg:  0.0, Max: 0, Diff: 0, Sum: 0, Workers: 4
[2767.577s][debug][gc,phases      ] GC(191)     Total                          Min: 0, Avg: 11.2, Max: 45, Diff: 45, Sum: 45, Workers: 4
[2767.577s][debug][gc,phases      ] GC(191)   StringDedup Table Weak         Min:  0.0, Avg:  0.0, Max:  0.0, Diff:  0.0, Sum:  0.0, Workers: 4
[2767.577s][debug][gc,phases      ] GC(191)     Dead                           Min: 0, Avg:  0.0, Max: 0, Diff: 0, Sum: 0, Workers: 4
[2767.577s][debug][gc,phases      ] GC(191)     Total                          Min: 0, Avg:  0.0, Max: 0, Diff: 0, Sum: 0, Workers: 4
[2767.577s][debug][gc,phases      ] GC(191)   StringDedup Requests0 Weak     Min:  0.0, Avg:  0.0, Max:  0.0, Diff:  0.0, Sum:  0.0, Workers: 4
[2767.577s][debug][gc,phases      ] GC(191)     Dead                           Min: 0, Avg:  0.0, Max: 0, Diff: 0, Sum: 0, Workers: 4
[2767.577s][debug][gc,phases      ] GC(191)     Total                          Min: 0, Avg:  0.0, Max: 0, Diff: 0, Sum: 0, Workers: 4
[2767.577s][debug][gc,phases      ] GC(191)   StringDedup Requests1 Weak     Min:  0.0, Avg:  0.0, Max:  0.0, Diff:  0.0, Sum:  0.0, Workers: 4
[2767.577s][debug][gc,phases      ] GC(191)     Dead                           Min: 0, Avg:  0.0, Max: 0, Diff: 0, Sum: 0, Workers: 4
[2767.577s][debug][gc,phases      ] GC(191)     Total                          Min: 0, Avg:  0.0, Max: 0, Diff: 0, Sum: 0, Workers: 4
[2767.577s][debug][gc,phases      ] GC(191)   Weak JFR Old Object Samples    Min:  0.0, Avg:  0.0, Max:  0.0, Diff:  0.0, Sum:  0.0, Workers: 4
[2767.577s][debug][gc,phases      ] GC(191)     Dead                           Min: 0, Avg:  0.0, Max: 0, Diff: 0, Sum: 0, Workers: 4
[2767.577s][debug][gc,phases      ] GC(191)     Total                          Min: 0, Avg:  0.0, Max: 0, Diff: 0, Sum: 0, Workers: 4
[2767.577s][debug][gc,phases      ] GC(191) Weak Processing 0.354ms
[2767.577s][debug][gc,age         ] GC(191) Desired survivor size 524288 bytes, new threshold 15 (max threshold 15)
[2767.577s][info ][gc,heap        ] GC(191) PSYoungGen: 2096416K(2096640K)->192K(2096640K) Eden: 2096128K(2096128K)->0K(2096128K) From: 288K(512K)->192K(512K)
[2767.577s][info ][gc,heap        ] GC(191) ParOldGen: 236318K(324096K)->236326K(324096K)
[2767.577s][info ][gc,metaspace   ] GC(191) Metaspace: 80159K(81024K)->80159K(81024K) NonClass: 68432K(68864K)->68432K(68864K) Class: 11727K(12160K)->11727K(12160K)
[2767.577s][info ][gc             ] GC(191) Pause Young (Allocation Failure) 2278M->230M(2364M) 1.823ms
[2767.577s][info ][gc,cpu         ] GC(191) User=0.01s Sys=0.00s Real=0.00s
[2767.577s][info ][safepoint      ] Safepoint "ParallelGCFailedAllocation", Time since last: 16397918084 ns, Reaching safepoint: 3600 ns, Cleanup: 39700 ns, At safepoint: 1906008 ns, Total: 1949308 ns
[2784.023s][info ][gc,start       ] GC(192) Pause Young (Allocation Failure)
[2784.025s][debug][gc,phases      ] GC(192) Scavenge 1.454ms
[2784.025s][debug][gc,ref         ] GC(192) Skipped phase 1 of Reference Processing: no references
[2784.025s][debug][gc,ref         ] GC(192) Skipped phase 2 of Reference Processing: no references
[2784.025s][debug][gc,ref         ] GC(192) Skipped phase 3 of Reference Processing: no references
[2784.025s][debug][gc,ref         ] GC(192) Skipped phase 4 of Reference Processing: no references
[2784.025s][debug][gc,phases      ] GC(192) Reference Processing 0.019ms
[2784.025s][debug][gc,phases      ] GC(192)   VM Weak                        Min:  0.0, Avg:  0.0, Max:  0.0, Diff:  0.0, Sum:  0.0, Workers: 4
[2784.025s][debug][gc,phases      ] GC(192)     Dead                           Min: 0, Avg:  0.0, Max: 0, Diff: 0, Sum: 0, Workers: 4
[2784.025s][debug][gc,phases      ] GC(192)     Total                          Min: 0, Avg: 172.8, Max: 499, Diff: 499, Sum: 691, Workers: 4
[2784.025s][debug][gc,phases      ] GC(192)   ObjectSynchronizer Weak        Min:  0.0, Avg:  0.0, Max:  0.0, Diff:  0.0, Sum:  0.0, Workers: 4
[2784.025s][debug][gc,phases      ] GC(192)     Dead                           Min: 0, Avg:  0.0, Max: 0, Diff: 0, Sum: 0, Workers: 4
[2784.025s][debug][gc,phases      ] GC(192)     Total                          Min: 0, Avg:  1.0, Max: 4, Diff: 4, Sum: 4, Workers: 4
[2784.025s][debug][gc,phases      ] GC(192)   JVMTI Tag Weak OopStorage      Min:  0.0, Avg:  0.0, Max:  0.0, Diff:  0.0, Sum:  0.0, Workers: 4
[2784.025s][debug][gc,phases      ] GC(192)     Dead                           Min: 0, Avg:  0.0, Max: 0, Diff: 0, Sum: 0, Workers: 4
[2784.025s][debug][gc,phases      ] GC(192)     Total                          Min: 0, Avg:  0.0, Max: 0, Diff: 0, Sum: 0, Workers: 4
[2784.025s][debug][gc,phases      ] GC(192)   StringTable Weak               Min:  0.0, Avg:  0.1, Max:  0.1, Diff:  0.1, Sum:  0.4, Workers: 4
[2784.025s][debug][gc,phases      ] GC(192)     Dead                           Min: 0, Avg:  0.0, Max: 0, Diff: 0, Sum: 0, Workers: 4
[2784.025s][debug][gc,phases      ] GC(192)     Total                          Min: 0, Avg: 10708.0, Max: 18496, Diff: 18496, Sum: 42832, Workers: 4
[2784.025s][debug][gc,phases      ] GC(192)   ResolvedMethodTable Weak       Min:  0.0, Avg:  0.0, Max:  0.0, Diff:  0.0, Sum:  0.1, Workers: 4
[2784.025s][debug][gc,phases      ] GC(192)     Dead                           Min: 0, Avg:  0.0, Max: 0, Diff: 0, Sum: 0, Workers: 4
[2784.025s][debug][gc,phases      ] GC(192)     Total                          Min: 0, Avg: 2283.8, Max: 4110, Diff: 4110, Sum: 9135, Workers: 4
[2784.025s][debug][gc,phases      ] GC(192)   JNI Weak                       Min:  0.0, Avg:  0.0, Max:  0.0, Diff:  0.0, Sum:  0.0, Workers: 4
[2784.025s][debug][gc,phases      ] GC(192)     Dead                           Min: 0, Avg:  0.0, Max: 0, Diff: 0, Sum: 0, Workers: 4
[2784.025s][debug][gc,phases      ] GC(192)     Total                          Min: 0, Avg: 11.2, Max: 45, Diff: 45, Sum: 45, Workers: 4
[2784.025s][debug][gc,phases      ] GC(192)   StringDedup Table Weak         Min:  0.0, Avg:  0.0, Max:  0.0, Diff:  0.0, Sum:  0.0, Workers: 4
[2784.025s][debug][gc,phases      ] GC(192)     Dead                           Min: 0, Avg:  0.0, Max: 0, Diff: 0, Sum: 0, Workers: 4
[2784.025s][debug][gc,phases      ] GC(192)     Total                          Min: 0, Avg:  0.0, Max: 0, Diff: 0, Sum: 0, Workers: 4
[2784.025s][debug][gc,phases      ] GC(192)   StringDedup Requests0 Weak     Min:  0.0, Avg:  0.0, Max:  0.0, Diff:  0.0, Sum:  0.0, Workers: 4
[2784.025s][debug][gc,phases      ] GC(192)     Dead                           Min: 0, Avg:  0.0, Max: 0, Diff: 0, Sum: 0, Workers: 4
[2784.025s][debug][gc,phases      ] GC(192)     Total                          Min: 0, Avg:  0.0, Max: 0, Diff: 0, Sum: 0, Workers: 4
[2784.025s][debug][gc,phases      ] GC(192)   StringDedup Requests1 Weak     Min:  0.0, Avg:  0.0, Max:  0.0, Diff:  0.0, Sum:  0.0, Workers: 4
[2784.025s][debug][gc,phases      ] GC(192)     Dead                           Min: 0, Avg:  0.0, Max: 0, Diff: 0, Sum: 0, Workers: 4
[2784.025s][debug][gc,phases      ] GC(192)     Total                          Min: 0, Avg:  0.0, Max: 0, Diff: 0, Sum: 0, Workers: 4
[2784.025s][debug][gc,phases      ] GC(192)   Weak JFR Old Object Samples    Min:  0.0, Avg:  0.0, Max:  0.0, Diff:  0.0, Sum:  0.0, Workers: 4
[2784.025s][debug][gc,phases      ] GC(192)     Dead                           Min: 0, Avg:  0.0, Max: 0, Diff: 0, Sum: 0, Workers: 4
[2784.025s][debug][gc,phases      ] GC(192)     Total                          Min: 0, Avg:  0.0, Max: 0, Diff: 0, Sum: 0, Workers: 4
[2784.025s][debug][gc,phases      ] GC(192) Weak Processing 0.347ms
[2784.025s][debug][gc,age         ] GC(192) Desired survivor size 524288 bytes, new threshold 15 (max threshold 15)
[2784.025s][info ][gc,heap        ] GC(192) PSYoungGen: 2096320K(2096640K)->224K(2096640K) Eden: 2096128K(2096128K)->0K(2096128K) From: 192K(512K)->224K(512K)
[2784.025s][info ][gc,heap        ] GC(192) ParOldGen: 236326K(324096K)->236326K(324096K)
[2784.025s][info ][gc,metaspace   ] GC(192) Metaspace: 80159K(81024K)->80159K(81024K) NonClass: 68432K(68864K)->68432K(68864K) Class: 11727K(12160K)->11727K(12160K)
[2784.025s][info ][gc             ] GC(192) Pause Young (Allocation Failure) 2277M->231M(2364M) 1.909ms
[2784.025s][info ][gc,cpu         ] GC(192) User=0.00s Sys=0.00s Real=0.00s
[2784.025s][info ][safepoint      ] Safepoint "ParallelGCFailedAllocation", Time since last: 16446061018 ns, Reaching safepoint: 3800 ns, Cleanup: 39500 ns, At safepoint: 1964308 ns, Total: 2007608 ns
[2800.424s][info ][gc,start       ] GC(193) Pause Young (Allocation Failure)
[2800.426s][debug][gc,phases      ] GC(193) Scavenge 1.358ms
[2800.426s][debug][gc,ref         ] GC(193) Skipped phase 1 of Reference Processing: no references
[2800.426s][debug][gc,ref         ] GC(193) Skipped phase 2 of Reference Processing: no references
[2800.426s][debug][gc,ref         ] GC(193) Skipped phase 3 of Reference Processing: no references
[2800.426s][debug][gc,ref         ] GC(193) Skipped phase 4 of Reference Processing: no references
[2800.426s][debug][gc,phases      ] GC(193) Reference Processing 0.019ms
[2800.426s][debug][gc,phases      ] GC(193)   VM Weak                        Min:  0.0, Avg:  0.0, Max:  0.0, Diff:  0.0, Sum:  0.0, Workers: 4
[2800.426s][debug][gc,phases      ] GC(193)     Dead                           Min: 0, Avg:  0.0, Max: 0, Diff: 0, Sum: 0, Workers: 4
[2800.426s][debug][gc,phases      ] GC(193)     Total                          Min: 0, Avg: 172.8, Max: 384, Diff: 384, Sum: 691, Workers: 4
[2800.426s][debug][gc,phases      ] GC(193)   ObjectSynchronizer Weak        Min:  0.0, Avg:  0.0, Max:  0.0, Diff:  0.0, Sum:  0.0, Workers: 4
[2800.426s][debug][gc,phases      ] GC(193)     Dead                           Min: 0, Avg:  0.0, Max: 0, Diff: 0, Sum: 0, Workers: 4
[2800.426s][debug][gc,phases      ] GC(193)     Total                          Min: 0, Avg:  1.0, Max: 4, Diff: 4, Sum: 4, Workers: 4
[2800.426s][debug][gc,phases      ] GC(193)   JVMTI Tag Weak OopStorage      Min:  0.0, Avg:  0.0, Max:  0.0, Diff:  0.0, Sum:  0.0, Workers: 4
[2800.426s][debug][gc,phases      ] GC(193)     Dead                           Min: 0, Avg:  0.0, Max: 0, Diff: 0, Sum: 0, Workers: 4
[2800.426s][debug][gc,phases      ] GC(193)     Total                          Min: 0, Avg:  0.0, Max: 0, Diff: 0, Sum: 0, Workers: 4
[2800.426s][debug][gc,phases      ] GC(193)   StringTable Weak               Min:  0.0, Avg:  0.1, Max:  0.1, Diff:  0.1, Sum:  0.4, Workers: 4
[2800.426s][debug][gc,phases      ] GC(193)     Dead                           Min: 0, Avg:  0.0, Max: 0, Diff: 0, Sum: 0, Workers: 4
[2800.426s][debug][gc,phases      ] GC(193)     Total                          Min: 0, Avg: 10708.0, Max: 18048, Diff: 18048, Sum: 42832, Workers: 4
[2800.426s][debug][gc,phases      ] GC(193)   ResolvedMethodTable Weak       Min:  0.0, Avg:  0.0, Max:  0.0, Diff:  0.0, Sum:  0.1, Workers: 4
[2800.426s][debug][gc,phases      ] GC(193)     Dead                           Min: 0, Avg:  0.0, Max: 0, Diff: 0, Sum: 0, Workers: 4
[2800.426s][debug][gc,phases      ] GC(193)     Total                          Min: 0, Avg: 2283.8, Max: 4107, Diff: 4107, Sum: 9135, Workers: 4
[2800.426s][debug][gc,phases      ] GC(193)   JNI Weak                       Min:  0.0, Avg:  0.0, Max:  0.0, Diff:  0.0, Sum:  0.0, Workers: 4
[2800.426s][debug][gc,phases      ] GC(193)     Dead                           Min: 0, Avg:  0.0, Max: 0, Diff: 0, Sum: 0, Workers: 4
[2800.426s][debug][gc,phases      ] GC(193)     Total                          Min: 0, Avg: 11.2, Max: 45, Diff: 45, Sum: 45, Workers: 4
[2800.426s][debug][gc,phases      ] GC(193)   StringDedup Table Weak         Min:  0.0, Avg:  0.0, Max:  0.0, Diff:  0.0, Sum:  0.0, Workers: 4
[2800.426s][debug][gc,phases      ] GC(193)     Dead                           Min: 0, Avg:  0.0, Max: 0, Diff: 0, Sum: 0, Workers: 4
[2800.426s][debug][gc,phases      ] GC(193)     Total                          Min: 0, Avg:  0.0, Max: 0, Diff: 0, Sum: 0, Workers: 4
[2800.426s][debug][gc,phases      ] GC(193)   StringDedup Requests0 Weak     Min:  0.0, Avg:  0.0, Max:  0.0, Diff:  0.0, Sum:  0.0, Workers: 4
[2800.426s][debug][gc,phases      ] GC(193)     Dead                           Min: 0, Avg:  0.0, Max: 0, Diff: 0, Sum: 0, Workers: 4
[2800.426s][debug][gc,phases      ] GC(193)     Total                          Min: 0, Avg:  0.0, Max: 0, Diff: 0, Sum: 0, Workers: 4
[2800.426s][debug][gc,phases      ] GC(193)   StringDedup Requests1 Weak     Min:  0.0, Avg:  0.0, Max:  0.0, Diff:  0.0, Sum:  0.0, Workers: 4
[2800.426s][debug][gc,phases      ] GC(193)     Dead                           Min: 0, Avg:  0.0, Max: 0, Diff: 0, Sum: 0, Workers: 4
[2800.426s][debug][gc,phases      ] GC(193)     Total                          Min: 0, Avg:  0.0, Max: 0, Diff: 0, Sum: 0, Workers: 4
[2800.426s][debug][gc,phases      ] GC(193)   Weak JFR Old Object Samples    Min:  0.0, Avg:  0.0, Max:  0.0, Diff:  0.0, Sum:  0.0, Workers: 4
[2800.426s][debug][gc,phases      ] GC(193)     Dead                           Min: 0, Avg:  0.0, Max: 0, Diff: 0, Sum: 0, Workers: 4
[2800.426s][debug][gc,phases      ] GC(193)     Total                          Min: 0, Avg:  0.0, Max: 0, Diff: 0, Sum: 0, Workers: 4
[2800.426s][debug][gc,phases      ] GC(193) Weak Processing 0.350ms
[2800.426s][debug][gc,age         ] GC(193) Desired survivor size 524288 bytes, new threshold 15 (max threshold 15)
[2800.426s][info ][gc,heap        ] GC(193) PSYoungGen: 2096352K(2096640K)->160K(2096640K) Eden: 2096128K(2096128K)->0K(2096128K) From: 224K(512K)->160K(512K)
[2800.426s][info ][gc,heap        ] GC(193) ParOldGen: 236326K(324096K)->236334K(324096K)
[2800.426s][info ][gc,metaspace   ] GC(193) Metaspace: 80159K(81024K)->80159K(81024K) NonClass: 68432K(68864K)->68432K(68864K) Class: 11727K(12160K)->11727K(12160K)
[2800.426s][info ][gc             ] GC(193) Pause Young (Allocation Failure) 2278M->230M(2364M) 1.830ms
[2800.426s][info ][gc,cpu         ] GC(193) User=0.01s Sys=0.00s Real=0.00s
[2800.426s][info ][safepoint      ] Safepoint "ParallelGCFailedAllocation", Time since last: 16398840606 ns, Reaching safepoint: 3900 ns, Cleanup: 27500 ns, At safepoint: 1888007 ns, Total: 1919407 ns
[2816.872s][info ][gc,start       ] GC(194) Pause Young (Allocation Failure)
[2816.874s][debug][gc,phases      ] GC(194) Scavenge 1.975ms
[2816.874s][debug][gc,ref         ] GC(194) Skipped phase 1 of Reference Processing: no references
[2816.874s][debug][gc,ref         ] GC(194) Skipped phase 2 of Reference Processing: no references
[2816.874s][debug][gc,ref         ] GC(194) Skipped phase 3 of Reference Processing: no references
[2816.874s][debug][gc,ref         ] GC(194) Skipped phase 4 of Reference Processing: no references
[2816.874s][debug][gc,phases      ] GC(194) Reference Processing 0.019ms
[2816.875s][debug][gc,phases      ] GC(194)   VM Weak                        Min:  0.0, Avg:  0.0, Max:  0.0, Diff:  0.0, Sum:  0.0, Workers: 4
[2816.875s][debug][gc,phases      ] GC(194)     Dead                           Min: 0, Avg:  0.0, Max: 0, Diff: 0, Sum: 0, Workers: 4
[2816.875s][debug][gc,phases      ] GC(194)     Total                          Min: 0, Avg: 172.8, Max: 512, Diff: 512, Sum: 691, Workers: 4
[2816.875s][debug][gc,phases      ] GC(194)   ObjectSynchronizer Weak        Min:  0.0, Avg:  0.0, Max:  0.0, Diff:  0.0, Sum:  0.0, Workers: 4
[2816.875s][debug][gc,phases      ] GC(194)     Dead                           Min: 0, Avg:  0.0, Max: 0, Diff: 0, Sum: 0, Workers: 4
[2816.875s][debug][gc,phases      ] GC(194)     Total                          Min: 0, Avg:  1.0, Max: 4, Diff: 4, Sum: 4, Workers: 4
[2816.875s][debug][gc,phases      ] GC(194)   JVMTI Tag Weak OopStorage      Min:  0.0, Avg:  0.0, Max:  0.0, Diff:  0.0, Sum:  0.0, Workers: 4
[2816.875s][debug][gc,phases      ] GC(194)     Dead                           Min: 0, Avg:  0.0, Max: 0, Diff: 0, Sum: 0, Workers: 4
[2816.875s][debug][gc,phases      ] GC(194)     Total                          Min: 0, Avg:  0.0, Max: 0, Diff: 0, Sum: 0, Workers: 4
[2816.875s][debug][gc,phases      ] GC(194)   StringTable Weak               Min:  0.0, Avg:  0.1, Max:  0.1, Diff:  0.1, Sum:  0.4, Workers: 4
[2816.875s][debug][gc,phases      ] GC(194)     Dead                           Min: 0, Avg:  0.0, Max: 0, Diff: 0, Sum: 0, Workers: 4
[2816.875s][debug][gc,phases      ] GC(194)     Total                          Min: 0, Avg: 10708.0, Max: 18832, Diff: 18832, Sum: 42832, Workers: 4
[2816.875s][debug][gc,phases      ] GC(194)   ResolvedMethodTable Weak       Min:  0.0, Avg:  0.0, Max:  0.0, Diff:  0.0, Sum:  0.1, Workers: 4
[2816.875s][debug][gc,phases      ] GC(194)     Dead                           Min: 0, Avg:  0.0, Max: 0, Diff: 0, Sum: 0, Workers: 4
[2816.875s][debug][gc,phases      ] GC(194)     Total                          Min: 0, Avg: 2283.8, Max: 4004, Diff: 4004, Sum: 9135, Workers: 4
[2816.875s][debug][gc,phases      ] GC(194)   JNI Weak                       Min:  0.0, Avg:  0.0, Max:  0.0, Diff:  0.0, Sum:  0.0, Workers: 4
[2816.875s][debug][gc,phases      ] GC(194)     Dead                           Min: 0, Avg:  0.0, Max: 0, Diff: 0, Sum: 0, Workers: 4
[2816.875s][debug][gc,phases      ] GC(194)     Total                          Min: 0, Avg: 11.2, Max: 45, Diff: 45, Sum: 45, Workers: 4
[2816.875s][debug][gc,phases      ] GC(194)   StringDedup Table Weak         Min:  0.0, Avg:  0.0, Max:  0.0, Diff:  0.0, Sum:  0.0, Workers: 4
[2816.875s][debug][gc,phases      ] GC(194)     Dead                           Min: 0, Avg:  0.0, Max: 0, Diff: 0, Sum: 0, Workers: 4
[2816.875s][debug][gc,phases      ] GC(194)     Total                          Min: 0, Avg:  0.0, Max: 0, Diff: 0, Sum: 0, Workers: 4
[2816.875s][debug][gc,phases      ] GC(194)   StringDedup Requests0 Weak     Min:  0.0, Avg:  0.0, Max:  0.0, Diff:  0.0, Sum:  0.0, Workers: 4
[2816.875s][debug][gc,phases      ] GC(194)     Dead                           Min: 0, Avg:  0.0, Max: 0, Diff: 0, Sum: 0, Workers: 4
[2816.875s][debug][gc,phases      ] GC(194)     Total                          Min: 0, Avg:  0.0, Max: 0, Diff: 0, Sum: 0, Workers: 4
[2816.875s][debug][gc,phases      ] GC(194)   StringDedup Requests1 Weak     Min:  0.0, Avg:  0.0, Max:  0.0, Diff:  0.0, Sum:  0.0, Workers: 4
[2816.875s][debug][gc,phases      ] GC(194)     Dead                           Min: 0, Avg:  0.0, Max: 0, Diff: 0, Sum: 0, Workers: 4
[2816.875s][debug][gc,phases      ] GC(194)     Total                          Min: 0, Avg:  0.0, Max: 0, Diff: 0, Sum: 0, Workers: 4
[2816.875s][debug][gc,phases      ] GC(194)   Weak JFR Old Object Samples    Min:  0.0, Avg:  0.0, Max:  0.0, Diff:  0.0, Sum:  0.0, Workers: 4
[2816.875s][debug][gc,phases      ] GC(194)     Dead                           Min: 0, Avg:  0.0, Max: 0, Diff: 0, Sum: 0, Workers: 4
[2816.875s][debug][gc,phases      ] GC(194)     Total                          Min: 0, Avg:  0.0, Max: 0, Diff: 0, Sum: 0, Workers: 4
[2816.875s][debug][gc,phases      ] GC(194) Weak Processing 0.338ms
[2816.875s][debug][gc,age         ] GC(194) Desired survivor size 524288 bytes, new threshold 15 (max threshold 15)
[2816.875s][info ][gc,heap        ] GC(194) PSYoungGen: 2096288K(2096640K)->160K(2096640K) Eden: 2096128K(2096128K)->0K(2096128K) From: 160K(512K)->160K(512K)
[2816.875s][info ][gc,heap        ] GC(194) ParOldGen: 236334K(324096K)->236342K(324096K)
[2816.875s][info ][gc,metaspace   ] GC(194) Metaspace: 80159K(81024K)->80159K(81024K) NonClass: 68432K(68864K)->68432K(68864K) Class: 11727K(12160K)->11727K(12160K)
[2816.875s][info ][gc             ] GC(194) Pause Young (Allocation Failure) 2277M->230M(2364M) 2.411ms
[2816.875s][info ][gc,cpu         ] GC(194) User=0.01s Sys=0.00s Real=0.00s
[2816.875s][info ][safepoint      ] Safepoint "ParallelGCFailedAllocation", Time since last: 16446098268 ns, Reaching safepoint: 4800 ns, Cleanup: 40000 ns, At safepoint: 2473309 ns, Total: 2518109 ns
[2833.274s][info ][gc,start       ] GC(195) Pause Young (Allocation Failure)
[2833.275s][debug][gc,phases      ] GC(195) Scavenge 1.268ms
[2833.275s][debug][gc,ref         ] GC(195) Skipped phase 1 of Reference Processing: no references
[2833.275s][debug][gc,ref         ] GC(195) Skipped phase 2 of Reference Processing: no references
[2833.275s][debug][gc,ref         ] GC(195) Skipped phase 3 of Reference Processing: no references
[2833.275s][debug][gc,ref         ] GC(195) Skipped phase 4 of Reference Processing: no references
[2833.275s][debug][gc,phases      ] GC(195) Reference Processing 0.020ms
[2833.275s][debug][gc,phases      ] GC(195)   VM Weak                        Min:  0.0, Avg:  0.0, Max:  0.0, Diff:  0.0, Sum:  0.0, Workers: 4
[2833.275s][debug][gc,phases      ] GC(195)     Dead                           Min: 0, Avg:  0.0, Max: 0, Diff: 0, Sum: 0, Workers: 4
[2833.275s][debug][gc,phases      ] GC(195)     Total                          Min: 0, Avg: 172.8, Max: 691, Diff: 691, Sum: 691, Workers: 4
[2833.275s][debug][gc,phases      ] GC(195)   ObjectSynchronizer Weak        Min:  0.0, Avg:  0.0, Max:  0.0, Diff:  0.0, Sum:  0.0, Workers: 4
[2833.275s][debug][gc,phases      ] GC(195)     Dead                           Min: 0, Avg:  0.0, Max: 0, Diff: 0, Sum: 0, Workers: 4
[2833.275s][debug][gc,phases      ] GC(195)     Total                          Min: 0, Avg:  1.0, Max: 4, Diff: 4, Sum: 4, Workers: 4
[2833.275s][debug][gc,phases      ] GC(195)   JVMTI Tag Weak OopStorage      Min:  0.0, Avg:  0.0, Max:  0.0, Diff:  0.0, Sum:  0.0, Workers: 4
[2833.275s][debug][gc,phases      ] GC(195)     Dead                           Min: 0, Avg:  0.0, Max: 0, Diff: 0, Sum: 0, Workers: 4
[2833.275s][debug][gc,phases      ] GC(195)     Total                          Min: 0, Avg:  0.0, Max: 0, Diff: 0, Sum: 0, Workers: 4
[2833.275s][debug][gc,phases      ] GC(195)   StringTable Weak               Min:  0.1, Avg:  0.1, Max:  0.1, Diff:  0.1, Sum:  0.4, Workers: 4
[2833.275s][debug][gc,phases      ] GC(195)     Dead                           Min: 0, Avg:  0.0, Max: 0, Diff: 0, Sum: 0, Workers: 4
[2833.275s][debug][gc,phases      ] GC(195)     Total                          Min: 5440, Avg: 10708.0, Max: 13200, Diff: 7760, Sum: 42832, Workers: 4
[2833.275s][debug][gc,phases      ] GC(195)   ResolvedMethodTable Weak       Min:  0.0, Avg:  0.0, Max:  0.0, Diff:  0.0, Sum:  0.1, Workers: 4
[2833.275s][debug][gc,phases      ] GC(195)     Dead                           Min: 0, Avg:  0.0, Max: 0, Diff: 0, Sum: 0, Workers: 4
[2833.275s][debug][gc,phases      ] GC(195)     Total                          Min: 2171, Avg: 2283.8, Max: 2395, Diff: 224, Sum: 9135, Workers: 4
[2833.275s][debug][gc,phases      ] GC(195)   JNI Weak                       Min:  0.0, Avg:  0.0, Max:  0.0, Diff:  0.0, Sum:  0.0, Workers: 4
[2833.275s][debug][gc,phases      ] GC(195)     Dead                           Min: 0, Avg:  0.0, Max: 0, Diff: 0, Sum: 0, Workers: 4
[2833.275s][debug][gc,phases      ] GC(195)     Total                          Min: 0, Avg: 11.2, Max: 45, Diff: 45, Sum: 45, Workers: 4
[2833.275s][debug][gc,phases      ] GC(195)   StringDedup Table Weak         Min:  0.0, Avg:  0.0, Max:  0.0, Diff:  0.0, Sum:  0.0, Workers: 4
[2833.275s][debug][gc,phases      ] GC(195)     Dead                           Min: 0, Avg:  0.0, Max: 0, Diff: 0, Sum: 0, Workers: 4
[2833.275s][debug][gc,phases      ] GC(195)     Total                          Min: 0, Avg:  0.0, Max: 0, Diff: 0, Sum: 0, Workers: 4
[2833.275s][debug][gc,phases      ] GC(195)   StringDedup Requests0 Weak     Min:  0.0, Avg:  0.0, Max:  0.0, Diff:  0.0, Sum:  0.0, Workers: 4
[2833.275s][debug][gc,phases      ] GC(195)     Dead                           Min: 0, Avg:  0.0, Max: 0, Diff: 0, Sum: 0, Workers: 4
[2833.275s][debug][gc,phases      ] GC(195)     Total                          Min: 0, Avg:  0.0, Max: 0, Diff: 0, Sum: 0, Workers: 4
[2833.275s][debug][gc,phases      ] GC(195)   StringDedup Requests1 Weak     Min:  0.0, Avg:  0.0, Max:  0.0, Diff:  0.0, Sum:  0.0, Workers: 4
[2833.275s][debug][gc,phases      ] GC(195)     Dead                           Min: 0, Avg:  0.0, Max: 0, Diff: 0, Sum: 0, Workers: 4
[2833.275s][debug][gc,phases      ] GC(195)     Total                          Min: 0, Avg:  0.0, Max: 0, Diff: 0, Sum: 0, Workers: 4
[2833.275s][debug][gc,phases      ] GC(195)   Weak JFR Old Object Samples    Min:  0.0, Avg:  0.0, Max:  0.0, Diff:  0.0, Sum:  0.0, Workers: 4
[2833.275s][debug][gc,phases      ] GC(195)     Dead                           Min: 0, Avg:  0.0, Max: 0, Diff: 0, Sum: 0, Workers: 4
[2833.275s][debug][gc,phases      ] GC(195)     Total                          Min: 0, Avg:  0.0, Max: 0, Diff: 0, Sum: 0, Workers: 4
[2833.275s][debug][gc,phases      ] GC(195) Weak Processing 0.376ms
[2833.276s][debug][gc,age         ] GC(195) Desired survivor size 524288 bytes, new threshold 15 (max threshold 15)
[2833.276s][info ][gc,heap        ] GC(195) PSYoungGen: 2096288K(2096640K)->128K(2096640K) Eden: 2096128K(2096128K)->0K(2096128K) From: 160K(512K)->128K(512K)
[2833.276s][info ][gc,heap        ] GC(195) ParOldGen: 236342K(324096K)->236342K(324096K)
[2833.276s][info ][gc,metaspace   ] GC(195) Metaspace: 80159K(81024K)->80159K(81024K) NonClass: 68432K(68864K)->68432K(68864K) Class: 11727K(12160K)->11727K(12160K)
[2833.276s][info ][gc             ] GC(195) Pause Young (Allocation Failure) 2277M->230M(2364M) 1.787ms
[2833.276s][info ][gc,cpu         ] GC(195) User=0.01s Sys=0.00s Real=0.00s
[2833.276s][info ][safepoint      ] Safepoint "ParallelGCFailedAllocation", Time since last: 16398904644 ns, Reaching safepoint: 4500 ns, Cleanup: 44400 ns, At safepoint: 1878108 ns, Total: 1927008 ns
[2849.675s][info ][gc,start       ] GC(196) Pause Young (Allocation Failure)
[2849.677s][debug][gc,phases      ] GC(196) Scavenge 2.068ms
[2849.677s][debug][gc,ref         ] GC(196) Skipped phase 1 of Reference Processing: no references
[2849.677s][debug][gc,ref         ] GC(196) Skipped phase 2 of Reference Processing: no references
[2849.677s][debug][gc,ref         ] GC(196) Skipped phase 3 of Reference Processing: no references
[2849.677s][debug][gc,ref         ] GC(196) ReferenceProcessor::execute queues: 1, RefProcThreadModel::Single, marks_oops_alive: false
[2849.677s][debug][gc,phases      ] GC(196) Reference Processing 0.089ms
[2849.677s][debug][gc,phases      ] GC(196)   VM Weak                        Min:  0.0, Avg:  0.0, Max:  0.0, Diff:  0.0, Sum:  0.0, Workers: 4
[2849.677s][debug][gc,phases      ] GC(196)     Dead                           Min: 0, Avg:  0.0, Max: 0, Diff: 0, Sum: 0, Workers: 4
[2849.677s][debug][gc,phases      ] GC(196)     Total                          Min: 0, Avg: 172.8, Max: 435, Diff: 435, Sum: 691, Workers: 4
[2849.677s][debug][gc,phases      ] GC(196)   ObjectSynchronizer Weak        Min:  0.0, Avg:  0.0, Max:  0.0, Diff:  0.0, Sum:  0.0, Workers: 4
[2849.677s][debug][gc,phases      ] GC(196)     Dead                           Min: 0, Avg:  0.0, Max: 0, Diff: 0, Sum: 0, Workers: 4
[2849.677s][debug][gc,phases      ] GC(196)     Total                          Min: 0, Avg:  1.0, Max: 4, Diff: 4, Sum: 4, Workers: 4
[2849.677s][debug][gc,phases      ] GC(196)   JVMTI Tag Weak OopStorage      Min:  0.0, Avg:  0.0, Max:  0.0, Diff:  0.0, Sum:  0.0, Workers: 4
[2849.677s][debug][gc,phases      ] GC(196)     Dead                           Min: 0, Avg:  0.0, Max: 0, Diff: 0, Sum: 0, Workers: 4
[2849.677s][debug][gc,phases      ] GC(196)     Total                          Min: 0, Avg:  0.0, Max: 0, Diff: 0, Sum: 0, Workers: 4
[2849.677s][debug][gc,phases      ] GC(196)   StringTable Weak               Min:  0.0, Avg:  0.1, Max:  0.1, Diff:  0.1, Sum:  0.4, Workers: 4
[2849.677s][debug][gc,phases      ] GC(196)     Dead                           Min: 0, Avg:  0.0, Max: 0, Diff: 0, Sum: 0, Workers: 4
[2849.677s][debug][gc,phases      ] GC(196)     Total                          Min: 0, Avg: 10708.0, Max: 19008, Diff: 19008, Sum: 42832, Workers: 4
[2849.677s][debug][gc,phases      ] GC(196)   ResolvedMethodTable Weak       Min:  0.0, Avg:  0.0, Max:  0.0, Diff:  0.0, Sum:  0.1, Workers: 4
[2849.677s][debug][gc,phases      ] GC(196)     Dead                           Min: 0, Avg:  0.0, Max: 0, Diff: 0, Sum: 0, Workers: 4
[2849.677s][debug][gc,phases      ] GC(196)     Total                          Min: 0, Avg: 2283.8, Max: 4267, Diff: 4267, Sum: 9135, Workers: 4
[2849.677s][debug][gc,phases      ] GC(196)   JNI Weak                       Min:  0.0, Avg:  0.0, Max:  0.0, Diff:  0.0, Sum:  0.0, Workers: 4
[2849.677s][debug][gc,phases      ] GC(196)     Dead                           Min: 0, Avg:  0.0, Max: 0, Diff: 0, Sum: 0, Workers: 4
[2849.677s][debug][gc,phases      ] GC(196)     Total                          Min: 0, Avg: 11.2, Max: 45, Diff: 45, Sum: 45, Workers: 4
[2849.677s][debug][gc,phases      ] GC(196)   StringDedup Table Weak         Min:  0.0, Avg:  0.0, Max:  0.0, Diff:  0.0, Sum:  0.0, Workers: 4
[2849.677s][debug][gc,phases      ] GC(196)     Dead                           Min: 0, Avg:  0.0, Max: 0, Diff: 0, Sum: 0, Workers: 4
[2849.677s][debug][gc,phases      ] GC(196)     Total                          Min: 0, Avg:  0.0, Max: 0, Diff: 0, Sum: 0, Workers: 4
[2849.677s][debug][gc,phases      ] GC(196)   StringDedup Requests0 Weak     Min:  0.0, Avg:  0.0, Max:  0.0, Diff:  0.0, Sum:  0.0, Workers: 4
[2849.677s][debug][gc,phases      ] GC(196)     Dead                           Min: 0, Avg:  0.0, Max: 0, Diff: 0, Sum: 0, Workers: 4
[2849.677s][debug][gc,phases      ] GC(196)     Total                          Min: 0, Avg:  0.0, Max: 0, Diff: 0, Sum: 0, Workers: 4
[2849.677s][debug][gc,phases      ] GC(196)   StringDedup Requests1 Weak     Min:  0.0, Avg:  0.0, Max:  0.0, Diff:  0.0, Sum:  0.0, Workers: 4
[2849.677s][debug][gc,phases      ] GC(196)     Dead                           Min: 0, Avg:  0.0, Max: 0, Diff: 0, Sum: 0, Workers: 4
[2849.677s][debug][gc,phases      ] GC(196)     Total                          Min: 0, Avg:  0.0, Max: 0, Diff: 0, Sum: 0, Workers: 4
[2849.677s][debug][gc,phases      ] GC(196)   Weak JFR Old Object Samples    Min:  0.0, Avg:  0.0, Max:  0.0, Diff:  0.0, Sum:  0.0, Workers: 4
[2849.677s][debug][gc,phases      ] GC(196)     Dead                           Min: 0, Avg:  0.0, Max: 0, Diff: 0, Sum: 0, Workers: 4
[2849.677s][debug][gc,phases      ] GC(196)     Total                          Min: 0, Avg:  0.0, Max: 0, Diff: 0, Sum: 0, Workers: 4
[2849.677s][debug][gc,phases      ] GC(196) Weak Processing 0.346ms
[2849.677s][debug][gc,age         ] GC(196) Desired survivor size 524288 bytes, new threshold 15 (max threshold 15)
[2849.677s][info ][gc,heap        ] GC(196) PSYoungGen: 2096256K(2096640K)->288K(2096640K) Eden: 2096128K(2096128K)->0K(2096128K) From: 128K(512K)->288K(512K)
[2849.677s][info ][gc,heap        ] GC(196) ParOldGen: 236342K(324096K)->236350K(324096K)
[2849.677s][info ][gc,metaspace   ] GC(196) Metaspace: 80159K(81024K)->80159K(81024K) NonClass: 68432K(68864K)->68432K(68864K) Class: 11727K(12160K)->11727K(12160K)
[2849.677s][info ][gc             ] GC(196) Pause Young (Allocation Failure) 2277M->231M(2364M) 2.595ms
[2849.677s][info ][gc,cpu         ] GC(196) User=0.01s Sys=0.00s Real=0.00s
[2849.677s][info ][safepoint      ] Safepoint "ParallelGCFailedAllocation", Time since last: 16398875358 ns, Reaching safepoint: 4100 ns, Cleanup: 33500 ns, At safepoint: 2652811 ns, Total: 2690411 ns
[2866.076s][info ][gc,start       ] GC(197) Pause Young (Allocation Failure)
[2866.078s][debug][gc,phases      ] GC(197) Scavenge 1.997ms
[2866.078s][debug][gc,ref         ] GC(197) Skipped phase 1 of Reference Processing: no references
[2866.078s][debug][gc,ref         ] GC(197) Skipped phase 2 of Reference Processing: no references
[2866.078s][debug][gc,ref         ] GC(197) Skipped phase 3 of Reference Processing: no references
[2866.078s][debug][gc,ref         ] GC(197) ReferenceProcessor::execute queues: 1, RefProcThreadModel::Single, marks_oops_alive: false
[2866.078s][debug][gc,phases      ] GC(197) Reference Processing 0.093ms
[2866.078s][debug][gc,phases      ] GC(197)   VM Weak                        Min:  0.0, Avg:  0.0, Max:  0.0, Diff:  0.0, Sum:  0.0, Workers: 4
[2866.078s][debug][gc,phases      ] GC(197)     Dead                           Min: 0, Avg:  0.0, Max: 0, Diff: 0, Sum: 0, Workers: 4
[2866.078s][debug][gc,phases      ] GC(197)     Total                          Min: 0, Avg: 172.8, Max: 563, Diff: 563, Sum: 691, Workers: 4
[2866.078s][debug][gc,phases      ] GC(197)   ObjectSynchronizer Weak        Min:  0.0, Avg:  0.0, Max:  0.0, Diff:  0.0, Sum:  0.0, Workers: 4
[2866.078s][debug][gc,phases      ] GC(197)     Dead                           Min: 0, Avg:  0.0, Max: 0, Diff: 0, Sum: 0, Workers: 4
[2866.078s][debug][gc,phases      ] GC(197)     Total                          Min: 0, Avg:  1.0, Max: 4, Diff: 4, Sum: 4, Workers: 4
[2866.078s][debug][gc,phases      ] GC(197)   JVMTI Tag Weak OopStorage      Min:  0.0, Avg:  0.0, Max:  0.0, Diff:  0.0, Sum:  0.0, Workers: 4
[2866.078s][debug][gc,phases      ] GC(197)     Dead                           Min: 0, Avg:  0.0, Max: 0, Diff: 0, Sum: 0, Workers: 4
[2866.078s][debug][gc,phases      ] GC(197)     Total                          Min: 0, Avg:  0.0, Max: 0, Diff: 0, Sum: 0, Workers: 4
[2866.078s][debug][gc,phases      ] GC(197)   StringTable Weak               Min:  0.1, Avg:  0.1, Max:  0.1, Diff:  0.0, Sum:  0.5, Workers: 4
[2866.078s][debug][gc,phases      ] GC(197)     Dead                           Min: 0, Avg:  0.0, Max: 0, Diff: 0, Sum: 0, Workers: 4
[2866.078s][debug][gc,phases      ] GC(197)     Total                          Min: 10432, Avg: 10708.0, Max: 11088, Diff: 656, Sum: 42832, Workers: 4
[2866.078s][debug][gc,phases      ] GC(197)   ResolvedMethodTable Weak       Min:  0.0, Avg:  0.0, Max:  0.0, Diff:  0.0, Sum:  0.1, Workers: 4
[2866.078s][debug][gc,phases      ] GC(197)     Dead                           Min: 0, Avg:  0.0, Max: 0, Diff: 0, Sum: 0, Workers: 4
[2866.078s][debug][gc,phases      ] GC(197)     Total                          Min: 1280, Avg: 2283.8, Max: 2791, Diff: 1511, Sum: 9135, Workers: 4
[2866.078s][debug][gc,phases      ] GC(197)   JNI Weak                       Min:  0.0, Avg:  0.0, Max:  0.0, Diff:  0.0, Sum:  0.0, Workers: 4
[2866.078s][debug][gc,phases      ] GC(197)     Dead                           Min: 0, Avg:  0.0, Max: 0, Diff: 0, Sum: 0, Workers: 4
[2866.078s][debug][gc,phases      ] GC(197)     Total                          Min: 0, Avg: 11.2, Max: 45, Diff: 45, Sum: 45, Workers: 4
[2866.078s][debug][gc,phases      ] GC(197)   StringDedup Table Weak         Min:  0.0, Avg:  0.0, Max:  0.0, Diff:  0.0, Sum:  0.0, Workers: 4
[2866.078s][debug][gc,phases      ] GC(197)     Dead                           Min: 0, Avg:  0.0, Max: 0, Diff: 0, Sum: 0, Workers: 4
[2866.078s][debug][gc,phases      ] GC(197)     Total                          Min: 0, Avg:  0.0, Max: 0, Diff: 0, Sum: 0, Workers: 4
[2866.078s][debug][gc,phases      ] GC(197)   StringDedup Requests0 Weak     Min:  0.0, Avg:  0.0, Max:  0.0, Diff:  0.0, Sum:  0.0, Workers: 4
[2866.078s][debug][gc,phases      ] GC(197)     Dead                           Min: 0, Avg:  0.0, Max: 0, Diff: 0, Sum: 0, Workers: 4
[2866.078s][debug][gc,phases      ] GC(197)     Total                          Min: 0, Avg:  0.0, Max: 0, Diff: 0, Sum: 0, Workers: 4
[2866.078s][debug][gc,phases      ] GC(197)   StringDedup Requests1 Weak     Min:  0.0, Avg:  0.0, Max:  0.0, Diff:  0.0, Sum:  0.0, Workers: 4
[2866.078s][debug][gc,phases      ] GC(197)     Dead                           Min: 0, Avg:  0.0, Max: 0, Diff: 0, Sum: 0, Workers: 4
[2866.078s][debug][gc,phases      ] GC(197)     Total                          Min: 0, Avg:  0.0, Max: 0, Diff: 0, Sum: 0, Workers: 4
[2866.078s][debug][gc,phases      ] GC(197)   Weak JFR Old Object Samples    Min:  0.0, Avg:  0.0, Max:  0.0, Diff:  0.0, Sum:  0.0, Workers: 4
[2866.078s][debug][gc,phases      ] GC(197)     Dead                           Min: 0, Avg:  0.0, Max: 0, Diff: 0, Sum: 0, Workers: 4
[2866.078s][debug][gc,phases      ] GC(197)     Total                          Min: 0, Avg:  0.0, Max: 0, Diff: 0, Sum: 0, Workers: 4
[2866.078s][debug][gc,phases      ] GC(197) Weak Processing 0.331ms
[2866.078s][debug][gc,age         ] GC(197) Desired survivor size 524288 bytes, new threshold 15 (max threshold 15)
[2866.079s][info ][gc,heap        ] GC(197) PSYoungGen: 2096416K(2096640K)->128K(2096640K) Eden: 2096128K(2096128K)->0K(2096128K) From: 288K(512K)->128K(512K)
[2866.079s][info ][gc,heap        ] GC(197) ParOldGen: 236350K(324096K)->236358K(324096K)
[2866.079s][info ][gc,metaspace   ] GC(197) Metaspace: 80159K(81024K)->80159K(81024K) NonClass: 68432K(68864K)->68432K(68864K) Class: 11727K(12160K)->11727K(12160K)
[2866.079s][info ][gc             ] GC(197) Pause Young (Allocation Failure) 2278M->230M(2364M) 2.543ms
[2866.079s][info ][gc,cpu         ] GC(197) User=0.01s Sys=0.00s Real=0.01s
[2866.079s][info ][safepoint      ] Safepoint "ParallelGCFailedAllocation", Time since last: 16398733317 ns, Reaching safepoint: 5700 ns, Cleanup: 27300 ns, At safepoint: 2643611 ns, Total: 2676611 ns
[2882.524s][info ][gc,start       ] GC(198) Pause Young (Allocation Failure)
[2882.525s][debug][gc,phases      ] GC(198) Scavenge 1.274ms
[2882.525s][debug][gc,ref         ] GC(198) Skipped phase 1 of Reference Processing: no references
[2882.525s][debug][gc,ref         ] GC(198) Skipped phase 2 of Reference Processing: no references
[2882.525s][debug][gc,ref         ] GC(198) Skipped phase 3 of Reference Processing: no references
[2882.525s][debug][gc,ref         ] GC(198) ReferenceProcessor::execute queues: 1, RefProcThreadModel::Single, marks_oops_alive: false
[2882.525s][debug][gc,phases      ] GC(198) Reference Processing 0.090ms
[2882.525s][debug][gc,phases      ] GC(198)   VM Weak                        Min:  0.0, Avg:  0.0, Max:  0.0, Diff:  0.0, Sum:  0.0, Workers: 4
[2882.525s][debug][gc,phases      ] GC(198)     Dead                           Min: 0, Avg:  0.0, Max: 0, Diff: 0, Sum: 0, Workers: 4
[2882.525s][debug][gc,phases      ] GC(198)     Total                          Min: 0, Avg: 172.8, Max: 691, Diff: 691, Sum: 691, Workers: 4
[2882.525s][debug][gc,phases      ] GC(198)   ObjectSynchronizer Weak        Min:  0.0, Avg:  0.0, Max:  0.0, Diff:  0.0, Sum:  0.0, Workers: 4
[2882.525s][debug][gc,phases      ] GC(198)     Dead                           Min: 0, Avg:  0.0, Max: 0, Diff: 0, Sum: 0, Workers: 4
[2882.525s][debug][gc,phases      ] GC(198)     Total                          Min: 0, Avg:  1.0, Max: 4, Diff: 4, Sum: 4, Workers: 4
[2882.525s][debug][gc,phases      ] GC(198)   JVMTI Tag Weak OopStorage      Min:  0.0, Avg:  0.0, Max:  0.0, Diff:  0.0, Sum:  0.0, Workers: 4
[2882.525s][debug][gc,phases      ] GC(198)     Dead                           Min: 0, Avg:  0.0, Max: 0, Diff: 0, Sum: 0, Workers: 4
[2882.525s][debug][gc,phases      ] GC(198)     Total                          Min: 0, Avg:  0.0, Max: 0, Diff: 0, Sum: 0, Workers: 4
[2882.525s][debug][gc,phases      ] GC(198)   StringTable Weak               Min:  0.0, Avg:  0.1, Max:  0.1, Diff:  0.1, Sum:  0.4, Workers: 4
[2882.525s][debug][gc,phases      ] GC(198)     Dead                           Min: 0, Avg:  0.0, Max: 0, Diff: 0, Sum: 0, Workers: 4
[2882.525s][debug][gc,phases      ] GC(198)     Total                          Min: 0, Avg: 10708.0, Max: 19152, Diff: 19152, Sum: 42832, Workers: 4
[2882.525s][debug][gc,phases      ] GC(198)   ResolvedMethodTable Weak       Min:  0.0, Avg:  0.0, Max:  0.0, Diff:  0.0, Sum:  0.1, Workers: 4
[2882.525s][debug][gc,phases      ] GC(198)     Dead                           Min: 0, Avg:  0.0, Max: 0, Diff: 0, Sum: 0, Workers: 4
[2882.525s][debug][gc,phases      ] GC(198)     Total                          Min: 0, Avg: 2283.8, Max: 4218, Diff: 4218, Sum: 9135, Workers: 4
[2882.525s][debug][gc,phases      ] GC(198)   JNI Weak                       Min:  0.0, Avg:  0.0, Max:  0.0, Diff:  0.0, Sum:  0.0, Workers: 4
[2882.525s][debug][gc,phases      ] GC(198)     Dead                           Min: 0, Avg:  0.0, Max: 0, Diff: 0, Sum: 0, Workers: 4
[2882.525s][debug][gc,phases      ] GC(198)     Total                          Min: 0, Avg: 11.2, Max: 45, Diff: 45, Sum: 45, Workers: 4
[2882.525s][debug][gc,phases      ] GC(198)   StringDedup Table Weak         Min:  0.0, Avg:  0.0, Max:  0.0, Diff:  0.0, Sum:  0.0, Workers: 4
[2882.525s][debug][gc,phases      ] GC(198)     Dead                           Min: 0, Avg:  0.0, Max: 0, Diff: 0, Sum: 0, Workers: 4
[2882.525s][debug][gc,phases      ] GC(198)     Total                          Min: 0, Avg:  0.0, Max: 0, Diff: 0, Sum: 0, Workers: 4
[2882.525s][debug][gc,phases      ] GC(198)   StringDedup Requests0 Weak     Min:  0.0, Avg:  0.0, Max:  0.0, Diff:  0.0, Sum:  0.0, Workers: 4
[2882.525s][debug][gc,phases      ] GC(198)     Dead                           Min: 0, Avg:  0.0, Max: 0, Diff: 0, Sum: 0, Workers: 4
[2882.525s][debug][gc,phases      ] GC(198)     Total                          Min: 0, Avg:  0.0, Max: 0, Diff: 0, Sum: 0, Workers: 4
[2882.525s][debug][gc,phases      ] GC(198)   StringDedup Requests1 Weak     Min:  0.0, Avg:  0.0, Max:  0.0, Diff:  0.0, Sum:  0.0, Workers: 4
[2882.525s][debug][gc,phases      ] GC(198)     Dead                           Min: 0, Avg:  0.0, Max: 0, Diff: 0, Sum: 0, Workers: 4
[2882.525s][debug][gc,phases      ] GC(198)     Total                          Min: 0, Avg:  0.0, Max: 0, Diff: 0, Sum: 0, Workers: 4
[2882.525s][debug][gc,phases      ] GC(198)   Weak JFR Old Object Samples    Min:  0.0, Avg:  0.0, Max:  0.0, Diff:  0.0, Sum:  0.0, Workers: 4
[2882.525s][debug][gc,phases      ] GC(198)     Dead                           Min: 0, Avg:  0.0, Max: 0, Diff: 0, Sum: 0, Workers: 4
[2882.525s][debug][gc,phases      ] GC(198)     Total                          Min: 0, Avg:  0.0, Max: 0, Diff: 0, Sum: 0, Workers: 4
[2882.525s][debug][gc,phases      ] GC(198) Weak Processing 0.371ms
[2882.525s][debug][gc,age         ] GC(198) Desired survivor size 524288 bytes, new threshold 15 (max threshold 15)
[2882.525s][info ][gc,heap        ] GC(198) PSYoungGen: 2096256K(2096640K)->224K(2096640K) Eden: 2096128K(2096128K)->0K(2096128K) From: 128K(512K)->224K(512K)
[2882.525s][info ][gc,heap        ] GC(198) ParOldGen: 236358K(324096K)->236358K(324096K)
[2882.525s][info ][gc,metaspace   ] GC(198) Metaspace: 80159K(81024K)->80159K(81024K) NonClass: 68432K(68864K)->68432K(68864K) Class: 11727K(12160K)->11727K(12160K)
[2882.525s][info ][gc             ] GC(198) Pause Young (Allocation Failure) 2277M->231M(2364M) 1.832ms
[2882.525s][info ][gc,cpu         ] GC(198) User=0.00s Sys=0.00s Real=0.00s
[2882.525s][info ][safepoint      ] Safepoint "ParallelGCFailedAllocation", Time since last: 16444932928 ns, Reaching safepoint: 4400 ns, Cleanup: 24500 ns, At safepoint: 1899809 ns, Total: 1928709 ns
[2898.924s][info ][gc,start       ] GC(199) Pause Young (Allocation Failure)
[2898.926s][debug][gc,phases      ] GC(199) Scavenge 1.453ms
[2898.926s][debug][gc,ref         ] GC(199) Skipped phase 1 of Reference Processing: no references
[2898.926s][debug][gc,ref         ] GC(199) Skipped phase 2 of Reference Processing: no references
[2898.926s][debug][gc,ref         ] GC(199) Skipped phase 3 of Reference Processing: no references
[2898.926s][debug][gc,ref         ] GC(199) ReferenceProcessor::execute queues: 1, RefProcThreadModel::Single, marks_oops_alive: false
[2898.926s][debug][gc,phases      ] GC(199) Reference Processing 0.093ms
[2898.926s][debug][gc,phases      ] GC(199)   VM Weak                        Min:  0.0, Avg:  0.0, Max:  0.0, Diff:  0.0, Sum:  0.0, Workers: 4
[2898.926s][debug][gc,phases      ] GC(199)     Dead                           Min: 0, Avg:  0.0, Max: 0, Diff: 0, Sum: 0, Workers: 4
[2898.926s][debug][gc,phases      ] GC(199)     Total                          Min: 0, Avg: 172.8, Max: 576, Diff: 576, Sum: 691, Workers: 4
[2898.926s][debug][gc,phases      ] GC(199)   ObjectSynchronizer Weak        Min:  0.0, Avg:  0.0, Max:  0.0, Diff:  0.0, Sum:  0.0, Workers: 4
[2898.926s][debug][gc,phases      ] GC(199)     Dead                           Min: 0, Avg:  0.0, Max: 0, Diff: 0, Sum: 0, Workers: 4
[2898.926s][debug][gc,phases      ] GC(199)     Total                          Min: 0, Avg:  1.0, Max: 4, Diff: 4, Sum: 4, Workers: 4
[2898.926s][debug][gc,phases      ] GC(199)   JVMTI Tag Weak OopStorage      Min:  0.0, Avg:  0.0, Max:  0.0, Diff:  0.0, Sum:  0.0, Workers: 4
[2898.926s][debug][gc,phases      ] GC(199)     Dead                           Min: 0, Avg:  0.0, Max: 0, Diff: 0, Sum: 0, Workers: 4
[2898.926s][debug][gc,phases      ] GC(199)     Total                          Min: 0, Avg:  0.0, Max: 0, Diff: 0, Sum: 0, Workers: 4
[2898.926s][debug][gc,phases      ] GC(199)   StringTable Weak               Min:  0.0, Avg:  0.1, Max:  0.1, Diff:  0.1, Sum:  0.4, Workers: 4
[2898.926s][debug][gc,phases      ] GC(199)     Dead                           Min: 0, Avg:  0.0, Max: 0, Diff: 0, Sum: 0, Workers: 4
[2898.926s][debug][gc,phases      ] GC(199)     Total                          Min: 0, Avg: 10708.0, Max: 18752, Diff: 18752, Sum: 42832, Workers: 4
[2898.926s][debug][gc,phases      ] GC(199)   ResolvedMethodTable Weak       Min:  0.0, Avg:  0.0, Max:  0.0, Diff:  0.0, Sum:  0.1, Workers: 4
[2898.926s][debug][gc,phases      ] GC(199)     Dead                           Min: 0, Avg:  0.0, Max: 0, Diff: 0, Sum: 0, Workers: 4
[2898.926s][debug][gc,phases      ] GC(199)     Total                          Min: 0, Avg: 2283.8, Max: 4014, Diff: 4014, Sum: 9135, Workers: 4
[2898.926s][debug][gc,phases      ] GC(199)   JNI Weak                       Min:  0.0, Avg:  0.0, Max:  0.0, Diff:  0.0, Sum:  0.0, Workers: 4
[2898.926s][debug][gc,phases      ] GC(199)     Dead                           Min: 0, Avg:  0.0, Max: 0, Diff: 0, Sum: 0, Workers: 4
[2898.926s][debug][gc,phases      ] GC(199)     Total                          Min: 0, Avg: 11.2, Max: 45, Diff: 45, Sum: 45, Workers: 4
[2898.926s][debug][gc,phases      ] GC(199)   StringDedup Table Weak         Min:  0.0, Avg:  0.0, Max:  0.0, Diff:  0.0, Sum:  0.0, Workers: 4
[2898.926s][debug][gc,phases      ] GC(199)     Dead                           Min: 0, Avg:  0.0, Max: 0, Diff: 0, Sum: 0, Workers: 4
[2898.926s][debug][gc,phases      ] GC(199)     Total                          Min: 0, Avg:  0.0, Max: 0, Diff: 0, Sum: 0, Workers: 4
[2898.926s][debug][gc,phases      ] GC(199)   StringDedup Requests0 Weak     Min:  0.0, Avg:  0.0, Max:  0.0, Diff:  0.0, Sum:  0.0, Workers: 4
[2898.926s][debug][gc,phases      ] GC(199)     Dead                           Min: 0, Avg:  0.0, Max: 0, Diff: 0, Sum: 0, Workers: 4
[2898.926s][debug][gc,phases      ] GC(199)     Total                          Min: 0, Avg:  0.0, Max: 0, Diff: 0, Sum: 0, Workers: 4
[2898.926s][debug][gc,phases      ] GC(199)   StringDedup Requests1 Weak     Min:  0.0, Avg:  0.0, Max:  0.0, Diff:  0.0, Sum:  0.0, Workers: 4
[2898.926s][debug][gc,phases      ] GC(199)     Dead                           Min: 0, Avg:  0.0, Max: 0, Diff: 0, Sum: 0, Workers: 4
[2898.926s][debug][gc,phases      ] GC(199)     Total                          Min: 0, Avg:  0.0, Max: 0, Diff: 0, Sum: 0, Workers: 4
[2898.926s][debug][gc,phases      ] GC(199)   Weak JFR Old Object Samples    Min:  0.0, Avg:  0.0, Max:  0.0, Diff:  0.0, Sum:  0.0, Workers: 4
[2898.926s][debug][gc,phases      ] GC(199)     Dead                           Min: 0, Avg:  0.0, Max: 0, Diff: 0, Sum: 0, Workers: 4
[2898.926s][debug][gc,phases      ] GC(199)     Total                          Min: 0, Avg:  0.0, Max: 0, Diff: 0, Sum: 0, Workers: 4
[2898.926s][debug][gc,phases      ] GC(199) Weak Processing 0.348ms
[2898.926s][debug][gc,age         ] GC(199) Desired survivor size 524288 bytes, new threshold 15 (max threshold 15)
[2898.926s][info ][gc,heap        ] GC(199) PSYoungGen: 2096352K(2096640K)->160K(2096640K) Eden: 2096128K(2096128K)->0K(2096128K) From: 224K(512K)->160K(512K)
[2898.926s][info ][gc,heap        ] GC(199) ParOldGen: 236358K(324096K)->236366K(324096K)
[2898.926s][info ][gc,metaspace   ] GC(199) Metaspace: 80159K(81024K)->80159K(81024K) NonClass: 68432K(68864K)->68432K(68864K) Class: 11727K(12160K)->11727K(12160K)
[2898.926s][info ][gc             ] GC(199) Pause Young (Allocation Failure) 2278M->230M(2364M) 1.983ms
[2898.926s][info ][gc,cpu         ] GC(199) User=0.00s Sys=0.01s Real=0.00s
[2898.926s][info ][safepoint      ] Safepoint "ParallelGCFailedAllocation", Time since last: 16398884365 ns, Reaching safepoint: 4500 ns, Cleanup: 48100 ns, At safepoint: 2039609 ns, Total: 2092209 ns
[2905.927s][info ][safepoint      ] Safepoint "Cleanup", Time since last: 7000502614 ns, Reaching safepoint: 74201 ns, Cleanup: 33800 ns, At safepoint: 37000 ns, Total: 145001 ns
[2915.325s][info ][gc,start       ] GC(200) Pause Young (Allocation Failure)
[2915.327s][debug][gc,phases      ] GC(200) Scavenge 1.530ms
[2915.327s][debug][gc,ref         ] GC(200) Skipped phase 1 of Reference Processing: no references
[2915.327s][debug][gc,ref         ] GC(200) Skipped phase 2 of Reference Processing: no references
[2915.327s][debug][gc,ref         ] GC(200) Skipped phase 3 of Reference Processing: no references
[2915.327s][debug][gc,ref         ] GC(200) ReferenceProcessor::execute queues: 1, RefProcThreadModel::Single, marks_oops_alive: false
[2915.327s][debug][gc,phases      ] GC(200) Reference Processing 0.116ms
[2915.327s][debug][gc,phases      ] GC(200)   VM Weak                        Min:  0.0, Avg:  0.0, Max:  0.0, Diff:  0.0, Sum:  0.0, Workers: 4
[2915.327s][debug][gc,phases      ] GC(200)     Dead                           Min: 0, Avg:  0.0, Max: 0, Diff: 0, Sum: 0, Workers: 4
[2915.327s][debug][gc,phases      ] GC(200)     Total                          Min: 0, Avg: 172.8, Max: 627, Diff: 627, Sum: 691, Workers: 4
[2915.327s][debug][gc,phases      ] GC(200)   ObjectSynchronizer Weak        Min:  0.0, Avg:  0.0, Max:  0.0, Diff:  0.0, Sum:  0.0, Workers: 4
[2915.327s][debug][gc,phases      ] GC(200)     Dead                           Min: 0, Avg:  0.0, Max: 0, Diff: 0, Sum: 0, Workers: 4
[2915.327s][debug][gc,phases      ] GC(200)     Total                          Min: 0, Avg:  1.0, Max: 4, Diff: 4, Sum: 4, Workers: 4
[2915.327s][debug][gc,phases      ] GC(200)   JVMTI Tag Weak OopStorage      Min:  0.0, Avg:  0.0, Max:  0.0, Diff:  0.0, Sum:  0.0, Workers: 4
[2915.327s][debug][gc,phases      ] GC(200)     Dead                           Min: 0, Avg:  0.0, Max: 0, Diff: 0, Sum: 0, Workers: 4
[2915.327s][debug][gc,phases      ] GC(200)     Total                          Min: 0, Avg:  0.0, Max: 0, Diff: 0, Sum: 0, Workers: 4
[2915.327s][debug][gc,phases      ] GC(200)   StringTable Weak               Min:  0.0, Avg:  0.1, Max:  0.1, Diff:  0.1, Sum:  0.4, Workers: 4
[2915.327s][debug][gc,phases      ] GC(200)     Dead                           Min: 0, Avg:  0.0, Max: 0, Diff: 0, Sum: 0, Workers: 4
[2915.327s][debug][gc,phases      ] GC(200)     Total                          Min: 0, Avg: 10708.0, Max: 16448, Diff: 16448, Sum: 42832, Workers: 4
[2915.327s][debug][gc,phases      ] GC(200)   ResolvedMethodTable Weak       Min:  0.0, Avg:  0.0, Max:  0.0, Diff:  0.0, Sum:  0.1, Workers: 4
[2915.327s][debug][gc,phases      ] GC(200)     Dead                           Min: 0, Avg:  0.0, Max: 0, Diff: 0, Sum: 0, Workers: 4
[2915.327s][debug][gc,phases      ] GC(200)     Total                          Min: 0, Avg: 2283.8, Max: 3793, Diff: 3793, Sum: 9135, Workers: 4
[2915.327s][debug][gc,phases      ] GC(200)   JNI Weak                       Min:  0.0, Avg:  0.0, Max:  0.0, Diff:  0.0, Sum:  0.0, Workers: 4
[2915.327s][debug][gc,phases      ] GC(200)     Dead                           Min: 0, Avg:  0.0, Max: 0, Diff: 0, Sum: 0, Workers: 4
[2915.327s][debug][gc,phases      ] GC(200)     Total                          Min: 0, Avg: 11.2, Max: 45, Diff: 45, Sum: 45, Workers: 4
[2915.327s][debug][gc,phases      ] GC(200)   StringDedup Table Weak         Min:  0.0, Avg:  0.0, Max:  0.0, Diff:  0.0, Sum:  0.0, Workers: 4
[2915.327s][debug][gc,phases      ] GC(200)     Dead                           Min: 0, Avg:  0.0, Max: 0, Diff: 0, Sum: 0, Workers: 4
[2915.327s][debug][gc,phases      ] GC(200)     Total                          Min: 0, Avg:  0.0, Max: 0, Diff: 0, Sum: 0, Workers: 4
[2915.327s][debug][gc,phases      ] GC(200)   StringDedup Requests0 Weak     Min:  0.0, Avg:  0.0, Max:  0.0, Diff:  0.0, Sum:  0.0, Workers: 4
[2915.327s][debug][gc,phases      ] GC(200)     Dead                           Min: 0, Avg:  0.0, Max: 0, Diff: 0, Sum: 0, Workers: 4
[2915.327s][debug][gc,phases      ] GC(200)     Total                          Min: 0, Avg:  0.0, Max: 0, Diff: 0, Sum: 0, Workers: 4
[2915.327s][debug][gc,phases      ] GC(200)   StringDedup Requests1 Weak     Min:  0.0, Avg:  0.0, Max:  0.0, Diff:  0.0, Sum:  0.0, Workers: 4
[2915.327s][debug][gc,phases      ] GC(200)     Dead                           Min: 0, Avg:  0.0, Max: 0, Diff: 0, Sum: 0, Workers: 4
[2915.327s][debug][gc,phases      ] GC(200)     Total                          Min: 0, Avg:  0.0, Max: 0, Diff: 0, Sum: 0, Workers: 4
[2915.327s][debug][gc,phases      ] GC(200)   Weak JFR Old Object Samples    Min:  0.0, Avg:  0.0, Max:  0.0, Diff:  0.0, Sum:  0.0, Workers: 4
[2915.327s][debug][gc,phases      ] GC(200)     Dead                           Min: 0, Avg:  0.0, Max: 0, Diff: 0, Sum: 0, Workers: 4
[2915.327s][debug][gc,phases      ] GC(200)     Total                          Min: 0, Avg:  0.0, Max: 0, Diff: 0, Sum: 0, Workers: 4
[2915.327s][debug][gc,phases      ] GC(200) Weak Processing 0.339ms
[2915.327s][debug][gc,age         ] GC(200) Desired survivor size 524288 bytes, new threshold 15 (max threshold 15)
[2915.327s][info ][gc,heap        ] GC(200) PSYoungGen: 2096288K(2096640K)->128K(2096640K) Eden: 2096128K(2096128K)->0K(2096128K) From: 160K(512K)->128K(512K)
[2915.327s][info ][gc,heap        ] GC(200) ParOldGen: 236366K(324096K)->236374K(324096K)
[2915.327s][info ][gc,metaspace   ] GC(200) Metaspace: 80159K(81024K)->80159K(81024K) NonClass: 68432K(68864K)->68432K(68864K) Class: 11727K(12160K)->11727K(12160K)
[2915.327s][info ][gc             ] GC(200) Pause Young (Allocation Failure) 2277M->230M(2364M) 2.081ms
[2915.327s][info ][gc,cpu         ] GC(200) User=0.00s Sys=0.00s Real=0.00s
[2915.327s][info ][safepoint      ] Safepoint "ParallelGCFailedAllocation", Time since last: 9398045977 ns, Reaching safepoint: 6200 ns, Cleanup: 44601 ns, At safepoint: 2149509 ns, Total: 2200310 ns
[2931.773s][info ][gc,start       ] GC(201) Pause Young (Allocation Failure)
[2931.775s][debug][gc,phases      ] GC(201) Scavenge 1.386ms
[2931.775s][debug][gc,ref         ] GC(201) Skipped phase 1 of Reference Processing: no references
[2931.775s][debug][gc,ref         ] GC(201) Skipped phase 2 of Reference Processing: no references
[2931.775s][debug][gc,ref         ] GC(201) Skipped phase 3 of Reference Processing: no references
[2931.775s][debug][gc,ref         ] GC(201) ReferenceProcessor::execute queues: 1, RefProcThreadModel::Single, marks_oops_alive: false
[2931.775s][debug][gc,phases      ] GC(201) Reference Processing 0.123ms
[2931.775s][debug][gc,phases      ] GC(201)   VM Weak                        Min:  0.0, Avg:  0.0, Max:  0.0, Diff:  0.0, Sum:  0.0, Workers: 4
[2931.775s][debug][gc,phases      ] GC(201)     Dead                           Min: 0, Avg:  0.0, Max: 0, Diff: 0, Sum: 0, Workers: 4
[2931.775s][debug][gc,phases      ] GC(201)     Total                          Min: 0, Avg: 172.8, Max: 691, Diff: 691, Sum: 691, Workers: 4
[2931.775s][debug][gc,phases      ] GC(201)   ObjectSynchronizer Weak        Min:  0.0, Avg:  0.0, Max:  0.0, Diff:  0.0, Sum:  0.0, Workers: 4
[2931.775s][debug][gc,phases      ] GC(201)     Dead                           Min: 0, Avg:  0.0, Max: 0, Diff: 0, Sum: 0, Workers: 4
[2931.775s][debug][gc,phases      ] GC(201)     Total                          Min: 0, Avg:  1.0, Max: 4, Diff: 4, Sum: 4, Workers: 4
[2931.775s][debug][gc,phases      ] GC(201)   JVMTI Tag Weak OopStorage      Min:  0.0, Avg:  0.0, Max:  0.0, Diff:  0.0, Sum:  0.0, Workers: 4
[2931.775s][debug][gc,phases      ] GC(201)     Dead                           Min: 0, Avg:  0.0, Max: 0, Diff: 0, Sum: 0, Workers: 4
[2931.775s][debug][gc,phases      ] GC(201)     Total                          Min: 0, Avg:  0.0, Max: 0, Diff: 0, Sum: 0, Workers: 4
[2931.775s][debug][gc,phases      ] GC(201)   StringTable Weak               Min:  0.0, Avg:  0.1, Max:  0.1, Diff:  0.1, Sum:  0.4, Workers: 4
[2931.775s][debug][gc,phases      ] GC(201)     Dead                           Min: 0, Avg:  0.0, Max: 0, Diff: 0, Sum: 0, Workers: 4
[2931.775s][debug][gc,phases      ] GC(201)     Total                          Min: 0, Avg: 10708.0, Max: 17536, Diff: 17536, Sum: 42832, Workers: 4
[2931.775s][debug][gc,phases      ] GC(201)   ResolvedMethodTable Weak       Min:  0.0, Avg:  0.0, Max:  0.0, Diff:  0.0, Sum:  0.1, Workers: 4
[2931.775s][debug][gc,phases      ] GC(201)     Dead                           Min: 0, Avg:  0.0, Max: 0, Diff: 0, Sum: 0, Workers: 4
[2931.775s][debug][gc,phases      ] GC(201)     Total                          Min: 0, Avg: 2283.8, Max: 4143, Diff: 4143, Sum: 9135, Workers: 4
[2931.775s][debug][gc,phases      ] GC(201)   JNI Weak                       Min:  0.0, Avg:  0.0, Max:  0.0, Diff:  0.0, Sum:  0.0, Workers: 4
[2931.775s][debug][gc,phases      ] GC(201)     Dead                           Min: 0, Avg:  0.0, Max: 0, Diff: 0, Sum: 0, Workers: 4
[2931.775s][debug][gc,phases      ] GC(201)     Total                          Min: 0, Avg: 11.2, Max: 45, Diff: 45, Sum: 45, Workers: 4
[2931.775s][debug][gc,phases      ] GC(201)   StringDedup Table Weak         Min:  0.0, Avg:  0.0, Max:  0.0, Diff:  0.0, Sum:  0.0, Workers: 4
[2931.775s][debug][gc,phases      ] GC(201)     Dead                           Min: 0, Avg:  0.0, Max: 0, Diff: 0, Sum: 0, Workers: 4
[2931.775s][debug][gc,phases      ] GC(201)     Total                          Min: 0, Avg:  0.0, Max: 0, Diff: 0, Sum: 0, Workers: 4
[2931.775s][debug][gc,phases      ] GC(201)   StringDedup Requests0 Weak     Min:  0.0, Avg:  0.0, Max:  0.0, Diff:  0.0, Sum:  0.0, Workers: 4
[2931.775s][debug][gc,phases      ] GC(201)     Dead                           Min: 0, Avg:  0.0, Max: 0, Diff: 0, Sum: 0, Workers: 4
[2931.775s][debug][gc,phases      ] GC(201)     Total                          Min: 0, Avg:  0.0, Max: 0, Diff: 0, Sum: 0, Workers: 4
[2931.775s][debug][gc,phases      ] GC(201)   StringDedup Requests1 Weak     Min:  0.0, Avg:  0.0, Max:  0.0, Diff:  0.0, Sum:  0.0, Workers: 4
[2931.775s][debug][gc,phases      ] GC(201)     Dead                           Min: 0, Avg:  0.0, Max: 0, Diff: 0, Sum: 0, Workers: 4
[2931.775s][debug][gc,phases      ] GC(201)     Total                          Min: 0, Avg:  0.0, Max: 0, Diff: 0, Sum: 0, Workers: 4
[2931.775s][debug][gc,phases      ] GC(201)   Weak JFR Old Object Samples    Min:  0.0, Avg:  0.0, Max:  0.0, Diff:  0.0, Sum:  0.0, Workers: 4
[2931.775s][debug][gc,phases      ] GC(201)     Dead                           Min: 0, Avg:  0.0, Max: 0, Diff: 0, Sum: 0, Workers: 4
[2931.775s][debug][gc,phases      ] GC(201)     Total                          Min: 0, Avg:  0.0, Max: 0, Diff: 0, Sum: 0, Workers: 4
[2931.775s][debug][gc,phases      ] GC(201) Weak Processing 0.342ms
[2931.775s][debug][gc,age         ] GC(201) Desired survivor size 524288 bytes, new threshold 15 (max threshold 15)
[2931.775s][info ][gc,heap        ] GC(201) PSYoungGen: 2096256K(2096640K)->192K(2096640K) Eden: 2096128K(2096128K)->0K(2096128K) From: 128K(512K)->192K(512K)
[2931.775s][info ][gc,heap        ] GC(201) ParOldGen: 236374K(324096K)->236374K(324096K)
[2931.775s][info ][gc,metaspace   ] GC(201) Metaspace: 80159K(81024K)->80159K(81024K) NonClass: 68432K(68864K)->68432K(68864K) Class: 11727K(12160K)->11727K(12160K)
[2931.775s][info ][gc             ] GC(201) Pause Young (Allocation Failure) 2277M->231M(2364M) 1.942ms
[2931.775s][info ][gc,cpu         ] GC(201) User=0.01s Sys=0.00s Real=0.00s
[2931.775s][info ][safepoint      ] Safepoint "ParallelGCFailedAllocation", Time since last: 16446095825 ns, Reaching safepoint: 4100 ns, Cleanup: 34000 ns, At safepoint: 1997109 ns, Total: 2035209 ns
[2948.174s][info ][gc,start       ] GC(202) Pause Young (Allocation Failure)
[2948.176s][debug][gc,phases      ] GC(202) Scavenge 2.109ms
[2948.176s][debug][gc,ref         ] GC(202) Skipped phase 1 of Reference Processing: no references
[2948.176s][debug][gc,ref         ] GC(202) Skipped phase 2 of Reference Processing: no references
[2948.176s][debug][gc,ref         ] GC(202) Skipped phase 3 of Reference Processing: no references
[2948.176s][debug][gc,ref         ] GC(202) ReferenceProcessor::execute queues: 1, RefProcThreadModel::Single, marks_oops_alive: false
[2948.176s][debug][gc,phases      ] GC(202) Reference Processing 0.097ms
[2948.177s][debug][gc,phases      ] GC(202)   VM Weak                        Min:  0.0, Avg:  0.0, Max:  0.0, Diff:  0.0, Sum:  0.0, Workers: 4
[2948.177s][debug][gc,phases      ] GC(202)     Dead                           Min: 0, Avg:  0.0, Max: 0, Diff: 0, Sum: 0, Workers: 4
[2948.177s][debug][gc,phases      ] GC(202)     Total                          Min: 0, Avg: 172.8, Max: 499, Diff: 499, Sum: 691, Workers: 4
[2948.177s][debug][gc,phases      ] GC(202)   ObjectSynchronizer Weak        Min:  0.0, Avg:  0.0, Max:  0.0, Diff:  0.0, Sum:  0.0, Workers: 4
[2948.177s][debug][gc,phases      ] GC(202)     Dead                           Min: 0, Avg:  0.0, Max: 0, Diff: 0, Sum: 0, Workers: 4
[2948.177s][debug][gc,phases      ] GC(202)     Total                          Min: 0, Avg:  1.0, Max: 4, Diff: 4, Sum: 4, Workers: 4
[2948.177s][debug][gc,phases      ] GC(202)   JVMTI Tag Weak OopStorage      Min:  0.0, Avg:  0.0, Max:  0.0, Diff:  0.0, Sum:  0.0, Workers: 4
[2948.177s][debug][gc,phases      ] GC(202)     Dead                           Min: 0, Avg:  0.0, Max: 0, Diff: 0, Sum: 0, Workers: 4
[2948.177s][debug][gc,phases      ] GC(202)     Total                          Min: 0, Avg:  0.0, Max: 0, Diff: 0, Sum: 0, Workers: 4
[2948.177s][debug][gc,phases      ] GC(202)   StringTable Weak               Min:  0.0, Avg:  0.1, Max:  0.1, Diff:  0.1, Sum:  0.4, Workers: 4
[2948.177s][debug][gc,phases      ] GC(202)     Dead                           Min: 0, Avg:  0.0, Max: 0, Diff: 0, Sum: 0, Workers: 4
[2948.177s][debug][gc,phases      ] GC(202)     Total                          Min: 0, Avg: 10708.0, Max: 17552, Diff: 17552, Sum: 42832, Workers: 4
[2948.177s][debug][gc,phases      ] GC(202)   ResolvedMethodTable Weak       Min:  0.0, Avg:  0.0, Max:  0.0, Diff:  0.0, Sum:  0.1, Workers: 4
[2948.177s][debug][gc,phases      ] GC(202)     Dead                           Min: 0, Avg:  0.0, Max: 0, Diff: 0, Sum: 0, Workers: 4
[2948.177s][debug][gc,phases      ] GC(202)     Total                          Min: 0, Avg: 2283.8, Max: 3633, Diff: 3633, Sum: 9135, Workers: 4
[2948.177s][debug][gc,phases      ] GC(202)   JNI Weak                       Min:  0.0, Avg:  0.0, Max:  0.0, Diff:  0.0, Sum:  0.0, Workers: 4
[2948.177s][debug][gc,phases      ] GC(202)     Dead                           Min: 0, Avg:  0.0, Max: 0, Diff: 0, Sum: 0, Workers: 4
[2948.177s][debug][gc,phases      ] GC(202)     Total                          Min: 0, Avg: 11.2, Max: 45, Diff: 45, Sum: 45, Workers: 4
[2948.177s][debug][gc,phases      ] GC(202)   StringDedup Table Weak         Min:  0.0, Avg:  0.0, Max:  0.0, Diff:  0.0, Sum:  0.0, Workers: 4
[2948.177s][debug][gc,phases      ] GC(202)     Dead                           Min: 0, Avg:  0.0, Max: 0, Diff: 0, Sum: 0, Workers: 4
[2948.177s][debug][gc,phases      ] GC(202)     Total                          Min: 0, Avg:  0.0, Max: 0, Diff: 0, Sum: 0, Workers: 4
[2948.177s][debug][gc,phases      ] GC(202)   StringDedup Requests0 Weak     Min:  0.0, Avg:  0.0, Max:  0.0, Diff:  0.0, Sum:  0.0, Workers: 4
[2948.177s][debug][gc,phases      ] GC(202)     Dead                           Min: 0, Avg:  0.0, Max: 0, Diff: 0, Sum: 0, Workers: 4
[2948.177s][debug][gc,phases      ] GC(202)     Total                          Min: 0, Avg:  0.0, Max: 0, Diff: 0, Sum: 0, Workers: 4
[2948.177s][debug][gc,phases      ] GC(202)   StringDedup Requests1 Weak     Min:  0.0, Avg:  0.0, Max:  0.0, Diff:  0.0, Sum:  0.0, Workers: 4
[2948.177s][debug][gc,phases      ] GC(202)     Dead                           Min: 0, Avg:  0.0, Max: 0, Diff: 0, Sum: 0, Workers: 4
[2948.177s][debug][gc,phases      ] GC(202)     Total                          Min: 0, Avg:  0.0, Max: 0, Diff: 0, Sum: 0, Workers: 4
[2948.177s][debug][gc,phases      ] GC(202)   Weak JFR Old Object Samples    Min:  0.0, Avg:  0.0, Max:  0.0, Diff:  0.0, Sum:  0.0, Workers: 4
[2948.177s][debug][gc,phases      ] GC(202)     Dead                           Min: 0, Avg:  0.0, Max: 0, Diff: 0, Sum: 0, Workers: 4
[2948.177s][debug][gc,phases      ] GC(202)     Total                          Min: 0, Avg:  0.0, Max: 0, Diff: 0, Sum: 0, Workers: 4
[2948.177s][debug][gc,phases      ] GC(202) Weak Processing 0.365ms
[2948.177s][debug][gc,age         ] GC(202) Desired survivor size 524288 bytes, new threshold 15 (max threshold 15)
[2948.177s][info ][gc,heap        ] GC(202) PSYoungGen: 2096320K(2096640K)->256K(2096640K) Eden: 2096128K(2096128K)->0K(2096128K) From: 192K(512K)->256K(512K)
[2948.177s][info ][gc,heap        ] GC(202) ParOldGen: 236374K(324096K)->236382K(324096K)
[2948.177s][info ][gc,metaspace   ] GC(202) Metaspace: 80159K(81024K)->80159K(81024K) NonClass: 68432K(68864K)->68432K(68864K) Class: 11727K(12160K)->11727K(12160K)
[2948.177s][info ][gc             ] GC(202) Pause Young (Allocation Failure) 2278M->231M(2364M) 2.663ms
[2948.177s][info ][gc,cpu         ] GC(202) User=0.00s Sys=0.00s Real=0.00s
[2948.177s][info ][safepoint      ] Safepoint "ParallelGCFailedAllocation", Time since last: 16398643665 ns, Reaching safepoint: 4000 ns, Cleanup: 43500 ns, At safepoint: 2758311 ns, Total: 2805811 ns
[2964.576s][info ][gc,start       ] GC(203) Pause Young (Allocation Failure)
[2964.578s][debug][gc,phases      ] GC(203) Scavenge 2.155ms
[2964.578s][debug][gc,ref         ] GC(203) Skipped phase 1 of Reference Processing: no references
[2964.578s][debug][gc,ref         ] GC(203) Skipped phase 2 of Reference Processing: no references
[2964.578s][debug][gc,ref         ] GC(203) Skipped phase 3 of Reference Processing: no references
[2964.578s][debug][gc,ref         ] GC(203) Skipped phase 4 of Reference Processing: no references
[2964.578s][debug][gc,phases      ] GC(203) Reference Processing 0.034ms
[2964.578s][debug][gc,phases      ] GC(203)   VM Weak                        Min:  0.0, Avg:  0.0, Max:  0.0, Diff:  0.0, Sum:  0.0, Workers: 4
[2964.578s][debug][gc,phases      ] GC(203)     Dead                           Min: 0, Avg:  0.0, Max: 0, Diff: 0, Sum: 0, Workers: 4
[2964.578s][debug][gc,phases      ] GC(203)     Total                          Min: 0, Avg: 172.8, Max: 576, Diff: 576, Sum: 691, Workers: 4
[2964.578s][debug][gc,phases      ] GC(203)   ObjectSynchronizer Weak        Min:  0.0, Avg:  0.0, Max:  0.0, Diff:  0.0, Sum:  0.0, Workers: 4
[2964.578s][debug][gc,phases      ] GC(203)     Dead                           Min: 0, Avg:  0.0, Max: 0, Diff: 0, Sum: 0, Workers: 4
[2964.578s][debug][gc,phases      ] GC(203)     Total                          Min: 0, Avg:  1.0, Max: 4, Diff: 4, Sum: 4, Workers: 4
[2964.578s][debug][gc,phases      ] GC(203)   JVMTI Tag Weak OopStorage      Min:  0.0, Avg:  0.0, Max:  0.0, Diff:  0.0, Sum:  0.0, Workers: 4
[2964.578s][debug][gc,phases      ] GC(203)     Dead                           Min: 0, Avg:  0.0, Max: 0, Diff: 0, Sum: 0, Workers: 4
[2964.578s][debug][gc,phases      ] GC(203)     Total                          Min: 0, Avg:  0.0, Max: 0, Diff: 0, Sum: 0, Workers: 4
[2964.578s][debug][gc,phases      ] GC(203)   StringTable Weak               Min:  0.0, Avg:  0.1, Max:  0.1, Diff:  0.1, Sum:  0.4, Workers: 4
[2964.578s][debug][gc,phases      ] GC(203)     Dead                           Min: 0, Avg:  0.0, Max: 0, Diff: 0, Sum: 0, Workers: 4
[2964.578s][debug][gc,phases      ] GC(203)     Total                          Min: 0, Avg: 10708.0, Max: 17536, Diff: 17536, Sum: 42832, Workers: 4
[2964.578s][debug][gc,phases      ] GC(203)   ResolvedMethodTable Weak       Min:  0.0, Avg:  0.0, Max:  0.0, Diff:  0.0, Sum:  0.1, Workers: 4
[2964.578s][debug][gc,phases      ] GC(203)     Dead                           Min: 0, Avg:  0.0, Max: 0, Diff: 0, Sum: 0, Workers: 4
[2964.578s][debug][gc,phases      ] GC(203)     Total                          Min: 0, Avg: 2283.8, Max: 3838, Diff: 3838, Sum: 9135, Workers: 4
[2964.578s][debug][gc,phases      ] GC(203)   JNI Weak                       Min:  0.0, Avg:  0.0, Max:  0.0, Diff:  0.0, Sum:  0.0, Workers: 4
[2964.578s][debug][gc,phases      ] GC(203)     Dead                           Min: 0, Avg:  0.0, Max: 0, Diff: 0, Sum: 0, Workers: 4
[2964.578s][debug][gc,phases      ] GC(203)     Total                          Min: 0, Avg: 11.2, Max: 45, Diff: 45, Sum: 45, Workers: 4
[2964.578s][debug][gc,phases      ] GC(203)   StringDedup Table Weak         Min:  0.0, Avg:  0.0, Max:  0.0, Diff:  0.0, Sum:  0.0, Workers: 4
[2964.578s][debug][gc,phases      ] GC(203)     Dead                           Min: 0, Avg:  0.0, Max: 0, Diff: 0, Sum: 0, Workers: 4
[2964.578s][debug][gc,phases      ] GC(203)     Total                          Min: 0, Avg:  0.0, Max: 0, Diff: 0, Sum: 0, Workers: 4
[2964.578s][debug][gc,phases      ] GC(203)   StringDedup Requests0 Weak     Min:  0.0, Avg:  0.0, Max:  0.0, Diff:  0.0, Sum:  0.0, Workers: 4
[2964.578s][debug][gc,phases      ] GC(203)     Dead                           Min: 0, Avg:  0.0, Max: 0, Diff: 0, Sum: 0, Workers: 4
[2964.578s][debug][gc,phases      ] GC(203)     Total                          Min: 0, Avg:  0.0, Max: 0, Diff: 0, Sum: 0, Workers: 4
[2964.578s][debug][gc,phases      ] GC(203)   StringDedup Requests1 Weak     Min:  0.0, Avg:  0.0, Max:  0.0, Diff:  0.0, Sum:  0.0, Workers: 4
[2964.578s][debug][gc,phases      ] GC(203)     Dead                           Min: 0, Avg:  0.0, Max: 0, Diff: 0, Sum: 0, Workers: 4
[2964.578s][debug][gc,phases      ] GC(203)     Total                          Min: 0, Avg:  0.0, Max: 0, Diff: 0, Sum: 0, Workers: 4
[2964.578s][debug][gc,phases      ] GC(203)   Weak JFR Old Object Samples    Min:  0.0, Avg:  0.0, Max:  0.0, Diff:  0.0, Sum:  0.0, Workers: 4
[2964.578s][debug][gc,phases      ] GC(203)     Dead                           Min: 0, Avg:  0.0, Max: 0, Diff: 0, Sum: 0, Workers: 4
[2964.578s][debug][gc,phases      ] GC(203)     Total                          Min: 0, Avg:  0.0, Max: 0, Diff: 0, Sum: 0, Workers: 4
[2964.578s][debug][gc,phases      ] GC(203) Weak Processing 0.361ms
[2964.578s][debug][gc,age         ] GC(203) Desired survivor size 524288 bytes, new threshold 15 (max threshold 15)
[2964.578s][info ][gc,heap        ] GC(203) PSYoungGen: 2096384K(2096640K)->128K(2096640K) Eden: 2096128K(2096128K)->0K(2096128K) From: 256K(512K)->128K(512K)
[2964.578s][info ][gc,heap        ] GC(203) ParOldGen: 236382K(324096K)->236406K(324096K)
[2964.578s][info ][gc,metaspace   ] GC(203) Metaspace: 80159K(81024K)->80159K(81024K) NonClass: 68432K(68864K)->68432K(68864K) Class: 11727K(12160K)->11727K(12160K)
[2964.578s][info ][gc             ] GC(203) Pause Young (Allocation Failure) 2278M->230M(2364M) 2.691ms
[2964.578s][info ][gc,cpu         ] GC(203) User=0.01s Sys=0.00s Real=0.01s
[2964.578s][info ][safepoint      ] Safepoint "ParallelGCFailedAllocation", Time since last: 16398760713 ns, Reaching safepoint: 6400 ns, Cleanup: 50300 ns, At safepoint: 2771312 ns, Total: 2828012 ns
[2981.023s][info ][gc,start       ] GC(204) Pause Young (Allocation Failure)
[2981.025s][debug][gc,phases      ] GC(204) Scavenge 2.026ms
[2981.025s][debug][gc,ref         ] GC(204) Skipped phase 1 of Reference Processing: no references
[2981.025s][debug][gc,ref         ] GC(204) Skipped phase 2 of Reference Processing: no references
[2981.025s][debug][gc,ref         ] GC(204) Skipped phase 3 of Reference Processing: no references
[2981.025s][debug][gc,ref         ] GC(204) Skipped phase 4 of Reference Processing: no references
[2981.025s][debug][gc,phases      ] GC(204) Reference Processing 0.022ms
[2981.025s][debug][gc,phases      ] GC(204)   VM Weak                        Min:  0.0, Avg:  0.0, Max:  0.0, Diff:  0.0, Sum:  0.0, Workers: 4
[2981.025s][debug][gc,phases      ] GC(204)     Dead                           Min: 0, Avg:  0.0, Max: 0, Diff: 0, Sum: 0, Workers: 4
[2981.025s][debug][gc,phases      ] GC(204)     Total                          Min: 0, Avg: 172.8, Max: 691, Diff: 691, Sum: 691, Workers: 4
[2981.025s][debug][gc,phases      ] GC(204)   ObjectSynchronizer Weak        Min:  0.0, Avg:  0.0, Max:  0.0, Diff:  0.0, Sum:  0.0, Workers: 4
[2981.025s][debug][gc,phases      ] GC(204)     Dead                           Min: 0, Avg:  0.0, Max: 0, Diff: 0, Sum: 0, Workers: 4
[2981.025s][debug][gc,phases      ] GC(204)     Total                          Min: 0, Avg:  1.0, Max: 4, Diff: 4, Sum: 4, Workers: 4
[2981.025s][debug][gc,phases      ] GC(204)   JVMTI Tag Weak OopStorage      Min:  0.0, Avg:  0.0, Max:  0.0, Diff:  0.0, Sum:  0.0, Workers: 4
[2981.025s][debug][gc,phases      ] GC(204)     Dead                           Min: 0, Avg:  0.0, Max: 0, Diff: 0, Sum: 0, Workers: 4
[2981.025s][debug][gc,phases      ] GC(204)     Total                          Min: 0, Avg:  0.0, Max: 0, Diff: 0, Sum: 0, Workers: 4
[2981.025s][debug][gc,phases      ] GC(204)   StringTable Weak               Min:  0.0, Avg:  0.1, Max:  0.1, Diff:  0.1, Sum:  0.4, Workers: 4
[2981.025s][debug][gc,phases      ] GC(204)     Dead                           Min: 0, Avg:  0.0, Max: 0, Diff: 0, Sum: 0, Workers: 4
[2981.025s][debug][gc,phases      ] GC(204)     Total                          Min: 0, Avg: 10708.0, Max: 18816, Diff: 18816, Sum: 42832, Workers: 4
[2981.025s][debug][gc,phases      ] GC(204)   ResolvedMethodTable Weak       Min:  0.0, Avg:  0.0, Max:  0.0, Diff:  0.0, Sum:  0.1, Workers: 4
[2981.025s][debug][gc,phases      ] GC(204)     Dead                           Min: 0, Avg:  0.0, Max: 0, Diff: 0, Sum: 0, Workers: 4
[2981.025s][debug][gc,phases      ] GC(204)     Total                          Min: 0, Avg: 2283.8, Max: 4008, Diff: 4008, Sum: 9135, Workers: 4
[2981.025s][debug][gc,phases      ] GC(204)   JNI Weak                       Min:  0.0, Avg:  0.0, Max:  0.0, Diff:  0.0, Sum:  0.0, Workers: 4
[2981.025s][debug][gc,phases      ] GC(204)     Dead                           Min: 0, Avg:  0.0, Max: 0, Diff: 0, Sum: 0, Workers: 4
[2981.025s][debug][gc,phases      ] GC(204)     Total                          Min: 0, Avg: 11.2, Max: 45, Diff: 45, Sum: 45, Workers: 4
[2981.025s][debug][gc,phases      ] GC(204)   StringDedup Table Weak         Min:  0.0, Avg:  0.0, Max:  0.0, Diff:  0.0, Sum:  0.0, Workers: 4
[2981.025s][debug][gc,phases      ] GC(204)     Dead                           Min: 0, Avg:  0.0, Max: 0, Diff: 0, Sum: 0, Workers: 4
[2981.025s][debug][gc,phases      ] GC(204)     Total                          Min: 0, Avg:  0.0, Max: 0, Diff: 0, Sum: 0, Workers: 4
[2981.025s][debug][gc,phases      ] GC(204)   StringDedup Requests0 Weak     Min:  0.0, Avg:  0.0, Max:  0.0, Diff:  0.0, Sum:  0.0, Workers: 4
[2981.025s][debug][gc,phases      ] GC(204)     Dead                           Min: 0, Avg:  0.0, Max: 0, Diff: 0, Sum: 0, Workers: 4
[2981.025s][debug][gc,phases      ] GC(204)     Total                          Min: 0, Avg:  0.0, Max: 0, Diff: 0, Sum: 0, Workers: 4
[2981.025s][debug][gc,phases      ] GC(204)   StringDedup Requests1 Weak     Min:  0.0, Avg:  0.0, Max:  0.0, Diff:  0.0, Sum:  0.0, Workers: 4
[2981.025s][debug][gc,phases      ] GC(204)     Dead                           Min: 0, Avg:  0.0, Max: 0, Diff: 0, Sum: 0, Workers: 4
[2981.025s][debug][gc,phases      ] GC(204)     Total                          Min: 0, Avg:  0.0, Max: 0, Diff: 0, Sum: 0, Workers: 4
[2981.025s][debug][gc,phases      ] GC(204)   Weak JFR Old Object Samples    Min:  0.0, Avg:  0.0, Max:  0.0, Diff:  0.0, Sum:  0.0, Workers: 4
[2981.025s][debug][gc,phases      ] GC(204)     Dead                           Min: 0, Avg:  0.0, Max: 0, Diff: 0, Sum: 0, Workers: 4
[2981.025s][debug][gc,phases      ] GC(204)     Total                          Min: 0, Avg:  0.0, Max: 0, Diff: 0, Sum: 0, Workers: 4
[2981.025s][debug][gc,phases      ] GC(204) Weak Processing 0.353ms
[2981.025s][debug][gc,age         ] GC(204) Desired survivor size 524288 bytes, new threshold 15 (max threshold 15)
[2981.025s][info ][gc,heap        ] GC(204) PSYoungGen: 2096256K(2096640K)->256K(2096640K) Eden: 2096128K(2096128K)->0K(2096128K) From: 128K(512K)->256K(512K)
[2981.025s][info ][gc,heap        ] GC(204) ParOldGen: 236406K(324096K)->236406K(324096K)
[2981.025s][info ][gc,metaspace   ] GC(204) Metaspace: 80159K(81024K)->80159K(81024K) NonClass: 68432K(68864K)->68432K(68864K) Class: 11727K(12160K)->11727K(12160K)
[2981.025s][info ][gc             ] GC(204) Pause Young (Allocation Failure) 2277M->231M(2364M) 2.515ms
[2981.025s][info ][gc,cpu         ] GC(204) User=0.01s Sys=0.00s Real=0.00s
[2981.025s][info ][safepoint      ] Safepoint "ParallelGCFailedAllocation", Time since last: 16444401739 ns, Reaching safepoint: 4300 ns, Cleanup: 27400 ns, At safepoint: 2603311 ns, Total: 2635011 ns
[2997.424s][info ][gc,start       ] GC(205) Pause Young (Allocation Failure)
[2997.427s][debug][gc,phases      ] GC(205) Scavenge 2.683ms
[2997.427s][debug][gc,ref         ] GC(205) Skipped phase 1 of Reference Processing: no references
[2997.427s][debug][gc,ref         ] GC(205) Skipped phase 2 of Reference Processing: no references
[2997.427s][debug][gc,ref         ] GC(205) Skipped phase 3 of Reference Processing: no references
[2997.427s][debug][gc,ref         ] GC(205) Skipped phase 4 of Reference Processing: no references
[2997.427s][debug][gc,phases      ] GC(205) Reference Processing 0.042ms
[2997.428s][debug][gc,phases      ] GC(205)   VM Weak                        Min:  0.0, Avg:  0.0, Max:  0.0, Diff:  0.0, Sum:  0.0, Workers: 4
[2997.428s][debug][gc,phases      ] GC(205)     Dead                           Min: 0, Avg:  0.0, Max: 0, Diff: 0, Sum: 0, Workers: 4
[2997.428s][debug][gc,phases      ] GC(205)     Total                          Min: 0, Avg: 172.8, Max: 576, Diff: 576, Sum: 691, Workers: 4
[2997.428s][debug][gc,phases      ] GC(205)   ObjectSynchronizer Weak        Min:  0.0, Avg:  0.0, Max:  0.0, Diff:  0.0, Sum:  0.0, Workers: 4
[2997.428s][debug][gc,phases      ] GC(205)     Dead                           Min: 0, Avg:  0.0, Max: 0, Diff: 0, Sum: 0, Workers: 4
[2997.428s][debug][gc,phases      ] GC(205)     Total                          Min: 0, Avg:  1.0, Max: 4, Diff: 4, Sum: 4, Workers: 4
[2997.428s][debug][gc,phases      ] GC(205)   JVMTI Tag Weak OopStorage      Min:  0.0, Avg:  0.0, Max:  0.0, Diff:  0.0, Sum:  0.0, Workers: 4
[2997.428s][debug][gc,phases      ] GC(205)     Dead                           Min: 0, Avg:  0.0, Max: 0, Diff: 0, Sum: 0, Workers: 4
[2997.428s][debug][gc,phases      ] GC(205)     Total                          Min: 0, Avg:  0.0, Max: 0, Diff: 0, Sum: 0, Workers: 4
[2997.428s][debug][gc,phases      ] GC(205)   StringTable Weak               Min:  0.0, Avg:  0.1, Max:  0.3, Diff:  0.3, Sum:  0.5, Workers: 4
[2997.428s][debug][gc,phases      ] GC(205)     Dead                           Min: 0, Avg:  0.0, Max: 0, Diff: 0, Sum: 0, Workers: 4
[2997.428s][debug][gc,phases      ] GC(205)     Total                          Min: 0, Avg: 10708.0, Max: 26832, Diff: 26832, Sum: 42832, Workers: 4
[2997.428s][debug][gc,phases      ] GC(205)   ResolvedMethodTable Weak       Min:  0.0, Avg:  0.0, Max:  0.1, Diff:  0.1, Sum:  0.2, Workers: 4
[2997.428s][debug][gc,phases      ] GC(205)     Dead                           Min: 0, Avg:  0.0, Max: 0, Diff: 0, Sum: 0, Workers: 4
[2997.428s][debug][gc,phases      ] GC(205)     Total                          Min: 0, Avg: 2283.8, Max: 7217, Diff: 7217, Sum: 9135, Workers: 4
[2997.428s][debug][gc,phases      ] GC(205)   JNI Weak                       Min:  0.0, Avg:  0.0, Max:  0.0, Diff:  0.0, Sum:  0.0, Workers: 4
[2997.428s][debug][gc,phases      ] GC(205)     Dead                           Min: 0, Avg:  0.0, Max: 0, Diff: 0, Sum: 0, Workers: 4
[2997.428s][debug][gc,phases      ] GC(205)     Total                          Min: 0, Avg: 11.2, Max: 45, Diff: 45, Sum: 45, Workers: 4
[2997.428s][debug][gc,phases      ] GC(205)   StringDedup Table Weak         Min:  0.0, Avg:  0.0, Max:  0.0, Diff:  0.0, Sum:  0.0, Workers: 4
[2997.428s][debug][gc,phases      ] GC(205)     Dead                           Min: 0, Avg:  0.0, Max: 0, Diff: 0, Sum: 0, Workers: 4
[2997.428s][debug][gc,phases      ] GC(205)     Total                          Min: 0, Avg:  0.0, Max: 0, Diff: 0, Sum: 0, Workers: 4
[2997.428s][debug][gc,phases      ] GC(205)   StringDedup Requests0 Weak     Min:  0.0, Avg:  0.0, Max:  0.0, Diff:  0.0, Sum:  0.0, Workers: 4
[2997.428s][debug][gc,phases      ] GC(205)     Dead                           Min: 0, Avg:  0.0, Max: 0, Diff: 0, Sum: 0, Workers: 4
[2997.428s][debug][gc,phases      ] GC(205)     Total                          Min: 0, Avg:  0.0, Max: 0, Diff: 0, Sum: 0, Workers: 4
[2997.428s][debug][gc,phases      ] GC(205)   StringDedup Requests1 Weak     Min:  0.0, Avg:  0.0, Max:  0.0, Diff:  0.0, Sum:  0.0, Workers: 4
[2997.428s][debug][gc,phases      ] GC(205)     Dead                           Min: 0, Avg:  0.0, Max: 0, Diff: 0, Sum: 0, Workers: 4
[2997.428s][debug][gc,phases      ] GC(205)     Total                          Min: 0, Avg:  0.0, Max: 0, Diff: 0, Sum: 0, Workers: 4
[2997.428s][debug][gc,phases      ] GC(205)   Weak JFR Old Object Samples    Min:  0.0, Avg:  0.0, Max:  0.0, Diff:  0.0, Sum:  0.0, Workers: 4
[2997.428s][debug][gc,phases      ] GC(205)     Dead                           Min: 0, Avg:  0.0, Max: 0, Diff: 0, Sum: 0, Workers: 4
[2997.428s][debug][gc,phases      ] GC(205)     Total                          Min: 0, Avg:  0.0, Max: 0, Diff: 0, Sum: 0, Workers: 4
[2997.428s][debug][gc,phases      ] GC(205) Weak Processing 0.658ms
[2997.428s][debug][gc,age         ] GC(205) Desired survivor size 524288 bytes, new threshold 15 (max threshold 15)
[2997.428s][info ][gc,heap        ] GC(205) PSYoungGen: 2096384K(2096640K)->160K(2096640K) Eden: 2096128K(2096128K)->0K(2096128K) From: 256K(512K)->160K(512K)
[2997.428s][info ][gc,heap        ] GC(205) ParOldGen: 236406K(324096K)->236414K(324096K)
[2997.428s][info ][gc,metaspace   ] GC(205) Metaspace: 80159K(81024K)->80159K(81024K) NonClass: 68432K(68864K)->68432K(68864K) Class: 11727K(12160K)->11727K(12160K)
[2997.428s][info ][gc             ] GC(205) Pause Young (Allocation Failure) 2278M->231M(2364M) 3.498ms
[2997.428s][info ][gc,cpu         ] GC(205) User=0.00s Sys=0.00s Real=0.00s
[2997.428s][info ][safepoint      ] Safepoint "ParallelGCFailedAllocation", Time since last: 16398709467 ns, Reaching safepoint: 19600 ns, Cleanup: 40600 ns, At safepoint: 3573915 ns, Total: 3634115 ns
[3013.429s][info ][safepoint      ] Safepoint "Cleanup", Time since last: 16001067649 ns, Reaching safepoint: 5100 ns, Cleanup: 48300 ns, At safepoint: 2600 ns, Total: 56000 ns
[3013.722s][info ][gc,start       ] GC(206) Pause Young (Allocation Failure)
[3013.724s][debug][gc,phases      ] GC(206) Scavenge 1.891ms
[3013.724s][debug][gc,ref         ] GC(206) Skipped phase 1 of Reference Processing: no references
[3013.724s][debug][gc,ref         ] GC(206) Skipped phase 2 of Reference Processing: no references
[3013.724s][debug][gc,ref         ] GC(206) Skipped phase 3 of Reference Processing: no references
[3013.724s][debug][gc,ref         ] GC(206) Skipped phase 4 of Reference Processing: no references
[3013.724s][debug][gc,phases      ] GC(206) Reference Processing 0.020ms
[3013.724s][debug][gc,phases      ] GC(206)   VM Weak                        Min:  0.0, Avg:  0.0, Max:  0.0, Diff:  0.0, Sum:  0.0, Workers: 4
[3013.724s][debug][gc,phases      ] GC(206)     Dead                           Min: 0, Avg:  0.0, Max: 0, Diff: 0, Sum: 0, Workers: 4
[3013.724s][debug][gc,phases      ] GC(206)     Total                          Min: 0, Avg: 172.8, Max: 256, Diff: 256, Sum: 691, Workers: 4
[3013.724s][debug][gc,phases      ] GC(206)   ObjectSynchronizer Weak        Min:  0.0, Avg:  0.0, Max:  0.0, Diff:  0.0, Sum:  0.0, Workers: 4
[3013.724s][debug][gc,phases      ] GC(206)     Dead                           Min: 0, Avg:  0.0, Max: 0, Diff: 0, Sum: 0, Workers: 4
[3013.724s][debug][gc,phases      ] GC(206)     Total                          Min: 0, Avg:  1.0, Max: 4, Diff: 4, Sum: 4, Workers: 4
[3013.724s][debug][gc,phases      ] GC(206)   JVMTI Tag Weak OopStorage      Min:  0.0, Avg:  0.0, Max:  0.0, Diff:  0.0, Sum:  0.0, Workers: 4
[3013.724s][debug][gc,phases      ] GC(206)     Dead                           Min: 0, Avg:  0.0, Max: 0, Diff: 0, Sum: 0, Workers: 4
[3013.724s][debug][gc,phases      ] GC(206)     Total                          Min: 0, Avg:  0.0, Max: 0, Diff: 0, Sum: 0, Workers: 4
[3013.724s][debug][gc,phases      ] GC(206)   StringTable Weak               Min:  0.0, Avg:  0.1, Max:  0.1, Diff:  0.1, Sum:  0.4, Workers: 4
[3013.724s][debug][gc,phases      ] GC(206)     Dead                           Min: 0, Avg:  0.0, Max: 0, Diff: 0, Sum: 0, Workers: 4
[3013.724s][debug][gc,phases      ] GC(206)     Total                          Min: 0, Avg: 10708.5, Max: 17536, Diff: 17536, Sum: 42834, Workers: 4
[3013.724s][debug][gc,phases      ] GC(206)   ResolvedMethodTable Weak       Min:  0.0, Avg:  0.0, Max:  0.0, Diff:  0.0, Sum:  0.1, Workers: 4
[3013.724s][debug][gc,phases      ] GC(206)     Dead                           Min: 0, Avg:  0.0, Max: 0, Diff: 0, Sum: 0, Workers: 4
[3013.724s][debug][gc,phases      ] GC(206)     Total                          Min: 0, Avg: 2283.8, Max: 4157, Diff: 4157, Sum: 9135, Workers: 4
[3013.724s][debug][gc,phases      ] GC(206)   JNI Weak                       Min:  0.0, Avg:  0.0, Max:  0.0, Diff:  0.0, Sum:  0.0, Workers: 4
[3013.724s][debug][gc,phases      ] GC(206)     Dead                           Min: 0, Avg:  0.0, Max: 0, Diff: 0, Sum: 0, Workers: 4
[3013.724s][debug][gc,phases      ] GC(206)     Total                          Min: 0, Avg: 11.2, Max: 45, Diff: 45, Sum: 45, Workers: 4
[3013.724s][debug][gc,phases      ] GC(206)   StringDedup Table Weak         Min:  0.0, Avg:  0.0, Max:  0.0, Diff:  0.0, Sum:  0.0, Workers: 4
[3013.724s][debug][gc,phases      ] GC(206)     Dead                           Min: 0, Avg:  0.0, Max: 0, Diff: 0, Sum: 0, Workers: 4
[3013.724s][debug][gc,phases      ] GC(206)     Total                          Min: 0, Avg:  0.0, Max: 0, Diff: 0, Sum: 0, Workers: 4
[3013.724s][debug][gc,phases      ] GC(206)   StringDedup Requests0 Weak     Min:  0.0, Avg:  0.0, Max:  0.0, Diff:  0.0, Sum:  0.0, Workers: 4
[3013.724s][debug][gc,phases      ] GC(206)     Dead                           Min: 0, Avg:  0.0, Max: 0, Diff: 0, Sum: 0, Workers: 4
[3013.724s][debug][gc,phases      ] GC(206)     Total                          Min: 0, Avg:  0.0, Max: 0, Diff: 0, Sum: 0, Workers: 4
[3013.724s][debug][gc,phases      ] GC(206)   StringDedup Requests1 Weak     Min:  0.0, Avg:  0.0, Max:  0.0, Diff:  0.0, Sum:  0.0, Workers: 4
[3013.724s][debug][gc,phases      ] GC(206)     Dead                           Min: 0, Avg:  0.0, Max: 0, Diff: 0, Sum: 0, Workers: 4
[3013.724s][debug][gc,phases      ] GC(206)     Total                          Min: 0, Avg:  0.0, Max: 0, Diff: 0, Sum: 0, Workers: 4
[3013.724s][debug][gc,phases      ] GC(206)   Weak JFR Old Object Samples    Min:  0.0, Avg:  0.0, Max:  0.0, Diff:  0.0, Sum:  0.0, Workers: 4
[3013.724s][debug][gc,phases      ] GC(206)     Dead                           Min: 0, Avg:  0.0, Max: 0, Diff: 0, Sum: 0, Workers: 4
[3013.724s][debug][gc,phases      ] GC(206)     Total                          Min: 0, Avg:  0.0, Max: 0, Diff: 0, Sum: 0, Workers: 4
[3013.724s][debug][gc,phases      ] GC(206) Weak Processing 0.344ms
[3013.724s][debug][gc,age         ] GC(206) Desired survivor size 524288 bytes, new threshold 15 (max threshold 15)
[3013.724s][info ][gc,heap        ] GC(206) PSYoungGen: 2096288K(2096640K)->96K(2096640K) Eden: 2096128K(2096128K)->0K(2096128K) From: 160K(512K)->96K(512K)
[3013.724s][info ][gc,heap        ] GC(206) ParOldGen: 236414K(324096K)->236430K(324096K)
[3013.724s][info ][gc,metaspace   ] GC(206) Metaspace: 80169K(81088K)->80169K(81088K) NonClass: 68442K(68928K)->68442K(68928K) Class: 11727K(12160K)->11727K(12160K)
[3013.725s][info ][gc             ] GC(206) Pause Young (Allocation Failure) 2278M->230M(2364M) 2.351ms
[3013.725s][info ][gc,cpu         ] GC(206) User=0.00s Sys=0.00s Real=0.00s
[3013.725s][info ][safepoint      ] Safepoint "ParallelGCFailedAllocation", Time since last: 293071010 ns, Reaching safepoint: 74000 ns, Cleanup: 22200 ns, At safepoint: 2411910 ns, Total: 2508110 ns
[3030.078s][info ][gc,start       ] GC(207) Pause Young (Allocation Failure)
[3030.080s][debug][gc,phases      ] GC(207) Scavenge 2.081ms
[3030.080s][debug][gc,ref         ] GC(207) Skipped phase 1 of Reference Processing: no references
[3030.080s][debug][gc,ref         ] GC(207) Skipped phase 2 of Reference Processing: no references
[3030.080s][debug][gc,ref         ] GC(207) Skipped phase 3 of Reference Processing: no references
[3030.080s][debug][gc,ref         ] GC(207) Skipped phase 4 of Reference Processing: no references
[3030.080s][debug][gc,phases      ] GC(207) Reference Processing 0.021ms
[3030.080s][debug][gc,phases      ] GC(207)   VM Weak                        Min:  0.0, Avg:  0.0, Max:  0.0, Diff:  0.0, Sum:  0.0, Workers: 4
[3030.080s][debug][gc,phases      ] GC(207)     Dead                           Min: 0, Avg:  0.0, Max: 0, Diff: 0, Sum: 0, Workers: 4
[3030.080s][debug][gc,phases      ] GC(207)     Total                          Min: 0, Avg: 172.8, Max: 371, Diff: 371, Sum: 691, Workers: 4
[3030.080s][debug][gc,phases      ] GC(207)   ObjectSynchronizer Weak        Min:  0.0, Avg:  0.0, Max:  0.0, Diff:  0.0, Sum:  0.0, Workers: 4
[3030.080s][debug][gc,phases      ] GC(207)     Dead                           Min: 0, Avg:  0.0, Max: 0, Diff: 0, Sum: 0, Workers: 4
[3030.080s][debug][gc,phases      ] GC(207)     Total                          Min: 0, Avg:  1.0, Max: 4, Diff: 4, Sum: 4, Workers: 4
[3030.080s][debug][gc,phases      ] GC(207)   JVMTI Tag Weak OopStorage      Min:  0.0, Avg:  0.0, Max:  0.0, Diff:  0.0, Sum:  0.0, Workers: 4
[3030.080s][debug][gc,phases      ] GC(207)     Dead                           Min: 0, Avg:  0.0, Max: 0, Diff: 0, Sum: 0, Workers: 4
[3030.080s][debug][gc,phases      ] GC(207)     Total                          Min: 0, Avg:  0.0, Max: 0, Diff: 0, Sum: 0, Workers: 4
[3030.080s][debug][gc,phases      ] GC(207)   StringTable Weak               Min:  0.0, Avg:  0.1, Max:  0.2, Diff:  0.2, Sum:  0.5, Workers: 4
[3030.080s][debug][gc,phases      ] GC(207)     Dead                           Min: 0, Avg:  0.0, Max: 0, Diff: 0, Sum: 0, Workers: 4
[3030.080s][debug][gc,phases      ] GC(207)     Total                          Min: 0, Avg: 10708.5, Max: 19328, Diff: 19328, Sum: 42834, Workers: 4
[3030.080s][debug][gc,phases      ] GC(207)   ResolvedMethodTable Weak       Min:  0.0, Avg:  0.0, Max:  0.0, Diff:  0.0, Sum:  0.1, Workers: 4
[3030.080s][debug][gc,phases      ] GC(207)     Dead                           Min: 0, Avg:  0.0, Max: 0, Diff: 0, Sum: 0, Workers: 4
[3030.080s][debug][gc,phases      ] GC(207)     Total                          Min: 0, Avg: 2283.8, Max: 5317, Diff: 5317, Sum: 9135, Workers: 4
[3030.080s][debug][gc,phases      ] GC(207)   JNI Weak                       Min:  0.0, Avg:  0.0, Max:  0.0, Diff:  0.0, Sum:  0.0, Workers: 4
[3030.080s][debug][gc,phases      ] GC(207)     Dead                           Min: 0, Avg:  0.0, Max: 0, Diff: 0, Sum: 0, Workers: 4
[3030.080s][debug][gc,phases      ] GC(207)     Total                          Min: 0, Avg: 11.2, Max: 45, Diff: 45, Sum: 45, Workers: 4
[3030.080s][debug][gc,phases      ] GC(207)   StringDedup Table Weak         Min:  0.0, Avg:  0.0, Max:  0.0, Diff:  0.0, Sum:  0.0, Workers: 4
[3030.080s][debug][gc,phases      ] GC(207)     Dead                           Min: 0, Avg:  0.0, Max: 0, Diff: 0, Sum: 0, Workers: 4
[3030.080s][debug][gc,phases      ] GC(207)     Total                          Min: 0, Avg:  0.0, Max: 0, Diff: 0, Sum: 0, Workers: 4
[3030.080s][debug][gc,phases      ] GC(207)   StringDedup Requests0 Weak     Min:  0.0, Avg:  0.0, Max:  0.0, Diff:  0.0, Sum:  0.0, Workers: 4
[3030.080s][debug][gc,phases      ] GC(207)     Dead                           Min: 0, Avg:  0.0, Max: 0, Diff: 0, Sum: 0, Workers: 4
[3030.080s][debug][gc,phases      ] GC(207)     Total                          Min: 0, Avg:  0.0, Max: 0, Diff: 0, Sum: 0, Workers: 4
[3030.080s][debug][gc,phases      ] GC(207)   StringDedup Requests1 Weak     Min:  0.0, Avg:  0.0, Max:  0.0, Diff:  0.0, Sum:  0.0, Workers: 4
[3030.080s][debug][gc,phases      ] GC(207)     Dead                           Min: 0, Avg:  0.0, Max: 0, Diff: 0, Sum: 0, Workers: 4
[3030.080s][debug][gc,phases      ] GC(207)     Total                          Min: 0, Avg:  0.0, Max: 0, Diff: 0, Sum: 0, Workers: 4
[3030.080s][debug][gc,phases      ] GC(207)   Weak JFR Old Object Samples    Min:  0.0, Avg:  0.0, Max:  0.0, Diff:  0.0, Sum:  0.0, Workers: 4
[3030.080s][debug][gc,phases      ] GC(207)     Dead                           Min: 0, Avg:  0.0, Max: 0, Diff: 0, Sum: 0, Workers: 4
[3030.080s][debug][gc,phases      ] GC(207)     Total                          Min: 0, Avg:  0.0, Max: 0, Diff: 0, Sum: 0, Workers: 4
[3030.080s][debug][gc,phases      ] GC(207) Weak Processing 0.389ms
[3030.080s][debug][gc,age         ] GC(207) Desired survivor size 524288 bytes, new threshold 15 (max threshold 15)
[3030.080s][info ][gc,heap        ] GC(207) PSYoungGen: 2096224K(2096640K)->128K(2096640K) Eden: 2096128K(2096128K)->0K(2096128K) From: 96K(512K)->128K(512K)
[3030.080s][info ][gc,heap        ] GC(207) ParOldGen: 236430K(324096K)->236430K(324096K)
[3030.080s][info ][gc,metaspace   ] GC(207) Metaspace: 80169K(81088K)->80169K(81088K) NonClass: 68442K(68928K)->68442K(68928K) Class: 11727K(12160K)->11727K(12160K)
[3030.080s][info ][gc             ] GC(207) Pause Young (Allocation Failure) 2277M->231M(2364M) 2.596ms
[3030.080s][info ][gc,cpu         ] GC(207) User=0.00s Sys=0.00s Real=0.01s
[3030.080s][info ][safepoint      ] Safepoint "ParallelGCFailedAllocation", Time since last: 16352879671 ns, Reaching safepoint: 5400 ns, Cleanup: 68500 ns, At safepoint: 2663411 ns, Total: 2737311 ns
[3046.524s][info ][gc,start       ] GC(208) Pause Young (Allocation Failure)
[3046.525s][debug][gc,phases      ] GC(208) Scavenge 1.372ms
[3046.525s][debug][gc,ref         ] GC(208) Skipped phase 1 of Reference Processing: no references
[3046.525s][debug][gc,ref         ] GC(208) Skipped phase 2 of Reference Processing: no references
[3046.525s][debug][gc,ref         ] GC(208) Skipped phase 3 of Reference Processing: no references
[3046.525s][debug][gc,ref         ] GC(208) Skipped phase 4 of Reference Processing: no references
[3046.525s][debug][gc,phases      ] GC(208) Reference Processing 0.023ms
[3046.526s][debug][gc,phases      ] GC(208)   VM Weak                        Min:  0.0, Avg:  0.0, Max:  0.0, Diff:  0.0, Sum:  0.0, Workers: 4
[3046.526s][debug][gc,phases      ] GC(208)     Dead                           Min: 0, Avg:  0.0, Max: 0, Diff: 0, Sum: 0, Workers: 4
[3046.526s][debug][gc,phases      ] GC(208)     Total                          Min: 0, Avg: 172.8, Max: 371, Diff: 371, Sum: 691, Workers: 4
[3046.526s][debug][gc,phases      ] GC(208)   ObjectSynchronizer Weak        Min:  0.0, Avg:  0.0, Max:  0.0, Diff:  0.0, Sum:  0.0, Workers: 4
[3046.526s][debug][gc,phases      ] GC(208)     Dead                           Min: 0, Avg:  0.0, Max: 0, Diff: 0, Sum: 0, Workers: 4
[3046.526s][debug][gc,phases      ] GC(208)     Total                          Min: 0, Avg:  1.0, Max: 4, Diff: 4, Sum: 4, Workers: 4
[3046.526s][debug][gc,phases      ] GC(208)   JVMTI Tag Weak OopStorage      Min:  0.0, Avg:  0.0, Max:  0.0, Diff:  0.0, Sum:  0.0, Workers: 4
[3046.526s][debug][gc,phases      ] GC(208)     Dead                           Min: 0, Avg:  0.0, Max: 0, Diff: 0, Sum: 0, Workers: 4
[3046.526s][debug][gc,phases      ] GC(208)     Total                          Min: 0, Avg:  0.0, Max: 0, Diff: 0, Sum: 0, Workers: 4
[3046.526s][debug][gc,phases      ] GC(208)   StringTable Weak               Min:  0.0, Avg:  0.1, Max:  0.1, Diff:  0.1, Sum:  0.4, Workers: 4
[3046.526s][debug][gc,phases      ] GC(208)     Dead                           Min: 0, Avg:  0.0, Max: 0, Diff: 0, Sum: 0, Workers: 4
[3046.526s][debug][gc,phases      ] GC(208)     Total                          Min: 0, Avg: 10708.5, Max: 17810, Diff: 17810, Sum: 42834, Workers: 4
[3046.526s][debug][gc,phases      ] GC(208)   ResolvedMethodTable Weak       Min:  0.0, Avg:  0.0, Max:  0.0, Diff:  0.0, Sum:  0.1, Workers: 4
[3046.526s][debug][gc,phases      ] GC(208)     Dead                           Min: 0, Avg:  0.0, Max: 0, Diff: 0, Sum: 0, Workers: 4
[3046.526s][debug][gc,phases      ] GC(208)     Total                          Min: 0, Avg: 2283.8, Max: 3728, Diff: 3728, Sum: 9135, Workers: 4
[3046.526s][debug][gc,phases      ] GC(208)   JNI Weak                       Min:  0.0, Avg:  0.0, Max:  0.0, Diff:  0.0, Sum:  0.0, Workers: 4
[3046.526s][debug][gc,phases      ] GC(208)     Dead                           Min: 0, Avg:  0.0, Max: 0, Diff: 0, Sum: 0, Workers: 4
[3046.526s][debug][gc,phases      ] GC(208)     Total                          Min: 0, Avg: 11.2, Max: 45, Diff: 45, Sum: 45, Workers: 4
[3046.526s][debug][gc,phases      ] GC(208)   StringDedup Table Weak         Min:  0.0, Avg:  0.0, Max:  0.0, Diff:  0.0, Sum:  0.0, Workers: 4
[3046.526s][debug][gc,phases      ] GC(208)     Dead                           Min: 0, Avg:  0.0, Max: 0, Diff: 0, Sum: 0, Workers: 4
[3046.526s][debug][gc,phases      ] GC(208)     Total                          Min: 0, Avg:  0.0, Max: 0, Diff: 0, Sum: 0, Workers: 4
[3046.526s][debug][gc,phases      ] GC(208)   StringDedup Requests0 Weak     Min:  0.0, Avg:  0.0, Max:  0.0, Diff:  0.0, Sum:  0.0, Workers: 4
[3046.526s][debug][gc,phases      ] GC(208)     Dead                           Min: 0, Avg:  0.0, Max: 0, Diff: 0, Sum: 0, Workers: 4
[3046.526s][debug][gc,phases      ] GC(208)     Total                          Min: 0, Avg:  0.0, Max: 0, Diff: 0, Sum: 0, Workers: 4
[3046.526s][debug][gc,phases      ] GC(208)   StringDedup Requests1 Weak     Min:  0.0, Avg:  0.0, Max:  0.0, Diff:  0.0, Sum:  0.0, Workers: 4
[3046.526s][debug][gc,phases      ] GC(208)     Dead                           Min: 0, Avg:  0.0, Max: 0, Diff: 0, Sum: 0, Workers: 4
[3046.526s][debug][gc,phases      ] GC(208)     Total                          Min: 0, Avg:  0.0, Max: 0, Diff: 0, Sum: 0, Workers: 4
[3046.526s][debug][gc,phases      ] GC(208)   Weak JFR Old Object Samples    Min:  0.0, Avg:  0.0, Max:  0.0, Diff:  0.0, Sum:  0.0, Workers: 4
[3046.526s][debug][gc,phases      ] GC(208)     Dead                           Min: 0, Avg:  0.0, Max: 0, Diff: 0, Sum: 0, Workers: 4
[3046.526s][debug][gc,phases      ] GC(208)     Total                          Min: 0, Avg:  0.0, Max: 0, Diff: 0, Sum: 0, Workers: 4
[3046.526s][debug][gc,phases      ] GC(208) Weak Processing 0.379ms
[3046.526s][debug][gc,age         ] GC(208) Desired survivor size 524288 bytes, new threshold 15 (max threshold 15)
[3046.526s][info ][gc,heap        ] GC(208) PSYoungGen: 2096256K(2096640K)->128K(2096640K) Eden: 2096128K(2096128K)->0K(2096128K) From: 128K(512K)->128K(512K)
[3046.526s][info ][gc,heap        ] GC(208) ParOldGen: 236430K(324096K)->236438K(324096K)
[3046.526s][info ][gc,metaspace   ] GC(208) Metaspace: 80195K(81088K)->80195K(81088K) NonClass: 68468K(68928K)->68468K(68928K) Class: 11727K(12160K)->11727K(12160K)
[3046.526s][info ][gc             ] GC(208) Pause Young (Allocation Failure) 2278M->231M(2364M) 1.893ms
[3046.526s][info ][gc,cpu         ] GC(208) User=0.00s Sys=0.00s Real=0.00s
[3046.526s][info ][safepoint      ] Safepoint "ParallelGCFailedAllocation", Time since last: 16443594739 ns, Reaching safepoint: 4800 ns, Cleanup: 38100 ns, At safepoint: 1963510 ns, Total: 2006410 ns
[3062.924s][info ][gc,start       ] GC(209) Pause Young (Allocation Failure)
[3062.926s][debug][gc,phases      ] GC(209) Scavenge 1.262ms
[3062.926s][debug][gc,ref         ] GC(209) Skipped phase 1 of Reference Processing: no references
[3062.926s][debug][gc,ref         ] GC(209) Skipped phase 2 of Reference Processing: no references
[3062.926s][debug][gc,ref         ] GC(209) Skipped phase 3 of Reference Processing: no references
[3062.926s][debug][gc,ref         ] GC(209) Skipped phase 4 of Reference Processing: no references
[3062.926s][debug][gc,phases      ] GC(209) Reference Processing 0.023ms
[3062.926s][debug][gc,phases      ] GC(209)   VM Weak                        Min:  0.0, Avg:  0.0, Max:  0.0, Diff:  0.0, Sum:  0.0, Workers: 4
[3062.926s][debug][gc,phases      ] GC(209)     Dead                           Min: 0, Avg:  0.0, Max: 0, Diff: 0, Sum: 0, Workers: 4
[3062.926s][debug][gc,phases      ] GC(209)     Total                          Min: 0, Avg: 172.8, Max: 691, Diff: 691, Sum: 691, Workers: 4
[3062.926s][debug][gc,phases      ] GC(209)   ObjectSynchronizer Weak        Min:  0.0, Avg:  0.0, Max:  0.0, Diff:  0.0, Sum:  0.0, Workers: 4
[3062.926s][debug][gc,phases      ] GC(209)     Dead                           Min: 0, Avg:  0.0, Max: 0, Diff: 0, Sum: 0, Workers: 4
[3062.926s][debug][gc,phases      ] GC(209)     Total                          Min: 0, Avg:  1.0, Max: 4, Diff: 4, Sum: 4, Workers: 4
[3062.926s][debug][gc,phases      ] GC(209)   JVMTI Tag Weak OopStorage      Min:  0.0, Avg:  0.0, Max:  0.0, Diff:  0.0, Sum:  0.0, Workers: 4
[3062.926s][debug][gc,phases      ] GC(209)     Dead                           Min: 0, Avg:  0.0, Max: 0, Diff: 0, Sum: 0, Workers: 4
[3062.926s][debug][gc,phases      ] GC(209)     Total                          Min: 0, Avg:  0.0, Max: 0, Diff: 0, Sum: 0, Workers: 4
[3062.926s][debug][gc,phases      ] GC(209)   StringTable Weak               Min:  0.0, Avg:  0.1, Max:  0.1, Diff:  0.1, Sum:  0.4, Workers: 4
[3062.926s][debug][gc,phases      ] GC(209)     Dead                           Min: 0, Avg:  0.0, Max: 0, Diff: 0, Sum: 0, Workers: 4
[3062.926s][debug][gc,phases      ] GC(209)     Total                          Min: 0, Avg: 10708.5, Max: 19410, Diff: 19410, Sum: 42834, Workers: 4
[3062.926s][debug][gc,phases      ] GC(209)   ResolvedMethodTable Weak       Min:  0.0, Avg:  0.0, Max:  0.0, Diff:  0.0, Sum:  0.1, Workers: 4
[3062.926s][debug][gc,phases      ] GC(209)     Dead                           Min: 0, Avg:  0.0, Max: 0, Diff: 0, Sum: 0, Workers: 4
[3062.926s][debug][gc,phases      ] GC(209)     Total                          Min: 0, Avg: 2283.8, Max: 4113, Diff: 4113, Sum: 9135, Workers: 4
[3062.926s][debug][gc,phases      ] GC(209)   JNI Weak                       Min:  0.0, Avg:  0.0, Max:  0.0, Diff:  0.0, Sum:  0.0, Workers: 4
[3062.926s][debug][gc,phases      ] GC(209)     Dead                           Min: 0, Avg:  0.0, Max: 0, Diff: 0, Sum: 0, Workers: 4
[3062.926s][debug][gc,phases      ] GC(209)     Total                          Min: 0, Avg: 11.2, Max: 45, Diff: 45, Sum: 45, Workers: 4
[3062.926s][debug][gc,phases      ] GC(209)   StringDedup Table Weak         Min:  0.0, Avg:  0.0, Max:  0.0, Diff:  0.0, Sum:  0.0, Workers: 4
[3062.926s][debug][gc,phases      ] GC(209)     Dead                           Min: 0, Avg:  0.0, Max: 0, Diff: 0, Sum: 0, Workers: 4
[3062.926s][debug][gc,phases      ] GC(209)     Total                          Min: 0, Avg:  0.0, Max: 0, Diff: 0, Sum: 0, Workers: 4
[3062.926s][debug][gc,phases      ] GC(209)   StringDedup Requests0 Weak     Min:  0.0, Avg:  0.0, Max:  0.0, Diff:  0.0, Sum:  0.0, Workers: 4
[3062.926s][debug][gc,phases      ] GC(209)     Dead                           Min: 0, Avg:  0.0, Max: 0, Diff: 0, Sum: 0, Workers: 4
[3062.926s][debug][gc,phases      ] GC(209)     Total                          Min: 0, Avg:  0.0, Max: 0, Diff: 0, Sum: 0, Workers: 4
[3062.926s][debug][gc,phases      ] GC(209)   StringDedup Requests1 Weak     Min:  0.0, Avg:  0.0, Max:  0.0, Diff:  0.0, Sum:  0.0, Workers: 4
[3062.926s][debug][gc,phases      ] GC(209)     Dead                           Min: 0, Avg:  0.0, Max: 0, Diff: 0, Sum: 0, Workers: 4
[3062.926s][debug][gc,phases      ] GC(209)     Total                          Min: 0, Avg:  0.0, Max: 0, Diff: 0, Sum: 0, Workers: 4
[3062.926s][debug][gc,phases      ] GC(209)   Weak JFR Old Object Samples    Min:  0.0, Avg:  0.0, Max:  0.0, Diff:  0.0, Sum:  0.0, Workers: 4
[3062.926s][debug][gc,phases      ] GC(209)     Dead                           Min: 0, Avg:  0.0, Max: 0, Diff: 0, Sum: 0, Workers: 4
[3062.926s][debug][gc,phases      ] GC(209)     Total                          Min: 0, Avg:  0.0, Max: 0, Diff: 0, Sum: 0, Workers: 4
[3062.926s][debug][gc,phases      ] GC(209) Weak Processing 0.355ms
[3062.926s][debug][gc,age         ] GC(209) Desired survivor size 524288 bytes, new threshold 15 (max threshold 15)
[3062.926s][info ][gc,heap        ] GC(209) PSYoungGen: 2096256K(2096640K)->224K(2096640K) Eden: 2096128K(2096128K)->0K(2096128K) From: 128K(512K)->224K(512K)
[3062.926s][info ][gc,heap        ] GC(209) ParOldGen: 236438K(324096K)->236446K(324096K)
[3062.926s][info ][gc,metaspace   ] GC(209) Metaspace: 80195K(81088K)->80195K(81088K) NonClass: 68468K(68928K)->68468K(68928K) Class: 11727K(12160K)->11727K(12160K)
[3062.926s][info ][gc             ] GC(209) Pause Young (Allocation Failure) 2278M->231M(2364M) 1.762ms
[3062.926s][info ][gc,cpu         ] GC(209) User=0.00s Sys=0.00s Real=0.00s
[3062.926s][info ][safepoint      ] Safepoint "ParallelGCFailedAllocation", Time since last: 16398643892 ns, Reaching safepoint: 5300 ns, Cleanup: 39900 ns, At safepoint: 1827009 ns, Total: 1872209 ns
[3079.326s][info ][gc,start       ] GC(210) Pause Young (Allocation Failure)
[3079.328s][debug][gc,phases      ] GC(210) Scavenge 2.040ms
[3079.328s][debug][gc,ref         ] GC(210) Skipped phase 1 of Reference Processing: no references
[3079.328s][debug][gc,ref         ] GC(210) Skipped phase 2 of Reference Processing: no references
[3079.328s][debug][gc,ref         ] GC(210) Skipped phase 3 of Reference Processing: no references
[3079.328s][debug][gc,ref         ] GC(210) Skipped phase 4 of Reference Processing: no references
[3079.328s][debug][gc,phases      ] GC(210) Reference Processing 0.031ms
[3079.329s][debug][gc,phases      ] GC(210)   VM Weak                        Min:  0.0, Avg:  0.0, Max:  0.0, Diff:  0.0, Sum:  0.0, Workers: 4
[3079.329s][debug][gc,phases      ] GC(210)     Dead                           Min: 0, Avg:  0.0, Max: 0, Diff: 0, Sum: 0, Workers: 4
[3079.329s][debug][gc,phases      ] GC(210)     Total                          Min: 0, Avg: 172.8, Max: 512, Diff: 512, Sum: 691, Workers: 4
[3079.329s][debug][gc,phases      ] GC(210)   ObjectSynchronizer Weak        Min:  0.0, Avg:  0.0, Max:  0.0, Diff:  0.0, Sum:  0.0, Workers: 4
[3079.329s][debug][gc,phases      ] GC(210)     Dead                           Min: 0, Avg:  0.0, Max: 0, Diff: 0, Sum: 0, Workers: 4
[3079.329s][debug][gc,phases      ] GC(210)     Total                          Min: 0, Avg:  1.0, Max: 4, Diff: 4, Sum: 4, Workers: 4
[3079.329s][debug][gc,phases      ] GC(210)   JVMTI Tag Weak OopStorage      Min:  0.0, Avg:  0.0, Max:  0.0, Diff:  0.0, Sum:  0.0, Workers: 4
[3079.329s][debug][gc,phases      ] GC(210)     Dead                           Min: 0, Avg:  0.0, Max: 0, Diff: 0, Sum: 0, Workers: 4
[3079.329s][debug][gc,phases      ] GC(210)     Total                          Min: 0, Avg:  0.0, Max: 0, Diff: 0, Sum: 0, Workers: 4
[3079.329s][debug][gc,phases      ] GC(210)   StringTable Weak               Min:  0.0, Avg:  0.1, Max:  0.1, Diff:  0.1, Sum:  0.4, Workers: 4
[3079.329s][debug][gc,phases      ] GC(210)     Dead                           Min: 0, Avg:  0.0, Max: 0, Diff: 0, Sum: 0, Workers: 4
[3079.329s][debug][gc,phases      ] GC(210)     Total                          Min: 0, Avg: 10708.5, Max: 19410, Diff: 19410, Sum: 42834, Workers: 4
[3079.329s][debug][gc,phases      ] GC(210)   ResolvedMethodTable Weak       Min:  0.0, Avg:  0.0, Max:  0.0, Diff:  0.0, Sum:  0.1, Workers: 4
[3079.329s][debug][gc,phases      ] GC(210)     Dead                           Min: 0, Avg:  0.0, Max: 0, Diff: 0, Sum: 0, Workers: 4
[3079.329s][debug][gc,phases      ] GC(210)     Total                          Min: 0, Avg: 2283.8, Max: 4042, Diff: 4042, Sum: 9135, Workers: 4
[3079.329s][debug][gc,phases      ] GC(210)   JNI Weak                       Min:  0.0, Avg:  0.0, Max:  0.0, Diff:  0.0, Sum:  0.0, Workers: 4
[3079.329s][debug][gc,phases      ] GC(210)     Dead                           Min: 0, Avg:  0.0, Max: 0, Diff: 0, Sum: 0, Workers: 4
[3079.329s][debug][gc,phases      ] GC(210)     Total                          Min: 0, Avg: 11.2, Max: 45, Diff: 45, Sum: 45, Workers: 4
[3079.329s][debug][gc,phases      ] GC(210)   StringDedup Table Weak         Min:  0.0, Avg:  0.0, Max:  0.0, Diff:  0.0, Sum:  0.0, Workers: 4
[3079.329s][debug][gc,phases      ] GC(210)     Dead                           Min: 0, Avg:  0.0, Max: 0, Diff: 0, Sum: 0, Workers: 4
[3079.329s][debug][gc,phases      ] GC(210)     Total                          Min: 0, Avg:  0.0, Max: 0, Diff: 0, Sum: 0, Workers: 4
[3079.329s][debug][gc,phases      ] GC(210)   StringDedup Requests0 Weak     Min:  0.0, Avg:  0.0, Max:  0.0, Diff:  0.0, Sum:  0.0, Workers: 4
[3079.329s][debug][gc,phases      ] GC(210)     Dead                           Min: 0, Avg:  0.0, Max: 0, Diff: 0, Sum: 0, Workers: 4
[3079.329s][debug][gc,phases      ] GC(210)     Total                          Min: 0, Avg:  0.0, Max: 0, Diff: 0, Sum: 0, Workers: 4
[3079.329s][debug][gc,phases      ] GC(210)   StringDedup Requests1 Weak     Min:  0.0, Avg:  0.0, Max:  0.0, Diff:  0.0, Sum:  0.0, Workers: 4
[3079.329s][debug][gc,phases      ] GC(210)     Dead                           Min: 0, Avg:  0.0, Max: 0, Diff: 0, Sum: 0, Workers: 4
[3079.329s][debug][gc,phases      ] GC(210)     Total                          Min: 0, Avg:  0.0, Max: 0, Diff: 0, Sum: 0, Workers: 4
[3079.329s][debug][gc,phases      ] GC(210)   Weak JFR Old Object Samples    Min:  0.0, Avg:  0.0, Max:  0.0, Diff:  0.0, Sum:  0.0, Workers: 4
[3079.329s][debug][gc,phases      ] GC(210)     Dead                           Min: 0, Avg:  0.0, Max: 0, Diff: 0, Sum: 0, Workers: 4
[3079.329s][debug][gc,phases      ] GC(210)     Total                          Min: 0, Avg:  0.0, Max: 0, Diff: 0, Sum: 0, Workers: 4
[3079.329s][debug][gc,phases      ] GC(210) Weak Processing 0.340ms
[3079.329s][debug][gc,age         ] GC(210) Desired survivor size 524288 bytes, new threshold 15 (max threshold 15)
[3079.329s][info ][gc,heap        ] GC(210) PSYoungGen: 2096352K(2096640K)->192K(2096640K) Eden: 2096128K(2096128K)->0K(2096128K) From: 224K(512K)->192K(512K)
[3079.329s][info ][gc,heap        ] GC(210) ParOldGen: 236446K(324096K)->236446K(324096K)
[3079.329s][info ][gc,metaspace   ] GC(210) Metaspace: 80195K(81088K)->80195K(81088K) NonClass: 68468K(68928K)->68468K(68928K) Class: 11727K(12160K)->11727K(12160K)
[3079.329s][info ][gc             ] GC(210) Pause Young (Allocation Failure) 2278M->231M(2364M) 2.499ms
[3079.329s][info ][gc,cpu         ] GC(210) User=0.01s Sys=0.00s Real=0.00s
[3079.329s][info ][safepoint      ] Safepoint "ParallelGCFailedAllocation", Time since last: 16399812130 ns, Reaching safepoint: 4000 ns, Cleanup: 25700 ns, At safepoint: 2584113 ns, Total: 2613813 ns
[3095.774s][info ][gc,start       ] GC(211) Pause Young (Allocation Failure)
[3095.775s][debug][gc,phases      ] GC(211) Scavenge 1.315ms
[3095.775s][debug][gc,ref         ] GC(211) Skipped phase 1 of Reference Processing: no references
[3095.775s][debug][gc,ref         ] GC(211) Skipped phase 2 of Reference Processing: no references
[3095.775s][debug][gc,ref         ] GC(211) Skipped phase 3 of Reference Processing: no references
[3095.775s][debug][gc,ref         ] GC(211) Skipped phase 4 of Reference Processing: no references
[3095.775s][debug][gc,phases      ] GC(211) Reference Processing 0.019ms
[3095.775s][debug][gc,phases      ] GC(211)   VM Weak                        Min:  0.0, Avg:  0.0, Max:  0.0, Diff:  0.0, Sum:  0.0, Workers: 4
[3095.775s][debug][gc,phases      ] GC(211)     Dead                           Min: 0, Avg:  0.0, Max: 0, Diff: 0, Sum: 0, Workers: 4
[3095.775s][debug][gc,phases      ] GC(211)     Total                          Min: 0, Avg: 172.8, Max: 691, Diff: 691, Sum: 691, Workers: 4
[3095.775s][debug][gc,phases      ] GC(211)   ObjectSynchronizer Weak        Min:  0.0, Avg:  0.0, Max:  0.0, Diff:  0.0, Sum:  0.0, Workers: 4
[3095.775s][debug][gc,phases      ] GC(211)     Dead                           Min: 0, Avg:  0.0, Max: 0, Diff: 0, Sum: 0, Workers: 4
[3095.775s][debug][gc,phases      ] GC(211)     Total                          Min: 0, Avg:  1.0, Max: 4, Diff: 4, Sum: 4, Workers: 4
[3095.775s][debug][gc,phases      ] GC(211)   JVMTI Tag Weak OopStorage      Min:  0.0, Avg:  0.0, Max:  0.0, Diff:  0.0, Sum:  0.0, Workers: 4
[3095.775s][debug][gc,phases      ] GC(211)     Dead                           Min: 0, Avg:  0.0, Max: 0, Diff: 0, Sum: 0, Workers: 4
[3095.775s][debug][gc,phases      ] GC(211)     Total                          Min: 0, Avg:  0.0, Max: 0, Diff: 0, Sum: 0, Workers: 4
[3095.775s][debug][gc,phases      ] GC(211)   StringTable Weak               Min:  0.0, Avg:  0.1, Max:  0.1, Diff:  0.1, Sum:  0.5, Workers: 4
[3095.775s][debug][gc,phases      ] GC(211)     Dead                           Min: 0, Avg:  0.0, Max: 0, Diff: 0, Sum: 0, Workers: 4
[3095.775s][debug][gc,phases      ] GC(211)     Total                          Min: 3776, Avg: 10708.5, Max: 14162, Diff: 10386, Sum: 42834, Workers: 4
[3095.775s][debug][gc,phases      ] GC(211)   ResolvedMethodTable Weak       Min:  0.0, Avg:  0.0, Max:  0.0, Diff:  0.0, Sum:  0.1, Workers: 4
[3095.775s][debug][gc,phases      ] GC(211)     Dead                           Min: 0, Avg:  0.0, Max: 0, Diff: 0, Sum: 0, Workers: 4
[3095.775s][debug][gc,phases      ] GC(211)     Total                          Min: 2085, Avg: 2283.8, Max: 2451, Diff: 366, Sum: 9135, Workers: 4
[3095.775s][debug][gc,phases      ] GC(211)   JNI Weak                       Min:  0.0, Avg:  0.0, Max:  0.0, Diff:  0.0, Sum:  0.0, Workers: 4
[3095.775s][debug][gc,phases      ] GC(211)     Dead                           Min: 0, Avg:  0.0, Max: 0, Diff: 0, Sum: 0, Workers: 4
[3095.775s][debug][gc,phases      ] GC(211)     Total                          Min: 0, Avg: 11.2, Max: 45, Diff: 45, Sum: 45, Workers: 4
[3095.775s][debug][gc,phases      ] GC(211)   StringDedup Table Weak         Min:  0.0, Avg:  0.0, Max:  0.0, Diff:  0.0, Sum:  0.0, Workers: 4
[3095.775s][debug][gc,phases      ] GC(211)     Dead                           Min: 0, Avg:  0.0, Max: 0, Diff: 0, Sum: 0, Workers: 4
[3095.775s][debug][gc,phases      ] GC(211)     Total                          Min: 0, Avg:  0.0, Max: 0, Diff: 0, Sum: 0, Workers: 4
[3095.775s][debug][gc,phases      ] GC(211)   StringDedup Requests0 Weak     Min:  0.0, Avg:  0.0, Max:  0.0, Diff:  0.0, Sum:  0.0, Workers: 4
[3095.775s][debug][gc,phases      ] GC(211)     Dead                           Min: 0, Avg:  0.0, Max: 0, Diff: 0, Sum: 0, Workers: 4
[3095.775s][debug][gc,phases      ] GC(211)     Total                          Min: 0, Avg:  0.0, Max: 0, Diff: 0, Sum: 0, Workers: 4
[3095.775s][debug][gc,phases      ] GC(211)   StringDedup Requests1 Weak     Min:  0.0, Avg:  0.0, Max:  0.0, Diff:  0.0, Sum:  0.0, Workers: 4
[3095.775s][debug][gc,phases      ] GC(211)     Dead                           Min: 0, Avg:  0.0, Max: 0, Diff: 0, Sum: 0, Workers: 4
[3095.775s][debug][gc,phases      ] GC(211)     Total                          Min: 0, Avg:  0.0, Max: 0, Diff: 0, Sum: 0, Workers: 4
[3095.775s][debug][gc,phases      ] GC(211)   Weak JFR Old Object Samples    Min:  0.0, Avg:  0.0, Max:  0.0, Diff:  0.0, Sum:  0.0, Workers: 4
[3095.775s][debug][gc,phases      ] GC(211)     Dead                           Min: 0, Avg:  0.0, Max: 0, Diff: 0, Sum: 0, Workers: 4
[3095.775s][debug][gc,phases      ] GC(211)     Total                          Min: 0, Avg:  0.0, Max: 0, Diff: 0, Sum: 0, Workers: 4
[3095.775s][debug][gc,phases      ] GC(211) Weak Processing 0.358ms
[3095.775s][debug][gc,age         ] GC(211) Desired survivor size 524288 bytes, new threshold 15 (max threshold 15)
[3095.775s][info ][gc,heap        ] GC(211) PSYoungGen: 2096320K(2096640K)->224K(2096640K) Eden: 2096128K(2096128K)->0K(2096128K) From: 192K(512K)->224K(512K)
[3095.775s][info ][gc,heap        ] GC(211) ParOldGen: 236446K(324096K)->236454K(324096K)
[3095.775s][info ][gc,metaspace   ] GC(211) Metaspace: 80195K(81088K)->80195K(81088K) NonClass: 68468K(68928K)->68468K(68928K) Class: 11727K(12160K)->11727K(12160K)
[3095.775s][info ][gc             ] GC(211) Pause Young (Allocation Failure) 2278M->231M(2364M) 1.771ms
[3095.775s][info ][gc,cpu         ] GC(211) User=0.01s Sys=0.00s Real=0.00s
[3095.775s][info ][safepoint      ] Safepoint "ParallelGCFailedAllocation", Time since last: 16444841367 ns, Reaching safepoint: 4000 ns, Cleanup: 43400 ns, At safepoint: 1852208 ns, Total: 1899608 ns
[3108.777s][info ][safepoint      ] Safepoint "Cleanup", Time since last: 13000937395 ns, Reaching safepoint: 73200 ns, Cleanup: 48701 ns, At safepoint: 6300 ns, Total: 128201 ns
[3112.174s][info ][gc,start       ] GC(212) Pause Young (Allocation Failure)
[3112.176s][debug][gc,phases      ] GC(212) Scavenge 1.982ms
[3112.176s][debug][gc,ref         ] GC(212) Skipped phase 1 of Reference Processing: no references
[3112.176s][debug][gc,ref         ] GC(212) Skipped phase 2 of Reference Processing: no references
[3112.176s][debug][gc,ref         ] GC(212) Skipped phase 3 of Reference Processing: no references
[3112.176s][debug][gc,ref         ] GC(212) Skipped phase 4 of Reference Processing: no references
[3112.176s][debug][gc,phases      ] GC(212) Reference Processing 0.019ms
[3112.177s][debug][gc,phases      ] GC(212)   VM Weak                        Min:  0.0, Avg:  0.0, Max:  0.0, Diff:  0.0, Sum:  0.0, Workers: 4
[3112.177s][debug][gc,phases      ] GC(212)     Dead                           Min: 0, Avg:  0.0, Max: 0, Diff: 0, Sum: 0, Workers: 4
[3112.177s][debug][gc,phases      ] GC(212)     Total                          Min: 0, Avg: 172.8, Max: 512, Diff: 512, Sum: 691, Workers: 4
[3112.177s][debug][gc,phases      ] GC(212)   ObjectSynchronizer Weak        Min:  0.0, Avg:  0.0, Max:  0.0, Diff:  0.0, Sum:  0.0, Workers: 4
[3112.177s][debug][gc,phases      ] GC(212)     Dead                           Min: 0, Avg:  0.0, Max: 0, Diff: 0, Sum: 0, Workers: 4
[3112.177s][debug][gc,phases      ] GC(212)     Total                          Min: 0, Avg:  1.0, Max: 4, Diff: 4, Sum: 4, Workers: 4
[3112.177s][debug][gc,phases      ] GC(212)   JVMTI Tag Weak OopStorage      Min:  0.0, Avg:  0.0, Max:  0.0, Diff:  0.0, Sum:  0.0, Workers: 4
[3112.177s][debug][gc,phases      ] GC(212)     Dead                           Min: 0, Avg:  0.0, Max: 0, Diff: 0, Sum: 0, Workers: 4
[3112.177s][debug][gc,phases      ] GC(212)     Total                          Min: 0, Avg:  0.0, Max: 0, Diff: 0, Sum: 0, Workers: 4
[3112.177s][debug][gc,phases      ] GC(212)   StringTable Weak               Min:  0.0, Avg:  0.1, Max:  0.1, Diff:  0.1, Sum:  0.4, Workers: 4
[3112.177s][debug][gc,phases      ] GC(212)     Dead                           Min: 0, Avg:  0.0, Max: 0, Diff: 0, Sum: 0, Workers: 4
[3112.177s][debug][gc,phases      ] GC(212)     Total                          Min: 0, Avg: 10708.5, Max: 18194, Diff: 18194, Sum: 42834, Workers: 4
[3112.177s][debug][gc,phases      ] GC(212)   ResolvedMethodTable Weak       Min:  0.0, Avg:  0.0, Max:  0.0, Diff:  0.0, Sum:  0.1, Workers: 4
[3112.177s][debug][gc,phases      ] GC(212)     Dead                           Min: 0, Avg:  0.0, Max: 0, Diff: 0, Sum: 0, Workers: 4
[3112.177s][debug][gc,phases      ] GC(212)     Total                          Min: 0, Avg: 2283.8, Max: 4107, Diff: 4107, Sum: 9135, Workers: 4
[3112.177s][debug][gc,phases      ] GC(212)   JNI Weak                       Min:  0.0, Avg:  0.0, Max:  0.0, Diff:  0.0, Sum:  0.0, Workers: 4
[3112.177s][debug][gc,phases      ] GC(212)     Dead                           Min: 0, Avg:  0.0, Max: 0, Diff: 0, Sum: 0, Workers: 4
[3112.177s][debug][gc,phases      ] GC(212)     Total                          Min: 0, Avg: 11.2, Max: 45, Diff: 45, Sum: 45, Workers: 4
[3112.177s][debug][gc,phases      ] GC(212)   StringDedup Table Weak         Min:  0.0, Avg:  0.0, Max:  0.0, Diff:  0.0, Sum:  0.0, Workers: 4
[3112.177s][debug][gc,phases      ] GC(212)     Dead                           Min: 0, Avg:  0.0, Max: 0, Diff: 0, Sum: 0, Workers: 4
[3112.177s][debug][gc,phases      ] GC(212)     Total                          Min: 0, Avg:  0.0, Max: 0, Diff: 0, Sum: 0, Workers: 4
[3112.177s][debug][gc,phases      ] GC(212)   StringDedup Requests0 Weak     Min:  0.0, Avg:  0.0, Max:  0.0, Diff:  0.0, Sum:  0.0, Workers: 4
[3112.177s][debug][gc,phases      ] GC(212)     Dead                           Min: 0, Avg:  0.0, Max: 0, Diff: 0, Sum: 0, Workers: 4
[3112.177s][debug][gc,phases      ] GC(212)     Total                          Min: 0, Avg:  0.0, Max: 0, Diff: 0, Sum: 0, Workers: 4
[3112.177s][debug][gc,phases      ] GC(212)   StringDedup Requests1 Weak     Min:  0.0, Avg:  0.0, Max:  0.0, Diff:  0.0, Sum:  0.0, Workers: 4
[3112.177s][debug][gc,phases      ] GC(212)     Dead                           Min: 0, Avg:  0.0, Max: 0, Diff: 0, Sum: 0, Workers: 4
[3112.177s][debug][gc,phases      ] GC(212)     Total                          Min: 0, Avg:  0.0, Max: 0, Diff: 0, Sum: 0, Workers: 4
[3112.177s][debug][gc,phases      ] GC(212)   Weak JFR Old Object Samples    Min:  0.0, Avg:  0.0, Max:  0.0, Diff:  0.0, Sum:  0.0, Workers: 4
[3112.177s][debug][gc,phases      ] GC(212)     Dead                           Min: 0, Avg:  0.0, Max: 0, Diff: 0, Sum: 0, Workers: 4
[3112.177s][debug][gc,phases      ] GC(212)     Total                          Min: 0, Avg:  0.0, Max: 0, Diff: 0, Sum: 0, Workers: 4
[3112.177s][debug][gc,phases      ] GC(212) Weak Processing 0.347ms
[3112.177s][debug][gc,age         ] GC(212) Desired survivor size 524288 bytes, new threshold 15 (max threshold 15)
[3112.177s][info ][gc,heap        ] GC(212) PSYoungGen: 2096352K(2096640K)->160K(2096640K) Eden: 2096128K(2096128K)->0K(2096128K) From: 224K(512K)->160K(512K)
[3112.177s][info ][gc,heap        ] GC(212) ParOldGen: 236454K(324096K)->236454K(324096K)
[3112.177s][info ][gc,metaspace   ] GC(212) Metaspace: 80195K(81088K)->80195K(81088K) NonClass: 68468K(68928K)->68468K(68928K) Class: 11727K(12160K)->11727K(12160K)
[3112.177s][info ][gc             ] GC(212) Pause Young (Allocation Failure) 2278M->231M(2364M) 2.450ms
[3112.177s][info ][gc,cpu         ] GC(212) User=0.01s Sys=0.00s Real=0.00s
[3112.177s][info ][safepoint      ] Safepoint "ParallelGCFailedAllocation", Time since last: 3397679277 ns, Reaching safepoint: 3800 ns, Cleanup: 22500 ns, At safepoint: 2507012 ns, Total: 2533312 ns
[3128.576s][info ][gc,start       ] GC(213) Pause Young (Allocation Failure)
[3128.578s][debug][gc,phases      ] GC(213) Scavenge 2.007ms
[3128.578s][debug][gc,ref         ] GC(213) Skipped phase 1 of Reference Processing: no references
[3128.578s][debug][gc,ref         ] GC(213) Skipped phase 2 of Reference Processing: no references
[3128.578s][debug][gc,ref         ] GC(213) Skipped phase 3 of Reference Processing: no references
[3128.578s][debug][gc,ref         ] GC(213) Skipped phase 4 of Reference Processing: no references
[3128.578s][debug][gc,phases      ] GC(213) Reference Processing 0.020ms
[3128.578s][debug][gc,phases      ] GC(213)   VM Weak                        Min:  0.0, Avg:  0.0, Max:  0.0, Diff:  0.0, Sum:  0.0, Workers: 4
[3128.578s][debug][gc,phases      ] GC(213)     Dead                           Min: 0, Avg:  0.0, Max: 0, Diff: 0, Sum: 0, Workers: 4
[3128.578s][debug][gc,phases      ] GC(213)     Total                          Min: 0, Avg: 172.8, Max: 435, Diff: 435, Sum: 691, Workers: 4
[3128.578s][debug][gc,phases      ] GC(213)   ObjectSynchronizer Weak        Min:  0.0, Avg:  0.0, Max:  0.0, Diff:  0.0, Sum:  0.0, Workers: 4
[3128.578s][debug][gc,phases      ] GC(213)     Dead                           Min: 0, Avg:  0.0, Max: 0, Diff: 0, Sum: 0, Workers: 4
[3128.578s][debug][gc,phases      ] GC(213)     Total                          Min: 0, Avg:  1.0, Max: 4, Diff: 4, Sum: 4, Workers: 4
[3128.578s][debug][gc,phases      ] GC(213)   JVMTI Tag Weak OopStorage      Min:  0.0, Avg:  0.0, Max:  0.0, Diff:  0.0, Sum:  0.0, Workers: 4
[3128.578s][debug][gc,phases      ] GC(213)     Dead                           Min: 0, Avg:  0.0, Max: 0, Diff: 0, Sum: 0, Workers: 4
[3128.578s][debug][gc,phases      ] GC(213)     Total                          Min: 0, Avg:  0.0, Max: 0, Diff: 0, Sum: 0, Workers: 4
[3128.578s][debug][gc,phases      ] GC(213)   StringTable Weak               Min:  0.0, Avg:  0.1, Max:  0.1, Diff:  0.1, Sum:  0.4, Workers: 4
[3128.578s][debug][gc,phases      ] GC(213)     Dead                           Min: 0, Avg:  0.0, Max: 0, Diff: 0, Sum: 0, Workers: 4
[3128.578s][debug][gc,phases      ] GC(213)     Total                          Min: 0, Avg: 10708.5, Max: 17874, Diff: 17874, Sum: 42834, Workers: 4
[3128.578s][debug][gc,phases      ] GC(213)   ResolvedMethodTable Weak       Min:  0.0, Avg:  0.0, Max:  0.0, Diff:  0.0, Sum:  0.1, Workers: 4
[3128.578s][debug][gc,phases      ] GC(213)     Dead                           Min: 0, Avg:  0.0, Max: 0, Diff: 0, Sum: 0, Workers: 4
[3128.578s][debug][gc,phases      ] GC(213)     Total                          Min: 0, Avg: 2283.8, Max: 3987, Diff: 3987, Sum: 9135, Workers: 4
[3128.578s][debug][gc,phases      ] GC(213)   JNI Weak                       Min:  0.0, Avg:  0.0, Max:  0.0, Diff:  0.0, Sum:  0.0, Workers: 4
[3128.578s][debug][gc,phases      ] GC(213)     Dead                           Min: 0, Avg:  0.0, Max: 0, Diff: 0, Sum: 0, Workers: 4
[3128.578s][debug][gc,phases      ] GC(213)     Total                          Min: 0, Avg: 11.2, Max: 45, Diff: 45, Sum: 45, Workers: 4
[3128.578s][debug][gc,phases      ] GC(213)   StringDedup Table Weak         Min:  0.0, Avg:  0.0, Max:  0.0, Diff:  0.0, Sum:  0.0, Workers: 4
[3128.578s][debug][gc,phases      ] GC(213)     Dead                           Min: 0, Avg:  0.0, Max: 0, Diff: 0, Sum: 0, Workers: 4
[3128.578s][debug][gc,phases      ] GC(213)     Total                          Min: 0, Avg:  0.0, Max: 0, Diff: 0, Sum: 0, Workers: 4
[3128.578s][debug][gc,phases      ] GC(213)   StringDedup Requests0 Weak     Min:  0.0, Avg:  0.0, Max:  0.0, Diff:  0.0, Sum:  0.0, Workers: 4
[3128.578s][debug][gc,phases      ] GC(213)     Dead                           Min: 0, Avg:  0.0, Max: 0, Diff: 0, Sum: 0, Workers: 4
[3128.578s][debug][gc,phases      ] GC(213)     Total                          Min: 0, Avg:  0.0, Max: 0, Diff: 0, Sum: 0, Workers: 4
[3128.578s][debug][gc,phases      ] GC(213)   StringDedup Requests1 Weak     Min:  0.0, Avg:  0.0, Max:  0.0, Diff:  0.0, Sum:  0.0, Workers: 4
[3128.578s][debug][gc,phases      ] GC(213)     Dead                           Min: 0, Avg:  0.0, Max: 0, Diff: 0, Sum: 0, Workers: 4
[3128.578s][debug][gc,phases      ] GC(213)     Total                          Min: 0, Avg:  0.0, Max: 0, Diff: 0, Sum: 0, Workers: 4
[3128.578s][debug][gc,phases      ] GC(213)   Weak JFR Old Object Samples    Min:  0.0, Avg:  0.0, Max:  0.0, Diff:  0.0, Sum:  0.0, Workers: 4
[3128.578s][debug][gc,phases      ] GC(213)     Dead                           Min: 0, Avg:  0.0, Max: 0, Diff: 0, Sum: 0, Workers: 4
[3128.578s][debug][gc,phases      ] GC(213)     Total                          Min: 0, Avg:  0.0, Max: 0, Diff: 0, Sum: 0, Workers: 4
[3128.578s][debug][gc,phases      ] GC(213) Weak Processing 0.362ms
[3128.578s][debug][gc,age         ] GC(213) Desired survivor size 524288 bytes, new threshold 15 (max threshold 15)
[3128.578s][info ][gc,heap        ] GC(213) PSYoungGen: 2096288K(2096640K)->224K(2096640K) Eden: 2096128K(2096128K)->0K(2096128K) From: 160K(512K)->224K(512K)
[3128.578s][info ][gc,heap        ] GC(213) ParOldGen: 236454K(324096K)->236462K(324096K)
[3128.578s][info ][gc,metaspace   ] GC(213) Metaspace: 80195K(81088K)->80195K(81088K) NonClass: 68468K(68928K)->68468K(68928K) Class: 11727K(12160K)->11727K(12160K)
[3128.578s][info ][gc             ] GC(213) Pause Young (Allocation Failure) 2278M->231M(2364M) 2.481ms
[3128.578s][info ][gc,cpu         ] GC(213) User=0.00s Sys=0.00s Real=0.01s
[3128.578s][info ][safepoint      ] Safepoint "ParallelGCFailedAllocation", Time since last: 16399016988 ns, Reaching safepoint: 6100 ns, Cleanup: 44300 ns, At safepoint: 2567913 ns, Total: 2618313 ns
[3145.023s][info ][gc,start       ] GC(214) Pause Young (Allocation Failure)
[3145.026s][debug][gc,phases      ] GC(214) Scavenge 2.334ms
[3145.026s][debug][gc,ref         ] GC(214) Skipped phase 1 of Reference Processing: no references
[3145.026s][debug][gc,ref         ] GC(214) Skipped phase 2 of Reference Processing: no references
[3145.026s][debug][gc,ref         ] GC(214) Skipped phase 3 of Reference Processing: no references
[3145.026s][debug][gc,ref         ] GC(214) Skipped phase 4 of Reference Processing: no references
[3145.026s][debug][gc,phases      ] GC(214) Reference Processing 0.029ms
[3145.026s][debug][gc,phases      ] GC(214)   VM Weak                        Min:  0.0, Avg:  0.0, Max:  0.0, Diff:  0.0, Sum:  0.0, Workers: 4
[3145.026s][debug][gc,phases      ] GC(214)     Dead                           Min: 0, Avg:  0.0, Max: 0, Diff: 0, Sum: 0, Workers: 4
[3145.026s][debug][gc,phases      ] GC(214)     Total                          Min: 0, Avg: 172.8, Max: 576, Diff: 576, Sum: 691, Workers: 4
[3145.026s][debug][gc,phases      ] GC(214)   ObjectSynchronizer Weak        Min:  0.0, Avg:  0.0, Max:  0.0, Diff:  0.0, Sum:  0.0, Workers: 4
[3145.026s][debug][gc,phases      ] GC(214)     Dead                           Min: 0, Avg:  0.0, Max: 0, Diff: 0, Sum: 0, Workers: 4
[3145.026s][debug][gc,phases      ] GC(214)     Total                          Min: 0, Avg:  1.0, Max: 4, Diff: 4, Sum: 4, Workers: 4
[3145.026s][debug][gc,phases      ] GC(214)   JVMTI Tag Weak OopStorage      Min:  0.0, Avg:  0.0, Max:  0.0, Diff:  0.0, Sum:  0.0, Workers: 4
[3145.026s][debug][gc,phases      ] GC(214)     Dead                           Min: 0, Avg:  0.0, Max: 0, Diff: 0, Sum: 0, Workers: 4
[3145.026s][debug][gc,phases      ] GC(214)     Total                          Min: 0, Avg:  0.0, Max: 0, Diff: 0, Sum: 0, Workers: 4
[3145.026s][debug][gc,phases      ] GC(214)   StringTable Weak               Min:  0.0, Avg:  0.1, Max:  0.1, Diff:  0.1, Sum:  0.4, Workers: 4
[3145.026s][debug][gc,phases      ] GC(214)     Dead                           Min: 0, Avg:  0.0, Max: 0, Diff: 0, Sum: 0, Workers: 4
[3145.026s][debug][gc,phases      ] GC(214)     Total                          Min: 0, Avg: 10708.5, Max: 17088, Diff: 17088, Sum: 42834, Workers: 4
[3145.026s][debug][gc,phases      ] GC(214)   ResolvedMethodTable Weak       Min:  0.0, Avg:  0.0, Max:  0.0, Diff:  0.0, Sum:  0.1, Workers: 4
[3145.026s][debug][gc,phases      ] GC(214)     Dead                           Min: 0, Avg:  0.0, Max: 0, Diff: 0, Sum: 0, Workers: 4
[3145.026s][debug][gc,phases      ] GC(214)     Total                          Min: 0, Avg: 2283.8, Max: 3557, Diff: 3557, Sum: 9135, Workers: 4
[3145.026s][debug][gc,phases      ] GC(214)   JNI Weak                       Min:  0.0, Avg:  0.0, Max:  0.0, Diff:  0.0, Sum:  0.0, Workers: 4
[3145.026s][debug][gc,phases      ] GC(214)     Dead                           Min: 0, Avg:  0.0, Max: 0, Diff: 0, Sum: 0, Workers: 4
[3145.026s][debug][gc,phases      ] GC(214)     Total                          Min: 0, Avg: 11.2, Max: 45, Diff: 45, Sum: 45, Workers: 4
[3145.026s][debug][gc,phases      ] GC(214)   StringDedup Table Weak         Min:  0.0, Avg:  0.0, Max:  0.0, Diff:  0.0, Sum:  0.0, Workers: 4
[3145.026s][debug][gc,phases      ] GC(214)     Dead                           Min: 0, Avg:  0.0, Max: 0, Diff: 0, Sum: 0, Workers: 4
[3145.026s][debug][gc,phases      ] GC(214)     Total                          Min: 0, Avg:  0.0, Max: 0, Diff: 0, Sum: 0, Workers: 4
[3145.026s][debug][gc,phases      ] GC(214)   StringDedup Requests0 Weak     Min:  0.0, Avg:  0.0, Max:  0.0, Diff:  0.0, Sum:  0.0, Workers: 4
[3145.026s][debug][gc,phases      ] GC(214)     Dead                           Min: 0, Avg:  0.0, Max: 0, Diff: 0, Sum: 0, Workers: 4
[3145.026s][debug][gc,phases      ] GC(214)     Total                          Min: 0, Avg:  0.0, Max: 0, Diff: 0, Sum: 0, Workers: 4
[3145.026s][debug][gc,phases      ] GC(214)   StringDedup Requests1 Weak     Min:  0.0, Avg:  0.0, Max:  0.0, Diff:  0.0, Sum:  0.0, Workers: 4
[3145.026s][debug][gc,phases      ] GC(214)     Dead                           Min: 0, Avg:  0.0, Max: 0, Diff: 0, Sum: 0, Workers: 4
[3145.026s][debug][gc,phases      ] GC(214)     Total                          Min: 0, Avg:  0.0, Max: 0, Diff: 0, Sum: 0, Workers: 4
[3145.026s][debug][gc,phases      ] GC(214)   Weak JFR Old Object Samples    Min:  0.0, Avg:  0.0, Max:  0.0, Diff:  0.0, Sum:  0.0, Workers: 4
[3145.026s][debug][gc,phases      ] GC(214)     Dead                           Min: 0, Avg:  0.0, Max: 0, Diff: 0, Sum: 0, Workers: 4
[3145.026s][debug][gc,phases      ] GC(214)     Total                          Min: 0, Avg:  0.0, Max: 0, Diff: 0, Sum: 0, Workers: 4
[3145.026s][debug][gc,phases      ] GC(214) Weak Processing 0.371ms
[3145.026s][debug][gc,age         ] GC(214) Desired survivor size 524288 bytes, new threshold 15 (max threshold 15)
[3145.026s][info ][gc,heap        ] GC(214) PSYoungGen: 2096352K(2096640K)->96K(2096640K) Eden: 2096128K(2096128K)->0K(2096128K) From: 224K(512K)->96K(512K)
[3145.026s][info ][gc,heap        ] GC(214) ParOldGen: 236462K(324096K)->236470K(324096K)
[3145.026s][info ][gc,metaspace   ] GC(214) Metaspace: 80195K(81088K)->80195K(81088K) NonClass: 68468K(68928K)->68468K(68928K) Class: 11727K(12160K)->11727K(12160K)
[3145.026s][info ][gc             ] GC(214) Pause Young (Allocation Failure) 2278M->231M(2364M) 2.827ms
[3145.026s][info ][gc,cpu         ] GC(214) User=0.00s Sys=0.01s Real=0.00s
[3145.026s][info ][safepoint      ] Safepoint "ParallelGCFailedAllocation", Time since last: 16444964080 ns, Reaching safepoint: 4500 ns, Cleanup: 50600 ns, At safepoint: 2906514 ns, Total: 2961614 ns
[3161.424s][info ][gc,start       ] GC(215) Pause Young (Allocation Failure)
[3161.426s][debug][gc,phases      ] GC(215) Scavenge 1.423ms
[3161.426s][debug][gc,ref         ] GC(215) Skipped phase 1 of Reference Processing: no references
[3161.426s][debug][gc,ref         ] GC(215) Skipped phase 2 of Reference Processing: no references
[3161.426s][debug][gc,ref         ] GC(215) Skipped phase 3 of Reference Processing: no references
[3161.426s][debug][gc,ref         ] GC(215) Skipped phase 4 of Reference Processing: no references
[3161.426s][debug][gc,phases      ] GC(215) Reference Processing 0.025ms
[3161.426s][debug][gc,phases      ] GC(215)   VM Weak                        Min:  0.0, Avg:  0.0, Max:  0.0, Diff:  0.0, Sum:  0.0, Workers: 4
[3161.426s][debug][gc,phases      ] GC(215)     Dead                           Min: 0, Avg:  0.0, Max: 0, Diff: 0, Sum: 0, Workers: 4
[3161.426s][debug][gc,phases      ] GC(215)     Total                          Min: 0, Avg: 172.8, Max: 448, Diff: 448, Sum: 691, Workers: 4
[3161.426s][debug][gc,phases      ] GC(215)   ObjectSynchronizer Weak        Min:  0.0, Avg:  0.0, Max:  0.0, Diff:  0.0, Sum:  0.0, Workers: 4
[3161.426s][debug][gc,phases      ] GC(215)     Dead                           Min: 0, Avg:  0.0, Max: 0, Diff: 0, Sum: 0, Workers: 4
[3161.426s][debug][gc,phases      ] GC(215)     Total                          Min: 0, Avg:  1.0, Max: 4, Diff: 4, Sum: 4, Workers: 4
[3161.426s][debug][gc,phases      ] GC(215)   JVMTI Tag Weak OopStorage      Min:  0.0, Avg:  0.0, Max:  0.0, Diff:  0.0, Sum:  0.0, Workers: 4
[3161.426s][debug][gc,phases      ] GC(215)     Dead                           Min: 0, Avg:  0.0, Max: 0, Diff: 0, Sum: 0, Workers: 4
[3161.426s][debug][gc,phases      ] GC(215)     Total                          Min: 0, Avg:  0.0, Max: 0, Diff: 0, Sum: 0, Workers: 4
[3161.426s][debug][gc,phases      ] GC(215)   StringTable Weak               Min:  0.0, Avg:  0.1, Max:  0.1, Diff:  0.1, Sum:  0.4, Workers: 4
[3161.426s][debug][gc,phases      ] GC(215)     Dead                           Min: 0, Avg:  0.0, Max: 0, Diff: 0, Sum: 0, Workers: 4
[3161.426s][debug][gc,phases      ] GC(215)     Total                          Min: 0, Avg: 10708.5, Max: 16576, Diff: 16576, Sum: 42834, Workers: 4
[3161.426s][debug][gc,phases      ] GC(215)   ResolvedMethodTable Weak       Min:  0.0, Avg:  0.0, Max:  0.0, Diff:  0.0, Sum:  0.1, Workers: 4
[3161.426s][debug][gc,phases      ] GC(215)     Dead                           Min: 0, Avg:  0.0, Max: 0, Diff: 0, Sum: 0, Workers: 4
[3161.426s][debug][gc,phases      ] GC(215)     Total                          Min: 0, Avg: 2283.8, Max: 3530, Diff: 3530, Sum: 9135, Workers: 4
[3161.426s][debug][gc,phases      ] GC(215)   JNI Weak                       Min:  0.0, Avg:  0.0, Max:  0.0, Diff:  0.0, Sum:  0.0, Workers: 4
[3161.426s][debug][gc,phases      ] GC(215)     Dead                           Min: 0, Avg:  0.0, Max: 0, Diff: 0, Sum: 0, Workers: 4
[3161.426s][debug][gc,phases      ] GC(215)     Total                          Min: 0, Avg: 11.2, Max: 45, Diff: 45, Sum: 45, Workers: 4
[3161.426s][debug][gc,phases      ] GC(215)   StringDedup Table Weak         Min:  0.0, Avg:  0.0, Max:  0.0, Diff:  0.0, Sum:  0.0, Workers: 4
[3161.426s][debug][gc,phases      ] GC(215)     Dead                           Min: 0, Avg:  0.0, Max: 0, Diff: 0, Sum: 0, Workers: 4
[3161.426s][debug][gc,phases      ] GC(215)     Total                          Min: 0, Avg:  0.0, Max: 0, Diff: 0, Sum: 0, Workers: 4
[3161.426s][debug][gc,phases      ] GC(215)   StringDedup Requests0 Weak     Min:  0.0, Avg:  0.0, Max:  0.0, Diff:  0.0, Sum:  0.0, Workers: 4
[3161.426s][debug][gc,phases      ] GC(215)     Dead                           Min: 0, Avg:  0.0, Max: 0, Diff: 0, Sum: 0, Workers: 4
[3161.426s][debug][gc,phases      ] GC(215)     Total                          Min: 0, Avg:  0.0, Max: 0, Diff: 0, Sum: 0, Workers: 4
[3161.426s][debug][gc,phases      ] GC(215)   StringDedup Requests1 Weak     Min:  0.0, Avg:  0.0, Max:  0.0, Diff:  0.0, Sum:  0.0, Workers: 4
[3161.426s][debug][gc,phases      ] GC(215)     Dead                           Min: 0, Avg:  0.0, Max: 0, Diff: 0, Sum: 0, Workers: 4
[3161.426s][debug][gc,phases      ] GC(215)     Total                          Min: 0, Avg:  0.0, Max: 0, Diff: 0, Sum: 0, Workers: 4
[3161.426s][debug][gc,phases      ] GC(215)   Weak JFR Old Object Samples    Min:  0.0, Avg:  0.0, Max:  0.0, Diff:  0.0, Sum:  0.0, Workers: 4
[3161.426s][debug][gc,phases      ] GC(215)     Dead                           Min: 0, Avg:  0.0, Max: 0, Diff: 0, Sum: 0, Workers: 4
[3161.426s][debug][gc,phases      ] GC(215)     Total                          Min: 0, Avg:  0.0, Max: 0, Diff: 0, Sum: 0, Workers: 4
[3161.426s][debug][gc,phases      ] GC(215) Weak Processing 0.375ms
[3161.426s][debug][gc,age         ] GC(215) Desired survivor size 524288 bytes, new threshold 15 (max threshold 15)
[3161.426s][info ][gc,heap        ] GC(215) PSYoungGen: 2096224K(2096640K)->192K(2096640K) Eden: 2096128K(2096128K)->0K(2096128K) From: 96K(512K)->192K(512K)
[3161.426s][info ][gc,heap        ] GC(215) ParOldGen: 236470K(324096K)->236478K(324096K)
[3161.426s][info ][gc,metaspace   ] GC(215) Metaspace: 80195K(81088K)->80195K(81088K) NonClass: 68468K(68928K)->68468K(68928K) Class: 11727K(12160K)->11727K(12160K)
[3161.426s][info ][gc             ] GC(215) Pause Young (Allocation Failure) 2278M->231M(2364M) 1.950ms
[3161.426s][info ][gc,cpu         ] GC(215) User=0.00s Sys=0.00s Real=0.00s
[3161.426s][info ][safepoint      ] Safepoint "ParallelGCFailedAllocation", Time since last: 16398060219 ns, Reaching safepoint: 4500 ns, Cleanup: 43900 ns, At safepoint: 2040810 ns, Total: 2089210 ns
[3177.826s][info ][gc,start       ] GC(216) Pause Young (Allocation Failure)
[3177.828s][debug][gc,phases      ] GC(216) Scavenge 2.115ms
[3177.828s][debug][gc,ref         ] GC(216) Skipped phase 1 of Reference Processing: no references
[3177.828s][debug][gc,ref         ] GC(216) Skipped phase 2 of Reference Processing: no references
[3177.828s][debug][gc,ref         ] GC(216) Skipped phase 3 of Reference Processing: no references
[3177.828s][debug][gc,ref         ] GC(216) Skipped phase 4 of Reference Processing: no references
[3177.828s][debug][gc,phases      ] GC(216) Reference Processing 0.021ms
[3177.828s][debug][gc,phases      ] GC(216)   VM Weak                        Min:  0.0, Avg:  0.0, Max:  0.0, Diff:  0.0, Sum:  0.0, Workers: 4
[3177.828s][debug][gc,phases      ] GC(216)     Dead                           Min: 0, Avg:  0.0, Max: 0, Diff: 0, Sum: 0, Workers: 4
[3177.828s][debug][gc,phases      ] GC(216)     Total                          Min: 0, Avg: 172.8, Max: 307, Diff: 307, Sum: 691, Workers: 4
[3177.828s][debug][gc,phases      ] GC(216)   ObjectSynchronizer Weak        Min:  0.0, Avg:  0.0, Max:  0.0, Diff:  0.0, Sum:  0.0, Workers: 4
[3177.828s][debug][gc,phases      ] GC(216)     Dead                           Min: 0, Avg:  0.0, Max: 0, Diff: 0, Sum: 0, Workers: 4
[3177.828s][debug][gc,phases      ] GC(216)     Total                          Min: 0, Avg:  1.0, Max: 4, Diff: 4, Sum: 4, Workers: 4
[3177.828s][debug][gc,phases      ] GC(216)   JVMTI Tag Weak OopStorage      Min:  0.0, Avg:  0.0, Max:  0.0, Diff:  0.0, Sum:  0.0, Workers: 4
[3177.828s][debug][gc,phases      ] GC(216)     Dead                           Min: 0, Avg:  0.0, Max: 0, Diff: 0, Sum: 0, Workers: 4
[3177.828s][debug][gc,phases      ] GC(216)     Total                          Min: 0, Avg:  0.0, Max: 0, Diff: 0, Sum: 0, Workers: 4
[3177.828s][debug][gc,phases      ] GC(216)   StringTable Weak               Min:  0.0, Avg:  0.1, Max:  0.1, Diff:  0.1, Sum:  0.4, Workers: 4
[3177.828s][debug][gc,phases      ] GC(216)     Dead                           Min: 0, Avg:  0.0, Max: 0, Diff: 0, Sum: 0, Workers: 4
[3177.828s][debug][gc,phases      ] GC(216)     Total                          Min: 0, Avg: 10708.5, Max: 16832, Diff: 16832, Sum: 42834, Workers: 4
[3177.828s][debug][gc,phases      ] GC(216)   ResolvedMethodTable Weak       Min:  0.0, Avg:  0.0, Max:  0.0, Diff:  0.0, Sum:  0.1, Workers: 4
[3177.828s][debug][gc,phases      ] GC(216)     Dead                           Min: 0, Avg:  0.0, Max: 0, Diff: 0, Sum: 0, Workers: 4
[3177.828s][debug][gc,phases      ] GC(216)     Total                          Min: 0, Avg: 2283.8, Max: 3493, Diff: 3493, Sum: 9135, Workers: 4
[3177.828s][debug][gc,phases      ] GC(216)   JNI Weak                       Min:  0.0, Avg:  0.0, Max:  0.0, Diff:  0.0, Sum:  0.0, Workers: 4
[3177.828s][debug][gc,phases      ] GC(216)     Dead                           Min: 0, Avg:  0.0, Max: 0, Diff: 0, Sum: 0, Workers: 4
[3177.828s][debug][gc,phases      ] GC(216)     Total                          Min: 0, Avg: 11.2, Max: 45, Diff: 45, Sum: 45, Workers: 4
[3177.828s][debug][gc,phases      ] GC(216)   StringDedup Table Weak         Min:  0.0, Avg:  0.0, Max:  0.0, Diff:  0.0, Sum:  0.0, Workers: 4
[3177.828s][debug][gc,phases      ] GC(216)     Dead                           Min: 0, Avg:  0.0, Max: 0, Diff: 0, Sum: 0, Workers: 4
[3177.828s][debug][gc,phases      ] GC(216)     Total                          Min: 0, Avg:  0.0, Max: 0, Diff: 0, Sum: 0, Workers: 4
[3177.828s][debug][gc,phases      ] GC(216)   StringDedup Requests0 Weak     Min:  0.0, Avg:  0.0, Max:  0.0, Diff:  0.0, Sum:  0.0, Workers: 4
[3177.828s][debug][gc,phases      ] GC(216)     Dead                           Min: 0, Avg:  0.0, Max: 0, Diff: 0, Sum: 0, Workers: 4
[3177.828s][debug][gc,phases      ] GC(216)     Total                          Min: 0, Avg:  0.0, Max: 0, Diff: 0, Sum: 0, Workers: 4
[3177.828s][debug][gc,phases      ] GC(216)   StringDedup Requests1 Weak     Min:  0.0, Avg:  0.0, Max:  0.0, Diff:  0.0, Sum:  0.0, Workers: 4
[3177.828s][debug][gc,phases      ] GC(216)     Dead                           Min: 0, Avg:  0.0, Max: 0, Diff: 0, Sum: 0, Workers: 4
[3177.828s][debug][gc,phases      ] GC(216)     Total                          Min: 0, Avg:  0.0, Max: 0, Diff: 0, Sum: 0, Workers: 4
[3177.828s][debug][gc,phases      ] GC(216)   Weak JFR Old Object Samples    Min:  0.0, Avg:  0.0, Max:  0.0, Diff:  0.0, Sum:  0.0, Workers: 4
[3177.828s][debug][gc,phases      ] GC(216)     Dead                           Min: 0, Avg:  0.0, Max: 0, Diff: 0, Sum: 0, Workers: 4
[3177.828s][debug][gc,phases      ] GC(216)     Total                          Min: 0, Avg:  0.0, Max: 0, Diff: 0, Sum: 0, Workers: 4
[3177.828s][debug][gc,phases      ] GC(216) Weak Processing 0.385ms
[3177.829s][debug][gc,age         ] GC(216) Desired survivor size 524288 bytes, new threshold 15 (max threshold 15)
[3177.829s][info ][gc,heap        ] GC(216) PSYoungGen: 2096320K(2096640K)->128K(2096640K) Eden: 2096128K(2096128K)->0K(2096128K) From: 192K(512K)->128K(512K)
[3177.829s][info ][gc,heap        ] GC(216) ParOldGen: 236478K(324096K)->236486K(324096K)
[3177.829s][info ][gc,metaspace   ] GC(216) Metaspace: 80195K(81088K)->80195K(81088K) NonClass: 68468K(68928K)->68468K(68928K) Class: 11727K(12160K)->11727K(12160K)
[3177.829s][info ][gc             ] GC(216) Pause Young (Allocation Failure) 2278M->231M(2364M) 2.634ms
[3177.829s][info ][gc,cpu         ] GC(216) User=0.00s Sys=0.00s Real=0.00s
[3177.829s][info ][safepoint      ] Safepoint "ParallelGCFailedAllocation", Time since last: 16399358302 ns, Reaching safepoint: 7800 ns, Cleanup: 56200 ns, At safepoint: 2723514 ns, Total: 2787514 ns
[3194.273s][info ][gc,start       ] GC(217) Pause Young (Allocation Failure)
[3194.275s][debug][gc,phases      ] GC(217) Scavenge 2.141ms
[3194.275s][debug][gc,ref         ] GC(217) Skipped phase 1 of Reference Processing: no references
[3194.275s][debug][gc,ref         ] GC(217) Skipped phase 2 of Reference Processing: no references
[3194.275s][debug][gc,ref         ] GC(217) Skipped phase 3 of Reference Processing: no references
[3194.275s][debug][gc,ref         ] GC(217) Skipped phase 4 of Reference Processing: no references
[3194.275s][debug][gc,phases      ] GC(217) Reference Processing 0.019ms
[3194.276s][debug][gc,phases      ] GC(217)   VM Weak                        Min:  0.0, Avg:  0.0, Max:  0.0, Diff:  0.0, Sum:  0.0, Workers: 4
[3194.276s][debug][gc,phases      ] GC(217)     Dead                           Min: 0, Avg:  0.0, Max: 0, Diff: 0, Sum: 0, Workers: 4
[3194.276s][debug][gc,phases      ] GC(217)     Total                          Min: 0, Avg: 172.8, Max: 499, Diff: 499, Sum: 691, Workers: 4
[3194.276s][debug][gc,phases      ] GC(217)   ObjectSynchronizer Weak        Min:  0.0, Avg:  0.0, Max:  0.0, Diff:  0.0, Sum:  0.0, Workers: 4
[3194.276s][debug][gc,phases      ] GC(217)     Dead                           Min: 0, Avg:  0.0, Max: 0, Diff: 0, Sum: 0, Workers: 4
[3194.276s][debug][gc,phases      ] GC(217)     Total                          Min: 0, Avg:  1.0, Max: 4, Diff: 4, Sum: 4, Workers: 4
[3194.276s][debug][gc,phases      ] GC(217)   JVMTI Tag Weak OopStorage      Min:  0.0, Avg:  0.0, Max:  0.0, Diff:  0.0, Sum:  0.0, Workers: 4
[3194.276s][debug][gc,phases      ] GC(217)     Dead                           Min: 0, Avg:  0.0, Max: 0, Diff: 0, Sum: 0, Workers: 4
[3194.276s][debug][gc,phases      ] GC(217)     Total                          Min: 0, Avg:  0.0, Max: 0, Diff: 0, Sum: 0, Workers: 4
[3194.276s][debug][gc,phases      ] GC(217)   StringTable Weak               Min:  0.0, Avg:  0.1, Max:  0.1, Diff:  0.1, Sum:  0.4, Workers: 4
[3194.276s][debug][gc,phases      ] GC(217)     Dead                           Min: 0, Avg:  0.0, Max: 0, Diff: 0, Sum: 0, Workers: 4
[3194.276s][debug][gc,phases      ] GC(217)     Total                          Min: 0, Avg: 10708.5, Max: 18706, Diff: 18706, Sum: 42834, Workers: 4
[3194.276s][debug][gc,phases      ] GC(217)   ResolvedMethodTable Weak       Min:  0.0, Avg:  0.0, Max:  0.0, Diff:  0.0, Sum:  0.1, Workers: 4
[3194.276s][debug][gc,phases      ] GC(217)     Dead                           Min: 0, Avg:  0.0, Max: 0, Diff: 0, Sum: 0, Workers: 4
[3194.276s][debug][gc,phases      ] GC(217)     Total                          Min: 0, Avg: 2283.8, Max: 4111, Diff: 4111, Sum: 9135, Workers: 4
[3194.276s][debug][gc,phases      ] GC(217)   JNI Weak                       Min:  0.0, Avg:  0.0, Max:  0.0, Diff:  0.0, Sum:  0.0, Workers: 4
[3194.276s][debug][gc,phases      ] GC(217)     Dead                           Min: 0, Avg:  0.0, Max: 0, Diff: 0, Sum: 0, Workers: 4
[3194.276s][debug][gc,phases      ] GC(217)     Total                          Min: 0, Avg: 11.2, Max: 45, Diff: 45, Sum: 45, Workers: 4
[3194.276s][debug][gc,phases      ] GC(217)   StringDedup Table Weak         Min:  0.0, Avg:  0.0, Max:  0.0, Diff:  0.0, Sum:  0.0, Workers: 4
[3194.276s][debug][gc,phases      ] GC(217)     Dead                           Min: 0, Avg:  0.0, Max: 0, Diff: 0, Sum: 0, Workers: 4
[3194.276s][debug][gc,phases      ] GC(217)     Total                          Min: 0, Avg:  0.0, Max: 0, Diff: 0, Sum: 0, Workers: 4
[3194.276s][debug][gc,phases      ] GC(217)   StringDedup Requests0 Weak     Min:  0.0, Avg:  0.0, Max:  0.0, Diff:  0.0, Sum:  0.0, Workers: 4
[3194.276s][debug][gc,phases      ] GC(217)     Dead                           Min: 0, Avg:  0.0, Max: 0, Diff: 0, Sum: 0, Workers: 4
[3194.276s][debug][gc,phases      ] GC(217)     Total                          Min: 0, Avg:  0.0, Max: 0, Diff: 0, Sum: 0, Workers: 4
[3194.276s][debug][gc,phases      ] GC(217)   StringDedup Requests1 Weak     Min:  0.0, Avg:  0.0, Max:  0.0, Diff:  0.0, Sum:  0.0, Workers: 4
[3194.276s][debug][gc,phases      ] GC(217)     Dead                           Min: 0, Avg:  0.0, Max: 0, Diff: 0, Sum: 0, Workers: 4
[3194.276s][debug][gc,phases      ] GC(217)     Total                          Min: 0, Avg:  0.0, Max: 0, Diff: 0, Sum: 0, Workers: 4
[3194.276s][debug][gc,phases      ] GC(217)   Weak JFR Old Object Samples    Min:  0.0, Avg:  0.0, Max:  0.0, Diff:  0.0, Sum:  0.0, Workers: 4
[3194.276s][debug][gc,phases      ] GC(217)     Dead                           Min: 0, Avg:  0.0, Max: 0, Diff: 0, Sum: 0, Workers: 4
[3194.276s][debug][gc,phases      ] GC(217)     Total                          Min: 0, Avg:  0.0, Max: 0, Diff: 0, Sum: 0, Workers: 4
[3194.276s][debug][gc,phases      ] GC(217) Weak Processing 0.350ms
[3194.276s][debug][gc,age         ] GC(217) Desired survivor size 524288 bytes, new threshold 15 (max threshold 15)
[3194.276s][info ][gc,heap        ] GC(217) PSYoungGen: 2096256K(2096640K)->224K(2096640K) Eden: 2096128K(2096128K)->0K(2096128K) From: 128K(512K)->224K(512K)
[3194.276s][info ][gc,heap        ] GC(217) ParOldGen: 236486K(324096K)->236494K(324096K)
[3194.276s][info ][gc,metaspace   ] GC(217) Metaspace: 80195K(81088K)->80195K(81088K) NonClass: 68468K(68928K)->68468K(68928K) Class: 11727K(12160K)->11727K(12160K)
[3194.276s][info ][gc             ] GC(217) Pause Young (Allocation Failure) 2278M->231M(2364M) 2.594ms
[3194.276s][info ][gc,cpu         ] GC(217) User=0.01s Sys=0.00s Real=0.00s
[3194.276s][info ][safepoint      ] Safepoint "ParallelGCFailedAllocation", Time since last: 16444612810 ns, Reaching safepoint: 3900 ns, Cleanup: 47000 ns, At safepoint: 2671514 ns, Total: 2722414 ns
[3210.674s][info ][gc,start       ] GC(218) Pause Young (Allocation Failure)
[3210.675s][debug][gc,phases      ] GC(218) Scavenge 1.244ms
[3210.675s][debug][gc,ref         ] GC(218) Skipped phase 1 of Reference Processing: no references
[3210.675s][debug][gc,ref         ] GC(218) Skipped phase 2 of Reference Processing: no references
[3210.675s][debug][gc,ref         ] GC(218) Skipped phase 3 of Reference Processing: no references
[3210.675s][debug][gc,ref         ] GC(218) Skipped phase 4 of Reference Processing: no references
[3210.675s][debug][gc,phases      ] GC(218) Reference Processing 0.020ms
[3210.676s][debug][gc,phases      ] GC(218)   VM Weak                        Min:  0.0, Avg:  0.0, Max:  0.0, Diff:  0.0, Sum:  0.0, Workers: 4
[3210.676s][debug][gc,phases      ] GC(218)     Dead                           Min: 0, Avg:  0.0, Max: 0, Diff: 0, Sum: 0, Workers: 4
[3210.676s][debug][gc,phases      ] GC(218)     Total                          Min: 0, Avg: 172.8, Max: 627, Diff: 627, Sum: 691, Workers: 4
[3210.676s][debug][gc,phases      ] GC(218)   ObjectSynchronizer Weak        Min:  0.0, Avg:  0.0, Max:  0.0, Diff:  0.0, Sum:  0.0, Workers: 4
[3210.676s][debug][gc,phases      ] GC(218)     Dead                           Min: 0, Avg:  0.0, Max: 0, Diff: 0, Sum: 0, Workers: 4
[3210.676s][debug][gc,phases      ] GC(218)     Total                          Min: 0, Avg:  1.0, Max: 4, Diff: 4, Sum: 4, Workers: 4
[3210.676s][debug][gc,phases      ] GC(218)   JVMTI Tag Weak OopStorage      Min:  0.0, Avg:  0.0, Max:  0.0, Diff:  0.0, Sum:  0.0, Workers: 4
[3210.676s][debug][gc,phases      ] GC(218)     Dead                           Min: 0, Avg:  0.0, Max: 0, Diff: 0, Sum: 0, Workers: 4
[3210.676s][debug][gc,phases      ] GC(218)     Total                          Min: 0, Avg:  0.0, Max: 0, Diff: 0, Sum: 0, Workers: 4
[3210.676s][debug][gc,phases      ] GC(218)   StringTable Weak               Min:  0.0, Avg:  0.1, Max:  0.1, Diff:  0.1, Sum:  0.4, Workers: 4
[3210.676s][debug][gc,phases      ] GC(218)     Dead                           Min: 0, Avg:  0.0, Max: 0, Diff: 0, Sum: 0, Workers: 4
[3210.676s][debug][gc,phases      ] GC(218)     Total                          Min: 0, Avg: 10708.5, Max: 18322, Diff: 18322, Sum: 42834, Workers: 4
[3210.676s][debug][gc,phases      ] GC(218)   ResolvedMethodTable Weak       Min:  0.0, Avg:  0.0, Max:  0.0, Diff:  0.0, Sum:  0.1, Workers: 4
[3210.676s][debug][gc,phases      ] GC(218)     Dead                           Min: 0, Avg:  0.0, Max: 0, Diff: 0, Sum: 0, Workers: 4
[3210.676s][debug][gc,phases      ] GC(218)     Total                          Min: 0, Avg: 2283.8, Max: 3953, Diff: 3953, Sum: 9135, Workers: 4
[3210.676s][debug][gc,phases      ] GC(218)   JNI Weak                       Min:  0.0, Avg:  0.0, Max:  0.0, Diff:  0.0, Sum:  0.0, Workers: 4
[3210.676s][debug][gc,phases      ] GC(218)     Dead                           Min: 0, Avg:  0.0, Max: 0, Diff: 0, Sum: 0, Workers: 4
[3210.676s][debug][gc,phases      ] GC(218)     Total                          Min: 0, Avg: 11.2, Max: 45, Diff: 45, Sum: 45, Workers: 4
[3210.676s][debug][gc,phases      ] GC(218)   StringDedup Table Weak         Min:  0.0, Avg:  0.0, Max:  0.0, Diff:  0.0, Sum:  0.0, Workers: 4
[3210.676s][debug][gc,phases      ] GC(218)     Dead                           Min: 0, Avg:  0.0, Max: 0, Diff: 0, Sum: 0, Workers: 4
[3210.676s][debug][gc,phases      ] GC(218)     Total                          Min: 0, Avg:  0.0, Max: 0, Diff: 0, Sum: 0, Workers: 4
[3210.676s][debug][gc,phases      ] GC(218)   StringDedup Requests0 Weak     Min:  0.0, Avg:  0.0, Max:  0.0, Diff:  0.0, Sum:  0.0, Workers: 4
[3210.676s][debug][gc,phases      ] GC(218)     Dead                           Min: 0, Avg:  0.0, Max: 0, Diff: 0, Sum: 0, Workers: 4
[3210.676s][debug][gc,phases      ] GC(218)     Total                          Min: 0, Avg:  0.0, Max: 0, Diff: 0, Sum: 0, Workers: 4
[3210.676s][debug][gc,phases      ] GC(218)   StringDedup Requests1 Weak     Min:  0.0, Avg:  0.0, Max:  0.0, Diff:  0.0, Sum:  0.0, Workers: 4
[3210.676s][debug][gc,phases      ] GC(218)     Dead                           Min: 0, Avg:  0.0, Max: 0, Diff: 0, Sum: 0, Workers: 4
[3210.676s][debug][gc,phases      ] GC(218)     Total                          Min: 0, Avg:  0.0, Max: 0, Diff: 0, Sum: 0, Workers: 4
[3210.676s][debug][gc,phases      ] GC(218)   Weak JFR Old Object Samples    Min:  0.0, Avg:  0.0, Max:  0.0, Diff:  0.0, Sum:  0.0, Workers: 4
[3210.676s][debug][gc,phases      ] GC(218)     Dead                           Min: 0, Avg:  0.0, Max: 0, Diff: 0, Sum: 0, Workers: 4
[3210.676s][debug][gc,phases      ] GC(218)     Total                          Min: 0, Avg:  0.0, Max: 0, Diff: 0, Sum: 0, Workers: 4
[3210.676s][debug][gc,phases      ] GC(218) Weak Processing 0.356ms
[3210.676s][debug][gc,age         ] GC(218) Desired survivor size 524288 bytes, new threshold 15 (max threshold 15)
[3210.676s][info ][gc,heap        ] GC(218) PSYoungGen: 2096352K(2096640K)->128K(2096640K) Eden: 2096128K(2096128K)->0K(2096128K) From: 224K(512K)->128K(512K)
[3210.676s][info ][gc,heap        ] GC(218) ParOldGen: 236494K(324096K)->236494K(324096K)
[3210.676s][info ][gc,metaspace   ] GC(218) Metaspace: 80195K(81088K)->80195K(81088K) NonClass: 68468K(68928K)->68468K(68928K) Class: 11727K(12160K)->11727K(12160K)
[3210.676s][info ][gc             ] GC(218) Pause Young (Allocation Failure) 2278M->231M(2364M) 1.706ms
[3210.676s][info ][gc,cpu         ] GC(218) User=0.01s Sys=0.00s Real=0.00s
[3210.676s][info ][safepoint      ] Safepoint "ParallelGCFailedAllocation", Time since last: 16398090497 ns, Reaching safepoint: 4800 ns, Cleanup: 24601 ns, At safepoint: 1766709 ns, Total: 1796110 ns
[3227.076s][info ][gc,start       ] GC(219) Pause Young (Allocation Failure)
[3227.078s][debug][gc,phases      ] GC(219) Scavenge 1.835ms
[3227.078s][debug][gc,ref         ] GC(219) Skipped phase 1 of Reference Processing: no references
[3227.078s][debug][gc,ref         ] GC(219) Skipped phase 2 of Reference Processing: no references
[3227.078s][debug][gc,ref         ] GC(219) Skipped phase 3 of Reference Processing: no references
[3227.078s][debug][gc,ref         ] GC(219) Skipped phase 4 of Reference Processing: no references
[3227.078s][debug][gc,phases      ] GC(219) Reference Processing 0.020ms
[3227.078s][debug][gc,phases      ] GC(219)   VM Weak                        Min:  0.0, Avg:  0.0, Max:  0.0, Diff:  0.0, Sum:  0.0, Workers: 4
[3227.078s][debug][gc,phases      ] GC(219)     Dead                           Min: 0, Avg:  0.0, Max: 0, Diff: 0, Sum: 0, Workers: 4
[3227.078s][debug][gc,phases      ] GC(219)     Total                          Min: 0, Avg: 172.8, Max: 691, Diff: 691, Sum: 691, Workers: 4
[3227.078s][debug][gc,phases      ] GC(219)   ObjectSynchronizer Weak        Min:  0.0, Avg:  0.0, Max:  0.0, Diff:  0.0, Sum:  0.0, Workers: 4
[3227.078s][debug][gc,phases      ] GC(219)     Dead                           Min: 0, Avg:  0.0, Max: 0, Diff: 0, Sum: 0, Workers: 4
[3227.078s][debug][gc,phases      ] GC(219)     Total                          Min: 0, Avg:  1.0, Max: 4, Diff: 4, Sum: 4, Workers: 4
[3227.078s][debug][gc,phases      ] GC(219)   JVMTI Tag Weak OopStorage      Min:  0.0, Avg:  0.0, Max:  0.0, Diff:  0.0, Sum:  0.0, Workers: 4
[3227.078s][debug][gc,phases      ] GC(219)     Dead                           Min: 0, Avg:  0.0, Max: 0, Diff: 0, Sum: 0, Workers: 4
[3227.078s][debug][gc,phases      ] GC(219)     Total                          Min: 0, Avg:  0.0, Max: 0, Diff: 0, Sum: 0, Workers: 4
[3227.078s][debug][gc,phases      ] GC(219)   StringTable Weak               Min:  0.1, Avg:  0.1, Max:  0.1, Diff:  0.0, Sum:  0.5, Workers: 4
[3227.078s][debug][gc,phases      ] GC(219)     Dead                           Min: 0, Avg:  0.0, Max: 0, Diff: 0, Sum: 0, Workers: 4
[3227.078s][debug][gc,phases      ] GC(219)     Total                          Min: 10304, Avg: 10708.5, Max: 11072, Diff: 768, Sum: 42834, Workers: 4
[3227.078s][debug][gc,phases      ] GC(219)   ResolvedMethodTable Weak       Min:  0.0, Avg:  0.0, Max:  0.0, Diff:  0.0, Sum:  0.1, Workers: 4
[3227.078s][debug][gc,phases      ] GC(219)     Dead                           Min: 0, Avg:  0.0, Max: 0, Diff: 0, Sum: 0, Workers: 4
[3227.078s][debug][gc,phases      ] GC(219)     Total                          Min: 2149, Avg: 2283.8, Max: 2392, Diff: 243, Sum: 9135, Workers: 4
[3227.078s][debug][gc,phases      ] GC(219)   JNI Weak                       Min:  0.0, Avg:  0.0, Max:  0.0, Diff:  0.0, Sum:  0.0, Workers: 4
[3227.078s][debug][gc,phases      ] GC(219)     Dead                           Min: 0, Avg:  0.0, Max: 0, Diff: 0, Sum: 0, Workers: 4
[3227.078s][debug][gc,phases      ] GC(219)     Total                          Min: 0, Avg: 11.2, Max: 45, Diff: 45, Sum: 45, Workers: 4
[3227.078s][debug][gc,phases      ] GC(219)   StringDedup Table Weak         Min:  0.0, Avg:  0.0, Max:  0.0, Diff:  0.0, Sum:  0.0, Workers: 4
[3227.078s][debug][gc,phases      ] GC(219)     Dead                           Min: 0, Avg:  0.0, Max: 0, Diff: 0, Sum: 0, Workers: 4
[3227.078s][debug][gc,phases      ] GC(219)     Total                          Min: 0, Avg:  0.0, Max: 0, Diff: 0, Sum: 0, Workers: 4
[3227.078s][debug][gc,phases      ] GC(219)   StringDedup Requests0 Weak     Min:  0.0, Avg:  0.0, Max:  0.0, Diff:  0.0, Sum:  0.0, Workers: 4
[3227.078s][debug][gc,phases      ] GC(219)     Dead                           Min: 0, Avg:  0.0, Max: 0, Diff: 0, Sum: 0, Workers: 4
[3227.078s][debug][gc,phases      ] GC(219)     Total                          Min: 0, Avg:  0.0, Max: 0, Diff: 0, Sum: 0, Workers: 4
[3227.078s][debug][gc,phases      ] GC(219)   StringDedup Requests1 Weak     Min:  0.0, Avg:  0.0, Max:  0.0, Diff:  0.0, Sum:  0.0, Workers: 4
[3227.078s][debug][gc,phases      ] GC(219)     Dead                           Min: 0, Avg:  0.0, Max: 0, Diff: 0, Sum: 0, Workers: 4
[3227.078s][debug][gc,phases      ] GC(219)     Total                          Min: 0, Avg:  0.0, Max: 0, Diff: 0, Sum: 0, Workers: 4
[3227.078s][debug][gc,phases      ] GC(219)   Weak JFR Old Object Samples    Min:  0.0, Avg:  0.0, Max:  0.0, Diff:  0.0, Sum:  0.0, Workers: 4
[3227.078s][debug][gc,phases      ] GC(219)     Dead                           Min: 0, Avg:  0.0, Max: 0, Diff: 0, Sum: 0, Workers: 4
[3227.078s][debug][gc,phases      ] GC(219)     Total                          Min: 0, Avg:  0.0, Max: 0, Diff: 0, Sum: 0, Workers: 4
[3227.078s][debug][gc,phases      ] GC(219) Weak Processing 0.327ms
[3227.078s][debug][gc,age         ] GC(219) Desired survivor size 524288 bytes, new threshold 15 (max threshold 15)
[3227.078s][info ][gc,heap        ] GC(219) PSYoungGen: 2096256K(2096640K)->128K(2096640K) Eden: 2096128K(2096128K)->0K(2096128K) From: 128K(512K)->128K(512K)
[3227.078s][info ][gc,heap        ] GC(219) ParOldGen: 236494K(324096K)->236502K(324096K)
[3227.078s][info ][gc,metaspace   ] GC(219) Metaspace: 80195K(81088K)->80195K(81088K) NonClass: 68468K(68928K)->68468K(68928K) Class: 11727K(12160K)->11727K(12160K)
[3227.078s][info ][gc             ] GC(219) Pause Young (Allocation Failure) 2278M->231M(2364M) 2.273ms
[3227.078s][info ][gc,cpu         ] GC(219) User=0.00s Sys=0.00s Real=0.01s
[3227.078s][info ][safepoint      ] Safepoint "ParallelGCFailedAllocation", Time since last: 16399805380 ns, Reaching safepoint: 6200 ns, Cleanup: 39600 ns, At safepoint: 2360312 ns, Total: 2406112 ns
[3243.523s][info ][gc,start       ] GC(220) Pause Young (Allocation Failure)
[3243.525s][debug][gc,phases      ] GC(220) Scavenge 2.017ms
[3243.525s][debug][gc,ref         ] GC(220) Skipped phase 1 of Reference Processing: no references
[3243.525s][debug][gc,ref         ] GC(220) Skipped phase 2 of Reference Processing: no references
[3243.525s][debug][gc,ref         ] GC(220) Skipped phase 3 of Reference Processing: no references
[3243.525s][debug][gc,ref         ] GC(220) Skipped phase 4 of Reference Processing: no references
[3243.525s][debug][gc,phases      ] GC(220) Reference Processing 0.021ms
[3243.525s][debug][gc,phases      ] GC(220)   VM Weak                        Min:  0.0, Avg:  0.0, Max:  0.0, Diff:  0.0, Sum:  0.0, Workers: 4
[3243.525s][debug][gc,phases      ] GC(220)     Dead                           Min: 0, Avg:  0.0, Max: 0, Diff: 0, Sum: 0, Workers: 4
[3243.525s][debug][gc,phases      ] GC(220)     Total                          Min: 0, Avg: 172.8, Max: 691, Diff: 691, Sum: 691, Workers: 4
[3243.525s][debug][gc,phases      ] GC(220)   ObjectSynchronizer Weak        Min:  0.0, Avg:  0.0, Max:  0.0, Diff:  0.0, Sum:  0.0, Workers: 4
[3243.525s][debug][gc,phases      ] GC(220)     Dead                           Min: 0, Avg:  0.0, Max: 0, Diff: 0, Sum: 0, Workers: 4
[3243.525s][debug][gc,phases      ] GC(220)     Total                          Min: 0, Avg:  1.0, Max: 4, Diff: 4, Sum: 4, Workers: 4
[3243.525s][debug][gc,phases      ] GC(220)   JVMTI Tag Weak OopStorage      Min:  0.0, Avg:  0.0, Max:  0.0, Diff:  0.0, Sum:  0.0, Workers: 4
[3243.525s][debug][gc,phases      ] GC(220)     Dead                           Min: 0, Avg:  0.0, Max: 0, Diff: 0, Sum: 0, Workers: 4
[3243.525s][debug][gc,phases      ] GC(220)     Total                          Min: 0, Avg:  0.0, Max: 0, Diff: 0, Sum: 0, Workers: 4
[3243.525s][debug][gc,phases      ] GC(220)   StringTable Weak               Min:  0.0, Avg:  0.1, Max:  0.1, Diff:  0.1, Sum:  0.4, Workers: 4
[3243.525s][debug][gc,phases      ] GC(220)     Dead                           Min: 0, Avg:  0.0, Max: 0, Diff: 0, Sum: 0, Workers: 4
[3243.526s][debug][gc,phases      ] GC(220)     Total                          Min: 0, Avg: 10708.5, Max: 16768, Diff: 16768, Sum: 42834, Workers: 4
[3243.526s][debug][gc,phases      ] GC(220)   ResolvedMethodTable Weak       Min:  0.0, Avg:  0.0, Max:  0.0, Diff:  0.0, Sum:  0.1, Workers: 4
[3243.526s][debug][gc,phases      ] GC(220)     Dead                           Min: 0, Avg:  0.0, Max: 0, Diff: 0, Sum: 0, Workers: 4
[3243.526s][debug][gc,phases      ] GC(220)     Total                          Min: 0, Avg: 2283.8, Max: 4043, Diff: 4043, Sum: 9135, Workers: 4
[3243.526s][debug][gc,phases      ] GC(220)   JNI Weak                       Min:  0.0, Avg:  0.0, Max:  0.0, Diff:  0.0, Sum:  0.0, Workers: 4
[3243.526s][debug][gc,phases      ] GC(220)     Dead                           Min: 0, Avg:  0.0, Max: 0, Diff: 0, Sum: 0, Workers: 4
[3243.526s][debug][gc,phases      ] GC(220)     Total                          Min: 0, Avg: 11.2, Max: 45, Diff: 45, Sum: 45, Workers: 4
[3243.526s][debug][gc,phases      ] GC(220)   StringDedup Table Weak         Min:  0.0, Avg:  0.0, Max:  0.0, Diff:  0.0, Sum:  0.0, Workers: 4
[3243.526s][debug][gc,phases      ] GC(220)     Dead                           Min: 0, Avg:  0.0, Max: 0, Diff: 0, Sum: 0, Workers: 4
[3243.526s][debug][gc,phases      ] GC(220)     Total                          Min: 0, Avg:  0.0, Max: 0, Diff: 0, Sum: 0, Workers: 4
[3243.526s][debug][gc,phases      ] GC(220)   StringDedup Requests0 Weak     Min:  0.0, Avg:  0.0, Max:  0.0, Diff:  0.0, Sum:  0.0, Workers: 4
[3243.526s][debug][gc,phases      ] GC(220)     Dead                           Min: 0, Avg:  0.0, Max: 0, Diff: 0, Sum: 0, Workers: 4
[3243.526s][debug][gc,phases      ] GC(220)     Total                          Min: 0, Avg:  0.0, Max: 0, Diff: 0, Sum: 0, Workers: 4
[3243.526s][debug][gc,phases      ] GC(220)   StringDedup Requests1 Weak     Min:  0.0, Avg:  0.0, Max:  0.0, Diff:  0.0, Sum:  0.0, Workers: 4
[3243.526s][debug][gc,phases      ] GC(220)     Dead                           Min: 0, Avg:  0.0, Max: 0, Diff: 0, Sum: 0, Workers: 4
[3243.526s][debug][gc,phases      ] GC(220)     Total                          Min: 0, Avg:  0.0, Max: 0, Diff: 0, Sum: 0, Workers: 4
[3243.526s][debug][gc,phases      ] GC(220)   Weak JFR Old Object Samples    Min:  0.0, Avg:  0.0, Max:  0.0, Diff:  0.0, Sum:  0.0, Workers: 4
[3243.526s][debug][gc,phases      ] GC(220)     Dead                           Min: 0, Avg:  0.0, Max: 0, Diff: 0, Sum: 0, Workers: 4
[3243.526s][debug][gc,phases      ] GC(220)     Total                          Min: 0, Avg:  0.0, Max: 0, Diff: 0, Sum: 0, Workers: 4
[3243.526s][debug][gc,phases      ] GC(220) Weak Processing 0.358ms
[3243.526s][debug][gc,age         ] GC(220) Desired survivor size 524288 bytes, new threshold 15 (max threshold 15)
[3243.526s][info ][gc,heap        ] GC(220) PSYoungGen: 2096256K(2096640K)->256K(2096640K) Eden: 2096128K(2096128K)->0K(2096128K) From: 128K(512K)->256K(512K)
[3243.526s][info ][gc,heap        ] GC(220) ParOldGen: 236502K(324096K)->236510K(324096K)
[3243.526s][info ][gc,metaspace   ] GC(220) Metaspace: 80195K(81088K)->80195K(81088K) NonClass: 68468K(68928K)->68468K(68928K) Class: 11727K(12160K)->11727K(12160K)
[3243.526s][info ][gc             ] GC(220) Pause Young (Allocation Failure) 2278M->231M(2364M) 2.484ms
[3243.526s][info ][gc,cpu         ] GC(220) User=0.01s Sys=0.00s Real=0.00s
[3243.526s][info ][safepoint      ] Safepoint "ParallelGCFailedAllocation", Time since last: 16445039891 ns, Reaching safepoint: 5100 ns, Cleanup: 43500 ns, At safepoint: 2544612 ns, Total: 2593212 ns
[3259.924s][info ][gc,start       ] GC(221) Pause Young (Allocation Failure)
[3259.926s][debug][gc,phases      ] GC(221) Scavenge 1.864ms
[3259.926s][debug][gc,ref         ] GC(221) Skipped phase 1 of Reference Processing: no references
[3259.926s][debug][gc,ref         ] GC(221) Skipped phase 2 of Reference Processing: no references
[3259.926s][debug][gc,ref         ] GC(221) Skipped phase 3 of Reference Processing: no references
[3259.926s][debug][gc,ref         ] GC(221) Skipped phase 4 of Reference Processing: no references
[3259.926s][debug][gc,phases      ] GC(221) Reference Processing 0.031ms
[3259.926s][debug][gc,phases      ] GC(221)   VM Weak                        Min:  0.0, Avg:  0.0, Max:  0.0, Diff:  0.0, Sum:  0.0, Workers: 4
[3259.926s][debug][gc,phases      ] GC(221)     Dead                           Min: 0, Avg:  0.0, Max: 0, Diff: 0, Sum: 0, Workers: 4
[3259.926s][debug][gc,phases      ] GC(221)     Total                          Min: 0, Avg: 172.8, Max: 691, Diff: 691, Sum: 691, Workers: 4
[3259.926s][debug][gc,phases      ] GC(221)   ObjectSynchronizer Weak        Min:  0.0, Avg:  0.0, Max:  0.0, Diff:  0.0, Sum:  0.0, Workers: 4
[3259.926s][debug][gc,phases      ] GC(221)     Dead                           Min: 0, Avg:  0.0, Max: 0, Diff: 0, Sum: 0, Workers: 4
[3259.926s][debug][gc,phases      ] GC(221)     Total                          Min: 0, Avg:  1.0, Max: 4, Diff: 4, Sum: 4, Workers: 4
[3259.926s][debug][gc,phases      ] GC(221)   JVMTI Tag Weak OopStorage      Min:  0.0, Avg:  0.0, Max:  0.0, Diff:  0.0, Sum:  0.0, Workers: 4
[3259.926s][debug][gc,phases      ] GC(221)     Dead                           Min: 0, Avg:  0.0, Max: 0, Diff: 0, Sum: 0, Workers: 4
[3259.926s][debug][gc,phases      ] GC(221)     Total                          Min: 0, Avg:  0.0, Max: 0, Diff: 0, Sum: 0, Workers: 4
[3259.926s][debug][gc,phases      ] GC(221)   StringTable Weak               Min:  0.0, Avg:  0.1, Max:  0.2, Diff:  0.2, Sum:  0.5, Workers: 4
[3259.926s][debug][gc,phases      ] GC(221)     Dead                           Min: 0, Avg:  0.0, Max: 0, Diff: 0, Sum: 0, Workers: 4
[3259.926s][debug][gc,phases      ] GC(221)     Total                          Min: 0, Avg: 10708.5, Max: 14930, Diff: 14930, Sum: 42834, Workers: 4
[3259.926s][debug][gc,phases      ] GC(221)   ResolvedMethodTable Weak       Min:  0.0, Avg:  0.0, Max:  0.0, Diff:  0.0, Sum:  0.1, Workers: 4
[3259.926s][debug][gc,phases      ] GC(221)     Dead                           Min: 0, Avg:  0.0, Max: 0, Diff: 0, Sum: 0, Workers: 4
[3259.926s][debug][gc,phases      ] GC(221)     Total                          Min: 0, Avg: 2283.8, Max: 3191, Diff: 3191, Sum: 9135, Workers: 4
[3259.926s][debug][gc,phases      ] GC(221)   JNI Weak                       Min:  0.0, Avg:  0.0, Max:  0.0, Diff:  0.0, Sum:  0.0, Workers: 4
[3259.926s][debug][gc,phases      ] GC(221)     Dead                           Min: 0, Avg:  0.0, Max: 0, Diff: 0, Sum: 0, Workers: 4
[3259.926s][debug][gc,phases      ] GC(221)     Total                          Min: 0, Avg: 11.2, Max: 45, Diff: 45, Sum: 45, Workers: 4
[3259.926s][debug][gc,phases      ] GC(221)   StringDedup Table Weak         Min:  0.0, Avg:  0.0, Max:  0.0, Diff:  0.0, Sum:  0.0, Workers: 4
[3259.926s][debug][gc,phases      ] GC(221)     Dead                           Min: 0, Avg:  0.0, Max: 0, Diff: 0, Sum: 0, Workers: 4
[3259.926s][debug][gc,phases      ] GC(221)     Total                          Min: 0, Avg:  0.0, Max: 0, Diff: 0, Sum: 0, Workers: 4
[3259.926s][debug][gc,phases      ] GC(221)   StringDedup Requests0 Weak     Min:  0.0, Avg:  0.0, Max:  0.0, Diff:  0.0, Sum:  0.0, Workers: 4
[3259.926s][debug][gc,phases      ] GC(221)     Dead                           Min: 0, Avg:  0.0, Max: 0, Diff: 0, Sum: 0, Workers: 4
[3259.926s][debug][gc,phases      ] GC(221)     Total                          Min: 0, Avg:  0.0, Max: 0, Diff: 0, Sum: 0, Workers: 4
[3259.926s][debug][gc,phases      ] GC(221)   StringDedup Requests1 Weak     Min:  0.0, Avg:  0.0, Max:  0.0, Diff:  0.0, Sum:  0.0, Workers: 4
[3259.926s][debug][gc,phases      ] GC(221)     Dead                           Min: 0, Avg:  0.0, Max: 0, Diff: 0, Sum: 0, Workers: 4
[3259.926s][debug][gc,phases      ] GC(221)     Total                          Min: 0, Avg:  0.0, Max: 0, Diff: 0, Sum: 0, Workers: 4
[3259.926s][debug][gc,phases      ] GC(221)   Weak JFR Old Object Samples    Min:  0.0, Avg:  0.0, Max:  0.0, Diff:  0.0, Sum:  0.0, Workers: 4
[3259.926s][debug][gc,phases      ] GC(221)     Dead                           Min: 0, Avg:  0.0, Max: 0, Diff: 0, Sum: 0, Workers: 4
[3259.926s][debug][gc,phases      ] GC(221)     Total                          Min: 0, Avg:  0.0, Max: 0, Diff: 0, Sum: 0, Workers: 4
[3259.926s][debug][gc,phases      ] GC(221) Weak Processing 0.412ms
[3259.926s][debug][gc,age         ] GC(221) Desired survivor size 524288 bytes, new threshold 15 (max threshold 15)
[3259.926s][info ][gc,heap        ] GC(221) PSYoungGen: 2096384K(2096640K)->224K(2096640K) Eden: 2096128K(2096128K)->0K(2096128K) From: 256K(512K)->224K(512K)
[3259.926s][info ][gc,heap        ] GC(221) ParOldGen: 236510K(324096K)->236534K(324096K)
[3259.926s][info ][gc,metaspace   ] GC(221) Metaspace: 80195K(81088K)->80195K(81088K) NonClass: 68468K(68928K)->68468K(68928K) Class: 11727K(12160K)->11727K(12160K)
[3259.926s][info ][gc             ] GC(221) Pause Young (Allocation Failure) 2278M->231M(2364M) 2.421ms
[3259.926s][info ][gc,cpu         ] GC(221) User=0.01s Sys=0.00s Real=0.00s
[3259.926s][info ][safepoint      ] Safepoint "ParallelGCFailedAllocation", Time since last: 16397951002 ns, Reaching safepoint: 5700 ns, Cleanup: 40900 ns, At safepoint: 2498212 ns, Total: 2544812 ns
[3276.325s][info ][gc,start       ] GC(222) Pause Young (Allocation Failure)
[3276.327s][debug][gc,phases      ] GC(222) Scavenge 1.329ms
[3276.327s][debug][gc,ref         ] GC(222) Skipped phase 1 of Reference Processing: no references
[3276.327s][debug][gc,ref         ] GC(222) Skipped phase 2 of Reference Processing: no references
[3276.327s][debug][gc,ref         ] GC(222) Skipped phase 3 of Reference Processing: no references
[3276.327s][debug][gc,ref         ] GC(222) Skipped phase 4 of Reference Processing: no references
[3276.327s][debug][gc,phases      ] GC(222) Reference Processing 0.019ms
[3276.327s][debug][gc,phases      ] GC(222)   VM Weak                        Min:  0.0, Avg:  0.0, Max:  0.0, Diff:  0.0, Sum:  0.0, Workers: 4
[3276.327s][debug][gc,phases      ] GC(222)     Dead                           Min: 0, Avg:  0.0, Max: 0, Diff: 0, Sum: 0, Workers: 4
[3276.327s][debug][gc,phases      ] GC(222)     Total                          Min: 0, Avg: 172.8, Max: 371, Diff: 371, Sum: 691, Workers: 4
[3276.327s][debug][gc,phases      ] GC(222)   ObjectSynchronizer Weak        Min:  0.0, Avg:  0.0, Max:  0.0, Diff:  0.0, Sum:  0.0, Workers: 4
[3276.327s][debug][gc,phases      ] GC(222)     Dead                           Min: 0, Avg:  0.0, Max: 0, Diff: 0, Sum: 0, Workers: 4
[3276.327s][debug][gc,phases      ] GC(222)     Total                          Min: 0, Avg:  1.0, Max: 4, Diff: 4, Sum: 4, Workers: 4
[3276.327s][debug][gc,phases      ] GC(222)   JVMTI Tag Weak OopStorage      Min:  0.0, Avg:  0.0, Max:  0.0, Diff:  0.0, Sum:  0.0, Workers: 4
[3276.327s][debug][gc,phases      ] GC(222)     Dead                           Min: 0, Avg:  0.0, Max: 0, Diff: 0, Sum: 0, Workers: 4
[3276.327s][debug][gc,phases      ] GC(222)     Total                          Min: 0, Avg:  0.0, Max: 0, Diff: 0, Sum: 0, Workers: 4
[3276.327s][debug][gc,phases      ] GC(222)   StringTable Weak               Min:  0.0, Avg:  0.1, Max:  0.1, Diff:  0.1, Sum:  0.4, Workers: 4
[3276.327s][debug][gc,phases      ] GC(222)     Dead                           Min: 0, Avg:  0.0, Max: 0, Diff: 0, Sum: 0, Workers: 4
[3276.327s][debug][gc,phases      ] GC(222)     Total                          Min: 0, Avg: 10708.5, Max: 18066, Diff: 18066, Sum: 42834, Workers: 4
[3276.327s][debug][gc,phases      ] GC(222)   ResolvedMethodTable Weak       Min:  0.0, Avg:  0.0, Max:  0.0, Diff:  0.0, Sum:  0.1, Workers: 4
[3276.327s][debug][gc,phases      ] GC(222)     Dead                           Min: 0, Avg:  0.0, Max: 0, Diff: 0, Sum: 0, Workers: 4
[3276.327s][debug][gc,phases      ] GC(222)     Total                          Min: 0, Avg: 2283.8, Max: 3934, Diff: 3934, Sum: 9135, Workers: 4
[3276.327s][debug][gc,phases      ] GC(222)   JNI Weak                       Min:  0.0, Avg:  0.0, Max:  0.0, Diff:  0.0, Sum:  0.0, Workers: 4
[3276.327s][debug][gc,phases      ] GC(222)     Dead                           Min: 0, Avg:  0.0, Max: 0, Diff: 0, Sum: 0, Workers: 4
[3276.327s][debug][gc,phases      ] GC(222)     Total                          Min: 0, Avg: 11.2, Max: 45, Diff: 45, Sum: 45, Workers: 4
[3276.327s][debug][gc,phases      ] GC(222)   StringDedup Table Weak         Min:  0.0, Avg:  0.0, Max:  0.0, Diff:  0.0, Sum:  0.0, Workers: 4
[3276.327s][debug][gc,phases      ] GC(222)     Dead                           Min: 0, Avg:  0.0, Max: 0, Diff: 0, Sum: 0, Workers: 4
[3276.327s][debug][gc,phases      ] GC(222)     Total                          Min: 0, Avg:  0.0, Max: 0, Diff: 0, Sum: 0, Workers: 4
[3276.327s][debug][gc,phases      ] GC(222)   StringDedup Requests0 Weak     Min:  0.0, Avg:  0.0, Max:  0.0, Diff:  0.0, Sum:  0.0, Workers: 4
[3276.327s][debug][gc,phases      ] GC(222)     Dead                           Min: 0, Avg:  0.0, Max: 0, Diff: 0, Sum: 0, Workers: 4
[3276.327s][debug][gc,phases      ] GC(222)     Total                          Min: 0, Avg:  0.0, Max: 0, Diff: 0, Sum: 0, Workers: 4
[3276.327s][debug][gc,phases      ] GC(222)   StringDedup Requests1 Weak     Min:  0.0, Avg:  0.0, Max:  0.0, Diff:  0.0, Sum:  0.0, Workers: 4
[3276.327s][debug][gc,phases      ] GC(222)     Dead                           Min: 0, Avg:  0.0, Max: 0, Diff: 0, Sum: 0, Workers: 4
[3276.327s][debug][gc,phases      ] GC(222)     Total                          Min: 0, Avg:  0.0, Max: 0, Diff: 0, Sum: 0, Workers: 4
[3276.327s][debug][gc,phases      ] GC(222)   Weak JFR Old Object Samples    Min:  0.0, Avg:  0.0, Max:  0.0, Diff:  0.0, Sum:  0.0, Workers: 4
[3276.327s][debug][gc,phases      ] GC(222)     Dead                           Min: 0, Avg:  0.0, Max: 0, Diff: 0, Sum: 0, Workers: 4
[3276.327s][debug][gc,phases      ] GC(222)     Total                          Min: 0, Avg:  0.0, Max: 0, Diff: 0, Sum: 0, Workers: 4
[3276.327s][debug][gc,phases      ] GC(222) Weak Processing 0.364ms
[3276.327s][debug][gc,age         ] GC(222) Desired survivor size 524288 bytes, new threshold 15 (max threshold 15)
[3276.327s][info ][gc,heap        ] GC(222) PSYoungGen: 2096352K(2096640K)->128K(2096640K) Eden: 2096128K(2096128K)->0K(2096128K) From: 224K(512K)->128K(512K)
[3276.327s][info ][gc,heap        ] GC(222) ParOldGen: 236534K(324096K)->236542K(324096K)
[3276.327s][info ][gc,metaspace   ] GC(222) Metaspace: 80195K(81088K)->80195K(81088K) NonClass: 68468K(68928K)->68468K(68928K) Class: 11727K(12160K)->11727K(12160K)
[3276.327s][info ][gc             ] GC(222) Pause Young (Allocation Failure) 2278M->231M(2364M) 1.809ms
[3276.327s][info ][gc,cpu         ] GC(222) User=0.01s Sys=0.00s Real=0.00s
[3276.327s][info ][safepoint      ] Safepoint "ParallelGCFailedAllocation", Time since last: 16399165979 ns, Reaching safepoint: 16800 ns, Cleanup: 94101 ns, At safepoint: 1876208 ns, Total: 1987109 ns
[3292.773s][info ][gc,start       ] GC(223) Pause Young (Allocation Failure)
[3292.775s][debug][gc,phases      ] GC(223) Scavenge 1.412ms
[3292.775s][debug][gc,ref         ] GC(223) Skipped phase 1 of Reference Processing: no references
[3292.775s][debug][gc,ref         ] GC(223) Skipped phase 2 of Reference Processing: no references
[3292.775s][debug][gc,ref         ] GC(223) Skipped phase 3 of Reference Processing: no references
[3292.775s][debug][gc,ref         ] GC(223) Skipped phase 4 of Reference Processing: no references
[3292.775s][debug][gc,phases      ] GC(223) Reference Processing 0.023ms
[3292.775s][debug][gc,phases      ] GC(223)   VM Weak                        Min:  0.0, Avg:  0.0, Max:  0.0, Diff:  0.0, Sum:  0.0, Workers: 4
[3292.775s][debug][gc,phases      ] GC(223)     Dead                           Min: 0, Avg:  0.0, Max: 0, Diff: 0, Sum: 0, Workers: 4
[3292.775s][debug][gc,phases      ] GC(223)     Total                          Min: 0, Avg: 172.8, Max: 512, Diff: 512, Sum: 691, Workers: 4
[3292.775s][debug][gc,phases      ] GC(223)   ObjectSynchronizer Weak        Min:  0.0, Avg:  0.0, Max:  0.0, Diff:  0.0, Sum:  0.0, Workers: 4
[3292.775s][debug][gc,phases      ] GC(223)     Dead                           Min: 0, Avg:  0.0, Max: 0, Diff: 0, Sum: 0, Workers: 4
[3292.775s][debug][gc,phases      ] GC(223)     Total                          Min: 0, Avg:  1.0, Max: 4, Diff: 4, Sum: 4, Workers: 4
[3292.775s][debug][gc,phases      ] GC(223)   JVMTI Tag Weak OopStorage      Min:  0.0, Avg:  0.0, Max:  0.0, Diff:  0.0, Sum:  0.0, Workers: 4
[3292.775s][debug][gc,phases      ] GC(223)     Dead                           Min: 0, Avg:  0.0, Max: 0, Diff: 0, Sum: 0, Workers: 4
[3292.775s][debug][gc,phases      ] GC(223)     Total                          Min: 0, Avg:  0.0, Max: 0, Diff: 0, Sum: 0, Workers: 4
[3292.775s][debug][gc,phases      ] GC(223)   StringTable Weak               Min:  0.0, Avg:  0.1, Max:  0.1, Diff:  0.1, Sum:  0.4, Workers: 4
[3292.775s][debug][gc,phases      ] GC(223)     Dead                           Min: 0, Avg:  0.0, Max: 0, Diff: 0, Sum: 0, Workers: 4
[3292.775s][debug][gc,phases      ] GC(223)     Total                          Min: 0, Avg: 10709.0, Max: 18496, Diff: 18496, Sum: 42836, Workers: 4
[3292.775s][debug][gc,phases      ] GC(223)   ResolvedMethodTable Weak       Min:  0.0, Avg:  0.0, Max:  0.0, Diff:  0.0, Sum:  0.1, Workers: 4
[3292.775s][debug][gc,phases      ] GC(223)     Dead                           Min: 0, Avg:  0.0, Max: 0, Diff: 0, Sum: 0, Workers: 4
[3292.775s][debug][gc,phases      ] GC(223)     Total                          Min: 0, Avg: 2283.8, Max: 4173, Diff: 4173, Sum: 9135, Workers: 4
[3292.775s][debug][gc,phases      ] GC(223)   JNI Weak                       Min:  0.0, Avg:  0.0, Max:  0.0, Diff:  0.0, Sum:  0.0, Workers: 4
[3292.775s][debug][gc,phases      ] GC(223)     Dead                           Min: 0, Avg:  0.0, Max: 0, Diff: 0, Sum: 0, Workers: 4
[3292.775s][debug][gc,phases      ] GC(223)     Total                          Min: 0, Avg: 11.2, Max: 45, Diff: 45, Sum: 45, Workers: 4
[3292.775s][debug][gc,phases      ] GC(223)   StringDedup Table Weak         Min:  0.0, Avg:  0.0, Max:  0.0, Diff:  0.0, Sum:  0.0, Workers: 4
[3292.775s][debug][gc,phases      ] GC(223)     Dead                           Min: 0, Avg:  0.0, Max: 0, Diff: 0, Sum: 0, Workers: 4
[3292.775s][debug][gc,phases      ] GC(223)     Total                          Min: 0, Avg:  0.0, Max: 0, Diff: 0, Sum: 0, Workers: 4
[3292.775s][debug][gc,phases      ] GC(223)   StringDedup Requests0 Weak     Min:  0.0, Avg:  0.0, Max:  0.0, Diff:  0.0, Sum:  0.0, Workers: 4
[3292.775s][debug][gc,phases      ] GC(223)     Dead                           Min: 0, Avg:  0.0, Max: 0, Diff: 0, Sum: 0, Workers: 4
[3292.775s][debug][gc,phases      ] GC(223)     Total                          Min: 0, Avg:  0.0, Max: 0, Diff: 0, Sum: 0, Workers: 4
[3292.775s][debug][gc,phases      ] GC(223)   StringDedup Requests1 Weak     Min:  0.0, Avg:  0.0, Max:  0.0, Diff:  0.0, Sum:  0.0, Workers: 4
[3292.775s][debug][gc,phases      ] GC(223)     Dead                           Min: 0, Avg:  0.0, Max: 0, Diff: 0, Sum: 0, Workers: 4
[3292.775s][debug][gc,phases      ] GC(223)     Total                          Min: 0, Avg:  0.0, Max: 0, Diff: 0, Sum: 0, Workers: 4
[3292.775s][debug][gc,phases      ] GC(223)   Weak JFR Old Object Samples    Min:  0.0, Avg:  0.0, Max:  0.0, Diff:  0.0, Sum:  0.0, Workers: 4
[3292.775s][debug][gc,phases      ] GC(223)     Dead                           Min: 0, Avg:  0.0, Max: 0, Diff: 0, Sum: 0, Workers: 4
[3292.775s][debug][gc,phases      ] GC(223)     Total                          Min: 0, Avg:  0.0, Max: 0, Diff: 0, Sum: 0, Workers: 4
[3292.775s][debug][gc,phases      ] GC(223) Weak Processing 0.363ms
[3292.775s][debug][gc,age         ] GC(223) Desired survivor size 524288 bytes, new threshold 15 (max threshold 15)
[3292.775s][info ][gc,heap        ] GC(223) PSYoungGen: 2096256K(2096640K)->128K(2096640K) Eden: 2096128K(2096128K)->0K(2096128K) From: 128K(512K)->128K(512K)
[3292.775s][info ][gc,heap        ] GC(223) ParOldGen: 236542K(324096K)->236558K(324096K)
[3292.775s][info ][gc,metaspace   ] GC(223) Metaspace: 80202K(81088K)->80202K(81088K) NonClass: 68475K(68928K)->68475K(68928K) Class: 11727K(12160K)->11727K(12160K)
[3292.775s][info ][gc             ] GC(223) Pause Young (Allocation Failure) 2278M->231M(2364M) 1.927ms
[3292.775s][info ][gc,cpu         ] GC(223) User=0.00s Sys=0.00s Real=0.00s
[3292.775s][info ][safepoint      ] Safepoint "ParallelGCFailedAllocation", Time since last: 16446121576 ns, Reaching safepoint: 5800 ns, Cleanup: 27800 ns, At safepoint: 2000110 ns, Total: 2033710 ns
[3309.174s][info ][gc,start       ] GC(224) Pause Young (Allocation Failure)
[3309.175s][debug][gc,phases      ] GC(224) Scavenge 1.429ms
[3309.175s][debug][gc,ref         ] GC(224) Skipped phase 1 of Reference Processing: no references
[3309.175s][debug][gc,ref         ] GC(224) Skipped phase 2 of Reference Processing: no references
[3309.175s][debug][gc,ref         ] GC(224) Skipped phase 3 of Reference Processing: no references
[3309.175s][debug][gc,ref         ] GC(224) Skipped phase 4 of Reference Processing: no references
[3309.175s][debug][gc,phases      ] GC(224) Reference Processing 0.020ms
[3309.176s][debug][gc,phases      ] GC(224)   VM Weak                        Min:  0.0, Avg:  0.0, Max:  0.0, Diff:  0.0, Sum:  0.0, Workers: 4
[3309.176s][debug][gc,phases      ] GC(224)     Dead                           Min: 0, Avg:  0.0, Max: 0, Diff: 0, Sum: 0, Workers: 4
[3309.176s][debug][gc,phases      ] GC(224)     Total                          Min: 0, Avg: 172.8, Max: 563, Diff: 563, Sum: 691, Workers: 4
[3309.176s][debug][gc,phases      ] GC(224)   ObjectSynchronizer Weak        Min:  0.0, Avg:  0.0, Max:  0.0, Diff:  0.0, Sum:  0.0, Workers: 4
[3309.176s][debug][gc,phases      ] GC(224)     Dead                           Min: 0, Avg:  0.0, Max: 0, Diff: 0, Sum: 0, Workers: 4
[3309.176s][debug][gc,phases      ] GC(224)     Total                          Min: 0, Avg:  1.0, Max: 4, Diff: 4, Sum: 4, Workers: 4
[3309.176s][debug][gc,phases      ] GC(224)   JVMTI Tag Weak OopStorage      Min:  0.0, Avg:  0.0, Max:  0.0, Diff:  0.0, Sum:  0.0, Workers: 4
[3309.176s][debug][gc,phases      ] GC(224)     Dead                           Min: 0, Avg:  0.0, Max: 0, Diff: 0, Sum: 0, Workers: 4
[3309.176s][debug][gc,phases      ] GC(224)     Total                          Min: 0, Avg:  0.0, Max: 0, Diff: 0, Sum: 0, Workers: 4
[3309.176s][debug][gc,phases      ] GC(224)   StringTable Weak               Min:  0.0, Avg:  0.1, Max:  0.1, Diff:  0.1, Sum:  0.4, Workers: 4
[3309.176s][debug][gc,phases      ] GC(224)     Dead                           Min: 0, Avg:  0.0, Max: 0, Diff: 0, Sum: 0, Workers: 4
[3309.176s][debug][gc,phases      ] GC(224)     Total                          Min: 0, Avg: 10709.0, Max: 17664, Diff: 17664, Sum: 42836, Workers: 4
[3309.176s][debug][gc,phases      ] GC(224)   ResolvedMethodTable Weak       Min:  0.0, Avg:  0.0, Max:  0.0, Diff:  0.0, Sum:  0.1, Workers: 4
[3309.176s][debug][gc,phases      ] GC(224)     Dead                           Min: 0, Avg:  0.0, Max: 0, Diff: 0, Sum: 0, Workers: 4
[3309.176s][debug][gc,phases      ] GC(224)     Total                          Min: 0, Avg: 2283.8, Max: 3795, Diff: 3795, Sum: 9135, Workers: 4
[3309.176s][debug][gc,phases      ] GC(224)   JNI Weak                       Min:  0.0, Avg:  0.0, Max:  0.0, Diff:  0.0, Sum:  0.0, Workers: 4
[3309.176s][debug][gc,phases      ] GC(224)     Dead                           Min: 0, Avg:  0.0, Max: 0, Diff: 0, Sum: 0, Workers: 4
[3309.176s][debug][gc,phases      ] GC(224)     Total                          Min: 0, Avg: 11.2, Max: 45, Diff: 45, Sum: 45, Workers: 4
[3309.176s][debug][gc,phases      ] GC(224)   StringDedup Table Weak         Min:  0.0, Avg:  0.0, Max:  0.0, Diff:  0.0, Sum:  0.0, Workers: 4
[3309.176s][debug][gc,phases      ] GC(224)     Dead                           Min: 0, Avg:  0.0, Max: 0, Diff: 0, Sum: 0, Workers: 4
[3309.176s][debug][gc,phases      ] GC(224)     Total                          Min: 0, Avg:  0.0, Max: 0, Diff: 0, Sum: 0, Workers: 4
[3309.176s][debug][gc,phases      ] GC(224)   StringDedup Requests0 Weak     Min:  0.0, Avg:  0.0, Max:  0.0, Diff:  0.0, Sum:  0.0, Workers: 4
[3309.176s][debug][gc,phases      ] GC(224)     Dead                           Min: 0, Avg:  0.0, Max: 0, Diff: 0, Sum: 0, Workers: 4
[3309.176s][debug][gc,phases      ] GC(224)     Total                          Min: 0, Avg:  0.0, Max: 0, Diff: 0, Sum: 0, Workers: 4
[3309.176s][debug][gc,phases      ] GC(224)   StringDedup Requests1 Weak     Min:  0.0, Avg:  0.0, Max:  0.0, Diff:  0.0, Sum:  0.0, Workers: 4
[3309.176s][debug][gc,phases      ] GC(224)     Dead                           Min: 0, Avg:  0.0, Max: 0, Diff: 0, Sum: 0, Workers: 4
[3309.176s][debug][gc,phases      ] GC(224)     Total                          Min: 0, Avg:  0.0, Max: 0, Diff: 0, Sum: 0, Workers: 4
[3309.176s][debug][gc,phases      ] GC(224)   Weak JFR Old Object Samples    Min:  0.0, Avg:  0.0, Max:  0.0, Diff:  0.0, Sum:  0.0, Workers: 4
[3309.176s][debug][gc,phases      ] GC(224)     Dead                           Min: 0, Avg:  0.0, Max: 0, Diff: 0, Sum: 0, Workers: 4
[3309.176s][debug][gc,phases      ] GC(224)     Total                          Min: 0, Avg:  0.0, Max: 0, Diff: 0, Sum: 0, Workers: 4
[3309.176s][debug][gc,phases      ] GC(224) Weak Processing 0.354ms
[3309.176s][debug][gc,age         ] GC(224) Desired survivor size 524288 bytes, new threshold 15 (max threshold 15)
[3309.176s][info ][gc,heap        ] GC(224) PSYoungGen: 2096256K(2096640K)->192K(2096640K) Eden: 2096128K(2096128K)->0K(2096128K) From: 128K(512K)->192K(512K)
[3309.176s][info ][gc,heap        ] GC(224) ParOldGen: 236558K(324096K)->236558K(324096K)
[3309.176s][info ][gc,metaspace   ] GC(224) Metaspace: 80202K(81088K)->80202K(81088K) NonClass: 68475K(68928K)->68475K(68928K) Class: 11727K(12160K)->11727K(12160K)
[3309.176s][info ][gc             ] GC(224) Pause Young (Allocation Failure) 2278M->231M(2364M) 1.897ms
[3309.176s][info ][gc,cpu         ] GC(224) User=0.01s Sys=0.00s Real=0.00s
[3309.176s][info ][safepoint      ] Safepoint "ParallelGCFailedAllocation", Time since last: 16398276448 ns, Reaching safepoint: 5200 ns, Cleanup: 28400 ns, At safepoint: 1975711 ns, Total: 2009311 ns
[3313.176s][info ][safepoint      ] Safepoint "Cleanup", Time since last: 4000275665 ns, Reaching safepoint: 72700 ns, Cleanup: 57101 ns, At safepoint: 6400 ns, Total: 136201 ns
[3319.177s][info ][safepoint      ] Safepoint "Cleanup", Time since last: 6000431750 ns, Reaching safepoint: 3900 ns, Cleanup: 47000 ns, At safepoint: 24400 ns, Total: 75300 ns
[3325.475s][info ][gc,start       ] GC(225) Pause Young (Allocation Failure)
[3325.477s][debug][gc,phases      ] GC(225) Scavenge 2.088ms
[3325.477s][debug][gc,ref         ] GC(225) Skipped phase 1 of Reference Processing: no references
[3325.477s][debug][gc,ref         ] GC(225) Skipped phase 2 of Reference Processing: no references
[3325.477s][debug][gc,ref         ] GC(225) Skipped phase 3 of Reference Processing: no references
[3325.477s][debug][gc,ref         ] GC(225) Skipped phase 4 of Reference Processing: no references
[3325.477s][debug][gc,phases      ] GC(225) Reference Processing 0.023ms
[3325.477s][debug][gc,phases      ] GC(225)   VM Weak                        Min:  0.0, Avg:  0.0, Max:  0.0, Diff:  0.0, Sum:  0.0, Workers: 4
[3325.477s][debug][gc,phases      ] GC(225)     Dead                           Min: 0, Avg:  0.0, Max: 0, Diff: 0, Sum: 0, Workers: 4
[3325.477s][debug][gc,phases      ] GC(225)     Total                          Min: 0, Avg: 172.8, Max: 563, Diff: 563, Sum: 691, Workers: 4
[3325.477s][debug][gc,phases      ] GC(225)   ObjectSynchronizer Weak        Min:  0.0, Avg:  0.0, Max:  0.0, Diff:  0.0, Sum:  0.0, Workers: 4
[3325.477s][debug][gc,phases      ] GC(225)     Dead                           Min: 0, Avg:  0.0, Max: 0, Diff: 0, Sum: 0, Workers: 4
[3325.477s][debug][gc,phases      ] GC(225)     Total                          Min: 0, Avg:  1.0, Max: 4, Diff: 4, Sum: 4, Workers: 4
[3325.477s][debug][gc,phases      ] GC(225)   JVMTI Tag Weak OopStorage      Min:  0.0, Avg:  0.0, Max:  0.0, Diff:  0.0, Sum:  0.0, Workers: 4
[3325.477s][debug][gc,phases      ] GC(225)     Dead                           Min: 0, Avg:  0.0, Max: 0, Diff: 0, Sum: 0, Workers: 4
[3325.477s][debug][gc,phases      ] GC(225)     Total                          Min: 0, Avg:  0.0, Max: 0, Diff: 0, Sum: 0, Workers: 4
[3325.477s][debug][gc,phases      ] GC(225)   StringTable Weak               Min:  0.0, Avg:  0.1, Max:  0.1, Diff:  0.1, Sum:  0.4, Workers: 4
[3325.477s][debug][gc,phases      ] GC(225)     Dead                           Min: 0, Avg:  0.0, Max: 0, Diff: 0, Sum: 0, Workers: 4
[3325.477s][debug][gc,phases      ] GC(225)     Total                          Min: 0, Avg: 10709.0, Max: 17600, Diff: 17600, Sum: 42836, Workers: 4
[3325.477s][debug][gc,phases      ] GC(225)   ResolvedMethodTable Weak       Min:  0.0, Avg:  0.0, Max:  0.0, Diff:  0.0, Sum:  0.1, Workers: 4
[3325.477s][debug][gc,phases      ] GC(225)     Dead                           Min: 0, Avg:  0.0, Max: 0, Diff: 0, Sum: 0, Workers: 4
[3325.477s][debug][gc,phases      ] GC(225)     Total                          Min: 0, Avg: 2283.8, Max: 3796, Diff: 3796, Sum: 9135, Workers: 4
[3325.477s][debug][gc,phases      ] GC(225)   JNI Weak                       Min:  0.0, Avg:  0.0, Max:  0.0, Diff:  0.0, Sum:  0.0, Workers: 4
[3325.477s][debug][gc,phases      ] GC(225)     Dead                           Min: 0, Avg:  0.0, Max: 0, Diff: 0, Sum: 0, Workers: 4
[3325.477s][debug][gc,phases      ] GC(225)     Total                          Min: 0, Avg: 11.2, Max: 45, Diff: 45, Sum: 45, Workers: 4
[3325.477s][debug][gc,phases      ] GC(225)   StringDedup Table Weak         Min:  0.0, Avg:  0.0, Max:  0.0, Diff:  0.0, Sum:  0.0, Workers: 4
[3325.477s][debug][gc,phases      ] GC(225)     Dead                           Min: 0, Avg:  0.0, Max: 0, Diff: 0, Sum: 0, Workers: 4
[3325.478s][debug][gc,phases      ] GC(225)     Total                          Min: 0, Avg:  0.0, Max: 0, Diff: 0, Sum: 0, Workers: 4
[3325.478s][debug][gc,phases      ] GC(225)   StringDedup Requests0 Weak     Min:  0.0, Avg:  0.0, Max:  0.0, Diff:  0.0, Sum:  0.0, Workers: 4
[3325.478s][debug][gc,phases      ] GC(225)     Dead                           Min: 0, Avg:  0.0, Max: 0, Diff: 0, Sum: 0, Workers: 4
[3325.478s][debug][gc,phases      ] GC(225)     Total                          Min: 0, Avg:  0.0, Max: 0, Diff: 0, Sum: 0, Workers: 4
[3325.478s][debug][gc,phases      ] GC(225)   StringDedup Requests1 Weak     Min:  0.0, Avg:  0.0, Max:  0.0, Diff:  0.0, Sum:  0.0, Workers: 4
[3325.478s][debug][gc,phases      ] GC(225)     Dead                           Min: 0, Avg:  0.0, Max: 0, Diff: 0, Sum: 0, Workers: 4
[3325.478s][debug][gc,phases      ] GC(225)     Total                          Min: 0, Avg:  0.0, Max: 0, Diff: 0, Sum: 0, Workers: 4
[3325.478s][debug][gc,phases      ] GC(225)   Weak JFR Old Object Samples    Min:  0.0, Avg:  0.0, Max:  0.0, Diff:  0.0, Sum:  0.0, Workers: 4
[3325.478s][debug][gc,phases      ] GC(225)     Dead                           Min: 0, Avg:  0.0, Max: 0, Diff: 0, Sum: 0, Workers: 4
[3325.478s][debug][gc,phases      ] GC(225)     Total                          Min: 0, Avg:  0.0, Max: 0, Diff: 0, Sum: 0, Workers: 4
[3325.478s][debug][gc,phases      ] GC(225) Weak Processing 0.369ms
[3325.478s][debug][gc,age         ] GC(225) Desired survivor size 524288 bytes, new threshold 15 (max threshold 15)
[3325.478s][info ][gc,heap        ] GC(225) PSYoungGen: 2096320K(2096640K)->192K(2096640K) Eden: 2096128K(2096128K)->0K(2096128K) From: 192K(512K)->192K(512K)
[3325.478s][info ][gc,heap        ] GC(225) ParOldGen: 236558K(324096K)->236566K(324096K)
[3325.478s][info ][gc,metaspace   ] GC(225) Metaspace: 80210K(81152K)->80210K(81152K) NonClass: 68483K(68992K)->68483K(68992K) Class: 11727K(12160K)->11727K(12160K)
[3325.478s][info ][gc             ] GC(225) Pause Young (Allocation Failure) 2278M->231M(2364M) 2.600ms
[3325.478s][info ][gc,cpu         ] GC(225) User=0.00s Sys=0.00s Real=0.00s
[3325.478s][info ][safepoint      ] Safepoint "ParallelGCFailedAllocation", Time since last: 6298254217 ns, Reaching safepoint: 5200 ns, Cleanup: 49901 ns, At safepoint: 2673913 ns, Total: 2729014 ns
[3341.923s][info ][gc,start       ] GC(226) Pause Young (Allocation Failure)
[3341.925s][debug][gc,phases      ] GC(226) Scavenge 1.976ms
[3341.925s][debug][gc,ref         ] GC(226) Skipped phase 1 of Reference Processing: no references
[3341.925s][debug][gc,ref         ] GC(226) Skipped phase 2 of Reference Processing: no references
[3341.925s][debug][gc,ref         ] GC(226) Skipped phase 3 of Reference Processing: no references
[3341.925s][debug][gc,ref         ] GC(226) Skipped phase 4 of Reference Processing: no references
[3341.925s][debug][gc,phases      ] GC(226) Reference Processing 0.019ms
[3341.925s][debug][gc,phases      ] GC(226)   VM Weak                        Min:  0.0, Avg:  0.0, Max:  0.0, Diff:  0.0, Sum:  0.0, Workers: 4
[3341.925s][debug][gc,phases      ] GC(226)     Dead                           Min: 0, Avg:  0.0, Max: 0, Diff: 0, Sum: 0, Workers: 4
[3341.925s][debug][gc,phases      ] GC(226)     Total                          Min: 0, Avg: 172.8, Max: 320, Diff: 320, Sum: 691, Workers: 4
[3341.925s][debug][gc,phases      ] GC(226)   ObjectSynchronizer Weak        Min:  0.0, Avg:  0.0, Max:  0.0, Diff:  0.0, Sum:  0.0, Workers: 4
[3341.925s][debug][gc,phases      ] GC(226)     Dead                           Min: 0, Avg:  0.0, Max: 0, Diff: 0, Sum: 0, Workers: 4
[3341.925s][debug][gc,phases      ] GC(226)     Total                          Min: 0, Avg:  1.0, Max: 4, Diff: 4, Sum: 4, Workers: 4
[3341.925s][debug][gc,phases      ] GC(226)   JVMTI Tag Weak OopStorage      Min:  0.0, Avg:  0.0, Max:  0.0, Diff:  0.0, Sum:  0.0, Workers: 4
[3341.925s][debug][gc,phases      ] GC(226)     Dead                           Min: 0, Avg:  0.0, Max: 0, Diff: 0, Sum: 0, Workers: 4
[3341.925s][debug][gc,phases      ] GC(226)     Total                          Min: 0, Avg:  0.0, Max: 0, Diff: 0, Sum: 0, Workers: 4
[3341.925s][debug][gc,phases      ] GC(226)   StringTable Weak               Min:  0.0, Avg:  0.1, Max:  0.1, Diff:  0.1, Sum:  0.4, Workers: 4
[3341.925s][debug][gc,phases      ] GC(226)     Dead                           Min: 0, Avg:  0.0, Max: 0, Diff: 0, Sum: 0, Workers: 4
[3341.925s][debug][gc,phases      ] GC(226)     Total                          Min: 0, Avg: 10709.0, Max: 18112, Diff: 18112, Sum: 42836, Workers: 4
[3341.925s][debug][gc,phases      ] GC(226)   ResolvedMethodTable Weak       Min:  0.0, Avg:  0.0, Max:  0.0, Diff:  0.0, Sum:  0.1, Workers: 4
[3341.925s][debug][gc,phases      ] GC(226)     Dead                           Min: 0, Avg:  0.0, Max: 0, Diff: 0, Sum: 0, Workers: 4
[3341.925s][debug][gc,phases      ] GC(226)     Total                          Min: 0, Avg: 2283.8, Max: 4103, Diff: 4103, Sum: 9135, Workers: 4
[3341.925s][debug][gc,phases      ] GC(226)   JNI Weak                       Min:  0.0, Avg:  0.0, Max:  0.0, Diff:  0.0, Sum:  0.0, Workers: 4
[3341.925s][debug][gc,phases      ] GC(226)     Dead                           Min: 0, Avg:  0.0, Max: 0, Diff: 0, Sum: 0, Workers: 4
[3341.925s][debug][gc,phases      ] GC(226)     Total                          Min: 0, Avg: 11.2, Max: 45, Diff: 45, Sum: 45, Workers: 4
[3341.925s][debug][gc,phases      ] GC(226)   StringDedup Table Weak         Min:  0.0, Avg:  0.0, Max:  0.0, Diff:  0.0, Sum:  0.0, Workers: 4
[3341.925s][debug][gc,phases      ] GC(226)     Dead                           Min: 0, Avg:  0.0, Max: 0, Diff: 0, Sum: 0, Workers: 4
[3341.925s][debug][gc,phases      ] GC(226)     Total                          Min: 0, Avg:  0.0, Max: 0, Diff: 0, Sum: 0, Workers: 4
[3341.925s][debug][gc,phases      ] GC(226)   StringDedup Requests0 Weak     Min:  0.0, Avg:  0.0, Max:  0.0, Diff:  0.0, Sum:  0.0, Workers: 4
[3341.925s][debug][gc,phases      ] GC(226)     Dead                           Min: 0, Avg:  0.0, Max: 0, Diff: 0, Sum: 0, Workers: 4
[3341.925s][debug][gc,phases      ] GC(226)     Total                          Min: 0, Avg:  0.0, Max: 0, Diff: 0, Sum: 0, Workers: 4
[3341.925s][debug][gc,phases      ] GC(226)   StringDedup Requests1 Weak     Min:  0.0, Avg:  0.0, Max:  0.0, Diff:  0.0, Sum:  0.0, Workers: 4
[3341.925s][debug][gc,phases      ] GC(226)     Dead                           Min: 0, Avg:  0.0, Max: 0, Diff: 0, Sum: 0, Workers: 4
[3341.925s][debug][gc,phases      ] GC(226)     Total                          Min: 0, Avg:  0.0, Max: 0, Diff: 0, Sum: 0, Workers: 4
[3341.925s][debug][gc,phases      ] GC(226)   Weak JFR Old Object Samples    Min:  0.0, Avg:  0.0, Max:  0.0, Diff:  0.0, Sum:  0.0, Workers: 4
[3341.925s][debug][gc,phases      ] GC(226)     Dead                           Min: 0, Avg:  0.0, Max: 0, Diff: 0, Sum: 0, Workers: 4
[3341.925s][debug][gc,phases      ] GC(226)     Total                          Min: 0, Avg:  0.0, Max: 0, Diff: 0, Sum: 0, Workers: 4
[3341.925s][debug][gc,phases      ] GC(226) Weak Processing 0.341ms
[3341.925s][debug][gc,age         ] GC(226) Desired survivor size 524288 bytes, new threshold 15 (max threshold 15)
[3341.925s][info ][gc,heap        ] GC(226) PSYoungGen: 2096320K(2096640K)->96K(2096640K) Eden: 2096128K(2096128K)->0K(2096128K) From: 192K(512K)->96K(512K)
[3341.925s][info ][gc,heap        ] GC(226) ParOldGen: 236566K(324096K)->236574K(324096K)
[3341.925s][info ][gc,metaspace   ] GC(226) Metaspace: 80210K(81152K)->80210K(81152K) NonClass: 68483K(68992K)->68483K(68992K) Class: 11727K(12160K)->11727K(12160K)
[3341.925s][info ][gc             ] GC(226) Pause Young (Allocation Failure) 2278M->231M(2364M) 2.422ms
[3341.925s][info ][gc,cpu         ] GC(226) User=0.01s Sys=0.00s Real=0.00s
[3341.925s][info ][safepoint      ] Safepoint "ParallelGCFailedAllocation", Time since last: 16445175417 ns, Reaching safepoint: 5400 ns, Cleanup: 56500 ns, At safepoint: 2487312 ns, Total: 2549212 ns
[3358.324s][info ][gc,start       ] GC(227) Pause Young (Allocation Failure)
[3358.325s][debug][gc,phases      ] GC(227) Scavenge 1.389ms
[3358.325s][debug][gc,ref         ] GC(227) Skipped phase 1 of Reference Processing: no references
[3358.325s][debug][gc,ref         ] GC(227) Skipped phase 2 of Reference Processing: no references
[3358.325s][debug][gc,ref         ] GC(227) Skipped phase 3 of Reference Processing: no references
[3358.325s][debug][gc,ref         ] GC(227) Skipped phase 4 of Reference Processing: no references
[3358.325s][debug][gc,phases      ] GC(227) Reference Processing 0.032ms
[3358.326s][debug][gc,phases      ] GC(227)   VM Weak                        Min:  0.0, Avg:  0.0, Max:  0.0, Diff:  0.0, Sum:  0.0, Workers: 4
[3358.326s][debug][gc,phases      ] GC(227)     Dead                           Min: 0, Avg:  0.0, Max: 0, Diff: 0, Sum: 0, Workers: 4
[3358.326s][debug][gc,phases      ] GC(227)     Total                          Min: 0, Avg: 172.8, Max: 691, Diff: 691, Sum: 691, Workers: 4
[3358.326s][debug][gc,phases      ] GC(227)   ObjectSynchronizer Weak        Min:  0.0, Avg:  0.0, Max:  0.0, Diff:  0.0, Sum:  0.0, Workers: 4
[3358.326s][debug][gc,phases      ] GC(227)     Dead                           Min: 0, Avg:  0.0, Max: 0, Diff: 0, Sum: 0, Workers: 4
[3358.326s][debug][gc,phases      ] GC(227)     Total                          Min: 0, Avg:  1.0, Max: 4, Diff: 4, Sum: 4, Workers: 4
[3358.326s][debug][gc,phases      ] GC(227)   JVMTI Tag Weak OopStorage      Min:  0.0, Avg:  0.0, Max:  0.0, Diff:  0.0, Sum:  0.0, Workers: 4
[3358.326s][debug][gc,phases      ] GC(227)     Dead                           Min: 0, Avg:  0.0, Max: 0, Diff: 0, Sum: 0, Workers: 4
[3358.326s][debug][gc,phases      ] GC(227)     Total                          Min: 0, Avg:  0.0, Max: 0, Diff: 0, Sum: 0, Workers: 4
[3358.326s][debug][gc,phases      ] GC(227)   StringTable Weak               Min:  0.0, Avg:  0.1, Max:  0.1, Diff:  0.1, Sum:  0.4, Workers: 4
[3358.326s][debug][gc,phases      ] GC(227)     Dead                           Min: 0, Avg:  0.0, Max: 0, Diff: 0, Sum: 0, Workers: 4
[3358.326s][debug][gc,phases      ] GC(227)     Total                          Min: 0, Avg: 10709.0, Max: 17728, Diff: 17728, Sum: 42836, Workers: 4
[3358.326s][debug][gc,phases      ] GC(227)   ResolvedMethodTable Weak       Min:  0.0, Avg:  0.0, Max:  0.0, Diff:  0.0, Sum:  0.1, Workers: 4
[3358.326s][debug][gc,phases      ] GC(227)     Dead                           Min: 0, Avg:  0.0, Max: 0, Diff: 0, Sum: 0, Workers: 4
[3358.326s][debug][gc,phases      ] GC(227)     Total                          Min: 0, Avg: 2283.8, Max: 3786, Diff: 3786, Sum: 9135, Workers: 4
[3358.326s][debug][gc,phases      ] GC(227)   JNI Weak                       Min:  0.0, Avg:  0.0, Max:  0.0, Diff:  0.0, Sum:  0.0, Workers: 4
[3358.326s][debug][gc,phases      ] GC(227)     Dead                           Min: 0, Avg:  0.0, Max: 0, Diff: 0, Sum: 0, Workers: 4
[3358.326s][debug][gc,phases      ] GC(227)     Total                          Min: 0, Avg: 11.2, Max: 45, Diff: 45, Sum: 45, Workers: 4
[3358.326s][debug][gc,phases      ] GC(227)   StringDedup Table Weak         Min:  0.0, Avg:  0.0, Max:  0.0, Diff:  0.0, Sum:  0.0, Workers: 4
[3358.326s][debug][gc,phases      ] GC(227)     Dead                           Min: 0, Avg:  0.0, Max: 0, Diff: 0, Sum: 0, Workers: 4
[3358.326s][debug][gc,phases      ] GC(227)     Total                          Min: 0, Avg:  0.0, Max: 0, Diff: 0, Sum: 0, Workers: 4
[3358.326s][debug][gc,phases      ] GC(227)   StringDedup Requests0 Weak     Min:  0.0, Avg:  0.0, Max:  0.0, Diff:  0.0, Sum:  0.0, Workers: 4
[3358.326s][debug][gc,phases      ] GC(227)     Dead                           Min: 0, Avg:  0.0, Max: 0, Diff: 0, Sum: 0, Workers: 4
[3358.326s][debug][gc,phases      ] GC(227)     Total                          Min: 0, Avg:  0.0, Max: 0, Diff: 0, Sum: 0, Workers: 4
[3358.326s][debug][gc,phases      ] GC(227)   StringDedup Requests1 Weak     Min:  0.0, Avg:  0.0, Max:  0.0, Diff:  0.0, Sum:  0.0, Workers: 4
[3358.326s][debug][gc,phases      ] GC(227)     Dead                           Min: 0, Avg:  0.0, Max: 0, Diff: 0, Sum: 0, Workers: 4
[3358.326s][debug][gc,phases      ] GC(227)     Total                          Min: 0, Avg:  0.0, Max: 0, Diff: 0, Sum: 0, Workers: 4
[3358.326s][debug][gc,phases      ] GC(227)   Weak JFR Old Object Samples    Min:  0.0, Avg:  0.0, Max:  0.0, Diff:  0.0, Sum:  0.0, Workers: 4
[3358.326s][debug][gc,phases      ] GC(227)     Dead                           Min: 0, Avg:  0.0, Max: 0, Diff: 0, Sum: 0, Workers: 4
[3358.326s][debug][gc,phases      ] GC(227)     Total                          Min: 0, Avg:  0.0, Max: 0, Diff: 0, Sum: 0, Workers: 4
[3358.326s][debug][gc,phases      ] GC(227) Weak Processing 0.342ms
[3358.326s][debug][gc,age         ] GC(227) Desired survivor size 524288 bytes, new threshold 15 (max threshold 15)
[3358.326s][info ][gc,heap        ] GC(227) PSYoungGen: 2096224K(2096640K)->224K(2096640K) Eden: 2096128K(2096128K)->0K(2096128K) From: 96K(512K)->224K(512K)
[3358.326s][info ][gc,heap        ] GC(227) ParOldGen: 236574K(324096K)->236574K(324096K)
[3358.326s][info ][gc,metaspace   ] GC(227) Metaspace: 80210K(81152K)->80210K(81152K) NonClass: 68483K(68992K)->68483K(68992K) Class: 11727K(12160K)->11727K(12160K)
[3358.326s][info ][gc             ] GC(227) Pause Young (Allocation Failure) 2278M->231M(2364M) 1.843ms
[3358.326s][info ][gc,cpu         ] GC(227) User=0.01s Sys=0.00s Real=0.00s
[3358.326s][info ][safepoint      ] Safepoint "ParallelGCFailedAllocation", Time since last: 16398556162 ns, Reaching safepoint: 4600 ns, Cleanup: 23901 ns, At safepoint: 1925509 ns, Total: 1954010 ns
[3374.725s][info ][gc,start       ] GC(228) Pause Young (Allocation Failure)
[3374.727s][debug][gc,phases      ] GC(228) Scavenge 1.275ms
[3374.727s][debug][gc,ref         ] GC(228) Skipped phase 1 of Reference Processing: no references
[3374.727s][debug][gc,ref         ] GC(228) Skipped phase 2 of Reference Processing: no references
[3374.727s][debug][gc,ref         ] GC(228) Skipped phase 3 of Reference Processing: no references
[3374.727s][debug][gc,ref         ] GC(228) Skipped phase 4 of Reference Processing: no references
[3374.727s][debug][gc,phases      ] GC(228) Reference Processing 0.022ms
[3374.727s][debug][gc,phases      ] GC(228)   VM Weak                        Min:  0.0, Avg:  0.0, Max:  0.0, Diff:  0.0, Sum:  0.0, Workers: 4
[3374.727s][debug][gc,phases      ] GC(228)     Dead                           Min: 0, Avg:  0.0, Max: 0, Diff: 0, Sum: 0, Workers: 4
[3374.727s][debug][gc,phases      ] GC(228)     Total                          Min: 0, Avg: 172.8, Max: 563, Diff: 563, Sum: 691, Workers: 4
[3374.727s][debug][gc,phases      ] GC(228)   ObjectSynchronizer Weak        Min:  0.0, Avg:  0.0, Max:  0.0, Diff:  0.0, Sum:  0.0, Workers: 4
[3374.727s][debug][gc,phases      ] GC(228)     Dead                           Min: 0, Avg:  0.0, Max: 0, Diff: 0, Sum: 0, Workers: 4
[3374.727s][debug][gc,phases      ] GC(228)     Total                          Min: 0, Avg:  1.0, Max: 4, Diff: 4, Sum: 4, Workers: 4
[3374.727s][debug][gc,phases      ] GC(228)   JVMTI Tag Weak OopStorage      Min:  0.0, Avg:  0.0, Max:  0.0, Diff:  0.0, Sum:  0.0, Workers: 4
[3374.727s][debug][gc,phases      ] GC(228)     Dead                           Min: 0, Avg:  0.0, Max: 0, Diff: 0, Sum: 0, Workers: 4
[3374.727s][debug][gc,phases      ] GC(228)     Total                          Min: 0, Avg:  0.0, Max: 0, Diff: 0, Sum: 0, Workers: 4
[3374.727s][debug][gc,phases      ] GC(228)   StringTable Weak               Min:  0.0, Avg:  0.1, Max:  0.1, Diff:  0.1, Sum:  0.4, Workers: 4
[3374.727s][debug][gc,phases      ] GC(228)     Dead                           Min: 0, Avg:  0.0, Max: 0, Diff: 0, Sum: 0, Workers: 4
[3374.727s][debug][gc,phases      ] GC(228)     Total                          Min: 0, Avg: 10709.0, Max: 18004, Diff: 18004, Sum: 42836, Workers: 4
[3374.727s][debug][gc,phases      ] GC(228)   ResolvedMethodTable Weak       Min:  0.0, Avg:  0.0, Max:  0.0, Diff:  0.0, Sum:  0.1, Workers: 4
[3374.727s][debug][gc,phases      ] GC(228)     Dead                           Min: 0, Avg:  0.0, Max: 0, Diff: 0, Sum: 0, Workers: 4
[3374.727s][debug][gc,phases      ] GC(228)     Total                          Min: 0, Avg: 2283.8, Max: 3994, Diff: 3994, Sum: 9135, Workers: 4
[3374.727s][debug][gc,phases      ] GC(228)   JNI Weak                       Min:  0.0, Avg:  0.0, Max:  0.0, Diff:  0.0, Sum:  0.0, Workers: 4
[3374.727s][debug][gc,phases      ] GC(228)     Dead                           Min: 0, Avg:  0.0, Max: 0, Diff: 0, Sum: 0, Workers: 4
[3374.727s][debug][gc,phases      ] GC(228)     Total                          Min: 0, Avg: 11.2, Max: 45, Diff: 45, Sum: 45, Workers: 4
[3374.727s][debug][gc,phases      ] GC(228)   StringDedup Table Weak         Min:  0.0, Avg:  0.0, Max:  0.0, Diff:  0.0, Sum:  0.0, Workers: 4
[3374.727s][debug][gc,phases      ] GC(228)     Dead                           Min: 0, Avg:  0.0, Max: 0, Diff: 0, Sum: 0, Workers: 4
[3374.727s][debug][gc,phases      ] GC(228)     Total                          Min: 0, Avg:  0.0, Max: 0, Diff: 0, Sum: 0, Workers: 4
[3374.727s][debug][gc,phases      ] GC(228)   StringDedup Requests0 Weak     Min:  0.0, Avg:  0.0, Max:  0.0, Diff:  0.0, Sum:  0.0, Workers: 4
[3374.727s][debug][gc,phases      ] GC(228)     Dead                           Min: 0, Avg:  0.0, Max: 0, Diff: 0, Sum: 0, Workers: 4
[3374.727s][debug][gc,phases      ] GC(228)     Total                          Min: 0, Avg:  0.0, Max: 0, Diff: 0, Sum: 0, Workers: 4
[3374.727s][debug][gc,phases      ] GC(228)   StringDedup Requests1 Weak     Min:  0.0, Avg:  0.0, Max:  0.0, Diff:  0.0, Sum:  0.0, Workers: 4
[3374.727s][debug][gc,phases      ] GC(228)     Dead                           Min: 0, Avg:  0.0, Max: 0, Diff: 0, Sum: 0, Workers: 4
[3374.727s][debug][gc,phases      ] GC(228)     Total                          Min: 0, Avg:  0.0, Max: 0, Diff: 0, Sum: 0, Workers: 4
[3374.727s][debug][gc,phases      ] GC(228)   Weak JFR Old Object Samples    Min:  0.0, Avg:  0.0, Max:  0.0, Diff:  0.0, Sum:  0.0, Workers: 4
[3374.727s][debug][gc,phases      ] GC(228)     Dead                           Min: 0, Avg:  0.0, Max: 0, Diff: 0, Sum: 0, Workers: 4
[3374.727s][debug][gc,phases      ] GC(228)     Total                          Min: 0, Avg:  0.0, Max: 0, Diff: 0, Sum: 0, Workers: 4
[3374.727s][debug][gc,phases      ] GC(228) Weak Processing 0.362ms
[3374.727s][debug][gc,age         ] GC(228) Desired survivor size 524288 bytes, new threshold 15 (max threshold 15)
[3374.727s][info ][gc,heap        ] GC(228) PSYoungGen: 2096352K(2096640K)->128K(2096640K) Eden: 2096128K(2096128K)->0K(2096128K) From: 224K(512K)->128K(512K)
[3374.727s][info ][gc,heap        ] GC(228) ParOldGen: 236574K(324096K)->236582K(324096K)
[3374.727s][info ][gc,metaspace   ] GC(228) Metaspace: 80210K(81152K)->80210K(81152K) NonClass: 68483K(68992K)->68483K(68992K) Class: 11727K(12160K)->11727K(12160K)
[3374.727s][info ][gc             ] GC(228) Pause Young (Allocation Failure) 2278M->231M(2364M) 1.785ms
[3374.727s][info ][gc,cpu         ] GC(228) User=0.01s Sys=0.00s Real=0.00s
[3374.727s][info ][safepoint      ] Safepoint "ParallelGCFailedAllocation", Time since last: 16399547414 ns, Reaching safepoint: 4100 ns, Cleanup: 24801 ns, At safepoint: 1855908 ns, Total: 1884809 ns
[3391.173s][info ][gc,start       ] GC(229) Pause Young (Allocation Failure)
[3391.175s][debug][gc,phases      ] GC(229) Scavenge 1.760ms
[3391.175s][debug][gc,ref         ] GC(229) Skipped phase 1 of Reference Processing: no references
[3391.175s][debug][gc,ref         ] GC(229) Skipped phase 2 of Reference Processing: no references
[3391.175s][debug][gc,ref         ] GC(229) Skipped phase 3 of Reference Processing: no references
[3391.175s][debug][gc,ref         ] GC(229) Skipped phase 4 of Reference Processing: no references
[3391.175s][debug][gc,phases      ] GC(229) Reference Processing 0.020ms
[3391.175s][debug][gc,phases      ] GC(229)   VM Weak                        Min:  0.0, Avg:  0.0, Max:  0.0, Diff:  0.0, Sum:  0.0, Workers: 4
[3391.175s][debug][gc,phases      ] GC(229)     Dead                           Min: 0, Avg:  0.0, Max: 0, Diff: 0, Sum: 0, Workers: 4
[3391.175s][debug][gc,phases      ] GC(229)     Total                          Min: 0, Avg: 172.8, Max: 563, Diff: 563, Sum: 691, Workers: 4
[3391.175s][debug][gc,phases      ] GC(229)   ObjectSynchronizer Weak        Min:  0.0, Avg:  0.0, Max:  0.0, Diff:  0.0, Sum:  0.0, Workers: 4
[3391.175s][debug][gc,phases      ] GC(229)     Dead                           Min: 0, Avg:  0.0, Max: 0, Diff: 0, Sum: 0, Workers: 4
[3391.175s][debug][gc,phases      ] GC(229)     Total                          Min: 0, Avg:  1.0, Max: 4, Diff: 4, Sum: 4, Workers: 4
[3391.175s][debug][gc,phases      ] GC(229)   JVMTI Tag Weak OopStorage      Min:  0.0, Avg:  0.0, Max:  0.0, Diff:  0.0, Sum:  0.0, Workers: 4
[3391.175s][debug][gc,phases      ] GC(229)     Dead                           Min: 0, Avg:  0.0, Max: 0, Diff: 0, Sum: 0, Workers: 4
[3391.175s][debug][gc,phases      ] GC(229)     Total                          Min: 0, Avg:  0.0, Max: 0, Diff: 0, Sum: 0, Workers: 4
[3391.175s][debug][gc,phases      ] GC(229)   StringTable Weak               Min:  0.0, Avg:  0.1, Max:  0.1, Diff:  0.1, Sum:  0.4, Workers: 4
[3391.175s][debug][gc,phases      ] GC(229)     Dead                           Min: 0, Avg:  0.0, Max: 0, Diff: 0, Sum: 0, Workers: 4
[3391.175s][debug][gc,phases      ] GC(229)     Total                          Min: 0, Avg: 10709.0, Max: 19072, Diff: 19072, Sum: 42836, Workers: 4
[3391.175s][debug][gc,phases      ] GC(229)   ResolvedMethodTable Weak       Min:  0.0, Avg:  0.0, Max:  0.0, Diff:  0.0, Sum:  0.1, Workers: 4
[3391.175s][debug][gc,phases      ] GC(229)     Dead                           Min: 0, Avg:  0.0, Max: 0, Diff: 0, Sum: 0, Workers: 4
[3391.175s][debug][gc,phases      ] GC(229)     Total                          Min: 0, Avg: 2283.8, Max: 3425, Diff: 3425, Sum: 9135, Workers: 4
[3391.175s][debug][gc,phases      ] GC(229)   JNI Weak                       Min:  0.0, Avg:  0.0, Max:  0.0, Diff:  0.0, Sum:  0.0, Workers: 4
[3391.175s][debug][gc,phases      ] GC(229)     Dead                           Min: 0, Avg:  0.0, Max: 0, Diff: 0, Sum: 0, Workers: 4
[3391.175s][debug][gc,phases      ] GC(229)     Total                          Min: 0, Avg: 11.2, Max: 45, Diff: 45, Sum: 45, Workers: 4
[3391.175s][debug][gc,phases      ] GC(229)   StringDedup Table Weak         Min:  0.0, Avg:  0.0, Max:  0.0, Diff:  0.0, Sum:  0.0, Workers: 4
[3391.175s][debug][gc,phases      ] GC(229)     Dead                           Min: 0, Avg:  0.0, Max: 0, Diff: 0, Sum: 0, Workers: 4
[3391.175s][debug][gc,phases      ] GC(229)     Total                          Min: 0, Avg:  0.0, Max: 0, Diff: 0, Sum: 0, Workers: 4
[3391.175s][debug][gc,phases      ] GC(229)   StringDedup Requests0 Weak     Min:  0.0, Avg:  0.0, Max:  0.0, Diff:  0.0, Sum:  0.0, Workers: 4
[3391.175s][debug][gc,phases      ] GC(229)     Dead                           Min: 0, Avg:  0.0, Max: 0, Diff: 0, Sum: 0, Workers: 4
[3391.175s][debug][gc,phases      ] GC(229)     Total                          Min: 0, Avg:  0.0, Max: 0, Diff: 0, Sum: 0, Workers: 4
[3391.175s][debug][gc,phases      ] GC(229)   StringDedup Requests1 Weak     Min:  0.0, Avg:  0.0, Max:  0.0, Diff:  0.0, Sum:  0.0, Workers: 4
[3391.175s][debug][gc,phases      ] GC(229)     Dead                           Min: 0, Avg:  0.0, Max: 0, Diff: 0, Sum: 0, Workers: 4
[3391.175s][debug][gc,phases      ] GC(229)     Total                          Min: 0, Avg:  0.0, Max: 0, Diff: 0, Sum: 0, Workers: 4
[3391.175s][debug][gc,phases      ] GC(229)   Weak JFR Old Object Samples    Min:  0.0, Avg:  0.0, Max:  0.0, Diff:  0.0, Sum:  0.0, Workers: 4
[3391.175s][debug][gc,phases      ] GC(229)     Dead                           Min: 0, Avg:  0.0, Max: 0, Diff: 0, Sum: 0, Workers: 4
[3391.175s][debug][gc,phases      ] GC(229)     Total                          Min: 0, Avg:  0.0, Max: 0, Diff: 0, Sum: 0, Workers: 4
[3391.175s][debug][gc,phases      ] GC(229) Weak Processing 0.371ms
[3391.175s][debug][gc,age         ] GC(229) Desired survivor size 524288 bytes, new threshold 15 (max threshold 15)
[3391.175s][info ][gc,heap        ] GC(229) PSYoungGen: 2096256K(2096640K)->224K(2096640K) Eden: 2096128K(2096128K)->0K(2096128K) From: 128K(512K)->224K(512K)
[3391.175s][info ][gc,heap        ] GC(229) ParOldGen: 236582K(324096K)->236590K(324096K)
[3391.175s][info ][gc,metaspace   ] GC(229) Metaspace: 80210K(81152K)->80210K(81152K) NonClass: 68483K(68992K)->68483K(68992K) Class: 11727K(12160K)->11727K(12160K)
[3391.175s][info ][gc             ] GC(229) Pause Young (Allocation Failure) 2278M->231M(2364M) 2.265ms
[3391.175s][info ][gc,cpu         ] GC(229) User=0.01s Sys=0.00s Real=0.00s
[3391.175s][info ][safepoint      ] Safepoint "ParallelGCFailedAllocation", Time since last: 16445458140 ns, Reaching safepoint: 4000 ns, Cleanup: 41600 ns, At safepoint: 2319911 ns, Total: 2365511 ns
[3407.574s][info ][gc,start       ] GC(230) Pause Young (Allocation Failure)
[3407.575s][debug][gc,phases      ] GC(230) Scavenge 1.208ms
[3407.575s][debug][gc,ref         ] GC(230) Skipped phase 1 of Reference Processing: no references
[3407.575s][debug][gc,ref         ] GC(230) Skipped phase 2 of Reference Processing: no references
[3407.575s][debug][gc,ref         ] GC(230) Skipped phase 3 of Reference Processing: no references
[3407.575s][debug][gc,ref         ] GC(230) Skipped phase 4 of Reference Processing: no references
[3407.575s][debug][gc,phases      ] GC(230) Reference Processing 0.019ms
[3407.576s][debug][gc,phases      ] GC(230)   VM Weak                        Min:  0.0, Avg:  0.0, Max:  0.0, Diff:  0.0, Sum:  0.0, Workers: 4
[3407.576s][debug][gc,phases      ] GC(230)     Dead                           Min: 0, Avg:  0.0, Max: 0, Diff: 0, Sum: 0, Workers: 4
[3407.576s][debug][gc,phases      ] GC(230)     Total                          Min: 0, Avg: 172.8, Max: 691, Diff: 691, Sum: 691, Workers: 4
[3407.576s][debug][gc,phases      ] GC(230)   ObjectSynchronizer Weak        Min:  0.0, Avg:  0.0, Max:  0.0, Diff:  0.0, Sum:  0.0, Workers: 4
[3407.576s][debug][gc,phases      ] GC(230)     Dead                           Min: 0, Avg:  0.0, Max: 0, Diff: 0, Sum: 0, Workers: 4
[3407.576s][debug][gc,phases      ] GC(230)     Total                          Min: 0, Avg:  1.0, Max: 4, Diff: 4, Sum: 4, Workers: 4
[3407.576s][debug][gc,phases      ] GC(230)   JVMTI Tag Weak OopStorage      Min:  0.0, Avg:  0.0, Max:  0.0, Diff:  0.0, Sum:  0.0, Workers: 4
[3407.576s][debug][gc,phases      ] GC(230)     Dead                           Min: 0, Avg:  0.0, Max: 0, Diff: 0, Sum: 0, Workers: 4
[3407.576s][debug][gc,phases      ] GC(230)     Total                          Min: 0, Avg:  0.0, Max: 0, Diff: 0, Sum: 0, Workers: 4
[3407.576s][debug][gc,phases      ] GC(230)   StringTable Weak               Min:  0.0, Avg:  0.1, Max:  0.1, Diff:  0.1, Sum:  0.4, Workers: 4
[3407.576s][debug][gc,phases      ] GC(230)     Dead                           Min: 0, Avg:  0.0, Max: 0, Diff: 0, Sum: 0, Workers: 4
[3407.576s][debug][gc,phases      ] GC(230)     Total                          Min: 0, Avg: 10709.0, Max: 17600, Diff: 17600, Sum: 42836, Workers: 4
[3407.576s][debug][gc,phases      ] GC(230)   ResolvedMethodTable Weak       Min:  0.0, Avg:  0.0, Max:  0.0, Diff:  0.0, Sum:  0.1, Workers: 4
[3407.576s][debug][gc,phases      ] GC(230)     Dead                           Min: 0, Avg:  0.0, Max: 0, Diff: 0, Sum: 0, Workers: 4
[3407.576s][debug][gc,phases      ] GC(230)     Total                          Min: 0, Avg: 2283.8, Max: 4150, Diff: 4150, Sum: 9135, Workers: 4
[3407.576s][debug][gc,phases      ] GC(230)   JNI Weak                       Min:  0.0, Avg:  0.0, Max:  0.0, Diff:  0.0, Sum:  0.0, Workers: 4
[3407.576s][debug][gc,phases      ] GC(230)     Dead                           Min: 0, Avg:  0.0, Max: 0, Diff: 0, Sum: 0, Workers: 4
[3407.576s][debug][gc,phases      ] GC(230)     Total                          Min: 0, Avg: 11.2, Max: 45, Diff: 45, Sum: 45, Workers: 4
[3407.576s][debug][gc,phases      ] GC(230)   StringDedup Table Weak         Min:  0.0, Avg:  0.0, Max:  0.0, Diff:  0.0, Sum:  0.0, Workers: 4
[3407.576s][debug][gc,phases      ] GC(230)     Dead                           Min: 0, Avg:  0.0, Max: 0, Diff: 0, Sum: 0, Workers: 4
[3407.576s][debug][gc,phases      ] GC(230)     Total                          Min: 0, Avg:  0.0, Max: 0, Diff: 0, Sum: 0, Workers: 4
[3407.576s][debug][gc,phases      ] GC(230)   StringDedup Requests0 Weak     Min:  0.0, Avg:  0.0, Max:  0.0, Diff:  0.0, Sum:  0.0, Workers: 4
[3407.576s][debug][gc,phases      ] GC(230)     Dead                           Min: 0, Avg:  0.0, Max: 0, Diff: 0, Sum: 0, Workers: 4
[3407.576s][debug][gc,phases      ] GC(230)     Total                          Min: 0, Avg:  0.0, Max: 0, Diff: 0, Sum: 0, Workers: 4
[3407.576s][debug][gc,phases      ] GC(230)   StringDedup Requests1 Weak     Min:  0.0, Avg:  0.0, Max:  0.0, Diff:  0.0, Sum:  0.0, Workers: 4
[3407.576s][debug][gc,phases      ] GC(230)     Dead                           Min: 0, Avg:  0.0, Max: 0, Diff: 0, Sum: 0, Workers: 4
[3407.576s][debug][gc,phases      ] GC(230)     Total                          Min: 0, Avg:  0.0, Max: 0, Diff: 0, Sum: 0, Workers: 4
[3407.576s][debug][gc,phases      ] GC(230)   Weak JFR Old Object Samples    Min:  0.0, Avg:  0.0, Max:  0.0, Diff:  0.0, Sum:  0.0, Workers: 4
[3407.576s][debug][gc,phases      ] GC(230)     Dead                           Min: 0, Avg:  0.0, Max: 0, Diff: 0, Sum: 0, Workers: 4
[3407.576s][debug][gc,phases      ] GC(230)     Total                          Min: 0, Avg:  0.0, Max: 0, Diff: 0, Sum: 0, Workers: 4
[3407.576s][debug][gc,phases      ] GC(230) Weak Processing 0.353ms
[3407.576s][debug][gc,age         ] GC(230) Desired survivor size 524288 bytes, new threshold 15 (max threshold 15)
[3407.576s][info ][gc,heap        ] GC(230) PSYoungGen: 2096352K(2096640K)->128K(2096640K) Eden: 2096128K(2096128K)->0K(2096128K) From: 224K(512K)->128K(512K)
[3407.576s][info ][gc,heap        ] GC(230) ParOldGen: 236590K(324096K)->236590K(324096K)
[3407.576s][info ][gc,metaspace   ] GC(230) Metaspace: 80210K(81152K)->80210K(81152K) NonClass: 68483K(68992K)->68483K(68992K) Class: 11727K(12160K)->11727K(12160K)
[3407.576s][info ][gc             ] GC(230) Pause Young (Allocation Failure) 2278M->231M(2364M) 1.669ms
[3407.576s][info ][gc,cpu         ] GC(230) User=0.01s Sys=0.00s Real=0.00s
[3407.576s][info ][safepoint      ] Safepoint "ParallelGCFailedAllocation", Time since last: 16398788228 ns, Reaching safepoint: 4400 ns, Cleanup: 43201 ns, At safepoint: 1750608 ns, Total: 1798209 ns
[3423.975s][info ][gc,start       ] GC(231) Pause Young (Allocation Failure)
[3423.977s][debug][gc,phases      ] GC(231) Scavenge 2.043ms
[3423.977s][debug][gc,ref         ] GC(231) Skipped phase 1 of Reference Processing: no references
[3423.977s][debug][gc,ref         ] GC(231) Skipped phase 2 of Reference Processing: no references
[3423.977s][debug][gc,ref         ] GC(231) Skipped phase 3 of Reference Processing: no references
[3423.977s][debug][gc,ref         ] GC(231) Skipped phase 4 of Reference Processing: no references
[3423.977s][debug][gc,phases      ] GC(231) Reference Processing 0.021ms
[3423.977s][debug][gc,phases      ] GC(231)   VM Weak                        Min:  0.0, Avg:  0.0, Max:  0.0, Diff:  0.0, Sum:  0.0, Workers: 4
[3423.977s][debug][gc,phases      ] GC(231)     Dead                           Min: 0, Avg:  0.0, Max: 0, Diff: 0, Sum: 0, Workers: 4
[3423.977s][debug][gc,phases      ] GC(231)     Total                          Min: 0, Avg: 172.8, Max: 499, Diff: 499, Sum: 691, Workers: 4
[3423.977s][debug][gc,phases      ] GC(231)   ObjectSynchronizer Weak        Min:  0.0, Avg:  0.0, Max:  0.0, Diff:  0.0, Sum:  0.0, Workers: 4
[3423.977s][debug][gc,phases      ] GC(231)     Dead                           Min: 0, Avg:  0.0, Max: 0, Diff: 0, Sum: 0, Workers: 4
[3423.977s][debug][gc,phases      ] GC(231)     Total                          Min: 0, Avg:  1.0, Max: 4, Diff: 4, Sum: 4, Workers: 4
[3423.977s][debug][gc,phases      ] GC(231)   JVMTI Tag Weak OopStorage      Min:  0.0, Avg:  0.0, Max:  0.0, Diff:  0.0, Sum:  0.0, Workers: 4
[3423.977s][debug][gc,phases      ] GC(231)     Dead                           Min: 0, Avg:  0.0, Max: 0, Diff: 0, Sum: 0, Workers: 4
[3423.977s][debug][gc,phases      ] GC(231)     Total                          Min: 0, Avg:  0.0, Max: 0, Diff: 0, Sum: 0, Workers: 4
[3423.977s][debug][gc,phases      ] GC(231)   StringTable Weak               Min:  0.1, Avg:  0.1, Max:  0.1, Diff:  0.0, Sum:  0.5, Workers: 4
[3423.977s][debug][gc,phases      ] GC(231)     Dead                           Min: 0, Avg:  0.0, Max: 0, Diff: 0, Sum: 0, Workers: 4
[3423.977s][debug][gc,phases      ] GC(231)     Total                          Min: 9536, Avg: 10709.0, Max: 11456, Diff: 1920, Sum: 42836, Workers: 4
[3423.977s][debug][gc,phases      ] GC(231)   ResolvedMethodTable Weak       Min:  0.0, Avg:  0.0, Max:  0.0, Diff:  0.0, Sum:  0.1, Workers: 4
[3423.977s][debug][gc,phases      ] GC(231)     Dead                           Min: 0, Avg:  0.0, Max: 0, Diff: 0, Sum: 0, Workers: 4
[3423.977s][debug][gc,phases      ] GC(231)     Total                          Min: 2059, Avg: 2283.8, Max: 2507, Diff: 448, Sum: 9135, Workers: 4
[3423.977s][debug][gc,phases      ] GC(231)   JNI Weak                       Min:  0.0, Avg:  0.0, Max:  0.0, Diff:  0.0, Sum:  0.0, Workers: 4
[3423.977s][debug][gc,phases      ] GC(231)     Dead                           Min: 0, Avg:  0.0, Max: 0, Diff: 0, Sum: 0, Workers: 4
[3423.977s][debug][gc,phases      ] GC(231)     Total                          Min: 0, Avg: 11.2, Max: 45, Diff: 45, Sum: 45, Workers: 4
[3423.977s][debug][gc,phases      ] GC(231)   StringDedup Table Weak         Min:  0.0, Avg:  0.0, Max:  0.0, Diff:  0.0, Sum:  0.0, Workers: 4
[3423.977s][debug][gc,phases      ] GC(231)     Dead                           Min: 0, Avg:  0.0, Max: 0, Diff: 0, Sum: 0, Workers: 4
[3423.977s][debug][gc,phases      ] GC(231)     Total                          Min: 0, Avg:  0.0, Max: 0, Diff: 0, Sum: 0, Workers: 4
[3423.977s][debug][gc,phases      ] GC(231)   StringDedup Requests0 Weak     Min:  0.0, Avg:  0.0, Max:  0.0, Diff:  0.0, Sum:  0.0, Workers: 4
[3423.977s][debug][gc,phases      ] GC(231)     Dead                           Min: 0, Avg:  0.0, Max: 0, Diff: 0, Sum: 0, Workers: 4
[3423.977s][debug][gc,phases      ] GC(231)     Total                          Min: 0, Avg:  0.0, Max: 0, Diff: 0, Sum: 0, Workers: 4
[3423.977s][debug][gc,phases      ] GC(231)   StringDedup Requests1 Weak     Min:  0.0, Avg:  0.0, Max:  0.0, Diff:  0.0, Sum:  0.0, Workers: 4
[3423.977s][debug][gc,phases      ] GC(231)     Dead                           Min: 0, Avg:  0.0, Max: 0, Diff: 0, Sum: 0, Workers: 4
[3423.977s][debug][gc,phases      ] GC(231)     Total                          Min: 0, Avg:  0.0, Max: 0, Diff: 0, Sum: 0, Workers: 4
[3423.977s][debug][gc,phases      ] GC(231)   Weak JFR Old Object Samples    Min:  0.0, Avg:  0.0, Max:  0.0, Diff:  0.0, Sum:  0.0, Workers: 4
[3423.977s][debug][gc,phases      ] GC(231)     Dead                           Min: 0, Avg:  0.0, Max: 0, Diff: 0, Sum: 0, Workers: 4
[3423.977s][debug][gc,phases      ] GC(231)     Total                          Min: 0, Avg:  0.0, Max: 0, Diff: 0, Sum: 0, Workers: 4
[3423.977s][debug][gc,phases      ] GC(231) Weak Processing 0.319ms
[3423.977s][debug][gc,age         ] GC(231) Desired survivor size 524288 bytes, new threshold 15 (max threshold 15)
[3423.977s][info ][gc,heap        ] GC(231) PSYoungGen: 2096256K(2096640K)->160K(2096640K) Eden: 2096128K(2096128K)->0K(2096128K) From: 128K(512K)->160K(512K)
[3423.977s][info ][gc,heap        ] GC(231) ParOldGen: 236590K(324096K)->236598K(324096K)
[3423.977s][info ][gc,metaspace   ] GC(231) Metaspace: 80222K(81152K)->80222K(81152K) NonClass: 68495K(68992K)->68495K(68992K) Class: 11727K(12160K)->11727K(12160K)
[3423.977s][info ][gc             ] GC(231) Pause Young (Allocation Failure) 2278M->231M(2364M) 2.494ms
[3423.977s][info ][gc,cpu         ] GC(231) User=0.01s Sys=0.00s Real=0.00s
[3423.977s][info ][safepoint      ] Safepoint "ParallelGCFailedAllocation", Time since last: 16399152871 ns, Reaching safepoint: 3800 ns, Cleanup: 46701 ns, At safepoint: 2578112 ns, Total: 2628613 ns
[3440.423s][info ][gc,start       ] GC(232) Pause Young (Allocation Failure)
[3440.426s][debug][gc,phases      ] GC(232) Scavenge 2.708ms
[3440.426s][debug][gc,ref         ] GC(232) Skipped phase 1 of Reference Processing: no references
[3440.426s][debug][gc,ref         ] GC(232) Skipped phase 2 of Reference Processing: no references
[3440.426s][debug][gc,ref         ] GC(232) Skipped phase 3 of Reference Processing: no references
[3440.426s][debug][gc,ref         ] GC(232) Skipped phase 4 of Reference Processing: no references
[3440.426s][debug][gc,phases      ] GC(232) Reference Processing 0.036ms
[3440.426s][debug][gc,phases      ] GC(232)   VM Weak                        Min:  0.0, Avg:  0.0, Max:  0.0, Diff:  0.0, Sum:  0.0, Workers: 4
[3440.426s][debug][gc,phases      ] GC(232)     Dead                           Min: 0, Avg:  0.0, Max: 0, Diff: 0, Sum: 0, Workers: 4
[3440.426s][debug][gc,phases      ] GC(232)     Total                          Min: 0, Avg: 172.8, Max: 384, Diff: 384, Sum: 691, Workers: 4
[3440.426s][debug][gc,phases      ] GC(232)   ObjectSynchronizer Weak        Min:  0.0, Avg:  0.0, Max:  0.0, Diff:  0.0, Sum:  0.0, Workers: 4
[3440.426s][debug][gc,phases      ] GC(232)     Dead                           Min: 0, Avg:  0.0, Max: 0, Diff: 0, Sum: 0, Workers: 4
[3440.426s][debug][gc,phases      ] GC(232)     Total                          Min: 0, Avg:  1.0, Max: 4, Diff: 4, Sum: 4, Workers: 4
[3440.426s][debug][gc,phases      ] GC(232)   JVMTI Tag Weak OopStorage      Min:  0.0, Avg:  0.0, Max:  0.0, Diff:  0.0, Sum:  0.0, Workers: 4
[3440.426s][debug][gc,phases      ] GC(232)     Dead                           Min: 0, Avg:  0.0, Max: 0, Diff: 0, Sum: 0, Workers: 4
[3440.426s][debug][gc,phases      ] GC(232)     Total                          Min: 0, Avg:  0.0, Max: 0, Diff: 0, Sum: 0, Workers: 4
[3440.426s][debug][gc,phases      ] GC(232)   StringTable Weak               Min:  0.0, Avg:  0.1, Max:  0.1, Diff:  0.1, Sum:  0.4, Workers: 4
[3440.426s][debug][gc,phases      ] GC(232)     Dead                           Min: 0, Avg:  0.0, Max: 0, Diff: 0, Sum: 0, Workers: 4
[3440.426s][debug][gc,phases      ] GC(232)     Total                          Min: 0, Avg: 10709.0, Max: 18944, Diff: 18944, Sum: 42836, Workers: 4
[3440.426s][debug][gc,phases      ] GC(232)   ResolvedMethodTable Weak       Min:  0.0, Avg:  0.0, Max:  0.0, Diff:  0.0, Sum:  0.1, Workers: 4
[3440.426s][debug][gc,phases      ] GC(232)     Dead                           Min: 0, Avg:  0.0, Max: 0, Diff: 0, Sum: 0, Workers: 4
[3440.426s][debug][gc,phases      ] GC(232)     Total                          Min: 0, Avg: 2283.8, Max: 4109, Diff: 4109, Sum: 9135, Workers: 4
[3440.426s][debug][gc,phases      ] GC(232)   JNI Weak                       Min:  0.0, Avg:  0.0, Max:  0.0, Diff:  0.0, Sum:  0.0, Workers: 4
[3440.426s][debug][gc,phases      ] GC(232)     Dead                           Min: 0, Avg:  0.0, Max: 0, Diff: 0, Sum: 0, Workers: 4
[3440.426s][debug][gc,phases      ] GC(232)     Total                          Min: 0, Avg: 11.2, Max: 45, Diff: 45, Sum: 45, Workers: 4
[3440.426s][debug][gc,phases      ] GC(232)   StringDedup Table Weak         Min:  0.0, Avg:  0.0, Max:  0.0, Diff:  0.0, Sum:  0.0, Workers: 4
[3440.426s][debug][gc,phases      ] GC(232)     Dead                           Min: 0, Avg:  0.0, Max: 0, Diff: 0, Sum: 0, Workers: 4
[3440.426s][debug][gc,phases      ] GC(232)     Total                          Min: 0, Avg:  0.0, Max: 0, Diff: 0, Sum: 0, Workers: 4
[3440.426s][debug][gc,phases      ] GC(232)   StringDedup Requests0 Weak     Min:  0.0, Avg:  0.0, Max:  0.0, Diff:  0.0, Sum:  0.0, Workers: 4
[3440.426s][debug][gc,phases      ] GC(232)     Dead                           Min: 0, Avg:  0.0, Max: 0, Diff: 0, Sum: 0, Workers: 4
[3440.426s][debug][gc,phases      ] GC(232)     Total                          Min: 0, Avg:  0.0, Max: 0, Diff: 0, Sum: 0, Workers: 4
[3440.426s][debug][gc,phases      ] GC(232)   StringDedup Requests1 Weak     Min:  0.0, Avg:  0.0, Max:  0.0, Diff:  0.0, Sum:  0.0, Workers: 4
[3440.426s][debug][gc,phases      ] GC(232)     Dead                           Min: 0, Avg:  0.0, Max: 0, Diff: 0, Sum: 0, Workers: 4
[3440.426s][debug][gc,phases      ] GC(232)     Total                          Min: 0, Avg:  0.0, Max: 0, Diff: 0, Sum: 0, Workers: 4
[3440.426s][debug][gc,phases      ] GC(232)   Weak JFR Old Object Samples    Min:  0.0, Avg:  0.0, Max:  0.0, Diff:  0.0, Sum:  0.0, Workers: 4
[3440.426s][debug][gc,phases      ] GC(232)     Dead                           Min: 0, Avg:  0.0, Max: 0, Diff: 0, Sum: 0, Workers: 4
[3440.426s][debug][gc,phases      ] GC(232)     Total                          Min: 0, Avg:  0.0, Max: 0, Diff: 0, Sum: 0, Workers: 4
[3440.426s][debug][gc,phases      ] GC(232) Weak Processing 0.337ms
[3440.426s][debug][gc,age         ] GC(232) Desired survivor size 524288 bytes, new threshold 15 (max threshold 15)
[3440.426s][info ][gc,heap        ] GC(232) PSYoungGen: 2096288K(2096640K)->288K(2096640K) Eden: 2096128K(2096128K)->0K(2096128K) From: 160K(512K)->288K(512K)
[3440.426s][info ][gc,heap        ] GC(232) ParOldGen: 236598K(324096K)->236606K(324096K)
[3440.426s][info ][gc,metaspace   ] GC(232) Metaspace: 80222K(81152K)->80222K(81152K) NonClass: 68495K(68992K)->68495K(68992K) Class: 11727K(12160K)->11727K(12160K)
[3440.426s][info ][gc             ] GC(232) Pause Young (Allocation Failure) 2278M->231M(2364M) 3.187ms
[3440.426s][info ][gc,cpu         ] GC(232) User=0.00s Sys=0.00s Real=0.00s
[3440.426s][info ][safepoint      ] Safepoint "ParallelGCFailedAllocation", Time since last: 16445430855 ns, Reaching safepoint: 4100 ns, Cleanup: 34100 ns, At safepoint: 3269316 ns, Total: 3307516 ns
[3456.824s][info ][gc,start       ] GC(233) Pause Young (Allocation Failure)
[3456.826s][debug][gc,phases      ] GC(233) Scavenge 1.357ms
[3456.826s][debug][gc,ref         ] GC(233) Skipped phase 1 of Reference Processing: no references
[3456.826s][debug][gc,ref         ] GC(233) Skipped phase 2 of Reference Processing: no references
[3456.826s][debug][gc,ref         ] GC(233) Skipped phase 3 of Reference Processing: no references
[3456.826s][debug][gc,ref         ] GC(233) Skipped phase 4 of Reference Processing: no references
[3456.826s][debug][gc,phases      ] GC(233) Reference Processing 0.020ms
[3456.826s][debug][gc,phases      ] GC(233)   VM Weak                        Min:  0.0, Avg:  0.0, Max:  0.0, Diff:  0.0, Sum:  0.0, Workers: 4
[3456.826s][debug][gc,phases      ] GC(233)     Dead                           Min: 0, Avg:  0.0, Max: 0, Diff: 0, Sum: 0, Workers: 4
[3456.826s][debug][gc,phases      ] GC(233)     Total                          Min: 0, Avg: 172.8, Max: 691, Diff: 691, Sum: 691, Workers: 4
[3456.826s][debug][gc,phases      ] GC(233)   ObjectSynchronizer Weak        Min:  0.0, Avg:  0.0, Max:  0.0, Diff:  0.0, Sum:  0.0, Workers: 4
[3456.826s][debug][gc,phases      ] GC(233)     Dead                           Min: 0, Avg:  0.0, Max: 0, Diff: 0, Sum: 0, Workers: 4
[3456.826s][debug][gc,phases      ] GC(233)     Total                          Min: 0, Avg:  1.0, Max: 4, Diff: 4, Sum: 4, Workers: 4
[3456.826s][debug][gc,phases      ] GC(233)   JVMTI Tag Weak OopStorage      Min:  0.0, Avg:  0.0, Max:  0.0, Diff:  0.0, Sum:  0.0, Workers: 4
[3456.826s][debug][gc,phases      ] GC(233)     Dead                           Min: 0, Avg:  0.0, Max: 0, Diff: 0, Sum: 0, Workers: 4
[3456.826s][debug][gc,phases      ] GC(233)     Total                          Min: 0, Avg:  0.0, Max: 0, Diff: 0, Sum: 0, Workers: 4
[3456.826s][debug][gc,phases      ] GC(233)   StringTable Weak               Min:  0.0, Avg:  0.1, Max:  0.1, Diff:  0.1, Sum:  0.4, Workers: 4
[3456.826s][debug][gc,phases      ] GC(233)     Dead                           Min: 0, Avg:  0.0, Max: 0, Diff: 0, Sum: 0, Workers: 4
[3456.826s][debug][gc,phases      ] GC(233)     Total                          Min: 0, Avg: 10709.0, Max: 17044, Diff: 17044, Sum: 42836, Workers: 4
[3456.826s][debug][gc,phases      ] GC(233)   ResolvedMethodTable Weak       Min:  0.0, Avg:  0.0, Max:  0.0, Diff:  0.0, Sum:  0.1, Workers: 4
[3456.826s][debug][gc,phases      ] GC(233)     Dead                           Min: 0, Avg:  0.0, Max: 0, Diff: 0, Sum: 0, Workers: 4
[3456.826s][debug][gc,phases      ] GC(233)     Total                          Min: 0, Avg: 2283.8, Max: 3732, Diff: 3732, Sum: 9135, Workers: 4
[3456.826s][debug][gc,phases      ] GC(233)   JNI Weak                       Min:  0.0, Avg:  0.0, Max:  0.0, Diff:  0.0, Sum:  0.0, Workers: 4
[3456.826s][debug][gc,phases      ] GC(233)     Dead                           Min: 0, Avg:  0.0, Max: 0, Diff: 0, Sum: 0, Workers: 4
[3456.826s][debug][gc,phases      ] GC(233)     Total                          Min: 0, Avg: 11.2, Max: 45, Diff: 45, Sum: 45, Workers: 4
[3456.826s][debug][gc,phases      ] GC(233)   StringDedup Table Weak         Min:  0.0, Avg:  0.0, Max:  0.0, Diff:  0.0, Sum:  0.0, Workers: 4
[3456.826s][debug][gc,phases      ] GC(233)     Dead                           Min: 0, Avg:  0.0, Max: 0, Diff: 0, Sum: 0, Workers: 4
[3456.826s][debug][gc,phases      ] GC(233)     Total                          Min: 0, Avg:  0.0, Max: 0, Diff: 0, Sum: 0, Workers: 4
[3456.826s][debug][gc,phases      ] GC(233)   StringDedup Requests0 Weak     Min:  0.0, Avg:  0.0, Max:  0.0, Diff:  0.0, Sum:  0.0, Workers: 4
[3456.826s][debug][gc,phases      ] GC(233)     Dead                           Min: 0, Avg:  0.0, Max: 0, Diff: 0, Sum: 0, Workers: 4
[3456.826s][debug][gc,phases      ] GC(233)     Total                          Min: 0, Avg:  0.0, Max: 0, Diff: 0, Sum: 0, Workers: 4
[3456.826s][debug][gc,phases      ] GC(233)   StringDedup Requests1 Weak     Min:  0.0, Avg:  0.0, Max:  0.0, Diff:  0.0, Sum:  0.0, Workers: 4
[3456.826s][debug][gc,phases      ] GC(233)     Dead                           Min: 0, Avg:  0.0, Max: 0, Diff: 0, Sum: 0, Workers: 4
[3456.826s][debug][gc,phases      ] GC(233)     Total                          Min: 0, Avg:  0.0, Max: 0, Diff: 0, Sum: 0, Workers: 4
[3456.826s][debug][gc,phases      ] GC(233)   Weak JFR Old Object Samples    Min:  0.0, Avg:  0.0, Max:  0.0, Diff:  0.0, Sum:  0.0, Workers: 4
[3456.826s][debug][gc,phases      ] GC(233)     Dead                           Min: 0, Avg:  0.0, Max: 0, Diff: 0, Sum: 0, Workers: 4
[3456.826s][debug][gc,phases      ] GC(233)     Total                          Min: 0, Avg:  0.0, Max: 0, Diff: 0, Sum: 0, Workers: 4
[3456.826s][debug][gc,phases      ] GC(233) Weak Processing 0.361ms
[3456.826s][debug][gc,age         ] GC(233) Desired survivor size 524288 bytes, new threshold 15 (max threshold 15)
[3456.826s][info ][gc,heap        ] GC(233) PSYoungGen: 2096416K(2096640K)->192K(2096640K) Eden: 2096128K(2096128K)->0K(2096128K) From: 288K(512K)->192K(512K)
[3456.826s][info ][gc,heap        ] GC(233) ParOldGen: 236606K(324096K)->236606K(324096K)
[3456.826s][info ][gc,metaspace   ] GC(233) Metaspace: 80223K(81152K)->80223K(81152K) NonClass: 68496K(68992K)->68496K(68992K) Class: 11727K(12160K)->11727K(12160K)
[3456.826s][info ][gc             ] GC(233) Pause Young (Allocation Failure) 2278M->231M(2364M) 1.842ms
[3456.826s][info ][gc,cpu         ] GC(233) User=0.01s Sys=0.00s Real=0.00s
[3456.826s][info ][safepoint      ] Safepoint "ParallelGCFailedAllocation", Time since last: 16397780508 ns, Reaching safepoint: 5800 ns, Cleanup: 39500 ns, At safepoint: 1929609 ns, Total: 1974909 ns
[3466.827s][info ][safepoint      ] Safepoint "Cleanup", Time since last: 10000730882 ns, Reaching safepoint: 73201 ns, Cleanup: 42200 ns, At safepoint: 7100 ns, Total: 122501 ns
[3473.225s][info ][gc,start       ] GC(234) Pause Young (Allocation Failure)
[3473.227s][debug][gc,phases      ] GC(234) Scavenge 1.389ms
[3473.227s][debug][gc,ref         ] GC(234) Skipped phase 1 of Reference Processing: no references
[3473.227s][debug][gc,ref         ] GC(234) Skipped phase 2 of Reference Processing: no references
[3473.227s][debug][gc,ref         ] GC(234) Skipped phase 3 of Reference Processing: no references
[3473.227s][debug][gc,ref         ] GC(234) Skipped phase 4 of Reference Processing: no references
[3473.227s][debug][gc,phases      ] GC(234) Reference Processing 0.019ms
[3473.227s][debug][gc,phases      ] GC(234)   VM Weak                        Min:  0.0, Avg:  0.0, Max:  0.0, Diff:  0.0, Sum:  0.0, Workers: 4
[3473.227s][debug][gc,phases      ] GC(234)     Dead                           Min: 0, Avg:  0.0, Max: 0, Diff: 0, Sum: 0, Workers: 4
[3473.227s][debug][gc,phases      ] GC(234)     Total                          Min: 0, Avg: 172.8, Max: 435, Diff: 435, Sum: 691, Workers: 4
[3473.227s][debug][gc,phases      ] GC(234)   ObjectSynchronizer Weak        Min:  0.0, Avg:  0.0, Max:  0.0, Diff:  0.0, Sum:  0.0, Workers: 4
[3473.227s][debug][gc,phases      ] GC(234)     Dead                           Min: 0, Avg:  0.0, Max: 0, Diff: 0, Sum: 0, Workers: 4
[3473.227s][debug][gc,phases      ] GC(234)     Total                          Min: 0, Avg:  1.0, Max: 4, Diff: 4, Sum: 4, Workers: 4
[3473.227s][debug][gc,phases      ] GC(234)   JVMTI Tag Weak OopStorage      Min:  0.0, Avg:  0.0, Max:  0.0, Diff:  0.0, Sum:  0.0, Workers: 4
[3473.227s][debug][gc,phases      ] GC(234)     Dead                           Min: 0, Avg:  0.0, Max: 0, Diff: 0, Sum: 0, Workers: 4
[3473.227s][debug][gc,phases      ] GC(234)     Total                          Min: 0, Avg:  0.0, Max: 0, Diff: 0, Sum: 0, Workers: 4
[3473.227s][debug][gc,phases      ] GC(234)   StringTable Weak               Min:  0.1, Avg:  0.1, Max:  0.1, Diff:  0.0, Sum:  0.5, Workers: 4
[3473.227s][debug][gc,phases      ] GC(234)     Dead                           Min: 0, Avg:  0.0, Max: 0, Diff: 0, Sum: 0, Workers: 4
[3473.227s][debug][gc,phases      ] GC(234)     Total                          Min: 9684, Avg: 10709.0, Max: 11392, Diff: 1708, Sum: 42836, Workers: 4
[3473.227s][debug][gc,phases      ] GC(234)   ResolvedMethodTable Weak       Min:  0.0, Avg:  0.0, Max:  0.0, Diff:  0.0, Sum:  0.1, Workers: 4
[3473.227s][debug][gc,phases      ] GC(234)     Dead                           Min: 0, Avg:  0.0, Max: 0, Diff: 0, Sum: 0, Workers: 4
[3473.227s][debug][gc,phases      ] GC(234)     Total                          Min: 2092, Avg: 2283.8, Max: 2454, Diff: 362, Sum: 9135, Workers: 4
[3473.227s][debug][gc,phases      ] GC(234)   JNI Weak                       Min:  0.0, Avg:  0.0, Max:  0.0, Diff:  0.0, Sum:  0.0, Workers: 4
[3473.227s][debug][gc,phases      ] GC(234)     Dead                           Min: 0, Avg:  0.0, Max: 0, Diff: 0, Sum: 0, Workers: 4
[3473.227s][debug][gc,phases      ] GC(234)     Total                          Min: 0, Avg: 11.2, Max: 45, Diff: 45, Sum: 45, Workers: 4
[3473.227s][debug][gc,phases      ] GC(234)   StringDedup Table Weak         Min:  0.0, Avg:  0.0, Max:  0.0, Diff:  0.0, Sum:  0.0, Workers: 4
[3473.227s][debug][gc,phases      ] GC(234)     Dead                           Min: 0, Avg:  0.0, Max: 0, Diff: 0, Sum: 0, Workers: 4
[3473.227s][debug][gc,phases      ] GC(234)     Total                          Min: 0, Avg:  0.0, Max: 0, Diff: 0, Sum: 0, Workers: 4
[3473.227s][debug][gc,phases      ] GC(234)   StringDedup Requests0 Weak     Min:  0.0, Avg:  0.0, Max:  0.0, Diff:  0.0, Sum:  0.0, Workers: 4
[3473.227s][debug][gc,phases      ] GC(234)     Dead                           Min: 0, Avg:  0.0, Max: 0, Diff: 0, Sum: 0, Workers: 4
[3473.227s][debug][gc,phases      ] GC(234)     Total                          Min: 0, Avg:  0.0, Max: 0, Diff: 0, Sum: 0, Workers: 4
[3473.227s][debug][gc,phases      ] GC(234)   StringDedup Requests1 Weak     Min:  0.0, Avg:  0.0, Max:  0.0, Diff:  0.0, Sum:  0.0, Workers: 4
[3473.227s][debug][gc,phases      ] GC(234)     Dead                           Min: 0, Avg:  0.0, Max: 0, Diff: 0, Sum: 0, Workers: 4
[3473.227s][debug][gc,phases      ] GC(234)     Total                          Min: 0, Avg:  0.0, Max: 0, Diff: 0, Sum: 0, Workers: 4
[3473.227s][debug][gc,phases      ] GC(234)   Weak JFR Old Object Samples    Min:  0.0, Avg:  0.0, Max:  0.0, Diff:  0.0, Sum:  0.0, Workers: 4
[3473.227s][debug][gc,phases      ] GC(234)     Dead                           Min: 0, Avg:  0.0, Max: 0, Diff: 0, Sum: 0, Workers: 4
[3473.227s][debug][gc,phases      ] GC(234)     Total                          Min: 0, Avg:  0.0, Max: 0, Diff: 0, Sum: 0, Workers: 4
[3473.227s][debug][gc,phases      ] GC(234) Weak Processing 0.371ms
[3473.227s][debug][gc,age         ] GC(234) Desired survivor size 524288 bytes, new threshold 15 (max threshold 15)
[3473.227s][info ][gc,heap        ] GC(234) PSYoungGen: 2096320K(2096640K)->256K(2096640K) Eden: 2096128K(2096128K)->0K(2096128K) From: 192K(512K)->256K(512K)
[3473.227s][info ][gc,heap        ] GC(234) ParOldGen: 236606K(324096K)->236614K(324096K)
[3473.227s][info ][gc,metaspace   ] GC(234) Metaspace: 80223K(81152K)->80223K(81152K) NonClass: 68496K(68992K)->68496K(68992K) Class: 11727K(12160K)->11727K(12160K)
[3473.227s][info ][gc             ] GC(234) Pause Young (Allocation Failure) 2278M->231M(2364M) 1.887ms
[3473.227s][info ][gc,cpu         ] GC(234) User=0.01s Sys=0.00s Real=0.00s
[3473.227s][info ][safepoint      ] Safepoint "ParallelGCFailedAllocation", Time since last: 6398556932 ns, Reaching safepoint: 4401 ns, Cleanup: 43500 ns, At safepoint: 1977609 ns, Total: 2025510 ns
[3489.673s][info ][gc,start       ] GC(235) Pause Young (Allocation Failure)
[3489.675s][debug][gc,phases      ] GC(235) Scavenge 1.994ms
[3489.675s][debug][gc,ref         ] GC(235) Skipped phase 1 of Reference Processing: no references
[3489.675s][debug][gc,ref         ] GC(235) Skipped phase 2 of Reference Processing: no references
[3489.675s][debug][gc,ref         ] GC(235) Skipped phase 3 of Reference Processing: no references
[3489.675s][debug][gc,ref         ] GC(235) Skipped phase 4 of Reference Processing: no references
[3489.675s][debug][gc,phases      ] GC(235) Reference Processing 0.024ms
[3489.675s][debug][gc,phases      ] GC(235)   VM Weak                        Min:  0.0, Avg:  0.0, Max:  0.0, Diff:  0.0, Sum:  0.0, Workers: 4
[3489.675s][debug][gc,phases      ] GC(235)     Dead                           Min: 0, Avg:  0.0, Max: 0, Diff: 0, Sum: 0, Workers: 4
[3489.675s][debug][gc,phases      ] GC(235)     Total                          Min: 0, Avg: 172.8, Max: 371, Diff: 371, Sum: 691, Workers: 4
[3489.675s][debug][gc,phases      ] GC(235)   ObjectSynchronizer Weak        Min:  0.0, Avg:  0.0, Max:  0.0, Diff:  0.0, Sum:  0.0, Workers: 4
[3489.675s][debug][gc,phases      ] GC(235)     Dead                           Min: 0, Avg:  0.0, Max: 0, Diff: 0, Sum: 0, Workers: 4
[3489.675s][debug][gc,phases      ] GC(235)     Total                          Min: 0, Avg:  1.0, Max: 4, Diff: 4, Sum: 4, Workers: 4
[3489.675s][debug][gc,phases      ] GC(235)   JVMTI Tag Weak OopStorage      Min:  0.0, Avg:  0.0, Max:  0.0, Diff:  0.0, Sum:  0.0, Workers: 4
[3489.675s][debug][gc,phases      ] GC(235)     Dead                           Min: 0, Avg:  0.0, Max: 0, Diff: 0, Sum: 0, Workers: 4
[3489.675s][debug][gc,phases      ] GC(235)     Total                          Min: 0, Avg:  0.0, Max: 0, Diff: 0, Sum: 0, Workers: 4
[3489.675s][debug][gc,phases      ] GC(235)   StringTable Weak               Min:  0.0, Avg:  0.1, Max:  0.1, Diff:  0.1, Sum:  0.4, Workers: 4
[3489.675s][debug][gc,phases      ] GC(235)     Dead                           Min: 0, Avg:  0.0, Max: 0, Diff: 0, Sum: 0, Workers: 4
[3489.675s][debug][gc,phases      ] GC(235)     Total                          Min: 0, Avg: 10709.0, Max: 17172, Diff: 17172, Sum: 42836, Workers: 4
[3489.675s][debug][gc,phases      ] GC(235)   ResolvedMethodTable Weak       Min:  0.0, Avg:  0.0, Max:  0.0, Diff:  0.0, Sum:  0.1, Workers: 4
[3489.675s][debug][gc,phases      ] GC(235)     Dead                           Min: 0, Avg:  0.0, Max: 0, Diff: 0, Sum: 0, Workers: 4
[3489.675s][debug][gc,phases      ] GC(235)     Total                          Min: 0, Avg: 2283.8, Max: 3987, Diff: 3987, Sum: 9135, Workers: 4
[3489.675s][debug][gc,phases      ] GC(235)   JNI Weak                       Min:  0.0, Avg:  0.0, Max:  0.0, Diff:  0.0, Sum:  0.0, Workers: 4
[3489.675s][debug][gc,phases      ] GC(235)     Dead                           Min: 0, Avg:  0.0, Max: 0, Diff: 0, Sum: 0, Workers: 4
[3489.675s][debug][gc,phases      ] GC(235)     Total                          Min: 0, Avg: 11.2, Max: 45, Diff: 45, Sum: 45, Workers: 4
[3489.675s][debug][gc,phases      ] GC(235)   StringDedup Table Weak         Min:  0.0, Avg:  0.0, Max:  0.0, Diff:  0.0, Sum:  0.0, Workers: 4
[3489.675s][debug][gc,phases      ] GC(235)     Dead                           Min: 0, Avg:  0.0, Max: 0, Diff: 0, Sum: 0, Workers: 4
[3489.675s][debug][gc,phases      ] GC(235)     Total                          Min: 0, Avg:  0.0, Max: 0, Diff: 0, Sum: 0, Workers: 4
[3489.675s][debug][gc,phases      ] GC(235)   StringDedup Requests0 Weak     Min:  0.0, Avg:  0.0, Max:  0.0, Diff:  0.0, Sum:  0.0, Workers: 4
[3489.675s][debug][gc,phases      ] GC(235)     Dead                           Min: 0, Avg:  0.0, Max: 0, Diff: 0, Sum: 0, Workers: 4
[3489.675s][debug][gc,phases      ] GC(235)     Total                          Min: 0, Avg:  0.0, Max: 0, Diff: 0, Sum: 0, Workers: 4
[3489.675s][debug][gc,phases      ] GC(235)   StringDedup Requests1 Weak     Min:  0.0, Avg:  0.0, Max:  0.0, Diff:  0.0, Sum:  0.0, Workers: 4
[3489.675s][debug][gc,phases      ] GC(235)     Dead                           Min: 0, Avg:  0.0, Max: 0, Diff: 0, Sum: 0, Workers: 4
[3489.675s][debug][gc,phases      ] GC(235)     Total                          Min: 0, Avg:  0.0, Max: 0, Diff: 0, Sum: 0, Workers: 4
[3489.675s][debug][gc,phases      ] GC(235)   Weak JFR Old Object Samples    Min:  0.0, Avg:  0.0, Max:  0.0, Diff:  0.0, Sum:  0.0, Workers: 4
[3489.675s][debug][gc,phases      ] GC(235)     Dead                           Min: 0, Avg:  0.0, Max: 0, Diff: 0, Sum: 0, Workers: 4
[3489.675s][debug][gc,phases      ] GC(235)     Total                          Min: 0, Avg:  0.0, Max: 0, Diff: 0, Sum: 0, Workers: 4
[3489.675s][debug][gc,phases      ] GC(235) Weak Processing 0.361ms
[3489.675s][debug][gc,age         ] GC(235) Desired survivor size 524288 bytes, new threshold 15 (max threshold 15)
[3489.675s][info ][gc,heap        ] GC(235) PSYoungGen: 2096384K(2096640K)->128K(2096640K) Eden: 2096128K(2096128K)->0K(2096128K) From: 256K(512K)->128K(512K)
[3489.675s][info ][gc,heap        ] GC(235) ParOldGen: 236614K(324096K)->236622K(324096K)
[3489.675s][info ][gc,metaspace   ] GC(235) Metaspace: 80223K(81152K)->80223K(81152K) NonClass: 68496K(68992K)->68496K(68992K) Class: 11727K(12160K)->11727K(12160K)
[3489.675s][info ][gc             ] GC(235) Pause Young (Allocation Failure) 2278M->231M(2364M) 2.481ms
[3489.675s][info ][gc,cpu         ] GC(235) User=0.01s Sys=0.00s Real=0.00s
[3489.675s][info ][safepoint      ] Safepoint "ParallelGCFailedAllocation", Time since last: 16445156528 ns, Reaching safepoint: 7300 ns, Cleanup: 33300 ns, At safepoint: 2547012 ns, Total: 2587612 ns
[3506.074s][info ][gc,start       ] GC(236) Pause Young (Allocation Failure)
[3506.075s][debug][gc,phases      ] GC(236) Scavenge 1.412ms
[3506.075s][debug][gc,ref         ] GC(236) Skipped phase 1 of Reference Processing: no references
[3506.075s][debug][gc,ref         ] GC(236) Skipped phase 2 of Reference Processing: no references
[3506.075s][debug][gc,ref         ] GC(236) Skipped phase 3 of Reference Processing: no references
[3506.075s][debug][gc,ref         ] GC(236) Skipped phase 4 of Reference Processing: no references
[3506.075s][debug][gc,phases      ] GC(236) Reference Processing 0.020ms
[3506.075s][debug][gc,phases      ] GC(236)   VM Weak                        Min:  0.0, Avg:  0.0, Max:  0.0, Diff:  0.0, Sum:  0.0, Workers: 4
[3506.075s][debug][gc,phases      ] GC(236)     Dead                           Min: 0, Avg:  0.0, Max: 0, Diff: 0, Sum: 0, Workers: 4
[3506.075s][debug][gc,phases      ] GC(236)     Total                          Min: 0, Avg: 172.8, Max: 691, Diff: 691, Sum: 691, Workers: 4
[3506.075s][debug][gc,phases      ] GC(236)   ObjectSynchronizer Weak        Min:  0.0, Avg:  0.0, Max:  0.0, Diff:  0.0, Sum:  0.0, Workers: 4
[3506.075s][debug][gc,phases      ] GC(236)     Dead                           Min: 0, Avg:  0.0, Max: 0, Diff: 0, Sum: 0, Workers: 4
[3506.075s][debug][gc,phases      ] GC(236)     Total                          Min: 0, Avg:  1.0, Max: 4, Diff: 4, Sum: 4, Workers: 4
[3506.075s][debug][gc,phases      ] GC(236)   JVMTI Tag Weak OopStorage      Min:  0.0, Avg:  0.0, Max:  0.0, Diff:  0.0, Sum:  0.0, Workers: 4
[3506.075s][debug][gc,phases      ] GC(236)     Dead                           Min: 0, Avg:  0.0, Max: 0, Diff: 0, Sum: 0, Workers: 4
[3506.075s][debug][gc,phases      ] GC(236)     Total                          Min: 0, Avg:  0.0, Max: 0, Diff: 0, Sum: 0, Workers: 4
[3506.075s][debug][gc,phases      ] GC(236)   StringTable Weak               Min:  0.0, Avg:  0.1, Max:  0.1, Diff:  0.1, Sum:  0.4, Workers: 4
[3506.075s][debug][gc,phases      ] GC(236)     Dead                           Min: 0, Avg:  0.0, Max: 0, Diff: 0, Sum: 0, Workers: 4
[3506.075s][debug][gc,phases      ] GC(236)     Total                          Min: 0, Avg: 10709.5, Max: 17110, Diff: 17110, Sum: 42838, Workers: 4
[3506.075s][debug][gc,phases      ] GC(236)   ResolvedMethodTable Weak       Min:  0.0, Avg:  0.0, Max:  0.0, Diff:  0.0, Sum:  0.1, Workers: 4
[3506.075s][debug][gc,phases      ] GC(236)     Dead                           Min: 0, Avg:  0.0, Max: 0, Diff: 0, Sum: 0, Workers: 4
[3506.075s][debug][gc,phases      ] GC(236)     Total                          Min: 0, Avg: 2283.8, Max: 3794, Diff: 3794, Sum: 9135, Workers: 4
[3506.075s][debug][gc,phases      ] GC(236)   JNI Weak                       Min:  0.0, Avg:  0.0, Max:  0.0, Diff:  0.0, Sum:  0.0, Workers: 4
[3506.075s][debug][gc,phases      ] GC(236)     Dead                           Min: 0, Avg:  0.0, Max: 0, Diff: 0, Sum: 0, Workers: 4
[3506.075s][debug][gc,phases      ] GC(236)     Total                          Min: 0, Avg: 11.2, Max: 45, Diff: 45, Sum: 45, Workers: 4
[3506.075s][debug][gc,phases      ] GC(236)   StringDedup Table Weak         Min:  0.0, Avg:  0.0, Max:  0.0, Diff:  0.0, Sum:  0.0, Workers: 4
[3506.075s][debug][gc,phases      ] GC(236)     Dead                           Min: 0, Avg:  0.0, Max: 0, Diff: 0, Sum: 0, Workers: 4
[3506.075s][debug][gc,phases      ] GC(236)     Total                          Min: 0, Avg:  0.0, Max: 0, Diff: 0, Sum: 0, Workers: 4
[3506.075s][debug][gc,phases      ] GC(236)   StringDedup Requests0 Weak     Min:  0.0, Avg:  0.0, Max:  0.0, Diff:  0.0, Sum:  0.0, Workers: 4
[3506.075s][debug][gc,phases      ] GC(236)     Dead                           Min: 0, Avg:  0.0, Max: 0, Diff: 0, Sum: 0, Workers: 4
[3506.075s][debug][gc,phases      ] GC(236)     Total                          Min: 0, Avg:  0.0, Max: 0, Diff: 0, Sum: 0, Workers: 4
[3506.075s][debug][gc,phases      ] GC(236)   StringDedup Requests1 Weak     Min:  0.0, Avg:  0.0, Max:  0.0, Diff:  0.0, Sum:  0.0, Workers: 4
[3506.075s][debug][gc,phases      ] GC(236)     Dead                           Min: 0, Avg:  0.0, Max: 0, Diff: 0, Sum: 0, Workers: 4
[3506.075s][debug][gc,phases      ] GC(236)     Total                          Min: 0, Avg:  0.0, Max: 0, Diff: 0, Sum: 0, Workers: 4
[3506.075s][debug][gc,phases      ] GC(236)   Weak JFR Old Object Samples    Min:  0.0, Avg:  0.0, Max:  0.0, Diff:  0.0, Sum:  0.0, Workers: 4
[3506.075s][debug][gc,phases      ] GC(236)     Dead                           Min: 0, Avg:  0.0, Max: 0, Diff: 0, Sum: 0, Workers: 4
[3506.075s][debug][gc,phases      ] GC(236)     Total                          Min: 0, Avg:  0.0, Max: 0, Diff: 0, Sum: 0, Workers: 4
[3506.075s][debug][gc,phases      ] GC(236) Weak Processing 0.363ms
[3506.075s][debug][gc,age         ] GC(236) Desired survivor size 524288 bytes, new threshold 15 (max threshold 15)
[3506.075s][info ][gc,heap        ] GC(236) PSYoungGen: 2096256K(2096640K)->224K(2096640K) Eden: 2096128K(2096128K)->0K(2096128K) From: 128K(512K)->224K(512K)
[3506.075s][info ][gc,heap        ] GC(236) ParOldGen: 236622K(324096K)->236622K(324096K)
[3506.075s][info ][gc,metaspace   ] GC(236) Metaspace: 80223K(81152K)->80223K(81152K) NonClass: 68496K(68992K)->68496K(68992K) Class: 11727K(12160K)->11727K(12160K)
[3506.075s][info ][gc             ] GC(236) Pause Young (Allocation Failure) 2278M->231M(2364M) 1.885ms
[3506.075s][info ][gc,cpu         ] GC(236) User=0.00s Sys=0.00s Real=0.00s
[3506.075s][info ][safepoint      ] Safepoint "ParallelGCFailedAllocation", Time since last: 16398319655 ns, Reaching safepoint: 13300 ns, Cleanup: 40600 ns, At safepoint: 1945309 ns, Total: 1999209 ns
[3516.076s][info ][safepoint      ] Safepoint "Cleanup", Time since last: 10000711939 ns, Reaching safepoint: 81200 ns, Cleanup: 52801 ns, At safepoint: 14600 ns, Total: 148601 ns
[3522.475s][info ][gc,start       ] GC(237) Pause Young (Allocation Failure)
[3522.477s][debug][gc,phases      ] GC(237) Scavenge 1.978ms
[3522.477s][debug][gc,ref         ] GC(237) Skipped phase 1 of Reference Processing: no references
[3522.477s][debug][gc,ref         ] GC(237) Skipped phase 2 of Reference Processing: no references
[3522.477s][debug][gc,ref         ] GC(237) Skipped phase 3 of Reference Processing: no references
[3522.477s][debug][gc,ref         ] GC(237) Skipped phase 4 of Reference Processing: no references
[3522.477s][debug][gc,phases      ] GC(237) Reference Processing 0.023ms
[3522.477s][debug][gc,phases      ] GC(237)   VM Weak                        Min:  0.0, Avg:  0.0, Max:  0.0, Diff:  0.0, Sum:  0.0, Workers: 4
[3522.477s][debug][gc,phases      ] GC(237)     Dead                           Min: 0, Avg:  0.0, Max: 0, Diff: 0, Sum: 0, Workers: 4
[3522.477s][debug][gc,phases      ] GC(237)     Total                          Min: 0, Avg: 172.8, Max: 691, Diff: 691, Sum: 691, Workers: 4
[3522.477s][debug][gc,phases      ] GC(237)   ObjectSynchronizer Weak        Min:  0.0, Avg:  0.0, Max:  0.0, Diff:  0.0, Sum:  0.0, Workers: 4
[3522.477s][debug][gc,phases      ] GC(237)     Dead                           Min: 0, Avg:  0.0, Max: 0, Diff: 0, Sum: 0, Workers: 4
[3522.477s][debug][gc,phases      ] GC(237)     Total                          Min: 0, Avg:  1.0, Max: 4, Diff: 4, Sum: 4, Workers: 4
[3522.477s][debug][gc,phases      ] GC(237)   JVMTI Tag Weak OopStorage      Min:  0.0, Avg:  0.0, Max:  0.0, Diff:  0.0, Sum:  0.0, Workers: 4
[3522.477s][debug][gc,phases      ] GC(237)     Dead                           Min: 0, Avg:  0.0, Max: 0, Diff: 0, Sum: 0, Workers: 4
[3522.477s][debug][gc,phases      ] GC(237)     Total                          Min: 0, Avg:  0.0, Max: 0, Diff: 0, Sum: 0, Workers: 4
[3522.477s][debug][gc,phases      ] GC(237)   StringTable Weak               Min:  0.0, Avg:  0.1, Max:  0.1, Diff:  0.1, Sum:  0.4, Workers: 4
[3522.477s][debug][gc,phases      ] GC(237)     Dead                           Min: 0, Avg:  0.0, Max: 0, Diff: 0, Sum: 0, Workers: 4
[3522.477s][debug][gc,phases      ] GC(237)     Total                          Min: 0, Avg: 10710.2, Max: 17280, Diff: 17280, Sum: 42841, Workers: 4
[3522.477s][debug][gc,phases      ] GC(237)   ResolvedMethodTable Weak       Min:  0.0, Avg:  0.0, Max:  0.0, Diff:  0.0, Sum:  0.1, Workers: 4
[3522.477s][debug][gc,phases      ] GC(237)     Dead                           Min: 0, Avg:  0.0, Max: 0, Diff: 0, Sum: 0, Workers: 4
[3522.477s][debug][gc,phases      ] GC(237)     Total                          Min: 0, Avg: 2283.8, Max: 3834, Diff: 3834, Sum: 9135, Workers: 4
[3522.477s][debug][gc,phases      ] GC(237)   JNI Weak                       Min:  0.0, Avg:  0.0, Max:  0.0, Diff:  0.0, Sum:  0.0, Workers: 4
[3522.477s][debug][gc,phases      ] GC(237)     Dead                           Min: 0, Avg:  0.0, Max: 0, Diff: 0, Sum: 0, Workers: 4
[3522.477s][debug][gc,phases      ] GC(237)     Total                          Min: 0, Avg: 11.2, Max: 45, Diff: 45, Sum: 45, Workers: 4
[3522.477s][debug][gc,phases      ] GC(237)   StringDedup Table Weak         Min:  0.0, Avg:  0.0, Max:  0.0, Diff:  0.0, Sum:  0.0, Workers: 4
[3522.477s][debug][gc,phases      ] GC(237)     Dead                           Min: 0, Avg:  0.0, Max: 0, Diff: 0, Sum: 0, Workers: 4
[3522.477s][debug][gc,phases      ] GC(237)     Total                          Min: 0, Avg:  0.0, Max: 0, Diff: 0, Sum: 0, Workers: 4
[3522.477s][debug][gc,phases      ] GC(237)   StringDedup Requests0 Weak     Min:  0.0, Avg:  0.0, Max:  0.0, Diff:  0.0, Sum:  0.0, Workers: 4
[3522.477s][debug][gc,phases      ] GC(237)     Dead                           Min: 0, Avg:  0.0, Max: 0, Diff: 0, Sum: 0, Workers: 4
[3522.477s][debug][gc,phases      ] GC(237)     Total                          Min: 0, Avg:  0.0, Max: 0, Diff: 0, Sum: 0, Workers: 4
[3522.477s][debug][gc,phases      ] GC(237)   StringDedup Requests1 Weak     Min:  0.0, Avg:  0.0, Max:  0.0, Diff:  0.0, Sum:  0.0, Workers: 4
[3522.477s][debug][gc,phases      ] GC(237)     Dead                           Min: 0, Avg:  0.0, Max: 0, Diff: 0, Sum: 0, Workers: 4
[3522.477s][debug][gc,phases      ] GC(237)     Total                          Min: 0, Avg:  0.0, Max: 0, Diff: 0, Sum: 0, Workers: 4
[3522.477s][debug][gc,phases      ] GC(237)   Weak JFR Old Object Samples    Min:  0.0, Avg:  0.0, Max:  0.0, Diff:  0.0, Sum:  0.0, Workers: 4
[3522.477s][debug][gc,phases      ] GC(237)     Dead                           Min: 0, Avg:  0.0, Max: 0, Diff: 0, Sum: 0, Workers: 4
[3522.477s][debug][gc,phases      ] GC(237)     Total                          Min: 0, Avg:  0.0, Max: 0, Diff: 0, Sum: 0, Workers: 4
[3522.477s][debug][gc,phases      ] GC(237) Weak Processing 0.395ms
[3522.477s][debug][gc,age         ] GC(237) Desired survivor size 524288 bytes, new threshold 15 (max threshold 15)
[3522.477s][info ][gc,heap        ] GC(237) PSYoungGen: 2096352K(2096640K)->128K(2096640K) Eden: 2096128K(2096128K)->0K(2096128K) From: 224K(512K)->128K(512K)
[3522.477s][info ][gc,heap        ] GC(237) ParOldGen: 236622K(324096K)->236630K(324096K)
[3522.477s][info ][gc,metaspace   ] GC(237) Metaspace: 80223K(81152K)->80223K(81152K) NonClass: 68496K(68992K)->68496K(68992K) Class: 11727K(12160K)->11727K(12160K)
[3522.477s][info ][gc             ] GC(237) Pause Young (Allocation Failure) 2278M->231M(2364M) 2.545ms
[3522.477s][info ][gc,cpu         ] GC(237) User=0.01s Sys=0.00s Real=0.00s
[3522.477s][info ][safepoint      ] Safepoint "ParallelGCFailedAllocation", Time since last: 6398251568 ns, Reaching safepoint: 5700 ns, Cleanup: 44400 ns, At safepoint: 2615112 ns, Total: 2665212 ns
[3538.922s][info ][gc,start       ] GC(238) Pause Young (Allocation Failure)
[3538.923s][debug][gc,phases      ] GC(238) Scavenge 1.301ms
[3538.923s][debug][gc,ref         ] GC(238) Skipped phase 1 of Reference Processing: no references
[3538.923s][debug][gc,ref         ] GC(238) Skipped phase 2 of Reference Processing: no references
[3538.923s][debug][gc,ref         ] GC(238) Skipped phase 3 of Reference Processing: no references
[3538.923s][debug][gc,ref         ] GC(238) Skipped phase 4 of Reference Processing: no references
[3538.923s][debug][gc,phases      ] GC(238) Reference Processing 0.019ms
[3538.924s][debug][gc,phases      ] GC(238)   VM Weak                        Min:  0.0, Avg:  0.0, Max:  0.0, Diff:  0.0, Sum:  0.0, Workers: 4
[3538.924s][debug][gc,phases      ] GC(238)     Dead                           Min: 0, Avg:  0.0, Max: 0, Diff: 0, Sum: 0, Workers: 4
[3538.924s][debug][gc,phases      ] GC(238)     Total                          Min: 0, Avg: 172.8, Max: 307, Diff: 307, Sum: 691, Workers: 4
[3538.924s][debug][gc,phases      ] GC(238)   ObjectSynchronizer Weak        Min:  0.0, Avg:  0.0, Max:  0.0, Diff:  0.0, Sum:  0.0, Workers: 4
[3538.924s][debug][gc,phases      ] GC(238)     Dead                           Min: 0, Avg:  0.0, Max: 0, Diff: 0, Sum: 0, Workers: 4
[3538.924s][debug][gc,phases      ] GC(238)     Total                          Min: 0, Avg:  1.0, Max: 4, Diff: 4, Sum: 4, Workers: 4
[3538.924s][debug][gc,phases      ] GC(238)   JVMTI Tag Weak OopStorage      Min:  0.0, Avg:  0.0, Max:  0.0, Diff:  0.0, Sum:  0.0, Workers: 4
[3538.924s][debug][gc,phases      ] GC(238)     Dead                           Min: 0, Avg:  0.0, Max: 0, Diff: 0, Sum: 0, Workers: 4
[3538.924s][debug][gc,phases      ] GC(238)     Total                          Min: 0, Avg:  0.0, Max: 0, Diff: 0, Sum: 0, Workers: 4
[3538.924s][debug][gc,phases      ] GC(238)   StringTable Weak               Min:  0.1, Avg:  0.1, Max:  0.1, Diff:  0.1, Sum:  0.4, Workers: 4
[3538.924s][debug][gc,phases      ] GC(238)     Dead                           Min: 0, Avg:  0.0, Max: 0, Diff: 0, Sum: 0, Workers: 4
[3538.924s][debug][gc,phases      ] GC(238)     Total                          Min: 5440, Avg: 10710.2, Max: 13504, Diff: 8064, Sum: 42841, Workers: 4
[3538.924s][debug][gc,phases      ] GC(238)   ResolvedMethodTable Weak       Min:  0.0, Avg:  0.0, Max:  0.0, Diff:  0.0, Sum:  0.1, Workers: 4
[3538.924s][debug][gc,phases      ] GC(238)     Dead                           Min: 0, Avg:  0.0, Max: 0, Diff: 0, Sum: 0, Workers: 4
[3538.924s][debug][gc,phases      ] GC(238)     Total                          Min: 2231, Avg: 2283.8, Max: 2336, Diff: 105, Sum: 9135, Workers: 4
[3538.924s][debug][gc,phases      ] GC(238)   JNI Weak                       Min:  0.0, Avg:  0.0, Max:  0.0, Diff:  0.0, Sum:  0.0, Workers: 4
[3538.924s][debug][gc,phases      ] GC(238)     Dead                           Min: 0, Avg:  0.0, Max: 0, Diff: 0, Sum: 0, Workers: 4
[3538.924s][debug][gc,phases      ] GC(238)     Total                          Min: 0, Avg: 11.2, Max: 45, Diff: 45, Sum: 45, Workers: 4
[3538.924s][debug][gc,phases      ] GC(238)   StringDedup Table Weak         Min:  0.0, Avg:  0.0, Max:  0.0, Diff:  0.0, Sum:  0.0, Workers: 4
[3538.924s][debug][gc,phases      ] GC(238)     Dead                           Min: 0, Avg:  0.0, Max: 0, Diff: 0, Sum: 0, Workers: 4
[3538.924s][debug][gc,phases      ] GC(238)     Total                          Min: 0, Avg:  0.0, Max: 0, Diff: 0, Sum: 0, Workers: 4
[3538.924s][debug][gc,phases      ] GC(238)   StringDedup Requests0 Weak     Min:  0.0, Avg:  0.0, Max:  0.0, Diff:  0.0, Sum:  0.0, Workers: 4
[3538.924s][debug][gc,phases      ] GC(238)     Dead                           Min: 0, Avg:  0.0, Max: 0, Diff: 0, Sum: 0, Workers: 4
[3538.924s][debug][gc,phases      ] GC(238)     Total                          Min: 0, Avg:  0.0, Max: 0, Diff: 0, Sum: 0, Workers: 4
[3538.924s][debug][gc,phases      ] GC(238)   StringDedup Requests1 Weak     Min:  0.0, Avg:  0.0, Max:  0.0, Diff:  0.0, Sum:  0.0, Workers: 4
[3538.924s][debug][gc,phases      ] GC(238)     Dead                           Min: 0, Avg:  0.0, Max: 0, Diff: 0, Sum: 0, Workers: 4
[3538.924s][debug][gc,phases      ] GC(238)     Total                          Min: 0, Avg:  0.0, Max: 0, Diff: 0, Sum: 0, Workers: 4
[3538.924s][debug][gc,phases      ] GC(238)   Weak JFR Old Object Samples    Min:  0.0, Avg:  0.0, Max:  0.0, Diff:  0.0, Sum:  0.0, Workers: 4
[3538.924s][debug][gc,phases      ] GC(238)     Dead                           Min: 0, Avg:  0.0, Max: 0, Diff: 0, Sum: 0, Workers: 4
[3538.924s][debug][gc,phases      ] GC(238)     Total                          Min: 0, Avg:  0.0, Max: 0, Diff: 0, Sum: 0, Workers: 4
[3538.924s][debug][gc,phases      ] GC(238) Weak Processing 0.348ms
[3538.924s][debug][gc,age         ] GC(238) Desired survivor size 524288 bytes, new threshold 15 (max threshold 15)
[3538.924s][info ][gc,heap        ] GC(238) PSYoungGen: 2096256K(2096640K)->128K(2096640K) Eden: 2096128K(2096128K)->0K(2096128K) From: 128K(512K)->128K(512K)
[3538.924s][info ][gc,heap        ] GC(238) ParOldGen: 236630K(324096K)->236646K(324096K)
[3538.924s][info ][gc,metaspace   ] GC(238) Metaspace: 80223K(81152K)->80223K(81152K) NonClass: 68496K(68992K)->68496K(68992K) Class: 11727K(12160K)->11727K(12160K)
[3538.924s][info ][gc             ] GC(238) Pause Young (Allocation Failure) 2278M->231M(2364M) 1.751ms
[3538.924s][info ][gc,cpu         ] GC(238) User=0.00s Sys=0.00s Real=0.00s
[3538.924s][info ][safepoint      ] Safepoint "ParallelGCFailedAllocation", Time since last: 16444707820 ns, Reaching safepoint: 5400 ns, Cleanup: 26400 ns, At safepoint: 1849009 ns, Total: 1880809 ns
[3555.324s][info ][gc,start       ] GC(239) Pause Young (Allocation Failure)
[3555.327s][debug][gc,phases      ] GC(239) Scavenge 2.669ms
[3555.327s][debug][gc,ref         ] GC(239) Skipped phase 1 of Reference Processing: no references
[3555.327s][debug][gc,ref         ] GC(239) Skipped phase 2 of Reference Processing: no references
[3555.327s][debug][gc,ref         ] GC(239) Skipped phase 3 of Reference Processing: no references
[3555.327s][debug][gc,ref         ] GC(239) Skipped phase 4 of Reference Processing: no references
[3555.327s][debug][gc,phases      ] GC(239) Reference Processing 0.019ms
[3555.327s][debug][gc,phases      ] GC(239)   VM Weak                        Min:  0.0, Avg:  0.0, Max:  0.0, Diff:  0.0, Sum:  0.0, Workers: 4
[3555.327s][debug][gc,phases      ] GC(239)     Dead                           Min: 0, Avg:  0.0, Max: 0, Diff: 0, Sum: 0, Workers: 4
[3555.327s][debug][gc,phases      ] GC(239)     Total                          Min: 0, Avg: 172.8, Max: 691, Diff: 691, Sum: 691, Workers: 4
[3555.327s][debug][gc,phases      ] GC(239)   ObjectSynchronizer Weak        Min:  0.0, Avg:  0.0, Max:  0.0, Diff:  0.0, Sum:  0.0, Workers: 4
[3555.327s][debug][gc,phases      ] GC(239)     Dead                           Min: 0, Avg:  0.0, Max: 0, Diff: 0, Sum: 0, Workers: 4
[3555.327s][debug][gc,phases      ] GC(239)     Total                          Min: 0, Avg:  1.0, Max: 4, Diff: 4, Sum: 4, Workers: 4
[3555.327s][debug][gc,phases      ] GC(239)   JVMTI Tag Weak OopStorage      Min:  0.0, Avg:  0.0, Max:  0.0, Diff:  0.0, Sum:  0.0, Workers: 4
[3555.327s][debug][gc,phases      ] GC(239)     Dead                           Min: 0, Avg:  0.0, Max: 0, Diff: 0, Sum: 0, Workers: 4
[3555.327s][debug][gc,phases      ] GC(239)     Total                          Min: 0, Avg:  0.0, Max: 0, Diff: 0, Sum: 0, Workers: 4
[3555.327s][debug][gc,phases      ] GC(239)   StringTable Weak               Min:  0.0, Avg:  0.1, Max:  0.2, Diff:  0.2, Sum:  0.4, Workers: 4
[3555.327s][debug][gc,phases      ] GC(239)     Dead                           Min: 0, Avg:  0.0, Max: 0, Diff: 0, Sum: 0, Workers: 4
[3555.327s][debug][gc,phases      ] GC(239)     Total                          Min: 0, Avg: 10710.2, Max: 28761, Diff: 28761, Sum: 42841, Workers: 4
[3555.327s][debug][gc,phases      ] GC(239)   ResolvedMethodTable Weak       Min:  0.0, Avg:  0.0, Max:  0.0, Diff:  0.0, Sum:  0.1, Workers: 4
[3555.327s][debug][gc,phases      ] GC(239)     Dead                           Min: 0, Avg:  0.0, Max: 0, Diff: 0, Sum: 0, Workers: 4
[3555.327s][debug][gc,phases      ] GC(239)     Total                          Min: 0, Avg: 2283.8, Max: 5832, Diff: 5832, Sum: 9135, Workers: 4
[3555.327s][debug][gc,phases      ] GC(239)   JNI Weak                       Min:  0.0, Avg:  0.0, Max:  0.0, Diff:  0.0, Sum:  0.0, Workers: 4
[3555.327s][debug][gc,phases      ] GC(239)     Dead                           Min: 0, Avg:  0.0, Max: 0, Diff: 0, Sum: 0, Workers: 4
[3555.327s][debug][gc,phases      ] GC(239)     Total                          Min: 0, Avg: 11.2, Max: 45, Diff: 45, Sum: 45, Workers: 4
[3555.327s][debug][gc,phases      ] GC(239)   StringDedup Table Weak         Min:  0.0, Avg:  0.0, Max:  0.0, Diff:  0.0, Sum:  0.0, Workers: 4
[3555.327s][debug][gc,phases      ] GC(239)     Dead                           Min: 0, Avg:  0.0, Max: 0, Diff: 0, Sum: 0, Workers: 4
[3555.327s][debug][gc,phases      ] GC(239)     Total                          Min: 0, Avg:  0.0, Max: 0, Diff: 0, Sum: 0, Workers: 4
[3555.327s][debug][gc,phases      ] GC(239)   StringDedup Requests0 Weak     Min:  0.0, Avg:  0.0, Max:  0.0, Diff:  0.0, Sum:  0.0, Workers: 4
[3555.327s][debug][gc,phases      ] GC(239)     Dead                           Min: 0, Avg:  0.0, Max: 0, Diff: 0, Sum: 0, Workers: 4
[3555.327s][debug][gc,phases      ] GC(239)     Total                          Min: 0, Avg:  0.0, Max: 0, Diff: 0, Sum: 0, Workers: 4
[3555.327s][debug][gc,phases      ] GC(239)   StringDedup Requests1 Weak     Min:  0.0, Avg:  0.0, Max:  0.0, Diff:  0.0, Sum:  0.0, Workers: 4
[3555.327s][debug][gc,phases      ] GC(239)     Dead                           Min: 0, Avg:  0.0, Max: 0, Diff: 0, Sum: 0, Workers: 4
[3555.327s][debug][gc,phases      ] GC(239)     Total                          Min: 0, Avg:  0.0, Max: 0, Diff: 0, Sum: 0, Workers: 4
[3555.327s][debug][gc,phases      ] GC(239)   Weak JFR Old Object Samples    Min:  0.0, Avg:  0.0, Max:  0.0, Diff:  0.0, Sum:  0.0, Workers: 4
[3555.327s][debug][gc,phases      ] GC(239)     Dead                           Min: 0, Avg:  0.0, Max: 0, Diff: 0, Sum: 0, Workers: 4
[3555.327s][debug][gc,phases      ] GC(239)     Total                          Min: 0, Avg:  0.0, Max: 0, Diff: 0, Sum: 0, Workers: 4
[3555.327s][debug][gc,phases      ] GC(239) Weak Processing 0.406ms
[3555.327s][debug][gc,age         ] GC(239) Desired survivor size 524288 bytes, new threshold 15 (max threshold 15)
[3555.327s][info ][gc,heap        ] GC(239) PSYoungGen: 2096256K(2096640K)->160K(2096640K) Eden: 2096128K(2096128K)->0K(2096128K) From: 128K(512K)->160K(512K)
[3555.327s][info ][gc,heap        ] GC(239) ParOldGen: 236646K(324096K)->236646K(324096K)
[3555.327s][info ][gc,metaspace   ] GC(239) Metaspace: 80223K(81152K)->80223K(81152K) NonClass: 68496K(68992K)->68496K(68992K) Class: 11727K(12160K)->11727K(12160K)
[3555.327s][info ][gc             ] GC(239) Pause Young (Allocation Failure) 2278M->231M(2364M) 3.180ms
[3555.327s][info ][gc,cpu         ] GC(239) User=0.01s Sys=0.00s Real=0.00s
[3555.327s][info ][safepoint      ] Safepoint "ParallelGCFailedAllocation", Time since last: 16399978981 ns, Reaching safepoint: 4000 ns, Cleanup: 37200 ns, At safepoint: 3236615 ns, Total: 3277815 ns
[3571.724s][info ][gc,start       ] GC(240) Pause Young (Allocation Failure)
[3571.726s][debug][gc,phases      ] GC(240) Scavenge 2.038ms
[3571.726s][debug][gc,ref         ] GC(240) Skipped phase 1 of Reference Processing: no references
[3571.726s][debug][gc,ref         ] GC(240) Skipped phase 2 of Reference Processing: no references
[3571.726s][debug][gc,ref         ] GC(240) Skipped phase 3 of Reference Processing: no references
[3571.726s][debug][gc,ref         ] GC(240) Skipped phase 4 of Reference Processing: no references
[3571.726s][debug][gc,phases      ] GC(240) Reference Processing 0.020ms
[3571.727s][debug][gc,phases      ] GC(240)   VM Weak                        Min:  0.0, Avg:  0.0, Max:  0.0, Diff:  0.0, Sum:  0.0, Workers: 4
[3571.727s][debug][gc,phases      ] GC(240)     Dead                           Min: 0, Avg:  0.0, Max: 0, Diff: 0, Sum: 0, Workers: 4
[3571.727s][debug][gc,phases      ] GC(240)     Total                          Min: 0, Avg: 172.8, Max: 320, Diff: 320, Sum: 691, Workers: 4
[3571.727s][debug][gc,phases      ] GC(240)   ObjectSynchronizer Weak        Min:  0.0, Avg:  0.0, Max:  0.0, Diff:  0.0, Sum:  0.0, Workers: 4
[3571.727s][debug][gc,phases      ] GC(240)     Dead                           Min: 0, Avg:  0.0, Max: 0, Diff: 0, Sum: 0, Workers: 4
[3571.727s][debug][gc,phases      ] GC(240)     Total                          Min: 0, Avg:  1.0, Max: 4, Diff: 4, Sum: 4, Workers: 4
[3571.727s][debug][gc,phases      ] GC(240)   JVMTI Tag Weak OopStorage      Min:  0.0, Avg:  0.0, Max:  0.0, Diff:  0.0, Sum:  0.0, Workers: 4
[3571.727s][debug][gc,phases      ] GC(240)     Dead                           Min: 0, Avg:  0.0, Max: 0, Diff: 0, Sum: 0, Workers: 4
[3571.727s][debug][gc,phases      ] GC(240)     Total                          Min: 0, Avg:  0.0, Max: 0, Diff: 0, Sum: 0, Workers: 4
[3571.727s][debug][gc,phases      ] GC(240)   StringTable Weak               Min:  0.0, Avg:  0.1, Max:  0.1, Diff:  0.1, Sum:  0.4, Workers: 4
[3571.727s][debug][gc,phases      ] GC(240)     Dead                           Min: 0, Avg:  0.0, Max: 0, Diff: 0, Sum: 0, Workers: 4
[3571.727s][debug][gc,phases      ] GC(240)     Total                          Min: 0, Avg: 10710.2, Max: 18816, Diff: 18816, Sum: 42841, Workers: 4
[3571.727s][debug][gc,phases      ] GC(240)   ResolvedMethodTable Weak       Min:  0.0, Avg:  0.0, Max:  0.0, Diff:  0.0, Sum:  0.1, Workers: 4
[3571.727s][debug][gc,phases      ] GC(240)     Dead                           Min: 0, Avg:  0.0, Max: 0, Diff: 0, Sum: 0, Workers: 4
[3571.727s][debug][gc,phases      ] GC(240)     Total                          Min: 0, Avg: 2283.8, Max: 3333, Diff: 3333, Sum: 9135, Workers: 4
[3571.727s][debug][gc,phases      ] GC(240)   JNI Weak                       Min:  0.0, Avg:  0.0, Max:  0.0, Diff:  0.0, Sum:  0.0, Workers: 4
[3571.727s][debug][gc,phases      ] GC(240)     Dead                           Min: 0, Avg:  0.0, Max: 0, Diff: 0, Sum: 0, Workers: 4
[3571.727s][debug][gc,phases      ] GC(240)     Total                          Min: 0, Avg: 11.2, Max: 45, Diff: 45, Sum: 45, Workers: 4
[3571.727s][debug][gc,phases      ] GC(240)   StringDedup Table Weak         Min:  0.0, Avg:  0.0, Max:  0.0, Diff:  0.0, Sum:  0.0, Workers: 4
[3571.727s][debug][gc,phases      ] GC(240)     Dead                           Min: 0, Avg:  0.0, Max: 0, Diff: 0, Sum: 0, Workers: 4
[3571.727s][debug][gc,phases      ] GC(240)     Total                          Min: 0, Avg:  0.0, Max: 0, Diff: 0, Sum: 0, Workers: 4
[3571.727s][debug][gc,phases      ] GC(240)   StringDedup Requests0 Weak     Min:  0.0, Avg:  0.0, Max:  0.0, Diff:  0.0, Sum:  0.0, Workers: 4
[3571.727s][debug][gc,phases      ] GC(240)     Dead                           Min: 0, Avg:  0.0, Max: 0, Diff: 0, Sum: 0, Workers: 4
[3571.727s][debug][gc,phases      ] GC(240)     Total                          Min: 0, Avg:  0.0, Max: 0, Diff: 0, Sum: 0, Workers: 4
[3571.727s][debug][gc,phases      ] GC(240)   StringDedup Requests1 Weak     Min:  0.0, Avg:  0.0, Max:  0.0, Diff:  0.0, Sum:  0.0, Workers: 4
[3571.727s][debug][gc,phases      ] GC(240)     Dead                           Min: 0, Avg:  0.0, Max: 0, Diff: 0, Sum: 0, Workers: 4
[3571.727s][debug][gc,phases      ] GC(240)     Total                          Min: 0, Avg:  0.0, Max: 0, Diff: 0, Sum: 0, Workers: 4
[3571.727s][debug][gc,phases      ] GC(240)   Weak JFR Old Object Samples    Min:  0.0, Avg:  0.0, Max:  0.0, Diff:  0.0, Sum:  0.0, Workers: 4
[3571.727s][debug][gc,phases      ] GC(240)     Dead                           Min: 0, Avg:  0.0, Max: 0, Diff: 0, Sum: 0, Workers: 4
[3571.727s][debug][gc,phases      ] GC(240)     Total                          Min: 0, Avg:  0.0, Max: 0, Diff: 0, Sum: 0, Workers: 4
[3571.727s][debug][gc,phases      ] GC(240) Weak Processing 0.364ms
[3571.727s][debug][gc,age         ] GC(240) Desired survivor size 524288 bytes, new threshold 15 (max threshold 15)
[3571.727s][info ][gc,heap        ] GC(240) PSYoungGen: 2096288K(2096640K)->256K(2096640K) Eden: 2096128K(2096128K)->0K(2096128K) From: 160K(512K)->256K(512K)
[3571.727s][info ][gc,heap        ] GC(240) ParOldGen: 236646K(324096K)->236670K(324096K)
[3571.727s][info ][gc,metaspace   ] GC(240) Metaspace: 80223K(81152K)->80223K(81152K) NonClass: 68496K(68992K)->68496K(68992K) Class: 11727K(12160K)->11727K(12160K)
[3571.727s][info ][gc             ] GC(240) Pause Young (Allocation Failure) 2278M->231M(2364M) 2.533ms
[3571.727s][info ][gc,cpu         ] GC(240) User=0.01s Sys=0.00s Real=0.00s
[3571.727s][info ][safepoint      ] Safepoint "ParallelGCFailedAllocation", Time since last: 16397128141 ns, Reaching safepoint: 3900 ns, Cleanup: 48500 ns, At safepoint: 2586312 ns, Total: 2638712 ns
[3588.173s][info ][gc,start       ] GC(241) Pause Young (Allocation Failure)
[3588.174s][debug][gc,phases      ] GC(241) Scavenge 1.298ms
[3588.174s][debug][gc,ref         ] GC(241) Skipped phase 1 of Reference Processing: no references
[3588.174s][debug][gc,ref         ] GC(241) Skipped phase 2 of Reference Processing: no references
[3588.174s][debug][gc,ref         ] GC(241) Skipped phase 3 of Reference Processing: no references
[3588.174s][debug][gc,ref         ] GC(241) Skipped phase 4 of Reference Processing: no references
[3588.174s][debug][gc,phases      ] GC(241) Reference Processing 0.019ms
[3588.174s][debug][gc,phases      ] GC(241)   VM Weak                        Min:  0.0, Avg:  0.0, Max:  0.0, Diff:  0.0, Sum:  0.0, Workers: 4
[3588.174s][debug][gc,phases      ] GC(241)     Dead                           Min: 0, Avg:  0.0, Max: 0, Diff: 0, Sum: 0, Workers: 4
[3588.174s][debug][gc,phases      ] GC(241)     Total                          Min: 0, Avg: 172.8, Max: 691, Diff: 691, Sum: 691, Workers: 4
[3588.174s][debug][gc,phases      ] GC(241)   ObjectSynchronizer Weak        Min:  0.0, Avg:  0.0, Max:  0.0, Diff:  0.0, Sum:  0.0, Workers: 4
[3588.174s][debug][gc,phases      ] GC(241)     Dead                           Min: 0, Avg:  0.0, Max: 0, Diff: 0, Sum: 0, Workers: 4
[3588.174s][debug][gc,phases      ] GC(241)     Total                          Min: 0, Avg:  1.0, Max: 4, Diff: 4, Sum: 4, Workers: 4
[3588.174s][debug][gc,phases      ] GC(241)   JVMTI Tag Weak OopStorage      Min:  0.0, Avg:  0.0, Max:  0.0, Diff:  0.0, Sum:  0.0, Workers: 4
[3588.174s][debug][gc,phases      ] GC(241)     Dead                           Min: 0, Avg:  0.0, Max: 0, Diff: 0, Sum: 0, Workers: 4
[3588.174s][debug][gc,phases      ] GC(241)     Total                          Min: 0, Avg:  0.0, Max: 0, Diff: 0, Sum: 0, Workers: 4
[3588.174s][debug][gc,phases      ] GC(241)   StringTable Weak               Min:  0.0, Avg:  0.1, Max:  0.1, Diff:  0.1, Sum:  0.4, Workers: 4
[3588.174s][debug][gc,phases      ] GC(241)     Dead                           Min: 0, Avg:  0.0, Max: 0, Diff: 0, Sum: 0, Workers: 4
[3588.174s][debug][gc,phases      ] GC(241)     Total                          Min: 0, Avg: 10710.2, Max: 16640, Diff: 16640, Sum: 42841, Workers: 4
[3588.174s][debug][gc,phases      ] GC(241)   ResolvedMethodTable Weak       Min:  0.0, Avg:  0.0, Max:  0.0, Diff:  0.0, Sum:  0.1, Workers: 4
[3588.174s][debug][gc,phases      ] GC(241)     Dead                           Min: 0, Avg:  0.0, Max: 0, Diff: 0, Sum: 0, Workers: 4
[3588.174s][debug][gc,phases      ] GC(241)     Total                          Min: 0, Avg: 2283.8, Max: 3609, Diff: 3609, Sum: 9135, Workers: 4
[3588.174s][debug][gc,phases      ] GC(241)   JNI Weak                       Min:  0.0, Avg:  0.0, Max:  0.0, Diff:  0.0, Sum:  0.0, Workers: 4
[3588.174s][debug][gc,phases      ] GC(241)     Dead                           Min: 0, Avg:  0.0, Max: 0, Diff: 0, Sum: 0, Workers: 4
[3588.175s][debug][gc,phases      ] GC(241)     Total                          Min: 0, Avg: 11.2, Max: 45, Diff: 45, Sum: 45, Workers: 4
[3588.175s][debug][gc,phases      ] GC(241)   StringDedup Table Weak         Min:  0.0, Avg:  0.0, Max:  0.0, Diff:  0.0, Sum:  0.0, Workers: 4
[3588.175s][debug][gc,phases      ] GC(241)     Dead                           Min: 0, Avg:  0.0, Max: 0, Diff: 0, Sum: 0, Workers: 4
[3588.175s][debug][gc,phases      ] GC(241)     Total                          Min: 0, Avg:  0.0, Max: 0, Diff: 0, Sum: 0, Workers: 4
[3588.175s][debug][gc,phases      ] GC(241)   StringDedup Requests0 Weak     Min:  0.0, Avg:  0.0, Max:  0.0, Diff:  0.0, Sum:  0.0, Workers: 4
[3588.175s][debug][gc,phases      ] GC(241)     Dead                           Min: 0, Avg:  0.0, Max: 0, Diff: 0, Sum: 0, Workers: 4
[3588.175s][debug][gc,phases      ] GC(241)     Total                          Min: 0, Avg:  0.0, Max: 0, Diff: 0, Sum: 0, Workers: 4
[3588.175s][debug][gc,phases      ] GC(241)   StringDedup Requests1 Weak     Min:  0.0, Avg:  0.0, Max:  0.0, Diff:  0.0, Sum:  0.0, Workers: 4
[3588.175s][debug][gc,phases      ] GC(241)     Dead                           Min: 0, Avg:  0.0, Max: 0, Diff: 0, Sum: 0, Workers: 4
[3588.175s][debug][gc,phases      ] GC(241)     Total                          Min: 0, Avg:  0.0, Max: 0, Diff: 0, Sum: 0, Workers: 4
[3588.175s][debug][gc,phases      ] GC(241)   Weak JFR Old Object Samples    Min:  0.0, Avg:  0.0, Max:  0.0, Diff:  0.0, Sum:  0.0, Workers: 4
[3588.175s][debug][gc,phases      ] GC(241)     Dead                           Min: 0, Avg:  0.0, Max: 0, Diff: 0, Sum: 0, Workers: 4
[3588.175s][debug][gc,phases      ] GC(241)     Total                          Min: 0, Avg:  0.0, Max: 0, Diff: 0, Sum: 0, Workers: 4
[3588.175s][debug][gc,phases      ] GC(241) Weak Processing 0.357ms
[3588.175s][debug][gc,age         ] GC(241) Desired survivor size 524288 bytes, new threshold 15 (max threshold 15)
[3588.175s][info ][gc,heap        ] GC(241) PSYoungGen: 2096384K(2096640K)->128K(2096640K) Eden: 2096128K(2096128K)->0K(2096128K) From: 256K(512K)->128K(512K)
[3588.175s][info ][gc,heap        ] GC(241) ParOldGen: 236670K(324096K)->236678K(324096K)
[3588.175s][info ][gc,metaspace   ] GC(241) Metaspace: 80223K(81152K)->80223K(81152K) NonClass: 68496K(68992K)->68496K(68992K) Class: 11727K(12160K)->11727K(12160K)
[3588.175s][info ][gc             ] GC(241) Pause Young (Allocation Failure) 2278M->231M(2364M) 1.776ms
[3588.175s][info ][gc,cpu         ] GC(241) User=0.00s Sys=0.00s Real=0.00s
[3588.175s][info ][safepoint      ] Safepoint "ParallelGCFailedAllocation", Time since last: 16445866872 ns, Reaching safepoint: 5600 ns, Cleanup: 26600 ns, At safepoint: 1836710 ns, Total: 1868910 ns
[3602.176s][info ][safepoint      ] Safepoint "Cleanup", Time since last: 14000975315 ns, Reaching safepoint: 75201 ns, Cleanup: 51200 ns, At safepoint: 11400 ns, Total: 137801 ns
[3604.222s][info ][gc,start       ] GC(242) Pause Young (Allocation Failure)
[3604.224s][debug][gc,phases      ] GC(242) Scavenge 2.047ms
[3604.224s][debug][gc,ref         ] GC(242) Skipped phase 1 of Reference Processing: no references
[3604.224s][debug][gc,ref         ] GC(242) Skipped phase 2 of Reference Processing: no references
[3604.224s][debug][gc,ref         ] GC(242) Skipped phase 3 of Reference Processing: no references
[3604.224s][debug][gc,ref         ] GC(242) Skipped phase 4 of Reference Processing: no references
[3604.224s][debug][gc,phases      ] GC(242) Reference Processing 0.039ms
[3604.225s][debug][gc,phases      ] GC(242)   VM Weak                        Min:  0.0, Avg:  0.0, Max:  0.0, Diff:  0.0, Sum:  0.0, Workers: 4
[3604.225s][debug][gc,phases      ] GC(242)     Dead                           Min: 0, Avg:  0.0, Max: 0, Diff: 0, Sum: 0, Workers: 4
[3604.225s][debug][gc,phases      ] GC(242)     Total                          Min: 0, Avg: 172.8, Max: 384, Diff: 384, Sum: 691, Workers: 4
[3604.225s][debug][gc,phases      ] GC(242)   ObjectSynchronizer Weak        Min:  0.0, Avg:  0.0, Max:  0.0, Diff:  0.0, Sum:  0.0, Workers: 4
[3604.225s][debug][gc,phases      ] GC(242)     Dead                           Min: 0, Avg:  0.0, Max: 0, Diff: 0, Sum: 0, Workers: 4
[3604.225s][debug][gc,phases      ] GC(242)     Total                          Min: 0, Avg:  1.0, Max: 4, Diff: 4, Sum: 4, Workers: 4
[3604.225s][debug][gc,phases      ] GC(242)   JVMTI Tag Weak OopStorage      Min:  0.0, Avg:  0.0, Max:  0.0, Diff:  0.0, Sum:  0.0, Workers: 4
[3604.225s][debug][gc,phases      ] GC(242)     Dead                           Min: 0, Avg:  0.0, Max: 0, Diff: 0, Sum: 0, Workers: 4
[3604.225s][debug][gc,phases      ] GC(242)     Total                          Min: 0, Avg:  0.0, Max: 0, Diff: 0, Sum: 0, Workers: 4
[3604.225s][debug][gc,phases      ] GC(242)   StringTable Weak               Min:  0.1, Avg:  0.1, Max:  0.1, Diff:  0.0, Sum:  0.5, Workers: 4
[3604.225s][debug][gc,phases      ] GC(242)     Dead                           Min: 0, Avg:  0.0, Max: 0, Diff: 0, Sum: 0, Workers: 4
[3604.225s][debug][gc,phases      ] GC(242)     Total                          Min: 10240, Avg: 10710.2, Max: 11097, Diff: 857, Sum: 42841, Workers: 4
[3604.225s][debug][gc,phases      ] GC(242)   ResolvedMethodTable Weak       Min:  0.0, Avg:  0.0, Max:  0.0, Diff:  0.0, Sum:  0.1, Workers: 4
[3604.225s][debug][gc,phases      ] GC(242)     Dead                           Min: 0, Avg:  0.0, Max: 0, Diff: 0, Sum: 0, Workers: 4
[3604.225s][debug][gc,phases      ] GC(242)     Total                          Min: 1531, Avg: 2283.8, Max: 2573, Diff: 1042, Sum: 9135, Workers: 4
[3604.225s][debug][gc,phases      ] GC(242)   JNI Weak                       Min:  0.0, Avg:  0.0, Max:  0.0, Diff:  0.0, Sum:  0.0, Workers: 4
[3604.225s][debug][gc,phases      ] GC(242)     Dead                           Min: 0, Avg:  0.0, Max: 0, Diff: 0, Sum: 0, Workers: 4
[3604.225s][debug][gc,phases      ] GC(242)     Total                          Min: 0, Avg: 11.2, Max: 45, Diff: 45, Sum: 45, Workers: 4
[3604.225s][debug][gc,phases      ] GC(242)   StringDedup Table Weak         Min:  0.0, Avg:  0.0, Max:  0.0, Diff:  0.0, Sum:  0.0, Workers: 4
[3604.225s][debug][gc,phases      ] GC(242)     Dead                           Min: 0, Avg:  0.0, Max: 0, Diff: 0, Sum: 0, Workers: 4
[3604.225s][debug][gc,phases      ] GC(242)     Total                          Min: 0, Avg:  0.0, Max: 0, Diff: 0, Sum: 0, Workers: 4
[3604.225s][debug][gc,phases      ] GC(242)   StringDedup Requests0 Weak     Min:  0.0, Avg:  0.0, Max:  0.0, Diff:  0.0, Sum:  0.0, Workers: 4
[3604.225s][debug][gc,phases      ] GC(242)     Dead                           Min: 0, Avg:  0.0, Max: 0, Diff: 0, Sum: 0, Workers: 4
[3604.225s][debug][gc,phases      ] GC(242)     Total                          Min: 0, Avg:  0.0, Max: 0, Diff: 0, Sum: 0, Workers: 4
[3604.225s][debug][gc,phases      ] GC(242)   StringDedup Requests1 Weak     Min:  0.0, Avg:  0.0, Max:  0.0, Diff:  0.0, Sum:  0.0, Workers: 4
[3604.225s][debug][gc,phases      ] GC(242)     Dead                           Min: 0, Avg:  0.0, Max: 0, Diff: 0, Sum: 0, Workers: 4
[3604.225s][debug][gc,phases      ] GC(242)     Total                          Min: 0, Avg:  0.0, Max: 0, Diff: 0, Sum: 0, Workers: 4
[3604.225s][debug][gc,phases      ] GC(242)   Weak JFR Old Object Samples    Min:  0.0, Avg:  0.0, Max:  0.0, Diff:  0.0, Sum:  0.0, Workers: 4
[3604.225s][debug][gc,phases      ] GC(242)     Dead                           Min: 0, Avg:  0.0, Max: 0, Diff: 0, Sum: 0, Workers: 4
[3604.225s][debug][gc,phases      ] GC(242)     Total                          Min: 0, Avg:  0.0, Max: 0, Diff: 0, Sum: 0, Workers: 4
[3604.225s][debug][gc,phases      ] GC(242) Weak Processing 0.332ms
[3604.225s][debug][gc,age         ] GC(242) Desired survivor size 524288 bytes, new threshold 15 (max threshold 15)
[3604.225s][info ][gc,heap        ] GC(242) PSYoungGen: 2096256K(2096640K)->128K(2096640K) Eden: 2096128K(2096128K)->0K(2096128K) From: 128K(512K)->128K(512K)
[3604.225s][info ][gc,heap        ] GC(242) ParOldGen: 236678K(324096K)->236678K(324096K)
[3604.225s][info ][gc,metaspace   ] GC(242) Metaspace: 80232K(81152K)->80232K(81152K) NonClass: 68505K(68992K)->68505K(68992K) Class: 11727K(12160K)->11727K(12160K)
[3604.225s][info ][gc             ] GC(242) Pause Young (Allocation Failure) 2278M->231M(2364M) 2.504ms
[3604.225s][info ][gc,cpu         ] GC(242) User=0.00s Sys=0.00s Real=0.00s
[3604.225s][info ][safepoint      ] Safepoint "ParallelGCFailedAllocation", Time since last: 2046401393 ns, Reaching safepoint: 73301 ns, Cleanup: 46300 ns, At safepoint: 2570613 ns, Total: 2690214 ns
[3613.226s][info ][safepoint      ] Safepoint "Cleanup", Time since last: 9000641101 ns, Reaching safepoint: 75601 ns, Cleanup: 58500 ns, At safepoint: 6400 ns, Total: 140501 ns
[3620.524s][info ][gc,start       ] GC(243) Pause Young (Allocation Failure)
[3620.525s][debug][gc,phases      ] GC(243) Scavenge 1.261ms
[3620.525s][debug][gc,ref         ] GC(243) Skipped phase 1 of Reference Processing: no references
[3620.525s][debug][gc,ref         ] GC(243) Skipped phase 2 of Reference Processing: no references
[3620.525s][debug][gc,ref         ] GC(243) Skipped phase 3 of Reference Processing: no references
[3620.525s][debug][gc,ref         ] GC(243) Skipped phase 4 of Reference Processing: no references
[3620.525s][debug][gc,phases      ] GC(243) Reference Processing 0.020ms
[3620.525s][debug][gc,phases      ] GC(243)   VM Weak                        Min:  0.0, Avg:  0.0, Max:  0.0, Diff:  0.0, Sum:  0.0, Workers: 4
[3620.525s][debug][gc,phases      ] GC(243)     Dead                           Min: 0, Avg:  0.0, Max: 0, Diff: 0, Sum: 0, Workers: 4
[3620.525s][debug][gc,phases      ] GC(243)     Total                          Min: 0, Avg: 172.8, Max: 563, Diff: 563, Sum: 691, Workers: 4
[3620.525s][debug][gc,phases      ] GC(243)   ObjectSynchronizer Weak        Min:  0.0, Avg:  0.0, Max:  0.0, Diff:  0.0, Sum:  0.0, Workers: 4
[3620.525s][debug][gc,phases      ] GC(243)     Dead                           Min: 0, Avg:  0.0, Max: 0, Diff: 0, Sum: 0, Workers: 4
[3620.525s][debug][gc,phases      ] GC(243)     Total                          Min: 0, Avg:  1.0, Max: 4, Diff: 4, Sum: 4, Workers: 4
[3620.525s][debug][gc,phases      ] GC(243)   JVMTI Tag Weak OopStorage      Min:  0.0, Avg:  0.0, Max:  0.0, Diff:  0.0, Sum:  0.0, Workers: 4
[3620.525s][debug][gc,phases      ] GC(243)     Dead                           Min: 0, Avg:  0.0, Max: 0, Diff: 0, Sum: 0, Workers: 4
[3620.525s][debug][gc,phases      ] GC(243)     Total                          Min: 0, Avg:  0.0, Max: 0, Diff: 0, Sum: 0, Workers: 4
[3620.525s][debug][gc,phases      ] GC(243)   StringTable Weak               Min:  0.1, Avg:  0.1, Max:  0.1, Diff:  0.1, Sum:  0.4, Workers: 4
[3620.525s][debug][gc,phases      ] GC(243)     Dead                           Min: 0, Avg:  0.0, Max: 0, Diff: 0, Sum: 0, Workers: 4
[3620.525s][debug][gc,phases      ] GC(243)     Total                          Min: 5981, Avg: 10711.2, Max: 12992, Diff: 7011, Sum: 42845, Workers: 4
[3620.525s][debug][gc,phases      ] GC(243)   ResolvedMethodTable Weak       Min:  0.0, Avg:  0.0, Max:  0.0, Diff:  0.0, Sum:  0.1, Workers: 4
[3620.525s][debug][gc,phases      ] GC(243)     Dead                           Min: 0, Avg:  0.0, Max: 0, Diff: 0, Sum: 0, Workers: 4
[3620.525s][debug][gc,phases      ] GC(243)     Total                          Min: 2197, Avg: 2283.8, Max: 2391, Diff: 194, Sum: 9135, Workers: 4
[3620.525s][debug][gc,phases      ] GC(243)   JNI Weak                       Min:  0.0, Avg:  0.0, Max:  0.0, Diff:  0.0, Sum:  0.0, Workers: 4
[3620.525s][debug][gc,phases      ] GC(243)     Dead                           Min: 0, Avg:  0.0, Max: 0, Diff: 0, Sum: 0, Workers: 4
[3620.525s][debug][gc,phases      ] GC(243)     Total                          Min: 0, Avg: 11.2, Max: 45, Diff: 45, Sum: 45, Workers: 4
[3620.525s][debug][gc,phases      ] GC(243)   StringDedup Table Weak         Min:  0.0, Avg:  0.0, Max:  0.0, Diff:  0.0, Sum:  0.0, Workers: 4
[3620.525s][debug][gc,phases      ] GC(243)     Dead                           Min: 0, Avg:  0.0, Max: 0, Diff: 0, Sum: 0, Workers: 4
[3620.525s][debug][gc,phases      ] GC(243)     Total                          Min: 0, Avg:  0.0, Max: 0, Diff: 0, Sum: 0, Workers: 4
[3620.525s][debug][gc,phases      ] GC(243)   StringDedup Requests0 Weak     Min:  0.0, Avg:  0.0, Max:  0.0, Diff:  0.0, Sum:  0.0, Workers: 4
[3620.525s][debug][gc,phases      ] GC(243)     Dead                           Min: 0, Avg:  0.0, Max: 0, Diff: 0, Sum: 0, Workers: 4
[3620.525s][debug][gc,phases      ] GC(243)     Total                          Min: 0, Avg:  0.0, Max: 0, Diff: 0, Sum: 0, Workers: 4
[3620.525s][debug][gc,phases      ] GC(243)   StringDedup Requests1 Weak     Min:  0.0, Avg:  0.0, Max:  0.0, Diff:  0.0, Sum:  0.0, Workers: 4
[3620.525s][debug][gc,phases      ] GC(243)     Dead                           Min: 0, Avg:  0.0, Max: 0, Diff: 0, Sum: 0, Workers: 4
[3620.525s][debug][gc,phases      ] GC(243)     Total                          Min: 0, Avg:  0.0, Max: 0, Diff: 0, Sum: 0, Workers: 4
[3620.525s][debug][gc,phases      ] GC(243)   Weak JFR Old Object Samples    Min:  0.0, Avg:  0.0, Max:  0.0, Diff:  0.0, Sum:  0.0, Workers: 4
[3620.525s][debug][gc,phases      ] GC(243)     Dead                           Min: 0, Avg:  0.0, Max: 0, Diff: 0, Sum: 0, Workers: 4
[3620.525s][debug][gc,phases      ] GC(243)     Total                          Min: 0, Avg:  0.0, Max: 0, Diff: 0, Sum: 0, Workers: 4
[3620.525s][debug][gc,phases      ] GC(243) Weak Processing 0.332ms
[3620.525s][debug][gc,age         ] GC(243) Desired survivor size 524288 bytes, new threshold 15 (max threshold 15)
[3620.525s][info ][gc,heap        ] GC(243) PSYoungGen: 2096256K(2096640K)->128K(2096640K) Eden: 2096128K(2096128K)->0K(2096128K) From: 128K(512K)->128K(512K)
[3620.525s][info ][gc,heap        ] GC(243) ParOldGen: 236678K(324096K)->236686K(324096K)
[3620.525s][info ][gc,metaspace   ] GC(243) Metaspace: 80235K(81152K)->80235K(81152K) NonClass: 68508K(68992K)->68508K(68992K) Class: 11727K(12160K)->11727K(12160K)
[3620.525s][info ][gc             ] GC(243) Pause Young (Allocation Failure) 2278M->231M(2364M) 1.692ms
[3620.525s][info ][gc,cpu         ] GC(243) User=0.01s Sys=0.00s Real=0.00s
[3620.525s][info ][safepoint      ] Safepoint "ParallelGCFailedAllocation", Time since last: 7297913707 ns, Reaching safepoint: 4500 ns, Cleanup: 24300 ns, At safepoint: 1771408 ns, Total: 1800208 ns
[3636.924s][info ][gc,start       ] GC(244) Pause Young (Allocation Failure)
[3636.925s][debug][gc,phases      ] GC(244) Scavenge 1.335ms
[3636.925s][debug][gc,ref         ] GC(244) Skipped phase 1 of Reference Processing: no references
[3636.925s][debug][gc,ref         ] GC(244) Skipped phase 2 of Reference Processing: no references
[3636.925s][debug][gc,ref         ] GC(244) Skipped phase 3 of Reference Processing: no references
[3636.925s][debug][gc,ref         ] GC(244) Skipped phase 4 of Reference Processing: no references
[3636.925s][debug][gc,phases      ] GC(244) Reference Processing 0.033ms
[3636.926s][debug][gc,phases      ] GC(244)   VM Weak                        Min:  0.0, Avg:  0.0, Max:  0.0, Diff:  0.0, Sum:  0.0, Workers: 4
[3636.926s][debug][gc,phases      ] GC(244)     Dead                           Min: 0, Avg:  0.0, Max: 0, Diff: 0, Sum: 0, Workers: 4
[3636.926s][debug][gc,phases      ] GC(244)     Total                          Min: 0, Avg: 172.8, Max: 512, Diff: 512, Sum: 691, Workers: 4
[3636.926s][debug][gc,phases      ] GC(244)   ObjectSynchronizer Weak        Min:  0.0, Avg:  0.0, Max:  0.0, Diff:  0.0, Sum:  0.0, Workers: 4
[3636.926s][debug][gc,phases      ] GC(244)     Dead                           Min: 0, Avg:  0.0, Max: 0, Diff: 0, Sum: 0, Workers: 4
[3636.926s][debug][gc,phases      ] GC(244)     Total                          Min: 0, Avg:  1.0, Max: 4, Diff: 4, Sum: 4, Workers: 4
[3636.926s][debug][gc,phases      ] GC(244)   JVMTI Tag Weak OopStorage      Min:  0.0, Avg:  0.0, Max:  0.0, Diff:  0.0, Sum:  0.0, Workers: 4
[3636.926s][debug][gc,phases      ] GC(244)     Dead                           Min: 0, Avg:  0.0, Max: 0, Diff: 0, Sum: 0, Workers: 4
[3636.926s][debug][gc,phases      ] GC(244)     Total                          Min: 0, Avg:  0.0, Max: 0, Diff: 0, Sum: 0, Workers: 4
[3636.926s][debug][gc,phases      ] GC(244)   StringTable Weak               Min:  0.0, Avg:  0.1, Max:  0.1, Diff:  0.1, Sum:  0.4, Workers: 4
[3636.926s][debug][gc,phases      ] GC(244)     Dead                           Min: 0, Avg:  0.0, Max: 0, Diff: 0, Sum: 0, Workers: 4
[3636.926s][debug][gc,phases      ] GC(244)     Total                          Min: 0, Avg: 10711.2, Max: 17792, Diff: 17792, Sum: 42845, Workers: 4
[3636.926s][debug][gc,phases      ] GC(244)   ResolvedMethodTable Weak       Min:  0.0, Avg:  0.0, Max:  0.0, Diff:  0.0, Sum:  0.1, Workers: 4
[3636.926s][debug][gc,phases      ] GC(244)     Dead                           Min: 0, Avg:  0.0, Max: 0, Diff: 0, Sum: 0, Workers: 4
[3636.926s][debug][gc,phases      ] GC(244)     Total                          Min: 0, Avg: 2283.8, Max: 4049, Diff: 4049, Sum: 9135, Workers: 4
[3636.926s][debug][gc,phases      ] GC(244)   JNI Weak                       Min:  0.0, Avg:  0.0, Max:  0.0, Diff:  0.0, Sum:  0.0, Workers: 4
[3636.926s][debug][gc,phases      ] GC(244)     Dead                           Min: 0, Avg:  0.0, Max: 0, Diff: 0, Sum: 0, Workers: 4
[3636.926s][debug][gc,phases      ] GC(244)     Total                          Min: 0, Avg: 11.2, Max: 45, Diff: 45, Sum: 45, Workers: 4
[3636.926s][debug][gc,phases      ] GC(244)   StringDedup Table Weak         Min:  0.0, Avg:  0.0, Max:  0.0, Diff:  0.0, Sum:  0.0, Workers: 4
[3636.926s][debug][gc,phases      ] GC(244)     Dead                           Min: 0, Avg:  0.0, Max: 0, Diff: 0, Sum: 0, Workers: 4
[3636.926s][debug][gc,phases      ] GC(244)     Total                          Min: 0, Avg:  0.0, Max: 0, Diff: 0, Sum: 0, Workers: 4
[3636.926s][debug][gc,phases      ] GC(244)   StringDedup Requests0 Weak     Min:  0.0, Avg:  0.0, Max:  0.0, Diff:  0.0, Sum:  0.0, Workers: 4
[3636.926s][debug][gc,phases      ] GC(244)     Dead                           Min: 0, Avg:  0.0, Max: 0, Diff: 0, Sum: 0, Workers: 4
[3636.926s][debug][gc,phases      ] GC(244)     Total                          Min: 0, Avg:  0.0, Max: 0, Diff: 0, Sum: 0, Workers: 4
[3636.926s][debug][gc,phases      ] GC(244)   StringDedup Requests1 Weak     Min:  0.0, Avg:  0.0, Max:  0.0, Diff:  0.0, Sum:  0.0, Workers: 4
[3636.926s][debug][gc,phases      ] GC(244)     Dead                           Min: 0, Avg:  0.0, Max: 0, Diff: 0, Sum: 0, Workers: 4
[3636.926s][debug][gc,phases      ] GC(244)     Total                          Min: 0, Avg:  0.0, Max: 0, Diff: 0, Sum: 0, Workers: 4
[3636.926s][debug][gc,phases      ] GC(244)   Weak JFR Old Object Samples    Min:  0.0, Avg:  0.0, Max:  0.0, Diff:  0.0, Sum:  0.0, Workers: 4
[3636.926s][debug][gc,phases      ] GC(244)     Dead                           Min: 0, Avg:  0.0, Max: 0, Diff: 0, Sum: 0, Workers: 4
[3636.926s][debug][gc,phases      ] GC(244)     Total                          Min: 0, Avg:  0.0, Max: 0, Diff: 0, Sum: 0, Workers: 4
[3636.926s][debug][gc,phases      ] GC(244) Weak Processing 0.357ms
[3636.926s][debug][gc,age         ] GC(244) Desired survivor size 524288 bytes, new threshold 15 (max threshold 15)
[3636.926s][info ][gc,heap        ] GC(244) PSYoungGen: 2096256K(2096640K)->224K(2096640K) Eden: 2096128K(2096128K)->0K(2096128K) From: 128K(512K)->224K(512K)
[3636.926s][info ][gc,heap        ] GC(244) ParOldGen: 236686K(324096K)->236686K(324096K)
[3636.926s][info ][gc,metaspace   ] GC(244) Metaspace: 80235K(81152K)->80235K(81152K) NonClass: 68508K(68992K)->68508K(68992K) Class: 11727K(12160K)->11727K(12160K)
[3636.926s][info ][gc             ] GC(244) Pause Young (Allocation Failure) 2278M->231M(2364M) 1.812ms
[3636.926s][info ][gc,cpu         ] GC(244) User=0.00s Sys=0.00s Real=0.00s
[3636.926s][info ][safepoint      ] Safepoint "ParallelGCFailedAllocation", Time since last: 16398547469 ns, Reaching safepoint: 3200 ns, Cleanup: 44201 ns, At safepoint: 1882608 ns, Total: 1930009 ns
[3641.926s][info ][safepoint      ] Safepoint "Cleanup", Time since last: 5000360474 ns, Reaching safepoint: 74700 ns, Cleanup: 39700 ns, At safepoint: 5201 ns, Total: 119601 ns
[3653.326s][info ][gc,start       ] GC(245) Pause Young (Allocation Failure)
[3653.327s][debug][gc,phases      ] GC(245) Scavenge 1.191ms
[3653.327s][debug][gc,ref         ] GC(245) Skipped phase 1 of Reference Processing: no references
[3653.327s][debug][gc,ref         ] GC(245) Skipped phase 2 of Reference Processing: no references
[3653.327s][debug][gc,ref         ] GC(245) Skipped phase 3 of Reference Processing: no references
[3653.327s][debug][gc,ref         ] GC(245) Skipped phase 4 of Reference Processing: no references
[3653.327s][debug][gc,phases      ] GC(245) Reference Processing 0.019ms
[3653.327s][debug][gc,phases      ] GC(245)   VM Weak                        Min:  0.0, Avg:  0.0, Max:  0.0, Diff:  0.0, Sum:  0.0, Workers: 4
[3653.327s][debug][gc,phases      ] GC(245)     Dead                           Min: 0, Avg:  0.0, Max: 0, Diff: 0, Sum: 0, Workers: 4
[3653.327s][debug][gc,phases      ] GC(245)     Total                          Min: 0, Avg: 172.8, Max: 640, Diff: 640, Sum: 691, Workers: 4
[3653.327s][debug][gc,phases      ] GC(245)   ObjectSynchronizer Weak        Min:  0.0, Avg:  0.0, Max:  0.0, Diff:  0.0, Sum:  0.0, Workers: 4
[3653.327s][debug][gc,phases      ] GC(245)     Dead                           Min: 0, Avg:  0.0, Max: 0, Diff: 0, Sum: 0, Workers: 4
[3653.327s][debug][gc,phases      ] GC(245)     Total                          Min: 0, Avg:  1.0, Max: 4, Diff: 4, Sum: 4, Workers: 4
[3653.327s][debug][gc,phases      ] GC(245)   JVMTI Tag Weak OopStorage      Min:  0.0, Avg:  0.0, Max:  0.0, Diff:  0.0, Sum:  0.0, Workers: 4
[3653.327s][debug][gc,phases      ] GC(245)     Dead                           Min: 0, Avg:  0.0, Max: 0, Diff: 0, Sum: 0, Workers: 4
[3653.327s][debug][gc,phases      ] GC(245)     Total                          Min: 0, Avg:  0.0, Max: 0, Diff: 0, Sum: 0, Workers: 4
[3653.327s][debug][gc,phases      ] GC(245)   StringTable Weak               Min:  0.0, Avg:  0.1, Max:  0.1, Diff:  0.1, Sum:  0.4, Workers: 4
[3653.327s][debug][gc,phases      ] GC(245)     Dead                           Min: 0, Avg:  0.0, Max: 0, Diff: 0, Sum: 0, Workers: 4
[3653.327s][debug][gc,phases      ] GC(245)     Total                          Min: 0, Avg: 10711.2, Max: 17757, Diff: 17757, Sum: 42845, Workers: 4
[3653.327s][debug][gc,phases      ] GC(245)   ResolvedMethodTable Weak       Min:  0.0, Avg:  0.0, Max:  0.0, Diff:  0.0, Sum:  0.1, Workers: 4
[3653.327s][debug][gc,phases      ] GC(245)     Dead                           Min: 0, Avg:  0.0, Max: 0, Diff: 0, Sum: 0, Workers: 4
[3653.327s][debug][gc,phases      ] GC(245)     Total                          Min: 0, Avg: 2283.8, Max: 3796, Diff: 3796, Sum: 9135, Workers: 4
[3653.327s][debug][gc,phases      ] GC(245)   JNI Weak                       Min:  0.0, Avg:  0.0, Max:  0.0, Diff:  0.0, Sum:  0.0, Workers: 4
[3653.327s][debug][gc,phases      ] GC(245)     Dead                           Min: 0, Avg:  0.0, Max: 0, Diff: 0, Sum: 0, Workers: 4
[3653.327s][debug][gc,phases      ] GC(245)     Total                          Min: 0, Avg: 11.2, Max: 45, Diff: 45, Sum: 45, Workers: 4
[3653.327s][debug][gc,phases      ] GC(245)   StringDedup Table Weak         Min:  0.0, Avg:  0.0, Max:  0.0, Diff:  0.0, Sum:  0.0, Workers: 4
[3653.327s][debug][gc,phases      ] GC(245)     Dead                           Min: 0, Avg:  0.0, Max: 0, Diff: 0, Sum: 0, Workers: 4
[3653.327s][debug][gc,phases      ] GC(245)     Total                          Min: 0, Avg:  0.0, Max: 0, Diff: 0, Sum: 0, Workers: 4
[3653.327s][debug][gc,phases      ] GC(245)   StringDedup Requests0 Weak     Min:  0.0, Avg:  0.0, Max:  0.0, Diff:  0.0, Sum:  0.0, Workers: 4
[3653.327s][debug][gc,phases      ] GC(245)     Dead                           Min: 0, Avg:  0.0, Max: 0, Diff: 0, Sum: 0, Workers: 4
[3653.327s][debug][gc,phases      ] GC(245)     Total                          Min: 0, Avg:  0.0, Max: 0, Diff: 0, Sum: 0, Workers: 4
[3653.327s][debug][gc,phases      ] GC(245)   StringDedup Requests1 Weak     Min:  0.0, Avg:  0.0, Max:  0.0, Diff:  0.0, Sum:  0.0, Workers: 4
[3653.327s][debug][gc,phases      ] GC(245)     Dead                           Min: 0, Avg:  0.0, Max: 0, Diff: 0, Sum: 0, Workers: 4
[3653.327s][debug][gc,phases      ] GC(245)     Total                          Min: 0, Avg:  0.0, Max: 0, Diff: 0, Sum: 0, Workers: 4
[3653.327s][debug][gc,phases      ] GC(245)   Weak JFR Old Object Samples    Min:  0.0, Avg:  0.0, Max:  0.0, Diff:  0.0, Sum:  0.0, Workers: 4
[3653.327s][debug][gc,phases      ] GC(245)     Dead                           Min: 0, Avg:  0.0, Max: 0, Diff: 0, Sum: 0, Workers: 4
[3653.327s][debug][gc,phases      ] GC(245)     Total                          Min: 0, Avg:  0.0, Max: 0, Diff: 0, Sum: 0, Workers: 4
[3653.327s][debug][gc,phases      ] GC(245) Weak Processing 0.343ms
[3653.327s][debug][gc,age         ] GC(245) Desired survivor size 524288 bytes, new threshold 15 (max threshold 15)
[3653.327s][info ][gc,heap        ] GC(245) PSYoungGen: 2096352K(2096640K)->128K(2096640K) Eden: 2096128K(2096128K)->0K(2096128K) From: 224K(512K)->128K(512K)
[3653.327s][info ][gc,heap        ] GC(245) ParOldGen: 236686K(324096K)->236694K(324096K)
[3653.327s][info ][gc,metaspace   ] GC(245) Metaspace: 80235K(81152K)->80235K(81152K) NonClass: 68508K(68992K)->68508K(68992K) Class: 11727K(12160K)->11727K(12160K)
[3653.327s][info ][gc             ] GC(245) Pause Young (Allocation Failure) 2278M->231M(2364M) 1.633ms
[3653.327s][info ][gc,cpu         ] GC(245) User=0.01s Sys=0.00s Real=0.00s
[3653.327s][info ][safepoint      ] Safepoint "ParallelGCFailedAllocation", Time since last: 11399437580 ns, Reaching safepoint: 3400 ns, Cleanup: 36100 ns, At safepoint: 1720908 ns, Total: 1760408 ns
[3669.773s][info ][gc,start       ] GC(246) Pause Young (Allocation Failure)
[3669.775s][debug][gc,phases      ] GC(246) Scavenge 1.617ms
[3669.775s][debug][gc,ref         ] GC(246) Skipped phase 1 of Reference Processing: no references
[3669.775s][debug][gc,ref         ] GC(246) Skipped phase 2 of Reference Processing: no references
[3669.775s][debug][gc,ref         ] GC(246) Skipped phase 3 of Reference Processing: no references
[3669.775s][debug][gc,ref         ] GC(246) Skipped phase 4 of Reference Processing: no references
[3669.775s][debug][gc,phases      ] GC(246) Reference Processing 0.020ms
[3669.775s][debug][gc,phases      ] GC(246)   VM Weak                        Min:  0.0, Avg:  0.0, Max:  0.0, Diff:  0.0, Sum:  0.0, Workers: 4
[3669.775s][debug][gc,phases      ] GC(246)     Dead                           Min: 0, Avg:  0.0, Max: 0, Diff: 0, Sum: 0, Workers: 4
[3669.775s][debug][gc,phases      ] GC(246)     Total                          Min: 0, Avg: 172.8, Max: 691, Diff: 691, Sum: 691, Workers: 4
[3669.775s][debug][gc,phases      ] GC(246)   ObjectSynchronizer Weak        Min:  0.0, Avg:  0.0, Max:  0.0, Diff:  0.0, Sum:  0.0, Workers: 4
[3669.775s][debug][gc,phases      ] GC(246)     Dead                           Min: 0, Avg:  0.0, Max: 0, Diff: 0, Sum: 0, Workers: 4
[3669.775s][debug][gc,phases      ] GC(246)     Total                          Min: 0, Avg:  1.0, Max: 4, Diff: 4, Sum: 4, Workers: 4
[3669.775s][debug][gc,phases      ] GC(246)   JVMTI Tag Weak OopStorage      Min:  0.0, Avg:  0.0, Max:  0.0, Diff:  0.0, Sum:  0.0, Workers: 4
[3669.775s][debug][gc,phases      ] GC(246)     Dead                           Min: 0, Avg:  0.0, Max: 0, Diff: 0, Sum: 0, Workers: 4
[3669.775s][debug][gc,phases      ] GC(246)     Total                          Min: 0, Avg:  0.0, Max: 0, Diff: 0, Sum: 0, Workers: 4
[3669.775s][debug][gc,phases      ] GC(246)   StringTable Weak               Min:  0.0, Avg:  0.1, Max:  0.1, Diff:  0.1, Sum:  0.4, Workers: 4
[3669.775s][debug][gc,phases      ] GC(246)     Dead                           Min: 0, Avg:  0.0, Max: 0, Diff: 0, Sum: 0, Workers: 4
[3669.775s][debug][gc,phases      ] GC(246)     Total                          Min: 0, Avg: 10711.2, Max: 16989, Diff: 16989, Sum: 42845, Workers: 4
[3669.775s][debug][gc,phases      ] GC(246)   ResolvedMethodTable Weak       Min:  0.0, Avg:  0.0, Max:  0.0, Diff:  0.0, Sum:  0.1, Workers: 4
[3669.775s][debug][gc,phases      ] GC(246)     Dead                           Min: 0, Avg:  0.0, Max: 0, Diff: 0, Sum: 0, Workers: 4
[3669.775s][debug][gc,phases      ] GC(246)     Total                          Min: 0, Avg: 2283.8, Max: 3438, Diff: 3438, Sum: 9135, Workers: 4
[3669.775s][debug][gc,phases      ] GC(246)   JNI Weak                       Min:  0.0, Avg:  0.0, Max:  0.0, Diff:  0.0, Sum:  0.0, Workers: 4
[3669.775s][debug][gc,phases      ] GC(246)     Dead                           Min: 0, Avg:  0.0, Max: 0, Diff: 0, Sum: 0, Workers: 4
[3669.775s][debug][gc,phases      ] GC(246)     Total                          Min: 0, Avg: 11.2, Max: 45, Diff: 45, Sum: 45, Workers: 4
[3669.775s][debug][gc,phases      ] GC(246)   StringDedup Table Weak         Min:  0.0, Avg:  0.0, Max:  0.0, Diff:  0.0, Sum:  0.0, Workers: 4
[3669.775s][debug][gc,phases      ] GC(246)     Dead                           Min: 0, Avg:  0.0, Max: 0, Diff: 0, Sum: 0, Workers: 4
[3669.775s][debug][gc,phases      ] GC(246)     Total                          Min: 0, Avg:  0.0, Max: 0, Diff: 0, Sum: 0, Workers: 4
[3669.775s][debug][gc,phases      ] GC(246)   StringDedup Requests0 Weak     Min:  0.0, Avg:  0.0, Max:  0.0, Diff:  0.0, Sum:  0.0, Workers: 4
[3669.775s][debug][gc,phases      ] GC(246)     Dead                           Min: 0, Avg:  0.0, Max: 0, Diff: 0, Sum: 0, Workers: 4
[3669.775s][debug][gc,phases      ] GC(246)     Total                          Min: 0, Avg:  0.0, Max: 0, Diff: 0, Sum: 0, Workers: 4
[3669.776s][debug][gc,phases      ] GC(246)   StringDedup Requests1 Weak     Min:  0.0, Avg:  0.0, Max:  0.0, Diff:  0.0, Sum:  0.0, Workers: 4
[3669.776s][debug][gc,phases      ] GC(246)     Dead                           Min: 0, Avg:  0.0, Max: 0, Diff: 0, Sum: 0, Workers: 4
[3669.776s][debug][gc,phases      ] GC(246)     Total                          Min: 0, Avg:  0.0, Max: 0, Diff: 0, Sum: 0, Workers: 4
[3669.776s][debug][gc,phases      ] GC(246)   Weak JFR Old Object Samples    Min:  0.0, Avg:  0.0, Max:  0.0, Diff:  0.0, Sum:  0.0, Workers: 4
[3669.776s][debug][gc,phases      ] GC(246)     Dead                           Min: 0, Avg:  0.0, Max: 0, Diff: 0, Sum: 0, Workers: 4
[3669.776s][debug][gc,phases      ] GC(246)     Total                          Min: 0, Avg:  0.0, Max: 0, Diff: 0, Sum: 0, Workers: 4
[3669.776s][debug][gc,phases      ] GC(246) Weak Processing 0.355ms
[3669.776s][debug][gc,age         ] GC(246) Desired survivor size 524288 bytes, new threshold 15 (max threshold 15)
[3669.776s][info ][gc,heap        ] GC(246) PSYoungGen: 2096256K(2096640K)->192K(2096640K) Eden: 2096128K(2096128K)->0K(2096128K) From: 128K(512K)->192K(512K)
[3669.776s][info ][gc,heap        ] GC(246) ParOldGen: 236694K(324096K)->236702K(324096K)
[3669.776s][info ][gc,metaspace   ] GC(246) Metaspace: 80235K(81152K)->80235K(81152K) NonClass: 68508K(68992K)->68508K(68992K) Class: 11727K(12160K)->11727K(12160K)
[3669.776s][info ][gc             ] GC(246) Pause Young (Allocation Failure) 2278M->231M(2364M) 2.095ms
[3669.776s][info ][gc,cpu         ] GC(246) User=0.01s Sys=0.00s Real=0.00s
[3669.776s][info ][safepoint      ] Safepoint "ParallelGCFailedAllocation", Time since last: 16445926422 ns, Reaching safepoint: 6600 ns, Cleanup: 27300 ns, At safepoint: 2166110 ns, Total: 2200010 ns
[3686.174s][info ][gc,start       ] GC(247) Pause Young (Allocation Failure)
[3686.176s][debug][gc,phases      ] GC(247) Scavenge 1.965ms
[3686.176s][debug][gc,ref         ] GC(247) Skipped phase 1 of Reference Processing: no references
[3686.176s][debug][gc,ref         ] GC(247) Skipped phase 2 of Reference Processing: no references
[3686.176s][debug][gc,ref         ] GC(247) Skipped phase 3 of Reference Processing: no references
[3686.176s][debug][gc,ref         ] GC(247) Skipped phase 4 of Reference Processing: no references
[3686.176s][debug][gc,phases      ] GC(247) Reference Processing 0.023ms
[3686.177s][debug][gc,phases      ] GC(247)   VM Weak                        Min:  0.0, Avg:  0.0, Max:  0.0, Diff:  0.0, Sum:  0.0, Workers: 4
[3686.177s][debug][gc,phases      ] GC(247)     Dead                           Min: 0, Avg:  0.0, Max: 0, Diff: 0, Sum: 0, Workers: 4
[3686.177s][debug][gc,phases      ] GC(247)     Total                          Min: 0, Avg: 172.8, Max: 576, Diff: 576, Sum: 691, Workers: 4
[3686.177s][debug][gc,phases      ] GC(247)   ObjectSynchronizer Weak        Min:  0.0, Avg:  0.0, Max:  0.0, Diff:  0.0, Sum:  0.0, Workers: 4
[3686.177s][debug][gc,phases      ] GC(247)     Dead                           Min: 0, Avg:  0.0, Max: 0, Diff: 0, Sum: 0, Workers: 4
[3686.177s][debug][gc,phases      ] GC(247)     Total                          Min: 0, Avg:  1.0, Max: 4, Diff: 4, Sum: 4, Workers: 4
[3686.177s][debug][gc,phases      ] GC(247)   JVMTI Tag Weak OopStorage      Min:  0.0, Avg:  0.0, Max:  0.0, Diff:  0.0, Sum:  0.0, Workers: 4
[3686.177s][debug][gc,phases      ] GC(247)     Dead                           Min: 0, Avg:  0.0, Max: 0, Diff: 0, Sum: 0, Workers: 4
[3686.177s][debug][gc,phases      ] GC(247)     Total                          Min: 0, Avg:  0.0, Max: 0, Diff: 0, Sum: 0, Workers: 4
[3686.177s][debug][gc,phases      ] GC(247)   StringTable Weak               Min:  0.0, Avg:  0.1, Max:  0.1, Diff:  0.1, Sum:  0.4, Workers: 4
[3686.177s][debug][gc,phases      ] GC(247)     Dead                           Min: 0, Avg:  0.0, Max: 0, Diff: 0, Sum: 0, Workers: 4
[3686.177s][debug][gc,phases      ] GC(247)     Total                          Min: 0, Avg: 10711.2, Max: 17501, Diff: 17501, Sum: 42845, Workers: 4
[3686.177s][debug][gc,phases      ] GC(247)   ResolvedMethodTable Weak       Min:  0.0, Avg:  0.0, Max:  0.0, Diff:  0.0, Sum:  0.1, Workers: 4
[3686.177s][debug][gc,phases      ] GC(247)     Dead                           Min: 0, Avg:  0.0, Max: 0, Diff: 0, Sum: 0, Workers: 4
[3686.177s][debug][gc,phases      ] GC(247)     Total                          Min: 0, Avg: 2283.8, Max: 3652, Diff: 3652, Sum: 9135, Workers: 4
[3686.177s][debug][gc,phases      ] GC(247)   JNI Weak                       Min:  0.0, Avg:  0.0, Max:  0.0, Diff:  0.0, Sum:  0.0, Workers: 4
[3686.177s][debug][gc,phases      ] GC(247)     Dead                           Min: 0, Avg:  0.0, Max: 0, Diff: 0, Sum: 0, Workers: 4
[3686.177s][debug][gc,phases      ] GC(247)     Total                          Min: 0, Avg: 11.2, Max: 45, Diff: 45, Sum: 45, Workers: 4
[3686.177s][debug][gc,phases      ] GC(247)   StringDedup Table Weak         Min:  0.0, Avg:  0.0, Max:  0.0, Diff:  0.0, Sum:  0.0, Workers: 4
[3686.177s][debug][gc,phases      ] GC(247)     Dead                           Min: 0, Avg:  0.0, Max: 0, Diff: 0, Sum: 0, Workers: 4
[3686.177s][debug][gc,phases      ] GC(247)     Total                          Min: 0, Avg:  0.0, Max: 0, Diff: 0, Sum: 0, Workers: 4
[3686.177s][debug][gc,phases      ] GC(247)   StringDedup Requests0 Weak     Min:  0.0, Avg:  0.0, Max:  0.0, Diff:  0.0, Sum:  0.0, Workers: 4
[3686.177s][debug][gc,phases      ] GC(247)     Dead                           Min: 0, Avg:  0.0, Max: 0, Diff: 0, Sum: 0, Workers: 4
[3686.177s][debug][gc,phases      ] GC(247)     Total                          Min: 0, Avg:  0.0, Max: 0, Diff: 0, Sum: 0, Workers: 4
[3686.177s][debug][gc,phases      ] GC(247)   StringDedup Requests1 Weak     Min:  0.0, Avg:  0.0, Max:  0.0, Diff:  0.0, Sum:  0.0, Workers: 4
[3686.177s][debug][gc,phases      ] GC(247)     Dead                           Min: 0, Avg:  0.0, Max: 0, Diff: 0, Sum: 0, Workers: 4
[3686.177s][debug][gc,phases      ] GC(247)     Total                          Min: 0, Avg:  0.0, Max: 0, Diff: 0, Sum: 0, Workers: 4
[3686.177s][debug][gc,phases      ] GC(247)   Weak JFR Old Object Samples    Min:  0.0, Avg:  0.0, Max:  0.0, Diff:  0.0, Sum:  0.0, Workers: 4
[3686.177s][debug][gc,phases      ] GC(247)     Dead                           Min: 0, Avg:  0.0, Max: 0, Diff: 0, Sum: 0, Workers: 4
[3686.177s][debug][gc,phases      ] GC(247)     Total                          Min: 0, Avg:  0.0, Max: 0, Diff: 0, Sum: 0, Workers: 4
[3686.177s][debug][gc,phases      ] GC(247) Weak Processing 0.351ms
[3686.177s][debug][gc,age         ] GC(247) Desired survivor size 524288 bytes, new threshold 15 (max threshold 15)
[3686.177s][info ][gc,heap        ] GC(247) PSYoungGen: 2096320K(2096640K)->224K(2096640K) Eden: 2096128K(2096128K)->0K(2096128K) From: 192K(512K)->224K(512K)
[3686.177s][info ][gc,heap        ] GC(247) ParOldGen: 236702K(324096K)->236702K(324096K)
[3686.177s][info ][gc,metaspace   ] GC(247) Metaspace: 80235K(81152K)->80235K(81152K) NonClass: 68508K(68992K)->68508K(68992K) Class: 11727K(12160K)->11727K(12160K)
[3686.177s][info ][gc             ] GC(247) Pause Young (Allocation Failure) 2278M->231M(2364M) 2.482ms
[3686.177s][info ][gc,cpu         ] GC(247) User=0.00s Sys=0.00s Real=0.00s
[3686.177s][info ][safepoint      ] Safepoint "ParallelGCFailedAllocation", Time since last: 16398557981 ns, Reaching safepoint: 5101 ns, Cleanup: 46600 ns, At safepoint: 2554212 ns, Total: 2605913 ns
[3702.575s][info ][gc,start       ] GC(248) Pause Young (Allocation Failure)
[3702.576s][debug][gc,phases      ] GC(248) Scavenge 1.263ms
[3702.576s][debug][gc,ref         ] GC(248) Skipped phase 1 of Reference Processing: no references
[3702.576s][debug][gc,ref         ] GC(248) Skipped phase 2 of Reference Processing: no references
[3702.576s][debug][gc,ref         ] GC(248) Skipped phase 3 of Reference Processing: no references
[3702.576s][debug][gc,ref         ] GC(248) Skipped phase 4 of Reference Processing: no references
[3702.576s][debug][gc,phases      ] GC(248) Reference Processing 0.022ms
[3702.577s][debug][gc,phases      ] GC(248)   VM Weak                        Min:  0.0, Avg:  0.0, Max:  0.0, Diff:  0.0, Sum:  0.0, Workers: 4
[3702.577s][debug][gc,phases      ] GC(248)     Dead                           Min: 0, Avg:  0.0, Max: 0, Diff: 0, Sum: 0, Workers: 4
[3702.577s][debug][gc,phases      ] GC(248)     Total                          Min: 0, Avg: 172.8, Max: 384, Diff: 384, Sum: 691, Workers: 4
[3702.577s][debug][gc,phases      ] GC(248)   ObjectSynchronizer Weak        Min:  0.0, Avg:  0.0, Max:  0.0, Diff:  0.0, Sum:  0.0, Workers: 4
[3702.577s][debug][gc,phases      ] GC(248)     Dead                           Min: 0, Avg:  0.0, Max: 0, Diff: 0, Sum: 0, Workers: 4
[3702.577s][debug][gc,phases      ] GC(248)     Total                          Min: 0, Avg:  1.0, Max: 4, Diff: 4, Sum: 4, Workers: 4
[3702.577s][debug][gc,phases      ] GC(248)   JVMTI Tag Weak OopStorage      Min:  0.0, Avg:  0.0, Max:  0.0, Diff:  0.0, Sum:  0.0, Workers: 4
[3702.577s][debug][gc,phases      ] GC(248)     Dead                           Min: 0, Avg:  0.0, Max: 0, Diff: 0, Sum: 0, Workers: 4
[3702.577s][debug][gc,phases      ] GC(248)     Total                          Min: 0, Avg:  0.0, Max: 0, Diff: 0, Sum: 0, Workers: 4
[3702.577s][debug][gc,phases      ] GC(248)   StringTable Weak               Min:  0.0, Avg:  0.1, Max:  0.1, Diff:  0.1, Sum:  0.4, Workers: 4
[3702.577s][debug][gc,phases      ] GC(248)     Dead                           Min: 0, Avg:  0.0, Max: 0, Diff: 0, Sum: 0, Workers: 4
[3702.577s][debug][gc,phases      ] GC(248)     Total                          Min: 0, Avg: 10712.0, Max: 18944, Diff: 18944, Sum: 42848, Workers: 4
[3702.577s][debug][gc,phases      ] GC(248)   ResolvedMethodTable Weak       Min:  0.0, Avg:  0.0, Max:  0.0, Diff:  0.0, Sum:  0.1, Workers: 4
[3702.577s][debug][gc,phases      ] GC(248)     Dead                           Min: 0, Avg:  0.0, Max: 0, Diff: 0, Sum: 0, Workers: 4
[3702.577s][debug][gc,phases      ] GC(248)     Total                          Min: 0, Avg: 2283.8, Max: 4166, Diff: 4166, Sum: 9135, Workers: 4
[3702.577s][debug][gc,phases      ] GC(248)   JNI Weak                       Min:  0.0, Avg:  0.0, Max:  0.0, Diff:  0.0, Sum:  0.0, Workers: 4
[3702.577s][debug][gc,phases      ] GC(248)     Dead                           Min: 0, Avg:  0.0, Max: 0, Diff: 0, Sum: 0, Workers: 4
[3702.577s][debug][gc,phases      ] GC(248)     Total                          Min: 0, Avg: 11.2, Max: 45, Diff: 45, Sum: 45, Workers: 4
[3702.577s][debug][gc,phases      ] GC(248)   StringDedup Table Weak         Min:  0.0, Avg:  0.0, Max:  0.0, Diff:  0.0, Sum:  0.0, Workers: 4
[3702.577s][debug][gc,phases      ] GC(248)     Dead                           Min: 0, Avg:  0.0, Max: 0, Diff: 0, Sum: 0, Workers: 4
[3702.577s][debug][gc,phases      ] GC(248)     Total                          Min: 0, Avg:  0.0, Max: 0, Diff: 0, Sum: 0, Workers: 4
[3702.577s][debug][gc,phases      ] GC(248)   StringDedup Requests0 Weak     Min:  0.0, Avg:  0.0, Max:  0.0, Diff:  0.0, Sum:  0.0, Workers: 4
[3702.577s][debug][gc,phases      ] GC(248)     Dead                           Min: 0, Avg:  0.0, Max: 0, Diff: 0, Sum: 0, Workers: 4
[3702.577s][debug][gc,phases      ] GC(248)     Total                          Min: 0, Avg:  0.0, Max: 0, Diff: 0, Sum: 0, Workers: 4
[3702.577s][debug][gc,phases      ] GC(248)   StringDedup Requests1 Weak     Min:  0.0, Avg:  0.0, Max:  0.0, Diff:  0.0, Sum:  0.0, Workers: 4
[3702.577s][debug][gc,phases      ] GC(248)     Dead                           Min: 0, Avg:  0.0, Max: 0, Diff: 0, Sum: 0, Workers: 4
[3702.577s][debug][gc,phases      ] GC(248)     Total                          Min: 0, Avg:  0.0, Max: 0, Diff: 0, Sum: 0, Workers: 4
[3702.577s][debug][gc,phases      ] GC(248)   Weak JFR Old Object Samples    Min:  0.0, Avg:  0.0, Max:  0.0, Diff:  0.0, Sum:  0.0, Workers: 4
[3702.577s][debug][gc,phases      ] GC(248)     Dead                           Min: 0, Avg:  0.0, Max: 0, Diff: 0, Sum: 0, Workers: 4
[3702.577s][debug][gc,phases      ] GC(248)     Total                          Min: 0, Avg:  0.0, Max: 0, Diff: 0, Sum: 0, Workers: 4
[3702.577s][debug][gc,phases      ] GC(248) Weak Processing 0.352ms
[3702.577s][debug][gc,age         ] GC(248) Desired survivor size 524288 bytes, new threshold 15 (max threshold 15)
[3702.577s][info ][gc,heap        ] GC(248) PSYoungGen: 2096352K(2096640K)->128K(2096640K) Eden: 2096128K(2096128K)->0K(2096128K) From: 224K(512K)->128K(512K)
[3702.577s][info ][gc,heap        ] GC(248) ParOldGen: 236702K(324096K)->236710K(324096K)
[3702.577s][info ][gc,metaspace   ] GC(248) Metaspace: 80235K(81152K)->80235K(81152K) NonClass: 68508K(68992K)->68508K(68992K) Class: 11727K(12160K)->11727K(12160K)
[3702.577s][info ][gc             ] GC(248) Pause Young (Allocation Failure) 2278M->231M(2364M) 1.758ms
[3702.577s][info ][gc,cpu         ] GC(248) User=0.00s Sys=0.00s Real=0.00s
[3702.577s][info ][safepoint      ] Safepoint "ParallelGCFailedAllocation", Time since last: 16398249208 ns, Reaching safepoint: 4900 ns, Cleanup: 26200 ns, At safepoint: 1823809 ns, Total: 1854909 ns
[3719.023s][info ][gc,start       ] GC(249) Pause Young (Allocation Failure)
[3719.025s][debug][gc,phases      ] GC(249) Scavenge 2.059ms
[3719.025s][debug][gc,ref         ] GC(249) Skipped phase 1 of Reference Processing: no references
[3719.025s][debug][gc,ref         ] GC(249) Skipped phase 2 of Reference Processing: no references
[3719.025s][debug][gc,ref         ] GC(249) Skipped phase 3 of Reference Processing: no references
[3719.025s][debug][gc,ref         ] GC(249) Skipped phase 4 of Reference Processing: no references
[3719.025s][debug][gc,phases      ] GC(249) Reference Processing 0.020ms
[3719.025s][debug][gc,phases      ] GC(249)   VM Weak                        Min:  0.0, Avg:  0.0, Max:  0.0, Diff:  0.0, Sum:  0.0, Workers: 4
[3719.025s][debug][gc,phases      ] GC(249)     Dead                           Min: 0, Avg:  0.0, Max: 0, Diff: 0, Sum: 0, Workers: 4
[3719.025s][debug][gc,phases      ] GC(249)     Total                          Min: 0, Avg: 172.8, Max: 691, Diff: 691, Sum: 691, Workers: 4
[3719.025s][debug][gc,phases      ] GC(249)   ObjectSynchronizer Weak        Min:  0.0, Avg:  0.0, Max:  0.0, Diff:  0.0, Sum:  0.0, Workers: 4
[3719.025s][debug][gc,phases      ] GC(249)     Dead                           Min: 0, Avg:  0.0, Max: 0, Diff: 0, Sum: 0, Workers: 4
[3719.025s][debug][gc,phases      ] GC(249)     Total                          Min: 0, Avg:  1.0, Max: 4, Diff: 4, Sum: 4, Workers: 4
[3719.025s][debug][gc,phases      ] GC(249)   JVMTI Tag Weak OopStorage      Min:  0.0, Avg:  0.0, Max:  0.0, Diff:  0.0, Sum:  0.0, Workers: 4
[3719.025s][debug][gc,phases      ] GC(249)     Dead                           Min: 0, Avg:  0.0, Max: 0, Diff: 0, Sum: 0, Workers: 4
[3719.025s][debug][gc,phases      ] GC(249)     Total                          Min: 0, Avg:  0.0, Max: 0, Diff: 0, Sum: 0, Workers: 4
[3719.025s][debug][gc,phases      ] GC(249)   StringTable Weak               Min:  0.0, Avg:  0.1, Max:  0.1, Diff:  0.1, Sum:  0.4, Workers: 4
[3719.025s][debug][gc,phases      ] GC(249)     Dead                           Min: 0, Avg:  0.0, Max: 0, Diff: 0, Sum: 0, Workers: 4
[3719.025s][debug][gc,phases      ] GC(249)     Total                          Min: 0, Avg: 10712.0, Max: 17344, Diff: 17344, Sum: 42848, Workers: 4
[3719.025s][debug][gc,phases      ] GC(249)   ResolvedMethodTable Weak       Min:  0.0, Avg:  0.0, Max:  0.0, Diff:  0.0, Sum:  0.1, Workers: 4
[3719.025s][debug][gc,phases      ] GC(249)     Dead                           Min: 0, Avg:  0.0, Max: 0, Diff: 0, Sum: 0, Workers: 4
[3719.025s][debug][gc,phases      ] GC(249)     Total                          Min: 0, Avg: 2283.8, Max: 4196, Diff: 4196, Sum: 9135, Workers: 4
[3719.025s][debug][gc,phases      ] GC(249)   JNI Weak                       Min:  0.0, Avg:  0.0, Max:  0.0, Diff:  0.0, Sum:  0.0, Workers: 4
[3719.025s][debug][gc,phases      ] GC(249)     Dead                           Min: 0, Avg:  0.0, Max: 0, Diff: 0, Sum: 0, Workers: 4
[3719.025s][debug][gc,phases      ] GC(249)     Total                          Min: 0, Avg: 11.2, Max: 45, Diff: 45, Sum: 45, Workers: 4
[3719.025s][debug][gc,phases      ] GC(249)   StringDedup Table Weak         Min:  0.0, Avg:  0.0, Max:  0.0, Diff:  0.0, Sum:  0.0, Workers: 4
[3719.025s][debug][gc,phases      ] GC(249)     Dead                           Min: 0, Avg:  0.0, Max: 0, Diff: 0, Sum: 0, Workers: 4
[3719.025s][debug][gc,phases      ] GC(249)     Total                          Min: 0, Avg:  0.0, Max: 0, Diff: 0, Sum: 0, Workers: 4
[3719.025s][debug][gc,phases      ] GC(249)   StringDedup Requests0 Weak     Min:  0.0, Avg:  0.0, Max:  0.0, Diff:  0.0, Sum:  0.0, Workers: 4
[3719.025s][debug][gc,phases      ] GC(249)     Dead                           Min: 0, Avg:  0.0, Max: 0, Diff: 0, Sum: 0, Workers: 4
[3719.025s][debug][gc,phases      ] GC(249)     Total                          Min: 0, Avg:  0.0, Max: 0, Diff: 0, Sum: 0, Workers: 4
[3719.025s][debug][gc,phases      ] GC(249)   StringDedup Requests1 Weak     Min:  0.0, Avg:  0.0, Max:  0.0, Diff:  0.0, Sum:  0.0, Workers: 4
[3719.025s][debug][gc,phases      ] GC(249)     Dead                           Min: 0, Avg:  0.0, Max: 0, Diff: 0, Sum: 0, Workers: 4
[3719.025s][debug][gc,phases      ] GC(249)     Total                          Min: 0, Avg:  0.0, Max: 0, Diff: 0, Sum: 0, Workers: 4
[3719.025s][debug][gc,phases      ] GC(249)   Weak JFR Old Object Samples    Min:  0.0, Avg:  0.0, Max:  0.0, Diff:  0.0, Sum:  0.0, Workers: 4
[3719.025s][debug][gc,phases      ] GC(249)     Dead                           Min: 0, Avg:  0.0, Max: 0, Diff: 0, Sum: 0, Workers: 4
[3719.025s][debug][gc,phases      ] GC(249)     Total                          Min: 0, Avg:  0.0, Max: 0, Diff: 0, Sum: 0, Workers: 4
[3719.025s][debug][gc,phases      ] GC(249) Weak Processing 0.339ms
[3719.025s][debug][gc,age         ] GC(249) Desired survivor size 524288 bytes, new threshold 15 (max threshold 15)
[3719.025s][info ][gc,heap        ] GC(249) PSYoungGen: 2096256K(2096640K)->288K(2096640K) Eden: 2096128K(2096128K)->0K(2096128K) From: 128K(512K)->288K(512K)
[3719.025s][info ][gc,heap        ] GC(249) ParOldGen: 236710K(324096K)->236718K(324096K)
[3719.025s][info ][gc,metaspace   ] GC(249) Metaspace: 80235K(81152K)->80235K(81152K) NonClass: 68508K(68992K)->68508K(68992K) Class: 11727K(12160K)->11727K(12160K)
[3719.025s][info ][gc             ] GC(249) Pause Young (Allocation Failure) 2278M->231M(2364M) 2.509ms
[3719.025s][info ][gc,cpu         ] GC(249) User=0.01s Sys=0.00s Real=0.00s
[3719.025s][info ][safepoint      ] Safepoint "ParallelGCFailedAllocation", Time since last: 16445870230 ns, Reaching safepoint: 3800 ns, Cleanup: 25301 ns, At safepoint: 2588511 ns, Total: 2617612 ns
[3735.424s][info ][gc,start       ] GC(250) Pause Young (Allocation Failure)
[3735.428s][debug][gc,phases      ] GC(250) Scavenge 3.513ms
[3735.428s][debug][gc,ref         ] GC(250) Skipped phase 1 of Reference Processing: no references
[3735.428s][debug][gc,ref         ] GC(250) Skipped phase 2 of Reference Processing: no references
[3735.428s][debug][gc,ref         ] GC(250) Skipped phase 3 of Reference Processing: no references
[3735.428s][debug][gc,ref         ] GC(250) Skipped phase 4 of Reference Processing: no references
[3735.428s][debug][gc,phases      ] GC(250) Reference Processing 0.029ms
[3735.428s][debug][gc,phases      ] GC(250)   VM Weak                        Min:  0.0, Avg:  0.0, Max:  0.0, Diff:  0.0, Sum:  0.0, Workers: 4
[3735.428s][debug][gc,phases      ] GC(250)     Dead                           Min: 0, Avg:  0.0, Max: 0, Diff: 0, Sum: 0, Workers: 4
[3735.428s][debug][gc,phases      ] GC(250)     Total                          Min: 0, Avg: 172.8, Max: 512, Diff: 512, Sum: 691, Workers: 4
[3735.428s][debug][gc,phases      ] GC(250)   ObjectSynchronizer Weak        Min:  0.0, Avg:  0.0, Max:  0.0, Diff:  0.0, Sum:  0.0, Workers: 4
[3735.428s][debug][gc,phases      ] GC(250)     Dead                           Min: 0, Avg:  0.0, Max: 0, Diff: 0, Sum: 0, Workers: 4
[3735.428s][debug][gc,phases      ] GC(250)     Total                          Min: 0, Avg:  1.0, Max: 4, Diff: 4, Sum: 4, Workers: 4
[3735.428s][debug][gc,phases      ] GC(250)   JVMTI Tag Weak OopStorage      Min:  0.0, Avg:  0.0, Max:  0.0, Diff:  0.0, Sum:  0.0, Workers: 4
[3735.428s][debug][gc,phases      ] GC(250)     Dead                           Min: 0, Avg:  0.0, Max: 0, Diff: 0, Sum: 0, Workers: 4
[3735.428s][debug][gc,phases      ] GC(250)     Total                          Min: 0, Avg:  0.0, Max: 0, Diff: 0, Sum: 0, Workers: 4
[3735.428s][debug][gc,phases      ] GC(250)   StringTable Weak               Min:  0.0, Avg:  0.1, Max:  0.2, Diff:  0.2, Sum:  0.5, Workers: 4
[3735.428s][debug][gc,phases      ] GC(250)     Dead                           Min: 0, Avg:  0.0, Max: 0, Diff: 0, Sum: 0, Workers: 4
[3735.428s][debug][gc,phases      ] GC(250)     Total                          Min: 0, Avg: 10712.0, Max: 15168, Diff: 15168, Sum: 42848, Workers: 4
[3735.428s][debug][gc,phases      ] GC(250)   ResolvedMethodTable Weak       Min:  0.0, Avg:  0.0, Max:  0.0, Diff:  0.0, Sum:  0.1, Workers: 4
[3735.428s][debug][gc,phases      ] GC(250)     Dead                           Min: 0, Avg:  0.0, Max: 0, Diff: 0, Sum: 0, Workers: 4
[3735.428s][debug][gc,phases      ] GC(250)     Total                          Min: 0, Avg: 2283.8, Max: 3192, Diff: 3192, Sum: 9135, Workers: 4
[3735.428s][debug][gc,phases      ] GC(250)   JNI Weak                       Min:  0.0, Avg:  0.0, Max:  0.0, Diff:  0.0, Sum:  0.0, Workers: 4
[3735.428s][debug][gc,phases      ] GC(250)     Dead                           Min: 0, Avg:  0.0, Max: 0, Diff: 0, Sum: 0, Workers: 4
[3735.428s][debug][gc,phases      ] GC(250)     Total                          Min: 0, Avg: 11.2, Max: 45, Diff: 45, Sum: 45, Workers: 4
[3735.428s][debug][gc,phases      ] GC(250)   StringDedup Table Weak         Min:  0.0, Avg:  0.0, Max:  0.0, Diff:  0.0, Sum:  0.0, Workers: 4
[3735.428s][debug][gc,phases      ] GC(250)     Dead                           Min: 0, Avg:  0.0, Max: 0, Diff: 0, Sum: 0, Workers: 4
[3735.428s][debug][gc,phases      ] GC(250)     Total                          Min: 0, Avg:  0.0, Max: 0, Diff: 0, Sum: 0, Workers: 4
[3735.428s][debug][gc,phases      ] GC(250)   StringDedup Requests0 Weak     Min:  0.0, Avg:  0.0, Max:  0.0, Diff:  0.0, Sum:  0.0, Workers: 4
[3735.428s][debug][gc,phases      ] GC(250)     Dead                           Min: 0, Avg:  0.0, Max: 0, Diff: 0, Sum: 0, Workers: 4
[3735.428s][debug][gc,phases      ] GC(250)     Total                          Min: 0, Avg:  0.0, Max: 0, Diff: 0, Sum: 0, Workers: 4
[3735.428s][debug][gc,phases      ] GC(250)   StringDedup Requests1 Weak     Min:  0.0, Avg:  0.0, Max:  0.0, Diff:  0.0, Sum:  0.0, Workers: 4
[3735.428s][debug][gc,phases      ] GC(250)     Dead                           Min: 0, Avg:  0.0, Max: 0, Diff: 0, Sum: 0, Workers: 4
[3735.428s][debug][gc,phases      ] GC(250)     Total                          Min: 0, Avg:  0.0, Max: 0, Diff: 0, Sum: 0, Workers: 4
[3735.428s][debug][gc,phases      ] GC(250)   Weak JFR Old Object Samples    Min:  0.0, Avg:  0.0, Max:  0.0, Diff:  0.0, Sum:  0.0, Workers: 4
[3735.428s][debug][gc,phases      ] GC(250)     Dead                           Min: 0, Avg:  0.0, Max: 0, Diff: 0, Sum: 0, Workers: 4
[3735.428s][debug][gc,phases      ] GC(250)     Total                          Min: 0, Avg:  0.0, Max: 0, Diff: 0, Sum: 0, Workers: 4
[3735.428s][debug][gc,phases      ] GC(250) Weak Processing 0.451ms
[3735.428s][debug][gc,age         ] GC(250) Desired survivor size 524288 bytes, new threshold 15 (max threshold 15)
[3735.428s][info ][gc,heap        ] GC(250) PSYoungGen: 2096416K(2096640K)->160K(2096640K) Eden: 2096128K(2096128K)->0K(2096128K) From: 288K(512K)->160K(512K)
[3735.428s][info ][gc,heap        ] GC(250) ParOldGen: 236718K(324096K)->236718K(324096K)
[3735.428s][info ][gc,metaspace   ] GC(250) Metaspace: 80235K(81152K)->80235K(81152K) NonClass: 68508K(68992K)->68508K(68992K) Class: 11727K(12160K)->11727K(12160K)
[3735.428s][info ][gc             ] GC(250) Pause Young (Allocation Failure) 2278M->231M(2364M) 4.167ms
[3735.428s][info ][gc,cpu         ] GC(250) User=0.01s Sys=0.00s Real=0.00s
[3735.428s][info ][safepoint      ] Safepoint "ParallelGCFailedAllocation", Time since last: 16398848454 ns, Reaching safepoint: 5300 ns, Cleanup: 24900 ns, At safepoint: 4246419 ns, Total: 4276619 ns
[3751.825s][info ][gc,start       ] GC(251) Pause Young (Allocation Failure)
[3751.827s][debug][gc,phases      ] GC(251) Scavenge 2.118ms
[3751.827s][debug][gc,ref         ] GC(251) Skipped phase 1 of Reference Processing: no references
[3751.827s][debug][gc,ref         ] GC(251) Skipped phase 2 of Reference Processing: no references
[3751.827s][debug][gc,ref         ] GC(251) Skipped phase 3 of Reference Processing: no references
[3751.827s][debug][gc,ref         ] GC(251) Skipped phase 4 of Reference Processing: no references
[3751.827s][debug][gc,phases      ] GC(251) Reference Processing 0.020ms
[3751.827s][debug][gc,phases      ] GC(251)   VM Weak                        Min:  0.0, Avg:  0.0, Max:  0.0, Diff:  0.0, Sum:  0.0, Workers: 4
[3751.827s][debug][gc,phases      ] GC(251)     Dead                           Min: 0, Avg:  0.0, Max: 0, Diff: 0, Sum: 0, Workers: 4
[3751.827s][debug][gc,phases      ] GC(251)     Total                          Min: 0, Avg: 172.8, Max: 371, Diff: 371, Sum: 691, Workers: 4
[3751.827s][debug][gc,phases      ] GC(251)   ObjectSynchronizer Weak        Min:  0.0, Avg:  0.0, Max:  0.0, Diff:  0.0, Sum:  0.0, Workers: 4
[3751.827s][debug][gc,phases      ] GC(251)     Dead                           Min: 0, Avg:  0.0, Max: 0, Diff: 0, Sum: 0, Workers: 4
[3751.827s][debug][gc,phases      ] GC(251)     Total                          Min: 0, Avg:  1.0, Max: 4, Diff: 4, Sum: 4, Workers: 4
[3751.827s][debug][gc,phases      ] GC(251)   JVMTI Tag Weak OopStorage      Min:  0.0, Avg:  0.0, Max:  0.0, Diff:  0.0, Sum:  0.0, Workers: 4
[3751.827s][debug][gc,phases      ] GC(251)     Dead                           Min: 0, Avg:  0.0, Max: 0, Diff: 0, Sum: 0, Workers: 4
[3751.827s][debug][gc,phases      ] GC(251)     Total                          Min: 0, Avg:  0.0, Max: 0, Diff: 0, Sum: 0, Workers: 4
[3751.827s][debug][gc,phases      ] GC(251)   StringTable Weak               Min:  0.0, Avg:  0.1, Max:  0.1, Diff:  0.1, Sum:  0.4, Workers: 4
[3751.827s][debug][gc,phases      ] GC(251)     Dead                           Min: 0, Avg:  0.0, Max: 0, Diff: 0, Sum: 0, Workers: 4
[3751.827s][debug][gc,phases      ] GC(251)     Total                          Min: 0, Avg: 10712.5, Max: 18786, Diff: 18786, Sum: 42850, Workers: 4
[3751.827s][debug][gc,phases      ] GC(251)   ResolvedMethodTable Weak       Min:  0.0, Avg:  0.0, Max:  0.0, Diff:  0.0, Sum:  0.1, Workers: 4
[3751.827s][debug][gc,phases      ] GC(251)     Dead                           Min: 0, Avg:  0.0, Max: 0, Diff: 0, Sum: 0, Workers: 4
[3751.827s][debug][gc,phases      ] GC(251)     Total                          Min: 0, Avg: 2283.8, Max: 3332, Diff: 3332, Sum: 9135, Workers: 4
[3751.827s][debug][gc,phases      ] GC(251)   JNI Weak                       Min:  0.0, Avg:  0.0, Max:  0.0, Diff:  0.0, Sum:  0.0, Workers: 4
[3751.827s][debug][gc,phases      ] GC(251)     Dead                           Min: 0, Avg:  0.0, Max: 0, Diff: 0, Sum: 0, Workers: 4
[3751.827s][debug][gc,phases      ] GC(251)     Total                          Min: 0, Avg: 11.2, Max: 45, Diff: 45, Sum: 45, Workers: 4
[3751.827s][debug][gc,phases      ] GC(251)   StringDedup Table Weak         Min:  0.0, Avg:  0.0, Max:  0.0, Diff:  0.0, Sum:  0.0, Workers: 4
[3751.827s][debug][gc,phases      ] GC(251)     Dead                           Min: 0, Avg:  0.0, Max: 0, Diff: 0, Sum: 0, Workers: 4
[3751.827s][debug][gc,phases      ] GC(251)     Total                          Min: 0, Avg:  0.0, Max: 0, Diff: 0, Sum: 0, Workers: 4
[3751.827s][debug][gc,phases      ] GC(251)   StringDedup Requests0 Weak     Min:  0.0, Avg:  0.0, Max:  0.0, Diff:  0.0, Sum:  0.0, Workers: 4
[3751.827s][debug][gc,phases      ] GC(251)     Dead                           Min: 0, Avg:  0.0, Max: 0, Diff: 0, Sum: 0, Workers: 4
[3751.827s][debug][gc,phases      ] GC(251)     Total                          Min: 0, Avg:  0.0, Max: 0, Diff: 0, Sum: 0, Workers: 4
[3751.827s][debug][gc,phases      ] GC(251)   StringDedup Requests1 Weak     Min:  0.0, Avg:  0.0, Max:  0.0, Diff:  0.0, Sum:  0.0, Workers: 4
[3751.827s][debug][gc,phases      ] GC(251)     Dead                           Min: 0, Avg:  0.0, Max: 0, Diff: 0, Sum: 0, Workers: 4
[3751.827s][debug][gc,phases      ] GC(251)     Total                          Min: 0, Avg:  0.0, Max: 0, Diff: 0, Sum: 0, Workers: 4
[3751.827s][debug][gc,phases      ] GC(251)   Weak JFR Old Object Samples    Min:  0.0, Avg:  0.0, Max:  0.0, Diff:  0.0, Sum:  0.0, Workers: 4
[3751.827s][debug][gc,phases      ] GC(251)     Dead                           Min: 0, Avg:  0.0, Max: 0, Diff: 0, Sum: 0, Workers: 4
[3751.827s][debug][gc,phases      ] GC(251)     Total                          Min: 0, Avg:  0.0, Max: 0, Diff: 0, Sum: 0, Workers: 4
[3751.827s][debug][gc,phases      ] GC(251) Weak Processing 0.359ms
[3751.827s][debug][gc,age         ] GC(251) Desired survivor size 524288 bytes, new threshold 15 (max threshold 15)
[3751.827s][info ][gc,heap        ] GC(251) PSYoungGen: 2096288K(2096640K)->128K(2096640K) Eden: 2096128K(2096128K)->0K(2096128K) From: 160K(512K)->128K(512K)
[3751.827s][info ][gc,heap        ] GC(251) ParOldGen: 236718K(324096K)->236734K(324096K)
[3751.827s][info ][gc,metaspace   ] GC(251) Metaspace: 80242K(81152K)->80242K(81152K) NonClass: 68515K(68992K)->68515K(68992K) Class: 11727K(12160K)->11727K(12160K)
[3751.827s][info ][gc             ] GC(251) Pause Young (Allocation Failure) 2278M->231M(2364M) 2.604ms
[3751.827s][info ][gc,cpu         ] GC(251) User=0.01s Sys=0.00s Real=0.00s
[3751.827s][info ][safepoint      ] Safepoint "ParallelGCFailedAllocation", Time since last: 16396258192 ns, Reaching safepoint: 5100 ns, Cleanup: 37300 ns, At safepoint: 2661612 ns, Total: 2704012 ns
[3755.828s][info ][safepoint      ] Safepoint "Cleanup", Time since last: 4000297400 ns, Reaching safepoint: 4600 ns, Cleanup: 32300 ns, At safepoint: 22701 ns, Total: 59601 ns
[3766.829s][info ][safepoint      ] Safepoint "Cleanup", Time since last: 11000695161 ns, Reaching safepoint: 3700 ns, Cleanup: 39000 ns, At safepoint: 3200 ns, Total: 45900 ns
[3768.274s][info ][gc,start       ] GC(252) Pause Young (Allocation Failure)
[3768.275s][debug][gc,phases      ] GC(252) Scavenge 1.872ms
[3768.275s][debug][gc,ref         ] GC(252) Skipped phase 1 of Reference Processing: no references
[3768.275s][debug][gc,ref         ] GC(252) Skipped phase 2 of Reference Processing: no references
[3768.275s][debug][gc,ref         ] GC(252) Skipped phase 3 of Reference Processing: no references
[3768.275s][debug][gc,ref         ] GC(252) Skipped phase 4 of Reference Processing: no references
[3768.275s][debug][gc,phases      ] GC(252) Reference Processing 0.020ms
[3768.276s][debug][gc,phases      ] GC(252)   VM Weak                        Min:  0.0, Avg:  0.0, Max:  0.0, Diff:  0.0, Sum:  0.0, Workers: 4
[3768.276s][debug][gc,phases      ] GC(252)     Dead                           Min: 0, Avg:  0.0, Max: 0, Diff: 0, Sum: 0, Workers: 4
[3768.276s][debug][gc,phases      ] GC(252)     Total                          Min: 0, Avg: 172.8, Max: 640, Diff: 640, Sum: 691, Workers: 4
[3768.276s][debug][gc,phases      ] GC(252)   ObjectSynchronizer Weak        Min:  0.0, Avg:  0.0, Max:  0.0, Diff:  0.0, Sum:  0.0, Workers: 4
[3768.276s][debug][gc,phases      ] GC(252)     Dead                           Min: 0, Avg:  0.0, Max: 0, Diff: 0, Sum: 0, Workers: 4
[3768.276s][debug][gc,phases      ] GC(252)     Total                          Min: 0, Avg:  1.0, Max: 4, Diff: 4, Sum: 4, Workers: 4
[3768.276s][debug][gc,phases      ] GC(252)   JVMTI Tag Weak OopStorage      Min:  0.0, Avg:  0.0, Max:  0.0, Diff:  0.0, Sum:  0.0, Workers: 4
[3768.276s][debug][gc,phases      ] GC(252)     Dead                           Min: 0, Avg:  0.0, Max: 0, Diff: 0, Sum: 0, Workers: 4
[3768.276s][debug][gc,phases      ] GC(252)     Total                          Min: 0, Avg:  0.0, Max: 0, Diff: 0, Sum: 0, Workers: 4
[3768.276s][debug][gc,phases      ] GC(252)   StringTable Weak               Min:  0.0, Avg:  0.1, Max:  0.1, Diff:  0.1, Sum:  0.4, Workers: 4
[3768.276s][debug][gc,phases      ] GC(252)     Dead                           Min: 0, Avg:  0.0, Max: 0, Diff: 0, Sum: 0, Workers: 4
[3768.276s][debug][gc,phases      ] GC(252)     Total                          Min: 0, Avg: 10712.5, Max: 17600, Diff: 17600, Sum: 42850, Workers: 4
[3768.276s][debug][gc,phases      ] GC(252)   ResolvedMethodTable Weak       Min:  0.0, Avg:  0.0, Max:  0.0, Diff:  0.0, Sum:  0.1, Workers: 4
[3768.276s][debug][gc,phases      ] GC(252)     Dead                           Min: 0, Avg:  0.0, Max: 0, Diff: 0, Sum: 0, Workers: 4
[3768.276s][debug][gc,phases      ] GC(252)     Total                          Min: 0, Avg: 2283.8, Max: 4166, Diff: 4166, Sum: 9135, Workers: 4
[3768.276s][debug][gc,phases      ] GC(252)   JNI Weak                       Min:  0.0, Avg:  0.0, Max:  0.0, Diff:  0.0, Sum:  0.0, Workers: 4
[3768.276s][debug][gc,phases      ] GC(252)     Dead                           Min: 0, Avg:  0.0, Max: 0, Diff: 0, Sum: 0, Workers: 4
[3768.276s][debug][gc,phases      ] GC(252)     Total                          Min: 0, Avg: 11.2, Max: 45, Diff: 45, Sum: 45, Workers: 4
[3768.276s][debug][gc,phases      ] GC(252)   StringDedup Table Weak         Min:  0.0, Avg:  0.0, Max:  0.0, Diff:  0.0, Sum:  0.0, Workers: 4
[3768.276s][debug][gc,phases      ] GC(252)     Dead                           Min: 0, Avg:  0.0, Max: 0, Diff: 0, Sum: 0, Workers: 4
[3768.276s][debug][gc,phases      ] GC(252)     Total                          Min: 0, Avg:  0.0, Max: 0, Diff: 0, Sum: 0, Workers: 4
[3768.276s][debug][gc,phases      ] GC(252)   StringDedup Requests0 Weak     Min:  0.0, Avg:  0.0, Max:  0.0, Diff:  0.0, Sum:  0.0, Workers: 4
[3768.276s][debug][gc,phases      ] GC(252)     Dead                           Min: 0, Avg:  0.0, Max: 0, Diff: 0, Sum: 0, Workers: 4
[3768.276s][debug][gc,phases      ] GC(252)     Total                          Min: 0, Avg:  0.0, Max: 0, Diff: 0, Sum: 0, Workers: 4
[3768.276s][debug][gc,phases      ] GC(252)   StringDedup Requests1 Weak     Min:  0.0, Avg:  0.0, Max:  0.0, Diff:  0.0, Sum:  0.0, Workers: 4
[3768.276s][debug][gc,phases      ] GC(252)     Dead                           Min: 0, Avg:  0.0, Max: 0, Diff: 0, Sum: 0, Workers: 4
[3768.276s][debug][gc,phases      ] GC(252)     Total                          Min: 0, Avg:  0.0, Max: 0, Diff: 0, Sum: 0, Workers: 4
[3768.276s][debug][gc,phases      ] GC(252)   Weak JFR Old Object Samples    Min:  0.0, Avg:  0.0, Max:  0.0, Diff:  0.0, Sum:  0.0, Workers: 4
[3768.276s][debug][gc,phases      ] GC(252)     Dead                           Min: 0, Avg:  0.0, Max: 0, Diff: 0, Sum: 0, Workers: 4
[3768.276s][debug][gc,phases      ] GC(252)     Total                          Min: 0, Avg:  0.0, Max: 0, Diff: 0, Sum: 0, Workers: 4
[3768.276s][debug][gc,phases      ] GC(252) Weak Processing 0.346ms
[3768.276s][debug][gc,age         ] GC(252) Desired survivor size 524288 bytes, new threshold 15 (max threshold 15)
[3768.276s][info ][gc,heap        ] GC(252) PSYoungGen: 2096256K(2096640K)->128K(2096640K) Eden: 2096128K(2096128K)->0K(2096128K) From: 128K(512K)->128K(512K)
[3768.276s][info ][gc,heap        ] GC(252) ParOldGen: 236734K(324096K)->236742K(324096K)
[3768.276s][info ][gc,metaspace   ] GC(252) Metaspace: 80242K(81152K)->80242K(81152K) NonClass: 68515K(68992K)->68515K(68992K) Class: 11727K(12160K)->11727K(12160K)
[3768.276s][info ][gc             ] GC(252) Pause Young (Allocation Failure) 2278M->231M(2364M) 2.321ms
[3768.276s][info ][gc,cpu         ] GC(252) User=0.00s Sys=0.00s Real=0.00s
[3768.276s][info ][safepoint      ] Safepoint "ParallelGCFailedAllocation", Time since last: 1444951412 ns, Reaching safepoint: 4300 ns, Cleanup: 38201 ns, At safepoint: 2374110 ns, Total: 2416611 ns
[3784.674s][info ][gc,start       ] GC(253) Pause Young (Allocation Failure)
[3784.676s][debug][gc,phases      ] GC(253) Scavenge 1.234ms
[3784.676s][debug][gc,ref         ] GC(253) Skipped phase 1 of Reference Processing: no references
[3784.676s][debug][gc,ref         ] GC(253) Skipped phase 2 of Reference Processing: no references
[3784.676s][debug][gc,ref         ] GC(253) Skipped phase 3 of Reference Processing: no references
[3784.676s][debug][gc,ref         ] GC(253) Skipped phase 4 of Reference Processing: no references
[3784.676s][debug][gc,phases      ] GC(253) Reference Processing 0.020ms
[3784.676s][debug][gc,phases      ] GC(253)   VM Weak                        Min:  0.0, Avg:  0.0, Max:  0.0, Diff:  0.0, Sum:  0.0, Workers: 4
[3784.676s][debug][gc,phases      ] GC(253)     Dead                           Min: 0, Avg:  0.0, Max: 0, Diff: 0, Sum: 0, Workers: 4
[3784.676s][debug][gc,phases      ] GC(253)     Total                          Min: 0, Avg: 172.8, Max: 371, Diff: 371, Sum: 691, Workers: 4
[3784.676s][debug][gc,phases      ] GC(253)   ObjectSynchronizer Weak        Min:  0.0, Avg:  0.0, Max:  0.0, Diff:  0.0, Sum:  0.0, Workers: 4
[3784.676s][debug][gc,phases      ] GC(253)     Dead                           Min: 0, Avg:  0.0, Max: 0, Diff: 0, Sum: 0, Workers: 4
[3784.676s][debug][gc,phases      ] GC(253)     Total                          Min: 0, Avg:  1.0, Max: 4, Diff: 4, Sum: 4, Workers: 4
[3784.676s][debug][gc,phases      ] GC(253)   JVMTI Tag Weak OopStorage      Min:  0.0, Avg:  0.0, Max:  0.0, Diff:  0.0, Sum:  0.0, Workers: 4
[3784.676s][debug][gc,phases      ] GC(253)     Dead                           Min: 0, Avg:  0.0, Max: 0, Diff: 0, Sum: 0, Workers: 4
[3784.676s][debug][gc,phases      ] GC(253)     Total                          Min: 0, Avg:  0.0, Max: 0, Diff: 0, Sum: 0, Workers: 4
[3784.676s][debug][gc,phases      ] GC(253)   StringTable Weak               Min:  0.0, Avg:  0.1, Max:  0.1, Diff:  0.1, Sum:  0.4, Workers: 4
[3784.676s][debug][gc,phases      ] GC(253)     Dead                           Min: 0, Avg:  0.0, Max: 0, Diff: 0, Sum: 0, Workers: 4
[3784.676s][debug][gc,phases      ] GC(253)     Total                          Min: 0, Avg: 10712.5, Max: 18082, Diff: 18082, Sum: 42850, Workers: 4
[3784.676s][debug][gc,phases      ] GC(253)   ResolvedMethodTable Weak       Min:  0.0, Avg:  0.0, Max:  0.0, Diff:  0.0, Sum:  0.1, Workers: 4
[3784.676s][debug][gc,phases      ] GC(253)     Dead                           Min: 0, Avg:  0.0, Max: 0, Diff: 0, Sum: 0, Workers: 4
[3784.676s][debug][gc,phases      ] GC(253)     Total                          Min: 0, Avg: 2283.8, Max: 3787, Diff: 3787, Sum: 9135, Workers: 4
[3784.676s][debug][gc,phases      ] GC(253)   JNI Weak                       Min:  0.0, Avg:  0.0, Max:  0.0, Diff:  0.0, Sum:  0.0, Workers: 4
[3784.676s][debug][gc,phases      ] GC(253)     Dead                           Min: 0, Avg:  0.0, Max: 0, Diff: 0, Sum: 0, Workers: 4
[3784.676s][debug][gc,phases      ] GC(253)     Total                          Min: 0, Avg: 11.2, Max: 45, Diff: 45, Sum: 45, Workers: 4
[3784.676s][debug][gc,phases      ] GC(253)   StringDedup Table Weak         Min:  0.0, Avg:  0.0, Max:  0.0, Diff:  0.0, Sum:  0.0, Workers: 4
[3784.676s][debug][gc,phases      ] GC(253)     Dead                           Min: 0, Avg:  0.0, Max: 0, Diff: 0, Sum: 0, Workers: 4
[3784.676s][debug][gc,phases      ] GC(253)     Total                          Min: 0, Avg:  0.0, Max: 0, Diff: 0, Sum: 0, Workers: 4
[3784.676s][debug][gc,phases      ] GC(253)   StringDedup Requests0 Weak     Min:  0.0, Avg:  0.0, Max:  0.0, Diff:  0.0, Sum:  0.0, Workers: 4
[3784.676s][debug][gc,phases      ] GC(253)     Dead                           Min: 0, Avg:  0.0, Max: 0, Diff: 0, Sum: 0, Workers: 4
[3784.676s][debug][gc,phases      ] GC(253)     Total                          Min: 0, Avg:  0.0, Max: 0, Diff: 0, Sum: 0, Workers: 4
[3784.676s][debug][gc,phases      ] GC(253)   StringDedup Requests1 Weak     Min:  0.0, Avg:  0.0, Max:  0.0, Diff:  0.0, Sum:  0.0, Workers: 4
[3784.676s][debug][gc,phases      ] GC(253)     Dead                           Min: 0, Avg:  0.0, Max: 0, Diff: 0, Sum: 0, Workers: 4
[3784.676s][debug][gc,phases      ] GC(253)     Total                          Min: 0, Avg:  0.0, Max: 0, Diff: 0, Sum: 0, Workers: 4
[3784.676s][debug][gc,phases      ] GC(253)   Weak JFR Old Object Samples    Min:  0.0, Avg:  0.0, Max:  0.0, Diff:  0.0, Sum:  0.0, Workers: 4
[3784.676s][debug][gc,phases      ] GC(253)     Dead                           Min: 0, Avg:  0.0, Max: 0, Diff: 0, Sum: 0, Workers: 4
[3784.676s][debug][gc,phases      ] GC(253)     Total                          Min: 0, Avg:  0.0, Max: 0, Diff: 0, Sum: 0, Workers: 4
[3784.676s][debug][gc,phases      ] GC(253) Weak Processing 0.355ms
[3784.676s][debug][gc,age         ] GC(253) Desired survivor size 524288 bytes, new threshold 15 (max threshold 15)
[3784.676s][info ][gc,heap        ] GC(253) PSYoungGen: 2096256K(2096640K)->256K(2096640K) Eden: 2096128K(2096128K)->0K(2096128K) From: 128K(512K)->256K(512K)
[3784.676s][info ][gc,heap        ] GC(253) ParOldGen: 236742K(324096K)->236742K(324096K)
[3784.676s][info ][gc,metaspace   ] GC(253) Metaspace: 80243K(81152K)->80243K(81152K) NonClass: 68516K(68992K)->68516K(68992K) Class: 11727K(12160K)->11727K(12160K)
[3784.676s][info ][gc             ] GC(253) Pause Young (Allocation Failure) 2278M->231M(2364M) 1.692ms
[3784.676s][info ][gc,cpu         ] GC(253) User=0.00s Sys=0.00s Real=0.00s
[3784.676s][info ][safepoint      ] Safepoint "ParallelGCFailedAllocation", Time since last: 16398272067 ns, Reaching safepoint: 5400 ns, Cleanup: 46401 ns, At safepoint: 1751207 ns, Total: 1803008 ns
[3797.677s][info ][safepoint      ] Safepoint "Cleanup", Time since last: 13000871235 ns, Reaching safepoint: 3600 ns, Cleanup: 49000 ns, At safepoint: 18001 ns, Total: 70601 ns
[3798.677s][info ][safepoint      ] Safepoint "Cleanup", Time since last: 1000121593 ns, Reaching safepoint: 73600 ns, Cleanup: 46601 ns, At safepoint: 6400 ns, Total: 126601 ns
[3801.075s][info ][gc,start       ] GC(254) Pause Young (Allocation Failure)
[3801.077s][debug][gc,phases      ] GC(254) Scavenge 1.984ms
[3801.077s][debug][gc,ref         ] GC(254) Skipped phase 1 of Reference Processing: no references
[3801.077s][debug][gc,ref         ] GC(254) Skipped phase 2 of Reference Processing: no references
[3801.077s][debug][gc,ref         ] GC(254) Skipped phase 3 of Reference Processing: no references
[3801.077s][debug][gc,ref         ] GC(254) Skipped phase 4 of Reference Processing: no references
[3801.077s][debug][gc,phases      ] GC(254) Reference Processing 0.021ms
[3801.077s][debug][gc,phases      ] GC(254)   VM Weak                        Min:  0.0, Avg:  0.0, Max:  0.0, Diff:  0.0, Sum:  0.0, Workers: 4
[3801.077s][debug][gc,phases      ] GC(254)     Dead                           Min: 0, Avg:  0.0, Max: 0, Diff: 0, Sum: 0, Workers: 4
[3801.077s][debug][gc,phases      ] GC(254)     Total                          Min: 0, Avg: 172.8, Max: 691, Diff: 691, Sum: 691, Workers: 4
[3801.077s][debug][gc,phases      ] GC(254)   ObjectSynchronizer Weak        Min:  0.0, Avg:  0.0, Max:  0.0, Diff:  0.0, Sum:  0.0, Workers: 4
[3801.077s][debug][gc,phases      ] GC(254)     Dead                           Min: 0, Avg:  0.0, Max: 0, Diff: 0, Sum: 0, Workers: 4
[3801.077s][debug][gc,phases      ] GC(254)     Total                          Min: 0, Avg:  1.0, Max: 4, Diff: 4, Sum: 4, Workers: 4
[3801.077s][debug][gc,phases      ] GC(254)   JVMTI Tag Weak OopStorage      Min:  0.0, Avg:  0.0, Max:  0.0, Diff:  0.0, Sum:  0.0, Workers: 4
[3801.077s][debug][gc,phases      ] GC(254)     Dead                           Min: 0, Avg:  0.0, Max: 0, Diff: 0, Sum: 0, Workers: 4
[3801.077s][debug][gc,phases      ] GC(254)     Total                          Min: 0, Avg:  0.0, Max: 0, Diff: 0, Sum: 0, Workers: 4
[3801.077s][debug][gc,phases      ] GC(254)   StringTable Weak               Min:  0.0, Avg:  0.1, Max:  0.1, Diff:  0.1, Sum:  0.4, Workers: 4
[3801.077s][debug][gc,phases      ] GC(254)     Dead                           Min: 0, Avg:  0.0, Max: 0, Diff: 0, Sum: 0, Workers: 4
[3801.077s][debug][gc,phases      ] GC(254)     Total                          Min: 0, Avg: 10718.0, Max: 17664, Diff: 17664, Sum: 42872, Workers: 4
[3801.077s][debug][gc,phases      ] GC(254)   ResolvedMethodTable Weak       Min:  0.0, Avg:  0.0, Max:  0.0, Diff:  0.0, Sum:  0.1, Workers: 4
[3801.077s][debug][gc,phases      ] GC(254)     Dead                           Min: 0, Avg:  0.0, Max: 0, Diff: 0, Sum: 0, Workers: 4
[3801.077s][debug][gc,phases      ] GC(254)     Total                          Min: 0, Avg: 2283.8, Max: 3987, Diff: 3987, Sum: 9135, Workers: 4
[3801.077s][debug][gc,phases      ] GC(254)   JNI Weak                       Min:  0.0, Avg:  0.0, Max:  0.0, Diff:  0.0, Sum:  0.0, Workers: 4
[3801.077s][debug][gc,phases      ] GC(254)     Dead                           Min: 0, Avg:  0.0, Max: 0, Diff: 0, Sum: 0, Workers: 4
[3801.077s][debug][gc,phases      ] GC(254)     Total                          Min: 0, Avg: 11.2, Max: 45, Diff: 45, Sum: 45, Workers: 4
[3801.077s][debug][gc,phases      ] GC(254)   StringDedup Table Weak         Min:  0.0, Avg:  0.0, Max:  0.0, Diff:  0.0, Sum:  0.0, Workers: 4
[3801.077s][debug][gc,phases      ] GC(254)     Dead                           Min: 0, Avg:  0.0, Max: 0, Diff: 0, Sum: 0, Workers: 4
[3801.077s][debug][gc,phases      ] GC(254)     Total                          Min: 0, Avg:  0.0, Max: 0, Diff: 0, Sum: 0, Workers: 4
[3801.077s][debug][gc,phases      ] GC(254)   StringDedup Requests0 Weak     Min:  0.0, Avg:  0.0, Max:  0.0, Diff:  0.0, Sum:  0.0, Workers: 4
[3801.077s][debug][gc,phases      ] GC(254)     Dead                           Min: 0, Avg:  0.0, Max: 0, Diff: 0, Sum: 0, Workers: 4
[3801.077s][debug][gc,phases      ] GC(254)     Total                          Min: 0, Avg:  0.0, Max: 0, Diff: 0, Sum: 0, Workers: 4
[3801.077s][debug][gc,phases      ] GC(254)   StringDedup Requests1 Weak     Min:  0.0, Avg:  0.0, Max:  0.0, Diff:  0.0, Sum:  0.0, Workers: 4
[3801.077s][debug][gc,phases      ] GC(254)     Dead                           Min: 0, Avg:  0.0, Max: 0, Diff: 0, Sum: 0, Workers: 4
[3801.077s][debug][gc,phases      ] GC(254)     Total                          Min: 0, Avg:  0.0, Max: 0, Diff: 0, Sum: 0, Workers: 4
[3801.077s][debug][gc,phases      ] GC(254)   Weak JFR Old Object Samples    Min:  0.0, Avg:  0.0, Max:  0.0, Diff:  0.0, Sum:  0.0, Workers: 4
[3801.077s][debug][gc,phases      ] GC(254)     Dead                           Min: 0, Avg:  0.0, Max: 0, Diff: 0, Sum: 0, Workers: 4
[3801.077s][debug][gc,phases      ] GC(254)     Total                          Min: 0, Avg:  0.0, Max: 0, Diff: 0, Sum: 0, Workers: 4
[3801.077s][debug][gc,phases      ] GC(254) Weak Processing 0.360ms
[3801.077s][debug][gc,age         ] GC(254) Desired survivor size 524288 bytes, new threshold 15 (max threshold 15)
[3801.077s][info ][gc,heap        ] GC(254) PSYoungGen: 2096384K(2096640K)->96K(2096640K) Eden: 2096128K(2096128K)->0K(2096128K) From: 256K(512K)->96K(512K)
[3801.077s][info ][gc,heap        ] GC(254) ParOldGen: 236742K(324096K)->236750K(324096K)
[3801.077s][info ][gc,metaspace   ] GC(254) Metaspace: 80243K(81152K)->80243K(81152K) NonClass: 68516K(68992K)->68516K(68992K) Class: 11727K(12160K)->11727K(12160K)
[3801.077s][info ][gc             ] GC(254) Pause Young (Allocation Failure) 2278M->231M(2364M) 2.470ms
[3801.077s][info ][gc,cpu         ] GC(254) User=0.01s Sys=0.00s Real=0.00s
[3801.077s][info ][safepoint      ] Safepoint "ParallelGCFailedAllocation", Time since last: 2397712233 ns, Reaching safepoint: 4500 ns, Cleanup: 23900 ns, At safepoint: 2529011 ns, Total: 2557411 ns
[3817.523s][info ][gc,start       ] GC(255) Pause Young (Allocation Failure)
[3817.525s][debug][gc,phases      ] GC(255) Scavenge 1.927ms
[3817.525s][debug][gc,ref         ] GC(255) Skipped phase 1 of Reference Processing: no references
[3817.525s][debug][gc,ref         ] GC(255) Skipped phase 2 of Reference Processing: no references
[3817.525s][debug][gc,ref         ] GC(255) Skipped phase 3 of Reference Processing: no references
[3817.525s][debug][gc,ref         ] GC(255) Skipped phase 4 of Reference Processing: no references
[3817.525s][debug][gc,phases      ] GC(255) Reference Processing 0.020ms
[3817.525s][debug][gc,phases      ] GC(255)   VM Weak                        Min:  0.0, Avg:  0.0, Max:  0.0, Diff:  0.0, Sum:  0.0, Workers: 4
[3817.525s][debug][gc,phases      ] GC(255)     Dead                           Min: 0, Avg:  0.0, Max: 0, Diff: 0, Sum: 0, Workers: 4
[3817.525s][debug][gc,phases      ] GC(255)     Total                          Min: 0, Avg: 172.8, Max: 435, Diff: 435, Sum: 691, Workers: 4
[3817.525s][debug][gc,phases      ] GC(255)   ObjectSynchronizer Weak        Min:  0.0, Avg:  0.0, Max:  0.0, Diff:  0.0, Sum:  0.0, Workers: 4
[3817.525s][debug][gc,phases      ] GC(255)     Dead                           Min: 0, Avg:  0.0, Max: 0, Diff: 0, Sum: 0, Workers: 4
[3817.525s][debug][gc,phases      ] GC(255)     Total                          Min: 0, Avg:  1.0, Max: 4, Diff: 4, Sum: 4, Workers: 4
[3817.525s][debug][gc,phases      ] GC(255)   JVMTI Tag Weak OopStorage      Min:  0.0, Avg:  0.0, Max:  0.0, Diff:  0.0, Sum:  0.0, Workers: 4
[3817.525s][debug][gc,phases      ] GC(255)     Dead                           Min: 0, Avg:  0.0, Max: 0, Diff: 0, Sum: 0, Workers: 4
[3817.525s][debug][gc,phases      ] GC(255)     Total                          Min: 0, Avg:  0.0, Max: 0, Diff: 0, Sum: 0, Workers: 4
[3817.525s][debug][gc,phases      ] GC(255)   StringTable Weak               Min:  0.0, Avg:  0.1, Max:  0.1, Diff:  0.1, Sum:  0.4, Workers: 4
[3817.525s][debug][gc,phases      ] GC(255)     Dead                           Min: 0, Avg:  0.0, Max: 0, Diff: 0, Sum: 0, Workers: 4
[3817.525s][debug][gc,phases      ] GC(255)     Total                          Min: 0, Avg: 10718.0, Max: 18680, Diff: 18680, Sum: 42872, Workers: 4
[3817.525s][debug][gc,phases      ] GC(255)   ResolvedMethodTable Weak       Min:  0.0, Avg:  0.0, Max:  0.0, Diff:  0.0, Sum:  0.1, Workers: 4
[3817.525s][debug][gc,phases      ] GC(255)     Dead                           Min: 0, Avg:  0.0, Max: 0, Diff: 0, Sum: 0, Workers: 4
[3817.525s][debug][gc,phases      ] GC(255)     Total                          Min: 0, Avg: 2283.8, Max: 3988, Diff: 3988, Sum: 9135, Workers: 4
[3817.525s][debug][gc,phases      ] GC(255)   JNI Weak                       Min:  0.0, Avg:  0.0, Max:  0.0, Diff:  0.0, Sum:  0.0, Workers: 4
[3817.525s][debug][gc,phases      ] GC(255)     Dead                           Min: 0, Avg:  0.0, Max: 0, Diff: 0, Sum: 0, Workers: 4
[3817.525s][debug][gc,phases      ] GC(255)     Total                          Min: 0, Avg: 11.2, Max: 45, Diff: 45, Sum: 45, Workers: 4
[3817.525s][debug][gc,phases      ] GC(255)   StringDedup Table Weak         Min:  0.0, Avg:  0.0, Max:  0.0, Diff:  0.0, Sum:  0.0, Workers: 4
[3817.525s][debug][gc,phases      ] GC(255)     Dead                           Min: 0, Avg:  0.0, Max: 0, Diff: 0, Sum: 0, Workers: 4
[3817.525s][debug][gc,phases      ] GC(255)     Total                          Min: 0, Avg:  0.0, Max: 0, Diff: 0, Sum: 0, Workers: 4
[3817.525s][debug][gc,phases      ] GC(255)   StringDedup Requests0 Weak     Min:  0.0, Avg:  0.0, Max:  0.0, Diff:  0.0, Sum:  0.0, Workers: 4
[3817.525s][debug][gc,phases      ] GC(255)     Dead                           Min: 0, Avg:  0.0, Max: 0, Diff: 0, Sum: 0, Workers: 4
[3817.525s][debug][gc,phases      ] GC(255)     Total                          Min: 0, Avg:  0.0, Max: 0, Diff: 0, Sum: 0, Workers: 4
[3817.525s][debug][gc,phases      ] GC(255)   StringDedup Requests1 Weak     Min:  0.0, Avg:  0.0, Max:  0.0, Diff:  0.0, Sum:  0.0, Workers: 4
[3817.525s][debug][gc,phases      ] GC(255)     Dead                           Min: 0, Avg:  0.0, Max: 0, Diff: 0, Sum: 0, Workers: 4
[3817.525s][debug][gc,phases      ] GC(255)     Total                          Min: 0, Avg:  0.0, Max: 0, Diff: 0, Sum: 0, Workers: 4
[3817.525s][debug][gc,phases      ] GC(255)   Weak JFR Old Object Samples    Min:  0.0, Avg:  0.0, Max:  0.0, Diff:  0.0, Sum:  0.0, Workers: 4
[3817.525s][debug][gc,phases      ] GC(255)     Dead                           Min: 0, Avg:  0.0, Max: 0, Diff: 0, Sum: 0, Workers: 4
[3817.525s][debug][gc,phases      ] GC(255)     Total                          Min: 0, Avg:  0.0, Max: 0, Diff: 0, Sum: 0, Workers: 4
[3817.525s][debug][gc,phases      ] GC(255) Weak Processing 0.341ms
[3817.525s][debug][gc,age         ] GC(255) Desired survivor size 524288 bytes, new threshold 15 (max threshold 15)
[3817.525s][info ][gc,heap        ] GC(255) PSYoungGen: 2096224K(2096640K)->192K(2096640K) Eden: 2096128K(2096128K)->0K(2096128K) From: 96K(512K)->192K(512K)
[3817.525s][info ][gc,heap        ] GC(255) ParOldGen: 236750K(324096K)->236758K(324096K)
[3817.525s][info ][gc,metaspace   ] GC(255) Metaspace: 80243K(81152K)->80243K(81152K) NonClass: 68516K(68992K)->68516K(68992K) Class: 11727K(12160K)->11727K(12160K)
[3817.525s][info ][gc             ] GC(255) Pause Young (Allocation Failure) 2278M->231M(2364M) 2.395ms
[3817.525s][info ][gc,cpu         ] GC(255) User=0.00s Sys=0.00s Real=0.00s
[3817.525s][info ][safepoint      ] Safepoint "ParallelGCFailedAllocation", Time since last: 16445565508 ns, Reaching safepoint: 6500 ns, Cleanup: 25000 ns, At safepoint: 2454211 ns, Total: 2485711 ns
[3833.924s][info ][gc,start       ] GC(256) Pause Young (Allocation Failure)
[3833.925s][debug][gc,phases      ] GC(256) Scavenge 1.599ms
[3833.925s][debug][gc,ref         ] GC(256) Skipped phase 1 of Reference Processing: no references
[3833.925s][debug][gc,ref         ] GC(256) Skipped phase 2 of Reference Processing: no references
[3833.925s][debug][gc,ref         ] GC(256) Skipped phase 3 of Reference Processing: no references
[3833.925s][debug][gc,ref         ] GC(256) Skipped phase 4 of Reference Processing: no references
[3833.925s][debug][gc,phases      ] GC(256) Reference Processing 0.026ms
[3833.926s][debug][gc,phases      ] GC(256)   VM Weak                        Min:  0.0, Avg:  0.0, Max:  0.0, Diff:  0.0, Sum:  0.0, Workers: 4
[3833.926s][debug][gc,phases      ] GC(256)     Dead                           Min: 0, Avg:  0.0, Max: 0, Diff: 0, Sum: 0, Workers: 4
[3833.926s][debug][gc,phases      ] GC(256)     Total                          Min: 0, Avg: 172.8, Max: 576, Diff: 576, Sum: 691, Workers: 4
[3833.926s][debug][gc,phases      ] GC(256)   ObjectSynchronizer Weak        Min:  0.0, Avg:  0.0, Max:  0.0, Diff:  0.0, Sum:  0.0, Workers: 4
[3833.926s][debug][gc,phases      ] GC(256)     Dead                           Min: 0, Avg:  0.0, Max: 0, Diff: 0, Sum: 0, Workers: 4
[3833.926s][debug][gc,phases      ] GC(256)     Total                          Min: 0, Avg:  1.0, Max: 4, Diff: 4, Sum: 4, Workers: 4
[3833.926s][debug][gc,phases      ] GC(256)   JVMTI Tag Weak OopStorage      Min:  0.0, Avg:  0.0, Max:  0.0, Diff:  0.0, Sum:  0.0, Workers: 4
[3833.926s][debug][gc,phases      ] GC(256)     Dead                           Min: 0, Avg:  0.0, Max: 0, Diff: 0, Sum: 0, Workers: 4
[3833.926s][debug][gc,phases      ] GC(256)     Total                          Min: 0, Avg:  0.0, Max: 0, Diff: 0, Sum: 0, Workers: 4
[3833.926s][debug][gc,phases      ] GC(256)   StringTable Weak               Min:  0.0, Avg:  0.1, Max:  0.1, Diff:  0.1, Sum:  0.4, Workers: 4
[3833.926s][debug][gc,phases      ] GC(256)     Dead                           Min: 0, Avg:  0.0, Max: 0, Diff: 0, Sum: 0, Workers: 4
[3833.926s][debug][gc,phases      ] GC(256)     Total                          Min: 0, Avg: 10718.0, Max: 18496, Diff: 18496, Sum: 42872, Workers: 4
[3833.926s][debug][gc,phases      ] GC(256)   ResolvedMethodTable Weak       Min:  0.0, Avg:  0.0, Max:  0.0, Diff:  0.0, Sum:  0.1, Workers: 4
[3833.926s][debug][gc,phases      ] GC(256)     Dead                           Min: 0, Avg:  0.0, Max: 0, Diff: 0, Sum: 0, Workers: 4
[3833.926s][debug][gc,phases      ] GC(256)     Total                          Min: 0, Avg: 2283.8, Max: 4112, Diff: 4112, Sum: 9135, Workers: 4
[3833.926s][debug][gc,phases      ] GC(256)   JNI Weak                       Min:  0.0, Avg:  0.0, Max:  0.0, Diff:  0.0, Sum:  0.0, Workers: 4
[3833.926s][debug][gc,phases      ] GC(256)     Dead                           Min: 0, Avg:  0.0, Max: 0, Diff: 0, Sum: 0, Workers: 4
[3833.926s][debug][gc,phases      ] GC(256)     Total                          Min: 0, Avg: 11.2, Max: 45, Diff: 45, Sum: 45, Workers: 4
[3833.926s][debug][gc,phases      ] GC(256)   StringDedup Table Weak         Min:  0.0, Avg:  0.0, Max:  0.0, Diff:  0.0, Sum:  0.0, Workers: 4
[3833.926s][debug][gc,phases      ] GC(256)     Dead                           Min: 0, Avg:  0.0, Max: 0, Diff: 0, Sum: 0, Workers: 4
[3833.926s][debug][gc,phases      ] GC(256)     Total                          Min: 0, Avg:  0.0, Max: 0, Diff: 0, Sum: 0, Workers: 4
[3833.926s][debug][gc,phases      ] GC(256)   StringDedup Requests0 Weak     Min:  0.0, Avg:  0.0, Max:  0.0, Diff:  0.0, Sum:  0.0, Workers: 4
[3833.926s][debug][gc,phases      ] GC(256)     Dead                           Min: 0, Avg:  0.0, Max: 0, Diff: 0, Sum: 0, Workers: 4
[3833.926s][debug][gc,phases      ] GC(256)     Total                          Min: 0, Avg:  0.0, Max: 0, Diff: 0, Sum: 0, Workers: 4
[3833.926s][debug][gc,phases      ] GC(256)   StringDedup Requests1 Weak     Min:  0.0, Avg:  0.0, Max:  0.0, Diff:  0.0, Sum:  0.0, Workers: 4
[3833.926s][debug][gc,phases      ] GC(256)     Dead                           Min: 0, Avg:  0.0, Max: 0, Diff: 0, Sum: 0, Workers: 4
[3833.926s][debug][gc,phases      ] GC(256)     Total                          Min: 0, Avg:  0.0, Max: 0, Diff: 0, Sum: 0, Workers: 4
[3833.926s][debug][gc,phases      ] GC(256)   Weak JFR Old Object Samples    Min:  0.0, Avg:  0.0, Max:  0.0, Diff:  0.0, Sum:  0.0, Workers: 4
[3833.926s][debug][gc,phases      ] GC(256)     Dead                           Min: 0, Avg:  0.0, Max: 0, Diff: 0, Sum: 0, Workers: 4
[3833.926s][debug][gc,phases      ] GC(256)     Total                          Min: 0, Avg:  0.0, Max: 0, Diff: 0, Sum: 0, Workers: 4
[3833.926s][debug][gc,phases      ] GC(256) Weak Processing 0.329ms
[3833.926s][debug][gc,age         ] GC(256) Desired survivor size 524288 bytes, new threshold 15 (max threshold 15)
[3833.926s][info ][gc,heap        ] GC(256) PSYoungGen: 2096320K(2096640K)->128K(2096640K) Eden: 2096128K(2096128K)->0K(2096128K) From: 192K(512K)->128K(512K)
[3833.926s][info ][gc,heap        ] GC(256) ParOldGen: 236758K(324096K)->236758K(324096K)
[3833.926s][info ][gc,metaspace   ] GC(256) Metaspace: 80243K(81152K)->80243K(81152K) NonClass: 68516K(68992K)->68516K(68992K) Class: 11727K(12160K)->11727K(12160K)
[3833.926s][info ][gc             ] GC(256) Pause Young (Allocation Failure) 2278M->231M(2364M) 2.074ms
[3833.926s][info ][gc,cpu         ] GC(256) User=0.01s Sys=0.00s Real=0.00s
[3833.926s][info ][safepoint      ] Safepoint "ParallelGCFailedAllocation", Time since last: 16398153109 ns, Reaching safepoint: 5100 ns, Cleanup: 28300 ns, At safepoint: 2134109 ns, Total: 2167509 ns
[3842.926s][info ][safepoint      ] Safepoint "Cleanup", Time since last: 9000527487 ns, Reaching safepoint: 79500 ns, Cleanup: 47300 ns, At safepoint: 7200 ns, Total: 134000 ns
[3850.325s][info ][gc,start       ] GC(257) Pause Young (Allocation Failure)
[3850.326s][debug][gc,phases      ] GC(257) Scavenge 1.269ms
[3850.326s][debug][gc,ref         ] GC(257) Skipped phase 1 of Reference Processing: no references
[3850.326s][debug][gc,ref         ] GC(257) Skipped phase 2 of Reference Processing: no references
[3850.326s][debug][gc,ref         ] GC(257) Skipped phase 3 of Reference Processing: no references
[3850.326s][debug][gc,ref         ] GC(257) Skipped phase 4 of Reference Processing: no references
[3850.326s][debug][gc,phases      ] GC(257) Reference Processing 0.028ms
[3850.327s][debug][gc,phases      ] GC(257)   VM Weak                        Min:  0.0, Avg:  0.0, Max:  0.0, Diff:  0.0, Sum:  0.0, Workers: 4
[3850.327s][debug][gc,phases      ] GC(257)     Dead                           Min: 0, Avg:  0.0, Max: 0, Diff: 0, Sum: 0, Workers: 4
[3850.327s][debug][gc,phases      ] GC(257)     Total                          Min: 0, Avg: 172.8, Max: 563, Diff: 563, Sum: 691, Workers: 4
[3850.327s][debug][gc,phases      ] GC(257)   ObjectSynchronizer Weak        Min:  0.0, Avg:  0.0, Max:  0.0, Diff:  0.0, Sum:  0.0, Workers: 4
[3850.327s][debug][gc,phases      ] GC(257)     Dead                           Min: 0, Avg:  0.0, Max: 0, Diff: 0, Sum: 0, Workers: 4
[3850.327s][debug][gc,phases      ] GC(257)     Total                          Min: 0, Avg:  1.0, Max: 4, Diff: 4, Sum: 4, Workers: 4
[3850.327s][debug][gc,phases      ] GC(257)   JVMTI Tag Weak OopStorage      Min:  0.0, Avg:  0.0, Max:  0.0, Diff:  0.0, Sum:  0.0, Workers: 4
[3850.327s][debug][gc,phases      ] GC(257)     Dead                           Min: 0, Avg:  0.0, Max: 0, Diff: 0, Sum: 0, Workers: 4
[3850.327s][debug][gc,phases      ] GC(257)     Total                          Min: 0, Avg:  0.0, Max: 0, Diff: 0, Sum: 0, Workers: 4
[3850.327s][debug][gc,phases      ] GC(257)   StringTable Weak               Min:  0.0, Avg:  0.1, Max:  0.1, Diff:  0.1, Sum:  0.4, Workers: 4
[3850.327s][debug][gc,phases      ] GC(257)     Dead                           Min: 0, Avg:  0.0, Max: 0, Diff: 0, Sum: 0, Workers: 4
[3850.327s][debug][gc,phases      ] GC(257)     Total                          Min: 0, Avg: 10718.0, Max: 16952, Diff: 16952, Sum: 42872, Workers: 4
[3850.327s][debug][gc,phases      ] GC(257)   ResolvedMethodTable Weak       Min:  0.0, Avg:  0.0, Max:  0.0, Diff:  0.0, Sum:  0.1, Workers: 4
[3850.327s][debug][gc,phases      ] GC(257)     Dead                           Min: 0, Avg:  0.0, Max: 0, Diff: 0, Sum: 0, Workers: 4
[3850.327s][debug][gc,phases      ] GC(257)     Total                          Min: 0, Avg: 2283.8, Max: 3960, Diff: 3960, Sum: 9135, Workers: 4
[3850.327s][debug][gc,phases      ] GC(257)   JNI Weak                       Min:  0.0, Avg:  0.0, Max:  0.0, Diff:  0.0, Sum:  0.0, Workers: 4
[3850.327s][debug][gc,phases      ] GC(257)     Dead                           Min: 0, Avg:  0.0, Max: 0, Diff: 0, Sum: 0, Workers: 4
[3850.327s][debug][gc,phases      ] GC(257)     Total                          Min: 0, Avg: 11.2, Max: 45, Diff: 45, Sum: 45, Workers: 4
[3850.327s][debug][gc,phases      ] GC(257)   StringDedup Table Weak         Min:  0.0, Avg:  0.0, Max:  0.0, Diff:  0.0, Sum:  0.0, Workers: 4
[3850.327s][debug][gc,phases      ] GC(257)     Dead                           Min: 0, Avg:  0.0, Max: 0, Diff: 0, Sum: 0, Workers: 4
[3850.327s][debug][gc,phases      ] GC(257)     Total                          Min: 0, Avg:  0.0, Max: 0, Diff: 0, Sum: 0, Workers: 4
[3850.327s][debug][gc,phases      ] GC(257)   StringDedup Requests0 Weak     Min:  0.0, Avg:  0.0, Max:  0.0, Diff:  0.0, Sum:  0.0, Workers: 4
[3850.327s][debug][gc,phases      ] GC(257)     Dead                           Min: 0, Avg:  0.0, Max: 0, Diff: 0, Sum: 0, Workers: 4
[3850.327s][debug][gc,phases      ] GC(257)     Total                          Min: 0, Avg:  0.0, Max: 0, Diff: 0, Sum: 0, Workers: 4
[3850.327s][debug][gc,phases      ] GC(257)   StringDedup Requests1 Weak     Min:  0.0, Avg:  0.0, Max:  0.0, Diff:  0.0, Sum:  0.0, Workers: 4
[3850.327s][debug][gc,phases      ] GC(257)     Dead                           Min: 0, Avg:  0.0, Max: 0, Diff: 0, Sum: 0, Workers: 4
[3850.327s][debug][gc,phases      ] GC(257)     Total                          Min: 0, Avg:  0.0, Max: 0, Diff: 0, Sum: 0, Workers: 4
[3850.327s][debug][gc,phases      ] GC(257)   Weak JFR Old Object Samples    Min:  0.0, Avg:  0.0, Max:  0.0, Diff:  0.0, Sum:  0.0, Workers: 4
[3850.327s][debug][gc,phases      ] GC(257)     Dead                           Min: 0, Avg:  0.0, Max: 0, Diff: 0, Sum: 0, Workers: 4
[3850.327s][debug][gc,phases      ] GC(257)     Total                          Min: 0, Avg:  0.0, Max: 0, Diff: 0, Sum: 0, Workers: 4
[3850.327s][debug][gc,phases      ] GC(257) Weak Processing 0.353ms
[3850.327s][debug][gc,age         ] GC(257) Desired survivor size 524288 bytes, new threshold 15 (max threshold 15)
[3850.327s][info ][gc,heap        ] GC(257) PSYoungGen: 2096256K(2096640K)->224K(2096640K) Eden: 2096128K(2096128K)->0K(2096128K) From: 128K(512K)->224K(512K)
[3850.327s][info ][gc,heap        ] GC(257) ParOldGen: 236758K(324096K)->236782K(324096K)
[3850.327s][info ][gc,metaspace   ] GC(257) Metaspace: 80243K(81152K)->80243K(81152K) NonClass: 68516K(68992K)->68516K(68992K) Class: 11727K(12160K)->11727K(12160K)
[3850.327s][info ][gc             ] GC(257) Pause Young (Allocation Failure) 2278M->231M(2364M) 1.742ms
[3850.327s][info ][gc,cpu         ] GC(257) User=0.00s Sys=0.00s Real=0.00s
[3850.327s][info ][safepoint      ] Safepoint "ParallelGCFailedAllocation", Time since last: 7398544231 ns, Reaching safepoint: 6200 ns, Cleanup: 42900 ns, At safepoint: 1806008 ns, Total: 1855108 ns
[3857.327s][info ][safepoint      ] Safepoint "Cleanup", Time since last: 7000458805 ns, Reaching safepoint: 5600 ns, Cleanup: 45100 ns, At safepoint: 2800 ns, Total: 53500 ns
[3866.773s][info ][gc,start       ] GC(258) Pause Young (Allocation Failure)
[3866.775s][debug][gc,phases      ] GC(258) Scavenge 1.959ms
[3866.775s][debug][gc,ref         ] GC(258) Skipped phase 1 of Reference Processing: no references
[3866.775s][debug][gc,ref         ] GC(258) Skipped phase 2 of Reference Processing: no references
[3866.775s][debug][gc,ref         ] GC(258) Skipped phase 3 of Reference Processing: no references
[3866.775s][debug][gc,ref         ] GC(258) Skipped phase 4 of Reference Processing: no references
[3866.775s][debug][gc,phases      ] GC(258) Reference Processing 0.019ms
[3866.775s][debug][gc,phases      ] GC(258)   VM Weak                        Min:  0.0, Avg:  0.0, Max:  0.0, Diff:  0.0, Sum:  0.0, Workers: 4
[3866.775s][debug][gc,phases      ] GC(258)     Dead                           Min: 0, Avg:  0.0, Max: 0, Diff: 0, Sum: 0, Workers: 4
[3866.775s][debug][gc,phases      ] GC(258)     Total                          Min: 0, Avg: 172.8, Max: 512, Diff: 512, Sum: 691, Workers: 4
[3866.775s][debug][gc,phases      ] GC(258)   ObjectSynchronizer Weak        Min:  0.0, Avg:  0.0, Max:  0.0, Diff:  0.0, Sum:  0.0, Workers: 4
[3866.775s][debug][gc,phases      ] GC(258)     Dead                           Min: 0, Avg:  0.0, Max: 0, Diff: 0, Sum: 0, Workers: 4
[3866.775s][debug][gc,phases      ] GC(258)     Total                          Min: 0, Avg:  1.0, Max: 4, Diff: 4, Sum: 4, Workers: 4
[3866.775s][debug][gc,phases      ] GC(258)   JVMTI Tag Weak OopStorage      Min:  0.0, Avg:  0.0, Max:  0.0, Diff:  0.0, Sum:  0.0, Workers: 4
[3866.775s][debug][gc,phases      ] GC(258)     Dead                           Min: 0, Avg:  0.0, Max: 0, Diff: 0, Sum: 0, Workers: 4
[3866.775s][debug][gc,phases      ] GC(258)     Total                          Min: 0, Avg:  0.0, Max: 0, Diff: 0, Sum: 0, Workers: 4
[3866.775s][debug][gc,phases      ] GC(258)   StringTable Weak               Min:  0.0, Avg:  0.1, Max:  0.1, Diff:  0.1, Sum:  0.4, Workers: 4
[3866.775s][debug][gc,phases      ] GC(258)     Dead                           Min: 0, Avg:  0.0, Max: 0, Diff: 0, Sum: 0, Workers: 4
[3866.775s][debug][gc,phases      ] GC(258)     Total                          Min: 0, Avg: 10718.0, Max: 17792, Diff: 17792, Sum: 42872, Workers: 4
[3866.775s][debug][gc,phases      ] GC(258)   ResolvedMethodTable Weak       Min:  0.0, Avg:  0.0, Max:  0.0, Diff:  0.0, Sum:  0.1, Workers: 4
[3866.775s][debug][gc,phases      ] GC(258)     Dead                           Min: 0, Avg:  0.0, Max: 0, Diff: 0, Sum: 0, Workers: 4
[3866.775s][debug][gc,phases      ] GC(258)     Total                          Min: 0, Avg: 2283.8, Max: 4213, Diff: 4213, Sum: 9135, Workers: 4
[3866.775s][debug][gc,phases      ] GC(258)   JNI Weak                       Min:  0.0, Avg:  0.0, Max:  0.0, Diff:  0.0, Sum:  0.0, Workers: 4
[3866.775s][debug][gc,phases      ] GC(258)     Dead                           Min: 0, Avg:  0.0, Max: 0, Diff: 0, Sum: 0, Workers: 4
[3866.775s][debug][gc,phases      ] GC(258)     Total                          Min: 0, Avg: 11.2, Max: 45, Diff: 45, Sum: 45, Workers: 4
[3866.775s][debug][gc,phases      ] GC(258)   StringDedup Table Weak         Min:  0.0, Avg:  0.0, Max:  0.0, Diff:  0.0, Sum:  0.0, Workers: 4
[3866.775s][debug][gc,phases      ] GC(258)     Dead                           Min: 0, Avg:  0.0, Max: 0, Diff: 0, Sum: 0, Workers: 4
[3866.775s][debug][gc,phases      ] GC(258)     Total                          Min: 0, Avg:  0.0, Max: 0, Diff: 0, Sum: 0, Workers: 4
[3866.775s][debug][gc,phases      ] GC(258)   StringDedup Requests0 Weak     Min:  0.0, Avg:  0.0, Max:  0.0, Diff:  0.0, Sum:  0.0, Workers: 4
[3866.775s][debug][gc,phases      ] GC(258)     Dead                           Min: 0, Avg:  0.0, Max: 0, Diff: 0, Sum: 0, Workers: 4
[3866.775s][debug][gc,phases      ] GC(258)     Total                          Min: 0, Avg:  0.0, Max: 0, Diff: 0, Sum: 0, Workers: 4
[3866.775s][debug][gc,phases      ] GC(258)   StringDedup Requests1 Weak     Min:  0.0, Avg:  0.0, Max:  0.0, Diff:  0.0, Sum:  0.0, Workers: 4
[3866.775s][debug][gc,phases      ] GC(258)     Dead                           Min: 0, Avg:  0.0, Max: 0, Diff: 0, Sum: 0, Workers: 4
[3866.775s][debug][gc,phases      ] GC(258)     Total                          Min: 0, Avg:  0.0, Max: 0, Diff: 0, Sum: 0, Workers: 4
[3866.775s][debug][gc,phases      ] GC(258)   Weak JFR Old Object Samples    Min:  0.0, Avg:  0.0, Max:  0.0, Diff:  0.0, Sum:  0.0, Workers: 4
[3866.775s][debug][gc,phases      ] GC(258)     Dead                           Min: 0, Avg:  0.0, Max: 0, Diff: 0, Sum: 0, Workers: 4
[3866.775s][debug][gc,phases      ] GC(258)     Total                          Min: 0, Avg:  0.0, Max: 0, Diff: 0, Sum: 0, Workers: 4
[3866.775s][debug][gc,phases      ] GC(258) Weak Processing 0.332ms
[3866.775s][debug][gc,age         ] GC(258) Desired survivor size 524288 bytes, new threshold 15 (max threshold 15)
[3866.775s][info ][gc,heap        ] GC(258) PSYoungGen: 2096352K(2096640K)->256K(2096640K) Eden: 2096128K(2096128K)->0K(2096128K) From: 224K(512K)->256K(512K)
[3866.775s][info ][gc,heap        ] GC(258) ParOldGen: 236782K(324096K)->236814K(324096K)
[3866.775s][info ][gc,metaspace   ] GC(258) Metaspace: 80244K(81152K)->80244K(81152K) NonClass: 68517K(68992K)->68517K(68992K) Class: 11727K(12160K)->11727K(12160K)
[3866.775s][info ][gc             ] GC(258) Pause Young (Allocation Failure) 2278M->231M(2364M) 2.402ms
[3866.775s][info ][gc,cpu         ] GC(258) User=0.00s Sys=0.00s Real=0.00s
[3866.775s][info ][safepoint      ] Safepoint "ParallelGCFailedAllocation", Time since last: 9445403216 ns, Reaching safepoint: 3900 ns, Cleanup: 20600 ns, At safepoint: 2465111 ns, Total: 2489611 ns
[3883.174s][info ][gc,start       ] GC(259) Pause Young (Allocation Failure)
[3883.176s][debug][gc,phases      ] GC(259) Scavenge 2.070ms
[3883.176s][debug][gc,ref         ] GC(259) Skipped phase 1 of Reference Processing: no references
[3883.176s][debug][gc,ref         ] GC(259) Skipped phase 2 of Reference Processing: no references
[3883.176s][debug][gc,ref         ] GC(259) Skipped phase 3 of Reference Processing: no references
[3883.176s][debug][gc,ref         ] GC(259) Skipped phase 4 of Reference Processing: no references
[3883.176s][debug][gc,phases      ] GC(259) Reference Processing 0.022ms
[3883.176s][debug][gc,phases      ] GC(259)   VM Weak                        Min:  0.0, Avg:  0.0, Max:  0.0, Diff:  0.0, Sum:  0.0, Workers: 4
[3883.176s][debug][gc,phases      ] GC(259)     Dead                           Min: 0, Avg:  0.0, Max: 0, Diff: 0, Sum: 0, Workers: 4
[3883.176s][debug][gc,phases      ] GC(259)     Total                          Min: 0, Avg: 172.8, Max: 371, Diff: 371, Sum: 691, Workers: 4
[3883.176s][debug][gc,phases      ] GC(259)   ObjectSynchronizer Weak        Min:  0.0, Avg:  0.0, Max:  0.0, Diff:  0.0, Sum:  0.0, Workers: 4
[3883.176s][debug][gc,phases      ] GC(259)     Dead                           Min: 0, Avg:  0.0, Max: 0, Diff: 0, Sum: 0, Workers: 4
[3883.176s][debug][gc,phases      ] GC(259)     Total                          Min: 0, Avg:  1.0, Max: 4, Diff: 4, Sum: 4, Workers: 4
[3883.176s][debug][gc,phases      ] GC(259)   JVMTI Tag Weak OopStorage      Min:  0.0, Avg:  0.0, Max:  0.0, Diff:  0.0, Sum:  0.0, Workers: 4
[3883.176s][debug][gc,phases      ] GC(259)     Dead                           Min: 0, Avg:  0.0, Max: 0, Diff: 0, Sum: 0, Workers: 4
[3883.176s][debug][gc,phases      ] GC(259)     Total                          Min: 0, Avg:  0.0, Max: 0, Diff: 0, Sum: 0, Workers: 4
[3883.176s][debug][gc,phases      ] GC(259)   StringTable Weak               Min:  0.0, Avg:  0.1, Max:  0.1, Diff:  0.1, Sum:  0.4, Workers: 4
[3883.176s][debug][gc,phases      ] GC(259)     Dead                           Min: 0, Avg:  0.0, Max: 0, Diff: 0, Sum: 0, Workers: 4
[3883.176s][debug][gc,phases      ] GC(259)     Total                          Min: 0, Avg: 10718.0, Max: 16696, Diff: 16696, Sum: 42872, Workers: 4
[3883.176s][debug][gc,phases      ] GC(259)   ResolvedMethodTable Weak       Min:  0.0, Avg:  0.0, Max:  0.0, Diff:  0.0, Sum:  0.1, Workers: 4
[3883.176s][debug][gc,phases      ] GC(259)     Dead                           Min: 0, Avg:  0.0, Max: 0, Diff: 0, Sum: 0, Workers: 4
[3883.176s][debug][gc,phases      ] GC(259)     Total                          Min: 0, Avg: 2283.8, Max: 3787, Diff: 3787, Sum: 9135, Workers: 4
[3883.176s][debug][gc,phases      ] GC(259)   JNI Weak                       Min:  0.0, Avg:  0.0, Max:  0.0, Diff:  0.0, Sum:  0.0, Workers: 4
[3883.176s][debug][gc,phases      ] GC(259)     Dead                           Min: 0, Avg:  0.0, Max: 0, Diff: 0, Sum: 0, Workers: 4
[3883.176s][debug][gc,phases      ] GC(259)     Total                          Min: 0, Avg: 11.2, Max: 45, Diff: 45, Sum: 45, Workers: 4
[3883.176s][debug][gc,phases      ] GC(259)   StringDedup Table Weak         Min:  0.0, Avg:  0.0, Max:  0.0, Diff:  0.0, Sum:  0.0, Workers: 4
[3883.176s][debug][gc,phases      ] GC(259)     Dead                           Min: 0, Avg:  0.0, Max: 0, Diff: 0, Sum: 0, Workers: 4
[3883.176s][debug][gc,phases      ] GC(259)     Total                          Min: 0, Avg:  0.0, Max: 0, Diff: 0, Sum: 0, Workers: 4
[3883.176s][debug][gc,phases      ] GC(259)   StringDedup Requests0 Weak     Min:  0.0, Avg:  0.0, Max:  0.0, Diff:  0.0, Sum:  0.0, Workers: 4
[3883.176s][debug][gc,phases      ] GC(259)     Dead                           Min: 0, Avg:  0.0, Max: 0, Diff: 0, Sum: 0, Workers: 4
[3883.176s][debug][gc,phases      ] GC(259)     Total                          Min: 0, Avg:  0.0, Max: 0, Diff: 0, Sum: 0, Workers: 4
[3883.176s][debug][gc,phases      ] GC(259)   StringDedup Requests1 Weak     Min:  0.0, Avg:  0.0, Max:  0.0, Diff:  0.0, Sum:  0.0, Workers: 4
[3883.176s][debug][gc,phases      ] GC(259)     Dead                           Min: 0, Avg:  0.0, Max: 0, Diff: 0, Sum: 0, Workers: 4
[3883.176s][debug][gc,phases      ] GC(259)     Total                          Min: 0, Avg:  0.0, Max: 0, Diff: 0, Sum: 0, Workers: 4
[3883.176s][debug][gc,phases      ] GC(259)   Weak JFR Old Object Samples    Min:  0.0, Avg:  0.0, Max:  0.0, Diff:  0.0, Sum:  0.0, Workers: 4
[3883.176s][debug][gc,phases      ] GC(259)     Dead                           Min: 0, Avg:  0.0, Max: 0, Diff: 0, Sum: 0, Workers: 4
[3883.177s][debug][gc,phases      ] GC(259)     Total                          Min: 0, Avg:  0.0, Max: 0, Diff: 0, Sum: 0, Workers: 4
[3883.177s][debug][gc,phases      ] GC(259) Weak Processing 0.360ms
[3883.177s][debug][gc,age         ] GC(259) Desired survivor size 524288 bytes, new threshold 15 (max threshold 15)
[3883.177s][info ][gc,heap        ] GC(259) PSYoungGen: 2096384K(2096640K)->128K(2096640K) Eden: 2096128K(2096128K)->0K(2096128K) From: 256K(512K)->128K(512K)
[3883.177s][info ][gc,heap        ] GC(259) ParOldGen: 236814K(324096K)->236814K(324096K)
[3883.177s][info ][gc,metaspace   ] GC(259) Metaspace: 80244K(81152K)->80244K(81152K) NonClass: 68517K(68992K)->68517K(68992K) Class: 11727K(12160K)->11727K(12160K)
[3883.177s][info ][gc             ] GC(259) Pause Young (Allocation Failure) 2278M->231M(2364M) 2.579ms
[3883.177s][info ][gc,cpu         ] GC(259) User=0.01s Sys=0.00s Real=0.00s
[3883.177s][info ][safepoint      ] Safepoint "ParallelGCFailedAllocation", Time since last: 16398598420 ns, Reaching safepoint: 5000 ns, Cleanup: 57600 ns, At safepoint: 2659311 ns, Total: 2721911 ns
[3899.575s][info ][gc,start       ] GC(260) Pause Young (Allocation Failure)
[3899.577s][debug][gc,phases      ] GC(260) Scavenge 1.910ms
[3899.577s][debug][gc,ref         ] GC(260) Skipped phase 1 of Reference Processing: no references
[3899.577s][debug][gc,ref         ] GC(260) Skipped phase 2 of Reference Processing: no references
[3899.577s][debug][gc,ref         ] GC(260) Skipped phase 3 of Reference Processing: no references
[3899.577s][debug][gc,ref         ] GC(260) Skipped phase 4 of Reference Processing: no references
[3899.577s][debug][gc,phases      ] GC(260) Reference Processing 0.022ms
[3899.577s][debug][gc,phases      ] GC(260)   VM Weak                        Min:  0.0, Avg:  0.0, Max:  0.0, Diff:  0.0, Sum:  0.0, Workers: 4
[3899.577s][debug][gc,phases      ] GC(260)     Dead                           Min: 0, Avg:  0.0, Max: 0, Diff: 0, Sum: 0, Workers: 4
[3899.577s][debug][gc,phases      ] GC(260)     Total                          Min: 0, Avg: 172.8, Max: 371, Diff: 371, Sum: 691, Workers: 4
[3899.577s][debug][gc,phases      ] GC(260)   ObjectSynchronizer Weak        Min:  0.0, Avg:  0.0, Max:  0.0, Diff:  0.0, Sum:  0.0, Workers: 4
[3899.577s][debug][gc,phases      ] GC(260)     Dead                           Min: 0, Avg:  0.0, Max: 0, Diff: 0, Sum: 0, Workers: 4
[3899.577s][debug][gc,phases      ] GC(260)     Total                          Min: 0, Avg:  1.0, Max: 4, Diff: 4, Sum: 4, Workers: 4
[3899.577s][debug][gc,phases      ] GC(260)   JVMTI Tag Weak OopStorage      Min:  0.0, Avg:  0.0, Max:  0.0, Diff:  0.0, Sum:  0.0, Workers: 4
[3899.577s][debug][gc,phases      ] GC(260)     Dead                           Min: 0, Avg:  0.0, Max: 0, Diff: 0, Sum: 0, Workers: 4
[3899.577s][debug][gc,phases      ] GC(260)     Total                          Min: 0, Avg:  0.0, Max: 0, Diff: 0, Sum: 0, Workers: 4
[3899.577s][debug][gc,phases      ] GC(260)   StringTable Weak               Min:  0.0, Avg:  0.1, Max:  0.2, Diff:  0.2, Sum:  0.4, Workers: 4
[3899.577s][debug][gc,phases      ] GC(260)     Dead                           Min: 0, Avg:  0.0, Max: 0, Diff: 0, Sum: 0, Workers: 4
[3899.577s][debug][gc,phases      ] GC(260)     Total                          Min: 0, Avg: 10718.0, Max: 24384, Diff: 24384, Sum: 42872, Workers: 4
[3899.577s][debug][gc,phases      ] GC(260)   ResolvedMethodTable Weak       Min:  0.0, Avg:  0.0, Max:  0.0, Diff:  0.0, Sum:  0.1, Workers: 4
[3899.577s][debug][gc,phases      ] GC(260)     Dead                           Min: 0, Avg:  0.0, Max: 0, Diff: 0, Sum: 0, Workers: 4
[3899.577s][debug][gc,phases      ] GC(260)     Total                          Min: 0, Avg: 2283.8, Max: 5106, Diff: 5106, Sum: 9135, Workers: 4
[3899.577s][debug][gc,phases      ] GC(260)   JNI Weak                       Min:  0.0, Avg:  0.0, Max:  0.0, Diff:  0.0, Sum:  0.0, Workers: 4
[3899.577s][debug][gc,phases      ] GC(260)     Dead                           Min: 0, Avg:  0.0, Max: 0, Diff: 0, Sum: 0, Workers: 4
[3899.577s][debug][gc,phases      ] GC(260)     Total                          Min: 0, Avg: 11.2, Max: 45, Diff: 45, Sum: 45, Workers: 4
[3899.577s][debug][gc,phases      ] GC(260)   StringDedup Table Weak         Min:  0.0, Avg:  0.0, Max:  0.0, Diff:  0.0, Sum:  0.0, Workers: 4
[3899.577s][debug][gc,phases      ] GC(260)     Dead                           Min: 0, Avg:  0.0, Max: 0, Diff: 0, Sum: 0, Workers: 4
[3899.577s][debug][gc,phases      ] GC(260)     Total                          Min: 0, Avg:  0.0, Max: 0, Diff: 0, Sum: 0, Workers: 4
[3899.577s][debug][gc,phases      ] GC(260)   StringDedup Requests0 Weak     Min:  0.0, Avg:  0.0, Max:  0.0, Diff:  0.0, Sum:  0.0, Workers: 4
[3899.577s][debug][gc,phases      ] GC(260)     Dead                           Min: 0, Avg:  0.0, Max: 0, Diff: 0, Sum: 0, Workers: 4
[3899.577s][debug][gc,phases      ] GC(260)     Total                          Min: 0, Avg:  0.0, Max: 0, Diff: 0, Sum: 0, Workers: 4
[3899.577s][debug][gc,phases      ] GC(260)   StringDedup Requests1 Weak     Min:  0.0, Avg:  0.0, Max:  0.0, Diff:  0.0, Sum:  0.0, Workers: 4
[3899.577s][debug][gc,phases      ] GC(260)     Dead                           Min: 0, Avg:  0.0, Max: 0, Diff: 0, Sum: 0, Workers: 4
[3899.577s][debug][gc,phases      ] GC(260)     Total                          Min: 0, Avg:  0.0, Max: 0, Diff: 0, Sum: 0, Workers: 4
[3899.577s][debug][gc,phases      ] GC(260)   Weak JFR Old Object Samples    Min:  0.0, Avg:  0.0, Max:  0.0, Diff:  0.0, Sum:  0.0, Workers: 4
[3899.577s][debug][gc,phases      ] GC(260)     Dead                           Min: 0, Avg:  0.0, Max: 0, Diff: 0, Sum: 0, Workers: 4
[3899.577s][debug][gc,phases      ] GC(260)     Total                          Min: 0, Avg:  0.0, Max: 0, Diff: 0, Sum: 0, Workers: 4
[3899.577s][debug][gc,phases      ] GC(260) Weak Processing 0.467ms
[3899.577s][debug][gc,age         ] GC(260) Desired survivor size 524288 bytes, new threshold 15 (max threshold 15)
[3899.577s][info ][gc,heap        ] GC(260) PSYoungGen: 2096256K(2096640K)->192K(2096640K) Eden: 2096128K(2096128K)->0K(2096128K) From: 128K(512K)->192K(512K)
[3899.577s][info ][gc,heap        ] GC(260) ParOldGen: 236814K(324096K)->236822K(324096K)
[3899.577s][info ][gc,metaspace   ] GC(260) Metaspace: 80244K(81152K)->80244K(81152K) NonClass: 68517K(68992K)->68517K(68992K) Class: 11727K(12160K)->11727K(12160K)
[3899.577s][info ][gc             ] GC(260) Pause Young (Allocation Failure) 2278M->231M(2364M) 2.522ms
[3899.577s][info ][gc,cpu         ] GC(260) User=0.01s Sys=0.00s Real=0.00s
[3899.577s][info ][safepoint      ] Safepoint "ParallelGCFailedAllocation", Time since last: 16398124108 ns, Reaching safepoint: 5600 ns, Cleanup: 64001 ns, At safepoint: 2603911 ns, Total: 2673512 ns
[3911.578s][info ][safepoint      ] Safepoint "Cleanup", Time since last: 12000775254 ns, Reaching safepoint: 3700 ns, Cleanup: 33701 ns, At safepoint: 2100 ns, Total: 39501 ns
[3912.578s][info ][safepoint      ] Safepoint "Cleanup", Time since last: 1000111127 ns, Reaching safepoint: 5300 ns, Cleanup: 39301 ns, At safepoint: 16600 ns, Total: 61201 ns
[3913.579s][info ][safepoint      ] Safepoint "Cleanup", Time since last: 1000104327 ns, Reaching safepoint: 3901 ns, Cleanup: 47200 ns, At safepoint: 2600 ns, Total: 53701 ns
[3915.923s][info ][gc,start       ] GC(261) Pause Young (Allocation Failure)
[3915.925s][debug][gc,phases      ] GC(261) Scavenge 1.269ms
[3915.925s][debug][gc,ref         ] GC(261) Skipped phase 1 of Reference Processing: no references
[3915.925s][debug][gc,ref         ] GC(261) Skipped phase 2 of Reference Processing: no references
[3915.925s][debug][gc,ref         ] GC(261) Skipped phase 3 of Reference Processing: no references
[3915.925s][debug][gc,ref         ] GC(261) Skipped phase 4 of Reference Processing: no references
[3915.925s][debug][gc,phases      ] GC(261) Reference Processing 0.019ms
[3915.925s][debug][gc,phases      ] GC(261)   VM Weak                        Min:  0.0, Avg:  0.0, Max:  0.0, Diff:  0.0, Sum:  0.0, Workers: 4
[3915.925s][debug][gc,phases      ] GC(261)     Dead                           Min: 0, Avg:  0.0, Max: 0, Diff: 0, Sum: 0, Workers: 4
[3915.925s][debug][gc,phases      ] GC(261)     Total                          Min: 0, Avg: 172.8, Max: 640, Diff: 640, Sum: 691, Workers: 4
[3915.925s][debug][gc,phases      ] GC(261)   ObjectSynchronizer Weak        Min:  0.0, Avg:  0.0, Max:  0.0, Diff:  0.0, Sum:  0.0, Workers: 4
[3915.925s][debug][gc,phases      ] GC(261)     Dead                           Min: 0, Avg:  0.0, Max: 0, Diff: 0, Sum: 0, Workers: 4
[3915.925s][debug][gc,phases      ] GC(261)     Total                          Min: 0, Avg:  1.0, Max: 4, Diff: 4, Sum: 4, Workers: 4
[3915.925s][debug][gc,phases      ] GC(261)   JVMTI Tag Weak OopStorage      Min:  0.0, Avg:  0.0, Max:  0.0, Diff:  0.0, Sum:  0.0, Workers: 4
[3915.925s][debug][gc,phases      ] GC(261)     Dead                           Min: 0, Avg:  0.0, Max: 0, Diff: 0, Sum: 0, Workers: 4
[3915.925s][debug][gc,phases      ] GC(261)     Total                          Min: 0, Avg:  0.0, Max: 0, Diff: 0, Sum: 0, Workers: 4
[3915.925s][debug][gc,phases      ] GC(261)   StringTable Weak               Min:  0.0, Avg:  0.1, Max:  0.1, Diff:  0.1, Sum:  0.4, Workers: 4
[3915.925s][debug][gc,phases      ] GC(261)     Dead                           Min: 0, Avg:  0.0, Max: 0, Diff: 0, Sum: 0, Workers: 4
[3915.925s][debug][gc,phases      ] GC(261)     Total                          Min: 0, Avg: 10718.5, Max: 17024, Diff: 17024, Sum: 42874, Workers: 4
[3915.925s][debug][gc,phases      ] GC(261)   ResolvedMethodTable Weak       Min:  0.0, Avg:  0.0, Max:  0.0, Diff:  0.0, Sum:  0.1, Workers: 4
[3915.925s][debug][gc,phases      ] GC(261)     Dead                           Min: 0, Avg:  0.0, Max: 0, Diff: 0, Sum: 0, Workers: 4
[3915.925s][debug][gc,phases      ] GC(261)     Total                          Min: 0, Avg: 2283.8, Max: 3731, Diff: 3731, Sum: 9135, Workers: 4
[3915.925s][debug][gc,phases      ] GC(261)   JNI Weak                       Min:  0.0, Avg:  0.0, Max:  0.0, Diff:  0.0, Sum:  0.0, Workers: 4
[3915.925s][debug][gc,phases      ] GC(261)     Dead                           Min: 0, Avg:  0.0, Max: 0, Diff: 0, Sum: 0, Workers: 4
[3915.925s][debug][gc,phases      ] GC(261)     Total                          Min: 0, Avg: 11.2, Max: 45, Diff: 45, Sum: 45, Workers: 4
[3915.925s][debug][gc,phases      ] GC(261)   StringDedup Table Weak         Min:  0.0, Avg:  0.0, Max:  0.0, Diff:  0.0, Sum:  0.0, Workers: 4
[3915.925s][debug][gc,phases      ] GC(261)     Dead                           Min: 0, Avg:  0.0, Max: 0, Diff: 0, Sum: 0, Workers: 4
[3915.925s][debug][gc,phases      ] GC(261)     Total                          Min: 0, Avg:  0.0, Max: 0, Diff: 0, Sum: 0, Workers: 4
[3915.925s][debug][gc,phases      ] GC(261)   StringDedup Requests0 Weak     Min:  0.0, Avg:  0.0, Max:  0.0, Diff:  0.0, Sum:  0.0, Workers: 4
[3915.925s][debug][gc,phases      ] GC(261)     Dead                           Min: 0, Avg:  0.0, Max: 0, Diff: 0, Sum: 0, Workers: 4
[3915.925s][debug][gc,phases      ] GC(261)     Total                          Min: 0, Avg:  0.0, Max: 0, Diff: 0, Sum: 0, Workers: 4
[3915.925s][debug][gc,phases      ] GC(261)   StringDedup Requests1 Weak     Min:  0.0, Avg:  0.0, Max:  0.0, Diff:  0.0, Sum:  0.0, Workers: 4
[3915.925s][debug][gc,phases      ] GC(261)     Dead                           Min: 0, Avg:  0.0, Max: 0, Diff: 0, Sum: 0, Workers: 4
[3915.925s][debug][gc,phases      ] GC(261)     Total                          Min: 0, Avg:  0.0, Max: 0, Diff: 0, Sum: 0, Workers: 4
[3915.925s][debug][gc,phases      ] GC(261)   Weak JFR Old Object Samples    Min:  0.0, Avg:  0.0, Max:  0.0, Diff:  0.0, Sum:  0.0, Workers: 4
[3915.925s][debug][gc,phases      ] GC(261)     Dead                           Min: 0, Avg:  0.0, Max: 0, Diff: 0, Sum: 0, Workers: 4
[3915.925s][debug][gc,phases      ] GC(261)     Total                          Min: 0, Avg:  0.0, Max: 0, Diff: 0, Sum: 0, Workers: 4
[3915.925s][debug][gc,phases      ] GC(261) Weak Processing 0.350ms
[3915.925s][debug][gc,age         ] GC(261) Desired survivor size 524288 bytes, new threshold 15 (max threshold 15)
[3915.925s][info ][gc,heap        ] GC(261) PSYoungGen: 2096320K(2096640K)->256K(2096640K) Eden: 2096128K(2096128K)->0K(2096128K) From: 192K(512K)->256K(512K)
[3915.925s][info ][gc,heap        ] GC(261) ParOldGen: 236822K(324096K)->236830K(324096K)
[3915.925s][info ][gc,metaspace   ] GC(261) Metaspace: 80257K(81152K)->80257K(81152K) NonClass: 68530K(68992K)->68530K(68992K) Class: 11727K(12160K)->11727K(12160K)
[3915.925s][info ][gc             ] GC(261) Pause Young (Allocation Failure) 2278M->231M(2364M) 1.728ms
[3915.925s][info ][gc,cpu         ] GC(261) User=0.00s Sys=0.00s Real=0.00s
[3915.925s][info ][safepoint      ] Safepoint "ParallelGCFailedAllocation", Time since last: 2344636714 ns, Reaching safepoint: 7200 ns, Cleanup: 44700 ns, At safepoint: 1786008 ns, Total: 1837908 ns
[3921.926s][info ][safepoint      ] Safepoint "Cleanup", Time since last: 6000456336 ns, Reaching safepoint: 76900 ns, Cleanup: 49501 ns, At safepoint: 6600 ns, Total: 133001 ns
[3932.324s][info ][gc,start       ] GC(262) Pause Young (Allocation Failure)
[3932.325s][debug][gc,phases      ] GC(262) Scavenge 1.384ms
[3932.325s][debug][gc,ref         ] GC(262) Skipped phase 1 of Reference Processing: no references
[3932.325s][debug][gc,ref         ] GC(262) Skipped phase 2 of Reference Processing: no references
[3932.325s][debug][gc,ref         ] GC(262) Skipped phase 3 of Reference Processing: no references
[3932.325s][debug][gc,ref         ] GC(262) Skipped phase 4 of Reference Processing: no references
[3932.325s][debug][gc,phases      ] GC(262) Reference Processing 0.022ms
[3932.325s][debug][gc,phases      ] GC(262)   VM Weak                        Min:  0.0, Avg:  0.0, Max:  0.0, Diff:  0.0, Sum:  0.0, Workers: 4
[3932.325s][debug][gc,phases      ] GC(262)     Dead                           Min: 0, Avg:  0.0, Max: 0, Diff: 0, Sum: 0, Workers: 4
[3932.325s][debug][gc,phases      ] GC(262)     Total                          Min: 0, Avg: 172.8, Max: 627, Diff: 627, Sum: 691, Workers: 4
[3932.325s][debug][gc,phases      ] GC(262)   ObjectSynchronizer Weak        Min:  0.0, Avg:  0.0, Max:  0.0, Diff:  0.0, Sum:  0.0, Workers: 4
[3932.325s][debug][gc,phases      ] GC(262)     Dead                           Min: 0, Avg:  0.0, Max: 0, Diff: 0, Sum: 0, Workers: 4
[3932.325s][debug][gc,phases      ] GC(262)     Total                          Min: 0, Avg:  1.0, Max: 4, Diff: 4, Sum: 4, Workers: 4
[3932.325s][debug][gc,phases      ] GC(262)   JVMTI Tag Weak OopStorage      Min:  0.0, Avg:  0.0, Max:  0.0, Diff:  0.0, Sum:  0.0, Workers: 4
[3932.325s][debug][gc,phases      ] GC(262)     Dead                           Min: 0, Avg:  0.0, Max: 0, Diff: 0, Sum: 0, Workers: 4
[3932.325s][debug][gc,phases      ] GC(262)     Total                          Min: 0, Avg:  0.0, Max: 0, Diff: 0, Sum: 0, Workers: 4
[3932.325s][debug][gc,phases      ] GC(262)   StringTable Weak               Min:  0.0, Avg:  0.1, Max:  0.1, Diff:  0.1, Sum:  0.4, Workers: 4
[3932.325s][debug][gc,phases      ] GC(262)     Dead                           Min: 0, Avg:  0.0, Max: 0, Diff: 0, Sum: 0, Workers: 4
[3932.325s][debug][gc,phases      ] GC(262)     Total                          Min: 0, Avg: 10718.5, Max: 18170, Diff: 18170, Sum: 42874, Workers: 4
[3932.325s][debug][gc,phases      ] GC(262)   ResolvedMethodTable Weak       Min:  0.0, Avg:  0.0, Max:  0.0, Diff:  0.0, Sum:  0.1, Workers: 4
[3932.325s][debug][gc,phases      ] GC(262)     Dead                           Min: 0, Avg:  0.0, Max: 0, Diff: 0, Sum: 0, Workers: 4
[3932.325s][debug][gc,phases      ] GC(262)     Total                          Min: 0, Avg: 2283.8, Max: 4043, Diff: 4043, Sum: 9135, Workers: 4
[3932.325s][debug][gc,phases      ] GC(262)   JNI Weak                       Min:  0.0, Avg:  0.0, Max:  0.0, Diff:  0.0, Sum:  0.0, Workers: 4
[3932.325s][debug][gc,phases      ] GC(262)     Dead                           Min: 0, Avg:  0.0, Max: 0, Diff: 0, Sum: 0, Workers: 4
[3932.325s][debug][gc,phases      ] GC(262)     Total                          Min: 0, Avg: 11.2, Max: 45, Diff: 45, Sum: 45, Workers: 4
[3932.325s][debug][gc,phases      ] GC(262)   StringDedup Table Weak         Min:  0.0, Avg:  0.0, Max:  0.0, Diff:  0.0, Sum:  0.0, Workers: 4
[3932.325s][debug][gc,phases      ] GC(262)     Dead                           Min: 0, Avg:  0.0, Max: 0, Diff: 0, Sum: 0, Workers: 4
[3932.325s][debug][gc,phases      ] GC(262)     Total                          Min: 0, Avg:  0.0, Max: 0, Diff: 0, Sum: 0, Workers: 4
[3932.325s][debug][gc,phases      ] GC(262)   StringDedup Requests0 Weak     Min:  0.0, Avg:  0.0, Max:  0.0, Diff:  0.0, Sum:  0.0, Workers: 4
[3932.325s][debug][gc,phases      ] GC(262)     Dead                           Min: 0, Avg:  0.0, Max: 0, Diff: 0, Sum: 0, Workers: 4
[3932.325s][debug][gc,phases      ] GC(262)     Total                          Min: 0, Avg:  0.0, Max: 0, Diff: 0, Sum: 0, Workers: 4
[3932.325s][debug][gc,phases      ] GC(262)   StringDedup Requests1 Weak     Min:  0.0, Avg:  0.0, Max:  0.0, Diff:  0.0, Sum:  0.0, Workers: 4
[3932.325s][debug][gc,phases      ] GC(262)     Dead                           Min: 0, Avg:  0.0, Max: 0, Diff: 0, Sum: 0, Workers: 4
[3932.325s][debug][gc,phases      ] GC(262)     Total                          Min: 0, Avg:  0.0, Max: 0, Diff: 0, Sum: 0, Workers: 4
[3932.325s][debug][gc,phases      ] GC(262)   Weak JFR Old Object Samples    Min:  0.0, Avg:  0.0, Max:  0.0, Diff:  0.0, Sum:  0.0, Workers: 4
[3932.325s][debug][gc,phases      ] GC(262)     Dead                           Min: 0, Avg:  0.0, Max: 0, Diff: 0, Sum: 0, Workers: 4
[3932.325s][debug][gc,phases      ] GC(262)     Total                          Min: 0, Avg:  0.0, Max: 0, Diff: 0, Sum: 0, Workers: 4
[3932.325s][debug][gc,phases      ] GC(262) Weak Processing 0.348ms
[3932.325s][debug][gc,age         ] GC(262) Desired survivor size 524288 bytes, new threshold 15 (max threshold 15)
[3932.325s][info ][gc,heap        ] GC(262) PSYoungGen: 2096384K(2096640K)->128K(2096640K) Eden: 2096128K(2096128K)->0K(2096128K) From: 256K(512K)->128K(512K)
[3932.325s][info ][gc,heap        ] GC(262) ParOldGen: 236830K(324096K)->236830K(324096K)
[3932.325s][info ][gc,metaspace   ] GC(262) Metaspace: 80257K(81152K)->80257K(81152K) NonClass: 68530K(68992K)->68530K(68992K) Class: 11727K(12160K)->11727K(12160K)
[3932.325s][info ][gc             ] GC(262) Pause Young (Allocation Failure) 2278M->231M(2364M) 1.874ms
[3932.325s][info ][gc,cpu         ] GC(262) User=0.01s Sys=0.00s Real=0.00s
[3932.325s][info ][safepoint      ] Safepoint "ParallelGCFailedAllocation", Time since last: 10397898401 ns, Reaching safepoint: 4700 ns, Cleanup: 46400 ns, At safepoint: 1941608 ns, Total: 1992708 ns
[3948.726s][info ][gc,start       ] GC(263) Pause Young (Allocation Failure)
[3948.729s][debug][gc,phases      ] GC(263) Scavenge 2.523ms
[3948.729s][debug][gc,ref         ] GC(263) Skipped phase 1 of Reference Processing: no references
[3948.729s][debug][gc,ref         ] GC(263) Skipped phase 2 of Reference Processing: no references
[3948.729s][debug][gc,ref         ] GC(263) Skipped phase 3 of Reference Processing: no references
[3948.729s][debug][gc,ref         ] GC(263) Skipped phase 4 of Reference Processing: no references
[3948.729s][debug][gc,phases      ] GC(263) Reference Processing 0.020ms
[3948.729s][debug][gc,phases      ] GC(263)   VM Weak                        Min:  0.0, Avg:  0.0, Max:  0.0, Diff:  0.0, Sum:  0.0, Workers: 4
[3948.729s][debug][gc,phases      ] GC(263)     Dead                           Min: 0, Avg:  0.0, Max: 0, Diff: 0, Sum: 0, Workers: 4
[3948.729s][debug][gc,phases      ] GC(263)     Total                          Min: 0, Avg: 172.8, Max: 512, Diff: 512, Sum: 691, Workers: 4
[3948.729s][debug][gc,phases      ] GC(263)   ObjectSynchronizer Weak        Min:  0.0, Avg:  0.0, Max:  0.0, Diff:  0.0, Sum:  0.0, Workers: 4
[3948.729s][debug][gc,phases      ] GC(263)     Dead                           Min: 0, Avg:  0.0, Max: 0, Diff: 0, Sum: 0, Workers: 4
[3948.729s][debug][gc,phases      ] GC(263)     Total                          Min: 0, Avg:  1.0, Max: 4, Diff: 4, Sum: 4, Workers: 4
[3948.729s][debug][gc,phases      ] GC(263)   JVMTI Tag Weak OopStorage      Min:  0.0, Avg:  0.0, Max:  0.0, Diff:  0.0, Sum:  0.0, Workers: 4
[3948.729s][debug][gc,phases      ] GC(263)     Dead                           Min: 0, Avg:  0.0, Max: 0, Diff: 0, Sum: 0, Workers: 4
[3948.729s][debug][gc,phases      ] GC(263)     Total                          Min: 0, Avg:  0.0, Max: 0, Diff: 0, Sum: 0, Workers: 4
[3948.729s][debug][gc,phases      ] GC(263)   StringTable Weak               Min:  0.0, Avg:  0.1, Max:  0.1, Diff:  0.1, Sum:  0.4, Workers: 4
[3948.729s][debug][gc,phases      ] GC(263)     Dead                           Min: 0, Avg:  0.0, Max: 0, Diff: 0, Sum: 0, Workers: 4
[3948.729s][debug][gc,phases      ] GC(263)     Total                          Min: 0, Avg: 10718.5, Max: 18368, Diff: 18368, Sum: 42874, Workers: 4
[3948.729s][debug][gc,phases      ] GC(263)   ResolvedMethodTable Weak       Min:  0.0, Avg:  0.0, Max:  0.0, Diff:  0.0, Sum:  0.1, Workers: 4
[3948.729s][debug][gc,phases      ] GC(263)     Dead                           Min: 0, Avg:  0.0, Max: 0, Diff: 0, Sum: 0, Workers: 4
[3948.729s][debug][gc,phases      ] GC(263)     Total                          Min: 0, Avg: 2283.8, Max: 3095, Diff: 3095, Sum: 9135, Workers: 4
[3948.729s][debug][gc,phases      ] GC(263)   JNI Weak                       Min:  0.0, Avg:  0.0, Max:  0.0, Diff:  0.0, Sum:  0.0, Workers: 4
[3948.729s][debug][gc,phases      ] GC(263)     Dead                           Min: 0, Avg:  0.0, Max: 0, Diff: 0, Sum: 0, Workers: 4
[3948.729s][debug][gc,phases      ] GC(263)     Total                          Min: 0, Avg: 11.2, Max: 45, Diff: 45, Sum: 45, Workers: 4
[3948.729s][debug][gc,phases      ] GC(263)   StringDedup Table Weak         Min:  0.0, Avg:  0.0, Max:  0.0, Diff:  0.0, Sum:  0.0, Workers: 4
[3948.729s][debug][gc,phases      ] GC(263)     Dead                           Min: 0, Avg:  0.0, Max: 0, Diff: 0, Sum: 0, Workers: 4
[3948.729s][debug][gc,phases      ] GC(263)     Total                          Min: 0, Avg:  0.0, Max: 0, Diff: 0, Sum: 0, Workers: 4
[3948.729s][debug][gc,phases      ] GC(263)   StringDedup Requests0 Weak     Min:  0.0, Avg:  0.0, Max:  0.0, Diff:  0.0, Sum:  0.0, Workers: 4
[3948.729s][debug][gc,phases      ] GC(263)     Dead                           Min: 0, Avg:  0.0, Max: 0, Diff: 0, Sum: 0, Workers: 4
[3948.729s][debug][gc,phases      ] GC(263)     Total                          Min: 0, Avg:  0.0, Max: 0, Diff: 0, Sum: 0, Workers: 4
[3948.729s][debug][gc,phases      ] GC(263)   StringDedup Requests1 Weak     Min:  0.0, Avg:  0.0, Max:  0.0, Diff:  0.0, Sum:  0.0, Workers: 4
[3948.729s][debug][gc,phases      ] GC(263)     Dead                           Min: 0, Avg:  0.0, Max: 0, Diff: 0, Sum: 0, Workers: 4
[3948.729s][debug][gc,phases      ] GC(263)     Total                          Min: 0, Avg:  0.0, Max: 0, Diff: 0, Sum: 0, Workers: 4
[3948.729s][debug][gc,phases      ] GC(263)   Weak JFR Old Object Samples    Min:  0.0, Avg:  0.0, Max:  0.0, Diff:  0.0, Sum:  0.0, Workers: 4
[3948.729s][debug][gc,phases      ] GC(263)     Dead                           Min: 0, Avg:  0.0, Max: 0, Diff: 0, Sum: 0, Workers: 4
[3948.729s][debug][gc,phases      ] GC(263)     Total                          Min: 0, Avg:  0.0, Max: 0, Diff: 0, Sum: 0, Workers: 4
[3948.729s][debug][gc,phases      ] GC(263) Weak Processing 0.405ms
[3948.729s][debug][gc,age         ] GC(263) Desired survivor size 524288 bytes, new threshold 15 (max threshold 15)
[3948.729s][info ][gc,heap        ] GC(263) PSYoungGen: 2096256K(2096640K)->96K(2096640K) Eden: 2096128K(2096128K)->0K(2096128K) From: 128K(512K)->96K(512K)
[3948.729s][info ][gc,heap        ] GC(263) ParOldGen: 236830K(324096K)->236838K(324096K)
[3948.729s][info ][gc,metaspace   ] GC(263) Metaspace: 80257K(81152K)->80257K(81152K) NonClass: 68530K(68992K)->68530K(68992K) Class: 11727K(12160K)->11727K(12160K)
[3948.729s][info ][gc             ] GC(263) Pause Young (Allocation Failure) 2278M->231M(2364M) 3.037ms
[3948.729s][info ][gc,cpu         ] GC(263) User=0.00s Sys=0.00s Real=0.00s
[3948.729s][info ][safepoint      ] Safepoint "ParallelGCFailedAllocation", Time since last: 16400738821 ns, Reaching safepoint: 5200 ns, Cleanup: 23100 ns, At safepoint: 3102113 ns, Total: 3130413 ns
[3965.173s][info ][gc,start       ] GC(264) Pause Young (Allocation Failure)
[3965.175s][debug][gc,phases      ] GC(264) Scavenge 2.100ms
[3965.175s][debug][gc,ref         ] GC(264) Skipped phase 1 of Reference Processing: no references
[3965.175s][debug][gc,ref         ] GC(264) Skipped phase 2 of Reference Processing: no references
[3965.175s][debug][gc,ref         ] GC(264) Skipped phase 3 of Reference Processing: no references
[3965.175s][debug][gc,ref         ] GC(264) Skipped phase 4 of Reference Processing: no references
[3965.175s][debug][gc,phases      ] GC(264) Reference Processing 0.020ms
[3965.175s][debug][gc,phases      ] GC(264)   VM Weak                        Min:  0.0, Avg:  0.0, Max:  0.0, Diff:  0.0, Sum:  0.0, Workers: 4
[3965.176s][debug][gc,phases      ] GC(264)     Dead                           Min: 0, Avg:  0.0, Max: 0, Diff: 0, Sum: 0, Workers: 4
[3965.176s][debug][gc,phases      ] GC(264)     Total                          Min: 0, Avg: 172.8, Max: 691, Diff: 691, Sum: 691, Workers: 4
[3965.176s][debug][gc,phases      ] GC(264)   ObjectSynchronizer Weak        Min:  0.0, Avg:  0.0, Max:  0.0, Diff:  0.0, Sum:  0.0, Workers: 4
[3965.176s][debug][gc,phases      ] GC(264)     Dead                           Min: 0, Avg:  0.0, Max: 0, Diff: 0, Sum: 0, Workers: 4
[3965.176s][debug][gc,phases      ] GC(264)     Total                          Min: 0, Avg:  1.0, Max: 4, Diff: 4, Sum: 4, Workers: 4
[3965.176s][debug][gc,phases      ] GC(264)   JVMTI Tag Weak OopStorage      Min:  0.0, Avg:  0.0, Max:  0.0, Diff:  0.0, Sum:  0.0, Workers: 4
[3965.176s][debug][gc,phases      ] GC(264)     Dead                           Min: 0, Avg:  0.0, Max: 0, Diff: 0, Sum: 0, Workers: 4
[3965.176s][debug][gc,phases      ] GC(264)     Total                          Min: 0, Avg:  0.0, Max: 0, Diff: 0, Sum: 0, Workers: 4
[3965.176s][debug][gc,phases      ] GC(264)   StringTable Weak               Min:  0.0, Avg:  0.1, Max:  0.1, Diff:  0.1, Sum:  0.4, Workers: 4
[3965.176s][debug][gc,phases      ] GC(264)     Dead                           Min: 0, Avg:  0.0, Max: 0, Diff: 0, Sum: 0, Workers: 4
[3965.176s][debug][gc,phases      ] GC(264)     Total                          Min: 0, Avg: 10718.5, Max: 18496, Diff: 18496, Sum: 42874, Workers: 4
[3965.176s][debug][gc,phases      ] GC(264)   ResolvedMethodTable Weak       Min:  0.0, Avg:  0.0, Max:  0.0, Diff:  0.0, Sum:  0.1, Workers: 4
[3965.176s][debug][gc,phases      ] GC(264)     Dead                           Min: 0, Avg:  0.0, Max: 0, Diff: 0, Sum: 0, Workers: 4
[3965.176s][debug][gc,phases      ] GC(264)     Total                          Min: 0, Avg: 2283.8, Max: 4042, Diff: 4042, Sum: 9135, Workers: 4
[3965.176s][debug][gc,phases      ] GC(264)   JNI Weak                       Min:  0.0, Avg:  0.0, Max:  0.0, Diff:  0.0, Sum:  0.0, Workers: 4
[3965.176s][debug][gc,phases      ] GC(264)     Dead                           Min: 0, Avg:  0.0, Max: 0, Diff: 0, Sum: 0, Workers: 4
[3965.176s][debug][gc,phases      ] GC(264)     Total                          Min: 0, Avg: 11.2, Max: 45, Diff: 45, Sum: 45, Workers: 4
[3965.176s][debug][gc,phases      ] GC(264)   StringDedup Table Weak         Min:  0.0, Avg:  0.0, Max:  0.0, Diff:  0.0, Sum:  0.0, Workers: 4
[3965.176s][debug][gc,phases      ] GC(264)     Dead                           Min: 0, Avg:  0.0, Max: 0, Diff: 0, Sum: 0, Workers: 4
[3965.176s][debug][gc,phases      ] GC(264)     Total                          Min: 0, Avg:  0.0, Max: 0, Diff: 0, Sum: 0, Workers: 4
[3965.176s][debug][gc,phases      ] GC(264)   StringDedup Requests0 Weak     Min:  0.0, Avg:  0.0, Max:  0.0, Diff:  0.0, Sum:  0.0, Workers: 4
[3965.176s][debug][gc,phases      ] GC(264)     Dead                           Min: 0, Avg:  0.0, Max: 0, Diff: 0, Sum: 0, Workers: 4
[3965.176s][debug][gc,phases      ] GC(264)     Total                          Min: 0, Avg:  0.0, Max: 0, Diff: 0, Sum: 0, Workers: 4
[3965.176s][debug][gc,phases      ] GC(264)   StringDedup Requests1 Weak     Min:  0.0, Avg:  0.0, Max:  0.0, Diff:  0.0, Sum:  0.0, Workers: 4
[3965.176s][debug][gc,phases      ] GC(264)     Dead                           Min: 0, Avg:  0.0, Max: 0, Diff: 0, Sum: 0, Workers: 4
[3965.176s][debug][gc,phases      ] GC(264)     Total                          Min: 0, Avg:  0.0, Max: 0, Diff: 0, Sum: 0, Workers: 4
[3965.176s][debug][gc,phases      ] GC(264)   Weak JFR Old Object Samples    Min:  0.0, Avg:  0.0, Max:  0.0, Diff:  0.0, Sum:  0.0, Workers: 4
[3965.176s][debug][gc,phases      ] GC(264)     Dead                           Min: 0, Avg:  0.0, Max: 0, Diff: 0, Sum: 0, Workers: 4
[3965.176s][debug][gc,phases      ] GC(264)     Total                          Min: 0, Avg:  0.0, Max: 0, Diff: 0, Sum: 0, Workers: 4
[3965.176s][debug][gc,phases      ] GC(264) Weak Processing 0.341ms
[3965.176s][debug][gc,age         ] GC(264) Desired survivor size 524288 bytes, new threshold 15 (max threshold 15)
[3965.176s][info ][gc,heap        ] GC(264) PSYoungGen: 2096224K(2096640K)->160K(2096640K) Eden: 2096128K(2096128K)->0K(2096128K) From: 96K(512K)->160K(512K)
[3965.176s][info ][gc,heap        ] GC(264) ParOldGen: 236838K(324096K)->236846K(324096K)
[3965.176s][info ][gc,metaspace   ] GC(264) Metaspace: 80257K(81152K)->80257K(81152K) NonClass: 68530K(68992K)->68530K(68992K) Class: 11727K(12160K)->11727K(12160K)
[3965.176s][info ][gc             ] GC(264) Pause Young (Allocation Failure) 2278M->231M(2364M) 2.554ms
[3965.176s][info ][gc,cpu         ] GC(264) User=0.01s Sys=0.00s Real=0.00s
[3965.176s][info ][safepoint      ] Safepoint "ParallelGCFailedAllocation", Time since last: 16443638830 ns, Reaching safepoint: 4300 ns, Cleanup: 47700 ns, At safepoint: 2633411 ns, Total: 2685411 ns
[3981.574s][info ][gc,start       ] GC(265) Pause Young (Allocation Failure)
[3981.576s][debug][gc,phases      ] GC(265) Scavenge 2.142ms
[3981.576s][debug][gc,ref         ] GC(265) Skipped phase 1 of Reference Processing: no references
[3981.576s][debug][gc,ref         ] GC(265) Skipped phase 2 of Reference Processing: no references
[3981.576s][debug][gc,ref         ] GC(265) Skipped phase 3 of Reference Processing: no references
[3981.576s][debug][gc,ref         ] GC(265) Skipped phase 4 of Reference Processing: no references
[3981.576s][debug][gc,phases      ] GC(265) Reference Processing 0.020ms
[3981.577s][debug][gc,phases      ] GC(265)   VM Weak                        Min:  0.0, Avg:  0.0, Max:  0.0, Diff:  0.0, Sum:  0.0, Workers: 4
[3981.577s][debug][gc,phases      ] GC(265)     Dead                           Min: 0, Avg:  0.0, Max: 0, Diff: 0, Sum: 0, Workers: 4
[3981.577s][debug][gc,phases      ] GC(265)     Total                          Min: 0, Avg: 172.8, Max: 576, Diff: 576, Sum: 691, Workers: 4
[3981.577s][debug][gc,phases      ] GC(265)   ObjectSynchronizer Weak        Min:  0.0, Avg:  0.0, Max:  0.0, Diff:  0.0, Sum:  0.0, Workers: 4
[3981.577s][debug][gc,phases      ] GC(265)     Dead                           Min: 0, Avg:  0.0, Max: 0, Diff: 0, Sum: 0, Workers: 4
[3981.577s][debug][gc,phases      ] GC(265)     Total                          Min: 0, Avg:  1.0, Max: 4, Diff: 4, Sum: 4, Workers: 4
[3981.577s][debug][gc,phases      ] GC(265)   JVMTI Tag Weak OopStorage      Min:  0.0, Avg:  0.0, Max:  0.0, Diff:  0.0, Sum:  0.0, Workers: 4
[3981.577s][debug][gc,phases      ] GC(265)     Dead                           Min: 0, Avg:  0.0, Max: 0, Diff: 0, Sum: 0, Workers: 4
[3981.577s][debug][gc,phases      ] GC(265)     Total                          Min: 0, Avg:  0.0, Max: 0, Diff: 0, Sum: 0, Workers: 4
[3981.577s][debug][gc,phases      ] GC(265)   StringTable Weak               Min:  0.0, Avg:  0.1, Max:  0.1, Diff:  0.1, Sum:  0.4, Workers: 4
[3981.577s][debug][gc,phases      ] GC(265)     Dead                           Min: 0, Avg:  0.0, Max: 0, Diff: 0, Sum: 0, Workers: 4
[3981.577s][debug][gc,phases      ] GC(265)     Total                          Min: 0, Avg: 10718.5, Max: 18368, Diff: 18368, Sum: 42874, Workers: 4
[3981.577s][debug][gc,phases      ] GC(265)   ResolvedMethodTable Weak       Min:  0.0, Avg:  0.0, Max:  0.0, Diff:  0.0, Sum:  0.1, Workers: 4
[3981.577s][debug][gc,phases      ] GC(265)     Dead                           Min: 0, Avg:  0.0, Max: 0, Diff: 0, Sum: 0, Workers: 4
[3981.577s][debug][gc,phases      ] GC(265)     Total                          Min: 0, Avg: 2283.8, Max: 4048, Diff: 4048, Sum: 9135, Workers: 4
[3981.577s][debug][gc,phases      ] GC(265)   JNI Weak                       Min:  0.0, Avg:  0.0, Max:  0.0, Diff:  0.0, Sum:  0.0, Workers: 4
[3981.577s][debug][gc,phases      ] GC(265)     Dead                           Min: 0, Avg:  0.0, Max: 0, Diff: 0, Sum: 0, Workers: 4
[3981.577s][debug][gc,phases      ] GC(265)     Total                          Min: 0, Avg: 11.2, Max: 45, Diff: 45, Sum: 45, Workers: 4
[3981.577s][debug][gc,phases      ] GC(265)   StringDedup Table Weak         Min:  0.0, Avg:  0.0, Max:  0.0, Diff:  0.0, Sum:  0.0, Workers: 4
[3981.577s][debug][gc,phases      ] GC(265)     Dead                           Min: 0, Avg:  0.0, Max: 0, Diff: 0, Sum: 0, Workers: 4
[3981.577s][debug][gc,phases      ] GC(265)     Total                          Min: 0, Avg:  0.0, Max: 0, Diff: 0, Sum: 0, Workers: 4
[3981.577s][debug][gc,phases      ] GC(265)   StringDedup Requests0 Weak     Min:  0.0, Avg:  0.0, Max:  0.0, Diff:  0.0, Sum:  0.0, Workers: 4
[3981.577s][debug][gc,phases      ] GC(265)     Dead                           Min: 0, Avg:  0.0, Max: 0, Diff: 0, Sum: 0, Workers: 4
[3981.577s][debug][gc,phases      ] GC(265)     Total                          Min: 0, Avg:  0.0, Max: 0, Diff: 0, Sum: 0, Workers: 4
[3981.577s][debug][gc,phases      ] GC(265)   StringDedup Requests1 Weak     Min:  0.0, Avg:  0.0, Max:  0.0, Diff:  0.0, Sum:  0.0, Workers: 4
[3981.577s][debug][gc,phases      ] GC(265)     Dead                           Min: 0, Avg:  0.0, Max: 0, Diff: 0, Sum: 0, Workers: 4
[3981.577s][debug][gc,phases      ] GC(265)     Total                          Min: 0, Avg:  0.0, Max: 0, Diff: 0, Sum: 0, Workers: 4
[3981.577s][debug][gc,phases      ] GC(265)   Weak JFR Old Object Samples    Min:  0.0, Avg:  0.0, Max:  0.0, Diff:  0.0, Sum:  0.0, Workers: 4
[3981.577s][debug][gc,phases      ] GC(265)     Dead                           Min: 0, Avg:  0.0, Max: 0, Diff: 0, Sum: 0, Workers: 4
[3981.577s][debug][gc,phases      ] GC(265)     Total                          Min: 0, Avg:  0.0, Max: 0, Diff: 0, Sum: 0, Workers: 4
[3981.577s][debug][gc,phases      ] GC(265) Weak Processing 0.365ms
[3981.577s][debug][gc,age         ] GC(265) Desired survivor size 524288 bytes, new threshold 15 (max threshold 15)
[3981.577s][info ][gc,heap        ] GC(265) PSYoungGen: 2096288K(2096640K)->256K(2096640K) Eden: 2096128K(2096128K)->0K(2096128K) From: 160K(512K)->256K(512K)
[3981.577s][info ][gc,heap        ] GC(265) ParOldGen: 236846K(324096K)->236846K(324096K)
[3981.577s][info ][gc,metaspace   ] GC(265) Metaspace: 80257K(81152K)->80257K(81152K) NonClass: 68530K(68992K)->68530K(68992K) Class: 11727K(12160K)->11727K(12160K)
[3981.577s][info ][gc             ] GC(265) Pause Young (Allocation Failure) 2278M->231M(2364M) 2.622ms
[3981.577s][info ][gc,cpu         ] GC(265) User=0.00s Sys=0.00s Real=0.00s
[3981.577s][info ][safepoint      ] Safepoint "ParallelGCFailedAllocation", Time since last: 16398306472 ns, Reaching safepoint: 4300 ns, Cleanup: 51401 ns, At safepoint: 2685811 ns, Total: 2741512 ns
[3997.975s][info ][gc,start       ] GC(266) Pause Young (Allocation Failure)
[3997.976s][debug][gc,phases      ] GC(266) Scavenge 1.310ms
[3997.976s][debug][gc,ref         ] GC(266) Skipped phase 1 of Reference Processing: no references
[3997.976s][debug][gc,ref         ] GC(266) Skipped phase 2 of Reference Processing: no references
[3997.976s][debug][gc,ref         ] GC(266) Skipped phase 3 of Reference Processing: no references
[3997.976s][debug][gc,ref         ] GC(266) Skipped phase 4 of Reference Processing: no references
[3997.976s][debug][gc,phases      ] GC(266) Reference Processing 0.019ms
[3997.976s][debug][gc,phases      ] GC(266)   VM Weak                        Min:  0.0, Avg:  0.0, Max:  0.0, Diff:  0.0, Sum:  0.0, Workers: 4
[3997.976s][debug][gc,phases      ] GC(266)     Dead                           Min: 0, Avg:  0.0, Max: 0, Diff: 0, Sum: 0, Workers: 4
[3997.976s][debug][gc,phases      ] GC(266)     Total                          Min: 0, Avg: 172.8, Max: 448, Diff: 448, Sum: 691, Workers: 4
[3997.976s][debug][gc,phases      ] GC(266)   ObjectSynchronizer Weak        Min:  0.0, Avg:  0.0, Max:  0.0, Diff:  0.0, Sum:  0.0, Workers: 4
[3997.976s][debug][gc,phases      ] GC(266)     Dead                           Min: 0, Avg:  0.0, Max: 0, Diff: 0, Sum: 0, Workers: 4
[3997.976s][debug][gc,phases      ] GC(266)     Total                          Min: 0, Avg:  1.0, Max: 4, Diff: 4, Sum: 4, Workers: 4
[3997.976s][debug][gc,phases      ] GC(266)   JVMTI Tag Weak OopStorage      Min:  0.0, Avg:  0.0, Max:  0.0, Diff:  0.0, Sum:  0.0, Workers: 4
[3997.976s][debug][gc,phases      ] GC(266)     Dead                           Min: 0, Avg:  0.0, Max: 0, Diff: 0, Sum: 0, Workers: 4
[3997.976s][debug][gc,phases      ] GC(266)     Total                          Min: 0, Avg:  0.0, Max: 0, Diff: 0, Sum: 0, Workers: 4
[3997.976s][debug][gc,phases      ] GC(266)   StringTable Weak               Min:  0.0, Avg:  0.1, Max:  0.1, Diff:  0.1, Sum:  0.4, Workers: 4
[3997.976s][debug][gc,phases      ] GC(266)     Dead                           Min: 0, Avg:  0.0, Max: 0, Diff: 0, Sum: 0, Workers: 4
[3997.976s][debug][gc,phases      ] GC(266)     Total                          Min: 0, Avg: 10718.5, Max: 18106, Diff: 18106, Sum: 42874, Workers: 4
[3997.976s][debug][gc,phases      ] GC(266)   ResolvedMethodTable Weak       Min:  0.0, Avg:  0.0, Max:  0.0, Diff:  0.0, Sum:  0.1, Workers: 4
[3997.976s][debug][gc,phases      ] GC(266)     Dead                           Min: 0, Avg:  0.0, Max: 0, Diff: 0, Sum: 0, Workers: 4
[3997.976s][debug][gc,phases      ] GC(266)     Total                          Min: 0, Avg: 2283.8, Max: 4008, Diff: 4008, Sum: 9135, Workers: 4
[3997.976s][debug][gc,phases      ] GC(266)   JNI Weak                       Min:  0.0, Avg:  0.0, Max:  0.0, Diff:  0.0, Sum:  0.0, Workers: 4
[3997.976s][debug][gc,phases      ] GC(266)     Dead                           Min: 0, Avg:  0.0, Max: 0, Diff: 0, Sum: 0, Workers: 4
[3997.976s][debug][gc,phases      ] GC(266)     Total                          Min: 0, Avg: 11.2, Max: 45, Diff: 45, Sum: 45, Workers: 4
[3997.977s][debug][gc,phases      ] GC(266)   StringDedup Table Weak         Min:  0.0, Avg:  0.0, Max:  0.0, Diff:  0.0, Sum:  0.0, Workers: 4
[3997.977s][debug][gc,phases      ] GC(266)     Dead                           Min: 0, Avg:  0.0, Max: 0, Diff: 0, Sum: 0, Workers: 4
[3997.977s][debug][gc,phases      ] GC(266)     Total                          Min: 0, Avg:  0.0, Max: 0, Diff: 0, Sum: 0, Workers: 4
[3997.977s][debug][gc,phases      ] GC(266)   StringDedup Requests0 Weak     Min:  0.0, Avg:  0.0, Max:  0.0, Diff:  0.0, Sum:  0.0, Workers: 4
[3997.977s][debug][gc,phases      ] GC(266)     Dead                           Min: 0, Avg:  0.0, Max: 0, Diff: 0, Sum: 0, Workers: 4
[3997.977s][debug][gc,phases      ] GC(266)     Total                          Min: 0, Avg:  0.0, Max: 0, Diff: 0, Sum: 0, Workers: 4
[3997.977s][debug][gc,phases      ] GC(266)   StringDedup Requests1 Weak     Min:  0.0, Avg:  0.0, Max:  0.0, Diff:  0.0, Sum:  0.0, Workers: 4
[3997.977s][debug][gc,phases      ] GC(266)     Dead                           Min: 0, Avg:  0.0, Max: 0, Diff: 0, Sum: 0, Workers: 4
[3997.977s][debug][gc,phases      ] GC(266)     Total                          Min: 0, Avg:  0.0, Max: 0, Diff: 0, Sum: 0, Workers: 4
[3997.977s][debug][gc,phases      ] GC(266)   Weak JFR Old Object Samples    Min:  0.0, Avg:  0.0, Max:  0.0, Diff:  0.0, Sum:  0.0, Workers: 4
[3997.977s][debug][gc,phases      ] GC(266)     Dead                           Min: 0, Avg:  0.0, Max: 0, Diff: 0, Sum: 0, Workers: 4
[3997.977s][debug][gc,phases      ] GC(266)     Total                          Min: 0, Avg:  0.0, Max: 0, Diff: 0, Sum: 0, Workers: 4
[3997.977s][debug][gc,phases      ] GC(266) Weak Processing 0.346ms
[3997.977s][debug][gc,age         ] GC(266) Desired survivor size 524288 bytes, new threshold 15 (max threshold 15)
[3997.977s][info ][gc,heap        ] GC(266) PSYoungGen: 2096384K(2096640K)->128K(2096640K) Eden: 2096128K(2096128K)->0K(2096128K) From: 256K(512K)->128K(512K)
[3997.977s][info ][gc,heap        ] GC(266) ParOldGen: 236846K(324096K)->236862K(324096K)
[3997.977s][info ][gc,metaspace   ] GC(266) Metaspace: 80257K(81152K)->80257K(81152K) NonClass: 68530K(68992K)->68530K(68992K) Class: 11727K(12160K)->11727K(12160K)
[3997.977s][info ][gc             ] GC(266) Pause Young (Allocation Failure) 2278M->231M(2364M) 1.757ms
[3997.977s][info ][gc,cpu         ] GC(266) User=0.00s Sys=0.00s Real=0.00s
[3997.977s][info ][safepoint      ] Safepoint "ParallelGCFailedAllocation", Time since last: 16398000520 ns, Reaching safepoint: 4200 ns, Cleanup: 23800 ns, At safepoint: 1854907 ns, Total: 1882907 ns
[4014.423s][info ][gc,start       ] GC(267) Pause Young (Allocation Failure)
[4014.425s][debug][gc,phases      ] GC(267) Scavenge 1.979ms
[4014.425s][debug][gc,ref         ] GC(267) Skipped phase 1 of Reference Processing: no references
[4014.425s][debug][gc,ref         ] GC(267) Skipped phase 2 of Reference Processing: no references
[4014.425s][debug][gc,ref         ] GC(267) Skipped phase 3 of Reference Processing: no references
[4014.425s][debug][gc,ref         ] GC(267) Skipped phase 4 of Reference Processing: no references
[4014.425s][debug][gc,phases      ] GC(267) Reference Processing 0.019ms
[4014.425s][debug][gc,phases      ] GC(267)   VM Weak                        Min:  0.0, Avg:  0.0, Max:  0.0, Diff:  0.0, Sum:  0.0, Workers: 4
[4014.425s][debug][gc,phases      ] GC(267)     Dead                           Min: 0, Avg:  0.0, Max: 0, Diff: 0, Sum: 0, Workers: 4
[4014.425s][debug][gc,phases      ] GC(267)     Total                          Min: 0, Avg: 172.8, Max: 691, Diff: 691, Sum: 691, Workers: 4
[4014.425s][debug][gc,phases      ] GC(267)   ObjectSynchronizer Weak        Min:  0.0, Avg:  0.0, Max:  0.0, Diff:  0.0, Sum:  0.0, Workers: 4
[4014.425s][debug][gc,phases      ] GC(267)     Dead                           Min: 0, Avg:  0.0, Max: 0, Diff: 0, Sum: 0, Workers: 4
[4014.425s][debug][gc,phases      ] GC(267)     Total                          Min: 0, Avg:  1.0, Max: 4, Diff: 4, Sum: 4, Workers: 4
[4014.425s][debug][gc,phases      ] GC(267)   JVMTI Tag Weak OopStorage      Min:  0.0, Avg:  0.0, Max:  0.0, Diff:  0.0, Sum:  0.0, Workers: 4
[4014.425s][debug][gc,phases      ] GC(267)     Dead                           Min: 0, Avg:  0.0, Max: 0, Diff: 0, Sum: 0, Workers: 4
[4014.425s][debug][gc,phases      ] GC(267)     Total                          Min: 0, Avg:  0.0, Max: 0, Diff: 0, Sum: 0, Workers: 4
[4014.425s][debug][gc,phases      ] GC(267)   StringTable Weak               Min:  0.0, Avg:  0.1, Max:  0.1, Diff:  0.1, Sum:  0.4, Workers: 4
[4014.425s][debug][gc,phases      ] GC(267)     Dead                           Min: 0, Avg:  0.0, Max: 0, Diff: 0, Sum: 0, Workers: 4
[4014.425s][debug][gc,phases      ] GC(267)     Total                          Min: 0, Avg: 10718.5, Max: 17856, Diff: 17856, Sum: 42874, Workers: 4
[4014.425s][debug][gc,phases      ] GC(267)   ResolvedMethodTable Weak       Min:  0.0, Avg:  0.0, Max:  0.0, Diff:  0.0, Sum:  0.1, Workers: 4
[4014.425s][debug][gc,phases      ] GC(267)     Dead                           Min: 0, Avg:  0.0, Max: 0, Diff: 0, Sum: 0, Workers: 4
[4014.425s][debug][gc,phases      ] GC(267)     Total                          Min: 0, Avg: 2283.8, Max: 3952, Diff: 3952, Sum: 9135, Workers: 4
[4014.425s][debug][gc,phases      ] GC(267)   JNI Weak                       Min:  0.0, Avg:  0.0, Max:  0.0, Diff:  0.0, Sum:  0.0, Workers: 4
[4014.425s][debug][gc,phases      ] GC(267)     Dead                           Min: 0, Avg:  0.0, Max: 0, Diff: 0, Sum: 0, Workers: 4
[4014.425s][debug][gc,phases      ] GC(267)     Total                          Min: 0, Avg: 11.2, Max: 45, Diff: 45, Sum: 45, Workers: 4
[4014.425s][debug][gc,phases      ] GC(267)   StringDedup Table Weak         Min:  0.0, Avg:  0.0, Max:  0.0, Diff:  0.0, Sum:  0.0, Workers: 4
[4014.425s][debug][gc,phases      ] GC(267)     Dead                           Min: 0, Avg:  0.0, Max: 0, Diff: 0, Sum: 0, Workers: 4
[4014.425s][debug][gc,phases      ] GC(267)     Total                          Min: 0, Avg:  0.0, Max: 0, Diff: 0, Sum: 0, Workers: 4
[4014.425s][debug][gc,phases      ] GC(267)   StringDedup Requests0 Weak     Min:  0.0, Avg:  0.0, Max:  0.0, Diff:  0.0, Sum:  0.0, Workers: 4
[4014.425s][debug][gc,phases      ] GC(267)     Dead                           Min: 0, Avg:  0.0, Max: 0, Diff: 0, Sum: 0, Workers: 4
[4014.425s][debug][gc,phases      ] GC(267)     Total                          Min: 0, Avg:  0.0, Max: 0, Diff: 0, Sum: 0, Workers: 4
[4014.425s][debug][gc,phases      ] GC(267)   StringDedup Requests1 Weak     Min:  0.0, Avg:  0.0, Max:  0.0, Diff:  0.0, Sum:  0.0, Workers: 4
[4014.425s][debug][gc,phases      ] GC(267)     Dead                           Min: 0, Avg:  0.0, Max: 0, Diff: 0, Sum: 0, Workers: 4
[4014.425s][debug][gc,phases      ] GC(267)     Total                          Min: 0, Avg:  0.0, Max: 0, Diff: 0, Sum: 0, Workers: 4
[4014.425s][debug][gc,phases      ] GC(267)   Weak JFR Old Object Samples    Min:  0.0, Avg:  0.0, Max:  0.0, Diff:  0.0, Sum:  0.0, Workers: 4
[4014.425s][debug][gc,phases      ] GC(267)     Dead                           Min: 0, Avg:  0.0, Max: 0, Diff: 0, Sum: 0, Workers: 4
[4014.425s][debug][gc,phases      ] GC(267)     Total                          Min: 0, Avg:  0.0, Max: 0, Diff: 0, Sum: 0, Workers: 4
[4014.425s][debug][gc,phases      ] GC(267) Weak Processing 0.349ms
[4014.425s][debug][gc,age         ] GC(267) Desired survivor size 524288 bytes, new threshold 15 (max threshold 15)
[4014.425s][info ][gc,heap        ] GC(267) PSYoungGen: 2096256K(2096640K)->256K(2096640K) Eden: 2096128K(2096128K)->0K(2096128K) From: 128K(512K)->256K(512K)
[4014.425s][info ][gc,heap        ] GC(267) ParOldGen: 236862K(324096K)->236870K(324096K)
[4014.425s][info ][gc,metaspace   ] GC(267) Metaspace: 80257K(81152K)->80257K(81152K) NonClass: 68530K(68992K)->68530K(68992K) Class: 11727K(12160K)->11727K(12160K)
[4014.425s][info ][gc             ] GC(267) Pause Young (Allocation Failure) 2278M->231M(2364M) 2.444ms
[4014.425s][info ][gc,cpu         ] GC(267) User=0.01s Sys=0.00s Real=0.00s
[4014.425s][info ][safepoint      ] Safepoint "ParallelGCFailedAllocation", Time since last: 16446172377 ns, Reaching safepoint: 4400 ns, Cleanup: 38500 ns, At safepoint: 2506710 ns, Total: 2549610 ns
[4030.824s][info ][gc,start       ] GC(268) Pause Young (Allocation Failure)
[4030.826s][debug][gc,phases      ] GC(268) Scavenge 1.969ms
[4030.826s][debug][gc,ref         ] GC(268) Skipped phase 1 of Reference Processing: no references
[4030.826s][debug][gc,ref         ] GC(268) Skipped phase 2 of Reference Processing: no references
[4030.826s][debug][gc,ref         ] GC(268) Skipped phase 3 of Reference Processing: no references
[4030.826s][debug][gc,ref         ] GC(268) Skipped phase 4 of Reference Processing: no references
[4030.826s][debug][gc,phases      ] GC(268) Reference Processing 0.023ms
[4030.826s][debug][gc,phases      ] GC(268)   VM Weak                        Min:  0.0, Avg:  0.0, Max:  0.0, Diff:  0.0, Sum:  0.0, Workers: 4
[4030.826s][debug][gc,phases      ] GC(268)     Dead                           Min: 0, Avg:  0.0, Max: 0, Diff: 0, Sum: 0, Workers: 4
[4030.826s][debug][gc,phases      ] GC(268)     Total                          Min: 0, Avg: 172.8, Max: 640, Diff: 640, Sum: 691, Workers: 4
[4030.826s][debug][gc,phases      ] GC(268)   ObjectSynchronizer Weak        Min:  0.0, Avg:  0.0, Max:  0.0, Diff:  0.0, Sum:  0.0, Workers: 4
[4030.826s][debug][gc,phases      ] GC(268)     Dead                           Min: 0, Avg:  0.0, Max: 0, Diff: 0, Sum: 0, Workers: 4
[4030.826s][debug][gc,phases      ] GC(268)     Total                          Min: 0, Avg:  1.0, Max: 4, Diff: 4, Sum: 4, Workers: 4
[4030.826s][debug][gc,phases      ] GC(268)   JVMTI Tag Weak OopStorage      Min:  0.0, Avg:  0.0, Max:  0.0, Diff:  0.0, Sum:  0.0, Workers: 4
[4030.826s][debug][gc,phases      ] GC(268)     Dead                           Min: 0, Avg:  0.0, Max: 0, Diff: 0, Sum: 0, Workers: 4
[4030.826s][debug][gc,phases      ] GC(268)     Total                          Min: 0, Avg:  0.0, Max: 0, Diff: 0, Sum: 0, Workers: 4
[4030.826s][debug][gc,phases      ] GC(268)   StringTable Weak               Min:  0.1, Avg:  0.1, Max:  0.1, Diff:  0.0, Sum:  0.4, Workers: 4
[4030.826s][debug][gc,phases      ] GC(268)     Dead                           Min: 0, Avg:  0.0, Max: 0, Diff: 0, Sum: 0, Workers: 4
[4030.826s][debug][gc,phases      ] GC(268)     Total                          Min: 10176, Avg: 10718.8, Max: 11008, Diff: 832, Sum: 42875, Workers: 4
[4030.826s][debug][gc,phases      ] GC(268)   ResolvedMethodTable Weak       Min:  0.0, Avg:  0.0, Max:  0.0, Diff:  0.0, Sum:  0.1, Workers: 4
[4030.826s][debug][gc,phases      ] GC(268)     Dead                           Min: 0, Avg:  0.0, Max: 0, Diff: 0, Sum: 0, Workers: 4
[4030.826s][debug][gc,phases      ] GC(268)     Total                          Min: 2149, Avg: 2283.8, Max: 2379, Diff: 230, Sum: 9135, Workers: 4
[4030.826s][debug][gc,phases      ] GC(268)   JNI Weak                       Min:  0.0, Avg:  0.0, Max:  0.0, Diff:  0.0, Sum:  0.0, Workers: 4
[4030.826s][debug][gc,phases      ] GC(268)     Dead                           Min: 0, Avg:  0.0, Max: 0, Diff: 0, Sum: 0, Workers: 4
[4030.826s][debug][gc,phases      ] GC(268)     Total                          Min: 0, Avg: 11.2, Max: 45, Diff: 45, Sum: 45, Workers: 4
[4030.826s][debug][gc,phases      ] GC(268)   StringDedup Table Weak         Min:  0.0, Avg:  0.0, Max:  0.0, Diff:  0.0, Sum:  0.0, Workers: 4
[4030.826s][debug][gc,phases      ] GC(268)     Dead                           Min: 0, Avg:  0.0, Max: 0, Diff: 0, Sum: 0, Workers: 4
[4030.826s][debug][gc,phases      ] GC(268)     Total                          Min: 0, Avg:  0.0, Max: 0, Diff: 0, Sum: 0, Workers: 4
[4030.826s][debug][gc,phases      ] GC(268)   StringDedup Requests0 Weak     Min:  0.0, Avg:  0.0, Max:  0.0, Diff:  0.0, Sum:  0.0, Workers: 4
[4030.826s][debug][gc,phases      ] GC(268)     Dead                           Min: 0, Avg:  0.0, Max: 0, Diff: 0, Sum: 0, Workers: 4
[4030.826s][debug][gc,phases      ] GC(268)     Total                          Min: 0, Avg:  0.0, Max: 0, Diff: 0, Sum: 0, Workers: 4
[4030.826s][debug][gc,phases      ] GC(268)   StringDedup Requests1 Weak     Min:  0.0, Avg:  0.0, Max:  0.0, Diff:  0.0, Sum:  0.0, Workers: 4
[4030.826s][debug][gc,phases      ] GC(268)     Dead                           Min: 0, Avg:  0.0, Max: 0, Diff: 0, Sum: 0, Workers: 4
[4030.826s][debug][gc,phases      ] GC(268)     Total                          Min: 0, Avg:  0.0, Max: 0, Diff: 0, Sum: 0, Workers: 4
[4030.826s][debug][gc,phases      ] GC(268)   Weak JFR Old Object Samples    Min:  0.0, Avg:  0.0, Max:  0.0, Diff:  0.0, Sum:  0.0, Workers: 4
[4030.826s][debug][gc,phases      ] GC(268)     Dead                           Min: 0, Avg:  0.0, Max: 0, Diff: 0, Sum: 0, Workers: 4
[4030.826s][debug][gc,phases      ] GC(268)     Total                          Min: 0, Avg:  0.0, Max: 0, Diff: 0, Sum: 0, Workers: 4
[4030.826s][debug][gc,phases      ] GC(268) Weak Processing 0.322ms
[4030.826s][debug][gc,age         ] GC(268) Desired survivor size 524288 bytes, new threshold 15 (max threshold 15)
[4030.826s][info ][gc,heap        ] GC(268) PSYoungGen: 2096384K(2096640K)->96K(2096640K) Eden: 2096128K(2096128K)->0K(2096128K) From: 256K(512K)->96K(512K)
[4030.826s][info ][gc,heap        ] GC(268) ParOldGen: 236870K(324096K)->236870K(324096K)
[4030.826s][info ][gc,metaspace   ] GC(268) Metaspace: 80257K(81152K)->80257K(81152K) NonClass: 68530K(68992K)->68530K(68992K) Class: 11727K(12160K)->11727K(12160K)
[4030.826s][info ][gc             ] GC(268) Pause Young (Allocation Failure) 2278M->231M(2364M) 2.449ms
[4030.826s][info ][gc,cpu         ] GC(268) User=0.01s Sys=0.00s Real=0.00s
[4030.826s][info ][safepoint      ] Safepoint "ParallelGCFailedAllocation", Time since last: 16398303104 ns, Reaching safepoint: 4000 ns, Cleanup: 57901 ns, At safepoint: 2513710 ns, Total: 2575611 ns
[4047.225s][info ][gc,start       ] GC(269) Pause Young (Allocation Failure)
[4047.226s][debug][gc,phases      ] GC(269) Scavenge 1.375ms
[4047.226s][debug][gc,ref         ] GC(269) Skipped phase 1 of Reference Processing: no references
[4047.226s][debug][gc,ref         ] GC(269) Skipped phase 2 of Reference Processing: no references
[4047.226s][debug][gc,ref         ] GC(269) Skipped phase 3 of Reference Processing: no references
[4047.226s][debug][gc,ref         ] GC(269) Skipped phase 4 of Reference Processing: no references
[4047.226s][debug][gc,phases      ] GC(269) Reference Processing 0.020ms
[4047.227s][debug][gc,phases      ] GC(269)   VM Weak                        Min:  0.0, Avg:  0.0, Max:  0.0, Diff:  0.0, Sum:  0.0, Workers: 4
[4047.227s][debug][gc,phases      ] GC(269)     Dead                           Min: 0, Avg:  0.0, Max: 0, Diff: 0, Sum: 0, Workers: 4
[4047.227s][debug][gc,phases      ] GC(269)     Total                          Min: 0, Avg: 172.8, Max: 640, Diff: 640, Sum: 691, Workers: 4
[4047.227s][debug][gc,phases      ] GC(269)   ObjectSynchronizer Weak        Min:  0.0, Avg:  0.0, Max:  0.0, Diff:  0.0, Sum:  0.0, Workers: 4
[4047.227s][debug][gc,phases      ] GC(269)     Dead                           Min: 0, Avg:  0.0, Max: 0, Diff: 0, Sum: 0, Workers: 4
[4047.227s][debug][gc,phases      ] GC(269)     Total                          Min: 0, Avg:  1.0, Max: 4, Diff: 4, Sum: 4, Workers: 4
[4047.227s][debug][gc,phases      ] GC(269)   JVMTI Tag Weak OopStorage      Min:  0.0, Avg:  0.0, Max:  0.0, Diff:  0.0, Sum:  0.0, Workers: 4
[4047.227s][debug][gc,phases      ] GC(269)     Dead                           Min: 0, Avg:  0.0, Max: 0, Diff: 0, Sum: 0, Workers: 4
[4047.227s][debug][gc,phases      ] GC(269)     Total                          Min: 0, Avg:  0.0, Max: 0, Diff: 0, Sum: 0, Workers: 4
[4047.227s][debug][gc,phases      ] GC(269)   StringTable Weak               Min:  0.0, Avg:  0.1, Max:  0.1, Diff:  0.1, Sum:  0.4, Workers: 4
[4047.227s][debug][gc,phases      ] GC(269)     Dead                           Min: 0, Avg:  0.0, Max: 0, Diff: 0, Sum: 0, Workers: 4
[4047.227s][debug][gc,phases      ] GC(269)     Total                          Min: 0, Avg: 10718.8, Max: 17984, Diff: 17984, Sum: 42875, Workers: 4
[4047.227s][debug][gc,phases      ] GC(269)   ResolvedMethodTable Weak       Min:  0.0, Avg:  0.0, Max:  0.0, Diff:  0.0, Sum:  0.1, Workers: 4
[4047.227s][debug][gc,phases      ] GC(269)     Dead                           Min: 0, Avg:  0.0, Max: 0, Diff: 0, Sum: 0, Workers: 4
[4047.227s][debug][gc,phases      ] GC(269)     Total                          Min: 0, Avg: 2283.8, Max: 4113, Diff: 4113, Sum: 9135, Workers: 4
[4047.227s][debug][gc,phases      ] GC(269)   JNI Weak                       Min:  0.0, Avg:  0.0, Max:  0.0, Diff:  0.0, Sum:  0.0, Workers: 4
[4047.227s][debug][gc,phases      ] GC(269)     Dead                           Min: 0, Avg:  0.0, Max: 0, Diff: 0, Sum: 0, Workers: 4
[4047.227s][debug][gc,phases      ] GC(269)     Total                          Min: 0, Avg: 11.2, Max: 45, Diff: 45, Sum: 45, Workers: 4
[4047.227s][debug][gc,phases      ] GC(269)   StringDedup Table Weak         Min:  0.0, Avg:  0.0, Max:  0.0, Diff:  0.0, Sum:  0.0, Workers: 4
[4047.227s][debug][gc,phases      ] GC(269)     Dead                           Min: 0, Avg:  0.0, Max: 0, Diff: 0, Sum: 0, Workers: 4
[4047.227s][debug][gc,phases      ] GC(269)     Total                          Min: 0, Avg:  0.0, Max: 0, Diff: 0, Sum: 0, Workers: 4
[4047.227s][debug][gc,phases      ] GC(269)   StringDedup Requests0 Weak     Min:  0.0, Avg:  0.0, Max:  0.0, Diff:  0.0, Sum:  0.0, Workers: 4
[4047.227s][debug][gc,phases      ] GC(269)     Dead                           Min: 0, Avg:  0.0, Max: 0, Diff: 0, Sum: 0, Workers: 4
[4047.227s][debug][gc,phases      ] GC(269)     Total                          Min: 0, Avg:  0.0, Max: 0, Diff: 0, Sum: 0, Workers: 4
[4047.227s][debug][gc,phases      ] GC(269)   StringDedup Requests1 Weak     Min:  0.0, Avg:  0.0, Max:  0.0, Diff:  0.0, Sum:  0.0, Workers: 4
[4047.227s][debug][gc,phases      ] GC(269)     Dead                           Min: 0, Avg:  0.0, Max: 0, Diff: 0, Sum: 0, Workers: 4
[4047.227s][debug][gc,phases      ] GC(269)     Total                          Min: 0, Avg:  0.0, Max: 0, Diff: 0, Sum: 0, Workers: 4
[4047.227s][debug][gc,phases      ] GC(269)   Weak JFR Old Object Samples    Min:  0.0, Avg:  0.0, Max:  0.0, Diff:  0.0, Sum:  0.0, Workers: 4
[4047.227s][debug][gc,phases      ] GC(269)     Dead                           Min: 0, Avg:  0.0, Max: 0, Diff: 0, Sum: 0, Workers: 4
[4047.227s][debug][gc,phases      ] GC(269)     Total                          Min: 0, Avg:  0.0, Max: 0, Diff: 0, Sum: 0, Workers: 4
[4047.227s][debug][gc,phases      ] GC(269) Weak Processing 0.346ms
[4047.227s][debug][gc,age         ] GC(269) Desired survivor size 524288 bytes, new threshold 15 (max threshold 15)
[4047.227s][info ][gc,heap        ] GC(269) PSYoungGen: 2096224K(2096640K)->192K(2096640K) Eden: 2096128K(2096128K)->0K(2096128K) From: 96K(512K)->192K(512K)
[4047.227s][info ][gc,heap        ] GC(269) ParOldGen: 236870K(324096K)->236886K(324096K)
[4047.227s][info ][gc,metaspace   ] GC(269) Metaspace: 80257K(81152K)->80257K(81152K) NonClass: 68530K(68992K)->68530K(68992K) Class: 11727K(12160K)->11727K(12160K)
[4047.227s][info ][gc             ] GC(269) Pause Young (Allocation Failure) 2278M->231M(2364M) 1.823ms
[4047.227s][info ][gc,cpu         ] GC(269) User=0.00s Sys=0.00s Real=0.00s
[4047.227s][info ][safepoint      ] Safepoint "ParallelGCFailedAllocation", Time since last: 16398684236 ns, Reaching safepoint: 4600 ns, Cleanup: 26400 ns, At safepoint: 1902308 ns, Total: 1933308 ns
[4063.673s][info ][gc,start       ] GC(270) Pause Young (Allocation Failure)
[4063.675s][debug][gc,phases      ] GC(270) Scavenge 2.083ms
[4063.675s][debug][gc,ref         ] GC(270) Skipped phase 1 of Reference Processing: no references
[4063.675s][debug][gc,ref         ] GC(270) Skipped phase 2 of Reference Processing: no references
[4063.675s][debug][gc,ref         ] GC(270) Skipped phase 3 of Reference Processing: no references
[4063.675s][debug][gc,ref         ] GC(270) Skipped phase 4 of Reference Processing: no references
[4063.675s][debug][gc,phases      ] GC(270) Reference Processing 0.022ms
[4063.675s][debug][gc,phases      ] GC(270)   VM Weak                        Min:  0.0, Avg:  0.0, Max:  0.0, Diff:  0.0, Sum:  0.0, Workers: 4
[4063.675s][debug][gc,phases      ] GC(270)     Dead                           Min: 0, Avg:  0.0, Max: 0, Diff: 0, Sum: 0, Workers: 4
[4063.675s][debug][gc,phases      ] GC(270)     Total                          Min: 0, Avg: 172.8, Max: 371, Diff: 371, Sum: 691, Workers: 4
[4063.675s][debug][gc,phases      ] GC(270)   ObjectSynchronizer Weak        Min:  0.0, Avg:  0.0, Max:  0.0, Diff:  0.0, Sum:  0.0, Workers: 4
[4063.675s][debug][gc,phases      ] GC(270)     Dead                           Min: 0, Avg:  0.0, Max: 0, Diff: 0, Sum: 0, Workers: 4
[4063.675s][debug][gc,phases      ] GC(270)     Total                          Min: 0, Avg:  1.0, Max: 4, Diff: 4, Sum: 4, Workers: 4
[4063.675s][debug][gc,phases      ] GC(270)   JVMTI Tag Weak OopStorage      Min:  0.0, Avg:  0.0, Max:  0.0, Diff:  0.0, Sum:  0.0, Workers: 4
[4063.675s][debug][gc,phases      ] GC(270)     Dead                           Min: 0, Avg:  0.0, Max: 0, Diff: 0, Sum: 0, Workers: 4
[4063.675s][debug][gc,phases      ] GC(270)     Total                          Min: 0, Avg:  0.0, Max: 0, Diff: 0, Sum: 0, Workers: 4
[4063.675s][debug][gc,phases      ] GC(270)   StringTable Weak               Min:  0.0, Avg:  0.1, Max:  0.1, Diff:  0.1, Sum:  0.4, Workers: 4
[4063.675s][debug][gc,phases      ] GC(270)     Dead                           Min: 0, Avg:  0.0, Max: 0, Diff: 0, Sum: 0, Workers: 4
[4063.675s][debug][gc,phases      ] GC(270)     Total                          Min: 0, Avg: 10718.8, Max: 17664, Diff: 17664, Sum: 42875, Workers: 4
[4063.675s][debug][gc,phases      ] GC(270)   ResolvedMethodTable Weak       Min:  0.0, Avg:  0.0, Max:  0.0, Diff:  0.0, Sum:  0.1, Workers: 4
[4063.675s][debug][gc,phases      ] GC(270)     Dead                           Min: 0, Avg:  0.0, Max: 0, Diff: 0, Sum: 0, Workers: 4
[4063.675s][debug][gc,phases      ] GC(270)     Total                          Min: 0, Avg: 2283.8, Max: 3365, Diff: 3365, Sum: 9135, Workers: 4
[4063.675s][debug][gc,phases      ] GC(270)   JNI Weak                       Min:  0.0, Avg:  0.0, Max:  0.0, Diff:  0.0, Sum:  0.0, Workers: 4
[4063.675s][debug][gc,phases      ] GC(270)     Dead                           Min: 0, Avg:  0.0, Max: 0, Diff: 0, Sum: 0, Workers: 4
[4063.675s][debug][gc,phases      ] GC(270)     Total                          Min: 0, Avg: 11.2, Max: 45, Diff: 45, Sum: 45, Workers: 4
[4063.675s][debug][gc,phases      ] GC(270)   StringDedup Table Weak         Min:  0.0, Avg:  0.0, Max:  0.0, Diff:  0.0, Sum:  0.0, Workers: 4
[4063.675s][debug][gc,phases      ] GC(270)     Dead                           Min: 0, Avg:  0.0, Max: 0, Diff: 0, Sum: 0, Workers: 4
[4063.675s][debug][gc,phases      ] GC(270)     Total                          Min: 0, Avg:  0.0, Max: 0, Diff: 0, Sum: 0, Workers: 4
[4063.675s][debug][gc,phases      ] GC(270)   StringDedup Requests0 Weak     Min:  0.0, Avg:  0.0, Max:  0.0, Diff:  0.0, Sum:  0.0, Workers: 4
[4063.675s][debug][gc,phases      ] GC(270)     Dead                           Min: 0, Avg:  0.0, Max: 0, Diff: 0, Sum: 0, Workers: 4
[4063.675s][debug][gc,phases      ] GC(270)     Total                          Min: 0, Avg:  0.0, Max: 0, Diff: 0, Sum: 0, Workers: 4
[4063.675s][debug][gc,phases      ] GC(270)   StringDedup Requests1 Weak     Min:  0.0, Avg:  0.0, Max:  0.0, Diff:  0.0, Sum:  0.0, Workers: 4
[4063.675s][debug][gc,phases      ] GC(270)     Dead                           Min: 0, Avg:  0.0, Max: 0, Diff: 0, Sum: 0, Workers: 4
[4063.675s][debug][gc,phases      ] GC(270)     Total                          Min: 0, Avg:  0.0, Max: 0, Diff: 0, Sum: 0, Workers: 4
[4063.675s][debug][gc,phases      ] GC(270)   Weak JFR Old Object Samples    Min:  0.0, Avg:  0.0, Max:  0.0, Diff:  0.0, Sum:  0.0, Workers: 4
[4063.675s][debug][gc,phases      ] GC(270)     Dead                           Min: 0, Avg:  0.0, Max: 0, Diff: 0, Sum: 0, Workers: 4
[4063.675s][debug][gc,phases      ] GC(270)     Total                          Min: 0, Avg:  0.0, Max: 0, Diff: 0, Sum: 0, Workers: 4
[4063.675s][debug][gc,phases      ] GC(270) Weak Processing 0.335ms
[4063.675s][debug][gc,age         ] GC(270) Desired survivor size 524288 bytes, new threshold 15 (max threshold 15)
[4063.675s][info ][gc,heap        ] GC(270) PSYoungGen: 2096320K(2096640K)->224K(2096640K) Eden: 2096128K(2096128K)->0K(2096128K) From: 192K(512K)->224K(512K)
[4063.675s][info ][gc,heap        ] GC(270) ParOldGen: 236886K(324096K)->236894K(324096K)
[4063.675s][info ][gc,metaspace   ] GC(270) Metaspace: 80257K(81152K)->80257K(81152K) NonClass: 68530K(68992K)->68530K(68992K) Class: 11727K(12160K)->11727K(12160K)
[4063.675s][info ][gc             ] GC(270) Pause Young (Allocation Failure) 2278M->231M(2364M) 2.574ms
[4063.675s][info ][gc,cpu         ] GC(270) User=0.01s Sys=0.00s Real=0.00s
[4063.675s][info ][safepoint      ] Safepoint "ParallelGCFailedAllocation", Time since last: 16445790237 ns, Reaching safepoint: 3700 ns, Cleanup: 36300 ns, At safepoint: 2638012 ns, Total: 2678012 ns
[4080.074s][info ][gc,start       ] GC(271) Pause Young (Allocation Failure)
[4080.075s][debug][gc,phases      ] GC(271) Scavenge 1.321ms
[4080.075s][debug][gc,ref         ] GC(271) Skipped phase 1 of Reference Processing: no references
[4080.075s][debug][gc,ref         ] GC(271) Skipped phase 2 of Reference Processing: no references
[4080.075s][debug][gc,ref         ] GC(271) Skipped phase 3 of Reference Processing: no references
[4080.075s][debug][gc,ref         ] GC(271) Skipped phase 4 of Reference Processing: no references
[4080.075s][debug][gc,phases      ] GC(271) Reference Processing 0.021ms
[4080.075s][debug][gc,phases      ] GC(271)   VM Weak                        Min:  0.0, Avg:  0.0, Max:  0.0, Diff:  0.0, Sum:  0.0, Workers: 4
[4080.075s][debug][gc,phases      ] GC(271)     Dead                           Min: 0, Avg:  0.0, Max: 0, Diff: 0, Sum: 0, Workers: 4
[4080.075s][debug][gc,phases      ] GC(271)     Total                          Min: 0, Avg: 172.8, Max: 320, Diff: 320, Sum: 691, Workers: 4
[4080.075s][debug][gc,phases      ] GC(271)   ObjectSynchronizer Weak        Min:  0.0, Avg:  0.0, Max:  0.0, Diff:  0.0, Sum:  0.0, Workers: 4
[4080.075s][debug][gc,phases      ] GC(271)     Dead                           Min: 0, Avg:  0.0, Max: 0, Diff: 0, Sum: 0, Workers: 4
[4080.075s][debug][gc,phases      ] GC(271)     Total                          Min: 0, Avg:  1.0, Max: 4, Diff: 4, Sum: 4, Workers: 4
[4080.075s][debug][gc,phases      ] GC(271)   JVMTI Tag Weak OopStorage      Min:  0.0, Avg:  0.0, Max:  0.0, Diff:  0.0, Sum:  0.0, Workers: 4
[4080.075s][debug][gc,phases      ] GC(271)     Dead                           Min: 0, Avg:  0.0, Max: 0, Diff: 0, Sum: 0, Workers: 4
[4080.075s][debug][gc,phases      ] GC(271)     Total                          Min: 0, Avg:  0.0, Max: 0, Diff: 0, Sum: 0, Workers: 4
[4080.075s][debug][gc,phases      ] GC(271)   StringTable Weak               Min:  0.0, Avg:  0.1, Max:  0.1, Diff:  0.1, Sum:  0.4, Workers: 4
[4080.075s][debug][gc,phases      ] GC(271)     Dead                           Min: 0, Avg:  0.0, Max: 0, Diff: 0, Sum: 0, Workers: 4
[4080.075s][debug][gc,phases      ] GC(271)     Total                          Min: 0, Avg: 10718.8, Max: 15808, Diff: 15808, Sum: 42875, Workers: 4
[4080.075s][debug][gc,phases      ] GC(271)   ResolvedMethodTable Weak       Min:  0.0, Avg:  0.0, Max:  0.0, Diff:  0.0, Sum:  0.1, Workers: 4
[4080.075s][debug][gc,phases      ] GC(271)     Dead                           Min: 0, Avg:  0.0, Max: 0, Diff: 0, Sum: 0, Workers: 4
[4080.075s][debug][gc,phases      ] GC(271)     Total                          Min: 0, Avg: 2283.8, Max: 3732, Diff: 3732, Sum: 9135, Workers: 4
[4080.075s][debug][gc,phases      ] GC(271)   JNI Weak                       Min:  0.0, Avg:  0.0, Max:  0.0, Diff:  0.0, Sum:  0.0, Workers: 4
[4080.075s][debug][gc,phases      ] GC(271)     Dead                           Min: 0, Avg:  0.0, Max: 0, Diff: 0, Sum: 0, Workers: 4
[4080.075s][debug][gc,phases      ] GC(271)     Total                          Min: 0, Avg: 11.2, Max: 45, Diff: 45, Sum: 45, Workers: 4
[4080.075s][debug][gc,phases      ] GC(271)   StringDedup Table Weak         Min:  0.0, Avg:  0.0, Max:  0.0, Diff:  0.0, Sum:  0.0, Workers: 4
[4080.075s][debug][gc,phases      ] GC(271)     Dead                           Min: 0, Avg:  0.0, Max: 0, Diff: 0, Sum: 0, Workers: 4
[4080.075s][debug][gc,phases      ] GC(271)     Total                          Min: 0, Avg:  0.0, Max: 0, Diff: 0, Sum: 0, Workers: 4
[4080.075s][debug][gc,phases      ] GC(271)   StringDedup Requests0 Weak     Min:  0.0, Avg:  0.0, Max:  0.0, Diff:  0.0, Sum:  0.0, Workers: 4
[4080.075s][debug][gc,phases      ] GC(271)     Dead                           Min: 0, Avg:  0.0, Max: 0, Diff: 0, Sum: 0, Workers: 4
[4080.075s][debug][gc,phases      ] GC(271)     Total                          Min: 0, Avg:  0.0, Max: 0, Diff: 0, Sum: 0, Workers: 4
[4080.075s][debug][gc,phases      ] GC(271)   StringDedup Requests1 Weak     Min:  0.0, Avg:  0.0, Max:  0.0, Diff:  0.0, Sum:  0.0, Workers: 4
[4080.075s][debug][gc,phases      ] GC(271)     Dead                           Min: 0, Avg:  0.0, Max: 0, Diff: 0, Sum: 0, Workers: 4
[4080.075s][debug][gc,phases      ] GC(271)     Total                          Min: 0, Avg:  0.0, Max: 0, Diff: 0, Sum: 0, Workers: 4
[4080.075s][debug][gc,phases      ] GC(271)   Weak JFR Old Object Samples    Min:  0.0, Avg:  0.0, Max:  0.0, Diff:  0.0, Sum:  0.0, Workers: 4
[4080.075s][debug][gc,phases      ] GC(271)     Dead                           Min: 0, Avg:  0.0, Max: 0, Diff: 0, Sum: 0, Workers: 4
[4080.075s][debug][gc,phases      ] GC(271)     Total                          Min: 0, Avg:  0.0, Max: 0, Diff: 0, Sum: 0, Workers: 4
[4080.075s][debug][gc,phases      ] GC(271) Weak Processing 0.370ms
[4080.075s][debug][gc,age         ] GC(271) Desired survivor size 524288 bytes, new threshold 15 (max threshold 15)
[4080.075s][info ][gc,heap        ] GC(271) PSYoungGen: 2096352K(2096640K)->192K(2096640K) Eden: 2096128K(2096128K)->0K(2096128K) From: 224K(512K)->192K(512K)
[4080.075s][info ][gc,heap        ] GC(271) ParOldGen: 236894K(324096K)->236894K(324096K)
[4080.075s][info ][gc,metaspace   ] GC(271) Metaspace: 80257K(81152K)->80257K(81152K) NonClass: 68530K(68992K)->68530K(68992K) Class: 11727K(12160K)->11727K(12160K)
[4080.075s][info ][gc             ] GC(271) Pause Young (Allocation Failure) 2278M->231M(2364M) 1.796ms
[4080.075s][info ][gc,cpu         ] GC(271) User=0.01s Sys=0.00s Real=0.00s
[4080.075s][info ][safepoint      ] Safepoint "ParallelGCFailedAllocation", Time since last: 16398105219 ns, Reaching safepoint: 5100 ns, Cleanup: 45200 ns, At safepoint: 1878308 ns, Total: 1928608 ns
[4096.475s][info ][gc,start       ] GC(272) Pause Young (Allocation Failure)
[4096.476s][debug][gc,phases      ] GC(272) Scavenge 1.815ms
[4096.477s][debug][gc,ref         ] GC(272) Skipped phase 1 of Reference Processing: no references
[4096.477s][debug][gc,ref         ] GC(272) Skipped phase 2 of Reference Processing: no references
[4096.477s][debug][gc,ref         ] GC(272) Skipped phase 3 of Reference Processing: no references
[4096.477s][debug][gc,ref         ] GC(272) Skipped phase 4 of Reference Processing: no references
[4096.477s][debug][gc,phases      ] GC(272) Reference Processing 0.019ms
[4096.477s][debug][gc,phases      ] GC(272)   VM Weak                        Min:  0.0, Avg:  0.0, Max:  0.0, Diff:  0.0, Sum:  0.0, Workers: 4
[4096.477s][debug][gc,phases      ] GC(272)     Dead                           Min: 0, Avg:  0.0, Max: 0, Diff: 0, Sum: 0, Workers: 4
[4096.477s][debug][gc,phases      ] GC(272)     Total                          Min: 0, Avg: 172.8, Max: 512, Diff: 512, Sum: 691, Workers: 4
[4096.477s][debug][gc,phases      ] GC(272)   ObjectSynchronizer Weak        Min:  0.0, Avg:  0.0, Max:  0.0, Diff:  0.0, Sum:  0.0, Workers: 4
[4096.477s][debug][gc,phases      ] GC(272)     Dead                           Min: 0, Avg:  0.0, Max: 0, Diff: 0, Sum: 0, Workers: 4
[4096.477s][debug][gc,phases      ] GC(272)     Total                          Min: 0, Avg:  1.0, Max: 4, Diff: 4, Sum: 4, Workers: 4
[4096.477s][debug][gc,phases      ] GC(272)   JVMTI Tag Weak OopStorage      Min:  0.0, Avg:  0.0, Max:  0.0, Diff:  0.0, Sum:  0.0, Workers: 4
[4096.477s][debug][gc,phases      ] GC(272)     Dead                           Min: 0, Avg:  0.0, Max: 0, Diff: 0, Sum: 0, Workers: 4
[4096.477s][debug][gc,phases      ] GC(272)     Total                          Min: 0, Avg:  0.0, Max: 0, Diff: 0, Sum: 0, Workers: 4
[4096.477s][debug][gc,phases      ] GC(272)   StringTable Weak               Min:  0.0, Avg:  0.1, Max:  0.1, Diff:  0.1, Sum:  0.4, Workers: 4
[4096.477s][debug][gc,phases      ] GC(272)     Dead                           Min: 0, Avg:  0.0, Max: 0, Diff: 0, Sum: 0, Workers: 4
[4096.477s][debug][gc,phases      ] GC(272)     Total                          Min: 0, Avg: 10718.8, Max: 17659, Diff: 17659, Sum: 42875, Workers: 4
[4096.477s][debug][gc,phases      ] GC(272)   ResolvedMethodTable Weak       Min:  0.0, Avg:  0.0, Max:  0.0, Diff:  0.0, Sum:  0.1, Workers: 4
[4096.477s][debug][gc,phases      ] GC(272)     Dead                           Min: 0, Avg:  0.0, Max: 0, Diff: 0, Sum: 0, Workers: 4
[4096.477s][debug][gc,phases      ] GC(272)     Total                          Min: 0, Avg: 2283.8, Max: 4004, Diff: 4004, Sum: 9135, Workers: 4
[4096.477s][debug][gc,phases      ] GC(272)   JNI Weak                       Min:  0.0, Avg:  0.0, Max:  0.0, Diff:  0.0, Sum:  0.0, Workers: 4
[4096.477s][debug][gc,phases      ] GC(272)     Dead                           Min: 0, Avg:  0.0, Max: 0, Diff: 0, Sum: 0, Workers: 4
[4096.477s][debug][gc,phases      ] GC(272)     Total                          Min: 0, Avg: 11.2, Max: 45, Diff: 45, Sum: 45, Workers: 4
[4096.477s][debug][gc,phases      ] GC(272)   StringDedup Table Weak         Min:  0.0, Avg:  0.0, Max:  0.0, Diff:  0.0, Sum:  0.0, Workers: 4
[4096.477s][debug][gc,phases      ] GC(272)     Dead                           Min: 0, Avg:  0.0, Max: 0, Diff: 0, Sum: 0, Workers: 4
[4096.477s][debug][gc,phases      ] GC(272)     Total                          Min: 0, Avg:  0.0, Max: 0, Diff: 0, Sum: 0, Workers: 4
[4096.477s][debug][gc,phases      ] GC(272)   StringDedup Requests0 Weak     Min:  0.0, Avg:  0.0, Max:  0.0, Diff:  0.0, Sum:  0.0, Workers: 4
[4096.477s][debug][gc,phases      ] GC(272)     Dead                           Min: 0, Avg:  0.0, Max: 0, Diff: 0, Sum: 0, Workers: 4
[4096.477s][debug][gc,phases      ] GC(272)     Total                          Min: 0, Avg:  0.0, Max: 0, Diff: 0, Sum: 0, Workers: 4
[4096.477s][debug][gc,phases      ] GC(272)   StringDedup Requests1 Weak     Min:  0.0, Avg:  0.0, Max:  0.0, Diff:  0.0, Sum:  0.0, Workers: 4
[4096.477s][debug][gc,phases      ] GC(272)     Dead                           Min: 0, Avg:  0.0, Max: 0, Diff: 0, Sum: 0, Workers: 4
[4096.477s][debug][gc,phases      ] GC(272)     Total                          Min: 0, Avg:  0.0, Max: 0, Diff: 0, Sum: 0, Workers: 4
[4096.477s][debug][gc,phases      ] GC(272)   Weak JFR Old Object Samples    Min:  0.0, Avg:  0.0, Max:  0.0, Diff:  0.0, Sum:  0.0, Workers: 4
[4096.477s][debug][gc,phases      ] GC(272)     Dead                           Min: 0, Avg:  0.0, Max: 0, Diff: 0, Sum: 0, Workers: 4
[4096.477s][debug][gc,phases      ] GC(272)     Total                          Min: 0, Avg:  0.0, Max: 0, Diff: 0, Sum: 0, Workers: 4
[4096.477s][debug][gc,phases      ] GC(272) Weak Processing 0.347ms
[4096.477s][debug][gc,age         ] GC(272) Desired survivor size 524288 bytes, new threshold 15 (max threshold 15)
[4096.477s][info ][gc,heap        ] GC(272) PSYoungGen: 2096320K(2096640K)->128K(2096640K) Eden: 2096128K(2096128K)->0K(2096128K) From: 192K(512K)->128K(512K)
[4096.477s][info ][gc,heap        ] GC(272) ParOldGen: 236894K(324096K)->236902K(324096K)
[4096.477s][info ][gc,metaspace   ] GC(272) Metaspace: 80257K(81152K)->80257K(81152K) NonClass: 68530K(68992K)->68530K(68992K) Class: 11727K(12160K)->11727K(12160K)
[4096.477s][info ][gc             ] GC(272) Pause Young (Allocation Failure) 2278M->231M(2364M) 2.261ms
[4096.477s][info ][gc,cpu         ] GC(272) User=0.00s Sys=0.00s Real=0.00s
[4096.477s][info ][safepoint      ] Safepoint "ParallelGCFailedAllocation", Time since last: 16399197611 ns, Reaching safepoint: 4800 ns, Cleanup: 41100 ns, At safepoint: 2355910 ns, Total: 2401810 ns
[4112.922s][info ][gc,start       ] GC(273) Pause Young (Allocation Failure)
[4112.924s][debug][gc,phases      ] GC(273) Scavenge 2.387ms
[4112.924s][debug][gc,ref         ] GC(273) Skipped phase 1 of Reference Processing: no references
[4112.924s][debug][gc,ref         ] GC(273) Skipped phase 2 of Reference Processing: no references
[4112.924s][debug][gc,ref         ] GC(273) Skipped phase 3 of Reference Processing: no references
[4112.924s][debug][gc,ref         ] GC(273) Skipped phase 4 of Reference Processing: no references
[4112.924s][debug][gc,phases      ] GC(273) Reference Processing 0.019ms
[4112.925s][debug][gc,phases      ] GC(273)   VM Weak                        Min:  0.0, Avg:  0.0, Max:  0.0, Diff:  0.0, Sum:  0.0, Workers: 4
[4112.925s][debug][gc,phases      ] GC(273)     Dead                           Min: 0, Avg:  0.0, Max: 0, Diff: 0, Sum: 0, Workers: 4
[4112.925s][debug][gc,phases      ] GC(273)     Total                          Min: 0, Avg: 172.8, Max: 384, Diff: 384, Sum: 691, Workers: 4
[4112.925s][debug][gc,phases      ] GC(273)   ObjectSynchronizer Weak        Min:  0.0, Avg:  0.0, Max:  0.0, Diff:  0.0, Sum:  0.0, Workers: 4
[4112.925s][debug][gc,phases      ] GC(273)     Dead                           Min: 0, Avg:  0.0, Max: 0, Diff: 0, Sum: 0, Workers: 4
[4112.925s][debug][gc,phases      ] GC(273)     Total                          Min: 0, Avg:  1.0, Max: 4, Diff: 4, Sum: 4, Workers: 4
[4112.925s][debug][gc,phases      ] GC(273)   JVMTI Tag Weak OopStorage      Min:  0.0, Avg:  0.0, Max:  0.0, Diff:  0.0, Sum:  0.0, Workers: 4
[4112.925s][debug][gc,phases      ] GC(273)     Dead                           Min: 0, Avg:  0.0, Max: 0, Diff: 0, Sum: 0, Workers: 4
[4112.925s][debug][gc,phases      ] GC(273)     Total                          Min: 0, Avg:  0.0, Max: 0, Diff: 0, Sum: 0, Workers: 4
[4112.925s][debug][gc,phases      ] GC(273)   StringTable Weak               Min:  0.1, Avg:  0.1, Max:  0.1, Diff:  0.0, Sum:  0.5, Workers: 4
[4112.925s][debug][gc,phases      ] GC(273)     Dead                           Min: 0, Avg:  0.0, Max: 0, Diff: 0, Sum: 0, Workers: 4
[4112.925s][debug][gc,phases      ] GC(273)     Total                          Min: 9856, Avg: 10718.8, Max: 11136, Diff: 1280, Sum: 42875, Workers: 4
[4112.925s][debug][gc,phases      ] GC(273)   ResolvedMethodTable Weak       Min:  0.0, Avg:  0.0, Max:  0.0, Diff:  0.0, Sum:  0.1, Workers: 4
[4112.925s][debug][gc,phases      ] GC(273)     Dead                           Min: 0, Avg:  0.0, Max: 0, Diff: 0, Sum: 0, Workers: 4
[4112.925s][debug][gc,phases      ] GC(273)     Total                          Min: 2093, Avg: 2283.8, Max: 2433, Diff: 340, Sum: 9135, Workers: 4
[4112.925s][debug][gc,phases      ] GC(273)   JNI Weak                       Min:  0.0, Avg:  0.0, Max:  0.0, Diff:  0.0, Sum:  0.0, Workers: 4
[4112.925s][debug][gc,phases      ] GC(273)     Dead                           Min: 0, Avg:  0.0, Max: 0, Diff: 0, Sum: 0, Workers: 4
[4112.925s][debug][gc,phases      ] GC(273)     Total                          Min: 0, Avg: 11.2, Max: 45, Diff: 45, Sum: 45, Workers: 4
[4112.925s][debug][gc,phases      ] GC(273)   StringDedup Table Weak         Min:  0.0, Avg:  0.0, Max:  0.0, Diff:  0.0, Sum:  0.0, Workers: 4
[4112.925s][debug][gc,phases      ] GC(273)     Dead                           Min: 0, Avg:  0.0, Max: 0, Diff: 0, Sum: 0, Workers: 4
[4112.925s][debug][gc,phases      ] GC(273)     Total                          Min: 0, Avg:  0.0, Max: 0, Diff: 0, Sum: 0, Workers: 4
[4112.925s][debug][gc,phases      ] GC(273)   StringDedup Requests0 Weak     Min:  0.0, Avg:  0.0, Max:  0.0, Diff:  0.0, Sum:  0.0, Workers: 4
[4112.925s][debug][gc,phases      ] GC(273)     Dead                           Min: 0, Avg:  0.0, Max: 0, Diff: 0, Sum: 0, Workers: 4
[4112.925s][debug][gc,phases      ] GC(273)     Total                          Min: 0, Avg:  0.0, Max: 0, Diff: 0, Sum: 0, Workers: 4
[4112.925s][debug][gc,phases      ] GC(273)   StringDedup Requests1 Weak     Min:  0.0, Avg:  0.0, Max:  0.0, Diff:  0.0, Sum:  0.0, Workers: 4
[4112.925s][debug][gc,phases      ] GC(273)     Dead                           Min: 0, Avg:  0.0, Max: 0, Diff: 0, Sum: 0, Workers: 4
[4112.925s][debug][gc,phases      ] GC(273)     Total                          Min: 0, Avg:  0.0, Max: 0, Diff: 0, Sum: 0, Workers: 4
[4112.925s][debug][gc,phases      ] GC(273)   Weak JFR Old Object Samples    Min:  0.0, Avg:  0.0, Max:  0.0, Diff:  0.0, Sum:  0.0, Workers: 4
[4112.925s][debug][gc,phases      ] GC(273)     Dead                           Min: 0, Avg:  0.0, Max: 0, Diff: 0, Sum: 0, Workers: 4
[4112.925s][debug][gc,phases      ] GC(273)     Total                          Min: 0, Avg:  0.0, Max: 0, Diff: 0, Sum: 0, Workers: 4
[4112.925s][debug][gc,phases      ] GC(273) Weak Processing 0.341ms
[4112.925s][debug][gc,age         ] GC(273) Desired survivor size 524288 bytes, new threshold 15 (max threshold 15)
[4112.925s][info ][gc,heap        ] GC(273) PSYoungGen: 2096256K(2096640K)->128K(2096640K) Eden: 2096128K(2096128K)->0K(2096128K) From: 128K(512K)->128K(512K)
[4112.925s][info ][gc,heap        ] GC(273) ParOldGen: 236902K(324096K)->236910K(324096K)
[4112.925s][info ][gc,metaspace   ] GC(273) Metaspace: 80257K(81152K)->80257K(81152K) NonClass: 68530K(68992K)->68530K(68992K) Class: 11727K(12160K)->11727K(12160K)
[4112.925s][info ][gc             ] GC(273) Pause Young (Allocation Failure) 2278M->231M(2364M) 2.828ms
[4112.925s][info ][gc,cpu         ] GC(273) User=0.00s Sys=0.00s Real=0.00s
[4112.925s][info ][safepoint      ] Safepoint "ParallelGCFailedAllocation", Time since last: 16444967128 ns, Reaching safepoint: 4600 ns, Cleanup: 44300 ns, At safepoint: 2910713 ns, Total: 2959613 ns
[4129.324s][info ][gc,start       ] GC(274) Pause Young (Allocation Failure)
[4129.325s][debug][gc,phases      ] GC(274) Scavenge 1.260ms
[4129.325s][debug][gc,ref         ] GC(274) Skipped phase 1 of Reference Processing: no references
[4129.325s][debug][gc,ref         ] GC(274) Skipped phase 2 of Reference Processing: no references
[4129.325s][debug][gc,ref         ] GC(274) Skipped phase 3 of Reference Processing: no references
[4129.325s][debug][gc,ref         ] GC(274) Skipped phase 4 of Reference Processing: no references
[4129.325s][debug][gc,phases      ] GC(274) Reference Processing 0.023ms
[4129.325s][debug][gc,phases      ] GC(274)   VM Weak                        Min:  0.0, Avg:  0.0, Max:  0.0, Diff:  0.0, Sum:  0.0, Workers: 4
[4129.325s][debug][gc,phases      ] GC(274)     Dead                           Min: 0, Avg:  0.0, Max: 0, Diff: 0, Sum: 0, Workers: 4
[4129.325s][debug][gc,phases      ] GC(274)     Total                          Min: 0, Avg: 172.8, Max: 691, Diff: 691, Sum: 691, Workers: 4
[4129.325s][debug][gc,phases      ] GC(274)   ObjectSynchronizer Weak        Min:  0.0, Avg:  0.0, Max:  0.0, Diff:  0.0, Sum:  0.0, Workers: 4
[4129.325s][debug][gc,phases      ] GC(274)     Dead                           Min: 0, Avg:  0.0, Max: 0, Diff: 0, Sum: 0, Workers: 4
[4129.325s][debug][gc,phases      ] GC(274)     Total                          Min: 0, Avg:  1.0, Max: 4, Diff: 4, Sum: 4, Workers: 4
[4129.325s][debug][gc,phases      ] GC(274)   JVMTI Tag Weak OopStorage      Min:  0.0, Avg:  0.0, Max:  0.0, Diff:  0.0, Sum:  0.0, Workers: 4
[4129.325s][debug][gc,phases      ] GC(274)     Dead                           Min: 0, Avg:  0.0, Max: 0, Diff: 0, Sum: 0, Workers: 4
[4129.325s][debug][gc,phases      ] GC(274)     Total                          Min: 0, Avg:  0.0, Max: 0, Diff: 0, Sum: 0, Workers: 4
[4129.325s][debug][gc,phases      ] GC(274)   StringTable Weak               Min:  0.0, Avg:  0.1, Max:  0.1, Diff:  0.1, Sum:  0.4, Workers: 4
[4129.325s][debug][gc,phases      ] GC(274)     Dead                           Min: 0, Avg:  0.0, Max: 0, Diff: 0, Sum: 0, Workers: 4
[4129.325s][debug][gc,phases      ] GC(274)     Total                          Min: 0, Avg: 10718.8, Max: 16640, Diff: 16640, Sum: 42875, Workers: 4
[4129.325s][debug][gc,phases      ] GC(274)   ResolvedMethodTable Weak       Min:  0.0, Avg:  0.0, Max:  0.0, Diff:  0.0, Sum:  0.1, Workers: 4
[4129.325s][debug][gc,phases      ] GC(274)     Dead                           Min: 0, Avg:  0.0, Max: 0, Diff: 0, Sum: 0, Workers: 4
[4129.325s][debug][gc,phases      ] GC(274)     Total                          Min: 0, Avg: 2283.8, Max: 3897, Diff: 3897, Sum: 9135, Workers: 4
[4129.326s][debug][gc,phases      ] GC(274)   JNI Weak                       Min:  0.0, Avg:  0.0, Max:  0.0, Diff:  0.0, Sum:  0.0, Workers: 4
[4129.326s][debug][gc,phases      ] GC(274)     Dead                           Min: 0, Avg:  0.0, Max: 0, Diff: 0, Sum: 0, Workers: 4
[4129.326s][debug][gc,phases      ] GC(274)     Total                          Min: 0, Avg: 11.2, Max: 45, Diff: 45, Sum: 45, Workers: 4
[4129.326s][debug][gc,phases      ] GC(274)   StringDedup Table Weak         Min:  0.0, Avg:  0.0, Max:  0.0, Diff:  0.0, Sum:  0.0, Workers: 4
[4129.326s][debug][gc,phases      ] GC(274)     Dead                           Min: 0, Avg:  0.0, Max: 0, Diff: 0, Sum: 0, Workers: 4
[4129.326s][debug][gc,phases      ] GC(274)     Total                          Min: 0, Avg:  0.0, Max: 0, Diff: 0, Sum: 0, Workers: 4
[4129.326s][debug][gc,phases      ] GC(274)   StringDedup Requests0 Weak     Min:  0.0, Avg:  0.0, Max:  0.0, Diff:  0.0, Sum:  0.0, Workers: 4
[4129.326s][debug][gc,phases      ] GC(274)     Dead                           Min: 0, Avg:  0.0, Max: 0, Diff: 0, Sum: 0, Workers: 4
[4129.326s][debug][gc,phases      ] GC(274)     Total                          Min: 0, Avg:  0.0, Max: 0, Diff: 0, Sum: 0, Workers: 4
[4129.326s][debug][gc,phases      ] GC(274)   StringDedup Requests1 Weak     Min:  0.0, Avg:  0.0, Max:  0.0, Diff:  0.0, Sum:  0.0, Workers: 4
[4129.326s][debug][gc,phases      ] GC(274)     Dead                           Min: 0, Avg:  0.0, Max: 0, Diff: 0, Sum: 0, Workers: 4
[4129.326s][debug][gc,phases      ] GC(274)     Total                          Min: 0, Avg:  0.0, Max: 0, Diff: 0, Sum: 0, Workers: 4
[4129.326s][debug][gc,phases      ] GC(274)   Weak JFR Old Object Samples    Min:  0.0, Avg:  0.0, Max:  0.0, Diff:  0.0, Sum:  0.0, Workers: 4
[4129.326s][debug][gc,phases      ] GC(274)     Dead                           Min: 0, Avg:  0.0, Max: 0, Diff: 0, Sum: 0, Workers: 4
[4129.326s][debug][gc,phases      ] GC(274)     Total                          Min: 0, Avg:  0.0, Max: 0, Diff: 0, Sum: 0, Workers: 4
[4129.326s][debug][gc,phases      ] GC(274) Weak Processing 0.364ms
[4129.326s][debug][gc,age         ] GC(274) Desired survivor size 524288 bytes, new threshold 15 (max threshold 15)
[4129.326s][info ][gc,heap        ] GC(274) PSYoungGen: 2096256K(2096640K)->128K(2096640K) Eden: 2096128K(2096128K)->0K(2096128K) From: 128K(512K)->128K(512K)
[4129.326s][info ][gc,heap        ] GC(274) ParOldGen: 236910K(324096K)->236910K(324096K)
[4129.326s][info ][gc,metaspace   ] GC(274) Metaspace: 80257K(81152K)->80257K(81152K) NonClass: 68530K(68992K)->68530K(68992K) Class: 11727K(12160K)->11727K(12160K)
[4129.326s][info ][gc             ] GC(274) Pause Young (Allocation Failure) 2278M->231M(2364M) 1.768ms
[4129.326s][info ][gc,cpu         ] GC(274) User=0.01s Sys=0.01s Real=0.00s
[4129.326s][info ][safepoint      ] Safepoint "ParallelGCFailedAllocation", Time since last: 16398885085 ns, Reaching safepoint: 4100 ns, Cleanup: 26001 ns, At safepoint: 1866310 ns, Total: 1896411 ns
[4145.725s][info ][gc,start       ] GC(275) Pause Young (Allocation Failure)
[4145.727s][debug][gc,phases      ] GC(275) Scavenge 2.164ms
[4145.727s][debug][gc,ref         ] GC(275) Skipped phase 1 of Reference Processing: no references
[4145.727s][debug][gc,ref         ] GC(275) Skipped phase 2 of Reference Processing: no references
[4145.727s][debug][gc,ref         ] GC(275) Skipped phase 3 of Reference Processing: no references
[4145.727s][debug][gc,ref         ] GC(275) Skipped phase 4 of Reference Processing: no references
[4145.727s][debug][gc,phases      ] GC(275) Reference Processing 0.020ms
[4145.727s][debug][gc,phases      ] GC(275)   VM Weak                        Min:  0.0, Avg:  0.0, Max:  0.0, Diff:  0.0, Sum:  0.0, Workers: 4
[4145.727s][debug][gc,phases      ] GC(275)     Dead                           Min: 0, Avg:  0.0, Max: 0, Diff: 0, Sum: 0, Workers: 4
[4145.727s][debug][gc,phases      ] GC(275)     Total                          Min: 0, Avg: 172.8, Max: 512, Diff: 512, Sum: 691, Workers: 4
[4145.727s][debug][gc,phases      ] GC(275)   ObjectSynchronizer Weak        Min:  0.0, Avg:  0.0, Max:  0.0, Diff:  0.0, Sum:  0.0, Workers: 4
[4145.727s][debug][gc,phases      ] GC(275)     Dead                           Min: 0, Avg:  0.0, Max: 0, Diff: 0, Sum: 0, Workers: 4
[4145.727s][debug][gc,phases      ] GC(275)     Total                          Min: 0, Avg:  1.0, Max: 4, Diff: 4, Sum: 4, Workers: 4
[4145.727s][debug][gc,phases      ] GC(275)   JVMTI Tag Weak OopStorage      Min:  0.0, Avg:  0.0, Max:  0.0, Diff:  0.0, Sum:  0.0, Workers: 4
[4145.727s][debug][gc,phases      ] GC(275)     Dead                           Min: 0, Avg:  0.0, Max: 0, Diff: 0, Sum: 0, Workers: 4
[4145.727s][debug][gc,phases      ] GC(275)     Total                          Min: 0, Avg:  0.0, Max: 0, Diff: 0, Sum: 0, Workers: 4
[4145.727s][debug][gc,phases      ] GC(275)   StringTable Weak               Min:  0.0, Avg:  0.1, Max:  0.1, Diff:  0.1, Sum:  0.4, Workers: 4
[4145.727s][debug][gc,phases      ] GC(275)     Dead                           Min: 0, Avg:  0.0, Max: 0, Diff: 0, Sum: 0, Workers: 4
[4145.727s][debug][gc,phases      ] GC(275)     Total                          Min: 0, Avg: 10718.8, Max: 18048, Diff: 18048, Sum: 42875, Workers: 4
[4145.727s][debug][gc,phases      ] GC(275)   ResolvedMethodTable Weak       Min:  0.0, Avg:  0.0, Max:  0.0, Diff:  0.0, Sum:  0.1, Workers: 4
[4145.727s][debug][gc,phases      ] GC(275)     Dead                           Min: 0, Avg:  0.0, Max: 0, Diff: 0, Sum: 0, Workers: 4
[4145.727s][debug][gc,phases      ] GC(275)     Total                          Min: 0, Avg: 2283.8, Max: 3896, Diff: 3896, Sum: 9135, Workers: 4
[4145.727s][debug][gc,phases      ] GC(275)   JNI Weak                       Min:  0.0, Avg:  0.0, Max:  0.0, Diff:  0.0, Sum:  0.0, Workers: 4
[4145.727s][debug][gc,phases      ] GC(275)     Dead                           Min: 0, Avg:  0.0, Max: 0, Diff: 0, Sum: 0, Workers: 4
[4145.727s][debug][gc,phases      ] GC(275)     Total                          Min: 0, Avg: 11.2, Max: 45, Diff: 45, Sum: 45, Workers: 4
[4145.727s][debug][gc,phases      ] GC(275)   StringDedup Table Weak         Min:  0.0, Avg:  0.0, Max:  0.0, Diff:  0.0, Sum:  0.0, Workers: 4
[4145.727s][debug][gc,phases      ] GC(275)     Dead                           Min: 0, Avg:  0.0, Max: 0, Diff: 0, Sum: 0, Workers: 4
[4145.727s][debug][gc,phases      ] GC(275)     Total                          Min: 0, Avg:  0.0, Max: 0, Diff: 0, Sum: 0, Workers: 4
[4145.727s][debug][gc,phases      ] GC(275)   StringDedup Requests0 Weak     Min:  0.0, Avg:  0.0, Max:  0.0, Diff:  0.0, Sum:  0.0, Workers: 4
[4145.727s][debug][gc,phases      ] GC(275)     Dead                           Min: 0, Avg:  0.0, Max: 0, Diff: 0, Sum: 0, Workers: 4
[4145.727s][debug][gc,phases      ] GC(275)     Total                          Min: 0, Avg:  0.0, Max: 0, Diff: 0, Sum: 0, Workers: 4
[4145.727s][debug][gc,phases      ] GC(275)   StringDedup Requests1 Weak     Min:  0.0, Avg:  0.0, Max:  0.0, Diff:  0.0, Sum:  0.0, Workers: 4
[4145.727s][debug][gc,phases      ] GC(275)     Dead                           Min: 0, Avg:  0.0, Max: 0, Diff: 0, Sum: 0, Workers: 4
[4145.727s][debug][gc,phases      ] GC(275)     Total                          Min: 0, Avg:  0.0, Max: 0, Diff: 0, Sum: 0, Workers: 4
[4145.727s][debug][gc,phases      ] GC(275)   Weak JFR Old Object Samples    Min:  0.0, Avg:  0.0, Max:  0.0, Diff:  0.0, Sum:  0.0, Workers: 4
[4145.727s][debug][gc,phases      ] GC(275)     Dead                           Min: 0, Avg:  0.0, Max: 0, Diff: 0, Sum: 0, Workers: 4
[4145.727s][debug][gc,phases      ] GC(275)     Total                          Min: 0, Avg:  0.0, Max: 0, Diff: 0, Sum: 0, Workers: 4
[4145.727s][debug][gc,phases      ] GC(275) Weak Processing 0.350ms
[4145.727s][debug][gc,age         ] GC(275) Desired survivor size 524288 bytes, new threshold 15 (max threshold 15)
[4145.727s][info ][gc,heap        ] GC(275) PSYoungGen: 2096256K(2096640K)->192K(2096640K) Eden: 2096128K(2096128K)->0K(2096128K) From: 128K(512K)->192K(512K)
[4145.727s][info ][gc,heap        ] GC(275) ParOldGen: 236910K(324096K)->236918K(324096K)
[4145.727s][info ][gc,metaspace   ] GC(275) Metaspace: 80257K(81152K)->80257K(81152K) NonClass: 68530K(68992K)->68530K(68992K) Class: 11727K(12160K)->11727K(12160K)
[4145.727s][info ][gc             ] GC(275) Pause Young (Allocation Failure) 2278M->231M(2364M) 2.642ms
[4145.727s][info ][gc,cpu         ] GC(275) User=0.00s Sys=0.00s Real=0.00s
[4145.727s][info ][safepoint      ] Safepoint "ParallelGCFailedAllocation", Time since last: 16398795411 ns, Reaching safepoint: 6500 ns, Cleanup: 40000 ns, At safepoint: 2735913 ns, Total: 2782413 ns
[4162.126s][info ][gc,start       ] GC(276) Pause Young (Allocation Failure)
[4162.128s][debug][gc,phases      ] GC(276) Scavenge 2.037ms
[4162.128s][debug][gc,ref         ] GC(276) Skipped phase 1 of Reference Processing: no references
[4162.128s][debug][gc,ref         ] GC(276) Skipped phase 2 of Reference Processing: no references
[4162.128s][debug][gc,ref         ] GC(276) Skipped phase 3 of Reference Processing: no references
[4162.128s][debug][gc,ref         ] GC(276) Skipped phase 4 of Reference Processing: no references
[4162.128s][debug][gc,phases      ] GC(276) Reference Processing 0.020ms
[4162.128s][debug][gc,phases      ] GC(276)   VM Weak                        Min:  0.0, Avg:  0.0, Max:  0.0, Diff:  0.0, Sum:  0.0, Workers: 4
[4162.128s][debug][gc,phases      ] GC(276)     Dead                           Min: 0, Avg:  0.0, Max: 0, Diff: 0, Sum: 0, Workers: 4
[4162.128s][debug][gc,phases      ] GC(276)     Total                          Min: 0, Avg: 172.8, Max: 448, Diff: 448, Sum: 691, Workers: 4
[4162.128s][debug][gc,phases      ] GC(276)   ObjectSynchronizer Weak        Min:  0.0, Avg:  0.0, Max:  0.0, Diff:  0.0, Sum:  0.0, Workers: 4
[4162.128s][debug][gc,phases      ] GC(276)     Dead                           Min: 0, Avg:  0.0, Max: 0, Diff: 0, Sum: 0, Workers: 4
[4162.128s][debug][gc,phases      ] GC(276)     Total                          Min: 0, Avg:  1.0, Max: 4, Diff: 4, Sum: 4, Workers: 4
[4162.128s][debug][gc,phases      ] GC(276)   JVMTI Tag Weak OopStorage      Min:  0.0, Avg:  0.0, Max:  0.0, Diff:  0.0, Sum:  0.0, Workers: 4
[4162.128s][debug][gc,phases      ] GC(276)     Dead                           Min: 0, Avg:  0.0, Max: 0, Diff: 0, Sum: 0, Workers: 4
[4162.128s][debug][gc,phases      ] GC(276)     Total                          Min: 0, Avg:  0.0, Max: 0, Diff: 0, Sum: 0, Workers: 4
[4162.128s][debug][gc,phases      ] GC(276)   StringTable Weak               Min:  0.0, Avg:  0.1, Max:  0.1, Diff:  0.1, Sum:  0.4, Workers: 4
[4162.128s][debug][gc,phases      ] GC(276)     Dead                           Min: 0, Avg:  0.0, Max: 0, Diff: 0, Sum: 0, Workers: 4
[4162.128s][debug][gc,phases      ] GC(276)     Total                          Min: 0, Avg: 10718.8, Max: 17664, Diff: 17664, Sum: 42875, Workers: 4
[4162.128s][debug][gc,phases      ] GC(276)   ResolvedMethodTable Weak       Min:  0.0, Avg:  0.0, Max:  0.0, Diff:  0.0, Sum:  0.1, Workers: 4
[4162.128s][debug][gc,phases      ] GC(276)     Dead                           Min: 0, Avg:  0.0, Max: 0, Diff: 0, Sum: 0, Workers: 4
[4162.128s][debug][gc,phases      ] GC(276)     Total                          Min: 0, Avg: 2283.8, Max: 3960, Diff: 3960, Sum: 9135, Workers: 4
[4162.128s][debug][gc,phases      ] GC(276)   JNI Weak                       Min:  0.0, Avg:  0.0, Max:  0.0, Diff:  0.0, Sum:  0.0, Workers: 4
[4162.128s][debug][gc,phases      ] GC(276)     Dead                           Min: 0, Avg:  0.0, Max: 0, Diff: 0, Sum: 0, Workers: 4
[4162.128s][debug][gc,phases      ] GC(276)     Total                          Min: 0, Avg: 11.2, Max: 45, Diff: 45, Sum: 45, Workers: 4
[4162.128s][debug][gc,phases      ] GC(276)   StringDedup Table Weak         Min:  0.0, Avg:  0.0, Max:  0.0, Diff:  0.0, Sum:  0.0, Workers: 4
[4162.128s][debug][gc,phases      ] GC(276)     Dead                           Min: 0, Avg:  0.0, Max: 0, Diff: 0, Sum: 0, Workers: 4
[4162.128s][debug][gc,phases      ] GC(276)     Total                          Min: 0, Avg:  0.0, Max: 0, Diff: 0, Sum: 0, Workers: 4
[4162.128s][debug][gc,phases      ] GC(276)   StringDedup Requests0 Weak     Min:  0.0, Avg:  0.0, Max:  0.0, Diff:  0.0, Sum:  0.0, Workers: 4
[4162.128s][debug][gc,phases      ] GC(276)     Dead                           Min: 0, Avg:  0.0, Max: 0, Diff: 0, Sum: 0, Workers: 4
[4162.128s][debug][gc,phases      ] GC(276)     Total                          Min: 0, Avg:  0.0, Max: 0, Diff: 0, Sum: 0, Workers: 4
[4162.128s][debug][gc,phases      ] GC(276)   StringDedup Requests1 Weak     Min:  0.0, Avg:  0.0, Max:  0.0, Diff:  0.0, Sum:  0.0, Workers: 4
[4162.128s][debug][gc,phases      ] GC(276)     Dead                           Min: 0, Avg:  0.0, Max: 0, Diff: 0, Sum: 0, Workers: 4
[4162.128s][debug][gc,phases      ] GC(276)     Total                          Min: 0, Avg:  0.0, Max: 0, Diff: 0, Sum: 0, Workers: 4
[4162.128s][debug][gc,phases      ] GC(276)   Weak JFR Old Object Samples    Min:  0.0, Avg:  0.0, Max:  0.0, Diff:  0.0, Sum:  0.0, Workers: 4
[4162.128s][debug][gc,phases      ] GC(276)     Dead                           Min: 0, Avg:  0.0, Max: 0, Diff: 0, Sum: 0, Workers: 4
[4162.128s][debug][gc,phases      ] GC(276)     Total                          Min: 0, Avg:  0.0, Max: 0, Diff: 0, Sum: 0, Workers: 4
[4162.128s][debug][gc,phases      ] GC(276) Weak Processing 0.352ms
[4162.128s][debug][gc,age         ] GC(276) Desired survivor size 524288 bytes, new threshold 15 (max threshold 15)
[4162.128s][info ][gc,heap        ] GC(276) PSYoungGen: 2096320K(2096640K)->128K(2096640K) Eden: 2096128K(2096128K)->0K(2096128K) From: 192K(512K)->128K(512K)
[4162.128s][info ][gc,heap        ] GC(276) ParOldGen: 236918K(324096K)->236950K(324096K)
[4162.128s][info ][gc,metaspace   ] GC(276) Metaspace: 80257K(81152K)->80257K(81152K) NonClass: 68530K(68992K)->68530K(68992K) Class: 11727K(12160K)->11727K(12160K)
[4162.128s][info ][gc             ] GC(276) Pause Young (Allocation Failure) 2278M->231M(2364M) 2.525ms
[4162.128s][info ][gc,cpu         ] GC(276) User=0.00s Sys=0.00s Real=0.00s
[4162.128s][info ][safepoint      ] Safepoint "ParallelGCFailedAllocation", Time since last: 16398409395 ns, Reaching safepoint: 5400 ns, Cleanup: 27600 ns, At safepoint: 2587711 ns, Total: 2620711 ns
[4178.574s][info ][gc,start       ] GC(277) Pause Young (Allocation Failure)
[4178.575s][debug][gc,phases      ] GC(277) Scavenge 1.592ms
[4178.575s][debug][gc,ref         ] GC(277) Skipped phase 1 of Reference Processing: no references
[4178.575s][debug][gc,ref         ] GC(277) Skipped phase 2 of Reference Processing: no references
[4178.575s][debug][gc,ref         ] GC(277) Skipped phase 3 of Reference Processing: no references
[4178.575s][debug][gc,ref         ] GC(277) Skipped phase 4 of Reference Processing: no references
[4178.575s][debug][gc,phases      ] GC(277) Reference Processing 0.020ms
[4178.575s][debug][gc,phases      ] GC(277)   VM Weak                        Min:  0.0, Avg:  0.0, Max:  0.0, Diff:  0.0, Sum:  0.0, Workers: 4
[4178.575s][debug][gc,phases      ] GC(277)     Dead                           Min: 0, Avg:  0.0, Max: 0, Diff: 0, Sum: 0, Workers: 4
[4178.575s][debug][gc,phases      ] GC(277)     Total                          Min: 0, Avg: 172.8, Max: 691, Diff: 691, Sum: 691, Workers: 4
[4178.575s][debug][gc,phases      ] GC(277)   ObjectSynchronizer Weak        Min:  0.0, Avg:  0.0, Max:  0.0, Diff:  0.0, Sum:  0.0, Workers: 4
[4178.576s][debug][gc,phases      ] GC(277)     Dead                           Min: 0, Avg:  0.0, Max: 0, Diff: 0, Sum: 0, Workers: 4
[4178.576s][debug][gc,phases      ] GC(277)     Total                          Min: 0, Avg:  1.0, Max: 4, Diff: 4, Sum: 4, Workers: 4
[4178.576s][debug][gc,phases      ] GC(277)   JVMTI Tag Weak OopStorage      Min:  0.0, Avg:  0.0, Max:  0.0, Diff:  0.0, Sum:  0.0, Workers: 4
[4178.576s][debug][gc,phases      ] GC(277)     Dead                           Min: 0, Avg:  0.0, Max: 0, Diff: 0, Sum: 0, Workers: 4
[4178.576s][debug][gc,phases      ] GC(277)     Total                          Min: 0, Avg:  0.0, Max: 0, Diff: 0, Sum: 0, Workers: 4
[4178.576s][debug][gc,phases      ] GC(277)   StringTable Weak               Min:  0.0, Avg:  0.1, Max:  0.1, Diff:  0.1, Sum:  0.4, Workers: 4
[4178.576s][debug][gc,phases      ] GC(277)     Dead                           Min: 0, Avg:  0.0, Max: 0, Diff: 0, Sum: 0, Workers: 4
[4178.576s][debug][gc,phases      ] GC(277)     Total                          Min: 0, Avg: 10718.8, Max: 17728, Diff: 17728, Sum: 42875, Workers: 4
[4178.576s][debug][gc,phases      ] GC(277)   ResolvedMethodTable Weak       Min:  0.0, Avg:  0.0, Max:  0.0, Diff:  0.0, Sum:  0.1, Workers: 4
[4178.576s][debug][gc,phases      ] GC(277)     Dead                           Min: 0, Avg:  0.0, Max: 0, Diff: 0, Sum: 0, Workers: 4
[4178.576s][debug][gc,phases      ] GC(277)     Total                          Min: 0, Avg: 2283.8, Max: 3847, Diff: 3847, Sum: 9135, Workers: 4
[4178.576s][debug][gc,phases      ] GC(277)   JNI Weak                       Min:  0.0, Avg:  0.0, Max:  0.0, Diff:  0.0, Sum:  0.0, Workers: 4
[4178.576s][debug][gc,phases      ] GC(277)     Dead                           Min: 0, Avg:  0.0, Max: 0, Diff: 0, Sum: 0, Workers: 4
[4178.576s][debug][gc,phases      ] GC(277)     Total                          Min: 0, Avg: 11.2, Max: 45, Diff: 45, Sum: 45, Workers: 4
[4178.576s][debug][gc,phases      ] GC(277)   StringDedup Table Weak         Min:  0.0, Avg:  0.0, Max:  0.0, Diff:  0.0, Sum:  0.0, Workers: 4
[4178.576s][debug][gc,phases      ] GC(277)     Dead                           Min: 0, Avg:  0.0, Max: 0, Diff: 0, Sum: 0, Workers: 4
[4178.576s][debug][gc,phases      ] GC(277)     Total                          Min: 0, Avg:  0.0, Max: 0, Diff: 0, Sum: 0, Workers: 4
[4178.576s][debug][gc,phases      ] GC(277)   StringDedup Requests0 Weak     Min:  0.0, Avg:  0.0, Max:  0.0, Diff:  0.0, Sum:  0.0, Workers: 4
[4178.576s][debug][gc,phases      ] GC(277)     Dead                           Min: 0, Avg:  0.0, Max: 0, Diff: 0, Sum: 0, Workers: 4
[4178.576s][debug][gc,phases      ] GC(277)     Total                          Min: 0, Avg:  0.0, Max: 0, Diff: 0, Sum: 0, Workers: 4
[4178.576s][debug][gc,phases      ] GC(277)   StringDedup Requests1 Weak     Min:  0.0, Avg:  0.0, Max:  0.0, Diff:  0.0, Sum:  0.0, Workers: 4
[4178.576s][debug][gc,phases      ] GC(277)     Dead                           Min: 0, Avg:  0.0, Max: 0, Diff: 0, Sum: 0, Workers: 4
[4178.576s][debug][gc,phases      ] GC(277)     Total                          Min: 0, Avg:  0.0, Max: 0, Diff: 0, Sum: 0, Workers: 4
[4178.576s][debug][gc,phases      ] GC(277)   Weak JFR Old Object Samples    Min:  0.0, Avg:  0.0, Max:  0.0, Diff:  0.0, Sum:  0.0, Workers: 4
[4178.576s][debug][gc,phases      ] GC(277)     Dead                           Min: 0, Avg:  0.0, Max: 0, Diff: 0, Sum: 0, Workers: 4
[4178.576s][debug][gc,phases      ] GC(277)     Total                          Min: 0, Avg:  0.0, Max: 0, Diff: 0, Sum: 0, Workers: 4
[4178.576s][debug][gc,phases      ] GC(277) Weak Processing 0.355ms
[4178.576s][debug][gc,age         ] GC(277) Desired survivor size 524288 bytes, new threshold 15 (max threshold 15)
[4178.576s][info ][gc,heap        ] GC(277) PSYoungGen: 2096256K(2096640K)->128K(2096640K) Eden: 2096128K(2096128K)->0K(2096128K) From: 128K(512K)->128K(512K)
[4178.576s][info ][gc,heap        ] GC(277) ParOldGen: 236950K(324096K)->236958K(324096K)
[4178.576s][info ][gc,metaspace   ] GC(277) Metaspace: 80257K(81152K)->80257K(81152K) NonClass: 68530K(68992K)->68530K(68992K) Class: 11727K(12160K)->11727K(12160K)
[4178.576s][info ][gc             ] GC(277) Pause Young (Allocation Failure) 2278M->231M(2364M) 2.049ms
[4178.576s][info ][gc,cpu         ] GC(277) User=0.01s Sys=0.00s Real=0.00s
[4178.576s][info ][safepoint      ] Safepoint "ParallelGCFailedAllocation", Time since last: 16445235680 ns, Reaching safepoint: 5700 ns, Cleanup: 54700 ns, At safepoint: 2133310 ns, Total: 2193710 ns
[4194.975s][info ][gc,start       ] GC(278) Pause Young (Allocation Failure)
[4194.977s][debug][gc,phases      ] GC(278) Scavenge 2.109ms
[4194.977s][debug][gc,ref         ] GC(278) Skipped phase 1 of Reference Processing: no references
[4194.977s][debug][gc,ref         ] GC(278) Skipped phase 2 of Reference Processing: no references
[4194.977s][debug][gc,ref         ] GC(278) Skipped phase 3 of Reference Processing: no references
[4194.977s][debug][gc,ref         ] GC(278) Skipped phase 4 of Reference Processing: no references
[4194.977s][debug][gc,phases      ] GC(278) Reference Processing 0.020ms
[4194.977s][debug][gc,phases      ] GC(278)   VM Weak                        Min:  0.0, Avg:  0.0, Max:  0.0, Diff:  0.0, Sum:  0.0, Workers: 4
[4194.977s][debug][gc,phases      ] GC(278)     Dead                           Min: 0, Avg:  0.0, Max: 0, Diff: 0, Sum: 0, Workers: 4
[4194.977s][debug][gc,phases      ] GC(278)     Total                          Min: 0, Avg: 172.8, Max: 512, Diff: 512, Sum: 691, Workers: 4
[4194.977s][debug][gc,phases      ] GC(278)   ObjectSynchronizer Weak        Min:  0.0, Avg:  0.0, Max:  0.0, Diff:  0.0, Sum:  0.0, Workers: 4
[4194.977s][debug][gc,phases      ] GC(278)     Dead                           Min: 0, Avg:  0.0, Max: 0, Diff: 0, Sum: 0, Workers: 4
[4194.977s][debug][gc,phases      ] GC(278)     Total                          Min: 0, Avg:  1.0, Max: 4, Diff: 4, Sum: 4, Workers: 4
[4194.977s][debug][gc,phases      ] GC(278)   JVMTI Tag Weak OopStorage      Min:  0.0, Avg:  0.0, Max:  0.0, Diff:  0.0, Sum:  0.0, Workers: 4
[4194.977s][debug][gc,phases      ] GC(278)     Dead                           Min: 0, Avg:  0.0, Max: 0, Diff: 0, Sum: 0, Workers: 4
[4194.977s][debug][gc,phases      ] GC(278)     Total                          Min: 0, Avg:  0.0, Max: 0, Diff: 0, Sum: 0, Workers: 4
[4194.977s][debug][gc,phases      ] GC(278)   StringTable Weak               Min:  0.0, Avg:  0.1, Max:  0.1, Diff:  0.1, Sum:  0.4, Workers: 4
[4194.977s][debug][gc,phases      ] GC(278)     Dead                           Min: 0, Avg:  0.0, Max: 0, Diff: 0, Sum: 0, Workers: 4
[4194.977s][debug][gc,phases      ] GC(278)     Total                          Min: 0, Avg: 10718.8, Max: 18107, Diff: 18107, Sum: 42875, Workers: 4
[4194.977s][debug][gc,phases      ] GC(278)   ResolvedMethodTable Weak       Min:  0.0, Avg:  0.0, Max:  0.0, Diff:  0.0, Sum:  0.1, Workers: 4
[4194.977s][debug][gc,phases      ] GC(278)     Dead                           Min: 0, Avg:  0.0, Max: 0, Diff: 0, Sum: 0, Workers: 4
[4194.977s][debug][gc,phases      ] GC(278)     Total                          Min: 0, Avg: 2283.8, Max: 4050, Diff: 4050, Sum: 9135, Workers: 4
[4194.977s][debug][gc,phases      ] GC(278)   JNI Weak                       Min:  0.0, Avg:  0.0, Max:  0.0, Diff:  0.0, Sum:  0.0, Workers: 4
[4194.977s][debug][gc,phases      ] GC(278)     Dead                           Min: 0, Avg:  0.0, Max: 0, Diff: 0, Sum: 0, Workers: 4
[4194.977s][debug][gc,phases      ] GC(278)     Total                          Min: 0, Avg: 11.2, Max: 45, Diff: 45, Sum: 45, Workers: 4
[4194.977s][debug][gc,phases      ] GC(278)   StringDedup Table Weak         Min:  0.0, Avg:  0.0, Max:  0.0, Diff:  0.0, Sum:  0.0, Workers: 4
[4194.977s][debug][gc,phases      ] GC(278)     Dead                           Min: 0, Avg:  0.0, Max: 0, Diff: 0, Sum: 0, Workers: 4
[4194.977s][debug][gc,phases      ] GC(278)     Total                          Min: 0, Avg:  0.0, Max: 0, Diff: 0, Sum: 0, Workers: 4
[4194.977s][debug][gc,phases      ] GC(278)   StringDedup Requests0 Weak     Min:  0.0, Avg:  0.0, Max:  0.0, Diff:  0.0, Sum:  0.0, Workers: 4
[4194.977s][debug][gc,phases      ] GC(278)     Dead                           Min: 0, Avg:  0.0, Max: 0, Diff: 0, Sum: 0, Workers: 4
[4194.977s][debug][gc,phases      ] GC(278)     Total                          Min: 0, Avg:  0.0, Max: 0, Diff: 0, Sum: 0, Workers: 4
[4194.977s][debug][gc,phases      ] GC(278)   StringDedup Requests1 Weak     Min:  0.0, Avg:  0.0, Max:  0.0, Diff:  0.0, Sum:  0.0, Workers: 4
[4194.977s][debug][gc,phases      ] GC(278)     Dead                           Min: 0, Avg:  0.0, Max: 0, Diff: 0, Sum: 0, Workers: 4
[4194.977s][debug][gc,phases      ] GC(278)     Total                          Min: 0, Avg:  0.0, Max: 0, Diff: 0, Sum: 0, Workers: 4
[4194.977s][debug][gc,phases      ] GC(278)   Weak JFR Old Object Samples    Min:  0.0, Avg:  0.0, Max:  0.0, Diff:  0.0, Sum:  0.0, Workers: 4
[4194.977s][debug][gc,phases      ] GC(278)     Dead                           Min: 0, Avg:  0.0, Max: 0, Diff: 0, Sum: 0, Workers: 4
[4194.977s][debug][gc,phases      ] GC(278)     Total                          Min: 0, Avg:  0.0, Max: 0, Diff: 0, Sum: 0, Workers: 4
[4194.977s][debug][gc,phases      ] GC(278) Weak Processing 0.355ms
[4194.977s][debug][gc,age         ] GC(278) Desired survivor size 524288 bytes, new threshold 15 (max threshold 15)
[4194.977s][info ][gc,heap        ] GC(278) PSYoungGen: 2096256K(2096640K)->256K(2096640K) Eden: 2096128K(2096128K)->0K(2096128K) From: 128K(512K)->256K(512K)
[4194.977s][info ][gc,heap        ] GC(278) ParOldGen: 236958K(324096K)->236966K(324096K)
[4194.977s][info ][gc,metaspace   ] GC(278) Metaspace: 80257K(81152K)->80257K(81152K) NonClass: 68530K(68992K)->68530K(68992K) Class: 11727K(12160K)->11727K(12160K)
[4194.977s][info ][gc             ] GC(278) Pause Young (Allocation Failure) 2278M->231M(2364M) 2.572ms
[4194.977s][info ][gc,cpu         ] GC(278) User=0.01s Sys=0.00s Real=0.00s
[4194.977s][info ][safepoint      ] Safepoint "ParallelGCFailedAllocation", Time since last: 16398765335 ns, Reaching safepoint: 3800 ns, Cleanup: 39500 ns, At safepoint: 2627712 ns, Total: 2671012 ns
[4211.376s][info ][gc,start       ] GC(279) Pause Young (Allocation Failure)
[4211.377s][debug][gc,phases      ] GC(279) Scavenge 1.233ms
[4211.377s][debug][gc,ref         ] GC(279) Skipped phase 1 of Reference Processing: no references
[4211.377s][debug][gc,ref         ] GC(279) Skipped phase 2 of Reference Processing: no references
[4211.377s][debug][gc,ref         ] GC(279) Skipped phase 3 of Reference Processing: no references
[4211.377s][debug][gc,ref         ] GC(279) Skipped phase 4 of Reference Processing: no references
[4211.377s][debug][gc,phases      ] GC(279) Reference Processing 0.021ms
[4211.377s][debug][gc,phases      ] GC(279)   VM Weak                        Min:  0.0, Avg:  0.0, Max:  0.0, Diff:  0.0, Sum:  0.0, Workers: 4
[4211.377s][debug][gc,phases      ] GC(279)     Dead                           Min: 0, Avg:  0.0, Max: 0, Diff: 0, Sum: 0, Workers: 4
[4211.377s][debug][gc,phases      ] GC(279)     Total                          Min: 0, Avg: 172.8, Max: 512, Diff: 512, Sum: 691, Workers: 4
[4211.377s][debug][gc,phases      ] GC(279)   ObjectSynchronizer Weak        Min:  0.0, Avg:  0.0, Max:  0.0, Diff:  0.0, Sum:  0.0, Workers: 4
[4211.377s][debug][gc,phases      ] GC(279)     Dead                           Min: 0, Avg:  0.0, Max: 0, Diff: 0, Sum: 0, Workers: 4
[4211.377s][debug][gc,phases      ] GC(279)     Total                          Min: 0, Avg:  1.0, Max: 4, Diff: 4, Sum: 4, Workers: 4
[4211.377s][debug][gc,phases      ] GC(279)   JVMTI Tag Weak OopStorage      Min:  0.0, Avg:  0.0, Max:  0.0, Diff:  0.0, Sum:  0.0, Workers: 4
[4211.377s][debug][gc,phases      ] GC(279)     Dead                           Min: 0, Avg:  0.0, Max: 0, Diff: 0, Sum: 0, Workers: 4
[4211.377s][debug][gc,phases      ] GC(279)     Total                          Min: 0, Avg:  0.0, Max: 0, Diff: 0, Sum: 0, Workers: 4
[4211.377s][debug][gc,phases      ] GC(279)   StringTable Weak               Min:  0.0, Avg:  0.1, Max:  0.1, Diff:  0.1, Sum:  0.4, Workers: 4
[4211.377s][debug][gc,phases      ] GC(279)     Dead                           Min: 0, Avg:  0.0, Max: 0, Diff: 0, Sum: 0, Workers: 4
[4211.377s][debug][gc,phases      ] GC(279)     Total                          Min: 0, Avg: 10718.8, Max: 16512, Diff: 16512, Sum: 42875, Workers: 4
[4211.377s][debug][gc,phases      ] GC(279)   ResolvedMethodTable Weak       Min:  0.0, Avg:  0.0, Max:  0.0, Diff:  0.0, Sum:  0.1, Workers: 4
[4211.377s][debug][gc,phases      ] GC(279)     Dead                           Min: 0, Avg:  0.0, Max: 0, Diff: 0, Sum: 0, Workers: 4
[4211.377s][debug][gc,phases      ] GC(279)     Total                          Min: 0, Avg: 2283.8, Max: 3896, Diff: 3896, Sum: 9135, Workers: 4
[4211.377s][debug][gc,phases      ] GC(279)   JNI Weak                       Min:  0.0, Avg:  0.0, Max:  0.0, Diff:  0.0, Sum:  0.0, Workers: 4
[4211.377s][debug][gc,phases      ] GC(279)     Dead                           Min: 0, Avg:  0.0, Max: 0, Diff: 0, Sum: 0, Workers: 4
[4211.377s][debug][gc,phases      ] GC(279)     Total                          Min: 0, Avg: 11.2, Max: 45, Diff: 45, Sum: 45, Workers: 4
[4211.377s][debug][gc,phases      ] GC(279)   StringDedup Table Weak         Min:  0.0, Avg:  0.0, Max:  0.0, Diff:  0.0, Sum:  0.0, Workers: 4
[4211.377s][debug][gc,phases      ] GC(279)     Dead                           Min: 0, Avg:  0.0, Max: 0, Diff: 0, Sum: 0, Workers: 4
[4211.377s][debug][gc,phases      ] GC(279)     Total                          Min: 0, Avg:  0.0, Max: 0, Diff: 0, Sum: 0, Workers: 4
[4211.377s][debug][gc,phases      ] GC(279)   StringDedup Requests0 Weak     Min:  0.0, Avg:  0.0, Max:  0.0, Diff:  0.0, Sum:  0.0, Workers: 4
[4211.377s][debug][gc,phases      ] GC(279)     Dead                           Min: 0, Avg:  0.0, Max: 0, Diff: 0, Sum: 0, Workers: 4
[4211.377s][debug][gc,phases      ] GC(279)     Total                          Min: 0, Avg:  0.0, Max: 0, Diff: 0, Sum: 0, Workers: 4
[4211.377s][debug][gc,phases      ] GC(279)   StringDedup Requests1 Weak     Min:  0.0, Avg:  0.0, Max:  0.0, Diff:  0.0, Sum:  0.0, Workers: 4
[4211.377s][debug][gc,phases      ] GC(279)     Dead                           Min: 0, Avg:  0.0, Max: 0, Diff: 0, Sum: 0, Workers: 4
[4211.377s][debug][gc,phases      ] GC(279)     Total                          Min: 0, Avg:  0.0, Max: 0, Diff: 0, Sum: 0, Workers: 4
[4211.377s][debug][gc,phases      ] GC(279)   Weak JFR Old Object Samples    Min:  0.0, Avg:  0.0, Max:  0.0, Diff:  0.0, Sum:  0.0, Workers: 4
[4211.377s][debug][gc,phases      ] GC(279)     Dead                           Min: 0, Avg:  0.0, Max: 0, Diff: 0, Sum: 0, Workers: 4
[4211.377s][debug][gc,phases      ] GC(279)     Total                          Min: 0, Avg:  0.0, Max: 0, Diff: 0, Sum: 0, Workers: 4
[4211.377s][debug][gc,phases      ] GC(279) Weak Processing 0.359ms
[4211.377s][debug][gc,age         ] GC(279) Desired survivor size 524288 bytes, new threshold 15 (max threshold 15)
[4211.377s][info ][gc,heap        ] GC(279) PSYoungGen: 2096384K(2096640K)->128K(2096640K) Eden: 2096128K(2096128K)->0K(2096128K) From: 256K(512K)->128K(512K)
[4211.377s][info ][gc,heap        ] GC(279) ParOldGen: 236966K(324096K)->236966K(324096K)
[4211.377s][info ][gc,metaspace   ] GC(279) Metaspace: 80257K(81152K)->80257K(81152K) NonClass: 68530K(68992K)->68530K(68992K) Class: 11727K(12160K)->11727K(12160K)
[4211.377s][info ][gc             ] GC(279) Pause Young (Allocation Failure) 2278M->231M(2364M) 1.703ms
[4211.377s][info ][gc,cpu         ] GC(279) User=0.01s Sys=0.00s Real=0.00s
[4211.377s][info ][safepoint      ] Safepoint "ParallelGCFailedAllocation", Time since last: 16398393067 ns, Reaching safepoint: 5700 ns, Cleanup: 41800 ns, At safepoint: 1797109 ns, Total: 1844609 ns
[4213.378s][info ][safepoint      ] Safepoint "Cleanup", Time since last: 2000153379 ns, Reaching safepoint: 3800 ns, Cleanup: 52200 ns, At safepoint: 5800 ns, Total: 61800 ns
[4227.723s][info ][gc,start       ] GC(280) Pause Young (Allocation Failure)
[4227.725s][debug][gc,phases      ] GC(280) Scavenge 1.541ms
[4227.725s][debug][gc,ref         ] GC(280) Skipped phase 1 of Reference Processing: no references
[4227.725s][debug][gc,ref         ] GC(280) Skipped phase 2 of Reference Processing: no references
[4227.725s][debug][gc,ref         ] GC(280) Skipped phase 3 of Reference Processing: no references
[4227.725s][debug][gc,ref         ] GC(280) Skipped phase 4 of Reference Processing: no references
[4227.725s][debug][gc,phases      ] GC(280) Reference Processing 0.034ms
[4227.725s][debug][gc,phases      ] GC(280)   VM Weak                        Min:  0.0, Avg:  0.0, Max:  0.0, Diff:  0.0, Sum:  0.0, Workers: 4
[4227.725s][debug][gc,phases      ] GC(280)     Dead                           Min: 0, Avg:  0.0, Max: 0, Diff: 0, Sum: 0, Workers: 4
[4227.725s][debug][gc,phases      ] GC(280)     Total                          Min: 0, Avg: 172.8, Max: 627, Diff: 627, Sum: 691, Workers: 4
[4227.725s][debug][gc,phases      ] GC(280)   ObjectSynchronizer Weak        Min:  0.0, Avg:  0.0, Max:  0.0, Diff:  0.0, Sum:  0.0, Workers: 4
[4227.725s][debug][gc,phases      ] GC(280)     Dead                           Min: 0, Avg:  0.0, Max: 0, Diff: 0, Sum: 0, Workers: 4
[4227.725s][debug][gc,phases      ] GC(280)     Total                          Min: 0, Avg:  1.0, Max: 4, Diff: 4, Sum: 4, Workers: 4
[4227.725s][debug][gc,phases      ] GC(280)   JVMTI Tag Weak OopStorage      Min:  0.0, Avg:  0.0, Max:  0.0, Diff:  0.0, Sum:  0.0, Workers: 4
[4227.725s][debug][gc,phases      ] GC(280)     Dead                           Min: 0, Avg:  0.0, Max: 0, Diff: 0, Sum: 0, Workers: 4
[4227.725s][debug][gc,phases      ] GC(280)     Total                          Min: 0, Avg:  0.0, Max: 0, Diff: 0, Sum: 0, Workers: 4
[4227.725s][debug][gc,phases      ] GC(280)   StringTable Weak               Min:  0.0, Avg:  0.1, Max:  0.1, Diff:  0.1, Sum:  0.4, Workers: 4
[4227.725s][debug][gc,phases      ] GC(280)     Dead                           Min: 0, Avg:  0.0, Max: 0, Diff: 0, Sum: 0, Workers: 4
[4227.725s][debug][gc,phases      ] GC(280)     Total                          Min: 0, Avg: 10718.8, Max: 17659, Diff: 17659, Sum: 42875, Workers: 4
[4227.725s][debug][gc,phases      ] GC(280)   ResolvedMethodTable Weak       Min:  0.0, Avg:  0.0, Max:  0.0, Diff:  0.0, Sum:  0.1, Workers: 4
[4227.725s][debug][gc,phases      ] GC(280)     Dead                           Min: 0, Avg:  0.0, Max: 0, Diff: 0, Sum: 0, Workers: 4
[4227.725s][debug][gc,phases      ] GC(280)     Total                          Min: 0, Avg: 2283.8, Max: 3953, Diff: 3953, Sum: 9135, Workers: 4
[4227.725s][debug][gc,phases      ] GC(280)   JNI Weak                       Min:  0.0, Avg:  0.0, Max:  0.0, Diff:  0.0, Sum:  0.0, Workers: 4
[4227.725s][debug][gc,phases      ] GC(280)     Dead                           Min: 0, Avg:  0.0, Max: 0, Diff: 0, Sum: 0, Workers: 4
[4227.725s][debug][gc,phases      ] GC(280)     Total                          Min: 0, Avg: 11.2, Max: 45, Diff: 45, Sum: 45, Workers: 4
[4227.725s][debug][gc,phases      ] GC(280)   StringDedup Table Weak         Min:  0.0, Avg:  0.0, Max:  0.0, Diff:  0.0, Sum:  0.0, Workers: 4
[4227.725s][debug][gc,phases      ] GC(280)     Dead                           Min: 0, Avg:  0.0, Max: 0, Diff: 0, Sum: 0, Workers: 4
[4227.725s][debug][gc,phases      ] GC(280)     Total                          Min: 0, Avg:  0.0, Max: 0, Diff: 0, Sum: 0, Workers: 4
[4227.725s][debug][gc,phases      ] GC(280)   StringDedup Requests0 Weak     Min:  0.0, Avg:  0.0, Max:  0.0, Diff:  0.0, Sum:  0.0, Workers: 4
[4227.725s][debug][gc,phases      ] GC(280)     Dead                           Min: 0, Avg:  0.0, Max: 0, Diff: 0, Sum: 0, Workers: 4
[4227.725s][debug][gc,phases      ] GC(280)     Total                          Min: 0, Avg:  0.0, Max: 0, Diff: 0, Sum: 0, Workers: 4
[4227.725s][debug][gc,phases      ] GC(280)   StringDedup Requests1 Weak     Min:  0.0, Avg:  0.0, Max:  0.0, Diff:  0.0, Sum:  0.0, Workers: 4
[4227.725s][debug][gc,phases      ] GC(280)     Dead                           Min: 0, Avg:  0.0, Max: 0, Diff: 0, Sum: 0, Workers: 4
[4227.725s][debug][gc,phases      ] GC(280)     Total                          Min: 0, Avg:  0.0, Max: 0, Diff: 0, Sum: 0, Workers: 4
[4227.725s][debug][gc,phases      ] GC(280)   Weak JFR Old Object Samples    Min:  0.0, Avg:  0.0, Max:  0.0, Diff:  0.0, Sum:  0.0, Workers: 4
[4227.725s][debug][gc,phases      ] GC(280)     Dead                           Min: 0, Avg:  0.0, Max: 0, Diff: 0, Sum: 0, Workers: 4
[4227.725s][debug][gc,phases      ] GC(280)     Total                          Min: 0, Avg:  0.0, Max: 0, Diff: 0, Sum: 0, Workers: 4
[4227.725s][debug][gc,phases      ] GC(280) Weak Processing 0.332ms
[4227.725s][debug][gc,age         ] GC(280) Desired survivor size 524288 bytes, new threshold 15 (max threshold 15)
[4227.725s][info ][gc,heap        ] GC(280) PSYoungGen: 2096256K(2096640K)->160K(2096640K) Eden: 2096128K(2096128K)->0K(2096128K) From: 128K(512K)->160K(512K)
[4227.725s][info ][gc,heap        ] GC(280) ParOldGen: 236966K(324096K)->236974K(324096K)
[4227.725s][info ][gc,metaspace   ] GC(280) Metaspace: 80260K(81152K)->80260K(81152K) NonClass: 68533K(68992K)->68533K(68992K) Class: 11727K(12160K)->11727K(12160K)
[4227.725s][info ][gc             ] GC(280) Pause Young (Allocation Failure) 2278M->231M(2364M) 1.998ms
[4227.725s][info ][gc,cpu         ] GC(280) User=0.01s Sys=0.01s Real=0.00s
[4227.726s][info ][safepoint      ] Safepoint "ParallelGCFailedAllocation", Time since last: 14345826899 ns, Reaching safepoint: 4100 ns, Cleanup: 43500 ns, At safepoint: 2064010 ns, Total: 2111610 ns
[4244.125s][info ][gc,start       ] GC(281) Pause Young (Allocation Failure)
[4244.126s][debug][gc,phases      ] GC(281) Scavenge 1.382ms
[4244.126s][debug][gc,ref         ] GC(281) Skipped phase 1 of Reference Processing: no references
[4244.126s][debug][gc,ref         ] GC(281) Skipped phase 2 of Reference Processing: no references
[4244.126s][debug][gc,ref         ] GC(281) Skipped phase 3 of Reference Processing: no references
[4244.126s][debug][gc,ref         ] GC(281) Skipped phase 4 of Reference Processing: no references
[4244.126s][debug][gc,phases      ] GC(281) Reference Processing 0.022ms
[4244.126s][debug][gc,phases      ] GC(281)   VM Weak                        Min:  0.0, Avg:  0.0, Max:  0.0, Diff:  0.0, Sum:  0.0, Workers: 4
[4244.126s][debug][gc,phases      ] GC(281)     Dead                           Min: 0, Avg:  0.0, Max: 0, Diff: 0, Sum: 0, Workers: 4
[4244.126s][debug][gc,phases      ] GC(281)     Total                          Min: 0, Avg: 172.8, Max: 499, Diff: 499, Sum: 691, Workers: 4
[4244.126s][debug][gc,phases      ] GC(281)   ObjectSynchronizer Weak        Min:  0.0, Avg:  0.0, Max:  0.0, Diff:  0.0, Sum:  0.0, Workers: 4
[4244.126s][debug][gc,phases      ] GC(281)     Dead                           Min: 0, Avg:  0.0, Max: 0, Diff: 0, Sum: 0, Workers: 4
[4244.126s][debug][gc,phases      ] GC(281)     Total                          Min: 0, Avg:  1.0, Max: 4, Diff: 4, Sum: 4, Workers: 4
[4244.126s][debug][gc,phases      ] GC(281)   JVMTI Tag Weak OopStorage      Min:  0.0, Avg:  0.0, Max:  0.0, Diff:  0.0, Sum:  0.0, Workers: 4
[4244.126s][debug][gc,phases      ] GC(281)     Dead                           Min: 0, Avg:  0.0, Max: 0, Diff: 0, Sum: 0, Workers: 4
[4244.126s][debug][gc,phases      ] GC(281)     Total                          Min: 0, Avg:  0.0, Max: 0, Diff: 0, Sum: 0, Workers: 4
[4244.126s][debug][gc,phases      ] GC(281)   StringTable Weak               Min:  0.0, Avg:  0.1, Max:  0.1, Diff:  0.1, Sum:  0.4, Workers: 4
[4244.126s][debug][gc,phases      ] GC(281)     Dead                           Min: 0, Avg:  0.0, Max: 0, Diff: 0, Sum: 0, Workers: 4
[4244.126s][debug][gc,phases      ] GC(281)     Total                          Min: 0, Avg: 10718.8, Max: 18299, Diff: 18299, Sum: 42875, Workers: 4
[4244.126s][debug][gc,phases      ] GC(281)   ResolvedMethodTable Weak       Min:  0.0, Avg:  0.0, Max:  0.0, Diff:  0.0, Sum:  0.1, Workers: 4
[4244.126s][debug][gc,phases      ] GC(281)     Dead                           Min: 0, Avg:  0.0, Max: 0, Diff: 0, Sum: 0, Workers: 4
[4244.126s][debug][gc,phases      ] GC(281)     Total                          Min: 0, Avg: 2283.8, Max: 4043, Diff: 4043, Sum: 9135, Workers: 4
[4244.126s][debug][gc,phases      ] GC(281)   JNI Weak                       Min:  0.0, Avg:  0.0, Max:  0.0, Diff:  0.0, Sum:  0.0, Workers: 4
[4244.126s][debug][gc,phases      ] GC(281)     Dead                           Min: 0, Avg:  0.0, Max: 0, Diff: 0, Sum: 0, Workers: 4
[4244.126s][debug][gc,phases      ] GC(281)     Total                          Min: 0, Avg: 11.2, Max: 45, Diff: 45, Sum: 45, Workers: 4
[4244.126s][debug][gc,phases      ] GC(281)   StringDedup Table Weak         Min:  0.0, Avg:  0.0, Max:  0.0, Diff:  0.0, Sum:  0.0, Workers: 4
[4244.126s][debug][gc,phases      ] GC(281)     Dead                           Min: 0, Avg:  0.0, Max: 0, Diff: 0, Sum: 0, Workers: 4
[4244.126s][debug][gc,phases      ] GC(281)     Total                          Min: 0, Avg:  0.0, Max: 0, Diff: 0, Sum: 0, Workers: 4
[4244.126s][debug][gc,phases      ] GC(281)   StringDedup Requests0 Weak     Min:  0.0, Avg:  0.0, Max:  0.0, Diff:  0.0, Sum:  0.0, Workers: 4
[4244.126s][debug][gc,phases      ] GC(281)     Dead                           Min: 0, Avg:  0.0, Max: 0, Diff: 0, Sum: 0, Workers: 4
[4244.126s][debug][gc,phases      ] GC(281)     Total                          Min: 0, Avg:  0.0, Max: 0, Diff: 0, Sum: 0, Workers: 4
[4244.126s][debug][gc,phases      ] GC(281)   StringDedup Requests1 Weak     Min:  0.0, Avg:  0.0, Max:  0.0, Diff:  0.0, Sum:  0.0, Workers: 4
[4244.126s][debug][gc,phases      ] GC(281)     Dead                           Min: 0, Avg:  0.0, Max: 0, Diff: 0, Sum: 0, Workers: 4
[4244.126s][debug][gc,phases      ] GC(281)     Total                          Min: 0, Avg:  0.0, Max: 0, Diff: 0, Sum: 0, Workers: 4
[4244.126s][debug][gc,phases      ] GC(281)   Weak JFR Old Object Samples    Min:  0.0, Avg:  0.0, Max:  0.0, Diff:  0.0, Sum:  0.0, Workers: 4
[4244.126s][debug][gc,phases      ] GC(281)     Dead                           Min: 0, Avg:  0.0, Max: 0, Diff: 0, Sum: 0, Workers: 4
[4244.126s][debug][gc,phases      ] GC(281)     Total                          Min: 0, Avg:  0.0, Max: 0, Diff: 0, Sum: 0, Workers: 4
[4244.126s][debug][gc,phases      ] GC(281) Weak Processing 0.346ms
[4244.126s][debug][gc,age         ] GC(281) Desired survivor size 524288 bytes, new threshold 15 (max threshold 15)
[4244.126s][info ][gc,heap        ] GC(281) PSYoungGen: 2096288K(2096640K)->224K(2096640K) Eden: 2096128K(2096128K)->0K(2096128K) From: 160K(512K)->224K(512K)
[4244.126s][info ][gc,heap        ] GC(281) ParOldGen: 236974K(324096K)->236982K(324096K)
[4244.126s][info ][gc,metaspace   ] GC(281) Metaspace: 80260K(81152K)->80260K(81152K) NonClass: 68533K(68992K)->68533K(68992K) Class: 11727K(12160K)->11727K(12160K)
[4244.126s][info ][gc             ] GC(281) Pause Young (Allocation Failure) 2278M->231M(2364M) 1.868ms
[4244.126s][info ][gc,cpu         ] GC(281) User=0.01s Sys=0.00s Real=0.00s
[4244.126s][info ][safepoint      ] Safepoint "ParallelGCFailedAllocation", Time since last: 16398898849 ns, Reaching safepoint: 5700 ns, Cleanup: 42301 ns, At safepoint: 1970709 ns, Total: 2018710 ns
[4256.478s][info ][safepoint      ] Safepoint "Cleanup", Time since last: 12351714955 ns, Reaching safepoint: 3000 ns, Cleanup: 50601 ns, At safepoint: 9800 ns, Total: 63401 ns
[4257.547s][info ][safepoint      ] Safepoint "Cleanup", Time since last: 1068258779 ns, Reaching safepoint: 6100 ns, Cleanup: 144801 ns, At safepoint: 6800 ns, Total: 157701 ns
[4329.774s][info ][gc,start       ] GC(282) Pause Young (Allocation Failure)
[4329.776s][debug][gc,phases      ] GC(282) Scavenge 2.106ms
[4329.776s][debug][gc,ref         ] GC(282) Skipped phase 1 of Reference Processing: no references
[4329.776s][debug][gc,ref         ] GC(282) ReferenceProcessor::execute queues: 1, RefProcThreadModel::Single, marks_oops_alive: false
[4329.776s][debug][gc,ref         ] GC(282) ReferenceProcessor::execute queues: 4, RefProcThreadModel::Multi, marks_oops_alive: true
[4329.776s][debug][gc,ref         ] GC(282) ReferenceProcessor::execute queues: 1, RefProcThreadModel::Single, marks_oops_alive: false
[4329.776s][debug][gc,phases      ] GC(282) Reference Processing 0.376ms
[4329.776s][debug][gc,phases      ] GC(282)   VM Weak                        Min:  0.0, Avg:  0.0, Max:  0.0, Diff:  0.0, Sum:  0.0, Workers: 4
[4329.776s][debug][gc,phases      ] GC(282)     Dead                           Min: 0, Avg:  0.0, Max: 0, Diff: 0, Sum: 0, Workers: 4
[4329.776s][debug][gc,phases      ] GC(282)     Total                          Min: 0, Avg: 173.0, Max: 372, Diff: 372, Sum: 692, Workers: 4
[4329.776s][debug][gc,phases      ] GC(282)   ObjectSynchronizer Weak        Min:  0.0, Avg:  0.0, Max:  0.0, Diff:  0.0, Sum:  0.0, Workers: 4
[4329.776s][debug][gc,phases      ] GC(282)     Dead                           Min: 0, Avg:  0.0, Max: 0, Diff: 0, Sum: 0, Workers: 4
[4329.776s][debug][gc,phases      ] GC(282)     Total                          Min: 0, Avg:  1.0, Max: 4, Diff: 4, Sum: 4, Workers: 4
[4329.776s][debug][gc,phases      ] GC(282)   JVMTI Tag Weak OopStorage      Min:  0.0, Avg:  0.0, Max:  0.0, Diff:  0.0, Sum:  0.0, Workers: 4
[4329.776s][debug][gc,phases      ] GC(282)     Dead                           Min: 0, Avg:  0.0, Max: 0, Diff: 0, Sum: 0, Workers: 4
[4329.776s][debug][gc,phases      ] GC(282)     Total                          Min: 0, Avg:  0.0, Max: 0, Diff: 0, Sum: 0, Workers: 4
[4329.776s][debug][gc,phases      ] GC(282)   StringTable Weak               Min:  0.0, Avg:  0.1, Max:  0.1, Diff:  0.1, Sum:  0.4, Workers: 4
[4329.776s][debug][gc,phases      ] GC(282)     Dead                           Min: 0, Avg:  0.0, Max: 0, Diff: 0, Sum: 0, Workers: 4
[4329.776s][debug][gc,phases      ] GC(282)     Total                          Min: 0, Avg: 10722.5, Max: 18432, Diff: 18432, Sum: 42890, Workers: 4
[4329.776s][debug][gc,phases      ] GC(282)   ResolvedMethodTable Weak       Min:  0.0, Avg:  0.0, Max:  0.0, Diff:  0.0, Sum:  0.1, Workers: 4
[4329.776s][debug][gc,phases      ] GC(282)     Dead                           Min: 0, Avg:  0.2, Max: 1, Diff: 1, Sum: 1, Workers: 4
[4329.776s][debug][gc,phases      ] GC(282)     Total                          Min: 0, Avg: 2287.0, Max: 3365, Diff: 3365, Sum: 9148, Workers: 4
[4329.776s][debug][gc,phases      ] GC(282)   JNI Weak                       Min:  0.0, Avg:  0.0, Max:  0.0, Diff:  0.0, Sum:  0.0, Workers: 4
[4329.776s][debug][gc,phases      ] GC(282)     Dead                           Min: 0, Avg:  0.0, Max: 0, Diff: 0, Sum: 0, Workers: 4
[4329.776s][debug][gc,phases      ] GC(282)     Total                          Min: 0, Avg: 11.2, Max: 45, Diff: 45, Sum: 45, Workers: 4
[4329.776s][debug][gc,phases      ] GC(282)   StringDedup Table Weak         Min:  0.0, Avg:  0.0, Max:  0.0, Diff:  0.0, Sum:  0.0, Workers: 4
[4329.776s][debug][gc,phases      ] GC(282)     Dead                           Min: 0, Avg:  0.0, Max: 0, Diff: 0, Sum: 0, Workers: 4
[4329.776s][debug][gc,phases      ] GC(282)     Total                          Min: 0, Avg:  0.0, Max: 0, Diff: 0, Sum: 0, Workers: 4
[4329.776s][debug][gc,phases      ] GC(282)   StringDedup Requests0 Weak     Min:  0.0, Avg:  0.0, Max:  0.0, Diff:  0.0, Sum:  0.0, Workers: 4
[4329.776s][debug][gc,phases      ] GC(282)     Dead                           Min: 0, Avg:  0.0, Max: 0, Diff: 0, Sum: 0, Workers: 4
[4329.776s][debug][gc,phases      ] GC(282)     Total                          Min: 0, Avg:  0.0, Max: 0, Diff: 0, Sum: 0, Workers: 4
[4329.776s][debug][gc,phases      ] GC(282)   StringDedup Requests1 Weak     Min:  0.0, Avg:  0.0, Max:  0.0, Diff:  0.0, Sum:  0.0, Workers: 4
[4329.776s][debug][gc,phases      ] GC(282)     Dead                           Min: 0, Avg:  0.0, Max: 0, Diff: 0, Sum: 0, Workers: 4
[4329.776s][debug][gc,phases      ] GC(282)     Total                          Min: 0, Avg:  0.0, Max: 0, Diff: 0, Sum: 0, Workers: 4
[4329.776s][debug][gc,phases      ] GC(282)   Weak JFR Old Object Samples    Min:  0.0, Avg:  0.0, Max:  0.0, Diff:  0.0, Sum:  0.0, Workers: 4
[4329.776s][debug][gc,phases      ] GC(282)     Dead                           Min: 0, Avg:  0.0, Max: 0, Diff: 0, Sum: 0, Workers: 4
[4329.776s][debug][gc,phases      ] GC(282)     Total                          Min: 0, Avg:  0.0, Max: 0, Diff: 0, Sum: 0, Workers: 4
[4329.776s][debug][gc,phases      ] GC(282) Weak Processing 0.402ms
[4329.776s][debug][gc,age         ] GC(282) Desired survivor size 524288 bytes, new threshold 15 (max threshold 15)
[4329.776s][info ][gc,heap        ] GC(282) PSYoungGen: 2096352K(2096640K)->432K(2096640K) Eden: 2096128K(2096128K)->0K(2096128K) From: 224K(512K)->432K(512K)
[4329.777s][info ][gc,heap        ] GC(282) ParOldGen: 236982K(324096K)->236982K(324096K)
[4329.777s][info ][gc,metaspace   ] GC(282) Metaspace: 80368K(81280K)->80368K(81280K) NonClass: 68628K(69120K)->68628K(69120K) Class: 11739K(12160K)->11739K(12160K)
[4329.777s][info ][gc             ] GC(282) Pause Young (Allocation Failure) 2278M->231M(2364M) 2.990ms
[4329.777s][info ][gc,cpu         ] GC(282) User=0.01s Sys=0.00s Real=0.00s
[4329.777s][info ][safepoint      ] Safepoint "ParallelGCFailedAllocation", Time since last: 72226745851 ns, Reaching safepoint: 79000 ns, Cleanup: 47001 ns, At safepoint: 3070114 ns, Total: 3196115 ns
[4341.777s][info ][safepoint      ] Safepoint "Cleanup", Time since last: 12000823932 ns, Reaching safepoint: 7500 ns, Cleanup: 44301 ns, At safepoint: 4100 ns, Total: 55901 ns
[4354.778s][info ][safepoint      ] Safepoint "Cleanup", Time since last: 13000902310 ns, Reaching safepoint: 5700 ns, Cleanup: 46800 ns, At safepoint: 3700 ns, Total: 56200 ns
[4366.779s][info ][safepoint      ] Safepoint "Cleanup", Time since last: 12000761615 ns, Reaching safepoint: 4300 ns, Cleanup: 51300 ns, At safepoint: 44700 ns, Total: 100300 ns
[4376.716s][info ][gc,heap,exit   ] Heap
[4376.716s][info ][gc,heap,exit   ]  PSYoungGen      total 2096640K, used 385923K [0x0000000780000000, 0x0000000800000000, 0x0000000800000000)
[4376.716s][info ][gc,heap,exit   ]   eden space 2096128K, 18% used [0x0000000780000000,0x0000000797874bf0,0x00000007fff00000)
[4376.716s][info ][gc,heap,exit   ]   from space 512K, 84% used [0x00000007fff00000,0x00000007fff6c048,0x00000007fff80000)
[4376.716s][info ][gc,heap,exit   ]   to   space 512K, 0% used [0x00000007fff80000,0x00000007fff80000,0x0000000800000000)
[4376.716s][info ][gc,heap,exit   ]  ParOldGen       total 324096K, used 236982K [0x0000000740000000, 0x0000000753c80000, 0x0000000780000000)
[4376.716s][info ][gc,heap,exit   ]   object space 324096K, 73% used [0x0000000740000000,0x000000074e76d880,0x0000000753c80000)
[4376.716s][info ][gc,heap,exit   ]  Metaspace       used 80439K, committed 81344K, reserved 1179648K
[4376.716s][info ][gc,heap,exit   ]   class space    used 11753K, committed 12160K, reserved 1048576K
