[0.004s][info][gc] Using Parallel
[0.005s][info][gc,init] Version: 17.0.8.1+1-LTS (release)
[0.005s][info][gc,init] CPUs: 4 total, 4 available
[0.005s][info][gc,init] Memory: 15991M
[0.005s][info][gc,init] Large Page Support: Disabled
[0.005s][info][gc,init] NUMA Support: Disabled
[0.005s][info][gc,init] Compressed Oops: Enabled (Zero based)
[0.005s][info][gc,init] Alignments: Space 512K, Generation 512K, Heap 2M
[0.005s][info][gc,init] Heap Min Capacity: 2054M
[0.005s][info][gc,init] Heap Initial Capacity: 2054M
[0.005s][info][gc,init] Heap Max Capacity: 3G
[0.005s][info][gc,init] Pre-touch: Disabled
[0.005s][info][gc,init] Parallel Workers: 4
[0.011s][info][gc,metaspace] CDS archive(s) mapped at: [0x00007fef9d000000-0x00007fef9dbeb000-0x00007fef9dbeb000), size 12496896, SharedBaseAddress: 0x00007fef9d000000, ArchiveRelocationMode: 1.
[0.011s][info][gc,metaspace] Compressed class space mapped at: 0x00007fef9e000000-0x00007fefde000000, reserved size: 1073741824
[0.011s][info][gc,metaspace] Narrow klass base: 0x00007fef9d000000, Narrow klass shift: 0, Narrow klass range: 0x100000000
[0.741s][info][safepoint   ] Safepoint "ICBufferFull", Time since last: 723742882 ns, Reaching safepoint: 2300 ns, Cleanup: 129501 ns, At safepoint: 4300 ns, Total: 136101 ns
[1.099s][info][safepoint   ] Safepoint "ICBufferFull", Time since last: 358123413 ns, Reaching safepoint: 78601 ns, Cleanup: 211601 ns, At safepoint: 6200 ns, Total: 296402 ns
[1.710s][info][safepoint   ] Safepoint "ICBufferFull", Time since last: 610181622 ns, Reaching safepoint: 2100 ns, Cleanup: 150901 ns, At safepoint: 4200 ns, Total: 157201 ns
[1.728s][info][gc,start    ] GC(0) Pause Young (Metadata GC Threshold)
[1.742s][debug][gc,phases   ] GC(0) Scavenge 13.967ms
[1.742s][debug][gc,ref      ] GC(0) Skipped phase 1 of Reference Processing: no references
[1.742s][debug][gc,ref      ] GC(0) ReferenceProcessor::execute queues: 3, RefProcThreadModel::Multi, marks_oops_alive: false
[1.742s][debug][gc,ref      ] GC(0) Skipped phase 3 of Reference Processing: no references
[1.742s][debug][gc,ref      ] GC(0) ReferenceProcessor::execute queues: 1, RefProcThreadModel::Single, marks_oops_alive: false
[1.742s][debug][gc,phases   ] GC(0) Reference Processing 0.253ms
[1.742s][debug][gc,phases   ] GC(0)   VM Weak                        Min:  0.0, Avg:  0.0, Max:  0.0, Diff:  0.0, Sum:  0.0, Workers: 4
[1.742s][debug][gc,phases   ] GC(0)     Dead                           Min: 0, Avg:  0.0, Max: 0, Diff: 0, Sum: 0, Workers: 4
[1.742s][debug][gc,phases   ] GC(0)     Total                          Min: 0, Avg: 57.8, Max: 192, Diff: 192, Sum: 231, Workers: 4
[1.742s][debug][gc,phases   ] GC(0)   ObjectSynchronizer Weak        Min:  0.0, Avg:  0.0, Max:  0.0, Diff:  0.0, Sum:  0.0, Workers: 4
[1.742s][debug][gc,phases   ] GC(0)     Dead                           Min: 0, Avg:  1.2, Max: 5, Diff: 5, Sum: 5, Workers: 4
[1.742s][debug][gc,phases   ] GC(0)     Total                          Min: 0, Avg:  2.5, Max: 10, Diff: 10, Sum: 10, Workers: 4
[1.742s][debug][gc,phases   ] GC(0)   JVMTI Tag Weak OopStorage      Min:  0.0, Avg:  0.0, Max:  0.0, Diff:  0.0, Sum:  0.0, Workers: 4
[1.742s][debug][gc,phases   ] GC(0)     Dead                           Min: 0, Avg:  0.0, Max: 0, Diff: 0, Sum: 0, Workers: 4
[1.742s][debug][gc,phases   ] GC(0)     Total                          Min: 0, Avg:  0.0, Max: 0, Diff: 0, Sum: 0, Workers: 4
[1.742s][debug][gc,phases   ] GC(0)   StringTable Weak               Min:  0.1, Avg:  0.1, Max:  0.1, Diff:  0.0, Sum:  0.3, Workers: 4
[1.742s][debug][gc,phases   ] GC(0)     Dead                           Min: 0, Avg:  6.5, Max: 18, Diff: 18, Sum: 26, Workers: 4
[1.742s][debug][gc,phases   ] GC(0)     Total                          Min: 2928, Avg: 3308.0, Max: 3840, Diff: 912, Sum: 13232, Workers: 4
[1.742s][debug][gc,phases   ] GC(0)   ResolvedMethodTable Weak       Min:  0.0, Avg:  0.0, Max:  0.0, Diff:  0.0, Sum:  0.0, Workers: 4
[1.742s][debug][gc,phases   ] GC(0)     Dead                           Min: 0, Avg: 18.5, Max: 33, Diff: 33, Sum: 74, Workers: 4
[1.742s][debug][gc,phases   ] GC(0)     Total                          Min: 0, Avg: 320.8, Max: 448, Diff: 448, Sum: 1283, Workers: 4
[1.742s][debug][gc,phases   ] GC(0)   JNI Weak                       Min:  0.0, Avg:  0.0, Max:  0.0, Diff:  0.0, Sum:  0.0, Workers: 4
[1.742s][debug][gc,phases   ] GC(0)     Dead                           Min: 0, Avg:  0.0, Max: 0, Diff: 0, Sum: 0, Workers: 4
[1.742s][debug][gc,phases   ] GC(0)     Total                          Min: 0, Avg: 11.2, Max: 45, Diff: 45, Sum: 45, Workers: 4
[1.742s][debug][gc,phases   ] GC(0)   StringDedup Table Weak         Min:  0.0, Avg:  0.0, Max:  0.0, Diff:  0.0, Sum:  0.0, Workers: 4
[1.742s][debug][gc,phases   ] GC(0)     Dead                           Min: 0, Avg:  0.0, Max: 0, Diff: 0, Sum: 0, Workers: 4
[1.742s][debug][gc,phases   ] GC(0)     Total                          Min: 0, Avg:  0.0, Max: 0, Diff: 0, Sum: 0, Workers: 4
[1.742s][debug][gc,phases   ] GC(0)   StringDedup Requests0 Weak     Min:  0.0, Avg:  0.0, Max:  0.0, Diff:  0.0, Sum:  0.0, Workers: 4
[1.742s][debug][gc,phases   ] GC(0)     Dead                           Min: 0, Avg:  0.0, Max: 0, Diff: 0, Sum: 0, Workers: 4
[1.742s][debug][gc,phases   ] GC(0)     Total                          Min: 0, Avg:  0.0, Max: 0, Diff: 0, Sum: 0, Workers: 4
[1.742s][debug][gc,phases   ] GC(0)   StringDedup Requests1 Weak     Min:  0.0, Avg:  0.0, Max:  0.0, Diff:  0.0, Sum:  0.0, Workers: 4
[1.742s][debug][gc,phases   ] GC(0)     Dead                           Min: 0, Avg:  0.0, Max: 0, Diff: 0, Sum: 0, Workers: 4
[1.742s][debug][gc,phases   ] GC(0)     Total                          Min: 0, Avg:  0.0, Max: 0, Diff: 0, Sum: 0, Workers: 4
[1.742s][debug][gc,phases   ] GC(0)   Weak JFR Old Object Samples    Min:  0.0, Avg:  0.0, Max:  0.0, Diff:  0.0, Sum:  0.0, Workers: 4
[1.742s][debug][gc,phases   ] GC(0)     Dead                           Min: 0, Avg:  0.0, Max: 0, Diff: 0, Sum: 0, Workers: 4
[1.742s][debug][gc,phases   ] GC(0)     Total                          Min: 0, Avg:  0.0, Max: 0, Diff: 0, Sum: 0, Workers: 4
[1.742s][debug][gc,phases   ] GC(0) Weak Processing 0.249ms
[1.742s][debug][gc,age      ] GC(0) Desired survivor size 536870912 bytes, new threshold 7 (max threshold 15)
[1.742s][info ][gc,heap     ] GC(0) PSYoungGen: 240927K(1572864K)->31682K(1572864K) Eden: 240927K(1048576K)->0K(1048576K) From: 0K(524288K)->31682K(524288K)
[1.742s][info ][gc,heap     ] GC(0) ParOldGen: 0K(6144K)->96K(6144K)
[1.742s][info ][gc,metaspace] GC(0) Metaspace: 21212K(21504K)->21212K(21504K) NonClass: 18738K(18880K)->18738K(18880K) Class: 2473K(2624K)->2473K(2624K)
[1.742s][info ][gc          ] GC(0) Pause Young (Metadata GC Threshold) 235M->31M(1542M) 14.773ms
[1.742s][info ][gc,cpu      ] GC(0) User=0.04s Sys=0.00s Real=0.01s
[1.742s][debug][gc,phases   ] GC(1) Pre Compact 0.010ms
[1.742s][info ][gc,start    ] GC(1) Pause Full (Metadata GC Threshold)
[1.742s][info ][gc,phases,start] GC(1) Marking Phase
[1.749s][debug][gc,phases      ] GC(1) Par Mark 6.445ms
[1.749s][debug][gc,ref         ] GC(1) Skipped phase 1 of Reference Processing: no references
[1.749s][debug][gc,ref         ] GC(1) ReferenceProcessor::execute queues: 3, RefProcThreadModel::Multi, marks_oops_alive: false
[1.749s][debug][gc,ref         ] GC(1) Skipped phase 3 of Reference Processing: no references
[1.749s][debug][gc,ref         ] GC(1) ReferenceProcessor::execute queues: 1, RefProcThreadModel::Single, marks_oops_alive: false
[1.749s][debug][gc,phases      ] GC(1) Reference Processing 0.089ms
[1.749s][debug][gc,phases      ] GC(1)   VM Weak                        Min:  0.0, Avg:  0.0, Max:  0.0, Diff:  0.0, Sum:  0.0, Workers: 4
[1.749s][debug][gc,phases      ] GC(1)     Dead                           Min: 0, Avg:  0.0, Max: 0, Diff: 0, Sum: 0, Workers: 4
[1.749s][debug][gc,phases      ] GC(1)     Total                          Min: 0, Avg: 57.8, Max: 231, Diff: 231, Sum: 231, Workers: 4
[1.749s][debug][gc,phases      ] GC(1)   ObjectSynchronizer Weak        Min:  0.0, Avg:  0.0, Max:  0.0, Diff:  0.0, Sum:  0.0, Workers: 4
[1.749s][debug][gc,phases      ] GC(1)     Dead                           Min: 0, Avg:  0.0, Max: 0, Diff: 0, Sum: 0, Workers: 4
[1.749s][debug][gc,phases      ] GC(1)     Total                          Min: 0, Avg:  2.5, Max: 10, Diff: 10, Sum: 10, Workers: 4
[1.749s][debug][gc,phases      ] GC(1)   JVMTI Tag Weak OopStorage      Min:  0.0, Avg:  0.0, Max:  0.0, Diff:  0.0, Sum:  0.0, Workers: 4
[1.749s][debug][gc,phases      ] GC(1)     Dead                           Min: 0, Avg:  0.0, Max: 0, Diff: 0, Sum: 0, Workers: 4
[1.749s][debug][gc,phases      ] GC(1)     Total                          Min: 0, Avg:  0.0, Max: 0, Diff: 0, Sum: 0, Workers: 4
[1.749s][debug][gc,phases      ] GC(1)   StringTable Weak               Min:  0.0, Avg:  0.0, Max:  0.1, Diff:  0.1, Sum:  0.1, Workers: 4
[1.749s][debug][gc,phases      ] GC(1)     Dead                           Min: 0, Avg:  0.0, Max: 0, Diff: 0, Sum: 0, Workers: 4
[1.749s][debug][gc,phases      ] GC(1)     Total                          Min: 0, Avg: 3308.0, Max: 4544, Diff: 4544, Sum: 13232, Workers: 4
[1.749s][debug][gc,phases      ] GC(1)   ResolvedMethodTable Weak       Min:  0.0, Avg:  0.0, Max:  0.0, Diff:  0.0, Sum:  0.0, Workers: 4
[1.749s][debug][gc,phases      ] GC(1)     Dead                           Min: 0, Avg:  0.0, Max: 0, Diff: 0, Sum: 0, Workers: 4
[1.749s][debug][gc,phases      ] GC(1)     Total                          Min: 0, Avg: 320.8, Max: 512, Diff: 512, Sum: 1283, Workers: 4
[1.749s][debug][gc,phases      ] GC(1)   JNI Weak                       Min:  0.0, Avg:  0.0, Max:  0.0, Diff:  0.0, Sum:  0.0, Workers: 4
[1.749s][debug][gc,phases      ] GC(1)     Dead                           Min: 0, Avg:  0.0, Max: 0, Diff: 0, Sum: 0, Workers: 4
[1.749s][debug][gc,phases      ] GC(1)     Total                          Min: 0, Avg: 11.2, Max: 45, Diff: 45, Sum: 45, Workers: 4
[1.749s][debug][gc,phases      ] GC(1)   StringDedup Table Weak         Min:  0.0, Avg:  0.0, Max:  0.0, Diff:  0.0, Sum:  0.0, Workers: 4
[1.749s][debug][gc,phases      ] GC(1)     Dead                           Min: 0, Avg:  0.0, Max: 0, Diff: 0, Sum: 0, Workers: 4
[1.749s][debug][gc,phases      ] GC(1)     Total                          Min: 0, Avg:  0.0, Max: 0, Diff: 0, Sum: 0, Workers: 4
[1.749s][debug][gc,phases      ] GC(1)   StringDedup Requests0 Weak     Min:  0.0, Avg:  0.0, Max:  0.0, Diff:  0.0, Sum:  0.0, Workers: 4
[1.749s][debug][gc,phases      ] GC(1)     Dead                           Min: 0, Avg:  0.0, Max: 0, Diff: 0, Sum: 0, Workers: 4
[1.749s][debug][gc,phases      ] GC(1)     Total                          Min: 0, Avg:  0.0, Max: 0, Diff: 0, Sum: 0, Workers: 4
[1.749s][debug][gc,phases      ] GC(1)   StringDedup Requests1 Weak     Min:  0.0, Avg:  0.0, Max:  0.0, Diff:  0.0, Sum:  0.0, Workers: 4
[1.749s][debug][gc,phases      ] GC(1)     Dead                           Min: 0, Avg:  0.0, Max: 0, Diff: 0, Sum: 0, Workers: 4
[1.749s][debug][gc,phases      ] GC(1)     Total                          Min: 0, Avg:  0.0, Max: 0, Diff: 0, Sum: 0, Workers: 4
[1.749s][debug][gc,phases      ] GC(1)   Weak JFR Old Object Samples    Min:  0.0, Avg:  0.0, Max:  0.0, Diff:  0.0, Sum:  0.0, Workers: 4
[1.749s][debug][gc,phases      ] GC(1)     Dead                           Min: 0, Avg:  0.0, Max: 0, Diff: 0, Sum: 0, Workers: 4
[1.749s][debug][gc,phases      ] GC(1)     Total                          Min: 0, Avg:  0.0, Max: 0, Diff: 0, Sum: 0, Workers: 4
[1.749s][debug][gc,phases      ] GC(1) Weak Processing 0.201ms
[1.749s][debug][gc,phases      ] GC(1) ClassLoaderData 0.010ms
[1.749s][debug][gc,phases      ] GC(1) Trigger cleanups 0.000ms
[1.752s][debug][gc,phases      ] GC(1) Class Unloading 2.709ms
[1.752s][debug][gc,phases      ] GC(1) Report Object Count 0.002ms
[1.752s][info ][gc,phases      ] GC(1) Marking Phase 9.517ms
[1.752s][info ][gc,phases,start] GC(1) Summary Phase
[1.752s][info ][gc,phases      ] GC(1) Summary Phase 0.004ms
[1.752s][info ][gc,phases,start] GC(1) Adjust Roots
[1.755s][info ][gc,phases      ] GC(1) Adjust Roots 3.485ms
[1.755s][info ][gc,phases,start] GC(1) Compaction Phase
[1.773s][info ][gc,phases      ] GC(1) Compaction Phase 17.664ms
[1.773s][info ][gc,phases,start] GC(1) Post Compact
[1.774s][info ][gc,phases      ] GC(1) Post Compact 0.924ms
[1.774s][info ][gc,heap        ] GC(1) PSYoungGen: 31682K(1572864K)->25921K(1572864K) Eden: 0K(1048576K)->0K(1048576K) From: 31682K(524288K)->25921K(524288K)
[1.774s][info ][gc,heap        ] GC(1) ParOldGen: 96K(6144K)->5706K(6144K)
[1.774s][info ][gc,metaspace   ] GC(1) Metaspace: 21212K(21504K)->21212K(21504K) NonClass: 18738K(18880K)->18738K(18880K) Class: 2473K(2624K)->2473K(2624K)
[1.774s][info ][gc             ] GC(1) Pause Full (Metadata GC Threshold) 31M->30M(1542M) 31.694ms
[1.774s][info ][gc,cpu         ] GC(1) User=0.09s Sys=0.01s Real=0.04s
[1.774s][info ][safepoint      ] Safepoint "CollectForMetadataAllocation", Time since last: 17789635 ns, Reaching safepoint: 1900 ns, Cleanup: 28900 ns, At safepoint: 46562153 ns, Total: 46592953 ns
[1.918s][info ][safepoint      ] Safepoint "ICBufferFull", Time since last: 143509387 ns, Reaching safepoint: 75100 ns, Cleanup: 137501 ns, At safepoint: 6400 ns, Total: 219001 ns
[2.033s][info ][safepoint      ] Safepoint "ICBufferFull", Time since last: 114963971 ns, Reaching safepoint: 2200 ns, Cleanup: 132101 ns, At safepoint: 1900 ns, Total: 136201 ns
[2.155s][info ][safepoint      ] Safepoint "ICBufferFull", Time since last: 122101125 ns, Reaching safepoint: 3100 ns, Cleanup: 147201 ns, At safepoint: 3900 ns, Total: 154201 ns
[2.236s][info ][safepoint      ] Safepoint "ICBufferFull", Time since last: 80330309 ns, Reaching safepoint: 2400 ns, Cleanup: 158101 ns, At safepoint: 5000 ns, Total: 165501 ns
[2.692s][info ][safepoint      ] Safepoint "ICBufferFull", Time since last: 456019954 ns, Reaching safepoint: 75501 ns, Cleanup: 176701 ns, At safepoint: 11100 ns, Total: 263302 ns
[2.798s][info ][safepoint      ] Safepoint "ICBufferFull", Time since last: 106058303 ns, Reaching safepoint: 2700 ns, Cleanup: 147302 ns, At safepoint: 4900 ns, Total: 154902 ns
[2.988s][info ][safepoint      ] Safepoint "ICBufferFull", Time since last: 189281933 ns, Reaching safepoint: 79701 ns, Cleanup: 160301 ns, At safepoint: 5200 ns, Total: 245202 ns
[3.104s][info ][safepoint      ] Safepoint "ICBufferFull", Time since last: 115726377 ns, Reaching safepoint: 74900 ns, Cleanup: 152502 ns, At safepoint: 5200 ns, Total: 232602 ns
[3.301s][info ][safepoint      ] Safepoint "ICBufferFull", Time since last: 196964291 ns, Reaching safepoint: 75101 ns, Cleanup: 139301 ns, At safepoint: 8300 ns, Total: 222702 ns
[3.531s][info ][safepoint      ] Safepoint "ICBufferFull", Time since last: 230008842 ns, Reaching safepoint: 3300 ns, Cleanup: 156502 ns, At safepoint: 10900 ns, Total: 170702 ns
[3.646s][info ][gc,start       ] GC(2) Pause Young (Metadata GC Threshold)
[3.700s][debug][gc,phases      ] GC(2) Scavenge 53.516ms
[3.700s][debug][gc,ref         ] GC(2) Skipped phase 1 of Reference Processing: no references
[3.700s][debug][gc,ref         ] GC(2) ReferenceProcessor::execute queues: 4, RefProcThreadModel::Multi, marks_oops_alive: false
[3.700s][debug][gc,ref         ] GC(2) Skipped phase 3 of Reference Processing: no references
[3.700s][debug][gc,ref         ] GC(2) ReferenceProcessor::execute queues: 2, RefProcThreadModel::Multi, marks_oops_alive: false
[3.700s][debug][gc,phases      ] GC(2) Reference Processing 0.454ms
[3.700s][debug][gc,phases      ] GC(2)   VM Weak                        Min:  0.0, Avg:  0.0, Max:  0.0, Diff:  0.0, Sum:  0.0, Workers: 4
[3.700s][debug][gc,phases      ] GC(2)     Dead                           Min: 0, Avg:  0.0, Max: 0, Diff: 0, Sum: 0, Workers: 4
[3.700s][debug][gc,phases      ] GC(2)     Total                          Min: 0, Avg: 91.5, Max: 302, Diff: 302, Sum: 366, Workers: 4
[3.700s][debug][gc,phases      ] GC(2)   ObjectSynchronizer Weak        Min:  0.0, Avg:  0.0, Max:  0.0, Diff:  0.0, Sum:  0.0, Workers: 4
[3.700s][debug][gc,phases      ] GC(2)     Dead                           Min: 0, Avg:  0.0, Max: 0, Diff: 0, Sum: 0, Workers: 4
[3.700s][debug][gc,phases      ] GC(2)     Total                          Min: 0, Avg:  2.5, Max: 10, Diff: 10, Sum: 10, Workers: 4
[3.700s][debug][gc,phases      ] GC(2)   JVMTI Tag Weak OopStorage      Min:  0.0, Avg:  0.0, Max:  0.0, Diff:  0.0, Sum:  0.0, Workers: 4
[3.700s][debug][gc,phases      ] GC(2)     Dead                           Min: 0, Avg:  0.0, Max: 0, Diff: 0, Sum: 0, Workers: 4
[3.700s][debug][gc,phases      ] GC(2)     Total                          Min: 0, Avg:  0.0, Max: 0, Diff: 0, Sum: 0, Workers: 4
[3.700s][debug][gc,phases      ] GC(2)   StringTable Weak               Min:  0.0, Avg:  0.2, Max:  0.2, Diff:  0.2, Sum:  0.7, Workers: 4
[3.700s][debug][gc,phases      ] GC(2)     Dead                           Min: 0, Avg:  2.2, Max: 6, Diff: 6, Sum: 9, Workers: 4
[3.700s][debug][gc,phases      ] GC(2)     Total                          Min: 0, Avg: 6624.2, Max: 9152, Diff: 9152, Sum: 26497, Workers: 4
[3.700s][debug][gc,phases      ] GC(2)   ResolvedMethodTable Weak       Min:  0.0, Avg:  0.0, Max:  0.0, Diff:  0.0, Sum:  0.1, Workers: 4
[3.700s][debug][gc,phases      ] GC(2)     Dead                           Min: 0, Avg: 14.0, Max: 48, Diff: 48, Sum: 56, Workers: 4
[3.700s][debug][gc,phases      ] GC(2)     Total                          Min: 0, Avg: 620.0, Max: 882, Diff: 882, Sum: 2480, Workers: 4
[3.700s][debug][gc,phases      ] GC(2)   JNI Weak                       Min:  0.0, Avg:  0.0, Max:  0.0, Diff:  0.0, Sum:  0.0, Workers: 4
[3.700s][debug][gc,phases      ] GC(2)     Dead                           Min: 0, Avg:  0.0, Max: 0, Diff: 0, Sum: 0, Workers: 4
[3.700s][debug][gc,phases      ] GC(2)     Total                          Min: 0, Avg: 11.2, Max: 45, Diff: 45, Sum: 45, Workers: 4
[3.700s][debug][gc,phases      ] GC(2)   StringDedup Table Weak         Min:  0.0, Avg:  0.0, Max:  0.0, Diff:  0.0, Sum:  0.0, Workers: 4
[3.700s][debug][gc,phases      ] GC(2)     Dead                           Min: 0, Avg:  0.0, Max: 0, Diff: 0, Sum: 0, Workers: 4
[3.700s][debug][gc,phases      ] GC(2)     Total                          Min: 0, Avg:  0.0, Max: 0, Diff: 0, Sum: 0, Workers: 4
[3.700s][debug][gc,phases      ] GC(2)   StringDedup Requests0 Weak     Min:  0.0, Avg:  0.0, Max:  0.0, Diff:  0.0, Sum:  0.0, Workers: 4
[3.700s][debug][gc,phases      ] GC(2)     Dead                           Min: 0, Avg:  0.0, Max: 0, Diff: 0, Sum: 0, Workers: 4
[3.700s][debug][gc,phases      ] GC(2)     Total                          Min: 0, Avg:  0.0, Max: 0, Diff: 0, Sum: 0, Workers: 4
[3.700s][debug][gc,phases      ] GC(2)   StringDedup Requests1 Weak     Min:  0.0, Avg:  0.0, Max:  0.0, Diff:  0.0, Sum:  0.0, Workers: 4
[3.700s][debug][gc,phases      ] GC(2)     Dead                           Min: 0, Avg:  0.0, Max: 0, Diff: 0, Sum: 0, Workers: 4
[3.700s][debug][gc,phases      ] GC(2)     Total                          Min: 0, Avg:  0.0, Max: 0, Diff: 0, Sum: 0, Workers: 4
[3.700s][debug][gc,phases      ] GC(2)   Weak JFR Old Object Samples    Min:  0.0, Avg:  0.0, Max:  0.0, Diff:  0.0, Sum:  0.0, Workers: 4
[3.700s][debug][gc,phases      ] GC(2)     Dead                           Min: 0, Avg:  0.0, Max: 0, Diff: 0, Sum: 0, Workers: 4
[3.700s][debug][gc,phases      ] GC(2)     Total                          Min: 0, Avg:  0.0, Max: 0, Diff: 0, Sum: 0, Workers: 4
[3.700s][debug][gc,phases      ] GC(2) Weak Processing 0.409ms
[3.700s][debug][gc,age         ] GC(2) Desired survivor size 536870912 bytes, new threshold 7 (max threshold 15)
[3.700s][info ][gc,heap        ] GC(2) PSYoungGen: 592160K(1572864K)->84466K(1572864K) Eden: 566238K(1048576K)->0K(1048576K) From: 25921K(524288K)->84466K(524288K)
[3.700s][info ][gc,heap        ] GC(2) ParOldGen: 5706K(6144K)->5730K(6144K)
[3.700s][info ][gc,metaspace   ] GC(2) Metaspace: 35277K(35840K)->35277K(35840K) NonClass: 30767K(31040K)->30767K(31040K) Class: 4510K(4800K)->4510K(4800K)
[3.700s][info ][gc             ] GC(2) Pause Young (Metadata GC Threshold) 583M->88M(1542M) 54.483ms
[3.700s][info ][gc,cpu         ] GC(2) User=0.14s Sys=0.05s Real=0.05s
[3.700s][debug][gc,phases      ] GC(3) Pre Compact 0.008ms
[3.700s][info ][gc,start       ] GC(3) Pause Full (Metadata GC Threshold)
[3.700s][info ][gc,phases,start] GC(3) Marking Phase
[3.744s][debug][gc,phases      ] GC(3) Par Mark 43.011ms
[3.744s][debug][gc,ref         ] GC(3) Skipped phase 1 of Reference Processing: no references
[3.744s][debug][gc,ref         ] GC(3) ReferenceProcessor::execute queues: 4, RefProcThreadModel::Multi, marks_oops_alive: false
[3.744s][debug][gc,ref         ] GC(3) Skipped phase 3 of Reference Processing: no references
[3.744s][debug][gc,ref         ] GC(3) ReferenceProcessor::execute queues: 1, RefProcThreadModel::Single, marks_oops_alive: false
[3.744s][debug][gc,phases      ] GC(3) Reference Processing 0.276ms
[3.744s][debug][gc,phases      ] GC(3)   VM Weak                        Min:  0.0, Avg:  0.0, Max:  0.0, Diff:  0.0, Sum:  0.0, Workers: 4
[3.744s][debug][gc,phases      ] GC(3)     Dead                           Min: 0, Avg:  0.0, Max: 0, Diff: 0, Sum: 0, Workers: 4
[3.744s][debug][gc,phases      ] GC(3)     Total                          Min: 0, Avg: 91.5, Max: 192, Diff: 192, Sum: 366, Workers: 4
[3.744s][debug][gc,phases      ] GC(3)   ObjectSynchronizer Weak        Min:  0.0, Avg:  0.0, Max:  0.0, Diff:  0.0, Sum:  0.0, Workers: 4
[3.744s][debug][gc,phases      ] GC(3)     Dead                           Min: 0, Avg:  0.0, Max: 0, Diff: 0, Sum: 0, Workers: 4
[3.744s][debug][gc,phases      ] GC(3)     Total                          Min: 0, Avg:  2.5, Max: 10, Diff: 10, Sum: 10, Workers: 4
[3.744s][debug][gc,phases      ] GC(3)   JVMTI Tag Weak OopStorage      Min:  0.0, Avg:  0.0, Max:  0.0, Diff:  0.0, Sum:  0.0, Workers: 4
[3.744s][debug][gc,phases      ] GC(3)     Dead                           Min: 0, Avg:  0.0, Max: 0, Diff: 0, Sum: 0, Workers: 4
[3.744s][debug][gc,phases      ] GC(3)     Total                          Min: 0, Avg:  0.0, Max: 0, Diff: 0, Sum: 0, Workers: 4
[3.744s][debug][gc,phases      ] GC(3)   StringTable Weak               Min:  0.0, Avg:  0.1, Max:  0.1, Diff:  0.1, Sum:  0.3, Workers: 4
[3.744s][debug][gc,phases      ] GC(3)     Dead                           Min: 0, Avg:  0.0, Max: 0, Diff: 0, Sum: 0, Workers: 4
[3.744s][debug][gc,phases      ] GC(3)     Total                          Min: 0, Avg: 6624.2, Max: 9536, Diff: 9536, Sum: 26497, Workers: 4
[3.744s][debug][gc,phases      ] GC(3)   ResolvedMethodTable Weak       Min:  0.0, Avg:  0.0, Max:  0.0, Diff:  0.0, Sum:  0.0, Workers: 4
[3.744s][debug][gc,phases      ] GC(3)     Dead                           Min: 0, Avg:  0.0, Max: 0, Diff: 0, Sum: 0, Workers: 4
[3.744s][debug][gc,phases      ] GC(3)     Total                          Min: 0, Avg: 620.0, Max: 896, Diff: 896, Sum: 2480, Workers: 4
[3.744s][debug][gc,phases      ] GC(3)   JNI Weak                       Min:  0.0, Avg:  0.0, Max:  0.0, Diff:  0.0, Sum:  0.0, Workers: 4
[3.744s][debug][gc,phases      ] GC(3)     Dead                           Min: 0, Avg:  0.0, Max: 0, Diff: 0, Sum: 0, Workers: 4
[3.744s][debug][gc,phases      ] GC(3)     Total                          Min: 0, Avg: 11.2, Max: 45, Diff: 45, Sum: 45, Workers: 4
[3.744s][debug][gc,phases      ] GC(3)   StringDedup Table Weak         Min:  0.0, Avg:  0.0, Max:  0.0, Diff:  0.0, Sum:  0.0, Workers: 4
[3.744s][debug][gc,phases      ] GC(3)     Dead                           Min: 0, Avg:  0.0, Max: 0, Diff: 0, Sum: 0, Workers: 4
[3.744s][debug][gc,phases      ] GC(3)     Total                          Min: 0, Avg:  0.0, Max: 0, Diff: 0, Sum: 0, Workers: 4
[3.744s][debug][gc,phases      ] GC(3)   StringDedup Requests0 Weak     Min:  0.0, Avg:  0.0, Max:  0.0, Diff:  0.0, Sum:  0.0, Workers: 4
[3.744s][debug][gc,phases      ] GC(3)     Dead                           Min: 0, Avg:  0.0, Max: 0, Diff: 0, Sum: 0, Workers: 4
[3.744s][debug][gc,phases      ] GC(3)     Total                          Min: 0, Avg:  0.0, Max: 0, Diff: 0, Sum: 0, Workers: 4
[3.744s][debug][gc,phases      ] GC(3)   StringDedup Requests1 Weak     Min:  0.0, Avg:  0.0, Max:  0.0, Diff:  0.0, Sum:  0.0, Workers: 4
[3.744s][debug][gc,phases      ] GC(3)     Dead                           Min: 0, Avg:  0.0, Max: 0, Diff: 0, Sum: 0, Workers: 4
[3.744s][debug][gc,phases      ] GC(3)     Total                          Min: 0, Avg:  0.0, Max: 0, Diff: 0, Sum: 0, Workers: 4
[3.744s][debug][gc,phases      ] GC(3)   Weak JFR Old Object Samples    Min:  0.0, Avg:  0.0, Max:  0.0, Diff:  0.0, Sum:  0.0, Workers: 4
[3.744s][debug][gc,phases      ] GC(3)     Dead                           Min: 0, Avg:  0.0, Max: 0, Diff: 0, Sum: 0, Workers: 4
[3.744s][debug][gc,phases      ] GC(3)     Total                          Min: 0, Avg:  0.0, Max: 0, Diff: 0, Sum: 0, Workers: 4
[3.744s][debug][gc,phases      ] GC(3) Weak Processing 0.287ms
[3.744s][debug][gc,phases      ] GC(3) ClassLoaderData 0.038ms
[3.744s][debug][gc,phases      ] GC(3) Trigger cleanups 0.000ms
[3.750s][debug][gc,phases      ] GC(3) Class Unloading 5.546ms
[3.750s][debug][gc,phases      ] GC(3) Report Object Count 0.001ms
[3.750s][info ][gc,phases      ] GC(3) Marking Phase 49.233ms
[3.750s][info ][gc,phases,start] GC(3) Summary Phase
[3.750s][info ][gc,phases      ] GC(3) Summary Phase 0.005ms
[3.750s][info ][gc,phases,start] GC(3) Adjust Roots
[3.758s][info ][gc,phases      ] GC(3) Adjust Roots 8.202ms
[3.758s][info ][gc,phases,start] GC(3) Compaction Phase
[4.100s][info ][gc,phases      ] GC(3) Compaction Phase 341.987ms
[4.100s][info ][gc,phases,start] GC(3) Post Compact
[4.101s][info ][gc,phases      ] GC(3) Post Compact 0.858ms
[4.101s][info ][gc,heap        ] GC(3) PSYoungGen: 84466K(1572864K)->83755K(1572864K) Eden: 0K(1048576K)->0K(1048576K) From: 84466K(524288K)->83755K(524288K)
[4.101s][info ][gc,heap        ] GC(3) ParOldGen: 5730K(6144K)->6118K(6144K)
[4.101s][info ][gc,metaspace   ] GC(3) Metaspace: 35277K(35840K)->35277K(35840K) NonClass: 30767K(31040K)->30767K(31040K) Class: 4510K(4800K)->4510K(4800K)
[4.101s][info ][gc             ] GC(3) Pause Full (Metadata GC Threshold) 88M->87M(1542M) 400.389ms
[4.101s][info ][gc,cpu         ] GC(3) User=0.85s Sys=0.00s Real=0.40s
[4.101s][info ][safepoint      ] Safepoint "CollectForMetadataAllocation", Time since last: 114701668 ns, Reaching safepoint: 2100 ns, Cleanup: 143302 ns, At safepoint: 454975446 ns, Total: 455120848 ns
[4.367s][info ][safepoint      ] Safepoint "ICBufferFull", Time since last: 265806813 ns, Reaching safepoint: 3800 ns, Cleanup: 190502 ns, At safepoint: 5700 ns, Total: 200002 ns
[4.840s][info ][safepoint      ] Safepoint "ICBufferFull", Time since last: 472726981 ns, Reaching safepoint: 2800 ns, Cleanup: 147401 ns, At safepoint: 4700 ns, Total: 154901 ns
[5.175s][info ][safepoint      ] Safepoint "ICBufferFull", Time since last: 334542836 ns, Reaching safepoint: 67401 ns, Cleanup: 146801 ns, At safepoint: 5000 ns, Total: 219202 ns
[5.336s][info ][safepoint      ] Safepoint "ICBufferFull", Time since last: 157715796 ns, Reaching safepoint: 3150924 ns, Cleanup: 158901 ns, At safepoint: 10000 ns, Total: 3319825 ns
[5.442s][info ][safepoint      ] Safepoint "ICBufferFull", Time since last: 106597608 ns, Reaching safepoint: 76701 ns, Cleanup: 148301 ns, At safepoint: 8500 ns, Total: 233502 ns
[5.552s][info ][safepoint      ] Safepoint "ICBufferFull", Time since last: 108820025 ns, Reaching safepoint: 78400 ns, Cleanup: 206202 ns, At safepoint: 3400 ns, Total: 288002 ns
[5.705s][info ][safepoint      ] Safepoint "ICBufferFull", Time since last: 153122861 ns, Reaching safepoint: 3300 ns, Cleanup: 150701 ns, At safepoint: 6900 ns, Total: 160901 ns
[5.840s][info ][safepoint      ] Safepoint "ICBufferFull", Time since last: 135282426 ns, Reaching safepoint: 3000 ns, Cleanup: 115201 ns, At safepoint: 2000 ns, Total: 120201 ns
[5.936s][debug][gc,phases      ] GC(4) Pre Compact 0.016ms
[5.936s][info ][gc,start       ] GC(4) Pause Full (Metadata GC Threshold)
[5.937s][info ][gc,phases,start] GC(4) Marking Phase
[5.991s][debug][gc,phases      ] GC(4) Par Mark 54.109ms
[5.991s][debug][gc,ref         ] GC(4) Skipped phase 1 of Reference Processing: no references
[5.991s][debug][gc,ref         ] GC(4) ReferenceProcessor::execute queues: 4, RefProcThreadModel::Multi, marks_oops_alive: false
[5.992s][debug][gc,ref         ] GC(4) Skipped phase 3 of Reference Processing: no references
[5.992s][debug][gc,ref         ] GC(4) ReferenceProcessor::execute queues: 4, RefProcThreadModel::Multi, marks_oops_alive: false
[5.992s][debug][gc,phases      ] GC(4) Reference Processing 1.187ms
[5.992s][debug][gc,phases      ] GC(4)   VM Weak                        Min:  0.0, Avg:  0.0, Max:  0.0, Diff:  0.0, Sum:  0.0, Workers: 4
[5.992s][debug][gc,phases      ] GC(4)     Dead                           Min: 0, Avg:  0.0, Max: 0, Diff: 0, Sum: 0, Workers: 4
[5.992s][debug][gc,phases      ] GC(4)     Total                          Min: 0, Avg: 138.2, Max: 320, Diff: 320, Sum: 553, Workers: 4
[5.992s][debug][gc,phases      ] GC(4)   ObjectSynchronizer Weak        Min:  0.0, Avg:  0.0, Max:  0.0, Diff:  0.0, Sum:  0.0, Workers: 4
[5.992s][debug][gc,phases      ] GC(4)     Dead                           Min: 0, Avg:  0.0, Max: 0, Diff: 0, Sum: 0, Workers: 4
[5.992s][debug][gc,phases      ] GC(4)     Total                          Min: 0, Avg:  2.5, Max: 10, Diff: 10, Sum: 10, Workers: 4
[5.992s][debug][gc,phases      ] GC(4)   JVMTI Tag Weak OopStorage      Min:  0.0, Avg:  0.0, Max:  0.0, Diff:  0.0, Sum:  0.0, Workers: 4
[5.992s][debug][gc,phases      ] GC(4)     Dead                           Min: 0, Avg:  0.0, Max: 0, Diff: 0, Sum: 0, Workers: 4
[5.992s][debug][gc,phases      ] GC(4)     Total                          Min: 0, Avg:  0.0, Max: 0, Diff: 0, Sum: 0, Workers: 4
[5.992s][debug][gc,phases      ] GC(4)   StringTable Weak               Min:  0.0, Avg:  0.1, Max:  0.2, Diff:  0.2, Sum:  0.5, Workers: 4
[5.992s][debug][gc,phases      ] GC(4)     Dead                           Min: 0, Avg:  4.8, Max: 9, Diff: 9, Sum: 19, Workers: 4
[5.992s][debug][gc,phases      ] GC(4)     Total                          Min: 0, Avg: 9024.5, Max: 14210, Diff: 14210, Sum: 36098, Workers: 4
[5.992s][debug][gc,phases      ] GC(4)   ResolvedMethodTable Weak       Min:  0.0, Avg:  0.0, Max:  0.0, Diff:  0.0, Sum:  0.1, Workers: 4
[5.992s][debug][gc,phases      ] GC(4)     Dead                           Min: 0, Avg: 46.0, Max: 88, Diff: 88, Sum: 184, Workers: 4
[5.992s][debug][gc,phases      ] GC(4)     Total                          Min: 0, Avg: 1645.2, Max: 2624, Diff: 2624, Sum: 6581, Workers: 4
[5.992s][debug][gc,phases      ] GC(4)   JNI Weak                       Min:  0.0, Avg:  0.0, Max:  0.0, Diff:  0.0, Sum:  0.0, Workers: 4
[5.992s][debug][gc,phases      ] GC(4)     Dead                           Min: 0, Avg:  0.0, Max: 0, Diff: 0, Sum: 0, Workers: 4
[5.992s][debug][gc,phases      ] GC(4)     Total                          Min: 0, Avg: 11.5, Max: 46, Diff: 46, Sum: 46, Workers: 4
[5.992s][debug][gc,phases      ] GC(4)   StringDedup Table Weak         Min:  0.0, Avg:  0.0, Max:  0.0, Diff:  0.0, Sum:  0.0, Workers: 4
[5.992s][debug][gc,phases      ] GC(4)     Dead                           Min: 0, Avg:  0.0, Max: 0, Diff: 0, Sum: 0, Workers: 4
[5.992s][debug][gc,phases      ] GC(4)     Total                          Min: 0, Avg:  0.0, Max: 0, Diff: 0, Sum: 0, Workers: 4
[5.992s][debug][gc,phases      ] GC(4)   StringDedup Requests0 Weak     Min:  0.0, Avg:  0.0, Max:  0.0, Diff:  0.0, Sum:  0.0, Workers: 4
[5.992s][debug][gc,phases      ] GC(4)     Dead                           Min: 0, Avg:  0.0, Max: 0, Diff: 0, Sum: 0, Workers: 4
[5.992s][debug][gc,phases      ] GC(4)     Total                          Min: 0, Avg:  0.0, Max: 0, Diff: 0, Sum: 0, Workers: 4
[5.992s][debug][gc,phases      ] GC(4)   StringDedup Requests1 Weak     Min:  0.0, Avg:  0.0, Max:  0.0, Diff:  0.0, Sum:  0.0, Workers: 4
[5.992s][debug][gc,phases      ] GC(4)     Dead                           Min: 0, Avg:  0.0, Max: 0, Diff: 0, Sum: 0, Workers: 4
[5.992s][debug][gc,phases      ] GC(4)     Total                          Min: 0, Avg:  0.0, Max: 0, Diff: 0, Sum: 0, Workers: 4
[5.992s][debug][gc,phases      ] GC(4)   Weak JFR Old Object Samples    Min:  0.0, Avg:  0.0, Max:  0.0, Diff:  0.0, Sum:  0.0, Workers: 4
[5.992s][debug][gc,phases      ] GC(4)     Dead                           Min: 0, Avg:  0.0, Max: 0, Diff: 0, Sum: 0, Workers: 4
[5.992s][debug][gc,phases      ] GC(4)     Total                          Min: 0, Avg:  0.0, Max: 0, Diff: 0, Sum: 0, Workers: 4
[5.992s][debug][gc,phases      ] GC(4) Weak Processing 0.347ms
[5.992s][debug][gc,phases      ] GC(4) ClassLoaderData 0.060ms
[5.992s][debug][gc,phases      ] GC(4) Trigger cleanups 0.000ms
[5.999s][debug][gc,phases      ] GC(4) Class Unloading 6.706ms
[5.999s][debug][gc,phases      ] GC(4) Report Object Count 0.001ms
[5.999s][info ][gc,phases      ] GC(4) Marking Phase 62.480ms
[5.999s][info ][gc,phases,start] GC(4) Summary Phase
[5.999s][info ][gc,phases      ] GC(4) Summary Phase 0.010ms
[5.999s][info ][gc,phases,start] GC(4) Adjust Roots
[6.006s][info ][gc,phases      ] GC(4) Adjust Roots 7.137ms
[6.006s][info ][gc,phases,start] GC(4) Compaction Phase
[6.110s][info ][gc,phases      ] GC(4) Compaction Phase 103.476ms
[6.110s][info ][gc,phases,start] GC(4) Post Compact
[6.113s][info ][gc,phases      ] GC(4) Post Compact 3.142ms
[6.113s][info ][gc,heap        ] GC(4) PSYoungGen: 485921K(1572864K)->108135K(1572864K) Eden: 402165K(1048576K)->108135K(1048576K) From: 83755K(524288K)->0K(524288K)
[6.113s][info ][gc,heap        ] GC(4) ParOldGen: 6118K(6144K)->6128K(6144K)
[6.113s][info ][gc,metaspace   ] GC(4) Metaspace: 59039K(59776K)->59039K(59776K) NonClass: 50118K(50496K)->50118K(50496K) Class: 8920K(9280K)->8920K(9280K)
[6.113s][info ][gc             ] GC(4) Pause Full (Metadata GC Threshold) 480M->111M(1542M) 176.356ms
[6.113s][info ][gc,cpu         ] GC(4) User=0.59s Sys=0.03s Real=0.18s
[6.113s][info ][safepoint      ] Safepoint "CollectForMetadataAllocation", Time since last: 96176829 ns, Reaching safepoint: 2900 ns, Cleanup: 49900 ns, At safepoint: 176463238 ns, Total: 176516038 ns
[6.293s][info ][safepoint      ] Safepoint "ICBufferFull", Time since last: 179847063 ns, Reaching safepoint: 75401 ns, Cleanup: 164401 ns, At safepoint: 8800 ns, Total: 248602 ns
[6.563s][info ][safepoint      ] Safepoint "ICBufferFull", Time since last: 270265949 ns, Reaching safepoint: 2900 ns, Cleanup: 152801 ns, At safepoint: 2300 ns, Total: 158001 ns
[7.065s][info ][safepoint      ] Safepoint "ICBufferFull", Time since last: 501649303 ns, Reaching safepoint: 3300 ns, Cleanup: 159402 ns, At safepoint: 4200 ns, Total: 166902 ns
[7.349s][info ][safepoint      ] Safepoint "ICBufferFull", Time since last: 283399448 ns, Reaching safepoint: 2900 ns, Cleanup: 202102 ns, At safepoint: 2900 ns, Total: 207902 ns
[7.639s][info ][safepoint      ] Safepoint "ICBufferFull", Time since last: 289884597 ns, Reaching safepoint: 3900 ns, Cleanup: 168702 ns, At safepoint: 8500 ns, Total: 181102 ns
[7.903s][info ][safepoint      ] Safepoint "ICBufferFull", Time since last: 264069802 ns, Reaching safepoint: 77100 ns, Cleanup: 143601 ns, At safepoint: 6800 ns, Total: 227501 ns
[8.118s][debug][gc,phases      ] GC(5) Pre Compact 0.025ms
[8.118s][info ][gc,start       ] GC(5) Pause Full (Ergonomics)
[8.118s][info ][gc,phases,start] GC(5) Marking Phase
[8.311s][debug][gc,phases      ] GC(5) Par Mark 193.308ms
[8.311s][debug][gc,ref         ] GC(5) Skipped phase 1 of Reference Processing: no references
[8.312s][debug][gc,ref         ] GC(5) ReferenceProcessor::execute queues: 4, RefProcThreadModel::Multi, marks_oops_alive: false
[8.312s][debug][gc,ref         ] GC(5) Skipped phase 3 of Reference Processing: no references
[8.312s][debug][gc,ref         ] GC(5) ReferenceProcessor::execute queues: 2, RefProcThreadModel::Multi, marks_oops_alive: false
[8.312s][debug][gc,phases      ] GC(5) Reference Processing 1.193ms
[8.313s][debug][gc,phases      ] GC(5)   VM Weak                        Min:  0.0, Avg:  0.0, Max:  0.0, Diff:  0.0, Sum:  0.0, Workers: 4
[8.313s][debug][gc,phases      ] GC(5)     Dead                           Min: 0, Avg:  0.0, Max: 0, Diff: 0, Sum: 0, Workers: 4
[8.313s][debug][gc,phases      ] GC(5)     Total                          Min: 0, Avg: 154.8, Max: 256, Diff: 256, Sum: 619, Workers: 4
[8.313s][debug][gc,phases      ] GC(5)   ObjectSynchronizer Weak        Min:  0.0, Avg:  0.0, Max:  0.0, Diff:  0.0, Sum:  0.0, Workers: 4
[8.313s][debug][gc,phases      ] GC(5)     Dead                           Min: 0, Avg:  2.0, Max: 8, Diff: 8, Sum: 8, Workers: 4
[8.313s][debug][gc,phases      ] GC(5)     Total                          Min: 0, Avg: 10.0, Max: 40, Diff: 40, Sum: 40, Workers: 4
[8.313s][debug][gc,phases      ] GC(5)   JVMTI Tag Weak OopStorage      Min:  0.0, Avg:  0.0, Max:  0.0, Diff:  0.0, Sum:  0.0, Workers: 4
[8.313s][debug][gc,phases      ] GC(5)     Dead                           Min: 0, Avg:  0.0, Max: 0, Diff: 0, Sum: 0, Workers: 4
[8.313s][debug][gc,phases      ] GC(5)     Total                          Min: 0, Avg:  0.0, Max: 0, Diff: 0, Sum: 0, Workers: 4
[8.313s][debug][gc,phases      ] GC(5)   StringTable Weak               Min:  0.1, Avg:  0.2, Max:  0.2, Diff:  0.1, Sum:  0.7, Workers: 4
[8.313s][debug][gc,phases      ] GC(5)     Dead                           Min: 0, Avg:  3.2, Max: 6, Diff: 6, Sum: 13, Workers: 4
[8.313s][debug][gc,phases      ] GC(5)     Total                          Min: 2560, Avg: 9842.5, Max: 14858, Diff: 12298, Sum: 39370, Workers: 4
[8.313s][debug][gc,phases      ] GC(5)   ResolvedMethodTable Weak       Min:  0.0, Avg:  0.0, Max:  0.0, Diff:  0.0, Sum:  0.1, Workers: 4
[8.313s][debug][gc,phases      ] GC(5)     Dead                           Min: 0, Avg: 58.5, Max: 121, Diff: 121, Sum: 234, Workers: 4
[8.313s][debug][gc,phases      ] GC(5)     Total                          Min: 640, Avg: 1988.2, Max: 3648, Diff: 3008, Sum: 7953, Workers: 4
[8.313s][debug][gc,phases      ] GC(5)   JNI Weak                       Min:  0.0, Avg:  0.0, Max:  0.0, Diff:  0.0, Sum:  0.0, Workers: 4
[8.313s][debug][gc,phases      ] GC(5)     Dead                           Min: 0, Avg:  0.0, Max: 0, Diff: 0, Sum: 0, Workers: 4
[8.313s][debug][gc,phases      ] GC(5)     Total                          Min: 0, Avg: 22.0, Max: 53, Diff: 53, Sum: 88, Workers: 4
[8.313s][debug][gc,phases      ] GC(5)   StringDedup Table Weak         Min:  0.0, Avg:  0.0, Max:  0.0, Diff:  0.0, Sum:  0.0, Workers: 4
[8.313s][debug][gc,phases      ] GC(5)     Dead                           Min: 0, Avg:  0.0, Max: 0, Diff: 0, Sum: 0, Workers: 4
[8.313s][debug][gc,phases      ] GC(5)     Total                          Min: 0, Avg:  0.0, Max: 0, Diff: 0, Sum: 0, Workers: 4
[8.313s][debug][gc,phases      ] GC(5)   StringDedup Requests0 Weak     Min:  0.0, Avg:  0.0, Max:  0.0, Diff:  0.0, Sum:  0.0, Workers: 4
[8.313s][debug][gc,phases      ] GC(5)     Dead                           Min: 0, Avg:  0.0, Max: 0, Diff: 0, Sum: 0, Workers: 4
[8.313s][debug][gc,phases      ] GC(5)     Total                          Min: 0, Avg:  0.0, Max: 0, Diff: 0, Sum: 0, Workers: 4
[8.313s][debug][gc,phases      ] GC(5)   StringDedup Requests1 Weak     Min:  0.0, Avg:  0.0, Max:  0.0, Diff:  0.0, Sum:  0.0, Workers: 4
[8.313s][debug][gc,phases      ] GC(5)     Dead                           Min: 0, Avg:  0.0, Max: 0, Diff: 0, Sum: 0, Workers: 4
[8.313s][debug][gc,phases      ] GC(5)     Total                          Min: 0, Avg:  0.0, Max: 0, Diff: 0, Sum: 0, Workers: 4
[8.313s][debug][gc,phases      ] GC(5)   Weak JFR Old Object Samples    Min:  0.0, Avg:  0.0, Max:  0.0, Diff:  0.0, Sum:  0.0, Workers: 4
[8.313s][debug][gc,phases      ] GC(5)     Dead                           Min: 0, Avg:  0.0, Max: 0, Diff: 0, Sum: 0, Workers: 4
[8.313s][debug][gc,phases      ] GC(5)     Total                          Min: 0, Avg:  0.0, Max: 0, Diff: 0, Sum: 0, Workers: 4
[8.313s][debug][gc,phases      ] GC(5) Weak Processing 0.399ms
[8.313s][debug][gc,phases      ] GC(5) ClassLoaderData 0.071ms
[8.313s][debug][gc,phases      ] GC(5) Trigger cleanups 0.000ms
[8.320s][debug][gc,phases      ] GC(5) Class Unloading 7.381ms
[8.320s][debug][gc,phases      ] GC(5) Report Object Count 0.001ms
[8.320s][info ][gc,phases      ] GC(5) Marking Phase 202.434ms
[8.320s][info ][gc,phases,start] GC(5) Summary Phase
[8.320s][info ][gc,phases      ] GC(5) Summary Phase 0.019ms
[8.320s][info ][gc,phases,start] GC(5) Adjust Roots
[8.329s][info ][gc,phases      ] GC(5) Adjust Roots 9.264ms
[8.329s][info ][gc,phases,start] GC(5) Compaction Phase
[8.772s][info ][gc,phases      ] GC(5) Compaction Phase 442.830ms
[8.772s][info ][gc,phases,start] GC(5) Post Compact
[8.776s][info ][gc,phases      ] GC(5) Post Compact 4.099ms
[8.776s][info ][gc,heap        ] GC(5) PSYoungGen: 1048576K(1572864K)->358646K(1572864K) Eden: 1048576K(1048576K)->358646K(1048576K) From: 0K(524288K)->0K(524288K)
[8.776s][info ][gc,heap        ] GC(5) ParOldGen: 6128K(6144K)->6090K(18944K)
[8.776s][info ][gc,metaspace   ] GC(5) Metaspace: 69788K(70592K)->69788K(70592K) NonClass: 59330K(59776K)->59330K(59776K) Class: 10458K(10816K)->10458K(10816K)
[8.776s][info ][gc             ] GC(5) Pause Full (Ergonomics) 1029M->356M(1554M) 658.807ms
[8.776s][info ][gc,cpu         ] GC(5) User=2.37s Sys=0.04s Real=0.66s
[8.776s][info ][safepoint      ] Safepoint "ParallelGCFailedAllocation", Time since last: 214150324 ns, Reaching safepoint: 74400 ns, Cleanup: 137701 ns, At safepoint: 658914496 ns, Total: 659126597 ns
[9.099s][info ][safepoint      ] Safepoint "ICBufferFull", Time since last: 322125642 ns, Reaching safepoint: 535604 ns, Cleanup: 207201 ns, At safepoint: 18401 ns, Total: 761206 ns
[9.398s][info ][safepoint      ] Safepoint "ICBufferFull", Time since last: 298067959 ns, Reaching safepoint: 2600 ns, Cleanup: 167401 ns, At safepoint: 1900 ns, Total: 171901 ns
[9.845s][info ][safepoint      ] Safepoint "ICBufferFull", Time since last: 447119490 ns, Reaching safepoint: 69901 ns, Cleanup: 140501 ns, At safepoint: 6700 ns, Total: 217102 ns
[10.238s][info ][safepoint      ] Safepoint "ICBufferFull", Time since last: 392637276 ns, Reaching safepoint: 74101 ns, Cleanup: 167901 ns, At safepoint: 6800 ns, Total: 248802 ns
[10.310s][info ][gc,start       ] GC(6) Pause Young (Allocation Failure)
[10.604s][debug][gc,phases      ] GC(6) Scavenge 293.953ms
[10.604s][debug][gc,ref         ] GC(6) Skipped phase 1 of Reference Processing: no references
[10.604s][debug][gc,ref         ] GC(6) ReferenceProcessor::execute queues: 4, RefProcThreadModel::Multi, marks_oops_alive: false
[10.605s][debug][gc,ref         ] GC(6) Skipped phase 3 of Reference Processing: no references
[10.605s][debug][gc,ref         ] GC(6) ReferenceProcessor::execute queues: 1, RefProcThreadModel::Single, marks_oops_alive: false
[10.605s][debug][gc,phases      ] GC(6) Reference Processing 0.854ms
[10.605s][debug][gc,phases      ] GC(6)   VM Weak                        Min:  0.0, Avg:  0.0, Max:  0.0, Diff:  0.0, Sum:  0.0, Workers: 4
[10.605s][debug][gc,phases      ] GC(6)     Dead                           Min: 0, Avg:  0.0, Max: 0, Diff: 0, Sum: 0, Workers: 4
[10.605s][debug][gc,phases      ] GC(6)     Total                          Min: 0, Avg: 159.2, Max: 445, Diff: 445, Sum: 637, Workers: 4
[10.605s][debug][gc,phases      ] GC(6)   ObjectSynchronizer Weak        Min:  0.0, Avg:  0.0, Max:  0.0, Diff:  0.0, Sum:  0.0, Workers: 4
[10.605s][debug][gc,phases      ] GC(6)     Dead                           Min: 0, Avg:  0.0, Max: 0, Diff: 0, Sum: 0, Workers: 4
[10.605s][debug][gc,phases      ] GC(6)     Total                          Min: 0, Avg: 11.0, Max: 44, Diff: 44, Sum: 44, Workers: 4
[10.605s][debug][gc,phases      ] GC(6)   JVMTI Tag Weak OopStorage      Min:  0.0, Avg:  0.0, Max:  0.0, Diff:  0.0, Sum:  0.0, Workers: 4
[10.605s][debug][gc,phases      ] GC(6)     Dead                           Min: 0, Avg:  0.0, Max: 0, Diff: 0, Sum: 0, Workers: 4
[10.605s][debug][gc,phases      ] GC(6)     Total                          Min: 0, Avg:  0.0, Max: 0, Diff: 0, Sum: 0, Workers: 4
[10.605s][debug][gc,phases      ] GC(6)   StringTable Weak               Min:  0.1, Avg:  0.3, Max:  0.3, Diff:  0.2, Sum:  1.0, Workers: 4
[10.605s][debug][gc,phases      ] GC(6)     Dead                           Min: 0, Avg:  1.2, Max: 4, Diff: 4, Sum: 5, Workers: 4
[10.605s][debug][gc,phases      ] GC(6)     Total                          Min: 4578, Avg: 9912.5, Max: 17280, Diff: 12702, Sum: 39650, Workers: 4
[10.605s][debug][gc,phases      ] GC(6)   ResolvedMethodTable Weak       Min:  0.0, Avg:  0.1, Max:  0.1, Diff:  0.0, Sum:  0.3, Workers: 4
[10.605s][debug][gc,phases      ] GC(6)     Dead                           Min: 0, Avg:  9.8, Max: 30, Diff: 30, Sum: 39, Workers: 4
[10.605s][debug][gc,phases      ] GC(6)     Total                          Min: 640, Avg: 2050.2, Max: 3968, Diff: 3328, Sum: 8201, Workers: 4
[10.605s][debug][gc,phases      ] GC(6)   JNI Weak                       Min:  0.0, Avg:  0.0, Max:  0.0, Diff:  0.0, Sum:  0.0, Workers: 4
[10.605s][debug][gc,phases      ] GC(6)     Dead                           Min: 0, Avg:  0.0, Max: 0, Diff: 0, Sum: 0, Workers: 4
[10.605s][debug][gc,phases      ] GC(6)     Total                          Min: 0, Avg: 17.8, Max: 66, Diff: 66, Sum: 71, Workers: 4
[10.605s][debug][gc,phases      ] GC(6)   StringDedup Table Weak         Min:  0.0, Avg:  0.0, Max:  0.0, Diff:  0.0, Sum:  0.0, Workers: 4
[10.605s][debug][gc,phases      ] GC(6)     Dead                           Min: 0, Avg:  0.0, Max: 0, Diff: 0, Sum: 0, Workers: 4
[10.605s][debug][gc,phases      ] GC(6)     Total                          Min: 0, Avg:  0.0, Max: 0, Diff: 0, Sum: 0, Workers: 4
[10.605s][debug][gc,phases      ] GC(6)   StringDedup Requests0 Weak     Min:  0.0, Avg:  0.0, Max:  0.0, Diff:  0.0, Sum:  0.0, Workers: 4
[10.605s][debug][gc,phases      ] GC(6)     Dead                           Min: 0, Avg:  0.0, Max: 0, Diff: 0, Sum: 0, Workers: 4
[10.605s][debug][gc,phases      ] GC(6)     Total                          Min: 0, Avg:  0.0, Max: 0, Diff: 0, Sum: 0, Workers: 4
[10.605s][debug][gc,phases      ] GC(6)   StringDedup Requests1 Weak     Min:  0.0, Avg:  0.0, Max:  0.0, Diff:  0.0, Sum:  0.0, Workers: 4
[10.605s][debug][gc,phases      ] GC(6)     Dead                           Min: 0, Avg:  0.0, Max: 0, Diff: 0, Sum: 0, Workers: 4
[10.605s][debug][gc,phases      ] GC(6)     Total                          Min: 0, Avg:  0.0, Max: 0, Diff: 0, Sum: 0, Workers: 4
[10.605s][debug][gc,phases      ] GC(6)   Weak JFR Old Object Samples    Min:  0.0, Avg:  0.0, Max:  0.0, Diff:  0.0, Sum:  0.0, Workers: 4
[10.605s][debug][gc,phases      ] GC(6)     Dead                           Min: 0, Avg:  0.0, Max: 0, Diff: 0, Sum: 0, Workers: 4
[10.605s][debug][gc,phases      ] GC(6)     Total                          Min: 0, Avg:  0.0, Max: 0, Diff: 0, Sum: 0, Workers: 4
[10.605s][debug][gc,phases      ] GC(6) Weak Processing 0.537ms
[10.605s][debug][gc,age         ] GC(6) Desired survivor size 536870912 bytes, new threshold 7 (max threshold 15)
[10.605s][info ][gc,heap        ] GC(6) PSYoungGen: 1048576K(1572864K)->495180K(1572864K) Eden: 1048576K(1048576K)->0K(1048576K) From: 0K(524288K)->495180K(524288K)
[10.605s][info ][gc,heap        ] GC(6) ParOldGen: 6090K(18944K)->6130K(18944K)
[10.605s][info ][gc,metaspace   ] GC(6) Metaspace: 70937K(71744K)->70937K(71744K) NonClass: 60328K(60800K)->60328K(60800K) Class: 10608K(10944K)->10608K(10944K)
[10.605s][info ][gc             ] GC(6) Pause Young (Allocation Failure) 1029M->489M(1554M) 295.462ms
[10.605s][info ][gc,cpu         ] GC(6) User=0.87s Sys=0.19s Real=0.30s
[10.605s][info ][safepoint      ] Safepoint "ParallelGCFailedAllocation", Time since last: 71745044 ns, Reaching safepoint: 56901 ns, Cleanup: 40000 ns, At safepoint: 295534340 ns, Total: 295631241 ns
[11.262s][info ][safepoint      ] Safepoint "ICBufferFull", Time since last: 656830080 ns, Reaching safepoint: 84401 ns, Cleanup: 144201 ns, At safepoint: 22100 ns, Total: 250702 ns
[11.771s][info ][safepoint      ] Safepoint "ICBufferFull", Time since last: 508746857 ns, Reaching safepoint: 3900 ns, Cleanup: 157401 ns, At safepoint: 11000 ns, Total: 172301 ns
[11.925s][info ][safepoint      ] Safepoint "ICBufferFull", Time since last: 153662265 ns, Reaching safepoint: 2700 ns, Cleanup: 153501 ns, At safepoint: 2800 ns, Total: 159001 ns
[12.215s][info ][safepoint      ] Safepoint "ICBufferFull", Time since last: 290138400 ns, Reaching safepoint: 3700 ns, Cleanup: 141801 ns, At safepoint: 7800 ns, Total: 153301 ns
[12.363s][info ][safepoint      ] Safepoint "ICBufferFull", Time since last: 147937321 ns, Reaching safepoint: 3900 ns, Cleanup: 188402 ns, At safepoint: 7000 ns, Total: 199302 ns
[12.364s][info ][safepoint      ] Safepoint "ICBufferFull", Time since last: 68700 ns, Reaching safepoint: 73001 ns, Cleanup: 23100 ns, At safepoint: 29200 ns, Total: 125301 ns
[12.615s][info ][safepoint      ] Safepoint "ICBufferFull", Time since last: 251149504 ns, Reaching safepoint: 3700 ns, Cleanup: 175802 ns, At safepoint: 7600 ns, Total: 187102 ns
[13.615s][info ][safepoint      ] Safepoint "Cleanup", Time since last: 1000078192 ns, Reaching safepoint: 4000 ns, Cleanup: 150201 ns, At safepoint: 3600 ns, Total: 157801 ns
[14.615s][info ][safepoint      ] Safepoint "Cleanup", Time since last: 1000067194 ns, Reaching safepoint: 4000 ns, Cleanup: 83700 ns, At safepoint: 2900 ns, Total: 90600 ns
[15.616s][info ][safepoint      ] Safepoint "Cleanup", Time since last: 1000115294 ns, Reaching safepoint: 4900 ns, Cleanup: 98201 ns, At safepoint: 7800 ns, Total: 110901 ns
[15.762s][info ][safepoint      ] Safepoint "ICBufferFull", Time since last: 146473512 ns, Reaching safepoint: 4300 ns, Cleanup: 150701 ns, At safepoint: 2700 ns, Total: 157701 ns
[15.885s][info ][safepoint      ] Safepoint "ICBufferFull", Time since last: 122674232 ns, Reaching safepoint: 75700 ns, Cleanup: 152901 ns, At safepoint: 11201 ns, Total: 239802 ns
[15.955s][info ][safepoint      ] Safepoint "ICBufferFull", Time since last: 69238825 ns, Reaching safepoint: 4200 ns, Cleanup: 146501 ns, At safepoint: 8400 ns, Total: 159101 ns
[15.955s][info ][safepoint      ] Safepoint "ICBufferFull", Time since last: 60101 ns, Reaching safepoint: 69900 ns, Cleanup: 18001 ns, At safepoint: 6900 ns, Total: 94801 ns
[15.986s][info ][safepoint      ] Safepoint "ICBufferFull", Time since last: 30989635 ns, Reaching safepoint: 3800 ns, Cleanup: 159601 ns, At safepoint: 8600 ns, Total: 172001 ns
[16.065s][info ][safepoint      ] Safepoint "ICBufferFull", Time since last: 78512596 ns, Reaching safepoint: 78001 ns, Cleanup: 166401 ns, At safepoint: 2600 ns, Total: 247002 ns
[16.298s][info ][safepoint      ] Safepoint "ICBufferFull", Time since last: 232782168 ns, Reaching safepoint: 39200 ns, Cleanup: 162701 ns, At safepoint: 9100 ns, Total: 211001 ns
[16.569s][info ][safepoint      ] Safepoint "ICBufferFull", Time since last: 271267360 ns, Reaching safepoint: 74001 ns, Cleanup: 179901 ns, At safepoint: 6100 ns, Total: 260002 ns
[16.922s][info ][safepoint      ] Safepoint "ParallelGCFailedAllocation", Time since last: 352410876 ns, Reaching safepoint: 3800 ns, Cleanup: 93501 ns, At safepoint: 10700 ns, Total: 108001 ns
[16.922s][info ][gc,start       ] GC(7) Pause Young (GCLocker Initiated GC)
[17.032s][debug][gc,phases      ] GC(7) Scavenge 109.763ms
[17.032s][debug][gc,ref         ] GC(7) Skipped phase 1 of Reference Processing: no references
[17.032s][debug][gc,ref         ] GC(7) ReferenceProcessor::execute queues: 4, RefProcThreadModel::Multi, marks_oops_alive: false
[17.033s][debug][gc,ref         ] GC(7) ReferenceProcessor::execute queues: 4, RefProcThreadModel::Multi, marks_oops_alive: true
[17.033s][debug][gc,ref         ] GC(7) ReferenceProcessor::execute queues: 1, RefProcThreadModel::Single, marks_oops_alive: false
[17.033s][debug][gc,phases      ] GC(7) Reference Processing 1.173ms
[17.033s][debug][gc,phases      ] GC(7)   VM Weak                        Min:  0.0, Avg:  0.0, Max:  0.0, Diff:  0.0, Sum:  0.0, Workers: 4
[17.033s][debug][gc,phases      ] GC(7)     Dead                           Min: 0, Avg:  0.0, Max: 0, Diff: 0, Sum: 0, Workers: 4
[17.033s][debug][gc,phases      ] GC(7)     Total                          Min: 0, Avg: 171.5, Max: 430, Diff: 430, Sum: 686, Workers: 4
[17.033s][debug][gc,phases      ] GC(7)   ObjectSynchronizer Weak        Min:  0.0, Avg:  0.0, Max:  0.0, Diff:  0.0, Sum:  0.0, Workers: 4
[17.033s][debug][gc,phases      ] GC(7)     Dead                           Min: 0, Avg:  0.2, Max: 1, Diff: 1, Sum: 1, Workers: 4
[17.033s][debug][gc,phases      ] GC(7)     Total                          Min: 0, Avg: 11.8, Max: 47, Diff: 47, Sum: 47, Workers: 4
[17.033s][debug][gc,phases      ] GC(7)   JVMTI Tag Weak OopStorage      Min:  0.0, Avg:  0.0, Max:  0.0, Diff:  0.0, Sum:  0.0, Workers: 4
[17.033s][debug][gc,phases      ] GC(7)     Dead                           Min: 0, Avg:  0.0, Max: 0, Diff: 0, Sum: 0, Workers: 4
[17.033s][debug][gc,phases      ] GC(7)     Total                          Min: 0, Avg:  0.0, Max: 0, Diff: 0, Sum: 0, Workers: 4
[17.033s][debug][gc,phases      ] GC(7)   StringTable Weak               Min:  0.0, Avg:  0.3, Max:  0.4, Diff:  0.4, Sum:  1.1, Workers: 4
[17.033s][debug][gc,phases      ] GC(7)     Dead                           Min: 0, Avg:  3.2, Max: 8, Diff: 8, Sum: 13, Workers: 4
[17.033s][debug][gc,phases      ] GC(7)     Total                          Min: 0, Avg: 10416.0, Max: 14912, Diff: 14912, Sum: 41664, Workers: 4
[17.033s][debug][gc,phases      ] GC(7)   ResolvedMethodTable Weak       Min:  0.0, Avg:  0.1, Max:  0.1, Diff:  0.1, Sum:  0.3, Workers: 4
[17.033s][debug][gc,phases      ] GC(7)     Dead                           Min: 0, Avg: 46.0, Max: 95, Diff: 95, Sum: 184, Workers: 4
[17.033s][debug][gc,phases      ] GC(7)     Total                          Min: 0, Avg: 2291.2, Max: 3136, Diff: 3136, Sum: 9165, Workers: 4
[17.033s][debug][gc,phases      ] GC(7)   JNI Weak                       Min:  0.0, Avg:  0.0, Max:  0.0, Diff:  0.0, Sum:  0.0, Workers: 4
[17.033s][debug][gc,phases      ] GC(7)     Dead                           Min: 0, Avg:  0.0, Max: 0, Diff: 0, Sum: 0, Workers: 4
[17.034s][debug][gc,phases      ] GC(7)     Total                          Min: 0, Avg: 29.5, Max: 65, Diff: 65, Sum: 118, Workers: 4
[17.034s][debug][gc,phases      ] GC(7)   StringDedup Table Weak         Min:  0.0, Avg:  0.0, Max:  0.0, Diff:  0.0, Sum:  0.0, Workers: 4
[17.034s][debug][gc,phases      ] GC(7)     Dead                           Min: 0, Avg:  0.0, Max: 0, Diff: 0, Sum: 0, Workers: 4
[17.034s][debug][gc,phases      ] GC(7)     Total                          Min: 0, Avg:  0.0, Max: 0, Diff: 0, Sum: 0, Workers: 4
[17.034s][debug][gc,phases      ] GC(7)   StringDedup Requests0 Weak     Min:  0.0, Avg:  0.0, Max:  0.0, Diff:  0.0, Sum:  0.0, Workers: 4
[17.034s][debug][gc,phases      ] GC(7)     Dead                           Min: 0, Avg:  0.0, Max: 0, Diff: 0, Sum: 0, Workers: 4
[17.034s][debug][gc,phases      ] GC(7)     Total                          Min: 0, Avg:  0.0, Max: 0, Diff: 0, Sum: 0, Workers: 4
[17.034s][debug][gc,phases      ] GC(7)   StringDedup Requests1 Weak     Min:  0.0, Avg:  0.0, Max:  0.0, Diff:  0.0, Sum:  0.0, Workers: 4
[17.034s][debug][gc,phases      ] GC(7)     Dead                           Min: 0, Avg:  0.0, Max: 0, Diff: 0, Sum: 0, Workers: 4
[17.034s][debug][gc,phases      ] GC(7)     Total                          Min: 0, Avg:  0.0, Max: 0, Diff: 0, Sum: 0, Workers: 4
[17.034s][debug][gc,phases      ] GC(7)   Weak JFR Old Object Samples    Min:  0.0, Avg:  0.0, Max:  0.0, Diff:  0.0, Sum:  0.0, Workers: 4
[17.034s][debug][gc,phases      ] GC(7)     Dead                           Min: 0, Avg:  0.0, Max: 0, Diff: 0, Sum: 0, Workers: 4
[17.034s][debug][gc,phases      ] GC(7)     Total                          Min: 0, Avg:  0.0, Max: 0, Diff: 0, Sum: 0, Workers: 4
[17.034s][debug][gc,phases      ] GC(7) Weak Processing 0.626ms
[17.034s][debug][gc,age         ] GC(7) Desired survivor size 536870912 bytes, new threshold 7 (max threshold 15)
[17.034s][info ][gc,heap        ] GC(7) PSYoungGen: 1543756K(1572864K)->228328K(1572864K) Eden: 1048576K(1048576K)->0K(1048576K) From: 495180K(524288K)->228328K(524288K)
[17.034s][info ][gc,heap        ] GC(7) ParOldGen: 6146K(18944K)->6170K(18944K)
[17.034s][info ][gc,metaspace   ] GC(7) Metaspace: 78231K(79104K)->78231K(79104K) NonClass: 66575K(67008K)->66575K(67008K) Class: 11655K(12096K)->11655K(12096K)
[17.034s][info ][gc             ] GC(7) Pause Young (GCLocker Initiated GC) 1513M->229M(1554M) 111.656ms
[17.034s][info ][gc,cpu         ] GC(7) User=0.34s Sys=0.06s Real=0.12s
[17.034s][info ][safepoint      ] Safepoint "ParallelGCSystemGC", Time since last: 66100 ns, Reaching safepoint: 147401 ns, Cleanup: 22201 ns, At safepoint: 111722248 ns, Total: 111891850 ns
[17.521s][info ][safepoint      ] Safepoint "ICBufferFull", Time since last: 487619102 ns, Reaching safepoint: 4800 ns, Cleanup: 138701 ns, At safepoint: 5500 ns, Total: 149001 ns
[18.522s][info ][safepoint      ] Safepoint "Cleanup", Time since last: 1000117994 ns, Reaching safepoint: 5300 ns, Cleanup: 143601 ns, At safepoint: 7800 ns, Total: 156701 ns
[19.522s][info ][safepoint      ] Safepoint "Cleanup", Time since last: 1000102094 ns, Reaching safepoint: 5500 ns, Cleanup: 116101 ns, At safepoint: 5800 ns, Total: 127401 ns
[20.066s][info ][safepoint      ] Safepoint "ICBufferFull", Time since last: 543652228 ns, Reaching safepoint: 4600 ns, Cleanup: 204402 ns, At safepoint: 3100 ns, Total: 212102 ns
[21.108s][info ][safepoint      ] Safepoint "Cleanup", Time since last: 1042007919 ns, Reaching safepoint: 5100 ns, Cleanup: 134501 ns, At safepoint: 6200 ns, Total: 145801 ns
[22.108s][info ][safepoint      ] Safepoint "Cleanup", Time since last: 1000108612 ns, Reaching safepoint: 4800 ns, Cleanup: 81301 ns, At safepoint: 2200 ns, Total: 88301 ns
[23.108s][info ][safepoint      ] Safepoint "Cleanup", Time since last: 1000093912 ns, Reaching safepoint: 4901 ns, Cleanup: 90600 ns, At safepoint: 5600 ns, Total: 101101 ns
[24.109s][info ][safepoint      ] Safepoint "Cleanup", Time since last: 1000106713 ns, Reaching safepoint: 6000 ns, Cleanup: 84100 ns, At safepoint: 6001 ns, Total: 96101 ns
[25.109s][info ][safepoint      ] Safepoint "Cleanup", Time since last: 1000096012 ns, Reaching safepoint: 5700 ns, Cleanup: 105101 ns, At safepoint: 5200 ns, Total: 116001 ns
[26.109s][info ][safepoint      ] Safepoint "Cleanup", Time since last: 1000116013 ns, Reaching safepoint: 6300 ns, Cleanup: 77100 ns, At safepoint: 3200 ns, Total: 86600 ns
[27.109s][info ][safepoint      ] Safepoint "Cleanup", Time since last: 1000106113 ns, Reaching safepoint: 5600 ns, Cleanup: 55400 ns, At safepoint: 5000 ns, Total: 66000 ns
[28.109s][info ][safepoint      ] Safepoint "Cleanup", Time since last: 1000100813 ns, Reaching safepoint: 4500 ns, Cleanup: 54800 ns, At safepoint: 2100 ns, Total: 61400 ns
[29.109s][info ][safepoint      ] Safepoint "Cleanup", Time since last: 1000105810 ns, Reaching safepoint: 7700 ns, Cleanup: 71400 ns, At safepoint: 2500 ns, Total: 81600 ns
[30.110s][info ][safepoint      ] Safepoint "Cleanup", Time since last: 1000101104 ns, Reaching safepoint: 6900 ns, Cleanup: 55701 ns, At safepoint: 5100 ns, Total: 67701 ns
[31.110s][info ][safepoint      ] Safepoint "Cleanup", Time since last: 1000100304 ns, Reaching safepoint: 4400 ns, Cleanup: 62800 ns, At safepoint: 6500 ns, Total: 73700 ns
[31.712s][info ][gc,start       ] GC(8) Pause Young (Allocation Failure)
[31.788s][debug][gc,phases      ] GC(8) Scavenge 76.163ms
[31.788s][debug][gc,ref         ] GC(8) Skipped phase 1 of Reference Processing: no references
[31.788s][debug][gc,ref         ] GC(8) ReferenceProcessor::execute queues: 4, RefProcThreadModel::Multi, marks_oops_alive: false
[31.788s][debug][gc,ref         ] GC(8) ReferenceProcessor::execute queues: 4, RefProcThreadModel::Multi, marks_oops_alive: true
[31.789s][debug][gc,ref         ] GC(8) ReferenceProcessor::execute queues: 1, RefProcThreadModel::Single, marks_oops_alive: false
[31.789s][debug][gc,phases      ] GC(8) Reference Processing 0.783ms
[31.789s][debug][gc,phases      ] GC(8)   VM Weak                        Min:  0.0, Avg:  0.0, Max:  0.0, Diff:  0.0, Sum:  0.0, Workers: 4
[31.789s][debug][gc,phases      ] GC(8)     Dead                           Min: 0, Avg:  0.0, Max: 0, Diff: 0, Sum: 0, Workers: 4
[31.789s][debug][gc,phases      ] GC(8)     Total                          Min: 0, Avg: 171.5, Max: 430, Diff: 430, Sum: 686, Workers: 4
[31.789s][debug][gc,phases      ] GC(8)   ObjectSynchronizer Weak        Min:  0.0, Avg:  0.0, Max:  0.0, Diff:  0.0, Sum:  0.0, Workers: 4
[31.789s][debug][gc,phases      ] GC(8)     Dead                           Min: 0, Avg:  0.0, Max: 0, Diff: 0, Sum: 0, Workers: 4
[31.789s][debug][gc,phases      ] GC(8)     Total                          Min: 0, Avg: 11.8, Max: 47, Diff: 47, Sum: 47, Workers: 4
[31.789s][debug][gc,phases      ] GC(8)   JVMTI Tag Weak OopStorage      Min:  0.0, Avg:  0.0, Max:  0.0, Diff:  0.0, Sum:  0.0, Workers: 4
[31.789s][debug][gc,phases      ] GC(8)     Dead                           Min: 0, Avg:  0.0, Max: 0, Diff: 0, Sum: 0, Workers: 4
[31.789s][debug][gc,phases      ] GC(8)     Total                          Min: 0, Avg:  0.0, Max: 0, Diff: 0, Sum: 0, Workers: 4
[31.789s][debug][gc,phases      ] GC(8)   StringTable Weak               Min:  0.0, Avg:  0.2, Max:  0.3, Diff:  0.3, Sum:  1.0, Workers: 4
[31.789s][debug][gc,phases      ] GC(8)     Dead                           Min: 0, Avg:  0.5, Max: 2, Diff: 2, Sum: 2, Workers: 4
[31.789s][debug][gc,phases      ] GC(8)     Total                          Min: 0, Avg: 10508.5, Max: 19186, Diff: 19186, Sum: 42034, Workers: 4
[31.789s][debug][gc,phases      ] GC(8)   ResolvedMethodTable Weak       Min:  0.0, Avg:  0.1, Max:  0.1, Diff:  0.1, Sum:  0.2, Workers: 4
[31.789s][debug][gc,phases      ] GC(8)     Dead                           Min: 0, Avg:  0.0, Max: 0, Diff: 0, Sum: 0, Workers: 4
[31.789s][debug][gc,phases      ] GC(8)     Total                          Min: 0, Avg: 2293.5, Max: 4054, Diff: 4054, Sum: 9174, Workers: 4
[31.789s][debug][gc,phases      ] GC(8)   JNI Weak                       Min:  0.0, Avg:  0.0, Max:  0.0, Diff:  0.0, Sum:  0.0, Workers: 4
[31.789s][debug][gc,phases      ] GC(8)     Dead                           Min: 0, Avg:  0.0, Max: 0, Diff: 0, Sum: 0, Workers: 4
[31.789s][debug][gc,phases      ] GC(8)     Total                          Min: 0, Avg: 11.8, Max: 47, Diff: 47, Sum: 47, Workers: 4
[31.789s][debug][gc,phases      ] GC(8)   StringDedup Table Weak         Min:  0.0, Avg:  0.0, Max:  0.0, Diff:  0.0, Sum:  0.0, Workers: 4
[31.789s][debug][gc,phases      ] GC(8)     Dead                           Min: 0, Avg:  0.0, Max: 0, Diff: 0, Sum: 0, Workers: 4
[31.789s][debug][gc,phases      ] GC(8)     Total                          Min: 0, Avg:  0.0, Max: 0, Diff: 0, Sum: 0, Workers: 4
[31.789s][debug][gc,phases      ] GC(8)   StringDedup Requests0 Weak     Min:  0.0, Avg:  0.0, Max:  0.0, Diff:  0.0, Sum:  0.0, Workers: 4
[31.789s][debug][gc,phases      ] GC(8)     Dead                           Min: 0, Avg:  0.0, Max: 0, Diff: 0, Sum: 0, Workers: 4
[31.789s][debug][gc,phases      ] GC(8)     Total                          Min: 0, Avg:  0.0, Max: 0, Diff: 0, Sum: 0, Workers: 4
[31.789s][debug][gc,phases      ] GC(8)   StringDedup Requests1 Weak     Min:  0.0, Avg:  0.0, Max:  0.0, Diff:  0.0, Sum:  0.0, Workers: 4
[31.789s][debug][gc,phases      ] GC(8)     Dead                           Min: 0, Avg:  0.0, Max: 0, Diff: 0, Sum: 0, Workers: 4
[31.789s][debug][gc,phases      ] GC(8)     Total                          Min: 0, Avg:  0.0, Max: 0, Diff: 0, Sum: 0, Workers: 4
[31.789s][debug][gc,phases      ] GC(8)   Weak JFR Old Object Samples    Min:  0.0, Avg:  0.0, Max:  0.0, Diff:  0.0, Sum:  0.0, Workers: 4
[31.789s][debug][gc,phases      ] GC(8)     Dead                           Min: 0, Avg:  0.0, Max: 0, Diff: 0, Sum: 0, Workers: 4
[31.789s][debug][gc,phases      ] GC(8)     Total                          Min: 0, Avg:  0.0, Max: 0, Diff: 0, Sum: 0, Workers: 4
[31.789s][debug][gc,phases      ] GC(8) Weak Processing 0.573ms
[31.789s][debug][gc,age         ] GC(8) Desired survivor size 434110464 bytes, new threshold 8 (max threshold 15)
[31.789s][info ][gc,heap        ] GC(8) PSYoungGen: 1276904K(1572864K)->228064K(1673216K) Eden: 1048576K(1048576K)->0K(1148928K) From: 228328K(524288K)->228064K(524288K)
[31.789s][info ][gc,heap        ] GC(8) ParOldGen: 6172K(18944K)->6188K(18944K)
[31.789s][info ][gc,metaspace   ] GC(8) Metaspace: 78947K(79872K)->78947K(79872K) NonClass: 67284K(67776K)->67284K(67776K) Class: 11663K(12096K)->11663K(12096K)
[31.789s][info ][gc             ] GC(8) Pause Young (Allocation Failure) 1253M->228M(1652M) 77.635ms
[31.789s][info ][gc,cpu         ] GC(8) User=0.28s Sys=0.00s Real=0.07s
[31.789s][info ][safepoint      ] Safepoint "ParallelGCFailedAllocation", Time since last: 601695675 ns, Reaching safepoint: 4400 ns, Cleanup: 42200 ns, At safepoint: 77703391 ns, Total: 77749991 ns
[33.615s][info ][safepoint      ] Safepoint "Cleanup", Time since last: 1825476679 ns, Reaching safepoint: 72201 ns, Cleanup: 183401 ns, At safepoint: 5000 ns, Total: 260602 ns
[34.615s][info ][safepoint      ] Safepoint "Cleanup", Time since last: 1000107904 ns, Reaching safepoint: 4001 ns, Cleanup: 37400 ns, At safepoint: 5600 ns, Total: 47001 ns
[35.615s][info ][safepoint      ] Safepoint "Cleanup", Time since last: 1000096004 ns, Reaching safepoint: 3700 ns, Cleanup: 58100 ns, At safepoint: 2500 ns, Total: 64300 ns
[36.615s][info ][safepoint      ] Safepoint "Cleanup", Time since last: 1000116004 ns, Reaching safepoint: 4100 ns, Cleanup: 53801 ns, At safepoint: 2100 ns, Total: 60001 ns
[38.616s][info ][safepoint      ] Safepoint "Cleanup", Time since last: 2000165384 ns, Reaching safepoint: 4400 ns, Cleanup: 43300 ns, At safepoint: 2600 ns, Total: 50300 ns
[39.616s][info ][safepoint      ] Safepoint "Cleanup", Time since last: 1000093598 ns, Reaching safepoint: 3800 ns, Cleanup: 52801 ns, At safepoint: 1700 ns, Total: 58301 ns
[40.616s][info ][safepoint      ] Safepoint "Cleanup", Time since last: 1000101498 ns, Reaching safepoint: 4700 ns, Cleanup: 55100 ns, At safepoint: 4900 ns, Total: 64700 ns
[41.616s][info ][safepoint      ] Safepoint "Cleanup", Time since last: 1000100698 ns, Reaching safepoint: 4100 ns, Cleanup: 47301 ns, At safepoint: 4300 ns, Total: 55701 ns
[42.616s][info ][safepoint      ] Safepoint "Cleanup", Time since last: 1000084297 ns, Reaching safepoint: 4200 ns, Cleanup: 35801 ns, At safepoint: 3300 ns, Total: 43301 ns
[43.616s][info ][safepoint      ] Safepoint "Cleanup", Time since last: 1000076497 ns, Reaching safepoint: 4501 ns, Cleanup: 31900 ns, At safepoint: 3400 ns, Total: 39801 ns
[44.617s][info ][safepoint      ] Safepoint "Cleanup", Time since last: 1000088698 ns, Reaching safepoint: 4300 ns, Cleanup: 39600 ns, At safepoint: 2100 ns, Total: 46000 ns
[45.617s][info ][safepoint      ] Safepoint "Cleanup", Time since last: 1000098016 ns, Reaching safepoint: 5200 ns, Cleanup: 46901 ns, At safepoint: 2600 ns, Total: 54701 ns
[46.617s][info ][safepoint      ] Safepoint "Cleanup", Time since last: 1000102504 ns, Reaching safepoint: 5600 ns, Cleanup: 46301 ns, At safepoint: 5700 ns, Total: 57601 ns
[47.617s][info ][safepoint      ] Safepoint "Cleanup", Time since last: 1000104004 ns, Reaching safepoint: 4800 ns, Cleanup: 43000 ns, At safepoint: 4200 ns, Total: 52000 ns
[48.617s][info ][safepoint      ] Safepoint "Cleanup", Time since last: 1000083505 ns, Reaching safepoint: 4400 ns, Cleanup: 38100 ns, At safepoint: 2100 ns, Total: 44600 ns
[49.012s][info ][gc,start       ] GC(9) Pause Young (Allocation Failure)
[49.100s][debug][gc,phases      ] GC(9) Scavenge 88.205ms
[49.100s][debug][gc,ref         ] GC(9) Skipped phase 1 of Reference Processing: no references
[49.100s][debug][gc,ref         ] GC(9) ReferenceProcessor::execute queues: 4, RefProcThreadModel::Multi, marks_oops_alive: false
[49.100s][debug][gc,ref         ] GC(9) Skipped phase 3 of Reference Processing: no references
[49.100s][debug][gc,ref         ] GC(9) ReferenceProcessor::execute queues: 1, RefProcThreadModel::Single, marks_oops_alive: false
[49.100s][debug][gc,phases      ] GC(9) Reference Processing 0.656ms
[49.101s][debug][gc,phases      ] GC(9)   VM Weak                        Min:  0.0, Avg:  0.0, Max:  0.0, Diff:  0.0, Sum:  0.0, Workers: 4
[49.101s][debug][gc,phases      ] GC(9)     Dead                           Min: 0, Avg:  0.0, Max: 0, Diff: 0, Sum: 0, Workers: 4
[49.101s][debug][gc,phases      ] GC(9)     Total                          Min: 64, Avg: 171.5, Max: 320, Diff: 256, Sum: 686, Workers: 4
[49.101s][debug][gc,phases      ] GC(9)   ObjectSynchronizer Weak        Min:  0.0, Avg:  0.0, Max:  0.0, Diff:  0.0, Sum:  0.0, Workers: 4
[49.101s][debug][gc,phases      ] GC(9)     Dead                           Min: 0, Avg:  0.0, Max: 0, Diff: 0, Sum: 0, Workers: 4
[49.101s][debug][gc,phases      ] GC(9)     Total                          Min: 0, Avg: 11.8, Max: 47, Diff: 47, Sum: 47, Workers: 4
[49.101s][debug][gc,phases      ] GC(9)   JVMTI Tag Weak OopStorage      Min:  0.0, Avg:  0.0, Max:  0.0, Diff:  0.0, Sum:  0.0, Workers: 4
[49.101s][debug][gc,phases      ] GC(9)     Dead                           Min: 0, Avg:  0.0, Max: 0, Diff: 0, Sum: 0, Workers: 4
[49.101s][debug][gc,phases      ] GC(9)     Total                          Min: 0, Avg:  0.0, Max: 0, Diff: 0, Sum: 0, Workers: 4
[49.101s][debug][gc,phases      ] GC(9)   StringTable Weak               Min:  0.3, Avg:  0.3, Max:  0.3, Diff:  0.0, Sum:  1.1, Workers: 4
[49.101s][debug][gc,phases      ] GC(9)     Dead                           Min: 0, Avg:  0.0, Max: 0, Diff: 0, Sum: 0, Workers: 4
[49.101s][debug][gc,phases      ] GC(9)     Total                          Min: 9472, Avg: 10557.5, Max: 11382, Diff: 1910, Sum: 42230, Workers: 4
[49.101s][debug][gc,phases      ] GC(9)   ResolvedMethodTable Weak       Min:  0.1, Avg:  0.1, Max:  0.1, Diff:  0.0, Sum:  0.3, Workers: 4
[49.101s][debug][gc,phases      ] GC(9)     Dead                           Min: 0, Avg:  0.0, Max: 0, Diff: 0, Sum: 0, Workers: 4
[49.101s][debug][gc,phases      ] GC(9)     Total                          Min: 1984, Avg: 2293.5, Max: 2432, Diff: 448, Sum: 9174, Workers: 4
[49.101s][debug][gc,phases      ] GC(9)   JNI Weak                       Min:  0.0, Avg:  0.0, Max:  0.0, Diff:  0.0, Sum:  0.0, Workers: 4
[49.101s][debug][gc,phases      ] GC(9)     Dead                           Min: 0, Avg:  0.0, Max: 0, Diff: 0, Sum: 0, Workers: 4
[49.101s][debug][gc,phases      ] GC(9)     Total                          Min: 0, Avg: 11.2, Max: 45, Diff: 45, Sum: 45, Workers: 4
[49.101s][debug][gc,phases      ] GC(9)   StringDedup Table Weak         Min:  0.0, Avg:  0.0, Max:  0.0, Diff:  0.0, Sum:  0.0, Workers: 4
[49.101s][debug][gc,phases      ] GC(9)     Dead                           Min: 0, Avg:  0.0, Max: 0, Diff: 0, Sum: 0, Workers: 4
[49.101s][debug][gc,phases      ] GC(9)     Total                          Min: 0, Avg:  0.0, Max: 0, Diff: 0, Sum: 0, Workers: 4
[49.101s][debug][gc,phases      ] GC(9)   StringDedup Requests0 Weak     Min:  0.0, Avg:  0.0, Max:  0.0, Diff:  0.0, Sum:  0.0, Workers: 4
[49.101s][debug][gc,phases      ] GC(9)     Dead                           Min: 0, Avg:  0.0, Max: 0, Diff: 0, Sum: 0, Workers: 4
[49.101s][debug][gc,phases      ] GC(9)     Total                          Min: 0, Avg:  0.0, Max: 0, Diff: 0, Sum: 0, Workers: 4
[49.101s][debug][gc,phases      ] GC(9)   StringDedup Requests1 Weak     Min:  0.0, Avg:  0.0, Max:  0.0, Diff:  0.0, Sum:  0.0, Workers: 4
[49.101s][debug][gc,phases      ] GC(9)     Dead                           Min: 0, Avg:  0.0, Max: 0, Diff: 0, Sum: 0, Workers: 4
[49.101s][debug][gc,phases      ] GC(9)     Total                          Min: 0, Avg:  0.0, Max: 0, Diff: 0, Sum: 0, Workers: 4
[49.101s][debug][gc,phases      ] GC(9)   Weak JFR Old Object Samples    Min:  0.0, Avg:  0.0, Max:  0.0, Diff:  0.0, Sum:  0.0, Workers: 4
[49.101s][debug][gc,phases      ] GC(9)     Dead                           Min: 0, Avg:  0.0, Max: 0, Diff: 0, Sum: 0, Workers: 4
[49.101s][debug][gc,phases      ] GC(9)     Total                          Min: 0, Avg:  0.0, Max: 0, Diff: 0, Sum: 0, Workers: 4
[49.101s][debug][gc,phases      ] GC(9) Weak Processing 0.504ms
[49.101s][debug][gc,age         ] GC(9) Desired survivor size 408420352 bytes, new threshold 9 (max threshold 15)
[49.101s][info ][gc,heap        ] GC(9) PSYoungGen: 1376992K(1673216K)->227958K(1572864K) Eden: 1148928K(1148928K)->0K(1148928K) From: 228064K(524288K)->227958K(423936K)
[49.101s][info ][gc,heap        ] GC(9) ParOldGen: 6188K(18944K)->6196K(18944K)
[49.101s][info ][gc,metaspace   ] GC(9) Metaspace: 79147K(80064K)->79147K(80064K) NonClass: 67483K(67968K)->67483K(67968K) Class: 11663K(12096K)->11663K(12096K)
[49.101s][info ][gc             ] GC(9) Pause Young (Allocation Failure) 1350M->228M(1554M) 89.495ms
[49.101s][info ][gc,cpu         ] GC(9) User=0.27s Sys=0.06s Real=0.08s
[49.101s][info ][safepoint      ] Safepoint "ParallelGCFailedAllocation", Time since last: 394334698 ns, Reaching safepoint: 7601 ns, Cleanup: 34600 ns, At safepoint: 89557381 ns, Total: 89599582 ns
[51.101s][info ][safepoint      ] Safepoint "Cleanup", Time since last: 2000128308 ns, Reaching safepoint: 4300 ns, Cleanup: 35100 ns, At safepoint: 3600 ns, Total: 43000 ns
[52.101s][info ][safepoint      ] Safepoint "Cleanup", Time since last: 1000068305 ns, Reaching safepoint: 3900 ns, Cleanup: 43900 ns, At safepoint: 2100 ns, Total: 49900 ns
[53.101s][info ][safepoint      ] Safepoint "Cleanup", Time since last: 1000055610 ns, Reaching safepoint: 4400 ns, Cleanup: 29600 ns, At safepoint: 2900 ns, Total: 36900 ns
[54.102s][info ][safepoint      ] Safepoint "Cleanup", Time since last: 1000102522 ns, Reaching safepoint: 5800 ns, Cleanup: 34500 ns, At safepoint: 5400 ns, Total: 45700 ns
[55.102s][info ][safepoint      ] Safepoint "Cleanup", Time since last: 1000107122 ns, Reaching safepoint: 4400 ns, Cleanup: 62400 ns, At safepoint: 5300 ns, Total: 72100 ns
[57.102s][info ][safepoint      ] Safepoint "Cleanup", Time since last: 2000162543 ns, Reaching safepoint: 5000 ns, Cleanup: 47300 ns, At safepoint: 3200 ns, Total: 55500 ns
[58.102s][info ][safepoint      ] Safepoint "Cleanup", Time since last: 1000099221 ns, Reaching safepoint: 4600 ns, Cleanup: 32301 ns, At safepoint: 2600 ns, Total: 39501 ns
[59.102s][info ][safepoint      ] Safepoint "Cleanup", Time since last: 1000077521 ns, Reaching safepoint: 5000 ns, Cleanup: 36400 ns, At safepoint: 2000 ns, Total: 43400 ns
[61.048s][info ][safepoint      ] Safepoint "Cleanup", Time since last: 1945780025 ns, Reaching safepoint: 4200 ns, Cleanup: 50000 ns, At safepoint: 3500 ns, Total: 57700 ns
[62.048s][info ][safepoint      ] Safepoint "Cleanup", Time since last: 1000111310 ns, Reaching safepoint: 5400 ns, Cleanup: 35501 ns, At safepoint: 2700 ns, Total: 43601 ns
[64.048s][info ][safepoint      ] Safepoint "Cleanup", Time since last: 2000157019 ns, Reaching safepoint: 4700 ns, Cleanup: 34800 ns, At safepoint: 4300 ns, Total: 43800 ns
[65.049s][info ][safepoint      ] Safepoint "Cleanup", Time since last: 1000099610 ns, Reaching safepoint: 4700 ns, Cleanup: 35700 ns, At safepoint: 2100 ns, Total: 42500 ns
[66.049s][info ][safepoint      ] Safepoint "Cleanup", Time since last: 1000096110 ns, Reaching safepoint: 4800 ns, Cleanup: 37500 ns, At safepoint: 3600 ns, Total: 45900 ns
[66.512s][info ][gc,start       ] GC(10) Pause Young (Allocation Failure)
[66.589s][debug][gc,phases      ] GC(10) Scavenge 76.865ms
[66.589s][debug][gc,ref         ] GC(10) Skipped phase 1 of Reference Processing: no references
[66.589s][debug][gc,ref         ] GC(10) ReferenceProcessor::execute queues: 4, RefProcThreadModel::Multi, marks_oops_alive: false
[66.589s][debug][gc,ref         ] GC(10) Skipped phase 3 of Reference Processing: no references
[66.589s][debug][gc,ref         ] GC(10) ReferenceProcessor::execute queues: 1, RefProcThreadModel::Single, marks_oops_alive: false
[66.589s][debug][gc,phases      ] GC(10) Reference Processing 0.647ms
[66.590s][debug][gc,phases      ] GC(10)   VM Weak                        Min:  0.0, Avg:  0.0, Max:  0.0, Diff:  0.0, Sum:  0.0, Workers: 4
[66.590s][debug][gc,phases      ] GC(10)     Dead                           Min: 0, Avg:  0.0, Max: 0, Diff: 0, Sum: 0, Workers: 4
[66.590s][debug][gc,phases      ] GC(10)     Total                          Min: 0, Avg: 171.5, Max: 366, Diff: 366, Sum: 686, Workers: 4
[66.590s][debug][gc,phases      ] GC(10)   ObjectSynchronizer Weak        Min:  0.0, Avg:  0.0, Max:  0.0, Diff:  0.0, Sum:  0.0, Workers: 4
[66.590s][debug][gc,phases      ] GC(10)     Dead                           Min: 0, Avg:  0.0, Max: 0, Diff: 0, Sum: 0, Workers: 4
[66.590s][debug][gc,phases      ] GC(10)     Total                          Min: 0, Avg:  0.8, Max: 3, Diff: 3, Sum: 3, Workers: 4
[66.590s][debug][gc,phases      ] GC(10)   JVMTI Tag Weak OopStorage      Min:  0.0, Avg:  0.0, Max:  0.0, Diff:  0.0, Sum:  0.0, Workers: 4
[66.590s][debug][gc,phases      ] GC(10)     Dead                           Min: 0, Avg:  0.0, Max: 0, Diff: 0, Sum: 0, Workers: 4
[66.590s][debug][gc,phases      ] GC(10)     Total                          Min: 0, Avg:  0.0, Max: 0, Diff: 0, Sum: 0, Workers: 4
[66.590s][debug][gc,phases      ] GC(10)   StringTable Weak               Min:  0.0, Avg:  0.2, Max:  0.3, Diff:  0.3, Sum:  0.9, Workers: 4
[66.590s][debug][gc,phases      ] GC(10)     Dead                           Min: 0, Avg:  0.0, Max: 0, Diff: 0, Sum: 0, Workers: 4
[66.590s][debug][gc,phases      ] GC(10)     Total                          Min: 0, Avg: 10562.0, Max: 17352, Diff: 17352, Sum: 42248, Workers: 4
[66.590s][debug][gc,phases      ] GC(10)   ResolvedMethodTable Weak       Min:  0.0, Avg:  0.1, Max:  0.1, Diff:  0.1, Sum:  0.2, Workers: 4
[66.590s][debug][gc,phases      ] GC(10)     Dead                           Min: 0, Avg:  0.0, Max: 0, Diff: 0, Sum: 0, Workers: 4
[66.590s][debug][gc,phases      ] GC(10)     Total                          Min: 0, Avg: 2293.5, Max: 4032, Diff: 4032, Sum: 9174, Workers: 4
[66.590s][debug][gc,phases      ] GC(10)   JNI Weak                       Min:  0.0, Avg:  0.0, Max:  0.0, Diff:  0.0, Sum:  0.0, Workers: 4
[66.590s][debug][gc,phases      ] GC(10)     Dead                           Min: 0, Avg:  0.0, Max: 0, Diff: 0, Sum: 0, Workers: 4
[66.590s][debug][gc,phases      ] GC(10)     Total                          Min: 0, Avg: 11.2, Max: 45, Diff: 45, Sum: 45, Workers: 4
[66.590s][debug][gc,phases      ] GC(10)   StringDedup Table Weak         Min:  0.0, Avg:  0.0, Max:  0.0, Diff:  0.0, Sum:  0.0, Workers: 4
[66.590s][debug][gc,phases      ] GC(10)     Dead                           Min: 0, Avg:  0.0, Max: 0, Diff: 0, Sum: 0, Workers: 4
[66.590s][debug][gc,phases      ] GC(10)     Total                          Min: 0, Avg:  0.0, Max: 0, Diff: 0, Sum: 0, Workers: 4
[66.590s][debug][gc,phases      ] GC(10)   StringDedup Requests0 Weak     Min:  0.0, Avg:  0.0, Max:  0.0, Diff:  0.0, Sum:  0.0, Workers: 4
[66.590s][debug][gc,phases      ] GC(10)     Dead                           Min: 0, Avg:  0.0, Max: 0, Diff: 0, Sum: 0, Workers: 4
[66.590s][debug][gc,phases      ] GC(10)     Total                          Min: 0, Avg:  0.0, Max: 0, Diff: 0, Sum: 0, Workers: 4
[66.590s][debug][gc,phases      ] GC(10)   StringDedup Requests1 Weak     Min:  0.0, Avg:  0.0, Max:  0.0, Diff:  0.0, Sum:  0.0, Workers: 4
[66.590s][debug][gc,phases      ] GC(10)     Dead                           Min: 0, Avg:  0.0, Max: 0, Diff: 0, Sum: 0, Workers: 4
[66.590s][debug][gc,phases      ] GC(10)     Total                          Min: 0, Avg:  0.0, Max: 0, Diff: 0, Sum: 0, Workers: 4
[66.590s][debug][gc,phases      ] GC(10)   Weak JFR Old Object Samples    Min:  0.0, Avg:  0.0, Max:  0.0, Diff:  0.0, Sum:  0.0, Workers: 4
[66.590s][debug][gc,phases      ] GC(10)     Dead                           Min: 0, Avg:  0.0, Max: 0, Diff: 0, Sum: 0, Workers: 4
[66.590s][debug][gc,phases      ] GC(10)     Total                          Min: 0, Avg:  0.0, Max: 0, Diff: 0, Sum: 0, Workers: 4
[66.590s][debug][gc,phases      ] GC(10) Weak Processing 0.565ms
[66.590s][debug][gc,age         ] GC(10) Desired survivor size 388497408 bytes, new threshold 10 (max threshold 15)
[66.590s][info ][gc,heap        ] GC(10) PSYoungGen: 1376886K(1572864K)->227998K(1717760K) Eden: 1148928K(1148928K)->0K(1318912K) From: 227958K(423936K)->227998K(398848K)
[66.590s][info ][gc,heap        ] GC(10) ParOldGen: 6196K(18944K)->6204K(18944K)
[66.590s][info ][gc,metaspace   ] GC(10) Metaspace: 79193K(80064K)->79193K(80064K) NonClass: 67529K(67968K)->67529K(67968K) Class: 11663K(12096K)->11663K(12096K)
[66.590s][info ][gc             ] GC(10) Pause Young (Allocation Failure) 1350M->228M(1696M) 78.192ms
[66.590s][info ][gc,cpu         ] GC(10) User=0.29s Sys=0.00s Real=0.07s
[66.590s][info ][safepoint      ] Safepoint "ParallelGCFailedAllocation", Time since last: 462917323 ns, Reaching safepoint: 4300 ns, Cleanup: 34500 ns, At safepoint: 78251795 ns, Total: 78290595 ns
[67.590s][info ][safepoint      ] Safepoint "Cleanup", Time since last: 1000081610 ns, Reaching safepoint: 4800 ns, Cleanup: 52400 ns, At safepoint: 3200 ns, Total: 60400 ns
[70.590s][info ][safepoint      ] Safepoint "Cleanup", Time since last: 3000222724 ns, Reaching safepoint: 5000 ns, Cleanup: 54801 ns, At safepoint: 11500 ns, Total: 71301 ns
[71.591s][info ][safepoint      ] Safepoint "Cleanup", Time since last: 1000112107 ns, Reaching safepoint: 4600 ns, Cleanup: 42400 ns, At safepoint: 2100 ns, Total: 49100 ns
[72.591s][info ][safepoint      ] Safepoint "Cleanup", Time since last: 1000098707 ns, Reaching safepoint: 4500 ns, Cleanup: 38101 ns, At safepoint: 10100 ns, Total: 52701 ns
[73.591s][info ][safepoint      ] Safepoint "Cleanup", Time since last: 1000111507 ns, Reaching safepoint: 5900 ns, Cleanup: 23300 ns, At safepoint: 2700 ns, Total: 31900 ns
[74.591s][info ][safepoint      ] Safepoint "Cleanup", Time since last: 1000103007 ns, Reaching safepoint: 4900 ns, Cleanup: 36201 ns, At safepoint: 4100 ns, Total: 45201 ns
[75.591s][info ][safepoint      ] Safepoint "Cleanup", Time since last: 1000097507 ns, Reaching safepoint: 4700 ns, Cleanup: 28400 ns, At safepoint: 4000 ns, Total: 37100 ns
[76.591s][info ][safepoint      ] Safepoint "Cleanup", Time since last: 1000105707 ns, Reaching safepoint: 4700 ns, Cleanup: 39201 ns, At safepoint: 2500 ns, Total: 46401 ns
[77.591s][info ][safepoint      ] Safepoint "Cleanup", Time since last: 1000103410 ns, Reaching safepoint: 4000 ns, Cleanup: 31601 ns, At safepoint: 2500 ns, Total: 38101 ns
[78.592s][info ][safepoint      ] Safepoint "Cleanup", Time since last: 1000098411 ns, Reaching safepoint: 5300 ns, Cleanup: 49101 ns, At safepoint: 6700 ns, Total: 61101 ns
[79.592s][info ][safepoint      ] Safepoint "Cleanup", Time since last: 1000102511 ns, Reaching safepoint: 4500 ns, Cleanup: 41400 ns, At safepoint: 2300 ns, Total: 48200 ns
[80.592s][info ][safepoint      ] Safepoint "Cleanup", Time since last: 1000077412 ns, Reaching safepoint: 4900 ns, Cleanup: 34900 ns, At safepoint: 3100 ns, Total: 42900 ns
[81.592s][info ][safepoint      ] Safepoint "Cleanup", Time since last: 1000095412 ns, Reaching safepoint: 4500 ns, Cleanup: 36400 ns, At safepoint: 3300 ns, Total: 44200 ns
[83.277s][info ][safepoint      ] Safepoint "Cleanup", Time since last: 1684903223 ns, Reaching safepoint: 3800 ns, Cleanup: 110701 ns, At safepoint: 4600 ns, Total: 119101 ns
[85.277s][info ][safepoint      ] Safepoint "Cleanup", Time since last: 2000161920 ns, Reaching safepoint: 3900 ns, Cleanup: 37600 ns, At safepoint: 3300 ns, Total: 44800 ns
[86.513s][info ][gc,start       ] GC(11) Pause Young (Allocation Failure)
[86.607s][debug][gc,phases      ] GC(11) Scavenge 94.608ms
[86.607s][debug][gc,ref         ] GC(11) Skipped phase 1 of Reference Processing: no references
[86.607s][debug][gc,ref         ] GC(11) ReferenceProcessor::execute queues: 4, RefProcThreadModel::Multi, marks_oops_alive: false
[86.608s][debug][gc,ref         ] GC(11) Skipped phase 3 of Reference Processing: no references
[86.608s][debug][gc,ref         ] GC(11) ReferenceProcessor::execute queues: 1, RefProcThreadModel::Single, marks_oops_alive: false
[86.608s][debug][gc,phases      ] GC(11) Reference Processing 0.659ms
[86.608s][debug][gc,phases      ] GC(11)   VM Weak                        Min:  0.0, Avg:  0.0, Max:  0.0, Diff:  0.0, Sum:  0.0, Workers: 4
[86.608s][debug][gc,phases      ] GC(11)     Dead                           Min: 0, Avg:  0.0, Max: 0, Diff: 0, Sum: 0, Workers: 4
[86.608s][debug][gc,phases      ] GC(11)     Total                          Min: 64, Avg: 171.5, Max: 302, Diff: 238, Sum: 686, Workers: 4
[86.608s][debug][gc,phases      ] GC(11)   ObjectSynchronizer Weak        Min:  0.0, Avg:  0.0, Max:  0.0, Diff:  0.0, Sum:  0.0, Workers: 4
[86.608s][debug][gc,phases      ] GC(11)     Dead                           Min: 0, Avg:  0.0, Max: 0, Diff: 0, Sum: 0, Workers: 4
[86.608s][debug][gc,phases      ] GC(11)     Total                          Min: 0, Avg:  1.5, Max: 6, Diff: 6, Sum: 6, Workers: 4
[86.608s][debug][gc,phases      ] GC(11)   JVMTI Tag Weak OopStorage      Min:  0.0, Avg:  0.0, Max:  0.0, Diff:  0.0, Sum:  0.0, Workers: 4
[86.608s][debug][gc,phases      ] GC(11)     Dead                           Min: 0, Avg:  0.0, Max: 0, Diff: 0, Sum: 0, Workers: 4
[86.608s][debug][gc,phases      ] GC(11)     Total                          Min: 0, Avg:  0.0, Max: 0, Diff: 0, Sum: 0, Workers: 4
[86.608s][debug][gc,phases      ] GC(11)   StringTable Weak               Min:  0.3, Avg:  0.3, Max:  0.3, Diff:  0.0, Sum:  1.1, Workers: 4
[86.608s][debug][gc,phases      ] GC(11)     Dead                           Min: 0, Avg:  0.0, Max: 0, Diff: 0, Sum: 0, Workers: 4
[86.608s][debug][gc,phases      ] GC(11)     Total                          Min: 9972, Avg: 10573.0, Max: 10944, Diff: 972, Sum: 42292, Workers: 4
[86.608s][debug][gc,phases      ] GC(11)   ResolvedMethodTable Weak       Min:  0.1, Avg:  0.1, Max:  0.1, Diff:  0.0, Sum:  0.3, Workers: 4
[86.608s][debug][gc,phases      ] GC(11)     Dead                           Min: 0, Avg:  0.2, Max: 1, Diff: 1, Sum: 1, Workers: 4
[86.608s][debug][gc,phases      ] GC(11)     Total                          Min: 1856, Avg: 2293.8, Max: 2496, Diff: 640, Sum: 9175, Workers: 4
[86.608s][debug][gc,phases      ] GC(11)   JNI Weak                       Min:  0.0, Avg:  0.0, Max:  0.0, Diff:  0.0, Sum:  0.0, Workers: 4
[86.608s][debug][gc,phases      ] GC(11)     Dead                           Min: 0, Avg:  0.0, Max: 0, Diff: 0, Sum: 0, Workers: 4
[86.608s][debug][gc,phases      ] GC(11)     Total                          Min: 0, Avg: 11.2, Max: 45, Diff: 45, Sum: 45, Workers: 4
[86.608s][debug][gc,phases      ] GC(11)   StringDedup Table Weak         Min:  0.0, Avg:  0.0, Max:  0.0, Diff:  0.0, Sum:  0.0, Workers: 4
[86.608s][debug][gc,phases      ] GC(11)     Dead                           Min: 0, Avg:  0.0, Max: 0, Diff: 0, Sum: 0, Workers: 4
[86.608s][debug][gc,phases      ] GC(11)     Total                          Min: 0, Avg:  0.0, Max: 0, Diff: 0, Sum: 0, Workers: 4
[86.608s][debug][gc,phases      ] GC(11)   StringDedup Requests0 Weak     Min:  0.0, Avg:  0.0, Max:  0.0, Diff:  0.0, Sum:  0.0, Workers: 4
[86.608s][debug][gc,phases      ] GC(11)     Dead                           Min: 0, Avg:  0.0, Max: 0, Diff: 0, Sum: 0, Workers: 4
[86.608s][debug][gc,phases      ] GC(11)     Total                          Min: 0, Avg:  0.0, Max: 0, Diff: 0, Sum: 0, Workers: 4
[86.608s][debug][gc,phases      ] GC(11)   StringDedup Requests1 Weak     Min:  0.0, Avg:  0.0, Max:  0.0, Diff:  0.0, Sum:  0.0, Workers: 4
[86.608s][debug][gc,phases      ] GC(11)     Dead                           Min: 0, Avg:  0.0, Max: 0, Diff: 0, Sum: 0, Workers: 4
[86.608s][debug][gc,phases      ] GC(11)     Total                          Min: 0, Avg:  0.0, Max: 0, Diff: 0, Sum: 0, Workers: 4
[86.608s][debug][gc,phases      ] GC(11)   Weak JFR Old Object Samples    Min:  0.0, Avg:  0.0, Max:  0.0, Diff:  0.0, Sum:  0.0, Workers: 4
[86.608s][debug][gc,phases      ] GC(11)     Dead                           Min: 0, Avg:  0.0, Max: 0, Diff: 0, Sum: 0, Workers: 4
[86.608s][debug][gc,phases      ] GC(11)     Total                          Min: 0, Avg:  0.0, Max: 0, Diff: 0, Sum: 0, Workers: 4
[86.608s][debug][gc,phases      ] GC(11) Weak Processing 0.513ms
[86.608s][debug][gc,age         ] GC(11) Desired survivor size 373293056 bytes, new threshold 11 (max threshold 15)
[86.608s][info ][gc,heap        ] GC(11) PSYoungGen: 1546910K(1717760K)->227957K(1698304K) Eden: 1318912K(1318912K)->0K(1318912K) From: 227998K(398848K)->227957K(379392K)
[86.608s][info ][gc,heap        ] GC(11) ParOldGen: 6204K(18944K)->6220K(18944K)
[86.608s][info ][gc,metaspace   ] GC(11) Metaspace: 79216K(80128K)->79216K(80128K) NonClass: 67551K(68032K)->67551K(68032K) Class: 11665K(12096K)->11665K(12096K)
[86.608s][info ][gc             ] GC(11) Pause Young (Allocation Failure) 1516M->228M(1677M) 95.904ms
[86.608s][info ][gc,cpu         ] GC(11) User=0.31s Sys=0.05s Real=0.09s
[86.609s][info ][safepoint      ] Safepoint "ParallelGCFailedAllocation", Time since last: 1235287495 ns, Reaching safepoint: 4300 ns, Cleanup: 51400 ns, At safepoint: 95969530 ns, Total: 96025230 ns
[87.609s][info ][safepoint      ] Safepoint "Cleanup", Time since last: 1000077705 ns, Reaching safepoint: 3500 ns, Cleanup: 41000 ns, At safepoint: 2701 ns, Total: 47201 ns
[90.609s][info ][safepoint      ] Safepoint "Cleanup", Time since last: 3000219016 ns, Reaching safepoint: 4400 ns, Cleanup: 28400 ns, At safepoint: 2800 ns, Total: 35600 ns
[91.609s][info ][safepoint      ] Safepoint "Cleanup", Time since last: 1000100105 ns, Reaching safepoint: 4900 ns, Cleanup: 36901 ns, At safepoint: 2700 ns, Total: 44501 ns
[92.609s][info ][safepoint      ] Safepoint "Cleanup", Time since last: 1000100005 ns, Reaching safepoint: 4600 ns, Cleanup: 32301 ns, At safepoint: 2900 ns, Total: 39801 ns
[93.609s][info ][safepoint      ] Safepoint "Cleanup", Time since last: 1000100717 ns, Reaching safepoint: 4700 ns, Cleanup: 38400 ns, At safepoint: 4000 ns, Total: 47100 ns
[94.609s][info ][safepoint      ] Safepoint "Cleanup", Time since last: 1000111121 ns, Reaching safepoint: 4400 ns, Cleanup: 45900 ns, At safepoint: 2100 ns, Total: 52400 ns
[95.610s][info ][safepoint      ] Safepoint "Cleanup", Time since last: 1000096720 ns, Reaching safepoint: 3800 ns, Cleanup: 39400 ns, At safepoint: 3600 ns, Total: 46800 ns
[97.610s][info ][safepoint      ] Safepoint "Cleanup", Time since last: 2000162740 ns, Reaching safepoint: 5300 ns, Cleanup: 38500 ns, At safepoint: 5800 ns, Total: 49600 ns
[98.610s][info ][safepoint      ] Safepoint "Cleanup", Time since last: 1000107820 ns, Reaching safepoint: 4700 ns, Cleanup: 39101 ns, At safepoint: 2300 ns, Total: 46101 ns
[100.610s][info ][safepoint      ] Safepoint "Cleanup", Time since last: 2000150139 ns, Reaching safepoint: 4600 ns, Cleanup: 32801 ns, At safepoint: 2800 ns, Total: 40201 ns
[101.610s][info ][safepoint      ] Safepoint "Cleanup", Time since last: 1000103403 ns, Reaching safepoint: 4200 ns, Cleanup: 27500 ns, At safepoint: 2800 ns, Total: 34500 ns
[104.611s][info ][safepoint      ] Safepoint "Cleanup", Time since last: 3000201997 ns, Reaching safepoint: 73700 ns, Cleanup: 37901 ns, At safepoint: 5400 ns, Total: 117001 ns
[105.611s][info ][safepoint      ] Safepoint "Cleanup", Time since last: 1000072699 ns, Reaching safepoint: 73100 ns, Cleanup: 44001 ns, At safepoint: 4400 ns, Total: 121501 ns
[106.611s][info ][safepoint      ] Safepoint "Cleanup", Time since last: 1000105399 ns, Reaching safepoint: 72900 ns, Cleanup: 32501 ns, At safepoint: 4700 ns, Total: 110101 ns
[106.661s][info ][gc,start       ] GC(12) Pause Young (Allocation Failure)
[106.739s][debug][gc,phases      ] GC(12) Scavenge 77.852ms
[106.739s][debug][gc,ref         ] GC(12) Skipped phase 1 of Reference Processing: no references
[106.739s][debug][gc,ref         ] GC(12) ReferenceProcessor::execute queues: 4, RefProcThreadModel::Multi, marks_oops_alive: false
[106.739s][debug][gc,ref         ] GC(12) Skipped phase 3 of Reference Processing: no references
[106.739s][debug][gc,ref         ] GC(12) ReferenceProcessor::execute queues: 1, RefProcThreadModel::Single, marks_oops_alive: false
[106.739s][debug][gc,phases      ] GC(12) Reference Processing 0.650ms
[106.740s][debug][gc,phases      ] GC(12)   VM Weak                        Min:  0.0, Avg:  0.0, Max:  0.0, Diff:  0.0, Sum:  0.0, Workers: 4
[106.740s][debug][gc,phases      ] GC(12)     Dead                           Min: 0, Avg:  0.0, Max: 0, Diff: 0, Sum: 0, Workers: 4
[106.740s][debug][gc,phases      ] GC(12)     Total                          Min: 0, Avg: 171.5, Max: 448, Diff: 448, Sum: 686, Workers: 4
[106.740s][debug][gc,phases      ] GC(12)   ObjectSynchronizer Weak        Min:  0.0, Avg:  0.0, Max:  0.0, Diff:  0.0, Sum:  0.0, Workers: 4
[106.740s][debug][gc,phases      ] GC(12)     Dead                           Min: 0, Avg:  0.0, Max: 0, Diff: 0, Sum: 0, Workers: 4
[106.740s][debug][gc,phases      ] GC(12)     Total                          Min: 0, Avg:  1.5, Max: 6, Diff: 6, Sum: 6, Workers: 4
[106.740s][debug][gc,phases      ] GC(12)   JVMTI Tag Weak OopStorage      Min:  0.0, Avg:  0.0, Max:  0.0, Diff:  0.0, Sum:  0.0, Workers: 4
[106.740s][debug][gc,phases      ] GC(12)     Dead                           Min: 0, Avg:  0.0, Max: 0, Diff: 0, Sum: 0, Workers: 4
[106.740s][debug][gc,phases      ] GC(12)     Total                          Min: 0, Avg:  0.0, Max: 0, Diff: 0, Sum: 0, Workers: 4
[106.740s][debug][gc,phases      ] GC(12)   StringTable Weak               Min:  0.0, Avg:  0.2, Max:  0.3, Diff:  0.3, Sum:  1.0, Workers: 4
[106.740s][debug][gc,phases      ] GC(12)     Dead                           Min: 0, Avg:  0.0, Max: 0, Diff: 0, Sum: 0, Workers: 4
[106.740s][debug][gc,phases      ] GC(12)     Total                          Min: 0, Avg: 10574.5, Max: 16954, Diff: 16954, Sum: 42298, Workers: 4
[106.740s][debug][gc,phases      ] GC(12)   ResolvedMethodTable Weak       Min:  0.0, Avg:  0.1, Max:  0.1, Diff:  0.1, Sum:  0.2, Workers: 4
[106.740s][debug][gc,phases      ] GC(12)     Dead                           Min: 0, Avg:  0.0, Max: 0, Diff: 0, Sum: 0, Workers: 4
[106.740s][debug][gc,phases      ] GC(12)     Total                          Min: 0, Avg: 2293.8, Max: 4055, Diff: 4055, Sum: 9175, Workers: 4
[106.740s][debug][gc,phases      ] GC(12)   JNI Weak                       Min:  0.0, Avg:  0.0, Max:  0.0, Diff:  0.0, Sum:  0.0, Workers: 4
[106.740s][debug][gc,phases      ] GC(12)     Dead                           Min: 0, Avg:  0.0, Max: 0, Diff: 0, Sum: 0, Workers: 4
[106.740s][debug][gc,phases      ] GC(12)     Total                          Min: 0, Avg: 11.2, Max: 45, Diff: 45, Sum: 45, Workers: 4
[106.740s][debug][gc,phases      ] GC(12)   StringDedup Table Weak         Min:  0.0, Avg:  0.0, Max:  0.0, Diff:  0.0, Sum:  0.0, Workers: 4
[106.740s][debug][gc,phases      ] GC(12)     Dead                           Min: 0, Avg:  0.0, Max: 0, Diff: 0, Sum: 0, Workers: 4
[106.740s][debug][gc,phases      ] GC(12)     Total                          Min: 0, Avg:  0.0, Max: 0, Diff: 0, Sum: 0, Workers: 4
[106.740s][debug][gc,phases      ] GC(12)   StringDedup Requests0 Weak     Min:  0.0, Avg:  0.0, Max:  0.0, Diff:  0.0, Sum:  0.0, Workers: 4
[106.740s][debug][gc,phases      ] GC(12)     Dead                           Min: 0, Avg:  0.0, Max: 0, Diff: 0, Sum: 0, Workers: 4
[106.740s][debug][gc,phases      ] GC(12)     Total                          Min: 0, Avg:  0.0, Max: 0, Diff: 0, Sum: 0, Workers: 4
[106.740s][debug][gc,phases      ] GC(12)   StringDedup Requests1 Weak     Min:  0.0, Avg:  0.0, Max:  0.0, Diff:  0.0, Sum:  0.0, Workers: 4
[106.740s][debug][gc,phases      ] GC(12)     Dead                           Min: 0, Avg:  0.0, Max: 0, Diff: 0, Sum: 0, Workers: 4
[106.740s][debug][gc,phases      ] GC(12)     Total                          Min: 0, Avg:  0.0, Max: 0, Diff: 0, Sum: 0, Workers: 4
[106.740s][debug][gc,phases      ] GC(12)   Weak JFR Old Object Samples    Min:  0.0, Avg:  0.0, Max:  0.0, Diff:  0.0, Sum:  0.0, Workers: 4
[106.740s][debug][gc,phases      ] GC(12)     Dead                           Min: 0, Avg:  0.0, Max: 0, Diff: 0, Sum: 0, Workers: 4
[106.740s][debug][gc,phases      ] GC(12)     Total                          Min: 0, Avg:  0.0, Max: 0, Diff: 0, Sum: 0, Workers: 4
[106.740s][debug][gc,phases      ] GC(12) Weak Processing 0.594ms
[106.740s][debug][gc,age         ] GC(12) Desired survivor size 361234432 bytes, new threshold 12 (max threshold 15)
[106.740s][info ][gc,heap        ] GC(12) PSYoungGen: 1546869K(1698304K)->228048K(1744384K) Eden: 1318912K(1318912K)->0K(1379840K) From: 227957K(379392K)->228048K(364544K)
[106.740s][info ][gc,heap        ] GC(12) ParOldGen: 6220K(18944K)->6228K(18944K)
[106.740s][info ][gc,metaspace   ] GC(12) Metaspace: 79242K(80128K)->79242K(80128K) NonClass: 67575K(68032K)->67575K(68032K) Class: 11666K(12096K)->11666K(12096K)
[106.740s][info ][gc             ] GC(12) Pause Young (Allocation Failure) 1516M->228M(1722M) 79.203ms
[106.740s][info ][gc,cpu         ] GC(12) User=0.28s Sys=0.00s Real=0.08s
[106.740s][info ][safepoint      ] Safepoint "ParallelGCFailedAllocation", Time since last: 49768378 ns, Reaching safepoint: 2700 ns, Cleanup: 23600 ns, At safepoint: 79274802 ns, Total: 79301102 ns
[107.740s][info ][safepoint      ] Safepoint "Cleanup", Time since last: 1000081599 ns, Reaching safepoint: 4500 ns, Cleanup: 25501 ns, At safepoint: 2500 ns, Total: 32501 ns
[108.740s][info ][safepoint      ] Safepoint "Cleanup", Time since last: 1000098499 ns, Reaching safepoint: 3800 ns, Cleanup: 38300 ns, At safepoint: 10800 ns, Total: 52900 ns
[110.741s][info ][safepoint      ] Safepoint "Cleanup", Time since last: 2000165740 ns, Reaching safepoint: 4600 ns, Cleanup: 45600 ns, At safepoint: 2900 ns, Total: 53100 ns
[112.741s][info ][safepoint      ] Safepoint "Cleanup", Time since last: 2000121838 ns, Reaching safepoint: 5000 ns, Cleanup: 38000 ns, At safepoint: 2700 ns, Total: 45700 ns
[114.741s][info ][safepoint      ] Safepoint "Cleanup", Time since last: 2000165638 ns, Reaching safepoint: 4400 ns, Cleanup: 39801 ns, At safepoint: 2300 ns, Total: 46501 ns
[117.741s][info ][safepoint      ] Safepoint "Cleanup", Time since last: 3000256633 ns, Reaching safepoint: 5200 ns, Cleanup: 58401 ns, At safepoint: 3700 ns, Total: 67301 ns
[119.742s][info ][safepoint      ] Safepoint "Cleanup", Time since last: 2000158795 ns, Reaching safepoint: 4400 ns, Cleanup: 36100 ns, At safepoint: 3000 ns, Total: 43500 ns
[121.063s][info ][safepoint      ] Safepoint "Cleanup", Time since last: 1321043236 ns, Reaching safepoint: 74801 ns, Cleanup: 34000 ns, At safepoint: 8800 ns, Total: 117601 ns
[122.063s][info ][safepoint      ] Safepoint "Cleanup", Time since last: 1000102398 ns, Reaching safepoint: 79801 ns, Cleanup: 35900 ns, At safepoint: 11900 ns, Total: 127601 ns
[123.063s][info ][safepoint      ] Safepoint "Cleanup", Time since last: 1000106398 ns, Reaching safepoint: 71200 ns, Cleanup: 36401 ns, At safepoint: 7100 ns, Total: 114701 ns
[125.063s][info ][safepoint      ] Safepoint "Cleanup", Time since last: 2000175295 ns, Reaching safepoint: 74601 ns, Cleanup: 54200 ns, At safepoint: 4700 ns, Total: 133501 ns
[126.064s][info ][safepoint      ] Safepoint "Cleanup", Time since last: 1000102498 ns, Reaching safepoint: 3700 ns, Cleanup: 30800 ns, At safepoint: 2500 ns, Total: 37000 ns
[127.712s][info ][gc,start       ] GC(13) Pause Young (Allocation Failure)
[127.793s][debug][gc,phases      ] GC(13) Scavenge 80.420ms
[127.793s][debug][gc,ref         ] GC(13) Skipped phase 1 of Reference Processing: no references
[127.793s][debug][gc,ref         ] GC(13) ReferenceProcessor::execute queues: 4, RefProcThreadModel::Multi, marks_oops_alive: false
[127.793s][debug][gc,ref         ] GC(13) Skipped phase 3 of Reference Processing: no references
[127.793s][debug][gc,ref         ] GC(13) ReferenceProcessor::execute queues: 1, RefProcThreadModel::Single, marks_oops_alive: false
[127.793s][debug][gc,phases      ] GC(13) Reference Processing 0.644ms
[127.794s][debug][gc,phases      ] GC(13)   VM Weak                        Min:  0.0, Avg:  0.0, Max:  0.0, Diff:  0.0, Sum:  0.0, Workers: 4
[127.794s][debug][gc,phases      ] GC(13)     Dead                           Min: 0, Avg:  0.0, Max: 0, Diff: 0, Sum: 0, Workers: 4
[127.794s][debug][gc,phases      ] GC(13)     Total                          Min: 64, Avg: 171.5, Max: 384, Diff: 320, Sum: 686, Workers: 4
[127.794s][debug][gc,phases      ] GC(13)   ObjectSynchronizer Weak        Min:  0.0, Avg:  0.0, Max:  0.0, Diff:  0.0, Sum:  0.0, Workers: 4
[127.794s][debug][gc,phases      ] GC(13)     Dead                           Min: 0, Avg:  0.0, Max: 0, Diff: 0, Sum: 0, Workers: 4
[127.794s][debug][gc,phases      ] GC(13)     Total                          Min: 0, Avg:  0.8, Max: 3, Diff: 3, Sum: 3, Workers: 4
[127.794s][debug][gc,phases      ] GC(13)   JVMTI Tag Weak OopStorage      Min:  0.0, Avg:  0.0, Max:  0.0, Diff:  0.0, Sum:  0.0, Workers: 4
[127.794s][debug][gc,phases      ] GC(13)     Dead                           Min: 0, Avg:  0.0, Max: 0, Diff: 0, Sum: 0, Workers: 4
[127.794s][debug][gc,phases      ] GC(13)     Total                          Min: 0, Avg:  0.0, Max: 0, Diff: 0, Sum: 0, Workers: 4
[127.794s][debug][gc,phases      ] GC(13)   StringTable Weak               Min:  0.3, Avg:  0.3, Max:  0.3, Diff:  0.0, Sum:  1.1, Workers: 4
[127.794s][debug][gc,phases      ] GC(13)     Dead                           Min: 0, Avg:  0.0, Max: 0, Diff: 0, Sum: 0, Workers: 4
[127.794s][debug][gc,phases      ] GC(13)     Total                          Min: 9407, Avg: 10575.8, Max: 11584, Diff: 2177, Sum: 42303, Workers: 4
[127.794s][debug][gc,phases      ] GC(13)   ResolvedMethodTable Weak       Min:  0.1, Avg:  0.1, Max:  0.1, Diff:  0.0, Sum:  0.3, Workers: 4
[127.794s][debug][gc,phases      ] GC(13)     Dead                           Min: 0, Avg:  0.0, Max: 0, Diff: 0, Sum: 0, Workers: 4
[127.794s][debug][gc,phases      ] GC(13)     Total                          Min: 1856, Avg: 2293.8, Max: 2496, Diff: 640, Sum: 9175, Workers: 4
[127.794s][debug][gc,phases      ] GC(13)   JNI Weak                       Min:  0.0, Avg:  0.0, Max:  0.0, Diff:  0.0, Sum:  0.0, Workers: 4
[127.794s][debug][gc,phases      ] GC(13)     Dead                           Min: 0, Avg:  0.0, Max: 0, Diff: 0, Sum: 0, Workers: 4
[127.794s][debug][gc,phases      ] GC(13)     Total                          Min: 0, Avg: 11.2, Max: 45, Diff: 45, Sum: 45, Workers: 4
[127.794s][debug][gc,phases      ] GC(13)   StringDedup Table Weak         Min:  0.0, Avg:  0.0, Max:  0.0, Diff:  0.0, Sum:  0.0, Workers: 4
[127.794s][debug][gc,phases      ] GC(13)     Dead                           Min: 0, Avg:  0.0, Max: 0, Diff: 0, Sum: 0, Workers: 4
[127.794s][debug][gc,phases      ] GC(13)     Total                          Min: 0, Avg:  0.0, Max: 0, Diff: 0, Sum: 0, Workers: 4
[127.794s][debug][gc,phases      ] GC(13)   StringDedup Requests0 Weak     Min:  0.0, Avg:  0.0, Max:  0.0, Diff:  0.0, Sum:  0.0, Workers: 4
[127.794s][debug][gc,phases      ] GC(13)     Dead                           Min: 0, Avg:  0.0, Max: 0, Diff: 0, Sum: 0, Workers: 4
[127.794s][debug][gc,phases      ] GC(13)     Total                          Min: 0, Avg:  0.0, Max: 0, Diff: 0, Sum: 0, Workers: 4
[127.794s][debug][gc,phases      ] GC(13)   StringDedup Requests1 Weak     Min:  0.0, Avg:  0.0, Max:  0.0, Diff:  0.0, Sum:  0.0, Workers: 4
[127.794s][debug][gc,phases      ] GC(13)     Dead                           Min: 0, Avg:  0.0, Max: 0, Diff: 0, Sum: 0, Workers: 4
[127.794s][debug][gc,phases      ] GC(13)     Total                          Min: 0, Avg:  0.0, Max: 0, Diff: 0, Sum: 0, Workers: 4
[127.794s][debug][gc,phases      ] GC(13)   Weak JFR Old Object Samples    Min:  0.0, Avg:  0.0, Max:  0.0, Diff:  0.0, Sum:  0.0, Workers: 4
[127.794s][debug][gc,phases      ] GC(13)     Dead                           Min: 0, Avg:  0.0, Max: 0, Diff: 0, Sum: 0, Workers: 4
[127.794s][debug][gc,phases      ] GC(13)     Total                          Min: 0, Avg:  0.0, Max: 0, Diff: 0, Sum: 0, Workers: 4
[127.794s][debug][gc,phases      ] GC(13) Weak Processing 0.534ms
[127.794s][debug][gc,age         ] GC(13) Desired survivor size 350748672 bytes, new threshold 13 (max threshold 15)
[127.794s][info ][gc,heap        ] GC(13) PSYoungGen: 1607888K(1744384K)->227954K(1732608K) Eden: 1379840K(1379840K)->0K(1379840K) From: 228048K(364544K)->227954K(352768K)
[127.794s][info ][gc,heap        ] GC(13) ParOldGen: 6228K(18944K)->6236K(18944K)
[127.794s][info ][gc,metaspace   ] GC(13) Metaspace: 79255K(80128K)->79255K(80128K) NonClass: 67588K(68032K)->67588K(68032K) Class: 11666K(12096K)->11666K(12096K)
[127.794s][info ][gc             ] GC(13) Pause Young (Allocation Failure) 1576M->228M(1710M) 81.726ms
[127.794s][info ][gc,cpu         ] GC(13) User=0.25s Sys=0.03s Real=0.08s
[127.794s][info ][safepoint      ] Safepoint "ParallelGCFailedAllocation", Time since last: 1648566025 ns, Reaching safepoint: 4400 ns, Cleanup: 21600 ns, At safepoint: 81788722 ns, Total: 81814722 ns
[131.794s][info ][safepoint      ] Safepoint "Cleanup", Time since last: 4000262091 ns, Reaching safepoint: 4100 ns, Cleanup: 46300 ns, At safepoint: 2800 ns, Total: 53200 ns
[135.795s][info ][safepoint      ] Safepoint "Cleanup", Time since last: 4000263100 ns, Reaching safepoint: 4600 ns, Cleanup: 39600 ns, At safepoint: 6600 ns, Total: 50800 ns
[137.795s][info ][safepoint      ] Safepoint "Cleanup", Time since last: 2000176502 ns, Reaching safepoint: 4000 ns, Cleanup: 34701 ns, At safepoint: 3300 ns, Total: 42001 ns
[139.795s][info ][safepoint      ] Safepoint "Cleanup", Time since last: 2000157701 ns, Reaching safepoint: 3800 ns, Cleanup: 36901 ns, At safepoint: 3300 ns, Total: 44001 ns
[146.796s][info ][safepoint      ] Safepoint "Cleanup", Time since last: 7000476806 ns, Reaching safepoint: 5300 ns, Cleanup: 43700 ns, At safepoint: 3400 ns, Total: 52400 ns
[148.662s][info ][gc,start       ] GC(14) Pause Young (Allocation Failure)
[148.738s][debug][gc,phases      ] GC(14) Scavenge 76.220ms
[148.738s][debug][gc,ref         ] GC(14) Skipped phase 1 of Reference Processing: no references
[148.738s][debug][gc,ref         ] GC(14) ReferenceProcessor::execute queues: 4, RefProcThreadModel::Multi, marks_oops_alive: false
[148.739s][debug][gc,ref         ] GC(14) Skipped phase 3 of Reference Processing: no references
[148.739s][debug][gc,ref         ] GC(14) ReferenceProcessor::execute queues: 1, RefProcThreadModel::Single, marks_oops_alive: false
[148.739s][debug][gc,phases      ] GC(14) Reference Processing 0.731ms
[148.740s][debug][gc,phases      ] GC(14)   VM Weak                        Min:  0.0, Avg:  0.0, Max:  0.2, Diff:  0.2, Sum:  0.2, Workers: 4
[148.740s][debug][gc,phases      ] GC(14)     Dead                           Min: 0, Avg:  0.0, Max: 0, Diff: 0, Sum: 0, Workers: 4
[148.740s][debug][gc,phases      ] GC(14)     Total                          Min: 0, Avg: 171.5, Max: 320, Diff: 320, Sum: 686, Workers: 4
[148.740s][debug][gc,phases      ] GC(14)   ObjectSynchronizer Weak        Min:  0.0, Avg:  0.0, Max:  0.0, Diff:  0.0, Sum:  0.0, Workers: 4
[148.740s][debug][gc,phases      ] GC(14)     Dead                           Min: 0, Avg:  0.0, Max: 0, Diff: 0, Sum: 0, Workers: 4
[148.740s][debug][gc,phases      ] GC(14)     Total                          Min: 0, Avg:  0.8, Max: 3, Diff: 3, Sum: 3, Workers: 4
[148.740s][debug][gc,phases      ] GC(14)   JVMTI Tag Weak OopStorage      Min:  0.0, Avg:  0.0, Max:  0.0, Diff:  0.0, Sum:  0.0, Workers: 4
[148.740s][debug][gc,phases      ] GC(14)     Dead                           Min: 0, Avg:  0.0, Max: 0, Diff: 0, Sum: 0, Workers: 4
[148.740s][debug][gc,phases      ] GC(14)     Total                          Min: 0, Avg:  0.0, Max: 0, Diff: 0, Sum: 0, Workers: 4
[148.740s][debug][gc,phases      ] GC(14)   StringTable Weak               Min:  0.2, Avg:  0.3, Max:  0.3, Diff:  0.2, Sum:  1.2, Workers: 4
[148.740s][debug][gc,phases      ] GC(14)     Dead                           Min: 0, Avg:  0.0, Max: 0, Diff: 0, Sum: 0, Workers: 4
[148.740s][debug][gc,phases      ] GC(14)     Total                          Min: 7360, Avg: 10583.8, Max: 12864, Diff: 5504, Sum: 42335, Workers: 4
[148.740s][debug][gc,phases      ] GC(14)   ResolvedMethodTable Weak       Min:  0.1, Avg:  0.1, Max:  0.1, Diff:  0.0, Sum:  0.3, Workers: 4
[148.740s][debug][gc,phases      ] GC(14)     Dead                           Min: 0, Avg:  0.0, Max: 0, Diff: 0, Sum: 0, Workers: 4
[148.740s][debug][gc,phases      ] GC(14)     Total                          Min: 1920, Avg: 2293.8, Max: 2496, Diff: 576, Sum: 9175, Workers: 4
[148.740s][debug][gc,phases      ] GC(14)   JNI Weak                       Min:  0.0, Avg:  0.0, Max:  0.0, Diff:  0.0, Sum:  0.0, Workers: 4
[148.740s][debug][gc,phases      ] GC(14)     Dead                           Min: 0, Avg:  0.0, Max: 0, Diff: 0, Sum: 0, Workers: 4
[148.740s][debug][gc,phases      ] GC(14)     Total                          Min: 0, Avg: 11.2, Max: 45, Diff: 45, Sum: 45, Workers: 4
[148.740s][debug][gc,phases      ] GC(14)   StringDedup Table Weak         Min:  0.0, Avg:  0.0, Max:  0.0, Diff:  0.0, Sum:  0.0, Workers: 4
[148.740s][debug][gc,phases      ] GC(14)     Dead                           Min: 0, Avg:  0.0, Max: 0, Diff: 0, Sum: 0, Workers: 4
[148.740s][debug][gc,phases      ] GC(14)     Total                          Min: 0, Avg:  0.0, Max: 0, Diff: 0, Sum: 0, Workers: 4
[148.740s][debug][gc,phases      ] GC(14)   StringDedup Requests0 Weak     Min:  0.0, Avg:  0.0, Max:  0.0, Diff:  0.0, Sum:  0.0, Workers: 4
[148.740s][debug][gc,phases      ] GC(14)     Dead                           Min: 0, Avg:  0.0, Max: 0, Diff: 0, Sum: 0, Workers: 4
[148.740s][debug][gc,phases      ] GC(14)     Total                          Min: 0, Avg:  0.0, Max: 0, Diff: 0, Sum: 0, Workers: 4
[148.740s][debug][gc,phases      ] GC(14)   StringDedup Requests1 Weak     Min:  0.0, Avg:  0.0, Max:  0.0, Diff:  0.0, Sum:  0.0, Workers: 4
[148.740s][debug][gc,phases      ] GC(14)     Dead                           Min: 0, Avg:  0.0, Max: 0, Diff: 0, Sum: 0, Workers: 4
[148.740s][debug][gc,phases      ] GC(14)     Total                          Min: 0, Avg:  0.0, Max: 0, Diff: 0, Sum: 0, Workers: 4
[148.740s][debug][gc,phases      ] GC(14)   Weak JFR Old Object Samples    Min:  0.0, Avg:  0.0, Max:  0.0, Diff:  0.0, Sum:  0.0, Workers: 4
[148.740s][debug][gc,phases      ] GC(14)     Dead                           Min: 0, Avg:  0.0, Max: 0, Diff: 0, Sum: 0, Workers: 4
[148.740s][debug][gc,phases      ] GC(14)     Total                          Min: 0, Avg:  0.0, Max: 0, Diff: 0, Sum: 0, Workers: 4
[148.740s][debug][gc,phases      ] GC(14) Weak Processing 0.602ms
[148.740s][debug][gc,age         ] GC(14) Desired survivor size 341311488 bytes, new threshold 14 (max threshold 15)
[148.740s][info ][gc,heap        ] GC(14) PSYoungGen: 1607794K(1732608K)->227904K(1763840K) Eden: 1379840K(1379840K)->0K(1421312K) From: 227954K(352768K)->227904K(342528K)
[148.740s][info ][gc,heap        ] GC(14) ParOldGen: 6236K(18944K)->6244K(18944K)
[148.740s][info ][gc,metaspace   ] GC(14) Metaspace: 79282K(80192K)->79282K(80192K) NonClass: 67615K(68096K)->67615K(68096K) Class: 11666K(12096K)->11666K(12096K)
[148.740s][info ][gc             ] GC(14) Pause Young (Allocation Failure) 1576M->228M(1741M) 77.685ms
[148.740s][info ][gc,cpu         ] GC(14) User=0.29s Sys=0.00s Real=0.08s
[148.740s][info ][safepoint      ] Safepoint "ParallelGCFailedAllocation", Time since last: 1866429886 ns, Reaching safepoint: 5700 ns, Cleanup: 22200 ns, At safepoint: 77750791 ns, Total: 77778691 ns
[150.740s][info ][safepoint      ] Safepoint "Cleanup", Time since last: 2000133803 ns, Reaching safepoint: 4500 ns, Cleanup: 35000 ns, At safepoint: 2000 ns, Total: 41500 ns
[151.740s][info ][safepoint      ] Safepoint "Cleanup", Time since last: 1000104402 ns, Reaching safepoint: 6500 ns, Cleanup: 38101 ns, At safepoint: 3000 ns, Total: 47601 ns
[152.740s][info ][safepoint      ] Safepoint "Cleanup", Time since last: 1000109102 ns, Reaching safepoint: 5600 ns, Cleanup: 39100 ns, At safepoint: 4100 ns, Total: 48800 ns
[153.740s][info ][safepoint      ] Safepoint "Cleanup", Time since last: 1000098202 ns, Reaching safepoint: 5200 ns, Cleanup: 40300 ns, At safepoint: 4700 ns, Total: 50200 ns
[156.741s][info ][safepoint      ] Safepoint "Cleanup", Time since last: 3000195305 ns, Reaching safepoint: 4500 ns, Cleanup: 37400 ns, At safepoint: 11300 ns, Total: 53200 ns
[164.741s][info ][safepoint      ] Safepoint "Cleanup", Time since last: 8000541601 ns, Reaching safepoint: 4900 ns, Cleanup: 38901 ns, At safepoint: 2900 ns, Total: 46701 ns
[170.411s][info ][gc,start       ] GC(15) Pause Young (Allocation Failure)
[170.487s][debug][gc,phases      ] GC(15) Scavenge 75.123ms
[170.487s][debug][gc,ref         ] GC(15) Skipped phase 1 of Reference Processing: no references
[170.487s][debug][gc,ref         ] GC(15) ReferenceProcessor::execute queues: 4, RefProcThreadModel::Multi, marks_oops_alive: false
[170.487s][debug][gc,ref         ] GC(15) Skipped phase 3 of Reference Processing: no references
[170.487s][debug][gc,ref         ] GC(15) ReferenceProcessor::execute queues: 1, RefProcThreadModel::Single, marks_oops_alive: false
[170.487s][debug][gc,phases      ] GC(15) Reference Processing 0.713ms
[170.488s][debug][gc,phases      ] GC(15)   VM Weak                        Min:  0.0, Avg:  0.0, Max:  0.0, Diff:  0.0, Sum:  0.0, Workers: 4
[170.488s][debug][gc,phases      ] GC(15)     Dead                           Min: 0, Avg:  0.0, Max: 0, Diff: 0, Sum: 0, Workers: 4
[170.488s][debug][gc,phases      ] GC(15)     Total                          Min: 0, Avg: 171.5, Max: 430, Diff: 430, Sum: 686, Workers: 4
[170.488s][debug][gc,phases      ] GC(15)   ObjectSynchronizer Weak        Min:  0.0, Avg:  0.0, Max:  0.0, Diff:  0.0, Sum:  0.0, Workers: 4
[170.488s][debug][gc,phases      ] GC(15)     Dead                           Min: 0, Avg:  0.0, Max: 0, Diff: 0, Sum: 0, Workers: 4
[170.488s][debug][gc,phases      ] GC(15)     Total                          Min: 0, Avg:  0.8, Max: 3, Diff: 3, Sum: 3, Workers: 4
[170.488s][debug][gc,phases      ] GC(15)   JVMTI Tag Weak OopStorage      Min:  0.0, Avg:  0.0, Max:  0.0, Diff:  0.0, Sum:  0.0, Workers: 4
[170.488s][debug][gc,phases      ] GC(15)     Dead                           Min: 0, Avg:  0.0, Max: 0, Diff: 0, Sum: 0, Workers: 4
[170.488s][debug][gc,phases      ] GC(15)     Total                          Min: 0, Avg:  0.0, Max: 0, Diff: 0, Sum: 0, Workers: 4
[170.488s][debug][gc,phases      ] GC(15)   StringTable Weak               Min:  0.0, Avg:  0.2, Max:  0.3, Diff:  0.3, Sum:  1.0, Workers: 4
[170.488s][debug][gc,phases      ] GC(15)     Dead                           Min: 0, Avg:  0.0, Max: 0, Diff: 0, Sum: 0, Workers: 4
[170.488s][debug][gc,phases      ] GC(15)     Total                          Min: 0, Avg: 10592.2, Max: 17536, Diff: 17536, Sum: 42369, Workers: 4
[170.488s][debug][gc,phases      ] GC(15)   ResolvedMethodTable Weak       Min:  0.0, Avg:  0.1, Max:  0.1, Diff:  0.1, Sum:  0.3, Workers: 4
[170.488s][debug][gc,phases      ] GC(15)     Dead                           Min: 0, Avg:  0.0, Max: 0, Diff: 0, Sum: 0, Workers: 4
[170.488s][debug][gc,phases      ] GC(15)     Total                          Min: 0, Avg: 2293.8, Max: 3799, Diff: 3799, Sum: 9175, Workers: 4
[170.488s][debug][gc,phases      ] GC(15)   JNI Weak                       Min:  0.0, Avg:  0.0, Max:  0.0, Diff:  0.0, Sum:  0.0, Workers: 4
[170.488s][debug][gc,phases      ] GC(15)     Dead                           Min: 0, Avg:  0.0, Max: 0, Diff: 0, Sum: 0, Workers: 4
[170.488s][debug][gc,phases      ] GC(15)     Total                          Min: 0, Avg: 11.2, Max: 45, Diff: 45, Sum: 45, Workers: 4
[170.488s][debug][gc,phases      ] GC(15)   StringDedup Table Weak         Min:  0.0, Avg:  0.0, Max:  0.0, Diff:  0.0, Sum:  0.0, Workers: 4
[170.488s][debug][gc,phases      ] GC(15)     Dead                           Min: 0, Avg:  0.0, Max: 0, Diff: 0, Sum: 0, Workers: 4
[170.488s][debug][gc,phases      ] GC(15)     Total                          Min: 0, Avg:  0.0, Max: 0, Diff: 0, Sum: 0, Workers: 4
[170.488s][debug][gc,phases      ] GC(15)   StringDedup Requests0 Weak     Min:  0.0, Avg:  0.0, Max:  0.0, Diff:  0.0, Sum:  0.0, Workers: 4
[170.488s][debug][gc,phases      ] GC(15)     Dead                           Min: 0, Avg:  0.0, Max: 0, Diff: 0, Sum: 0, Workers: 4
[170.488s][debug][gc,phases      ] GC(15)     Total                          Min: 0, Avg:  0.0, Max: 0, Diff: 0, Sum: 0, Workers: 4
[170.488s][debug][gc,phases      ] GC(15)   StringDedup Requests1 Weak     Min:  0.0, Avg:  0.0, Max:  0.0, Diff:  0.0, Sum:  0.0, Workers: 4
[170.488s][debug][gc,phases      ] GC(15)     Dead                           Min: 0, Avg:  0.0, Max: 0, Diff: 0, Sum: 0, Workers: 4
[170.488s][debug][gc,phases      ] GC(15)     Total                          Min: 0, Avg:  0.0, Max: 0, Diff: 0, Sum: 0, Workers: 4
[170.488s][debug][gc,phases      ] GC(15)   Weak JFR Old Object Samples    Min:  0.0, Avg:  0.0, Max:  0.0, Diff:  0.0, Sum:  0.0, Workers: 4
[170.488s][debug][gc,phases      ] GC(15)     Dead                           Min: 0, Avg:  0.0, Max: 0, Diff: 0, Sum: 0, Workers: 4
[170.488s][debug][gc,phases      ] GC(15)     Total                          Min: 0, Avg:  0.0, Max: 0, Diff: 0, Sum: 0, Workers: 4
[170.488s][debug][gc,phases      ] GC(15) Weak Processing 0.584ms
[170.488s][debug][gc,age         ] GC(15) Desired survivor size 332398592 bytes, new threshold 15 (max threshold 15)
[170.488s][info ][gc,heap        ] GC(15) PSYoungGen: 1649216K(1763840K)->228057K(1754624K) Eden: 1421312K(1421312K)->0K(1421312K) From: 227904K(342528K)->228057K(333312K)
[170.488s][info ][gc,heap        ] GC(15) ParOldGen: 6244K(18944K)->6252K(18944K)
[170.488s][info ][gc,metaspace   ] GC(15) Metaspace: 79284K(80192K)->79284K(80192K) NonClass: 67617K(68096K)->67617K(68096K) Class: 11666K(12096K)->11666K(12096K)
[170.488s][info ][gc             ] GC(15) Pause Young (Allocation Failure) 1616M->228M(1732M) 76.554ms
[170.488s][info ][gc,cpu         ] GC(15) User=0.28s Sys=0.00s Real=0.08s
[170.488s][info ][safepoint      ] Safepoint "ParallelGCFailedAllocation", Time since last: 5670093962 ns, Reaching safepoint: 4100 ns, Cleanup: 30900 ns, At safepoint: 76620283 ns, Total: 76655283 ns
[179.489s][info ][safepoint      ] Safepoint "Cleanup", Time since last: 9000511106 ns, Reaching safepoint: 4101 ns, Cleanup: 35700 ns, At safepoint: 2800 ns, Total: 42601 ns
[186.489s][info ][safepoint      ] Safepoint "Cleanup", Time since last: 7000452927 ns, Reaching safepoint: 3600 ns, Cleanup: 34900 ns, At safepoint: 3300 ns, Total: 41800 ns
[189.489s][info ][safepoint      ] Safepoint "Cleanup", Time since last: 3000206910 ns, Reaching safepoint: 3900 ns, Cleanup: 37500 ns, At safepoint: 3000 ns, Total: 44400 ns
[190.489s][info ][safepoint      ] Safepoint "Cleanup", Time since last: 1000098008 ns, Reaching safepoint: 4100 ns, Cleanup: 45801 ns, At safepoint: 6000 ns, Total: 55901 ns
[192.161s][info ][gc,start       ] GC(16) Pause Young (Allocation Failure)
[192.237s][debug][gc,phases      ] GC(16) Scavenge 76.027ms
[192.237s][debug][gc,ref         ] GC(16) Skipped phase 1 of Reference Processing: no references
[192.237s][debug][gc,ref         ] GC(16) ReferenceProcessor::execute queues: 4, RefProcThreadModel::Multi, marks_oops_alive: false
[192.238s][debug][gc,ref         ] GC(16) Skipped phase 3 of Reference Processing: no references
[192.238s][debug][gc,ref         ] GC(16) ReferenceProcessor::execute queues: 1, RefProcThreadModel::Single, marks_oops_alive: false
[192.238s][debug][gc,phases      ] GC(16) Reference Processing 0.639ms
[192.238s][debug][gc,phases      ] GC(16)   VM Weak                        Min:  0.0, Avg:  0.0, Max:  0.0, Diff:  0.0, Sum:  0.0, Workers: 4
[192.238s][debug][gc,phases      ] GC(16)     Dead                           Min: 0, Avg:  0.0, Max: 0, Diff: 0, Sum: 0, Workers: 4
[192.238s][debug][gc,phases      ] GC(16)     Total                          Min: 0, Avg: 171.5, Max: 448, Diff: 448, Sum: 686, Workers: 4
[192.238s][debug][gc,phases      ] GC(16)   ObjectSynchronizer Weak        Min:  0.0, Avg:  0.0, Max:  0.0, Diff:  0.0, Sum:  0.0, Workers: 4
[192.238s][debug][gc,phases      ] GC(16)     Dead                           Min: 0, Avg:  0.0, Max: 0, Diff: 0, Sum: 0, Workers: 4
[192.238s][debug][gc,phases      ] GC(16)     Total                          Min: 0, Avg:  0.8, Max: 3, Diff: 3, Sum: 3, Workers: 4
[192.238s][debug][gc,phases      ] GC(16)   JVMTI Tag Weak OopStorage      Min:  0.0, Avg:  0.0, Max:  0.0, Diff:  0.0, Sum:  0.0, Workers: 4
[192.238s][debug][gc,phases      ] GC(16)     Dead                           Min: 0, Avg:  0.0, Max: 0, Diff: 0, Sum: 0, Workers: 4
[192.238s][debug][gc,phases      ] GC(16)     Total                          Min: 0, Avg:  0.0, Max: 0, Diff: 0, Sum: 0, Workers: 4
[192.238s][debug][gc,phases      ] GC(16)   StringTable Weak               Min:  0.1, Avg:  0.3, Max:  0.3, Diff:  0.2, Sum:  1.0, Workers: 4
[192.238s][debug][gc,phases      ] GC(16)     Dead                           Min: 0, Avg:  0.0, Max: 0, Diff: 0, Sum: 0, Workers: 4
[192.238s][debug][gc,phases      ] GC(16)     Total                          Min: 4544, Avg: 10594.8, Max: 14592, Diff: 10048, Sum: 42379, Workers: 4
[192.238s][debug][gc,phases      ] GC(16)   ResolvedMethodTable Weak       Min:  0.1, Avg:  0.1, Max:  0.1, Diff:  0.0, Sum:  0.3, Workers: 4
[192.238s][debug][gc,phases      ] GC(16)     Dead                           Min: 0, Avg:  0.0, Max: 0, Diff: 0, Sum: 0, Workers: 4
[192.238s][debug][gc,phases      ] GC(16)     Total                          Min: 1856, Avg: 2293.8, Max: 2496, Diff: 640, Sum: 9175, Workers: 4
[192.238s][debug][gc,phases      ] GC(16)   JNI Weak                       Min:  0.0, Avg:  0.0, Max:  0.0, Diff:  0.0, Sum:  0.0, Workers: 4
[192.238s][debug][gc,phases      ] GC(16)     Dead                           Min: 0, Avg:  0.0, Max: 0, Diff: 0, Sum: 0, Workers: 4
[192.238s][debug][gc,phases      ] GC(16)     Total                          Min: 0, Avg: 11.2, Max: 45, Diff: 45, Sum: 45, Workers: 4
[192.238s][debug][gc,phases      ] GC(16)   StringDedup Table Weak         Min:  0.0, Avg:  0.0, Max:  0.0, Diff:  0.0, Sum:  0.0, Workers: 4
[192.238s][debug][gc,phases      ] GC(16)     Dead                           Min: 0, Avg:  0.0, Max: 0, Diff: 0, Sum: 0, Workers: 4
[192.238s][debug][gc,phases      ] GC(16)     Total                          Min: 0, Avg:  0.0, Max: 0, Diff: 0, Sum: 0, Workers: 4
[192.238s][debug][gc,phases      ] GC(16)   StringDedup Requests0 Weak     Min:  0.0, Avg:  0.0, Max:  0.0, Diff:  0.0, Sum:  0.0, Workers: 4
[192.238s][debug][gc,phases      ] GC(16)     Dead                           Min: 0, Avg:  0.0, Max: 0, Diff: 0, Sum: 0, Workers: 4
[192.238s][debug][gc,phases      ] GC(16)     Total                          Min: 0, Avg:  0.0, Max: 0, Diff: 0, Sum: 0, Workers: 4
[192.238s][debug][gc,phases      ] GC(16)   StringDedup Requests1 Weak     Min:  0.0, Avg:  0.0, Max:  0.0, Diff:  0.0, Sum:  0.0, Workers: 4
[192.238s][debug][gc,phases      ] GC(16)     Dead                           Min: 0, Avg:  0.0, Max: 0, Diff: 0, Sum: 0, Workers: 4
[192.238s][debug][gc,phases      ] GC(16)     Total                          Min: 0, Avg:  0.0, Max: 0, Diff: 0, Sum: 0, Workers: 4
[192.238s][debug][gc,phases      ] GC(16)   Weak JFR Old Object Samples    Min:  0.0, Avg:  0.0, Max:  0.0, Diff:  0.0, Sum:  0.0, Workers: 4
[192.238s][debug][gc,phases      ] GC(16)     Dead                           Min: 0, Avg:  0.0, Max: 0, Diff: 0, Sum: 0, Workers: 4
[192.238s][debug][gc,phases      ] GC(16)     Total                          Min: 0, Avg:  0.0, Max: 0, Diff: 0, Sum: 0, Workers: 4
[192.238s][debug][gc,phases      ] GC(16) Weak Processing 0.550ms
[192.238s][debug][gc,age         ] GC(16) Desired survivor size 324009984 bytes, new threshold 15 (max threshold 15)
[192.238s][info ][gc,heap        ] GC(16) PSYoungGen: 1649369K(1754624K)->227911K(1780736K) Eden: 1421312K(1421312K)->0K(1456128K) From: 228057K(333312K)->227911K(324608K)
[192.238s][info ][gc,heap        ] GC(16) ParOldGen: 6252K(18944K)->6260K(18944K)
[192.238s][info ][gc,metaspace   ] GC(16) Metaspace: 79288K(80192K)->79288K(80192K) NonClass: 67621K(68096K)->67621K(68096K) Class: 11666K(12096K)->11666K(12096K)
[192.238s][info ][gc             ] GC(16) Pause Young (Allocation Failure) 1616M->228M(1757M) 77.342ms
[192.238s][info ][gc,cpu         ] GC(16) User=0.28s Sys=0.01s Real=0.08s
[192.238s][info ][safepoint      ] Safepoint "ParallelGCFailedAllocation", Time since last: 1671404914 ns, Reaching safepoint: 3600 ns, Cleanup: 27301 ns, At safepoint: 77405788 ns, Total: 77436689 ns
[193.238s][info ][safepoint      ] Safepoint "Cleanup", Time since last: 1000076708 ns, Reaching safepoint: 4000 ns, Cleanup: 38901 ns, At safepoint: 17900 ns, Total: 60801 ns
[195.239s][info ][safepoint      ] Safepoint "Cleanup", Time since last: 2000147015 ns, Reaching safepoint: 3800 ns, Cleanup: 34801 ns, At safepoint: 3200 ns, Total: 41801 ns
[200.239s][info ][safepoint      ] Safepoint "Cleanup", Time since last: 5000355231 ns, Reaching safepoint: 3800 ns, Cleanup: 36300 ns, At safepoint: 4500 ns, Total: 44600 ns
[204.239s][info ][safepoint      ] Safepoint "Cleanup", Time since last: 4000276441 ns, Reaching safepoint: 4300 ns, Cleanup: 40600 ns, At safepoint: 7600 ns, Total: 52500 ns
[210.240s][info ][safepoint      ] Safepoint "Cleanup", Time since last: 6000381329 ns, Reaching safepoint: 4200 ns, Cleanup: 36100 ns, At safepoint: 2400 ns, Total: 42700 ns
[214.240s][info ][safepoint      ] Safepoint "Cleanup", Time since last: 4000287214 ns, Reaching safepoint: 3900 ns, Cleanup: 37301 ns, At safepoint: 2200 ns, Total: 43401 ns
[214.362s][info ][gc,start       ] GC(17) Pause Young (Allocation Failure)
[214.460s][debug][gc,phases      ] GC(17) Scavenge 98.153ms
[214.460s][debug][gc,ref         ] GC(17) Skipped phase 1 of Reference Processing: no references
[214.460s][debug][gc,ref         ] GC(17) ReferenceProcessor::execute queues: 4, RefProcThreadModel::Multi, marks_oops_alive: false
[214.461s][debug][gc,ref         ] GC(17) Skipped phase 3 of Reference Processing: no references
[214.461s][debug][gc,ref         ] GC(17) ReferenceProcessor::execute queues: 1, RefProcThreadModel::Single, marks_oops_alive: false
[214.461s][debug][gc,phases      ] GC(17) Reference Processing 0.940ms
[214.461s][debug][gc,phases      ] GC(17)   VM Weak                        Min:  0.0, Avg:  0.0, Max:  0.0, Diff:  0.0, Sum:  0.0, Workers: 4
[214.461s][debug][gc,phases      ] GC(17)     Dead                           Min: 0, Avg:  0.0, Max: 0, Diff: 0, Sum: 0, Workers: 4
[214.461s][debug][gc,phases      ] GC(17)     Total                          Min: 0, Avg: 171.5, Max: 494, Diff: 494, Sum: 686, Workers: 4
[214.461s][debug][gc,phases      ] GC(17)   ObjectSynchronizer Weak        Min:  0.0, Avg:  0.0, Max:  0.0, Diff:  0.0, Sum:  0.0, Workers: 4
[214.461s][debug][gc,phases      ] GC(17)     Dead                           Min: 0, Avg:  0.0, Max: 0, Diff: 0, Sum: 0, Workers: 4
[214.461s][debug][gc,phases      ] GC(17)     Total                          Min: 0, Avg:  0.8, Max: 3, Diff: 3, Sum: 3, Workers: 4
[214.461s][debug][gc,phases      ] GC(17)   JVMTI Tag Weak OopStorage      Min:  0.0, Avg:  0.0, Max:  0.0, Diff:  0.0, Sum:  0.0, Workers: 4
[214.461s][debug][gc,phases      ] GC(17)     Dead                           Min: 0, Avg:  0.0, Max: 0, Diff: 0, Sum: 0, Workers: 4
[214.461s][debug][gc,phases      ] GC(17)     Total                          Min: 0, Avg:  0.0, Max: 0, Diff: 0, Sum: 0, Workers: 4
[214.461s][debug][gc,phases      ] GC(17)   StringTable Weak               Min:  0.0, Avg:  0.3, Max:  0.4, Diff:  0.4, Sum:  1.1, Workers: 4
[214.461s][debug][gc,phases      ] GC(17)     Dead                           Min: 0, Avg:  0.0, Max: 0, Diff: 0, Sum: 0, Workers: 4
[214.461s][debug][gc,phases      ] GC(17)     Total                          Min: 0, Avg: 10595.2, Max: 15296, Diff: 15296, Sum: 42381, Workers: 4
[214.461s][debug][gc,phases      ] GC(17)   ResolvedMethodTable Weak       Min:  0.0, Avg:  0.1, Max:  0.1, Diff:  0.1, Sum:  0.3, Workers: 4
[214.461s][debug][gc,phases      ] GC(17)     Dead                           Min: 0, Avg:  0.0, Max: 0, Diff: 0, Sum: 0, Workers: 4
[214.461s][debug][gc,phases      ] GC(17)     Total                          Min: 0, Avg: 2293.8, Max: 3136, Diff: 3136, Sum: 9175, Workers: 4
[214.461s][debug][gc,phases      ] GC(17)   JNI Weak                       Min:  0.0, Avg:  0.0, Max:  0.0, Diff:  0.0, Sum:  0.0, Workers: 4
[214.461s][debug][gc,phases      ] GC(17)     Dead                           Min: 0, Avg:  0.0, Max: 0, Diff: 0, Sum: 0, Workers: 4
[214.461s][debug][gc,phases      ] GC(17)     Total                          Min: 0, Avg: 11.2, Max: 45, Diff: 45, Sum: 45, Workers: 4
[214.461s][debug][gc,phases      ] GC(17)   StringDedup Table Weak         Min:  0.0, Avg:  0.0, Max:  0.0, Diff:  0.0, Sum:  0.0, Workers: 4
[214.461s][debug][gc,phases      ] GC(17)     Dead                           Min: 0, Avg:  0.0, Max: 0, Diff: 0, Sum: 0, Workers: 4
[214.461s][debug][gc,phases      ] GC(17)     Total                          Min: 0, Avg:  0.0, Max: 0, Diff: 0, Sum: 0, Workers: 4
[214.461s][debug][gc,phases      ] GC(17)   StringDedup Requests0 Weak     Min:  0.0, Avg:  0.0, Max:  0.0, Diff:  0.0, Sum:  0.0, Workers: 4
[214.461s][debug][gc,phases      ] GC(17)     Dead                           Min: 0, Avg:  0.0, Max: 0, Diff: 0, Sum: 0, Workers: 4
[214.461s][debug][gc,phases      ] GC(17)     Total                          Min: 0, Avg:  0.0, Max: 0, Diff: 0, Sum: 0, Workers: 4
[214.461s][debug][gc,phases      ] GC(17)   StringDedup Requests1 Weak     Min:  0.0, Avg:  0.0, Max:  0.0, Diff:  0.0, Sum:  0.0, Workers: 4
[214.461s][debug][gc,phases      ] GC(17)     Dead                           Min: 0, Avg:  0.0, Max: 0, Diff: 0, Sum: 0, Workers: 4
[214.461s][debug][gc,phases      ] GC(17)     Total                          Min: 0, Avg:  0.0, Max: 0, Diff: 0, Sum: 0, Workers: 4
[214.461s][debug][gc,phases      ] GC(17)   Weak JFR Old Object Samples    Min:  0.0, Avg:  0.0, Max:  0.0, Diff:  0.0, Sum:  0.0, Workers: 4
[214.461s][debug][gc,phases      ] GC(17)     Dead                           Min: 0, Avg:  0.0, Max: 0, Diff: 0, Sum: 0, Workers: 4
[214.461s][debug][gc,phases      ] GC(17)     Total                          Min: 0, Avg:  0.0, Max: 0, Diff: 0, Sum: 0, Workers: 4
[214.461s][debug][gc,phases      ] GC(17) Weak Processing 0.683ms
[214.461s][debug][gc,age         ] GC(17) Desired survivor size 316669952 bytes, new threshold 15 (max threshold 15)
[214.461s][info ][gc,heap        ] GC(17) PSYoungGen: 1684039K(1780736K)->227887K(1772544K) Eden: 1456128K(1456128K)->0K(1456128K) From: 227911K(324608K)->227887K(316416K)
[214.461s][info ][gc,heap        ] GC(17) ParOldGen: 6260K(18944K)->6268K(18944K)
[214.461s][info ][gc,metaspace   ] GC(17) Metaspace: 79308K(80192K)->79308K(80192K) NonClass: 67641K(68096K)->67641K(68096K) Class: 11666K(12096K)->11666K(12096K)
[214.461s][info ][gc             ] GC(17) Pause Young (Allocation Failure) 1650M->228M(1749M) 99.897ms
[214.461s][info ][gc,cpu         ] GC(17) User=0.28s Sys=0.01s Real=0.10s
[214.461s][info ][safepoint      ] Safepoint "ParallelGCFailedAllocation", Time since last: 121382928 ns, Reaching safepoint: 5100 ns, Cleanup: 36600 ns, At safepoint: 99977364 ns, Total: 100019064 ns
[216.462s][info ][safepoint      ] Safepoint "Cleanup", Time since last: 2000151192 ns, Reaching safepoint: 72200 ns, Cleanup: 37401 ns, At safepoint: 5700 ns, Total: 115301 ns
[218.462s][info ][safepoint      ] Safepoint "Cleanup", Time since last: 2000191791 ns, Reaching safepoint: 5100 ns, Cleanup: 37801 ns, At safepoint: 7100 ns, Total: 50001 ns
[220.462s][info ][safepoint      ] Safepoint "Cleanup", Time since last: 2000167491 ns, Reaching safepoint: 78701 ns, Cleanup: 31400 ns, At safepoint: 6100 ns, Total: 116201 ns
[224.463s][info ][safepoint      ] Safepoint "Cleanup", Time since last: 4000300436 ns, Reaching safepoint: 3400 ns, Cleanup: 29800 ns, At safepoint: 6500 ns, Total: 39700 ns
[236.612s][info ][gc,start       ] GC(18) Pause Young (Allocation Failure)
[236.689s][debug][gc,phases      ] GC(18) Scavenge 76.042ms
[236.689s][debug][gc,ref         ] GC(18) Skipped phase 1 of Reference Processing: no references
[236.689s][debug][gc,ref         ] GC(18) ReferenceProcessor::execute queues: 4, RefProcThreadModel::Multi, marks_oops_alive: false
[236.689s][debug][gc,ref         ] GC(18) Skipped phase 3 of Reference Processing: no references
[236.689s][debug][gc,ref         ] GC(18) ReferenceProcessor::execute queues: 1, RefProcThreadModel::Single, marks_oops_alive: false
[236.689s][debug][gc,phases      ] GC(18) Reference Processing 0.637ms
[236.690s][debug][gc,phases      ] GC(18)   VM Weak                        Min:  0.0, Avg:  0.0, Max:  0.0, Diff:  0.0, Sum:  0.0, Workers: 4
[236.690s][debug][gc,phases      ] GC(18)     Dead                           Min: 0, Avg:  0.0, Max: 0, Diff: 0, Sum: 0, Workers: 4
[236.690s][debug][gc,phases      ] GC(18)     Total                          Min: 0, Avg: 171.5, Max: 448, Diff: 448, Sum: 686, Workers: 4
[236.690s][debug][gc,phases      ] GC(18)   ObjectSynchronizer Weak        Min:  0.0, Avg:  0.0, Max:  0.0, Diff:  0.0, Sum:  0.0, Workers: 4
[236.690s][debug][gc,phases      ] GC(18)     Dead                           Min: 0, Avg:  0.0, Max: 0, Diff: 0, Sum: 0, Workers: 4
[236.690s][debug][gc,phases      ] GC(18)     Total                          Min: 0, Avg:  0.8, Max: 3, Diff: 3, Sum: 3, Workers: 4
[236.690s][debug][gc,phases      ] GC(18)   JVMTI Tag Weak OopStorage      Min:  0.0, Avg:  0.0, Max:  0.0, Diff:  0.0, Sum:  0.0, Workers: 4
[236.690s][debug][gc,phases      ] GC(18)     Dead                           Min: 0, Avg:  0.0, Max: 0, Diff: 0, Sum: 0, Workers: 4
[236.690s][debug][gc,phases      ] GC(18)     Total                          Min: 0, Avg:  0.0, Max: 0, Diff: 0, Sum: 0, Workers: 4
[236.690s][debug][gc,phases      ] GC(18)   StringTable Weak               Min:  0.0, Avg:  0.3, Max:  0.3, Diff:  0.3, Sum:  1.0, Workers: 4
[236.690s][debug][gc,phases      ] GC(18)     Dead                           Min: 0, Avg:  0.0, Max: 0, Diff: 0, Sum: 0, Workers: 4
[236.690s][debug][gc,phases      ] GC(18)     Total                          Min: 0, Avg: 10597.2, Max: 17941, Diff: 17941, Sum: 42389, Workers: 4
[236.690s][debug][gc,phases      ] GC(18)   ResolvedMethodTable Weak       Min:  0.0, Avg:  0.1, Max:  0.1, Diff:  0.1, Sum:  0.2, Workers: 4
[236.690s][debug][gc,phases      ] GC(18)     Dead                           Min: 0, Avg:  0.0, Max: 0, Diff: 0, Sum: 0, Workers: 4
[236.690s][debug][gc,phases      ] GC(18)     Total                          Min: 0, Avg: 2293.8, Max: 3991, Diff: 3991, Sum: 9175, Workers: 4
[236.690s][debug][gc,phases      ] GC(18)   JNI Weak                       Min:  0.0, Avg:  0.0, Max:  0.0, Diff:  0.0, Sum:  0.0, Workers: 4
[236.690s][debug][gc,phases      ] GC(18)     Dead                           Min: 0, Avg:  0.0, Max: 0, Diff: 0, Sum: 0, Workers: 4
[236.690s][debug][gc,phases      ] GC(18)     Total                          Min: 0, Avg: 11.2, Max: 45, Diff: 45, Sum: 45, Workers: 4
[236.690s][debug][gc,phases      ] GC(18)   StringDedup Table Weak         Min:  0.0, Avg:  0.0, Max:  0.0, Diff:  0.0, Sum:  0.0, Workers: 4
[236.690s][debug][gc,phases      ] GC(18)     Dead                           Min: 0, Avg:  0.0, Max: 0, Diff: 0, Sum: 0, Workers: 4
[236.690s][debug][gc,phases      ] GC(18)     Total                          Min: 0, Avg:  0.0, Max: 0, Diff: 0, Sum: 0, Workers: 4
[236.690s][debug][gc,phases      ] GC(18)   StringDedup Requests0 Weak     Min:  0.0, Avg:  0.0, Max:  0.0, Diff:  0.0, Sum:  0.0, Workers: 4
[236.690s][debug][gc,phases      ] GC(18)     Dead                           Min: 0, Avg:  0.0, Max: 0, Diff: 0, Sum: 0, Workers: 4
[236.690s][debug][gc,phases      ] GC(18)     Total                          Min: 0, Avg:  0.0, Max: 0, Diff: 0, Sum: 0, Workers: 4
[236.690s][debug][gc,phases      ] GC(18)   StringDedup Requests1 Weak     Min:  0.0, Avg:  0.0, Max:  0.0, Diff:  0.0, Sum:  0.0, Workers: 4
[236.690s][debug][gc,phases      ] GC(18)     Dead                           Min: 0, Avg:  0.0, Max: 0, Diff: 0, Sum: 0, Workers: 4
[236.690s][debug][gc,phases      ] GC(18)     Total                          Min: 0, Avg:  0.0, Max: 0, Diff: 0, Sum: 0, Workers: 4
[236.690s][debug][gc,phases      ] GC(18)   Weak JFR Old Object Samples    Min:  0.0, Avg:  0.0, Max:  0.0, Diff:  0.0, Sum:  0.0, Workers: 4
[236.690s][debug][gc,phases      ] GC(18)     Dead                           Min: 0, Avg:  0.0, Max: 0, Diff: 0, Sum: 0, Workers: 4
[236.690s][debug][gc,phases      ] GC(18)     Total                          Min: 0, Avg:  0.0, Max: 0, Diff: 0, Sum: 0, Workers: 4
[236.690s][debug][gc,phases      ] GC(18) Weak Processing 0.584ms
[236.690s][debug][gc,age         ] GC(18) Desired survivor size 309854208 bytes, new threshold 15 (max threshold 15)
[236.690s][info ][gc,heap        ] GC(18) PSYoungGen: 1684015K(1772544K)->227942K(1794560K) Eden: 1456128K(1456128K)->0K(1485312K) From: 227887K(316416K)->227942K(309248K)
[236.690s][info ][gc,heap        ] GC(18) ParOldGen: 6268K(18944K)->6276K(18944K)
[236.690s][info ][gc,metaspace   ] GC(18) Metaspace: 79329K(80192K)->79329K(80192K) NonClass: 67662K(68096K)->67662K(68096K) Class: 11666K(12096K)->11666K(12096K)
[236.690s][info ][gc             ] GC(18) Pause Young (Allocation Failure) 1650M->228M(1771M) 77.381ms
[236.690s][info ][gc,cpu         ] GC(18) User=0.28s Sys=0.00s Real=0.07s
[236.690s][info ][safepoint      ] Safepoint "ParallelGCFailedAllocation", Time since last: 12149761648 ns, Reaching safepoint: 4200 ns, Cleanup: 21000 ns, At safepoint: 77446290 ns, Total: 77471490 ns
[259.361s][info ][gc,start       ] GC(19) Pause Young (Allocation Failure)
[259.440s][debug][gc,phases      ] GC(19) Scavenge 78.412ms
[259.440s][debug][gc,ref         ] GC(19) Skipped phase 1 of Reference Processing: no references
[259.440s][debug][gc,ref         ] GC(19) ReferenceProcessor::execute queues: 4, RefProcThreadModel::Multi, marks_oops_alive: false
[259.440s][debug][gc,ref         ] GC(19) Skipped phase 3 of Reference Processing: no references
[259.440s][debug][gc,ref         ] GC(19) ReferenceProcessor::execute queues: 1, RefProcThreadModel::Single, marks_oops_alive: false
[259.440s][debug][gc,phases      ] GC(19) Reference Processing 0.643ms
[259.441s][debug][gc,phases      ] GC(19)   VM Weak                        Min:  0.0, Avg:  0.0, Max:  0.0, Diff:  0.0, Sum:  0.0, Workers: 4
[259.441s][debug][gc,phases      ] GC(19)     Dead                           Min: 0, Avg:  0.0, Max: 0, Diff: 0, Sum: 0, Workers: 4
[259.441s][debug][gc,phases      ] GC(19)     Total                          Min: 0, Avg: 171.5, Max: 384, Diff: 384, Sum: 686, Workers: 4
[259.441s][debug][gc,phases      ] GC(19)   ObjectSynchronizer Weak        Min:  0.0, Avg:  0.0, Max:  0.0, Diff:  0.0, Sum:  0.0, Workers: 4
[259.441s][debug][gc,phases      ] GC(19)     Dead                           Min: 0, Avg:  0.0, Max: 0, Diff: 0, Sum: 0, Workers: 4
[259.441s][debug][gc,phases      ] GC(19)     Total                          Min: 0, Avg:  0.8, Max: 3, Diff: 3, Sum: 3, Workers: 4
[259.441s][debug][gc,phases      ] GC(19)   JVMTI Tag Weak OopStorage      Min:  0.0, Avg:  0.0, Max:  0.0, Diff:  0.0, Sum:  0.0, Workers: 4
[259.441s][debug][gc,phases      ] GC(19)     Dead                           Min: 0, Avg:  0.0, Max: 0, Diff: 0, Sum: 0, Workers: 4
[259.441s][debug][gc,phases      ] GC(19)     Total                          Min: 0, Avg:  0.0, Max: 0, Diff: 0, Sum: 0, Workers: 4
[259.441s][debug][gc,phases      ] GC(19)   StringTable Weak               Min:  0.0, Avg:  0.2, Max:  0.3, Diff:  0.3, Sum:  1.0, Workers: 4
[259.441s][debug][gc,phases      ] GC(19)     Dead                           Min: 0, Avg:  0.0, Max: 0, Diff: 0, Sum: 0, Workers: 4
[259.441s][debug][gc,phases      ] GC(19)     Total                          Min: 0, Avg: 10597.2, Max: 18752, Diff: 18752, Sum: 42389, Workers: 4
[259.441s][debug][gc,phases      ] GC(19)   ResolvedMethodTable Weak       Min:  0.0, Avg:  0.1, Max:  0.1, Diff:  0.1, Sum:  0.2, Workers: 4
[259.441s][debug][gc,phases      ] GC(19)     Dead                           Min: 0, Avg:  0.0, Max: 0, Diff: 0, Sum: 0, Workers: 4
[259.441s][debug][gc,phases      ] GC(19)     Total                          Min: 0, Avg: 2293.8, Max: 4183, Diff: 4183, Sum: 9175, Workers: 4
[259.441s][debug][gc,phases      ] GC(19)   JNI Weak                       Min:  0.0, Avg:  0.0, Max:  0.0, Diff:  0.0, Sum:  0.0, Workers: 4
[259.441s][debug][gc,phases      ] GC(19)     Dead                           Min: 0, Avg:  0.0, Max: 0, Diff: 0, Sum: 0, Workers: 4
[259.441s][debug][gc,phases      ] GC(19)     Total                          Min: 0, Avg: 11.2, Max: 45, Diff: 45, Sum: 45, Workers: 4
[259.441s][debug][gc,phases      ] GC(19)   StringDedup Table Weak         Min:  0.0, Avg:  0.0, Max:  0.0, Diff:  0.0, Sum:  0.0, Workers: 4
[259.441s][debug][gc,phases      ] GC(19)     Dead                           Min: 0, Avg:  0.0, Max: 0, Diff: 0, Sum: 0, Workers: 4
[259.441s][debug][gc,phases      ] GC(19)     Total                          Min: 0, Avg:  0.0, Max: 0, Diff: 0, Sum: 0, Workers: 4
[259.441s][debug][gc,phases      ] GC(19)   StringDedup Requests0 Weak     Min:  0.0, Avg:  0.0, Max:  0.0, Diff:  0.0, Sum:  0.0, Workers: 4
[259.441s][debug][gc,phases      ] GC(19)     Dead                           Min: 0, Avg:  0.0, Max: 0, Diff: 0, Sum: 0, Workers: 4
[259.441s][debug][gc,phases      ] GC(19)     Total                          Min: 0, Avg:  0.0, Max: 0, Diff: 0, Sum: 0, Workers: 4
[259.441s][debug][gc,phases      ] GC(19)   StringDedup Requests1 Weak     Min:  0.0, Avg:  0.0, Max:  0.0, Diff:  0.0, Sum:  0.0, Workers: 4
[259.441s][debug][gc,phases      ] GC(19)     Dead                           Min: 0, Avg:  0.0, Max: 0, Diff: 0, Sum: 0, Workers: 4
[259.441s][debug][gc,phases      ] GC(19)     Total                          Min: 0, Avg:  0.0, Max: 0, Diff: 0, Sum: 0, Workers: 4
[259.441s][debug][gc,phases      ] GC(19)   Weak JFR Old Object Samples    Min:  0.0, Avg:  0.0, Max:  0.0, Diff:  0.0, Sum:  0.0, Workers: 4
[259.441s][debug][gc,phases      ] GC(19)     Dead                           Min: 0, Avg:  0.0, Max: 0, Diff: 0, Sum: 0, Workers: 4
[259.441s][debug][gc,phases      ] GC(19)     Total                          Min: 0, Avg:  0.0, Max: 0, Diff: 0, Sum: 0, Workers: 4
[259.441s][debug][gc,phases      ] GC(19) Weak Processing 0.556ms
[259.441s][debug][gc,age         ] GC(19) Desired survivor size 305135616 bytes, new threshold 15 (max threshold 15)
[259.441s][info ][gc,heap        ] GC(19) PSYoungGen: 1713254K(1794560K)->202748K(1787904K) Eden: 1485312K(1485312K)->0K(1485312K) From: 227942K(309248K)->202748K(302592K)
[259.441s][info ][gc,heap        ] GC(19) ParOldGen: 6276K(18944K)->31454K(31744K)
[259.441s][info ][gc,metaspace   ] GC(19) Metaspace: 79337K(80192K)->79337K(80192K) NonClass: 67670K(68096K)->67670K(68096K) Class: 11666K(12096K)->11666K(12096K)
[259.441s][info ][gc             ] GC(19) Pause Young (Allocation Failure) 1679M->228M(1777M) 79.727ms
[259.441s][info ][gc,cpu         ] GC(19) User=0.30s Sys=0.00s Real=0.08s
[259.441s][debug][gc,phases      ] GC(20) Pre Compact 0.008ms
[259.441s][info ][gc,start       ] GC(20) Pause Full (Ergonomics)
[259.441s][info ][gc,phases,start] GC(20) Marking Phase
[259.519s][debug][gc,phases      ] GC(20) Par Mark 78.129ms
[259.519s][debug][gc,ref         ] GC(20) Skipped phase 1 of Reference Processing: no references
[259.519s][debug][gc,ref         ] GC(20) ReferenceProcessor::execute queues: 4, RefProcThreadModel::Multi, marks_oops_alive: false
[259.520s][debug][gc,ref         ] GC(20) Skipped phase 3 of Reference Processing: no references
[259.520s][debug][gc,ref         ] GC(20) ReferenceProcessor::execute queues: 1, RefProcThreadModel::Single, marks_oops_alive: false
[259.520s][debug][gc,phases      ] GC(20) Reference Processing 0.375ms
[259.520s][debug][gc,phases      ] GC(20)   VM Weak                        Min:  0.0, Avg:  0.0, Max:  0.0, Diff:  0.0, Sum:  0.0, Workers: 4
[259.520s][debug][gc,phases      ] GC(20)     Dead                           Min: 0, Avg:  0.0, Max: 0, Diff: 0, Sum: 0, Workers: 4
[259.520s][debug][gc,phases      ] GC(20)     Total                          Min: 0, Avg: 171.5, Max: 320, Diff: 320, Sum: 686, Workers: 4
[259.520s][debug][gc,phases      ] GC(20)   ObjectSynchronizer Weak        Min:  0.0, Avg:  0.0, Max:  0.0, Diff:  0.0, Sum:  0.0, Workers: 4
[259.520s][debug][gc,phases      ] GC(20)     Dead                           Min: 0, Avg:  0.0, Max: 0, Diff: 0, Sum: 0, Workers: 4
[259.520s][debug][gc,phases      ] GC(20)     Total                          Min: 0, Avg:  0.8, Max: 3, Diff: 3, Sum: 3, Workers: 4
[259.520s][debug][gc,phases      ] GC(20)   JVMTI Tag Weak OopStorage      Min:  0.0, Avg:  0.0, Max:  0.0, Diff:  0.0, Sum:  0.0, Workers: 4
[259.520s][debug][gc,phases      ] GC(20)     Dead                           Min: 0, Avg:  0.0, Max: 0, Diff: 0, Sum: 0, Workers: 4
[259.520s][debug][gc,phases      ] GC(20)     Total                          Min: 0, Avg:  0.0, Max: 0, Diff: 0, Sum: 0, Workers: 4
[259.520s][debug][gc,phases      ] GC(20)   StringTable Weak               Min:  0.0, Avg:  0.1, Max:  0.2, Diff:  0.2, Sum:  0.5, Workers: 4
[259.520s][debug][gc,phases      ] GC(20)     Dead                           Min: 0, Avg:  0.0, Max: 0, Diff: 0, Sum: 0, Workers: 4
[259.520s][debug][gc,phases      ] GC(20)     Total                          Min: 0, Avg: 10597.2, Max: 15744, Diff: 15744, Sum: 42389, Workers: 4
[259.520s][debug][gc,phases      ] GC(20)   ResolvedMethodTable Weak       Min:  0.0, Avg:  0.0, Max:  0.0, Diff:  0.0, Sum:  0.1, Workers: 4
[259.520s][debug][gc,phases      ] GC(20)     Dead                           Min: 0, Avg:  0.0, Max: 0, Diff: 0, Sum: 0, Workers: 4
[259.520s][debug][gc,phases      ] GC(20)     Total                          Min: 0, Avg: 2293.8, Max: 3607, Diff: 3607, Sum: 9175, Workers: 4
[259.520s][debug][gc,phases      ] GC(20)   JNI Weak                       Min:  0.0, Avg:  0.0, Max:  0.0, Diff:  0.0, Sum:  0.0, Workers: 4
[259.520s][debug][gc,phases      ] GC(20)     Dead                           Min: 0, Avg:  0.0, Max: 0, Diff: 0, Sum: 0, Workers: 4
[259.520s][debug][gc,phases      ] GC(20)     Total                          Min: 0, Avg: 11.2, Max: 45, Diff: 45, Sum: 45, Workers: 4
[259.520s][debug][gc,phases      ] GC(20)   StringDedup Table Weak         Min:  0.0, Avg:  0.0, Max:  0.0, Diff:  0.0, Sum:  0.0, Workers: 4
[259.520s][debug][gc,phases      ] GC(20)     Dead                           Min: 0, Avg:  0.0, Max: 0, Diff: 0, Sum: 0, Workers: 4
[259.520s][debug][gc,phases      ] GC(20)     Total                          Min: 0, Avg:  0.0, Max: 0, Diff: 0, Sum: 0, Workers: 4
[259.520s][debug][gc,phases      ] GC(20)   StringDedup Requests0 Weak     Min:  0.0, Avg:  0.0, Max:  0.0, Diff:  0.0, Sum:  0.0, Workers: 4
[259.520s][debug][gc,phases      ] GC(20)     Dead                           Min: 0, Avg:  0.0, Max: 0, Diff: 0, Sum: 0, Workers: 4
[259.520s][debug][gc,phases      ] GC(20)     Total                          Min: 0, Avg:  0.0, Max: 0, Diff: 0, Sum: 0, Workers: 4
[259.520s][debug][gc,phases      ] GC(20)   StringDedup Requests1 Weak     Min:  0.0, Avg:  0.0, Max:  0.0, Diff:  0.0, Sum:  0.0, Workers: 4
[259.520s][debug][gc,phases      ] GC(20)     Dead                           Min: 0, Avg:  0.0, Max: 0, Diff: 0, Sum: 0, Workers: 4
[259.520s][debug][gc,phases      ] GC(20)     Total                          Min: 0, Avg:  0.0, Max: 0, Diff: 0, Sum: 0, Workers: 4
[259.520s][debug][gc,phases      ] GC(20)   Weak JFR Old Object Samples    Min:  0.0, Avg:  0.0, Max:  0.0, Diff:  0.0, Sum:  0.0, Workers: 4
[259.520s][debug][gc,phases      ] GC(20)     Dead                           Min: 0, Avg:  0.0, Max: 0, Diff: 0, Sum: 0, Workers: 4
[259.520s][debug][gc,phases      ] GC(20)     Total                          Min: 0, Avg:  0.0, Max: 0, Diff: 0, Sum: 0, Workers: 4
[259.520s][debug][gc,phases      ] GC(20) Weak Processing 0.387ms
[259.520s][debug][gc,phases      ] GC(20) ClassLoaderData 0.079ms
[259.520s][debug][gc,phases      ] GC(20) Trigger cleanups 0.000ms
[259.536s][debug][gc,phases      ] GC(20) Class Unloading 15.435ms
[259.536s][debug][gc,phases      ] GC(20) Report Object Count 0.001ms
[259.536s][info ][gc,phases      ] GC(20) Marking Phase 94.483ms
[259.536s][info ][gc,phases,start] GC(20) Summary Phase
[259.536s][info ][gc,phases      ] GC(20) Summary Phase 0.007ms
[259.536s][info ][gc,phases,start] GC(20) Adjust Roots
[259.553s][info ][gc,phases      ] GC(20) Adjust Roots 17.517ms
[259.553s][info ][gc,phases,start] GC(20) Compaction Phase
[260.325s][info ][gc,phases      ] GC(20) Compaction Phase 772.207ms
[260.325s][info ][gc,phases,start] GC(20) Post Compact
[260.328s][info ][gc,phases      ] GC(20) Post Compact 2.456ms
[260.328s][info ][gc,heap        ] GC(20) PSYoungGen: 202748K(1787904K)->201702K(1787904K) Eden: 0K(1485312K)->0K(1485312K) From: 202748K(302592K)->201702K(302592K)
[260.328s][info ][gc,heap        ] GC(20) ParOldGen: 31454K(31744K)->31265K(65536K)
[260.328s][info ][gc,metaspace   ] GC(20) Metaspace: 79337K(80192K)->79337K(80192K) NonClass: 67670K(68096K)->67670K(68096K) Class: 11666K(12096K)->11666K(12096K)
[260.328s][info ][gc             ] GC(20) Pause Full (Ergonomics) 228M->227M(1810M) 886.843ms
[260.328s][info ][gc,cpu         ] GC(20) User=2.04s Sys=0.00s Real=0.89s
[260.328s][info ][safepoint      ] Safepoint "ParallelGCFailedAllocation", Time since last: 22671383029 ns, Reaching safepoint: 3900 ns, Cleanup: 21001 ns, At safepoint: 966682352 ns, Total: 966707253 ns
[262.328s][info ][safepoint      ] Safepoint "Cleanup", Time since last: 2000161712 ns, Reaching safepoint: 3900 ns, Cleanup: 32300 ns, At safepoint: 2000 ns, Total: 38200 ns
[268.329s][info ][safepoint      ] Safepoint "Cleanup", Time since last: 6000431231 ns, Reaching safepoint: 4800 ns, Cleanup: 24100 ns, At safepoint: 2300 ns, Total: 31200 ns
[270.329s][info ][safepoint      ] Safepoint "Cleanup", Time since last: 2000172119 ns, Reaching safepoint: 3600 ns, Cleanup: 32201 ns, At safepoint: 2700 ns, Total: 38501 ns
[272.329s][info ][safepoint      ] Safepoint "Cleanup", Time since last: 2000186023 ns, Reaching safepoint: 3600 ns, Cleanup: 34300 ns, At safepoint: 2000 ns, Total: 39900 ns
[278.329s][info ][safepoint      ] Safepoint "Cleanup", Time since last: 6000411474 ns, Reaching safepoint: 3800 ns, Cleanup: 34700 ns, At safepoint: 2500 ns, Total: 41000 ns
[281.330s][info ][safepoint      ] Safepoint "Cleanup", Time since last: 3000213145 ns, Reaching safepoint: 5100 ns, Cleanup: 33300 ns, At safepoint: 2700 ns, Total: 41100 ns
[282.063s][info ][gc,start       ] GC(21) Pause Young (Allocation Failure)
[282.148s][debug][gc,phases      ] GC(21) Scavenge 85.827ms
[282.148s][debug][gc,ref         ] GC(21) Skipped phase 1 of Reference Processing: no references
[282.149s][debug][gc,ref         ] GC(21) ReferenceProcessor::execute queues: 4, RefProcThreadModel::Multi, marks_oops_alive: false
[282.149s][debug][gc,ref         ] GC(21) Skipped phase 3 of Reference Processing: no references
[282.149s][debug][gc,ref         ] GC(21) ReferenceProcessor::execute queues: 1, RefProcThreadModel::Single, marks_oops_alive: false
[282.149s][debug][gc,phases      ] GC(21) Reference Processing 0.484ms
[282.149s][debug][gc,phases      ] GC(21)   VM Weak                        Min:  0.0, Avg:  0.0, Max:  0.0, Diff:  0.0, Sum:  0.0, Workers: 4
[282.149s][debug][gc,phases      ] GC(21)     Dead                           Min: 0, Avg:  0.0, Max: 0, Diff: 0, Sum: 0, Workers: 4
[282.149s][debug][gc,phases      ] GC(21)     Total                          Min: 64, Avg: 171.5, Max: 366, Diff: 302, Sum: 686, Workers: 4
[282.149s][debug][gc,phases      ] GC(21)   ObjectSynchronizer Weak        Min:  0.0, Avg:  0.0, Max:  0.0, Diff:  0.0, Sum:  0.0, Workers: 4
[282.149s][debug][gc,phases      ] GC(21)     Dead                           Min: 0, Avg:  0.0, Max: 0, Diff: 0, Sum: 0, Workers: 4
[282.149s][debug][gc,phases      ] GC(21)     Total                          Min: 0, Avg:  0.8, Max: 3, Diff: 3, Sum: 3, Workers: 4
[282.149s][debug][gc,phases      ] GC(21)   JVMTI Tag Weak OopStorage      Min:  0.0, Avg:  0.0, Max:  0.0, Diff:  0.0, Sum:  0.0, Workers: 4
[282.149s][debug][gc,phases      ] GC(21)     Dead                           Min: 0, Avg:  0.0, Max: 0, Diff: 0, Sum: 0, Workers: 4
[282.149s][debug][gc,phases      ] GC(21)     Total                          Min: 0, Avg:  0.0, Max: 0, Diff: 0, Sum: 0, Workers: 4
[282.149s][debug][gc,phases      ] GC(21)   StringTable Weak               Min:  0.2, Avg:  0.2, Max:  0.3, Diff:  0.0, Sum:  1.0, Workers: 4
[282.149s][debug][gc,phases      ] GC(21)     Dead                           Min: 0, Avg:  0.0, Max: 0, Diff: 0, Sum: 0, Workers: 4
[282.149s][debug][gc,phases      ] GC(21)     Total                          Min: 9088, Avg: 10600.2, Max: 11840, Diff: 2752, Sum: 42401, Workers: 4
[282.149s][debug][gc,phases      ] GC(21)   ResolvedMethodTable Weak       Min:  0.1, Avg:  0.1, Max:  0.1, Diff:  0.0, Sum:  0.3, Workers: 4
[282.149s][debug][gc,phases      ] GC(21)     Dead                           Min: 0, Avg:  0.0, Max: 0, Diff: 0, Sum: 0, Workers: 4
[282.149s][debug][gc,phases      ] GC(21)     Total                          Min: 1792, Avg: 2293.8, Max: 2560, Diff: 768, Sum: 9175, Workers: 4
[282.149s][debug][gc,phases      ] GC(21)   JNI Weak                       Min:  0.0, Avg:  0.0, Max:  0.0, Diff:  0.0, Sum:  0.0, Workers: 4
[282.149s][debug][gc,phases      ] GC(21)     Dead                           Min: 0, Avg:  0.0, Max: 0, Diff: 0, Sum: 0, Workers: 4
[282.149s][debug][gc,phases      ] GC(21)     Total                          Min: 0, Avg: 11.2, Max: 45, Diff: 45, Sum: 45, Workers: 4
[282.149s][debug][gc,phases      ] GC(21)   StringDedup Table Weak         Min:  0.0, Avg:  0.0, Max:  0.0, Diff:  0.0, Sum:  0.0, Workers: 4
[282.149s][debug][gc,phases      ] GC(21)     Dead                           Min: 0, Avg:  0.0, Max: 0, Diff: 0, Sum: 0, Workers: 4
[282.149s][debug][gc,phases      ] GC(21)     Total                          Min: 0, Avg:  0.0, Max: 0, Diff: 0, Sum: 0, Workers: 4
[282.149s][debug][gc,phases      ] GC(21)   StringDedup Requests0 Weak     Min:  0.0, Avg:  0.0, Max:  0.0, Diff:  0.0, Sum:  0.0, Workers: 4
[282.149s][debug][gc,phases      ] GC(21)     Dead                           Min: 0, Avg:  0.0, Max: 0, Diff: 0, Sum: 0, Workers: 4
[282.149s][debug][gc,phases      ] GC(21)     Total                          Min: 0, Avg:  0.0, Max: 0, Diff: 0, Sum: 0, Workers: 4
[282.149s][debug][gc,phases      ] GC(21)   StringDedup Requests1 Weak     Min:  0.0, Avg:  0.0, Max:  0.0, Diff:  0.0, Sum:  0.0, Workers: 4
[282.149s][debug][gc,phases      ] GC(21)     Dead                           Min: 0, Avg:  0.0, Max: 0, Diff: 0, Sum: 0, Workers: 4
[282.149s][debug][gc,phases      ] GC(21)     Total                          Min: 0, Avg:  0.0, Max: 0, Diff: 0, Sum: 0, Workers: 4
[282.149s][debug][gc,phases      ] GC(21)   Weak JFR Old Object Samples    Min:  0.0, Avg:  0.0, Max:  0.0, Diff:  0.0, Sum:  0.0, Workers: 4
[282.149s][debug][gc,phases      ] GC(21)     Dead                           Min: 0, Avg:  0.0, Max: 0, Diff: 0, Sum: 0, Workers: 4
[282.149s][debug][gc,phases      ] GC(21)     Total                          Min: 0, Avg:  0.0, Max: 0, Diff: 0, Sum: 0, Workers: 4
[282.149s][debug][gc,phases      ] GC(21) Weak Processing 0.464ms
[282.149s][debug][gc,age         ] GC(21) Desired survivor size 310378496 bytes, new threshold 15 (max threshold 15)
[282.149s][info ][gc,heap        ] GC(21) PSYoungGen: 1687014K(1787904K)->146864K(1788928K) Eden: 1485312K(1485312K)->0K(1490944K) From: 201702K(302592K)->146864K(297984K)
[282.149s][info ][gc,heap        ] GC(21) ParOldGen: 31265K(65536K)->87436K(87552K)
[282.149s][info ][gc,metaspace   ] GC(21) Metaspace: 79344K(80256K)->79344K(80256K) NonClass: 67677K(68160K)->67677K(68160K) Class: 11667K(12096K)->11667K(12096K)
[282.149s][info ][gc             ] GC(21) Pause Young (Allocation Failure) 1678M->228M(1832M) 86.895ms
[282.149s][info ][gc,cpu         ] GC(21) User=0.32s Sys=0.01s Real=0.09s
[282.149s][debug][gc,phases      ] GC(22) Pre Compact 0.008ms
[282.149s][info ][gc,start       ] GC(22) Pause Full (Ergonomics)
[282.149s][info ][gc,phases,start] GC(22) Marking Phase
[282.234s][debug][gc,phases      ] GC(22) Par Mark 84.368ms
[282.234s][debug][gc,ref         ] GC(22) Skipped phase 1 of Reference Processing: no references
[282.234s][debug][gc,ref         ] GC(22) ReferenceProcessor::execute queues: 4, RefProcThreadModel::Multi, marks_oops_alive: false
[282.234s][debug][gc,ref         ] GC(22) Skipped phase 3 of Reference Processing: no references
[282.234s][debug][gc,ref         ] GC(22) ReferenceProcessor::execute queues: 1, RefProcThreadModel::Single, marks_oops_alive: false
[282.234s][debug][gc,phases      ] GC(22) Reference Processing 0.534ms
[282.235s][debug][gc,phases      ] GC(22)   VM Weak                        Min:  0.0, Avg:  0.0, Max:  0.0, Diff:  0.0, Sum:  0.0, Workers: 4
[282.235s][debug][gc,phases      ] GC(22)     Dead                           Min: 0, Avg:  0.0, Max: 0, Diff: 0, Sum: 0, Workers: 4
[282.235s][debug][gc,phases      ] GC(22)     Total                          Min: 0, Avg: 171.5, Max: 366, Diff: 366, Sum: 686, Workers: 4
[282.235s][debug][gc,phases      ] GC(22)   ObjectSynchronizer Weak        Min:  0.0, Avg:  0.0, Max:  0.0, Diff:  0.0, Sum:  0.0, Workers: 4
[282.235s][debug][gc,phases      ] GC(22)     Dead                           Min: 0, Avg:  0.0, Max: 0, Diff: 0, Sum: 0, Workers: 4
[282.235s][debug][gc,phases      ] GC(22)     Total                          Min: 0, Avg:  0.8, Max: 3, Diff: 3, Sum: 3, Workers: 4
[282.235s][debug][gc,phases      ] GC(22)   JVMTI Tag Weak OopStorage      Min:  0.0, Avg:  0.0, Max:  0.0, Diff:  0.0, Sum:  0.0, Workers: 4
[282.235s][debug][gc,phases      ] GC(22)     Dead                           Min: 0, Avg:  0.0, Max: 0, Diff: 0, Sum: 0, Workers: 4
[282.235s][debug][gc,phases      ] GC(22)     Total                          Min: 0, Avg:  0.0, Max: 0, Diff: 0, Sum: 0, Workers: 4
[282.235s][debug][gc,phases      ] GC(22)   StringTable Weak               Min:  0.0, Avg:  0.1, Max:  0.2, Diff:  0.2, Sum:  0.5, Workers: 4
[282.235s][debug][gc,phases      ] GC(22)     Dead                           Min: 0, Avg:  0.0, Max: 0, Diff: 0, Sum: 0, Workers: 4
[282.235s][debug][gc,phases      ] GC(22)     Total                          Min: 0, Avg: 10600.2, Max: 16064, Diff: 16064, Sum: 42401, Workers: 4
[282.235s][debug][gc,phases      ] GC(22)   ResolvedMethodTable Weak       Min:  0.0, Avg:  0.0, Max:  0.0, Diff:  0.0, Sum:  0.1, Workers: 4
[282.235s][debug][gc,phases      ] GC(22)     Dead                           Min: 0, Avg:  0.0, Max: 0, Diff: 0, Sum: 0, Workers: 4
[282.235s][debug][gc,phases      ] GC(22)     Total                          Min: 0, Avg: 2293.8, Max: 3287, Diff: 3287, Sum: 9175, Workers: 4
[282.235s][debug][gc,phases      ] GC(22)   JNI Weak                       Min:  0.0, Avg:  0.0, Max:  0.0, Diff:  0.0, Sum:  0.0, Workers: 4
[282.235s][debug][gc,phases      ] GC(22)     Dead                           Min: 0, Avg:  0.0, Max: 0, Diff: 0, Sum: 0, Workers: 4
[282.235s][debug][gc,phases      ] GC(22)     Total                          Min: 0, Avg: 11.2, Max: 45, Diff: 45, Sum: 45, Workers: 4
[282.235s][debug][gc,phases      ] GC(22)   StringDedup Table Weak         Min:  0.0, Avg:  0.0, Max:  0.0, Diff:  0.0, Sum:  0.0, Workers: 4
[282.235s][debug][gc,phases      ] GC(22)     Dead                           Min: 0, Avg:  0.0, Max: 0, Diff: 0, Sum: 0, Workers: 4
[282.235s][debug][gc,phases      ] GC(22)     Total                          Min: 0, Avg:  0.0, Max: 0, Diff: 0, Sum: 0, Workers: 4
[282.235s][debug][gc,phases      ] GC(22)   StringDedup Requests0 Weak     Min:  0.0, Avg:  0.0, Max:  0.0, Diff:  0.0, Sum:  0.0, Workers: 4
[282.235s][debug][gc,phases      ] GC(22)     Dead                           Min: 0, Avg:  0.0, Max: 0, Diff: 0, Sum: 0, Workers: 4
[282.235s][debug][gc,phases      ] GC(22)     Total                          Min: 0, Avg:  0.0, Max: 0, Diff: 0, Sum: 0, Workers: 4
[282.235s][debug][gc,phases      ] GC(22)   StringDedup Requests1 Weak     Min:  0.0, Avg:  0.0, Max:  0.0, Diff:  0.0, Sum:  0.0, Workers: 4
[282.235s][debug][gc,phases      ] GC(22)     Dead                           Min: 0, Avg:  0.0, Max: 0, Diff: 0, Sum: 0, Workers: 4
[282.235s][debug][gc,phases      ] GC(22)     Total                          Min: 0, Avg:  0.0, Max: 0, Diff: 0, Sum: 0, Workers: 4
[282.235s][debug][gc,phases      ] GC(22)   Weak JFR Old Object Samples    Min:  0.0, Avg:  0.0, Max:  0.0, Diff:  0.0, Sum:  0.0, Workers: 4
[282.235s][debug][gc,phases      ] GC(22)     Dead                           Min: 0, Avg:  0.0, Max: 0, Diff: 0, Sum: 0, Workers: 4
[282.235s][debug][gc,phases      ] GC(22)     Total                          Min: 0, Avg:  0.0, Max: 0, Diff: 0, Sum: 0, Workers: 4
[282.235s][debug][gc,phases      ] GC(22) Weak Processing 0.368ms
[282.235s][debug][gc,phases      ] GC(22) ClassLoaderData 0.086ms
[282.235s][debug][gc,phases      ] GC(22) Trigger cleanups 0.000ms
[282.248s][debug][gc,phases      ] GC(22) Class Unloading 13.345ms
[282.248s][debug][gc,phases      ] GC(22) Report Object Count 0.001ms
[282.248s][info ][gc,phases      ] GC(22) Marking Phase 98.768ms
[282.248s][info ][gc,phases,start] GC(22) Summary Phase
[282.248s][info ][gc,phases      ] GC(22) Summary Phase 0.007ms
[282.248s][info ][gc,phases,start] GC(22) Adjust Roots
[282.265s][info ][gc,phases      ] GC(22) Adjust Roots 17.120ms
[282.265s][info ][gc,phases,start] GC(22) Compaction Phase
[282.677s][info ][gc,phases      ] GC(22) Compaction Phase 411.825ms
[282.677s][info ][gc,phases,start] GC(22) Post Compact
[282.679s][info ][gc,phases      ] GC(22) Post Compact 2.209ms
[282.680s][info ][gc,heap        ] GC(22) PSYoungGen: 146864K(1788928K)->145877K(1788928K) Eden: 0K(1490944K)->0K(1490944K) From: 146864K(297984K)->145877K(297984K)
[282.680s][info ][gc,heap        ] GC(22) ParOldGen: 87436K(87552K)->87131K(154624K)
[282.680s][info ][gc,metaspace   ] GC(22) Metaspace: 79344K(80256K)->79344K(80256K) NonClass: 67677K(68160K)->67677K(68160K) Class: 11667K(12096K)->11667K(12096K)
[282.680s][info ][gc             ] GC(22) Pause Full (Ergonomics) 228M->227M(1898M) 530.201ms
[282.680s][info ][gc,cpu         ] GC(22) User=1.37s Sys=0.00s Real=0.53s
[282.680s][info ][safepoint      ] Safepoint "ParallelGCFailedAllocation", Time since last: 732711079 ns, Reaching safepoint: 4300 ns, Cleanup: 30800 ns, At safepoint: 617207600 ns, Total: 617242700 ns
[283.680s][info ][safepoint      ] Safepoint "Cleanup", Time since last: 1000074815 ns, Reaching safepoint: 3900 ns, Cleanup: 37700 ns, At safepoint: 2200 ns, Total: 43800 ns
[285.680s][info ][safepoint      ] Safepoint "Cleanup", Time since last: 2000159336 ns, Reaching safepoint: 4400 ns, Cleanup: 30100 ns, At safepoint: 22900 ns, Total: 57400 ns
[286.680s][info ][safepoint      ] Safepoint "Cleanup", Time since last: 1000099623 ns, Reaching safepoint: 4500 ns, Cleanup: 35800 ns, At safepoint: 2400 ns, Total: 42700 ns
[287.680s][info ][safepoint      ] Safepoint "Cleanup", Time since last: 1000106923 ns, Reaching safepoint: 4000 ns, Cleanup: 40800 ns, At safepoint: 2900 ns, Total: 47700 ns
[293.681s][info ][safepoint      ] Safepoint "Cleanup", Time since last: 6000440124 ns, Reaching safepoint: 5100 ns, Cleanup: 32500 ns, At safepoint: 3000 ns, Total: 40600 ns
[301.681s][info ][safepoint      ] Safepoint "Cleanup", Time since last: 8000588445 ns, Reaching safepoint: 4301 ns, Cleanup: 54700 ns, At safepoint: 3800 ns, Total: 62801 ns
[304.862s][info ][gc,start       ] GC(23) Pause Young (Allocation Failure)
[304.947s][debug][gc,phases      ] GC(23) Scavenge 84.324ms
[304.947s][debug][gc,ref         ] GC(23) Skipped phase 1 of Reference Processing: no references
[304.947s][debug][gc,ref         ] GC(23) ReferenceProcessor::execute queues: 2, RefProcThreadModel::Multi, marks_oops_alive: false
[304.947s][debug][gc,ref         ] GC(23) Skipped phase 3 of Reference Processing: no references
[304.947s][debug][gc,ref         ] GC(23) ReferenceProcessor::execute queues: 1, RefProcThreadModel::Single, marks_oops_alive: false
[304.947s][debug][gc,phases      ] GC(23) Reference Processing 0.168ms
[304.947s][debug][gc,phases      ] GC(23)   VM Weak                        Min:  0.0, Avg:  0.0, Max:  0.0, Diff:  0.0, Sum:  0.0, Workers: 4
[304.947s][debug][gc,phases      ] GC(23)     Dead                           Min: 0, Avg:  0.0, Max: 0, Diff: 0, Sum: 0, Workers: 4
[304.947s][debug][gc,phases      ] GC(23)     Total                          Min: 0, Avg: 171.5, Max: 366, Diff: 366, Sum: 686, Workers: 4
[304.947s][debug][gc,phases      ] GC(23)   ObjectSynchronizer Weak        Min:  0.0, Avg:  0.0, Max:  0.0, Diff:  0.0, Sum:  0.0, Workers: 4
[304.947s][debug][gc,phases      ] GC(23)     Dead                           Min: 0, Avg:  0.0, Max: 0, Diff: 0, Sum: 0, Workers: 4
[304.947s][debug][gc,phases      ] GC(23)     Total                          Min: 0, Avg:  0.8, Max: 3, Diff: 3, Sum: 3, Workers: 4
[304.947s][debug][gc,phases      ] GC(23)   JVMTI Tag Weak OopStorage      Min:  0.0, Avg:  0.0, Max:  0.0, Diff:  0.0, Sum:  0.0, Workers: 4
[304.947s][debug][gc,phases      ] GC(23)     Dead                           Min: 0, Avg:  0.0, Max: 0, Diff: 0, Sum: 0, Workers: 4
[304.947s][debug][gc,phases      ] GC(23)     Total                          Min: 0, Avg:  0.0, Max: 0, Diff: 0, Sum: 0, Workers: 4
[304.947s][debug][gc,phases      ] GC(23)   StringTable Weak               Min:  0.0, Avg:  0.2, Max:  0.2, Diff:  0.2, Sum:  0.6, Workers: 4
[304.947s][debug][gc,phases      ] GC(23)     Dead                           Min: 0, Avg:  0.0, Max: 0, Diff: 0, Sum: 0, Workers: 4
[304.947s][debug][gc,phases      ] GC(23)     Total                          Min: 0, Avg: 10609.8, Max: 17351, Diff: 17351, Sum: 42439, Workers: 4
[304.947s][debug][gc,phases      ] GC(23)   ResolvedMethodTable Weak       Min:  0.0, Avg:  0.0, Max:  0.1, Diff:  0.1, Sum:  0.2, Workers: 4
[304.947s][debug][gc,phases      ] GC(23)     Dead                           Min: 0, Avg:  0.0, Max: 0, Diff: 0, Sum: 0, Workers: 4
[304.947s][debug][gc,phases      ] GC(23)     Total                          Min: 0, Avg: 2293.8, Max: 4288, Diff: 4288, Sum: 9175, Workers: 4
[304.947s][debug][gc,phases      ] GC(23)   JNI Weak                       Min:  0.0, Avg:  0.0, Max:  0.0, Diff:  0.0, Sum:  0.0, Workers: 4
[304.947s][debug][gc,phases      ] GC(23)     Dead                           Min: 0, Avg:  0.0, Max: 0, Diff: 0, Sum: 0, Workers: 4
[304.947s][debug][gc,phases      ] GC(23)     Total                          Min: 0, Avg: 11.2, Max: 45, Diff: 45, Sum: 45, Workers: 4
[304.947s][debug][gc,phases      ] GC(23)   StringDedup Table Weak         Min:  0.0, Avg:  0.0, Max:  0.0, Diff:  0.0, Sum:  0.0, Workers: 4
[304.947s][debug][gc,phases      ] GC(23)     Dead                           Min: 0, Avg:  0.0, Max: 0, Diff: 0, Sum: 0, Workers: 4
[304.947s][debug][gc,phases      ] GC(23)     Total                          Min: 0, Avg:  0.0, Max: 0, Diff: 0, Sum: 0, Workers: 4
[304.947s][debug][gc,phases      ] GC(23)   StringDedup Requests0 Weak     Min:  0.0, Avg:  0.0, Max:  0.0, Diff:  0.0, Sum:  0.0, Workers: 4
[304.947s][debug][gc,phases      ] GC(23)     Dead                           Min: 0, Avg:  0.0, Max: 0, Diff: 0, Sum: 0, Workers: 4
[304.947s][debug][gc,phases      ] GC(23)     Total                          Min: 0, Avg:  0.0, Max: 0, Diff: 0, Sum: 0, Workers: 4
[304.947s][debug][gc,phases      ] GC(23)   StringDedup Requests1 Weak     Min:  0.0, Avg:  0.0, Max:  0.0, Diff:  0.0, Sum:  0.0, Workers: 4
[304.947s][debug][gc,phases      ] GC(23)     Dead                           Min: 0, Avg:  0.0, Max: 0, Diff: 0, Sum: 0, Workers: 4
[304.947s][debug][gc,phases      ] GC(23)     Total                          Min: 0, Avg:  0.0, Max: 0, Diff: 0, Sum: 0, Workers: 4
[304.947s][debug][gc,phases      ] GC(23)   Weak JFR Old Object Samples    Min:  0.0, Avg:  0.0, Max:  0.0, Diff:  0.0, Sum:  0.0, Workers: 4
[304.947s][debug][gc,phases      ] GC(23)     Dead                           Min: 0, Avg:  0.0, Max: 0, Diff: 0, Sum: 0, Workers: 4
[304.947s][debug][gc,phases      ] GC(23)     Total                          Min: 0, Avg:  0.0, Max: 0, Diff: 0, Sum: 0, Workers: 4
[304.947s][debug][gc,phases      ] GC(23) Weak Processing 0.444ms
[304.947s][debug][gc,age         ] GC(23) Desired survivor size 332922880 bytes, new threshold 15 (max threshold 15)
[304.947s][info ][gc,heap        ] GC(23) PSYoungGen: 1636821K(1788928K)->31803K(1523200K) Eden: 1490944K(1490944K)->0K(1490944K) From: 145877K(297984K)->31803K(32256K)
[304.947s][info ][gc,heap        ] GC(23) ParOldGen: 87131K(154624K)->205100K(205312K)
[304.947s][info ][gc,metaspace   ] GC(23) Metaspace: 79344K(80256K)->79344K(80256K) NonClass: 67677K(68160K)->67677K(68160K) Class: 11667K(12096K)->11667K(12096K)
[304.947s][info ][gc             ] GC(23) Pause Young (Allocation Failure) 1683M->231M(1688M) 85.083ms
[304.947s][info ][gc,cpu         ] GC(23) User=0.28s Sys=0.03s Real=0.09s
[304.947s][debug][gc,phases      ] GC(24) Pre Compact 0.008ms
[304.947s][info ][gc,start       ] GC(24) Pause Full (Ergonomics)
[304.947s][info ][gc,phases,start] GC(24) Marking Phase
[305.027s][debug][gc,phases      ] GC(24) Par Mark 78.947ms
[305.027s][debug][gc,ref         ] GC(24) Skipped phase 1 of Reference Processing: no references
[305.027s][debug][gc,ref         ] GC(24) ReferenceProcessor::execute queues: 4, RefProcThreadModel::Multi, marks_oops_alive: false
[305.028s][debug][gc,ref         ] GC(24) Skipped phase 3 of Reference Processing: no references
[305.028s][debug][gc,ref         ] GC(24) ReferenceProcessor::execute queues: 1, RefProcThreadModel::Single, marks_oops_alive: false
[305.028s][debug][gc,phases      ] GC(24) Reference Processing 0.987ms
[305.028s][debug][gc,phases      ] GC(24)   VM Weak                        Min:  0.0, Avg:  0.0, Max:  0.0, Diff:  0.0, Sum:  0.0, Workers: 4
[305.028s][debug][gc,phases      ] GC(24)     Dead                           Min: 0, Avg:  0.0, Max: 0, Diff: 0, Sum: 0, Workers: 4
[305.028s][debug][gc,phases      ] GC(24)     Total                          Min: 0, Avg: 171.5, Max: 384, Diff: 384, Sum: 686, Workers: 4
[305.028s][debug][gc,phases      ] GC(24)   ObjectSynchronizer Weak        Min:  0.0, Avg:  0.0, Max:  0.0, Diff:  0.0, Sum:  0.0, Workers: 4
[305.028s][debug][gc,phases      ] GC(24)     Dead                           Min: 0, Avg:  0.0, Max: 0, Diff: 0, Sum: 0, Workers: 4
[305.028s][debug][gc,phases      ] GC(24)     Total                          Min: 0, Avg:  0.8, Max: 3, Diff: 3, Sum: 3, Workers: 4
[305.028s][debug][gc,phases      ] GC(24)   JVMTI Tag Weak OopStorage      Min:  0.0, Avg:  0.0, Max:  0.0, Diff:  0.0, Sum:  0.0, Workers: 4
[305.028s][debug][gc,phases      ] GC(24)     Dead                           Min: 0, Avg:  0.0, Max: 0, Diff: 0, Sum: 0, Workers: 4
[305.028s][debug][gc,phases      ] GC(24)     Total                          Min: 0, Avg:  0.0, Max: 0, Diff: 0, Sum: 0, Workers: 4
[305.028s][debug][gc,phases      ] GC(24)   StringTable Weak               Min:  0.0, Avg:  0.1, Max:  0.2, Diff:  0.2, Sum:  0.6, Workers: 4
[305.028s][debug][gc,phases      ] GC(24)     Dead                           Min: 0, Avg:  0.0, Max: 0, Diff: 0, Sum: 0, Workers: 4
[305.028s][debug][gc,phases      ] GC(24)     Total                          Min: 0, Avg: 10609.8, Max: 15296, Diff: 15296, Sum: 42439, Workers: 4
[305.028s][debug][gc,phases      ] GC(24)   ResolvedMethodTable Weak       Min:  0.0, Avg:  0.0, Max:  0.0, Diff:  0.0, Sum:  0.1, Workers: 4
[305.028s][debug][gc,phases      ] GC(24)     Dead                           Min: 0, Avg:  0.0, Max: 0, Diff: 0, Sum: 0, Workers: 4
[305.028s][debug][gc,phases      ] GC(24)     Total                          Min: 0, Avg: 2293.8, Max: 3392, Diff: 3392, Sum: 9175, Workers: 4
[305.028s][debug][gc,phases      ] GC(24)   JNI Weak                       Min:  0.0, Avg:  0.0, Max:  0.0, Diff:  0.0, Sum:  0.0, Workers: 4
[305.028s][debug][gc,phases      ] GC(24)     Dead                           Min: 0, Avg:  0.0, Max: 0, Diff: 0, Sum: 0, Workers: 4
[305.028s][debug][gc,phases      ] GC(24)     Total                          Min: 0, Avg: 11.2, Max: 45, Diff: 45, Sum: 45, Workers: 4
[305.028s][debug][gc,phases      ] GC(24)   StringDedup Table Weak         Min:  0.0, Avg:  0.0, Max:  0.0, Diff:  0.0, Sum:  0.0, Workers: 4
[305.028s][debug][gc,phases      ] GC(24)     Dead                           Min: 0, Avg:  0.0, Max: 0, Diff: 0, Sum: 0, Workers: 4
[305.028s][debug][gc,phases      ] GC(24)     Total                          Min: 0, Avg:  0.0, Max: 0, Diff: 0, Sum: 0, Workers: 4
[305.028s][debug][gc,phases      ] GC(24)   StringDedup Requests0 Weak     Min:  0.0, Avg:  0.0, Max:  0.0, Diff:  0.0, Sum:  0.0, Workers: 4
[305.028s][debug][gc,phases      ] GC(24)     Dead                           Min: 0, Avg:  0.0, Max: 0, Diff: 0, Sum: 0, Workers: 4
[305.028s][debug][gc,phases      ] GC(24)     Total                          Min: 0, Avg:  0.0, Max: 0, Diff: 0, Sum: 0, Workers: 4
[305.028s][debug][gc,phases      ] GC(24)   StringDedup Requests1 Weak     Min:  0.0, Avg:  0.0, Max:  0.0, Diff:  0.0, Sum:  0.0, Workers: 4
[305.028s][debug][gc,phases      ] GC(24)     Dead                           Min: 0, Avg:  0.0, Max: 0, Diff: 0, Sum: 0, Workers: 4
[305.028s][debug][gc,phases      ] GC(24)     Total                          Min: 0, Avg:  0.0, Max: 0, Diff: 0, Sum: 0, Workers: 4
[305.028s][debug][gc,phases      ] GC(24)   Weak JFR Old Object Samples    Min:  0.0, Avg:  0.0, Max:  0.0, Diff:  0.0, Sum:  0.0, Workers: 4
[305.028s][debug][gc,phases      ] GC(24)     Dead                           Min: 0, Avg:  0.0, Max: 0, Diff: 0, Sum: 0, Workers: 4
[305.028s][debug][gc,phases      ] GC(24)     Total                          Min: 0, Avg:  0.0, Max: 0, Diff: 0, Sum: 0, Workers: 4
[305.028s][debug][gc,phases      ] GC(24) Weak Processing 0.389ms
[305.028s][debug][gc,phases      ] GC(24) ClassLoaderData 0.078ms
[305.028s][debug][gc,phases      ] GC(24) Trigger cleanups 0.000ms
[305.041s][debug][gc,phases      ] GC(24) Class Unloading 13.387ms
[305.041s][debug][gc,phases      ] GC(24) Report Object Count 0.001ms
[305.041s][info ][gc,phases      ] GC(24) Marking Phase 93.870ms
[305.041s][info ][gc,phases,start] GC(24) Summary Phase
[305.041s][info ][gc,phases      ] GC(24) Summary Phase 0.007ms
[305.041s][info ][gc,phases,start] GC(24) Adjust Roots
[305.054s][info ][gc,phases      ] GC(24) Adjust Roots 12.388ms
[305.054s][info ][gc,phases,start] GC(24) Compaction Phase
[305.197s][info ][gc,phases      ] GC(24) Compaction Phase 142.788ms
[305.197s][info ][gc,phases,start] GC(24) Post Compact
[305.198s][info ][gc,phases      ] GC(24) Post Compact 0.952ms
[305.198s][info ][gc,heap        ] GC(24) PSYoungGen: 31803K(1523200K)->31573K(1523200K) Eden: 0K(1490944K)->0K(1490944K) From: 31803K(32256K)->31573K(32256K)
[305.198s][info ][gc,heap        ] GC(24) ParOldGen: 205100K(205312K)->201381K(330240K)
[305.198s][info ][gc,metaspace   ] GC(24) Metaspace: 79344K(80256K)->79344K(80256K) NonClass: 67677K(68160K)->67677K(68160K) Class: 11667K(12096K)->11667K(12096K)
[305.198s][info ][gc             ] GC(24) Pause Full (Ergonomics) 231M->227M(1810M) 250.287ms
[305.198s][info ][gc,cpu         ] GC(24) User=0.87s Sys=0.00s Real=0.25s
[305.198s][info ][safepoint      ] Safepoint "ParallelGCFailedAllocation", Time since last: 3180831175 ns, Reaching safepoint: 4400 ns, Cleanup: 21000 ns, At safepoint: 335484150 ns, Total: 335509550 ns
[311.721s][info ][safepoint      ] Safepoint "Cleanup", Time since last: 6523412528 ns, Reaching safepoint: 3000 ns, Cleanup: 31200 ns, At safepoint: 4100 ns, Total: 38300 ns
[312.723s][info ][safepoint      ] Safepoint "Cleanup", Time since last: 1001639695 ns, Reaching safepoint: 3700 ns, Cleanup: 127401 ns, At safepoint: 5800 ns, Total: 136901 ns
[318.723s][info ][safepoint      ] Safepoint "Cleanup", Time since last: 6000380631 ns, Reaching safepoint: 5100 ns, Cleanup: 35000 ns, At safepoint: 3000 ns, Total: 43100 ns
[319.724s][info ][safepoint      ] Safepoint "Cleanup", Time since last: 1000105604 ns, Reaching safepoint: 3800 ns, Cleanup: 36701 ns, At safepoint: 3500 ns, Total: 44001 ns
[322.724s][info ][safepoint      ] Safepoint "Cleanup", Time since last: 3000227011 ns, Reaching safepoint: 2700 ns, Cleanup: 29600 ns, At safepoint: 2400 ns, Total: 34700 ns
[327.512s][info ][gc,start       ] GC(25) Pause Young (Allocation Failure)
[327.551s][debug][gc,phases      ] GC(25) Scavenge 39.035ms
[327.551s][debug][gc,ref         ] GC(25) Skipped phase 1 of Reference Processing: no references
[327.551s][debug][gc,ref         ] GC(25) ReferenceProcessor::execute queues: 1, RefProcThreadModel::Single, marks_oops_alive: false
[327.551s][debug][gc,ref         ] GC(25) Skipped phase 3 of Reference Processing: no references
[327.551s][debug][gc,ref         ] GC(25) ReferenceProcessor::execute queues: 1, RefProcThreadModel::Single, marks_oops_alive: false
[327.551s][debug][gc,phases      ] GC(25) Reference Processing 0.099ms
[327.551s][debug][gc,phases      ] GC(25)   VM Weak                        Min:  0.0, Avg:  0.0, Max:  0.0, Diff:  0.0, Sum:  0.0, Workers: 4
[327.551s][debug][gc,phases      ] GC(25)     Dead                           Min: 0, Avg:  0.0, Max: 0, Diff: 0, Sum: 0, Workers: 4
[327.551s][debug][gc,phases      ] GC(25)     Total                          Min: 0, Avg: 171.8, Max: 687, Diff: 687, Sum: 687, Workers: 4
[327.551s][debug][gc,phases      ] GC(25)   ObjectSynchronizer Weak        Min:  0.0, Avg:  0.0, Max:  0.0, Diff:  0.0, Sum:  0.0, Workers: 4
[327.551s][debug][gc,phases      ] GC(25)     Dead                           Min: 0, Avg:  0.2, Max: 1, Diff: 1, Sum: 1, Workers: 4
[327.551s][debug][gc,phases      ] GC(25)     Total                          Min: 0, Avg:  1.0, Max: 4, Diff: 4, Sum: 4, Workers: 4
[327.551s][debug][gc,phases      ] GC(25)   JVMTI Tag Weak OopStorage      Min:  0.0, Avg:  0.0, Max:  0.0, Diff:  0.0, Sum:  0.0, Workers: 4
[327.551s][debug][gc,phases      ] GC(25)     Dead                           Min: 0, Avg:  0.0, Max: 0, Diff: 0, Sum: 0, Workers: 4
[327.551s][debug][gc,phases      ] GC(25)     Total                          Min: 0, Avg:  0.0, Max: 0, Diff: 0, Sum: 0, Workers: 4
[327.551s][debug][gc,phases      ] GC(25)   StringTable Weak               Min:  0.0, Avg:  0.1, Max:  0.1, Diff:  0.1, Sum:  0.4, Workers: 4
[327.551s][debug][gc,phases      ] GC(25)     Dead                           Min: 0, Avg:  0.5, Max: 2, Diff: 2, Sum: 2, Workers: 4
[327.551s][debug][gc,phases      ] GC(25)     Total                          Min: 0, Avg: 10618.5, Max: 17279, Diff: 17279, Sum: 42474, Workers: 4
[327.551s][debug][gc,phases      ] GC(25)   ResolvedMethodTable Weak       Min:  0.0, Avg:  0.0, Max:  0.0, Diff:  0.0, Sum:  0.1, Workers: 4
[327.551s][debug][gc,phases      ] GC(25)     Dead                           Min: 0, Avg:  0.0, Max: 0, Diff: 0, Sum: 0, Workers: 4
[327.551s][debug][gc,phases      ] GC(25)     Total                          Min: 0, Avg: 2304.0, Max: 3840, Diff: 3840, Sum: 9216, Workers: 4
[327.551s][debug][gc,phases      ] GC(25)   JNI Weak                       Min:  0.0, Avg:  0.0, Max:  0.0, Diff:  0.0, Sum:  0.0, Workers: 4
[327.551s][debug][gc,phases      ] GC(25)     Dead                           Min: 0, Avg:  0.0, Max: 0, Diff: 0, Sum: 0, Workers: 4
[327.551s][debug][gc,phases      ] GC(25)     Total                          Min: 0, Avg: 11.2, Max: 45, Diff: 45, Sum: 45, Workers: 4
[327.551s][debug][gc,phases      ] GC(25)   StringDedup Table Weak         Min:  0.0, Avg:  0.0, Max:  0.0, Diff:  0.0, Sum:  0.0, Workers: 4
[327.551s][debug][gc,phases      ] GC(25)     Dead                           Min: 0, Avg:  0.0, Max: 0, Diff: 0, Sum: 0, Workers: 4
[327.551s][debug][gc,phases      ] GC(25)     Total                          Min: 0, Avg:  0.0, Max: 0, Diff: 0, Sum: 0, Workers: 4
[327.551s][debug][gc,phases      ] GC(25)   StringDedup Requests0 Weak     Min:  0.0, Avg:  0.0, Max:  0.0, Diff:  0.0, Sum:  0.0, Workers: 4
[327.551s][debug][gc,phases      ] GC(25)     Dead                           Min: 0, Avg:  0.0, Max: 0, Diff: 0, Sum: 0, Workers: 4
[327.551s][debug][gc,phases      ] GC(25)     Total                          Min: 0, Avg:  0.0, Max: 0, Diff: 0, Sum: 0, Workers: 4
[327.551s][debug][gc,phases      ] GC(25)   StringDedup Requests1 Weak     Min:  0.0, Avg:  0.0, Max:  0.0, Diff:  0.0, Sum:  0.0, Workers: 4
[327.551s][debug][gc,phases      ] GC(25)     Dead                           Min: 0, Avg:  0.0, Max: 0, Diff: 0, Sum: 0, Workers: 4
[327.551s][debug][gc,phases      ] GC(25)     Total                          Min: 0, Avg:  0.0, Max: 0, Diff: 0, Sum: 0, Workers: 4
[327.551s][debug][gc,phases      ] GC(25)   Weak JFR Old Object Samples    Min:  0.0, Avg:  0.0, Max:  0.0, Diff:  0.0, Sum:  0.0, Workers: 4
[327.551s][debug][gc,phases      ] GC(25)     Dead                           Min: 0, Avg:  0.0, Max: 0, Diff: 0, Sum: 0, Workers: 4
[327.551s][debug][gc,phases      ] GC(25)     Total                          Min: 0, Avg:  0.0, Max: 0, Diff: 0, Sum: 0, Workers: 4
[327.551s][debug][gc,phases      ] GC(25) Weak Processing 0.336ms
[327.551s][debug][gc,age         ] GC(25) Desired survivor size 353894400 bytes, new threshold 15 (max threshold 15)
[327.551s][info ][gc,heap        ] GC(25) PSYoungGen: 1522517K(1523200K)->480K(1731072K) Eden: 1490944K(1490944K)->0K(1405952K) From: 31573K(32256K)->480K(325120K)
[327.551s][info ][gc,heap        ] GC(25) ParOldGen: 201381K(330240K)->233863K(330240K)
[327.551s][info ][gc,metaspace   ] GC(25) Metaspace: 79514K(80384K)->79514K(80384K) NonClass: 67820K(68288K)->67820K(68288K) Class: 11693K(12096K)->11693K(12096K)
[327.551s][info ][gc             ] GC(25) Pause Young (Allocation Failure) 1683M->228M(2013M) 39.596ms
[327.551s][info ][gc,cpu         ] GC(25) User=0.12s Sys=0.01s Real=0.03s
[327.551s][info ][safepoint      ] Safepoint "ParallelGCFailedAllocation", Time since last: 4787835906 ns, Reaching safepoint: 4100 ns, Cleanup: 30501 ns, At safepoint: 39685401 ns, Total: 39720002 ns
[331.552s][info ][safepoint      ] Safepoint "Cleanup", Time since last: 4000247421 ns, Reaching safepoint: 4300 ns, Cleanup: 44800 ns, At safepoint: 6500 ns, Total: 55600 ns
[335.552s][info ][safepoint      ] Safepoint "Cleanup", Time since last: 4000284355 ns, Reaching safepoint: 4100 ns, Cleanup: 36900 ns, At safepoint: 9500 ns, Total: 50500 ns
[336.552s][info ][safepoint      ] Safepoint "Cleanup", Time since last: 1000101079 ns, Reaching safepoint: 3700 ns, Cleanup: 44501 ns, At safepoint: 2200 ns, Total: 50401 ns
[338.552s][info ][safepoint      ] Safepoint "Cleanup", Time since last: 2000162358 ns, Reaching safepoint: 4300 ns, Cleanup: 36301 ns, At safepoint: 3600 ns, Total: 44201 ns
[343.553s][info ][safepoint      ] Safepoint "Cleanup", Time since last: 5000368003 ns, Reaching safepoint: 4500 ns, Cleanup: 38200 ns, At safepoint: 2400 ns, Total: 45100 ns
[349.012s][info ][gc,start       ] GC(26) Pause Young (Allocation Failure)
[349.015s][debug][gc,phases      ] GC(26) Scavenge 3.553ms
[349.015s][debug][gc,ref         ] GC(26) Skipped phase 1 of Reference Processing: no references
[349.015s][debug][gc,ref         ] GC(26) ReferenceProcessor::execute queues: 1, RefProcThreadModel::Single, marks_oops_alive: false
[349.015s][debug][gc,ref         ] GC(26) Skipped phase 3 of Reference Processing: no references
[349.015s][debug][gc,ref         ] GC(26) ReferenceProcessor::execute queues: 1, RefProcThreadModel::Single, marks_oops_alive: false
[349.015s][debug][gc,phases      ] GC(26) Reference Processing 0.089ms
[349.016s][debug][gc,phases      ] GC(26)   VM Weak                        Min:  0.0, Avg:  0.0, Max:  0.0, Diff:  0.0, Sum:  0.0, Workers: 4
[349.016s][debug][gc,phases      ] GC(26)     Dead                           Min: 0, Avg:  0.0, Max: 0, Diff: 0, Sum: 0, Workers: 4
[349.016s][debug][gc,phases      ] GC(26)     Total                          Min: 0, Avg: 171.8, Max: 687, Diff: 687, Sum: 687, Workers: 4
[349.016s][debug][gc,phases      ] GC(26)   ObjectSynchronizer Weak        Min:  0.0, Avg:  0.0, Max:  0.0, Diff:  0.0, Sum:  0.0, Workers: 4
[349.016s][debug][gc,phases      ] GC(26)     Dead                           Min: 0, Avg:  0.0, Max: 0, Diff: 0, Sum: 0, Workers: 4
[349.016s][debug][gc,phases      ] GC(26)     Total                          Min: 0, Avg:  1.0, Max: 4, Diff: 4, Sum: 4, Workers: 4
[349.016s][debug][gc,phases      ] GC(26)   JVMTI Tag Weak OopStorage      Min:  0.0, Avg:  0.0, Max:  0.0, Diff:  0.0, Sum:  0.0, Workers: 4
[349.016s][debug][gc,phases      ] GC(26)     Dead                           Min: 0, Avg:  0.0, Max: 0, Diff: 0, Sum: 0, Workers: 4
[349.016s][debug][gc,phases      ] GC(26)     Total                          Min: 0, Avg:  0.0, Max: 0, Diff: 0, Sum: 0, Workers: 4
[349.016s][debug][gc,phases      ] GC(26)   StringTable Weak               Min:  0.0, Avg:  0.1, Max:  0.1, Diff:  0.1, Sum:  0.4, Workers: 4
[349.016s][debug][gc,phases      ] GC(26)     Dead                           Min: 0, Avg:  0.0, Max: 0, Diff: 0, Sum: 0, Workers: 4
[349.016s][debug][gc,phases      ] GC(26)     Total                          Min: 0, Avg: 10628.5, Max: 16320, Diff: 16320, Sum: 42514, Workers: 4
[349.016s][debug][gc,phases      ] GC(26)   ResolvedMethodTable Weak       Min:  0.0, Avg:  0.0, Max:  0.0, Diff:  0.0, Sum:  0.1, Workers: 4
[349.016s][debug][gc,phases      ] GC(26)     Dead                           Min: 0, Avg:  0.0, Max: 0, Diff: 0, Sum: 0, Workers: 4
[349.016s][debug][gc,phases      ] GC(26)     Total                          Min: 0, Avg: 2304.0, Max: 3840, Diff: 3840, Sum: 9216, Workers: 4
[349.016s][debug][gc,phases      ] GC(26)   JNI Weak                       Min:  0.0, Avg:  0.0, Max:  0.0, Diff:  0.0, Sum:  0.0, Workers: 4
[349.016s][debug][gc,phases      ] GC(26)     Dead                           Min: 0, Avg:  0.0, Max: 0, Diff: 0, Sum: 0, Workers: 4
[349.016s][debug][gc,phases      ] GC(26)     Total                          Min: 0, Avg: 11.2, Max: 45, Diff: 45, Sum: 45, Workers: 4
[349.016s][debug][gc,phases      ] GC(26)   StringDedup Table Weak         Min:  0.0, Avg:  0.0, Max:  0.0, Diff:  0.0, Sum:  0.0, Workers: 4
[349.016s][debug][gc,phases      ] GC(26)     Dead                           Min: 0, Avg:  0.0, Max: 0, Diff: 0, Sum: 0, Workers: 4
[349.016s][debug][gc,phases      ] GC(26)     Total                          Min: 0, Avg:  0.0, Max: 0, Diff: 0, Sum: 0, Workers: 4
[349.016s][debug][gc,phases      ] GC(26)   StringDedup Requests0 Weak     Min:  0.0, Avg:  0.0, Max:  0.0, Diff:  0.0, Sum:  0.0, Workers: 4
[349.016s][debug][gc,phases      ] GC(26)     Dead                           Min: 0, Avg:  0.0, Max: 0, Diff: 0, Sum: 0, Workers: 4
[349.016s][debug][gc,phases      ] GC(26)     Total                          Min: 0, Avg:  0.0, Max: 0, Diff: 0, Sum: 0, Workers: 4
[349.016s][debug][gc,phases      ] GC(26)   StringDedup Requests1 Weak     Min:  0.0, Avg:  0.0, Max:  0.0, Diff:  0.0, Sum:  0.0, Workers: 4
[349.016s][debug][gc,phases      ] GC(26)     Dead                           Min: 0, Avg:  0.0, Max: 0, Diff: 0, Sum: 0, Workers: 4
[349.016s][debug][gc,phases      ] GC(26)     Total                          Min: 0, Avg:  0.0, Max: 0, Diff: 0, Sum: 0, Workers: 4
[349.016s][debug][gc,phases      ] GC(26)   Weak JFR Old Object Samples    Min:  0.0, Avg:  0.0, Max:  0.0, Diff:  0.0, Sum:  0.0, Workers: 4
[349.016s][debug][gc,phases      ] GC(26)     Dead                           Min: 0, Avg:  0.0, Max: 0, Diff: 0, Sum: 0, Workers: 4
[349.016s][debug][gc,phases      ] GC(26)     Total                          Min: 0, Avg:  0.0, Max: 0, Diff: 0, Sum: 0, Workers: 4
[349.016s][debug][gc,phases      ] GC(26) Weak Processing 0.322ms
[349.016s][debug][gc,age         ] GC(26) Desired survivor size 367001600 bytes, new threshold 15 (max threshold 15)
[349.016s][info ][gc,heap        ] GC(26) PSYoungGen: 1406432K(1731072K)->480K(1406464K) Eden: 1405952K(1405952K)->0K(1405952K) From: 480K(325120K)->480K(512K)
[349.016s][info ][gc,heap        ] GC(26) ParOldGen: 233863K(330240K)->233927K(330240K)
[349.016s][info ][gc,metaspace   ] GC(26) Metaspace: 79527K(80384K)->79527K(80384K) NonClass: 67834K(68288K)->67834K(68288K) Class: 11693K(12096K)->11693K(12096K)
[349.016s][info ][gc             ] GC(26) Pause Young (Allocation Failure) 1601M->228M(1696M) 4.058ms
[349.016s][info ][gc,cpu         ] GC(26) User=0.01s Sys=0.00s Real=0.00s
[349.016s][info ][safepoint      ] Safepoint "ParallelGCFailedAllocation", Time since last: 5458745085 ns, Reaching safepoint: 3900 ns, Cleanup: 14600 ns, At safepoint: 4115531 ns, Total: 4134031 ns
[350.016s][info ][safepoint      ] Safepoint "Cleanup", Time since last: 1000075904 ns, Reaching safepoint: 4300 ns, Cleanup: 34900 ns, At safepoint: 2200 ns, Total: 41400 ns
[353.016s][info ][safepoint      ] Safepoint "Cleanup", Time since last: 3000196910 ns, Reaching safepoint: 4500 ns, Cleanup: 33900 ns, At safepoint: 2300 ns, Total: 40700 ns
[363.121s][info ][safepoint      ] Safepoint "Cleanup", Time since last: 10104541968 ns, Reaching safepoint: 3900 ns, Cleanup: 31200 ns, At safepoint: 4201 ns, Total: 39301 ns
[370.512s][info ][gc,start       ] GC(27) Pause Young (Allocation Failure)
[370.516s][debug][gc,phases      ] GC(27) Scavenge 3.205ms
[370.516s][debug][gc,ref         ] GC(27) Skipped phase 1 of Reference Processing: no references
[370.516s][debug][gc,ref         ] GC(27) ReferenceProcessor::execute queues: 1, RefProcThreadModel::Single, marks_oops_alive: false
[370.516s][debug][gc,ref         ] GC(27) Skipped phase 3 of Reference Processing: no references
[370.516s][debug][gc,ref         ] GC(27) ReferenceProcessor::execute queues: 1, RefProcThreadModel::Single, marks_oops_alive: false
[370.516s][debug][gc,phases      ] GC(27) Reference Processing 0.086ms
[370.516s][debug][gc,phases      ] GC(27)   VM Weak                        Min:  0.0, Avg:  0.0, Max:  0.0, Diff:  0.0, Sum:  0.0, Workers: 4
[370.516s][debug][gc,phases      ] GC(27)     Dead                           Min: 0, Avg:  0.0, Max: 0, Diff: 0, Sum: 0, Workers: 4
[370.516s][debug][gc,phases      ] GC(27)     Total                          Min: 0, Avg: 171.8, Max: 367, Diff: 367, Sum: 687, Workers: 4
[370.516s][debug][gc,phases      ] GC(27)   ObjectSynchronizer Weak        Min:  0.0, Avg:  0.0, Max:  0.0, Diff:  0.0, Sum:  0.0, Workers: 4
[370.516s][debug][gc,phases      ] GC(27)     Dead                           Min: 0, Avg:  0.0, Max: 0, Diff: 0, Sum: 0, Workers: 4
[370.516s][debug][gc,phases      ] GC(27)     Total                          Min: 0, Avg:  0.8, Max: 3, Diff: 3, Sum: 3, Workers: 4
[370.516s][debug][gc,phases      ] GC(27)   JVMTI Tag Weak OopStorage      Min:  0.0, Avg:  0.0, Max:  0.0, Diff:  0.0, Sum:  0.0, Workers: 4
[370.516s][debug][gc,phases      ] GC(27)     Dead                           Min: 0, Avg:  0.0, Max: 0, Diff: 0, Sum: 0, Workers: 4
[370.516s][debug][gc,phases      ] GC(27)     Total                          Min: 0, Avg:  0.0, Max: 0, Diff: 0, Sum: 0, Workers: 4
[370.516s][debug][gc,phases      ] GC(27)   StringTable Weak               Min:  0.1, Avg:  0.1, Max:  0.1, Diff:  0.1, Sum:  0.4, Workers: 4
[370.516s][debug][gc,phases      ] GC(27)     Dead                           Min: 0, Avg:  0.0, Max: 0, Diff: 0, Sum: 0, Workers: 4
[370.516s][debug][gc,phases      ] GC(27)     Total                          Min: 10304, Avg: 10628.8, Max: 11008, Diff: 704, Sum: 42515, Workers: 4
[370.516s][debug][gc,phases      ] GC(27)   ResolvedMethodTable Weak       Min:  0.0, Avg:  0.0, Max:  0.0, Diff:  0.0, Sum:  0.1, Workers: 4
[370.516s][debug][gc,phases      ] GC(27)     Dead                           Min: 0, Avg:  0.0, Max: 0, Diff: 0, Sum: 0, Workers: 4
[370.516s][debug][gc,phases      ] GC(27)     Total                          Min: 0, Avg: 2304.0, Max: 3328, Diff: 3328, Sum: 9216, Workers: 4
[370.516s][debug][gc,phases      ] GC(27)   JNI Weak                       Min:  0.0, Avg:  0.0, Max:  0.0, Diff:  0.0, Sum:  0.0, Workers: 4
[370.516s][debug][gc,phases      ] GC(27)     Dead                           Min: 0, Avg:  0.0, Max: 0, Diff: 0, Sum: 0, Workers: 4
[370.516s][debug][gc,phases      ] GC(27)     Total                          Min: 0, Avg: 11.2, Max: 45, Diff: 45, Sum: 45, Workers: 4
[370.516s][debug][gc,phases      ] GC(27)   StringDedup Table Weak         Min:  0.0, Avg:  0.0, Max:  0.0, Diff:  0.0, Sum:  0.0, Workers: 4
[370.516s][debug][gc,phases      ] GC(27)     Dead                           Min: 0, Avg:  0.0, Max: 0, Diff: 0, Sum: 0, Workers: 4
[370.516s][debug][gc,phases      ] GC(27)     Total                          Min: 0, Avg:  0.0, Max: 0, Diff: 0, Sum: 0, Workers: 4
[370.516s][debug][gc,phases      ] GC(27)   StringDedup Requests0 Weak     Min:  0.0, Avg:  0.0, Max:  0.0, Diff:  0.0, Sum:  0.0, Workers: 4
[370.516s][debug][gc,phases      ] GC(27)     Dead                           Min: 0, Avg:  0.0, Max: 0, Diff: 0, Sum: 0, Workers: 4
[370.516s][debug][gc,phases      ] GC(27)     Total                          Min: 0, Avg:  0.0, Max: 0, Diff: 0, Sum: 0, Workers: 4
[370.516s][debug][gc,phases      ] GC(27)   StringDedup Requests1 Weak     Min:  0.0, Avg:  0.0, Max:  0.0, Diff:  0.0, Sum:  0.0, Workers: 4
[370.516s][debug][gc,phases      ] GC(27)     Dead                           Min: 0, Avg:  0.0, Max: 0, Diff: 0, Sum: 0, Workers: 4
[370.516s][debug][gc,phases      ] GC(27)     Total                          Min: 0, Avg:  0.0, Max: 0, Diff: 0, Sum: 0, Workers: 4
[370.516s][debug][gc,phases      ] GC(27)   Weak JFR Old Object Samples    Min:  0.0, Avg:  0.0, Max:  0.0, Diff:  0.0, Sum:  0.0, Workers: 4
[370.516s][debug][gc,phases      ] GC(27)     Dead                           Min: 0, Avg:  0.0, Max: 0, Diff: 0, Sum: 0, Workers: 4
[370.516s][debug][gc,phases      ] GC(27)     Total                          Min: 0, Avg:  0.0, Max: 0, Diff: 0, Sum: 0, Workers: 4
[370.516s][debug][gc,phases      ] GC(27) Weak Processing 0.305ms
[370.516s][debug][gc,age         ] GC(27) Desired survivor size 374341632 bytes, new threshold 15 (max threshold 15)
[370.516s][info ][gc,heap        ] GC(27) PSYoungGen: 1406432K(1406464K)->448K(1724416K) Eden: 1405952K(1405952K)->0K(1366016K) From: 480K(512K)->448K(358400K)
[370.516s][info ][gc,heap        ] GC(27) ParOldGen: 233927K(330240K)->233967K(330240K)
[370.516s][info ][gc,metaspace   ] GC(27) Metaspace: 79529K(80384K)->79529K(80384K) NonClass: 67835K(68288K)->67835K(68288K) Class: 11693K(12096K)->11693K(12096K)
[370.516s][info ][gc             ] GC(27) Pause Young (Allocation Failure) 1601M->228M(2006M) 3.690ms
[370.516s][info ][gc,cpu         ] GC(27) User=0.01s Sys=0.00s Real=0.00s
[370.516s][info ][safepoint      ] Safepoint "ParallelGCFailedAllocation", Time since last: 7391694434 ns, Reaching safepoint: 3600 ns, Cleanup: 20600 ns, At safepoint: 3747129 ns, Total: 3771329 ns
[391.412s][info ][gc,start       ] GC(28) Pause Young (Allocation Failure)
[391.416s][debug][gc,phases      ] GC(28) Scavenge 3.280ms
[391.416s][debug][gc,ref         ] GC(28) Skipped phase 1 of Reference Processing: no references
[391.416s][debug][gc,ref         ] GC(28) ReferenceProcessor::execute queues: 1, RefProcThreadModel::Single, marks_oops_alive: false
[391.416s][debug][gc,ref         ] GC(28) Skipped phase 3 of Reference Processing: no references
[391.416s][debug][gc,ref         ] GC(28) ReferenceProcessor::execute queues: 1, RefProcThreadModel::Single, marks_oops_alive: false
[391.416s][debug][gc,phases      ] GC(28) Reference Processing 0.087ms
[391.416s][debug][gc,phases      ] GC(28)   VM Weak                        Min:  0.0, Avg:  0.0, Max:  0.0, Diff:  0.0, Sum:  0.0, Workers: 4
[391.416s][debug][gc,phases      ] GC(28)     Dead                           Min: 0, Avg:  0.0, Max: 0, Diff: 0, Sum: 0, Workers: 4
[391.416s][debug][gc,phases      ] GC(28)     Total                          Min: 0, Avg: 171.8, Max: 367, Diff: 367, Sum: 687, Workers: 4
[391.416s][debug][gc,phases      ] GC(28)   ObjectSynchronizer Weak        Min:  0.0, Avg:  0.0, Max:  0.0, Diff:  0.0, Sum:  0.0, Workers: 4
[391.416s][debug][gc,phases      ] GC(28)     Dead                           Min: 0, Avg:  0.0, Max: 0, Diff: 0, Sum: 0, Workers: 4
[391.416s][debug][gc,phases      ] GC(28)     Total                          Min: 0, Avg:  0.8, Max: 3, Diff: 3, Sum: 3, Workers: 4
[391.416s][debug][gc,phases      ] GC(28)   JVMTI Tag Weak OopStorage      Min:  0.0, Avg:  0.0, Max:  0.0, Diff:  0.0, Sum:  0.0, Workers: 4
[391.416s][debug][gc,phases      ] GC(28)     Dead                           Min: 0, Avg:  0.0, Max: 0, Diff: 0, Sum: 0, Workers: 4
[391.416s][debug][gc,phases      ] GC(28)     Total                          Min: 0, Avg:  0.0, Max: 0, Diff: 0, Sum: 0, Workers: 4
[391.416s][debug][gc,phases      ] GC(28)   StringTable Weak               Min:  0.1, Avg:  0.1, Max:  0.1, Diff:  0.0, Sum:  0.4, Workers: 4
[391.416s][debug][gc,phases      ] GC(28)     Dead                           Min: 0, Avg:  0.0, Max: 0, Diff: 0, Sum: 0, Workers: 4
[391.416s][debug][gc,phases      ] GC(28)     Total                          Min: 9600, Avg: 10628.8, Max: 11264, Diff: 1664, Sum: 42515, Workers: 4
[391.416s][debug][gc,phases      ] GC(28)   ResolvedMethodTable Weak       Min:  0.0, Avg:  0.0, Max:  0.0, Diff:  0.0, Sum:  0.1, Workers: 4
[391.416s][debug][gc,phases      ] GC(28)     Dead                           Min: 0, Avg:  0.0, Max: 0, Diff: 0, Sum: 0, Workers: 4
[391.416s][debug][gc,phases      ] GC(28)     Total                          Min: 2176, Avg: 2304.0, Max: 2560, Diff: 384, Sum: 9216, Workers: 4
[391.416s][debug][gc,phases      ] GC(28)   JNI Weak                       Min:  0.0, Avg:  0.0, Max:  0.0, Diff:  0.0, Sum:  0.0, Workers: 4
[391.416s][debug][gc,phases      ] GC(28)     Dead                           Min: 0, Avg:  0.0, Max: 0, Diff: 0, Sum: 0, Workers: 4
[391.416s][debug][gc,phases      ] GC(28)     Total                          Min: 0, Avg: 11.2, Max: 45, Diff: 45, Sum: 45, Workers: 4
[391.416s][debug][gc,phases      ] GC(28)   StringDedup Table Weak         Min:  0.0, Avg:  0.0, Max:  0.0, Diff:  0.0, Sum:  0.0, Workers: 4
[391.416s][debug][gc,phases      ] GC(28)     Dead                           Min: 0, Avg:  0.0, Max: 0, Diff: 0, Sum: 0, Workers: 4
[391.416s][debug][gc,phases      ] GC(28)     Total                          Min: 0, Avg:  0.0, Max: 0, Diff: 0, Sum: 0, Workers: 4
[391.416s][debug][gc,phases      ] GC(28)   StringDedup Requests0 Weak     Min:  0.0, Avg:  0.0, Max:  0.0, Diff:  0.0, Sum:  0.0, Workers: 4
[391.416s][debug][gc,phases      ] GC(28)     Dead                           Min: 0, Avg:  0.0, Max: 0, Diff: 0, Sum: 0, Workers: 4
[391.416s][debug][gc,phases      ] GC(28)     Total                          Min: 0, Avg:  0.0, Max: 0, Diff: 0, Sum: 0, Workers: 4
[391.416s][debug][gc,phases      ] GC(28)   StringDedup Requests1 Weak     Min:  0.0, Avg:  0.0, Max:  0.0, Diff:  0.0, Sum:  0.0, Workers: 4
[391.416s][debug][gc,phases      ] GC(28)     Dead                           Min: 0, Avg:  0.0, Max: 0, Diff: 0, Sum: 0, Workers: 4
[391.416s][debug][gc,phases      ] GC(28)     Total                          Min: 0, Avg:  0.0, Max: 0, Diff: 0, Sum: 0, Workers: 4
[391.416s][debug][gc,phases      ] GC(28)   Weak JFR Old Object Samples    Min:  0.0, Avg:  0.0, Max:  0.0, Diff:  0.0, Sum:  0.0, Workers: 4
[391.416s][debug][gc,phases      ] GC(28)     Dead                           Min: 0, Avg:  0.0, Max: 0, Diff: 0, Sum: 0, Workers: 4
[391.416s][debug][gc,phases      ] GC(28)     Total                          Min: 0, Avg:  0.0, Max: 0, Diff: 0, Sum: 0, Workers: 4
[391.416s][debug][gc,phases      ] GC(28) Weak Processing 0.283ms
[391.416s][debug][gc,age         ] GC(28) Desired survivor size 375914496 bytes, new threshold 15 (max threshold 15)
[391.416s][info ][gc,heap        ] GC(28) PSYoungGen: 1366464K(1724416K)->480K(1366528K) Eden: 1366016K(1366016K)->0K(1366016K) From: 448K(358400K)->480K(512K)
[391.416s][info ][gc,heap        ] GC(28) ParOldGen: 233967K(330240K)->233991K(330240K)
[391.416s][info ][gc,metaspace   ] GC(28) Metaspace: 79529K(80384K)->79529K(80384K) NonClass: 67835K(68288K)->67835K(68288K) Class: 11693K(12096K)->11693K(12096K)
[391.416s][info ][gc             ] GC(28) Pause Young (Allocation Failure) 1562M->228M(1657M) 3.743ms
[391.416s][info ][gc,cpu         ] GC(28) User=0.01s Sys=0.01s Real=0.00s
[391.416s][info ][safepoint      ] Safepoint "ParallelGCFailedAllocation", Time since last: 20896277933 ns, Reaching safepoint: 3701 ns, Cleanup: 20900 ns, At safepoint: 3802029 ns, Total: 3826630 ns
[406.417s][info ][safepoint      ] Safepoint "Cleanup", Time since last: 15000892548 ns, Reaching safepoint: 3900 ns, Cleanup: 35200 ns, At safepoint: 2500 ns, Total: 41600 ns
[412.313s][info ][gc,start       ] GC(29) Pause Young (Allocation Failure)
[412.317s][debug][gc,phases      ] GC(29) Scavenge 3.830ms
[412.317s][debug][gc,ref         ] GC(29) Skipped phase 1 of Reference Processing: no references
[412.317s][debug][gc,ref         ] GC(29) ReferenceProcessor::execute queues: 1, RefProcThreadModel::Single, marks_oops_alive: false
[412.317s][debug][gc,ref         ] GC(29) Skipped phase 3 of Reference Processing: no references
[412.317s][debug][gc,ref         ] GC(29) ReferenceProcessor::execute queues: 1, RefProcThreadModel::Single, marks_oops_alive: false
[412.317s][debug][gc,phases      ] GC(29) Reference Processing 0.110ms
[412.317s][debug][gc,phases      ] GC(29)   VM Weak                        Min:  0.0, Avg:  0.0, Max:  0.0, Diff:  0.0, Sum:  0.0, Workers: 4
[412.317s][debug][gc,phases      ] GC(29)     Dead                           Min: 0, Avg:  0.0, Max: 0, Diff: 0, Sum: 0, Workers: 4
[412.317s][debug][gc,phases      ] GC(29)     Total                          Min: 0, Avg: 171.8, Max: 448, Diff: 448, Sum: 687, Workers: 4
[412.317s][debug][gc,phases      ] GC(29)   ObjectSynchronizer Weak        Min:  0.0, Avg:  0.0, Max:  0.0, Diff:  0.0, Sum:  0.0, Workers: 4
[412.317s][debug][gc,phases      ] GC(29)     Dead                           Min: 0, Avg:  0.0, Max: 0, Diff: 0, Sum: 0, Workers: 4
[412.317s][debug][gc,phases      ] GC(29)     Total                          Min: 0, Avg:  0.8, Max: 3, Diff: 3, Sum: 3, Workers: 4
[412.317s][debug][gc,phases      ] GC(29)   JVMTI Tag Weak OopStorage      Min:  0.0, Avg:  0.0, Max:  0.0, Diff:  0.0, Sum:  0.0, Workers: 4
[412.317s][debug][gc,phases      ] GC(29)     Dead                           Min: 0, Avg:  0.0, Max: 0, Diff: 0, Sum: 0, Workers: 4
[412.317s][debug][gc,phases      ] GC(29)     Total                          Min: 0, Avg:  0.0, Max: 0, Diff: 0, Sum: 0, Workers: 4
[412.317s][debug][gc,phases      ] GC(29)   StringTable Weak               Min:  0.0, Avg:  0.1, Max:  0.1, Diff:  0.1, Sum:  0.4, Workers: 4
[412.317s][debug][gc,phases      ] GC(29)     Dead                           Min: 0, Avg:  0.0, Max: 0, Diff: 0, Sum: 0, Workers: 4
[412.317s][debug][gc,phases      ] GC(29)     Total                          Min: 0, Avg: 10628.8, Max: 15232, Diff: 15232, Sum: 42515, Workers: 4
[412.317s][debug][gc,phases      ] GC(29)   ResolvedMethodTable Weak       Min:  0.0, Avg:  0.0, Max:  0.0, Diff:  0.0, Sum:  0.1, Workers: 4
[412.317s][debug][gc,phases      ] GC(29)     Dead                           Min: 0, Avg:  0.0, Max: 0, Diff: 0, Sum: 0, Workers: 4
[412.317s][debug][gc,phases      ] GC(29)     Total                          Min: 0, Avg: 2304.0, Max: 3264, Diff: 3264, Sum: 9216, Workers: 4
[412.317s][debug][gc,phases      ] GC(29)   JNI Weak                       Min:  0.0, Avg:  0.0, Max:  0.0, Diff:  0.0, Sum:  0.0, Workers: 4
[412.317s][debug][gc,phases      ] GC(29)     Dead                           Min: 0, Avg:  0.0, Max: 0, Diff: 0, Sum: 0, Workers: 4
[412.317s][debug][gc,phases      ] GC(29)     Total                          Min: 0, Avg: 11.2, Max: 45, Diff: 45, Sum: 45, Workers: 4
[412.317s][debug][gc,phases      ] GC(29)   StringDedup Table Weak         Min:  0.0, Avg:  0.0, Max:  0.0, Diff:  0.0, Sum:  0.0, Workers: 4
[412.317s][debug][gc,phases      ] GC(29)     Dead                           Min: 0, Avg:  0.0, Max: 0, Diff: 0, Sum: 0, Workers: 4
[412.317s][debug][gc,phases      ] GC(29)     Total                          Min: 0, Avg:  0.0, Max: 0, Diff: 0, Sum: 0, Workers: 4
[412.317s][debug][gc,phases      ] GC(29)   StringDedup Requests0 Weak     Min:  0.0, Avg:  0.0, Max:  0.0, Diff:  0.0, Sum:  0.0, Workers: 4
[412.317s][debug][gc,phases      ] GC(29)     Dead                           Min: 0, Avg:  0.0, Max: 0, Diff: 0, Sum: 0, Workers: 4
[412.317s][debug][gc,phases      ] GC(29)     Total                          Min: 0, Avg:  0.0, Max: 0, Diff: 0, Sum: 0, Workers: 4
[412.317s][debug][gc,phases      ] GC(29)   StringDedup Requests1 Weak     Min:  0.0, Avg:  0.0, Max:  0.0, Diff:  0.0, Sum:  0.0, Workers: 4
[412.317s][debug][gc,phases      ] GC(29)     Dead                           Min: 0, Avg:  0.0, Max: 0, Diff: 0, Sum: 0, Workers: 4
[412.317s][debug][gc,phases      ] GC(29)     Total                          Min: 0, Avg:  0.0, Max: 0, Diff: 0, Sum: 0, Workers: 4
[412.317s][debug][gc,phases      ] GC(29)   Weak JFR Old Object Samples    Min:  0.0, Avg:  0.0, Max:  0.0, Diff:  0.0, Sum:  0.0, Workers: 4
[412.317s][debug][gc,phases      ] GC(29)     Dead                           Min: 0, Avg:  0.0, Max: 0, Diff: 0, Sum: 0, Workers: 4
[412.317s][debug][gc,phases      ] GC(29)     Total                          Min: 0, Avg:  0.0, Max: 0, Diff: 0, Sum: 0, Workers: 4
[412.317s][debug][gc,phases      ] GC(29) Weak Processing 0.333ms
[412.317s][debug][gc,age         ] GC(29) Desired survivor size 373817344 bytes, new threshold 15 (max threshold 15)
[412.317s][info ][gc,heap        ] GC(29) PSYoungGen: 1366496K(1366528K)->416K(1732096K) Eden: 1366016K(1366016K)->0K(1364992K) From: 480K(512K)->416K(367104K)
[412.317s][info ][gc,heap        ] GC(29) ParOldGen: 233991K(330240K)->234023K(330240K)
[412.317s][info ][gc,metaspace   ] GC(29) Metaspace: 79538K(80448K)->79538K(80448K) NonClass: 67845K(68352K)->67845K(68352K) Class: 11693K(12096K)->11693K(12096K)
[412.317s][info ][gc             ] GC(29) Pause Young (Allocation Failure) 1562M->228M(2014M) 4.384ms
[412.317s][info ][gc,cpu         ] GC(29) User=0.01s Sys=0.00s Real=0.00s
[412.317s][info ][safepoint      ] Safepoint "ParallelGCFailedAllocation", Time since last: 5895617234 ns, Reaching safepoint: 4700 ns, Cleanup: 23000 ns, At safepoint: 4467334 ns, Total: 4495034 ns
[413.317s][info ][safepoint      ] Safepoint "Cleanup", Time since last: 1000086905 ns, Reaching safepoint: 4200 ns, Cleanup: 32601 ns, At safepoint: 20700 ns, Total: 57501 ns
[433.212s][info ][gc,start       ] GC(30) Pause Young (Allocation Failure)
[433.215s][debug][gc,phases      ] GC(30) Scavenge 3.202ms
[433.215s][debug][gc,ref         ] GC(30) Skipped phase 1 of Reference Processing: no references
[433.215s][debug][gc,ref         ] GC(30) ReferenceProcessor::execute queues: 1, RefProcThreadModel::Single, marks_oops_alive: false
[433.215s][debug][gc,ref         ] GC(30) Skipped phase 3 of Reference Processing: no references
[433.215s][debug][gc,ref         ] GC(30) ReferenceProcessor::execute queues: 1, RefProcThreadModel::Single, marks_oops_alive: false
[433.215s][debug][gc,phases      ] GC(30) Reference Processing 0.086ms
[433.215s][debug][gc,phases      ] GC(30)   VM Weak                        Min:  0.0, Avg:  0.0, Max:  0.0, Diff:  0.0, Sum:  0.0, Workers: 4
[433.215s][debug][gc,phases      ] GC(30)     Dead                           Min: 0, Avg:  0.0, Max: 0, Diff: 0, Sum: 0, Workers: 4
[433.215s][debug][gc,phases      ] GC(30)     Total                          Min: 0, Avg: 171.8, Max: 384, Diff: 384, Sum: 687, Workers: 4
[433.215s][debug][gc,phases      ] GC(30)   ObjectSynchronizer Weak        Min:  0.0, Avg:  0.0, Max:  0.0, Diff:  0.0, Sum:  0.0, Workers: 4
[433.215s][debug][gc,phases      ] GC(30)     Dead                           Min: 0, Avg:  0.0, Max: 0, Diff: 0, Sum: 0, Workers: 4
[433.215s][debug][gc,phases      ] GC(30)     Total                          Min: 0, Avg:  0.8, Max: 3, Diff: 3, Sum: 3, Workers: 4
[433.215s][debug][gc,phases      ] GC(30)   JVMTI Tag Weak OopStorage      Min:  0.0, Avg:  0.0, Max:  0.0, Diff:  0.0, Sum:  0.0, Workers: 4
[433.215s][debug][gc,phases      ] GC(30)     Dead                           Min: 0, Avg:  0.0, Max: 0, Diff: 0, Sum: 0, Workers: 4
[433.215s][debug][gc,phases      ] GC(30)     Total                          Min: 0, Avg:  0.0, Max: 0, Diff: 0, Sum: 0, Workers: 4
[433.215s][debug][gc,phases      ] GC(30)   StringTable Weak               Min:  0.0, Avg:  0.1, Max:  0.1, Diff:  0.1, Sum:  0.3, Workers: 4
[433.215s][debug][gc,phases      ] GC(30)     Dead                           Min: 0, Avg:  0.0, Max: 0, Diff: 0, Sum: 0, Workers: 4
[433.215s][debug][gc,phases      ] GC(30)     Total                          Min: 0, Avg: 10628.8, Max: 18195, Diff: 18195, Sum: 42515, Workers: 4
[433.215s][debug][gc,phases      ] GC(30)   ResolvedMethodTable Weak       Min:  0.0, Avg:  0.0, Max:  0.0, Diff:  0.0, Sum:  0.1, Workers: 4
[433.215s][debug][gc,phases      ] GC(30)     Dead                           Min: 0, Avg:  0.0, Max: 0, Diff: 0, Sum: 0, Workers: 4
[433.215s][debug][gc,phases      ] GC(30)     Total                          Min: 0, Avg: 2304.0, Max: 3584, Diff: 3584, Sum: 9216, Workers: 4
[433.215s][debug][gc,phases      ] GC(30)   JNI Weak                       Min:  0.0, Avg:  0.0, Max:  0.0, Diff:  0.0, Sum:  0.0, Workers: 4
[433.215s][debug][gc,phases      ] GC(30)     Dead                           Min: 0, Avg:  0.0, Max: 0, Diff: 0, Sum: 0, Workers: 4
[433.215s][debug][gc,phases      ] GC(30)     Total                          Min: 0, Avg: 11.2, Max: 45, Diff: 45, Sum: 45, Workers: 4
[433.215s][debug][gc,phases      ] GC(30)   StringDedup Table Weak         Min:  0.0, Avg:  0.0, Max:  0.0, Diff:  0.0, Sum:  0.0, Workers: 4
[433.215s][debug][gc,phases      ] GC(30)     Dead                           Min: 0, Avg:  0.0, Max: 0, Diff: 0, Sum: 0, Workers: 4
[433.215s][debug][gc,phases      ] GC(30)     Total                          Min: 0, Avg:  0.0, Max: 0, Diff: 0, Sum: 0, Workers: 4
[433.215s][debug][gc,phases      ] GC(30)   StringDedup Requests0 Weak     Min:  0.0, Avg:  0.0, Max:  0.0, Diff:  0.0, Sum:  0.0, Workers: 4
[433.215s][debug][gc,phases      ] GC(30)     Dead                           Min: 0, Avg:  0.0, Max: 0, Diff: 0, Sum: 0, Workers: 4
[433.215s][debug][gc,phases      ] GC(30)     Total                          Min: 0, Avg:  0.0, Max: 0, Diff: 0, Sum: 0, Workers: 4
[433.215s][debug][gc,phases      ] GC(30)   StringDedup Requests1 Weak     Min:  0.0, Avg:  0.0, Max:  0.0, Diff:  0.0, Sum:  0.0, Workers: 4
[433.215s][debug][gc,phases      ] GC(30)     Dead                           Min: 0, Avg:  0.0, Max: 0, Diff: 0, Sum: 0, Workers: 4
[433.215s][debug][gc,phases      ] GC(30)     Total                          Min: 0, Avg:  0.0, Max: 0, Diff: 0, Sum: 0, Workers: 4
[433.215s][debug][gc,phases      ] GC(30)   Weak JFR Old Object Samples    Min:  0.0, Avg:  0.0, Max:  0.0, Diff:  0.0, Sum:  0.0, Workers: 4
[433.215s][debug][gc,phases      ] GC(30)     Dead                           Min: 0, Avg:  0.0, Max: 0, Diff: 0, Sum: 0, Workers: 4
[433.215s][debug][gc,phases      ] GC(30)     Total                          Min: 0, Avg:  0.0, Max: 0, Diff: 0, Sum: 0, Workers: 4
[433.215s][debug][gc,phases      ] GC(30) Weak Processing 0.297ms
[433.215s][debug][gc,age         ] GC(30) Desired survivor size 368574464 bytes, new threshold 15 (max threshold 15)
[433.215s][info ][gc,heap        ] GC(30) PSYoungGen: 1365408K(1732096K)->480K(1730048K) Eden: 1364992K(1364992K)->0K(1364992K) From: 416K(367104K)->480K(365056K)
[433.215s][info ][gc,heap        ] GC(30) ParOldGen: 234023K(330240K)->234047K(330240K)
[433.215s][info ][gc,metaspace   ] GC(30) Metaspace: 79538K(80448K)->79538K(80448K) NonClass: 67845K(68352K)->67845K(68352K) Class: 11693K(12096K)->11693K(12096K)
[433.215s][info ][gc             ] GC(30) Pause Young (Allocation Failure) 1561M->229M(2012M) 3.687ms
[433.215s][info ][gc,cpu         ] GC(30) User=0.01s Sys=0.00s Real=0.00s
[433.215s][info ][safepoint      ] Safepoint "ParallelGCFailedAllocation", Time since last: 19894190850 ns, Reaching safepoint: 3700 ns, Cleanup: 23800 ns, At safepoint: 3743728 ns, Total: 3771228 ns
[443.216s][info ][safepoint      ] Safepoint "Cleanup", Time since last: 10000618516 ns, Reaching safepoint: 5800 ns, Cleanup: 32701 ns, At safepoint: 2100 ns, Total: 40601 ns
[451.217s][info ][safepoint      ] Safepoint "Cleanup", Time since last: 8000486000 ns, Reaching safepoint: 4300 ns, Cleanup: 34500 ns, At safepoint: 1900 ns, Total: 40700 ns
[452.217s][info ][safepoint      ] Safepoint "Cleanup", Time since last: 1000108171 ns, Reaching safepoint: 4500 ns, Cleanup: 36101 ns, At safepoint: 3700 ns, Total: 44301 ns
[454.111s][info ][gc,start       ] GC(31) Pause Young (Allocation Failure)
[454.113s][debug][gc,phases      ] GC(31) Scavenge 2.243ms
[454.113s][debug][gc,ref         ] GC(31) Skipped phase 1 of Reference Processing: no references
[454.113s][debug][gc,ref         ] GC(31) ReferenceProcessor::execute queues: 1, RefProcThreadModel::Single, marks_oops_alive: false
[454.113s][debug][gc,ref         ] GC(31) Skipped phase 3 of Reference Processing: no references
[454.113s][debug][gc,ref         ] GC(31) ReferenceProcessor::execute queues: 1, RefProcThreadModel::Single, marks_oops_alive: false
[454.113s][debug][gc,phases      ] GC(31) Reference Processing 0.089ms
[454.114s][debug][gc,phases      ] GC(31)   VM Weak                        Min:  0.0, Avg:  0.0, Max:  0.0, Diff:  0.0, Sum:  0.0, Workers: 4
[454.114s][debug][gc,phases      ] GC(31)     Dead                           Min: 0, Avg:  0.0, Max: 0, Diff: 0, Sum: 0, Workers: 4
[454.114s][debug][gc,phases      ] GC(31)     Total                          Min: 0, Avg: 171.8, Max: 512, Diff: 512, Sum: 687, Workers: 4
[454.114s][debug][gc,phases      ] GC(31)   ObjectSynchronizer Weak        Min:  0.0, Avg:  0.0, Max:  0.0, Diff:  0.0, Sum:  0.0, Workers: 4
[454.114s][debug][gc,phases      ] GC(31)     Dead                           Min: 0, Avg:  0.0, Max: 0, Diff: 0, Sum: 0, Workers: 4
[454.114s][debug][gc,phases      ] GC(31)     Total                          Min: 0, Avg:  0.8, Max: 3, Diff: 3, Sum: 3, Workers: 4
[454.114s][debug][gc,phases      ] GC(31)   JVMTI Tag Weak OopStorage      Min:  0.0, Avg:  0.0, Max:  0.0, Diff:  0.0, Sum:  0.0, Workers: 4
[454.114s][debug][gc,phases      ] GC(31)     Dead                           Min: 0, Avg:  0.0, Max: 0, Diff: 0, Sum: 0, Workers: 4
[454.114s][debug][gc,phases      ] GC(31)     Total                          Min: 0, Avg:  0.0, Max: 0, Diff: 0, Sum: 0, Workers: 4
[454.114s][debug][gc,phases      ] GC(31)   StringTable Weak               Min:  0.0, Avg:  0.1, Max:  0.1, Diff:  0.1, Sum:  0.3, Workers: 4
[454.114s][debug][gc,phases      ] GC(31)     Dead                           Min: 0, Avg:  0.0, Max: 0, Diff: 0, Sum: 0, Workers: 4
[454.114s][debug][gc,phases      ] GC(31)     Total                          Min: 0, Avg: 10628.8, Max: 17408, Diff: 17408, Sum: 42515, Workers: 4
[454.114s][debug][gc,phases      ] GC(31)   ResolvedMethodTable Weak       Min:  0.0, Avg:  0.0, Max:  0.0, Diff:  0.0, Sum:  0.1, Workers: 4
[454.114s][debug][gc,phases      ] GC(31)     Dead                           Min: 0, Avg:  0.0, Max: 0, Diff: 0, Sum: 0, Workers: 4
[454.114s][debug][gc,phases      ] GC(31)     Total                          Min: 0, Avg: 2304.0, Max: 3904, Diff: 3904, Sum: 9216, Workers: 4
[454.114s][debug][gc,phases      ] GC(31)   JNI Weak                       Min:  0.0, Avg:  0.0, Max:  0.0, Diff:  0.0, Sum:  0.0, Workers: 4
[454.114s][debug][gc,phases      ] GC(31)     Dead                           Min: 0, Avg:  0.0, Max: 0, Diff: 0, Sum: 0, Workers: 4
[454.114s][debug][gc,phases      ] GC(31)     Total                          Min: 0, Avg: 11.2, Max: 45, Diff: 45, Sum: 45, Workers: 4
[454.114s][debug][gc,phases      ] GC(31)   StringDedup Table Weak         Min:  0.0, Avg:  0.0, Max:  0.0, Diff:  0.0, Sum:  0.0, Workers: 4
[454.114s][debug][gc,phases      ] GC(31)     Dead                           Min: 0, Avg:  0.0, Max: 0, Diff: 0, Sum: 0, Workers: 4
[454.114s][debug][gc,phases      ] GC(31)     Total                          Min: 0, Avg:  0.0, Max: 0, Diff: 0, Sum: 0, Workers: 4
[454.114s][debug][gc,phases      ] GC(31)   StringDedup Requests0 Weak     Min:  0.0, Avg:  0.0, Max:  0.0, Diff:  0.0, Sum:  0.0, Workers: 4
[454.114s][debug][gc,phases      ] GC(31)     Dead                           Min: 0, Avg:  0.0, Max: 0, Diff: 0, Sum: 0, Workers: 4
[454.114s][debug][gc,phases      ] GC(31)     Total                          Min: 0, Avg:  0.0, Max: 0, Diff: 0, Sum: 0, Workers: 4
[454.114s][debug][gc,phases      ] GC(31)   StringDedup Requests1 Weak     Min:  0.0, Avg:  0.0, Max:  0.0, Diff:  0.0, Sum:  0.0, Workers: 4
[454.114s][debug][gc,phases      ] GC(31)     Dead                           Min: 0, Avg:  0.0, Max: 0, Diff: 0, Sum: 0, Workers: 4
[454.114s][debug][gc,phases      ] GC(31)     Total                          Min: 0, Avg:  0.0, Max: 0, Diff: 0, Sum: 0, Workers: 4
[454.114s][debug][gc,phases      ] GC(31)   Weak JFR Old Object Samples    Min:  0.0, Avg:  0.0, Max:  0.0, Diff:  0.0, Sum:  0.0, Workers: 4
[454.114s][debug][gc,phases      ] GC(31)     Dead                           Min: 0, Avg:  0.0, Max: 0, Diff: 0, Sum: 0, Workers: 4
[454.114s][debug][gc,phases      ] GC(31)     Total                          Min: 0, Avg:  0.0, Max: 0, Diff: 0, Sum: 0, Workers: 4
[454.114s][debug][gc,phases      ] GC(31) Weak Processing 0.325ms
[454.114s][debug][gc,age         ] GC(31) Desired survivor size 360185856 bytes, new threshold 15 (max threshold 15)
[454.114s][info ][gc,heap        ] GC(31) PSYoungGen: 1365472K(1730048K)->416K(1745408K) Eden: 1364992K(1364992K)->0K(1385472K) From: 480K(365056K)->416K(359936K)
[454.114s][info ][gc,heap        ] GC(31) ParOldGen: 234047K(330240K)->234071K(330240K)
[454.114s][info ][gc,metaspace   ] GC(31) Metaspace: 79543K(80448K)->79543K(80448K) NonClass: 67850K(68352K)->67850K(68352K) Class: 11693K(12096K)->11693K(12096K)
[454.114s][info ][gc             ] GC(31) Pause Young (Allocation Failure) 1562M->228M(2027M) 2.744ms
[454.114s][info ][gc,cpu         ] GC(31) User=0.01s Sys=0.00s Real=0.01s
[454.114s][info ][safepoint      ] Safepoint "ParallelGCFailedAllocation", Time since last: 1894268068 ns, Reaching safepoint: 4300 ns, Cleanup: 35400 ns, At safepoint: 2796722 ns, Total: 2836422 ns
[456.114s][info ][safepoint      ] Safepoint "Cleanup", Time since last: 2000145096 ns, Reaching safepoint: 4501 ns, Cleanup: 37200 ns, At safepoint: 3500 ns, Total: 45201 ns
[472.115s][info ][safepoint      ] Safepoint "Cleanup", Time since last: 16001026380 ns, Reaching safepoint: 4000 ns, Cleanup: 36500 ns, At safepoint: 2000 ns, Total: 42500 ns
[475.061s][info ][gc,start       ] GC(32) Pause Young (Allocation Failure)
[475.063s][debug][gc,phases      ] GC(32) Scavenge 2.237ms
[475.063s][debug][gc,ref         ] GC(32) Skipped phase 1 of Reference Processing: no references
[475.063s][debug][gc,ref         ] GC(32) ReferenceProcessor::execute queues: 1, RefProcThreadModel::Single, marks_oops_alive: false
[475.063s][debug][gc,ref         ] GC(32) Skipped phase 3 of Reference Processing: no references
[475.063s][debug][gc,ref         ] GC(32) ReferenceProcessor::execute queues: 1, RefProcThreadModel::Single, marks_oops_alive: false
[475.063s][debug][gc,phases      ] GC(32) Reference Processing 0.085ms
[475.063s][debug][gc,phases      ] GC(32)   VM Weak                        Min:  0.0, Avg:  0.0, Max:  0.0, Diff:  0.0, Sum:  0.0, Workers: 4
[475.063s][debug][gc,phases      ] GC(32)     Dead                           Min: 0, Avg:  0.0, Max: 0, Diff: 0, Sum: 0, Workers: 4
[475.063s][debug][gc,phases      ] GC(32)     Total                          Min: 0, Avg: 171.8, Max: 512, Diff: 512, Sum: 687, Workers: 4
[475.063s][debug][gc,phases      ] GC(32)   ObjectSynchronizer Weak        Min:  0.0, Avg:  0.0, Max:  0.0, Diff:  0.0, Sum:  0.0, Workers: 4
[475.063s][debug][gc,phases      ] GC(32)     Dead                           Min: 0, Avg:  0.0, Max: 0, Diff: 0, Sum: 0, Workers: 4
[475.063s][debug][gc,phases      ] GC(32)     Total                          Min: 0, Avg:  0.8, Max: 3, Diff: 3, Sum: 3, Workers: 4
[475.063s][debug][gc,phases      ] GC(32)   JVMTI Tag Weak OopStorage      Min:  0.0, Avg:  0.0, Max:  0.0, Diff:  0.0, Sum:  0.0, Workers: 4
[475.063s][debug][gc,phases      ] GC(32)     Dead                           Min: 0, Avg:  0.0, Max: 0, Diff: 0, Sum: 0, Workers: 4
[475.063s][debug][gc,phases      ] GC(32)     Total                          Min: 0, Avg:  0.0, Max: 0, Diff: 0, Sum: 0, Workers: 4
[475.063s][debug][gc,phases      ] GC(32)   StringTable Weak               Min:  0.0, Avg:  0.1, Max:  0.1, Diff:  0.1, Sum:  0.3, Workers: 4
[475.063s][debug][gc,phases      ] GC(32)     Dead                           Min: 0, Avg:  0.0, Max: 0, Diff: 0, Sum: 0, Workers: 4
[475.063s][debug][gc,phases      ] GC(32)     Total                          Min: 0, Avg: 10628.8, Max: 18368, Diff: 18368, Sum: 42515, Workers: 4
[475.063s][debug][gc,phases      ] GC(32)   ResolvedMethodTable Weak       Min:  0.0, Avg:  0.0, Max:  0.0, Diff:  0.0, Sum:  0.1, Workers: 4
[475.063s][debug][gc,phases      ] GC(32)     Dead                           Min: 0, Avg:  0.0, Max: 0, Diff: 0, Sum: 0, Workers: 4
[475.063s][debug][gc,phases      ] GC(32)     Total                          Min: 0, Avg: 2304.0, Max: 3840, Diff: 3840, Sum: 9216, Workers: 4
[475.063s][debug][gc,phases      ] GC(32)   JNI Weak                       Min:  0.0, Avg:  0.0, Max:  0.0, Diff:  0.0, Sum:  0.0, Workers: 4
[475.063s][debug][gc,phases      ] GC(32)     Dead                           Min: 0, Avg:  0.0, Max: 0, Diff: 0, Sum: 0, Workers: 4
[475.063s][debug][gc,phases      ] GC(32)     Total                          Min: 0, Avg: 11.2, Max: 45, Diff: 45, Sum: 45, Workers: 4
[475.063s][debug][gc,phases      ] GC(32)   StringDedup Table Weak         Min:  0.0, Avg:  0.0, Max:  0.0, Diff:  0.0, Sum:  0.0, Workers: 4
[475.063s][debug][gc,phases      ] GC(32)     Dead                           Min: 0, Avg:  0.0, Max: 0, Diff: 0, Sum: 0, Workers: 4
[475.063s][debug][gc,phases      ] GC(32)     Total                          Min: 0, Avg:  0.0, Max: 0, Diff: 0, Sum: 0, Workers: 4
[475.063s][debug][gc,phases      ] GC(32)   StringDedup Requests0 Weak     Min:  0.0, Avg:  0.0, Max:  0.0, Diff:  0.0, Sum:  0.0, Workers: 4
[475.063s][debug][gc,phases      ] GC(32)     Dead                           Min: 0, Avg:  0.0, Max: 0, Diff: 0, Sum: 0, Workers: 4
[475.064s][debug][gc,phases      ] GC(32)     Total                          Min: 0, Avg:  0.0, Max: 0, Diff: 0, Sum: 0, Workers: 4
[475.064s][debug][gc,phases      ] GC(32)   StringDedup Requests1 Weak     Min:  0.0, Avg:  0.0, Max:  0.0, Diff:  0.0, Sum:  0.0, Workers: 4
[475.064s][debug][gc,phases      ] GC(32)     Dead                           Min: 0, Avg:  0.0, Max: 0, Diff: 0, Sum: 0, Workers: 4
[475.064s][debug][gc,phases      ] GC(32)     Total                          Min: 0, Avg:  0.0, Max: 0, Diff: 0, Sum: 0, Workers: 4
[475.064s][debug][gc,phases      ] GC(32)   Weak JFR Old Object Samples    Min:  0.0, Avg:  0.0, Max:  0.0, Diff:  0.0, Sum:  0.0, Workers: 4
[475.064s][debug][gc,phases      ] GC(32)     Dead                           Min: 0, Avg:  0.0, Max: 0, Diff: 0, Sum: 0, Workers: 4
[475.064s][debug][gc,phases      ] GC(32)     Total                          Min: 0, Avg:  0.0, Max: 0, Diff: 0, Sum: 0, Workers: 4
[475.064s][debug][gc,phases      ] GC(32) Weak Processing 0.327ms
[475.064s][debug][gc,age         ] GC(32) Desired survivor size 350224384 bytes, new threshold 15 (max threshold 15)
[475.064s][info ][gc,heap        ] GC(32) PSYoungGen: 1385888K(1745408K)->416K(1737216K) Eden: 1385472K(1385472K)->0K(1385472K) From: 416K(359936K)->416K(351744K)
[475.064s][info ][gc,heap        ] GC(32) ParOldGen: 234071K(330240K)->234087K(330240K)
[475.064s][info ][gc,metaspace   ] GC(32) Metaspace: 79548K(80448K)->79548K(80448K) NonClass: 67851K(68352K)->67851K(68352K) Class: 11696K(12096K)->11696K(12096K)
[475.064s][info ][gc             ] GC(32) Pause Young (Allocation Failure) 1581M->229M(2019M) 2.742ms
[475.064s][info ][gc,cpu         ] GC(32) User=0.00s Sys=0.01s Real=0.01s
[475.064s][info ][safepoint      ] Safepoint "ParallelGCFailedAllocation", Time since last: 2945624609 ns, Reaching safepoint: 74200 ns, Cleanup: 20700 ns, At safepoint: 2819722 ns, Total: 2914622 ns
[485.064s][info ][safepoint      ] Safepoint "Cleanup", Time since last: 10000636829 ns, Reaching safepoint: 4100 ns, Cleanup: 31001 ns, At safepoint: 2600 ns, Total: 37701 ns
[496.261s][info ][gc,start       ] GC(33) Pause Young (Allocation Failure)
[496.265s][debug][gc,phases      ] GC(33) Scavenge 3.356ms
[496.265s][debug][gc,ref         ] GC(33) Skipped phase 1 of Reference Processing: no references
[496.265s][debug][gc,ref         ] GC(33) ReferenceProcessor::execute queues: 1, RefProcThreadModel::Single, marks_oops_alive: false
[496.265s][debug][gc,ref         ] GC(33) Skipped phase 3 of Reference Processing: no references
[496.265s][debug][gc,ref         ] GC(33) ReferenceProcessor::execute queues: 1, RefProcThreadModel::Single, marks_oops_alive: false
[496.265s][debug][gc,phases      ] GC(33) Reference Processing 0.081ms
[496.265s][debug][gc,phases      ] GC(33)   VM Weak                        Min:  0.0, Avg:  0.0, Max:  0.0, Diff:  0.0, Sum:  0.0, Workers: 4
[496.265s][debug][gc,phases      ] GC(33)     Dead                           Min: 0, Avg:  0.0, Max: 0, Diff: 0, Sum: 0, Workers: 4
[496.265s][debug][gc,phases      ] GC(33)     Total                          Min: 0, Avg: 171.8, Max: 559, Diff: 559, Sum: 687, Workers: 4
[496.265s][debug][gc,phases      ] GC(33)   ObjectSynchronizer Weak        Min:  0.0, Avg:  0.0, Max:  0.0, Diff:  0.0, Sum:  0.0, Workers: 4
[496.265s][debug][gc,phases      ] GC(33)     Dead                           Min: 0, Avg:  0.0, Max: 0, Diff: 0, Sum: 0, Workers: 4
[496.265s][debug][gc,phases      ] GC(33)     Total                          Min: 0, Avg:  0.8, Max: 3, Diff: 3, Sum: 3, Workers: 4
[496.265s][debug][gc,phases      ] GC(33)   JVMTI Tag Weak OopStorage      Min:  0.0, Avg:  0.0, Max:  0.0, Diff:  0.0, Sum:  0.0, Workers: 4
[496.265s][debug][gc,phases      ] GC(33)     Dead                           Min: 0, Avg:  0.0, Max: 0, Diff: 0, Sum: 0, Workers: 4
[496.265s][debug][gc,phases      ] GC(33)     Total                          Min: 0, Avg:  0.0, Max: 0, Diff: 0, Sum: 0, Workers: 4
[496.265s][debug][gc,phases      ] GC(33)   StringTable Weak               Min:  0.0, Avg:  0.1, Max:  0.1, Diff:  0.1, Sum:  0.3, Workers: 4
[496.265s][debug][gc,phases      ] GC(33)     Dead                           Min: 0, Avg:  0.0, Max: 0, Diff: 0, Sum: 0, Workers: 4
[496.265s][debug][gc,phases      ] GC(33)     Total                          Min: 0, Avg: 10628.8, Max: 17747, Diff: 17747, Sum: 42515, Workers: 4
[496.265s][debug][gc,phases      ] GC(33)   ResolvedMethodTable Weak       Min:  0.0, Avg:  0.0, Max:  0.0, Diff:  0.0, Sum:  0.1, Workers: 4
[496.265s][debug][gc,phases      ] GC(33)     Dead                           Min: 0, Avg:  0.0, Max: 0, Diff: 0, Sum: 0, Workers: 4
[496.265s][debug][gc,phases      ] GC(33)     Total                          Min: 0, Avg: 2304.0, Max: 3968, Diff: 3968, Sum: 9216, Workers: 4
[496.265s][debug][gc,phases      ] GC(33)   JNI Weak                       Min:  0.0, Avg:  0.0, Max:  0.0, Diff:  0.0, Sum:  0.0, Workers: 4
[496.265s][debug][gc,phases      ] GC(33)     Dead                           Min: 0, Avg:  0.0, Max: 0, Diff: 0, Sum: 0, Workers: 4
[496.265s][debug][gc,phases      ] GC(33)     Total                          Min: 0, Avg: 11.2, Max: 45, Diff: 45, Sum: 45, Workers: 4
[496.265s][debug][gc,phases      ] GC(33)   StringDedup Table Weak         Min:  0.0, Avg:  0.0, Max:  0.0, Diff:  0.0, Sum:  0.0, Workers: 4
[496.265s][debug][gc,phases      ] GC(33)     Dead                           Min: 0, Avg:  0.0, Max: 0, Diff: 0, Sum: 0, Workers: 4
[496.265s][debug][gc,phases      ] GC(33)     Total                          Min: 0, Avg:  0.0, Max: 0, Diff: 0, Sum: 0, Workers: 4
[496.265s][debug][gc,phases      ] GC(33)   StringDedup Requests0 Weak     Min:  0.0, Avg:  0.0, Max:  0.0, Diff:  0.0, Sum:  0.0, Workers: 4
[496.265s][debug][gc,phases      ] GC(33)     Dead                           Min: 0, Avg:  0.0, Max: 0, Diff: 0, Sum: 0, Workers: 4
[496.265s][debug][gc,phases      ] GC(33)     Total                          Min: 0, Avg:  0.0, Max: 0, Diff: 0, Sum: 0, Workers: 4
[496.265s][debug][gc,phases      ] GC(33)   StringDedup Requests1 Weak     Min:  0.0, Avg:  0.0, Max:  0.0, Diff:  0.0, Sum:  0.0, Workers: 4
[496.265s][debug][gc,phases      ] GC(33)     Dead                           Min: 0, Avg:  0.0, Max: 0, Diff: 0, Sum: 0, Workers: 4
[496.265s][debug][gc,phases      ] GC(33)     Total                          Min: 0, Avg:  0.0, Max: 0, Diff: 0, Sum: 0, Workers: 4
[496.265s][debug][gc,phases      ] GC(33)   Weak JFR Old Object Samples    Min:  0.0, Avg:  0.0, Max:  0.0, Diff:  0.0, Sum:  0.0, Workers: 4
[496.265s][debug][gc,phases      ] GC(33)     Dead                           Min: 0, Avg:  0.0, Max: 0, Diff: 0, Sum: 0, Workers: 4
[496.265s][debug][gc,phases      ] GC(33)     Total                          Min: 0, Avg:  0.0, Max: 0, Diff: 0, Sum: 0, Workers: 4
[496.265s][debug][gc,phases      ] GC(33) Weak Processing 0.321ms
[496.265s][debug][gc,age         ] GC(33) Desired survivor size 338690048 bytes, new threshold 15 (max threshold 15)
[496.265s][info ][gc,heap        ] GC(33) PSYoungGen: 1385888K(1737216K)->448K(1766400K) Eden: 1385472K(1385472K)->0K(1424384K) From: 416K(351744K)->448K(342016K)
[496.265s][info ][gc,heap        ] GC(33) ParOldGen: 234087K(330240K)->234111K(330240K)
[496.265s][info ][gc,metaspace   ] GC(33) Metaspace: 79549K(80448K)->79549K(80448K) NonClass: 67852K(68352K)->67852K(68352K) Class: 11696K(12096K)->11696K(12096K)
[496.265s][info ][gc             ] GC(33) Pause Young (Allocation Failure) 1582M->229M(2047M) 3.851ms
[496.265s][info ][gc,cpu         ] GC(33) User=0.01s Sys=0.00s Real=0.01s
[496.265s][info ][safepoint      ] Safepoint "ParallelGCFailedAllocation", Time since last: 11196777384 ns, Reaching safepoint: 3900 ns, Cleanup: 30901 ns, At safepoint: 3904229 ns, Total: 3939030 ns
[503.265s][info ][safepoint      ] Safepoint "Cleanup", Time since last: 7000409945 ns, Reaching safepoint: 4700 ns, Cleanup: 35200 ns, At safepoint: 3200 ns, Total: 43100 ns
[516.266s][info ][safepoint      ] Safepoint "Cleanup", Time since last: 13000835861 ns, Reaching safepoint: 4900 ns, Cleanup: 38800 ns, At safepoint: 2500 ns, Total: 46200 ns
[518.061s][info ][gc,start       ] GC(34) Pause Young (Allocation Failure)
[518.063s][debug][gc,phases      ] GC(34) Scavenge 2.259ms
[518.063s][debug][gc,ref         ] GC(34) Skipped phase 1 of Reference Processing: no references
[518.063s][debug][gc,ref         ] GC(34) ReferenceProcessor::execute queues: 1, RefProcThreadModel::Single, marks_oops_alive: false
[518.063s][debug][gc,ref         ] GC(34) Skipped phase 3 of Reference Processing: no references
[518.063s][debug][gc,ref         ] GC(34) ReferenceProcessor::execute queues: 1, RefProcThreadModel::Single, marks_oops_alive: false
[518.063s][debug][gc,phases      ] GC(34) Reference Processing 0.096ms
[518.064s][debug][gc,phases      ] GC(34)   VM Weak                        Min:  0.0, Avg:  0.0, Max:  0.0, Diff:  0.0, Sum:  0.0, Workers: 4
[518.064s][debug][gc,phases      ] GC(34)     Dead                           Min: 0, Avg:  0.0, Max: 0, Diff: 0, Sum: 0, Workers: 4
[518.064s][debug][gc,phases      ] GC(34)     Total                          Min: 0, Avg: 171.8, Max: 495, Diff: 495, Sum: 687, Workers: 4
[518.064s][debug][gc,phases      ] GC(34)   ObjectSynchronizer Weak        Min:  0.0, Avg:  0.0, Max:  0.0, Diff:  0.0, Sum:  0.0, Workers: 4
[518.064s][debug][gc,phases      ] GC(34)     Dead                           Min: 0, Avg:  0.0, Max: 0, Diff: 0, Sum: 0, Workers: 4
[518.064s][debug][gc,phases      ] GC(34)     Total                          Min: 0, Avg:  0.8, Max: 3, Diff: 3, Sum: 3, Workers: 4
[518.064s][debug][gc,phases      ] GC(34)   JVMTI Tag Weak OopStorage      Min:  0.0, Avg:  0.0, Max:  0.0, Diff:  0.0, Sum:  0.0, Workers: 4
[518.064s][debug][gc,phases      ] GC(34)     Dead                           Min: 0, Avg:  0.0, Max: 0, Diff: 0, Sum: 0, Workers: 4
[518.064s][debug][gc,phases      ] GC(34)     Total                          Min: 0, Avg:  0.0, Max: 0, Diff: 0, Sum: 0, Workers: 4
[518.064s][debug][gc,phases      ] GC(34)   StringTable Weak               Min:  0.0, Avg:  0.1, Max:  0.1, Diff:  0.1, Sum:  0.4, Workers: 4
[518.064s][debug][gc,phases      ] GC(34)     Dead                           Min: 0, Avg:  0.0, Max: 0, Diff: 0, Sum: 0, Workers: 4
[518.064s][debug][gc,phases      ] GC(34)     Total                          Min: 0, Avg: 10628.8, Max: 14483, Diff: 14483, Sum: 42515, Workers: 4
[518.064s][debug][gc,phases      ] GC(34)   ResolvedMethodTable Weak       Min:  0.0, Avg:  0.0, Max:  0.0, Diff:  0.0, Sum:  0.1, Workers: 4
[518.064s][debug][gc,phases      ] GC(34)     Dead                           Min: 0, Avg:  0.0, Max: 0, Diff: 0, Sum: 0, Workers: 4
[518.064s][debug][gc,phases      ] GC(34)     Total                          Min: 0, Avg: 2304.0, Max: 3904, Diff: 3904, Sum: 9216, Workers: 4
[518.064s][debug][gc,phases      ] GC(34)   JNI Weak                       Min:  0.0, Avg:  0.0, Max:  0.0, Diff:  0.0, Sum:  0.0, Workers: 4
[518.064s][debug][gc,phases      ] GC(34)     Dead                           Min: 0, Avg:  0.0, Max: 0, Diff: 0, Sum: 0, Workers: 4
[518.064s][debug][gc,phases      ] GC(34)     Total                          Min: 0, Avg: 11.2, Max: 45, Diff: 45, Sum: 45, Workers: 4
[518.064s][debug][gc,phases      ] GC(34)   StringDedup Table Weak         Min:  0.0, Avg:  0.0, Max:  0.0, Diff:  0.0, Sum:  0.0, Workers: 4
[518.064s][debug][gc,phases      ] GC(34)     Dead                           Min: 0, Avg:  0.0, Max: 0, Diff: 0, Sum: 0, Workers: 4
[518.064s][debug][gc,phases      ] GC(34)     Total                          Min: 0, Avg:  0.0, Max: 0, Diff: 0, Sum: 0, Workers: 4
[518.064s][debug][gc,phases      ] GC(34)   StringDedup Requests0 Weak     Min:  0.0, Avg:  0.0, Max:  0.0, Diff:  0.0, Sum:  0.0, Workers: 4
[518.064s][debug][gc,phases      ] GC(34)     Dead                           Min: 0, Avg:  0.0, Max: 0, Diff: 0, Sum: 0, Workers: 4
[518.064s][debug][gc,phases      ] GC(34)     Total                          Min: 0, Avg:  0.0, Max: 0, Diff: 0, Sum: 0, Workers: 4
[518.064s][debug][gc,phases      ] GC(34)   StringDedup Requests1 Weak     Min:  0.0, Avg:  0.0, Max:  0.0, Diff:  0.0, Sum:  0.0, Workers: 4
[518.064s][debug][gc,phases      ] GC(34)     Dead                           Min: 0, Avg:  0.0, Max: 0, Diff: 0, Sum: 0, Workers: 4
[518.064s][debug][gc,phases      ] GC(34)     Total                          Min: 0, Avg:  0.0, Max: 0, Diff: 0, Sum: 0, Workers: 4
[518.064s][debug][gc,phases      ] GC(34)   Weak JFR Old Object Samples    Min:  0.0, Avg:  0.0, Max:  0.0, Diff:  0.0, Sum:  0.0, Workers: 4
[518.064s][debug][gc,phases      ] GC(34)     Dead                           Min: 0, Avg:  0.0, Max: 0, Diff: 0, Sum: 0, Workers: 4
[518.064s][debug][gc,phases      ] GC(34)     Total                          Min: 0, Avg:  0.0, Max: 0, Diff: 0, Sum: 0, Workers: 4
[518.064s][debug][gc,phases      ] GC(34) Weak Processing 0.360ms
[518.064s][debug][gc,age         ] GC(34) Desired survivor size 325582848 bytes, new threshold 15 (max threshold 15)
[518.064s][info ][gc,heap        ] GC(34) PSYoungGen: 1424832K(1766400K)->480K(1755136K) Eden: 1424384K(1424384K)->0K(1424384K) From: 448K(342016K)->480K(330752K)
[518.064s][info ][gc,heap        ] GC(34) ParOldGen: 234111K(330240K)->234135K(330240K)
[518.064s][info ][gc,metaspace   ] GC(34) Metaspace: 79556K(80448K)->79556K(80448K) NonClass: 67860K(68352K)->67860K(68352K) Class: 11696K(12096K)->11696K(12096K)
[518.064s][info ][gc             ] GC(34) Pause Young (Allocation Failure) 1620M->229M(2036M) 2.805ms
[518.064s][info ][gc,cpu         ] GC(34) User=0.01s Sys=0.00s Real=0.01s
[518.064s][info ][safepoint      ] Safepoint "ParallelGCFailedAllocation", Time since last: 1794531327 ns, Reaching safepoint: 3800 ns, Cleanup: 28700 ns, At safepoint: 2860922 ns, Total: 2893422 ns
[539.813s][info ][gc,start       ] GC(35) Pause Young (Allocation Failure)
[539.816s][debug][gc,phases      ] GC(35) Scavenge 3.226ms
[539.816s][debug][gc,ref         ] GC(35) Skipped phase 1 of Reference Processing: no references
[539.816s][debug][gc,ref         ] GC(35) ReferenceProcessor::execute queues: 1, RefProcThreadModel::Single, marks_oops_alive: false
[539.816s][debug][gc,ref         ] GC(35) Skipped phase 3 of Reference Processing: no references
[539.816s][debug][gc,ref         ] GC(35) ReferenceProcessor::execute queues: 1, RefProcThreadModel::Single, marks_oops_alive: false
[539.816s][debug][gc,phases      ] GC(35) Reference Processing 0.087ms
[539.816s][debug][gc,phases      ] GC(35)   VM Weak                        Min:  0.0, Avg:  0.0, Max:  0.0, Diff:  0.0, Sum:  0.0, Workers: 4
[539.816s][debug][gc,phases      ] GC(35)     Dead                           Min: 0, Avg:  0.0, Max: 0, Diff: 0, Sum: 0, Workers: 4
[539.816s][debug][gc,phases      ] GC(35)     Total                          Min: 0, Avg: 171.8, Max: 495, Diff: 495, Sum: 687, Workers: 4
[539.816s][debug][gc,phases      ] GC(35)   ObjectSynchronizer Weak        Min:  0.0, Avg:  0.0, Max:  0.0, Diff:  0.0, Sum:  0.0, Workers: 4
[539.816s][debug][gc,phases      ] GC(35)     Dead                           Min: 0, Avg:  0.0, Max: 0, Diff: 0, Sum: 0, Workers: 4
[539.816s][debug][gc,phases      ] GC(35)     Total                          Min: 0, Avg:  0.8, Max: 3, Diff: 3, Sum: 3, Workers: 4
[539.816s][debug][gc,phases      ] GC(35)   JVMTI Tag Weak OopStorage      Min:  0.0, Avg:  0.0, Max:  0.0, Diff:  0.0, Sum:  0.0, Workers: 4
[539.816s][debug][gc,phases      ] GC(35)     Dead                           Min: 0, Avg:  0.0, Max: 0, Diff: 0, Sum: 0, Workers: 4
[539.816s][debug][gc,phases      ] GC(35)     Total                          Min: 0, Avg:  0.0, Max: 0, Diff: 0, Sum: 0, Workers: 4
[539.816s][debug][gc,phases      ] GC(35)   StringTable Weak               Min:  0.0, Avg:  0.1, Max:  0.1, Diff:  0.1, Sum:  0.3, Workers: 4
[539.816s][debug][gc,phases      ] GC(35)     Dead                           Min: 0, Avg:  0.0, Max: 0, Diff: 0, Sum: 0, Workers: 4
[539.816s][debug][gc,phases      ] GC(35)     Total                          Min: 0, Avg: 10632.0, Max: 16736, Diff: 16736, Sum: 42528, Workers: 4
[539.816s][debug][gc,phases      ] GC(35)   ResolvedMethodTable Weak       Min:  0.0, Avg:  0.0, Max:  0.0, Diff:  0.0, Sum:  0.1, Workers: 4
[539.816s][debug][gc,phases      ] GC(35)     Dead                           Min: 0, Avg:  0.0, Max: 0, Diff: 0, Sum: 0, Workers: 4
[539.816s][debug][gc,phases      ] GC(35)     Total                          Min: 0, Avg: 2304.0, Max: 3840, Diff: 3840, Sum: 9216, Workers: 4
[539.816s][debug][gc,phases      ] GC(35)   JNI Weak                       Min:  0.0, Avg:  0.0, Max:  0.0, Diff:  0.0, Sum:  0.0, Workers: 4
[539.816s][debug][gc,phases      ] GC(35)     Dead                           Min: 0, Avg:  0.0, Max: 0, Diff: 0, Sum: 0, Workers: 4
[539.816s][debug][gc,phases      ] GC(35)     Total                          Min: 0, Avg: 11.2, Max: 45, Diff: 45, Sum: 45, Workers: 4
[539.816s][debug][gc,phases      ] GC(35)   StringDedup Table Weak         Min:  0.0, Avg:  0.0, Max:  0.0, Diff:  0.0, Sum:  0.0, Workers: 4
[539.816s][debug][gc,phases      ] GC(35)     Dead                           Min: 0, Avg:  0.0, Max: 0, Diff: 0, Sum: 0, Workers: 4
[539.816s][debug][gc,phases      ] GC(35)     Total                          Min: 0, Avg:  0.0, Max: 0, Diff: 0, Sum: 0, Workers: 4
[539.816s][debug][gc,phases      ] GC(35)   StringDedup Requests0 Weak     Min:  0.0, Avg:  0.0, Max:  0.0, Diff:  0.0, Sum:  0.0, Workers: 4
[539.816s][debug][gc,phases      ] GC(35)     Dead                           Min: 0, Avg:  0.0, Max: 0, Diff: 0, Sum: 0, Workers: 4
[539.816s][debug][gc,phases      ] GC(35)     Total                          Min: 0, Avg:  0.0, Max: 0, Diff: 0, Sum: 0, Workers: 4
[539.816s][debug][gc,phases      ] GC(35)   StringDedup Requests1 Weak     Min:  0.0, Avg:  0.0, Max:  0.0, Diff:  0.0, Sum:  0.0, Workers: 4
[539.816s][debug][gc,phases      ] GC(35)     Dead                           Min: 0, Avg:  0.0, Max: 0, Diff: 0, Sum: 0, Workers: 4
[539.816s][debug][gc,phases      ] GC(35)     Total                          Min: 0, Avg:  0.0, Max: 0, Diff: 0, Sum: 0, Workers: 4
[539.816s][debug][gc,phases      ] GC(35)   Weak JFR Old Object Samples    Min:  0.0, Avg:  0.0, Max:  0.0, Diff:  0.0, Sum:  0.0, Workers: 4
[539.816s][debug][gc,phases      ] GC(35)     Dead                           Min: 0, Avg:  0.0, Max: 0, Diff: 0, Sum: 0, Workers: 4
[539.816s][debug][gc,phases      ] GC(35)     Total                          Min: 0, Avg:  0.0, Max: 0, Diff: 0, Sum: 0, Workers: 4
[539.816s][debug][gc,phases      ] GC(35) Weak Processing 0.309ms
[539.816s][debug][gc,age         ] GC(35) Desired survivor size 311951360 bytes, new threshold 15 (max threshold 15)
[539.816s][info ][gc,heap        ] GC(35) PSYoungGen: 1424864K(1755136K)->416K(1792512K) Eden: 1424384K(1424384K)->0K(1474560K) From: 480K(330752K)->416K(317952K)
[539.816s][info ][gc,heap        ] GC(35) ParOldGen: 234135K(330240K)->234151K(330240K)
[539.816s][info ][gc,metaspace   ] GC(35) Metaspace: 79557K(80448K)->79557K(80448K) NonClass: 67861K(68352K)->67861K(68352K) Class: 11696K(12096K)->11696K(12096K)
[539.816s][info ][gc             ] GC(35) Pause Young (Allocation Failure) 1620M->229M(2073M) 3.716ms
[539.816s][info ][gc,cpu         ] GC(35) User=0.01s Sys=0.00s Real=0.00s
[539.816s][info ][safepoint      ] Safepoint "ParallelGCFailedAllocation", Time since last: 21748806173 ns, Reaching safepoint: 4100 ns, Cleanup: 32501 ns, At safepoint: 3788629 ns, Total: 3825230 ns
[558.818s][info ][safepoint      ] Safepoint "Cleanup", Time since last: 19001292706 ns, Reaching safepoint: 4200 ns, Cleanup: 34700 ns, At safepoint: 3700 ns, Total: 42600 ns
[562.411s][info ][gc,start       ] GC(36) Pause Young (Allocation Failure)
[562.414s][debug][gc,phases      ] GC(36) Scavenge 2.229ms
[562.414s][debug][gc,ref         ] GC(36) Skipped phase 1 of Reference Processing: no references
[562.414s][debug][gc,ref         ] GC(36) ReferenceProcessor::execute queues: 1, RefProcThreadModel::Single, marks_oops_alive: false
[562.414s][debug][gc,ref         ] GC(36) Skipped phase 3 of Reference Processing: no references
[562.414s][debug][gc,ref         ] GC(36) ReferenceProcessor::execute queues: 1, RefProcThreadModel::Single, marks_oops_alive: false
[562.414s][debug][gc,phases      ] GC(36) Reference Processing 0.096ms
[562.414s][debug][gc,phases      ] GC(36)   VM Weak                        Min:  0.0, Avg:  0.0, Max:  0.0, Diff:  0.0, Sum:  0.0, Workers: 4
[562.414s][debug][gc,phases      ] GC(36)     Dead                           Min: 0, Avg:  0.0, Max: 0, Diff: 0, Sum: 0, Workers: 4
[562.414s][debug][gc,phases      ] GC(36)     Total                          Min: 0, Avg: 171.8, Max: 495, Diff: 495, Sum: 687, Workers: 4
[562.414s][debug][gc,phases      ] GC(36)   ObjectSynchronizer Weak        Min:  0.0, Avg:  0.0, Max:  0.0, Diff:  0.0, Sum:  0.0, Workers: 4
[562.414s][debug][gc,phases      ] GC(36)     Dead                           Min: 0, Avg:  0.0, Max: 0, Diff: 0, Sum: 0, Workers: 4
[562.414s][debug][gc,phases      ] GC(36)     Total                          Min: 0, Avg:  0.8, Max: 3, Diff: 3, Sum: 3, Workers: 4
[562.414s][debug][gc,phases      ] GC(36)   JVMTI Tag Weak OopStorage      Min:  0.0, Avg:  0.0, Max:  0.0, Diff:  0.0, Sum:  0.0, Workers: 4
[562.414s][debug][gc,phases      ] GC(36)     Dead                           Min: 0, Avg:  0.0, Max: 0, Diff: 0, Sum: 0, Workers: 4
[562.414s][debug][gc,phases      ] GC(36)     Total                          Min: 0, Avg:  0.0, Max: 0, Diff: 0, Sum: 0, Workers: 4
[562.414s][debug][gc,phases      ] GC(36)   StringTable Weak               Min:  0.0, Avg:  0.1, Max:  0.1, Diff:  0.1, Sum:  0.3, Workers: 4
[562.414s][debug][gc,phases      ] GC(36)     Dead                           Min: 0, Avg:  0.0, Max: 0, Diff: 0, Sum: 0, Workers: 4
[562.414s][debug][gc,phases      ] GC(36)     Total                          Min: 0, Avg: 10632.0, Max: 16928, Diff: 16928, Sum: 42528, Workers: 4
[562.414s][debug][gc,phases      ] GC(36)   ResolvedMethodTable Weak       Min:  0.0, Avg:  0.0, Max:  0.0, Diff:  0.0, Sum:  0.1, Workers: 4
[562.414s][debug][gc,phases      ] GC(36)     Dead                           Min: 0, Avg:  0.0, Max: 0, Diff: 0, Sum: 0, Workers: 4
[562.414s][debug][gc,phases      ] GC(36)     Total                          Min: 0, Avg: 2304.0, Max: 3968, Diff: 3968, Sum: 9216, Workers: 4
[562.414s][debug][gc,phases      ] GC(36)   JNI Weak                       Min:  0.0, Avg:  0.0, Max:  0.0, Diff:  0.0, Sum:  0.0, Workers: 4
[562.414s][debug][gc,phases      ] GC(36)     Dead                           Min: 0, Avg:  0.0, Max: 0, Diff: 0, Sum: 0, Workers: 4
[562.414s][debug][gc,phases      ] GC(36)     Total                          Min: 0, Avg: 11.2, Max: 45, Diff: 45, Sum: 45, Workers: 4
[562.414s][debug][gc,phases      ] GC(36)   StringDedup Table Weak         Min:  0.0, Avg:  0.0, Max:  0.0, Diff:  0.0, Sum:  0.0, Workers: 4
[562.414s][debug][gc,phases      ] GC(36)     Dead                           Min: 0, Avg:  0.0, Max: 0, Diff: 0, Sum: 0, Workers: 4
[562.414s][debug][gc,phases      ] GC(36)     Total                          Min: 0, Avg:  0.0, Max: 0, Diff: 0, Sum: 0, Workers: 4
[562.414s][debug][gc,phases      ] GC(36)   StringDedup Requests0 Weak     Min:  0.0, Avg:  0.0, Max:  0.0, Diff:  0.0, Sum:  0.0, Workers: 4
[562.414s][debug][gc,phases      ] GC(36)     Dead                           Min: 0, Avg:  0.0, Max: 0, Diff: 0, Sum: 0, Workers: 4
[562.414s][debug][gc,phases      ] GC(36)     Total                          Min: 0, Avg:  0.0, Max: 0, Diff: 0, Sum: 0, Workers: 4
[562.414s][debug][gc,phases      ] GC(36)   StringDedup Requests1 Weak     Min:  0.0, Avg:  0.0, Max:  0.0, Diff:  0.0, Sum:  0.0, Workers: 4
[562.414s][debug][gc,phases      ] GC(36)     Dead                           Min: 0, Avg:  0.0, Max: 0, Diff: 0, Sum: 0, Workers: 4
[562.414s][debug][gc,phases      ] GC(36)     Total                          Min: 0, Avg:  0.0, Max: 0, Diff: 0, Sum: 0, Workers: 4
[562.414s][debug][gc,phases      ] GC(36)   Weak JFR Old Object Samples    Min:  0.0, Avg:  0.0, Max:  0.0, Diff:  0.0, Sum:  0.0, Workers: 4
[562.414s][debug][gc,phases      ] GC(36)     Dead                           Min: 0, Avg:  0.0, Max: 0, Diff: 0, Sum: 0, Workers: 4
[562.414s][debug][gc,phases      ] GC(36)     Total                          Min: 0, Avg:  0.0, Max: 0, Diff: 0, Sum: 0, Workers: 4
[562.414s][debug][gc,phases      ] GC(36) Weak Processing 0.315ms
[562.414s][debug][gc,age         ] GC(36) Desired survivor size 297795584 bytes, new threshold 15 (max threshold 15)
[562.414s][info ][gc,heap        ] GC(36) PSYoungGen: 1474976K(1792512K)->448K(1779200K) Eden: 1474560K(1474560K)->0K(1474560K) From: 416K(317952K)->448K(304640K)
[562.414s][info ][gc,heap        ] GC(36) ParOldGen: 234151K(330240K)->234175K(330240K)
[562.414s][info ][gc,metaspace   ] GC(36) Metaspace: 79557K(80448K)->79557K(80448K) NonClass: 67861K(68352K)->67861K(68352K) Class: 11696K(12096K)->11696K(12096K)
[562.414s][info ][gc             ] GC(36) Pause Young (Allocation Failure) 1669M->229M(2060M) 2.743ms
[562.414s][info ][gc,cpu         ] GC(36) User=0.00s Sys=0.00s Real=0.01s
[562.414s][info ][safepoint      ] Safepoint "ParallelGCFailedAllocation", Time since last: 3593464248 ns, Reaching safepoint: 3900 ns, Cleanup: 27500 ns, At safepoint: 2797021 ns, Total: 2828421 ns
[584.961s][info ][gc,start       ] GC(37) Pause Young (Allocation Failure)
[584.963s][debug][gc,phases      ] GC(37) Scavenge 2.131ms
[584.963s][debug][gc,ref         ] GC(37) Skipped phase 1 of Reference Processing: no references
[584.963s][debug][gc,ref         ] GC(37) ReferenceProcessor::execute queues: 1, RefProcThreadModel::Single, marks_oops_alive: false
[584.963s][debug][gc,ref         ] GC(37) Skipped phase 3 of Reference Processing: no references
[584.963s][debug][gc,ref         ] GC(37) ReferenceProcessor::execute queues: 1, RefProcThreadModel::Single, marks_oops_alive: false
[584.963s][debug][gc,phases      ] GC(37) Reference Processing 0.094ms
[584.964s][debug][gc,phases      ] GC(37)   VM Weak                        Min:  0.0, Avg:  0.0, Max:  0.0, Diff:  0.0, Sum:  0.0, Workers: 4
[584.964s][debug][gc,phases      ] GC(37)     Dead                           Min: 0, Avg:  0.0, Max: 0, Diff: 0, Sum: 0, Workers: 4
[584.964s][debug][gc,phases      ] GC(37)     Total                          Min: 0, Avg: 171.8, Max: 687, Diff: 687, Sum: 687, Workers: 4
[584.964s][debug][gc,phases      ] GC(37)   ObjectSynchronizer Weak        Min:  0.0, Avg:  0.0, Max:  0.0, Diff:  0.0, Sum:  0.0, Workers: 4
[584.964s][debug][gc,phases      ] GC(37)     Dead                           Min: 0, Avg:  0.0, Max: 0, Diff: 0, Sum: 0, Workers: 4
[584.964s][debug][gc,phases      ] GC(37)     Total                          Min: 0, Avg:  0.8, Max: 3, Diff: 3, Sum: 3, Workers: 4
[584.964s][debug][gc,phases      ] GC(37)   JVMTI Tag Weak OopStorage      Min:  0.0, Avg:  0.0, Max:  0.0, Diff:  0.0, Sum:  0.0, Workers: 4
[584.964s][debug][gc,phases      ] GC(37)     Dead                           Min: 0, Avg:  0.0, Max: 0, Diff: 0, Sum: 0, Workers: 4
[584.964s][debug][gc,phases      ] GC(37)     Total                          Min: 0, Avg:  0.0, Max: 0, Diff: 0, Sum: 0, Workers: 4
[584.964s][debug][gc,phases      ] GC(37)   StringTable Weak               Min:  0.0, Avg:  0.1, Max:  0.1, Diff:  0.1, Sum:  0.3, Workers: 4
[584.964s][debug][gc,phases      ] GC(37)     Dead                           Min: 0, Avg:  0.0, Max: 0, Diff: 0, Sum: 0, Workers: 4
[584.964s][debug][gc,phases      ] GC(37)     Total                          Min: 0, Avg: 10633.2, Max: 17856, Diff: 17856, Sum: 42533, Workers: 4
[584.964s][debug][gc,phases      ] GC(37)   ResolvedMethodTable Weak       Min:  0.0, Avg:  0.0, Max:  0.0, Diff:  0.0, Sum:  0.1, Workers: 4
[584.964s][debug][gc,phases      ] GC(37)     Dead                           Min: 0, Avg:  0.0, Max: 0, Diff: 0, Sum: 0, Workers: 4
[584.964s][debug][gc,phases      ] GC(37)     Total                          Min: 0, Avg: 2304.0, Max: 4032, Diff: 4032, Sum: 9216, Workers: 4
[584.964s][debug][gc,phases      ] GC(37)   JNI Weak                       Min:  0.0, Avg:  0.0, Max:  0.0, Diff:  0.0, Sum:  0.0, Workers: 4
[584.964s][debug][gc,phases      ] GC(37)     Dead                           Min: 0, Avg:  0.0, Max: 0, Diff: 0, Sum: 0, Workers: 4
[584.964s][debug][gc,phases      ] GC(37)     Total                          Min: 0, Avg: 11.2, Max: 45, Diff: 45, Sum: 45, Workers: 4
[584.964s][debug][gc,phases      ] GC(37)   StringDedup Table Weak         Min:  0.0, Avg:  0.0, Max:  0.0, Diff:  0.0, Sum:  0.0, Workers: 4
[584.964s][debug][gc,phases      ] GC(37)     Dead                           Min: 0, Avg:  0.0, Max: 0, Diff: 0, Sum: 0, Workers: 4
[584.964s][debug][gc,phases      ] GC(37)     Total                          Min: 0, Avg:  0.0, Max: 0, Diff: 0, Sum: 0, Workers: 4
[584.964s][debug][gc,phases      ] GC(37)   StringDedup Requests0 Weak     Min:  0.0, Avg:  0.0, Max:  0.0, Diff:  0.0, Sum:  0.0, Workers: 4
[584.964s][debug][gc,phases      ] GC(37)     Dead                           Min: 0, Avg:  0.0, Max: 0, Diff: 0, Sum: 0, Workers: 4
[584.964s][debug][gc,phases      ] GC(37)     Total                          Min: 0, Avg:  0.0, Max: 0, Diff: 0, Sum: 0, Workers: 4
[584.964s][debug][gc,phases      ] GC(37)   StringDedup Requests1 Weak     Min:  0.0, Avg:  0.0, Max:  0.0, Diff:  0.0, Sum:  0.0, Workers: 4
[584.964s][debug][gc,phases      ] GC(37)     Dead                           Min: 0, Avg:  0.0, Max: 0, Diff: 0, Sum: 0, Workers: 4
[584.964s][debug][gc,phases      ] GC(37)     Total                          Min: 0, Avg:  0.0, Max: 0, Diff: 0, Sum: 0, Workers: 4
[584.964s][debug][gc,phases      ] GC(37)   Weak JFR Old Object Samples    Min:  0.0, Avg:  0.0, Max:  0.0, Diff:  0.0, Sum:  0.0, Workers: 4
[584.964s][debug][gc,phases      ] GC(37)     Dead                           Min: 0, Avg:  0.0, Max: 0, Diff: 0, Sum: 0, Workers: 4
[584.964s][debug][gc,phases      ] GC(37)     Total                          Min: 0, Avg:  0.0, Max: 0, Diff: 0, Sum: 0, Workers: 4
[584.964s][debug][gc,phases      ] GC(37) Weak Processing 0.315ms
[584.964s][debug][gc,age         ] GC(37) Desired survivor size 283115520 bytes, new threshold 15 (max threshold 15)
[584.964s][info ][gc,heap        ] GC(37) PSYoungGen: 1475008K(1779200K)->384K(1820672K) Eden: 1474560K(1474560K)->0K(1529856K) From: 448K(304640K)->384K(290816K)
[584.964s][info ][gc,heap        ] GC(37) ParOldGen: 234175K(330240K)->234183K(330240K)
[584.964s][info ][gc,metaspace   ] GC(37) Metaspace: 79558K(80448K)->79558K(80448K) NonClass: 67862K(68352K)->67862K(68352K) Class: 11696K(12096K)->11696K(12096K)
[584.964s][info ][gc             ] GC(37) Pause Young (Allocation Failure) 1669M->229M(2100M) 2.634ms
[584.964s][info ][gc,cpu         ] GC(37) User=0.00s Sys=0.00s Real=0.01s
[584.964s][info ][safepoint      ] Safepoint "ParallelGCFailedAllocation", Time since last: 22547090594 ns, Reaching safepoint: 3700 ns, Cleanup: 38700 ns, At safepoint: 2689621 ns, Total: 2732021 ns
[596.965s][info ][safepoint      ] Safepoint "Cleanup", Time since last: 12000693379 ns, Reaching safepoint: 4200 ns, Cleanup: 30501 ns, At safepoint: 2100 ns, Total: 36801 ns
[608.361s][info ][gc,start       ] GC(38) Pause Young (Allocation Failure)
[608.364s][debug][gc,phases      ] GC(38) Scavenge 2.206ms
[608.364s][debug][gc,ref         ] GC(38) Skipped phase 1 of Reference Processing: no references
[608.364s][debug][gc,ref         ] GC(38) ReferenceProcessor::execute queues: 1, RefProcThreadModel::Single, marks_oops_alive: false
[608.364s][debug][gc,ref         ] GC(38) Skipped phase 3 of Reference Processing: no references
[608.364s][debug][gc,ref         ] GC(38) ReferenceProcessor::execute queues: 1, RefProcThreadModel::Single, marks_oops_alive: false
[608.364s][debug][gc,phases      ] GC(38) Reference Processing 0.089ms
[608.364s][debug][gc,phases      ] GC(38)   VM Weak                        Min:  0.0, Avg:  0.0, Max:  0.0, Diff:  0.0, Sum:  0.0, Workers: 4
[608.364s][debug][gc,phases      ] GC(38)     Dead                           Min: 0, Avg:  0.0, Max: 0, Diff: 0, Sum: 0, Workers: 4
[608.364s][debug][gc,phases      ] GC(38)     Total                          Min: 0, Avg: 171.8, Max: 687, Diff: 687, Sum: 687, Workers: 4
[608.364s][debug][gc,phases      ] GC(38)   ObjectSynchronizer Weak        Min:  0.0, Avg:  0.0, Max:  0.0, Diff:  0.0, Sum:  0.0, Workers: 4
[608.364s][debug][gc,phases      ] GC(38)     Dead                           Min: 0, Avg:  0.0, Max: 0, Diff: 0, Sum: 0, Workers: 4
[608.364s][debug][gc,phases      ] GC(38)     Total                          Min: 0, Avg:  0.8, Max: 3, Diff: 3, Sum: 3, Workers: 4
[608.364s][debug][gc,phases      ] GC(38)   JVMTI Tag Weak OopStorage      Min:  0.0, Avg:  0.0, Max:  0.0, Diff:  0.0, Sum:  0.0, Workers: 4
[608.364s][debug][gc,phases      ] GC(38)     Dead                           Min: 0, Avg:  0.0, Max: 0, Diff: 0, Sum: 0, Workers: 4
[608.364s][debug][gc,phases      ] GC(38)     Total                          Min: 0, Avg:  0.0, Max: 0, Diff: 0, Sum: 0, Workers: 4
[608.364s][debug][gc,phases      ] GC(38)   StringTable Weak               Min:  0.0, Avg:  0.1, Max:  0.1, Diff:  0.1, Sum:  0.3, Workers: 4
[608.364s][debug][gc,phases      ] GC(38)     Dead                           Min: 0, Avg:  0.0, Max: 0, Diff: 0, Sum: 0, Workers: 4
[608.364s][debug][gc,phases      ] GC(38)     Total                          Min: 0, Avg: 10633.2, Max: 17637, Diff: 17637, Sum: 42533, Workers: 4
[608.364s][debug][gc,phases      ] GC(38)   ResolvedMethodTable Weak       Min:  0.0, Avg:  0.0, Max:  0.0, Diff:  0.0, Sum:  0.1, Workers: 4
[608.364s][debug][gc,phases      ] GC(38)     Dead                           Min: 0, Avg:  0.0, Max: 0, Diff: 0, Sum: 0, Workers: 4
[608.364s][debug][gc,phases      ] GC(38)     Total                          Min: 0, Avg: 2304.0, Max: 3904, Diff: 3904, Sum: 9216, Workers: 4
[608.364s][debug][gc,phases      ] GC(38)   JNI Weak                       Min:  0.0, Avg:  0.0, Max:  0.0, Diff:  0.0, Sum:  0.0, Workers: 4
[608.364s][debug][gc,phases      ] GC(38)     Dead                           Min: 0, Avg:  0.0, Max: 0, Diff: 0, Sum: 0, Workers: 4
[608.364s][debug][gc,phases      ] GC(38)     Total                          Min: 0, Avg: 11.2, Max: 45, Diff: 45, Sum: 45, Workers: 4
[608.364s][debug][gc,phases      ] GC(38)   StringDedup Table Weak         Min:  0.0, Avg:  0.0, Max:  0.0, Diff:  0.0, Sum:  0.0, Workers: 4
[608.364s][debug][gc,phases      ] GC(38)     Dead                           Min: 0, Avg:  0.0, Max: 0, Diff: 0, Sum: 0, Workers: 4
[608.364s][debug][gc,phases      ] GC(38)     Total                          Min: 0, Avg:  0.0, Max: 0, Diff: 0, Sum: 0, Workers: 4
[608.364s][debug][gc,phases      ] GC(38)   StringDedup Requests0 Weak     Min:  0.0, Avg:  0.0, Max:  0.0, Diff:  0.0, Sum:  0.0, Workers: 4
[608.364s][debug][gc,phases      ] GC(38)     Dead                           Min: 0, Avg:  0.0, Max: 0, Diff: 0, Sum: 0, Workers: 4
[608.364s][debug][gc,phases      ] GC(38)     Total                          Min: 0, Avg:  0.0, Max: 0, Diff: 0, Sum: 0, Workers: 4
[608.364s][debug][gc,phases      ] GC(38)   StringDedup Requests1 Weak     Min:  0.0, Avg:  0.0, Max:  0.0, Diff:  0.0, Sum:  0.0, Workers: 4
[608.364s][debug][gc,phases      ] GC(38)     Dead                           Min: 0, Avg:  0.0, Max: 0, Diff: 0, Sum: 0, Workers: 4
[608.364s][debug][gc,phases      ] GC(38)     Total                          Min: 0, Avg:  0.0, Max: 0, Diff: 0, Sum: 0, Workers: 4
[608.364s][debug][gc,phases      ] GC(38)   Weak JFR Old Object Samples    Min:  0.0, Avg:  0.0, Max:  0.0, Diff:  0.0, Sum:  0.0, Workers: 4
[608.364s][debug][gc,phases      ] GC(38)     Dead                           Min: 0, Avg:  0.0, Max: 0, Diff: 0, Sum: 0, Workers: 4
[608.364s][debug][gc,phases      ] GC(38)     Total                          Min: 0, Avg:  0.0, Max: 0, Diff: 0, Sum: 0, Workers: 4
[608.364s][debug][gc,phases      ] GC(38) Weak Processing 0.314ms
[608.364s][debug][gc,age         ] GC(38) Desired survivor size 268959744 bytes, new threshold 15 (max threshold 15)
[608.364s][info ][gc,heap        ] GC(38) PSYoungGen: 1530240K(1820672K)->416K(1806336K) Eden: 1529856K(1529856K)->0K(1529856K) From: 384K(290816K)->416K(276480K)
[608.364s][info ][gc,heap        ] GC(38) ParOldGen: 234183K(330240K)->234207K(330240K)
[608.364s][info ][gc,metaspace   ] GC(38) Metaspace: 79558K(80448K)->79558K(80448K) NonClass: 67862K(68352K)->67862K(68352K) Class: 11696K(12096K)->11696K(12096K)
[608.364s][info ][gc             ] GC(38) Pause Young (Allocation Failure) 1723M->229M(2086M) 2.708ms
[608.364s][info ][gc,cpu         ] GC(38) User=0.01s Sys=0.00s Real=0.01s
[608.364s][info ][safepoint      ] Safepoint "ParallelGCFailedAllocation", Time since last: 11396839049 ns, Reaching safepoint: 4000 ns, Cleanup: 26100 ns, At safepoint: 2781521 ns, Total: 2811621 ns
[612.365s][info ][safepoint      ] Safepoint "Cleanup", Time since last: 4000245521 ns, Reaching safepoint: 4100 ns, Cleanup: 113701 ns, At safepoint: 6200 ns, Total: 124001 ns
[622.365s][info ][safepoint      ] Safepoint "Cleanup", Time since last: 10000612856 ns, Reaching safepoint: 6001 ns, Cleanup: 37600 ns, At safepoint: 2300 ns, Total: 45901 ns
[631.611s][info ][gc,start       ] GC(39) Pause Young (Allocation Failure)
[631.614s][debug][gc,phases      ] GC(39) Scavenge 2.308ms
[631.614s][debug][gc,ref         ] GC(39) Skipped phase 1 of Reference Processing: no references
[631.614s][debug][gc,ref         ] GC(39) ReferenceProcessor::execute queues: 1, RefProcThreadModel::Single, marks_oops_alive: false
[631.614s][debug][gc,ref         ] GC(39) Skipped phase 3 of Reference Processing: no references
[631.614s][debug][gc,ref         ] GC(39) ReferenceProcessor::execute queues: 1, RefProcThreadModel::Single, marks_oops_alive: false
[631.614s][debug][gc,phases      ] GC(39) Reference Processing 0.092ms
[631.614s][debug][gc,phases      ] GC(39)   VM Weak                        Min:  0.0, Avg:  0.0, Max:  0.0, Diff:  0.0, Sum:  0.0, Workers: 4
[631.614s][debug][gc,phases      ] GC(39)     Dead                           Min: 0, Avg:  0.0, Max: 0, Diff: 0, Sum: 0, Workers: 4
[631.614s][debug][gc,phases      ] GC(39)     Total                          Min: 0, Avg: 171.8, Max: 431, Diff: 431, Sum: 687, Workers: 4
[631.614s][debug][gc,phases      ] GC(39)   ObjectSynchronizer Weak        Min:  0.0, Avg:  0.0, Max:  0.0, Diff:  0.0, Sum:  0.0, Workers: 4
[631.614s][debug][gc,phases      ] GC(39)     Dead                           Min: 0, Avg:  0.0, Max: 0, Diff: 0, Sum: 0, Workers: 4
[631.614s][debug][gc,phases      ] GC(39)     Total                          Min: 0, Avg:  0.8, Max: 3, Diff: 3, Sum: 3, Workers: 4
[631.614s][debug][gc,phases      ] GC(39)   JVMTI Tag Weak OopStorage      Min:  0.0, Avg:  0.0, Max:  0.0, Diff:  0.0, Sum:  0.0, Workers: 4
[631.614s][debug][gc,phases      ] GC(39)     Dead                           Min: 0, Avg:  0.0, Max: 0, Diff: 0, Sum: 0, Workers: 4
[631.614s][debug][gc,phases      ] GC(39)     Total                          Min: 0, Avg:  0.0, Max: 0, Diff: 0, Sum: 0, Workers: 4
[631.614s][debug][gc,phases      ] GC(39)   StringTable Weak               Min:  0.0, Avg:  0.1, Max:  0.1, Diff:  0.1, Sum:  0.4, Workers: 4
[631.614s][debug][gc,phases      ] GC(39)     Dead                           Min: 0, Avg:  0.0, Max: 0, Diff: 0, Sum: 0, Workers: 4
[631.614s][debug][gc,phases      ] GC(39)     Total                          Min: 0, Avg: 10634.8, Max: 17088, Diff: 17088, Sum: 42539, Workers: 4
[631.614s][debug][gc,phases      ] GC(39)   ResolvedMethodTable Weak       Min:  0.0, Avg:  0.0, Max:  0.0, Diff:  0.0, Sum:  0.1, Workers: 4
[631.614s][debug][gc,phases      ] GC(39)     Dead                           Min: 0, Avg:  0.0, Max: 0, Diff: 0, Sum: 0, Workers: 4
[631.614s][debug][gc,phases      ] GC(39)     Total                          Min: 0, Avg: 2304.0, Max: 3968, Diff: 3968, Sum: 9216, Workers: 4
[631.614s][debug][gc,phases      ] GC(39)   JNI Weak                       Min:  0.0, Avg:  0.0, Max:  0.0, Diff:  0.0, Sum:  0.0, Workers: 4
[631.614s][debug][gc,phases      ] GC(39)     Dead                           Min: 0, Avg:  0.0, Max: 0, Diff: 0, Sum: 0, Workers: 4
[631.614s][debug][gc,phases      ] GC(39)     Total                          Min: 0, Avg: 11.2, Max: 45, Diff: 45, Sum: 45, Workers: 4
[631.614s][debug][gc,phases      ] GC(39)   StringDedup Table Weak         Min:  0.0, Avg:  0.0, Max:  0.0, Diff:  0.0, Sum:  0.0, Workers: 4
[631.614s][debug][gc,phases      ] GC(39)     Dead                           Min: 0, Avg:  0.0, Max: 0, Diff: 0, Sum: 0, Workers: 4
[631.614s][debug][gc,phases      ] GC(39)     Total                          Min: 0, Avg:  0.0, Max: 0, Diff: 0, Sum: 0, Workers: 4
[631.614s][debug][gc,phases      ] GC(39)   StringDedup Requests0 Weak     Min:  0.0, Avg:  0.0, Max:  0.0, Diff:  0.0, Sum:  0.0, Workers: 4
[631.614s][debug][gc,phases      ] GC(39)     Dead                           Min: 0, Avg:  0.0, Max: 0, Diff: 0, Sum: 0, Workers: 4
[631.614s][debug][gc,phases      ] GC(39)     Total                          Min: 0, Avg:  0.0, Max: 0, Diff: 0, Sum: 0, Workers: 4
[631.614s][debug][gc,phases      ] GC(39)   StringDedup Requests1 Weak     Min:  0.0, Avg:  0.0, Max:  0.0, Diff:  0.0, Sum:  0.0, Workers: 4
[631.614s][debug][gc,phases      ] GC(39)     Dead                           Min: 0, Avg:  0.0, Max: 0, Diff: 0, Sum: 0, Workers: 4
[631.614s][debug][gc,phases      ] GC(39)     Total                          Min: 0, Avg:  0.0, Max: 0, Diff: 0, Sum: 0, Workers: 4
[631.614s][debug][gc,phases      ] GC(39)   Weak JFR Old Object Samples    Min:  0.0, Avg:  0.0, Max:  0.0, Diff:  0.0, Sum:  0.0, Workers: 4
[631.614s][debug][gc,phases      ] GC(39)     Dead                           Min: 0, Avg:  0.0, Max: 0, Diff: 0, Sum: 0, Workers: 4
[631.614s][debug][gc,phases      ] GC(39)     Total                          Min: 0, Avg:  0.0, Max: 0, Diff: 0, Sum: 0, Workers: 4
[631.614s][debug][gc,phases      ] GC(39) Weak Processing 0.322ms
[631.614s][debug][gc,age         ] GC(39) Desired survivor size 254279680 bytes, new threshold 15 (max threshold 15)
[631.614s][info ][gc,heap        ] GC(39) PSYoungGen: 1530272K(1806336K)->480K(1848832K) Eden: 1529856K(1529856K)->0K(1586176K) From: 416K(276480K)->480K(262656K)
[631.614s][info ][gc,heap        ] GC(39) ParOldGen: 234207K(330240K)->234223K(330240K)
[631.614s][info ][gc,metaspace   ] GC(39) Metaspace: 79597K(80448K)->79597K(80448K) NonClass: 67900K(68352K)->67900K(68352K) Class: 11696K(12096K)->11696K(12096K)
[631.614s][info ][gc             ] GC(39) Pause Young (Allocation Failure) 1723M->229M(2128M) 2.840ms
[631.614s][info ][gc,cpu         ] GC(39) User=0.01s Sys=0.00s Real=0.00s
[631.614s][info ][safepoint      ] Safepoint "ParallelGCFailedAllocation", Time since last: 9246181449 ns, Reaching safepoint: 4200 ns, Cleanup: 20700 ns, At safepoint: 2902322 ns, Total: 2927222 ns
[651.616s][info ][safepoint      ] Safepoint "Cleanup", Time since last: 20001232714 ns, Reaching safepoint: 4200 ns, Cleanup: 36800 ns, At safepoint: 2300 ns, Total: 43300 ns
[655.861s][info ][gc,start       ] GC(40) Pause Young (Allocation Failure)
[655.865s][debug][gc,phases      ] GC(40) Scavenge 3.186ms
[655.865s][debug][gc,ref         ] GC(40) Skipped phase 1 of Reference Processing: no references
[655.865s][debug][gc,ref         ] GC(40) Skipped phase 2 of Reference Processing: no references
[655.865s][debug][gc,ref         ] GC(40) Skipped phase 3 of Reference Processing: no references
[655.865s][debug][gc,ref         ] GC(40) Skipped phase 4 of Reference Processing: no references
[655.865s][debug][gc,phases      ] GC(40) Reference Processing 0.019ms
[655.865s][debug][gc,phases      ] GC(40)   VM Weak                        Min:  0.0, Avg:  0.0, Max:  0.0, Diff:  0.0, Sum:  0.0, Workers: 4
[655.865s][debug][gc,phases      ] GC(40)     Dead                           Min: 0, Avg:  0.0, Max: 0, Diff: 0, Sum: 0, Workers: 4
[655.865s][debug][gc,phases      ] GC(40)     Total                          Min: 0, Avg: 171.8, Max: 512, Diff: 512, Sum: 687, Workers: 4
[655.865s][debug][gc,phases      ] GC(40)   ObjectSynchronizer Weak        Min:  0.0, Avg:  0.0, Max:  0.0, Diff:  0.0, Sum:  0.0, Workers: 4
[655.865s][debug][gc,phases      ] GC(40)     Dead                           Min: 0, Avg:  0.0, Max: 0, Diff: 0, Sum: 0, Workers: 4
[655.865s][debug][gc,phases      ] GC(40)     Total                          Min: 0, Avg:  0.8, Max: 3, Diff: 3, Sum: 3, Workers: 4
[655.865s][debug][gc,phases      ] GC(40)   JVMTI Tag Weak OopStorage      Min:  0.0, Avg:  0.0, Max:  0.0, Diff:  0.0, Sum:  0.0, Workers: 4
[655.865s][debug][gc,phases      ] GC(40)     Dead                           Min: 0, Avg:  0.0, Max: 0, Diff: 0, Sum: 0, Workers: 4
[655.865s][debug][gc,phases      ] GC(40)     Total                          Min: 0, Avg:  0.0, Max: 0, Diff: 0, Sum: 0, Workers: 4
[655.865s][debug][gc,phases      ] GC(40)   StringTable Weak               Min:  0.0, Avg:  0.1, Max:  0.1, Diff:  0.1, Sum:  0.3, Workers: 4
[655.865s][debug][gc,phases      ] GC(40)     Dead                           Min: 0, Avg:  0.0, Max: 0, Diff: 0, Sum: 0, Workers: 4
[655.865s][debug][gc,phases      ] GC(40)     Total                          Min: 0, Avg: 10634.8, Max: 17707, Diff: 17707, Sum: 42539, Workers: 4
[655.865s][debug][gc,phases      ] GC(40)   ResolvedMethodTable Weak       Min:  0.0, Avg:  0.0, Max:  0.0, Diff:  0.0, Sum:  0.1, Workers: 4
[655.865s][debug][gc,phases      ] GC(40)     Dead                           Min: 0, Avg:  0.0, Max: 0, Diff: 0, Sum: 0, Workers: 4
[655.865s][debug][gc,phases      ] GC(40)     Total                          Min: 0, Avg: 2304.0, Max: 4032, Diff: 4032, Sum: 9216, Workers: 4
[655.865s][debug][gc,phases      ] GC(40)   JNI Weak                       Min:  0.0, Avg:  0.0, Max:  0.0, Diff:  0.0, Sum:  0.0, Workers: 4
[655.865s][debug][gc,phases      ] GC(40)     Dead                           Min: 0, Avg:  0.0, Max: 0, Diff: 0, Sum: 0, Workers: 4
[655.865s][debug][gc,phases      ] GC(40)     Total                          Min: 0, Avg: 11.2, Max: 45, Diff: 45, Sum: 45, Workers: 4
[655.865s][debug][gc,phases      ] GC(40)   StringDedup Table Weak         Min:  0.0, Avg:  0.0, Max:  0.0, Diff:  0.0, Sum:  0.0, Workers: 4
[655.865s][debug][gc,phases      ] GC(40)     Dead                           Min: 0, Avg:  0.0, Max: 0, Diff: 0, Sum: 0, Workers: 4
[655.865s][debug][gc,phases      ] GC(40)     Total                          Min: 0, Avg:  0.0, Max: 0, Diff: 0, Sum: 0, Workers: 4
[655.865s][debug][gc,phases      ] GC(40)   StringDedup Requests0 Weak     Min:  0.0, Avg:  0.0, Max:  0.0, Diff:  0.0, Sum:  0.0, Workers: 4
[655.865s][debug][gc,phases      ] GC(40)     Dead                           Min: 0, Avg:  0.0, Max: 0, Diff: 0, Sum: 0, Workers: 4
[655.865s][debug][gc,phases      ] GC(40)     Total                          Min: 0, Avg:  0.0, Max: 0, Diff: 0, Sum: 0, Workers: 4
[655.865s][debug][gc,phases      ] GC(40)   StringDedup Requests1 Weak     Min:  0.0, Avg:  0.0, Max:  0.0, Diff:  0.0, Sum:  0.0, Workers: 4
[655.865s][debug][gc,phases      ] GC(40)     Dead                           Min: 0, Avg:  0.0, Max: 0, Diff: 0, Sum: 0, Workers: 4
[655.865s][debug][gc,phases      ] GC(40)     Total                          Min: 0, Avg:  0.0, Max: 0, Diff: 0, Sum: 0, Workers: 4
[655.865s][debug][gc,phases      ] GC(40)   Weak JFR Old Object Samples    Min:  0.0, Avg:  0.0, Max:  0.0, Diff:  0.0, Sum:  0.0, Workers: 4
[655.865s][debug][gc,phases      ] GC(40)     Dead                           Min: 0, Avg:  0.0, Max: 0, Diff: 0, Sum: 0, Workers: 4
[655.865s][debug][gc,phases      ] GC(40)     Total                          Min: 0, Avg:  0.0, Max: 0, Diff: 0, Sum: 0, Workers: 4
[655.865s][debug][gc,phases      ] GC(40) Weak Processing 0.309ms
[655.865s][debug][gc,age         ] GC(40) Desired survivor size 240123904 bytes, new threshold 15 (max threshold 15)
[655.865s][info ][gc,heap        ] GC(40) PSYoungGen: 1586656K(1848832K)->192K(1834496K) Eden: 1586176K(1586176K)->0K(1586176K) From: 480K(262656K)->192K(248320K)
[655.865s][info ][gc,heap        ] GC(40) ParOldGen: 234223K(330240K)->234567K(330240K)
[655.865s][info ][gc,metaspace   ] GC(40) Metaspace: 79597K(80448K)->79597K(80448K) NonClass: 67900K(68352K)->67900K(68352K) Class: 11696K(12096K)->11696K(12096K)
[655.865s][info ][gc             ] GC(40) Pause Young (Allocation Failure) 1778M->229M(2114M) 3.608ms
[655.865s][info ][gc,cpu         ] GC(40) User=0.01s Sys=0.00s Real=0.01s
[655.865s][info ][safepoint      ] Safepoint "ParallelGCFailedAllocation", Time since last: 4245716732 ns, Reaching safepoint: 3800 ns, Cleanup: 30700 ns, At safepoint: 3662128 ns, Total: 3696628 ns
[680.112s][info ][gc,start       ] GC(41) Pause Young (Allocation Failure)
[680.113s][debug][gc,phases      ] GC(41) Scavenge 1.215ms
[680.113s][debug][gc,ref         ] GC(41) Skipped phase 1 of Reference Processing: no references
[680.113s][debug][gc,ref         ] GC(41) Skipped phase 2 of Reference Processing: no references
[680.113s][debug][gc,ref         ] GC(41) Skipped phase 3 of Reference Processing: no references
[680.113s][debug][gc,ref         ] GC(41) Skipped phase 4 of Reference Processing: no references
[680.113s][debug][gc,phases      ] GC(41) Reference Processing 0.019ms
[680.114s][debug][gc,phases      ] GC(41)   VM Weak                        Min:  0.0, Avg:  0.0, Max:  0.0, Diff:  0.0, Sum:  0.0, Workers: 4
[680.114s][debug][gc,phases      ] GC(41)     Dead                           Min: 0, Avg:  0.0, Max: 0, Diff: 0, Sum: 0, Workers: 4
[680.114s][debug][gc,phases      ] GC(41)     Total                          Min: 0, Avg: 171.8, Max: 384, Diff: 384, Sum: 687, Workers: 4
[680.114s][debug][gc,phases      ] GC(41)   ObjectSynchronizer Weak        Min:  0.0, Avg:  0.0, Max:  0.0, Diff:  0.0, Sum:  0.0, Workers: 4
[680.114s][debug][gc,phases      ] GC(41)     Dead                           Min: 0, Avg:  0.0, Max: 0, Diff: 0, Sum: 0, Workers: 4
[680.114s][debug][gc,phases      ] GC(41)     Total                          Min: 0, Avg:  0.8, Max: 3, Diff: 3, Sum: 3, Workers: 4
[680.114s][debug][gc,phases      ] GC(41)   JVMTI Tag Weak OopStorage      Min:  0.0, Avg:  0.0, Max:  0.0, Diff:  0.0, Sum:  0.0, Workers: 4
[680.114s][debug][gc,phases      ] GC(41)     Dead                           Min: 0, Avg:  0.0, Max: 0, Diff: 0, Sum: 0, Workers: 4
[680.114s][debug][gc,phases      ] GC(41)     Total                          Min: 0, Avg:  0.0, Max: 0, Diff: 0, Sum: 0, Workers: 4
[680.114s][debug][gc,phases      ] GC(41)   StringTable Weak               Min:  0.0, Avg:  0.1, Max:  0.1, Diff:  0.1, Sum:  0.3, Workers: 4
[680.114s][debug][gc,phases      ] GC(41)     Dead                           Min: 0, Avg:  0.0, Max: 0, Diff: 0, Sum: 0, Workers: 4
[680.114s][debug][gc,phases      ] GC(41)     Total                          Min: 0, Avg: 10634.8, Max: 18752, Diff: 18752, Sum: 42539, Workers: 4
[680.114s][debug][gc,phases      ] GC(41)   ResolvedMethodTable Weak       Min:  0.0, Avg:  0.0, Max:  0.0, Diff:  0.0, Sum:  0.1, Workers: 4
[680.114s][debug][gc,phases      ] GC(41)     Dead                           Min: 0, Avg:  0.0, Max: 0, Diff: 0, Sum: 0, Workers: 4
[680.114s][debug][gc,phases      ] GC(41)     Total                          Min: 0, Avg: 2304.0, Max: 4160, Diff: 4160, Sum: 9216, Workers: 4
[680.114s][debug][gc,phases      ] GC(41)   JNI Weak                       Min:  0.0, Avg:  0.0, Max:  0.0, Diff:  0.0, Sum:  0.0, Workers: 4
[680.114s][debug][gc,phases      ] GC(41)     Dead                           Min: 0, Avg:  0.0, Max: 0, Diff: 0, Sum: 0, Workers: 4
[680.114s][debug][gc,phases      ] GC(41)     Total                          Min: 0, Avg: 11.2, Max: 45, Diff: 45, Sum: 45, Workers: 4
[680.114s][debug][gc,phases      ] GC(41)   StringDedup Table Weak         Min:  0.0, Avg:  0.0, Max:  0.0, Diff:  0.0, Sum:  0.0, Workers: 4
[680.114s][debug][gc,phases      ] GC(41)     Dead                           Min: 0, Avg:  0.0, Max: 0, Diff: 0, Sum: 0, Workers: 4
[680.114s][debug][gc,phases      ] GC(41)     Total                          Min: 0, Avg:  0.0, Max: 0, Diff: 0, Sum: 0, Workers: 4
[680.114s][debug][gc,phases      ] GC(41)   StringDedup Requests0 Weak     Min:  0.0, Avg:  0.0, Max:  0.0, Diff:  0.0, Sum:  0.0, Workers: 4
[680.114s][debug][gc,phases      ] GC(41)     Dead                           Min: 0, Avg:  0.0, Max: 0, Diff: 0, Sum: 0, Workers: 4
[680.114s][debug][gc,phases      ] GC(41)     Total                          Min: 0, Avg:  0.0, Max: 0, Diff: 0, Sum: 0, Workers: 4
[680.114s][debug][gc,phases      ] GC(41)   StringDedup Requests1 Weak     Min:  0.0, Avg:  0.0, Max:  0.0, Diff:  0.0, Sum:  0.0, Workers: 4
[680.114s][debug][gc,phases      ] GC(41)     Dead                           Min: 0, Avg:  0.0, Max: 0, Diff: 0, Sum: 0, Workers: 4
[680.114s][debug][gc,phases      ] GC(41)     Total                          Min: 0, Avg:  0.0, Max: 0, Diff: 0, Sum: 0, Workers: 4
[680.114s][debug][gc,phases      ] GC(41)   Weak JFR Old Object Samples    Min:  0.0, Avg:  0.0, Max:  0.0, Diff:  0.0, Sum:  0.0, Workers: 4
[680.114s][debug][gc,phases      ] GC(41)     Dead                           Min: 0, Avg:  0.0, Max: 0, Diff: 0, Sum: 0, Workers: 4
[680.114s][debug][gc,phases      ] GC(41)     Total                          Min: 0, Avg:  0.0, Max: 0, Diff: 0, Sum: 0, Workers: 4
[680.114s][debug][gc,phases      ] GC(41) Weak Processing 0.305ms
[680.114s][debug][gc,age         ] GC(41) Desired survivor size 226492416 bytes, new threshold 15 (max threshold 15)
[680.114s][info ][gc,heap        ] GC(41) PSYoungGen: 1586368K(1834496K)->128K(1875968K) Eden: 1586176K(1586176K)->0K(1641472K) From: 192K(248320K)->128K(234496K)
[680.114s][info ][gc,heap        ] GC(41) ParOldGen: 234567K(330240K)->234599K(330240K)
[680.114s][info ][gc,metaspace   ] GC(41) Metaspace: 79597K(80448K)->79597K(80448K) NonClass: 67900K(68352K)->67900K(68352K) Class: 11696K(12096K)->11696K(12096K)
[680.114s][info ][gc             ] GC(41) Pause Young (Allocation Failure) 1778M->229M(2154M) 1.637ms
[680.114s][info ][gc,cpu         ] GC(41) User=0.01s Sys=0.00s Real=0.00s
[680.114s][info ][safepoint      ] Safepoint "ParallelGCFailedAllocation", Time since last: 24247064766 ns, Reaching safepoint: 3600 ns, Cleanup: 17600 ns, At safepoint: 1699013 ns, Total: 1720213 ns
[684.114s][info ][safepoint      ] Safepoint "Cleanup", Time since last: 4000271383 ns, Reaching safepoint: 4200 ns, Cleanup: 40100 ns, At safepoint: 4200 ns, Total: 48500 ns
[705.213s][info ][gc,start       ] GC(42) Pause Young (Allocation Failure)
[705.215s][debug][gc,phases      ] GC(42) Scavenge 1.999ms
[705.215s][debug][gc,ref         ] GC(42) Skipped phase 1 of Reference Processing: no references
[705.215s][debug][gc,ref         ] GC(42) Skipped phase 2 of Reference Processing: no references
[705.215s][debug][gc,ref         ] GC(42) Skipped phase 3 of Reference Processing: no references
[705.215s][debug][gc,ref         ] GC(42) Skipped phase 4 of Reference Processing: no references
[705.215s][debug][gc,phases      ] GC(42) Reference Processing 0.021ms
[705.215s][debug][gc,phases      ] GC(42)   VM Weak                        Min:  0.0, Avg:  0.0, Max:  0.0, Diff:  0.0, Sum:  0.0, Workers: 4
[705.215s][debug][gc,phases      ] GC(42)     Dead                           Min: 0, Avg:  0.0, Max: 0, Diff: 0, Sum: 0, Workers: 4
[705.215s][debug][gc,phases      ] GC(42)     Total                          Min: 0, Avg: 171.8, Max: 559, Diff: 559, Sum: 687, Workers: 4
[705.215s][debug][gc,phases      ] GC(42)   ObjectSynchronizer Weak        Min:  0.0, Avg:  0.0, Max:  0.0, Diff:  0.0, Sum:  0.0, Workers: 4
[705.215s][debug][gc,phases      ] GC(42)     Dead                           Min: 0, Avg:  0.0, Max: 0, Diff: 0, Sum: 0, Workers: 4
[705.215s][debug][gc,phases      ] GC(42)     Total                          Min: 0, Avg:  0.8, Max: 3, Diff: 3, Sum: 3, Workers: 4
[705.215s][debug][gc,phases      ] GC(42)   JVMTI Tag Weak OopStorage      Min:  0.0, Avg:  0.0, Max:  0.0, Diff:  0.0, Sum:  0.0, Workers: 4
[705.215s][debug][gc,phases      ] GC(42)     Dead                           Min: 0, Avg:  0.0, Max: 0, Diff: 0, Sum: 0, Workers: 4
[705.215s][debug][gc,phases      ] GC(42)     Total                          Min: 0, Avg:  0.0, Max: 0, Diff: 0, Sum: 0, Workers: 4
[705.215s][debug][gc,phases      ] GC(42)   StringTable Weak               Min:  0.0, Avg:  0.1, Max:  0.1, Diff:  0.1, Sum:  0.4, Workers: 4
[705.215s][debug][gc,phases      ] GC(42)     Dead                           Min: 0, Avg:  0.0, Max: 0, Diff: 0, Sum: 0, Workers: 4
[705.215s][debug][gc,phases      ] GC(42)     Total                          Min: 0, Avg: 10635.0, Max: 17708, Diff: 17708, Sum: 42540, Workers: 4
[705.215s][debug][gc,phases      ] GC(42)   ResolvedMethodTable Weak       Min:  0.0, Avg:  0.0, Max:  0.0, Diff:  0.0, Sum:  0.1, Workers: 4
[705.215s][debug][gc,phases      ] GC(42)     Dead                           Min: 0, Avg:  0.0, Max: 0, Diff: 0, Sum: 0, Workers: 4
[705.215s][debug][gc,phases      ] GC(42)     Total                          Min: 0, Avg: 2304.0, Max: 3968, Diff: 3968, Sum: 9216, Workers: 4
[705.215s][debug][gc,phases      ] GC(42)   JNI Weak                       Min:  0.0, Avg:  0.0, Max:  0.0, Diff:  0.0, Sum:  0.0, Workers: 4
[705.215s][debug][gc,phases      ] GC(42)     Dead                           Min: 0, Avg:  0.0, Max: 0, Diff: 0, Sum: 0, Workers: 4
[705.215s][debug][gc,phases      ] GC(42)     Total                          Min: 0, Avg: 11.2, Max: 45, Diff: 45, Sum: 45, Workers: 4
[705.215s][debug][gc,phases      ] GC(42)   StringDedup Table Weak         Min:  0.0, Avg:  0.0, Max:  0.0, Diff:  0.0, Sum:  0.0, Workers: 4
[705.215s][debug][gc,phases      ] GC(42)     Dead                           Min: 0, Avg:  0.0, Max: 0, Diff: 0, Sum: 0, Workers: 4
[705.215s][debug][gc,phases      ] GC(42)     Total                          Min: 0, Avg:  0.0, Max: 0, Diff: 0, Sum: 0, Workers: 4
[705.215s][debug][gc,phases      ] GC(42)   StringDedup Requests0 Weak     Min:  0.0, Avg:  0.0, Max:  0.0, Diff:  0.0, Sum:  0.0, Workers: 4
[705.215s][debug][gc,phases      ] GC(42)     Dead                           Min: 0, Avg:  0.0, Max: 0, Diff: 0, Sum: 0, Workers: 4
[705.215s][debug][gc,phases      ] GC(42)     Total                          Min: 0, Avg:  0.0, Max: 0, Diff: 0, Sum: 0, Workers: 4
[705.215s][debug][gc,phases      ] GC(42)   StringDedup Requests1 Weak     Min:  0.0, Avg:  0.0, Max:  0.0, Diff:  0.0, Sum:  0.0, Workers: 4
[705.215s][debug][gc,phases      ] GC(42)     Dead                           Min: 0, Avg:  0.0, Max: 0, Diff: 0, Sum: 0, Workers: 4
[705.215s][debug][gc,phases      ] GC(42)     Total                          Min: 0, Avg:  0.0, Max: 0, Diff: 0, Sum: 0, Workers: 4
[705.215s][debug][gc,phases      ] GC(42)   Weak JFR Old Object Samples    Min:  0.0, Avg:  0.0, Max:  0.0, Diff:  0.0, Sum:  0.0, Workers: 4
[705.215s][debug][gc,phases      ] GC(42)     Dead                           Min: 0, Avg:  0.0, Max: 0, Diff: 0, Sum: 0, Workers: 4
[705.215s][debug][gc,phases      ] GC(42)     Total                          Min: 0, Avg:  0.0, Max: 0, Diff: 0, Sum: 0, Workers: 4
[705.215s][debug][gc,phases      ] GC(42) Weak Processing 0.320ms
[705.215s][debug][gc,age         ] GC(42) Desired survivor size 212860928 bytes, new threshold 15 (max threshold 15)
[705.215s][info ][gc,heap        ] GC(42) PSYoungGen: 1641600K(1875968K)->128K(1862656K) Eden: 1641472K(1641472K)->0K(1641472K) From: 128K(234496K)->128K(221184K)
[705.215s][info ][gc,heap        ] GC(42) ParOldGen: 234599K(330240K)->234607K(330240K)
[705.215s][info ][gc,metaspace   ] GC(42) Metaspace: 79599K(80448K)->79599K(80448K) NonClass: 67902K(68352K)->67902K(68352K) Class: 11696K(12096K)->11696K(12096K)
[705.215s][info ][gc             ] GC(42) Pause Young (Allocation Failure) 1832M->229M(2141M) 2.449ms
[705.215s][info ][gc,cpu         ] GC(42) User=0.01s Sys=0.00s Real=0.00s
[705.215s][info ][safepoint      ] Safepoint "ParallelGCFailedAllocation", Time since last: 21098544596 ns, Reaching safepoint: 3800 ns, Cleanup: 22000 ns, At safepoint: 2504419 ns, Total: 2530219 ns
[720.216s][info ][safepoint      ] Safepoint "Cleanup", Time since last: 15000910502 ns, Reaching safepoint: 4100 ns, Cleanup: 32700 ns, At safepoint: 4800 ns, Total: 41600 ns
[730.361s][info ][gc,start       ] GC(43) Pause Young (Allocation Failure)
[730.363s][debug][gc,phases      ] GC(43) Scavenge 1.248ms
[730.363s][debug][gc,ref         ] GC(43) Skipped phase 1 of Reference Processing: no references
[730.363s][debug][gc,ref         ] GC(43) Skipped phase 2 of Reference Processing: no references
[730.363s][debug][gc,ref         ] GC(43) Skipped phase 3 of Reference Processing: no references
[730.363s][debug][gc,ref         ] GC(43) Skipped phase 4 of Reference Processing: no references
[730.363s][debug][gc,phases      ] GC(43) Reference Processing 0.028ms
[730.363s][debug][gc,phases      ] GC(43)   VM Weak                        Min:  0.0, Avg:  0.0, Max:  0.0, Diff:  0.0, Sum:  0.0, Workers: 4
[730.363s][debug][gc,phases      ] GC(43)     Dead                           Min: 0, Avg:  0.0, Max: 0, Diff: 0, Sum: 0, Workers: 4
[730.363s][debug][gc,phases      ] GC(43)     Total                          Min: 0, Avg: 171.8, Max: 448, Diff: 448, Sum: 687, Workers: 4
[730.363s][debug][gc,phases      ] GC(43)   ObjectSynchronizer Weak        Min:  0.0, Avg:  0.0, Max:  0.0, Diff:  0.0, Sum:  0.0, Workers: 4
[730.363s][debug][gc,phases      ] GC(43)     Dead                           Min: 0, Avg:  0.0, Max: 0, Diff: 0, Sum: 0, Workers: 4
[730.363s][debug][gc,phases      ] GC(43)     Total                          Min: 0, Avg:  0.8, Max: 3, Diff: 3, Sum: 3, Workers: 4
[730.363s][debug][gc,phases      ] GC(43)   JVMTI Tag Weak OopStorage      Min:  0.0, Avg:  0.0, Max:  0.0, Diff:  0.0, Sum:  0.0, Workers: 4
[730.363s][debug][gc,phases      ] GC(43)     Dead                           Min: 0, Avg:  0.0, Max: 0, Diff: 0, Sum: 0, Workers: 4
[730.363s][debug][gc,phases      ] GC(43)     Total                          Min: 0, Avg:  0.0, Max: 0, Diff: 0, Sum: 0, Workers: 4
[730.363s][debug][gc,phases      ] GC(43)   StringTable Weak               Min:  0.0, Avg:  0.1, Max:  0.1, Diff:  0.1, Sum:  0.3, Workers: 4
[730.363s][debug][gc,phases      ] GC(43)     Dead                           Min: 0, Avg:  0.0, Max: 0, Diff: 0, Sum: 0, Workers: 4
[730.363s][debug][gc,phases      ] GC(43)     Total                          Min: 0, Avg: 10635.0, Max: 18944, Diff: 18944, Sum: 42540, Workers: 4
[730.363s][debug][gc,phases      ] GC(43)   ResolvedMethodTable Weak       Min:  0.0, Avg:  0.0, Max:  0.0, Diff:  0.0, Sum:  0.1, Workers: 4
[730.363s][debug][gc,phases      ] GC(43)     Dead                           Min: 0, Avg:  0.0, Max: 0, Diff: 0, Sum: 0, Workers: 4
[730.363s][debug][gc,phases      ] GC(43)     Total                          Min: 0, Avg: 2304.0, Max: 3904, Diff: 3904, Sum: 9216, Workers: 4
[730.363s][debug][gc,phases      ] GC(43)   JNI Weak                       Min:  0.0, Avg:  0.0, Max:  0.0, Diff:  0.0, Sum:  0.0, Workers: 4
[730.363s][debug][gc,phases      ] GC(43)     Dead                           Min: 0, Avg:  0.0, Max: 0, Diff: 0, Sum: 0, Workers: 4
[730.363s][debug][gc,phases      ] GC(43)     Total                          Min: 0, Avg: 11.2, Max: 45, Diff: 45, Sum: 45, Workers: 4
[730.363s][debug][gc,phases      ] GC(43)   StringDedup Table Weak         Min:  0.0, Avg:  0.0, Max:  0.0, Diff:  0.0, Sum:  0.0, Workers: 4
[730.363s][debug][gc,phases      ] GC(43)     Dead                           Min: 0, Avg:  0.0, Max: 0, Diff: 0, Sum: 0, Workers: 4
[730.363s][debug][gc,phases      ] GC(43)     Total                          Min: 0, Avg:  0.0, Max: 0, Diff: 0, Sum: 0, Workers: 4
[730.363s][debug][gc,phases      ] GC(43)   StringDedup Requests0 Weak     Min:  0.0, Avg:  0.0, Max:  0.0, Diff:  0.0, Sum:  0.0, Workers: 4
[730.363s][debug][gc,phases      ] GC(43)     Dead                           Min: 0, Avg:  0.0, Max: 0, Diff: 0, Sum: 0, Workers: 4
[730.363s][debug][gc,phases      ] GC(43)     Total                          Min: 0, Avg:  0.0, Max: 0, Diff: 0, Sum: 0, Workers: 4
[730.363s][debug][gc,phases      ] GC(43)   StringDedup Requests1 Weak     Min:  0.0, Avg:  0.0, Max:  0.0, Diff:  0.0, Sum:  0.0, Workers: 4
[730.363s][debug][gc,phases      ] GC(43)     Dead                           Min: 0, Avg:  0.0, Max: 0, Diff: 0, Sum: 0, Workers: 4
[730.363s][debug][gc,phases      ] GC(43)     Total                          Min: 0, Avg:  0.0, Max: 0, Diff: 0, Sum: 0, Workers: 4
[730.363s][debug][gc,phases      ] GC(43)   Weak JFR Old Object Samples    Min:  0.0, Avg:  0.0, Max:  0.0, Diff:  0.0, Sum:  0.0, Workers: 4
[730.363s][debug][gc,phases      ] GC(43)     Dead                           Min: 0, Avg:  0.0, Max: 0, Diff: 0, Sum: 0, Workers: 4
[730.363s][debug][gc,phases      ] GC(43)     Total                          Min: 0, Avg:  0.0, Max: 0, Diff: 0, Sum: 0, Workers: 4
[730.363s][debug][gc,phases      ] GC(43) Weak Processing 0.294ms
[730.363s][debug][gc,age         ] GC(43) Desired survivor size 199753728 bytes, new threshold 15 (max threshold 15)
[730.363s][info ][gc,heap        ] GC(43) PSYoungGen: 1641600K(1862656K)->160K(1902080K) Eden: 1641472K(1641472K)->0K(1694208K) From: 128K(221184K)->160K(207872K)
[730.363s][info ][gc,heap        ] GC(43) ParOldGen: 234607K(330240K)->234615K(330240K)
[730.363s][info ][gc,metaspace   ] GC(43) Metaspace: 79599K(80448K)->79599K(80448K) NonClass: 67902K(68352K)->67902K(68352K) Class: 11696K(12096K)->11696K(12096K)
[730.363s][info ][gc             ] GC(43) Pause Young (Allocation Failure) 1832M->229M(2180M) 1.684ms
[730.363s][info ][gc,cpu         ] GC(43) User=0.01s Sys=0.00s Real=0.00s
[730.363s][info ][safepoint      ] Safepoint "ParallelGCFailedAllocation", Time since last: 10145075204 ns, Reaching safepoint: 3800 ns, Cleanup: 30500 ns, At safepoint: 1761913 ns, Total: 1796213 ns
[756.262s][info ][gc,start       ] GC(44) Pause Young (Allocation Failure)
[756.263s][debug][gc,phases      ] GC(44) Scavenge 1.195ms
[756.263s][debug][gc,ref         ] GC(44) Skipped phase 1 of Reference Processing: no references
[756.263s][debug][gc,ref         ] GC(44) Skipped phase 2 of Reference Processing: no references
[756.263s][debug][gc,ref         ] GC(44) Skipped phase 3 of Reference Processing: no references
[756.263s][debug][gc,ref         ] GC(44) Skipped phase 4 of Reference Processing: no references
[756.263s][debug][gc,phases      ] GC(44) Reference Processing 0.021ms
[756.263s][debug][gc,phases      ] GC(44)   VM Weak                        Min:  0.0, Avg:  0.0, Max:  0.0, Diff:  0.0, Sum:  0.0, Workers: 4
[756.263s][debug][gc,phases      ] GC(44)     Dead                           Min: 0, Avg:  0.0, Max: 0, Diff: 0, Sum: 0, Workers: 4
[756.263s][debug][gc,phases      ] GC(44)     Total                          Min: 0, Avg: 171.8, Max: 384, Diff: 384, Sum: 687, Workers: 4
[756.263s][debug][gc,phases      ] GC(44)   ObjectSynchronizer Weak        Min:  0.0, Avg:  0.0, Max:  0.0, Diff:  0.0, Sum:  0.0, Workers: 4
[756.263s][debug][gc,phases      ] GC(44)     Dead                           Min: 0, Avg:  0.0, Max: 0, Diff: 0, Sum: 0, Workers: 4
[756.263s][debug][gc,phases      ] GC(44)     Total                          Min: 0, Avg:  0.8, Max: 3, Diff: 3, Sum: 3, Workers: 4
[756.263s][debug][gc,phases      ] GC(44)   JVMTI Tag Weak OopStorage      Min:  0.0, Avg:  0.0, Max:  0.0, Diff:  0.0, Sum:  0.0, Workers: 4
[756.263s][debug][gc,phases      ] GC(44)     Dead                           Min: 0, Avg:  0.0, Max: 0, Diff: 0, Sum: 0, Workers: 4
[756.263s][debug][gc,phases      ] GC(44)     Total                          Min: 0, Avg:  0.0, Max: 0, Diff: 0, Sum: 0, Workers: 4
[756.263s][debug][gc,phases      ] GC(44)   StringTable Weak               Min:  0.0, Avg:  0.1, Max:  0.1, Diff:  0.1, Sum:  0.3, Workers: 4
[756.263s][debug][gc,phases      ] GC(44)     Dead                           Min: 0, Avg:  0.0, Max: 0, Diff: 0, Sum: 0, Workers: 4
[756.263s][debug][gc,phases      ] GC(44)     Total                          Min: 0, Avg: 10635.0, Max: 17600, Diff: 17600, Sum: 42540, Workers: 4
[756.263s][debug][gc,phases      ] GC(44)   ResolvedMethodTable Weak       Min:  0.0, Avg:  0.0, Max:  0.0, Diff:  0.0, Sum:  0.1, Workers: 4
[756.263s][debug][gc,phases      ] GC(44)     Dead                           Min: 0, Avg:  0.0, Max: 0, Diff: 0, Sum: 0, Workers: 4
[756.263s][debug][gc,phases      ] GC(44)     Total                          Min: 0, Avg: 2304.0, Max: 3840, Diff: 3840, Sum: 9216, Workers: 4
[756.263s][debug][gc,phases      ] GC(44)   JNI Weak                       Min:  0.0, Avg:  0.0, Max:  0.0, Diff:  0.0, Sum:  0.0, Workers: 4
[756.263s][debug][gc,phases      ] GC(44)     Dead                           Min: 0, Avg:  0.0, Max: 0, Diff: 0, Sum: 0, Workers: 4
[756.263s][debug][gc,phases      ] GC(44)     Total                          Min: 0, Avg: 11.2, Max: 45, Diff: 45, Sum: 45, Workers: 4
[756.263s][debug][gc,phases      ] GC(44)   StringDedup Table Weak         Min:  0.0, Avg:  0.0, Max:  0.0, Diff:  0.0, Sum:  0.0, Workers: 4
[756.263s][debug][gc,phases      ] GC(44)     Dead                           Min: 0, Avg:  0.0, Max: 0, Diff: 0, Sum: 0, Workers: 4
[756.263s][debug][gc,phases      ] GC(44)     Total                          Min: 0, Avg:  0.0, Max: 0, Diff: 0, Sum: 0, Workers: 4
[756.263s][debug][gc,phases      ] GC(44)   StringDedup Requests0 Weak     Min:  0.0, Avg:  0.0, Max:  0.0, Diff:  0.0, Sum:  0.0, Workers: 4
[756.263s][debug][gc,phases      ] GC(44)     Dead                           Min: 0, Avg:  0.0, Max: 0, Diff: 0, Sum: 0, Workers: 4
[756.263s][debug][gc,phases      ] GC(44)     Total                          Min: 0, Avg:  0.0, Max: 0, Diff: 0, Sum: 0, Workers: 4
[756.263s][debug][gc,phases      ] GC(44)   StringDedup Requests1 Weak     Min:  0.0, Avg:  0.0, Max:  0.0, Diff:  0.0, Sum:  0.0, Workers: 4
[756.263s][debug][gc,phases      ] GC(44)     Dead                           Min: 0, Avg:  0.0, Max: 0, Diff: 0, Sum: 0, Workers: 4
[756.263s][debug][gc,phases      ] GC(44)     Total                          Min: 0, Avg:  0.0, Max: 0, Diff: 0, Sum: 0, Workers: 4
[756.263s][debug][gc,phases      ] GC(44)   Weak JFR Old Object Samples    Min:  0.0, Avg:  0.0, Max:  0.0, Diff:  0.0, Sum:  0.0, Workers: 4
[756.263s][debug][gc,phases      ] GC(44)     Dead                           Min: 0, Avg:  0.0, Max: 0, Diff: 0, Sum: 0, Workers: 4
[756.263s][debug][gc,phases      ] GC(44)     Total                          Min: 0, Avg:  0.0, Max: 0, Diff: 0, Sum: 0, Workers: 4
[756.263s][debug][gc,phases      ] GC(44) Weak Processing 0.321ms
[756.263s][debug][gc,age         ] GC(44) Desired survivor size 187170816 bytes, new threshold 15 (max threshold 15)
[756.263s][info ][gc,heap        ] GC(44) PSYoungGen: 1694368K(1902080K)->192K(1889280K) Eden: 1694208K(1694208K)->0K(1694208K) From: 160K(207872K)->192K(195072K)
[756.263s][info ][gc,heap        ] GC(44) ParOldGen: 234615K(330240K)->234623K(330240K)
[756.263s][info ][gc,metaspace   ] GC(44) Metaspace: 79599K(80448K)->79599K(80448K) NonClass: 67902K(68352K)->67902K(68352K) Class: 11696K(12096K)->11696K(12096K)
[756.263s][info ][gc             ] GC(44) Pause Young (Allocation Failure) 1883M->229M(2167M) 1.625ms
[756.263s][info ][gc,cpu         ] GC(44) User=0.00s Sys=0.00s Real=0.00s
[756.263s][info ][safepoint      ] Safepoint "ParallelGCFailedAllocation", Time since last: 25898520828 ns, Reaching safepoint: 4000 ns, Cleanup: 19100 ns, At safepoint: 1698713 ns, Total: 1721813 ns
[776.264s][info ][safepoint      ] Safepoint "Cleanup", Time since last: 20001130859 ns, Reaching safepoint: 3701 ns, Cleanup: 35000 ns, At safepoint: 2300 ns, Total: 41001 ns
[782.211s][info ][gc,start       ] GC(45) Pause Young (Allocation Failure)
[782.213s][debug][gc,phases      ] GC(45) Scavenge 1.910ms
[782.213s][debug][gc,ref         ] GC(45) Skipped phase 1 of Reference Processing: no references
[782.213s][debug][gc,ref         ] GC(45) Skipped phase 2 of Reference Processing: no references
[782.213s][debug][gc,ref         ] GC(45) Skipped phase 3 of Reference Processing: no references
[782.213s][debug][gc,ref         ] GC(45) Skipped phase 4 of Reference Processing: no references
[782.213s][debug][gc,phases      ] GC(45) Reference Processing 0.033ms
[782.213s][debug][gc,phases      ] GC(45)   VM Weak                        Min:  0.0, Avg:  0.0, Max:  0.0, Diff:  0.0, Sum:  0.0, Workers: 4
[782.213s][debug][gc,phases      ] GC(45)     Dead                           Min: 0, Avg:  0.0, Max: 0, Diff: 0, Sum: 0, Workers: 4
[782.213s][debug][gc,phases      ] GC(45)     Total                          Min: 0, Avg: 171.8, Max: 623, Diff: 623, Sum: 687, Workers: 4
[782.213s][debug][gc,phases      ] GC(45)   ObjectSynchronizer Weak        Min:  0.0, Avg:  0.0, Max:  0.0, Diff:  0.0, Sum:  0.0, Workers: 4
[782.213s][debug][gc,phases      ] GC(45)     Dead                           Min: 0, Avg:  0.0, Max: 0, Diff: 0, Sum: 0, Workers: 4
[782.213s][debug][gc,phases      ] GC(45)     Total                          Min: 0, Avg:  0.8, Max: 3, Diff: 3, Sum: 3, Workers: 4
[782.213s][debug][gc,phases      ] GC(45)   JVMTI Tag Weak OopStorage      Min:  0.0, Avg:  0.0, Max:  0.0, Diff:  0.0, Sum:  0.0, Workers: 4
[782.213s][debug][gc,phases      ] GC(45)     Dead                           Min: 0, Avg:  0.0, Max: 0, Diff: 0, Sum: 0, Workers: 4
[782.213s][debug][gc,phases      ] GC(45)     Total                          Min: 0, Avg:  0.0, Max: 0, Diff: 0, Sum: 0, Workers: 4
[782.213s][debug][gc,phases      ] GC(45)   StringTable Weak               Min:  0.1, Avg:  0.1, Max:  0.1, Diff:  0.0, Sum:  0.4, Workers: 4
[782.213s][debug][gc,phases      ] GC(45)     Dead                           Min: 0, Avg:  0.0, Max: 0, Diff: 0, Sum: 0, Workers: 4
[782.213s][debug][gc,phases      ] GC(45)     Total                          Min: 10220, Avg: 10635.0, Max: 11520, Diff: 1300, Sum: 42540, Workers: 4
[782.213s][debug][gc,phases      ] GC(45)   ResolvedMethodTable Weak       Min:  0.0, Avg:  0.0, Max:  0.0, Diff:  0.0, Sum:  0.1, Workers: 4
[782.213s][debug][gc,phases      ] GC(45)     Dead                           Min: 0, Avg:  0.0, Max: 0, Diff: 0, Sum: 0, Workers: 4
[782.213s][debug][gc,phases      ] GC(45)     Total                          Min: 1536, Avg: 2304.0, Max: 2816, Diff: 1280, Sum: 9216, Workers: 4
[782.213s][debug][gc,phases      ] GC(45)   JNI Weak                       Min:  0.0, Avg:  0.0, Max:  0.0, Diff:  0.0, Sum:  0.0, Workers: 4
[782.213s][debug][gc,phases      ] GC(45)     Dead                           Min: 0, Avg:  0.0, Max: 0, Diff: 0, Sum: 0, Workers: 4
[782.213s][debug][gc,phases      ] GC(45)     Total                          Min: 0, Avg: 11.2, Max: 45, Diff: 45, Sum: 45, Workers: 4
[782.213s][debug][gc,phases      ] GC(45)   StringDedup Table Weak         Min:  0.0, Avg:  0.0, Max:  0.0, Diff:  0.0, Sum:  0.0, Workers: 4
[782.213s][debug][gc,phases      ] GC(45)     Dead                           Min: 0, Avg:  0.0, Max: 0, Diff: 0, Sum: 0, Workers: 4
[782.213s][debug][gc,phases      ] GC(45)     Total                          Min: 0, Avg:  0.0, Max: 0, Diff: 0, Sum: 0, Workers: 4
[782.213s][debug][gc,phases      ] GC(45)   StringDedup Requests0 Weak     Min:  0.0, Avg:  0.0, Max:  0.0, Diff:  0.0, Sum:  0.0, Workers: 4
[782.213s][debug][gc,phases      ] GC(45)     Dead                           Min: 0, Avg:  0.0, Max: 0, Diff: 0, Sum: 0, Workers: 4
[782.214s][debug][gc,phases      ] GC(45)     Total                          Min: 0, Avg:  0.0, Max: 0, Diff: 0, Sum: 0, Workers: 4
[782.214s][debug][gc,phases      ] GC(45)   StringDedup Requests1 Weak     Min:  0.0, Avg:  0.0, Max:  0.0, Diff:  0.0, Sum:  0.0, Workers: 4
[782.214s][debug][gc,phases      ] GC(45)     Dead                           Min: 0, Avg:  0.0, Max: 0, Diff: 0, Sum: 0, Workers: 4
[782.214s][debug][gc,phases      ] GC(45)     Total                          Min: 0, Avg:  0.0, Max: 0, Diff: 0, Sum: 0, Workers: 4
[782.214s][debug][gc,phases      ] GC(45)   Weak JFR Old Object Samples    Min:  0.0, Avg:  0.0, Max:  0.0, Diff:  0.0, Sum:  0.0, Workers: 4
[782.214s][debug][gc,phases      ] GC(45)     Dead                           Min: 0, Avg:  0.0, Max: 0, Diff: 0, Sum: 0, Workers: 4
[782.214s][debug][gc,phases      ] GC(45)     Total                          Min: 0, Avg:  0.0, Max: 0, Diff: 0, Sum: 0, Workers: 4
[782.214s][debug][gc,phases      ] GC(45) Weak Processing 0.283ms
[782.214s][debug][gc,age         ] GC(45) Desired survivor size 175112192 bytes, new threshold 15 (max threshold 15)
[782.214s][info ][gc,heap        ] GC(45) PSYoungGen: 1694400K(1889280K)->128K(1926144K) Eden: 1694208K(1694208K)->0K(1743360K) From: 192K(195072K)->128K(182784K)
[782.214s][info ][gc,heap        ] GC(45) ParOldGen: 234623K(330240K)->234631K(330240K)
[782.214s][info ][gc,metaspace   ] GC(45) Metaspace: 79611K(80448K)->79611K(80448K) NonClass: 67914K(68352K)->67914K(68352K) Class: 11696K(12096K)->11696K(12096K)
[782.214s][info ][gc             ] GC(45) Pause Young (Allocation Failure) 1883M->229M(2203M) 2.342ms
[782.214s][info ][gc,cpu         ] GC(45) User=0.01s Sys=0.00s Real=0.01s
[782.214s][info ][safepoint      ] Safepoint "ParallelGCFailedAllocation", Time since last: 5946706902 ns, Reaching safepoint: 4800 ns, Cleanup: 24000 ns, At safepoint: 2403219 ns, Total: 2432019 ns
[793.214s][info ][safepoint      ] Safepoint "Cleanup", Time since last: 11000713174 ns, Reaching safepoint: 4400 ns, Cleanup: 36600 ns, At safepoint: 2900 ns, Total: 43900 ns
[801.215s][info ][safepoint      ] Safepoint "Cleanup", Time since last: 8000504672 ns, Reaching safepoint: 4300 ns, Cleanup: 32501 ns, At safepoint: 3100 ns, Total: 39901 ns
[808.861s][info ][gc,start       ] GC(46) Pause Young (Allocation Failure)
[808.863s][debug][gc,phases      ] GC(46) Scavenge 1.269ms
[808.863s][debug][gc,ref         ] GC(46) Skipped phase 1 of Reference Processing: no references
[808.863s][debug][gc,ref         ] GC(46) Skipped phase 2 of Reference Processing: no references
[808.863s][debug][gc,ref         ] GC(46) Skipped phase 3 of Reference Processing: no references
[808.863s][debug][gc,ref         ] GC(46) Skipped phase 4 of Reference Processing: no references
[808.863s][debug][gc,phases      ] GC(46) Reference Processing 0.020ms
[808.863s][debug][gc,phases      ] GC(46)   VM Weak                        Min:  0.0, Avg:  0.0, Max:  0.0, Diff:  0.0, Sum:  0.0, Workers: 4
[808.863s][debug][gc,phases      ] GC(46)     Dead                           Min: 0, Avg:  0.0, Max: 0, Diff: 0, Sum: 0, Workers: 4
[808.863s][debug][gc,phases      ] GC(46)     Total                          Min: 0, Avg: 171.8, Max: 623, Diff: 623, Sum: 687, Workers: 4
[808.863s][debug][gc,phases      ] GC(46)   ObjectSynchronizer Weak        Min:  0.0, Avg:  0.0, Max:  0.0, Diff:  0.0, Sum:  0.0, Workers: 4
[808.863s][debug][gc,phases      ] GC(46)     Dead                           Min: 0, Avg:  0.0, Max: 0, Diff: 0, Sum: 0, Workers: 4
[808.863s][debug][gc,phases      ] GC(46)     Total                          Min: 0, Avg:  0.8, Max: 3, Diff: 3, Sum: 3, Workers: 4
[808.863s][debug][gc,phases      ] GC(46)   JVMTI Tag Weak OopStorage      Min:  0.0, Avg:  0.0, Max:  0.0, Diff:  0.0, Sum:  0.0, Workers: 4
[808.863s][debug][gc,phases      ] GC(46)     Dead                           Min: 0, Avg:  0.0, Max: 0, Diff: 0, Sum: 0, Workers: 4
[808.863s][debug][gc,phases      ] GC(46)     Total                          Min: 0, Avg:  0.0, Max: 0, Diff: 0, Sum: 0, Workers: 4
[808.863s][debug][gc,phases      ] GC(46)   StringTable Weak               Min:  0.0, Avg:  0.1, Max:  0.1, Diff:  0.1, Sum:  0.3, Workers: 4
[808.863s][debug][gc,phases      ] GC(46)     Dead                           Min: 0, Avg:  0.0, Max: 0, Diff: 0, Sum: 0, Workers: 4
[808.863s][debug][gc,phases      ] GC(46)     Total                          Min: 0, Avg: 10635.2, Max: 17581, Diff: 17581, Sum: 42541, Workers: 4
[808.863s][debug][gc,phases      ] GC(46)   ResolvedMethodTable Weak       Min:  0.0, Avg:  0.0, Max:  0.0, Diff:  0.0, Sum:  0.1, Workers: 4
[808.863s][debug][gc,phases      ] GC(46)     Dead                           Min: 0, Avg:  0.0, Max: 0, Diff: 0, Sum: 0, Workers: 4
[808.863s][debug][gc,phases      ] GC(46)     Total                          Min: 0, Avg: 2304.0, Max: 3968, Diff: 3968, Sum: 9216, Workers: 4
[808.863s][debug][gc,phases      ] GC(46)   JNI Weak                       Min:  0.0, Avg:  0.0, Max:  0.0, Diff:  0.0, Sum:  0.0, Workers: 4
[808.863s][debug][gc,phases      ] GC(46)     Dead                           Min: 0, Avg:  0.0, Max: 0, Diff: 0, Sum: 0, Workers: 4
[808.863s][debug][gc,phases      ] GC(46)     Total                          Min: 0, Avg: 11.2, Max: 45, Diff: 45, Sum: 45, Workers: 4
[808.863s][debug][gc,phases      ] GC(46)   StringDedup Table Weak         Min:  0.0, Avg:  0.0, Max:  0.0, Diff:  0.0, Sum:  0.0, Workers: 4
[808.863s][debug][gc,phases      ] GC(46)     Dead                           Min: 0, Avg:  0.0, Max: 0, Diff: 0, Sum: 0, Workers: 4
[808.863s][debug][gc,phases      ] GC(46)     Total                          Min: 0, Avg:  0.0, Max: 0, Diff: 0, Sum: 0, Workers: 4
[808.863s][debug][gc,phases      ] GC(46)   StringDedup Requests0 Weak     Min:  0.0, Avg:  0.0, Max:  0.0, Diff:  0.0, Sum:  0.0, Workers: 4
[808.863s][debug][gc,phases      ] GC(46)     Dead                           Min: 0, Avg:  0.0, Max: 0, Diff: 0, Sum: 0, Workers: 4
[808.863s][debug][gc,phases      ] GC(46)     Total                          Min: 0, Avg:  0.0, Max: 0, Diff: 0, Sum: 0, Workers: 4
[808.863s][debug][gc,phases      ] GC(46)   StringDedup Requests1 Weak     Min:  0.0, Avg:  0.0, Max:  0.0, Diff:  0.0, Sum:  0.0, Workers: 4
[808.863s][debug][gc,phases      ] GC(46)     Dead                           Min: 0, Avg:  0.0, Max: 0, Diff: 0, Sum: 0, Workers: 4
[808.863s][debug][gc,phases      ] GC(46)     Total                          Min: 0, Avg:  0.0, Max: 0, Diff: 0, Sum: 0, Workers: 4
[808.863s][debug][gc,phases      ] GC(46)   Weak JFR Old Object Samples    Min:  0.0, Avg:  0.0, Max:  0.0, Diff:  0.0, Sum:  0.0, Workers: 4
[808.863s][debug][gc,phases      ] GC(46)     Dead                           Min: 0, Avg:  0.0, Max: 0, Diff: 0, Sum: 0, Workers: 4
[808.863s][debug][gc,phases      ] GC(46)     Total                          Min: 0, Avg:  0.0, Max: 0, Diff: 0, Sum: 0, Workers: 4
[808.863s][debug][gc,phases      ] GC(46) Weak Processing 0.315ms
[808.863s][debug][gc,age         ] GC(46) Desired survivor size 163577856 bytes, new threshold 15 (max threshold 15)
[808.863s][info ][gc,heap        ] GC(46) PSYoungGen: 1743488K(1926144K)->128K(1914368K) Eden: 1743360K(1743360K)->0K(1743360K) From: 128K(182784K)->128K(171008K)
[808.863s][info ][gc,heap        ] GC(46) ParOldGen: 234631K(330240K)->234639K(330240K)
[808.863s][info ][gc,metaspace   ] GC(46) Metaspace: 79613K(80448K)->79613K(80448K) NonClass: 67916K(68352K)->67916K(68352K) Class: 11696K(12096K)->11696K(12096K)
[808.863s][info ][gc             ] GC(46) Pause Young (Allocation Failure) 1931M->229M(2192M) 1.695ms
[808.863s][info ][gc,cpu         ] GC(46) User=0.01s Sys=0.00s Real=0.00s
[808.863s][info ][safepoint      ] Safepoint "ParallelGCFailedAllocation", Time since last: 7646373982 ns, Reaching safepoint: 3500 ns, Cleanup: 20400 ns, At safepoint: 1747913 ns, Total: 1771813 ns
[816.864s][info ][safepoint      ] Safepoint "Cleanup", Time since last: 8000486105 ns, Reaching safepoint: 3900 ns, Cleanup: 38100 ns, At safepoint: 2100 ns, Total: 44100 ns
[835.512s][info ][gc,start       ] GC(47) Pause Young (Allocation Failure)
[835.514s][debug][gc,phases      ] GC(47) Scavenge 1.846ms
[835.514s][debug][gc,ref         ] GC(47) Skipped phase 1 of Reference Processing: no references
[835.514s][debug][gc,ref         ] GC(47) Skipped phase 2 of Reference Processing: no references
[835.514s][debug][gc,ref         ] GC(47) Skipped phase 3 of Reference Processing: no references
[835.514s][debug][gc,ref         ] GC(47) Skipped phase 4 of Reference Processing: no references
[835.514s][debug][gc,phases      ] GC(47) Reference Processing 0.027ms
[835.514s][debug][gc,phases      ] GC(47)   VM Weak                        Min:  0.0, Avg:  0.0, Max:  0.0, Diff:  0.0, Sum:  0.0, Workers: 4
[835.514s][debug][gc,phases      ] GC(47)     Dead                           Min: 0, Avg:  0.0, Max: 0, Diff: 0, Sum: 0, Workers: 4
[835.514s][debug][gc,phases      ] GC(47)     Total                          Min: 0, Avg: 171.8, Max: 448, Diff: 448, Sum: 687, Workers: 4
[835.514s][debug][gc,phases      ] GC(47)   ObjectSynchronizer Weak        Min:  0.0, Avg:  0.0, Max:  0.0, Diff:  0.0, Sum:  0.0, Workers: 4
[835.514s][debug][gc,phases      ] GC(47)     Dead                           Min: 0, Avg:  0.0, Max: 0, Diff: 0, Sum: 0, Workers: 4
[835.514s][debug][gc,phases      ] GC(47)     Total                          Min: 0, Avg:  0.8, Max: 3, Diff: 3, Sum: 3, Workers: 4
[835.514s][debug][gc,phases      ] GC(47)   JVMTI Tag Weak OopStorage      Min:  0.0, Avg:  0.0, Max:  0.0, Diff:  0.0, Sum:  0.0, Workers: 4
[835.514s][debug][gc,phases      ] GC(47)     Dead                           Min: 0, Avg:  0.0, Max: 0, Diff: 0, Sum: 0, Workers: 4
[835.514s][debug][gc,phases      ] GC(47)     Total                          Min: 0, Avg:  0.0, Max: 0, Diff: 0, Sum: 0, Workers: 4
[835.514s][debug][gc,phases      ] GC(47)   StringTable Weak               Min:  0.1, Avg:  0.1, Max:  0.1, Diff:  0.0, Sum:  0.4, Workers: 4
[835.514s][debug][gc,phases      ] GC(47)     Dead                           Min: 0, Avg:  0.0, Max: 0, Diff: 0, Sum: 0, Workers: 4
[835.514s][debug][gc,phases      ] GC(47)     Total                          Min: 10176, Avg: 10635.2, Max: 11693, Diff: 1517, Sum: 42541, Workers: 4
[835.514s][debug][gc,phases      ] GC(47)   ResolvedMethodTable Weak       Min:  0.0, Avg:  0.0, Max:  0.0, Diff:  0.0, Sum:  0.1, Workers: 4
[835.514s][debug][gc,phases      ] GC(47)     Dead                           Min: 0, Avg:  0.0, Max: 0, Diff: 0, Sum: 0, Workers: 4
[835.514s][debug][gc,phases      ] GC(47)     Total                          Min: 2176, Avg: 2304.0, Max: 2496, Diff: 320, Sum: 9216, Workers: 4
[835.514s][debug][gc,phases      ] GC(47)   JNI Weak                       Min:  0.0, Avg:  0.0, Max:  0.0, Diff:  0.0, Sum:  0.0, Workers: 4
[835.514s][debug][gc,phases      ] GC(47)     Dead                           Min: 0, Avg:  0.0, Max: 0, Diff: 0, Sum: 0, Workers: 4
[835.514s][debug][gc,phases      ] GC(47)     Total                          Min: 0, Avg: 11.2, Max: 45, Diff: 45, Sum: 45, Workers: 4
[835.514s][debug][gc,phases      ] GC(47)   StringDedup Table Weak         Min:  0.0, Avg:  0.0, Max:  0.0, Diff:  0.0, Sum:  0.0, Workers: 4
[835.514s][debug][gc,phases      ] GC(47)     Dead                           Min: 0, Avg:  0.0, Max: 0, Diff: 0, Sum: 0, Workers: 4
[835.514s][debug][gc,phases      ] GC(47)     Total                          Min: 0, Avg:  0.0, Max: 0, Diff: 0, Sum: 0, Workers: 4
[835.514s][debug][gc,phases      ] GC(47)   StringDedup Requests0 Weak     Min:  0.0, Avg:  0.0, Max:  0.0, Diff:  0.0, Sum:  0.0, Workers: 4
[835.514s][debug][gc,phases      ] GC(47)     Dead                           Min: 0, Avg:  0.0, Max: 0, Diff: 0, Sum: 0, Workers: 4
[835.514s][debug][gc,phases      ] GC(47)     Total                          Min: 0, Avg:  0.0, Max: 0, Diff: 0, Sum: 0, Workers: 4
[835.514s][debug][gc,phases      ] GC(47)   StringDedup Requests1 Weak     Min:  0.0, Avg:  0.0, Max:  0.0, Diff:  0.0, Sum:  0.0, Workers: 4
[835.514s][debug][gc,phases      ] GC(47)     Dead                           Min: 0, Avg:  0.0, Max: 0, Diff: 0, Sum: 0, Workers: 4
[835.514s][debug][gc,phases      ] GC(47)     Total                          Min: 0, Avg:  0.0, Max: 0, Diff: 0, Sum: 0, Workers: 4
[835.514s][debug][gc,phases      ] GC(47)   Weak JFR Old Object Samples    Min:  0.0, Avg:  0.0, Max:  0.0, Diff:  0.0, Sum:  0.0, Workers: 4
[835.514s][debug][gc,phases      ] GC(47)     Dead                           Min: 0, Avg:  0.0, Max: 0, Diff: 0, Sum: 0, Workers: 4
[835.514s][debug][gc,phases      ] GC(47)     Total                          Min: 0, Avg:  0.0, Max: 0, Diff: 0, Sum: 0, Workers: 4
[835.514s][debug][gc,phases      ] GC(47) Weak Processing 0.293ms
[835.514s][debug][gc,age         ] GC(47) Desired survivor size 152567808 bytes, new threshold 15 (max threshold 15)
[835.514s][info ][gc,heap        ] GC(47) PSYoungGen: 1743488K(1914368K)->128K(1948160K) Eden: 1743360K(1743360K)->0K(1788416K) From: 128K(171008K)->128K(159744K)
[835.514s][info ][gc,heap        ] GC(47) ParOldGen: 234639K(330240K)->234655K(330240K)
[835.514s][info ][gc,metaspace   ] GC(47) Metaspace: 79620K(80448K)->79620K(80448K) NonClass: 67923K(68352K)->67923K(68352K) Class: 11696K(12096K)->11696K(12096K)
[835.514s][info ][gc             ] GC(47) Pause Young (Allocation Failure) 1931M->229M(2225M) 2.259ms
[835.514s][info ][gc,cpu         ] GC(47) User=0.00s Sys=0.00s Real=0.00s
[835.514s][info ][safepoint      ] Safepoint "ParallelGCFailedAllocation", Time since last: 18648430651 ns, Reaching safepoint: 3900 ns, Cleanup: 28600 ns, At safepoint: 2320817 ns, Total: 2353317 ns
[843.515s][info ][safepoint      ] Safepoint "Cleanup", Time since last: 8000518964 ns, Reaching safepoint: 4000 ns, Cleanup: 38600 ns, At safepoint: 2300 ns, Total: 44900 ns
[862.911s][info ][gc,start       ] GC(48) Pause Young (Allocation Failure)
[862.913s][debug][gc,phases      ] GC(48) Scavenge 1.966ms
[862.913s][debug][gc,ref         ] GC(48) Skipped phase 1 of Reference Processing: no references
[862.913s][debug][gc,ref         ] GC(48) Skipped phase 2 of Reference Processing: no references
[862.913s][debug][gc,ref         ] GC(48) Skipped phase 3 of Reference Processing: no references
[862.913s][debug][gc,ref         ] GC(48) Skipped phase 4 of Reference Processing: no references
[862.913s][debug][gc,phases      ] GC(48) Reference Processing 0.019ms
[862.913s][debug][gc,phases      ] GC(48)   VM Weak                        Min:  0.0, Avg:  0.0, Max:  0.0, Diff:  0.0, Sum:  0.0, Workers: 4
[862.913s][debug][gc,phases      ] GC(48)     Dead                           Min: 0, Avg:  0.0, Max: 0, Diff: 0, Sum: 0, Workers: 4
[862.913s][debug][gc,phases      ] GC(48)     Total                          Min: 0, Avg: 171.8, Max: 384, Diff: 384, Sum: 687, Workers: 4
[862.913s][debug][gc,phases      ] GC(48)   ObjectSynchronizer Weak        Min:  0.0, Avg:  0.0, Max:  0.0, Diff:  0.0, Sum:  0.0, Workers: 4
[862.913s][debug][gc,phases      ] GC(48)     Dead                           Min: 0, Avg:  0.0, Max: 0, Diff: 0, Sum: 0, Workers: 4
[862.913s][debug][gc,phases      ] GC(48)     Total                          Min: 0, Avg:  0.8, Max: 3, Diff: 3, Sum: 3, Workers: 4
[862.913s][debug][gc,phases      ] GC(48)   JVMTI Tag Weak OopStorage      Min:  0.0, Avg:  0.0, Max:  0.0, Diff:  0.0, Sum:  0.0, Workers: 4
[862.913s][debug][gc,phases      ] GC(48)     Dead                           Min: 0, Avg:  0.0, Max: 0, Diff: 0, Sum: 0, Workers: 4
[862.913s][debug][gc,phases      ] GC(48)     Total                          Min: 0, Avg:  0.0, Max: 0, Diff: 0, Sum: 0, Workers: 4
[862.913s][debug][gc,phases      ] GC(48)   StringTable Weak               Min:  0.1, Avg:  0.1, Max:  0.1, Diff:  0.0, Sum:  0.4, Workers: 4
[862.913s][debug][gc,phases      ] GC(48)     Dead                           Min: 0, Avg:  0.0, Max: 0, Diff: 0, Sum: 0, Workers: 4
[862.913s][debug][gc,phases      ] GC(48)     Total                          Min: 10048, Avg: 10635.2, Max: 12077, Diff: 2029, Sum: 42541, Workers: 4
[862.913s][debug][gc,phases      ] GC(48)   ResolvedMethodTable Weak       Min:  0.0, Avg:  0.0, Max:  0.0, Diff:  0.0, Sum:  0.1, Workers: 4
[862.913s][debug][gc,phases      ] GC(48)     Dead                           Min: 0, Avg:  0.0, Max: 0, Diff: 0, Sum: 0, Workers: 4
[862.913s][debug][gc,phases      ] GC(48)     Total                          Min: 2176, Avg: 2304.0, Max: 2560, Diff: 384, Sum: 9216, Workers: 4
[862.913s][debug][gc,phases      ] GC(48)   JNI Weak                       Min:  0.0, Avg:  0.0, Max:  0.0, Diff:  0.0, Sum:  0.0, Workers: 4
[862.913s][debug][gc,phases      ] GC(48)     Dead                           Min: 0, Avg:  0.0, Max: 0, Diff: 0, Sum: 0, Workers: 4
[862.913s][debug][gc,phases      ] GC(48)     Total                          Min: 0, Avg: 11.2, Max: 45, Diff: 45, Sum: 45, Workers: 4
[862.913s][debug][gc,phases      ] GC(48)   StringDedup Table Weak         Min:  0.0, Avg:  0.0, Max:  0.0, Diff:  0.0, Sum:  0.0, Workers: 4
[862.913s][debug][gc,phases      ] GC(48)     Dead                           Min: 0, Avg:  0.0, Max: 0, Diff: 0, Sum: 0, Workers: 4
[862.913s][debug][gc,phases      ] GC(48)     Total                          Min: 0, Avg:  0.0, Max: 0, Diff: 0, Sum: 0, Workers: 4
[862.913s][debug][gc,phases      ] GC(48)   StringDedup Requests0 Weak     Min:  0.0, Avg:  0.0, Max:  0.0, Diff:  0.0, Sum:  0.0, Workers: 4
[862.913s][debug][gc,phases      ] GC(48)     Dead                           Min: 0, Avg:  0.0, Max: 0, Diff: 0, Sum: 0, Workers: 4
[862.913s][debug][gc,phases      ] GC(48)     Total                          Min: 0, Avg:  0.0, Max: 0, Diff: 0, Sum: 0, Workers: 4
[862.913s][debug][gc,phases      ] GC(48)   StringDedup Requests1 Weak     Min:  0.0, Avg:  0.0, Max:  0.0, Diff:  0.0, Sum:  0.0, Workers: 4
[862.913s][debug][gc,phases      ] GC(48)     Dead                           Min: 0, Avg:  0.0, Max: 0, Diff: 0, Sum: 0, Workers: 4
[862.913s][debug][gc,phases      ] GC(48)     Total                          Min: 0, Avg:  0.0, Max: 0, Diff: 0, Sum: 0, Workers: 4
[862.913s][debug][gc,phases      ] GC(48)   Weak JFR Old Object Samples    Min:  0.0, Avg:  0.0, Max:  0.0, Diff:  0.0, Sum:  0.0, Workers: 4
[862.913s][debug][gc,phases      ] GC(48)     Dead                           Min: 0, Avg:  0.0, Max: 0, Diff: 0, Sum: 0, Workers: 4
[862.913s][debug][gc,phases      ] GC(48)     Total                          Min: 0, Avg:  0.0, Max: 0, Diff: 0, Sum: 0, Workers: 4
[862.913s][debug][gc,phases      ] GC(48) Weak Processing 0.278ms
[862.913s][debug][gc,age         ] GC(48) Desired survivor size 142082048 bytes, new threshold 15 (max threshold 15)
[862.913s][info ][gc,heap        ] GC(48) PSYoungGen: 1788544K(1948160K)->128K(1937408K) Eden: 1788416K(1788416K)->0K(1788416K) From: 128K(159744K)->128K(148992K)
[862.913s][info ][gc,heap        ] GC(48) ParOldGen: 234655K(330240K)->234655K(330240K)
[862.913s][info ][gc,metaspace   ] GC(48) Metaspace: 79620K(80448K)->79620K(80448K) NonClass: 67924K(68352K)->67924K(68352K) Class: 11696K(12096K)->11696K(12096K)
[862.913s][info ][gc             ] GC(48) Pause Young (Allocation Failure) 1975M->229M(2214M) 2.372ms
[862.913s][info ][gc,cpu         ] GC(48) User=0.01s Sys=0.00s Real=0.01s
[862.913s][info ][safepoint      ] Safepoint "ParallelGCFailedAllocation", Time since last: 19396063572 ns, Reaching safepoint: 3500 ns, Cleanup: 22600 ns, At safepoint: 2430719 ns, Total: 2456819 ns
[890.261s][info ][gc,start       ] GC(49) Pause Young (Allocation Failure)
[890.262s][debug][gc,phases      ] GC(49) Scavenge 1.158ms
[890.262s][debug][gc,ref         ] GC(49) Skipped phase 1 of Reference Processing: no references
[890.262s][debug][gc,ref         ] GC(49) Skipped phase 2 of Reference Processing: no references
[890.262s][debug][gc,ref         ] GC(49) Skipped phase 3 of Reference Processing: no references
[890.262s][debug][gc,ref         ] GC(49) Skipped phase 4 of Reference Processing: no references
[890.262s][debug][gc,phases      ] GC(49) Reference Processing 0.021ms
[890.263s][debug][gc,phases      ] GC(49)   VM Weak                        Min:  0.0, Avg:  0.0, Max:  0.0, Diff:  0.0, Sum:  0.0, Workers: 4
[890.263s][debug][gc,phases      ] GC(49)     Dead                           Min: 0, Avg:  0.0, Max: 0, Diff: 0, Sum: 0, Workers: 4
[890.263s][debug][gc,phases      ] GC(49)     Total                          Min: 0, Avg: 171.8, Max: 495, Diff: 495, Sum: 687, Workers: 4
[890.263s][debug][gc,phases      ] GC(49)   ObjectSynchronizer Weak        Min:  0.0, Avg:  0.0, Max:  0.0, Diff:  0.0, Sum:  0.0, Workers: 4
[890.263s][debug][gc,phases      ] GC(49)     Dead                           Min: 0, Avg:  0.0, Max: 0, Diff: 0, Sum: 0, Workers: 4
[890.263s][debug][gc,phases      ] GC(49)     Total                          Min: 0, Avg:  0.8, Max: 3, Diff: 3, Sum: 3, Workers: 4
[890.263s][debug][gc,phases      ] GC(49)   JVMTI Tag Weak OopStorage      Min:  0.0, Avg:  0.0, Max:  0.0, Diff:  0.0, Sum:  0.0, Workers: 4
[890.263s][debug][gc,phases      ] GC(49)     Dead                           Min: 0, Avg:  0.0, Max: 0, Diff: 0, Sum: 0, Workers: 4
[890.263s][debug][gc,phases      ] GC(49)     Total                          Min: 0, Avg:  0.0, Max: 0, Diff: 0, Sum: 0, Workers: 4
[890.263s][debug][gc,phases      ] GC(49)   StringTable Weak               Min:  0.0, Avg:  0.1, Max:  0.1, Diff:  0.1, Sum:  0.3, Workers: 4
[890.263s][debug][gc,phases      ] GC(49)     Dead                           Min: 0, Avg:  0.0, Max: 0, Diff: 0, Sum: 0, Workers: 4
[890.263s][debug][gc,phases      ] GC(49)     Total                          Min: 0, Avg: 10635.2, Max: 17005, Diff: 17005, Sum: 42541, Workers: 4
[890.263s][debug][gc,phases      ] GC(49)   ResolvedMethodTable Weak       Min:  0.0, Avg:  0.0, Max:  0.0, Diff:  0.0, Sum:  0.1, Workers: 4
[890.263s][debug][gc,phases      ] GC(49)     Dead                           Min: 0, Avg:  0.0, Max: 0, Diff: 0, Sum: 0, Workers: 4
[890.263s][debug][gc,phases      ] GC(49)     Total                          Min: 0, Avg: 2304.0, Max: 3968, Diff: 3968, Sum: 9216, Workers: 4
[890.263s][debug][gc,phases      ] GC(49)   JNI Weak                       Min:  0.0, Avg:  0.0, Max:  0.0, Diff:  0.0, Sum:  0.0, Workers: 4
[890.263s][debug][gc,phases      ] GC(49)     Dead                           Min: 0, Avg:  0.0, Max: 0, Diff: 0, Sum: 0, Workers: 4
[890.263s][debug][gc,phases      ] GC(49)     Total                          Min: 0, Avg: 11.2, Max: 45, Diff: 45, Sum: 45, Workers: 4
[890.263s][debug][gc,phases      ] GC(49)   StringDedup Table Weak         Min:  0.0, Avg:  0.0, Max:  0.0, Diff:  0.0, Sum:  0.0, Workers: 4
[890.263s][debug][gc,phases      ] GC(49)     Dead                           Min: 0, Avg:  0.0, Max: 0, Diff: 0, Sum: 0, Workers: 4
[890.263s][debug][gc,phases      ] GC(49)     Total                          Min: 0, Avg:  0.0, Max: 0, Diff: 0, Sum: 0, Workers: 4
[890.263s][debug][gc,phases      ] GC(49)   StringDedup Requests0 Weak     Min:  0.0, Avg:  0.0, Max:  0.0, Diff:  0.0, Sum:  0.0, Workers: 4
[890.263s][debug][gc,phases      ] GC(49)     Dead                           Min: 0, Avg:  0.0, Max: 0, Diff: 0, Sum: 0, Workers: 4
[890.263s][debug][gc,phases      ] GC(49)     Total                          Min: 0, Avg:  0.0, Max: 0, Diff: 0, Sum: 0, Workers: 4
[890.263s][debug][gc,phases      ] GC(49)   StringDedup Requests1 Weak     Min:  0.0, Avg:  0.0, Max:  0.0, Diff:  0.0, Sum:  0.0, Workers: 4
[890.263s][debug][gc,phases      ] GC(49)     Dead                           Min: 0, Avg:  0.0, Max: 0, Diff: 0, Sum: 0, Workers: 4
[890.263s][debug][gc,phases      ] GC(49)     Total                          Min: 0, Avg:  0.0, Max: 0, Diff: 0, Sum: 0, Workers: 4
[890.263s][debug][gc,phases      ] GC(49)   Weak JFR Old Object Samples    Min:  0.0, Avg:  0.0, Max:  0.0, Diff:  0.0, Sum:  0.0, Workers: 4
[890.263s][debug][gc,phases      ] GC(49)     Dead                           Min: 0, Avg:  0.0, Max: 0, Diff: 0, Sum: 0, Workers: 4
[890.263s][debug][gc,phases      ] GC(49)     Total                          Min: 0, Avg:  0.0, Max: 0, Diff: 0, Sum: 0, Workers: 4
[890.263s][debug][gc,phases      ] GC(49) Weak Processing 0.323ms
[890.263s][debug][gc,age         ] GC(49) Desired survivor size 132120576 bytes, new threshold 15 (max threshold 15)
[890.263s][info ][gc,heap        ] GC(49) PSYoungGen: 1788544K(1937408K)->128K(1968128K) Eden: 1788416K(1788416K)->0K(1829376K) From: 128K(148992K)->128K(138752K)
[890.263s][info ][gc,heap        ] GC(49) ParOldGen: 234655K(330240K)->234663K(330240K)
[890.263s][info ][gc,metaspace   ] GC(49) Metaspace: 79620K(80448K)->79620K(80448K) NonClass: 67924K(68352K)->67924K(68352K) Class: 11696K(12096K)->11696K(12096K)
[890.263s][info ][gc             ] GC(49) Pause Young (Allocation Failure) 1975M->229M(2244M) 1.586ms
[890.263s][info ][gc,cpu         ] GC(49) User=0.01s Sys=0.00s Real=0.00s
[890.263s][info ][safepoint      ] Safepoint "ParallelGCFailedAllocation", Time since last: 27347686920 ns, Reaching safepoint: 4000 ns, Cleanup: 22100 ns, At safepoint: 1668813 ns, Total: 1694913 ns
[902.264s][info ][safepoint      ] Safepoint "Cleanup", Time since last: 12000773313 ns, Reaching safepoint: 76301 ns, Cleanup: 31600 ns, At safepoint: 7900 ns, Total: 115801 ns
[912.265s][info ][safepoint      ] Safepoint "Cleanup", Time since last: 10000724731 ns, Reaching safepoint: 4600 ns, Cleanup: 55900 ns, At safepoint: 2600 ns, Total: 63100 ns
[918.011s][info ][gc,start       ] GC(50) Pause Young (Allocation Failure)
[918.012s][debug][gc,phases      ] GC(50) Scavenge 1.321ms
[918.012s][debug][gc,ref         ] GC(50) Skipped phase 1 of Reference Processing: no references
[918.012s][debug][gc,ref         ] GC(50) Skipped phase 2 of Reference Processing: no references
[918.012s][debug][gc,ref         ] GC(50) Skipped phase 3 of Reference Processing: no references
[918.012s][debug][gc,ref         ] GC(50) Skipped phase 4 of Reference Processing: no references
[918.012s][debug][gc,phases      ] GC(50) Reference Processing 0.020ms
[918.012s][debug][gc,phases      ] GC(50)   VM Weak                        Min:  0.0, Avg:  0.0, Max:  0.0, Diff:  0.0, Sum:  0.0, Workers: 4
[918.012s][debug][gc,phases      ] GC(50)     Dead                           Min: 0, Avg:  0.0, Max: 0, Diff: 0, Sum: 0, Workers: 4
[918.012s][debug][gc,phases      ] GC(50)     Total                          Min: 0, Avg: 171.8, Max: 512, Diff: 512, Sum: 687, Workers: 4
[918.012s][debug][gc,phases      ] GC(50)   ObjectSynchronizer Weak        Min:  0.0, Avg:  0.0, Max:  0.0, Diff:  0.0, Sum:  0.0, Workers: 4
[918.012s][debug][gc,phases      ] GC(50)     Dead                           Min: 0, Avg:  0.0, Max: 0, Diff: 0, Sum: 0, Workers: 4
[918.012s][debug][gc,phases      ] GC(50)     Total                          Min: 0, Avg:  0.8, Max: 3, Diff: 3, Sum: 3, Workers: 4
[918.012s][debug][gc,phases      ] GC(50)   JVMTI Tag Weak OopStorage      Min:  0.0, Avg:  0.0, Max:  0.0, Diff:  0.0, Sum:  0.0, Workers: 4
[918.012s][debug][gc,phases      ] GC(50)     Dead                           Min: 0, Avg:  0.0, Max: 0, Diff: 0, Sum: 0, Workers: 4
[918.012s][debug][gc,phases      ] GC(50)     Total                          Min: 0, Avg:  0.0, Max: 0, Diff: 0, Sum: 0, Workers: 4
[918.012s][debug][gc,phases      ] GC(50)   StringTable Weak               Min:  0.0, Avg:  0.1, Max:  0.1, Diff:  0.1, Sum:  0.4, Workers: 4
[918.012s][debug][gc,phases      ] GC(50)     Dead                           Min: 0, Avg:  0.0, Max: 0, Diff: 0, Sum: 0, Workers: 4
[918.012s][debug][gc,phases      ] GC(50)     Total                          Min: 0, Avg: 10638.5, Max: 19002, Diff: 19002, Sum: 42554, Workers: 4
[918.012s][debug][gc,phases      ] GC(50)   ResolvedMethodTable Weak       Min:  0.0, Avg:  0.0, Max:  0.0, Diff:  0.0, Sum:  0.1, Workers: 4
[918.012s][debug][gc,phases      ] GC(50)     Dead                           Min: 0, Avg:  0.0, Max: 0, Diff: 0, Sum: 0, Workers: 4
[918.012s][debug][gc,phases      ] GC(50)     Total                          Min: 0, Avg: 2304.0, Max: 4032, Diff: 4032, Sum: 9216, Workers: 4
[918.012s][debug][gc,phases      ] GC(50)   JNI Weak                       Min:  0.0, Avg:  0.0, Max:  0.0, Diff:  0.0, Sum:  0.0, Workers: 4
[918.012s][debug][gc,phases      ] GC(50)     Dead                           Min: 0, Avg:  0.0, Max: 0, Diff: 0, Sum: 0, Workers: 4
[918.012s][debug][gc,phases      ] GC(50)     Total                          Min: 0, Avg: 11.2, Max: 45, Diff: 45, Sum: 45, Workers: 4
[918.012s][debug][gc,phases      ] GC(50)   StringDedup Table Weak         Min:  0.0, Avg:  0.0, Max:  0.0, Diff:  0.0, Sum:  0.0, Workers: 4
[918.012s][debug][gc,phases      ] GC(50)     Dead                           Min: 0, Avg:  0.0, Max: 0, Diff: 0, Sum: 0, Workers: 4
[918.012s][debug][gc,phases      ] GC(50)     Total                          Min: 0, Avg:  0.0, Max: 0, Diff: 0, Sum: 0, Workers: 4
[918.012s][debug][gc,phases      ] GC(50)   StringDedup Requests0 Weak     Min:  0.0, Avg:  0.0, Max:  0.0, Diff:  0.0, Sum:  0.0, Workers: 4
[918.012s][debug][gc,phases      ] GC(50)     Dead                           Min: 0, Avg:  0.0, Max: 0, Diff: 0, Sum: 0, Workers: 4
[918.012s][debug][gc,phases      ] GC(50)     Total                          Min: 0, Avg:  0.0, Max: 0, Diff: 0, Sum: 0, Workers: 4
[918.012s][debug][gc,phases      ] GC(50)   StringDedup Requests1 Weak     Min:  0.0, Avg:  0.0, Max:  0.0, Diff:  0.0, Sum:  0.0, Workers: 4
[918.012s][debug][gc,phases      ] GC(50)     Dead                           Min: 0, Avg:  0.0, Max: 0, Diff: 0, Sum: 0, Workers: 4
[918.012s][debug][gc,phases      ] GC(50)     Total                          Min: 0, Avg:  0.0, Max: 0, Diff: 0, Sum: 0, Workers: 4
[918.012s][debug][gc,phases      ] GC(50)   Weak JFR Old Object Samples    Min:  0.0, Avg:  0.0, Max:  0.0, Diff:  0.0, Sum:  0.0, Workers: 4
[918.012s][debug][gc,phases      ] GC(50)     Dead                           Min: 0, Avg:  0.0, Max: 0, Diff: 0, Sum: 0, Workers: 4
[918.012s][debug][gc,phases      ] GC(50)     Total                          Min: 0, Avg:  0.0, Max: 0, Diff: 0, Sum: 0, Workers: 4
[918.013s][debug][gc,phases      ] GC(50) Weak Processing 0.317ms
[918.013s][debug][gc,age         ] GC(50) Desired survivor size 123207680 bytes, new threshold 15 (max threshold 15)
[918.013s][info ][gc,heap        ] GC(50) PSYoungGen: 1829504K(1968128K)->128K(1958400K) Eden: 1829376K(1829376K)->0K(1829376K) From: 128K(138752K)->128K(129024K)
[918.013s][info ][gc,heap        ] GC(50) ParOldGen: 234663K(330240K)->234679K(330240K)
[918.013s][info ][gc,metaspace   ] GC(50) Metaspace: 79630K(80448K)->79630K(80448K) NonClass: 67933K(68352K)->67933K(68352K) Class: 11696K(12096K)->11696K(12096K)
[918.013s][info ][gc             ] GC(50) Pause Young (Allocation Failure) 2015M->229M(2235M) 1.747ms
[918.013s][info ][gc,cpu         ] GC(50) User=0.00s Sys=0.00s Real=0.01s
[918.013s][info ][safepoint      ] Safepoint "ParallelGCFailedAllocation", Time since last: 5746147011 ns, Reaching safepoint: 74801 ns, Cleanup: 35600 ns, At safepoint: 1803814 ns, Total: 1914215 ns
[924.013s][info ][safepoint      ] Safepoint "Cleanup", Time since last: 6000442968 ns, Reaching safepoint: 73400 ns, Cleanup: 39701 ns, At safepoint: 6000 ns, Total: 119101 ns
[932.014s][info ][safepoint      ] Safepoint "Cleanup", Time since last: 8000593009 ns, Reaching safepoint: 4100 ns, Cleanup: 32601 ns, At safepoint: 4000 ns, Total: 40701 ns
[945.862s][info ][gc,start       ] GC(51) Pause Young (Allocation Failure)
[945.863s][debug][gc,phases      ] GC(51) Scavenge 1.726ms
[945.863s][debug][gc,ref         ] GC(51) Skipped phase 1 of Reference Processing: no references
[945.863s][debug][gc,ref         ] GC(51) Skipped phase 2 of Reference Processing: no references
[945.863s][debug][gc,ref         ] GC(51) Skipped phase 3 of Reference Processing: no references
[945.863s][debug][gc,ref         ] GC(51) Skipped phase 4 of Reference Processing: no references
[945.863s][debug][gc,phases      ] GC(51) Reference Processing 0.020ms
[945.864s][debug][gc,phases      ] GC(51)   VM Weak                        Min:  0.0, Avg:  0.0, Max:  0.0, Diff:  0.0, Sum:  0.0, Workers: 4
[945.864s][debug][gc,phases      ] GC(51)     Dead                           Min: 0, Avg:  0.0, Max: 0, Diff: 0, Sum: 0, Workers: 4
[945.864s][debug][gc,phases      ] GC(51)     Total                          Min: 0, Avg: 171.8, Max: 623, Diff: 623, Sum: 687, Workers: 4
[945.864s][debug][gc,phases      ] GC(51)   ObjectSynchronizer Weak        Min:  0.0, Avg:  0.0, Max:  0.0, Diff:  0.0, Sum:  0.0, Workers: 4
[945.864s][debug][gc,phases      ] GC(51)     Dead                           Min: 0, Avg:  0.0, Max: 0, Diff: 0, Sum: 0, Workers: 4
[945.864s][debug][gc,phases      ] GC(51)     Total                          Min: 0, Avg:  0.8, Max: 3, Diff: 3, Sum: 3, Workers: 4
[945.864s][debug][gc,phases      ] GC(51)   JVMTI Tag Weak OopStorage      Min:  0.0, Avg:  0.0, Max:  0.0, Diff:  0.0, Sum:  0.0, Workers: 4
[945.864s][debug][gc,phases      ] GC(51)     Dead                           Min: 0, Avg:  0.0, Max: 0, Diff: 0, Sum: 0, Workers: 4
[945.864s][debug][gc,phases      ] GC(51)     Total                          Min: 0, Avg:  0.0, Max: 0, Diff: 0, Sum: 0, Workers: 4
[945.864s][debug][gc,phases      ] GC(51)   StringTable Weak               Min:  0.0, Avg:  0.1, Max:  0.1, Diff:  0.1, Sum:  0.3, Workers: 4
[945.864s][debug][gc,phases      ] GC(51)     Dead                           Min: 0, Avg:  0.0, Max: 0, Diff: 0, Sum: 0, Workers: 4
[945.864s][debug][gc,phases      ] GC(51)     Total                          Min: 0, Avg: 10638.5, Max: 18880, Diff: 18880, Sum: 42554, Workers: 4
[945.864s][debug][gc,phases      ] GC(51)   ResolvedMethodTable Weak       Min:  0.0, Avg:  0.0, Max:  0.0, Diff:  0.0, Sum:  0.1, Workers: 4
[945.864s][debug][gc,phases      ] GC(51)     Dead                           Min: 0, Avg:  0.0, Max: 0, Diff: 0, Sum: 0, Workers: 4
[945.864s][debug][gc,phases      ] GC(51)     Total                          Min: 0, Avg: 2304.0, Max: 4224, Diff: 4224, Sum: 9216, Workers: 4
[945.864s][debug][gc,phases      ] GC(51)   JNI Weak                       Min:  0.0, Avg:  0.0, Max:  0.0, Diff:  0.0, Sum:  0.0, Workers: 4
[945.864s][debug][gc,phases      ] GC(51)     Dead                           Min: 0, Avg:  0.0, Max: 0, Diff: 0, Sum: 0, Workers: 4
[945.864s][debug][gc,phases      ] GC(51)     Total                          Min: 0, Avg: 11.2, Max: 45, Diff: 45, Sum: 45, Workers: 4
[945.864s][debug][gc,phases      ] GC(51)   StringDedup Table Weak         Min:  0.0, Avg:  0.0, Max:  0.0, Diff:  0.0, Sum:  0.0, Workers: 4
[945.864s][debug][gc,phases      ] GC(51)     Dead                           Min: 0, Avg:  0.0, Max: 0, Diff: 0, Sum: 0, Workers: 4
[945.864s][debug][gc,phases      ] GC(51)     Total                          Min: 0, Avg:  0.0, Max: 0, Diff: 0, Sum: 0, Workers: 4
[945.864s][debug][gc,phases      ] GC(51)   StringDedup Requests0 Weak     Min:  0.0, Avg:  0.0, Max:  0.0, Diff:  0.0, Sum:  0.0, Workers: 4
[945.864s][debug][gc,phases      ] GC(51)     Dead                           Min: 0, Avg:  0.0, Max: 0, Diff: 0, Sum: 0, Workers: 4
[945.864s][debug][gc,phases      ] GC(51)     Total                          Min: 0, Avg:  0.0, Max: 0, Diff: 0, Sum: 0, Workers: 4
[945.864s][debug][gc,phases      ] GC(51)   StringDedup Requests1 Weak     Min:  0.0, Avg:  0.0, Max:  0.0, Diff:  0.0, Sum:  0.0, Workers: 4
[945.864s][debug][gc,phases      ] GC(51)     Dead                           Min: 0, Avg:  0.0, Max: 0, Diff: 0, Sum: 0, Workers: 4
[945.864s][debug][gc,phases      ] GC(51)     Total                          Min: 0, Avg:  0.0, Max: 0, Diff: 0, Sum: 0, Workers: 4
[945.864s][debug][gc,phases      ] GC(51)   Weak JFR Old Object Samples    Min:  0.0, Avg:  0.0, Max:  0.0, Diff:  0.0, Sum:  0.0, Workers: 4
[945.864s][debug][gc,phases      ] GC(51)     Dead                           Min: 0, Avg:  0.0, Max: 0, Diff: 0, Sum: 0, Workers: 4
[945.864s][debug][gc,phases      ] GC(51)     Total                          Min: 0, Avg:  0.0, Max: 0, Diff: 0, Sum: 0, Workers: 4
[945.864s][debug][gc,phases      ] GC(51) Weak Processing 0.299ms
[945.864s][debug][gc,age         ] GC(51) Desired survivor size 114294784 bytes, new threshold 15 (max threshold 15)
[945.864s][info ][gc,heap        ] GC(51) PSYoungGen: 1829504K(1958400K)->160K(1985536K) Eden: 1829376K(1829376K)->0K(1865216K) From: 128K(129024K)->160K(120320K)
[945.864s][info ][gc,heap        ] GC(51) ParOldGen: 234679K(330240K)->234687K(330240K)
[945.864s][info ][gc,metaspace   ] GC(51) Metaspace: 79631K(80448K)->79631K(80448K) NonClass: 67934K(68352K)->67934K(68352K) Class: 11696K(12096K)->11696K(12096K)
[945.864s][info ][gc             ] GC(51) Pause Young (Allocation Failure) 2015M->229M(2261M) 2.130ms
[945.864s][info ][gc,cpu         ] GC(51) User=0.00s Sys=0.00s Real=0.01s
[945.864s][info ][safepoint      ] Safepoint "ParallelGCFailedAllocation", Time since last: 13847783930 ns, Reaching safepoint: 76901 ns, Cleanup: 39800 ns, At safepoint: 2184617 ns, Total: 2301318 ns
[966.865s][info ][safepoint      ] Safepoint "Cleanup", Time since last: 21001404026 ns, Reaching safepoint: 4300 ns, Cleanup: 24700 ns, At safepoint: 3401 ns, Total: 32401 ns
[971.866s][info ][safepoint      ] Safepoint "Cleanup", Time since last: 5000382957 ns, Reaching safepoint: 3900 ns, Cleanup: 33001 ns, At safepoint: 3600 ns, Total: 40501 ns
[973.866s][info ][safepoint      ] Safepoint "Cleanup", Time since last: 2000153884 ns, Reaching safepoint: 4000 ns, Cleanup: 44100 ns, At safepoint: 4600 ns, Total: 52700 ns
[974.411s][info ][gc,start       ] GC(52) Pause Young (Allocation Failure)
[974.412s][debug][gc,phases      ] GC(52) Scavenge 1.130ms
[974.412s][debug][gc,ref         ] GC(52) Skipped phase 1 of Reference Processing: no references
[974.412s][debug][gc,ref         ] GC(52) Skipped phase 2 of Reference Processing: no references
[974.412s][debug][gc,ref         ] GC(52) Skipped phase 3 of Reference Processing: no references
[974.412s][debug][gc,ref         ] GC(52) Skipped phase 4 of Reference Processing: no references
[974.412s][debug][gc,phases      ] GC(52) Reference Processing 0.019ms
[974.412s][debug][gc,phases      ] GC(52)   VM Weak                        Min:  0.0, Avg:  0.0, Max:  0.0, Diff:  0.0, Sum:  0.0, Workers: 4
[974.412s][debug][gc,phases      ] GC(52)     Dead                           Min: 0, Avg:  0.0, Max: 0, Diff: 0, Sum: 0, Workers: 4
[974.413s][debug][gc,phases      ] GC(52)     Total                          Min: 0, Avg: 171.8, Max: 495, Diff: 495, Sum: 687, Workers: 4
[974.413s][debug][gc,phases      ] GC(52)   ObjectSynchronizer Weak        Min:  0.0, Avg:  0.0, Max:  0.0, Diff:  0.0, Sum:  0.0, Workers: 4
[974.413s][debug][gc,phases      ] GC(52)     Dead                           Min: 0, Avg:  0.0, Max: 0, Diff: 0, Sum: 0, Workers: 4
[974.413s][debug][gc,phases      ] GC(52)     Total                          Min: 0, Avg:  0.8, Max: 3, Diff: 3, Sum: 3, Workers: 4
[974.413s][debug][gc,phases      ] GC(52)   JVMTI Tag Weak OopStorage      Min:  0.0, Avg:  0.0, Max:  0.0, Diff:  0.0, Sum:  0.0, Workers: 4
[974.413s][debug][gc,phases      ] GC(52)     Dead                           Min: 0, Avg:  0.0, Max: 0, Diff: 0, Sum: 0, Workers: 4
[974.413s][debug][gc,phases      ] GC(52)     Total                          Min: 0, Avg:  0.0, Max: 0, Diff: 0, Sum: 0, Workers: 4
[974.413s][debug][gc,phases      ] GC(52)   StringTable Weak               Min:  0.0, Avg:  0.1, Max:  0.1, Diff:  0.1, Sum:  0.3, Workers: 4
[974.413s][debug][gc,phases      ] GC(52)     Dead                           Min: 0, Avg:  0.0, Max: 0, Diff: 0, Sum: 0, Workers: 4
[974.413s][debug][gc,phases      ] GC(52)     Total                          Min: 0, Avg: 10638.5, Max: 18176, Diff: 18176, Sum: 42554, Workers: 4
[974.413s][debug][gc,phases      ] GC(52)   ResolvedMethodTable Weak       Min:  0.0, Avg:  0.0, Max:  0.0, Diff:  0.0, Sum:  0.1, Workers: 4
[974.413s][debug][gc,phases      ] GC(52)     Dead                           Min: 0, Avg:  0.0, Max: 0, Diff: 0, Sum: 0, Workers: 4
[974.413s][debug][gc,phases      ] GC(52)     Total                          Min: 0, Avg: 2304.0, Max: 4032, Diff: 4032, Sum: 9216, Workers: 4
[974.413s][debug][gc,phases      ] GC(52)   JNI Weak                       Min:  0.0, Avg:  0.0, Max:  0.0, Diff:  0.0, Sum:  0.0, Workers: 4
[974.413s][debug][gc,phases      ] GC(52)     Dead                           Min: 0, Avg:  0.0, Max: 0, Diff: 0, Sum: 0, Workers: 4
[974.413s][debug][gc,phases      ] GC(52)     Total                          Min: 0, Avg: 11.2, Max: 45, Diff: 45, Sum: 45, Workers: 4
[974.413s][debug][gc,phases      ] GC(52)   StringDedup Table Weak         Min:  0.0, Avg:  0.0, Max:  0.0, Diff:  0.0, Sum:  0.0, Workers: 4
[974.413s][debug][gc,phases      ] GC(52)     Dead                           Min: 0, Avg:  0.0, Max: 0, Diff: 0, Sum: 0, Workers: 4
[974.413s][debug][gc,phases      ] GC(52)     Total                          Min: 0, Avg:  0.0, Max: 0, Diff: 0, Sum: 0, Workers: 4
[974.413s][debug][gc,phases      ] GC(52)   StringDedup Requests0 Weak     Min:  0.0, Avg:  0.0, Max:  0.0, Diff:  0.0, Sum:  0.0, Workers: 4
[974.413s][debug][gc,phases      ] GC(52)     Dead                           Min: 0, Avg:  0.0, Max: 0, Diff: 0, Sum: 0, Workers: 4
[974.413s][debug][gc,phases      ] GC(52)     Total                          Min: 0, Avg:  0.0, Max: 0, Diff: 0, Sum: 0, Workers: 4
[974.413s][debug][gc,phases      ] GC(52)   StringDedup Requests1 Weak     Min:  0.0, Avg:  0.0, Max:  0.0, Diff:  0.0, Sum:  0.0, Workers: 4
[974.413s][debug][gc,phases      ] GC(52)     Dead                           Min: 0, Avg:  0.0, Max: 0, Diff: 0, Sum: 0, Workers: 4
[974.413s][debug][gc,phases      ] GC(52)     Total                          Min: 0, Avg:  0.0, Max: 0, Diff: 0, Sum: 0, Workers: 4
[974.413s][debug][gc,phases      ] GC(52)   Weak JFR Old Object Samples    Min:  0.0, Avg:  0.0, Max:  0.0, Diff:  0.0, Sum:  0.0, Workers: 4
[974.413s][debug][gc,phases      ] GC(52)     Dead                           Min: 0, Avg:  0.0, Max: 0, Diff: 0, Sum: 0, Workers: 4
[974.413s][debug][gc,phases      ] GC(52)     Total                          Min: 0, Avg:  0.0, Max: 0, Diff: 0, Sum: 0, Workers: 4
[974.413s][debug][gc,phases      ] GC(52) Weak Processing 0.307ms
[974.413s][debug][gc,age         ] GC(52) Desired survivor size 105906176 bytes, new threshold 15 (max threshold 15)
[974.413s][info ][gc,heap        ] GC(52) PSYoungGen: 1865376K(1985536K)->160K(1976832K) Eden: 1865216K(1865216K)->0K(1865216K) From: 160K(120320K)->160K(111616K)
[974.413s][info ][gc,heap        ] GC(52) ParOldGen: 234687K(330240K)->234703K(330240K)
[974.413s][info ][gc,metaspace   ] GC(52) Metaspace: 79633K(80448K)->79633K(80448K) NonClass: 67936K(68352K)->67936K(68352K) Class: 11696K(12096K)->11696K(12096K)
[974.413s][info ][gc             ] GC(52) Pause Young (Allocation Failure) 2050M->229M(2253M) 1.545ms
[974.413s][info ][gc,cpu         ] GC(52) User=0.00s Sys=0.00s Real=0.01s
[974.413s][info ][safepoint      ] Safepoint "ParallelGCFailedAllocation", Time since last: 545135940 ns, Reaching safepoint: 3800 ns, Cleanup: 19201 ns, At safepoint: 1599412 ns, Total: 1622413 ns
[992.414s][info ][safepoint      ] Safepoint "Cleanup", Time since last: 18001282763 ns, Reaching safepoint: 4900 ns, Cleanup: 40600 ns, At safepoint: 2400 ns, Total: 47900 ns
[1002.961s][info ][gc,start       ] GC(53) Pause Young (Allocation Failure)
[1002.963s][debug][gc,phases      ] GC(53) Scavenge 1.724ms
[1002.963s][debug][gc,ref         ] GC(53) Skipped phase 1 of Reference Processing: no references
[1002.963s][debug][gc,ref         ] GC(53) Skipped phase 2 of Reference Processing: no references
[1002.963s][debug][gc,ref         ] GC(53) Skipped phase 3 of Reference Processing: no references
[1002.963s][debug][gc,ref         ] GC(53) Skipped phase 4 of Reference Processing: no references
[1002.963s][debug][gc,phases      ] GC(53) Reference Processing 0.019ms
[1002.963s][debug][gc,phases      ] GC(53)   VM Weak                        Min:  0.0, Avg:  0.0, Max:  0.0, Diff:  0.0, Sum:  0.0, Workers: 4
[1002.963s][debug][gc,phases      ] GC(53)     Dead                           Min: 0, Avg:  0.0, Max: 0, Diff: 0, Sum: 0, Workers: 4
[1002.963s][debug][gc,phases      ] GC(53)     Total                          Min: 0, Avg: 171.8, Max: 367, Diff: 367, Sum: 687, Workers: 4
[1002.963s][debug][gc,phases      ] GC(53)   ObjectSynchronizer Weak        Min:  0.0, Avg:  0.0, Max:  0.0, Diff:  0.0, Sum:  0.0, Workers: 4
[1002.963s][debug][gc,phases      ] GC(53)     Dead                           Min: 0, Avg:  0.0, Max: 0, Diff: 0, Sum: 0, Workers: 4
[1002.963s][debug][gc,phases      ] GC(53)     Total                          Min: 0, Avg:  0.8, Max: 3, Diff: 3, Sum: 3, Workers: 4
[1002.963s][debug][gc,phases      ] GC(53)   JVMTI Tag Weak OopStorage      Min:  0.0, Avg:  0.0, Max:  0.0, Diff:  0.0, Sum:  0.0, Workers: 4
[1002.963s][debug][gc,phases      ] GC(53)     Dead                           Min: 0, Avg:  0.0, Max: 0, Diff: 0, Sum: 0, Workers: 4
[1002.963s][debug][gc,phases      ] GC(53)     Total                          Min: 0, Avg:  0.0, Max: 0, Diff: 0, Sum: 0, Workers: 4
[1002.963s][debug][gc,phases      ] GC(53)   StringTable Weak               Min:  0.1, Avg:  0.1, Max:  0.1, Diff:  0.0, Sum:  0.4, Workers: 4
[1002.963s][debug][gc,phases      ] GC(53)     Dead                           Min: 0, Avg:  0.0, Max: 0, Diff: 0, Sum: 0, Workers: 4
[1002.963s][debug][gc,phases      ] GC(53)     Total                          Min: 10304, Avg: 10638.5, Max: 11136, Diff: 832, Sum: 42554, Workers: 4
[1002.963s][debug][gc,phases      ] GC(53)   ResolvedMethodTable Weak       Min:  0.0, Avg:  0.0, Max:  0.0, Diff:  0.0, Sum:  0.1, Workers: 4
[1002.963s][debug][gc,phases      ] GC(53)     Dead                           Min: 0, Avg:  0.0, Max: 0, Diff: 0, Sum: 0, Workers: 4
[1002.963s][debug][gc,phases      ] GC(53)     Total                          Min: 2176, Avg: 2304.0, Max: 2432, Diff: 256, Sum: 9216, Workers: 4
[1002.963s][debug][gc,phases      ] GC(53)   JNI Weak                       Min:  0.0, Avg:  0.0, Max:  0.0, Diff:  0.0, Sum:  0.0, Workers: 4
[1002.963s][debug][gc,phases      ] GC(53)     Dead                           Min: 0, Avg:  0.0, Max: 0, Diff: 0, Sum: 0, Workers: 4
[1002.963s][debug][gc,phases      ] GC(53)     Total                          Min: 0, Avg: 11.2, Max: 45, Diff: 45, Sum: 45, Workers: 4
[1002.963s][debug][gc,phases      ] GC(53)   StringDedup Table Weak         Min:  0.0, Avg:  0.0, Max:  0.0, Diff:  0.0, Sum:  0.0, Workers: 4
[1002.963s][debug][gc,phases      ] GC(53)     Dead                           Min: 0, Avg:  0.0, Max: 0, Diff: 0, Sum: 0, Workers: 4
[1002.963s][debug][gc,phases      ] GC(53)     Total                          Min: 0, Avg:  0.0, Max: 0, Diff: 0, Sum: 0, Workers: 4
[1002.963s][debug][gc,phases      ] GC(53)   StringDedup Requests0 Weak     Min:  0.0, Avg:  0.0, Max:  0.0, Diff:  0.0, Sum:  0.0, Workers: 4
[1002.963s][debug][gc,phases      ] GC(53)     Dead                           Min: 0, Avg:  0.0, Max: 0, Diff: 0, Sum: 0, Workers: 4
[1002.963s][debug][gc,phases      ] GC(53)     Total                          Min: 0, Avg:  0.0, Max: 0, Diff: 0, Sum: 0, Workers: 4
[1002.963s][debug][gc,phases      ] GC(53)   StringDedup Requests1 Weak     Min:  0.0, Avg:  0.0, Max:  0.0, Diff:  0.0, Sum:  0.0, Workers: 4
[1002.963s][debug][gc,phases      ] GC(53)     Dead                           Min: 0, Avg:  0.0, Max: 0, Diff: 0, Sum: 0, Workers: 4
[1002.963s][debug][gc,phases      ] GC(53)     Total                          Min: 0, Avg:  0.0, Max: 0, Diff: 0, Sum: 0, Workers: 4
[1002.963s][debug][gc,phases      ] GC(53)   Weak JFR Old Object Samples    Min:  0.0, Avg:  0.0, Max:  0.0, Diff:  0.0, Sum:  0.0, Workers: 4
[1002.963s][debug][gc,phases      ] GC(53)     Dead                           Min: 0, Avg:  0.0, Max: 0, Diff: 0, Sum: 0, Workers: 4
[1002.963s][debug][gc,phases      ] GC(53)     Total                          Min: 0, Avg:  0.0, Max: 0, Diff: 0, Sum: 0, Workers: 4
[1002.963s][debug][gc,phases      ] GC(53) Weak Processing 0.289ms
[1002.963s][debug][gc,age         ] GC(53) Desired survivor size 98566144 bytes, new threshold 15 (max threshold 15)
[1002.963s][info ][gc,heap        ] GC(53) PSYoungGen: 1865376K(1976832K)->128K(2000896K) Eden: 1865216K(1865216K)->0K(1897472K) From: 160K(111616K)->128K(103424K)
[1002.963s][info ][gc,heap        ] GC(53) ParOldGen: 234703K(330240K)->234711K(330240K)
[1002.963s][info ][gc,metaspace   ] GC(53) Metaspace: 79633K(80448K)->79633K(80448K) NonClass: 67936K(68352K)->67936K(68352K) Class: 11696K(12096K)->11696K(12096K)
[1002.963s][info ][gc             ] GC(53) Pause Young (Allocation Failure) 2050M->229M(2276M) 2.112ms
[1002.963s][info ][gc,cpu         ] GC(53) User=0.01s Sys=0.00s Real=0.00s
[1002.963s][info ][safepoint      ] Safepoint "ParallelGCFailedAllocation", Time since last: 10546983170 ns, Reaching safepoint: 3800 ns, Cleanup: 33400 ns, At safepoint: 2185117 ns, Total: 2222317 ns
[1013.964s][info ][safepoint      ] Safepoint "Cleanup", Time since last: 11000697846 ns, Reaching safepoint: 3800 ns, Cleanup: 33200 ns, At safepoint: 2600 ns, Total: 39600 ns
[1031.962s][info ][gc,start       ] GC(54) Pause Young (Allocation Failure)
[1031.963s][debug][gc,phases      ] GC(54) Scavenge 1.103ms
[1031.963s][debug][gc,ref         ] GC(54) Skipped phase 1 of Reference Processing: no references
[1031.963s][debug][gc,ref         ] GC(54) Skipped phase 2 of Reference Processing: no references
[1031.963s][debug][gc,ref         ] GC(54) Skipped phase 3 of Reference Processing: no references
[1031.963s][debug][gc,ref         ] GC(54) Skipped phase 4 of Reference Processing: no references
[1031.963s][debug][gc,phases      ] GC(54) Reference Processing 0.019ms
[1031.963s][debug][gc,phases      ] GC(54)   VM Weak                        Min:  0.0, Avg:  0.0, Max:  0.0, Diff:  0.0, Sum:  0.0, Workers: 4
[1031.963s][debug][gc,phases      ] GC(54)     Dead                           Min: 0, Avg:  0.0, Max: 0, Diff: 0, Sum: 0, Workers: 4
[1031.963s][debug][gc,phases      ] GC(54)     Total                          Min: 0, Avg: 171.8, Max: 623, Diff: 623, Sum: 687, Workers: 4
[1031.963s][debug][gc,phases      ] GC(54)   ObjectSynchronizer Weak        Min:  0.0, Avg:  0.0, Max:  0.0, Diff:  0.0, Sum:  0.0, Workers: 4
[1031.963s][debug][gc,phases      ] GC(54)     Dead                           Min: 0, Avg:  0.0, Max: 0, Diff: 0, Sum: 0, Workers: 4
[1031.963s][debug][gc,phases      ] GC(54)     Total                          Min: 0, Avg:  0.8, Max: 3, Diff: 3, Sum: 3, Workers: 4
[1031.963s][debug][gc,phases      ] GC(54)   JVMTI Tag Weak OopStorage      Min:  0.0, Avg:  0.0, Max:  0.0, Diff:  0.0, Sum:  0.0, Workers: 4
[1031.963s][debug][gc,phases      ] GC(54)     Dead                           Min: 0, Avg:  0.0, Max: 0, Diff: 0, Sum: 0, Workers: 4
[1031.963s][debug][gc,phases      ] GC(54)     Total                          Min: 0, Avg:  0.0, Max: 0, Diff: 0, Sum: 0, Workers: 4
[1031.963s][debug][gc,phases      ] GC(54)   StringTable Weak               Min:  0.0, Avg:  0.1, Max:  0.1, Diff:  0.1, Sum:  0.3, Workers: 4
[1031.963s][debug][gc,phases      ] GC(54)     Dead                           Min: 0, Avg:  0.0, Max: 0, Diff: 0, Sum: 0, Workers: 4
[1031.963s][debug][gc,phases      ] GC(54)     Total                          Min: 0, Avg: 10642.0, Max: 17736, Diff: 17736, Sum: 42568, Workers: 4
[1031.963s][debug][gc,phases      ] GC(54)   ResolvedMethodTable Weak       Min:  0.0, Avg:  0.0, Max:  0.0, Diff:  0.0, Sum:  0.1, Workers: 4
[1031.963s][debug][gc,phases      ] GC(54)     Dead                           Min: 0, Avg:  0.0, Max: 0, Diff: 0, Sum: 0, Workers: 4
[1031.963s][debug][gc,phases      ] GC(54)     Total                          Min: 0, Avg: 2304.0, Max: 3840, Diff: 3840, Sum: 9216, Workers: 4
[1031.963s][debug][gc,phases      ] GC(54)   JNI Weak                       Min:  0.0, Avg:  0.0, Max:  0.0, Diff:  0.0, Sum:  0.0, Workers: 4
[1031.963s][debug][gc,phases      ] GC(54)     Dead                           Min: 0, Avg:  0.0, Max: 0, Diff: 0, Sum: 0, Workers: 4
[1031.963s][debug][gc,phases      ] GC(54)     Total                          Min: 0, Avg: 11.2, Max: 45, Diff: 45, Sum: 45, Workers: 4
[1031.963s][debug][gc,phases      ] GC(54)   StringDedup Table Weak         Min:  0.0, Avg:  0.0, Max:  0.0, Diff:  0.0, Sum:  0.0, Workers: 4
[1031.963s][debug][gc,phases      ] GC(54)     Dead                           Min: 0, Avg:  0.0, Max: 0, Diff: 0, Sum: 0, Workers: 4
[1031.963s][debug][gc,phases      ] GC(54)     Total                          Min: 0, Avg:  0.0, Max: 0, Diff: 0, Sum: 0, Workers: 4
[1031.963s][debug][gc,phases      ] GC(54)   StringDedup Requests0 Weak     Min:  0.0, Avg:  0.0, Max:  0.0, Diff:  0.0, Sum:  0.0, Workers: 4
[1031.963s][debug][gc,phases      ] GC(54)     Dead                           Min: 0, Avg:  0.0, Max: 0, Diff: 0, Sum: 0, Workers: 4
[1031.963s][debug][gc,phases      ] GC(54)     Total                          Min: 0, Avg:  0.0, Max: 0, Diff: 0, Sum: 0, Workers: 4
[1031.963s][debug][gc,phases      ] GC(54)   StringDedup Requests1 Weak     Min:  0.0, Avg:  0.0, Max:  0.0, Diff:  0.0, Sum:  0.0, Workers: 4
[1031.963s][debug][gc,phases      ] GC(54)     Dead                           Min: 0, Avg:  0.0, Max: 0, Diff: 0, Sum: 0, Workers: 4
[1031.963s][debug][gc,phases      ] GC(54)     Total                          Min: 0, Avg:  0.0, Max: 0, Diff: 0, Sum: 0, Workers: 4
[1031.963s][debug][gc,phases      ] GC(54)   Weak JFR Old Object Samples    Min:  0.0, Avg:  0.0, Max:  0.0, Diff:  0.0, Sum:  0.0, Workers: 4
[1031.963s][debug][gc,phases      ] GC(54)     Dead                           Min: 0, Avg:  0.0, Max: 0, Diff: 0, Sum: 0, Workers: 4
[1031.963s][debug][gc,phases      ] GC(54)     Total                          Min: 0, Avg:  0.0, Max: 0, Diff: 0, Sum: 0, Workers: 4
[1031.963s][debug][gc,phases      ] GC(54) Weak Processing 0.296ms
[1031.963s][debug][gc,age         ] GC(54) Desired survivor size 91226112 bytes, new threshold 15 (max threshold 15)
[1031.963s][info ][gc,heap        ] GC(54) PSYoungGen: 1897600K(2000896K)->128K(1993728K) Eden: 1897472K(1897472K)->0K(1897472K) From: 128K(103424K)->128K(96256K)
[1031.963s][info ][gc,heap        ] GC(54) ParOldGen: 234711K(330240K)->234719K(330240K)
[1031.963s][info ][gc,metaspace   ] GC(54) Metaspace: 79634K(80448K)->79634K(80448K) NonClass: 67938K(68352K)->67938K(68352K) Class: 11696K(12096K)->11696K(12096K)
[1031.963s][info ][gc             ] GC(54) Pause Young (Allocation Failure) 2082M->229M(2269M) 1.497ms
[1031.963s][info ][gc,cpu         ] GC(54) User=0.00s Sys=0.00s Real=0.00s
[1031.963s][info ][safepoint      ] Safepoint "ParallelGCFailedAllocation", Time since last: 17997792899 ns, Reaching safepoint: 3800 ns, Cleanup: 29801 ns, At safepoint: 1571012 ns, Total: 1604613 ns
[1061.012s][info ][gc,start       ] GC(55) Pause Young (Allocation Failure)
[1061.014s][debug][gc,phases      ] GC(55) Scavenge 2.504ms
[1061.014s][debug][gc,ref         ] GC(55) Skipped phase 1 of Reference Processing: no references
[1061.014s][debug][gc,ref         ] GC(55) Skipped phase 2 of Reference Processing: no references
[1061.014s][debug][gc,ref         ] GC(55) Skipped phase 3 of Reference Processing: no references
[1061.014s][debug][gc,ref         ] GC(55) Skipped phase 4 of Reference Processing: no references
[1061.014s][debug][gc,phases      ] GC(55) Reference Processing 0.020ms
[1061.014s][debug][gc,phases      ] GC(55)   VM Weak                        Min:  0.0, Avg:  0.0, Max:  0.0, Diff:  0.0, Sum:  0.0, Workers: 4
[1061.014s][debug][gc,phases      ] GC(55)     Dead                           Min: 0, Avg:  0.0, Max: 0, Diff: 0, Sum: 0, Workers: 4
[1061.014s][debug][gc,phases      ] GC(55)     Total                          Min: 0, Avg: 171.8, Max: 367, Diff: 367, Sum: 687, Workers: 4
[1061.014s][debug][gc,phases      ] GC(55)   ObjectSynchronizer Weak        Min:  0.0, Avg:  0.0, Max:  0.0, Diff:  0.0, Sum:  0.0, Workers: 4
[1061.014s][debug][gc,phases      ] GC(55)     Dead                           Min: 0, Avg:  0.0, Max: 0, Diff: 0, Sum: 0, Workers: 4
[1061.014s][debug][gc,phases      ] GC(55)     Total                          Min: 0, Avg:  0.8, Max: 3, Diff: 3, Sum: 3, Workers: 4
[1061.014s][debug][gc,phases      ] GC(55)   JVMTI Tag Weak OopStorage      Min:  0.0, Avg:  0.0, Max:  0.0, Diff:  0.0, Sum:  0.0, Workers: 4
[1061.014s][debug][gc,phases      ] GC(55)     Dead                           Min: 0, Avg:  0.0, Max: 0, Diff: 0, Sum: 0, Workers: 4
[1061.014s][debug][gc,phases      ] GC(55)     Total                          Min: 0, Avg:  0.0, Max: 0, Diff: 0, Sum: 0, Workers: 4
[1061.014s][debug][gc,phases      ] GC(55)   StringTable Weak               Min:  0.0, Avg:  0.1, Max:  0.2, Diff:  0.2, Sum:  0.3, Workers: 4
[1061.014s][debug][gc,phases      ] GC(55)     Dead                           Min: 0, Avg:  0.0, Max: 0, Diff: 0, Sum: 0, Workers: 4
[1061.014s][debug][gc,phases      ] GC(55)     Total                          Min: 0, Avg: 10642.0, Max: 25344, Diff: 25344, Sum: 42568, Workers: 4
[1061.014s][debug][gc,phases      ] GC(55)   ResolvedMethodTable Weak       Min:  0.0, Avg:  0.0, Max:  0.0, Diff:  0.0, Sum:  0.1, Workers: 4
[1061.014s][debug][gc,phases      ] GC(55)     Dead                           Min: 0, Avg:  0.0, Max: 0, Diff: 0, Sum: 0, Workers: 4
[1061.014s][debug][gc,phases      ] GC(55)     Total                          Min: 0, Avg: 2304.0, Max: 4864, Diff: 4864, Sum: 9216, Workers: 4
[1061.014s][debug][gc,phases      ] GC(55)   JNI Weak                       Min:  0.0, Avg:  0.0, Max:  0.0, Diff:  0.0, Sum:  0.0, Workers: 4
[1061.014s][debug][gc,phases      ] GC(55)     Dead                           Min: 0, Avg:  0.0, Max: 0, Diff: 0, Sum: 0, Workers: 4
[1061.014s][debug][gc,phases      ] GC(55)     Total                          Min: 0, Avg: 11.2, Max: 45, Diff: 45, Sum: 45, Workers: 4
[1061.014s][debug][gc,phases      ] GC(55)   StringDedup Table Weak         Min:  0.0, Avg:  0.0, Max:  0.0, Diff:  0.0, Sum:  0.0, Workers: 4
[1061.014s][debug][gc,phases      ] GC(55)     Dead                           Min: 0, Avg:  0.0, Max: 0, Diff: 0, Sum: 0, Workers: 4
[1061.014s][debug][gc,phases      ] GC(55)     Total                          Min: 0, Avg:  0.0, Max: 0, Diff: 0, Sum: 0, Workers: 4
[1061.014s][debug][gc,phases      ] GC(55)   StringDedup Requests0 Weak     Min:  0.0, Avg:  0.0, Max:  0.0, Diff:  0.0, Sum:  0.0, Workers: 4
[1061.014s][debug][gc,phases      ] GC(55)     Dead                           Min: 0, Avg:  0.0, Max: 0, Diff: 0, Sum: 0, Workers: 4
[1061.014s][debug][gc,phases      ] GC(55)     Total                          Min: 0, Avg:  0.0, Max: 0, Diff: 0, Sum: 0, Workers: 4
[1061.014s][debug][gc,phases      ] GC(55)   StringDedup Requests1 Weak     Min:  0.0, Avg:  0.0, Max:  0.0, Diff:  0.0, Sum:  0.0, Workers: 4
[1061.014s][debug][gc,phases      ] GC(55)     Dead                           Min: 0, Avg:  0.0, Max: 0, Diff: 0, Sum: 0, Workers: 4
[1061.014s][debug][gc,phases      ] GC(55)     Total                          Min: 0, Avg:  0.0, Max: 0, Diff: 0, Sum: 0, Workers: 4
[1061.014s][debug][gc,phases      ] GC(55)   Weak JFR Old Object Samples    Min:  0.0, Avg:  0.0, Max:  0.0, Diff:  0.0, Sum:  0.0, Workers: 4
[1061.014s][debug][gc,phases      ] GC(55)     Dead                           Min: 0, Avg:  0.0, Max: 0, Diff: 0, Sum: 0, Workers: 4
[1061.014s][debug][gc,phases      ] GC(55)     Total                          Min: 0, Avg:  0.0, Max: 0, Diff: 0, Sum: 0, Workers: 4
[1061.014s][debug][gc,phases      ] GC(55) Weak Processing 0.363ms
[1061.014s][debug][gc,age         ] GC(55) Desired survivor size 84410368 bytes, new threshold 15 (max threshold 15)
[1061.014s][info ][gc,heap        ] GC(55) PSYoungGen: 1897600K(1993728K)->160K(2014720K) Eden: 1897472K(1897472K)->0K(1925632K) From: 128K(96256K)->160K(89088K)
[1061.014s][info ][gc,heap        ] GC(55) ParOldGen: 234719K(330240K)->234727K(330240K)
[1061.014s][info ][gc,metaspace   ] GC(55) Metaspace: 79635K(80448K)->79635K(80448K) NonClass: 67938K(68352K)->67938K(68352K) Class: 11696K(12096K)->11696K(12096K)
[1061.014s][info ][gc             ] GC(55) Pause Young (Allocation Failure) 2082M->229M(2290M) 2.989ms
[1061.014s][info ][gc,cpu         ] GC(55) User=0.00s Sys=0.00s Real=0.00s
[1061.015s][info ][safepoint      ] Safepoint "ParallelGCFailedAllocation", Time since last: 29048085274 ns, Reaching safepoint: 3900 ns, Cleanup: 27900 ns, At safepoint: 3059724 ns, Total: 3091524 ns
[1090.462s][info ][gc,start       ] GC(56) Pause Young (Allocation Failure)
[1090.464s][debug][gc,phases      ] GC(56) Scavenge 2.564ms
[1090.464s][debug][gc,ref         ] GC(56) Skipped phase 1 of Reference Processing: no references
[1090.464s][debug][gc,ref         ] GC(56) Skipped phase 2 of Reference Processing: no references
[1090.464s][debug][gc,ref         ] GC(56) Skipped phase 3 of Reference Processing: no references
[1090.464s][debug][gc,ref         ] GC(56) Skipped phase 4 of Reference Processing: no references
[1090.464s][debug][gc,phases      ] GC(56) Reference Processing 0.020ms
[1090.465s][debug][gc,phases      ] GC(56)   VM Weak                        Min:  0.0, Avg:  0.0, Max:  0.0, Diff:  0.0, Sum:  0.0, Workers: 4
[1090.465s][debug][gc,phases      ] GC(56)     Dead                           Min: 0, Avg:  0.0, Max: 0, Diff: 0, Sum: 0, Workers: 4
[1090.465s][debug][gc,phases      ] GC(56)     Total                          Min: 0, Avg: 171.8, Max: 687, Diff: 687, Sum: 687, Workers: 4
[1090.465s][debug][gc,phases      ] GC(56)   ObjectSynchronizer Weak        Min:  0.0, Avg:  0.0, Max:  0.0, Diff:  0.0, Sum:  0.0, Workers: 4
[1090.465s][debug][gc,phases      ] GC(56)     Dead                           Min: 0, Avg:  0.0, Max: 0, Diff: 0, Sum: 0, Workers: 4
[1090.465s][debug][gc,phases      ] GC(56)     Total                          Min: 0, Avg:  0.8, Max: 3, Diff: 3, Sum: 3, Workers: 4
[1090.465s][debug][gc,phases      ] GC(56)   JVMTI Tag Weak OopStorage      Min:  0.0, Avg:  0.0, Max:  0.0, Diff:  0.0, Sum:  0.0, Workers: 4
[1090.465s][debug][gc,phases      ] GC(56)     Dead                           Min: 0, Avg:  0.0, Max: 0, Diff: 0, Sum: 0, Workers: 4
[1090.465s][debug][gc,phases      ] GC(56)     Total                          Min: 0, Avg:  0.0, Max: 0, Diff: 0, Sum: 0, Workers: 4
[1090.465s][debug][gc,phases      ] GC(56)   StringTable Weak               Min:  0.0, Avg:  0.1, Max:  0.1, Diff:  0.1, Sum:  0.4, Workers: 4
[1090.465s][debug][gc,phases      ] GC(56)     Dead                           Min: 0, Avg:  0.0, Max: 0, Diff: 0, Sum: 0, Workers: 4
[1090.465s][debug][gc,phases      ] GC(56)     Total                          Min: 0, Avg: 10642.0, Max: 14912, Diff: 14912, Sum: 42568, Workers: 4
[1090.465s][debug][gc,phases      ] GC(56)   ResolvedMethodTable Weak       Min:  0.0, Avg:  0.0, Max:  0.0, Diff:  0.0, Sum:  0.1, Workers: 4
[1090.465s][debug][gc,phases      ] GC(56)     Dead                           Min: 0, Avg:  0.0, Max: 0, Diff: 0, Sum: 0, Workers: 4
[1090.465s][debug][gc,phases      ] GC(56)     Total                          Min: 0, Avg: 2304.0, Max: 3904, Diff: 3904, Sum: 9216, Workers: 4
[1090.465s][debug][gc,phases      ] GC(56)   JNI Weak                       Min:  0.0, Avg:  0.0, Max:  0.0, Diff:  0.0, Sum:  0.0, Workers: 4
[1090.465s][debug][gc,phases      ] GC(56)     Dead                           Min: 0, Avg:  0.0, Max: 0, Diff: 0, Sum: 0, Workers: 4
[1090.465s][debug][gc,phases      ] GC(56)     Total                          Min: 0, Avg: 11.2, Max: 45, Diff: 45, Sum: 45, Workers: 4
[1090.465s][debug][gc,phases      ] GC(56)   StringDedup Table Weak         Min:  0.0, Avg:  0.0, Max:  0.0, Diff:  0.0, Sum:  0.0, Workers: 4
[1090.465s][debug][gc,phases      ] GC(56)     Dead                           Min: 0, Avg:  0.0, Max: 0, Diff: 0, Sum: 0, Workers: 4
[1090.465s][debug][gc,phases      ] GC(56)     Total                          Min: 0, Avg:  0.0, Max: 0, Diff: 0, Sum: 0, Workers: 4
[1090.465s][debug][gc,phases      ] GC(56)   StringDedup Requests0 Weak     Min:  0.0, Avg:  0.0, Max:  0.0, Diff:  0.0, Sum:  0.0, Workers: 4
[1090.465s][debug][gc,phases      ] GC(56)     Dead                           Min: 0, Avg:  0.0, Max: 0, Diff: 0, Sum: 0, Workers: 4
[1090.465s][debug][gc,phases      ] GC(56)     Total                          Min: 0, Avg:  0.0, Max: 0, Diff: 0, Sum: 0, Workers: 4
[1090.465s][debug][gc,phases      ] GC(56)   StringDedup Requests1 Weak     Min:  0.0, Avg:  0.0, Max:  0.0, Diff:  0.0, Sum:  0.0, Workers: 4
[1090.465s][debug][gc,phases      ] GC(56)     Dead                           Min: 0, Avg:  0.0, Max: 0, Diff: 0, Sum: 0, Workers: 4
[1090.465s][debug][gc,phases      ] GC(56)     Total                          Min: 0, Avg:  0.0, Max: 0, Diff: 0, Sum: 0, Workers: 4
[1090.465s][debug][gc,phases      ] GC(56)   Weak JFR Old Object Samples    Min:  0.0, Avg:  0.0, Max:  0.0, Diff:  0.0, Sum:  0.0, Workers: 4
[1090.465s][debug][gc,phases      ] GC(56)     Dead                           Min: 0, Avg:  0.0, Max: 0, Diff: 0, Sum: 0, Workers: 4
[1090.465s][debug][gc,phases      ] GC(56)     Total                          Min: 0, Avg:  0.0, Max: 0, Diff: 0, Sum: 0, Workers: 4
[1090.465s][debug][gc,phases      ] GC(56) Weak Processing 0.351ms
[1090.465s][debug][gc,age         ] GC(56) Desired survivor size 78118912 bytes, new threshold 15 (max threshold 15)
[1090.465s][info ][gc,heap        ] GC(56) PSYoungGen: 1925792K(2014720K)->192K(2008064K) Eden: 1925632K(1925632K)->0K(1925632K) From: 160K(89088K)->192K(82432K)
[1090.465s][info ][gc,heap        ] GC(56) ParOldGen: 234727K(330240K)->234735K(330240K)
[1090.465s][info ][gc,metaspace   ] GC(56) Metaspace: 79636K(80448K)->79636K(80448K) NonClass: 67939K(68352K)->67939K(68352K) Class: 11696K(12096K)->11696K(12096K)
[1090.465s][info ][gc             ] GC(56) Pause Young (Allocation Failure) 2109M->229M(2283M) 3.049ms
[1090.465s][info ][gc,cpu         ] GC(56) User=0.00s Sys=0.00s Real=0.01s
[1090.465s][info ][safepoint      ] Safepoint "ParallelGCFailedAllocation", Time since last: 29447099510 ns, Reaching safepoint: 4200 ns, Cleanup: 26801 ns, At safepoint: 3106323 ns, Total: 3137324 ns
[1119.913s][info ][gc,start       ] GC(57) Pause Young (Allocation Failure)
[1119.915s][debug][gc,phases      ] GC(57) Scavenge 1.940ms
[1119.915s][debug][gc,ref         ] GC(57) Skipped phase 1 of Reference Processing: no references
[1119.915s][debug][gc,ref         ] GC(57) Skipped phase 2 of Reference Processing: no references
[1119.915s][debug][gc,ref         ] GC(57) Skipped phase 3 of Reference Processing: no references
[1119.915s][debug][gc,ref         ] GC(57) Skipped phase 4 of Reference Processing: no references
[1119.915s][debug][gc,phases      ] GC(57) Reference Processing 0.024ms
[1119.915s][debug][gc,phases      ] GC(57)   VM Weak                        Min:  0.0, Avg:  0.0, Max:  0.0, Diff:  0.0, Sum:  0.0, Workers: 4
[1119.915s][debug][gc,phases      ] GC(57)     Dead                           Min: 0, Avg:  0.0, Max: 0, Diff: 0, Sum: 0, Workers: 4
[1119.915s][debug][gc,phases      ] GC(57)     Total                          Min: 0, Avg: 171.8, Max: 640, Diff: 640, Sum: 687, Workers: 4
[1119.915s][debug][gc,phases      ] GC(57)   ObjectSynchronizer Weak        Min:  0.0, Avg:  0.0, Max:  0.0, Diff:  0.0, Sum:  0.0, Workers: 4
[1119.915s][debug][gc,phases      ] GC(57)     Dead                           Min: 0, Avg:  0.0, Max: 0, Diff: 0, Sum: 0, Workers: 4
[1119.915s][debug][gc,phases      ] GC(57)     Total                          Min: 0, Avg:  0.8, Max: 3, Diff: 3, Sum: 3, Workers: 4
[1119.915s][debug][gc,phases      ] GC(57)   JVMTI Tag Weak OopStorage      Min:  0.0, Avg:  0.0, Max:  0.0, Diff:  0.0, Sum:  0.0, Workers: 4
[1119.915s][debug][gc,phases      ] GC(57)     Dead                           Min: 0, Avg:  0.0, Max: 0, Diff: 0, Sum: 0, Workers: 4
[1119.915s][debug][gc,phases      ] GC(57)     Total                          Min: 0, Avg:  0.0, Max: 0, Diff: 0, Sum: 0, Workers: 4
[1119.915s][debug][gc,phases      ] GC(57)   StringTable Weak               Min:  0.0, Avg:  0.1, Max:  0.1, Diff:  0.1, Sum:  0.4, Workers: 4
[1119.915s][debug][gc,phases      ] GC(57)     Dead                           Min: 0, Avg:  0.0, Max: 0, Diff: 0, Sum: 0, Workers: 4
[1119.915s][debug][gc,phases      ] GC(57)     Total                          Min: 0, Avg: 10642.0, Max: 17472, Diff: 17472, Sum: 42568, Workers: 4
[1119.915s][debug][gc,phases      ] GC(57)   ResolvedMethodTable Weak       Min:  0.0, Avg:  0.0, Max:  0.0, Diff:  0.0, Sum:  0.1, Workers: 4
[1119.915s][debug][gc,phases      ] GC(57)     Dead                           Min: 0, Avg:  0.0, Max: 0, Diff: 0, Sum: 0, Workers: 4
[1119.915s][debug][gc,phases      ] GC(57)     Total                          Min: 0, Avg: 2304.0, Max: 4032, Diff: 4032, Sum: 9216, Workers: 4
[1119.915s][debug][gc,phases      ] GC(57)   JNI Weak                       Min:  0.0, Avg:  0.0, Max:  0.0, Diff:  0.0, Sum:  0.0, Workers: 4
[1119.915s][debug][gc,phases      ] GC(57)     Dead                           Min: 0, Avg:  0.0, Max: 0, Diff: 0, Sum: 0, Workers: 4
[1119.915s][debug][gc,phases      ] GC(57)     Total                          Min: 0, Avg: 11.2, Max: 45, Diff: 45, Sum: 45, Workers: 4
[1119.915s][debug][gc,phases      ] GC(57)   StringDedup Table Weak         Min:  0.0, Avg:  0.0, Max:  0.0, Diff:  0.0, Sum:  0.0, Workers: 4
[1119.915s][debug][gc,phases      ] GC(57)     Dead                           Min: 0, Avg:  0.0, Max: 0, Diff: 0, Sum: 0, Workers: 4
[1119.915s][debug][gc,phases      ] GC(57)     Total                          Min: 0, Avg:  0.0, Max: 0, Diff: 0, Sum: 0, Workers: 4
[1119.915s][debug][gc,phases      ] GC(57)   StringDedup Requests0 Weak     Min:  0.0, Avg:  0.0, Max:  0.0, Diff:  0.0, Sum:  0.0, Workers: 4
[1119.915s][debug][gc,phases      ] GC(57)     Dead                           Min: 0, Avg:  0.0, Max: 0, Diff: 0, Sum: 0, Workers: 4
[1119.915s][debug][gc,phases      ] GC(57)     Total                          Min: 0, Avg:  0.0, Max: 0, Diff: 0, Sum: 0, Workers: 4
[1119.915s][debug][gc,phases      ] GC(57)   StringDedup Requests1 Weak     Min:  0.0, Avg:  0.0, Max:  0.0, Diff:  0.0, Sum:  0.0, Workers: 4
[1119.915s][debug][gc,phases      ] GC(57)     Dead                           Min: 0, Avg:  0.0, Max: 0, Diff: 0, Sum: 0, Workers: 4
[1119.915s][debug][gc,phases      ] GC(57)     Total                          Min: 0, Avg:  0.0, Max: 0, Diff: 0, Sum: 0, Workers: 4
[1119.915s][debug][gc,phases      ] GC(57)   Weak JFR Old Object Samples    Min:  0.0, Avg:  0.0, Max:  0.0, Diff:  0.0, Sum:  0.0, Workers: 4
[1119.915s][debug][gc,phases      ] GC(57)     Dead                           Min: 0, Avg:  0.0, Max: 0, Diff: 0, Sum: 0, Workers: 4
[1119.915s][debug][gc,phases      ] GC(57)     Total                          Min: 0, Avg:  0.0, Max: 0, Diff: 0, Sum: 0, Workers: 4
[1119.915s][debug][gc,phases      ] GC(57) Weak Processing 0.313ms
[1119.915s][debug][gc,age         ] GC(57) Desired survivor size 72351744 bytes, new threshold 15 (max threshold 15)
[1119.915s][info ][gc,heap        ] GC(57) PSYoungGen: 1925824K(2008064K)->128K(2026496K) Eden: 1925632K(1925632K)->0K(1950208K) From: 192K(82432K)->128K(76288K)
[1119.915s][info ][gc,heap        ] GC(57) ParOldGen: 234735K(330240K)->234751K(330240K)
[1119.915s][info ][gc,metaspace   ] GC(57) Metaspace: 79637K(80448K)->79637K(80448K) NonClass: 67940K(68352K)->67940K(68352K) Class: 11696K(12096K)->11696K(12096K)
[1119.915s][info ][gc             ] GC(57) Pause Young (Allocation Failure) 2109M->229M(2301M) 2.392ms
[1119.915s][info ][gc,cpu         ] GC(57) User=0.01s Sys=0.00s Real=0.00s
[1119.915s][info ][safepoint      ] Safepoint "ParallelGCFailedAllocation", Time since last: 29448069822 ns, Reaching safepoint: 4800 ns, Cleanup: 42001 ns, At safepoint: 2449418 ns, Total: 2496219 ns
[1149.762s][info ][gc,start       ] GC(58) Pause Young (Allocation Failure)
[1149.764s][debug][gc,phases      ] GC(58) Scavenge 1.899ms
[1149.764s][debug][gc,ref         ] GC(58) Skipped phase 1 of Reference Processing: no references
[1149.764s][debug][gc,ref         ] GC(58) Skipped phase 2 of Reference Processing: no references
[1149.764s][debug][gc,ref         ] GC(58) Skipped phase 3 of Reference Processing: no references
[1149.764s][debug][gc,ref         ] GC(58) Skipped phase 4 of Reference Processing: no references
[1149.764s][debug][gc,phases      ] GC(58) Reference Processing 0.020ms
[1149.764s][debug][gc,phases      ] GC(58)   VM Weak                        Min:  0.0, Avg:  0.0, Max:  0.0, Diff:  0.0, Sum:  0.0, Workers: 4
[1149.764s][debug][gc,phases      ] GC(58)     Dead                           Min: 0, Avg:  0.0, Max: 0, Diff: 0, Sum: 0, Workers: 4
[1149.764s][debug][gc,phases      ] GC(58)     Total                          Min: 0, Avg: 171.8, Max: 384, Diff: 384, Sum: 687, Workers: 4
[1149.764s][debug][gc,phases      ] GC(58)   ObjectSynchronizer Weak        Min:  0.0, Avg:  0.0, Max:  0.0, Diff:  0.0, Sum:  0.0, Workers: 4
[1149.764s][debug][gc,phases      ] GC(58)     Dead                           Min: 0, Avg:  0.0, Max: 0, Diff: 0, Sum: 0, Workers: 4
[1149.764s][debug][gc,phases      ] GC(58)     Total                          Min: 0, Avg:  0.8, Max: 3, Diff: 3, Sum: 3, Workers: 4
[1149.764s][debug][gc,phases      ] GC(58)   JVMTI Tag Weak OopStorage      Min:  0.0, Avg:  0.0, Max:  0.0, Diff:  0.0, Sum:  0.0, Workers: 4
[1149.764s][debug][gc,phases      ] GC(58)     Dead                           Min: 0, Avg:  0.0, Max: 0, Diff: 0, Sum: 0, Workers: 4
[1149.764s][debug][gc,phases      ] GC(58)     Total                          Min: 0, Avg:  0.0, Max: 0, Diff: 0, Sum: 0, Workers: 4
[1149.764s][debug][gc,phases      ] GC(58)   StringTable Weak               Min:  0.0, Avg:  0.1, Max:  0.2, Diff:  0.2, Sum:  0.3, Workers: 4
[1149.764s][debug][gc,phases      ] GC(58)     Dead                           Min: 0, Avg:  0.0, Max: 0, Diff: 0, Sum: 0, Workers: 4
[1149.764s][debug][gc,phases      ] GC(58)     Total                          Min: 0, Avg: 10642.0, Max: 26312, Diff: 26312, Sum: 42568, Workers: 4
[1149.764s][debug][gc,phases      ] GC(58)   ResolvedMethodTable Weak       Min:  0.0, Avg:  0.0, Max:  0.0, Diff:  0.0, Sum:  0.1, Workers: 4
[1149.764s][debug][gc,phases      ] GC(58)     Dead                           Min: 0, Avg:  0.0, Max: 0, Diff: 0, Sum: 0, Workers: 4
[1149.764s][debug][gc,phases      ] GC(58)     Total                          Min: 0, Avg: 2304.0, Max: 5568, Diff: 5568, Sum: 9216, Workers: 4
[1149.764s][debug][gc,phases      ] GC(58)   JNI Weak                       Min:  0.0, Avg:  0.0, Max:  0.0, Diff:  0.0, Sum:  0.0, Workers: 4
[1149.764s][debug][gc,phases      ] GC(58)     Dead                           Min: 0, Avg:  0.0, Max: 0, Diff: 0, Sum: 0, Workers: 4
[1149.764s][debug][gc,phases      ] GC(58)     Total                          Min: 0, Avg: 11.2, Max: 45, Diff: 45, Sum: 45, Workers: 4
[1149.764s][debug][gc,phases      ] GC(58)   StringDedup Table Weak         Min:  0.0, Avg:  0.0, Max:  0.0, Diff:  0.0, Sum:  0.0, Workers: 4
[1149.764s][debug][gc,phases      ] GC(58)     Dead                           Min: 0, Avg:  0.0, Max: 0, Diff: 0, Sum: 0, Workers: 4
[1149.764s][debug][gc,phases      ] GC(58)     Total                          Min: 0, Avg:  0.0, Max: 0, Diff: 0, Sum: 0, Workers: 4
[1149.764s][debug][gc,phases      ] GC(58)   StringDedup Requests0 Weak     Min:  0.0, Avg:  0.0, Max:  0.0, Diff:  0.0, Sum:  0.0, Workers: 4
[1149.764s][debug][gc,phases      ] GC(58)     Dead                           Min: 0, Avg:  0.0, Max: 0, Diff: 0, Sum: 0, Workers: 4
[1149.764s][debug][gc,phases      ] GC(58)     Total                          Min: 0, Avg:  0.0, Max: 0, Diff: 0, Sum: 0, Workers: 4
[1149.764s][debug][gc,phases      ] GC(58)   StringDedup Requests1 Weak     Min:  0.0, Avg:  0.0, Max:  0.0, Diff:  0.0, Sum:  0.0, Workers: 4
[1149.764s][debug][gc,phases      ] GC(58)     Dead                           Min: 0, Avg:  0.0, Max: 0, Diff: 0, Sum: 0, Workers: 4
[1149.764s][debug][gc,phases      ] GC(58)     Total                          Min: 0, Avg:  0.0, Max: 0, Diff: 0, Sum: 0, Workers: 4
[1149.764s][debug][gc,phases      ] GC(58)   Weak JFR Old Object Samples    Min:  0.0, Avg:  0.0, Max:  0.0, Diff:  0.0, Sum:  0.0, Workers: 4
[1149.764s][debug][gc,phases      ] GC(58)     Dead                           Min: 0, Avg:  0.0, Max: 0, Diff: 0, Sum: 0, Workers: 4
[1149.764s][debug][gc,phases      ] GC(58)     Total                          Min: 0, Avg:  0.0, Max: 0, Diff: 0, Sum: 0, Workers: 4
[1149.764s][debug][gc,phases      ] GC(58) Weak Processing 0.407ms
[1149.764s][debug][gc,age         ] GC(58) Desired survivor size 66584576 bytes, new threshold 15 (max threshold 15)
[1149.764s][info ][gc,heap        ] GC(58) PSYoungGen: 1950336K(2026496K)->128K(2020864K) Eden: 1950208K(1950208K)->0K(1950208K) From: 128K(76288K)->128K(70656K)
[1149.764s][info ][gc,heap        ] GC(58) ParOldGen: 234751K(330240K)->234759K(330240K)
[1149.764s][info ][gc,metaspace   ] GC(58) Metaspace: 79637K(80448K)->79637K(80448K) NonClass: 67940K(68352K)->67940K(68352K) Class: 11696K(12096K)->11696K(12096K)
[1149.764s][info ][gc             ] GC(58) Pause Young (Allocation Failure) 2133M->229M(2296M) 2.438ms
[1149.764s][info ][gc,cpu         ] GC(58) User=0.00s Sys=0.00s Real=0.01s
[1149.764s][info ][safepoint      ] Safepoint "ParallelGCFailedAllocation", Time since last: 29846351590 ns, Reaching safepoint: 5000 ns, Cleanup: 34201 ns, At safepoint: 2498619 ns, Total: 2537820 ns
[1168.765s][info ][safepoint      ] Safepoint "Cleanup", Time since last: 19001087835 ns, Reaching safepoint: 3700 ns, Cleanup: 28000 ns, At safepoint: 2400 ns, Total: 34100 ns
[1169.765s][info ][safepoint      ] Safepoint "Cleanup", Time since last: 1000106998 ns, Reaching safepoint: 3900 ns, Cleanup: 36600 ns, At safepoint: 6500 ns, Total: 47000 ns
[1174.766s][info ][safepoint      ] Safepoint "Cleanup", Time since last: 5000363490 ns, Reaching safepoint: 3700 ns, Cleanup: 32800 ns, At safepoint: 3000 ns, Total: 39500 ns
[1175.766s][info ][safepoint      ] Safepoint "Cleanup", Time since last: 1000100299 ns, Reaching safepoint: 3800 ns, Cleanup: 37400 ns, At safepoint: 2800 ns, Total: 44000 ns
[1179.611s][info ][gc,start       ] GC(59) Pause Young (Allocation Failure)
[1179.612s][debug][gc,phases      ] GC(59) Scavenge 1.086ms
[1179.613s][debug][gc,ref         ] GC(59) Skipped phase 1 of Reference Processing: no references
[1179.613s][debug][gc,ref         ] GC(59) Skipped phase 2 of Reference Processing: no references
[1179.613s][debug][gc,ref         ] GC(59) Skipped phase 3 of Reference Processing: no references
[1179.613s][debug][gc,ref         ] GC(59) Skipped phase 4 of Reference Processing: no references
[1179.613s][debug][gc,phases      ] GC(59) Reference Processing 0.019ms
[1179.613s][debug][gc,phases      ] GC(59)   VM Weak                        Min:  0.0, Avg:  0.0, Max:  0.0, Diff:  0.0, Sum:  0.0, Workers: 4
[1179.613s][debug][gc,phases      ] GC(59)     Dead                           Min: 0, Avg:  0.0, Max: 0, Diff: 0, Sum: 0, Workers: 4
[1179.613s][debug][gc,phases      ] GC(59)     Total                          Min: 0, Avg: 171.8, Max: 495, Diff: 495, Sum: 687, Workers: 4
[1179.613s][debug][gc,phases      ] GC(59)   ObjectSynchronizer Weak        Min:  0.0, Avg:  0.0, Max:  0.0, Diff:  0.0, Sum:  0.0, Workers: 4
[1179.613s][debug][gc,phases      ] GC(59)     Dead                           Min: 0, Avg:  0.0, Max: 0, Diff: 0, Sum: 0, Workers: 4
[1179.613s][debug][gc,phases      ] GC(59)     Total                          Min: 0, Avg:  0.8, Max: 3, Diff: 3, Sum: 3, Workers: 4
[1179.613s][debug][gc,phases      ] GC(59)   JVMTI Tag Weak OopStorage      Min:  0.0, Avg:  0.0, Max:  0.0, Diff:  0.0, Sum:  0.0, Workers: 4
[1179.613s][debug][gc,phases      ] GC(59)     Dead                           Min: 0, Avg:  0.0, Max: 0, Diff: 0, Sum: 0, Workers: 4
[1179.613s][debug][gc,phases      ] GC(59)     Total                          Min: 0, Avg:  0.0, Max: 0, Diff: 0, Sum: 0, Workers: 4
[1179.613s][debug][gc,phases      ] GC(59)   StringTable Weak               Min:  0.1, Avg:  0.1, Max:  0.1, Diff:  0.0, Sum:  0.4, Workers: 4
[1179.613s][debug][gc,phases      ] GC(59)     Dead                           Min: 0, Avg:  0.0, Max: 0, Diff: 0, Sum: 0, Workers: 4
[1179.613s][debug][gc,phases      ] GC(59)     Total                          Min: 10112, Avg: 10642.0, Max: 11016, Diff: 904, Sum: 42568, Workers: 4
[1179.613s][debug][gc,phases      ] GC(59)   ResolvedMethodTable Weak       Min:  0.0, Avg:  0.0, Max:  0.0, Diff:  0.0, Sum:  0.1, Workers: 4
[1179.613s][debug][gc,phases      ] GC(59)     Dead                           Min: 0, Avg:  0.0, Max: 0, Diff: 0, Sum: 0, Workers: 4
[1179.613s][debug][gc,phases      ] GC(59)     Total                          Min: 2240, Avg: 2304.0, Max: 2368, Diff: 128, Sum: 9216, Workers: 4
[1179.613s][debug][gc,phases      ] GC(59)   JNI Weak                       Min:  0.0, Avg:  0.0, Max:  0.0, Diff:  0.0, Sum:  0.0, Workers: 4
[1179.613s][debug][gc,phases      ] GC(59)     Dead                           Min: 0, Avg:  0.0, Max: 0, Diff: 0, Sum: 0, Workers: 4
[1179.613s][debug][gc,phases      ] GC(59)     Total                          Min: 0, Avg: 11.2, Max: 45, Diff: 45, Sum: 45, Workers: 4
[1179.613s][debug][gc,phases      ] GC(59)   StringDedup Table Weak         Min:  0.0, Avg:  0.0, Max:  0.0, Diff:  0.0, Sum:  0.0, Workers: 4
[1179.613s][debug][gc,phases      ] GC(59)     Dead                           Min: 0, Avg:  0.0, Max: 0, Diff: 0, Sum: 0, Workers: 4
[1179.613s][debug][gc,phases      ] GC(59)     Total                          Min: 0, Avg:  0.0, Max: 0, Diff: 0, Sum: 0, Workers: 4
[1179.613s][debug][gc,phases      ] GC(59)   StringDedup Requests0 Weak     Min:  0.0, Avg:  0.0, Max:  0.0, Diff:  0.0, Sum:  0.0, Workers: 4
[1179.613s][debug][gc,phases      ] GC(59)     Dead                           Min: 0, Avg:  0.0, Max: 0, Diff: 0, Sum: 0, Workers: 4
[1179.613s][debug][gc,phases      ] GC(59)     Total                          Min: 0, Avg:  0.0, Max: 0, Diff: 0, Sum: 0, Workers: 4
[1179.613s][debug][gc,phases      ] GC(59)   StringDedup Requests1 Weak     Min:  0.0, Avg:  0.0, Max:  0.0, Diff:  0.0, Sum:  0.0, Workers: 4
[1179.613s][debug][gc,phases      ] GC(59)     Dead                           Min: 0, Avg:  0.0, Max: 0, Diff: 0, Sum: 0, Workers: 4
[1179.613s][debug][gc,phases      ] GC(59)     Total                          Min: 0, Avg:  0.0, Max: 0, Diff: 0, Sum: 0, Workers: 4
[1179.613s][debug][gc,phases      ] GC(59)   Weak JFR Old Object Samples    Min:  0.0, Avg:  0.0, Max:  0.0, Diff:  0.0, Sum:  0.0, Workers: 4
[1179.613s][debug][gc,phases      ] GC(59)     Dead                           Min: 0, Avg:  0.0, Max: 0, Diff: 0, Sum: 0, Workers: 4
[1179.613s][debug][gc,phases      ] GC(59)     Total                          Min: 0, Avg:  0.0, Max: 0, Diff: 0, Sum: 0, Workers: 4
[1179.613s][debug][gc,phases      ] GC(59) Weak Processing 0.290ms
[1179.613s][debug][gc,age         ] GC(59) Desired survivor size 61341696 bytes, new threshold 15 (max threshold 15)
[1179.613s][info ][gc,heap        ] GC(59) PSYoungGen: 1950336K(2020864K)->160K(2037248K) Eden: 1950208K(1950208K)->0K(1972224K) From: 128K(70656K)->160K(65024K)
[1179.613s][info ][gc,heap        ] GC(59) ParOldGen: 234759K(330240K)->234767K(330240K)
[1179.613s][info ][gc,metaspace   ] GC(59) Metaspace: 79637K(80448K)->79637K(80448K) NonClass: 67940K(68352K)->67940K(68352K) Class: 11696K(12096K)->11696K(12096K)
[1179.613s][info ][gc             ] GC(59) Pause Young (Allocation Failure) 2133M->229M(2312M) 1.493ms
[1179.613s][info ][gc,cpu         ] GC(59) User=0.00s Sys=0.01s Real=0.01s
[1179.613s][info ][safepoint      ] Safepoint "ParallelGCFailedAllocation", Time since last: 3845272317 ns, Reaching safepoint: 4200 ns, Cleanup: 26300 ns, At safepoint: 1550512 ns, Total: 1581012 ns
[1209.762s][info ][gc,start       ] GC(60) Pause Young (Allocation Failure)
[1209.764s][debug][gc,phases      ] GC(60) Scavenge 2.092ms
[1209.764s][debug][gc,ref         ] GC(60) Skipped phase 1 of Reference Processing: no references
[1209.764s][debug][gc,ref         ] GC(60) Skipped phase 2 of Reference Processing: no references
[1209.764s][debug][gc,ref         ] GC(60) Skipped phase 3 of Reference Processing: no references
[1209.764s][debug][gc,ref         ] GC(60) Skipped phase 4 of Reference Processing: no references
[1209.764s][debug][gc,phases      ] GC(60) Reference Processing 0.032ms
[1209.765s][debug][gc,phases      ] GC(60)   VM Weak                        Min:  0.0, Avg:  0.0, Max:  0.0, Diff:  0.0, Sum:  0.0, Workers: 4
[1209.765s][debug][gc,phases      ] GC(60)     Dead                           Min: 0, Avg:  0.0, Max: 0, Diff: 0, Sum: 0, Workers: 4
[1209.765s][debug][gc,phases      ] GC(60)     Total                          Min: 0, Avg: 171.8, Max: 448, Diff: 448, Sum: 687, Workers: 4
[1209.765s][debug][gc,phases      ] GC(60)   ObjectSynchronizer Weak        Min:  0.0, Avg:  0.0, Max:  0.0, Diff:  0.0, Sum:  0.0, Workers: 4
[1209.765s][debug][gc,phases      ] GC(60)     Dead                           Min: 0, Avg:  0.0, Max: 0, Diff: 0, Sum: 0, Workers: 4
[1209.765s][debug][gc,phases      ] GC(60)     Total                          Min: 0, Avg:  0.8, Max: 3, Diff: 3, Sum: 3, Workers: 4
[1209.765s][debug][gc,phases      ] GC(60)   JVMTI Tag Weak OopStorage      Min:  0.0, Avg:  0.0, Max:  0.0, Diff:  0.0, Sum:  0.0, Workers: 4
[1209.765s][debug][gc,phases      ] GC(60)     Dead                           Min: 0, Avg:  0.0, Max: 0, Diff: 0, Sum: 0, Workers: 4
[1209.765s][debug][gc,phases      ] GC(60)     Total                          Min: 0, Avg:  0.0, Max: 0, Diff: 0, Sum: 0, Workers: 4
[1209.765s][debug][gc,phases      ] GC(60)   StringTable Weak               Min:  0.0, Avg:  0.1, Max:  0.1, Diff:  0.1, Sum:  0.4, Workers: 4
[1209.765s][debug][gc,phases      ] GC(60)     Dead                           Min: 0, Avg:  0.0, Max: 0, Diff: 0, Sum: 0, Workers: 4
[1209.765s][debug][gc,phases      ] GC(60)     Total                          Min: 0, Avg: 10642.0, Max: 14528, Diff: 14528, Sum: 42568, Workers: 4
[1209.765s][debug][gc,phases      ] GC(60)   ResolvedMethodTable Weak       Min:  0.0, Avg:  0.0, Max:  0.0, Diff:  0.0, Sum:  0.1, Workers: 4
[1209.765s][debug][gc,phases      ] GC(60)     Dead                           Min: 0, Avg:  0.0, Max: 0, Diff: 0, Sum: 0, Workers: 4
[1209.765s][debug][gc,phases      ] GC(60)     Total                          Min: 0, Avg: 2304.0, Max: 3392, Diff: 3392, Sum: 9216, Workers: 4
[1209.765s][debug][gc,phases      ] GC(60)   JNI Weak                       Min:  0.0, Avg:  0.0, Max:  0.0, Diff:  0.0, Sum:  0.0, Workers: 4
[1209.765s][debug][gc,phases      ] GC(60)     Dead                           Min: 0, Avg:  0.0, Max: 0, Diff: 0, Sum: 0, Workers: 4
[1209.765s][debug][gc,phases      ] GC(60)     Total                          Min: 0, Avg: 11.2, Max: 45, Diff: 45, Sum: 45, Workers: 4
[1209.765s][debug][gc,phases      ] GC(60)   StringDedup Table Weak         Min:  0.0, Avg:  0.0, Max:  0.0, Diff:  0.0, Sum:  0.0, Workers: 4
[1209.765s][debug][gc,phases      ] GC(60)     Dead                           Min: 0, Avg:  0.0, Max: 0, Diff: 0, Sum: 0, Workers: 4
[1209.765s][debug][gc,phases      ] GC(60)     Total                          Min: 0, Avg:  0.0, Max: 0, Diff: 0, Sum: 0, Workers: 4
[1209.765s][debug][gc,phases      ] GC(60)   StringDedup Requests0 Weak     Min:  0.0, Avg:  0.0, Max:  0.0, Diff:  0.0, Sum:  0.0, Workers: 4
[1209.765s][debug][gc,phases      ] GC(60)     Dead                           Min: 0, Avg:  0.0, Max: 0, Diff: 0, Sum: 0, Workers: 4
[1209.765s][debug][gc,phases      ] GC(60)     Total                          Min: 0, Avg:  0.0, Max: 0, Diff: 0, Sum: 0, Workers: 4
[1209.765s][debug][gc,phases      ] GC(60)   StringDedup Requests1 Weak     Min:  0.0, Avg:  0.0, Max:  0.0, Diff:  0.0, Sum:  0.0, Workers: 4
[1209.765s][debug][gc,phases      ] GC(60)     Dead                           Min: 0, Avg:  0.0, Max: 0, Diff: 0, Sum: 0, Workers: 4
[1209.765s][debug][gc,phases      ] GC(60)     Total                          Min: 0, Avg:  0.0, Max: 0, Diff: 0, Sum: 0, Workers: 4
[1209.765s][debug][gc,phases      ] GC(60)   Weak JFR Old Object Samples    Min:  0.0, Avg:  0.0, Max:  0.0, Diff:  0.0, Sum:  0.0, Workers: 4
[1209.765s][debug][gc,phases      ] GC(60)     Dead                           Min: 0, Avg:  0.0, Max: 0, Diff: 0, Sum: 0, Workers: 4
[1209.765s][debug][gc,phases      ] GC(60)     Total                          Min: 0, Avg:  0.0, Max: 0, Diff: 0, Sum: 0, Workers: 4
[1209.765s][debug][gc,phases      ] GC(60) Weak Processing 0.437ms
[1209.765s][debug][gc,age         ] GC(60) Desired survivor size 56623104 bytes, new threshold 15 (max threshold 15)
[1209.765s][info ][gc,heap        ] GC(60) PSYoungGen: 1972384K(2037248K)->160K(2032128K) Eden: 1972224K(1972224K)->0K(1972224K) From: 160K(65024K)->160K(59904K)
[1209.765s][info ][gc,heap        ] GC(60) ParOldGen: 234767K(330240K)->234775K(330240K)
[1209.765s][info ][gc,metaspace   ] GC(60) Metaspace: 79638K(80448K)->79638K(80448K) NonClass: 67941K(68352K)->67941K(68352K) Class: 11696K(12096K)->11696K(12096K)
[1209.765s][info ][gc             ] GC(60) Pause Young (Allocation Failure) 2155M->229M(2307M) 2.679ms
[1209.765s][info ][gc,cpu         ] GC(60) User=0.00s Sys=0.00s Real=0.01s
[1209.765s][info ][safepoint      ] Safepoint "ParallelGCFailedAllocation", Time since last: 30149254257 ns, Reaching safepoint: 5200 ns, Cleanup: 30900 ns, At safepoint: 2748621 ns, Total: 2784721 ns
[1211.765s][info ][safepoint      ] Safepoint "Cleanup", Time since last: 2000111996 ns, Reaching safepoint: 66800 ns, Cleanup: 36501 ns, At safepoint: 5900 ns, Total: 109201 ns
[1212.765s][info ][safepoint      ] Safepoint "Cleanup", Time since last: 1000089298 ns, Reaching safepoint: 4500 ns, Cleanup: 44300 ns, At safepoint: 1900 ns, Total: 50700 ns
[1222.766s][info ][safepoint      ] Safepoint "Cleanup", Time since last: 10000668845 ns, Reaching safepoint: 4100 ns, Cleanup: 37601 ns, At safepoint: 2000 ns, Total: 43701 ns
[1232.767s][info ][safepoint      ] Safepoint "Cleanup", Time since last: 10000881834 ns, Reaching safepoint: 74701 ns, Cleanup: 41100 ns, At safepoint: 5300 ns, Total: 121101 ns
[1239.762s][info ][gc,start       ] GC(61) Pause Young (Allocation Failure)
[1239.763s][debug][gc,phases      ] GC(61) Scavenge 1.073ms
[1239.763s][debug][gc,ref         ] GC(61) Skipped phase 1 of Reference Processing: no references
[1239.763s][debug][gc,ref         ] GC(61) Skipped phase 2 of Reference Processing: no references
[1239.763s][debug][gc,ref         ] GC(61) Skipped phase 3 of Reference Processing: no references
[1239.763s][debug][gc,ref         ] GC(61) Skipped phase 4 of Reference Processing: no references
[1239.763s][debug][gc,phases      ] GC(61) Reference Processing 0.019ms
[1239.764s][debug][gc,phases      ] GC(61)   VM Weak                        Min:  0.0, Avg:  0.0, Max:  0.0, Diff:  0.0, Sum:  0.0, Workers: 4
[1239.764s][debug][gc,phases      ] GC(61)     Dead                           Min: 0, Avg:  0.0, Max: 0, Diff: 0, Sum: 0, Workers: 4
[1239.764s][debug][gc,phases      ] GC(61)     Total                          Min: 0, Avg: 171.8, Max: 384, Diff: 384, Sum: 687, Workers: 4
[1239.764s][debug][gc,phases      ] GC(61)   ObjectSynchronizer Weak        Min:  0.0, Avg:  0.0, Max:  0.0, Diff:  0.0, Sum:  0.0, Workers: 4
[1239.764s][debug][gc,phases      ] GC(61)     Dead                           Min: 0, Avg:  0.0, Max: 0, Diff: 0, Sum: 0, Workers: 4
[1239.764s][debug][gc,phases      ] GC(61)     Total                          Min: 0, Avg:  0.8, Max: 3, Diff: 3, Sum: 3, Workers: 4
[1239.764s][debug][gc,phases      ] GC(61)   JVMTI Tag Weak OopStorage      Min:  0.0, Avg:  0.0, Max:  0.0, Diff:  0.0, Sum:  0.0, Workers: 4
[1239.764s][debug][gc,phases      ] GC(61)     Dead                           Min: 0, Avg:  0.0, Max: 0, Diff: 0, Sum: 0, Workers: 4
[1239.764s][debug][gc,phases      ] GC(61)     Total                          Min: 0, Avg:  0.0, Max: 0, Diff: 0, Sum: 0, Workers: 4
[1239.764s][debug][gc,phases      ] GC(61)   StringTable Weak               Min:  0.0, Avg:  0.1, Max:  0.1, Diff:  0.1, Sum:  0.4, Workers: 4
[1239.764s][debug][gc,phases      ] GC(61)     Dead                           Min: 0, Avg:  0.0, Max: 0, Diff: 0, Sum: 0, Workers: 4
[1239.764s][debug][gc,phases      ] GC(61)     Total                          Min: 0, Avg: 10645.8, Max: 18112, Diff: 18112, Sum: 42583, Workers: 4
[1239.764s][debug][gc,phases      ] GC(61)   ResolvedMethodTable Weak       Min:  0.0, Avg:  0.0, Max:  0.0, Diff:  0.0, Sum:  0.1, Workers: 4
[1239.764s][debug][gc,phases      ] GC(61)     Dead                           Min: 0, Avg:  0.0, Max: 0, Diff: 0, Sum: 0, Workers: 4
[1239.764s][debug][gc,phases      ] GC(61)     Total                          Min: 0, Avg: 2304.0, Max: 4032, Diff: 4032, Sum: 9216, Workers: 4
[1239.764s][debug][gc,phases      ] GC(61)   JNI Weak                       Min:  0.0, Avg:  0.0, Max:  0.0, Diff:  0.0, Sum:  0.0, Workers: 4
[1239.764s][debug][gc,phases      ] GC(61)     Dead                           Min: 0, Avg:  0.0, Max: 0, Diff: 0, Sum: 0, Workers: 4
[1239.764s][debug][gc,phases      ] GC(61)     Total                          Min: 0, Avg: 11.2, Max: 45, Diff: 45, Sum: 45, Workers: 4
[1239.764s][debug][gc,phases      ] GC(61)   StringDedup Table Weak         Min:  0.0, Avg:  0.0, Max:  0.0, Diff:  0.0, Sum:  0.0, Workers: 4
[1239.764s][debug][gc,phases      ] GC(61)     Dead                           Min: 0, Avg:  0.0, Max: 0, Diff: 0, Sum: 0, Workers: 4
[1239.764s][debug][gc,phases      ] GC(61)     Total                          Min: 0, Avg:  0.0, Max: 0, Diff: 0, Sum: 0, Workers: 4
[1239.764s][debug][gc,phases      ] GC(61)   StringDedup Requests0 Weak     Min:  0.0, Avg:  0.0, Max:  0.0, Diff:  0.0, Sum:  0.0, Workers: 4
[1239.764s][debug][gc,phases      ] GC(61)     Dead                           Min: 0, Avg:  0.0, Max: 0, Diff: 0, Sum: 0, Workers: 4
[1239.764s][debug][gc,phases      ] GC(61)     Total                          Min: 0, Avg:  0.0, Max: 0, Diff: 0, Sum: 0, Workers: 4
[1239.764s][debug][gc,phases      ] GC(61)   StringDedup Requests1 Weak     Min:  0.0, Avg:  0.0, Max:  0.0, Diff:  0.0, Sum:  0.0, Workers: 4
[1239.764s][debug][gc,phases      ] GC(61)     Dead                           Min: 0, Avg:  0.0, Max: 0, Diff: 0, Sum: 0, Workers: 4
[1239.764s][debug][gc,phases      ] GC(61)     Total                          Min: 0, Avg:  0.0, Max: 0, Diff: 0, Sum: 0, Workers: 4
[1239.764s][debug][gc,phases      ] GC(61)   Weak JFR Old Object Samples    Min:  0.0, Avg:  0.0, Max:  0.0, Diff:  0.0, Sum:  0.0, Workers: 4
[1239.764s][debug][gc,phases      ] GC(61)     Dead                           Min: 0, Avg:  0.0, Max: 0, Diff: 0, Sum: 0, Workers: 4
[1239.764s][debug][gc,phases      ] GC(61)     Total                          Min: 0, Avg:  0.0, Max: 0, Diff: 0, Sum: 0, Workers: 4
[1239.764s][debug][gc,phases      ] GC(61) Weak Processing 0.318ms
[1239.764s][debug][gc,age         ] GC(61) Desired survivor size 52428800 bytes, new threshold 15 (max threshold 15)
[1239.764s][info ][gc,heap        ] GC(61) PSYoungGen: 1972384K(2032128K)->128K(2045952K) Eden: 1972224K(1972224K)->0K(1990656K) From: 160K(59904K)->128K(55296K)
[1239.764s][info ][gc,heap        ] GC(61) ParOldGen: 234775K(330240K)->234783K(330240K)
[1239.764s][info ][gc,metaspace   ] GC(61) Metaspace: 79643K(80448K)->79643K(80448K) NonClass: 67947K(68352K)->67947K(68352K) Class: 11696K(12096K)->11696K(12096K)
[1239.764s][info ][gc             ] GC(61) Pause Young (Allocation Failure) 2155M->229M(2320M) 1.500ms
[1239.764s][info ][gc,cpu         ] GC(61) User=0.01s Sys=0.00s Real=0.01s
[1239.764s][info ][safepoint      ] Safepoint "ParallelGCFailedAllocation", Time since last: 6995197632 ns, Reaching safepoint: 3900 ns, Cleanup: 30600 ns, At safepoint: 1574612 ns, Total: 1609112 ns
[1253.316s][info ][safepoint      ] Safepoint "Cleanup", Time since last: 13552373400 ns, Reaching safepoint: 73600 ns, Cleanup: 58201 ns, At safepoint: 55700 ns, Total: 187501 ns
[1254.442s][info ][safepoint      ] Safepoint "Cleanup", Time since last: 1125154273 ns, Reaching safepoint: 4500 ns, Cleanup: 100601 ns, At safepoint: 5100 ns, Total: 110201 ns
[1255.442s][info ][safepoint      ] Safepoint "Cleanup", Time since last: 1000101229 ns, Reaching safepoint: 6900 ns, Cleanup: 42300 ns, At safepoint: 5500 ns, Total: 54700 ns
[1256.442s][info ][safepoint      ] Safepoint "Cleanup", Time since last: 1000099230 ns, Reaching safepoint: 4600 ns, Cleanup: 46100 ns, At safepoint: 3400 ns, Total: 54100 ns
[1284.351s][info ][safepoint      ] Safepoint "Cleanup", Time since last: 27909014442 ns, Reaching safepoint: 5200 ns, Cleanup: 34100 ns, At safepoint: 3500 ns, Total: 42800 ns
[1289.351s][info ][safepoint      ] Safepoint "Cleanup", Time since last: 5000303090 ns, Reaching safepoint: 4400 ns, Cleanup: 29600 ns, At safepoint: 2800 ns, Total: 36800 ns
[1324.365s][info ][safepoint      ] Safepoint "Cleanup", Time since last: 35013297774 ns, Reaching safepoint: 6000 ns, Cleanup: 36800 ns, At safepoint: 3800 ns, Total: 46600 ns
[1352.367s][info ][safepoint      ] Safepoint "Cleanup", Time since last: 28001809278 ns, Reaching safepoint: 3700 ns, Cleanup: 29300 ns, At safepoint: 2400 ns, Total: 35400 ns
[1359.367s][info ][safepoint      ] Safepoint "Cleanup", Time since last: 7000459583 ns, Reaching safepoint: 4300 ns, Cleanup: 35000 ns, At safepoint: 4200 ns, Total: 43500 ns
[1364.367s][info ][safepoint      ] Safepoint "Cleanup", Time since last: 5000355459 ns, Reaching safepoint: 12100 ns, Cleanup: 34901 ns, At safepoint: 2400 ns, Total: 49401 ns
[1372.368s][info ][safepoint      ] Safepoint "Cleanup", Time since last: 8000568896 ns, Reaching safepoint: 5000 ns, Cleanup: 42701 ns, At safepoint: 5400 ns, Total: 53101 ns
[1374.368s][info ][safepoint      ] Safepoint "Cleanup", Time since last: 2000173906 ns, Reaching safepoint: 76601 ns, Cleanup: 36800 ns, At safepoint: 7700 ns, Total: 121101 ns
[1374.496s][info ][gc,heap,exit   ] Heap
[1374.496s][info ][gc,heap,exit   ]  PSYoungGen      total 2045952K, used 1766182K [0x0000000780000000, 0x0000000800000000, 0x0000000800000000)
[1374.496s][info ][gc,heap,exit   ]   eden space 1990656K, 88% used [0x0000000780000000,0x00000007ebca9908,0x00000007f9800000)
[1374.496s][info ][gc,heap,exit   ]   from space 55296K, 0% used [0x00000007fca00000,0x00000007fca20000,0x0000000800000000)
[1374.496s][info ][gc,heap,exit   ]   to   space 51200K, 0% used [0x00000007f9800000,0x00000007f9800000,0x00000007fca00000)
[1374.496s][info ][gc,heap,exit   ]  ParOldGen       total 330240K, used 234783K [0x0000000740000000, 0x0000000754280000, 0x0000000780000000)
[1374.496s][info ][gc,heap,exit   ]   object space 330240K, 71% used [0x0000000740000000,0x000000074e547ce0,0x0000000754280000)
[1374.496s][info ][gc,heap,exit   ]  Metaspace       used 79953K, committed 80832K, reserved 1179648K
[1374.496s][info ][gc,heap,exit   ]   class space    used 11744K, committed 12160K, reserved 1048576K
