[0.003s][info][gc] Using Parallel
[0.003s][info][gc,init] Version: 17.0.6+10-LTS (release)
[0.003s][info][gc,init] CPUs: 4 total, 4 available
[0.003s][info][gc,init] Memory: 16009M
[0.003s][info][gc,init] Large Page Support: Disabled
[0.003s][info][gc,init] NUMA Support: Disabled
[0.003s][info][gc,init] Compressed Oops: Enabled (Zero based)
[0.004s][info][gc,init] Alignments: Space 512K, Generation 512K, Heap 2M
[0.004s][info][gc,init] Heap Min Capacity: 2054M
[0.004s][info][gc,init] Heap Initial Capacity: 2054M
[0.004s][info][gc,init] Heap Max Capacity: 3G
[0.004s][info][gc,init] Pre-touch: Disabled
[0.004s][info][gc,init] Parallel Workers: 4
[0.004s][info][gc,metaspace] CDS archive(s) mapped at: [0x0000000800000000-0x0000000800be1000-0x0000000800be1000), size 12455936, SharedBaseAddress: 0x0000000800000000, ArchiveRelocationMode: 0.
[0.004s][info][gc,metaspace] Compressed class space mapped at: 0x0000000800c00000-0x0000000840c00000, reserved size: 1073741824
[0.004s][info][gc,metaspace] Narrow klass base: 0x0000000800000000, Narrow klass shift: 0, Narrow klass range: 0x100000000
[0.774s][info][safepoint   ] Safepoint "ICBufferFull", Time since last: 763514372 ns, Reaching safepoint: 221900 ns, At safepoint: 5700 ns, Total: 227600 ns
[1.253s][info][safepoint   ] Safepoint "ICBufferFull", Time since last: 478718398 ns, Reaching safepoint: 354000 ns, At safepoint: 6500 ns, Total: 360500 ns
[1.707s][info][gc,start    ] GC(0) Pause Young (Metadata GC Threshold)
[1.724s][debug][gc,phases   ] GC(0) Scavenge 16.159ms
[1.724s][debug][gc,ref      ] GC(0) Skipped phase 1 of Reference Processing: no references
[1.724s][debug][gc,ref      ] GC(0) ReferenceProcessor::execute queues: 2, RefProcThreadModel::Multi, marks_oops_alive: false
[1.724s][debug][gc,ref      ] GC(0) Skipped phase 3 of Reference Processing: no references
[1.724s][debug][gc,ref      ] GC(0) ReferenceProcessor::execute queues: 1, RefProcThreadModel::Single, marks_oops_alive: false
[1.724s][debug][gc,phases   ] GC(0) Reference Processing 0.233ms
[1.724s][debug][gc,phases   ] GC(0)   VM Weak                        Min:  0.0, Avg:  0.0, Max:  0.0, Diff:  0.0, Sum:  0.0, Workers: 4
[1.724s][debug][gc,phases   ] GC(0)     Dead                           Min: 0, Avg:  0.0, Max: 0, Diff: 0, Sum: 0, Workers: 4
[1.724s][debug][gc,phases   ] GC(0)     Total                          Min: 0, Avg: 58.0, Max: 232, Diff: 232, Sum: 232, Workers: 4
[1.724s][debug][gc,phases   ] GC(0)   ObjectSynchronizer Weak        Min:  0.0, Avg:  0.0, Max:  0.0, Diff:  0.0, Sum:  0.0, Workers: 4
[1.724s][debug][gc,phases   ] GC(0)     Dead                           Min: 0, Avg:  1.0, Max: 4, Diff: 4, Sum: 4, Workers: 4
[1.724s][debug][gc,phases   ] GC(0)     Total                          Min: 0, Avg:  2.5, Max: 10, Diff: 10, Sum: 10, Workers: 4
[1.724s][debug][gc,phases   ] GC(0)   JVMTI Tag Weak OopStorage      Min:  0.0, Avg:  0.0, Max:  0.0, Diff:  0.0, Sum:  0.0, Workers: 4
[1.724s][debug][gc,phases   ] GC(0)     Dead                           Min: 0, Avg:  0.0, Max: 0, Diff: 0, Sum: 0, Workers: 4
[1.724s][debug][gc,phases   ] GC(0)     Total                          Min: 0, Avg:  0.0, Max: 0, Diff: 0, Sum: 0, Workers: 4
[1.724s][debug][gc,phases   ] GC(0)   StringTable Weak               Min:  0.0, Avg:  0.1, Max:  0.1, Diff:  0.1, Sum:  0.2, Workers: 4
[1.724s][debug][gc,phases   ] GC(0)     Dead                           Min: 0, Avg:  6.5, Max: 24, Diff: 24, Sum: 26, Workers: 4
[1.724s][debug][gc,phases   ] GC(0)     Total                          Min: 0, Avg: 3289.2, Max: 8165, Diff: 8165, Sum: 13157, Workers: 4
[1.724s][debug][gc,phases   ] GC(0)   ResolvedMethodTable Weak       Min:  0.0, Avg:  0.0, Max:  0.0, Diff:  0.0, Sum:  0.0, Workers: 4
[1.724s][debug][gc,phases   ] GC(0)     Dead                           Min: 0, Avg: 20.2, Max: 45, Diff: 45, Sum: 81, Workers: 4
[1.724s][debug][gc,phases   ] GC(0)     Total                          Min: 0, Avg: 320.2, Max: 832, Diff: 832, Sum: 1281, Workers: 4
[1.724s][debug][gc,phases   ] GC(0)   JNI Weak                       Min:  0.0, Avg:  0.0, Max:  0.0, Diff:  0.0, Sum:  0.0, Workers: 4
[1.724s][debug][gc,phases   ] GC(0)     Dead                           Min: 0, Avg:  0.0, Max: 0, Diff: 0, Sum: 0, Workers: 4
[1.724s][debug][gc,phases   ] GC(0)     Total                          Min: 0, Avg: 11.2, Max: 45, Diff: 45, Sum: 45, Workers: 4
[1.724s][debug][gc,phases   ] GC(0)   StringDedup Table Weak         Min:  0.0, Avg:  0.0, Max:  0.0, Diff:  0.0, Sum:  0.0, Workers: 4
[1.724s][debug][gc,phases   ] GC(0)     Dead                           Min: 0, Avg:  0.0, Max: 0, Diff: 0, Sum: 0, Workers: 4
[1.724s][debug][gc,phases   ] GC(0)     Total                          Min: 0, Avg:  0.0, Max: 0, Diff: 0, Sum: 0, Workers: 4
[1.724s][debug][gc,phases   ] GC(0)   StringDedup Requests0 Weak     Min:  0.0, Avg:  0.0, Max:  0.0, Diff:  0.0, Sum:  0.0, Workers: 4
[1.724s][debug][gc,phases   ] GC(0)     Dead                           Min: 0, Avg:  0.0, Max: 0, Diff: 0, Sum: 0, Workers: 4
[1.724s][debug][gc,phases   ] GC(0)     Total                          Min: 0, Avg:  0.0, Max: 0, Diff: 0, Sum: 0, Workers: 4
[1.724s][debug][gc,phases   ] GC(0)   StringDedup Requests1 Weak     Min:  0.0, Avg:  0.0, Max:  0.0, Diff:  0.0, Sum:  0.0, Workers: 4
[1.724s][debug][gc,phases   ] GC(0)     Dead                           Min: 0, Avg:  0.0, Max: 0, Diff: 0, Sum: 0, Workers: 4
[1.724s][debug][gc,phases   ] GC(0)     Total                          Min: 0, Avg:  0.0, Max: 0, Diff: 0, Sum: 0, Workers: 4
[1.724s][debug][gc,phases   ] GC(0)   Weak JFR Old Object Samples    Min:  0.0, Avg:  0.0, Max:  0.0, Diff:  0.0, Sum:  0.0, Workers: 4
[1.724s][debug][gc,phases   ] GC(0)     Dead                           Min: 0, Avg:  0.0, Max: 0, Diff: 0, Sum: 0, Workers: 4
[1.724s][debug][gc,phases   ] GC(0)     Total                          Min: 0, Avg:  0.0, Max: 0, Diff: 0, Sum: 0, Workers: 4
[1.724s][debug][gc,phases   ] GC(0) Weak Processing 0.315ms
[1.724s][debug][gc,age      ] GC(0) Desired survivor size 536870912 bytes, new threshold 7 (max threshold 15)
[1.724s][info ][gc,heap     ] GC(0) PSYoungGen: 251673K(1572864K)->31288K(1572864K) Eden: 251673K(1048576K)->0K(1048576K) From: 0K(524288K)->31288K(524288K)
[1.724s][info ][gc,heap     ] GC(0) ParOldGen: 0K(6144K)->96K(6144K)
[1.724s][info ][gc,metaspace] GC(0) Metaspace: 21226K(21504K)->21226K(21504K) NonClass: 18727K(18880K)->18727K(18880K) Class: 2499K(2624K)->2499K(2624K)
[1.724s][info ][gc          ] GC(0) Pause Young (Metadata GC Threshold) 245M->30M(1542M) 17.375ms
[1.724s][info ][gc,cpu      ] GC(0) User=0.02s Sys=0.02s Real=0.01s
[1.724s][debug][gc,phases   ] GC(1) Pre Compact 0.009ms
[1.724s][info ][gc,start    ] GC(1) Pause Full (Metadata GC Threshold)
[1.724s][info ][gc,phases,start] GC(1) Marking Phase
[1.737s][debug][gc,phases      ] GC(1) Par Mark 12.075ms
[1.737s][debug][gc,ref         ] GC(1) Skipped phase 1 of Reference Processing: no references
[1.737s][debug][gc,ref         ] GC(1) ReferenceProcessor::execute queues: 3, RefProcThreadModel::Multi, marks_oops_alive: false
[1.737s][debug][gc,ref         ] GC(1) Skipped phase 3 of Reference Processing: no references
[1.737s][debug][gc,ref         ] GC(1) ReferenceProcessor::execute queues: 1, RefProcThreadModel::Single, marks_oops_alive: false
[1.737s][debug][gc,phases      ] GC(1) Reference Processing 0.329ms
[1.737s][debug][gc,phases      ] GC(1)   VM Weak                        Min:  0.0, Avg:  0.0, Max:  0.0, Diff:  0.0, Sum:  0.0, Workers: 4
[1.737s][debug][gc,phases      ] GC(1)     Dead                           Min: 0, Avg:  0.0, Max: 0, Diff: 0, Sum: 0, Workers: 4
[1.737s][debug][gc,phases      ] GC(1)     Total                          Min: 0, Avg: 58.0, Max: 192, Diff: 192, Sum: 232, Workers: 4
[1.737s][debug][gc,phases      ] GC(1)   ObjectSynchronizer Weak        Min:  0.0, Avg:  0.0, Max:  0.0, Diff:  0.0, Sum:  0.0, Workers: 4
[1.737s][debug][gc,phases      ] GC(1)     Dead                           Min: 0, Avg:  0.0, Max: 0, Diff: 0, Sum: 0, Workers: 4
[1.737s][debug][gc,phases      ] GC(1)     Total                          Min: 0, Avg:  2.5, Max: 10, Diff: 10, Sum: 10, Workers: 4
[1.737s][debug][gc,phases      ] GC(1)   JVMTI Tag Weak OopStorage      Min:  0.0, Avg:  0.0, Max:  0.0, Diff:  0.0, Sum:  0.0, Workers: 4
[1.737s][debug][gc,phases      ] GC(1)     Dead                           Min: 0, Avg:  0.0, Max: 0, Diff: 0, Sum: 0, Workers: 4
[1.737s][debug][gc,phases      ] GC(1)     Total                          Min: 0, Avg:  0.0, Max: 0, Diff: 0, Sum: 0, Workers: 4
[1.737s][debug][gc,phases      ] GC(1)   StringTable Weak               Min:  0.0, Avg:  0.0, Max:  0.1, Diff:  0.1, Sum:  0.1, Workers: 4
[1.737s][debug][gc,phases      ] GC(1)     Dead                           Min: 0, Avg:  0.0, Max: 0, Diff: 0, Sum: 0, Workers: 4
[1.737s][debug][gc,phases      ] GC(1)     Total                          Min: 0, Avg: 3289.2, Max: 7104, Diff: 7104, Sum: 13157, Workers: 4
[1.737s][debug][gc,phases      ] GC(1)   ResolvedMethodTable Weak       Min:  0.0, Avg:  0.0, Max:  0.0, Diff:  0.0, Sum:  0.0, Workers: 4
[1.737s][debug][gc,phases      ] GC(1)     Dead                           Min: 0, Avg:  0.0, Max: 0, Diff: 0, Sum: 0, Workers: 4
[1.737s][debug][gc,phases      ] GC(1)     Total                          Min: 0, Avg: 320.2, Max: 641, Diff: 641, Sum: 1281, Workers: 4
[1.737s][debug][gc,phases      ] GC(1)   JNI Weak                       Min:  0.0, Avg:  0.0, Max:  0.0, Diff:  0.0, Sum:  0.0, Workers: 4
[1.737s][debug][gc,phases      ] GC(1)     Dead                           Min: 0, Avg:  0.0, Max: 0, Diff: 0, Sum: 0, Workers: 4
[1.737s][debug][gc,phases      ] GC(1)     Total                          Min: 0, Avg: 11.2, Max: 45, Diff: 45, Sum: 45, Workers: 4
[1.737s][debug][gc,phases      ] GC(1)   StringDedup Table Weak         Min:  0.0, Avg:  0.0, Max:  0.0, Diff:  0.0, Sum:  0.0, Workers: 4
[1.737s][debug][gc,phases      ] GC(1)     Dead                           Min: 0, Avg:  0.0, Max: 0, Diff: 0, Sum: 0, Workers: 4
[1.737s][debug][gc,phases      ] GC(1)     Total                          Min: 0, Avg:  0.0, Max: 0, Diff: 0, Sum: 0, Workers: 4
[1.737s][debug][gc,phases      ] GC(1)   StringDedup Requests0 Weak     Min:  0.0, Avg:  0.0, Max:  0.0, Diff:  0.0, Sum:  0.0, Workers: 4
[1.737s][debug][gc,phases      ] GC(1)     Dead                           Min: 0, Avg:  0.0, Max: 0, Diff: 0, Sum: 0, Workers: 4
[1.737s][debug][gc,phases      ] GC(1)     Total                          Min: 0, Avg:  0.0, Max: 0, Diff: 0, Sum: 0, Workers: 4
[1.737s][debug][gc,phases      ] GC(1)   StringDedup Requests1 Weak     Min:  0.0, Avg:  0.0, Max:  0.0, Diff:  0.0, Sum:  0.0, Workers: 4
[1.737s][debug][gc,phases      ] GC(1)     Dead                           Min: 0, Avg:  0.0, Max: 0, Diff: 0, Sum: 0, Workers: 4
[1.737s][debug][gc,phases      ] GC(1)     Total                          Min: 0, Avg:  0.0, Max: 0, Diff: 0, Sum: 0, Workers: 4
[1.737s][debug][gc,phases      ] GC(1)   Weak JFR Old Object Samples    Min:  0.0, Avg:  0.0, Max:  0.0, Diff:  0.0, Sum:  0.0, Workers: 4
[1.737s][debug][gc,phases      ] GC(1)     Dead                           Min: 0, Avg:  0.0, Max: 0, Diff: 0, Sum: 0, Workers: 4
[1.737s][debug][gc,phases      ] GC(1)     Total                          Min: 0, Avg:  0.0, Max: 0, Diff: 0, Sum: 0, Workers: 4
[1.737s][debug][gc,phases      ] GC(1) Weak Processing 0.232ms
[1.737s][debug][gc,phases      ] GC(1) ClassLoaderData 0.027ms
[1.737s][debug][gc,phases      ] GC(1) Trigger cleanups 0.000ms
[1.740s][debug][gc,phases      ] GC(1) Class Unloading 2.695ms
[1.740s][info ][gc,phases      ] GC(1) Marking Phase 15.410ms
[1.740s][info ][gc,phases,start] GC(1) Summary Phase
[1.740s][info ][gc,phases      ] GC(1) Summary Phase 0.006ms
[1.740s][info ][gc,phases,start] GC(1) Adjust Roots
[1.744s][info ][gc,phases      ] GC(1) Adjust Roots 4.006ms
[1.744s][info ][gc,phases,start] GC(1) Compaction Phase
[1.764s][info ][gc,phases      ] GC(1) Compaction Phase 20.103ms
[1.764s][info ][gc,phases,start] GC(1) Post Compact
[1.765s][info ][gc,phases      ] GC(1) Post Compact 0.699ms
[1.765s][info ][gc,heap        ] GC(1) PSYoungGen: 31288K(1572864K)->25556K(1572864K) Eden: 0K(1048576K)->0K(1048576K) From: 31288K(524288K)->25556K(524288K)
[1.765s][info ][gc,heap        ] GC(1) ParOldGen: 96K(6144K)->5685K(6144K)
[1.765s][info ][gc,metaspace   ] GC(1) Metaspace: 21226K(21504K)->21226K(21504K) NonClass: 18727K(18880K)->18727K(18880K) Class: 2499K(2624K)->2499K(2624K)
[1.765s][info ][gc             ] GC(1) Pause Full (Metadata GC Threshold) 30M->30M(1542M) 40.337ms
[1.765s][info ][gc,cpu         ] GC(1) User=0.09s Sys=0.01s Real=0.04s
[1.765s][info ][safepoint      ] Safepoint "CollectForMetadataAllocation", Time since last: 454180457 ns, Reaching safepoint: 141300 ns, At safepoint: 57815896 ns, Total: 57957196 ns
[1.913s][info ][safepoint      ] Safepoint "ICBufferFull", Time since last: 148099147 ns, Reaching safepoint: 147900 ns, At safepoint: 15100 ns, Total: 163000 ns
[2.040s][info ][safepoint      ] Safepoint "ICBufferFull", Time since last: 126849412 ns, Reaching safepoint: 145700 ns, At safepoint: 5700 ns, Total: 151400 ns
[2.234s][info ][safepoint      ] Safepoint "ICBufferFull", Time since last: 193950023 ns, Reaching safepoint: 162600 ns, At safepoint: 8800 ns, Total: 171400 ns
[2.367s][info ][safepoint      ] Safepoint "ICBufferFull", Time since last: 132624621 ns, Reaching safepoint: 250600 ns, At safepoint: 5100 ns, Total: 255700 ns
[2.666s][info ][safepoint      ] Safepoint "ICBufferFull", Time since last: 298518997 ns, Reaching safepoint: 152801 ns, At safepoint: 36400 ns, Total: 189201 ns
[2.742s][info ][safepoint      ] Safepoint "ICBufferFull", Time since last: 75687526 ns, Reaching safepoint: 139200 ns, At safepoint: 6700 ns, Total: 145900 ns
[2.909s][info ][safepoint      ] Safepoint "ICBufferFull", Time since last: 167655379 ns, Reaching safepoint: 167400 ns, At safepoint: 5500 ns, Total: 172900 ns
[3.087s][info ][safepoint      ] Safepoint "ICBufferFull", Time since last: 177135395 ns, Reaching safepoint: 259601 ns, At safepoint: 8500 ns, Total: 268101 ns
[3.311s][info ][safepoint      ] Safepoint "ICBufferFull", Time since last: 224357373 ns, Reaching safepoint: 166600 ns, At safepoint: 12400 ns, Total: 179000 ns
[3.486s][info ][safepoint      ] Safepoint "ICBufferFull", Time since last: 174225890 ns, Reaching safepoint: 161000 ns, At safepoint: 2200 ns, Total: 163200 ns
[3.646s][info ][gc,start       ] GC(2) Pause Young (Metadata GC Threshold)
[3.695s][debug][gc,phases      ] GC(2) Scavenge 49.279ms
[3.696s][debug][gc,ref         ] GC(2) Skipped phase 1 of Reference Processing: no references
[3.696s][debug][gc,ref         ] GC(2) ReferenceProcessor::execute queues: 4, RefProcThreadModel::Multi, marks_oops_alive: false
[3.696s][debug][gc,ref         ] GC(2) Skipped phase 3 of Reference Processing: no references
[3.696s][debug][gc,ref         ] GC(2) ReferenceProcessor::execute queues: 1, RefProcThreadModel::Single, marks_oops_alive: false
[3.696s][debug][gc,phases      ] GC(2) Reference Processing 0.406ms
[3.696s][debug][gc,phases      ] GC(2)   VM Weak                        Min:  0.0, Avg:  0.0, Max:  0.0, Diff:  0.0, Sum:  0.0, Workers: 4
[3.696s][debug][gc,phases      ] GC(2)     Dead                           Min: 0, Avg:  0.0, Max: 0, Diff: 0, Sum: 0, Workers: 4
[3.696s][debug][gc,phases      ] GC(2)     Total                          Min: 0, Avg: 88.5, Max: 192, Diff: 192, Sum: 354, Workers: 4
[3.696s][debug][gc,phases      ] GC(2)   ObjectSynchronizer Weak        Min:  0.0, Avg:  0.0, Max:  0.0, Diff:  0.0, Sum:  0.0, Workers: 4
[3.696s][debug][gc,phases      ] GC(2)     Dead                           Min: 0, Avg:  0.0, Max: 0, Diff: 0, Sum: 0, Workers: 4
[3.696s][debug][gc,phases      ] GC(2)     Total                          Min: 0, Avg:  2.5, Max: 10, Diff: 10, Sum: 10, Workers: 4
[3.696s][debug][gc,phases      ] GC(2)   JVMTI Tag Weak OopStorage      Min:  0.0, Avg:  0.0, Max:  0.0, Diff:  0.0, Sum:  0.0, Workers: 4
[3.696s][debug][gc,phases      ] GC(2)     Dead                           Min: 0, Avg:  0.0, Max: 0, Diff: 0, Sum: 0, Workers: 4
[3.696s][debug][gc,phases      ] GC(2)     Total                          Min: 0, Avg:  0.0, Max: 0, Diff: 0, Sum: 0, Workers: 4
[3.696s][debug][gc,phases      ] GC(2)   StringTable Weak               Min:  0.2, Avg:  0.2, Max:  0.2, Diff:  0.0, Sum:  0.7, Workers: 4
[3.696s][debug][gc,phases      ] GC(2)     Dead                           Min: 1, Avg:  2.2, Max: 5, Diff: 4, Sum: 9, Workers: 4
[3.696s][debug][gc,phases      ] GC(2)     Total                          Min: 5952, Avg: 6540.0, Max: 7232, Diff: 1280, Sum: 26160, Workers: 4
[3.696s][debug][gc,phases      ] GC(2)   ResolvedMethodTable Weak       Min:  0.0, Avg:  0.0, Max:  0.0, Diff:  0.0, Sum:  0.1, Workers: 4
[3.696s][debug][gc,phases      ] GC(2)     Dead                           Min: 0, Avg: 14.2, Max: 29, Diff: 29, Sum: 57, Workers: 4
[3.696s][debug][gc,phases      ] GC(2)     Total                          Min: 467, Avg: 612.8, Max: 768, Diff: 301, Sum: 2451, Workers: 4
[3.696s][debug][gc,phases      ] GC(2)   JNI Weak                       Min:  0.0, Avg:  0.0, Max:  0.0, Diff:  0.0, Sum:  0.0, Workers: 4
[3.696s][debug][gc,phases      ] GC(2)     Dead                           Min: 0, Avg:  0.0, Max: 0, Diff: 0, Sum: 0, Workers: 4
[3.696s][debug][gc,phases      ] GC(2)     Total                          Min: 0, Avg: 11.2, Max: 45, Diff: 45, Sum: 45, Workers: 4
[3.696s][debug][gc,phases      ] GC(2)   StringDedup Table Weak         Min:  0.0, Avg:  0.0, Max:  0.0, Diff:  0.0, Sum:  0.0, Workers: 4
[3.696s][debug][gc,phases      ] GC(2)     Dead                           Min: 0, Avg:  0.0, Max: 0, Diff: 0, Sum: 0, Workers: 4
[3.696s][debug][gc,phases      ] GC(2)     Total                          Min: 0, Avg:  0.0, Max: 0, Diff: 0, Sum: 0, Workers: 4
[3.696s][debug][gc,phases      ] GC(2)   StringDedup Requests0 Weak     Min:  0.0, Avg:  0.0, Max:  0.0, Diff:  0.0, Sum:  0.0, Workers: 4
[3.696s][debug][gc,phases      ] GC(2)     Dead                           Min: 0, Avg:  0.0, Max: 0, Diff: 0, Sum: 0, Workers: 4
[3.696s][debug][gc,phases      ] GC(2)     Total                          Min: 0, Avg:  0.0, Max: 0, Diff: 0, Sum: 0, Workers: 4
[3.696s][debug][gc,phases      ] GC(2)   StringDedup Requests1 Weak     Min:  0.0, Avg:  0.0, Max:  0.0, Diff:  0.0, Sum:  0.0, Workers: 4
[3.696s][debug][gc,phases      ] GC(2)     Dead                           Min: 0, Avg:  0.0, Max: 0, Diff: 0, Sum: 0, Workers: 4
[3.696s][debug][gc,phases      ] GC(2)     Total                          Min: 0, Avg:  0.0, Max: 0, Diff: 0, Sum: 0, Workers: 4
[3.696s][debug][gc,phases      ] GC(2)   Weak JFR Old Object Samples    Min:  0.0, Avg:  0.0, Max:  0.0, Diff:  0.0, Sum:  0.0, Workers: 4
[3.696s][debug][gc,phases      ] GC(2)     Dead                           Min: 0, Avg:  0.0, Max: 0, Diff: 0, Sum: 0, Workers: 4
[3.696s][debug][gc,phases      ] GC(2)     Total                          Min: 0, Avg:  0.0, Max: 0, Diff: 0, Sum: 0, Workers: 4
[3.696s][debug][gc,phases      ] GC(2) Weak Processing 0.349ms
[3.696s][debug][gc,age         ] GC(2) Desired survivor size 536870912 bytes, new threshold 7 (max threshold 15)
[3.696s][info ][gc,heap        ] GC(2) PSYoungGen: 549844K(1572864K)->82299K(1572864K) Eden: 524288K(1048576K)->0K(1048576K) From: 25556K(524288K)->82299K(524288K)
[3.696s][info ][gc,heap        ] GC(2) ParOldGen: 5685K(6144K)->5693K(6144K)
[3.696s][info ][gc,metaspace   ] GC(2) Metaspace: 35341K(35840K)->35341K(35840K) NonClass: 30707K(30976K)->30707K(30976K) Class: 4634K(4864K)->4634K(4864K)
[3.696s][info ][gc             ] GC(2) Pause Young (Metadata GC Threshold) 542M->85M(1542M) 50.141ms
[3.696s][info ][gc,cpu         ] GC(2) User=0.11s Sys=0.07s Real=0.04s
[3.696s][debug][gc,phases      ] GC(3) Pre Compact 0.007ms
[3.696s][info ][gc,start       ] GC(3) Pause Full (Metadata GC Threshold)
[3.696s][info ][gc,phases,start] GC(3) Marking Phase
[3.724s][debug][gc,phases      ] GC(3) Par Mark 27.608ms
[3.724s][debug][gc,ref         ] GC(3) Skipped phase 1 of Reference Processing: no references
[3.724s][debug][gc,ref         ] GC(3) ReferenceProcessor::execute queues: 4, RefProcThreadModel::Multi, marks_oops_alive: false
[3.724s][debug][gc,ref         ] GC(3) Skipped phase 3 of Reference Processing: no references
[3.724s][debug][gc,ref         ] GC(3) ReferenceProcessor::execute queues: 1, RefProcThreadModel::Single, marks_oops_alive: false
[3.724s][debug][gc,phases      ] GC(3) Reference Processing 0.228ms
[3.724s][debug][gc,phases      ] GC(3)   VM Weak                        Min:  0.0, Avg:  0.0, Max:  0.0, Diff:  0.0, Sum:  0.0, Workers: 4
[3.724s][debug][gc,phases      ] GC(3)     Dead                           Min: 0, Avg:  0.0, Max: 0, Diff: 0, Sum: 0, Workers: 4
[3.724s][debug][gc,phases      ] GC(3)     Total                          Min: 0, Avg: 88.5, Max: 226, Diff: 226, Sum: 354, Workers: 4
[3.724s][debug][gc,phases      ] GC(3)   ObjectSynchronizer Weak        Min:  0.0, Avg:  0.0, Max:  0.0, Diff:  0.0, Sum:  0.0, Workers: 4
[3.724s][debug][gc,phases      ] GC(3)     Dead                           Min: 0, Avg:  0.0, Max: 0, Diff: 0, Sum: 0, Workers: 4
[3.724s][debug][gc,phases      ] GC(3)     Total                          Min: 0, Avg:  2.5, Max: 10, Diff: 10, Sum: 10, Workers: 4
[3.724s][debug][gc,phases      ] GC(3)   JVMTI Tag Weak OopStorage      Min:  0.0, Avg:  0.0, Max:  0.0, Diff:  0.0, Sum:  0.0, Workers: 4
[3.724s][debug][gc,phases      ] GC(3)     Dead                           Min: 0, Avg:  0.0, Max: 0, Diff: 0, Sum: 0, Workers: 4
[3.724s][debug][gc,phases      ] GC(3)     Total                          Min: 0, Avg:  0.0, Max: 0, Diff: 0, Sum: 0, Workers: 4
[3.724s][debug][gc,phases      ] GC(3)   StringTable Weak               Min:  0.1, Avg:  0.1, Max:  0.1, Diff:  0.0, Sum:  0.3, Workers: 4
[3.724s][debug][gc,phases      ] GC(3)     Dead                           Min: 0, Avg:  0.0, Max: 0, Diff: 0, Sum: 0, Workers: 4
[3.724s][debug][gc,phases      ] GC(3)     Total                          Min: 5952, Avg: 6540.0, Max: 7024, Diff: 1072, Sum: 26160, Workers: 4
[3.724s][debug][gc,phases      ] GC(3)   ResolvedMethodTable Weak       Min:  0.0, Avg:  0.0, Max:  0.0, Diff:  0.0, Sum:  0.0, Workers: 4
[3.724s][debug][gc,phases      ] GC(3)     Dead                           Min: 0, Avg:  0.0, Max: 0, Diff: 0, Sum: 0, Workers: 4
[3.724s][debug][gc,phases      ] GC(3)     Total                          Min: 576, Avg: 612.8, Max: 640, Diff: 64, Sum: 2451, Workers: 4
[3.724s][debug][gc,phases      ] GC(3)   JNI Weak                       Min:  0.0, Avg:  0.0, Max:  0.0, Diff:  0.0, Sum:  0.0, Workers: 4
[3.724s][debug][gc,phases      ] GC(3)     Dead                           Min: 0, Avg:  0.0, Max: 0, Diff: 0, Sum: 0, Workers: 4
[3.724s][debug][gc,phases      ] GC(3)     Total                          Min: 0, Avg: 11.2, Max: 45, Diff: 45, Sum: 45, Workers: 4
[3.724s][debug][gc,phases      ] GC(3)   StringDedup Table Weak         Min:  0.0, Avg:  0.0, Max:  0.0, Diff:  0.0, Sum:  0.0, Workers: 4
[3.724s][debug][gc,phases      ] GC(3)     Dead                           Min: 0, Avg:  0.0, Max: 0, Diff: 0, Sum: 0, Workers: 4
[3.724s][debug][gc,phases      ] GC(3)     Total                          Min: 0, Avg:  0.0, Max: 0, Diff: 0, Sum: 0, Workers: 4
[3.724s][debug][gc,phases      ] GC(3)   StringDedup Requests0 Weak     Min:  0.0, Avg:  0.0, Max:  0.0, Diff:  0.0, Sum:  0.0, Workers: 4
[3.724s][debug][gc,phases      ] GC(3)     Dead                           Min: 0, Avg:  0.0, Max: 0, Diff: 0, Sum: 0, Workers: 4
[3.724s][debug][gc,phases      ] GC(3)     Total                          Min: 0, Avg:  0.0, Max: 0, Diff: 0, Sum: 0, Workers: 4
[3.724s][debug][gc,phases      ] GC(3)   StringDedup Requests1 Weak     Min:  0.0, Avg:  0.0, Max:  0.0, Diff:  0.0, Sum:  0.0, Workers: 4
[3.724s][debug][gc,phases      ] GC(3)     Dead                           Min: 0, Avg:  0.0, Max: 0, Diff: 0, Sum: 0, Workers: 4
[3.724s][debug][gc,phases      ] GC(3)     Total                          Min: 0, Avg:  0.0, Max: 0, Diff: 0, Sum: 0, Workers: 4
[3.724s][debug][gc,phases      ] GC(3)   Weak JFR Old Object Samples    Min:  0.0, Avg:  0.0, Max:  0.0, Diff:  0.0, Sum:  0.0, Workers: 4
[3.724s][debug][gc,phases      ] GC(3)     Dead                           Min: 0, Avg:  0.0, Max: 0, Diff: 0, Sum: 0, Workers: 4
[3.725s][debug][gc,phases      ] GC(3)     Total                          Min: 0, Avg:  0.0, Max: 0, Diff: 0, Sum: 0, Workers: 4
[3.725s][debug][gc,phases      ] GC(3) Weak Processing 0.237ms
[3.725s][debug][gc,phases      ] GC(3) ClassLoaderData 0.037ms
[3.725s][debug][gc,phases      ] GC(3) Trigger cleanups 0.000ms
[3.729s][debug][gc,phases      ] GC(3) Class Unloading 4.928ms
[3.729s][info ][gc,phases      ] GC(3) Marking Phase 33.097ms
[3.729s][info ][gc,phases,start] GC(3) Summary Phase
[3.729s][info ][gc,phases      ] GC(3) Summary Phase 0.005ms
[3.729s][info ][gc,phases,start] GC(3) Adjust Roots
[3.736s][info ][gc,phases      ] GC(3) Adjust Roots 6.082ms
[3.736s][info ][gc,phases,start] GC(3) Compaction Phase
[4.098s][info ][gc,phases      ] GC(3) Compaction Phase 362.286ms
[4.098s][info ][gc,phases,start] GC(3) Post Compact
[4.099s][info ][gc,phases      ] GC(3) Post Compact 0.752ms
[4.099s][info ][gc,heap        ] GC(3) PSYoungGen: 82299K(1572864K)->82112K(1572864K) Eden: 0K(1048576K)->0K(1048576K) From: 82299K(524288K)->82112K(524288K)
[4.099s][info ][gc,heap        ] GC(3) ParOldGen: 5693K(6144K)->5640K(6144K)
[4.099s][info ][gc,metaspace   ] GC(3) Metaspace: 35341K(35840K)->35341K(35840K) NonClass: 30707K(30976K)->30707K(30976K) Class: 4634K(4864K)->4634K(4864K)
[4.099s][info ][gc             ] GC(3) Pause Full (Metadata GC Threshold) 85M->85M(1542M) 402.332ms
[4.099s][info ][gc,cpu         ] GC(3) User=0.85s Sys=0.00s Real=0.41s
[4.099s][info ][safepoint      ] Safepoint "CollectForMetadataAllocation", Time since last: 160260267 ns, Reaching safepoint: 141500 ns, At safepoint: 452600554 ns, Total: 452742054 ns
[4.397s][info ][safepoint      ] Safepoint "ICBufferFull", Time since last: 297914295 ns, Reaching safepoint: 198500 ns, At safepoint: 2201 ns, Total: 200701 ns
[4.969s][info ][safepoint      ] Safepoint "ICBufferFull", Time since last: 571713951 ns, Reaching safepoint: 261900 ns, At safepoint: 5700 ns, Total: 267600 ns
[5.180s][info ][safepoint      ] Safepoint "ICBufferFull", Time since last: 210890351 ns, Reaching safepoint: 145600 ns, At safepoint: 8300 ns, Total: 153900 ns
[5.256s][info ][safepoint      ] Safepoint "ICBufferFull", Time since last: 75908126 ns, Reaching safepoint: 207701 ns, At safepoint: 6600 ns, Total: 214301 ns
[5.454s][info ][safepoint      ] Safepoint "ICBufferFull", Time since last: 198199029 ns, Reaching safepoint: 154500 ns, At safepoint: 3000 ns, Total: 157500 ns
[5.595s][info ][safepoint      ] Safepoint "ICBufferFull", Time since last: 140600934 ns, Reaching safepoint: 107400 ns, At safepoint: 1600 ns, Total: 109000 ns
[5.819s][info ][safepoint      ] Safepoint "ICBufferFull", Time since last: 223457472 ns, Reaching safepoint: 227400 ns, At safepoint: 12900 ns, Total: 240300 ns
[5.912s][info ][safepoint      ] Safepoint "ICBufferFull", Time since last: 92591854 ns, Reaching safepoint: 237701 ns, At safepoint: 13600 ns, Total: 251301 ns
[6.128s][info ][safepoint      ] Safepoint "ICBufferFull", Time since last: 215759159 ns, Reaching safepoint: 158200 ns, At safepoint: 1700 ns, Total: 159900 ns
[6.440s][info ][safepoint      ] Safepoint "ICBufferFull", Time since last: 312406619 ns, Reaching safepoint: 169600 ns, At safepoint: 2300 ns, Total: 171900 ns
[6.923s][info ][gc,start       ] GC(4) Pause Young (Metadata GC Threshold)
[6.990s][debug][gc,phases      ] GC(4) Scavenge 66.865ms
[6.990s][debug][gc,ref         ] GC(4) Skipped phase 1 of Reference Processing: no references
[6.990s][debug][gc,ref         ] GC(4) ReferenceProcessor::execute queues: 4, RefProcThreadModel::Multi, marks_oops_alive: false
[6.991s][debug][gc,ref         ] GC(4) Skipped phase 3 of Reference Processing: no references
[6.991s][debug][gc,ref         ] GC(4) ReferenceProcessor::execute queues: 4, RefProcThreadModel::Multi, marks_oops_alive: false
[6.991s][debug][gc,phases      ] GC(4) Reference Processing 0.521ms
[6.991s][debug][gc,phases      ] GC(4)   VM Weak                        Min:  0.0, Avg:  0.0, Max:  0.0, Diff:  0.0, Sum:  0.0, Workers: 4
[6.991s][debug][gc,phases      ] GC(4)     Dead                           Min: 0, Avg:  0.0, Max: 0, Diff: 0, Sum: 0, Workers: 4
[6.991s][debug][gc,phases      ] GC(4)     Total                          Min: 0, Avg: 133.8, Max: 343, Diff: 343, Sum: 535, Workers: 4
[6.991s][debug][gc,phases      ] GC(4)   ObjectSynchronizer Weak        Min:  0.0, Avg:  0.0, Max:  0.0, Diff:  0.0, Sum:  0.0, Workers: 4
[6.991s][debug][gc,phases      ] GC(4)     Dead                           Min: 0, Avg:  1.0, Max: 4, Diff: 4, Sum: 4, Workers: 4
[6.991s][debug][gc,phases      ] GC(4)     Total                          Min: 0, Avg:  5.0, Max: 20, Diff: 20, Sum: 20, Workers: 4
[6.991s][debug][gc,phases      ] GC(4)   JVMTI Tag Weak OopStorage      Min:  0.0, Avg:  0.0, Max:  0.0, Diff:  0.0, Sum:  0.0, Workers: 4
[6.991s][debug][gc,phases      ] GC(4)     Dead                           Min: 0, Avg:  0.0, Max: 0, Diff: 0, Sum: 0, Workers: 4
[6.991s][debug][gc,phases      ] GC(4)     Total                          Min: 0, Avg:  0.0, Max: 0, Diff: 0, Sum: 0, Workers: 4
[6.991s][debug][gc,phases      ] GC(4)   StringTable Weak               Min:  0.2, Avg:  0.2, Max:  0.2, Diff:  0.0, Sum:  0.9, Workers: 4
[6.991s][debug][gc,phases      ] GC(4)     Dead                           Min: 4, Avg:  5.8, Max: 9, Diff: 5, Sum: 23, Workers: 4
[6.991s][debug][gc,phases      ] GC(4)     Total                          Min: 6208, Avg: 9037.8, Max: 10615, Diff: 4407, Sum: 36151, Workers: 4
[6.991s][debug][gc,phases      ] GC(4)   ResolvedMethodTable Weak       Min:  0.1, Avg:  0.1, Max:  0.1, Diff:  0.0, Sum:  0.3, Workers: 4
[6.991s][debug][gc,phases      ] GC(4)     Dead                           Min: 58, Avg: 89.0, Max: 151, Diff: 93, Sum: 356, Workers: 4
[6.991s][debug][gc,phases      ] GC(4)     Total                          Min: 1295, Avg: 1715.8, Max: 1920, Diff: 625, Sum: 6863, Workers: 4
[6.991s][debug][gc,phases      ] GC(4)   JNI Weak                       Min:  0.0, Avg:  0.0, Max:  0.0, Diff:  0.0, Sum:  0.0, Workers: 4
[6.991s][debug][gc,phases      ] GC(4)     Dead                           Min: 0, Avg:  0.0, Max: 0, Diff: 0, Sum: 0, Workers: 4
[6.991s][debug][gc,phases      ] GC(4)     Total                          Min: 0, Avg: 12.5, Max: 50, Diff: 50, Sum: 50, Workers: 4
[6.991s][debug][gc,phases      ] GC(4)   StringDedup Table Weak         Min:  0.0, Avg:  0.0, Max:  0.0, Diff:  0.0, Sum:  0.0, Workers: 4
[6.991s][debug][gc,phases      ] GC(4)     Dead                           Min: 0, Avg:  0.0, Max: 0, Diff: 0, Sum: 0, Workers: 4
[6.991s][debug][gc,phases      ] GC(4)     Total                          Min: 0, Avg:  0.0, Max: 0, Diff: 0, Sum: 0, Workers: 4
[6.991s][debug][gc,phases      ] GC(4)   StringDedup Requests0 Weak     Min:  0.0, Avg:  0.0, Max:  0.0, Diff:  0.0, Sum:  0.0, Workers: 4
[6.991s][debug][gc,phases      ] GC(4)     Dead                           Min: 0, Avg:  0.0, Max: 0, Diff: 0, Sum: 0, Workers: 4
[6.991s][debug][gc,phases      ] GC(4)     Total                          Min: 0, Avg:  0.0, Max: 0, Diff: 0, Sum: 0, Workers: 4
[6.991s][debug][gc,phases      ] GC(4)   StringDedup Requests1 Weak     Min:  0.0, Avg:  0.0, Max:  0.0, Diff:  0.0, Sum:  0.0, Workers: 4
[6.991s][debug][gc,phases      ] GC(4)     Dead                           Min: 0, Avg:  0.0, Max: 0, Diff: 0, Sum: 0, Workers: 4
[6.991s][debug][gc,phases      ] GC(4)     Total                          Min: 0, Avg:  0.0, Max: 0, Diff: 0, Sum: 0, Workers: 4
[6.991s][debug][gc,phases      ] GC(4)   Weak JFR Old Object Samples    Min:  0.0, Avg:  0.0, Max:  0.0, Diff:  0.0, Sum:  0.0, Workers: 4
[6.991s][debug][gc,phases      ] GC(4)     Dead                           Min: 0, Avg:  0.0, Max: 0, Diff: 0, Sum: 0, Workers: 4
[6.991s][debug][gc,phases      ] GC(4)     Total                          Min: 0, Avg:  0.0, Max: 0, Diff: 0, Sum: 0, Workers: 4
[6.991s][debug][gc,phases      ] GC(4) Weak Processing 0.456ms
[6.991s][debug][gc,age         ] GC(4) Desired survivor size 536870912 bytes, new threshold 7 (max threshold 15)
[6.991s][info ][gc,heap        ] GC(4) PSYoungGen: 888152K(1572864K)->115047K(1572864K) Eden: 806039K(1048576K)->0K(1048576K) From: 82112K(524288K)->115047K(524288K)
[6.991s][info ][gc,heap        ] GC(4) ParOldGen: 5640K(6144K)->5660K(6144K)
[6.991s][info ][gc,metaspace   ] GC(4) Metaspace: 59109K(59776K)->59109K(59776K) NonClass: 50194K(50560K)->50194K(50560K) Class: 8915K(9216K)->8915K(9216K)
[6.991s][info ][gc             ] GC(4) Pause Young (Metadata GC Threshold) 872M->117M(1542M) 67.941ms
[6.991s][info ][gc,cpu         ] GC(4) User=0.19s Sys=0.02s Real=0.07s
[6.991s][debug][gc,phases      ] GC(5) Pre Compact 0.008ms
[6.991s][info ][gc,start       ] GC(5) Pause Full (Metadata GC Threshold)
[6.991s][info ][gc,phases,start] GC(5) Marking Phase
[7.034s][debug][gc,phases      ] GC(5) Par Mark 42.714ms
[7.034s][debug][gc,ref         ] GC(5) Skipped phase 1 of Reference Processing: no references
[7.034s][debug][gc,ref         ] GC(5) ReferenceProcessor::execute queues: 4, RefProcThreadModel::Multi, marks_oops_alive: false
[7.035s][debug][gc,ref         ] GC(5) Skipped phase 3 of Reference Processing: no references
[7.035s][debug][gc,ref         ] GC(5) ReferenceProcessor::execute queues: 1, RefProcThreadModel::Single, marks_oops_alive: false
[7.035s][debug][gc,phases      ] GC(5) Reference Processing 0.523ms
[7.035s][debug][gc,phases      ] GC(5)   VM Weak                        Min:  0.0, Avg:  0.0, Max:  0.0, Diff:  0.0, Sum:  0.0, Workers: 4
[7.035s][debug][gc,phases      ] GC(5)     Dead                           Min: 0, Avg:  0.2, Max: 1, Diff: 1, Sum: 1, Workers: 4
[7.035s][debug][gc,phases      ] GC(5)     Total                          Min: 0, Avg: 133.8, Max: 471, Diff: 471, Sum: 535, Workers: 4
[7.035s][debug][gc,phases      ] GC(5)   ObjectSynchronizer Weak        Min:  0.0, Avg:  0.0, Max:  0.0, Diff:  0.0, Sum:  0.0, Workers: 4
[7.035s][debug][gc,phases      ] GC(5)     Dead                           Min: 0, Avg:  0.0, Max: 0, Diff: 0, Sum: 0, Workers: 4
[7.035s][debug][gc,phases      ] GC(5)     Total                          Min: 0, Avg:  5.0, Max: 20, Diff: 20, Sum: 20, Workers: 4
[7.035s][debug][gc,phases      ] GC(5)   JVMTI Tag Weak OopStorage      Min:  0.0, Avg:  0.0, Max:  0.0, Diff:  0.0, Sum:  0.0, Workers: 4
[7.035s][debug][gc,phases      ] GC(5)     Dead                           Min: 0, Avg:  0.0, Max: 0, Diff: 0, Sum: 0, Workers: 4
[7.035s][debug][gc,phases      ] GC(5)     Total                          Min: 0, Avg:  0.0, Max: 0, Diff: 0, Sum: 0, Workers: 4
[7.035s][debug][gc,phases      ] GC(5)   StringTable Weak               Min:  0.0, Avg:  0.1, Max:  0.2, Diff:  0.2, Sum:  0.4, Workers: 4
[7.035s][debug][gc,phases      ] GC(5)     Dead                           Min: 0, Avg:  0.0, Max: 0, Diff: 0, Sum: 0, Workers: 4
[7.035s][debug][gc,phases      ] GC(5)     Total                          Min: 0, Avg: 9037.8, Max: 19712, Diff: 19712, Sum: 36151, Workers: 4
[7.035s][debug][gc,phases      ] GC(5)   ResolvedMethodTable Weak       Min:  0.0, Avg:  0.0, Max:  0.0, Diff:  0.0, Sum:  0.1, Workers: 4
[7.035s][debug][gc,phases      ] GC(5)     Dead                           Min: 0, Avg:  0.2, Max: 1, Diff: 1, Sum: 1, Workers: 4
[7.035s][debug][gc,phases      ] GC(5)     Total                          Min: 0, Avg: 1715.8, Max: 3727, Diff: 3727, Sum: 6863, Workers: 4
[7.035s][debug][gc,phases      ] GC(5)   JNI Weak                       Min:  0.0, Avg:  0.0, Max:  0.0, Diff:  0.0, Sum:  0.0, Workers: 4
[7.035s][debug][gc,phases      ] GC(5)     Dead                           Min: 0, Avg:  0.0, Max: 0, Diff: 0, Sum: 0, Workers: 4
[7.035s][debug][gc,phases      ] GC(5)     Total                          Min: 0, Avg: 12.5, Max: 50, Diff: 50, Sum: 50, Workers: 4
[7.035s][debug][gc,phases      ] GC(5)   StringDedup Table Weak         Min:  0.0, Avg:  0.0, Max:  0.0, Diff:  0.0, Sum:  0.0, Workers: 4
[7.035s][debug][gc,phases      ] GC(5)     Dead                           Min: 0, Avg:  0.0, Max: 0, Diff: 0, Sum: 0, Workers: 4
[7.035s][debug][gc,phases      ] GC(5)     Total                          Min: 0, Avg:  0.0, Max: 0, Diff: 0, Sum: 0, Workers: 4
[7.035s][debug][gc,phases      ] GC(5)   StringDedup Requests0 Weak     Min:  0.0, Avg:  0.0, Max:  0.0, Diff:  0.0, Sum:  0.0, Workers: 4
[7.035s][debug][gc,phases      ] GC(5)     Dead                           Min: 0, Avg:  0.0, Max: 0, Diff: 0, Sum: 0, Workers: 4
[7.035s][debug][gc,phases      ] GC(5)     Total                          Min: 0, Avg:  0.0, Max: 0, Diff: 0, Sum: 0, Workers: 4
[7.035s][debug][gc,phases      ] GC(5)   StringDedup Requests1 Weak     Min:  0.0, Avg:  0.0, Max:  0.0, Diff:  0.0, Sum:  0.0, Workers: 4
[7.035s][debug][gc,phases      ] GC(5)     Dead                           Min: 0, Avg:  0.0, Max: 0, Diff: 0, Sum: 0, Workers: 4
[7.035s][debug][gc,phases      ] GC(5)     Total                          Min: 0, Avg:  0.0, Max: 0, Diff: 0, Sum: 0, Workers: 4
[7.035s][debug][gc,phases      ] GC(5)   Weak JFR Old Object Samples    Min:  0.0, Avg:  0.0, Max:  0.0, Diff:  0.0, Sum:  0.0, Workers: 4
[7.035s][debug][gc,phases      ] GC(5)     Dead                           Min: 0, Avg:  0.0, Max: 0, Diff: 0, Sum: 0, Workers: 4
[7.035s][debug][gc,phases      ] GC(5)     Total                          Min: 0, Avg:  0.0, Max: 0, Diff: 0, Sum: 0, Workers: 4
[7.035s][debug][gc,phases      ] GC(5) Weak Processing 0.380ms
[7.035s][debug][gc,phases      ] GC(5) ClassLoaderData 0.132ms
[7.035s][debug][gc,phases      ] GC(5) Trigger cleanups 0.001ms
[7.047s][debug][gc,phases      ] GC(5) Class Unloading 12.095ms
[7.047s][info ][gc,phases      ] GC(5) Marking Phase 55.853ms
[7.047s][info ][gc,phases,start] GC(5) Summary Phase
[7.047s][info ][gc,phases      ] GC(5) Summary Phase 0.006ms
[7.047s][info ][gc,phases,start] GC(5) Adjust Roots
[7.057s][info ][gc,phases      ] GC(5) Adjust Roots 9.690ms
[7.057s][info ][gc,phases,start] GC(5) Compaction Phase
[7.464s][info ][gc,phases      ] GC(5) Compaction Phase 407.185ms
[7.464s][info ][gc,phases,start] GC(5) Post Compact
[7.466s][info ][gc,phases      ] GC(5) Post Compact 1.430ms
[7.466s][info ][gc,heap        ] GC(5) PSYoungGen: 115047K(1572864K)->114234K(1572864K) Eden: 0K(1048576K)->0K(1048576K) From: 115047K(524288K)->114234K(524288K)
[7.466s][info ][gc,heap        ] GC(5) ParOldGen: 5660K(6144K)->6135K(6144K)
[7.466s][info ][gc,metaspace   ] GC(5) Metaspace: 59109K(59776K)->59107K(59776K) NonClass: 50194K(50560K)->50192K(50560K) Class: 8915K(9216K)->8914K(9216K)
[7.466s][info ][gc             ] GC(5) Pause Full (Metadata GC Threshold) 117M->117M(1542M) 474.263ms
[7.466s][info ][gc,cpu         ] GC(5) User=1.05s Sys=0.01s Real=0.47s
[7.466s][info ][safepoint      ] Safepoint "CollectForMetadataAllocation", Time since last: 483126403 ns, Reaching safepoint: 116201 ns, At safepoint: 542307601 ns, Total: 542423802 ns
[7.732s][info ][safepoint      ] Safepoint "ICBufferFull", Time since last: 266300242 ns, Reaching safepoint: 218401 ns, At safepoint: 5500 ns, Total: 223901 ns
[8.391s][info ][safepoint      ] Safepoint "ICBufferFull", Time since last: 658792494 ns, Reaching safepoint: 126000 ns, At safepoint: 46200 ns, Total: 172200 ns
[8.494s][info ][safepoint      ] Safepoint "ICBufferFull", Time since last: 102970372 ns, Reaching safepoint: 201400 ns, At safepoint: 12100 ns, Total: 213500 ns
[8.701s][info ][safepoint      ] Safepoint "ICBufferFull", Time since last: 206000642 ns, Reaching safepoint: 156100 ns, At safepoint: 8900 ns, Total: 165000 ns
[8.978s][info ][safepoint      ] Safepoint "ICBufferFull", Time since last: 276936960 ns, Reaching safepoint: 147300 ns, At safepoint: 7101 ns, Total: 154401 ns
[9.209s][debug][gc,phases      ] GC(6) Pre Compact 0.017ms
[9.209s][info ][gc,start       ] GC(6) Pause Full (Ergonomics)
[9.209s][info ][gc,phases,start] GC(6) Marking Phase
[9.465s][debug][gc,phases      ] GC(6) Par Mark 255.871ms
[9.465s][debug][gc,ref         ] GC(6) Skipped phase 1 of Reference Processing: no references
[9.465s][debug][gc,ref         ] GC(6) ReferenceProcessor::execute queues: 4, RefProcThreadModel::Multi, marks_oops_alive: false
[9.465s][debug][gc,ref         ] GC(6) Skipped phase 3 of Reference Processing: no references
[9.465s][debug][gc,ref         ] GC(6) ReferenceProcessor::execute queues: 1, RefProcThreadModel::Single, marks_oops_alive: false
[9.465s][debug][gc,phases      ] GC(6) Reference Processing 0.434ms
[9.465s][debug][gc,phases      ] GC(6)   VM Weak                        Min:  0.0, Avg:  0.0, Max:  0.0, Diff:  0.0, Sum:  0.0, Workers: 4
[9.465s][debug][gc,phases      ] GC(6)     Dead                           Min: 0, Avg:  0.0, Max: 0, Diff: 0, Sum: 0, Workers: 4
[9.465s][debug][gc,phases      ] GC(6)     Total                          Min: 0, Avg: 151.0, Max: 348, Diff: 348, Sum: 604, Workers: 4
[9.465s][debug][gc,phases      ] GC(6)   ObjectSynchronizer Weak        Min:  0.0, Avg:  0.0, Max:  0.0, Diff:  0.0, Sum:  0.0, Workers: 4
[9.465s][debug][gc,phases      ] GC(6)     Dead                           Min: 0, Avg:  0.0, Max: 0, Diff: 0, Sum: 0, Workers: 4
[9.465s][debug][gc,phases      ] GC(6)     Total                          Min: 0, Avg:  5.0, Max: 20, Diff: 20, Sum: 20, Workers: 4
[9.465s][debug][gc,phases      ] GC(6)   JVMTI Tag Weak OopStorage      Min:  0.0, Avg:  0.0, Max:  0.0, Diff:  0.0, Sum:  0.0, Workers: 4
[9.465s][debug][gc,phases      ] GC(6)     Dead                           Min: 0, Avg:  0.0, Max: 0, Diff: 0, Sum: 0, Workers: 4
[9.465s][debug][gc,phases      ] GC(6)     Total                          Min: 0, Avg:  0.0, Max: 0, Diff: 0, Sum: 0, Workers: 4
[9.465s][debug][gc,phases      ] GC(6)   StringTable Weak               Min:  0.1, Avg:  0.1, Max:  0.1, Diff:  0.0, Sum:  0.5, Workers: 4
[9.465s][debug][gc,phases      ] GC(6)     Dead                           Min: 0, Avg:  2.0, Max: 3, Diff: 3, Sum: 8, Workers: 4
[9.465s][debug][gc,phases      ] GC(6)     Total                          Min: 8384, Avg: 9264.0, Max: 9856, Diff: 1472, Sum: 37056, Workers: 4
[9.465s][debug][gc,phases      ] GC(6)   ResolvedMethodTable Weak       Min:  0.0, Avg:  0.0, Max:  0.0, Diff:  0.0, Sum:  0.1, Workers: 4
[9.465s][debug][gc,phases      ] GC(6)     Dead                           Min: 10, Avg: 18.8, Max: 34, Diff: 24, Sum: 75, Workers: 4
[9.465s][debug][gc,phases      ] GC(6)     Total                          Min: 1664, Avg: 1759.8, Max: 1856, Diff: 192, Sum: 7039, Workers: 4
[9.465s][debug][gc,phases      ] GC(6)   JNI Weak                       Min:  0.0, Avg:  0.0, Max:  0.0, Diff:  0.0, Sum:  0.0, Workers: 4
[9.465s][debug][gc,phases      ] GC(6)     Dead                           Min: 0, Avg:  0.0, Max: 0, Diff: 0, Sum: 0, Workers: 4
[9.465s][debug][gc,phases      ] GC(6)     Total                          Min: 0, Avg: 14.0, Max: 45, Diff: 45, Sum: 56, Workers: 4
[9.465s][debug][gc,phases      ] GC(6)   StringDedup Table Weak         Min:  0.0, Avg:  0.0, Max:  0.0, Diff:  0.0, Sum:  0.0, Workers: 4
[9.465s][debug][gc,phases      ] GC(6)     Dead                           Min: 0, Avg:  0.0, Max: 0, Diff: 0, Sum: 0, Workers: 4
[9.465s][debug][gc,phases      ] GC(6)     Total                          Min: 0, Avg:  0.0, Max: 0, Diff: 0, Sum: 0, Workers: 4
[9.465s][debug][gc,phases      ] GC(6)   StringDedup Requests0 Weak     Min:  0.0, Avg:  0.0, Max:  0.0, Diff:  0.0, Sum:  0.0, Workers: 4
[9.465s][debug][gc,phases      ] GC(6)     Dead                           Min: 0, Avg:  0.0, Max: 0, Diff: 0, Sum: 0, Workers: 4
[9.465s][debug][gc,phases      ] GC(6)     Total                          Min: 0, Avg:  0.0, Max: 0, Diff: 0, Sum: 0, Workers: 4
[9.465s][debug][gc,phases      ] GC(6)   StringDedup Requests1 Weak     Min:  0.0, Avg:  0.0, Max:  0.0, Diff:  0.0, Sum:  0.0, Workers: 4
[9.465s][debug][gc,phases      ] GC(6)     Dead                           Min: 0, Avg:  0.0, Max: 0, Diff: 0, Sum: 0, Workers: 4
[9.465s][debug][gc,phases      ] GC(6)     Total                          Min: 0, Avg:  0.0, Max: 0, Diff: 0, Sum: 0, Workers: 4
[9.465s][debug][gc,phases      ] GC(6)   Weak JFR Old Object Samples    Min:  0.0, Avg:  0.0, Max:  0.0, Diff:  0.0, Sum:  0.0, Workers: 4
[9.465s][debug][gc,phases      ] GC(6)     Dead                           Min: 0, Avg:  0.0, Max: 0, Diff: 0, Sum: 0, Workers: 4
[9.465s][debug][gc,phases      ] GC(6)     Total                          Min: 0, Avg:  0.0, Max: 0, Diff: 0, Sum: 0, Workers: 4
[9.465s][debug][gc,phases      ] GC(6) Weak Processing 0.296ms
[9.466s][debug][gc,phases      ] GC(6) ClassLoaderData 0.070ms
[9.466s][debug][gc,phases      ] GC(6) Trigger cleanups 0.000ms
[9.473s][debug][gc,phases      ] GC(6) Class Unloading 7.602ms
[9.473s][info ][gc,phases      ] GC(6) Marking Phase 264.337ms
[9.473s][info ][gc,phases,start] GC(6) Summary Phase
[9.473s][info ][gc,phases      ] GC(6) Summary Phase 0.023ms
[9.473s][info ][gc,phases,start] GC(6) Adjust Roots
[9.481s][info ][gc,phases      ] GC(6) Adjust Roots 7.562ms
[9.481s][info ][gc,phases,start] GC(6) Compaction Phase
[10.146s][info ][gc,phases      ] GC(6) Compaction Phase 665.530ms
[10.146s][info ][gc,phases,start] GC(6) Post Compact
[10.149s][info ][gc,phases      ] GC(6) Post Compact 3.125ms
[10.149s][info ][gc,heap        ] GC(6) PSYoungGen: 1162810K(1572864K)->525894K(1572864K) Eden: 1048576K(1048576K)->525894K(1048576K) From: 114234K(524288K)->0K(524288K)
[10.149s][info ][gc,heap        ] GC(6) ParOldGen: 6135K(6144K)->6135K(18944K)
[10.149s][info ][gc,metaspace   ] GC(6) Metaspace: 62950K(63680K)->62950K(63680K) NonClass: 53574K(53952K)->53574K(53952K) Class: 9375K(9728K)->9375K(9728K)
[10.149s][info ][gc             ] GC(6) Pause Full (Ergonomics) 1141M->519M(1554M) 940.754ms
[10.150s][info ][gc,cpu         ] GC(6) User=3.47s Sys=0.02s Real=0.94s
[10.150s][info ][safepoint      ] Safepoint "ParallelGCFailedAllocation", Time since last: 230925783 ns, Reaching safepoint: 167300 ns, At safepoint: 940859562 ns, Total: 941026862 ns
[10.771s][info ][safepoint      ] Safepoint "ICBufferFull", Time since last: 620943731 ns, Reaching safepoint: 222600 ns, At safepoint: 10900 ns, Total: 233500 ns
[10.823s][info ][safepoint      ] Safepoint "ICBufferFull", Time since last: 51562486 ns, Reaching safepoint: 284300 ns, At safepoint: 10900 ns, Total: 295200 ns
[11.137s][info ][gc,start       ] GC(7) Pause Young (Allocation Failure)
[11.315s][debug][gc,phases      ] GC(7) Scavenge 178.791ms
[11.316s][debug][gc,ref         ] GC(7) Skipped phase 1 of Reference Processing: no references
[11.316s][debug][gc,ref         ] GC(7) ReferenceProcessor::execute queues: 4, RefProcThreadModel::Multi, marks_oops_alive: false
[11.316s][debug][gc,ref         ] GC(7) Skipped phase 3 of Reference Processing: no references
[11.316s][debug][gc,ref         ] GC(7) ReferenceProcessor::execute queues: 1, RefProcThreadModel::Single, marks_oops_alive: false
[11.316s][debug][gc,phases      ] GC(7) Reference Processing 0.382ms
[11.316s][debug][gc,phases      ] GC(7)   VM Weak                        Min:  0.0, Avg:  0.0, Max:  0.0, Diff:  0.0, Sum:  0.0, Workers: 4
[11.316s][debug][gc,phases      ] GC(7)     Dead                           Min: 0, Avg:  0.0, Max: 0, Diff: 0, Sum: 0, Workers: 4
[11.316s][debug][gc,phases      ] GC(7)     Total                          Min: 32, Avg: 152.0, Max: 320, Diff: 288, Sum: 608, Workers: 4
[11.316s][debug][gc,phases      ] GC(7)   ObjectSynchronizer Weak        Min:  0.0, Avg:  0.0, Max:  0.0, Diff:  0.0, Sum:  0.0, Workers: 4
[11.316s][debug][gc,phases      ] GC(7)     Dead                           Min: 0, Avg:  0.0, Max: 0, Diff: 0, Sum: 0, Workers: 4
[11.316s][debug][gc,phases      ] GC(7)     Total                          Min: 0, Avg:  5.0, Max: 20, Diff: 20, Sum: 20, Workers: 4
[11.316s][debug][gc,phases      ] GC(7)   JVMTI Tag Weak OopStorage      Min:  0.0, Avg:  0.0, Max:  0.0, Diff:  0.0, Sum:  0.0, Workers: 4
[11.316s][debug][gc,phases      ] GC(7)     Dead                           Min: 0, Avg:  0.0, Max: 0, Diff: 0, Sum: 0, Workers: 4
[11.316s][debug][gc,phases      ] GC(7)     Total                          Min: 0, Avg:  0.0, Max: 0, Diff: 0, Sum: 0, Workers: 4
[11.316s][debug][gc,phases      ] GC(7)   StringTable Weak               Min:  0.2, Avg:  0.2, Max:  0.2, Diff:  0.0, Sum:  0.9, Workers: 4
[11.316s][debug][gc,phases      ] GC(7)     Dead                           Min: 0, Avg:  0.5, Max: 2, Diff: 2, Sum: 2, Workers: 4
[11.316s][debug][gc,phases      ] GC(7)     Total                          Min: 8320, Avg: 9317.0, Max: 10004, Diff: 1684, Sum: 37268, Workers: 4
[11.316s][debug][gc,phases      ] GC(7)   ResolvedMethodTable Weak       Min:  0.1, Avg:  0.1, Max:  0.1, Diff:  0.0, Sum:  0.2, Workers: 4
[11.316s][debug][gc,phases      ] GC(7)     Dead                           Min: 0, Avg:  0.0, Max: 0, Diff: 0, Sum: 0, Workers: 4
[11.316s][debug][gc,phases      ] GC(7)     Total                          Min: 1626, Avg: 1782.5, Max: 1984, Diff: 358, Sum: 7130, Workers: 4
[11.316s][debug][gc,phases      ] GC(7)   JNI Weak                       Min:  0.0, Avg:  0.0, Max:  0.0, Diff:  0.0, Sum:  0.0, Workers: 4
[11.316s][debug][gc,phases      ] GC(7)     Dead                           Min: 0, Avg:  0.0, Max: 0, Diff: 0, Sum: 0, Workers: 4
[11.316s][debug][gc,phases      ] GC(7)     Total                          Min: 0, Avg: 19.5, Max: 51, Diff: 51, Sum: 78, Workers: 4
[11.316s][debug][gc,phases      ] GC(7)   StringDedup Table Weak         Min:  0.0, Avg:  0.0, Max:  0.0, Diff:  0.0, Sum:  0.0, Workers: 4
[11.316s][debug][gc,phases      ] GC(7)     Dead                           Min: 0, Avg:  0.0, Max: 0, Diff: 0, Sum: 0, Workers: 4
[11.316s][debug][gc,phases      ] GC(7)     Total                          Min: 0, Avg:  0.0, Max: 0, Diff: 0, Sum: 0, Workers: 4
[11.316s][debug][gc,phases      ] GC(7)   StringDedup Requests0 Weak     Min:  0.0, Avg:  0.0, Max:  0.0, Diff:  0.0, Sum:  0.0, Workers: 4
[11.316s][debug][gc,phases      ] GC(7)     Dead                           Min: 0, Avg:  0.0, Max: 0, Diff: 0, Sum: 0, Workers: 4
[11.316s][debug][gc,phases      ] GC(7)     Total                          Min: 0, Avg:  0.0, Max: 0, Diff: 0, Sum: 0, Workers: 4
[11.316s][debug][gc,phases      ] GC(7)   StringDedup Requests1 Weak     Min:  0.0, Avg:  0.0, Max:  0.0, Diff:  0.0, Sum:  0.0, Workers: 4
[11.316s][debug][gc,phases      ] GC(7)     Dead                           Min: 0, Avg:  0.0, Max: 0, Diff: 0, Sum: 0, Workers: 4
[11.316s][debug][gc,phases      ] GC(7)     Total                          Min: 0, Avg:  0.0, Max: 0, Diff: 0, Sum: 0, Workers: 4
[11.316s][debug][gc,phases      ] GC(7)   Weak JFR Old Object Samples    Min:  0.0, Avg:  0.0, Max:  0.0, Diff:  0.0, Sum:  0.0, Workers: 4
[11.316s][debug][gc,phases      ] GC(7)     Dead                           Min: 0, Avg:  0.0, Max: 0, Diff: 0, Sum: 0, Workers: 4
[11.316s][debug][gc,phases      ] GC(7)     Total                          Min: 0, Avg:  0.0, Max: 0, Diff: 0, Sum: 0, Workers: 4
[11.316s][debug][gc,phases      ] GC(7) Weak Processing 0.470ms
[11.316s][debug][gc,age         ] GC(7) Desired survivor size 536870912 bytes, new threshold 7 (max threshold 15)
[11.316s][info ][gc,heap        ] GC(7) PSYoungGen: 1048576K(1572864K)->334039K(1572864K) Eden: 1048576K(1048576K)->0K(1048576K) From: 0K(524288K)->334039K(524288K)
[11.316s][info ][gc,heap        ] GC(7) ParOldGen: 6135K(18944K)->6159K(18944K)
[11.316s][info ][gc,metaspace   ] GC(7) Metaspace: 63315K(64128K)->63315K(64128K) NonClass: 53884K(54336K)->53884K(54336K) Class: 9430K(9792K)->9430K(9792K)
[11.316s][info ][gc             ] GC(7) Pause Young (Allocation Failure) 1029M->332M(1554M) 179.763ms
[11.316s][info ][gc,cpu         ] GC(7) User=0.51s Sys=0.15s Real=0.18s
[11.316s][info ][safepoint      ] Safepoint "ParallelGCFailedAllocation", Time since last: 313810721 ns, Reaching safepoint: 215801 ns, At safepoint: 179839398 ns, Total: 180055199 ns
[11.661s][info ][safepoint      ] Safepoint "ICBufferFull", Time since last: 344749972 ns, Reaching safepoint: 223700 ns, At safepoint: 12400 ns, Total: 236100 ns
[11.796s][info ][safepoint      ] Safepoint "ICBufferFull", Time since last: 134225423 ns, Reaching safepoint: 138700 ns, At safepoint: 4600 ns, Total: 143300 ns
[12.019s][info ][safepoint      ] Safepoint "ICBufferFull", Time since last: 223164270 ns, Reaching safepoint: 140801 ns, At safepoint: 2100 ns, Total: 142901 ns
[12.726s][info ][safepoint      ] Safepoint "ICBufferFull", Time since last: 706334371 ns, Reaching safepoint: 174400 ns, At safepoint: 18300 ns, Total: 192700 ns
[13.667s][info ][safepoint      ] Safepoint "ICBufferFull", Time since last: 940645960 ns, Reaching safepoint: 244301 ns, At safepoint: 11200 ns, Total: 255501 ns
[14.667s][info ][safepoint      ] Safepoint "Cleanup", Time since last: 1000106457 ns, Reaching safepoint: 220801 ns, At safepoint: 10300 ns, Total: 231101 ns
[15.534s][info ][safepoint      ] Safepoint "ICBufferFull", Time since last: 867312737 ns, Reaching safepoint: 159100 ns, At safepoint: 7700 ns, Total: 166800 ns
[15.680s][info ][safepoint      ] Safepoint "ICBufferFull", Time since last: 145664741 ns, Reaching safepoint: 268801 ns, At safepoint: 6600 ns, Total: 275401 ns
[15.794s][info ][safepoint      ] Safepoint "ICBufferFull", Time since last: 113672888 ns, Reaching safepoint: 237900 ns, At safepoint: 11700 ns, Total: 249600 ns
[16.204s][info ][safepoint      ] Safepoint "ICBufferFull", Time since last: 409864379 ns, Reaching safepoint: 158500 ns, At safepoint: 4601 ns, Total: 163101 ns
[16.351s][info ][safepoint      ] Safepoint "ICBufferFull", Time since last: 146540142 ns, Reaching safepoint: 161600 ns, At safepoint: 9200 ns, Total: 170800 ns
[16.461s][info ][safepoint      ] Safepoint "ICBufferFull", Time since last: 109781082 ns, Reaching safepoint: 211801 ns, At safepoint: 3600 ns, Total: 215401 ns
[16.659s][info ][safepoint      ] Safepoint "ICBufferFull", Time since last: 197419826 ns, Reaching safepoint: 280601 ns, At safepoint: 14300 ns, Total: 294901 ns
[16.821s][info ][gc,start       ] GC(8) Pause Young (Allocation Failure)
[16.927s][debug][gc,phases      ] GC(8) Scavenge 105.734ms
[16.927s][debug][gc,ref         ] GC(8) Skipped phase 1 of Reference Processing: no references
[16.927s][debug][gc,ref         ] GC(8) ReferenceProcessor::execute queues: 4, RefProcThreadModel::Multi, marks_oops_alive: false
[16.927s][debug][gc,ref         ] GC(8) Skipped phase 3 of Reference Processing: no references
[16.927s][debug][gc,ref         ] GC(8) ReferenceProcessor::execute queues: 1, RefProcThreadModel::Single, marks_oops_alive: false
[16.927s][debug][gc,phases      ] GC(8) Reference Processing 0.462ms
[16.928s][debug][gc,phases      ] GC(8)   VM Weak                        Min:  0.0, Avg:  0.0, Max:  0.0, Diff:  0.0, Sum:  0.0, Workers: 4
[16.928s][debug][gc,phases      ] GC(8)     Dead                           Min: 0, Avg:  0.0, Max: 0, Diff: 0, Sum: 0, Workers: 4
[16.928s][debug][gc,phases      ] GC(8)     Total                          Min: 10, Avg: 162.5, Max: 384, Diff: 374, Sum: 650, Workers: 4
[16.928s][debug][gc,phases      ] GC(8)   ObjectSynchronizer Weak        Min:  0.0, Avg:  0.0, Max:  0.0, Diff:  0.0, Sum:  0.0, Workers: 4
[16.928s][debug][gc,phases      ] GC(8)     Dead                           Min: 0, Avg:  1.0, Max: 4, Diff: 4, Sum: 4, Workers: 4
[16.928s][debug][gc,phases      ] GC(8)     Total                          Min: 0, Avg:  6.8, Max: 27, Diff: 27, Sum: 27, Workers: 4
[16.928s][debug][gc,phases      ] GC(8)   JVMTI Tag Weak OopStorage      Min:  0.0, Avg:  0.0, Max:  0.0, Diff:  0.0, Sum:  0.0, Workers: 4
[16.928s][debug][gc,phases      ] GC(8)     Dead                           Min: 0, Avg:  0.0, Max: 0, Diff: 0, Sum: 0, Workers: 4
[16.928s][debug][gc,phases      ] GC(8)     Total                          Min: 0, Avg:  0.0, Max: 0, Diff: 0, Sum: 0, Workers: 4
[16.928s][debug][gc,phases      ] GC(8)   StringTable Weak               Min:  0.3, Avg:  0.3, Max:  0.3, Diff:  0.0, Sum:  1.1, Workers: 4
[16.928s][debug][gc,phases      ] GC(8)     Dead                           Min: 0, Avg:  2.5, Max: 5, Diff: 5, Sum: 10, Workers: 4
[16.928s][debug][gc,phases      ] GC(8)     Total                          Min: 9344, Avg: 10210.0, Max: 11136, Diff: 1792, Sum: 40840, Workers: 4
[16.928s][debug][gc,phases      ] GC(8)   ResolvedMethodTable Weak       Min:  0.1, Avg:  0.1, Max:  0.1, Diff:  0.0, Sum:  0.2, Workers: 4
[16.928s][debug][gc,phases      ] GC(8)     Dead                           Min: 13, Avg: 45.5, Max: 63, Diff: 50, Sum: 182, Workers: 4
[16.928s][debug][gc,phases      ] GC(8)     Total                          Min: 1807, Avg: 2019.8, Max: 2240, Diff: 433, Sum: 8079, Workers: 4
[16.928s][debug][gc,phases      ] GC(8)   JNI Weak                       Min:  0.0, Avg:  0.0, Max:  0.0, Diff:  0.0, Sum:  0.0, Workers: 4
[16.928s][debug][gc,phases      ] GC(8)     Dead                           Min: 0, Avg:  0.0, Max: 0, Diff: 0, Sum: 0, Workers: 4
[16.928s][debug][gc,phases      ] GC(8)     Total                          Min: 0, Avg: 33.8, Max: 76, Diff: 76, Sum: 135, Workers: 4
[16.928s][debug][gc,phases      ] GC(8)   StringDedup Table Weak         Min:  0.0, Avg:  0.0, Max:  0.0, Diff:  0.0, Sum:  0.0, Workers: 4
[16.928s][debug][gc,phases      ] GC(8)     Dead                           Min: 0, Avg:  0.0, Max: 0, Diff: 0, Sum: 0, Workers: 4
[16.928s][debug][gc,phases      ] GC(8)     Total                          Min: 0, Avg:  0.0, Max: 0, Diff: 0, Sum: 0, Workers: 4
[16.928s][debug][gc,phases      ] GC(8)   StringDedup Requests0 Weak     Min:  0.0, Avg:  0.0, Max:  0.0, Diff:  0.0, Sum:  0.0, Workers: 4
[16.928s][debug][gc,phases      ] GC(8)     Dead                           Min: 0, Avg:  0.0, Max: 0, Diff: 0, Sum: 0, Workers: 4
[16.928s][debug][gc,phases      ] GC(8)     Total                          Min: 0, Avg:  0.0, Max: 0, Diff: 0, Sum: 0, Workers: 4
[16.928s][debug][gc,phases      ] GC(8)   StringDedup Requests1 Weak     Min:  0.0, Avg:  0.0, Max:  0.0, Diff:  0.0, Sum:  0.0, Workers: 4
[16.928s][debug][gc,phases      ] GC(8)     Dead                           Min: 0, Avg:  0.0, Max: 0, Diff: 0, Sum: 0, Workers: 4
[16.928s][debug][gc,phases      ] GC(8)     Total                          Min: 0, Avg:  0.0, Max: 0, Diff: 0, Sum: 0, Workers: 4
[16.928s][debug][gc,phases      ] GC(8)   Weak JFR Old Object Samples    Min:  0.0, Avg:  0.0, Max:  0.0, Diff:  0.0, Sum:  0.0, Workers: 4
[16.928s][debug][gc,phases      ] GC(8)     Dead                           Min: 0, Avg:  0.0, Max: 0, Diff: 0, Sum: 0, Workers: 4
[16.928s][debug][gc,phases      ] GC(8)     Total                          Min: 0, Avg:  0.0, Max: 0, Diff: 0, Sum: 0, Workers: 4
[16.928s][debug][gc,phases      ] GC(8) Weak Processing 0.479ms
[16.928s][debug][gc,age         ] GC(8) Desired survivor size 370147328 bytes, new threshold 8 (max threshold 15)
[16.928s][info ][gc,heap        ] GC(8) PSYoungGen: 1382615K(1572864K)->237923K(1735680K) Eden: 1048576K(1048576K)->0K(1211392K) From: 334039K(524288K)->237923K(524288K)
[16.928s][info ][gc,heap        ] GC(8) ParOldGen: 6159K(18944K)->6179K(18944K)
[16.928s][info ][gc,metaspace   ] GC(8) Metaspace: 73981K(74880K)->73981K(74880K) NonClass: 63180K(63680K)->63180K(63680K) Class: 10801K(11200K)->10801K(11200K)
[16.928s][info ][gc             ] GC(8) Pause Young (Allocation Failure) 1356M->238M(1713M) 106.795ms
[16.928s][info ][gc,cpu         ] GC(8) User=0.29s Sys=0.10s Real=0.11s
[16.928s][info ][safepoint      ] Safepoint "ParallelGCFailedAllocation", Time since last: 162393769 ns, Reaching safepoint: 126000 ns, At safepoint: 106872277 ns, Total: 106998277 ns
[17.324s][info ][safepoint      ] Safepoint "ICBufferFull", Time since last: 396109456 ns, Reaching safepoint: 170700 ns, At safepoint: 11100 ns, Total: 181800 ns
[17.750s][info ][safepoint      ] Safepoint "ICBufferFull", Time since last: 425230704 ns, Reaching safepoint: 245200 ns, At safepoint: 9900 ns, Total: 255100 ns
[17.970s][info ][safepoint      ] Safepoint "ICBufferFull", Time since last: 219503064 ns, Reaching safepoint: 229800 ns, At safepoint: 11400 ns, Total: 241200 ns
[18.707s][info ][safepoint      ] Safepoint "ICBufferFull", Time since last: 737614321 ns, Reaching safepoint: 245500 ns, At safepoint: 12500 ns, Total: 258000 ns
[18.807s][info ][gc,start       ] GC(9) Pause Young (Allocation Failure)
[18.921s][debug][gc,phases      ] GC(9) Scavenge 113.644ms
[18.921s][debug][gc,ref         ] GC(9) Skipped phase 1 of Reference Processing: no references
[18.921s][debug][gc,ref         ] GC(9) ReferenceProcessor::execute queues: 4, RefProcThreadModel::Multi, marks_oops_alive: false
[18.921s][debug][gc,ref         ] GC(9) Skipped phase 3 of Reference Processing: no references
[18.921s][debug][gc,ref         ] GC(9) ReferenceProcessor::execute queues: 1, RefProcThreadModel::Single, marks_oops_alive: false
[18.921s][debug][gc,phases      ] GC(9) Reference Processing 0.531ms
[18.922s][debug][gc,phases      ] GC(9)   VM Weak                        Min:  0.0, Avg:  0.0, Max:  0.0, Diff:  0.0, Sum:  0.0, Workers: 4
[18.922s][debug][gc,phases      ] GC(9)     Dead                           Min: 0, Avg:  0.0, Max: 0, Diff: 0, Sum: 0, Workers: 4
[18.922s][debug][gc,phases      ] GC(9)     Total                          Min: 0, Avg: 162.8, Max: 384, Diff: 384, Sum: 651, Workers: 4
[18.922s][debug][gc,phases      ] GC(9)   ObjectSynchronizer Weak        Min:  0.0, Avg:  0.0, Max:  0.0, Diff:  0.0, Sum:  0.0, Workers: 4
[18.922s][debug][gc,phases      ] GC(9)     Dead                           Min: 0, Avg:  0.8, Max: 3, Diff: 3, Sum: 3, Workers: 4
[18.922s][debug][gc,phases      ] GC(9)     Total                          Min: 0, Avg: 10.8, Max: 43, Diff: 43, Sum: 43, Workers: 4
[18.922s][debug][gc,phases      ] GC(9)   JVMTI Tag Weak OopStorage      Min:  0.0, Avg:  0.0, Max:  0.0, Diff:  0.0, Sum:  0.0, Workers: 4
[18.922s][debug][gc,phases      ] GC(9)     Dead                           Min: 0, Avg:  0.0, Max: 0, Diff: 0, Sum: 0, Workers: 4
[18.922s][debug][gc,phases      ] GC(9)     Total                          Min: 0, Avg:  0.0, Max: 0, Diff: 0, Sum: 0, Workers: 4
[18.922s][debug][gc,phases      ] GC(9)   StringTable Weak               Min:  0.3, Avg:  0.3, Max:  0.3, Diff:  0.0, Sum:  1.1, Workers: 4
[18.922s][debug][gc,phases      ] GC(9)     Dead                           Min: 0, Avg:  0.5, Max: 1, Diff: 1, Sum: 2, Workers: 4
[18.922s][debug][gc,phases      ] GC(9)     Total                          Min: 8832, Avg: 10278.5, Max: 11840, Diff: 3008, Sum: 41114, Workers: 4
[18.922s][debug][gc,phases      ] GC(9)   ResolvedMethodTable Weak       Min:  0.1, Avg:  0.1, Max:  0.1, Diff:  0.0, Sum:  0.3, Workers: 4
[18.922s][debug][gc,phases      ] GC(9)     Dead                           Min: 0, Avg:  5.5, Max: 12, Diff: 12, Sum: 22, Workers: 4
[18.922s][debug][gc,phases      ] GC(9)     Total                          Min: 1743, Avg: 2051.8, Max: 2368, Diff: 625, Sum: 8207, Workers: 4
[18.922s][debug][gc,phases      ] GC(9)   JNI Weak                       Min:  0.0, Avg:  0.0, Max:  0.0, Diff:  0.0, Sum:  0.0, Workers: 4
[18.922s][debug][gc,phases      ] GC(9)     Dead                           Min: 0, Avg:  0.0, Max: 0, Diff: 0, Sum: 0, Workers: 4
[18.922s][debug][gc,phases      ] GC(9)     Total                          Min: 0, Avg: 35.5, Max: 142, Diff: 142, Sum: 142, Workers: 4
[18.922s][debug][gc,phases      ] GC(9)   StringDedup Table Weak         Min:  0.0, Avg:  0.0, Max:  0.0, Diff:  0.0, Sum:  0.0, Workers: 4
[18.922s][debug][gc,phases      ] GC(9)     Dead                           Min: 0, Avg:  0.0, Max: 0, Diff: 0, Sum: 0, Workers: 4
[18.922s][debug][gc,phases      ] GC(9)     Total                          Min: 0, Avg:  0.0, Max: 0, Diff: 0, Sum: 0, Workers: 4
[18.922s][debug][gc,phases      ] GC(9)   StringDedup Requests0 Weak     Min:  0.0, Avg:  0.0, Max:  0.0, Diff:  0.0, Sum:  0.0, Workers: 4
[18.922s][debug][gc,phases      ] GC(9)     Dead                           Min: 0, Avg:  0.0, Max: 0, Diff: 0, Sum: 0, Workers: 4
[18.922s][debug][gc,phases      ] GC(9)     Total                          Min: 0, Avg:  0.0, Max: 0, Diff: 0, Sum: 0, Workers: 4
[18.922s][debug][gc,phases      ] GC(9)   StringDedup Requests1 Weak     Min:  0.0, Avg:  0.0, Max:  0.0, Diff:  0.0, Sum:  0.0, Workers: 4
[18.922s][debug][gc,phases      ] GC(9)     Dead                           Min: 0, Avg:  0.0, Max: 0, Diff: 0, Sum: 0, Workers: 4
[18.922s][debug][gc,phases      ] GC(9)     Total                          Min: 0, Avg:  0.0, Max: 0, Diff: 0, Sum: 0, Workers: 4
[18.922s][debug][gc,phases      ] GC(9)   Weak JFR Old Object Samples    Min:  0.0, Avg:  0.0, Max:  0.0, Diff:  0.0, Sum:  0.0, Workers: 4
[18.922s][debug][gc,phases      ] GC(9)     Dead                           Min: 0, Avg:  0.0, Max: 0, Diff: 0, Sum: 0, Workers: 4
[18.922s][debug][gc,phases      ] GC(9)     Total                          Min: 0, Avg:  0.0, Max: 0, Diff: 0, Sum: 0, Workers: 4
[18.922s][debug][gc,phases      ] GC(9) Weak Processing 0.518ms
[18.922s][debug][gc,age         ] GC(9) Desired survivor size 406847488 bytes, new threshold 9 (max threshold 15)
[18.922s][info ][gc,heap        ] GC(9) PSYoungGen: 1449315K(1735680K)->280516K(1572864K) Eden: 1211392K(1211392K)->0K(1211392K) From: 237923K(524288K)->280516K(361472K)
[18.922s][info ][gc,heap        ] GC(9) ParOldGen: 6179K(18944K)->6187K(18944K)
[18.922s][info ][gc,metaspace   ] GC(9) Metaspace: 75290K(76160K)->75290K(76160K) NonClass: 64370K(64832K)->64370K(64832K) Class: 10920K(11328K)->10920K(11328K)
[18.922s][info ][gc             ] GC(9) Pause Young (Allocation Failure) 1421M->279M(1554M) 114.823ms
[18.922s][info ][gc,cpu         ] GC(9) User=0.36s Sys=0.07s Real=0.11s
[18.922s][info ][safepoint      ] Safepoint "ParallelGCFailedAllocation", Time since last: 99545965 ns, Reaching safepoint: 140800 ns, At safepoint: 114902890 ns, Total: 115043690 ns
[19.476s][info ][safepoint      ] Safepoint "ICBufferFull", Time since last: 553925217 ns, Reaching safepoint: 218800 ns, At safepoint: 10700 ns, Total: 229500 ns
[20.167s][info ][safepoint      ] Safepoint "ICBufferFull", Time since last: 690741642 ns, Reaching safepoint: 180801 ns, At safepoint: 7200 ns, Total: 188001 ns
[21.319s][info ][safepoint      ] Safepoint "ICBufferFull", Time since last: 1151393803 ns, Reaching safepoint: 247501 ns, At safepoint: 16100 ns, Total: 263601 ns
[22.319s][info ][safepoint      ] Safepoint "Cleanup", Time since last: 1000125753 ns, Reaching safepoint: 223000 ns, At safepoint: 15000 ns, Total: 238000 ns
[23.326s][info ][safepoint      ] Safepoint "ICBufferFull", Time since last: 1006323863 ns, Reaching safepoint: 702501 ns, At safepoint: 53200 ns, Total: 755701 ns
[24.327s][info ][safepoint      ] Safepoint "Cleanup", Time since last: 1000113251 ns, Reaching safepoint: 222101 ns, At safepoint: 17700 ns, Total: 239801 ns
[25.327s][info ][safepoint      ] Safepoint "Cleanup", Time since last: 1000106451 ns, Reaching safepoint: 168600 ns, At safepoint: 13700 ns, Total: 182300 ns
[26.327s][info ][safepoint      ] Safepoint "Cleanup", Time since last: 1000100950 ns, Reaching safepoint: 138701 ns, At safepoint: 6000 ns, Total: 144701 ns
[27.319s][info ][safepoint      ] Safepoint "ICBufferFull", Time since last: 991699136 ns, Reaching safepoint: 271600 ns, At safepoint: 10000 ns, Total: 281600 ns
[28.329s][info ][safepoint      ] Safepoint "Cleanup", Time since last: 1009613065 ns, Reaching safepoint: 93200 ns, At safepoint: 2200 ns, Total: 95400 ns
[29.329s][info ][safepoint      ] Safepoint "Cleanup", Time since last: 1000105949 ns, Reaching safepoint: 129100 ns, At safepoint: 11000 ns, Total: 140100 ns
[30.329s][info ][safepoint      ] Safepoint "Cleanup", Time since last: 1000097148 ns, Reaching safepoint: 88900 ns, At safepoint: 6200 ns, Total: 95100 ns
[31.330s][info ][safepoint      ] Safepoint "Cleanup", Time since last: 1000183447 ns, Reaching safepoint: 189901 ns, At safepoint: 6500 ns, Total: 196401 ns
[31.383s][info ][safepoint      ] Safepoint "ICBufferFull", Time since last: 53412988 ns, Reaching safepoint: 321800 ns, At safepoint: 13700 ns, Total: 335500 ns
[31.459s][info ][safepoint      ] Safepoint "ICBufferFull", Time since last: 73088620 ns, Reaching safepoint: 2334804 ns, At safepoint: 9100 ns, Total: 2343904 ns
[31.607s][info ][gc,start       ] GC(10) Pause Young (Allocation Failure)
[31.725s][debug][gc,phases      ] GC(10) Scavenge 118.169ms
[31.725s][debug][gc,ref         ] GC(10) Skipped phase 1 of Reference Processing: no references
[31.726s][debug][gc,ref         ] GC(10) ReferenceProcessor::execute queues: 4, RefProcThreadModel::Multi, marks_oops_alive: false
[31.726s][debug][gc,ref         ] GC(10) ReferenceProcessor::execute queues: 4, RefProcThreadModel::Multi, marks_oops_alive: true
[31.726s][debug][gc,ref         ] GC(10) ReferenceProcessor::execute queues: 1, RefProcThreadModel::Single, marks_oops_alive: false
[31.726s][debug][gc,phases      ] GC(10) Reference Processing 0.557ms
[31.726s][debug][gc,phases      ] GC(10)   VM Weak                        Min:  0.0, Avg:  0.0, Max:  0.0, Diff:  0.0, Sum:  0.0, Workers: 4
[31.726s][debug][gc,phases      ] GC(10)     Dead                           Min: 0, Avg:  0.0, Max: 0, Diff: 0, Sum: 0, Workers: 4
[31.726s][debug][gc,phases      ] GC(10)     Total                          Min: 0, Avg: 164.5, Max: 530, Diff: 530, Sum: 658, Workers: 4
[31.726s][debug][gc,phases      ] GC(10)   ObjectSynchronizer Weak        Min:  0.0, Avg:  0.0, Max:  0.0, Diff:  0.0, Sum:  0.0, Workers: 4
[31.726s][debug][gc,phases      ] GC(10)     Dead                           Min: 0, Avg:  0.0, Max: 0, Diff: 0, Sum: 0, Workers: 4
[31.726s][debug][gc,phases      ] GC(10)     Total                          Min: 0, Avg: 12.0, Max: 48, Diff: 48, Sum: 48, Workers: 4
[31.726s][debug][gc,phases      ] GC(10)   JVMTI Tag Weak OopStorage      Min:  0.0, Avg:  0.0, Max:  0.0, Diff:  0.0, Sum:  0.0, Workers: 4
[31.726s][debug][gc,phases      ] GC(10)     Dead                           Min: 0, Avg:  0.0, Max: 0, Diff: 0, Sum: 0, Workers: 4
[31.727s][debug][gc,phases      ] GC(10)     Total                          Min: 0, Avg:  0.0, Max: 0, Diff: 0, Sum: 0, Workers: 4
[31.727s][debug][gc,phases      ] GC(10)   StringTable Weak               Min:  0.0, Avg:  0.2, Max:  0.3, Diff:  0.3, Sum:  0.9, Workers: 4
[31.727s][debug][gc,phases      ] GC(10)     Dead                           Min: 0, Avg:  0.8, Max: 2, Diff: 2, Sum: 3, Workers: 4
[31.727s][debug][gc,phases      ] GC(10)     Total                          Min: 0, Avg: 10522.0, Max: 17472, Diff: 17472, Sum: 42088, Workers: 4
[31.727s][debug][gc,phases      ] GC(10)   ResolvedMethodTable Weak       Min:  0.0, Avg:  0.1, Max:  0.1, Diff:  0.1, Sum:  0.2, Workers: 4
[31.727s][debug][gc,phases      ] GC(10)     Dead                           Min: 0, Avg:  4.5, Max: 12, Diff: 12, Sum: 18, Workers: 4
[31.727s][debug][gc,phases      ] GC(10)     Total                          Min: 0, Avg: 2042.2, Max: 3382, Diff: 3382, Sum: 8169, Workers: 4
[31.727s][debug][gc,phases      ] GC(10)   JNI Weak                       Min:  0.0, Avg:  0.0, Max:  0.0, Diff:  0.0, Sum:  0.0, Workers: 4
[31.727s][debug][gc,phases      ] GC(10)     Dead                           Min: 0, Avg:  0.0, Max: 0, Diff: 0, Sum: 0, Workers: 4
[31.727s][debug][gc,phases      ] GC(10)     Total                          Min: 0, Avg: 16.0, Max: 64, Diff: 64, Sum: 64, Workers: 4
[31.727s][debug][gc,phases      ] GC(10)   StringDedup Table Weak         Min:  0.0, Avg:  0.0, Max:  0.0, Diff:  0.0, Sum:  0.0, Workers: 4
[31.727s][debug][gc,phases      ] GC(10)     Dead                           Min: 0, Avg:  0.0, Max: 0, Diff: 0, Sum: 0, Workers: 4
[31.727s][debug][gc,phases      ] GC(10)     Total                          Min: 0, Avg:  0.0, Max: 0, Diff: 0, Sum: 0, Workers: 4
[31.727s][debug][gc,phases      ] GC(10)   StringDedup Requests0 Weak     Min:  0.0, Avg:  0.0, Max:  0.0, Diff:  0.0, Sum:  0.0, Workers: 4
[31.727s][debug][gc,phases      ] GC(10)     Dead                           Min: 0, Avg:  0.0, Max: 0, Diff: 0, Sum: 0, Workers: 4
[31.727s][debug][gc,phases      ] GC(10)     Total                          Min: 0, Avg:  0.0, Max: 0, Diff: 0, Sum: 0, Workers: 4
[31.727s][debug][gc,phases      ] GC(10)   StringDedup Requests1 Weak     Min:  0.0, Avg:  0.0, Max:  0.0, Diff:  0.0, Sum:  0.0, Workers: 4
[31.727s][debug][gc,phases      ] GC(10)     Dead                           Min: 0, Avg:  0.0, Max: 0, Diff: 0, Sum: 0, Workers: 4
[31.727s][debug][gc,phases      ] GC(10)     Total                          Min: 0, Avg:  0.0, Max: 0, Diff: 0, Sum: 0, Workers: 4
[31.727s][debug][gc,phases      ] GC(10)   Weak JFR Old Object Samples    Min:  0.0, Avg:  0.0, Max:  0.0, Diff:  0.0, Sum:  0.0, Workers: 4
[31.727s][debug][gc,phases      ] GC(10)     Dead                           Min: 0, Avg:  0.0, Max: 0, Diff: 0, Sum: 0, Workers: 4
[31.727s][debug][gc,phases      ] GC(10)     Total                          Min: 0, Avg:  0.0, Max: 0, Diff: 0, Sum: 0, Workers: 4
[31.727s][debug][gc,phases      ] GC(10) Weak Processing 0.530ms
[31.727s][debug][gc,age         ] GC(10) Desired survivor size 431489024 bytes, new threshold 10 (max threshold 15)
[31.727s][info ][gc,heap        ] GC(10) PSYoungGen: 1491908K(1572864K)->287675K(1651712K) Eden: 1211392K(1211392K)->0K(1254400K) From: 280516K(361472K)->287675K(397312K)
[31.727s][info ][gc,heap        ] GC(10) ParOldGen: 6187K(18944K)->6203K(18944K)
[31.727s][info ][gc,metaspace   ] GC(10) Metaspace: 76559K(77440K)->76559K(77440K) NonClass: 65520K(65984K)->65520K(65984K) Class: 11039K(11456K)->11039K(11456K)
[31.727s][info ][gc             ] GC(10) Pause Young (Allocation Failure) 1462M->286M(1631M) 119.380ms
[31.727s][info ][gc,cpu         ] GC(10) User=0.35s Sys=0.07s Real=0.12s
[31.727s][info ][safepoint      ] Safepoint "ParallelGCFailedAllocation", Time since last: 148296145 ns, Reaching safepoint: 115300 ns, At safepoint: 119452596 ns, Total: 119567896 ns
[32.727s][info ][safepoint      ] Safepoint "Cleanup", Time since last: 1000089747 ns, Reaching safepoint: 145000 ns, At safepoint: 13900 ns, Total: 158900 ns
[33.727s][info ][safepoint      ] Safepoint "Cleanup", Time since last: 1000103546 ns, Reaching safepoint: 88800 ns, At safepoint: 13000 ns, Total: 101800 ns
[34.727s][info ][safepoint      ] Safepoint "Cleanup", Time since last: 1000111945 ns, Reaching safepoint: 93501 ns, At safepoint: 2700 ns, Total: 96201 ns
[35.728s][info ][safepoint      ] Safepoint "Cleanup", Time since last: 1000108944 ns, Reaching safepoint: 62200 ns, At safepoint: 6500 ns, Total: 68700 ns
[36.728s][info ][safepoint      ] Safepoint "Cleanup", Time since last: 1000098744 ns, Reaching safepoint: 73800 ns, At safepoint: 3800 ns, Total: 77600 ns
[37.870s][info ][safepoint      ] Safepoint "Cleanup", Time since last: 1141599376 ns, Reaching safepoint: 210801 ns, At safepoint: 14000 ns, Total: 224801 ns
[39.225s][info ][safepoint      ] Safepoint "Cleanup", Time since last: 1355194826 ns, Reaching safepoint: 95100 ns, At safepoint: 5200 ns, Total: 100300 ns
[40.225s][info ][safepoint      ] Safepoint "Cleanup", Time since last: 1000101942 ns, Reaching safepoint: 70100 ns, At safepoint: 1900 ns, Total: 72000 ns
[41.225s][info ][safepoint      ] Safepoint "Cleanup", Time since last: 1000056241 ns, Reaching safepoint: 44200 ns, At safepoint: 2100 ns, Total: 46300 ns
[41.471s][info ][gc,start       ] GC(11) Pause Young (Allocation Failure)
[41.574s][debug][gc,phases      ] GC(11) Scavenge 103.528ms
[41.574s][debug][gc,ref         ] GC(11) Skipped phase 1 of Reference Processing: no references
[41.574s][debug][gc,ref         ] GC(11) ReferenceProcessor::execute queues: 4, RefProcThreadModel::Multi, marks_oops_alive: false
[41.575s][debug][gc,ref         ] GC(11) ReferenceProcessor::execute queues: 4, RefProcThreadModel::Multi, marks_oops_alive: true
[41.575s][debug][gc,ref         ] GC(11) ReferenceProcessor::execute queues: 1, RefProcThreadModel::Single, marks_oops_alive: false
[41.575s][debug][gc,phases      ] GC(11) Reference Processing 0.815ms
[41.575s][debug][gc,phases      ] GC(11)   VM Weak                        Min:  0.0, Avg:  0.0, Max:  0.0, Diff:  0.0, Sum:  0.0, Workers: 4
[41.575s][debug][gc,phases      ] GC(11)     Dead                           Min: 0, Avg:  0.0, Max: 0, Diff: 0, Sum: 0, Workers: 4
[41.575s][debug][gc,phases      ] GC(11)     Total                          Min: 0, Avg: 164.5, Max: 448, Diff: 448, Sum: 658, Workers: 4
[41.575s][debug][gc,phases      ] GC(11)   ObjectSynchronizer Weak        Min:  0.0, Avg:  0.0, Max:  0.0, Diff:  0.0, Sum:  0.0, Workers: 4
[41.575s][debug][gc,phases      ] GC(11)     Dead                           Min: 0, Avg:  0.0, Max: 0, Diff: 0, Sum: 0, Workers: 4
[41.575s][debug][gc,phases      ] GC(11)     Total                          Min: 0, Avg: 12.0, Max: 48, Diff: 48, Sum: 48, Workers: 4
[41.575s][debug][gc,phases      ] GC(11)   JVMTI Tag Weak OopStorage      Min:  0.0, Avg:  0.0, Max:  0.0, Diff:  0.0, Sum:  0.0, Workers: 4
[41.575s][debug][gc,phases      ] GC(11)     Dead                           Min: 0, Avg:  0.0, Max: 0, Diff: 0, Sum: 0, Workers: 4
[41.575s][debug][gc,phases      ] GC(11)     Total                          Min: 0, Avg:  0.0, Max: 0, Diff: 0, Sum: 0, Workers: 4
[41.575s][debug][gc,phases      ] GC(11)   StringTable Weak               Min:  0.3, Avg:  0.3, Max:  0.3, Diff:  0.0, Sum:  1.2, Workers: 4
[41.575s][debug][gc,phases      ] GC(11)     Dead                           Min: 0, Avg:  0.0, Max: 0, Diff: 0, Sum: 0, Workers: 4
[41.575s][debug][gc,phases      ] GC(11)     Total                          Min: 10112, Avg: 10560.2, Max: 11072, Diff: 960, Sum: 42241, Workers: 4
[41.575s][debug][gc,phases      ] GC(11)   ResolvedMethodTable Weak       Min:  0.1, Avg:  0.1, Max:  0.1, Diff:  0.0, Sum:  0.3, Workers: 4
[41.575s][debug][gc,phases      ] GC(11)     Dead                           Min: 0, Avg:  0.0, Max: 0, Diff: 0, Sum: 0, Workers: 4
[41.575s][debug][gc,phases      ] GC(11)     Total                          Min: 1788, Avg: 2042.2, Max: 2353, Diff: 565, Sum: 8169, Workers: 4
[41.575s][debug][gc,phases      ] GC(11)   JNI Weak                       Min:  0.0, Avg:  0.0, Max:  0.0, Diff:  0.0, Sum:  0.0, Workers: 4
[41.575s][debug][gc,phases      ] GC(11)     Dead                           Min: 0, Avg:  0.0, Max: 0, Diff: 0, Sum: 0, Workers: 4
[41.575s][debug][gc,phases      ] GC(11)     Total                          Min: 0, Avg: 11.2, Max: 45, Diff: 45, Sum: 45, Workers: 4
[41.575s][debug][gc,phases      ] GC(11)   StringDedup Table Weak         Min:  0.0, Avg:  0.0, Max:  0.0, Diff:  0.0, Sum:  0.0, Workers: 4
[41.575s][debug][gc,phases      ] GC(11)     Dead                           Min: 0, Avg:  0.0, Max: 0, Diff: 0, Sum: 0, Workers: 4
[41.575s][debug][gc,phases      ] GC(11)     Total                          Min: 0, Avg:  0.0, Max: 0, Diff: 0, Sum: 0, Workers: 4
[41.575s][debug][gc,phases      ] GC(11)   StringDedup Requests0 Weak     Min:  0.0, Avg:  0.0, Max:  0.0, Diff:  0.0, Sum:  0.0, Workers: 4
[41.575s][debug][gc,phases      ] GC(11)     Dead                           Min: 0, Avg:  0.0, Max: 0, Diff: 0, Sum: 0, Workers: 4
[41.575s][debug][gc,phases      ] GC(11)     Total                          Min: 0, Avg:  0.0, Max: 0, Diff: 0, Sum: 0, Workers: 4
[41.575s][debug][gc,phases      ] GC(11)   StringDedup Requests1 Weak     Min:  0.0, Avg:  0.0, Max:  0.0, Diff:  0.0, Sum:  0.0, Workers: 4
[41.575s][debug][gc,phases      ] GC(11)     Dead                           Min: 0, Avg:  0.0, Max: 0, Diff: 0, Sum: 0, Workers: 4
[41.575s][debug][gc,phases      ] GC(11)     Total                          Min: 0, Avg:  0.0, Max: 0, Diff: 0, Sum: 0, Workers: 4
[41.575s][debug][gc,phases      ] GC(11)   Weak JFR Old Object Samples    Min:  0.0, Avg:  0.0, Max:  0.0, Diff:  0.0, Sum:  0.0, Workers: 4
[41.575s][debug][gc,phases      ] GC(11)     Dead                           Min: 0, Avg:  0.0, Max: 0, Diff: 0, Sum: 0, Workers: 4
[41.575s][debug][gc,phases      ] GC(11)     Total                          Min: 0, Avg:  0.0, Max: 0, Diff: 0, Sum: 0, Workers: 4
[41.575s][debug][gc,phases      ] GC(11) Weak Processing 0.526ms
[41.575s][debug][gc,age         ] GC(11) Desired survivor size 447217664 bytes, new threshold 11 (max threshold 15)
[41.575s][info ][gc,heap        ] GC(11) PSYoungGen: 1542075K(1651712K)->292256K(1546752K) Eden: 1254400K(1254400K)->0K(1254400K) From: 287675K(397312K)->292256K(292352K)
[41.575s][info ][gc,heap        ] GC(11) ParOldGen: 6203K(18944K)->6211K(18944K)
[41.575s][info ][gc,metaspace   ] GC(11) Metaspace: 76768K(77632K)->76768K(77632K) NonClass: 65728K(66176K)->65728K(66176K) Class: 11039K(11456K)->11039K(11456K)
[41.575s][info ][gc             ] GC(11) Pause Young (Allocation Failure) 1511M->291M(1529M) 104.984ms
[41.576s][info ][gc,cpu         ] GC(11) User=0.37s Sys=0.02s Real=0.10s
[41.576s][info ][safepoint      ] Safepoint "ParallelGCFailedAllocation", Time since last: 245354103 ns, Reaching safepoint: 45600 ns, At safepoint: 105052572 ns, Total: 105098172 ns
[42.576s][info ][safepoint      ] Safepoint "Cleanup", Time since last: 1000084541 ns, Reaching safepoint: 87100 ns, At safepoint: 2400 ns, Total: 89500 ns
[43.576s][info ][safepoint      ] Safepoint "Cleanup", Time since last: 1000090040 ns, Reaching safepoint: 77300 ns, At safepoint: 2000 ns, Total: 79300 ns
[44.576s][info ][safepoint      ] Safepoint "Cleanup", Time since last: 1000120339 ns, Reaching safepoint: 60100 ns, At safepoint: 5800 ns, Total: 65900 ns
[45.576s][info ][safepoint      ] Safepoint "Cleanup", Time since last: 1000118639 ns, Reaching safepoint: 67000 ns, At safepoint: 2100 ns, Total: 69100 ns
[46.576s][info ][safepoint      ] Safepoint "Cleanup", Time since last: 1000103638 ns, Reaching safepoint: 45000 ns, At safepoint: 2900 ns, Total: 47900 ns
[47.577s][info ][safepoint      ] Safepoint "Cleanup", Time since last: 1000094238 ns, Reaching safepoint: 43000 ns, At safepoint: 2700 ns, Total: 45700 ns
[48.577s][info ][safepoint      ] Safepoint "Cleanup", Time since last: 1000103537 ns, Reaching safepoint: 56100 ns, At safepoint: 2000 ns, Total: 58100 ns
[49.577s][info ][safepoint      ] Safepoint "Cleanup", Time since last: 1000096037 ns, Reaching safepoint: 63000 ns, At safepoint: 2600 ns, Total: 65600 ns
[50.577s][info ][safepoint      ] Safepoint "Cleanup", Time since last: 1000090835 ns, Reaching safepoint: 63801 ns, At safepoint: 5200 ns, Total: 69001 ns
[51.577s][info ][safepoint      ] Safepoint "Cleanup", Time since last: 1000102235 ns, Reaching safepoint: 74300 ns, At safepoint: 3400 ns, Total: 77700 ns
[52.579s][info ][safepoint      ] Safepoint "Cleanup", Time since last: 1001626537 ns, Reaching safepoint: 99500 ns, At safepoint: 12900 ns, Total: 112400 ns
[53.579s][info ][safepoint      ] Safepoint "Cleanup", Time since last: 1000063834 ns, Reaching safepoint: 54300 ns, At safepoint: 5800 ns, Total: 60100 ns
[53.670s][info ][gc,start       ] GC(12) Pause Young (Allocation Failure)
[53.766s][debug][gc,phases      ] GC(12) Scavenge 96.272ms
[53.766s][debug][gc,ref         ] GC(12) Skipped phase 1 of Reference Processing: no references
[53.766s][debug][gc,ref         ] GC(12) ReferenceProcessor::execute queues: 4, RefProcThreadModel::Multi, marks_oops_alive: false
[53.767s][debug][gc,ref         ] GC(12) Skipped phase 3 of Reference Processing: no references
[53.767s][debug][gc,ref         ] GC(12) ReferenceProcessor::execute queues: 1, RefProcThreadModel::Single, marks_oops_alive: false
[53.767s][debug][gc,phases      ] GC(12) Reference Processing 0.561ms
[53.767s][debug][gc,phases      ] GC(12)   VM Weak                        Min:  0.0, Avg:  0.0, Max:  0.0, Diff:  0.0, Sum:  0.0, Workers: 4
[53.767s][debug][gc,phases      ] GC(12)     Dead                           Min: 0, Avg:  0.0, Max: 0, Diff: 0, Sum: 0, Workers: 4
[53.767s][debug][gc,phases      ] GC(12)     Total                          Min: 18, Avg: 164.5, Max: 384, Diff: 366, Sum: 658, Workers: 4
[53.767s][debug][gc,phases      ] GC(12)   ObjectSynchronizer Weak        Min:  0.0, Avg:  0.0, Max:  0.0, Diff:  0.0, Sum:  0.0, Workers: 4
[53.767s][debug][gc,phases      ] GC(12)     Dead                           Min: 0, Avg:  0.0, Max: 0, Diff: 0, Sum: 0, Workers: 4
[53.767s][debug][gc,phases      ] GC(12)     Total                          Min: 0, Avg: 12.0, Max: 48, Diff: 48, Sum: 48, Workers: 4
[53.767s][debug][gc,phases      ] GC(12)   JVMTI Tag Weak OopStorage      Min:  0.0, Avg:  0.0, Max:  0.0, Diff:  0.0, Sum:  0.0, Workers: 4
[53.767s][debug][gc,phases      ] GC(12)     Dead                           Min: 0, Avg:  0.0, Max: 0, Diff: 0, Sum: 0, Workers: 4
[53.767s][debug][gc,phases      ] GC(12)     Total                          Min: 0, Avg:  0.0, Max: 0, Diff: 0, Sum: 0, Workers: 4
[53.767s][debug][gc,phases      ] GC(12)   StringTable Weak               Min:  0.3, Avg:  0.3, Max:  0.3, Diff:  0.0, Sum:  1.3, Workers: 4
[53.767s][debug][gc,phases      ] GC(12)     Dead                           Min: 0, Avg:  0.0, Max: 0, Diff: 0, Sum: 0, Workers: 4
[53.767s][debug][gc,phases      ] GC(12)     Total                          Min: 9472, Avg: 10583.0, Max: 11648, Diff: 2176, Sum: 42332, Workers: 4
[53.767s][debug][gc,phases      ] GC(12)   ResolvedMethodTable Weak       Min:  0.1, Avg:  0.1, Max:  0.1, Diff:  0.0, Sum:  0.3, Workers: 4
[53.767s][debug][gc,phases      ] GC(12)     Dead                           Min: 0, Avg:  0.0, Max: 0, Diff: 0, Sum: 0, Workers: 4
[53.767s][debug][gc,phases      ] GC(12)     Total                          Min: 1847, Avg: 2042.2, Max: 2360, Diff: 513, Sum: 8169, Workers: 4
[53.767s][debug][gc,phases      ] GC(12)   JNI Weak                       Min:  0.0, Avg:  0.0, Max:  0.0, Diff:  0.0, Sum:  0.0, Workers: 4
[53.767s][debug][gc,phases      ] GC(12)     Dead                           Min: 0, Avg:  0.0, Max: 0, Diff: 0, Sum: 0, Workers: 4
[53.767s][debug][gc,phases      ] GC(12)     Total                          Min: 0, Avg: 11.2, Max: 45, Diff: 45, Sum: 45, Workers: 4
[53.767s][debug][gc,phases      ] GC(12)   StringDedup Table Weak         Min:  0.0, Avg:  0.0, Max:  0.0, Diff:  0.0, Sum:  0.0, Workers: 4
[53.767s][debug][gc,phases      ] GC(12)     Dead                           Min: 0, Avg:  0.0, Max: 0, Diff: 0, Sum: 0, Workers: 4
[53.767s][debug][gc,phases      ] GC(12)     Total                          Min: 0, Avg:  0.0, Max: 0, Diff: 0, Sum: 0, Workers: 4
[53.767s][debug][gc,phases      ] GC(12)   StringDedup Requests0 Weak     Min:  0.0, Avg:  0.0, Max:  0.0, Diff:  0.0, Sum:  0.0, Workers: 4
[53.767s][debug][gc,phases      ] GC(12)     Dead                           Min: 0, Avg:  0.0, Max: 0, Diff: 0, Sum: 0, Workers: 4
[53.767s][debug][gc,phases      ] GC(12)     Total                          Min: 0, Avg:  0.0, Max: 0, Diff: 0, Sum: 0, Workers: 4
[53.767s][debug][gc,phases      ] GC(12)   StringDedup Requests1 Weak     Min:  0.0, Avg:  0.0, Max:  0.0, Diff:  0.0, Sum:  0.0, Workers: 4
[53.767s][debug][gc,phases      ] GC(12)     Dead                           Min: 0, Avg:  0.0, Max: 0, Diff: 0, Sum: 0, Workers: 4
[53.767s][debug][gc,phases      ] GC(12)     Total                          Min: 0, Avg:  0.0, Max: 0, Diff: 0, Sum: 0, Workers: 4
[53.767s][debug][gc,phases      ] GC(12)   Weak JFR Old Object Samples    Min:  0.0, Avg:  0.0, Max:  0.0, Diff:  0.0, Sum:  0.0, Workers: 4
[53.767s][debug][gc,phases      ] GC(12)     Dead                           Min: 0, Avg:  0.0, Max: 0, Diff: 0, Sum: 0, Workers: 4
[53.767s][debug][gc,phases      ] GC(12)     Total                          Min: 0, Avg:  0.0, Max: 0, Diff: 0, Sum: 0, Workers: 4
[53.767s][debug][gc,phases      ] GC(12) Weak Processing 0.569ms
[53.767s][debug][gc,age         ] GC(12) Desired survivor size 456654848 bytes, new threshold 12 (max threshold 15)
[53.767s][info ][gc,heap        ] GC(12) PSYoungGen: 1546656K(1546752K)->292278K(1641984K) Eden: 1254400K(1254400K)->0K(1205248K) From: 292256K(292352K)->292278K(436736K)
[53.767s][info ][gc,heap        ] GC(12) ParOldGen: 6211K(18944K)->6219K(18944K)
[53.767s][info ][gc,metaspace   ] GC(12) Metaspace: 76830K(77696K)->76830K(77696K) NonClass: 65790K(66240K)->65790K(66240K) Class: 11040K(11456K)->11040K(11456K)
[53.767s][info ][gc             ] GC(12) Pause Young (Allocation Failure) 1516M->291M(1622M) 97.522ms
[53.767s][info ][gc,cpu         ] GC(12) User=0.36s Sys=0.00s Real=0.10s
[53.767s][info ][safepoint      ] Safepoint "ParallelGCFailedAllocation", Time since last: 90589848 ns, Reaching safepoint: 43200 ns, At safepoint: 97593760 ns, Total: 97636960 ns
[54.767s][info ][safepoint      ] Safepoint "Cleanup", Time since last: 1000084833 ns, Reaching safepoint: 47000 ns, At safepoint: 5900 ns, Total: 52900 ns
[55.768s][info ][safepoint      ] Safepoint "Cleanup", Time since last: 1000106033 ns, Reaching safepoint: 152400 ns, At safepoint: 8300 ns, Total: 160700 ns
[56.768s][info ][safepoint      ] Safepoint "Cleanup", Time since last: 1000066832 ns, Reaching safepoint: 108701 ns, At safepoint: 8700 ns, Total: 117401 ns
[57.768s][info ][safepoint      ] Safepoint "Cleanup", Time since last: 1000075531 ns, Reaching safepoint: 94900 ns, At safepoint: 9400 ns, Total: 104300 ns
[58.768s][info ][safepoint      ] Safepoint "Cleanup", Time since last: 1000136231 ns, Reaching safepoint: 114701 ns, At safepoint: 6800 ns, Total: 121501 ns
[59.769s][info ][safepoint      ] Safepoint "Cleanup", Time since last: 1000109430 ns, Reaching safepoint: 115200 ns, At safepoint: 5600 ns, Total: 120800 ns
[60.769s][info ][safepoint      ] Safepoint "Cleanup", Time since last: 1000121930 ns, Reaching safepoint: 119800 ns, At safepoint: 12900 ns, Total: 132700 ns
[61.769s][info ][safepoint      ] Safepoint "Cleanup", Time since last: 1000108330 ns, Reaching safepoint: 136000 ns, At safepoint: 10600 ns, Total: 146600 ns
[62.769s][info ][safepoint      ] Safepoint "Cleanup", Time since last: 1000117829 ns, Reaching safepoint: 120700 ns, At safepoint: 5500 ns, Total: 126200 ns
[63.770s][info ][safepoint      ] Safepoint "Cleanup", Time since last: 1000123328 ns, Reaching safepoint: 88600 ns, At safepoint: 9000 ns, Total: 97600 ns
[63.870s][info ][gc,start       ] GC(13) Pause Young (Allocation Failure)
[63.973s][debug][gc,phases      ] GC(13) Scavenge 102.981ms
[63.973s][debug][gc,ref         ] GC(13) Skipped phase 1 of Reference Processing: no references
[63.973s][debug][gc,ref         ] GC(13) ReferenceProcessor::execute queues: 4, RefProcThreadModel::Multi, marks_oops_alive: false
[63.974s][debug][gc,ref         ] GC(13) Skipped phase 3 of Reference Processing: no references
[63.974s][debug][gc,ref         ] GC(13) ReferenceProcessor::execute queues: 1, RefProcThreadModel::Single, marks_oops_alive: false
[63.974s][debug][gc,phases      ] GC(13) Reference Processing 0.552ms
[63.974s][debug][gc,phases      ] GC(13)   VM Weak                        Min:  0.0, Avg:  0.0, Max:  0.0, Diff:  0.0, Sum:  0.0, Workers: 4
[63.974s][debug][gc,phases      ] GC(13)     Dead                           Min: 0, Avg:  0.0, Max: 0, Diff: 0, Sum: 0, Workers: 4
[63.974s][debug][gc,phases      ] GC(13)     Total                          Min: 0, Avg: 164.8, Max: 448, Diff: 448, Sum: 659, Workers: 4
[63.974s][debug][gc,phases      ] GC(13)   ObjectSynchronizer Weak        Min:  0.0, Avg:  0.0, Max:  0.0, Diff:  0.0, Sum:  0.0, Workers: 4
[63.974s][debug][gc,phases      ] GC(13)     Dead                           Min: 0, Avg:  0.0, Max: 0, Diff: 0, Sum: 0, Workers: 4
[63.974s][debug][gc,phases      ] GC(13)     Total                          Min: 0, Avg: 12.0, Max: 48, Diff: 48, Sum: 48, Workers: 4
[63.974s][debug][gc,phases      ] GC(13)   JVMTI Tag Weak OopStorage      Min:  0.0, Avg:  0.0, Max:  0.0, Diff:  0.0, Sum:  0.0, Workers: 4
[63.974s][debug][gc,phases      ] GC(13)     Dead                           Min: 0, Avg:  0.0, Max: 0, Diff: 0, Sum: 0, Workers: 4
[63.974s][debug][gc,phases      ] GC(13)     Total                          Min: 0, Avg:  0.0, Max: 0, Diff: 0, Sum: 0, Workers: 4
[63.974s][debug][gc,phases      ] GC(13)   StringTable Weak               Min:  0.1, Avg:  0.3, Max:  0.5, Diff:  0.4, Sum:  1.4, Workers: 4
[63.974s][debug][gc,phases      ] GC(13)     Dead                           Min: 0, Avg:  0.2, Max: 1, Diff: 1, Sum: 1, Workers: 4
[63.974s][debug][gc,phases      ] GC(13)     Total                          Min: 2112, Avg: 10592.0, Max: 16704, Diff: 14592, Sum: 42368, Workers: 4
[63.974s][debug][gc,phases      ] GC(13)   ResolvedMethodTable Weak       Min:  0.0, Avg:  0.1, Max:  0.1, Diff:  0.1, Sum:  0.3, Workers: 4
[63.974s][debug][gc,phases      ] GC(13)     Dead                           Min: 0, Avg:  0.0, Max: 0, Diff: 0, Sum: 0, Workers: 4
[63.974s][debug][gc,phases      ] GC(13)     Total                          Min: 0, Avg: 2046.2, Max: 2812, Diff: 2812, Sum: 8185, Workers: 4
[63.974s][debug][gc,phases      ] GC(13)   JNI Weak                       Min:  0.0, Avg:  0.0, Max:  0.0, Diff:  0.0, Sum:  0.0, Workers: 4
[63.974s][debug][gc,phases      ] GC(13)     Dead                           Min: 0, Avg:  0.0, Max: 0, Diff: 0, Sum: 0, Workers: 4
[63.974s][debug][gc,phases      ] GC(13)     Total                          Min: 0, Avg: 11.2, Max: 45, Diff: 45, Sum: 45, Workers: 4
[63.974s][debug][gc,phases      ] GC(13)   StringDedup Table Weak         Min:  0.0, Avg:  0.0, Max:  0.0, Diff:  0.0, Sum:  0.0, Workers: 4
[63.974s][debug][gc,phases      ] GC(13)     Dead                           Min: 0, Avg:  0.0, Max: 0, Diff: 0, Sum: 0, Workers: 4
[63.974s][debug][gc,phases      ] GC(13)     Total                          Min: 0, Avg:  0.0, Max: 0, Diff: 0, Sum: 0, Workers: 4
[63.974s][debug][gc,phases      ] GC(13)   StringDedup Requests0 Weak     Min:  0.0, Avg:  0.0, Max:  0.0, Diff:  0.0, Sum:  0.0, Workers: 4
[63.974s][debug][gc,phases      ] GC(13)     Dead                           Min: 0, Avg:  0.0, Max: 0, Diff: 0, Sum: 0, Workers: 4
[63.974s][debug][gc,phases      ] GC(13)     Total                          Min: 0, Avg:  0.0, Max: 0, Diff: 0, Sum: 0, Workers: 4
[63.974s][debug][gc,phases      ] GC(13)   StringDedup Requests1 Weak     Min:  0.0, Avg:  0.0, Max:  0.0, Diff:  0.0, Sum:  0.0, Workers: 4
[63.974s][debug][gc,phases      ] GC(13)     Dead                           Min: 0, Avg:  0.0, Max: 0, Diff: 0, Sum: 0, Workers: 4
[63.974s][debug][gc,phases      ] GC(13)     Total                          Min: 0, Avg:  0.0, Max: 0, Diff: 0, Sum: 0, Workers: 4
[63.974s][debug][gc,phases      ] GC(13)   Weak JFR Old Object Samples    Min:  0.0, Avg:  0.0, Max:  0.0, Diff:  0.0, Sum:  0.0, Workers: 4
[63.974s][debug][gc,phases      ] GC(13)     Dead                           Min: 0, Avg:  0.0, Max: 0, Diff: 0, Sum: 0, Workers: 4
[63.974s][debug][gc,phases      ] GC(13)     Total                          Min: 0, Avg:  0.0, Max: 0, Diff: 0, Sum: 0, Workers: 4
[63.974s][debug][gc,phases      ] GC(13) Weak Processing 0.746ms
[63.974s][debug][gc,age         ] GC(13) Desired survivor size 462422016 bytes, new threshold 13 (max threshold 15)
[63.974s][info ][gc,heap        ] GC(13) PSYoungGen: 1497526K(1641984K)->292324K(1497600K) Eden: 1205248K(1205248K)->0K(1205248K) From: 292278K(436736K)->292324K(292352K)
[63.974s][info ][gc,heap        ] GC(13) ParOldGen: 6219K(18944K)->6227K(18944K)
[63.974s][info ][gc,metaspace   ] GC(13) Metaspace: 76917K(77824K)->76917K(77824K) NonClass: 65866K(66368K)->65866K(66368K) Class: 11050K(11456K)->11050K(11456K)
[63.974s][info ][gc             ] GC(13) Pause Young (Allocation Failure) 1468M->291M(1481M) 104.411ms
[63.974s][info ][gc,cpu         ] GC(13) User=0.39s Sys=0.01s Real=0.10s
[63.974s][info ][safepoint      ] Safepoint "ParallelGCFailedAllocation", Time since last: 100384364 ns, Reaching safepoint: 56700 ns, At safepoint: 104491870 ns, Total: 104548570 ns
[64.975s][info ][safepoint      ] Safepoint "Cleanup", Time since last: 1000088127 ns, Reaching safepoint: 95901 ns, At safepoint: 2500 ns, Total: 98401 ns
[65.975s][info ][safepoint      ] Safepoint "Cleanup", Time since last: 1000102426 ns, Reaching safepoint: 55701 ns, At safepoint: 8700 ns, Total: 64401 ns
[67.029s][info ][safepoint      ] Safepoint "Cleanup", Time since last: 1053732613 ns, Reaching safepoint: 90900 ns, At safepoint: 2700 ns, Total: 93600 ns
[68.120s][info ][safepoint      ] Safepoint "Cleanup", Time since last: 1091213174 ns, Reaching safepoint: 261800 ns, At safepoint: 17701 ns, Total: 279501 ns
[69.518s][info ][safepoint      ] Safepoint "Cleanup", Time since last: 1397377270 ns, Reaching safepoint: 152200 ns, At safepoint: 7700 ns, Total: 159900 ns
[70.518s][info ][safepoint      ] Safepoint "Cleanup", Time since last: 1000109925 ns, Reaching safepoint: 199300 ns, At safepoint: 7300 ns, Total: 206600 ns
[70.826s][info ][gc,start       ] GC(14) Pause Young (Allocation Failure)
[70.938s][debug][gc,phases      ] GC(14) Scavenge 112.377ms
[70.938s][debug][gc,ref         ] GC(14) Skipped phase 1 of Reference Processing: no references
[70.938s][debug][gc,ref         ] GC(14) ReferenceProcessor::execute queues: 4, RefProcThreadModel::Multi, marks_oops_alive: false
[70.939s][debug][gc,ref         ] GC(14) Skipped phase 3 of Reference Processing: no references
[70.939s][debug][gc,ref         ] GC(14) ReferenceProcessor::execute queues: 1, RefProcThreadModel::Single, marks_oops_alive: false
[70.939s][debug][gc,phases      ] GC(14) Reference Processing 0.594ms
[70.939s][debug][gc,phases      ] GC(14)   VM Weak                        Min:  0.0, Avg:  0.0, Max:  0.0, Diff:  0.0, Sum:  0.0, Workers: 4
[70.939s][debug][gc,phases      ] GC(14)     Dead                           Min: 0, Avg:  0.0, Max: 0, Diff: 0, Sum: 0, Workers: 4
[70.939s][debug][gc,phases      ] GC(14)     Total                          Min: 0, Avg: 164.8, Max: 384, Diff: 384, Sum: 659, Workers: 4
[70.939s][debug][gc,phases      ] GC(14)   ObjectSynchronizer Weak        Min:  0.0, Avg:  0.0, Max:  0.0, Diff:  0.0, Sum:  0.0, Workers: 4
[70.939s][debug][gc,phases      ] GC(14)     Dead                           Min: 0, Avg:  0.5, Max: 2, Diff: 2, Sum: 2, Workers: 4
[70.939s][debug][gc,phases      ] GC(14)     Total                          Min: 0, Avg: 12.0, Max: 48, Diff: 48, Sum: 48, Workers: 4
[70.939s][debug][gc,phases      ] GC(14)   JVMTI Tag Weak OopStorage      Min:  0.0, Avg:  0.0, Max:  0.0, Diff:  0.0, Sum:  0.0, Workers: 4
[70.939s][debug][gc,phases      ] GC(14)     Dead                           Min: 0, Avg:  0.0, Max: 0, Diff: 0, Sum: 0, Workers: 4
[70.939s][debug][gc,phases      ] GC(14)     Total                          Min: 0, Avg:  0.0, Max: 0, Diff: 0, Sum: 0, Workers: 4
[70.939s][debug][gc,phases      ] GC(14)   StringTable Weak               Min:  0.0, Avg:  0.3, Max:  0.3, Diff:  0.3, Sum:  1.0, Workers: 4
[70.939s][debug][gc,phases      ] GC(14)     Dead                           Min: 0, Avg:  0.5, Max: 2, Diff: 2, Sum: 2, Workers: 4
[70.939s][debug][gc,phases      ] GC(14)     Total                          Min: 0, Avg: 10600.5, Max: 18752, Diff: 18752, Sum: 42402, Workers: 4
[70.939s][debug][gc,phases      ] GC(14)   ResolvedMethodTable Weak       Min:  0.0, Avg:  0.1, Max:  0.1, Diff:  0.1, Sum:  0.2, Workers: 4
[70.939s][debug][gc,phases      ] GC(14)     Dead                           Min: 0, Avg:  0.0, Max: 0, Diff: 0, Sum: 0, Workers: 4
[70.939s][debug][gc,phases      ] GC(14)     Total                          Min: 0, Avg: 2050.8, Max: 3918, Diff: 3918, Sum: 8203, Workers: 4
[70.939s][debug][gc,phases      ] GC(14)   JNI Weak                       Min:  0.0, Avg:  0.0, Max:  0.0, Diff:  0.0, Sum:  0.0, Workers: 4
[70.939s][debug][gc,phases      ] GC(14)     Dead                           Min: 0, Avg:  0.0, Max: 0, Diff: 0, Sum: 0, Workers: 4
[70.939s][debug][gc,phases      ] GC(14)     Total                          Min: 0, Avg: 11.2, Max: 45, Diff: 45, Sum: 45, Workers: 4
[70.939s][debug][gc,phases      ] GC(14)   StringDedup Table Weak         Min:  0.0, Avg:  0.0, Max:  0.0, Diff:  0.0, Sum:  0.0, Workers: 4
[70.939s][debug][gc,phases      ] GC(14)     Dead                           Min: 0, Avg:  0.0, Max: 0, Diff: 0, Sum: 0, Workers: 4
[70.939s][debug][gc,phases      ] GC(14)     Total                          Min: 0, Avg:  0.0, Max: 0, Diff: 0, Sum: 0, Workers: 4
[70.939s][debug][gc,phases      ] GC(14)   StringDedup Requests0 Weak     Min:  0.0, Avg:  0.0, Max:  0.0, Diff:  0.0, Sum:  0.0, Workers: 4
[70.939s][debug][gc,phases      ] GC(14)     Dead                           Min: 0, Avg:  0.0, Max: 0, Diff: 0, Sum: 0, Workers: 4
[70.939s][debug][gc,phases      ] GC(14)     Total                          Min: 0, Avg:  0.0, Max: 0, Diff: 0, Sum: 0, Workers: 4
[70.939s][debug][gc,phases      ] GC(14)   StringDedup Requests1 Weak     Min:  0.0, Avg:  0.0, Max:  0.0, Diff:  0.0, Sum:  0.0, Workers: 4
[70.939s][debug][gc,phases      ] GC(14)     Dead                           Min: 0, Avg:  0.0, Max: 0, Diff: 0, Sum: 0, Workers: 4
[70.939s][debug][gc,phases      ] GC(14)     Total                          Min: 0, Avg:  0.0, Max: 0, Diff: 0, Sum: 0, Workers: 4
[70.939s][debug][gc,phases      ] GC(14)   Weak JFR Old Object Samples    Min:  0.0, Avg:  0.0, Max:  0.0, Diff:  0.0, Sum:  0.0, Workers: 4
[70.939s][debug][gc,phases      ] GC(14)     Dead                           Min: 0, Avg:  0.0, Max: 0, Diff: 0, Sum: 0, Workers: 4
[70.939s][debug][gc,phases      ] GC(14)     Total                          Min: 0, Avg:  0.0, Max: 0, Diff: 0, Sum: 0, Workers: 4
[70.939s][debug][gc,phases      ] GC(14) Weak Processing 0.583ms
[70.940s][debug][gc,age         ] GC(14) Desired survivor size 472383488 bytes, new threshold 14 (max threshold 15)
[70.940s][info ][gc,heap        ] GC(14) PSYoungGen: 1497572K(1497600K)->311554K(1626112K) Eden: 1205248K(1205248K)->0K(1174528K) From: 292324K(292352K)->311554K(451584K)
[70.940s][info ][gc,heap        ] GC(14) ParOldGen: 6227K(18944K)->6235K(18944K)
[70.940s][info ][gc,metaspace   ] GC(14) Metaspace: 77013K(77888K)->77013K(77888K) NonClass: 65950K(66432K)->65950K(66432K) Class: 11062K(11456K)->11062K(11456K)
[70.940s][info ][gc             ] GC(14) Pause Young (Allocation Failure) 1468M->310M(1606M) 113.681ms
[70.940s][info ][gc,cpu         ] GC(14) User=0.34s Sys=0.00s Real=0.12s
[70.940s][info ][safepoint      ] Safepoint "ParallelGCFailedAllocation", Time since last: 307793700 ns, Reaching safepoint: 49300 ns, At safepoint: 113767685 ns, Total: 113816985 ns
[71.940s][info ][safepoint      ] Safepoint "Cleanup", Time since last: 1000079823 ns, Reaching safepoint: 61800 ns, At safepoint: 2400 ns, Total: 64200 ns
[72.940s][info ][safepoint      ] Safepoint "Cleanup", Time since last: 1000109723 ns, Reaching safepoint: 41300 ns, At safepoint: 3000 ns, Total: 44300 ns
[73.940s][info ][safepoint      ] Safepoint "Cleanup", Time since last: 1000104723 ns, Reaching safepoint: 40600 ns, At safepoint: 2600 ns, Total: 43200 ns
[74.940s][info ][safepoint      ] Safepoint "Cleanup", Time since last: 1000104122 ns, Reaching safepoint: 59100 ns, At safepoint: 4100 ns, Total: 63200 ns
[75.940s][info ][safepoint      ] Safepoint "Cleanup", Time since last: 1000102221 ns, Reaching safepoint: 63400 ns, At safepoint: 3200 ns, Total: 66600 ns
[76.941s][info ][safepoint      ] Safepoint "Cleanup", Time since last: 1000102521 ns, Reaching safepoint: 45200 ns, At safepoint: 2400 ns, Total: 47600 ns
[77.941s][info ][safepoint      ] Safepoint "Cleanup", Time since last: 1000091520 ns, Reaching safepoint: 61600 ns, At safepoint: 6900 ns, Total: 68500 ns
[78.816s][info ][gc,start       ] GC(15) Pause Young (Allocation Failure)
[78.917s][debug][gc,phases      ] GC(15) Scavenge 100.694ms
[78.917s][debug][gc,ref         ] GC(15) Skipped phase 1 of Reference Processing: no references
[78.917s][debug][gc,ref         ] GC(15) ReferenceProcessor::execute queues: 4, RefProcThreadModel::Multi, marks_oops_alive: false
[78.918s][debug][gc,ref         ] GC(15) Skipped phase 3 of Reference Processing: no references
[78.918s][debug][gc,ref         ] GC(15) ReferenceProcessor::execute queues: 1, RefProcThreadModel::Single, marks_oops_alive: false
[78.918s][debug][gc,phases      ] GC(15) Reference Processing 0.501ms
[78.918s][debug][gc,phases      ] GC(15)   VM Weak                        Min:  0.0, Avg:  0.0, Max:  0.0, Diff:  0.0, Sum:  0.0, Workers: 4
[78.918s][debug][gc,phases      ] GC(15)     Dead                           Min: 0, Avg:  0.0, Max: 0, Diff: 0, Sum: 0, Workers: 4
[78.918s][debug][gc,phases      ] GC(15)     Total                          Min: 0, Avg: 164.8, Max: 384, Diff: 384, Sum: 659, Workers: 4
[78.918s][debug][gc,phases      ] GC(15)   ObjectSynchronizer Weak        Min:  0.0, Avg:  0.0, Max:  0.0, Diff:  0.0, Sum:  0.0, Workers: 4
[78.918s][debug][gc,phases      ] GC(15)     Dead                           Min: 0, Avg:  0.0, Max: 0, Diff: 0, Sum: 0, Workers: 4
[78.918s][debug][gc,phases      ] GC(15)     Total                          Min: 0, Avg: 12.0, Max: 48, Diff: 48, Sum: 48, Workers: 4
[78.918s][debug][gc,phases      ] GC(15)   JVMTI Tag Weak OopStorage      Min:  0.0, Avg:  0.0, Max:  0.0, Diff:  0.0, Sum:  0.0, Workers: 4
[78.918s][debug][gc,phases      ] GC(15)     Dead                           Min: 0, Avg:  0.0, Max: 0, Diff: 0, Sum: 0, Workers: 4
[78.918s][debug][gc,phases      ] GC(15)     Total                          Min: 0, Avg:  0.0, Max: 0, Diff: 0, Sum: 0, Workers: 4
[78.918s][debug][gc,phases      ] GC(15)   StringTable Weak               Min:  0.1, Avg:  0.3, Max:  0.3, Diff:  0.2, Sum:  1.1, Workers: 4
[78.918s][debug][gc,phases      ] GC(15)     Dead                           Min: 0, Avg:  0.2, Max: 1, Diff: 1, Sum: 1, Workers: 4
[78.918s][debug][gc,phases      ] GC(15)     Total                          Min: 3840, Avg: 10613.8, Max: 14784, Diff: 10944, Sum: 42455, Workers: 4
[78.918s][debug][gc,phases      ] GC(15)   ResolvedMethodTable Weak       Min:  0.1, Avg:  0.1, Max:  0.1, Diff:  0.0, Sum:  0.3, Workers: 4
[78.918s][debug][gc,phases      ] GC(15)     Dead                           Min: 0, Avg:  0.2, Max: 1, Diff: 1, Sum: 1, Workers: 4
[78.918s][debug][gc,phases      ] GC(15)     Total                          Min: 1726, Avg: 2052.0, Max: 2304, Diff: 578, Sum: 8208, Workers: 4
[78.918s][debug][gc,phases      ] GC(15)   JNI Weak                       Min:  0.0, Avg:  0.0, Max:  0.0, Diff:  0.0, Sum:  0.0, Workers: 4
[78.918s][debug][gc,phases      ] GC(15)     Dead                           Min: 0, Avg:  0.0, Max: 0, Diff: 0, Sum: 0, Workers: 4
[78.918s][debug][gc,phases      ] GC(15)     Total                          Min: 0, Avg: 11.2, Max: 45, Diff: 45, Sum: 45, Workers: 4
[78.918s][debug][gc,phases      ] GC(15)   StringDedup Table Weak         Min:  0.0, Avg:  0.0, Max:  0.0, Diff:  0.0, Sum:  0.0, Workers: 4
[78.918s][debug][gc,phases      ] GC(15)     Dead                           Min: 0, Avg:  0.0, Max: 0, Diff: 0, Sum: 0, Workers: 4
[78.918s][debug][gc,phases      ] GC(15)     Total                          Min: 0, Avg:  0.0, Max: 0, Diff: 0, Sum: 0, Workers: 4
[78.918s][debug][gc,phases      ] GC(15)   StringDedup Requests0 Weak     Min:  0.0, Avg:  0.0, Max:  0.0, Diff:  0.0, Sum:  0.0, Workers: 4
[78.918s][debug][gc,phases      ] GC(15)     Dead                           Min: 0, Avg:  0.0, Max: 0, Diff: 0, Sum: 0, Workers: 4
[78.918s][debug][gc,phases      ] GC(15)     Total                          Min: 0, Avg:  0.0, Max: 0, Diff: 0, Sum: 0, Workers: 4
[78.918s][debug][gc,phases      ] GC(15)   StringDedup Requests1 Weak     Min:  0.0, Avg:  0.0, Max:  0.0, Diff:  0.0, Sum:  0.0, Workers: 4
[78.918s][debug][gc,phases      ] GC(15)     Dead                           Min: 0, Avg:  0.0, Max: 0, Diff: 0, Sum: 0, Workers: 4
[78.918s][debug][gc,phases      ] GC(15)     Total                          Min: 0, Avg:  0.0, Max: 0, Diff: 0, Sum: 0, Workers: 4
[78.918s][debug][gc,phases      ] GC(15)   Weak JFR Old Object Samples    Min:  0.0, Avg:  0.0, Max:  0.0, Diff:  0.0, Sum:  0.0, Workers: 4
[78.918s][debug][gc,phases      ] GC(15)     Dead                           Min: 0, Avg:  0.0, Max: 0, Diff: 0, Sum: 0, Workers: 4
[78.918s][debug][gc,phases      ] GC(15)     Total                          Min: 0, Avg:  0.0, Max: 0, Diff: 0, Sum: 0, Workers: 4
[78.918s][debug][gc,phases      ] GC(15) Weak Processing 0.573ms
[78.918s][debug][gc,age         ] GC(15) Desired survivor size 477102080 bytes, new threshold 15 (max threshold 15)
[78.918s][info ][gc,heap        ] GC(15) PSYoungGen: 1486082K(1626112K)->306521K(1481216K) Eden: 1174528K(1174528K)->0K(1174528K) From: 311554K(451584K)->306521K(306688K)
[78.918s][info ][gc,heap        ] GC(15) ParOldGen: 6235K(18944K)->6243K(18944K)
[78.918s][info ][gc,metaspace   ] GC(15) Metaspace: 77044K(77888K)->77044K(77888K) NonClass: 65979K(66432K)->65979K(66432K) Class: 11064K(11456K)->11064K(11456K)
[78.918s][info ][gc             ] GC(15) Pause Young (Allocation Failure) 1457M->305M(1465M) 101.891ms
[78.918s][info ][gc,cpu         ] GC(15) User=0.37s Sys=0.00s Real=0.11s
[78.918s][info ][safepoint      ] Safepoint "ParallelGCFailedAllocation", Time since last: 875688018 ns, Reaching safepoint: 55400 ns, At safepoint: 101965966 ns, Total: 102021366 ns
[79.919s][info ][safepoint      ] Safepoint "Cleanup", Time since last: 1000092119 ns, Reaching safepoint: 124700 ns, At safepoint: 10200 ns, Total: 134900 ns
[80.919s][info ][safepoint      ] Safepoint "Cleanup", Time since last: 1000102618 ns, Reaching safepoint: 121901 ns, At safepoint: 8000 ns, Total: 129901 ns
[81.919s][info ][safepoint      ] Safepoint "Cleanup", Time since last: 1000114918 ns, Reaching safepoint: 116500 ns, At safepoint: 7600 ns, Total: 124100 ns
[82.919s][info ][safepoint      ] Safepoint "Cleanup", Time since last: 1000164017 ns, Reaching safepoint: 120001 ns, At safepoint: 6800 ns, Total: 126801 ns
[83.920s][info ][safepoint      ] Safepoint "Cleanup", Time since last: 1000099716 ns, Reaching safepoint: 111301 ns, At safepoint: 6500 ns, Total: 117801 ns
[84.920s][info ][safepoint      ] Safepoint "Cleanup", Time since last: 1000105616 ns, Reaching safepoint: 117700 ns, At safepoint: 7000 ns, Total: 124700 ns
[85.920s][info ][safepoint      ] Safepoint "Cleanup", Time since last: 1000104816 ns, Reaching safepoint: 125500 ns, At safepoint: 14000 ns, Total: 139500 ns
[87.920s][info ][safepoint      ] Safepoint "Cleanup", Time since last: 2000147330 ns, Reaching safepoint: 185200 ns, At safepoint: 6800 ns, Total: 192000 ns
[88.921s][info ][safepoint      ] Safepoint "Cleanup", Time since last: 1000104314 ns, Reaching safepoint: 116001 ns, At safepoint: 5400 ns, Total: 121401 ns
[89.670s][info ][gc,start       ] GC(16) Pause Young (Allocation Failure)
[89.766s][debug][gc,phases      ] GC(16) Scavenge 95.544ms
[89.766s][debug][gc,ref         ] GC(16) Skipped phase 1 of Reference Processing: no references
[89.766s][debug][gc,ref         ] GC(16) ReferenceProcessor::execute queues: 4, RefProcThreadModel::Multi, marks_oops_alive: false
[89.766s][debug][gc,ref         ] GC(16) Skipped phase 3 of Reference Processing: no references
[89.766s][debug][gc,ref         ] GC(16) ReferenceProcessor::execute queues: 1, RefProcThreadModel::Single, marks_oops_alive: false
[89.766s][debug][gc,phases      ] GC(16) Reference Processing 0.548ms
[89.767s][debug][gc,phases      ] GC(16)   VM Weak                        Min:  0.0, Avg:  0.0, Max:  0.0, Diff:  0.0, Sum:  0.0, Workers: 4
[89.767s][debug][gc,phases      ] GC(16)     Dead                           Min: 0, Avg:  0.0, Max: 0, Diff: 0, Sum: 0, Workers: 4
[89.767s][debug][gc,phases      ] GC(16)     Total                          Min: 0, Avg: 164.8, Max: 467, Diff: 467, Sum: 659, Workers: 4
[89.767s][debug][gc,phases      ] GC(16)   ObjectSynchronizer Weak        Min:  0.0, Avg:  0.0, Max:  0.0, Diff:  0.0, Sum:  0.0, Workers: 4
[89.767s][debug][gc,phases      ] GC(16)     Dead                           Min: 0, Avg:  0.0, Max: 0, Diff: 0, Sum: 0, Workers: 4
[89.767s][debug][gc,phases      ] GC(16)     Total                          Min: 0, Avg: 12.0, Max: 48, Diff: 48, Sum: 48, Workers: 4
[89.767s][debug][gc,phases      ] GC(16)   JVMTI Tag Weak OopStorage      Min:  0.0, Avg:  0.0, Max:  0.0, Diff:  0.0, Sum:  0.0, Workers: 4
[89.767s][debug][gc,phases      ] GC(16)     Dead                           Min: 0, Avg:  0.0, Max: 0, Diff: 0, Sum: 0, Workers: 4
[89.767s][debug][gc,phases      ] GC(16)     Total                          Min: 0, Avg:  0.0, Max: 0, Diff: 0, Sum: 0, Workers: 4
[89.767s][debug][gc,phases      ] GC(16)   StringTable Weak               Min:  0.0, Avg:  0.2, Max:  0.3, Diff:  0.3, Sum:  0.9, Workers: 4
[89.767s][debug][gc,phases      ] GC(16)     Dead                           Min: 0, Avg:  0.0, Max: 0, Diff: 0, Sum: 0, Workers: 4
[89.767s][debug][gc,phases      ] GC(16)     Total                          Min: 0, Avg: 10614.5, Max: 17536, Diff: 17536, Sum: 42458, Workers: 4
[89.767s][debug][gc,phases      ] GC(16)   ResolvedMethodTable Weak       Min:  0.0, Avg:  0.1, Max:  0.1, Diff:  0.1, Sum:  0.2, Workers: 4
[89.767s][debug][gc,phases      ] GC(16)     Dead                           Min: 0, Avg:  0.0, Max: 0, Diff: 0, Sum: 0, Workers: 4
[89.767s][debug][gc,phases      ] GC(16)     Total                          Min: 0, Avg: 2052.0, Max: 3709, Diff: 3709, Sum: 8208, Workers: 4
[89.767s][debug][gc,phases      ] GC(16)   JNI Weak                       Min:  0.0, Avg:  0.0, Max:  0.0, Diff:  0.0, Sum:  0.0, Workers: 4
[89.767s][debug][gc,phases      ] GC(16)     Dead                           Min: 0, Avg:  0.0, Max: 0, Diff: 0, Sum: 0, Workers: 4
[89.767s][debug][gc,phases      ] GC(16)     Total                          Min: 0, Avg: 11.2, Max: 45, Diff: 45, Sum: 45, Workers: 4
[89.767s][debug][gc,phases      ] GC(16)   StringDedup Table Weak         Min:  0.0, Avg:  0.0, Max:  0.0, Diff:  0.0, Sum:  0.0, Workers: 4
[89.767s][debug][gc,phases      ] GC(16)     Dead                           Min: 0, Avg:  0.0, Max: 0, Diff: 0, Sum: 0, Workers: 4
[89.767s][debug][gc,phases      ] GC(16)     Total                          Min: 0, Avg:  0.0, Max: 0, Diff: 0, Sum: 0, Workers: 4
[89.767s][debug][gc,phases      ] GC(16)   StringDedup Requests0 Weak     Min:  0.0, Avg:  0.0, Max:  0.0, Diff:  0.0, Sum:  0.0, Workers: 4
[89.767s][debug][gc,phases      ] GC(16)     Dead                           Min: 0, Avg:  0.0, Max: 0, Diff: 0, Sum: 0, Workers: 4
[89.767s][debug][gc,phases      ] GC(16)     Total                          Min: 0, Avg:  0.0, Max: 0, Diff: 0, Sum: 0, Workers: 4
[89.767s][debug][gc,phases      ] GC(16)   StringDedup Requests1 Weak     Min:  0.0, Avg:  0.0, Max:  0.0, Diff:  0.0, Sum:  0.0, Workers: 4
[89.767s][debug][gc,phases      ] GC(16)     Dead                           Min: 0, Avg:  0.0, Max: 0, Diff: 0, Sum: 0, Workers: 4
[89.767s][debug][gc,phases      ] GC(16)     Total                          Min: 0, Avg:  0.0, Max: 0, Diff: 0, Sum: 0, Workers: 4
[89.767s][debug][gc,phases      ] GC(16)   Weak JFR Old Object Samples    Min:  0.0, Avg:  0.0, Max:  0.0, Diff:  0.0, Sum:  0.0, Workers: 4
[89.767s][debug][gc,phases      ] GC(16)     Dead                           Min: 0, Avg:  0.0, Max: 0, Diff: 0, Sum: 0, Workers: 4
[89.767s][debug][gc,phases      ] GC(16)     Total                          Min: 0, Avg:  0.0, Max: 0, Diff: 0, Sum: 0, Workers: 4
[89.767s][debug][gc,phases      ] GC(16) Weak Processing 0.556ms
[89.767s][debug][gc,age         ] GC(16) Desired survivor size 476577792 bytes, new threshold 15 (max threshold 15)
[89.767s][info ][gc,heap        ] GC(16) PSYoungGen: 1481049K(1481216K)->299778K(1631744K) Eden: 1174528K(1174528K)->0K(1165824K) From: 306521K(306688K)->299778K(465920K)
[89.767s][info ][gc,heap        ] GC(16) ParOldGen: 6243K(18944K)->6251K(18944K)
[89.767s][info ][gc,metaspace   ] GC(16) Metaspace: 77070K(77952K)->77070K(77952K) NonClass: 66005K(66496K)->66005K(66496K) Class: 11065K(11456K)->11065K(11456K)
[89.767s][info ][gc             ] GC(16) Pause Young (Allocation Failure) 1452M->298M(1612M) 96.773ms
[89.767s][info ][gc,cpu         ] GC(16) User=0.35s Sys=0.00s Real=0.10s
[89.767s][info ][safepoint      ] Safepoint "ParallelGCFailedAllocation", Time since last: 749265809 ns, Reaching safepoint: 51900 ns, At safepoint: 96843956 ns, Total: 96895856 ns
[90.767s][info ][safepoint      ] Safepoint "Cleanup", Time since last: 1000086413 ns, Reaching safepoint: 119700 ns, At safepoint: 5800 ns, Total: 125500 ns
[91.767s][info ][safepoint      ] Safepoint "Cleanup", Time since last: 1000111113 ns, Reaching safepoint: 134800 ns, At safepoint: 5700 ns, Total: 140500 ns
[92.767s][info ][safepoint      ] Safepoint "Cleanup", Time since last: 1000104912 ns, Reaching safepoint: 100400 ns, At safepoint: 8800 ns, Total: 109200 ns
[93.768s][info ][safepoint      ] Safepoint "Cleanup", Time since last: 1000115312 ns, Reaching safepoint: 134500 ns, At safepoint: 7400 ns, Total: 141900 ns
[95.422s][info ][safepoint      ] Safepoint "Cleanup", Time since last: 1654629565 ns, Reaching safepoint: 108300 ns, At safepoint: 2900 ns, Total: 111200 ns
[96.423s][info ][safepoint      ] Safepoint "Cleanup", Time since last: 1000111210 ns, Reaching safepoint: 126101 ns, At safepoint: 6000 ns, Total: 132101 ns
[97.423s][info ][safepoint      ] Safepoint "Cleanup", Time since last: 1000105809 ns, Reaching safepoint: 120100 ns, At safepoint: 12100 ns, Total: 132200 ns
[98.423s][info ][safepoint      ] Safepoint "Cleanup", Time since last: 1000109809 ns, Reaching safepoint: 56901 ns, At safepoint: 2200 ns, Total: 59101 ns
[101.423s][info ][safepoint      ] Safepoint "Cleanup", Time since last: 3000268923 ns, Reaching safepoint: 45400 ns, At safepoint: 3700 ns, Total: 49100 ns
[102.369s][info ][gc,start       ] GC(17) Pause Young (Allocation Failure)
[102.466s][debug][gc,phases      ] GC(17) Scavenge 97.041ms
[102.466s][debug][gc,ref         ] GC(17) Skipped phase 1 of Reference Processing: no references
[102.466s][debug][gc,ref         ] GC(17) ReferenceProcessor::execute queues: 4, RefProcThreadModel::Multi, marks_oops_alive: false
[102.466s][debug][gc,ref         ] GC(17) Skipped phase 3 of Reference Processing: no references
[102.466s][debug][gc,ref         ] GC(17) ReferenceProcessor::execute queues: 1, RefProcThreadModel::Single, marks_oops_alive: false
[102.466s][debug][gc,phases      ] GC(17) Reference Processing 0.495ms
[102.467s][debug][gc,phases      ] GC(17)   VM Weak                        Min:  0.0, Avg:  0.0, Max:  0.0, Diff:  0.0, Sum:  0.0, Workers: 4
[102.467s][debug][gc,phases      ] GC(17)     Dead                           Min: 0, Avg:  0.0, Max: 0, Diff: 0, Sum: 0, Workers: 4
[102.467s][debug][gc,phases      ] GC(17)     Total                          Min: 0, Avg: 164.8, Max: 384, Diff: 384, Sum: 659, Workers: 4
[102.467s][debug][gc,phases      ] GC(17)   ObjectSynchronizer Weak        Min:  0.0, Avg:  0.0, Max:  0.0, Diff:  0.0, Sum:  0.0, Workers: 4
[102.467s][debug][gc,phases      ] GC(17)     Dead                           Min: 0, Avg:  0.0, Max: 0, Diff: 0, Sum: 0, Workers: 4
[102.467s][debug][gc,phases      ] GC(17)     Total                          Min: 0, Avg: 12.0, Max: 48, Diff: 48, Sum: 48, Workers: 4
[102.467s][debug][gc,phases      ] GC(17)   JVMTI Tag Weak OopStorage      Min:  0.0, Avg:  0.0, Max:  0.0, Diff:  0.0, Sum:  0.0, Workers: 4
[102.467s][debug][gc,phases      ] GC(17)     Dead                           Min: 0, Avg:  0.0, Max: 0, Diff: 0, Sum: 0, Workers: 4
[102.467s][debug][gc,phases      ] GC(17)     Total                          Min: 0, Avg:  0.0, Max: 0, Diff: 0, Sum: 0, Workers: 4
[102.467s][debug][gc,phases      ] GC(17)   StringTable Weak               Min:  0.0, Avg:  0.2, Max:  0.3, Diff:  0.3, Sum:  1.0, Workers: 4
[102.467s][debug][gc,phases      ] GC(17)     Dead                           Min: 0, Avg:  0.0, Max: 0, Diff: 0, Sum: 0, Workers: 4
[102.467s][debug][gc,phases      ] GC(17)     Total                          Min: 0, Avg: 10618.5, Max: 17706, Diff: 17706, Sum: 42474, Workers: 4
[102.467s][debug][gc,phases      ] GC(17)   ResolvedMethodTable Weak       Min:  0.0, Avg:  0.1, Max:  0.1, Diff:  0.1, Sum:  0.2, Workers: 4
[102.467s][debug][gc,phases      ] GC(17)     Dead                           Min: 0, Avg:  0.0, Max: 0, Diff: 0, Sum: 0, Workers: 4
[102.467s][debug][gc,phases      ] GC(17)     Total                          Min: 0, Avg: 2052.0, Max: 3647, Diff: 3647, Sum: 8208, Workers: 4
[102.467s][debug][gc,phases      ] GC(17)   JNI Weak                       Min:  0.0, Avg:  0.0, Max:  0.0, Diff:  0.0, Sum:  0.0, Workers: 4
[102.467s][debug][gc,phases      ] GC(17)     Dead                           Min: 0, Avg:  0.0, Max: 0, Diff: 0, Sum: 0, Workers: 4
[102.467s][debug][gc,phases      ] GC(17)     Total                          Min: 0, Avg: 11.2, Max: 45, Diff: 45, Sum: 45, Workers: 4
[102.467s][debug][gc,phases      ] GC(17)   StringDedup Table Weak         Min:  0.0, Avg:  0.0, Max:  0.0, Diff:  0.0, Sum:  0.0, Workers: 4
[102.467s][debug][gc,phases      ] GC(17)     Dead                           Min: 0, Avg:  0.0, Max: 0, Diff: 0, Sum: 0, Workers: 4
[102.467s][debug][gc,phases      ] GC(17)     Total                          Min: 0, Avg:  0.0, Max: 0, Diff: 0, Sum: 0, Workers: 4
[102.467s][debug][gc,phases      ] GC(17)   StringDedup Requests0 Weak     Min:  0.0, Avg:  0.0, Max:  0.0, Diff:  0.0, Sum:  0.0, Workers: 4
[102.467s][debug][gc,phases      ] GC(17)     Dead                           Min: 0, Avg:  0.0, Max: 0, Diff: 0, Sum: 0, Workers: 4
[102.467s][debug][gc,phases      ] GC(17)     Total                          Min: 0, Avg:  0.0, Max: 0, Diff: 0, Sum: 0, Workers: 4
[102.467s][debug][gc,phases      ] GC(17)   StringDedup Requests1 Weak     Min:  0.0, Avg:  0.0, Max:  0.0, Diff:  0.0, Sum:  0.0, Workers: 4
[102.467s][debug][gc,phases      ] GC(17)     Dead                           Min: 0, Avg:  0.0, Max: 0, Diff: 0, Sum: 0, Workers: 4
[102.467s][debug][gc,phases      ] GC(17)     Total                          Min: 0, Avg:  0.0, Max: 0, Diff: 0, Sum: 0, Workers: 4
[102.467s][debug][gc,phases      ] GC(17)   Weak JFR Old Object Samples    Min:  0.0, Avg:  0.0, Max:  0.0, Diff:  0.0, Sum:  0.0, Workers: 4
[102.467s][debug][gc,phases      ] GC(17)     Dead                           Min: 0, Avg:  0.0, Max: 0, Diff: 0, Sum: 0, Workers: 4
[102.467s][debug][gc,phases      ] GC(17)     Total                          Min: 0, Avg:  0.0, Max: 0, Diff: 0, Sum: 0, Workers: 4
[102.467s][debug][gc,phases      ] GC(17) Weak Processing 0.565ms
[102.467s][debug][gc,age         ] GC(17) Desired survivor size 474480640 bytes, new threshold 15 (max threshold 15)
[102.467s][info ][gc,heap        ] GC(17) PSYoungGen: 1465602K(1631744K)->299314K(1631232K) Eden: 1165824K(1165824K)->0K(1165824K) From: 299778K(465920K)->299314K(465408K)
[102.467s][info ][gc,heap        ] GC(17) ParOldGen: 6251K(18944K)->6259K(18944K)
[102.467s][info ][gc,metaspace   ] GC(17) Metaspace: 77077K(77952K)->77077K(77952K) NonClass: 66012K(66496K)->66012K(66496K) Class: 11065K(11456K)->11065K(11456K)
[102.467s][info ][gc             ] GC(17) Pause Young (Allocation Failure) 1437M->298M(1611M) 98.235ms
[102.467s][info ][gc,cpu         ] GC(17) User=0.37s Sys=0.00s Real=0.10s
[102.467s][info ][safepoint      ] Safepoint "ParallelGCFailedAllocation", Time since last: 945100319 ns, Reaching safepoint: 121800 ns, At safepoint: 98310658 ns, Total: 98432458 ns
[104.467s][info ][safepoint      ] Safepoint "Cleanup", Time since last: 2000159512 ns, Reaching safepoint: 152400 ns, At safepoint: 6700 ns, Total: 159100 ns
[105.468s][info ][safepoint      ] Safepoint "Cleanup", Time since last: 1000121406 ns, Reaching safepoint: 109900 ns, At safepoint: 6900 ns, Total: 116800 ns
[106.468s][info ][safepoint      ] Safepoint "Cleanup", Time since last: 1000110405 ns, Reaching safepoint: 46900 ns, At safepoint: 8100 ns, Total: 55000 ns
[107.468s][info ][safepoint      ] Safepoint "Cleanup", Time since last: 1000111404 ns, Reaching safepoint: 57900 ns, At safepoint: 6800 ns, Total: 64700 ns
[108.468s][info ][safepoint      ] Safepoint "Cleanup", Time since last: 1000110804 ns, Reaching safepoint: 114000 ns, At safepoint: 5300 ns, Total: 119300 ns
[109.468s][info ][safepoint      ] Safepoint "Cleanup", Time since last: 1000106503 ns, Reaching safepoint: 127400 ns, At safepoint: 10401 ns, Total: 137801 ns
[110.469s][info ][safepoint      ] Safepoint "Cleanup", Time since last: 1000111302 ns, Reaching safepoint: 126100 ns, At safepoint: 7000 ns, Total: 133100 ns
[111.469s][info ][safepoint      ] Safepoint "Cleanup", Time since last: 1000109903 ns, Reaching safepoint: 111800 ns, At safepoint: 5200 ns, Total: 117000 ns
[113.469s][info ][safepoint      ] Safepoint "Cleanup", Time since last: 2000183602 ns, Reaching safepoint: 111401 ns, At safepoint: 12500 ns, Total: 123901 ns
[114.469s][info ][safepoint      ] Safepoint "Cleanup", Time since last: 1000183000 ns, Reaching safepoint: 124101 ns, At safepoint: 5500 ns, Total: 129601 ns
[114.623s][info ][safepoint      ] Safepoint "ParallelGCFailedAllocation", Time since last: 153605545 ns, Reaching safepoint: 83601 ns, At safepoint: 17700 ns, Total: 101301 ns
[114.623s][info ][gc,start       ] GC(18) Pause Young (GCLocker Initiated GC)
[114.722s][debug][gc,phases      ] GC(18) Scavenge 98.771ms
[114.722s][debug][gc,ref         ] GC(18) Skipped phase 1 of Reference Processing: no references
[114.722s][debug][gc,ref         ] GC(18) ReferenceProcessor::execute queues: 4, RefProcThreadModel::Multi, marks_oops_alive: false
[114.723s][debug][gc,ref         ] GC(18) Skipped phase 3 of Reference Processing: no references
[114.723s][debug][gc,ref         ] GC(18) ReferenceProcessor::execute queues: 1, RefProcThreadModel::Single, marks_oops_alive: false
[114.723s][debug][gc,phases      ] GC(18) Reference Processing 0.511ms
[114.723s][debug][gc,phases      ] GC(18)   VM Weak                        Min:  0.0, Avg:  0.0, Max:  0.0, Diff:  0.0, Sum:  0.0, Workers: 4
[114.723s][debug][gc,phases      ] GC(18)     Dead                           Min: 0, Avg:  0.0, Max: 0, Diff: 0, Sum: 0, Workers: 4
[114.723s][debug][gc,phases      ] GC(18)     Total                          Min: 64, Avg: 164.8, Max: 384, Diff: 320, Sum: 659, Workers: 4
[114.723s][debug][gc,phases      ] GC(18)   ObjectSynchronizer Weak        Min:  0.0, Avg:  0.0, Max:  0.0, Diff:  0.0, Sum:  0.0, Workers: 4
[114.723s][debug][gc,phases      ] GC(18)     Dead                           Min: 0, Avg:  0.0, Max: 0, Diff: 0, Sum: 0, Workers: 4
[114.723s][debug][gc,phases      ] GC(18)     Total                          Min: 0, Avg: 12.0, Max: 48, Diff: 48, Sum: 48, Workers: 4
[114.723s][debug][gc,phases      ] GC(18)   JVMTI Tag Weak OopStorage      Min:  0.0, Avg:  0.0, Max:  0.0, Diff:  0.0, Sum:  0.0, Workers: 4
[114.723s][debug][gc,phases      ] GC(18)     Dead                           Min: 0, Avg:  0.0, Max: 0, Diff: 0, Sum: 0, Workers: 4
[114.723s][debug][gc,phases      ] GC(18)     Total                          Min: 0, Avg:  0.0, Max: 0, Diff: 0, Sum: 0, Workers: 4
[114.723s][debug][gc,phases      ] GC(18)   StringTable Weak               Min:  0.3, Avg:  0.3, Max:  0.3, Diff:  0.0, Sum:  1.2, Workers: 4
[114.723s][debug][gc,phases      ] GC(18)     Dead                           Min: 0, Avg:  0.0, Max: 0, Diff: 0, Sum: 0, Workers: 4
[114.723s][debug][gc,phases      ] GC(18)     Total                          Min: 10304, Avg: 10622.5, Max: 10944, Diff: 640, Sum: 42490, Workers: 4
[114.723s][debug][gc,phases      ] GC(18)   ResolvedMethodTable Weak       Min:  0.1, Avg:  0.1, Max:  0.1, Diff:  0.0, Sum:  0.3, Workers: 4
[114.723s][debug][gc,phases      ] GC(18)     Dead                           Min: 0, Avg:  0.0, Max: 0, Diff: 0, Sum: 0, Workers: 4
[114.723s][debug][gc,phases      ] GC(18)     Total                          Min: 1663, Avg: 2052.0, Max: 2325, Diff: 662, Sum: 8208, Workers: 4
[114.723s][debug][gc,phases      ] GC(18)   JNI Weak                       Min:  0.0, Avg:  0.0, Max:  0.0, Diff:  0.0, Sum:  0.0, Workers: 4
[114.723s][debug][gc,phases      ] GC(18)     Dead                           Min: 0, Avg:  0.0, Max: 0, Diff: 0, Sum: 0, Workers: 4
[114.723s][debug][gc,phases      ] GC(18)     Total                          Min: 0, Avg: 11.2, Max: 45, Diff: 45, Sum: 45, Workers: 4
[114.723s][debug][gc,phases      ] GC(18)   StringDedup Table Weak         Min:  0.0, Avg:  0.0, Max:  0.0, Diff:  0.0, Sum:  0.0, Workers: 4
[114.723s][debug][gc,phases      ] GC(18)     Dead                           Min: 0, Avg:  0.0, Max: 0, Diff: 0, Sum: 0, Workers: 4
[114.723s][debug][gc,phases      ] GC(18)     Total                          Min: 0, Avg:  0.0, Max: 0, Diff: 0, Sum: 0, Workers: 4
[114.723s][debug][gc,phases      ] GC(18)   StringDedup Requests0 Weak     Min:  0.0, Avg:  0.0, Max:  0.0, Diff:  0.0, Sum:  0.0, Workers: 4
[114.723s][debug][gc,phases      ] GC(18)     Dead                           Min: 0, Avg:  0.0, Max: 0, Diff: 0, Sum: 0, Workers: 4
[114.723s][debug][gc,phases      ] GC(18)     Total                          Min: 0, Avg:  0.0, Max: 0, Diff: 0, Sum: 0, Workers: 4
[114.723s][debug][gc,phases      ] GC(18)   StringDedup Requests1 Weak     Min:  0.0, Avg:  0.0, Max:  0.0, Diff:  0.0, Sum:  0.0, Workers: 4
[114.723s][debug][gc,phases      ] GC(18)     Dead                           Min: 0, Avg:  0.0, Max: 0, Diff: 0, Sum: 0, Workers: 4
[114.723s][debug][gc,phases      ] GC(18)     Total                          Min: 0, Avg:  0.0, Max: 0, Diff: 0, Sum: 0, Workers: 4
[114.723s][debug][gc,phases      ] GC(18)   Weak JFR Old Object Samples    Min:  0.0, Avg:  0.0, Max:  0.0, Diff:  0.0, Sum:  0.0, Workers: 4
[114.723s][debug][gc,phases      ] GC(18)     Dead                           Min: 0, Avg:  0.0, Max: 0, Diff: 0, Sum: 0, Workers: 4
[114.723s][debug][gc,phases      ] GC(18)     Total                          Min: 0, Avg:  0.0, Max: 0, Diff: 0, Sum: 0, Workers: 4
[114.723s][debug][gc,phases      ] GC(18) Weak Processing 0.567ms
[114.723s][debug][gc,age         ] GC(18) Desired survivor size 471334912 bytes, new threshold 15 (max threshold 15)
[114.723s][info ][gc,heap        ] GC(18) PSYoungGen: 1465138K(1631232K)->299438K(1636864K) Eden: 1165824K(1165824K)->0K(1173504K) From: 299314K(465408K)->299438K(463360K)
[114.723s][info ][gc,heap        ] GC(18) ParOldGen: 6261K(18944K)->6269K(18944K)
[114.723s][info ][gc,metaspace   ] GC(18) Metaspace: 77091K(77952K)->77091K(77952K) NonClass: 66026K(66496K)->66026K(66496K) Class: 11065K(11456K)->11065K(11456K)
[114.723s][info ][gc             ] GC(18) Pause Young (GCLocker Initiated GC) 1436M->298M(1617M) 99.954ms
[114.723s][info ][gc,cpu         ] GC(18) User=0.37s Sys=0.01s Real=0.10s
[114.723s][info ][safepoint      ] Safepoint "ParallelGCSystemGC", Time since last: 119200 ns, Reaching safepoint: 88700 ns, At safepoint: 100027960 ns, Total: 100116660 ns
[115.724s][info ][safepoint      ] Safepoint "Cleanup", Time since last: 1000080500 ns, Reaching safepoint: 59500 ns, At safepoint: 5400 ns, Total: 64900 ns
[116.724s][info ][safepoint      ] Safepoint "Cleanup", Time since last: 1000101499 ns, Reaching safepoint: 43200 ns, At safepoint: 2700 ns, Total: 45900 ns
[117.724s][info ][safepoint      ] Safepoint "Cleanup", Time since last: 1000103199 ns, Reaching safepoint: 42700 ns, At safepoint: 4700 ns, Total: 47400 ns
[118.724s][info ][safepoint      ] Safepoint "Cleanup", Time since last: 1000095999 ns, Reaching safepoint: 42600 ns, At safepoint: 2300 ns, Total: 44900 ns
[119.724s][info ][safepoint      ] Safepoint "Cleanup", Time since last: 1000075098 ns, Reaching safepoint: 46600 ns, At safepoint: 2400 ns, Total: 49000 ns
[120.724s][info ][safepoint      ] Safepoint "Cleanup", Time since last: 1000069497 ns, Reaching safepoint: 82600 ns, At safepoint: 4100 ns, Total: 86700 ns
[121.724s][info ][safepoint      ] Safepoint "Cleanup", Time since last: 1000108297 ns, Reaching safepoint: 42500 ns, At safepoint: 7000 ns, Total: 49500 ns
[122.725s][info ][safepoint      ] Safepoint "Cleanup", Time since last: 1000100497 ns, Reaching safepoint: 42800 ns, At safepoint: 1900 ns, Total: 44700 ns
[124.725s][info ][safepoint      ] Safepoint "Cleanup", Time since last: 2000167491 ns, Reaching safepoint: 28300 ns, At safepoint: 2800 ns, Total: 31100 ns
[125.725s][info ][safepoint      ] Safepoint "Cleanup", Time since last: 1000106295 ns, Reaching safepoint: 43900 ns, At safepoint: 26300 ns, Total: 70200 ns
[127.541s][info ][gc,start       ] GC(19) Pause Young (Allocation Failure)
[127.649s][debug][gc,phases      ] GC(19) Scavenge 108.127ms
[127.649s][debug][gc,ref         ] GC(19) Skipped phase 1 of Reference Processing: no references
[127.649s][debug][gc,ref         ] GC(19) ReferenceProcessor::execute queues: 4, RefProcThreadModel::Multi, marks_oops_alive: false
[127.650s][debug][gc,ref         ] GC(19) Skipped phase 3 of Reference Processing: no references
[127.650s][debug][gc,ref         ] GC(19) ReferenceProcessor::execute queues: 1, RefProcThreadModel::Single, marks_oops_alive: false
[127.650s][debug][gc,phases      ] GC(19) Reference Processing 0.417ms
[127.650s][debug][gc,phases      ] GC(19)   VM Weak                        Min:  0.0, Avg:  0.0, Max:  0.0, Diff:  0.0, Sum:  0.0, Workers: 4
[127.650s][debug][gc,phases      ] GC(19)     Dead                           Min: 0, Avg:  0.0, Max: 0, Diff: 0, Sum: 0, Workers: 4
[127.650s][debug][gc,phases      ] GC(19)     Total                          Min: 0, Avg: 164.8, Max: 403, Diff: 403, Sum: 659, Workers: 4
[127.650s][debug][gc,phases      ] GC(19)   ObjectSynchronizer Weak        Min:  0.0, Avg:  0.0, Max:  0.0, Diff:  0.0, Sum:  0.0, Workers: 4
[127.650s][debug][gc,phases      ] GC(19)     Dead                           Min: 0, Avg:  0.0, Max: 0, Diff: 0, Sum: 0, Workers: 4
[127.650s][debug][gc,phases      ] GC(19)     Total                          Min: 0, Avg: 12.0, Max: 48, Diff: 48, Sum: 48, Workers: 4
[127.650s][debug][gc,phases      ] GC(19)   JVMTI Tag Weak OopStorage      Min:  0.0, Avg:  0.0, Max:  0.0, Diff:  0.0, Sum:  0.0, Workers: 4
[127.650s][debug][gc,phases      ] GC(19)     Dead                           Min: 0, Avg:  0.0, Max: 0, Diff: 0, Sum: 0, Workers: 4
[127.650s][debug][gc,phases      ] GC(19)     Total                          Min: 0, Avg:  0.0, Max: 0, Diff: 0, Sum: 0, Workers: 4
[127.650s][debug][gc,phases      ] GC(19)   StringTable Weak               Min:  0.0, Avg:  0.2, Max:  0.3, Diff:  0.3, Sum:  1.0, Workers: 4
[127.650s][debug][gc,phases      ] GC(19)     Dead                           Min: 0, Avg:  0.0, Max: 0, Diff: 0, Sum: 0, Workers: 4
[127.650s][debug][gc,phases      ] GC(19)     Total                          Min: 0, Avg: 10623.5, Max: 17280, Diff: 17280, Sum: 42494, Workers: 4
[127.650s][debug][gc,phases      ] GC(19)   ResolvedMethodTable Weak       Min:  0.0, Avg:  0.1, Max:  0.1, Diff:  0.1, Sum:  0.3, Workers: 4
[127.650s][debug][gc,phases      ] GC(19)     Dead                           Min: 0, Avg:  0.0, Max: 0, Diff: 0, Sum: 0, Workers: 4
[127.650s][debug][gc,phases      ] GC(19)     Total                          Min: 0, Avg: 2052.0, Max: 4286, Diff: 4286, Sum: 8208, Workers: 4
[127.650s][debug][gc,phases      ] GC(19)   JNI Weak                       Min:  0.0, Avg:  0.0, Max:  0.0, Diff:  0.0, Sum:  0.0, Workers: 4
[127.650s][debug][gc,phases      ] GC(19)     Dead                           Min: 0, Avg:  0.0, Max: 0, Diff: 0, Sum: 0, Workers: 4
[127.650s][debug][gc,phases      ] GC(19)     Total                          Min: 0, Avg: 11.2, Max: 45, Diff: 45, Sum: 45, Workers: 4
[127.650s][debug][gc,phases      ] GC(19)   StringDedup Table Weak         Min:  0.0, Avg:  0.0, Max:  0.0, Diff:  0.0, Sum:  0.0, Workers: 4
[127.650s][debug][gc,phases      ] GC(19)     Dead                           Min: 0, Avg:  0.0, Max: 0, Diff: 0, Sum: 0, Workers: 4
[127.650s][debug][gc,phases      ] GC(19)     Total                          Min: 0, Avg:  0.0, Max: 0, Diff: 0, Sum: 0, Workers: 4
[127.650s][debug][gc,phases      ] GC(19)   StringDedup Requests0 Weak     Min:  0.0, Avg:  0.0, Max:  0.0, Diff:  0.0, Sum:  0.0, Workers: 4
[127.650s][debug][gc,phases      ] GC(19)     Dead                           Min: 0, Avg:  0.0, Max: 0, Diff: 0, Sum: 0, Workers: 4
[127.650s][debug][gc,phases      ] GC(19)     Total                          Min: 0, Avg:  0.0, Max: 0, Diff: 0, Sum: 0, Workers: 4
[127.650s][debug][gc,phases      ] GC(19)   StringDedup Requests1 Weak     Min:  0.0, Avg:  0.0, Max:  0.0, Diff:  0.0, Sum:  0.0, Workers: 4
[127.650s][debug][gc,phases      ] GC(19)     Dead                           Min: 0, Avg:  0.0, Max: 0, Diff: 0, Sum: 0, Workers: 4
[127.650s][debug][gc,phases      ] GC(19)     Total                          Min: 0, Avg:  0.0, Max: 0, Diff: 0, Sum: 0, Workers: 4
[127.650s][debug][gc,phases      ] GC(19)   Weak JFR Old Object Samples    Min:  0.0, Avg:  0.0, Max:  0.0, Diff:  0.0, Sum:  0.0, Workers: 4
[127.650s][debug][gc,phases      ] GC(19)     Dead                           Min: 0, Avg:  0.0, Max: 0, Diff: 0, Sum: 0, Workers: 4
[127.650s][debug][gc,phases      ] GC(19)     Total                          Min: 0, Avg:  0.0, Max: 0, Diff: 0, Sum: 0, Workers: 4
[127.650s][debug][gc,phases      ] GC(19) Weak Processing 0.604ms
[127.650s][debug][gc,age         ] GC(19) Desired survivor size 457179136 bytes, new threshold 15 (max threshold 15)
[127.650s][info ][gc,heap        ] GC(19) PSYoungGen: 1472942K(1636864K)->274503K(1633792K) Eden: 1173504K(1173504K)->0K(1173504K) From: 299438K(463360K)->274503K(460288K)
[127.650s][info ][gc,heap        ] GC(19) ParOldGen: 6271K(18944K)->31210K(31232K)
[127.650s][info ][gc,metaspace   ] GC(19) Metaspace: 77111K(77952K)->77111K(77952K) NonClass: 66045K(66496K)->66045K(66496K) Class: 11065K(11456K)->11065K(11456K)
[127.650s][info ][gc             ] GC(19) Pause Young (Allocation Failure) 1444M->298M(1626M) 109.270ms
[127.650s][info ][gc,cpu         ] GC(19) User=0.33s Sys=0.00s Real=0.11s
[127.650s][debug][gc,phases      ] GC(20) Pre Compact 0.009ms
[127.650s][info ][gc,start       ] GC(20) Pause Full (Ergonomics)
[127.650s][info ][gc,phases,start] GC(20) Marking Phase
[127.748s][debug][gc,phases      ] GC(20) Par Mark 97.829ms
[127.748s][debug][gc,ref         ] GC(20) Skipped phase 1 of Reference Processing: no references
[127.748s][debug][gc,ref         ] GC(20) ReferenceProcessor::execute queues: 4, RefProcThreadModel::Multi, marks_oops_alive: false
[127.749s][debug][gc,ref         ] GC(20) Skipped phase 3 of Reference Processing: no references
[127.749s][debug][gc,ref         ] GC(20) ReferenceProcessor::execute queues: 1, RefProcThreadModel::Single, marks_oops_alive: false
[127.749s][debug][gc,phases      ] GC(20) Reference Processing 0.371ms
[127.749s][debug][gc,phases      ] GC(20)   VM Weak                        Min:  0.0, Avg:  0.0, Max:  0.0, Diff:  0.0, Sum:  0.0, Workers: 4
[127.749s][debug][gc,phases      ] GC(20)     Dead                           Min: 0, Avg:  0.0, Max: 0, Diff: 0, Sum: 0, Workers: 4
[127.749s][debug][gc,phases      ] GC(20)     Total                          Min: 0, Avg: 164.8, Max: 384, Diff: 384, Sum: 659, Workers: 4
[127.749s][debug][gc,phases      ] GC(20)   ObjectSynchronizer Weak        Min:  0.0, Avg:  0.0, Max:  0.0, Diff:  0.0, Sum:  0.0, Workers: 4
[127.749s][debug][gc,phases      ] GC(20)     Dead                           Min: 0, Avg:  0.0, Max: 0, Diff: 0, Sum: 0, Workers: 4
[127.749s][debug][gc,phases      ] GC(20)     Total                          Min: 0, Avg: 12.0, Max: 48, Diff: 48, Sum: 48, Workers: 4
[127.749s][debug][gc,phases      ] GC(20)   JVMTI Tag Weak OopStorage      Min:  0.0, Avg:  0.0, Max:  0.0, Diff:  0.0, Sum:  0.0, Workers: 4
[127.749s][debug][gc,phases      ] GC(20)     Dead                           Min: 0, Avg:  0.0, Max: 0, Diff: 0, Sum: 0, Workers: 4
[127.749s][debug][gc,phases      ] GC(20)     Total                          Min: 0, Avg:  0.0, Max: 0, Diff: 0, Sum: 0, Workers: 4
[127.749s][debug][gc,phases      ] GC(20)   StringTable Weak               Min:  0.1, Avg:  0.1, Max:  0.1, Diff:  0.0, Sum:  0.6, Workers: 4
[127.749s][debug][gc,phases      ] GC(20)     Dead                           Min: 0, Avg:  0.0, Max: 0, Diff: 0, Sum: 0, Workers: 4
[127.749s][debug][gc,phases      ] GC(20)     Total                          Min: 9472, Avg: 10623.5, Max: 11262, Diff: 1790, Sum: 42494, Workers: 4
[127.749s][debug][gc,phases      ] GC(20)   ResolvedMethodTable Weak       Min:  0.0, Avg:  0.0, Max:  0.0, Diff:  0.0, Sum:  0.1, Workers: 4
[127.749s][debug][gc,phases      ] GC(20)     Dead                           Min: 0, Avg:  0.0, Max: 0, Diff: 0, Sum: 0, Workers: 4
[127.749s][debug][gc,phases      ] GC(20)     Total                          Min: 1918, Avg: 2052.0, Max: 2176, Diff: 258, Sum: 8208, Workers: 4
[127.749s][debug][gc,phases      ] GC(20)   JNI Weak                       Min:  0.0, Avg:  0.0, Max:  0.0, Diff:  0.0, Sum:  0.0, Workers: 4
[127.749s][debug][gc,phases      ] GC(20)     Dead                           Min: 0, Avg:  0.0, Max: 0, Diff: 0, Sum: 0, Workers: 4
[127.749s][debug][gc,phases      ] GC(20)     Total                          Min: 0, Avg: 11.2, Max: 45, Diff: 45, Sum: 45, Workers: 4
[127.749s][debug][gc,phases      ] GC(20)   StringDedup Table Weak         Min:  0.0, Avg:  0.0, Max:  0.0, Diff:  0.0, Sum:  0.0, Workers: 4
[127.749s][debug][gc,phases      ] GC(20)     Dead                           Min: 0, Avg:  0.0, Max: 0, Diff: 0, Sum: 0, Workers: 4
[127.749s][debug][gc,phases      ] GC(20)     Total                          Min: 0, Avg:  0.0, Max: 0, Diff: 0, Sum: 0, Workers: 4
[127.749s][debug][gc,phases      ] GC(20)   StringDedup Requests0 Weak     Min:  0.0, Avg:  0.0, Max:  0.0, Diff:  0.0, Sum:  0.0, Workers: 4
[127.749s][debug][gc,phases      ] GC(20)     Dead                           Min: 0, Avg:  0.0, Max: 0, Diff: 0, Sum: 0, Workers: 4
[127.749s][debug][gc,phases      ] GC(20)     Total                          Min: 0, Avg:  0.0, Max: 0, Diff: 0, Sum: 0, Workers: 4
[127.749s][debug][gc,phases      ] GC(20)   StringDedup Requests1 Weak     Min:  0.0, Avg:  0.0, Max:  0.0, Diff:  0.0, Sum:  0.0, Workers: 4
[127.749s][debug][gc,phases      ] GC(20)     Dead                           Min: 0, Avg:  0.0, Max: 0, Diff: 0, Sum: 0, Workers: 4
[127.749s][debug][gc,phases      ] GC(20)     Total                          Min: 0, Avg:  0.0, Max: 0, Diff: 0, Sum: 0, Workers: 4
[127.749s][debug][gc,phases      ] GC(20)   Weak JFR Old Object Samples    Min:  0.0, Avg:  0.0, Max:  0.0, Diff:  0.0, Sum:  0.0, Workers: 4
[127.749s][debug][gc,phases      ] GC(20)     Dead                           Min: 0, Avg:  0.0, Max: 0, Diff: 0, Sum: 0, Workers: 4
[127.749s][debug][gc,phases      ] GC(20)     Total                          Min: 0, Avg:  0.0, Max: 0, Diff: 0, Sum: 0, Workers: 4
[127.749s][debug][gc,phases      ] GC(20) Weak Processing 0.338ms
[127.749s][debug][gc,phases      ] GC(20) ClassLoaderData 0.080ms
[127.749s][debug][gc,phases      ] GC(20) Trigger cleanups 0.000ms
[127.764s][debug][gc,phases      ] GC(20) Class Unloading 14.732ms
[127.764s][info ][gc,phases      ] GC(20) Marking Phase 113.433ms
[127.764s][info ][gc,phases,start] GC(20) Summary Phase
[127.764s][info ][gc,phases      ] GC(20) Summary Phase 0.009ms
[127.764s][info ][gc,phases,start] GC(20) Adjust Roots
[127.781s][info ][gc,phases      ] GC(20) Adjust Roots 17.739ms
[127.781s][info ][gc,phases,start] GC(20) Compaction Phase
[128.654s][info ][gc,phases      ] GC(20) Compaction Phase 872.936ms
[128.654s][info ][gc,phases,start] GC(20) Post Compact
[128.657s][info ][gc,phases      ] GC(20) Post Compact 2.885ms
[128.657s][info ][gc,heap        ] GC(20) PSYoungGen: 274503K(1633792K)->272805K(1633792K) Eden: 0K(1173504K)->0K(1173504K) From: 274503K(460288K)->272805K(460288K)
[128.657s][info ][gc,heap        ] GC(20) ParOldGen: 31210K(31232K)->31053K(64512K)
[128.657s][info ][gc,metaspace   ] GC(20) Metaspace: 77111K(77952K)->77111K(77952K) NonClass: 66045K(66496K)->66045K(66496K) Class: 11065K(11456K)->11065K(11456K)
[128.657s][info ][gc             ] GC(20) Pause Full (Ergonomics) 298M->296M(1658M) 1007.192ms
[128.657s][info ][gc,cpu         ] GC(20) User=2.49s Sys=0.01s Real=1.00s
[128.658s][info ][safepoint      ] Safepoint "ParallelGCFailedAllocation", Time since last: 1815953194 ns, Reaching safepoint: 24500 ns, At safepoint: 1116594279 ns, Total: 1116618779 ns
[129.658s][info ][safepoint      ] Safepoint "Cleanup", Time since last: 1000094593 ns, Reaching safepoint: 49900 ns, At safepoint: 3100 ns, Total: 53000 ns
[130.658s][info ][safepoint      ] Safepoint "Cleanup", Time since last: 1000114593 ns, Reaching safepoint: 54900 ns, At safepoint: 3900 ns, Total: 58800 ns
[131.658s][info ][safepoint      ] Safepoint "Cleanup", Time since last: 1000109492 ns, Reaching safepoint: 50400 ns, At safepoint: 3500 ns, Total: 53900 ns
[136.658s][info ][safepoint      ] Safepoint "Cleanup", Time since last: 5000371351 ns, Reaching safepoint: 50200 ns, At safepoint: 3000 ns, Total: 53200 ns
[139.659s][info ][safepoint      ] Safepoint "Cleanup", Time since last: 3000225665 ns, Reaching safepoint: 29100 ns, At safepoint: 2900 ns, Total: 32000 ns
[140.569s][info ][gc,start       ] GC(21) Pause Young (Allocation Failure)
[140.676s][debug][gc,phases      ] GC(21) Scavenge 106.944ms
[140.676s][debug][gc,ref         ] GC(21) Skipped phase 1 of Reference Processing: no references
[140.676s][debug][gc,ref         ] GC(21) ReferenceProcessor::execute queues: 4, RefProcThreadModel::Multi, marks_oops_alive: false
[140.676s][debug][gc,ref         ] GC(21) Skipped phase 3 of Reference Processing: no references
[140.676s][debug][gc,ref         ] GC(21) ReferenceProcessor::execute queues: 1, RefProcThreadModel::Single, marks_oops_alive: false
[140.676s][debug][gc,phases      ] GC(21) Reference Processing 0.363ms
[140.677s][debug][gc,phases      ] GC(21)   VM Weak                        Min:  0.0, Avg:  0.0, Max:  0.0, Diff:  0.0, Sum:  0.0, Workers: 4
[140.677s][debug][gc,phases      ] GC(21)     Dead                           Min: 0, Avg:  0.0, Max: 0, Diff: 0, Sum: 0, Workers: 4
[140.677s][debug][gc,phases      ] GC(21)     Total                          Min: 64, Avg: 164.8, Max: 339, Diff: 275, Sum: 659, Workers: 4
[140.677s][debug][gc,phases      ] GC(21)   ObjectSynchronizer Weak        Min:  0.0, Avg:  0.0, Max:  0.0, Diff:  0.0, Sum:  0.0, Workers: 4
[140.677s][debug][gc,phases      ] GC(21)     Dead                           Min: 0, Avg:  0.0, Max: 0, Diff: 0, Sum: 0, Workers: 4
[140.677s][debug][gc,phases      ] GC(21)     Total                          Min: 0, Avg: 12.0, Max: 48, Diff: 48, Sum: 48, Workers: 4
[140.677s][debug][gc,phases      ] GC(21)   JVMTI Tag Weak OopStorage      Min:  0.0, Avg:  0.0, Max:  0.0, Diff:  0.0, Sum:  0.0, Workers: 4
[140.677s][debug][gc,phases      ] GC(21)     Dead                           Min: 0, Avg:  0.0, Max: 0, Diff: 0, Sum: 0, Workers: 4
[140.677s][debug][gc,phases      ] GC(21)     Total                          Min: 0, Avg:  0.0, Max: 0, Diff: 0, Sum: 0, Workers: 4
[140.677s][debug][gc,phases      ] GC(21)   StringTable Weak               Min:  0.2, Avg:  0.2, Max:  0.3, Diff:  0.0, Sum:  1.0, Workers: 4
[140.677s][debug][gc,phases      ] GC(21)     Dead                           Min: 0, Avg:  0.0, Max: 0, Diff: 0, Sum: 0, Workers: 4
[140.677s][debug][gc,phases      ] GC(21)     Total                          Min: 9536, Avg: 10625.2, Max: 11584, Diff: 2048, Sum: 42501, Workers: 4
[140.677s][debug][gc,phases      ] GC(21)   ResolvedMethodTable Weak       Min:  0.1, Avg:  0.1, Max:  0.1, Diff:  0.0, Sum:  0.3, Workers: 4
[140.677s][debug][gc,phases      ] GC(21)     Dead                           Min: 0, Avg:  0.0, Max: 0, Diff: 0, Sum: 0, Workers: 4
[140.677s][debug][gc,phases      ] GC(21)     Total                          Min: 1598, Avg: 2052.0, Max: 2388, Diff: 790, Sum: 8208, Workers: 4
[140.677s][debug][gc,phases      ] GC(21)   JNI Weak                       Min:  0.0, Avg:  0.0, Max:  0.0, Diff:  0.0, Sum:  0.0, Workers: 4
[140.677s][debug][gc,phases      ] GC(21)     Dead                           Min: 0, Avg:  0.0, Max: 0, Diff: 0, Sum: 0, Workers: 4
[140.677s][debug][gc,phases      ] GC(21)     Total                          Min: 0, Avg: 11.2, Max: 45, Diff: 45, Sum: 45, Workers: 4
[140.677s][debug][gc,phases      ] GC(21)   StringDedup Table Weak         Min:  0.0, Avg:  0.0, Max:  0.0, Diff:  0.0, Sum:  0.0, Workers: 4
[140.677s][debug][gc,phases      ] GC(21)     Dead                           Min: 0, Avg:  0.0, Max: 0, Diff: 0, Sum: 0, Workers: 4
[140.677s][debug][gc,phases      ] GC(21)     Total                          Min: 0, Avg:  0.0, Max: 0, Diff: 0, Sum: 0, Workers: 4
[140.677s][debug][gc,phases      ] GC(21)   StringDedup Requests0 Weak     Min:  0.0, Avg:  0.0, Max:  0.0, Diff:  0.0, Sum:  0.0, Workers: 4
[140.677s][debug][gc,phases      ] GC(21)     Dead                           Min: 0, Avg:  0.0, Max: 0, Diff: 0, Sum: 0, Workers: 4
[140.677s][debug][gc,phases      ] GC(21)     Total                          Min: 0, Avg:  0.0, Max: 0, Diff: 0, Sum: 0, Workers: 4
[140.677s][debug][gc,phases      ] GC(21)   StringDedup Requests1 Weak     Min:  0.0, Avg:  0.0, Max:  0.0, Diff:  0.0, Sum:  0.0, Workers: 4
[140.677s][debug][gc,phases      ] GC(21)     Dead                           Min: 0, Avg:  0.0, Max: 0, Diff: 0, Sum: 0, Workers: 4
[140.677s][debug][gc,phases      ] GC(21)     Total                          Min: 0, Avg:  0.0, Max: 0, Diff: 0, Sum: 0, Workers: 4
[140.677s][debug][gc,phases      ] GC(21)   Weak JFR Old Object Samples    Min:  0.0, Avg:  0.0, Max:  0.0, Diff:  0.0, Sum:  0.0, Workers: 4
[140.677s][debug][gc,phases      ] GC(21)     Dead                           Min: 0, Avg:  0.0, Max: 0, Diff: 0, Sum: 0, Workers: 4
[140.677s][debug][gc,phases      ] GC(21)     Total                          Min: 0, Avg:  0.0, Max: 0, Diff: 0, Sum: 0, Workers: 4
[140.677s][debug][gc,phases      ] GC(21) Weak Processing 0.475ms
[140.677s][debug][gc,age         ] GC(21) Desired survivor size 444596224 bytes, new threshold 15 (max threshold 15)
[140.677s][info ][gc,heap        ] GC(21) PSYoungGen: 1446309K(1633792K)->220250K(1662976K) Eden: 1173504K(1173504K)->0K(1216512K) From: 272805K(460288K)->220250K(446464K)
[140.677s][info ][gc,heap        ] GC(21) ParOldGen: 31053K(64512K)->85467K(85504K)
[140.677s][info ][gc,metaspace   ] GC(21) Metaspace: 77111K(77952K)->77111K(77952K) NonClass: 66045K(66496K)->66045K(66496K) Class: 11065K(11456K)->11065K(11456K)
[140.677s][info ][gc             ] GC(21) Pause Young (Allocation Failure) 1442M->298M(1707M) 107.904ms
[140.677s][info ][gc,cpu         ] GC(21) User=0.36s Sys=0.04s Real=0.10s
[140.677s][debug][gc,phases      ] GC(22) Pre Compact 0.009ms
[140.677s][info ][gc,start       ] GC(22) Pause Full (Ergonomics)
[140.677s][info ][gc,phases,start] GC(22) Marking Phase
[140.773s][debug][gc,phases      ] GC(22) Par Mark 95.776ms
[140.773s][debug][gc,ref         ] GC(22) Skipped phase 1 of Reference Processing: no references
[140.773s][debug][gc,ref         ] GC(22) ReferenceProcessor::execute queues: 4, RefProcThreadModel::Multi, marks_oops_alive: false
[140.773s][debug][gc,ref         ] GC(22) Skipped phase 3 of Reference Processing: no references
[140.773s][debug][gc,ref         ] GC(22) ReferenceProcessor::execute queues: 1, RefProcThreadModel::Single, marks_oops_alive: false
[140.773s][debug][gc,phases      ] GC(22) Reference Processing 0.489ms
[140.773s][debug][gc,phases      ] GC(22)   VM Weak                        Min:  0.0, Avg:  0.0, Max:  0.0, Diff:  0.0, Sum:  0.0, Workers: 4
[140.773s][debug][gc,phases      ] GC(22)     Dead                           Min: 0, Avg:  0.0, Max: 0, Diff: 0, Sum: 0, Workers: 4
[140.773s][debug][gc,phases      ] GC(22)     Total                          Min: 0, Avg: 164.8, Max: 467, Diff: 467, Sum: 659, Workers: 4
[140.773s][debug][gc,phases      ] GC(22)   ObjectSynchronizer Weak        Min:  0.0, Avg:  0.0, Max:  0.0, Diff:  0.0, Sum:  0.0, Workers: 4
[140.773s][debug][gc,phases      ] GC(22)     Dead                           Min: 0, Avg:  0.0, Max: 0, Diff: 0, Sum: 0, Workers: 4
[140.773s][debug][gc,phases      ] GC(22)     Total                          Min: 0, Avg: 12.0, Max: 48, Diff: 48, Sum: 48, Workers: 4
[140.773s][debug][gc,phases      ] GC(22)   JVMTI Tag Weak OopStorage      Min:  0.0, Avg:  0.0, Max:  0.0, Diff:  0.0, Sum:  0.0, Workers: 4
[140.773s][debug][gc,phases      ] GC(22)     Dead                           Min: 0, Avg:  0.0, Max: 0, Diff: 0, Sum: 0, Workers: 4
[140.773s][debug][gc,phases      ] GC(22)     Total                          Min: 0, Avg:  0.0, Max: 0, Diff: 0, Sum: 0, Workers: 4
[140.773s][debug][gc,phases      ] GC(22)   StringTable Weak               Min:  0.1, Avg:  0.2, Max:  0.2, Diff:  0.0, Sum:  0.6, Workers: 4
[140.773s][debug][gc,phases      ] GC(22)     Dead                           Min: 0, Avg:  0.0, Max: 0, Diff: 0, Sum: 0, Workers: 4
[140.773s][debug][gc,phases      ] GC(22)     Total                          Min: 9413, Avg: 10625.2, Max: 11520, Diff: 2107, Sum: 42501, Workers: 4
[140.773s][debug][gc,phases      ] GC(22)   ResolvedMethodTable Weak       Min:  0.0, Avg:  0.0, Max:  0.0, Diff:  0.0, Sum:  0.1, Workers: 4
[140.773s][debug][gc,phases      ] GC(22)     Dead                           Min: 0, Avg:  0.0, Max: 0, Diff: 0, Sum: 0, Workers: 4
[140.773s][debug][gc,phases      ] GC(22)     Total                          Min: 1940, Avg: 2052.0, Max: 2112, Diff: 172, Sum: 8208, Workers: 4
[140.773s][debug][gc,phases      ] GC(22)   JNI Weak                       Min:  0.0, Avg:  0.0, Max:  0.0, Diff:  0.0, Sum:  0.0, Workers: 4
[140.773s][debug][gc,phases      ] GC(22)     Dead                           Min: 0, Avg:  0.0, Max: 0, Diff: 0, Sum: 0, Workers: 4
[140.773s][debug][gc,phases      ] GC(22)     Total                          Min: 0, Avg: 11.2, Max: 45, Diff: 45, Sum: 45, Workers: 4
[140.773s][debug][gc,phases      ] GC(22)   StringDedup Table Weak         Min:  0.0, Avg:  0.0, Max:  0.0, Diff:  0.0, Sum:  0.0, Workers: 4
[140.773s][debug][gc,phases      ] GC(22)     Dead                           Min: 0, Avg:  0.0, Max: 0, Diff: 0, Sum: 0, Workers: 4
[140.773s][debug][gc,phases      ] GC(22)     Total                          Min: 0, Avg:  0.0, Max: 0, Diff: 0, Sum: 0, Workers: 4
[140.773s][debug][gc,phases      ] GC(22)   StringDedup Requests0 Weak     Min:  0.0, Avg:  0.0, Max:  0.0, Diff:  0.0, Sum:  0.0, Workers: 4
[140.773s][debug][gc,phases      ] GC(22)     Dead                           Min: 0, Avg:  0.0, Max: 0, Diff: 0, Sum: 0, Workers: 4
[140.773s][debug][gc,phases      ] GC(22)     Total                          Min: 0, Avg:  0.0, Max: 0, Diff: 0, Sum: 0, Workers: 4
[140.773s][debug][gc,phases      ] GC(22)   StringDedup Requests1 Weak     Min:  0.0, Avg:  0.0, Max:  0.0, Diff:  0.0, Sum:  0.0, Workers: 4
[140.773s][debug][gc,phases      ] GC(22)     Dead                           Min: 0, Avg:  0.0, Max: 0, Diff: 0, Sum: 0, Workers: 4
[140.773s][debug][gc,phases      ] GC(22)     Total                          Min: 0, Avg:  0.0, Max: 0, Diff: 0, Sum: 0, Workers: 4
[140.773s][debug][gc,phases      ] GC(22)   Weak JFR Old Object Samples    Min:  0.0, Avg:  0.0, Max:  0.0, Diff:  0.0, Sum:  0.0, Workers: 4
[140.773s][debug][gc,phases      ] GC(22)     Dead                           Min: 0, Avg:  0.0, Max: 0, Diff: 0, Sum: 0, Workers: 4
[140.773s][debug][gc,phases      ] GC(22)     Total                          Min: 0, Avg:  0.0, Max: 0, Diff: 0, Sum: 0, Workers: 4
[140.773s][debug][gc,phases      ] GC(22) Weak Processing 0.346ms
[140.774s][debug][gc,phases      ] GC(22) ClassLoaderData 0.079ms
[140.774s][debug][gc,phases      ] GC(22) Trigger cleanups 0.000ms
[140.788s][debug][gc,phases      ] GC(22) Class Unloading 14.444ms
[140.788s][info ][gc,phases      ] GC(22) Marking Phase 111.201ms
[140.788s][info ][gc,phases,start] GC(22) Summary Phase
[140.788s][info ][gc,phases      ] GC(22) Summary Phase 0.008ms
[140.788s][info ][gc,phases,start] GC(22) Adjust Roots
[140.804s][info ][gc,phases      ] GC(22) Adjust Roots 16.336ms
[140.804s][info ][gc,phases,start] GC(22) Compaction Phase
[141.321s][info ][gc,phases      ] GC(22) Compaction Phase 516.759ms
[141.321s][info ][gc,phases,start] GC(22) Post Compact
[141.323s][info ][gc,phases      ] GC(22) Post Compact 2.133ms
[141.323s][info ][gc,heap        ] GC(22) PSYoungGen: 220250K(1662976K)->218691K(1662976K) Eden: 0K(1216512K)->0K(1216512K) From: 220250K(446464K)->218691K(446464K)
[141.323s][info ][gc,heap        ] GC(22) ParOldGen: 85467K(85504K)->85178K(151552K)
[141.323s][info ][gc,metaspace   ] GC(22) Metaspace: 77111K(77952K)->77111K(77952K) NonClass: 66045K(66496K)->66045K(66496K) Class: 11065K(11456K)->11065K(11456K)
[141.323s][info ][gc             ] GC(22) Pause Full (Ergonomics) 298M->296M(1772M) 646.654ms
[141.323s][info ][gc,cpu         ] GC(22) User=1.98s Sys=0.01s Real=0.65s
[141.323s][info ][safepoint      ] Safepoint "ParallelGCFailedAllocation", Time since last: 910033645 ns, Reaching safepoint: 41000 ns, At safepoint: 754682397 ns, Total: 754723397 ns
[142.324s][info ][safepoint      ] Safepoint "Cleanup", Time since last: 1000090087 ns, Reaching safepoint: 33200 ns, At safepoint: 2400 ns, Total: 35600 ns
[143.324s][info ][safepoint      ] Safepoint "Cleanup", Time since last: 1000097186 ns, Reaching safepoint: 25400 ns, At safepoint: 2500 ns, Total: 27900 ns
[144.324s][info ][safepoint      ] Safepoint "Cleanup", Time since last: 1000093986 ns, Reaching safepoint: 25700 ns, At safepoint: 2400 ns, Total: 28100 ns
[145.837s][info ][safepoint      ] Safepoint "Cleanup", Time since last: 1513158298 ns, Reaching safepoint: 108600 ns, At safepoint: 14700 ns, Total: 123300 ns
[146.837s][info ][safepoint      ] Safepoint "Cleanup", Time since last: 1000105984 ns, Reaching safepoint: 92901 ns, At safepoint: 9200 ns, Total: 102101 ns
[149.233s][info ][safepoint      ] Safepoint "Cleanup", Time since last: 2395356392 ns, Reaching safepoint: 50400 ns, At safepoint: 2400 ns, Total: 52800 ns
[151.233s][info ][safepoint      ] Safepoint "Cleanup", Time since last: 2000166665 ns, Reaching safepoint: 43000 ns, At safepoint: 2800 ns, Total: 45800 ns
[153.970s][info ][gc,start       ] GC(23) Pause Young (Allocation Failure)
[154.067s][debug][gc,phases      ] GC(23) Scavenge 96.236ms
[154.067s][debug][gc,ref         ] GC(23) Skipped phase 1 of Reference Processing: no references
[154.067s][debug][gc,ref         ] GC(23) ReferenceProcessor::execute queues: 1, RefProcThreadModel::Single, marks_oops_alive: false
[154.067s][debug][gc,ref         ] GC(23) Skipped phase 3 of Reference Processing: no references
[154.067s][debug][gc,ref         ] GC(23) ReferenceProcessor::execute queues: 1, RefProcThreadModel::Single, marks_oops_alive: false
[154.067s][debug][gc,phases      ] GC(23) Reference Processing 0.151ms
[154.067s][debug][gc,phases      ] GC(23)   VM Weak                        Min:  0.0, Avg:  0.0, Max:  0.0, Diff:  0.0, Sum:  0.0, Workers: 4
[154.067s][debug][gc,phases      ] GC(23)     Dead                           Min: 0, Avg:  0.0, Max: 0, Diff: 0, Sum: 0, Workers: 4
[154.067s][debug][gc,phases      ] GC(23)     Total                          Min: 0, Avg: 164.8, Max: 384, Diff: 384, Sum: 659, Workers: 4
[154.067s][debug][gc,phases      ] GC(23)   ObjectSynchronizer Weak        Min:  0.0, Avg:  0.0, Max:  0.0, Diff:  0.0, Sum:  0.0, Workers: 4
[154.067s][debug][gc,phases      ] GC(23)     Dead                           Min: 0, Avg:  0.0, Max: 0, Diff: 0, Sum: 0, Workers: 4
[154.067s][debug][gc,phases      ] GC(23)     Total                          Min: 0, Avg: 12.0, Max: 48, Diff: 48, Sum: 48, Workers: 4
[154.067s][debug][gc,phases      ] GC(23)   JVMTI Tag Weak OopStorage      Min:  0.0, Avg:  0.0, Max:  0.0, Diff:  0.0, Sum:  0.0, Workers: 4
[154.067s][debug][gc,phases      ] GC(23)     Dead                           Min: 0, Avg:  0.0, Max: 0, Diff: 0, Sum: 0, Workers: 4
[154.067s][debug][gc,phases      ] GC(23)     Total                          Min: 0, Avg:  0.0, Max: 0, Diff: 0, Sum: 0, Workers: 4
[154.067s][debug][gc,phases      ] GC(23)   StringTable Weak               Min:  0.0, Avg:  0.2, Max:  0.3, Diff:  0.3, Sum:  0.8, Workers: 4
[154.067s][debug][gc,phases      ] GC(23)     Dead                           Min: 0, Avg:  0.0, Max: 0, Diff: 0, Sum: 0, Workers: 4
[154.067s][debug][gc,phases      ] GC(23)     Total                          Min: 0, Avg: 10627.5, Max: 17486, Diff: 17486, Sum: 42510, Workers: 4
[154.067s][debug][gc,phases      ] GC(23)   ResolvedMethodTable Weak       Min:  0.0, Avg:  0.1, Max:  0.1, Diff:  0.1, Sum:  0.2, Workers: 4
[154.067s][debug][gc,phases      ] GC(23)     Dead                           Min: 0, Avg:  0.0, Max: 0, Diff: 0, Sum: 0, Workers: 4
[154.067s][debug][gc,phases      ] GC(23)     Total                          Min: 0, Avg: 2052.0, Max: 3412, Diff: 3412, Sum: 8208, Workers: 4
[154.067s][debug][gc,phases      ] GC(23)   JNI Weak                       Min:  0.0, Avg:  0.0, Max:  0.0, Diff:  0.0, Sum:  0.0, Workers: 4
[154.067s][debug][gc,phases      ] GC(23)     Dead                           Min: 0, Avg:  0.0, Max: 0, Diff: 0, Sum: 0, Workers: 4
[154.067s][debug][gc,phases      ] GC(23)     Total                          Min: 0, Avg: 11.2, Max: 45, Diff: 45, Sum: 45, Workers: 4
[154.067s][debug][gc,phases      ] GC(23)   StringDedup Table Weak         Min:  0.0, Avg:  0.0, Max:  0.0, Diff:  0.0, Sum:  0.0, Workers: 4
[154.067s][debug][gc,phases      ] GC(23)     Dead                           Min: 0, Avg:  0.0, Max: 0, Diff: 0, Sum: 0, Workers: 4
[154.067s][debug][gc,phases      ] GC(23)     Total                          Min: 0, Avg:  0.0, Max: 0, Diff: 0, Sum: 0, Workers: 4
[154.067s][debug][gc,phases      ] GC(23)   StringDedup Requests0 Weak     Min:  0.0, Avg:  0.0, Max:  0.0, Diff:  0.0, Sum:  0.0, Workers: 4
[154.067s][debug][gc,phases      ] GC(23)     Dead                           Min: 0, Avg:  0.0, Max: 0, Diff: 0, Sum: 0, Workers: 4
[154.067s][debug][gc,phases      ] GC(23)     Total                          Min: 0, Avg:  0.0, Max: 0, Diff: 0, Sum: 0, Workers: 4
[154.067s][debug][gc,phases      ] GC(23)   StringDedup Requests1 Weak     Min:  0.0, Avg:  0.0, Max:  0.0, Diff:  0.0, Sum:  0.0, Workers: 4
[154.067s][debug][gc,phases      ] GC(23)     Dead                           Min: 0, Avg:  0.0, Max: 0, Diff: 0, Sum: 0, Workers: 4
[154.067s][debug][gc,phases      ] GC(23)     Total                          Min: 0, Avg:  0.0, Max: 0, Diff: 0, Sum: 0, Workers: 4
[154.067s][debug][gc,phases      ] GC(23)   Weak JFR Old Object Samples    Min:  0.0, Avg:  0.0, Max:  0.0, Diff:  0.0, Sum:  0.0, Workers: 4
[154.067s][debug][gc,phases      ] GC(23)     Dead                           Min: 0, Avg:  0.0, Max: 0, Diff: 0, Sum: 0, Workers: 4
[154.067s][debug][gc,phases      ] GC(23)     Total                          Min: 0, Avg:  0.0, Max: 0, Diff: 0, Sum: 0, Workers: 4
[154.067s][debug][gc,phases      ] GC(23) Weak Processing 0.544ms
[154.067s][debug][gc,age         ] GC(23) Desired survivor size 438304768 bytes, new threshold 15 (max threshold 15)
[154.067s][info ][gc,heap        ] GC(23) PSYoungGen: 1435203K(1662976K)->185453K(1650688K) Eden: 1216512K(1216512K)->0K(1216512K) From: 218691K(446464K)->185453K(434176K)
[154.067s][info ][gc,heap        ] GC(23) ParOldGen: 85178K(151552K)->120087K(151552K)
[154.068s][info ][gc,metaspace   ] GC(23) Metaspace: 77129K(78016K)->77129K(78016K) NonClass: 66063K(66560K)->66063K(66560K) Class: 11065K(11456K)->11065K(11456K)
[154.068s][info ][gc             ] GC(23) Pause Young (Allocation Failure) 1484M->298M(1760M) 97.066ms
[154.068s][info ][gc,cpu         ] GC(23) User=0.30s Sys=0.03s Real=0.10s
[154.068s][debug][gc,phases      ] GC(24) Pre Compact 0.015ms
[154.068s][info ][gc,start       ] GC(24) Pause Full (Ergonomics)
[154.068s][info ][gc,phases,start] GC(24) Marking Phase
[154.180s][debug][gc,phases      ] GC(24) Par Mark 112.366ms
[154.180s][debug][gc,ref         ] GC(24) Skipped phase 1 of Reference Processing: no references
[154.180s][debug][gc,ref         ] GC(24) ReferenceProcessor::execute queues: 4, RefProcThreadModel::Multi, marks_oops_alive: false
[154.182s][debug][gc,ref         ] GC(24) Skipped phase 3 of Reference Processing: no references
[154.182s][debug][gc,ref         ] GC(24) ReferenceProcessor::execute queues: 1, RefProcThreadModel::Single, marks_oops_alive: false
[154.182s][debug][gc,phases      ] GC(24) Reference Processing 2.072ms
[154.183s][debug][gc,phases      ] GC(24)   VM Weak                        Min:  0.0, Avg:  0.0, Max:  0.0, Diff:  0.0, Sum:  0.0, Workers: 4
[154.183s][debug][gc,phases      ] GC(24)     Dead                           Min: 0, Avg:  0.0, Max: 0, Diff: 0, Sum: 0, Workers: 4
[154.183s][debug][gc,phases      ] GC(24)     Total                          Min: 0, Avg: 164.8, Max: 448, Diff: 448, Sum: 659, Workers: 4
[154.183s][debug][gc,phases      ] GC(24)   ObjectSynchronizer Weak        Min:  0.0, Avg:  0.0, Max:  0.0, Diff:  0.0, Sum:  0.0, Workers: 4
[154.183s][debug][gc,phases      ] GC(24)     Dead                           Min: 0, Avg:  0.0, Max: 0, Diff: 0, Sum: 0, Workers: 4
[154.183s][debug][gc,phases      ] GC(24)     Total                          Min: 0, Avg: 12.0, Max: 48, Diff: 48, Sum: 48, Workers: 4
[154.183s][debug][gc,phases      ] GC(24)   JVMTI Tag Weak OopStorage      Min:  0.0, Avg:  0.0, Max:  0.0, Diff:  0.0, Sum:  0.0, Workers: 4
[154.183s][debug][gc,phases      ] GC(24)     Dead                           Min: 0, Avg:  0.0, Max: 0, Diff: 0, Sum: 0, Workers: 4
[154.183s][debug][gc,phases      ] GC(24)     Total                          Min: 0, Avg:  0.0, Max: 0, Diff: 0, Sum: 0, Workers: 4
[154.183s][debug][gc,phases      ] GC(24)   StringTable Weak               Min:  0.0, Avg:  0.2, Max:  0.3, Diff:  0.3, Sum:  0.6, Workers: 4
[154.183s][debug][gc,phases      ] GC(24)     Dead                           Min: 0, Avg:  0.0, Max: 0, Diff: 0, Sum: 0, Workers: 4
[154.183s][debug][gc,phases      ] GC(24)     Total                          Min: 0, Avg: 10627.5, Max: 22798, Diff: 22798, Sum: 42510, Workers: 4
[154.183s][debug][gc,phases      ] GC(24)   ResolvedMethodTable Weak       Min:  0.0, Avg:  0.0, Max:  0.1, Diff:  0.1, Sum:  0.1, Workers: 4
[154.183s][debug][gc,phases      ] GC(24)     Dead                           Min: 0, Avg:  0.0, Max: 0, Diff: 0, Sum: 0, Workers: 4
[154.183s][debug][gc,phases      ] GC(24)     Total                          Min: 0, Avg: 2052.0, Max: 4479, Diff: 4479, Sum: 8208, Workers: 4
[154.183s][debug][gc,phases      ] GC(24)   JNI Weak                       Min:  0.0, Avg:  0.0, Max:  0.0, Diff:  0.0, Sum:  0.0, Workers: 4
[154.183s][debug][gc,phases      ] GC(24)     Dead                           Min: 0, Avg:  0.0, Max: 0, Diff: 0, Sum: 0, Workers: 4
[154.183s][debug][gc,phases      ] GC(24)     Total                          Min: 0, Avg: 11.2, Max: 45, Diff: 45, Sum: 45, Workers: 4
[154.183s][debug][gc,phases      ] GC(24)   StringDedup Table Weak         Min:  0.0, Avg:  0.0, Max:  0.0, Diff:  0.0, Sum:  0.0, Workers: 4
[154.183s][debug][gc,phases      ] GC(24)     Dead                           Min: 0, Avg:  0.0, Max: 0, Diff: 0, Sum: 0, Workers: 4
[154.183s][debug][gc,phases      ] GC(24)     Total                          Min: 0, Avg:  0.0, Max: 0, Diff: 0, Sum: 0, Workers: 4
[154.183s][debug][gc,phases      ] GC(24)   StringDedup Requests0 Weak     Min:  0.0, Avg:  0.0, Max:  0.0, Diff:  0.0, Sum:  0.0, Workers: 4
[154.183s][debug][gc,phases      ] GC(24)     Dead                           Min: 0, Avg:  0.0, Max: 0, Diff: 0, Sum: 0, Workers: 4
[154.183s][debug][gc,phases      ] GC(24)     Total                          Min: 0, Avg:  0.0, Max: 0, Diff: 0, Sum: 0, Workers: 4
[154.183s][debug][gc,phases      ] GC(24)   StringDedup Requests1 Weak     Min:  0.0, Avg:  0.0, Max:  0.0, Diff:  0.0, Sum:  0.0, Workers: 4
[154.183s][debug][gc,phases      ] GC(24)     Dead                           Min: 0, Avg:  0.0, Max: 0, Diff: 0, Sum: 0, Workers: 4
[154.183s][debug][gc,phases      ] GC(24)     Total                          Min: 0, Avg:  0.0, Max: 0, Diff: 0, Sum: 0, Workers: 4
[154.183s][debug][gc,phases      ] GC(24)   Weak JFR Old Object Samples    Min:  0.0, Avg:  0.0, Max:  0.0, Diff:  0.0, Sum:  0.0, Workers: 4
[154.183s][debug][gc,phases      ] GC(24)     Dead                           Min: 0, Avg:  0.0, Max: 0, Diff: 0, Sum: 0, Workers: 4
[154.183s][debug][gc,phases      ] GC(24)     Total                          Min: 0, Avg:  0.0, Max: 0, Diff: 0, Sum: 0, Workers: 4
[154.183s][debug][gc,phases      ] GC(24) Weak Processing 0.542ms
[154.183s][debug][gc,phases      ] GC(24) ClassLoaderData 0.094ms
[154.183s][debug][gc,phases      ] GC(24) Trigger cleanups 0.000ms
[154.199s][debug][gc,phases      ] GC(24) Class Unloading 16.216ms
[154.199s][info ][gc,phases      ] GC(24) Marking Phase 131.395ms
[154.199s][info ][gc,phases,start] GC(24) Summary Phase
[154.199s][info ][gc,phases      ] GC(24) Summary Phase 0.010ms
[154.199s][info ][gc,phases,start] GC(24) Adjust Roots
[154.213s][info ][gc,phases      ] GC(24) Adjust Roots 13.715ms
[154.213s][info ][gc,phases,start] GC(24) Compaction Phase
[154.452s][info ][gc,phases      ] GC(24) Compaction Phase 239.620ms
[154.452s][info ][gc,phases,start] GC(24) Post Compact
[154.454s][info ][gc,phases      ] GC(24) Post Compact 1.481ms
[154.454s][info ][gc,heap        ] GC(24) PSYoungGen: 185453K(1650688K)->152287K(1650688K) Eden: 0K(1216512K)->0K(1216512K) From: 185453K(434176K)->152287K(434176K)
[154.454s][info ][gc,heap        ] GC(24) ParOldGen: 120087K(151552K)->151547K(247808K)
[154.454s][info ][gc,metaspace   ] GC(24) Metaspace: 77129K(78016K)->77129K(78016K) NonClass: 66063K(66560K)->66063K(66560K) Class: 11065K(11456K)->11065K(11456K)
[154.454s][info ][gc             ] GC(24) Pause Full (Ergonomics) 298M->296M(1854M) 386.520ms
[154.454s][info ][gc,cpu         ] GC(24) User=1.32s Sys=0.03s Real=0.38s
[154.454s][info ][safepoint      ] Safepoint "ParallelGCFailedAllocation", Time since last: 2737473029 ns, Reaching safepoint: 25300 ns, At safepoint: 483732664 ns, Total: 483757964 ns
[155.454s][info ][safepoint      ] Safepoint "Cleanup", Time since last: 1000100081 ns, Reaching safepoint: 59200 ns, At safepoint: 3200 ns, Total: 62400 ns
[157.723s][info ][safepoint      ] Safepoint "Cleanup", Time since last: 2269053183 ns, Reaching safepoint: 84200 ns, At safepoint: 3000 ns, Total: 87200 ns
[158.724s][info ][safepoint      ] Safepoint "Cleanup", Time since last: 1000106279 ns, Reaching safepoint: 48400 ns, At safepoint: 3000 ns, Total: 51400 ns
[159.724s][info ][safepoint      ] Safepoint "Cleanup", Time since last: 1000115878 ns, Reaching safepoint: 114800 ns, At safepoint: 2800 ns, Total: 117600 ns
[160.724s][info ][safepoint      ] Safepoint "Cleanup", Time since last: 1000131078 ns, Reaching safepoint: 56100 ns, At safepoint: 2700 ns, Total: 58800 ns
[161.724s][info ][safepoint      ] Safepoint "Cleanup", Time since last: 1000172278 ns, Reaching safepoint: 50400 ns, At safepoint: 3300 ns, Total: 53700 ns
[162.724s][info ][safepoint      ] Safepoint "Cleanup", Time since last: 1000113976 ns, Reaching safepoint: 59901 ns, At safepoint: 3400 ns, Total: 63301 ns
[163.725s][info ][safepoint      ] Safepoint "Cleanup", Time since last: 1000118976 ns, Reaching safepoint: 29300 ns, At safepoint: 2600 ns, Total: 31900 ns
[164.725s][info ][safepoint      ] Safepoint "Cleanup", Time since last: 1000098376 ns, Reaching safepoint: 45400 ns, At safepoint: 4000 ns, Total: 49400 ns
[165.725s][info ][safepoint      ] Safepoint "Cleanup", Time since last: 1000066975 ns, Reaching safepoint: 39300 ns, At safepoint: 2700 ns, Total: 42000 ns
[166.725s][info ][safepoint      ] Safepoint "Cleanup", Time since last: 1000102675 ns, Reaching safepoint: 49100 ns, At safepoint: 9100 ns, Total: 58200 ns
[167.472s][info ][gc,start       ] GC(25) Pause Young (Allocation Failure)
[167.554s][debug][gc,phases      ] GC(25) Scavenge 81.773ms
[167.554s][debug][gc,ref         ] GC(25) Skipped phase 1 of Reference Processing: no references
[167.554s][debug][gc,ref         ] GC(25) ReferenceProcessor::execute queues: 2, RefProcThreadModel::Multi, marks_oops_alive: false
[167.554s][debug][gc,ref         ] GC(25) Skipped phase 3 of Reference Processing: no references
[167.554s][debug][gc,ref         ] GC(25) ReferenceProcessor::execute queues: 1, RefProcThreadModel::Single, marks_oops_alive: false
[167.554s][debug][gc,phases      ] GC(25) Reference Processing 0.195ms
[167.554s][debug][gc,phases      ] GC(25)   VM Weak                        Min:  0.0, Avg:  0.0, Max:  0.0, Diff:  0.0, Sum:  0.0, Workers: 4
[167.554s][debug][gc,phases      ] GC(25)     Dead                           Min: 0, Avg:  0.0, Max: 0, Diff: 0, Sum: 0, Workers: 4
[167.554s][debug][gc,phases      ] GC(25)     Total                          Min: 0, Avg: 165.0, Max: 532, Diff: 532, Sum: 660, Workers: 4
[167.554s][debug][gc,phases      ] GC(25)   ObjectSynchronizer Weak        Min:  0.0, Avg:  0.0, Max:  0.0, Diff:  0.0, Sum:  0.0, Workers: 4
[167.554s][debug][gc,phases      ] GC(25)     Dead                           Min: 0, Avg:  0.0, Max: 0, Diff: 0, Sum: 0, Workers: 4
[167.554s][debug][gc,phases      ] GC(25)     Total                          Min: 0, Avg: 12.0, Max: 48, Diff: 48, Sum: 48, Workers: 4
[167.554s][debug][gc,phases      ] GC(25)   JVMTI Tag Weak OopStorage      Min:  0.0, Avg:  0.0, Max:  0.0, Diff:  0.0, Sum:  0.0, Workers: 4
[167.554s][debug][gc,phases      ] GC(25)     Dead                           Min: 0, Avg:  0.0, Max: 0, Diff: 0, Sum: 0, Workers: 4
[167.554s][debug][gc,phases      ] GC(25)     Total                          Min: 0, Avg:  0.0, Max: 0, Diff: 0, Sum: 0, Workers: 4
[167.554s][debug][gc,phases      ] GC(25)   StringTable Weak               Min:  0.0, Avg:  0.1, Max:  0.2, Diff:  0.2, Sum:  0.6, Workers: 4
[167.554s][debug][gc,phases      ] GC(25)     Dead                           Min: 0, Avg:  0.0, Max: 0, Diff: 0, Sum: 0, Workers: 4
[167.554s][debug][gc,phases      ] GC(25)     Total                          Min: 704, Avg: 10631.2, Max: 16512, Diff: 15808, Sum: 42525, Workers: 4
[167.554s][debug][gc,phases      ] GC(25)   ResolvedMethodTable Weak       Min:  0.0, Avg:  0.0, Max:  0.0, Diff:  0.0, Sum:  0.1, Workers: 4
[167.554s][debug][gc,phases      ] GC(25)     Dead                           Min: 0, Avg:  0.0, Max: 0, Diff: 0, Sum: 0, Workers: 4
[167.554s][debug][gc,phases      ] GC(25)     Total                          Min: 0, Avg: 2053.0, Max: 3007, Diff: 3007, Sum: 8212, Workers: 4
[167.554s][debug][gc,phases      ] GC(25)   JNI Weak                       Min:  0.0, Avg:  0.0, Max:  0.0, Diff:  0.0, Sum:  0.0, Workers: 4
[167.554s][debug][gc,phases      ] GC(25)     Dead                           Min: 0, Avg:  0.0, Max: 0, Diff: 0, Sum: 0, Workers: 4
[167.554s][debug][gc,phases      ] GC(25)     Total                          Min: 0, Avg: 11.2, Max: 45, Diff: 45, Sum: 45, Workers: 4
[167.554s][debug][gc,phases      ] GC(25)   StringDedup Table Weak         Min:  0.0, Avg:  0.0, Max:  0.0, Diff:  0.0, Sum:  0.0, Workers: 4
[167.554s][debug][gc,phases      ] GC(25)     Dead                           Min: 0, Avg:  0.0, Max: 0, Diff: 0, Sum: 0, Workers: 4
[167.554s][debug][gc,phases      ] GC(25)     Total                          Min: 0, Avg:  0.0, Max: 0, Diff: 0, Sum: 0, Workers: 4
[167.554s][debug][gc,phases      ] GC(25)   StringDedup Requests0 Weak     Min:  0.0, Avg:  0.0, Max:  0.0, Diff:  0.0, Sum:  0.0, Workers: 4
[167.554s][debug][gc,phases      ] GC(25)     Dead                           Min: 0, Avg:  0.0, Max: 0, Diff: 0, Sum: 0, Workers: 4
[167.554s][debug][gc,phases      ] GC(25)     Total                          Min: 0, Avg:  0.0, Max: 0, Diff: 0, Sum: 0, Workers: 4
[167.554s][debug][gc,phases      ] GC(25)   StringDedup Requests1 Weak     Min:  0.0, Avg:  0.0, Max:  0.0, Diff:  0.0, Sum:  0.0, Workers: 4
[167.554s][debug][gc,phases      ] GC(25)     Dead                           Min: 0, Avg:  0.0, Max: 0, Diff: 0, Sum: 0, Workers: 4
[167.554s][debug][gc,phases      ] GC(25)     Total                          Min: 0, Avg:  0.0, Max: 0, Diff: 0, Sum: 0, Workers: 4
[167.554s][debug][gc,phases      ] GC(25)   Weak JFR Old Object Samples    Min:  0.0, Avg:  0.0, Max:  0.0, Diff:  0.0, Sum:  0.0, Workers: 4
[167.554s][debug][gc,phases      ] GC(25)     Dead                           Min: 0, Avg:  0.0, Max: 0, Diff: 0, Sum: 0, Workers: 4
[167.554s][debug][gc,phases      ] GC(25)     Total                          Min: 0, Avg:  0.0, Max: 0, Diff: 0, Sum: 0, Workers: 4
[167.554s][debug][gc,phases      ] GC(25) Weak Processing 0.397ms
[167.554s][debug][gc,age         ] GC(25) Desired survivor size 448790528 bytes, new threshold 15 (max threshold 15)
[167.554s][info ][gc,heap        ] GC(25) PSYoungGen: 1368799K(1650688K)->80739K(1648640K) Eden: 1216512K(1216512K)->0K(1220608K) From: 152287K(434176K)->80739K(428032K)
[167.554s][info ][gc,heap        ] GC(25) ParOldGen: 151547K(247808K)->227328K(247808K)
[167.554s][info ][gc,metaspace   ] GC(25) Metaspace: 77151K(78016K)->77151K(78016K) NonClass: 66084K(66560K)->66084K(66560K) Class: 11066K(11456K)->11066K(11456K)
[167.554s][info ][gc             ] GC(25) Pause Young (Allocation Failure) 1484M->300M(1852M) 82.492ms
[167.554s][info ][gc,cpu         ] GC(25) User=0.24s Sys=0.05s Real=0.08s
[167.554s][debug][gc,phases      ] GC(26) Pre Compact 0.008ms
[167.554s][info ][gc,start       ] GC(26) Pause Full (Ergonomics)
[167.554s][info ][gc,phases,start] GC(26) Marking Phase
[167.658s][debug][gc,phases      ] GC(26) Par Mark 103.752ms
[167.658s][debug][gc,ref         ] GC(26) Skipped phase 1 of Reference Processing: no references
[167.658s][debug][gc,ref         ] GC(26) ReferenceProcessor::execute queues: 4, RefProcThreadModel::Multi, marks_oops_alive: false
[167.659s][debug][gc,ref         ] GC(26) Skipped phase 3 of Reference Processing: no references
[167.659s][debug][gc,ref         ] GC(26) ReferenceProcessor::execute queues: 1, RefProcThreadModel::Single, marks_oops_alive: false
[167.659s][debug][gc,phases      ] GC(26) Reference Processing 0.534ms
[167.659s][debug][gc,phases      ] GC(26)   VM Weak                        Min:  0.0, Avg:  0.0, Max:  0.0, Diff:  0.0, Sum:  0.0, Workers: 4
[167.659s][debug][gc,phases      ] GC(26)     Dead                           Min: 0, Avg:  0.0, Max: 0, Diff: 0, Sum: 0, Workers: 4
[167.659s][debug][gc,phases      ] GC(26)     Total                          Min: 0, Avg: 165.0, Max: 384, Diff: 384, Sum: 660, Workers: 4
[167.659s][debug][gc,phases      ] GC(26)   ObjectSynchronizer Weak        Min:  0.0, Avg:  0.0, Max:  0.0, Diff:  0.0, Sum:  0.0, Workers: 4
[167.659s][debug][gc,phases      ] GC(26)     Dead                           Min: 0, Avg:  0.0, Max: 0, Diff: 0, Sum: 0, Workers: 4
[167.659s][debug][gc,phases      ] GC(26)     Total                          Min: 0, Avg: 12.0, Max: 48, Diff: 48, Sum: 48, Workers: 4
[167.659s][debug][gc,phases      ] GC(26)   JVMTI Tag Weak OopStorage      Min:  0.0, Avg:  0.0, Max:  0.0, Diff:  0.0, Sum:  0.0, Workers: 4
[167.659s][debug][gc,phases      ] GC(26)     Dead                           Min: 0, Avg:  0.0, Max: 0, Diff: 0, Sum: 0, Workers: 4
[167.659s][debug][gc,phases      ] GC(26)     Total                          Min: 0, Avg:  0.0, Max: 0, Diff: 0, Sum: 0, Workers: 4
[167.659s][debug][gc,phases      ] GC(26)   StringTable Weak               Min:  0.0, Avg:  0.1, Max:  0.2, Diff:  0.2, Sum:  0.6, Workers: 4
[167.659s][debug][gc,phases      ] GC(26)     Dead                           Min: 0, Avg:  0.0, Max: 0, Diff: 0, Sum: 0, Workers: 4
[167.659s][debug][gc,phases      ] GC(26)     Total                          Min: 0, Avg: 10631.2, Max: 14464, Diff: 14464, Sum: 42525, Workers: 4
[167.659s][debug][gc,phases      ] GC(26)   ResolvedMethodTable Weak       Min:  0.0, Avg:  0.0, Max:  0.0, Diff:  0.0, Sum:  0.1, Workers: 4
[167.659s][debug][gc,phases      ] GC(26)     Dead                           Min: 0, Avg:  0.0, Max: 0, Diff: 0, Sum: 0, Workers: 4
[167.659s][debug][gc,phases      ] GC(26)     Total                          Min: 0, Avg: 2053.0, Max: 2837, Diff: 2837, Sum: 8212, Workers: 4
[167.659s][debug][gc,phases      ] GC(26)   JNI Weak                       Min:  0.0, Avg:  0.0, Max:  0.0, Diff:  0.0, Sum:  0.0, Workers: 4
[167.659s][debug][gc,phases      ] GC(26)     Dead                           Min: 0, Avg:  0.0, Max: 0, Diff: 0, Sum: 0, Workers: 4
[167.659s][debug][gc,phases      ] GC(26)     Total                          Min: 0, Avg: 11.2, Max: 45, Diff: 45, Sum: 45, Workers: 4
[167.659s][debug][gc,phases      ] GC(26)   StringDedup Table Weak         Min:  0.0, Avg:  0.0, Max:  0.0, Diff:  0.0, Sum:  0.0, Workers: 4
[167.659s][debug][gc,phases      ] GC(26)     Dead                           Min: 0, Avg:  0.0, Max: 0, Diff: 0, Sum: 0, Workers: 4
[167.659s][debug][gc,phases      ] GC(26)     Total                          Min: 0, Avg:  0.0, Max: 0, Diff: 0, Sum: 0, Workers: 4
[167.659s][debug][gc,phases      ] GC(26)   StringDedup Requests0 Weak     Min:  0.0, Avg:  0.0, Max:  0.0, Diff:  0.0, Sum:  0.0, Workers: 4
[167.659s][debug][gc,phases      ] GC(26)     Dead                           Min: 0, Avg:  0.0, Max: 0, Diff: 0, Sum: 0, Workers: 4
[167.659s][debug][gc,phases      ] GC(26)     Total                          Min: 0, Avg:  0.0, Max: 0, Diff: 0, Sum: 0, Workers: 4
[167.659s][debug][gc,phases      ] GC(26)   StringDedup Requests1 Weak     Min:  0.0, Avg:  0.0, Max:  0.0, Diff:  0.0, Sum:  0.0, Workers: 4
[167.659s][debug][gc,phases      ] GC(26)     Dead                           Min: 0, Avg:  0.0, Max: 0, Diff: 0, Sum: 0, Workers: 4
[167.659s][debug][gc,phases      ] GC(26)     Total                          Min: 0, Avg:  0.0, Max: 0, Diff: 0, Sum: 0, Workers: 4
[167.659s][debug][gc,phases      ] GC(26)   Weak JFR Old Object Samples    Min:  0.0, Avg:  0.0, Max:  0.0, Diff:  0.0, Sum:  0.0, Workers: 4
[167.659s][debug][gc,phases      ] GC(26)     Dead                           Min: 0, Avg:  0.0, Max: 0, Diff: 0, Sum: 0, Workers: 4
[167.659s][debug][gc,phases      ] GC(26)     Total                          Min: 0, Avg:  0.0, Max: 0, Diff: 0, Sum: 0, Workers: 4
[167.659s][debug][gc,phases      ] GC(26) Weak Processing 0.392ms
[167.659s][debug][gc,phases      ] GC(26) ClassLoaderData 0.085ms
[167.659s][debug][gc,phases      ] GC(26) Trigger cleanups 0.000ms
[167.674s][debug][gc,phases      ] GC(26) Class Unloading 15.096ms
[167.674s][info ][gc,phases      ] GC(26) Marking Phase 119.965ms
[167.674s][info ][gc,phases,start] GC(26) Summary Phase
[167.674s][info ][gc,phases      ] GC(26) Summary Phase 0.010ms
[167.674s][info ][gc,phases,start] GC(26) Adjust Roots
[167.686s][info ][gc,phases      ] GC(26) Adjust Roots 11.853ms
[167.686s][info ][gc,phases,start] GC(26) Compaction Phase
[167.896s][info ][gc,phases      ] GC(26) Compaction Phase 209.642ms
[167.896s][info ][gc,phases,start] GC(26) Post Compact
[167.897s][info ][gc,phases      ] GC(26) Post Compact 0.732ms
[167.897s][info ][gc,heap        ] GC(26) PSYoungGen: 80739K(1648640K)->56315K(1648640K) Eden: 0K(1220608K)->0K(1220608K) From: 80739K(428032K)->56315K(428032K)
[167.897s][info ][gc,heap        ] GC(26) ParOldGen: 227328K(247808K)->247549K(387072K)
[167.897s][info ][gc,metaspace   ] GC(26) Metaspace: 77151K(78016K)->77151K(78016K) NonClass: 66084K(66560K)->66084K(66560K) Class: 11066K(11456K)->11066K(11456K)
[167.897s][info ][gc             ] GC(26) Pause Full (Ergonomics) 300M->296M(1988M) 342.555ms
[167.897s][info ][gc,cpu         ] GC(26) User=1.19s Sys=0.00s Real=0.34s
[167.897s][info ][safepoint      ] Safepoint "ParallelGCFailedAllocation", Time since last: 746582776 ns, Reaching safepoint: 120100 ns, At safepoint: 425182769 ns, Total: 425302869 ns
[168.897s][info ][safepoint      ] Safepoint "Cleanup", Time since last: 1000098074 ns, Reaching safepoint: 66000 ns, At safepoint: 6300 ns, Total: 72300 ns
[169.897s][info ][safepoint      ] Safepoint "Cleanup", Time since last: 1000126773 ns, Reaching safepoint: 100301 ns, At safepoint: 5800 ns, Total: 106101 ns
[170.897s][info ][safepoint      ] Safepoint "Cleanup", Time since last: 1000134973 ns, Reaching safepoint: 58700 ns, At safepoint: 4900 ns, Total: 63600 ns
[171.898s][info ][safepoint      ] Safepoint "Cleanup", Time since last: 1000111672 ns, Reaching safepoint: 50500 ns, At safepoint: 5900 ns, Total: 56400 ns
[172.898s][info ][safepoint      ] Safepoint "Cleanup", Time since last: 1000116972 ns, Reaching safepoint: 36600 ns, At safepoint: 2600 ns, Total: 39200 ns
[173.898s][info ][safepoint      ] Safepoint "Cleanup", Time since last: 1000112172 ns, Reaching safepoint: 60800 ns, At safepoint: 8000 ns, Total: 68800 ns
[174.898s][info ][safepoint      ] Safepoint "Cleanup", Time since last: 1000124371 ns, Reaching safepoint: 41000 ns, At safepoint: 3000 ns, Total: 44000 ns
[175.898s][info ][safepoint      ] Safepoint "Cleanup", Time since last: 1000125771 ns, Reaching safepoint: 30000 ns, At safepoint: 7100 ns, Total: 37100 ns
[176.899s][info ][safepoint      ] Safepoint "Cleanup", Time since last: 1000133970 ns, Reaching safepoint: 56700 ns, At safepoint: 6200 ns, Total: 62900 ns
[179.899s][info ][safepoint      ] Safepoint "Cleanup", Time since last: 3000216208 ns, Reaching safepoint: 55600 ns, At safepoint: 2400 ns, Total: 58000 ns
[180.972s][info ][safepoint      ] Safepoint "ParallelGCFailedAllocation", Time since last: 1072892683 ns, Reaching safepoint: 119100 ns, At safepoint: 15900 ns, Total: 135000 ns
[180.972s][info ][gc,start       ] GC(27) Pause Young (GCLocker Initiated GC)
[181.021s][debug][gc,phases      ] GC(27) Scavenge 49.451ms
[181.022s][debug][gc,ref         ] GC(27) Skipped phase 1 of Reference Processing: no references
[181.022s][debug][gc,ref         ] GC(27) ReferenceProcessor::execute queues: 1, RefProcThreadModel::Single, marks_oops_alive: false
[181.022s][debug][gc,ref         ] GC(27) Skipped phase 3 of Reference Processing: no references
[181.022s][debug][gc,ref         ] GC(27) Skipped phase 4 of Reference Processing: no references
[181.022s][debug][gc,phases      ] GC(27) Reference Processing 0.092ms
[181.022s][debug][gc,phases      ] GC(27)   VM Weak                        Min:  0.0, Avg:  0.0, Max:  0.0, Diff:  0.0, Sum:  0.0, Workers: 4
[181.022s][debug][gc,phases      ] GC(27)     Dead                           Min: 0, Avg:  0.0, Max: 0, Diff: 0, Sum: 0, Workers: 4
[181.022s][debug][gc,phases      ] GC(27)     Total                          Min: 0, Avg: 165.0, Max: 384, Diff: 384, Sum: 660, Workers: 4
[181.022s][debug][gc,phases      ] GC(27)   ObjectSynchronizer Weak        Min:  0.0, Avg:  0.0, Max:  0.0, Diff:  0.0, Sum:  0.0, Workers: 4
[181.022s][debug][gc,phases      ] GC(27)     Dead                           Min: 0, Avg:  0.0, Max: 0, Diff: 0, Sum: 0, Workers: 4
[181.022s][debug][gc,phases      ] GC(27)     Total                          Min: 0, Avg: 12.0, Max: 48, Diff: 48, Sum: 48, Workers: 4
[181.022s][debug][gc,phases      ] GC(27)   JVMTI Tag Weak OopStorage      Min:  0.0, Avg:  0.0, Max:  0.0, Diff:  0.0, Sum:  0.0, Workers: 4
[181.022s][debug][gc,phases      ] GC(27)     Dead                           Min: 0, Avg:  0.0, Max: 0, Diff: 0, Sum: 0, Workers: 4
[181.022s][debug][gc,phases      ] GC(27)     Total                          Min: 0, Avg:  0.0, Max: 0, Diff: 0, Sum: 0, Workers: 4
[181.022s][debug][gc,phases      ] GC(27)   StringTable Weak               Min:  0.0, Avg:  0.1, Max:  0.1, Diff:  0.1, Sum:  0.4, Workers: 4
[181.022s][debug][gc,phases      ] GC(27)     Dead                           Min: 0, Avg:  0.0, Max: 0, Diff: 0, Sum: 0, Workers: 4
[181.022s][debug][gc,phases      ] GC(27)     Total                          Min: 0, Avg: 10635.5, Max: 16622, Diff: 16622, Sum: 42542, Workers: 4
[181.022s][debug][gc,phases      ] GC(27)   ResolvedMethodTable Weak       Min:  0.0, Avg:  0.0, Max:  0.0, Diff:  0.0, Sum:  0.1, Workers: 4
[181.022s][debug][gc,phases      ] GC(27)     Dead                           Min: 0, Avg:  0.0, Max: 0, Diff: 0, Sum: 0, Workers: 4
[181.022s][debug][gc,phases      ] GC(27)     Total                          Min: 0, Avg: 2053.0, Max: 2943, Diff: 2943, Sum: 8212, Workers: 4
[181.022s][debug][gc,phases      ] GC(27)   JNI Weak                       Min:  0.0, Avg:  0.0, Max:  0.0, Diff:  0.0, Sum:  0.0, Workers: 4
[181.022s][debug][gc,phases      ] GC(27)     Dead                           Min: 0, Avg:  0.0, Max: 0, Diff: 0, Sum: 0, Workers: 4
[181.022s][debug][gc,phases      ] GC(27)     Total                          Min: 0, Avg: 11.2, Max: 45, Diff: 45, Sum: 45, Workers: 4
[181.022s][debug][gc,phases      ] GC(27)   StringDedup Table Weak         Min:  0.0, Avg:  0.0, Max:  0.0, Diff:  0.0, Sum:  0.0, Workers: 4
[181.022s][debug][gc,phases      ] GC(27)     Dead                           Min: 0, Avg:  0.0, Max: 0, Diff: 0, Sum: 0, Workers: 4
[181.022s][debug][gc,phases      ] GC(27)     Total                          Min: 0, Avg:  0.0, Max: 0, Diff: 0, Sum: 0, Workers: 4
[181.022s][debug][gc,phases      ] GC(27)   StringDedup Requests0 Weak     Min:  0.0, Avg:  0.0, Max:  0.0, Diff:  0.0, Sum:  0.0, Workers: 4
[181.022s][debug][gc,phases      ] GC(27)     Dead                           Min: 0, Avg:  0.0, Max: 0, Diff: 0, Sum: 0, Workers: 4
[181.022s][debug][gc,phases      ] GC(27)     Total                          Min: 0, Avg:  0.0, Max: 0, Diff: 0, Sum: 0, Workers: 4
[181.022s][debug][gc,phases      ] GC(27)   StringDedup Requests1 Weak     Min:  0.0, Avg:  0.0, Max:  0.0, Diff:  0.0, Sum:  0.0, Workers: 4
[181.022s][debug][gc,phases      ] GC(27)     Dead                           Min: 0, Avg:  0.0, Max: 0, Diff: 0, Sum: 0, Workers: 4
[181.022s][debug][gc,phases      ] GC(27)     Total                          Min: 0, Avg:  0.0, Max: 0, Diff: 0, Sum: 0, Workers: 4
[181.022s][debug][gc,phases      ] GC(27)   Weak JFR Old Object Samples    Min:  0.0, Avg:  0.0, Max:  0.0, Diff:  0.0, Sum:  0.0, Workers: 4
[181.022s][debug][gc,phases      ] GC(27)     Dead                           Min: 0, Avg:  0.0, Max: 0, Diff: 0, Sum: 0, Workers: 4
[181.022s][debug][gc,phases      ] GC(27)     Total                          Min: 0, Avg:  0.0, Max: 0, Diff: 0, Sum: 0, Workers: 4
[181.022s][debug][gc,phases      ] GC(27) Weak Processing 0.383ms
[181.022s][debug][gc,age         ] GC(27) Desired survivor size 460324864 bytes, new threshold 15 (max threshold 15)
[181.022s][info ][gc,heap        ] GC(27) PSYoungGen: 1276923K(1648640K)->41504K(1262592K) Eden: 1220608K(1220608K)->0K(1220608K) From: 56315K(428032K)->41504K(41984K)
[181.022s][info ][gc,heap        ] GC(27) ParOldGen: 247549K(387072K)->263333K(387072K)
[181.022s][info ][gc,metaspace   ] GC(27) Metaspace: 77166K(78016K)->77166K(78016K) NonClass: 66100K(66560K)->66100K(66560K) Class: 11066K(11456K)->11066K(11456K)
[181.022s][info ][gc             ] GC(27) Pause Young (GCLocker Initiated GC) 1488M->297M(1611M) 50.034ms
[181.022s][info ][gc,cpu         ] GC(27) User=0.18s Sys=0.00s Real=0.05s
[181.022s][info ][safepoint      ] Safepoint "ParallelGCSystemGC", Time since last: 75400 ns, Reaching safepoint: 86900 ns, At safepoint: 50101679 ns, Total: 50188579 ns
[182.022s][info ][safepoint      ] Safepoint "Cleanup", Time since last: 1000107168 ns, Reaching safepoint: 131900 ns, At safepoint: 7400 ns, Total: 139300 ns
[183.023s][info ][safepoint      ] Safepoint "Cleanup", Time since last: 1000114667 ns, Reaching safepoint: 122900 ns, At safepoint: 7700 ns, Total: 130600 ns
[186.023s][info ][safepoint      ] Safepoint "Cleanup", Time since last: 3000250400 ns, Reaching safepoint: 38600 ns, At safepoint: 3800 ns, Total: 42400 ns
[187.023s][info ][safepoint      ] Safepoint "Cleanup", Time since last: 1000114165 ns, Reaching safepoint: 120101 ns, At safepoint: 8500 ns, Total: 128601 ns
[190.023s][info ][safepoint      ] Safepoint "Cleanup", Time since last: 3000267694 ns, Reaching safepoint: 42300 ns, At safepoint: 2700 ns, Total: 45000 ns
[191.024s][info ][safepoint      ] Safepoint "Cleanup", Time since last: 1000107864 ns, Reaching safepoint: 31300 ns, At safepoint: 2600 ns, Total: 33900 ns
[194.321s][info ][gc,start       ] GC(28) Pause Young (Allocation Failure)
[194.358s][debug][gc,phases      ] GC(28) Scavenge 36.888ms
[194.358s][debug][gc,ref         ] GC(28) Skipped phase 1 of Reference Processing: no references
[194.358s][debug][gc,ref         ] GC(28) ReferenceProcessor::execute queues: 1, RefProcThreadModel::Single, marks_oops_alive: false
[194.358s][debug][gc,ref         ] GC(28) Skipped phase 3 of Reference Processing: no references
[194.358s][debug][gc,ref         ] GC(28) Skipped phase 4 of Reference Processing: no references
[194.358s][debug][gc,phases      ] GC(28) Reference Processing 0.118ms
[194.358s][debug][gc,phases      ] GC(28)   VM Weak                        Min:  0.0, Avg:  0.0, Max:  0.0, Diff:  0.0, Sum:  0.0, Workers: 4
[194.358s][debug][gc,phases      ] GC(28)     Dead                           Min: 0, Avg:  0.0, Max: 0, Diff: 0, Sum: 0, Workers: 4
[194.358s][debug][gc,phases      ] GC(28)     Total                          Min: 0, Avg: 165.0, Max: 576, Diff: 576, Sum: 660, Workers: 4
[194.358s][debug][gc,phases      ] GC(28)   ObjectSynchronizer Weak        Min:  0.0, Avg:  0.0, Max:  0.0, Diff:  0.0, Sum:  0.0, Workers: 4
[194.358s][debug][gc,phases      ] GC(28)     Dead                           Min: 0, Avg:  0.0, Max: 0, Diff: 0, Sum: 0, Workers: 4
[194.358s][debug][gc,phases      ] GC(28)     Total                          Min: 0, Avg: 12.0, Max: 48, Diff: 48, Sum: 48, Workers: 4
[194.358s][debug][gc,phases      ] GC(28)   JVMTI Tag Weak OopStorage      Min:  0.0, Avg:  0.0, Max:  0.0, Diff:  0.0, Sum:  0.0, Workers: 4
[194.358s][debug][gc,phases      ] GC(28)     Dead                           Min: 0, Avg:  0.0, Max: 0, Diff: 0, Sum: 0, Workers: 4
[194.358s][debug][gc,phases      ] GC(28)     Total                          Min: 0, Avg:  0.0, Max: 0, Diff: 0, Sum: 0, Workers: 4
[194.358s][debug][gc,phases      ] GC(28)   StringTable Weak               Min:  0.0, Avg:  0.1, Max:  0.2, Diff:  0.2, Sum:  0.5, Workers: 4
[194.358s][debug][gc,phases      ] GC(28)     Dead                           Min: 0, Avg:  0.0, Max: 0, Diff: 0, Sum: 0, Workers: 4
[194.358s][debug][gc,phases      ] GC(28)     Total                          Min: 0, Avg: 10635.8, Max: 16448, Diff: 16448, Sum: 42543, Workers: 4
[194.358s][debug][gc,phases      ] GC(28)   ResolvedMethodTable Weak       Min:  0.0, Avg:  0.0, Max:  0.0, Diff:  0.0, Sum:  0.1, Workers: 4
[194.358s][debug][gc,phases      ] GC(28)     Dead                           Min: 0, Avg:  0.0, Max: 0, Diff: 0, Sum: 0, Workers: 4
[194.358s][debug][gc,phases      ] GC(28)     Total                          Min: 0, Avg: 2053.0, Max: 3028, Diff: 3028, Sum: 8212, Workers: 4
[194.358s][debug][gc,phases      ] GC(28)   JNI Weak                       Min:  0.0, Avg:  0.0, Max:  0.0, Diff:  0.0, Sum:  0.0, Workers: 4
[194.358s][debug][gc,phases      ] GC(28)     Dead                           Min: 0, Avg:  0.0, Max: 0, Diff: 0, Sum: 0, Workers: 4
[194.358s][debug][gc,phases      ] GC(28)     Total                          Min: 0, Avg: 11.2, Max: 45, Diff: 45, Sum: 45, Workers: 4
[194.358s][debug][gc,phases      ] GC(28)   StringDedup Table Weak         Min:  0.0, Avg:  0.0, Max:  0.0, Diff:  0.0, Sum:  0.0, Workers: 4
[194.358s][debug][gc,phases      ] GC(28)     Dead                           Min: 0, Avg:  0.0, Max: 0, Diff: 0, Sum: 0, Workers: 4
[194.358s][debug][gc,phases      ] GC(28)     Total                          Min: 0, Avg:  0.0, Max: 0, Diff: 0, Sum: 0, Workers: 4
[194.358s][debug][gc,phases      ] GC(28)   StringDedup Requests0 Weak     Min:  0.0, Avg:  0.0, Max:  0.0, Diff:  0.0, Sum:  0.0, Workers: 4
[194.358s][debug][gc,phases      ] GC(28)     Dead                           Min: 0, Avg:  0.0, Max: 0, Diff: 0, Sum: 0, Workers: 4
[194.358s][debug][gc,phases      ] GC(28)     Total                          Min: 0, Avg:  0.0, Max: 0, Diff: 0, Sum: 0, Workers: 4
[194.358s][debug][gc,phases      ] GC(28)   StringDedup Requests1 Weak     Min:  0.0, Avg:  0.0, Max:  0.0, Diff:  0.0, Sum:  0.0, Workers: 4
[194.358s][debug][gc,phases      ] GC(28)     Dead                           Min: 0, Avg:  0.0, Max: 0, Diff: 0, Sum: 0, Workers: 4
[194.358s][debug][gc,phases      ] GC(28)     Total                          Min: 0, Avg:  0.0, Max: 0, Diff: 0, Sum: 0, Workers: 4
[194.358s][debug][gc,phases      ] GC(28)   Weak JFR Old Object Samples    Min:  0.0, Avg:  0.0, Max:  0.0, Diff:  0.0, Sum:  0.0, Workers: 4
[194.358s][debug][gc,phases      ] GC(28)     Dead                           Min: 0, Avg:  0.0, Max: 0, Diff: 0, Sum: 0, Workers: 4
[194.358s][debug][gc,phases      ] GC(28)     Total                          Min: 0, Avg:  0.0, Max: 0, Diff: 0, Sum: 0, Workers: 4
[194.359s][debug][gc,phases      ] GC(28) Weak Processing 0.450ms
[194.359s][debug][gc,age         ] GC(28) Desired survivor size 470810624 bytes, new threshold 15 (max threshold 15)
[194.359s][info ][gc,heap        ] GC(28) PSYoungGen: 1262112K(1262592K)->11680K(1627136K) Eden: 1220608K(1220608K)->0K(1177600K) From: 41504K(41984K)->11680K(449536K)
[194.359s][info ][gc,heap        ] GC(28) ParOldGen: 263335K(387072K)->294151K(387072K)
[194.359s][info ][gc,metaspace   ] GC(28) Metaspace: 77197K(78080K)->77197K(78080K) NonClass: 66126K(66624K)->66126K(66624K) Class: 11071K(11456K)->11071K(11456K)
[194.359s][info ][gc             ] GC(28) Pause Young (Allocation Failure) 1489M->298M(1967M) 37.600ms
[194.359s][info ][gc,cpu         ] GC(28) User=0.10s Sys=0.00s Real=0.04s
[194.359s][info ][safepoint      ] Safepoint "ParallelGCFailedAllocation", Time since last: 3297263152 ns, Reaching safepoint: 95600 ns, At safepoint: 37681259 ns, Total: 37776859 ns
[195.359s][info ][safepoint      ] Safepoint "Cleanup", Time since last: 1000085662 ns, Reaching safepoint: 50100 ns, At safepoint: 3400 ns, Total: 53500 ns
[196.359s][info ][safepoint      ] Safepoint "Cleanup", Time since last: 1000119462 ns, Reaching safepoint: 41900 ns, At safepoint: 7800 ns, Total: 49700 ns
[200.359s][info ][safepoint      ] Safepoint "Cleanup", Time since last: 4000388141 ns, Reaching safepoint: 40900 ns, At safepoint: 3200 ns, Total: 44100 ns
[201.360s][info ][safepoint      ] Safepoint "Cleanup", Time since last: 1000112859 ns, Reaching safepoint: 48800 ns, At safepoint: 3600 ns, Total: 52400 ns
[203.360s][info ][safepoint      ] Safepoint "Cleanup", Time since last: 2000172218 ns, Reaching safepoint: 79400 ns, At safepoint: 3100 ns, Total: 82500 ns
[204.360s][info ][safepoint      ] Safepoint "Cleanup", Time since last: 1000111458 ns, Reaching safepoint: 61200 ns, At safepoint: 4700 ns, Total: 65900 ns
[206.360s][info ][safepoint      ] Safepoint "Cleanup", Time since last: 2000184614 ns, Reaching safepoint: 38000 ns, At safepoint: 2400 ns, Total: 40400 ns
[207.321s][info ][gc,start       ] GC(29) Pause Young (Allocation Failure)
[207.328s][debug][gc,phases      ] GC(29) Scavenge 6.749ms
[207.328s][debug][gc,ref         ] GC(29) Skipped phase 1 of Reference Processing: no references
[207.328s][debug][gc,ref         ] GC(29) Skipped phase 2 of Reference Processing: no references
[207.328s][debug][gc,ref         ] GC(29) Skipped phase 3 of Reference Processing: no references
[207.328s][debug][gc,ref         ] GC(29) Skipped phase 4 of Reference Processing: no references
[207.328s][debug][gc,phases      ] GC(29) Reference Processing 0.032ms
[207.328s][debug][gc,phases      ] GC(29)   VM Weak                        Min:  0.0, Avg:  0.0, Max:  0.0, Diff:  0.0, Sum:  0.0, Workers: 4
[207.328s][debug][gc,phases      ] GC(29)     Dead                           Min: 0, Avg:  0.0, Max: 0, Diff: 0, Sum: 0, Workers: 4
[207.328s][debug][gc,phases      ] GC(29)     Total                          Min: 0, Avg: 165.0, Max: 340, Diff: 340, Sum: 660, Workers: 4
[207.328s][debug][gc,phases      ] GC(29)   ObjectSynchronizer Weak        Min:  0.0, Avg:  0.0, Max:  0.0, Diff:  0.0, Sum:  0.0, Workers: 4
[207.328s][debug][gc,phases      ] GC(29)     Dead                           Min: 0, Avg:  0.0, Max: 0, Diff: 0, Sum: 0, Workers: 4
[207.328s][debug][gc,phases      ] GC(29)     Total                          Min: 0, Avg: 12.0, Max: 48, Diff: 48, Sum: 48, Workers: 4
[207.328s][debug][gc,phases      ] GC(29)   JVMTI Tag Weak OopStorage      Min:  0.0, Avg:  0.0, Max:  0.0, Diff:  0.0, Sum:  0.0, Workers: 4
[207.328s][debug][gc,phases      ] GC(29)     Dead                           Min: 0, Avg:  0.0, Max: 0, Diff: 0, Sum: 0, Workers: 4
[207.328s][debug][gc,phases      ] GC(29)     Total                          Min: 0, Avg:  0.0, Max: 0, Diff: 0, Sum: 0, Workers: 4
[207.328s][debug][gc,phases      ] GC(29)   StringTable Weak               Min:  0.0, Avg:  0.1, Max:  0.1, Diff:  0.1, Sum:  0.4, Workers: 4
[207.328s][debug][gc,phases      ] GC(29)     Dead                           Min: 0, Avg:  0.0, Max: 0, Diff: 0, Sum: 0, Workers: 4
[207.328s][debug][gc,phases      ] GC(29)     Total                          Min: 0, Avg: 10637.2, Max: 17781, Diff: 17781, Sum: 42549, Workers: 4
[207.328s][debug][gc,phases      ] GC(29)   ResolvedMethodTable Weak       Min:  0.0, Avg:  0.0, Max:  0.0, Diff:  0.0, Sum:  0.1, Workers: 4
[207.328s][debug][gc,phases      ] GC(29)     Dead                           Min: 0, Avg:  0.0, Max: 0, Diff: 0, Sum: 0, Workers: 4
[207.328s][debug][gc,phases      ] GC(29)     Total                          Min: 0, Avg: 2053.0, Max: 3604, Diff: 3604, Sum: 8212, Workers: 4
[207.328s][debug][gc,phases      ] GC(29)   JNI Weak                       Min:  0.0, Avg:  0.0, Max:  0.0, Diff:  0.0, Sum:  0.0, Workers: 4
[207.328s][debug][gc,phases      ] GC(29)     Dead                           Min: 0, Avg:  0.0, Max: 0, Diff: 0, Sum: 0, Workers: 4
[207.328s][debug][gc,phases      ] GC(29)     Total                          Min: 0, Avg: 11.2, Max: 45, Diff: 45, Sum: 45, Workers: 4
[207.328s][debug][gc,phases      ] GC(29)   StringDedup Table Weak         Min:  0.0, Avg:  0.0, Max:  0.0, Diff:  0.0, Sum:  0.0, Workers: 4
[207.328s][debug][gc,phases      ] GC(29)     Dead                           Min: 0, Avg:  0.0, Max: 0, Diff: 0, Sum: 0, Workers: 4
[207.328s][debug][gc,phases      ] GC(29)     Total                          Min: 0, Avg:  0.0, Max: 0, Diff: 0, Sum: 0, Workers: 4
[207.328s][debug][gc,phases      ] GC(29)   StringDedup Requests0 Weak     Min:  0.0, Avg:  0.0, Max:  0.0, Diff:  0.0, Sum:  0.0, Workers: 4
[207.328s][debug][gc,phases      ] GC(29)     Dead                           Min: 0, Avg:  0.0, Max: 0, Diff: 0, Sum: 0, Workers: 4
[207.328s][debug][gc,phases      ] GC(29)     Total                          Min: 0, Avg:  0.0, Max: 0, Diff: 0, Sum: 0, Workers: 4
[207.328s][debug][gc,phases      ] GC(29)   StringDedup Requests1 Weak     Min:  0.0, Avg:  0.0, Max:  0.0, Diff:  0.0, Sum:  0.0, Workers: 4
[207.328s][debug][gc,phases      ] GC(29)     Dead                           Min: 0, Avg:  0.0, Max: 0, Diff: 0, Sum: 0, Workers: 4
[207.328s][debug][gc,phases      ] GC(29)     Total                          Min: 0, Avg:  0.0, Max: 0, Diff: 0, Sum: 0, Workers: 4
[207.328s][debug][gc,phases      ] GC(29)   Weak JFR Old Object Samples    Min:  0.0, Avg:  0.0, Max:  0.0, Diff:  0.0, Sum:  0.0, Workers: 4
[207.328s][debug][gc,phases      ] GC(29)     Dead                           Min: 0, Avg:  0.0, Max: 0, Diff: 0, Sum: 0, Workers: 4
[207.328s][debug][gc,phases      ] GC(29)     Total                          Min: 0, Avg:  0.0, Max: 0, Diff: 0, Sum: 0, Workers: 4
[207.328s][debug][gc,phases      ] GC(29) Weak Processing 0.331ms
[207.328s][debug][gc,age         ] GC(29) Desired survivor size 475529216 bytes, new threshold 15 (max threshold 15)
[207.328s][info ][gc,heap        ] GC(29) PSYoungGen: 1189280K(1627136K)->7280K(1185280K) Eden: 1177600K(1177600K)->0K(1177600K) From: 11680K(449536K)->7280K(7680K)
[207.328s][info ][gc,heap        ] GC(29) ParOldGen: 294151K(387072K)->298703K(387072K)
[207.328s][info ][gc,metaspace   ] GC(29) Metaspace: 77207K(78080K)->77207K(78080K) NonClass: 66135K(66624K)->66135K(66624K) Class: 11071K(11456K)->11071K(11456K)
[207.328s][info ][gc             ] GC(29) Pause Young (Allocation Failure) 1448M->298M(1535M) 7.232ms
[207.328s][info ][gc,cpu         ] GC(29) User=0.02s Sys=0.00s Real=0.01s
[207.328s][info ][safepoint      ] Safepoint "ParallelGCFailedAllocation", Time since last: 960823196 ns, Reaching safepoint: 28200 ns, At safepoint: 7302811 ns, Total: 7331011 ns
[214.329s][info ][safepoint      ] Safepoint "Cleanup", Time since last: 7000411684 ns, Reaching safepoint: 32700 ns, At safepoint: 2100 ns, Total: 34800 ns
[215.329s][info ][safepoint      ] Safepoint "Cleanup", Time since last: 1000093754 ns, Reaching safepoint: 61900 ns, At safepoint: 6000 ns, Total: 67900 ns
[216.329s][info ][safepoint      ] Safepoint "Cleanup", Time since last: 1000090053 ns, Reaching safepoint: 63600 ns, At safepoint: 2000 ns, Total: 65600 ns
[217.329s][info ][safepoint      ] Safepoint "Cleanup", Time since last: 1000126052 ns, Reaching safepoint: 83900 ns, At safepoint: 3000 ns, Total: 86900 ns
[218.329s][info ][safepoint      ] Safepoint "Cleanup", Time since last: 1000112652 ns, Reaching safepoint: 43200 ns, At safepoint: 5300 ns, Total: 48500 ns
[219.820s][info ][gc,start       ] GC(30) Pause Young (Allocation Failure)
[219.826s][debug][gc,phases      ] GC(30) Scavenge 5.457ms
[219.826s][debug][gc,ref         ] GC(30) Skipped phase 1 of Reference Processing: no references
[219.826s][debug][gc,ref         ] GC(30) ReferenceProcessor::execute queues: 1, RefProcThreadModel::Single, marks_oops_alive: false
[219.826s][debug][gc,ref         ] GC(30) Skipped phase 3 of Reference Processing: no references
[219.826s][debug][gc,ref         ] GC(30) ReferenceProcessor::execute queues: 1, RefProcThreadModel::Single, marks_oops_alive: false
[219.826s][debug][gc,phases      ] GC(30) Reference Processing 0.094ms
[219.826s][debug][gc,phases      ] GC(30)   VM Weak                        Min:  0.0, Avg:  0.0, Max:  0.0, Diff:  0.0, Sum:  0.0, Workers: 4
[219.826s][debug][gc,phases      ] GC(30)     Dead                           Min: 0, Avg:  0.0, Max: 0, Diff: 0, Sum: 0, Workers: 4
[219.826s][debug][gc,phases      ] GC(30)     Total                          Min: 0, Avg: 165.0, Max: 404, Diff: 404, Sum: 660, Workers: 4
[219.826s][debug][gc,phases      ] GC(30)   ObjectSynchronizer Weak        Min:  0.0, Avg:  0.0, Max:  0.0, Diff:  0.0, Sum:  0.0, Workers: 4
[219.826s][debug][gc,phases      ] GC(30)     Dead                           Min: 0, Avg:  0.0, Max: 0, Diff: 0, Sum: 0, Workers: 4
[219.826s][debug][gc,phases      ] GC(30)     Total                          Min: 0, Avg: 12.0, Max: 48, Diff: 48, Sum: 48, Workers: 4
[219.826s][debug][gc,phases      ] GC(30)   JVMTI Tag Weak OopStorage      Min:  0.0, Avg:  0.0, Max:  0.0, Diff:  0.0, Sum:  0.0, Workers: 4
[219.826s][debug][gc,phases      ] GC(30)     Dead                           Min: 0, Avg:  0.0, Max: 0, Diff: 0, Sum: 0, Workers: 4
[219.826s][debug][gc,phases      ] GC(30)     Total                          Min: 0, Avg:  0.0, Max: 0, Diff: 0, Sum: 0, Workers: 4
[219.826s][debug][gc,phases      ] GC(30)   StringTable Weak               Min:  0.1, Avg:  0.1, Max:  0.1, Diff:  0.0, Sum:  0.4, Workers: 4
[219.826s][debug][gc,phases      ] GC(30)     Dead                           Min: 0, Avg:  0.2, Max: 1, Diff: 1, Sum: 1, Workers: 4
[219.826s][debug][gc,phases      ] GC(30)     Total                          Min: 10432, Avg: 10652.8, Max: 10995, Diff: 563, Sum: 42611, Workers: 4
[219.826s][debug][gc,phases      ] GC(30)   ResolvedMethodTable Weak       Min:  0.0, Avg:  0.0, Max:  0.0, Diff:  0.0, Sum:  0.1, Workers: 4
[219.826s][debug][gc,phases      ] GC(30)     Dead                           Min: 0, Avg:  0.0, Max: 0, Diff: 0, Sum: 0, Workers: 4
[219.826s][debug][gc,phases      ] GC(30)     Total                          Min: 1983, Avg: 2055.2, Max: 2176, Diff: 193, Sum: 8221, Workers: 4
[219.826s][debug][gc,phases      ] GC(30)   JNI Weak                       Min:  0.0, Avg:  0.0, Max:  0.0, Diff:  0.0, Sum:  0.0, Workers: 4
[219.826s][debug][gc,phases      ] GC(30)     Dead                           Min: 0, Avg:  0.0, Max: 0, Diff: 0, Sum: 0, Workers: 4
[219.826s][debug][gc,phases      ] GC(30)     Total                          Min: 0, Avg: 11.2, Max: 45, Diff: 45, Sum: 45, Workers: 4
[219.826s][debug][gc,phases      ] GC(30)   StringDedup Table Weak         Min:  0.0, Avg:  0.0, Max:  0.0, Diff:  0.0, Sum:  0.0, Workers: 4
[219.826s][debug][gc,phases      ] GC(30)     Dead                           Min: 0, Avg:  0.0, Max: 0, Diff: 0, Sum: 0, Workers: 4
[219.826s][debug][gc,phases      ] GC(30)     Total                          Min: 0, Avg:  0.0, Max: 0, Diff: 0, Sum: 0, Workers: 4
[219.826s][debug][gc,phases      ] GC(30)   StringDedup Requests0 Weak     Min:  0.0, Avg:  0.0, Max:  0.0, Diff:  0.0, Sum:  0.0, Workers: 4
[219.826s][debug][gc,phases      ] GC(30)     Dead                           Min: 0, Avg:  0.0, Max: 0, Diff: 0, Sum: 0, Workers: 4
[219.826s][debug][gc,phases      ] GC(30)     Total                          Min: 0, Avg:  0.0, Max: 0, Diff: 0, Sum: 0, Workers: 4
[219.826s][debug][gc,phases      ] GC(30)   StringDedup Requests1 Weak     Min:  0.0, Avg:  0.0, Max:  0.0, Diff:  0.0, Sum:  0.0, Workers: 4
[219.826s][debug][gc,phases      ] GC(30)     Dead                           Min: 0, Avg:  0.0, Max: 0, Diff: 0, Sum: 0, Workers: 4
[219.826s][debug][gc,phases      ] GC(30)     Total                          Min: 0, Avg:  0.0, Max: 0, Diff: 0, Sum: 0, Workers: 4
[219.826s][debug][gc,phases      ] GC(30)   Weak JFR Old Object Samples    Min:  0.0, Avg:  0.0, Max:  0.0, Diff:  0.0, Sum:  0.0, Workers: 4
[219.826s][debug][gc,phases      ] GC(30)     Dead                           Min: 0, Avg:  0.0, Max: 0, Diff: 0, Sum: 0, Workers: 4
[219.826s][debug][gc,phases      ] GC(30)     Total                          Min: 0, Avg:  0.0, Max: 0, Diff: 0, Sum: 0, Workers: 4
[219.826s][debug][gc,phases      ] GC(30) Weak Processing 0.313ms
[219.826s][debug][gc,age         ] GC(30) Desired survivor size 474480640 bytes, new threshold 15 (max threshold 15)
[219.826s][info ][gc,heap        ] GC(30) PSYoungGen: 1184880K(1185280K)->7488K(1633792K) Eden: 1177600K(1177600K)->0K(1169408K) From: 7280K(7680K)->7488K(464384K)
[219.826s][info ][gc,heap        ] GC(30) ParOldGen: 298703K(387072K)->298863K(387072K)
[219.826s][info ][gc,metaspace   ] GC(30) Metaspace: 77260K(78144K)->77260K(78144K) NonClass: 66181K(66624K)->66181K(66624K) Class: 11078K(11520K)->11078K(11520K)
[219.826s][info ][gc             ] GC(30) Pause Young (Allocation Failure) 1448M->299M(1973M) 5.965ms
[219.826s][info ][gc,cpu         ] GC(30) User=0.02s Sys=0.00s Real=0.01s
[219.826s][info ][safepoint      ] Safepoint "ParallelGCFailedAllocation", Time since last: 1490539713 ns, Reaching safepoint: 107500 ns, At safepoint: 6029609 ns, Total: 6137109 ns
[220.826s][info ][safepoint      ] Safepoint "Cleanup", Time since last: 1000073951 ns, Reaching safepoint: 43900 ns, At safepoint: 2600 ns, Total: 46500 ns
[221.826s][info ][safepoint      ] Safepoint "Cleanup", Time since last: 1000092950 ns, Reaching safepoint: 47801 ns, At safepoint: 6700 ns, Total: 54501 ns
[222.827s][info ][safepoint      ] Safepoint "Cleanup", Time since last: 1000079450 ns, Reaching safepoint: 39400 ns, At safepoint: 2100 ns, Total: 41500 ns
[223.827s][info ][safepoint      ] Safepoint "Cleanup", Time since last: 1000106849 ns, Reaching safepoint: 43300 ns, At safepoint: 4200 ns, Total: 47500 ns
[225.827s][info ][safepoint      ] Safepoint "Cleanup", Time since last: 2000178398 ns, Reaching safepoint: 25200 ns, At safepoint: 2300 ns, Total: 27500 ns
[232.521s][info ][gc,start       ] GC(31) Pause Young (Allocation Failure)
[232.525s][debug][gc,phases      ] GC(31) Scavenge 3.689ms
[232.525s][debug][gc,ref         ] GC(31) Skipped phase 1 of Reference Processing: no references
[232.525s][debug][gc,ref         ] GC(31) ReferenceProcessor::execute queues: 1, RefProcThreadModel::Single, marks_oops_alive: false
[232.525s][debug][gc,ref         ] GC(31) Skipped phase 3 of Reference Processing: no references
[232.525s][debug][gc,ref         ] GC(31) Skipped phase 4 of Reference Processing: no references
[232.525s][debug][gc,phases      ] GC(31) Reference Processing 0.117ms
[232.525s][debug][gc,phases      ] GC(31)   VM Weak                        Min:  0.0, Avg:  0.0, Max:  0.0, Diff:  0.0, Sum:  0.0, Workers: 4
[232.525s][debug][gc,phases      ] GC(31)     Dead                           Min: 0, Avg:  0.0, Max: 0, Diff: 0, Sum: 0, Workers: 4
[232.525s][debug][gc,phases      ] GC(31)     Total                          Min: 0, Avg: 165.0, Max: 660, Diff: 660, Sum: 660, Workers: 4
[232.525s][debug][gc,phases      ] GC(31)   ObjectSynchronizer Weak        Min:  0.0, Avg:  0.0, Max:  0.0, Diff:  0.0, Sum:  0.0, Workers: 4
[232.525s][debug][gc,phases      ] GC(31)     Dead                           Min: 0, Avg:  0.0, Max: 0, Diff: 0, Sum: 0, Workers: 4
[232.525s][debug][gc,phases      ] GC(31)     Total                          Min: 0, Avg: 12.0, Max: 48, Diff: 48, Sum: 48, Workers: 4
[232.525s][debug][gc,phases      ] GC(31)   JVMTI Tag Weak OopStorage      Min:  0.0, Avg:  0.0, Max:  0.0, Diff:  0.0, Sum:  0.0, Workers: 4
[232.525s][debug][gc,phases      ] GC(31)     Dead                           Min: 0, Avg:  0.0, Max: 0, Diff: 0, Sum: 0, Workers: 4
[232.525s][debug][gc,phases      ] GC(31)     Total                          Min: 0, Avg:  0.0, Max: 0, Diff: 0, Sum: 0, Workers: 4
[232.525s][debug][gc,phases      ] GC(31)   StringTable Weak               Min:  0.1, Avg:  0.1, Max:  0.1, Diff:  0.0, Sum:  0.4, Workers: 4
[232.525s][debug][gc,phases      ] GC(31)     Dead                           Min: 0, Avg:  0.0, Max: 0, Diff: 0, Sum: 0, Workers: 4
[232.525s][debug][gc,phases      ] GC(31)     Total                          Min: 10240, Avg: 10653.0, Max: 11136, Diff: 896, Sum: 42612, Workers: 4
[232.525s][debug][gc,phases      ] GC(31)   ResolvedMethodTable Weak       Min:  0.0, Avg:  0.0, Max:  0.0, Diff:  0.0, Sum:  0.1, Workers: 4
[232.525s][debug][gc,phases      ] GC(31)     Dead                           Min: 0, Avg:  0.0, Max: 0, Diff: 0, Sum: 0, Workers: 4
[232.525s][debug][gc,phases      ] GC(31)     Total                          Min: 1949, Avg: 2055.2, Max: 2176, Diff: 227, Sum: 8221, Workers: 4
[232.525s][debug][gc,phases      ] GC(31)   JNI Weak                       Min:  0.0, Avg:  0.0, Max:  0.0, Diff:  0.0, Sum:  0.0, Workers: 4
[232.525s][debug][gc,phases      ] GC(31)     Dead                           Min: 0, Avg:  0.0, Max: 0, Diff: 0, Sum: 0, Workers: 4
[232.525s][debug][gc,phases      ] GC(31)     Total                          Min: 0, Avg: 11.2, Max: 45, Diff: 45, Sum: 45, Workers: 4
[232.525s][debug][gc,phases      ] GC(31)   StringDedup Table Weak         Min:  0.0, Avg:  0.0, Max:  0.0, Diff:  0.0, Sum:  0.0, Workers: 4
[232.525s][debug][gc,phases      ] GC(31)     Dead                           Min: 0, Avg:  0.0, Max: 0, Diff: 0, Sum: 0, Workers: 4
[232.525s][debug][gc,phases      ] GC(31)     Total                          Min: 0, Avg:  0.0, Max: 0, Diff: 0, Sum: 0, Workers: 4
[232.525s][debug][gc,phases      ] GC(31)   StringDedup Requests0 Weak     Min:  0.0, Avg:  0.0, Max:  0.0, Diff:  0.0, Sum:  0.0, Workers: 4
[232.525s][debug][gc,phases      ] GC(31)     Dead                           Min: 0, Avg:  0.0, Max: 0, Diff: 0, Sum: 0, Workers: 4
[232.525s][debug][gc,phases      ] GC(31)     Total                          Min: 0, Avg:  0.0, Max: 0, Diff: 0, Sum: 0, Workers: 4
[232.525s][debug][gc,phases      ] GC(31)   StringDedup Requests1 Weak     Min:  0.0, Avg:  0.0, Max:  0.0, Diff:  0.0, Sum:  0.0, Workers: 4
[232.525s][debug][gc,phases      ] GC(31)     Dead                           Min: 0, Avg:  0.0, Max: 0, Diff: 0, Sum: 0, Workers: 4
[232.525s][debug][gc,phases      ] GC(31)     Total                          Min: 0, Avg:  0.0, Max: 0, Diff: 0, Sum: 0, Workers: 4
[232.525s][debug][gc,phases      ] GC(31)   Weak JFR Old Object Samples    Min:  0.0, Avg:  0.0, Max:  0.0, Diff:  0.0, Sum:  0.0, Workers: 4
[232.525s][debug][gc,phases      ] GC(31)     Dead                           Min: 0, Avg:  0.0, Max: 0, Diff: 0, Sum: 0, Workers: 4
[232.525s][debug][gc,phases      ] GC(31)     Total                          Min: 0, Avg:  0.0, Max: 0, Diff: 0, Sum: 0, Workers: 4
[232.525s][debug][gc,phases      ] GC(31) Weak Processing 0.289ms
[232.525s][debug][gc,age         ] GC(31) Desired survivor size 469237760 bytes, new threshold 15 (max threshold 15)
[232.525s][info ][gc,heap        ] GC(31) PSYoungGen: 1176896K(1633792K)->7440K(1632768K) Eden: 1169408K(1169408K)->0K(1169408K) From: 7488K(464384K)->7440K(463360K)
[232.525s][info ][gc,heap        ] GC(31) ParOldGen: 298863K(387072K)->298895K(387072K)
[232.525s][info ][gc,metaspace   ] GC(31) Metaspace: 77269K(78208K)->77269K(78208K) NonClass: 66190K(66688K)->66190K(66688K) Class: 11078K(11520K)->11078K(11520K)
[232.525s][info ][gc             ] GC(31) Pause Young (Allocation Failure) 1441M->299M(1972M) 4.188ms
[232.525s][info ][gc,cpu         ] GC(31) User=0.01s Sys=0.00s Real=0.00s
[232.525s][info ][safepoint      ] Safepoint "ParallelGCFailedAllocation", Time since last: 6693936756 ns, Reaching safepoint: 105001 ns, At safepoint: 4289806 ns, Total: 4394807 ns
[233.669s][info ][safepoint      ] Safepoint "Cleanup", Time since last: 1143638568 ns, Reaching safepoint: 150300 ns, At safepoint: 6000 ns, Total: 156300 ns
[237.669s][info ][safepoint      ] Safepoint "Cleanup", Time since last: 4000278978 ns, Reaching safepoint: 110600 ns, At safepoint: 5600 ns, Total: 116200 ns
[238.670s][info ][safepoint      ] Safepoint "Cleanup", Time since last: 1000101944 ns, Reaching safepoint: 120900 ns, At safepoint: 5800 ns, Total: 126700 ns
[239.670s][info ][safepoint      ] Safepoint "Cleanup", Time since last: 1000110243 ns, Reaching safepoint: 27500 ns, At safepoint: 10600 ns, Total: 38100 ns
[240.670s][info ][safepoint      ] Safepoint "Cleanup", Time since last: 1000107743 ns, Reaching safepoint: 109600 ns, At safepoint: 5100 ns, Total: 114700 ns
[242.670s][info ][safepoint      ] Safepoint "Cleanup", Time since last: 2000172284 ns, Reaching safepoint: 135000 ns, At safepoint: 6600 ns, Total: 141600 ns
[244.671s][info ][safepoint      ] Safepoint "Cleanup", Time since last: 2000167083 ns, Reaching safepoint: 104700 ns, At safepoint: 7400 ns, Total: 112100 ns
[245.219s][info ][gc,start       ] GC(32) Pause Young (Allocation Failure)
[245.223s][debug][gc,phases      ] GC(32) Scavenge 3.894ms
[245.223s][debug][gc,ref         ] GC(32) Skipped phase 1 of Reference Processing: no references
[245.223s][debug][gc,ref         ] GC(32) ReferenceProcessor::execute queues: 1, RefProcThreadModel::Single, marks_oops_alive: false
[245.223s][debug][gc,ref         ] GC(32) Skipped phase 3 of Reference Processing: no references
[245.223s][debug][gc,ref         ] GC(32) Skipped phase 4 of Reference Processing: no references
[245.223s][debug][gc,phases      ] GC(32) Reference Processing 0.093ms
[245.224s][debug][gc,phases      ] GC(32)   VM Weak                        Min:  0.0, Avg:  0.0, Max:  0.0, Diff:  0.0, Sum:  0.0, Workers: 4
[245.224s][debug][gc,phases      ] GC(32)     Dead                           Min: 0, Avg:  0.0, Max: 0, Diff: 0, Sum: 0, Workers: 4
[245.224s][debug][gc,phases      ] GC(32)     Total                          Min: 0, Avg: 165.0, Max: 448, Diff: 448, Sum: 660, Workers: 4
[245.224s][debug][gc,phases      ] GC(32)   ObjectSynchronizer Weak        Min:  0.0, Avg:  0.0, Max:  0.0, Diff:  0.0, Sum:  0.0, Workers: 4
[245.224s][debug][gc,phases      ] GC(32)     Dead                           Min: 0, Avg:  0.0, Max: 0, Diff: 0, Sum: 0, Workers: 4
[245.224s][debug][gc,phases      ] GC(32)     Total                          Min: 0, Avg: 12.0, Max: 48, Diff: 48, Sum: 48, Workers: 4
[245.224s][debug][gc,phases      ] GC(32)   JVMTI Tag Weak OopStorage      Min:  0.0, Avg:  0.0, Max:  0.0, Diff:  0.0, Sum:  0.0, Workers: 4
[245.224s][debug][gc,phases      ] GC(32)     Dead                           Min: 0, Avg:  0.0, Max: 0, Diff: 0, Sum: 0, Workers: 4
[245.224s][debug][gc,phases      ] GC(32)     Total                          Min: 0, Avg:  0.0, Max: 0, Diff: 0, Sum: 0, Workers: 4
[245.224s][debug][gc,phases      ] GC(32)   StringTable Weak               Min:  0.0, Avg:  0.1, Max:  0.1, Diff:  0.1, Sum:  0.3, Workers: 4
[245.224s][debug][gc,phases      ] GC(32)     Dead                           Min: 0, Avg:  0.0, Max: 0, Diff: 0, Sum: 0, Workers: 4
[245.224s][debug][gc,phases      ] GC(32)     Total                          Min: 0, Avg: 10653.2, Max: 18368, Diff: 18368, Sum: 42613, Workers: 4
[245.224s][debug][gc,phases      ] GC(32)   ResolvedMethodTable Weak       Min:  0.0, Avg:  0.0, Max:  0.0, Diff:  0.0, Sum:  0.1, Workers: 4
[245.224s][debug][gc,phases      ] GC(32)     Dead                           Min: 0, Avg:  0.0, Max: 0, Diff: 0, Sum: 0, Workers: 4
[245.224s][debug][gc,phases      ] GC(32)     Total                          Min: 0, Avg: 2055.2, Max: 2944, Diff: 2944, Sum: 8221, Workers: 4
[245.224s][debug][gc,phases      ] GC(32)   JNI Weak                       Min:  0.0, Avg:  0.0, Max:  0.0, Diff:  0.0, Sum:  0.0, Workers: 4
[245.224s][debug][gc,phases      ] GC(32)     Dead                           Min: 0, Avg:  0.0, Max: 0, Diff: 0, Sum: 0, Workers: 4
[245.224s][debug][gc,phases      ] GC(32)     Total                          Min: 0, Avg: 11.2, Max: 45, Diff: 45, Sum: 45, Workers: 4
[245.224s][debug][gc,phases      ] GC(32)   StringDedup Table Weak         Min:  0.0, Avg:  0.0, Max:  0.0, Diff:  0.0, Sum:  0.0, Workers: 4
[245.224s][debug][gc,phases      ] GC(32)     Dead                           Min: 0, Avg:  0.0, Max: 0, Diff: 0, Sum: 0, Workers: 4
[245.224s][debug][gc,phases      ] GC(32)     Total                          Min: 0, Avg:  0.0, Max: 0, Diff: 0, Sum: 0, Workers: 4
[245.224s][debug][gc,phases      ] GC(32)   StringDedup Requests0 Weak     Min:  0.0, Avg:  0.0, Max:  0.0, Diff:  0.0, Sum:  0.0, Workers: 4
[245.224s][debug][gc,phases      ] GC(32)     Dead                           Min: 0, Avg:  0.0, Max: 0, Diff: 0, Sum: 0, Workers: 4
[245.224s][debug][gc,phases      ] GC(32)     Total                          Min: 0, Avg:  0.0, Max: 0, Diff: 0, Sum: 0, Workers: 4
[245.224s][debug][gc,phases      ] GC(32)   StringDedup Requests1 Weak     Min:  0.0, Avg:  0.0, Max:  0.0, Diff:  0.0, Sum:  0.0, Workers: 4
[245.224s][debug][gc,phases      ] GC(32)     Dead                           Min: 0, Avg:  0.0, Max: 0, Diff: 0, Sum: 0, Workers: 4
[245.224s][debug][gc,phases      ] GC(32)     Total                          Min: 0, Avg:  0.0, Max: 0, Diff: 0, Sum: 0, Workers: 4
[245.224s][debug][gc,phases      ] GC(32)   Weak JFR Old Object Samples    Min:  0.0, Avg:  0.0, Max:  0.0, Diff:  0.0, Sum:  0.0, Workers: 4
[245.224s][debug][gc,phases      ] GC(32)     Dead                           Min: 0, Avg:  0.0, Max: 0, Diff: 0, Sum: 0, Workers: 4
[245.224s][debug][gc,phases      ] GC(32)     Total                          Min: 0, Avg:  0.0, Max: 0, Diff: 0, Sum: 0, Workers: 4
[245.224s][debug][gc,phases      ] GC(32) Weak Processing 0.290ms
[245.224s][debug][gc,age         ] GC(32) Desired survivor size 459800576 bytes, new threshold 15 (max threshold 15)
[245.224s][info ][gc,heap        ] GC(32) PSYoungGen: 1176848K(1632768K)->7520K(1648128K) Eden: 1169408K(1169408K)->0K(1189888K) From: 7440K(463360K)->7520K(458240K)
[245.224s][info ][gc,heap        ] GC(32) ParOldGen: 298895K(387072K)->299039K(387072K)
[245.224s][info ][gc,metaspace   ] GC(32) Metaspace: 77274K(78208K)->77274K(78208K) NonClass: 66195K(66688K)->66195K(66688K) Class: 11078K(11520K)->11078K(11520K)
[245.224s][info ][gc             ] GC(32) Pause Young (Allocation Failure) 1441M->299M(1987M) 4.376ms
[245.224s][info ][gc,cpu         ] GC(32) User=0.02s Sys=0.00s Real=0.00s
[245.224s][info ][safepoint      ] Safepoint "ParallelGCFailedAllocation", Time since last: 548681145 ns, Reaching safepoint: 47201 ns, At safepoint: 4432806 ns, Total: 4480007 ns
[246.224s][info ][safepoint      ] Safepoint "Cleanup", Time since last: 1000079941 ns, Reaching safepoint: 40600 ns, At safepoint: 3800 ns, Total: 44400 ns
[247.224s][info ][safepoint      ] Safepoint "Cleanup", Time since last: 1000104240 ns, Reaching safepoint: 46400 ns, At safepoint: 5100 ns, Total: 51500 ns
[256.225s][info ][safepoint      ] Safepoint "Cleanup", Time since last: 9000582543 ns, Reaching safepoint: 36200 ns, At safepoint: 2300 ns, Total: 38500 ns
[257.225s][info ][safepoint      ] Safepoint "Cleanup", Time since last: 1000106936 ns, Reaching safepoint: 68900 ns, At safepoint: 2500 ns, Total: 71400 ns
[258.225s][info ][safepoint      ] Safepoint "Cleanup", Time since last: 1000080136 ns, Reaching safepoint: 49200 ns, At safepoint: 3300 ns, Total: 52500 ns
[258.270s][info ][gc,start       ] GC(33) Pause Young (Allocation Failure)
[258.275s][debug][gc,phases      ] GC(33) Scavenge 5.430ms
[258.275s][debug][gc,ref         ] GC(33) Skipped phase 1 of Reference Processing: no references
[258.275s][debug][gc,ref         ] GC(33) ReferenceProcessor::execute queues: 1, RefProcThreadModel::Single, marks_oops_alive: false
[258.275s][debug][gc,ref         ] GC(33) Skipped phase 3 of Reference Processing: no references
[258.275s][debug][gc,ref         ] GC(33) Skipped phase 4 of Reference Processing: no references
[258.275s][debug][gc,phases      ] GC(33) Reference Processing 0.086ms
[258.276s][debug][gc,phases      ] GC(33)   VM Weak                        Min:  0.0, Avg:  0.0, Max:  0.0, Diff:  0.0, Sum:  0.0, Workers: 4
[258.276s][debug][gc,phases      ] GC(33)     Dead                           Min: 0, Avg:  0.0, Max: 0, Diff: 0, Sum: 0, Workers: 4
[258.276s][debug][gc,phases      ] GC(33)     Total                          Min: 0, Avg: 165.0, Max: 660, Diff: 660, Sum: 660, Workers: 4
[258.276s][debug][gc,phases      ] GC(33)   ObjectSynchronizer Weak        Min:  0.0, Avg:  0.0, Max:  0.0, Diff:  0.0, Sum:  0.0, Workers: 4
[258.276s][debug][gc,phases      ] GC(33)     Dead                           Min: 0, Avg:  0.0, Max: 0, Diff: 0, Sum: 0, Workers: 4
[258.276s][debug][gc,phases      ] GC(33)     Total                          Min: 0, Avg: 12.0, Max: 48, Diff: 48, Sum: 48, Workers: 4
[258.276s][debug][gc,phases      ] GC(33)   JVMTI Tag Weak OopStorage      Min:  0.0, Avg:  0.0, Max:  0.0, Diff:  0.0, Sum:  0.0, Workers: 4
[258.276s][debug][gc,phases      ] GC(33)     Dead                           Min: 0, Avg:  0.0, Max: 0, Diff: 0, Sum: 0, Workers: 4
[258.276s][debug][gc,phases      ] GC(33)     Total                          Min: 0, Avg:  0.0, Max: 0, Diff: 0, Sum: 0, Workers: 4
[258.276s][debug][gc,phases      ] GC(33)   StringTable Weak               Min:  0.0, Avg:  0.1, Max:  0.1, Diff:  0.1, Sum:  0.3, Workers: 4
[258.276s][debug][gc,phases      ] GC(33)     Dead                           Min: 0, Avg:  0.0, Max: 0, Diff: 0, Sum: 0, Workers: 4
[258.276s][debug][gc,phases      ] GC(33)     Total                          Min: 0, Avg: 10653.2, Max: 17909, Diff: 17909, Sum: 42613, Workers: 4
[258.276s][debug][gc,phases      ] GC(33)   ResolvedMethodTable Weak       Min:  0.0, Avg:  0.0, Max:  0.0, Diff:  0.0, Sum:  0.1, Workers: 4
[258.276s][debug][gc,phases      ] GC(33)     Dead                           Min: 0, Avg:  0.0, Max: 0, Diff: 0, Sum: 0, Workers: 4
[258.276s][debug][gc,phases      ] GC(33)     Total                          Min: 0, Avg: 2055.2, Max: 3456, Diff: 3456, Sum: 8221, Workers: 4
[258.276s][debug][gc,phases      ] GC(33)   JNI Weak                       Min:  0.0, Avg:  0.0, Max:  0.0, Diff:  0.0, Sum:  0.0, Workers: 4
[258.276s][debug][gc,phases      ] GC(33)     Dead                           Min: 0, Avg:  0.0, Max: 0, Diff: 0, Sum: 0, Workers: 4
[258.276s][debug][gc,phases      ] GC(33)     Total                          Min: 0, Avg: 11.2, Max: 45, Diff: 45, Sum: 45, Workers: 4
[258.276s][debug][gc,phases      ] GC(33)   StringDedup Table Weak         Min:  0.0, Avg:  0.0, Max:  0.0, Diff:  0.0, Sum:  0.0, Workers: 4
[258.276s][debug][gc,phases      ] GC(33)     Dead                           Min: 0, Avg:  0.0, Max: 0, Diff: 0, Sum: 0, Workers: 4
[258.276s][debug][gc,phases      ] GC(33)     Total                          Min: 0, Avg:  0.0, Max: 0, Diff: 0, Sum: 0, Workers: 4
[258.276s][debug][gc,phases      ] GC(33)   StringDedup Requests0 Weak     Min:  0.0, Avg:  0.0, Max:  0.0, Diff:  0.0, Sum:  0.0, Workers: 4
[258.276s][debug][gc,phases      ] GC(33)     Dead                           Min: 0, Avg:  0.0, Max: 0, Diff: 0, Sum: 0, Workers: 4
[258.276s][debug][gc,phases      ] GC(33)     Total                          Min: 0, Avg:  0.0, Max: 0, Diff: 0, Sum: 0, Workers: 4
[258.276s][debug][gc,phases      ] GC(33)   StringDedup Requests1 Weak     Min:  0.0, Avg:  0.0, Max:  0.0, Diff:  0.0, Sum:  0.0, Workers: 4
[258.276s][debug][gc,phases      ] GC(33)     Dead                           Min: 0, Avg:  0.0, Max: 0, Diff: 0, Sum: 0, Workers: 4
[258.276s][debug][gc,phases      ] GC(33)     Total                          Min: 0, Avg:  0.0, Max: 0, Diff: 0, Sum: 0, Workers: 4
[258.276s][debug][gc,phases      ] GC(33)   Weak JFR Old Object Samples    Min:  0.0, Avg:  0.0, Max:  0.0, Diff:  0.0, Sum:  0.0, Workers: 4
[258.276s][debug][gc,phases      ] GC(33)     Dead                           Min: 0, Avg:  0.0, Max: 0, Diff: 0, Sum: 0, Workers: 4
[258.276s][debug][gc,phases      ] GC(33)     Total                          Min: 0, Avg:  0.0, Max: 0, Diff: 0, Sum: 0, Workers: 4
[258.276s][debug][gc,phases      ] GC(33) Weak Processing 0.298ms
[258.276s][debug][gc,age         ] GC(33) Desired survivor size 448790528 bytes, new threshold 15 (max threshold 15)
[258.276s][info ][gc,heap        ] GC(33) PSYoungGen: 1197408K(1648128K)->3136K(1638912K) Eden: 1189888K(1189888K)->0K(1189888K) From: 7520K(458240K)->3136K(449024K)
[258.276s][info ][gc,heap        ] GC(33) ParOldGen: 299039K(387072K)->303343K(387072K)
[258.276s][info ][gc,metaspace   ] GC(33) Metaspace: 77278K(78208K)->77278K(78208K) NonClass: 66199K(66688K)->66199K(66688K) Class: 11078K(11520K)->11078K(11520K)
[258.276s][info ][gc             ] GC(33) Pause Young (Allocation Failure) 1461M->299M(1978M) 5.910ms
[258.276s][info ][gc,cpu         ] GC(33) User=0.02s Sys=0.00s Real=0.00s
[258.276s][info ][safepoint      ] Safepoint "ParallelGCFailedAllocation", Time since last: 44809368 ns, Reaching safepoint: 26601 ns, At safepoint: 5971309 ns, Total: 5997910 ns
[267.276s][info ][safepoint      ] Safepoint "Cleanup", Time since last: 9000482303 ns, Reaching safepoint: 60400 ns, At safepoint: 2000 ns, Total: 62400 ns
[268.276s][info ][safepoint      ] Safepoint "Cleanup", Time since last: 1000105432 ns, Reaching safepoint: 36100 ns, At safepoint: 4100 ns, Total: 40200 ns
[269.277s][info ][safepoint      ] Safepoint "Cleanup", Time since last: 1000094832 ns, Reaching safepoint: 70700 ns, At safepoint: 7000 ns, Total: 77700 ns
[270.277s][info ][safepoint      ] Safepoint "Cleanup", Time since last: 1000109031 ns, Reaching safepoint: 54600 ns, At safepoint: 4400 ns, Total: 59000 ns
[271.277s][info ][safepoint      ] Safepoint "Cleanup", Time since last: 1000066131 ns, Reaching safepoint: 38300 ns, At safepoint: 2500 ns, Total: 40800 ns
[271.320s][info ][gc,start       ] GC(34) Pause Young (Allocation Failure)
[271.325s][debug][gc,phases      ] GC(34) Scavenge 4.881ms
[271.325s][debug][gc,ref         ] GC(34) Skipped phase 1 of Reference Processing: no references
[271.325s][debug][gc,ref         ] GC(34) ReferenceProcessor::execute queues: 1, RefProcThreadModel::Single, marks_oops_alive: false
[271.325s][debug][gc,ref         ] GC(34) Skipped phase 3 of Reference Processing: no references
[271.325s][debug][gc,ref         ] GC(34) ReferenceProcessor::execute queues: 1, RefProcThreadModel::Single, marks_oops_alive: false
[271.325s][debug][gc,phases      ] GC(34) Reference Processing 0.094ms
[271.325s][debug][gc,phases      ] GC(34)   VM Weak                        Min:  0.0, Avg:  0.0, Max:  0.0, Diff:  0.0, Sum:  0.0, Workers: 4
[271.325s][debug][gc,phases      ] GC(34)     Dead                           Min: 0, Avg:  0.0, Max: 0, Diff: 0, Sum: 0, Workers: 4
[271.325s][debug][gc,phases      ] GC(34)     Total                          Min: 0, Avg: 166.0, Max: 664, Diff: 664, Sum: 664, Workers: 4
[271.325s][debug][gc,phases      ] GC(34)   ObjectSynchronizer Weak        Min:  0.0, Avg:  0.0, Max:  0.0, Diff:  0.0, Sum:  0.0, Workers: 4
[271.325s][debug][gc,phases      ] GC(34)     Dead                           Min: 0, Avg:  0.0, Max: 0, Diff: 0, Sum: 0, Workers: 4
[271.325s][debug][gc,phases      ] GC(34)     Total                          Min: 0, Avg: 12.0, Max: 48, Diff: 48, Sum: 48, Workers: 4
[271.325s][debug][gc,phases      ] GC(34)   JVMTI Tag Weak OopStorage      Min:  0.0, Avg:  0.0, Max:  0.0, Diff:  0.0, Sum:  0.0, Workers: 4
[271.325s][debug][gc,phases      ] GC(34)     Dead                           Min: 0, Avg:  0.0, Max: 0, Diff: 0, Sum: 0, Workers: 4
[271.325s][debug][gc,phases      ] GC(34)     Total                          Min: 0, Avg:  0.0, Max: 0, Diff: 0, Sum: 0, Workers: 4
[271.325s][debug][gc,phases      ] GC(34)   StringTable Weak               Min:  0.0, Avg:  0.1, Max:  0.1, Diff:  0.1, Sum:  0.4, Workers: 4
[271.325s][debug][gc,phases      ] GC(34)     Dead                           Min: 0, Avg:  0.2, Max: 1, Diff: 1, Sum: 1, Workers: 4
[271.325s][debug][gc,phases      ] GC(34)     Total                          Min: 0, Avg: 10655.5, Max: 15232, Diff: 15232, Sum: 42622, Workers: 4
[271.325s][debug][gc,phases      ] GC(34)   ResolvedMethodTable Weak       Min:  0.0, Avg:  0.0, Max:  0.0, Diff:  0.0, Sum:  0.1, Workers: 4
[271.325s][debug][gc,phases      ] GC(34)     Dead                           Min: 0, Avg:  0.0, Max: 0, Diff: 0, Sum: 0, Workers: 4
[271.325s][debug][gc,phases      ] GC(34)     Total                          Min: 0, Avg: 2058.5, Max: 2879, Diff: 2879, Sum: 8234, Workers: 4
[271.325s][debug][gc,phases      ] GC(34)   JNI Weak                       Min:  0.0, Avg:  0.0, Max:  0.0, Diff:  0.0, Sum:  0.0, Workers: 4
[271.325s][debug][gc,phases      ] GC(34)     Dead                           Min: 0, Avg:  0.0, Max: 0, Diff: 0, Sum: 0, Workers: 4
[271.325s][debug][gc,phases      ] GC(34)     Total                          Min: 0, Avg: 11.2, Max: 45, Diff: 45, Sum: 45, Workers: 4
[271.325s][debug][gc,phases      ] GC(34)   StringDedup Table Weak         Min:  0.0, Avg:  0.0, Max:  0.0, Diff:  0.0, Sum:  0.0, Workers: 4
[271.325s][debug][gc,phases      ] GC(34)     Dead                           Min: 0, Avg:  0.0, Max: 0, Diff: 0, Sum: 0, Workers: 4
[271.325s][debug][gc,phases      ] GC(34)     Total                          Min: 0, Avg:  0.0, Max: 0, Diff: 0, Sum: 0, Workers: 4
[271.325s][debug][gc,phases      ] GC(34)   StringDedup Requests0 Weak     Min:  0.0, Avg:  0.0, Max:  0.0, Diff:  0.0, Sum:  0.0, Workers: 4
[271.325s][debug][gc,phases      ] GC(34)     Dead                           Min: 0, Avg:  0.0, Max: 0, Diff: 0, Sum: 0, Workers: 4
[271.325s][debug][gc,phases      ] GC(34)     Total                          Min: 0, Avg:  0.0, Max: 0, Diff: 0, Sum: 0, Workers: 4
[271.325s][debug][gc,phases      ] GC(34)   StringDedup Requests1 Weak     Min:  0.0, Avg:  0.0, Max:  0.0, Diff:  0.0, Sum:  0.0, Workers: 4
[271.326s][debug][gc,phases      ] GC(34)     Dead                           Min: 0, Avg:  0.0, Max: 0, Diff: 0, Sum: 0, Workers: 4
[271.326s][debug][gc,phases      ] GC(34)     Total                          Min: 0, Avg:  0.0, Max: 0, Diff: 0, Sum: 0, Workers: 4
[271.326s][debug][gc,phases      ] GC(34)   Weak JFR Old Object Samples    Min:  0.0, Avg:  0.0, Max:  0.0, Diff:  0.0, Sum:  0.0, Workers: 4
[271.326s][debug][gc,phases      ] GC(34)     Dead                           Min: 0, Avg:  0.0, Max: 0, Diff: 0, Sum: 0, Workers: 4
[271.326s][debug][gc,phases      ] GC(34)     Total                          Min: 0, Avg:  0.0, Max: 0, Diff: 0, Sum: 0, Workers: 4
[271.326s][debug][gc,phases      ] GC(34) Weak Processing 0.309ms
[271.326s][debug][gc,age         ] GC(34) Desired survivor size 435683328 bytes, new threshold 15 (max threshold 15)
[271.326s][info ][gc,heap        ] GC(34) PSYoungGen: 1193024K(1638912K)->1232K(1671680K) Eden: 1189888K(1189888K)->0K(1233408K) From: 3136K(449024K)->1232K(438272K)
[271.326s][info ][gc,heap        ] GC(34) ParOldGen: 303343K(387072K)->305343K(387072K)
[271.326s][info ][gc,metaspace   ] GC(34) Metaspace: 77321K(78208K)->77321K(78208K) NonClass: 66237K(66688K)->66237K(66688K) Class: 11084K(11520K)->11084K(11520K)
[271.326s][info ][gc             ] GC(34) Pause Young (Allocation Failure) 1461M->299M(2010M) 5.372ms
[271.326s][info ][gc,cpu         ] GC(34) User=0.01s Sys=0.00s Real=0.00s
[271.326s][info ][safepoint      ] Safepoint "ParallelGCFailedAllocation", Time since last: 43210066 ns, Reaching safepoint: 23300 ns, At safepoint: 5437308 ns, Total: 5460608 ns
[272.326s][info ][safepoint      ] Safepoint "Cleanup", Time since last: 1000083030 ns, Reaching safepoint: 41700 ns, At safepoint: 4701 ns, Total: 46401 ns
[276.326s][info ][safepoint      ] Safepoint "Cleanup", Time since last: 4000293217 ns, Reaching safepoint: 42500 ns, At safepoint: 4300 ns, Total: 46800 ns
[277.326s][info ][safepoint      ] Safepoint "Cleanup", Time since last: 1000080328 ns, Reaching safepoint: 32400 ns, At safepoint: 2700 ns, Total: 35100 ns
[283.327s][info ][safepoint      ] Safepoint "Cleanup", Time since last: 6000420663 ns, Reaching safepoint: 27700 ns, At safepoint: 2600 ns, Total: 30300 ns
[284.327s][info ][safepoint      ] Safepoint "Cleanup", Time since last: 1000103226 ns, Reaching safepoint: 50100 ns, At safepoint: 4300 ns, Total: 54400 ns
[284.971s][info ][safepoint      ] Safepoint "ParallelGCFailedAllocation", Time since last: 643875782 ns, Reaching safepoint: 122400 ns, At safepoint: 16700 ns, Total: 139100 ns
[284.971s][info ][gc,start       ] GC(35) Pause Young (GCLocker Initiated GC)
[284.975s][debug][gc,phases      ] GC(35) Scavenge 3.625ms
[284.975s][debug][gc,ref         ] GC(35) Skipped phase 1 of Reference Processing: no references
[284.975s][debug][gc,ref         ] GC(35) ReferenceProcessor::execute queues: 1, RefProcThreadModel::Single, marks_oops_alive: false
[284.975s][debug][gc,ref         ] GC(35) Skipped phase 3 of Reference Processing: no references
[284.975s][debug][gc,ref         ] GC(35) ReferenceProcessor::execute queues: 1, RefProcThreadModel::Single, marks_oops_alive: false
[284.975s][debug][gc,phases      ] GC(35) Reference Processing 0.098ms
[284.975s][debug][gc,phases      ] GC(35)   VM Weak                        Min:  0.0, Avg:  0.0, Max:  0.0, Diff:  0.0, Sum:  0.0, Workers: 4
[284.975s][debug][gc,phases      ] GC(35)     Dead                           Min: 0, Avg:  0.0, Max: 0, Diff: 0, Sum: 0, Workers: 4
[284.975s][debug][gc,phases      ] GC(35)     Total                          Min: 0, Avg: 166.0, Max: 664, Diff: 664, Sum: 664, Workers: 4
[284.975s][debug][gc,phases      ] GC(35)   ObjectSynchronizer Weak        Min:  0.0, Avg:  0.0, Max:  0.0, Diff:  0.0, Sum:  0.0, Workers: 4
[284.975s][debug][gc,phases      ] GC(35)     Dead                           Min: 0, Avg:  0.0, Max: 0, Diff: 0, Sum: 0, Workers: 4
[284.975s][debug][gc,phases      ] GC(35)     Total                          Min: 0, Avg: 12.0, Max: 48, Diff: 48, Sum: 48, Workers: 4
[284.975s][debug][gc,phases      ] GC(35)   JVMTI Tag Weak OopStorage      Min:  0.0, Avg:  0.0, Max:  0.0, Diff:  0.0, Sum:  0.0, Workers: 4
[284.975s][debug][gc,phases      ] GC(35)     Dead                           Min: 0, Avg:  0.0, Max: 0, Diff: 0, Sum: 0, Workers: 4
[284.975s][debug][gc,phases      ] GC(35)     Total                          Min: 0, Avg:  0.0, Max: 0, Diff: 0, Sum: 0, Workers: 4
[284.975s][debug][gc,phases      ] GC(35)   StringTable Weak               Min:  0.1, Avg:  0.1, Max:  0.1, Diff:  0.0, Sum:  0.4, Workers: 4
[284.975s][debug][gc,phases      ] GC(35)     Dead                           Min: 0, Avg:  0.0, Max: 0, Diff: 0, Sum: 0, Workers: 4
[284.975s][debug][gc,phases      ] GC(35)     Total                          Min: 10303, Avg: 10655.5, Max: 11072, Diff: 769, Sum: 42622, Workers: 4
[284.975s][debug][gc,phases      ] GC(35)   ResolvedMethodTable Weak       Min:  0.0, Avg:  0.0, Max:  0.0, Diff:  0.0, Sum:  0.1, Workers: 4
[284.975s][debug][gc,phases      ] GC(35)     Dead                           Min: 0, Avg:  0.0, Max: 0, Diff: 0, Sum: 0, Workers: 4
[284.975s][debug][gc,phases      ] GC(35)     Total                          Min: 1983, Avg: 2058.5, Max: 2112, Diff: 129, Sum: 8234, Workers: 4
[284.975s][debug][gc,phases      ] GC(35)   JNI Weak                       Min:  0.0, Avg:  0.0, Max:  0.0, Diff:  0.0, Sum:  0.0, Workers: 4
[284.975s][debug][gc,phases      ] GC(35)     Dead                           Min: 0, Avg:  0.0, Max: 0, Diff: 0, Sum: 0, Workers: 4
[284.975s][debug][gc,phases      ] GC(35)     Total                          Min: 0, Avg: 11.2, Max: 45, Diff: 45, Sum: 45, Workers: 4
[284.975s][debug][gc,phases      ] GC(35)   StringDedup Table Weak         Min:  0.0, Avg:  0.0, Max:  0.0, Diff:  0.0, Sum:  0.0, Workers: 4
[284.975s][debug][gc,phases      ] GC(35)     Dead                           Min: 0, Avg:  0.0, Max: 0, Diff: 0, Sum: 0, Workers: 4
[284.975s][debug][gc,phases      ] GC(35)     Total                          Min: 0, Avg:  0.0, Max: 0, Diff: 0, Sum: 0, Workers: 4
[284.975s][debug][gc,phases      ] GC(35)   StringDedup Requests0 Weak     Min:  0.0, Avg:  0.0, Max:  0.0, Diff:  0.0, Sum:  0.0, Workers: 4
[284.975s][debug][gc,phases      ] GC(35)     Dead                           Min: 0, Avg:  0.0, Max: 0, Diff: 0, Sum: 0, Workers: 4
[284.975s][debug][gc,phases      ] GC(35)     Total                          Min: 0, Avg:  0.0, Max: 0, Diff: 0, Sum: 0, Workers: 4
[284.975s][debug][gc,phases      ] GC(35)   StringDedup Requests1 Weak     Min:  0.0, Avg:  0.0, Max:  0.0, Diff:  0.0, Sum:  0.0, Workers: 4
[284.975s][debug][gc,phases      ] GC(35)     Dead                           Min: 0, Avg:  0.0, Max: 0, Diff: 0, Sum: 0, Workers: 4
[284.975s][debug][gc,phases      ] GC(35)     Total                          Min: 0, Avg:  0.0, Max: 0, Diff: 0, Sum: 0, Workers: 4
[284.975s][debug][gc,phases      ] GC(35)   Weak JFR Old Object Samples    Min:  0.0, Avg:  0.0, Max:  0.0, Diff:  0.0, Sum:  0.0, Workers: 4
[284.975s][debug][gc,phases      ] GC(35)     Dead                           Min: 0, Avg:  0.0, Max: 0, Diff: 0, Sum: 0, Workers: 4
[284.975s][debug][gc,phases      ] GC(35)     Total                          Min: 0, Avg:  0.0, Max: 0, Diff: 0, Sum: 0, Workers: 4
[284.975s][debug][gc,phases      ] GC(35) Weak Processing 0.313ms
[284.975s][debug][gc,age         ] GC(35) Desired survivor size 421003264 bytes, new threshold 15 (max threshold 15)
[284.975s][info ][gc,heap        ] GC(35) PSYoungGen: 1234640K(1671680K)->1328K(1658880K) Eden: 1233408K(1233408K)->0K(1233408K) From: 1232K(438272K)->1328K(425472K)
[284.975s][info ][gc,heap        ] GC(35) ParOldGen: 305344K(387072K)->305384K(387072K)
[284.975s][info ][gc,metaspace   ] GC(35) Metaspace: 77324K(78208K)->77324K(78208K) NonClass: 66239K(66688K)->66239K(66688K) Class: 11084K(11520K)->11084K(11520K)
[284.975s][info ][gc             ] GC(35) Pause Young (GCLocker Initiated GC) 1503M->299M(1998M) 4.116ms
[284.975s][info ][gc,cpu         ] GC(35) User=0.02s Sys=0.00s Real=0.00s
[284.975s][info ][safepoint      ] Safepoint "ParallelGCSystemGC", Time since last: 67800 ns, Reaching safepoint: 98200 ns, At safepoint: 4172107 ns, Total: 4270307 ns
[286.975s][info ][safepoint      ] Safepoint "Cleanup", Time since last: 2000160650 ns, Reaching safepoint: 43000 ns, At safepoint: 4700 ns, Total: 47700 ns
[289.976s][info ][safepoint      ] Safepoint "Cleanup", Time since last: 3000228472 ns, Reaching safepoint: 41800 ns, At safepoint: 4600 ns, Total: 46400 ns
[290.976s][info ][safepoint      ] Safepoint "Cleanup", Time since last: 1000114523 ns, Reaching safepoint: 38000 ns, At safepoint: 3500 ns, Total: 41500 ns
[291.976s][info ][safepoint      ] Safepoint "Cleanup", Time since last: 1000121823 ns, Reaching safepoint: 37100 ns, At safepoint: 2200 ns, Total: 39300 ns
[298.667s][info ][gc,start       ] GC(36) Pause Young (Allocation Failure)
[298.671s][debug][gc,phases      ] GC(36) Scavenge 4.203ms
[298.671s][debug][gc,ref         ] GC(36) Skipped phase 1 of Reference Processing: no references
[298.671s][debug][gc,ref         ] GC(36) ReferenceProcessor::execute queues: 1, RefProcThreadModel::Single, marks_oops_alive: false
[298.671s][debug][gc,ref         ] GC(36) Skipped phase 3 of Reference Processing: no references
[298.671s][debug][gc,ref         ] GC(36) ReferenceProcessor::execute queues: 1, RefProcThreadModel::Single, marks_oops_alive: false
[298.671s][debug][gc,phases      ] GC(36) Reference Processing 0.091ms
[298.672s][debug][gc,phases      ] GC(36)   VM Weak                        Min:  0.0, Avg:  0.0, Max:  0.0, Diff:  0.0, Sum:  0.0, Workers: 4
[298.672s][debug][gc,phases      ] GC(36)     Dead                           Min: 0, Avg:  0.0, Max: 0, Diff: 0, Sum: 0, Workers: 4
[298.672s][debug][gc,phases      ] GC(36)     Total                          Min: 0, Avg: 166.0, Max: 448, Diff: 448, Sum: 664, Workers: 4
[298.672s][debug][gc,phases      ] GC(36)   ObjectSynchronizer Weak        Min:  0.0, Avg:  0.0, Max:  0.0, Diff:  0.0, Sum:  0.0, Workers: 4
[298.672s][debug][gc,phases      ] GC(36)     Dead                           Min: 0, Avg:  0.0, Max: 0, Diff: 0, Sum: 0, Workers: 4
[298.672s][debug][gc,phases      ] GC(36)     Total                          Min: 0, Avg: 12.0, Max: 48, Diff: 48, Sum: 48, Workers: 4
[298.672s][debug][gc,phases      ] GC(36)   JVMTI Tag Weak OopStorage      Min:  0.0, Avg:  0.0, Max:  0.0, Diff:  0.0, Sum:  0.0, Workers: 4
[298.672s][debug][gc,phases      ] GC(36)     Dead                           Min: 0, Avg:  0.0, Max: 0, Diff: 0, Sum: 0, Workers: 4
[298.672s][debug][gc,phases      ] GC(36)     Total                          Min: 0, Avg:  0.0, Max: 0, Diff: 0, Sum: 0, Workers: 4
[298.672s][debug][gc,phases      ] GC(36)   StringTable Weak               Min:  0.0, Avg:  0.1, Max:  0.1, Diff:  0.1, Sum:  0.4, Workers: 4
[298.672s][debug][gc,phases      ] GC(36)     Dead                           Min: 0, Avg:  0.0, Max: 0, Diff: 0, Sum: 0, Workers: 4
[298.672s][debug][gc,phases      ] GC(36)     Total                          Min: 0, Avg: 10660.2, Max: 18065, Diff: 18065, Sum: 42641, Workers: 4
[298.672s][debug][gc,phases      ] GC(36)   ResolvedMethodTable Weak       Min:  0.0, Avg:  0.0, Max:  0.0, Diff:  0.0, Sum:  0.1, Workers: 4
[298.672s][debug][gc,phases      ] GC(36)     Dead                           Min: 0, Avg:  0.0, Max: 0, Diff: 0, Sum: 0, Workers: 4
[298.672s][debug][gc,phases      ] GC(36)     Total                          Min: 0, Avg: 2058.5, Max: 3563, Diff: 3563, Sum: 8234, Workers: 4
[298.672s][debug][gc,phases      ] GC(36)   JNI Weak                       Min:  0.0, Avg:  0.0, Max:  0.0, Diff:  0.0, Sum:  0.0, Workers: 4
[298.672s][debug][gc,phases      ] GC(36)     Dead                           Min: 0, Avg:  0.0, Max: 0, Diff: 0, Sum: 0, Workers: 4
[298.672s][debug][gc,phases      ] GC(36)     Total                          Min: 0, Avg: 11.2, Max: 45, Diff: 45, Sum: 45, Workers: 4
[298.672s][debug][gc,phases      ] GC(36)   StringDedup Table Weak         Min:  0.0, Avg:  0.0, Max:  0.0, Diff:  0.0, Sum:  0.0, Workers: 4
[298.672s][debug][gc,phases      ] GC(36)     Dead                           Min: 0, Avg:  0.0, Max: 0, Diff: 0, Sum: 0, Workers: 4
[298.672s][debug][gc,phases      ] GC(36)     Total                          Min: 0, Avg:  0.0, Max: 0, Diff: 0, Sum: 0, Workers: 4
[298.672s][debug][gc,phases      ] GC(36)   StringDedup Requests0 Weak     Min:  0.0, Avg:  0.0, Max:  0.0, Diff:  0.0, Sum:  0.0, Workers: 4
[298.672s][debug][gc,phases      ] GC(36)     Dead                           Min: 0, Avg:  0.0, Max: 0, Diff: 0, Sum: 0, Workers: 4
[298.672s][debug][gc,phases      ] GC(36)     Total                          Min: 0, Avg:  0.0, Max: 0, Diff: 0, Sum: 0, Workers: 4
[298.672s][debug][gc,phases      ] GC(36)   StringDedup Requests1 Weak     Min:  0.0, Avg:  0.0, Max:  0.0, Diff:  0.0, Sum:  0.0, Workers: 4
[298.672s][debug][gc,phases      ] GC(36)     Dead                           Min: 0, Avg:  0.0, Max: 0, Diff: 0, Sum: 0, Workers: 4
[298.672s][debug][gc,phases      ] GC(36)     Total                          Min: 0, Avg:  0.0, Max: 0, Diff: 0, Sum: 0, Workers: 4
[298.672s][debug][gc,phases      ] GC(36)   Weak JFR Old Object Samples    Min:  0.0, Avg:  0.0, Max:  0.0, Diff:  0.0, Sum:  0.0, Workers: 4
[298.672s][debug][gc,phases      ] GC(36)     Dead                           Min: 0, Avg:  0.0, Max: 0, Diff: 0, Sum: 0, Workers: 4
[298.672s][debug][gc,phases      ] GC(36)     Total                          Min: 0, Avg:  0.0, Max: 0, Diff: 0, Sum: 0, Workers: 4
[298.672s][debug][gc,phases      ] GC(36) Weak Processing 0.307ms
[298.672s][debug][gc,age         ] GC(36) Desired survivor size 404750336 bytes, new threshold 15 (max threshold 15)
[298.672s][info ][gc,heap        ] GC(36) PSYoungGen: 1234736K(1658880K)->1296K(1701888K) Eden: 1233408K(1233408K)->0K(1290752K) From: 1328K(425472K)->1296K(411136K)
[298.672s][info ][gc,heap        ] GC(36) ParOldGen: 305385K(387072K)->305409K(387072K)
[298.672s][info ][gc,metaspace   ] GC(36) Metaspace: 77328K(78208K)->77328K(78208K) NonClass: 66244K(66688K)->66244K(66688K) Class: 11084K(11520K)->11084K(11520K)
[298.672s][info ][gc             ] GC(36) Pause Young (Allocation Failure) 1504M->299M(2040M) 4.689ms
[298.672s][info ][gc,cpu         ] GC(36) User=0.01s Sys=0.00s Real=0.00s
[298.672s][info ][safepoint      ] Safepoint "ParallelGCFailedAllocation", Time since last: 6691068580 ns, Reaching safepoint: 89601 ns, At safepoint: 4751807 ns, Total: 4841408 ns
[308.673s][info ][safepoint      ] Safepoint "Cleanup", Time since last: 10000623285 ns, Reaching safepoint: 52200 ns, At safepoint: 6900 ns, Total: 59100 ns
[311.622s][info ][safepoint      ] Safepoint "Cleanup", Time since last: 2949011871 ns, Reaching safepoint: 144601 ns, At safepoint: 5900 ns, Total: 150501 ns
[312.622s][info ][safepoint      ] Safepoint "Cleanup", Time since last: 1000092015 ns, Reaching safepoint: 85900 ns, At safepoint: 3100 ns, Total: 89000 ns
[312.719s][info ][gc,start       ] GC(37) Pause Young (Allocation Failure)
[312.724s][debug][gc,phases      ] GC(37) Scavenge 5.219ms
[312.724s][debug][gc,ref         ] GC(37) Skipped phase 1 of Reference Processing: no references
[312.724s][debug][gc,ref         ] GC(37) ReferenceProcessor::execute queues: 1, RefProcThreadModel::Single, marks_oops_alive: false
[312.725s][debug][gc,ref         ] GC(37) Skipped phase 3 of Reference Processing: no references
[312.725s][debug][gc,ref         ] GC(37) ReferenceProcessor::execute queues: 1, RefProcThreadModel::Single, marks_oops_alive: false
[312.725s][debug][gc,phases      ] GC(37) Reference Processing 0.082ms
[312.725s][debug][gc,phases      ] GC(37)   VM Weak                        Min:  0.0, Avg:  0.0, Max:  0.0, Diff:  0.0, Sum:  0.0, Workers: 4
[312.725s][debug][gc,phases      ] GC(37)     Dead                           Min: 0, Avg:  0.0, Max: 0, Diff: 0, Sum: 0, Workers: 4
[312.725s][debug][gc,phases      ] GC(37)     Total                          Min: 0, Avg: 166.2, Max: 473, Diff: 473, Sum: 665, Workers: 4
[312.725s][debug][gc,phases      ] GC(37)   ObjectSynchronizer Weak        Min:  0.0, Avg:  0.0, Max:  0.0, Diff:  0.0, Sum:  0.0, Workers: 4
[312.725s][debug][gc,phases      ] GC(37)     Dead                           Min: 0, Avg:  0.0, Max: 0, Diff: 0, Sum: 0, Workers: 4
[312.725s][debug][gc,phases      ] GC(37)     Total                          Min: 0, Avg: 12.0, Max: 48, Diff: 48, Sum: 48, Workers: 4
[312.725s][debug][gc,phases      ] GC(37)   JVMTI Tag Weak OopStorage      Min:  0.0, Avg:  0.0, Max:  0.0, Diff:  0.0, Sum:  0.0, Workers: 4
[312.725s][debug][gc,phases      ] GC(37)     Dead                           Min: 0, Avg:  0.0, Max: 0, Diff: 0, Sum: 0, Workers: 4
[312.725s][debug][gc,phases      ] GC(37)     Total                          Min: 0, Avg:  0.0, Max: 0, Diff: 0, Sum: 0, Workers: 4
[312.725s][debug][gc,phases      ] GC(37)   StringTable Weak               Min:  0.1, Avg:  0.1, Max:  0.1, Diff:  0.0, Sum:  0.4, Workers: 4
[312.725s][debug][gc,phases      ] GC(37)     Dead                           Min: 0, Avg:  0.5, Max: 2, Diff: 2, Sum: 2, Workers: 4
[312.725s][debug][gc,phases      ] GC(37)     Total                          Min: 10404, Avg: 10664.5, Max: 11008, Diff: 604, Sum: 42658, Workers: 4
[312.725s][debug][gc,phases      ] GC(37)   ResolvedMethodTable Weak       Min:  0.0, Avg:  0.0, Max:  0.0, Diff:  0.0, Sum:  0.1, Workers: 4
[312.725s][debug][gc,phases      ] GC(37)     Dead                           Min: 0, Avg:  0.0, Max: 0, Diff: 0, Sum: 0, Workers: 4
[312.725s][debug][gc,phases      ] GC(37)     Total                          Min: 2048, Avg: 2064.2, Max: 2112, Diff: 64, Sum: 8257, Workers: 4
[312.725s][debug][gc,phases      ] GC(37)   JNI Weak                       Min:  0.0, Avg:  0.0, Max:  0.0, Diff:  0.0, Sum:  0.0, Workers: 4
[312.725s][debug][gc,phases      ] GC(37)     Dead                           Min: 0, Avg:  0.0, Max: 0, Diff: 0, Sum: 0, Workers: 4
[312.725s][debug][gc,phases      ] GC(37)     Total                          Min: 0, Avg: 11.2, Max: 45, Diff: 45, Sum: 45, Workers: 4
[312.725s][debug][gc,phases      ] GC(37)   StringDedup Table Weak         Min:  0.0, Avg:  0.0, Max:  0.0, Diff:  0.0, Sum:  0.0, Workers: 4
[312.725s][debug][gc,phases      ] GC(37)     Dead                           Min: 0, Avg:  0.0, Max: 0, Diff: 0, Sum: 0, Workers: 4
[312.725s][debug][gc,phases      ] GC(37)     Total                          Min: 0, Avg:  0.0, Max: 0, Diff: 0, Sum: 0, Workers: 4
[312.725s][debug][gc,phases      ] GC(37)   StringDedup Requests0 Weak     Min:  0.0, Avg:  0.0, Max:  0.0, Diff:  0.0, Sum:  0.0, Workers: 4
[312.725s][debug][gc,phases      ] GC(37)     Dead                           Min: 0, Avg:  0.0, Max: 0, Diff: 0, Sum: 0, Workers: 4
[312.725s][debug][gc,phases      ] GC(37)     Total                          Min: 0, Avg:  0.0, Max: 0, Diff: 0, Sum: 0, Workers: 4
[312.725s][debug][gc,phases      ] GC(37)   StringDedup Requests1 Weak     Min:  0.0, Avg:  0.0, Max:  0.0, Diff:  0.0, Sum:  0.0, Workers: 4
[312.725s][debug][gc,phases      ] GC(37)     Dead                           Min: 0, Avg:  0.0, Max: 0, Diff: 0, Sum: 0, Workers: 4
[312.725s][debug][gc,phases      ] GC(37)     Total                          Min: 0, Avg:  0.0, Max: 0, Diff: 0, Sum: 0, Workers: 4
[312.725s][debug][gc,phases      ] GC(37)   Weak JFR Old Object Samples    Min:  0.0, Avg:  0.0, Max:  0.0, Diff:  0.0, Sum:  0.0, Workers: 4
[312.725s][debug][gc,phases      ] GC(37)     Dead                           Min: 0, Avg:  0.0, Max: 0, Diff: 0, Sum: 0, Workers: 4
[312.725s][debug][gc,phases      ] GC(37)     Total                          Min: 0, Avg:  0.0, Max: 0, Diff: 0, Sum: 0, Workers: 4
[312.725s][debug][gc,phases      ] GC(37) Weak Processing 0.284ms
[312.725s][debug][gc,age         ] GC(37) Desired survivor size 387448832 bytes, new threshold 15 (max threshold 15)
[312.725s][info ][gc,heap        ] GC(37) PSYoungGen: 1292048K(1701888K)->1632K(1686016K) Eden: 1290752K(1290752K)->0K(1290752K) From: 1296K(411136K)->1632K(395264K)
[312.725s][info ][gc,heap        ] GC(37) ParOldGen: 305409K(387072K)->305433K(387072K)
[312.725s][info ][gc,metaspace   ] GC(37) Metaspace: 77434K(78336K)->77434K(78336K) NonClass: 66340K(66816K)->66340K(66816K) Class: 11094K(11520K)->11094K(11520K)
[312.725s][info ][gc             ] GC(37) Pause Young (Allocation Failure) 1560M->299M(2024M) 5.674ms
[312.725s][info ][gc,cpu         ] GC(37) User=0.01s Sys=0.01s Real=0.00s
[312.725s][info ][safepoint      ] Safepoint "ParallelGCFailedAllocation", Time since last: 97221048 ns, Reaching safepoint: 36400 ns, At safepoint: 5729508 ns, Total: 5765908 ns
[313.725s][info ][safepoint      ] Safepoint "Cleanup", Time since last: 1000048815 ns, Reaching safepoint: 53701 ns, At safepoint: 2600 ns, Total: 56301 ns
[317.725s][info ][safepoint      ] Safepoint "Cleanup", Time since last: 4000304357 ns, Reaching safepoint: 58400 ns, At safepoint: 2400 ns, Total: 60800 ns
[320.726s][info ][safepoint      ] Safepoint "Cleanup", Time since last: 3000232439 ns, Reaching safepoint: 39500 ns, At safepoint: 2300 ns, Total: 41800 ns
[326.573s][info ][gc,start       ] GC(38) Pause Young (Allocation Failure)
[326.578s][debug][gc,phases      ] GC(38) Scavenge 5.120ms
[326.578s][debug][gc,ref         ] GC(38) Skipped phase 1 of Reference Processing: no references
[326.578s][debug][gc,ref         ] GC(38) ReferenceProcessor::execute queues: 1, RefProcThreadModel::Single, marks_oops_alive: false
[326.578s][debug][gc,ref         ] GC(38) Skipped phase 3 of Reference Processing: no references
[326.578s][debug][gc,ref         ] GC(38) ReferenceProcessor::execute queues: 1, RefProcThreadModel::Single, marks_oops_alive: false
[326.578s][debug][gc,phases      ] GC(38) Reference Processing 0.085ms
[326.579s][debug][gc,phases      ] GC(38)   VM Weak                        Min:  0.0, Avg:  0.0, Max:  0.0, Diff:  0.0, Sum:  0.0, Workers: 4
[326.579s][debug][gc,phases      ] GC(38)     Dead                           Min: 0, Avg:  0.0, Max: 0, Diff: 0, Sum: 0, Workers: 4
[326.579s][debug][gc,phases      ] GC(38)     Total                          Min: 0, Avg: 166.2, Max: 448, Diff: 448, Sum: 665, Workers: 4
[326.579s][debug][gc,phases      ] GC(38)   ObjectSynchronizer Weak        Min:  0.0, Avg:  0.0, Max:  0.0, Diff:  0.0, Sum:  0.0, Workers: 4
[326.579s][debug][gc,phases      ] GC(38)     Dead                           Min: 0, Avg:  0.0, Max: 0, Diff: 0, Sum: 0, Workers: 4
[326.579s][debug][gc,phases      ] GC(38)     Total                          Min: 0, Avg: 12.0, Max: 48, Diff: 48, Sum: 48, Workers: 4
[326.579s][debug][gc,phases      ] GC(38)   JVMTI Tag Weak OopStorage      Min:  0.0, Avg:  0.0, Max:  0.0, Diff:  0.0, Sum:  0.0, Workers: 4
[326.579s][debug][gc,phases      ] GC(38)     Dead                           Min: 0, Avg:  0.0, Max: 0, Diff: 0, Sum: 0, Workers: 4
[326.579s][debug][gc,phases      ] GC(38)     Total                          Min: 0, Avg:  0.0, Max: 0, Diff: 0, Sum: 0, Workers: 4
[326.579s][debug][gc,phases      ] GC(38)   StringTable Weak               Min:  0.0, Avg:  0.1, Max:  0.1, Diff:  0.1, Sum:  0.3, Workers: 4
[326.579s][debug][gc,phases      ] GC(38)     Dead                           Min: 0, Avg:  0.0, Max: 0, Diff: 0, Sum: 0, Workers: 4
[326.579s][debug][gc,phases      ] GC(38)     Total                          Min: 0, Avg: 10664.5, Max: 18468, Diff: 18468, Sum: 42658, Workers: 4
[326.579s][debug][gc,phases      ] GC(38)   ResolvedMethodTable Weak       Min:  0.0, Avg:  0.0, Max:  0.0, Diff:  0.0, Sum:  0.1, Workers: 4
[326.579s][debug][gc,phases      ] GC(38)     Dead                           Min: 0, Avg:  0.0, Max: 0, Diff: 0, Sum: 0, Workers: 4
[326.579s][debug][gc,phases      ] GC(38)     Total                          Min: 0, Avg: 2064.2, Max: 3456, Diff: 3456, Sum: 8257, Workers: 4
[326.579s][debug][gc,phases      ] GC(38)   JNI Weak                       Min:  0.0, Avg:  0.0, Max:  0.0, Diff:  0.0, Sum:  0.0, Workers: 4
[326.579s][debug][gc,phases      ] GC(38)     Dead                           Min: 0, Avg:  0.0, Max: 0, Diff: 0, Sum: 0, Workers: 4
[326.579s][debug][gc,phases      ] GC(38)     Total                          Min: 0, Avg: 11.2, Max: 45, Diff: 45, Sum: 45, Workers: 4
[326.579s][debug][gc,phases      ] GC(38)   StringDedup Table Weak         Min:  0.0, Avg:  0.0, Max:  0.0, Diff:  0.0, Sum:  0.0, Workers: 4
[326.579s][debug][gc,phases      ] GC(38)     Dead                           Min: 0, Avg:  0.0, Max: 0, Diff: 0, Sum: 0, Workers: 4
[326.579s][debug][gc,phases      ] GC(38)     Total                          Min: 0, Avg:  0.0, Max: 0, Diff: 0, Sum: 0, Workers: 4
[326.579s][debug][gc,phases      ] GC(38)   StringDedup Requests0 Weak     Min:  0.0, Avg:  0.0, Max:  0.0, Diff:  0.0, Sum:  0.0, Workers: 4
[326.579s][debug][gc,phases      ] GC(38)     Dead                           Min: 0, Avg:  0.0, Max: 0, Diff: 0, Sum: 0, Workers: 4
[326.579s][debug][gc,phases      ] GC(38)     Total                          Min: 0, Avg:  0.0, Max: 0, Diff: 0, Sum: 0, Workers: 4
[326.579s][debug][gc,phases      ] GC(38)   StringDedup Requests1 Weak     Min:  0.0, Avg:  0.0, Max:  0.0, Diff:  0.0, Sum:  0.0, Workers: 4
[326.579s][debug][gc,phases      ] GC(38)     Dead                           Min: 0, Avg:  0.0, Max: 0, Diff: 0, Sum: 0, Workers: 4
[326.579s][debug][gc,phases      ] GC(38)     Total                          Min: 0, Avg:  0.0, Max: 0, Diff: 0, Sum: 0, Workers: 4
[326.579s][debug][gc,phases      ] GC(38)   Weak JFR Old Object Samples    Min:  0.0, Avg:  0.0, Max:  0.0, Diff:  0.0, Sum:  0.0, Workers: 4
[326.579s][debug][gc,phases      ] GC(38)     Dead                           Min: 0, Avg:  0.0, Max: 0, Diff: 0, Sum: 0, Workers: 4
[326.579s][debug][gc,phases      ] GC(38)     Total                          Min: 0, Avg:  0.0, Max: 0, Diff: 0, Sum: 0, Workers: 4
[326.579s][debug][gc,phases      ] GC(38) Weak Processing 0.310ms
[326.579s][debug][gc,age         ] GC(38) Desired survivor size 369623040 bytes, new threshold 15 (max threshold 15)
[326.579s][info ][gc,heap        ] GC(38) PSYoungGen: 1292384K(1686016K)->1632K(1736192K) Eden: 1290752K(1290752K)->0K(1357824K) From: 1632K(395264K)->1632K(378368K)
[326.579s][info ][gc,heap        ] GC(38) ParOldGen: 305433K(387072K)->305465K(387072K)
[326.579s][info ][gc,metaspace   ] GC(38) Metaspace: 77437K(78336K)->77437K(78336K) NonClass: 66342K(66816K)->66342K(66816K) Class: 11094K(11520K)->11094K(11520K)
[326.579s][info ][gc             ] GC(38) Pause Young (Allocation Failure) 1560M->299M(2073M) 5.623ms
[326.579s][info ][gc,cpu         ] GC(38) User=0.02s Sys=0.00s Real=0.01s
[326.579s][info ][safepoint      ] Safepoint "ParallelGCFailedAllocation", Time since last: 5847456438 ns, Reaching safepoint: 90500 ns, At safepoint: 5684609 ns, Total: 5775109 ns
[328.579s][info ][safepoint      ] Safepoint "Cleanup", Time since last: 2000141220 ns, Reaching safepoint: 53700 ns, At safepoint: 6400 ns, Total: 60100 ns
[330.579s][info ][safepoint      ] Safepoint "Cleanup", Time since last: 2000167819 ns, Reaching safepoint: 36801 ns, At safepoint: 2400 ns, Total: 39201 ns
[332.579s][info ][safepoint      ] Safepoint "Cleanup", Time since last: 2000162917 ns, Reaching safepoint: 30100 ns, At safepoint: 2700 ns, Total: 32800 ns
[341.518s][info ][gc,start       ] GC(39) Pause Young (Allocation Failure)
[341.521s][debug][gc,phases      ] GC(39) Scavenge 3.476ms
[341.521s][debug][gc,ref         ] GC(39) Skipped phase 1 of Reference Processing: no references
[341.521s][debug][gc,ref         ] GC(39) ReferenceProcessor::execute queues: 1, RefProcThreadModel::Single, marks_oops_alive: false
[341.521s][debug][gc,ref         ] GC(39) Skipped phase 3 of Reference Processing: no references
[341.521s][debug][gc,ref         ] GC(39) ReferenceProcessor::execute queues: 1, RefProcThreadModel::Single, marks_oops_alive: false
[341.521s][debug][gc,phases      ] GC(39) Reference Processing 0.100ms
[341.522s][debug][gc,phases      ] GC(39)   VM Weak                        Min:  0.0, Avg:  0.0, Max:  0.0, Diff:  0.0, Sum:  0.0, Workers: 4
[341.522s][debug][gc,phases      ] GC(39)     Dead                           Min: 0, Avg:  0.0, Max: 0, Diff: 0, Sum: 0, Workers: 4
[341.522s][debug][gc,phases      ] GC(39)     Total                          Min: 0, Avg: 166.2, Max: 601, Diff: 601, Sum: 665, Workers: 4
[341.522s][debug][gc,phases      ] GC(39)   ObjectSynchronizer Weak        Min:  0.0, Avg:  0.0, Max:  0.0, Diff:  0.0, Sum:  0.0, Workers: 4
[341.522s][debug][gc,phases      ] GC(39)     Dead                           Min: 0, Avg:  0.0, Max: 0, Diff: 0, Sum: 0, Workers: 4
[341.522s][debug][gc,phases      ] GC(39)     Total                          Min: 0, Avg: 12.0, Max: 48, Diff: 48, Sum: 48, Workers: 4
[341.522s][debug][gc,phases      ] GC(39)   JVMTI Tag Weak OopStorage      Min:  0.0, Avg:  0.0, Max:  0.0, Diff:  0.0, Sum:  0.0, Workers: 4
[341.522s][debug][gc,phases      ] GC(39)     Dead                           Min: 0, Avg:  0.0, Max: 0, Diff: 0, Sum: 0, Workers: 4
[341.522s][debug][gc,phases      ] GC(39)     Total                          Min: 0, Avg:  0.0, Max: 0, Diff: 0, Sum: 0, Workers: 4
[341.522s][debug][gc,phases      ] GC(39)   StringTable Weak               Min:  0.1, Avg:  0.1, Max:  0.1, Diff:  0.0, Sum:  0.4, Workers: 4
[341.522s][debug][gc,phases      ] GC(39)     Dead                           Min: 0, Avg:  0.0, Max: 0, Diff: 0, Sum: 0, Workers: 4
[341.522s][debug][gc,phases      ] GC(39)     Total                          Min: 9215, Avg: 10664.5, Max: 11391, Diff: 2176, Sum: 42658, Workers: 4
[341.522s][debug][gc,phases      ] GC(39)   ResolvedMethodTable Weak       Min:  0.0, Avg:  0.0, Max:  0.0, Diff:  0.0, Sum:  0.1, Workers: 4
[341.522s][debug][gc,phases      ] GC(39)     Dead                           Min: 0, Avg:  0.0, Max: 0, Diff: 0, Sum: 0, Workers: 4
[341.522s][debug][gc,phases      ] GC(39)     Total                          Min: 1984, Avg: 2064.2, Max: 2176, Diff: 192, Sum: 8257, Workers: 4
[341.522s][debug][gc,phases      ] GC(39)   JNI Weak                       Min:  0.0, Avg:  0.0, Max:  0.0, Diff:  0.0, Sum:  0.0, Workers: 4
[341.522s][debug][gc,phases      ] GC(39)     Dead                           Min: 0, Avg:  0.0, Max: 0, Diff: 0, Sum: 0, Workers: 4
[341.522s][debug][gc,phases      ] GC(39)     Total                          Min: 0, Avg: 11.2, Max: 45, Diff: 45, Sum: 45, Workers: 4
[341.522s][debug][gc,phases      ] GC(39)   StringDedup Table Weak         Min:  0.0, Avg:  0.0, Max:  0.0, Diff:  0.0, Sum:  0.0, Workers: 4
[341.522s][debug][gc,phases      ] GC(39)     Dead                           Min: 0, Avg:  0.0, Max: 0, Diff: 0, Sum: 0, Workers: 4
[341.522s][debug][gc,phases      ] GC(39)     Total                          Min: 0, Avg:  0.0, Max: 0, Diff: 0, Sum: 0, Workers: 4
[341.522s][debug][gc,phases      ] GC(39)   StringDedup Requests0 Weak     Min:  0.0, Avg:  0.0, Max:  0.0, Diff:  0.0, Sum:  0.0, Workers: 4
[341.522s][debug][gc,phases      ] GC(39)     Dead                           Min: 0, Avg:  0.0, Max: 0, Diff: 0, Sum: 0, Workers: 4
[341.522s][debug][gc,phases      ] GC(39)     Total                          Min: 0, Avg:  0.0, Max: 0, Diff: 0, Sum: 0, Workers: 4
[341.522s][debug][gc,phases      ] GC(39)   StringDedup Requests1 Weak     Min:  0.0, Avg:  0.0, Max:  0.0, Diff:  0.0, Sum:  0.0, Workers: 4
[341.522s][debug][gc,phases      ] GC(39)     Dead                           Min: 0, Avg:  0.0, Max: 0, Diff: 0, Sum: 0, Workers: 4
[341.522s][debug][gc,phases      ] GC(39)     Total                          Min: 0, Avg:  0.0, Max: 0, Diff: 0, Sum: 0, Workers: 4
[341.522s][debug][gc,phases      ] GC(39)   Weak JFR Old Object Samples    Min:  0.0, Avg:  0.0, Max:  0.0, Diff:  0.0, Sum:  0.0, Workers: 4
[341.522s][debug][gc,phases      ] GC(39)     Dead                           Min: 0, Avg:  0.0, Max: 0, Diff: 0, Sum: 0, Workers: 4
[341.522s][debug][gc,phases      ] GC(39)     Total                          Min: 0, Avg:  0.0, Max: 0, Diff: 0, Sum: 0, Workers: 4
[341.522s][debug][gc,phases      ] GC(39) Weak Processing 0.299ms
[341.522s][debug][gc,age         ] GC(39) Desired survivor size 351272960 bytes, new threshold 15 (max threshold 15)
[341.522s][info ][gc,heap        ] GC(39) PSYoungGen: 1359456K(1736192K)->1680K(1718784K) Eden: 1357824K(1357824K)->0K(1357824K) From: 1632K(378368K)->1680K(360960K)
[341.522s][info ][gc,heap        ] GC(39) ParOldGen: 305465K(387072K)->305473K(387072K)
[341.522s][info ][gc,metaspace   ] GC(39) Metaspace: 77438K(78336K)->77438K(78336K) NonClass: 66343K(66816K)->66343K(66816K) Class: 11094K(11520K)->11094K(11520K)
[341.522s][info ][gc             ] GC(39) Pause Young (Allocation Failure) 1625M->299M(2056M) 3.968ms
[341.522s][info ][gc,cpu         ] GC(39) User=0.01s Sys=0.00s Real=0.01s
[341.522s][info ][safepoint      ] Safepoint "ParallelGCFailedAllocation", Time since last: 8938314069 ns, Reaching safepoint: 42800 ns, At safepoint: 4052707 ns, Total: 4095507 ns
[345.522s][info ][safepoint      ] Safepoint "Cleanup", Time since last: 4000274619 ns, Reaching safepoint: 28000 ns, At safepoint: 2600 ns, Total: 30600 ns
[347.523s][info ][safepoint      ] Safepoint "Cleanup", Time since last: 2000219108 ns, Reaching safepoint: 119700 ns, At safepoint: 12100 ns, Total: 131800 ns
[349.523s][info ][safepoint      ] Safepoint "Cleanup", Time since last: 2000180907 ns, Reaching safepoint: 33900 ns, At safepoint: 2700 ns, Total: 36600 ns
[351.143s][info ][safepoint      ] Safepoint "Cleanup", Time since last: 1620234334 ns, Reaching safepoint: 160900 ns, At safepoint: 13400 ns, Total: 174300 ns
[352.272s][info ][safepoint      ] Safepoint "Cleanup", Time since last: 1128579095 ns, Reaching safepoint: 135001 ns, At safepoint: 9800 ns, Total: 144801 ns
[353.272s][info ][safepoint      ] Safepoint "Cleanup", Time since last: 1000110602 ns, Reaching safepoint: 146800 ns, At safepoint: 8100 ns, Total: 154900 ns
[354.272s][info ][safepoint      ] Safepoint "Cleanup", Time since last: 1000103601 ns, Reaching safepoint: 91400 ns, At safepoint: 3100 ns, Total: 94500 ns
[354.321s][info ][gc,start       ] GC(40) Pause Young (Allocation Failure)
[354.327s][debug][gc,phases      ] GC(40) Scavenge 6.066ms
[354.327s][debug][gc,ref         ] GC(40) Skipped phase 1 of Reference Processing: no references
[354.327s][debug][gc,ref         ] GC(40) ReferenceProcessor::execute queues: 1, RefProcThreadModel::Single, marks_oops_alive: false
[354.327s][debug][gc,ref         ] GC(40) Skipped phase 3 of Reference Processing: no references
[354.327s][debug][gc,ref         ] GC(40) ReferenceProcessor::execute queues: 1, RefProcThreadModel::Single, marks_oops_alive: false
[354.327s][debug][gc,phases      ] GC(40) Reference Processing 0.104ms
[354.327s][debug][gc,phases      ] GC(40)   VM Weak                        Min:  0.0, Avg:  0.0, Max:  0.0, Diff:  0.0, Sum:  0.0, Workers: 4
[354.327s][debug][gc,phases      ] GC(40)     Dead                           Min: 0, Avg:  0.0, Max: 0, Diff: 0, Sum: 0, Workers: 4
[354.327s][debug][gc,phases      ] GC(40)     Total                          Min: 0, Avg: 166.5, Max: 410, Diff: 410, Sum: 666, Workers: 4
[354.327s][debug][gc,phases      ] GC(40)   ObjectSynchronizer Weak        Min:  0.0, Avg:  0.0, Max:  0.0, Diff:  0.0, Sum:  0.0, Workers: 4
[354.327s][debug][gc,phases      ] GC(40)     Dead                           Min: 0, Avg:  0.0, Max: 0, Diff: 0, Sum: 0, Workers: 4
[354.327s][debug][gc,phases      ] GC(40)     Total                          Min: 0, Avg: 12.0, Max: 48, Diff: 48, Sum: 48, Workers: 4
[354.327s][debug][gc,phases      ] GC(40)   JVMTI Tag Weak OopStorage      Min:  0.0, Avg:  0.0, Max:  0.0, Diff:  0.0, Sum:  0.0, Workers: 4
[354.327s][debug][gc,phases      ] GC(40)     Dead                           Min: 0, Avg:  0.0, Max: 0, Diff: 0, Sum: 0, Workers: 4
[354.327s][debug][gc,phases      ] GC(40)     Total                          Min: 0, Avg:  0.0, Max: 0, Diff: 0, Sum: 0, Workers: 4
[354.327s][debug][gc,phases      ] GC(40)   StringTable Weak               Min:  0.1, Avg:  0.1, Max:  0.1, Diff:  0.0, Sum:  0.4, Workers: 4
[354.327s][debug][gc,phases      ] GC(40)     Dead                           Min: 0, Avg:  0.0, Max: 0, Diff: 0, Sum: 0, Workers: 4
[354.327s][debug][gc,phases      ] GC(40)     Total                          Min: 10239, Avg: 10668.5, Max: 11572, Diff: 1333, Sum: 42674, Workers: 4
[354.327s][debug][gc,phases      ] GC(40)   ResolvedMethodTable Weak       Min:  0.0, Avg:  0.0, Max:  0.0, Diff:  0.0, Sum:  0.1, Workers: 4
[354.327s][debug][gc,phases      ] GC(40)     Dead                           Min: 0, Avg:  0.0, Max: 0, Diff: 0, Sum: 0, Workers: 4
[354.327s][debug][gc,phases      ] GC(40)     Total                          Min: 2048, Avg: 2067.2, Max: 2112, Diff: 64, Sum: 8269, Workers: 4
[354.327s][debug][gc,phases      ] GC(40)   JNI Weak                       Min:  0.0, Avg:  0.0, Max:  0.0, Diff:  0.0, Sum:  0.0, Workers: 4
[354.327s][debug][gc,phases      ] GC(40)     Dead                           Min: 0, Avg:  0.0, Max: 0, Diff: 0, Sum: 0, Workers: 4
[354.327s][debug][gc,phases      ] GC(40)     Total                          Min: 0, Avg: 11.2, Max: 45, Diff: 45, Sum: 45, Workers: 4
[354.327s][debug][gc,phases      ] GC(40)   StringDedup Table Weak         Min:  0.0, Avg:  0.0, Max:  0.0, Diff:  0.0, Sum:  0.0, Workers: 4
[354.327s][debug][gc,phases      ] GC(40)     Dead                           Min: 0, Avg:  0.0, Max: 0, Diff: 0, Sum: 0, Workers: 4
[354.327s][debug][gc,phases      ] GC(40)     Total                          Min: 0, Avg:  0.0, Max: 0, Diff: 0, Sum: 0, Workers: 4
[354.327s][debug][gc,phases      ] GC(40)   StringDedup Requests0 Weak     Min:  0.0, Avg:  0.0, Max:  0.0, Diff:  0.0, Sum:  0.0, Workers: 4
[354.327s][debug][gc,phases      ] GC(40)     Dead                           Min: 0, Avg:  0.0, Max: 0, Diff: 0, Sum: 0, Workers: 4
[354.327s][debug][gc,phases      ] GC(40)     Total                          Min: 0, Avg:  0.0, Max: 0, Diff: 0, Sum: 0, Workers: 4
[354.327s][debug][gc,phases      ] GC(40)   StringDedup Requests1 Weak     Min:  0.0, Avg:  0.0, Max:  0.0, Diff:  0.0, Sum:  0.0, Workers: 4
[354.327s][debug][gc,phases      ] GC(40)     Dead                           Min: 0, Avg:  0.0, Max: 0, Diff: 0, Sum: 0, Workers: 4
[354.327s][debug][gc,phases      ] GC(40)     Total                          Min: 0, Avg:  0.0, Max: 0, Diff: 0, Sum: 0, Workers: 4
[354.327s][debug][gc,phases      ] GC(40)   Weak JFR Old Object Samples    Min:  0.0, Avg:  0.0, Max:  0.0, Diff:  0.0, Sum:  0.0, Workers: 4
[354.327s][debug][gc,phases      ] GC(40)     Dead                           Min: 0, Avg:  0.0, Max: 0, Diff: 0, Sum: 0, Workers: 4
[354.327s][debug][gc,phases      ] GC(40)     Total                          Min: 0, Avg:  0.0, Max: 0, Diff: 0, Sum: 0, Workers: 4
[354.327s][debug][gc,phases      ] GC(40) Weak Processing 0.283ms
[354.327s][debug][gc,age         ] GC(40) Desired survivor size 331874304 bytes, new threshold 15 (max threshold 15)
[354.327s][info ][gc,heap        ] GC(40) PSYoungGen: 1359504K(1718784K)->7824K(1773056K) Eden: 1357824K(1357824K)->0K(1430016K) From: 1680K(360960K)->7824K(343040K)
[354.327s][info ][gc,heap        ] GC(40) ParOldGen: 305473K(387072K)->305489K(387072K)
[354.327s][info ][gc,metaspace   ] GC(40) Metaspace: 77479K(78400K)->77479K(78400K) NonClass: 66380K(66880K)->66380K(66880K) Class: 11099K(11520K)->11099K(11520K)
[354.327s][info ][gc             ] GC(40) Pause Young (Allocation Failure) 1625M->305M(2109M) 6.563ms
[354.327s][info ][gc,cpu         ] GC(40) User=0.03s Sys=0.00s Real=0.01s
[354.327s][info ][safepoint      ] Safepoint "ParallelGCFailedAllocation", Time since last: 48191073 ns, Reaching safepoint: 99500 ns, At safepoint: 6628810 ns, Total: 6728310 ns
[355.327s][info ][safepoint      ] Safepoint "Cleanup", Time since last: 1000093701 ns, Reaching safepoint: 38200 ns, At safepoint: 2600 ns, Total: 40800 ns
[356.327s][info ][safepoint      ] Safepoint "Cleanup", Time since last: 1000064201 ns, Reaching safepoint: 48700 ns, At safepoint: 5100 ns, Total: 53800 ns
[358.328s][info ][safepoint      ] Safepoint "Cleanup", Time since last: 2000173701 ns, Reaching safepoint: 41200 ns, At safepoint: 2600 ns, Total: 43800 ns
[364.328s][info ][safepoint      ] Safepoint "Cleanup", Time since last: 6000429294 ns, Reaching safepoint: 36700 ns, At safepoint: 2200 ns, Total: 38900 ns
[365.328s][info ][safepoint      ] Safepoint "Cleanup", Time since last: 1000076098 ns, Reaching safepoint: 40100 ns, At safepoint: 3100 ns, Total: 43200 ns
[369.329s][info ][safepoint      ] Safepoint "Cleanup", Time since last: 4000287689 ns, Reaching safepoint: 52700 ns, At safepoint: 7600 ns, Total: 60300 ns
[369.893s][info ][gc,start       ] GC(41) Pause Young (Allocation Failure)
[369.900s][debug][gc,phases      ] GC(41) Scavenge 6.628ms
[369.900s][debug][gc,ref         ] GC(41) Skipped phase 1 of Reference Processing: no references
[369.900s][debug][gc,ref         ] GC(41) ReferenceProcessor::execute queues: 1, RefProcThreadModel::Single, marks_oops_alive: false
[369.900s][debug][gc,ref         ] GC(41) Skipped phase 3 of Reference Processing: no references
[369.900s][debug][gc,ref         ] GC(41) ReferenceProcessor::execute queues: 1, RefProcThreadModel::Single, marks_oops_alive: false
[369.900s][debug][gc,phases      ] GC(41) Reference Processing 0.107ms
[369.900s][debug][gc,phases      ] GC(41)   VM Weak                        Min:  0.0, Avg:  0.0, Max:  0.0, Diff:  0.0, Sum:  0.0, Workers: 4
[369.900s][debug][gc,phases      ] GC(41)     Dead                           Min: 0, Avg:  0.0, Max: 0, Diff: 0, Sum: 0, Workers: 4
[369.900s][debug][gc,phases      ] GC(41)     Total                          Min: 0, Avg: 166.5, Max: 666, Diff: 666, Sum: 666, Workers: 4
[369.900s][debug][gc,phases      ] GC(41)   ObjectSynchronizer Weak        Min:  0.0, Avg:  0.0, Max:  0.0, Diff:  0.0, Sum:  0.0, Workers: 4
[369.900s][debug][gc,phases      ] GC(41)     Dead                           Min: 0, Avg:  0.0, Max: 0, Diff: 0, Sum: 0, Workers: 4
[369.900s][debug][gc,phases      ] GC(41)     Total                          Min: 0, Avg: 12.0, Max: 48, Diff: 48, Sum: 48, Workers: 4
[369.900s][debug][gc,phases      ] GC(41)   JVMTI Tag Weak OopStorage      Min:  0.0, Avg:  0.0, Max:  0.0, Diff:  0.0, Sum:  0.0, Workers: 4
[369.900s][debug][gc,phases      ] GC(41)     Dead                           Min: 0, Avg:  0.0, Max: 0, Diff: 0, Sum: 0, Workers: 4
[369.900s][debug][gc,phases      ] GC(41)     Total                          Min: 0, Avg:  0.0, Max: 0, Diff: 0, Sum: 0, Workers: 4
[369.900s][debug][gc,phases      ] GC(41)   StringTable Weak               Min:  0.1, Avg:  0.1, Max:  0.1, Diff:  0.0, Sum:  0.4, Workers: 4
[369.900s][debug][gc,phases      ] GC(41)     Dead                           Min: 0, Avg:  0.2, Max: 1, Diff: 1, Sum: 1, Workers: 4
[369.900s][debug][gc,phases      ] GC(41)     Total                          Min: 9853, Avg: 10670.8, Max: 11199, Diff: 1346, Sum: 42683, Workers: 4
[369.900s][debug][gc,phases      ] GC(41)   ResolvedMethodTable Weak       Min:  0.0, Avg:  0.0, Max:  0.0, Diff:  0.0, Sum:  0.1, Workers: 4
[369.900s][debug][gc,phases      ] GC(41)     Dead                           Min: 0, Avg:  0.0, Max: 0, Diff: 0, Sum: 0, Workers: 4
[369.900s][debug][gc,phases      ] GC(41)     Total                          Min: 1984, Avg: 2070.0, Max: 2200, Diff: 216, Sum: 8280, Workers: 4
[369.900s][debug][gc,phases      ] GC(41)   JNI Weak                       Min:  0.0, Avg:  0.0, Max:  0.0, Diff:  0.0, Sum:  0.0, Workers: 4
[369.900s][debug][gc,phases      ] GC(41)     Dead                           Min: 0, Avg:  0.0, Max: 0, Diff: 0, Sum: 0, Workers: 4
[369.900s][debug][gc,phases      ] GC(41)     Total                          Min: 0, Avg: 11.2, Max: 45, Diff: 45, Sum: 45, Workers: 4
[369.900s][debug][gc,phases      ] GC(41)   StringDedup Table Weak         Min:  0.0, Avg:  0.0, Max:  0.0, Diff:  0.0, Sum:  0.0, Workers: 4
[369.900s][debug][gc,phases      ] GC(41)     Dead                           Min: 0, Avg:  0.0, Max: 0, Diff: 0, Sum: 0, Workers: 4
[369.900s][debug][gc,phases      ] GC(41)     Total                          Min: 0, Avg:  0.0, Max: 0, Diff: 0, Sum: 0, Workers: 4
[369.900s][debug][gc,phases      ] GC(41)   StringDedup Requests0 Weak     Min:  0.0, Avg:  0.0, Max:  0.0, Diff:  0.0, Sum:  0.0, Workers: 4
[369.900s][debug][gc,phases      ] GC(41)     Dead                           Min: 0, Avg:  0.0, Max: 0, Diff: 0, Sum: 0, Workers: 4
[369.900s][debug][gc,phases      ] GC(41)     Total                          Min: 0, Avg:  0.0, Max: 0, Diff: 0, Sum: 0, Workers: 4
[369.900s][debug][gc,phases      ] GC(41)   StringDedup Requests1 Weak     Min:  0.0, Avg:  0.0, Max:  0.0, Diff:  0.0, Sum:  0.0, Workers: 4
[369.900s][debug][gc,phases      ] GC(41)     Dead                           Min: 0, Avg:  0.0, Max: 0, Diff: 0, Sum: 0, Workers: 4
[369.900s][debug][gc,phases      ] GC(41)     Total                          Min: 0, Avg:  0.0, Max: 0, Diff: 0, Sum: 0, Workers: 4
[369.900s][debug][gc,phases      ] GC(41)   Weak JFR Old Object Samples    Min:  0.0, Avg:  0.0, Max:  0.0, Diff:  0.0, Sum:  0.0, Workers: 4
[369.900s][debug][gc,phases      ] GC(41)     Dead                           Min: 0, Avg:  0.0, Max: 0, Diff: 0, Sum: 0, Workers: 4
[369.900s][debug][gc,phases      ] GC(41)     Total                          Min: 0, Avg:  0.0, Max: 0, Diff: 0, Sum: 0, Workers: 4
[369.900s][debug][gc,phases      ] GC(41) Weak Processing 0.281ms
[369.900s][debug][gc,age         ] GC(41) Desired survivor size 313524224 bytes, new threshold 15 (max threshold 15)
[369.900s][info ][gc,heap        ] GC(41) PSYoungGen: 1437840K(1773056K)->4752K(1754112K) Eden: 1430016K(1430016K)->0K(1430016K) From: 7824K(343040K)->4752K(324096K)
[369.900s][info ][gc,heap        ] GC(41) ParOldGen: 305489K(387072K)->305593K(387072K)
[369.900s][info ][gc,metaspace   ] GC(41) Metaspace: 77494K(78400K)->77494K(78400K) NonClass: 66390K(66880K)->66390K(66880K) Class: 11103K(11520K)->11103K(11520K)
[369.900s][info ][gc             ] GC(41) Pause Young (Allocation Failure) 1702M->303M(2091M) 7.113ms
[369.900s][info ][gc,cpu         ] GC(41) User=0.02s Sys=0.00s Real=0.01s
[369.900s][info ][safepoint      ] Safepoint "ParallelGCFailedAllocation", Time since last: 564317745 ns, Reaching safepoint: 56500 ns, At safepoint: 7175210 ns, Total: 7231710 ns
[370.900s][info ][safepoint      ] Safepoint "Cleanup", Time since last: 1000067197 ns, Reaching safepoint: 70100 ns, At safepoint: 5300 ns, Total: 75400 ns
[371.901s][info ][safepoint      ] Safepoint "Cleanup", Time since last: 1000108496 ns, Reaching safepoint: 47600 ns, At safepoint: 5800 ns, Total: 53400 ns
[373.901s][info ][safepoint      ] Safepoint "Cleanup", Time since last: 2000178591 ns, Reaching safepoint: 25200 ns, At safepoint: 2800 ns, Total: 28000 ns
[374.901s][info ][safepoint      ] Safepoint "Cleanup", Time since last: 1000106695 ns, Reaching safepoint: 26000 ns, At safepoint: 2300 ns, Total: 28300 ns
[375.901s][info ][safepoint      ] Safepoint "Cleanup", Time since last: 1000100594 ns, Reaching safepoint: 71501 ns, At safepoint: 7700 ns, Total: 79201 ns
[376.901s][info ][safepoint      ] Safepoint "Cleanup", Time since last: 1000107294 ns, Reaching safepoint: 28400 ns, At safepoint: 2500 ns, Total: 30900 ns
[377.901s][info ][safepoint      ] Safepoint "Cleanup", Time since last: 1000102694 ns, Reaching safepoint: 94600 ns, At safepoint: 6400 ns, Total: 101000 ns
[385.521s][info ][safepoint      ] Safepoint "ParallelGCFailedAllocation", Time since last: 7619354573 ns, Reaching safepoint: 94900 ns, At safepoint: 13300 ns, Total: 108200 ns
[385.521s][info ][gc,start       ] GC(42) Pause Young (GCLocker Initiated GC)
[385.525s][debug][gc,phases      ] GC(42) Scavenge 4.128ms
[385.525s][debug][gc,ref         ] GC(42) Skipped phase 1 of Reference Processing: no references
[385.525s][debug][gc,ref         ] GC(42) ReferenceProcessor::execute queues: 1, RefProcThreadModel::Single, marks_oops_alive: false
[385.525s][debug][gc,ref         ] GC(42) Skipped phase 3 of Reference Processing: no references
[385.525s][debug][gc,ref         ] GC(42) ReferenceProcessor::execute queues: 1, RefProcThreadModel::Single, marks_oops_alive: false
[385.525s][debug][gc,phases      ] GC(42) Reference Processing 0.088ms
[385.525s][debug][gc,phases      ] GC(42)   VM Weak                        Min:  0.0, Avg:  0.0, Max:  0.0, Diff:  0.0, Sum:  0.0, Workers: 4
[385.525s][debug][gc,phases      ] GC(42)     Dead                           Min: 0, Avg:  0.0, Max: 0, Diff: 0, Sum: 0, Workers: 4
[385.525s][debug][gc,phases      ] GC(42)     Total                          Min: 0, Avg: 166.5, Max: 384, Diff: 384, Sum: 666, Workers: 4
[385.525s][debug][gc,phases      ] GC(42)   ObjectSynchronizer Weak        Min:  0.0, Avg:  0.0, Max:  0.0, Diff:  0.0, Sum:  0.0, Workers: 4
[385.525s][debug][gc,phases      ] GC(42)     Dead                           Min: 0, Avg:  0.0, Max: 0, Diff: 0, Sum: 0, Workers: 4
[385.525s][debug][gc,phases      ] GC(42)     Total                          Min: 0, Avg: 12.0, Max: 48, Diff: 48, Sum: 48, Workers: 4
[385.525s][debug][gc,phases      ] GC(42)   JVMTI Tag Weak OopStorage      Min:  0.0, Avg:  0.0, Max:  0.0, Diff:  0.0, Sum:  0.0, Workers: 4
[385.525s][debug][gc,phases      ] GC(42)     Dead                           Min: 0, Avg:  0.0, Max: 0, Diff: 0, Sum: 0, Workers: 4
[385.526s][debug][gc,phases      ] GC(42)     Total                          Min: 0, Avg:  0.0, Max: 0, Diff: 0, Sum: 0, Workers: 4
[385.526s][debug][gc,phases      ] GC(42)   StringTable Weak               Min:  0.1, Avg:  0.1, Max:  0.1, Diff:  0.0, Sum:  0.5, Workers: 4
[385.526s][debug][gc,phases      ] GC(42)     Dead                           Min: 0, Avg:  0.0, Max: 0, Diff: 0, Sum: 0, Workers: 4
[385.526s][debug][gc,phases      ] GC(42)     Total                          Min: 8384, Avg: 10673.0, Max: 12484, Diff: 4100, Sum: 42692, Workers: 4
[385.526s][debug][gc,phases      ] GC(42)   ResolvedMethodTable Weak       Min:  0.0, Avg:  0.0, Max:  0.0, Diff:  0.0, Sum:  0.1, Workers: 4
[385.526s][debug][gc,phases      ] GC(42)     Dead                           Min: 0, Avg:  0.0, Max: 0, Diff: 0, Sum: 0, Workers: 4
[385.526s][debug][gc,phases      ] GC(42)     Total                          Min: 1024, Avg: 2070.5, Max: 2458, Diff: 1434, Sum: 8282, Workers: 4
[385.526s][debug][gc,phases      ] GC(42)   JNI Weak                       Min:  0.0, Avg:  0.0, Max:  0.0, Diff:  0.0, Sum:  0.0, Workers: 4
[385.526s][debug][gc,phases      ] GC(42)     Dead                           Min: 0, Avg:  0.0, Max: 0, Diff: 0, Sum: 0, Workers: 4
[385.526s][debug][gc,phases      ] GC(42)     Total                          Min: 0, Avg: 11.2, Max: 45, Diff: 45, Sum: 45, Workers: 4
[385.526s][debug][gc,phases      ] GC(42)   StringDedup Table Weak         Min:  0.0, Avg:  0.0, Max:  0.0, Diff:  0.0, Sum:  0.0, Workers: 4
[385.526s][debug][gc,phases      ] GC(42)     Dead                           Min: 0, Avg:  0.0, Max: 0, Diff: 0, Sum: 0, Workers: 4
[385.526s][debug][gc,phases      ] GC(42)     Total                          Min: 0, Avg:  0.0, Max: 0, Diff: 0, Sum: 0, Workers: 4
[385.526s][debug][gc,phases      ] GC(42)   StringDedup Requests0 Weak     Min:  0.0, Avg:  0.0, Max:  0.0, Diff:  0.0, Sum:  0.0, Workers: 4
[385.526s][debug][gc,phases      ] GC(42)     Dead                           Min: 0, Avg:  0.0, Max: 0, Diff: 0, Sum: 0, Workers: 4
[385.526s][debug][gc,phases      ] GC(42)     Total                          Min: 0, Avg:  0.0, Max: 0, Diff: 0, Sum: 0, Workers: 4
[385.526s][debug][gc,phases      ] GC(42)   StringDedup Requests1 Weak     Min:  0.0, Avg:  0.0, Max:  0.0, Diff:  0.0, Sum:  0.0, Workers: 4
[385.526s][debug][gc,phases      ] GC(42)     Dead                           Min: 0, Avg:  0.0, Max: 0, Diff: 0, Sum: 0, Workers: 4
[385.526s][debug][gc,phases      ] GC(42)     Total                          Min: 0, Avg:  0.0, Max: 0, Diff: 0, Sum: 0, Workers: 4
[385.526s][debug][gc,phases      ] GC(42)   Weak JFR Old Object Samples    Min:  0.0, Avg:  0.0, Max:  0.0, Diff:  0.0, Sum:  0.0, Workers: 4
[385.526s][debug][gc,phases      ] GC(42)     Dead                           Min: 0, Avg:  0.0, Max: 0, Diff: 0, Sum: 0, Workers: 4
[385.526s][debug][gc,phases      ] GC(42)     Total                          Min: 0, Avg:  0.0, Max: 0, Diff: 0, Sum: 0, Workers: 4
[385.526s][debug][gc,phases      ] GC(42) Weak Processing 0.329ms
[385.526s][debug][gc,age         ] GC(42) Desired survivor size 295698432 bytes, new threshold 15 (max threshold 15)
[385.526s][info ][gc,heap        ] GC(42) PSYoungGen: 1434768K(1754112K)->4640K(1808384K) Eden: 1430016K(1430016K)->0K(1502208K) From: 4752K(324096K)->4640K(306176K)
[385.526s][info ][gc,heap        ] GC(42) ParOldGen: 305594K(387072K)->305626K(387072K)
[385.526s][info ][gc,metaspace   ] GC(42) Metaspace: 77586K(78464K)->77586K(78464K) NonClass: 66472K(66944K)->66472K(66944K) Class: 11113K(11520K)->11113K(11520K)
[385.526s][info ][gc             ] GC(42) Pause Young (GCLocker Initiated GC) 1699M->302M(2144M) 4.628ms
[385.526s][info ][gc,cpu         ] GC(42) User=0.02s Sys=0.00s Real=0.00s
[385.526s][info ][safepoint      ] Safepoint "ParallelGCSystemGC", Time since last: 65900 ns, Reaching safepoint: 84000 ns, At safepoint: 4686207 ns, Total: 4770207 ns
[387.526s][info ][safepoint      ] Safepoint "Cleanup", Time since last: 2000142683 ns, Reaching safepoint: 38000 ns, At safepoint: 2500 ns, Total: 40500 ns
[391.526s][info ][safepoint      ] Safepoint "Cleanup", Time since last: 4000312161 ns, Reaching safepoint: 48900 ns, At safepoint: 4500 ns, Total: 53400 ns
[392.526s][info ][safepoint      ] Safepoint "Cleanup", Time since last: 1000101790 ns, Reaching safepoint: 29200 ns, At safepoint: 2900 ns, Total: 32100 ns
[393.527s][info ][safepoint      ] Safepoint "Cleanup", Time since last: 1000108489 ns, Reaching safepoint: 53700 ns, At safepoint: 4000 ns, Total: 57700 ns
[398.527s][info ][safepoint      ] Safepoint "Cleanup", Time since last: 5000285942 ns, Reaching safepoint: 48500 ns, At safepoint: 5000 ns, Total: 53500 ns
[399.527s][info ][safepoint      ] Safepoint "Cleanup", Time since last: 1000104087 ns, Reaching safepoint: 37401 ns, At safepoint: 3500 ns, Total: 40901 ns
[402.373s][info ][gc,start       ] GC(43) Pause Young (Allocation Failure)
[402.377s][debug][gc,phases      ] GC(43) Scavenge 4.008ms
[402.377s][debug][gc,ref         ] GC(43) Skipped phase 1 of Reference Processing: no references
[402.377s][debug][gc,ref         ] GC(43) ReferenceProcessor::execute queues: 1, RefProcThreadModel::Single, marks_oops_alive: false
[402.377s][debug][gc,ref         ] GC(43) Skipped phase 3 of Reference Processing: no references
[402.377s][debug][gc,ref         ] GC(43) ReferenceProcessor::execute queues: 1, RefProcThreadModel::Single, marks_oops_alive: false
[402.377s][debug][gc,phases      ] GC(43) Reference Processing 0.089ms
[402.377s][debug][gc,phases      ] GC(43)   VM Weak                        Min:  0.0, Avg:  0.0, Max:  0.0, Diff:  0.0, Sum:  0.0, Workers: 4
[402.377s][debug][gc,phases      ] GC(43)     Dead                           Min: 0, Avg:  0.0, Max: 0, Diff: 0, Sum: 0, Workers: 4
[402.377s][debug][gc,phases      ] GC(43)     Total                          Min: 0, Avg: 166.5, Max: 448, Diff: 448, Sum: 666, Workers: 4
[402.377s][debug][gc,phases      ] GC(43)   ObjectSynchronizer Weak        Min:  0.0, Avg:  0.0, Max:  0.0, Diff:  0.0, Sum:  0.0, Workers: 4
[402.377s][debug][gc,phases      ] GC(43)     Dead                           Min: 0, Avg:  0.0, Max: 0, Diff: 0, Sum: 0, Workers: 4
[402.377s][debug][gc,phases      ] GC(43)     Total                          Min: 0, Avg: 12.0, Max: 48, Diff: 48, Sum: 48, Workers: 4
[402.377s][debug][gc,phases      ] GC(43)   JVMTI Tag Weak OopStorage      Min:  0.0, Avg:  0.0, Max:  0.0, Diff:  0.0, Sum:  0.0, Workers: 4
[402.377s][debug][gc,phases      ] GC(43)     Dead                           Min: 0, Avg:  0.0, Max: 0, Diff: 0, Sum: 0, Workers: 4
[402.377s][debug][gc,phases      ] GC(43)     Total                          Min: 0, Avg:  0.0, Max: 0, Diff: 0, Sum: 0, Workers: 4
[402.377s][debug][gc,phases      ] GC(43)   StringTable Weak               Min:  0.1, Avg:  0.1, Max:  0.1, Diff:  0.0, Sum:  0.4, Workers: 4
[402.377s][debug][gc,phases      ] GC(43)     Dead                           Min: 0, Avg:  0.0, Max: 0, Diff: 0, Sum: 0, Workers: 4
[402.377s][debug][gc,phases      ] GC(43)     Total                          Min: 9216, Avg: 10673.8, Max: 12167, Diff: 2951, Sum: 42695, Workers: 4
[402.377s][debug][gc,phases      ] GC(43)   ResolvedMethodTable Weak       Min:  0.0, Avg:  0.0, Max:  0.0, Diff:  0.0, Sum:  0.1, Workers: 4
[402.377s][debug][gc,phases      ] GC(43)     Dead                           Min: 0, Avg:  0.0, Max: 0, Diff: 0, Sum: 0, Workers: 4
[402.377s][debug][gc,phases      ] GC(43)     Total                          Min: 1984, Avg: 2071.5, Max: 2176, Diff: 192, Sum: 8286, Workers: 4
[402.377s][debug][gc,phases      ] GC(43)   JNI Weak                       Min:  0.0, Avg:  0.0, Max:  0.0, Diff:  0.0, Sum:  0.0, Workers: 4
[402.377s][debug][gc,phases      ] GC(43)     Dead                           Min: 0, Avg:  0.0, Max: 0, Diff: 0, Sum: 0, Workers: 4
[402.377s][debug][gc,phases      ] GC(43)     Total                          Min: 0, Avg: 11.2, Max: 45, Diff: 45, Sum: 45, Workers: 4
[402.377s][debug][gc,phases      ] GC(43)   StringDedup Table Weak         Min:  0.0, Avg:  0.0, Max:  0.0, Diff:  0.0, Sum:  0.0, Workers: 4
[402.377s][debug][gc,phases      ] GC(43)     Dead                           Min: 0, Avg:  0.0, Max: 0, Diff: 0, Sum: 0, Workers: 4
[402.377s][debug][gc,phases      ] GC(43)     Total                          Min: 0, Avg:  0.0, Max: 0, Diff: 0, Sum: 0, Workers: 4
[402.377s][debug][gc,phases      ] GC(43)   StringDedup Requests0 Weak     Min:  0.0, Avg:  0.0, Max:  0.0, Diff:  0.0, Sum:  0.0, Workers: 4
[402.377s][debug][gc,phases      ] GC(43)     Dead                           Min: 0, Avg:  0.0, Max: 0, Diff: 0, Sum: 0, Workers: 4
[402.377s][debug][gc,phases      ] GC(43)     Total                          Min: 0, Avg:  0.0, Max: 0, Diff: 0, Sum: 0, Workers: 4
[402.377s][debug][gc,phases      ] GC(43)   StringDedup Requests1 Weak     Min:  0.0, Avg:  0.0, Max:  0.0, Diff:  0.0, Sum:  0.0, Workers: 4
[402.377s][debug][gc,phases      ] GC(43)     Dead                           Min: 0, Avg:  0.0, Max: 0, Diff: 0, Sum: 0, Workers: 4
[402.377s][debug][gc,phases      ] GC(43)     Total                          Min: 0, Avg:  0.0, Max: 0, Diff: 0, Sum: 0, Workers: 4
[402.377s][debug][gc,phases      ] GC(43)   Weak JFR Old Object Samples    Min:  0.0, Avg:  0.0, Max:  0.0, Diff:  0.0, Sum:  0.0, Workers: 4
[402.377s][debug][gc,phases      ] GC(43)     Dead                           Min: 0, Avg:  0.0, Max: 0, Diff: 0, Sum: 0, Workers: 4
[402.377s][debug][gc,phases      ] GC(43)     Total                          Min: 0, Avg:  0.0, Max: 0, Diff: 0, Sum: 0, Workers: 4
[402.377s][debug][gc,phases      ] GC(43) Weak Processing 0.279ms
[402.377s][debug][gc,age         ] GC(43) Desired survivor size 278396928 bytes, new threshold 15 (max threshold 15)
[402.377s][info ][gc,heap        ] GC(43) PSYoungGen: 1506848K(1808384K)->4944K(1790976K) Eden: 1502208K(1502208K)->0K(1502208K) From: 4640K(306176K)->4944K(288768K)
[402.377s][info ][gc,heap        ] GC(43) ParOldGen: 305644K(387072K)->305676K(387072K)
[402.377s][info ][gc,metaspace   ] GC(43) Metaspace: 77596K(78464K)->77596K(78464K) NonClass: 66481K(66944K)->66481K(66944K) Class: 11114K(11520K)->11114K(11520K)
[402.377s][info ][gc             ] GC(43) Pause Young (Allocation Failure) 1770M->303M(2127M) 4.461ms
[402.377s][info ][gc,cpu         ] GC(43) User=0.02s Sys=0.00s Real=0.00s
[402.377s][info ][safepoint      ] Safepoint "ParallelGCFailedAllocation", Time since last: 2845807631 ns, Reaching safepoint: 25100 ns, At safepoint: 4526106 ns, Total: 4551206 ns
[403.377s][info ][safepoint      ] Safepoint "Cleanup", Time since last: 1000091387 ns, Reaching safepoint: 49100 ns, At safepoint: 5000 ns, Total: 54100 ns
[405.378s][info ][safepoint      ] Safepoint "Cleanup", Time since last: 2000164472 ns, Reaching safepoint: 53500 ns, At safepoint: 11600 ns, Total: 65100 ns
[407.378s][info ][safepoint      ] Safepoint "Cleanup", Time since last: 2000150670 ns, Reaching safepoint: 51001 ns, At safepoint: 3400 ns, Total: 54401 ns
[408.378s][info ][safepoint      ] Safepoint "Cleanup", Time since last: 1000111184 ns, Reaching safepoint: 41801 ns, At safepoint: 2400 ns, Total: 44201 ns
[409.378s][info ][safepoint      ] Safepoint "Cleanup", Time since last: 1000098384 ns, Reaching safepoint: 67000 ns, At safepoint: 3800 ns, Total: 70800 ns
[410.378s][info ][safepoint      ] Safepoint "Cleanup", Time since last: 1000098685 ns, Reaching safepoint: 48700 ns, At safepoint: 3800 ns, Total: 52500 ns
[411.379s][info ][safepoint      ] Safepoint "Cleanup", Time since last: 1000090684 ns, Reaching safepoint: 35300 ns, At safepoint: 2500 ns, Total: 37800 ns
[412.379s][info ][safepoint      ] Safepoint "Cleanup", Time since last: 1000102284 ns, Reaching safepoint: 29700 ns, At safepoint: 2500 ns, Total: 32200 ns
[418.969s][info ][gc,start       ] GC(44) Pause Young (Allocation Failure)
[418.973s][debug][gc,phases      ] GC(44) Scavenge 3.983ms
[418.974s][debug][gc,ref         ] GC(44) Skipped phase 1 of Reference Processing: no references
[418.974s][debug][gc,ref         ] GC(44) ReferenceProcessor::execute queues: 1, RefProcThreadModel::Single, marks_oops_alive: false
[418.974s][debug][gc,ref         ] GC(44) Skipped phase 3 of Reference Processing: no references
[418.974s][debug][gc,ref         ] GC(44) ReferenceProcessor::execute queues: 1, RefProcThreadModel::Single, marks_oops_alive: false
[418.974s][debug][gc,phases      ] GC(44) Reference Processing 0.100ms
[418.974s][debug][gc,phases      ] GC(44)   VM Weak                        Min:  0.0, Avg:  0.0, Max:  0.0, Diff:  0.0, Sum:  0.0, Workers: 4
[418.974s][debug][gc,phases      ] GC(44)     Dead                           Min: 0, Avg:  0.0, Max: 0, Diff: 0, Sum: 0, Workers: 4
[418.974s][debug][gc,phases      ] GC(44)     Total                          Min: 0, Avg: 166.5, Max: 576, Diff: 576, Sum: 666, Workers: 4
[418.974s][debug][gc,phases      ] GC(44)   ObjectSynchronizer Weak        Min:  0.0, Avg:  0.0, Max:  0.0, Diff:  0.0, Sum:  0.0, Workers: 4
[418.974s][debug][gc,phases      ] GC(44)     Dead                           Min: 0, Avg:  0.0, Max: 0, Diff: 0, Sum: 0, Workers: 4
[418.974s][debug][gc,phases      ] GC(44)     Total                          Min: 0, Avg: 12.0, Max: 48, Diff: 48, Sum: 48, Workers: 4
[418.974s][debug][gc,phases      ] GC(44)   JVMTI Tag Weak OopStorage      Min:  0.0, Avg:  0.0, Max:  0.0, Diff:  0.0, Sum:  0.0, Workers: 4
[418.974s][debug][gc,phases      ] GC(44)     Dead                           Min: 0, Avg:  0.0, Max: 0, Diff: 0, Sum: 0, Workers: 4
[418.974s][debug][gc,phases      ] GC(44)     Total                          Min: 0, Avg:  0.0, Max: 0, Diff: 0, Sum: 0, Workers: 4
[418.974s][debug][gc,phases      ] GC(44)   StringTable Weak               Min:  0.1, Avg:  0.1, Max:  0.1, Diff:  0.0, Sum:  0.4, Workers: 4
[418.974s][debug][gc,phases      ] GC(44)     Dead                           Min: 0, Avg:  0.0, Max: 0, Diff: 0, Sum: 0, Workers: 4
[418.974s][debug][gc,phases      ] GC(44)     Total                          Min: 10368, Avg: 10674.0, Max: 10944, Diff: 576, Sum: 42696, Workers: 4
[418.974s][debug][gc,phases      ] GC(44)   ResolvedMethodTable Weak       Min:  0.0, Avg:  0.0, Max:  0.0, Diff:  0.0, Sum:  0.1, Workers: 4
[418.974s][debug][gc,phases      ] GC(44)     Dead                           Min: 0, Avg:  0.0, Max: 0, Diff: 0, Sum: 0, Workers: 4
[418.974s][debug][gc,phases      ] GC(44)     Total                          Min: 1984, Avg: 2071.8, Max: 2240, Diff: 256, Sum: 8287, Workers: 4
[418.974s][debug][gc,phases      ] GC(44)   JNI Weak                       Min:  0.0, Avg:  0.0, Max:  0.0, Diff:  0.0, Sum:  0.0, Workers: 4
[418.974s][debug][gc,phases      ] GC(44)     Dead                           Min: 0, Avg:  0.0, Max: 0, Diff: 0, Sum: 0, Workers: 4
[418.974s][debug][gc,phases      ] GC(44)     Total                          Min: 0, Avg: 11.2, Max: 45, Diff: 45, Sum: 45, Workers: 4
[418.974s][debug][gc,phases      ] GC(44)   StringDedup Table Weak         Min:  0.0, Avg:  0.0, Max:  0.0, Diff:  0.0, Sum:  0.0, Workers: 4
[418.974s][debug][gc,phases      ] GC(44)     Dead                           Min: 0, Avg:  0.0, Max: 0, Diff: 0, Sum: 0, Workers: 4
[418.974s][debug][gc,phases      ] GC(44)     Total                          Min: 0, Avg:  0.0, Max: 0, Diff: 0, Sum: 0, Workers: 4
[418.974s][debug][gc,phases      ] GC(44)   StringDedup Requests0 Weak     Min:  0.0, Avg:  0.0, Max:  0.0, Diff:  0.0, Sum:  0.0, Workers: 4
[418.974s][debug][gc,phases      ] GC(44)     Dead                           Min: 0, Avg:  0.0, Max: 0, Diff: 0, Sum: 0, Workers: 4
[418.974s][debug][gc,phases      ] GC(44)     Total                          Min: 0, Avg:  0.0, Max: 0, Diff: 0, Sum: 0, Workers: 4
[418.974s][debug][gc,phases      ] GC(44)   StringDedup Requests1 Weak     Min:  0.0, Avg:  0.0, Max:  0.0, Diff:  0.0, Sum:  0.0, Workers: 4
[418.974s][debug][gc,phases      ] GC(44)     Dead                           Min: 0, Avg:  0.0, Max: 0, Diff: 0, Sum: 0, Workers: 4
[418.974s][debug][gc,phases      ] GC(44)     Total                          Min: 0, Avg:  0.0, Max: 0, Diff: 0, Sum: 0, Workers: 4
[418.974s][debug][gc,phases      ] GC(44)   Weak JFR Old Object Samples    Min:  0.0, Avg:  0.0, Max:  0.0, Diff:  0.0, Sum:  0.0, Workers: 4
[418.974s][debug][gc,phases      ] GC(44)     Dead                           Min: 0, Avg:  0.0, Max: 0, Diff: 0, Sum: 0, Workers: 4
[418.974s][debug][gc,phases      ] GC(44)     Total                          Min: 0, Avg:  0.0, Max: 0, Diff: 0, Sum: 0, Workers: 4
[418.974s][debug][gc,phases      ] GC(44) Weak Processing 0.285ms
[418.974s][debug][gc,age         ] GC(44) Desired survivor size 261619712 bytes, new threshold 15 (max threshold 15)
[418.974s][info ][gc,heap        ] GC(44) PSYoungGen: 1507152K(1790976K)->4768K(1841664K) Eden: 1502208K(1502208K)->0K(1569792K) From: 4944K(288768K)->4768K(271872K)
[418.974s][info ][gc,heap        ] GC(44) ParOldGen: 305676K(387072K)->305700K(387072K)
[418.974s][info ][gc,metaspace   ] GC(44) Metaspace: 77608K(78464K)->77608K(78464K) NonClass: 66494K(66944K)->66494K(66944K) Class: 11114K(11520K)->11114K(11520K)
[418.974s][info ][gc             ] GC(44) Pause Young (Allocation Failure) 1770M->303M(2176M) 4.472ms
[418.974s][info ][gc,cpu         ] GC(44) User=0.01s Sys=0.00s Real=0.00s
[418.974s][info ][safepoint      ] Safepoint "ParallelGCFailedAllocation", Time since last: 6590701170 ns, Reaching safepoint: 51300 ns, At safepoint: 4557307 ns, Total: 4608607 ns
[419.974s][info ][safepoint      ] Safepoint "Cleanup", Time since last: 1000081482 ns, Reaching safepoint: 29700 ns, At safepoint: 2100 ns, Total: 31800 ns
[421.974s][info ][safepoint      ] Safepoint "Cleanup", Time since last: 2000163462 ns, Reaching safepoint: 43600 ns, At safepoint: 3700 ns, Total: 47300 ns
[422.974s][info ][safepoint      ] Safepoint "Cleanup", Time since last: 1000104181 ns, Reaching safepoint: 36400 ns, At safepoint: 3100 ns, Total: 39500 ns
[425.975s][info ][safepoint      ] Safepoint "Cleanup", Time since last: 3000184140 ns, Reaching safepoint: 85000 ns, At safepoint: 6900 ns, Total: 91900 ns
[427.975s][info ][safepoint      ] Safepoint "Cleanup", Time since last: 2000156559 ns, Reaching safepoint: 47300 ns, At safepoint: 2200 ns, Total: 49500 ns
[428.975s][info ][safepoint      ] Safepoint "Cleanup", Time since last: 1000107879 ns, Reaching safepoint: 43100 ns, At safepoint: 3300 ns, Total: 46400 ns
[429.975s][info ][safepoint      ] Safepoint "Cleanup", Time since last: 1000099879 ns, Reaching safepoint: 80200 ns, At safepoint: 48100 ns, Total: 128300 ns
[430.975s][info ][safepoint      ] Safepoint "Cleanup", Time since last: 1000104279 ns, Reaching safepoint: 40900 ns, At safepoint: 2800 ns, Total: 43700 ns
[432.976s][info ][safepoint      ] Safepoint "Cleanup", Time since last: 2000116556 ns, Reaching safepoint: 40000 ns, At safepoint: 20600 ns, Total: 60600 ns
[435.622s][info ][gc,start       ] GC(45) Pause Young (Allocation Failure)
[435.627s][debug][gc,phases      ] GC(45) Scavenge 5.433ms
[435.627s][debug][gc,ref         ] GC(45) Skipped phase 1 of Reference Processing: no references
[435.627s][debug][gc,ref         ] GC(45) ReferenceProcessor::execute queues: 1, RefProcThreadModel::Single, marks_oops_alive: false
[435.627s][debug][gc,ref         ] GC(45) Skipped phase 3 of Reference Processing: no references
[435.627s][debug][gc,ref         ] GC(45) ReferenceProcessor::execute queues: 1, RefProcThreadModel::Single, marks_oops_alive: false
[435.627s][debug][gc,phases      ] GC(45) Reference Processing 0.104ms
[435.628s][debug][gc,phases      ] GC(45)   VM Weak                        Min:  0.0, Avg:  0.0, Max:  0.0, Diff:  0.0, Sum:  0.0, Workers: 4
[435.628s][debug][gc,phases      ] GC(45)     Dead                           Min: 0, Avg:  0.0, Max: 0, Diff: 0, Sum: 0, Workers: 4
[435.628s][debug][gc,phases      ] GC(45)     Total                          Min: 0, Avg: 166.5, Max: 666, Diff: 666, Sum: 666, Workers: 4
[435.628s][debug][gc,phases      ] GC(45)   ObjectSynchronizer Weak        Min:  0.0, Avg:  0.0, Max:  0.0, Diff:  0.0, Sum:  0.0, Workers: 4
[435.628s][debug][gc,phases      ] GC(45)     Dead                           Min: 0, Avg:  0.0, Max: 0, Diff: 0, Sum: 0, Workers: 4
[435.628s][debug][gc,phases      ] GC(45)     Total                          Min: 0, Avg: 12.0, Max: 48, Diff: 48, Sum: 48, Workers: 4
[435.628s][debug][gc,phases      ] GC(45)   JVMTI Tag Weak OopStorage      Min:  0.0, Avg:  0.0, Max:  0.0, Diff:  0.0, Sum:  0.0, Workers: 4
[435.628s][debug][gc,phases      ] GC(45)     Dead                           Min: 0, Avg:  0.0, Max: 0, Diff: 0, Sum: 0, Workers: 4
[435.628s][debug][gc,phases      ] GC(45)     Total                          Min: 0, Avg:  0.0, Max: 0, Diff: 0, Sum: 0, Workers: 4
[435.628s][debug][gc,phases      ] GC(45)   StringTable Weak               Min:  0.0, Avg:  0.1, Max:  0.1, Diff:  0.1, Sum:  0.4, Workers: 4
[435.628s][debug][gc,phases      ] GC(45)     Dead                           Min: 0, Avg:  0.0, Max: 0, Diff: 0, Sum: 0, Workers: 4
[435.628s][debug][gc,phases      ] GC(45)     Total                          Min: 0, Avg: 10674.0, Max: 17544, Diff: 17544, Sum: 42696, Workers: 4
[435.628s][debug][gc,phases      ] GC(45)   ResolvedMethodTable Weak       Min:  0.0, Avg:  0.0, Max:  0.0, Diff:  0.0, Sum:  0.1, Workers: 4
[435.628s][debug][gc,phases      ] GC(45)     Dead                           Min: 0, Avg:  0.0, Max: 0, Diff: 0, Sum: 0, Workers: 4
[435.628s][debug][gc,phases      ] GC(45)     Total                          Min: 0, Avg: 2071.8, Max: 3648, Diff: 3648, Sum: 8287, Workers: 4
[435.628s][debug][gc,phases      ] GC(45)   JNI Weak                       Min:  0.0, Avg:  0.0, Max:  0.0, Diff:  0.0, Sum:  0.0, Workers: 4
[435.628s][debug][gc,phases      ] GC(45)     Dead                           Min: 0, Avg:  0.0, Max: 0, Diff: 0, Sum: 0, Workers: 4
[435.628s][debug][gc,phases      ] GC(45)     Total                          Min: 0, Avg: 11.2, Max: 45, Diff: 45, Sum: 45, Workers: 4
[435.628s][debug][gc,phases      ] GC(45)   StringDedup Table Weak         Min:  0.0, Avg:  0.0, Max:  0.0, Diff:  0.0, Sum:  0.0, Workers: 4
[435.628s][debug][gc,phases      ] GC(45)     Dead                           Min: 0, Avg:  0.0, Max: 0, Diff: 0, Sum: 0, Workers: 4
[435.628s][debug][gc,phases      ] GC(45)     Total                          Min: 0, Avg:  0.0, Max: 0, Diff: 0, Sum: 0, Workers: 4
[435.628s][debug][gc,phases      ] GC(45)   StringDedup Requests0 Weak     Min:  0.0, Avg:  0.0, Max:  0.0, Diff:  0.0, Sum:  0.0, Workers: 4
[435.628s][debug][gc,phases      ] GC(45)     Dead                           Min: 0, Avg:  0.0, Max: 0, Diff: 0, Sum: 0, Workers: 4
[435.628s][debug][gc,phases      ] GC(45)     Total                          Min: 0, Avg:  0.0, Max: 0, Diff: 0, Sum: 0, Workers: 4
[435.628s][debug][gc,phases      ] GC(45)   StringDedup Requests1 Weak     Min:  0.0, Avg:  0.0, Max:  0.0, Diff:  0.0, Sum:  0.0, Workers: 4
[435.628s][debug][gc,phases      ] GC(45)     Dead                           Min: 0, Avg:  0.0, Max: 0, Diff: 0, Sum: 0, Workers: 4
[435.628s][debug][gc,phases      ] GC(45)     Total                          Min: 0, Avg:  0.0, Max: 0, Diff: 0, Sum: 0, Workers: 4
[435.628s][debug][gc,phases      ] GC(45)   Weak JFR Old Object Samples    Min:  0.0, Avg:  0.0, Max:  0.0, Diff:  0.0, Sum:  0.0, Workers: 4
[435.628s][debug][gc,phases      ] GC(45)     Dead                           Min: 0, Avg:  0.0, Max: 0, Diff: 0, Sum: 0, Workers: 4
[435.628s][debug][gc,phases      ] GC(45)     Total                          Min: 0, Avg:  0.0, Max: 0, Diff: 0, Sum: 0, Workers: 4
[435.628s][debug][gc,phases      ] GC(45) Weak Processing 0.343ms
[435.628s][debug][gc,age         ] GC(45) Desired survivor size 245366784 bytes, new threshold 15 (max threshold 15)
[435.628s][info ][gc,heap        ] GC(45) PSYoungGen: 1574560K(1841664K)->4624K(1825280K) Eden: 1569792K(1569792K)->0K(1569792K) From: 4768K(271872K)->4624K(255488K)
[435.628s][info ][gc,heap        ] GC(45) ParOldGen: 305700K(387072K)->305860K(387072K)
[435.628s][info ][gc,metaspace   ] GC(45) Metaspace: 77609K(78464K)->77609K(78464K) NonClass: 66494K(66944K)->66494K(66944K) Class: 11114K(11520K)->11114K(11520K)
[435.628s][info ][gc             ] GC(45) Pause Young (Allocation Failure) 1836M->303M(2160M) 5.986ms
[435.628s][info ][gc,cpu         ] GC(45) User=0.02s Sys=0.00s Real=0.01s
[435.628s][info ][safepoint      ] Safepoint "ParallelGCFailedAllocation", Time since last: 2645982409 ns, Reaching safepoint: 104300 ns, At safepoint: 6060409 ns, Total: 6164709 ns
[436.628s][info ][safepoint      ] Safepoint "Cleanup", Time since last: 1000083477 ns, Reaching safepoint: 41200 ns, At safepoint: 3400 ns, Total: 44600 ns
[440.628s][info ][safepoint      ] Safepoint "Cleanup", Time since last: 4000252705 ns, Reaching safepoint: 36800 ns, At safepoint: 2700 ns, Total: 39500 ns
[449.629s][info ][safepoint      ] Safepoint "Cleanup", Time since last: 9000598569 ns, Reaching safepoint: 29500 ns, At safepoint: 2400 ns, Total: 31900 ns
[452.771s][info ][gc,start       ] GC(46) Pause Young (Allocation Failure)
[452.775s][debug][gc,phases      ] GC(46) Scavenge 3.998ms
[452.775s][debug][gc,ref         ] GC(46) Skipped phase 1 of Reference Processing: no references
[452.775s][debug][gc,ref         ] GC(46) ReferenceProcessor::execute queues: 1, RefProcThreadModel::Single, marks_oops_alive: false
[452.775s][debug][gc,ref         ] GC(46) Skipped phase 3 of Reference Processing: no references
[452.775s][debug][gc,ref         ] GC(46) ReferenceProcessor::execute queues: 1, RefProcThreadModel::Single, marks_oops_alive: false
[452.775s][debug][gc,phases      ] GC(46) Reference Processing 0.085ms
[452.775s][debug][gc,phases      ] GC(46)   VM Weak                        Min:  0.0, Avg:  0.0, Max:  0.0, Diff:  0.0, Sum:  0.0, Workers: 4
[452.775s][debug][gc,phases      ] GC(46)     Dead                           Min: 0, Avg:  0.0, Max: 0, Diff: 0, Sum: 0, Workers: 4
[452.775s][debug][gc,phases      ] GC(46)     Total                          Min: 0, Avg: 166.5, Max: 410, Diff: 410, Sum: 666, Workers: 4
[452.775s][debug][gc,phases      ] GC(46)   ObjectSynchronizer Weak        Min:  0.0, Avg:  0.0, Max:  0.0, Diff:  0.0, Sum:  0.0, Workers: 4
[452.775s][debug][gc,phases      ] GC(46)     Dead                           Min: 0, Avg:  0.0, Max: 0, Diff: 0, Sum: 0, Workers: 4
[452.775s][debug][gc,phases      ] GC(46)     Total                          Min: 0, Avg: 12.0, Max: 48, Diff: 48, Sum: 48, Workers: 4
[452.775s][debug][gc,phases      ] GC(46)   JVMTI Tag Weak OopStorage      Min:  0.0, Avg:  0.0, Max:  0.0, Diff:  0.0, Sum:  0.0, Workers: 4
[452.775s][debug][gc,phases      ] GC(46)     Dead                           Min: 0, Avg:  0.0, Max: 0, Diff: 0, Sum: 0, Workers: 4
[452.775s][debug][gc,phases      ] GC(46)     Total                          Min: 0, Avg:  0.0, Max: 0, Diff: 0, Sum: 0, Workers: 4
[452.775s][debug][gc,phases      ] GC(46)   StringTable Weak               Min:  0.0, Avg:  0.1, Max:  0.1, Diff:  0.1, Sum:  0.4, Workers: 4
[452.775s][debug][gc,phases      ] GC(46)     Dead                           Min: 0, Avg:  0.0, Max: 0, Diff: 0, Sum: 0, Workers: 4
[452.775s][debug][gc,phases      ] GC(46)     Total                          Min: 0, Avg: 10674.0, Max: 16576, Diff: 16576, Sum: 42696, Workers: 4
[452.775s][debug][gc,phases      ] GC(46)   ResolvedMethodTable Weak       Min:  0.0, Avg:  0.0, Max:  0.0, Diff:  0.0, Sum:  0.1, Workers: 4
[452.775s][debug][gc,phases      ] GC(46)     Dead                           Min: 0, Avg:  0.0, Max: 0, Diff: 0, Sum: 0, Workers: 4
[452.775s][debug][gc,phases      ] GC(46)     Total                          Min: 0, Avg: 2071.8, Max: 3615, Diff: 3615, Sum: 8287, Workers: 4
[452.775s][debug][gc,phases      ] GC(46)   JNI Weak                       Min:  0.0, Avg:  0.0, Max:  0.0, Diff:  0.0, Sum:  0.0, Workers: 4
[452.775s][debug][gc,phases      ] GC(46)     Dead                           Min: 0, Avg:  0.0, Max: 0, Diff: 0, Sum: 0, Workers: 4
[452.775s][debug][gc,phases      ] GC(46)     Total                          Min: 0, Avg: 11.2, Max: 45, Diff: 45, Sum: 45, Workers: 4
[452.775s][debug][gc,phases      ] GC(46)   StringDedup Table Weak         Min:  0.0, Avg:  0.0, Max:  0.0, Diff:  0.0, Sum:  0.0, Workers: 4
[452.775s][debug][gc,phases      ] GC(46)     Dead                           Min: 0, Avg:  0.0, Max: 0, Diff: 0, Sum: 0, Workers: 4
[452.775s][debug][gc,phases      ] GC(46)     Total                          Min: 0, Avg:  0.0, Max: 0, Diff: 0, Sum: 0, Workers: 4
[452.775s][debug][gc,phases      ] GC(46)   StringDedup Requests0 Weak     Min:  0.0, Avg:  0.0, Max:  0.0, Diff:  0.0, Sum:  0.0, Workers: 4
[452.775s][debug][gc,phases      ] GC(46)     Dead                           Min: 0, Avg:  0.0, Max: 0, Diff: 0, Sum: 0, Workers: 4
[452.775s][debug][gc,phases      ] GC(46)     Total                          Min: 0, Avg:  0.0, Max: 0, Diff: 0, Sum: 0, Workers: 4
[452.775s][debug][gc,phases      ] GC(46)   StringDedup Requests1 Weak     Min:  0.0, Avg:  0.0, Max:  0.0, Diff:  0.0, Sum:  0.0, Workers: 4
[452.775s][debug][gc,phases      ] GC(46)     Dead                           Min: 0, Avg:  0.0, Max: 0, Diff: 0, Sum: 0, Workers: 4
[452.775s][debug][gc,phases      ] GC(46)     Total                          Min: 0, Avg:  0.0, Max: 0, Diff: 0, Sum: 0, Workers: 4
[452.775s][debug][gc,phases      ] GC(46)   Weak JFR Old Object Samples    Min:  0.0, Avg:  0.0, Max:  0.0, Diff:  0.0, Sum:  0.0, Workers: 4
[452.775s][debug][gc,phases      ] GC(46)     Dead                           Min: 0, Avg:  0.0, Max: 0, Diff: 0, Sum: 0, Workers: 4
[452.776s][debug][gc,phases      ] GC(46)     Total                          Min: 0, Avg:  0.0, Max: 0, Diff: 0, Sum: 0, Workers: 4
[452.776s][debug][gc,phases      ] GC(46) Weak Processing 0.300ms
[452.776s][debug][gc,age         ] GC(46) Desired survivor size 229638144 bytes, new threshold 15 (max threshold 15)
[452.776s][info ][gc,heap        ] GC(46) PSYoungGen: 1574416K(1825280K)->4624K(1872896K) Eden: 1569792K(1569792K)->0K(1633280K) From: 4624K(255488K)->4624K(239616K)
[452.776s][info ][gc,heap        ] GC(46) ParOldGen: 305860K(387072K)->305876K(387072K)
[452.776s][info ][gc,metaspace   ] GC(46) Metaspace: 77613K(78464K)->77613K(78464K) NonClass: 66498K(66944K)->66498K(66944K) Class: 11114K(11520K)->11114K(11520K)
[452.776s][info ][gc             ] GC(46) Pause Young (Allocation Failure) 1836M->303M(2207M) 4.470ms
[452.776s][info ][gc,cpu         ] GC(46) User=0.02s Sys=0.00s Real=0.00s
[452.776s][info ][safepoint      ] Safepoint "ParallelGCFailedAllocation", Time since last: 3142177628 ns, Reaching safepoint: 24500 ns, At safepoint: 4530707 ns, Total: 4555207 ns
[455.776s][info ][safepoint      ] Safepoint "Cleanup", Time since last: 3000210015 ns, Reaching safepoint: 45500 ns, At safepoint: 3201 ns, Total: 48701 ns
[456.776s][info ][safepoint      ] Safepoint "Cleanup", Time since last: 1000104471 ns, Reaching safepoint: 33200 ns, At safepoint: 2700 ns, Total: 35900 ns
[459.776s][info ][safepoint      ] Safepoint "Cleanup", Time since last: 3000230213 ns, Reaching safepoint: 26200 ns, At safepoint: 3100 ns, Total: 29300 ns
[460.776s][info ][safepoint      ] Safepoint "Cleanup", Time since last: 1000110670 ns, Reaching safepoint: 43400 ns, At safepoint: 8900 ns, Total: 52300 ns
[469.777s][info ][safepoint      ] Safepoint "Cleanup", Time since last: 9000545522 ns, Reaching safepoint: 43100 ns, At safepoint: 3300 ns, Total: 46400 ns
[470.777s][info ][safepoint      ] Safepoint "Cleanup", Time since last: 1000109468 ns, Reaching safepoint: 37400 ns, At safepoint: 2100 ns, Total: 39500 ns
[470.820s][info ][gc,start       ] GC(47) Pause Young (Allocation Failure)
[470.824s][debug][gc,phases      ] GC(47) Scavenge 3.997ms
[470.824s][debug][gc,ref         ] GC(47) Skipped phase 1 of Reference Processing: no references
[470.824s][debug][gc,ref         ] GC(47) ReferenceProcessor::execute queues: 1, RefProcThreadModel::Single, marks_oops_alive: false
[470.824s][debug][gc,ref         ] GC(47) Skipped phase 3 of Reference Processing: no references
[470.824s][debug][gc,ref         ] GC(47) ReferenceProcessor::execute queues: 1, RefProcThreadModel::Single, marks_oops_alive: false
[470.824s][debug][gc,phases      ] GC(47) Reference Processing 0.087ms
[470.824s][debug][gc,phases      ] GC(47)   VM Weak                        Min:  0.0, Avg:  0.0, Max:  0.0, Diff:  0.0, Sum:  0.0, Workers: 4
[470.824s][debug][gc,phases      ] GC(47)     Dead                           Min: 0, Avg:  0.0, Max: 0, Diff: 0, Sum: 0, Workers: 4
[470.824s][debug][gc,phases      ] GC(47)     Total                          Min: 0, Avg: 166.5, Max: 538, Diff: 538, Sum: 666, Workers: 4
[470.824s][debug][gc,phases      ] GC(47)   ObjectSynchronizer Weak        Min:  0.0, Avg:  0.0, Max:  0.0, Diff:  0.0, Sum:  0.0, Workers: 4
[470.824s][debug][gc,phases      ] GC(47)     Dead                           Min: 0, Avg:  0.0, Max: 0, Diff: 0, Sum: 0, Workers: 4
[470.824s][debug][gc,phases      ] GC(47)     Total                          Min: 0, Avg: 12.0, Max: 48, Diff: 48, Sum: 48, Workers: 4
[470.824s][debug][gc,phases      ] GC(47)   JVMTI Tag Weak OopStorage      Min:  0.0, Avg:  0.0, Max:  0.0, Diff:  0.0, Sum:  0.0, Workers: 4
[470.824s][debug][gc,phases      ] GC(47)     Dead                           Min: 0, Avg:  0.0, Max: 0, Diff: 0, Sum: 0, Workers: 4
[470.824s][debug][gc,phases      ] GC(47)     Total                          Min: 0, Avg:  0.0, Max: 0, Diff: 0, Sum: 0, Workers: 4
[470.824s][debug][gc,phases      ] GC(47)   StringTable Weak               Min:  0.0, Avg:  0.1, Max:  0.1, Diff:  0.1, Sum:  0.3, Workers: 4
[470.824s][debug][gc,phases      ] GC(47)     Dead                           Min: 0, Avg:  0.0, Max: 0, Diff: 0, Sum: 0, Workers: 4
[470.824s][debug][gc,phases      ] GC(47)     Total                          Min: 0, Avg: 10674.0, Max: 18760, Diff: 18760, Sum: 42696, Workers: 4
[470.824s][debug][gc,phases      ] GC(47)   ResolvedMethodTable Weak       Min:  0.0, Avg:  0.0, Max:  0.0, Diff:  0.0, Sum:  0.1, Workers: 4
[470.824s][debug][gc,phases      ] GC(47)     Dead                           Min: 0, Avg:  0.0, Max: 0, Diff: 0, Sum: 0, Workers: 4
[470.824s][debug][gc,phases      ] GC(47)     Total                          Min: 0, Avg: 2071.8, Max: 3648, Diff: 3648, Sum: 8287, Workers: 4
[470.824s][debug][gc,phases      ] GC(47)   JNI Weak                       Min:  0.0, Avg:  0.0, Max:  0.0, Diff:  0.0, Sum:  0.0, Workers: 4
[470.824s][debug][gc,phases      ] GC(47)     Dead                           Min: 0, Avg:  0.0, Max: 0, Diff: 0, Sum: 0, Workers: 4
[470.824s][debug][gc,phases      ] GC(47)     Total                          Min: 0, Avg: 11.2, Max: 45, Diff: 45, Sum: 45, Workers: 4
[470.824s][debug][gc,phases      ] GC(47)   StringDedup Table Weak         Min:  0.0, Avg:  0.0, Max:  0.0, Diff:  0.0, Sum:  0.0, Workers: 4
[470.824s][debug][gc,phases      ] GC(47)     Dead                           Min: 0, Avg:  0.0, Max: 0, Diff: 0, Sum: 0, Workers: 4
[470.824s][debug][gc,phases      ] GC(47)     Total                          Min: 0, Avg:  0.0, Max: 0, Diff: 0, Sum: 0, Workers: 4
[470.824s][debug][gc,phases      ] GC(47)   StringDedup Requests0 Weak     Min:  0.0, Avg:  0.0, Max:  0.0, Diff:  0.0, Sum:  0.0, Workers: 4
[470.824s][debug][gc,phases      ] GC(47)     Dead                           Min: 0, Avg:  0.0, Max: 0, Diff: 0, Sum: 0, Workers: 4
[470.824s][debug][gc,phases      ] GC(47)     Total                          Min: 0, Avg:  0.0, Max: 0, Diff: 0, Sum: 0, Workers: 4
[470.824s][debug][gc,phases      ] GC(47)   StringDedup Requests1 Weak     Min:  0.0, Avg:  0.0, Max:  0.0, Diff:  0.0, Sum:  0.0, Workers: 4
[470.824s][debug][gc,phases      ] GC(47)     Dead                           Min: 0, Avg:  0.0, Max: 0, Diff: 0, Sum: 0, Workers: 4
[470.824s][debug][gc,phases      ] GC(47)     Total                          Min: 0, Avg:  0.0, Max: 0, Diff: 0, Sum: 0, Workers: 4
[470.824s][debug][gc,phases      ] GC(47)   Weak JFR Old Object Samples    Min:  0.0, Avg:  0.0, Max:  0.0, Diff:  0.0, Sum:  0.0, Workers: 4
[470.824s][debug][gc,phases      ] GC(47)     Dead                           Min: 0, Avg:  0.0, Max: 0, Diff: 0, Sum: 0, Workers: 4
[470.824s][debug][gc,phases      ] GC(47)     Total                          Min: 0, Avg:  0.0, Max: 0, Diff: 0, Sum: 0, Workers: 4
[470.824s][debug][gc,phases      ] GC(47) Weak Processing 0.352ms
[470.824s][debug][gc,age         ] GC(47) Desired survivor size 214958080 bytes, new threshold 15 (max threshold 15)
[470.824s][info ][gc,heap        ] GC(47) PSYoungGen: 1637904K(1872896K)->4624K(1857536K) Eden: 1633280K(1633280K)->0K(1633280K) From: 4624K(239616K)->4624K(224256K)
[470.824s][info ][gc,heap        ] GC(47) ParOldGen: 305876K(387072K)->305908K(387072K)
[470.824s][info ][gc,metaspace   ] GC(47) Metaspace: 77619K(78528K)->77619K(78528K) NonClass: 66504K(67008K)->66504K(67008K) Class: 11114K(11520K)->11114K(11520K)
[470.824s][info ][gc             ] GC(47) Pause Young (Allocation Failure) 1898M->303M(2192M) 4.522ms
[470.824s][info ][gc,cpu         ] GC(47) User=0.02s Sys=0.00s Real=0.00s
[470.825s][info ][safepoint      ] Safepoint "ParallelGCFailedAllocation", Time since last: 42706062 ns, Reaching safepoint: 97401 ns, At safepoint: 4590506 ns, Total: 4687907 ns
[489.017s][info ][gc,start       ] GC(48) Pause Young (Allocation Failure)
[489.021s][debug][gc,phases      ] GC(48) Scavenge 4.164ms
[489.021s][debug][gc,ref         ] GC(48) Skipped phase 1 of Reference Processing: no references
[489.021s][debug][gc,ref         ] GC(48) ReferenceProcessor::execute queues: 1, RefProcThreadModel::Single, marks_oops_alive: false
[489.021s][debug][gc,ref         ] GC(48) Skipped phase 3 of Reference Processing: no references
[489.021s][debug][gc,ref         ] GC(48) ReferenceProcessor::execute queues: 1, RefProcThreadModel::Single, marks_oops_alive: false
[489.022s][debug][gc,phases      ] GC(48) Reference Processing 0.124ms
[489.022s][debug][gc,phases      ] GC(48)   VM Weak                        Min:  0.0, Avg:  0.0, Max:  0.0, Diff:  0.0, Sum:  0.0, Workers: 4
[489.022s][debug][gc,phases      ] GC(48)     Dead                           Min: 0, Avg:  0.0, Max: 0, Diff: 0, Sum: 0, Workers: 4
[489.022s][debug][gc,phases      ] GC(48)     Total                          Min: 0, Avg: 166.5, Max: 384, Diff: 384, Sum: 666, Workers: 4
[489.022s][debug][gc,phases      ] GC(48)   ObjectSynchronizer Weak        Min:  0.0, Avg:  0.0, Max:  0.0, Diff:  0.0, Sum:  0.0, Workers: 4
[489.022s][debug][gc,phases      ] GC(48)     Dead                           Min: 0, Avg:  0.0, Max: 0, Diff: 0, Sum: 0, Workers: 4
[489.022s][debug][gc,phases      ] GC(48)     Total                          Min: 0, Avg: 12.0, Max: 48, Diff: 48, Sum: 48, Workers: 4
[489.022s][debug][gc,phases      ] GC(48)   JVMTI Tag Weak OopStorage      Min:  0.0, Avg:  0.0, Max:  0.0, Diff:  0.0, Sum:  0.0, Workers: 4
[489.022s][debug][gc,phases      ] GC(48)     Dead                           Min: 0, Avg:  0.0, Max: 0, Diff: 0, Sum: 0, Workers: 4
[489.022s][debug][gc,phases      ] GC(48)     Total                          Min: 0, Avg:  0.0, Max: 0, Diff: 0, Sum: 0, Workers: 4
[489.022s][debug][gc,phases      ] GC(48)   StringTable Weak               Min:  0.0, Avg:  0.1, Max:  0.1, Diff:  0.1, Sum:  0.4, Workers: 4
[489.022s][debug][gc,phases      ] GC(48)     Dead                           Min: 0, Avg:  0.0, Max: 0, Diff: 0, Sum: 0, Workers: 4
[489.022s][debug][gc,phases      ] GC(48)     Total                          Min: 0, Avg: 10674.0, Max: 17992, Diff: 17992, Sum: 42696, Workers: 4
[489.022s][debug][gc,phases      ] GC(48)   ResolvedMethodTable Weak       Min:  0.0, Avg:  0.0, Max:  0.0, Diff:  0.0, Sum:  0.1, Workers: 4
[489.022s][debug][gc,phases      ] GC(48)     Dead                           Min: 0, Avg:  0.0, Max: 0, Diff: 0, Sum: 0, Workers: 4
[489.022s][debug][gc,phases      ] GC(48)     Total                          Min: 0, Avg: 2071.8, Max: 3615, Diff: 3615, Sum: 8287, Workers: 4
[489.022s][debug][gc,phases      ] GC(48)   JNI Weak                       Min:  0.0, Avg:  0.0, Max:  0.0, Diff:  0.0, Sum:  0.0, Workers: 4
[489.022s][debug][gc,phases      ] GC(48)     Dead                           Min: 0, Avg:  0.0, Max: 0, Diff: 0, Sum: 0, Workers: 4
[489.022s][debug][gc,phases      ] GC(48)     Total                          Min: 0, Avg: 11.2, Max: 45, Diff: 45, Sum: 45, Workers: 4
[489.022s][debug][gc,phases      ] GC(48)   StringDedup Table Weak         Min:  0.0, Avg:  0.0, Max:  0.0, Diff:  0.0, Sum:  0.0, Workers: 4
[489.022s][debug][gc,phases      ] GC(48)     Dead                           Min: 0, Avg:  0.0, Max: 0, Diff: 0, Sum: 0, Workers: 4
[489.022s][debug][gc,phases      ] GC(48)     Total                          Min: 0, Avg:  0.0, Max: 0, Diff: 0, Sum: 0, Workers: 4
[489.022s][debug][gc,phases      ] GC(48)   StringDedup Requests0 Weak     Min:  0.0, Avg:  0.0, Max:  0.0, Diff:  0.0, Sum:  0.0, Workers: 4
[489.022s][debug][gc,phases      ] GC(48)     Dead                           Min: 0, Avg:  0.0, Max: 0, Diff: 0, Sum: 0, Workers: 4
[489.022s][debug][gc,phases      ] GC(48)     Total                          Min: 0, Avg:  0.0, Max: 0, Diff: 0, Sum: 0, Workers: 4
[489.022s][debug][gc,phases      ] GC(48)   StringDedup Requests1 Weak     Min:  0.0, Avg:  0.0, Max:  0.0, Diff:  0.0, Sum:  0.0, Workers: 4
[489.022s][debug][gc,phases      ] GC(48)     Dead                           Min: 0, Avg:  0.0, Max: 0, Diff: 0, Sum: 0, Workers: 4
[489.022s][debug][gc,phases      ] GC(48)     Total                          Min: 0, Avg:  0.0, Max: 0, Diff: 0, Sum: 0, Workers: 4
[489.022s][debug][gc,phases      ] GC(48)   Weak JFR Old Object Samples    Min:  0.0, Avg:  0.0, Max:  0.0, Diff:  0.0, Sum:  0.0, Workers: 4
[489.022s][debug][gc,phases      ] GC(48)     Dead                           Min: 0, Avg:  0.0, Max: 0, Diff: 0, Sum: 0, Workers: 4
[489.022s][debug][gc,phases      ] GC(48)     Total                          Min: 0, Avg:  0.0, Max: 0, Diff: 0, Sum: 0, Workers: 4
[489.022s][debug][gc,phases      ] GC(48) Weak Processing 0.352ms
[489.022s][debug][gc,age         ] GC(48) Desired survivor size 200802304 bytes, new threshold 15 (max threshold 15)
[489.022s][info ][gc,heap        ] GC(48) PSYoungGen: 1637904K(1857536K)->4512K(1901056K) Eden: 1633280K(1633280K)->0K(1691136K) From: 4624K(224256K)->4512K(209920K)
[489.022s][info ][gc,heap        ] GC(48) ParOldGen: 305908K(387072K)->306004K(387072K)
[489.022s][info ][gc,metaspace   ] GC(48) Metaspace: 77619K(78528K)->77619K(78528K) NonClass: 66504K(67008K)->66504K(67008K) Class: 11114K(11520K)->11114K(11520K)
[489.022s][info ][gc             ] GC(48) Pause Young (Allocation Failure) 1898M->303M(2234M) 4.740ms
[489.022s][info ][gc,cpu         ] GC(48) User=0.01s Sys=0.00s Real=0.01s
[489.022s][info ][safepoint      ] Safepoint "ParallelGCFailedAllocation", Time since last: 18192567056 ns, Reaching safepoint: 30600 ns, At safepoint: 4802407 ns, Total: 4833007 ns
[491.022s][info ][safepoint      ] Safepoint "Cleanup", Time since last: 2000116526 ns, Reaching safepoint: 102600 ns, At safepoint: 8600 ns, Total: 111200 ns
[495.023s][info ][safepoint      ] Safepoint "Cleanup", Time since last: 4000311148 ns, Reaching safepoint: 118400 ns, At safepoint: 16900 ns, Total: 135300 ns
[500.023s][info ][safepoint      ] Safepoint "Cleanup", Time since last: 5000323605 ns, Reaching safepoint: 56500 ns, At safepoint: 2400 ns, Total: 58900 ns
[501.023s][info ][safepoint      ] Safepoint "Cleanup", Time since last: 1000104360 ns, Reaching safepoint: 51200 ns, At safepoint: 7300 ns, Total: 58500 ns
[502.023s][info ][safepoint      ] Safepoint "Cleanup", Time since last: 1000119260 ns, Reaching safepoint: 92901 ns, At safepoint: 6800 ns, Total: 99701 ns
[503.727s][info ][safepoint      ] Safepoint "Cleanup", Time since last: 1703723386 ns, Reaching safepoint: 158400 ns, At safepoint: 7700 ns, Total: 166100 ns
[504.727s][info ][safepoint      ] Safepoint "Cleanup", Time since last: 1000103060 ns, Reaching safepoint: 80400 ns, At safepoint: 9400 ns, Total: 89800 ns
[505.174s][info ][gc,start       ] GC(49) Pause Young (Allocation Failure)
[505.183s][debug][gc,phases      ] GC(49) Scavenge 9.066ms
[505.183s][debug][gc,ref         ] GC(49) Skipped phase 1 of Reference Processing: no references
[505.183s][debug][gc,ref         ] GC(49) ReferenceProcessor::execute queues: 1, RefProcThreadModel::Single, marks_oops_alive: false
[505.183s][debug][gc,ref         ] GC(49) Skipped phase 3 of Reference Processing: no references
[505.183s][debug][gc,ref         ] GC(49) ReferenceProcessor::execute queues: 1, RefProcThreadModel::Single, marks_oops_alive: false
[505.183s][debug][gc,phases      ] GC(49) Reference Processing 0.115ms
[505.183s][debug][gc,phases      ] GC(49)   VM Weak                        Min:  0.0, Avg:  0.0, Max:  0.0, Diff:  0.0, Sum:  0.0, Workers: 4
[505.183s][debug][gc,phases      ] GC(49)     Dead                           Min: 0, Avg:  0.0, Max: 0, Diff: 0, Sum: 0, Workers: 4
[505.183s][debug][gc,phases      ] GC(49)     Total                          Min: 0, Avg: 176.0, Max: 512, Diff: 512, Sum: 704, Workers: 4
[505.183s][debug][gc,phases      ] GC(49)   ObjectSynchronizer Weak        Min:  0.0, Avg:  0.0, Max:  0.0, Diff:  0.0, Sum:  0.0, Workers: 4
[505.183s][debug][gc,phases      ] GC(49)     Dead                           Min: 0, Avg:  0.0, Max: 0, Diff: 0, Sum: 0, Workers: 4
[505.183s][debug][gc,phases      ] GC(49)     Total                          Min: 0, Avg: 12.0, Max: 48, Diff: 48, Sum: 48, Workers: 4
[505.183s][debug][gc,phases      ] GC(49)   JVMTI Tag Weak OopStorage      Min:  0.0, Avg:  0.0, Max:  0.0, Diff:  0.0, Sum:  0.0, Workers: 4
[505.183s][debug][gc,phases      ] GC(49)     Dead                           Min: 0, Avg:  0.0, Max: 0, Diff: 0, Sum: 0, Workers: 4
[505.183s][debug][gc,phases      ] GC(49)     Total                          Min: 0, Avg:  0.0, Max: 0, Diff: 0, Sum: 0, Workers: 4
[505.183s][debug][gc,phases      ] GC(49)   StringTable Weak               Min:  0.0, Avg:  0.1, Max:  0.1, Diff:  0.1, Sum:  0.4, Workers: 4
[505.183s][debug][gc,phases      ] GC(49)     Dead                           Min: 0, Avg:  1.0, Max: 2, Diff: 2, Sum: 4, Workers: 4
[505.183s][debug][gc,phases      ] GC(49)     Total                          Min: 0, Avg: 10714.8, Max: 14572, Diff: 14572, Sum: 42859, Workers: 4
[505.183s][debug][gc,phases      ] GC(49)   ResolvedMethodTable Weak       Min:  0.0, Avg:  0.0, Max:  0.0, Diff:  0.0, Sum:  0.1, Workers: 4
[505.183s][debug][gc,phases      ] GC(49)     Dead                           Min: 0, Avg:  5.0, Max: 20, Diff: 20, Sum: 20, Workers: 4
[505.183s][debug][gc,phases      ] GC(49)     Total                          Min: 0, Avg: 2126.2, Max: 3136, Diff: 3136, Sum: 8505, Workers: 4
[505.183s][debug][gc,phases      ] GC(49)   JNI Weak                       Min:  0.0, Avg:  0.0, Max:  0.0, Diff:  0.0, Sum:  0.0, Workers: 4
[505.183s][debug][gc,phases      ] GC(49)     Dead                           Min: 0, Avg:  0.0, Max: 0, Diff: 0, Sum: 0, Workers: 4
[505.183s][debug][gc,phases      ] GC(49)     Total                          Min: 0, Avg: 11.8, Max: 47, Diff: 47, Sum: 47, Workers: 4
[505.183s][debug][gc,phases      ] GC(49)   StringDedup Table Weak         Min:  0.0, Avg:  0.0, Max:  0.0, Diff:  0.0, Sum:  0.0, Workers: 4
[505.183s][debug][gc,phases      ] GC(49)     Dead                           Min: 0, Avg:  0.0, Max: 0, Diff: 0, Sum: 0, Workers: 4
[505.183s][debug][gc,phases      ] GC(49)     Total                          Min: 0, Avg:  0.0, Max: 0, Diff: 0, Sum: 0, Workers: 4
[505.183s][debug][gc,phases      ] GC(49)   StringDedup Requests0 Weak     Min:  0.0, Avg:  0.0, Max:  0.0, Diff:  0.0, Sum:  0.0, Workers: 4
[505.183s][debug][gc,phases      ] GC(49)     Dead                           Min: 0, Avg:  0.0, Max: 0, Diff: 0, Sum: 0, Workers: 4
[505.183s][debug][gc,phases      ] GC(49)     Total                          Min: 0, Avg:  0.0, Max: 0, Diff: 0, Sum: 0, Workers: 4
[505.183s][debug][gc,phases      ] GC(49)   StringDedup Requests1 Weak     Min:  0.0, Avg:  0.0, Max:  0.0, Diff:  0.0, Sum:  0.0, Workers: 4
[505.183s][debug][gc,phases      ] GC(49)     Dead                           Min: 0, Avg:  0.0, Max: 0, Diff: 0, Sum: 0, Workers: 4
[505.183s][debug][gc,phases      ] GC(49)     Total                          Min: 0, Avg:  0.0, Max: 0, Diff: 0, Sum: 0, Workers: 4
[505.183s][debug][gc,phases      ] GC(49)   Weak JFR Old Object Samples    Min:  0.0, Avg:  0.0, Max:  0.0, Diff:  0.0, Sum:  0.0, Workers: 4
[505.183s][debug][gc,phases      ] GC(49)     Dead                           Min: 0, Avg:  0.0, Max: 0, Diff: 0, Sum: 0, Workers: 4
[505.183s][debug][gc,phases      ] GC(49)     Total                          Min: 0, Avg:  0.0, Max: 0, Diff: 0, Sum: 0, Workers: 4
[505.183s][debug][gc,phases      ] GC(49) Weak Processing 0.312ms
[505.183s][debug][gc,age         ] GC(49) Desired survivor size 187170816 bytes, new threshold 15 (max threshold 15)
[505.183s][info ][gc,heap        ] GC(49) PSYoungGen: 1695648K(1901056K)->5680K(1887232K) Eden: 1691136K(1691136K)->0K(1691136K) From: 4512K(209920K)->5680K(196096K)
[505.183s][info ][gc,heap        ] GC(49) ParOldGen: 306004K(387072K)->306036K(387072K)
[505.183s][info ][gc,metaspace   ] GC(49) Metaspace: 78251K(79168K)->78251K(79168K) NonClass: 67013K(67520K)->67013K(67520K) Class: 11237K(11648K)->11237K(11648K)
[505.183s][info ][gc             ] GC(49) Pause Young (Allocation Failure) 1954M->304M(2221M) 9.600ms
[505.183s][info ][gc,cpu         ] GC(49) User=0.03s Sys=0.00s Real=0.01s
[505.183s][info ][safepoint      ] Safepoint "ParallelGCFailedAllocation", Time since last: 446023151 ns, Reaching safepoint: 163800 ns, At safepoint: 9676914 ns, Total: 9840714 ns
[506.184s][info ][safepoint      ] Safepoint "Cleanup", Time since last: 1000087559 ns, Reaching safepoint: 158300 ns, At safepoint: 2700 ns, Total: 161000 ns
[507.184s][info ][safepoint      ] Safepoint "Cleanup", Time since last: 1000107859 ns, Reaching safepoint: 100600 ns, At safepoint: 7800 ns, Total: 108400 ns
[508.184s][info ][safepoint      ] Safepoint "Cleanup", Time since last: 1000115959 ns, Reaching safepoint: 93500 ns, At safepoint: 5000 ns, Total: 98500 ns
[509.184s][info ][safepoint      ] Safepoint "Cleanup", Time since last: 1000114358 ns, Reaching safepoint: 86900 ns, At safepoint: 6500 ns, Total: 93400 ns
[510.184s][info ][safepoint      ] Safepoint "Cleanup", Time since last: 1000111358 ns, Reaching safepoint: 50400 ns, At safepoint: 2400 ns, Total: 52800 ns
[511.185s][info ][safepoint      ] Safepoint "Cleanup", Time since last: 1000107658 ns, Reaching safepoint: 52400 ns, At safepoint: 5600 ns, Total: 58000 ns
[512.185s][info ][safepoint      ] Safepoint "Cleanup", Time since last: 1000107958 ns, Reaching safepoint: 64300 ns, At safepoint: 4800 ns, Total: 69100 ns
[513.185s][info ][safepoint      ] Safepoint "Cleanup", Time since last: 1000124757 ns, Reaching safepoint: 94100 ns, At safepoint: 8400 ns, Total: 102500 ns
[514.185s][info ][safepoint      ] Safepoint "Cleanup", Time since last: 1000133858 ns, Reaching safepoint: 121800 ns, At safepoint: 7300 ns, Total: 129100 ns
[515.185s][info ][safepoint      ] Safepoint "Cleanup", Time since last: 1000118957 ns, Reaching safepoint: 92600 ns, At safepoint: 7500 ns, Total: 100100 ns
[515.273s][info ][gc,start       ] GC(50) Pause Young (Allocation Failure)
[515.290s][debug][gc,phases      ] GC(50) Scavenge 17.085ms
[515.290s][debug][gc,ref         ] GC(50) Skipped phase 1 of Reference Processing: no references
[515.290s][debug][gc,ref         ] GC(50) ReferenceProcessor::execute queues: 1, RefProcThreadModel::Single, marks_oops_alive: false
[515.290s][debug][gc,ref         ] GC(50) Skipped phase 3 of Reference Processing: no references
[515.290s][debug][gc,ref         ] GC(50) ReferenceProcessor::execute queues: 1, RefProcThreadModel::Single, marks_oops_alive: false
[515.290s][debug][gc,phases      ] GC(50) Reference Processing 0.124ms
[515.290s][debug][gc,phases      ] GC(50)   VM Weak                        Min:  0.0, Avg:  0.0, Max:  0.0, Diff:  0.0, Sum:  0.0, Workers: 4
[515.290s][debug][gc,phases      ] GC(50)     Dead                           Min: 0, Avg:  0.0, Max: 0, Diff: 0, Sum: 0, Workers: 4
[515.290s][debug][gc,phases      ] GC(50)     Total                          Min: 0, Avg: 176.0, Max: 384, Diff: 384, Sum: 704, Workers: 4
[515.290s][debug][gc,phases      ] GC(50)   ObjectSynchronizer Weak        Min:  0.0, Avg:  0.0, Max:  0.0, Diff:  0.0, Sum:  0.0, Workers: 4
[515.290s][debug][gc,phases      ] GC(50)     Dead                           Min: 0, Avg:  0.0, Max: 0, Diff: 0, Sum: 0, Workers: 4
[515.290s][debug][gc,phases      ] GC(50)     Total                          Min: 0, Avg: 12.0, Max: 48, Diff: 48, Sum: 48, Workers: 4
[515.290s][debug][gc,phases      ] GC(50)   JVMTI Tag Weak OopStorage      Min:  0.0, Avg:  0.0, Max:  0.0, Diff:  0.0, Sum:  0.0, Workers: 4
[515.290s][debug][gc,phases      ] GC(50)     Dead                           Min: 0, Avg:  0.0, Max: 0, Diff: 0, Sum: 0, Workers: 4
[515.290s][debug][gc,phases      ] GC(50)     Total                          Min: 0, Avg:  0.0, Max: 0, Diff: 0, Sum: 0, Workers: 4
[515.290s][debug][gc,phases      ] GC(50)   StringTable Weak               Min:  0.1, Avg:  0.1, Max:  0.1, Diff:  0.0, Sum:  0.5, Workers: 4
[515.290s][debug][gc,phases      ] GC(50)     Dead                           Min: 0, Avg:  0.5, Max: 2, Diff: 2, Sum: 2, Workers: 4
[515.290s][debug][gc,phases      ] GC(50)     Total                          Min: 9216, Avg: 10736.8, Max: 12608, Diff: 3392, Sum: 42947, Workers: 4
[515.290s][debug][gc,phases      ] GC(50)   ResolvedMethodTable Weak       Min:  0.0, Avg:  0.0, Max:  0.0, Diff:  0.0, Sum:  0.1, Workers: 4
[515.290s][debug][gc,phases      ] GC(50)     Dead                           Min: 0, Avg:  0.0, Max: 0, Diff: 0, Sum: 0, Workers: 4
[515.290s][debug][gc,phases      ] GC(50)     Total                          Min: 2048, Avg: 2130.5, Max: 2368, Diff: 320, Sum: 8522, Workers: 4
[515.290s][debug][gc,phases      ] GC(50)   JNI Weak                       Min:  0.0, Avg:  0.0, Max:  0.0, Diff:  0.0, Sum:  0.0, Workers: 4
[515.290s][debug][gc,phases      ] GC(50)     Dead                           Min: 0, Avg:  0.0, Max: 0, Diff: 0, Sum: 0, Workers: 4
[515.290s][debug][gc,phases      ] GC(50)     Total                          Min: 0, Avg: 11.2, Max: 45, Diff: 45, Sum: 45, Workers: 4
[515.290s][debug][gc,phases      ] GC(50)   StringDedup Table Weak         Min:  0.0, Avg:  0.0, Max:  0.0, Diff:  0.0, Sum:  0.0, Workers: 4
[515.290s][debug][gc,phases      ] GC(50)     Dead                           Min: 0, Avg:  0.0, Max: 0, Diff: 0, Sum: 0, Workers: 4
[515.290s][debug][gc,phases      ] GC(50)     Total                          Min: 0, Avg:  0.0, Max: 0, Diff: 0, Sum: 0, Workers: 4
[515.290s][debug][gc,phases      ] GC(50)   StringDedup Requests0 Weak     Min:  0.0, Avg:  0.0, Max:  0.0, Diff:  0.0, Sum:  0.0, Workers: 4
[515.290s][debug][gc,phases      ] GC(50)     Dead                           Min: 0, Avg:  0.0, Max: 0, Diff: 0, Sum: 0, Workers: 4
[515.290s][debug][gc,phases      ] GC(50)     Total                          Min: 0, Avg:  0.0, Max: 0, Diff: 0, Sum: 0, Workers: 4
[515.290s][debug][gc,phases      ] GC(50)   StringDedup Requests1 Weak     Min:  0.0, Avg:  0.0, Max:  0.0, Diff:  0.0, Sum:  0.0, Workers: 4
[515.290s][debug][gc,phases      ] GC(50)     Dead                           Min: 0, Avg:  0.0, Max: 0, Diff: 0, Sum: 0, Workers: 4
[515.290s][debug][gc,phases      ] GC(50)     Total                          Min: 0, Avg:  0.0, Max: 0, Diff: 0, Sum: 0, Workers: 4
[515.290s][debug][gc,phases      ] GC(50)   Weak JFR Old Object Samples    Min:  0.0, Avg:  0.0, Max:  0.0, Diff:  0.0, Sum:  0.0, Workers: 4
[515.290s][debug][gc,phases      ] GC(50)     Dead                           Min: 0, Avg:  0.0, Max: 0, Diff: 0, Sum: 0, Workers: 4
[515.290s][debug][gc,phases      ] GC(50)     Total                          Min: 0, Avg:  0.0, Max: 0, Diff: 0, Sum: 0, Workers: 4
[515.290s][debug][gc,phases      ] GC(50) Weak Processing 0.309ms
[515.290s][debug][gc,age         ] GC(50) Desired survivor size 171442176 bytes, new threshold 15 (max threshold 15)
[515.290s][info ][gc,heap        ] GC(50) PSYoungGen: 1696816K(1887232K)->24832K(1929728K) Eden: 1691136K(1691136K)->0K(1746944K) From: 5680K(196096K)->24832K(182784K)
[515.290s][info ][gc,heap        ] GC(50) ParOldGen: 306036K(387072K)->306060K(387072K)
[515.290s][info ][gc,metaspace   ] GC(50) Metaspace: 78453K(79360K)->78453K(79360K) NonClass: 67205K(67648K)->67205K(67648K) Class: 11248K(11712K)->11248K(11712K)
[515.290s][info ][gc             ] GC(50) Pause Young (Allocation Failure) 1955M->323M(2262M) 17.635ms
[515.290s][info ][gc,cpu         ] GC(50) User=0.04s Sys=0.01s Real=0.02s
[515.290s][info ][safepoint      ] Safepoint "ParallelGCFailedAllocation", Time since last: 86999726 ns, Reaching safepoint: 95701 ns, At safepoint: 17711325 ns, Total: 17807026 ns
[516.290s][info ][safepoint      ] Safepoint "Cleanup", Time since last: 1000090457 ns, Reaching safepoint: 85200 ns, At safepoint: 2800 ns, Total: 88000 ns
[517.291s][info ][safepoint      ] Safepoint "Cleanup", Time since last: 1000104756 ns, Reaching safepoint: 69301 ns, At safepoint: 8200 ns, Total: 77501 ns
[518.291s][info ][safepoint      ] Safepoint "Cleanup", Time since last: 1000102656 ns, Reaching safepoint: 71600 ns, At safepoint: 5900 ns, Total: 77500 ns
[519.291s][info ][safepoint      ] Safepoint "Cleanup", Time since last: 1000106156 ns, Reaching safepoint: 58800 ns, At safepoint: 2600 ns, Total: 61400 ns
[520.291s][info ][safepoint      ] Safepoint "Cleanup", Time since last: 1000103555 ns, Reaching safepoint: 48401 ns, At safepoint: 2500 ns, Total: 50901 ns
[524.291s][info ][safepoint      ] Safepoint "Cleanup", Time since last: 4000309020 ns, Reaching safepoint: 64900 ns, At safepoint: 5600 ns, Total: 70500 ns
[525.292s][info ][safepoint      ] Safepoint "Cleanup", Time since last: 1000090554 ns, Reaching safepoint: 48300 ns, At safepoint: 4600 ns, Total: 52900 ns
[528.292s][info ][safepoint      ] Safepoint "Cleanup", Time since last: 3000246362 ns, Reaching safepoint: 53500 ns, At safepoint: 3900 ns, Total: 57400 ns
[529.292s][info ][safepoint      ] Safepoint "Cleanup", Time since last: 1000113454 ns, Reaching safepoint: 53400 ns, At safepoint: 3200 ns, Total: 56600 ns
[530.119s][info ][gc,start       ] GC(51) Pause Young (Allocation Failure)
[530.139s][debug][gc,phases      ] GC(51) Scavenge 19.488ms
[530.139s][debug][gc,ref         ] GC(51) Skipped phase 1 of Reference Processing: no references
[530.139s][debug][gc,ref         ] GC(51) ReferenceProcessor::execute queues: 1, RefProcThreadModel::Single, marks_oops_alive: false
[530.139s][debug][gc,ref         ] GC(51) Skipped phase 3 of Reference Processing: no references
[530.139s][debug][gc,ref         ] GC(51) ReferenceProcessor::execute queues: 1, RefProcThreadModel::Single, marks_oops_alive: false
[530.139s][debug][gc,phases      ] GC(51) Reference Processing 0.116ms
[530.139s][debug][gc,phases      ] GC(51)   VM Weak                        Min:  0.0, Avg:  0.0, Max:  0.0, Diff:  0.0, Sum:  0.0, Workers: 4
[530.139s][debug][gc,phases      ] GC(51)     Dead                           Min: 0, Avg:  0.0, Max: 0, Diff: 0, Sum: 0, Workers: 4
[530.139s][debug][gc,phases      ] GC(51)     Total                          Min: 0, Avg: 176.0, Max: 640, Diff: 640, Sum: 704, Workers: 4
[530.139s][debug][gc,phases      ] GC(51)   ObjectSynchronizer Weak        Min:  0.0, Avg:  0.0, Max:  0.0, Diff:  0.0, Sum:  0.0, Workers: 4
[530.139s][debug][gc,phases      ] GC(51)     Dead                           Min: 0, Avg:  0.0, Max: 0, Diff: 0, Sum: 0, Workers: 4
[530.139s][debug][gc,phases      ] GC(51)     Total                          Min: 0, Avg: 12.0, Max: 48, Diff: 48, Sum: 48, Workers: 4
[530.139s][debug][gc,phases      ] GC(51)   JVMTI Tag Weak OopStorage      Min:  0.0, Avg:  0.0, Max:  0.0, Diff:  0.0, Sum:  0.0, Workers: 4
[530.139s][debug][gc,phases      ] GC(51)     Dead                           Min: 0, Avg:  0.0, Max: 0, Diff: 0, Sum: 0, Workers: 4
[530.139s][debug][gc,phases      ] GC(51)     Total                          Min: 0, Avg:  0.0, Max: 0, Diff: 0, Sum: 0, Workers: 4
[530.139s][debug][gc,phases      ] GC(51)   StringTable Weak               Min:  0.1, Avg:  0.1, Max:  0.1, Diff:  0.0, Sum:  0.4, Workers: 4
[530.139s][debug][gc,phases      ] GC(51)     Dead                           Min: 0, Avg:  0.0, Max: 0, Diff: 0, Sum: 0, Workers: 4
[530.139s][debug][gc,phases      ] GC(51)     Total                          Min: 9728, Avg: 10740.8, Max: 11456, Diff: 1728, Sum: 42963, Workers: 4
[530.139s][debug][gc,phases      ] GC(51)   ResolvedMethodTable Weak       Min:  0.0, Avg:  0.0, Max:  0.0, Diff:  0.0, Sum:  0.1, Workers: 4
[530.139s][debug][gc,phases      ] GC(51)     Dead                           Min: 0, Avg:  0.0, Max: 0, Diff: 0, Sum: 0, Workers: 4
[530.139s][debug][gc,phases      ] GC(51)     Total                          Min: 1856, Avg: 2131.5, Max: 2368, Diff: 512, Sum: 8526, Workers: 4
[530.139s][debug][gc,phases      ] GC(51)   JNI Weak                       Min:  0.0, Avg:  0.0, Max:  0.0, Diff:  0.0, Sum:  0.0, Workers: 4
[530.139s][debug][gc,phases      ] GC(51)     Dead                           Min: 0, Avg:  0.0, Max: 0, Diff: 0, Sum: 0, Workers: 4
[530.139s][debug][gc,phases      ] GC(51)     Total                          Min: 0, Avg: 11.2, Max: 45, Diff: 45, Sum: 45, Workers: 4
[530.139s][debug][gc,phases      ] GC(51)   StringDedup Table Weak         Min:  0.0, Avg:  0.0, Max:  0.0, Diff:  0.0, Sum:  0.0, Workers: 4
[530.139s][debug][gc,phases      ] GC(51)     Dead                           Min: 0, Avg:  0.0, Max: 0, Diff: 0, Sum: 0, Workers: 4
[530.139s][debug][gc,phases      ] GC(51)     Total                          Min: 0, Avg:  0.0, Max: 0, Diff: 0, Sum: 0, Workers: 4
[530.139s][debug][gc,phases      ] GC(51)   StringDedup Requests0 Weak     Min:  0.0, Avg:  0.0, Max:  0.0, Diff:  0.0, Sum:  0.0, Workers: 4
[530.139s][debug][gc,phases      ] GC(51)     Dead                           Min: 0, Avg:  0.0, Max: 0, Diff: 0, Sum: 0, Workers: 4
[530.139s][debug][gc,phases      ] GC(51)     Total                          Min: 0, Avg:  0.0, Max: 0, Diff: 0, Sum: 0, Workers: 4
[530.139s][debug][gc,phases      ] GC(51)   StringDedup Requests1 Weak     Min:  0.0, Avg:  0.0, Max:  0.0, Diff:  0.0, Sum:  0.0, Workers: 4
[530.139s][debug][gc,phases      ] GC(51)     Dead                           Min: 0, Avg:  0.0, Max: 0, Diff: 0, Sum: 0, Workers: 4
[530.139s][debug][gc,phases      ] GC(51)     Total                          Min: 0, Avg:  0.0, Max: 0, Diff: 0, Sum: 0, Workers: 4
[530.139s][debug][gc,phases      ] GC(51)   Weak JFR Old Object Samples    Min:  0.0, Avg:  0.0, Max:  0.0, Diff:  0.0, Sum:  0.0, Workers: 4
[530.139s][debug][gc,phases      ] GC(51)     Dead                           Min: 0, Avg:  0.0, Max: 0, Diff: 0, Sum: 0, Workers: 4
[530.139s][debug][gc,phases      ] GC(51)     Total                          Min: 0, Avg:  0.0, Max: 0, Diff: 0, Sum: 0, Workers: 4
[530.139s][debug][gc,phases      ] GC(51) Weak Processing 0.300ms
[530.139s][debug][gc,age         ] GC(51) Desired survivor size 163053568 bytes, new threshold 15 (max threshold 15)
[530.139s][info ][gc,heap        ] GC(51) PSYoungGen: 1771776K(1929728K)->41696K(1914368K) Eden: 1746944K(1746944K)->0K(1746944K) From: 24832K(182784K)->41696K(167424K)
[530.139s][info ][gc,heap        ] GC(51) ParOldGen: 306060K(387072K)->306084K(387072K)
[530.139s][info ][gc,metaspace   ] GC(51) Metaspace: 78572K(79488K)->78572K(79488K) NonClass: 67320K(67776K)->67320K(67776K) Class: 11251K(11712K)->11251K(11712K)
[530.139s][info ][gc             ] GC(51) Pause Young (Allocation Failure) 2029M->339M(2247M) 20.045ms
[530.139s][info ][gc,cpu         ] GC(51) User=0.06s Sys=0.00s Real=0.02s
[530.139s][info ][safepoint      ] Safepoint "ParallelGCFailedAllocation", Time since last: 827059302 ns, Reaching safepoint: 45200 ns, At safepoint: 20115029 ns, Total: 20160229 ns
[531.139s][info ][safepoint      ] Safepoint "Cleanup", Time since last: 1000094653 ns, Reaching safepoint: 56300 ns, At safepoint: 3000 ns, Total: 59300 ns
[532.140s][info ][safepoint      ] Safepoint "Cleanup", Time since last: 1000099853 ns, Reaching safepoint: 43400 ns, At safepoint: 5000 ns, Total: 48400 ns
[534.140s][info ][safepoint      ] Safepoint "Cleanup", Time since last: 2000173605 ns, Reaching safepoint: 32401 ns, At safepoint: 2300 ns, Total: 34701 ns
[535.140s][info ][safepoint      ] Safepoint "Cleanup", Time since last: 1000090752 ns, Reaching safepoint: 55400 ns, At safepoint: 5500 ns, Total: 60900 ns
[536.140s][info ][safepoint      ] Safepoint "Cleanup", Time since last: 1000091352 ns, Reaching safepoint: 61600 ns, At safepoint: 3500 ns, Total: 65100 ns
[537.315s][info ][safepoint      ] Safepoint "Cleanup", Time since last: 1174589405 ns, Reaching safepoint: 106200 ns, At safepoint: 9800 ns, Total: 116000 ns
[538.315s][info ][safepoint      ] Safepoint "Cleanup", Time since last: 1000121452 ns, Reaching safepoint: 80900 ns, At safepoint: 9000 ns, Total: 89900 ns
[540.315s][info ][safepoint      ] Safepoint "Cleanup", Time since last: 2000171402 ns, Reaching safepoint: 32200 ns, At safepoint: 2200 ns, Total: 34400 ns
[543.316s][info ][safepoint      ] Safepoint "Cleanup", Time since last: 3000253352 ns, Reaching safepoint: 48700 ns, At safepoint: 6000 ns, Total: 54700 ns
[544.316s][info ][safepoint      ] Safepoint "Cleanup", Time since last: 1000130250 ns, Reaching safepoint: 31500 ns, At safepoint: 2600 ns, Total: 34100 ns
[545.316s][info ][safepoint      ] Safepoint "Cleanup", Time since last: 1000107750 ns, Reaching safepoint: 51600 ns, At safepoint: 21100 ns, Total: 72700 ns
[548.207s][info ][gc,start       ] GC(52) Pause Young (Allocation Failure)
[548.222s][debug][gc,phases      ] GC(52) Scavenge 15.289ms
[548.222s][debug][gc,ref         ] GC(52) Skipped phase 1 of Reference Processing: no references
[548.222s][debug][gc,ref         ] GC(52) ReferenceProcessor::execute queues: 1, RefProcThreadModel::Single, marks_oops_alive: false
[548.222s][debug][gc,ref         ] GC(52) Skipped phase 3 of Reference Processing: no references
[548.222s][debug][gc,ref         ] GC(52) ReferenceProcessor::execute queues: 1, RefProcThreadModel::Single, marks_oops_alive: false
[548.222s][debug][gc,phases      ] GC(52) Reference Processing 0.110ms
[548.223s][debug][gc,phases      ] GC(52)   VM Weak                        Min:  0.0, Avg:  0.0, Max:  0.0, Diff:  0.0, Sum:  0.0, Workers: 4
[548.223s][debug][gc,phases      ] GC(52)     Dead                           Min: 0, Avg:  0.0, Max: 0, Diff: 0, Sum: 0, Workers: 4
[548.223s][debug][gc,phases      ] GC(52)     Total                          Min: 0, Avg: 176.0, Max: 512, Diff: 512, Sum: 704, Workers: 4
[548.223s][debug][gc,phases      ] GC(52)   ObjectSynchronizer Weak        Min:  0.0, Avg:  0.0, Max:  0.0, Diff:  0.0, Sum:  0.0, Workers: 4
[548.223s][debug][gc,phases      ] GC(52)     Dead                           Min: 0, Avg:  0.0, Max: 0, Diff: 0, Sum: 0, Workers: 4
[548.223s][debug][gc,phases      ] GC(52)     Total                          Min: 0, Avg: 12.0, Max: 48, Diff: 48, Sum: 48, Workers: 4
[548.223s][debug][gc,phases      ] GC(52)   JVMTI Tag Weak OopStorage      Min:  0.0, Avg:  0.0, Max:  0.0, Diff:  0.0, Sum:  0.0, Workers: 4
[548.223s][debug][gc,phases      ] GC(52)     Dead                           Min: 0, Avg:  0.0, Max: 0, Diff: 0, Sum: 0, Workers: 4
[548.223s][debug][gc,phases      ] GC(52)     Total                          Min: 0, Avg:  0.0, Max: 0, Diff: 0, Sum: 0, Workers: 4
[548.223s][debug][gc,phases      ] GC(52)   StringTable Weak               Min:  0.1, Avg:  0.1, Max:  0.1, Diff:  0.0, Sum:  0.4, Workers: 4
[548.223s][debug][gc,phases      ] GC(52)     Dead                           Min: 0, Avg:  0.0, Max: 0, Diff: 0, Sum: 0, Workers: 4
[548.223s][debug][gc,phases      ] GC(52)     Total                          Min: 9877, Avg: 10741.2, Max: 11392, Diff: 1515, Sum: 42965, Workers: 4
[548.223s][debug][gc,phases      ] GC(52)   ResolvedMethodTable Weak       Min:  0.0, Avg:  0.0, Max:  0.0, Diff:  0.0, Sum:  0.1, Workers: 4
[548.223s][debug][gc,phases      ] GC(52)     Dead                           Min: 0, Avg:  0.0, Max: 0, Diff: 0, Sum: 0, Workers: 4
[548.223s][debug][gc,phases      ] GC(52)     Total                          Min: 1856, Avg: 2131.5, Max: 2304, Diff: 448, Sum: 8526, Workers: 4
[548.223s][debug][gc,phases      ] GC(52)   JNI Weak                       Min:  0.0, Avg:  0.0, Max:  0.0, Diff:  0.0, Sum:  0.0, Workers: 4
[548.223s][debug][gc,phases      ] GC(52)     Dead                           Min: 0, Avg:  0.0, Max: 0, Diff: 0, Sum: 0, Workers: 4
[548.223s][debug][gc,phases      ] GC(52)     Total                          Min: 0, Avg: 11.2, Max: 45, Diff: 45, Sum: 45, Workers: 4
[548.223s][debug][gc,phases      ] GC(52)   StringDedup Table Weak         Min:  0.0, Avg:  0.0, Max:  0.0, Diff:  0.0, Sum:  0.0, Workers: 4
[548.223s][debug][gc,phases      ] GC(52)     Dead                           Min: 0, Avg:  0.0, Max: 0, Diff: 0, Sum: 0, Workers: 4
[548.223s][debug][gc,phases      ] GC(52)     Total                          Min: 0, Avg:  0.0, Max: 0, Diff: 0, Sum: 0, Workers: 4
[548.223s][debug][gc,phases      ] GC(52)   StringDedup Requests0 Weak     Min:  0.0, Avg:  0.0, Max:  0.0, Diff:  0.0, Sum:  0.0, Workers: 4
[548.223s][debug][gc,phases      ] GC(52)     Dead                           Min: 0, Avg:  0.0, Max: 0, Diff: 0, Sum: 0, Workers: 4
[548.223s][debug][gc,phases      ] GC(52)     Total                          Min: 0, Avg:  0.0, Max: 0, Diff: 0, Sum: 0, Workers: 4
[548.223s][debug][gc,phases      ] GC(52)   StringDedup Requests1 Weak     Min:  0.0, Avg:  0.0, Max:  0.0, Diff:  0.0, Sum:  0.0, Workers: 4
[548.223s][debug][gc,phases      ] GC(52)     Dead                           Min: 0, Avg:  0.0, Max: 0, Diff: 0, Sum: 0, Workers: 4
[548.223s][debug][gc,phases      ] GC(52)     Total                          Min: 0, Avg:  0.0, Max: 0, Diff: 0, Sum: 0, Workers: 4
[548.223s][debug][gc,phases      ] GC(52)   Weak JFR Old Object Samples    Min:  0.0, Avg:  0.0, Max:  0.0, Diff:  0.0, Sum:  0.0, Workers: 4
[548.223s][debug][gc,phases      ] GC(52)     Dead                           Min: 0, Avg:  0.0, Max: 0, Diff: 0, Sum: 0, Workers: 4
[548.223s][debug][gc,phases      ] GC(52)     Total                          Min: 0, Avg:  0.0, Max: 0, Diff: 0, Sum: 0, Workers: 4
[548.223s][debug][gc,phases      ] GC(52) Weak Processing 0.311ms
[548.223s][debug][gc,age         ] GC(52) Desired survivor size 155189248 bytes, new threshold 15 (max threshold 15)
[548.223s][info ][gc,heap        ] GC(52) PSYoungGen: 1788640K(1914368K)->41504K(1945600K) Eden: 1746944K(1746944K)->0K(1786368K) From: 41696K(167424K)->41504K(159232K)
[548.223s][info ][gc,heap        ] GC(52) ParOldGen: 306084K(387072K)->306412K(387072K)
[548.223s][info ][gc,metaspace   ] GC(52) Metaspace: 78587K(79488K)->78587K(79488K) NonClass: 67336K(67776K)->67336K(67776K) Class: 11251K(11712K)->11251K(11712K)
[548.223s][info ][gc             ] GC(52) Pause Young (Allocation Failure) 2045M->339M(2278M) 15.829ms
[548.223s][info ][gc,cpu         ] GC(52) User=0.06s Sys=0.00s Real=0.01s
[548.223s][info ][safepoint      ] Safepoint "ParallelGCFailedAllocation", Time since last: 2890956390 ns, Reaching safepoint: 127400 ns, At safepoint: 15906623 ns, Total: 16034023 ns
[550.223s][info ][safepoint      ] Safepoint "Cleanup", Time since last: 2000143598 ns, Reaching safepoint: 41400 ns, At safepoint: 2700 ns, Total: 44100 ns
[554.224s][info ][safepoint      ] Safepoint "Cleanup", Time since last: 4000378993 ns, Reaching safepoint: 113301 ns, At safepoint: 8100 ns, Total: 121401 ns
[555.224s][info ][safepoint      ] Safepoint "Cleanup", Time since last: 1000104447 ns, Reaching safepoint: 48200 ns, At safepoint: 4100 ns, Total: 52300 ns
[558.224s][info ][safepoint      ] Safepoint "Cleanup", Time since last: 3000233042 ns, Reaching safepoint: 64400 ns, At safepoint: 5500 ns, Total: 69900 ns
[560.224s][info ][safepoint      ] Safepoint "Cleanup", Time since last: 2000163794 ns, Reaching safepoint: 77000 ns, At safepoint: 2500 ns, Total: 79500 ns
[561.224s][info ][safepoint      ] Safepoint "Cleanup", Time since last: 1000105446 ns, Reaching safepoint: 32200 ns, At safepoint: 2300 ns, Total: 34500 ns
[562.225s][info ][safepoint      ] Safepoint "Cleanup", Time since last: 1000112647 ns, Reaching safepoint: 62800 ns, At safepoint: 2800 ns, Total: 65600 ns
[563.225s][info ][safepoint      ] Safepoint "Cleanup", Time since last: 1000104946 ns, Reaching safepoint: 54000 ns, At safepoint: 2700 ns, Total: 56700 ns
[564.225s][info ][safepoint      ] Safepoint "Cleanup", Time since last: 1000111646 ns, Reaching safepoint: 122600 ns, At safepoint: 6800 ns, Total: 129400 ns
[564.920s][info ][gc,start       ] GC(53) Pause Young (Allocation Failure)
[564.938s][debug][gc,phases      ] GC(53) Scavenge 17.324ms
[564.938s][debug][gc,ref         ] GC(53) Skipped phase 1 of Reference Processing: no references
[564.938s][debug][gc,ref         ] GC(53) ReferenceProcessor::execute queues: 1, RefProcThreadModel::Single, marks_oops_alive: false
[564.938s][debug][gc,ref         ] GC(53) Skipped phase 3 of Reference Processing: no references
[564.938s][debug][gc,ref         ] GC(53) ReferenceProcessor::execute queues: 1, RefProcThreadModel::Single, marks_oops_alive: false
[564.938s][debug][gc,phases      ] GC(53) Reference Processing 0.126ms
[564.938s][debug][gc,phases      ] GC(53)   VM Weak                        Min:  0.0, Avg:  0.0, Max:  0.0, Diff:  0.0, Sum:  0.0, Workers: 4
[564.938s][debug][gc,phases      ] GC(53)     Dead                           Min: 0, Avg:  0.0, Max: 0, Diff: 0, Sum: 0, Workers: 4
[564.938s][debug][gc,phases      ] GC(53)     Total                          Min: 0, Avg: 176.0, Max: 320, Diff: 320, Sum: 704, Workers: 4
[564.938s][debug][gc,phases      ] GC(53)   ObjectSynchronizer Weak        Min:  0.0, Avg:  0.0, Max:  0.0, Diff:  0.0, Sum:  0.0, Workers: 4
[564.938s][debug][gc,phases      ] GC(53)     Dead                           Min: 0, Avg:  0.0, Max: 0, Diff: 0, Sum: 0, Workers: 4
[564.938s][debug][gc,phases      ] GC(53)     Total                          Min: 0, Avg: 12.0, Max: 48, Diff: 48, Sum: 48, Workers: 4
[564.938s][debug][gc,phases      ] GC(53)   JVMTI Tag Weak OopStorage      Min:  0.0, Avg:  0.0, Max:  0.0, Diff:  0.0, Sum:  0.0, Workers: 4
[564.938s][debug][gc,phases      ] GC(53)     Dead                           Min: 0, Avg:  0.0, Max: 0, Diff: 0, Sum: 0, Workers: 4
[564.938s][debug][gc,phases      ] GC(53)     Total                          Min: 0, Avg:  0.0, Max: 0, Diff: 0, Sum: 0, Workers: 4
[564.938s][debug][gc,phases      ] GC(53)   StringTable Weak               Min:  0.0, Avg:  0.1, Max:  0.2, Diff:  0.2, Sum:  0.5, Workers: 4
[564.938s][debug][gc,phases      ] GC(53)     Dead                           Min: 0, Avg:  0.0, Max: 0, Diff: 0, Sum: 0, Workers: 4
[564.938s][debug][gc,phases      ] GC(53)     Total                          Min: 0, Avg: 10743.2, Max: 16128, Diff: 16128, Sum: 42973, Workers: 4
[564.938s][debug][gc,phases      ] GC(53)   ResolvedMethodTable Weak       Min:  0.0, Avg:  0.0, Max:  0.0, Diff:  0.0, Sum:  0.1, Workers: 4
[564.938s][debug][gc,phases      ] GC(53)     Dead                           Min: 0, Avg:  0.0, Max: 0, Diff: 0, Sum: 0, Workers: 4
[564.938s][debug][gc,phases      ] GC(53)     Total                          Min: 0, Avg: 2131.5, Max: 3648, Diff: 3648, Sum: 8526, Workers: 4
[564.938s][debug][gc,phases      ] GC(53)   JNI Weak                       Min:  0.0, Avg:  0.0, Max:  0.0, Diff:  0.0, Sum:  0.0, Workers: 4
[564.938s][debug][gc,phases      ] GC(53)     Dead                           Min: 0, Avg:  0.0, Max: 0, Diff: 0, Sum: 0, Workers: 4
[564.938s][debug][gc,phases      ] GC(53)     Total                          Min: 0, Avg: 11.2, Max: 45, Diff: 45, Sum: 45, Workers: 4
[564.938s][debug][gc,phases      ] GC(53)   StringDedup Table Weak         Min:  0.0, Avg:  0.0, Max:  0.0, Diff:  0.0, Sum:  0.0, Workers: 4
[564.938s][debug][gc,phases      ] GC(53)     Dead                           Min: 0, Avg:  0.0, Max: 0, Diff: 0, Sum: 0, Workers: 4
[564.938s][debug][gc,phases      ] GC(53)     Total                          Min: 0, Avg:  0.0, Max: 0, Diff: 0, Sum: 0, Workers: 4
[564.938s][debug][gc,phases      ] GC(53)   StringDedup Requests0 Weak     Min:  0.0, Avg:  0.0, Max:  0.0, Diff:  0.0, Sum:  0.0, Workers: 4
[564.938s][debug][gc,phases      ] GC(53)     Dead                           Min: 0, Avg:  0.0, Max: 0, Diff: 0, Sum: 0, Workers: 4
[564.938s][debug][gc,phases      ] GC(53)     Total                          Min: 0, Avg:  0.0, Max: 0, Diff: 0, Sum: 0, Workers: 4
[564.938s][debug][gc,phases      ] GC(53)   StringDedup Requests1 Weak     Min:  0.0, Avg:  0.0, Max:  0.0, Diff:  0.0, Sum:  0.0, Workers: 4
[564.938s][debug][gc,phases      ] GC(53)     Dead                           Min: 0, Avg:  0.0, Max: 0, Diff: 0, Sum: 0, Workers: 4
[564.938s][debug][gc,phases      ] GC(53)     Total                          Min: 0, Avg:  0.0, Max: 0, Diff: 0, Sum: 0, Workers: 4
[564.938s][debug][gc,phases      ] GC(53)   Weak JFR Old Object Samples    Min:  0.0, Avg:  0.0, Max:  0.0, Diff:  0.0, Sum:  0.0, Workers: 4
[564.938s][debug][gc,phases      ] GC(53)     Dead                           Min: 0, Avg:  0.0, Max: 0, Diff: 0, Sum: 0, Workers: 4
[564.938s][debug][gc,phases      ] GC(53)     Total                          Min: 0, Avg:  0.0, Max: 0, Diff: 0, Sum: 0, Workers: 4
[564.938s][debug][gc,phases      ] GC(53) Weak Processing 0.376ms
[564.938s][debug][gc,age         ] GC(53) Desired survivor size 148897792 bytes, new threshold 15 (max threshold 15)
[564.938s][info ][gc,heap        ] GC(53) PSYoungGen: 1827872K(1945600K)->45040K(1937920K) Eden: 1786368K(1786368K)->0K(1786368K) From: 41504K(159232K)->45040K(151552K)
[564.938s][info ][gc,heap        ] GC(53) ParOldGen: 306412K(387072K)->306500K(387072K)
[564.938s][info ][gc,metaspace   ] GC(53) Metaspace: 78611K(79552K)->78611K(79552K) NonClass: 67358K(67840K)->67358K(67840K) Class: 11253K(11712K)->11253K(11712K)
[564.938s][info ][gc             ] GC(53) Pause Young (Allocation Failure) 2084M->343M(2270M) 17.949ms
[564.938s][info ][gc,cpu         ] GC(53) User=0.07s Sys=0.00s Real=0.02s
[564.938s][info ][safepoint      ] Safepoint "ParallelGCFailedAllocation", Time since last: 695181705 ns, Reaching safepoint: 38900 ns, At safepoint: 18020326 ns, Total: 18059226 ns
[565.938s][info ][safepoint      ] Safepoint "Cleanup", Time since last: 1000089345 ns, Reaching safepoint: 34800 ns, At safepoint: 2900 ns, Total: 37700 ns
[566.939s][info ][safepoint      ] Safepoint "Cleanup", Time since last: 1000107946 ns, Reaching safepoint: 48800 ns, At safepoint: 3200 ns, Total: 52000 ns
[567.939s][info ][safepoint      ] Safepoint "Cleanup", Time since last: 1000114945 ns, Reaching safepoint: 81100 ns, At safepoint: 6500 ns, Total: 87600 ns
[568.939s][info ][safepoint      ] Safepoint "Cleanup", Time since last: 1000108145 ns, Reaching safepoint: 76800 ns, At safepoint: 2700 ns, Total: 79500 ns
[569.939s][info ][safepoint      ] Safepoint "Cleanup", Time since last: 1000108344 ns, Reaching safepoint: 70600 ns, At safepoint: 5000 ns, Total: 75600 ns
[571.939s][info ][safepoint      ] Safepoint "Cleanup", Time since last: 2000184789 ns, Reaching safepoint: 78300 ns, At safepoint: 8800 ns, Total: 87100 ns
[572.940s][info ][safepoint      ] Safepoint "Cleanup", Time since last: 1000106344 ns, Reaching safepoint: 64900 ns, At safepoint: 9900 ns, Total: 74800 ns
[573.940s][info ][safepoint      ] Safepoint "Cleanup", Time since last: 1000117744 ns, Reaching safepoint: 59700 ns, At safepoint: 3600 ns, Total: 63300 ns
[574.940s][info ][safepoint      ] Safepoint "Cleanup", Time since last: 1000128743 ns, Reaching safepoint: 56501 ns, At safepoint: 4700 ns, Total: 61201 ns
[575.940s][info ][safepoint      ] Safepoint "Cleanup", Time since last: 1000082143 ns, Reaching safepoint: 40800 ns, At safepoint: 2700 ns, Total: 43500 ns
[576.940s][info ][safepoint      ] Safepoint "Cleanup", Time since last: 1000109943 ns, Reaching safepoint: 87800 ns, At safepoint: 7000 ns, Total: 94800 ns
[578.941s][info ][safepoint      ] Safepoint "Cleanup", Time since last: 2000176886 ns, Reaching safepoint: 129800 ns, At safepoint: 6800 ns, Total: 136600 ns
[579.473s][info ][gc,start       ] GC(54) Pause Young (Allocation Failure)
[579.495s][debug][gc,phases      ] GC(54) Scavenge 21.161ms
[579.495s][debug][gc,ref         ] GC(54) Skipped phase 1 of Reference Processing: no references
[579.495s][debug][gc,ref         ] GC(54) ReferenceProcessor::execute queues: 1, RefProcThreadModel::Single, marks_oops_alive: false
[579.495s][debug][gc,ref         ] GC(54) Skipped phase 3 of Reference Processing: no references
[579.495s][debug][gc,ref         ] GC(54) ReferenceProcessor::execute queues: 1, RefProcThreadModel::Single, marks_oops_alive: false
[579.495s][debug][gc,phases      ] GC(54) Reference Processing 0.112ms
[579.495s][debug][gc,phases      ] GC(54)   VM Weak                        Min:  0.0, Avg:  0.0, Max:  0.0, Diff:  0.0, Sum:  0.0, Workers: 4
[579.495s][debug][gc,phases      ] GC(54)     Dead                           Min: 0, Avg:  0.0, Max: 0, Diff: 0, Sum: 0, Workers: 4
[579.495s][debug][gc,phases      ] GC(54)     Total                          Min: 0, Avg: 176.0, Max: 512, Diff: 512, Sum: 704, Workers: 4
[579.495s][debug][gc,phases      ] GC(54)   ObjectSynchronizer Weak        Min:  0.0, Avg:  0.0, Max:  0.0, Diff:  0.0, Sum:  0.0, Workers: 4
[579.495s][debug][gc,phases      ] GC(54)     Dead                           Min: 0, Avg:  0.0, Max: 0, Diff: 0, Sum: 0, Workers: 4
[579.495s][debug][gc,phases      ] GC(54)     Total                          Min: 0, Avg: 12.0, Max: 48, Diff: 48, Sum: 48, Workers: 4
[579.495s][debug][gc,phases      ] GC(54)   JVMTI Tag Weak OopStorage      Min:  0.0, Avg:  0.0, Max:  0.0, Diff:  0.0, Sum:  0.0, Workers: 4
[579.495s][debug][gc,phases      ] GC(54)     Dead                           Min: 0, Avg:  0.0, Max: 0, Diff: 0, Sum: 0, Workers: 4
[579.495s][debug][gc,phases      ] GC(54)     Total                          Min: 0, Avg:  0.0, Max: 0, Diff: 0, Sum: 0, Workers: 4
[579.495s][debug][gc,phases      ] GC(54)   StringTable Weak               Min:  0.1, Avg:  0.1, Max:  0.1, Diff:  0.0, Sum:  0.5, Workers: 4
[579.495s][debug][gc,phases      ] GC(54)     Dead                           Min: 0, Avg:  0.0, Max: 0, Diff: 0, Sum: 0, Workers: 4
[579.495s][debug][gc,phases      ] GC(54)     Total                          Min: 9344, Avg: 10743.5, Max: 11456, Diff: 2112, Sum: 42974, Workers: 4
[579.495s][debug][gc,phases      ] GC(54)   ResolvedMethodTable Weak       Min:  0.0, Avg:  0.0, Max:  0.0, Diff:  0.0, Sum:  0.1, Workers: 4
[579.495s][debug][gc,phases      ] GC(54)     Dead                           Min: 0, Avg:  0.0, Max: 0, Diff: 0, Sum: 0, Workers: 4
[579.495s][debug][gc,phases      ] GC(54)     Total                          Min: 1998, Avg: 2131.5, Max: 2240, Diff: 242, Sum: 8526, Workers: 4
[579.495s][debug][gc,phases      ] GC(54)   JNI Weak                       Min:  0.0, Avg:  0.0, Max:  0.0, Diff:  0.0, Sum:  0.0, Workers: 4
[579.495s][debug][gc,phases      ] GC(54)     Dead                           Min: 0, Avg:  0.0, Max: 0, Diff: 0, Sum: 0, Workers: 4
[579.495s][debug][gc,phases      ] GC(54)     Total                          Min: 0, Avg: 11.2, Max: 45, Diff: 45, Sum: 45, Workers: 4
[579.495s][debug][gc,phases      ] GC(54)   StringDedup Table Weak         Min:  0.0, Avg:  0.0, Max:  0.0, Diff:  0.0, Sum:  0.0, Workers: 4
[579.495s][debug][gc,phases      ] GC(54)     Dead                           Min: 0, Avg:  0.0, Max: 0, Diff: 0, Sum: 0, Workers: 4
[579.495s][debug][gc,phases      ] GC(54)     Total                          Min: 0, Avg:  0.0, Max: 0, Diff: 0, Sum: 0, Workers: 4
[579.495s][debug][gc,phases      ] GC(54)   StringDedup Requests0 Weak     Min:  0.0, Avg:  0.0, Max:  0.0, Diff:  0.0, Sum:  0.0, Workers: 4
[579.495s][debug][gc,phases      ] GC(54)     Dead                           Min: 0, Avg:  0.0, Max: 0, Diff: 0, Sum: 0, Workers: 4
[579.495s][debug][gc,phases      ] GC(54)     Total                          Min: 0, Avg:  0.0, Max: 0, Diff: 0, Sum: 0, Workers: 4
[579.495s][debug][gc,phases      ] GC(54)   StringDedup Requests1 Weak     Min:  0.0, Avg:  0.0, Max:  0.0, Diff:  0.0, Sum:  0.0, Workers: 4
[579.495s][debug][gc,phases      ] GC(54)     Dead                           Min: 0, Avg:  0.0, Max: 0, Diff: 0, Sum: 0, Workers: 4
[579.495s][debug][gc,phases      ] GC(54)     Total                          Min: 0, Avg:  0.0, Max: 0, Diff: 0, Sum: 0, Workers: 4
[579.495s][debug][gc,phases      ] GC(54)   Weak JFR Old Object Samples    Min:  0.0, Avg:  0.0, Max:  0.0, Diff:  0.0, Sum:  0.0, Workers: 4
[579.495s][debug][gc,phases      ] GC(54)     Dead                           Min: 0, Avg:  0.0, Max: 0, Diff: 0, Sum: 0, Workers: 4
[579.495s][debug][gc,phases      ] GC(54)     Total                          Min: 0, Avg:  0.0, Max: 0, Diff: 0, Sum: 0, Workers: 4
[579.495s][debug][gc,phases      ] GC(54) Weak Processing 0.323ms
[579.495s][debug][gc,age         ] GC(54) Desired survivor size 145227776 bytes, new threshold 15 (max threshold 15)
[579.495s][info ][gc,heap        ] GC(54) PSYoungGen: 1831408K(1937920K)->50736K(1955328K) Eden: 1786368K(1786368K)->0K(1809920K) From: 45040K(151552K)->50736K(145408K)
[579.495s][info ][gc,heap        ] GC(54) ParOldGen: 306500K(387072K)->306532K(387072K)
[579.495s][info ][gc,metaspace   ] GC(54) Metaspace: 78612K(79552K)->78612K(79552K) NonClass: 67359K(67840K)->67359K(67840K) Class: 11253K(11712K)->11253K(11712K)
[579.495s][info ][gc             ] GC(54) Pause Young (Allocation Failure) 2087M->348M(2287M) 21.716ms
[579.495s][info ][gc,cpu         ] GC(54) User=0.07s Sys=0.00s Real=0.02s
[579.495s][info ][safepoint      ] Safepoint "ParallelGCFailedAllocation", Time since last: 532801568 ns, Reaching safepoint: 58000 ns, At safepoint: 21785132 ns, Total: 21843132 ns
[580.495s][info ][safepoint      ] Safepoint "Cleanup", Time since last: 1000084942 ns, Reaching safepoint: 82700 ns, At safepoint: 5800 ns, Total: 88500 ns
[582.496s][info ][safepoint      ] Safepoint "Cleanup", Time since last: 2000164284 ns, Reaching safepoint: 53600 ns, At safepoint: 3000 ns, Total: 56600 ns
[583.496s][info ][safepoint      ] Safepoint "Cleanup", Time since last: 1000104642 ns, Reaching safepoint: 45400 ns, At safepoint: 13600 ns, Total: 59000 ns
[584.496s][info ][safepoint      ] Safepoint "Cleanup", Time since last: 1000104542 ns, Reaching safepoint: 63400 ns, At safepoint: 3500 ns, Total: 66900 ns
[585.496s][info ][safepoint      ] Safepoint "Cleanup", Time since last: 1000103641 ns, Reaching safepoint: 59200 ns, At safepoint: 2900 ns, Total: 62100 ns
[586.820s][info ][safepoint      ] Safepoint "Cleanup", Time since last: 1323723508 ns, Reaching safepoint: 117100 ns, At safepoint: 9700 ns, Total: 126800 ns
[588.130s][info ][safepoint      ] Safepoint "Cleanup", Time since last: 1309435786 ns, Reaching safepoint: 272401 ns, At safepoint: 9200 ns, Total: 281601 ns
[589.130s][info ][safepoint      ] Safepoint "Cleanup", Time since last: 1000105440 ns, Reaching safepoint: 57200 ns, At safepoint: 2600 ns, Total: 59800 ns
[590.130s][info ][safepoint      ] Safepoint "Cleanup", Time since last: 1000082141 ns, Reaching safepoint: 48000 ns, At safepoint: 10500 ns, Total: 58500 ns
[592.130s][info ][safepoint      ] Safepoint "Cleanup", Time since last: 2000166080 ns, Reaching safepoint: 38600 ns, At safepoint: 2800 ns, Total: 41400 ns
[593.130s][info ][safepoint      ] Safepoint "Cleanup", Time since last: 1000107240 ns, Reaching safepoint: 40100 ns, At safepoint: 3800 ns, Total: 43900 ns
[594.130s][info ][safepoint      ] Safepoint "Cleanup", Time since last: 1000107939 ns, Reaching safepoint: 43800 ns, At safepoint: 2700 ns, Total: 46500 ns
[595.131s][info ][safepoint      ] Safepoint "Cleanup", Time since last: 1000114840 ns, Reaching safepoint: 30300 ns, At safepoint: 3000 ns, Total: 33300 ns
[595.173s][info ][gc,start       ] GC(55) Pause Young (Allocation Failure)
[595.191s][debug][gc,phases      ] GC(55) Scavenge 17.939ms
[595.191s][debug][gc,ref         ] GC(55) Skipped phase 1 of Reference Processing: no references
[595.191s][debug][gc,ref         ] GC(55) ReferenceProcessor::execute queues: 1, RefProcThreadModel::Single, marks_oops_alive: false
[595.191s][debug][gc,ref         ] GC(55) Skipped phase 3 of Reference Processing: no references
[595.191s][debug][gc,ref         ] GC(55) ReferenceProcessor::execute queues: 1, RefProcThreadModel::Single, marks_oops_alive: false
[595.191s][debug][gc,phases      ] GC(55) Reference Processing 0.115ms
[595.192s][debug][gc,phases      ] GC(55)   VM Weak                        Min:  0.0, Avg:  0.0, Max:  0.0, Diff:  0.0, Sum:  0.0, Workers: 4
[595.192s][debug][gc,phases      ] GC(55)     Dead                           Min: 0, Avg:  0.0, Max: 0, Diff: 0, Sum: 0, Workers: 4
[595.192s][debug][gc,phases      ] GC(55)     Total                          Min: 0, Avg: 176.0, Max: 704, Diff: 704, Sum: 704, Workers: 4
[595.192s][debug][gc,phases      ] GC(55)   ObjectSynchronizer Weak        Min:  0.0, Avg:  0.0, Max:  0.0, Diff:  0.0, Sum:  0.0, Workers: 4
[595.192s][debug][gc,phases      ] GC(55)     Dead                           Min: 0, Avg:  0.0, Max: 0, Diff: 0, Sum: 0, Workers: 4
[595.192s][debug][gc,phases      ] GC(55)     Total                          Min: 0, Avg: 12.0, Max: 48, Diff: 48, Sum: 48, Workers: 4
[595.192s][debug][gc,phases      ] GC(55)   JVMTI Tag Weak OopStorage      Min:  0.0, Avg:  0.0, Max:  0.0, Diff:  0.0, Sum:  0.0, Workers: 4
[595.192s][debug][gc,phases      ] GC(55)     Dead                           Min: 0, Avg:  0.0, Max: 0, Diff: 0, Sum: 0, Workers: 4
[595.192s][debug][gc,phases      ] GC(55)     Total                          Min: 0, Avg:  0.0, Max: 0, Diff: 0, Sum: 0, Workers: 4
[595.192s][debug][gc,phases      ] GC(55)   StringTable Weak               Min:  0.1, Avg:  0.1, Max:  0.1, Diff:  0.0, Sum:  0.4, Workers: 4
[595.192s][debug][gc,phases      ] GC(55)     Dead                           Min: 0, Avg:  0.5, Max: 2, Diff: 2, Sum: 2, Workers: 4
[595.192s][debug][gc,phases      ] GC(55)     Total                          Min: 9392, Avg: 10747.8, Max: 11520, Diff: 2128, Sum: 42991, Workers: 4
[595.192s][debug][gc,phases      ] GC(55)   ResolvedMethodTable Weak       Min:  0.0, Avg:  0.0, Max:  0.0, Diff:  0.0, Sum:  0.1, Workers: 4
[595.192s][debug][gc,phases      ] GC(55)     Dead                           Min: 0, Avg:  0.0, Max: 0, Diff: 0, Sum: 0, Workers: 4
[595.192s][debug][gc,phases      ] GC(55)     Total                          Min: 1856, Avg: 2135.0, Max: 2304, Diff: 448, Sum: 8540, Workers: 4
[595.192s][debug][gc,phases      ] GC(55)   JNI Weak                       Min:  0.0, Avg:  0.0, Max:  0.0, Diff:  0.0, Sum:  0.0, Workers: 4
[595.192s][debug][gc,phases      ] GC(55)     Dead                           Min: 0, Avg:  0.0, Max: 0, Diff: 0, Sum: 0, Workers: 4
[595.192s][debug][gc,phases      ] GC(55)     Total                          Min: 0, Avg: 11.2, Max: 45, Diff: 45, Sum: 45, Workers: 4
[595.192s][debug][gc,phases      ] GC(55)   StringDedup Table Weak         Min:  0.0, Avg:  0.0, Max:  0.0, Diff:  0.0, Sum:  0.0, Workers: 4
[595.192s][debug][gc,phases      ] GC(55)     Dead                           Min: 0, Avg:  0.0, Max: 0, Diff: 0, Sum: 0, Workers: 4
[595.192s][debug][gc,phases      ] GC(55)     Total                          Min: 0, Avg:  0.0, Max: 0, Diff: 0, Sum: 0, Workers: 4
[595.192s][debug][gc,phases      ] GC(55)   StringDedup Requests0 Weak     Min:  0.0, Avg:  0.0, Max:  0.0, Diff:  0.0, Sum:  0.0, Workers: 4
[595.192s][debug][gc,phases      ] GC(55)     Dead                           Min: 0, Avg:  0.0, Max: 0, Diff: 0, Sum: 0, Workers: 4
[595.192s][debug][gc,phases      ] GC(55)     Total                          Min: 0, Avg:  0.0, Max: 0, Diff: 0, Sum: 0, Workers: 4
[595.192s][debug][gc,phases      ] GC(55)   StringDedup Requests1 Weak     Min:  0.0, Avg:  0.0, Max:  0.0, Diff:  0.0, Sum:  0.0, Workers: 4
[595.192s][debug][gc,phases      ] GC(55)     Dead                           Min: 0, Avg:  0.0, Max: 0, Diff: 0, Sum: 0, Workers: 4
[595.192s][debug][gc,phases      ] GC(55)     Total                          Min: 0, Avg:  0.0, Max: 0, Diff: 0, Sum: 0, Workers: 4
[595.192s][debug][gc,phases      ] GC(55)   Weak JFR Old Object Samples    Min:  0.0, Avg:  0.0, Max:  0.0, Diff:  0.0, Sum:  0.0, Workers: 4
[595.192s][debug][gc,phases      ] GC(55)     Dead                           Min: 0, Avg:  0.0, Max: 0, Diff: 0, Sum: 0, Workers: 4
[595.192s][debug][gc,phases      ] GC(55)     Total                          Min: 0, Avg:  0.0, Max: 0, Diff: 0, Sum: 0, Workers: 4
[595.192s][debug][gc,phases      ] GC(55) Weak Processing 0.312ms
[595.192s][debug][gc,age         ] GC(55) Desired survivor size 137363456 bytes, new threshold 15 (max threshold 15)
[595.192s][info ][gc,heap        ] GC(55) PSYoungGen: 1860656K(1955328K)->41536K(1951744K) Eden: 1809920K(1809920K)->0K(1809920K) From: 50736K(145408K)->41536K(141824K)
[595.192s][info ][gc,heap        ] GC(55) ParOldGen: 306532K(387072K)->309508K(387072K)
[595.192s][info ][gc,metaspace   ] GC(55) Metaspace: 78645K(79552K)->78645K(79552K) NonClass: 67384K(67840K)->67384K(67840K) Class: 11260K(11712K)->11260K(11712K)
[595.192s][info ][gc             ] GC(55) Pause Young (Allocation Failure) 2116M->342M(2284M) 18.473ms
[595.192s][info ][gc,cpu         ] GC(55) User=0.06s Sys=0.00s Real=0.02s
[595.192s][info ][safepoint      ] Safepoint "ParallelGCFailedAllocation", Time since last: 42487261 ns, Reaching safepoint: 96800 ns, At safepoint: 18546727 ns, Total: 18643527 ns
[596.192s][info ][safepoint      ] Safepoint "Cleanup", Time since last: 1000085439 ns, Reaching safepoint: 53900 ns, At safepoint: 7300 ns, Total: 61200 ns
[598.192s][info ][safepoint      ] Safepoint "Cleanup", Time since last: 2000156678 ns, Reaching safepoint: 65700 ns, At safepoint: 2500 ns, Total: 68200 ns
[599.192s][info ][safepoint      ] Safepoint "Cleanup", Time since last: 1000103038 ns, Reaching safepoint: 37700 ns, At safepoint: 2800 ns, Total: 40500 ns
[605.193s][info ][safepoint      ] Safepoint "Cleanup", Time since last: 6000368127 ns, Reaching safepoint: 41700 ns, At safepoint: 11300 ns, Total: 53000 ns
[607.193s][info ][safepoint      ] Safepoint "Cleanup", Time since last: 2000167874 ns, Reaching safepoint: 53100 ns, At safepoint: 2500 ns, Total: 55600 ns
[608.193s][info ][safepoint      ] Safepoint "Cleanup", Time since last: 1000099437 ns, Reaching safepoint: 28900 ns, At safepoint: 2800 ns, Total: 31700 ns
[609.193s][info ][safepoint      ] Safepoint "Cleanup", Time since last: 1000100537 ns, Reaching safepoint: 40600 ns, At safepoint: 4900 ns, Total: 45500 ns
[610.193s][info ][safepoint      ] Safepoint "Cleanup", Time since last: 1000108936 ns, Reaching safepoint: 32100 ns, At safepoint: 2800 ns, Total: 34900 ns
[612.194s][info ][safepoint      ] Safepoint "Cleanup", Time since last: 2000167472 ns, Reaching safepoint: 65100 ns, At safepoint: 4500 ns, Total: 69600 ns
[612.721s][info ][gc,start       ] GC(56) Pause Young (Allocation Failure)
[612.737s][debug][gc,phases      ] GC(56) Scavenge 16.388ms
[612.737s][debug][gc,ref         ] GC(56) Skipped phase 1 of Reference Processing: no references
[612.737s][debug][gc,ref         ] GC(56) ReferenceProcessor::execute queues: 1, RefProcThreadModel::Single, marks_oops_alive: false
[612.737s][debug][gc,ref         ] GC(56) Skipped phase 3 of Reference Processing: no references
[612.737s][debug][gc,ref         ] GC(56) ReferenceProcessor::execute queues: 1, RefProcThreadModel::Single, marks_oops_alive: false
[612.737s][debug][gc,phases      ] GC(56) Reference Processing 0.095ms
[612.737s][debug][gc,phases      ] GC(56)   VM Weak                        Min:  0.0, Avg:  0.0, Max:  0.0, Diff:  0.0, Sum:  0.0, Workers: 4
[612.737s][debug][gc,phases      ] GC(56)     Dead                           Min: 0, Avg:  0.0, Max: 0, Diff: 0, Sum: 0, Workers: 4
[612.737s][debug][gc,phases      ] GC(56)     Total                          Min: 0, Avg: 176.0, Max: 640, Diff: 640, Sum: 704, Workers: 4
[612.737s][debug][gc,phases      ] GC(56)   ObjectSynchronizer Weak        Min:  0.0, Avg:  0.0, Max:  0.0, Diff:  0.0, Sum:  0.0, Workers: 4
[612.737s][debug][gc,phases      ] GC(56)     Dead                           Min: 0, Avg:  0.0, Max: 0, Diff: 0, Sum: 0, Workers: 4
[612.737s][debug][gc,phases      ] GC(56)     Total                          Min: 0, Avg: 12.0, Max: 48, Diff: 48, Sum: 48, Workers: 4
[612.737s][debug][gc,phases      ] GC(56)   JVMTI Tag Weak OopStorage      Min:  0.0, Avg:  0.0, Max:  0.0, Diff:  0.0, Sum:  0.0, Workers: 4
[612.737s][debug][gc,phases      ] GC(56)     Dead                           Min: 0, Avg:  0.0, Max: 0, Diff: 0, Sum: 0, Workers: 4
[612.737s][debug][gc,phases      ] GC(56)     Total                          Min: 0, Avg:  0.0, Max: 0, Diff: 0, Sum: 0, Workers: 4
[612.737s][debug][gc,phases      ] GC(56)   StringTable Weak               Min:  0.0, Avg:  0.1, Max:  0.2, Diff:  0.2, Sum:  0.3, Workers: 4
[612.737s][debug][gc,phases      ] GC(56)     Dead                           Min: 0, Avg:  0.0, Max: 0, Diff: 0, Sum: 0, Workers: 4
[612.737s][debug][gc,phases      ] GC(56)     Total                          Min: 0, Avg: 10748.0, Max: 26751, Diff: 26751, Sum: 42992, Workers: 4
[612.737s][debug][gc,phases      ] GC(56)   ResolvedMethodTable Weak       Min:  0.0, Avg:  0.0, Max:  0.0, Diff:  0.0, Sum:  0.1, Workers: 4
[612.737s][debug][gc,phases      ] GC(56)     Dead                           Min: 0, Avg:  0.0, Max: 0, Diff: 0, Sum: 0, Workers: 4
[612.737s][debug][gc,phases      ] GC(56)     Total                          Min: 0, Avg: 2135.0, Max: 4572, Diff: 4572, Sum: 8540, Workers: 4
[612.737s][debug][gc,phases      ] GC(56)   JNI Weak                       Min:  0.0, Avg:  0.0, Max:  0.0, Diff:  0.0, Sum:  0.0, Workers: 4
[612.737s][debug][gc,phases      ] GC(56)     Dead                           Min: 0, Avg:  0.0, Max: 0, Diff: 0, Sum: 0, Workers: 4
[612.737s][debug][gc,phases      ] GC(56)     Total                          Min: 0, Avg: 11.2, Max: 45, Diff: 45, Sum: 45, Workers: 4
[612.737s][debug][gc,phases      ] GC(56)   StringDedup Table Weak         Min:  0.0, Avg:  0.0, Max:  0.0, Diff:  0.0, Sum:  0.0, Workers: 4
[612.737s][debug][gc,phases      ] GC(56)     Dead                           Min: 0, Avg:  0.0, Max: 0, Diff: 0, Sum: 0, Workers: 4
[612.737s][debug][gc,phases      ] GC(56)     Total                          Min: 0, Avg:  0.0, Max: 0, Diff: 0, Sum: 0, Workers: 4
[612.737s][debug][gc,phases      ] GC(56)   StringDedup Requests0 Weak     Min:  0.0, Avg:  0.0, Max:  0.0, Diff:  0.0, Sum:  0.0, Workers: 4
[612.737s][debug][gc,phases      ] GC(56)     Dead                           Min: 0, Avg:  0.0, Max: 0, Diff: 0, Sum: 0, Workers: 4
[612.737s][debug][gc,phases      ] GC(56)     Total                          Min: 0, Avg:  0.0, Max: 0, Diff: 0, Sum: 0, Workers: 4
[612.737s][debug][gc,phases      ] GC(56)   StringDedup Requests1 Weak     Min:  0.0, Avg:  0.0, Max:  0.0, Diff:  0.0, Sum:  0.0, Workers: 4
[612.737s][debug][gc,phases      ] GC(56)     Dead                           Min: 0, Avg:  0.0, Max: 0, Diff: 0, Sum: 0, Workers: 4
[612.737s][debug][gc,phases      ] GC(56)     Total                          Min: 0, Avg:  0.0, Max: 0, Diff: 0, Sum: 0, Workers: 4
[612.737s][debug][gc,phases      ] GC(56)   Weak JFR Old Object Samples    Min:  0.0, Avg:  0.0, Max:  0.0, Diff:  0.0, Sum:  0.0, Workers: 4
[612.737s][debug][gc,phases      ] GC(56)     Dead                           Min: 0, Avg:  0.0, Max: 0, Diff: 0, Sum: 0, Workers: 4
[612.737s][debug][gc,phases      ] GC(56)     Total                          Min: 0, Avg:  0.0, Max: 0, Diff: 0, Sum: 0, Workers: 4
[612.737s][debug][gc,phases      ] GC(56) Weak Processing 0.366ms
[612.738s][debug][gc,age         ] GC(56) Desired survivor size 128450560 bytes, new threshold 15 (max threshold 15)
[612.738s][info ][gc,heap        ] GC(56) PSYoungGen: 1851456K(1951744K)->25920K(1971712K) Eden: 1809920K(1809920K)->0K(1837568K) From: 41536K(141824K)->25920K(134144K)
[612.738s][info ][gc,heap        ] GC(56) ParOldGen: 309508K(387072K)->309532K(387072K)
[612.738s][info ][gc,metaspace   ] GC(56) Metaspace: 78659K(79552K)->78659K(79552K) NonClass: 67399K(67840K)->67399K(67840K) Class: 11260K(11712K)->11260K(11712K)
[612.738s][info ][gc             ] GC(56) Pause Young (Allocation Failure) 2110M->327M(2303M) 16.946ms
[612.738s][info ][gc,cpu         ] GC(56) User=0.04s Sys=0.00s Real=0.01s
[612.738s][info ][safepoint      ] Safepoint "ParallelGCFailedAllocation", Time since last: 526927557 ns, Reaching safepoint: 32600 ns, At safepoint: 17017724 ns, Total: 17050324 ns
[613.738s][info ][safepoint      ] Safepoint "Cleanup", Time since last: 1000082536 ns, Reaching safepoint: 43200 ns, At safepoint: 5700 ns, Total: 48900 ns
[614.738s][info ][safepoint      ] Safepoint "Cleanup", Time since last: 1000098035 ns, Reaching safepoint: 46300 ns, At safepoint: 2600 ns, Total: 48900 ns
[617.738s][info ][safepoint      ] Safepoint "Cleanup", Time since last: 3000180705 ns, Reaching safepoint: 46201 ns, At safepoint: 3200 ns, Total: 49401 ns
[618.738s][info ][safepoint      ] Safepoint "Cleanup", Time since last: 1000092234 ns, Reaching safepoint: 47200 ns, At safepoint: 4200 ns, Total: 51400 ns
[619.738s][info ][safepoint      ] Safepoint "Cleanup", Time since last: 1000117835 ns, Reaching safepoint: 44100 ns, At safepoint: 2500 ns, Total: 46600 ns
[625.739s][info ][safepoint      ] Safepoint "Cleanup", Time since last: 6000420803 ns, Reaching safepoint: 26400 ns, At safepoint: 2200 ns, Total: 28600 ns
[626.739s][info ][safepoint      ] Safepoint "Cleanup", Time since last: 1000098133 ns, Reaching safepoint: 39400 ns, At safepoint: 2600 ns, Total: 42000 ns
[630.620s][info ][gc,start       ] GC(57) Pause Young (Allocation Failure)
[630.632s][debug][gc,phases      ] GC(57) Scavenge 11.727ms
[630.632s][debug][gc,ref         ] GC(57) Skipped phase 1 of Reference Processing: no references
[630.632s][debug][gc,ref         ] GC(57) ReferenceProcessor::execute queues: 1, RefProcThreadModel::Single, marks_oops_alive: false
[630.632s][debug][gc,ref         ] GC(57) Skipped phase 3 of Reference Processing: no references
[630.632s][debug][gc,ref         ] GC(57) ReferenceProcessor::execute queues: 1, RefProcThreadModel::Single, marks_oops_alive: false
[630.632s][debug][gc,phases      ] GC(57) Reference Processing 0.101ms
[630.632s][debug][gc,phases      ] GC(57)   VM Weak                        Min:  0.0, Avg:  0.0, Max:  0.0, Diff:  0.0, Sum:  0.0, Workers: 4
[630.632s][debug][gc,phases      ] GC(57)     Dead                           Min: 0, Avg:  0.0, Max: 0, Diff: 0, Sum: 0, Workers: 4
[630.632s][debug][gc,phases      ] GC(57)     Total                          Min: 0, Avg: 176.0, Max: 640, Diff: 640, Sum: 704, Workers: 4
[630.632s][debug][gc,phases      ] GC(57)   ObjectSynchronizer Weak        Min:  0.0, Avg:  0.0, Max:  0.0, Diff:  0.0, Sum:  0.0, Workers: 4
[630.632s][debug][gc,phases      ] GC(57)     Dead                           Min: 0, Avg:  0.0, Max: 0, Diff: 0, Sum: 0, Workers: 4
[630.632s][debug][gc,phases      ] GC(57)     Total                          Min: 0, Avg: 12.0, Max: 48, Diff: 48, Sum: 48, Workers: 4
[630.632s][debug][gc,phases      ] GC(57)   JVMTI Tag Weak OopStorage      Min:  0.0, Avg:  0.0, Max:  0.0, Diff:  0.0, Sum:  0.0, Workers: 4
[630.632s][debug][gc,phases      ] GC(57)     Dead                           Min: 0, Avg:  0.0, Max: 0, Diff: 0, Sum: 0, Workers: 4
[630.632s][debug][gc,phases      ] GC(57)     Total                          Min: 0, Avg:  0.0, Max: 0, Diff: 0, Sum: 0, Workers: 4
[630.632s][debug][gc,phases      ] GC(57)   StringTable Weak               Min:  0.0, Avg:  0.1, Max:  0.1, Diff:  0.1, Sum:  0.4, Workers: 4
[630.632s][debug][gc,phases      ] GC(57)     Dead                           Min: 0, Avg:  0.0, Max: 0, Diff: 0, Sum: 0, Workers: 4
[630.632s][debug][gc,phases      ] GC(57)     Total                          Min: 0, Avg: 10751.8, Max: 14592, Diff: 14592, Sum: 43007, Workers: 4
[630.632s][debug][gc,phases      ] GC(57)   ResolvedMethodTable Weak       Min:  0.0, Avg:  0.0, Max:  0.0, Diff:  0.0, Sum:  0.1, Workers: 4
[630.632s][debug][gc,phases      ] GC(57)     Dead                           Min: 0, Avg:  0.0, Max: 0, Diff: 0, Sum: 0, Workers: 4
[630.632s][debug][gc,phases      ] GC(57)     Total                          Min: 0, Avg: 2135.0, Max: 2972, Diff: 2972, Sum: 8540, Workers: 4
[630.632s][debug][gc,phases      ] GC(57)   JNI Weak                       Min:  0.0, Avg:  0.0, Max:  0.0, Diff:  0.0, Sum:  0.0, Workers: 4
[630.632s][debug][gc,phases      ] GC(57)     Dead                           Min: 0, Avg:  0.0, Max: 0, Diff: 0, Sum: 0, Workers: 4
[630.632s][debug][gc,phases      ] GC(57)     Total                          Min: 0, Avg: 11.2, Max: 45, Diff: 45, Sum: 45, Workers: 4
[630.632s][debug][gc,phases      ] GC(57)   StringDedup Table Weak         Min:  0.0, Avg:  0.0, Max:  0.0, Diff:  0.0, Sum:  0.0, Workers: 4
[630.632s][debug][gc,phases      ] GC(57)     Dead                           Min: 0, Avg:  0.0, Max: 0, Diff: 0, Sum: 0, Workers: 4
[630.632s][debug][gc,phases      ] GC(57)     Total                          Min: 0, Avg:  0.0, Max: 0, Diff: 0, Sum: 0, Workers: 4
[630.632s][debug][gc,phases      ] GC(57)   StringDedup Requests0 Weak     Min:  0.0, Avg:  0.0, Max:  0.0, Diff:  0.0, Sum:  0.0, Workers: 4
[630.632s][debug][gc,phases      ] GC(57)     Dead                           Min: 0, Avg:  0.0, Max: 0, Diff: 0, Sum: 0, Workers: 4
[630.632s][debug][gc,phases      ] GC(57)     Total                          Min: 0, Avg:  0.0, Max: 0, Diff: 0, Sum: 0, Workers: 4
[630.632s][debug][gc,phases      ] GC(57)   StringDedup Requests1 Weak     Min:  0.0, Avg:  0.0, Max:  0.0, Diff:  0.0, Sum:  0.0, Workers: 4
[630.632s][debug][gc,phases      ] GC(57)     Dead                           Min: 0, Avg:  0.0, Max: 0, Diff: 0, Sum: 0, Workers: 4
[630.632s][debug][gc,phases      ] GC(57)     Total                          Min: 0, Avg:  0.0, Max: 0, Diff: 0, Sum: 0, Workers: 4
[630.632s][debug][gc,phases      ] GC(57)   Weak JFR Old Object Samples    Min:  0.0, Avg:  0.0, Max:  0.0, Diff:  0.0, Sum:  0.0, Workers: 4
[630.632s][debug][gc,phases      ] GC(57)     Dead                           Min: 0, Avg:  0.0, Max: 0, Diff: 0, Sum: 0, Workers: 4
[630.632s][debug][gc,phases      ] GC(57)     Total                          Min: 0, Avg:  0.0, Max: 0, Diff: 0, Sum: 0, Workers: 4
[630.632s][debug][gc,phases      ] GC(57) Weak Processing 0.327ms
[630.632s][debug][gc,age         ] GC(57) Desired survivor size 120061952 bytes, new threshold 15 (max threshold 15)
[630.632s][info ][gc,heap        ] GC(57) PSYoungGen: 1863488K(1971712K)->24672K(1963008K) Eden: 1837568K(1837568K)->0K(1837568K) From: 25920K(134144K)->24672K(125440K)
[630.632s][info ][gc,heap        ] GC(57) ParOldGen: 309532K(387072K)->309588K(387072K)
[630.632s][info ][gc,metaspace   ] GC(57) Metaspace: 78667K(79552K)->78667K(79552K) NonClass: 67407K(67840K)->67407K(67840K) Class: 11260K(11712K)->11260K(11712K)
[630.632s][info ][gc             ] GC(57) Pause Young (Allocation Failure) 2122M->326M(2295M) 12.257ms
[630.632s][info ][gc,cpu         ] GC(57) User=0.04s Sys=0.00s Real=0.01s
[630.632s][info ][safepoint      ] Safepoint "ParallelGCFailedAllocation", Time since last: 3880988759 ns, Reaching safepoint: 29701 ns, At safepoint: 12322517 ns, Total: 12352218 ns
[645.633s][info ][safepoint      ] Safepoint "Cleanup", Time since last: 15001051163 ns, Reaching safepoint: 43000 ns, At safepoint: 2600 ns, Total: 45600 ns
[647.634s][info ][safepoint      ] Safepoint "Cleanup", Time since last: 2000144259 ns, Reaching safepoint: 43700 ns, At safepoint: 4500 ns, Total: 48200 ns
[649.770s][info ][gc,start       ] GC(58) Pause Young (Allocation Failure)
[649.779s][debug][gc,phases      ] GC(58) Scavenge 8.950ms
[649.779s][debug][gc,ref         ] GC(58) Skipped phase 1 of Reference Processing: no references
[649.779s][debug][gc,ref         ] GC(58) ReferenceProcessor::execute queues: 1, RefProcThreadModel::Single, marks_oops_alive: false
[649.779s][debug][gc,ref         ] GC(58) Skipped phase 3 of Reference Processing: no references
[649.779s][debug][gc,ref         ] GC(58) ReferenceProcessor::execute queues: 1, RefProcThreadModel::Single, marks_oops_alive: false
[649.779s][debug][gc,phases      ] GC(58) Reference Processing 0.116ms
[649.779s][debug][gc,phases      ] GC(58)   VM Weak                        Min:  0.0, Avg:  0.0, Max:  0.0, Diff:  0.0, Sum:  0.0, Workers: 4
[649.779s][debug][gc,phases      ] GC(58)     Dead                           Min: 0, Avg:  0.0, Max: 0, Diff: 0, Sum: 0, Workers: 4
[649.779s][debug][gc,phases      ] GC(58)     Total                          Min: 0, Avg: 176.0, Max: 704, Diff: 704, Sum: 704, Workers: 4
[649.779s][debug][gc,phases      ] GC(58)   ObjectSynchronizer Weak        Min:  0.0, Avg:  0.0, Max:  0.0, Diff:  0.0, Sum:  0.0, Workers: 4
[649.779s][debug][gc,phases      ] GC(58)     Dead                           Min: 0, Avg:  0.0, Max: 0, Diff: 0, Sum: 0, Workers: 4
[649.779s][debug][gc,phases      ] GC(58)     Total                          Min: 0, Avg: 12.0, Max: 48, Diff: 48, Sum: 48, Workers: 4
[649.779s][debug][gc,phases      ] GC(58)   JVMTI Tag Weak OopStorage      Min:  0.0, Avg:  0.0, Max:  0.0, Diff:  0.0, Sum:  0.0, Workers: 4
[649.779s][debug][gc,phases      ] GC(58)     Dead                           Min: 0, Avg:  0.0, Max: 0, Diff: 0, Sum: 0, Workers: 4
[649.779s][debug][gc,phases      ] GC(58)     Total                          Min: 0, Avg:  0.0, Max: 0, Diff: 0, Sum: 0, Workers: 4
[649.779s][debug][gc,phases      ] GC(58)   StringTable Weak               Min:  0.0, Avg:  0.1, Max:  0.1, Diff:  0.1, Sum:  0.4, Workers: 4
[649.779s][debug][gc,phases      ] GC(58)     Dead                           Min: 0, Avg:  0.0, Max: 0, Diff: 0, Sum: 0, Workers: 4
[649.779s][debug][gc,phases      ] GC(58)     Total                          Min: 0, Avg: 10751.8, Max: 17792, Diff: 17792, Sum: 43007, Workers: 4
[649.779s][debug][gc,phases      ] GC(58)   ResolvedMethodTable Weak       Min:  0.0, Avg:  0.0, Max:  0.0, Diff:  0.0, Sum:  0.1, Workers: 4
[649.779s][debug][gc,phases      ] GC(58)     Dead                           Min: 0, Avg:  0.0, Max: 0, Diff: 0, Sum: 0, Workers: 4
[649.779s][debug][gc,phases      ] GC(58)     Total                          Min: 0, Avg: 2135.0, Max: 3520, Diff: 3520, Sum: 8540, Workers: 4
[649.779s][debug][gc,phases      ] GC(58)   JNI Weak                       Min:  0.0, Avg:  0.0, Max:  0.0, Diff:  0.0, Sum:  0.0, Workers: 4
[649.779s][debug][gc,phases      ] GC(58)     Dead                           Min: 0, Avg:  0.0, Max: 0, Diff: 0, Sum: 0, Workers: 4
[649.779s][debug][gc,phases      ] GC(58)     Total                          Min: 0, Avg: 11.2, Max: 45, Diff: 45, Sum: 45, Workers: 4
[649.779s][debug][gc,phases      ] GC(58)   StringDedup Table Weak         Min:  0.0, Avg:  0.0, Max:  0.0, Diff:  0.0, Sum:  0.0, Workers: 4
[649.779s][debug][gc,phases      ] GC(58)     Dead                           Min: 0, Avg:  0.0, Max: 0, Diff: 0, Sum: 0, Workers: 4
[649.779s][debug][gc,phases      ] GC(58)     Total                          Min: 0, Avg:  0.0, Max: 0, Diff: 0, Sum: 0, Workers: 4
[649.779s][debug][gc,phases      ] GC(58)   StringDedup Requests0 Weak     Min:  0.0, Avg:  0.0, Max:  0.0, Diff:  0.0, Sum:  0.0, Workers: 4
[649.779s][debug][gc,phases      ] GC(58)     Dead                           Min: 0, Avg:  0.0, Max: 0, Diff: 0, Sum: 0, Workers: 4
[649.779s][debug][gc,phases      ] GC(58)     Total                          Min: 0, Avg:  0.0, Max: 0, Diff: 0, Sum: 0, Workers: 4
[649.779s][debug][gc,phases      ] GC(58)   StringDedup Requests1 Weak     Min:  0.0, Avg:  0.0, Max:  0.0, Diff:  0.0, Sum:  0.0, Workers: 4
[649.779s][debug][gc,phases      ] GC(58)     Dead                           Min: 0, Avg:  0.0, Max: 0, Diff: 0, Sum: 0, Workers: 4
[649.779s][debug][gc,phases      ] GC(58)     Total                          Min: 0, Avg:  0.0, Max: 0, Diff: 0, Sum: 0, Workers: 4
[649.779s][debug][gc,phases      ] GC(58)   Weak JFR Old Object Samples    Min:  0.0, Avg:  0.0, Max:  0.0, Diff:  0.0, Sum:  0.0, Workers: 4
[649.779s][debug][gc,phases      ] GC(58)     Dead                           Min: 0, Avg:  0.0, Max: 0, Diff: 0, Sum: 0, Workers: 4
[649.779s][debug][gc,phases      ] GC(58)     Total                          Min: 0, Avg:  0.0, Max: 0, Diff: 0, Sum: 0, Workers: 4
[649.779s][debug][gc,phases      ] GC(58) Weak Processing 0.328ms
[649.779s][debug][gc,age         ] GC(58) Desired survivor size 112721920 bytes, new threshold 15 (max threshold 15)
[649.779s][info ][gc,heap        ] GC(58) PSYoungGen: 1862240K(1963008K)->24224K(1987072K) Eden: 1837568K(1837568K)->0K(1869824K) From: 24672K(125440K)->24224K(117248K)
[649.779s][info ][gc,heap        ] GC(58) ParOldGen: 309588K(387072K)->309620K(387072K)
[649.779s][info ][gc,metaspace   ] GC(58) Metaspace: 78668K(79552K)->78668K(79552K) NonClass: 67408K(67840K)->67408K(67840K) Class: 11260K(11712K)->11260K(11712K)
[649.779s][info ][gc             ] GC(58) Pause Young (Allocation Failure) 2120M->326M(2318M) 9.504ms
[649.779s][info ][gc,cpu         ] GC(58) User=0.04s Sys=0.00s Real=0.01s
[649.779s][info ][safepoint      ] Safepoint "ParallelGCFailedAllocation", Time since last: 2135907652 ns, Reaching safepoint: 25900 ns, At safepoint: 9569914 ns, Total: 9595814 ns
[667.780s][info ][safepoint      ] Safepoint "Cleanup", Time since last: 18001008488 ns, Reaching safepoint: 37100 ns, At safepoint: 4200 ns, Total: 41300 ns
[668.780s][info ][safepoint      ] Safepoint "Cleanup", Time since last: 1000111225 ns, Reaching safepoint: 36100 ns, At safepoint: 3300 ns, Total: 39400 ns
[669.320s][info ][gc,start       ] GC(59) Pause Young (Allocation Failure)
[669.333s][debug][gc,phases      ] GC(59) Scavenge 12.763ms
[669.333s][debug][gc,ref         ] GC(59) Skipped phase 1 of Reference Processing: no references
[669.333s][debug][gc,ref         ] GC(59) ReferenceProcessor::execute queues: 1, RefProcThreadModel::Single, marks_oops_alive: false
[669.333s][debug][gc,ref         ] GC(59) Skipped phase 3 of Reference Processing: no references
[669.333s][debug][gc,ref         ] GC(59) ReferenceProcessor::execute queues: 1, RefProcThreadModel::Single, marks_oops_alive: false
[669.333s][debug][gc,phases      ] GC(59) Reference Processing 0.101ms
[669.334s][debug][gc,phases      ] GC(59)   VM Weak                        Min:  0.0, Avg:  0.0, Max:  0.0, Diff:  0.0, Sum:  0.0, Workers: 4
[669.334s][debug][gc,phases      ] GC(59)     Dead                           Min: 0, Avg:  0.0, Max: 0, Diff: 0, Sum: 0, Workers: 4
[669.334s][debug][gc,phases      ] GC(59)     Total                          Min: 0, Avg: 176.0, Max: 384, Diff: 384, Sum: 704, Workers: 4
[669.334s][debug][gc,phases      ] GC(59)   ObjectSynchronizer Weak        Min:  0.0, Avg:  0.0, Max:  0.0, Diff:  0.0, Sum:  0.0, Workers: 4
[669.334s][debug][gc,phases      ] GC(59)     Dead                           Min: 0, Avg:  0.0, Max: 0, Diff: 0, Sum: 0, Workers: 4
[669.334s][debug][gc,phases      ] GC(59)     Total                          Min: 0, Avg: 12.0, Max: 48, Diff: 48, Sum: 48, Workers: 4
[669.334s][debug][gc,phases      ] GC(59)   JVMTI Tag Weak OopStorage      Min:  0.0, Avg:  0.0, Max:  0.0, Diff:  0.0, Sum:  0.0, Workers: 4
[669.334s][debug][gc,phases      ] GC(59)     Dead                           Min: 0, Avg:  0.0, Max: 0, Diff: 0, Sum: 0, Workers: 4
[669.334s][debug][gc,phases      ] GC(59)     Total                          Min: 0, Avg:  0.0, Max: 0, Diff: 0, Sum: 0, Workers: 4
[669.334s][debug][gc,phases      ] GC(59)   StringTable Weak               Min:  0.0, Avg:  0.1, Max:  0.1, Diff:  0.1, Sum:  0.4, Workers: 4
[669.334s][debug][gc,phases      ] GC(59)     Dead                           Min: 0, Avg:  0.0, Max: 0, Diff: 0, Sum: 0, Workers: 4
[669.334s][debug][gc,phases      ] GC(59)     Total                          Min: 0, Avg: 10751.8, Max: 14592, Diff: 14592, Sum: 43007, Workers: 4
[669.334s][debug][gc,phases      ] GC(59)   ResolvedMethodTable Weak       Min:  0.0, Avg:  0.0, Max:  0.0, Diff:  0.0, Sum:  0.1, Workers: 4
[669.334s][debug][gc,phases      ] GC(59)     Dead                           Min: 0, Avg:  0.0, Max: 0, Diff: 0, Sum: 0, Workers: 4
[669.334s][debug][gc,phases      ] GC(59)     Total                          Min: 0, Avg: 2135.0, Max: 3008, Diff: 3008, Sum: 8540, Workers: 4
[669.334s][debug][gc,phases      ] GC(59)   JNI Weak                       Min:  0.0, Avg:  0.0, Max:  0.0, Diff:  0.0, Sum:  0.0, Workers: 4
[669.334s][debug][gc,phases      ] GC(59)     Dead                           Min: 0, Avg:  0.0, Max: 0, Diff: 0, Sum: 0, Workers: 4
[669.334s][debug][gc,phases      ] GC(59)     Total                          Min: 0, Avg: 11.2, Max: 45, Diff: 45, Sum: 45, Workers: 4
[669.334s][debug][gc,phases      ] GC(59)   StringDedup Table Weak         Min:  0.0, Avg:  0.0, Max:  0.0, Diff:  0.0, Sum:  0.0, Workers: 4
[669.334s][debug][gc,phases      ] GC(59)     Dead                           Min: 0, Avg:  0.0, Max: 0, Diff: 0, Sum: 0, Workers: 4
[669.334s][debug][gc,phases      ] GC(59)     Total                          Min: 0, Avg:  0.0, Max: 0, Diff: 0, Sum: 0, Workers: 4
[669.334s][debug][gc,phases      ] GC(59)   StringDedup Requests0 Weak     Min:  0.0, Avg:  0.0, Max:  0.0, Diff:  0.0, Sum:  0.0, Workers: 4
[669.334s][debug][gc,phases      ] GC(59)     Dead                           Min: 0, Avg:  0.0, Max: 0, Diff: 0, Sum: 0, Workers: 4
[669.334s][debug][gc,phases      ] GC(59)     Total                          Min: 0, Avg:  0.0, Max: 0, Diff: 0, Sum: 0, Workers: 4
[669.334s][debug][gc,phases      ] GC(59)   StringDedup Requests1 Weak     Min:  0.0, Avg:  0.0, Max:  0.0, Diff:  0.0, Sum:  0.0, Workers: 4
[669.334s][debug][gc,phases      ] GC(59)     Dead                           Min: 0, Avg:  0.0, Max: 0, Diff: 0, Sum: 0, Workers: 4
[669.334s][debug][gc,phases      ] GC(59)     Total                          Min: 0, Avg:  0.0, Max: 0, Diff: 0, Sum: 0, Workers: 4
[669.334s][debug][gc,phases      ] GC(59)   Weak JFR Old Object Samples    Min:  0.0, Avg:  0.0, Max:  0.0, Diff:  0.0, Sum:  0.0, Workers: 4
[669.334s][debug][gc,phases      ] GC(59)     Dead                           Min: 0, Avg:  0.0, Max: 0, Diff: 0, Sum: 0, Workers: 4
[669.334s][debug][gc,phases      ] GC(59)     Total                          Min: 0, Avg:  0.0, Max: 0, Diff: 0, Sum: 0, Workers: 4
[669.334s][debug][gc,phases      ] GC(59) Weak Processing 0.419ms
[669.334s][debug][gc,age         ] GC(59) Desired survivor size 105381888 bytes, new threshold 15 (max threshold 15)
[669.334s][info ][gc,heap        ] GC(59) PSYoungGen: 1894048K(1987072K)->24304K(1979904K) Eden: 1869824K(1869824K)->0K(1869824K) From: 24224K(117248K)->24304K(110080K)
[669.334s][info ][gc,heap        ] GC(59) ParOldGen: 309620K(387072K)->309652K(387072K)
[669.334s][info ][gc,metaspace   ] GC(59) Metaspace: 78669K(79552K)->78669K(79552K) NonClass: 67408K(67840K)->67408K(67840K) Class: 11260K(11712K)->11260K(11712K)
[669.334s][info ][gc             ] GC(59) Pause Young (Allocation Failure) 2152M->326M(2311M) 13.392ms
[669.334s][info ][gc,cpu         ] GC(59) User=0.04s Sys=0.00s Real=0.01s
[669.334s][info ][safepoint      ] Safepoint "ParallelGCFailedAllocation", Time since last: 539939570 ns, Reaching safepoint: 159100 ns, At safepoint: 13466019 ns, Total: 13625119 ns
[674.334s][info ][safepoint      ] Safepoint "Cleanup", Time since last: 5000309224 ns, Reaching safepoint: 47700 ns, At safepoint: 2300 ns, Total: 50000 ns
[675.334s][info ][safepoint      ] Safepoint "Cleanup", Time since last: 1000136025 ns, Reaching safepoint: 35500 ns, At safepoint: 3000 ns, Total: 38500 ns
[687.335s][info ][safepoint      ] Safepoint "Cleanup", Time since last: 12000813078 ns, Reaching safepoint: 42200 ns, At safepoint: 2500 ns, Total: 44700 ns
[687.998s][info ][gc,start       ] GC(60) Pause Young (Allocation Failure)
[688.009s][debug][gc,phases      ] GC(60) Scavenge 11.418ms
[688.009s][debug][gc,ref         ] GC(60) Skipped phase 1 of Reference Processing: no references
[688.009s][debug][gc,ref         ] GC(60) ReferenceProcessor::execute queues: 1, RefProcThreadModel::Single, marks_oops_alive: false
[688.009s][debug][gc,ref         ] GC(60) Skipped phase 3 of Reference Processing: no references
[688.009s][debug][gc,ref         ] GC(60) ReferenceProcessor::execute queues: 1, RefProcThreadModel::Single, marks_oops_alive: false
[688.009s][debug][gc,phases      ] GC(60) Reference Processing 0.109ms
[688.010s][debug][gc,phases      ] GC(60)   VM Weak                        Min:  0.0, Avg:  0.0, Max:  0.0, Diff:  0.0, Sum:  0.0, Workers: 4
[688.010s][debug][gc,phases      ] GC(60)     Dead                           Min: 0, Avg:  0.0, Max: 0, Diff: 0, Sum: 0, Workers: 4
[688.010s][debug][gc,phases      ] GC(60)     Total                          Min: 0, Avg: 176.0, Max: 704, Diff: 704, Sum: 704, Workers: 4
[688.010s][debug][gc,phases      ] GC(60)   ObjectSynchronizer Weak        Min:  0.0, Avg:  0.0, Max:  0.0, Diff:  0.0, Sum:  0.0, Workers: 4
[688.010s][debug][gc,phases      ] GC(60)     Dead                           Min: 0, Avg:  0.0, Max: 0, Diff: 0, Sum: 0, Workers: 4
[688.010s][debug][gc,phases      ] GC(60)     Total                          Min: 0, Avg: 12.0, Max: 48, Diff: 48, Sum: 48, Workers: 4
[688.010s][debug][gc,phases      ] GC(60)   JVMTI Tag Weak OopStorage      Min:  0.0, Avg:  0.0, Max:  0.0, Diff:  0.0, Sum:  0.0, Workers: 4
[688.010s][debug][gc,phases      ] GC(60)     Dead                           Min: 0, Avg:  0.0, Max: 0, Diff: 0, Sum: 0, Workers: 4
[688.010s][debug][gc,phases      ] GC(60)     Total                          Min: 0, Avg:  0.0, Max: 0, Diff: 0, Sum: 0, Workers: 4
[688.010s][debug][gc,phases      ] GC(60)   StringTable Weak               Min:  0.0, Avg:  0.1, Max:  0.1, Diff:  0.1, Sum:  0.4, Workers: 4
[688.010s][debug][gc,phases      ] GC(60)     Dead                           Min: 0, Avg:  0.0, Max: 0, Diff: 0, Sum: 0, Workers: 4
[688.010s][debug][gc,phases      ] GC(60)     Total                          Min: 0, Avg: 10754.5, Max: 18762, Diff: 18762, Sum: 43018, Workers: 4
[688.010s][debug][gc,phases      ] GC(60)   ResolvedMethodTable Weak       Min:  0.0, Avg:  0.0, Max:  0.0, Diff:  0.0, Sum:  0.1, Workers: 4
[688.010s][debug][gc,phases      ] GC(60)     Dead                           Min: 0, Avg:  0.0, Max: 0, Diff: 0, Sum: 0, Workers: 4
[688.010s][debug][gc,phases      ] GC(60)     Total                          Min: 0, Avg: 2135.0, Max: 3584, Diff: 3584, Sum: 8540, Workers: 4
[688.010s][debug][gc,phases      ] GC(60)   JNI Weak                       Min:  0.0, Avg:  0.0, Max:  0.0, Diff:  0.0, Sum:  0.0, Workers: 4
[688.010s][debug][gc,phases      ] GC(60)     Dead                           Min: 0, Avg:  0.0, Max: 0, Diff: 0, Sum: 0, Workers: 4
[688.010s][debug][gc,phases      ] GC(60)     Total                          Min: 0, Avg: 11.2, Max: 45, Diff: 45, Sum: 45, Workers: 4
[688.010s][debug][gc,phases      ] GC(60)   StringDedup Table Weak         Min:  0.0, Avg:  0.0, Max:  0.0, Diff:  0.0, Sum:  0.0, Workers: 4
[688.010s][debug][gc,phases      ] GC(60)     Dead                           Min: 0, Avg:  0.0, Max: 0, Diff: 0, Sum: 0, Workers: 4
[688.010s][debug][gc,phases      ] GC(60)     Total                          Min: 0, Avg:  0.0, Max: 0, Diff: 0, Sum: 0, Workers: 4
[688.010s][debug][gc,phases      ] GC(60)   StringDedup Requests0 Weak     Min:  0.0, Avg:  0.0, Max:  0.0, Diff:  0.0, Sum:  0.0, Workers: 4
[688.010s][debug][gc,phases      ] GC(60)     Dead                           Min: 0, Avg:  0.0, Max: 0, Diff: 0, Sum: 0, Workers: 4
[688.010s][debug][gc,phases      ] GC(60)     Total                          Min: 0, Avg:  0.0, Max: 0, Diff: 0, Sum: 0, Workers: 4
[688.010s][debug][gc,phases      ] GC(60)   StringDedup Requests1 Weak     Min:  0.0, Avg:  0.0, Max:  0.0, Diff:  0.0, Sum:  0.0, Workers: 4
[688.010s][debug][gc,phases      ] GC(60)     Dead                           Min: 0, Avg:  0.0, Max: 0, Diff: 0, Sum: 0, Workers: 4
[688.010s][debug][gc,phases      ] GC(60)     Total                          Min: 0, Avg:  0.0, Max: 0, Diff: 0, Sum: 0, Workers: 4
[688.010s][debug][gc,phases      ] GC(60)   Weak JFR Old Object Samples    Min:  0.0, Avg:  0.0, Max:  0.0, Diff:  0.0, Sum:  0.0, Workers: 4
[688.010s][debug][gc,phases      ] GC(60)     Dead                           Min: 0, Avg:  0.0, Max: 0, Diff: 0, Sum: 0, Workers: 4
[688.010s][debug][gc,phases      ] GC(60)     Total                          Min: 0, Avg:  0.0, Max: 0, Diff: 0, Sum: 0, Workers: 4
[688.010s][debug][gc,phases      ] GC(60) Weak Processing 0.319ms
[688.010s][debug][gc,age         ] GC(60) Desired survivor size 99614720 bytes, new threshold 15 (max threshold 15)
[688.010s][info ][gc,heap        ] GC(60) PSYoungGen: 1894128K(1979904K)->23296K(1999872K) Eden: 1869824K(1869824K)->0K(1896960K) From: 24304K(110080K)->23296K(102912K)
[688.010s][info ][gc,heap        ] GC(60) ParOldGen: 309652K(387072K)->309796K(387072K)
[688.010s][info ][gc,metaspace   ] GC(60) Metaspace: 78671K(79552K)->78671K(79552K) NonClass: 67410K(67840K)->67410K(67840K) Class: 11260K(11712K)->11260K(11712K)
[688.010s][info ][gc             ] GC(60) Pause Young (Allocation Failure) 2152M->325M(2331M) 11.972ms
[688.010s][info ][gc,cpu         ] GC(60) User=0.04s Sys=0.00s Real=0.02s
[688.010s][info ][safepoint      ] Safepoint "ParallelGCFailedAllocation", Time since last: 662547042 ns, Reaching safepoint: 41000 ns, At safepoint: 12047117 ns, Total: 12088117 ns
[690.010s][info ][safepoint      ] Safepoint "Cleanup", Time since last: 2000139744 ns, Reaching safepoint: 49000 ns, At safepoint: 3100 ns, Total: 52100 ns
[697.011s][info ][safepoint      ] Safepoint "Cleanup", Time since last: 7000527348 ns, Reaching safepoint: 43900 ns, At safepoint: 4000 ns, Total: 47900 ns
[704.011s][info ][safepoint      ] Safepoint "Cleanup", Time since last: 7000471040 ns, Reaching safepoint: 29100 ns, At safepoint: 2800 ns, Total: 31900 ns
[705.011s][info ][safepoint      ] Safepoint "Cleanup", Time since last: 1000105720 ns, Reaching safepoint: 104700 ns, At safepoint: 2200 ns, Total: 106900 ns
[706.011s][info ][safepoint      ] Safepoint "Cleanup", Time since last: 1000054819 ns, Reaching safepoint: 31900 ns, At safepoint: 2400 ns, Total: 34300 ns
[707.669s][info ][gc,start       ] GC(61) Pause Young (Allocation Failure)
[707.677s][debug][gc,phases      ] GC(61) Scavenge 8.269ms
[707.677s][debug][gc,ref         ] GC(61) Skipped phase 1 of Reference Processing: no references
[707.677s][debug][gc,ref         ] GC(61) ReferenceProcessor::execute queues: 1, RefProcThreadModel::Single, marks_oops_alive: false
[707.677s][debug][gc,ref         ] GC(61) Skipped phase 3 of Reference Processing: no references
[707.677s][debug][gc,ref         ] GC(61) ReferenceProcessor::execute queues: 1, RefProcThreadModel::Single, marks_oops_alive: false
[707.677s][debug][gc,phases      ] GC(61) Reference Processing 0.098ms
[707.677s][debug][gc,phases      ] GC(61)   VM Weak                        Min:  0.0, Avg:  0.0, Max:  0.1, Diff:  0.1, Sum:  0.1, Workers: 4
[707.677s][debug][gc,phases      ] GC(61)     Dead                           Min: 0, Avg:  0.0, Max: 0, Diff: 0, Sum: 0, Workers: 4
[707.677s][debug][gc,phases      ] GC(61)     Total                          Min: 0, Avg: 176.0, Max: 384, Diff: 384, Sum: 704, Workers: 4
[707.677s][debug][gc,phases      ] GC(61)   ObjectSynchronizer Weak        Min:  0.0, Avg:  0.0, Max:  0.0, Diff:  0.0, Sum:  0.0, Workers: 4
[707.677s][debug][gc,phases      ] GC(61)     Dead                           Min: 0, Avg:  0.0, Max: 0, Diff: 0, Sum: 0, Workers: 4
[707.677s][debug][gc,phases      ] GC(61)     Total                          Min: 0, Avg: 12.0, Max: 48, Diff: 48, Sum: 48, Workers: 4
[707.677s][debug][gc,phases      ] GC(61)   JVMTI Tag Weak OopStorage      Min:  0.0, Avg:  0.0, Max:  0.0, Diff:  0.0, Sum:  0.0, Workers: 4
[707.677s][debug][gc,phases      ] GC(61)     Dead                           Min: 0, Avg:  0.0, Max: 0, Diff: 0, Sum: 0, Workers: 4
[707.677s][debug][gc,phases      ] GC(61)     Total                          Min: 0, Avg:  0.0, Max: 0, Diff: 0, Sum: 0, Workers: 4
[707.677s][debug][gc,phases      ] GC(61)   StringTable Weak               Min:  0.1, Avg:  0.1, Max:  0.1, Diff:  0.0, Sum:  0.4, Workers: 4
[707.677s][debug][gc,phases      ] GC(61)     Dead                           Min: 0, Avg:  0.0, Max: 0, Diff: 0, Sum: 0, Workers: 4
[707.677s][debug][gc,phases      ] GC(61)     Total                          Min: 7424, Avg: 10754.5, Max: 12362, Diff: 4938, Sum: 43018, Workers: 4
[707.677s][debug][gc,phases      ] GC(61)   ResolvedMethodTable Weak       Min:  0.0, Avg:  0.0, Max:  0.0, Diff:  0.0, Sum:  0.1, Workers: 4
[707.677s][debug][gc,phases      ] GC(61)     Dead                           Min: 0, Avg:  0.0, Max: 0, Diff: 0, Sum: 0, Workers: 4
[707.677s][debug][gc,phases      ] GC(61)     Total                          Min: 1984, Avg: 2135.0, Max: 2304, Diff: 320, Sum: 8540, Workers: 4
[707.677s][debug][gc,phases      ] GC(61)   JNI Weak                       Min:  0.0, Avg:  0.0, Max:  0.0, Diff:  0.0, Sum:  0.0, Workers: 4
[707.677s][debug][gc,phases      ] GC(61)     Dead                           Min: 0, Avg:  0.0, Max: 0, Diff: 0, Sum: 0, Workers: 4
[707.677s][debug][gc,phases      ] GC(61)     Total                          Min: 0, Avg: 11.2, Max: 45, Diff: 45, Sum: 45, Workers: 4
[707.677s][debug][gc,phases      ] GC(61)   StringDedup Table Weak         Min:  0.0, Avg:  0.0, Max:  0.0, Diff:  0.0, Sum:  0.0, Workers: 4
[707.677s][debug][gc,phases      ] GC(61)     Dead                           Min: 0, Avg:  0.0, Max: 0, Diff: 0, Sum: 0, Workers: 4
[707.677s][debug][gc,phases      ] GC(61)     Total                          Min: 0, Avg:  0.0, Max: 0, Diff: 0, Sum: 0, Workers: 4
[707.677s][debug][gc,phases      ] GC(61)   StringDedup Requests0 Weak     Min:  0.0, Avg:  0.0, Max:  0.0, Diff:  0.0, Sum:  0.0, Workers: 4
[707.677s][debug][gc,phases      ] GC(61)     Dead                           Min: 0, Avg:  0.0, Max: 0, Diff: 0, Sum: 0, Workers: 4
[707.677s][debug][gc,phases      ] GC(61)     Total                          Min: 0, Avg:  0.0, Max: 0, Diff: 0, Sum: 0, Workers: 4
[707.677s][debug][gc,phases      ] GC(61)   StringDedup Requests1 Weak     Min:  0.0, Avg:  0.0, Max:  0.0, Diff:  0.0, Sum:  0.0, Workers: 4
[707.677s][debug][gc,phases      ] GC(61)     Dead                           Min: 0, Avg:  0.0, Max: 0, Diff: 0, Sum: 0, Workers: 4
[707.677s][debug][gc,phases      ] GC(61)     Total                          Min: 0, Avg:  0.0, Max: 0, Diff: 0, Sum: 0, Workers: 4
[707.677s][debug][gc,phases      ] GC(61)   Weak JFR Old Object Samples    Min:  0.0, Avg:  0.0, Max:  0.0, Diff:  0.0, Sum:  0.0, Workers: 4
[707.677s][debug][gc,phases      ] GC(61)     Dead                           Min: 0, Avg:  0.0, Max: 0, Diff: 0, Sum: 0, Workers: 4
[707.677s][debug][gc,phases      ] GC(61)     Total                          Min: 0, Avg:  0.0, Max: 0, Diff: 0, Sum: 0, Workers: 4
[707.677s][debug][gc,phases      ] GC(61) Weak Processing 0.306ms
[707.677s][debug][gc,age         ] GC(61) Desired survivor size 93323264 bytes, new threshold 15 (max threshold 15)
[707.677s][info ][gc,heap        ] GC(61) PSYoungGen: 1920256K(1999872K)->23280K(1994240K) Eden: 1896960K(1896960K)->0K(1896960K) From: 23296K(102912K)->23280K(97280K)
[707.677s][info ][gc,heap        ] GC(61) ParOldGen: 309796K(387072K)->309828K(387072K)
[707.677s][info ][gc,metaspace   ] GC(61) Metaspace: 78677K(79616K)->78677K(79616K) NonClass: 67417K(67904K)->67417K(67904K) Class: 11260K(11712K)->11260K(11712K)
[707.678s][info ][gc             ] GC(61) Pause Young (Allocation Failure) 2177M->325M(2325M) 8.766ms
[707.678s][info ][gc,cpu         ] GC(61) User=0.03s Sys=0.00s Real=0.00s
[707.678s][info ][safepoint      ] Safepoint "ParallelGCFailedAllocation", Time since last: 1657205951 ns, Reaching safepoint: 26900 ns, At safepoint: 8823913 ns, Total: 8850813 ns
[708.678s][info ][safepoint      ] Safepoint "Cleanup", Time since last: 1000065618 ns, Reaching safepoint: 26100 ns, At safepoint: 2600 ns, Total: 28700 ns
[712.678s][info ][safepoint      ] Safepoint "Cleanup", Time since last: 4000299774 ns, Reaching safepoint: 69400 ns, At safepoint: 8700 ns, Total: 78100 ns
[715.678s][info ][safepoint      ] Safepoint "Cleanup", Time since last: 3000144753 ns, Reaching safepoint: 26800 ns, At safepoint: 2400 ns, Total: 29200 ns
[716.678s][info ][safepoint      ] Safepoint "Cleanup", Time since last: 1000117718 ns, Reaching safepoint: 62700 ns, At safepoint: 2400 ns, Total: 65100 ns
[719.679s][info ][safepoint      ] Safepoint "Cleanup", Time since last: 3000230651 ns, Reaching safepoint: 52100 ns, At safepoint: 7200 ns, Total: 59300 ns
[721.679s][info ][safepoint      ] Safepoint "Cleanup", Time since last: 2000165434 ns, Reaching safepoint: 51200 ns, At safepoint: 2300 ns, Total: 53500 ns
[725.679s][info ][safepoint      ] Safepoint "Cleanup", Time since last: 4000271965 ns, Reaching safepoint: 47600 ns, At safepoint: 2100 ns, Total: 49700 ns
[727.169s][info ][gc,start       ] GC(62) Pause Young (Allocation Failure)
[727.179s][debug][gc,phases      ] GC(62) Scavenge 10.308ms
[727.179s][debug][gc,ref         ] GC(62) Skipped phase 1 of Reference Processing: no references
[727.179s][debug][gc,ref         ] GC(62) ReferenceProcessor::execute queues: 1, RefProcThreadModel::Single, marks_oops_alive: false
[727.179s][debug][gc,ref         ] GC(62) Skipped phase 3 of Reference Processing: no references
[727.180s][debug][gc,ref         ] GC(62) ReferenceProcessor::execute queues: 1, RefProcThreadModel::Single, marks_oops_alive: false
[727.180s][debug][gc,phases      ] GC(62) Reference Processing 0.103ms
[727.180s][debug][gc,phases      ] GC(62)   VM Weak                        Min:  0.0, Avg:  0.0, Max:  0.0, Diff:  0.0, Sum:  0.0, Workers: 4
[727.180s][debug][gc,phases      ] GC(62)     Dead                           Min: 0, Avg:  0.0, Max: 0, Diff: 0, Sum: 0, Workers: 4
[727.180s][debug][gc,phases      ] GC(62)     Total                          Min: 0, Avg: 176.0, Max: 448, Diff: 448, Sum: 704, Workers: 4
[727.180s][debug][gc,phases      ] GC(62)   ObjectSynchronizer Weak        Min:  0.0, Avg:  0.0, Max:  0.0, Diff:  0.0, Sum:  0.0, Workers: 4
[727.180s][debug][gc,phases      ] GC(62)     Dead                           Min: 0, Avg:  0.0, Max: 0, Diff: 0, Sum: 0, Workers: 4
[727.180s][debug][gc,phases      ] GC(62)     Total                          Min: 0, Avg: 12.0, Max: 48, Diff: 48, Sum: 48, Workers: 4
[727.180s][debug][gc,phases      ] GC(62)   JVMTI Tag Weak OopStorage      Min:  0.0, Avg:  0.0, Max:  0.0, Diff:  0.0, Sum:  0.0, Workers: 4
[727.180s][debug][gc,phases      ] GC(62)     Dead                           Min: 0, Avg:  0.0, Max: 0, Diff: 0, Sum: 0, Workers: 4
[727.180s][debug][gc,phases      ] GC(62)     Total                          Min: 0, Avg:  0.0, Max: 0, Diff: 0, Sum: 0, Workers: 4
[727.180s][debug][gc,phases      ] GC(62)   StringTable Weak               Min:  0.1, Avg:  0.1, Max:  0.1, Diff:  0.0, Sum:  0.4, Workers: 4
[727.180s][debug][gc,phases      ] GC(62)     Dead                           Min: 0, Avg:  0.0, Max: 0, Diff: 0, Sum: 0, Workers: 4
[727.180s][debug][gc,phases      ] GC(62)     Total                          Min: 9536, Avg: 10754.5, Max: 11328, Diff: 1792, Sum: 43018, Workers: 4
[727.180s][debug][gc,phases      ] GC(62)   ResolvedMethodTable Weak       Min:  0.0, Avg:  0.0, Max:  0.0, Diff:  0.0, Sum:  0.1, Workers: 4
[727.180s][debug][gc,phases      ] GC(62)     Dead                           Min: 0, Avg:  0.0, Max: 0, Diff: 0, Sum: 0, Workers: 4
[727.180s][debug][gc,phases      ] GC(62)     Total                          Min: 2012, Avg: 2135.0, Max: 2240, Diff: 228, Sum: 8540, Workers: 4
[727.180s][debug][gc,phases      ] GC(62)   JNI Weak                       Min:  0.0, Avg:  0.0, Max:  0.0, Diff:  0.0, Sum:  0.0, Workers: 4
[727.180s][debug][gc,phases      ] GC(62)     Dead                           Min: 0, Avg:  0.0, Max: 0, Diff: 0, Sum: 0, Workers: 4
[727.180s][debug][gc,phases      ] GC(62)     Total                          Min: 0, Avg: 11.2, Max: 45, Diff: 45, Sum: 45, Workers: 4
[727.180s][debug][gc,phases      ] GC(62)   StringDedup Table Weak         Min:  0.0, Avg:  0.0, Max:  0.0, Diff:  0.0, Sum:  0.0, Workers: 4
[727.180s][debug][gc,phases      ] GC(62)     Dead                           Min: 0, Avg:  0.0, Max: 0, Diff: 0, Sum: 0, Workers: 4
[727.180s][debug][gc,phases      ] GC(62)     Total                          Min: 0, Avg:  0.0, Max: 0, Diff: 0, Sum: 0, Workers: 4
[727.180s][debug][gc,phases      ] GC(62)   StringDedup Requests0 Weak     Min:  0.0, Avg:  0.0, Max:  0.0, Diff:  0.0, Sum:  0.0, Workers: 4
[727.180s][debug][gc,phases      ] GC(62)     Dead                           Min: 0, Avg:  0.0, Max: 0, Diff: 0, Sum: 0, Workers: 4
[727.180s][debug][gc,phases      ] GC(62)     Total                          Min: 0, Avg:  0.0, Max: 0, Diff: 0, Sum: 0, Workers: 4
[727.180s][debug][gc,phases      ] GC(62)   StringDedup Requests1 Weak     Min:  0.0, Avg:  0.0, Max:  0.0, Diff:  0.0, Sum:  0.0, Workers: 4
[727.180s][debug][gc,phases      ] GC(62)     Dead                           Min: 0, Avg:  0.0, Max: 0, Diff: 0, Sum: 0, Workers: 4
[727.180s][debug][gc,phases      ] GC(62)     Total                          Min: 0, Avg:  0.0, Max: 0, Diff: 0, Sum: 0, Workers: 4
[727.180s][debug][gc,phases      ] GC(62)   Weak JFR Old Object Samples    Min:  0.0, Avg:  0.0, Max:  0.0, Diff:  0.0, Sum:  0.0, Workers: 4
[727.180s][debug][gc,phases      ] GC(62)     Dead                           Min: 0, Avg:  0.0, Max: 0, Diff: 0, Sum: 0, Workers: 4
[727.180s][debug][gc,phases      ] GC(62)     Total                          Min: 0, Avg:  0.0, Max: 0, Diff: 0, Sum: 0, Workers: 4
[727.180s][debug][gc,phases      ] GC(62) Weak Processing 0.293ms
[727.180s][debug][gc,age         ] GC(62) Desired survivor size 88080384 bytes, new threshold 15 (max threshold 15)
[727.180s][info ][gc,heap        ] GC(62) PSYoungGen: 1920240K(1994240K)->23152K(2011136K) Eden: 1896960K(1896960K)->0K(1920000K) From: 23280K(97280K)->23152K(91136K)
[727.180s][info ][gc,heap        ] GC(62) ParOldGen: 309828K(387072K)->309860K(387072K)
[727.180s][info ][gc,metaspace   ] GC(62) Metaspace: 78696K(79616K)->78696K(79616K) NonClass: 67436K(67904K)->67436K(67904K) Class: 11260K(11712K)->11260K(11712K)
[727.180s][info ][gc             ] GC(62) Pause Young (Allocation Failure) 2177M->325M(2342M) 10.828ms
[727.180s][info ][gc,cpu         ] GC(62) User=0.01s Sys=0.03s Real=0.01s
[727.180s][info ][safepoint      ] Safepoint "ParallelGCFailedAllocation", Time since last: 1489707309 ns, Reaching safepoint: 98200 ns, At safepoint: 10894815 ns, Total: 10993015 ns
[728.180s][info ][safepoint      ] Safepoint "Cleanup", Time since last: 1000078316 ns, Reaching safepoint: 52100 ns, At safepoint: 6700 ns, Total: 58800 ns
[729.180s][info ][safepoint      ] Safepoint "Cleanup", Time since last: 1000107416 ns, Reaching safepoint: 42800 ns, At safepoint: 2400 ns, Total: 45200 ns
[740.181s][info ][safepoint      ] Safepoint "Cleanup", Time since last: 11000758260 ns, Reaching safepoint: 49400 ns, At safepoint: 26900 ns, Total: 76300 ns
[747.569s][info ][gc,start       ] GC(63) Pause Young (Allocation Failure)
[747.577s][debug][gc,phases      ] GC(63) Scavenge 8.053ms
[747.577s][debug][gc,ref         ] GC(63) Skipped phase 1 of Reference Processing: no references
[747.577s][debug][gc,ref         ] GC(63) ReferenceProcessor::execute queues: 1, RefProcThreadModel::Single, marks_oops_alive: false
[747.577s][debug][gc,ref         ] GC(63) Skipped phase 3 of Reference Processing: no references
[747.577s][debug][gc,ref         ] GC(63) ReferenceProcessor::execute queues: 1, RefProcThreadModel::Single, marks_oops_alive: false
[747.577s][debug][gc,phases      ] GC(63) Reference Processing 0.099ms
[747.577s][debug][gc,phases      ] GC(63)   VM Weak                        Min:  0.0, Avg:  0.0, Max:  0.0, Diff:  0.0, Sum:  0.0, Workers: 4
[747.577s][debug][gc,phases      ] GC(63)     Dead                           Min: 0, Avg:  0.0, Max: 0, Diff: 0, Sum: 0, Workers: 4
[747.577s][debug][gc,phases      ] GC(63)     Total                          Min: 0, Avg: 176.0, Max: 576, Diff: 576, Sum: 704, Workers: 4
[747.577s][debug][gc,phases      ] GC(63)   ObjectSynchronizer Weak        Min:  0.0, Avg:  0.0, Max:  0.0, Diff:  0.0, Sum:  0.0, Workers: 4
[747.577s][debug][gc,phases      ] GC(63)     Dead                           Min: 0, Avg:  0.0, Max: 0, Diff: 0, Sum: 0, Workers: 4
[747.577s][debug][gc,phases      ] GC(63)     Total                          Min: 0, Avg: 12.0, Max: 48, Diff: 48, Sum: 48, Workers: 4
[747.577s][debug][gc,phases      ] GC(63)   JVMTI Tag Weak OopStorage      Min:  0.0, Avg:  0.0, Max:  0.0, Diff:  0.0, Sum:  0.0, Workers: 4
[747.577s][debug][gc,phases      ] GC(63)     Dead                           Min: 0, Avg:  0.0, Max: 0, Diff: 0, Sum: 0, Workers: 4
[747.577s][debug][gc,phases      ] GC(63)     Total                          Min: 0, Avg:  0.0, Max: 0, Diff: 0, Sum: 0, Workers: 4
[747.577s][debug][gc,phases      ] GC(63)   StringTable Weak               Min:  0.1, Avg:  0.1, Max:  0.1, Diff:  0.0, Sum:  0.4, Workers: 4
[747.577s][debug][gc,phases      ] GC(63)     Dead                           Min: 0, Avg:  0.0, Max: 0, Diff: 0, Sum: 0, Workers: 4
[747.577s][debug][gc,phases      ] GC(63)     Total                          Min: 10240, Avg: 10754.8, Max: 11211, Diff: 971, Sum: 43019, Workers: 4
[747.577s][debug][gc,phases      ] GC(63)   ResolvedMethodTable Weak       Min:  0.0, Avg:  0.0, Max:  0.0, Diff:  0.0, Sum:  0.1, Workers: 4
[747.577s][debug][gc,phases      ] GC(63)     Dead                           Min: 0, Avg:  0.0, Max: 0, Diff: 0, Sum: 0, Workers: 4
[747.577s][debug][gc,phases      ] GC(63)     Total                          Min: 2048, Avg: 2135.5, Max: 2240, Diff: 192, Sum: 8542, Workers: 4
[747.577s][debug][gc,phases      ] GC(63)   JNI Weak                       Min:  0.0, Avg:  0.0, Max:  0.0, Diff:  0.0, Sum:  0.0, Workers: 4
[747.577s][debug][gc,phases      ] GC(63)     Dead                           Min: 0, Avg:  0.0, Max: 0, Diff: 0, Sum: 0, Workers: 4
[747.577s][debug][gc,phases      ] GC(63)     Total                          Min: 0, Avg: 11.2, Max: 45, Diff: 45, Sum: 45, Workers: 4
[747.577s][debug][gc,phases      ] GC(63)   StringDedup Table Weak         Min:  0.0, Avg:  0.0, Max:  0.0, Diff:  0.0, Sum:  0.0, Workers: 4
[747.577s][debug][gc,phases      ] GC(63)     Dead                           Min: 0, Avg:  0.0, Max: 0, Diff: 0, Sum: 0, Workers: 4
[747.577s][debug][gc,phases      ] GC(63)     Total                          Min: 0, Avg:  0.0, Max: 0, Diff: 0, Sum: 0, Workers: 4
[747.577s][debug][gc,phases      ] GC(63)   StringDedup Requests0 Weak     Min:  0.0, Avg:  0.0, Max:  0.0, Diff:  0.0, Sum:  0.0, Workers: 4
[747.577s][debug][gc,phases      ] GC(63)     Dead                           Min: 0, Avg:  0.0, Max: 0, Diff: 0, Sum: 0, Workers: 4
[747.577s][debug][gc,phases      ] GC(63)     Total                          Min: 0, Avg:  0.0, Max: 0, Diff: 0, Sum: 0, Workers: 4
[747.577s][debug][gc,phases      ] GC(63)   StringDedup Requests1 Weak     Min:  0.0, Avg:  0.0, Max:  0.0, Diff:  0.0, Sum:  0.0, Workers: 4
[747.577s][debug][gc,phases      ] GC(63)     Dead                           Min: 0, Avg:  0.0, Max: 0, Diff: 0, Sum: 0, Workers: 4
[747.577s][debug][gc,phases      ] GC(63)     Total                          Min: 0, Avg:  0.0, Max: 0, Diff: 0, Sum: 0, Workers: 4
[747.577s][debug][gc,phases      ] GC(63)   Weak JFR Old Object Samples    Min:  0.0, Avg:  0.0, Max:  0.0, Diff:  0.0, Sum:  0.0, Workers: 4
[747.577s][debug][gc,phases      ] GC(63)     Dead                           Min: 0, Avg:  0.0, Max: 0, Diff: 0, Sum: 0, Workers: 4
[747.577s][debug][gc,phases      ] GC(63)     Total                          Min: 0, Avg:  0.0, Max: 0, Diff: 0, Sum: 0, Workers: 4
[747.577s][debug][gc,phases      ] GC(63) Weak Processing 0.284ms
[747.577s][debug][gc,age         ] GC(63) Desired survivor size 82837504 bytes, new threshold 15 (max threshold 15)
[747.577s][info ][gc,heap        ] GC(63) PSYoungGen: 1943152K(2011136K)->23216K(2006016K) Eden: 1920000K(1920000K)->0K(1920000K) From: 23152K(91136K)->23216K(86016K)
[747.577s][info ][gc,heap        ] GC(63) ParOldGen: 309860K(387072K)->309868K(387072K)
[747.577s][info ][gc,metaspace   ] GC(63) Metaspace: 78699K(79616K)->78699K(79616K) NonClass: 67438K(67904K)->67438K(67904K) Class: 11261K(11712K)->11261K(11712K)
[747.577s][info ][gc             ] GC(63) Pause Young (Allocation Failure) 2200M->325M(2337M) 8.536ms
[747.577s][info ][gc,cpu         ] GC(63) User=0.03s Sys=0.00s Real=0.00s
[747.577s][info ][safepoint      ] Safepoint "ParallelGCFailedAllocation", Time since last: 7387740639 ns, Reaching safepoint: 30300 ns, At safepoint: 8599712 ns, Total: 8630012 ns
[767.729s][info ][gc,start       ] GC(64) Pause Young (Allocation Failure)
[767.740s][debug][gc,phases      ] GC(64) Scavenge 11.360ms
[767.740s][debug][gc,ref         ] GC(64) Skipped phase 1 of Reference Processing: no references
[767.740s][debug][gc,ref         ] GC(64) ReferenceProcessor::execute queues: 1, RefProcThreadModel::Single, marks_oops_alive: false
[767.740s][debug][gc,ref         ] GC(64) Skipped phase 3 of Reference Processing: no references
[767.740s][debug][gc,ref         ] GC(64) ReferenceProcessor::execute queues: 1, RefProcThreadModel::Single, marks_oops_alive: false
[767.740s][debug][gc,phases      ] GC(64) Reference Processing 0.086ms
[767.740s][debug][gc,phases      ] GC(64)   VM Weak                        Min:  0.0, Avg:  0.0, Max:  0.0, Diff:  0.0, Sum:  0.0, Workers: 4
[767.740s][debug][gc,phases      ] GC(64)     Dead                           Min: 0, Avg:  0.0, Max: 0, Diff: 0, Sum: 0, Workers: 4
[767.740s][debug][gc,phases      ] GC(64)     Total                          Min: 0, Avg: 176.0, Max: 704, Diff: 704, Sum: 704, Workers: 4
[767.740s][debug][gc,phases      ] GC(64)   ObjectSynchronizer Weak        Min:  0.0, Avg:  0.0, Max:  0.0, Diff:  0.0, Sum:  0.0, Workers: 4
[767.740s][debug][gc,phases      ] GC(64)     Dead                           Min: 0, Avg:  0.0, Max: 0, Diff: 0, Sum: 0, Workers: 4
[767.740s][debug][gc,phases      ] GC(64)     Total                          Min: 0, Avg: 12.0, Max: 48, Diff: 48, Sum: 48, Workers: 4
[767.740s][debug][gc,phases      ] GC(64)   JVMTI Tag Weak OopStorage      Min:  0.0, Avg:  0.0, Max:  0.0, Diff:  0.0, Sum:  0.0, Workers: 4
[767.740s][debug][gc,phases      ] GC(64)     Dead                           Min: 0, Avg:  0.0, Max: 0, Diff: 0, Sum: 0, Workers: 4
[767.740s][debug][gc,phases      ] GC(64)     Total                          Min: 0, Avg:  0.0, Max: 0, Diff: 0, Sum: 0, Workers: 4
[767.740s][debug][gc,phases      ] GC(64)   StringTable Weak               Min:  0.1, Avg:  0.1, Max:  0.1, Diff:  0.0, Sum:  0.4, Workers: 4
[767.740s][debug][gc,phases      ] GC(64)     Dead                           Min: 0, Avg:  0.0, Max: 0, Diff: 0, Sum: 0, Workers: 4
[767.740s][debug][gc,phases      ] GC(64)     Total                          Min: 9216, Avg: 10754.8, Max: 12352, Diff: 3136, Sum: 43019, Workers: 4
[767.740s][debug][gc,phases      ] GC(64)   ResolvedMethodTable Weak       Min:  0.0, Avg:  0.0, Max:  0.0, Diff:  0.0, Sum:  0.1, Workers: 4
[767.740s][debug][gc,phases      ] GC(64)     Dead                           Min: 0, Avg:  0.0, Max: 0, Diff: 0, Sum: 0, Workers: 4
[767.740s][debug][gc,phases      ] GC(64)     Total                          Min: 1920, Avg: 2135.5, Max: 2270, Diff: 350, Sum: 8542, Workers: 4
[767.740s][debug][gc,phases      ] GC(64)   JNI Weak                       Min:  0.0, Avg:  0.0, Max:  0.0, Diff:  0.0, Sum:  0.0, Workers: 4
[767.740s][debug][gc,phases      ] GC(64)     Dead                           Min: 0, Avg:  0.0, Max: 0, Diff: 0, Sum: 0, Workers: 4
[767.740s][debug][gc,phases      ] GC(64)     Total                          Min: 0, Avg: 11.2, Max: 45, Diff: 45, Sum: 45, Workers: 4
[767.740s][debug][gc,phases      ] GC(64)   StringDedup Table Weak         Min:  0.0, Avg:  0.0, Max:  0.0, Diff:  0.0, Sum:  0.0, Workers: 4
[767.740s][debug][gc,phases      ] GC(64)     Dead                           Min: 0, Avg:  0.0, Max: 0, Diff: 0, Sum: 0, Workers: 4
[767.740s][debug][gc,phases      ] GC(64)     Total                          Min: 0, Avg:  0.0, Max: 0, Diff: 0, Sum: 0, Workers: 4
[767.740s][debug][gc,phases      ] GC(64)   StringDedup Requests0 Weak     Min:  0.0, Avg:  0.0, Max:  0.0, Diff:  0.0, Sum:  0.0, Workers: 4
[767.740s][debug][gc,phases      ] GC(64)     Dead                           Min: 0, Avg:  0.0, Max: 0, Diff: 0, Sum: 0, Workers: 4
[767.740s][debug][gc,phases      ] GC(64)     Total                          Min: 0, Avg:  0.0, Max: 0, Diff: 0, Sum: 0, Workers: 4
[767.740s][debug][gc,phases      ] GC(64)   StringDedup Requests1 Weak     Min:  0.0, Avg:  0.0, Max:  0.0, Diff:  0.0, Sum:  0.0, Workers: 4
[767.741s][debug][gc,phases      ] GC(64)     Dead                           Min: 0, Avg:  0.0, Max: 0, Diff: 0, Sum: 0, Workers: 4
[767.741s][debug][gc,phases      ] GC(64)     Total                          Min: 0, Avg:  0.0, Max: 0, Diff: 0, Sum: 0, Workers: 4
[767.741s][debug][gc,phases      ] GC(64)   Weak JFR Old Object Samples    Min:  0.0, Avg:  0.0, Max:  0.0, Diff:  0.0, Sum:  0.0, Workers: 4
[767.741s][debug][gc,phases      ] GC(64)     Dead                           Min: 0, Avg:  0.0, Max: 0, Diff: 0, Sum: 0, Workers: 4
[767.741s][debug][gc,phases      ] GC(64)     Total                          Min: 0, Avg:  0.0, Max: 0, Diff: 0, Sum: 0, Workers: 4
[767.741s][debug][gc,phases      ] GC(64) Weak Processing 0.307ms
[767.741s][debug][gc,age         ] GC(64) Desired survivor size 78643200 bytes, new threshold 15 (max threshold 15)
[767.741s][info ][gc,heap        ] GC(64) PSYoungGen: 1943216K(2006016K)->22400K(2020352K) Eden: 1920000K(1920000K)->0K(1939456K) From: 23216K(86016K)->22400K(80896K)
[767.741s][info ][gc,heap        ] GC(64) ParOldGen: 309868K(387072K)->310852K(387072K)
[767.741s][info ][gc,metaspace   ] GC(64) Metaspace: 78699K(79616K)->78699K(79616K) NonClass: 67438K(67904K)->67438K(67904K) Class: 11261K(11712K)->11261K(11712K)
[767.741s][info ][gc             ] GC(64) Pause Young (Allocation Failure) 2200M->325M(2351M) 11.864ms
[767.741s][info ][gc,cpu         ] GC(64) User=0.03s Sys=0.00s Real=0.01s
[767.741s][info ][safepoint      ] Safepoint "ParallelGCFailedAllocation", Time since last: 20151182933 ns, Reaching safepoint: 99000 ns, At safepoint: 11930617 ns, Total: 12029617 ns
[781.742s][info ][safepoint      ] Safepoint "Cleanup", Time since last: 14000910121 ns, Reaching safepoint: 97200 ns, At safepoint: 2500 ns, Total: 99700 ns
[782.742s][info ][safepoint      ] Safepoint "Cleanup", Time since last: 1000110708 ns, Reaching safepoint: 57500 ns, At safepoint: 8500 ns, Total: 66000 ns
[784.742s][info ][safepoint      ] Safepoint "Cleanup", Time since last: 2000182314 ns, Reaching safepoint: 57101 ns, At safepoint: 11200 ns, Total: 68301 ns
[785.742s][info ][safepoint      ] Safepoint "Cleanup", Time since last: 1000117107 ns, Reaching safepoint: 41500 ns, At safepoint: 2700 ns, Total: 44200 ns
[788.572s][info ][safepoint      ] Safepoint "ParallelGCFailedAllocation", Time since last: 2829589280 ns, Reaching safepoint: 97901 ns, At safepoint: 18700 ns, Total: 116601 ns
[788.572s][info ][gc,start       ] GC(65) Pause Young (GCLocker Initiated GC)
[788.584s][debug][gc,phases      ] GC(65) Scavenge 11.973ms
[788.584s][debug][gc,ref         ] GC(65) Skipped phase 1 of Reference Processing: no references
[788.584s][debug][gc,ref         ] GC(65) ReferenceProcessor::execute queues: 1, RefProcThreadModel::Single, marks_oops_alive: false
[788.584s][debug][gc,ref         ] GC(65) Skipped phase 3 of Reference Processing: no references
[788.584s][debug][gc,ref         ] GC(65) ReferenceProcessor::execute queues: 1, RefProcThreadModel::Single, marks_oops_alive: false
[788.584s][debug][gc,phases      ] GC(65) Reference Processing 0.140ms
[788.585s][debug][gc,phases      ] GC(65)   VM Weak                        Min:  0.0, Avg:  0.0, Max:  0.0, Diff:  0.0, Sum:  0.0, Workers: 4
[788.585s][debug][gc,phases      ] GC(65)     Dead                           Min: 0, Avg:  0.0, Max: 0, Diff: 0, Sum: 0, Workers: 4
[788.585s][debug][gc,phases      ] GC(65)     Total                          Min: 0, Avg: 176.5, Max: 706, Diff: 706, Sum: 706, Workers: 4
[788.585s][debug][gc,phases      ] GC(65)   ObjectSynchronizer Weak        Min:  0.0, Avg:  0.0, Max:  0.0, Diff:  0.0, Sum:  0.0, Workers: 4
[788.585s][debug][gc,phases      ] GC(65)     Dead                           Min: 0, Avg:  0.0, Max: 0, Diff: 0, Sum: 0, Workers: 4
[788.585s][debug][gc,phases      ] GC(65)     Total                          Min: 0, Avg: 12.0, Max: 48, Diff: 48, Sum: 48, Workers: 4
[788.585s][debug][gc,phases      ] GC(65)   JVMTI Tag Weak OopStorage      Min:  0.0, Avg:  0.0, Max:  0.0, Diff:  0.0, Sum:  0.0, Workers: 4
[788.585s][debug][gc,phases      ] GC(65)     Dead                           Min: 0, Avg:  0.0, Max: 0, Diff: 0, Sum: 0, Workers: 4
[788.585s][debug][gc,phases      ] GC(65)     Total                          Min: 0, Avg:  0.0, Max: 0, Diff: 0, Sum: 0, Workers: 4
[788.585s][debug][gc,phases      ] GC(65)   StringTable Weak               Min:  0.0, Avg:  0.1, Max:  0.1, Diff:  0.1, Sum:  0.4, Workers: 4
[788.585s][debug][gc,phases      ] GC(65)     Dead                           Min: 0, Avg:  0.8, Max: 3, Diff: 3, Sum: 3, Workers: 4
[788.585s][debug][gc,phases      ] GC(65)     Total                          Min: 0, Avg: 10763.0, Max: 14574, Diff: 14574, Sum: 43052, Workers: 4
[788.585s][debug][gc,phases      ] GC(65)   ResolvedMethodTable Weak       Min:  0.0, Avg:  0.0, Max:  0.0, Diff:  0.0, Sum:  0.1, Workers: 4
[788.585s][debug][gc,phases      ] GC(65)     Dead                           Min: 0, Avg:  0.0, Max: 0, Diff: 0, Sum: 0, Workers: 4
[788.585s][debug][gc,phases      ] GC(65)     Total                          Min: 0, Avg: 2147.2, Max: 2893, Diff: 2893, Sum: 8589, Workers: 4
[788.585s][debug][gc,phases      ] GC(65)   JNI Weak                       Min:  0.0, Avg:  0.0, Max:  0.0, Diff:  0.0, Sum:  0.0, Workers: 4
[788.585s][debug][gc,phases      ] GC(65)     Dead                           Min: 0, Avg:  0.0, Max: 0, Diff: 0, Sum: 0, Workers: 4
[788.585s][debug][gc,phases      ] GC(65)     Total                          Min: 0, Avg: 11.2, Max: 45, Diff: 45, Sum: 45, Workers: 4
[788.585s][debug][gc,phases      ] GC(65)   StringDedup Table Weak         Min:  0.0, Avg:  0.0, Max:  0.0, Diff:  0.0, Sum:  0.0, Workers: 4
[788.585s][debug][gc,phases      ] GC(65)     Dead                           Min: 0, Avg:  0.0, Max: 0, Diff: 0, Sum: 0, Workers: 4
[788.585s][debug][gc,phases      ] GC(65)     Total                          Min: 0, Avg:  0.0, Max: 0, Diff: 0, Sum: 0, Workers: 4
[788.585s][debug][gc,phases      ] GC(65)   StringDedup Requests0 Weak     Min:  0.0, Avg:  0.0, Max:  0.0, Diff:  0.0, Sum:  0.0, Workers: 4
[788.585s][debug][gc,phases      ] GC(65)     Dead                           Min: 0, Avg:  0.0, Max: 0, Diff: 0, Sum: 0, Workers: 4
[788.585s][debug][gc,phases      ] GC(65)     Total                          Min: 0, Avg:  0.0, Max: 0, Diff: 0, Sum: 0, Workers: 4
[788.585s][debug][gc,phases      ] GC(65)   StringDedup Requests1 Weak     Min:  0.0, Avg:  0.0, Max:  0.0, Diff:  0.0, Sum:  0.0, Workers: 4
[788.585s][debug][gc,phases      ] GC(65)     Dead                           Min: 0, Avg:  0.0, Max: 0, Diff: 0, Sum: 0, Workers: 4
[788.585s][debug][gc,phases      ] GC(65)     Total                          Min: 0, Avg:  0.0, Max: 0, Diff: 0, Sum: 0, Workers: 4
[788.585s][debug][gc,phases      ] GC(65)   Weak JFR Old Object Samples    Min:  0.0, Avg:  0.0, Max:  0.0, Diff:  0.0, Sum:  0.0, Workers: 4
[788.585s][debug][gc,phases      ] GC(65)     Dead                           Min: 0, Avg:  0.0, Max: 0, Diff: 0, Sum: 0, Workers: 4
[788.585s][debug][gc,phases      ] GC(65)     Total                          Min: 0, Avg:  0.0, Max: 0, Diff: 0, Sum: 0, Workers: 4
[788.585s][debug][gc,phases      ] GC(65) Weak Processing 0.438ms
[788.585s][debug][gc,age         ] GC(65) Desired survivor size 75497472 bytes, new threshold 15 (max threshold 15)
[788.585s][info ][gc,heap        ] GC(65) PSYoungGen: 1961856K(2020352K)->14368K(2016256K) Eden: 1939456K(1939456K)->0K(1939456K) From: 22400K(80896K)->14368K(76800K)
[788.585s][info ][gc,heap        ] GC(65) ParOldGen: 310853K(387072K)->319613K(387072K)
[788.585s][info ][gc,metaspace   ] GC(65) Metaspace: 78833K(79744K)->78833K(79744K) NonClass: 67543K(68032K)->67543K(68032K) Class: 11290K(11712K)->11290K(11712K)
[788.585s][info ][gc             ] GC(65) Pause Young (GCLocker Initiated GC) 2219M->326M(2347M) 12.682ms
[788.585s][info ][gc,cpu         ] GC(65) User=0.03s Sys=0.00s Real=0.01s
[788.585s][info ][safepoint      ] Safepoint "ParallelGCSystemGC", Time since last: 107500 ns, Reaching safepoint: 105900 ns, At safepoint: 12767018 ns, Total: 12872918 ns
[791.585s][info ][safepoint      ] Safepoint "Cleanup", Time since last: 3000244019 ns, Reaching safepoint: 42200 ns, At safepoint: 4300 ns, Total: 46500 ns
[808.720s][info ][gc,start       ] GC(66) Pause Young (Allocation Failure)
[808.728s][debug][gc,phases      ] GC(66) Scavenge 7.810ms
[808.728s][debug][gc,ref         ] GC(66) Skipped phase 1 of Reference Processing: no references
[808.728s][debug][gc,ref         ] GC(66) ReferenceProcessor::execute queues: 1, RefProcThreadModel::Single, marks_oops_alive: false
[808.728s][debug][gc,ref         ] GC(66) ReferenceProcessor::execute queues: 4, RefProcThreadModel::Multi, marks_oops_alive: true
[808.728s][debug][gc,ref         ] GC(66) ReferenceProcessor::execute queues: 1, RefProcThreadModel::Single, marks_oops_alive: false
[808.728s][debug][gc,phases      ] GC(66) Reference Processing 0.171ms
[808.728s][debug][gc,phases      ] GC(66)   VM Weak                        Min:  0.0, Avg:  0.0, Max:  0.0, Diff:  0.0, Sum:  0.0, Workers: 4
[808.728s][debug][gc,phases      ] GC(66)     Dead                           Min: 0, Avg:  0.0, Max: 0, Diff: 0, Sum: 0, Workers: 4
[808.728s][debug][gc,phases      ] GC(66)     Total                          Min: 0, Avg: 176.5, Max: 640, Diff: 640, Sum: 706, Workers: 4
[808.728s][debug][gc,phases      ] GC(66)   ObjectSynchronizer Weak        Min:  0.0, Avg:  0.0, Max:  0.0, Diff:  0.0, Sum:  0.0, Workers: 4
[808.728s][debug][gc,phases      ] GC(66)     Dead                           Min: 0, Avg:  0.0, Max: 0, Diff: 0, Sum: 0, Workers: 4
[808.728s][debug][gc,phases      ] GC(66)     Total                          Min: 0, Avg: 12.0, Max: 48, Diff: 48, Sum: 48, Workers: 4
[808.728s][debug][gc,phases      ] GC(66)   JVMTI Tag Weak OopStorage      Min:  0.0, Avg:  0.0, Max:  0.0, Diff:  0.0, Sum:  0.0, Workers: 4
[808.728s][debug][gc,phases      ] GC(66)     Dead                           Min: 0, Avg:  0.0, Max: 0, Diff: 0, Sum: 0, Workers: 4
[808.728s][debug][gc,phases      ] GC(66)     Total                          Min: 0, Avg:  0.0, Max: 0, Diff: 0, Sum: 0, Workers: 4
[808.728s][debug][gc,phases      ] GC(66)   StringTable Weak               Min:  0.1, Avg:  0.1, Max:  0.1, Diff:  0.0, Sum:  0.4, Workers: 4
[808.728s][debug][gc,phases      ] GC(66)     Dead                           Min: 0, Avg:  0.0, Max: 0, Diff: 0, Sum: 0, Workers: 4
[808.728s][debug][gc,phases      ] GC(66)     Total                          Min: 10112, Avg: 10763.2, Max: 11199, Diff: 1087, Sum: 43053, Workers: 4
[808.728s][debug][gc,phases      ] GC(66)   ResolvedMethodTable Weak       Min:  0.0, Avg:  0.0, Max:  0.0, Diff:  0.0, Sum:  0.1, Workers: 4
[808.728s][debug][gc,phases      ] GC(66)     Dead                           Min: 0, Avg:  0.0, Max: 0, Diff: 0, Sum: 0, Workers: 4
[808.728s][debug][gc,phases      ] GC(66)     Total                          Min: 2048, Avg: 2147.8, Max: 2240, Diff: 192, Sum: 8591, Workers: 4
[808.728s][debug][gc,phases      ] GC(66)   JNI Weak                       Min:  0.0, Avg:  0.0, Max:  0.0, Diff:  0.0, Sum:  0.0, Workers: 4
[808.728s][debug][gc,phases      ] GC(66)     Dead                           Min: 0, Avg:  0.0, Max: 0, Diff: 0, Sum: 0, Workers: 4
[808.729s][debug][gc,phases      ] GC(66)     Total                          Min: 0, Avg: 11.2, Max: 45, Diff: 45, Sum: 45, Workers: 4
[808.729s][debug][gc,phases      ] GC(66)   StringDedup Table Weak         Min:  0.0, Avg:  0.0, Max:  0.0, Diff:  0.0, Sum:  0.0, Workers: 4
[808.729s][debug][gc,phases      ] GC(66)     Dead                           Min: 0, Avg:  0.0, Max: 0, Diff: 0, Sum: 0, Workers: 4
[808.729s][debug][gc,phases      ] GC(66)     Total                          Min: 0, Avg:  0.0, Max: 0, Diff: 0, Sum: 0, Workers: 4
[808.729s][debug][gc,phases      ] GC(66)   StringDedup Requests0 Weak     Min:  0.0, Avg:  0.0, Max:  0.0, Diff:  0.0, Sum:  0.0, Workers: 4
[808.729s][debug][gc,phases      ] GC(66)     Dead                           Min: 0, Avg:  0.0, Max: 0, Diff: 0, Sum: 0, Workers: 4
[808.729s][debug][gc,phases      ] GC(66)     Total                          Min: 0, Avg:  0.0, Max: 0, Diff: 0, Sum: 0, Workers: 4
[808.729s][debug][gc,phases      ] GC(66)   StringDedup Requests1 Weak     Min:  0.0, Avg:  0.0, Max:  0.0, Diff:  0.0, Sum:  0.0, Workers: 4
[808.729s][debug][gc,phases      ] GC(66)     Dead                           Min: 0, Avg:  0.0, Max: 0, Diff: 0, Sum: 0, Workers: 4
[808.729s][debug][gc,phases      ] GC(66)     Total                          Min: 0, Avg:  0.0, Max: 0, Diff: 0, Sum: 0, Workers: 4
[808.729s][debug][gc,phases      ] GC(66)   Weak JFR Old Object Samples    Min:  0.0, Avg:  0.0, Max:  0.0, Diff:  0.0, Sum:  0.0, Workers: 4
[808.729s][debug][gc,phases      ] GC(66)     Dead                           Min: 0, Avg:  0.0, Max: 0, Diff: 0, Sum: 0, Workers: 4
[808.729s][debug][gc,phases      ] GC(66)     Total                          Min: 0, Avg:  0.0, Max: 0, Diff: 0, Sum: 0, Workers: 4
[808.729s][debug][gc,phases      ] GC(66) Weak Processing 0.278ms
[808.729s][debug][gc,age         ] GC(66) Desired survivor size 73924608 bytes, new threshold 15 (max threshold 15)
[808.729s][info ][gc,heap        ] GC(66) PSYoungGen: 1953824K(2016256K)->8560K(2024960K) Eden: 1939456K(1939456K)->0K(1951232K) From: 14368K(76800K)->8560K(73728K)
[808.729s][info ][gc,heap        ] GC(66) ParOldGen: 319617K(387072K)->326033K(387072K)
[808.729s][info ][gc,metaspace   ] GC(66) Metaspace: 78837K(79744K)->78837K(79744K) NonClass: 67546K(68032K)->67546K(68032K) Class: 11291K(11712K)->11291K(11712K)
[808.729s][info ][gc             ] GC(66) Pause Young (Allocation Failure) 2220M->326M(2355M) 8.360ms
[808.729s][info ][gc,cpu         ] GC(66) User=0.01s Sys=0.02s Real=0.01s
[808.729s][info ][safepoint      ] Safepoint "ParallelGCFailedAllocation", Time since last: 17134980875 ns, Reaching safepoint: 28600 ns, At safepoint: 8432312 ns, Total: 8460912 ns
[809.729s][info ][safepoint      ] Safepoint "Cleanup", Time since last: 1000081104 ns, Reaching safepoint: 53100 ns, At safepoint: 2400 ns, Total: 55500 ns
[812.729s][info ][safepoint      ] Safepoint "Cleanup", Time since last: 3000231211 ns, Reaching safepoint: 26100 ns, At safepoint: 2400 ns, Total: 28500 ns
[814.729s][info ][safepoint      ] Safepoint "Cleanup", Time since last: 2000164406 ns, Reaching safepoint: 43200 ns, At safepoint: 3000 ns, Total: 46200 ns
[816.729s][info ][safepoint      ] Safepoint "Cleanup", Time since last: 2000160406 ns, Reaching safepoint: 35101 ns, At safepoint: 2000 ns, Total: 37101 ns
[818.730s][info ][safepoint      ] Safepoint "Cleanup", Time since last: 2000156505 ns, Reaching safepoint: 45100 ns, At safepoint: 2600 ns, Total: 47700 ns
[819.730s][info ][safepoint      ] Safepoint "Cleanup", Time since last: 1000099403 ns, Reaching safepoint: 41900 ns, At safepoint: 2500 ns, Total: 44400 ns
[828.322s][info ][gc,start       ] GC(67) Pause Young (Allocation Failure)
[828.334s][debug][gc,phases      ] GC(67) Scavenge 11.556ms
[828.334s][debug][gc,ref         ] GC(67) Skipped phase 1 of Reference Processing: no references
[828.334s][debug][gc,ref         ] GC(67) ReferenceProcessor::execute queues: 1, RefProcThreadModel::Single, marks_oops_alive: false
[828.334s][debug][gc,ref         ] GC(67) Skipped phase 3 of Reference Processing: no references
[828.334s][debug][gc,ref         ] GC(67) ReferenceProcessor::execute queues: 1, RefProcThreadModel::Single, marks_oops_alive: false
[828.334s][debug][gc,phases      ] GC(67) Reference Processing 0.125ms
[828.334s][debug][gc,phases      ] GC(67)   VM Weak                        Min:  0.0, Avg:  0.0, Max:  0.0, Diff:  0.0, Sum:  0.0, Workers: 4
[828.334s][debug][gc,phases      ] GC(67)     Dead                           Min: 0, Avg:  0.0, Max: 0, Diff: 0, Sum: 0, Workers: 4
[828.334s][debug][gc,phases      ] GC(67)     Total                          Min: 0, Avg: 176.5, Max: 706, Diff: 706, Sum: 706, Workers: 4
[828.334s][debug][gc,phases      ] GC(67)   ObjectSynchronizer Weak        Min:  0.0, Avg:  0.0, Max:  0.0, Diff:  0.0, Sum:  0.0, Workers: 4
[828.334s][debug][gc,phases      ] GC(67)     Dead                           Min: 0, Avg:  0.0, Max: 0, Diff: 0, Sum: 0, Workers: 4
[828.334s][debug][gc,phases      ] GC(67)     Total                          Min: 0, Avg: 12.0, Max: 48, Diff: 48, Sum: 48, Workers: 4
[828.334s][debug][gc,phases      ] GC(67)   JVMTI Tag Weak OopStorage      Min:  0.0, Avg:  0.0, Max:  0.0, Diff:  0.0, Sum:  0.0, Workers: 4
[828.334s][debug][gc,phases      ] GC(67)     Dead                           Min: 0, Avg:  0.0, Max: 0, Diff: 0, Sum: 0, Workers: 4
[828.334s][debug][gc,phases      ] GC(67)     Total                          Min: 0, Avg:  0.0, Max: 0, Diff: 0, Sum: 0, Workers: 4
[828.334s][debug][gc,phases      ] GC(67)   StringTable Weak               Min:  0.0, Avg:  0.1, Max:  0.1, Diff:  0.1, Sum:  0.4, Workers: 4
[828.334s][debug][gc,phases      ] GC(67)     Dead                           Min: 0, Avg:  0.2, Max: 1, Diff: 1, Sum: 1, Workers: 4
[828.334s][debug][gc,phases      ] GC(67)     Total                          Min: 0, Avg: 10763.8, Max: 14961, Diff: 14961, Sum: 43055, Workers: 4
[828.334s][debug][gc,phases      ] GC(67)   ResolvedMethodTable Weak       Min:  0.0, Avg:  0.0, Max:  0.0, Diff:  0.0, Sum:  0.1, Workers: 4
[828.334s][debug][gc,phases      ] GC(67)     Dead                           Min: 0, Avg:  0.0, Max: 0, Diff: 0, Sum: 0, Workers: 4
[828.334s][debug][gc,phases      ] GC(67)     Total                          Min: 0, Avg: 2149.0, Max: 3008, Diff: 3008, Sum: 8596, Workers: 4
[828.334s][debug][gc,phases      ] GC(67)   JNI Weak                       Min:  0.0, Avg:  0.0, Max:  0.0, Diff:  0.0, Sum:  0.0, Workers: 4
[828.335s][debug][gc,phases      ] GC(67)     Dead                           Min: 0, Avg:  0.0, Max: 0, Diff: 0, Sum: 0, Workers: 4
[828.335s][debug][gc,phases      ] GC(67)     Total                          Min: 0, Avg: 11.2, Max: 45, Diff: 45, Sum: 45, Workers: 4
[828.335s][debug][gc,phases      ] GC(67)   StringDedup Table Weak         Min:  0.0, Avg:  0.0, Max:  0.0, Diff:  0.0, Sum:  0.0, Workers: 4
[828.335s][debug][gc,phases      ] GC(67)     Dead                           Min: 0, Avg:  0.0, Max: 0, Diff: 0, Sum: 0, Workers: 4
[828.335s][debug][gc,phases      ] GC(67)     Total                          Min: 0, Avg:  0.0, Max: 0, Diff: 0, Sum: 0, Workers: 4
[828.335s][debug][gc,phases      ] GC(67)   StringDedup Requests0 Weak     Min:  0.0, Avg:  0.0, Max:  0.0, Diff:  0.0, Sum:  0.0, Workers: 4
[828.335s][debug][gc,phases      ] GC(67)     Dead                           Min: 0, Avg:  0.0, Max: 0, Diff: 0, Sum: 0, Workers: 4
[828.335s][debug][gc,phases      ] GC(67)     Total                          Min: 0, Avg:  0.0, Max: 0, Diff: 0, Sum: 0, Workers: 4
[828.335s][debug][gc,phases      ] GC(67)   StringDedup Requests1 Weak     Min:  0.0, Avg:  0.0, Max:  0.0, Diff:  0.0, Sum:  0.0, Workers: 4
[828.335s][debug][gc,phases      ] GC(67)     Dead                           Min: 0, Avg:  0.0, Max: 0, Diff: 0, Sum: 0, Workers: 4
[828.335s][debug][gc,phases      ] GC(67)     Total                          Min: 0, Avg:  0.0, Max: 0, Diff: 0, Sum: 0, Workers: 4
[828.335s][debug][gc,phases      ] GC(67)   Weak JFR Old Object Samples    Min:  0.0, Avg:  0.0, Max:  0.0, Diff:  0.0, Sum:  0.0, Workers: 4
[828.335s][debug][gc,phases      ] GC(67)     Dead                           Min: 0, Avg:  0.0, Max: 0, Diff: 0, Sum: 0, Workers: 4
[828.335s][debug][gc,phases      ] GC(67)     Total                          Min: 0, Avg:  0.0, Max: 0, Diff: 0, Sum: 0, Workers: 4
[828.335s][debug][gc,phases      ] GC(67) Weak Processing 0.410ms
[828.335s][debug][gc,age         ] GC(67) Desired survivor size 71827456 bytes, new threshold 15 (max threshold 15)
[828.335s][info ][gc,heap        ] GC(67) PSYoungGen: 1959792K(2024960K)->8480K(2023424K) Eden: 1951232K(1951232K)->0K(1951232K) From: 8560K(73728K)->8480K(72192K)
[828.335s][info ][gc,heap        ] GC(67) ParOldGen: 326033K(387072K)->326137K(387072K)
[828.335s][info ][gc,metaspace   ] GC(67) Metaspace: 78844K(79744K)->78844K(79744K) NonClass: 67551K(68032K)->67551K(68032K) Class: 11292K(11712K)->11292K(11712K)
[828.335s][info ][gc             ] GC(67) Pause Young (Allocation Failure) 2232M->326M(2354M) 12.208ms
[828.335s][info ][gc,cpu         ] GC(67) User=0.02s Sys=0.00s Real=0.01s
[828.335s][info ][safepoint      ] Safepoint "ParallelGCFailedAllocation", Time since last: 8592535745 ns, Reaching safepoint: 102700 ns, At safepoint: 12292918 ns, Total: 12395618 ns
[848.147s][info ][gc,start       ] GC(68) Pause Young (Allocation Failure)
[848.154s][debug][gc,phases      ] GC(68) Scavenge 7.565ms
[848.154s][debug][gc,ref         ] GC(68) Skipped phase 1 of Reference Processing: no references
[848.154s][debug][gc,ref         ] GC(68) ReferenceProcessor::execute queues: 1, RefProcThreadModel::Single, marks_oops_alive: false
[848.154s][debug][gc,ref         ] GC(68) Skipped phase 3 of Reference Processing: no references
[848.154s][debug][gc,ref         ] GC(68) ReferenceProcessor::execute queues: 1, RefProcThreadModel::Single, marks_oops_alive: false
[848.154s][debug][gc,phases      ] GC(68) Reference Processing 0.124ms
[848.155s][debug][gc,phases      ] GC(68)   VM Weak                        Min:  0.0, Avg:  0.0, Max:  0.0, Diff:  0.0, Sum:  0.0, Workers: 4
[848.155s][debug][gc,phases      ] GC(68)     Dead                           Min: 0, Avg:  0.0, Max: 0, Diff: 0, Sum: 0, Workers: 4
[848.155s][debug][gc,phases      ] GC(68)     Total                          Min: 0, Avg: 176.5, Max: 450, Diff: 450, Sum: 706, Workers: 4
[848.155s][debug][gc,phases      ] GC(68)   ObjectSynchronizer Weak        Min:  0.0, Avg:  0.0, Max:  0.0, Diff:  0.0, Sum:  0.0, Workers: 4
[848.155s][debug][gc,phases      ] GC(68)     Dead                           Min: 0, Avg:  0.0, Max: 0, Diff: 0, Sum: 0, Workers: 4
[848.155s][debug][gc,phases      ] GC(68)     Total                          Min: 0, Avg: 12.0, Max: 48, Diff: 48, Sum: 48, Workers: 4
[848.155s][debug][gc,phases      ] GC(68)   JVMTI Tag Weak OopStorage      Min:  0.0, Avg:  0.0, Max:  0.0, Diff:  0.0, Sum:  0.0, Workers: 4
[848.155s][debug][gc,phases      ] GC(68)     Dead                           Min: 0, Avg:  0.0, Max: 0, Diff: 0, Sum: 0, Workers: 4
[848.155s][debug][gc,phases      ] GC(68)     Total                          Min: 0, Avg:  0.0, Max: 0, Diff: 0, Sum: 0, Workers: 4
[848.155s][debug][gc,phases      ] GC(68)   StringTable Weak               Min:  0.0, Avg:  0.1, Max:  0.1, Diff:  0.1, Sum:  0.3, Workers: 4
[848.155s][debug][gc,phases      ] GC(68)     Dead                           Min: 0, Avg:  0.0, Max: 0, Diff: 0, Sum: 0, Workers: 4
[848.155s][debug][gc,phases      ] GC(68)     Total                          Min: 0, Avg: 10763.8, Max: 19838, Diff: 19838, Sum: 43055, Workers: 4
[848.155s][debug][gc,phases      ] GC(68)   ResolvedMethodTable Weak       Min:  0.0, Avg:  0.0, Max:  0.0, Diff:  0.0, Sum:  0.1, Workers: 4
[848.155s][debug][gc,phases      ] GC(68)     Dead                           Min: 0, Avg:  0.0, Max: 0, Diff: 0, Sum: 0, Workers: 4
[848.155s][debug][gc,phases      ] GC(68)     Total                          Min: 0, Avg: 2149.0, Max: 3712, Diff: 3712, Sum: 8596, Workers: 4
[848.155s][debug][gc,phases      ] GC(68)   JNI Weak                       Min:  0.0, Avg:  0.0, Max:  0.0, Diff:  0.0, Sum:  0.0, Workers: 4
[848.155s][debug][gc,phases      ] GC(68)     Dead                           Min: 0, Avg:  0.0, Max: 0, Diff: 0, Sum: 0, Workers: 4
[848.155s][debug][gc,phases      ] GC(68)     Total                          Min: 0, Avg: 11.2, Max: 45, Diff: 45, Sum: 45, Workers: 4
[848.155s][debug][gc,phases      ] GC(68)   StringDedup Table Weak         Min:  0.0, Avg:  0.0, Max:  0.0, Diff:  0.0, Sum:  0.0, Workers: 4
[848.155s][debug][gc,phases      ] GC(68)     Dead                           Min: 0, Avg:  0.0, Max: 0, Diff: 0, Sum: 0, Workers: 4
[848.155s][debug][gc,phases      ] GC(68)     Total                          Min: 0, Avg:  0.0, Max: 0, Diff: 0, Sum: 0, Workers: 4
[848.155s][debug][gc,phases      ] GC(68)   StringDedup Requests0 Weak     Min:  0.0, Avg:  0.0, Max:  0.0, Diff:  0.0, Sum:  0.0, Workers: 4
[848.155s][debug][gc,phases      ] GC(68)     Dead                           Min: 0, Avg:  0.0, Max: 0, Diff: 0, Sum: 0, Workers: 4
[848.155s][debug][gc,phases      ] GC(68)     Total                          Min: 0, Avg:  0.0, Max: 0, Diff: 0, Sum: 0, Workers: 4
[848.155s][debug][gc,phases      ] GC(68)   StringDedup Requests1 Weak     Min:  0.0, Avg:  0.0, Max:  0.0, Diff:  0.0, Sum:  0.0, Workers: 4
[848.155s][debug][gc,phases      ] GC(68)     Dead                           Min: 0, Avg:  0.0, Max: 0, Diff: 0, Sum: 0, Workers: 4
[848.155s][debug][gc,phases      ] GC(68)     Total                          Min: 0, Avg:  0.0, Max: 0, Diff: 0, Sum: 0, Workers: 4
[848.155s][debug][gc,phases      ] GC(68)   Weak JFR Old Object Samples    Min:  0.0, Avg:  0.0, Max:  0.0, Diff:  0.0, Sum:  0.0, Workers: 4
[848.155s][debug][gc,phases      ] GC(68)     Dead                           Min: 0, Avg:  0.0, Max: 0, Diff: 0, Sum: 0, Workers: 4
[848.155s][debug][gc,phases      ] GC(68)     Total                          Min: 0, Avg:  0.0, Max: 0, Diff: 0, Sum: 0, Workers: 4
[848.155s][debug][gc,phases      ] GC(68) Weak Processing 0.311ms
[848.155s][debug][gc,age         ] GC(68) Desired survivor size 69730304 bytes, new threshold 15 (max threshold 15)
[848.155s][info ][gc,heap        ] GC(68) PSYoungGen: 1959712K(2023424K)->6368K(2029056K) Eden: 1951232K(1951232K)->0K(1958912K) From: 8480K(72192K)->6368K(70144K)
[848.155s][info ][gc,heap        ] GC(68) ParOldGen: 326137K(387072K)->328506K(387072K)
[848.155s][info ][gc,metaspace   ] GC(68) Metaspace: 78848K(79808K)->78848K(79808K) NonClass: 67555K(68096K)->67555K(68096K) Class: 11292K(11712K)->11292K(11712K)
[848.155s][info ][gc             ] GC(68) Pause Young (Allocation Failure) 2232M->327M(2359M) 8.149ms
[848.155s][info ][gc,cpu         ] GC(68) User=0.02s Sys=0.00s Real=0.00s
[848.155s][info ][safepoint      ] Safepoint "ParallelGCFailedAllocation", Time since last: 19811803137 ns, Reaching safepoint: 96700 ns, At safepoint: 8227511 ns, Total: 8324211 ns
[868.156s][info ][safepoint      ] Safepoint "Cleanup", Time since last: 20001274654 ns, Reaching safepoint: 46000 ns, At safepoint: 3400 ns, Total: 49400 ns
[868.321s][info ][gc,start       ] GC(69) Pause Young (Allocation Failure)
[868.326s][debug][gc,phases      ] GC(69) Scavenge 4.989ms
[868.326s][debug][gc,ref         ] GC(69) Skipped phase 1 of Reference Processing: no references
[868.326s][debug][gc,ref         ] GC(69) ReferenceProcessor::execute queues: 1, RefProcThreadModel::Single, marks_oops_alive: false
[868.326s][debug][gc,ref         ] GC(69) Skipped phase 3 of Reference Processing: no references
[868.326s][debug][gc,ref         ] GC(69) Skipped phase 4 of Reference Processing: no references
[868.326s][debug][gc,phases      ] GC(69) Reference Processing 0.094ms
[868.326s][debug][gc,phases      ] GC(69)   VM Weak                        Min:  0.0, Avg:  0.0, Max:  0.0, Diff:  0.0, Sum:  0.0, Workers: 4
[868.326s][debug][gc,phases      ] GC(69)     Dead                           Min: 0, Avg:  0.0, Max: 0, Diff: 0, Sum: 0, Workers: 4
[868.326s][debug][gc,phases      ] GC(69)     Total                          Min: 0, Avg: 176.5, Max: 514, Diff: 514, Sum: 706, Workers: 4
[868.326s][debug][gc,phases      ] GC(69)   ObjectSynchronizer Weak        Min:  0.0, Avg:  0.0, Max:  0.0, Diff:  0.0, Sum:  0.0, Workers: 4
[868.326s][debug][gc,phases      ] GC(69)     Dead                           Min: 0, Avg:  0.0, Max: 0, Diff: 0, Sum: 0, Workers: 4
[868.326s][debug][gc,phases      ] GC(69)     Total                          Min: 0, Avg: 12.0, Max: 48, Diff: 48, Sum: 48, Workers: 4
[868.326s][debug][gc,phases      ] GC(69)   JVMTI Tag Weak OopStorage      Min:  0.0, Avg:  0.0, Max:  0.0, Diff:  0.0, Sum:  0.0, Workers: 4
[868.326s][debug][gc,phases      ] GC(69)     Dead                           Min: 0, Avg:  0.0, Max: 0, Diff: 0, Sum: 0, Workers: 4
[868.326s][debug][gc,phases      ] GC(69)     Total                          Min: 0, Avg:  0.0, Max: 0, Diff: 0, Sum: 0, Workers: 4
[868.326s][debug][gc,phases      ] GC(69)   StringTable Weak               Min:  0.0, Avg:  0.1, Max:  0.1, Diff:  0.1, Sum:  0.4, Workers: 4
[868.326s][debug][gc,phases      ] GC(69)     Dead                           Min: 0, Avg:  0.0, Max: 0, Diff: 0, Sum: 0, Workers: 4
[868.326s][debug][gc,phases      ] GC(69)     Total                          Min: 0, Avg: 10763.8, Max: 17456, Diff: 17456, Sum: 43055, Workers: 4
[868.326s][debug][gc,phases      ] GC(69)   ResolvedMethodTable Weak       Min:  0.0, Avg:  0.0, Max:  0.0, Diff:  0.0, Sum:  0.1, Workers: 4
[868.326s][debug][gc,phases      ] GC(69)     Dead                           Min: 0, Avg:  0.0, Max: 0, Diff: 0, Sum: 0, Workers: 4
[868.326s][debug][gc,phases      ] GC(69)     Total                          Min: 0, Avg: 2149.0, Max: 3712, Diff: 3712, Sum: 8596, Workers: 4
[868.326s][debug][gc,phases      ] GC(69)   JNI Weak                       Min:  0.0, Avg:  0.0, Max:  0.0, Diff:  0.0, Sum:  0.0, Workers: 4
[868.326s][debug][gc,phases      ] GC(69)     Dead                           Min: 0, Avg:  0.0, Max: 0, Diff: 0, Sum: 0, Workers: 4
[868.326s][debug][gc,phases      ] GC(69)     Total                          Min: 0, Avg: 11.2, Max: 45, Diff: 45, Sum: 45, Workers: 4
[868.326s][debug][gc,phases      ] GC(69)   StringDedup Table Weak         Min:  0.0, Avg:  0.0, Max:  0.0, Diff:  0.0, Sum:  0.0, Workers: 4
[868.326s][debug][gc,phases      ] GC(69)     Dead                           Min: 0, Avg:  0.0, Max: 0, Diff: 0, Sum: 0, Workers: 4
[868.326s][debug][gc,phases      ] GC(69)     Total                          Min: 0, Avg:  0.0, Max: 0, Diff: 0, Sum: 0, Workers: 4
[868.326s][debug][gc,phases      ] GC(69)   StringDedup Requests0 Weak     Min:  0.0, Avg:  0.0, Max:  0.0, Diff:  0.0, Sum:  0.0, Workers: 4
[868.326s][debug][gc,phases      ] GC(69)     Dead                           Min: 0, Avg:  0.0, Max: 0, Diff: 0, Sum: 0, Workers: 4
[868.326s][debug][gc,phases      ] GC(69)     Total                          Min: 0, Avg:  0.0, Max: 0, Diff: 0, Sum: 0, Workers: 4
[868.326s][debug][gc,phases      ] GC(69)   StringDedup Requests1 Weak     Min:  0.0, Avg:  0.0, Max:  0.0, Diff:  0.0, Sum:  0.0, Workers: 4
[868.326s][debug][gc,phases      ] GC(69)     Dead                           Min: 0, Avg:  0.0, Max: 0, Diff: 0, Sum: 0, Workers: 4
[868.326s][debug][gc,phases      ] GC(69)     Total                          Min: 0, Avg:  0.0, Max: 0, Diff: 0, Sum: 0, Workers: 4
[868.326s][debug][gc,phases      ] GC(69)   Weak JFR Old Object Samples    Min:  0.0, Avg:  0.0, Max:  0.0, Diff:  0.0, Sum:  0.0, Workers: 4
[868.326s][debug][gc,phases      ] GC(69)     Dead                           Min: 0, Avg:  0.0, Max: 0, Diff: 0, Sum: 0, Workers: 4
[868.326s][debug][gc,phases      ] GC(69)     Total                          Min: 0, Avg:  0.0, Max: 0, Diff: 0, Sum: 0, Workers: 4
[868.326s][debug][gc,phases      ] GC(69) Weak Processing 0.333ms
[868.326s][debug][gc,age         ] GC(69) Desired survivor size 68157440 bytes, new threshold 15 (max threshold 15)
[868.326s][info ][gc,heap        ] GC(69) PSYoungGen: 1965280K(2029056K)->3408K(2027008K) Eden: 1958912K(1958912K)->0K(1958912K) From: 6368K(70144K)->3408K(68096K)
[868.326s][info ][gc,heap        ] GC(69) ParOldGen: 328506K(387072K)->331594K(387072K)
[868.326s][info ][gc,metaspace   ] GC(69) Metaspace: 78849K(79808K)->78849K(79808K) NonClass: 67556K(68096K)->67556K(68096K) Class: 11292K(11712K)->11292K(11712K)
[868.326s][info ][gc             ] GC(69) Pause Young (Allocation Failure) 2240M->327M(2357M) 5.508ms
[868.326s][info ][gc,cpu         ] GC(69) User=0.02s Sys=0.00s Real=0.01s
[868.326s][info ][safepoint      ] Safepoint "ParallelGCFailedAllocation", Time since last: 164483730 ns, Reaching safepoint: 95200 ns, At safepoint: 5572207 ns, Total: 5667407 ns
[877.327s][info ][safepoint      ] Safepoint "Cleanup", Time since last: 9000512864 ns, Reaching safepoint: 48200 ns, At safepoint: 7200 ns, Total: 55400 ns
[878.327s][info ][safepoint      ] Safepoint "Cleanup", Time since last: 1000105095 ns, Reaching safepoint: 27400 ns, At safepoint: 3100 ns, Total: 30500 ns
[889.121s][info ][gc,start       ] GC(70) Pause Young (Allocation Failure)
[889.127s][debug][gc,phases      ] GC(70) Scavenge 5.691ms
[889.127s][debug][gc,ref         ] GC(70) Skipped phase 1 of Reference Processing: no references
[889.127s][debug][gc,ref         ] GC(70) ReferenceProcessor::execute queues: 1, RefProcThreadModel::Single, marks_oops_alive: false
[889.127s][debug][gc,ref         ] GC(70) Skipped phase 3 of Reference Processing: no references
[889.127s][debug][gc,ref         ] GC(70) Skipped phase 4 of Reference Processing: no references
[889.127s][debug][gc,phases      ] GC(70) Reference Processing 0.084ms
[889.127s][debug][gc,phases      ] GC(70)   VM Weak                        Min:  0.0, Avg:  0.0, Max:  0.0, Diff:  0.0, Sum:  0.0, Workers: 4
[889.127s][debug][gc,phases      ] GC(70)     Dead                           Min: 0, Avg:  0.0, Max: 0, Diff: 0, Sum: 0, Workers: 4
[889.127s][debug][gc,phases      ] GC(70)     Total                          Min: 0, Avg: 176.5, Max: 642, Diff: 642, Sum: 706, Workers: 4
[889.127s][debug][gc,phases      ] GC(70)   ObjectSynchronizer Weak        Min:  0.0, Avg:  0.0, Max:  0.0, Diff:  0.0, Sum:  0.0, Workers: 4
[889.127s][debug][gc,phases      ] GC(70)     Dead                           Min: 0, Avg:  0.0, Max: 0, Diff: 0, Sum: 0, Workers: 4
[889.127s][debug][gc,phases      ] GC(70)     Total                          Min: 0, Avg: 12.0, Max: 48, Diff: 48, Sum: 48, Workers: 4
[889.127s][debug][gc,phases      ] GC(70)   JVMTI Tag Weak OopStorage      Min:  0.0, Avg:  0.0, Max:  0.0, Diff:  0.0, Sum:  0.0, Workers: 4
[889.127s][debug][gc,phases      ] GC(70)     Dead                           Min: 0, Avg:  0.0, Max: 0, Diff: 0, Sum: 0, Workers: 4
[889.127s][debug][gc,phases      ] GC(70)     Total                          Min: 0, Avg:  0.0, Max: 0, Diff: 0, Sum: 0, Workers: 4
[889.127s][debug][gc,phases      ] GC(70)   StringTable Weak               Min:  0.1, Avg:  0.1, Max:  0.1, Diff:  0.0, Sum:  0.4, Workers: 4
[889.127s][debug][gc,phases      ] GC(70)     Dead                           Min: 0, Avg:  0.0, Max: 0, Diff: 0, Sum: 0, Workers: 4
[889.127s][debug][gc,phases      ] GC(70)     Total                          Min: 9277, Avg: 10763.8, Max: 11584, Diff: 2307, Sum: 43055, Workers: 4
[889.127s][debug][gc,phases      ] GC(70)   ResolvedMethodTable Weak       Min:  0.0, Avg:  0.0, Max:  0.0, Diff:  0.0, Sum:  0.1, Workers: 4
[889.127s][debug][gc,phases      ] GC(70)     Dead                           Min: 0, Avg:  0.0, Max: 0, Diff: 0, Sum: 0, Workers: 4
[889.127s][debug][gc,phases      ] GC(70)     Total                          Min: 2112, Avg: 2149.0, Max: 2196, Diff: 84, Sum: 8596, Workers: 4
[889.127s][debug][gc,phases      ] GC(70)   JNI Weak                       Min:  0.0, Avg:  0.0, Max:  0.0, Diff:  0.0, Sum:  0.0, Workers: 4
[889.127s][debug][gc,phases      ] GC(70)     Dead                           Min: 0, Avg:  0.0, Max: 0, Diff: 0, Sum: 0, Workers: 4
[889.127s][debug][gc,phases      ] GC(70)     Total                          Min: 0, Avg: 11.2, Max: 45, Diff: 45, Sum: 45, Workers: 4
[889.127s][debug][gc,phases      ] GC(70)   StringDedup Table Weak         Min:  0.0, Avg:  0.0, Max:  0.0, Diff:  0.0, Sum:  0.0, Workers: 4
[889.127s][debug][gc,phases      ] GC(70)     Dead                           Min: 0, Avg:  0.0, Max: 0, Diff: 0, Sum: 0, Workers: 4
[889.127s][debug][gc,phases      ] GC(70)     Total                          Min: 0, Avg:  0.0, Max: 0, Diff: 0, Sum: 0, Workers: 4
[889.127s][debug][gc,phases      ] GC(70)   StringDedup Requests0 Weak     Min:  0.0, Avg:  0.0, Max:  0.0, Diff:  0.0, Sum:  0.0, Workers: 4
[889.127s][debug][gc,phases      ] GC(70)     Dead                           Min: 0, Avg:  0.0, Max: 0, Diff: 0, Sum: 0, Workers: 4
[889.127s][debug][gc,phases      ] GC(70)     Total                          Min: 0, Avg:  0.0, Max: 0, Diff: 0, Sum: 0, Workers: 4
[889.127s][debug][gc,phases      ] GC(70)   StringDedup Requests1 Weak     Min:  0.0, Avg:  0.0, Max:  0.0, Diff:  0.0, Sum:  0.0, Workers: 4
[889.127s][debug][gc,phases      ] GC(70)     Dead                           Min: 0, Avg:  0.0, Max: 0, Diff: 0, Sum: 0, Workers: 4
[889.127s][debug][gc,phases      ] GC(70)     Total                          Min: 0, Avg:  0.0, Max: 0, Diff: 0, Sum: 0, Workers: 4
[889.127s][debug][gc,phases      ] GC(70)   Weak JFR Old Object Samples    Min:  0.0, Avg:  0.0, Max:  0.0, Diff:  0.0, Sum:  0.0, Workers: 4
[889.127s][debug][gc,phases      ] GC(70)     Dead                           Min: 0, Avg:  0.0, Max: 0, Diff: 0, Sum: 0, Workers: 4
[889.127s][debug][gc,phases      ] GC(70)     Total                          Min: 0, Avg:  0.0, Max: 0, Diff: 0, Sum: 0, Workers: 4
[889.127s][debug][gc,phases      ] GC(70) Weak Processing 0.299ms
[889.127s][debug][gc,age         ] GC(70) Desired survivor size 66060288 bytes, new threshold 15 (max threshold 15)
[889.127s][info ][gc,heap        ] GC(70) PSYoungGen: 1962320K(2027008K)->2912K(2032640K) Eden: 1958912K(1958912K)->0K(1966080K) From: 3408K(68096K)->2912K(66560K)
[889.127s][info ][gc,heap        ] GC(70) ParOldGen: 331594K(387072K)->332058K(387072K)
[889.127s][info ][gc,metaspace   ] GC(70) Metaspace: 78850K(79808K)->78850K(79808K) NonClass: 67557K(68096K)->67557K(68096K) Class: 11292K(11712K)->11292K(11712K)
[889.127s][info ][gc             ] GC(70) Pause Young (Allocation Failure) 2240M->327M(2363M) 6.174ms
[889.127s][info ][gc,cpu         ] GC(70) User=0.01s Sys=0.00s Real=0.01s
[889.127s][info ][safepoint      ] Safepoint "ParallelGCFailedAllocation", Time since last: 10793738453 ns, Reaching safepoint: 44600 ns, At safepoint: 6238709 ns, Total: 6283309 ns
[909.772s][info ][gc,start       ] GC(71) Pause Young (Allocation Failure)
[909.776s][debug][gc,phases      ] GC(71) Scavenge 3.178ms
[909.776s][debug][gc,ref         ] GC(71) Skipped phase 1 of Reference Processing: no references
[909.776s][debug][gc,ref         ] GC(71) ReferenceProcessor::execute queues: 1, RefProcThreadModel::Single, marks_oops_alive: false
[909.776s][debug][gc,ref         ] GC(71) Skipped phase 3 of Reference Processing: no references
[909.776s][debug][gc,ref         ] GC(71) Skipped phase 4 of Reference Processing: no references
[909.776s][debug][gc,phases      ] GC(71) Reference Processing 0.077ms
[909.776s][debug][gc,phases      ] GC(71)   VM Weak                        Min:  0.0, Avg:  0.0, Max:  0.0, Diff:  0.0, Sum:  0.0, Workers: 4
[909.776s][debug][gc,phases      ] GC(71)     Dead                           Min: 0, Avg:  0.0, Max: 0, Diff: 0, Sum: 0, Workers: 4
[909.776s][debug][gc,phases      ] GC(71)     Total                          Min: 0, Avg: 176.5, Max: 384, Diff: 384, Sum: 706, Workers: 4
[909.776s][debug][gc,phases      ] GC(71)   ObjectSynchronizer Weak        Min:  0.0, Avg:  0.0, Max:  0.0, Diff:  0.0, Sum:  0.0, Workers: 4
[909.776s][debug][gc,phases      ] GC(71)     Dead                           Min: 0, Avg:  0.0, Max: 0, Diff: 0, Sum: 0, Workers: 4
[909.776s][debug][gc,phases      ] GC(71)     Total                          Min: 0, Avg: 12.0, Max: 48, Diff: 48, Sum: 48, Workers: 4
[909.776s][debug][gc,phases      ] GC(71)   JVMTI Tag Weak OopStorage      Min:  0.0, Avg:  0.0, Max:  0.0, Diff:  0.0, Sum:  0.0, Workers: 4
[909.776s][debug][gc,phases      ] GC(71)     Dead                           Min: 0, Avg:  0.0, Max: 0, Diff: 0, Sum: 0, Workers: 4
[909.776s][debug][gc,phases      ] GC(71)     Total                          Min: 0, Avg:  0.0, Max: 0, Diff: 0, Sum: 0, Workers: 4
[909.776s][debug][gc,phases      ] GC(71)   StringTable Weak               Min:  0.1, Avg:  0.1, Max:  0.1, Diff:  0.0, Sum:  0.4, Workers: 4
[909.776s][debug][gc,phases      ] GC(71)     Dead                           Min: 0, Avg:  0.0, Max: 0, Diff: 0, Sum: 0, Workers: 4
[909.776s][debug][gc,phases      ] GC(71)     Total                          Min: 9536, Avg: 10763.8, Max: 11967, Diff: 2431, Sum: 43055, Workers: 4
[909.776s][debug][gc,phases      ] GC(71)   ResolvedMethodTable Weak       Min:  0.0, Avg:  0.0, Max:  0.0, Diff:  0.0, Sum:  0.1, Workers: 4
[909.776s][debug][gc,phases      ] GC(71)     Dead                           Min: 0, Avg:  0.0, Max: 0, Diff: 0, Sum: 0, Workers: 4
[909.776s][debug][gc,phases      ] GC(71)     Total                          Min: 1984, Avg: 2149.0, Max: 2304, Diff: 320, Sum: 8596, Workers: 4
[909.776s][debug][gc,phases      ] GC(71)   JNI Weak                       Min:  0.0, Avg:  0.0, Max:  0.0, Diff:  0.0, Sum:  0.0, Workers: 4
[909.776s][debug][gc,phases      ] GC(71)     Dead                           Min: 0, Avg:  0.0, Max: 0, Diff: 0, Sum: 0, Workers: 4
[909.776s][debug][gc,phases      ] GC(71)     Total                          Min: 0, Avg: 11.2, Max: 45, Diff: 45, Sum: 45, Workers: 4
[909.776s][debug][gc,phases      ] GC(71)   StringDedup Table Weak         Min:  0.0, Avg:  0.0, Max:  0.0, Diff:  0.0, Sum:  0.0, Workers: 4
[909.776s][debug][gc,phases      ] GC(71)     Dead                           Min: 0, Avg:  0.0, Max: 0, Diff: 0, Sum: 0, Workers: 4
[909.776s][debug][gc,phases      ] GC(71)     Total                          Min: 0, Avg:  0.0, Max: 0, Diff: 0, Sum: 0, Workers: 4
[909.776s][debug][gc,phases      ] GC(71)   StringDedup Requests0 Weak     Min:  0.0, Avg:  0.0, Max:  0.0, Diff:  0.0, Sum:  0.0, Workers: 4
[909.776s][debug][gc,phases      ] GC(71)     Dead                           Min: 0, Avg:  0.0, Max: 0, Diff: 0, Sum: 0, Workers: 4
[909.776s][debug][gc,phases      ] GC(71)     Total                          Min: 0, Avg:  0.0, Max: 0, Diff: 0, Sum: 0, Workers: 4
[909.776s][debug][gc,phases      ] GC(71)   StringDedup Requests1 Weak     Min:  0.0, Avg:  0.0, Max:  0.0, Diff:  0.0, Sum:  0.0, Workers: 4
[909.776s][debug][gc,phases      ] GC(71)     Dead                           Min: 0, Avg:  0.0, Max: 0, Diff: 0, Sum: 0, Workers: 4
[909.776s][debug][gc,phases      ] GC(71)     Total                          Min: 0, Avg:  0.0, Max: 0, Diff: 0, Sum: 0, Workers: 4
[909.776s][debug][gc,phases      ] GC(71)   Weak JFR Old Object Samples    Min:  0.0, Avg:  0.0, Max:  0.0, Diff:  0.0, Sum:  0.0, Workers: 4
[909.776s][debug][gc,phases      ] GC(71)     Dead                           Min: 0, Avg:  0.0, Max: 0, Diff: 0, Sum: 0, Workers: 4
[909.776s][debug][gc,phases      ] GC(71)     Total                          Min: 0, Avg:  0.0, Max: 0, Diff: 0, Sum: 0, Workers: 4
[909.776s][debug][gc,phases      ] GC(71) Weak Processing 0.305ms
[909.776s][debug][gc,age         ] GC(71) Desired survivor size 63963136 bytes, new threshold 15 (max threshold 15)
[909.776s][info ][gc,heap        ] GC(71) PSYoungGen: 1968992K(2032640K)->2832K(2030592K) Eden: 1966080K(1966080K)->0K(1966080K) From: 2912K(66560K)->2832K(64512K)
[909.776s][info ][gc,heap        ] GC(71) ParOldGen: 332058K(387072K)->332226K(387072K)
[909.776s][info ][gc,metaspace   ] GC(71) Metaspace: 78850K(79808K)->78850K(79808K) NonClass: 67557K(68096K)->67557K(68096K) Class: 11292K(11712K)->11292K(11712K)
[909.776s][info ][gc             ] GC(71) Pause Young (Allocation Failure) 2247M->327M(2361M) 3.647ms
[909.776s][info ][gc,cpu         ] GC(71) User=0.01s Sys=0.00s Real=0.00s
[909.776s][info ][safepoint      ] Safepoint "ParallelGCFailedAllocation", Time since last: 20645237854 ns, Reaching safepoint: 79000 ns, At safepoint: 3731305 ns, Total: 3810305 ns
[911.776s][info ][safepoint      ] Safepoint "Cleanup", Time since last: 2000149084 ns, Reaching safepoint: 55800 ns, At safepoint: 2800 ns, Total: 58600 ns
[921.777s][info ][safepoint      ] Safepoint "Cleanup", Time since last: 10000594309 ns, Reaching safepoint: 28601 ns, At safepoint: 2500 ns, Total: 31101 ns
[926.777s][info ][safepoint      ] Safepoint "Cleanup", Time since last: 5000375250 ns, Reaching safepoint: 89301 ns, At safepoint: 22600 ns, Total: 111901 ns
[927.778s][info ][safepoint      ] Safepoint "Cleanup", Time since last: 1000109190 ns, Reaching safepoint: 33100 ns, At safepoint: 3500 ns, Total: 36600 ns
[930.071s][info ][safepoint      ] Safepoint "ParallelGCFailedAllocation", Time since last: 2293357786 ns, Reaching safepoint: 96301 ns, At safepoint: 18900 ns, Total: 115201 ns
[930.071s][info ][gc,start       ] GC(72) Pause Young (GCLocker Initiated GC)
[930.075s][debug][gc,phases      ] GC(72) Scavenge 3.316ms
[930.075s][debug][gc,ref         ] GC(72) Skipped phase 1 of Reference Processing: no references
[930.075s][debug][gc,ref         ] GC(72) ReferenceProcessor::execute queues: 1, RefProcThreadModel::Single, marks_oops_alive: false
[930.075s][debug][gc,ref         ] GC(72) Skipped phase 3 of Reference Processing: no references
[930.075s][debug][gc,ref         ] GC(72) Skipped phase 4 of Reference Processing: no references
[930.075s][debug][gc,phases      ] GC(72) Reference Processing 0.082ms
[930.075s][debug][gc,phases      ] GC(72)   VM Weak                        Min:  0.0, Avg:  0.0, Max:  0.0, Diff:  0.0, Sum:  0.0, Workers: 4
[930.075s][debug][gc,phases      ] GC(72)     Dead                           Min: 0, Avg:  0.0, Max: 0, Diff: 0, Sum: 0, Workers: 4
[930.075s][debug][gc,phases      ] GC(72)     Total                          Min: 0, Avg: 176.5, Max: 706, Diff: 706, Sum: 706, Workers: 4
[930.075s][debug][gc,phases      ] GC(72)   ObjectSynchronizer Weak        Min:  0.0, Avg:  0.0, Max:  0.0, Diff:  0.0, Sum:  0.0, Workers: 4
[930.075s][debug][gc,phases      ] GC(72)     Dead                           Min: 0, Avg:  0.0, Max: 0, Diff: 0, Sum: 0, Workers: 4
[930.075s][debug][gc,phases      ] GC(72)     Total                          Min: 0, Avg: 12.0, Max: 48, Diff: 48, Sum: 48, Workers: 4
[930.075s][debug][gc,phases      ] GC(72)   JVMTI Tag Weak OopStorage      Min:  0.0, Avg:  0.0, Max:  0.0, Diff:  0.0, Sum:  0.0, Workers: 4
[930.075s][debug][gc,phases      ] GC(72)     Dead                           Min: 0, Avg:  0.0, Max: 0, Diff: 0, Sum: 0, Workers: 4
[930.075s][debug][gc,phases      ] GC(72)     Total                          Min: 0, Avg:  0.0, Max: 0, Diff: 0, Sum: 0, Workers: 4
[930.075s][debug][gc,phases      ] GC(72)   StringTable Weak               Min:  0.0, Avg:  0.1, Max:  0.1, Diff:  0.1, Sum:  0.3, Workers: 4
[930.075s][debug][gc,phases      ] GC(72)     Dead                           Min: 0, Avg:  0.0, Max: 0, Diff: 0, Sum: 0, Workers: 4
[930.075s][debug][gc,phases      ] GC(72)     Total                          Min: 0, Avg: 10770.0, Max: 18176, Diff: 18176, Sum: 43080, Workers: 4
[930.075s][debug][gc,phases      ] GC(72)   ResolvedMethodTable Weak       Min:  0.0, Avg:  0.0, Max:  0.0, Diff:  0.0, Sum:  0.1, Workers: 4
[930.075s][debug][gc,phases      ] GC(72)     Dead                           Min: 0, Avg:  0.0, Max: 0, Diff: 0, Sum: 0, Workers: 4
[930.075s][debug][gc,phases      ] GC(72)     Total                          Min: 0, Avg: 2149.0, Max: 3840, Diff: 3840, Sum: 8596, Workers: 4
[930.075s][debug][gc,phases      ] GC(72)   JNI Weak                       Min:  0.0, Avg:  0.0, Max:  0.0, Diff:  0.0, Sum:  0.0, Workers: 4
[930.075s][debug][gc,phases      ] GC(72)     Dead                           Min: 0, Avg:  0.0, Max: 0, Diff: 0, Sum: 0, Workers: 4
[930.075s][debug][gc,phases      ] GC(72)     Total                          Min: 0, Avg: 11.2, Max: 45, Diff: 45, Sum: 45, Workers: 4
[930.075s][debug][gc,phases      ] GC(72)   StringDedup Table Weak         Min:  0.0, Avg:  0.0, Max:  0.0, Diff:  0.0, Sum:  0.0, Workers: 4
[930.075s][debug][gc,phases      ] GC(72)     Dead                           Min: 0, Avg:  0.0, Max: 0, Diff: 0, Sum: 0, Workers: 4
[930.075s][debug][gc,phases      ] GC(72)     Total                          Min: 0, Avg:  0.0, Max: 0, Diff: 0, Sum: 0, Workers: 4
[930.075s][debug][gc,phases      ] GC(72)   StringDedup Requests0 Weak     Min:  0.0, Avg:  0.0, Max:  0.0, Diff:  0.0, Sum:  0.0, Workers: 4
[930.075s][debug][gc,phases      ] GC(72)     Dead                           Min: 0, Avg:  0.0, Max: 0, Diff: 0, Sum: 0, Workers: 4
[930.075s][debug][gc,phases      ] GC(72)     Total                          Min: 0, Avg:  0.0, Max: 0, Diff: 0, Sum: 0, Workers: 4
[930.075s][debug][gc,phases      ] GC(72)   StringDedup Requests1 Weak     Min:  0.0, Avg:  0.0, Max:  0.0, Diff:  0.0, Sum:  0.0, Workers: 4
[930.075s][debug][gc,phases      ] GC(72)     Dead                           Min: 0, Avg:  0.0, Max: 0, Diff: 0, Sum: 0, Workers: 4
[930.075s][debug][gc,phases      ] GC(72)     Total                          Min: 0, Avg:  0.0, Max: 0, Diff: 0, Sum: 0, Workers: 4
[930.075s][debug][gc,phases      ] GC(72)   Weak JFR Old Object Samples    Min:  0.0, Avg:  0.0, Max:  0.0, Diff:  0.0, Sum:  0.0, Workers: 4
[930.075s][debug][gc,phases      ] GC(72)     Dead                           Min: 0, Avg:  0.0, Max: 0, Diff: 0, Sum: 0, Workers: 4
[930.075s][debug][gc,phases      ] GC(72)     Total                          Min: 0, Avg:  0.0, Max: 0, Diff: 0, Sum: 0, Workers: 4
[930.075s][debug][gc,phases      ] GC(72) Weak Processing 0.318ms
[930.075s][debug][gc,age         ] GC(72) Desired survivor size 61341696 bytes, new threshold 15 (max threshold 15)
[930.075s][info ][gc,heap        ] GC(72) PSYoungGen: 1968912K(2030592K)->1936K(2037248K) Eden: 1966080K(1966080K)->0K(1974784K) From: 2832K(64512K)->1936K(62464K)
[930.075s][info ][gc,heap        ] GC(72) ParOldGen: 332226K(387072K)->333226K(387072K)
[930.075s][info ][gc,metaspace   ] GC(72) Metaspace: 78859K(79808K)->78859K(79808K) NonClass: 67566K(68096K)->67566K(68096K) Class: 11292K(11712K)->11292K(11712K)
[930.075s][info ][gc             ] GC(72) Pause Young (GCLocker Initiated GC) 2247M->327M(2367M) 3.792ms
[930.075s][info ][gc,cpu         ] GC(72) User=0.02s Sys=0.00s Real=0.00s
[930.075s][info ][safepoint      ] Safepoint "ParallelGCSystemGC", Time since last: 72400 ns, Reaching safepoint: 91200 ns, At safepoint: 3858005 ns, Total: 3949205 ns
[938.724s][info ][safepoint      ] Safepoint "Cleanup", Time since last: 8648548013 ns, Reaching safepoint: 110900 ns, At safepoint: 9900 ns, Total: 120800 ns
[939.724s][info ][safepoint      ] Safepoint "Cleanup", Time since last: 1000115989 ns, Reaching safepoint: 167400 ns, At safepoint: 32300 ns, Total: 199700 ns
[950.869s][info ][gc,start       ] GC(73) Pause Young (Allocation Failure)
[950.874s][debug][gc,phases      ] GC(73) Scavenge 4.345ms
[950.874s][debug][gc,ref         ] GC(73) Skipped phase 1 of Reference Processing: no references
[950.874s][debug][gc,ref         ] GC(73) ReferenceProcessor::execute queues: 1, RefProcThreadModel::Single, marks_oops_alive: false
[950.874s][debug][gc,ref         ] GC(73) Skipped phase 3 of Reference Processing: no references
[950.874s][debug][gc,ref         ] GC(73) ReferenceProcessor::execute queues: 1, RefProcThreadModel::Single, marks_oops_alive: false
[950.874s][debug][gc,phases      ] GC(73) Reference Processing 0.108ms
[950.874s][debug][gc,phases      ] GC(73)   VM Weak                        Min:  0.0, Avg:  0.0, Max:  0.0, Diff:  0.0, Sum:  0.0, Workers: 4
[950.874s][debug][gc,phases      ] GC(73)     Dead                           Min: 0, Avg:  0.0, Max: 0, Diff: 0, Sum: 0, Workers: 4
[950.874s][debug][gc,phases      ] GC(73)     Total                          Min: 0, Avg: 176.5, Max: 706, Diff: 706, Sum: 706, Workers: 4
[950.874s][debug][gc,phases      ] GC(73)   ObjectSynchronizer Weak        Min:  0.0, Avg:  0.0, Max:  0.0, Diff:  0.0, Sum:  0.0, Workers: 4
[950.874s][debug][gc,phases      ] GC(73)     Dead                           Min: 0, Avg:  0.0, Max: 0, Diff: 0, Sum: 0, Workers: 4
[950.874s][debug][gc,phases      ] GC(73)     Total                          Min: 0, Avg: 12.0, Max: 48, Diff: 48, Sum: 48, Workers: 4
[950.874s][debug][gc,phases      ] GC(73)   JVMTI Tag Weak OopStorage      Min:  0.0, Avg:  0.0, Max:  0.0, Diff:  0.0, Sum:  0.0, Workers: 4
[950.874s][debug][gc,phases      ] GC(73)     Dead                           Min: 0, Avg:  0.0, Max: 0, Diff: 0, Sum: 0, Workers: 4
[950.874s][debug][gc,phases      ] GC(73)     Total                          Min: 0, Avg:  0.0, Max: 0, Diff: 0, Sum: 0, Workers: 4
[950.874s][debug][gc,phases      ] GC(73)   StringTable Weak               Min:  0.0, Avg:  0.1, Max:  0.1, Diff:  0.1, Sum:  0.4, Workers: 4
[950.874s][debug][gc,phases      ] GC(73)     Dead                           Min: 0, Avg:  0.5, Max: 2, Diff: 2, Sum: 2, Workers: 4
[950.874s][debug][gc,phases      ] GC(73)     Total                          Min: 0, Avg: 10770.2, Max: 16779, Diff: 16779, Sum: 43081, Workers: 4
[950.874s][debug][gc,phases      ] GC(73)   ResolvedMethodTable Weak       Min:  0.0, Avg:  0.0, Max:  0.0, Diff:  0.0, Sum:  0.1, Workers: 4
[950.874s][debug][gc,phases      ] GC(73)     Dead                           Min: 0, Avg:  0.0, Max: 0, Diff: 0, Sum: 0, Workers: 4
[950.874s][debug][gc,phases      ] GC(73)     Total                          Min: 0, Avg: 2149.5, Max: 3264, Diff: 3264, Sum: 8598, Workers: 4
[950.874s][debug][gc,phases      ] GC(73)   JNI Weak                       Min:  0.0, Avg:  0.0, Max:  0.0, Diff:  0.0, Sum:  0.0, Workers: 4
[950.874s][debug][gc,phases      ] GC(73)     Dead                           Min: 0, Avg:  0.0, Max: 0, Diff: 0, Sum: 0, Workers: 4
[950.874s][debug][gc,phases      ] GC(73)     Total                          Min: 0, Avg: 11.2, Max: 45, Diff: 45, Sum: 45, Workers: 4
[950.874s][debug][gc,phases      ] GC(73)   StringDedup Table Weak         Min:  0.0, Avg:  0.0, Max:  0.0, Diff:  0.0, Sum:  0.0, Workers: 4
[950.874s][debug][gc,phases      ] GC(73)     Dead                           Min: 0, Avg:  0.0, Max: 0, Diff: 0, Sum: 0, Workers: 4
[950.874s][debug][gc,phases      ] GC(73)     Total                          Min: 0, Avg:  0.0, Max: 0, Diff: 0, Sum: 0, Workers: 4
[950.874s][debug][gc,phases      ] GC(73)   StringDedup Requests0 Weak     Min:  0.0, Avg:  0.0, Max:  0.0, Diff:  0.0, Sum:  0.0, Workers: 4
[950.874s][debug][gc,phases      ] GC(73)     Dead                           Min: 0, Avg:  0.0, Max: 0, Diff: 0, Sum: 0, Workers: 4
[950.874s][debug][gc,phases      ] GC(73)     Total                          Min: 0, Avg:  0.0, Max: 0, Diff: 0, Sum: 0, Workers: 4
[950.874s][debug][gc,phases      ] GC(73)   StringDedup Requests1 Weak     Min:  0.0, Avg:  0.0, Max:  0.0, Diff:  0.0, Sum:  0.0, Workers: 4
[950.874s][debug][gc,phases      ] GC(73)     Dead                           Min: 0, Avg:  0.0, Max: 0, Diff: 0, Sum: 0, Workers: 4
[950.874s][debug][gc,phases      ] GC(73)     Total                          Min: 0, Avg:  0.0, Max: 0, Diff: 0, Sum: 0, Workers: 4
[950.874s][debug][gc,phases      ] GC(73)   Weak JFR Old Object Samples    Min:  0.0, Avg:  0.0, Max:  0.0, Diff:  0.0, Sum:  0.0, Workers: 4
[950.874s][debug][gc,phases      ] GC(73)     Dead                           Min: 0, Avg:  0.0, Max: 0, Diff: 0, Sum: 0, Workers: 4
[950.874s][debug][gc,phases      ] GC(73)     Total                          Min: 0, Avg:  0.0, Max: 0, Diff: 0, Sum: 0, Workers: 4
[950.874s][debug][gc,phases      ] GC(73) Weak Processing 0.318ms
[950.874s][debug][gc,age         ] GC(73) Desired survivor size 59244544 bytes, new threshold 15 (max threshold 15)
[950.874s][info ][gc,heap        ] GC(73) PSYoungGen: 1976720K(2037248K)->2032K(2034688K) Eden: 1974784K(1974784K)->0K(1974784K) From: 1936K(62464K)->2032K(59904K)
[950.874s][info ][gc,heap        ] GC(73) ParOldGen: 333229K(387072K)->333245K(387072K)
[950.874s][info ][gc,metaspace   ] GC(73) Metaspace: 78863K(79808K)->78863K(79808K) NonClass: 67570K(68096K)->67570K(68096K) Class: 11293K(11712K)->11293K(11712K)
[950.874s][info ][gc             ] GC(73) Pause Young (Allocation Failure) 2255M->327M(2365M) 4.869ms
[950.874s][info ][gc,cpu         ] GC(73) User=0.02s Sys=0.00s Real=0.00s
[950.874s][info ][safepoint      ] Safepoint "ParallelGCFailedAllocation", Time since last: 11145351569 ns, Reaching safepoint: 52900 ns, At safepoint: 4926707 ns, Total: 4979607 ns
[953.875s][info ][safepoint      ] Safepoint "Cleanup", Time since last: 3000184862 ns, Reaching safepoint: 46800 ns, At safepoint: 18300 ns, Total: 65100 ns
[957.875s][info ][safepoint      ] Safepoint "Cleanup", Time since last: 4000298148 ns, Reaching safepoint: 51800 ns, At safepoint: 12400 ns, Total: 64200 ns
[961.875s][info ][safepoint      ] Safepoint "Cleanup", Time since last: 4000299246 ns, Reaching safepoint: 40400 ns, At safepoint: 2500 ns, Total: 42900 ns
[971.670s][info ][gc,start       ] GC(74) Pause Young (Allocation Failure)
[971.673s][debug][gc,phases      ] GC(74) Scavenge 3.049ms
[971.673s][debug][gc,ref         ] GC(74) Skipped phase 1 of Reference Processing: no references
[971.673s][debug][gc,ref         ] GC(74) ReferenceProcessor::execute queues: 1, RefProcThreadModel::Single, marks_oops_alive: false
[971.673s][debug][gc,ref         ] GC(74) Skipped phase 3 of Reference Processing: no references
[971.673s][debug][gc,ref         ] GC(74) Skipped phase 4 of Reference Processing: no references
[971.673s][debug][gc,phases      ] GC(74) Reference Processing 0.083ms
[971.673s][debug][gc,phases      ] GC(74)   VM Weak                        Min:  0.0, Avg:  0.0, Max:  0.0, Diff:  0.0, Sum:  0.0, Workers: 4
[971.673s][debug][gc,phases      ] GC(74)     Dead                           Min: 0, Avg:  0.0, Max: 0, Diff: 0, Sum: 0, Workers: 4
[971.673s][debug][gc,phases      ] GC(74)     Total                          Min: 0, Avg: 176.5, Max: 640, Diff: 640, Sum: 706, Workers: 4
[971.673s][debug][gc,phases      ] GC(74)   ObjectSynchronizer Weak        Min:  0.0, Avg:  0.0, Max:  0.0, Diff:  0.0, Sum:  0.0, Workers: 4
[971.673s][debug][gc,phases      ] GC(74)     Dead                           Min: 0, Avg:  0.0, Max: 0, Diff: 0, Sum: 0, Workers: 4
[971.673s][debug][gc,phases      ] GC(74)     Total                          Min: 0, Avg: 12.0, Max: 48, Diff: 48, Sum: 48, Workers: 4
[971.673s][debug][gc,phases      ] GC(74)   JVMTI Tag Weak OopStorage      Min:  0.0, Avg:  0.0, Max:  0.0, Diff:  0.0, Sum:  0.0, Workers: 4
[971.673s][debug][gc,phases      ] GC(74)     Dead                           Min: 0, Avg:  0.0, Max: 0, Diff: 0, Sum: 0, Workers: 4
[971.673s][debug][gc,phases      ] GC(74)     Total                          Min: 0, Avg:  0.0, Max: 0, Diff: 0, Sum: 0, Workers: 4
[971.673s][debug][gc,phases      ] GC(74)   StringTable Weak               Min:  0.1, Avg:  0.1, Max:  0.1, Diff:  0.0, Sum:  0.4, Workers: 4
[971.673s][debug][gc,phases      ] GC(74)     Dead                           Min: 0, Avg:  0.0, Max: 0, Diff: 0, Sum: 0, Workers: 4
[971.673s][debug][gc,phases      ] GC(74)     Total                          Min: 10059, Avg: 10770.2, Max: 11648, Diff: 1589, Sum: 43081, Workers: 4
[971.673s][debug][gc,phases      ] GC(74)   ResolvedMethodTable Weak       Min:  0.0, Avg:  0.0, Max:  0.0, Diff:  0.0, Sum:  0.1, Workers: 4
[971.673s][debug][gc,phases      ] GC(74)     Dead                           Min: 0, Avg:  0.0, Max: 0, Diff: 0, Sum: 0, Workers: 4
[971.673s][debug][gc,phases      ] GC(74)     Total                          Min: 1984, Avg: 2149.5, Max: 2240, Diff: 256, Sum: 8598, Workers: 4
[971.673s][debug][gc,phases      ] GC(74)   JNI Weak                       Min:  0.0, Avg:  0.0, Max:  0.0, Diff:  0.0, Sum:  0.0, Workers: 4
[971.673s][debug][gc,phases      ] GC(74)     Dead                           Min: 0, Avg:  0.0, Max: 0, Diff: 0, Sum: 0, Workers: 4
[971.673s][debug][gc,phases      ] GC(74)     Total                          Min: 0, Avg: 11.2, Max: 45, Diff: 45, Sum: 45, Workers: 4
[971.673s][debug][gc,phases      ] GC(74)   StringDedup Table Weak         Min:  0.0, Avg:  0.0, Max:  0.0, Diff:  0.0, Sum:  0.0, Workers: 4
[971.673s][debug][gc,phases      ] GC(74)     Dead                           Min: 0, Avg:  0.0, Max: 0, Diff: 0, Sum: 0, Workers: 4
[971.673s][debug][gc,phases      ] GC(74)     Total                          Min: 0, Avg:  0.0, Max: 0, Diff: 0, Sum: 0, Workers: 4
[971.673s][debug][gc,phases      ] GC(74)   StringDedup Requests0 Weak     Min:  0.0, Avg:  0.0, Max:  0.0, Diff:  0.0, Sum:  0.0, Workers: 4
[971.673s][debug][gc,phases      ] GC(74)     Dead                           Min: 0, Avg:  0.0, Max: 0, Diff: 0, Sum: 0, Workers: 4
[971.673s][debug][gc,phases      ] GC(74)     Total                          Min: 0, Avg:  0.0, Max: 0, Diff: 0, Sum: 0, Workers: 4
[971.673s][debug][gc,phases      ] GC(74)   StringDedup Requests1 Weak     Min:  0.0, Avg:  0.0, Max:  0.0, Diff:  0.0, Sum:  0.0, Workers: 4
[971.673s][debug][gc,phases      ] GC(74)     Dead                           Min: 0, Avg:  0.0, Max: 0, Diff: 0, Sum: 0, Workers: 4
[971.673s][debug][gc,phases      ] GC(74)     Total                          Min: 0, Avg:  0.0, Max: 0, Diff: 0, Sum: 0, Workers: 4
[971.673s][debug][gc,phases      ] GC(74)   Weak JFR Old Object Samples    Min:  0.0, Avg:  0.0, Max:  0.0, Diff:  0.0, Sum:  0.0, Workers: 4
[971.673s][debug][gc,phases      ] GC(74)     Dead                           Min: 0, Avg:  0.0, Max: 0, Diff: 0, Sum: 0, Workers: 4
[971.673s][debug][gc,phases      ] GC(74)     Total                          Min: 0, Avg:  0.0, Max: 0, Diff: 0, Sum: 0, Workers: 4
[971.673s][debug][gc,phases      ] GC(74) Weak Processing 0.279ms
[971.673s][debug][gc,age         ] GC(74) Desired survivor size 56623104 bytes, new threshold 15 (max threshold 15)
[971.673s][info ][gc,heap        ] GC(74) PSYoungGen: 1976816K(2034688K)->2096K(2041856K) Eden: 1974784K(1974784K)->0K(1984000K) From: 2032K(59904K)->2096K(57856K)
[971.673s][info ][gc,heap        ] GC(74) ParOldGen: 333245K(387072K)->333269K(387072K)
[971.673s][info ][gc,metaspace   ] GC(74) Metaspace: 78866K(79808K)->78866K(79808K) NonClass: 67572K(68096K)->67572K(68096K) Class: 11293K(11712K)->11293K(11712K)
[971.673s][info ][gc             ] GC(74) Pause Young (Allocation Failure) 2255M->327M(2372M) 3.501ms
[971.673s][info ][gc,cpu         ] GC(74) User=0.01s Sys=0.00s Real=0.00s
[971.673s][info ][safepoint      ] Safepoint "ParallelGCFailedAllocation", Time since last: 9794372773 ns, Reaching safepoint: 96400 ns, At safepoint: 3564605 ns, Total: 3661005 ns
[973.849s][info ][safepoint      ] Safepoint "Cleanup", Time since last: 2176029614 ns, Reaching safepoint: 43000 ns, At safepoint: 4400 ns, Total: 47400 ns
[975.850s][info ][safepoint      ] Safepoint "Cleanup", Time since last: 2000167670 ns, Reaching safepoint: 30400 ns, At safepoint: 2700 ns, Total: 33100 ns
[976.850s][info ][safepoint      ] Safepoint "Cleanup", Time since last: 1000105685 ns, Reaching safepoint: 41700 ns, At safepoint: 3600 ns, Total: 45300 ns
[981.850s][info ][safepoint      ] Safepoint "Cleanup", Time since last: 5000355423 ns, Reaching safepoint: 66901 ns, At safepoint: 5800 ns, Total: 72701 ns
[983.850s][info ][safepoint      ] Safepoint "Cleanup", Time since last: 2000168268 ns, Reaching safepoint: 43200 ns, At safepoint: 10700 ns, Total: 53900 ns
[991.472s][info ][safepoint      ] Safepoint "ParallelGCFailedAllocation", Time since last: 7621215246 ns, Reaching safepoint: 97000 ns, At safepoint: 17300 ns, Total: 114300 ns
[991.472s][info ][gc,start       ] GC(75) Pause Young (GCLocker Initiated GC)
[991.474s][debug][gc,phases      ] GC(75) Scavenge 2.507ms
[991.474s][debug][gc,ref         ] GC(75) Skipped phase 1 of Reference Processing: no references
[991.475s][debug][gc,ref         ] GC(75) ReferenceProcessor::execute queues: 1, RefProcThreadModel::Single, marks_oops_alive: false
[991.475s][debug][gc,ref         ] GC(75) Skipped phase 3 of Reference Processing: no references
[991.475s][debug][gc,ref         ] GC(75) ReferenceProcessor::execute queues: 1, RefProcThreadModel::Single, marks_oops_alive: false
[991.475s][debug][gc,phases      ] GC(75) Reference Processing 0.087ms
[991.475s][debug][gc,phases      ] GC(75)   VM Weak                        Min:  0.0, Avg:  0.0, Max:  0.0, Diff:  0.0, Sum:  0.0, Workers: 4
[991.475s][debug][gc,phases      ] GC(75)     Dead                           Min: 0, Avg:  0.0, Max: 0, Diff: 0, Sum: 0, Workers: 4
[991.475s][debug][gc,phases      ] GC(75)     Total                          Min: 0, Avg: 178.0, Max: 456, Diff: 456, Sum: 712, Workers: 4
[991.475s][debug][gc,phases      ] GC(75)   ObjectSynchronizer Weak        Min:  0.0, Avg:  0.0, Max:  0.0, Diff:  0.0, Sum:  0.0, Workers: 4
[991.475s][debug][gc,phases      ] GC(75)     Dead                           Min: 0, Avg:  0.0, Max: 0, Diff: 0, Sum: 0, Workers: 4
[991.475s][debug][gc,phases      ] GC(75)     Total                          Min: 0, Avg: 12.0, Max: 48, Diff: 48, Sum: 48, Workers: 4
[991.475s][debug][gc,phases      ] GC(75)   JVMTI Tag Weak OopStorage      Min:  0.0, Avg:  0.0, Max:  0.0, Diff:  0.0, Sum:  0.0, Workers: 4
[991.475s][debug][gc,phases      ] GC(75)     Dead                           Min: 0, Avg:  0.0, Max: 0, Diff: 0, Sum: 0, Workers: 4
[991.475s][debug][gc,phases      ] GC(75)     Total                          Min: 0, Avg:  0.0, Max: 0, Diff: 0, Sum: 0, Workers: 4
[991.475s][debug][gc,phases      ] GC(75)   StringTable Weak               Min:  0.0, Avg:  0.1, Max:  0.1, Diff:  0.1, Sum:  0.4, Workers: 4
[991.475s][debug][gc,phases      ] GC(75)     Dead                           Min: 0, Avg:  0.5, Max: 2, Diff: 2, Sum: 2, Workers: 4
[991.475s][debug][gc,phases      ] GC(75)     Total                          Min: 0, Avg: 10775.0, Max: 17471, Diff: 17471, Sum: 43100, Workers: 4
[991.475s][debug][gc,phases      ] GC(75)   ResolvedMethodTable Weak       Min:  0.0, Avg:  0.0, Max:  0.0, Diff:  0.0, Sum:  0.1, Workers: 4
[991.475s][debug][gc,phases      ] GC(75)     Dead                           Min: 0, Avg:  4.2, Max: 15, Diff: 15, Sum: 17, Workers: 4
[991.475s][debug][gc,phases      ] GC(75)     Total                          Min: 0, Avg: 2158.5, Max: 4352, Diff: 4352, Sum: 8634, Workers: 4
[991.475s][debug][gc,phases      ] GC(75)   JNI Weak                       Min:  0.0, Avg:  0.0, Max:  0.0, Diff:  0.0, Sum:  0.0, Workers: 4
[991.475s][debug][gc,phases      ] GC(75)     Dead                           Min: 0, Avg:  0.0, Max: 0, Diff: 0, Sum: 0, Workers: 4
[991.475s][debug][gc,phases      ] GC(75)     Total                          Min: 0, Avg: 11.2, Max: 45, Diff: 45, Sum: 45, Workers: 4
[991.475s][debug][gc,phases      ] GC(75)   StringDedup Table Weak         Min:  0.0, Avg:  0.0, Max:  0.0, Diff:  0.0, Sum:  0.0, Workers: 4
[991.475s][debug][gc,phases      ] GC(75)     Dead                           Min: 0, Avg:  0.0, Max: 0, Diff: 0, Sum: 0, Workers: 4
[991.475s][debug][gc,phases      ] GC(75)     Total                          Min: 0, Avg:  0.0, Max: 0, Diff: 0, Sum: 0, Workers: 4
[991.475s][debug][gc,phases      ] GC(75)   StringDedup Requests0 Weak     Min:  0.0, Avg:  0.0, Max:  0.0, Diff:  0.0, Sum:  0.0, Workers: 4
[991.475s][debug][gc,phases      ] GC(75)     Dead                           Min: 0, Avg:  0.0, Max: 0, Diff: 0, Sum: 0, Workers: 4
[991.475s][debug][gc,phases      ] GC(75)     Total                          Min: 0, Avg:  0.0, Max: 0, Diff: 0, Sum: 0, Workers: 4
[991.475s][debug][gc,phases      ] GC(75)   StringDedup Requests1 Weak     Min:  0.0, Avg:  0.0, Max:  0.0, Diff:  0.0, Sum:  0.0, Workers: 4
[991.475s][debug][gc,phases      ] GC(75)     Dead                           Min: 0, Avg:  0.0, Max: 0, Diff: 0, Sum: 0, Workers: 4
[991.475s][debug][gc,phases      ] GC(75)     Total                          Min: 0, Avg:  0.0, Max: 0, Diff: 0, Sum: 0, Workers: 4
[991.475s][debug][gc,phases      ] GC(75)   Weak JFR Old Object Samples    Min:  0.0, Avg:  0.0, Max:  0.0, Diff:  0.0, Sum:  0.0, Workers: 4
[991.475s][debug][gc,phases      ] GC(75)     Dead                           Min: 0, Avg:  0.0, Max: 0, Diff: 0, Sum: 0, Workers: 4
[991.475s][debug][gc,phases      ] GC(75)     Total                          Min: 0, Avg:  0.0, Max: 0, Diff: 0, Sum: 0, Workers: 4
[991.475s][debug][gc,phases      ] GC(75) Weak Processing 0.314ms
[991.475s][debug][gc,age         ] GC(75) Desired survivor size 54001664 bytes, new threshold 15 (max threshold 15)
[991.475s][info ][gc,heap        ] GC(75) PSYoungGen: 1986096K(2041856K)->1888K(2039296K) Eden: 1984000K(1984000K)->0K(1984000K) From: 2096K(57856K)->1888K(55296K)
[991.475s][info ][gc,heap        ] GC(75) ParOldGen: 333269K(387072K)->333485K(387072K)
[991.475s][info ][gc,metaspace   ] GC(75) Metaspace: 78932K(79808K)->78932K(79808K) NonClass: 67621K(68096K)->67621K(68096K) Class: 11310K(11712K)->11310K(11712K)
[991.475s][info ][gc             ] GC(75) Pause Young (GCLocker Initiated GC) 2265M->327M(2369M) 2.998ms
[991.475s][info ][gc,cpu         ] GC(75) User=0.01s Sys=0.00s Real=0.00s
[991.475s][info ][safepoint      ] Safepoint "ParallelGCSystemGC", Time since last: 76300 ns, Reaching safepoint: 85501 ns, At safepoint: 3055904 ns, Total: 3141405 ns
[1006.476s][info ][safepoint      ] Safepoint "Cleanup", Time since last: 15000943442 ns, Reaching safepoint: 75200 ns, At safepoint: 5800 ns, Total: 81000 ns
[1007.476s][info ][safepoint      ] Safepoint "Cleanup", Time since last: 1000071182 ns, Reaching safepoint: 101100 ns, At safepoint: 8300 ns, Total: 109400 ns
[1011.821s][info ][gc,start       ] GC(76) Pause Young (Allocation Failure)
[1011.824s][debug][gc,phases      ] GC(76) Scavenge 3.129ms
[1011.824s][debug][gc,ref         ] GC(76) Skipped phase 1 of Reference Processing: no references
[1011.824s][debug][gc,ref         ] GC(76) ReferenceProcessor::execute queues: 1, RefProcThreadModel::Single, marks_oops_alive: false
[1011.824s][debug][gc,ref         ] GC(76) Skipped phase 3 of Reference Processing: no references
[1011.824s][debug][gc,ref         ] GC(76) ReferenceProcessor::execute queues: 1, RefProcThreadModel::Single, marks_oops_alive: false
[1011.824s][debug][gc,phases      ] GC(76) Reference Processing 0.098ms
[1011.825s][debug][gc,phases      ] GC(76)   VM Weak                        Min:  0.0, Avg:  0.0, Max:  0.0, Diff:  0.0, Sum:  0.0, Workers: 4
[1011.825s][debug][gc,phases      ] GC(76)     Dead                           Min: 0, Avg:  0.0, Max: 0, Diff: 0, Sum: 0, Workers: 4
[1011.825s][debug][gc,phases      ] GC(76)     Total                          Min: 0, Avg: 178.0, Max: 712, Diff: 712, Sum: 712, Workers: 4
[1011.825s][debug][gc,phases      ] GC(76)   ObjectSynchronizer Weak        Min:  0.0, Avg:  0.0, Max:  0.0, Diff:  0.0, Sum:  0.0, Workers: 4
[1011.825s][debug][gc,phases      ] GC(76)     Dead                           Min: 0, Avg:  0.0, Max: 0, Diff: 0, Sum: 0, Workers: 4
[1011.825s][debug][gc,phases      ] GC(76)     Total                          Min: 0, Avg: 12.0, Max: 48, Diff: 48, Sum: 48, Workers: 4
[1011.825s][debug][gc,phases      ] GC(76)   JVMTI Tag Weak OopStorage      Min:  0.0, Avg:  0.0, Max:  0.0, Diff:  0.0, Sum:  0.0, Workers: 4
[1011.825s][debug][gc,phases      ] GC(76)     Dead                           Min: 0, Avg:  0.0, Max: 0, Diff: 0, Sum: 0, Workers: 4
[1011.825s][debug][gc,phases      ] GC(76)     Total                          Min: 0, Avg:  0.0, Max: 0, Diff: 0, Sum: 0, Workers: 4
[1011.825s][debug][gc,phases      ] GC(76)   StringTable Weak               Min:  0.0, Avg:  0.1, Max:  0.1, Diff:  0.1, Sum:  0.3, Workers: 4
[1011.825s][debug][gc,phases      ] GC(76)     Dead                           Min: 0, Avg:  0.0, Max: 0, Diff: 0, Sum: 0, Workers: 4
[1011.825s][debug][gc,phases      ] GC(76)     Total                          Min: 0, Avg: 10775.0, Max: 18654, Diff: 18654, Sum: 43100, Workers: 4
[1011.825s][debug][gc,phases      ] GC(76)   ResolvedMethodTable Weak       Min:  0.0, Avg:  0.0, Max:  0.0, Diff:  0.0, Sum:  0.1, Workers: 4
[1011.825s][debug][gc,phases      ] GC(76)     Dead                           Min: 0, Avg:  0.0, Max: 0, Diff: 0, Sum: 0, Workers: 4
[1011.825s][debug][gc,phases      ] GC(76)     Total                          Min: 0, Avg: 2158.5, Max: 3200, Diff: 3200, Sum: 8634, Workers: 4
[1011.825s][debug][gc,phases      ] GC(76)   JNI Weak                       Min:  0.0, Avg:  0.0, Max:  0.0, Diff:  0.0, Sum:  0.0, Workers: 4
[1011.825s][debug][gc,phases      ] GC(76)     Dead                           Min: 0, Avg:  0.0, Max: 0, Diff: 0, Sum: 0, Workers: 4
[1011.825s][debug][gc,phases      ] GC(76)     Total                          Min: 0, Avg: 11.2, Max: 45, Diff: 45, Sum: 45, Workers: 4
[1011.825s][debug][gc,phases      ] GC(76)   StringDedup Table Weak         Min:  0.0, Avg:  0.0, Max:  0.0, Diff:  0.0, Sum:  0.0, Workers: 4
[1011.825s][debug][gc,phases      ] GC(76)     Dead                           Min: 0, Avg:  0.0, Max: 0, Diff: 0, Sum: 0, Workers: 4
[1011.825s][debug][gc,phases      ] GC(76)     Total                          Min: 0, Avg:  0.0, Max: 0, Diff: 0, Sum: 0, Workers: 4
[1011.825s][debug][gc,phases      ] GC(76)   StringDedup Requests0 Weak     Min:  0.0, Avg:  0.0, Max:  0.0, Diff:  0.0, Sum:  0.0, Workers: 4
[1011.825s][debug][gc,phases      ] GC(76)     Dead                           Min: 0, Avg:  0.0, Max: 0, Diff: 0, Sum: 0, Workers: 4
[1011.825s][debug][gc,phases      ] GC(76)     Total                          Min: 0, Avg:  0.0, Max: 0, Diff: 0, Sum: 0, Workers: 4
[1011.825s][debug][gc,phases      ] GC(76)   StringDedup Requests1 Weak     Min:  0.0, Avg:  0.0, Max:  0.0, Diff:  0.0, Sum:  0.0, Workers: 4
[1011.825s][debug][gc,phases      ] GC(76)     Dead                           Min: 0, Avg:  0.0, Max: 0, Diff: 0, Sum: 0, Workers: 4
[1011.825s][debug][gc,phases      ] GC(76)     Total                          Min: 0, Avg:  0.0, Max: 0, Diff: 0, Sum: 0, Workers: 4
[1011.825s][debug][gc,phases      ] GC(76)   Weak JFR Old Object Samples    Min:  0.0, Avg:  0.0, Max:  0.0, Diff:  0.0, Sum:  0.0, Workers: 4
[1011.825s][debug][gc,phases      ] GC(76)     Dead                           Min: 0, Avg:  0.0, Max: 0, Diff: 0, Sum: 0, Workers: 4
[1011.825s][debug][gc,phases      ] GC(76)     Total                          Min: 0, Avg:  0.0, Max: 0, Diff: 0, Sum: 0, Workers: 4
[1011.825s][debug][gc,phases      ] GC(76) Weak Processing 0.297ms
[1011.825s][debug][gc,age         ] GC(76) Desired survivor size 51380224 bytes, new threshold 15 (max threshold 15)
[1011.825s][info ][gc,heap        ] GC(76) PSYoungGen: 1985888K(2039296K)->1856K(2046976K) Eden: 1984000K(1984000K)->0K(1994240K) From: 1888K(55296K)->1856K(52736K)
[1011.825s][info ][gc,heap        ] GC(76) ParOldGen: 333486K(387072K)->333518K(387072K)
[1011.825s][info ][gc,metaspace   ] GC(76) Metaspace: 78934K(79808K)->78934K(79808K) NonClass: 67623K(68096K)->67623K(68096K) Class: 11310K(11712K)->11310K(11712K)
[1011.825s][info ][gc             ] GC(76) Pause Young (Allocation Failure) 2265M->327M(2377M) 3.650ms
[1011.825s][info ][gc,cpu         ] GC(76) User=0.00s Sys=0.02s Real=0.00s
[1011.825s][info ][safepoint      ] Safepoint "ParallelGCFailedAllocation", Time since last: 4344887304 ns, Reaching safepoint: 22300 ns, At safepoint: 3712705 ns, Total: 3735005 ns
[1017.825s][info ][safepoint      ] Safepoint "Cleanup", Time since last: 6000413488 ns, Reaching safepoint: 29000 ns, At safepoint: 2800 ns, Total: 31800 ns
[1018.825s][info ][safepoint      ] Safepoint "Cleanup", Time since last: 1000101781 ns, Reaching safepoint: 25400 ns, At safepoint: 2000 ns, Total: 27400 ns
[1019.826s][info ][safepoint      ] Safepoint "Cleanup", Time since last: 1000101681 ns, Reaching safepoint: 107301 ns, At safepoint: 34600 ns, Total: 141901 ns
[1020.826s][info ][safepoint      ] Safepoint "Cleanup", Time since last: 1000108181 ns, Reaching safepoint: 59300 ns, At safepoint: 2400 ns, Total: 61700 ns
[1022.826s][info ][safepoint      ] Safepoint "Cleanup", Time since last: 2000171961 ns, Reaching safepoint: 25400 ns, At safepoint: 2200 ns, Total: 27600 ns
[1026.826s][info ][safepoint      ] Safepoint "Cleanup", Time since last: 4000291522 ns, Reaching safepoint: 27800 ns, At safepoint: 2200 ns, Total: 30000 ns
[1029.827s][info ][safepoint      ] Safepoint "Cleanup", Time since last: 3000245041 ns, Reaching safepoint: 40600 ns, At safepoint: 3800 ns, Total: 44400 ns
[1032.318s][info ][gc,start       ] GC(77) Pause Young (Allocation Failure)
[1032.321s][debug][gc,phases      ] GC(77) Scavenge 2.680ms
[1032.321s][debug][gc,ref         ] GC(77) Skipped phase 1 of Reference Processing: no references
[1032.321s][debug][gc,ref         ] GC(77) ReferenceProcessor::execute queues: 1, RefProcThreadModel::Single, marks_oops_alive: false
[1032.321s][debug][gc,ref         ] GC(77) Skipped phase 3 of Reference Processing: no references
[1032.321s][debug][gc,ref         ] GC(77) ReferenceProcessor::execute queues: 1, RefProcThreadModel::Single, marks_oops_alive: false
[1032.321s][debug][gc,phases      ] GC(77) Reference Processing 0.106ms
[1032.321s][debug][gc,phases      ] GC(77)   VM Weak                        Min:  0.0, Avg:  0.0, Max:  0.0, Diff:  0.0, Sum:  0.0, Workers: 4
[1032.321s][debug][gc,phases      ] GC(77)     Dead                           Min: 0, Avg:  0.0, Max: 0, Diff: 0, Sum: 0, Workers: 4
[1032.321s][debug][gc,phases      ] GC(77)     Total                          Min: 0, Avg: 178.0, Max: 704, Diff: 704, Sum: 712, Workers: 4
[1032.321s][debug][gc,phases      ] GC(77)   ObjectSynchronizer Weak        Min:  0.0, Avg:  0.0, Max:  0.0, Diff:  0.0, Sum:  0.0, Workers: 4
[1032.321s][debug][gc,phases      ] GC(77)     Dead                           Min: 0, Avg:  0.0, Max: 0, Diff: 0, Sum: 0, Workers: 4
[1032.321s][debug][gc,phases      ] GC(77)     Total                          Min: 0, Avg: 12.0, Max: 48, Diff: 48, Sum: 48, Workers: 4
[1032.321s][debug][gc,phases      ] GC(77)   JVMTI Tag Weak OopStorage      Min:  0.0, Avg:  0.0, Max:  0.0, Diff:  0.0, Sum:  0.0, Workers: 4
[1032.321s][debug][gc,phases      ] GC(77)     Dead                           Min: 0, Avg:  0.0, Max: 0, Diff: 0, Sum: 0, Workers: 4
[1032.321s][debug][gc,phases      ] GC(77)     Total                          Min: 0, Avg:  0.0, Max: 0, Diff: 0, Sum: 0, Workers: 4
[1032.321s][debug][gc,phases      ] GC(77)   StringTable Weak               Min:  0.1, Avg:  0.1, Max:  0.1, Diff:  0.0, Sum:  0.4, Workers: 4
[1032.321s][debug][gc,phases      ] GC(77)     Dead                           Min: 0, Avg:  0.0, Max: 0, Diff: 0, Sum: 0, Workers: 4
[1032.321s][debug][gc,phases      ] GC(77)     Total                          Min: 10240, Avg: 10775.0, Max: 11262, Diff: 1022, Sum: 43100, Workers: 4
[1032.322s][debug][gc,phases      ] GC(77)   ResolvedMethodTable Weak       Min:  0.0, Avg:  0.0, Max:  0.0, Diff:  0.0, Sum:  0.1, Workers: 4
[1032.322s][debug][gc,phases      ] GC(77)     Dead                           Min: 0, Avg:  0.0, Max: 0, Diff: 0, Sum: 0, Workers: 4
[1032.322s][debug][gc,phases      ] GC(77)     Total                          Min: 1856, Avg: 2158.5, Max: 2304, Diff: 448, Sum: 8634, Workers: 4
[1032.322s][debug][gc,phases      ] GC(77)   JNI Weak                       Min:  0.0, Avg:  0.0, Max:  0.0, Diff:  0.0, Sum:  0.0, Workers: 4
[1032.322s][debug][gc,phases      ] GC(77)     Dead                           Min: 0, Avg:  0.0, Max: 0, Diff: 0, Sum: 0, Workers: 4
[1032.322s][debug][gc,phases      ] GC(77)     Total                          Min: 0, Avg: 11.2, Max: 45, Diff: 45, Sum: 45, Workers: 4
[1032.322s][debug][gc,phases      ] GC(77)   StringDedup Table Weak         Min:  0.0, Avg:  0.0, Max:  0.0, Diff:  0.0, Sum:  0.0, Workers: 4
[1032.322s][debug][gc,phases      ] GC(77)     Dead                           Min: 0, Avg:  0.0, Max: 0, Diff: 0, Sum: 0, Workers: 4
[1032.322s][debug][gc,phases      ] GC(77)     Total                          Min: 0, Avg:  0.0, Max: 0, Diff: 0, Sum: 0, Workers: 4
[1032.322s][debug][gc,phases      ] GC(77)   StringDedup Requests0 Weak     Min:  0.0, Avg:  0.0, Max:  0.0, Diff:  0.0, Sum:  0.0, Workers: 4
[1032.322s][debug][gc,phases      ] GC(77)     Dead                           Min: 0, Avg:  0.0, Max: 0, Diff: 0, Sum: 0, Workers: 4
[1032.322s][debug][gc,phases      ] GC(77)     Total                          Min: 0, Avg:  0.0, Max: 0, Diff: 0, Sum: 0, Workers: 4
[1032.322s][debug][gc,phases      ] GC(77)   StringDedup Requests1 Weak     Min:  0.0, Avg:  0.0, Max:  0.0, Diff:  0.0, Sum:  0.0, Workers: 4
[1032.322s][debug][gc,phases      ] GC(77)     Dead                           Min: 0, Avg:  0.0, Max: 0, Diff: 0, Sum: 0, Workers: 4
[1032.322s][debug][gc,phases      ] GC(77)     Total                          Min: 0, Avg:  0.0, Max: 0, Diff: 0, Sum: 0, Workers: 4
[1032.322s][debug][gc,phases      ] GC(77)   Weak JFR Old Object Samples    Min:  0.0, Avg:  0.0, Max:  0.0, Diff:  0.0, Sum:  0.0, Workers: 4
[1032.322s][debug][gc,phases      ] GC(77)     Dead                           Min: 0, Avg:  0.0, Max: 0, Diff: 0, Sum: 0, Workers: 4
[1032.322s][debug][gc,phases      ] GC(77)     Total                          Min: 0, Avg:  0.0, Max: 0, Diff: 0, Sum: 0, Workers: 4
[1032.322s][debug][gc,phases      ] GC(77) Weak Processing 0.293ms
[1032.322s][debug][gc,age         ] GC(77) Desired survivor size 48758784 bytes, new threshold 15 (max threshold 15)
[1032.322s][info ][gc,heap        ] GC(77) PSYoungGen: 1996096K(2046976K)->2016K(2044416K) Eden: 1994240K(1994240K)->0K(1994240K) From: 1856K(52736K)->2016K(50176K)
[1032.322s][info ][gc,heap        ] GC(77) ParOldGen: 333518K(387072K)->333574K(387072K)
[1032.322s][info ][gc,metaspace   ] GC(77) Metaspace: 78954K(79872K)->78954K(79872K) NonClass: 67644K(68160K)->67644K(68160K) Class: 11310K(11712K)->11310K(11712K)
[1032.322s][info ][gc             ] GC(77) Pause Young (Allocation Failure) 2275M->327M(2374M) 3.169ms
[1032.322s][info ][gc,cpu         ] GC(77) User=0.01s Sys=0.00s Real=0.00s
[1032.322s][info ][safepoint      ] Safepoint "ParallelGCFailedAllocation", Time since last: 2491780838 ns, Reaching safepoint: 32400 ns, At safepoint: 3227305 ns, Total: 3259705 ns
[1034.322s][info ][safepoint      ] Safepoint "Cleanup", Time since last: 2000148259 ns, Reaching safepoint: 95000 ns, At safepoint: 3800 ns, Total: 98800 ns
[1049.323s][info ][safepoint      ] Safepoint "Cleanup", Time since last: 15001035986 ns, Reaching safepoint: 115500 ns, At safepoint: 5700 ns, Total: 121200 ns
[1052.323s][info ][safepoint      ] Safepoint "Cleanup", Time since last: 3000231535 ns, Reaching safepoint: 120400 ns, At safepoint: 9500 ns, Total: 129900 ns
[1053.023s][info ][gc,start       ] GC(78) Pause Young (Allocation Failure)
[1053.026s][debug][gc,phases      ] GC(78) Scavenge 2.957ms
[1053.026s][debug][gc,ref         ] GC(78) Skipped phase 1 of Reference Processing: no references
[1053.026s][debug][gc,ref         ] GC(78) ReferenceProcessor::execute queues: 1, RefProcThreadModel::Single, marks_oops_alive: false
[1053.026s][debug][gc,ref         ] GC(78) Skipped phase 3 of Reference Processing: no references
[1053.026s][debug][gc,ref         ] GC(78) ReferenceProcessor::execute queues: 1, RefProcThreadModel::Single, marks_oops_alive: false
[1053.026s][debug][gc,phases      ] GC(78) Reference Processing 0.087ms
[1053.026s][debug][gc,phases      ] GC(78)   VM Weak                        Min:  0.0, Avg:  0.0, Max:  0.0, Diff:  0.0, Sum:  0.0, Workers: 4
[1053.026s][debug][gc,phases      ] GC(78)     Dead                           Min: 0, Avg:  0.0, Max: 0, Diff: 0, Sum: 0, Workers: 4
[1053.026s][debug][gc,phases      ] GC(78)     Total                          Min: 0, Avg: 179.0, Max: 460, Diff: 460, Sum: 716, Workers: 4
[1053.026s][debug][gc,phases      ] GC(78)   ObjectSynchronizer Weak        Min:  0.0, Avg:  0.0, Max:  0.0, Diff:  0.0, Sum:  0.0, Workers: 4
[1053.026s][debug][gc,phases      ] GC(78)     Dead                           Min: 0, Avg:  0.0, Max: 0, Diff: 0, Sum: 0, Workers: 4
[1053.026s][debug][gc,phases      ] GC(78)     Total                          Min: 0, Avg: 12.0, Max: 48, Diff: 48, Sum: 48, Workers: 4
[1053.026s][debug][gc,phases      ] GC(78)   JVMTI Tag Weak OopStorage      Min:  0.0, Avg:  0.0, Max:  0.0, Diff:  0.0, Sum:  0.0, Workers: 4
[1053.026s][debug][gc,phases      ] GC(78)     Dead                           Min: 0, Avg:  0.0, Max: 0, Diff: 0, Sum: 0, Workers: 4
[1053.026s][debug][gc,phases      ] GC(78)     Total                          Min: 0, Avg:  0.0, Max: 0, Diff: 0, Sum: 0, Workers: 4
[1053.026s][debug][gc,phases      ] GC(78)   StringTable Weak               Min:  0.1, Avg:  0.1, Max:  0.1, Diff:  0.0, Sum:  0.4, Workers: 4
[1053.026s][debug][gc,phases      ] GC(78)     Dead                           Min: 0, Avg:  0.5, Max: 2, Diff: 2, Sum: 2, Workers: 4
[1053.026s][debug][gc,phases      ] GC(78)     Total                          Min: 9471, Avg: 10782.0, Max: 11647, Diff: 2176, Sum: 43128, Workers: 4
[1053.026s][debug][gc,phases      ] GC(78)   ResolvedMethodTable Weak       Min:  0.0, Avg:  0.0, Max:  0.0, Diff:  0.0, Sum:  0.1, Workers: 4
[1053.026s][debug][gc,phases      ] GC(78)     Dead                           Min: 0, Avg:  0.0, Max: 0, Diff: 0, Sum: 0, Workers: 4
[1053.026s][debug][gc,phases      ] GC(78)     Total                          Min: 2112, Avg: 2164.0, Max: 2240, Diff: 128, Sum: 8656, Workers: 4
[1053.026s][debug][gc,phases      ] GC(78)   JNI Weak                       Min:  0.0, Avg:  0.0, Max:  0.0, Diff:  0.0, Sum:  0.0, Workers: 4
[1053.026s][debug][gc,phases      ] GC(78)     Dead                           Min: 0, Avg:  0.0, Max: 0, Diff: 0, Sum: 0, Workers: 4
[1053.026s][debug][gc,phases      ] GC(78)     Total                          Min: 0, Avg: 11.2, Max: 45, Diff: 45, Sum: 45, Workers: 4
[1053.026s][debug][gc,phases      ] GC(78)   StringDedup Table Weak         Min:  0.0, Avg:  0.0, Max:  0.0, Diff:  0.0, Sum:  0.0, Workers: 4
[1053.026s][debug][gc,phases      ] GC(78)     Dead                           Min: 0, Avg:  0.0, Max: 0, Diff: 0, Sum: 0, Workers: 4
[1053.026s][debug][gc,phases      ] GC(78)     Total                          Min: 0, Avg:  0.0, Max: 0, Diff: 0, Sum: 0, Workers: 4
[1053.026s][debug][gc,phases      ] GC(78)   StringDedup Requests0 Weak     Min:  0.0, Avg:  0.0, Max:  0.0, Diff:  0.0, Sum:  0.0, Workers: 4
[1053.026s][debug][gc,phases      ] GC(78)     Dead                           Min: 0, Avg:  0.0, Max: 0, Diff: 0, Sum: 0, Workers: 4
[1053.026s][debug][gc,phases      ] GC(78)     Total                          Min: 0, Avg:  0.0, Max: 0, Diff: 0, Sum: 0, Workers: 4
[1053.026s][debug][gc,phases      ] GC(78)   StringDedup Requests1 Weak     Min:  0.0, Avg:  0.0, Max:  0.0, Diff:  0.0, Sum:  0.0, Workers: 4
[1053.026s][debug][gc,phases      ] GC(78)     Dead                           Min: 0, Avg:  0.0, Max: 0, Diff: 0, Sum: 0, Workers: 4
[1053.026s][debug][gc,phases      ] GC(78)     Total                          Min: 0, Avg:  0.0, Max: 0, Diff: 0, Sum: 0, Workers: 4
[1053.026s][debug][gc,phases      ] GC(78)   Weak JFR Old Object Samples    Min:  0.0, Avg:  0.0, Max:  0.0, Diff:  0.0, Sum:  0.0, Workers: 4
[1053.026s][debug][gc,phases      ] GC(78)     Dead                           Min: 0, Avg:  0.0, Max: 0, Diff: 0, Sum: 0, Workers: 4
[1053.026s][debug][gc,phases      ] GC(78)     Total                          Min: 0, Avg:  0.0, Max: 0, Diff: 0, Sum: 0, Workers: 4
[1053.026s][debug][gc,phases      ] GC(78) Weak Processing 0.294ms
[1053.026s][debug][gc,age         ] GC(78) Desired survivor size 46137344 bytes, new threshold 15 (max threshold 15)
[1053.026s][info ][gc,heap        ] GC(78) PSYoungGen: 1996256K(2044416K)->2016K(2052096K) Eden: 1994240K(1994240K)->0K(2004480K) From: 2016K(50176K)->2016K(47616K)
[1053.026s][info ][gc,heap        ] GC(78) ParOldGen: 333574K(387072K)->333614K(387072K)
[1053.026s][info ][gc,metaspace   ] GC(78) Metaspace: 79004K(79936K)->79004K(79936K) NonClass: 67685K(68160K)->67685K(68160K) Class: 11319K(11776K)->11319K(11776K)
[1053.026s][info ][gc             ] GC(78) Pause Young (Allocation Failure) 2275M->327M(2382M) 3.427ms
[1053.026s][info ][gc,cpu         ] GC(78) User=0.00s Sys=0.01s Real=0.01s
[1053.026s][info ][safepoint      ] Safepoint "ParallelGCFailedAllocation", Time since last: 699502464 ns, Reaching safepoint: 101300 ns, At safepoint: 3483205 ns, Total: 3584505 ns
[1054.027s][info ][safepoint      ] Safepoint "Cleanup", Time since last: 1000083678 ns, Reaching safepoint: 48800 ns, At safepoint: 4100 ns, Total: 52900 ns
[1055.027s][info ][safepoint      ] Safepoint "Cleanup", Time since last: 1000104578 ns, Reaching safepoint: 40100 ns, At safepoint: 2000 ns, Total: 42100 ns
[1056.027s][info ][safepoint      ] Safepoint "Cleanup", Time since last: 1000092978 ns, Reaching safepoint: 53000 ns, At safepoint: 2100 ns, Total: 55100 ns
[1057.027s][info ][safepoint      ] Safepoint "Cleanup", Time since last: 1000090078 ns, Reaching safepoint: 42300 ns, At safepoint: 3800 ns, Total: 46100 ns
[1058.027s][info ][safepoint      ] Safepoint "Cleanup", Time since last: 1000098378 ns, Reaching safepoint: 48200 ns, At safepoint: 4100 ns, Total: 52300 ns
[1059.027s][info ][safepoint      ] Safepoint "Cleanup", Time since last: 1000101978 ns, Reaching safepoint: 54200 ns, At safepoint: 3400 ns, Total: 57600 ns
[1062.028s][info ][safepoint      ] Safepoint "Cleanup", Time since last: 3000237832 ns, Reaching safepoint: 32100 ns, At safepoint: 2600 ns, Total: 34700 ns
[1064.028s][info ][safepoint      ] Safepoint "Cleanup", Time since last: 2000124555 ns, Reaching safepoint: 56600 ns, At safepoint: 2200 ns, Total: 58800 ns
[1070.028s][info ][safepoint      ] Safepoint "Cleanup", Time since last: 6000366662 ns, Reaching safepoint: 42000 ns, At safepoint: 2200 ns, Total: 44200 ns
[1073.323s][info ][gc,start       ] GC(79) Pause Young (Allocation Failure)
[1073.325s][debug][gc,phases      ] GC(79) Scavenge 2.360ms
[1073.325s][debug][gc,ref         ] GC(79) Skipped phase 1 of Reference Processing: no references
[1073.326s][debug][gc,ref         ] GC(79) ReferenceProcessor::execute queues: 1, RefProcThreadModel::Single, marks_oops_alive: false
[1073.326s][debug][gc,ref         ] GC(79) Skipped phase 3 of Reference Processing: no references
[1073.326s][debug][gc,ref         ] GC(79) ReferenceProcessor::execute queues: 1, RefProcThreadModel::Single, marks_oops_alive: false
[1073.326s][debug][gc,phases      ] GC(79) Reference Processing 0.102ms
[1073.326s][debug][gc,phases      ] GC(79)   VM Weak                        Min:  0.0, Avg:  0.0, Max:  0.0, Diff:  0.0, Sum:  0.0, Workers: 4
[1073.326s][debug][gc,phases      ] GC(79)     Dead                           Min: 0, Avg:  0.0, Max: 0, Diff: 0, Sum: 0, Workers: 4
[1073.326s][debug][gc,phases      ] GC(79)     Total                          Min: 0, Avg: 179.0, Max: 704, Diff: 704, Sum: 716, Workers: 4
[1073.326s][debug][gc,phases      ] GC(79)   ObjectSynchronizer Weak        Min:  0.0, Avg:  0.0, Max:  0.0, Diff:  0.0, Sum:  0.0, Workers: 4
[1073.326s][debug][gc,phases      ] GC(79)     Dead                           Min: 0, Avg:  0.0, Max: 0, Diff: 0, Sum: 0, Workers: 4
[1073.326s][debug][gc,phases      ] GC(79)     Total                          Min: 0, Avg: 12.0, Max: 48, Diff: 48, Sum: 48, Workers: 4
[1073.326s][debug][gc,phases      ] GC(79)   JVMTI Tag Weak OopStorage      Min:  0.0, Avg:  0.0, Max:  0.0, Diff:  0.0, Sum:  0.0, Workers: 4
[1073.326s][debug][gc,phases      ] GC(79)     Dead                           Min: 0, Avg:  0.0, Max: 0, Diff: 0, Sum: 0, Workers: 4
[1073.326s][debug][gc,phases      ] GC(79)     Total                          Min: 0, Avg:  0.0, Max: 0, Diff: 0, Sum: 0, Workers: 4
[1073.326s][debug][gc,phases      ] GC(79)   StringTable Weak               Min:  0.1, Avg:  0.1, Max:  0.1, Diff:  0.0, Sum:  0.4, Workers: 4
[1073.326s][debug][gc,phases      ] GC(79)     Dead                           Min: 0, Avg:  0.0, Max: 0, Diff: 0, Sum: 0, Workers: 4
[1073.326s][debug][gc,phases      ] GC(79)     Total                          Min: 10175, Avg: 10782.2, Max: 11516, Diff: 1341, Sum: 43129, Workers: 4
[1073.326s][debug][gc,phases      ] GC(79)   ResolvedMethodTable Weak       Min:  0.0, Avg:  0.0, Max:  0.0, Diff:  0.0, Sum:  0.1, Workers: 4
[1073.326s][debug][gc,phases      ] GC(79)     Dead                           Min: 0, Avg:  0.0, Max: 0, Diff: 0, Sum: 0, Workers: 4
[1073.326s][debug][gc,phases      ] GC(79)     Total                          Min: 722, Avg: 2164.5, Max: 2816, Diff: 2094, Sum: 8658, Workers: 4
[1073.326s][debug][gc,phases      ] GC(79)   JNI Weak                       Min:  0.0, Avg:  0.0, Max:  0.0, Diff:  0.0, Sum:  0.0, Workers: 4
[1073.326s][debug][gc,phases      ] GC(79)     Dead                           Min: 0, Avg:  0.0, Max: 0, Diff: 0, Sum: 0, Workers: 4
[1073.326s][debug][gc,phases      ] GC(79)     Total                          Min: 0, Avg: 11.2, Max: 45, Diff: 45, Sum: 45, Workers: 4
[1073.326s][debug][gc,phases      ] GC(79)   StringDedup Table Weak         Min:  0.0, Avg:  0.0, Max:  0.0, Diff:  0.0, Sum:  0.0, Workers: 4
[1073.326s][debug][gc,phases      ] GC(79)     Dead                           Min: 0, Avg:  0.0, Max: 0, Diff: 0, Sum: 0, Workers: 4
[1073.326s][debug][gc,phases      ] GC(79)     Total                          Min: 0, Avg:  0.0, Max: 0, Diff: 0, Sum: 0, Workers: 4
[1073.326s][debug][gc,phases      ] GC(79)   StringDedup Requests0 Weak     Min:  0.0, Avg:  0.0, Max:  0.0, Diff:  0.0, Sum:  0.0, Workers: 4
[1073.326s][debug][gc,phases      ] GC(79)     Dead                           Min: 0, Avg:  0.0, Max: 0, Diff: 0, Sum: 0, Workers: 4
[1073.326s][debug][gc,phases      ] GC(79)     Total                          Min: 0, Avg:  0.0, Max: 0, Diff: 0, Sum: 0, Workers: 4
[1073.326s][debug][gc,phases      ] GC(79)   StringDedup Requests1 Weak     Min:  0.0, Avg:  0.0, Max:  0.0, Diff:  0.0, Sum:  0.0, Workers: 4
[1073.326s][debug][gc,phases      ] GC(79)     Dead                           Min: 0, Avg:  0.0, Max: 0, Diff: 0, Sum: 0, Workers: 4
[1073.326s][debug][gc,phases      ] GC(79)     Total                          Min: 0, Avg:  0.0, Max: 0, Diff: 0, Sum: 0, Workers: 4
[1073.326s][debug][gc,phases      ] GC(79)   Weak JFR Old Object Samples    Min:  0.0, Avg:  0.0, Max:  0.0, Diff:  0.0, Sum:  0.0, Workers: 4
[1073.326s][debug][gc,phases      ] GC(79)     Dead                           Min: 0, Avg:  0.0, Max: 0, Diff: 0, Sum: 0, Workers: 4
[1073.326s][debug][gc,phases      ] GC(79)     Total                          Min: 0, Avg:  0.0, Max: 0, Diff: 0, Sum: 0, Workers: 4
[1073.326s][debug][gc,phases      ] GC(79) Weak Processing 0.272ms
[1073.326s][debug][gc,age         ] GC(79) Desired survivor size 43515904 bytes, new threshold 15 (max threshold 15)
[1073.326s][info ][gc,heap        ] GC(79) PSYoungGen: 2006496K(2052096K)->1984K(2049536K) Eden: 2004480K(2004480K)->0K(2004480K) From: 2016K(47616K)->1984K(45056K)
[1073.326s][info ][gc,heap        ] GC(79) ParOldGen: 333614K(387072K)->333642K(387072K)
[1073.326s][info ][gc,metaspace   ] GC(79) Metaspace: 79013K(79936K)->79013K(79936K) NonClass: 67694K(68160K)->67694K(68160K) Class: 11319K(11776K)->11319K(11776K)
[1073.326s][info ][gc             ] GC(79) Pause Young (Allocation Failure) 2285M->327M(2379M) 2.837ms
[1073.326s][info ][gc,cpu         ] GC(79) User=0.01s Sys=0.00s Real=0.00s
[1073.326s][info ][safepoint      ] Safepoint "ParallelGCFailedAllocation", Time since last: 3294664635 ns, Reaching safepoint: 96400 ns, At safepoint: 2899304 ns, Total: 2995704 ns
[1079.326s][info ][safepoint      ] Safepoint "Cleanup", Time since last: 6000383557 ns, Reaching safepoint: 73501 ns, At safepoint: 2600 ns, Total: 76101 ns
[1080.327s][info ][safepoint      ] Safepoint "Cleanup", Time since last: 1000098476 ns, Reaching safepoint: 44000 ns, At safepoint: 11700 ns, Total: 55700 ns
[1081.327s][info ][safepoint      ] Safepoint "Cleanup", Time since last: 1000103876 ns, Reaching safepoint: 40500 ns, At safepoint: 4200 ns, Total: 44700 ns
[1083.327s][info ][safepoint      ] Safepoint "Cleanup", Time since last: 2000163551 ns, Reaching safepoint: 25500 ns, At safepoint: 2300 ns, Total: 27800 ns
[1086.327s][info ][safepoint      ] Safepoint "Cleanup", Time since last: 3000218127 ns, Reaching safepoint: 36400 ns, At safepoint: 2900 ns, Total: 39300 ns
[1088.327s][info ][safepoint      ] Safepoint "Cleanup", Time since last: 2000198451 ns, Reaching safepoint: 52700 ns, At safepoint: 2300 ns, Total: 55000 ns
[1093.321s][info ][gc,start       ] GC(80) Pause Young (Allocation Failure)
[1093.324s][debug][gc,phases      ] GC(80) Scavenge 3.203ms
[1093.324s][debug][gc,ref         ] GC(80) Skipped phase 1 of Reference Processing: no references
[1093.324s][debug][gc,ref         ] GC(80) ReferenceProcessor::execute queues: 1, RefProcThreadModel::Single, marks_oops_alive: false
[1093.324s][debug][gc,ref         ] GC(80) Skipped phase 3 of Reference Processing: no references
[1093.324s][debug][gc,ref         ] GC(80) Skipped phase 4 of Reference Processing: no references
[1093.324s][debug][gc,phases      ] GC(80) Reference Processing 0.083ms
[1093.324s][debug][gc,phases      ] GC(80)   VM Weak                        Min:  0.0, Avg:  0.0, Max:  0.0, Diff:  0.0, Sum:  0.0, Workers: 4
[1093.324s][debug][gc,phases      ] GC(80)     Dead                           Min: 0, Avg:  0.0, Max: 0, Diff: 0, Sum: 0, Workers: 4
[1093.324s][debug][gc,phases      ] GC(80)     Total                          Min: 0, Avg: 179.0, Max: 576, Diff: 576, Sum: 716, Workers: 4
[1093.324s][debug][gc,phases      ] GC(80)   ObjectSynchronizer Weak        Min:  0.0, Avg:  0.0, Max:  0.0, Diff:  0.0, Sum:  0.0, Workers: 4
[1093.324s][debug][gc,phases      ] GC(80)     Dead                           Min: 0, Avg:  0.0, Max: 0, Diff: 0, Sum: 0, Workers: 4
[1093.324s][debug][gc,phases      ] GC(80)     Total                          Min: 0, Avg: 12.0, Max: 48, Diff: 48, Sum: 48, Workers: 4
[1093.324s][debug][gc,phases      ] GC(80)   JVMTI Tag Weak OopStorage      Min:  0.0, Avg:  0.0, Max:  0.0, Diff:  0.0, Sum:  0.0, Workers: 4
[1093.325s][debug][gc,phases      ] GC(80)     Dead                           Min: 0, Avg:  0.0, Max: 0, Diff: 0, Sum: 0, Workers: 4
[1093.325s][debug][gc,phases      ] GC(80)     Total                          Min: 0, Avg:  0.0, Max: 0, Diff: 0, Sum: 0, Workers: 4
[1093.325s][debug][gc,phases      ] GC(80)   StringTable Weak               Min:  0.0, Avg:  0.1, Max:  0.1, Diff:  0.1, Sum:  0.4, Workers: 4
[1093.325s][debug][gc,phases      ] GC(80)     Dead                           Min: 0, Avg:  0.0, Max: 0, Diff: 0, Sum: 0, Workers: 4
[1093.325s][debug][gc,phases      ] GC(80)     Total                          Min: 0, Avg: 10782.2, Max: 16572, Diff: 16572, Sum: 43129, Workers: 4
[1093.325s][debug][gc,phases      ] GC(80)   ResolvedMethodTable Weak       Min:  0.0, Avg:  0.0, Max:  0.0, Diff:  0.0, Sum:  0.1, Workers: 4
[1093.325s][debug][gc,phases      ] GC(80)     Dead                           Min: 0, Avg:  0.0, Max: 0, Diff: 0, Sum: 0, Workers: 4
[1093.325s][debug][gc,phases      ] GC(80)     Total                          Min: 0, Avg: 2164.5, Max: 3712, Diff: 3712, Sum: 8658, Workers: 4
[1093.325s][debug][gc,phases      ] GC(80)   JNI Weak                       Min:  0.0, Avg:  0.0, Max:  0.0, Diff:  0.0, Sum:  0.0, Workers: 4
[1093.325s][debug][gc,phases      ] GC(80)     Dead                           Min: 0, Avg:  0.0, Max: 0, Diff: 0, Sum: 0, Workers: 4
[1093.325s][debug][gc,phases      ] GC(80)     Total                          Min: 0, Avg: 11.2, Max: 45, Diff: 45, Sum: 45, Workers: 4
[1093.325s][debug][gc,phases      ] GC(80)   StringDedup Table Weak         Min:  0.0, Avg:  0.0, Max:  0.0, Diff:  0.0, Sum:  0.0, Workers: 4
[1093.325s][debug][gc,phases      ] GC(80)     Dead                           Min: 0, Avg:  0.0, Max: 0, Diff: 0, Sum: 0, Workers: 4
[1093.325s][debug][gc,phases      ] GC(80)     Total                          Min: 0, Avg:  0.0, Max: 0, Diff: 0, Sum: 0, Workers: 4
[1093.325s][debug][gc,phases      ] GC(80)   StringDedup Requests0 Weak     Min:  0.0, Avg:  0.0, Max:  0.0, Diff:  0.0, Sum:  0.0, Workers: 4
[1093.325s][debug][gc,phases      ] GC(80)     Dead                           Min: 0, Avg:  0.0, Max: 0, Diff: 0, Sum: 0, Workers: 4
[1093.325s][debug][gc,phases      ] GC(80)     Total                          Min: 0, Avg:  0.0, Max: 0, Diff: 0, Sum: 0, Workers: 4
[1093.325s][debug][gc,phases      ] GC(80)   StringDedup Requests1 Weak     Min:  0.0, Avg:  0.0, Max:  0.0, Diff:  0.0, Sum:  0.0, Workers: 4
[1093.325s][debug][gc,phases      ] GC(80)     Dead                           Min: 0, Avg:  0.0, Max: 0, Diff: 0, Sum: 0, Workers: 4
[1093.325s][debug][gc,phases      ] GC(80)     Total                          Min: 0, Avg:  0.0, Max: 0, Diff: 0, Sum: 0, Workers: 4
[1093.325s][debug][gc,phases      ] GC(80)   Weak JFR Old Object Samples    Min:  0.0, Avg:  0.0, Max:  0.0, Diff:  0.0, Sum:  0.0, Workers: 4
[1093.325s][debug][gc,phases      ] GC(80)     Dead                           Min: 0, Avg:  0.0, Max: 0, Diff: 0, Sum: 0, Workers: 4
[1093.325s][debug][gc,phases      ] GC(80)     Total                          Min: 0, Avg:  0.0, Max: 0, Diff: 0, Sum: 0, Workers: 4
[1093.325s][debug][gc,phases      ] GC(80) Weak Processing 0.336ms
[1093.325s][debug][gc,age         ] GC(80) Desired survivor size 41418752 bytes, new threshold 15 (max threshold 15)
[1093.325s][info ][gc,heap        ] GC(80) PSYoungGen: 2006464K(2049536K)->1856K(2056704K) Eden: 2004480K(2004480K)->0K(2014208K) From: 1984K(45056K)->1856K(42496K)
[1093.325s][info ][gc,heap        ] GC(80) ParOldGen: 333642K(387072K)->333706K(387072K)
[1093.325s][info ][gc,metaspace   ] GC(80) Metaspace: 79018K(79936K)->79018K(79936K) NonClass: 67698K(68160K)->67698K(68160K) Class: 11319K(11776K)->11319K(11776K)
[1093.325s][info ][gc             ] GC(80) Pause Young (Allocation Failure) 2285M->327M(2386M) 3.705ms
[1093.325s][info ][gc,cpu         ] GC(80) User=0.01s Sys=0.01s Real=0.00s
[1093.325s][info ][safepoint      ] Safepoint "ParallelGCFailedAllocation", Time since last: 4993431266 ns, Reaching safepoint: 96600 ns, At safepoint: 3787505 ns, Total: 3884105 ns
[1094.325s][info ][safepoint      ] Safepoint "Cleanup", Time since last: 1000086975 ns, Reaching safepoint: 36400 ns, At safepoint: 2100 ns, Total: 38500 ns
[1103.325s][info ][safepoint      ] Safepoint "Cleanup", Time since last: 9000666771 ns, Reaching safepoint: 27900 ns, At safepoint: 2700 ns, Total: 30600 ns
[1104.326s][info ][safepoint      ] Safepoint "Cleanup", Time since last: 1000099874 ns, Reaching safepoint: 29600 ns, At safepoint: 2900 ns, Total: 32500 ns
[1105.326s][info ][safepoint      ] Safepoint "Cleanup", Time since last: 1000102974 ns, Reaching safepoint: 30000 ns, At safepoint: 2600 ns, Total: 32600 ns
[1108.326s][info ][safepoint      ] Safepoint "Cleanup", Time since last: 3000224422 ns, Reaching safepoint: 49100 ns, At safepoint: 7700 ns, Total: 56800 ns
[1111.326s][info ][safepoint      ] Safepoint "Cleanup", Time since last: 3000233221 ns, Reaching safepoint: 34300 ns, At safepoint: 3000 ns, Total: 37300 ns
[1113.821s][info ][gc,start       ] GC(81) Pause Young (Allocation Failure)
[1113.824s][debug][gc,phases      ] GC(81) Scavenge 2.578ms
[1113.824s][debug][gc,ref         ] GC(81) Skipped phase 1 of Reference Processing: no references
[1113.824s][debug][gc,ref         ] GC(81) ReferenceProcessor::execute queues: 1, RefProcThreadModel::Single, marks_oops_alive: false
[1113.824s][debug][gc,ref         ] GC(81) Skipped phase 3 of Reference Processing: no references
[1113.824s][debug][gc,ref         ] GC(81) ReferenceProcessor::execute queues: 1, RefProcThreadModel::Single, marks_oops_alive: false
[1113.824s][debug][gc,phases      ] GC(81) Reference Processing 0.081ms
[1113.824s][debug][gc,phases      ] GC(81)   VM Weak                        Min:  0.0, Avg:  0.0, Max:  0.0, Diff:  0.0, Sum:  0.0, Workers: 4
[1113.824s][debug][gc,phases      ] GC(81)     Dead                           Min: 0, Avg:  0.0, Max: 0, Diff: 0, Sum: 0, Workers: 4
[1113.824s][debug][gc,phases      ] GC(81)     Total                          Min: 0, Avg: 179.0, Max: 652, Diff: 652, Sum: 716, Workers: 4
[1113.824s][debug][gc,phases      ] GC(81)   ObjectSynchronizer Weak        Min:  0.0, Avg:  0.0, Max:  0.0, Diff:  0.0, Sum:  0.0, Workers: 4
[1113.824s][debug][gc,phases      ] GC(81)     Dead                           Min: 0, Avg:  0.0, Max: 0, Diff: 0, Sum: 0, Workers: 4
[1113.824s][debug][gc,phases      ] GC(81)     Total                          Min: 0, Avg: 12.0, Max: 48, Diff: 48, Sum: 48, Workers: 4
[1113.824s][debug][gc,phases      ] GC(81)   JVMTI Tag Weak OopStorage      Min:  0.0, Avg:  0.0, Max:  0.0, Diff:  0.0, Sum:  0.0, Workers: 4
[1113.824s][debug][gc,phases      ] GC(81)     Dead                           Min: 0, Avg:  0.0, Max: 0, Diff: 0, Sum: 0, Workers: 4
[1113.824s][debug][gc,phases      ] GC(81)     Total                          Min: 0, Avg:  0.0, Max: 0, Diff: 0, Sum: 0, Workers: 4
[1113.824s][debug][gc,phases      ] GC(81)   StringTable Weak               Min:  0.1, Avg:  0.1, Max:  0.1, Diff:  0.0, Sum:  0.4, Workers: 4
[1113.824s][debug][gc,phases      ] GC(81)     Dead                           Min: 0, Avg:  0.0, Max: 0, Diff: 0, Sum: 0, Workers: 4
[1113.824s][debug][gc,phases      ] GC(81)     Total                          Min: 10302, Avg: 10782.8, Max: 11135, Diff: 833, Sum: 43131, Workers: 4
[1113.824s][debug][gc,phases      ] GC(81)   ResolvedMethodTable Weak       Min:  0.0, Avg:  0.0, Max:  0.0, Diff:  0.0, Sum:  0.1, Workers: 4
[1113.824s][debug][gc,phases      ] GC(81)     Dead                           Min: 0, Avg:  0.0, Max: 0, Diff: 0, Sum: 0, Workers: 4
[1113.824s][debug][gc,phases      ] GC(81)     Total                          Min: 2067, Avg: 2164.8, Max: 2240, Diff: 173, Sum: 8659, Workers: 4
[1113.824s][debug][gc,phases      ] GC(81)   JNI Weak                       Min:  0.0, Avg:  0.0, Max:  0.0, Diff:  0.0, Sum:  0.0, Workers: 4
[1113.824s][debug][gc,phases      ] GC(81)     Dead                           Min: 0, Avg:  0.0, Max: 0, Diff: 0, Sum: 0, Workers: 4
[1113.824s][debug][gc,phases      ] GC(81)     Total                          Min: 0, Avg: 11.2, Max: 45, Diff: 45, Sum: 45, Workers: 4
[1113.824s][debug][gc,phases      ] GC(81)   StringDedup Table Weak         Min:  0.0, Avg:  0.0, Max:  0.0, Diff:  0.0, Sum:  0.0, Workers: 4
[1113.824s][debug][gc,phases      ] GC(81)     Dead                           Min: 0, Avg:  0.0, Max: 0, Diff: 0, Sum: 0, Workers: 4
[1113.824s][debug][gc,phases      ] GC(81)     Total                          Min: 0, Avg:  0.0, Max: 0, Diff: 0, Sum: 0, Workers: 4
[1113.824s][debug][gc,phases      ] GC(81)   StringDedup Requests0 Weak     Min:  0.0, Avg:  0.0, Max:  0.0, Diff:  0.0, Sum:  0.0, Workers: 4
[1113.824s][debug][gc,phases      ] GC(81)     Dead                           Min: 0, Avg:  0.0, Max: 0, Diff: 0, Sum: 0, Workers: 4
[1113.824s][debug][gc,phases      ] GC(81)     Total                          Min: 0, Avg:  0.0, Max: 0, Diff: 0, Sum: 0, Workers: 4
[1113.824s][debug][gc,phases      ] GC(81)   StringDedup Requests1 Weak     Min:  0.0, Avg:  0.0, Max:  0.0, Diff:  0.0, Sum:  0.0, Workers: 4
[1113.824s][debug][gc,phases      ] GC(81)     Dead                           Min: 0, Avg:  0.0, Max: 0, Diff: 0, Sum: 0, Workers: 4
[1113.824s][debug][gc,phases      ] GC(81)     Total                          Min: 0, Avg:  0.0, Max: 0, Diff: 0, Sum: 0, Workers: 4
[1113.824s][debug][gc,phases      ] GC(81)   Weak JFR Old Object Samples    Min:  0.0, Avg:  0.0, Max:  0.0, Diff:  0.0, Sum:  0.0, Workers: 4
[1113.824s][debug][gc,phases      ] GC(81)     Dead                           Min: 0, Avg:  0.0, Max: 0, Diff: 0, Sum: 0, Workers: 4
[1113.824s][debug][gc,phases      ] GC(81)     Total                          Min: 0, Avg:  0.0, Max: 0, Diff: 0, Sum: 0, Workers: 4
[1113.824s][debug][gc,phases      ] GC(81) Weak Processing 0.271ms
[1113.824s][debug][gc,age         ] GC(81) Desired survivor size 38797312 bytes, new threshold 15 (max threshold 15)
[1113.824s][info ][gc,heap        ] GC(81) PSYoungGen: 2016064K(2056704K)->1760K(2054656K) Eden: 2014208K(2014208K)->0K(2014208K) From: 1856K(42496K)->1760K(40448K)
[1113.824s][info ][gc,heap        ] GC(81) ParOldGen: 333706K(387072K)->333794K(387072K)
[1113.824s][info ][gc,metaspace   ] GC(81) Metaspace: 79026K(79936K)->79026K(79936K) NonClass: 67706K(68160K)->67706K(68160K) Class: 11320K(11776K)->11320K(11776K)
[1113.824s][info ][gc             ] GC(81) Pause Young (Allocation Failure) 2294M->327M(2384M) 3.017ms
[1113.824s][info ][gc,cpu         ] GC(81) User=0.01s Sys=0.00s Real=0.00s
[1113.824s][info ][safepoint      ] Safepoint "ParallelGCFailedAllocation", Time since last: 2494731626 ns, Reaching safepoint: 93000 ns, At safepoint: 3077804 ns, Total: 3170804 ns
[1115.824s][info ][safepoint      ] Safepoint "Cleanup", Time since last: 2000156947 ns, Reaching safepoint: 52800 ns, At safepoint: 2800 ns, Total: 55600 ns
[1117.825s][info ][safepoint      ] Safepoint "Cleanup", Time since last: 2000166346 ns, Reaching safepoint: 42600 ns, At safepoint: 3900 ns, Total: 46500 ns
[1118.825s][info ][safepoint      ] Safepoint "Cleanup", Time since last: 1000103974 ns, Reaching safepoint: 52800 ns, At safepoint: 2200 ns, Total: 55000 ns
[1123.825s][info ][safepoint      ] Safepoint "Cleanup", Time since last: 5000296564 ns, Reaching safepoint: 60600 ns, At safepoint: 7900 ns, Total: 68500 ns
[1127.825s][info ][safepoint      ] Safepoint "Cleanup", Time since last: 4000282690 ns, Reaching safepoint: 26600 ns, At safepoint: 2300 ns, Total: 28900 ns
[1128.826s][info ][safepoint      ] Safepoint "Cleanup", Time since last: 1000098872 ns, Reaching safepoint: 41900 ns, At safepoint: 2100 ns, Total: 44000 ns
[1132.826s][info ][safepoint      ] Safepoint "Cleanup", Time since last: 4000294989 ns, Reaching safepoint: 60400 ns, At safepoint: 3600 ns, Total: 64000 ns
[1133.571s][info ][gc,start       ] GC(82) Pause Young (Allocation Failure)
[1133.574s][debug][gc,phases      ] GC(82) Scavenge 3.119ms
[1133.574s][debug][gc,ref         ] GC(82) Skipped phase 1 of Reference Processing: no references
[1133.574s][debug][gc,ref         ] GC(82) ReferenceProcessor::execute queues: 1, RefProcThreadModel::Single, marks_oops_alive: false
[1133.574s][debug][gc,ref         ] GC(82) Skipped phase 3 of Reference Processing: no references
[1133.574s][debug][gc,ref         ] GC(82) Skipped phase 4 of Reference Processing: no references
[1133.574s][debug][gc,phases      ] GC(82) Reference Processing 0.085ms
[1133.574s][debug][gc,phases      ] GC(82)   VM Weak                        Min:  0.0, Avg:  0.0, Max:  0.0, Diff:  0.0, Sum:  0.0, Workers: 4
[1133.574s][debug][gc,phases      ] GC(82)     Dead                           Min: 0, Avg:  0.0, Max: 0, Diff: 0, Sum: 0, Workers: 4
[1133.574s][debug][gc,phases      ] GC(82)     Total                          Min: 0, Avg: 179.0, Max: 652, Diff: 652, Sum: 716, Workers: 4
[1133.574s][debug][gc,phases      ] GC(82)   ObjectSynchronizer Weak        Min:  0.0, Avg:  0.0, Max:  0.0, Diff:  0.0, Sum:  0.0, Workers: 4
[1133.574s][debug][gc,phases      ] GC(82)     Dead                           Min: 0, Avg:  0.0, Max: 0, Diff: 0, Sum: 0, Workers: 4
[1133.574s][debug][gc,phases      ] GC(82)     Total                          Min: 0, Avg: 12.0, Max: 48, Diff: 48, Sum: 48, Workers: 4
[1133.574s][debug][gc,phases      ] GC(82)   JVMTI Tag Weak OopStorage      Min:  0.0, Avg:  0.0, Max:  0.0, Diff:  0.0, Sum:  0.0, Workers: 4
[1133.574s][debug][gc,phases      ] GC(82)     Dead                           Min: 0, Avg:  0.0, Max: 0, Diff: 0, Sum: 0, Workers: 4
[1133.574s][debug][gc,phases      ] GC(82)     Total                          Min: 0, Avg:  0.0, Max: 0, Diff: 0, Sum: 0, Workers: 4
[1133.574s][debug][gc,phases      ] GC(82)   StringTable Weak               Min:  0.1, Avg:  0.1, Max:  0.1, Diff:  0.0, Sum:  0.4, Workers: 4
[1133.574s][debug][gc,phases      ] GC(82)     Dead                           Min: 0, Avg:  0.0, Max: 0, Diff: 0, Sum: 0, Workers: 4
[1133.574s][debug][gc,phases      ] GC(82)     Total                          Min: 10368, Avg: 10784.0, Max: 11328, Diff: 960, Sum: 43136, Workers: 4
[1133.574s][debug][gc,phases      ] GC(82)   ResolvedMethodTable Weak       Min:  0.0, Avg:  0.0, Max:  0.0, Diff:  0.0, Sum:  0.1, Workers: 4
[1133.575s][debug][gc,phases      ] GC(82)     Dead                           Min: 0, Avg:  0.0, Max: 0, Diff: 0, Sum: 0, Workers: 4
[1133.575s][debug][gc,phases      ] GC(82)     Total                          Min: 2067, Avg: 2164.8, Max: 2240, Diff: 173, Sum: 8659, Workers: 4
[1133.575s][debug][gc,phases      ] GC(82)   JNI Weak                       Min:  0.0, Avg:  0.0, Max:  0.0, Diff:  0.0, Sum:  0.0, Workers: 4
[1133.575s][debug][gc,phases      ] GC(82)     Dead                           Min: 0, Avg:  0.0, Max: 0, Diff: 0, Sum: 0, Workers: 4
[1133.575s][debug][gc,phases      ] GC(82)     Total                          Min: 0, Avg: 11.2, Max: 45, Diff: 45, Sum: 45, Workers: 4
[1133.575s][debug][gc,phases      ] GC(82)   StringDedup Table Weak         Min:  0.0, Avg:  0.0, Max:  0.0, Diff:  0.0, Sum:  0.0, Workers: 4
[1133.575s][debug][gc,phases      ] GC(82)     Dead                           Min: 0, Avg:  0.0, Max: 0, Diff: 0, Sum: 0, Workers: 4
[1133.575s][debug][gc,phases      ] GC(82)     Total                          Min: 0, Avg:  0.0, Max: 0, Diff: 0, Sum: 0, Workers: 4
[1133.575s][debug][gc,phases      ] GC(82)   StringDedup Requests0 Weak     Min:  0.0, Avg:  0.0, Max:  0.0, Diff:  0.0, Sum:  0.0, Workers: 4
[1133.575s][debug][gc,phases      ] GC(82)     Dead                           Min: 0, Avg:  0.0, Max: 0, Diff: 0, Sum: 0, Workers: 4
[1133.575s][debug][gc,phases      ] GC(82)     Total                          Min: 0, Avg:  0.0, Max: 0, Diff: 0, Sum: 0, Workers: 4
[1133.575s][debug][gc,phases      ] GC(82)   StringDedup Requests1 Weak     Min:  0.0, Avg:  0.0, Max:  0.0, Diff:  0.0, Sum:  0.0, Workers: 4
[1133.575s][debug][gc,phases      ] GC(82)     Dead                           Min: 0, Avg:  0.0, Max: 0, Diff: 0, Sum: 0, Workers: 4
[1133.575s][debug][gc,phases      ] GC(82)     Total                          Min: 0, Avg:  0.0, Max: 0, Diff: 0, Sum: 0, Workers: 4
[1133.575s][debug][gc,phases      ] GC(82)   Weak JFR Old Object Samples    Min:  0.0, Avg:  0.0, Max:  0.0, Diff:  0.0, Sum:  0.0, Workers: 4
[1133.575s][debug][gc,phases      ] GC(82)     Dead                           Min: 0, Avg:  0.0, Max: 0, Diff: 0, Sum: 0, Workers: 4
[1133.575s][debug][gc,phases      ] GC(82)     Total                          Min: 0, Avg:  0.0, Max: 0, Diff: 0, Sum: 0, Workers: 4
[1133.575s][debug][gc,phases      ] GC(82) Weak Processing 0.284ms
[1133.575s][debug][gc,age         ] GC(82) Desired survivor size 36700160 bytes, new threshold 15 (max threshold 15)
[1133.575s][info ][gc,heap        ] GC(82) PSYoungGen: 2015968K(2054656K)->1728K(2061312K) Eden: 2014208K(2014208K)->0K(2023424K) From: 1760K(40448K)->1728K(37888K)
[1133.575s][info ][gc,heap        ] GC(82) ParOldGen: 333794K(387072K)->333842K(387072K)
[1133.575s][info ][gc,metaspace   ] GC(82) Metaspace: 79033K(80000K)->79033K(80000K) NonClass: 67713K(68224K)->67713K(68224K) Class: 11320K(11776K)->11320K(11776K)
[1133.575s][info ][gc             ] GC(82) Pause Young (Allocation Failure) 2294M->327M(2391M) 3.584ms
[1133.575s][info ][gc,cpu         ] GC(82) User=0.01s Sys=0.00s Real=0.00s
[1133.575s][info ][safepoint      ] Safepoint "ParallelGCFailedAllocation", Time since last: 744891822 ns, Reaching safepoint: 112300 ns, At safepoint: 3655805 ns, Total: 3768105 ns
[1135.575s][info ][safepoint      ] Safepoint "Cleanup", Time since last: 2000141044 ns, Reaching safepoint: 53000 ns, At safepoint: 6100 ns, Total: 59100 ns
[1136.575s][info ][safepoint      ] Safepoint "Cleanup", Time since last: 1000109272 ns, Reaching safepoint: 34400 ns, At safepoint: 2800 ns, Total: 37200 ns
[1137.575s][info ][safepoint      ] Safepoint "Cleanup", Time since last: 1000110472 ns, Reaching safepoint: 47300 ns, At safepoint: 3500 ns, Total: 50800 ns
[1140.063s][info ][safepoint      ] Safepoint "Cleanup", Time since last: 2487955112 ns, Reaching safepoint: 108400 ns, At safepoint: 11600 ns, Total: 120000 ns
[1141.063s][info ][safepoint      ] Safepoint "Cleanup", Time since last: 1000102972 ns, Reaching safepoint: 92900 ns, At safepoint: 2400 ns, Total: 95300 ns
[1142.528s][info ][safepoint      ] Safepoint "Cleanup", Time since last: 1464987009 ns, Reaching safepoint: 47500 ns, At safepoint: 1800 ns, Total: 49300 ns
[1147.529s][info ][safepoint      ] Safepoint "Cleanup", Time since last: 5000318455 ns, Reaching safepoint: 45401 ns, At safepoint: 5300 ns, Total: 50701 ns
[1149.529s][info ][safepoint      ] Safepoint "Cleanup", Time since last: 2000180841 ns, Reaching safepoint: 46500 ns, At safepoint: 5700 ns, Total: 52200 ns
[1153.230s][info ][gc,start       ] GC(83) Pause Young (Allocation Failure)
[1153.235s][debug][gc,phases      ] GC(83) Scavenge 4.948ms
[1153.235s][debug][gc,ref         ] GC(83) Skipped phase 1 of Reference Processing: no references
[1153.235s][debug][gc,ref         ] GC(83) ReferenceProcessor::execute queues: 1, RefProcThreadModel::Single, marks_oops_alive: false
[1153.235s][debug][gc,ref         ] GC(83) Skipped phase 3 of Reference Processing: no references
[1153.235s][debug][gc,ref         ] GC(83) Skipped phase 4 of Reference Processing: no references
[1153.235s][debug][gc,phases      ] GC(83) Reference Processing 0.088ms
[1153.235s][debug][gc,phases      ] GC(83)   VM Weak                        Min:  0.0, Avg:  0.0, Max:  0.0, Diff:  0.0, Sum:  0.0, Workers: 4
[1153.235s][debug][gc,phases      ] GC(83)     Dead                           Min: 0, Avg:  0.0, Max: 0, Diff: 0, Sum: 0, Workers: 4
[1153.235s][debug][gc,phases      ] GC(83)     Total                          Min: 0, Avg: 179.0, Max: 576, Diff: 576, Sum: 716, Workers: 4
[1153.235s][debug][gc,phases      ] GC(83)   ObjectSynchronizer Weak        Min:  0.0, Avg:  0.0, Max:  0.0, Diff:  0.0, Sum:  0.0, Workers: 4
[1153.235s][debug][gc,phases      ] GC(83)     Dead                           Min: 0, Avg:  0.0, Max: 0, Diff: 0, Sum: 0, Workers: 4
[1153.235s][debug][gc,phases      ] GC(83)     Total                          Min: 0, Avg: 12.0, Max: 48, Diff: 48, Sum: 48, Workers: 4
[1153.235s][debug][gc,phases      ] GC(83)   JVMTI Tag Weak OopStorage      Min:  0.0, Avg:  0.0, Max:  0.0, Diff:  0.0, Sum:  0.0, Workers: 4
[1153.235s][debug][gc,phases      ] GC(83)     Dead                           Min: 0, Avg:  0.0, Max: 0, Diff: 0, Sum: 0, Workers: 4
[1153.235s][debug][gc,phases      ] GC(83)     Total                          Min: 0, Avg:  0.0, Max: 0, Diff: 0, Sum: 0, Workers: 4
[1153.235s][debug][gc,phases      ] GC(83)   StringTable Weak               Min:  0.0, Avg:  0.1, Max:  0.1, Diff:  0.1, Sum:  0.4, Workers: 4
[1153.235s][debug][gc,phases      ] GC(83)     Dead                           Min: 0, Avg:  0.0, Max: 0, Diff: 0, Sum: 0, Workers: 4
[1153.235s][debug][gc,phases      ] GC(83)     Total                          Min: 0, Avg: 10784.0, Max: 14592, Diff: 14592, Sum: 43136, Workers: 4
[1153.235s][debug][gc,phases      ] GC(83)   ResolvedMethodTable Weak       Min:  0.0, Avg:  0.0, Max:  0.0, Diff:  0.0, Sum:  0.1, Workers: 4
[1153.235s][debug][gc,phases      ] GC(83)     Dead                           Min: 0, Avg:  0.0, Max: 0, Diff: 0, Sum: 0, Workers: 4
[1153.235s][debug][gc,phases      ] GC(83)     Total                          Min: 0, Avg: 2164.8, Max: 2963, Diff: 2963, Sum: 8659, Workers: 4
[1153.235s][debug][gc,phases      ] GC(83)   JNI Weak                       Min:  0.0, Avg:  0.0, Max:  0.0, Diff:  0.0, Sum:  0.0, Workers: 4
[1153.235s][debug][gc,phases      ] GC(83)     Dead                           Min: 0, Avg:  0.0, Max: 0, Diff: 0, Sum: 0, Workers: 4
[1153.235s][debug][gc,phases      ] GC(83)     Total                          Min: 0, Avg: 11.2, Max: 45, Diff: 45, Sum: 45, Workers: 4
[1153.235s][debug][gc,phases      ] GC(83)   StringDedup Table Weak         Min:  0.0, Avg:  0.0, Max:  0.0, Diff:  0.0, Sum:  0.0, Workers: 4
[1153.235s][debug][gc,phases      ] GC(83)     Dead                           Min: 0, Avg:  0.0, Max: 0, Diff: 0, Sum: 0, Workers: 4
[1153.235s][debug][gc,phases      ] GC(83)     Total                          Min: 0, Avg:  0.0, Max: 0, Diff: 0, Sum: 0, Workers: 4
[1153.235s][debug][gc,phases      ] GC(83)   StringDedup Requests0 Weak     Min:  0.0, Avg:  0.0, Max:  0.0, Diff:  0.0, Sum:  0.0, Workers: 4
[1153.235s][debug][gc,phases      ] GC(83)     Dead                           Min: 0, Avg:  0.0, Max: 0, Diff: 0, Sum: 0, Workers: 4
[1153.235s][debug][gc,phases      ] GC(83)     Total                          Min: 0, Avg:  0.0, Max: 0, Diff: 0, Sum: 0, Workers: 4
[1153.235s][debug][gc,phases      ] GC(83)   StringDedup Requests1 Weak     Min:  0.0, Avg:  0.0, Max:  0.0, Diff:  0.0, Sum:  0.0, Workers: 4
[1153.235s][debug][gc,phases      ] GC(83)     Dead                           Min: 0, Avg:  0.0, Max: 0, Diff: 0, Sum: 0, Workers: 4
[1153.235s][debug][gc,phases      ] GC(83)     Total                          Min: 0, Avg:  0.0, Max: 0, Diff: 0, Sum: 0, Workers: 4
[1153.235s][debug][gc,phases      ] GC(83)   Weak JFR Old Object Samples    Min:  0.0, Avg:  0.0, Max:  0.0, Diff:  0.0, Sum:  0.0, Workers: 4
[1153.235s][debug][gc,phases      ] GC(83)     Dead                           Min: 0, Avg:  0.0, Max: 0, Diff: 0, Sum: 0, Workers: 4
[1153.235s][debug][gc,phases      ] GC(83)     Total                          Min: 0, Avg:  0.0, Max: 0, Diff: 0, Sum: 0, Workers: 4
[1153.235s][debug][gc,phases      ] GC(83) Weak Processing 0.340ms
[1153.235s][debug][gc,age         ] GC(83) Desired survivor size 34603008 bytes, new threshold 15 (max threshold 15)
[1153.235s][info ][gc,heap        ] GC(83) PSYoungGen: 2025152K(2061312K)->1952K(2059264K) Eden: 2023424K(2023424K)->0K(2023424K) From: 1728K(37888K)->1952K(35840K)
[1153.235s][info ][gc,heap        ] GC(83) ParOldGen: 333842K(387072K)->333906K(387072K)
[1153.235s][info ][gc,metaspace   ] GC(83) Metaspace: 79033K(80000K)->79033K(80000K) NonClass: 67713K(68224K)->67713K(68224K) Class: 11320K(11776K)->11320K(11776K)
[1153.235s][info ][gc             ] GC(83) Pause Young (Allocation Failure) 2303M->327M(2389M) 5.490ms
[1153.235s][info ][gc,cpu         ] GC(83) User=0.01s Sys=0.00s Real=0.00s
[1153.235s][info ][safepoint      ] Safepoint "ParallelGCFailedAllocation", Time since last: 3700805473 ns, Reaching safepoint: 32900 ns, At safepoint: 5556408 ns, Total: 5589308 ns
[1169.857s][info ][safepoint      ] Safepoint "Cleanup", Time since last: 16621573470 ns, Reaching safepoint: 46600 ns, At safepoint: 5500 ns, Total: 52100 ns
[1172.723s][info ][gc,start       ] GC(84) Pause Young (Allocation Failure)
[1172.727s][debug][gc,phases      ] GC(84) Scavenge 4.869ms
[1172.727s][debug][gc,ref         ] GC(84) Skipped phase 1 of Reference Processing: no references
[1172.727s][debug][gc,ref         ] GC(84) ReferenceProcessor::execute queues: 1, RefProcThreadModel::Single, marks_oops_alive: false
[1172.728s][debug][gc,ref         ] GC(84) Skipped phase 3 of Reference Processing: no references
[1172.728s][debug][gc,ref         ] GC(84) ReferenceProcessor::execute queues: 1, RefProcThreadModel::Single, marks_oops_alive: false
[1172.728s][debug][gc,phases      ] GC(84) Reference Processing 0.088ms
[1172.728s][debug][gc,phases      ] GC(84)   VM Weak                        Min:  0.0, Avg:  0.0, Max:  0.0, Diff:  0.0, Sum:  0.0, Workers: 4
[1172.728s][debug][gc,phases      ] GC(84)     Dead                           Min: 0, Avg:  0.0, Max: 0, Diff: 0, Sum: 0, Workers: 4
[1172.728s][debug][gc,phases      ] GC(84)     Total                          Min: 0, Avg: 179.0, Max: 716, Diff: 716, Sum: 716, Workers: 4
[1172.728s][debug][gc,phases      ] GC(84)   ObjectSynchronizer Weak        Min:  0.0, Avg:  0.0, Max:  0.0, Diff:  0.0, Sum:  0.0, Workers: 4
[1172.728s][debug][gc,phases      ] GC(84)     Dead                           Min: 0, Avg:  0.0, Max: 0, Diff: 0, Sum: 0, Workers: 4
[1172.728s][debug][gc,phases      ] GC(84)     Total                          Min: 0, Avg: 12.0, Max: 48, Diff: 48, Sum: 48, Workers: 4
[1172.728s][debug][gc,phases      ] GC(84)   JVMTI Tag Weak OopStorage      Min:  0.0, Avg:  0.0, Max:  0.0, Diff:  0.0, Sum:  0.0, Workers: 4
[1172.728s][debug][gc,phases      ] GC(84)     Dead                           Min: 0, Avg:  0.0, Max: 0, Diff: 0, Sum: 0, Workers: 4
[1172.728s][debug][gc,phases      ] GC(84)     Total                          Min: 0, Avg:  0.0, Max: 0, Diff: 0, Sum: 0, Workers: 4
[1172.728s][debug][gc,phases      ] GC(84)   StringTable Weak               Min:  0.1, Avg:  0.1, Max:  0.1, Diff:  0.0, Sum:  0.4, Workers: 4
[1172.728s][debug][gc,phases      ] GC(84)     Dead                           Min: 0, Avg:  0.0, Max: 0, Diff: 0, Sum: 0, Workers: 4
[1172.728s][debug][gc,phases      ] GC(84)     Total                          Min: 10048, Avg: 10784.5, Max: 11200, Diff: 1152, Sum: 43138, Workers: 4
[1172.728s][debug][gc,phases      ] GC(84)   ResolvedMethodTable Weak       Min:  0.0, Avg:  0.0, Max:  0.0, Diff:  0.0, Sum:  0.1, Workers: 4
[1172.728s][debug][gc,phases      ] GC(84)     Dead                           Min: 0, Avg:  0.0, Max: 0, Diff: 0, Sum: 0, Workers: 4
[1172.728s][debug][gc,phases      ] GC(84)     Total                          Min: 2112, Avg: 2165.8, Max: 2199, Diff: 87, Sum: 8663, Workers: 4
[1172.728s][debug][gc,phases      ] GC(84)   JNI Weak                       Min:  0.0, Avg:  0.0, Max:  0.0, Diff:  0.0, Sum:  0.0, Workers: 4
[1172.728s][debug][gc,phases      ] GC(84)     Dead                           Min: 0, Avg:  0.0, Max: 0, Diff: 0, Sum: 0, Workers: 4
[1172.728s][debug][gc,phases      ] GC(84)     Total                          Min: 0, Avg: 11.2, Max: 45, Diff: 45, Sum: 45, Workers: 4
[1172.728s][debug][gc,phases      ] GC(84)   StringDedup Table Weak         Min:  0.0, Avg:  0.0, Max:  0.0, Diff:  0.0, Sum:  0.0, Workers: 4
[1172.728s][debug][gc,phases      ] GC(84)     Dead                           Min: 0, Avg:  0.0, Max: 0, Diff: 0, Sum: 0, Workers: 4
[1172.728s][debug][gc,phases      ] GC(84)     Total                          Min: 0, Avg:  0.0, Max: 0, Diff: 0, Sum: 0, Workers: 4
[1172.728s][debug][gc,phases      ] GC(84)   StringDedup Requests0 Weak     Min:  0.0, Avg:  0.0, Max:  0.0, Diff:  0.0, Sum:  0.0, Workers: 4
[1172.728s][debug][gc,phases      ] GC(84)     Dead                           Min: 0, Avg:  0.0, Max: 0, Diff: 0, Sum: 0, Workers: 4
[1172.728s][debug][gc,phases      ] GC(84)     Total                          Min: 0, Avg:  0.0, Max: 0, Diff: 0, Sum: 0, Workers: 4
[1172.728s][debug][gc,phases      ] GC(84)   StringDedup Requests1 Weak     Min:  0.0, Avg:  0.0, Max:  0.0, Diff:  0.0, Sum:  0.0, Workers: 4
[1172.728s][debug][gc,phases      ] GC(84)     Dead                           Min: 0, Avg:  0.0, Max: 0, Diff: 0, Sum: 0, Workers: 4
[1172.728s][debug][gc,phases      ] GC(84)     Total                          Min: 0, Avg:  0.0, Max: 0, Diff: 0, Sum: 0, Workers: 4
[1172.728s][debug][gc,phases      ] GC(84)   Weak JFR Old Object Samples    Min:  0.0, Avg:  0.0, Max:  0.0, Diff:  0.0, Sum:  0.0, Workers: 4
[1172.728s][debug][gc,phases      ] GC(84)     Dead                           Min: 0, Avg:  0.0, Max: 0, Diff: 0, Sum: 0, Workers: 4
[1172.728s][debug][gc,phases      ] GC(84)     Total                          Min: 0, Avg:  0.0, Max: 0, Diff: 0, Sum: 0, Workers: 4
[1172.728s][debug][gc,phases      ] GC(84) Weak Processing 0.303ms
[1172.728s][debug][gc,age         ] GC(84) Desired survivor size 32505856 bytes, new threshold 15 (max threshold 15)
[1172.728s][info ][gc,heap        ] GC(84) PSYoungGen: 2025376K(2059264K)->1824K(2065408K) Eden: 2023424K(2023424K)->0K(2031616K) From: 1952K(35840K)->1824K(33792K)
[1172.728s][info ][gc,heap        ] GC(84) ParOldGen: 333906K(387072K)->333938K(387072K)
[1172.728s][info ][gc,metaspace   ] GC(84) Metaspace: 79039K(80000K)->79039K(80000K) NonClass: 67718K(68224K)->67718K(68224K) Class: 11321K(11776K)->11321K(11776K)
[1172.728s][info ][gc             ] GC(84) Pause Young (Allocation Failure) 2303M->327M(2395M) 5.360ms
[1172.728s][info ][gc,cpu         ] GC(84) User=0.01s Sys=0.00s Real=0.01s
[1172.728s][info ][safepoint      ] Safepoint "ParallelGCFailedAllocation", Time since last: 2865302324 ns, Reaching safepoint: 98100 ns, At safepoint: 5422307 ns, Total: 5520407 ns
[1179.728s][info ][safepoint      ] Safepoint "Cleanup", Time since last: 7000453084 ns, Reaching safepoint: 27700 ns, At safepoint: 2100 ns, Total: 29800 ns
[1191.729s][info ][safepoint      ] Safepoint "Cleanup", Time since last: 12000822221 ns, Reaching safepoint: 123000 ns, At safepoint: 4100 ns, Total: 127100 ns
[1193.473s][info ][gc,start       ] GC(85) Pause Young (Allocation Failure)
[1193.477s][debug][gc,phases      ] GC(85) Scavenge 4.020ms
[1193.477s][debug][gc,ref         ] GC(85) Skipped phase 1 of Reference Processing: no references
[1193.477s][debug][gc,ref         ] GC(85) ReferenceProcessor::execute queues: 1, RefProcThreadModel::Single, marks_oops_alive: false
[1193.477s][debug][gc,ref         ] GC(85) Skipped phase 3 of Reference Processing: no references
[1193.477s][debug][gc,ref         ] GC(85) Skipped phase 4 of Reference Processing: no references
[1193.477s][debug][gc,phases      ] GC(85) Reference Processing 0.083ms
[1193.477s][debug][gc,phases      ] GC(85)   VM Weak                        Min:  0.0, Avg:  0.0, Max:  0.0, Diff:  0.0, Sum:  0.0, Workers: 4
[1193.477s][debug][gc,phases      ] GC(85)     Dead                           Min: 0, Avg:  0.0, Max: 0, Diff: 0, Sum: 0, Workers: 4
[1193.477s][debug][gc,phases      ] GC(85)     Total                          Min: 0, Avg: 179.0, Max: 716, Diff: 716, Sum: 716, Workers: 4
[1193.477s][debug][gc,phases      ] GC(85)   ObjectSynchronizer Weak        Min:  0.0, Avg:  0.0, Max:  0.0, Diff:  0.0, Sum:  0.0, Workers: 4
[1193.477s][debug][gc,phases      ] GC(85)     Dead                           Min: 0, Avg:  0.0, Max: 0, Diff: 0, Sum: 0, Workers: 4
[1193.477s][debug][gc,phases      ] GC(85)     Total                          Min: 0, Avg: 12.0, Max: 48, Diff: 48, Sum: 48, Workers: 4
[1193.477s][debug][gc,phases      ] GC(85)   JVMTI Tag Weak OopStorage      Min:  0.0, Avg:  0.0, Max:  0.0, Diff:  0.0, Sum:  0.0, Workers: 4
[1193.477s][debug][gc,phases      ] GC(85)     Dead                           Min: 0, Avg:  0.0, Max: 0, Diff: 0, Sum: 0, Workers: 4
[1193.477s][debug][gc,phases      ] GC(85)     Total                          Min: 0, Avg:  0.0, Max: 0, Diff: 0, Sum: 0, Workers: 4
[1193.477s][debug][gc,phases      ] GC(85)   StringTable Weak               Min:  0.1, Avg:  0.1, Max:  0.1, Diff:  0.0, Sum:  0.4, Workers: 4
[1193.477s][debug][gc,phases      ] GC(85)     Dead                           Min: 0, Avg:  0.0, Max: 0, Diff: 0, Sum: 0, Workers: 4
[1193.477s][debug][gc,phases      ] GC(85)     Total                          Min: 10240, Avg: 10784.5, Max: 11200, Diff: 960, Sum: 43138, Workers: 4
[1193.477s][debug][gc,phases      ] GC(85)   ResolvedMethodTable Weak       Min:  0.0, Avg:  0.0, Max:  0.0, Diff:  0.0, Sum:  0.1, Workers: 4
[1193.477s][debug][gc,phases      ] GC(85)     Dead                           Min: 0, Avg:  0.0, Max: 0, Diff: 0, Sum: 0, Workers: 4
[1193.477s][debug][gc,phases      ] GC(85)     Total                          Min: 1111, Avg: 2165.8, Max: 2560, Diff: 1449, Sum: 8663, Workers: 4
[1193.477s][debug][gc,phases      ] GC(85)   JNI Weak                       Min:  0.0, Avg:  0.0, Max:  0.0, Diff:  0.0, Sum:  0.0, Workers: 4
[1193.477s][debug][gc,phases      ] GC(85)     Dead                           Min: 0, Avg:  0.0, Max: 0, Diff: 0, Sum: 0, Workers: 4
[1193.477s][debug][gc,phases      ] GC(85)     Total                          Min: 0, Avg: 11.2, Max: 45, Diff: 45, Sum: 45, Workers: 4
[1193.477s][debug][gc,phases      ] GC(85)   StringDedup Table Weak         Min:  0.0, Avg:  0.0, Max:  0.0, Diff:  0.0, Sum:  0.0, Workers: 4
[1193.477s][debug][gc,phases      ] GC(85)     Dead                           Min: 0, Avg:  0.0, Max: 0, Diff: 0, Sum: 0, Workers: 4
[1193.477s][debug][gc,phases      ] GC(85)     Total                          Min: 0, Avg:  0.0, Max: 0, Diff: 0, Sum: 0, Workers: 4
[1193.477s][debug][gc,phases      ] GC(85)   StringDedup Requests0 Weak     Min:  0.0, Avg:  0.0, Max:  0.0, Diff:  0.0, Sum:  0.0, Workers: 4
[1193.477s][debug][gc,phases      ] GC(85)     Dead                           Min: 0, Avg:  0.0, Max: 0, Diff: 0, Sum: 0, Workers: 4
[1193.477s][debug][gc,phases      ] GC(85)     Total                          Min: 0, Avg:  0.0, Max: 0, Diff: 0, Sum: 0, Workers: 4
[1193.477s][debug][gc,phases      ] GC(85)   StringDedup Requests1 Weak     Min:  0.0, Avg:  0.0, Max:  0.0, Diff:  0.0, Sum:  0.0, Workers: 4
[1193.477s][debug][gc,phases      ] GC(85)     Dead                           Min: 0, Avg:  0.0, Max: 0, Diff: 0, Sum: 0, Workers: 4
[1193.477s][debug][gc,phases      ] GC(85)     Total                          Min: 0, Avg:  0.0, Max: 0, Diff: 0, Sum: 0, Workers: 4
[1193.477s][debug][gc,phases      ] GC(85)   Weak JFR Old Object Samples    Min:  0.0, Avg:  0.0, Max:  0.0, Diff:  0.0, Sum:  0.0, Workers: 4
[1193.477s][debug][gc,phases      ] GC(85)     Dead                           Min: 0, Avg:  0.0, Max: 0, Diff: 0, Sum: 0, Workers: 4
[1193.477s][debug][gc,phases      ] GC(85)     Total                          Min: 0, Avg:  0.0, Max: 0, Diff: 0, Sum: 0, Workers: 4
[1193.477s][debug][gc,phases      ] GC(85) Weak Processing 0.284ms
[1193.477s][debug][gc,age         ] GC(85) Desired survivor size 30408704 bytes, new threshold 15 (max threshold 15)
[1193.477s][info ][gc,heap        ] GC(85) PSYoungGen: 2033440K(2065408K)->1856K(2063360K) Eden: 2031616K(2031616K)->0K(2031616K) From: 1824K(33792K)->1856K(31744K)
[1193.477s][info ][gc,heap        ] GC(85) ParOldGen: 333938K(387072K)->333994K(387072K)
[1193.477s][info ][gc,metaspace   ] GC(85) Metaspace: 79041K(80000K)->79041K(80000K) NonClass: 67720K(68224K)->67720K(68224K) Class: 11321K(11776K)->11321K(11776K)
[1193.477s][info ][gc             ] GC(85) Pause Young (Allocation Failure) 2311M->327M(2393M) 4.478ms
[1193.477s][info ][gc,cpu         ] GC(85) User=0.01s Sys=0.00s Real=0.00s
[1193.477s][info ][safepoint      ] Safepoint "ParallelGCFailedAllocation", Time since last: 1743442585 ns, Reaching safepoint: 92301 ns, At safepoint: 4543506 ns, Total: 4635807 ns
[1204.478s][info ][safepoint      ] Safepoint "Cleanup", Time since last: 11000672744 ns, Reaching safepoint: 49400 ns, At safepoint: 3200 ns, Total: 52600 ns
[1205.478s][info ][safepoint      ] Safepoint "Cleanup", Time since last: 1000109667 ns, Reaching safepoint: 27700 ns, At safepoint: 2000 ns, Total: 29700 ns
[1212.479s][info ][safepoint      ] Safepoint "Cleanup", Time since last: 7000447169 ns, Reaching safepoint: 28500 ns, At safepoint: 2300 ns, Total: 30800 ns
[1213.479s][info ][safepoint      ] Safepoint "Cleanup", Time since last: 1000098567 ns, Reaching safepoint: 49500 ns, At safepoint: 2500 ns, Total: 52000 ns
[1213.821s][info ][gc,start       ] GC(86) Pause Young (Allocation Failure)
[1213.825s][debug][gc,phases      ] GC(86) Scavenge 3.243ms
[1213.825s][debug][gc,ref         ] GC(86) Skipped phase 1 of Reference Processing: no references
[1213.825s][debug][gc,ref         ] GC(86) ReferenceProcessor::execute queues: 1, RefProcThreadModel::Single, marks_oops_alive: false
[1213.825s][debug][gc,ref         ] GC(86) Skipped phase 3 of Reference Processing: no references
[1213.825s][debug][gc,ref         ] GC(86) Skipped phase 4 of Reference Processing: no references
[1213.825s][debug][gc,phases      ] GC(86) Reference Processing 0.102ms
[1213.825s][debug][gc,phases      ] GC(86)   VM Weak                        Min:  0.0, Avg:  0.0, Max:  0.0, Diff:  0.0, Sum:  0.0, Workers: 4
[1213.825s][debug][gc,phases      ] GC(86)     Dead                           Min: 0, Avg:  0.0, Max: 0, Diff: 0, Sum: 0, Workers: 4
[1213.825s][debug][gc,phases      ] GC(86)     Total                          Min: 0, Avg: 179.0, Max: 716, Diff: 716, Sum: 716, Workers: 4
[1213.825s][debug][gc,phases      ] GC(86)   ObjectSynchronizer Weak        Min:  0.0, Avg:  0.0, Max:  0.0, Diff:  0.0, Sum:  0.0, Workers: 4
[1213.825s][debug][gc,phases      ] GC(86)     Dead                           Min: 0, Avg:  0.0, Max: 0, Diff: 0, Sum: 0, Workers: 4
[1213.825s][debug][gc,phases      ] GC(86)     Total                          Min: 0, Avg: 12.0, Max: 48, Diff: 48, Sum: 48, Workers: 4
[1213.825s][debug][gc,phases      ] GC(86)   JVMTI Tag Weak OopStorage      Min:  0.0, Avg:  0.0, Max:  0.0, Diff:  0.0, Sum:  0.0, Workers: 4
[1213.825s][debug][gc,phases      ] GC(86)     Dead                           Min: 0, Avg:  0.0, Max: 0, Diff: 0, Sum: 0, Workers: 4
[1213.825s][debug][gc,phases      ] GC(86)     Total                          Min: 0, Avg:  0.0, Max: 0, Diff: 0, Sum: 0, Workers: 4
[1213.825s][debug][gc,phases      ] GC(86)   StringTable Weak               Min:  0.0, Avg:  0.1, Max:  0.1, Diff:  0.1, Sum:  0.3, Workers: 4
[1213.825s][debug][gc,phases      ] GC(86)     Dead                           Min: 0, Avg:  0.0, Max: 0, Diff: 0, Sum: 0, Workers: 4
[1213.825s][debug][gc,phases      ] GC(86)     Total                          Min: 0, Avg: 10784.5, Max: 17024, Diff: 17024, Sum: 43138, Workers: 4
[1213.825s][debug][gc,phases      ] GC(86)   ResolvedMethodTable Weak       Min:  0.0, Avg:  0.0, Max:  0.0, Diff:  0.0, Sum:  0.1, Workers: 4
[1213.825s][debug][gc,phases      ] GC(86)     Dead                           Min: 0, Avg:  0.0, Max: 0, Diff: 0, Sum: 0, Workers: 4
[1213.825s][debug][gc,phases      ] GC(86)     Total                          Min: 0, Avg: 2165.8, Max: 3712, Diff: 3712, Sum: 8663, Workers: 4
[1213.825s][debug][gc,phases      ] GC(86)   JNI Weak                       Min:  0.0, Avg:  0.0, Max:  0.0, Diff:  0.0, Sum:  0.0, Workers: 4
[1213.825s][debug][gc,phases      ] GC(86)     Dead                           Min: 0, Avg:  0.0, Max: 0, Diff: 0, Sum: 0, Workers: 4
[1213.825s][debug][gc,phases      ] GC(86)     Total                          Min: 0, Avg: 11.2, Max: 45, Diff: 45, Sum: 45, Workers: 4
[1213.825s][debug][gc,phases      ] GC(86)   StringDedup Table Weak         Min:  0.0, Avg:  0.0, Max:  0.0, Diff:  0.0, Sum:  0.0, Workers: 4
[1213.825s][debug][gc,phases      ] GC(86)     Dead                           Min: 0, Avg:  0.0, Max: 0, Diff: 0, Sum: 0, Workers: 4
[1213.825s][debug][gc,phases      ] GC(86)     Total                          Min: 0, Avg:  0.0, Max: 0, Diff: 0, Sum: 0, Workers: 4
[1213.825s][debug][gc,phases      ] GC(86)   StringDedup Requests0 Weak     Min:  0.0, Avg:  0.0, Max:  0.0, Diff:  0.0, Sum:  0.0, Workers: 4
[1213.825s][debug][gc,phases      ] GC(86)     Dead                           Min: 0, Avg:  0.0, Max: 0, Diff: 0, Sum: 0, Workers: 4
[1213.825s][debug][gc,phases      ] GC(86)     Total                          Min: 0, Avg:  0.0, Max: 0, Diff: 0, Sum: 0, Workers: 4
[1213.825s][debug][gc,phases      ] GC(86)   StringDedup Requests1 Weak     Min:  0.0, Avg:  0.0, Max:  0.0, Diff:  0.0, Sum:  0.0, Workers: 4
[1213.825s][debug][gc,phases      ] GC(86)     Dead                           Min: 0, Avg:  0.0, Max: 0, Diff: 0, Sum: 0, Workers: 4
[1213.825s][debug][gc,phases      ] GC(86)     Total                          Min: 0, Avg:  0.0, Max: 0, Diff: 0, Sum: 0, Workers: 4
[1213.825s][debug][gc,phases      ] GC(86)   Weak JFR Old Object Samples    Min:  0.0, Avg:  0.0, Max:  0.0, Diff:  0.0, Sum:  0.0, Workers: 4
[1213.825s][debug][gc,phases      ] GC(86)     Dead                           Min: 0, Avg:  0.0, Max: 0, Diff: 0, Sum: 0, Workers: 4
[1213.825s][debug][gc,phases      ] GC(86)     Total                          Min: 0, Avg:  0.0, Max: 0, Diff: 0, Sum: 0, Workers: 4
[1213.825s][debug][gc,phases      ] GC(86) Weak Processing 0.305ms
[1213.825s][debug][gc,age         ] GC(86) Desired survivor size 28311552 bytes, new threshold 15 (max threshold 15)
[1213.825s][info ][gc,heap        ] GC(86) PSYoungGen: 2033472K(2063360K)->1760K(2069504K) Eden: 2031616K(2031616K)->0K(2039808K) From: 1856K(31744K)->1760K(29696K)
[1213.825s][info ][gc,heap        ] GC(86) ParOldGen: 333994K(387072K)->334010K(387072K)
[1213.825s][info ][gc,metaspace   ] GC(86) Metaspace: 79050K(80000K)->79050K(80000K) NonClass: 67729K(68224K)->67729K(68224K) Class: 11321K(11776K)->11321K(11776K)
[1213.825s][info ][gc             ] GC(86) Pause Young (Allocation Failure) 2311M->327M(2399M) 3.747ms
[1213.825s][info ][gc,cpu         ] GC(86) User=0.00s Sys=0.01s Real=0.00s
[1213.825s][info ][safepoint      ] Safepoint "ParallelGCFailedAllocation", Time since last: 342314568 ns, Reaching safepoint: 65000 ns, At safepoint: 3814205 ns, Total: 3879205 ns
[1223.826s][info ][safepoint      ] Safepoint "Cleanup", Time since last: 10000674164 ns, Reaching safepoint: 47100 ns, At safepoint: 2100 ns, Total: 49200 ns
[1234.321s][info ][gc,start       ] GC(87) Pause Young (Allocation Failure)
[1234.324s][debug][gc,phases      ] GC(87) Scavenge 2.613ms
[1234.324s][debug][gc,ref         ] GC(87) Skipped phase 1 of Reference Processing: no references
[1234.324s][debug][gc,ref         ] GC(87) ReferenceProcessor::execute queues: 1, RefProcThreadModel::Single, marks_oops_alive: false
[1234.324s][debug][gc,ref         ] GC(87) Skipped phase 3 of Reference Processing: no references
[1234.324s][debug][gc,ref         ] GC(87) Skipped phase 4 of Reference Processing: no references
[1234.324s][debug][gc,phases      ] GC(87) Reference Processing 0.084ms
[1234.324s][debug][gc,phases      ] GC(87)   VM Weak                        Min:  0.0, Avg:  0.0, Max:  0.0, Diff:  0.0, Sum:  0.0, Workers: 4
[1234.324s][debug][gc,phases      ] GC(87)     Dead                           Min: 0, Avg:  0.0, Max: 0, Diff: 0, Sum: 0, Workers: 4
[1234.324s][debug][gc,phases      ] GC(87)     Total                          Min: 0, Avg: 179.0, Max: 384, Diff: 384, Sum: 716, Workers: 4
[1234.324s][debug][gc,phases      ] GC(87)   ObjectSynchronizer Weak        Min:  0.0, Avg:  0.0, Max:  0.0, Diff:  0.0, Sum:  0.0, Workers: 4
[1234.324s][debug][gc,phases      ] GC(87)     Dead                           Min: 0, Avg:  0.0, Max: 0, Diff: 0, Sum: 0, Workers: 4
[1234.324s][debug][gc,phases      ] GC(87)     Total                          Min: 0, Avg: 12.0, Max: 48, Diff: 48, Sum: 48, Workers: 4
[1234.324s][debug][gc,phases      ] GC(87)   JVMTI Tag Weak OopStorage      Min:  0.0, Avg:  0.0, Max:  0.0, Diff:  0.0, Sum:  0.0, Workers: 4
[1234.324s][debug][gc,phases      ] GC(87)     Dead                           Min: 0, Avg:  0.0, Max: 0, Diff: 0, Sum: 0, Workers: 4
[1234.324s][debug][gc,phases      ] GC(87)     Total                          Min: 0, Avg:  0.0, Max: 0, Diff: 0, Sum: 0, Workers: 4
[1234.324s][debug][gc,phases      ] GC(87)   StringTable Weak               Min:  0.1, Avg:  0.1, Max:  0.1, Diff:  0.0, Sum:  0.4, Workers: 4
[1234.324s][debug][gc,phases      ] GC(87)     Dead                           Min: 0, Avg:  0.0, Max: 0, Diff: 0, Sum: 0, Workers: 4
[1234.324s][debug][gc,phases      ] GC(87)     Total                          Min: 10432, Avg: 10784.5, Max: 11456, Diff: 1024, Sum: 43138, Workers: 4
[1234.324s][debug][gc,phases      ] GC(87)   ResolvedMethodTable Weak       Min:  0.0, Avg:  0.0, Max:  0.0, Diff:  0.0, Sum:  0.1, Workers: 4
[1234.324s][debug][gc,phases      ] GC(87)     Dead                           Min: 0, Avg:  0.0, Max: 0, Diff: 0, Sum: 0, Workers: 4
[1234.324s][debug][gc,phases      ] GC(87)     Total                          Min: 2048, Avg: 2165.8, Max: 2391, Diff: 343, Sum: 8663, Workers: 4
[1234.324s][debug][gc,phases      ] GC(87)   JNI Weak                       Min:  0.0, Avg:  0.0, Max:  0.0, Diff:  0.0, Sum:  0.0, Workers: 4
[1234.324s][debug][gc,phases      ] GC(87)     Dead                           Min: 0, Avg:  0.0, Max: 0, Diff: 0, Sum: 0, Workers: 4
[1234.324s][debug][gc,phases      ] GC(87)     Total                          Min: 0, Avg: 11.2, Max: 45, Diff: 45, Sum: 45, Workers: 4
[1234.324s][debug][gc,phases      ] GC(87)   StringDedup Table Weak         Min:  0.0, Avg:  0.0, Max:  0.0, Diff:  0.0, Sum:  0.0, Workers: 4
[1234.324s][debug][gc,phases      ] GC(87)     Dead                           Min: 0, Avg:  0.0, Max: 0, Diff: 0, Sum: 0, Workers: 4
[1234.324s][debug][gc,phases      ] GC(87)     Total                          Min: 0, Avg:  0.0, Max: 0, Diff: 0, Sum: 0, Workers: 4
[1234.324s][debug][gc,phases      ] GC(87)   StringDedup Requests0 Weak     Min:  0.0, Avg:  0.0, Max:  0.0, Diff:  0.0, Sum:  0.0, Workers: 4
[1234.324s][debug][gc,phases      ] GC(87)     Dead                           Min: 0, Avg:  0.0, Max: 0, Diff: 0, Sum: 0, Workers: 4
[1234.324s][debug][gc,phases      ] GC(87)     Total                          Min: 0, Avg:  0.0, Max: 0, Diff: 0, Sum: 0, Workers: 4
[1234.324s][debug][gc,phases      ] GC(87)   StringDedup Requests1 Weak     Min:  0.0, Avg:  0.0, Max:  0.0, Diff:  0.0, Sum:  0.0, Workers: 4
[1234.324s][debug][gc,phases      ] GC(87)     Dead                           Min: 0, Avg:  0.0, Max: 0, Diff: 0, Sum: 0, Workers: 4
[1234.324s][debug][gc,phases      ] GC(87)     Total                          Min: 0, Avg:  0.0, Max: 0, Diff: 0, Sum: 0, Workers: 4
[1234.324s][debug][gc,phases      ] GC(87)   Weak JFR Old Object Samples    Min:  0.0, Avg:  0.0, Max:  0.0, Diff:  0.0, Sum:  0.0, Workers: 4
[1234.324s][debug][gc,phases      ] GC(87)     Dead                           Min: 0, Avg:  0.0, Max: 0, Diff: 0, Sum: 0, Workers: 4
[1234.324s][debug][gc,phases      ] GC(87)     Total                          Min: 0, Avg:  0.0, Max: 0, Diff: 0, Sum: 0, Workers: 4
[1234.324s][debug][gc,phases      ] GC(87) Weak Processing 0.285ms
[1234.324s][debug][gc,age         ] GC(87) Desired survivor size 26738688 bytes, new threshold 15 (max threshold 15)
[1234.324s][info ][gc,heap        ] GC(87) PSYoungGen: 2041568K(2069504K)->1760K(2067456K) Eden: 2039808K(2039808K)->0K(2039808K) From: 1760K(29696K)->1760K(27648K)
[1234.324s][info ][gc,heap        ] GC(87) ParOldGen: 334010K(387072K)->334042K(387072K)
[1234.324s][info ][gc,metaspace   ] GC(87) Metaspace: 79070K(80000K)->79070K(80000K) NonClass: 67749K(68224K)->67749K(68224K) Class: 11321K(11776K)->11321K(11776K)
[1234.324s][info ][gc             ] GC(87) Pause Young (Allocation Failure) 2319M->327M(2397M) 3.076ms
[1234.324s][info ][gc,cpu         ] GC(87) User=0.01s Sys=0.00s Real=0.00s
[1234.324s][info ][safepoint      ] Safepoint "ParallelGCFailedAllocation", Time since last: 10495113134 ns, Reaching safepoint: 94500 ns, At safepoint: 3164104 ns, Total: 3258604 ns
[1238.324s][info ][safepoint      ] Safepoint "Cleanup", Time since last: 4000253562 ns, Reaching safepoint: 35800 ns, At safepoint: 2300 ns, Total: 38100 ns
[1255.270s][info ][gc,start       ] GC(88) Pause Young (Allocation Failure)
[1255.273s][debug][gc,phases      ] GC(88) Scavenge 3.222ms
[1255.273s][debug][gc,ref         ] GC(88) Skipped phase 1 of Reference Processing: no references
[1255.273s][debug][gc,ref         ] GC(88) ReferenceProcessor::execute queues: 1, RefProcThreadModel::Single, marks_oops_alive: false
[1255.273s][debug][gc,ref         ] GC(88) Skipped phase 3 of Reference Processing: no references
[1255.273s][debug][gc,ref         ] GC(88) Skipped phase 4 of Reference Processing: no references
[1255.273s][debug][gc,phases      ] GC(88) Reference Processing 0.086ms
[1255.273s][debug][gc,phases      ] GC(88)   VM Weak                        Min:  0.0, Avg:  0.0, Max:  0.0, Diff:  0.0, Sum:  0.0, Workers: 4
[1255.273s][debug][gc,phases      ] GC(88)     Dead                           Min: 0, Avg:  0.0, Max: 0, Diff: 0, Sum: 0, Workers: 4
[1255.273s][debug][gc,phases      ] GC(88)     Total                          Min: 0, Avg: 179.0, Max: 716, Diff: 716, Sum: 716, Workers: 4
[1255.273s][debug][gc,phases      ] GC(88)   ObjectSynchronizer Weak        Min:  0.0, Avg:  0.0, Max:  0.0, Diff:  0.0, Sum:  0.0, Workers: 4
[1255.273s][debug][gc,phases      ] GC(88)     Dead                           Min: 0, Avg:  0.0, Max: 0, Diff: 0, Sum: 0, Workers: 4
[1255.273s][debug][gc,phases      ] GC(88)     Total                          Min: 0, Avg: 12.0, Max: 48, Diff: 48, Sum: 48, Workers: 4
[1255.273s][debug][gc,phases      ] GC(88)   JVMTI Tag Weak OopStorage      Min:  0.0, Avg:  0.0, Max:  0.0, Diff:  0.0, Sum:  0.0, Workers: 4
[1255.273s][debug][gc,phases      ] GC(88)     Dead                           Min: 0, Avg:  0.0, Max: 0, Diff: 0, Sum: 0, Workers: 4
[1255.273s][debug][gc,phases      ] GC(88)     Total                          Min: 0, Avg:  0.0, Max: 0, Diff: 0, Sum: 0, Workers: 4
[1255.273s][debug][gc,phases      ] GC(88)   StringTable Weak               Min:  0.1, Avg:  0.1, Max:  0.1, Diff:  0.0, Sum:  0.4, Workers: 4
[1255.273s][debug][gc,phases      ] GC(88)     Dead                           Min: 0, Avg:  0.0, Max: 0, Diff: 0, Sum: 0, Workers: 4
[1255.273s][debug][gc,phases      ] GC(88)     Total                          Min: 10368, Avg: 10786.0, Max: 11072, Diff: 704, Sum: 43144, Workers: 4
[1255.273s][debug][gc,phases      ] GC(88)   ResolvedMethodTable Weak       Min:  0.0, Avg:  0.0, Max:  0.0, Diff:  0.0, Sum:  0.1, Workers: 4
[1255.273s][debug][gc,phases      ] GC(88)     Dead                           Min: 0, Avg:  0.0, Max: 0, Diff: 0, Sum: 0, Workers: 4
[1255.273s][debug][gc,phases      ] GC(88)     Total                          Min: 2112, Avg: 2165.8, Max: 2240, Diff: 128, Sum: 8663, Workers: 4
[1255.273s][debug][gc,phases      ] GC(88)   JNI Weak                       Min:  0.0, Avg:  0.0, Max:  0.0, Diff:  0.0, Sum:  0.0, Workers: 4
[1255.273s][debug][gc,phases      ] GC(88)     Dead                           Min: 0, Avg:  0.0, Max: 0, Diff: 0, Sum: 0, Workers: 4
[1255.273s][debug][gc,phases      ] GC(88)     Total                          Min: 0, Avg: 11.2, Max: 45, Diff: 45, Sum: 45, Workers: 4
[1255.273s][debug][gc,phases      ] GC(88)   StringDedup Table Weak         Min:  0.0, Avg:  0.0, Max:  0.0, Diff:  0.0, Sum:  0.0, Workers: 4
[1255.273s][debug][gc,phases      ] GC(88)     Dead                           Min: 0, Avg:  0.0, Max: 0, Diff: 0, Sum: 0, Workers: 4
[1255.273s][debug][gc,phases      ] GC(88)     Total                          Min: 0, Avg:  0.0, Max: 0, Diff: 0, Sum: 0, Workers: 4
[1255.273s][debug][gc,phases      ] GC(88)   StringDedup Requests0 Weak     Min:  0.0, Avg:  0.0, Max:  0.0, Diff:  0.0, Sum:  0.0, Workers: 4
[1255.273s][debug][gc,phases      ] GC(88)     Dead                           Min: 0, Avg:  0.0, Max: 0, Diff: 0, Sum: 0, Workers: 4
[1255.273s][debug][gc,phases      ] GC(88)     Total                          Min: 0, Avg:  0.0, Max: 0, Diff: 0, Sum: 0, Workers: 4
[1255.273s][debug][gc,phases      ] GC(88)   StringDedup Requests1 Weak     Min:  0.0, Avg:  0.0, Max:  0.0, Diff:  0.0, Sum:  0.0, Workers: 4
[1255.273s][debug][gc,phases      ] GC(88)     Dead                           Min: 0, Avg:  0.0, Max: 0, Diff: 0, Sum: 0, Workers: 4
[1255.273s][debug][gc,phases      ] GC(88)     Total                          Min: 0, Avg:  0.0, Max: 0, Diff: 0, Sum: 0, Workers: 4
[1255.273s][debug][gc,phases      ] GC(88)   Weak JFR Old Object Samples    Min:  0.0, Avg:  0.0, Max:  0.0, Diff:  0.0, Sum:  0.0, Workers: 4
[1255.273s][debug][gc,phases      ] GC(88)     Dead                           Min: 0, Avg:  0.0, Max: 0, Diff: 0, Sum: 0, Workers: 4
[1255.273s][debug][gc,phases      ] GC(88)     Total                          Min: 0, Avg:  0.0, Max: 0, Diff: 0, Sum: 0, Workers: 4
[1255.273s][debug][gc,phases      ] GC(88) Weak Processing 0.282ms
[1255.273s][debug][gc,age         ] GC(88) Desired survivor size 25165824 bytes, new threshold 15 (max threshold 15)
[1255.273s][info ][gc,heap        ] GC(88) PSYoungGen: 2041568K(2067456K)->1728K(2072576K) Eden: 2039808K(2039808K)->0K(2046464K) From: 1760K(27648K)->1728K(26112K)
[1255.273s][info ][gc,heap        ] GC(88) ParOldGen: 334042K(387072K)->334102K(387072K)
[1255.273s][info ][gc,metaspace   ] GC(88) Metaspace: 79071K(80000K)->79071K(80000K) NonClass: 67750K(68224K)->67750K(68224K) Class: 11321K(11776K)->11321K(11776K)
[1255.273s][info ][gc             ] GC(88) Pause Young (Allocation Failure) 2319M->327M(2402M) 3.681ms
[1255.273s][info ][gc,cpu         ] GC(88) User=0.01s Sys=0.00s Real=0.00s
[1255.273s][info ][safepoint      ] Safepoint "ParallelGCFailedAllocation", Time since last: 16945212825 ns, Reaching safepoint: 26800 ns, At safepoint: 3760905 ns, Total: 3787705 ns
[1275.870s][info ][gc,start       ] GC(89) Pause Young (Allocation Failure)
[1275.873s][debug][gc,phases      ] GC(89) Scavenge 2.749ms
[1275.873s][debug][gc,ref         ] GC(89) Skipped phase 1 of Reference Processing: no references
[1275.873s][debug][gc,ref         ] GC(89) ReferenceProcessor::execute queues: 1, RefProcThreadModel::Single, marks_oops_alive: false
[1275.873s][debug][gc,ref         ] GC(89) Skipped phase 3 of Reference Processing: no references
[1275.873s][debug][gc,ref         ] GC(89) Skipped phase 4 of Reference Processing: no references
[1275.873s][debug][gc,phases      ] GC(89) Reference Processing 0.103ms
[1275.873s][debug][gc,phases      ] GC(89)   VM Weak                        Min:  0.0, Avg:  0.0, Max:  0.0, Diff:  0.0, Sum:  0.0, Workers: 4
[1275.873s][debug][gc,phases      ] GC(89)     Dead                           Min: 0, Avg:  0.0, Max: 0, Diff: 0, Sum: 0, Workers: 4
[1275.873s][debug][gc,phases      ] GC(89)     Total                          Min: 0, Avg: 179.0, Max: 524, Diff: 524, Sum: 716, Workers: 4
[1275.873s][debug][gc,phases      ] GC(89)   ObjectSynchronizer Weak        Min:  0.0, Avg:  0.0, Max:  0.0, Diff:  0.0, Sum:  0.0, Workers: 4
[1275.873s][debug][gc,phases      ] GC(89)     Dead                           Min: 0, Avg:  0.0, Max: 0, Diff: 0, Sum: 0, Workers: 4
[1275.873s][debug][gc,phases      ] GC(89)     Total                          Min: 0, Avg: 12.0, Max: 48, Diff: 48, Sum: 48, Workers: 4
[1275.873s][debug][gc,phases      ] GC(89)   JVMTI Tag Weak OopStorage      Min:  0.0, Avg:  0.0, Max:  0.0, Diff:  0.0, Sum:  0.0, Workers: 4
[1275.873s][debug][gc,phases      ] GC(89)     Dead                           Min: 0, Avg:  0.0, Max: 0, Diff: 0, Sum: 0, Workers: 4
[1275.873s][debug][gc,phases      ] GC(89)     Total                          Min: 0, Avg:  0.0, Max: 0, Diff: 0, Sum: 0, Workers: 4
[1275.873s][debug][gc,phases      ] GC(89)   StringTable Weak               Min:  0.0, Avg:  0.1, Max:  0.1, Diff:  0.1, Sum:  0.4, Workers: 4
[1275.873s][debug][gc,phases      ] GC(89)     Dead                           Min: 0, Avg:  0.0, Max: 0, Diff: 0, Sum: 0, Workers: 4
[1275.873s][debug][gc,phases      ] GC(89)     Total                          Min: 0, Avg: 10786.2, Max: 17033, Diff: 17033, Sum: 43145, Workers: 4
[1275.873s][debug][gc,phases      ] GC(89)   ResolvedMethodTable Weak       Min:  0.0, Avg:  0.0, Max:  0.0, Diff:  0.0, Sum:  0.1, Workers: 4
[1275.873s][debug][gc,phases      ] GC(89)     Dead                           Min: 0, Avg:  0.0, Max: 0, Diff: 0, Sum: 0, Workers: 4
[1275.873s][debug][gc,phases      ] GC(89)     Total                          Min: 0, Avg: 2165.8, Max: 3735, Diff: 3735, Sum: 8663, Workers: 4
[1275.873s][debug][gc,phases      ] GC(89)   JNI Weak                       Min:  0.0, Avg:  0.0, Max:  0.0, Diff:  0.0, Sum:  0.0, Workers: 4
[1275.873s][debug][gc,phases      ] GC(89)     Dead                           Min: 0, Avg:  0.0, Max: 0, Diff: 0, Sum: 0, Workers: 4
[1275.873s][debug][gc,phases      ] GC(89)     Total                          Min: 0, Avg: 11.2, Max: 45, Diff: 45, Sum: 45, Workers: 4
[1275.873s][debug][gc,phases      ] GC(89)   StringDedup Table Weak         Min:  0.0, Avg:  0.0, Max:  0.0, Diff:  0.0, Sum:  0.0, Workers: 4
[1275.873s][debug][gc,phases      ] GC(89)     Dead                           Min: 0, Avg:  0.0, Max: 0, Diff: 0, Sum: 0, Workers: 4
[1275.873s][debug][gc,phases      ] GC(89)     Total                          Min: 0, Avg:  0.0, Max: 0, Diff: 0, Sum: 0, Workers: 4
[1275.873s][debug][gc,phases      ] GC(89)   StringDedup Requests0 Weak     Min:  0.0, Avg:  0.0, Max:  0.0, Diff:  0.0, Sum:  0.0, Workers: 4
[1275.873s][debug][gc,phases      ] GC(89)     Dead                           Min: 0, Avg:  0.0, Max: 0, Diff: 0, Sum: 0, Workers: 4
[1275.873s][debug][gc,phases      ] GC(89)     Total                          Min: 0, Avg:  0.0, Max: 0, Diff: 0, Sum: 0, Workers: 4
[1275.873s][debug][gc,phases      ] GC(89)   StringDedup Requests1 Weak     Min:  0.0, Avg:  0.0, Max:  0.0, Diff:  0.0, Sum:  0.0, Workers: 4
[1275.873s][debug][gc,phases      ] GC(89)     Dead                           Min: 0, Avg:  0.0, Max: 0, Diff: 0, Sum: 0, Workers: 4
[1275.873s][debug][gc,phases      ] GC(89)     Total                          Min: 0, Avg:  0.0, Max: 0, Diff: 0, Sum: 0, Workers: 4
[1275.873s][debug][gc,phases      ] GC(89)   Weak JFR Old Object Samples    Min:  0.0, Avg:  0.0, Max:  0.0, Diff:  0.0, Sum:  0.0, Workers: 4
[1275.873s][debug][gc,phases      ] GC(89)     Dead                           Min: 0, Avg:  0.0, Max: 0, Diff: 0, Sum: 0, Workers: 4
[1275.873s][debug][gc,phases      ] GC(89)     Total                          Min: 0, Avg:  0.0, Max: 0, Diff: 0, Sum: 0, Workers: 4
[1275.873s][debug][gc,phases      ] GC(89) Weak Processing 0.334ms
[1275.873s][debug][gc,age         ] GC(89) Desired survivor size 23592960 bytes, new threshold 15 (max threshold 15)
[1275.873s][info ][gc,heap        ] GC(89) PSYoungGen: 2048192K(2072576K)->1728K(2071040K) Eden: 2046464K(2046464K)->0K(2046464K) From: 1728K(26112K)->1728K(24576K)
[1275.873s][info ][gc,heap        ] GC(89) ParOldGen: 334102K(387072K)->334118K(387072K)
[1275.873s][info ][gc,metaspace   ] GC(89) Metaspace: 79075K(80000K)->79075K(80000K) NonClass: 67754K(68224K)->67754K(68224K) Class: 11321K(11776K)->11321K(11776K)
[1275.873s][info ][gc             ] GC(89) Pause Young (Allocation Failure) 2326M->327M(2400M) 3.282ms
[1275.873s][info ][gc,cpu         ] GC(89) User=0.01s Sys=0.00s Real=0.00s
[1275.873s][info ][safepoint      ] Safepoint "ParallelGCFailedAllocation", Time since last: 20596493887 ns, Reaching safepoint: 90300 ns, At safepoint: 3347104 ns, Total: 3437404 ns
[1296.822s][info ][gc,start       ] GC(90) Pause Young (Allocation Failure)
[1296.825s][debug][gc,phases      ] GC(90) Scavenge 3.205ms
[1296.825s][debug][gc,ref         ] GC(90) Skipped phase 1 of Reference Processing: no references
[1296.826s][debug][gc,ref         ] GC(90) ReferenceProcessor::execute queues: 1, RefProcThreadModel::Single, marks_oops_alive: false
[1296.826s][debug][gc,ref         ] GC(90) Skipped phase 3 of Reference Processing: no references
[1296.826s][debug][gc,ref         ] GC(90) Skipped phase 4 of Reference Processing: no references
[1296.826s][debug][gc,phases      ] GC(90) Reference Processing 0.100ms
[1296.826s][debug][gc,phases      ] GC(90)   VM Weak                        Min:  0.0, Avg:  0.0, Max:  0.0, Diff:  0.0, Sum:  0.0, Workers: 4
[1296.826s][debug][gc,phases      ] GC(90)     Dead                           Min: 0, Avg:  0.0, Max: 0, Diff: 0, Sum: 0, Workers: 4
[1296.826s][debug][gc,phases      ] GC(90)     Total                          Min: 0, Avg: 179.0, Max: 576, Diff: 576, Sum: 716, Workers: 4
[1296.826s][debug][gc,phases      ] GC(90)   ObjectSynchronizer Weak        Min:  0.0, Avg:  0.0, Max:  0.0, Diff:  0.0, Sum:  0.0, Workers: 4
[1296.826s][debug][gc,phases      ] GC(90)     Dead                           Min: 0, Avg:  0.0, Max: 0, Diff: 0, Sum: 0, Workers: 4
[1296.826s][debug][gc,phases      ] GC(90)     Total                          Min: 0, Avg: 12.0, Max: 48, Diff: 48, Sum: 48, Workers: 4
[1296.826s][debug][gc,phases      ] GC(90)   JVMTI Tag Weak OopStorage      Min:  0.0, Avg:  0.0, Max:  0.0, Diff:  0.0, Sum:  0.0, Workers: 4
[1296.826s][debug][gc,phases      ] GC(90)     Dead                           Min: 0, Avg:  0.0, Max: 0, Diff: 0, Sum: 0, Workers: 4
[1296.826s][debug][gc,phases      ] GC(90)     Total                          Min: 0, Avg:  0.0, Max: 0, Diff: 0, Sum: 0, Workers: 4
[1296.826s][debug][gc,phases      ] GC(90)   StringTable Weak               Min:  0.0, Avg:  0.1, Max:  0.1, Diff:  0.1, Sum:  0.3, Workers: 4
[1296.826s][debug][gc,phases      ] GC(90)     Dead                           Min: 0, Avg:  0.0, Max: 0, Diff: 0, Sum: 0, Workers: 4
[1296.826s][debug][gc,phases      ] GC(90)     Total                          Min: 0, Avg: 10786.2, Max: 18624, Diff: 18624, Sum: 43145, Workers: 4
[1296.826s][debug][gc,phases      ] GC(90)   ResolvedMethodTable Weak       Min:  0.0, Avg:  0.0, Max:  0.0, Diff:  0.0, Sum:  0.1, Workers: 4
[1296.826s][debug][gc,phases      ] GC(90)     Dead                           Min: 0, Avg:  0.0, Max: 0, Diff: 0, Sum: 0, Workers: 4
[1296.826s][debug][gc,phases      ] GC(90)     Total                          Min: 0, Avg: 2165.8, Max: 3648, Diff: 3648, Sum: 8663, Workers: 4
[1296.826s][debug][gc,phases      ] GC(90)   JNI Weak                       Min:  0.0, Avg:  0.0, Max:  0.0, Diff:  0.0, Sum:  0.0, Workers: 4
[1296.826s][debug][gc,phases      ] GC(90)     Dead                           Min: 0, Avg:  0.0, Max: 0, Diff: 0, Sum: 0, Workers: 4
[1296.826s][debug][gc,phases      ] GC(90)     Total                          Min: 0, Avg: 11.2, Max: 45, Diff: 45, Sum: 45, Workers: 4
[1296.826s][debug][gc,phases      ] GC(90)   StringDedup Table Weak         Min:  0.0, Avg:  0.0, Max:  0.0, Diff:  0.0, Sum:  0.0, Workers: 4
[1296.826s][debug][gc,phases      ] GC(90)     Dead                           Min: 0, Avg:  0.0, Max: 0, Diff: 0, Sum: 0, Workers: 4
[1296.826s][debug][gc,phases      ] GC(90)     Total                          Min: 0, Avg:  0.0, Max: 0, Diff: 0, Sum: 0, Workers: 4
[1296.826s][debug][gc,phases      ] GC(90)   StringDedup Requests0 Weak     Min:  0.0, Avg:  0.0, Max:  0.0, Diff:  0.0, Sum:  0.0, Workers: 4
[1296.826s][debug][gc,phases      ] GC(90)     Dead                           Min: 0, Avg:  0.0, Max: 0, Diff: 0, Sum: 0, Workers: 4
[1296.826s][debug][gc,phases      ] GC(90)     Total                          Min: 0, Avg:  0.0, Max: 0, Diff: 0, Sum: 0, Workers: 4
[1296.826s][debug][gc,phases      ] GC(90)   StringDedup Requests1 Weak     Min:  0.0, Avg:  0.0, Max:  0.0, Diff:  0.0, Sum:  0.0, Workers: 4
[1296.826s][debug][gc,phases      ] GC(90)     Dead                           Min: 0, Avg:  0.0, Max: 0, Diff: 0, Sum: 0, Workers: 4
[1296.826s][debug][gc,phases      ] GC(90)     Total                          Min: 0, Avg:  0.0, Max: 0, Diff: 0, Sum: 0, Workers: 4
[1296.826s][debug][gc,phases      ] GC(90)   Weak JFR Old Object Samples    Min:  0.0, Avg:  0.0, Max:  0.0, Diff:  0.0, Sum:  0.0, Workers: 4
[1296.826s][debug][gc,phases      ] GC(90)     Dead                           Min: 0, Avg:  0.0, Max: 0, Diff: 0, Sum: 0, Workers: 4
[1296.826s][debug][gc,phases      ] GC(90)     Total                          Min: 0, Avg:  0.0, Max: 0, Diff: 0, Sum: 0, Workers: 4
[1296.826s][debug][gc,phases      ] GC(90) Weak Processing 0.305ms
[1296.826s][debug][gc,age         ] GC(90) Desired survivor size 22020096 bytes, new threshold 15 (max threshold 15)
[1296.826s][info ][gc,heap        ] GC(90) PSYoungGen: 2048192K(2071040K)->1696K(2075648K) Eden: 2046464K(2046464K)->0K(2052608K) From: 1728K(24576K)->1696K(23040K)
[1296.826s][info ][gc,heap        ] GC(90) ParOldGen: 334118K(387072K)->334190K(387072K)
[1296.826s][info ][gc,metaspace   ] GC(90) Metaspace: 79083K(80000K)->79083K(80000K) NonClass: 67762K(68224K)->67762K(68224K) Class: 11321K(11776K)->11321K(11776K)
[1296.826s][info ][gc             ] GC(90) Pause Young (Allocation Failure) 2326M->328M(2405M) 3.711ms
[1296.826s][info ][gc,cpu         ] GC(90) User=0.01s Sys=0.00s Real=0.00s
[1296.826s][info ][safepoint      ] Safepoint "ParallelGCFailedAllocation", Time since last: 20948618444 ns, Reaching safepoint: 93100 ns, At safepoint: 3773505 ns, Total: 3866605 ns
[1308.827s][info ][safepoint      ] Safepoint "Cleanup", Time since last: 12000739742 ns, Reaching safepoint: 26000 ns, At safepoint: 2300 ns, Total: 28300 ns
[1310.827s][info ][safepoint      ] Safepoint "Cleanup", Time since last: 2000169923 ns, Reaching safepoint: 26000 ns, At safepoint: 2300 ns, Total: 28300 ns
[1317.523s][info ][safepoint      ] Safepoint "ParallelGCFailedAllocation", Time since last: 6696277514 ns, Reaching safepoint: 106101 ns, At safepoint: 20800 ns, Total: 126901 ns
[1317.523s][info ][gc,start       ] GC(91) Pause Young (GCLocker Initiated GC)
[1317.527s][debug][gc,phases      ] GC(91) Scavenge 3.128ms
[1317.527s][debug][gc,ref         ] GC(91) Skipped phase 1 of Reference Processing: no references
[1317.527s][debug][gc,ref         ] GC(91) ReferenceProcessor::execute queues: 1, RefProcThreadModel::Single, marks_oops_alive: false
[1317.527s][debug][gc,ref         ] GC(91) Skipped phase 3 of Reference Processing: no references
[1317.527s][debug][gc,ref         ] GC(91) ReferenceProcessor::execute queues: 1, RefProcThreadModel::Single, marks_oops_alive: false
[1317.527s][debug][gc,phases      ] GC(91) Reference Processing 0.086ms
[1317.527s][debug][gc,phases      ] GC(91)   VM Weak                        Min:  0.0, Avg:  0.0, Max:  0.0, Diff:  0.0, Sum:  0.0, Workers: 4
[1317.527s][debug][gc,phases      ] GC(91)     Dead                           Min: 0, Avg:  0.0, Max: 0, Diff: 0, Sum: 0, Workers: 4
[1317.527s][debug][gc,phases      ] GC(91)     Total                          Min: 0, Avg: 179.0, Max: 640, Diff: 640, Sum: 716, Workers: 4
[1317.527s][debug][gc,phases      ] GC(91)   ObjectSynchronizer Weak        Min:  0.0, Avg:  0.0, Max:  0.0, Diff:  0.0, Sum:  0.0, Workers: 4
[1317.527s][debug][gc,phases      ] GC(91)     Dead                           Min: 0, Avg:  0.0, Max: 0, Diff: 0, Sum: 0, Workers: 4
[1317.527s][debug][gc,phases      ] GC(91)     Total                          Min: 0, Avg: 12.0, Max: 48, Diff: 48, Sum: 48, Workers: 4
[1317.527s][debug][gc,phases      ] GC(91)   JVMTI Tag Weak OopStorage      Min:  0.0, Avg:  0.0, Max:  0.0, Diff:  0.0, Sum:  0.0, Workers: 4
[1317.527s][debug][gc,phases      ] GC(91)     Dead                           Min: 0, Avg:  0.0, Max: 0, Diff: 0, Sum: 0, Workers: 4
[1317.527s][debug][gc,phases      ] GC(91)     Total                          Min: 0, Avg:  0.0, Max: 0, Diff: 0, Sum: 0, Workers: 4
[1317.527s][debug][gc,phases      ] GC(91)   StringTable Weak               Min:  0.1, Avg:  0.1, Max:  0.1, Diff:  0.0, Sum:  0.4, Workers: 4
[1317.527s][debug][gc,phases      ] GC(91)     Dead                           Min: 0, Avg:  0.0, Max: 0, Diff: 0, Sum: 0, Workers: 4
[1317.527s][debug][gc,phases      ] GC(91)     Total                          Min: 10192, Avg: 10788.0, Max: 11584, Diff: 1392, Sum: 43152, Workers: 4
[1317.527s][debug][gc,phases      ] GC(91)   ResolvedMethodTable Weak       Min:  0.0, Avg:  0.0, Max:  0.1, Diff:  0.0, Sum:  0.1, Workers: 4
[1317.527s][debug][gc,phases      ] GC(91)     Dead                           Min: 0, Avg:  0.0, Max: 0, Diff: 0, Sum: 0, Workers: 4
[1317.527s][debug][gc,phases      ] GC(91)     Total                          Min: 1280, Avg: 2165.8, Max: 2519, Diff: 1239, Sum: 8663, Workers: 4
[1317.527s][debug][gc,phases      ] GC(91)   JNI Weak                       Min:  0.0, Avg:  0.0, Max:  0.0, Diff:  0.0, Sum:  0.0, Workers: 4
[1317.527s][debug][gc,phases      ] GC(91)     Dead                           Min: 0, Avg:  0.0, Max: 0, Diff: 0, Sum: 0, Workers: 4
[1317.527s][debug][gc,phases      ] GC(91)     Total                          Min: 0, Avg: 11.2, Max: 45, Diff: 45, Sum: 45, Workers: 4
[1317.527s][debug][gc,phases      ] GC(91)   StringDedup Table Weak         Min:  0.0, Avg:  0.0, Max:  0.0, Diff:  0.0, Sum:  0.0, Workers: 4
[1317.527s][debug][gc,phases      ] GC(91)     Dead                           Min: 0, Avg:  0.0, Max: 0, Diff: 0, Sum: 0, Workers: 4
[1317.527s][debug][gc,phases      ] GC(91)     Total                          Min: 0, Avg:  0.0, Max: 0, Diff: 0, Sum: 0, Workers: 4
[1317.527s][debug][gc,phases      ] GC(91)   StringDedup Requests0 Weak     Min:  0.0, Avg:  0.0, Max:  0.0, Diff:  0.0, Sum:  0.0, Workers: 4
[1317.527s][debug][gc,phases      ] GC(91)     Dead                           Min: 0, Avg:  0.0, Max: 0, Diff: 0, Sum: 0, Workers: 4
[1317.527s][debug][gc,phases      ] GC(91)     Total                          Min: 0, Avg:  0.0, Max: 0, Diff: 0, Sum: 0, Workers: 4
[1317.527s][debug][gc,phases      ] GC(91)   StringDedup Requests1 Weak     Min:  0.0, Avg:  0.0, Max:  0.0, Diff:  0.0, Sum:  0.0, Workers: 4
[1317.527s][debug][gc,phases      ] GC(91)     Dead                           Min: 0, Avg:  0.0, Max: 0, Diff: 0, Sum: 0, Workers: 4
[1317.527s][debug][gc,phases      ] GC(91)     Total                          Min: 0, Avg:  0.0, Max: 0, Diff: 0, Sum: 0, Workers: 4
[1317.527s][debug][gc,phases      ] GC(91)   Weak JFR Old Object Samples    Min:  0.0, Avg:  0.0, Max:  0.0, Diff:  0.0, Sum:  0.0, Workers: 4
[1317.527s][debug][gc,phases      ] GC(91)     Dead                           Min: 0, Avg:  0.0, Max: 0, Diff: 0, Sum: 0, Workers: 4
[1317.527s][debug][gc,phases      ] GC(91)     Total                          Min: 0, Avg:  0.0, Max: 0, Diff: 0, Sum: 0, Workers: 4
[1317.527s][debug][gc,phases      ] GC(91) Weak Processing 0.303ms
[1317.527s][debug][gc,age         ] GC(91) Desired survivor size 20447232 bytes, new threshold 15 (max threshold 15)
[1317.527s][info ][gc,heap        ] GC(91) PSYoungGen: 2054304K(2075648K)->1728K(2074112K) Eden: 2052608K(2052608K)->0K(2052608K) From: 1696K(23040K)->1728K(21504K)
[1317.527s][info ][gc,heap        ] GC(91) ParOldGen: 334191K(387072K)->334223K(387072K)
[1317.527s][info ][gc,metaspace   ] GC(91) Metaspace: 79092K(80000K)->79092K(80000K) NonClass: 67770K(68224K)->67770K(68224K) Class: 11321K(11776K)->11321K(11776K)
[1317.527s][info ][gc             ] GC(91) Pause Young (GCLocker Initiated GC) 2332M->328M(2403M) 3.598ms
[1317.527s][info ][gc,cpu         ] GC(91) User=0.02s Sys=0.00s Real=0.01s
[1317.527s][info ][safepoint      ] Safepoint "ParallelGCSystemGC", Time since last: 104700 ns, Reaching safepoint: 93900 ns, At safepoint: 3657405 ns, Total: 3751305 ns
[1328.528s][info ][safepoint      ] Safepoint "Cleanup", Time since last: 11000710669 ns, Reaching safepoint: 26800 ns, At safepoint: 2600 ns, Total: 29400 ns
[1330.528s][info ][safepoint      ] Safepoint "Cleanup", Time since last: 2000183821 ns, Reaching safepoint: 36400 ns, At safepoint: 2900 ns, Total: 39300 ns
[1338.719s][info ][gc,start       ] GC(92) Pause Young (Allocation Failure)
[1338.723s][debug][gc,phases      ] GC(92) Scavenge 3.920ms
[1338.723s][debug][gc,ref         ] GC(92) Skipped phase 1 of Reference Processing: no references
[1338.723s][debug][gc,ref         ] GC(92) ReferenceProcessor::execute queues: 1, RefProcThreadModel::Single, marks_oops_alive: false
[1338.723s][debug][gc,ref         ] GC(92) Skipped phase 3 of Reference Processing: no references
[1338.723s][debug][gc,ref         ] GC(92) Skipped phase 4 of Reference Processing: no references
[1338.723s][debug][gc,phases      ] GC(92) Reference Processing 0.080ms
[1338.723s][debug][gc,phases      ] GC(92)   VM Weak                        Min:  0.0, Avg:  0.0, Max:  0.0, Diff:  0.0, Sum:  0.0, Workers: 4
[1338.723s][debug][gc,phases      ] GC(92)     Dead                           Min: 0, Avg:  0.0, Max: 0, Diff: 0, Sum: 0, Workers: 4
[1338.723s][debug][gc,phases      ] GC(92)     Total                          Min: 0, Avg: 179.0, Max: 640, Diff: 640, Sum: 716, Workers: 4
[1338.723s][debug][gc,phases      ] GC(92)   ObjectSynchronizer Weak        Min:  0.0, Avg:  0.0, Max:  0.0, Diff:  0.0, Sum:  0.0, Workers: 4
[1338.723s][debug][gc,phases      ] GC(92)     Dead                           Min: 0, Avg:  0.0, Max: 0, Diff: 0, Sum: 0, Workers: 4
[1338.723s][debug][gc,phases      ] GC(92)     Total                          Min: 0, Avg: 12.0, Max: 48, Diff: 48, Sum: 48, Workers: 4
[1338.723s][debug][gc,phases      ] GC(92)   JVMTI Tag Weak OopStorage      Min:  0.0, Avg:  0.0, Max:  0.0, Diff:  0.0, Sum:  0.0, Workers: 4
[1338.723s][debug][gc,phases      ] GC(92)     Dead                           Min: 0, Avg:  0.0, Max: 0, Diff: 0, Sum: 0, Workers: 4
[1338.723s][debug][gc,phases      ] GC(92)     Total                          Min: 0, Avg:  0.0, Max: 0, Diff: 0, Sum: 0, Workers: 4
[1338.723s][debug][gc,phases      ] GC(92)   StringTable Weak               Min:  0.0, Avg:  0.1, Max:  0.1, Diff:  0.1, Sum:  0.4, Workers: 4
[1338.723s][debug][gc,phases      ] GC(92)     Dead                           Min: 0, Avg:  0.0, Max: 0, Diff: 0, Sum: 0, Workers: 4
[1338.723s][debug][gc,phases      ] GC(92)     Total                          Min: 0, Avg: 10788.0, Max: 17040, Diff: 17040, Sum: 43152, Workers: 4
[1338.724s][debug][gc,phases      ] GC(92)   ResolvedMethodTable Weak       Min:  0.0, Avg:  0.0, Max:  0.0, Diff:  0.0, Sum:  0.1, Workers: 4
[1338.724s][debug][gc,phases      ] GC(92)     Dead                           Min: 0, Avg:  0.0, Max: 0, Diff: 0, Sum: 0, Workers: 4
[1338.724s][debug][gc,phases      ] GC(92)     Total                          Min: 0, Avg: 2165.8, Max: 3584, Diff: 3584, Sum: 8663, Workers: 4
[1338.724s][debug][gc,phases      ] GC(92)   JNI Weak                       Min:  0.0, Avg:  0.0, Max:  0.0, Diff:  0.0, Sum:  0.0, Workers: 4
[1338.724s][debug][gc,phases      ] GC(92)     Dead                           Min: 0, Avg:  0.0, Max: 0, Diff: 0, Sum: 0, Workers: 4
[1338.724s][debug][gc,phases      ] GC(92)     Total                          Min: 0, Avg: 11.2, Max: 45, Diff: 45, Sum: 45, Workers: 4
[1338.724s][debug][gc,phases      ] GC(92)   StringDedup Table Weak         Min:  0.0, Avg:  0.0, Max:  0.0, Diff:  0.0, Sum:  0.0, Workers: 4
[1338.724s][debug][gc,phases      ] GC(92)     Dead                           Min: 0, Avg:  0.0, Max: 0, Diff: 0, Sum: 0, Workers: 4
[1338.724s][debug][gc,phases      ] GC(92)     Total                          Min: 0, Avg:  0.0, Max: 0, Diff: 0, Sum: 0, Workers: 4
[1338.724s][debug][gc,phases      ] GC(92)   StringDedup Requests0 Weak     Min:  0.0, Avg:  0.0, Max:  0.0, Diff:  0.0, Sum:  0.0, Workers: 4
[1338.724s][debug][gc,phases      ] GC(92)     Dead                           Min: 0, Avg:  0.0, Max: 0, Diff: 0, Sum: 0, Workers: 4
[1338.724s][debug][gc,phases      ] GC(92)     Total                          Min: 0, Avg:  0.0, Max: 0, Diff: 0, Sum: 0, Workers: 4
[1338.724s][debug][gc,phases      ] GC(92)   StringDedup Requests1 Weak     Min:  0.0, Avg:  0.0, Max:  0.0, Diff:  0.0, Sum:  0.0, Workers: 4
[1338.724s][debug][gc,phases      ] GC(92)     Dead                           Min: 0, Avg:  0.0, Max: 0, Diff: 0, Sum: 0, Workers: 4
[1338.724s][debug][gc,phases      ] GC(92)     Total                          Min: 0, Avg:  0.0, Max: 0, Diff: 0, Sum: 0, Workers: 4
[1338.724s][debug][gc,phases      ] GC(92)   Weak JFR Old Object Samples    Min:  0.0, Avg:  0.0, Max:  0.0, Diff:  0.0, Sum:  0.0, Workers: 4
[1338.724s][debug][gc,phases      ] GC(92)     Dead                           Min: 0, Avg:  0.0, Max: 0, Diff: 0, Sum: 0, Workers: 4
[1338.724s][debug][gc,phases      ] GC(92)     Total                          Min: 0, Avg:  0.0, Max: 0, Diff: 0, Sum: 0, Workers: 4
[1338.724s][debug][gc,phases      ] GC(92) Weak Processing 0.323ms
[1338.724s][debug][gc,age         ] GC(92) Desired survivor size 18874368 bytes, new threshold 15 (max threshold 15)
[1338.724s][info ][gc,heap        ] GC(92) PSYoungGen: 2054336K(2074112K)->1728K(2078720K) Eden: 2052608K(2052608K)->0K(2058752K) From: 1728K(21504K)->1728K(19968K)
[1338.724s][info ][gc,heap        ] GC(92) ParOldGen: 334226K(387072K)->334266K(387072K)
[1338.724s][info ][gc,metaspace   ] GC(92) Metaspace: 79096K(80000K)->79096K(80000K) NonClass: 67775K(68224K)->67775K(68224K) Class: 11321K(11776K)->11321K(11776K)
[1338.724s][info ][gc             ] GC(92) Pause Young (Allocation Failure) 2332M->328M(2408M) 4.414ms
[1338.724s][info ][gc,cpu         ] GC(92) User=0.01s Sys=0.00s Real=0.00s
[1338.724s][info ][safepoint      ] Safepoint "ParallelGCFailedAllocation", Time since last: 8190995341 ns, Reaching safepoint: 83300 ns, At safepoint: 4478406 ns, Total: 4561706 ns
[1359.822s][info ][gc,start       ] GC(93) Pause Young (Allocation Failure)
[1359.824s][debug][gc,phases      ] GC(93) Scavenge 2.427ms
[1359.824s][debug][gc,ref         ] GC(93) Skipped phase 1 of Reference Processing: no references
[1359.824s][debug][gc,ref         ] GC(93) ReferenceProcessor::execute queues: 1, RefProcThreadModel::Single, marks_oops_alive: false
[1359.824s][debug][gc,ref         ] GC(93) Skipped phase 3 of Reference Processing: no references
[1359.824s][debug][gc,ref         ] GC(93) Skipped phase 4 of Reference Processing: no references
[1359.824s][debug][gc,phases      ] GC(93) Reference Processing 0.097ms
[1359.824s][debug][gc,phases      ] GC(93)   VM Weak                        Min:  0.0, Avg:  0.0, Max:  0.0, Diff:  0.0, Sum:  0.0, Workers: 4
[1359.824s][debug][gc,phases      ] GC(93)     Dead                           Min: 0, Avg:  0.0, Max: 0, Diff: 0, Sum: 0, Workers: 4
[1359.824s][debug][gc,phases      ] GC(93)     Total                          Min: 0, Avg: 179.0, Max: 640, Diff: 640, Sum: 716, Workers: 4
[1359.824s][debug][gc,phases      ] GC(93)   ObjectSynchronizer Weak        Min:  0.0, Avg:  0.0, Max:  0.0, Diff:  0.0, Sum:  0.0, Workers: 4
[1359.824s][debug][gc,phases      ] GC(93)     Dead                           Min: 0, Avg:  0.0, Max: 0, Diff: 0, Sum: 0, Workers: 4
[1359.824s][debug][gc,phases      ] GC(93)     Total                          Min: 0, Avg: 12.0, Max: 48, Diff: 48, Sum: 48, Workers: 4
[1359.824s][debug][gc,phases      ] GC(93)   JVMTI Tag Weak OopStorage      Min:  0.0, Avg:  0.0, Max:  0.0, Diff:  0.0, Sum:  0.0, Workers: 4
[1359.824s][debug][gc,phases      ] GC(93)     Dead                           Min: 0, Avg:  0.0, Max: 0, Diff: 0, Sum: 0, Workers: 4
[1359.824s][debug][gc,phases      ] GC(93)     Total                          Min: 0, Avg:  0.0, Max: 0, Diff: 0, Sum: 0, Workers: 4
[1359.824s][debug][gc,phases      ] GC(93)   StringTable Weak               Min:  0.1, Avg:  0.1, Max:  0.1, Diff:  0.0, Sum:  0.4, Workers: 4
[1359.824s][debug][gc,phases      ] GC(93)     Dead                           Min: 0, Avg:  0.0, Max: 0, Diff: 0, Sum: 0, Workers: 4
[1359.824s][debug][gc,phases      ] GC(93)     Total                          Min: 10192, Avg: 10788.0, Max: 11456, Diff: 1264, Sum: 43152, Workers: 4
[1359.824s][debug][gc,phases      ] GC(93)   ResolvedMethodTable Weak       Min:  0.0, Avg:  0.0, Max:  0.0, Diff:  0.0, Sum:  0.1, Workers: 4
[1359.824s][debug][gc,phases      ] GC(93)     Dead                           Min: 0, Avg:  0.0, Max: 0, Diff: 0, Sum: 0, Workers: 4
[1359.824s][debug][gc,phases      ] GC(93)     Total                          Min: 2071, Avg: 2165.8, Max: 2304, Diff: 233, Sum: 8663, Workers: 4
[1359.824s][debug][gc,phases      ] GC(93)   JNI Weak                       Min:  0.0, Avg:  0.0, Max:  0.0, Diff:  0.0, Sum:  0.0, Workers: 4
[1359.824s][debug][gc,phases      ] GC(93)     Dead                           Min: 0, Avg:  0.0, Max: 0, Diff: 0, Sum: 0, Workers: 4
[1359.824s][debug][gc,phases      ] GC(93)     Total                          Min: 0, Avg: 11.2, Max: 45, Diff: 45, Sum: 45, Workers: 4
[1359.824s][debug][gc,phases      ] GC(93)   StringDedup Table Weak         Min:  0.0, Avg:  0.0, Max:  0.0, Diff:  0.0, Sum:  0.0, Workers: 4
[1359.824s][debug][gc,phases      ] GC(93)     Dead                           Min: 0, Avg:  0.0, Max: 0, Diff: 0, Sum: 0, Workers: 4
[1359.824s][debug][gc,phases      ] GC(93)     Total                          Min: 0, Avg:  0.0, Max: 0, Diff: 0, Sum: 0, Workers: 4
[1359.824s][debug][gc,phases      ] GC(93)   StringDedup Requests0 Weak     Min:  0.0, Avg:  0.0, Max:  0.0, Diff:  0.0, Sum:  0.0, Workers: 4
[1359.824s][debug][gc,phases      ] GC(93)     Dead                           Min: 0, Avg:  0.0, Max: 0, Diff: 0, Sum: 0, Workers: 4
[1359.824s][debug][gc,phases      ] GC(93)     Total                          Min: 0, Avg:  0.0, Max: 0, Diff: 0, Sum: 0, Workers: 4
[1359.825s][debug][gc,phases      ] GC(93)   StringDedup Requests1 Weak     Min:  0.0, Avg:  0.0, Max:  0.0, Diff:  0.0, Sum:  0.0, Workers: 4
[1359.825s][debug][gc,phases      ] GC(93)     Dead                           Min: 0, Avg:  0.0, Max: 0, Diff: 0, Sum: 0, Workers: 4
[1359.825s][debug][gc,phases      ] GC(93)     Total                          Min: 0, Avg:  0.0, Max: 0, Diff: 0, Sum: 0, Workers: 4
[1359.825s][debug][gc,phases      ] GC(93)   Weak JFR Old Object Samples    Min:  0.0, Avg:  0.0, Max:  0.0, Diff:  0.0, Sum:  0.0, Workers: 4
[1359.825s][debug][gc,phases      ] GC(93)     Dead                           Min: 0, Avg:  0.0, Max: 0, Diff: 0, Sum: 0, Workers: 4
[1359.825s][debug][gc,phases      ] GC(93)     Total                          Min: 0, Avg:  0.0, Max: 0, Diff: 0, Sum: 0, Workers: 4
[1359.825s][debug][gc,phases      ] GC(93) Weak Processing 0.274ms
[1359.825s][debug][gc,age         ] GC(93) Desired survivor size 17825792 bytes, new threshold 15 (max threshold 15)
[1359.825s][info ][gc,heap        ] GC(93) PSYoungGen: 2060480K(2078720K)->1664K(2077184K) Eden: 2058752K(2058752K)->0K(2058752K) From: 1728K(19968K)->1664K(18432K)
[1359.825s][info ][gc,heap        ] GC(93) ParOldGen: 334266K(387072K)->334306K(387072K)
[1359.825s][info ][gc,metaspace   ] GC(93) Metaspace: 79101K(80000K)->79101K(80000K) NonClass: 67780K(68224K)->67780K(68224K) Class: 11321K(11776K)->11321K(11776K)
[1359.825s][info ][gc             ] GC(93) Pause Young (Allocation Failure) 2338M->328M(2406M) 2.913ms
[1359.825s][info ][gc,cpu         ] GC(93) User=0.01s Sys=0.00s Real=0.00s
[1359.825s][info ][safepoint      ] Safepoint "ParallelGCFailedAllocation", Time since last: 21097877981 ns, Reaching safepoint: 99701 ns, At safepoint: 2985104 ns, Total: 3084805 ns
[1370.825s][info ][safepoint      ] Safepoint "Cleanup", Time since last: 11000719747 ns, Reaching safepoint: 37200 ns, At safepoint: 24200 ns, Total: 61400 ns
[1372.826s][info ][safepoint      ] Safepoint "Cleanup", Time since last: 2000161117 ns, Reaching safepoint: 39400 ns, At safepoint: 13700 ns, Total: 53100 ns
[1380.767s][info ][gc,start       ] GC(94) Pause Young (Allocation Failure)
[1380.770s][debug][gc,phases      ] GC(94) Scavenge 2.802ms
[1380.770s][debug][gc,ref         ] GC(94) Skipped phase 1 of Reference Processing: no references
[1380.770s][debug][gc,ref         ] GC(94) ReferenceProcessor::execute queues: 1, RefProcThreadModel::Single, marks_oops_alive: false
[1380.770s][debug][gc,ref         ] GC(94) Skipped phase 3 of Reference Processing: no references
[1380.770s][debug][gc,ref         ] GC(94) Skipped phase 4 of Reference Processing: no references
[1380.770s][debug][gc,phases      ] GC(94) Reference Processing 0.084ms
[1380.770s][debug][gc,phases      ] GC(94)   VM Weak                        Min:  0.0, Avg:  0.0, Max:  0.0, Diff:  0.0, Sum:  0.0, Workers: 4
[1380.770s][debug][gc,phases      ] GC(94)     Dead                           Min: 0, Avg:  0.0, Max: 0, Diff: 0, Sum: 0, Workers: 4
[1380.770s][debug][gc,phases      ] GC(94)     Total                          Min: 0, Avg: 179.0, Max: 576, Diff: 576, Sum: 716, Workers: 4
[1380.770s][debug][gc,phases      ] GC(94)   ObjectSynchronizer Weak        Min:  0.0, Avg:  0.0, Max:  0.0, Diff:  0.0, Sum:  0.0, Workers: 4
[1380.770s][debug][gc,phases      ] GC(94)     Dead                           Min: 0, Avg:  0.0, Max: 0, Diff: 0, Sum: 0, Workers: 4
[1380.770s][debug][gc,phases      ] GC(94)     Total                          Min: 0, Avg: 12.0, Max: 48, Diff: 48, Sum: 48, Workers: 4
[1380.770s][debug][gc,phases      ] GC(94)   JVMTI Tag Weak OopStorage      Min:  0.0, Avg:  0.0, Max:  0.0, Diff:  0.0, Sum:  0.0, Workers: 4
[1380.771s][debug][gc,phases      ] GC(94)     Dead                           Min: 0, Avg:  0.0, Max: 0, Diff: 0, Sum: 0, Workers: 4
[1380.771s][debug][gc,phases      ] GC(94)     Total                          Min: 0, Avg:  0.0, Max: 0, Diff: 0, Sum: 0, Workers: 4
[1380.771s][debug][gc,phases      ] GC(94)   StringTable Weak               Min:  0.0, Avg:  0.1, Max:  0.1, Diff:  0.1, Sum:  0.4, Workers: 4
[1380.771s][debug][gc,phases      ] GC(94)     Dead                           Min: 0, Avg:  0.0, Max: 0, Diff: 0, Sum: 0, Workers: 4
[1380.771s][debug][gc,phases      ] GC(94)     Total                          Min: 0, Avg: 10788.0, Max: 16576, Diff: 16576, Sum: 43152, Workers: 4
[1380.771s][debug][gc,phases      ] GC(94)   ResolvedMethodTable Weak       Min:  0.0, Avg:  0.0, Max:  0.0, Diff:  0.0, Sum:  0.1, Workers: 4
[1380.771s][debug][gc,phases      ] GC(94)     Dead                           Min: 0, Avg:  0.0, Max: 0, Diff: 0, Sum: 0, Workers: 4
[1380.771s][debug][gc,phases      ] GC(94)     Total                          Min: 0, Avg: 2165.8, Max: 3799, Diff: 3799, Sum: 8663, Workers: 4
[1380.771s][debug][gc,phases      ] GC(94)   JNI Weak                       Min:  0.0, Avg:  0.0, Max:  0.0, Diff:  0.0, Sum:  0.0, Workers: 4
[1380.771s][debug][gc,phases      ] GC(94)     Dead                           Min: 0, Avg:  0.0, Max: 0, Diff: 0, Sum: 0, Workers: 4
[1380.771s][debug][gc,phases      ] GC(94)     Total                          Min: 0, Avg: 11.2, Max: 45, Diff: 45, Sum: 45, Workers: 4
[1380.771s][debug][gc,phases      ] GC(94)   StringDedup Table Weak         Min:  0.0, Avg:  0.0, Max:  0.0, Diff:  0.0, Sum:  0.0, Workers: 4
[1380.771s][debug][gc,phases      ] GC(94)     Dead                           Min: 0, Avg:  0.0, Max: 0, Diff: 0, Sum: 0, Workers: 4
[1380.771s][debug][gc,phases      ] GC(94)     Total                          Min: 0, Avg:  0.0, Max: 0, Diff: 0, Sum: 0, Workers: 4
[1380.771s][debug][gc,phases      ] GC(94)   StringDedup Requests0 Weak     Min:  0.0, Avg:  0.0, Max:  0.0, Diff:  0.0, Sum:  0.0, Workers: 4
[1380.771s][debug][gc,phases      ] GC(94)     Dead                           Min: 0, Avg:  0.0, Max: 0, Diff: 0, Sum: 0, Workers: 4
[1380.771s][debug][gc,phases      ] GC(94)     Total                          Min: 0, Avg:  0.0, Max: 0, Diff: 0, Sum: 0, Workers: 4
[1380.771s][debug][gc,phases      ] GC(94)   StringDedup Requests1 Weak     Min:  0.0, Avg:  0.0, Max:  0.0, Diff:  0.0, Sum:  0.0, Workers: 4
[1380.771s][debug][gc,phases      ] GC(94)     Dead                           Min: 0, Avg:  0.0, Max: 0, Diff: 0, Sum: 0, Workers: 4
[1380.771s][debug][gc,phases      ] GC(94)     Total                          Min: 0, Avg:  0.0, Max: 0, Diff: 0, Sum: 0, Workers: 4
[1380.771s][debug][gc,phases      ] GC(94)   Weak JFR Old Object Samples    Min:  0.0, Avg:  0.0, Max:  0.0, Diff:  0.0, Sum:  0.0, Workers: 4
[1380.771s][debug][gc,phases      ] GC(94)     Dead                           Min: 0, Avg:  0.0, Max: 0, Diff: 0, Sum: 0, Workers: 4
[1380.771s][debug][gc,phases      ] GC(94)     Total                          Min: 0, Avg:  0.0, Max: 0, Diff: 0, Sum: 0, Workers: 4
[1380.771s][debug][gc,phases      ] GC(94) Weak Processing 0.323ms
[1380.771s][debug][gc,age         ] GC(94) Desired survivor size 16777216 bytes, new threshold 15 (max threshold 15)
[1380.771s][info ][gc,heap        ] GC(94) PSYoungGen: 2060416K(2077184K)->1632K(2080768K) Eden: 2058752K(2058752K)->0K(2063360K) From: 1664K(18432K)->1632K(17408K)
[1380.771s][info ][gc,heap        ] GC(94) ParOldGen: 334306K(387072K)->334362K(387072K)
[1380.771s][info ][gc,metaspace   ] GC(94) Metaspace: 79102K(80000K)->79102K(80000K) NonClass: 67781K(68224K)->67781K(68224K) Class: 11321K(11776K)->11321K(11776K)
[1380.771s][info ][gc             ] GC(94) Pause Young (Allocation Failure) 2338M->328M(2410M) 3.308ms
[1380.771s][info ][gc,cpu         ] GC(94) User=0.01s Sys=0.00s Real=0.00s
[1380.771s][info ][safepoint      ] Safepoint "ParallelGCFailedAllocation", Time since last: 7941638686 ns, Reaching safepoint: 29600 ns, At safepoint: 3387405 ns, Total: 3417005 ns
[1381.771s][info ][safepoint      ] Safepoint "Cleanup", Time since last: 1000082258 ns, Reaching safepoint: 115600 ns, At safepoint: 7500 ns, Total: 123100 ns
[1398.772s][info ][safepoint      ] Safepoint "Cleanup", Time since last: 17001296482 ns, Reaching safepoint: 134300 ns, At safepoint: 6100 ns, Total: 140400 ns
[1401.773s][info ][safepoint      ] Safepoint "ParallelGCFailedAllocation", Time since last: 3000131272 ns, Reaching safepoint: 98600 ns, At safepoint: 42400 ns, Total: 141000 ns
[1401.773s][info ][gc,start       ] GC(95) Pause Young (GCLocker Initiated GC)
[1401.776s][debug][gc,phases      ] GC(95) Scavenge 2.793ms
[1401.776s][debug][gc,ref         ] GC(95) Skipped phase 1 of Reference Processing: no references
[1401.776s][debug][gc,ref         ] GC(95) ReferenceProcessor::execute queues: 1, RefProcThreadModel::Single, marks_oops_alive: false
[1401.776s][debug][gc,ref         ] GC(95) Skipped phase 3 of Reference Processing: no references
[1401.776s][debug][gc,ref         ] GC(95) Skipped phase 4 of Reference Processing: no references
[1401.776s][debug][gc,phases      ] GC(95) Reference Processing 0.093ms
[1401.776s][debug][gc,phases      ] GC(95)   VM Weak                        Min:  0.0, Avg:  0.0, Max:  0.0, Diff:  0.0, Sum:  0.0, Workers: 4
[1401.776s][debug][gc,phases      ] GC(95)     Dead                           Min: 0, Avg:  0.0, Max: 0, Diff: 0, Sum: 0, Workers: 4
[1401.776s][debug][gc,phases      ] GC(95)     Total                          Min: 0, Avg: 179.0, Max: 640, Diff: 640, Sum: 716, Workers: 4
[1401.776s][debug][gc,phases      ] GC(95)   ObjectSynchronizer Weak        Min:  0.0, Avg:  0.0, Max:  0.0, Diff:  0.0, Sum:  0.0, Workers: 4
[1401.776s][debug][gc,phases      ] GC(95)     Dead                           Min: 0, Avg:  0.0, Max: 0, Diff: 0, Sum: 0, Workers: 4
[1401.776s][debug][gc,phases      ] GC(95)     Total                          Min: 0, Avg: 12.0, Max: 48, Diff: 48, Sum: 48, Workers: 4
[1401.776s][debug][gc,phases      ] GC(95)   JVMTI Tag Weak OopStorage      Min:  0.0, Avg:  0.0, Max:  0.0, Diff:  0.0, Sum:  0.0, Workers: 4
[1401.776s][debug][gc,phases      ] GC(95)     Dead                           Min: 0, Avg:  0.0, Max: 0, Diff: 0, Sum: 0, Workers: 4
[1401.776s][debug][gc,phases      ] GC(95)     Total                          Min: 0, Avg:  0.0, Max: 0, Diff: 0, Sum: 0, Workers: 4
[1401.776s][debug][gc,phases      ] GC(95)   StringTable Weak               Min:  0.1, Avg:  0.1, Max:  0.1, Diff:  0.0, Sum:  0.5, Workers: 4
[1401.776s][debug][gc,phases      ] GC(95)     Dead                           Min: 0, Avg:  0.0, Max: 0, Diff: 0, Sum: 0, Workers: 4
[1401.776s][debug][gc,phases      ] GC(95)     Total                          Min: 7808, Avg: 10788.2, Max: 12480, Diff: 4672, Sum: 43153, Workers: 4
[1401.776s][debug][gc,phases      ] GC(95)   ResolvedMethodTable Weak       Min:  0.0, Avg:  0.0, Max:  0.0, Diff:  0.0, Sum:  0.1, Workers: 4
[1401.776s][debug][gc,phases      ] GC(95)     Dead                           Min: 0, Avg:  0.0, Max: 0, Diff: 0, Sum: 0, Workers: 4
[1401.776s][debug][gc,phases      ] GC(95)     Total                          Min: 2071, Avg: 2165.8, Max: 2240, Diff: 169, Sum: 8663, Workers: 4
[1401.776s][debug][gc,phases      ] GC(95)   JNI Weak                       Min:  0.0, Avg:  0.0, Max:  0.0, Diff:  0.0, Sum:  0.0, Workers: 4
[1401.776s][debug][gc,phases      ] GC(95)     Dead                           Min: 0, Avg:  0.0, Max: 0, Diff: 0, Sum: 0, Workers: 4
[1401.776s][debug][gc,phases      ] GC(95)     Total                          Min: 0, Avg: 11.2, Max: 45, Diff: 45, Sum: 45, Workers: 4
[1401.776s][debug][gc,phases      ] GC(95)   StringDedup Table Weak         Min:  0.0, Avg:  0.0, Max:  0.0, Diff:  0.0, Sum:  0.0, Workers: 4
[1401.776s][debug][gc,phases      ] GC(95)     Dead                           Min: 0, Avg:  0.0, Max: 0, Diff: 0, Sum: 0, Workers: 4
[1401.776s][debug][gc,phases      ] GC(95)     Total                          Min: 0, Avg:  0.0, Max: 0, Diff: 0, Sum: 0, Workers: 4
[1401.776s][debug][gc,phases      ] GC(95)   StringDedup Requests0 Weak     Min:  0.0, Avg:  0.0, Max:  0.0, Diff:  0.0, Sum:  0.0, Workers: 4
[1401.776s][debug][gc,phases      ] GC(95)     Dead                           Min: 0, Avg:  0.0, Max: 0, Diff: 0, Sum: 0, Workers: 4
[1401.776s][debug][gc,phases      ] GC(95)     Total                          Min: 0, Avg:  0.0, Max: 0, Diff: 0, Sum: 0, Workers: 4
[1401.776s][debug][gc,phases      ] GC(95)   StringDedup Requests1 Weak     Min:  0.0, Avg:  0.0, Max:  0.0, Diff:  0.0, Sum:  0.0, Workers: 4
[1401.776s][debug][gc,phases      ] GC(95)     Dead                           Min: 0, Avg:  0.0, Max: 0, Diff: 0, Sum: 0, Workers: 4
[1401.776s][debug][gc,phases      ] GC(95)     Total                          Min: 0, Avg:  0.0, Max: 0, Diff: 0, Sum: 0, Workers: 4
[1401.776s][debug][gc,phases      ] GC(95)   Weak JFR Old Object Samples    Min:  0.0, Avg:  0.0, Max:  0.0, Diff:  0.0, Sum:  0.0, Workers: 4
[1401.776s][debug][gc,phases      ] GC(95)     Dead                           Min: 0, Avg:  0.0, Max: 0, Diff: 0, Sum: 0, Workers: 4
[1401.776s][debug][gc,phases      ] GC(95)     Total                          Min: 0, Avg:  0.0, Max: 0, Diff: 0, Sum: 0, Workers: 4
[1401.776s][debug][gc,phases      ] GC(95) Weak Processing 0.306ms
[1401.776s][debug][gc,age         ] GC(95) Desired survivor size 15728640 bytes, new threshold 15 (max threshold 15)
[1401.776s][info ][gc,heap        ] GC(95) PSYoungGen: 2064992K(2080768K)->1568K(2079744K) Eden: 2063360K(2063360K)->0K(2063360K) From: 1632K(17408K)->1568K(16384K)
[1401.776s][info ][gc,heap        ] GC(95) ParOldGen: 334362K(387072K)->334491K(387072K)
[1401.776s][info ][gc,metaspace   ] GC(95) Metaspace: 79119K(80064K)->79119K(80064K) NonClass: 67797K(68288K)->67797K(68288K) Class: 11321K(11776K)->11321K(11776K)
[1401.776s][info ][gc             ] GC(95) Pause Young (GCLocker Initiated GC) 2343M->328M(2409M) 3.267ms
[1401.776s][info ][gc,cpu         ] GC(95) User=0.01s Sys=0.00s Real=0.00s
[1401.776s][info ][safepoint      ] Safepoint "ParallelGCSystemGC", Time since last: 75100 ns, Reaching safepoint: 84800 ns, At safepoint: 3324705 ns, Total: 3409505 ns
[1412.777s][info ][safepoint      ] Safepoint "Cleanup", Time since last: 11000695527 ns, Reaching safepoint: 41200 ns, At safepoint: 2300 ns, Total: 43500 ns
[1414.777s][info ][safepoint      ] Safepoint "Cleanup", Time since last: 2000177414 ns, Reaching safepoint: 49800 ns, At safepoint: 2600 ns, Total: 52400 ns
[1423.022s][info ][gc,start       ] GC(96) Pause Young (Allocation Failure)
[1423.026s][debug][gc,phases      ] GC(96) Scavenge 3.823ms
[1423.026s][debug][gc,ref         ] GC(96) Skipped phase 1 of Reference Processing: no references
[1423.026s][debug][gc,ref         ] GC(96) ReferenceProcessor::execute queues: 1, RefProcThreadModel::Single, marks_oops_alive: false
[1423.026s][debug][gc,ref         ] GC(96) Skipped phase 3 of Reference Processing: no references
[1423.026s][debug][gc,ref         ] GC(96) Skipped phase 4 of Reference Processing: no references
[1423.026s][debug][gc,phases      ] GC(96) Reference Processing 0.080ms
[1423.026s][debug][gc,phases      ] GC(96)   VM Weak                        Min:  0.0, Avg:  0.0, Max:  0.0, Diff:  0.0, Sum:  0.0, Workers: 4
[1423.026s][debug][gc,phases      ] GC(96)     Dead                           Min: 0, Avg:  0.0, Max: 0, Diff: 0, Sum: 0, Workers: 4
[1423.026s][debug][gc,phases      ] GC(96)     Total                          Min: 0, Avg: 179.0, Max: 716, Diff: 716, Sum: 716, Workers: 4
[1423.026s][debug][gc,phases      ] GC(96)   ObjectSynchronizer Weak        Min:  0.0, Avg:  0.0, Max:  0.0, Diff:  0.0, Sum:  0.0, Workers: 4
[1423.026s][debug][gc,phases      ] GC(96)     Dead                           Min: 0, Avg:  0.0, Max: 0, Diff: 0, Sum: 0, Workers: 4
[1423.026s][debug][gc,phases      ] GC(96)     Total                          Min: 0, Avg: 12.0, Max: 48, Diff: 48, Sum: 48, Workers: 4
[1423.026s][debug][gc,phases      ] GC(96)   JVMTI Tag Weak OopStorage      Min:  0.0, Avg:  0.0, Max:  0.0, Diff:  0.0, Sum:  0.0, Workers: 4
[1423.026s][debug][gc,phases      ] GC(96)     Dead                           Min: 0, Avg:  0.0, Max: 0, Diff: 0, Sum: 0, Workers: 4
[1423.026s][debug][gc,phases      ] GC(96)     Total                          Min: 0, Avg:  0.0, Max: 0, Diff: 0, Sum: 0, Workers: 4
[1423.026s][debug][gc,phases      ] GC(96)   StringTable Weak               Min:  0.1, Avg:  0.1, Max:  0.1, Diff:  0.0, Sum:  0.4, Workers: 4
[1423.026s][debug][gc,phases      ] GC(96)     Dead                           Min: 0, Avg:  0.0, Max: 0, Diff: 0, Sum: 0, Workers: 4
[1423.026s][debug][gc,phases      ] GC(96)     Total                          Min: 9280, Avg: 10788.5, Max: 11712, Diff: 2432, Sum: 43154, Workers: 4
[1423.026s][debug][gc,phases      ] GC(96)   ResolvedMethodTable Weak       Min:  0.0, Avg:  0.0, Max:  0.0, Diff:  0.0, Sum:  0.1, Workers: 4
[1423.026s][debug][gc,phases      ] GC(96)     Dead                           Min: 0, Avg:  0.0, Max: 0, Diff: 0, Sum: 0, Workers: 4
[1423.026s][debug][gc,phases      ] GC(96)     Total                          Min: 2112, Avg: 2165.8, Max: 2240, Diff: 128, Sum: 8663, Workers: 4
[1423.026s][debug][gc,phases      ] GC(96)   JNI Weak                       Min:  0.0, Avg:  0.0, Max:  0.0, Diff:  0.0, Sum:  0.0, Workers: 4
[1423.026s][debug][gc,phases      ] GC(96)     Dead                           Min: 0, Avg:  0.0, Max: 0, Diff: 0, Sum: 0, Workers: 4
[1423.026s][debug][gc,phases      ] GC(96)     Total                          Min: 0, Avg: 11.2, Max: 45, Diff: 45, Sum: 45, Workers: 4
[1423.026s][debug][gc,phases      ] GC(96)   StringDedup Table Weak         Min:  0.0, Avg:  0.0, Max:  0.0, Diff:  0.0, Sum:  0.0, Workers: 4
[1423.026s][debug][gc,phases      ] GC(96)     Dead                           Min: 0, Avg:  0.0, Max: 0, Diff: 0, Sum: 0, Workers: 4
[1423.026s][debug][gc,phases      ] GC(96)     Total                          Min: 0, Avg:  0.0, Max: 0, Diff: 0, Sum: 0, Workers: 4
[1423.026s][debug][gc,phases      ] GC(96)   StringDedup Requests0 Weak     Min:  0.0, Avg:  0.0, Max:  0.0, Diff:  0.0, Sum:  0.0, Workers: 4
[1423.026s][debug][gc,phases      ] GC(96)     Dead                           Min: 0, Avg:  0.0, Max: 0, Diff: 0, Sum: 0, Workers: 4
[1423.026s][debug][gc,phases      ] GC(96)     Total                          Min: 0, Avg:  0.0, Max: 0, Diff: 0, Sum: 0, Workers: 4
[1423.026s][debug][gc,phases      ] GC(96)   StringDedup Requests1 Weak     Min:  0.0, Avg:  0.0, Max:  0.0, Diff:  0.0, Sum:  0.0, Workers: 4
[1423.026s][debug][gc,phases      ] GC(96)     Dead                           Min: 0, Avg:  0.0, Max: 0, Diff: 0, Sum: 0, Workers: 4
[1423.026s][debug][gc,phases      ] GC(96)     Total                          Min: 0, Avg:  0.0, Max: 0, Diff: 0, Sum: 0, Workers: 4
[1423.026s][debug][gc,phases      ] GC(96)   Weak JFR Old Object Samples    Min:  0.0, Avg:  0.0, Max:  0.0, Diff:  0.0, Sum:  0.0, Workers: 4
[1423.026s][debug][gc,phases      ] GC(96)     Dead                           Min: 0, Avg:  0.0, Max: 0, Diff: 0, Sum: 0, Workers: 4
[1423.026s][debug][gc,phases      ] GC(96)     Total                          Min: 0, Avg:  0.0, Max: 0, Diff: 0, Sum: 0, Workers: 4
[1423.026s][debug][gc,phases      ] GC(96) Weak Processing 0.299ms
[1423.026s][debug][gc,age         ] GC(96) Desired survivor size 14680064 bytes, new threshold 15 (max threshold 15)
[1423.026s][info ][gc,heap        ] GC(96) PSYoungGen: 2064928K(2079744K)->1408K(2082816K) Eden: 2063360K(2063360K)->0K(2067456K) From: 1568K(16384K)->1408K(15360K)
[1423.026s][info ][gc,heap        ] GC(96) ParOldGen: 334495K(387072K)->334535K(387072K)
[1423.026s][info ][gc,metaspace   ] GC(96) Metaspace: 79125K(80064K)->79125K(80064K) NonClass: 67804K(68288K)->67804K(68288K) Class: 11321K(11776K)->11321K(11776K)
[1423.026s][info ][gc             ] GC(96) Pause Young (Allocation Failure) 2343M->328M(2412M) 4.295ms
[1423.026s][info ][gc,cpu         ] GC(96) User=0.00s Sys=0.01s Real=0.01s
[1423.026s][info ][safepoint      ] Safepoint "ParallelGCFailedAllocation", Time since last: 8244953983 ns, Reaching safepoint: 94501 ns, At safepoint: 4353605 ns, Total: 4448106 ns
[1444.317s][info ][gc,start       ] GC(97) Pause Young (Allocation Failure)
[1444.320s][debug][gc,phases      ] GC(97) Scavenge 3.489ms
[1444.320s][debug][gc,ref         ] GC(97) Skipped phase 1 of Reference Processing: no references
[1444.321s][debug][gc,ref         ] GC(97) ReferenceProcessor::execute queues: 1, RefProcThreadModel::Single, marks_oops_alive: false
[1444.321s][debug][gc,ref         ] GC(97) Skipped phase 3 of Reference Processing: no references
[1444.321s][debug][gc,ref         ] GC(97) Skipped phase 4 of Reference Processing: no references
[1444.321s][debug][gc,phases      ] GC(97) Reference Processing 0.083ms
[1444.321s][debug][gc,phases      ] GC(97)   VM Weak                        Min:  0.0, Avg:  0.0, Max:  0.0, Diff:  0.0, Sum:  0.0, Workers: 4
[1444.321s][debug][gc,phases      ] GC(97)     Dead                           Min: 0, Avg:  0.0, Max: 0, Diff: 0, Sum: 0, Workers: 4
[1444.321s][debug][gc,phases      ] GC(97)     Total                          Min: 0, Avg: 179.0, Max: 716, Diff: 716, Sum: 716, Workers: 4
[1444.321s][debug][gc,phases      ] GC(97)   ObjectSynchronizer Weak        Min:  0.0, Avg:  0.0, Max:  0.0, Diff:  0.0, Sum:  0.0, Workers: 4
[1444.321s][debug][gc,phases      ] GC(97)     Dead                           Min: 0, Avg:  0.0, Max: 0, Diff: 0, Sum: 0, Workers: 4
[1444.321s][debug][gc,phases      ] GC(97)     Total                          Min: 0, Avg: 12.0, Max: 48, Diff: 48, Sum: 48, Workers: 4
[1444.321s][debug][gc,phases      ] GC(97)   JVMTI Tag Weak OopStorage      Min:  0.0, Avg:  0.0, Max:  0.0, Diff:  0.0, Sum:  0.0, Workers: 4
[1444.321s][debug][gc,phases      ] GC(97)     Dead                           Min: 0, Avg:  0.0, Max: 0, Diff: 0, Sum: 0, Workers: 4
[1444.321s][debug][gc,phases      ] GC(97)     Total                          Min: 0, Avg:  0.0, Max: 0, Diff: 0, Sum: 0, Workers: 4
[1444.321s][debug][gc,phases      ] GC(97)   StringTable Weak               Min:  0.1, Avg:  0.1, Max:  0.1, Diff:  0.0, Sum:  0.4, Workers: 4
[1444.321s][debug][gc,phases      ] GC(97)     Dead                           Min: 0, Avg:  0.0, Max: 0, Diff: 0, Sum: 0, Workers: 4
[1444.321s][debug][gc,phases      ] GC(97)     Total                          Min: 10560, Avg: 10788.8, Max: 11072, Diff: 512, Sum: 43155, Workers: 4
[1444.321s][debug][gc,phases      ] GC(97)   ResolvedMethodTable Weak       Min:  0.0, Avg:  0.0, Max:  0.0, Diff:  0.0, Sum:  0.1, Workers: 4
[1444.321s][debug][gc,phases      ] GC(97)     Dead                           Min: 0, Avg:  0.0, Max: 0, Diff: 0, Sum: 0, Workers: 4
[1444.321s][debug][gc,phases      ] GC(97)     Total                          Min: 2112, Avg: 2165.8, Max: 2199, Diff: 87, Sum: 8663, Workers: 4
[1444.321s][debug][gc,phases      ] GC(97)   JNI Weak                       Min:  0.0, Avg:  0.0, Max:  0.0, Diff:  0.0, Sum:  0.0, Workers: 4
[1444.321s][debug][gc,phases      ] GC(97)     Dead                           Min: 0, Avg:  0.0, Max: 0, Diff: 0, Sum: 0, Workers: 4
[1444.321s][debug][gc,phases      ] GC(97)     Total                          Min: 0, Avg: 11.2, Max: 45, Diff: 45, Sum: 45, Workers: 4
[1444.321s][debug][gc,phases      ] GC(97)   StringDedup Table Weak         Min:  0.0, Avg:  0.0, Max:  0.0, Diff:  0.0, Sum:  0.0, Workers: 4
[1444.321s][debug][gc,phases      ] GC(97)     Dead                           Min: 0, Avg:  0.0, Max: 0, Diff: 0, Sum: 0, Workers: 4
[1444.321s][debug][gc,phases      ] GC(97)     Total                          Min: 0, Avg:  0.0, Max: 0, Diff: 0, Sum: 0, Workers: 4
[1444.321s][debug][gc,phases      ] GC(97)   StringDedup Requests0 Weak     Min:  0.0, Avg:  0.0, Max:  0.0, Diff:  0.0, Sum:  0.0, Workers: 4
[1444.321s][debug][gc,phases      ] GC(97)     Dead                           Min: 0, Avg:  0.0, Max: 0, Diff: 0, Sum: 0, Workers: 4
[1444.321s][debug][gc,phases      ] GC(97)     Total                          Min: 0, Avg:  0.0, Max: 0, Diff: 0, Sum: 0, Workers: 4
[1444.321s][debug][gc,phases      ] GC(97)   StringDedup Requests1 Weak     Min:  0.0, Avg:  0.0, Max:  0.0, Diff:  0.0, Sum:  0.0, Workers: 4
[1444.321s][debug][gc,phases      ] GC(97)     Dead                           Min: 0, Avg:  0.0, Max: 0, Diff: 0, Sum: 0, Workers: 4
[1444.321s][debug][gc,phases      ] GC(97)     Total                          Min: 0, Avg:  0.0, Max: 0, Diff: 0, Sum: 0, Workers: 4
[1444.321s][debug][gc,phases      ] GC(97)   Weak JFR Old Object Samples    Min:  0.0, Avg:  0.0, Max:  0.0, Diff:  0.0, Sum:  0.0, Workers: 4
[1444.321s][debug][gc,phases      ] GC(97)     Dead                           Min: 0, Avg:  0.0, Max: 0, Diff: 0, Sum: 0, Workers: 4
[1444.321s][debug][gc,phases      ] GC(97)     Total                          Min: 0, Avg:  0.0, Max: 0, Diff: 0, Sum: 0, Workers: 4
[1444.321s][debug][gc,phases      ] GC(97) Weak Processing 0.274ms
[1444.321s][debug][gc,age         ] GC(97) Desired survivor size 13631488 bytes, new threshold 15 (max threshold 15)
[1444.321s][info ][gc,heap        ] GC(97) PSYoungGen: 2068864K(2082816K)->1536K(2081792K) Eden: 2067456K(2067456K)->0K(2067456K) From: 1408K(15360K)->1536K(14336K)
[1444.321s][info ][gc,heap        ] GC(97) ParOldGen: 334535K(387072K)->334631K(387072K)
[1444.321s][info ][gc,metaspace   ] GC(97) Metaspace: 79128K(80064K)->79128K(80064K) NonClass: 67806K(68288K)->67806K(68288K) Class: 11321K(11776K)->11321K(11776K)
[1444.321s][info ][gc             ] GC(97) Pause Young (Allocation Failure) 2347M->328M(2411M) 3.944ms
[1444.321s][info ][gc,cpu         ] GC(97) User=0.01s Sys=0.00s Real=0.01s
[1444.321s][info ][safepoint      ] Safepoint "ParallelGCFailedAllocation", Time since last: 21290423967 ns, Reaching safepoint: 48000 ns, At safepoint: 4003106 ns, Total: 4051106 ns
[1447.321s][info ][safepoint      ] Safepoint "Cleanup", Time since last: 3000226866 ns, Reaching safepoint: 125000 ns, At safepoint: 7100 ns, Total: 132100 ns
[1448.321s][info ][safepoint      ] Safepoint "Cleanup", Time since last: 1000107156 ns, Reaching safepoint: 108000 ns, At safepoint: 10700 ns, Total: 118700 ns
[1449.322s][info ][safepoint      ] Safepoint "Cleanup", Time since last: 1000107156 ns, Reaching safepoint: 110800 ns, At safepoint: 6400 ns, Total: 117200 ns
[1450.322s][info ][safepoint      ] Safepoint "Cleanup", Time since last: 1000120855 ns, Reaching safepoint: 97400 ns, At safepoint: 3900 ns, Total: 101300 ns
[1464.822s][info ][gc,start       ] GC(98) Pause Young (Allocation Failure)
[1464.825s][debug][gc,phases      ] GC(98) Scavenge 2.825ms
[1464.825s][debug][gc,ref         ] GC(98) Skipped phase 1 of Reference Processing: no references
[1464.825s][debug][gc,ref         ] GC(98) ReferenceProcessor::execute queues: 1, RefProcThreadModel::Single, marks_oops_alive: false
[1464.825s][debug][gc,ref         ] GC(98) Skipped phase 3 of Reference Processing: no references
[1464.825s][debug][gc,ref         ] GC(98) Skipped phase 4 of Reference Processing: no references
[1464.825s][debug][gc,phases      ] GC(98) Reference Processing 0.081ms
[1464.825s][debug][gc,phases      ] GC(98)   VM Weak                        Min:  0.0, Avg:  0.0, Max:  0.0, Diff:  0.0, Sum:  0.0, Workers: 4
[1464.825s][debug][gc,phases      ] GC(98)     Dead                           Min: 0, Avg:  0.0, Max: 0, Diff: 0, Sum: 0, Workers: 4
[1464.825s][debug][gc,phases      ] GC(98)     Total                          Min: 0, Avg: 179.0, Max: 716, Diff: 716, Sum: 716, Workers: 4
[1464.825s][debug][gc,phases      ] GC(98)   ObjectSynchronizer Weak        Min:  0.0, Avg:  0.0, Max:  0.0, Diff:  0.0, Sum:  0.0, Workers: 4
[1464.825s][debug][gc,phases      ] GC(98)     Dead                           Min: 0, Avg:  0.0, Max: 0, Diff: 0, Sum: 0, Workers: 4
[1464.825s][debug][gc,phases      ] GC(98)     Total                          Min: 0, Avg: 12.0, Max: 48, Diff: 48, Sum: 48, Workers: 4
[1464.825s][debug][gc,phases      ] GC(98)   JVMTI Tag Weak OopStorage      Min:  0.0, Avg:  0.0, Max:  0.0, Diff:  0.0, Sum:  0.0, Workers: 4
[1464.825s][debug][gc,phases      ] GC(98)     Dead                           Min: 0, Avg:  0.0, Max: 0, Diff: 0, Sum: 0, Workers: 4
[1464.825s][debug][gc,phases      ] GC(98)     Total                          Min: 0, Avg:  0.0, Max: 0, Diff: 0, Sum: 0, Workers: 4
[1464.825s][debug][gc,phases      ] GC(98)   StringTable Weak               Min:  0.1, Avg:  0.1, Max:  0.1, Diff:  0.0, Sum:  0.4, Workers: 4
[1464.825s][debug][gc,phases      ] GC(98)     Dead                           Min: 0, Avg:  0.0, Max: 0, Diff: 0, Sum: 0, Workers: 4
[1464.825s][debug][gc,phases      ] GC(98)     Total                          Min: 9408, Avg: 10788.8, Max: 11520, Diff: 2112, Sum: 43155, Workers: 4
[1464.825s][debug][gc,phases      ] GC(98)   ResolvedMethodTable Weak       Min:  0.0, Avg:  0.0, Max:  0.0, Diff:  0.0, Sum:  0.1, Workers: 4
[1464.825s][debug][gc,phases      ] GC(98)     Dead                           Min: 0, Avg:  0.0, Max: 0, Diff: 0, Sum: 0, Workers: 4
[1464.825s][debug][gc,phases      ] GC(98)     Total                          Min: 2071, Avg: 2165.8, Max: 2240, Diff: 169, Sum: 8663, Workers: 4
[1464.825s][debug][gc,phases      ] GC(98)   JNI Weak                       Min:  0.0, Avg:  0.0, Max:  0.0, Diff:  0.0, Sum:  0.0, Workers: 4
[1464.825s][debug][gc,phases      ] GC(98)     Dead                           Min: 0, Avg:  0.0, Max: 0, Diff: 0, Sum: 0, Workers: 4
[1464.825s][debug][gc,phases      ] GC(98)     Total                          Min: 0, Avg: 11.2, Max: 45, Diff: 45, Sum: 45, Workers: 4
[1464.825s][debug][gc,phases      ] GC(98)   StringDedup Table Weak         Min:  0.0, Avg:  0.0, Max:  0.0, Diff:  0.0, Sum:  0.0, Workers: 4
[1464.825s][debug][gc,phases      ] GC(98)     Dead                           Min: 0, Avg:  0.0, Max: 0, Diff: 0, Sum: 0, Workers: 4
[1464.825s][debug][gc,phases      ] GC(98)     Total                          Min: 0, Avg:  0.0, Max: 0, Diff: 0, Sum: 0, Workers: 4
[1464.825s][debug][gc,phases      ] GC(98)   StringDedup Requests0 Weak     Min:  0.0, Avg:  0.0, Max:  0.0, Diff:  0.0, Sum:  0.0, Workers: 4
[1464.825s][debug][gc,phases      ] GC(98)     Dead                           Min: 0, Avg:  0.0, Max: 0, Diff: 0, Sum: 0, Workers: 4
[1464.825s][debug][gc,phases      ] GC(98)     Total                          Min: 0, Avg:  0.0, Max: 0, Diff: 0, Sum: 0, Workers: 4
[1464.825s][debug][gc,phases      ] GC(98)   StringDedup Requests1 Weak     Min:  0.0, Avg:  0.0, Max:  0.0, Diff:  0.0, Sum:  0.0, Workers: 4
[1464.825s][debug][gc,phases      ] GC(98)     Dead                           Min: 0, Avg:  0.0, Max: 0, Diff: 0, Sum: 0, Workers: 4
[1464.825s][debug][gc,phases      ] GC(98)     Total                          Min: 0, Avg:  0.0, Max: 0, Diff: 0, Sum: 0, Workers: 4
[1464.825s][debug][gc,phases      ] GC(98)   Weak JFR Old Object Samples    Min:  0.0, Avg:  0.0, Max:  0.0, Diff:  0.0, Sum:  0.0, Workers: 4
[1464.825s][debug][gc,phases      ] GC(98)     Dead                           Min: 0, Avg:  0.0, Max: 0, Diff: 0, Sum: 0, Workers: 4
[1464.825s][debug][gc,phases      ] GC(98)     Total                          Min: 0, Avg:  0.0, Max: 0, Diff: 0, Sum: 0, Workers: 4
[1464.825s][debug][gc,phases      ] GC(98) Weak Processing 0.278ms
[1464.825s][debug][gc,age         ] GC(98) Desired survivor size 12582912 bytes, new threshold 15 (max threshold 15)
[1464.825s][info ][gc,heap        ] GC(98) PSYoungGen: 2068992K(2081792K)->1504K(2084864K) Eden: 2067456K(2067456K)->0K(2071552K) From: 1536K(14336K)->1504K(13312K)
[1464.825s][info ][gc,heap        ] GC(98) ParOldGen: 334631K(387072K)->334671K(387072K)
[1464.825s][info ][gc,metaspace   ] GC(98) Metaspace: 79152K(80064K)->79152K(80064K) NonClass: 67831K(68288K)->67831K(68288K) Class: 11321K(11776K)->11321K(11776K)
[1464.825s][info ][gc             ] GC(98) Pause Young (Allocation Failure) 2347M->328M(2414M) 3.278ms
[1464.825s][info ][gc,cpu         ] GC(98) User=0.01s Sys=0.00s Real=0.00s
[1464.825s][info ][safepoint      ] Safepoint "ParallelGCFailedAllocation", Time since last: 14499784547 ns, Reaching safepoint: 98100 ns, At safepoint: 3340804 ns, Total: 3438904 ns
[1470.826s][info ][safepoint      ] Safepoint "Cleanup", Time since last: 6000351028 ns, Reaching safepoint: 44000 ns, At safepoint: 2100 ns, Total: 46100 ns
[1478.826s][info ][safepoint      ] Safepoint "Cleanup", Time since last: 8000526135 ns, Reaching safepoint: 33900 ns, At safepoint: 2800 ns, Total: 36700 ns
[1486.018s][info ][gc,start       ] GC(99) Pause Young (Allocation Failure)
[1486.022s][debug][gc,phases      ] GC(99) Scavenge 3.987ms
[1486.022s][debug][gc,ref         ] GC(99) Skipped phase 1 of Reference Processing: no references
[1486.022s][debug][gc,ref         ] GC(99) ReferenceProcessor::execute queues: 1, RefProcThreadModel::Single, marks_oops_alive: false
[1486.022s][debug][gc,ref         ] GC(99) Skipped phase 3 of Reference Processing: no references
[1486.022s][debug][gc,ref         ] GC(99) Skipped phase 4 of Reference Processing: no references
[1486.022s][debug][gc,phases      ] GC(99) Reference Processing 0.083ms
[1486.022s][debug][gc,phases      ] GC(99)   VM Weak                        Min:  0.0, Avg:  0.0, Max:  0.0, Diff:  0.0, Sum:  0.0, Workers: 4
[1486.022s][debug][gc,phases      ] GC(99)     Dead                           Min: 0, Avg:  0.0, Max: 0, Diff: 0, Sum: 0, Workers: 4
[1486.022s][debug][gc,phases      ] GC(99)     Total                          Min: 0, Avg: 179.0, Max: 512, Diff: 512, Sum: 716, Workers: 4
[1486.022s][debug][gc,phases      ] GC(99)   ObjectSynchronizer Weak        Min:  0.0, Avg:  0.0, Max:  0.0, Diff:  0.0, Sum:  0.0, Workers: 4
[1486.022s][debug][gc,phases      ] GC(99)     Dead                           Min: 0, Avg:  0.0, Max: 0, Diff: 0, Sum: 0, Workers: 4
[1486.022s][debug][gc,phases      ] GC(99)     Total                          Min: 0, Avg: 12.0, Max: 48, Diff: 48, Sum: 48, Workers: 4
[1486.022s][debug][gc,phases      ] GC(99)   JVMTI Tag Weak OopStorage      Min:  0.0, Avg:  0.0, Max:  0.0, Diff:  0.0, Sum:  0.0, Workers: 4
[1486.022s][debug][gc,phases      ] GC(99)     Dead                           Min: 0, Avg:  0.0, Max: 0, Diff: 0, Sum: 0, Workers: 4
[1486.022s][debug][gc,phases      ] GC(99)     Total                          Min: 0, Avg:  0.0, Max: 0, Diff: 0, Sum: 0, Workers: 4
[1486.022s][debug][gc,phases      ] GC(99)   StringTable Weak               Min:  0.1, Avg:  0.1, Max:  0.1, Diff:  0.0, Sum:  0.4, Workers: 4
[1486.022s][debug][gc,phases      ] GC(99)     Dead                           Min: 0, Avg:  0.0, Max: 0, Diff: 0, Sum: 0, Workers: 4
[1486.022s][debug][gc,phases      ] GC(99)     Total                          Min: 9107, Avg: 10788.8, Max: 11456, Diff: 2349, Sum: 43155, Workers: 4
[1486.022s][debug][gc,phases      ] GC(99)   ResolvedMethodTable Weak       Min:  0.0, Avg:  0.0, Max:  0.0, Diff:  0.0, Sum:  0.1, Workers: 4
[1486.022s][debug][gc,phases      ] GC(99)     Dead                           Min: 0, Avg:  0.0, Max: 0, Diff: 0, Sum: 0, Workers: 4
[1486.022s][debug][gc,phases      ] GC(99)     Total                          Min: 2048, Avg: 2165.8, Max: 2240, Diff: 192, Sum: 8663, Workers: 4
[1486.022s][debug][gc,phases      ] GC(99)   JNI Weak                       Min:  0.0, Avg:  0.0, Max:  0.0, Diff:  0.0, Sum:  0.0, Workers: 4
[1486.022s][debug][gc,phases      ] GC(99)     Dead                           Min: 0, Avg:  0.0, Max: 0, Diff: 0, Sum: 0, Workers: 4
[1486.022s][debug][gc,phases      ] GC(99)     Total                          Min: 0, Avg: 11.2, Max: 45, Diff: 45, Sum: 45, Workers: 4
[1486.022s][debug][gc,phases      ] GC(99)   StringDedup Table Weak         Min:  0.0, Avg:  0.0, Max:  0.0, Diff:  0.0, Sum:  0.0, Workers: 4
[1486.022s][debug][gc,phases      ] GC(99)     Dead                           Min: 0, Avg:  0.0, Max: 0, Diff: 0, Sum: 0, Workers: 4
[1486.022s][debug][gc,phases      ] GC(99)     Total                          Min: 0, Avg:  0.0, Max: 0, Diff: 0, Sum: 0, Workers: 4
[1486.022s][debug][gc,phases      ] GC(99)   StringDedup Requests0 Weak     Min:  0.0, Avg:  0.0, Max:  0.0, Diff:  0.0, Sum:  0.0, Workers: 4
[1486.022s][debug][gc,phases      ] GC(99)     Dead                           Min: 0, Avg:  0.0, Max: 0, Diff: 0, Sum: 0, Workers: 4
[1486.022s][debug][gc,phases      ] GC(99)     Total                          Min: 0, Avg:  0.0, Max: 0, Diff: 0, Sum: 0, Workers: 4
[1486.022s][debug][gc,phases      ] GC(99)   StringDedup Requests1 Weak     Min:  0.0, Avg:  0.0, Max:  0.0, Diff:  0.0, Sum:  0.0, Workers: 4
[1486.022s][debug][gc,phases      ] GC(99)     Dead                           Min: 0, Avg:  0.0, Max: 0, Diff: 0, Sum: 0, Workers: 4
[1486.022s][debug][gc,phases      ] GC(99)     Total                          Min: 0, Avg:  0.0, Max: 0, Diff: 0, Sum: 0, Workers: 4
[1486.022s][debug][gc,phases      ] GC(99)   Weak JFR Old Object Samples    Min:  0.0, Avg:  0.0, Max:  0.0, Diff:  0.0, Sum:  0.0, Workers: 4
[1486.022s][debug][gc,phases      ] GC(99)     Dead                           Min: 0, Avg:  0.0, Max: 0, Diff: 0, Sum: 0, Workers: 4
[1486.022s][debug][gc,phases      ] GC(99)     Total                          Min: 0, Avg:  0.0, Max: 0, Diff: 0, Sum: 0, Workers: 4
[1486.022s][debug][gc,phases      ] GC(99) Weak Processing 0.338ms
[1486.022s][debug][gc,age         ] GC(99) Desired survivor size 12058624 bytes, new threshold 15 (max threshold 15)
[1486.022s][info ][gc,heap        ] GC(99) PSYoungGen: 2073056K(2084864K)->1504K(2083840K) Eden: 2071552K(2071552K)->0K(2071552K) From: 1504K(13312K)->1504K(12288K)
[1486.022s][info ][gc,heap        ] GC(99) ParOldGen: 334671K(387072K)->334703K(387072K)
[1486.022s][info ][gc,metaspace   ] GC(99) Metaspace: 79161K(80064K)->79161K(80064K) NonClass: 67840K(68288K)->67840K(68288K) Class: 11321K(11776K)->11321K(11776K)
[1486.022s][info ][gc             ] GC(99) Pause Young (Allocation Failure) 2351M->328M(2413M) 4.502ms
[1486.022s][info ][gc,cpu         ] GC(99) User=0.02s Sys=0.00s Real=0.01s
[1486.022s][info ][safepoint      ] Safepoint "ParallelGCFailedAllocation", Time since last: 7191343238 ns, Reaching safepoint: 37900 ns, At safepoint: 4564206 ns, Total: 4602106 ns
[1488.022s][info ][safepoint      ] Safepoint "Cleanup", Time since last: 2000154408 ns, Reaching safepoint: 148300 ns, At safepoint: 7600 ns, Total: 155900 ns
[1505.024s][info ][safepoint      ] Safepoint "Cleanup", Time since last: 17001131512 ns, Reaching safepoint: 42000 ns, At safepoint: 2500 ns, Total: 44500 ns
[1506.719s][info ][gc,start       ] GC(100) Pause Young (Allocation Failure)
[1506.722s][debug][gc,phases      ] GC(100) Scavenge 2.664ms
[1506.722s][debug][gc,ref         ] GC(100) Skipped phase 1 of Reference Processing: no references
[1506.722s][debug][gc,ref         ] GC(100) ReferenceProcessor::execute queues: 1, RefProcThreadModel::Single, marks_oops_alive: false
[1506.722s][debug][gc,ref         ] GC(100) Skipped phase 3 of Reference Processing: no references
[1506.722s][debug][gc,ref         ] GC(100) Skipped phase 4 of Reference Processing: no references
[1506.722s][debug][gc,phases      ] GC(100) Reference Processing 0.079ms
[1506.722s][debug][gc,phases      ] GC(100)   VM Weak                        Min:  0.0, Avg:  0.0, Max:  0.0, Diff:  0.0, Sum:  0.0, Workers: 4
[1506.722s][debug][gc,phases      ] GC(100)     Dead                           Min: 0, Avg:  0.0, Max: 0, Diff: 0, Sum: 0, Workers: 4
[1506.722s][debug][gc,phases      ] GC(100)     Total                          Min: 0, Avg: 179.0, Max: 716, Diff: 716, Sum: 716, Workers: 4
[1506.722s][debug][gc,phases      ] GC(100)   ObjectSynchronizer Weak        Min:  0.0, Avg:  0.0, Max:  0.0, Diff:  0.0, Sum:  0.0, Workers: 4
[1506.722s][debug][gc,phases      ] GC(100)     Dead                           Min: 0, Avg:  0.0, Max: 0, Diff: 0, Sum: 0, Workers: 4
[1506.722s][debug][gc,phases      ] GC(100)     Total                          Min: 0, Avg: 12.0, Max: 48, Diff: 48, Sum: 48, Workers: 4
[1506.722s][debug][gc,phases      ] GC(100)   JVMTI Tag Weak OopStorage      Min:  0.0, Avg:  0.0, Max:  0.0, Diff:  0.0, Sum:  0.0, Workers: 4
[1506.722s][debug][gc,phases      ] GC(100)     Dead                           Min: 0, Avg:  0.0, Max: 0, Diff: 0, Sum: 0, Workers: 4
[1506.722s][debug][gc,phases      ] GC(100)     Total                          Min: 0, Avg:  0.0, Max: 0, Diff: 0, Sum: 0, Workers: 4
[1506.722s][debug][gc,phases      ] GC(100)   StringTable Weak               Min:  0.0, Avg:  0.1, Max:  0.1, Diff:  0.1, Sum:  0.3, Workers: 4
[1506.722s][debug][gc,phases      ] GC(100)     Dead                           Min: 0, Avg:  0.0, Max: 0, Diff: 0, Sum: 0, Workers: 4
[1506.722s][debug][gc,phases      ] GC(100)     Total                          Min: 0, Avg: 10788.8, Max: 18195, Diff: 18195, Sum: 43155, Workers: 4
[1506.722s][debug][gc,phases      ] GC(100)   ResolvedMethodTable Weak       Min:  0.0, Avg:  0.0, Max:  0.0, Diff:  0.0, Sum:  0.1, Workers: 4
[1506.722s][debug][gc,phases      ] GC(100)     Dead                           Min: 0, Avg:  0.0, Max: 0, Diff: 0, Sum: 0, Workers: 4
[1506.722s][debug][gc,phases      ] GC(100)     Total                          Min: 0, Avg: 2165.8, Max: 3991, Diff: 3991, Sum: 8663, Workers: 4
[1506.722s][debug][gc,phases      ] GC(100)   JNI Weak                       Min:  0.0, Avg:  0.0, Max:  0.0, Diff:  0.0, Sum:  0.0, Workers: 4
[1506.722s][debug][gc,phases      ] GC(100)     Dead                           Min: 0, Avg:  0.0, Max: 0, Diff: 0, Sum: 0, Workers: 4
[1506.722s][debug][gc,phases      ] GC(100)     Total                          Min: 0, Avg: 11.2, Max: 45, Diff: 45, Sum: 45, Workers: 4
[1506.722s][debug][gc,phases      ] GC(100)   StringDedup Table Weak         Min:  0.0, Avg:  0.0, Max:  0.0, Diff:  0.0, Sum:  0.0, Workers: 4
[1506.722s][debug][gc,phases      ] GC(100)     Dead                           Min: 0, Avg:  0.0, Max: 0, Diff: 0, Sum: 0, Workers: 4
[1506.722s][debug][gc,phases      ] GC(100)     Total                          Min: 0, Avg:  0.0, Max: 0, Diff: 0, Sum: 0, Workers: 4
[1506.722s][debug][gc,phases      ] GC(100)   StringDedup Requests0 Weak     Min:  0.0, Avg:  0.0, Max:  0.0, Diff:  0.0, Sum:  0.0, Workers: 4
[1506.722s][debug][gc,phases      ] GC(100)     Dead                           Min: 0, Avg:  0.0, Max: 0, Diff: 0, Sum: 0, Workers: 4
[1506.722s][debug][gc,phases      ] GC(100)     Total                          Min: 0, Avg:  0.0, Max: 0, Diff: 0, Sum: 0, Workers: 4
[1506.722s][debug][gc,phases      ] GC(100)   StringDedup Requests1 Weak     Min:  0.0, Avg:  0.0, Max:  0.0, Diff:  0.0, Sum:  0.0, Workers: 4
[1506.722s][debug][gc,phases      ] GC(100)     Dead                           Min: 0, Avg:  0.0, Max: 0, Diff: 0, Sum: 0, Workers: 4
[1506.722s][debug][gc,phases      ] GC(100)     Total                          Min: 0, Avg:  0.0, Max: 0, Diff: 0, Sum: 0, Workers: 4
[1506.722s][debug][gc,phases      ] GC(100)   Weak JFR Old Object Samples    Min:  0.0, Avg:  0.0, Max:  0.0, Diff:  0.0, Sum:  0.0, Workers: 4
[1506.722s][debug][gc,phases      ] GC(100)     Dead                           Min: 0, Avg:  0.0, Max: 0, Diff: 0, Sum: 0, Workers: 4
[1506.722s][debug][gc,phases      ] GC(100)     Total                          Min: 0, Avg:  0.0, Max: 0, Diff: 0, Sum: 0, Workers: 4
[1506.722s][debug][gc,phases      ] GC(100) Weak Processing 0.295ms
[1506.722s][debug][gc,age         ] GC(100) Desired survivor size 11010048 bytes, new threshold 15 (max threshold 15)
[1506.722s][info ][gc,heap        ] GC(100) PSYoungGen: 2073056K(2083840K)->1600K(2086400K) Eden: 2071552K(2071552K)->0K(2074624K) From: 1504K(12288K)->1600K(11776K)
[1506.722s][info ][gc,heap        ] GC(100) ParOldGen: 334703K(387072K)->334735K(387072K)
[1506.722s][info ][gc,metaspace   ] GC(100) Metaspace: 79166K(80064K)->79166K(80064K) NonClass: 67845K(68288K)->67845K(68288K) Class: 11321K(11776K)->11321K(11776K)
[1506.722s][info ][gc             ] GC(100) Pause Young (Allocation Failure) 2351M->328M(2415M) 3.146ms
[1506.722s][info ][gc,cpu         ] GC(100) User=0.00s Sys=0.01s Real=0.00s
[1506.722s][info ][safepoint      ] Safepoint "ParallelGCFailedAllocation", Time since last: 1695137694 ns, Reaching safepoint: 109300 ns, At safepoint: 3206304 ns, Total: 3315604 ns
[1511.722s][info ][safepoint      ] Safepoint "Cleanup", Time since last: 5000312266 ns, Reaching safepoint: 114500 ns, At safepoint: 5701 ns, Total: 120201 ns
[1527.372s][info ][gc,start       ] GC(101) Pause Young (Allocation Failure)
[1527.374s][debug][gc,phases      ] GC(101) Scavenge 2.507ms
[1527.374s][debug][gc,ref         ] GC(101) Skipped phase 1 of Reference Processing: no references
[1527.374s][debug][gc,ref         ] GC(101) ReferenceProcessor::execute queues: 1, RefProcThreadModel::Single, marks_oops_alive: false
[1527.374s][debug][gc,ref         ] GC(101) Skipped phase 3 of Reference Processing: no references
[1527.374s][debug][gc,ref         ] GC(101) Skipped phase 4 of Reference Processing: no references
[1527.374s][debug][gc,phases      ] GC(101) Reference Processing 0.079ms
[1527.374s][debug][gc,phases      ] GC(101)   VM Weak                        Min:  0.0, Avg:  0.0, Max:  0.0, Diff:  0.0, Sum:  0.0, Workers: 4
[1527.374s][debug][gc,phases      ] GC(101)     Dead                           Min: 0, Avg:  0.0, Max: 0, Diff: 0, Sum: 0, Workers: 4
[1527.374s][debug][gc,phases      ] GC(101)     Total                          Min: 0, Avg: 179.0, Max: 716, Diff: 716, Sum: 716, Workers: 4
[1527.374s][debug][gc,phases      ] GC(101)   ObjectSynchronizer Weak        Min:  0.0, Avg:  0.0, Max:  0.0, Diff:  0.0, Sum:  0.0, Workers: 4
[1527.374s][debug][gc,phases      ] GC(101)     Dead                           Min: 0, Avg:  0.0, Max: 0, Diff: 0, Sum: 0, Workers: 4
[1527.374s][debug][gc,phases      ] GC(101)     Total                          Min: 0, Avg: 12.0, Max: 48, Diff: 48, Sum: 48, Workers: 4
[1527.374s][debug][gc,phases      ] GC(101)   JVMTI Tag Weak OopStorage      Min:  0.0, Avg:  0.0, Max:  0.0, Diff:  0.0, Sum:  0.0, Workers: 4
[1527.374s][debug][gc,phases      ] GC(101)     Dead                           Min: 0, Avg:  0.0, Max: 0, Diff: 0, Sum: 0, Workers: 4
[1527.374s][debug][gc,phases      ] GC(101)     Total                          Min: 0, Avg:  0.0, Max: 0, Diff: 0, Sum: 0, Workers: 4
[1527.374s][debug][gc,phases      ] GC(101)   StringTable Weak               Min:  0.1, Avg:  0.1, Max:  0.1, Diff:  0.0, Sum:  0.4, Workers: 4
[1527.374s][debug][gc,phases      ] GC(101)     Dead                           Min: 0, Avg:  0.0, Max: 0, Diff: 0, Sum: 0, Workers: 4
[1527.374s][debug][gc,phases      ] GC(101)     Total                          Min: 10515, Avg: 10788.8, Max: 11072, Diff: 557, Sum: 43155, Workers: 4
[1527.374s][debug][gc,phases      ] GC(101)   ResolvedMethodTable Weak       Min:  0.0, Avg:  0.0, Max:  0.0, Diff:  0.0, Sum:  0.1, Workers: 4
[1527.374s][debug][gc,phases      ] GC(101)     Dead                           Min: 0, Avg:  0.0, Max: 0, Diff: 0, Sum: 0, Workers: 4
[1527.374s][debug][gc,phases      ] GC(101)     Total                          Min: 2135, Avg: 2165.8, Max: 2176, Diff: 41, Sum: 8663, Workers: 4
[1527.374s][debug][gc,phases      ] GC(101)   JNI Weak                       Min:  0.0, Avg:  0.0, Max:  0.0, Diff:  0.0, Sum:  0.0, Workers: 4
[1527.374s][debug][gc,phases      ] GC(101)     Dead                           Min: 0, Avg:  0.0, Max: 0, Diff: 0, Sum: 0, Workers: 4
[1527.374s][debug][gc,phases      ] GC(101)     Total                          Min: 0, Avg: 11.2, Max: 45, Diff: 45, Sum: 45, Workers: 4
[1527.374s][debug][gc,phases      ] GC(101)   StringDedup Table Weak         Min:  0.0, Avg:  0.0, Max:  0.0, Diff:  0.0, Sum:  0.0, Workers: 4
[1527.374s][debug][gc,phases      ] GC(101)     Dead                           Min: 0, Avg:  0.0, Max: 0, Diff: 0, Sum: 0, Workers: 4
[1527.374s][debug][gc,phases      ] GC(101)     Total                          Min: 0, Avg:  0.0, Max: 0, Diff: 0, Sum: 0, Workers: 4
[1527.374s][debug][gc,phases      ] GC(101)   StringDedup Requests0 Weak     Min:  0.0, Avg:  0.0, Max:  0.0, Diff:  0.0, Sum:  0.0, Workers: 4
[1527.374s][debug][gc,phases      ] GC(101)     Dead                           Min: 0, Avg:  0.0, Max: 0, Diff: 0, Sum: 0, Workers: 4
[1527.374s][debug][gc,phases      ] GC(101)     Total                          Min: 0, Avg:  0.0, Max: 0, Diff: 0, Sum: 0, Workers: 4
[1527.374s][debug][gc,phases      ] GC(101)   StringDedup Requests1 Weak     Min:  0.0, Avg:  0.0, Max:  0.0, Diff:  0.0, Sum:  0.0, Workers: 4
[1527.374s][debug][gc,phases      ] GC(101)     Dead                           Min: 0, Avg:  0.0, Max: 0, Diff: 0, Sum: 0, Workers: 4
[1527.374s][debug][gc,phases      ] GC(101)     Total                          Min: 0, Avg:  0.0, Max: 0, Diff: 0, Sum: 0, Workers: 4
[1527.375s][debug][gc,phases      ] GC(101)   Weak JFR Old Object Samples    Min:  0.0, Avg:  0.0, Max:  0.0, Diff:  0.0, Sum:  0.0, Workers: 4
[1527.375s][debug][gc,phases      ] GC(101)     Dead                           Min: 0, Avg:  0.0, Max: 0, Diff: 0, Sum: 0, Workers: 4
[1527.375s][debug][gc,phases      ] GC(101)     Total                          Min: 0, Avg:  0.0, Max: 0, Diff: 0, Sum: 0, Workers: 4
[1527.375s][debug][gc,phases      ] GC(101) Weak Processing 0.280ms
[1527.375s][debug][gc,age         ] GC(101) Desired survivor size 10485760 bytes, new threshold 15 (max threshold 15)
[1527.375s][info ][gc,heap        ] GC(101) PSYoungGen: 2076224K(2086400K)->1568K(2085376K) Eden: 2074624K(2074624K)->0K(2074624K) From: 1600K(11776K)->1568K(10752K)
[1527.375s][info ][gc,heap        ] GC(101) ParOldGen: 334735K(387072K)->334767K(387072K)
[1527.375s][info ][gc,metaspace   ] GC(101) Metaspace: 79172K(80128K)->79172K(80128K) NonClass: 67851K(68352K)->67851K(68352K) Class: 11321K(11776K)->11321K(11776K)
[1527.375s][info ][gc             ] GC(101) Pause Young (Allocation Failure) 2354M->328M(2414M) 2.960ms
[1527.375s][info ][gc,cpu         ] GC(101) User=0.01s Sys=0.00s Real=0.00s
[1527.375s][info ][safepoint      ] Safepoint "ParallelGCFailedAllocation", Time since last: 15649024969 ns, Reaching safepoint: 99100 ns, At safepoint: 3025104 ns, Total: 3124204 ns
[1535.375s][info ][safepoint      ] Safepoint "Cleanup", Time since last: 8000491620 ns, Reaching safepoint: 42500 ns, At safepoint: 17000 ns, Total: 59500 ns
[1548.783s][info ][gc,start       ] GC(102) Pause Young (Allocation Failure)
[1548.788s][debug][gc,phases      ] GC(102) Scavenge 4.579ms
[1548.788s][debug][gc,ref         ] GC(102) Skipped phase 1 of Reference Processing: no references
[1548.788s][debug][gc,ref         ] GC(102) ReferenceProcessor::execute queues: 1, RefProcThreadModel::Single, marks_oops_alive: false
[1548.788s][debug][gc,ref         ] GC(102) Skipped phase 3 of Reference Processing: no references
[1548.788s][debug][gc,ref         ] GC(102) Skipped phase 4 of Reference Processing: no references
[1548.788s][debug][gc,phases      ] GC(102) Reference Processing 0.081ms
[1548.788s][debug][gc,phases      ] GC(102)   VM Weak                        Min:  0.0, Avg:  0.0, Max:  0.0, Diff:  0.0, Sum:  0.0, Workers: 4
[1548.788s][debug][gc,phases      ] GC(102)     Dead                           Min: 0, Avg:  0.0, Max: 0, Diff: 0, Sum: 0, Workers: 4
[1548.788s][debug][gc,phases      ] GC(102)     Total                          Min: 0, Avg: 179.0, Max: 384, Diff: 384, Sum: 716, Workers: 4
[1548.788s][debug][gc,phases      ] GC(102)   ObjectSynchronizer Weak        Min:  0.0, Avg:  0.0, Max:  0.0, Diff:  0.0, Sum:  0.0, Workers: 4
[1548.788s][debug][gc,phases      ] GC(102)     Dead                           Min: 0, Avg:  0.0, Max: 0, Diff: 0, Sum: 0, Workers: 4
[1548.788s][debug][gc,phases      ] GC(102)     Total                          Min: 0, Avg: 12.0, Max: 48, Diff: 48, Sum: 48, Workers: 4
[1548.788s][debug][gc,phases      ] GC(102)   JVMTI Tag Weak OopStorage      Min:  0.0, Avg:  0.0, Max:  0.0, Diff:  0.0, Sum:  0.0, Workers: 4
[1548.788s][debug][gc,phases      ] GC(102)     Dead                           Min: 0, Avg:  0.0, Max: 0, Diff: 0, Sum: 0, Workers: 4
[1548.788s][debug][gc,phases      ] GC(102)     Total                          Min: 0, Avg:  0.0, Max: 0, Diff: 0, Sum: 0, Workers: 4
[1548.788s][debug][gc,phases      ] GC(102)   StringTable Weak               Min:  0.1, Avg:  0.1, Max:  0.1, Diff:  0.0, Sum:  0.4, Workers: 4
[1548.788s][debug][gc,phases      ] GC(102)     Dead                           Min: 0, Avg:  0.0, Max: 0, Diff: 0, Sum: 0, Workers: 4
[1548.788s][debug][gc,phases      ] GC(102)     Total                          Min: 9600, Avg: 10788.8, Max: 11347, Diff: 1747, Sum: 43155, Workers: 4
[1548.788s][debug][gc,phases      ] GC(102)   ResolvedMethodTable Weak       Min:  0.0, Avg:  0.0, Max:  0.0, Diff:  0.0, Sum:  0.1, Workers: 4
[1548.788s][debug][gc,phases      ] GC(102)     Dead                           Min: 0, Avg:  0.0, Max: 0, Diff: 0, Sum: 0, Workers: 4
[1548.788s][debug][gc,phases      ] GC(102)     Total                          Min: 1792, Avg: 2165.8, Max: 2327, Diff: 535, Sum: 8663, Workers: 4
[1548.788s][debug][gc,phases      ] GC(102)   JNI Weak                       Min:  0.0, Avg:  0.0, Max:  0.0, Diff:  0.0, Sum:  0.0, Workers: 4
[1548.788s][debug][gc,phases      ] GC(102)     Dead                           Min: 0, Avg:  0.0, Max: 0, Diff: 0, Sum: 0, Workers: 4
[1548.788s][debug][gc,phases      ] GC(102)     Total                          Min: 0, Avg: 11.2, Max: 45, Diff: 45, Sum: 45, Workers: 4
[1548.788s][debug][gc,phases      ] GC(102)   StringDedup Table Weak         Min:  0.0, Avg:  0.0, Max:  0.0, Diff:  0.0, Sum:  0.0, Workers: 4
[1548.788s][debug][gc,phases      ] GC(102)     Dead                           Min: 0, Avg:  0.0, Max: 0, Diff: 0, Sum: 0, Workers: 4
[1548.788s][debug][gc,phases      ] GC(102)     Total                          Min: 0, Avg:  0.0, Max: 0, Diff: 0, Sum: 0, Workers: 4
[1548.788s][debug][gc,phases      ] GC(102)   StringDedup Requests0 Weak     Min:  0.0, Avg:  0.0, Max:  0.0, Diff:  0.0, Sum:  0.0, Workers: 4
[1548.788s][debug][gc,phases      ] GC(102)     Dead                           Min: 0, Avg:  0.0, Max: 0, Diff: 0, Sum: 0, Workers: 4
[1548.788s][debug][gc,phases      ] GC(102)     Total                          Min: 0, Avg:  0.0, Max: 0, Diff: 0, Sum: 0, Workers: 4
[1548.788s][debug][gc,phases      ] GC(102)   StringDedup Requests1 Weak     Min:  0.0, Avg:  0.0, Max:  0.0, Diff:  0.0, Sum:  0.0, Workers: 4
[1548.788s][debug][gc,phases      ] GC(102)     Dead                           Min: 0, Avg:  0.0, Max: 0, Diff: 0, Sum: 0, Workers: 4
[1548.788s][debug][gc,phases      ] GC(102)     Total                          Min: 0, Avg:  0.0, Max: 0, Diff: 0, Sum: 0, Workers: 4
[1548.788s][debug][gc,phases      ] GC(102)   Weak JFR Old Object Samples    Min:  0.0, Avg:  0.0, Max:  0.0, Diff:  0.0, Sum:  0.0, Workers: 4
[1548.788s][debug][gc,phases      ] GC(102)     Dead                           Min: 0, Avg:  0.0, Max: 0, Diff: 0, Sum: 0, Workers: 4
[1548.788s][debug][gc,phases      ] GC(102)     Total                          Min: 0, Avg:  0.0, Max: 0, Diff: 0, Sum: 0, Workers: 4
[1548.788s][debug][gc,phases      ] GC(102) Weak Processing 0.293ms
[1548.788s][debug][gc,age         ] GC(102) Desired survivor size 9961472 bytes, new threshold 15 (max threshold 15)
[1548.788s][info ][gc,heap        ] GC(102) PSYoungGen: 2076192K(2085376K)->1600K(2087424K) Eden: 2074624K(2074624K)->0K(2077184K) From: 1568K(10752K)->1600K(10240K)
[1548.788s][info ][gc,heap        ] GC(102) ParOldGen: 334767K(387072K)->334791K(387072K)
[1548.788s][info ][gc,metaspace   ] GC(102) Metaspace: 79172K(80128K)->79172K(80128K) NonClass: 67851K(68352K)->67851K(68352K) Class: 11321K(11776K)->11321K(11776K)
[1548.788s][info ][gc             ] GC(102) Pause Young (Allocation Failure) 2354M->328M(2416M) 5.041ms
[1548.788s][info ][gc,cpu         ] GC(102) User=0.02s Sys=0.00s Real=0.01s
[1548.788s][info ][safepoint      ] Safepoint "ParallelGCFailedAllocation", Time since last: 13407891528 ns, Reaching safepoint: 27500 ns, At safepoint: 5111007 ns, Total: 5138507 ns
[1569.969s][info ][gc,start       ] GC(103) Pause Young (Allocation Failure)
[1569.971s][debug][gc,phases      ] GC(103) Scavenge 2.252ms
[1569.971s][debug][gc,ref         ] GC(103) Skipped phase 1 of Reference Processing: no references
[1569.971s][debug][gc,ref         ] GC(103) ReferenceProcessor::execute queues: 1, RefProcThreadModel::Single, marks_oops_alive: false
[1569.971s][debug][gc,ref         ] GC(103) Skipped phase 3 of Reference Processing: no references
[1569.971s][debug][gc,ref         ] GC(103) Skipped phase 4 of Reference Processing: no references
[1569.971s][debug][gc,phases      ] GC(103) Reference Processing 0.120ms
[1569.971s][debug][gc,phases      ] GC(103)   VM Weak                        Min:  0.0, Avg:  0.0, Max:  0.0, Diff:  0.0, Sum:  0.0, Workers: 4
[1569.971s][debug][gc,phases      ] GC(103)     Dead                           Min: 0, Avg:  0.0, Max: 0, Diff: 0, Sum: 0, Workers: 4
[1569.971s][debug][gc,phases      ] GC(103)     Total                          Min: 0, Avg: 179.0, Max: 640, Diff: 640, Sum: 716, Workers: 4
[1569.971s][debug][gc,phases      ] GC(103)   ObjectSynchronizer Weak        Min:  0.0, Avg:  0.0, Max:  0.0, Diff:  0.0, Sum:  0.0, Workers: 4
[1569.971s][debug][gc,phases      ] GC(103)     Dead                           Min: 0, Avg:  0.0, Max: 0, Diff: 0, Sum: 0, Workers: 4
[1569.971s][debug][gc,phases      ] GC(103)     Total                          Min: 0, Avg: 12.0, Max: 48, Diff: 48, Sum: 48, Workers: 4
[1569.971s][debug][gc,phases      ] GC(103)   JVMTI Tag Weak OopStorage      Min:  0.0, Avg:  0.0, Max:  0.0, Diff:  0.0, Sum:  0.0, Workers: 4
[1569.971s][debug][gc,phases      ] GC(103)     Dead                           Min: 0, Avg:  0.0, Max: 0, Diff: 0, Sum: 0, Workers: 4
[1569.971s][debug][gc,phases      ] GC(103)     Total                          Min: 0, Avg:  0.0, Max: 0, Diff: 0, Sum: 0, Workers: 4
[1569.971s][debug][gc,phases      ] GC(103)   StringTable Weak               Min:  0.0, Avg:  0.1, Max:  0.1, Diff:  0.1, Sum:  0.4, Workers: 4
[1569.971s][debug][gc,phases      ] GC(103)     Dead                           Min: 0, Avg:  0.0, Max: 0, Diff: 0, Sum: 0, Workers: 4
[1569.971s][debug][gc,phases      ] GC(103)     Total                          Min: 0, Avg: 10788.8, Max: 14784, Diff: 14784, Sum: 43155, Workers: 4
[1569.972s][debug][gc,phases      ] GC(103)   ResolvedMethodTable Weak       Min:  0.0, Avg:  0.0, Max:  0.0, Diff:  0.0, Sum:  0.1, Workers: 4
[1569.972s][debug][gc,phases      ] GC(103)     Dead                           Min: 0, Avg:  0.0, Max: 0, Diff: 0, Sum: 0, Workers: 4
[1569.972s][debug][gc,phases      ] GC(103)     Total                          Min: 0, Avg: 2165.8, Max: 3840, Diff: 3840, Sum: 8663, Workers: 4
[1569.972s][debug][gc,phases      ] GC(103)   JNI Weak                       Min:  0.0, Avg:  0.0, Max:  0.0, Diff:  0.0, Sum:  0.0, Workers: 4
[1569.972s][debug][gc,phases      ] GC(103)     Dead                           Min: 0, Avg:  0.0, Max: 0, Diff: 0, Sum: 0, Workers: 4
[1569.972s][debug][gc,phases      ] GC(103)     Total                          Min: 0, Avg: 11.2, Max: 45, Diff: 45, Sum: 45, Workers: 4
[1569.972s][debug][gc,phases      ] GC(103)   StringDedup Table Weak         Min:  0.0, Avg:  0.0, Max:  0.0, Diff:  0.0, Sum:  0.0, Workers: 4
[1569.972s][debug][gc,phases      ] GC(103)     Dead                           Min: 0, Avg:  0.0, Max: 0, Diff: 0, Sum: 0, Workers: 4
[1569.972s][debug][gc,phases      ] GC(103)     Total                          Min: 0, Avg:  0.0, Max: 0, Diff: 0, Sum: 0, Workers: 4
[1569.972s][debug][gc,phases      ] GC(103)   StringDedup Requests0 Weak     Min:  0.0, Avg:  0.0, Max:  0.0, Diff:  0.0, Sum:  0.0, Workers: 4
[1569.972s][debug][gc,phases      ] GC(103)     Dead                           Min: 0, Avg:  0.0, Max: 0, Diff: 0, Sum: 0, Workers: 4
[1569.972s][debug][gc,phases      ] GC(103)     Total                          Min: 0, Avg:  0.0, Max: 0, Diff: 0, Sum: 0, Workers: 4
[1569.972s][debug][gc,phases      ] GC(103)   StringDedup Requests1 Weak     Min:  0.0, Avg:  0.0, Max:  0.0, Diff:  0.0, Sum:  0.0, Workers: 4
[1569.972s][debug][gc,phases      ] GC(103)     Dead                           Min: 0, Avg:  0.0, Max: 0, Diff: 0, Sum: 0, Workers: 4
[1569.972s][debug][gc,phases      ] GC(103)     Total                          Min: 0, Avg:  0.0, Max: 0, Diff: 0, Sum: 0, Workers: 4
[1569.972s][debug][gc,phases      ] GC(103)   Weak JFR Old Object Samples    Min:  0.0, Avg:  0.0, Max:  0.0, Diff:  0.0, Sum:  0.0, Workers: 4
[1569.972s][debug][gc,phases      ] GC(103)     Dead                           Min: 0, Avg:  0.0, Max: 0, Diff: 0, Sum: 0, Workers: 4
[1569.972s][debug][gc,phases      ] GC(103)     Total                          Min: 0, Avg:  0.0, Max: 0, Diff: 0, Sum: 0, Workers: 4
[1569.972s][debug][gc,phases      ] GC(103) Weak Processing 0.346ms
[1569.972s][debug][gc,age         ] GC(103) Desired survivor size 8912896 bytes, new threshold 15 (max threshold 15)
[1569.972s][info ][gc,heap        ] GC(103) PSYoungGen: 2078784K(2087424K)->1664K(2086912K) Eden: 2077184K(2077184K)->0K(2077184K) From: 1600K(10240K)->1664K(9728K)
[1569.972s][info ][gc,heap        ] GC(103) ParOldGen: 334791K(387072K)->334815K(387072K)
[1569.972s][info ][gc,metaspace   ] GC(103) Metaspace: 79172K(80128K)->79172K(80128K) NonClass: 67851K(68352K)->67851K(68352K) Class: 11321K(11776K)->11321K(11776K)
[1569.972s][info ][gc             ] GC(103) Pause Young (Allocation Failure) 2357M->328M(2416M) 2.814ms
[1569.972s][info ][gc,cpu         ] GC(103) User=0.01s Sys=0.00s Real=0.00s
[1569.972s][info ][safepoint      ] Safepoint "ParallelGCFailedAllocation", Time since last: 21180582125 ns, Reaching safepoint: 27900 ns, At safepoint: 2873104 ns, Total: 2901004 ns
[1591.022s][info ][safepoint      ] Safepoint "ParallelGCFailedAllocation", Time since last: 21049892435 ns, Reaching safepoint: 94601 ns, At safepoint: 18000 ns, Total: 112601 ns
[1591.022s][info ][gc,start       ] GC(104) Pause Young (GCLocker Initiated GC)
[1591.025s][debug][gc,phases      ] GC(104) Scavenge 2.895ms
[1591.025s][debug][gc,ref         ] GC(104) Skipped phase 1 of Reference Processing: no references
[1591.025s][debug][gc,ref         ] GC(104) ReferenceProcessor::execute queues: 1, RefProcThreadModel::Single, marks_oops_alive: false
[1591.025s][debug][gc,ref         ] GC(104) Skipped phase 3 of Reference Processing: no references
[1591.025s][debug][gc,ref         ] GC(104) Skipped phase 4 of Reference Processing: no references
[1591.025s][debug][gc,phases      ] GC(104) Reference Processing 0.085ms
[1591.025s][debug][gc,phases      ] GC(104)   VM Weak                        Min:  0.0, Avg:  0.0, Max:  0.0, Diff:  0.0, Sum:  0.0, Workers: 4
[1591.025s][debug][gc,phases      ] GC(104)     Dead                           Min: 0, Avg:  0.0, Max: 0, Diff: 0, Sum: 0, Workers: 4
[1591.025s][debug][gc,phases      ] GC(104)     Total                          Min: 0, Avg: 179.0, Max: 716, Diff: 716, Sum: 716, Workers: 4
[1591.025s][debug][gc,phases      ] GC(104)   ObjectSynchronizer Weak        Min:  0.0, Avg:  0.0, Max:  0.0, Diff:  0.0, Sum:  0.0, Workers: 4
[1591.025s][debug][gc,phases      ] GC(104)     Dead                           Min: 0, Avg:  0.0, Max: 0, Diff: 0, Sum: 0, Workers: 4
[1591.025s][debug][gc,phases      ] GC(104)     Total                          Min: 0, Avg: 12.0, Max: 48, Diff: 48, Sum: 48, Workers: 4
[1591.025s][debug][gc,phases      ] GC(104)   JVMTI Tag Weak OopStorage      Min:  0.0, Avg:  0.0, Max:  0.0, Diff:  0.0, Sum:  0.0, Workers: 4
[1591.025s][debug][gc,phases      ] GC(104)     Dead                           Min: 0, Avg:  0.0, Max: 0, Diff: 0, Sum: 0, Workers: 4
[1591.025s][debug][gc,phases      ] GC(104)     Total                          Min: 0, Avg:  0.0, Max: 0, Diff: 0, Sum: 0, Workers: 4
[1591.025s][debug][gc,phases      ] GC(104)   StringTable Weak               Min:  0.1, Avg:  0.1, Max:  0.1, Diff:  0.0, Sum:  0.4, Workers: 4
[1591.025s][debug][gc,phases      ] GC(104)     Dead                           Min: 0, Avg:  0.0, Max: 0, Diff: 0, Sum: 0, Workers: 4
[1591.025s][debug][gc,phases      ] GC(104)     Total                          Min: 9939, Avg: 10788.8, Max: 11584, Diff: 1645, Sum: 43155, Workers: 4
[1591.025s][debug][gc,phases      ] GC(104)   ResolvedMethodTable Weak       Min:  0.0, Avg:  0.0, Max:  0.0, Diff:  0.0, Sum:  0.1, Workers: 4
[1591.025s][debug][gc,phases      ] GC(104)     Dead                           Min: 0, Avg:  0.0, Max: 0, Diff: 0, Sum: 0, Workers: 4
[1591.025s][debug][gc,phases      ] GC(104)     Total                          Min: 2112, Avg: 2165.8, Max: 2263, Diff: 151, Sum: 8663, Workers: 4
[1591.025s][debug][gc,phases      ] GC(104)   JNI Weak                       Min:  0.0, Avg:  0.0, Max:  0.0, Diff:  0.0, Sum:  0.0, Workers: 4
[1591.025s][debug][gc,phases      ] GC(104)     Dead                           Min: 0, Avg:  0.0, Max: 0, Diff: 0, Sum: 0, Workers: 4
[1591.025s][debug][gc,phases      ] GC(104)     Total                          Min: 0, Avg: 11.2, Max: 45, Diff: 45, Sum: 45, Workers: 4
[1591.025s][debug][gc,phases      ] GC(104)   StringDedup Table Weak         Min:  0.0, Avg:  0.0, Max:  0.0, Diff:  0.0, Sum:  0.0, Workers: 4
[1591.025s][debug][gc,phases      ] GC(104)     Dead                           Min: 0, Avg:  0.0, Max: 0, Diff: 0, Sum: 0, Workers: 4
[1591.025s][debug][gc,phases      ] GC(104)     Total                          Min: 0, Avg:  0.0, Max: 0, Diff: 0, Sum: 0, Workers: 4
[1591.025s][debug][gc,phases      ] GC(104)   StringDedup Requests0 Weak     Min:  0.0, Avg:  0.0, Max:  0.0, Diff:  0.0, Sum:  0.0, Workers: 4
[1591.025s][debug][gc,phases      ] GC(104)     Dead                           Min: 0, Avg:  0.0, Max: 0, Diff: 0, Sum: 0, Workers: 4
[1591.025s][debug][gc,phases      ] GC(104)     Total                          Min: 0, Avg:  0.0, Max: 0, Diff: 0, Sum: 0, Workers: 4
[1591.025s][debug][gc,phases      ] GC(104)   StringDedup Requests1 Weak     Min:  0.0, Avg:  0.0, Max:  0.0, Diff:  0.0, Sum:  0.0, Workers: 4
[1591.025s][debug][gc,phases      ] GC(104)     Dead                           Min: 0, Avg:  0.0, Max: 0, Diff: 0, Sum: 0, Workers: 4
[1591.025s][debug][gc,phases      ] GC(104)     Total                          Min: 0, Avg:  0.0, Max: 0, Diff: 0, Sum: 0, Workers: 4
[1591.025s][debug][gc,phases      ] GC(104)   Weak JFR Old Object Samples    Min:  0.0, Avg:  0.0, Max:  0.0, Diff:  0.0, Sum:  0.0, Workers: 4
[1591.025s][debug][gc,phases      ] GC(104)     Dead                           Min: 0, Avg:  0.0, Max: 0, Diff: 0, Sum: 0, Workers: 4
[1591.025s][debug][gc,phases      ] GC(104)     Total                          Min: 0, Avg:  0.0, Max: 0, Diff: 0, Sum: 0, Workers: 4
[1591.025s][debug][gc,phases      ] GC(104) Weak Processing 0.296ms
[1591.025s][debug][gc,age         ] GC(104) Desired survivor size 8388608 bytes, new threshold 15 (max threshold 15)
[1591.025s][info ][gc,heap        ] GC(104) PSYoungGen: 2078848K(2086912K)->1440K(2088960K) Eden: 2077184K(2077184K)->0K(2080256K) From: 1664K(9728K)->1440K(8704K)
[1591.025s][info ][gc,heap        ] GC(104) ParOldGen: 334816K(387072K)->334824K(387072K)
[1591.025s][info ][gc,metaspace   ] GC(104) Metaspace: 79172K(80128K)->79172K(80128K) NonClass: 67851K(68352K)->67851K(68352K) Class: 11321K(11776K)->11321K(11776K)
[1591.025s][info ][gc             ] GC(104) Pause Young (GCLocker Initiated GC) 2357M->328M(2418M) 3.348ms
[1591.025s][info ][gc,cpu         ] GC(104) User=0.01s Sys=0.00s Real=0.00s
[1591.025s][info ][safepoint      ] Safepoint "ParallelGCSystemGC", Time since last: 76200 ns, Reaching safepoint: 84000 ns, At safepoint: 3404804 ns, Total: 3488804 ns
[1594.026s][info ][safepoint      ] Safepoint "Cleanup", Time since last: 3000241452 ns, Reaching safepoint: 98100 ns, At safepoint: 4000 ns, Total: 102100 ns
[1612.219s][info ][gc,start       ] GC(105) Pause Young (Allocation Failure)
[1612.222s][debug][gc,phases      ] GC(105) Scavenge 2.587ms
[1612.222s][debug][gc,ref         ] GC(105) Skipped phase 1 of Reference Processing: no references
[1612.222s][debug][gc,ref         ] GC(105) ReferenceProcessor::execute queues: 1, RefProcThreadModel::Single, marks_oops_alive: false
[1612.222s][debug][gc,ref         ] GC(105) Skipped phase 3 of Reference Processing: no references
[1612.222s][debug][gc,ref         ] GC(105) Skipped phase 4 of Reference Processing: no references
[1612.222s][debug][gc,phases      ] GC(105) Reference Processing 0.082ms
[1612.222s][debug][gc,phases      ] GC(105)   VM Weak                        Min:  0.0, Avg:  0.0, Max:  0.0, Diff:  0.0, Sum:  0.0, Workers: 4
[1612.222s][debug][gc,phases      ] GC(105)     Dead                           Min: 0, Avg:  0.0, Max: 0, Diff: 0, Sum: 0, Workers: 4
[1612.222s][debug][gc,phases      ] GC(105)     Total                          Min: 0, Avg: 179.0, Max: 716, Diff: 716, Sum: 716, Workers: 4
[1612.222s][debug][gc,phases      ] GC(105)   ObjectSynchronizer Weak        Min:  0.0, Avg:  0.0, Max:  0.0, Diff:  0.0, Sum:  0.0, Workers: 4
[1612.222s][debug][gc,phases      ] GC(105)     Dead                           Min: 0, Avg:  0.0, Max: 0, Diff: 0, Sum: 0, Workers: 4
[1612.222s][debug][gc,phases      ] GC(105)     Total                          Min: 0, Avg: 12.0, Max: 48, Diff: 48, Sum: 48, Workers: 4
[1612.222s][debug][gc,phases      ] GC(105)   JVMTI Tag Weak OopStorage      Min:  0.0, Avg:  0.0, Max:  0.0, Diff:  0.0, Sum:  0.0, Workers: 4
[1612.222s][debug][gc,phases      ] GC(105)     Dead                           Min: 0, Avg:  0.0, Max: 0, Diff: 0, Sum: 0, Workers: 4
[1612.222s][debug][gc,phases      ] GC(105)     Total                          Min: 0, Avg:  0.0, Max: 0, Diff: 0, Sum: 0, Workers: 4
[1612.222s][debug][gc,phases      ] GC(105)   StringTable Weak               Min:  0.1, Avg:  0.1, Max:  0.1, Diff:  0.0, Sum:  0.4, Workers: 4
[1612.222s][debug][gc,phases      ] GC(105)     Dead                           Min: 0, Avg:  0.0, Max: 0, Diff: 0, Sum: 0, Workers: 4
[1612.222s][debug][gc,phases      ] GC(105)     Total                          Min: 10624, Avg: 10788.8, Max: 11091, Diff: 467, Sum: 43155, Workers: 4
[1612.222s][debug][gc,phases      ] GC(105)   ResolvedMethodTable Weak       Min:  0.0, Avg:  0.0, Max:  0.0, Diff:  0.0, Sum:  0.1, Workers: 4
[1612.222s][debug][gc,phases      ] GC(105)     Dead                           Min: 0, Avg:  0.0, Max: 0, Diff: 0, Sum: 0, Workers: 4
[1612.222s][debug][gc,phases      ] GC(105)     Total                          Min: 2071, Avg: 2165.8, Max: 2240, Diff: 169, Sum: 8663, Workers: 4
[1612.222s][debug][gc,phases      ] GC(105)   JNI Weak                       Min:  0.0, Avg:  0.0, Max:  0.0, Diff:  0.0, Sum:  0.0, Workers: 4
[1612.222s][debug][gc,phases      ] GC(105)     Dead                           Min: 0, Avg:  0.0, Max: 0, Diff: 0, Sum: 0, Workers: 4
[1612.222s][debug][gc,phases      ] GC(105)     Total                          Min: 0, Avg: 11.2, Max: 45, Diff: 45, Sum: 45, Workers: 4
[1612.222s][debug][gc,phases      ] GC(105)   StringDedup Table Weak         Min:  0.0, Avg:  0.0, Max:  0.0, Diff:  0.0, Sum:  0.0, Workers: 4
[1612.222s][debug][gc,phases      ] GC(105)     Dead                           Min: 0, Avg:  0.0, Max: 0, Diff: 0, Sum: 0, Workers: 4
[1612.222s][debug][gc,phases      ] GC(105)     Total                          Min: 0, Avg:  0.0, Max: 0, Diff: 0, Sum: 0, Workers: 4
[1612.222s][debug][gc,phases      ] GC(105)   StringDedup Requests0 Weak     Min:  0.0, Avg:  0.0, Max:  0.0, Diff:  0.0, Sum:  0.0, Workers: 4
[1612.222s][debug][gc,phases      ] GC(105)     Dead                           Min: 0, Avg:  0.0, Max: 0, Diff: 0, Sum: 0, Workers: 4
[1612.222s][debug][gc,phases      ] GC(105)     Total                          Min: 0, Avg:  0.0, Max: 0, Diff: 0, Sum: 0, Workers: 4
[1612.222s][debug][gc,phases      ] GC(105)   StringDedup Requests1 Weak     Min:  0.0, Avg:  0.0, Max:  0.0, Diff:  0.0, Sum:  0.0, Workers: 4
[1612.222s][debug][gc,phases      ] GC(105)     Dead                           Min: 0, Avg:  0.0, Max: 0, Diff: 0, Sum: 0, Workers: 4
[1612.222s][debug][gc,phases      ] GC(105)     Total                          Min: 0, Avg:  0.0, Max: 0, Diff: 0, Sum: 0, Workers: 4
[1612.222s][debug][gc,phases      ] GC(105)   Weak JFR Old Object Samples    Min:  0.0, Avg:  0.0, Max:  0.0, Diff:  0.0, Sum:  0.0, Workers: 4
[1612.222s][debug][gc,phases      ] GC(105)     Dead                           Min: 0, Avg:  0.0, Max: 0, Diff: 0, Sum: 0, Workers: 4
[1612.222s][debug][gc,phases      ] GC(105)     Total                          Min: 0, Avg:  0.0, Max: 0, Diff: 0, Sum: 0, Workers: 4
[1612.222s][debug][gc,phases      ] GC(105) Weak Processing 0.296ms
[1612.222s][debug][gc,age         ] GC(105) Desired survivor size 7864320 bytes, new threshold 15 (max threshold 15)
[1612.222s][info ][gc,heap        ] GC(105) PSYoungGen: 2081696K(2088960K)->1632K(2088448K) Eden: 2080256K(2080256K)->0K(2080256K) From: 1440K(8704K)->1632K(8192K)
[1612.222s][info ][gc,heap        ] GC(105) ParOldGen: 334826K(387072K)->334850K(387072K)
[1612.222s][info ][gc,metaspace   ] GC(105) Metaspace: 79174K(80128K)->79174K(80128K) NonClass: 67853K(68352K)->67853K(68352K) Class: 11321K(11776K)->11321K(11776K)
[1612.222s][info ][gc             ] GC(105) Pause Young (Allocation Failure) 2359M->328M(2417M) 3.057ms
[1612.222s][info ][gc,cpu         ] GC(105) User=0.01s Sys=0.00s Real=0.00s
[1612.222s][info ][safepoint      ] Safepoint "ParallelGCFailedAllocation", Time since last: 18193371465 ns, Reaching safepoint: 28400 ns, At safepoint: 3113404 ns, Total: 3141804 ns
[1633.051s][info ][gc,start       ] GC(106) Pause Young (Allocation Failure)
[1633.055s][debug][gc,phases      ] GC(106) Scavenge 3.182ms
[1633.055s][debug][gc,ref         ] GC(106) Skipped phase 1 of Reference Processing: no references
[1633.055s][debug][gc,ref         ] GC(106) ReferenceProcessor::execute queues: 1, RefProcThreadModel::Single, marks_oops_alive: false
[1633.055s][debug][gc,ref         ] GC(106) Skipped phase 3 of Reference Processing: no references
[1633.055s][debug][gc,ref         ] GC(106) ReferenceProcessor::execute queues: 1, RefProcThreadModel::Single, marks_oops_alive: false
[1633.055s][debug][gc,phases      ] GC(106) Reference Processing 0.093ms
[1633.055s][debug][gc,phases      ] GC(106)   VM Weak                        Min:  0.0, Avg:  0.0, Max:  0.0, Diff:  0.0, Sum:  0.0, Workers: 4
[1633.055s][debug][gc,phases      ] GC(106)     Dead                           Min: 0, Avg:  0.0, Max: 0, Diff: 0, Sum: 0, Workers: 4
[1633.055s][debug][gc,phases      ] GC(106)     Total                          Min: 0, Avg: 179.0, Max: 716, Diff: 716, Sum: 716, Workers: 4
[1633.055s][debug][gc,phases      ] GC(106)   ObjectSynchronizer Weak        Min:  0.0, Avg:  0.0, Max:  0.0, Diff:  0.0, Sum:  0.0, Workers: 4
[1633.055s][debug][gc,phases      ] GC(106)     Dead                           Min: 0, Avg:  0.0, Max: 0, Diff: 0, Sum: 0, Workers: 4
[1633.055s][debug][gc,phases      ] GC(106)     Total                          Min: 0, Avg: 12.0, Max: 48, Diff: 48, Sum: 48, Workers: 4
[1633.055s][debug][gc,phases      ] GC(106)   JVMTI Tag Weak OopStorage      Min:  0.0, Avg:  0.0, Max:  0.0, Diff:  0.0, Sum:  0.0, Workers: 4
[1633.055s][debug][gc,phases      ] GC(106)     Dead                           Min: 0, Avg:  0.0, Max: 0, Diff: 0, Sum: 0, Workers: 4
[1633.055s][debug][gc,phases      ] GC(106)     Total                          Min: 0, Avg:  0.0, Max: 0, Diff: 0, Sum: 0, Workers: 4
[1633.055s][debug][gc,phases      ] GC(106)   StringTable Weak               Min:  0.1, Avg:  0.1, Max:  0.1, Diff:  0.0, Sum:  0.4, Workers: 4
[1633.055s][debug][gc,phases      ] GC(106)     Dead                           Min: 0, Avg:  0.0, Max: 0, Diff: 0, Sum: 0, Workers: 4
[1633.055s][debug][gc,phases      ] GC(106)     Total                          Min: 10304, Avg: 10788.8, Max: 11328, Diff: 1024, Sum: 43155, Workers: 4
[1633.055s][debug][gc,phases      ] GC(106)   ResolvedMethodTable Weak       Min:  0.0, Avg:  0.0, Max:  0.0, Diff:  0.0, Sum:  0.1, Workers: 4
[1633.055s][debug][gc,phases      ] GC(106)     Dead                           Min: 0, Avg:  0.0, Max: 0, Diff: 0, Sum: 0, Workers: 4
[1633.055s][debug][gc,phases      ] GC(106)     Total                          Min: 2071, Avg: 2165.8, Max: 2240, Diff: 169, Sum: 8663, Workers: 4
[1633.055s][debug][gc,phases      ] GC(106)   JNI Weak                       Min:  0.0, Avg:  0.0, Max:  0.0, Diff:  0.0, Sum:  0.0, Workers: 4
[1633.055s][debug][gc,phases      ] GC(106)     Dead                           Min: 0, Avg:  0.0, Max: 0, Diff: 0, Sum: 0, Workers: 4
[1633.055s][debug][gc,phases      ] GC(106)     Total                          Min: 0, Avg: 11.2, Max: 45, Diff: 45, Sum: 45, Workers: 4
[1633.055s][debug][gc,phases      ] GC(106)   StringDedup Table Weak         Min:  0.0, Avg:  0.0, Max:  0.0, Diff:  0.0, Sum:  0.0, Workers: 4
[1633.055s][debug][gc,phases      ] GC(106)     Dead                           Min: 0, Avg:  0.0, Max: 0, Diff: 0, Sum: 0, Workers: 4
[1633.055s][debug][gc,phases      ] GC(106)     Total                          Min: 0, Avg:  0.0, Max: 0, Diff: 0, Sum: 0, Workers: 4
[1633.055s][debug][gc,phases      ] GC(106)   StringDedup Requests0 Weak     Min:  0.0, Avg:  0.0, Max:  0.0, Diff:  0.0, Sum:  0.0, Workers: 4
[1633.055s][debug][gc,phases      ] GC(106)     Dead                           Min: 0, Avg:  0.0, Max: 0, Diff: 0, Sum: 0, Workers: 4
[1633.055s][debug][gc,phases      ] GC(106)     Total                          Min: 0, Avg:  0.0, Max: 0, Diff: 0, Sum: 0, Workers: 4
[1633.055s][debug][gc,phases      ] GC(106)   StringDedup Requests1 Weak     Min:  0.0, Avg:  0.0, Max:  0.0, Diff:  0.0, Sum:  0.0, Workers: 4
[1633.055s][debug][gc,phases      ] GC(106)     Dead                           Min: 0, Avg:  0.0, Max: 0, Diff: 0, Sum: 0, Workers: 4
[1633.055s][debug][gc,phases      ] GC(106)     Total                          Min: 0, Avg:  0.0, Max: 0, Diff: 0, Sum: 0, Workers: 4
[1633.055s][debug][gc,phases      ] GC(106)   Weak JFR Old Object Samples    Min:  0.0, Avg:  0.0, Max:  0.0, Diff:  0.0, Sum:  0.0, Workers: 4
[1633.055s][debug][gc,phases      ] GC(106)     Dead                           Min: 0, Avg:  0.0, Max: 0, Diff: 0, Sum: 0, Workers: 4
[1633.055s][debug][gc,phases      ] GC(106)     Total                          Min: 0, Avg:  0.0, Max: 0, Diff: 0, Sum: 0, Workers: 4
[1633.055s][debug][gc,phases      ] GC(106) Weak Processing 0.269ms
[1633.055s][debug][gc,age         ] GC(106) Desired survivor size 7340032 bytes, new threshold 15 (max threshold 15)
[1633.055s][info ][gc,heap        ] GC(106) PSYoungGen: 2081888K(2088448K)->1632K(2089984K) Eden: 2080256K(2080256K)->0K(2082304K) From: 1632K(8192K)->1632K(7680K)
[1633.055s][info ][gc,heap        ] GC(106) ParOldGen: 334850K(387072K)->334890K(387072K)
[1633.055s][info ][gc,metaspace   ] GC(106) Metaspace: 79174K(80128K)->79174K(80128K) NonClass: 67853K(68352K)->67853K(68352K) Class: 11321K(11776K)->11321K(11776K)
[1633.055s][info ][gc             ] GC(106) Pause Young (Allocation Failure) 2360M->328M(2419M) 3.635ms
[1633.055s][info ][gc,cpu         ] GC(106) User=0.01s Sys=0.00s Real=0.00s
[1633.055s][info ][safepoint      ] Safepoint "ParallelGCFailedAllocation", Time since last: 20829153413 ns, Reaching safepoint: 102100 ns, At safepoint: 3704405 ns, Total: 3806505 ns
[1641.056s][info ][safepoint      ] Safepoint "Cleanup", Time since last: 8000527695 ns, Reaching safepoint: 52300 ns, At safepoint: 3800 ns, Total: 56100 ns
[1642.056s][info ][safepoint      ] Safepoint "Cleanup", Time since last: 1000069949 ns, Reaching safepoint: 37000 ns, At safepoint: 2900 ns, Total: 39900 ns
[1653.279s][info ][gc,start       ] GC(107) Pause Young (Allocation Failure)
[1653.284s][debug][gc,phases      ] GC(107) Scavenge 4.808ms
[1653.284s][debug][gc,ref         ] GC(107) Skipped phase 1 of Reference Processing: no references
[1653.284s][debug][gc,ref         ] GC(107) ReferenceProcessor::execute queues: 1, RefProcThreadModel::Single, marks_oops_alive: false
[1653.284s][debug][gc,ref         ] GC(107) Skipped phase 3 of Reference Processing: no references
[1653.284s][debug][gc,ref         ] GC(107) ReferenceProcessor::execute queues: 1, RefProcThreadModel::Single, marks_oops_alive: false
[1653.284s][debug][gc,phases      ] GC(107) Reference Processing 0.075ms
[1653.285s][debug][gc,phases      ] GC(107)   VM Weak                        Min:  0.0, Avg:  0.0, Max:  0.0, Diff:  0.0, Sum:  0.0, Workers: 4
[1653.285s][debug][gc,phases      ] GC(107)     Dead                           Min: 0, Avg:  0.0, Max: 0, Diff: 0, Sum: 0, Workers: 4
[1653.285s][debug][gc,phases      ] GC(107)     Total                          Min: 0, Avg: 179.0, Max: 652, Diff: 652, Sum: 716, Workers: 4
[1653.285s][debug][gc,phases      ] GC(107)   ObjectSynchronizer Weak        Min:  0.0, Avg:  0.0, Max:  0.0, Diff:  0.0, Sum:  0.0, Workers: 4
[1653.285s][debug][gc,phases      ] GC(107)     Dead                           Min: 0, Avg:  0.0, Max: 0, Diff: 0, Sum: 0, Workers: 4
[1653.285s][debug][gc,phases      ] GC(107)     Total                          Min: 0, Avg: 12.0, Max: 48, Diff: 48, Sum: 48, Workers: 4
[1653.285s][debug][gc,phases      ] GC(107)   JVMTI Tag Weak OopStorage      Min:  0.0, Avg:  0.0, Max:  0.0, Diff:  0.0, Sum:  0.0, Workers: 4
[1653.285s][debug][gc,phases      ] GC(107)     Dead                           Min: 0, Avg:  0.0, Max: 0, Diff: 0, Sum: 0, Workers: 4
[1653.285s][debug][gc,phases      ] GC(107)     Total                          Min: 0, Avg:  0.0, Max: 0, Diff: 0, Sum: 0, Workers: 4
[1653.285s][debug][gc,phases      ] GC(107)   StringTable Weak               Min:  0.0, Avg:  0.1, Max:  0.2, Diff:  0.2, Sum:  0.4, Workers: 4
[1653.285s][debug][gc,phases      ] GC(107)     Dead                           Min: 0, Avg:  0.0, Max: 0, Diff: 0, Sum: 0, Workers: 4
[1653.285s][debug][gc,phases      ] GC(107)     Total                          Min: 0, Avg: 10788.8, Max: 19008, Diff: 19008, Sum: 43155, Workers: 4
[1653.285s][debug][gc,phases      ] GC(107)   ResolvedMethodTable Weak       Min:  0.0, Avg:  0.1, Max:  0.2, Diff:  0.2, Sum:  0.2, Workers: 4
[1653.285s][debug][gc,phases      ] GC(107)     Dead                           Min: 0, Avg:  0.0, Max: 0, Diff: 0, Sum: 0, Workers: 4
[1653.285s][debug][gc,phases      ] GC(107)     Total                          Min: 0, Avg: 2165.8, Max: 3799, Diff: 3799, Sum: 8663, Workers: 4
[1653.285s][debug][gc,phases      ] GC(107)   JNI Weak                       Min:  0.0, Avg:  0.0, Max:  0.0, Diff:  0.0, Sum:  0.0, Workers: 4
[1653.285s][debug][gc,phases      ] GC(107)     Dead                           Min: 0, Avg:  0.0, Max: 0, Diff: 0, Sum: 0, Workers: 4
[1653.285s][debug][gc,phases      ] GC(107)     Total                          Min: 0, Avg: 11.2, Max: 45, Diff: 45, Sum: 45, Workers: 4
[1653.285s][debug][gc,phases      ] GC(107)   StringDedup Table Weak         Min:  0.0, Avg:  0.0, Max:  0.0, Diff:  0.0, Sum:  0.0, Workers: 4
[1653.285s][debug][gc,phases      ] GC(107)     Dead                           Min: 0, Avg:  0.0, Max: 0, Diff: 0, Sum: 0, Workers: 4
[1653.285s][debug][gc,phases      ] GC(107)     Total                          Min: 0, Avg:  0.0, Max: 0, Diff: 0, Sum: 0, Workers: 4
[1653.285s][debug][gc,phases      ] GC(107)   StringDedup Requests0 Weak     Min:  0.0, Avg:  0.0, Max:  0.0, Diff:  0.0, Sum:  0.0, Workers: 4
[1653.285s][debug][gc,phases      ] GC(107)     Dead                           Min: 0, Avg:  0.0, Max: 0, Diff: 0, Sum: 0, Workers: 4
[1653.285s][debug][gc,phases      ] GC(107)     Total                          Min: 0, Avg:  0.0, Max: 0, Diff: 0, Sum: 0, Workers: 4
[1653.285s][debug][gc,phases      ] GC(107)   StringDedup Requests1 Weak     Min:  0.0, Avg:  0.0, Max:  0.0, Diff:  0.0, Sum:  0.0, Workers: 4
[1653.285s][debug][gc,phases      ] GC(107)     Dead                           Min: 0, Avg:  0.0, Max: 0, Diff: 0, Sum: 0, Workers: 4
[1653.285s][debug][gc,phases      ] GC(107)     Total                          Min: 0, Avg:  0.0, Max: 0, Diff: 0, Sum: 0, Workers: 4
[1653.285s][debug][gc,phases      ] GC(107)   Weak JFR Old Object Samples    Min:  0.0, Avg:  0.0, Max:  0.0, Diff:  0.0, Sum:  0.0, Workers: 4
[1653.285s][debug][gc,phases      ] GC(107)     Dead                           Min: 0, Avg:  0.0, Max: 0, Diff: 0, Sum: 0, Workers: 4
[1653.285s][debug][gc,phases      ] GC(107)     Total                          Min: 0, Avg:  0.0, Max: 0, Diff: 0, Sum: 0, Workers: 4
[1653.285s][debug][gc,phases      ] GC(107) Weak Processing 0.505ms
[1653.285s][debug][gc,age         ] GC(107) Desired survivor size 7340032 bytes, new threshold 15 (max threshold 15)
[1653.285s][info ][gc,heap        ] GC(107) PSYoungGen: 2083936K(2089984K)->1600K(2089472K) Eden: 2082304K(2082304K)->0K(2082304K) From: 1632K(7680K)->1600K(7168K)
[1653.285s][info ][gc,heap        ] GC(107) ParOldGen: 334890K(387072K)->334914K(387072K)
[1653.285s][info ][gc,metaspace   ] GC(107) Metaspace: 79176K(80128K)->79176K(80128K) NonClass: 67855K(68352K)->67855K(68352K) Class: 11321K(11776K)->11321K(11776K)
[1653.285s][info ][gc             ] GC(107) Pause Young (Allocation Failure) 2362M->328M(2418M) 5.481ms
[1653.285s][info ][gc,cpu         ] GC(107) User=0.02s Sys=0.00s Real=0.00s
[1653.285s][info ][safepoint      ] Safepoint "ParallelGCFailedAllocation", Time since last: 11223439941 ns, Reaching safepoint: 43400 ns, At safepoint: 5551607 ns, Total: 5595007 ns
[1673.575s][info ][gc,start       ] GC(108) Pause Young (Allocation Failure)
[1673.578s][debug][gc,phases      ] GC(108) Scavenge 3.236ms
[1673.578s][debug][gc,ref         ] GC(108) Skipped phase 1 of Reference Processing: no references
[1673.578s][debug][gc,ref         ] GC(108) ReferenceProcessor::execute queues: 1, RefProcThreadModel::Single, marks_oops_alive: false
[1673.578s][debug][gc,ref         ] GC(108) Skipped phase 3 of Reference Processing: no references
[1673.578s][debug][gc,ref         ] GC(108) ReferenceProcessor::execute queues: 1, RefProcThreadModel::Single, marks_oops_alive: false
[1673.578s][debug][gc,phases      ] GC(108) Reference Processing 0.083ms
[1673.578s][debug][gc,phases      ] GC(108)   VM Weak                        Min:  0.0, Avg:  0.0, Max:  0.0, Diff:  0.0, Sum:  0.0, Workers: 4
[1673.578s][debug][gc,phases      ] GC(108)     Dead                           Min: 0, Avg:  0.0, Max: 0, Diff: 0, Sum: 0, Workers: 4
[1673.578s][debug][gc,phases      ] GC(108)     Total                          Min: 0, Avg: 179.0, Max: 716, Diff: 716, Sum: 716, Workers: 4
[1673.578s][debug][gc,phases      ] GC(108)   ObjectSynchronizer Weak        Min:  0.0, Avg:  0.0, Max:  0.0, Diff:  0.0, Sum:  0.0, Workers: 4
[1673.578s][debug][gc,phases      ] GC(108)     Dead                           Min: 0, Avg:  0.0, Max: 0, Diff: 0, Sum: 0, Workers: 4
[1673.578s][debug][gc,phases      ] GC(108)     Total                          Min: 0, Avg: 12.0, Max: 48, Diff: 48, Sum: 48, Workers: 4
[1673.578s][debug][gc,phases      ] GC(108)   JVMTI Tag Weak OopStorage      Min:  0.0, Avg:  0.0, Max:  0.0, Diff:  0.0, Sum:  0.0, Workers: 4
[1673.578s][debug][gc,phases      ] GC(108)     Dead                           Min: 0, Avg:  0.0, Max: 0, Diff: 0, Sum: 0, Workers: 4
[1673.578s][debug][gc,phases      ] GC(108)     Total                          Min: 0, Avg:  0.0, Max: 0, Diff: 0, Sum: 0, Workers: 4
[1673.578s][debug][gc,phases      ] GC(108)   StringTable Weak               Min:  0.1, Avg:  0.1, Max:  0.1, Diff:  0.0, Sum:  0.5, Workers: 4
[1673.578s][debug][gc,phases      ] GC(108)     Dead                           Min: 0, Avg:  0.0, Max: 0, Diff: 0, Sum: 0, Workers: 4
[1673.578s][debug][gc,phases      ] GC(108)     Total                          Min: 9984, Avg: 10788.8, Max: 11392, Diff: 1408, Sum: 43155, Workers: 4
[1673.578s][debug][gc,phases      ] GC(108)   ResolvedMethodTable Weak       Min:  0.0, Avg:  0.0, Max:  0.0, Diff:  0.0, Sum:  0.1, Workers: 4
[1673.578s][debug][gc,phases      ] GC(108)     Dead                           Min: 0, Avg:  0.0, Max: 0, Diff: 0, Sum: 0, Workers: 4
[1673.578s][debug][gc,phases      ] GC(108)     Total                          Min: 1600, Avg: 2165.8, Max: 2391, Diff: 791, Sum: 8663, Workers: 4
[1673.578s][debug][gc,phases      ] GC(108)   JNI Weak                       Min:  0.0, Avg:  0.0, Max:  0.0, Diff:  0.0, Sum:  0.0, Workers: 4
[1673.578s][debug][gc,phases      ] GC(108)     Dead                           Min: 0, Avg:  0.0, Max: 0, Diff: 0, Sum: 0, Workers: 4
[1673.578s][debug][gc,phases      ] GC(108)     Total                          Min: 0, Avg: 11.2, Max: 45, Diff: 45, Sum: 45, Workers: 4
[1673.578s][debug][gc,phases      ] GC(108)   StringDedup Table Weak         Min:  0.0, Avg:  0.0, Max:  0.0, Diff:  0.0, Sum:  0.0, Workers: 4
[1673.578s][debug][gc,phases      ] GC(108)     Dead                           Min: 0, Avg:  0.0, Max: 0, Diff: 0, Sum: 0, Workers: 4
[1673.578s][debug][gc,phases      ] GC(108)     Total                          Min: 0, Avg:  0.0, Max: 0, Diff: 0, Sum: 0, Workers: 4
[1673.578s][debug][gc,phases      ] GC(108)   StringDedup Requests0 Weak     Min:  0.0, Avg:  0.0, Max:  0.0, Diff:  0.0, Sum:  0.0, Workers: 4
[1673.578s][debug][gc,phases      ] GC(108)     Dead                           Min: 0, Avg:  0.0, Max: 0, Diff: 0, Sum: 0, Workers: 4
[1673.578s][debug][gc,phases      ] GC(108)     Total                          Min: 0, Avg:  0.0, Max: 0, Diff: 0, Sum: 0, Workers: 4
[1673.578s][debug][gc,phases      ] GC(108)   StringDedup Requests1 Weak     Min:  0.0, Avg:  0.0, Max:  0.0, Diff:  0.0, Sum:  0.0, Workers: 4
[1673.578s][debug][gc,phases      ] GC(108)     Dead                           Min: 0, Avg:  0.0, Max: 0, Diff: 0, Sum: 0, Workers: 4
[1673.578s][debug][gc,phases      ] GC(108)     Total                          Min: 0, Avg:  0.0, Max: 0, Diff: 0, Sum: 0, Workers: 4
[1673.578s][debug][gc,phases      ] GC(108)   Weak JFR Old Object Samples    Min:  0.0, Avg:  0.0, Max:  0.0, Diff:  0.0, Sum:  0.0, Workers: 4
[1673.578s][debug][gc,phases      ] GC(108)     Dead                           Min: 0, Avg:  0.0, Max: 0, Diff: 0, Sum: 0, Workers: 4
[1673.578s][debug][gc,phases      ] GC(108)     Total                          Min: 0, Avg:  0.0, Max: 0, Diff: 0, Sum: 0, Workers: 4
[1673.578s][debug][gc,phases      ] GC(108) Weak Processing 0.290ms
[1673.578s][debug][gc,age         ] GC(108) Desired survivor size 6815744 bytes, new threshold 15 (max threshold 15)
[1673.578s][info ][gc,heap        ] GC(108) PSYoungGen: 2083904K(2089472K)->1664K(2090496K) Eden: 2082304K(2082304K)->0K(2083328K) From: 1600K(7168K)->1664K(7168K)
[1673.578s][info ][gc,heap        ] GC(108) ParOldGen: 334914K(387072K)->334938K(387072K)
[1673.578s][info ][gc,metaspace   ] GC(108) Metaspace: 79176K(80128K)->79176K(80128K) NonClass: 67855K(68352K)->67855K(68352K) Class: 11321K(11776K)->11321K(11776K)
[1673.578s][info ][gc             ] GC(108) Pause Young (Allocation Failure) 2362M->328M(2419M) 3.708ms
[1673.578s][info ][gc,cpu         ] GC(108) User=0.01s Sys=0.00s Real=0.01s
[1673.578s][info ][safepoint      ] Safepoint "ParallelGCFailedAllocation", Time since last: 20289681963 ns, Reaching safepoint: 35900 ns, At safepoint: 3770505 ns, Total: 3806405 ns
[1679.579s][info ][safepoint      ] Safepoint "Cleanup", Time since last: 6000357990 ns, Reaching safepoint: 41201 ns, At safepoint: 32100 ns, Total: 73301 ns
[1690.579s][info ][safepoint      ] Safepoint "Cleanup", Time since last: 11000707529 ns, Reaching safepoint: 50700 ns, At safepoint: 3600 ns, Total: 54300 ns
[1694.224s][info ][gc,start       ] GC(109) Pause Young (Allocation Failure)
[1694.228s][debug][gc,phases      ] GC(109) Scavenge 4.249ms
[1694.228s][debug][gc,ref         ] GC(109) Skipped phase 1 of Reference Processing: no references
[1694.228s][debug][gc,ref         ] GC(109) ReferenceProcessor::execute queues: 1, RefProcThreadModel::Single, marks_oops_alive: false
[1694.228s][debug][gc,ref         ] GC(109) Skipped phase 3 of Reference Processing: no references
[1694.228s][debug][gc,ref         ] GC(109) ReferenceProcessor::execute queues: 1, RefProcThreadModel::Single, marks_oops_alive: false
[1694.228s][debug][gc,phases      ] GC(109) Reference Processing 0.094ms
[1694.229s][debug][gc,phases      ] GC(109)   VM Weak                        Min:  0.0, Avg:  0.0, Max:  0.0, Diff:  0.0, Sum:  0.0, Workers: 4
[1694.229s][debug][gc,phases      ] GC(109)     Dead                           Min: 0, Avg:  0.0, Max: 0, Diff: 0, Sum: 0, Workers: 4
[1694.229s][debug][gc,phases      ] GC(109)     Total                          Min: 0, Avg: 179.0, Max: 716, Diff: 716, Sum: 716, Workers: 4
[1694.229s][debug][gc,phases      ] GC(109)   ObjectSynchronizer Weak        Min:  0.0, Avg:  0.0, Max:  0.0, Diff:  0.0, Sum:  0.0, Workers: 4
[1694.229s][debug][gc,phases      ] GC(109)     Dead                           Min: 0, Avg:  0.0, Max: 0, Diff: 0, Sum: 0, Workers: 4
[1694.229s][debug][gc,phases      ] GC(109)     Total                          Min: 0, Avg: 12.0, Max: 48, Diff: 48, Sum: 48, Workers: 4
[1694.229s][debug][gc,phases      ] GC(109)   JVMTI Tag Weak OopStorage      Min:  0.0, Avg:  0.0, Max:  0.0, Diff:  0.0, Sum:  0.0, Workers: 4
[1694.229s][debug][gc,phases      ] GC(109)     Dead                           Min: 0, Avg:  0.0, Max: 0, Diff: 0, Sum: 0, Workers: 4
[1694.229s][debug][gc,phases      ] GC(109)     Total                          Min: 0, Avg:  0.0, Max: 0, Diff: 0, Sum: 0, Workers: 4
[1694.229s][debug][gc,phases      ] GC(109)   StringTable Weak               Min:  0.0, Avg:  0.1, Max:  0.1, Diff:  0.1, Sum:  0.4, Workers: 4
[1694.229s][debug][gc,phases      ] GC(109)     Dead                           Min: 0, Avg:  0.0, Max: 0, Diff: 0, Sum: 0, Workers: 4
[1694.229s][debug][gc,phases      ] GC(109)     Total                          Min: 0, Avg: 10788.8, Max: 18432, Diff: 18432, Sum: 43155, Workers: 4
[1694.229s][debug][gc,phases      ] GC(109)   ResolvedMethodTable Weak       Min:  0.0, Avg:  0.0, Max:  0.0, Diff:  0.0, Sum:  0.1, Workers: 4
[1694.229s][debug][gc,phases      ] GC(109)     Dead                           Min: 0, Avg:  0.0, Max: 0, Diff: 0, Sum: 0, Workers: 4
[1694.229s][debug][gc,phases      ] GC(109)     Total                          Min: 0, Avg: 2165.8, Max: 3671, Diff: 3671, Sum: 8663, Workers: 4
[1694.229s][debug][gc,phases      ] GC(109)   JNI Weak                       Min:  0.0, Avg:  0.0, Max:  0.0, Diff:  0.0, Sum:  0.0, Workers: 4
[1694.229s][debug][gc,phases      ] GC(109)     Dead                           Min: 0, Avg:  0.0, Max: 0, Diff: 0, Sum: 0, Workers: 4
[1694.229s][debug][gc,phases      ] GC(109)     Total                          Min: 0, Avg: 11.2, Max: 45, Diff: 45, Sum: 45, Workers: 4
[1694.229s][debug][gc,phases      ] GC(109)   StringDedup Table Weak         Min:  0.0, Avg:  0.0, Max:  0.0, Diff:  0.0, Sum:  0.0, Workers: 4
[1694.229s][debug][gc,phases      ] GC(109)     Dead                           Min: 0, Avg:  0.0, Max: 0, Diff: 0, Sum: 0, Workers: 4
[1694.229s][debug][gc,phases      ] GC(109)     Total                          Min: 0, Avg:  0.0, Max: 0, Diff: 0, Sum: 0, Workers: 4
[1694.229s][debug][gc,phases      ] GC(109)   StringDedup Requests0 Weak     Min:  0.0, Avg:  0.0, Max:  0.0, Diff:  0.0, Sum:  0.0, Workers: 4
[1694.229s][debug][gc,phases      ] GC(109)     Dead                           Min: 0, Avg:  0.0, Max: 0, Diff: 0, Sum: 0, Workers: 4
[1694.229s][debug][gc,phases      ] GC(109)     Total                          Min: 0, Avg:  0.0, Max: 0, Diff: 0, Sum: 0, Workers: 4
[1694.229s][debug][gc,phases      ] GC(109)   StringDedup Requests1 Weak     Min:  0.0, Avg:  0.0, Max:  0.0, Diff:  0.0, Sum:  0.0, Workers: 4
[1694.229s][debug][gc,phases      ] GC(109)     Dead                           Min: 0, Avg:  0.0, Max: 0, Diff: 0, Sum: 0, Workers: 4
[1694.229s][debug][gc,phases      ] GC(109)     Total                          Min: 0, Avg:  0.0, Max: 0, Diff: 0, Sum: 0, Workers: 4
[1694.229s][debug][gc,phases      ] GC(109)   Weak JFR Old Object Samples    Min:  0.0, Avg:  0.0, Max:  0.0, Diff:  0.0, Sum:  0.0, Workers: 4
[1694.229s][debug][gc,phases      ] GC(109)     Dead                           Min: 0, Avg:  0.0, Max: 0, Diff: 0, Sum: 0, Workers: 4
[1694.229s][debug][gc,phases      ] GC(109)     Total                          Min: 0, Avg:  0.0, Max: 0, Diff: 0, Sum: 0, Workers: 4
[1694.229s][debug][gc,phases      ] GC(109) Weak Processing 0.351ms
[1694.229s][debug][gc,age         ] GC(109) Desired survivor size 6291456 bytes, new threshold 15 (max threshold 15)
[1694.229s][info ][gc,heap        ] GC(109) PSYoungGen: 2084992K(2090496K)->1696K(2089984K) Eden: 2083328K(2083328K)->0K(2083328K) From: 1664K(7168K)->1696K(6656K)
[1694.229s][info ][gc,heap        ] GC(109) ParOldGen: 334938K(387072K)->334962K(387072K)
[1694.229s][info ][gc,metaspace   ] GC(109) Metaspace: 79181K(80128K)->79181K(80128K) NonClass: 67859K(68352K)->67859K(68352K) Class: 11321K(11776K)->11321K(11776K)
[1694.229s][info ][gc             ] GC(109) Pause Young (Allocation Failure) 2363M->328M(2419M) 4.796ms
[1694.229s][info ][gc,cpu         ] GC(109) User=0.01s Sys=0.00s Real=0.01s
[1694.229s][info ][safepoint      ] Safepoint "ParallelGCFailedAllocation", Time since last: 3644463913 ns, Reaching safepoint: 99800 ns, At safepoint: 4874306 ns, Total: 4974106 ns
[1704.230s][info ][safepoint      ] Safepoint "Cleanup", Time since last: 10000642179 ns, Reaching safepoint: 109700 ns, At safepoint: 8000 ns, Total: 117700 ns
[1714.720s][info ][gc,start       ] GC(110) Pause Young (Allocation Failure)
[1714.725s][debug][gc,phases      ] GC(110) Scavenge 5.217ms
[1714.725s][debug][gc,ref         ] GC(110) Skipped phase 1 of Reference Processing: no references
[1714.725s][debug][gc,ref         ] GC(110) ReferenceProcessor::execute queues: 1, RefProcThreadModel::Single, marks_oops_alive: false
[1714.725s][debug][gc,ref         ] GC(110) Skipped phase 3 of Reference Processing: no references
[1714.725s][debug][gc,ref         ] GC(110) ReferenceProcessor::execute queues: 1, RefProcThreadModel::Single, marks_oops_alive: false
[1714.725s][debug][gc,phases      ] GC(110) Reference Processing 0.088ms
[1714.726s][debug][gc,phases      ] GC(110)   VM Weak                        Min:  0.0, Avg:  0.0, Max:  0.0, Diff:  0.0, Sum:  0.0, Workers: 4
[1714.726s][debug][gc,phases      ] GC(110)     Dead                           Min: 0, Avg:  0.0, Max: 0, Diff: 0, Sum: 0, Workers: 4
[1714.726s][debug][gc,phases      ] GC(110)     Total                          Min: 0, Avg: 179.0, Max: 716, Diff: 716, Sum: 716, Workers: 4
[1714.726s][debug][gc,phases      ] GC(110)   ObjectSynchronizer Weak        Min:  0.0, Avg:  0.0, Max:  0.0, Diff:  0.0, Sum:  0.0, Workers: 4
[1714.726s][debug][gc,phases      ] GC(110)     Dead                           Min: 0, Avg:  0.0, Max: 0, Diff: 0, Sum: 0, Workers: 4
[1714.726s][debug][gc,phases      ] GC(110)     Total                          Min: 0, Avg: 12.0, Max: 48, Diff: 48, Sum: 48, Workers: 4
[1714.726s][debug][gc,phases      ] GC(110)   JVMTI Tag Weak OopStorage      Min:  0.0, Avg:  0.0, Max:  0.0, Diff:  0.0, Sum:  0.0, Workers: 4
[1714.726s][debug][gc,phases      ] GC(110)     Dead                           Min: 0, Avg:  0.0, Max: 0, Diff: 0, Sum: 0, Workers: 4
[1714.726s][debug][gc,phases      ] GC(110)     Total                          Min: 0, Avg:  0.0, Max: 0, Diff: 0, Sum: 0, Workers: 4
[1714.726s][debug][gc,phases      ] GC(110)   StringTable Weak               Min:  0.0, Avg:  0.1, Max:  0.1, Diff:  0.1, Sum:  0.4, Workers: 4
[1714.726s][debug][gc,phases      ] GC(110)     Dead                           Min: 0, Avg:  0.0, Max: 0, Diff: 0, Sum: 0, Workers: 4
[1714.726s][debug][gc,phases      ] GC(110)     Total                          Min: 0, Avg: 10788.8, Max: 17427, Diff: 17427, Sum: 43155, Workers: 4
[1714.726s][debug][gc,phases      ] GC(110)   ResolvedMethodTable Weak       Min:  0.0, Avg:  0.0, Max:  0.0, Diff:  0.0, Sum:  0.1, Workers: 4
[1714.726s][debug][gc,phases      ] GC(110)     Dead                           Min: 0, Avg:  0.0, Max: 0, Diff: 0, Sum: 0, Workers: 4
[1714.726s][debug][gc,phases      ] GC(110)     Total                          Min: 0, Avg: 2165.8, Max: 3776, Diff: 3776, Sum: 8663, Workers: 4
[1714.726s][debug][gc,phases      ] GC(110)   JNI Weak                       Min:  0.0, Avg:  0.0, Max:  0.0, Diff:  0.0, Sum:  0.0, Workers: 4
[1714.726s][debug][gc,phases      ] GC(110)     Dead                           Min: 0, Avg:  0.0, Max: 0, Diff: 0, Sum: 0, Workers: 4
[1714.726s][debug][gc,phases      ] GC(110)     Total                          Min: 0, Avg: 11.2, Max: 45, Diff: 45, Sum: 45, Workers: 4
[1714.726s][debug][gc,phases      ] GC(110)   StringDedup Table Weak         Min:  0.0, Avg:  0.0, Max:  0.0, Diff:  0.0, Sum:  0.0, Workers: 4
[1714.726s][debug][gc,phases      ] GC(110)     Dead                           Min: 0, Avg:  0.0, Max: 0, Diff: 0, Sum: 0, Workers: 4
[1714.726s][debug][gc,phases      ] GC(110)     Total                          Min: 0, Avg:  0.0, Max: 0, Diff: 0, Sum: 0, Workers: 4
[1714.726s][debug][gc,phases      ] GC(110)   StringDedup Requests0 Weak     Min:  0.0, Avg:  0.0, Max:  0.0, Diff:  0.0, Sum:  0.0, Workers: 4
[1714.726s][debug][gc,phases      ] GC(110)     Dead                           Min: 0, Avg:  0.0, Max: 0, Diff: 0, Sum: 0, Workers: 4
[1714.726s][debug][gc,phases      ] GC(110)     Total                          Min: 0, Avg:  0.0, Max: 0, Diff: 0, Sum: 0, Workers: 4
[1714.726s][debug][gc,phases      ] GC(110)   StringDedup Requests1 Weak     Min:  0.0, Avg:  0.0, Max:  0.0, Diff:  0.0, Sum:  0.0, Workers: 4
[1714.726s][debug][gc,phases      ] GC(110)     Dead                           Min: 0, Avg:  0.0, Max: 0, Diff: 0, Sum: 0, Workers: 4
[1714.726s][debug][gc,phases      ] GC(110)     Total                          Min: 0, Avg:  0.0, Max: 0, Diff: 0, Sum: 0, Workers: 4
[1714.726s][debug][gc,phases      ] GC(110)   Weak JFR Old Object Samples    Min:  0.0, Avg:  0.0, Max:  0.0, Diff:  0.0, Sum:  0.0, Workers: 4
[1714.726s][debug][gc,phases      ] GC(110)     Dead                           Min: 0, Avg:  0.0, Max: 0, Diff: 0, Sum: 0, Workers: 4
[1714.726s][debug][gc,phases      ] GC(110)     Total                          Min: 0, Avg:  0.0, Max: 0, Diff: 0, Sum: 0, Workers: 4
[1714.726s][debug][gc,phases      ] GC(110) Weak Processing 0.351ms
[1714.726s][debug][gc,age         ] GC(110) Desired survivor size 5767168 bytes, new threshold 15 (max threshold 15)
[1714.726s][info ][gc,heap        ] GC(110) PSYoungGen: 2085024K(2089984K)->1664K(2091520K) Eden: 2083328K(2083328K)->0K(2085376K) From: 1696K(6656K)->1664K(6144K)
[1714.726s][info ][gc,heap        ] GC(110) ParOldGen: 334962K(387072K)->334994K(387072K)
[1714.726s][info ][gc,metaspace   ] GC(110) Metaspace: 79183K(80128K)->79183K(80128K) NonClass: 67862K(68352K)->67862K(68352K) Class: 11321K(11776K)->11321K(11776K)
[1714.726s][info ][gc             ] GC(110) Pause Young (Allocation Failure) 2363M->328M(2420M) 5.763ms
[1714.726s][info ][gc,cpu         ] GC(110) User=0.02s Sys=0.00s Real=0.00s
[1714.726s][info ][safepoint      ] Safepoint "ParallelGCFailedAllocation", Time since last: 10490151535 ns, Reaching safepoint: 73401 ns, At safepoint: 5833207 ns, Total: 5906608 ns
[1716.726s][info ][safepoint      ] Safepoint "Cleanup", Time since last: 2000131495 ns, Reaching safepoint: 37400 ns, At safepoint: 4400 ns, Total: 41800 ns
[1729.727s][info ][safepoint      ] Safepoint "Cleanup", Time since last: 13000819615 ns, Reaching safepoint: 55600 ns, At safepoint: 3000 ns, Total: 58600 ns
[1735.675s][info ][gc,start       ] GC(111) Pause Young (Allocation Failure)
[1735.680s][debug][gc,phases      ] GC(111) Scavenge 4.712ms
[1735.680s][debug][gc,ref         ] GC(111) Skipped phase 1 of Reference Processing: no references
[1735.680s][debug][gc,ref         ] GC(111) ReferenceProcessor::execute queues: 1, RefProcThreadModel::Single, marks_oops_alive: false
[1735.680s][debug][gc,ref         ] GC(111) Skipped phase 3 of Reference Processing: no references
[1735.680s][debug][gc,ref         ] GC(111) ReferenceProcessor::execute queues: 1, RefProcThreadModel::Single, marks_oops_alive: false
[1735.680s][debug][gc,phases      ] GC(111) Reference Processing 0.090ms
[1735.680s][debug][gc,phases      ] GC(111)   VM Weak                        Min:  0.0, Avg:  0.0, Max:  0.0, Diff:  0.0, Sum:  0.0, Workers: 4
[1735.680s][debug][gc,phases      ] GC(111)     Dead                           Min: 0, Avg:  0.0, Max: 0, Diff: 0, Sum: 0, Workers: 4
[1735.680s][debug][gc,phases      ] GC(111)     Total                          Min: 0, Avg: 179.0, Max: 704, Diff: 704, Sum: 716, Workers: 4
[1735.680s][debug][gc,phases      ] GC(111)   ObjectSynchronizer Weak        Min:  0.0, Avg:  0.0, Max:  0.0, Diff:  0.0, Sum:  0.0, Workers: 4
[1735.680s][debug][gc,phases      ] GC(111)     Dead                           Min: 0, Avg:  0.0, Max: 0, Diff: 0, Sum: 0, Workers: 4
[1735.680s][debug][gc,phases      ] GC(111)     Total                          Min: 0, Avg: 12.0, Max: 48, Diff: 48, Sum: 48, Workers: 4
[1735.680s][debug][gc,phases      ] GC(111)   JVMTI Tag Weak OopStorage      Min:  0.0, Avg:  0.0, Max:  0.0, Diff:  0.0, Sum:  0.0, Workers: 4
[1735.680s][debug][gc,phases      ] GC(111)     Dead                           Min: 0, Avg:  0.0, Max: 0, Diff: 0, Sum: 0, Workers: 4
[1735.680s][debug][gc,phases      ] GC(111)     Total                          Min: 0, Avg:  0.0, Max: 0, Diff: 0, Sum: 0, Workers: 4
[1735.680s][debug][gc,phases      ] GC(111)   StringTable Weak               Min:  0.0, Avg:  0.1, Max:  0.1, Diff:  0.1, Sum:  0.4, Workers: 4
[1735.680s][debug][gc,phases      ] GC(111)     Dead                           Min: 0, Avg:  0.0, Max: 0, Diff: 0, Sum: 0, Workers: 4
[1735.680s][debug][gc,phases      ] GC(111)     Total                          Min: 0, Avg: 10788.8, Max: 14592, Diff: 14592, Sum: 43155, Workers: 4
[1735.680s][debug][gc,phases      ] GC(111)   ResolvedMethodTable Weak       Min:  0.0, Avg:  0.0, Max:  0.0, Diff:  0.0, Sum:  0.1, Workers: 4
[1735.680s][debug][gc,phases      ] GC(111)     Dead                           Min: 0, Avg:  0.0, Max: 0, Diff: 0, Sum: 0, Workers: 4
[1735.680s][debug][gc,phases      ] GC(111)     Total                          Min: 0, Avg: 2165.8, Max: 3072, Diff: 3072, Sum: 8663, Workers: 4
[1735.680s][debug][gc,phases      ] GC(111)   JNI Weak                       Min:  0.0, Avg:  0.0, Max:  0.0, Diff:  0.0, Sum:  0.0, Workers: 4
[1735.680s][debug][gc,phases      ] GC(111)     Dead                           Min: 0, Avg:  0.0, Max: 0, Diff: 0, Sum: 0, Workers: 4
[1735.680s][debug][gc,phases      ] GC(111)     Total                          Min: 0, Avg: 11.2, Max: 45, Diff: 45, Sum: 45, Workers: 4
[1735.680s][debug][gc,phases      ] GC(111)   StringDedup Table Weak         Min:  0.0, Avg:  0.0, Max:  0.0, Diff:  0.0, Sum:  0.0, Workers: 4
[1735.680s][debug][gc,phases      ] GC(111)     Dead                           Min: 0, Avg:  0.0, Max: 0, Diff: 0, Sum: 0, Workers: 4
[1735.680s][debug][gc,phases      ] GC(111)     Total                          Min: 0, Avg:  0.0, Max: 0, Diff: 0, Sum: 0, Workers: 4
[1735.680s][debug][gc,phases      ] GC(111)   StringDedup Requests0 Weak     Min:  0.0, Avg:  0.0, Max:  0.0, Diff:  0.0, Sum:  0.0, Workers: 4
[1735.680s][debug][gc,phases      ] GC(111)     Dead                           Min: 0, Avg:  0.0, Max: 0, Diff: 0, Sum: 0, Workers: 4
[1735.680s][debug][gc,phases      ] GC(111)     Total                          Min: 0, Avg:  0.0, Max: 0, Diff: 0, Sum: 0, Workers: 4
[1735.680s][debug][gc,phases      ] GC(111)   StringDedup Requests1 Weak     Min:  0.0, Avg:  0.0, Max:  0.0, Diff:  0.0, Sum:  0.0, Workers: 4
[1735.680s][debug][gc,phases      ] GC(111)     Dead                           Min: 0, Avg:  0.0, Max: 0, Diff: 0, Sum: 0, Workers: 4
[1735.680s][debug][gc,phases      ] GC(111)     Total                          Min: 0, Avg:  0.0, Max: 0, Diff: 0, Sum: 0, Workers: 4
[1735.680s][debug][gc,phases      ] GC(111)   Weak JFR Old Object Samples    Min:  0.0, Avg:  0.0, Max:  0.0, Diff:  0.0, Sum:  0.0, Workers: 4
[1735.680s][debug][gc,phases      ] GC(111)     Dead                           Min: 0, Avg:  0.0, Max: 0, Diff: 0, Sum: 0, Workers: 4
[1735.680s][debug][gc,phases      ] GC(111)     Total                          Min: 0, Avg:  0.0, Max: 0, Diff: 0, Sum: 0, Workers: 4
[1735.680s][debug][gc,phases      ] GC(111) Weak Processing 0.349ms
[1735.680s][debug][gc,age         ] GC(111) Desired survivor size 5767168 bytes, new threshold 15 (max threshold 15)
[1735.680s][info ][gc,heap        ] GC(111) PSYoungGen: 2087040K(2091520K)->1600K(2091008K) Eden: 2085376K(2085376K)->0K(2085376K) From: 1664K(6144K)->1600K(5632K)
[1735.680s][info ][gc,heap        ] GC(111) ParOldGen: 334994K(387072K)->335026K(387072K)
[1735.680s][info ][gc,metaspace   ] GC(111) Metaspace: 79183K(80128K)->79183K(80128K) NonClass: 67862K(68352K)->67862K(68352K) Class: 11321K(11776K)->11321K(11776K)
[1735.680s][info ][gc             ] GC(111) Pause Young (Allocation Failure) 2365M->328M(2420M) 5.268ms
[1735.680s][info ][gc,cpu         ] GC(111) User=0.01s Sys=0.00s Real=0.01s
[1735.680s][info ][safepoint      ] Safepoint "ParallelGCFailedAllocation", Time since last: 5948337712 ns, Reaching safepoint: 24600 ns, At safepoint: 5344508 ns, Total: 5369108 ns
[1743.681s][info ][safepoint      ] Safepoint "Cleanup", Time since last: 8000580775 ns, Reaching safepoint: 51000 ns, At safepoint: 34000 ns, Total: 85000 ns
[1744.681s][info ][safepoint      ] Safepoint "Cleanup", Time since last: 1000104347 ns, Reaching safepoint: 66000 ns, At safepoint: 3300 ns, Total: 69300 ns
[1756.724s][info ][gc,start       ] GC(112) Pause Young (Allocation Failure)
[1756.728s][debug][gc,phases      ] GC(112) Scavenge 3.829ms
[1756.728s][debug][gc,ref         ] GC(112) Skipped phase 1 of Reference Processing: no references
[1756.728s][debug][gc,ref         ] GC(112) ReferenceProcessor::execute queues: 1, RefProcThreadModel::Single, marks_oops_alive: false
[1756.728s][debug][gc,ref         ] GC(112) Skipped phase 3 of Reference Processing: no references
[1756.728s][debug][gc,ref         ] GC(112) ReferenceProcessor::execute queues: 1, RefProcThreadModel::Single, marks_oops_alive: false
[1756.728s][debug][gc,phases      ] GC(112) Reference Processing 0.098ms
[1756.728s][debug][gc,phases      ] GC(112)   VM Weak                        Min:  0.0, Avg:  0.0, Max:  0.0, Diff:  0.0, Sum:  0.0, Workers: 4
[1756.728s][debug][gc,phases      ] GC(112)     Dead                           Min: 0, Avg:  0.0, Max: 0, Diff: 0, Sum: 0, Workers: 4
[1756.728s][debug][gc,phases      ] GC(112)     Total                          Min: 0, Avg: 179.0, Max: 576, Diff: 576, Sum: 716, Workers: 4
[1756.728s][debug][gc,phases      ] GC(112)   ObjectSynchronizer Weak        Min:  0.0, Avg:  0.0, Max:  0.0, Diff:  0.0, Sum:  0.0, Workers: 4
[1756.728s][debug][gc,phases      ] GC(112)     Dead                           Min: 0, Avg:  0.0, Max: 0, Diff: 0, Sum: 0, Workers: 4
[1756.728s][debug][gc,phases      ] GC(112)     Total                          Min: 0, Avg: 12.0, Max: 48, Diff: 48, Sum: 48, Workers: 4
[1756.728s][debug][gc,phases      ] GC(112)   JVMTI Tag Weak OopStorage      Min:  0.0, Avg:  0.0, Max:  0.0, Diff:  0.0, Sum:  0.0, Workers: 4
[1756.728s][debug][gc,phases      ] GC(112)     Dead                           Min: 0, Avg:  0.0, Max: 0, Diff: 0, Sum: 0, Workers: 4
[1756.728s][debug][gc,phases      ] GC(112)     Total                          Min: 0, Avg:  0.0, Max: 0, Diff: 0, Sum: 0, Workers: 4
[1756.728s][debug][gc,phases      ] GC(112)   StringTable Weak               Min:  0.1, Avg:  0.1, Max:  0.1, Diff:  0.0, Sum:  0.4, Workers: 4
[1756.728s][debug][gc,phases      ] GC(112)     Dead                           Min: 0, Avg:  0.0, Max: 0, Diff: 0, Sum: 0, Workers: 4
[1756.728s][debug][gc,phases      ] GC(112)     Total                          Min: 9920, Avg: 10788.8, Max: 12480, Diff: 2560, Sum: 43155, Workers: 4
[1756.728s][debug][gc,phases      ] GC(112)   ResolvedMethodTable Weak       Min:  0.0, Avg:  0.0, Max:  0.0, Diff:  0.0, Sum:  0.1, Workers: 4
[1756.728s][debug][gc,phases      ] GC(112)     Dead                           Min: 0, Avg:  0.0, Max: 0, Diff: 0, Sum: 0, Workers: 4
[1756.728s][debug][gc,phases      ] GC(112)     Total                          Min: 2048, Avg: 2165.8, Max: 2391, Diff: 343, Sum: 8663, Workers: 4
[1756.728s][debug][gc,phases      ] GC(112)   JNI Weak                       Min:  0.0, Avg:  0.0, Max:  0.0, Diff:  0.0, Sum:  0.0, Workers: 4
[1756.728s][debug][gc,phases      ] GC(112)     Dead                           Min: 0, Avg:  0.0, Max: 0, Diff: 0, Sum: 0, Workers: 4
[1756.728s][debug][gc,phases      ] GC(112)     Total                          Min: 0, Avg: 11.2, Max: 45, Diff: 45, Sum: 45, Workers: 4
[1756.728s][debug][gc,phases      ] GC(112)   StringDedup Table Weak         Min:  0.0, Avg:  0.0, Max:  0.0, Diff:  0.0, Sum:  0.0, Workers: 4
[1756.728s][debug][gc,phases      ] GC(112)     Dead                           Min: 0, Avg:  0.0, Max: 0, Diff: 0, Sum: 0, Workers: 4
[1756.728s][debug][gc,phases      ] GC(112)     Total                          Min: 0, Avg:  0.0, Max: 0, Diff: 0, Sum: 0, Workers: 4
[1756.728s][debug][gc,phases      ] GC(112)   StringDedup Requests0 Weak     Min:  0.0, Avg:  0.0, Max:  0.0, Diff:  0.0, Sum:  0.0, Workers: 4
[1756.728s][debug][gc,phases      ] GC(112)     Dead                           Min: 0, Avg:  0.0, Max: 0, Diff: 0, Sum: 0, Workers: 4
[1756.728s][debug][gc,phases      ] GC(112)     Total                          Min: 0, Avg:  0.0, Max: 0, Diff: 0, Sum: 0, Workers: 4
[1756.728s][debug][gc,phases      ] GC(112)   StringDedup Requests1 Weak     Min:  0.0, Avg:  0.0, Max:  0.0, Diff:  0.0, Sum:  0.0, Workers: 4
[1756.728s][debug][gc,phases      ] GC(112)     Dead                           Min: 0, Avg:  0.0, Max: 0, Diff: 0, Sum: 0, Workers: 4
[1756.728s][debug][gc,phases      ] GC(112)     Total                          Min: 0, Avg:  0.0, Max: 0, Diff: 0, Sum: 0, Workers: 4
[1756.728s][debug][gc,phases      ] GC(112)   Weak JFR Old Object Samples    Min:  0.0, Avg:  0.0, Max:  0.0, Diff:  0.0, Sum:  0.0, Workers: 4
[1756.728s][debug][gc,phases      ] GC(112)     Dead                           Min: 0, Avg:  0.0, Max: 0, Diff: 0, Sum: 0, Workers: 4
[1756.728s][debug][gc,phases      ] GC(112)     Total                          Min: 0, Avg:  0.0, Max: 0, Diff: 0, Sum: 0, Workers: 4
[1756.728s][debug][gc,phases      ] GC(112) Weak Processing 0.279ms
[1756.728s][debug][gc,age         ] GC(112) Desired survivor size 5242880 bytes, new threshold 15 (max threshold 15)
[1756.728s][info ][gc,heap        ] GC(112) PSYoungGen: 2086976K(2091008K)->1600K(2092032K) Eden: 2085376K(2085376K)->0K(2086400K) From: 1600K(5632K)->1600K(5632K)
[1756.728s][info ][gc,heap        ] GC(112) ParOldGen: 335026K(387072K)->335058K(387072K)
[1756.728s][info ][gc,metaspace   ] GC(112) Metaspace: 79185K(80128K)->79185K(80128K) NonClass: 67864K(68352K)->67864K(68352K) Class: 11321K(11776K)->11321K(11776K)
[1756.728s][info ][gc             ] GC(112) Pause Young (Allocation Failure) 2365M->328M(2421M) 4.308ms
[1756.728s][info ][gc,cpu         ] GC(112) User=0.01s Sys=0.00s Real=0.01s
[1756.728s][info ][safepoint      ] Safepoint "ParallelGCFailedAllocation", Time since last: 12042590617 ns, Reaching safepoint: 94200 ns, At safepoint: 4377106 ns, Total: 4471306 ns
[1777.983s][info ][gc,start       ] GC(113) Pause Young (Allocation Failure)
[1777.989s][debug][gc,phases      ] GC(113) Scavenge 5.793ms
[1777.989s][debug][gc,ref         ] GC(113) Skipped phase 1 of Reference Processing: no references
[1777.989s][debug][gc,ref         ] GC(113) ReferenceProcessor::execute queues: 1, RefProcThreadModel::Single, marks_oops_alive: false
[1777.989s][debug][gc,ref         ] GC(113) Skipped phase 3 of Reference Processing: no references
[1777.989s][debug][gc,ref         ] GC(113) ReferenceProcessor::execute queues: 1, RefProcThreadModel::Single, marks_oops_alive: false
[1777.989s][debug][gc,phases      ] GC(113) Reference Processing 0.102ms
[1777.989s][debug][gc,phases      ] GC(113)   VM Weak                        Min:  0.0, Avg:  0.0, Max:  0.0, Diff:  0.0, Sum:  0.0, Workers: 4
[1777.989s][debug][gc,phases      ] GC(113)     Dead                           Min: 0, Avg:  0.0, Max: 0, Diff: 0, Sum: 0, Workers: 4
[1777.989s][debug][gc,phases      ] GC(113)     Total                          Min: 0, Avg: 179.0, Max: 652, Diff: 652, Sum: 716, Workers: 4
[1777.989s][debug][gc,phases      ] GC(113)   ObjectSynchronizer Weak        Min:  0.0, Avg:  0.0, Max:  0.0, Diff:  0.0, Sum:  0.0, Workers: 4
[1777.989s][debug][gc,phases      ] GC(113)     Dead                           Min: 0, Avg:  0.0, Max: 0, Diff: 0, Sum: 0, Workers: 4
[1777.989s][debug][gc,phases      ] GC(113)     Total                          Min: 0, Avg: 12.0, Max: 48, Diff: 48, Sum: 48, Workers: 4
[1777.989s][debug][gc,phases      ] GC(113)   JVMTI Tag Weak OopStorage      Min:  0.0, Avg:  0.0, Max:  0.0, Diff:  0.0, Sum:  0.0, Workers: 4
[1777.989s][debug][gc,phases      ] GC(113)     Dead                           Min: 0, Avg:  0.0, Max: 0, Diff: 0, Sum: 0, Workers: 4
[1777.989s][debug][gc,phases      ] GC(113)     Total                          Min: 0, Avg:  0.0, Max: 0, Diff: 0, Sum: 0, Workers: 4
[1777.989s][debug][gc,phases      ] GC(113)   StringTable Weak               Min:  0.1, Avg:  0.1, Max:  0.1, Diff:  0.0, Sum:  0.4, Workers: 4
[1777.989s][debug][gc,phases      ] GC(113)     Dead                           Min: 0, Avg:  0.0, Max: 0, Diff: 0, Sum: 0, Workers: 4
[1777.989s][debug][gc,phases      ] GC(113)     Total                          Min: 9536, Avg: 10788.8, Max: 11475, Diff: 1939, Sum: 43155, Workers: 4
[1777.989s][debug][gc,phases      ] GC(113)   ResolvedMethodTable Weak       Min:  0.0, Avg:  0.0, Max:  0.0, Diff:  0.0, Sum:  0.1, Workers: 4
[1777.989s][debug][gc,phases      ] GC(113)     Dead                           Min: 0, Avg:  0.0, Max: 0, Diff: 0, Sum: 0, Workers: 4
[1777.989s][debug][gc,phases      ] GC(113)     Total                          Min: 2112, Avg: 2165.8, Max: 2199, Diff: 87, Sum: 8663, Workers: 4
[1777.989s][debug][gc,phases      ] GC(113)   JNI Weak                       Min:  0.0, Avg:  0.0, Max:  0.0, Diff:  0.0, Sum:  0.0, Workers: 4
[1777.989s][debug][gc,phases      ] GC(113)     Dead                           Min: 0, Avg:  0.0, Max: 0, Diff: 0, Sum: 0, Workers: 4
[1777.989s][debug][gc,phases      ] GC(113)     Total                          Min: 0, Avg: 11.2, Max: 45, Diff: 45, Sum: 45, Workers: 4
[1777.989s][debug][gc,phases      ] GC(113)   StringDedup Table Weak         Min:  0.0, Avg:  0.0, Max:  0.0, Diff:  0.0, Sum:  0.0, Workers: 4
[1777.989s][debug][gc,phases      ] GC(113)     Dead                           Min: 0, Avg:  0.0, Max: 0, Diff: 0, Sum: 0, Workers: 4
[1777.989s][debug][gc,phases      ] GC(113)     Total                          Min: 0, Avg:  0.0, Max: 0, Diff: 0, Sum: 0, Workers: 4
[1777.989s][debug][gc,phases      ] GC(113)   StringDedup Requests0 Weak     Min:  0.0, Avg:  0.0, Max:  0.0, Diff:  0.0, Sum:  0.0, Workers: 4
[1777.989s][debug][gc,phases      ] GC(113)     Dead                           Min: 0, Avg:  0.0, Max: 0, Diff: 0, Sum: 0, Workers: 4
[1777.989s][debug][gc,phases      ] GC(113)     Total                          Min: 0, Avg:  0.0, Max: 0, Diff: 0, Sum: 0, Workers: 4
[1777.989s][debug][gc,phases      ] GC(113)   StringDedup Requests1 Weak     Min:  0.0, Avg:  0.0, Max:  0.0, Diff:  0.0, Sum:  0.0, Workers: 4
[1777.989s][debug][gc,phases      ] GC(113)     Dead                           Min: 0, Avg:  0.0, Max: 0, Diff: 0, Sum: 0, Workers: 4
[1777.989s][debug][gc,phases      ] GC(113)     Total                          Min: 0, Avg:  0.0, Max: 0, Diff: 0, Sum: 0, Workers: 4
[1777.989s][debug][gc,phases      ] GC(113)   Weak JFR Old Object Samples    Min:  0.0, Avg:  0.0, Max:  0.0, Diff:  0.0, Sum:  0.0, Workers: 4
[1777.989s][debug][gc,phases      ] GC(113)     Dead                           Min: 0, Avg:  0.0, Max: 0, Diff: 0, Sum: 0, Workers: 4
[1777.989s][debug][gc,phases      ] GC(113)     Total                          Min: 0, Avg:  0.0, Max: 0, Diff: 0, Sum: 0, Workers: 4
[1777.989s][debug][gc,phases      ] GC(113) Weak Processing 0.305ms
[1777.989s][debug][gc,age         ] GC(113) Desired survivor size 5242880 bytes, new threshold 15 (max threshold 15)
[1777.989s][info ][gc,heap        ] GC(113) PSYoungGen: 2088000K(2092032K)->1600K(2091520K) Eden: 2086400K(2086400K)->0K(2086400K) From: 1600K(5632K)->1600K(5120K)
[1777.989s][info ][gc,heap        ] GC(113) ParOldGen: 335058K(387072K)->335106K(387072K)
[1777.989s][info ][gc,metaspace   ] GC(113) Metaspace: 79185K(80128K)->79185K(80128K) NonClass: 67864K(68352K)->67864K(68352K) Class: 11321K(11776K)->11321K(11776K)
[1777.989s][info ][gc             ] GC(113) Pause Young (Allocation Failure) 2366M->328M(2420M) 6.309ms
[1777.989s][info ][gc,cpu         ] GC(113) User=0.01s Sys=0.00s Real=0.01s
[1777.989s][info ][safepoint      ] Safepoint "ParallelGCFailedAllocation", Time since last: 21254533914 ns, Reaching safepoint: 24800 ns, At safepoint: 6376808 ns, Total: 6401608 ns
[1799.322s][info ][gc,start       ] GC(114) Pause Young (Allocation Failure)
[1799.324s][debug][gc,phases      ] GC(114) Scavenge 2.235ms
[1799.324s][debug][gc,ref         ] GC(114) Skipped phase 1 of Reference Processing: no references
[1799.324s][debug][gc,ref         ] GC(114) ReferenceProcessor::execute queues: 1, RefProcThreadModel::Single, marks_oops_alive: false
[1799.324s][debug][gc,ref         ] GC(114) Skipped phase 3 of Reference Processing: no references
[1799.324s][debug][gc,ref         ] GC(114) ReferenceProcessor::execute queues: 1, RefProcThreadModel::Single, marks_oops_alive: false
[1799.324s][debug][gc,phases      ] GC(114) Reference Processing 0.092ms
[1799.324s][debug][gc,phases      ] GC(114)   VM Weak                        Min:  0.0, Avg:  0.0, Max:  0.0, Diff:  0.0, Sum:  0.0, Workers: 4
[1799.324s][debug][gc,phases      ] GC(114)     Dead                           Min: 0, Avg:  0.0, Max: 0, Diff: 0, Sum: 0, Workers: 4
[1799.324s][debug][gc,phases      ] GC(114)     Total                          Min: 0, Avg: 179.0, Max: 576, Diff: 576, Sum: 716, Workers: 4
[1799.324s][debug][gc,phases      ] GC(114)   ObjectSynchronizer Weak        Min:  0.0, Avg:  0.0, Max:  0.0, Diff:  0.0, Sum:  0.0, Workers: 4
[1799.324s][debug][gc,phases      ] GC(114)     Dead                           Min: 0, Avg:  0.0, Max: 0, Diff: 0, Sum: 0, Workers: 4
[1799.324s][debug][gc,phases      ] GC(114)     Total                          Min: 0, Avg: 12.0, Max: 48, Diff: 48, Sum: 48, Workers: 4
[1799.324s][debug][gc,phases      ] GC(114)   JVMTI Tag Weak OopStorage      Min:  0.0, Avg:  0.0, Max:  0.0, Diff:  0.0, Sum:  0.0, Workers: 4
[1799.324s][debug][gc,phases      ] GC(114)     Dead                           Min: 0, Avg:  0.0, Max: 0, Diff: 0, Sum: 0, Workers: 4
[1799.324s][debug][gc,phases      ] GC(114)     Total                          Min: 0, Avg:  0.0, Max: 0, Diff: 0, Sum: 0, Workers: 4
[1799.324s][debug][gc,phases      ] GC(114)   StringTable Weak               Min:  0.1, Avg:  0.1, Max:  0.1, Diff:  0.0, Sum:  0.4, Workers: 4
[1799.324s][debug][gc,phases      ] GC(114)     Dead                           Min: 0, Avg:  0.0, Max: 0, Diff: 0, Sum: 0, Workers: 4
[1799.324s][debug][gc,phases      ] GC(114)     Total                          Min: 10560, Avg: 10788.8, Max: 11136, Diff: 576, Sum: 43155, Workers: 4
[1799.324s][debug][gc,phases      ] GC(114)   ResolvedMethodTable Weak       Min:  0.0, Avg:  0.0, Max:  0.0, Diff:  0.0, Sum:  0.1, Workers: 4
[1799.324s][debug][gc,phases      ] GC(114)     Dead                           Min: 0, Avg:  0.0, Max: 0, Diff: 0, Sum: 0, Workers: 4
[1799.324s][debug][gc,phases      ] GC(114)     Total                          Min: 1920, Avg: 2165.8, Max: 2368, Diff: 448, Sum: 8663, Workers: 4
[1799.324s][debug][gc,phases      ] GC(114)   JNI Weak                       Min:  0.0, Avg:  0.0, Max:  0.0, Diff:  0.0, Sum:  0.0, Workers: 4
[1799.324s][debug][gc,phases      ] GC(114)     Dead                           Min: 0, Avg:  0.0, Max: 0, Diff: 0, Sum: 0, Workers: 4
[1799.324s][debug][gc,phases      ] GC(114)     Total                          Min: 0, Avg: 11.2, Max: 45, Diff: 45, Sum: 45, Workers: 4
[1799.324s][debug][gc,phases      ] GC(114)   StringDedup Table Weak         Min:  0.0, Avg:  0.0, Max:  0.0, Diff:  0.0, Sum:  0.0, Workers: 4
[1799.324s][debug][gc,phases      ] GC(114)     Dead                           Min: 0, Avg:  0.0, Max: 0, Diff: 0, Sum: 0, Workers: 4
[1799.324s][debug][gc,phases      ] GC(114)     Total                          Min: 0, Avg:  0.0, Max: 0, Diff: 0, Sum: 0, Workers: 4
[1799.324s][debug][gc,phases      ] GC(114)   StringDedup Requests0 Weak     Min:  0.0, Avg:  0.0, Max:  0.0, Diff:  0.0, Sum:  0.0, Workers: 4
[1799.324s][debug][gc,phases      ] GC(114)     Dead                           Min: 0, Avg:  0.0, Max: 0, Diff: 0, Sum: 0, Workers: 4
[1799.324s][debug][gc,phases      ] GC(114)     Total                          Min: 0, Avg:  0.0, Max: 0, Diff: 0, Sum: 0, Workers: 4
[1799.324s][debug][gc,phases      ] GC(114)   StringDedup Requests1 Weak     Min:  0.0, Avg:  0.0, Max:  0.0, Diff:  0.0, Sum:  0.0, Workers: 4
[1799.324s][debug][gc,phases      ] GC(114)     Dead                           Min: 0, Avg:  0.0, Max: 0, Diff: 0, Sum: 0, Workers: 4
[1799.324s][debug][gc,phases      ] GC(114)     Total                          Min: 0, Avg:  0.0, Max: 0, Diff: 0, Sum: 0, Workers: 4
[1799.324s][debug][gc,phases      ] GC(114)   Weak JFR Old Object Samples    Min:  0.0, Avg:  0.0, Max:  0.0, Diff:  0.0, Sum:  0.0, Workers: 4
[1799.324s][debug][gc,phases      ] GC(114)     Dead                           Min: 0, Avg:  0.0, Max: 0, Diff: 0, Sum: 0, Workers: 4
[1799.324s][debug][gc,phases      ] GC(114)     Total                          Min: 0, Avg:  0.0, Max: 0, Diff: 0, Sum: 0, Workers: 4
[1799.324s][debug][gc,phases      ] GC(114) Weak Processing 0.284ms
[1799.324s][debug][gc,age         ] GC(114) Desired survivor size 4718592 bytes, new threshold 15 (max threshold 15)
[1799.324s][info ][gc,heap        ] GC(114) PSYoungGen: 2088000K(2091520K)->1568K(2092544K) Eden: 2086400K(2086400K)->0K(2087424K) From: 1600K(5120K)->1568K(5120K)
[1799.324s][info ][gc,heap        ] GC(114) ParOldGen: 335106K(387072K)->335138K(387072K)
[1799.324s][info ][gc,metaspace   ] GC(114) Metaspace: 79185K(80128K)->79185K(80128K) NonClass: 67864K(68352K)->67864K(68352K) Class: 11321K(11776K)->11321K(11776K)
[1799.324s][info ][gc             ] GC(114) Pause Young (Allocation Failure) 2366M->328M(2421M) 2.708ms
[1799.324s][info ][gc,cpu         ] GC(114) User=0.01s Sys=0.00s Real=0.00s
[1799.324s][info ][safepoint      ] Safepoint "ParallelGCFailedAllocation", Time since last: 21332168310 ns, Reaching safepoint: 109000 ns, At safepoint: 2801304 ns, Total: 2910304 ns
[1801.266s][info ][safepoint      ] Safepoint "Cleanup", Time since last: 1941777412 ns, Reaching safepoint: 119601 ns, At safepoint: 5600 ns, Total: 125201 ns
[1805.267s][info ][safepoint      ] Safepoint "Cleanup", Time since last: 4000319182 ns, Reaching safepoint: 106800 ns, At safepoint: 11900 ns, Total: 118700 ns
[1812.267s][info ][safepoint      ] Safepoint "Cleanup", Time since last: 7000457419 ns, Reaching safepoint: 42500 ns, At safepoint: 9400 ns, Total: 51900 ns
[1819.824s][info ][gc,start       ] GC(115) Pause Young (Allocation Failure)
[1819.826s][debug][gc,phases      ] GC(115) Scavenge 2.819ms
[1819.826s][debug][gc,ref         ] GC(115) Skipped phase 1 of Reference Processing: no references
[1819.827s][debug][gc,ref         ] GC(115) ReferenceProcessor::execute queues: 1, RefProcThreadModel::Single, marks_oops_alive: false
[1819.827s][debug][gc,ref         ] GC(115) Skipped phase 3 of Reference Processing: no references
[1819.827s][debug][gc,ref         ] GC(115) ReferenceProcessor::execute queues: 1, RefProcThreadModel::Single, marks_oops_alive: false
[1819.827s][debug][gc,phases      ] GC(115) Reference Processing 0.085ms
[1819.827s][debug][gc,phases      ] GC(115)   VM Weak                        Min:  0.0, Avg:  0.0, Max:  0.0, Diff:  0.0, Sum:  0.0, Workers: 4
[1819.827s][debug][gc,phases      ] GC(115)     Dead                           Min: 0, Avg:  0.0, Max: 0, Diff: 0, Sum: 0, Workers: 4
[1819.827s][debug][gc,phases      ] GC(115)     Total                          Min: 0, Avg: 179.0, Max: 704, Diff: 704, Sum: 716, Workers: 4
[1819.827s][debug][gc,phases      ] GC(115)   ObjectSynchronizer Weak        Min:  0.0, Avg:  0.0, Max:  0.0, Diff:  0.0, Sum:  0.0, Workers: 4
[1819.827s][debug][gc,phases      ] GC(115)     Dead                           Min: 0, Avg:  0.0, Max: 0, Diff: 0, Sum: 0, Workers: 4
[1819.827s][debug][gc,phases      ] GC(115)     Total                          Min: 0, Avg: 12.0, Max: 48, Diff: 48, Sum: 48, Workers: 4
[1819.827s][debug][gc,phases      ] GC(115)   JVMTI Tag Weak OopStorage      Min:  0.0, Avg:  0.0, Max:  0.0, Diff:  0.0, Sum:  0.0, Workers: 4
[1819.827s][debug][gc,phases      ] GC(115)     Dead                           Min: 0, Avg:  0.0, Max: 0, Diff: 0, Sum: 0, Workers: 4
[1819.827s][debug][gc,phases      ] GC(115)     Total                          Min: 0, Avg:  0.0, Max: 0, Diff: 0, Sum: 0, Workers: 4
[1819.827s][debug][gc,phases      ] GC(115)   StringTable Weak               Min:  0.0, Avg:  0.1, Max:  0.1, Diff:  0.1, Sum:  0.3, Workers: 4
[1819.827s][debug][gc,phases      ] GC(115)     Dead                           Min: 0, Avg:  0.5, Max: 2, Diff: 2, Sum: 2, Workers: 4
[1819.827s][debug][gc,phases      ] GC(115)     Total                          Min: 0, Avg: 10795.2, Max: 18175, Diff: 18175, Sum: 43181, Workers: 4
[1819.827s][debug][gc,phases      ] GC(115)   ResolvedMethodTable Weak       Min:  0.0, Avg:  0.0, Max:  0.0, Diff:  0.0, Sum:  0.1, Workers: 4
[1819.827s][debug][gc,phases      ] GC(115)     Dead                           Min: 0, Avg:  0.0, Max: 0, Diff: 0, Sum: 0, Workers: 4
[1819.827s][debug][gc,phases      ] GC(115)     Total                          Min: 0, Avg: 2172.2, Max: 3953, Diff: 3953, Sum: 8689, Workers: 4
[1819.827s][debug][gc,phases      ] GC(115)   JNI Weak                       Min:  0.0, Avg:  0.0, Max:  0.0, Diff:  0.0, Sum:  0.0, Workers: 4
[1819.827s][debug][gc,phases      ] GC(115)     Dead                           Min: 0, Avg:  0.0, Max: 0, Diff: 0, Sum: 0, Workers: 4
[1819.827s][debug][gc,phases      ] GC(115)     Total                          Min: 0, Avg: 11.2, Max: 45, Diff: 45, Sum: 45, Workers: 4
[1819.827s][debug][gc,phases      ] GC(115)   StringDedup Table Weak         Min:  0.0, Avg:  0.0, Max:  0.0, Diff:  0.0, Sum:  0.0, Workers: 4
[1819.827s][debug][gc,phases      ] GC(115)     Dead                           Min: 0, Avg:  0.0, Max: 0, Diff: 0, Sum: 0, Workers: 4
[1819.827s][debug][gc,phases      ] GC(115)     Total                          Min: 0, Avg:  0.0, Max: 0, Diff: 0, Sum: 0, Workers: 4
[1819.827s][debug][gc,phases      ] GC(115)   StringDedup Requests0 Weak     Min:  0.0, Avg:  0.0, Max:  0.0, Diff:  0.0, Sum:  0.0, Workers: 4
[1819.827s][debug][gc,phases      ] GC(115)     Dead                           Min: 0, Avg:  0.0, Max: 0, Diff: 0, Sum: 0, Workers: 4
[1819.827s][debug][gc,phases      ] GC(115)     Total                          Min: 0, Avg:  0.0, Max: 0, Diff: 0, Sum: 0, Workers: 4
[1819.827s][debug][gc,phases      ] GC(115)   StringDedup Requests1 Weak     Min:  0.0, Avg:  0.0, Max:  0.0, Diff:  0.0, Sum:  0.0, Workers: 4
[1819.827s][debug][gc,phases      ] GC(115)     Dead                           Min: 0, Avg:  0.0, Max: 0, Diff: 0, Sum: 0, Workers: 4
[1819.827s][debug][gc,phases      ] GC(115)     Total                          Min: 0, Avg:  0.0, Max: 0, Diff: 0, Sum: 0, Workers: 4
[1819.827s][debug][gc,phases      ] GC(115)   Weak JFR Old Object Samples    Min:  0.0, Avg:  0.0, Max:  0.0, Diff:  0.0, Sum:  0.0, Workers: 4
[1819.827s][debug][gc,phases      ] GC(115)     Dead                           Min: 0, Avg:  0.0, Max: 0, Diff: 0, Sum: 0, Workers: 4
[1819.827s][debug][gc,phases      ] GC(115)     Total                          Min: 0, Avg:  0.0, Max: 0, Diff: 0, Sum: 0, Workers: 4
[1819.827s][debug][gc,phases      ] GC(115) Weak Processing 0.315ms
[1819.827s][debug][gc,age         ] GC(115) Desired survivor size 4718592 bytes, new threshold 15 (max threshold 15)
[1819.827s][info ][gc,heap        ] GC(115) PSYoungGen: 2088992K(2092544K)->1632K(2092032K) Eden: 2087424K(2087424K)->0K(2087424K) From: 1568K(5120K)->1632K(4608K)
[1819.827s][info ][gc,heap        ] GC(115) ParOldGen: 335138K(387072K)->335162K(387072K)
[1819.827s][info ][gc,metaspace   ] GC(115) Metaspace: 79256K(80128K)->79256K(80128K) NonClass: 67920K(68352K)->67920K(68352K) Class: 11336K(11776K)->11336K(11776K)
[1819.827s][info ][gc             ] GC(115) Pause Young (Allocation Failure) 2367M->328M(2421M) 3.321ms
[1819.827s][info ][gc,cpu         ] GC(115) User=0.01s Sys=0.00s Real=0.01s
[1819.827s][info ][safepoint      ] Safepoint "ParallelGCFailedAllocation", Time since last: 7556257566 ns, Reaching safepoint: 40400 ns, At safepoint: 3392504 ns, Total: 3432904 ns
[1831.828s][info ][safepoint      ] Safepoint "Cleanup", Time since last: 12000749643 ns, Reaching safepoint: 37700 ns, At safepoint: 17000 ns, Total: 54700 ns
[1841.169s][info ][gc,start       ] GC(116) Pause Young (Allocation Failure)
[1841.172s][debug][gc,phases      ] GC(116) Scavenge 2.571ms
[1841.172s][debug][gc,ref         ] GC(116) Skipped phase 1 of Reference Processing: no references
[1841.172s][debug][gc,ref         ] GC(116) ReferenceProcessor::execute queues: 1, RefProcThreadModel::Single, marks_oops_alive: false
[1841.172s][debug][gc,ref         ] GC(116) Skipped phase 3 of Reference Processing: no references
[1841.172s][debug][gc,ref         ] GC(116) ReferenceProcessor::execute queues: 1, RefProcThreadModel::Single, marks_oops_alive: false
[1841.172s][debug][gc,phases      ] GC(116) Reference Processing 0.099ms
[1841.172s][debug][gc,phases      ] GC(116)   VM Weak                        Min:  0.0, Avg:  0.0, Max:  0.0, Diff:  0.0, Sum:  0.0, Workers: 4
[1841.172s][debug][gc,phases      ] GC(116)     Dead                           Min: 0, Avg:  0.0, Max: 0, Diff: 0, Sum: 0, Workers: 4
[1841.172s][debug][gc,phases      ] GC(116)     Total                          Min: 0, Avg: 179.0, Max: 448, Diff: 448, Sum: 716, Workers: 4
[1841.172s][debug][gc,phases      ] GC(116)   ObjectSynchronizer Weak        Min:  0.0, Avg:  0.0, Max:  0.0, Diff:  0.0, Sum:  0.0, Workers: 4
[1841.172s][debug][gc,phases      ] GC(116)     Dead                           Min: 0, Avg:  0.0, Max: 0, Diff: 0, Sum: 0, Workers: 4
[1841.172s][debug][gc,phases      ] GC(116)     Total                          Min: 0, Avg: 12.0, Max: 48, Diff: 48, Sum: 48, Workers: 4
[1841.172s][debug][gc,phases      ] GC(116)   JVMTI Tag Weak OopStorage      Min:  0.0, Avg:  0.0, Max:  0.0, Diff:  0.0, Sum:  0.0, Workers: 4
[1841.172s][debug][gc,phases      ] GC(116)     Dead                           Min: 0, Avg:  0.0, Max: 0, Diff: 0, Sum: 0, Workers: 4
[1841.172s][debug][gc,phases      ] GC(116)     Total                          Min: 0, Avg:  0.0, Max: 0, Diff: 0, Sum: 0, Workers: 4
[1841.172s][debug][gc,phases      ] GC(116)   StringTable Weak               Min:  0.0, Avg:  0.1, Max:  0.1, Diff:  0.1, Sum:  0.4, Workers: 4
[1841.172s][debug][gc,phases      ] GC(116)     Dead                           Min: 0, Avg:  0.0, Max: 0, Diff: 0, Sum: 0, Workers: 4
[1841.172s][debug][gc,phases      ] GC(116)     Total                          Min: 0, Avg: 10795.2, Max: 18733, Diff: 18733, Sum: 43181, Workers: 4
[1841.172s][debug][gc,phases      ] GC(116)   ResolvedMethodTable Weak       Min:  0.0, Avg:  0.0, Max:  0.0, Diff:  0.0, Sum:  0.1, Workers: 4
[1841.172s][debug][gc,phases      ] GC(116)     Dead                           Min: 0, Avg:  0.0, Max: 0, Diff: 0, Sum: 0, Workers: 4
[1841.172s][debug][gc,phases      ] GC(116)     Total                          Min: 0, Avg: 2172.2, Max: 3761, Diff: 3761, Sum: 8689, Workers: 4
[1841.172s][debug][gc,phases      ] GC(116)   JNI Weak                       Min:  0.0, Avg:  0.0, Max:  0.0, Diff:  0.0, Sum:  0.0, Workers: 4
[1841.172s][debug][gc,phases      ] GC(116)     Dead                           Min: 0, Avg:  0.0, Max: 0, Diff: 0, Sum: 0, Workers: 4
[1841.172s][debug][gc,phases      ] GC(116)     Total                          Min: 0, Avg: 11.2, Max: 45, Diff: 45, Sum: 45, Workers: 4
[1841.172s][debug][gc,phases      ] GC(116)   StringDedup Table Weak         Min:  0.0, Avg:  0.0, Max:  0.0, Diff:  0.0, Sum:  0.0, Workers: 4
[1841.172s][debug][gc,phases      ] GC(116)     Dead                           Min: 0, Avg:  0.0, Max: 0, Diff: 0, Sum: 0, Workers: 4
[1841.172s][debug][gc,phases      ] GC(116)     Total                          Min: 0, Avg:  0.0, Max: 0, Diff: 0, Sum: 0, Workers: 4
[1841.172s][debug][gc,phases      ] GC(116)   StringDedup Requests0 Weak     Min:  0.0, Avg:  0.0, Max:  0.0, Diff:  0.0, Sum:  0.0, Workers: 4
[1841.172s][debug][gc,phases      ] GC(116)     Dead                           Min: 0, Avg:  0.0, Max: 0, Diff: 0, Sum: 0, Workers: 4
[1841.172s][debug][gc,phases      ] GC(116)     Total                          Min: 0, Avg:  0.0, Max: 0, Diff: 0, Sum: 0, Workers: 4
[1841.172s][debug][gc,phases      ] GC(116)   StringDedup Requests1 Weak     Min:  0.0, Avg:  0.0, Max:  0.0, Diff:  0.0, Sum:  0.0, Workers: 4
[1841.172s][debug][gc,phases      ] GC(116)     Dead                           Min: 0, Avg:  0.0, Max: 0, Diff: 0, Sum: 0, Workers: 4
[1841.172s][debug][gc,phases      ] GC(116)     Total                          Min: 0, Avg:  0.0, Max: 0, Diff: 0, Sum: 0, Workers: 4
[1841.172s][debug][gc,phases      ] GC(116)   Weak JFR Old Object Samples    Min:  0.0, Avg:  0.0, Max:  0.0, Diff:  0.0, Sum:  0.0, Workers: 4
[1841.172s][debug][gc,phases      ] GC(116)     Dead                           Min: 0, Avg:  0.0, Max: 0, Diff: 0, Sum: 0, Workers: 4
[1841.172s][debug][gc,phases      ] GC(116)     Total                          Min: 0, Avg:  0.0, Max: 0, Diff: 0, Sum: 0, Workers: 4
[1841.172s][debug][gc,phases      ] GC(116) Weak Processing 0.314ms
[1841.172s][debug][gc,age         ] GC(116) Desired survivor size 4194304 bytes, new threshold 15 (max threshold 15)
[1841.172s][info ][gc,heap        ] GC(116) PSYoungGen: 2089056K(2092032K)->1536K(2093056K) Eden: 2087424K(2087424K)->0K(2088448K) From: 1632K(4608K)->1536K(4608K)
[1841.172s][info ][gc,heap        ] GC(116) ParOldGen: 335162K(387072K)->335194K(387072K)
[1841.172s][info ][gc,metaspace   ] GC(116) Metaspace: 79257K(80128K)->79257K(80128K) NonClass: 67921K(68352K)->67921K(68352K) Class: 11336K(11776K)->11336K(11776K)
[1841.172s][info ][gc             ] GC(116) Pause Young (Allocation Failure) 2367M->328M(2422M) 3.075ms
[1841.172s][info ][gc,cpu         ] GC(116) User=0.01s Sys=0.00s Real=0.00s
[1841.172s][info ][safepoint      ] Safepoint "ParallelGCFailedAllocation", Time since last: 9341108763 ns, Reaching safepoint: 30200 ns, At safepoint: 3133204 ns, Total: 3163404 ns
[1862.143s][info ][gc,start       ] GC(117) Pause Young (Allocation Failure)
[1862.146s][debug][gc,phases      ] GC(117) Scavenge 2.204ms
[1862.146s][debug][gc,ref         ] GC(117) Skipped phase 1 of Reference Processing: no references
[1862.146s][debug][gc,ref         ] GC(117) ReferenceProcessor::execute queues: 1, RefProcThreadModel::Single, marks_oops_alive: false
[1862.146s][debug][gc,ref         ] GC(117) Skipped phase 3 of Reference Processing: no references
[1862.146s][debug][gc,ref         ] GC(117) Skipped phase 4 of Reference Processing: no references
[1862.146s][debug][gc,phases      ] GC(117) Reference Processing 0.082ms
[1862.146s][debug][gc,phases      ] GC(117)   VM Weak                        Min:  0.0, Avg:  0.0, Max:  0.0, Diff:  0.0, Sum:  0.0, Workers: 4
[1862.146s][debug][gc,phases      ] GC(117)     Dead                           Min: 0, Avg:  0.0, Max: 0, Diff: 0, Sum: 0, Workers: 4
[1862.146s][debug][gc,phases      ] GC(117)     Total                          Min: 0, Avg: 179.0, Max: 716, Diff: 716, Sum: 716, Workers: 4
[1862.146s][debug][gc,phases      ] GC(117)   ObjectSynchronizer Weak        Min:  0.0, Avg:  0.0, Max:  0.0, Diff:  0.0, Sum:  0.0, Workers: 4
[1862.146s][debug][gc,phases      ] GC(117)     Dead                           Min: 0, Avg:  0.0, Max: 0, Diff: 0, Sum: 0, Workers: 4
[1862.146s][debug][gc,phases      ] GC(117)     Total                          Min: 0, Avg: 12.0, Max: 48, Diff: 48, Sum: 48, Workers: 4
[1862.146s][debug][gc,phases      ] GC(117)   JVMTI Tag Weak OopStorage      Min:  0.0, Avg:  0.0, Max:  0.0, Diff:  0.0, Sum:  0.0, Workers: 4
[1862.146s][debug][gc,phases      ] GC(117)     Dead                           Min: 0, Avg:  0.0, Max: 0, Diff: 0, Sum: 0, Workers: 4
[1862.146s][debug][gc,phases      ] GC(117)     Total                          Min: 0, Avg:  0.0, Max: 0, Diff: 0, Sum: 0, Workers: 4
[1862.146s][debug][gc,phases      ] GC(117)   StringTable Weak               Min:  0.1, Avg:  0.1, Max:  0.1, Diff:  0.0, Sum:  0.4, Workers: 4
[1862.146s][debug][gc,phases      ] GC(117)     Dead                           Min: 0, Avg:  0.0, Max: 0, Diff: 0, Sum: 0, Workers: 4
[1862.146s][debug][gc,phases      ] GC(117)     Total                          Min: 10560, Avg: 10795.2, Max: 11199, Diff: 639, Sum: 43181, Workers: 4
[1862.146s][debug][gc,phases      ] GC(117)   ResolvedMethodTable Weak       Min:  0.0, Avg:  0.0, Max:  0.0, Diff:  0.0, Sum:  0.1, Workers: 4
[1862.146s][debug][gc,phases      ] GC(117)     Dead                           Min: 0, Avg:  0.0, Max: 0, Diff: 0, Sum: 0, Workers: 4
[1862.146s][debug][gc,phases      ] GC(117)     Total                          Min: 2033, Avg: 2172.2, Max: 2432, Diff: 399, Sum: 8689, Workers: 4
[1862.146s][debug][gc,phases      ] GC(117)   JNI Weak                       Min:  0.0, Avg:  0.0, Max:  0.0, Diff:  0.0, Sum:  0.0, Workers: 4
[1862.146s][debug][gc,phases      ] GC(117)     Dead                           Min: 0, Avg:  0.0, Max: 0, Diff: 0, Sum: 0, Workers: 4
[1862.146s][debug][gc,phases      ] GC(117)     Total                          Min: 0, Avg: 11.2, Max: 45, Diff: 45, Sum: 45, Workers: 4
[1862.146s][debug][gc,phases      ] GC(117)   StringDedup Table Weak         Min:  0.0, Avg:  0.0, Max:  0.0, Diff:  0.0, Sum:  0.0, Workers: 4
[1862.146s][debug][gc,phases      ] GC(117)     Dead                           Min: 0, Avg:  0.0, Max: 0, Diff: 0, Sum: 0, Workers: 4
[1862.146s][debug][gc,phases      ] GC(117)     Total                          Min: 0, Avg:  0.0, Max: 0, Diff: 0, Sum: 0, Workers: 4
[1862.146s][debug][gc,phases      ] GC(117)   StringDedup Requests0 Weak     Min:  0.0, Avg:  0.0, Max:  0.0, Diff:  0.0, Sum:  0.0, Workers: 4
[1862.146s][debug][gc,phases      ] GC(117)     Dead                           Min: 0, Avg:  0.0, Max: 0, Diff: 0, Sum: 0, Workers: 4
[1862.146s][debug][gc,phases      ] GC(117)     Total                          Min: 0, Avg:  0.0, Max: 0, Diff: 0, Sum: 0, Workers: 4
[1862.146s][debug][gc,phases      ] GC(117)   StringDedup Requests1 Weak     Min:  0.0, Avg:  0.0, Max:  0.0, Diff:  0.0, Sum:  0.0, Workers: 4
[1862.146s][debug][gc,phases      ] GC(117)     Dead                           Min: 0, Avg:  0.0, Max: 0, Diff: 0, Sum: 0, Workers: 4
[1862.146s][debug][gc,phases      ] GC(117)     Total                          Min: 0, Avg:  0.0, Max: 0, Diff: 0, Sum: 0, Workers: 4
[1862.146s][debug][gc,phases      ] GC(117)   Weak JFR Old Object Samples    Min:  0.0, Avg:  0.0, Max:  0.0, Diff:  0.0, Sum:  0.0, Workers: 4
[1862.146s][debug][gc,phases      ] GC(117)     Dead                           Min: 0, Avg:  0.0, Max: 0, Diff: 0, Sum: 0, Workers: 4
[1862.146s][debug][gc,phases      ] GC(117)     Total                          Min: 0, Avg:  0.0, Max: 0, Diff: 0, Sum: 0, Workers: 4
[1862.146s][debug][gc,phases      ] GC(117) Weak Processing 0.278ms
[1862.146s][debug][gc,age         ] GC(117) Desired survivor size 4194304 bytes, new threshold 15 (max threshold 15)
[1862.146s][info ][gc,heap        ] GC(117) PSYoungGen: 2089984K(2093056K)->1504K(2092544K) Eden: 2088448K(2088448K)->0K(2088448K) From: 1536K(4608K)->1504K(4096K)
[1862.146s][info ][gc,heap        ] GC(117) ParOldGen: 335194K(387072K)->335258K(387072K)
[1862.146s][info ][gc,metaspace   ] GC(117) Metaspace: 79257K(80128K)->79257K(80128K) NonClass: 67921K(68352K)->67921K(68352K) Class: 11336K(11776K)->11336K(11776K)
[1862.146s][info ][gc             ] GC(117) Pause Young (Allocation Failure) 2368M->328M(2421M) 2.664ms
[1862.146s][info ][gc,cpu         ] GC(117) User=0.00s Sys=0.01s Real=0.01s
[1862.146s][info ][safepoint      ] Safepoint "ParallelGCFailedAllocation", Time since last: 20971128399 ns, Reaching safepoint: 96701 ns, At safepoint: 2771903 ns, Total: 2868604 ns
[1866.146s][info ][safepoint      ] Safepoint "Cleanup", Time since last: 4000274078 ns, Reaching safepoint: 125101 ns, At safepoint: 6000 ns, Total: 131101 ns
[1882.803s][info ][gc,start       ] GC(118) Pause Young (Allocation Failure)
[1882.807s][debug][gc,phases      ] GC(118) Scavenge 3.902ms
[1882.807s][debug][gc,ref         ] GC(118) Skipped phase 1 of Reference Processing: no references
[1882.807s][debug][gc,ref         ] GC(118) ReferenceProcessor::execute queues: 1, RefProcThreadModel::Single, marks_oops_alive: false
[1882.807s][debug][gc,ref         ] GC(118) Skipped phase 3 of Reference Processing: no references
[1882.807s][debug][gc,ref         ] GC(118) Skipped phase 4 of Reference Processing: no references
[1882.807s][debug][gc,phases      ] GC(118) Reference Processing 0.081ms
[1882.807s][debug][gc,phases      ] GC(118)   VM Weak                        Min:  0.0, Avg:  0.0, Max:  0.0, Diff:  0.0, Sum:  0.0, Workers: 4
[1882.807s][debug][gc,phases      ] GC(118)     Dead                           Min: 0, Avg:  0.0, Max: 0, Diff: 0, Sum: 0, Workers: 4
[1882.807s][debug][gc,phases      ] GC(118)     Total                          Min: 0, Avg: 179.0, Max: 716, Diff: 716, Sum: 716, Workers: 4
[1882.807s][debug][gc,phases      ] GC(118)   ObjectSynchronizer Weak        Min:  0.0, Avg:  0.0, Max:  0.0, Diff:  0.0, Sum:  0.0, Workers: 4
[1882.807s][debug][gc,phases      ] GC(118)     Dead                           Min: 0, Avg:  0.0, Max: 0, Diff: 0, Sum: 0, Workers: 4
[1882.807s][debug][gc,phases      ] GC(118)     Total                          Min: 0, Avg: 12.0, Max: 48, Diff: 48, Sum: 48, Workers: 4
[1882.807s][debug][gc,phases      ] GC(118)   JVMTI Tag Weak OopStorage      Min:  0.0, Avg:  0.0, Max:  0.0, Diff:  0.0, Sum:  0.0, Workers: 4
[1882.807s][debug][gc,phases      ] GC(118)     Dead                           Min: 0, Avg:  0.0, Max: 0, Diff: 0, Sum: 0, Workers: 4
[1882.807s][debug][gc,phases      ] GC(118)     Total                          Min: 0, Avg:  0.0, Max: 0, Diff: 0, Sum: 0, Workers: 4
[1882.807s][debug][gc,phases      ] GC(118)   StringTable Weak               Min:  0.0, Avg:  0.1, Max:  0.1, Diff:  0.1, Sum:  0.4, Workers: 4
[1882.807s][debug][gc,phases      ] GC(118)     Dead                           Min: 0, Avg:  0.0, Max: 0, Diff: 0, Sum: 0, Workers: 4
[1882.807s][debug][gc,phases      ] GC(118)     Total                          Min: 0, Avg: 10795.2, Max: 18349, Diff: 18349, Sum: 43181, Workers: 4
[1882.807s][debug][gc,phases      ] GC(118)   ResolvedMethodTable Weak       Min:  0.0, Avg:  0.0, Max:  0.0, Diff:  0.0, Sum:  0.1, Workers: 4
[1882.807s][debug][gc,phases      ] GC(118)     Dead                           Min: 0, Avg:  0.0, Max: 0, Diff: 0, Sum: 0, Workers: 4
[1882.807s][debug][gc,phases      ] GC(118)     Total                          Min: 0, Avg: 2172.2, Max: 3776, Diff: 3776, Sum: 8689, Workers: 4
[1882.807s][debug][gc,phases      ] GC(118)   JNI Weak                       Min:  0.0, Avg:  0.0, Max:  0.0, Diff:  0.0, Sum:  0.0, Workers: 4
[1882.807s][debug][gc,phases      ] GC(118)     Dead                           Min: 0, Avg:  0.0, Max: 0, Diff: 0, Sum: 0, Workers: 4
[1882.807s][debug][gc,phases      ] GC(118)     Total                          Min: 0, Avg: 11.2, Max: 45, Diff: 45, Sum: 45, Workers: 4
[1882.807s][debug][gc,phases      ] GC(118)   StringDedup Table Weak         Min:  0.0, Avg:  0.0, Max:  0.0, Diff:  0.0, Sum:  0.0, Workers: 4
[1882.807s][debug][gc,phases      ] GC(118)     Dead                           Min: 0, Avg:  0.0, Max: 0, Diff: 0, Sum: 0, Workers: 4
[1882.807s][debug][gc,phases      ] GC(118)     Total                          Min: 0, Avg:  0.0, Max: 0, Diff: 0, Sum: 0, Workers: 4
[1882.807s][debug][gc,phases      ] GC(118)   StringDedup Requests0 Weak     Min:  0.0, Avg:  0.0, Max:  0.0, Diff:  0.0, Sum:  0.0, Workers: 4
[1882.807s][debug][gc,phases      ] GC(118)     Dead                           Min: 0, Avg:  0.0, Max: 0, Diff: 0, Sum: 0, Workers: 4
[1882.807s][debug][gc,phases      ] GC(118)     Total                          Min: 0, Avg:  0.0, Max: 0, Diff: 0, Sum: 0, Workers: 4
[1882.807s][debug][gc,phases      ] GC(118)   StringDedup Requests1 Weak     Min:  0.0, Avg:  0.0, Max:  0.0, Diff:  0.0, Sum:  0.0, Workers: 4
[1882.807s][debug][gc,phases      ] GC(118)     Dead                           Min: 0, Avg:  0.0, Max: 0, Diff: 0, Sum: 0, Workers: 4
[1882.807s][debug][gc,phases      ] GC(118)     Total                          Min: 0, Avg:  0.0, Max: 0, Diff: 0, Sum: 0, Workers: 4
[1882.807s][debug][gc,phases      ] GC(118)   Weak JFR Old Object Samples    Min:  0.0, Avg:  0.0, Max:  0.0, Diff:  0.0, Sum:  0.0, Workers: 4
[1882.807s][debug][gc,phases      ] GC(118)     Dead                           Min: 0, Avg:  0.0, Max: 0, Diff: 0, Sum: 0, Workers: 4
[1882.807s][debug][gc,phases      ] GC(118)     Total                          Min: 0, Avg:  0.0, Max: 0, Diff: 0, Sum: 0, Workers: 4
[1882.807s][debug][gc,phases      ] GC(118) Weak Processing 0.306ms
[1882.807s][debug][gc,age         ] GC(118) Desired survivor size 4194304 bytes, new threshold 15 (max threshold 15)
[1882.807s][info ][gc,heap        ] GC(118) PSYoungGen: 2089952K(2092544K)->1504K(2093056K) Eden: 2088448K(2088448K)->0K(2088960K) From: 1504K(4096K)->1504K(4096K)
[1882.807s][info ][gc,heap        ] GC(118) ParOldGen: 335258K(387072K)->335282K(387072K)
[1882.807s][info ][gc,metaspace   ] GC(118) Metaspace: 79257K(80128K)->79257K(80128K) NonClass: 67921K(68352K)->67921K(68352K) Class: 11336K(11776K)->11336K(11776K)
[1882.807s][info ][gc             ] GC(118) Pause Young (Allocation Failure) 2368M->328M(2422M) 4.381ms
[1882.807s][info ][gc,cpu         ] GC(118) User=0.02s Sys=0.00s Real=0.01s
[1882.807s][info ][safepoint      ] Safepoint "ParallelGCFailedAllocation", Time since last: 16656486491 ns, Reaching safepoint: 27300 ns, At safepoint: 4442106 ns, Total: 4469406 ns
[1903.674s][info ][gc,start       ] GC(119) Pause Young (Allocation Failure)
[1903.679s][debug][gc,phases      ] GC(119) Scavenge 5.148ms
[1903.679s][debug][gc,ref         ] GC(119) Skipped phase 1 of Reference Processing: no references
[1903.679s][debug][gc,ref         ] GC(119) ReferenceProcessor::execute queues: 1, RefProcThreadModel::Single, marks_oops_alive: false
[1903.679s][debug][gc,ref         ] GC(119) Skipped phase 3 of Reference Processing: no references
[1903.679s][debug][gc,ref         ] GC(119) ReferenceProcessor::execute queues: 1, RefProcThreadModel::Single, marks_oops_alive: false
[1903.679s][debug][gc,phases      ] GC(119) Reference Processing 0.133ms
[1903.679s][debug][gc,phases      ] GC(119)   VM Weak                        Min:  0.0, Avg:  0.0, Max:  0.0, Diff:  0.0, Sum:  0.0, Workers: 4
[1903.679s][debug][gc,phases      ] GC(119)     Dead                           Min: 0, Avg:  0.0, Max: 0, Diff: 0, Sum: 0, Workers: 4
[1903.679s][debug][gc,phases      ] GC(119)     Total                          Min: 0, Avg: 179.0, Max: 716, Diff: 716, Sum: 716, Workers: 4
[1903.679s][debug][gc,phases      ] GC(119)   ObjectSynchronizer Weak        Min:  0.0, Avg:  0.0, Max:  0.0, Diff:  0.0, Sum:  0.0, Workers: 4
[1903.679s][debug][gc,phases      ] GC(119)     Dead                           Min: 0, Avg:  0.0, Max: 0, Diff: 0, Sum: 0, Workers: 4
[1903.679s][debug][gc,phases      ] GC(119)     Total                          Min: 0, Avg: 12.0, Max: 48, Diff: 48, Sum: 48, Workers: 4
[1903.679s][debug][gc,phases      ] GC(119)   JVMTI Tag Weak OopStorage      Min:  0.0, Avg:  0.0, Max:  0.0, Diff:  0.0, Sum:  0.0, Workers: 4
[1903.679s][debug][gc,phases      ] GC(119)     Dead                           Min: 0, Avg:  0.0, Max: 0, Diff: 0, Sum: 0, Workers: 4
[1903.679s][debug][gc,phases      ] GC(119)     Total                          Min: 0, Avg:  0.0, Max: 0, Diff: 0, Sum: 0, Workers: 4
[1903.679s][debug][gc,phases      ] GC(119)   StringTable Weak               Min:  0.1, Avg:  0.1, Max:  0.1, Diff:  0.0, Sum:  0.4, Workers: 4
[1903.679s][debug][gc,phases      ] GC(119)     Dead                           Min: 0, Avg:  0.0, Max: 0, Diff: 0, Sum: 0, Workers: 4
[1903.679s][debug][gc,phases      ] GC(119)     Total                          Min: 9263, Avg: 10795.2, Max: 11968, Diff: 2705, Sum: 43181, Workers: 4
[1903.680s][debug][gc,phases      ] GC(119)   ResolvedMethodTable Weak       Min:  0.0, Avg:  0.0, Max:  0.0, Diff:  0.0, Sum:  0.1, Workers: 4
[1903.680s][debug][gc,phases      ] GC(119)     Dead                           Min: 0, Avg:  0.0, Max: 0, Diff: 0, Sum: 0, Workers: 4
[1903.680s][debug][gc,phases      ] GC(119)     Total                          Min: 2048, Avg: 2172.2, Max: 2240, Diff: 192, Sum: 8689, Workers: 4
[1903.680s][debug][gc,phases      ] GC(119)   JNI Weak                       Min:  0.0, Avg:  0.0, Max:  0.0, Diff:  0.0, Sum:  0.0, Workers: 4
[1903.680s][debug][gc,phases      ] GC(119)     Dead                           Min: 0, Avg:  0.0, Max: 0, Diff: 0, Sum: 0, Workers: 4
[1903.680s][debug][gc,phases      ] GC(119)     Total                          Min: 0, Avg: 11.2, Max: 45, Diff: 45, Sum: 45, Workers: 4
[1903.680s][debug][gc,phases      ] GC(119)   StringDedup Table Weak         Min:  0.0, Avg:  0.0, Max:  0.0, Diff:  0.0, Sum:  0.0, Workers: 4
[1903.680s][debug][gc,phases      ] GC(119)     Dead                           Min: 0, Avg:  0.0, Max: 0, Diff: 0, Sum: 0, Workers: 4
[1903.680s][debug][gc,phases      ] GC(119)     Total                          Min: 0, Avg:  0.0, Max: 0, Diff: 0, Sum: 0, Workers: 4
[1903.680s][debug][gc,phases      ] GC(119)   StringDedup Requests0 Weak     Min:  0.0, Avg:  0.0, Max:  0.0, Diff:  0.0, Sum:  0.0, Workers: 4
[1903.680s][debug][gc,phases      ] GC(119)     Dead                           Min: 0, Avg:  0.0, Max: 0, Diff: 0, Sum: 0, Workers: 4
[1903.680s][debug][gc,phases      ] GC(119)     Total                          Min: 0, Avg:  0.0, Max: 0, Diff: 0, Sum: 0, Workers: 4
[1903.680s][debug][gc,phases      ] GC(119)   StringDedup Requests1 Weak     Min:  0.0, Avg:  0.0, Max:  0.0, Diff:  0.0, Sum:  0.0, Workers: 4
[1903.680s][debug][gc,phases      ] GC(119)     Dead                           Min: 0, Avg:  0.0, Max: 0, Diff: 0, Sum: 0, Workers: 4
[1903.680s][debug][gc,phases      ] GC(119)     Total                          Min: 0, Avg:  0.0, Max: 0, Diff: 0, Sum: 0, Workers: 4
[1903.680s][debug][gc,phases      ] GC(119)   Weak JFR Old Object Samples    Min:  0.0, Avg:  0.0, Max:  0.0, Diff:  0.0, Sum:  0.0, Workers: 4
[1903.680s][debug][gc,phases      ] GC(119)     Dead                           Min: 0, Avg:  0.0, Max: 0, Diff: 0, Sum: 0, Workers: 4
[1903.680s][debug][gc,phases      ] GC(119)     Total                          Min: 0, Avg:  0.0, Max: 0, Diff: 0, Sum: 0, Workers: 4
[1903.680s][debug][gc,phases      ] GC(119) Weak Processing 0.301ms
[1903.680s][debug][gc,age         ] GC(119) Desired survivor size 3670016 bytes, new threshold 15 (max threshold 15)
[1903.680s][info ][gc,heap        ] GC(119) PSYoungGen: 2090464K(2093056K)->1632K(2093056K) Eden: 2088960K(2088960K)->0K(2088960K) From: 1504K(4096K)->1632K(4096K)
[1903.680s][info ][gc,heap        ] GC(119) ParOldGen: 335282K(387072K)->335306K(387072K)
[1903.680s][info ][gc,metaspace   ] GC(119) Metaspace: 79257K(80128K)->79257K(80128K) NonClass: 67921K(68352K)->67921K(68352K) Class: 11336K(11776K)->11336K(11776K)
[1903.680s][info ][gc             ] GC(119) Pause Young (Allocation Failure) 2368M->329M(2422M) 5.713ms
[1903.680s][info ][gc,cpu         ] GC(119) User=0.01s Sys=0.01s Real=0.01s
[1903.680s][info ][safepoint      ] Safepoint "ParallelGCFailedAllocation", Time since last: 20866421243 ns, Reaching safepoint: 99001 ns, At safepoint: 5782407 ns, Total: 5881408 ns
[1916.681s][info ][safepoint      ] Safepoint "Cleanup", Time since last: 13000838970 ns, Reaching safepoint: 40000 ns, At safepoint: 2800 ns, Total: 42800 ns
[1918.681s][info ][safepoint      ] Safepoint "Cleanup", Time since last: 2000162787 ns, Reaching safepoint: 38400 ns, At safepoint: 2500 ns, Total: 40900 ns
[1924.868s][info ][gc,start       ] GC(120) Pause Young (Allocation Failure)
[1924.871s][debug][gc,phases      ] GC(120) Scavenge 3.031ms
[1924.871s][debug][gc,ref         ] GC(120) Skipped phase 1 of Reference Processing: no references
[1924.871s][debug][gc,ref         ] GC(120) ReferenceProcessor::execute queues: 1, RefProcThreadModel::Single, marks_oops_alive: false
[1924.871s][debug][gc,ref         ] GC(120) Skipped phase 3 of Reference Processing: no references
[1924.871s][debug][gc,ref         ] GC(120) Skipped phase 4 of Reference Processing: no references
[1924.871s][debug][gc,phases      ] GC(120) Reference Processing 0.095ms
[1924.871s][debug][gc,phases      ] GC(120)   VM Weak                        Min:  0.0, Avg:  0.0, Max:  0.0, Diff:  0.0, Sum:  0.0, Workers: 4
[1924.871s][debug][gc,phases      ] GC(120)     Dead                           Min: 0, Avg:  0.0, Max: 0, Diff: 0, Sum: 0, Workers: 4
[1924.871s][debug][gc,phases      ] GC(120)     Total                          Min: 0, Avg: 179.0, Max: 716, Diff: 716, Sum: 716, Workers: 4
[1924.871s][debug][gc,phases      ] GC(120)   ObjectSynchronizer Weak        Min:  0.0, Avg:  0.0, Max:  0.0, Diff:  0.0, Sum:  0.0, Workers: 4
[1924.871s][debug][gc,phases      ] GC(120)     Dead                           Min: 0, Avg:  0.0, Max: 0, Diff: 0, Sum: 0, Workers: 4
[1924.871s][debug][gc,phases      ] GC(120)     Total                          Min: 0, Avg: 12.0, Max: 48, Diff: 48, Sum: 48, Workers: 4
[1924.871s][debug][gc,phases      ] GC(120)   JVMTI Tag Weak OopStorage      Min:  0.0, Avg:  0.0, Max:  0.0, Diff:  0.0, Sum:  0.0, Workers: 4
[1924.871s][debug][gc,phases      ] GC(120)     Dead                           Min: 0, Avg:  0.0, Max: 0, Diff: 0, Sum: 0, Workers: 4
[1924.871s][debug][gc,phases      ] GC(120)     Total                          Min: 0, Avg:  0.0, Max: 0, Diff: 0, Sum: 0, Workers: 4
[1924.871s][debug][gc,phases      ] GC(120)   StringTable Weak               Min:  0.0, Avg:  0.1, Max:  0.1, Diff:  0.1, Sum:  0.4, Workers: 4
[1924.871s][debug][gc,phases      ] GC(120)     Dead                           Min: 0, Avg:  0.0, Max: 0, Diff: 0, Sum: 0, Workers: 4
[1924.871s][debug][gc,phases      ] GC(120)     Total                          Min: 0, Avg: 10795.2, Max: 14703, Diff: 14703, Sum: 43181, Workers: 4
[1924.871s][debug][gc,phases      ] GC(120)   ResolvedMethodTable Weak       Min:  0.0, Avg:  0.0, Max:  0.0, Diff:  0.0, Sum:  0.1, Workers: 4
[1924.871s][debug][gc,phases      ] GC(120)     Dead                           Min: 0, Avg:  0.0, Max: 0, Diff: 0, Sum: 0, Workers: 4
[1924.872s][debug][gc,phases      ] GC(120)     Total                          Min: 0, Avg: 2172.2, Max: 2993, Diff: 2993, Sum: 8689, Workers: 4
[1924.872s][debug][gc,phases      ] GC(120)   JNI Weak                       Min:  0.0, Avg:  0.0, Max:  0.0, Diff:  0.0, Sum:  0.0, Workers: 4
[1924.872s][debug][gc,phases      ] GC(120)     Dead                           Min: 0, Avg:  0.0, Max: 0, Diff: 0, Sum: 0, Workers: 4
[1924.872s][debug][gc,phases      ] GC(120)     Total                          Min: 0, Avg: 11.2, Max: 45, Diff: 45, Sum: 45, Workers: 4
[1924.872s][debug][gc,phases      ] GC(120)   StringDedup Table Weak         Min:  0.0, Avg:  0.0, Max:  0.0, Diff:  0.0, Sum:  0.0, Workers: 4
[1924.872s][debug][gc,phases      ] GC(120)     Dead                           Min: 0, Avg:  0.0, Max: 0, Diff: 0, Sum: 0, Workers: 4
[1924.872s][debug][gc,phases      ] GC(120)     Total                          Min: 0, Avg:  0.0, Max: 0, Diff: 0, Sum: 0, Workers: 4
[1924.872s][debug][gc,phases      ] GC(120)   StringDedup Requests0 Weak     Min:  0.0, Avg:  0.0, Max:  0.0, Diff:  0.0, Sum:  0.0, Workers: 4
[1924.872s][debug][gc,phases      ] GC(120)     Dead                           Min: 0, Avg:  0.0, Max: 0, Diff: 0, Sum: 0, Workers: 4
[1924.872s][debug][gc,phases      ] GC(120)     Total                          Min: 0, Avg:  0.0, Max: 0, Diff: 0, Sum: 0, Workers: 4
[1924.872s][debug][gc,phases      ] GC(120)   StringDedup Requests1 Weak     Min:  0.0, Avg:  0.0, Max:  0.0, Diff:  0.0, Sum:  0.0, Workers: 4
[1924.872s][debug][gc,phases      ] GC(120)     Dead                           Min: 0, Avg:  0.0, Max: 0, Diff: 0, Sum: 0, Workers: 4
[1924.872s][debug][gc,phases      ] GC(120)     Total                          Min: 0, Avg:  0.0, Max: 0, Diff: 0, Sum: 0, Workers: 4
[1924.872s][debug][gc,phases      ] GC(120)   Weak JFR Old Object Samples    Min:  0.0, Avg:  0.0, Max:  0.0, Diff:  0.0, Sum:  0.0, Workers: 4
[1924.872s][debug][gc,phases      ] GC(120)     Dead                           Min: 0, Avg:  0.0, Max: 0, Diff: 0, Sum: 0, Workers: 4
[1924.872s][debug][gc,phases      ] GC(120)     Total                          Min: 0, Avg:  0.0, Max: 0, Diff: 0, Sum: 0, Workers: 4
[1924.872s][debug][gc,phases      ] GC(120) Weak Processing 0.336ms
[1924.872s][debug][gc,age         ] GC(120) Desired survivor size 3670016 bytes, new threshold 15 (max threshold 15)
[1924.872s][info ][gc,heap        ] GC(120) PSYoungGen: 2090592K(2093056K)->1632K(2093568K) Eden: 2088960K(2088960K)->0K(2089984K) From: 1632K(4096K)->1632K(3584K)
[1924.872s][info ][gc,heap        ] GC(120) ParOldGen: 335306K(387072K)->335322K(387072K)
[1924.872s][info ][gc,metaspace   ] GC(120) Metaspace: 79258K(80128K)->79258K(80128K) NonClass: 67922K(68352K)->67922K(68352K) Class: 11336K(11776K)->11336K(11776K)
[1924.872s][info ][gc             ] GC(120) Pause Young (Allocation Failure) 2369M->329M(2422M) 3.552ms
[1924.872s][info ][gc,cpu         ] GC(120) User=0.02s Sys=0.00s Real=0.00s
[1924.872s][info ][safepoint      ] Safepoint "ParallelGCFailedAllocation", Time since last: 6187235713 ns, Reaching safepoint: 27500 ns, At safepoint: 3612005 ns, Total: 3639505 ns
[1945.821s][info ][gc,start       ] GC(121) Pause Young (Allocation Failure)
[1945.824s][debug][gc,phases      ] GC(121) Scavenge 2.302ms
[1945.824s][debug][gc,ref         ] GC(121) Skipped phase 1 of Reference Processing: no references
[1945.824s][debug][gc,ref         ] GC(121) ReferenceProcessor::execute queues: 1, RefProcThreadModel::Single, marks_oops_alive: false
[1945.824s][debug][gc,ref         ] GC(121) Skipped phase 3 of Reference Processing: no references
[1945.824s][debug][gc,ref         ] GC(121) Skipped phase 4 of Reference Processing: no references
[1945.824s][debug][gc,phases      ] GC(121) Reference Processing 0.082ms
[1945.824s][debug][gc,phases      ] GC(121)   VM Weak                        Min:  0.0, Avg:  0.0, Max:  0.0, Diff:  0.0, Sum:  0.0, Workers: 4
[1945.824s][debug][gc,phases      ] GC(121)     Dead                           Min: 0, Avg:  0.0, Max: 0, Diff: 0, Sum: 0, Workers: 4
[1945.824s][debug][gc,phases      ] GC(121)     Total                          Min: 0, Avg: 179.0, Max: 396, Diff: 396, Sum: 716, Workers: 4
[1945.824s][debug][gc,phases      ] GC(121)   ObjectSynchronizer Weak        Min:  0.0, Avg:  0.0, Max:  0.0, Diff:  0.0, Sum:  0.0, Workers: 4
[1945.824s][debug][gc,phases      ] GC(121)     Dead                           Min: 0, Avg:  0.0, Max: 0, Diff: 0, Sum: 0, Workers: 4
[1945.824s][debug][gc,phases      ] GC(121)     Total                          Min: 0, Avg: 12.0, Max: 48, Diff: 48, Sum: 48, Workers: 4
[1945.824s][debug][gc,phases      ] GC(121)   JVMTI Tag Weak OopStorage      Min:  0.0, Avg:  0.0, Max:  0.0, Diff:  0.0, Sum:  0.0, Workers: 4
[1945.824s][debug][gc,phases      ] GC(121)     Dead                           Min: 0, Avg:  0.0, Max: 0, Diff: 0, Sum: 0, Workers: 4
[1945.824s][debug][gc,phases      ] GC(121)     Total                          Min: 0, Avg:  0.0, Max: 0, Diff: 0, Sum: 0, Workers: 4
[1945.824s][debug][gc,phases      ] GC(121)   StringTable Weak               Min:  0.1, Avg:  0.1, Max:  0.1, Diff:  0.0, Sum:  0.4, Workers: 4
[1945.824s][debug][gc,phases      ] GC(121)     Dead                           Min: 0, Avg:  0.0, Max: 0, Diff: 0, Sum: 0, Workers: 4
[1945.824s][debug][gc,phases      ] GC(121)     Total                          Min: 10559, Avg: 10795.2, Max: 11136, Diff: 577, Sum: 43181, Workers: 4
[1945.824s][debug][gc,phases      ] GC(121)   ResolvedMethodTable Weak       Min:  0.0, Avg:  0.0, Max:  0.0, Diff:  0.0, Sum:  0.1, Workers: 4
[1945.824s][debug][gc,phases      ] GC(121)     Dead                           Min: 0, Avg:  0.0, Max: 0, Diff: 0, Sum: 0, Workers: 4
[1945.824s][debug][gc,phases      ] GC(121)     Total                          Min: 2097, Avg: 2172.2, Max: 2240, Diff: 143, Sum: 8689, Workers: 4
[1945.824s][debug][gc,phases      ] GC(121)   JNI Weak                       Min:  0.0, Avg:  0.0, Max:  0.0, Diff:  0.0, Sum:  0.0, Workers: 4
[1945.824s][debug][gc,phases      ] GC(121)     Dead                           Min: 0, Avg:  0.0, Max: 0, Diff: 0, Sum: 0, Workers: 4
[1945.824s][debug][gc,phases      ] GC(121)     Total                          Min: 0, Avg: 11.2, Max: 45, Diff: 45, Sum: 45, Workers: 4
[1945.824s][debug][gc,phases      ] GC(121)   StringDedup Table Weak         Min:  0.0, Avg:  0.0, Max:  0.0, Diff:  0.0, Sum:  0.0, Workers: 4
[1945.824s][debug][gc,phases      ] GC(121)     Dead                           Min: 0, Avg:  0.0, Max: 0, Diff: 0, Sum: 0, Workers: 4
[1945.824s][debug][gc,phases      ] GC(121)     Total                          Min: 0, Avg:  0.0, Max: 0, Diff: 0, Sum: 0, Workers: 4
[1945.824s][debug][gc,phases      ] GC(121)   StringDedup Requests0 Weak     Min:  0.0, Avg:  0.0, Max:  0.0, Diff:  0.0, Sum:  0.0, Workers: 4
[1945.824s][debug][gc,phases      ] GC(121)     Dead                           Min: 0, Avg:  0.0, Max: 0, Diff: 0, Sum: 0, Workers: 4
[1945.824s][debug][gc,phases      ] GC(121)     Total                          Min: 0, Avg:  0.0, Max: 0, Diff: 0, Sum: 0, Workers: 4
[1945.824s][debug][gc,phases      ] GC(121)   StringDedup Requests1 Weak     Min:  0.0, Avg:  0.0, Max:  0.0, Diff:  0.0, Sum:  0.0, Workers: 4
[1945.824s][debug][gc,phases      ] GC(121)     Dead                           Min: 0, Avg:  0.0, Max: 0, Diff: 0, Sum: 0, Workers: 4
[1945.824s][debug][gc,phases      ] GC(121)     Total                          Min: 0, Avg:  0.0, Max: 0, Diff: 0, Sum: 0, Workers: 4
[1945.824s][debug][gc,phases      ] GC(121)   Weak JFR Old Object Samples    Min:  0.0, Avg:  0.0, Max:  0.0, Diff:  0.0, Sum:  0.0, Workers: 4
[1945.824s][debug][gc,phases      ] GC(121)     Dead                           Min: 0, Avg:  0.0, Max: 0, Diff: 0, Sum: 0, Workers: 4
[1945.824s][debug][gc,phases      ] GC(121)     Total                          Min: 0, Avg:  0.0, Max: 0, Diff: 0, Sum: 0, Workers: 4
[1945.824s][debug][gc,phases      ] GC(121) Weak Processing 0.280ms
[1945.824s][debug][gc,age         ] GC(121) Desired survivor size 3670016 bytes, new threshold 15 (max threshold 15)
[1945.824s][info ][gc,heap        ] GC(121) PSYoungGen: 2091616K(2093568K)->1728K(2093568K) Eden: 2089984K(2089984K)->0K(2089984K) From: 1632K(3584K)->1728K(3584K)
[1945.824s][info ][gc,heap        ] GC(121) ParOldGen: 335322K(387072K)->335338K(387072K)
[1945.824s][info ][gc,metaspace   ] GC(121) Metaspace: 79259K(80128K)->79259K(80128K) NonClass: 67922K(68352K)->67922K(68352K) Class: 11336K(11776K)->11336K(11776K)
[1945.824s][info ][gc             ] GC(121) Pause Young (Allocation Failure) 2370M->329M(2422M) 2.758ms
[1945.824s][info ][gc,cpu         ] GC(121) User=0.01s Sys=0.00s Real=0.00s
[1945.824s][info ][safepoint      ] Safepoint "ParallelGCFailedAllocation", Time since last: 20949421742 ns, Reaching safepoint: 100900 ns, At safepoint: 2820004 ns, Total: 2920904 ns
[1951.825s][info ][safepoint      ] Safepoint "Cleanup", Time since last: 6000426659 ns, Reaching safepoint: 122400 ns, At safepoint: 5800 ns, Total: 128200 ns
[1967.003s][info ][gc,start       ] GC(122) Pause Young (Allocation Failure)
[1967.006s][debug][gc,phases      ] GC(122) Scavenge 2.701ms
[1967.006s][debug][gc,ref         ] GC(122) Skipped phase 1 of Reference Processing: no references
[1967.006s][debug][gc,ref         ] GC(122) ReferenceProcessor::execute queues: 1, RefProcThreadModel::Single, marks_oops_alive: false
[1967.006s][debug][gc,ref         ] GC(122) Skipped phase 3 of Reference Processing: no references
[1967.006s][debug][gc,ref         ] GC(122) ReferenceProcessor::execute queues: 1, RefProcThreadModel::Single, marks_oops_alive: false
[1967.006s][debug][gc,phases      ] GC(122) Reference Processing 0.084ms
[1967.006s][debug][gc,phases      ] GC(122)   VM Weak                        Min:  0.0, Avg:  0.0, Max:  0.0, Diff:  0.0, Sum:  0.0, Workers: 4
[1967.006s][debug][gc,phases      ] GC(122)     Dead                           Min: 0, Avg:  0.0, Max: 0, Diff: 0, Sum: 0, Workers: 4
[1967.006s][debug][gc,phases      ] GC(122)     Total                          Min: 0, Avg: 179.0, Max: 716, Diff: 716, Sum: 716, Workers: 4
[1967.006s][debug][gc,phases      ] GC(122)   ObjectSynchronizer Weak        Min:  0.0, Avg:  0.0, Max:  0.0, Diff:  0.0, Sum:  0.0, Workers: 4
[1967.006s][debug][gc,phases      ] GC(122)     Dead                           Min: 0, Avg:  0.0, Max: 0, Diff: 0, Sum: 0, Workers: 4
[1967.006s][debug][gc,phases      ] GC(122)     Total                          Min: 0, Avg: 12.0, Max: 48, Diff: 48, Sum: 48, Workers: 4
[1967.006s][debug][gc,phases      ] GC(122)   JVMTI Tag Weak OopStorage      Min:  0.0, Avg:  0.0, Max:  0.0, Diff:  0.0, Sum:  0.0, Workers: 4
[1967.006s][debug][gc,phases      ] GC(122)     Dead                           Min: 0, Avg:  0.0, Max: 0, Diff: 0, Sum: 0, Workers: 4
[1967.006s][debug][gc,phases      ] GC(122)     Total                          Min: 0, Avg:  0.0, Max: 0, Diff: 0, Sum: 0, Workers: 4
[1967.006s][debug][gc,phases      ] GC(122)   StringTable Weak               Min:  0.1, Avg:  0.1, Max:  0.1, Diff:  0.0, Sum:  0.4, Workers: 4
[1967.006s][debug][gc,phases      ] GC(122)     Dead                           Min: 0, Avg:  0.0, Max: 0, Diff: 0, Sum: 0, Workers: 4
[1967.006s][debug][gc,phases      ] GC(122)     Total                          Min: 9863, Avg: 10801.8, Max: 11520, Diff: 1657, Sum: 43207, Workers: 4
[1967.006s][debug][gc,phases      ] GC(122)   ResolvedMethodTable Weak       Min:  0.0, Avg:  0.0, Max:  0.0, Diff:  0.0, Sum:  0.1, Workers: 4
[1967.006s][debug][gc,phases      ] GC(122)     Dead                           Min: 0, Avg:  0.0, Max: 0, Diff: 0, Sum: 0, Workers: 4
[1967.006s][debug][gc,phases      ] GC(122)     Total                          Min: 2112, Avg: 2172.2, Max: 2240, Diff: 128, Sum: 8689, Workers: 4
[1967.006s][debug][gc,phases      ] GC(122)   JNI Weak                       Min:  0.0, Avg:  0.0, Max:  0.0, Diff:  0.0, Sum:  0.0, Workers: 4
[1967.006s][debug][gc,phases      ] GC(122)     Dead                           Min: 0, Avg:  0.0, Max: 0, Diff: 0, Sum: 0, Workers: 4
[1967.006s][debug][gc,phases      ] GC(122)     Total                          Min: 0, Avg: 11.2, Max: 45, Diff: 45, Sum: 45, Workers: 4
[1967.006s][debug][gc,phases      ] GC(122)   StringDedup Table Weak         Min:  0.0, Avg:  0.0, Max:  0.0, Diff:  0.0, Sum:  0.0, Workers: 4
[1967.006s][debug][gc,phases      ] GC(122)     Dead                           Min: 0, Avg:  0.0, Max: 0, Diff: 0, Sum: 0, Workers: 4
[1967.006s][debug][gc,phases      ] GC(122)     Total                          Min: 0, Avg:  0.0, Max: 0, Diff: 0, Sum: 0, Workers: 4
[1967.006s][debug][gc,phases      ] GC(122)   StringDedup Requests0 Weak     Min:  0.0, Avg:  0.0, Max:  0.0, Diff:  0.0, Sum:  0.0, Workers: 4
[1967.006s][debug][gc,phases      ] GC(122)     Dead                           Min: 0, Avg:  0.0, Max: 0, Diff: 0, Sum: 0, Workers: 4
[1967.006s][debug][gc,phases      ] GC(122)     Total                          Min: 0, Avg:  0.0, Max: 0, Diff: 0, Sum: 0, Workers: 4
[1967.006s][debug][gc,phases      ] GC(122)   StringDedup Requests1 Weak     Min:  0.0, Avg:  0.0, Max:  0.0, Diff:  0.0, Sum:  0.0, Workers: 4
[1967.006s][debug][gc,phases      ] GC(122)     Dead                           Min: 0, Avg:  0.0, Max: 0, Diff: 0, Sum: 0, Workers: 4
[1967.006s][debug][gc,phases      ] GC(122)     Total                          Min: 0, Avg:  0.0, Max: 0, Diff: 0, Sum: 0, Workers: 4
[1967.006s][debug][gc,phases      ] GC(122)   Weak JFR Old Object Samples    Min:  0.0, Avg:  0.0, Max:  0.0, Diff:  0.0, Sum:  0.0, Workers: 4
[1967.006s][debug][gc,phases      ] GC(122)     Dead                           Min: 0, Avg:  0.0, Max: 0, Diff: 0, Sum: 0, Workers: 4
[1967.006s][debug][gc,phases      ] GC(122)     Total                          Min: 0, Avg:  0.0, Max: 0, Diff: 0, Sum: 0, Workers: 4
[1967.006s][debug][gc,phases      ] GC(122) Weak Processing 0.280ms
[1967.006s][debug][gc,age         ] GC(122) Desired survivor size 3145728 bytes, new threshold 15 (max threshold 15)
[1967.006s][info ][gc,heap        ] GC(122) PSYoungGen: 2091712K(2093568K)->1760K(2094080K) Eden: 2089984K(2089984K)->0K(2090496K) From: 1728K(3584K)->1760K(3584K)
[1967.006s][info ][gc,heap        ] GC(122) ParOldGen: 335338K(387072K)->335362K(387072K)
[1967.006s][info ][gc,metaspace   ] GC(122) Metaspace: 79267K(80192K)->79267K(80192K) NonClass: 67930K(68416K)->67930K(68416K) Class: 11337K(11776K)->11337K(11776K)
[1967.006s][info ][gc             ] GC(122) Pause Young (Allocation Failure) 2370M->329M(2423M) 3.180ms
[1967.006s][info ][gc,cpu         ] GC(122) User=0.00s Sys=0.01s Real=0.01s
[1967.006s][info ][safepoint      ] Safepoint "ParallelGCFailedAllocation", Time since last: 15178165484 ns, Reaching safepoint: 99500 ns, At safepoint: 3244805 ns, Total: 3344305 ns
[1988.721s][info ][gc,start       ] GC(123) Pause Young (Allocation Failure)
[1988.723s][debug][gc,phases      ] GC(123) Scavenge 2.230ms
[1988.723s][debug][gc,ref         ] GC(123) Skipped phase 1 of Reference Processing: no references
[1988.723s][debug][gc,ref         ] GC(123) ReferenceProcessor::execute queues: 1, RefProcThreadModel::Single, marks_oops_alive: false
[1988.723s][debug][gc,ref         ] GC(123) Skipped phase 3 of Reference Processing: no references
[1988.723s][debug][gc,ref         ] GC(123) ReferenceProcessor::execute queues: 1, RefProcThreadModel::Single, marks_oops_alive: false
[1988.723s][debug][gc,phases      ] GC(123) Reference Processing 0.079ms
[1988.723s][debug][gc,phases      ] GC(123)   VM Weak                        Min:  0.0, Avg:  0.0, Max:  0.0, Diff:  0.0, Sum:  0.0, Workers: 4
[1988.723s][debug][gc,phases      ] GC(123)     Dead                           Min: 0, Avg:  0.0, Max: 0, Diff: 0, Sum: 0, Workers: 4
[1988.723s][debug][gc,phases      ] GC(123)     Total                          Min: 0, Avg: 179.0, Max: 716, Diff: 716, Sum: 716, Workers: 4
[1988.723s][debug][gc,phases      ] GC(123)   ObjectSynchronizer Weak        Min:  0.0, Avg:  0.0, Max:  0.0, Diff:  0.0, Sum:  0.0, Workers: 4
[1988.723s][debug][gc,phases      ] GC(123)     Dead                           Min: 0, Avg:  0.0, Max: 0, Diff: 0, Sum: 0, Workers: 4
[1988.723s][debug][gc,phases      ] GC(123)     Total                          Min: 0, Avg: 12.0, Max: 48, Diff: 48, Sum: 48, Workers: 4
[1988.723s][debug][gc,phases      ] GC(123)   JVMTI Tag Weak OopStorage      Min:  0.0, Avg:  0.0, Max:  0.0, Diff:  0.0, Sum:  0.0, Workers: 4
[1988.723s][debug][gc,phases      ] GC(123)     Dead                           Min: 0, Avg:  0.0, Max: 0, Diff: 0, Sum: 0, Workers: 4
[1988.723s][debug][gc,phases      ] GC(123)     Total                          Min: 0, Avg:  0.0, Max: 0, Diff: 0, Sum: 0, Workers: 4
[1988.723s][debug][gc,phases      ] GC(123)   StringTable Weak               Min:  0.1, Avg:  0.1, Max:  0.1, Diff:  0.0, Sum:  0.4, Workers: 4
[1988.723s][debug][gc,phases      ] GC(123)     Dead                           Min: 0, Avg:  0.0, Max: 0, Diff: 0, Sum: 0, Workers: 4
[1988.723s][debug][gc,phases      ] GC(123)     Total                          Min: 9536, Avg: 10801.8, Max: 11840, Diff: 2304, Sum: 43207, Workers: 4
[1988.723s][debug][gc,phases      ] GC(123)   ResolvedMethodTable Weak       Min:  0.0, Avg:  0.0, Max:  0.0, Diff:  0.0, Sum:  0.1, Workers: 4
[1988.723s][debug][gc,phases      ] GC(123)     Dead                           Min: 0, Avg:  0.0, Max: 0, Diff: 0, Sum: 0, Workers: 4
[1988.723s][debug][gc,phases      ] GC(123)     Total                          Min: 2161, Avg: 2172.2, Max: 2176, Diff: 15, Sum: 8689, Workers: 4
[1988.723s][debug][gc,phases      ] GC(123)   JNI Weak                       Min:  0.0, Avg:  0.0, Max:  0.0, Diff:  0.0, Sum:  0.0, Workers: 4
[1988.723s][debug][gc,phases      ] GC(123)     Dead                           Min: 0, Avg:  0.0, Max: 0, Diff: 0, Sum: 0, Workers: 4
[1988.723s][debug][gc,phases      ] GC(123)     Total                          Min: 0, Avg: 11.2, Max: 45, Diff: 45, Sum: 45, Workers: 4
[1988.723s][debug][gc,phases      ] GC(123)   StringDedup Table Weak         Min:  0.0, Avg:  0.0, Max:  0.0, Diff:  0.0, Sum:  0.0, Workers: 4
[1988.723s][debug][gc,phases      ] GC(123)     Dead                           Min: 0, Avg:  0.0, Max: 0, Diff: 0, Sum: 0, Workers: 4
[1988.723s][debug][gc,phases      ] GC(123)     Total                          Min: 0, Avg:  0.0, Max: 0, Diff: 0, Sum: 0, Workers: 4
[1988.723s][debug][gc,phases      ] GC(123)   StringDedup Requests0 Weak     Min:  0.0, Avg:  0.0, Max:  0.0, Diff:  0.0, Sum:  0.0, Workers: 4
[1988.723s][debug][gc,phases      ] GC(123)     Dead                           Min: 0, Avg:  0.0, Max: 0, Diff: 0, Sum: 0, Workers: 4
[1988.723s][debug][gc,phases      ] GC(123)     Total                          Min: 0, Avg:  0.0, Max: 0, Diff: 0, Sum: 0, Workers: 4
[1988.723s][debug][gc,phases      ] GC(123)   StringDedup Requests1 Weak     Min:  0.0, Avg:  0.0, Max:  0.0, Diff:  0.0, Sum:  0.0, Workers: 4
[1988.723s][debug][gc,phases      ] GC(123)     Dead                           Min: 0, Avg:  0.0, Max: 0, Diff: 0, Sum: 0, Workers: 4
[1988.723s][debug][gc,phases      ] GC(123)     Total                          Min: 0, Avg:  0.0, Max: 0, Diff: 0, Sum: 0, Workers: 4
[1988.723s][debug][gc,phases      ] GC(123)   Weak JFR Old Object Samples    Min:  0.0, Avg:  0.0, Max:  0.0, Diff:  0.0, Sum:  0.0, Workers: 4
[1988.723s][debug][gc,phases      ] GC(123)     Dead                           Min: 0, Avg:  0.0, Max: 0, Diff: 0, Sum: 0, Workers: 4
[1988.723s][debug][gc,phases      ] GC(123)     Total                          Min: 0, Avg:  0.0, Max: 0, Diff: 0, Sum: 0, Workers: 4
[1988.723s][debug][gc,phases      ] GC(123) Weak Processing 0.329ms
[1988.723s][debug][gc,age         ] GC(123) Desired survivor size 3145728 bytes, new threshold 15 (max threshold 15)
[1988.723s][info ][gc,heap        ] GC(123) PSYoungGen: 2092256K(2094080K)->1696K(2093568K) Eden: 2090496K(2090496K)->0K(2090496K) From: 1760K(3584K)->1696K(3072K)
[1988.723s][info ][gc,heap        ] GC(123) ParOldGen: 335362K(387072K)->335394K(387072K)
[1988.723s][info ][gc,metaspace   ] GC(123) Metaspace: 79268K(80192K)->79268K(80192K) NonClass: 67931K(68416K)->67931K(68416K) Class: 11337K(11776K)->11337K(11776K)
[1988.723s][info ][gc             ] GC(123) Pause Young (Allocation Failure) 2370M->329M(2422M) 2.726ms
[1988.723s][info ][gc,cpu         ] GC(123) User=0.01s Sys=0.00s Real=0.00s
[1988.723s][info ][safepoint      ] Safepoint "ParallelGCFailedAllocation", Time since last: 21714632257 ns, Reaching safepoint: 28300 ns, At safepoint: 2804804 ns, Total: 2833104 ns
[2000.724s][info ][safepoint      ] Safepoint "Cleanup", Time since last: 12000736211 ns, Reaching safepoint: 28000 ns, At safepoint: 2100 ns, Total: 30100 ns
[2001.724s][info ][safepoint      ] Safepoint "Cleanup", Time since last: 1000135542 ns, Reaching safepoint: 77100 ns, At safepoint: 2300 ns, Total: 79400 ns
[2006.725s][info ][safepoint      ] Safepoint "Cleanup", Time since last: 5000352813 ns, Reaching safepoint: 39800 ns, At safepoint: 2800 ns, Total: 42600 ns
[2007.725s][info ][safepoint      ] Safepoint "Cleanup", Time since last: 1000099742 ns, Reaching safepoint: 41700 ns, At safepoint: 2300 ns, Total: 44000 ns
[2009.725s][info ][safepoint      ] Safepoint "Cleanup", Time since last: 2000120985 ns, Reaching safepoint: 45200 ns, At safepoint: 2300 ns, Total: 47500 ns
[2010.369s][info ][gc,start       ] GC(124) Pause Young (Allocation Failure)
[2010.373s][debug][gc,phases      ] GC(124) Scavenge 3.498ms
[2010.373s][debug][gc,ref         ] GC(124) Skipped phase 1 of Reference Processing: no references
[2010.373s][debug][gc,ref         ] GC(124) ReferenceProcessor::execute queues: 1, RefProcThreadModel::Single, marks_oops_alive: false
[2010.373s][debug][gc,ref         ] GC(124) Skipped phase 3 of Reference Processing: no references
[2010.373s][debug][gc,ref         ] GC(124) ReferenceProcessor::execute queues: 1, RefProcThreadModel::Single, marks_oops_alive: false
[2010.373s][debug][gc,phases      ] GC(124) Reference Processing 0.090ms
[2010.373s][debug][gc,phases      ] GC(124)   VM Weak                        Min:  0.0, Avg:  0.0, Max:  0.0, Diff:  0.0, Sum:  0.0, Workers: 4
[2010.373s][debug][gc,phases      ] GC(124)     Dead                           Min: 0, Avg:  0.0, Max: 0, Diff: 0, Sum: 0, Workers: 4
[2010.373s][debug][gc,phases      ] GC(124)     Total                          Min: 0, Avg: 181.0, Max: 576, Diff: 576, Sum: 724, Workers: 4
[2010.373s][debug][gc,phases      ] GC(124)   ObjectSynchronizer Weak        Min:  0.0, Avg:  0.0, Max:  0.0, Diff:  0.0, Sum:  0.0, Workers: 4
[2010.373s][debug][gc,phases      ] GC(124)     Dead                           Min: 0, Avg:  0.0, Max: 0, Diff: 0, Sum: 0, Workers: 4
[2010.373s][debug][gc,phases      ] GC(124)     Total                          Min: 0, Avg: 12.0, Max: 48, Diff: 48, Sum: 48, Workers: 4
[2010.373s][debug][gc,phases      ] GC(124)   JVMTI Tag Weak OopStorage      Min:  0.0, Avg:  0.0, Max:  0.0, Diff:  0.0, Sum:  0.0, Workers: 4
[2010.373s][debug][gc,phases      ] GC(124)     Dead                           Min: 0, Avg:  0.0, Max: 0, Diff: 0, Sum: 0, Workers: 4
[2010.373s][debug][gc,phases      ] GC(124)     Total                          Min: 0, Avg:  0.0, Max: 0, Diff: 0, Sum: 0, Workers: 4
[2010.373s][debug][gc,phases      ] GC(124)   StringTable Weak               Min:  0.0, Avg:  0.1, Max:  0.1, Diff:  0.1, Sum:  0.3, Workers: 4
[2010.373s][debug][gc,phases      ] GC(124)     Dead                           Min: 0, Avg:  0.5, Max: 2, Diff: 2, Sum: 2, Workers: 4
[2010.373s][debug][gc,phases      ] GC(124)     Total                          Min: 0, Avg: 10829.0, Max: 18036, Diff: 18036, Sum: 43316, Workers: 4
[2010.373s][debug][gc,phases      ] GC(124)   ResolvedMethodTable Weak       Min:  0.0, Avg:  0.0, Max:  0.0, Diff:  0.0, Sum:  0.1, Workers: 4
[2010.373s][debug][gc,phases      ] GC(124)     Dead                           Min: 0, Avg:  0.0, Max: 0, Diff: 0, Sum: 0, Workers: 4
[2010.373s][debug][gc,phases      ] GC(124)     Total                          Min: 0, Avg: 2183.8, Max: 3103, Diff: 3103, Sum: 8735, Workers: 4
[2010.373s][debug][gc,phases      ] GC(124)   JNI Weak                       Min:  0.0, Avg:  0.0, Max:  0.0, Diff:  0.0, Sum:  0.0, Workers: 4
[2010.373s][debug][gc,phases      ] GC(124)     Dead                           Min: 0, Avg:  0.0, Max: 0, Diff: 0, Sum: 0, Workers: 4
[2010.373s][debug][gc,phases      ] GC(124)     Total                          Min: 0, Avg: 11.2, Max: 45, Diff: 45, Sum: 45, Workers: 4
[2010.373s][debug][gc,phases      ] GC(124)   StringDedup Table Weak         Min:  0.0, Avg:  0.0, Max:  0.0, Diff:  0.0, Sum:  0.0, Workers: 4
[2010.373s][debug][gc,phases      ] GC(124)     Dead                           Min: 0, Avg:  0.0, Max: 0, Diff: 0, Sum: 0, Workers: 4
[2010.373s][debug][gc,phases      ] GC(124)     Total                          Min: 0, Avg:  0.0, Max: 0, Diff: 0, Sum: 0, Workers: 4
[2010.373s][debug][gc,phases      ] GC(124)   StringDedup Requests0 Weak     Min:  0.0, Avg:  0.0, Max:  0.0, Diff:  0.0, Sum:  0.0, Workers: 4
[2010.373s][debug][gc,phases      ] GC(124)     Dead                           Min: 0, Avg:  0.0, Max: 0, Diff: 0, Sum: 0, Workers: 4
[2010.373s][debug][gc,phases      ] GC(124)     Total                          Min: 0, Avg:  0.0, Max: 0, Diff: 0, Sum: 0, Workers: 4
[2010.373s][debug][gc,phases      ] GC(124)   StringDedup Requests1 Weak     Min:  0.0, Avg:  0.0, Max:  0.0, Diff:  0.0, Sum:  0.0, Workers: 4
[2010.373s][debug][gc,phases      ] GC(124)     Dead                           Min: 0, Avg:  0.0, Max: 0, Diff: 0, Sum: 0, Workers: 4
[2010.373s][debug][gc,phases      ] GC(124)     Total                          Min: 0, Avg:  0.0, Max: 0, Diff: 0, Sum: 0, Workers: 4
[2010.373s][debug][gc,phases      ] GC(124)   Weak JFR Old Object Samples    Min:  0.0, Avg:  0.0, Max:  0.0, Diff:  0.0, Sum:  0.0, Workers: 4
[2010.373s][debug][gc,phases      ] GC(124)     Dead                           Min: 0, Avg:  0.0, Max: 0, Diff: 0, Sum: 0, Workers: 4
[2010.373s][debug][gc,phases      ] GC(124)     Total                          Min: 0, Avg:  0.0, Max: 0, Diff: 0, Sum: 0, Workers: 4
[2010.373s][debug][gc,phases      ] GC(124) Weak Processing 0.308ms
[2010.373s][debug][gc,age         ] GC(124) Desired survivor size 3145728 bytes, new threshold 15 (max threshold 15)
[2010.373s][info ][gc,heap        ] GC(124) PSYoungGen: 2092192K(2093568K)->1696K(2094080K) Eden: 2090496K(2090496K)->0K(2091008K) From: 1696K(3072K)->1696K(3072K)
[2010.373s][info ][gc,heap        ] GC(124) ParOldGen: 335394K(387072K)->335426K(387072K)
[2010.373s][info ][gc,metaspace   ] GC(124) Metaspace: 79402K(80320K)->79402K(80320K) NonClass: 68044K(68544K)->68044K(68544K) Class: 11358K(11776K)->11358K(11776K)
[2010.373s][info ][gc             ] GC(124) Pause Young (Allocation Failure) 2370M->329M(2423M) 3.991ms
[2010.373s][info ][gc,cpu         ] GC(124) User=0.01s Sys=0.00s Real=0.00s
[2010.373s][info ][safepoint      ] Safepoint "ParallelGCFailedAllocation", Time since last: 644024765 ns, Reaching safepoint: 89200 ns, At safepoint: 4053305 ns, Total: 4142505 ns
[2031.321s][info ][gc,start       ] GC(125) Pause Young (Allocation Failure)
[2031.324s][debug][gc,phases      ] GC(125) Scavenge 2.417ms
[2031.324s][debug][gc,ref         ] GC(125) Skipped phase 1 of Reference Processing: no references
[2031.324s][debug][gc,ref         ] GC(125) ReferenceProcessor::execute queues: 1, RefProcThreadModel::Single, marks_oops_alive: false
[2031.324s][debug][gc,ref         ] GC(125) Skipped phase 3 of Reference Processing: no references
[2031.324s][debug][gc,ref         ] GC(125) Skipped phase 4 of Reference Processing: no references
[2031.324s][debug][gc,phases      ] GC(125) Reference Processing 0.086ms
[2031.324s][debug][gc,phases      ] GC(125)   VM Weak                        Min:  0.0, Avg:  0.0, Max:  0.0, Diff:  0.0, Sum:  0.0, Workers: 4
[2031.324s][debug][gc,phases      ] GC(125)     Dead                           Min: 0, Avg:  0.0, Max: 0, Diff: 0, Sum: 0, Workers: 4
[2031.324s][debug][gc,phases      ] GC(125)     Total                          Min: 0, Avg: 181.0, Max: 724, Diff: 724, Sum: 724, Workers: 4
[2031.324s][debug][gc,phases      ] GC(125)   ObjectSynchronizer Weak        Min:  0.0, Avg:  0.0, Max:  0.0, Diff:  0.0, Sum:  0.0, Workers: 4
[2031.324s][debug][gc,phases      ] GC(125)     Dead                           Min: 0, Avg:  0.0, Max: 0, Diff: 0, Sum: 0, Workers: 4
[2031.324s][debug][gc,phases      ] GC(125)     Total                          Min: 0, Avg: 12.0, Max: 48, Diff: 48, Sum: 48, Workers: 4
[2031.324s][debug][gc,phases      ] GC(125)   JVMTI Tag Weak OopStorage      Min:  0.0, Avg:  0.0, Max:  0.0, Diff:  0.0, Sum:  0.0, Workers: 4
[2031.324s][debug][gc,phases      ] GC(125)     Dead                           Min: 0, Avg:  0.0, Max: 0, Diff: 0, Sum: 0, Workers: 4
[2031.324s][debug][gc,phases      ] GC(125)     Total                          Min: 0, Avg:  0.0, Max: 0, Diff: 0, Sum: 0, Workers: 4
[2031.324s][debug][gc,phases      ] GC(125)   StringTable Weak               Min:  0.0, Avg:  0.1, Max:  0.1, Diff:  0.1, Sum:  0.3, Workers: 4
[2031.324s][debug][gc,phases      ] GC(125)     Dead                           Min: 0, Avg:  0.0, Max: 0, Diff: 0, Sum: 0, Workers: 4
[2031.324s][debug][gc,phases      ] GC(125)     Total                          Min: 0, Avg: 10829.0, Max: 18944, Diff: 18944, Sum: 43316, Workers: 4
[2031.324s][debug][gc,phases      ] GC(125)   ResolvedMethodTable Weak       Min:  0.0, Avg:  0.0, Max:  0.0, Diff:  0.0, Sum:  0.1, Workers: 4
[2031.324s][debug][gc,phases      ] GC(125)     Dead                           Min: 0, Avg:  0.0, Max: 0, Diff: 0, Sum: 0, Workers: 4
[2031.324s][debug][gc,phases      ] GC(125)     Total                          Min: 0, Avg: 2183.8, Max: 3807, Diff: 3807, Sum: 8735, Workers: 4
[2031.324s][debug][gc,phases      ] GC(125)   JNI Weak                       Min:  0.0, Avg:  0.0, Max:  0.0, Diff:  0.0, Sum:  0.0, Workers: 4
[2031.324s][debug][gc,phases      ] GC(125)     Dead                           Min: 0, Avg:  0.0, Max: 0, Diff: 0, Sum: 0, Workers: 4
[2031.324s][debug][gc,phases      ] GC(125)     Total                          Min: 0, Avg: 11.2, Max: 45, Diff: 45, Sum: 45, Workers: 4
[2031.324s][debug][gc,phases      ] GC(125)   StringDedup Table Weak         Min:  0.0, Avg:  0.0, Max:  0.0, Diff:  0.0, Sum:  0.0, Workers: 4
[2031.324s][debug][gc,phases      ] GC(125)     Dead                           Min: 0, Avg:  0.0, Max: 0, Diff: 0, Sum: 0, Workers: 4
[2031.324s][debug][gc,phases      ] GC(125)     Total                          Min: 0, Avg:  0.0, Max: 0, Diff: 0, Sum: 0, Workers: 4
[2031.324s][debug][gc,phases      ] GC(125)   StringDedup Requests0 Weak     Min:  0.0, Avg:  0.0, Max:  0.0, Diff:  0.0, Sum:  0.0, Workers: 4
[2031.324s][debug][gc,phases      ] GC(125)     Dead                           Min: 0, Avg:  0.0, Max: 0, Diff: 0, Sum: 0, Workers: 4
[2031.324s][debug][gc,phases      ] GC(125)     Total                          Min: 0, Avg:  0.0, Max: 0, Diff: 0, Sum: 0, Workers: 4
[2031.324s][debug][gc,phases      ] GC(125)   StringDedup Requests1 Weak     Min:  0.0, Avg:  0.0, Max:  0.0, Diff:  0.0, Sum:  0.0, Workers: 4
[2031.324s][debug][gc,phases      ] GC(125)     Dead                           Min: 0, Avg:  0.0, Max: 0, Diff: 0, Sum: 0, Workers: 4
[2031.324s][debug][gc,phases      ] GC(125)     Total                          Min: 0, Avg:  0.0, Max: 0, Diff: 0, Sum: 0, Workers: 4
[2031.324s][debug][gc,phases      ] GC(125)   Weak JFR Old Object Samples    Min:  0.0, Avg:  0.0, Max:  0.0, Diff:  0.0, Sum:  0.0, Workers: 4
[2031.324s][debug][gc,phases      ] GC(125)     Dead                           Min: 0, Avg:  0.0, Max: 0, Diff: 0, Sum: 0, Workers: 4
[2031.324s][debug][gc,phases      ] GC(125)     Total                          Min: 0, Avg:  0.0, Max: 0, Diff: 0, Sum: 0, Workers: 4
[2031.324s][debug][gc,phases      ] GC(125) Weak Processing 0.296ms
[2031.324s][debug][gc,age         ] GC(125) Desired survivor size 3145728 bytes, new threshold 15 (max threshold 15)
[2031.324s][info ][gc,heap        ] GC(125) PSYoungGen: 2092704K(2094080K)->1760K(2094080K) Eden: 2091008K(2091008K)->0K(2091008K) From: 1696K(3072K)->1760K(3072K)
[2031.324s][info ][gc,heap        ] GC(125) ParOldGen: 335426K(387072K)->335450K(387072K)
[2031.324s][info ][gc,metaspace   ] GC(125) Metaspace: 79402K(80320K)->79402K(80320K) NonClass: 68044K(68544K)->68044K(68544K) Class: 11358K(11776K)->11358K(11776K)
[2031.324s][info ][gc             ] GC(125) Pause Young (Allocation Failure) 2371M->329M(2423M) 2.894ms
[2031.324s][info ][gc,cpu         ] GC(125) User=0.01s Sys=0.00s Real=0.00s
[2031.324s][info ][safepoint      ] Safepoint "ParallelGCFailedAllocation", Time since last: 20947851935 ns, Reaching safepoint: 157900 ns, At safepoint: 2985406 ns, Total: 3143306 ns
[2041.325s][info ][safepoint      ] Safepoint "Cleanup", Time since last: 10000637651 ns, Reaching safepoint: 44500 ns, At safepoint: 2800 ns, Total: 47300 ns
[2052.122s][info ][safepoint      ] Safepoint "ParallelGCFailedAllocation", Time since last: 10796582965 ns, Reaching safepoint: 110500 ns, At safepoint: 14500 ns, Total: 125000 ns
[2052.122s][info ][gc,start       ] GC(126) Pause Young (GCLocker Initiated GC)
[2052.125s][debug][gc,phases      ] GC(126) Scavenge 2.598ms
[2052.125s][debug][gc,ref         ] GC(126) Skipped phase 1 of Reference Processing: no references
[2052.125s][debug][gc,ref         ] GC(126) ReferenceProcessor::execute queues: 1, RefProcThreadModel::Single, marks_oops_alive: false
[2052.125s][debug][gc,ref         ] GC(126) Skipped phase 3 of Reference Processing: no references
[2052.125s][debug][gc,ref         ] GC(126) Skipped phase 4 of Reference Processing: no references
[2052.125s][debug][gc,phases      ] GC(126) Reference Processing 0.083ms
[2052.125s][debug][gc,phases      ] GC(126)   VM Weak                        Min:  0.0, Avg:  0.0, Max:  0.0, Diff:  0.0, Sum:  0.0, Workers: 4
[2052.125s][debug][gc,phases      ] GC(126)     Dead                           Min: 0, Avg:  0.0, Max: 0, Diff: 0, Sum: 0, Workers: 4
[2052.125s][debug][gc,phases      ] GC(126)     Total                          Min: 0, Avg: 181.0, Max: 512, Diff: 512, Sum: 724, Workers: 4
[2052.125s][debug][gc,phases      ] GC(126)   ObjectSynchronizer Weak        Min:  0.0, Avg:  0.0, Max:  0.0, Diff:  0.0, Sum:  0.0, Workers: 4
[2052.125s][debug][gc,phases      ] GC(126)     Dead                           Min: 0, Avg:  0.0, Max: 0, Diff: 0, Sum: 0, Workers: 4
[2052.125s][debug][gc,phases      ] GC(126)     Total                          Min: 0, Avg: 12.0, Max: 48, Diff: 48, Sum: 48, Workers: 4
[2052.125s][debug][gc,phases      ] GC(126)   JVMTI Tag Weak OopStorage      Min:  0.0, Avg:  0.0, Max:  0.0, Diff:  0.0, Sum:  0.0, Workers: 4
[2052.125s][debug][gc,phases      ] GC(126)     Dead                           Min: 0, Avg:  0.0, Max: 0, Diff: 0, Sum: 0, Workers: 4
[2052.125s][debug][gc,phases      ] GC(126)     Total                          Min: 0, Avg:  0.0, Max: 0, Diff: 0, Sum: 0, Workers: 4
[2052.125s][debug][gc,phases      ] GC(126)   StringTable Weak               Min:  0.0, Avg:  0.1, Max:  0.1, Diff:  0.1, Sum:  0.4, Workers: 4
[2052.125s][debug][gc,phases      ] GC(126)     Dead                           Min: 0, Avg:  0.0, Max: 0, Diff: 0, Sum: 0, Workers: 4
[2052.125s][debug][gc,phases      ] GC(126)     Total                          Min: 0, Avg: 10829.0, Max: 18368, Diff: 18368, Sum: 43316, Workers: 4
[2052.125s][debug][gc,phases      ] GC(126)   ResolvedMethodTable Weak       Min:  0.0, Avg:  0.0, Max:  0.0, Diff:  0.0, Sum:  0.1, Workers: 4
[2052.125s][debug][gc,phases      ] GC(126)     Dead                           Min: 0, Avg:  0.0, Max: 0, Diff: 0, Sum: 0, Workers: 4
[2052.125s][debug][gc,phases      ] GC(126)     Total                          Min: 0, Avg: 2183.8, Max: 2944, Diff: 2944, Sum: 8735, Workers: 4
[2052.125s][debug][gc,phases      ] GC(126)   JNI Weak                       Min:  0.0, Avg:  0.0, Max:  0.0, Diff:  0.0, Sum:  0.0, Workers: 4
[2052.125s][debug][gc,phases      ] GC(126)     Dead                           Min: 0, Avg:  0.0, Max: 0, Diff: 0, Sum: 0, Workers: 4
[2052.125s][debug][gc,phases      ] GC(126)     Total                          Min: 0, Avg: 11.2, Max: 45, Diff: 45, Sum: 45, Workers: 4
[2052.125s][debug][gc,phases      ] GC(126)   StringDedup Table Weak         Min:  0.0, Avg:  0.0, Max:  0.0, Diff:  0.0, Sum:  0.0, Workers: 4
[2052.125s][debug][gc,phases      ] GC(126)     Dead                           Min: 0, Avg:  0.0, Max: 0, Diff: 0, Sum: 0, Workers: 4
[2052.125s][debug][gc,phases      ] GC(126)     Total                          Min: 0, Avg:  0.0, Max: 0, Diff: 0, Sum: 0, Workers: 4
[2052.125s][debug][gc,phases      ] GC(126)   StringDedup Requests0 Weak     Min:  0.0, Avg:  0.0, Max:  0.0, Diff:  0.0, Sum:  0.0, Workers: 4
[2052.125s][debug][gc,phases      ] GC(126)     Dead                           Min: 0, Avg:  0.0, Max: 0, Diff: 0, Sum: 0, Workers: 4
[2052.125s][debug][gc,phases      ] GC(126)     Total                          Min: 0, Avg:  0.0, Max: 0, Diff: 0, Sum: 0, Workers: 4
[2052.125s][debug][gc,phases      ] GC(126)   StringDedup Requests1 Weak     Min:  0.0, Avg:  0.0, Max:  0.0, Diff:  0.0, Sum:  0.0, Workers: 4
[2052.125s][debug][gc,phases      ] GC(126)     Dead                           Min: 0, Avg:  0.0, Max: 0, Diff: 0, Sum: 0, Workers: 4
[2052.125s][debug][gc,phases      ] GC(126)     Total                          Min: 0, Avg:  0.0, Max: 0, Diff: 0, Sum: 0, Workers: 4
[2052.125s][debug][gc,phases      ] GC(126)   Weak JFR Old Object Samples    Min:  0.0, Avg:  0.0, Max:  0.0, Diff:  0.0, Sum:  0.0, Workers: 4
[2052.125s][debug][gc,phases      ] GC(126)     Dead                           Min: 0, Avg:  0.0, Max: 0, Diff: 0, Sum: 0, Workers: 4
[2052.125s][debug][gc,phases      ] GC(126)     Total                          Min: 0, Avg:  0.0, Max: 0, Diff: 0, Sum: 0, Workers: 4
[2052.125s][debug][gc,phases      ] GC(126) Weak Processing 0.309ms
[2052.125s][debug][gc,age         ] GC(126) Desired survivor size 3145728 bytes, new threshold 15 (max threshold 15)
[2052.125s][info ][gc,heap        ] GC(126) PSYoungGen: 2092768K(2094080K)->1664K(2094080K) Eden: 2091008K(2091008K)->0K(2091008K) From: 1760K(3072K)->1664K(3072K)
[2052.125s][info ][gc,heap        ] GC(126) ParOldGen: 335450K(387072K)->335482K(387072K)
[2052.125s][info ][gc,metaspace   ] GC(126) Metaspace: 79408K(80320K)->79408K(80320K) NonClass: 68050K(68544K)->68050K(68544K) Class: 11358K(11776K)->11358K(11776K)
[2052.125s][info ][gc             ] GC(126) Pause Young (GCLocker Initiated GC) 2371M->329M(2423M) 3.070ms
[2052.125s][info ][gc,cpu         ] GC(126) User=0.01s Sys=0.00s Real=0.00s
[2052.125s][info ][safepoint      ] Safepoint "ParallelGCSystemGC", Time since last: 84400 ns, Reaching safepoint: 91300 ns, At safepoint: 3124106 ns, Total: 3215406 ns
[2058.126s][info ][safepoint      ] Safepoint "Cleanup", Time since last: 6000427780 ns, Reaching safepoint: 51200 ns, At safepoint: 3900 ns, Total: 55100 ns
[2060.126s][info ][safepoint      ] Safepoint "Cleanup", Time since last: 2000174086 ns, Reaching safepoint: 36500 ns, At safepoint: 9400 ns, Total: 45900 ns
[2061.126s][info ][safepoint      ] Safepoint "Cleanup", Time since last: 1000102091 ns, Reaching safepoint: 41000 ns, At safepoint: 6201 ns, Total: 47201 ns
[2072.952s][info ][gc,start       ] GC(127) Pause Young (Allocation Failure)
[2072.955s][debug][gc,phases      ] GC(127) Scavenge 2.954ms
[2072.955s][debug][gc,ref         ] GC(127) Skipped phase 1 of Reference Processing: no references
[2072.955s][debug][gc,ref         ] GC(127) ReferenceProcessor::execute queues: 1, RefProcThreadModel::Single, marks_oops_alive: false
[2072.955s][debug][gc,ref         ] GC(127) Skipped phase 3 of Reference Processing: no references
[2072.955s][debug][gc,ref         ] GC(127) Skipped phase 4 of Reference Processing: no references
[2072.955s][debug][gc,phases      ] GC(127) Reference Processing 0.084ms
[2072.955s][debug][gc,phases      ] GC(127)   VM Weak                        Min:  0.0, Avg:  0.0, Max:  0.0, Diff:  0.0, Sum:  0.0, Workers: 4
[2072.955s][debug][gc,phases      ] GC(127)     Dead                           Min: 0, Avg:  0.0, Max: 0, Diff: 0, Sum: 0, Workers: 4
[2072.955s][debug][gc,phases      ] GC(127)     Total                          Min: 0, Avg: 181.0, Max: 724, Diff: 724, Sum: 724, Workers: 4
[2072.955s][debug][gc,phases      ] GC(127)   ObjectSynchronizer Weak        Min:  0.0, Avg:  0.0, Max:  0.0, Diff:  0.0, Sum:  0.0, Workers: 4
[2072.955s][debug][gc,phases      ] GC(127)     Dead                           Min: 0, Avg:  0.0, Max: 0, Diff: 0, Sum: 0, Workers: 4
[2072.955s][debug][gc,phases      ] GC(127)     Total                          Min: 0, Avg: 12.0, Max: 48, Diff: 48, Sum: 48, Workers: 4
[2072.955s][debug][gc,phases      ] GC(127)   JVMTI Tag Weak OopStorage      Min:  0.0, Avg:  0.0, Max:  0.0, Diff:  0.0, Sum:  0.0, Workers: 4
[2072.955s][debug][gc,phases      ] GC(127)     Dead                           Min: 0, Avg:  0.0, Max: 0, Diff: 0, Sum: 0, Workers: 4
[2072.955s][debug][gc,phases      ] GC(127)     Total                          Min: 0, Avg:  0.0, Max: 0, Diff: 0, Sum: 0, Workers: 4
[2072.955s][debug][gc,phases      ] GC(127)   StringTable Weak               Min:  0.0, Avg:  0.1, Max:  0.1, Diff:  0.1, Sum:  0.4, Workers: 4
[2072.955s][debug][gc,phases      ] GC(127)     Dead                           Min: 0, Avg:  0.0, Max: 0, Diff: 0, Sum: 0, Workers: 4
[2072.955s][debug][gc,phases      ] GC(127)     Total                          Min: 0, Avg: 10829.0, Max: 18880, Diff: 18880, Sum: 43316, Workers: 4
[2072.955s][debug][gc,phases      ] GC(127)   ResolvedMethodTable Weak       Min:  0.0, Avg:  0.0, Max:  0.0, Diff:  0.0, Sum:  0.1, Workers: 4
[2072.955s][debug][gc,phases      ] GC(127)     Dead                           Min: 0, Avg:  0.0, Max: 0, Diff: 0, Sum: 0, Workers: 4
[2072.955s][debug][gc,phases      ] GC(127)     Total                          Min: 0, Avg: 2183.8, Max: 3776, Diff: 3776, Sum: 8735, Workers: 4
[2072.955s][debug][gc,phases      ] GC(127)   JNI Weak                       Min:  0.0, Avg:  0.0, Max:  0.0, Diff:  0.0, Sum:  0.0, Workers: 4
[2072.955s][debug][gc,phases      ] GC(127)     Dead                           Min: 0, Avg:  0.0, Max: 0, Diff: 0, Sum: 0, Workers: 4
[2072.955s][debug][gc,phases      ] GC(127)     Total                          Min: 0, Avg: 11.2, Max: 45, Diff: 45, Sum: 45, Workers: 4
[2072.955s][debug][gc,phases      ] GC(127)   StringDedup Table Weak         Min:  0.0, Avg:  0.0, Max:  0.0, Diff:  0.0, Sum:  0.0, Workers: 4
[2072.955s][debug][gc,phases      ] GC(127)     Dead                           Min: 0, Avg:  0.0, Max: 0, Diff: 0, Sum: 0, Workers: 4
[2072.955s][debug][gc,phases      ] GC(127)     Total                          Min: 0, Avg:  0.0, Max: 0, Diff: 0, Sum: 0, Workers: 4
[2072.955s][debug][gc,phases      ] GC(127)   StringDedup Requests0 Weak     Min:  0.0, Avg:  0.0, Max:  0.0, Diff:  0.0, Sum:  0.0, Workers: 4
[2072.955s][debug][gc,phases      ] GC(127)     Dead                           Min: 0, Avg:  0.0, Max: 0, Diff: 0, Sum: 0, Workers: 4
[2072.955s][debug][gc,phases      ] GC(127)     Total                          Min: 0, Avg:  0.0, Max: 0, Diff: 0, Sum: 0, Workers: 4
[2072.955s][debug][gc,phases      ] GC(127)   StringDedup Requests1 Weak     Min:  0.0, Avg:  0.0, Max:  0.0, Diff:  0.0, Sum:  0.0, Workers: 4
[2072.955s][debug][gc,phases      ] GC(127)     Dead                           Min: 0, Avg:  0.0, Max: 0, Diff: 0, Sum: 0, Workers: 4
[2072.955s][debug][gc,phases      ] GC(127)     Total                          Min: 0, Avg:  0.0, Max: 0, Diff: 0, Sum: 0, Workers: 4
[2072.955s][debug][gc,phases      ] GC(127)   Weak JFR Old Object Samples    Min:  0.0, Avg:  0.0, Max:  0.0, Diff:  0.0, Sum:  0.0, Workers: 4
[2072.955s][debug][gc,phases      ] GC(127)     Dead                           Min: 0, Avg:  0.0, Max: 0, Diff: 0, Sum: 0, Workers: 4
[2072.955s][debug][gc,phases      ] GC(127)     Total                          Min: 0, Avg:  0.0, Max: 0, Diff: 0, Sum: 0, Workers: 4
[2072.955s][debug][gc,phases      ] GC(127) Weak Processing 0.311ms
[2072.955s][debug][gc,age         ] GC(127) Desired survivor size 2621440 bytes, new threshold 15 (max threshold 15)
[2072.955s][info ][gc,heap        ] GC(127) PSYoungGen: 2092672K(2094080K)->1792K(2094080K) Eden: 2091008K(2091008K)->0K(2091008K) From: 1664K(3072K)->1792K(3072K)
[2072.955s][info ][gc,heap        ] GC(127) ParOldGen: 335485K(387072K)->335517K(387072K)
[2072.955s][info ][gc,metaspace   ] GC(127) Metaspace: 79411K(80384K)->79411K(80384K) NonClass: 68053K(68608K)->68053K(68608K) Class: 11358K(11776K)->11358K(11776K)
[2072.955s][info ][gc             ] GC(127) Pause Young (Allocation Failure) 2371M->329M(2423M) 3.449ms
[2072.955s][info ][gc,cpu         ] GC(127) User=0.02s Sys=0.00s Real=0.00s
[2072.955s][info ][safepoint      ] Safepoint "ParallelGCFailedAllocation", Time since last: 11825599392 ns, Reaching safepoint: 91501 ns, At safepoint: 3511906 ns, Total: 3603407 ns
[2077.955s][info ][safepoint      ] Safepoint "Cleanup", Time since last: 5000343487 ns, Reaching safepoint: 46800 ns, At safepoint: 5600 ns, Total: 52400 ns
[2079.492s][info ][safepoint      ] Safepoint "Cleanup", Time since last: 1536718680 ns, Reaching safepoint: 66100 ns, At safepoint: 6700 ns, Total: 72800 ns
[2093.772s][info ][safepoint      ] Safepoint "ParallelGCFailedAllocation", Time since last: 14279476960 ns, Reaching safepoint: 109300 ns, At safepoint: 21300 ns, Total: 130600 ns
[2093.772s][info ][gc,start       ] GC(128) Pause Young (GCLocker Initiated GC)
[2093.777s][debug][gc,phases      ] GC(128) Scavenge 4.854ms
[2093.777s][debug][gc,ref         ] GC(128) Skipped phase 1 of Reference Processing: no references
[2093.777s][debug][gc,ref         ] GC(128) ReferenceProcessor::execute queues: 1, RefProcThreadModel::Single, marks_oops_alive: false
[2093.777s][debug][gc,ref         ] GC(128) Skipped phase 3 of Reference Processing: no references
[2093.777s][debug][gc,ref         ] GC(128) ReferenceProcessor::execute queues: 1, RefProcThreadModel::Single, marks_oops_alive: false
[2093.777s][debug][gc,phases      ] GC(128) Reference Processing 0.087ms
[2093.777s][debug][gc,phases      ] GC(128)   VM Weak                        Min:  0.0, Avg:  0.0, Max:  0.0, Diff:  0.0, Sum:  0.0, Workers: 4
[2093.777s][debug][gc,phases      ] GC(128)     Dead                           Min: 0, Avg:  0.0, Max: 0, Diff: 0, Sum: 0, Workers: 4
[2093.777s][debug][gc,phases      ] GC(128)     Total                          Min: 0, Avg: 181.2, Max: 640, Diff: 640, Sum: 725, Workers: 4
[2093.777s][debug][gc,phases      ] GC(128)   ObjectSynchronizer Weak        Min:  0.0, Avg:  0.0, Max:  0.0, Diff:  0.0, Sum:  0.0, Workers: 4
[2093.777s][debug][gc,phases      ] GC(128)     Dead                           Min: 0, Avg:  0.0, Max: 0, Diff: 0, Sum: 0, Workers: 4
[2093.777s][debug][gc,phases      ] GC(128)     Total                          Min: 0, Avg: 12.0, Max: 48, Diff: 48, Sum: 48, Workers: 4
[2093.777s][debug][gc,phases      ] GC(128)   JVMTI Tag Weak OopStorage      Min:  0.0, Avg:  0.0, Max:  0.0, Diff:  0.0, Sum:  0.0, Workers: 4
[2093.777s][debug][gc,phases      ] GC(128)     Dead                           Min: 0, Avg:  0.0, Max: 0, Diff: 0, Sum: 0, Workers: 4
[2093.777s][debug][gc,phases      ] GC(128)     Total                          Min: 0, Avg:  0.0, Max: 0, Diff: 0, Sum: 0, Workers: 4
[2093.777s][debug][gc,phases      ] GC(128)   StringTable Weak               Min:  0.1, Avg:  0.1, Max:  0.1, Diff:  0.0, Sum:  0.4, Workers: 4
[2093.777s][debug][gc,phases      ] GC(128)     Dead                           Min: 0, Avg:  0.2, Max: 1, Diff: 1, Sum: 1, Workers: 4
[2093.777s][debug][gc,phases      ] GC(128)     Total                          Min: 9024, Avg: 10831.5, Max: 12479, Diff: 3455, Sum: 43326, Workers: 4
[2093.777s][debug][gc,phases      ] GC(128)   ResolvedMethodTable Weak       Min:  0.0, Avg:  0.0, Max:  0.0, Diff:  0.0, Sum:  0.1, Workers: 4
[2093.777s][debug][gc,phases      ] GC(128)     Dead                           Min: 0, Avg:  0.0, Max: 0, Diff: 0, Sum: 0, Workers: 4
[2093.777s][debug][gc,phases      ] GC(128)     Total                          Min: 2022, Avg: 2185.5, Max: 2496, Diff: 474, Sum: 8742, Workers: 4
[2093.777s][debug][gc,phases      ] GC(128)   JNI Weak                       Min:  0.0, Avg:  0.0, Max:  0.0, Diff:  0.0, Sum:  0.0, Workers: 4
[2093.777s][debug][gc,phases      ] GC(128)     Dead                           Min: 0, Avg:  0.0, Max: 0, Diff: 0, Sum: 0, Workers: 4
[2093.777s][debug][gc,phases      ] GC(128)     Total                          Min: 0, Avg: 11.2, Max: 45, Diff: 45, Sum: 45, Workers: 4
[2093.777s][debug][gc,phases      ] GC(128)   StringDedup Table Weak         Min:  0.0, Avg:  0.0, Max:  0.0, Diff:  0.0, Sum:  0.0, Workers: 4
[2093.777s][debug][gc,phases      ] GC(128)     Dead                           Min: 0, Avg:  0.0, Max: 0, Diff: 0, Sum: 0, Workers: 4
[2093.777s][debug][gc,phases      ] GC(128)     Total                          Min: 0, Avg:  0.0, Max: 0, Diff: 0, Sum: 0, Workers: 4
[2093.777s][debug][gc,phases      ] GC(128)   StringDedup Requests0 Weak     Min:  0.0, Avg:  0.0, Max:  0.0, Diff:  0.0, Sum:  0.0, Workers: 4
[2093.777s][debug][gc,phases      ] GC(128)     Dead                           Min: 0, Avg:  0.0, Max: 0, Diff: 0, Sum: 0, Workers: 4
[2093.777s][debug][gc,phases      ] GC(128)     Total                          Min: 0, Avg:  0.0, Max: 0, Diff: 0, Sum: 0, Workers: 4
[2093.777s][debug][gc,phases      ] GC(128)   StringDedup Requests1 Weak     Min:  0.0, Avg:  0.0, Max:  0.0, Diff:  0.0, Sum:  0.0, Workers: 4
[2093.777s][debug][gc,phases      ] GC(128)     Dead                           Min: 0, Avg:  0.0, Max: 0, Diff: 0, Sum: 0, Workers: 4
[2093.777s][debug][gc,phases      ] GC(128)     Total                          Min: 0, Avg:  0.0, Max: 0, Diff: 0, Sum: 0, Workers: 4
[2093.777s][debug][gc,phases      ] GC(128)   Weak JFR Old Object Samples    Min:  0.0, Avg:  0.0, Max:  0.0, Diff:  0.0, Sum:  0.0, Workers: 4
[2093.777s][debug][gc,phases      ] GC(128)     Dead                           Min: 0, Avg:  0.0, Max: 0, Diff: 0, Sum: 0, Workers: 4
[2093.777s][debug][gc,phases      ] GC(128)     Total                          Min: 0, Avg:  0.0, Max: 0, Diff: 0, Sum: 0, Workers: 4
[2093.777s][debug][gc,phases      ] GC(128) Weak Processing 0.297ms
[2093.777s][debug][gc,age         ] GC(128) Desired survivor size 2621440 bytes, new threshold 15 (max threshold 15)
[2093.777s][info ][gc,heap        ] GC(128) PSYoungGen: 2092800K(2094080K)->1728K(2094592K) Eden: 2091008K(2091008K)->0K(2092032K) From: 1792K(3072K)->1728K(2560K)
[2093.777s][info ][gc,heap        ] GC(128) ParOldGen: 335518K(387072K)->335518K(387072K)
[2093.777s][info ][gc,metaspace   ] GC(128) Metaspace: 79446K(80384K)->79446K(80384K) NonClass: 68081K(68608K)->68081K(68608K) Class: 11365K(11776K)->11365K(11776K)
[2093.777s][info ][gc             ] GC(128) Pause Young (GCLocker Initiated GC) 2371M->329M(2423M) 5.303ms
[2093.777s][info ][gc,cpu         ] GC(128) User=0.01s Sys=0.00s Real=0.00s
[2093.777s][info ][safepoint      ] Safepoint "ParallelGCSystemGC", Time since last: 72401 ns, Reaching safepoint: 88500 ns, At safepoint: 5363710 ns, Total: 5452210 ns
[2111.779s][info ][safepoint      ] Safepoint "Cleanup", Time since last: 18001149148 ns, Reaching safepoint: 39100 ns, At safepoint: 2800 ns, Total: 41900 ns
[2114.521s][info ][gc,start       ] GC(129) Pause Young (Allocation Failure)
[2114.524s][debug][gc,phases      ] GC(129) Scavenge 3.311ms
[2114.524s][debug][gc,ref         ] GC(129) Skipped phase 1 of Reference Processing: no references
[2114.524s][debug][gc,ref         ] GC(129) ReferenceProcessor::execute queues: 1, RefProcThreadModel::Single, marks_oops_alive: false
[2114.524s][debug][gc,ref         ] GC(129) Skipped phase 3 of Reference Processing: no references
[2114.524s][debug][gc,ref         ] GC(129) Skipped phase 4 of Reference Processing: no references
[2114.524s][debug][gc,phases      ] GC(129) Reference Processing 0.089ms
[2114.524s][debug][gc,phases      ] GC(129)   VM Weak                        Min:  0.0, Avg:  0.0, Max:  0.0, Diff:  0.0, Sum:  0.0, Workers: 4
[2114.524s][debug][gc,phases      ] GC(129)     Dead                           Min: 0, Avg:  0.0, Max: 0, Diff: 0, Sum: 0, Workers: 4
[2114.524s][debug][gc,phases      ] GC(129)     Total                          Min: 0, Avg: 181.2, Max: 725, Diff: 725, Sum: 725, Workers: 4
[2114.524s][debug][gc,phases      ] GC(129)   ObjectSynchronizer Weak        Min:  0.0, Avg:  0.0, Max:  0.0, Diff:  0.0, Sum:  0.0, Workers: 4
[2114.524s][debug][gc,phases      ] GC(129)     Dead                           Min: 0, Avg:  0.0, Max: 0, Diff: 0, Sum: 0, Workers: 4
[2114.524s][debug][gc,phases      ] GC(129)     Total                          Min: 0, Avg: 12.0, Max: 48, Diff: 48, Sum: 48, Workers: 4
[2114.524s][debug][gc,phases      ] GC(129)   JVMTI Tag Weak OopStorage      Min:  0.0, Avg:  0.0, Max:  0.0, Diff:  0.0, Sum:  0.0, Workers: 4
[2114.524s][debug][gc,phases      ] GC(129)     Dead                           Min: 0, Avg:  0.0, Max: 0, Diff: 0, Sum: 0, Workers: 4
[2114.524s][debug][gc,phases      ] GC(129)     Total                          Min: 0, Avg:  0.0, Max: 0, Diff: 0, Sum: 0, Workers: 4
[2114.524s][debug][gc,phases      ] GC(129)   StringTable Weak               Min:  0.0, Avg:  0.1, Max:  0.1, Diff:  0.1, Sum:  0.3, Workers: 4
[2114.524s][debug][gc,phases      ] GC(129)     Dead                           Min: 0, Avg:  0.0, Max: 0, Diff: 0, Sum: 0, Workers: 4
[2114.524s][debug][gc,phases      ] GC(129)     Total                          Min: 0, Avg: 10833.5, Max: 18502, Diff: 18502, Sum: 43334, Workers: 4
[2114.524s][debug][gc,phases      ] GC(129)   ResolvedMethodTable Weak       Min:  0.0, Avg:  0.0, Max:  0.0, Diff:  0.0, Sum:  0.1, Workers: 4
[2114.524s][debug][gc,phases      ] GC(129)     Dead                           Min: 0, Avg:  0.0, Max: 0, Diff: 0, Sum: 0, Workers: 4
[2114.524s][debug][gc,phases      ] GC(129)     Total                          Min: 0, Avg: 2185.5, Max: 3392, Diff: 3392, Sum: 8742, Workers: 4
[2114.524s][debug][gc,phases      ] GC(129)   JNI Weak                       Min:  0.0, Avg:  0.0, Max:  0.0, Diff:  0.0, Sum:  0.0, Workers: 4
[2114.524s][debug][gc,phases      ] GC(129)     Dead                           Min: 0, Avg:  0.0, Max: 0, Diff: 0, Sum: 0, Workers: 4
[2114.524s][debug][gc,phases      ] GC(129)     Total                          Min: 0, Avg: 11.2, Max: 45, Diff: 45, Sum: 45, Workers: 4
[2114.524s][debug][gc,phases      ] GC(129)   StringDedup Table Weak         Min:  0.0, Avg:  0.0, Max:  0.0, Diff:  0.0, Sum:  0.0, Workers: 4
[2114.525s][debug][gc,phases      ] GC(129)     Dead                           Min: 0, Avg:  0.0, Max: 0, Diff: 0, Sum: 0, Workers: 4
[2114.525s][debug][gc,phases      ] GC(129)     Total                          Min: 0, Avg:  0.0, Max: 0, Diff: 0, Sum: 0, Workers: 4
[2114.525s][debug][gc,phases      ] GC(129)   StringDedup Requests0 Weak     Min:  0.0, Avg:  0.0, Max:  0.0, Diff:  0.0, Sum:  0.0, Workers: 4
[2114.525s][debug][gc,phases      ] GC(129)     Dead                           Min: 0, Avg:  0.0, Max: 0, Diff: 0, Sum: 0, Workers: 4
[2114.525s][debug][gc,phases      ] GC(129)     Total                          Min: 0, Avg:  0.0, Max: 0, Diff: 0, Sum: 0, Workers: 4
[2114.525s][debug][gc,phases      ] GC(129)   StringDedup Requests1 Weak     Min:  0.0, Avg:  0.0, Max:  0.0, Diff:  0.0, Sum:  0.0, Workers: 4
[2114.525s][debug][gc,phases      ] GC(129)     Dead                           Min: 0, Avg:  0.0, Max: 0, Diff: 0, Sum: 0, Workers: 4
[2114.525s][debug][gc,phases      ] GC(129)     Total                          Min: 0, Avg:  0.0, Max: 0, Diff: 0, Sum: 0, Workers: 4
[2114.525s][debug][gc,phases      ] GC(129)   Weak JFR Old Object Samples    Min:  0.0, Avg:  0.0, Max:  0.0, Diff:  0.0, Sum:  0.0, Workers: 4
[2114.525s][debug][gc,phases      ] GC(129)     Dead                           Min: 0, Avg:  0.0, Max: 0, Diff: 0, Sum: 0, Workers: 4
[2114.525s][debug][gc,phases      ] GC(129)     Total                          Min: 0, Avg:  0.0, Max: 0, Diff: 0, Sum: 0, Workers: 4
[2114.525s][debug][gc,phases      ] GC(129) Weak Processing 0.340ms
[2114.525s][debug][gc,age         ] GC(129) Desired survivor size 2621440 bytes, new threshold 15 (max threshold 15)
[2114.525s][info ][gc,heap        ] GC(129) PSYoungGen: 2093760K(2094592K)->1792K(2094592K) Eden: 2092032K(2092032K)->0K(2092032K) From: 1728K(2560K)->1792K(2560K)
[2114.525s][info ][gc,heap        ] GC(129) ParOldGen: 335520K(387072K)->335544K(387072K)
[2114.525s][info ][gc,metaspace   ] GC(129) Metaspace: 79463K(80384K)->79463K(80384K) NonClass: 68098K(68608K)->68098K(68608K) Class: 11365K(11776K)->11365K(11776K)
[2114.525s][info ][gc             ] GC(129) Pause Young (Allocation Failure) 2372M->329M(2423M) 3.836ms
[2114.525s][info ][gc,cpu         ] GC(129) User=0.01s Sys=0.00s Real=0.00s
[2114.525s][info ][safepoint      ] Safepoint "ParallelGCFailedAllocation", Time since last: 2742094955 ns, Reaching safepoint: 28000 ns, At safepoint: 3891607 ns, Total: 3919607 ns
[2131.526s][info ][safepoint      ] Safepoint "Cleanup", Time since last: 17000960598 ns, Reaching safepoint: 36200 ns, At safepoint: 2600 ns, Total: 38800 ns
[2135.520s][info ][gc,start       ] GC(130) Pause Young (Allocation Failure)
[2135.523s][debug][gc,phases      ] GC(130) Scavenge 2.835ms
[2135.523s][debug][gc,ref         ] GC(130) Skipped phase 1 of Reference Processing: no references
[2135.523s][debug][gc,ref         ] GC(130) ReferenceProcessor::execute queues: 1, RefProcThreadModel::Single, marks_oops_alive: false
[2135.523s][debug][gc,ref         ] GC(130) Skipped phase 3 of Reference Processing: no references
[2135.523s][debug][gc,ref         ] GC(130) Skipped phase 4 of Reference Processing: no references
[2135.523s][debug][gc,phases      ] GC(130) Reference Processing 0.093ms
[2135.523s][debug][gc,phases      ] GC(130)   VM Weak                        Min:  0.0, Avg:  0.0, Max:  0.0, Diff:  0.0, Sum:  0.0, Workers: 4
[2135.523s][debug][gc,phases      ] GC(130)     Dead                           Min: 0, Avg:  0.0, Max: 0, Diff: 0, Sum: 0, Workers: 4
[2135.523s][debug][gc,phases      ] GC(130)     Total                          Min: 0, Avg: 181.2, Max: 448, Diff: 448, Sum: 725, Workers: 4
[2135.523s][debug][gc,phases      ] GC(130)   ObjectSynchronizer Weak        Min:  0.0, Avg:  0.0, Max:  0.0, Diff:  0.0, Sum:  0.0, Workers: 4
[2135.523s][debug][gc,phases      ] GC(130)     Dead                           Min: 0, Avg:  0.0, Max: 0, Diff: 0, Sum: 0, Workers: 4
[2135.523s][debug][gc,phases      ] GC(130)     Total                          Min: 0, Avg: 12.0, Max: 48, Diff: 48, Sum: 48, Workers: 4
[2135.523s][debug][gc,phases      ] GC(130)   JVMTI Tag Weak OopStorage      Min:  0.0, Avg:  0.0, Max:  0.0, Diff:  0.0, Sum:  0.0, Workers: 4
[2135.523s][debug][gc,phases      ] GC(130)     Dead                           Min: 0, Avg:  0.0, Max: 0, Diff: 0, Sum: 0, Workers: 4
[2135.523s][debug][gc,phases      ] GC(130)     Total                          Min: 0, Avg:  0.0, Max: 0, Diff: 0, Sum: 0, Workers: 4
[2135.523s][debug][gc,phases      ] GC(130)   StringTable Weak               Min:  0.0, Avg:  0.1, Max:  0.1, Diff:  0.1, Sum:  0.4, Workers: 4
[2135.523s][debug][gc,phases      ] GC(130)     Dead                           Min: 0, Avg:  0.0, Max: 0, Diff: 0, Sum: 0, Workers: 4
[2135.523s][debug][gc,phases      ] GC(130)     Total                          Min: 0, Avg: 10834.0, Max: 18632, Diff: 18632, Sum: 43336, Workers: 4
[2135.523s][debug][gc,phases      ] GC(130)   ResolvedMethodTable Weak       Min:  0.0, Avg:  0.0, Max:  0.0, Diff:  0.0, Sum:  0.1, Workers: 4
[2135.523s][debug][gc,phases      ] GC(130)     Dead                           Min: 0, Avg:  0.0, Max: 0, Diff: 0, Sum: 0, Workers: 4
[2135.523s][debug][gc,phases      ] GC(130)     Total                          Min: 0, Avg: 2185.5, Max: 3840, Diff: 3840, Sum: 8742, Workers: 4
[2135.523s][debug][gc,phases      ] GC(130)   JNI Weak                       Min:  0.0, Avg:  0.0, Max:  0.0, Diff:  0.0, Sum:  0.0, Workers: 4
[2135.523s][debug][gc,phases      ] GC(130)     Dead                           Min: 0, Avg:  0.0, Max: 0, Diff: 0, Sum: 0, Workers: 4
[2135.523s][debug][gc,phases      ] GC(130)     Total                          Min: 0, Avg: 11.2, Max: 45, Diff: 45, Sum: 45, Workers: 4
[2135.523s][debug][gc,phases      ] GC(130)   StringDedup Table Weak         Min:  0.0, Avg:  0.0, Max:  0.0, Diff:  0.0, Sum:  0.0, Workers: 4
[2135.523s][debug][gc,phases      ] GC(130)     Dead                           Min: 0, Avg:  0.0, Max: 0, Diff: 0, Sum: 0, Workers: 4
[2135.523s][debug][gc,phases      ] GC(130)     Total                          Min: 0, Avg:  0.0, Max: 0, Diff: 0, Sum: 0, Workers: 4
[2135.523s][debug][gc,phases      ] GC(130)   StringDedup Requests0 Weak     Min:  0.0, Avg:  0.0, Max:  0.0, Diff:  0.0, Sum:  0.0, Workers: 4
[2135.523s][debug][gc,phases      ] GC(130)     Dead                           Min: 0, Avg:  0.0, Max: 0, Diff: 0, Sum: 0, Workers: 4
[2135.523s][debug][gc,phases      ] GC(130)     Total                          Min: 0, Avg:  0.0, Max: 0, Diff: 0, Sum: 0, Workers: 4
[2135.523s][debug][gc,phases      ] GC(130)   StringDedup Requests1 Weak     Min:  0.0, Avg:  0.0, Max:  0.0, Diff:  0.0, Sum:  0.0, Workers: 4
[2135.523s][debug][gc,phases      ] GC(130)     Dead                           Min: 0, Avg:  0.0, Max: 0, Diff: 0, Sum: 0, Workers: 4
[2135.523s][debug][gc,phases      ] GC(130)     Total                          Min: 0, Avg:  0.0, Max: 0, Diff: 0, Sum: 0, Workers: 4
[2135.523s][debug][gc,phases      ] GC(130)   Weak JFR Old Object Samples    Min:  0.0, Avg:  0.0, Max:  0.0, Diff:  0.0, Sum:  0.0, Workers: 4
[2135.523s][debug][gc,phases      ] GC(130)     Dead                           Min: 0, Avg:  0.0, Max: 0, Diff: 0, Sum: 0, Workers: 4
[2135.523s][debug][gc,phases      ] GC(130)     Total                          Min: 0, Avg:  0.0, Max: 0, Diff: 0, Sum: 0, Workers: 4
[2135.523s][debug][gc,phases      ] GC(130) Weak Processing 0.326ms
[2135.523s][debug][gc,age         ] GC(130) Desired survivor size 2621440 bytes, new threshold 15 (max threshold 15)
[2135.523s][info ][gc,heap        ] GC(130) PSYoungGen: 2093824K(2094592K)->1856K(2094592K) Eden: 2092032K(2092032K)->0K(2092032K) From: 1792K(2560K)->1856K(2560K)
[2135.523s][info ][gc,heap        ] GC(130) ParOldGen: 335544K(387072K)->335584K(387072K)
[2135.523s][info ][gc,metaspace   ] GC(130) Metaspace: 79467K(80384K)->79467K(80384K) NonClass: 68102K(68608K)->68102K(68608K) Class: 11365K(11776K)->11365K(11776K)
[2135.523s][info ][gc             ] GC(130) Pause Young (Allocation Failure) 2372M->329M(2423M) 3.348ms
[2135.523s][info ][gc,cpu         ] GC(130) User=0.01s Sys=0.00s Real=0.00s
[2135.523s][info ][safepoint      ] Safepoint "ParallelGCFailedAllocation", Time since last: 3994071795 ns, Reaching safepoint: 97900 ns, At safepoint: 3411306 ns, Total: 3509206 ns
[2153.525s][info ][safepoint      ] Safepoint "Cleanup", Time since last: 18001120313 ns, Reaching safepoint: 182700 ns, At safepoint: 28900 ns, Total: 211600 ns
[2156.568s][info ][gc,start       ] GC(131) Pause Young (Allocation Failure)
[2156.570s][debug][gc,phases      ] GC(131) Scavenge 2.551ms
[2156.570s][debug][gc,ref         ] GC(131) Skipped phase 1 of Reference Processing: no references
[2156.570s][debug][gc,ref         ] GC(131) ReferenceProcessor::execute queues: 1, RefProcThreadModel::Single, marks_oops_alive: false
[2156.571s][debug][gc,ref         ] GC(131) Skipped phase 3 of Reference Processing: no references
[2156.571s][debug][gc,ref         ] GC(131) Skipped phase 4 of Reference Processing: no references
[2156.571s][debug][gc,phases      ] GC(131) Reference Processing 0.085ms
[2156.571s][debug][gc,phases      ] GC(131)   VM Weak                        Min:  0.0, Avg:  0.0, Max:  0.0, Diff:  0.0, Sum:  0.0, Workers: 4
[2156.571s][debug][gc,phases      ] GC(131)     Dead                           Min: 0, Avg:  0.0, Max: 0, Diff: 0, Sum: 0, Workers: 4
[2156.571s][debug][gc,phases      ] GC(131)     Total                          Min: 0, Avg: 181.2, Max: 640, Diff: 640, Sum: 725, Workers: 4
[2156.571s][debug][gc,phases      ] GC(131)   ObjectSynchronizer Weak        Min:  0.0, Avg:  0.0, Max:  0.0, Diff:  0.0, Sum:  0.0, Workers: 4
[2156.571s][debug][gc,phases      ] GC(131)     Dead                           Min: 0, Avg:  0.0, Max: 0, Diff: 0, Sum: 0, Workers: 4
[2156.571s][debug][gc,phases      ] GC(131)     Total                          Min: 0, Avg: 12.0, Max: 48, Diff: 48, Sum: 48, Workers: 4
[2156.571s][debug][gc,phases      ] GC(131)   JVMTI Tag Weak OopStorage      Min:  0.0, Avg:  0.0, Max:  0.0, Diff:  0.0, Sum:  0.0, Workers: 4
[2156.571s][debug][gc,phases      ] GC(131)     Dead                           Min: 0, Avg:  0.0, Max: 0, Diff: 0, Sum: 0, Workers: 4
[2156.571s][debug][gc,phases      ] GC(131)     Total                          Min: 0, Avg:  0.0, Max: 0, Diff: 0, Sum: 0, Workers: 4
[2156.571s][debug][gc,phases      ] GC(131)   StringTable Weak               Min:  0.0, Avg:  0.1, Max:  0.1, Diff:  0.1, Sum:  0.4, Workers: 4
[2156.571s][debug][gc,phases      ] GC(131)     Dead                           Min: 0, Avg:  0.0, Max: 0, Diff: 0, Sum: 0, Workers: 4
[2156.571s][debug][gc,phases      ] GC(131)     Total                          Min: 0, Avg: 10834.0, Max: 15296, Diff: 15296, Sum: 43336, Workers: 4
[2156.571s][debug][gc,phases      ] GC(131)   ResolvedMethodTable Weak       Min:  0.0, Avg:  0.0, Max:  0.0, Diff:  0.0, Sum:  0.1, Workers: 4
[2156.571s][debug][gc,phases      ] GC(131)     Dead                           Min: 0, Avg:  0.0, Max: 0, Diff: 0, Sum: 0, Workers: 4
[2156.571s][debug][gc,phases      ] GC(131)     Total                          Min: 0, Avg: 2185.5, Max: 2944, Diff: 2944, Sum: 8742, Workers: 4
[2156.571s][debug][gc,phases      ] GC(131)   JNI Weak                       Min:  0.0, Avg:  0.0, Max:  0.0, Diff:  0.0, Sum:  0.0, Workers: 4
[2156.571s][debug][gc,phases      ] GC(131)     Dead                           Min: 0, Avg:  0.0, Max: 0, Diff: 0, Sum: 0, Workers: 4
[2156.571s][debug][gc,phases      ] GC(131)     Total                          Min: 0, Avg: 11.2, Max: 45, Diff: 45, Sum: 45, Workers: 4
[2156.571s][debug][gc,phases      ] GC(131)   StringDedup Table Weak         Min:  0.0, Avg:  0.0, Max:  0.0, Diff:  0.0, Sum:  0.0, Workers: 4
[2156.571s][debug][gc,phases      ] GC(131)     Dead                           Min: 0, Avg:  0.0, Max: 0, Diff: 0, Sum: 0, Workers: 4
[2156.571s][debug][gc,phases      ] GC(131)     Total                          Min: 0, Avg:  0.0, Max: 0, Diff: 0, Sum: 0, Workers: 4
[2156.571s][debug][gc,phases      ] GC(131)   StringDedup Requests0 Weak     Min:  0.0, Avg:  0.0, Max:  0.0, Diff:  0.0, Sum:  0.0, Workers: 4
[2156.571s][debug][gc,phases      ] GC(131)     Dead                           Min: 0, Avg:  0.0, Max: 0, Diff: 0, Sum: 0, Workers: 4
[2156.571s][debug][gc,phases      ] GC(131)     Total                          Min: 0, Avg:  0.0, Max: 0, Diff: 0, Sum: 0, Workers: 4
[2156.571s][debug][gc,phases      ] GC(131)   StringDedup Requests1 Weak     Min:  0.0, Avg:  0.0, Max:  0.0, Diff:  0.0, Sum:  0.0, Workers: 4
[2156.571s][debug][gc,phases      ] GC(131)     Dead                           Min: 0, Avg:  0.0, Max: 0, Diff: 0, Sum: 0, Workers: 4
[2156.571s][debug][gc,phases      ] GC(131)     Total                          Min: 0, Avg:  0.0, Max: 0, Diff: 0, Sum: 0, Workers: 4
[2156.571s][debug][gc,phases      ] GC(131)   Weak JFR Old Object Samples    Min:  0.0, Avg:  0.0, Max:  0.0, Diff:  0.0, Sum:  0.0, Workers: 4
[2156.571s][debug][gc,phases      ] GC(131)     Dead                           Min: 0, Avg:  0.0, Max: 0, Diff: 0, Sum: 0, Workers: 4
[2156.571s][debug][gc,phases      ] GC(131)     Total                          Min: 0, Avg:  0.0, Max: 0, Diff: 0, Sum: 0, Workers: 4
[2156.571s][debug][gc,phases      ] GC(131) Weak Processing 0.320ms
[2156.571s][debug][gc,age         ] GC(131) Desired survivor size 2621440 bytes, new threshold 15 (max threshold 15)
[2156.571s][info ][gc,heap        ] GC(131) PSYoungGen: 2093888K(2094592K)->1952K(2094592K) Eden: 2092032K(2092032K)->0K(2092032K) From: 1856K(2560K)->1952K(2560K)
[2156.571s][info ][gc,heap        ] GC(131) ParOldGen: 335584K(387072K)->335608K(387072K)
[2156.571s][info ][gc,metaspace   ] GC(131) Metaspace: 79467K(80384K)->79467K(80384K) NonClass: 68102K(68608K)->68102K(68608K) Class: 11365K(11776K)->11365K(11776K)
[2156.571s][info ][gc             ] GC(131) Pause Young (Allocation Failure) 2372M->329M(2423M) 3.054ms
[2156.571s][info ][gc,cpu         ] GC(131) User=0.01s Sys=0.00s Real=0.00s
[2156.571s][info ][safepoint      ] Safepoint "ParallelGCFailedAllocation", Time since last: 3043230505 ns, Reaching safepoint: 29400 ns, At safepoint: 3116605 ns, Total: 3146005 ns
[2177.321s][info ][gc,start       ] GC(132) Pause Young (Allocation Failure)
[2177.324s][debug][gc,phases      ] GC(132) Scavenge 2.581ms
[2177.324s][debug][gc,ref         ] GC(132) Skipped phase 1 of Reference Processing: no references
[2177.324s][debug][gc,ref         ] GC(132) ReferenceProcessor::execute queues: 1, RefProcThreadModel::Single, marks_oops_alive: false
[2177.324s][debug][gc,ref         ] GC(132) Skipped phase 3 of Reference Processing: no references
[2177.324s][debug][gc,ref         ] GC(132) Skipped phase 4 of Reference Processing: no references
[2177.324s][debug][gc,phases      ] GC(132) Reference Processing 0.096ms
[2177.324s][debug][gc,phases      ] GC(132)   VM Weak                        Min:  0.0, Avg:  0.0, Max:  0.0, Diff:  0.0, Sum:  0.0, Workers: 4
[2177.324s][debug][gc,phases      ] GC(132)     Dead                           Min: 0, Avg:  0.0, Max: 0, Diff: 0, Sum: 0, Workers: 4
[2177.324s][debug][gc,phases      ] GC(132)     Total                          Min: 0, Avg: 181.2, Max: 533, Diff: 533, Sum: 725, Workers: 4
[2177.324s][debug][gc,phases      ] GC(132)   ObjectSynchronizer Weak        Min:  0.0, Avg:  0.0, Max:  0.0, Diff:  0.0, Sum:  0.0, Workers: 4
[2177.324s][debug][gc,phases      ] GC(132)     Dead                           Min: 0, Avg:  0.0, Max: 0, Diff: 0, Sum: 0, Workers: 4
[2177.324s][debug][gc,phases      ] GC(132)     Total                          Min: 0, Avg: 12.0, Max: 48, Diff: 48, Sum: 48, Workers: 4
[2177.324s][debug][gc,phases      ] GC(132)   JVMTI Tag Weak OopStorage      Min:  0.0, Avg:  0.0, Max:  0.0, Diff:  0.0, Sum:  0.0, Workers: 4
[2177.324s][debug][gc,phases      ] GC(132)     Dead                           Min: 0, Avg:  0.0, Max: 0, Diff: 0, Sum: 0, Workers: 4
[2177.324s][debug][gc,phases      ] GC(132)     Total                          Min: 0, Avg:  0.0, Max: 0, Diff: 0, Sum: 0, Workers: 4
[2177.324s][debug][gc,phases      ] GC(132)   StringTable Weak               Min:  0.0, Avg:  0.1, Max:  0.1, Diff:  0.1, Sum:  0.4, Workers: 4
[2177.324s][debug][gc,phases      ] GC(132)     Dead                           Min: 0, Avg:  0.0, Max: 0, Diff: 0, Sum: 0, Workers: 4
[2177.324s][debug][gc,phases      ] GC(132)     Total                          Min: 0, Avg: 10834.0, Max: 16256, Diff: 16256, Sum: 43336, Workers: 4
[2177.324s][debug][gc,phases      ] GC(132)   ResolvedMethodTable Weak       Min:  0.0, Avg:  0.0, Max:  0.0, Diff:  0.0, Sum:  0.1, Workers: 4
[2177.324s][debug][gc,phases      ] GC(132)     Dead                           Min: 0, Avg:  0.0, Max: 0, Diff: 0, Sum: 0, Workers: 4
[2177.324s][debug][gc,phases      ] GC(132)     Total                          Min: 0, Avg: 2185.5, Max: 3200, Diff: 3200, Sum: 8742, Workers: 4
[2177.324s][debug][gc,phases      ] GC(132)   JNI Weak                       Min:  0.0, Avg:  0.0, Max:  0.0, Diff:  0.0, Sum:  0.0, Workers: 4
[2177.324s][debug][gc,phases      ] GC(132)     Dead                           Min: 0, Avg:  0.0, Max: 0, Diff: 0, Sum: 0, Workers: 4
[2177.324s][debug][gc,phases      ] GC(132)     Total                          Min: 0, Avg: 11.2, Max: 45, Diff: 45, Sum: 45, Workers: 4
[2177.324s][debug][gc,phases      ] GC(132)   StringDedup Table Weak         Min:  0.0, Avg:  0.0, Max:  0.0, Diff:  0.0, Sum:  0.0, Workers: 4
[2177.324s][debug][gc,phases      ] GC(132)     Dead                           Min: 0, Avg:  0.0, Max: 0, Diff: 0, Sum: 0, Workers: 4
[2177.324s][debug][gc,phases      ] GC(132)     Total                          Min: 0, Avg:  0.0, Max: 0, Diff: 0, Sum: 0, Workers: 4
[2177.324s][debug][gc,phases      ] GC(132)   StringDedup Requests0 Weak     Min:  0.0, Avg:  0.0, Max:  0.0, Diff:  0.0, Sum:  0.0, Workers: 4
[2177.324s][debug][gc,phases      ] GC(132)     Dead                           Min: 0, Avg:  0.0, Max: 0, Diff: 0, Sum: 0, Workers: 4
[2177.324s][debug][gc,phases      ] GC(132)     Total                          Min: 0, Avg:  0.0, Max: 0, Diff: 0, Sum: 0, Workers: 4
[2177.324s][debug][gc,phases      ] GC(132)   StringDedup Requests1 Weak     Min:  0.0, Avg:  0.0, Max:  0.0, Diff:  0.0, Sum:  0.0, Workers: 4
[2177.324s][debug][gc,phases      ] GC(132)     Dead                           Min: 0, Avg:  0.0, Max: 0, Diff: 0, Sum: 0, Workers: 4
[2177.324s][debug][gc,phases      ] GC(132)     Total                          Min: 0, Avg:  0.0, Max: 0, Diff: 0, Sum: 0, Workers: 4
[2177.324s][debug][gc,phases      ] GC(132)   Weak JFR Old Object Samples    Min:  0.0, Avg:  0.0, Max:  0.0, Diff:  0.0, Sum:  0.0, Workers: 4
[2177.324s][debug][gc,phases      ] GC(132)     Dead                           Min: 0, Avg:  0.0, Max: 0, Diff: 0, Sum: 0, Workers: 4
[2177.324s][debug][gc,phases      ] GC(132)     Total                          Min: 0, Avg:  0.0, Max: 0, Diff: 0, Sum: 0, Workers: 4
[2177.324s][debug][gc,phases      ] GC(132) Weak Processing 0.318ms
[2177.324s][debug][gc,age         ] GC(132) Desired survivor size 2621440 bytes, new threshold 15 (max threshold 15)
[2177.324s][info ][gc,heap        ] GC(132) PSYoungGen: 2093984K(2094592K)->1696K(2094592K) Eden: 2092032K(2092032K)->0K(2092032K) From: 1952K(2560K)->1696K(2560K)
[2177.324s][info ][gc,heap        ] GC(132) ParOldGen: 335608K(387072K)->335640K(387072K)
[2177.324s][info ][gc,metaspace   ] GC(132) Metaspace: 79467K(80384K)->79467K(80384K) NonClass: 68102K(68608K)->68102K(68608K) Class: 11365K(11776K)->11365K(11776K)
[2177.324s][info ][gc             ] GC(132) Pause Young (Allocation Failure) 2372M->329M(2423M) 3.107ms
[2177.324s][info ][gc,cpu         ] GC(132) User=0.01s Sys=0.00s Real=0.00s
[2177.324s][info ][safepoint      ] Safepoint "ParallelGCFailedAllocation", Time since last: 20750246840 ns, Reaching safepoint: 99300 ns, At safepoint: 3168506 ns, Total: 3267806 ns
[2198.437s][info ][gc,start       ] GC(133) Pause Young (Allocation Failure)
[2198.439s][debug][gc,phases      ] GC(133) Scavenge 2.201ms
[2198.439s][debug][gc,ref         ] GC(133) Skipped phase 1 of Reference Processing: no references
[2198.439s][debug][gc,ref         ] GC(133) ReferenceProcessor::execute queues: 1, RefProcThreadModel::Single, marks_oops_alive: false
[2198.439s][debug][gc,ref         ] GC(133) Skipped phase 3 of Reference Processing: no references
[2198.439s][debug][gc,ref         ] GC(133) Skipped phase 4 of Reference Processing: no references
[2198.439s][debug][gc,phases      ] GC(133) Reference Processing 0.088ms
[2198.439s][debug][gc,phases      ] GC(133)   VM Weak                        Min:  0.0, Avg:  0.0, Max:  0.0, Diff:  0.0, Sum:  0.0, Workers: 4
[2198.439s][debug][gc,phases      ] GC(133)     Dead                           Min: 0, Avg:  0.0, Max: 0, Diff: 0, Sum: 0, Workers: 4
[2198.439s][debug][gc,phases      ] GC(133)     Total                          Min: 0, Avg: 181.2, Max: 576, Diff: 576, Sum: 725, Workers: 4
[2198.439s][debug][gc,phases      ] GC(133)   ObjectSynchronizer Weak        Min:  0.0, Avg:  0.0, Max:  0.0, Diff:  0.0, Sum:  0.0, Workers: 4
[2198.439s][debug][gc,phases      ] GC(133)     Dead                           Min: 0, Avg:  0.0, Max: 0, Diff: 0, Sum: 0, Workers: 4
[2198.439s][debug][gc,phases      ] GC(133)     Total                          Min: 0, Avg: 12.0, Max: 48, Diff: 48, Sum: 48, Workers: 4
[2198.439s][debug][gc,phases      ] GC(133)   JVMTI Tag Weak OopStorage      Min:  0.0, Avg:  0.0, Max:  0.0, Diff:  0.0, Sum:  0.0, Workers: 4
[2198.439s][debug][gc,phases      ] GC(133)     Dead                           Min: 0, Avg:  0.0, Max: 0, Diff: 0, Sum: 0, Workers: 4
[2198.439s][debug][gc,phases      ] GC(133)     Total                          Min: 0, Avg:  0.0, Max: 0, Diff: 0, Sum: 0, Workers: 4
[2198.439s][debug][gc,phases      ] GC(133)   StringTable Weak               Min:  0.1, Avg:  0.1, Max:  0.1, Diff:  0.0, Sum:  0.4, Workers: 4
[2198.439s][debug][gc,phases      ] GC(133)     Dead                           Min: 0, Avg:  0.0, Max: 0, Diff: 0, Sum: 0, Workers: 4
[2198.439s][debug][gc,phases      ] GC(133)     Total                          Min: 9928, Avg: 10834.0, Max: 11648, Diff: 1720, Sum: 43336, Workers: 4
[2198.439s][debug][gc,phases      ] GC(133)   ResolvedMethodTable Weak       Min:  0.0, Avg:  0.0, Max:  0.0, Diff:  0.0, Sum:  0.1, Workers: 4
[2198.439s][debug][gc,phases      ] GC(133)     Dead                           Min: 0, Avg:  0.0, Max: 0, Diff: 0, Sum: 0, Workers: 4
[2198.439s][debug][gc,phases      ] GC(133)     Total                          Min: 2112, Avg: 2185.5, Max: 2240, Diff: 128, Sum: 8742, Workers: 4
[2198.439s][debug][gc,phases      ] GC(133)   JNI Weak                       Min:  0.0, Avg:  0.0, Max:  0.0, Diff:  0.0, Sum:  0.0, Workers: 4
[2198.439s][debug][gc,phases      ] GC(133)     Dead                           Min: 0, Avg:  0.0, Max: 0, Diff: 0, Sum: 0, Workers: 4
[2198.439s][debug][gc,phases      ] GC(133)     Total                          Min: 0, Avg: 11.2, Max: 45, Diff: 45, Sum: 45, Workers: 4
[2198.439s][debug][gc,phases      ] GC(133)   StringDedup Table Weak         Min:  0.0, Avg:  0.0, Max:  0.0, Diff:  0.0, Sum:  0.0, Workers: 4
[2198.439s][debug][gc,phases      ] GC(133)     Dead                           Min: 0, Avg:  0.0, Max: 0, Diff: 0, Sum: 0, Workers: 4
[2198.439s][debug][gc,phases      ] GC(133)     Total                          Min: 0, Avg:  0.0, Max: 0, Diff: 0, Sum: 0, Workers: 4
[2198.439s][debug][gc,phases      ] GC(133)   StringDedup Requests0 Weak     Min:  0.0, Avg:  0.0, Max:  0.0, Diff:  0.0, Sum:  0.0, Workers: 4
[2198.439s][debug][gc,phases      ] GC(133)     Dead                           Min: 0, Avg:  0.0, Max: 0, Diff: 0, Sum: 0, Workers: 4
[2198.439s][debug][gc,phases      ] GC(133)     Total                          Min: 0, Avg:  0.0, Max: 0, Diff: 0, Sum: 0, Workers: 4
[2198.439s][debug][gc,phases      ] GC(133)   StringDedup Requests1 Weak     Min:  0.0, Avg:  0.0, Max:  0.0, Diff:  0.0, Sum:  0.0, Workers: 4
[2198.439s][debug][gc,phases      ] GC(133)     Dead                           Min: 0, Avg:  0.0, Max: 0, Diff: 0, Sum: 0, Workers: 4
[2198.439s][debug][gc,phases      ] GC(133)     Total                          Min: 0, Avg:  0.0, Max: 0, Diff: 0, Sum: 0, Workers: 4
[2198.439s][debug][gc,phases      ] GC(133)   Weak JFR Old Object Samples    Min:  0.0, Avg:  0.0, Max:  0.0, Diff:  0.0, Sum:  0.0, Workers: 4
[2198.439s][debug][gc,phases      ] GC(133)     Dead                           Min: 0, Avg:  0.0, Max: 0, Diff: 0, Sum: 0, Workers: 4
[2198.439s][debug][gc,phases      ] GC(133)     Total                          Min: 0, Avg:  0.0, Max: 0, Diff: 0, Sum: 0, Workers: 4
[2198.439s][debug][gc,phases      ] GC(133) Weak Processing 0.293ms
[2198.439s][debug][gc,age         ] GC(133) Desired survivor size 2621440 bytes, new threshold 15 (max threshold 15)
[2198.439s][info ][gc,heap        ] GC(133) PSYoungGen: 2093728K(2094592K)->1856K(2094592K) Eden: 2092032K(2092032K)->0K(2092032K) From: 1696K(2560K)->1856K(2560K)
[2198.439s][info ][gc,heap        ] GC(133) ParOldGen: 335640K(387072K)->335672K(387072K)
[2198.439s][info ][gc,metaspace   ] GC(133) Metaspace: 79467K(80384K)->79467K(80384K) NonClass: 68102K(68608K)->68102K(68608K) Class: 11365K(11776K)->11365K(11776K)
[2198.439s][info ][gc             ] GC(133) Pause Young (Allocation Failure) 2372M->329M(2423M) 2.689ms
[2198.439s][info ][gc,cpu         ] GC(133) User=0.01s Sys=0.00s Real=0.01s
[2198.439s][info ][safepoint      ] Safepoint "ParallelGCFailedAllocation", Time since last: 21112077054 ns, Reaching safepoint: 109800 ns, At safepoint: 2759405 ns, Total: 2869205 ns
[2219.317s][info ][gc,start       ] GC(134) Pause Young (Allocation Failure)
[2219.321s][debug][gc,phases      ] GC(134) Scavenge 3.664ms
[2219.321s][debug][gc,ref         ] GC(134) Skipped phase 1 of Reference Processing: no references
[2219.321s][debug][gc,ref         ] GC(134) ReferenceProcessor::execute queues: 1, RefProcThreadModel::Single, marks_oops_alive: false
[2219.321s][debug][gc,ref         ] GC(134) Skipped phase 3 of Reference Processing: no references
[2219.321s][debug][gc,ref         ] GC(134) Skipped phase 4 of Reference Processing: no references
[2219.321s][debug][gc,phases      ] GC(134) Reference Processing 0.090ms
[2219.321s][debug][gc,phases      ] GC(134)   VM Weak                        Min:  0.0, Avg:  0.0, Max:  0.0, Diff:  0.0, Sum:  0.0, Workers: 4
[2219.321s][debug][gc,phases      ] GC(134)     Dead                           Min: 0, Avg:  0.0, Max: 0, Diff: 0, Sum: 0, Workers: 4
[2219.321s][debug][gc,phases      ] GC(134)     Total                          Min: 0, Avg: 181.2, Max: 725, Diff: 725, Sum: 725, Workers: 4
[2219.321s][debug][gc,phases      ] GC(134)   ObjectSynchronizer Weak        Min:  0.0, Avg:  0.0, Max:  0.0, Diff:  0.0, Sum:  0.0, Workers: 4
[2219.321s][debug][gc,phases      ] GC(134)     Dead                           Min: 0, Avg:  0.0, Max: 0, Diff: 0, Sum: 0, Workers: 4
[2219.321s][debug][gc,phases      ] GC(134)     Total                          Min: 0, Avg: 12.0, Max: 48, Diff: 48, Sum: 48, Workers: 4
[2219.321s][debug][gc,phases      ] GC(134)   JVMTI Tag Weak OopStorage      Min:  0.0, Avg:  0.0, Max:  0.0, Diff:  0.0, Sum:  0.0, Workers: 4
[2219.321s][debug][gc,phases      ] GC(134)     Dead                           Min: 0, Avg:  0.0, Max: 0, Diff: 0, Sum: 0, Workers: 4
[2219.321s][debug][gc,phases      ] GC(134)     Total                          Min: 0, Avg:  0.0, Max: 0, Diff: 0, Sum: 0, Workers: 4
[2219.321s][debug][gc,phases      ] GC(134)   StringTable Weak               Min:  0.1, Avg:  0.1, Max:  0.1, Diff:  0.0, Sum:  0.4, Workers: 4
[2219.321s][debug][gc,phases      ] GC(134)     Dead                           Min: 0, Avg:  0.0, Max: 0, Diff: 0, Sum: 0, Workers: 4
[2219.321s][debug][gc,phases      ] GC(134)     Total                          Min: 9984, Avg: 10834.0, Max: 11648, Diff: 1664, Sum: 43336, Workers: 4
[2219.321s][debug][gc,phases      ] GC(134)   ResolvedMethodTable Weak       Min:  0.0, Avg:  0.0, Max:  0.0, Diff:  0.0, Sum:  0.1, Workers: 4
[2219.321s][debug][gc,phases      ] GC(134)     Dead                           Min: 0, Avg:  0.0, Max: 0, Diff: 0, Sum: 0, Workers: 4
[2219.321s][debug][gc,phases      ] GC(134)     Total                          Min: 2086, Avg: 2185.5, Max: 2304, Diff: 218, Sum: 8742, Workers: 4
[2219.321s][debug][gc,phases      ] GC(134)   JNI Weak                       Min:  0.0, Avg:  0.0, Max:  0.0, Diff:  0.0, Sum:  0.0, Workers: 4
[2219.321s][debug][gc,phases      ] GC(134)     Dead                           Min: 0, Avg:  0.0, Max: 0, Diff: 0, Sum: 0, Workers: 4
[2219.321s][debug][gc,phases      ] GC(134)     Total                          Min: 0, Avg: 11.2, Max: 45, Diff: 45, Sum: 45, Workers: 4
[2219.321s][debug][gc,phases      ] GC(134)   StringDedup Table Weak         Min:  0.0, Avg:  0.0, Max:  0.0, Diff:  0.0, Sum:  0.0, Workers: 4
[2219.321s][debug][gc,phases      ] GC(134)     Dead                           Min: 0, Avg:  0.0, Max: 0, Diff: 0, Sum: 0, Workers: 4
[2219.321s][debug][gc,phases      ] GC(134)     Total                          Min: 0, Avg:  0.0, Max: 0, Diff: 0, Sum: 0, Workers: 4
[2219.321s][debug][gc,phases      ] GC(134)   StringDedup Requests0 Weak     Min:  0.0, Avg:  0.0, Max:  0.0, Diff:  0.0, Sum:  0.0, Workers: 4
[2219.321s][debug][gc,phases      ] GC(134)     Dead                           Min: 0, Avg:  0.0, Max: 0, Diff: 0, Sum: 0, Workers: 4
[2219.321s][debug][gc,phases      ] GC(134)     Total                          Min: 0, Avg:  0.0, Max: 0, Diff: 0, Sum: 0, Workers: 4
[2219.321s][debug][gc,phases      ] GC(134)   StringDedup Requests1 Weak     Min:  0.0, Avg:  0.0, Max:  0.0, Diff:  0.0, Sum:  0.0, Workers: 4
[2219.321s][debug][gc,phases      ] GC(134)     Dead                           Min: 0, Avg:  0.0, Max: 0, Diff: 0, Sum: 0, Workers: 4
[2219.321s][debug][gc,phases      ] GC(134)     Total                          Min: 0, Avg:  0.0, Max: 0, Diff: 0, Sum: 0, Workers: 4
[2219.321s][debug][gc,phases      ] GC(134)   Weak JFR Old Object Samples    Min:  0.0, Avg:  0.0, Max:  0.0, Diff:  0.0, Sum:  0.0, Workers: 4
[2219.321s][debug][gc,phases      ] GC(134)     Dead                           Min: 0, Avg:  0.0, Max: 0, Diff: 0, Sum: 0, Workers: 4
[2219.321s][debug][gc,phases      ] GC(134)     Total                          Min: 0, Avg:  0.0, Max: 0, Diff: 0, Sum: 0, Workers: 4
[2219.321s][debug][gc,phases      ] GC(134) Weak Processing 0.325ms
[2219.321s][debug][gc,age         ] GC(134) Desired survivor size 2621440 bytes, new threshold 15 (max threshold 15)
[2219.321s][info ][gc,heap        ] GC(134) PSYoungGen: 2093888K(2094592K)->1888K(2094592K) Eden: 2092032K(2092032K)->0K(2092032K) From: 1856K(2560K)->1888K(2560K)
[2219.321s][info ][gc,heap        ] GC(134) ParOldGen: 335672K(387072K)->335704K(387072K)
[2219.321s][info ][gc,metaspace   ] GC(134) Metaspace: 79468K(80384K)->79468K(80384K) NonClass: 68103K(68608K)->68103K(68608K) Class: 11365K(11776K)->11365K(11776K)
[2219.321s][info ][gc             ] GC(134) Pause Young (Allocation Failure) 2372M->329M(2423M) 4.191ms
[2219.321s][info ][gc,cpu         ] GC(134) User=0.02s Sys=0.00s Real=0.01s
[2219.321s][info ][safepoint      ] Safepoint "ParallelGCFailedAllocation", Time since last: 20877579616 ns, Reaching safepoint: 31000 ns, At safepoint: 4255807 ns, Total: 4286807 ns
[2240.007s][info ][gc,start       ] GC(135) Pause Young (Allocation Failure)
[2240.012s][debug][gc,phases      ] GC(135) Scavenge 4.899ms
[2240.012s][debug][gc,ref         ] GC(135) Skipped phase 1 of Reference Processing: no references
[2240.012s][debug][gc,ref         ] GC(135) ReferenceProcessor::execute queues: 1, RefProcThreadModel::Single, marks_oops_alive: false
[2240.012s][debug][gc,ref         ] GC(135) Skipped phase 3 of Reference Processing: no references
[2240.012s][debug][gc,ref         ] GC(135) Skipped phase 4 of Reference Processing: no references
[2240.012s][debug][gc,phases      ] GC(135) Reference Processing 0.094ms
[2240.012s][debug][gc,phases      ] GC(135)   VM Weak                        Min:  0.0, Avg:  0.0, Max:  0.0, Diff:  0.0, Sum:  0.0, Workers: 4
[2240.012s][debug][gc,phases      ] GC(135)     Dead                           Min: 0, Avg:  0.0, Max: 0, Diff: 0, Sum: 0, Workers: 4
[2240.013s][debug][gc,phases      ] GC(135)     Total                          Min: 0, Avg: 181.2, Max: 576, Diff: 576, Sum: 725, Workers: 4
[2240.013s][debug][gc,phases      ] GC(135)   ObjectSynchronizer Weak        Min:  0.0, Avg:  0.0, Max:  0.0, Diff:  0.0, Sum:  0.0, Workers: 4
[2240.013s][debug][gc,phases      ] GC(135)     Dead                           Min: 0, Avg:  0.0, Max: 0, Diff: 0, Sum: 0, Workers: 4
[2240.013s][debug][gc,phases      ] GC(135)     Total                          Min: 0, Avg: 12.0, Max: 48, Diff: 48, Sum: 48, Workers: 4
[2240.013s][debug][gc,phases      ] GC(135)   JVMTI Tag Weak OopStorage      Min:  0.0, Avg:  0.0, Max:  0.0, Diff:  0.0, Sum:  0.0, Workers: 4
[2240.013s][debug][gc,phases      ] GC(135)     Dead                           Min: 0, Avg:  0.0, Max: 0, Diff: 0, Sum: 0, Workers: 4
[2240.013s][debug][gc,phases      ] GC(135)     Total                          Min: 0, Avg:  0.0, Max: 0, Diff: 0, Sum: 0, Workers: 4
[2240.013s][debug][gc,phases      ] GC(135)   StringTable Weak               Min:  0.0, Avg:  0.1, Max:  0.1, Diff:  0.1, Sum:  0.4, Workers: 4
[2240.013s][debug][gc,phases      ] GC(135)     Dead                           Min: 0, Avg:  0.0, Max: 0, Diff: 0, Sum: 0, Workers: 4
[2240.013s][debug][gc,phases      ] GC(135)     Total                          Min: 0, Avg: 10834.2, Max: 17161, Diff: 17161, Sum: 43337, Workers: 4
[2240.013s][debug][gc,phases      ] GC(135)   ResolvedMethodTable Weak       Min:  0.0, Avg:  0.0, Max:  0.0, Diff:  0.0, Sum:  0.1, Workers: 4
[2240.013s][debug][gc,phases      ] GC(135)     Dead                           Min: 0, Avg:  0.0, Max: 0, Diff: 0, Sum: 0, Workers: 4
[2240.013s][debug][gc,phases      ] GC(135)     Total                          Min: 0, Avg: 2185.5, Max: 3750, Diff: 3750, Sum: 8742, Workers: 4
[2240.013s][debug][gc,phases      ] GC(135)   JNI Weak                       Min:  0.0, Avg:  0.0, Max:  0.0, Diff:  0.0, Sum:  0.0, Workers: 4
[2240.013s][debug][gc,phases      ] GC(135)     Dead                           Min: 0, Avg:  0.0, Max: 0, Diff: 0, Sum: 0, Workers: 4
[2240.013s][debug][gc,phases      ] GC(135)     Total                          Min: 0, Avg: 11.2, Max: 45, Diff: 45, Sum: 45, Workers: 4
[2240.013s][debug][gc,phases      ] GC(135)   StringDedup Table Weak         Min:  0.0, Avg:  0.0, Max:  0.0, Diff:  0.0, Sum:  0.0, Workers: 4
[2240.013s][debug][gc,phases      ] GC(135)     Dead                           Min: 0, Avg:  0.0, Max: 0, Diff: 0, Sum: 0, Workers: 4
[2240.013s][debug][gc,phases      ] GC(135)     Total                          Min: 0, Avg:  0.0, Max: 0, Diff: 0, Sum: 0, Workers: 4
[2240.013s][debug][gc,phases      ] GC(135)   StringDedup Requests0 Weak     Min:  0.0, Avg:  0.0, Max:  0.0, Diff:  0.0, Sum:  0.0, Workers: 4
[2240.013s][debug][gc,phases      ] GC(135)     Dead                           Min: 0, Avg:  0.0, Max: 0, Diff: 0, Sum: 0, Workers: 4
[2240.013s][debug][gc,phases      ] GC(135)     Total                          Min: 0, Avg:  0.0, Max: 0, Diff: 0, Sum: 0, Workers: 4
[2240.013s][debug][gc,phases      ] GC(135)   StringDedup Requests1 Weak     Min:  0.0, Avg:  0.0, Max:  0.0, Diff:  0.0, Sum:  0.0, Workers: 4
[2240.013s][debug][gc,phases      ] GC(135)     Dead                           Min: 0, Avg:  0.0, Max: 0, Diff: 0, Sum: 0, Workers: 4
[2240.013s][debug][gc,phases      ] GC(135)     Total                          Min: 0, Avg:  0.0, Max: 0, Diff: 0, Sum: 0, Workers: 4
[2240.013s][debug][gc,phases      ] GC(135)   Weak JFR Old Object Samples    Min:  0.0, Avg:  0.0, Max:  0.0, Diff:  0.0, Sum:  0.0, Workers: 4
[2240.013s][debug][gc,phases      ] GC(135)     Dead                           Min: 0, Avg:  0.0, Max: 0, Diff: 0, Sum: 0, Workers: 4
[2240.013s][debug][gc,phases      ] GC(135)     Total                          Min: 0, Avg:  0.0, Max: 0, Diff: 0, Sum: 0, Workers: 4
[2240.013s][debug][gc,phases      ] GC(135) Weak Processing 0.386ms
[2240.013s][debug][gc,age         ] GC(135) Desired survivor size 2621440 bytes, new threshold 15 (max threshold 15)
[2240.013s][info ][gc,heap        ] GC(135) PSYoungGen: 2093920K(2094592K)->1920K(2094592K) Eden: 2092032K(2092032K)->0K(2092032K) From: 1888K(2560K)->1920K(2560K)
[2240.013s][info ][gc,heap        ] GC(135) ParOldGen: 335704K(387072K)->335728K(387072K)
[2240.013s][info ][gc,metaspace   ] GC(135) Metaspace: 79469K(80384K)->79469K(80384K) NonClass: 68104K(68608K)->68104K(68608K) Class: 11365K(11776K)->11365K(11776K)
[2240.013s][info ][gc             ] GC(135) Pause Young (Allocation Failure) 2372M->329M(2423M) 5.508ms
[2240.013s][info ][gc,cpu         ] GC(135) User=0.01s Sys=0.00s Real=0.00s
[2240.013s][info ][safepoint      ] Safepoint "ParallelGCFailedAllocation", Time since last: 20685805875 ns, Reaching safepoint: 97800 ns, At safepoint: 5578710 ns, Total: 5676510 ns
[2256.014s][info ][safepoint      ] Safepoint "Cleanup", Time since last: 16001077661 ns, Reaching safepoint: 46801 ns, At safepoint: 2800 ns, Total: 49601 ns
[2260.822s][info ][gc,start       ] GC(136) Pause Young (Allocation Failure)
[2260.829s][debug][gc,phases      ] GC(136) Scavenge 6.530ms
[2260.829s][debug][gc,ref         ] GC(136) Skipped phase 1 of Reference Processing: no references
[2260.829s][debug][gc,ref         ] GC(136) ReferenceProcessor::execute queues: 1, RefProcThreadModel::Single, marks_oops_alive: false
[2260.829s][debug][gc,ref         ] GC(136) Skipped phase 3 of Reference Processing: no references
[2260.829s][debug][gc,ref         ] GC(136) Skipped phase 4 of Reference Processing: no references
[2260.829s][debug][gc,phases      ] GC(136) Reference Processing 0.093ms
[2260.829s][debug][gc,phases      ] GC(136)   VM Weak                        Min:  0.0, Avg:  0.0, Max:  0.0, Diff:  0.0, Sum:  0.0, Workers: 4
[2260.829s][debug][gc,phases      ] GC(136)     Dead                           Min: 0, Avg:  0.0, Max: 0, Diff: 0, Sum: 0, Workers: 4
[2260.829s][debug][gc,phases      ] GC(136)     Total                          Min: 0, Avg: 181.2, Max: 576, Diff: 576, Sum: 725, Workers: 4
[2260.829s][debug][gc,phases      ] GC(136)   ObjectSynchronizer Weak        Min:  0.0, Avg:  0.0, Max:  0.0, Diff:  0.0, Sum:  0.0, Workers: 4
[2260.829s][debug][gc,phases      ] GC(136)     Dead                           Min: 0, Avg:  0.0, Max: 0, Diff: 0, Sum: 0, Workers: 4
[2260.829s][debug][gc,phases      ] GC(136)     Total                          Min: 0, Avg: 12.0, Max: 48, Diff: 48, Sum: 48, Workers: 4
[2260.829s][debug][gc,phases      ] GC(136)   JVMTI Tag Weak OopStorage      Min:  0.0, Avg:  0.0, Max:  0.0, Diff:  0.0, Sum:  0.0, Workers: 4
[2260.829s][debug][gc,phases      ] GC(136)     Dead                           Min: 0, Avg:  0.0, Max: 0, Diff: 0, Sum: 0, Workers: 4
[2260.829s][debug][gc,phases      ] GC(136)     Total                          Min: 0, Avg:  0.0, Max: 0, Diff: 0, Sum: 0, Workers: 4
[2260.829s][debug][gc,phases      ] GC(136)   StringTable Weak               Min:  0.1, Avg:  0.1, Max:  0.1, Diff:  0.0, Sum:  0.4, Workers: 4
[2260.829s][debug][gc,phases      ] GC(136)     Dead                           Min: 0, Avg:  0.0, Max: 0, Diff: 0, Sum: 0, Workers: 4
[2260.829s][debug][gc,phases      ] GC(136)     Total                          Min: 10560, Avg: 10834.2, Max: 11017, Diff: 457, Sum: 43337, Workers: 4
[2260.829s][debug][gc,phases      ] GC(136)   ResolvedMethodTable Weak       Min:  0.0, Avg:  0.0, Max:  0.0, Diff:  0.0, Sum:  0.1, Workers: 4
[2260.829s][debug][gc,phases      ] GC(136)     Dead                           Min: 0, Avg:  0.0, Max: 0, Diff: 0, Sum: 0, Workers: 4
[2260.829s][debug][gc,phases      ] GC(136)     Total                          Min: 1920, Avg: 2185.5, Max: 2368, Diff: 448, Sum: 8742, Workers: 4
[2260.829s][debug][gc,phases      ] GC(136)   JNI Weak                       Min:  0.0, Avg:  0.0, Max:  0.0, Diff:  0.0, Sum:  0.0, Workers: 4
[2260.829s][debug][gc,phases      ] GC(136)     Dead                           Min: 0, Avg:  0.0, Max: 0, Diff: 0, Sum: 0, Workers: 4
[2260.829s][debug][gc,phases      ] GC(136)     Total                          Min: 0, Avg: 11.2, Max: 45, Diff: 45, Sum: 45, Workers: 4
[2260.829s][debug][gc,phases      ] GC(136)   StringDedup Table Weak         Min:  0.0, Avg:  0.0, Max:  0.0, Diff:  0.0, Sum:  0.0, Workers: 4
[2260.829s][debug][gc,phases      ] GC(136)     Dead                           Min: 0, Avg:  0.0, Max: 0, Diff: 0, Sum: 0, Workers: 4
[2260.829s][debug][gc,phases      ] GC(136)     Total                          Min: 0, Avg:  0.0, Max: 0, Diff: 0, Sum: 0, Workers: 4
[2260.829s][debug][gc,phases      ] GC(136)   StringDedup Requests0 Weak     Min:  0.0, Avg:  0.0, Max:  0.0, Diff:  0.0, Sum:  0.0, Workers: 4
[2260.829s][debug][gc,phases      ] GC(136)     Dead                           Min: 0, Avg:  0.0, Max: 0, Diff: 0, Sum: 0, Workers: 4
[2260.829s][debug][gc,phases      ] GC(136)     Total                          Min: 0, Avg:  0.0, Max: 0, Diff: 0, Sum: 0, Workers: 4
[2260.829s][debug][gc,phases      ] GC(136)   StringDedup Requests1 Weak     Min:  0.0, Avg:  0.0, Max:  0.0, Diff:  0.0, Sum:  0.0, Workers: 4
[2260.829s][debug][gc,phases      ] GC(136)     Dead                           Min: 0, Avg:  0.0, Max: 0, Diff: 0, Sum: 0, Workers: 4
[2260.829s][debug][gc,phases      ] GC(136)     Total                          Min: 0, Avg:  0.0, Max: 0, Diff: 0, Sum: 0, Workers: 4
[2260.829s][debug][gc,phases      ] GC(136)   Weak JFR Old Object Samples    Min:  0.0, Avg:  0.0, Max:  0.0, Diff:  0.0, Sum:  0.0, Workers: 4
[2260.829s][debug][gc,phases      ] GC(136)     Dead                           Min: 0, Avg:  0.0, Max: 0, Diff: 0, Sum: 0, Workers: 4
[2260.829s][debug][gc,phases      ] GC(136)     Total                          Min: 0, Avg:  0.0, Max: 0, Diff: 0, Sum: 0, Workers: 4
[2260.829s][debug][gc,phases      ] GC(136) Weak Processing 0.301ms
[2260.829s][debug][gc,age         ] GC(136) Desired survivor size 2621440 bytes, new threshold 15 (max threshold 15)
[2260.829s][info ][gc,heap        ] GC(136) PSYoungGen: 2093952K(2094592K)->1920K(2094592K) Eden: 2092032K(2092032K)->0K(2092032K) From: 1920K(2560K)->1920K(2560K)
[2260.829s][info ][gc,heap        ] GC(136) ParOldGen: 335728K(387072K)->335736K(387072K)
[2260.829s][info ][gc,metaspace   ] GC(136) Metaspace: 79472K(80384K)->79472K(80384K) NonClass: 68107K(68608K)->68107K(68608K) Class: 11365K(11776K)->11365K(11776K)
[2260.829s][info ][gc             ] GC(136) Pause Young (Allocation Failure) 2372M->329M(2423M) 7.036ms
[2260.829s][info ][gc,cpu         ] GC(136) User=0.01s Sys=0.00s Real=0.01s
[2260.829s][info ][safepoint      ] Safepoint "ParallelGCFailedAllocation", Time since last: 4808245639 ns, Reaching safepoint: 133200 ns, At safepoint: 7156113 ns, Total: 7289313 ns
[2281.604s][info ][gc,start       ] GC(137) Pause Young (Allocation Failure)
[2281.608s][debug][gc,phases      ] GC(137) Scavenge 4.614ms
[2281.608s][debug][gc,ref         ] GC(137) Skipped phase 1 of Reference Processing: no references
[2281.608s][debug][gc,ref         ] GC(137) ReferenceProcessor::execute queues: 1, RefProcThreadModel::Single, marks_oops_alive: false
[2281.608s][debug][gc,ref         ] GC(137) Skipped phase 3 of Reference Processing: no references
[2281.608s][debug][gc,ref         ] GC(137) Skipped phase 4 of Reference Processing: no references
[2281.608s][debug][gc,phases      ] GC(137) Reference Processing 0.092ms
[2281.609s][debug][gc,phases      ] GC(137)   VM Weak                        Min:  0.0, Avg:  0.0, Max:  0.0, Diff:  0.0, Sum:  0.0, Workers: 4
[2281.609s][debug][gc,phases      ] GC(137)     Dead                           Min: 0, Avg:  0.0, Max: 0, Diff: 0, Sum: 0, Workers: 4
[2281.609s][debug][gc,phases      ] GC(137)     Total                          Min: 0, Avg: 181.2, Max: 725, Diff: 725, Sum: 725, Workers: 4
[2281.609s][debug][gc,phases      ] GC(137)   ObjectSynchronizer Weak        Min:  0.0, Avg:  0.0, Max:  0.0, Diff:  0.0, Sum:  0.0, Workers: 4
[2281.609s][debug][gc,phases      ] GC(137)     Dead                           Min: 0, Avg:  0.0, Max: 0, Diff: 0, Sum: 0, Workers: 4
[2281.609s][debug][gc,phases      ] GC(137)     Total                          Min: 0, Avg: 12.0, Max: 48, Diff: 48, Sum: 48, Workers: 4
[2281.609s][debug][gc,phases      ] GC(137)   JVMTI Tag Weak OopStorage      Min:  0.0, Avg:  0.0, Max:  0.0, Diff:  0.0, Sum:  0.0, Workers: 4
[2281.609s][debug][gc,phases      ] GC(137)     Dead                           Min: 0, Avg:  0.0, Max: 0, Diff: 0, Sum: 0, Workers: 4
[2281.609s][debug][gc,phases      ] GC(137)     Total                          Min: 0, Avg:  0.0, Max: 0, Diff: 0, Sum: 0, Workers: 4
[2281.609s][debug][gc,phases      ] GC(137)   StringTable Weak               Min:  0.1, Avg:  0.1, Max:  0.1, Diff:  0.0, Sum:  0.4, Workers: 4
[2281.609s][debug][gc,phases      ] GC(137)     Dead                           Min: 0, Avg:  0.0, Max: 0, Diff: 0, Sum: 0, Workers: 4
[2281.609s][debug][gc,phases      ] GC(137)     Total                          Min: 9995, Avg: 10834.8, Max: 11200, Diff: 1205, Sum: 43339, Workers: 4
[2281.609s][debug][gc,phases      ] GC(137)   ResolvedMethodTable Weak       Min:  0.0, Avg:  0.0, Max:  0.0, Diff:  0.0, Sum:  0.1, Workers: 4
[2281.609s][debug][gc,phases      ] GC(137)     Dead                           Min: 0, Avg:  0.0, Max: 0, Diff: 0, Sum: 0, Workers: 4
[2281.609s][debug][gc,phases      ] GC(137)     Total                          Min: 2112, Avg: 2185.5, Max: 2240, Diff: 128, Sum: 8742, Workers: 4
[2281.609s][debug][gc,phases      ] GC(137)   JNI Weak                       Min:  0.0, Avg:  0.0, Max:  0.0, Diff:  0.0, Sum:  0.0, Workers: 4
[2281.609s][debug][gc,phases      ] GC(137)     Dead                           Min: 0, Avg:  0.0, Max: 0, Diff: 0, Sum: 0, Workers: 4
[2281.609s][debug][gc,phases      ] GC(137)     Total                          Min: 0, Avg: 11.2, Max: 45, Diff: 45, Sum: 45, Workers: 4
[2281.609s][debug][gc,phases      ] GC(137)   StringDedup Table Weak         Min:  0.0, Avg:  0.0, Max:  0.0, Diff:  0.0, Sum:  0.0, Workers: 4
[2281.609s][debug][gc,phases      ] GC(137)     Dead                           Min: 0, Avg:  0.0, Max: 0, Diff: 0, Sum: 0, Workers: 4
[2281.609s][debug][gc,phases      ] GC(137)     Total                          Min: 0, Avg:  0.0, Max: 0, Diff: 0, Sum: 0, Workers: 4
[2281.609s][debug][gc,phases      ] GC(137)   StringDedup Requests0 Weak     Min:  0.0, Avg:  0.0, Max:  0.0, Diff:  0.0, Sum:  0.0, Workers: 4
[2281.609s][debug][gc,phases      ] GC(137)     Dead                           Min: 0, Avg:  0.0, Max: 0, Diff: 0, Sum: 0, Workers: 4
[2281.609s][debug][gc,phases      ] GC(137)     Total                          Min: 0, Avg:  0.0, Max: 0, Diff: 0, Sum: 0, Workers: 4
[2281.609s][debug][gc,phases      ] GC(137)   StringDedup Requests1 Weak     Min:  0.0, Avg:  0.0, Max:  0.0, Diff:  0.0, Sum:  0.0, Workers: 4
[2281.609s][debug][gc,phases      ] GC(137)     Dead                           Min: 0, Avg:  0.0, Max: 0, Diff: 0, Sum: 0, Workers: 4
[2281.609s][debug][gc,phases      ] GC(137)     Total                          Min: 0, Avg:  0.0, Max: 0, Diff: 0, Sum: 0, Workers: 4
[2281.609s][debug][gc,phases      ] GC(137)   Weak JFR Old Object Samples    Min:  0.0, Avg:  0.0, Max:  0.0, Diff:  0.0, Sum:  0.0, Workers: 4
[2281.609s][debug][gc,phases      ] GC(137)     Dead                           Min: 0, Avg:  0.0, Max: 0, Diff: 0, Sum: 0, Workers: 4
[2281.609s][debug][gc,phases      ] GC(137)     Total                          Min: 0, Avg:  0.0, Max: 0, Diff: 0, Sum: 0, Workers: 4
[2281.609s][debug][gc,phases      ] GC(137) Weak Processing 0.303ms
[2281.609s][debug][gc,age         ] GC(137) Desired survivor size 2621440 bytes, new threshold 15 (max threshold 15)
[2281.609s][info ][gc,heap        ] GC(137) PSYoungGen: 2093952K(2094592K)->2048K(2094592K) Eden: 2092032K(2092032K)->0K(2092032K) From: 1920K(2560K)->2048K(2560K)
[2281.609s][info ][gc,heap        ] GC(137) ParOldGen: 335736K(387072K)->335800K(387072K)
[2281.609s][info ][gc,metaspace   ] GC(137) Metaspace: 79475K(80384K)->79475K(80384K) NonClass: 68110K(68608K)->68110K(68608K) Class: 11365K(11776K)->11365K(11776K)
[2281.609s][info ][gc             ] GC(137) Pause Young (Allocation Failure) 2372M->329M(2423M) 5.126ms
[2281.609s][info ][gc,cpu         ] GC(137) User=0.02s Sys=0.00s Real=0.01s
[2281.609s][info ][safepoint      ] Safepoint "ParallelGCFailedAllocation", Time since last: 20774018960 ns, Reaching safepoint: 154700 ns, At safepoint: 5197909 ns, Total: 5352609 ns
[2297.610s][info ][safepoint      ] Safepoint "Cleanup", Time since last: 16000997537 ns, Reaching safepoint: 50200 ns, At safepoint: 24800 ns, Total: 75000 ns
[2298.610s][info ][safepoint      ] Safepoint "Cleanup", Time since last: 1000108710 ns, Reaching safepoint: 46000 ns, At safepoint: 3700 ns, Total: 49700 ns
[2302.473s][info ][safepoint      ] Safepoint "ParallelGCFailedAllocation", Time since last: 3862592798 ns, Reaching safepoint: 109200 ns, At safepoint: 17200 ns, Total: 126400 ns
[2302.473s][info ][gc,start       ] GC(138) Pause Young (GCLocker Initiated GC)
[2302.476s][debug][gc,phases      ] GC(138) Scavenge 3.195ms
[2302.476s][debug][gc,ref         ] GC(138) Skipped phase 1 of Reference Processing: no references
[2302.476s][debug][gc,ref         ] GC(138) ReferenceProcessor::execute queues: 1, RefProcThreadModel::Single, marks_oops_alive: false
[2302.476s][debug][gc,ref         ] GC(138) Skipped phase 3 of Reference Processing: no references
[2302.476s][debug][gc,ref         ] GC(138) Skipped phase 4 of Reference Processing: no references
[2302.476s][debug][gc,phases      ] GC(138) Reference Processing 0.089ms
[2302.476s][debug][gc,phases      ] GC(138)   VM Weak                        Min:  0.0, Avg:  0.0, Max:  0.0, Diff:  0.0, Sum:  0.0, Workers: 4
[2302.476s][debug][gc,phases      ] GC(138)     Dead                           Min: 0, Avg:  0.0, Max: 0, Diff: 0, Sum: 0, Workers: 4
[2302.476s][debug][gc,phases      ] GC(138)     Total                          Min: 0, Avg: 181.2, Max: 512, Diff: 512, Sum: 725, Workers: 4
[2302.476s][debug][gc,phases      ] GC(138)   ObjectSynchronizer Weak        Min:  0.0, Avg:  0.0, Max:  0.0, Diff:  0.0, Sum:  0.0, Workers: 4
[2302.476s][debug][gc,phases      ] GC(138)     Dead                           Min: 0, Avg:  0.0, Max: 0, Diff: 0, Sum: 0, Workers: 4
[2302.476s][debug][gc,phases      ] GC(138)     Total                          Min: 0, Avg: 12.0, Max: 48, Diff: 48, Sum: 48, Workers: 4
[2302.476s][debug][gc,phases      ] GC(138)   JVMTI Tag Weak OopStorage      Min:  0.0, Avg:  0.0, Max:  0.0, Diff:  0.0, Sum:  0.0, Workers: 4
[2302.477s][debug][gc,phases      ] GC(138)     Dead                           Min: 0, Avg:  0.0, Max: 0, Diff: 0, Sum: 0, Workers: 4
[2302.477s][debug][gc,phases      ] GC(138)     Total                          Min: 0, Avg:  0.0, Max: 0, Diff: 0, Sum: 0, Workers: 4
[2302.477s][debug][gc,phases      ] GC(138)   StringTable Weak               Min:  0.0, Avg:  0.1, Max:  0.1, Diff:  0.1, Sum:  0.3, Workers: 4
[2302.477s][debug][gc,phases      ] GC(138)     Dead                           Min: 0, Avg:  0.0, Max: 0, Diff: 0, Sum: 0, Workers: 4
[2302.477s][debug][gc,phases      ] GC(138)     Total                          Min: 0, Avg: 10834.8, Max: 19595, Diff: 19595, Sum: 43339, Workers: 4
[2302.477s][debug][gc,phases      ] GC(138)   ResolvedMethodTable Weak       Min:  0.0, Avg:  0.0, Max:  0.0, Diff:  0.0, Sum:  0.1, Workers: 4
[2302.477s][debug][gc,phases      ] GC(138)     Dead                           Min: 0, Avg:  0.0, Max: 0, Diff: 0, Sum: 0, Workers: 4
[2302.477s][debug][gc,phases      ] GC(138)     Total                          Min: 0, Avg: 2185.5, Max: 3712, Diff: 3712, Sum: 8742, Workers: 4
[2302.477s][debug][gc,phases      ] GC(138)   JNI Weak                       Min:  0.0, Avg:  0.0, Max:  0.0, Diff:  0.0, Sum:  0.0, Workers: 4
[2302.477s][debug][gc,phases      ] GC(138)     Dead                           Min: 0, Avg:  0.0, Max: 0, Diff: 0, Sum: 0, Workers: 4
[2302.477s][debug][gc,phases      ] GC(138)     Total                          Min: 0, Avg: 11.2, Max: 45, Diff: 45, Sum: 45, Workers: 4
[2302.477s][debug][gc,phases      ] GC(138)   StringDedup Table Weak         Min:  0.0, Avg:  0.0, Max:  0.0, Diff:  0.0, Sum:  0.0, Workers: 4
[2302.477s][debug][gc,phases      ] GC(138)     Dead                           Min: 0, Avg:  0.0, Max: 0, Diff: 0, Sum: 0, Workers: 4
[2302.477s][debug][gc,phases      ] GC(138)     Total                          Min: 0, Avg:  0.0, Max: 0, Diff: 0, Sum: 0, Workers: 4
[2302.477s][debug][gc,phases      ] GC(138)   StringDedup Requests0 Weak     Min:  0.0, Avg:  0.0, Max:  0.0, Diff:  0.0, Sum:  0.0, Workers: 4
[2302.477s][debug][gc,phases      ] GC(138)     Dead                           Min: 0, Avg:  0.0, Max: 0, Diff: 0, Sum: 0, Workers: 4
[2302.477s][debug][gc,phases      ] GC(138)     Total                          Min: 0, Avg:  0.0, Max: 0, Diff: 0, Sum: 0, Workers: 4
[2302.477s][debug][gc,phases      ] GC(138)   StringDedup Requests1 Weak     Min:  0.0, Avg:  0.0, Max:  0.0, Diff:  0.0, Sum:  0.0, Workers: 4
[2302.477s][debug][gc,phases      ] GC(138)     Dead                           Min: 0, Avg:  0.0, Max: 0, Diff: 0, Sum: 0, Workers: 4
[2302.477s][debug][gc,phases      ] GC(138)     Total                          Min: 0, Avg:  0.0, Max: 0, Diff: 0, Sum: 0, Workers: 4
[2302.477s][debug][gc,phases      ] GC(138)   Weak JFR Old Object Samples    Min:  0.0, Avg:  0.0, Max:  0.0, Diff:  0.0, Sum:  0.0, Workers: 4
[2302.477s][debug][gc,phases      ] GC(138)     Dead                           Min: 0, Avg:  0.0, Max: 0, Diff: 0, Sum: 0, Workers: 4
[2302.477s][debug][gc,phases      ] GC(138)     Total                          Min: 0, Avg:  0.0, Max: 0, Diff: 0, Sum: 0, Workers: 4
[2302.477s][debug][gc,phases      ] GC(138) Weak Processing 0.335ms
[2302.477s][debug][gc,age         ] GC(138) Desired survivor size 2621440 bytes, new threshold 15 (max threshold 15)
[2302.477s][info ][gc,heap        ] GC(138) PSYoungGen: 2094080K(2094592K)->1856K(2094592K) Eden: 2092032K(2092032K)->0K(2092032K) From: 2048K(2560K)->1856K(2560K)
[2302.477s][info ][gc,heap        ] GC(138) ParOldGen: 335800K(387072K)->335832K(387072K)
[2302.477s][info ][gc,metaspace   ] GC(138) Metaspace: 79476K(80384K)->79476K(80384K) NonClass: 68110K(68608K)->68110K(68608K) Class: 11365K(11776K)->11365K(11776K)
[2302.477s][info ][gc             ] GC(138) Pause Young (GCLocker Initiated GC) 2372M->329M(2423M) 3.702ms
[2302.477s][info ][gc,cpu         ] GC(138) User=0.02s Sys=0.00s Real=0.00s
[2302.477s][info ][safepoint      ] Safepoint "ParallelGCSystemGC", Time since last: 74400 ns, Reaching safepoint: 103601 ns, At safepoint: 3775206 ns, Total: 3878807 ns
[2320.478s][info ][safepoint      ] Safepoint "Cleanup", Time since last: 18001137532 ns, Reaching safepoint: 49100 ns, At safepoint: 2500 ns, Total: 51600 ns
[2321.478s][info ][safepoint      ] Safepoint "Cleanup", Time since last: 1000098096 ns, Reaching safepoint: 69501 ns, At safepoint: 6600 ns, Total: 76101 ns
[2322.478s][info ][safepoint      ] Safepoint "Cleanup", Time since last: 1000096195 ns, Reaching safepoint: 49000 ns, At safepoint: 27200 ns, Total: 76200 ns
[2323.420s][info ][gc,start       ] GC(139) Pause Young (Allocation Failure)
[2323.425s][debug][gc,phases      ] GC(139) Scavenge 4.780ms
[2323.425s][debug][gc,ref         ] GC(139) Skipped phase 1 of Reference Processing: no references
[2323.425s][debug][gc,ref         ] GC(139) ReferenceProcessor::execute queues: 1, RefProcThreadModel::Single, marks_oops_alive: false
[2323.425s][debug][gc,ref         ] GC(139) Skipped phase 3 of Reference Processing: no references
[2323.425s][debug][gc,ref         ] GC(139) Skipped phase 4 of Reference Processing: no references
[2323.425s][debug][gc,phases      ] GC(139) Reference Processing 0.083ms
[2323.425s][debug][gc,phases      ] GC(139)   VM Weak                        Min:  0.0, Avg:  0.0, Max:  0.0, Diff:  0.0, Sum:  0.0, Workers: 4
[2323.425s][debug][gc,phases      ] GC(139)     Dead                           Min: 0, Avg:  0.0, Max: 0, Diff: 0, Sum: 0, Workers: 4
[2323.425s][debug][gc,phases      ] GC(139)     Total                          Min: 0, Avg: 181.2, Max: 725, Diff: 725, Sum: 725, Workers: 4
[2323.425s][debug][gc,phases      ] GC(139)   ObjectSynchronizer Weak        Min:  0.0, Avg:  0.0, Max:  0.0, Diff:  0.0, Sum:  0.0, Workers: 4
[2323.425s][debug][gc,phases      ] GC(139)     Dead                           Min: 0, Avg:  0.0, Max: 0, Diff: 0, Sum: 0, Workers: 4
[2323.425s][debug][gc,phases      ] GC(139)     Total                          Min: 0, Avg: 12.0, Max: 48, Diff: 48, Sum: 48, Workers: 4
[2323.425s][debug][gc,phases      ] GC(139)   JVMTI Tag Weak OopStorage      Min:  0.0, Avg:  0.0, Max:  0.0, Diff:  0.0, Sum:  0.0, Workers: 4
[2323.425s][debug][gc,phases      ] GC(139)     Dead                           Min: 0, Avg:  0.0, Max: 0, Diff: 0, Sum: 0, Workers: 4
[2323.425s][debug][gc,phases      ] GC(139)     Total                          Min: 0, Avg:  0.0, Max: 0, Diff: 0, Sum: 0, Workers: 4
[2323.425s][debug][gc,phases      ] GC(139)   StringTable Weak               Min:  0.1, Avg:  0.1, Max:  0.1, Diff:  0.0, Sum:  0.4, Workers: 4
[2323.425s][debug][gc,phases      ] GC(139)     Dead                           Min: 0, Avg:  0.0, Max: 0, Diff: 0, Sum: 0, Workers: 4
[2323.425s][debug][gc,phases      ] GC(139)     Total                          Min: 9803, Avg: 10834.8, Max: 11328, Diff: 1525, Sum: 43339, Workers: 4
[2323.425s][debug][gc,phases      ] GC(139)   ResolvedMethodTable Weak       Min:  0.0, Avg:  0.0, Max:  0.0, Diff:  0.0, Sum:  0.1, Workers: 4
[2323.425s][debug][gc,phases      ] GC(139)     Dead                           Min: 0, Avg:  0.0, Max: 0, Diff: 0, Sum: 0, Workers: 4
[2323.425s][debug][gc,phases      ] GC(139)     Total                          Min: 2112, Avg: 2185.5, Max: 2240, Diff: 128, Sum: 8742, Workers: 4
[2323.425s][debug][gc,phases      ] GC(139)   JNI Weak                       Min:  0.0, Avg:  0.0, Max:  0.0, Diff:  0.0, Sum:  0.0, Workers: 4
[2323.425s][debug][gc,phases      ] GC(139)     Dead                           Min: 0, Avg:  0.0, Max: 0, Diff: 0, Sum: 0, Workers: 4
[2323.425s][debug][gc,phases      ] GC(139)     Total                          Min: 0, Avg: 11.2, Max: 45, Diff: 45, Sum: 45, Workers: 4
[2323.425s][debug][gc,phases      ] GC(139)   StringDedup Table Weak         Min:  0.0, Avg:  0.0, Max:  0.0, Diff:  0.0, Sum:  0.0, Workers: 4
[2323.425s][debug][gc,phases      ] GC(139)     Dead                           Min: 0, Avg:  0.0, Max: 0, Diff: 0, Sum: 0, Workers: 4
[2323.425s][debug][gc,phases      ] GC(139)     Total                          Min: 0, Avg:  0.0, Max: 0, Diff: 0, Sum: 0, Workers: 4
[2323.425s][debug][gc,phases      ] GC(139)   StringDedup Requests0 Weak     Min:  0.0, Avg:  0.0, Max:  0.0, Diff:  0.0, Sum:  0.0, Workers: 4
[2323.425s][debug][gc,phases      ] GC(139)     Dead                           Min: 0, Avg:  0.0, Max: 0, Diff: 0, Sum: 0, Workers: 4
[2323.425s][debug][gc,phases      ] GC(139)     Total                          Min: 0, Avg:  0.0, Max: 0, Diff: 0, Sum: 0, Workers: 4
[2323.425s][debug][gc,phases      ] GC(139)   StringDedup Requests1 Weak     Min:  0.0, Avg:  0.0, Max:  0.0, Diff:  0.0, Sum:  0.0, Workers: 4
[2323.425s][debug][gc,phases      ] GC(139)     Dead                           Min: 0, Avg:  0.0, Max: 0, Diff: 0, Sum: 0, Workers: 4
[2323.425s][debug][gc,phases      ] GC(139)     Total                          Min: 0, Avg:  0.0, Max: 0, Diff: 0, Sum: 0, Workers: 4
[2323.425s][debug][gc,phases      ] GC(139)   Weak JFR Old Object Samples    Min:  0.0, Avg:  0.0, Max:  0.0, Diff:  0.0, Sum:  0.0, Workers: 4
[2323.425s][debug][gc,phases      ] GC(139)     Dead                           Min: 0, Avg:  0.0, Max: 0, Diff: 0, Sum: 0, Workers: 4
[2323.425s][debug][gc,phases      ] GC(139)     Total                          Min: 0, Avg:  0.0, Max: 0, Diff: 0, Sum: 0, Workers: 4
[2323.425s][debug][gc,phases      ] GC(139) Weak Processing 0.324ms
[2323.425s][debug][gc,age         ] GC(139) Desired survivor size 2621440 bytes, new threshold 15 (max threshold 15)
[2323.426s][info ][gc,heap        ] GC(139) PSYoungGen: 2093888K(2094592K)->1792K(2094592K) Eden: 2092032K(2092032K)->0K(2092032K) From: 1856K(2560K)->1792K(2560K)
[2323.426s][info ][gc,heap        ] GC(139) ParOldGen: 335835K(387072K)->335907K(387072K)
[2323.426s][info ][gc,metaspace   ] GC(139) Metaspace: 79479K(80384K)->79479K(80384K) NonClass: 68114K(68608K)->68114K(68608K) Class: 11365K(11776K)->11365K(11776K)
[2323.426s][info ][gc             ] GC(139) Pause Young (Allocation Failure) 2372M->329M(2423M) 5.287ms
[2323.426s][info ][gc,cpu         ] GC(139) User=0.02s Sys=0.00s Real=0.00s
[2323.426s][info ][safepoint      ] Safepoint "ParallelGCFailedAllocation", Time since last: 941966197 ns, Reaching safepoint: 63600 ns, At safepoint: 5345609 ns, Total: 5409209 ns
[2339.427s][info ][safepoint      ] Safepoint "Cleanup", Time since last: 16000924645 ns, Reaching safepoint: 96200 ns, At safepoint: 7300 ns, Total: 103500 ns
[2344.322s][info ][gc,start       ] GC(140) Pause Young (Allocation Failure)
[2344.327s][debug][gc,phases      ] GC(140) Scavenge 4.492ms
[2344.327s][debug][gc,ref         ] GC(140) Skipped phase 1 of Reference Processing: no references
[2344.327s][debug][gc,ref         ] GC(140) ReferenceProcessor::execute queues: 1, RefProcThreadModel::Single, marks_oops_alive: false
[2344.327s][debug][gc,ref         ] GC(140) Skipped phase 3 of Reference Processing: no references
[2344.327s][debug][gc,ref         ] GC(140) Skipped phase 4 of Reference Processing: no references
[2344.327s][debug][gc,phases      ] GC(140) Reference Processing 0.113ms
[2344.327s][debug][gc,phases      ] GC(140)   VM Weak                        Min:  0.0, Avg:  0.0, Max:  0.0, Diff:  0.0, Sum:  0.0, Workers: 4
[2344.327s][debug][gc,phases      ] GC(140)     Dead                           Min: 0, Avg:  0.0, Max: 0, Diff: 0, Sum: 0, Workers: 4
[2344.327s][debug][gc,phases      ] GC(140)     Total                          Min: 0, Avg: 181.2, Max: 576, Diff: 576, Sum: 725, Workers: 4
[2344.327s][debug][gc,phases      ] GC(140)   ObjectSynchronizer Weak        Min:  0.0, Avg:  0.0, Max:  0.0, Diff:  0.0, Sum:  0.0, Workers: 4
[2344.327s][debug][gc,phases      ] GC(140)     Dead                           Min: 0, Avg:  0.0, Max: 0, Diff: 0, Sum: 0, Workers: 4
[2344.327s][debug][gc,phases      ] GC(140)     Total                          Min: 0, Avg: 12.0, Max: 48, Diff: 48, Sum: 48, Workers: 4
[2344.327s][debug][gc,phases      ] GC(140)   JVMTI Tag Weak OopStorage      Min:  0.0, Avg:  0.0, Max:  0.0, Diff:  0.0, Sum:  0.0, Workers: 4
[2344.327s][debug][gc,phases      ] GC(140)     Dead                           Min: 0, Avg:  0.0, Max: 0, Diff: 0, Sum: 0, Workers: 4
[2344.327s][debug][gc,phases      ] GC(140)     Total                          Min: 0, Avg:  0.0, Max: 0, Diff: 0, Sum: 0, Workers: 4
[2344.327s][debug][gc,phases      ] GC(140)   StringTable Weak               Min:  0.0, Avg:  0.1, Max:  0.2, Diff:  0.2, Sum:  0.3, Workers: 4
[2344.327s][debug][gc,phases      ] GC(140)     Dead                           Min: 0, Avg:  0.0, Max: 0, Diff: 0, Sum: 0, Workers: 4
[2344.327s][debug][gc,phases      ] GC(140)     Total                          Min: 0, Avg: 10834.8, Max: 21707, Diff: 21707, Sum: 43339, Workers: 4
[2344.327s][debug][gc,phases      ] GC(140)   ResolvedMethodTable Weak       Min:  0.0, Avg:  0.0, Max:  0.0, Diff:  0.0, Sum:  0.1, Workers: 4
[2344.327s][debug][gc,phases      ] GC(140)     Dead                           Min: 0, Avg:  0.0, Max: 0, Diff: 0, Sum: 0, Workers: 4
[2344.327s][debug][gc,phases      ] GC(140)     Total                          Min: 0, Avg: 2185.5, Max: 4518, Diff: 4518, Sum: 8742, Workers: 4
[2344.327s][debug][gc,phases      ] GC(140)   JNI Weak                       Min:  0.0, Avg:  0.0, Max:  0.0, Diff:  0.0, Sum:  0.0, Workers: 4
[2344.327s][debug][gc,phases      ] GC(140)     Dead                           Min: 0, Avg:  0.0, Max: 0, Diff: 0, Sum: 0, Workers: 4
[2344.327s][debug][gc,phases      ] GC(140)     Total                          Min: 0, Avg: 11.2, Max: 45, Diff: 45, Sum: 45, Workers: 4
[2344.327s][debug][gc,phases      ] GC(140)   StringDedup Table Weak         Min:  0.0, Avg:  0.0, Max:  0.0, Diff:  0.0, Sum:  0.0, Workers: 4
[2344.327s][debug][gc,phases      ] GC(140)     Dead                           Min: 0, Avg:  0.0, Max: 0, Diff: 0, Sum: 0, Workers: 4
[2344.327s][debug][gc,phases      ] GC(140)     Total                          Min: 0, Avg:  0.0, Max: 0, Diff: 0, Sum: 0, Workers: 4
[2344.327s][debug][gc,phases      ] GC(140)   StringDedup Requests0 Weak     Min:  0.0, Avg:  0.0, Max:  0.0, Diff:  0.0, Sum:  0.0, Workers: 4
[2344.327s][debug][gc,phases      ] GC(140)     Dead                           Min: 0, Avg:  0.0, Max: 0, Diff: 0, Sum: 0, Workers: 4
[2344.327s][debug][gc,phases      ] GC(140)     Total                          Min: 0, Avg:  0.0, Max: 0, Diff: 0, Sum: 0, Workers: 4
[2344.327s][debug][gc,phases      ] GC(140)   StringDedup Requests1 Weak     Min:  0.0, Avg:  0.0, Max:  0.0, Diff:  0.0, Sum:  0.0, Workers: 4
[2344.327s][debug][gc,phases      ] GC(140)     Dead                           Min: 0, Avg:  0.0, Max: 0, Diff: 0, Sum: 0, Workers: 4
[2344.327s][debug][gc,phases      ] GC(140)     Total                          Min: 0, Avg:  0.0, Max: 0, Diff: 0, Sum: 0, Workers: 4
[2344.327s][debug][gc,phases      ] GC(140)   Weak JFR Old Object Samples    Min:  0.0, Avg:  0.0, Max:  0.0, Diff:  0.0, Sum:  0.0, Workers: 4
[2344.327s][debug][gc,phases      ] GC(140)     Dead                           Min: 0, Avg:  0.0, Max: 0, Diff: 0, Sum: 0, Workers: 4
[2344.327s][debug][gc,phases      ] GC(140)     Total                          Min: 0, Avg:  0.0, Max: 0, Diff: 0, Sum: 0, Workers: 4
[2344.327s][debug][gc,phases      ] GC(140) Weak Processing 0.369ms
[2344.327s][debug][gc,age         ] GC(140) Desired survivor size 2621440 bytes, new threshold 15 (max threshold 15)
[2344.327s][info ][gc,heap        ] GC(140) PSYoungGen: 2093824K(2094592K)->1888K(2094592K) Eden: 2092032K(2092032K)->0K(2092032K) From: 1792K(2560K)->1888K(2560K)
[2344.327s][info ][gc,heap        ] GC(140) ParOldGen: 335907K(387072K)->335939K(387072K)
[2344.327s][info ][gc,metaspace   ] GC(140) Metaspace: 79481K(80384K)->79481K(80384K) NonClass: 68116K(68608K)->68116K(68608K) Class: 11365K(11776K)->11365K(11776K)
[2344.327s][info ][gc             ] GC(140) Pause Young (Allocation Failure) 2372M->329M(2423M) 5.065ms
[2344.327s][info ][gc,cpu         ] GC(140) User=0.01s Sys=0.00s Real=0.01s
[2344.327s][info ][safepoint      ] Safepoint "ParallelGCFailedAllocation", Time since last: 4895661846 ns, Reaching safepoint: 109601 ns, At safepoint: 5135908 ns, Total: 5245509 ns
[2351.330s][info ][safepoint      ] Safepoint "Cleanup", Time since last: 7000435469 ns, Reaching safepoint: 2118503 ns, At safepoint: 7800 ns, Total: 2126303 ns
[2352.330s][info ][safepoint      ] Safepoint "Cleanup", Time since last: 1000104879 ns, Reaching safepoint: 35600 ns, At safepoint: 4700 ns, Total: 40300 ns
[2361.331s][info ][safepoint      ] Safepoint "Cleanup", Time since last: 9000618188 ns, Reaching safepoint: 46700 ns, At safepoint: 4400 ns, Total: 51100 ns
[2364.823s][info ][gc,start       ] GC(141) Pause Young (Allocation Failure)
[2364.830s][debug][gc,phases      ] GC(141) Scavenge 7.299ms
[2364.830s][debug][gc,ref         ] GC(141) Skipped phase 1 of Reference Processing: no references
[2364.830s][debug][gc,ref         ] GC(141) ReferenceProcessor::execute queues: 1, RefProcThreadModel::Single, marks_oops_alive: false
[2364.830s][debug][gc,ref         ] GC(141) Skipped phase 3 of Reference Processing: no references
[2364.830s][debug][gc,ref         ] GC(141) Skipped phase 4 of Reference Processing: no references
[2364.830s][debug][gc,phases      ] GC(141) Reference Processing 0.100ms
[2364.830s][debug][gc,phases      ] GC(141)   VM Weak                        Min:  0.0, Avg:  0.0, Max:  0.0, Diff:  0.0, Sum:  0.0, Workers: 4
[2364.830s][debug][gc,phases      ] GC(141)     Dead                           Min: 0, Avg:  0.0, Max: 0, Diff: 0, Sum: 0, Workers: 4
[2364.830s][debug][gc,phases      ] GC(141)     Total                          Min: 0, Avg: 181.2, Max: 512, Diff: 512, Sum: 725, Workers: 4
[2364.830s][debug][gc,phases      ] GC(141)   ObjectSynchronizer Weak        Min:  0.0, Avg:  0.0, Max:  0.0, Diff:  0.0, Sum:  0.0, Workers: 4
[2364.830s][debug][gc,phases      ] GC(141)     Dead                           Min: 0, Avg:  0.0, Max: 0, Diff: 0, Sum: 0, Workers: 4
[2364.830s][debug][gc,phases      ] GC(141)     Total                          Min: 0, Avg: 12.0, Max: 48, Diff: 48, Sum: 48, Workers: 4
[2364.830s][debug][gc,phases      ] GC(141)   JVMTI Tag Weak OopStorage      Min:  0.0, Avg:  0.0, Max:  0.0, Diff:  0.0, Sum:  0.0, Workers: 4
[2364.830s][debug][gc,phases      ] GC(141)     Dead                           Min: 0, Avg:  0.0, Max: 0, Diff: 0, Sum: 0, Workers: 4
[2364.830s][debug][gc,phases      ] GC(141)     Total                          Min: 0, Avg:  0.0, Max: 0, Diff: 0, Sum: 0, Workers: 4
[2364.830s][debug][gc,phases      ] GC(141)   StringTable Weak               Min:  0.0, Avg:  0.1, Max:  0.1, Diff:  0.1, Sum:  0.4, Workers: 4
[2364.830s][debug][gc,phases      ] GC(141)     Dead                           Min: 0, Avg:  0.0, Max: 0, Diff: 0, Sum: 0, Workers: 4
[2364.830s][debug][gc,phases      ] GC(141)     Total                          Min: 0, Avg: 10834.8, Max: 15552, Diff: 15552, Sum: 43339, Workers: 4
[2364.830s][debug][gc,phases      ] GC(141)   ResolvedMethodTable Weak       Min:  0.0, Avg:  0.0, Max:  0.0, Diff:  0.0, Sum:  0.1, Workers: 4
[2364.830s][debug][gc,phases      ] GC(141)     Dead                           Min: 0, Avg:  0.0, Max: 0, Diff: 0, Sum: 0, Workers: 4
[2364.830s][debug][gc,phases      ] GC(141)     Total                          Min: 0, Avg: 2185.5, Max: 3110, Diff: 3110, Sum: 8742, Workers: 4
[2364.830s][debug][gc,phases      ] GC(141)   JNI Weak                       Min:  0.0, Avg:  0.0, Max:  0.0, Diff:  0.0, Sum:  0.0, Workers: 4
[2364.830s][debug][gc,phases      ] GC(141)     Dead                           Min: 0, Avg:  0.0, Max: 0, Diff: 0, Sum: 0, Workers: 4
[2364.830s][debug][gc,phases      ] GC(141)     Total                          Min: 0, Avg: 11.2, Max: 45, Diff: 45, Sum: 45, Workers: 4
[2364.830s][debug][gc,phases      ] GC(141)   StringDedup Table Weak         Min:  0.0, Avg:  0.0, Max:  0.0, Diff:  0.0, Sum:  0.0, Workers: 4
[2364.830s][debug][gc,phases      ] GC(141)     Dead                           Min: 0, Avg:  0.0, Max: 0, Diff: 0, Sum: 0, Workers: 4
[2364.830s][debug][gc,phases      ] GC(141)     Total                          Min: 0, Avg:  0.0, Max: 0, Diff: 0, Sum: 0, Workers: 4
[2364.830s][debug][gc,phases      ] GC(141)   StringDedup Requests0 Weak     Min:  0.0, Avg:  0.0, Max:  0.0, Diff:  0.0, Sum:  0.0, Workers: 4
[2364.830s][debug][gc,phases      ] GC(141)     Dead                           Min: 0, Avg:  0.0, Max: 0, Diff: 0, Sum: 0, Workers: 4
[2364.830s][debug][gc,phases      ] GC(141)     Total                          Min: 0, Avg:  0.0, Max: 0, Diff: 0, Sum: 0, Workers: 4
[2364.830s][debug][gc,phases      ] GC(141)   StringDedup Requests1 Weak     Min:  0.0, Avg:  0.0, Max:  0.0, Diff:  0.0, Sum:  0.0, Workers: 4
[2364.830s][debug][gc,phases      ] GC(141)     Dead                           Min: 0, Avg:  0.0, Max: 0, Diff: 0, Sum: 0, Workers: 4
[2364.830s][debug][gc,phases      ] GC(141)     Total                          Min: 0, Avg:  0.0, Max: 0, Diff: 0, Sum: 0, Workers: 4
[2364.830s][debug][gc,phases      ] GC(141)   Weak JFR Old Object Samples    Min:  0.0, Avg:  0.0, Max:  0.0, Diff:  0.0, Sum:  0.0, Workers: 4
[2364.830s][debug][gc,phases      ] GC(141)     Dead                           Min: 0, Avg:  0.0, Max: 0, Diff: 0, Sum: 0, Workers: 4
[2364.830s][debug][gc,phases      ] GC(141)     Total                          Min: 0, Avg:  0.0, Max: 0, Diff: 0, Sum: 0, Workers: 4
[2364.830s][debug][gc,phases      ] GC(141) Weak Processing 0.368ms
[2364.830s][debug][gc,age         ] GC(141) Desired survivor size 2621440 bytes, new threshold 15 (max threshold 15)
[2364.831s][info ][gc,heap        ] GC(141) PSYoungGen: 2093920K(2094592K)->1920K(2094592K) Eden: 2092032K(2092032K)->0K(2092032K) From: 1888K(2560K)->1920K(2560K)
[2364.831s][info ][gc,heap        ] GC(141) ParOldGen: 335939K(387072K)->335963K(387072K)
[2364.831s][info ][gc,metaspace   ] GC(141) Metaspace: 79486K(80384K)->79486K(80384K) NonClass: 68121K(68608K)->68121K(68608K) Class: 11365K(11776K)->11365K(11776K)
[2364.831s][info ][gc             ] GC(141) Pause Young (Allocation Failure) 2372M->329M(2423M) 7.864ms
[2364.831s][info ][gc,cpu         ] GC(141) User=0.01s Sys=0.00s Real=0.01s
[2364.831s][info ][safepoint      ] Safepoint "ParallelGCFailedAllocation", Time since last: 3491647841 ns, Reaching safepoint: 101500 ns, At safepoint: 7951613 ns, Total: 8053113 ns
[2385.717s][info ][gc,start       ] GC(142) Pause Young (Allocation Failure)
[2385.720s][debug][gc,phases      ] GC(142) Scavenge 2.664ms
[2385.720s][debug][gc,ref         ] GC(142) Skipped phase 1 of Reference Processing: no references
[2385.720s][debug][gc,ref         ] GC(142) ReferenceProcessor::execute queues: 1, RefProcThreadModel::Single, marks_oops_alive: false
[2385.720s][debug][gc,ref         ] GC(142) Skipped phase 3 of Reference Processing: no references
[2385.720s][debug][gc,ref         ] GC(142) Skipped phase 4 of Reference Processing: no references
[2385.720s][debug][gc,phases      ] GC(142) Reference Processing 0.077ms
[2385.720s][debug][gc,phases      ] GC(142)   VM Weak                        Min:  0.0, Avg:  0.0, Max:  0.0, Diff:  0.0, Sum:  0.0, Workers: 4
[2385.720s][debug][gc,phases      ] GC(142)     Dead                           Min: 0, Avg:  0.0, Max: 0, Diff: 0, Sum: 0, Workers: 4
[2385.720s][debug][gc,phases      ] GC(142)     Total                          Min: 0, Avg: 181.2, Max: 640, Diff: 640, Sum: 725, Workers: 4
[2385.720s][debug][gc,phases      ] GC(142)   ObjectSynchronizer Weak        Min:  0.0, Avg:  0.0, Max:  0.0, Diff:  0.0, Sum:  0.0, Workers: 4
[2385.720s][debug][gc,phases      ] GC(142)     Dead                           Min: 0, Avg:  0.0, Max: 0, Diff: 0, Sum: 0, Workers: 4
[2385.720s][debug][gc,phases      ] GC(142)     Total                          Min: 0, Avg: 12.0, Max: 48, Diff: 48, Sum: 48, Workers: 4
[2385.720s][debug][gc,phases      ] GC(142)   JVMTI Tag Weak OopStorage      Min:  0.0, Avg:  0.0, Max:  0.0, Diff:  0.0, Sum:  0.0, Workers: 4
[2385.720s][debug][gc,phases      ] GC(142)     Dead                           Min: 0, Avg:  0.0, Max: 0, Diff: 0, Sum: 0, Workers: 4
[2385.720s][debug][gc,phases      ] GC(142)     Total                          Min: 0, Avg:  0.0, Max: 0, Diff: 0, Sum: 0, Workers: 4
[2385.720s][debug][gc,phases      ] GC(142)   StringTable Weak               Min:  0.1, Avg:  0.1, Max:  0.1, Diff:  0.0, Sum:  0.4, Workers: 4
[2385.720s][debug][gc,phases      ] GC(142)     Dead                           Min: 0, Avg:  0.0, Max: 0, Diff: 0, Sum: 0, Workers: 4
[2385.720s][debug][gc,phases      ] GC(142)     Total                          Min: 10560, Avg: 10834.8, Max: 11275, Diff: 715, Sum: 43339, Workers: 4
[2385.720s][debug][gc,phases      ] GC(142)   ResolvedMethodTable Weak       Min:  0.0, Avg:  0.0, Max:  0.0, Diff:  0.0, Sum:  0.1, Workers: 4
[2385.720s][debug][gc,phases      ] GC(142)     Dead                           Min: 0, Avg:  0.0, Max: 0, Diff: 0, Sum: 0, Workers: 4
[2385.720s][debug][gc,phases      ] GC(142)     Total                          Min: 2112, Avg: 2185.5, Max: 2240, Diff: 128, Sum: 8742, Workers: 4
[2385.720s][debug][gc,phases      ] GC(142)   JNI Weak                       Min:  0.0, Avg:  0.0, Max:  0.0, Diff:  0.0, Sum:  0.0, Workers: 4
[2385.720s][debug][gc,phases      ] GC(142)     Dead                           Min: 0, Avg:  0.0, Max: 0, Diff: 0, Sum: 0, Workers: 4
[2385.720s][debug][gc,phases      ] GC(142)     Total                          Min: 0, Avg: 11.2, Max: 45, Diff: 45, Sum: 45, Workers: 4
[2385.720s][debug][gc,phases      ] GC(142)   StringDedup Table Weak         Min:  0.0, Avg:  0.0, Max:  0.0, Diff:  0.0, Sum:  0.0, Workers: 4
[2385.720s][debug][gc,phases      ] GC(142)     Dead                           Min: 0, Avg:  0.0, Max: 0, Diff: 0, Sum: 0, Workers: 4
[2385.720s][debug][gc,phases      ] GC(142)     Total                          Min: 0, Avg:  0.0, Max: 0, Diff: 0, Sum: 0, Workers: 4
[2385.720s][debug][gc,phases      ] GC(142)   StringDedup Requests0 Weak     Min:  0.0, Avg:  0.0, Max:  0.0, Diff:  0.0, Sum:  0.0, Workers: 4
[2385.720s][debug][gc,phases      ] GC(142)     Dead                           Min: 0, Avg:  0.0, Max: 0, Diff: 0, Sum: 0, Workers: 4
[2385.720s][debug][gc,phases      ] GC(142)     Total                          Min: 0, Avg:  0.0, Max: 0, Diff: 0, Sum: 0, Workers: 4
[2385.720s][debug][gc,phases      ] GC(142)   StringDedup Requests1 Weak     Min:  0.0, Avg:  0.0, Max:  0.0, Diff:  0.0, Sum:  0.0, Workers: 4
[2385.720s][debug][gc,phases      ] GC(142)     Dead                           Min: 0, Avg:  0.0, Max: 0, Diff: 0, Sum: 0, Workers: 4
[2385.720s][debug][gc,phases      ] GC(142)     Total                          Min: 0, Avg:  0.0, Max: 0, Diff: 0, Sum: 0, Workers: 4
[2385.720s][debug][gc,phases      ] GC(142)   Weak JFR Old Object Samples    Min:  0.0, Avg:  0.0, Max:  0.0, Diff:  0.0, Sum:  0.0, Workers: 4
[2385.720s][debug][gc,phases      ] GC(142)     Dead                           Min: 0, Avg:  0.0, Max: 0, Diff: 0, Sum: 0, Workers: 4
[2385.720s][debug][gc,phases      ] GC(142)     Total                          Min: 0, Avg:  0.0, Max: 0, Diff: 0, Sum: 0, Workers: 4
[2385.720s][debug][gc,phases      ] GC(142) Weak Processing 0.274ms
[2385.720s][debug][gc,age         ] GC(142) Desired survivor size 2621440 bytes, new threshold 15 (max threshold 15)
[2385.720s][info ][gc,heap        ] GC(142) PSYoungGen: 2093952K(2094592K)->1824K(2094592K) Eden: 2092032K(2092032K)->0K(2092032K) From: 1920K(2560K)->1824K(2560K)
[2385.720s][info ][gc,heap        ] GC(142) ParOldGen: 335963K(387072K)->335995K(387072K)
[2385.720s][info ][gc,metaspace   ] GC(142) Metaspace: 79486K(80384K)->79486K(80384K) NonClass: 68121K(68608K)->68121K(68608K) Class: 11365K(11776K)->11365K(11776K)
[2385.720s][info ][gc             ] GC(142) Pause Young (Allocation Failure) 2372M->329M(2423M) 3.101ms
[2385.720s][info ][gc,cpu         ] GC(142) User=0.01s Sys=0.00s Real=0.01s
[2385.720s][info ][safepoint      ] Safepoint "ParallelGCFailedAllocation", Time since last: 20886407509 ns, Reaching safepoint: 41800 ns, At safepoint: 3155905 ns, Total: 3197705 ns
[2403.722s][info ][safepoint      ] Safepoint "Cleanup", Time since last: 18001271522 ns, Reaching safepoint: 98300 ns, At safepoint: 7300 ns, Total: 105600 ns
[2406.821s][info ][gc,start       ] GC(143) Pause Young (Allocation Failure)
[2406.824s][debug][gc,phases      ] GC(143) Scavenge 3.272ms
[2406.824s][debug][gc,ref         ] GC(143) Skipped phase 1 of Reference Processing: no references
[2406.824s][debug][gc,ref         ] GC(143) Skipped phase 2 of Reference Processing: no references
[2406.824s][debug][gc,ref         ] GC(143) Skipped phase 3 of Reference Processing: no references
[2406.824s][debug][gc,ref         ] GC(143) Skipped phase 4 of Reference Processing: no references
[2406.824s][debug][gc,phases      ] GC(143) Reference Processing 0.032ms
[2406.825s][debug][gc,phases      ] GC(143)   VM Weak                        Min:  0.0, Avg:  0.0, Max:  0.0, Diff:  0.0, Sum:  0.0, Workers: 4
[2406.825s][debug][gc,phases      ] GC(143)     Dead                           Min: 0, Avg:  0.0, Max: 0, Diff: 0, Sum: 0, Workers: 4
[2406.825s][debug][gc,phases      ] GC(143)     Total                          Min: 0, Avg: 181.2, Max: 725, Diff: 725, Sum: 725, Workers: 4
[2406.825s][debug][gc,phases      ] GC(143)   ObjectSynchronizer Weak        Min:  0.0, Avg:  0.0, Max:  0.0, Diff:  0.0, Sum:  0.0, Workers: 4
[2406.825s][debug][gc,phases      ] GC(143)     Dead                           Min: 0, Avg:  0.0, Max: 0, Diff: 0, Sum: 0, Workers: 4
[2406.825s][debug][gc,phases      ] GC(143)     Total                          Min: 0, Avg: 12.0, Max: 48, Diff: 48, Sum: 48, Workers: 4
[2406.825s][debug][gc,phases      ] GC(143)   JVMTI Tag Weak OopStorage      Min:  0.0, Avg:  0.0, Max:  0.0, Diff:  0.0, Sum:  0.0, Workers: 4
[2406.825s][debug][gc,phases      ] GC(143)     Dead                           Min: 0, Avg:  0.0, Max: 0, Diff: 0, Sum: 0, Workers: 4
[2406.825s][debug][gc,phases      ] GC(143)     Total                          Min: 0, Avg:  0.0, Max: 0, Diff: 0, Sum: 0, Workers: 4
[2406.825s][debug][gc,phases      ] GC(143)   StringTable Weak               Min:  0.0, Avg:  0.1, Max:  0.1, Diff:  0.1, Sum:  0.4, Workers: 4
[2406.825s][debug][gc,phases      ] GC(143)     Dead                           Min: 0, Avg:  0.0, Max: 0, Diff: 0, Sum: 0, Workers: 4
[2406.825s][debug][gc,phases      ] GC(143)     Total                          Min: 0, Avg: 10834.8, Max: 16832, Diff: 16832, Sum: 43339, Workers: 4
[2406.825s][debug][gc,phases      ] GC(143)   ResolvedMethodTable Weak       Min:  0.0, Avg:  0.0, Max:  0.0, Diff:  0.0, Sum:  0.1, Workers: 4
[2406.825s][debug][gc,phases      ] GC(143)     Dead                           Min: 0, Avg:  0.0, Max: 0, Diff: 0, Sum: 0, Workers: 4
[2406.825s][debug][gc,phases      ] GC(143)     Total                          Min: 0, Avg: 2185.5, Max: 3750, Diff: 3750, Sum: 8742, Workers: 4
[2406.825s][debug][gc,phases      ] GC(143)   JNI Weak                       Min:  0.0, Avg:  0.0, Max:  0.0, Diff:  0.0, Sum:  0.0, Workers: 4
[2406.825s][debug][gc,phases      ] GC(143)     Dead                           Min: 0, Avg:  0.0, Max: 0, Diff: 0, Sum: 0, Workers: 4
[2406.825s][debug][gc,phases      ] GC(143)     Total                          Min: 0, Avg: 11.2, Max: 45, Diff: 45, Sum: 45, Workers: 4
[2406.825s][debug][gc,phases      ] GC(143)   StringDedup Table Weak         Min:  0.0, Avg:  0.0, Max:  0.0, Diff:  0.0, Sum:  0.0, Workers: 4
[2406.825s][debug][gc,phases      ] GC(143)     Dead                           Min: 0, Avg:  0.0, Max: 0, Diff: 0, Sum: 0, Workers: 4
[2406.825s][debug][gc,phases      ] GC(143)     Total                          Min: 0, Avg:  0.0, Max: 0, Diff: 0, Sum: 0, Workers: 4
[2406.825s][debug][gc,phases      ] GC(143)   StringDedup Requests0 Weak     Min:  0.0, Avg:  0.0, Max:  0.0, Diff:  0.0, Sum:  0.0, Workers: 4
[2406.825s][debug][gc,phases      ] GC(143)     Dead                           Min: 0, Avg:  0.0, Max: 0, Diff: 0, Sum: 0, Workers: 4
[2406.825s][debug][gc,phases      ] GC(143)     Total                          Min: 0, Avg:  0.0, Max: 0, Diff: 0, Sum: 0, Workers: 4
[2406.825s][debug][gc,phases      ] GC(143)   StringDedup Requests1 Weak     Min:  0.0, Avg:  0.0, Max:  0.0, Diff:  0.0, Sum:  0.0, Workers: 4
[2406.825s][debug][gc,phases      ] GC(143)     Dead                           Min: 0, Avg:  0.0, Max: 0, Diff: 0, Sum: 0, Workers: 4
[2406.825s][debug][gc,phases      ] GC(143)     Total                          Min: 0, Avg:  0.0, Max: 0, Diff: 0, Sum: 0, Workers: 4
[2406.825s][debug][gc,phases      ] GC(143)   Weak JFR Old Object Samples    Min:  0.0, Avg:  0.0, Max:  0.0, Diff:  0.0, Sum:  0.0, Workers: 4
[2406.825s][debug][gc,phases      ] GC(143)     Dead                           Min: 0, Avg:  0.0, Max: 0, Diff: 0, Sum: 0, Workers: 4
[2406.825s][debug][gc,phases      ] GC(143)     Total                          Min: 0, Avg:  0.0, Max: 0, Diff: 0, Sum: 0, Workers: 4
[2406.825s][debug][gc,phases      ] GC(143) Weak Processing 0.311ms
[2406.825s][debug][gc,age         ] GC(143) Desired survivor size 2621440 bytes, new threshold 15 (max threshold 15)
[2406.825s][info ][gc,heap        ] GC(143) PSYoungGen: 2093856K(2094592K)->1856K(2094592K) Eden: 2092032K(2092032K)->0K(2092032K) From: 1824K(2560K)->1856K(2560K)
[2406.825s][info ][gc,heap        ] GC(143) ParOldGen: 335995K(387072K)->336027K(387072K)
[2406.825s][info ][gc,metaspace   ] GC(143) Metaspace: 79486K(80384K)->79486K(80384K) NonClass: 68121K(68608K)->68121K(68608K) Class: 11365K(11776K)->11365K(11776K)
[2406.825s][info ][gc             ] GC(143) Pause Young (Allocation Failure) 2372M->329M(2423M) 3.706ms
[2406.825s][info ][gc,cpu         ] GC(143) User=0.01s Sys=0.00s Real=0.00s
[2406.825s][info ][safepoint      ] Safepoint "ParallelGCFailedAllocation", Time since last: 3099412319 ns, Reaching safepoint: 102500 ns, At safepoint: 3769506 ns, Total: 3872006 ns
[2411.825s][info ][safepoint      ] Safepoint "Cleanup", Time since last: 5000307849 ns, Reaching safepoint: 48600 ns, At safepoint: 2800 ns, Total: 51400 ns
[2427.472s][info ][safepoint      ] Safepoint "ParallelGCFailedAllocation", Time since last: 15646471531 ns, Reaching safepoint: 95401 ns, At safepoint: 37600 ns, Total: 133001 ns
[2427.472s][info ][gc,start       ] GC(144) Pause Young (GCLocker Initiated GC)
[2427.476s][debug][gc,phases      ] GC(144) Scavenge 3.870ms
[2427.476s][debug][gc,ref         ] GC(144) Skipped phase 1 of Reference Processing: no references
[2427.476s][debug][gc,ref         ] GC(144) Skipped phase 2 of Reference Processing: no references
[2427.476s][debug][gc,ref         ] GC(144) Skipped phase 3 of Reference Processing: no references
[2427.476s][debug][gc,ref         ] GC(144) Skipped phase 4 of Reference Processing: no references
[2427.476s][debug][gc,phases      ] GC(144) Reference Processing 0.020ms
[2427.476s][debug][gc,phases      ] GC(144)   VM Weak                        Min:  0.0, Avg:  0.0, Max:  0.0, Diff:  0.0, Sum:  0.0, Workers: 4
[2427.476s][debug][gc,phases      ] GC(144)     Dead                           Min: 0, Avg:  0.0, Max: 0, Diff: 0, Sum: 0, Workers: 4
[2427.476s][debug][gc,phases      ] GC(144)     Total                          Min: 0, Avg: 181.2, Max: 661, Diff: 661, Sum: 725, Workers: 4
[2427.476s][debug][gc,phases      ] GC(144)   ObjectSynchronizer Weak        Min:  0.0, Avg:  0.0, Max:  0.0, Diff:  0.0, Sum:  0.0, Workers: 4
[2427.476s][debug][gc,phases      ] GC(144)     Dead                           Min: 0, Avg:  0.0, Max: 0, Diff: 0, Sum: 0, Workers: 4
[2427.476s][debug][gc,phases      ] GC(144)     Total                          Min: 0, Avg: 12.0, Max: 48, Diff: 48, Sum: 48, Workers: 4
[2427.476s][debug][gc,phases      ] GC(144)   JVMTI Tag Weak OopStorage      Min:  0.0, Avg:  0.0, Max:  0.0, Diff:  0.0, Sum:  0.0, Workers: 4
[2427.476s][debug][gc,phases      ] GC(144)     Dead                           Min: 0, Avg:  0.0, Max: 0, Diff: 0, Sum: 0, Workers: 4
[2427.476s][debug][gc,phases      ] GC(144)     Total                          Min: 0, Avg:  0.0, Max: 0, Diff: 0, Sum: 0, Workers: 4
[2427.476s][debug][gc,phases      ] GC(144)   StringTable Weak               Min:  0.0, Avg:  0.1, Max:  0.1, Diff:  0.1, Sum:  0.4, Workers: 4
[2427.476s][debug][gc,phases      ] GC(144)     Dead                           Min: 0, Avg:  0.0, Max: 0, Diff: 0, Sum: 0, Workers: 4
[2427.476s][debug][gc,phases      ] GC(144)     Total                          Min: 0, Avg: 10835.0, Max: 18508, Diff: 18508, Sum: 43340, Workers: 4
[2427.476s][debug][gc,phases      ] GC(144)   ResolvedMethodTable Weak       Min:  0.0, Avg:  0.0, Max:  0.0, Diff:  0.0, Sum:  0.1, Workers: 4
[2427.476s][debug][gc,phases      ] GC(144)     Dead                           Min: 0, Avg:  0.0, Max: 0, Diff: 0, Sum: 0, Workers: 4
[2427.476s][debug][gc,phases      ] GC(144)     Total                          Min: 0, Avg: 2185.5, Max: 3712, Diff: 3712, Sum: 8742, Workers: 4
[2427.476s][debug][gc,phases      ] GC(144)   JNI Weak                       Min:  0.0, Avg:  0.0, Max:  0.0, Diff:  0.0, Sum:  0.0, Workers: 4
[2427.476s][debug][gc,phases      ] GC(144)     Dead                           Min: 0, Avg:  0.0, Max: 0, Diff: 0, Sum: 0, Workers: 4
[2427.476s][debug][gc,phases      ] GC(144)     Total                          Min: 0, Avg: 11.2, Max: 45, Diff: 45, Sum: 45, Workers: 4
[2427.476s][debug][gc,phases      ] GC(144)   StringDedup Table Weak         Min:  0.0, Avg:  0.0, Max:  0.0, Diff:  0.0, Sum:  0.0, Workers: 4
[2427.476s][debug][gc,phases      ] GC(144)     Dead                           Min: 0, Avg:  0.0, Max: 0, Diff: 0, Sum: 0, Workers: 4
[2427.476s][debug][gc,phases      ] GC(144)     Total                          Min: 0, Avg:  0.0, Max: 0, Diff: 0, Sum: 0, Workers: 4
[2427.476s][debug][gc,phases      ] GC(144)   StringDedup Requests0 Weak     Min:  0.0, Avg:  0.0, Max:  0.0, Diff:  0.0, Sum:  0.0, Workers: 4
[2427.476s][debug][gc,phases      ] GC(144)     Dead                           Min: 0, Avg:  0.0, Max: 0, Diff: 0, Sum: 0, Workers: 4
[2427.476s][debug][gc,phases      ] GC(144)     Total                          Min: 0, Avg:  0.0, Max: 0, Diff: 0, Sum: 0, Workers: 4
[2427.476s][debug][gc,phases      ] GC(144)   StringDedup Requests1 Weak     Min:  0.0, Avg:  0.0, Max:  0.0, Diff:  0.0, Sum:  0.0, Workers: 4
[2427.476s][debug][gc,phases      ] GC(144)     Dead                           Min: 0, Avg:  0.0, Max: 0, Diff: 0, Sum: 0, Workers: 4
[2427.476s][debug][gc,phases      ] GC(144)     Total                          Min: 0, Avg:  0.0, Max: 0, Diff: 0, Sum: 0, Workers: 4
[2427.476s][debug][gc,phases      ] GC(144)   Weak JFR Old Object Samples    Min:  0.0, Avg:  0.0, Max:  0.0, Diff:  0.0, Sum:  0.0, Workers: 4
[2427.476s][debug][gc,phases      ] GC(144)     Dead                           Min: 0, Avg:  0.0, Max: 0, Diff: 0, Sum: 0, Workers: 4
[2427.476s][debug][gc,phases      ] GC(144)     Total                          Min: 0, Avg:  0.0, Max: 0, Diff: 0, Sum: 0, Workers: 4
[2427.476s][debug][gc,phases      ] GC(144) Weak Processing 0.303ms
[2427.476s][debug][gc,age         ] GC(144) Desired survivor size 2621440 bytes, new threshold 15 (max threshold 15)
[2427.476s][info ][gc,heap        ] GC(144) PSYoungGen: 2093888K(2094592K)->1760K(2094592K) Eden: 2092032K(2092032K)->0K(2092032K) From: 1856K(2560K)->1760K(2560K)
[2427.476s][info ][gc,heap        ] GC(144) ParOldGen: 336028K(387072K)->336076K(387072K)
[2427.476s][info ][gc,metaspace   ] GC(144) Metaspace: 79487K(80384K)->79487K(80384K) NonClass: 68121K(68608K)->68121K(68608K) Class: 11365K(11776K)->11365K(11776K)
[2427.476s][info ][gc             ] GC(144) Pause Young (GCLocker Initiated GC) 2372M->329M(2423M) 4.259ms
[2427.476s][info ][gc,cpu         ] GC(144) User=0.01s Sys=0.00s Real=0.00s
[2427.476s][info ][safepoint      ] Safepoint "ParallelGCSystemGC", Time since last: 99400 ns, Reaching safepoint: 88000 ns, At safepoint: 4313607 ns, Total: 4401607 ns
[2448.668s][info ][gc,start       ] GC(145) Pause Young (Allocation Failure)
[2448.672s][debug][gc,phases      ] GC(145) Scavenge 4.058ms
[2448.672s][debug][gc,ref         ] GC(145) Skipped phase 1 of Reference Processing: no references
[2448.672s][debug][gc,ref         ] GC(145) Skipped phase 2 of Reference Processing: no references
[2448.672s][debug][gc,ref         ] GC(145) Skipped phase 3 of Reference Processing: no references
[2448.672s][debug][gc,ref         ] GC(145) Skipped phase 4 of Reference Processing: no references
[2448.672s][debug][gc,phases      ] GC(145) Reference Processing 0.022ms
[2448.672s][debug][gc,phases      ] GC(145)   VM Weak                        Min:  0.0, Avg:  0.0, Max:  0.0, Diff:  0.0, Sum:  0.0, Workers: 4
[2448.672s][debug][gc,phases      ] GC(145)     Dead                           Min: 0, Avg:  0.0, Max: 0, Diff: 0, Sum: 0, Workers: 4
[2448.672s][debug][gc,phases      ] GC(145)     Total                          Min: 0, Avg: 181.2, Max: 533, Diff: 533, Sum: 725, Workers: 4
[2448.672s][debug][gc,phases      ] GC(145)   ObjectSynchronizer Weak        Min:  0.0, Avg:  0.0, Max:  0.0, Diff:  0.0, Sum:  0.0, Workers: 4
[2448.672s][debug][gc,phases      ] GC(145)     Dead                           Min: 0, Avg:  0.0, Max: 0, Diff: 0, Sum: 0, Workers: 4
[2448.672s][debug][gc,phases      ] GC(145)     Total                          Min: 0, Avg: 12.0, Max: 48, Diff: 48, Sum: 48, Workers: 4
[2448.672s][debug][gc,phases      ] GC(145)   JVMTI Tag Weak OopStorage      Min:  0.0, Avg:  0.0, Max:  0.0, Diff:  0.0, Sum:  0.0, Workers: 4
[2448.672s][debug][gc,phases      ] GC(145)     Dead                           Min: 0, Avg:  0.0, Max: 0, Diff: 0, Sum: 0, Workers: 4
[2448.672s][debug][gc,phases      ] GC(145)     Total                          Min: 0, Avg:  0.0, Max: 0, Diff: 0, Sum: 0, Workers: 4
[2448.672s][debug][gc,phases      ] GC(145)   StringTable Weak               Min:  0.1, Avg:  0.1, Max:  0.1, Diff:  0.0, Sum:  0.4, Workers: 4
[2448.672s][debug][gc,phases      ] GC(145)     Dead                           Min: 0, Avg:  0.0, Max: 0, Diff: 0, Sum: 0, Workers: 4
[2448.672s][debug][gc,phases      ] GC(145)     Total                          Min: 10624, Avg: 10835.0, Max: 11072, Diff: 448, Sum: 43340, Workers: 4
[2448.672s][debug][gc,phases      ] GC(145)   ResolvedMethodTable Weak       Min:  0.0, Avg:  0.0, Max:  0.0, Diff:  0.0, Sum:  0.1, Workers: 4
[2448.672s][debug][gc,phases      ] GC(145)     Dead                           Min: 0, Avg:  0.0, Max: 0, Diff: 0, Sum: 0, Workers: 4
[2448.672s][debug][gc,phases      ] GC(145)     Total                          Min: 2112, Avg: 2185.5, Max: 2278, Diff: 166, Sum: 8742, Workers: 4
[2448.672s][debug][gc,phases      ] GC(145)   JNI Weak                       Min:  0.0, Avg:  0.0, Max:  0.0, Diff:  0.0, Sum:  0.0, Workers: 4
[2448.672s][debug][gc,phases      ] GC(145)     Dead                           Min: 0, Avg:  0.0, Max: 0, Diff: 0, Sum: 0, Workers: 4
[2448.672s][debug][gc,phases      ] GC(145)     Total                          Min: 0, Avg: 11.2, Max: 45, Diff: 45, Sum: 45, Workers: 4
[2448.672s][debug][gc,phases      ] GC(145)   StringDedup Table Weak         Min:  0.0, Avg:  0.0, Max:  0.0, Diff:  0.0, Sum:  0.0, Workers: 4
[2448.672s][debug][gc,phases      ] GC(145)     Dead                           Min: 0, Avg:  0.0, Max: 0, Diff: 0, Sum: 0, Workers: 4
[2448.672s][debug][gc,phases      ] GC(145)     Total                          Min: 0, Avg:  0.0, Max: 0, Diff: 0, Sum: 0, Workers: 4
[2448.672s][debug][gc,phases      ] GC(145)   StringDedup Requests0 Weak     Min:  0.0, Avg:  0.0, Max:  0.0, Diff:  0.0, Sum:  0.0, Workers: 4
[2448.672s][debug][gc,phases      ] GC(145)     Dead                           Min: 0, Avg:  0.0, Max: 0, Diff: 0, Sum: 0, Workers: 4
[2448.672s][debug][gc,phases      ] GC(145)     Total                          Min: 0, Avg:  0.0, Max: 0, Diff: 0, Sum: 0, Workers: 4
[2448.672s][debug][gc,phases      ] GC(145)   StringDedup Requests1 Weak     Min:  0.0, Avg:  0.0, Max:  0.0, Diff:  0.0, Sum:  0.0, Workers: 4
[2448.672s][debug][gc,phases      ] GC(145)     Dead                           Min: 0, Avg:  0.0, Max: 0, Diff: 0, Sum: 0, Workers: 4
[2448.672s][debug][gc,phases      ] GC(145)     Total                          Min: 0, Avg:  0.0, Max: 0, Diff: 0, Sum: 0, Workers: 4
[2448.672s][debug][gc,phases      ] GC(145)   Weak JFR Old Object Samples    Min:  0.0, Avg:  0.0, Max:  0.0, Diff:  0.0, Sum:  0.0, Workers: 4
[2448.672s][debug][gc,phases      ] GC(145)     Dead                           Min: 0, Avg:  0.0, Max: 0, Diff: 0, Sum: 0, Workers: 4
[2448.672s][debug][gc,phases      ] GC(145)     Total                          Min: 0, Avg:  0.0, Max: 0, Diff: 0, Sum: 0, Workers: 4
[2448.672s][debug][gc,phases      ] GC(145) Weak Processing 0.298ms
[2448.672s][debug][gc,age         ] GC(145) Desired survivor size 2621440 bytes, new threshold 15 (max threshold 15)
[2448.672s][info ][gc,heap        ] GC(145) PSYoungGen: 2093792K(2094592K)->1792K(2094592K) Eden: 2092032K(2092032K)->0K(2092032K) From: 1760K(2560K)->1792K(2560K)
[2448.672s][info ][gc,heap        ] GC(145) ParOldGen: 336078K(387072K)->336214K(387072K)
[2448.672s][info ][gc,metaspace   ] GC(145) Metaspace: 79487K(80384K)->79487K(80384K) NonClass: 68121K(68608K)->68121K(68608K) Class: 11365K(11776K)->11365K(11776K)
[2448.672s][info ][gc             ] GC(145) Pause Young (Allocation Failure) 2372M->330M(2423M) 4.470ms
[2448.672s][info ][gc,cpu         ] GC(145) User=0.01s Sys=0.00s Real=0.00s
[2448.672s][info ][safepoint      ] Safepoint "ParallelGCFailedAllocation", Time since last: 21191641570 ns, Reaching safepoint: 26600 ns, At safepoint: 4530707 ns, Total: 4557307 ns
[2457.673s][info ][safepoint      ] Safepoint "Cleanup", Time since last: 9000563564 ns, Reaching safepoint: 38000 ns, At safepoint: 27400 ns, Total: 65400 ns
[2458.673s][info ][safepoint      ] Safepoint "Cleanup", Time since last: 1000098627 ns, Reaching safepoint: 31700 ns, At safepoint: 3100 ns, Total: 34800 ns
[2469.554s][info ][gc,start       ] GC(146) Pause Young (Allocation Failure)
[2469.557s][debug][gc,phases      ] GC(146) Scavenge 2.879ms
[2469.557s][debug][gc,ref         ] GC(146) Skipped phase 1 of Reference Processing: no references
[2469.557s][debug][gc,ref         ] GC(146) Skipped phase 2 of Reference Processing: no references
[2469.557s][debug][gc,ref         ] GC(146) Skipped phase 3 of Reference Processing: no references
[2469.557s][debug][gc,ref         ] GC(146) Skipped phase 4 of Reference Processing: no references
[2469.557s][debug][gc,phases      ] GC(146) Reference Processing 0.020ms
[2469.558s][debug][gc,phases      ] GC(146)   VM Weak                        Min:  0.0, Avg:  0.0, Max:  0.0, Diff:  0.0, Sum:  0.0, Workers: 4
[2469.558s][debug][gc,phases      ] GC(146)     Dead                           Min: 0, Avg:  0.0, Max: 0, Diff: 0, Sum: 0, Workers: 4
[2469.558s][debug][gc,phases      ] GC(146)     Total                          Min: 0, Avg: 181.2, Max: 512, Diff: 512, Sum: 725, Workers: 4
[2469.558s][debug][gc,phases      ] GC(146)   ObjectSynchronizer Weak        Min:  0.0, Avg:  0.0, Max:  0.0, Diff:  0.0, Sum:  0.0, Workers: 4
[2469.558s][debug][gc,phases      ] GC(146)     Dead                           Min: 0, Avg:  0.0, Max: 0, Diff: 0, Sum: 0, Workers: 4
[2469.558s][debug][gc,phases      ] GC(146)     Total                          Min: 0, Avg: 12.0, Max: 48, Diff: 48, Sum: 48, Workers: 4
[2469.558s][debug][gc,phases      ] GC(146)   JVMTI Tag Weak OopStorage      Min:  0.0, Avg:  0.0, Max:  0.0, Diff:  0.0, Sum:  0.0, Workers: 4
[2469.558s][debug][gc,phases      ] GC(146)     Dead                           Min: 0, Avg:  0.0, Max: 0, Diff: 0, Sum: 0, Workers: 4
[2469.558s][debug][gc,phases      ] GC(146)     Total                          Min: 0, Avg:  0.0, Max: 0, Diff: 0, Sum: 0, Workers: 4
[2469.558s][debug][gc,phases      ] GC(146)   StringTable Weak               Min:  0.1, Avg:  0.1, Max:  0.1, Diff:  0.0, Sum:  0.4, Workers: 4
[2469.558s][debug][gc,phases      ] GC(146)     Dead                           Min: 0, Avg:  0.0, Max: 0, Diff: 0, Sum: 0, Workers: 4
[2469.558s][debug][gc,phases      ] GC(146)     Total                          Min: 10304, Avg: 10835.0, Max: 11328, Diff: 1024, Sum: 43340, Workers: 4
[2469.558s][debug][gc,phases      ] GC(146)   ResolvedMethodTable Weak       Min:  0.0, Avg:  0.0, Max:  0.0, Diff:  0.0, Sum:  0.1, Workers: 4
[2469.558s][debug][gc,phases      ] GC(146)     Dead                           Min: 0, Avg:  0.0, Max: 0, Diff: 0, Sum: 0, Workers: 4
[2469.558s][debug][gc,phases      ] GC(146)     Total                          Min: 2048, Avg: 2185.5, Max: 2342, Diff: 294, Sum: 8742, Workers: 4
[2469.558s][debug][gc,phases      ] GC(146)   JNI Weak                       Min:  0.0, Avg:  0.0, Max:  0.0, Diff:  0.0, Sum:  0.0, Workers: 4
[2469.558s][debug][gc,phases      ] GC(146)     Dead                           Min: 0, Avg:  0.0, Max: 0, Diff: 0, Sum: 0, Workers: 4
[2469.558s][debug][gc,phases      ] GC(146)     Total                          Min: 0, Avg: 11.2, Max: 45, Diff: 45, Sum: 45, Workers: 4
[2469.558s][debug][gc,phases      ] GC(146)   StringDedup Table Weak         Min:  0.0, Avg:  0.0, Max:  0.0, Diff:  0.0, Sum:  0.0, Workers: 4
[2469.558s][debug][gc,phases      ] GC(146)     Dead                           Min: 0, Avg:  0.0, Max: 0, Diff: 0, Sum: 0, Workers: 4
[2469.558s][debug][gc,phases      ] GC(146)     Total                          Min: 0, Avg:  0.0, Max: 0, Diff: 0, Sum: 0, Workers: 4
[2469.558s][debug][gc,phases      ] GC(146)   StringDedup Requests0 Weak     Min:  0.0, Avg:  0.0, Max:  0.0, Diff:  0.0, Sum:  0.0, Workers: 4
[2469.558s][debug][gc,phases      ] GC(146)     Dead                           Min: 0, Avg:  0.0, Max: 0, Diff: 0, Sum: 0, Workers: 4
[2469.558s][debug][gc,phases      ] GC(146)     Total                          Min: 0, Avg:  0.0, Max: 0, Diff: 0, Sum: 0, Workers: 4
[2469.558s][debug][gc,phases      ] GC(146)   StringDedup Requests1 Weak     Min:  0.0, Avg:  0.0, Max:  0.0, Diff:  0.0, Sum:  0.0, Workers: 4
[2469.558s][debug][gc,phases      ] GC(146)     Dead                           Min: 0, Avg:  0.0, Max: 0, Diff: 0, Sum: 0, Workers: 4
[2469.558s][debug][gc,phases      ] GC(146)     Total                          Min: 0, Avg:  0.0, Max: 0, Diff: 0, Sum: 0, Workers: 4
[2469.558s][debug][gc,phases      ] GC(146)   Weak JFR Old Object Samples    Min:  0.0, Avg:  0.0, Max:  0.0, Diff:  0.0, Sum:  0.0, Workers: 4
[2469.558s][debug][gc,phases      ] GC(146)     Dead                           Min: 0, Avg:  0.0, Max: 0, Diff: 0, Sum: 0, Workers: 4
[2469.558s][debug][gc,phases      ] GC(146)     Total                          Min: 0, Avg:  0.0, Max: 0, Diff: 0, Sum: 0, Workers: 4
[2469.558s][debug][gc,phases      ] GC(146) Weak Processing 0.289ms
[2469.558s][debug][gc,age         ] GC(146) Desired survivor size 2621440 bytes, new threshold 15 (max threshold 15)
[2469.558s][info ][gc,heap        ] GC(146) PSYoungGen: 2093824K(2094592K)->1920K(2094592K) Eden: 2092032K(2092032K)->0K(2092032K) From: 1792K(2560K)->1920K(2560K)
[2469.558s][info ][gc,heap        ] GC(146) ParOldGen: 336214K(387072K)->336238K(387072K)
[2469.558s][info ][gc,metaspace   ] GC(146) Metaspace: 79488K(80384K)->79488K(80384K) NonClass: 68122K(68608K)->68122K(68608K) Class: 11365K(11776K)->11365K(11776K)
[2469.558s][info ][gc             ] GC(146) Pause Young (Allocation Failure) 2373M->330M(2423M) 3.275ms
[2469.558s][info ][gc,cpu         ] GC(146) User=0.01s Sys=0.00s Real=0.00s
[2469.558s][info ][safepoint      ] Safepoint "ParallelGCFailedAllocation", Time since last: 10881083475 ns, Reaching safepoint: 94900 ns, At safepoint: 3340406 ns, Total: 3435306 ns
[2490.620s][info ][gc,start       ] GC(147) Pause Young (Allocation Failure)
[2490.624s][debug][gc,phases      ] GC(147) Scavenge 3.849ms
[2490.624s][debug][gc,ref         ] GC(147) Skipped phase 1 of Reference Processing: no references
[2490.624s][debug][gc,ref         ] GC(147) Skipped phase 2 of Reference Processing: no references
[2490.624s][debug][gc,ref         ] GC(147) Skipped phase 3 of Reference Processing: no references
[2490.624s][debug][gc,ref         ] GC(147) Skipped phase 4 of Reference Processing: no references
[2490.624s][debug][gc,phases      ] GC(147) Reference Processing 0.039ms
[2490.624s][debug][gc,phases      ] GC(147)   VM Weak                        Min:  0.0, Avg:  0.0, Max:  0.0, Diff:  0.0, Sum:  0.0, Workers: 4
[2490.624s][debug][gc,phases      ] GC(147)     Dead                           Min: 0, Avg:  0.0, Max: 0, Diff: 0, Sum: 0, Workers: 4
[2490.624s][debug][gc,phases      ] GC(147)     Total                          Min: 0, Avg: 181.2, Max: 661, Diff: 661, Sum: 725, Workers: 4
[2490.624s][debug][gc,phases      ] GC(147)   ObjectSynchronizer Weak        Min:  0.0, Avg:  0.0, Max:  0.0, Diff:  0.0, Sum:  0.0, Workers: 4
[2490.624s][debug][gc,phases      ] GC(147)     Dead                           Min: 0, Avg:  0.0, Max: 0, Diff: 0, Sum: 0, Workers: 4
[2490.624s][debug][gc,phases      ] GC(147)     Total                          Min: 0, Avg: 12.0, Max: 48, Diff: 48, Sum: 48, Workers: 4
[2490.624s][debug][gc,phases      ] GC(147)   JVMTI Tag Weak OopStorage      Min:  0.0, Avg:  0.0, Max:  0.0, Diff:  0.0, Sum:  0.0, Workers: 4
[2490.624s][debug][gc,phases      ] GC(147)     Dead                           Min: 0, Avg:  0.0, Max: 0, Diff: 0, Sum: 0, Workers: 4
[2490.624s][debug][gc,phases      ] GC(147)     Total                          Min: 0, Avg:  0.0, Max: 0, Diff: 0, Sum: 0, Workers: 4
[2490.624s][debug][gc,phases      ] GC(147)   StringTable Weak               Min:  0.1, Avg:  0.1, Max:  0.1, Diff:  0.0, Sum:  0.4, Workers: 4
[2490.624s][debug][gc,phases      ] GC(147)     Dead                           Min: 0, Avg:  0.0, Max: 0, Diff: 0, Sum: 0, Workers: 4
[2490.624s][debug][gc,phases      ] GC(147)     Total                          Min: 10572, Avg: 10835.0, Max: 11200, Diff: 628, Sum: 43340, Workers: 4
[2490.624s][debug][gc,phases      ] GC(147)   ResolvedMethodTable Weak       Min:  0.0, Avg:  0.0, Max:  0.0, Diff:  0.0, Sum:  0.1, Workers: 4
[2490.624s][debug][gc,phases      ] GC(147)     Dead                           Min: 0, Avg:  0.0, Max: 0, Diff: 0, Sum: 0, Workers: 4
[2490.624s][debug][gc,phases      ] GC(147)     Total                          Min: 2112, Avg: 2185.5, Max: 2240, Diff: 128, Sum: 8742, Workers: 4
[2490.624s][debug][gc,phases      ] GC(147)   JNI Weak                       Min:  0.0, Avg:  0.0, Max:  0.0, Diff:  0.0, Sum:  0.0, Workers: 4
[2490.624s][debug][gc,phases      ] GC(147)     Dead                           Min: 0, Avg:  0.0, Max: 0, Diff: 0, Sum: 0, Workers: 4
[2490.624s][debug][gc,phases      ] GC(147)     Total                          Min: 0, Avg: 11.2, Max: 45, Diff: 45, Sum: 45, Workers: 4
[2490.624s][debug][gc,phases      ] GC(147)   StringDedup Table Weak         Min:  0.0, Avg:  0.0, Max:  0.0, Diff:  0.0, Sum:  0.0, Workers: 4
[2490.624s][debug][gc,phases      ] GC(147)     Dead                           Min: 0, Avg:  0.0, Max: 0, Diff: 0, Sum: 0, Workers: 4
[2490.624s][debug][gc,phases      ] GC(147)     Total                          Min: 0, Avg:  0.0, Max: 0, Diff: 0, Sum: 0, Workers: 4
[2490.624s][debug][gc,phases      ] GC(147)   StringDedup Requests0 Weak     Min:  0.0, Avg:  0.0, Max:  0.0, Diff:  0.0, Sum:  0.0, Workers: 4
[2490.624s][debug][gc,phases      ] GC(147)     Dead                           Min: 0, Avg:  0.0, Max: 0, Diff: 0, Sum: 0, Workers: 4
[2490.624s][debug][gc,phases      ] GC(147)     Total                          Min: 0, Avg:  0.0, Max: 0, Diff: 0, Sum: 0, Workers: 4
[2490.624s][debug][gc,phases      ] GC(147)   StringDedup Requests1 Weak     Min:  0.0, Avg:  0.0, Max:  0.0, Diff:  0.0, Sum:  0.0, Workers: 4
[2490.624s][debug][gc,phases      ] GC(147)     Dead                           Min: 0, Avg:  0.0, Max: 0, Diff: 0, Sum: 0, Workers: 4
[2490.624s][debug][gc,phases      ] GC(147)     Total                          Min: 0, Avg:  0.0, Max: 0, Diff: 0, Sum: 0, Workers: 4
[2490.624s][debug][gc,phases      ] GC(147)   Weak JFR Old Object Samples    Min:  0.0, Avg:  0.0, Max:  0.0, Diff:  0.0, Sum:  0.0, Workers: 4
[2490.624s][debug][gc,phases      ] GC(147)     Dead                           Min: 0, Avg:  0.0, Max: 0, Diff: 0, Sum: 0, Workers: 4
[2490.624s][debug][gc,phases      ] GC(147)     Total                          Min: 0, Avg:  0.0, Max: 0, Diff: 0, Sum: 0, Workers: 4
[2490.624s][debug][gc,phases      ] GC(147) Weak Processing 0.281ms
[2490.624s][debug][gc,age         ] GC(147) Desired survivor size 2621440 bytes, new threshold 15 (max threshold 15)
[2490.624s][info ][gc,heap        ] GC(147) PSYoungGen: 2093952K(2094592K)->1824K(2094592K) Eden: 2092032K(2092032K)->0K(2092032K) From: 1920K(2560K)->1824K(2560K)
[2490.624s][info ][gc,heap        ] GC(147) ParOldGen: 336238K(387072K)->336238K(387072K)
[2490.624s][info ][gc,metaspace   ] GC(147) Metaspace: 79488K(80384K)->79488K(80384K) NonClass: 68122K(68608K)->68122K(68608K) Class: 11365K(11776K)->11365K(11776K)
[2490.624s][info ][gc             ] GC(147) Pause Young (Allocation Failure) 2373M->330M(2423M) 4.267ms
[2490.624s][info ][gc,cpu         ] GC(147) User=0.01s Sys=0.00s Real=0.00s
[2490.624s][info ][safepoint      ] Safepoint "ParallelGCFailedAllocation", Time since last: 21062261385 ns, Reaching safepoint: 25801 ns, At safepoint: 4325508 ns, Total: 4351309 ns
[2511.324s][info ][gc,start       ] GC(148) Pause Young (Allocation Failure)
[2511.330s][debug][gc,phases      ] GC(148) Scavenge 6.109ms
[2511.330s][debug][gc,ref         ] GC(148) Skipped phase 1 of Reference Processing: no references
[2511.330s][debug][gc,ref         ] GC(148) Skipped phase 2 of Reference Processing: no references
[2511.330s][debug][gc,ref         ] GC(148) Skipped phase 3 of Reference Processing: no references
[2511.330s][debug][gc,ref         ] GC(148) Skipped phase 4 of Reference Processing: no references
[2511.330s][debug][gc,phases      ] GC(148) Reference Processing 0.034ms
[2511.330s][debug][gc,phases      ] GC(148)   VM Weak                        Min:  0.0, Avg:  0.0, Max:  0.0, Diff:  0.0, Sum:  0.0, Workers: 4
[2511.330s][debug][gc,phases      ] GC(148)     Dead                           Min: 0, Avg:  0.0, Max: 0, Diff: 0, Sum: 0, Workers: 4
[2511.330s][debug][gc,phases      ] GC(148)     Total                          Min: 0, Avg: 181.2, Max: 448, Diff: 448, Sum: 725, Workers: 4
[2511.330s][debug][gc,phases      ] GC(148)   ObjectSynchronizer Weak        Min:  0.0, Avg:  0.0, Max:  0.0, Diff:  0.0, Sum:  0.0, Workers: 4
[2511.330s][debug][gc,phases      ] GC(148)     Dead                           Min: 0, Avg:  0.0, Max: 0, Diff: 0, Sum: 0, Workers: 4
[2511.330s][debug][gc,phases      ] GC(148)     Total                          Min: 0, Avg: 12.0, Max: 48, Diff: 48, Sum: 48, Workers: 4
[2511.330s][debug][gc,phases      ] GC(148)   JVMTI Tag Weak OopStorage      Min:  0.0, Avg:  0.0, Max:  0.0, Diff:  0.0, Sum:  0.0, Workers: 4
[2511.330s][debug][gc,phases      ] GC(148)     Dead                           Min: 0, Avg:  0.0, Max: 0, Diff: 0, Sum: 0, Workers: 4
[2511.330s][debug][gc,phases      ] GC(148)     Total                          Min: 0, Avg:  0.0, Max: 0, Diff: 0, Sum: 0, Workers: 4
[2511.330s][debug][gc,phases      ] GC(148)   StringTable Weak               Min:  0.1, Avg:  0.1, Max:  0.1, Diff:  0.0, Sum:  0.4, Workers: 4
[2511.330s][debug][gc,phases      ] GC(148)     Dead                           Min: 0, Avg:  0.0, Max: 0, Diff: 0, Sum: 0, Workers: 4
[2511.330s][debug][gc,phases      ] GC(148)     Total                          Min: 10560, Avg: 10835.0, Max: 11328, Diff: 768, Sum: 43340, Workers: 4
[2511.330s][debug][gc,phases      ] GC(148)   ResolvedMethodTable Weak       Min:  0.0, Avg:  0.0, Max:  0.0, Diff:  0.0, Sum:  0.1, Workers: 4
[2511.330s][debug][gc,phases      ] GC(148)     Dead                           Min: 0, Avg:  0.0, Max: 0, Diff: 0, Sum: 0, Workers: 4
[2511.330s][debug][gc,phases      ] GC(148)     Total                          Min: 2112, Avg: 2185.5, Max: 2368, Diff: 256, Sum: 8742, Workers: 4
[2511.330s][debug][gc,phases      ] GC(148)   JNI Weak                       Min:  0.0, Avg:  0.0, Max:  0.0, Diff:  0.0, Sum:  0.0, Workers: 4
[2511.330s][debug][gc,phases      ] GC(148)     Dead                           Min: 0, Avg:  0.0, Max: 0, Diff: 0, Sum: 0, Workers: 4
[2511.330s][debug][gc,phases      ] GC(148)     Total                          Min: 0, Avg: 11.2, Max: 45, Diff: 45, Sum: 45, Workers: 4
[2511.330s][debug][gc,phases      ] GC(148)   StringDedup Table Weak         Min:  0.0, Avg:  0.0, Max:  0.0, Diff:  0.0, Sum:  0.0, Workers: 4
[2511.330s][debug][gc,phases      ] GC(148)     Dead                           Min: 0, Avg:  0.0, Max: 0, Diff: 0, Sum: 0, Workers: 4
[2511.330s][debug][gc,phases      ] GC(148)     Total                          Min: 0, Avg:  0.0, Max: 0, Diff: 0, Sum: 0, Workers: 4
[2511.330s][debug][gc,phases      ] GC(148)   StringDedup Requests0 Weak     Min:  0.0, Avg:  0.0, Max:  0.0, Diff:  0.0, Sum:  0.0, Workers: 4
[2511.330s][debug][gc,phases      ] GC(148)     Dead                           Min: 0, Avg:  0.0, Max: 0, Diff: 0, Sum: 0, Workers: 4
[2511.330s][debug][gc,phases      ] GC(148)     Total                          Min: 0, Avg:  0.0, Max: 0, Diff: 0, Sum: 0, Workers: 4
[2511.330s][debug][gc,phases      ] GC(148)   StringDedup Requests1 Weak     Min:  0.0, Avg:  0.0, Max:  0.0, Diff:  0.0, Sum:  0.0, Workers: 4
[2511.330s][debug][gc,phases      ] GC(148)     Dead                           Min: 0, Avg:  0.0, Max: 0, Diff: 0, Sum: 0, Workers: 4
[2511.330s][debug][gc,phases      ] GC(148)     Total                          Min: 0, Avg:  0.0, Max: 0, Diff: 0, Sum: 0, Workers: 4
[2511.330s][debug][gc,phases      ] GC(148)   Weak JFR Old Object Samples    Min:  0.0, Avg:  0.0, Max:  0.0, Diff:  0.0, Sum:  0.0, Workers: 4
[2511.330s][debug][gc,phases      ] GC(148)     Dead                           Min: 0, Avg:  0.0, Max: 0, Diff: 0, Sum: 0, Workers: 4
[2511.330s][debug][gc,phases      ] GC(148)     Total                          Min: 0, Avg:  0.0, Max: 0, Diff: 0, Sum: 0, Workers: 4
[2511.330s][debug][gc,phases      ] GC(148) Weak Processing 0.383ms
[2511.330s][debug][gc,age         ] GC(148) Desired survivor size 2621440 bytes, new threshold 15 (max threshold 15)
[2511.330s][info ][gc,heap        ] GC(148) PSYoungGen: 2093742K(2094592K)->1696K(2094592K) Eden: 2091918K(2092032K)->0K(2092032K) From: 1824K(2560K)->1696K(2560K)
[2511.330s][info ][gc,heap        ] GC(148) ParOldGen: 336238K(387072K)->336262K(387072K)
[2511.330s][info ][gc,metaspace   ] GC(148) Metaspace: 79488K(80384K)->79488K(80384K) NonClass: 68122K(68608K)->68122K(68608K) Class: 11365K(11776K)->11365K(11776K)
[2511.330s][info ][gc             ] GC(148) Pause Young (Allocation Failure) 2373M->330M(2423M) 6.641ms
[2511.330s][info ][gc,cpu         ] GC(148) User=0.01s Sys=0.00s Real=0.01s
[2511.331s][info ][safepoint      ] Safepoint "ParallelGCFailedAllocation", Time since last: 20699388069 ns, Reaching safepoint: 26200 ns, At safepoint: 6709113 ns, Total: 6735313 ns
[2531.824s][info ][gc,start       ] GC(149) Pause Young (Allocation Failure)
[2531.834s][debug][gc,phases      ] GC(149) Scavenge 9.648ms
[2531.834s][debug][gc,ref         ] GC(149) Skipped phase 1 of Reference Processing: no references
[2531.834s][debug][gc,ref         ] GC(149) Skipped phase 2 of Reference Processing: no references
[2531.834s][debug][gc,ref         ] GC(149) Skipped phase 3 of Reference Processing: no references
[2531.834s][debug][gc,ref         ] GC(149) Skipped phase 4 of Reference Processing: no references
[2531.834s][debug][gc,phases      ] GC(149) Reference Processing 0.023ms
[2531.834s][debug][gc,phases      ] GC(149)   VM Weak                        Min:  0.0, Avg:  0.0, Max:  0.0, Diff:  0.0, Sum:  0.0, Workers: 4
[2531.834s][debug][gc,phases      ] GC(149)     Dead                           Min: 0, Avg:  0.0, Max: 0, Diff: 0, Sum: 0, Workers: 4
[2531.834s][debug][gc,phases      ] GC(149)     Total                          Min: 0, Avg: 181.2, Max: 533, Diff: 533, Sum: 725, Workers: 4
[2531.834s][debug][gc,phases      ] GC(149)   ObjectSynchronizer Weak        Min:  0.0, Avg:  0.0, Max:  0.0, Diff:  0.0, Sum:  0.0, Workers: 4
[2531.834s][debug][gc,phases      ] GC(149)     Dead                           Min: 0, Avg:  0.0, Max: 0, Diff: 0, Sum: 0, Workers: 4
[2531.834s][debug][gc,phases      ] GC(149)     Total                          Min: 0, Avg: 12.0, Max: 48, Diff: 48, Sum: 48, Workers: 4
[2531.834s][debug][gc,phases      ] GC(149)   JVMTI Tag Weak OopStorage      Min:  0.0, Avg:  0.0, Max:  0.0, Diff:  0.0, Sum:  0.0, Workers: 4
[2531.834s][debug][gc,phases      ] GC(149)     Dead                           Min: 0, Avg:  0.0, Max: 0, Diff: 0, Sum: 0, Workers: 4
[2531.834s][debug][gc,phases      ] GC(149)     Total                          Min: 0, Avg:  0.0, Max: 0, Diff: 0, Sum: 0, Workers: 4
[2531.834s][debug][gc,phases      ] GC(149)   StringTable Weak               Min:  0.0, Avg:  0.1, Max:  0.2, Diff:  0.2, Sum:  0.4, Workers: 4
[2531.834s][debug][gc,phases      ] GC(149)     Dead                           Min: 0, Avg:  0.0, Max: 0, Diff: 0, Sum: 0, Workers: 4
[2531.834s][debug][gc,phases      ] GC(149)     Total                          Min: 0, Avg: 10835.0, Max: 22092, Diff: 22092, Sum: 43340, Workers: 4
[2531.834s][debug][gc,phases      ] GC(149)   ResolvedMethodTable Weak       Min:  0.0, Avg:  0.0, Max:  0.0, Diff:  0.0, Sum:  0.1, Workers: 4
[2531.834s][debug][gc,phases      ] GC(149)     Dead                           Min: 0, Avg:  0.0, Max: 0, Diff: 0, Sum: 0, Workers: 4
[2531.834s][debug][gc,phases      ] GC(149)     Total                          Min: 0, Avg: 2185.5, Max: 4454, Diff: 4454, Sum: 8742, Workers: 4
[2531.834s][debug][gc,phases      ] GC(149)   JNI Weak                       Min:  0.0, Avg:  0.0, Max:  0.0, Diff:  0.0, Sum:  0.0, Workers: 4
[2531.834s][debug][gc,phases      ] GC(149)     Dead                           Min: 0, Avg:  0.0, Max: 0, Diff: 0, Sum: 0, Workers: 4
[2531.834s][debug][gc,phases      ] GC(149)     Total                          Min: 0, Avg: 11.2, Max: 45, Diff: 45, Sum: 45, Workers: 4
[2531.834s][debug][gc,phases      ] GC(149)   StringDedup Table Weak         Min:  0.0, Avg:  0.0, Max:  0.0, Diff:  0.0, Sum:  0.0, Workers: 4
[2531.834s][debug][gc,phases      ] GC(149)     Dead                           Min: 0, Avg:  0.0, Max: 0, Diff: 0, Sum: 0, Workers: 4
[2531.834s][debug][gc,phases      ] GC(149)     Total                          Min: 0, Avg:  0.0, Max: 0, Diff: 0, Sum: 0, Workers: 4
[2531.834s][debug][gc,phases      ] GC(149)   StringDedup Requests0 Weak     Min:  0.0, Avg:  0.0, Max:  0.0, Diff:  0.0, Sum:  0.0, Workers: 4
[2531.834s][debug][gc,phases      ] GC(149)     Dead                           Min: 0, Avg:  0.0, Max: 0, Diff: 0, Sum: 0, Workers: 4
[2531.834s][debug][gc,phases      ] GC(149)     Total                          Min: 0, Avg:  0.0, Max: 0, Diff: 0, Sum: 0, Workers: 4
[2531.835s][debug][gc,phases      ] GC(149)   StringDedup Requests1 Weak     Min:  0.0, Avg:  0.0, Max:  0.0, Diff:  0.0, Sum:  0.0, Workers: 4
[2531.835s][debug][gc,phases      ] GC(149)     Dead                           Min: 0, Avg:  0.0, Max: 0, Diff: 0, Sum: 0, Workers: 4
[2531.835s][debug][gc,phases      ] GC(149)     Total                          Min: 0, Avg:  0.0, Max: 0, Diff: 0, Sum: 0, Workers: 4
[2531.835s][debug][gc,phases      ] GC(149)   Weak JFR Old Object Samples    Min:  0.0, Avg:  0.0, Max:  0.0, Diff:  0.0, Sum:  0.0, Workers: 4
[2531.835s][debug][gc,phases      ] GC(149)     Dead                           Min: 0, Avg:  0.0, Max: 0, Diff: 0, Sum: 0, Workers: 4
[2531.835s][debug][gc,phases      ] GC(149)     Total                          Min: 0, Avg:  0.0, Max: 0, Diff: 0, Sum: 0, Workers: 4
[2531.835s][debug][gc,phases      ] GC(149) Weak Processing 0.409ms
[2531.835s][debug][gc,age         ] GC(149) Desired survivor size 2621440 bytes, new threshold 15 (max threshold 15)
[2531.835s][info ][gc,heap        ] GC(149) PSYoungGen: 2093728K(2094592K)->1728K(2094592K) Eden: 2092032K(2092032K)->0K(2092032K) From: 1696K(2560K)->1728K(2560K)
[2531.835s][info ][gc,heap        ] GC(149) ParOldGen: 336262K(387072K)->336318K(387072K)
[2531.835s][info ][gc,metaspace   ] GC(149) Metaspace: 79490K(80384K)->79490K(80384K) NonClass: 68125K(68608K)->68125K(68608K) Class: 11365K(11776K)->11365K(11776K)
[2531.835s][info ][gc             ] GC(149) Pause Young (Allocation Failure) 2373M->330M(2423M) 10.190ms
[2531.835s][info ][gc,cpu         ] GC(149) User=0.01s Sys=0.00s Real=0.01s
[2531.835s][info ][safepoint      ] Safepoint "ParallelGCFailedAllocation", Time since last: 20493704090 ns, Reaching safepoint: 111300 ns, At safepoint: 10257419 ns, Total: 10368719 ns
[2552.822s][info ][gc,start       ] GC(150) Pause Young (Allocation Failure)
[2552.824s][debug][gc,phases      ] GC(150) Scavenge 2.352ms
[2552.824s][debug][gc,ref         ] GC(150) Skipped phase 1 of Reference Processing: no references
[2552.824s][debug][gc,ref         ] GC(150) Skipped phase 2 of Reference Processing: no references
[2552.824s][debug][gc,ref         ] GC(150) Skipped phase 3 of Reference Processing: no references
[2552.824s][debug][gc,ref         ] GC(150) Skipped phase 4 of Reference Processing: no references
[2552.824s][debug][gc,phases      ] GC(150) Reference Processing 0.027ms
[2552.824s][debug][gc,phases      ] GC(150)   VM Weak                        Min:  0.0, Avg:  0.0, Max:  0.0, Diff:  0.0, Sum:  0.0, Workers: 4
[2552.824s][debug][gc,phases      ] GC(150)     Dead                           Min: 0, Avg:  0.0, Max: 0, Diff: 0, Sum: 0, Workers: 4
[2552.824s][debug][gc,phases      ] GC(150)     Total                          Min: 0, Avg: 181.2, Max: 661, Diff: 661, Sum: 725, Workers: 4
[2552.824s][debug][gc,phases      ] GC(150)   ObjectSynchronizer Weak        Min:  0.0, Avg:  0.0, Max:  0.0, Diff:  0.0, Sum:  0.0, Workers: 4
[2552.824s][debug][gc,phases      ] GC(150)     Dead                           Min: 0, Avg:  0.0, Max: 0, Diff: 0, Sum: 0, Workers: 4
[2552.824s][debug][gc,phases      ] GC(150)     Total                          Min: 0, Avg: 12.0, Max: 48, Diff: 48, Sum: 48, Workers: 4
[2552.824s][debug][gc,phases      ] GC(150)   JVMTI Tag Weak OopStorage      Min:  0.0, Avg:  0.0, Max:  0.0, Diff:  0.0, Sum:  0.0, Workers: 4
[2552.824s][debug][gc,phases      ] GC(150)     Dead                           Min: 0, Avg:  0.0, Max: 0, Diff: 0, Sum: 0, Workers: 4
[2552.824s][debug][gc,phases      ] GC(150)     Total                          Min: 0, Avg:  0.0, Max: 0, Diff: 0, Sum: 0, Workers: 4
[2552.824s][debug][gc,phases      ] GC(150)   StringTable Weak               Min:  0.1, Avg:  0.1, Max:  0.1, Diff:  0.0, Sum:  0.4, Workers: 4
[2552.824s][debug][gc,phases      ] GC(150)     Dead                           Min: 0, Avg:  0.0, Max: 0, Diff: 0, Sum: 0, Workers: 4
[2552.824s][debug][gc,phases      ] GC(150)     Total                          Min: 9984, Avg: 10835.0, Max: 12096, Diff: 2112, Sum: 43340, Workers: 4
[2552.824s][debug][gc,phases      ] GC(150)   ResolvedMethodTable Weak       Min:  0.0, Avg:  0.0, Max:  0.0, Diff:  0.0, Sum:  0.1, Workers: 4
[2552.824s][debug][gc,phases      ] GC(150)     Dead                           Min: 0, Avg:  0.0, Max: 0, Diff: 0, Sum: 0, Workers: 4
[2552.824s][debug][gc,phases      ] GC(150)     Total                          Min: 2048, Avg: 2185.5, Max: 2406, Diff: 358, Sum: 8742, Workers: 4
[2552.824s][debug][gc,phases      ] GC(150)   JNI Weak                       Min:  0.0, Avg:  0.0, Max:  0.0, Diff:  0.0, Sum:  0.0, Workers: 4
[2552.824s][debug][gc,phases      ] GC(150)     Dead                           Min: 0, Avg:  0.0, Max: 0, Diff: 0, Sum: 0, Workers: 4
[2552.824s][debug][gc,phases      ] GC(150)     Total                          Min: 0, Avg: 11.2, Max: 45, Diff: 45, Sum: 45, Workers: 4
[2552.824s][debug][gc,phases      ] GC(150)   StringDedup Table Weak         Min:  0.0, Avg:  0.0, Max:  0.0, Diff:  0.0, Sum:  0.0, Workers: 4
[2552.824s][debug][gc,phases      ] GC(150)     Dead                           Min: 0, Avg:  0.0, Max: 0, Diff: 0, Sum: 0, Workers: 4
[2552.824s][debug][gc,phases      ] GC(150)     Total                          Min: 0, Avg:  0.0, Max: 0, Diff: 0, Sum: 0, Workers: 4
[2552.824s][debug][gc,phases      ] GC(150)   StringDedup Requests0 Weak     Min:  0.0, Avg:  0.0, Max:  0.0, Diff:  0.0, Sum:  0.0, Workers: 4
[2552.824s][debug][gc,phases      ] GC(150)     Dead                           Min: 0, Avg:  0.0, Max: 0, Diff: 0, Sum: 0, Workers: 4
[2552.824s][debug][gc,phases      ] GC(150)     Total                          Min: 0, Avg:  0.0, Max: 0, Diff: 0, Sum: 0, Workers: 4
[2552.824s][debug][gc,phases      ] GC(150)   StringDedup Requests1 Weak     Min:  0.0, Avg:  0.0, Max:  0.0, Diff:  0.0, Sum:  0.0, Workers: 4
[2552.824s][debug][gc,phases      ] GC(150)     Dead                           Min: 0, Avg:  0.0, Max: 0, Diff: 0, Sum: 0, Workers: 4
[2552.824s][debug][gc,phases      ] GC(150)     Total                          Min: 0, Avg:  0.0, Max: 0, Diff: 0, Sum: 0, Workers: 4
[2552.824s][debug][gc,phases      ] GC(150)   Weak JFR Old Object Samples    Min:  0.0, Avg:  0.0, Max:  0.0, Diff:  0.0, Sum:  0.0, Workers: 4
[2552.824s][debug][gc,phases      ] GC(150)     Dead                           Min: 0, Avg:  0.0, Max: 0, Diff: 0, Sum: 0, Workers: 4
[2552.824s][debug][gc,phases      ] GC(150)     Total                          Min: 0, Avg:  0.0, Max: 0, Diff: 0, Sum: 0, Workers: 4
[2552.824s][debug][gc,phases      ] GC(150) Weak Processing 0.296ms
[2552.824s][debug][gc,age         ] GC(150) Desired survivor size 2621440 bytes, new threshold 15 (max threshold 15)
[2552.824s][info ][gc,heap        ] GC(150) PSYoungGen: 2093760K(2094592K)->1664K(2094592K) Eden: 2092032K(2092032K)->0K(2092032K) From: 1728K(2560K)->1664K(2560K)
[2552.824s][info ][gc,heap        ] GC(150) ParOldGen: 336318K(387072K)->336350K(387072K)
[2552.824s][info ][gc,metaspace   ] GC(150) Metaspace: 79490K(80384K)->79490K(80384K) NonClass: 68125K(68608K)->68125K(68608K) Class: 11365K(11776K)->11365K(11776K)
[2552.824s][info ][gc             ] GC(150) Pause Young (Allocation Failure) 2373M->330M(2423M) 2.755ms
[2552.824s][info ][gc,cpu         ] GC(150) User=0.01s Sys=0.00s Real=0.00s
[2552.825s][info ][safepoint      ] Safepoint "ParallelGCFailedAllocation", Time since last: 20986990134 ns, Reaching safepoint: 93601 ns, At safepoint: 2835305 ns, Total: 2928906 ns
[2565.825s][info ][safepoint      ] Safepoint "Cleanup", Time since last: 13000811154 ns, Reaching safepoint: 46400 ns, At safepoint: 4200 ns, Total: 50600 ns
[2573.601s][info ][gc,start       ] GC(151) Pause Young (Allocation Failure)
[2573.604s][debug][gc,phases      ] GC(151) Scavenge 2.601ms
[2573.604s][debug][gc,ref         ] GC(151) Skipped phase 1 of Reference Processing: no references
[2573.604s][debug][gc,ref         ] GC(151) Skipped phase 2 of Reference Processing: no references
[2573.604s][debug][gc,ref         ] GC(151) Skipped phase 3 of Reference Processing: no references
[2573.604s][debug][gc,ref         ] GC(151) Skipped phase 4 of Reference Processing: no references
[2573.604s][debug][gc,phases      ] GC(151) Reference Processing 0.027ms
[2573.604s][debug][gc,phases      ] GC(151)   VM Weak                        Min:  0.0, Avg:  0.0, Max:  0.0, Diff:  0.0, Sum:  0.0, Workers: 4
[2573.604s][debug][gc,phases      ] GC(151)     Dead                           Min: 0, Avg:  0.0, Max: 0, Diff: 0, Sum: 0, Workers: 4
[2573.604s][debug][gc,phases      ] GC(151)     Total                          Min: 0, Avg: 181.2, Max: 725, Diff: 725, Sum: 725, Workers: 4
[2573.604s][debug][gc,phases      ] GC(151)   ObjectSynchronizer Weak        Min:  0.0, Avg:  0.0, Max:  0.0, Diff:  0.0, Sum:  0.0, Workers: 4
[2573.604s][debug][gc,phases      ] GC(151)     Dead                           Min: 0, Avg:  0.0, Max: 0, Diff: 0, Sum: 0, Workers: 4
[2573.604s][debug][gc,phases      ] GC(151)     Total                          Min: 0, Avg: 12.0, Max: 48, Diff: 48, Sum: 48, Workers: 4
[2573.604s][debug][gc,phases      ] GC(151)   JVMTI Tag Weak OopStorage      Min:  0.0, Avg:  0.0, Max:  0.0, Diff:  0.0, Sum:  0.0, Workers: 4
[2573.604s][debug][gc,phases      ] GC(151)     Dead                           Min: 0, Avg:  0.0, Max: 0, Diff: 0, Sum: 0, Workers: 4
[2573.604s][debug][gc,phases      ] GC(151)     Total                          Min: 0, Avg:  0.0, Max: 0, Diff: 0, Sum: 0, Workers: 4
[2573.604s][debug][gc,phases      ] GC(151)   StringTable Weak               Min:  0.0, Avg:  0.1, Max:  0.1, Diff:  0.1, Sum:  0.4, Workers: 4
[2573.604s][debug][gc,phases      ] GC(151)     Dead                           Min: 0, Avg:  0.0, Max: 0, Diff: 0, Sum: 0, Workers: 4
[2573.604s][debug][gc,phases      ] GC(151)     Total                          Min: 0, Avg: 10835.0, Max: 17984, Diff: 17984, Sum: 43340, Workers: 4
[2573.604s][debug][gc,phases      ] GC(151)   ResolvedMethodTable Weak       Min:  0.0, Avg:  0.0, Max:  0.0, Diff:  0.0, Sum:  0.1, Workers: 4
[2573.604s][debug][gc,phases      ] GC(151)     Dead                           Min: 0, Avg:  0.0, Max: 0, Diff: 0, Sum: 0, Workers: 4
[2573.604s][debug][gc,phases      ] GC(151)     Total                          Min: 0, Avg: 2185.5, Max: 3558, Diff: 3558, Sum: 8742, Workers: 4
[2573.604s][debug][gc,phases      ] GC(151)   JNI Weak                       Min:  0.0, Avg:  0.0, Max:  0.0, Diff:  0.0, Sum:  0.0, Workers: 4
[2573.604s][debug][gc,phases      ] GC(151)     Dead                           Min: 0, Avg:  0.0, Max: 0, Diff: 0, Sum: 0, Workers: 4
[2573.604s][debug][gc,phases      ] GC(151)     Total                          Min: 0, Avg: 11.2, Max: 45, Diff: 45, Sum: 45, Workers: 4
[2573.604s][debug][gc,phases      ] GC(151)   StringDedup Table Weak         Min:  0.0, Avg:  0.0, Max:  0.0, Diff:  0.0, Sum:  0.0, Workers: 4
[2573.604s][debug][gc,phases      ] GC(151)     Dead                           Min: 0, Avg:  0.0, Max: 0, Diff: 0, Sum: 0, Workers: 4
[2573.604s][debug][gc,phases      ] GC(151)     Total                          Min: 0, Avg:  0.0, Max: 0, Diff: 0, Sum: 0, Workers: 4
[2573.604s][debug][gc,phases      ] GC(151)   StringDedup Requests0 Weak     Min:  0.0, Avg:  0.0, Max:  0.0, Diff:  0.0, Sum:  0.0, Workers: 4
[2573.604s][debug][gc,phases      ] GC(151)     Dead                           Min: 0, Avg:  0.0, Max: 0, Diff: 0, Sum: 0, Workers: 4
[2573.604s][debug][gc,phases      ] GC(151)     Total                          Min: 0, Avg:  0.0, Max: 0, Diff: 0, Sum: 0, Workers: 4
[2573.604s][debug][gc,phases      ] GC(151)   StringDedup Requests1 Weak     Min:  0.0, Avg:  0.0, Max:  0.0, Diff:  0.0, Sum:  0.0, Workers: 4
[2573.604s][debug][gc,phases      ] GC(151)     Dead                           Min: 0, Avg:  0.0, Max: 0, Diff: 0, Sum: 0, Workers: 4
[2573.604s][debug][gc,phases      ] GC(151)     Total                          Min: 0, Avg:  0.0, Max: 0, Diff: 0, Sum: 0, Workers: 4
[2573.604s][debug][gc,phases      ] GC(151)   Weak JFR Old Object Samples    Min:  0.0, Avg:  0.0, Max:  0.0, Diff:  0.0, Sum:  0.0, Workers: 4
[2573.604s][debug][gc,phases      ] GC(151)     Dead                           Min: 0, Avg:  0.0, Max: 0, Diff: 0, Sum: 0, Workers: 4
[2573.604s][debug][gc,phases      ] GC(151)     Total                          Min: 0, Avg:  0.0, Max: 0, Diff: 0, Sum: 0, Workers: 4
[2573.604s][debug][gc,phases      ] GC(151) Weak Processing 0.346ms
[2573.604s][debug][gc,age         ] GC(151) Desired survivor size 2621440 bytes, new threshold 15 (max threshold 15)
[2573.604s][info ][gc,heap        ] GC(151) PSYoungGen: 2093685K(2094592K)->1632K(2094592K) Eden: 2092021K(2092032K)->0K(2092032K) From: 1664K(2560K)->1632K(2560K)
[2573.604s][info ][gc,heap        ] GC(151) ParOldGen: 336350K(387072K)->336450K(387072K)
[2573.604s][info ][gc,metaspace   ] GC(151) Metaspace: 79490K(80384K)->79490K(80384K) NonClass: 68125K(68608K)->68125K(68608K) Class: 11365K(11776K)->11365K(11776K)
[2573.604s][info ][gc             ] GC(151) Pause Young (Allocation Failure) 2373M->330M(2423M) 3.080ms
[2573.604s][info ][gc,cpu         ] GC(151) User=0.01s Sys=0.00s Real=0.00s
[2573.604s][info ][safepoint      ] Safepoint "ParallelGCFailedAllocation", Time since last: 7775878820 ns, Reaching safepoint: 94901 ns, At safepoint: 3144805 ns, Total: 3239706 ns
[2578.605s][info ][safepoint      ] Safepoint "Cleanup", Time since last: 5000313683 ns, Reaching safepoint: 43000 ns, At safepoint: 3800 ns, Total: 46800 ns
[2594.324s][info ][gc,start       ] GC(152) Pause Young (Allocation Failure)
[2594.327s][debug][gc,phases      ] GC(152) Scavenge 2.848ms
[2594.327s][debug][gc,ref         ] GC(152) Skipped phase 1 of Reference Processing: no references
[2594.327s][debug][gc,ref         ] GC(152) ReferenceProcessor::execute queues: 1, RefProcThreadModel::Single, marks_oops_alive: false
[2594.327s][debug][gc,ref         ] GC(152) Skipped phase 3 of Reference Processing: no references
[2594.327s][debug][gc,ref         ] GC(152) ReferenceProcessor::execute queues: 1, RefProcThreadModel::Single, marks_oops_alive: false
[2594.327s][debug][gc,phases      ] GC(152) Reference Processing 0.087ms
[2594.327s][debug][gc,phases      ] GC(152)   VM Weak                        Min:  0.0, Avg:  0.0, Max:  0.0, Diff:  0.0, Sum:  0.0, Workers: 4
[2594.327s][debug][gc,phases      ] GC(152)     Dead                           Min: 0, Avg:  0.0, Max: 0, Diff: 0, Sum: 0, Workers: 4
[2594.327s][debug][gc,phases      ] GC(152)     Total                          Min: 0, Avg: 181.2, Max: 576, Diff: 576, Sum: 725, Workers: 4
[2594.327s][debug][gc,phases      ] GC(152)   ObjectSynchronizer Weak        Min:  0.0, Avg:  0.0, Max:  0.0, Diff:  0.0, Sum:  0.0, Workers: 4
[2594.327s][debug][gc,phases      ] GC(152)     Dead                           Min: 0, Avg:  0.0, Max: 0, Diff: 0, Sum: 0, Workers: 4
[2594.327s][debug][gc,phases      ] GC(152)     Total                          Min: 0, Avg: 12.0, Max: 48, Diff: 48, Sum: 48, Workers: 4
[2594.327s][debug][gc,phases      ] GC(152)   JVMTI Tag Weak OopStorage      Min:  0.0, Avg:  0.0, Max:  0.0, Diff:  0.0, Sum:  0.0, Workers: 4
[2594.327s][debug][gc,phases      ] GC(152)     Dead                           Min: 0, Avg:  0.0, Max: 0, Diff: 0, Sum: 0, Workers: 4
[2594.327s][debug][gc,phases      ] GC(152)     Total                          Min: 0, Avg:  0.0, Max: 0, Diff: 0, Sum: 0, Workers: 4
[2594.327s][debug][gc,phases      ] GC(152)   StringTable Weak               Min:  0.0, Avg:  0.1, Max:  0.1, Diff:  0.1, Sum:  0.3, Workers: 4
[2594.327s][debug][gc,phases      ] GC(152)     Dead                           Min: 0, Avg:  0.2, Max: 1, Diff: 1, Sum: 1, Workers: 4
[2594.327s][debug][gc,phases      ] GC(152)     Total                          Min: 0, Avg: 10836.0, Max: 18496, Diff: 18496, Sum: 43344, Workers: 4
[2594.327s][debug][gc,phases      ] GC(152)   ResolvedMethodTable Weak       Min:  0.0, Avg:  0.0, Max:  0.0, Diff:  0.0, Sum:  0.1, Workers: 4
[2594.327s][debug][gc,phases      ] GC(152)     Dead                           Min: 0, Avg:  0.0, Max: 0, Diff: 0, Sum: 0, Workers: 4
[2594.327s][debug][gc,phases      ] GC(152)     Total                          Min: 0, Avg: 2186.2, Max: 3712, Diff: 3712, Sum: 8745, Workers: 4
[2594.327s][debug][gc,phases      ] GC(152)   JNI Weak                       Min:  0.0, Avg:  0.0, Max:  0.0, Diff:  0.0, Sum:  0.0, Workers: 4
[2594.327s][debug][gc,phases      ] GC(152)     Dead                           Min: 0, Avg:  0.0, Max: 0, Diff: 0, Sum: 0, Workers: 4
[2594.327s][debug][gc,phases      ] GC(152)     Total                          Min: 0, Avg: 11.2, Max: 45, Diff: 45, Sum: 45, Workers: 4
[2594.327s][debug][gc,phases      ] GC(152)   StringDedup Table Weak         Min:  0.0, Avg:  0.0, Max:  0.0, Diff:  0.0, Sum:  0.0, Workers: 4
[2594.327s][debug][gc,phases      ] GC(152)     Dead                           Min: 0, Avg:  0.0, Max: 0, Diff: 0, Sum: 0, Workers: 4
[2594.327s][debug][gc,phases      ] GC(152)     Total                          Min: 0, Avg:  0.0, Max: 0, Diff: 0, Sum: 0, Workers: 4
[2594.327s][debug][gc,phases      ] GC(152)   StringDedup Requests0 Weak     Min:  0.0, Avg:  0.0, Max:  0.0, Diff:  0.0, Sum:  0.0, Workers: 4
[2594.327s][debug][gc,phases      ] GC(152)     Dead                           Min: 0, Avg:  0.0, Max: 0, Diff: 0, Sum: 0, Workers: 4
[2594.327s][debug][gc,phases      ] GC(152)     Total                          Min: 0, Avg:  0.0, Max: 0, Diff: 0, Sum: 0, Workers: 4
[2594.327s][debug][gc,phases      ] GC(152)   StringDedup Requests1 Weak     Min:  0.0, Avg:  0.0, Max:  0.0, Diff:  0.0, Sum:  0.0, Workers: 4
[2594.327s][debug][gc,phases      ] GC(152)     Dead                           Min: 0, Avg:  0.0, Max: 0, Diff: 0, Sum: 0, Workers: 4
[2594.327s][debug][gc,phases      ] GC(152)     Total                          Min: 0, Avg:  0.0, Max: 0, Diff: 0, Sum: 0, Workers: 4
[2594.327s][debug][gc,phases      ] GC(152)   Weak JFR Old Object Samples    Min:  0.0, Avg:  0.0, Max:  0.0, Diff:  0.0, Sum:  0.0, Workers: 4
[2594.327s][debug][gc,phases      ] GC(152)     Dead                           Min: 0, Avg:  0.0, Max: 0, Diff: 0, Sum: 0, Workers: 4
[2594.327s][debug][gc,phases      ] GC(152)     Total                          Min: 0, Avg:  0.0, Max: 0, Diff: 0, Sum: 0, Workers: 4
[2594.327s][debug][gc,phases      ] GC(152) Weak Processing 0.318ms
[2594.327s][debug][gc,age         ] GC(152) Desired survivor size 2621440 bytes, new threshold 15 (max threshold 15)
[2594.327s][info ][gc,heap        ] GC(152) PSYoungGen: 2093664K(2094592K)->1536K(2094592K) Eden: 2092032K(2092032K)->0K(2092032K) From: 1632K(2560K)->1536K(2560K)
[2594.327s][info ][gc,heap        ] GC(152) ParOldGen: 336450K(387072K)->336482K(387072K)
[2594.327s][info ][gc,metaspace   ] GC(152) Metaspace: 79519K(80448K)->79519K(80448K) NonClass: 68150K(68672K)->68150K(68672K) Class: 11369K(11776K)->11369K(11776K)
[2594.327s][info ][gc             ] GC(152) Pause Young (Allocation Failure) 2373M->330M(2423M) 3.356ms
[2594.327s][info ][gc,cpu         ] GC(152) User=0.01s Sys=0.00s Real=0.01s
[2594.327s][info ][safepoint      ] Safepoint "ParallelGCFailedAllocation", Time since last: 15719099636 ns, Reaching safepoint: 93301 ns, At safepoint: 3420406 ns, Total: 3513707 ns
[2615.267s][info ][gc,start       ] GC(153) Pause Young (Allocation Failure)
[2615.271s][debug][gc,phases      ] GC(153) Scavenge 4.541ms
[2615.271s][debug][gc,ref         ] GC(153) Skipped phase 1 of Reference Processing: no references
[2615.271s][debug][gc,ref         ] GC(153) ReferenceProcessor::execute queues: 1, RefProcThreadModel::Single, marks_oops_alive: false
[2615.271s][debug][gc,ref         ] GC(153) Skipped phase 3 of Reference Processing: no references
[2615.271s][debug][gc,ref         ] GC(153) Skipped phase 4 of Reference Processing: no references
[2615.271s][debug][gc,phases      ] GC(153) Reference Processing 0.101ms
[2615.272s][debug][gc,phases      ] GC(153)   VM Weak                        Min:  0.0, Avg:  0.0, Max:  0.0, Diff:  0.0, Sum:  0.0, Workers: 4
[2615.272s][debug][gc,phases      ] GC(153)     Dead                           Min: 0, Avg:  0.0, Max: 0, Diff: 0, Sum: 0, Workers: 4
[2615.272s][debug][gc,phases      ] GC(153)     Total                          Min: 0, Avg: 181.2, Max: 512, Diff: 512, Sum: 725, Workers: 4
[2615.272s][debug][gc,phases      ] GC(153)   ObjectSynchronizer Weak        Min:  0.0, Avg:  0.0, Max:  0.0, Diff:  0.0, Sum:  0.0, Workers: 4
[2615.272s][debug][gc,phases      ] GC(153)     Dead                           Min: 0, Avg:  0.0, Max: 0, Diff: 0, Sum: 0, Workers: 4
[2615.272s][debug][gc,phases      ] GC(153)     Total                          Min: 0, Avg: 12.0, Max: 48, Diff: 48, Sum: 48, Workers: 4
[2615.272s][debug][gc,phases      ] GC(153)   JVMTI Tag Weak OopStorage      Min:  0.0, Avg:  0.0, Max:  0.0, Diff:  0.0, Sum:  0.0, Workers: 4
[2615.272s][debug][gc,phases      ] GC(153)     Dead                           Min: 0, Avg:  0.0, Max: 0, Diff: 0, Sum: 0, Workers: 4
[2615.272s][debug][gc,phases      ] GC(153)     Total                          Min: 0, Avg:  0.0, Max: 0, Diff: 0, Sum: 0, Workers: 4
[2615.272s][debug][gc,phases      ] GC(153)   StringTable Weak               Min:  0.1, Avg:  0.1, Max:  0.1, Diff:  0.0, Sum:  0.4, Workers: 4
[2615.272s][debug][gc,phases      ] GC(153)     Dead                           Min: 0, Avg:  0.0, Max: 0, Diff: 0, Sum: 0, Workers: 4
[2615.272s][debug][gc,phases      ] GC(153)     Total                          Min: 10240, Avg: 10836.0, Max: 11409, Diff: 1169, Sum: 43344, Workers: 4
[2615.272s][debug][gc,phases      ] GC(153)   ResolvedMethodTable Weak       Min:  0.0, Avg:  0.0, Max:  0.0, Diff:  0.0, Sum:  0.1, Workers: 4
[2615.272s][debug][gc,phases      ] GC(153)     Dead                           Min: 0, Avg:  0.0, Max: 0, Diff: 0, Sum: 0, Workers: 4
[2615.272s][debug][gc,phases      ] GC(153)     Total                          Min: 1856, Avg: 2186.2, Max: 2368, Diff: 512, Sum: 8745, Workers: 4
[2615.272s][debug][gc,phases      ] GC(153)   JNI Weak                       Min:  0.0, Avg:  0.0, Max:  0.0, Diff:  0.0, Sum:  0.0, Workers: 4
[2615.272s][debug][gc,phases      ] GC(153)     Dead                           Min: 0, Avg:  0.0, Max: 0, Diff: 0, Sum: 0, Workers: 4
[2615.272s][debug][gc,phases      ] GC(153)     Total                          Min: 0, Avg: 11.2, Max: 45, Diff: 45, Sum: 45, Workers: 4
[2615.272s][debug][gc,phases      ] GC(153)   StringDedup Table Weak         Min:  0.0, Avg:  0.0, Max:  0.0, Diff:  0.0, Sum:  0.0, Workers: 4
[2615.272s][debug][gc,phases      ] GC(153)     Dead                           Min: 0, Avg:  0.0, Max: 0, Diff: 0, Sum: 0, Workers: 4
[2615.272s][debug][gc,phases      ] GC(153)     Total                          Min: 0, Avg:  0.0, Max: 0, Diff: 0, Sum: 0, Workers: 4
[2615.272s][debug][gc,phases      ] GC(153)   StringDedup Requests0 Weak     Min:  0.0, Avg:  0.0, Max:  0.0, Diff:  0.0, Sum:  0.0, Workers: 4
[2615.272s][debug][gc,phases      ] GC(153)     Dead                           Min: 0, Avg:  0.0, Max: 0, Diff: 0, Sum: 0, Workers: 4
[2615.272s][debug][gc,phases      ] GC(153)     Total                          Min: 0, Avg:  0.0, Max: 0, Diff: 0, Sum: 0, Workers: 4
[2615.272s][debug][gc,phases      ] GC(153)   StringDedup Requests1 Weak     Min:  0.0, Avg:  0.0, Max:  0.0, Diff:  0.0, Sum:  0.0, Workers: 4
[2615.272s][debug][gc,phases      ] GC(153)     Dead                           Min: 0, Avg:  0.0, Max: 0, Diff: 0, Sum: 0, Workers: 4
[2615.272s][debug][gc,phases      ] GC(153)     Total                          Min: 0, Avg:  0.0, Max: 0, Diff: 0, Sum: 0, Workers: 4
[2615.272s][debug][gc,phases      ] GC(153)   Weak JFR Old Object Samples    Min:  0.0, Avg:  0.0, Max:  0.0, Diff:  0.0, Sum:  0.0, Workers: 4
[2615.272s][debug][gc,phases      ] GC(153)     Dead                           Min: 0, Avg:  0.0, Max: 0, Diff: 0, Sum: 0, Workers: 4
[2615.272s][debug][gc,phases      ] GC(153)     Total                          Min: 0, Avg:  0.0, Max: 0, Diff: 0, Sum: 0, Workers: 4
[2615.272s][debug][gc,phases      ] GC(153) Weak Processing 0.287ms
[2615.272s][debug][gc,age         ] GC(153) Desired survivor size 2621440 bytes, new threshold 15 (max threshold 15)
[2615.272s][info ][gc,heap        ] GC(153) PSYoungGen: 2093568K(2094592K)->1632K(2094592K) Eden: 2092032K(2092032K)->0K(2092032K) From: 1536K(2560K)->1632K(2560K)
[2615.272s][info ][gc,heap        ] GC(153) ParOldGen: 336482K(387072K)->336514K(387072K)
[2615.272s][info ][gc,metaspace   ] GC(153) Metaspace: 79519K(80448K)->79519K(80448K) NonClass: 68150K(68672K)->68150K(68672K) Class: 11369K(11776K)->11369K(11776K)
[2615.272s][info ][gc             ] GC(153) Pause Young (Allocation Failure) 2373M->330M(2423M) 5.052ms
[2615.272s][info ][gc,cpu         ] GC(153) User=0.02s Sys=0.00s Real=0.00s
[2615.272s][info ][safepoint      ] Safepoint "ParallelGCFailedAllocation", Time since last: 20939013680 ns, Reaching safepoint: 104000 ns, At safepoint: 5123009 ns, Total: 5227009 ns
[2619.272s][info ][safepoint      ] Safepoint "Cleanup", Time since last: 4000280918 ns, Reaching safepoint: 123000 ns, At safepoint: 7300 ns, Total: 130300 ns
[2636.252s][info ][gc,start       ] GC(154) Pause Young (Allocation Failure)
[2636.256s][debug][gc,phases      ] GC(154) Scavenge 4.075ms
[2636.256s][debug][gc,ref         ] GC(154) Skipped phase 1 of Reference Processing: no references
[2636.256s][debug][gc,ref         ] GC(154) ReferenceProcessor::execute queues: 1, RefProcThreadModel::Single, marks_oops_alive: false
[2636.256s][debug][gc,ref         ] GC(154) Skipped phase 3 of Reference Processing: no references
[2636.256s][debug][gc,ref         ] GC(154) ReferenceProcessor::execute queues: 1, RefProcThreadModel::Single, marks_oops_alive: false
[2636.256s][debug][gc,phases      ] GC(154) Reference Processing 0.112ms
[2636.256s][debug][gc,phases      ] GC(154)   VM Weak                        Min:  0.0, Avg:  0.0, Max:  0.0, Diff:  0.0, Sum:  0.0, Workers: 4
[2636.256s][debug][gc,phases      ] GC(154)     Dead                           Min: 0, Avg:  0.0, Max: 0, Diff: 0, Sum: 0, Workers: 4
[2636.256s][debug][gc,phases      ] GC(154)     Total                          Min: 0, Avg: 181.2, Max: 512, Diff: 512, Sum: 725, Workers: 4
[2636.256s][debug][gc,phases      ] GC(154)   ObjectSynchronizer Weak        Min:  0.0, Avg:  0.0, Max:  0.0, Diff:  0.0, Sum:  0.0, Workers: 4
[2636.256s][debug][gc,phases      ] GC(154)     Dead                           Min: 0, Avg:  0.0, Max: 0, Diff: 0, Sum: 0, Workers: 4
[2636.256s][debug][gc,phases      ] GC(154)     Total                          Min: 0, Avg: 12.0, Max: 48, Diff: 48, Sum: 48, Workers: 4
[2636.256s][debug][gc,phases      ] GC(154)   JVMTI Tag Weak OopStorage      Min:  0.0, Avg:  0.0, Max:  0.0, Diff:  0.0, Sum:  0.0, Workers: 4
[2636.256s][debug][gc,phases      ] GC(154)     Dead                           Min: 0, Avg:  0.0, Max: 0, Diff: 0, Sum: 0, Workers: 4
[2636.256s][debug][gc,phases      ] GC(154)     Total                          Min: 0, Avg:  0.0, Max: 0, Diff: 0, Sum: 0, Workers: 4
[2636.256s][debug][gc,phases      ] GC(154)   StringTable Weak               Min:  0.1, Avg:  0.1, Max:  0.1, Diff:  0.0, Sum:  0.4, Workers: 4
[2636.256s][debug][gc,phases      ] GC(154)     Dead                           Min: 0, Avg:  0.2, Max: 1, Diff: 1, Sum: 1, Workers: 4
[2636.256s][debug][gc,phases      ] GC(154)     Total                          Min: 9024, Avg: 10837.5, Max: 11990, Diff: 2966, Sum: 43350, Workers: 4
[2636.256s][debug][gc,phases      ] GC(154)   ResolvedMethodTable Weak       Min:  0.0, Avg:  0.0, Max:  0.0, Diff:  0.0, Sum:  0.1, Workers: 4
[2636.256s][debug][gc,phases      ] GC(154)     Dead                           Min: 0, Avg:  0.0, Max: 0, Diff: 0, Sum: 0, Workers: 4
[2636.256s][debug][gc,phases      ] GC(154)     Total                          Min: 2112, Avg: 2188.5, Max: 2304, Diff: 192, Sum: 8754, Workers: 4
[2636.256s][debug][gc,phases      ] GC(154)   JNI Weak                       Min:  0.0, Avg:  0.0, Max:  0.0, Diff:  0.0, Sum:  0.0, Workers: 4
[2636.256s][debug][gc,phases      ] GC(154)     Dead                           Min: 0, Avg:  0.0, Max: 0, Diff: 0, Sum: 0, Workers: 4
[2636.256s][debug][gc,phases      ] GC(154)     Total                          Min: 0, Avg: 11.2, Max: 45, Diff: 45, Sum: 45, Workers: 4
[2636.256s][debug][gc,phases      ] GC(154)   StringDedup Table Weak         Min:  0.0, Avg:  0.0, Max:  0.0, Diff:  0.0, Sum:  0.0, Workers: 4
[2636.256s][debug][gc,phases      ] GC(154)     Dead                           Min: 0, Avg:  0.0, Max: 0, Diff: 0, Sum: 0, Workers: 4
[2636.256s][debug][gc,phases      ] GC(154)     Total                          Min: 0, Avg:  0.0, Max: 0, Diff: 0, Sum: 0, Workers: 4
[2636.256s][debug][gc,phases      ] GC(154)   StringDedup Requests0 Weak     Min:  0.0, Avg:  0.0, Max:  0.0, Diff:  0.0, Sum:  0.0, Workers: 4
[2636.256s][debug][gc,phases      ] GC(154)     Dead                           Min: 0, Avg:  0.0, Max: 0, Diff: 0, Sum: 0, Workers: 4
[2636.256s][debug][gc,phases      ] GC(154)     Total                          Min: 0, Avg:  0.0, Max: 0, Diff: 0, Sum: 0, Workers: 4
[2636.256s][debug][gc,phases      ] GC(154)   StringDedup Requests1 Weak     Min:  0.0, Avg:  0.0, Max:  0.0, Diff:  0.0, Sum:  0.0, Workers: 4
[2636.256s][debug][gc,phases      ] GC(154)     Dead                           Min: 0, Avg:  0.0, Max: 0, Diff: 0, Sum: 0, Workers: 4
[2636.256s][debug][gc,phases      ] GC(154)     Total                          Min: 0, Avg:  0.0, Max: 0, Diff: 0, Sum: 0, Workers: 4
[2636.256s][debug][gc,phases      ] GC(154)   Weak JFR Old Object Samples    Min:  0.0, Avg:  0.0, Max:  0.0, Diff:  0.0, Sum:  0.0, Workers: 4
[2636.256s][debug][gc,phases      ] GC(154)     Dead                           Min: 0, Avg:  0.0, Max: 0, Diff: 0, Sum: 0, Workers: 4
[2636.256s][debug][gc,phases      ] GC(154)     Total                          Min: 0, Avg:  0.0, Max: 0, Diff: 0, Sum: 0, Workers: 4
[2636.256s][debug][gc,phases      ] GC(154) Weak Processing 0.300ms
[2636.256s][debug][gc,age         ] GC(154) Desired survivor size 2621440 bytes, new threshold 15 (max threshold 15)
[2636.256s][info ][gc,heap        ] GC(154) PSYoungGen: 2093664K(2094592K)->1568K(2094592K) Eden: 2092032K(2092032K)->0K(2092032K) From: 1632K(2560K)->1568K(2560K)
[2636.256s][info ][gc,heap        ] GC(154) ParOldGen: 336514K(387072K)->336554K(387072K)
[2636.256s][info ][gc,metaspace   ] GC(154) Metaspace: 79582K(80512K)->79582K(80512K) NonClass: 68208K(68736K)->68208K(68736K) Class: 11373K(11776K)->11373K(11776K)
[2636.256s][info ][gc             ] GC(154) Pause Young (Allocation Failure) 2373M->330M(2423M) 4.603ms
[2636.256s][info ][gc,cpu         ] GC(154) User=0.01s Sys=0.00s Real=0.00s
[2636.256s][info ][safepoint      ] Safepoint "ParallelGCFailedAllocation", Time since last: 16979581607 ns, Reaching safepoint: 36700 ns, At safepoint: 4678908 ns, Total: 4715608 ns
[2642.257s][info ][safepoint      ] Safepoint "Cleanup", Time since last: 6000412331 ns, Reaching safepoint: 53500 ns, At safepoint: 3200 ns, Total: 56700 ns
[2643.257s][info ][safepoint      ] Safepoint "Cleanup", Time since last: 1000098986 ns, Reaching safepoint: 38400 ns, At safepoint: 4600 ns, Total: 43000 ns
[2644.257s][info ][safepoint      ] Safepoint "Cleanup", Time since last: 1000102885 ns, Reaching safepoint: 26000 ns, At safepoint: 3100 ns, Total: 29100 ns
[2657.173s][info ][gc,start       ] GC(155) Pause Young (Allocation Failure)
[2657.177s][debug][gc,phases      ] GC(155) Scavenge 4.334ms
[2657.177s][debug][gc,ref         ] GC(155) Skipped phase 1 of Reference Processing: no references
[2657.177s][debug][gc,ref         ] GC(155) ReferenceProcessor::execute queues: 1, RefProcThreadModel::Single, marks_oops_alive: false
[2657.177s][debug][gc,ref         ] GC(155) Skipped phase 3 of Reference Processing: no references
[2657.177s][debug][gc,ref         ] GC(155) Skipped phase 4 of Reference Processing: no references
[2657.177s][debug][gc,phases      ] GC(155) Reference Processing 0.102ms
[2657.178s][debug][gc,phases      ] GC(155)   VM Weak                        Min:  0.0, Avg:  0.0, Max:  0.0, Diff:  0.0, Sum:  0.0, Workers: 4
[2657.178s][debug][gc,phases      ] GC(155)     Dead                           Min: 0, Avg:  0.0, Max: 0, Diff: 0, Sum: 0, Workers: 4
[2657.178s][debug][gc,phases      ] GC(155)     Total                          Min: 0, Avg: 181.2, Max: 448, Diff: 448, Sum: 725, Workers: 4
[2657.178s][debug][gc,phases      ] GC(155)   ObjectSynchronizer Weak        Min:  0.0, Avg:  0.0, Max:  0.0, Diff:  0.0, Sum:  0.0, Workers: 4
[2657.178s][debug][gc,phases      ] GC(155)     Dead                           Min: 0, Avg:  0.0, Max: 0, Diff: 0, Sum: 0, Workers: 4
[2657.178s][debug][gc,phases      ] GC(155)     Total                          Min: 0, Avg: 12.0, Max: 48, Diff: 48, Sum: 48, Workers: 4
[2657.178s][debug][gc,phases      ] GC(155)   JVMTI Tag Weak OopStorage      Min:  0.0, Avg:  0.0, Max:  0.0, Diff:  0.0, Sum:  0.0, Workers: 4
[2657.178s][debug][gc,phases      ] GC(155)     Dead                           Min: 0, Avg:  0.0, Max: 0, Diff: 0, Sum: 0, Workers: 4
[2657.178s][debug][gc,phases      ] GC(155)     Total                          Min: 0, Avg:  0.0, Max: 0, Diff: 0, Sum: 0, Workers: 4
[2657.178s][debug][gc,phases      ] GC(155)   StringTable Weak               Min:  0.0, Avg:  0.1, Max:  0.1, Diff:  0.1, Sum:  0.3, Workers: 4
[2657.178s][debug][gc,phases      ] GC(155)     Dead                           Min: 0, Avg:  0.0, Max: 0, Diff: 0, Sum: 0, Workers: 4
[2657.178s][debug][gc,phases      ] GC(155)     Total                          Min: 0, Avg: 10837.5, Max: 18262, Diff: 18262, Sum: 43350, Workers: 4
[2657.178s][debug][gc,phases      ] GC(155)   ResolvedMethodTable Weak       Min:  0.0, Avg:  0.0, Max:  0.0, Diff:  0.0, Sum:  0.1, Workers: 4
[2657.178s][debug][gc,phases      ] GC(155)     Dead                           Min: 0, Avg:  0.0, Max: 0, Diff: 0, Sum: 0, Workers: 4
[2657.178s][debug][gc,phases      ] GC(155)     Total                          Min: 0, Avg: 2188.5, Max: 3826, Diff: 3826, Sum: 8754, Workers: 4
[2657.178s][debug][gc,phases      ] GC(155)   JNI Weak                       Min:  0.0, Avg:  0.0, Max:  0.0, Diff:  0.0, Sum:  0.0, Workers: 4
[2657.178s][debug][gc,phases      ] GC(155)     Dead                           Min: 0, Avg:  0.0, Max: 0, Diff: 0, Sum: 0, Workers: 4
[2657.178s][debug][gc,phases      ] GC(155)     Total                          Min: 0, Avg: 11.2, Max: 45, Diff: 45, Sum: 45, Workers: 4
[2657.178s][debug][gc,phases      ] GC(155)   StringDedup Table Weak         Min:  0.0, Avg:  0.0, Max:  0.0, Diff:  0.0, Sum:  0.0, Workers: 4
[2657.178s][debug][gc,phases      ] GC(155)     Dead                           Min: 0, Avg:  0.0, Max: 0, Diff: 0, Sum: 0, Workers: 4
[2657.178s][debug][gc,phases      ] GC(155)     Total                          Min: 0, Avg:  0.0, Max: 0, Diff: 0, Sum: 0, Workers: 4
[2657.178s][debug][gc,phases      ] GC(155)   StringDedup Requests0 Weak     Min:  0.0, Avg:  0.0, Max:  0.0, Diff:  0.0, Sum:  0.0, Workers: 4
[2657.178s][debug][gc,phases      ] GC(155)     Dead                           Min: 0, Avg:  0.0, Max: 0, Diff: 0, Sum: 0, Workers: 4
[2657.178s][debug][gc,phases      ] GC(155)     Total                          Min: 0, Avg:  0.0, Max: 0, Diff: 0, Sum: 0, Workers: 4
[2657.178s][debug][gc,phases      ] GC(155)   StringDedup Requests1 Weak     Min:  0.0, Avg:  0.0, Max:  0.0, Diff:  0.0, Sum:  0.0, Workers: 4
[2657.178s][debug][gc,phases      ] GC(155)     Dead                           Min: 0, Avg:  0.0, Max: 0, Diff: 0, Sum: 0, Workers: 4
[2657.178s][debug][gc,phases      ] GC(155)     Total                          Min: 0, Avg:  0.0, Max: 0, Diff: 0, Sum: 0, Workers: 4
[2657.178s][debug][gc,phases      ] GC(155)   Weak JFR Old Object Samples    Min:  0.0, Avg:  0.0, Max:  0.0, Diff:  0.0, Sum:  0.0, Workers: 4
[2657.178s][debug][gc,phases      ] GC(155)     Dead                           Min: 0, Avg:  0.0, Max: 0, Diff: 0, Sum: 0, Workers: 4
[2657.178s][debug][gc,phases      ] GC(155)     Total                          Min: 0, Avg:  0.0, Max: 0, Diff: 0, Sum: 0, Workers: 4
[2657.178s][debug][gc,phases      ] GC(155) Weak Processing 0.319ms
[2657.178s][debug][gc,age         ] GC(155) Desired survivor size 2621440 bytes, new threshold 15 (max threshold 15)
[2657.178s][info ][gc,heap        ] GC(155) PSYoungGen: 2093600K(2094592K)->1696K(2094592K) Eden: 2092032K(2092032K)->0K(2092032K) From: 1568K(2560K)->1696K(2560K)
[2657.178s][info ][gc,heap        ] GC(155) ParOldGen: 336554K(387072K)->336586K(387072K)
[2657.178s][info ][gc,metaspace   ] GC(155) Metaspace: 79587K(80512K)->79587K(80512K) NonClass: 68213K(68736K)->68213K(68736K) Class: 11373K(11776K)->11373K(11776K)
[2657.178s][info ][gc             ] GC(155) Pause Young (Allocation Failure) 2373M->330M(2423M) 4.849ms
[2657.178s][info ][gc,cpu         ] GC(155) User=0.01s Sys=0.00s Real=0.00s
[2657.178s][info ][safepoint      ] Safepoint "ParallelGCFailedAllocation", Time since last: 12915705493 ns, Reaching safepoint: 92300 ns, At safepoint: 4910209 ns, Total: 5002509 ns
[2678.170s][info ][gc,start       ] GC(156) Pause Young (Allocation Failure)
[2678.175s][debug][gc,phases      ] GC(156) Scavenge 4.485ms
[2678.175s][debug][gc,ref         ] GC(156) Skipped phase 1 of Reference Processing: no references
[2678.175s][debug][gc,ref         ] GC(156) ReferenceProcessor::execute queues: 1, RefProcThreadModel::Single, marks_oops_alive: false
[2678.175s][debug][gc,ref         ] GC(156) Skipped phase 3 of Reference Processing: no references
[2678.175s][debug][gc,ref         ] GC(156) ReferenceProcessor::execute queues: 1, RefProcThreadModel::Single, marks_oops_alive: false
[2678.175s][debug][gc,phases      ] GC(156) Reference Processing 0.109ms
[2678.175s][debug][gc,phases      ] GC(156)   VM Weak                        Min:  0.0, Avg:  0.0, Max:  0.0, Diff:  0.0, Sum:  0.0, Workers: 4
[2678.175s][debug][gc,phases      ] GC(156)     Dead                           Min: 0, Avg:  0.0, Max: 0, Diff: 0, Sum: 0, Workers: 4
[2678.175s][debug][gc,phases      ] GC(156)     Total                          Min: 0, Avg: 181.2, Max: 725, Diff: 725, Sum: 725, Workers: 4
[2678.175s][debug][gc,phases      ] GC(156)   ObjectSynchronizer Weak        Min:  0.0, Avg:  0.0, Max:  0.0, Diff:  0.0, Sum:  0.0, Workers: 4
[2678.175s][debug][gc,phases      ] GC(156)     Dead                           Min: 0, Avg:  0.0, Max: 0, Diff: 0, Sum: 0, Workers: 4
[2678.175s][debug][gc,phases      ] GC(156)     Total                          Min: 0, Avg: 12.0, Max: 48, Diff: 48, Sum: 48, Workers: 4
[2678.175s][debug][gc,phases      ] GC(156)   JVMTI Tag Weak OopStorage      Min:  0.0, Avg:  0.0, Max:  0.0, Diff:  0.0, Sum:  0.0, Workers: 4
[2678.175s][debug][gc,phases      ] GC(156)     Dead                           Min: 0, Avg:  0.0, Max: 0, Diff: 0, Sum: 0, Workers: 4
[2678.175s][debug][gc,phases      ] GC(156)     Total                          Min: 0, Avg:  0.0, Max: 0, Diff: 0, Sum: 0, Workers: 4
[2678.175s][debug][gc,phases      ] GC(156)   StringTable Weak               Min:  0.0, Avg:  0.1, Max:  0.1, Diff:  0.1, Sum:  0.4, Workers: 4
[2678.175s][debug][gc,phases      ] GC(156)     Dead                           Min: 0, Avg:  0.0, Max: 0, Diff: 0, Sum: 0, Workers: 4
[2678.175s][debug][gc,phases      ] GC(156)     Total                          Min: 0, Avg: 10837.5, Max: 18047, Diff: 18047, Sum: 43350, Workers: 4
[2678.175s][debug][gc,phases      ] GC(156)   ResolvedMethodTable Weak       Min:  0.0, Avg:  0.0, Max:  0.0, Diff:  0.0, Sum:  0.1, Workers: 4
[2678.175s][debug][gc,phases      ] GC(156)     Dead                           Min: 0, Avg:  0.0, Max: 0, Diff: 0, Sum: 0, Workers: 4
[2678.175s][debug][gc,phases      ] GC(156)     Total                          Min: 0, Avg: 2188.5, Max: 3762, Diff: 3762, Sum: 8754, Workers: 4
[2678.175s][debug][gc,phases      ] GC(156)   JNI Weak                       Min:  0.0, Avg:  0.0, Max:  0.0, Diff:  0.0, Sum:  0.0, Workers: 4
[2678.175s][debug][gc,phases      ] GC(156)     Dead                           Min: 0, Avg:  0.0, Max: 0, Diff: 0, Sum: 0, Workers: 4
[2678.175s][debug][gc,phases      ] GC(156)     Total                          Min: 0, Avg: 11.2, Max: 45, Diff: 45, Sum: 45, Workers: 4
[2678.175s][debug][gc,phases      ] GC(156)   StringDedup Table Weak         Min:  0.0, Avg:  0.0, Max:  0.0, Diff:  0.0, Sum:  0.0, Workers: 4
[2678.175s][debug][gc,phases      ] GC(156)     Dead                           Min: 0, Avg:  0.0, Max: 0, Diff: 0, Sum: 0, Workers: 4
[2678.175s][debug][gc,phases      ] GC(156)     Total                          Min: 0, Avg:  0.0, Max: 0, Diff: 0, Sum: 0, Workers: 4
[2678.175s][debug][gc,phases      ] GC(156)   StringDedup Requests0 Weak     Min:  0.0, Avg:  0.0, Max:  0.0, Diff:  0.0, Sum:  0.0, Workers: 4
[2678.175s][debug][gc,phases      ] GC(156)     Dead                           Min: 0, Avg:  0.0, Max: 0, Diff: 0, Sum: 0, Workers: 4
[2678.175s][debug][gc,phases      ] GC(156)     Total                          Min: 0, Avg:  0.0, Max: 0, Diff: 0, Sum: 0, Workers: 4
[2678.175s][debug][gc,phases      ] GC(156)   StringDedup Requests1 Weak     Min:  0.0, Avg:  0.0, Max:  0.0, Diff:  0.0, Sum:  0.0, Workers: 4
[2678.175s][debug][gc,phases      ] GC(156)     Dead                           Min: 0, Avg:  0.0, Max: 0, Diff: 0, Sum: 0, Workers: 4
[2678.175s][debug][gc,phases      ] GC(156)     Total                          Min: 0, Avg:  0.0, Max: 0, Diff: 0, Sum: 0, Workers: 4
[2678.175s][debug][gc,phases      ] GC(156)   Weak JFR Old Object Samples    Min:  0.0, Avg:  0.0, Max:  0.0, Diff:  0.0, Sum:  0.0, Workers: 4
[2678.175s][debug][gc,phases      ] GC(156)     Dead                           Min: 0, Avg:  0.0, Max: 0, Diff: 0, Sum: 0, Workers: 4
[2678.175s][debug][gc,phases      ] GC(156)     Total                          Min: 0, Avg:  0.0, Max: 0, Diff: 0, Sum: 0, Workers: 4
[2678.175s][debug][gc,phases      ] GC(156) Weak Processing 0.333ms
[2678.175s][debug][gc,age         ] GC(156) Desired survivor size 2621440 bytes, new threshold 15 (max threshold 15)
[2678.175s][info ][gc,heap        ] GC(156) PSYoungGen: 2093728K(2094592K)->1504K(2094592K) Eden: 2092032K(2092032K)->0K(2092032K) From: 1696K(2560K)->1504K(2560K)
[2678.175s][info ][gc,heap        ] GC(156) ParOldGen: 336586K(387072K)->336634K(387072K)
[2678.175s][info ][gc,metaspace   ] GC(156) Metaspace: 79587K(80512K)->79587K(80512K) NonClass: 68213K(68736K)->68213K(68736K) Class: 11373K(11776K)->11373K(11776K)
[2678.175s][info ][gc             ] GC(156) Pause Young (Allocation Failure) 2373M->330M(2423M) 5.042ms
[2678.175s][info ][gc,cpu         ] GC(156) User=0.01s Sys=0.00s Real=0.00s
[2678.175s][info ][safepoint      ] Safepoint "ParallelGCFailedAllocation", Time since last: 20992294026 ns, Reaching safepoint: 112600 ns, At safepoint: 5141809 ns, Total: 5254409 ns
[2695.177s][info ][safepoint      ] Safepoint "Cleanup", Time since last: 17001148652 ns, Reaching safepoint: 126501 ns, At safepoint: 3400 ns, Total: 129901 ns
[2699.322s][info ][gc,start       ] GC(157) Pause Young (Allocation Failure)
[2699.326s][debug][gc,phases      ] GC(157) Scavenge 4.414ms
[2699.326s][debug][gc,ref         ] GC(157) Skipped phase 1 of Reference Processing: no references
[2699.326s][debug][gc,ref         ] GC(157) ReferenceProcessor::execute queues: 1, RefProcThreadModel::Single, marks_oops_alive: false
[2699.326s][debug][gc,ref         ] GC(157) Skipped phase 3 of Reference Processing: no references
[2699.326s][debug][gc,ref         ] GC(157) Skipped phase 4 of Reference Processing: no references
[2699.326s][debug][gc,phases      ] GC(157) Reference Processing 0.097ms
[2699.326s][debug][gc,phases      ] GC(157)   VM Weak                        Min:  0.0, Avg:  0.0, Max:  0.0, Diff:  0.0, Sum:  0.0, Workers: 4
[2699.326s][debug][gc,phases      ] GC(157)     Dead                           Min: 0, Avg:  0.0, Max: 0, Diff: 0, Sum: 0, Workers: 4
[2699.326s][debug][gc,phases      ] GC(157)     Total                          Min: 0, Avg: 181.2, Max: 405, Diff: 405, Sum: 725, Workers: 4
[2699.326s][debug][gc,phases      ] GC(157)   ObjectSynchronizer Weak        Min:  0.0, Avg:  0.0, Max:  0.0, Diff:  0.0, Sum:  0.0, Workers: 4
[2699.326s][debug][gc,phases      ] GC(157)     Dead                           Min: 0, Avg:  0.0, Max: 0, Diff: 0, Sum: 0, Workers: 4
[2699.326s][debug][gc,phases      ] GC(157)     Total                          Min: 0, Avg: 12.0, Max: 48, Diff: 48, Sum: 48, Workers: 4
[2699.326s][debug][gc,phases      ] GC(157)   JVMTI Tag Weak OopStorage      Min:  0.0, Avg:  0.0, Max:  0.0, Diff:  0.0, Sum:  0.0, Workers: 4
[2699.326s][debug][gc,phases      ] GC(157)     Dead                           Min: 0, Avg:  0.0, Max: 0, Diff: 0, Sum: 0, Workers: 4
[2699.326s][debug][gc,phases      ] GC(157)     Total                          Min: 0, Avg:  0.0, Max: 0, Diff: 0, Sum: 0, Workers: 4
[2699.326s][debug][gc,phases      ] GC(157)   StringTable Weak               Min:  0.1, Avg:  0.1, Max:  0.1, Diff:  0.0, Sum:  0.4, Workers: 4
[2699.326s][debug][gc,phases      ] GC(157)     Dead                           Min: 0, Avg:  0.0, Max: 0, Diff: 0, Sum: 0, Workers: 4
[2699.326s][debug][gc,phases      ] GC(157)     Total                          Min: 9344, Avg: 10837.8, Max: 11520, Diff: 2176, Sum: 43351, Workers: 4
[2699.326s][debug][gc,phases      ] GC(157)   ResolvedMethodTable Weak       Min:  0.0, Avg:  0.0, Max:  0.0, Diff:  0.0, Sum:  0.1, Workers: 4
[2699.326s][debug][gc,phases      ] GC(157)     Dead                           Min: 0, Avg:  0.0, Max: 0, Diff: 0, Sum: 0, Workers: 4
[2699.326s][debug][gc,phases      ] GC(157)     Total                          Min: 2162, Avg: 2188.5, Max: 2240, Diff: 78, Sum: 8754, Workers: 4
[2699.326s][debug][gc,phases      ] GC(157)   JNI Weak                       Min:  0.0, Avg:  0.0, Max:  0.0, Diff:  0.0, Sum:  0.0, Workers: 4
[2699.326s][debug][gc,phases      ] GC(157)     Dead                           Min: 0, Avg:  0.0, Max: 0, Diff: 0, Sum: 0, Workers: 4
[2699.326s][debug][gc,phases      ] GC(157)     Total                          Min: 0, Avg: 11.2, Max: 45, Diff: 45, Sum: 45, Workers: 4
[2699.326s][debug][gc,phases      ] GC(157)   StringDedup Table Weak         Min:  0.0, Avg:  0.0, Max:  0.0, Diff:  0.0, Sum:  0.0, Workers: 4
[2699.326s][debug][gc,phases      ] GC(157)     Dead                           Min: 0, Avg:  0.0, Max: 0, Diff: 0, Sum: 0, Workers: 4
[2699.326s][debug][gc,phases      ] GC(157)     Total                          Min: 0, Avg:  0.0, Max: 0, Diff: 0, Sum: 0, Workers: 4
[2699.326s][debug][gc,phases      ] GC(157)   StringDedup Requests0 Weak     Min:  0.0, Avg:  0.0, Max:  0.0, Diff:  0.0, Sum:  0.0, Workers: 4
[2699.326s][debug][gc,phases      ] GC(157)     Dead                           Min: 0, Avg:  0.0, Max: 0, Diff: 0, Sum: 0, Workers: 4
[2699.326s][debug][gc,phases      ] GC(157)     Total                          Min: 0, Avg:  0.0, Max: 0, Diff: 0, Sum: 0, Workers: 4
[2699.326s][debug][gc,phases      ] GC(157)   StringDedup Requests1 Weak     Min:  0.0, Avg:  0.0, Max:  0.0, Diff:  0.0, Sum:  0.0, Workers: 4
[2699.326s][debug][gc,phases      ] GC(157)     Dead                           Min: 0, Avg:  0.0, Max: 0, Diff: 0, Sum: 0, Workers: 4
[2699.326s][debug][gc,phases      ] GC(157)     Total                          Min: 0, Avg:  0.0, Max: 0, Diff: 0, Sum: 0, Workers: 4
[2699.326s][debug][gc,phases      ] GC(157)   Weak JFR Old Object Samples    Min:  0.0, Avg:  0.0, Max:  0.0, Diff:  0.0, Sum:  0.0, Workers: 4
[2699.326s][debug][gc,phases      ] GC(157)     Dead                           Min: 0, Avg:  0.0, Max: 0, Diff: 0, Sum: 0, Workers: 4
[2699.326s][debug][gc,phases      ] GC(157)     Total                          Min: 0, Avg:  0.0, Max: 0, Diff: 0, Sum: 0, Workers: 4
[2699.326s][debug][gc,phases      ] GC(157) Weak Processing 0.362ms
[2699.326s][debug][gc,age         ] GC(157) Desired survivor size 2621440 bytes, new threshold 15 (max threshold 15)
[2699.327s][info ][gc,heap        ] GC(157) PSYoungGen: 2093536K(2094592K)->1536K(2094592K) Eden: 2092032K(2092032K)->0K(2092032K) From: 1504K(2560K)->1536K(2560K)
[2699.327s][info ][gc,heap        ] GC(157) ParOldGen: 336634K(387072K)->336666K(387072K)
[2699.327s][info ][gc,metaspace   ] GC(157) Metaspace: 79587K(80512K)->79587K(80512K) NonClass: 68213K(68736K)->68213K(68736K) Class: 11373K(11776K)->11373K(11776K)
[2699.327s][info ][gc             ] GC(157) Pause Young (Allocation Failure) 2373M->330M(2423M) 5.002ms
[2699.327s][info ][gc,cpu         ] GC(157) User=0.01s Sys=0.00s Real=0.01s
[2699.327s][info ][safepoint      ] Safepoint "ParallelGCFailedAllocation", Time since last: 4144675149 ns, Reaching safepoint: 117700 ns, At safepoint: 5086709 ns, Total: 5204409 ns
[2712.327s][info ][safepoint      ] Safepoint "Cleanup", Time since last: 13000787769 ns, Reaching safepoint: 40600 ns, At safepoint: 3700 ns, Total: 44300 ns
[2720.322s][info ][gc,start       ] GC(158) Pause Young (Allocation Failure)
[2720.325s][debug][gc,phases      ] GC(158) Scavenge 2.544ms
[2720.325s][debug][gc,ref         ] GC(158) Skipped phase 1 of Reference Processing: no references
[2720.325s][debug][gc,ref         ] GC(158) ReferenceProcessor::execute queues: 1, RefProcThreadModel::Single, marks_oops_alive: false
[2720.325s][debug][gc,ref         ] GC(158) Skipped phase 3 of Reference Processing: no references
[2720.325s][debug][gc,ref         ] GC(158) Skipped phase 4 of Reference Processing: no references
[2720.325s][debug][gc,phases      ] GC(158) Reference Processing 0.090ms
[2720.325s][debug][gc,phases      ] GC(158)   VM Weak                        Min:  0.0, Avg:  0.0, Max:  0.0, Diff:  0.0, Sum:  0.0, Workers: 4
[2720.325s][debug][gc,phases      ] GC(158)     Dead                           Min: 0, Avg:  0.0, Max: 0, Diff: 0, Sum: 0, Workers: 4
[2720.325s][debug][gc,phases      ] GC(158)     Total                          Min: 64, Avg: 181.2, Max: 384, Diff: 320, Sum: 725, Workers: 4
[2720.325s][debug][gc,phases      ] GC(158)   ObjectSynchronizer Weak        Min:  0.0, Avg:  0.0, Max:  0.0, Diff:  0.0, Sum:  0.0, Workers: 4
[2720.325s][debug][gc,phases      ] GC(158)     Dead                           Min: 0, Avg:  0.0, Max: 0, Diff: 0, Sum: 0, Workers: 4
[2720.325s][debug][gc,phases      ] GC(158)     Total                          Min: 0, Avg: 12.0, Max: 48, Diff: 48, Sum: 48, Workers: 4
[2720.325s][debug][gc,phases      ] GC(158)   JVMTI Tag Weak OopStorage      Min:  0.0, Avg:  0.0, Max:  0.0, Diff:  0.0, Sum:  0.0, Workers: 4
[2720.325s][debug][gc,phases      ] GC(158)     Dead                           Min: 0, Avg:  0.0, Max: 0, Diff: 0, Sum: 0, Workers: 4
[2720.325s][debug][gc,phases      ] GC(158)     Total                          Min: 0, Avg:  0.0, Max: 0, Diff: 0, Sum: 0, Workers: 4
[2720.325s][debug][gc,phases      ] GC(158)   StringTable Weak               Min:  0.1, Avg:  0.1, Max:  0.1, Diff:  0.0, Sum:  0.4, Workers: 4
[2720.325s][debug][gc,phases      ] GC(158)     Dead                           Min: 0, Avg:  0.0, Max: 0, Diff: 0, Sum: 0, Workers: 4
[2720.325s][debug][gc,phases      ] GC(158)     Total                          Min: 10624, Avg: 10838.2, Max: 11135, Diff: 511, Sum: 43353, Workers: 4
[2720.325s][debug][gc,phases      ] GC(158)   ResolvedMethodTable Weak       Min:  0.0, Avg:  0.0, Max:  0.0, Diff:  0.0, Sum:  0.1, Workers: 4
[2720.325s][debug][gc,phases      ] GC(158)     Dead                           Min: 0, Avg:  0.0, Max: 0, Diff: 0, Sum: 0, Workers: 4
[2720.325s][debug][gc,phases      ] GC(158)     Total                          Min: 2162, Avg: 2188.5, Max: 2240, Diff: 78, Sum: 8754, Workers: 4
[2720.325s][debug][gc,phases      ] GC(158)   JNI Weak                       Min:  0.0, Avg:  0.0, Max:  0.0, Diff:  0.0, Sum:  0.0, Workers: 4
[2720.325s][debug][gc,phases      ] GC(158)     Dead                           Min: 0, Avg:  0.0, Max: 0, Diff: 0, Sum: 0, Workers: 4
[2720.325s][debug][gc,phases      ] GC(158)     Total                          Min: 0, Avg: 11.2, Max: 45, Diff: 45, Sum: 45, Workers: 4
[2720.325s][debug][gc,phases      ] GC(158)   StringDedup Table Weak         Min:  0.0, Avg:  0.0, Max:  0.0, Diff:  0.0, Sum:  0.0, Workers: 4
[2720.325s][debug][gc,phases      ] GC(158)     Dead                           Min: 0, Avg:  0.0, Max: 0, Diff: 0, Sum: 0, Workers: 4
[2720.325s][debug][gc,phases      ] GC(158)     Total                          Min: 0, Avg:  0.0, Max: 0, Diff: 0, Sum: 0, Workers: 4
[2720.325s][debug][gc,phases      ] GC(158)   StringDedup Requests0 Weak     Min:  0.0, Avg:  0.0, Max:  0.0, Diff:  0.0, Sum:  0.0, Workers: 4
[2720.325s][debug][gc,phases      ] GC(158)     Dead                           Min: 0, Avg:  0.0, Max: 0, Diff: 0, Sum: 0, Workers: 4
[2720.325s][debug][gc,phases      ] GC(158)     Total                          Min: 0, Avg:  0.0, Max: 0, Diff: 0, Sum: 0, Workers: 4
[2720.325s][debug][gc,phases      ] GC(158)   StringDedup Requests1 Weak     Min:  0.0, Avg:  0.0, Max:  0.0, Diff:  0.0, Sum:  0.0, Workers: 4
[2720.325s][debug][gc,phases      ] GC(158)     Dead                           Min: 0, Avg:  0.0, Max: 0, Diff: 0, Sum: 0, Workers: 4
[2720.325s][debug][gc,phases      ] GC(158)     Total                          Min: 0, Avg:  0.0, Max: 0, Diff: 0, Sum: 0, Workers: 4
[2720.325s][debug][gc,phases      ] GC(158)   Weak JFR Old Object Samples    Min:  0.0, Avg:  0.0, Max:  0.0, Diff:  0.0, Sum:  0.0, Workers: 4
[2720.325s][debug][gc,phases      ] GC(158)     Dead                           Min: 0, Avg:  0.0, Max: 0, Diff: 0, Sum: 0, Workers: 4
[2720.325s][debug][gc,phases      ] GC(158)     Total                          Min: 0, Avg:  0.0, Max: 0, Diff: 0, Sum: 0, Workers: 4
[2720.325s][debug][gc,phases      ] GC(158) Weak Processing 0.291ms
[2720.325s][debug][gc,age         ] GC(158) Desired survivor size 2097152 bytes, new threshold 15 (max threshold 15)
[2720.325s][info ][gc,heap        ] GC(158) PSYoungGen: 2093568K(2094592K)->1536K(2095104K) Eden: 2092032K(2092032K)->0K(2092544K) From: 1536K(2560K)->1536K(2560K)
[2720.326s][info ][gc,heap        ] GC(158) ParOldGen: 336666K(387072K)->336690K(387072K)
[2720.326s][info ][gc,metaspace   ] GC(158) Metaspace: 79588K(80512K)->79588K(80512K) NonClass: 68214K(68736K)->68214K(68736K) Class: 11373K(11776K)->11373K(11776K)
[2720.326s][info ][gc             ] GC(158) Pause Young (Allocation Failure) 2373M->330M(2424M) 3.039ms
[2720.326s][info ][gc,cpu         ] GC(158) User=0.01s Sys=0.00s Real=0.00s
[2720.326s][info ][safepoint      ] Safepoint "ParallelGCFailedAllocation", Time since last: 7994936588 ns, Reaching safepoint: 115800 ns, At safepoint: 3106606 ns, Total: 3222406 ns
[2741.322s][info ][gc,start       ] GC(159) Pause Young (Allocation Failure)
[2741.327s][debug][gc,phases      ] GC(159) Scavenge 4.682ms
[2741.327s][debug][gc,ref         ] GC(159) Skipped phase 1 of Reference Processing: no references
[2741.327s][debug][gc,ref         ] GC(159) ReferenceProcessor::execute queues: 1, RefProcThreadModel::Single, marks_oops_alive: false
[2741.327s][debug][gc,ref         ] GC(159) Skipped phase 3 of Reference Processing: no references
[2741.327s][debug][gc,ref         ] GC(159) Skipped phase 4 of Reference Processing: no references
[2741.327s][debug][gc,phases      ] GC(159) Reference Processing 0.099ms
[2741.327s][debug][gc,phases      ] GC(159)   VM Weak                        Min:  0.0, Avg:  0.0, Max:  0.0, Diff:  0.0, Sum:  0.0, Workers: 4
[2741.327s][debug][gc,phases      ] GC(159)     Dead                           Min: 0, Avg:  0.0, Max: 0, Diff: 0, Sum: 0, Workers: 4
[2741.327s][debug][gc,phases      ] GC(159)     Total                          Min: 0, Avg: 181.2, Max: 725, Diff: 725, Sum: 725, Workers: 4
[2741.327s][debug][gc,phases      ] GC(159)   ObjectSynchronizer Weak        Min:  0.0, Avg:  0.0, Max:  0.0, Diff:  0.0, Sum:  0.0, Workers: 4
[2741.327s][debug][gc,phases      ] GC(159)     Dead                           Min: 0, Avg:  0.0, Max: 0, Diff: 0, Sum: 0, Workers: 4
[2741.327s][debug][gc,phases      ] GC(159)     Total                          Min: 0, Avg: 12.0, Max: 48, Diff: 48, Sum: 48, Workers: 4
[2741.327s][debug][gc,phases      ] GC(159)   JVMTI Tag Weak OopStorage      Min:  0.0, Avg:  0.0, Max:  0.0, Diff:  0.0, Sum:  0.0, Workers: 4
[2741.327s][debug][gc,phases      ] GC(159)     Dead                           Min: 0, Avg:  0.0, Max: 0, Diff: 0, Sum: 0, Workers: 4
[2741.327s][debug][gc,phases      ] GC(159)     Total                          Min: 0, Avg:  0.0, Max: 0, Diff: 0, Sum: 0, Workers: 4
[2741.327s][debug][gc,phases      ] GC(159)   StringTable Weak               Min:  0.1, Avg:  0.1, Max:  0.1, Diff:  0.0, Sum:  0.4, Workers: 4
[2741.327s][debug][gc,phases      ] GC(159)     Dead                           Min: 0, Avg:  0.0, Max: 0, Diff: 0, Sum: 0, Workers: 4
[2741.327s][debug][gc,phases      ] GC(159)     Total                          Min: 10240, Avg: 10838.2, Max: 11328, Diff: 1088, Sum: 43353, Workers: 4
[2741.327s][debug][gc,phases      ] GC(159)   ResolvedMethodTable Weak       Min:  0.0, Avg:  0.0, Max:  0.0, Diff:  0.0, Sum:  0.1, Workers: 4
[2741.327s][debug][gc,phases      ] GC(159)     Dead                           Min: 0, Avg:  0.0, Max: 0, Diff: 0, Sum: 0, Workers: 4
[2741.327s][debug][gc,phases      ] GC(159)     Total                          Min: 1216, Avg: 2188.5, Max: 2624, Diff: 1408, Sum: 8754, Workers: 4
[2741.327s][debug][gc,phases      ] GC(159)   JNI Weak                       Min:  0.0, Avg:  0.0, Max:  0.0, Diff:  0.0, Sum:  0.0, Workers: 4
[2741.327s][debug][gc,phases      ] GC(159)     Dead                           Min: 0, Avg:  0.0, Max: 0, Diff: 0, Sum: 0, Workers: 4
[2741.327s][debug][gc,phases      ] GC(159)     Total                          Min: 0, Avg: 11.2, Max: 45, Diff: 45, Sum: 45, Workers: 4
[2741.327s][debug][gc,phases      ] GC(159)   StringDedup Table Weak         Min:  0.0, Avg:  0.0, Max:  0.0, Diff:  0.0, Sum:  0.0, Workers: 4
[2741.327s][debug][gc,phases      ] GC(159)     Dead                           Min: 0, Avg:  0.0, Max: 0, Diff: 0, Sum: 0, Workers: 4
[2741.327s][debug][gc,phases      ] GC(159)     Total                          Min: 0, Avg:  0.0, Max: 0, Diff: 0, Sum: 0, Workers: 4
[2741.327s][debug][gc,phases      ] GC(159)   StringDedup Requests0 Weak     Min:  0.0, Avg:  0.0, Max:  0.0, Diff:  0.0, Sum:  0.0, Workers: 4
[2741.327s][debug][gc,phases      ] GC(159)     Dead                           Min: 0, Avg:  0.0, Max: 0, Diff: 0, Sum: 0, Workers: 4
[2741.327s][debug][gc,phases      ] GC(159)     Total                          Min: 0, Avg:  0.0, Max: 0, Diff: 0, Sum: 0, Workers: 4
[2741.327s][debug][gc,phases      ] GC(159)   StringDedup Requests1 Weak     Min:  0.0, Avg:  0.0, Max:  0.0, Diff:  0.0, Sum:  0.0, Workers: 4
[2741.327s][debug][gc,phases      ] GC(159)     Dead                           Min: 0, Avg:  0.0, Max: 0, Diff: 0, Sum: 0, Workers: 4
[2741.327s][debug][gc,phases      ] GC(159)     Total                          Min: 0, Avg:  0.0, Max: 0, Diff: 0, Sum: 0, Workers: 4
[2741.327s][debug][gc,phases      ] GC(159)   Weak JFR Old Object Samples    Min:  0.0, Avg:  0.0, Max:  0.0, Diff:  0.0, Sum:  0.0, Workers: 4
[2741.327s][debug][gc,phases      ] GC(159)     Dead                           Min: 0, Avg:  0.0, Max: 0, Diff: 0, Sum: 0, Workers: 4
[2741.327s][debug][gc,phases      ] GC(159)     Total                          Min: 0, Avg:  0.0, Max: 0, Diff: 0, Sum: 0, Workers: 4
[2741.327s][debug][gc,phases      ] GC(159) Weak Processing 0.307ms
[2741.327s][debug][gc,age         ] GC(159) Desired survivor size 2097152 bytes, new threshold 15 (max threshold 15)
[2741.327s][info ][gc,heap        ] GC(159) PSYoungGen: 2094080K(2095104K)->1536K(2094592K) Eden: 2092544K(2092544K)->0K(2092544K) From: 1536K(2560K)->1536K(2048K)
[2741.327s][info ][gc,heap        ] GC(159) ParOldGen: 336690K(387072K)->336714K(387072K)
[2741.327s][info ][gc,metaspace   ] GC(159) Metaspace: 79588K(80512K)->79588K(80512K) NonClass: 68214K(68736K)->68214K(68736K) Class: 11373K(11776K)->11373K(11776K)
[2741.327s][info ][gc             ] GC(159) Pause Young (Allocation Failure) 2373M->330M(2423M) 5.198ms
[2741.327s][info ][gc,cpu         ] GC(159) User=0.01s Sys=0.00s Real=0.01s
[2741.328s][info ][safepoint      ] Safepoint "ParallelGCFailedAllocation", Time since last: 20996596089 ns, Reaching safepoint: 95100 ns, At safepoint: 5271209 ns, Total: 5366309 ns
[2762.269s][info ][gc,start       ] GC(160) Pause Young (Allocation Failure)
[2762.274s][debug][gc,phases      ] GC(160) Scavenge 4.878ms
[2762.274s][debug][gc,ref         ] GC(160) Skipped phase 1 of Reference Processing: no references
[2762.274s][debug][gc,ref         ] GC(160) ReferenceProcessor::execute queues: 1, RefProcThreadModel::Single, marks_oops_alive: false
[2762.274s][debug][gc,ref         ] GC(160) Skipped phase 3 of Reference Processing: no references
[2762.274s][debug][gc,ref         ] GC(160) Skipped phase 4 of Reference Processing: no references
[2762.274s][debug][gc,phases      ] GC(160) Reference Processing 0.069ms
[2762.275s][debug][gc,phases      ] GC(160)   VM Weak                        Min:  0.0, Avg:  0.0, Max:  0.0, Diff:  0.0, Sum:  0.0, Workers: 4
[2762.275s][debug][gc,phases      ] GC(160)     Dead                           Min: 0, Avg:  0.0, Max: 0, Diff: 0, Sum: 0, Workers: 4
[2762.275s][debug][gc,phases      ] GC(160)     Total                          Min: 0, Avg: 181.2, Max: 725, Diff: 725, Sum: 725, Workers: 4
[2762.275s][debug][gc,phases      ] GC(160)   ObjectSynchronizer Weak        Min:  0.0, Avg:  0.0, Max:  0.0, Diff:  0.0, Sum:  0.0, Workers: 4
[2762.275s][debug][gc,phases      ] GC(160)     Dead                           Min: 0, Avg:  0.0, Max: 0, Diff: 0, Sum: 0, Workers: 4
[2762.275s][debug][gc,phases      ] GC(160)     Total                          Min: 0, Avg: 12.0, Max: 48, Diff: 48, Sum: 48, Workers: 4
[2762.275s][debug][gc,phases      ] GC(160)   JVMTI Tag Weak OopStorage      Min:  0.0, Avg:  0.0, Max:  0.0, Diff:  0.0, Sum:  0.0, Workers: 4
[2762.275s][debug][gc,phases      ] GC(160)     Dead                           Min: 0, Avg:  0.0, Max: 0, Diff: 0, Sum: 0, Workers: 4
[2762.275s][debug][gc,phases      ] GC(160)     Total                          Min: 0, Avg:  0.0, Max: 0, Diff: 0, Sum: 0, Workers: 4
[2762.275s][debug][gc,phases      ] GC(160)   StringTable Weak               Min:  0.1, Avg:  0.1, Max:  0.1, Diff:  0.0, Sum:  0.4, Workers: 4
[2762.275s][debug][gc,phases      ] GC(160)     Dead                           Min: 0, Avg:  0.0, Max: 0, Diff: 0, Sum: 0, Workers: 4
[2762.275s][debug][gc,phases      ] GC(160)     Total                          Min: 10047, Avg: 10838.2, Max: 11584, Diff: 1537, Sum: 43353, Workers: 4
[2762.275s][debug][gc,phases      ] GC(160)   ResolvedMethodTable Weak       Min:  0.0, Avg:  0.0, Max:  0.0, Diff:  0.0, Sum:  0.1, Workers: 4
[2762.275s][debug][gc,phases      ] GC(160)     Dead                           Min: 0, Avg:  0.0, Max: 0, Diff: 0, Sum: 0, Workers: 4
[2762.275s][debug][gc,phases      ] GC(160)     Total                          Min: 2162, Avg: 2188.5, Max: 2240, Diff: 78, Sum: 8754, Workers: 4
[2762.275s][debug][gc,phases      ] GC(160)   JNI Weak                       Min:  0.0, Avg:  0.0, Max:  0.0, Diff:  0.0, Sum:  0.0, Workers: 4
[2762.275s][debug][gc,phases      ] GC(160)     Dead                           Min: 0, Avg:  0.0, Max: 0, Diff: 0, Sum: 0, Workers: 4
[2762.275s][debug][gc,phases      ] GC(160)     Total                          Min: 0, Avg: 11.2, Max: 45, Diff: 45, Sum: 45, Workers: 4
[2762.275s][debug][gc,phases      ] GC(160)   StringDedup Table Weak         Min:  0.0, Avg:  0.0, Max:  0.0, Diff:  0.0, Sum:  0.0, Workers: 4
[2762.275s][debug][gc,phases      ] GC(160)     Dead                           Min: 0, Avg:  0.0, Max: 0, Diff: 0, Sum: 0, Workers: 4
[2762.275s][debug][gc,phases      ] GC(160)     Total                          Min: 0, Avg:  0.0, Max: 0, Diff: 0, Sum: 0, Workers: 4
[2762.275s][debug][gc,phases      ] GC(160)   StringDedup Requests0 Weak     Min:  0.0, Avg:  0.0, Max:  0.0, Diff:  0.0, Sum:  0.0, Workers: 4
[2762.275s][debug][gc,phases      ] GC(160)     Dead                           Min: 0, Avg:  0.0, Max: 0, Diff: 0, Sum: 0, Workers: 4
[2762.275s][debug][gc,phases      ] GC(160)     Total                          Min: 0, Avg:  0.0, Max: 0, Diff: 0, Sum: 0, Workers: 4
[2762.275s][debug][gc,phases      ] GC(160)   StringDedup Requests1 Weak     Min:  0.0, Avg:  0.0, Max:  0.0, Diff:  0.0, Sum:  0.0, Workers: 4
[2762.275s][debug][gc,phases      ] GC(160)     Dead                           Min: 0, Avg:  0.0, Max: 0, Diff: 0, Sum: 0, Workers: 4
[2762.275s][debug][gc,phases      ] GC(160)     Total                          Min: 0, Avg:  0.0, Max: 0, Diff: 0, Sum: 0, Workers: 4
[2762.275s][debug][gc,phases      ] GC(160)   Weak JFR Old Object Samples    Min:  0.0, Avg:  0.0, Max:  0.0, Diff:  0.0, Sum:  0.0, Workers: 4
[2762.275s][debug][gc,phases      ] GC(160)     Dead                           Min: 0, Avg:  0.0, Max: 0, Diff: 0, Sum: 0, Workers: 4
[2762.275s][debug][gc,phases      ] GC(160)     Total                          Min: 0, Avg:  0.0, Max: 0, Diff: 0, Sum: 0, Workers: 4
[2762.275s][debug][gc,phases      ] GC(160) Weak Processing 0.291ms
[2762.275s][debug][gc,age         ] GC(160) Desired survivor size 2621440 bytes, new threshold 15 (max threshold 15)
[2762.275s][info ][gc,heap        ] GC(160) PSYoungGen: 2094080K(2094592K)->1184K(2094080K) Eden: 2092544K(2092544K)->0K(2092032K) From: 1536K(2048K)->1184K(2048K)
[2762.275s][info ][gc,heap        ] GC(160) ParOldGen: 336714K(387072K)->337130K(387072K)
[2762.275s][info ][gc,metaspace   ] GC(160) Metaspace: 79590K(80512K)->79590K(80512K) NonClass: 68216K(68736K)->68216K(68736K) Class: 11373K(11776K)->11373K(11776K)
[2762.275s][info ][gc             ] GC(160) Pause Young (Allocation Failure) 2373M->330M(2423M) 5.337ms
[2762.275s][info ][gc,cpu         ] GC(160) User=0.01s Sys=0.00s Real=0.00s
[2762.275s][info ][safepoint      ] Safepoint "ParallelGCFailedAllocation", Time since last: 20941888737 ns, Reaching safepoint: 28401 ns, At safepoint: 5418509 ns, Total: 5446910 ns
[2764.275s][info ][safepoint      ] Safepoint "Cleanup", Time since last: 2000146219 ns, Reaching safepoint: 39100 ns, At safepoint: 3500 ns, Total: 42600 ns
[2770.275s][info ][safepoint      ] Safepoint "Cleanup", Time since last: 6000392344 ns, Reaching safepoint: 37001 ns, At safepoint: 2600 ns, Total: 39601 ns
[2782.722s][info ][gc,start       ] GC(161) Pause Young (Allocation Failure)
[2782.724s][debug][gc,phases      ] GC(161) Scavenge 2.575ms
[2782.724s][debug][gc,ref         ] GC(161) Skipped phase 1 of Reference Processing: no references
[2782.724s][debug][gc,ref         ] GC(161) ReferenceProcessor::execute queues: 1, RefProcThreadModel::Single, marks_oops_alive: false
[2782.724s][debug][gc,ref         ] GC(161) Skipped phase 3 of Reference Processing: no references
[2782.724s][debug][gc,ref         ] GC(161) Skipped phase 4 of Reference Processing: no references
[2782.724s][debug][gc,phases      ] GC(161) Reference Processing 0.071ms
[2782.725s][debug][gc,phases      ] GC(161)   VM Weak                        Min:  0.0, Avg:  0.0, Max:  0.0, Diff:  0.0, Sum:  0.0, Workers: 4
[2782.725s][debug][gc,phases      ] GC(161)     Dead                           Min: 0, Avg:  0.0, Max: 0, Diff: 0, Sum: 0, Workers: 4
[2782.725s][debug][gc,phases      ] GC(161)     Total                          Min: 0, Avg: 181.2, Max: 725, Diff: 725, Sum: 725, Workers: 4
[2782.725s][debug][gc,phases      ] GC(161)   ObjectSynchronizer Weak        Min:  0.0, Avg:  0.0, Max:  0.0, Diff:  0.0, Sum:  0.0, Workers: 4
[2782.725s][debug][gc,phases      ] GC(161)     Dead                           Min: 0, Avg:  0.0, Max: 0, Diff: 0, Sum: 0, Workers: 4
[2782.725s][debug][gc,phases      ] GC(161)     Total                          Min: 0, Avg: 12.0, Max: 48, Diff: 48, Sum: 48, Workers: 4
[2782.725s][debug][gc,phases      ] GC(161)   JVMTI Tag Weak OopStorage      Min:  0.0, Avg:  0.0, Max:  0.0, Diff:  0.0, Sum:  0.0, Workers: 4
[2782.725s][debug][gc,phases      ] GC(161)     Dead                           Min: 0, Avg:  0.0, Max: 0, Diff: 0, Sum: 0, Workers: 4
[2782.725s][debug][gc,phases      ] GC(161)     Total                          Min: 0, Avg:  0.0, Max: 0, Diff: 0, Sum: 0, Workers: 4
[2782.725s][debug][gc,phases      ] GC(161)   StringTable Weak               Min:  0.0, Avg:  0.1, Max:  0.1, Diff:  0.1, Sum:  0.4, Workers: 4
[2782.725s][debug][gc,phases      ] GC(161)     Dead                           Min: 0, Avg:  0.0, Max: 0, Diff: 0, Sum: 0, Workers: 4
[2782.725s][debug][gc,phases      ] GC(161)     Total                          Min: 0, Avg: 10838.2, Max: 17946, Diff: 17946, Sum: 43353, Workers: 4
[2782.725s][debug][gc,phases      ] GC(161)   ResolvedMethodTable Weak       Min:  0.0, Avg:  0.0, Max:  0.1, Diff:  0.1, Sum:  0.1, Workers: 4
[2782.725s][debug][gc,phases      ] GC(161)     Dead                           Min: 0, Avg:  0.0, Max: 0, Diff: 0, Sum: 0, Workers: 4
[2782.725s][debug][gc,phases      ] GC(161)     Total                          Min: 0, Avg: 2188.5, Max: 3776, Diff: 3776, Sum: 8754, Workers: 4
[2782.725s][debug][gc,phases      ] GC(161)   JNI Weak                       Min:  0.0, Avg:  0.0, Max:  0.0, Diff:  0.0, Sum:  0.0, Workers: 4
[2782.725s][debug][gc,phases      ] GC(161)     Dead                           Min: 0, Avg:  0.0, Max: 0, Diff: 0, Sum: 0, Workers: 4
[2782.725s][debug][gc,phases      ] GC(161)     Total                          Min: 0, Avg: 11.2, Max: 45, Diff: 45, Sum: 45, Workers: 4
[2782.725s][debug][gc,phases      ] GC(161)   StringDedup Table Weak         Min:  0.0, Avg:  0.0, Max:  0.0, Diff:  0.0, Sum:  0.0, Workers: 4
[2782.725s][debug][gc,phases      ] GC(161)     Dead                           Min: 0, Avg:  0.0, Max: 0, Diff: 0, Sum: 0, Workers: 4
[2782.725s][debug][gc,phases      ] GC(161)     Total                          Min: 0, Avg:  0.0, Max: 0, Diff: 0, Sum: 0, Workers: 4
[2782.725s][debug][gc,phases      ] GC(161)   StringDedup Requests0 Weak     Min:  0.0, Avg:  0.0, Max:  0.0, Diff:  0.0, Sum:  0.0, Workers: 4
[2782.725s][debug][gc,phases      ] GC(161)     Dead                           Min: 0, Avg:  0.0, Max: 0, Diff: 0, Sum: 0, Workers: 4
[2782.725s][debug][gc,phases      ] GC(161)     Total                          Min: 0, Avg:  0.0, Max: 0, Diff: 0, Sum: 0, Workers: 4
[2782.725s][debug][gc,phases      ] GC(161)   StringDedup Requests1 Weak     Min:  0.0, Avg:  0.0, Max:  0.0, Diff:  0.0, Sum:  0.0, Workers: 4
[2782.725s][debug][gc,phases      ] GC(161)     Dead                           Min: 0, Avg:  0.0, Max: 0, Diff: 0, Sum: 0, Workers: 4
[2782.725s][debug][gc,phases      ] GC(161)     Total                          Min: 0, Avg:  0.0, Max: 0, Diff: 0, Sum: 0, Workers: 4
[2782.725s][debug][gc,phases      ] GC(161)   Weak JFR Old Object Samples    Min:  0.0, Avg:  0.0, Max:  0.0, Diff:  0.0, Sum:  0.0, Workers: 4
[2782.725s][debug][gc,phases      ] GC(161)     Dead                           Min: 0, Avg:  0.0, Max: 0, Diff: 0, Sum: 0, Workers: 4
[2782.725s][debug][gc,phases      ] GC(161)     Total                          Min: 0, Avg:  0.0, Max: 0, Diff: 0, Sum: 0, Workers: 4
[2782.725s][debug][gc,phases      ] GC(161) Weak Processing 0.365ms
[2782.725s][debug][gc,age         ] GC(161) Desired survivor size 2621440 bytes, new threshold 15 (max threshold 15)
[2782.725s][info ][gc,heap        ] GC(161) PSYoungGen: 2093216K(2094080K)->1184K(2094592K) Eden: 2092032K(2092032K)->0K(2092032K) From: 1184K(2048K)->1184K(2560K)
[2782.725s][info ][gc,heap        ] GC(161) ParOldGen: 337130K(387072K)->337170K(387072K)
[2782.725s][info ][gc,metaspace   ] GC(161) Metaspace: 79590K(80512K)->79590K(80512K) NonClass: 68216K(68736K)->68216K(68736K) Class: 11373K(11776K)->11373K(11776K)
[2782.725s][info ][gc             ] GC(161) Pause Young (Allocation Failure) 2373M->330M(2423M) 3.104ms
[2782.725s][info ][gc,cpu         ] GC(161) User=0.01s Sys=0.00s Real=0.00s
[2782.725s][info ][safepoint      ] Safepoint "ParallelGCFailedAllocation", Time since last: 12446188385 ns, Reaching safepoint: 103000 ns, At safepoint: 3168106 ns, Total: 3271106 ns
[2803.521s][info ][gc,start       ] GC(162) Pause Young (Allocation Failure)
[2803.524s][debug][gc,phases      ] GC(162) Scavenge 2.795ms
[2803.524s][debug][gc,ref         ] GC(162) Skipped phase 1 of Reference Processing: no references
[2803.524s][debug][gc,ref         ] GC(162) ReferenceProcessor::execute queues: 1, RefProcThreadModel::Single, marks_oops_alive: false
[2803.524s][debug][gc,ref         ] GC(162) Skipped phase 3 of Reference Processing: no references
[2803.524s][debug][gc,ref         ] GC(162) Skipped phase 4 of Reference Processing: no references
[2803.524s][debug][gc,phases      ] GC(162) Reference Processing 0.081ms
[2803.524s][debug][gc,phases      ] GC(162)   VM Weak                        Min:  0.0, Avg:  0.0, Max:  0.0, Diff:  0.0, Sum:  0.0, Workers: 4
[2803.524s][debug][gc,phases      ] GC(162)     Dead                           Min: 0, Avg:  0.0, Max: 0, Diff: 0, Sum: 0, Workers: 4
[2803.524s][debug][gc,phases      ] GC(162)     Total                          Min: 0, Avg: 181.2, Max: 512, Diff: 512, Sum: 725, Workers: 4
[2803.524s][debug][gc,phases      ] GC(162)   ObjectSynchronizer Weak        Min:  0.0, Avg:  0.0, Max:  0.0, Diff:  0.0, Sum:  0.0, Workers: 4
[2803.524s][debug][gc,phases      ] GC(162)     Dead                           Min: 0, Avg:  0.0, Max: 0, Diff: 0, Sum: 0, Workers: 4
[2803.524s][debug][gc,phases      ] GC(162)     Total                          Min: 0, Avg: 12.0, Max: 48, Diff: 48, Sum: 48, Workers: 4
[2803.524s][debug][gc,phases      ] GC(162)   JVMTI Tag Weak OopStorage      Min:  0.0, Avg:  0.0, Max:  0.0, Diff:  0.0, Sum:  0.0, Workers: 4
[2803.524s][debug][gc,phases      ] GC(162)     Dead                           Min: 0, Avg:  0.0, Max: 0, Diff: 0, Sum: 0, Workers: 4
[2803.524s][debug][gc,phases      ] GC(162)     Total                          Min: 0, Avg:  0.0, Max: 0, Diff: 0, Sum: 0, Workers: 4
[2803.524s][debug][gc,phases      ] GC(162)   StringTable Weak               Min:  0.0, Avg:  0.1, Max:  0.1, Diff:  0.1, Sum:  0.3, Workers: 4
[2803.524s][debug][gc,phases      ] GC(162)     Dead                           Min: 0, Avg:  0.0, Max: 0, Diff: 0, Sum: 0, Workers: 4
[2803.524s][debug][gc,phases      ] GC(162)     Total                          Min: 0, Avg: 10838.2, Max: 18905, Diff: 18905, Sum: 43353, Workers: 4
[2803.524s][debug][gc,phases      ] GC(162)   ResolvedMethodTable Weak       Min:  0.0, Avg:  0.0, Max:  0.0, Diff:  0.0, Sum:  0.1, Workers: 4
[2803.524s][debug][gc,phases      ] GC(162)     Dead                           Min: 0, Avg:  0.0, Max: 0, Diff: 0, Sum: 0, Workers: 4
[2803.524s][debug][gc,phases      ] GC(162)     Total                          Min: 0, Avg: 2188.5, Max: 3776, Diff: 3776, Sum: 8754, Workers: 4
[2803.524s][debug][gc,phases      ] GC(162)   JNI Weak                       Min:  0.0, Avg:  0.0, Max:  0.0, Diff:  0.0, Sum:  0.0, Workers: 4
[2803.524s][debug][gc,phases      ] GC(162)     Dead                           Min: 0, Avg:  0.0, Max: 0, Diff: 0, Sum: 0, Workers: 4
[2803.524s][debug][gc,phases      ] GC(162)     Total                          Min: 0, Avg: 11.2, Max: 45, Diff: 45, Sum: 45, Workers: 4
[2803.524s][debug][gc,phases      ] GC(162)   StringDedup Table Weak         Min:  0.0, Avg:  0.0, Max:  0.0, Diff:  0.0, Sum:  0.0, Workers: 4
[2803.524s][debug][gc,phases      ] GC(162)     Dead                           Min: 0, Avg:  0.0, Max: 0, Diff: 0, Sum: 0, Workers: 4
[2803.524s][debug][gc,phases      ] GC(162)     Total                          Min: 0, Avg:  0.0, Max: 0, Diff: 0, Sum: 0, Workers: 4
[2803.524s][debug][gc,phases      ] GC(162)   StringDedup Requests0 Weak     Min:  0.0, Avg:  0.0, Max:  0.0, Diff:  0.0, Sum:  0.0, Workers: 4
[2803.524s][debug][gc,phases      ] GC(162)     Dead                           Min: 0, Avg:  0.0, Max: 0, Diff: 0, Sum: 0, Workers: 4
[2803.524s][debug][gc,phases      ] GC(162)     Total                          Min: 0, Avg:  0.0, Max: 0, Diff: 0, Sum: 0, Workers: 4
[2803.524s][debug][gc,phases      ] GC(162)   StringDedup Requests1 Weak     Min:  0.0, Avg:  0.0, Max:  0.0, Diff:  0.0, Sum:  0.0, Workers: 4
[2803.524s][debug][gc,phases      ] GC(162)     Dead                           Min: 0, Avg:  0.0, Max: 0, Diff: 0, Sum: 0, Workers: 4
[2803.524s][debug][gc,phases      ] GC(162)     Total                          Min: 0, Avg:  0.0, Max: 0, Diff: 0, Sum: 0, Workers: 4
[2803.524s][debug][gc,phases      ] GC(162)   Weak JFR Old Object Samples    Min:  0.0, Avg:  0.0, Max:  0.0, Diff:  0.0, Sum:  0.0, Workers: 4
[2803.524s][debug][gc,phases      ] GC(162)     Dead                           Min: 0, Avg:  0.0, Max: 0, Diff: 0, Sum: 0, Workers: 4
[2803.524s][debug][gc,phases      ] GC(162)     Total                          Min: 0, Avg:  0.0, Max: 0, Diff: 0, Sum: 0, Workers: 4
[2803.524s][debug][gc,phases      ] GC(162) Weak Processing 0.293ms
[2803.524s][debug][gc,age         ] GC(162) Desired survivor size 2621440 bytes, new threshold 15 (max threshold 15)
[2803.524s][info ][gc,heap        ] GC(162) PSYoungGen: 2093216K(2094592K)->1152K(2094592K) Eden: 2092032K(2092032K)->0K(2092032K) From: 1184K(2560K)->1152K(2560K)
[2803.524s][info ][gc,heap        ] GC(162) ParOldGen: 337170K(387072K)->337178K(387072K)
[2803.524s][info ][gc,metaspace   ] GC(162) Metaspace: 79590K(80512K)->79590K(80512K) NonClass: 68216K(68736K)->68216K(68736K) Class: 11373K(11776K)->11373K(11776K)
[2803.524s][info ][gc             ] GC(162) Pause Young (Allocation Failure) 2373M->330M(2423M) 3.251ms
[2803.524s][info ][gc,cpu         ] GC(162) User=0.01s Sys=0.00s Real=0.00s
[2803.524s][info ][safepoint      ] Safepoint "ParallelGCFailedAllocation", Time since last: 20795716212 ns, Reaching safepoint: 84900 ns, At safepoint: 3332106 ns, Total: 3417006 ns
[2824.326s][info ][gc,start       ] GC(163) Pause Young (Allocation Failure)
[2824.330s][debug][gc,phases      ] GC(163) Scavenge 4.293ms
[2824.330s][debug][gc,ref         ] GC(163) Skipped phase 1 of Reference Processing: no references
[2824.330s][debug][gc,ref         ] GC(163) ReferenceProcessor::execute queues: 1, RefProcThreadModel::Single, marks_oops_alive: false
[2824.330s][debug][gc,ref         ] GC(163) Skipped phase 3 of Reference Processing: no references
[2824.330s][debug][gc,ref         ] GC(163) Skipped phase 4 of Reference Processing: no references
[2824.330s][debug][gc,phases      ] GC(163) Reference Processing 0.095ms
[2824.330s][debug][gc,phases      ] GC(163)   VM Weak                        Min:  0.0, Avg:  0.0, Max:  0.0, Diff:  0.0, Sum:  0.0, Workers: 4
[2824.330s][debug][gc,phases      ] GC(163)     Dead                           Min: 0, Avg:  0.0, Max: 0, Diff: 0, Sum: 0, Workers: 4
[2824.330s][debug][gc,phases      ] GC(163)     Total                          Min: 0, Avg: 181.2, Max: 661, Diff: 661, Sum: 725, Workers: 4
[2824.330s][debug][gc,phases      ] GC(163)   ObjectSynchronizer Weak        Min:  0.0, Avg:  0.0, Max:  0.0, Diff:  0.0, Sum:  0.0, Workers: 4
[2824.330s][debug][gc,phases      ] GC(163)     Dead                           Min: 0, Avg:  0.0, Max: 0, Diff: 0, Sum: 0, Workers: 4
[2824.330s][debug][gc,phases      ] GC(163)     Total                          Min: 0, Avg: 12.0, Max: 48, Diff: 48, Sum: 48, Workers: 4
[2824.331s][debug][gc,phases      ] GC(163)   JVMTI Tag Weak OopStorage      Min:  0.0, Avg:  0.0, Max:  0.0, Diff:  0.0, Sum:  0.0, Workers: 4
[2824.331s][debug][gc,phases      ] GC(163)     Dead                           Min: 0, Avg:  0.0, Max: 0, Diff: 0, Sum: 0, Workers: 4
[2824.331s][debug][gc,phases      ] GC(163)     Total                          Min: 0, Avg:  0.0, Max: 0, Diff: 0, Sum: 0, Workers: 4
[2824.331s][debug][gc,phases      ] GC(163)   StringTable Weak               Min:  0.0, Avg:  0.1, Max:  0.1, Diff:  0.1, Sum:  0.4, Workers: 4
[2824.331s][debug][gc,phases      ] GC(163)     Dead                           Min: 0, Avg:  0.0, Max: 0, Diff: 0, Sum: 0, Workers: 4
[2824.331s][debug][gc,phases      ] GC(163)     Total                          Min: 0, Avg: 10838.2, Max: 16256, Diff: 16256, Sum: 43353, Workers: 4
[2824.331s][debug][gc,phases      ] GC(163)   ResolvedMethodTable Weak       Min:  0.0, Avg:  0.0, Max:  0.0, Diff:  0.0, Sum:  0.1, Workers: 4
[2824.331s][debug][gc,phases      ] GC(163)     Dead                           Min: 0, Avg:  0.0, Max: 0, Diff: 0, Sum: 0, Workers: 4
[2824.331s][debug][gc,phases      ] GC(163)     Total                          Min: 0, Avg: 2188.5, Max: 3250, Diff: 3250, Sum: 8754, Workers: 4
[2824.331s][debug][gc,phases      ] GC(163)   JNI Weak                       Min:  0.0, Avg:  0.0, Max:  0.0, Diff:  0.0, Sum:  0.0, Workers: 4
[2824.331s][debug][gc,phases      ] GC(163)     Dead                           Min: 0, Avg:  0.0, Max: 0, Diff: 0, Sum: 0, Workers: 4
[2824.331s][debug][gc,phases      ] GC(163)     Total                          Min: 0, Avg: 11.2, Max: 45, Diff: 45, Sum: 45, Workers: 4
[2824.331s][debug][gc,phases      ] GC(163)   StringDedup Table Weak         Min:  0.0, Avg:  0.0, Max:  0.0, Diff:  0.0, Sum:  0.0, Workers: 4
[2824.331s][debug][gc,phases      ] GC(163)     Dead                           Min: 0, Avg:  0.0, Max: 0, Diff: 0, Sum: 0, Workers: 4
[2824.331s][debug][gc,phases      ] GC(163)     Total                          Min: 0, Avg:  0.0, Max: 0, Diff: 0, Sum: 0, Workers: 4
[2824.331s][debug][gc,phases      ] GC(163)   StringDedup Requests0 Weak     Min:  0.0, Avg:  0.0, Max:  0.0, Diff:  0.0, Sum:  0.0, Workers: 4
[2824.331s][debug][gc,phases      ] GC(163)     Dead                           Min: 0, Avg:  0.0, Max: 0, Diff: 0, Sum: 0, Workers: 4
[2824.331s][debug][gc,phases      ] GC(163)     Total                          Min: 0, Avg:  0.0, Max: 0, Diff: 0, Sum: 0, Workers: 4
[2824.331s][debug][gc,phases      ] GC(163)   StringDedup Requests1 Weak     Min:  0.0, Avg:  0.0, Max:  0.0, Diff:  0.0, Sum:  0.0, Workers: 4
[2824.331s][debug][gc,phases      ] GC(163)     Dead                           Min: 0, Avg:  0.0, Max: 0, Diff: 0, Sum: 0, Workers: 4
[2824.331s][debug][gc,phases      ] GC(163)     Total                          Min: 0, Avg:  0.0, Max: 0, Diff: 0, Sum: 0, Workers: 4
[2824.331s][debug][gc,phases      ] GC(163)   Weak JFR Old Object Samples    Min:  0.0, Avg:  0.0, Max:  0.0, Diff:  0.0, Sum:  0.0, Workers: 4
[2824.331s][debug][gc,phases      ] GC(163)     Dead                           Min: 0, Avg:  0.0, Max: 0, Diff: 0, Sum: 0, Workers: 4
[2824.331s][debug][gc,phases      ] GC(163)     Total                          Min: 0, Avg:  0.0, Max: 0, Diff: 0, Sum: 0, Workers: 4
[2824.331s][debug][gc,phases      ] GC(163) Weak Processing 0.316ms
[2824.331s][debug][gc,age         ] GC(163) Desired survivor size 2621440 bytes, new threshold 15 (max threshold 15)
[2824.331s][info ][gc,heap        ] GC(163) PSYoungGen: 2093184K(2094592K)->1184K(2094592K) Eden: 2092032K(2092032K)->0K(2092032K) From: 1152K(2560K)->1184K(2560K)
[2824.331s][info ][gc,heap        ] GC(163) ParOldGen: 337178K(387072K)->337210K(387072K)
[2824.331s][info ][gc,metaspace   ] GC(163) Metaspace: 79590K(80512K)->79590K(80512K) NonClass: 68216K(68736K)->68216K(68736K) Class: 11373K(11776K)->11373K(11776K)
[2824.331s][info ][gc             ] GC(163) Pause Young (Allocation Failure) 2373M->330M(2423M) 4.790ms
[2824.331s][info ][gc,cpu         ] GC(163) User=0.01s Sys=0.00s Real=0.01s
[2824.331s][info ][safepoint      ] Safepoint "ParallelGCFailedAllocation", Time since last: 20801619598 ns, Reaching safepoint: 87400 ns, At safepoint: 4901508 ns, Total: 4988908 ns
[2845.108s][info ][gc,start       ] GC(164) Pause Young (Allocation Failure)
[2845.112s][debug][gc,phases      ] GC(164) Scavenge 4.582ms
[2845.112s][debug][gc,ref         ] GC(164) Skipped phase 1 of Reference Processing: no references
[2845.112s][debug][gc,ref         ] GC(164) ReferenceProcessor::execute queues: 1, RefProcThreadModel::Single, marks_oops_alive: false
[2845.113s][debug][gc,ref         ] GC(164) Skipped phase 3 of Reference Processing: no references
[2845.113s][debug][gc,ref         ] GC(164) Skipped phase 4 of Reference Processing: no references
[2845.113s][debug][gc,phases      ] GC(164) Reference Processing 0.083ms
[2845.113s][debug][gc,phases      ] GC(164)   VM Weak                        Min:  0.0, Avg:  0.0, Max:  0.0, Diff:  0.0, Sum:  0.0, Workers: 4
[2845.113s][debug][gc,phases      ] GC(164)     Dead                           Min: 0, Avg:  0.0, Max: 0, Diff: 0, Sum: 0, Workers: 4
[2845.113s][debug][gc,phases      ] GC(164)     Total                          Min: 0, Avg: 181.2, Max: 725, Diff: 725, Sum: 725, Workers: 4
[2845.113s][debug][gc,phases      ] GC(164)   ObjectSynchronizer Weak        Min:  0.0, Avg:  0.0, Max:  0.0, Diff:  0.0, Sum:  0.0, Workers: 4
[2845.113s][debug][gc,phases      ] GC(164)     Dead                           Min: 0, Avg:  0.0, Max: 0, Diff: 0, Sum: 0, Workers: 4
[2845.113s][debug][gc,phases      ] GC(164)     Total                          Min: 0, Avg: 12.0, Max: 48, Diff: 48, Sum: 48, Workers: 4
[2845.113s][debug][gc,phases      ] GC(164)   JVMTI Tag Weak OopStorage      Min:  0.0, Avg:  0.0, Max:  0.0, Diff:  0.0, Sum:  0.0, Workers: 4
[2845.113s][debug][gc,phases      ] GC(164)     Dead                           Min: 0, Avg:  0.0, Max: 0, Diff: 0, Sum: 0, Workers: 4
[2845.113s][debug][gc,phases      ] GC(164)     Total                          Min: 0, Avg:  0.0, Max: 0, Diff: 0, Sum: 0, Workers: 4
[2845.113s][debug][gc,phases      ] GC(164)   StringTable Weak               Min:  0.1, Avg:  0.1, Max:  0.1, Diff:  0.0, Sum:  0.4, Workers: 4
[2845.113s][debug][gc,phases      ] GC(164)     Dead                           Min: 0, Avg:  0.0, Max: 0, Diff: 0, Sum: 0, Workers: 4
[2845.113s][debug][gc,phases      ] GC(164)     Total                          Min: 10330, Avg: 10838.2, Max: 11264, Diff: 934, Sum: 43353, Workers: 4
[2845.113s][debug][gc,phases      ] GC(164)   ResolvedMethodTable Weak       Min:  0.0, Avg:  0.0, Max:  0.0, Diff:  0.0, Sum:  0.1, Workers: 4
[2845.113s][debug][gc,phases      ] GC(164)     Dead                           Min: 0, Avg:  0.0, Max: 0, Diff: 0, Sum: 0, Workers: 4
[2845.113s][debug][gc,phases      ] GC(164)     Total                          Min: 1984, Avg: 2188.5, Max: 2432, Diff: 448, Sum: 8754, Workers: 4
[2845.113s][debug][gc,phases      ] GC(164)   JNI Weak                       Min:  0.0, Avg:  0.0, Max:  0.0, Diff:  0.0, Sum:  0.0, Workers: 4
[2845.113s][debug][gc,phases      ] GC(164)     Dead                           Min: 0, Avg:  0.0, Max: 0, Diff: 0, Sum: 0, Workers: 4
[2845.113s][debug][gc,phases      ] GC(164)     Total                          Min: 0, Avg: 11.2, Max: 45, Diff: 45, Sum: 45, Workers: 4
[2845.113s][debug][gc,phases      ] GC(164)   StringDedup Table Weak         Min:  0.0, Avg:  0.0, Max:  0.0, Diff:  0.0, Sum:  0.0, Workers: 4
[2845.113s][debug][gc,phases      ] GC(164)     Dead                           Min: 0, Avg:  0.0, Max: 0, Diff: 0, Sum: 0, Workers: 4
[2845.113s][debug][gc,phases      ] GC(164)     Total                          Min: 0, Avg:  0.0, Max: 0, Diff: 0, Sum: 0, Workers: 4
[2845.113s][debug][gc,phases      ] GC(164)   StringDedup Requests0 Weak     Min:  0.0, Avg:  0.0, Max:  0.0, Diff:  0.0, Sum:  0.0, Workers: 4
[2845.113s][debug][gc,phases      ] GC(164)     Dead                           Min: 0, Avg:  0.0, Max: 0, Diff: 0, Sum: 0, Workers: 4
[2845.113s][debug][gc,phases      ] GC(164)     Total                          Min: 0, Avg:  0.0, Max: 0, Diff: 0, Sum: 0, Workers: 4
[2845.113s][debug][gc,phases      ] GC(164)   StringDedup Requests1 Weak     Min:  0.0, Avg:  0.0, Max:  0.0, Diff:  0.0, Sum:  0.0, Workers: 4
[2845.113s][debug][gc,phases      ] GC(164)     Dead                           Min: 0, Avg:  0.0, Max: 0, Diff: 0, Sum: 0, Workers: 4
[2845.113s][debug][gc,phases      ] GC(164)     Total                          Min: 0, Avg:  0.0, Max: 0, Diff: 0, Sum: 0, Workers: 4
[2845.113s][debug][gc,phases      ] GC(164)   Weak JFR Old Object Samples    Min:  0.0, Avg:  0.0, Max:  0.0, Diff:  0.0, Sum:  0.0, Workers: 4
[2845.113s][debug][gc,phases      ] GC(164)     Dead                           Min: 0, Avg:  0.0, Max: 0, Diff: 0, Sum: 0, Workers: 4
[2845.113s][debug][gc,phases      ] GC(164)     Total                          Min: 0, Avg:  0.0, Max: 0, Diff: 0, Sum: 0, Workers: 4
[2845.113s][debug][gc,phases      ] GC(164) Weak Processing 0.287ms
[2845.113s][debug][gc,age         ] GC(164) Desired survivor size 2621440 bytes, new threshold 15 (max threshold 15)
[2845.113s][info ][gc,heap        ] GC(164) PSYoungGen: 2093216K(2094592K)->1344K(2094592K) Eden: 2092032K(2092032K)->0K(2092032K) From: 1184K(2560K)->1344K(2560K)
[2845.113s][info ][gc,heap        ] GC(164) ParOldGen: 337210K(387072K)->337218K(387072K)
[2845.113s][info ][gc,metaspace   ] GC(164) Metaspace: 79590K(80512K)->79590K(80512K) NonClass: 68216K(68736K)->68216K(68736K) Class: 11373K(11776K)->11373K(11776K)
[2845.113s][info ][gc             ] GC(164) Pause Young (Allocation Failure) 2373M->330M(2423M) 5.055ms
[2845.113s][info ][gc,cpu         ] GC(164) User=0.01s Sys=0.00s Real=0.00s
[2845.113s][info ][safepoint      ] Safepoint "ParallelGCFailedAllocation", Time since last: 20777004941 ns, Reaching safepoint: 63500 ns, At safepoint: 5126409 ns, Total: 5189909 ns
[2847.113s][info ][safepoint      ] Safepoint "Cleanup", Time since last: 2000140233 ns, Reaching safepoint: 41800 ns, At safepoint: 6800 ns, Total: 48600 ns
[2848.113s][info ][safepoint      ] Safepoint "Cleanup", Time since last: 1000089766 ns, Reaching safepoint: 87400 ns, At safepoint: 8300 ns, Total: 95700 ns
[2850.113s][info ][safepoint      ] Safepoint "Cleanup", Time since last: 2000146031 ns, Reaching safepoint: 41700 ns, At safepoint: 2800 ns, Total: 44500 ns
[2852.114s][info ][safepoint      ] Safepoint "Cleanup", Time since last: 2000157228 ns, Reaching safepoint: 53201 ns, At safepoint: 3300 ns, Total: 56501 ns
[2853.114s][info ][safepoint      ] Safepoint "Cleanup", Time since last: 1000097863 ns, Reaching safepoint: 36100 ns, At safepoint: 4400 ns, Total: 40500 ns
[2855.114s][info ][safepoint      ] Safepoint "Cleanup", Time since last: 2000151926 ns, Reaching safepoint: 46200 ns, At safepoint: 2500 ns, Total: 48700 ns
[2858.346s][info ][safepoint      ] Safepoint "Cleanup", Time since last: 3231811970 ns, Reaching safepoint: 110400 ns, At safepoint: 15100 ns, Total: 125500 ns
[2858.639s][info ][gc,start       ] GC(165) Pause Young (Allocation Failure)
[2858.680s][debug][gc,phases      ] GC(165) Scavenge 41.240ms
[2858.680s][debug][gc,ref         ] GC(165) Skipped phase 1 of Reference Processing: no references
[2858.680s][debug][gc,ref         ] GC(165) ReferenceProcessor::execute queues: 1, RefProcThreadModel::Single, marks_oops_alive: false
[2858.680s][debug][gc,ref         ] GC(165) Skipped phase 3 of Reference Processing: no references
[2858.680s][debug][gc,ref         ] GC(165) ReferenceProcessor::execute queues: 1, RefProcThreadModel::Single, marks_oops_alive: false
[2858.680s][debug][gc,phases      ] GC(165) Reference Processing 0.092ms
[2858.680s][debug][gc,phases      ] GC(165)   VM Weak                        Min:  0.0, Avg:  0.0, Max:  0.0, Diff:  0.0, Sum:  0.0, Workers: 4
[2858.680s][debug][gc,phases      ] GC(165)     Dead                           Min: 0, Avg:  0.0, Max: 0, Diff: 0, Sum: 0, Workers: 4
[2858.680s][debug][gc,phases      ] GC(165)     Total                          Min: 0, Avg: 181.2, Max: 725, Diff: 725, Sum: 725, Workers: 4
[2858.680s][debug][gc,phases      ] GC(165)   ObjectSynchronizer Weak        Min:  0.0, Avg:  0.0, Max:  0.0, Diff:  0.0, Sum:  0.0, Workers: 4
[2858.680s][debug][gc,phases      ] GC(165)     Dead                           Min: 0, Avg:  0.0, Max: 0, Diff: 0, Sum: 0, Workers: 4
[2858.680s][debug][gc,phases      ] GC(165)     Total                          Min: 0, Avg: 12.0, Max: 48, Diff: 48, Sum: 48, Workers: 4
[2858.680s][debug][gc,phases      ] GC(165)   JVMTI Tag Weak OopStorage      Min:  0.0, Avg:  0.0, Max:  0.0, Diff:  0.0, Sum:  0.0, Workers: 4
[2858.680s][debug][gc,phases      ] GC(165)     Dead                           Min: 0, Avg:  0.0, Max: 0, Diff: 0, Sum: 0, Workers: 4
[2858.680s][debug][gc,phases      ] GC(165)     Total                          Min: 0, Avg:  0.0, Max: 0, Diff: 0, Sum: 0, Workers: 4
[2858.680s][debug][gc,phases      ] GC(165)   StringTable Weak               Min:  0.1, Avg:  0.1, Max:  0.1, Diff:  0.0, Sum:  0.4, Workers: 4
[2858.680s][debug][gc,phases      ] GC(165)     Dead                           Min: 0, Avg:  0.5, Max: 2, Diff: 2, Sum: 2, Workers: 4
[2858.680s][debug][gc,phases      ] GC(165)     Total                          Min: 9258, Avg: 10842.0, Max: 12799, Diff: 3541, Sum: 43368, Workers: 4
[2858.680s][debug][gc,phases      ] GC(165)   ResolvedMethodTable Weak       Min:  0.0, Avg:  0.0, Max:  0.0, Diff:  0.0, Sum:  0.1, Workers: 4
[2858.680s][debug][gc,phases      ] GC(165)     Dead                           Min: 0, Avg:  0.0, Max: 0, Diff: 0, Sum: 0, Workers: 4
[2858.680s][debug][gc,phases      ] GC(165)     Total                          Min: 1984, Avg: 2192.5, Max: 2498, Diff: 514, Sum: 8770, Workers: 4
[2858.680s][debug][gc,phases      ] GC(165)   JNI Weak                       Min:  0.0, Avg:  0.0, Max:  0.0, Diff:  0.0, Sum:  0.0, Workers: 4
[2858.680s][debug][gc,phases      ] GC(165)     Dead                           Min: 0, Avg:  0.0, Max: 0, Diff: 0, Sum: 0, Workers: 4
[2858.680s][debug][gc,phases      ] GC(165)     Total                          Min: 0, Avg: 11.2, Max: 45, Diff: 45, Sum: 45, Workers: 4
[2858.680s][debug][gc,phases      ] GC(165)   StringDedup Table Weak         Min:  0.0, Avg:  0.0, Max:  0.0, Diff:  0.0, Sum:  0.0, Workers: 4
[2858.680s][debug][gc,phases      ] GC(165)     Dead                           Min: 0, Avg:  0.0, Max: 0, Diff: 0, Sum: 0, Workers: 4
[2858.680s][debug][gc,phases      ] GC(165)     Total                          Min: 0, Avg:  0.0, Max: 0, Diff: 0, Sum: 0, Workers: 4
[2858.680s][debug][gc,phases      ] GC(165)   StringDedup Requests0 Weak     Min:  0.0, Avg:  0.0, Max:  0.0, Diff:  0.0, Sum:  0.0, Workers: 4
[2858.680s][debug][gc,phases      ] GC(165)     Dead                           Min: 0, Avg:  0.0, Max: 0, Diff: 0, Sum: 0, Workers: 4
[2858.680s][debug][gc,phases      ] GC(165)     Total                          Min: 0, Avg:  0.0, Max: 0, Diff: 0, Sum: 0, Workers: 4
[2858.680s][debug][gc,phases      ] GC(165)   StringDedup Requests1 Weak     Min:  0.0, Avg:  0.0, Max:  0.0, Diff:  0.0, Sum:  0.0, Workers: 4
[2858.680s][debug][gc,phases      ] GC(165)     Dead                           Min: 0, Avg:  0.0, Max: 0, Diff: 0, Sum: 0, Workers: 4
[2858.680s][debug][gc,phases      ] GC(165)     Total                          Min: 0, Avg:  0.0, Max: 0, Diff: 0, Sum: 0, Workers: 4
[2858.680s][debug][gc,phases      ] GC(165)   Weak JFR Old Object Samples    Min:  0.0, Avg:  0.0, Max:  0.0, Diff:  0.0, Sum:  0.0, Workers: 4
[2858.680s][debug][gc,phases      ] GC(165)     Dead                           Min: 0, Avg:  0.0, Max: 0, Diff: 0, Sum: 0, Workers: 4
[2858.680s][debug][gc,phases      ] GC(165)     Total                          Min: 0, Avg:  0.0, Max: 0, Diff: 0, Sum: 0, Workers: 4
[2858.680s][debug][gc,phases      ] GC(165) Weak Processing 0.295ms
[2858.680s][debug][gc,age         ] GC(165) Desired survivor size 21495808 bytes, new threshold 14 (max threshold 15)
[2858.680s][info ][gc,heap        ] GC(165) PSYoungGen: 2093376K(2094592K)->2544K(2094592K) Eden: 2092032K(2092032K)->0K(2092032K) From: 1344K(2560K)->2544K(2560K)
[2858.680s][info ][gc,heap        ] GC(165) ParOldGen: 337218K(387072K)->387150K(387584K)
[2858.680s][info ][gc,metaspace   ] GC(165) Metaspace: 79659K(80640K)->79659K(80640K) NonClass: 68276K(68800K)->68276K(68800K) Class: 11382K(11840K)->11382K(11840K)
[2858.680s][info ][gc             ] GC(165) Pause Young (Allocation Failure) 2373M->380M(2424M) 41.744ms
[2858.680s][info ][gc,cpu         ] GC(165) User=0.09s Sys=0.04s Real=0.04s
[2858.680s][debug][gc,phases      ] GC(166) Pre Compact 0.014ms
[2858.680s][info ][gc,start       ] GC(166) Pause Full (Ergonomics)
[2858.680s][info ][gc,phases,start] GC(166) Marking Phase
[2858.775s][debug][gc,phases      ] GC(166) Par Mark 94.181ms
[2858.775s][debug][gc,ref         ] GC(166) ReferenceProcessor::execute queues: 4, RefProcThreadModel::Multi, marks_oops_alive: true
[2858.775s][debug][gc,ref         ] GC(166) ReferenceProcessor::execute queues: 4, RefProcThreadModel::Multi, marks_oops_alive: false
[2858.775s][debug][gc,ref         ] GC(166) Skipped phase 3 of Reference Processing: no references
[2858.775s][debug][gc,ref         ] GC(166) ReferenceProcessor::execute queues: 1, RefProcThreadModel::Single, marks_oops_alive: false
[2858.776s][debug][gc,phases      ] GC(166) Reference Processing 0.869ms
[2858.776s][debug][gc,phases      ] GC(166)   VM Weak                        Min:  0.0, Avg:  0.0, Max:  0.0, Diff:  0.0, Sum:  0.0, Workers: 4
[2858.776s][debug][gc,phases      ] GC(166)     Dead                           Min: 0, Avg: 34.0, Max: 68, Diff: 68, Sum: 136, Workers: 4
[2858.776s][debug][gc,phases      ] GC(166)     Total                          Min: 0, Avg: 181.2, Max: 405, Diff: 405, Sum: 725, Workers: 4
[2858.776s][debug][gc,phases      ] GC(166)   ObjectSynchronizer Weak        Min:  0.0, Avg:  0.0, Max:  0.0, Diff:  0.0, Sum:  0.0, Workers: 4
[2858.776s][debug][gc,phases      ] GC(166)     Dead                           Min: 0, Avg:  0.0, Max: 0, Diff: 0, Sum: 0, Workers: 4
[2858.776s][debug][gc,phases      ] GC(166)     Total                          Min: 0, Avg: 12.0, Max: 48, Diff: 48, Sum: 48, Workers: 4
[2858.776s][debug][gc,phases      ] GC(166)   JVMTI Tag Weak OopStorage      Min:  0.0, Avg:  0.0, Max:  0.0, Diff:  0.0, Sum:  0.0, Workers: 4
[2858.776s][debug][gc,phases      ] GC(166)     Dead                           Min: 0, Avg:  0.0, Max: 0, Diff: 0, Sum: 0, Workers: 4
[2858.776s][debug][gc,phases      ] GC(166)     Total                          Min: 0, Avg:  0.0, Max: 0, Diff: 0, Sum: 0, Workers: 4
[2858.776s][debug][gc,phases      ] GC(166)   StringTable Weak               Min:  0.1, Avg:  0.1, Max:  0.1, Diff:  0.0, Sum:  0.6, Workers: 4
[2858.776s][debug][gc,phases      ] GC(166)     Dead                           Min: 120, Avg: 302.0, Max: 513, Diff: 393, Sum: 1208, Workers: 4
[2858.776s][debug][gc,phases      ] GC(166)     Total                          Min: 10027, Avg: 10842.0, Max: 11648, Diff: 1621, Sum: 43368, Workers: 4
[2858.776s][debug][gc,phases      ] GC(166)   ResolvedMethodTable Weak       Min:  0.0, Avg:  0.0, Max:  0.0, Diff:  0.0, Sum:  0.1, Workers: 4
[2858.776s][debug][gc,phases      ] GC(166)     Dead                           Min: 30, Avg: 34.0, Max: 45, Diff: 15, Sum: 136, Workers: 4
[2858.776s][debug][gc,phases      ] GC(166)     Total                          Min: 2112, Avg: 2192.5, Max: 2368, Diff: 256, Sum: 8770, Workers: 4
[2858.776s][debug][gc,phases      ] GC(166)   JNI Weak                       Min:  0.0, Avg:  0.0, Max:  0.0, Diff:  0.0, Sum:  0.0, Workers: 4
[2858.776s][debug][gc,phases      ] GC(166)     Dead                           Min: 0, Avg:  0.0, Max: 0, Diff: 0, Sum: 0, Workers: 4
[2858.776s][debug][gc,phases      ] GC(166)     Total                          Min: 0, Avg: 11.2, Max: 45, Diff: 45, Sum: 45, Workers: 4
[2858.776s][debug][gc,phases      ] GC(166)   StringDedup Table Weak         Min:  0.0, Avg:  0.0, Max:  0.0, Diff:  0.0, Sum:  0.0, Workers: 4
[2858.776s][debug][gc,phases      ] GC(166)     Dead                           Min: 0, Avg:  0.0, Max: 0, Diff: 0, Sum: 0, Workers: 4
[2858.776s][debug][gc,phases      ] GC(166)     Total                          Min: 0, Avg:  0.0, Max: 0, Diff: 0, Sum: 0, Workers: 4
[2858.776s][debug][gc,phases      ] GC(166)   StringDedup Requests0 Weak     Min:  0.0, Avg:  0.0, Max:  0.0, Diff:  0.0, Sum:  0.0, Workers: 4
[2858.776s][debug][gc,phases      ] GC(166)     Dead                           Min: 0, Avg:  0.0, Max: 0, Diff: 0, Sum: 0, Workers: 4
[2858.776s][debug][gc,phases      ] GC(166)     Total                          Min: 0, Avg:  0.0, Max: 0, Diff: 0, Sum: 0, Workers: 4
[2858.776s][debug][gc,phases      ] GC(166)   StringDedup Requests1 Weak     Min:  0.0, Avg:  0.0, Max:  0.0, Diff:  0.0, Sum:  0.0, Workers: 4
[2858.776s][debug][gc,phases      ] GC(166)     Dead                           Min: 0, Avg:  0.0, Max: 0, Diff: 0, Sum: 0, Workers: 4
[2858.776s][debug][gc,phases      ] GC(166)     Total                          Min: 0, Avg:  0.0, Max: 0, Diff: 0, Sum: 0, Workers: 4
[2858.776s][debug][gc,phases      ] GC(166)   Weak JFR Old Object Samples    Min:  0.0, Avg:  0.0, Max:  0.0, Diff:  0.0, Sum:  0.0, Workers: 4
[2858.776s][debug][gc,phases      ] GC(166)     Dead                           Min: 0, Avg:  0.0, Max: 0, Diff: 0, Sum: 0, Workers: 4
[2858.776s][debug][gc,phases      ] GC(166)     Total                          Min: 0, Avg:  0.0, Max: 0, Diff: 0, Sum: 0, Workers: 4
[2858.776s][debug][gc,phases      ] GC(166) Weak Processing 0.346ms
[2858.776s][debug][gc,phases      ] GC(166) ClassLoaderData 0.587ms
[2858.776s][debug][gc,phases      ] GC(166) Trigger cleanups 0.008ms
[2858.801s][debug][gc,phases      ] GC(166) Class Unloading 25.256ms
[2858.801s][info ][gc,phases      ] GC(166) Marking Phase 120.823ms
[2858.801s][info ][gc,phases,start] GC(166) Summary Phase
[2858.801s][info ][gc,phases      ] GC(166) Summary Phase 0.015ms
[2858.801s][info ][gc,phases,start] GC(166) Adjust Roots
[2858.812s][info ][gc,phases      ] GC(166) Adjust Roots 11.282ms
[2858.812s][info ][gc,phases,start] GC(166) Compaction Phase
[2858.930s][info ][gc,phases      ] GC(166) Compaction Phase 117.778ms
[2858.930s][info ][gc,phases,start] GC(166) Post Compact
[2858.931s][info ][gc,phases      ] GC(166) Post Compact 1.040ms
[2858.931s][info ][gc,heap        ] GC(166) PSYoungGen: 2544K(2094592K)->0K(2057728K) Eden: 0K(2092032K)->0K(2055168K) From: 2544K(2560K)->0K(2560K)
[2858.931s][info ][gc,heap        ] GC(166) ParOldGen: 387150K(387584K)->298799K(432128K)
[2858.931s][info ][gc,metaspace   ] GC(166) Metaspace: 79659K(80640K)->79368K(80640K) NonClass: 68276K(68800K)->68055K(68800K) Class: 11382K(11840K)->11313K(11840K)
[2858.931s][info ][gc             ] GC(166) Pause Full (Ergonomics) 380M->291M(2431M) 251.103ms
[2858.931s][info ][gc,cpu         ] GC(166) User=0.80s Sys=0.00s Real=0.25s
[2858.931s][info ][safepoint      ] Safepoint "ParallelGCFailedAllocation", Time since last: 292422386 ns, Reaching safepoint: 142400 ns, At safepoint: 292972987 ns, Total: 293115387 ns
[2860.178s][info ][safepoint      ] Safepoint "Cleanup", Time since last: 1246671569 ns, Reaching safepoint: 89500 ns, At safepoint: 6501 ns, Total: 96001 ns
[2861.178s][info ][safepoint      ] Safepoint "Cleanup", Time since last: 1000086959 ns, Reaching safepoint: 51700 ns, At safepoint: 2000 ns, Total: 53700 ns
[2862.179s][info ][safepoint      ] Safepoint "Cleanup", Time since last: 1000093660 ns, Reaching safepoint: 48000 ns, At safepoint: 6500 ns, Total: 54500 ns
[2863.179s][info ][safepoint      ] Safepoint "Cleanup", Time since last: 1000092059 ns, Reaching safepoint: 131300 ns, At safepoint: 3100 ns, Total: 134400 ns
[2864.179s][info ][safepoint      ] Safepoint "Cleanup", Time since last: 1000089659 ns, Reaching safepoint: 52600 ns, At safepoint: 2300 ns, Total: 54900 ns
[2865.179s][info ][safepoint      ] Safepoint "Cleanup", Time since last: 1000105958 ns, Reaching safepoint: 33300 ns, At safepoint: 2400 ns, Total: 35700 ns
[2868.179s][info ][safepoint      ] Safepoint "Cleanup", Time since last: 3000212071 ns, Reaching safepoint: 39500 ns, At safepoint: 3200 ns, Total: 42700 ns
[2869.179s][info ][safepoint      ] Safepoint "Cleanup", Time since last: 1000110456 ns, Reaching safepoint: 45600 ns, At safepoint: 2100 ns, Total: 47700 ns
[2870.180s][info ][safepoint      ] Safepoint "Cleanup", Time since last: 1000109256 ns, Reaching safepoint: 37000 ns, At safepoint: 2600 ns, Total: 39600 ns
[2872.180s][info ][safepoint      ] Safepoint "Cleanup", Time since last: 2000132310 ns, Reaching safepoint: 72500 ns, At safepoint: 7900 ns, Total: 80400 ns
[2872.713s][info ][gc,start       ] GC(167) Pause Young (Allocation Failure)
[2872.726s][debug][gc,phases      ] GC(167) Scavenge 13.095ms
[2872.726s][debug][gc,ref         ] GC(167) Skipped phase 1 of Reference Processing: no references
[2872.726s][debug][gc,ref         ] GC(167) ReferenceProcessor::execute queues: 1, RefProcThreadModel::Single, marks_oops_alive: false
[2872.727s][debug][gc,ref         ] GC(167) Skipped phase 3 of Reference Processing: no references
[2872.727s][debug][gc,ref         ] GC(167) ReferenceProcessor::execute queues: 1, RefProcThreadModel::Single, marks_oops_alive: false
[2872.727s][debug][gc,phases      ] GC(167) Reference Processing 0.079ms
[2872.727s][debug][gc,phases      ] GC(167)   VM Weak                        Min:  0.0, Avg:  0.0, Max:  0.0, Diff:  0.0, Sum:  0.0, Workers: 4
[2872.727s][debug][gc,phases      ] GC(167)     Dead                           Min: 0, Avg:  0.0, Max: 0, Diff: 0, Sum: 0, Workers: 4
[2872.727s][debug][gc,phases      ] GC(167)     Total                          Min: 0, Avg: 149.5, Max: 598, Diff: 598, Sum: 598, Workers: 4
[2872.727s][debug][gc,phases      ] GC(167)   ObjectSynchronizer Weak        Min:  0.0, Avg:  0.0, Max:  0.0, Diff:  0.0, Sum:  0.0, Workers: 4
[2872.727s][debug][gc,phases      ] GC(167)     Dead                           Min: 0, Avg:  0.0, Max: 0, Diff: 0, Sum: 0, Workers: 4
[2872.727s][debug][gc,phases      ] GC(167)     Total                          Min: 0, Avg: 12.0, Max: 48, Diff: 48, Sum: 48, Workers: 4
[2872.727s][debug][gc,phases      ] GC(167)   JVMTI Tag Weak OopStorage      Min:  0.0, Avg:  0.0, Max:  0.0, Diff:  0.0, Sum:  0.0, Workers: 4
[2872.727s][debug][gc,phases      ] GC(167)     Dead                           Min: 0, Avg:  0.0, Max: 0, Diff: 0, Sum: 0, Workers: 4
[2872.727s][debug][gc,phases      ] GC(167)     Total                          Min: 0, Avg:  0.0, Max: 0, Diff: 0, Sum: 0, Workers: 4
[2872.727s][debug][gc,phases      ] GC(167)   StringTable Weak               Min:  0.1, Avg:  0.1, Max:  0.1, Diff:  0.0, Sum:  0.4, Workers: 4
[2872.727s][debug][gc,phases      ] GC(167)     Dead                           Min: 0, Avg:  0.8, Max: 2, Diff: 2, Sum: 3, Workers: 4
[2872.727s][debug][gc,phases      ] GC(167)     Total                          Min: 9920, Avg: 10855.0, Max: 11840, Diff: 1920, Sum: 43420, Workers: 4
[2872.727s][debug][gc,phases      ] GC(167)   ResolvedMethodTable Weak       Min:  0.0, Avg:  0.0, Max:  0.0, Diff:  0.0, Sum:  0.1, Workers: 4
[2872.727s][debug][gc,phases      ] GC(167)     Dead                           Min: 0, Avg:  0.0, Max: 0, Diff: 0, Sum: 0, Workers: 4
[2872.727s][debug][gc,phases      ] GC(167)     Total                          Min: 2101, Avg: 2205.0, Max: 2303, Diff: 202, Sum: 8820, Workers: 4
[2872.727s][debug][gc,phases      ] GC(167)   JNI Weak                       Min:  0.0, Avg:  0.0, Max:  0.0, Diff:  0.0, Sum:  0.0, Workers: 4
[2872.727s][debug][gc,phases      ] GC(167)     Dead                           Min: 0, Avg:  0.0, Max: 0, Diff: 0, Sum: 0, Workers: 4
[2872.727s][debug][gc,phases      ] GC(167)     Total                          Min: 0, Avg: 11.2, Max: 45, Diff: 45, Sum: 45, Workers: 4
[2872.727s][debug][gc,phases      ] GC(167)   StringDedup Table Weak         Min:  0.0, Avg:  0.0, Max:  0.0, Diff:  0.0, Sum:  0.0, Workers: 4
[2872.727s][debug][gc,phases      ] GC(167)     Dead                           Min: 0, Avg:  0.0, Max: 0, Diff: 0, Sum: 0, Workers: 4
[2872.727s][debug][gc,phases      ] GC(167)     Total                          Min: 0, Avg:  0.0, Max: 0, Diff: 0, Sum: 0, Workers: 4
[2872.727s][debug][gc,phases      ] GC(167)   StringDedup Requests0 Weak     Min:  0.0, Avg:  0.0, Max:  0.0, Diff:  0.0, Sum:  0.0, Workers: 4
[2872.727s][debug][gc,phases      ] GC(167)     Dead                           Min: 0, Avg:  0.0, Max: 0, Diff: 0, Sum: 0, Workers: 4
[2872.727s][debug][gc,phases      ] GC(167)     Total                          Min: 0, Avg:  0.0, Max: 0, Diff: 0, Sum: 0, Workers: 4
[2872.727s][debug][gc,phases      ] GC(167)   StringDedup Requests1 Weak     Min:  0.0, Avg:  0.0, Max:  0.0, Diff:  0.0, Sum:  0.0, Workers: 4
[2872.727s][debug][gc,phases      ] GC(167)     Dead                           Min: 0, Avg:  0.0, Max: 0, Diff: 0, Sum: 0, Workers: 4
[2872.727s][debug][gc,phases      ] GC(167)     Total                          Min: 0, Avg:  0.0, Max: 0, Diff: 0, Sum: 0, Workers: 4
[2872.727s][debug][gc,phases      ] GC(167)   Weak JFR Old Object Samples    Min:  0.0, Avg:  0.0, Max:  0.0, Diff:  0.0, Sum:  0.0, Workers: 4
[2872.727s][debug][gc,phases      ] GC(167)     Dead                           Min: 0, Avg:  0.0, Max: 0, Diff: 0, Sum: 0, Workers: 4
[2872.727s][debug][gc,phases      ] GC(167)     Total                          Min: 0, Avg:  0.0, Max: 0, Diff: 0, Sum: 0, Workers: 4
[2872.727s][debug][gc,phases      ] GC(167) Weak Processing 0.289ms
[2872.727s][debug][gc,age         ] GC(167) Desired survivor size 25165824 bytes, new threshold 15 (max threshold 15)
[2872.727s][info ][gc,heap        ] GC(167) PSYoungGen: 2055168K(2057728K)->19104K(2074624K) Eden: 2055168K(2055168K)->0K(2055168K) From: 0K(2560K)->19104K(19456K)
[2872.727s][info ][gc,heap        ] GC(167) ParOldGen: 298799K(432128K)->298807K(432128K)
[2872.727s][info ][gc,metaspace   ] GC(167) Metaspace: 79491K(80640K)->79491K(80640K) NonClass: 68155K(68800K)->68155K(68800K) Class: 11336K(11840K)->11336K(11840K)
[2872.727s][info ][gc             ] GC(167) Pause Young (Allocation Failure) 2298M->310M(2448M) 13.560ms
[2872.727s][info ][gc,cpu         ] GC(167) User=0.05s Sys=0.00s Real=0.02s
[2872.727s][info ][safepoint      ] Safepoint "ParallelGCFailedAllocation", Time since last: 533327582 ns, Reaching safepoint: 109001 ns, At safepoint: 13630222 ns, Total: 13739223 ns
[2873.727s][info ][safepoint      ] Safepoint "Cleanup", Time since last: 1000081554 ns, Reaching safepoint: 41900 ns, At safepoint: 2500 ns, Total: 44400 ns
[2874.727s][info ][safepoint      ] Safepoint "Cleanup", Time since last: 1000103054 ns, Reaching safepoint: 44700 ns, At safepoint: 2500 ns, Total: 47200 ns
[2877.727s][info ][safepoint      ] Safepoint "Cleanup", Time since last: 3000213158 ns, Reaching safepoint: 39300 ns, At safepoint: 2900 ns, Total: 42200 ns
[2878.728s][info ][safepoint      ] Safepoint "Cleanup", Time since last: 1000087252 ns, Reaching safepoint: 27600 ns, At safepoint: 2200 ns, Total: 29800 ns
[2879.728s][info ][safepoint      ] Safepoint "Cleanup", Time since last: 1000095252 ns, Reaching safepoint: 30600 ns, At safepoint: 2500 ns, Total: 33100 ns
[2880.728s][info ][safepoint      ] Safepoint "Cleanup", Time since last: 1000102451 ns, Reaching safepoint: 43400 ns, At safepoint: 3100 ns, Total: 46500 ns
[2881.728s][info ][safepoint      ] Safepoint "Cleanup", Time since last: 1000114650 ns, Reaching safepoint: 51900 ns, At safepoint: 8200 ns, Total: 60100 ns
[2882.728s][info ][safepoint      ] Safepoint "Cleanup", Time since last: 1000093251 ns, Reaching safepoint: 28800 ns, At safepoint: 2600 ns, Total: 31400 ns
[2883.728s][info ][safepoint      ] Safepoint "Cleanup", Time since last: 1000104149 ns, Reaching safepoint: 24000 ns, At safepoint: 2300 ns, Total: 26300 ns
[2884.728s][info ][safepoint      ] Safepoint "Cleanup", Time since last: 1000097649 ns, Reaching safepoint: 25201 ns, At safepoint: 2700 ns, Total: 27901 ns
[2885.729s][info ][safepoint      ] Safepoint "Cleanup", Time since last: 1000098348 ns, Reaching safepoint: 37800 ns, At safepoint: 2600 ns, Total: 40400 ns
[2886.729s][info ][safepoint      ] Safepoint "Cleanup", Time since last: 1000108749 ns, Reaching safepoint: 26400 ns, At safepoint: 2700 ns, Total: 29100 ns
[2887.729s][info ][safepoint      ] Safepoint "Cleanup", Time since last: 1000070948 ns, Reaching safepoint: 64500 ns, At safepoint: 3200 ns, Total: 67700 ns
[2888.729s][info ][safepoint      ] Safepoint "Cleanup", Time since last: 1000067747 ns, Reaching safepoint: 33500 ns, At safepoint: 2700 ns, Total: 36200 ns
[2889.729s][info ][safepoint      ] Safepoint "Cleanup", Time since last: 1000101547 ns, Reaching safepoint: 59800 ns, At safepoint: 10000 ns, Total: 69800 ns
[2890.729s][info ][safepoint      ] Safepoint "Cleanup", Time since last: 1000096047 ns, Reaching safepoint: 39800 ns, At safepoint: 10600 ns, Total: 50400 ns
[2891.729s][info ][safepoint      ] Safepoint "Cleanup", Time since last: 1000100846 ns, Reaching safepoint: 33100 ns, At safepoint: 7600 ns, Total: 40700 ns
[2892.729s][info ][safepoint      ] Safepoint "Cleanup", Time since last: 1000096046 ns, Reaching safepoint: 57300 ns, At safepoint: 2500 ns, Total: 59800 ns
[2893.730s][info ][safepoint      ] Safepoint "Cleanup", Time since last: 1000109045 ns, Reaching safepoint: 29600 ns, At safepoint: 2700 ns, Total: 32300 ns
[2893.823s][info ][gc,start       ] GC(168) Pause Young (Allocation Failure)
[2893.830s][debug][gc,phases      ] GC(168) Scavenge 7.544ms
[2893.830s][debug][gc,ref         ] GC(168) Skipped phase 1 of Reference Processing: no references
[2893.830s][debug][gc,ref         ] GC(168) ReferenceProcessor::execute queues: 1, RefProcThreadModel::Single, marks_oops_alive: false
[2893.830s][debug][gc,ref         ] GC(168) Skipped phase 3 of Reference Processing: no references
[2893.830s][debug][gc,ref         ] GC(168) ReferenceProcessor::execute queues: 1, RefProcThreadModel::Single, marks_oops_alive: false
[2893.830s][debug][gc,phases      ] GC(168) Reference Processing 0.104ms
[2893.831s][debug][gc,phases      ] GC(168)   VM Weak                        Min:  0.0, Avg:  0.0, Max:  0.0, Diff:  0.0, Sum:  0.0, Workers: 4
[2893.831s][debug][gc,phases      ] GC(168)     Dead                           Min: 0, Avg:  0.0, Max: 0, Diff: 0, Sum: 0, Workers: 4
[2893.831s][debug][gc,phases      ] GC(168)     Total                          Min: 0, Avg: 149.8, Max: 400, Diff: 400, Sum: 599, Workers: 4
[2893.831s][debug][gc,phases      ] GC(168)   ObjectSynchronizer Weak        Min:  0.0, Avg:  0.0, Max:  0.0, Diff:  0.0, Sum:  0.0, Workers: 4
[2893.831s][debug][gc,phases      ] GC(168)     Dead                           Min: 0, Avg:  0.0, Max: 0, Diff: 0, Sum: 0, Workers: 4
[2893.831s][debug][gc,phases      ] GC(168)     Total                          Min: 0, Avg: 12.0, Max: 48, Diff: 48, Sum: 48, Workers: 4
[2893.831s][debug][gc,phases      ] GC(168)   JVMTI Tag Weak OopStorage      Min:  0.0, Avg:  0.0, Max:  0.0, Diff:  0.0, Sum:  0.0, Workers: 4
[2893.831s][debug][gc,phases      ] GC(168)     Dead                           Min: 0, Avg:  0.0, Max: 0, Diff: 0, Sum: 0, Workers: 4
[2893.831s][debug][gc,phases      ] GC(168)     Total                          Min: 0, Avg:  0.0, Max: 0, Diff: 0, Sum: 0, Workers: 4
[2893.831s][debug][gc,phases      ] GC(168)   StringTable Weak               Min:  0.0, Avg:  0.1, Max:  0.1, Diff:  0.1, Sum:  0.4, Workers: 4
[2893.831s][debug][gc,phases      ] GC(168)     Dead                           Min: 0, Avg:  0.2, Max: 1, Diff: 1, Sum: 1, Workers: 4
[2893.831s][debug][gc,phases      ] GC(168)     Total                          Min: 0, Avg: 10864.5, Max: 18176, Diff: 18176, Sum: 43458, Workers: 4
[2893.831s][debug][gc,phases      ] GC(168)   ResolvedMethodTable Weak       Min:  0.0, Avg:  0.0, Max:  0.0, Diff:  0.0, Sum:  0.1, Workers: 4
[2893.831s][debug][gc,phases      ] GC(168)     Dead                           Min: 0, Avg:  4.5, Max: 9, Diff: 9, Sum: 18, Workers: 4
[2893.831s][debug][gc,phases      ] GC(168)     Total                          Min: 0, Avg: 2211.0, Max: 3584, Diff: 3584, Sum: 8844, Workers: 4
[2893.831s][debug][gc,phases      ] GC(168)   JNI Weak                       Min:  0.0, Avg:  0.0, Max:  0.0, Diff:  0.0, Sum:  0.0, Workers: 4
[2893.831s][debug][gc,phases      ] GC(168)     Dead                           Min: 0, Avg:  0.0, Max: 0, Diff: 0, Sum: 0, Workers: 4
[2893.831s][debug][gc,phases      ] GC(168)     Total                          Min: 0, Avg: 11.2, Max: 45, Diff: 45, Sum: 45, Workers: 4
[2893.831s][debug][gc,phases      ] GC(168)   StringDedup Table Weak         Min:  0.0, Avg:  0.0, Max:  0.0, Diff:  0.0, Sum:  0.0, Workers: 4
[2893.831s][debug][gc,phases      ] GC(168)     Dead                           Min: 0, Avg:  0.0, Max: 0, Diff: 0, Sum: 0, Workers: 4
[2893.831s][debug][gc,phases      ] GC(168)     Total                          Min: 0, Avg:  0.0, Max: 0, Diff: 0, Sum: 0, Workers: 4
[2893.831s][debug][gc,phases      ] GC(168)   StringDedup Requests0 Weak     Min:  0.0, Avg:  0.0, Max:  0.0, Diff:  0.0, Sum:  0.0, Workers: 4
[2893.831s][debug][gc,phases      ] GC(168)     Dead                           Min: 0, Avg:  0.0, Max: 0, Diff: 0, Sum: 0, Workers: 4
[2893.831s][debug][gc,phases      ] GC(168)     Total                          Min: 0, Avg:  0.0, Max: 0, Diff: 0, Sum: 0, Workers: 4
[2893.831s][debug][gc,phases      ] GC(168)   StringDedup Requests1 Weak     Min:  0.0, Avg:  0.0, Max:  0.0, Diff:  0.0, Sum:  0.0, Workers: 4
[2893.831s][debug][gc,phases      ] GC(168)     Dead                           Min: 0, Avg:  0.0, Max: 0, Diff: 0, Sum: 0, Workers: 4
[2893.831s][debug][gc,phases      ] GC(168)     Total                          Min: 0, Avg:  0.0, Max: 0, Diff: 0, Sum: 0, Workers: 4
[2893.831s][debug][gc,phases      ] GC(168)   Weak JFR Old Object Samples    Min:  0.0, Avg:  0.0, Max:  0.0, Diff:  0.0, Sum:  0.0, Workers: 4
[2893.831s][debug][gc,phases      ] GC(168)     Dead                           Min: 0, Avg:  0.0, Max: 0, Diff: 0, Sum: 0, Workers: 4
[2893.831s][debug][gc,phases      ] GC(168)     Total                          Min: 0, Avg:  0.0, Max: 0, Diff: 0, Sum: 0, Workers: 4
[2893.831s][debug][gc,phases      ] GC(168) Weak Processing 0.337ms
[2893.831s][debug][gc,age         ] GC(168) Desired survivor size 27262976 bytes, new threshold 15 (max threshold 15)
[2893.831s][info ][gc,heap        ] GC(168) PSYoungGen: 2074272K(2074624K)->19040K(2066432K) Eden: 2055168K(2055168K)->0K(2043904K) From: 19104K(19456K)->19040K(22528K)
[2893.831s][info ][gc,heap        ] GC(168) ParOldGen: 298807K(432128K)->298807K(432128K)
[2893.831s][info ][gc,metaspace   ] GC(168) Metaspace: 79585K(80640K)->79585K(80640K) NonClass: 68240K(68800K)->68240K(68800K) Class: 11344K(11840K)->11344K(11840K)
[2893.831s][info ][gc             ] GC(168) Pause Young (Allocation Failure) 2317M->310M(2440M) 8.098ms
[2893.831s][info ][gc,cpu         ] GC(168) User=0.03s Sys=0.00s Real=0.01s
[2893.831s][info ][safepoint      ] Safepoint "ParallelGCFailedAllocation", Time since last: 92874853 ns, Reaching safepoint: 105700 ns, At safepoint: 8167713 ns, Total: 8273413 ns
[2895.831s][info ][safepoint      ] Safepoint "Cleanup", Time since last: 2000152289 ns, Reaching safepoint: 47801 ns, At safepoint: 3400 ns, Total: 51201 ns
[2896.831s][info ][safepoint      ] Safepoint "Cleanup", Time since last: 1000108943 ns, Reaching safepoint: 37701 ns, At safepoint: 2200 ns, Total: 39901 ns
[2897.831s][info ][safepoint      ] Safepoint "Cleanup", Time since last: 1000098343 ns, Reaching safepoint: 38600 ns, At safepoint: 2800 ns, Total: 41400 ns
[2898.831s][info ][safepoint      ] Safepoint "Cleanup", Time since last: 1000097443 ns, Reaching safepoint: 45100 ns, At safepoint: 3400 ns, Total: 48500 ns
[2899.832s][info ][safepoint      ] Safepoint "Cleanup", Time since last: 1000091343 ns, Reaching safepoint: 27200 ns, At safepoint: 2500 ns, Total: 29700 ns
[2900.832s][info ][safepoint      ] Safepoint "Cleanup", Time since last: 1000058642 ns, Reaching safepoint: 46500 ns, At safepoint: 3100 ns, Total: 49600 ns
[2901.832s][info ][safepoint      ] Safepoint "Cleanup", Time since last: 1000094542 ns, Reaching safepoint: 57500 ns, At safepoint: 3300 ns, Total: 60800 ns
[2902.832s][info ][safepoint      ] Safepoint "Cleanup", Time since last: 1000083841 ns, Reaching safepoint: 24500 ns, At safepoint: 2300 ns, Total: 26800 ns
[2903.832s][info ][safepoint      ] Safepoint "Cleanup", Time since last: 1000097141 ns, Reaching safepoint: 59400 ns, At safepoint: 2300 ns, Total: 61700 ns
[2904.832s][info ][safepoint      ] Safepoint "Cleanup", Time since last: 1000124641 ns, Reaching safepoint: 37300 ns, At safepoint: 2900 ns, Total: 40200 ns
[2907.833s][info ][safepoint      ] Safepoint "Cleanup", Time since last: 3000224318 ns, Reaching safepoint: 48800 ns, At safepoint: 12000 ns, Total: 60800 ns
[2909.521s][info ][safepoint      ] Safepoint "Cleanup", Time since last: 1688657267 ns, Reaching safepoint: 138700 ns, At safepoint: 5200 ns, Total: 143900 ns
[2910.522s][info ][safepoint      ] Safepoint "Cleanup", Time since last: 1000106439 ns, Reaching safepoint: 119400 ns, At safepoint: 13000 ns, Total: 132400 ns
[2911.522s][info ][safepoint      ] Safepoint "Cleanup", Time since last: 1000108237 ns, Reaching safepoint: 135501 ns, At safepoint: 8700 ns, Total: 144201 ns
[2912.522s][info ][safepoint      ] Safepoint "Cleanup", Time since last: 1000109137 ns, Reaching safepoint: 111400 ns, At safepoint: 6000 ns, Total: 117400 ns
[2914.522s][info ][safepoint      ] Safepoint "Cleanup", Time since last: 2000161173 ns, Reaching safepoint: 94300 ns, At safepoint: 4300 ns, Total: 98600 ns
[2914.919s][info ][gc,start       ] GC(169) Pause Young (Allocation Failure)
[2914.926s][debug][gc,phases      ] GC(169) Scavenge 7.406ms
[2914.926s][debug][gc,ref         ] GC(169) Skipped phase 1 of Reference Processing: no references
[2914.926s][debug][gc,ref         ] GC(169) ReferenceProcessor::execute queues: 1, RefProcThreadModel::Single, marks_oops_alive: false
[2914.926s][debug][gc,ref         ] GC(169) Skipped phase 3 of Reference Processing: no references
[2914.926s][debug][gc,ref         ] GC(169) ReferenceProcessor::execute queues: 1, RefProcThreadModel::Single, marks_oops_alive: false
[2914.926s][debug][gc,phases      ] GC(169) Reference Processing 0.089ms
[2914.926s][debug][gc,phases      ] GC(169)   VM Weak                        Min:  0.0, Avg:  0.0, Max:  0.0, Diff:  0.0, Sum:  0.0, Workers: 4
[2914.926s][debug][gc,phases      ] GC(169)     Dead                           Min: 0, Avg:  0.0, Max: 0, Diff: 0, Sum: 0, Workers: 4
[2914.926s][debug][gc,phases      ] GC(169)     Total                          Min: 0, Avg: 149.8, Max: 403, Diff: 403, Sum: 599, Workers: 4
[2914.926s][debug][gc,phases      ] GC(169)   ObjectSynchronizer Weak        Min:  0.0, Avg:  0.0, Max:  0.0, Diff:  0.0, Sum:  0.0, Workers: 4
[2914.926s][debug][gc,phases      ] GC(169)     Dead                           Min: 0, Avg:  0.0, Max: 0, Diff: 0, Sum: 0, Workers: 4
[2914.926s][debug][gc,phases      ] GC(169)     Total                          Min: 0, Avg: 12.0, Max: 48, Diff: 48, Sum: 48, Workers: 4
[2914.926s][debug][gc,phases      ] GC(169)   JVMTI Tag Weak OopStorage      Min:  0.0, Avg:  0.0, Max:  0.0, Diff:  0.0, Sum:  0.0, Workers: 4
[2914.926s][debug][gc,phases      ] GC(169)     Dead                           Min: 0, Avg:  0.0, Max: 0, Diff: 0, Sum: 0, Workers: 4
[2914.926s][debug][gc,phases      ] GC(169)     Total                          Min: 0, Avg:  0.0, Max: 0, Diff: 0, Sum: 0, Workers: 4
[2914.926s][debug][gc,phases      ] GC(169)   StringTable Weak               Min:  0.0, Avg:  0.1, Max:  0.1, Diff:  0.1, Sum:  0.3, Workers: 4
[2914.926s][debug][gc,phases      ] GC(169)     Dead                           Min: 0, Avg:  0.5, Max: 2, Diff: 2, Sum: 2, Workers: 4
[2914.926s][debug][gc,phases      ] GC(169)     Total                          Min: 0, Avg: 10865.0, Max: 18886, Diff: 18886, Sum: 43460, Workers: 4
[2914.926s][debug][gc,phases      ] GC(169)   ResolvedMethodTable Weak       Min:  0.0, Avg:  0.0, Max:  0.0, Diff:  0.0, Sum:  0.1, Workers: 4
[2914.926s][debug][gc,phases      ] GC(169)     Dead                           Min: 0, Avg:  0.0, Max: 0, Diff: 0, Sum: 0, Workers: 4
[2914.926s][debug][gc,phases      ] GC(169)     Total                          Min: 0, Avg: 2212.0, Max: 3856, Diff: 3856, Sum: 8848, Workers: 4
[2914.926s][debug][gc,phases      ] GC(169)   JNI Weak                       Min:  0.0, Avg:  0.0, Max:  0.0, Diff:  0.0, Sum:  0.0, Workers: 4
[2914.926s][debug][gc,phases      ] GC(169)     Dead                           Min: 0, Avg:  0.0, Max: 0, Diff: 0, Sum: 0, Workers: 4
[2914.926s][debug][gc,phases      ] GC(169)     Total                          Min: 0, Avg: 11.2, Max: 45, Diff: 45, Sum: 45, Workers: 4
[2914.926s][debug][gc,phases      ] GC(169)   StringDedup Table Weak         Min:  0.0, Avg:  0.0, Max:  0.0, Diff:  0.0, Sum:  0.0, Workers: 4
[2914.926s][debug][gc,phases      ] GC(169)     Dead                           Min: 0, Avg:  0.0, Max: 0, Diff: 0, Sum: 0, Workers: 4
[2914.926s][debug][gc,phases      ] GC(169)     Total                          Min: 0, Avg:  0.0, Max: 0, Diff: 0, Sum: 0, Workers: 4
[2914.926s][debug][gc,phases      ] GC(169)   StringDedup Requests0 Weak     Min:  0.0, Avg:  0.0, Max:  0.0, Diff:  0.0, Sum:  0.0, Workers: 4
[2914.926s][debug][gc,phases      ] GC(169)     Dead                           Min: 0, Avg:  0.0, Max: 0, Diff: 0, Sum: 0, Workers: 4
[2914.926s][debug][gc,phases      ] GC(169)     Total                          Min: 0, Avg:  0.0, Max: 0, Diff: 0, Sum: 0, Workers: 4
[2914.926s][debug][gc,phases      ] GC(169)   StringDedup Requests1 Weak     Min:  0.0, Avg:  0.0, Max:  0.0, Diff:  0.0, Sum:  0.0, Workers: 4
[2914.926s][debug][gc,phases      ] GC(169)     Dead                           Min: 0, Avg:  0.0, Max: 0, Diff: 0, Sum: 0, Workers: 4
[2914.926s][debug][gc,phases      ] GC(169)     Total                          Min: 0, Avg:  0.0, Max: 0, Diff: 0, Sum: 0, Workers: 4
[2914.926s][debug][gc,phases      ] GC(169)   Weak JFR Old Object Samples    Min:  0.0, Avg:  0.0, Max:  0.0, Diff:  0.0, Sum:  0.0, Workers: 4
[2914.926s][debug][gc,phases      ] GC(169)     Dead                           Min: 0, Avg:  0.0, Max: 0, Diff: 0, Sum: 0, Workers: 4
[2914.926s][debug][gc,phases      ] GC(169)     Total                          Min: 0, Avg:  0.0, Max: 0, Diff: 0, Sum: 0, Workers: 4
[2914.926s][debug][gc,phases      ] GC(169) Weak Processing 0.299ms
[2914.926s][debug][gc,age         ] GC(169) Desired survivor size 29360128 bytes, new threshold 15 (max threshold 15)
[2914.926s][info ][gc,heap        ] GC(169) PSYoungGen: 2062944K(2066432K)->19104K(2063360K) Eden: 2043904K(2043904K)->0K(2043904K) From: 19040K(22528K)->19104K(19456K)
[2914.926s][info ][gc,heap        ] GC(169) ParOldGen: 298807K(432128K)->298815K(432128K)
[2914.926s][info ][gc,metaspace   ] GC(169) Metaspace: 79635K(80640K)->79635K(80640K) NonClass: 68288K(68800K)->68288K(68800K) Class: 11346K(11840K)->11346K(11840K)
[2914.926s][info ][gc             ] GC(169) Pause Young (Allocation Failure) 2306M->310M(2437M) 7.896ms
[2914.926s][info ][gc,cpu         ] GC(169) User=0.03s Sys=0.00s Real=0.01s
[2914.926s][info ][safepoint      ] Safepoint "ParallelGCFailedAllocation", Time since last: 396079348 ns, Reaching safepoint: 96200 ns, At safepoint: 7959913 ns, Total: 8056113 ns
[2916.927s][info ][safepoint      ] Safepoint "Cleanup", Time since last: 2000154572 ns, Reaching safepoint: 34200 ns, At safepoint: 2400 ns, Total: 36600 ns
[2917.927s][info ][safepoint      ] Safepoint "Cleanup", Time since last: 1000099035 ns, Reaching safepoint: 65800 ns, At safepoint: 2900 ns, Total: 68700 ns
[2918.927s][info ][safepoint      ] Safepoint "Cleanup", Time since last: 1000099934 ns, Reaching safepoint: 52400 ns, At safepoint: 6600 ns, Total: 59000 ns
[2919.927s][info ][safepoint      ] Safepoint "Cleanup", Time since last: 1000091434 ns, Reaching safepoint: 41900 ns, At safepoint: 3500 ns, Total: 45400 ns
[2921.927s][info ][safepoint      ] Safepoint "Cleanup", Time since last: 2000160667 ns, Reaching safepoint: 76400 ns, At safepoint: 2100 ns, Total: 78500 ns
[2922.927s][info ][safepoint      ] Safepoint "Cleanup", Time since last: 1000077733 ns, Reaching safepoint: 31600 ns, At safepoint: 2900 ns, Total: 34500 ns
[2923.928s][info ][safepoint      ] Safepoint "Cleanup", Time since last: 1000107733 ns, Reaching safepoint: 45500 ns, At safepoint: 2300 ns, Total: 47800 ns
[2930.928s][info ][safepoint      ] Safepoint "Cleanup", Time since last: 7000406315 ns, Reaching safepoint: 31700 ns, At safepoint: 3100 ns, Total: 34800 ns
[2936.820s][info ][gc,start       ] GC(170) Pause Young (Allocation Failure)
[2936.829s][debug][gc,phases      ] GC(170) Scavenge 8.653ms
[2936.829s][debug][gc,ref         ] GC(170) Skipped phase 1 of Reference Processing: no references
[2936.829s][debug][gc,ref         ] GC(170) ReferenceProcessor::execute queues: 1, RefProcThreadModel::Single, marks_oops_alive: false
[2936.829s][debug][gc,ref         ] GC(170) Skipped phase 3 of Reference Processing: no references
[2936.829s][debug][gc,ref         ] GC(170) ReferenceProcessor::execute queues: 1, RefProcThreadModel::Single, marks_oops_alive: false
[2936.829s][debug][gc,phases      ] GC(170) Reference Processing 0.088ms
[2936.829s][debug][gc,phases      ] GC(170)   VM Weak                        Min:  0.0, Avg:  0.0, Max:  0.0, Diff:  0.0, Sum:  0.0, Workers: 4
[2936.829s][debug][gc,phases      ] GC(170)     Dead                           Min: 0, Avg:  0.0, Max: 0, Diff: 0, Sum: 0, Workers: 4
[2936.829s][debug][gc,phases      ] GC(170)     Total                          Min: 0, Avg: 149.8, Max: 512, Diff: 512, Sum: 599, Workers: 4
[2936.829s][debug][gc,phases      ] GC(170)   ObjectSynchronizer Weak        Min:  0.0, Avg:  0.0, Max:  0.0, Diff:  0.0, Sum:  0.0, Workers: 4
[2936.829s][debug][gc,phases      ] GC(170)     Dead                           Min: 0, Avg:  0.0, Max: 0, Diff: 0, Sum: 0, Workers: 4
[2936.829s][debug][gc,phases      ] GC(170)     Total                          Min: 0, Avg: 12.0, Max: 48, Diff: 48, Sum: 48, Workers: 4
[2936.829s][debug][gc,phases      ] GC(170)   JVMTI Tag Weak OopStorage      Min:  0.0, Avg:  0.0, Max:  0.0, Diff:  0.0, Sum:  0.0, Workers: 4
[2936.829s][debug][gc,phases      ] GC(170)     Dead                           Min: 0, Avg:  0.0, Max: 0, Diff: 0, Sum: 0, Workers: 4
[2936.829s][debug][gc,phases      ] GC(170)     Total                          Min: 0, Avg:  0.0, Max: 0, Diff: 0, Sum: 0, Workers: 4
[2936.829s][debug][gc,phases      ] GC(170)   StringTable Weak               Min:  0.1, Avg:  0.1, Max:  0.1, Diff:  0.0, Sum:  0.4, Workers: 4
[2936.829s][debug][gc,phases      ] GC(170)     Dead                           Min: 0, Avg:  0.2, Max: 1, Diff: 1, Sum: 1, Workers: 4
[2936.829s][debug][gc,phases      ] GC(170)     Total                          Min: 9600, Avg: 10866.0, Max: 11904, Diff: 2304, Sum: 43464, Workers: 4
[2936.829s][debug][gc,phases      ] GC(170)   ResolvedMethodTable Weak       Min:  0.0, Avg:  0.0, Max:  0.1, Diff:  0.0, Sum:  0.1, Workers: 4
[2936.829s][debug][gc,phases      ] GC(170)     Dead                           Min: 0, Avg:  0.0, Max: 0, Diff: 0, Sum: 0, Workers: 4
[2936.829s][debug][gc,phases      ] GC(170)     Total                          Min: 768, Avg: 2212.2, Max: 2879, Diff: 2111, Sum: 8849, Workers: 4
[2936.829s][debug][gc,phases      ] GC(170)   JNI Weak                       Min:  0.0, Avg:  0.0, Max:  0.0, Diff:  0.0, Sum:  0.0, Workers: 4
[2936.829s][debug][gc,phases      ] GC(170)     Dead                           Min: 0, Avg:  0.0, Max: 0, Diff: 0, Sum: 0, Workers: 4
[2936.829s][debug][gc,phases      ] GC(170)     Total                          Min: 0, Avg: 11.2, Max: 45, Diff: 45, Sum: 45, Workers: 4
[2936.829s][debug][gc,phases      ] GC(170)   StringDedup Table Weak         Min:  0.0, Avg:  0.0, Max:  0.0, Diff:  0.0, Sum:  0.0, Workers: 4
[2936.829s][debug][gc,phases      ] GC(170)     Dead                           Min: 0, Avg:  0.0, Max: 0, Diff: 0, Sum: 0, Workers: 4
[2936.829s][debug][gc,phases      ] GC(170)     Total                          Min: 0, Avg:  0.0, Max: 0, Diff: 0, Sum: 0, Workers: 4
[2936.829s][debug][gc,phases      ] GC(170)   StringDedup Requests0 Weak     Min:  0.0, Avg:  0.0, Max:  0.0, Diff:  0.0, Sum:  0.0, Workers: 4
[2936.829s][debug][gc,phases      ] GC(170)     Dead                           Min: 0, Avg:  0.0, Max: 0, Diff: 0, Sum: 0, Workers: 4
[2936.829s][debug][gc,phases      ] GC(170)     Total                          Min: 0, Avg:  0.0, Max: 0, Diff: 0, Sum: 0, Workers: 4
[2936.829s][debug][gc,phases      ] GC(170)   StringDedup Requests1 Weak     Min:  0.0, Avg:  0.0, Max:  0.0, Diff:  0.0, Sum:  0.0, Workers: 4
[2936.829s][debug][gc,phases      ] GC(170)     Dead                           Min: 0, Avg:  0.0, Max: 0, Diff: 0, Sum: 0, Workers: 4
[2936.829s][debug][gc,phases      ] GC(170)     Total                          Min: 0, Avg:  0.0, Max: 0, Diff: 0, Sum: 0, Workers: 4
[2936.829s][debug][gc,phases      ] GC(170)   Weak JFR Old Object Samples    Min:  0.0, Avg:  0.0, Max:  0.0, Diff:  0.0, Sum:  0.0, Workers: 4
[2936.829s][debug][gc,phases      ] GC(170)     Dead                           Min: 0, Avg:  0.0, Max: 0, Diff: 0, Sum: 0, Workers: 4
[2936.829s][debug][gc,phases      ] GC(170)     Total                          Min: 0, Avg:  0.0, Max: 0, Diff: 0, Sum: 0, Workers: 4
[2936.829s][debug][gc,phases      ] GC(170) Weak Processing 0.324ms
[2936.829s][debug][gc,age         ] GC(170) Desired survivor size 30932992 bytes, new threshold 15 (max threshold 15)
[2936.829s][info ][gc,heap        ] GC(170) PSYoungGen: 2063008K(2063360K)->19136K(2065408K) Eden: 2043904K(2043904K)->0K(2036736K) From: 19104K(19456K)->19136K(28672K)
[2936.829s][info ][gc,heap        ] GC(170) ParOldGen: 298815K(432128K)->298823K(432128K)
[2936.829s][info ][gc,metaspace   ] GC(170) Metaspace: 79665K(80640K)->79665K(80640K) NonClass: 68317K(68800K)->68317K(68800K) Class: 11347K(11840K)->11347K(11840K)
[2936.829s][info ][gc             ] GC(170) Pause Young (Allocation Failure) 2306M->310M(2439M) 9.168ms
[2936.829s][info ][gc,cpu         ] GC(170) User=0.02s Sys=0.00s Real=0.01s
[2936.829s][info ][safepoint      ] Safepoint "ParallelGCFailedAllocation", Time since last: 5891980493 ns, Reaching safepoint: 106500 ns, At safepoint: 9244915 ns, Total: 9351415 ns
[2937.829s][info ][safepoint      ] Safepoint "Cleanup", Time since last: 1000078727 ns, Reaching safepoint: 23200 ns, At safepoint: 2600 ns, Total: 25800 ns
[2938.830s][info ][safepoint      ] Safepoint "Cleanup", Time since last: 1000101126 ns, Reaching safepoint: 28000 ns, At safepoint: 2600 ns, Total: 30600 ns
[2940.830s][info ][safepoint      ] Safepoint "Cleanup", Time since last: 2000180252 ns, Reaching safepoint: 26100 ns, At safepoint: 2600 ns, Total: 28700 ns
[2943.830s][info ][safepoint      ] Safepoint "Cleanup", Time since last: 3000213075 ns, Reaching safepoint: 25500 ns, At safepoint: 3200 ns, Total: 28700 ns
[2944.830s][info ][safepoint      ] Safepoint "Cleanup", Time since last: 1000090024 ns, Reaching safepoint: 48400 ns, At safepoint: 3000 ns, Total: 51400 ns
[2945.830s][info ][safepoint      ] Safepoint "Cleanup", Time since last: 1000091423 ns, Reaching safepoint: 24700 ns, At safepoint: 13900 ns, Total: 38600 ns
[2946.830s][info ][safepoint      ] Safepoint "Cleanup", Time since last: 1000100724 ns, Reaching safepoint: 41400 ns, At safepoint: 7100 ns, Total: 48500 ns
[2947.831s][info ][safepoint      ] Safepoint "Cleanup", Time since last: 1000097723 ns, Reaching safepoint: 35900 ns, At safepoint: 4800 ns, Total: 40700 ns
[2948.831s][info ][safepoint      ] Safepoint "Cleanup", Time since last: 1000094122 ns, Reaching safepoint: 29000 ns, At safepoint: 2600 ns, Total: 31600 ns
[2949.831s][info ][safepoint      ] Safepoint "Cleanup", Time since last: 1000095322 ns, Reaching safepoint: 36700 ns, At safepoint: 3500 ns, Total: 40200 ns
[2952.831s][info ][safepoint      ] Safepoint "Cleanup", Time since last: 3000201464 ns, Reaching safepoint: 26500 ns, At safepoint: 2300 ns, Total: 28800 ns
[2956.831s][info ][safepoint      ] Safepoint "Cleanup", Time since last: 4000246080 ns, Reaching safepoint: 50600 ns, At safepoint: 5300 ns, Total: 55900 ns
[2957.321s][info ][gc,start       ] GC(171) Pause Young (Allocation Failure)
[2957.329s][debug][gc,phases      ] GC(171) Scavenge 7.440ms
[2957.329s][debug][gc,ref         ] GC(171) Skipped phase 1 of Reference Processing: no references
[2957.329s][debug][gc,ref         ] GC(171) ReferenceProcessor::execute queues: 1, RefProcThreadModel::Single, marks_oops_alive: false
[2957.329s][debug][gc,ref         ] GC(171) Skipped phase 3 of Reference Processing: no references
[2957.329s][debug][gc,ref         ] GC(171) Skipped phase 4 of Reference Processing: no references
[2957.329s][debug][gc,phases      ] GC(171) Reference Processing 0.099ms
[2957.329s][debug][gc,phases      ] GC(171)   VM Weak                        Min:  0.0, Avg:  0.0, Max:  0.0, Diff:  0.0, Sum:  0.0, Workers: 4
[2957.329s][debug][gc,phases      ] GC(171)     Dead                           Min: 0, Avg:  0.0, Max: 0, Diff: 0, Sum: 0, Workers: 4
[2957.329s][debug][gc,phases      ] GC(171)     Total                          Min: 0, Avg: 149.8, Max: 599, Diff: 599, Sum: 599, Workers: 4
[2957.329s][debug][gc,phases      ] GC(171)   ObjectSynchronizer Weak        Min:  0.0, Avg:  0.0, Max:  0.0, Diff:  0.0, Sum:  0.0, Workers: 4
[2957.329s][debug][gc,phases      ] GC(171)     Dead                           Min: 0, Avg:  0.0, Max: 0, Diff: 0, Sum: 0, Workers: 4
[2957.329s][debug][gc,phases      ] GC(171)     Total                          Min: 0, Avg: 12.0, Max: 48, Diff: 48, Sum: 48, Workers: 4
[2957.329s][debug][gc,phases      ] GC(171)   JVMTI Tag Weak OopStorage      Min:  0.0, Avg:  0.0, Max:  0.0, Diff:  0.0, Sum:  0.0, Workers: 4
[2957.329s][debug][gc,phases      ] GC(171)     Dead                           Min: 0, Avg:  0.0, Max: 0, Diff: 0, Sum: 0, Workers: 4
[2957.329s][debug][gc,phases      ] GC(171)     Total                          Min: 0, Avg:  0.0, Max: 0, Diff: 0, Sum: 0, Workers: 4
[2957.329s][debug][gc,phases      ] GC(171)   StringTable Weak               Min:  0.1, Avg:  0.1, Max:  0.1, Diff:  0.0, Sum:  0.4, Workers: 4
[2957.329s][debug][gc,phases      ] GC(171)     Dead                           Min: 0, Avg:  0.0, Max: 0, Diff: 0, Sum: 0, Workers: 4
[2957.329s][debug][gc,phases      ] GC(171)     Total                          Min: 9854, Avg: 10866.0, Max: 11978, Diff: 2124, Sum: 43464, Workers: 4
[2957.329s][debug][gc,phases      ] GC(171)   ResolvedMethodTable Weak       Min:  0.0, Avg:  0.0, Max:  0.0, Diff:  0.0, Sum:  0.1, Workers: 4
[2957.329s][debug][gc,phases      ] GC(171)     Dead                           Min: 0, Avg:  0.0, Max: 0, Diff: 0, Sum: 0, Workers: 4
[2957.329s][debug][gc,phases      ] GC(171)     Total                          Min: 1791, Avg: 2212.2, Max: 2450, Diff: 659, Sum: 8849, Workers: 4
[2957.329s][debug][gc,phases      ] GC(171)   JNI Weak                       Min:  0.0, Avg:  0.0, Max:  0.0, Diff:  0.0, Sum:  0.0, Workers: 4
[2957.329s][debug][gc,phases      ] GC(171)     Dead                           Min: 0, Avg:  0.0, Max: 0, Diff: 0, Sum: 0, Workers: 4
[2957.329s][debug][gc,phases      ] GC(171)     Total                          Min: 0, Avg: 11.2, Max: 45, Diff: 45, Sum: 45, Workers: 4
[2957.329s][debug][gc,phases      ] GC(171)   StringDedup Table Weak         Min:  0.0, Avg:  0.0, Max:  0.0, Diff:  0.0, Sum:  0.0, Workers: 4
[2957.329s][debug][gc,phases      ] GC(171)     Dead                           Min: 0, Avg:  0.0, Max: 0, Diff: 0, Sum: 0, Workers: 4
[2957.329s][debug][gc,phases      ] GC(171)     Total                          Min: 0, Avg:  0.0, Max: 0, Diff: 0, Sum: 0, Workers: 4
[2957.329s][debug][gc,phases      ] GC(171)   StringDedup Requests0 Weak     Min:  0.0, Avg:  0.0, Max:  0.0, Diff:  0.0, Sum:  0.0, Workers: 4
[2957.329s][debug][gc,phases      ] GC(171)     Dead                           Min: 0, Avg:  0.0, Max: 0, Diff: 0, Sum: 0, Workers: 4
[2957.329s][debug][gc,phases      ] GC(171)     Total                          Min: 0, Avg:  0.0, Max: 0, Diff: 0, Sum: 0, Workers: 4
[2957.329s][debug][gc,phases      ] GC(171)   StringDedup Requests1 Weak     Min:  0.0, Avg:  0.0, Max:  0.0, Diff:  0.0, Sum:  0.0, Workers: 4
[2957.329s][debug][gc,phases      ] GC(171)     Dead                           Min: 0, Avg:  0.0, Max: 0, Diff: 0, Sum: 0, Workers: 4
[2957.329s][debug][gc,phases      ] GC(171)     Total                          Min: 0, Avg:  0.0, Max: 0, Diff: 0, Sum: 0, Workers: 4
[2957.329s][debug][gc,phases      ] GC(171)   Weak JFR Old Object Samples    Min:  0.0, Avg:  0.0, Max:  0.0, Diff:  0.0, Sum:  0.0, Workers: 4
[2957.329s][debug][gc,phases      ] GC(171)     Dead                           Min: 0, Avg:  0.0, Max: 0, Diff: 0, Sum: 0, Workers: 4
[2957.329s][debug][gc,phases      ] GC(171)     Total                          Min: 0, Avg:  0.0, Max: 0, Diff: 0, Sum: 0, Workers: 4
[2957.329s][debug][gc,phases      ] GC(171) Weak Processing 0.293ms
[2957.329s][debug][gc,age         ] GC(171) Desired survivor size 32505856 bytes, new threshold 15 (max threshold 15)
[2957.329s][info ][gc,heap        ] GC(171) PSYoungGen: 2055872K(2065408K)->19552K(2056704K) Eden: 2036736K(2036736K)->0K(2036736K) From: 19136K(28672K)->19552K(19968K)
[2957.329s][info ][gc,heap        ] GC(171) ParOldGen: 298823K(432128K)->298823K(432128K)
[2957.329s][info ][gc,metaspace   ] GC(171) Metaspace: 79671K(80640K)->79671K(80640K) NonClass: 68323K(68800K)->68323K(68800K) Class: 11347K(11840K)->11347K(11840K)
[2957.329s][info ][gc             ] GC(171) Pause Young (Allocation Failure) 2299M->310M(2430M) 7.920ms
[2957.329s][info ][gc,cpu         ] GC(171) User=0.03s Sys=0.00s Real=0.01s
[2957.329s][info ][safepoint      ] Safepoint "ParallelGCFailedAllocation", Time since last: 489611193 ns, Reaching safepoint: 93800 ns, At safepoint: 7978213 ns, Total: 8072013 ns
[2958.329s][info ][safepoint      ] Safepoint "Cleanup", Time since last: 1000076318 ns, Reaching safepoint: 26101 ns, At safepoint: 2500 ns, Total: 28601 ns
[2960.329s][info ][safepoint      ] Safepoint "Cleanup", Time since last: 2000152836 ns, Reaching safepoint: 27300 ns, At safepoint: 2400 ns, Total: 29700 ns
[2961.330s][info ][safepoint      ] Safepoint "Cleanup", Time since last: 1000098018 ns, Reaching safepoint: 42400 ns, At safepoint: 2700 ns, Total: 45100 ns
[2962.330s][info ][safepoint      ] Safepoint "Cleanup", Time since last: 1000116317 ns, Reaching safepoint: 33300 ns, At safepoint: 2900 ns, Total: 36200 ns
[2963.330s][info ][safepoint      ] Safepoint "Cleanup", Time since last: 1000103117 ns, Reaching safepoint: 44100 ns, At safepoint: 2600 ns, Total: 46700 ns
[2964.330s][info ][safepoint      ] Safepoint "Cleanup", Time since last: 1000059917 ns, Reaching safepoint: 67200 ns, At safepoint: 2400 ns, Total: 69600 ns
[2965.330s][info ][safepoint      ] Safepoint "Cleanup", Time since last: 1000104516 ns, Reaching safepoint: 49600 ns, At safepoint: 2900 ns, Total: 52500 ns
[2966.330s][info ][safepoint      ] Safepoint "Cleanup", Time since last: 1000096216 ns, Reaching safepoint: 42300 ns, At safepoint: 24500 ns, Total: 66800 ns
[2968.330s][info ][safepoint      ] Safepoint "Cleanup", Time since last: 2000148230 ns, Reaching safepoint: 45600 ns, At safepoint: 2200 ns, Total: 47800 ns
[2969.331s][info ][safepoint      ] Safepoint "Cleanup", Time since last: 1000105515 ns, Reaching safepoint: 34400 ns, At safepoint: 6500 ns, Total: 40900 ns
[2972.331s][info ][safepoint      ] Safepoint "Cleanup", Time since last: 3000192341 ns, Reaching safepoint: 42000 ns, At safepoint: 3500 ns, Total: 45500 ns
[2976.331s][info ][safepoint      ] Safepoint "Cleanup", Time since last: 4000303351 ns, Reaching safepoint: 42800 ns, At safepoint: 16600 ns, Total: 59400 ns
[2977.869s][info ][gc,start       ] GC(172) Pause Young (Allocation Failure)
[2977.879s][debug][gc,phases      ] GC(172) Scavenge 9.756ms
[2977.879s][debug][gc,ref         ] GC(172) Skipped phase 1 of Reference Processing: no references
[2977.879s][debug][gc,ref         ] GC(172) ReferenceProcessor::execute queues: 1, RefProcThreadModel::Single, marks_oops_alive: false
[2977.879s][debug][gc,ref         ] GC(172) Skipped phase 3 of Reference Processing: no references
[2977.879s][debug][gc,ref         ] GC(172) Skipped phase 4 of Reference Processing: no references
[2977.879s][debug][gc,phases      ] GC(172) Reference Processing 0.101ms
[2977.879s][debug][gc,phases      ] GC(172)   VM Weak                        Min:  0.0, Avg:  0.0, Max:  0.0, Diff:  0.0, Sum:  0.0, Workers: 4
[2977.879s][debug][gc,phases      ] GC(172)     Dead                           Min: 0, Avg:  0.0, Max: 0, Diff: 0, Sum: 0, Workers: 4
[2977.879s][debug][gc,phases      ] GC(172)     Total                          Min: 0, Avg: 149.8, Max: 599, Diff: 599, Sum: 599, Workers: 4
[2977.879s][debug][gc,phases      ] GC(172)   ObjectSynchronizer Weak        Min:  0.0, Avg:  0.0, Max:  0.0, Diff:  0.0, Sum:  0.0, Workers: 4
[2977.879s][debug][gc,phases      ] GC(172)     Dead                           Min: 0, Avg:  0.0, Max: 0, Diff: 0, Sum: 0, Workers: 4
[2977.879s][debug][gc,phases      ] GC(172)     Total                          Min: 0, Avg: 12.0, Max: 48, Diff: 48, Sum: 48, Workers: 4
[2977.879s][debug][gc,phases      ] GC(172)   JVMTI Tag Weak OopStorage      Min:  0.0, Avg:  0.0, Max:  0.0, Diff:  0.0, Sum:  0.0, Workers: 4
[2977.879s][debug][gc,phases      ] GC(172)     Dead                           Min: 0, Avg:  0.0, Max: 0, Diff: 0, Sum: 0, Workers: 4
[2977.879s][debug][gc,phases      ] GC(172)     Total                          Min: 0, Avg:  0.0, Max: 0, Diff: 0, Sum: 0, Workers: 4
[2977.879s][debug][gc,phases      ] GC(172)   StringTable Weak               Min:  0.1, Avg:  0.1, Max:  0.1, Diff:  0.0, Sum:  0.5, Workers: 4
[2977.879s][debug][gc,phases      ] GC(172)     Dead                           Min: 0, Avg:  0.0, Max: 0, Diff: 0, Sum: 0, Workers: 4
[2977.879s][debug][gc,phases      ] GC(172)     Total                          Min: 10304, Avg: 10866.5, Max: 11262, Diff: 958, Sum: 43466, Workers: 4
[2977.879s][debug][gc,phases      ] GC(172)   ResolvedMethodTable Weak       Min:  0.0, Avg:  0.0, Max:  0.0, Diff:  0.0, Sum:  0.1, Workers: 4
[2977.879s][debug][gc,phases      ] GC(172)     Dead                           Min: 0, Avg:  0.0, Max: 0, Diff: 0, Sum: 0, Workers: 4
[2977.879s][debug][gc,phases      ] GC(172)     Total                          Min: 1618, Avg: 2212.2, Max: 2687, Diff: 1069, Sum: 8849, Workers: 4
[2977.879s][debug][gc,phases      ] GC(172)   JNI Weak                       Min:  0.0, Avg:  0.0, Max:  0.0, Diff:  0.0, Sum:  0.0, Workers: 4
[2977.879s][debug][gc,phases      ] GC(172)     Dead                           Min: 0, Avg:  0.0, Max: 0, Diff: 0, Sum: 0, Workers: 4
[2977.879s][debug][gc,phases      ] GC(172)     Total                          Min: 0, Avg: 11.2, Max: 45, Diff: 45, Sum: 45, Workers: 4
[2977.879s][debug][gc,phases      ] GC(172)   StringDedup Table Weak         Min:  0.0, Avg:  0.0, Max:  0.0, Diff:  0.0, Sum:  0.0, Workers: 4
[2977.879s][debug][gc,phases      ] GC(172)     Dead                           Min: 0, Avg:  0.0, Max: 0, Diff: 0, Sum: 0, Workers: 4
[2977.879s][debug][gc,phases      ] GC(172)     Total                          Min: 0, Avg:  0.0, Max: 0, Diff: 0, Sum: 0, Workers: 4
[2977.879s][debug][gc,phases      ] GC(172)   StringDedup Requests0 Weak     Min:  0.0, Avg:  0.0, Max:  0.0, Diff:  0.0, Sum:  0.0, Workers: 4
[2977.879s][debug][gc,phases      ] GC(172)     Dead                           Min: 0, Avg:  0.0, Max: 0, Diff: 0, Sum: 0, Workers: 4
[2977.879s][debug][gc,phases      ] GC(172)     Total                          Min: 0, Avg:  0.0, Max: 0, Diff: 0, Sum: 0, Workers: 4
[2977.879s][debug][gc,phases      ] GC(172)   StringDedup Requests1 Weak     Min:  0.0, Avg:  0.0, Max:  0.0, Diff:  0.0, Sum:  0.0, Workers: 4
[2977.879s][debug][gc,phases      ] GC(172)     Dead                           Min: 0, Avg:  0.0, Max: 0, Diff: 0, Sum: 0, Workers: 4
[2977.879s][debug][gc,phases      ] GC(172)     Total                          Min: 0, Avg:  0.0, Max: 0, Diff: 0, Sum: 0, Workers: 4
[2977.879s][debug][gc,phases      ] GC(172)   Weak JFR Old Object Samples    Min:  0.0, Avg:  0.0, Max:  0.0, Diff:  0.0, Sum:  0.0, Workers: 4
[2977.879s][debug][gc,phases      ] GC(172)     Dead                           Min: 0, Avg:  0.0, Max: 0, Diff: 0, Sum: 0, Workers: 4
[2977.879s][debug][gc,phases      ] GC(172)     Total                          Min: 0, Avg:  0.0, Max: 0, Diff: 0, Sum: 0, Workers: 4
[2977.879s][debug][gc,phases      ] GC(172) Weak Processing 0.300ms
[2977.879s][debug][gc,age         ] GC(172) Desired survivor size 33030144 bytes, new threshold 15 (max threshold 15)
[2977.879s][info ][gc,heap        ] GC(172) PSYoungGen: 2056288K(2056704K)->19232K(2064384K) Eden: 2036736K(2036736K)->0K(2032640K) From: 19552K(19968K)->19232K(31744K)
[2977.879s][info ][gc,heap        ] GC(172) ParOldGen: 298823K(432128K)->298831K(432128K)
[2977.879s][info ][gc,metaspace   ] GC(172) Metaspace: 79678K(80640K)->79678K(80640K) NonClass: 68330K(68800K)->68330K(68800K) Class: 11347K(11840K)->11347K(11840K)
[2977.879s][info ][gc             ] GC(172) Pause Young (Allocation Failure) 2299M->310M(2438M) 10.257ms
[2977.879s][info ][gc,cpu         ] GC(172) User=0.03s Sys=0.00s Real=0.01s
[2977.880s][info ][safepoint      ] Safepoint "ParallelGCFailedAllocation", Time since last: 1537874978 ns, Reaching safepoint: 96800 ns, At safepoint: 10321116 ns, Total: 10417916 ns
[2978.880s][info ][safepoint      ] Safepoint "Cleanup", Time since last: 1000082112 ns, Reaching safepoint: 65700 ns, At safepoint: 42800 ns, Total: 108500 ns
[2979.880s][info ][safepoint      ] Safepoint "Cleanup", Time since last: 1000100010 ns, Reaching safepoint: 33300 ns, At safepoint: 2600 ns, Total: 35900 ns
[2980.880s][info ][safepoint      ] Safepoint "Cleanup", Time since last: 1000096211 ns, Reaching safepoint: 39700 ns, At safepoint: 2500 ns, Total: 42200 ns
[2981.880s][info ][safepoint      ] Safepoint "Cleanup", Time since last: 1000080210 ns, Reaching safepoint: 26700 ns, At safepoint: 2500 ns, Total: 29200 ns
[2983.880s][info ][safepoint      ] Safepoint "Cleanup", Time since last: 2000165319 ns, Reaching safepoint: 47200 ns, At safepoint: 4100 ns, Total: 51300 ns
[2984.880s][info ][safepoint      ] Safepoint "Cleanup", Time since last: 1000059609 ns, Reaching safepoint: 36600 ns, At safepoint: 2900 ns, Total: 39500 ns
[2985.881s][info ][safepoint      ] Safepoint "Cleanup", Time since last: 1000098808 ns, Reaching safepoint: 24700 ns, At safepoint: 2600 ns, Total: 27300 ns
[2991.881s][info ][safepoint      ] Safepoint "Cleanup", Time since last: 6000421443 ns, Reaching safepoint: 41000 ns, At safepoint: 3300 ns, Total: 44300 ns
[2992.881s][info ][safepoint      ] Safepoint "Cleanup", Time since last: 1000089306 ns, Reaching safepoint: 40300 ns, At safepoint: 5601 ns, Total: 45901 ns
[2994.881s][info ][safepoint      ] Safepoint "Cleanup", Time since last: 2000173710 ns, Reaching safepoint: 33500 ns, At safepoint: 7800 ns, Total: 41300 ns
[2995.881s][info ][safepoint      ] Safepoint "Cleanup", Time since last: 1000095005 ns, Reaching safepoint: 37000 ns, At safepoint: 3000 ns, Total: 40000 ns
[2997.882s][info ][safepoint      ] Safepoint "Cleanup", Time since last: 2000168609 ns, Reaching safepoint: 76900 ns, At safepoint: 2100 ns, Total: 79000 ns
[2998.520s][info ][gc,start       ] GC(173) Pause Young (Allocation Failure)
[2998.529s][debug][gc,phases      ] GC(173) Scavenge 9.112ms
[2998.529s][debug][gc,ref         ] GC(173) Skipped phase 1 of Reference Processing: no references
[2998.529s][debug][gc,ref         ] GC(173) ReferenceProcessor::execute queues: 1, RefProcThreadModel::Single, marks_oops_alive: false
[2998.529s][debug][gc,ref         ] GC(173) Skipped phase 3 of Reference Processing: no references
[2998.529s][debug][gc,ref         ] GC(173) ReferenceProcessor::execute queues: 1, RefProcThreadModel::Single, marks_oops_alive: false
[2998.529s][debug][gc,phases      ] GC(173) Reference Processing 0.083ms
[2998.529s][debug][gc,phases      ] GC(173)   VM Weak                        Min:  0.0, Avg:  0.0, Max:  0.0, Diff:  0.0, Sum:  0.0, Workers: 4
[2998.529s][debug][gc,phases      ] GC(173)     Dead                           Min: 0, Avg:  0.0, Max: 0, Diff: 0, Sum: 0, Workers: 4
[2998.529s][debug][gc,phases      ] GC(173)     Total                          Min: 0, Avg: 149.8, Max: 435, Diff: 435, Sum: 599, Workers: 4
[2998.529s][debug][gc,phases      ] GC(173)   ObjectSynchronizer Weak        Min:  0.0, Avg:  0.0, Max:  0.0, Diff:  0.0, Sum:  0.0, Workers: 4
[2998.529s][debug][gc,phases      ] GC(173)     Dead                           Min: 0, Avg:  0.0, Max: 0, Diff: 0, Sum: 0, Workers: 4
[2998.529s][debug][gc,phases      ] GC(173)     Total                          Min: 0, Avg: 12.0, Max: 48, Diff: 48, Sum: 48, Workers: 4
[2998.529s][debug][gc,phases      ] GC(173)   JVMTI Tag Weak OopStorage      Min:  0.0, Avg:  0.0, Max:  0.0, Diff:  0.0, Sum:  0.0, Workers: 4
[2998.529s][debug][gc,phases      ] GC(173)     Dead                           Min: 0, Avg:  0.0, Max: 0, Diff: 0, Sum: 0, Workers: 4
[2998.529s][debug][gc,phases      ] GC(173)     Total                          Min: 0, Avg:  0.0, Max: 0, Diff: 0, Sum: 0, Workers: 4
[2998.529s][debug][gc,phases      ] GC(173)   StringTable Weak               Min:  0.0, Avg:  0.1, Max:  0.1, Diff:  0.1, Sum:  0.4, Workers: 4
[2998.529s][debug][gc,phases      ] GC(173)     Dead                           Min: 0, Avg:  0.2, Max: 1, Diff: 1, Sum: 1, Workers: 4
[2998.529s][debug][gc,phases      ] GC(173)     Total                          Min: 0, Avg: 10867.5, Max: 18238, Diff: 18238, Sum: 43470, Workers: 4
[2998.529s][debug][gc,phases      ] GC(173)   ResolvedMethodTable Weak       Min:  0.0, Avg:  0.0, Max:  0.0, Diff:  0.0, Sum:  0.1, Workers: 4
[2998.529s][debug][gc,phases      ] GC(173)     Dead                           Min: 0, Avg:  0.0, Max: 0, Diff: 0, Sum: 0, Workers: 4
[2998.529s][debug][gc,phases      ] GC(173)     Total                          Min: 0, Avg: 2213.0, Max: 3647, Diff: 3647, Sum: 8852, Workers: 4
[2998.529s][debug][gc,phases      ] GC(173)   JNI Weak                       Min:  0.0, Avg:  0.0, Max:  0.0, Diff:  0.0, Sum:  0.0, Workers: 4
[2998.529s][debug][gc,phases      ] GC(173)     Dead                           Min: 0, Avg:  0.0, Max: 0, Diff: 0, Sum: 0, Workers: 4
[2998.529s][debug][gc,phases      ] GC(173)     Total                          Min: 0, Avg: 11.2, Max: 45, Diff: 45, Sum: 45, Workers: 4
[2998.529s][debug][gc,phases      ] GC(173)   StringDedup Table Weak         Min:  0.0, Avg:  0.0, Max:  0.0, Diff:  0.0, Sum:  0.0, Workers: 4
[2998.529s][debug][gc,phases      ] GC(173)     Dead                           Min: 0, Avg:  0.0, Max: 0, Diff: 0, Sum: 0, Workers: 4
[2998.529s][debug][gc,phases      ] GC(173)     Total                          Min: 0, Avg:  0.0, Max: 0, Diff: 0, Sum: 0, Workers: 4
[2998.529s][debug][gc,phases      ] GC(173)   StringDedup Requests0 Weak     Min:  0.0, Avg:  0.0, Max:  0.0, Diff:  0.0, Sum:  0.0, Workers: 4
[2998.529s][debug][gc,phases      ] GC(173)     Dead                           Min: 0, Avg:  0.0, Max: 0, Diff: 0, Sum: 0, Workers: 4
[2998.529s][debug][gc,phases      ] GC(173)     Total                          Min: 0, Avg:  0.0, Max: 0, Diff: 0, Sum: 0, Workers: 4
[2998.529s][debug][gc,phases      ] GC(173)   StringDedup Requests1 Weak     Min:  0.0, Avg:  0.0, Max:  0.0, Diff:  0.0, Sum:  0.0, Workers: 4
[2998.529s][debug][gc,phases      ] GC(173)     Dead                           Min: 0, Avg:  0.0, Max: 0, Diff: 0, Sum: 0, Workers: 4
[2998.529s][debug][gc,phases      ] GC(173)     Total                          Min: 0, Avg:  0.0, Max: 0, Diff: 0, Sum: 0, Workers: 4
[2998.529s][debug][gc,phases      ] GC(173)   Weak JFR Old Object Samples    Min:  0.0, Avg:  0.0, Max:  0.0, Diff:  0.0, Sum:  0.0, Workers: 4
[2998.529s][debug][gc,phases      ] GC(173)     Dead                           Min: 0, Avg:  0.0, Max: 0, Diff: 0, Sum: 0, Workers: 4
[2998.529s][debug][gc,phases      ] GC(173)     Total                          Min: 0, Avg:  0.0, Max: 0, Diff: 0, Sum: 0, Workers: 4
[2998.529s][debug][gc,phases      ] GC(173) Weak Processing 0.327ms
[2998.529s][debug][gc,age         ] GC(173) Desired survivor size 34078720 bytes, new threshold 15 (max threshold 15)
[2998.529s][info ][gc,heap        ] GC(173) PSYoungGen: 2051872K(2064384K)->19360K(2052096K) Eden: 2032640K(2032640K)->0K(2032640K) From: 19232K(31744K)->19360K(19456K)
[2998.529s][info ][gc,heap        ] GC(173) ParOldGen: 298831K(432128K)->298831K(432128K)
[2998.529s][info ][gc,metaspace   ] GC(173) Metaspace: 79710K(80640K)->79710K(80640K) NonClass: 68361K(68800K)->68361K(68800K) Class: 11348K(11840K)->11348K(11840K)
[2998.529s][info ][gc             ] GC(173) Pause Young (Allocation Failure) 2295M->310M(2426M) 9.626ms
[2998.529s][info ][gc,cpu         ] GC(173) User=0.02s Sys=0.00s Real=0.01s
[2998.529s][info ][safepoint      ] Safepoint "ParallelGCFailedAllocation", Time since last: 637794923 ns, Reaching safepoint: 78400 ns, At safepoint: 9684216 ns, Total: 9762616 ns
[2999.532s][info ][safepoint      ] Safepoint "Cleanup", Time since last: 1002331207 ns, Reaching safepoint: 40300 ns, At safepoint: 2100 ns, Total: 42400 ns
[3000.532s][info ][safepoint      ] Safepoint "Cleanup", Time since last: 1000101603 ns, Reaching safepoint: 46700 ns, At safepoint: 3400 ns, Total: 50100 ns
[3004.532s][info ][safepoint      ] Safepoint "Cleanup", Time since last: 4000287410 ns, Reaching safepoint: 46100 ns, At safepoint: 2500 ns, Total: 48600 ns
[3005.532s][info ][safepoint      ] Safepoint "Cleanup", Time since last: 1000112701 ns, Reaching safepoint: 26400 ns, At safepoint: 2300 ns, Total: 28700 ns
[3007.533s][info ][safepoint      ] Safepoint "Cleanup", Time since last: 2000161102 ns, Reaching safepoint: 46000 ns, At safepoint: 3200 ns, Total: 49200 ns
[3008.533s][info ][safepoint      ] Safepoint "Cleanup", Time since last: 1000097201 ns, Reaching safepoint: 42200 ns, At safepoint: 4100 ns, Total: 46300 ns
[3010.533s][info ][safepoint      ] Safepoint "Cleanup", Time since last: 2000183600 ns, Reaching safepoint: 47400 ns, At safepoint: 3600 ns, Total: 51000 ns
[3011.533s][info ][safepoint      ] Safepoint "Cleanup", Time since last: 1000112499 ns, Reaching safepoint: 93800 ns, At safepoint: 6600 ns, Total: 100400 ns
[3012.533s][info ][safepoint      ] Safepoint "Cleanup", Time since last: 1000092899 ns, Reaching safepoint: 53300 ns, At safepoint: 4100 ns, Total: 57400 ns
[3018.322s][info ][gc,start       ] GC(174) Pause Young (Allocation Failure)
[3018.330s][debug][gc,phases      ] GC(174) Scavenge 7.423ms
[3018.330s][debug][gc,ref         ] GC(174) Skipped phase 1 of Reference Processing: no references
[3018.330s][debug][gc,ref         ] GC(174) ReferenceProcessor::execute queues: 1, RefProcThreadModel::Single, marks_oops_alive: false
[3018.330s][debug][gc,ref         ] GC(174) Skipped phase 3 of Reference Processing: no references
[3018.330s][debug][gc,ref         ] GC(174) Skipped phase 4 of Reference Processing: no references
[3018.330s][debug][gc,phases      ] GC(174) Reference Processing 0.088ms
[3018.330s][debug][gc,phases      ] GC(174)   VM Weak                        Min:  0.0, Avg:  0.0, Max:  0.0, Diff:  0.0, Sum:  0.0, Workers: 4
[3018.330s][debug][gc,phases      ] GC(174)     Dead                           Min: 0, Avg:  0.0, Max: 0, Diff: 0, Sum: 0, Workers: 4
[3018.330s][debug][gc,phases      ] GC(174)     Total                          Min: 0, Avg: 149.8, Max: 372, Diff: 372, Sum: 599, Workers: 4
[3018.330s][debug][gc,phases      ] GC(174)   ObjectSynchronizer Weak        Min:  0.0, Avg:  0.0, Max:  0.0, Diff:  0.0, Sum:  0.0, Workers: 4
[3018.330s][debug][gc,phases      ] GC(174)     Dead                           Min: 0, Avg:  0.0, Max: 0, Diff: 0, Sum: 0, Workers: 4
[3018.330s][debug][gc,phases      ] GC(174)     Total                          Min: 0, Avg: 12.0, Max: 48, Diff: 48, Sum: 48, Workers: 4
[3018.330s][debug][gc,phases      ] GC(174)   JVMTI Tag Weak OopStorage      Min:  0.0, Avg:  0.0, Max:  0.0, Diff:  0.0, Sum:  0.0, Workers: 4
[3018.330s][debug][gc,phases      ] GC(174)     Dead                           Min: 0, Avg:  0.0, Max: 0, Diff: 0, Sum: 0, Workers: 4
[3018.330s][debug][gc,phases      ] GC(174)     Total                          Min: 0, Avg:  0.0, Max: 0, Diff: 0, Sum: 0, Workers: 4
[3018.330s][debug][gc,phases      ] GC(174)   StringTable Weak               Min:  0.1, Avg:  0.1, Max:  0.1, Diff:  0.0, Sum:  0.4, Workers: 4
[3018.330s][debug][gc,phases      ] GC(174)     Dead                           Min: 0, Avg:  0.0, Max: 0, Diff: 0, Sum: 0, Workers: 4
[3018.330s][debug][gc,phases      ] GC(174)     Total                          Min: 10750, Avg: 10869.2, Max: 10944, Diff: 194, Sum: 43477, Workers: 4
[3018.330s][debug][gc,phases      ] GC(174)   ResolvedMethodTable Weak       Min:  0.0, Avg:  0.0, Max:  0.0, Diff:  0.0, Sum:  0.1, Workers: 4
[3018.330s][debug][gc,phases      ] GC(174)     Dead                           Min: 0, Avg:  0.0, Max: 0, Diff: 0, Sum: 0, Workers: 4
[3018.330s][debug][gc,phases      ] GC(174)     Total                          Min: 1984, Avg: 2213.0, Max: 2559, Diff: 575, Sum: 8852, Workers: 4
[3018.330s][debug][gc,phases      ] GC(174)   JNI Weak                       Min:  0.0, Avg:  0.0, Max:  0.0, Diff:  0.0, Sum:  0.0, Workers: 4
[3018.330s][debug][gc,phases      ] GC(174)     Dead                           Min: 0, Avg:  0.0, Max: 0, Diff: 0, Sum: 0, Workers: 4
[3018.330s][debug][gc,phases      ] GC(174)     Total                          Min: 0, Avg: 11.2, Max: 45, Diff: 45, Sum: 45, Workers: 4
[3018.330s][debug][gc,phases      ] GC(174)   StringDedup Table Weak         Min:  0.0, Avg:  0.0, Max:  0.0, Diff:  0.0, Sum:  0.0, Workers: 4
[3018.330s][debug][gc,phases      ] GC(174)     Dead                           Min: 0, Avg:  0.0, Max: 0, Diff: 0, Sum: 0, Workers: 4
[3018.330s][debug][gc,phases      ] GC(174)     Total                          Min: 0, Avg:  0.0, Max: 0, Diff: 0, Sum: 0, Workers: 4
[3018.330s][debug][gc,phases      ] GC(174)   StringDedup Requests0 Weak     Min:  0.0, Avg:  0.0, Max:  0.0, Diff:  0.0, Sum:  0.0, Workers: 4
[3018.330s][debug][gc,phases      ] GC(174)     Dead                           Min: 0, Avg:  0.0, Max: 0, Diff: 0, Sum: 0, Workers: 4
[3018.330s][debug][gc,phases      ] GC(174)     Total                          Min: 0, Avg:  0.0, Max: 0, Diff: 0, Sum: 0, Workers: 4
[3018.330s][debug][gc,phases      ] GC(174)   StringDedup Requests1 Weak     Min:  0.0, Avg:  0.0, Max:  0.0, Diff:  0.0, Sum:  0.0, Workers: 4
[3018.330s][debug][gc,phases      ] GC(174)     Dead                           Min: 0, Avg:  0.0, Max: 0, Diff: 0, Sum: 0, Workers: 4
[3018.330s][debug][gc,phases      ] GC(174)     Total                          Min: 0, Avg:  0.0, Max: 0, Diff: 0, Sum: 0, Workers: 4
[3018.330s][debug][gc,phases      ] GC(174)   Weak JFR Old Object Samples    Min:  0.0, Avg:  0.0, Max:  0.0, Diff:  0.0, Sum:  0.0, Workers: 4
[3018.330s][debug][gc,phases      ] GC(174)     Dead                           Min: 0, Avg:  0.0, Max: 0, Diff: 0, Sum: 0, Workers: 4
[3018.330s][debug][gc,phases      ] GC(174)     Total                          Min: 0, Avg:  0.0, Max: 0, Diff: 0, Sum: 0, Workers: 4
[3018.330s][debug][gc,phases      ] GC(174) Weak Processing 0.284ms
[3018.330s][debug][gc,age         ] GC(174) Desired survivor size 34078720 bytes, new threshold 15 (max threshold 15)
[3018.330s][info ][gc,heap        ] GC(174) PSYoungGen: 2052000K(2052096K)->19200K(2063872K) Eden: 2032640K(2032640K)->0K(2030592K) From: 19360K(19456K)->19200K(33280K)
[3018.330s][info ][gc,heap        ] GC(174) ParOldGen: 298831K(432128K)->298839K(432128K)
[3018.330s][info ][gc,metaspace   ] GC(174) Metaspace: 79729K(80640K)->79729K(80640K) NonClass: 68380K(68800K)->68380K(68800K) Class: 11348K(11840K)->11348K(11840K)
[3018.330s][info ][gc             ] GC(174) Pause Young (Allocation Failure) 2295M->310M(2437M) 7.902ms
[3018.330s][info ][gc,cpu         ] GC(174) User=0.03s Sys=0.00s Real=0.01s
[3018.330s][info ][safepoint      ] Safepoint "ParallelGCFailedAllocation", Time since last: 5789096450 ns, Reaching safepoint: 97900 ns, At safepoint: 7970913 ns, Total: 8068813 ns
[3021.331s][info ][safepoint      ] Safepoint "Cleanup", Time since last: 3000161589 ns, Reaching safepoint: 41600 ns, At safepoint: 2400 ns, Total: 44000 ns
[3022.331s][info ][safepoint      ] Safepoint "Cleanup", Time since last: 1000099196 ns, Reaching safepoint: 40300 ns, At safepoint: 2900 ns, Total: 43200 ns
[3025.331s][info ][safepoint      ] Safepoint "Cleanup", Time since last: 3000217085 ns, Reaching safepoint: 53500 ns, At safepoint: 6100 ns, Total: 59600 ns
[3026.331s][info ][safepoint      ] Safepoint "Cleanup", Time since last: 1000104694 ns, Reaching safepoint: 28000 ns, At safepoint: 2400 ns, Total: 30400 ns
[3027.331s][info ][safepoint      ] Safepoint "Cleanup", Time since last: 1000075494 ns, Reaching safepoint: 46500 ns, At safepoint: 2100 ns, Total: 48600 ns
[3028.331s][info ][safepoint      ] Safepoint "Cleanup", Time since last: 1000114294 ns, Reaching safepoint: 50600 ns, At safepoint: 5300 ns, Total: 55900 ns
[3030.332s][info ][safepoint      ] Safepoint "Cleanup", Time since last: 2000167786 ns, Reaching safepoint: 42401 ns, At safepoint: 10400 ns, Total: 52801 ns
[3032.332s][info ][safepoint      ] Safepoint "Cleanup", Time since last: 2000222185 ns, Reaching safepoint: 34800 ns, At safepoint: 2500 ns, Total: 37300 ns
[3034.332s][info ][safepoint      ] Safepoint "Cleanup", Time since last: 2000178083 ns, Reaching safepoint: 36801 ns, At safepoint: 4600 ns, Total: 41401 ns
[3037.332s][info ][safepoint      ] Safepoint "Cleanup", Time since last: 3000238173 ns, Reaching safepoint: 55900 ns, At safepoint: 3400 ns, Total: 59300 ns
[3038.324s][info ][gc,start       ] GC(175) Pause Young (Allocation Failure)
[3038.332s][debug][gc,phases      ] GC(175) Scavenge 7.852ms
[3038.332s][debug][gc,ref         ] GC(175) Skipped phase 1 of Reference Processing: no references
[3038.332s][debug][gc,ref         ] GC(175) ReferenceProcessor::execute queues: 1, RefProcThreadModel::Single, marks_oops_alive: false
[3038.332s][debug][gc,ref         ] GC(175) Skipped phase 3 of Reference Processing: no references
[3038.332s][debug][gc,ref         ] GC(175) Skipped phase 4 of Reference Processing: no references
[3038.332s][debug][gc,phases      ] GC(175) Reference Processing 0.110ms
[3038.332s][debug][gc,phases      ] GC(175)   VM Weak                        Min:  0.0, Avg:  0.0, Max:  0.0, Diff:  0.0, Sum:  0.0, Workers: 4
[3038.332s][debug][gc,phases      ] GC(175)     Dead                           Min: 0, Avg:  0.0, Max: 0, Diff: 0, Sum: 0, Workers: 4
[3038.332s][debug][gc,phases      ] GC(175)     Total                          Min: 0, Avg: 149.8, Max: 543, Diff: 543, Sum: 599, Workers: 4
[3038.332s][debug][gc,phases      ] GC(175)   ObjectSynchronizer Weak        Min:  0.0, Avg:  0.0, Max:  0.0, Diff:  0.0, Sum:  0.0, Workers: 4
[3038.332s][debug][gc,phases      ] GC(175)     Dead                           Min: 0, Avg:  0.0, Max: 0, Diff: 0, Sum: 0, Workers: 4
[3038.332s][debug][gc,phases      ] GC(175)     Total                          Min: 0, Avg: 12.0, Max: 48, Diff: 48, Sum: 48, Workers: 4
[3038.332s][debug][gc,phases      ] GC(175)   JVMTI Tag Weak OopStorage      Min:  0.0, Avg:  0.0, Max:  0.0, Diff:  0.0, Sum:  0.0, Workers: 4
[3038.332s][debug][gc,phases      ] GC(175)     Dead                           Min: 0, Avg:  0.0, Max: 0, Diff: 0, Sum: 0, Workers: 4
[3038.332s][debug][gc,phases      ] GC(175)     Total                          Min: 0, Avg:  0.0, Max: 0, Diff: 0, Sum: 0, Workers: 4
[3038.332s][debug][gc,phases      ] GC(175)   StringTable Weak               Min:  0.1, Avg:  0.1, Max:  0.1, Diff:  0.0, Sum:  0.4, Workers: 4
[3038.332s][debug][gc,phases      ] GC(175)     Dead                           Min: 0, Avg:  0.0, Max: 0, Diff: 0, Sum: 0, Workers: 4
[3038.332s][debug][gc,phases      ] GC(175)     Total                          Min: 8895, Avg: 10869.5, Max: 11840, Diff: 2945, Sum: 43478, Workers: 4
[3038.332s][debug][gc,phases      ] GC(175)   ResolvedMethodTable Weak       Min:  0.0, Avg:  0.0, Max:  0.0, Diff:  0.0, Sum:  0.1, Workers: 4
[3038.332s][debug][gc,phases      ] GC(175)     Dead                           Min: 0, Avg:  0.0, Max: 0, Diff: 0, Sum: 0, Workers: 4
[3038.332s][debug][gc,phases      ] GC(175)     Total                          Min: 1984, Avg: 2213.0, Max: 2517, Diff: 533, Sum: 8852, Workers: 4
[3038.332s][debug][gc,phases      ] GC(175)   JNI Weak                       Min:  0.0, Avg:  0.0, Max:  0.0, Diff:  0.0, Sum:  0.0, Workers: 4
[3038.332s][debug][gc,phases      ] GC(175)     Dead                           Min: 0, Avg:  0.0, Max: 0, Diff: 0, Sum: 0, Workers: 4
[3038.332s][debug][gc,phases      ] GC(175)     Total                          Min: 0, Avg: 11.2, Max: 45, Diff: 45, Sum: 45, Workers: 4
[3038.332s][debug][gc,phases      ] GC(175)   StringDedup Table Weak         Min:  0.0, Avg:  0.0, Max:  0.0, Diff:  0.0, Sum:  0.0, Workers: 4
[3038.332s][debug][gc,phases      ] GC(175)     Dead                           Min: 0, Avg:  0.0, Max: 0, Diff: 0, Sum: 0, Workers: 4
[3038.332s][debug][gc,phases      ] GC(175)     Total                          Min: 0, Avg:  0.0, Max: 0, Diff: 0, Sum: 0, Workers: 4
[3038.332s][debug][gc,phases      ] GC(175)   StringDedup Requests0 Weak     Min:  0.0, Avg:  0.0, Max:  0.0, Diff:  0.0, Sum:  0.0, Workers: 4
[3038.332s][debug][gc,phases      ] GC(175)     Dead                           Min: 0, Avg:  0.0, Max: 0, Diff: 0, Sum: 0, Workers: 4
[3038.332s][debug][gc,phases      ] GC(175)     Total                          Min: 0, Avg:  0.0, Max: 0, Diff: 0, Sum: 0, Workers: 4
[3038.332s][debug][gc,phases      ] GC(175)   StringDedup Requests1 Weak     Min:  0.0, Avg:  0.0, Max:  0.0, Diff:  0.0, Sum:  0.0, Workers: 4
[3038.332s][debug][gc,phases      ] GC(175)     Dead                           Min: 0, Avg:  0.0, Max: 0, Diff: 0, Sum: 0, Workers: 4
[3038.332s][debug][gc,phases      ] GC(175)     Total                          Min: 0, Avg:  0.0, Max: 0, Diff: 0, Sum: 0, Workers: 4
[3038.332s][debug][gc,phases      ] GC(175)   Weak JFR Old Object Samples    Min:  0.0, Avg:  0.0, Max:  0.0, Diff:  0.0, Sum:  0.0, Workers: 4
[3038.332s][debug][gc,phases      ] GC(175)     Dead                           Min: 0, Avg:  0.0, Max: 0, Diff: 0, Sum: 0, Workers: 4
[3038.332s][debug][gc,phases      ] GC(175)     Total                          Min: 0, Avg:  0.0, Max: 0, Diff: 0, Sum: 0, Workers: 4
[3038.332s][debug][gc,phases      ] GC(175) Weak Processing 0.380ms
[3038.332s][debug][gc,age         ] GC(175) Desired survivor size 34078720 bytes, new threshold 15 (max threshold 15)
[3038.332s][info ][gc,heap        ] GC(175) PSYoungGen: 2049792K(2063872K)->19264K(2063872K) Eden: 2030592K(2030592K)->0K(2030592K) From: 19200K(33280K)->19264K(33280K)
[3038.332s][info ][gc,heap        ] GC(175) ParOldGen: 298839K(432128K)->298847K(432128K)
[3038.332s][info ][gc,metaspace   ] GC(175) Metaspace: 79764K(80704K)->79764K(80704K) NonClass: 68415K(68864K)->68415K(68864K) Class: 11348K(11840K)->11348K(11840K)
[3038.332s][info ][gc             ] GC(175) Pause Young (Allocation Failure) 2293M->310M(2437M) 8.460ms
[3038.332s][info ][gc,cpu         ] GC(175) User=0.03s Sys=0.00s Real=0.01s
[3038.332s][info ][safepoint      ] Safepoint "ParallelGCFailedAllocation", Time since last: 991357176 ns, Reaching safepoint: 99400 ns, At safepoint: 8537114 ns, Total: 8636514 ns
[3043.333s][info ][safepoint      ] Safepoint "Cleanup", Time since last: 5000341547 ns, Reaching safepoint: 59500 ns, At safepoint: 3900 ns, Total: 63400 ns
[3045.333s][info ][safepoint      ] Safepoint "Cleanup", Time since last: 2000174076 ns, Reaching safepoint: 60800 ns, At safepoint: 3500 ns, Total: 64300 ns
[3046.333s][info ][safepoint      ] Safepoint "Cleanup", Time since last: 1000114388 ns, Reaching safepoint: 69100 ns, At safepoint: 7400 ns, Total: 76500 ns
[3051.334s][info ][safepoint      ] Safepoint "Cleanup", Time since last: 5000374734 ns, Reaching safepoint: 78100 ns, At safepoint: 38900 ns, Total: 117000 ns
[3052.334s][info ][safepoint      ] Safepoint "Cleanup", Time since last: 1000116786 ns, Reaching safepoint: 86100 ns, At safepoint: 9700 ns, Total: 95800 ns
[3055.334s][info ][safepoint      ] Safepoint "Cleanup", Time since last: 3000213556 ns, Reaching safepoint: 59400 ns, At safepoint: 7200 ns, Total: 66600 ns
[3056.334s][info ][safepoint      ] Safepoint "Cleanup", Time since last: 1000101884 ns, Reaching safepoint: 55100 ns, At safepoint: 2600 ns, Total: 57700 ns
[3057.821s][info ][gc,start       ] GC(176) Pause Young (Allocation Failure)
[3057.830s][debug][gc,phases      ] GC(176) Scavenge 8.744ms
[3057.830s][debug][gc,ref         ] GC(176) Skipped phase 1 of Reference Processing: no references
[3057.830s][debug][gc,ref         ] GC(176) ReferenceProcessor::execute queues: 1, RefProcThreadModel::Single, marks_oops_alive: false
[3057.830s][debug][gc,ref         ] GC(176) Skipped phase 3 of Reference Processing: no references
[3057.830s][debug][gc,ref         ] GC(176) ReferenceProcessor::execute queues: 1, RefProcThreadModel::Single, marks_oops_alive: false
[3057.830s][debug][gc,phases      ] GC(176) Reference Processing 0.121ms
[3057.830s][debug][gc,phases      ] GC(176)   VM Weak                        Min:  0.0, Avg:  0.0, Max:  0.0, Diff:  0.0, Sum:  0.0, Workers: 4
[3057.831s][debug][gc,phases      ] GC(176)     Dead                           Min: 0, Avg:  0.0, Max: 0, Diff: 0, Sum: 0, Workers: 4
[3057.831s][debug][gc,phases      ] GC(176)     Total                          Min: 0, Avg: 149.8, Max: 599, Diff: 599, Sum: 599, Workers: 4
[3057.831s][debug][gc,phases      ] GC(176)   ObjectSynchronizer Weak        Min:  0.0, Avg:  0.0, Max:  0.0, Diff:  0.0, Sum:  0.0, Workers: 4
[3057.831s][debug][gc,phases      ] GC(176)     Dead                           Min: 0, Avg:  0.0, Max: 0, Diff: 0, Sum: 0, Workers: 4
[3057.831s][debug][gc,phases      ] GC(176)     Total                          Min: 0, Avg: 12.2, Max: 49, Diff: 49, Sum: 49, Workers: 4
[3057.831s][debug][gc,phases      ] GC(176)   JVMTI Tag Weak OopStorage      Min:  0.0, Avg:  0.0, Max:  0.0, Diff:  0.0, Sum:  0.0, Workers: 4
[3057.831s][debug][gc,phases      ] GC(176)     Dead                           Min: 0, Avg:  0.0, Max: 0, Diff: 0, Sum: 0, Workers: 4
[3057.831s][debug][gc,phases      ] GC(176)     Total                          Min: 0, Avg:  0.0, Max: 0, Diff: 0, Sum: 0, Workers: 4
[3057.831s][debug][gc,phases      ] GC(176)   StringTable Weak               Min:  0.0, Avg:  0.1, Max:  0.1, Diff:  0.1, Sum:  0.4, Workers: 4
[3057.831s][debug][gc,phases      ] GC(176)     Dead                           Min: 0, Avg:  0.5, Max: 2, Diff: 2, Sum: 2, Workers: 4
[3057.831s][debug][gc,phases      ] GC(176)     Total                          Min: 0, Avg: 10870.0, Max: 18046, Diff: 18046, Sum: 43480, Workers: 4
[3057.831s][debug][gc,phases      ] GC(176)   ResolvedMethodTable Weak       Min:  0.0, Avg:  0.0, Max:  0.0, Diff:  0.0, Sum:  0.1, Workers: 4
[3057.831s][debug][gc,phases      ] GC(176)     Dead                           Min: 0, Avg:  4.5, Max: 18, Diff: 18, Sum: 18, Workers: 4
[3057.831s][debug][gc,phases      ] GC(176)     Total                          Min: 0, Avg: 2216.0, Max: 3772, Diff: 3772, Sum: 8864, Workers: 4
[3057.831s][debug][gc,phases      ] GC(176)   JNI Weak                       Min:  0.0, Avg:  0.0, Max:  0.0, Diff:  0.0, Sum:  0.0, Workers: 4
[3057.831s][debug][gc,phases      ] GC(176)     Dead                           Min: 0, Avg:  0.0, Max: 0, Diff: 0, Sum: 0, Workers: 4
[3057.831s][debug][gc,phases      ] GC(176)     Total                          Min: 0, Avg: 11.2, Max: 45, Diff: 45, Sum: 45, Workers: 4
[3057.831s][debug][gc,phases      ] GC(176)   StringDedup Table Weak         Min:  0.0, Avg:  0.0, Max:  0.0, Diff:  0.0, Sum:  0.0, Workers: 4
[3057.831s][debug][gc,phases      ] GC(176)     Dead                           Min: 0, Avg:  0.0, Max: 0, Diff: 0, Sum: 0, Workers: 4
[3057.831s][debug][gc,phases      ] GC(176)     Total                          Min: 0, Avg:  0.0, Max: 0, Diff: 0, Sum: 0, Workers: 4
[3057.831s][debug][gc,phases      ] GC(176)   StringDedup Requests0 Weak     Min:  0.0, Avg:  0.0, Max:  0.0, Diff:  0.0, Sum:  0.0, Workers: 4
[3057.831s][debug][gc,phases      ] GC(176)     Dead                           Min: 0, Avg:  0.0, Max: 0, Diff: 0, Sum: 0, Workers: 4
[3057.831s][debug][gc,phases      ] GC(176)     Total                          Min: 0, Avg:  0.0, Max: 0, Diff: 0, Sum: 0, Workers: 4
[3057.831s][debug][gc,phases      ] GC(176)   StringDedup Requests1 Weak     Min:  0.0, Avg:  0.0, Max:  0.0, Diff:  0.0, Sum:  0.0, Workers: 4
[3057.831s][debug][gc,phases      ] GC(176)     Dead                           Min: 0, Avg:  0.0, Max: 0, Diff: 0, Sum: 0, Workers: 4
[3057.831s][debug][gc,phases      ] GC(176)     Total                          Min: 0, Avg:  0.0, Max: 0, Diff: 0, Sum: 0, Workers: 4
[3057.831s][debug][gc,phases      ] GC(176)   Weak JFR Old Object Samples    Min:  0.0, Avg:  0.0, Max:  0.0, Diff:  0.0, Sum:  0.0, Workers: 4
[3057.831s][debug][gc,phases      ] GC(176)     Dead                           Min: 0, Avg:  0.0, Max: 0, Diff: 0, Sum: 0, Workers: 4
[3057.831s][debug][gc,phases      ] GC(176)     Total                          Min: 0, Avg:  0.0, Max: 0, Diff: 0, Sum: 0, Workers: 4
[3057.831s][debug][gc,phases      ] GC(176) Weak Processing 0.333ms
[3057.831s][debug][gc,age         ] GC(176) Desired survivor size 34078720 bytes, new threshold 15 (max threshold 15)
[3057.831s][info ][gc,heap        ] GC(176) PSYoungGen: 2049856K(2063872K)->19360K(2063872K) Eden: 2030592K(2030592K)->0K(2030592K) From: 19264K(33280K)->19360K(33280K)
[3057.831s][info ][gc,heap        ] GC(176) ParOldGen: 298847K(432128K)->298847K(432128K)
[3057.831s][info ][gc,metaspace   ] GC(176) Metaspace: 79784K(80704K)->79784K(80704K) NonClass: 68431K(68864K)->68431K(68864K) Class: 11352K(11840K)->11352K(11840K)
[3057.831s][info ][gc             ] GC(176) Pause Young (Allocation Failure) 2293M->310M(2437M) 9.308ms
[3057.831s][info ][gc,cpu         ] GC(176) User=0.03s Sys=0.00s Real=0.01s
[3057.831s][info ][safepoint      ] Safepoint "ParallelGCFailedAllocation", Time since last: 1486798356 ns, Reaching safepoint: 109900 ns, At safepoint: 9372615 ns, Total: 9482515 ns
[3059.831s][info ][safepoint      ] Safepoint "Cleanup", Time since last: 2000116967 ns, Reaching safepoint: 48900 ns, At safepoint: 3700 ns, Total: 52600 ns
[3064.831s][info ][safepoint      ] Safepoint "Cleanup", Time since last: 5000354112 ns, Reaching safepoint: 32100 ns, At safepoint: 2700 ns, Total: 34800 ns
[3067.832s][info ][safepoint      ] Safepoint "Cleanup", Time since last: 3000236544 ns, Reaching safepoint: 35700 ns, At safepoint: 4000 ns, Total: 39700 ns
[3070.832s][info ][safepoint      ] Safepoint "Cleanup", Time since last: 3000240041 ns, Reaching safepoint: 42900 ns, At safepoint: 2600 ns, Total: 45500 ns
[3071.832s][info ][safepoint      ] Safepoint "Cleanup", Time since last: 1000108280 ns, Reaching safepoint: 28400 ns, At safepoint: 2700 ns, Total: 31100 ns
[3072.832s][info ][safepoint      ] Safepoint "Cleanup", Time since last: 1000101879 ns, Reaching safepoint: 36900 ns, At safepoint: 4000 ns, Total: 40900 ns
[3075.832s][info ][safepoint      ] Safepoint "Cleanup", Time since last: 3000240137 ns, Reaching safepoint: 37200 ns, At safepoint: 2300 ns, Total: 39500 ns
[3076.822s][info ][gc,start       ] GC(177) Pause Young (Allocation Failure)
[3076.830s][debug][gc,phases      ] GC(177) Scavenge 7.578ms
[3076.830s][debug][gc,ref         ] GC(177) Skipped phase 1 of Reference Processing: no references
[3076.830s][debug][gc,ref         ] GC(177) ReferenceProcessor::execute queues: 1, RefProcThreadModel::Single, marks_oops_alive: false
[3076.830s][debug][gc,ref         ] GC(177) Skipped phase 3 of Reference Processing: no references
[3076.830s][debug][gc,ref         ] GC(177) Skipped phase 4 of Reference Processing: no references
[3076.830s][debug][gc,phases      ] GC(177) Reference Processing 0.099ms
[3076.830s][debug][gc,phases      ] GC(177)   VM Weak                        Min:  0.0, Avg:  0.0, Max:  0.0, Diff:  0.0, Sum:  0.0, Workers: 4
[3076.830s][debug][gc,phases      ] GC(177)     Dead                           Min: 0, Avg:  0.0, Max: 0, Diff: 0, Sum: 0, Workers: 4
[3076.830s][debug][gc,phases      ] GC(177)     Total                          Min: 0, Avg: 149.8, Max: 599, Diff: 599, Sum: 599, Workers: 4
[3076.830s][debug][gc,phases      ] GC(177)   ObjectSynchronizer Weak        Min:  0.0, Avg:  0.0, Max:  0.0, Diff:  0.0, Sum:  0.0, Workers: 4
[3076.830s][debug][gc,phases      ] GC(177)     Dead                           Min: 0, Avg:  0.0, Max: 0, Diff: 0, Sum: 0, Workers: 4
[3076.830s][debug][gc,phases      ] GC(177)     Total                          Min: 0, Avg: 12.2, Max: 49, Diff: 49, Sum: 49, Workers: 4
[3076.830s][debug][gc,phases      ] GC(177)   JVMTI Tag Weak OopStorage      Min:  0.0, Avg:  0.0, Max:  0.0, Diff:  0.0, Sum:  0.0, Workers: 4
[3076.830s][debug][gc,phases      ] GC(177)     Dead                           Min: 0, Avg:  0.0, Max: 0, Diff: 0, Sum: 0, Workers: 4
[3076.830s][debug][gc,phases      ] GC(177)     Total                          Min: 0, Avg:  0.0, Max: 0, Diff: 0, Sum: 0, Workers: 4
[3076.830s][debug][gc,phases      ] GC(177)   StringTable Weak               Min:  0.0, Avg:  0.1, Max:  0.1, Diff:  0.1, Sum:  0.4, Workers: 4
[3076.830s][debug][gc,phases      ] GC(177)     Dead                           Min: 0, Avg:  0.0, Max: 0, Diff: 0, Sum: 0, Workers: 4
[3076.830s][debug][gc,phases      ] GC(177)     Total                          Min: 0, Avg: 10870.0, Max: 17150, Diff: 17150, Sum: 43480, Workers: 4
[3076.830s][debug][gc,phases      ] GC(177)   ResolvedMethodTable Weak       Min:  0.0, Avg:  0.0, Max:  0.0, Diff:  0.0, Sum:  0.1, Workers: 4
[3076.830s][debug][gc,phases      ] GC(177)     Dead                           Min: 0, Avg:  0.0, Max: 0, Diff: 0, Sum: 0, Workers: 4
[3076.830s][debug][gc,phases      ] GC(177)     Total                          Min: 0, Avg: 2216.0, Max: 3702, Diff: 3702, Sum: 8864, Workers: 4
[3076.830s][debug][gc,phases      ] GC(177)   JNI Weak                       Min:  0.0, Avg:  0.0, Max:  0.0, Diff:  0.0, Sum:  0.0, Workers: 4
[3076.830s][debug][gc,phases      ] GC(177)     Dead                           Min: 0, Avg:  0.0, Max: 0, Diff: 0, Sum: 0, Workers: 4
[3076.830s][debug][gc,phases      ] GC(177)     Total                          Min: 0, Avg: 11.2, Max: 45, Diff: 45, Sum: 45, Workers: 4
[3076.830s][debug][gc,phases      ] GC(177)   StringDedup Table Weak         Min:  0.0, Avg:  0.0, Max:  0.0, Diff:  0.0, Sum:  0.0, Workers: 4
[3076.830s][debug][gc,phases      ] GC(177)     Dead                           Min: 0, Avg:  0.0, Max: 0, Diff: 0, Sum: 0, Workers: 4
[3076.830s][debug][gc,phases      ] GC(177)     Total                          Min: 0, Avg:  0.0, Max: 0, Diff: 0, Sum: 0, Workers: 4
[3076.830s][debug][gc,phases      ] GC(177)   StringDedup Requests0 Weak     Min:  0.0, Avg:  0.0, Max:  0.0, Diff:  0.0, Sum:  0.0, Workers: 4
[3076.830s][debug][gc,phases      ] GC(177)     Dead                           Min: 0, Avg:  0.0, Max: 0, Diff: 0, Sum: 0, Workers: 4
[3076.830s][debug][gc,phases      ] GC(177)     Total                          Min: 0, Avg:  0.0, Max: 0, Diff: 0, Sum: 0, Workers: 4
[3076.830s][debug][gc,phases      ] GC(177)   StringDedup Requests1 Weak     Min:  0.0, Avg:  0.0, Max:  0.0, Diff:  0.0, Sum:  0.0, Workers: 4
[3076.830s][debug][gc,phases      ] GC(177)     Dead                           Min: 0, Avg:  0.0, Max: 0, Diff: 0, Sum: 0, Workers: 4
[3076.830s][debug][gc,phases      ] GC(177)     Total                          Min: 0, Avg:  0.0, Max: 0, Diff: 0, Sum: 0, Workers: 4
[3076.830s][debug][gc,phases      ] GC(177)   Weak JFR Old Object Samples    Min:  0.0, Avg:  0.0, Max:  0.0, Diff:  0.0, Sum:  0.0, Workers: 4
[3076.830s][debug][gc,phases      ] GC(177)     Dead                           Min: 0, Avg:  0.0, Max: 0, Diff: 0, Sum: 0, Workers: 4
[3076.830s][debug][gc,phases      ] GC(177)     Total                          Min: 0, Avg:  0.0, Max: 0, Diff: 0, Sum: 0, Workers: 4
[3076.830s][debug][gc,phases      ] GC(177) Weak Processing 0.356ms
[3076.830s][debug][gc,age         ] GC(177) Desired survivor size 34078720 bytes, new threshold 15 (max threshold 15)
[3076.830s][info ][gc,heap        ] GC(177) PSYoungGen: 2049952K(2063872K)->19280K(2063872K) Eden: 2030592K(2030592K)->0K(2030592K) From: 19360K(33280K)->19280K(33280K)
[3076.830s][info ][gc,heap        ] GC(177) ParOldGen: 298847K(432128K)->298847K(432128K)
[3076.830s][info ][gc,metaspace   ] GC(177) Metaspace: 79800K(80704K)->79800K(80704K) NonClass: 68448K(68864K)->68448K(68864K) Class: 11352K(11840K)->11352K(11840K)
[3076.830s][info ][gc             ] GC(177) Pause Young (Allocation Failure) 2293M->310M(2437M) 8.138ms
[3076.830s][info ][gc,cpu         ] GC(177) User=0.03s Sys=0.00s Real=0.01s
[3076.830s][info ][safepoint      ] Safepoint "ParallelGCFailedAllocation", Time since last: 989559561 ns, Reaching safepoint: 114701 ns, At safepoint: 8215813 ns, Total: 8330514 ns
[3078.830s][info ][safepoint      ] Safepoint "Cleanup", Time since last: 2000152855 ns, Reaching safepoint: 47500 ns, At safepoint: 2300 ns, Total: 49800 ns
[3083.831s][info ][safepoint      ] Safepoint "Cleanup", Time since last: 5000400483 ns, Reaching safepoint: 41500 ns, At safepoint: 7500 ns, Total: 49000 ns
[3084.831s][info ][safepoint      ] Safepoint "Cleanup", Time since last: 1000093076 ns, Reaching safepoint: 46900 ns, At safepoint: 2800 ns, Total: 49700 ns
[3088.831s][info ][safepoint      ] Safepoint "Cleanup", Time since last: 4000246100 ns, Reaching safepoint: 34000 ns, At safepoint: 13500 ns, Total: 47500 ns
[3089.832s][info ][safepoint      ] Safepoint "Cleanup", Time since last: 1000106775 ns, Reaching safepoint: 33500 ns, At safepoint: 3800 ns, Total: 37300 ns
[3090.832s][info ][safepoint      ] Safepoint "Cleanup", Time since last: 1000109574 ns, Reaching safepoint: 76700 ns, At safepoint: 4000 ns, Total: 80700 ns
[3092.832s][info ][safepoint      ] Safepoint "Cleanup", Time since last: 2000172447 ns, Reaching safepoint: 40500 ns, At safepoint: 2500 ns, Total: 43000 ns
[3095.832s][info ][safepoint      ] Safepoint "Cleanup", Time since last: 3000204818 ns, Reaching safepoint: 41300 ns, At safepoint: 2800 ns, Total: 44100 ns
[3095.968s][info ][gc,start       ] GC(178) Pause Young (Allocation Failure)
[3095.977s][debug][gc,phases      ] GC(178) Scavenge 9.673ms
[3095.977s][debug][gc,ref         ] GC(178) Skipped phase 1 of Reference Processing: no references
[3095.977s][debug][gc,ref         ] GC(178) ReferenceProcessor::execute queues: 1, RefProcThreadModel::Single, marks_oops_alive: false
[3095.977s][debug][gc,ref         ] GC(178) Skipped phase 3 of Reference Processing: no references
[3095.977s][debug][gc,ref         ] GC(178) Skipped phase 4 of Reference Processing: no references
[3095.977s][debug][gc,phases      ] GC(178) Reference Processing 0.111ms
[3095.978s][debug][gc,phases      ] GC(178)   VM Weak                        Min:  0.0, Avg:  0.0, Max:  0.0, Diff:  0.0, Sum:  0.0, Workers: 4
[3095.978s][debug][gc,phases      ] GC(178)     Dead                           Min: 0, Avg:  0.0, Max: 0, Diff: 0, Sum: 0, Workers: 4
[3095.978s][debug][gc,phases      ] GC(178)     Total                          Min: 0, Avg: 149.8, Max: 435, Diff: 435, Sum: 599, Workers: 4
[3095.978s][debug][gc,phases      ] GC(178)   ObjectSynchronizer Weak        Min:  0.0, Avg:  0.0, Max:  0.0, Diff:  0.0, Sum:  0.0, Workers: 4
[3095.978s][debug][gc,phases      ] GC(178)     Dead                           Min: 0, Avg:  0.0, Max: 0, Diff: 0, Sum: 0, Workers: 4
[3095.978s][debug][gc,phases      ] GC(178)     Total                          Min: 0, Avg: 12.2, Max: 49, Diff: 49, Sum: 49, Workers: 4
[3095.978s][debug][gc,phases      ] GC(178)   JVMTI Tag Weak OopStorage      Min:  0.0, Avg:  0.0, Max:  0.0, Diff:  0.0, Sum:  0.0, Workers: 4
[3095.978s][debug][gc,phases      ] GC(178)     Dead                           Min: 0, Avg:  0.0, Max: 0, Diff: 0, Sum: 0, Workers: 4
[3095.978s][debug][gc,phases      ] GC(178)     Total                          Min: 0, Avg:  0.0, Max: 0, Diff: 0, Sum: 0, Workers: 4
[3095.978s][debug][gc,phases      ] GC(178)   StringTable Weak               Min:  0.1, Avg:  0.1, Max:  0.1, Diff:  0.0, Sum:  0.4, Workers: 4
[3095.978s][debug][gc,phases      ] GC(178)     Dead                           Min: 0, Avg:  0.0, Max: 0, Diff: 0, Sum: 0, Workers: 4
[3095.978s][debug][gc,phases      ] GC(178)     Total                          Min: 10046, Avg: 10870.0, Max: 11712, Diff: 1666, Sum: 43480, Workers: 4
[3095.978s][debug][gc,phases      ] GC(178)   ResolvedMethodTable Weak       Min:  0.0, Avg:  0.0, Max:  0.0, Diff:  0.0, Sum:  0.1, Workers: 4
[3095.978s][debug][gc,phases      ] GC(178)     Dead                           Min: 0, Avg:  0.0, Max: 0, Diff: 0, Sum: 0, Workers: 4
[3095.978s][debug][gc,phases      ] GC(178)     Total                          Min: 2046, Avg: 2216.0, Max: 2367, Diff: 321, Sum: 8864, Workers: 4
[3095.978s][debug][gc,phases      ] GC(178)   JNI Weak                       Min:  0.0, Avg:  0.0, Max:  0.0, Diff:  0.0, Sum:  0.0, Workers: 4
[3095.978s][debug][gc,phases      ] GC(178)     Dead                           Min: 0, Avg:  0.0, Max: 0, Diff: 0, Sum: 0, Workers: 4
[3095.978s][debug][gc,phases      ] GC(178)     Total                          Min: 0, Avg: 11.2, Max: 45, Diff: 45, Sum: 45, Workers: 4
[3095.978s][debug][gc,phases      ] GC(178)   StringDedup Table Weak         Min:  0.0, Avg:  0.0, Max:  0.0, Diff:  0.0, Sum:  0.0, Workers: 4
[3095.978s][debug][gc,phases      ] GC(178)     Dead                           Min: 0, Avg:  0.0, Max: 0, Diff: 0, Sum: 0, Workers: 4
[3095.978s][debug][gc,phases      ] GC(178)     Total                          Min: 0, Avg:  0.0, Max: 0, Diff: 0, Sum: 0, Workers: 4
[3095.978s][debug][gc,phases      ] GC(178)   StringDedup Requests0 Weak     Min:  0.0, Avg:  0.0, Max:  0.0, Diff:  0.0, Sum:  0.0, Workers: 4
[3095.978s][debug][gc,phases      ] GC(178)     Dead                           Min: 0, Avg:  0.0, Max: 0, Diff: 0, Sum: 0, Workers: 4
[3095.978s][debug][gc,phases      ] GC(178)     Total                          Min: 0, Avg:  0.0, Max: 0, Diff: 0, Sum: 0, Workers: 4
[3095.978s][debug][gc,phases      ] GC(178)   StringDedup Requests1 Weak     Min:  0.0, Avg:  0.0, Max:  0.0, Diff:  0.0, Sum:  0.0, Workers: 4
[3095.978s][debug][gc,phases      ] GC(178)     Dead                           Min: 0, Avg:  0.0, Max: 0, Diff: 0, Sum: 0, Workers: 4
[3095.978s][debug][gc,phases      ] GC(178)     Total                          Min: 0, Avg:  0.0, Max: 0, Diff: 0, Sum: 0, Workers: 4
[3095.978s][debug][gc,phases      ] GC(178)   Weak JFR Old Object Samples    Min:  0.0, Avg:  0.0, Max:  0.0, Diff:  0.0, Sum:  0.0, Workers: 4
[3095.978s][debug][gc,phases      ] GC(178)     Dead                           Min: 0, Avg:  0.0, Max: 0, Diff: 0, Sum: 0, Workers: 4
[3095.978s][debug][gc,phases      ] GC(178)     Total                          Min: 0, Avg:  0.0, Max: 0, Diff: 0, Sum: 0, Workers: 4
[3095.978s][debug][gc,phases      ] GC(178) Weak Processing 0.282ms
[3095.978s][debug][gc,age         ] GC(178) Desired survivor size 33554432 bytes, new threshold 15 (max threshold 15)
[3095.978s][info ][gc,heap        ] GC(178) PSYoungGen: 2049872K(2063872K)->19312K(2064384K) Eden: 2030592K(2030592K)->0K(2031104K) From: 19280K(33280K)->19312K(33280K)
[3095.978s][info ][gc,heap        ] GC(178) ParOldGen: 298847K(432128K)->298855K(432128K)
[3095.978s][info ][gc,metaspace   ] GC(178) Metaspace: 79804K(80704K)->79804K(80704K) NonClass: 68452K(68864K)->68452K(68864K) Class: 11352K(11840K)->11352K(11840K)
[3095.978s][info ][gc             ] GC(178) Pause Young (Allocation Failure) 2293M->310M(2438M) 10.185ms
[3095.978s][info ][gc,cpu         ] GC(178) User=0.03s Sys=0.00s Real=0.00s
[3095.978s][info ][safepoint      ] Safepoint "ParallelGCFailedAllocation", Time since last: 135232513 ns, Reaching safepoint: 103000 ns, At safepoint: 10269416 ns, Total: 10372416 ns
[3096.978s][info ][safepoint      ] Safepoint "Cleanup", Time since last: 1000088872 ns, Reaching safepoint: 41101 ns, At safepoint: 10500 ns, Total: 51601 ns
[3098.978s][info ][safepoint      ] Safepoint "Cleanup", Time since last: 2000180543 ns, Reaching safepoint: 56500 ns, At safepoint: 3200 ns, Total: 59700 ns
[3101.978s][info ][safepoint      ] Safepoint "Cleanup", Time since last: 3000238013 ns, Reaching safepoint: 33600 ns, At safepoint: 2700 ns, Total: 36300 ns
[3104.979s][info ][safepoint      ] Safepoint "Cleanup", Time since last: 3000209111 ns, Reaching safepoint: 136600 ns, At safepoint: 7200 ns, Total: 143800 ns
[3111.979s][info ][safepoint      ] Safepoint "Cleanup", Time since last: 7000434780 ns, Reaching safepoint: 66000 ns, At safepoint: 3000 ns, Total: 69000 ns
[3114.718s][info ][gc,start       ] GC(179) Pause Young (Allocation Failure)
[3114.729s][debug][gc,phases      ] GC(179) Scavenge 11.547ms
[3114.729s][debug][gc,ref         ] GC(179) Skipped phase 1 of Reference Processing: no references
[3114.729s][debug][gc,ref         ] GC(179) ReferenceProcessor::execute queues: 1, RefProcThreadModel::Single, marks_oops_alive: false
[3114.729s][debug][gc,ref         ] GC(179) Skipped phase 3 of Reference Processing: no references
[3114.729s][debug][gc,ref         ] GC(179) ReferenceProcessor::execute queues: 1, RefProcThreadModel::Single, marks_oops_alive: false
[3114.730s][debug][gc,phases      ] GC(179) Reference Processing 0.110ms
[3114.730s][debug][gc,phases      ] GC(179)   VM Weak                        Min:  0.0, Avg:  0.0, Max:  0.0, Diff:  0.0, Sum:  0.0, Workers: 4
[3114.730s][debug][gc,phases      ] GC(179)     Dead                           Min: 0, Avg:  0.0, Max: 0, Diff: 0, Sum: 0, Workers: 4
[3114.730s][debug][gc,phases      ] GC(179)     Total                          Min: 0, Avg: 149.8, Max: 456, Diff: 456, Sum: 599, Workers: 4
[3114.730s][debug][gc,phases      ] GC(179)   ObjectSynchronizer Weak        Min:  0.0, Avg:  0.0, Max:  0.0, Diff:  0.0, Sum:  0.0, Workers: 4
[3114.730s][debug][gc,phases      ] GC(179)     Dead                           Min: 0, Avg:  0.0, Max: 0, Diff: 0, Sum: 0, Workers: 4
[3114.730s][debug][gc,phases      ] GC(179)     Total                          Min: 0, Avg: 12.2, Max: 49, Diff: 49, Sum: 49, Workers: 4
[3114.730s][debug][gc,phases      ] GC(179)   JVMTI Tag Weak OopStorage      Min:  0.0, Avg:  0.0, Max:  0.0, Diff:  0.0, Sum:  0.0, Workers: 4
[3114.730s][debug][gc,phases      ] GC(179)     Dead                           Min: 0, Avg:  0.0, Max: 0, Diff: 0, Sum: 0, Workers: 4
[3114.730s][debug][gc,phases      ] GC(179)     Total                          Min: 0, Avg:  0.0, Max: 0, Diff: 0, Sum: 0, Workers: 4
[3114.730s][debug][gc,phases      ] GC(179)   StringTable Weak               Min:  0.1, Avg:  0.1, Max:  0.1, Diff:  0.0, Sum:  0.4, Workers: 4
[3114.730s][debug][gc,phases      ] GC(179)     Dead                           Min: 0, Avg:  0.0, Max: 0, Diff: 0, Sum: 0, Workers: 4
[3114.730s][debug][gc,phases      ] GC(179)     Total                          Min: 10271, Avg: 10871.0, Max: 11262, Diff: 991, Sum: 43484, Workers: 4
[3114.730s][debug][gc,phases      ] GC(179)   ResolvedMethodTable Weak       Min:  0.0, Avg:  0.0, Max:  0.0, Diff:  0.0, Sum:  0.1, Workers: 4
[3114.730s][debug][gc,phases      ] GC(179)     Dead                           Min: 0, Avg:  0.0, Max: 0, Diff: 0, Sum: 0, Workers: 4
[3114.730s][debug][gc,phases      ] GC(179)     Total                          Min: 1791, Avg: 2216.0, Max: 2468, Diff: 677, Sum: 8864, Workers: 4
[3114.730s][debug][gc,phases      ] GC(179)   JNI Weak                       Min:  0.0, Avg:  0.0, Max:  0.0, Diff:  0.0, Sum:  0.0, Workers: 4
[3114.730s][debug][gc,phases      ] GC(179)     Dead                           Min: 0, Avg:  0.0, Max: 0, Diff: 0, Sum: 0, Workers: 4
[3114.730s][debug][gc,phases      ] GC(179)     Total                          Min: 0, Avg: 11.2, Max: 45, Diff: 45, Sum: 45, Workers: 4
[3114.730s][debug][gc,phases      ] GC(179)   StringDedup Table Weak         Min:  0.0, Avg:  0.0, Max:  0.0, Diff:  0.0, Sum:  0.0, Workers: 4
[3114.730s][debug][gc,phases      ] GC(179)     Dead                           Min: 0, Avg:  0.0, Max: 0, Diff: 0, Sum: 0, Workers: 4
[3114.730s][debug][gc,phases      ] GC(179)     Total                          Min: 0, Avg:  0.0, Max: 0, Diff: 0, Sum: 0, Workers: 4
[3114.730s][debug][gc,phases      ] GC(179)   StringDedup Requests0 Weak     Min:  0.0, Avg:  0.0, Max:  0.0, Diff:  0.0, Sum:  0.0, Workers: 4
[3114.730s][debug][gc,phases      ] GC(179)     Dead                           Min: 0, Avg:  0.0, Max: 0, Diff: 0, Sum: 0, Workers: 4
[3114.730s][debug][gc,phases      ] GC(179)     Total                          Min: 0, Avg:  0.0, Max: 0, Diff: 0, Sum: 0, Workers: 4
[3114.730s][debug][gc,phases      ] GC(179)   StringDedup Requests1 Weak     Min:  0.0, Avg:  0.0, Max:  0.0, Diff:  0.0, Sum:  0.0, Workers: 4
[3114.730s][debug][gc,phases      ] GC(179)     Dead                           Min: 0, Avg:  0.0, Max: 0, Diff: 0, Sum: 0, Workers: 4
[3114.730s][debug][gc,phases      ] GC(179)     Total                          Min: 0, Avg:  0.0, Max: 0, Diff: 0, Sum: 0, Workers: 4
[3114.730s][debug][gc,phases      ] GC(179)   Weak JFR Old Object Samples    Min:  0.0, Avg:  0.0, Max:  0.0, Diff:  0.0, Sum:  0.0, Workers: 4
[3114.730s][debug][gc,phases      ] GC(179)     Dead                           Min: 0, Avg:  0.0, Max: 0, Diff: 0, Sum: 0, Workers: 4
[3114.730s][debug][gc,phases      ] GC(179)     Total                          Min: 0, Avg:  0.0, Max: 0, Diff: 0, Sum: 0, Workers: 4
[3114.730s][debug][gc,phases      ] GC(179) Weak Processing 0.302ms
[3114.730s][debug][gc,age         ] GC(179) Desired survivor size 33030144 bytes, new threshold 15 (max threshold 15)
[3114.730s][info ][gc,heap        ] GC(179) PSYoungGen: 2050416K(2064384K)->18320K(2063872K) Eden: 2031104K(2031104K)->0K(2031104K) From: 19312K(33280K)->18320K(32768K)
[3114.730s][info ][gc,heap        ] GC(179) ParOldGen: 298855K(432128K)->298855K(432128K)
[3114.730s][info ][gc,metaspace   ] GC(179) Metaspace: 79813K(80704K)->79813K(80704K) NonClass: 68461K(68864K)->68461K(68864K) Class: 11352K(11840K)->11352K(11840K)
[3114.730s][info ][gc             ] GC(179) Pause Young (Allocation Failure) 2294M->309M(2437M) 12.064ms
[3114.730s][info ][gc,cpu         ] GC(179) User=0.04s Sys=0.00s Real=0.02s
[3114.730s][info ][safepoint      ] Safepoint "ParallelGCFailedAllocation", Time since last: 2738399792 ns, Reaching safepoint: 61300 ns, At safepoint: 12129219 ns, Total: 12190519 ns
[3118.730s][info ][safepoint      ] Safepoint "Cleanup", Time since last: 4000276965 ns, Reaching safepoint: 33601 ns, At safepoint: 3400 ns, Total: 37001 ns
[3121.572s][info ][safepoint      ] Safepoint "Cleanup", Time since last: 2841989548 ns, Reaching safepoint: 121500 ns, At safepoint: 14600 ns, Total: 136100 ns
[3122.573s][info ][safepoint      ] Safepoint "Cleanup", Time since last: 1000176365 ns, Reaching safepoint: 191101 ns, At safepoint: 57900 ns, Total: 249001 ns
[3123.322s][info ][gc,start       ] GC(180) Pause Young (Allocation Failure)
[3123.355s][debug][gc,phases      ] GC(180) Scavenge 32.960ms
[3123.355s][debug][gc,ref         ] GC(180) Skipped phase 1 of Reference Processing: no references
[3123.355s][debug][gc,ref         ] GC(180) ReferenceProcessor::execute queues: 1, RefProcThreadModel::Single, marks_oops_alive: false
[3123.355s][debug][gc,ref         ] GC(180) Skipped phase 3 of Reference Processing: no references
[3123.355s][debug][gc,ref         ] GC(180) ReferenceProcessor::execute queues: 1, RefProcThreadModel::Single, marks_oops_alive: false
[3123.355s][debug][gc,phases      ] GC(180) Reference Processing 0.117ms
[3123.355s][debug][gc,phases      ] GC(180)   VM Weak                        Min:  0.0, Avg:  0.0, Max:  0.0, Diff:  0.0, Sum:  0.0, Workers: 4
[3123.355s][debug][gc,phases      ] GC(180)     Dead                           Min: 0, Avg:  0.0, Max: 0, Diff: 0, Sum: 0, Workers: 4
[3123.355s][debug][gc,phases      ] GC(180)     Total                          Min: 0, Avg: 149.8, Max: 512, Diff: 512, Sum: 599, Workers: 4
[3123.355s][debug][gc,phases      ] GC(180)   ObjectSynchronizer Weak        Min:  0.0, Avg:  0.0, Max:  0.0, Diff:  0.0, Sum:  0.0, Workers: 4
[3123.355s][debug][gc,phases      ] GC(180)     Dead                           Min: 0, Avg:  0.0, Max: 0, Diff: 0, Sum: 0, Workers: 4
[3123.355s][debug][gc,phases      ] GC(180)     Total                          Min: 0, Avg: 12.2, Max: 49, Diff: 49, Sum: 49, Workers: 4
[3123.355s][debug][gc,phases      ] GC(180)   JVMTI Tag Weak OopStorage      Min:  0.0, Avg:  0.0, Max:  0.0, Diff:  0.0, Sum:  0.0, Workers: 4
[3123.355s][debug][gc,phases      ] GC(180)     Dead                           Min: 0, Avg:  0.0, Max: 0, Diff: 0, Sum: 0, Workers: 4
[3123.355s][debug][gc,phases      ] GC(180)     Total                          Min: 0, Avg:  0.0, Max: 0, Diff: 0, Sum: 0, Workers: 4
[3123.355s][debug][gc,phases      ] GC(180)   StringTable Weak               Min:  0.1, Avg:  0.1, Max:  0.1, Diff:  0.0, Sum:  0.4, Workers: 4
[3123.355s][debug][gc,phases      ] GC(180)     Dead                           Min: 0, Avg:  0.0, Max: 0, Diff: 0, Sum: 0, Workers: 4
[3123.355s][debug][gc,phases      ] GC(180)     Total                          Min: 9503, Avg: 10871.0, Max: 11647, Diff: 2144, Sum: 43484, Workers: 4
[3123.355s][debug][gc,phases      ] GC(180)   ResolvedMethodTable Weak       Min:  0.0, Avg:  0.0, Max:  0.0, Diff:  0.0, Sum:  0.1, Workers: 4
[3123.355s][debug][gc,phases      ] GC(180)     Dead                           Min: 0, Avg:  0.0, Max: 0, Diff: 0, Sum: 0, Workers: 4
[3123.355s][debug][gc,phases      ] GC(180)     Total                          Min: 640, Avg: 2216.0, Max: 3064, Diff: 2424, Sum: 8864, Workers: 4
[3123.355s][debug][gc,phases      ] GC(180)   JNI Weak                       Min:  0.0, Avg:  0.0, Max:  0.0, Diff:  0.0, Sum:  0.0, Workers: 4
[3123.355s][debug][gc,phases      ] GC(180)     Dead                           Min: 0, Avg:  0.0, Max: 0, Diff: 0, Sum: 0, Workers: 4
[3123.355s][debug][gc,phases      ] GC(180)     Total                          Min: 0, Avg: 11.2, Max: 45, Diff: 45, Sum: 45, Workers: 4
[3123.355s][debug][gc,phases      ] GC(180)   StringDedup Table Weak         Min:  0.0, Avg:  0.0, Max:  0.0, Diff:  0.0, Sum:  0.0, Workers: 4
[3123.355s][debug][gc,phases      ] GC(180)     Dead                           Min: 0, Avg:  0.0, Max: 0, Diff: 0, Sum: 0, Workers: 4
[3123.355s][debug][gc,phases      ] GC(180)     Total                          Min: 0, Avg:  0.0, Max: 0, Diff: 0, Sum: 0, Workers: 4
[3123.355s][debug][gc,phases      ] GC(180)   StringDedup Requests0 Weak     Min:  0.0, Avg:  0.0, Max:  0.0, Diff:  0.0, Sum:  0.0, Workers: 4
[3123.355s][debug][gc,phases      ] GC(180)     Dead                           Min: 0, Avg:  0.0, Max: 0, Diff: 0, Sum: 0, Workers: 4
[3123.355s][debug][gc,phases      ] GC(180)     Total                          Min: 0, Avg:  0.0, Max: 0, Diff: 0, Sum: 0, Workers: 4
[3123.355s][debug][gc,phases      ] GC(180)   StringDedup Requests1 Weak     Min:  0.0, Avg:  0.0, Max:  0.0, Diff:  0.0, Sum:  0.0, Workers: 4
[3123.355s][debug][gc,phases      ] GC(180)     Dead                           Min: 0, Avg:  0.0, Max: 0, Diff: 0, Sum: 0, Workers: 4
[3123.355s][debug][gc,phases      ] GC(180)     Total                          Min: 0, Avg:  0.0, Max: 0, Diff: 0, Sum: 0, Workers: 4
[3123.355s][debug][gc,phases      ] GC(180)   Weak JFR Old Object Samples    Min:  0.0, Avg:  0.0, Max:  0.0, Diff:  0.0, Sum:  0.0, Workers: 4
[3123.355s][debug][gc,phases      ] GC(180)     Dead                           Min: 0, Avg:  0.0, Max: 0, Diff: 0, Sum: 0, Workers: 4
[3123.355s][debug][gc,phases      ] GC(180)     Total                          Min: 0, Avg:  0.0, Max: 0, Diff: 0, Sum: 0, Workers: 4
[3123.355s][debug][gc,phases      ] GC(180) Weak Processing 0.324ms
[3123.355s][debug][gc,age         ] GC(180) Desired survivor size 52428800 bytes, new threshold 14 (max threshold 15)
[3123.355s][info ][gc,heap        ] GC(180) PSYoungGen: 2049424K(2063872K)->32224K(2027008K) Eden: 2031104K(2031104K)->0K(1994752K) From: 18320K(32768K)->32224K(32256K)
[3123.355s][info ][gc,heap        ] GC(180) ParOldGen: 298855K(432128K)->337759K(432128K)
[3123.355s][info ][gc,metaspace   ] GC(180) Metaspace: 79818K(80704K)->79818K(80704K) NonClass: 68466K(68864K)->68466K(68864K) Class: 11352K(11840K)->11352K(11840K)
[3123.355s][info ][gc             ] GC(180) Pause Young (Allocation Failure) 2293M->361M(2401M) 33.517ms
[3123.355s][info ][gc,cpu         ] GC(180) User=0.13s Sys=0.00s Real=0.03s
[3123.355s][info ][safepoint      ] Safepoint "ParallelGCFailedAllocation", Time since last: 748737771 ns, Reaching safepoint: 115200 ns, At safepoint: 33582853 ns, Total: 33698053 ns
[3127.355s][info ][safepoint      ] Safepoint "Cleanup", Time since last: 4000280055 ns, Reaching safepoint: 26600 ns, At safepoint: 2500 ns, Total: 29100 ns
[3133.356s][info ][safepoint      ] Safepoint "Cleanup", Time since last: 6000371076 ns, Reaching safepoint: 50500 ns, At safepoint: 4800 ns, Total: 55300 ns
[3135.356s][info ][safepoint      ] Safepoint "Cleanup", Time since last: 2000172823 ns, Reaching safepoint: 37200 ns, At safepoint: 3200 ns, Total: 40400 ns
[3138.356s][info ][safepoint      ] Safepoint "Cleanup", Time since last: 3000234582 ns, Reaching safepoint: 38700 ns, At safepoint: 2600 ns, Total: 41300 ns
[3139.357s][info ][safepoint      ] Safepoint "Cleanup", Time since last: 1000124061 ns, Reaching safepoint: 28700 ns, At safepoint: 2600 ns, Total: 31300 ns
[3141.575s][info ][gc,start       ] GC(181) Pause Young (Allocation Failure)
[3141.589s][debug][gc,phases      ] GC(181) Scavenge 14.292ms
[3141.589s][debug][gc,ref         ] GC(181) Skipped phase 1 of Reference Processing: no references
[3141.589s][debug][gc,ref         ] GC(181) ReferenceProcessor::execute queues: 1, RefProcThreadModel::Single, marks_oops_alive: false
[3141.589s][debug][gc,ref         ] GC(181) Skipped phase 3 of Reference Processing: no references
[3141.589s][debug][gc,ref         ] GC(181) ReferenceProcessor::execute queues: 1, RefProcThreadModel::Single, marks_oops_alive: false
[3141.589s][debug][gc,phases      ] GC(181) Reference Processing 0.091ms
[3141.590s][debug][gc,phases      ] GC(181)   VM Weak                        Min:  0.0, Avg:  0.0, Max:  0.0, Diff:  0.0, Sum:  0.0, Workers: 4
[3141.590s][debug][gc,phases      ] GC(181)     Dead                           Min: 0, Avg:  0.0, Max: 0, Diff: 0, Sum: 0, Workers: 4
[3141.590s][debug][gc,phases      ] GC(181)     Total                          Min: 0, Avg: 149.8, Max: 599, Diff: 599, Sum: 599, Workers: 4
[3141.590s][debug][gc,phases      ] GC(181)   ObjectSynchronizer Weak        Min:  0.0, Avg:  0.0, Max:  0.0, Diff:  0.0, Sum:  0.0, Workers: 4
[3141.590s][debug][gc,phases      ] GC(181)     Dead                           Min: 0, Avg:  0.0, Max: 0, Diff: 0, Sum: 0, Workers: 4
[3141.590s][debug][gc,phases      ] GC(181)     Total                          Min: 0, Avg: 12.2, Max: 49, Diff: 49, Sum: 49, Workers: 4
[3141.590s][debug][gc,phases      ] GC(181)   JVMTI Tag Weak OopStorage      Min:  0.0, Avg:  0.0, Max:  0.0, Diff:  0.0, Sum:  0.0, Workers: 4
[3141.590s][debug][gc,phases      ] GC(181)     Dead                           Min: 0, Avg:  0.0, Max: 0, Diff: 0, Sum: 0, Workers: 4
[3141.590s][debug][gc,phases      ] GC(181)     Total                          Min: 0, Avg:  0.0, Max: 0, Diff: 0, Sum: 0, Workers: 4
[3141.590s][debug][gc,phases      ] GC(181)   StringTable Weak               Min:  0.1, Avg:  0.1, Max:  0.1, Diff:  0.0, Sum:  0.4, Workers: 4
[3141.590s][debug][gc,phases      ] GC(181)     Dead                           Min: 0, Avg:  0.0, Max: 0, Diff: 0, Sum: 0, Workers: 4
[3141.590s][debug][gc,phases      ] GC(181)     Total                          Min: 10239, Avg: 10871.5, Max: 11233, Diff: 994, Sum: 43486, Workers: 4
[3141.590s][debug][gc,phases      ] GC(181)   ResolvedMethodTable Weak       Min:  0.0, Avg:  0.0, Max:  0.0, Diff:  0.0, Sum:  0.1, Workers: 4
[3141.590s][debug][gc,phases      ] GC(181)     Dead                           Min: 0, Avg:  0.0, Max: 0, Diff: 0, Sum: 0, Workers: 4
[3141.590s][debug][gc,phases      ] GC(181)     Total                          Min: 2106, Avg: 2216.0, Max: 2304, Diff: 198, Sum: 8864, Workers: 4
[3141.590s][debug][gc,phases      ] GC(181)   JNI Weak                       Min:  0.0, Avg:  0.0, Max:  0.0, Diff:  0.0, Sum:  0.0, Workers: 4
[3141.590s][debug][gc,phases      ] GC(181)     Dead                           Min: 0, Avg:  0.0, Max: 0, Diff: 0, Sum: 0, Workers: 4
[3141.590s][debug][gc,phases      ] GC(181)     Total                          Min: 0, Avg: 11.2, Max: 45, Diff: 45, Sum: 45, Workers: 4
[3141.590s][debug][gc,phases      ] GC(181)   StringDedup Table Weak         Min:  0.0, Avg:  0.0, Max:  0.0, Diff:  0.0, Sum:  0.0, Workers: 4
[3141.590s][debug][gc,phases      ] GC(181)     Dead                           Min: 0, Avg:  0.0, Max: 0, Diff: 0, Sum: 0, Workers: 4
[3141.590s][debug][gc,phases      ] GC(181)     Total                          Min: 0, Avg:  0.0, Max: 0, Diff: 0, Sum: 0, Workers: 4
[3141.590s][debug][gc,phases      ] GC(181)   StringDedup Requests0 Weak     Min:  0.0, Avg:  0.0, Max:  0.0, Diff:  0.0, Sum:  0.0, Workers: 4
[3141.590s][debug][gc,phases      ] GC(181)     Dead                           Min: 0, Avg:  0.0, Max: 0, Diff: 0, Sum: 0, Workers: 4
[3141.590s][debug][gc,phases      ] GC(181)     Total                          Min: 0, Avg:  0.0, Max: 0, Diff: 0, Sum: 0, Workers: 4
[3141.590s][debug][gc,phases      ] GC(181)   StringDedup Requests1 Weak     Min:  0.0, Avg:  0.0, Max:  0.0, Diff:  0.0, Sum:  0.0, Workers: 4
[3141.590s][debug][gc,phases      ] GC(181)     Dead                           Min: 0, Avg:  0.0, Max: 0, Diff: 0, Sum: 0, Workers: 4
[3141.590s][debug][gc,phases      ] GC(181)     Total                          Min: 0, Avg:  0.0, Max: 0, Diff: 0, Sum: 0, Workers: 4
[3141.590s][debug][gc,phases      ] GC(181)   Weak JFR Old Object Samples    Min:  0.0, Avg:  0.0, Max:  0.0, Diff:  0.0, Sum:  0.0, Workers: 4
[3141.590s][debug][gc,phases      ] GC(181)     Dead                           Min: 0, Avg:  0.0, Max: 0, Diff: 0, Sum: 0, Workers: 4
[3141.590s][debug][gc,phases      ] GC(181)     Total                          Min: 0, Avg:  0.0, Max: 0, Diff: 0, Sum: 0, Workers: 4
[3141.590s][debug][gc,phases      ] GC(181) Weak Processing 0.309ms
[3141.590s][debug][gc,age         ] GC(181) Desired survivor size 52428800 bytes, new threshold 15 (max threshold 15)
[3141.590s][info ][gc,heap        ] GC(181) PSYoungGen: 2026976K(2027008K)->29792K(2045952K) Eden: 1994752K(1994752K)->0K(1994752K) From: 32224K(32256K)->29792K(51200K)
[3141.590s][info ][gc,heap        ] GC(181) ParOldGen: 337759K(432128K)->347447K(432128K)
[3141.590s][info ][gc,metaspace   ] GC(181) Metaspace: 79829K(80768K)->79829K(80768K) NonClass: 68476K(68928K)->68476K(68928K) Class: 11353K(11840K)->11353K(11840K)
[3141.590s][info ][gc             ] GC(181) Pause Young (Allocation Failure) 2309M->368M(2420M) 14.791ms
[3141.590s][info ][gc,cpu         ] GC(181) User=0.06s Sys=0.00s Real=0.02s
[3141.590s][info ][safepoint      ] Safepoint "ParallelGCFailedAllocation", Time since last: 2218358760 ns, Reaching safepoint: 26500 ns, At safepoint: 14856623 ns, Total: 14883123 ns
[3143.590s][info ][safepoint      ] Safepoint "Cleanup", Time since last: 2000118418 ns, Reaching safepoint: 51800 ns, At safepoint: 2900 ns, Total: 54700 ns
[3150.591s][info ][safepoint      ] Safepoint "Cleanup", Time since last: 7000493907 ns, Reaching safepoint: 27400 ns, At safepoint: 33600 ns, Total: 61000 ns
[3159.591s][info ][safepoint      ] Safepoint "Cleanup", Time since last: 9000559203 ns, Reaching safepoint: 52500 ns, At safepoint: 3900 ns, Total: 56400 ns
[3161.321s][info ][gc,start       ] GC(182) Pause Young (Allocation Failure)
[3161.330s][debug][gc,phases      ] GC(182) Scavenge 9.006ms
[3161.330s][debug][gc,ref         ] GC(182) Skipped phase 1 of Reference Processing: no references
[3161.330s][debug][gc,ref         ] GC(182) ReferenceProcessor::execute queues: 1, RefProcThreadModel::Single, marks_oops_alive: false
[3161.330s][debug][gc,ref         ] GC(182) Skipped phase 3 of Reference Processing: no references
[3161.330s][debug][gc,ref         ] GC(182) ReferenceProcessor::execute queues: 1, RefProcThreadModel::Single, marks_oops_alive: false
[3161.330s][debug][gc,phases      ] GC(182) Reference Processing 0.084ms
[3161.330s][debug][gc,phases      ] GC(182)   VM Weak                        Min:  0.0, Avg:  0.0, Max:  0.0, Diff:  0.0, Sum:  0.0, Workers: 4
[3161.330s][debug][gc,phases      ] GC(182)     Dead                           Min: 0, Avg:  0.0, Max: 0, Diff: 0, Sum: 0, Workers: 4
[3161.330s][debug][gc,phases      ] GC(182)     Total                          Min: 0, Avg: 149.8, Max: 512, Diff: 512, Sum: 599, Workers: 4
[3161.330s][debug][gc,phases      ] GC(182)   ObjectSynchronizer Weak        Min:  0.0, Avg:  0.0, Max:  0.0, Diff:  0.0, Sum:  0.0, Workers: 4
[3161.330s][debug][gc,phases      ] GC(182)     Dead                           Min: 0, Avg:  0.0, Max: 0, Diff: 0, Sum: 0, Workers: 4
[3161.330s][debug][gc,phases      ] GC(182)     Total                          Min: 0, Avg: 12.2, Max: 49, Diff: 49, Sum: 49, Workers: 4
[3161.330s][debug][gc,phases      ] GC(182)   JVMTI Tag Weak OopStorage      Min:  0.0, Avg:  0.0, Max:  0.0, Diff:  0.0, Sum:  0.0, Workers: 4
[3161.330s][debug][gc,phases      ] GC(182)     Dead                           Min: 0, Avg:  0.0, Max: 0, Diff: 0, Sum: 0, Workers: 4
[3161.330s][debug][gc,phases      ] GC(182)     Total                          Min: 0, Avg:  0.0, Max: 0, Diff: 0, Sum: 0, Workers: 4
[3161.330s][debug][gc,phases      ] GC(182)   StringTable Weak               Min:  0.1, Avg:  0.1, Max:  0.1, Diff:  0.0, Sum:  0.4, Workers: 4
[3161.330s][debug][gc,phases      ] GC(182)     Dead                           Min: 0, Avg:  0.0, Max: 0, Diff: 0, Sum: 0, Workers: 4
[3161.330s][debug][gc,phases      ] GC(182)     Total                          Min: 10432, Avg: 10871.8, Max: 11392, Diff: 960, Sum: 43487, Workers: 4
[3161.330s][debug][gc,phases      ] GC(182)   ResolvedMethodTable Weak       Min:  0.0, Avg:  0.0, Max:  0.0, Diff:  0.0, Sum:  0.1, Workers: 4
[3161.330s][debug][gc,phases      ] GC(182)     Dead                           Min: 0, Avg:  0.0, Max: 0, Diff: 0, Sum: 0, Workers: 4
[3161.330s][debug][gc,phases      ] GC(182)     Total                          Min: 2105, Avg: 2216.0, Max: 2303, Diff: 198, Sum: 8864, Workers: 4
[3161.330s][debug][gc,phases      ] GC(182)   JNI Weak                       Min:  0.0, Avg:  0.0, Max:  0.0, Diff:  0.0, Sum:  0.0, Workers: 4
[3161.330s][debug][gc,phases      ] GC(182)     Dead                           Min: 0, Avg:  0.0, Max: 0, Diff: 0, Sum: 0, Workers: 4
[3161.330s][debug][gc,phases      ] GC(182)     Total                          Min: 0, Avg: 11.2, Max: 45, Diff: 45, Sum: 45, Workers: 4
[3161.330s][debug][gc,phases      ] GC(182)   StringDedup Table Weak         Min:  0.0, Avg:  0.0, Max:  0.0, Diff:  0.0, Sum:  0.0, Workers: 4
[3161.330s][debug][gc,phases      ] GC(182)     Dead                           Min: 0, Avg:  0.0, Max: 0, Diff: 0, Sum: 0, Workers: 4
[3161.330s][debug][gc,phases      ] GC(182)     Total                          Min: 0, Avg:  0.0, Max: 0, Diff: 0, Sum: 0, Workers: 4
[3161.330s][debug][gc,phases      ] GC(182)   StringDedup Requests0 Weak     Min:  0.0, Avg:  0.0, Max:  0.0, Diff:  0.0, Sum:  0.0, Workers: 4
[3161.330s][debug][gc,phases      ] GC(182)     Dead                           Min: 0, Avg:  0.0, Max: 0, Diff: 0, Sum: 0, Workers: 4
[3161.330s][debug][gc,phases      ] GC(182)     Total                          Min: 0, Avg:  0.0, Max: 0, Diff: 0, Sum: 0, Workers: 4
[3161.330s][debug][gc,phases      ] GC(182)   StringDedup Requests1 Weak     Min:  0.0, Avg:  0.0, Max:  0.0, Diff:  0.0, Sum:  0.0, Workers: 4
[3161.330s][debug][gc,phases      ] GC(182)     Dead                           Min: 0, Avg:  0.0, Max: 0, Diff: 0, Sum: 0, Workers: 4
[3161.330s][debug][gc,phases      ] GC(182)     Total                          Min: 0, Avg:  0.0, Max: 0, Diff: 0, Sum: 0, Workers: 4
[3161.330s][debug][gc,phases      ] GC(182)   Weak JFR Old Object Samples    Min:  0.0, Avg:  0.0, Max:  0.0, Diff:  0.0, Sum:  0.0, Workers: 4
[3161.330s][debug][gc,phases      ] GC(182)     Dead                           Min: 0, Avg:  0.0, Max: 0, Diff: 0, Sum: 0, Workers: 4
[3161.330s][debug][gc,phases      ] GC(182)     Total                          Min: 0, Avg:  0.0, Max: 0, Diff: 0, Sum: 0, Workers: 4
[3161.330s][debug][gc,phases      ] GC(182) Weak Processing 0.308ms
[3161.330s][debug][gc,age         ] GC(182) Desired survivor size 52428800 bytes, new threshold 15 (max threshold 15)
[3161.330s][info ][gc,heap        ] GC(182) PSYoungGen: 2024544K(2045952K)->29744K(2045952K) Eden: 1994752K(1994752K)->0K(1994752K) From: 29792K(51200K)->29744K(51200K)
[3161.330s][info ][gc,heap        ] GC(182) ParOldGen: 347447K(432128K)->347447K(432128K)
[3161.330s][info ][gc,metaspace   ] GC(182) Metaspace: 79836K(80768K)->79836K(80768K) NonClass: 68482K(68928K)->68482K(68928K) Class: 11353K(11840K)->11353K(11840K)
[3161.330s][info ][gc             ] GC(182) Pause Young (Allocation Failure) 2316M->368M(2420M) 9.507ms
[3161.330s][info ][gc,cpu         ] GC(182) User=0.04s Sys=0.00s Real=0.01s
[3161.330s][info ][safepoint      ] Safepoint "ParallelGCFailedAllocation", Time since last: 1729276388 ns, Reaching safepoint: 95100 ns, At safepoint: 9601015 ns, Total: 9696115 ns
[3163.330s][info ][safepoint      ] Safepoint "Cleanup", Time since last: 2000156208 ns, Reaching safepoint: 51101 ns, At safepoint: 5200 ns, Total: 56301 ns
[3164.330s][info ][safepoint      ] Safepoint "Cleanup", Time since last: 1000102753 ns, Reaching safepoint: 42200 ns, At safepoint: 3700 ns, Total: 45900 ns
[3170.331s][info ][safepoint      ] Safepoint "Cleanup", Time since last: 6000408817 ns, Reaching safepoint: 41500 ns, At safepoint: 3100 ns, Total: 44600 ns
[3171.331s][info ][safepoint      ] Safepoint "Cleanup", Time since last: 1000105552 ns, Reaching safepoint: 26300 ns, At safepoint: 3000 ns, Total: 29300 ns
[3172.331s][info ][safepoint      ] Safepoint "Cleanup", Time since last: 1000095952 ns, Reaching safepoint: 27800 ns, At safepoint: 2800 ns, Total: 30600 ns
[3173.331s][info ][safepoint      ] Safepoint "Cleanup", Time since last: 1000099951 ns, Reaching safepoint: 36500 ns, At safepoint: 2100 ns, Total: 38600 ns
[3181.219s][info ][gc,start       ] GC(183) Pause Young (Allocation Failure)
[3181.231s][debug][gc,phases      ] GC(183) Scavenge 11.213ms
[3181.231s][debug][gc,ref         ] GC(183) Skipped phase 1 of Reference Processing: no references
[3181.231s][debug][gc,ref         ] GC(183) ReferenceProcessor::execute queues: 1, RefProcThreadModel::Single, marks_oops_alive: false
[3181.231s][debug][gc,ref         ] GC(183) Skipped phase 3 of Reference Processing: no references
[3181.231s][debug][gc,ref         ] GC(183) ReferenceProcessor::execute queues: 1, RefProcThreadModel::Single, marks_oops_alive: false
[3181.231s][debug][gc,phases      ] GC(183) Reference Processing 0.089ms
[3181.231s][debug][gc,phases      ] GC(183)   VM Weak                        Min:  0.0, Avg:  0.0, Max:  0.0, Diff:  0.0, Sum:  0.0, Workers: 4
[3181.231s][debug][gc,phases      ] GC(183)     Dead                           Min: 0, Avg:  0.0, Max: 0, Diff: 0, Sum: 0, Workers: 4
[3181.231s][debug][gc,phases      ] GC(183)     Total                          Min: 0, Avg: 149.8, Max: 599, Diff: 599, Sum: 599, Workers: 4
[3181.231s][debug][gc,phases      ] GC(183)   ObjectSynchronizer Weak        Min:  0.0, Avg:  0.0, Max:  0.0, Diff:  0.0, Sum:  0.0, Workers: 4
[3181.231s][debug][gc,phases      ] GC(183)     Dead                           Min: 0, Avg:  0.0, Max: 0, Diff: 0, Sum: 0, Workers: 4
[3181.231s][debug][gc,phases      ] GC(183)     Total                          Min: 0, Avg: 12.2, Max: 49, Diff: 49, Sum: 49, Workers: 4
[3181.231s][debug][gc,phases      ] GC(183)   JVMTI Tag Weak OopStorage      Min:  0.0, Avg:  0.0, Max:  0.0, Diff:  0.0, Sum:  0.0, Workers: 4
[3181.231s][debug][gc,phases      ] GC(183)     Dead                           Min: 0, Avg:  0.0, Max: 0, Diff: 0, Sum: 0, Workers: 4
[3181.231s][debug][gc,phases      ] GC(183)     Total                          Min: 0, Avg:  0.0, Max: 0, Diff: 0, Sum: 0, Workers: 4
[3181.231s][debug][gc,phases      ] GC(183)   StringTable Weak               Min:  0.1, Avg:  0.1, Max:  0.1, Diff:  0.0, Sum:  0.4, Workers: 4
[3181.231s][debug][gc,phases      ] GC(183)     Dead                           Min: 0, Avg:  0.0, Max: 0, Diff: 0, Sum: 0, Workers: 4
[3181.231s][debug][gc,phases      ] GC(183)     Total                          Min: 9727, Avg: 10872.5, Max: 12032, Diff: 2305, Sum: 43490, Workers: 4
[3181.231s][debug][gc,phases      ] GC(183)   ResolvedMethodTable Weak       Min:  0.0, Avg:  0.0, Max:  0.0, Diff:  0.0, Sum:  0.1, Workers: 4
[3181.231s][debug][gc,phases      ] GC(183)     Dead                           Min: 0, Avg:  0.0, Max: 0, Diff: 0, Sum: 0, Workers: 4
[3181.231s][debug][gc,phases      ] GC(183)     Total                          Min: 1598, Avg: 2216.8, Max: 2476, Diff: 878, Sum: 8867, Workers: 4
[3181.231s][debug][gc,phases      ] GC(183)   JNI Weak                       Min:  0.0, Avg:  0.0, Max:  0.0, Diff:  0.0, Sum:  0.0, Workers: 4
[3181.231s][debug][gc,phases      ] GC(183)     Dead                           Min: 0, Avg:  0.0, Max: 0, Diff: 0, Sum: 0, Workers: 4
[3181.231s][debug][gc,phases      ] GC(183)     Total                          Min: 0, Avg: 11.2, Max: 45, Diff: 45, Sum: 45, Workers: 4
[3181.231s][debug][gc,phases      ] GC(183)   StringDedup Table Weak         Min:  0.0, Avg:  0.0, Max:  0.0, Diff:  0.0, Sum:  0.0, Workers: 4
[3181.231s][debug][gc,phases      ] GC(183)     Dead                           Min: 0, Avg:  0.0, Max: 0, Diff: 0, Sum: 0, Workers: 4
[3181.231s][debug][gc,phases      ] GC(183)     Total                          Min: 0, Avg:  0.0, Max: 0, Diff: 0, Sum: 0, Workers: 4
[3181.231s][debug][gc,phases      ] GC(183)   StringDedup Requests0 Weak     Min:  0.0, Avg:  0.0, Max:  0.0, Diff:  0.0, Sum:  0.0, Workers: 4
[3181.231s][debug][gc,phases      ] GC(183)     Dead                           Min: 0, Avg:  0.0, Max: 0, Diff: 0, Sum: 0, Workers: 4
[3181.231s][debug][gc,phases      ] GC(183)     Total                          Min: 0, Avg:  0.0, Max: 0, Diff: 0, Sum: 0, Workers: 4
[3181.231s][debug][gc,phases      ] GC(183)   StringDedup Requests1 Weak     Min:  0.0, Avg:  0.0, Max:  0.0, Diff:  0.0, Sum:  0.0, Workers: 4
[3181.231s][debug][gc,phases      ] GC(183)     Dead                           Min: 0, Avg:  0.0, Max: 0, Diff: 0, Sum: 0, Workers: 4
[3181.231s][debug][gc,phases      ] GC(183)     Total                          Min: 0, Avg:  0.0, Max: 0, Diff: 0, Sum: 0, Workers: 4
[3181.231s][debug][gc,phases      ] GC(183)   Weak JFR Old Object Samples    Min:  0.0, Avg:  0.0, Max:  0.0, Diff:  0.0, Sum:  0.0, Workers: 4
[3181.231s][debug][gc,phases      ] GC(183)     Dead                           Min: 0, Avg:  0.0, Max: 0, Diff: 0, Sum: 0, Workers: 4
[3181.231s][debug][gc,phases      ] GC(183)     Total                          Min: 0, Avg:  0.0, Max: 0, Diff: 0, Sum: 0, Workers: 4
[3181.231s][debug][gc,phases      ] GC(183) Weak Processing 0.294ms
[3181.231s][debug][gc,age         ] GC(183) Desired survivor size 51904512 bytes, new threshold 15 (max threshold 15)
[3181.231s][info ][gc,heap        ] GC(183) PSYoungGen: 2024496K(2045952K)->29792K(2045952K) Eden: 1994752K(1994752K)->0K(1994752K) From: 29744K(51200K)->29792K(51200K)
[3181.231s][info ][gc,heap        ] GC(183) ParOldGen: 347447K(432128K)->347479K(432128K)
[3181.231s][info ][gc,metaspace   ] GC(183) Metaspace: 79851K(80768K)->79851K(80768K) NonClass: 68495K(68928K)->68495K(68928K) Class: 11356K(11840K)->11356K(11840K)
[3181.231s][info ][gc             ] GC(183) Pause Young (Allocation Failure) 2316M->368M(2420M) 11.691ms
[3181.231s][info ][gc,cpu         ] GC(183) User=0.03s Sys=0.00s Real=0.01s
[3181.231s][info ][safepoint      ] Safepoint "ParallelGCFailedAllocation", Time since last: 7887906928 ns, Reaching safepoint: 25200 ns, At safepoint: 11753418 ns, Total: 11778618 ns
[3182.231s][info ][safepoint      ] Safepoint "Cleanup", Time since last: 1000079549 ns, Reaching safepoint: 29000 ns, At safepoint: 7300 ns, Total: 36300 ns
[3186.231s][info ][safepoint      ] Safepoint "Cleanup", Time since last: 4000282495 ns, Reaching safepoint: 27000 ns, At safepoint: 3100 ns, Total: 30100 ns
[3193.232s][info ][safepoint      ] Safepoint "Cleanup", Time since last: 7000485930 ns, Reaching safepoint: 40900 ns, At safepoint: 7200 ns, Total: 48100 ns
[3195.232s][info ][safepoint      ] Safepoint "Cleanup", Time since last: 2000176992 ns, Reaching safepoint: 40400 ns, At safepoint: 4300 ns, Total: 44700 ns
[3196.232s][info ][safepoint      ] Safepoint "Cleanup", Time since last: 1000091046 ns, Reaching safepoint: 26700 ns, At safepoint: 2500 ns, Total: 29200 ns
[3200.823s][info ][gc,start       ] GC(184) Pause Young (Allocation Failure)
[3200.832s][debug][gc,phases      ] GC(184) Scavenge 9.272ms
[3200.832s][debug][gc,ref         ] GC(184) Skipped phase 1 of Reference Processing: no references
[3200.832s][debug][gc,ref         ] GC(184) ReferenceProcessor::execute queues: 1, RefProcThreadModel::Single, marks_oops_alive: false
[3200.832s][debug][gc,ref         ] GC(184) Skipped phase 3 of Reference Processing: no references
[3200.832s][debug][gc,ref         ] GC(184) ReferenceProcessor::execute queues: 1, RefProcThreadModel::Single, marks_oops_alive: false
[3200.832s][debug][gc,phases      ] GC(184) Reference Processing 0.091ms
[3200.833s][debug][gc,phases      ] GC(184)   VM Weak                        Min:  0.0, Avg:  0.0, Max:  0.0, Diff:  0.0, Sum:  0.0, Workers: 4
[3200.833s][debug][gc,phases      ] GC(184)     Dead                           Min: 0, Avg:  0.0, Max: 0, Diff: 0, Sum: 0, Workers: 4
[3200.833s][debug][gc,phases      ] GC(184)     Total                          Min: 0, Avg: 149.8, Max: 323, Diff: 323, Sum: 599, Workers: 4
[3200.833s][debug][gc,phases      ] GC(184)   ObjectSynchronizer Weak        Min:  0.0, Avg:  0.0, Max:  0.0, Diff:  0.0, Sum:  0.0, Workers: 4
[3200.833s][debug][gc,phases      ] GC(184)     Dead                           Min: 0, Avg:  0.0, Max: 0, Diff: 0, Sum: 0, Workers: 4
[3200.833s][debug][gc,phases      ] GC(184)     Total                          Min: 0, Avg: 12.2, Max: 49, Diff: 49, Sum: 49, Workers: 4
[3200.833s][debug][gc,phases      ] GC(184)   JVMTI Tag Weak OopStorage      Min:  0.0, Avg:  0.0, Max:  0.0, Diff:  0.0, Sum:  0.0, Workers: 4
[3200.833s][debug][gc,phases      ] GC(184)     Dead                           Min: 0, Avg:  0.0, Max: 0, Diff: 0, Sum: 0, Workers: 4
[3200.833s][debug][gc,phases      ] GC(184)     Total                          Min: 0, Avg:  0.0, Max: 0, Diff: 0, Sum: 0, Workers: 4
[3200.833s][debug][gc,phases      ] GC(184)   StringTable Weak               Min:  0.1, Avg:  0.1, Max:  0.1, Diff:  0.0, Sum:  0.4, Workers: 4
[3200.833s][debug][gc,phases      ] GC(184)     Dead                           Min: 0, Avg:  0.0, Max: 0, Diff: 0, Sum: 0, Workers: 4
[3200.833s][debug][gc,phases      ] GC(184)     Total                          Min: 10815, Avg: 10872.5, Max: 10942, Diff: 127, Sum: 43490, Workers: 4
[3200.833s][debug][gc,phases      ] GC(184)   ResolvedMethodTable Weak       Min:  0.0, Avg:  0.0, Max:  0.0, Diff:  0.0, Sum:  0.1, Workers: 4
[3200.833s][debug][gc,phases      ] GC(184)     Dead                           Min: 0, Avg:  0.0, Max: 0, Diff: 0, Sum: 0, Workers: 4
[3200.833s][debug][gc,phases      ] GC(184)     Total                          Min: 1150, Avg: 2216.8, Max: 2668, Diff: 1518, Sum: 8867, Workers: 4
[3200.833s][debug][gc,phases      ] GC(184)   JNI Weak                       Min:  0.0, Avg:  0.0, Max:  0.0, Diff:  0.0, Sum:  0.0, Workers: 4
[3200.833s][debug][gc,phases      ] GC(184)     Dead                           Min: 0, Avg:  0.0, Max: 0, Diff: 0, Sum: 0, Workers: 4
[3200.833s][debug][gc,phases      ] GC(184)     Total                          Min: 0, Avg: 11.2, Max: 45, Diff: 45, Sum: 45, Workers: 4
[3200.833s][debug][gc,phases      ] GC(184)   StringDedup Table Weak         Min:  0.0, Avg:  0.0, Max:  0.0, Diff:  0.0, Sum:  0.0, Workers: 4
[3200.833s][debug][gc,phases      ] GC(184)     Dead                           Min: 0, Avg:  0.0, Max: 0, Diff: 0, Sum: 0, Workers: 4
[3200.833s][debug][gc,phases      ] GC(184)     Total                          Min: 0, Avg:  0.0, Max: 0, Diff: 0, Sum: 0, Workers: 4
[3200.833s][debug][gc,phases      ] GC(184)   StringDedup Requests0 Weak     Min:  0.0, Avg:  0.0, Max:  0.0, Diff:  0.0, Sum:  0.0, Workers: 4
[3200.833s][debug][gc,phases      ] GC(184)     Dead                           Min: 0, Avg:  0.0, Max: 0, Diff: 0, Sum: 0, Workers: 4
[3200.833s][debug][gc,phases      ] GC(184)     Total                          Min: 0, Avg:  0.0, Max: 0, Diff: 0, Sum: 0, Workers: 4
[3200.833s][debug][gc,phases      ] GC(184)   StringDedup Requests1 Weak     Min:  0.0, Avg:  0.0, Max:  0.0, Diff:  0.0, Sum:  0.0, Workers: 4
[3200.833s][debug][gc,phases      ] GC(184)     Dead                           Min: 0, Avg:  0.0, Max: 0, Diff: 0, Sum: 0, Workers: 4
[3200.833s][debug][gc,phases      ] GC(184)     Total                          Min: 0, Avg:  0.0, Max: 0, Diff: 0, Sum: 0, Workers: 4
[3200.833s][debug][gc,phases      ] GC(184)   Weak JFR Old Object Samples    Min:  0.0, Avg:  0.0, Max:  0.0, Diff:  0.0, Sum:  0.0, Workers: 4
[3200.833s][debug][gc,phases      ] GC(184)     Dead                           Min: 0, Avg:  0.0, Max: 0, Diff: 0, Sum: 0, Workers: 4
[3200.833s][debug][gc,phases      ] GC(184)     Total                          Min: 0, Avg:  0.0, Max: 0, Diff: 0, Sum: 0, Workers: 4
[3200.833s][debug][gc,phases      ] GC(184) Weak Processing 0.282ms
[3200.833s][debug][gc,age         ] GC(184) Desired survivor size 51380224 bytes, new threshold 15 (max threshold 15)
[3200.833s][info ][gc,heap        ] GC(184) PSYoungGen: 2024544K(2045952K)->29440K(2046976K) Eden: 1994752K(1994752K)->0K(1996288K) From: 29792K(51200K)->29440K(50688K)
[3200.833s][info ][gc,heap        ] GC(184) ParOldGen: 347479K(432128K)->347519K(432128K)
[3200.833s][info ][gc,metaspace   ] GC(184) Metaspace: 79860K(80768K)->79860K(80768K) NonClass: 68503K(68928K)->68503K(68928K) Class: 11356K(11840K)->11356K(11840K)
[3200.833s][info ][gc             ] GC(184) Pause Young (Allocation Failure) 2316M->368M(2421M) 9.732ms
[3200.833s][info ][gc,cpu         ] GC(184) User=0.04s Sys=0.00s Real=0.01s
[3200.833s][info ][safepoint      ] Safepoint "ParallelGCFailedAllocation", Time since last: 4590495892 ns, Reaching safepoint: 98600 ns, At safepoint: 9795216 ns, Total: 9893816 ns
[3201.833s][info ][safepoint      ] Safepoint "Cleanup", Time since last: 1000081444 ns, Reaching safepoint: 40600 ns, At safepoint: 3200 ns, Total: 43800 ns
[3209.833s][info ][safepoint      ] Safepoint "Cleanup", Time since last: 8000538747 ns, Reaching safepoint: 38000 ns, At safepoint: 9000 ns, Total: 47000 ns
[3219.834s][info ][safepoint      ] Safepoint "Cleanup", Time since last: 10000687112 ns, Reaching safepoint: 40700 ns, At safepoint: 9800 ns, Total: 50500 ns
[3220.417s][info ][gc,start       ] GC(185) Pause Young (Allocation Failure)
[3220.428s][debug][gc,phases      ] GC(185) Scavenge 10.733ms
[3220.428s][debug][gc,ref         ] GC(185) Skipped phase 1 of Reference Processing: no references
[3220.428s][debug][gc,ref         ] GC(185) ReferenceProcessor::execute queues: 1, RefProcThreadModel::Single, marks_oops_alive: false
[3220.428s][debug][gc,ref         ] GC(185) Skipped phase 3 of Reference Processing: no references
[3220.428s][debug][gc,ref         ] GC(185) ReferenceProcessor::execute queues: 1, RefProcThreadModel::Single, marks_oops_alive: false
[3220.428s][debug][gc,phases      ] GC(185) Reference Processing 0.107ms
[3220.428s][debug][gc,phases      ] GC(185)   VM Weak                        Min:  0.0, Avg:  0.0, Max:  0.0, Diff:  0.0, Sum:  0.0, Workers: 4
[3220.428s][debug][gc,phases      ] GC(185)     Dead                           Min: 0, Avg:  0.0, Max: 0, Diff: 0, Sum: 0, Workers: 4
[3220.428s][debug][gc,phases      ] GC(185)     Total                          Min: 0, Avg: 149.8, Max: 568, Diff: 568, Sum: 599, Workers: 4
[3220.428s][debug][gc,phases      ] GC(185)   ObjectSynchronizer Weak        Min:  0.0, Avg:  0.0, Max:  0.0, Diff:  0.0, Sum:  0.0, Workers: 4
[3220.428s][debug][gc,phases      ] GC(185)     Dead                           Min: 0, Avg:  0.0, Max: 0, Diff: 0, Sum: 0, Workers: 4
[3220.428s][debug][gc,phases      ] GC(185)     Total                          Min: 0, Avg: 12.2, Max: 49, Diff: 49, Sum: 49, Workers: 4
[3220.428s][debug][gc,phases      ] GC(185)   JVMTI Tag Weak OopStorage      Min:  0.0, Avg:  0.0, Max:  0.0, Diff:  0.0, Sum:  0.0, Workers: 4
[3220.428s][debug][gc,phases      ] GC(185)     Dead                           Min: 0, Avg:  0.0, Max: 0, Diff: 0, Sum: 0, Workers: 4
[3220.428s][debug][gc,phases      ] GC(185)     Total                          Min: 0, Avg:  0.0, Max: 0, Diff: 0, Sum: 0, Workers: 4
[3220.428s][debug][gc,phases      ] GC(185)   StringTable Weak               Min:  0.1, Avg:  0.1, Max:  0.1, Diff:  0.0, Sum:  0.4, Workers: 4
[3220.428s][debug][gc,phases      ] GC(185)     Dead                           Min: 0, Avg:  0.0, Max: 0, Diff: 0, Sum: 0, Workers: 4
[3220.428s][debug][gc,phases      ] GC(185)     Total                          Min: 10431, Avg: 10873.0, Max: 11262, Diff: 831, Sum: 43492, Workers: 4
[3220.428s][debug][gc,phases      ] GC(185)   ResolvedMethodTable Weak       Min:  0.0, Avg:  0.0, Max:  0.0, Diff:  0.0, Sum:  0.1, Workers: 4
[3220.428s][debug][gc,phases      ] GC(185)     Dead                           Min: 0, Avg:  0.0, Max: 0, Diff: 0, Sum: 0, Workers: 4
[3220.428s][debug][gc,phases      ] GC(185)     Total                          Min: 2157, Avg: 2216.8, Max: 2304, Diff: 147, Sum: 8867, Workers: 4
[3220.428s][debug][gc,phases      ] GC(185)   JNI Weak                       Min:  0.0, Avg:  0.0, Max:  0.0, Diff:  0.0, Sum:  0.0, Workers: 4
[3220.428s][debug][gc,phases      ] GC(185)     Dead                           Min: 0, Avg:  0.0, Max: 0, Diff: 0, Sum: 0, Workers: 4
[3220.428s][debug][gc,phases      ] GC(185)     Total                          Min: 0, Avg: 11.2, Max: 45, Diff: 45, Sum: 45, Workers: 4
[3220.428s][debug][gc,phases      ] GC(185)   StringDedup Table Weak         Min:  0.0, Avg:  0.0, Max:  0.0, Diff:  0.0, Sum:  0.0, Workers: 4
[3220.428s][debug][gc,phases      ] GC(185)     Dead                           Min: 0, Avg:  0.0, Max: 0, Diff: 0, Sum: 0, Workers: 4
[3220.428s][debug][gc,phases      ] GC(185)     Total                          Min: 0, Avg:  0.0, Max: 0, Diff: 0, Sum: 0, Workers: 4
[3220.428s][debug][gc,phases      ] GC(185)   StringDedup Requests0 Weak     Min:  0.0, Avg:  0.0, Max:  0.0, Diff:  0.0, Sum:  0.0, Workers: 4
[3220.428s][debug][gc,phases      ] GC(185)     Dead                           Min: 0, Avg:  0.0, Max: 0, Diff: 0, Sum: 0, Workers: 4
[3220.428s][debug][gc,phases      ] GC(185)     Total                          Min: 0, Avg:  0.0, Max: 0, Diff: 0, Sum: 0, Workers: 4
[3220.428s][debug][gc,phases      ] GC(185)   StringDedup Requests1 Weak     Min:  0.0, Avg:  0.0, Max:  0.0, Diff:  0.0, Sum:  0.0, Workers: 4
[3220.428s][debug][gc,phases      ] GC(185)     Dead                           Min: 0, Avg:  0.0, Max: 0, Diff: 0, Sum: 0, Workers: 4
[3220.428s][debug][gc,phases      ] GC(185)     Total                          Min: 0, Avg:  0.0, Max: 0, Diff: 0, Sum: 0, Workers: 4
[3220.428s][debug][gc,phases      ] GC(185)   Weak JFR Old Object Samples    Min:  0.0, Avg:  0.0, Max:  0.0, Diff:  0.0, Sum:  0.0, Workers: 4
[3220.428s][debug][gc,phases      ] GC(185)     Dead                           Min: 0, Avg:  0.0, Max: 0, Diff: 0, Sum: 0, Workers: 4
[3220.428s][debug][gc,phases      ] GC(185)     Total                          Min: 0, Avg:  0.0, Max: 0, Diff: 0, Sum: 0, Workers: 4
[3220.428s][debug][gc,phases      ] GC(185) Weak Processing 0.289ms
[3220.428s][debug][gc,age         ] GC(185) Desired survivor size 50855936 bytes, new threshold 15 (max threshold 15)
[3220.428s][info ][gc,heap        ] GC(185) PSYoungGen: 2025728K(2046976K)->29408K(2046464K) Eden: 1996288K(1996288K)->0K(1996288K) From: 29440K(50688K)->29408K(50176K)
[3220.428s][info ][gc,heap        ] GC(185) ParOldGen: 347519K(432128K)->347551K(432128K)
[3220.428s][info ][gc,metaspace   ] GC(185) Metaspace: 79868K(80768K)->79868K(80768K) NonClass: 68512K(68928K)->68512K(68928K) Class: 11356K(11840K)->11356K(11840K)
[3220.428s][info ][gc             ] GC(185) Pause Young (Allocation Failure) 2317M->368M(2420M) 11.240ms
[3220.428s][info ][gc,cpu         ] GC(185) User=0.03s Sys=0.00s Real=0.02s
[3220.428s][info ][safepoint      ] Safepoint "ParallelGCFailedAllocation", Time since last: 582735897 ns, Reaching safepoint: 24900 ns, At safepoint: 11310418 ns, Total: 11335318 ns
[3221.428s][info ][safepoint      ] Safepoint "Cleanup", Time since last: 1000060840 ns, Reaching safepoint: 26500 ns, At safepoint: 2200 ns, Total: 28700 ns
[3226.429s][info ][safepoint      ] Safepoint "Cleanup", Time since last: 5000361395 ns, Reaching safepoint: 42700 ns, At safepoint: 2200 ns, Total: 44900 ns
[3227.429s][info ][safepoint      ] Safepoint "Cleanup", Time since last: 1000101539 ns, Reaching safepoint: 42400 ns, At safepoint: 2400 ns, Total: 44800 ns
[3228.429s][info ][safepoint      ] Safepoint "Cleanup", Time since last: 1000109838 ns, Reaching safepoint: 56200 ns, At safepoint: 7700 ns, Total: 63900 ns
[3229.429s][info ][safepoint      ] Safepoint "Cleanup", Time since last: 1000101138 ns, Reaching safepoint: 33300 ns, At safepoint: 2500 ns, Total: 35800 ns
[3239.969s][info ][gc,start       ] GC(186) Pause Young (Allocation Failure)
[3239.980s][debug][gc,phases      ] GC(186) Scavenge 10.729ms
[3239.980s][debug][gc,ref         ] GC(186) Skipped phase 1 of Reference Processing: no references
[3239.980s][debug][gc,ref         ] GC(186) ReferenceProcessor::execute queues: 1, RefProcThreadModel::Single, marks_oops_alive: false
[3239.980s][debug][gc,ref         ] GC(186) Skipped phase 3 of Reference Processing: no references
[3239.980s][debug][gc,ref         ] GC(186) ReferenceProcessor::execute queues: 1, RefProcThreadModel::Single, marks_oops_alive: false
[3239.980s][debug][gc,phases      ] GC(186) Reference Processing 0.084ms
[3239.980s][debug][gc,phases      ] GC(186)   VM Weak                        Min:  0.0, Avg:  0.0, Max:  0.0, Diff:  0.0, Sum:  0.0, Workers: 4
[3239.980s][debug][gc,phases      ] GC(186)     Dead                           Min: 0, Avg:  0.0, Max: 0, Diff: 0, Sum: 0, Workers: 4
[3239.980s][debug][gc,phases      ] GC(186)     Total                          Min: 0, Avg: 149.8, Max: 599, Diff: 599, Sum: 599, Workers: 4
[3239.980s][debug][gc,phases      ] GC(186)   ObjectSynchronizer Weak        Min:  0.0, Avg:  0.0, Max:  0.0, Diff:  0.0, Sum:  0.0, Workers: 4
[3239.980s][debug][gc,phases      ] GC(186)     Dead                           Min: 0, Avg:  0.0, Max: 0, Diff: 0, Sum: 0, Workers: 4
[3239.980s][debug][gc,phases      ] GC(186)     Total                          Min: 0, Avg: 12.2, Max: 49, Diff: 49, Sum: 49, Workers: 4
[3239.980s][debug][gc,phases      ] GC(186)   JVMTI Tag Weak OopStorage      Min:  0.0, Avg:  0.0, Max:  0.0, Diff:  0.0, Sum:  0.0, Workers: 4
[3239.980s][debug][gc,phases      ] GC(186)     Dead                           Min: 0, Avg:  0.0, Max: 0, Diff: 0, Sum: 0, Workers: 4
[3239.980s][debug][gc,phases      ] GC(186)     Total                          Min: 0, Avg:  0.0, Max: 0, Diff: 0, Sum: 0, Workers: 4
[3239.980s][debug][gc,phases      ] GC(186)   StringTable Weak               Min:  0.1, Avg:  0.1, Max:  0.1, Diff:  0.0, Sum:  0.4, Workers: 4
[3239.980s][debug][gc,phases      ] GC(186)     Dead                           Min: 0, Avg:  0.0, Max: 0, Diff: 0, Sum: 0, Workers: 4
[3239.980s][debug][gc,phases      ] GC(186)     Total                          Min: 10430, Avg: 10873.0, Max: 11263, Diff: 833, Sum: 43492, Workers: 4
[3239.980s][debug][gc,phases      ] GC(186)   ResolvedMethodTable Weak       Min:  0.0, Avg:  0.0, Max:  0.0, Diff:  0.0, Sum:  0.1, Workers: 4
[3239.980s][debug][gc,phases      ] GC(186)     Dead                           Min: 0, Avg:  0.0, Max: 0, Diff: 0, Sum: 0, Workers: 4
[3239.980s][debug][gc,phases      ] GC(186)     Total                          Min: 2175, Avg: 2216.8, Max: 2238, Diff: 63, Sum: 8867, Workers: 4
[3239.980s][debug][gc,phases      ] GC(186)   JNI Weak                       Min:  0.0, Avg:  0.0, Max:  0.0, Diff:  0.0, Sum:  0.0, Workers: 4
[3239.980s][debug][gc,phases      ] GC(186)     Dead                           Min: 0, Avg:  0.0, Max: 0, Diff: 0, Sum: 0, Workers: 4
[3239.980s][debug][gc,phases      ] GC(186)     Total                          Min: 0, Avg: 11.2, Max: 45, Diff: 45, Sum: 45, Workers: 4
[3239.980s][debug][gc,phases      ] GC(186)   StringDedup Table Weak         Min:  0.0, Avg:  0.0, Max:  0.0, Diff:  0.0, Sum:  0.0, Workers: 4
[3239.980s][debug][gc,phases      ] GC(186)     Dead                           Min: 0, Avg:  0.0, Max: 0, Diff: 0, Sum: 0, Workers: 4
[3239.980s][debug][gc,phases      ] GC(186)     Total                          Min: 0, Avg:  0.0, Max: 0, Diff: 0, Sum: 0, Workers: 4
[3239.980s][debug][gc,phases      ] GC(186)   StringDedup Requests0 Weak     Min:  0.0, Avg:  0.0, Max:  0.0, Diff:  0.0, Sum:  0.0, Workers: 4
[3239.980s][debug][gc,phases      ] GC(186)     Dead                           Min: 0, Avg:  0.0, Max: 0, Diff: 0, Sum: 0, Workers: 4
[3239.980s][debug][gc,phases      ] GC(186)     Total                          Min: 0, Avg:  0.0, Max: 0, Diff: 0, Sum: 0, Workers: 4
[3239.980s][debug][gc,phases      ] GC(186)   StringDedup Requests1 Weak     Min:  0.0, Avg:  0.0, Max:  0.0, Diff:  0.0, Sum:  0.0, Workers: 4
[3239.980s][debug][gc,phases      ] GC(186)     Dead                           Min: 0, Avg:  0.0, Max: 0, Diff: 0, Sum: 0, Workers: 4
[3239.980s][debug][gc,phases      ] GC(186)     Total                          Min: 0, Avg:  0.0, Max: 0, Diff: 0, Sum: 0, Workers: 4
[3239.980s][debug][gc,phases      ] GC(186)   Weak JFR Old Object Samples    Min:  0.0, Avg:  0.0, Max:  0.0, Diff:  0.0, Sum:  0.0, Workers: 4
[3239.980s][debug][gc,phases      ] GC(186)     Dead                           Min: 0, Avg:  0.0, Max: 0, Diff: 0, Sum: 0, Workers: 4
[3239.980s][debug][gc,phases      ] GC(186)     Total                          Min: 0, Avg:  0.0, Max: 0, Diff: 0, Sum: 0, Workers: 4
[3239.981s][debug][gc,phases      ] GC(186) Weak Processing 0.294ms
[3239.981s][debug][gc,age         ] GC(186) Desired survivor size 49807360 bytes, new threshold 15 (max threshold 15)
[3239.981s][info ][gc,heap        ] GC(186) PSYoungGen: 2025696K(2046464K)->29408K(2048512K) Eden: 1996288K(1996288K)->0K(1998848K) From: 29408K(50176K)->29408K(49664K)
[3239.981s][info ][gc,heap        ] GC(186) ParOldGen: 347551K(432128K)->347575K(432128K)
[3239.981s][info ][gc,metaspace   ] GC(186) Metaspace: 79877K(80768K)->79877K(80768K) NonClass: 68521K(68928K)->68521K(68928K) Class: 11356K(11840K)->11356K(11840K)
[3239.981s][info ][gc             ] GC(186) Pause Young (Allocation Failure) 2317M->368M(2422M) 11.203ms
[3239.981s][info ][gc,cpu         ] GC(186) User=0.03s Sys=0.00s Real=0.01s
[3239.981s][info ][safepoint      ] Safepoint "ParallelGCFailedAllocation", Time since last: 10540089096 ns, Reaching safepoint: 26000 ns, At safepoint: 11264117 ns, Total: 11290117 ns
[3244.981s][info ][safepoint      ] Safepoint "Cleanup", Time since last: 5000310675 ns, Reaching safepoint: 48400 ns, At safepoint: 2400 ns, Total: 50800 ns
[3260.821s][info ][gc,start       ] GC(187) Pause Young (Allocation Failure)
[3260.832s][debug][gc,phases      ] GC(187) Scavenge 11.161ms
[3260.832s][debug][gc,ref         ] GC(187) Skipped phase 1 of Reference Processing: no references
[3260.832s][debug][gc,ref         ] GC(187) ReferenceProcessor::execute queues: 1, RefProcThreadModel::Single, marks_oops_alive: false
[3260.832s][debug][gc,ref         ] GC(187) Skipped phase 3 of Reference Processing: no references
[3260.832s][debug][gc,ref         ] GC(187) Skipped phase 4 of Reference Processing: no references
[3260.832s][debug][gc,phases      ] GC(187) Reference Processing 0.094ms
[3260.832s][debug][gc,phases      ] GC(187)   VM Weak                        Min:  0.0, Avg:  0.0, Max:  0.0, Diff:  0.0, Sum:  0.0, Workers: 4
[3260.832s][debug][gc,phases      ] GC(187)     Dead                           Min: 0, Avg:  0.0, Max: 0, Diff: 0, Sum: 0, Workers: 4
[3260.832s][debug][gc,phases      ] GC(187)     Total                          Min: 0, Avg: 149.8, Max: 536, Diff: 536, Sum: 599, Workers: 4
[3260.832s][debug][gc,phases      ] GC(187)   ObjectSynchronizer Weak        Min:  0.0, Avg:  0.0, Max:  0.0, Diff:  0.0, Sum:  0.0, Workers: 4
[3260.832s][debug][gc,phases      ] GC(187)     Dead                           Min: 0, Avg:  0.0, Max: 0, Diff: 0, Sum: 0, Workers: 4
[3260.832s][debug][gc,phases      ] GC(187)     Total                          Min: 0, Avg: 12.2, Max: 49, Diff: 49, Sum: 49, Workers: 4
[3260.833s][debug][gc,phases      ] GC(187)   JVMTI Tag Weak OopStorage      Min:  0.0, Avg:  0.0, Max:  0.0, Diff:  0.0, Sum:  0.0, Workers: 4
[3260.833s][debug][gc,phases      ] GC(187)     Dead                           Min: 0, Avg:  0.0, Max: 0, Diff: 0, Sum: 0, Workers: 4
[3260.833s][debug][gc,phases      ] GC(187)     Total                          Min: 0, Avg:  0.0, Max: 0, Diff: 0, Sum: 0, Workers: 4
[3260.833s][debug][gc,phases      ] GC(187)   StringTable Weak               Min:  0.1, Avg:  0.1, Max:  0.1, Diff:  0.0, Sum:  0.4, Workers: 4
[3260.833s][debug][gc,phases      ] GC(187)     Dead                           Min: 0, Avg:  0.0, Max: 0, Diff: 0, Sum: 0, Workers: 4
[3260.833s][debug][gc,phases      ] GC(187)     Total                          Min: 10622, Avg: 10873.0, Max: 11174, Diff: 552, Sum: 43492, Workers: 4
[3260.833s][debug][gc,phases      ] GC(187)   ResolvedMethodTable Weak       Min:  0.0, Avg:  0.0, Max:  0.0, Diff:  0.0, Sum:  0.1, Workers: 4
[3260.833s][debug][gc,phases      ] GC(187)     Dead                           Min: 0, Avg:  0.0, Max: 0, Diff: 0, Sum: 0, Workers: 4
[3260.833s][debug][gc,phases      ] GC(187)     Total                          Min: 696, Avg: 2216.8, Max: 2879, Diff: 2183, Sum: 8867, Workers: 4
[3260.833s][debug][gc,phases      ] GC(187)   JNI Weak                       Min:  0.0, Avg:  0.0, Max:  0.0, Diff:  0.0, Sum:  0.0, Workers: 4
[3260.833s][debug][gc,phases      ] GC(187)     Dead                           Min: 0, Avg:  0.0, Max: 0, Diff: 0, Sum: 0, Workers: 4
[3260.833s][debug][gc,phases      ] GC(187)     Total                          Min: 0, Avg: 11.2, Max: 45, Diff: 45, Sum: 45, Workers: 4
[3260.833s][debug][gc,phases      ] GC(187)   StringDedup Table Weak         Min:  0.0, Avg:  0.0, Max:  0.0, Diff:  0.0, Sum:  0.0, Workers: 4
[3260.833s][debug][gc,phases      ] GC(187)     Dead                           Min: 0, Avg:  0.0, Max: 0, Diff: 0, Sum: 0, Workers: 4
[3260.833s][debug][gc,phases      ] GC(187)     Total                          Min: 0, Avg:  0.0, Max: 0, Diff: 0, Sum: 0, Workers: 4
[3260.833s][debug][gc,phases      ] GC(187)   StringDedup Requests0 Weak     Min:  0.0, Avg:  0.0, Max:  0.0, Diff:  0.0, Sum:  0.0, Workers: 4
[3260.833s][debug][gc,phases      ] GC(187)     Dead                           Min: 0, Avg:  0.0, Max: 0, Diff: 0, Sum: 0, Workers: 4
[3260.833s][debug][gc,phases      ] GC(187)     Total                          Min: 0, Avg:  0.0, Max: 0, Diff: 0, Sum: 0, Workers: 4
[3260.833s][debug][gc,phases      ] GC(187)   StringDedup Requests1 Weak     Min:  0.0, Avg:  0.0, Max:  0.0, Diff:  0.0, Sum:  0.0, Workers: 4
[3260.833s][debug][gc,phases      ] GC(187)     Dead                           Min: 0, Avg:  0.0, Max: 0, Diff: 0, Sum: 0, Workers: 4
[3260.833s][debug][gc,phases      ] GC(187)     Total                          Min: 0, Avg:  0.0, Max: 0, Diff: 0, Sum: 0, Workers: 4
[3260.833s][debug][gc,phases      ] GC(187)   Weak JFR Old Object Samples    Min:  0.0, Avg:  0.0, Max:  0.0, Diff:  0.0, Sum:  0.0, Workers: 4
[3260.833s][debug][gc,phases      ] GC(187)     Dead                           Min: 0, Avg:  0.0, Max: 0, Diff: 0, Sum: 0, Workers: 4
[3260.833s][debug][gc,phases      ] GC(187)     Total                          Min: 0, Avg:  0.0, Max: 0, Diff: 0, Sum: 0, Workers: 4
[3260.833s][debug][gc,phases      ] GC(187) Weak Processing 0.286ms
[3260.833s][debug][gc,age         ] GC(187) Desired survivor size 49283072 bytes, new threshold 15 (max threshold 15)
[3260.833s][info ][gc,heap        ] GC(187) PSYoungGen: 2028256K(2048512K)->29440K(2047488K) Eden: 1998848K(1998848K)->0K(1998848K) From: 29408K(49664K)->29440K(48640K)
[3260.833s][info ][gc,heap        ] GC(187) ParOldGen: 347575K(432128K)->347599K(432128K)
[3260.833s][info ][gc,metaspace   ] GC(187) Metaspace: 79884K(80768K)->79884K(80768K) NonClass: 68528K(68928K)->68528K(68928K) Class: 11356K(11840K)->11356K(11840K)
[3260.833s][info ][gc             ] GC(187) Pause Young (Allocation Failure) 2320M->368M(2421M) 11.648ms
[3260.833s][info ][gc,cpu         ] GC(187) User=0.04s Sys=0.00s Real=0.01s
[3260.833s][info ][safepoint      ] Safepoint "ParallelGCFailedAllocation", Time since last: 15839942077 ns, Reaching safepoint: 86500 ns, At safepoint: 11713218 ns, Total: 11799718 ns
[3264.833s][info ][safepoint      ] Safepoint "Cleanup", Time since last: 4000269622 ns, Reaching safepoint: 28100 ns, At safepoint: 2600 ns, Total: 30700 ns
[3271.834s][info ][safepoint      ] Safepoint "Cleanup", Time since last: 7000496906 ns, Reaching safepoint: 55000 ns, At safepoint: 4400 ns, Total: 59400 ns
[3274.834s][info ][safepoint      ] Safepoint "Cleanup", Time since last: 3000234785 ns, Reaching safepoint: 31700 ns, At safepoint: 2700 ns, Total: 34400 ns
[3281.217s][info ][gc,start       ] GC(188) Pause Young (Allocation Failure)
[3281.228s][debug][gc,phases      ] GC(188) Scavenge 10.925ms
[3281.228s][debug][gc,ref         ] GC(188) Skipped phase 1 of Reference Processing: no references
[3281.229s][debug][gc,ref         ] GC(188) ReferenceProcessor::execute queues: 1, RefProcThreadModel::Single, marks_oops_alive: false
[3281.229s][debug][gc,ref         ] GC(188) Skipped phase 3 of Reference Processing: no references
[3281.229s][debug][gc,ref         ] GC(188) Skipped phase 4 of Reference Processing: no references
[3281.229s][debug][gc,phases      ] GC(188) Reference Processing 0.100ms
[3281.229s][debug][gc,phases      ] GC(188)   VM Weak                        Min:  0.0, Avg:  0.0, Max:  0.0, Diff:  0.0, Sum:  0.0, Workers: 4
[3281.229s][debug][gc,phases      ] GC(188)     Dead                           Min: 0, Avg:  0.0, Max: 0, Diff: 0, Sum: 0, Workers: 4
[3281.229s][debug][gc,phases      ] GC(188)     Total                          Min: 0, Avg: 149.8, Max: 568, Diff: 568, Sum: 599, Workers: 4
[3281.229s][debug][gc,phases      ] GC(188)   ObjectSynchronizer Weak        Min:  0.0, Avg:  0.0, Max:  0.0, Diff:  0.0, Sum:  0.0, Workers: 4
[3281.229s][debug][gc,phases      ] GC(188)     Dead                           Min: 0, Avg:  0.0, Max: 0, Diff: 0, Sum: 0, Workers: 4
[3281.229s][debug][gc,phases      ] GC(188)     Total                          Min: 0, Avg: 12.2, Max: 49, Diff: 49, Sum: 49, Workers: 4
[3281.229s][debug][gc,phases      ] GC(188)   JVMTI Tag Weak OopStorage      Min:  0.0, Avg:  0.0, Max:  0.0, Diff:  0.0, Sum:  0.0, Workers: 4
[3281.229s][debug][gc,phases      ] GC(188)     Dead                           Min: 0, Avg:  0.0, Max: 0, Diff: 0, Sum: 0, Workers: 4
[3281.229s][debug][gc,phases      ] GC(188)     Total                          Min: 0, Avg:  0.0, Max: 0, Diff: 0, Sum: 0, Workers: 4
[3281.229s][debug][gc,phases      ] GC(188)   StringTable Weak               Min:  0.0, Avg:  0.1, Max:  0.1, Diff:  0.1, Sum:  0.4, Workers: 4
[3281.229s][debug][gc,phases      ] GC(188)     Dead                           Min: 0, Avg:  0.0, Max: 0, Diff: 0, Sum: 0, Workers: 4
[3281.229s][debug][gc,phases      ] GC(188)     Total                          Min: 0, Avg: 10873.0, Max: 16317, Diff: 16317, Sum: 43492, Workers: 4
[3281.229s][debug][gc,phases      ] GC(188)   ResolvedMethodTable Weak       Min:  0.0, Avg:  0.0, Max:  0.0, Diff:  0.0, Sum:  0.1, Workers: 4
[3281.229s][debug][gc,phases      ] GC(188)     Dead                           Min: 0, Avg:  0.0, Max: 0, Diff: 0, Sum: 0, Workers: 4
[3281.229s][debug][gc,phases      ] GC(188)     Total                          Min: 0, Avg: 2216.8, Max: 3711, Diff: 3711, Sum: 8867, Workers: 4
[3281.229s][debug][gc,phases      ] GC(188)   JNI Weak                       Min:  0.0, Avg:  0.0, Max:  0.0, Diff:  0.0, Sum:  0.0, Workers: 4
[3281.229s][debug][gc,phases      ] GC(188)     Dead                           Min: 0, Avg:  0.0, Max: 0, Diff: 0, Sum: 0, Workers: 4
[3281.229s][debug][gc,phases      ] GC(188)     Total                          Min: 0, Avg: 11.2, Max: 45, Diff: 45, Sum: 45, Workers: 4
[3281.229s][debug][gc,phases      ] GC(188)   StringDedup Table Weak         Min:  0.0, Avg:  0.0, Max:  0.0, Diff:  0.0, Sum:  0.0, Workers: 4
[3281.229s][debug][gc,phases      ] GC(188)     Dead                           Min: 0, Avg:  0.0, Max: 0, Diff: 0, Sum: 0, Workers: 4
[3281.229s][debug][gc,phases      ] GC(188)     Total                          Min: 0, Avg:  0.0, Max: 0, Diff: 0, Sum: 0, Workers: 4
[3281.229s][debug][gc,phases      ] GC(188)   StringDedup Requests0 Weak     Min:  0.0, Avg:  0.0, Max:  0.0, Diff:  0.0, Sum:  0.0, Workers: 4
[3281.229s][debug][gc,phases      ] GC(188)     Dead                           Min: 0, Avg:  0.0, Max: 0, Diff: 0, Sum: 0, Workers: 4
[3281.229s][debug][gc,phases      ] GC(188)     Total                          Min: 0, Avg:  0.0, Max: 0, Diff: 0, Sum: 0, Workers: 4
[3281.229s][debug][gc,phases      ] GC(188)   StringDedup Requests1 Weak     Min:  0.0, Avg:  0.0, Max:  0.0, Diff:  0.0, Sum:  0.0, Workers: 4
[3281.229s][debug][gc,phases      ] GC(188)     Dead                           Min: 0, Avg:  0.0, Max: 0, Diff: 0, Sum: 0, Workers: 4
[3281.229s][debug][gc,phases      ] GC(188)     Total                          Min: 0, Avg:  0.0, Max: 0, Diff: 0, Sum: 0, Workers: 4
[3281.229s][debug][gc,phases      ] GC(188)   Weak JFR Old Object Samples    Min:  0.0, Avg:  0.0, Max:  0.0, Diff:  0.0, Sum:  0.0, Workers: 4
[3281.229s][debug][gc,phases      ] GC(188)     Dead                           Min: 0, Avg:  0.0, Max: 0, Diff: 0, Sum: 0, Workers: 4
[3281.229s][debug][gc,phases      ] GC(188)     Total                          Min: 0, Avg:  0.0, Max: 0, Diff: 0, Sum: 0, Workers: 4
[3281.229s][debug][gc,phases      ] GC(188) Weak Processing 0.338ms
[3281.229s][debug][gc,age         ] GC(188) Desired survivor size 48234496 bytes, new threshold 15 (max threshold 15)
[3281.229s][info ][gc,heap        ] GC(188) PSYoungGen: 2028288K(2047488K)->29392K(2050048K) Eden: 1998848K(1998848K)->0K(2001920K) From: 29440K(48640K)->29392K(48128K)
[3281.229s][info ][gc,heap        ] GC(188) ParOldGen: 347599K(432128K)->347647K(432128K)
[3281.229s][info ][gc,metaspace   ] GC(188) Metaspace: 79890K(80768K)->79890K(80768K) NonClass: 68533K(68928K)->68533K(68928K) Class: 11356K(11840K)->11356K(11840K)
[3281.229s][info ][gc             ] GC(188) Pause Young (Allocation Failure) 2320M->368M(2424M) 11.474ms
[3281.229s][info ][gc,cpu         ] GC(188) User=0.03s Sys=0.00s Real=0.02s
[3281.229s][info ][safepoint      ] Safepoint "ParallelGCFailedAllocation", Time since last: 6383629750 ns, Reaching safepoint: 24400 ns, At safepoint: 11532518 ns, Total: 11556918 ns
[3283.229s][info ][safepoint      ] Safepoint "Cleanup", Time since last: 2000150553 ns, Reaching safepoint: 30800 ns, At safepoint: 2600 ns, Total: 33400 ns
[3287.229s][info ][safepoint      ] Safepoint "Cleanup", Time since last: 4000241004 ns, Reaching safepoint: 27400 ns, At safepoint: 2100 ns, Total: 29500 ns
[3295.230s][info ][safepoint      ] Safepoint "Cleanup", Time since last: 8000525298 ns, Reaching safepoint: 38700 ns, At safepoint: 3300 ns, Total: 42000 ns
[3301.567s][info ][gc,start       ] GC(189) Pause Young (Allocation Failure)
[3301.578s][debug][gc,phases      ] GC(189) Scavenge 10.557ms
[3301.578s][debug][gc,ref         ] GC(189) Skipped phase 1 of Reference Processing: no references
[3301.578s][debug][gc,ref         ] GC(189) ReferenceProcessor::execute queues: 1, RefProcThreadModel::Single, marks_oops_alive: false
[3301.578s][debug][gc,ref         ] GC(189) Skipped phase 3 of Reference Processing: no references
[3301.578s][debug][gc,ref         ] GC(189) Skipped phase 4 of Reference Processing: no references
[3301.578s][debug][gc,phases      ] GC(189) Reference Processing 0.083ms
[3301.578s][debug][gc,phases      ] GC(189)   VM Weak                        Min:  0.0, Avg:  0.0, Max:  0.2, Diff:  0.2, Sum:  0.2, Workers: 4
[3301.578s][debug][gc,phases      ] GC(189)     Dead                           Min: 0, Avg:  0.0, Max: 0, Diff: 0, Sum: 0, Workers: 4
[3301.578s][debug][gc,phases      ] GC(189)     Total                          Min: 0, Avg: 149.8, Max: 393, Diff: 393, Sum: 599, Workers: 4
[3301.578s][debug][gc,phases      ] GC(189)   ObjectSynchronizer Weak        Min:  0.0, Avg:  0.0, Max:  0.0, Diff:  0.0, Sum:  0.0, Workers: 4
[3301.578s][debug][gc,phases      ] GC(189)     Dead                           Min: 0, Avg:  0.0, Max: 0, Diff: 0, Sum: 0, Workers: 4
[3301.578s][debug][gc,phases      ] GC(189)     Total                          Min: 0, Avg: 12.2, Max: 49, Diff: 49, Sum: 49, Workers: 4
[3301.578s][debug][gc,phases      ] GC(189)   JVMTI Tag Weak OopStorage      Min:  0.0, Avg:  0.0, Max:  0.0, Diff:  0.0, Sum:  0.0, Workers: 4
[3301.578s][debug][gc,phases      ] GC(189)     Dead                           Min: 0, Avg:  0.0, Max: 0, Diff: 0, Sum: 0, Workers: 4
[3301.578s][debug][gc,phases      ] GC(189)     Total                          Min: 0, Avg:  0.0, Max: 0, Diff: 0, Sum: 0, Workers: 4
[3301.578s][debug][gc,phases      ] GC(189)   StringTable Weak               Min:  0.0, Avg:  0.1, Max:  0.1, Diff:  0.1, Sum:  0.4, Workers: 4
[3301.578s][debug][gc,phases      ] GC(189)     Dead                           Min: 0, Avg:  0.0, Max: 0, Diff: 0, Sum: 0, Workers: 4
[3301.578s][debug][gc,phases      ] GC(189)     Total                          Min: 0, Avg: 10873.2, Max: 17126, Diff: 17126, Sum: 43493, Workers: 4
[3301.578s][debug][gc,phases      ] GC(189)   ResolvedMethodTable Weak       Min:  0.0, Avg:  0.0, Max:  0.0, Diff:  0.0, Sum:  0.1, Workers: 4
[3301.578s][debug][gc,phases      ] GC(189)     Dead                           Min: 0, Avg:  0.0, Max: 0, Diff: 0, Sum: 0, Workers: 4
[3301.578s][debug][gc,phases      ] GC(189)     Total                          Min: 0, Avg: 2216.8, Max: 3814, Diff: 3814, Sum: 8867, Workers: 4
[3301.578s][debug][gc,phases      ] GC(189)   JNI Weak                       Min:  0.0, Avg:  0.0, Max:  0.0, Diff:  0.0, Sum:  0.0, Workers: 4
[3301.578s][debug][gc,phases      ] GC(189)     Dead                           Min: 0, Avg:  0.0, Max: 0, Diff: 0, Sum: 0, Workers: 4
[3301.578s][debug][gc,phases      ] GC(189)     Total                          Min: 0, Avg: 11.2, Max: 45, Diff: 45, Sum: 45, Workers: 4
[3301.578s][debug][gc,phases      ] GC(189)   StringDedup Table Weak         Min:  0.0, Avg:  0.0, Max:  0.0, Diff:  0.0, Sum:  0.0, Workers: 4
[3301.578s][debug][gc,phases      ] GC(189)     Dead                           Min: 0, Avg:  0.0, Max: 0, Diff: 0, Sum: 0, Workers: 4
[3301.578s][debug][gc,phases      ] GC(189)     Total                          Min: 0, Avg:  0.0, Max: 0, Diff: 0, Sum: 0, Workers: 4
[3301.578s][debug][gc,phases      ] GC(189)   StringDedup Requests0 Weak     Min:  0.0, Avg:  0.0, Max:  0.0, Diff:  0.0, Sum:  0.0, Workers: 4
[3301.578s][debug][gc,phases      ] GC(189)     Dead                           Min: 0, Avg:  0.0, Max: 0, Diff: 0, Sum: 0, Workers: 4
[3301.578s][debug][gc,phases      ] GC(189)     Total                          Min: 0, Avg:  0.0, Max: 0, Diff: 0, Sum: 0, Workers: 4
[3301.578s][debug][gc,phases      ] GC(189)   StringDedup Requests1 Weak     Min:  0.0, Avg:  0.0, Max:  0.0, Diff:  0.0, Sum:  0.0, Workers: 4
[3301.578s][debug][gc,phases      ] GC(189)     Dead                           Min: 0, Avg:  0.0, Max: 0, Diff: 0, Sum: 0, Workers: 4
[3301.578s][debug][gc,phases      ] GC(189)     Total                          Min: 0, Avg:  0.0, Max: 0, Diff: 0, Sum: 0, Workers: 4
[3301.578s][debug][gc,phases      ] GC(189)   Weak JFR Old Object Samples    Min:  0.0, Avg:  0.0, Max:  0.0, Diff:  0.0, Sum:  0.0, Workers: 4
[3301.578s][debug][gc,phases      ] GC(189)     Dead                           Min: 0, Avg:  0.0, Max: 0, Diff: 0, Sum: 0, Workers: 4
[3301.578s][debug][gc,phases      ] GC(189)     Total                          Min: 0, Avg:  0.0, Max: 0, Diff: 0, Sum: 0, Workers: 4
[3301.578s][debug][gc,phases      ] GC(189) Weak Processing 0.333ms
[3301.578s][debug][gc,age         ] GC(189) Desired survivor size 47710208 bytes, new threshold 15 (max threshold 15)
[3301.578s][info ][gc,heap        ] GC(189) PSYoungGen: 2031312K(2050048K)->29408K(2049024K) Eden: 2001920K(2001920K)->0K(2001920K) From: 29392K(48128K)->29408K(47104K)
[3301.578s][info ][gc,heap        ] GC(189) ParOldGen: 347647K(432128K)->347679K(432128K)
[3301.578s][info ][gc,metaspace   ] GC(189) Metaspace: 79901K(80832K)->79901K(80832K) NonClass: 68545K(68992K)->68545K(68992K) Class: 11356K(11840K)->11356K(11840K)
[3301.578s][info ][gc             ] GC(189) Pause Young (Allocation Failure) 2323M->368M(2423M) 11.080ms
[3301.578s][info ][gc,cpu         ] GC(189) User=0.04s Sys=0.00s Real=0.01s
[3301.578s][info ][safepoint      ] Safepoint "ParallelGCFailedAllocation", Time since last: 6337083552 ns, Reaching safepoint: 30500 ns, At safepoint: 11148417 ns, Total: 11178917 ns
[3302.578s][info ][safepoint      ] Safepoint "Cleanup", Time since last: 1000083223 ns, Reaching safepoint: 47000 ns, At safepoint: 2900 ns, Total: 49900 ns
[3306.579s][info ][safepoint      ] Safepoint "Cleanup", Time since last: 4000263188 ns, Reaching safepoint: 56800 ns, At safepoint: 4200 ns, Total: 61000 ns
[3309.579s][info ][safepoint      ] Safepoint "Cleanup", Time since last: 3000208165 ns, Reaching safepoint: 53900 ns, At safepoint: 11200 ns, Total: 65100 ns
[3311.579s][info ][safepoint      ] Safepoint "Cleanup", Time since last: 2000173742 ns, Reaching safepoint: 40900 ns, At safepoint: 3100 ns, Total: 44000 ns
[3312.579s][info ][safepoint      ] Safepoint "Cleanup", Time since last: 1000090421 ns, Reaching safepoint: 46800 ns, At safepoint: 7500 ns, Total: 54300 ns
[3321.471s][info ][gc,start       ] GC(190) Pause Young (Allocation Failure)
[3321.482s][debug][gc,phases      ] GC(190) Scavenge 10.174ms
[3321.482s][debug][gc,ref         ] GC(190) Skipped phase 1 of Reference Processing: no references
[3321.482s][debug][gc,ref         ] GC(190) ReferenceProcessor::execute queues: 1, RefProcThreadModel::Single, marks_oops_alive: false
[3321.482s][debug][gc,ref         ] GC(190) Skipped phase 3 of Reference Processing: no references
[3321.482s][debug][gc,ref         ] GC(190) ReferenceProcessor::execute queues: 1, RefProcThreadModel::Single, marks_oops_alive: false
[3321.482s][debug][gc,phases      ] GC(190) Reference Processing 0.100ms
[3321.482s][debug][gc,phases      ] GC(190)   VM Weak                        Min:  0.0, Avg:  0.0, Max:  0.0, Diff:  0.0, Sum:  0.0, Workers: 4
[3321.482s][debug][gc,phases      ] GC(190)     Dead                           Min: 0, Avg:  0.0, Max: 0, Diff: 0, Sum: 0, Workers: 4
[3321.482s][debug][gc,phases      ] GC(190)     Total                          Min: 0, Avg: 149.8, Max: 599, Diff: 599, Sum: 599, Workers: 4
[3321.482s][debug][gc,phases      ] GC(190)   ObjectSynchronizer Weak        Min:  0.0, Avg:  0.0, Max:  0.0, Diff:  0.0, Sum:  0.0, Workers: 4
[3321.482s][debug][gc,phases      ] GC(190)     Dead                           Min: 0, Avg:  0.5, Max: 2, Diff: 2, Sum: 2, Workers: 4
[3321.482s][debug][gc,phases      ] GC(190)     Total                          Min: 0, Avg: 12.8, Max: 51, Diff: 51, Sum: 51, Workers: 4
[3321.482s][debug][gc,phases      ] GC(190)   JVMTI Tag Weak OopStorage      Min:  0.0, Avg:  0.0, Max:  0.0, Diff:  0.0, Sum:  0.0, Workers: 4
[3321.482s][debug][gc,phases      ] GC(190)     Dead                           Min: 0, Avg:  0.0, Max: 0, Diff: 0, Sum: 0, Workers: 4
[3321.482s][debug][gc,phases      ] GC(190)     Total                          Min: 0, Avg:  0.0, Max: 0, Diff: 0, Sum: 0, Workers: 4
[3321.482s][debug][gc,phases      ] GC(190)   StringTable Weak               Min:  0.0, Avg:  0.1, Max:  0.1, Diff:  0.1, Sum:  0.4, Workers: 4
[3321.482s][debug][gc,phases      ] GC(190)     Dead                           Min: 0, Avg:  0.0, Max: 0, Diff: 0, Sum: 0, Workers: 4
[3321.482s][debug][gc,phases      ] GC(190)     Total                          Min: 0, Avg: 10875.2, Max: 19198, Diff: 19198, Sum: 43501, Workers: 4
[3321.482s][debug][gc,phases      ] GC(190)   ResolvedMethodTable Weak       Min:  0.0, Avg:  0.0, Max:  0.0, Diff:  0.0, Sum:  0.1, Workers: 4
[3321.482s][debug][gc,phases      ] GC(190)     Dead                           Min: 0, Avg:  0.0, Max: 0, Diff: 0, Sum: 0, Workers: 4
[3321.482s][debug][gc,phases      ] GC(190)     Total                          Min: 0, Avg: 2217.5, Max: 3816, Diff: 3816, Sum: 8870, Workers: 4
[3321.482s][debug][gc,phases      ] GC(190)   JNI Weak                       Min:  0.0, Avg:  0.0, Max:  0.0, Diff:  0.0, Sum:  0.0, Workers: 4
[3321.482s][debug][gc,phases      ] GC(190)     Dead                           Min: 0, Avg:  0.0, Max: 0, Diff: 0, Sum: 0, Workers: 4
[3321.482s][debug][gc,phases      ] GC(190)     Total                          Min: 0, Avg: 11.2, Max: 45, Diff: 45, Sum: 45, Workers: 4
[3321.482s][debug][gc,phases      ] GC(190)   StringDedup Table Weak         Min:  0.0, Avg:  0.0, Max:  0.0, Diff:  0.0, Sum:  0.0, Workers: 4
[3321.482s][debug][gc,phases      ] GC(190)     Dead                           Min: 0, Avg:  0.0, Max: 0, Diff: 0, Sum: 0, Workers: 4
[3321.482s][debug][gc,phases      ] GC(190)     Total                          Min: 0, Avg:  0.0, Max: 0, Diff: 0, Sum: 0, Workers: 4
[3321.482s][debug][gc,phases      ] GC(190)   StringDedup Requests0 Weak     Min:  0.0, Avg:  0.0, Max:  0.0, Diff:  0.0, Sum:  0.0, Workers: 4
[3321.482s][debug][gc,phases      ] GC(190)     Dead                           Min: 0, Avg:  0.0, Max: 0, Diff: 0, Sum: 0, Workers: 4
[3321.482s][debug][gc,phases      ] GC(190)     Total                          Min: 0, Avg:  0.0, Max: 0, Diff: 0, Sum: 0, Workers: 4
[3321.482s][debug][gc,phases      ] GC(190)   StringDedup Requests1 Weak     Min:  0.0, Avg:  0.0, Max:  0.0, Diff:  0.0, Sum:  0.0, Workers: 4
[3321.482s][debug][gc,phases      ] GC(190)     Dead                           Min: 0, Avg:  0.0, Max: 0, Diff: 0, Sum: 0, Workers: 4
[3321.482s][debug][gc,phases      ] GC(190)     Total                          Min: 0, Avg:  0.0, Max: 0, Diff: 0, Sum: 0, Workers: 4
[3321.482s][debug][gc,phases      ] GC(190)   Weak JFR Old Object Samples    Min:  0.0, Avg:  0.0, Max:  0.0, Diff:  0.0, Sum:  0.0, Workers: 4
[3321.482s][debug][gc,phases      ] GC(190)     Dead                           Min: 0, Avg:  0.0, Max: 0, Diff: 0, Sum: 0, Workers: 4
[3321.482s][debug][gc,phases      ] GC(190)     Total                          Min: 0, Avg:  0.0, Max: 0, Diff: 0, Sum: 0, Workers: 4
[3321.482s][debug][gc,phases      ] GC(190) Weak Processing 0.355ms
[3321.482s][debug][gc,age         ] GC(190) Desired survivor size 46661632 bytes, new threshold 15 (max threshold 15)
[3321.482s][info ][gc,heap        ] GC(190) PSYoungGen: 2031328K(2049024K)->29472K(2051584K) Eden: 2001920K(2001920K)->0K(2004992K) From: 29408K(47104K)->29472K(46592K)
[3321.482s][info ][gc,heap        ] GC(190) ParOldGen: 347679K(432128K)->347711K(432128K)
[3321.482s][info ][gc,metaspace   ] GC(190) Metaspace: 79906K(80832K)->79906K(80832K) NonClass: 68549K(68992K)->68549K(68992K) Class: 11357K(11840K)->11357K(11840K)
[3321.482s][info ][gc             ] GC(190) Pause Young (Allocation Failure) 2323M->368M(2425M) 10.729ms
[3321.482s][info ][gc,cpu         ] GC(190) User=0.03s Sys=0.01s Real=0.01s
[3321.482s][info ][safepoint      ] Safepoint "ParallelGCFailedAllocation", Time since last: 8891877012 ns, Reaching safepoint: 34800 ns, At safepoint: 10789816 ns, Total: 10824616 ns
[3322.482s][info ][safepoint      ] Safepoint "Cleanup", Time since last: 1000077619 ns, Reaching safepoint: 40500 ns, At safepoint: 2700 ns, Total: 43200 ns
[3324.482s][info ][safepoint      ] Safepoint "Cleanup", Time since last: 2000160737 ns, Reaching safepoint: 44400 ns, At safepoint: 2000 ns, Total: 46400 ns
[3334.483s][info ][safepoint      ] Safepoint "Cleanup", Time since last: 10000604674 ns, Reaching safepoint: 26800 ns, At safepoint: 2500 ns, Total: 29300 ns
[3335.483s][info ][safepoint      ] Safepoint "Cleanup", Time since last: 1000097916 ns, Reaching safepoint: 23000 ns, At safepoint: 2400 ns, Total: 25400 ns
[3336.483s][info ][safepoint      ] Safepoint "Cleanup", Time since last: 1000094416 ns, Reaching safepoint: 29000 ns, At safepoint: 2600 ns, Total: 31600 ns
[3340.484s][info ][safepoint      ] Safepoint "Cleanup", Time since last: 4000256763 ns, Reaching safepoint: 40100 ns, At safepoint: 5000 ns, Total: 45100 ns
[3341.322s][info ][gc,start       ] GC(191) Pause Young (Allocation Failure)
[3341.334s][debug][gc,phases      ] GC(191) Scavenge 12.316ms
[3341.334s][debug][gc,ref         ] GC(191) Skipped phase 1 of Reference Processing: no references
[3341.334s][debug][gc,ref         ] GC(191) ReferenceProcessor::execute queues: 1, RefProcThreadModel::Single, marks_oops_alive: false
[3341.334s][debug][gc,ref         ] GC(191) Skipped phase 3 of Reference Processing: no references
[3341.334s][debug][gc,ref         ] GC(191) ReferenceProcessor::execute queues: 1, RefProcThreadModel::Single, marks_oops_alive: false
[3341.334s][debug][gc,phases      ] GC(191) Reference Processing 0.085ms
[3341.335s][debug][gc,phases      ] GC(191)   VM Weak                        Min:  0.0, Avg:  0.0, Max:  0.0, Diff:  0.0, Sum:  0.0, Workers: 4
[3341.335s][debug][gc,phases      ] GC(191)     Dead                           Min: 0, Avg:  0.0, Max: 0, Diff: 0, Sum: 0, Workers: 4
[3341.335s][debug][gc,phases      ] GC(191)     Total                          Min: 0, Avg: 149.8, Max: 599, Diff: 599, Sum: 599, Workers: 4
[3341.335s][debug][gc,phases      ] GC(191)   ObjectSynchronizer Weak        Min:  0.0, Avg:  0.0, Max:  0.0, Diff:  0.0, Sum:  0.0, Workers: 4
[3341.335s][debug][gc,phases      ] GC(191)     Dead                           Min: 0, Avg:  0.0, Max: 0, Diff: 0, Sum: 0, Workers: 4
[3341.335s][debug][gc,phases      ] GC(191)     Total                          Min: 0, Avg: 12.8, Max: 51, Diff: 51, Sum: 51, Workers: 4
[3341.335s][debug][gc,phases      ] GC(191)   JVMTI Tag Weak OopStorage      Min:  0.0, Avg:  0.0, Max:  0.0, Diff:  0.0, Sum:  0.0, Workers: 4
[3341.335s][debug][gc,phases      ] GC(191)     Dead                           Min: 0, Avg:  0.0, Max: 0, Diff: 0, Sum: 0, Workers: 4
[3341.335s][debug][gc,phases      ] GC(191)     Total                          Min: 0, Avg:  0.0, Max: 0, Diff: 0, Sum: 0, Workers: 4
[3341.335s][debug][gc,phases      ] GC(191)   StringTable Weak               Min:  0.0, Avg:  0.1, Max:  0.1, Diff:  0.1, Sum:  0.3, Workers: 4
[3341.335s][debug][gc,phases      ] GC(191)     Dead                           Min: 0, Avg:  0.5, Max: 2, Diff: 2, Sum: 2, Workers: 4
[3341.335s][debug][gc,phases      ] GC(191)     Total                          Min: 0, Avg: 10876.2, Max: 18291, Diff: 18291, Sum: 43505, Workers: 4
[3341.335s][debug][gc,phases      ] GC(191)   ResolvedMethodTable Weak       Min:  0.0, Avg:  0.0, Max:  0.0, Diff:  0.0, Sum:  0.1, Workers: 4
[3341.335s][debug][gc,phases      ] GC(191)     Dead                           Min: 0, Avg:  0.0, Max: 0, Diff: 0, Sum: 0, Workers: 4
[3341.335s][debug][gc,phases      ] GC(191)     Total                          Min: 0, Avg: 2219.2, Max: 3828, Diff: 3828, Sum: 8877, Workers: 4
[3341.335s][debug][gc,phases      ] GC(191)   JNI Weak                       Min:  0.0, Avg:  0.0, Max:  0.0, Diff:  0.0, Sum:  0.0, Workers: 4
[3341.335s][debug][gc,phases      ] GC(191)     Dead                           Min: 0, Avg:  0.0, Max: 0, Diff: 0, Sum: 0, Workers: 4
[3341.335s][debug][gc,phases      ] GC(191)     Total                          Min: 0, Avg: 11.2, Max: 45, Diff: 45, Sum: 45, Workers: 4
[3341.335s][debug][gc,phases      ] GC(191)   StringDedup Table Weak         Min:  0.0, Avg:  0.0, Max:  0.0, Diff:  0.0, Sum:  0.0, Workers: 4
[3341.335s][debug][gc,phases      ] GC(191)     Dead                           Min: 0, Avg:  0.0, Max: 0, Diff: 0, Sum: 0, Workers: 4
[3341.335s][debug][gc,phases      ] GC(191)     Total                          Min: 0, Avg:  0.0, Max: 0, Diff: 0, Sum: 0, Workers: 4
[3341.335s][debug][gc,phases      ] GC(191)   StringDedup Requests0 Weak     Min:  0.0, Avg:  0.0, Max:  0.0, Diff:  0.0, Sum:  0.0, Workers: 4
[3341.335s][debug][gc,phases      ] GC(191)     Dead                           Min: 0, Avg:  0.0, Max: 0, Diff: 0, Sum: 0, Workers: 4
[3341.335s][debug][gc,phases      ] GC(191)     Total                          Min: 0, Avg:  0.0, Max: 0, Diff: 0, Sum: 0, Workers: 4
[3341.335s][debug][gc,phases      ] GC(191)   StringDedup Requests1 Weak     Min:  0.0, Avg:  0.0, Max:  0.0, Diff:  0.0, Sum:  0.0, Workers: 4
[3341.335s][debug][gc,phases      ] GC(191)     Dead                           Min: 0, Avg:  0.0, Max: 0, Diff: 0, Sum: 0, Workers: 4
[3341.335s][debug][gc,phases      ] GC(191)     Total                          Min: 0, Avg:  0.0, Max: 0, Diff: 0, Sum: 0, Workers: 4
[3341.335s][debug][gc,phases      ] GC(191)   Weak JFR Old Object Samples    Min:  0.0, Avg:  0.0, Max:  0.0, Diff:  0.0, Sum:  0.0, Workers: 4
[3341.335s][debug][gc,phases      ] GC(191)     Dead                           Min: 0, Avg:  0.0, Max: 0, Diff: 0, Sum: 0, Workers: 4
[3341.335s][debug][gc,phases      ] GC(191)     Total                          Min: 0, Avg:  0.0, Max: 0, Diff: 0, Sum: 0, Workers: 4
[3341.335s][debug][gc,phases      ] GC(191) Weak Processing 0.307ms
[3341.335s][debug][gc,age         ] GC(191) Desired survivor size 45613056 bytes, new threshold 15 (max threshold 15)
[3341.335s][info ][gc,heap        ] GC(191) PSYoungGen: 2034464K(2051584K)->29392K(2050560K) Eden: 2004992K(2004992K)->0K(2004992K) From: 29472K(46592K)->29392K(45568K)
[3341.335s][info ][gc,heap        ] GC(191) ParOldGen: 347711K(432128K)->347775K(432128K)
[3341.335s][info ][gc,metaspace   ] GC(191) Metaspace: 79920K(80832K)->79920K(80832K) NonClass: 68560K(68992K)->68560K(68992K) Class: 11360K(11840K)->11360K(11840K)
[3341.335s][info ][gc             ] GC(191) Pause Young (Allocation Failure) 2326M->368M(2424M) 12.822ms
[3341.335s][info ][gc,cpu         ] GC(191) User=0.03s Sys=0.00s Real=0.01s
[3341.335s][info ][safepoint      ] Safepoint "ParallelGCFailedAllocation", Time since last: 838314970 ns, Reaching safepoint: 102401 ns, At safepoint: 12887619 ns, Total: 12990020 ns
[3359.317s][info ][gc,start       ] GC(192) Pause Young (Allocation Failure)
[3359.329s][debug][gc,phases      ] GC(192) Scavenge 12.648ms
[3359.329s][debug][gc,ref         ] GC(192) Skipped phase 1 of Reference Processing: no references
[3359.329s][debug][gc,ref         ] GC(192) ReferenceProcessor::execute queues: 1, RefProcThreadModel::Single, marks_oops_alive: false
[3359.329s][debug][gc,ref         ] GC(192) Skipped phase 3 of Reference Processing: no references
[3359.329s][debug][gc,ref         ] GC(192) ReferenceProcessor::execute queues: 1, RefProcThreadModel::Single, marks_oops_alive: false
[3359.329s][debug][gc,phases      ] GC(192) Reference Processing 0.091ms
[3359.330s][debug][gc,phases      ] GC(192)   VM Weak                        Min:  0.0, Avg:  0.0, Max:  0.0, Diff:  0.0, Sum:  0.0, Workers: 4
[3359.330s][debug][gc,phases      ] GC(192)     Dead                           Min: 0, Avg:  0.0, Max: 0, Diff: 0, Sum: 0, Workers: 4
[3359.330s][debug][gc,phases      ] GC(192)     Total                          Min: 0, Avg: 149.8, Max: 403, Diff: 403, Sum: 599, Workers: 4
[3359.330s][debug][gc,phases      ] GC(192)   ObjectSynchronizer Weak        Min:  0.0, Avg:  0.0, Max:  0.0, Diff:  0.0, Sum:  0.0, Workers: 4
[3359.330s][debug][gc,phases      ] GC(192)     Dead                           Min: 0, Avg:  0.0, Max: 0, Diff: 0, Sum: 0, Workers: 4
[3359.330s][debug][gc,phases      ] GC(192)     Total                          Min: 0, Avg: 12.8, Max: 51, Diff: 51, Sum: 51, Workers: 4
[3359.330s][debug][gc,phases      ] GC(192)   JVMTI Tag Weak OopStorage      Min:  0.0, Avg:  0.0, Max:  0.0, Diff:  0.0, Sum:  0.0, Workers: 4
[3359.330s][debug][gc,phases      ] GC(192)     Dead                           Min: 0, Avg:  0.0, Max: 0, Diff: 0, Sum: 0, Workers: 4
[3359.330s][debug][gc,phases      ] GC(192)     Total                          Min: 0, Avg:  0.0, Max: 0, Diff: 0, Sum: 0, Workers: 4
[3359.330s][debug][gc,phases      ] GC(192)   StringTable Weak               Min:  0.1, Avg:  0.1, Max:  0.1, Diff:  0.0, Sum:  0.4, Workers: 4
[3359.330s][debug][gc,phases      ] GC(192)     Dead                           Min: 0, Avg:  0.0, Max: 0, Diff: 0, Sum: 0, Workers: 4
[3359.330s][debug][gc,phases      ] GC(192)     Total                          Min: 10678, Avg: 10876.8, Max: 11263, Diff: 585, Sum: 43507, Workers: 4
[3359.330s][debug][gc,phases      ] GC(192)   ResolvedMethodTable Weak       Min:  0.0, Avg:  0.0, Max:  0.0, Diff:  0.0, Sum:  0.1, Workers: 4
[3359.330s][debug][gc,phases      ] GC(192)     Dead                           Min: 0, Avg:  0.0, Max: 0, Diff: 0, Sum: 0, Workers: 4
[3359.330s][debug][gc,phases      ] GC(192)     Total                          Min: 1279, Avg: 2219.2, Max: 2686, Diff: 1407, Sum: 8877, Workers: 4
[3359.330s][debug][gc,phases      ] GC(192)   JNI Weak                       Min:  0.0, Avg:  0.0, Max:  0.0, Diff:  0.0, Sum:  0.0, Workers: 4
[3359.330s][debug][gc,phases      ] GC(192)     Dead                           Min: 0, Avg:  0.0, Max: 0, Diff: 0, Sum: 0, Workers: 4
[3359.330s][debug][gc,phases      ] GC(192)     Total                          Min: 0, Avg: 11.2, Max: 45, Diff: 45, Sum: 45, Workers: 4
[3359.330s][debug][gc,phases      ] GC(192)   StringDedup Table Weak         Min:  0.0, Avg:  0.0, Max:  0.0, Diff:  0.0, Sum:  0.0, Workers: 4
[3359.330s][debug][gc,phases      ] GC(192)     Dead                           Min: 0, Avg:  0.0, Max: 0, Diff: 0, Sum: 0, Workers: 4
[3359.330s][debug][gc,phases      ] GC(192)     Total                          Min: 0, Avg:  0.0, Max: 0, Diff: 0, Sum: 0, Workers: 4
[3359.330s][debug][gc,phases      ] GC(192)   StringDedup Requests0 Weak     Min:  0.0, Avg:  0.0, Max:  0.0, Diff:  0.0, Sum:  0.0, Workers: 4
[3359.330s][debug][gc,phases      ] GC(192)     Dead                           Min: 0, Avg:  0.0, Max: 0, Diff: 0, Sum: 0, Workers: 4
[3359.330s][debug][gc,phases      ] GC(192)     Total                          Min: 0, Avg:  0.0, Max: 0, Diff: 0, Sum: 0, Workers: 4
[3359.330s][debug][gc,phases      ] GC(192)   StringDedup Requests1 Weak     Min:  0.0, Avg:  0.0, Max:  0.0, Diff:  0.0, Sum:  0.0, Workers: 4
[3359.330s][debug][gc,phases      ] GC(192)     Dead                           Min: 0, Avg:  0.0, Max: 0, Diff: 0, Sum: 0, Workers: 4
[3359.330s][debug][gc,phases      ] GC(192)     Total                          Min: 0, Avg:  0.0, Max: 0, Diff: 0, Sum: 0, Workers: 4
[3359.330s][debug][gc,phases      ] GC(192)   Weak JFR Old Object Samples    Min:  0.0, Avg:  0.0, Max:  0.0, Diff:  0.0, Sum:  0.0, Workers: 4
[3359.330s][debug][gc,phases      ] GC(192)     Dead                           Min: 0, Avg:  0.0, Max: 0, Diff: 0, Sum: 0, Workers: 4
[3359.330s][debug][gc,phases      ] GC(192)     Total                          Min: 0, Avg:  0.0, Max: 0, Diff: 0, Sum: 0, Workers: 4
[3359.330s][debug][gc,phases      ] GC(192) Weak Processing 0.330ms
[3359.330s][debug][gc,age         ] GC(192) Desired survivor size 44564480 bytes, new threshold 15 (max threshold 15)
[3359.330s][info ][gc,heap        ] GC(192) PSYoungGen: 2034384K(2050560K)->22640K(2053632K) Eden: 2004992K(2004992K)->0K(2009088K) From: 29392K(45568K)->22640K(44544K)
[3359.330s][info ][gc,heap        ] GC(192) ParOldGen: 347775K(432128K)->347799K(432128K)
[3359.330s][info ][gc,metaspace   ] GC(192) Metaspace: 79925K(80832K)->79925K(80832K) NonClass: 68565K(68992K)->68565K(68992K) Class: 11360K(11840K)->11360K(11840K)
[3359.330s][info ][gc             ] GC(192) Pause Young (Allocation Failure) 2326M->361M(2427M) 13.191ms
[3359.330s][info ][gc,cpu         ] GC(192) User=0.05s Sys=0.00s Real=0.02s
[3359.330s][info ][safepoint      ] Safepoint "ParallelGCFailedAllocation", Time since last: 17981606915 ns, Reaching safepoint: 25500 ns, At safepoint: 13261420 ns, Total: 13286920 ns
[3368.330s][info ][safepoint      ] Safepoint "Cleanup", Time since last: 9000593301 ns, Reaching safepoint: 26800 ns, At safepoint: 2400 ns, Total: 29200 ns
[3368.672s][info ][gc,start       ] GC(193) Pause Young (Allocation Failure)
[3368.706s][debug][gc,phases      ] GC(193) Scavenge 33.192ms
[3368.706s][debug][gc,ref         ] GC(193) Skipped phase 1 of Reference Processing: no references
[3368.706s][debug][gc,ref         ] GC(193) ReferenceProcessor::execute queues: 1, RefProcThreadModel::Single, marks_oops_alive: false
[3368.706s][debug][gc,ref         ] GC(193) Skipped phase 3 of Reference Processing: no references
[3368.706s][debug][gc,ref         ] GC(193) ReferenceProcessor::execute queues: 1, RefProcThreadModel::Single, marks_oops_alive: false
[3368.706s][debug][gc,phases      ] GC(193) Reference Processing 0.098ms
[3368.706s][debug][gc,phases      ] GC(193)   VM Weak                        Min:  0.0, Avg:  0.0, Max:  0.0, Diff:  0.0, Sum:  0.0, Workers: 4
[3368.706s][debug][gc,phases      ] GC(193)     Dead                           Min: 0, Avg:  0.0, Max: 0, Diff: 0, Sum: 0, Workers: 4
[3368.706s][debug][gc,phases      ] GC(193)     Total                          Min: 0, Avg: 149.8, Max: 599, Diff: 599, Sum: 599, Workers: 4
[3368.706s][debug][gc,phases      ] GC(193)   ObjectSynchronizer Weak        Min:  0.0, Avg:  0.0, Max:  0.0, Diff:  0.0, Sum:  0.0, Workers: 4
[3368.706s][debug][gc,phases      ] GC(193)     Dead                           Min: 0, Avg:  0.0, Max: 0, Diff: 0, Sum: 0, Workers: 4
[3368.706s][debug][gc,phases      ] GC(193)     Total                          Min: 0, Avg: 12.8, Max: 51, Diff: 51, Sum: 51, Workers: 4
[3368.706s][debug][gc,phases      ] GC(193)   JVMTI Tag Weak OopStorage      Min:  0.0, Avg:  0.0, Max:  0.0, Diff:  0.0, Sum:  0.0, Workers: 4
[3368.706s][debug][gc,phases      ] GC(193)     Dead                           Min: 0, Avg:  0.0, Max: 0, Diff: 0, Sum: 0, Workers: 4
[3368.706s][debug][gc,phases      ] GC(193)     Total                          Min: 0, Avg:  0.0, Max: 0, Diff: 0, Sum: 0, Workers: 4
[3368.706s][debug][gc,phases      ] GC(193)   StringTable Weak               Min:  0.1, Avg:  0.1, Max:  0.1, Diff:  0.0, Sum:  0.5, Workers: 4
[3368.706s][debug][gc,phases      ] GC(193)     Dead                           Min: 0, Avg:  0.0, Max: 0, Diff: 0, Sum: 0, Workers: 4
[3368.706s][debug][gc,phases      ] GC(193)     Total                          Min: 10240, Avg: 10877.0, Max: 11262, Diff: 1022, Sum: 43508, Workers: 4
[3368.706s][debug][gc,phases      ] GC(193)   ResolvedMethodTable Weak       Min:  0.0, Avg:  0.0, Max:  0.0, Diff:  0.0, Sum:  0.1, Workers: 4
[3368.706s][debug][gc,phases      ] GC(193)     Dead                           Min: 0, Avg:  0.0, Max: 0, Diff: 0, Sum: 0, Workers: 4
[3368.706s][debug][gc,phases      ] GC(193)     Total                          Min: 2110, Avg: 2219.2, Max: 2303, Diff: 193, Sum: 8877, Workers: 4
[3368.706s][debug][gc,phases      ] GC(193)   JNI Weak                       Min:  0.0, Avg:  0.0, Max:  0.0, Diff:  0.0, Sum:  0.0, Workers: 4
[3368.706s][debug][gc,phases      ] GC(193)     Dead                           Min: 0, Avg:  0.0, Max: 0, Diff: 0, Sum: 0, Workers: 4
[3368.706s][debug][gc,phases      ] GC(193)     Total                          Min: 0, Avg: 11.2, Max: 45, Diff: 45, Sum: 45, Workers: 4
[3368.706s][debug][gc,phases      ] GC(193)   StringDedup Table Weak         Min:  0.0, Avg:  0.0, Max:  0.0, Diff:  0.0, Sum:  0.0, Workers: 4
[3368.706s][debug][gc,phases      ] GC(193)     Dead                           Min: 0, Avg:  0.0, Max: 0, Diff: 0, Sum: 0, Workers: 4
[3368.706s][debug][gc,phases      ] GC(193)     Total                          Min: 0, Avg:  0.0, Max: 0, Diff: 0, Sum: 0, Workers: 4
[3368.706s][debug][gc,phases      ] GC(193)   StringDedup Requests0 Weak     Min:  0.0, Avg:  0.0, Max:  0.0, Diff:  0.0, Sum:  0.0, Workers: 4
[3368.706s][debug][gc,phases      ] GC(193)     Dead                           Min: 0, Avg:  0.0, Max: 0, Diff: 0, Sum: 0, Workers: 4
[3368.706s][debug][gc,phases      ] GC(193)     Total                          Min: 0, Avg:  0.0, Max: 0, Diff: 0, Sum: 0, Workers: 4
[3368.706s][debug][gc,phases      ] GC(193)   StringDedup Requests1 Weak     Min:  0.0, Avg:  0.0, Max:  0.0, Diff:  0.0, Sum:  0.0, Workers: 4
[3368.706s][debug][gc,phases      ] GC(193)     Dead                           Min: 0, Avg:  0.0, Max: 0, Diff: 0, Sum: 0, Workers: 4
[3368.706s][debug][gc,phases      ] GC(193)     Total                          Min: 0, Avg:  0.0, Max: 0, Diff: 0, Sum: 0, Workers: 4
[3368.706s][debug][gc,phases      ] GC(193)   Weak JFR Old Object Samples    Min:  0.0, Avg:  0.0, Max:  0.0, Diff:  0.0, Sum:  0.0, Workers: 4
[3368.706s][debug][gc,phases      ] GC(193)     Dead                           Min: 0, Avg:  0.0, Max: 0, Diff: 0, Sum: 0, Workers: 4
[3368.706s][debug][gc,phases      ] GC(193)     Total                          Min: 0, Avg:  0.0, Max: 0, Diff: 0, Sum: 0, Workers: 4
[3368.706s][debug][gc,phases      ] GC(193) Weak Processing 0.341ms
[3368.706s][debug][gc,age         ] GC(193) Desired survivor size 62914560 bytes, new threshold 14 (max threshold 15)
[3368.706s][info ][gc,heap        ] GC(193) PSYoungGen: 2031728K(2053632K)->43504K(2052608K) Eden: 2009088K(2009088K)->0K(2009088K) From: 22640K(44544K)->43504K(43520K)
[3368.706s][info ][gc,heap        ] GC(193) ParOldGen: 347799K(432128K)->383672K(432128K)
[3368.706s][info ][gc,metaspace   ] GC(193) Metaspace: 79929K(80832K)->79929K(80832K) NonClass: 68569K(68992K)->68569K(68992K) Class: 11360K(11840K)->11360K(11840K)
[3368.706s][info ][gc             ] GC(193) Pause Young (Allocation Failure) 2323M->417M(2426M) 33.743ms
[3368.706s][info ][gc,cpu         ] GC(193) User=0.13s Sys=0.00s Real=0.04s
[3368.706s][info ][safepoint      ] Safepoint "ParallelGCFailedAllocation", Time since last: 341840216 ns, Reaching safepoint: 104300 ns, At safepoint: 33819551 ns, Total: 33923851 ns
[3369.706s][info ][safepoint      ] Safepoint "Cleanup", Time since last: 1000094010 ns, Reaching safepoint: 52901 ns, At safepoint: 2500 ns, Total: 55401 ns
[3379.707s][info ][safepoint      ] Safepoint "Cleanup", Time since last: 10000654293 ns, Reaching safepoint: 37200 ns, At safepoint: 4600 ns, Total: 41800 ns
[3381.707s][info ][safepoint      ] Safepoint "Cleanup", Time since last: 2000164117 ns, Reaching safepoint: 52600 ns, At safepoint: 3600 ns, Total: 56200 ns
[3385.708s][info ][safepoint      ] Safepoint "Cleanup", Time since last: 4000266331 ns, Reaching safepoint: 34200 ns, At safepoint: 2300 ns, Total: 36500 ns
[3386.767s][info ][gc,start       ] GC(194) Pause Young (Allocation Failure)
[3386.785s][debug][gc,phases      ] GC(194) Scavenge 18.336ms
[3386.785s][debug][gc,ref         ] GC(194) Skipped phase 1 of Reference Processing: no references
[3386.785s][debug][gc,ref         ] GC(194) ReferenceProcessor::execute queues: 1, RefProcThreadModel::Single, marks_oops_alive: false
[3386.785s][debug][gc,ref         ] GC(194) Skipped phase 3 of Reference Processing: no references
[3386.785s][debug][gc,ref         ] GC(194) ReferenceProcessor::execute queues: 1, RefProcThreadModel::Single, marks_oops_alive: false
[3386.785s][debug][gc,phases      ] GC(194) Reference Processing 0.110ms
[3386.785s][debug][gc,phases      ] GC(194)   VM Weak                        Min:  0.0, Avg:  0.0, Max:  0.0, Diff:  0.0, Sum:  0.0, Workers: 4
[3386.785s][debug][gc,phases      ] GC(194)     Dead                           Min: 0, Avg:  0.0, Max: 0, Diff: 0, Sum: 0, Workers: 4
[3386.785s][debug][gc,phases      ] GC(194)     Total                          Min: 0, Avg: 149.8, Max: 599, Diff: 599, Sum: 599, Workers: 4
[3386.785s][debug][gc,phases      ] GC(194)   ObjectSynchronizer Weak        Min:  0.0, Avg:  0.0, Max:  0.0, Diff:  0.0, Sum:  0.0, Workers: 4
[3386.785s][debug][gc,phases      ] GC(194)     Dead                           Min: 0, Avg:  0.0, Max: 0, Diff: 0, Sum: 0, Workers: 4
[3386.785s][debug][gc,phases      ] GC(194)     Total                          Min: 0, Avg: 12.8, Max: 51, Diff: 51, Sum: 51, Workers: 4
[3386.785s][debug][gc,phases      ] GC(194)   JVMTI Tag Weak OopStorage      Min:  0.0, Avg:  0.0, Max:  0.0, Diff:  0.0, Sum:  0.0, Workers: 4
[3386.785s][debug][gc,phases      ] GC(194)     Dead                           Min: 0, Avg:  0.0, Max: 0, Diff: 0, Sum: 0, Workers: 4
[3386.785s][debug][gc,phases      ] GC(194)     Total                          Min: 0, Avg:  0.0, Max: 0, Diff: 0, Sum: 0, Workers: 4
[3386.785s][debug][gc,phases      ] GC(194)   StringTable Weak               Min:  0.1, Avg:  0.1, Max:  0.1, Diff:  0.0, Sum:  0.4, Workers: 4
[3386.785s][debug][gc,phases      ] GC(194)     Dead                           Min: 0, Avg:  0.0, Max: 0, Diff: 0, Sum: 0, Workers: 4
[3386.785s][debug][gc,phases      ] GC(194)     Total                          Min: 10367, Avg: 10877.2, Max: 11710, Diff: 1343, Sum: 43509, Workers: 4
[3386.785s][debug][gc,phases      ] GC(194)   ResolvedMethodTable Weak       Min:  0.0, Avg:  0.0, Max:  0.0, Diff:  0.0, Sum:  0.1, Workers: 4
[3386.785s][debug][gc,phases      ] GC(194)     Dead                           Min: 0, Avg:  0.0, Max: 0, Diff: 0, Sum: 0, Workers: 4
[3386.785s][debug][gc,phases      ] GC(194)     Total                          Min: 2112, Avg: 2219.2, Max: 2304, Diff: 192, Sum: 8877, Workers: 4
[3386.785s][debug][gc,phases      ] GC(194)   JNI Weak                       Min:  0.0, Avg:  0.0, Max:  0.0, Diff:  0.0, Sum:  0.0, Workers: 4
[3386.785s][debug][gc,phases      ] GC(194)     Dead                           Min: 0, Avg:  0.0, Max: 0, Diff: 0, Sum: 0, Workers: 4
[3386.785s][debug][gc,phases      ] GC(194)     Total                          Min: 0, Avg: 11.2, Max: 45, Diff: 45, Sum: 45, Workers: 4
[3386.785s][debug][gc,phases      ] GC(194)   StringDedup Table Weak         Min:  0.0, Avg:  0.0, Max:  0.0, Diff:  0.0, Sum:  0.0, Workers: 4
[3386.785s][debug][gc,phases      ] GC(194)     Dead                           Min: 0, Avg:  0.0, Max: 0, Diff: 0, Sum: 0, Workers: 4
[3386.785s][debug][gc,phases      ] GC(194)     Total                          Min: 0, Avg:  0.0, Max: 0, Diff: 0, Sum: 0, Workers: 4
[3386.785s][debug][gc,phases      ] GC(194)   StringDedup Requests0 Weak     Min:  0.0, Avg:  0.0, Max:  0.0, Diff:  0.0, Sum:  0.0, Workers: 4
[3386.785s][debug][gc,phases      ] GC(194)     Dead                           Min: 0, Avg:  0.0, Max: 0, Diff: 0, Sum: 0, Workers: 4
[3386.785s][debug][gc,phases      ] GC(194)     Total                          Min: 0, Avg:  0.0, Max: 0, Diff: 0, Sum: 0, Workers: 4
[3386.785s][debug][gc,phases      ] GC(194)   StringDedup Requests1 Weak     Min:  0.0, Avg:  0.0, Max:  0.0, Diff:  0.0, Sum:  0.0, Workers: 4
[3386.785s][debug][gc,phases      ] GC(194)     Dead                           Min: 0, Avg:  0.0, Max: 0, Diff: 0, Sum: 0, Workers: 4
[3386.785s][debug][gc,phases      ] GC(194)     Total                          Min: 0, Avg:  0.0, Max: 0, Diff: 0, Sum: 0, Workers: 4
[3386.785s][debug][gc,phases      ] GC(194)   Weak JFR Old Object Samples    Min:  0.0, Avg:  0.0, Max:  0.0, Diff:  0.0, Sum:  0.0, Workers: 4
[3386.785s][debug][gc,phases      ] GC(194)     Dead                           Min: 0, Avg:  0.0, Max: 0, Diff: 0, Sum: 0, Workers: 4
[3386.785s][debug][gc,phases      ] GC(194)     Total                          Min: 0, Avg:  0.0, Max: 0, Diff: 0, Sum: 0, Workers: 4
[3386.785s][debug][gc,phases      ] GC(194) Weak Processing 0.288ms
[3386.785s][debug][gc,age         ] GC(194) Desired survivor size 61341696 bytes, new threshold 15 (max threshold 15)
[3386.785s][info ][gc,heap        ] GC(194) PSYoungGen: 2052592K(2052608K)->35488K(2021888K) Eden: 2009088K(2009088K)->0K(1977344K) From: 43504K(43520K)->35488K(44544K)
[3386.785s][info ][gc,heap        ] GC(194) ParOldGen: 383672K(432128K)->393208K(432128K)
[3386.785s][info ][gc,metaspace   ] GC(194) Metaspace: 79932K(80832K)->79932K(80832K) NonClass: 68572K(68992K)->68572K(68992K) Class: 11360K(11840K)->11360K(11840K)
[3386.785s][info ][gc             ] GC(194) Pause Young (Allocation Failure) 2379M->418M(2396M) 18.836ms
[3386.786s][info ][gc,cpu         ] GC(194) User=0.05s Sys=0.00s Real=0.01s
[3386.786s][info ][safepoint      ] Safepoint "ParallelGCFailedAllocation", Time since last: 1059069796 ns, Reaching safepoint: 24000 ns, At safepoint: 18912629 ns, Total: 18936629 ns
[3394.786s][info ][safepoint      ] Safepoint "Cleanup", Time since last: 8000507353 ns, Reaching safepoint: 30000 ns, At safepoint: 2100 ns, Total: 32100 ns
[3406.621s][info ][gc,start       ] GC(195) Pause Young (Allocation Failure)
[3406.635s][debug][gc,phases      ] GC(195) Scavenge 14.162ms
[3406.635s][debug][gc,ref         ] GC(195) Skipped phase 1 of Reference Processing: no references
[3406.635s][debug][gc,ref         ] GC(195) ReferenceProcessor::execute queues: 1, RefProcThreadModel::Single, marks_oops_alive: false
[3406.635s][debug][gc,ref         ] GC(195) Skipped phase 3 of Reference Processing: no references
[3406.635s][debug][gc,ref         ] GC(195) ReferenceProcessor::execute queues: 1, RefProcThreadModel::Single, marks_oops_alive: false
[3406.635s][debug][gc,phases      ] GC(195) Reference Processing 0.090ms
[3406.636s][debug][gc,phases      ] GC(195)   VM Weak                        Min:  0.0, Avg:  0.0, Max:  0.0, Diff:  0.0, Sum:  0.0, Workers: 4
[3406.636s][debug][gc,phases      ] GC(195)     Dead                           Min: 0, Avg:  0.0, Max: 0, Diff: 0, Sum: 0, Workers: 4
[3406.636s][debug][gc,phases      ] GC(195)     Total                          Min: 0, Avg: 149.8, Max: 568, Diff: 568, Sum: 599, Workers: 4
[3406.636s][debug][gc,phases      ] GC(195)   ObjectSynchronizer Weak        Min:  0.0, Avg:  0.0, Max:  0.0, Diff:  0.0, Sum:  0.0, Workers: 4
[3406.636s][debug][gc,phases      ] GC(195)     Dead                           Min: 0, Avg:  0.0, Max: 0, Diff: 0, Sum: 0, Workers: 4
[3406.636s][debug][gc,phases      ] GC(195)     Total                          Min: 0, Avg: 12.8, Max: 51, Diff: 51, Sum: 51, Workers: 4
[3406.636s][debug][gc,phases      ] GC(195)   JVMTI Tag Weak OopStorage      Min:  0.0, Avg:  0.0, Max:  0.0, Diff:  0.0, Sum:  0.0, Workers: 4
[3406.636s][debug][gc,phases      ] GC(195)     Dead                           Min: 0, Avg:  0.0, Max: 0, Diff: 0, Sum: 0, Workers: 4
[3406.636s][debug][gc,phases      ] GC(195)     Total                          Min: 0, Avg:  0.0, Max: 0, Diff: 0, Sum: 0, Workers: 4
[3406.636s][debug][gc,phases      ] GC(195)   StringTable Weak               Min:  0.1, Avg:  0.1, Max:  0.1, Diff:  0.0, Sum:  0.4, Workers: 4
[3406.636s][debug][gc,phases      ] GC(195)     Dead                           Min: 0, Avg:  0.0, Max: 0, Diff: 0, Sum: 0, Workers: 4
[3406.636s][debug][gc,phases      ] GC(195)     Total                          Min: 9406, Avg: 10877.2, Max: 12543, Diff: 3137, Sum: 43509, Workers: 4
[3406.636s][debug][gc,phases      ] GC(195)   ResolvedMethodTable Weak       Min:  0.0, Avg:  0.0, Max:  0.0, Diff:  0.0, Sum:  0.1, Workers: 4
[3406.636s][debug][gc,phases      ] GC(195)     Dead                           Min: 0, Avg:  0.0, Max: 0, Diff: 0, Sum: 0, Workers: 4
[3406.636s][debug][gc,phases      ] GC(195)     Total                          Min: 1984, Avg: 2219.2, Max: 2485, Diff: 501, Sum: 8877, Workers: 4
[3406.636s][debug][gc,phases      ] GC(195)   JNI Weak                       Min:  0.0, Avg:  0.0, Max:  0.0, Diff:  0.0, Sum:  0.0, Workers: 4
[3406.636s][debug][gc,phases      ] GC(195)     Dead                           Min: 0, Avg:  0.0, Max: 0, Diff: 0, Sum: 0, Workers: 4
[3406.636s][debug][gc,phases      ] GC(195)     Total                          Min: 0, Avg: 11.2, Max: 45, Diff: 45, Sum: 45, Workers: 4
[3406.636s][debug][gc,phases      ] GC(195)   StringDedup Table Weak         Min:  0.0, Avg:  0.0, Max:  0.0, Diff:  0.0, Sum:  0.0, Workers: 4
[3406.636s][debug][gc,phases      ] GC(195)     Dead                           Min: 0, Avg:  0.0, Max: 0, Diff: 0, Sum: 0, Workers: 4
[3406.636s][debug][gc,phases      ] GC(195)     Total                          Min: 0, Avg:  0.0, Max: 0, Diff: 0, Sum: 0, Workers: 4
[3406.636s][debug][gc,phases      ] GC(195)   StringDedup Requests0 Weak     Min:  0.0, Avg:  0.0, Max:  0.0, Diff:  0.0, Sum:  0.0, Workers: 4
[3406.636s][debug][gc,phases      ] GC(195)     Dead                           Min: 0, Avg:  0.0, Max: 0, Diff: 0, Sum: 0, Workers: 4
[3406.636s][debug][gc,phases      ] GC(195)     Total                          Min: 0, Avg:  0.0, Max: 0, Diff: 0, Sum: 0, Workers: 4
[3406.636s][debug][gc,phases      ] GC(195)   StringDedup Requests1 Weak     Min:  0.0, Avg:  0.0, Max:  0.0, Diff:  0.0, Sum:  0.0, Workers: 4
[3406.636s][debug][gc,phases      ] GC(195)     Dead                           Min: 0, Avg:  0.0, Max: 0, Diff: 0, Sum: 0, Workers: 4
[3406.636s][debug][gc,phases      ] GC(195)     Total                          Min: 0, Avg:  0.0, Max: 0, Diff: 0, Sum: 0, Workers: 4
[3406.636s][debug][gc,phases      ] GC(195)   Weak JFR Old Object Samples    Min:  0.0, Avg:  0.0, Max:  0.0, Diff:  0.0, Sum:  0.0, Workers: 4
[3406.636s][debug][gc,phases      ] GC(195)     Dead                           Min: 0, Avg:  0.0, Max: 0, Diff: 0, Sum: 0, Workers: 4
[3406.636s][debug][gc,phases      ] GC(195)     Total                          Min: 0, Avg:  0.0, Max: 0, Diff: 0, Sum: 0, Workers: 4
[3406.636s][debug][gc,phases      ] GC(195) Weak Processing 0.322ms
[3406.636s][debug][gc,age         ] GC(195) Desired survivor size 59768832 bytes, new threshold 15 (max threshold 15)
[3406.636s][info ][gc,heap        ] GC(195) PSYoungGen: 2012832K(2021888K)->35488K(2037248K) Eden: 1977344K(1977344K)->0K(1977344K) From: 35488K(44544K)->35488K(59904K)
[3406.636s][info ][gc,heap        ] GC(195) ParOldGen: 393208K(432128K)->393208K(432128K)
[3406.636s][info ][gc,metaspace   ] GC(195) Metaspace: 79933K(80832K)->79933K(80832K) NonClass: 68573K(68992K)->68573K(68992K) Class: 11360K(11840K)->11360K(11840K)
[3406.636s][info ][gc             ] GC(195) Pause Young (Allocation Failure) 2349M->418M(2411M) 14.680ms
[3406.636s][info ][gc,cpu         ] GC(195) User=0.05s Sys=0.00s Real=0.01s
[3406.636s][info ][safepoint      ] Safepoint "ParallelGCFailedAllocation", Time since last: 11834924911 ns, Reaching safepoint: 106700 ns, At safepoint: 14752522 ns, Total: 14859222 ns
[3425.637s][info ][safepoint      ] Safepoint "Cleanup", Time since last: 19001238349 ns, Reaching safepoint: 27500 ns, At safepoint: 2900 ns, Total: 30400 ns
[3426.971s][info ][safepoint      ] Safepoint "ParallelGCFailedAllocation", Time since last: 1333674201 ns, Reaching safepoint: 116601 ns, At safepoint: 34400 ns, Total: 151001 ns
[3426.971s][info ][gc,start       ] GC(196) Pause Young (GCLocker Initiated GC)
[3426.983s][debug][gc,phases      ] GC(196) Scavenge 12.014ms
[3426.983s][debug][gc,ref         ] GC(196) Skipped phase 1 of Reference Processing: no references
[3426.983s][debug][gc,ref         ] GC(196) ReferenceProcessor::execute queues: 1, RefProcThreadModel::Single, marks_oops_alive: false
[3426.983s][debug][gc,ref         ] GC(196) Skipped phase 3 of Reference Processing: no references
[3426.983s][debug][gc,ref         ] GC(196) ReferenceProcessor::execute queues: 1, RefProcThreadModel::Single, marks_oops_alive: false
[3426.983s][debug][gc,phases      ] GC(196) Reference Processing 0.083ms
[3426.983s][debug][gc,phases      ] GC(196)   VM Weak                        Min:  0.0, Avg:  0.0, Max:  0.0, Diff:  0.0, Sum:  0.0, Workers: 4
[3426.983s][debug][gc,phases      ] GC(196)     Dead                           Min: 0, Avg:  0.0, Max: 0, Diff: 0, Sum: 0, Workers: 4
[3426.983s][debug][gc,phases      ] GC(196)     Total                          Min: 0, Avg: 149.8, Max: 536, Diff: 536, Sum: 599, Workers: 4
[3426.983s][debug][gc,phases      ] GC(196)   ObjectSynchronizer Weak        Min:  0.0, Avg:  0.0, Max:  0.0, Diff:  0.0, Sum:  0.0, Workers: 4
[3426.983s][debug][gc,phases      ] GC(196)     Dead                           Min: 0, Avg:  0.0, Max: 0, Diff: 0, Sum: 0, Workers: 4
[3426.983s][debug][gc,phases      ] GC(196)     Total                          Min: 0, Avg: 12.8, Max: 51, Diff: 51, Sum: 51, Workers: 4
[3426.983s][debug][gc,phases      ] GC(196)   JVMTI Tag Weak OopStorage      Min:  0.0, Avg:  0.0, Max:  0.0, Diff:  0.0, Sum:  0.0, Workers: 4
[3426.983s][debug][gc,phases      ] GC(196)     Dead                           Min: 0, Avg:  0.0, Max: 0, Diff: 0, Sum: 0, Workers: 4
[3426.983s][debug][gc,phases      ] GC(196)     Total                          Min: 0, Avg:  0.0, Max: 0, Diff: 0, Sum: 0, Workers: 4
[3426.983s][debug][gc,phases      ] GC(196)   StringTable Weak               Min:  0.1, Avg:  0.1, Max:  0.1, Diff:  0.0, Sum:  0.4, Workers: 4
[3426.983s][debug][gc,phases      ] GC(196)     Dead                           Min: 0, Avg:  0.0, Max: 0, Diff: 0, Sum: 0, Workers: 4
[3426.983s][debug][gc,phases      ] GC(196)     Total                          Min: 10494, Avg: 10877.2, Max: 11200, Diff: 706, Sum: 43509, Workers: 4
[3426.983s][debug][gc,phases      ] GC(196)   ResolvedMethodTable Weak       Min:  0.0, Avg:  0.0, Max:  0.0, Diff:  0.0, Sum:  0.1, Workers: 4
[3426.984s][debug][gc,phases      ] GC(196)     Dead                           Min: 0, Avg:  0.0, Max: 0, Diff: 0, Sum: 0, Workers: 4
[3426.984s][debug][gc,phases      ] GC(196)     Total                          Min: 951, Avg: 2219.2, Max: 2807, Diff: 1856, Sum: 8877, Workers: 4
[3426.984s][debug][gc,phases      ] GC(196)   JNI Weak                       Min:  0.0, Avg:  0.0, Max:  0.0, Diff:  0.0, Sum:  0.0, Workers: 4
[3426.984s][debug][gc,phases      ] GC(196)     Dead                           Min: 0, Avg:  0.0, Max: 0, Diff: 0, Sum: 0, Workers: 4
[3426.984s][debug][gc,phases      ] GC(196)     Total                          Min: 0, Avg: 11.2, Max: 45, Diff: 45, Sum: 45, Workers: 4
[3426.984s][debug][gc,phases      ] GC(196)   StringDedup Table Weak         Min:  0.0, Avg:  0.0, Max:  0.0, Diff:  0.0, Sum:  0.0, Workers: 4
[3426.984s][debug][gc,phases      ] GC(196)     Dead                           Min: 0, Avg:  0.0, Max: 0, Diff: 0, Sum: 0, Workers: 4
[3426.984s][debug][gc,phases      ] GC(196)     Total                          Min: 0, Avg:  0.0, Max: 0, Diff: 0, Sum: 0, Workers: 4
[3426.984s][debug][gc,phases      ] GC(196)   StringDedup Requests0 Weak     Min:  0.0, Avg:  0.0, Max:  0.0, Diff:  0.0, Sum:  0.0, Workers: 4
[3426.984s][debug][gc,phases      ] GC(196)     Dead                           Min: 0, Avg:  0.0, Max: 0, Diff: 0, Sum: 0, Workers: 4
[3426.984s][debug][gc,phases      ] GC(196)     Total                          Min: 0, Avg:  0.0, Max: 0, Diff: 0, Sum: 0, Workers: 4
[3426.984s][debug][gc,phases      ] GC(196)   StringDedup Requests1 Weak     Min:  0.0, Avg:  0.0, Max:  0.0, Diff:  0.0, Sum:  0.0, Workers: 4
[3426.984s][debug][gc,phases      ] GC(196)     Dead                           Min: 0, Avg:  0.0, Max: 0, Diff: 0, Sum: 0, Workers: 4
[3426.984s][debug][gc,phases      ] GC(196)     Total                          Min: 0, Avg:  0.0, Max: 0, Diff: 0, Sum: 0, Workers: 4
[3426.984s][debug][gc,phases      ] GC(196)   Weak JFR Old Object Samples    Min:  0.0, Avg:  0.0, Max:  0.0, Diff:  0.0, Sum:  0.0, Workers: 4
[3426.984s][debug][gc,phases      ] GC(196)     Dead                           Min: 0, Avg:  0.0, Max: 0, Diff: 0, Sum: 0, Workers: 4
[3426.984s][debug][gc,phases      ] GC(196)     Total                          Min: 0, Avg:  0.0, Max: 0, Diff: 0, Sum: 0, Workers: 4
[3426.984s][debug][gc,phases      ] GC(196) Weak Processing 0.288ms
[3426.984s][debug][gc,age         ] GC(196) Desired survivor size 57147392 bytes, new threshold 15 (max threshold 15)
[3426.984s][info ][gc,heap        ] GC(196) PSYoungGen: 2012832K(2037248K)->32688K(2041344K) Eden: 1977344K(1977344K)->0K(1982976K) From: 35488K(59904K)->32688K(58368K)
[3426.984s][info ][gc,heap        ] GC(196) ParOldGen: 393208K(432128K)->396072K(432128K)
[3426.984s][info ][gc,metaspace   ] GC(196) Metaspace: 79934K(80832K)->79934K(80832K) NonClass: 68574K(68992K)->68574K(68992K) Class: 11360K(11840K)->11360K(11840K)
[3426.984s][info ][gc             ] GC(196) Pause Young (GCLocker Initiated GC) 2349M->418M(2415M) 12.464ms
[3426.984s][info ][gc,cpu         ] GC(196) User=0.05s Sys=0.00s Real=0.01s
[3426.984s][info ][safepoint      ] Safepoint "ParallelGCSystemGC", Time since last: 70100 ns, Reaching safepoint: 90400 ns, At safepoint: 12522419 ns, Total: 12612819 ns
[3430.984s][info ][safepoint      ] Safepoint "Cleanup", Time since last: 4000269602 ns, Reaching safepoint: 31900 ns, At safepoint: 3000 ns, Total: 34900 ns
[3431.984s][info ][safepoint      ] Safepoint "Cleanup", Time since last: 1000112000 ns, Reaching safepoint: 25200 ns, At safepoint: 2300 ns, Total: 27500 ns
[3432.984s][info ][safepoint      ] Safepoint "Cleanup", Time since last: 1000099601 ns, Reaching safepoint: 49300 ns, At safepoint: 8900 ns, Total: 58200 ns
[3435.985s][info ][safepoint      ] Safepoint "Cleanup", Time since last: 3000218799 ns, Reaching safepoint: 53500 ns, At safepoint: 3700 ns, Total: 57200 ns
[3436.985s][info ][safepoint      ] Safepoint "Cleanup", Time since last: 1000092699 ns, Reaching safepoint: 26200 ns, At safepoint: 2400 ns, Total: 28600 ns
[3440.985s][info ][safepoint      ] Safepoint "Cleanup", Time since last: 4000330897 ns, Reaching safepoint: 27900 ns, At safepoint: 2500 ns, Total: 30400 ns
[3443.985s][info ][safepoint      ] Safepoint "Cleanup", Time since last: 3000235696 ns, Reaching safepoint: 33900 ns, At safepoint: 8400 ns, Total: 42300 ns
[3444.985s][info ][safepoint      ] Safepoint "Cleanup", Time since last: 1000104098 ns, Reaching safepoint: 59200 ns, At safepoint: 3600 ns, Total: 62800 ns
[3445.986s][info ][safepoint      ] Safepoint "Cleanup", Time since last: 1000101598 ns, Reaching safepoint: 38600 ns, At safepoint: 2100 ns, Total: 40700 ns
[3446.986s][info ][safepoint      ] Safepoint "Cleanup", Time since last: 1000103998 ns, Reaching safepoint: 70100 ns, At safepoint: 2200 ns, Total: 72300 ns
[3447.016s][info ][gc,start       ] GC(197) Pause Young (Allocation Failure)
[3447.029s][debug][gc,phases      ] GC(197) Scavenge 12.293ms
[3447.029s][debug][gc,ref         ] GC(197) Skipped phase 1 of Reference Processing: no references
[3447.029s][debug][gc,ref         ] GC(197) ReferenceProcessor::execute queues: 1, RefProcThreadModel::Single, marks_oops_alive: false
[3447.029s][debug][gc,ref         ] GC(197) Skipped phase 3 of Reference Processing: no references
[3447.029s][debug][gc,ref         ] GC(197) ReferenceProcessor::execute queues: 1, RefProcThreadModel::Single, marks_oops_alive: false
[3447.029s][debug][gc,phases      ] GC(197) Reference Processing 0.102ms
[3447.029s][debug][gc,phases      ] GC(197)   VM Weak                        Min:  0.0, Avg:  0.0, Max:  0.0, Diff:  0.0, Sum:  0.0, Workers: 4
[3447.029s][debug][gc,phases      ] GC(197)     Dead                           Min: 0, Avg:  0.0, Max: 0, Diff: 0, Sum: 0, Workers: 4
[3447.029s][debug][gc,phases      ] GC(197)     Total                          Min: 0, Avg: 149.8, Max: 599, Diff: 599, Sum: 599, Workers: 4
[3447.029s][debug][gc,phases      ] GC(197)   ObjectSynchronizer Weak        Min:  0.0, Avg:  0.0, Max:  0.0, Diff:  0.0, Sum:  0.0, Workers: 4
[3447.029s][debug][gc,phases      ] GC(197)     Dead                           Min: 0, Avg:  0.0, Max: 0, Diff: 0, Sum: 0, Workers: 4
[3447.029s][debug][gc,phases      ] GC(197)     Total                          Min: 0, Avg: 12.8, Max: 51, Diff: 51, Sum: 51, Workers: 4
[3447.029s][debug][gc,phases      ] GC(197)   JVMTI Tag Weak OopStorage      Min:  0.0, Avg:  0.0, Max:  0.0, Diff:  0.0, Sum:  0.0, Workers: 4
[3447.029s][debug][gc,phases      ] GC(197)     Dead                           Min: 0, Avg:  0.0, Max: 0, Diff: 0, Sum: 0, Workers: 4
[3447.029s][debug][gc,phases      ] GC(197)     Total                          Min: 0, Avg:  0.0, Max: 0, Diff: 0, Sum: 0, Workers: 4
[3447.029s][debug][gc,phases      ] GC(197)   StringTable Weak               Min:  0.0, Avg:  0.1, Max:  0.1, Diff:  0.1, Sum:  0.4, Workers: 4
[3447.029s][debug][gc,phases      ] GC(197)     Dead                           Min: 0, Avg:  0.0, Max: 0, Diff: 0, Sum: 0, Workers: 4
[3447.029s][debug][gc,phases      ] GC(197)     Total                          Min: 0, Avg: 10877.5, Max: 17465, Diff: 17465, Sum: 43510, Workers: 4
[3447.029s][debug][gc,phases      ] GC(197)   ResolvedMethodTable Weak       Min:  0.0, Avg:  0.0, Max:  0.0, Diff:  0.0, Sum:  0.1, Workers: 4
[3447.029s][debug][gc,phases      ] GC(197)     Dead                           Min: 0, Avg:  0.0, Max: 0, Diff: 0, Sum: 0, Workers: 4
[3447.029s][debug][gc,phases      ] GC(197)     Total                          Min: 0, Avg: 2219.2, Max: 3828, Diff: 3828, Sum: 8877, Workers: 4
[3447.029s][debug][gc,phases      ] GC(197)   JNI Weak                       Min:  0.0, Avg:  0.0, Max:  0.0, Diff:  0.0, Sum:  0.0, Workers: 4
[3447.029s][debug][gc,phases      ] GC(197)     Dead                           Min: 0, Avg:  0.0, Max: 0, Diff: 0, Sum: 0, Workers: 4
[3447.029s][debug][gc,phases      ] GC(197)     Total                          Min: 0, Avg: 11.2, Max: 45, Diff: 45, Sum: 45, Workers: 4
[3447.029s][debug][gc,phases      ] GC(197)   StringDedup Table Weak         Min:  0.0, Avg:  0.0, Max:  0.0, Diff:  0.0, Sum:  0.0, Workers: 4
[3447.029s][debug][gc,phases      ] GC(197)     Dead                           Min: 0, Avg:  0.0, Max: 0, Diff: 0, Sum: 0, Workers: 4
[3447.029s][debug][gc,phases      ] GC(197)     Total                          Min: 0, Avg:  0.0, Max: 0, Diff: 0, Sum: 0, Workers: 4
[3447.029s][debug][gc,phases      ] GC(197)   StringDedup Requests0 Weak     Min:  0.0, Avg:  0.0, Max:  0.0, Diff:  0.0, Sum:  0.0, Workers: 4
[3447.029s][debug][gc,phases      ] GC(197)     Dead                           Min: 0, Avg:  0.0, Max: 0, Diff: 0, Sum: 0, Workers: 4
[3447.029s][debug][gc,phases      ] GC(197)     Total                          Min: 0, Avg:  0.0, Max: 0, Diff: 0, Sum: 0, Workers: 4
[3447.029s][debug][gc,phases      ] GC(197)   StringDedup Requests1 Weak     Min:  0.0, Avg:  0.0, Max:  0.0, Diff:  0.0, Sum:  0.0, Workers: 4
[3447.029s][debug][gc,phases      ] GC(197)     Dead                           Min: 0, Avg:  0.0, Max: 0, Diff: 0, Sum: 0, Workers: 4
[3447.029s][debug][gc,phases      ] GC(197)     Total                          Min: 0, Avg:  0.0, Max: 0, Diff: 0, Sum: 0, Workers: 4
[3447.029s][debug][gc,phases      ] GC(197)   Weak JFR Old Object Samples    Min:  0.0, Avg:  0.0, Max:  0.0, Diff:  0.0, Sum:  0.0, Workers: 4
[3447.029s][debug][gc,phases      ] GC(197)     Dead                           Min: 0, Avg:  0.0, Max: 0, Diff: 0, Sum: 0, Workers: 4
[3447.029s][debug][gc,phases      ] GC(197)     Total                          Min: 0, Avg:  0.0, Max: 0, Diff: 0, Sum: 0, Workers: 4
[3447.029s][debug][gc,phases      ] GC(197) Weak Processing 0.324ms
[3447.029s][debug][gc,age         ] GC(197) Desired survivor size 55050240 bytes, new threshold 15 (max threshold 15)
[3447.029s][info ][gc,heap        ] GC(197) PSYoungGen: 2015664K(2041344K)->32752K(2038784K) Eden: 1982976K(1982976K)->0K(1982976K) From: 32688K(58368K)->32752K(55808K)
[3447.029s][info ][gc,heap        ] GC(197) ParOldGen: 396074K(432128K)->396106K(432128K)
[3447.029s][info ][gc,metaspace   ] GC(197) Metaspace: 79941K(80832K)->79941K(80832K) NonClass: 68581K(68992K)->68581K(68992K) Class: 11360K(11840K)->11360K(11840K)
[3447.029s][info ][gc             ] GC(197) Pause Young (Allocation Failure) 2355M->418M(2413M) 12.821ms
[3447.029s][info ][gc,cpu         ] GC(197) User=0.04s Sys=0.00s Real=0.02s
[3447.029s][info ][safepoint      ] Safepoint "ParallelGCFailedAllocation", Time since last: 30638646 ns, Reaching safepoint: 36000 ns, At safepoint: 12885320 ns, Total: 12921320 ns
[3456.030s][info ][safepoint      ] Safepoint "Cleanup", Time since last: 9000597174 ns, Reaching safepoint: 54801 ns, At safepoint: 7300 ns, Total: 62101 ns
[3459.030s][info ][safepoint      ] Safepoint "Cleanup", Time since last: 3000234189 ns, Reaching safepoint: 33000 ns, At safepoint: 20300 ns, Total: 53300 ns
[3467.770s][info ][gc,start       ] GC(198) Pause Young (Allocation Failure)
[3467.781s][debug][gc,phases      ] GC(198) Scavenge 11.322ms
[3467.781s][debug][gc,ref         ] GC(198) Skipped phase 1 of Reference Processing: no references
[3467.781s][debug][gc,ref         ] GC(198) ReferenceProcessor::execute queues: 1, RefProcThreadModel::Single, marks_oops_alive: false
[3467.781s][debug][gc,ref         ] GC(198) Skipped phase 3 of Reference Processing: no references
[3467.781s][debug][gc,ref         ] GC(198) ReferenceProcessor::execute queues: 1, RefProcThreadModel::Single, marks_oops_alive: false
[3467.781s][debug][gc,phases      ] GC(198) Reference Processing 0.088ms
[3467.781s][debug][gc,phases      ] GC(198)   VM Weak                        Min:  0.0, Avg:  0.0, Max:  0.0, Diff:  0.0, Sum:  0.0, Workers: 4
[3467.781s][debug][gc,phases      ] GC(198)     Dead                           Min: 0, Avg:  0.0, Max: 0, Diff: 0, Sum: 0, Workers: 4
[3467.781s][debug][gc,phases      ] GC(198)     Total                          Min: 0, Avg: 149.8, Max: 354, Diff: 354, Sum: 599, Workers: 4
[3467.781s][debug][gc,phases      ] GC(198)   ObjectSynchronizer Weak        Min:  0.0, Avg:  0.0, Max:  0.0, Diff:  0.0, Sum:  0.0, Workers: 4
[3467.781s][debug][gc,phases      ] GC(198)     Dead                           Min: 0, Avg:  0.0, Max: 0, Diff: 0, Sum: 0, Workers: 4
[3467.781s][debug][gc,phases      ] GC(198)     Total                          Min: 0, Avg: 12.8, Max: 51, Diff: 51, Sum: 51, Workers: 4
[3467.781s][debug][gc,phases      ] GC(198)   JVMTI Tag Weak OopStorage      Min:  0.0, Avg:  0.0, Max:  0.0, Diff:  0.0, Sum:  0.0, Workers: 4
[3467.781s][debug][gc,phases      ] GC(198)     Dead                           Min: 0, Avg:  0.0, Max: 0, Diff: 0, Sum: 0, Workers: 4
[3467.781s][debug][gc,phases      ] GC(198)     Total                          Min: 0, Avg:  0.0, Max: 0, Diff: 0, Sum: 0, Workers: 4
[3467.781s][debug][gc,phases      ] GC(198)   StringTable Weak               Min:  0.1, Avg:  0.1, Max:  0.1, Diff:  0.0, Sum:  0.4, Workers: 4
[3467.781s][debug][gc,phases      ] GC(198)     Dead                           Min: 0, Avg:  0.0, Max: 0, Diff: 0, Sum: 0, Workers: 4
[3467.781s][debug][gc,phases      ] GC(198)     Total                          Min: 9663, Avg: 10877.5, Max: 11392, Diff: 1729, Sum: 43510, Workers: 4
[3467.781s][debug][gc,phases      ] GC(198)   ResolvedMethodTable Weak       Min:  0.0, Avg:  0.0, Max:  0.0, Diff:  0.0, Sum:  0.1, Workers: 4
[3467.781s][debug][gc,phases      ] GC(198)     Dead                           Min: 0, Avg:  0.0, Max: 0, Diff: 0, Sum: 0, Workers: 4
[3467.781s][debug][gc,phases      ] GC(198)     Total                          Min: 2100, Avg: 2219.2, Max: 2304, Diff: 204, Sum: 8877, Workers: 4
[3467.781s][debug][gc,phases      ] GC(198)   JNI Weak                       Min:  0.0, Avg:  0.0, Max:  0.0, Diff:  0.0, Sum:  0.0, Workers: 4
[3467.781s][debug][gc,phases      ] GC(198)     Dead                           Min: 0, Avg:  0.0, Max: 0, Diff: 0, Sum: 0, Workers: 4
[3467.781s][debug][gc,phases      ] GC(198)     Total                          Min: 0, Avg: 11.2, Max: 45, Diff: 45, Sum: 45, Workers: 4
[3467.782s][debug][gc,phases      ] GC(198)   StringDedup Table Weak         Min:  0.0, Avg:  0.0, Max:  0.0, Diff:  0.0, Sum:  0.0, Workers: 4
[3467.782s][debug][gc,phases      ] GC(198)     Dead                           Min: 0, Avg:  0.0, Max: 0, Diff: 0, Sum: 0, Workers: 4
[3467.782s][debug][gc,phases      ] GC(198)     Total                          Min: 0, Avg:  0.0, Max: 0, Diff: 0, Sum: 0, Workers: 4
[3467.782s][debug][gc,phases      ] GC(198)   StringDedup Requests0 Weak     Min:  0.0, Avg:  0.0, Max:  0.0, Diff:  0.0, Sum:  0.0, Workers: 4
[3467.782s][debug][gc,phases      ] GC(198)     Dead                           Min: 0, Avg:  0.0, Max: 0, Diff: 0, Sum: 0, Workers: 4
[3467.782s][debug][gc,phases      ] GC(198)     Total                          Min: 0, Avg:  0.0, Max: 0, Diff: 0, Sum: 0, Workers: 4
[3467.782s][debug][gc,phases      ] GC(198)   StringDedup Requests1 Weak     Min:  0.0, Avg:  0.0, Max:  0.0, Diff:  0.0, Sum:  0.0, Workers: 4
[3467.782s][debug][gc,phases      ] GC(198)     Dead                           Min: 0, Avg:  0.0, Max: 0, Diff: 0, Sum: 0, Workers: 4
[3467.782s][debug][gc,phases      ] GC(198)     Total                          Min: 0, Avg:  0.0, Max: 0, Diff: 0, Sum: 0, Workers: 4
[3467.782s][debug][gc,phases      ] GC(198)   Weak JFR Old Object Samples    Min:  0.0, Avg:  0.0, Max:  0.0, Diff:  0.0, Sum:  0.0, Workers: 4
[3467.782s][debug][gc,phases      ] GC(198)     Dead                           Min: 0, Avg:  0.0, Max: 0, Diff: 0, Sum: 0, Workers: 4
[3467.782s][debug][gc,phases      ] GC(198)     Total                          Min: 0, Avg:  0.0, Max: 0, Diff: 0, Sum: 0, Workers: 4
[3467.782s][debug][gc,phases      ] GC(198) Weak Processing 0.289ms
[3467.782s][debug][gc,age         ] GC(198) Desired survivor size 52953088 bytes, new threshold 15 (max threshold 15)
[3467.782s][info ][gc,heap        ] GC(198) PSYoungGen: 2015728K(2038784K)->32704K(2045440K) Eden: 1982976K(1982976K)->0K(1991680K) From: 32752K(55808K)->32704K(53760K)
[3467.782s][info ][gc,heap        ] GC(198) ParOldGen: 396106K(432128K)->396130K(432128K)
[3467.782s][info ][gc,metaspace   ] GC(198) Metaspace: 79942K(80832K)->79942K(80832K) NonClass: 68581K(68992K)->68581K(68992K) Class: 11360K(11840K)->11360K(11840K)
[3467.782s][info ][gc             ] GC(198) Pause Young (Allocation Failure) 2355M->418M(2419M) 11.802ms
[3467.782s][info ][gc,cpu         ] GC(198) User=0.05s Sys=0.00s Real=0.01s
[3467.782s][info ][safepoint      ] Safepoint "ParallelGCFailedAllocation", Time since last: 8739416869 ns, Reaching safepoint: 54300 ns, At safepoint: 11866717 ns, Total: 11921017 ns
[3486.970s][info ][gc,start       ] GC(199) Pause Young (Allocation Failure)
[3486.983s][debug][gc,phases      ] GC(199) Scavenge 13.183ms
[3486.983s][debug][gc,ref         ] GC(199) Skipped phase 1 of Reference Processing: no references
[3486.983s][debug][gc,ref         ] GC(199) ReferenceProcessor::execute queues: 1, RefProcThreadModel::Single, marks_oops_alive: false
[3486.983s][debug][gc,ref         ] GC(199) Skipped phase 3 of Reference Processing: no references
[3486.983s][debug][gc,ref         ] GC(199) ReferenceProcessor::execute queues: 1, RefProcThreadModel::Single, marks_oops_alive: false
[3486.983s][debug][gc,phases      ] GC(199) Reference Processing 0.103ms
[3486.984s][debug][gc,phases      ] GC(199)   VM Weak                        Min:  0.0, Avg:  0.0, Max:  0.0, Diff:  0.0, Sum:  0.0, Workers: 4
[3486.984s][debug][gc,phases      ] GC(199)     Dead                           Min: 0, Avg:  0.0, Max: 0, Diff: 0, Sum: 0, Workers: 4
[3486.984s][debug][gc,phases      ] GC(199)     Total                          Min: 0, Avg: 149.8, Max: 379, Diff: 379, Sum: 599, Workers: 4
[3486.984s][debug][gc,phases      ] GC(199)   ObjectSynchronizer Weak        Min:  0.0, Avg:  0.0, Max:  0.0, Diff:  0.0, Sum:  0.0, Workers: 4
[3486.984s][debug][gc,phases      ] GC(199)     Dead                           Min: 0, Avg:  0.0, Max: 0, Diff: 0, Sum: 0, Workers: 4
[3486.984s][debug][gc,phases      ] GC(199)     Total                          Min: 0, Avg: 12.8, Max: 51, Diff: 51, Sum: 51, Workers: 4
[3486.984s][debug][gc,phases      ] GC(199)   JVMTI Tag Weak OopStorage      Min:  0.0, Avg:  0.0, Max:  0.0, Diff:  0.0, Sum:  0.0, Workers: 4
[3486.984s][debug][gc,phases      ] GC(199)     Dead                           Min: 0, Avg:  0.0, Max: 0, Diff: 0, Sum: 0, Workers: 4
[3486.984s][debug][gc,phases      ] GC(199)     Total                          Min: 0, Avg:  0.0, Max: 0, Diff: 0, Sum: 0, Workers: 4
[3486.984s][debug][gc,phases      ] GC(199)   StringTable Weak               Min:  0.1, Avg:  0.1, Max:  0.1, Diff:  0.0, Sum:  0.4, Workers: 4
[3486.984s][debug][gc,phases      ] GC(199)     Dead                           Min: 0, Avg:  0.0, Max: 0, Diff: 0, Sum: 0, Workers: 4
[3486.984s][debug][gc,phases      ] GC(199)     Total                          Min: 10618, Avg: 10877.5, Max: 11263, Diff: 645, Sum: 43510, Workers: 4
[3486.984s][debug][gc,phases      ] GC(199)   ResolvedMethodTable Weak       Min:  0.0, Avg:  0.0, Max:  0.0, Diff:  0.0, Sum:  0.1, Workers: 4
[3486.984s][debug][gc,phases      ] GC(199)     Dead                           Min: 0, Avg:  0.0, Max: 0, Diff: 0, Sum: 0, Workers: 4
[3486.984s][debug][gc,phases      ] GC(199)     Total                          Min: 2047, Avg: 2219.2, Max: 2481, Diff: 434, Sum: 8877, Workers: 4
[3486.984s][debug][gc,phases      ] GC(199)   JNI Weak                       Min:  0.0, Avg:  0.0, Max:  0.0, Diff:  0.0, Sum:  0.0, Workers: 4
[3486.984s][debug][gc,phases      ] GC(199)     Dead                           Min: 0, Avg:  0.0, Max: 0, Diff: 0, Sum: 0, Workers: 4
[3486.984s][debug][gc,phases      ] GC(199)     Total                          Min: 0, Avg: 11.2, Max: 45, Diff: 45, Sum: 45, Workers: 4
[3486.984s][debug][gc,phases      ] GC(199)   StringDedup Table Weak         Min:  0.0, Avg:  0.0, Max:  0.0, Diff:  0.0, Sum:  0.0, Workers: 4
[3486.984s][debug][gc,phases      ] GC(199)     Dead                           Min: 0, Avg:  0.0, Max: 0, Diff: 0, Sum: 0, Workers: 4
[3486.984s][debug][gc,phases      ] GC(199)     Total                          Min: 0, Avg:  0.0, Max: 0, Diff: 0, Sum: 0, Workers: 4
[3486.984s][debug][gc,phases      ] GC(199)   StringDedup Requests0 Weak     Min:  0.0, Avg:  0.0, Max:  0.0, Diff:  0.0, Sum:  0.0, Workers: 4
[3486.984s][debug][gc,phases      ] GC(199)     Dead                           Min: 0, Avg:  0.0, Max: 0, Diff: 0, Sum: 0, Workers: 4
[3486.984s][debug][gc,phases      ] GC(199)     Total                          Min: 0, Avg:  0.0, Max: 0, Diff: 0, Sum: 0, Workers: 4
[3486.984s][debug][gc,phases      ] GC(199)   StringDedup Requests1 Weak     Min:  0.0, Avg:  0.0, Max:  0.0, Diff:  0.0, Sum:  0.0, Workers: 4
[3486.984s][debug][gc,phases      ] GC(199)     Dead                           Min: 0, Avg:  0.0, Max: 0, Diff: 0, Sum: 0, Workers: 4
[3486.984s][debug][gc,phases      ] GC(199)     Total                          Min: 0, Avg:  0.0, Max: 0, Diff: 0, Sum: 0, Workers: 4
[3486.984s][debug][gc,phases      ] GC(199)   Weak JFR Old Object Samples    Min:  0.0, Avg:  0.0, Max:  0.0, Diff:  0.0, Sum:  0.0, Workers: 4
[3486.984s][debug][gc,phases      ] GC(199)     Dead                           Min: 0, Avg:  0.0, Max: 0, Diff: 0, Sum: 0, Workers: 4
[3486.984s][debug][gc,phases      ] GC(199)     Total                          Min: 0, Avg:  0.0, Max: 0, Diff: 0, Sum: 0, Workers: 4
[3486.984s][debug][gc,phases      ] GC(199) Weak Processing 0.288ms
[3486.984s][debug][gc,age         ] GC(199) Desired survivor size 50855936 bytes, new threshold 15 (max threshold 15)
[3486.984s][info ][gc,heap        ] GC(199) PSYoungGen: 2024384K(2045440K)->32768K(2043392K) Eden: 1991680K(1991680K)->0K(1991680K) From: 32704K(53760K)->32768K(51712K)
[3486.984s][info ][gc,heap        ] GC(199) ParOldGen: 396130K(432128K)->396162K(432128K)
[3486.984s][info ][gc,metaspace   ] GC(199) Metaspace: 79943K(80832K)->79943K(80832K) NonClass: 68583K(68992K)->68583K(68992K) Class: 11360K(11840K)->11360K(11840K)
[3486.984s][info ][gc             ] GC(199) Pause Young (Allocation Failure) 2363M->418M(2417M) 13.691ms
[3486.984s][info ][gc,cpu         ] GC(199) User=0.04s Sys=0.00s Real=0.01s
[3486.984s][info ][safepoint      ] Safepoint "ParallelGCFailedAllocation", Time since last: 19188382757 ns, Reaching safepoint: 40200 ns, At safepoint: 13754420 ns, Total: 13794620 ns
[3490.984s][info ][safepoint      ] Safepoint "Cleanup", Time since last: 4000269268 ns, Reaching safepoint: 43900 ns, At safepoint: 2800 ns, Total: 46700 ns
[3507.273s][info ][safepoint      ] Safepoint "ParallelGCFailedAllocation", Time since last: 16288597978 ns, Reaching safepoint: 93800 ns, At safepoint: 15400 ns, Total: 109200 ns
[3507.273s][info ][gc,start       ] GC(200) Pause Young (GCLocker Initiated GC)
[3507.285s][debug][gc,phases      ] GC(200) Scavenge 12.178ms
[3507.285s][debug][gc,ref         ] GC(200) Skipped phase 1 of Reference Processing: no references
[3507.285s][debug][gc,ref         ] GC(200) ReferenceProcessor::execute queues: 1, RefProcThreadModel::Single, marks_oops_alive: false
[3507.285s][debug][gc,ref         ] GC(200) Skipped phase 3 of Reference Processing: no references
[3507.285s][debug][gc,ref         ] GC(200) ReferenceProcessor::execute queues: 1, RefProcThreadModel::Single, marks_oops_alive: false
[3507.285s][debug][gc,phases      ] GC(200) Reference Processing 0.126ms
[3507.286s][debug][gc,phases      ] GC(200)   VM Weak                        Min:  0.0, Avg:  0.0, Max:  0.0, Diff:  0.0, Sum:  0.0, Workers: 4
[3507.286s][debug][gc,phases      ] GC(200)     Dead                           Min: 0, Avg:  0.0, Max: 0, Diff: 0, Sum: 0, Workers: 4
[3507.286s][debug][gc,phases      ] GC(200)     Total                          Min: 0, Avg: 149.8, Max: 400, Diff: 400, Sum: 599, Workers: 4
[3507.286s][debug][gc,phases      ] GC(200)   ObjectSynchronizer Weak        Min:  0.0, Avg:  0.0, Max:  0.0, Diff:  0.0, Sum:  0.0, Workers: 4
[3507.286s][debug][gc,phases      ] GC(200)     Dead                           Min: 0, Avg:  0.0, Max: 0, Diff: 0, Sum: 0, Workers: 4
[3507.286s][debug][gc,phases      ] GC(200)     Total                          Min: 0, Avg: 12.8, Max: 51, Diff: 51, Sum: 51, Workers: 4
[3507.286s][debug][gc,phases      ] GC(200)   JVMTI Tag Weak OopStorage      Min:  0.0, Avg:  0.0, Max:  0.0, Diff:  0.0, Sum:  0.0, Workers: 4
[3507.286s][debug][gc,phases      ] GC(200)     Dead                           Min: 0, Avg:  0.0, Max: 0, Diff: 0, Sum: 0, Workers: 4
[3507.286s][debug][gc,phases      ] GC(200)     Total                          Min: 0, Avg:  0.0, Max: 0, Diff: 0, Sum: 0, Workers: 4
[3507.286s][debug][gc,phases      ] GC(200)   StringTable Weak               Min:  0.0, Avg:  0.1, Max:  0.1, Diff:  0.1, Sum:  0.4, Workers: 4
[3507.286s][debug][gc,phases      ] GC(200)     Dead                           Min: 0, Avg:  0.2, Max: 1, Diff: 1, Sum: 1, Workers: 4
[3507.286s][debug][gc,phases      ] GC(200)     Total                          Min: 0, Avg: 10877.5, Max: 17592, Diff: 17592, Sum: 43510, Workers: 4
[3507.286s][debug][gc,phases      ] GC(200)   ResolvedMethodTable Weak       Min:  0.0, Avg:  0.0, Max:  0.0, Diff:  0.0, Sum:  0.1, Workers: 4
[3507.286s][debug][gc,phases      ] GC(200)     Dead                           Min: 0, Avg:  0.0, Max: 0, Diff: 0, Sum: 0, Workers: 4
[3507.286s][debug][gc,phases      ] GC(200)     Total                          Min: 0, Avg: 2219.2, Max: 3773, Diff: 3773, Sum: 8877, Workers: 4
[3507.286s][debug][gc,phases      ] GC(200)   JNI Weak                       Min:  0.0, Avg:  0.0, Max:  0.0, Diff:  0.0, Sum:  0.0, Workers: 4
[3507.286s][debug][gc,phases      ] GC(200)     Dead                           Min: 0, Avg:  0.0, Max: 0, Diff: 0, Sum: 0, Workers: 4
[3507.286s][debug][gc,phases      ] GC(200)     Total                          Min: 0, Avg: 11.2, Max: 45, Diff: 45, Sum: 45, Workers: 4
[3507.286s][debug][gc,phases      ] GC(200)   StringDedup Table Weak         Min:  0.0, Avg:  0.0, Max:  0.0, Diff:  0.0, Sum:  0.0, Workers: 4
[3507.286s][debug][gc,phases      ] GC(200)     Dead                           Min: 0, Avg:  0.0, Max: 0, Diff: 0, Sum: 0, Workers: 4
[3507.286s][debug][gc,phases      ] GC(200)     Total                          Min: 0, Avg:  0.0, Max: 0, Diff: 0, Sum: 0, Workers: 4
[3507.286s][debug][gc,phases      ] GC(200)   StringDedup Requests0 Weak     Min:  0.0, Avg:  0.0, Max:  0.0, Diff:  0.0, Sum:  0.0, Workers: 4
[3507.286s][debug][gc,phases      ] GC(200)     Dead                           Min: 0, Avg:  0.0, Max: 0, Diff: 0, Sum: 0, Workers: 4
[3507.286s][debug][gc,phases      ] GC(200)     Total                          Min: 0, Avg:  0.0, Max: 0, Diff: 0, Sum: 0, Workers: 4
[3507.286s][debug][gc,phases      ] GC(200)   StringDedup Requests1 Weak     Min:  0.0, Avg:  0.0, Max:  0.0, Diff:  0.0, Sum:  0.0, Workers: 4
[3507.286s][debug][gc,phases      ] GC(200)     Dead                           Min: 0, Avg:  0.0, Max: 0, Diff: 0, Sum: 0, Workers: 4
[3507.286s][debug][gc,phases      ] GC(200)     Total                          Min: 0, Avg:  0.0, Max: 0, Diff: 0, Sum: 0, Workers: 4
[3507.286s][debug][gc,phases      ] GC(200)   Weak JFR Old Object Samples    Min:  0.0, Avg:  0.0, Max:  0.0, Diff:  0.0, Sum:  0.0, Workers: 4
[3507.286s][debug][gc,phases      ] GC(200)     Dead                           Min: 0, Avg:  0.0, Max: 0, Diff: 0, Sum: 0, Workers: 4
[3507.286s][debug][gc,phases      ] GC(200)     Total                          Min: 0, Avg:  0.0, Max: 0, Diff: 0, Sum: 0, Workers: 4
[3507.286s][debug][gc,phases      ] GC(200) Weak Processing 0.345ms
[3507.286s][debug][gc,age         ] GC(200) Desired survivor size 49283072 bytes, new threshold 15 (max threshold 15)
[3507.286s][info ][gc,heap        ] GC(200) PSYoungGen: 2024448K(2043392K)->32688K(2049024K) Eden: 1991680K(1991680K)->0K(1999360K) From: 32768K(51712K)->32688K(49664K)
[3507.286s][info ][gc,heap        ] GC(200) ParOldGen: 396163K(432128K)->396163K(432128K)
[3507.286s][info ][gc,metaspace   ] GC(200) Metaspace: 79944K(80832K)->79944K(80832K) NonClass: 68584K(68992K)->68584K(68992K) Class: 11360K(11840K)->11360K(11840K)
[3507.286s][info ][gc             ] GC(200) Pause Young (GCLocker Initiated GC) 2363M->418M(2423M) 12.757ms
[3507.286s][info ][gc,cpu         ] GC(200) User=0.05s Sys=0.00s Real=0.01s
[3507.286s][info ][safepoint      ] Safepoint "ParallelGCSystemGC", Time since last: 73300 ns, Reaching safepoint: 72100 ns, At safepoint: 12835819 ns, Total: 12907919 ns
[3526.726s][info ][gc,start       ] GC(201) Pause Young (Allocation Failure)
[3526.744s][debug][gc,phases      ] GC(201) Scavenge 18.177ms
[3526.744s][debug][gc,ref         ] GC(201) Skipped phase 1 of Reference Processing: no references
[3526.744s][debug][gc,ref         ] GC(201) ReferenceProcessor::execute queues: 1, RefProcThreadModel::Single, marks_oops_alive: false
[3526.744s][debug][gc,ref         ] GC(201) Skipped phase 3 of Reference Processing: no references
[3526.744s][debug][gc,ref         ] GC(201) ReferenceProcessor::execute queues: 1, RefProcThreadModel::Single, marks_oops_alive: false
[3526.744s][debug][gc,phases      ] GC(201) Reference Processing 0.086ms
[3526.745s][debug][gc,phases      ] GC(201)   VM Weak                        Min:  0.0, Avg:  0.0, Max:  0.0, Diff:  0.0, Sum:  0.0, Workers: 4
[3526.745s][debug][gc,phases      ] GC(201)     Dead                           Min: 0, Avg:  0.0, Max: 0, Diff: 0, Sum: 0, Workers: 4
[3526.745s][debug][gc,phases      ] GC(201)     Total                          Min: 0, Avg: 149.8, Max: 480, Diff: 480, Sum: 599, Workers: 4
[3526.745s][debug][gc,phases      ] GC(201)   ObjectSynchronizer Weak        Min:  0.0, Avg:  0.0, Max:  0.0, Diff:  0.0, Sum:  0.0, Workers: 4
[3526.745s][debug][gc,phases      ] GC(201)     Dead                           Min: 0, Avg:  0.0, Max: 0, Diff: 0, Sum: 0, Workers: 4
[3526.745s][debug][gc,phases      ] GC(201)     Total                          Min: 0, Avg: 12.8, Max: 51, Diff: 51, Sum: 51, Workers: 4
[3526.745s][debug][gc,phases      ] GC(201)   JVMTI Tag Weak OopStorage      Min:  0.0, Avg:  0.0, Max:  0.0, Diff:  0.0, Sum:  0.0, Workers: 4
[3526.745s][debug][gc,phases      ] GC(201)     Dead                           Min: 0, Avg:  0.0, Max: 0, Diff: 0, Sum: 0, Workers: 4
[3526.745s][debug][gc,phases      ] GC(201)     Total                          Min: 0, Avg:  0.0, Max: 0, Diff: 0, Sum: 0, Workers: 4
[3526.745s][debug][gc,phases      ] GC(201)   StringTable Weak               Min:  0.1, Avg:  0.1, Max:  0.1, Diff:  0.0, Sum:  0.4, Workers: 4
[3526.745s][debug][gc,phases      ] GC(201)     Dead                           Min: 0, Avg:  0.0, Max: 0, Diff: 0, Sum: 0, Workers: 4
[3526.745s][debug][gc,phases      ] GC(201)     Total                          Min: 10688, Avg: 10877.5, Max: 11134, Diff: 446, Sum: 43510, Workers: 4
[3526.745s][debug][gc,phases      ] GC(201)   ResolvedMethodTable Weak       Min:  0.0, Avg:  0.0, Max:  0.0, Diff:  0.0, Sum:  0.1, Workers: 4
[3526.745s][debug][gc,phases      ] GC(201)     Dead                           Min: 0, Avg:  0.0, Max: 0, Diff: 0, Sum: 0, Workers: 4
[3526.745s][debug][gc,phases      ] GC(201)     Total                          Min: 1533, Avg: 2219.2, Max: 2496, Diff: 963, Sum: 8877, Workers: 4
[3526.745s][debug][gc,phases      ] GC(201)   JNI Weak                       Min:  0.0, Avg:  0.0, Max:  0.0, Diff:  0.0, Sum:  0.0, Workers: 4
[3526.745s][debug][gc,phases      ] GC(201)     Dead                           Min: 0, Avg:  0.0, Max: 0, Diff: 0, Sum: 0, Workers: 4
[3526.745s][debug][gc,phases      ] GC(201)     Total                          Min: 0, Avg: 11.2, Max: 45, Diff: 45, Sum: 45, Workers: 4
[3526.745s][debug][gc,phases      ] GC(201)   StringDedup Table Weak         Min:  0.0, Avg:  0.0, Max:  0.0, Diff:  0.0, Sum:  0.0, Workers: 4
[3526.745s][debug][gc,phases      ] GC(201)     Dead                           Min: 0, Avg:  0.0, Max: 0, Diff: 0, Sum: 0, Workers: 4
[3526.745s][debug][gc,phases      ] GC(201)     Total                          Min: 0, Avg:  0.0, Max: 0, Diff: 0, Sum: 0, Workers: 4
[3526.745s][debug][gc,phases      ] GC(201)   StringDedup Requests0 Weak     Min:  0.0, Avg:  0.0, Max:  0.0, Diff:  0.0, Sum:  0.0, Workers: 4
[3526.745s][debug][gc,phases      ] GC(201)     Dead                           Min: 0, Avg:  0.0, Max: 0, Diff: 0, Sum: 0, Workers: 4
[3526.745s][debug][gc,phases      ] GC(201)     Total                          Min: 0, Avg:  0.0, Max: 0, Diff: 0, Sum: 0, Workers: 4
[3526.745s][debug][gc,phases      ] GC(201)   StringDedup Requests1 Weak     Min:  0.0, Avg:  0.0, Max:  0.0, Diff:  0.0, Sum:  0.0, Workers: 4
[3526.745s][debug][gc,phases      ] GC(201)     Dead                           Min: 0, Avg:  0.0, Max: 0, Diff: 0, Sum: 0, Workers: 4
[3526.745s][debug][gc,phases      ] GC(201)     Total                          Min: 0, Avg:  0.0, Max: 0, Diff: 0, Sum: 0, Workers: 4
[3526.745s][debug][gc,phases      ] GC(201)   Weak JFR Old Object Samples    Min:  0.0, Avg:  0.0, Max:  0.0, Diff:  0.0, Sum:  0.0, Workers: 4
[3526.745s][debug][gc,phases      ] GC(201)     Dead                           Min: 0, Avg:  0.0, Max: 0, Diff: 0, Sum: 0, Workers: 4
[3526.745s][debug][gc,phases      ] GC(201)     Total                          Min: 0, Avg:  0.0, Max: 0, Diff: 0, Sum: 0, Workers: 4
[3526.745s][debug][gc,phases      ] GC(201) Weak Processing 0.288ms
[3526.745s][debug][gc,age         ] GC(201) Desired survivor size 47710208 bytes, new threshold 15 (max threshold 15)
[3526.745s][info ][gc,heap        ] GC(201) PSYoungGen: 2032048K(2049024K)->32736K(2047488K) Eden: 1999360K(1999360K)->0K(1999360K) From: 32688K(49664K)->32736K(48128K)
[3526.745s][info ][gc,heap        ] GC(201) ParOldGen: 396165K(432128K)->396189K(432128K)
[3526.745s][info ][gc,metaspace   ] GC(201) Metaspace: 79948K(80832K)->79948K(80832K) NonClass: 68588K(68992K)->68588K(68992K) Class: 11360K(11840K)->11360K(11840K)
[3526.745s][info ][gc             ] GC(201) Pause Young (Allocation Failure) 2371M->418M(2421M) 18.656ms
[3526.745s][info ][gc,cpu         ] GC(201) User=0.03s Sys=0.01s Real=0.01s
[3526.745s][info ][safepoint      ] Safepoint "ParallelGCFailedAllocation", Time since last: 19440289730 ns, Reaching safepoint: 40000 ns, At safepoint: 18730428 ns, Total: 18770428 ns
[3529.745s][info ][safepoint      ] Safepoint "Cleanup", Time since last: 3000193860 ns, Reaching safepoint: 39700 ns, At safepoint: 3200 ns, Total: 42900 ns
[3537.746s][info ][safepoint      ] Safepoint "Cleanup", Time since last: 8000533389 ns, Reaching safepoint: 34400 ns, At safepoint: 3800 ns, Total: 38200 ns
[3540.746s][info ][safepoint      ] Safepoint "Cleanup", Time since last: 3000213956 ns, Reaching safepoint: 43400 ns, At safepoint: 3801 ns, Total: 47201 ns
[3541.746s][info ][safepoint      ] Safepoint "Cleanup", Time since last: 1000115385 ns, Reaching safepoint: 41100 ns, At safepoint: 2800 ns, Total: 43900 ns
[3542.746s][info ][safepoint      ] Safepoint "Cleanup", Time since last: 1000090685 ns, Reaching safepoint: 41200 ns, At safepoint: 2400 ns, Total: 43600 ns
[3546.820s][info ][gc,start       ] GC(202) Pause Young (Allocation Failure)
[3546.833s][debug][gc,phases      ] GC(202) Scavenge 12.564ms
[3546.833s][debug][gc,ref         ] GC(202) Skipped phase 1 of Reference Processing: no references
[3546.833s][debug][gc,ref         ] GC(202) ReferenceProcessor::execute queues: 1, RefProcThreadModel::Single, marks_oops_alive: false
[3546.833s][debug][gc,ref         ] GC(202) Skipped phase 3 of Reference Processing: no references
[3546.833s][debug][gc,ref         ] GC(202) ReferenceProcessor::execute queues: 1, RefProcThreadModel::Single, marks_oops_alive: false
[3546.833s][debug][gc,phases      ] GC(202) Reference Processing 0.098ms
[3546.833s][debug][gc,phases      ] GC(202)   VM Weak                        Min:  0.0, Avg:  0.0, Max:  0.0, Diff:  0.0, Sum:  0.0, Workers: 4
[3546.833s][debug][gc,phases      ] GC(202)     Dead                           Min: 0, Avg:  0.0, Max: 0, Diff: 0, Sum: 0, Workers: 4
[3546.833s][debug][gc,phases      ] GC(202)     Total                          Min: 0, Avg: 149.8, Max: 332, Diff: 332, Sum: 599, Workers: 4
[3546.833s][debug][gc,phases      ] GC(202)   ObjectSynchronizer Weak        Min:  0.0, Avg:  0.0, Max:  0.0, Diff:  0.0, Sum:  0.0, Workers: 4
[3546.833s][debug][gc,phases      ] GC(202)     Dead                           Min: 0, Avg:  0.0, Max: 0, Diff: 0, Sum: 0, Workers: 4
[3546.833s][debug][gc,phases      ] GC(202)     Total                          Min: 0, Avg: 12.8, Max: 51, Diff: 51, Sum: 51, Workers: 4
[3546.833s][debug][gc,phases      ] GC(202)   JVMTI Tag Weak OopStorage      Min:  0.0, Avg:  0.0, Max:  0.0, Diff:  0.0, Sum:  0.0, Workers: 4
[3546.833s][debug][gc,phases      ] GC(202)     Dead                           Min: 0, Avg:  0.0, Max: 0, Diff: 0, Sum: 0, Workers: 4
[3546.833s][debug][gc,phases      ] GC(202)     Total                          Min: 0, Avg:  0.0, Max: 0, Diff: 0, Sum: 0, Workers: 4
[3546.833s][debug][gc,phases      ] GC(202)   StringTable Weak               Min:  0.0, Avg:  0.1, Max:  0.1, Diff:  0.1, Sum:  0.4, Workers: 4
[3546.833s][debug][gc,phases      ] GC(202)     Dead                           Min: 0, Avg:  0.2, Max: 1, Diff: 1, Sum: 1, Workers: 4
[3546.833s][debug][gc,phases      ] GC(202)     Total                          Min: 0, Avg: 10877.8, Max: 18297, Diff: 18297, Sum: 43511, Workers: 4
[3546.833s][debug][gc,phases      ] GC(202)   ResolvedMethodTable Weak       Min:  0.0, Avg:  0.0, Max:  0.0, Diff:  0.0, Sum:  0.1, Workers: 4
[3546.833s][debug][gc,phases      ] GC(202)     Dead                           Min: 0, Avg:  0.0, Max: 0, Diff: 0, Sum: 0, Workers: 4
[3546.833s][debug][gc,phases      ] GC(202)     Total                          Min: 0, Avg: 2219.8, Max: 3772, Diff: 3772, Sum: 8879, Workers: 4
[3546.833s][debug][gc,phases      ] GC(202)   JNI Weak                       Min:  0.0, Avg:  0.0, Max:  0.0, Diff:  0.0, Sum:  0.0, Workers: 4
[3546.833s][debug][gc,phases      ] GC(202)     Dead                           Min: 0, Avg:  0.0, Max: 0, Diff: 0, Sum: 0, Workers: 4
[3546.833s][debug][gc,phases      ] GC(202)     Total                          Min: 0, Avg: 11.2, Max: 45, Diff: 45, Sum: 45, Workers: 4
[3546.833s][debug][gc,phases      ] GC(202)   StringDedup Table Weak         Min:  0.0, Avg:  0.0, Max:  0.0, Diff:  0.0, Sum:  0.0, Workers: 4
[3546.833s][debug][gc,phases      ] GC(202)     Dead                           Min: 0, Avg:  0.0, Max: 0, Diff: 0, Sum: 0, Workers: 4
[3546.833s][debug][gc,phases      ] GC(202)     Total                          Min: 0, Avg:  0.0, Max: 0, Diff: 0, Sum: 0, Workers: 4
[3546.833s][debug][gc,phases      ] GC(202)   StringDedup Requests0 Weak     Min:  0.0, Avg:  0.0, Max:  0.0, Diff:  0.0, Sum:  0.0, Workers: 4
[3546.833s][debug][gc,phases      ] GC(202)     Dead                           Min: 0, Avg:  0.0, Max: 0, Diff: 0, Sum: 0, Workers: 4
[3546.833s][debug][gc,phases      ] GC(202)     Total                          Min: 0, Avg:  0.0, Max: 0, Diff: 0, Sum: 0, Workers: 4
[3546.833s][debug][gc,phases      ] GC(202)   StringDedup Requests1 Weak     Min:  0.0, Avg:  0.0, Max:  0.0, Diff:  0.0, Sum:  0.0, Workers: 4
[3546.833s][debug][gc,phases      ] GC(202)     Dead                           Min: 0, Avg:  0.0, Max: 0, Diff: 0, Sum: 0, Workers: 4
[3546.833s][debug][gc,phases      ] GC(202)     Total                          Min: 0, Avg:  0.0, Max: 0, Diff: 0, Sum: 0, Workers: 4
[3546.833s][debug][gc,phases      ] GC(202)   Weak JFR Old Object Samples    Min:  0.0, Avg:  0.0, Max:  0.0, Diff:  0.0, Sum:  0.0, Workers: 4
[3546.833s][debug][gc,phases      ] GC(202)     Dead                           Min: 0, Avg:  0.0, Max: 0, Diff: 0, Sum: 0, Workers: 4
[3546.833s][debug][gc,phases      ] GC(202)     Total                          Min: 0, Avg:  0.0, Max: 0, Diff: 0, Sum: 0, Workers: 4
[3546.833s][debug][gc,phases      ] GC(202) Weak Processing 0.330ms
[3546.833s][debug][gc,age         ] GC(202) Desired survivor size 46661632 bytes, new threshold 15 (max threshold 15)
[3546.833s][info ][gc,heap        ] GC(202) PSYoungGen: 2032096K(2047488K)->32736K(2051584K) Eden: 1999360K(1999360K)->0K(2004992K) From: 32736K(48128K)->32736K(46592K)
[3546.833s][info ][gc,heap        ] GC(202) ParOldGen: 396189K(432128K)->396197K(432128K)
[3546.833s][info ][gc,metaspace   ] GC(202) Metaspace: 79956K(80832K)->79956K(80832K) NonClass: 68594K(68992K)->68594K(68992K) Class: 11361K(11840K)->11361K(11840K)
[3546.833s][info ][gc             ] GC(202) Pause Young (Allocation Failure) 2371M->418M(2425M) 13.086ms
[3546.833s][info ][gc,cpu         ] GC(202) User=0.04s Sys=0.00s Real=0.01s
[3546.834s][info ][safepoint      ] Safepoint "ParallelGCFailedAllocation", Time since last: 4074062949 ns, Reaching safepoint: 91300 ns, At safepoint: 13149619 ns, Total: 13240919 ns
[3560.834s][info ][safepoint      ] Safepoint "Cleanup", Time since last: 14000854371 ns, Reaching safepoint: 36100 ns, At safepoint: 3200 ns, Total: 39300 ns
[3561.835s][info ][safepoint      ] Safepoint "Cleanup", Time since last: 1000094083 ns, Reaching safepoint: 51300 ns, At safepoint: 6900 ns, Total: 58200 ns
[3567.572s][info ][gc,start       ] GC(203) Pause Young (Allocation Failure)
[3567.583s][debug][gc,phases      ] GC(203) Scavenge 10.696ms
[3567.583s][debug][gc,ref         ] GC(203) Skipped phase 1 of Reference Processing: no references
[3567.583s][debug][gc,ref         ] GC(203) ReferenceProcessor::execute queues: 1, RefProcThreadModel::Single, marks_oops_alive: false
[3567.583s][debug][gc,ref         ] GC(203) Skipped phase 3 of Reference Processing: no references
[3567.583s][debug][gc,ref         ] GC(203) ReferenceProcessor::execute queues: 1, RefProcThreadModel::Single, marks_oops_alive: false
[3567.583s][debug][gc,phases      ] GC(203) Reference Processing 0.095ms
[3567.583s][debug][gc,phases      ] GC(203)   VM Weak                        Min:  0.0, Avg:  0.0, Max:  0.0, Diff:  0.0, Sum:  0.0, Workers: 4
[3567.583s][debug][gc,phases      ] GC(203)     Dead                           Min: 0, Avg:  0.0, Max: 0, Diff: 0, Sum: 0, Workers: 4
[3567.583s][debug][gc,phases      ] GC(203)     Total                          Min: 0, Avg: 149.8, Max: 599, Diff: 599, Sum: 599, Workers: 4
[3567.583s][debug][gc,phases      ] GC(203)   ObjectSynchronizer Weak        Min:  0.0, Avg:  0.0, Max:  0.0, Diff:  0.0, Sum:  0.0, Workers: 4
[3567.583s][debug][gc,phases      ] GC(203)     Dead                           Min: 0, Avg:  0.0, Max: 0, Diff: 0, Sum: 0, Workers: 4
[3567.583s][debug][gc,phases      ] GC(203)     Total                          Min: 0, Avg: 12.8, Max: 51, Diff: 51, Sum: 51, Workers: 4
[3567.583s][debug][gc,phases      ] GC(203)   JVMTI Tag Weak OopStorage      Min:  0.0, Avg:  0.0, Max:  0.0, Diff:  0.0, Sum:  0.0, Workers: 4
[3567.583s][debug][gc,phases      ] GC(203)     Dead                           Min: 0, Avg:  0.0, Max: 0, Diff: 0, Sum: 0, Workers: 4
[3567.583s][debug][gc,phases      ] GC(203)     Total                          Min: 0, Avg:  0.0, Max: 0, Diff: 0, Sum: 0, Workers: 4
[3567.583s][debug][gc,phases      ] GC(203)   StringTable Weak               Min:  0.1, Avg:  0.1, Max:  0.1, Diff:  0.0, Sum:  0.4, Workers: 4
[3567.583s][debug][gc,phases      ] GC(203)     Dead                           Min: 0, Avg:  0.0, Max: 0, Diff: 0, Sum: 0, Workers: 4
[3567.583s][debug][gc,phases      ] GC(203)     Total                          Min: 9147, Avg: 10877.8, Max: 11517, Diff: 2370, Sum: 43511, Workers: 4
[3567.583s][debug][gc,phases      ] GC(203)   ResolvedMethodTable Weak       Min:  0.0, Avg:  0.0, Max:  0.0, Diff:  0.0, Sum:  0.1, Workers: 4
[3567.583s][debug][gc,phases      ] GC(203)     Dead                           Min: 0, Avg:  0.0, Max: 0, Diff: 0, Sum: 0, Workers: 4
[3567.583s][debug][gc,phases      ] GC(203)     Total                          Min: 2104, Avg: 2219.8, Max: 2304, Diff: 200, Sum: 8879, Workers: 4
[3567.583s][debug][gc,phases      ] GC(203)   JNI Weak                       Min:  0.0, Avg:  0.0, Max:  0.0, Diff:  0.0, Sum:  0.0, Workers: 4
[3567.583s][debug][gc,phases      ] GC(203)     Dead                           Min: 0, Avg:  0.0, Max: 0, Diff: 0, Sum: 0, Workers: 4
[3567.583s][debug][gc,phases      ] GC(203)     Total                          Min: 0, Avg: 11.2, Max: 45, Diff: 45, Sum: 45, Workers: 4
[3567.583s][debug][gc,phases      ] GC(203)   StringDedup Table Weak         Min:  0.0, Avg:  0.0, Max:  0.0, Diff:  0.0, Sum:  0.0, Workers: 4
[3567.583s][debug][gc,phases      ] GC(203)     Dead                           Min: 0, Avg:  0.0, Max: 0, Diff: 0, Sum: 0, Workers: 4
[3567.583s][debug][gc,phases      ] GC(203)     Total                          Min: 0, Avg:  0.0, Max: 0, Diff: 0, Sum: 0, Workers: 4
[3567.583s][debug][gc,phases      ] GC(203)   StringDedup Requests0 Weak     Min:  0.0, Avg:  0.0, Max:  0.0, Diff:  0.0, Sum:  0.0, Workers: 4
[3567.583s][debug][gc,phases      ] GC(203)     Dead                           Min: 0, Avg:  0.0, Max: 0, Diff: 0, Sum: 0, Workers: 4
[3567.583s][debug][gc,phases      ] GC(203)     Total                          Min: 0, Avg:  0.0, Max: 0, Diff: 0, Sum: 0, Workers: 4
[3567.583s][debug][gc,phases      ] GC(203)   StringDedup Requests1 Weak     Min:  0.0, Avg:  0.0, Max:  0.0, Diff:  0.0, Sum:  0.0, Workers: 4
[3567.583s][debug][gc,phases      ] GC(203)     Dead                           Min: 0, Avg:  0.0, Max: 0, Diff: 0, Sum: 0, Workers: 4
[3567.583s][debug][gc,phases      ] GC(203)     Total                          Min: 0, Avg:  0.0, Max: 0, Diff: 0, Sum: 0, Workers: 4
[3567.583s][debug][gc,phases      ] GC(203)   Weak JFR Old Object Samples    Min:  0.0, Avg:  0.0, Max:  0.0, Diff:  0.0, Sum:  0.0, Workers: 4
[3567.583s][debug][gc,phases      ] GC(203)     Dead                           Min: 0, Avg:  0.0, Max: 0, Diff: 0, Sum: 0, Workers: 4
[3567.583s][debug][gc,phases      ] GC(203)     Total                          Min: 0, Avg:  0.0, Max: 0, Diff: 0, Sum: 0, Workers: 4
[3567.583s][debug][gc,phases      ] GC(203) Weak Processing 0.282ms
[3567.583s][debug][gc,age         ] GC(203) Desired survivor size 45088768 bytes, new threshold 15 (max threshold 15)
[3567.583s][info ][gc,heap        ] GC(203) PSYoungGen: 2037728K(2051584K)->32704K(2050560K) Eden: 2004992K(2004992K)->0K(2004992K) From: 32736K(46592K)->32704K(45568K)
[3567.583s][info ][gc,heap        ] GC(203) ParOldGen: 396197K(432128K)->396197K(432128K)
[3567.583s][info ][gc,metaspace   ] GC(203) Metaspace: 79964K(80832K)->79964K(80832K) NonClass: 68602K(68992K)->68602K(68992K) Class: 11361K(11840K)->11361K(11840K)
[3567.583s][info ][gc             ] GC(203) Pause Young (Allocation Failure) 2376M->418M(2424M) 11.164ms
[3567.583s][info ][gc,cpu         ] GC(203) User=0.04s Sys=0.01s Real=0.01s
[3567.583s][info ][safepoint      ] Safepoint "ParallelGCFailedAllocation", Time since last: 5737262204 ns, Reaching safepoint: 100000 ns, At safepoint: 11235017 ns, Total: 11335017 ns
[3579.584s][info ][safepoint      ] Safepoint "Cleanup", Time since last: 12000740376 ns, Reaching safepoint: 45900 ns, At safepoint: 2000 ns, Total: 47900 ns
[3582.584s][info ][safepoint      ] Safepoint "Cleanup", Time since last: 3000251142 ns, Reaching safepoint: 44000 ns, At safepoint: 22800 ns, Total: 66800 ns
[3587.585s][info ][safepoint      ] Safepoint "Cleanup", Time since last: 5000367800 ns, Reaching safepoint: 45200 ns, At safepoint: 4000 ns, Total: 49200 ns
[3587.674s][info ][gc,start       ] GC(204) Pause Young (Allocation Failure)
[3587.684s][debug][gc,phases      ] GC(204) Scavenge 10.760ms
[3587.684s][debug][gc,ref         ] GC(204) Skipped phase 1 of Reference Processing: no references
[3587.684s][debug][gc,ref         ] GC(204) ReferenceProcessor::execute queues: 1, RefProcThreadModel::Single, marks_oops_alive: false
[3587.684s][debug][gc,ref         ] GC(204) Skipped phase 3 of Reference Processing: no references
[3587.684s][debug][gc,ref         ] GC(204) ReferenceProcessor::execute queues: 1, RefProcThreadModel::Single, marks_oops_alive: false
[3587.684s][debug][gc,phases      ] GC(204) Reference Processing 0.092ms
[3587.685s][debug][gc,phases      ] GC(204)   VM Weak                        Min:  0.0, Avg:  0.0, Max:  0.0, Diff:  0.0, Sum:  0.0, Workers: 4
[3587.685s][debug][gc,phases      ] GC(204)     Dead                           Min: 0, Avg:  0.0, Max: 0, Diff: 0, Sum: 0, Workers: 4
[3587.685s][debug][gc,phases      ] GC(204)     Total                          Min: 0, Avg: 149.8, Max: 512, Diff: 512, Sum: 599, Workers: 4
[3587.685s][debug][gc,phases      ] GC(204)   ObjectSynchronizer Weak        Min:  0.0, Avg:  0.0, Max:  0.0, Diff:  0.0, Sum:  0.0, Workers: 4
[3587.685s][debug][gc,phases      ] GC(204)     Dead                           Min: 0, Avg:  0.0, Max: 0, Diff: 0, Sum: 0, Workers: 4
[3587.685s][debug][gc,phases      ] GC(204)     Total                          Min: 0, Avg: 12.8, Max: 51, Diff: 51, Sum: 51, Workers: 4
[3587.685s][debug][gc,phases      ] GC(204)   JVMTI Tag Weak OopStorage      Min:  0.0, Avg:  0.0, Max:  0.0, Diff:  0.0, Sum:  0.0, Workers: 4
[3587.685s][debug][gc,phases      ] GC(204)     Dead                           Min: 0, Avg:  0.0, Max: 0, Diff: 0, Sum: 0, Workers: 4
[3587.685s][debug][gc,phases      ] GC(204)     Total                          Min: 0, Avg:  0.0, Max: 0, Diff: 0, Sum: 0, Workers: 4
[3587.685s][debug][gc,phases      ] GC(204)   StringTable Weak               Min:  0.1, Avg:  0.1, Max:  0.1, Diff:  0.0, Sum:  0.4, Workers: 4
[3587.685s][debug][gc,phases      ] GC(204)     Dead                           Min: 0, Avg:  0.0, Max: 0, Diff: 0, Sum: 0, Workers: 4
[3587.685s][debug][gc,phases      ] GC(204)     Total                          Min: 10619, Avg: 10877.8, Max: 11200, Diff: 581, Sum: 43511, Workers: 4
[3587.685s][debug][gc,phases      ] GC(204)   ResolvedMethodTable Weak       Min:  0.0, Avg:  0.0, Max:  0.1, Diff:  0.0, Sum:  0.1, Workers: 4
[3587.685s][debug][gc,phases      ] GC(204)     Dead                           Min: 0, Avg:  0.0, Max: 0, Diff: 0, Sum: 0, Workers: 4
[3587.685s][debug][gc,phases      ] GC(204)     Total                          Min: 2176, Avg: 2219.8, Max: 2238, Diff: 62, Sum: 8879, Workers: 4
[3587.685s][debug][gc,phases      ] GC(204)   JNI Weak                       Min:  0.0, Avg:  0.0, Max:  0.0, Diff:  0.0, Sum:  0.0, Workers: 4
[3587.685s][debug][gc,phases      ] GC(204)     Dead                           Min: 0, Avg:  0.0, Max: 0, Diff: 0, Sum: 0, Workers: 4
[3587.685s][debug][gc,phases      ] GC(204)     Total                          Min: 0, Avg: 11.2, Max: 45, Diff: 45, Sum: 45, Workers: 4
[3587.685s][debug][gc,phases      ] GC(204)   StringDedup Table Weak         Min:  0.0, Avg:  0.0, Max:  0.0, Diff:  0.0, Sum:  0.0, Workers: 4
[3587.685s][debug][gc,phases      ] GC(204)     Dead                           Min: 0, Avg:  0.0, Max: 0, Diff: 0, Sum: 0, Workers: 4
[3587.685s][debug][gc,phases      ] GC(204)     Total                          Min: 0, Avg:  0.0, Max: 0, Diff: 0, Sum: 0, Workers: 4
[3587.685s][debug][gc,phases      ] GC(204)   StringDedup Requests0 Weak     Min:  0.0, Avg:  0.0, Max:  0.0, Diff:  0.0, Sum:  0.0, Workers: 4
[3587.685s][debug][gc,phases      ] GC(204)     Dead                           Min: 0, Avg:  0.0, Max: 0, Diff: 0, Sum: 0, Workers: 4
[3587.685s][debug][gc,phases      ] GC(204)     Total                          Min: 0, Avg:  0.0, Max: 0, Diff: 0, Sum: 0, Workers: 4
[3587.685s][debug][gc,phases      ] GC(204)   StringDedup Requests1 Weak     Min:  0.0, Avg:  0.0, Max:  0.0, Diff:  0.0, Sum:  0.0, Workers: 4
[3587.685s][debug][gc,phases      ] GC(204)     Dead                           Min: 0, Avg:  0.0, Max: 0, Diff: 0, Sum: 0, Workers: 4
[3587.685s][debug][gc,phases      ] GC(204)     Total                          Min: 0, Avg:  0.0, Max: 0, Diff: 0, Sum: 0, Workers: 4
[3587.685s][debug][gc,phases      ] GC(204)   Weak JFR Old Object Samples    Min:  0.0, Avg:  0.0, Max:  0.0, Diff:  0.0, Sum:  0.0, Workers: 4
[3587.685s][debug][gc,phases      ] GC(204)     Dead                           Min: 0, Avg:  0.0, Max: 0, Diff: 0, Sum: 0, Workers: 4
[3587.685s][debug][gc,phases      ] GC(204)     Total                          Min: 0, Avg:  0.0, Max: 0, Diff: 0, Sum: 0, Workers: 4
[3587.685s][debug][gc,phases      ] GC(204) Weak Processing 0.369ms
[3587.685s][debug][gc,age         ] GC(204) Desired survivor size 44040192 bytes, new threshold 15 (max threshold 15)
[3587.685s][info ][gc,heap        ] GC(204) PSYoungGen: 2037696K(2050560K)->32784K(2054144K) Eden: 2004992K(2004992K)->0K(2010112K) From: 32704K(45568K)->32784K(44032K)
[3587.685s][info ][gc,heap        ] GC(204) ParOldGen: 396197K(432128K)->396221K(432128K)
[3587.685s][info ][gc,metaspace   ] GC(204) Metaspace: 79972K(80896K)->79972K(80896K) NonClass: 68610K(69056K)->68610K(69056K) Class: 11361K(11840K)->11361K(11840K)
[3587.685s][info ][gc             ] GC(204) Pause Young (Allocation Failure) 2376M->418M(2428M) 11.333ms
[3587.685s][info ][gc,cpu         ] GC(204) User=0.04s Sys=0.00s Real=0.01s
[3587.685s][info ][safepoint      ] Safepoint "ParallelGCFailedAllocation", Time since last: 88841031 ns, Reaching safepoint: 27300 ns, At safepoint: 11401917 ns, Total: 11429217 ns
[3592.685s][info ][safepoint      ] Safepoint "Cleanup", Time since last: 5000309397 ns, Reaching safepoint: 38601 ns, At safepoint: 2100 ns, Total: 40701 ns
[3601.686s][info ][safepoint      ] Safepoint "Cleanup", Time since last: 9000588708 ns, Reaching safepoint: 107500 ns, At safepoint: 7300 ns, Total: 114800 ns
[3602.686s][info ][safepoint      ] Safepoint "Cleanup", Time since last: 1000077878 ns, Reaching safepoint: 60500 ns, At safepoint: 3200 ns, Total: 63700 ns
[3604.686s][info ][safepoint      ] Safepoint "Cleanup", Time since last: 2000175456 ns, Reaching safepoint: 39300 ns, At safepoint: 3000 ns, Total: 42300 ns
[3606.472s][info ][gc,start       ] GC(205) Pause Young (Allocation Failure)
[3606.484s][debug][gc,phases      ] GC(205) Scavenge 11.593ms
[3606.484s][debug][gc,ref         ] GC(205) Skipped phase 1 of Reference Processing: no references
[3606.484s][debug][gc,ref         ] GC(205) ReferenceProcessor::execute queues: 1, RefProcThreadModel::Single, marks_oops_alive: false
[3606.484s][debug][gc,ref         ] GC(205) Skipped phase 3 of Reference Processing: no references
[3606.484s][debug][gc,ref         ] GC(205) ReferenceProcessor::execute queues: 1, RefProcThreadModel::Single, marks_oops_alive: false
[3606.484s][debug][gc,phases      ] GC(205) Reference Processing 0.115ms
[3606.484s][debug][gc,phases      ] GC(205)   VM Weak                        Min:  0.0, Avg:  0.0, Max:  0.0, Diff:  0.0, Sum:  0.0, Workers: 4
[3606.484s][debug][gc,phases      ] GC(205)     Dead                           Min: 0, Avg:  0.0, Max: 0, Diff: 0, Sum: 0, Workers: 4
[3606.484s][debug][gc,phases      ] GC(205)     Total                          Min: 0, Avg: 149.8, Max: 512, Diff: 512, Sum: 599, Workers: 4
[3606.484s][debug][gc,phases      ] GC(205)   ObjectSynchronizer Weak        Min:  0.0, Avg:  0.0, Max:  0.0, Diff:  0.0, Sum:  0.0, Workers: 4
[3606.484s][debug][gc,phases      ] GC(205)     Dead                           Min: 0, Avg:  0.5, Max: 2, Diff: 2, Sum: 2, Workers: 4
[3606.484s][debug][gc,phases      ] GC(205)     Total                          Min: 0, Avg: 13.2, Max: 53, Diff: 53, Sum: 53, Workers: 4
[3606.484s][debug][gc,phases      ] GC(205)   JVMTI Tag Weak OopStorage      Min:  0.0, Avg:  0.0, Max:  0.0, Diff:  0.0, Sum:  0.0, Workers: 4
[3606.484s][debug][gc,phases      ] GC(205)     Dead                           Min: 0, Avg:  0.0, Max: 0, Diff: 0, Sum: 0, Workers: 4
[3606.484s][debug][gc,phases      ] GC(205)     Total                          Min: 0, Avg:  0.0, Max: 0, Diff: 0, Sum: 0, Workers: 4
[3606.484s][debug][gc,phases      ] GC(205)   StringTable Weak               Min:  0.1, Avg:  0.1, Max:  0.1, Diff:  0.0, Sum:  0.4, Workers: 4
[3606.484s][debug][gc,phases      ] GC(205)     Dead                           Min: 0, Avg:  0.0, Max: 0, Diff: 0, Sum: 0, Workers: 4
[3606.484s][debug][gc,phases      ] GC(205)     Total                          Min: 9659, Avg: 10878.0, Max: 11711, Diff: 2052, Sum: 43512, Workers: 4
[3606.484s][debug][gc,phases      ] GC(205)   ResolvedMethodTable Weak       Min:  0.0, Avg:  0.0, Max:  0.0, Diff:  0.0, Sum:  0.1, Workers: 4
[3606.484s][debug][gc,phases      ] GC(205)     Dead                           Min: 0, Avg:  0.0, Max: 0, Diff: 0, Sum: 0, Workers: 4
[3606.484s][debug][gc,phases      ] GC(205)     Total                          Min: 2174, Avg: 2219.8, Max: 2298, Diff: 124, Sum: 8879, Workers: 4
[3606.484s][debug][gc,phases      ] GC(205)   JNI Weak                       Min:  0.0, Avg:  0.0, Max:  0.0, Diff:  0.0, Sum:  0.0, Workers: 4
[3606.484s][debug][gc,phases      ] GC(205)     Dead                           Min: 0, Avg:  0.0, Max: 0, Diff: 0, Sum: 0, Workers: 4
[3606.484s][debug][gc,phases      ] GC(205)     Total                          Min: 0, Avg: 11.2, Max: 45, Diff: 45, Sum: 45, Workers: 4
[3606.485s][debug][gc,phases      ] GC(205)   StringDedup Table Weak         Min:  0.0, Avg:  0.0, Max:  0.0, Diff:  0.0, Sum:  0.0, Workers: 4
[3606.485s][debug][gc,phases      ] GC(205)     Dead                           Min: 0, Avg:  0.0, Max: 0, Diff: 0, Sum: 0, Workers: 4
[3606.485s][debug][gc,phases      ] GC(205)     Total                          Min: 0, Avg:  0.0, Max: 0, Diff: 0, Sum: 0, Workers: 4
[3606.485s][debug][gc,phases      ] GC(205)   StringDedup Requests0 Weak     Min:  0.0, Avg:  0.0, Max:  0.0, Diff:  0.0, Sum:  0.0, Workers: 4
[3606.485s][debug][gc,phases      ] GC(205)     Dead                           Min: 0, Avg:  0.0, Max: 0, Diff: 0, Sum: 0, Workers: 4
[3606.485s][debug][gc,phases      ] GC(205)     Total                          Min: 0, Avg:  0.0, Max: 0, Diff: 0, Sum: 0, Workers: 4
[3606.485s][debug][gc,phases      ] GC(205)   StringDedup Requests1 Weak     Min:  0.0, Avg:  0.0, Max:  0.0, Diff:  0.0, Sum:  0.0, Workers: 4
[3606.485s][debug][gc,phases      ] GC(205)     Dead                           Min: 0, Avg:  0.0, Max: 0, Diff: 0, Sum: 0, Workers: 4
[3606.485s][debug][gc,phases      ] GC(205)     Total                          Min: 0, Avg:  0.0, Max: 0, Diff: 0, Sum: 0, Workers: 4
[3606.485s][debug][gc,phases      ] GC(205)   Weak JFR Old Object Samples    Min:  0.0, Avg:  0.0, Max:  0.0, Diff:  0.0, Sum:  0.0, Workers: 4
[3606.485s][debug][gc,phases      ] GC(205)     Dead                           Min: 0, Avg:  0.0, Max: 0, Diff: 0, Sum: 0, Workers: 4
[3606.485s][debug][gc,phases      ] GC(205)     Total                          Min: 0, Avg:  0.0, Max: 0, Diff: 0, Sum: 0, Workers: 4
[3606.485s][debug][gc,phases      ] GC(205) Weak Processing 0.304ms
[3606.485s][debug][gc,age         ] GC(205) Desired survivor size 42991616 bytes, new threshold 15 (max threshold 15)
[3606.485s][info ][gc,heap        ] GC(205) PSYoungGen: 2042896K(2054144K)->32848K(2053120K) Eden: 2010112K(2010112K)->0K(2010112K) From: 32784K(44032K)->32848K(43008K)
[3606.485s][info ][gc,heap        ] GC(205) ParOldGen: 396221K(432128K)->396245K(432128K)
[3606.485s][info ][gc,metaspace   ] GC(205) Metaspace: 79981K(80896K)->79981K(80896K) NonClass: 68619K(69056K)->68619K(69056K) Class: 11361K(11840K)->11361K(11840K)
[3606.485s][info ][gc             ] GC(205) Pause Young (Allocation Failure) 2381M->419M(2427M) 12.112ms
[3606.485s][info ][gc,cpu         ] GC(205) User=0.04s Sys=0.00s Real=0.01s
[3606.485s][info ][safepoint      ] Safepoint "ParallelGCFailedAllocation", Time since last: 1785974239 ns, Reaching safepoint: 104100 ns, At safepoint: 12190918 ns, Total: 12295018 ns
[3608.485s][info ][safepoint      ] Safepoint "Cleanup", Time since last: 2000145955 ns, Reaching safepoint: 52901 ns, At safepoint: 7600 ns, Total: 60501 ns
[3626.820s][info ][gc,start       ] GC(206) Pause Young (Allocation Failure)
[3626.832s][debug][gc,phases      ] GC(206) Scavenge 11.963ms
[3626.832s][debug][gc,ref         ] GC(206) Skipped phase 1 of Reference Processing: no references
[3626.832s][debug][gc,ref         ] GC(206) ReferenceProcessor::execute queues: 1, RefProcThreadModel::Single, marks_oops_alive: false
[3626.832s][debug][gc,ref         ] GC(206) Skipped phase 3 of Reference Processing: no references
[3626.832s][debug][gc,ref         ] GC(206) ReferenceProcessor::execute queues: 1, RefProcThreadModel::Single, marks_oops_alive: false
[3626.832s][debug][gc,phases      ] GC(206) Reference Processing 0.085ms
[3626.832s][debug][gc,phases      ] GC(206)   VM Weak                        Min:  0.0, Avg:  0.0, Max:  0.0, Diff:  0.0, Sum:  0.0, Workers: 4
[3626.832s][debug][gc,phases      ] GC(206)     Dead                           Min: 0, Avg:  0.0, Max: 0, Diff: 0, Sum: 0, Workers: 4
[3626.832s][debug][gc,phases      ] GC(206)     Total                          Min: 0, Avg: 149.8, Max: 480, Diff: 480, Sum: 599, Workers: 4
[3626.832s][debug][gc,phases      ] GC(206)   ObjectSynchronizer Weak        Min:  0.0, Avg:  0.0, Max:  0.0, Diff:  0.0, Sum:  0.0, Workers: 4
[3626.832s][debug][gc,phases      ] GC(206)     Dead                           Min: 0, Avg:  0.0, Max: 0, Diff: 0, Sum: 0, Workers: 4
[3626.832s][debug][gc,phases      ] GC(206)     Total                          Min: 0, Avg: 13.2, Max: 53, Diff: 53, Sum: 53, Workers: 4
[3626.832s][debug][gc,phases      ] GC(206)   JVMTI Tag Weak OopStorage      Min:  0.0, Avg:  0.0, Max:  0.0, Diff:  0.0, Sum:  0.0, Workers: 4
[3626.832s][debug][gc,phases      ] GC(206)     Dead                           Min: 0, Avg:  0.0, Max: 0, Diff: 0, Sum: 0, Workers: 4
[3626.832s][debug][gc,phases      ] GC(206)     Total                          Min: 0, Avg:  0.0, Max: 0, Diff: 0, Sum: 0, Workers: 4
[3626.832s][debug][gc,phases      ] GC(206)   StringTable Weak               Min:  0.1, Avg:  0.1, Max:  0.1, Diff:  0.0, Sum:  0.4, Workers: 4
[3626.832s][debug][gc,phases      ] GC(206)     Dead                           Min: 0, Avg:  0.0, Max: 0, Diff: 0, Sum: 0, Workers: 4
[3626.832s][debug][gc,phases      ] GC(206)     Total                          Min: 9792, Avg: 10878.2, Max: 11455, Diff: 1663, Sum: 43513, Workers: 4
[3626.832s][debug][gc,phases      ] GC(206)   ResolvedMethodTable Weak       Min:  0.0, Avg:  0.0, Max:  0.0, Diff:  0.0, Sum:  0.1, Workers: 4
[3626.832s][debug][gc,phases      ] GC(206)     Dead                           Min: 0, Avg:  0.0, Max: 0, Diff: 0, Sum: 0, Workers: 4
[3626.833s][debug][gc,phases      ] GC(206)     Total                          Min: 2176, Avg: 2219.8, Max: 2237, Diff: 61, Sum: 8879, Workers: 4
[3626.833s][debug][gc,phases      ] GC(206)   JNI Weak                       Min:  0.0, Avg:  0.0, Max:  0.0, Diff:  0.0, Sum:  0.0, Workers: 4
[3626.833s][debug][gc,phases      ] GC(206)     Dead                           Min: 0, Avg:  0.0, Max: 0, Diff: 0, Sum: 0, Workers: 4
[3626.833s][debug][gc,phases      ] GC(206)     Total                          Min: 0, Avg: 11.2, Max: 45, Diff: 45, Sum: 45, Workers: 4
[3626.833s][debug][gc,phases      ] GC(206)   StringDedup Table Weak         Min:  0.0, Avg:  0.0, Max:  0.0, Diff:  0.0, Sum:  0.0, Workers: 4
[3626.833s][debug][gc,phases      ] GC(206)     Dead                           Min: 0, Avg:  0.0, Max: 0, Diff: 0, Sum: 0, Workers: 4
[3626.833s][debug][gc,phases      ] GC(206)     Total                          Min: 0, Avg:  0.0, Max: 0, Diff: 0, Sum: 0, Workers: 4
[3626.833s][debug][gc,phases      ] GC(206)   StringDedup Requests0 Weak     Min:  0.0, Avg:  0.0, Max:  0.0, Diff:  0.0, Sum:  0.0, Workers: 4
[3626.833s][debug][gc,phases      ] GC(206)     Dead                           Min: 0, Avg:  0.0, Max: 0, Diff: 0, Sum: 0, Workers: 4
[3626.833s][debug][gc,phases      ] GC(206)     Total                          Min: 0, Avg:  0.0, Max: 0, Diff: 0, Sum: 0, Workers: 4
[3626.833s][debug][gc,phases      ] GC(206)   StringDedup Requests1 Weak     Min:  0.0, Avg:  0.0, Max:  0.0, Diff:  0.0, Sum:  0.0, Workers: 4
[3626.833s][debug][gc,phases      ] GC(206)     Dead                           Min: 0, Avg:  0.0, Max: 0, Diff: 0, Sum: 0, Workers: 4
[3626.833s][debug][gc,phases      ] GC(206)     Total                          Min: 0, Avg:  0.0, Max: 0, Diff: 0, Sum: 0, Workers: 4
[3626.833s][debug][gc,phases      ] GC(206)   Weak JFR Old Object Samples    Min:  0.0, Avg:  0.0, Max:  0.0, Diff:  0.0, Sum:  0.0, Workers: 4
[3626.833s][debug][gc,phases      ] GC(206)     Dead                           Min: 0, Avg:  0.0, Max: 0, Diff: 0, Sum: 0, Workers: 4
[3626.833s][debug][gc,phases      ] GC(206)     Total                          Min: 0, Avg:  0.0, Max: 0, Diff: 0, Sum: 0, Workers: 4
[3626.833s][debug][gc,phases      ] GC(206) Weak Processing 0.291ms
[3626.833s][debug][gc,age         ] GC(206) Desired survivor size 42991616 bytes, new threshold 15 (max threshold 15)
[3626.833s][info ][gc,heap        ] GC(206) PSYoungGen: 2042960K(2053120K)->28736K(2055168K) Eden: 2010111K(2010112K)->0K(2013184K) From: 32848K(43008K)->28736K(41984K)
[3626.833s][info ][gc,heap        ] GC(206) ParOldGen: 396245K(432128K)->396293K(432128K)
[3626.833s][info ][gc,metaspace   ] GC(206) Metaspace: 80000K(80896K)->80000K(80896K) NonClass: 68638K(69056K)->68638K(69056K) Class: 11361K(11840K)->11361K(11840K)
[3626.833s][info ][gc             ] GC(206) Pause Young (Allocation Failure) 2382M->415M(2429M) 12.425ms
[3626.833s][info ][gc,cpu         ] GC(206) User=0.05s Sys=0.00s Real=0.01s
[3626.833s][info ][safepoint      ] Safepoint "ParallelGCFailedAllocation", Time since last: 18335199069 ns, Reaching safepoint: 96100 ns, At safepoint: 12485119 ns, Total: 12581219 ns
[3628.833s][info ][safepoint      ] Safepoint "Cleanup", Time since last: 2000142651 ns, Reaching safepoint: 52100 ns, At safepoint: 2100 ns, Total: 54200 ns
[3644.834s][info ][safepoint      ] Safepoint "Cleanup", Time since last: 16001032891 ns, Reaching safepoint: 56900 ns, At safepoint: 7000 ns, Total: 63900 ns
[3645.834s][info ][safepoint      ] Safepoint "Cleanup", Time since last: 1000132274 ns, Reaching safepoint: 55800 ns, At safepoint: 6400 ns, Total: 62200 ns
[3646.834s][info ][safepoint      ] Safepoint "Cleanup", Time since last: 1000093674 ns, Reaching safepoint: 28500 ns, At safepoint: 2600 ns, Total: 31100 ns
[3647.834s][info ][safepoint      ] Safepoint "Cleanup", Time since last: 1000092473 ns, Reaching safepoint: 27100 ns, At safepoint: 2000 ns, Total: 29100 ns
[3650.835s][info ][safepoint      ] Safepoint "Cleanup", Time since last: 3000229420 ns, Reaching safepoint: 47700 ns, At safepoint: 7200 ns, Total: 54900 ns
[3652.868s][info ][gc,start       ] GC(207) Pause Young (Allocation Failure)
[3652.879s][debug][gc,phases      ] GC(207) Scavenge 10.971ms
[3652.879s][debug][gc,ref         ] GC(207) Skipped phase 1 of Reference Processing: no references
[3652.879s][debug][gc,ref         ] GC(207) ReferenceProcessor::execute queues: 1, RefProcThreadModel::Single, marks_oops_alive: false
[3652.879s][debug][gc,ref         ] GC(207) Skipped phase 3 of Reference Processing: no references
[3652.879s][debug][gc,ref         ] GC(207) ReferenceProcessor::execute queues: 1, RefProcThreadModel::Single, marks_oops_alive: false
[3652.879s][debug][gc,phases      ] GC(207) Reference Processing 0.087ms
[3652.879s][debug][gc,phases      ] GC(207)   VM Weak                        Min:  0.0, Avg:  0.0, Max:  0.0, Diff:  0.0, Sum:  0.0, Workers: 4
[3652.879s][debug][gc,phases      ] GC(207)     Dead                           Min: 0, Avg:  0.0, Max: 0, Diff: 0, Sum: 0, Workers: 4
[3652.879s][debug][gc,phases      ] GC(207)     Total                          Min: 0, Avg: 149.8, Max: 379, Diff: 379, Sum: 599, Workers: 4
[3652.879s][debug][gc,phases      ] GC(207)   ObjectSynchronizer Weak        Min:  0.0, Avg:  0.0, Max:  0.0, Diff:  0.0, Sum:  0.0, Workers: 4
[3652.879s][debug][gc,phases      ] GC(207)     Dead                           Min: 0, Avg:  0.0, Max: 0, Diff: 0, Sum: 0, Workers: 4
[3652.879s][debug][gc,phases      ] GC(207)     Total                          Min: 0, Avg: 13.5, Max: 54, Diff: 54, Sum: 54, Workers: 4
[3652.879s][debug][gc,phases      ] GC(207)   JVMTI Tag Weak OopStorage      Min:  0.0, Avg:  0.0, Max:  0.0, Diff:  0.0, Sum:  0.0, Workers: 4
[3652.879s][debug][gc,phases      ] GC(207)     Dead                           Min: 0, Avg:  0.0, Max: 0, Diff: 0, Sum: 0, Workers: 4
[3652.879s][debug][gc,phases      ] GC(207)     Total                          Min: 0, Avg:  0.0, Max: 0, Diff: 0, Sum: 0, Workers: 4
[3652.879s][debug][gc,phases      ] GC(207)   StringTable Weak               Min:  0.1, Avg:  0.1, Max:  0.1, Diff:  0.0, Sum:  0.4, Workers: 4
[3652.879s][debug][gc,phases      ] GC(207)     Dead                           Min: 0, Avg:  0.0, Max: 0, Diff: 0, Sum: 0, Workers: 4
[3652.879s][debug][gc,phases      ] GC(207)     Total                          Min: 10560, Avg: 10879.2, Max: 11327, Diff: 767, Sum: 43517, Workers: 4
[3652.879s][debug][gc,phases      ] GC(207)   ResolvedMethodTable Weak       Min:  0.0, Avg:  0.0, Max:  0.0, Diff:  0.0, Sum:  0.1, Workers: 4
[3652.879s][debug][gc,phases      ] GC(207)     Dead                           Min: 0, Avg:  0.0, Max: 0, Diff: 0, Sum: 0, Workers: 4
[3652.879s][debug][gc,phases      ] GC(207)     Total                          Min: 1534, Avg: 2219.8, Max: 2610, Diff: 1076, Sum: 8879, Workers: 4
[3652.879s][debug][gc,phases      ] GC(207)   JNI Weak                       Min:  0.0, Avg:  0.0, Max:  0.0, Diff:  0.0, Sum:  0.0, Workers: 4
[3652.879s][debug][gc,phases      ] GC(207)     Dead                           Min: 0, Avg:  0.0, Max: 0, Diff: 0, Sum: 0, Workers: 4
[3652.879s][debug][gc,phases      ] GC(207)     Total                          Min: 0, Avg: 11.2, Max: 45, Diff: 45, Sum: 45, Workers: 4
[3652.879s][debug][gc,phases      ] GC(207)   StringDedup Table Weak         Min:  0.0, Avg:  0.0, Max:  0.0, Diff:  0.0, Sum:  0.0, Workers: 4
[3652.879s][debug][gc,phases      ] GC(207)     Dead                           Min: 0, Avg:  0.0, Max: 0, Diff: 0, Sum: 0, Workers: 4
[3652.879s][debug][gc,phases      ] GC(207)     Total                          Min: 0, Avg:  0.0, Max: 0, Diff: 0, Sum: 0, Workers: 4
[3652.879s][debug][gc,phases      ] GC(207)   StringDedup Requests0 Weak     Min:  0.0, Avg:  0.0, Max:  0.0, Diff:  0.0, Sum:  0.0, Workers: 4
[3652.879s][debug][gc,phases      ] GC(207)     Dead                           Min: 0, Avg:  0.0, Max: 0, Diff: 0, Sum: 0, Workers: 4
[3652.879s][debug][gc,phases      ] GC(207)     Total                          Min: 0, Avg:  0.0, Max: 0, Diff: 0, Sum: 0, Workers: 4
[3652.879s][debug][gc,phases      ] GC(207)   StringDedup Requests1 Weak     Min:  0.0, Avg:  0.0, Max:  0.0, Diff:  0.0, Sum:  0.0, Workers: 4
[3652.879s][debug][gc,phases      ] GC(207)     Dead                           Min: 0, Avg:  0.0, Max: 0, Diff: 0, Sum: 0, Workers: 4
[3652.879s][debug][gc,phases      ] GC(207)     Total                          Min: 0, Avg:  0.0, Max: 0, Diff: 0, Sum: 0, Workers: 4
[3652.879s][debug][gc,phases      ] GC(207)   Weak JFR Old Object Samples    Min:  0.0, Avg:  0.0, Max:  0.0, Diff:  0.0, Sum:  0.0, Workers: 4
[3652.879s][debug][gc,phases      ] GC(207)     Dead                           Min: 0, Avg:  0.0, Max: 0, Diff: 0, Sum: 0, Workers: 4
[3652.879s][debug][gc,phases      ] GC(207)     Total                          Min: 0, Avg:  0.0, Max: 0, Diff: 0, Sum: 0, Workers: 4
[3652.879s][debug][gc,phases      ] GC(207) Weak Processing 0.292ms
[3652.879s][debug][gc,age         ] GC(207) Desired survivor size 42467328 bytes, new threshold 15 (max threshold 15)
[3652.879s][info ][gc,heap        ] GC(207) PSYoungGen: 2041920K(2055168K)->28800K(2055168K) Eden: 2013184K(2013184K)->0K(2013184K) From: 28736K(41984K)->28800K(41984K)
[3652.879s][info ][gc,heap        ] GC(207) ParOldGen: 396293K(432128K)->396361K(432128K)
[3652.879s][info ][gc,metaspace   ] GC(207) Metaspace: 80053K(80960K)->80053K(80960K) NonClass: 68687K(69120K)->68687K(69120K) Class: 11365K(11840K)->11365K(11840K)
[3652.879s][info ][gc             ] GC(207) Pause Young (Allocation Failure) 2381M->415M(2429M) 11.457ms
[3652.879s][info ][gc,cpu         ] GC(207) User=0.04s Sys=0.00s Real=0.01s
[3652.879s][info ][safepoint      ] Safepoint "ParallelGCFailedAllocation", Time since last: 2033198095 ns, Reaching safepoint: 38000 ns, At safepoint: 11520617 ns, Total: 11558617 ns
[3654.880s][info ][safepoint      ] Safepoint "Cleanup", Time since last: 2000202845 ns, Reaching safepoint: 70300 ns, At safepoint: 37201 ns, Total: 107501 ns
[3659.880s][info ][safepoint      ] Safepoint "Cleanup", Time since last: 5000362262 ns, Reaching safepoint: 53300 ns, At safepoint: 2800 ns, Total: 56100 ns
[3696.318s][info ][gc,start       ] GC(208) Pause Young (Allocation Failure)
[3696.339s][debug][gc,phases      ] GC(208) Scavenge 20.529ms
[3696.339s][debug][gc,ref         ] GC(208) Skipped phase 1 of Reference Processing: no references
[3696.339s][debug][gc,ref         ] GC(208) ReferenceProcessor::execute queues: 1, RefProcThreadModel::Single, marks_oops_alive: false
[3696.339s][debug][gc,ref         ] GC(208) ReferenceProcessor::execute queues: 4, RefProcThreadModel::Multi, marks_oops_alive: true
[3696.339s][debug][gc,ref         ] GC(208) Skipped phase 4 of Reference Processing: no references
[3696.339s][debug][gc,phases      ] GC(208) Reference Processing 0.193ms
[3696.339s][debug][gc,phases      ] GC(208)   VM Weak                        Min:  0.0, Avg:  0.0, Max:  0.0, Diff:  0.0, Sum:  0.0, Workers: 4
[3696.339s][debug][gc,phases      ] GC(208)     Dead                           Min: 0, Avg:  0.0, Max: 0, Diff: 0, Sum: 0, Workers: 4
[3696.339s][debug][gc,phases      ] GC(208)     Total                          Min: 0, Avg: 149.8, Max: 512, Diff: 512, Sum: 599, Workers: 4
[3696.339s][debug][gc,phases      ] GC(208)   ObjectSynchronizer Weak        Min:  0.0, Avg:  0.0, Max:  0.0, Diff:  0.0, Sum:  0.0, Workers: 4
[3696.339s][debug][gc,phases      ] GC(208)     Dead                           Min: 0, Avg:  0.0, Max: 0, Diff: 0, Sum: 0, Workers: 4
[3696.339s][debug][gc,phases      ] GC(208)     Total                          Min: 0, Avg: 13.5, Max: 54, Diff: 54, Sum: 54, Workers: 4
[3696.339s][debug][gc,phases      ] GC(208)   JVMTI Tag Weak OopStorage      Min:  0.0, Avg:  0.0, Max:  0.0, Diff:  0.0, Sum:  0.0, Workers: 4
[3696.339s][debug][gc,phases      ] GC(208)     Dead                           Min: 0, Avg:  0.0, Max: 0, Diff: 0, Sum: 0, Workers: 4
[3696.339s][debug][gc,phases      ] GC(208)     Total                          Min: 0, Avg:  0.0, Max: 0, Diff: 0, Sum: 0, Workers: 4
[3696.339s][debug][gc,phases      ] GC(208)   StringTable Weak               Min:  0.1, Avg:  0.1, Max:  0.1, Diff:  0.0, Sum:  0.4, Workers: 4
[3696.339s][debug][gc,phases      ] GC(208)     Dead                           Min: 0, Avg:  0.0, Max: 0, Diff: 0, Sum: 0, Workers: 4
[3696.339s][debug][gc,phases      ] GC(208)     Total                          Min: 10560, Avg: 10879.2, Max: 11072, Diff: 512, Sum: 43517, Workers: 4
[3696.339s][debug][gc,phases      ] GC(208)   ResolvedMethodTable Weak       Min:  0.0, Avg:  0.0, Max:  0.0, Diff:  0.0, Sum:  0.1, Workers: 4
[3696.339s][debug][gc,phases      ] GC(208)     Dead                           Min: 0, Avg:  0.0, Max: 0, Diff: 0, Sum: 0, Workers: 4
[3696.339s][debug][gc,phases      ] GC(208)     Total                          Min: 1401, Avg: 2219.8, Max: 2558, Diff: 1157, Sum: 8879, Workers: 4
[3696.339s][debug][gc,phases      ] GC(208)   JNI Weak                       Min:  0.0, Avg:  0.0, Max:  0.0, Diff:  0.0, Sum:  0.0, Workers: 4
[3696.339s][debug][gc,phases      ] GC(208)     Dead                           Min: 0, Avg:  0.0, Max: 0, Diff: 0, Sum: 0, Workers: 4
[3696.339s][debug][gc,phases      ] GC(208)     Total                          Min: 0, Avg: 11.2, Max: 45, Diff: 45, Sum: 45, Workers: 4
[3696.339s][debug][gc,phases      ] GC(208)   StringDedup Table Weak         Min:  0.0, Avg:  0.0, Max:  0.0, Diff:  0.0, Sum:  0.0, Workers: 4
[3696.339s][debug][gc,phases      ] GC(208)     Dead                           Min: 0, Avg:  0.0, Max: 0, Diff: 0, Sum: 0, Workers: 4
[3696.339s][debug][gc,phases      ] GC(208)     Total                          Min: 0, Avg:  0.0, Max: 0, Diff: 0, Sum: 0, Workers: 4
[3696.339s][debug][gc,phases      ] GC(208)   StringDedup Requests0 Weak     Min:  0.0, Avg:  0.0, Max:  0.0, Diff:  0.0, Sum:  0.0, Workers: 4
[3696.339s][debug][gc,phases      ] GC(208)     Dead                           Min: 0, Avg:  0.0, Max: 0, Diff: 0, Sum: 0, Workers: 4
[3696.339s][debug][gc,phases      ] GC(208)     Total                          Min: 0, Avg:  0.0, Max: 0, Diff: 0, Sum: 0, Workers: 4
[3696.339s][debug][gc,phases      ] GC(208)   StringDedup Requests1 Weak     Min:  0.0, Avg:  0.0, Max:  0.0, Diff:  0.0, Sum:  0.0, Workers: 4
[3696.339s][debug][gc,phases      ] GC(208)     Dead                           Min: 0, Avg:  0.0, Max: 0, Diff: 0, Sum: 0, Workers: 4
[3696.339s][debug][gc,phases      ] GC(208)     Total                          Min: 0, Avg:  0.0, Max: 0, Diff: 0, Sum: 0, Workers: 4
[3696.339s][debug][gc,phases      ] GC(208)   Weak JFR Old Object Samples    Min:  0.0, Avg:  0.0, Max:  0.0, Diff:  0.0, Sum:  0.0, Workers: 4
[3696.339s][debug][gc,phases      ] GC(208)     Dead                           Min: 0, Avg:  0.0, Max: 0, Diff: 0, Sum: 0, Workers: 4
[3696.339s][debug][gc,phases      ] GC(208)     Total                          Min: 0, Avg:  0.0, Max: 0, Diff: 0, Sum: 0, Workers: 4
[3696.339s][debug][gc,phases      ] GC(208) Weak Processing 0.287ms
[3696.339s][debug][gc,age         ] GC(208) Desired survivor size 46661632 bytes, new threshold 15 (max threshold 15)
[3696.339s][info ][gc,heap        ] GC(208) PSYoungGen: 2041984K(2055168K)->2512K(2047488K) Eden: 2013184K(2013184K)->0K(2006016K) From: 28800K(41984K)->2512K(41472K)
[3696.339s][info ][gc,heap        ] GC(208) ParOldGen: 396361K(432128K)->423177K(432128K)
[3696.339s][info ][gc,metaspace   ] GC(208) Metaspace: 80053K(80960K)->80053K(80960K) NonClass: 68687K(69120K)->68687K(69120K) Class: 11365K(11840K)->11365K(11840K)
[3696.339s][info ][gc             ] GC(208) Pause Young (Allocation Failure) 2381M->415M(2421M) 21.150ms
[3696.339s][info ][gc,cpu         ] GC(208) User=0.05s Sys=0.01s Real=0.02s
[3696.339s][debug][gc,phases      ] GC(209) Pre Compact 0.008ms
[3696.339s][info ][gc,start       ] GC(209) Pause Full (Ergonomics)
[3696.339s][info ][gc,phases,start] GC(209) Marking Phase
[3696.420s][debug][gc,phases      ] GC(209) Par Mark 80.806ms
[3696.420s][debug][gc,ref         ] GC(209) ReferenceProcessor::execute queues: 4, RefProcThreadModel::Multi, marks_oops_alive: true
[3696.421s][debug][gc,ref         ] GC(209) ReferenceProcessor::execute queues: 4, RefProcThreadModel::Multi, marks_oops_alive: false
[3696.421s][debug][gc,ref         ] GC(209) Skipped phase 3 of Reference Processing: no references
[3696.421s][debug][gc,ref         ] GC(209) ReferenceProcessor::execute queues: 1, RefProcThreadModel::Single, marks_oops_alive: false
[3696.421s][debug][gc,phases      ] GC(209) Reference Processing 0.571ms
[3696.421s][debug][gc,phases      ] GC(209)   VM Weak                        Min:  0.0, Avg:  0.0, Max:  0.0, Diff:  0.0, Sum:  0.0, Workers: 4
[3696.421s][debug][gc,phases      ] GC(209)     Dead                           Min: 0, Avg:  1.8, Max: 5, Diff: 5, Sum: 7, Workers: 4
[3696.421s][debug][gc,phases      ] GC(209)     Total                          Min: 0, Avg: 149.8, Max: 368, Diff: 368, Sum: 599, Workers: 4
[3696.421s][debug][gc,phases      ] GC(209)   ObjectSynchronizer Weak        Min:  0.0, Avg:  0.0, Max:  0.0, Diff:  0.0, Sum:  0.0, Workers: 4
[3696.421s][debug][gc,phases      ] GC(209)     Dead                           Min: 0, Avg:  0.0, Max: 0, Diff: 0, Sum: 0, Workers: 4
[3696.421s][debug][gc,phases      ] GC(209)     Total                          Min: 0, Avg: 13.5, Max: 54, Diff: 54, Sum: 54, Workers: 4
[3696.421s][debug][gc,phases      ] GC(209)   JVMTI Tag Weak OopStorage      Min:  0.0, Avg:  0.0, Max:  0.0, Diff:  0.0, Sum:  0.0, Workers: 4
[3696.421s][debug][gc,phases      ] GC(209)     Dead                           Min: 0, Avg:  0.0, Max: 0, Diff: 0, Sum: 0, Workers: 4
[3696.421s][debug][gc,phases      ] GC(209)     Total                          Min: 0, Avg:  0.0, Max: 0, Diff: 0, Sum: 0, Workers: 4
[3696.421s][debug][gc,phases      ] GC(209)   StringTable Weak               Min:  0.1, Avg:  0.1, Max:  0.2, Diff:  0.0, Sum:  0.6, Workers: 4
[3696.421s][debug][gc,phases      ] GC(209)     Dead                           Min: 0, Avg:  0.0, Max: 0, Diff: 0, Sum: 0, Workers: 4
[3696.421s][debug][gc,phases      ] GC(209)     Total                          Min: 10560, Avg: 10879.2, Max: 11071, Diff: 511, Sum: 43517, Workers: 4
[3696.421s][debug][gc,phases      ] GC(209)   ResolvedMethodTable Weak       Min:  0.0, Avg:  0.0, Max:  0.0, Diff:  0.0, Sum:  0.1, Workers: 4
[3696.421s][debug][gc,phases      ] GC(209)     Dead                           Min: 0, Avg:  3.5, Max: 11, Diff: 11, Sum: 14, Workers: 4
[3696.421s][debug][gc,phases      ] GC(209)     Total                          Min: 1278, Avg: 2219.8, Max: 2680, Diff: 1402, Sum: 8879, Workers: 4
[3696.421s][debug][gc,phases      ] GC(209)   JNI Weak                       Min:  0.0, Avg:  0.0, Max:  0.0, Diff:  0.0, Sum:  0.0, Workers: 4
[3696.421s][debug][gc,phases      ] GC(209)     Dead                           Min: 0, Avg:  0.0, Max: 0, Diff: 0, Sum: 0, Workers: 4
[3696.421s][debug][gc,phases      ] GC(209)     Total                          Min: 0, Avg: 11.2, Max: 45, Diff: 45, Sum: 45, Workers: 4
[3696.421s][debug][gc,phases      ] GC(209)   StringDedup Table Weak         Min:  0.0, Avg:  0.0, Max:  0.0, Diff:  0.0, Sum:  0.0, Workers: 4
[3696.421s][debug][gc,phases      ] GC(209)     Dead                           Min: 0, Avg:  0.0, Max: 0, Diff: 0, Sum: 0, Workers: 4
[3696.421s][debug][gc,phases      ] GC(209)     Total                          Min: 0, Avg:  0.0, Max: 0, Diff: 0, Sum: 0, Workers: 4
[3696.421s][debug][gc,phases      ] GC(209)   StringDedup Requests0 Weak     Min:  0.0, Avg:  0.0, Max:  0.0, Diff:  0.0, Sum:  0.0, Workers: 4
[3696.421s][debug][gc,phases      ] GC(209)     Dead                           Min: 0, Avg:  0.0, Max: 0, Diff: 0, Sum: 0, Workers: 4
[3696.421s][debug][gc,phases      ] GC(209)     Total                          Min: 0, Avg:  0.0, Max: 0, Diff: 0, Sum: 0, Workers: 4
[3696.421s][debug][gc,phases      ] GC(209)   StringDedup Requests1 Weak     Min:  0.0, Avg:  0.0, Max:  0.0, Diff:  0.0, Sum:  0.0, Workers: 4
[3696.421s][debug][gc,phases      ] GC(209)     Dead                           Min: 0, Avg:  0.0, Max: 0, Diff: 0, Sum: 0, Workers: 4
[3696.421s][debug][gc,phases      ] GC(209)     Total                          Min: 0, Avg:  0.0, Max: 0, Diff: 0, Sum: 0, Workers: 4
[3696.421s][debug][gc,phases      ] GC(209)   Weak JFR Old Object Samples    Min:  0.0, Avg:  0.0, Max:  0.0, Diff:  0.0, Sum:  0.0, Workers: 4
[3696.421s][debug][gc,phases      ] GC(209)     Dead                           Min: 0, Avg:  0.0, Max: 0, Diff: 0, Sum: 0, Workers: 4
[3696.421s][debug][gc,phases      ] GC(209)     Total                          Min: 0, Avg:  0.0, Max: 0, Diff: 0, Sum: 0, Workers: 4
[3696.421s][debug][gc,phases      ] GC(209) Weak Processing 0.323ms
[3696.421s][debug][gc,phases      ] GC(209) ClassLoaderData 0.160ms
[3696.421s][debug][gc,phases      ] GC(209) Trigger cleanups 0.008ms
[3696.449s][debug][gc,phases      ] GC(209) Class Unloading 27.906ms
[3696.449s][info ][gc,phases      ] GC(209) Marking Phase 109.756ms
[3696.449s][info ][gc,phases,start] GC(209) Summary Phase
[3696.449s][info ][gc,phases      ] GC(209) Summary Phase 0.031ms
[3696.449s][info ][gc,phases,start] GC(209) Adjust Roots
[3696.461s][info ][gc,phases      ] GC(209) Adjust Roots 12.057ms
[3696.461s][info ][gc,phases,start] GC(209) Compaction Phase
[3696.518s][info ][gc,phases      ] GC(209) Compaction Phase 56.853ms
[3696.518s][info ][gc,phases,start] GC(209) Post Compact
[3696.519s][info ][gc,phases      ] GC(209) Post Compact 0.763ms
[3696.519s][info ][gc,heap        ] GC(209) PSYoungGen: 2512K(2047488K)->0K(2051584K) Eden: 0K(2006016K)->0K(2006016K) From: 2512K(41472K)->0K(45568K)
[3696.519s][info ][gc,heap        ] GC(209) ParOldGen: 423177K(432128K)->251601K(422400K)
[3696.519s][info ][gc,metaspace   ] GC(209) Metaspace: 80053K(80960K)->80039K(80960K) NonClass: 68687K(69120K)->68677K(69120K) Class: 11365K(11840K)->11361K(11840K)
[3696.519s][info ][gc             ] GC(209) Pause Full (Ergonomics) 415M->245M(2416M) 179.669ms
[3696.519s][info ][gc,cpu         ] GC(209) User=0.55s Sys=0.00s Real=0.18s
[3696.519s][info ][safepoint      ] Safepoint "ParallelGCFailedAllocation", Time since last: 36437998077 ns, Reaching safepoint: 101700 ns, At safepoint: 200963595 ns, Total: 201065295 ns
[3728.521s][info ][safepoint      ] Safepoint "Cleanup", Time since last: 32002113654 ns, Reaching safepoint: 41301 ns, At safepoint: 3500 ns, Total: 44801 ns
[3730.522s][info ][safepoint      ] Safepoint "Cleanup", Time since last: 2000165531 ns, Reaching safepoint: 41900 ns, At safepoint: 3700 ns, Total: 45600 ns
[3739.820s][info ][gc,start       ] GC(210) Pause Young (Allocation Failure)
[3739.823s][debug][gc,phases      ] GC(210) Scavenge 2.847ms
[3739.823s][debug][gc,ref         ] GC(210) Skipped phase 1 of Reference Processing: no references
[3739.823s][debug][gc,ref         ] GC(210) Skipped phase 2 of Reference Processing: no references
[3739.823s][debug][gc,ref         ] GC(210) Skipped phase 3 of Reference Processing: no references
[3739.823s][debug][gc,ref         ] GC(210) Skipped phase 4 of Reference Processing: no references
[3739.823s][debug][gc,phases      ] GC(210) Reference Processing 0.023ms
[3739.823s][debug][gc,phases      ] GC(210)   VM Weak                        Min:  0.0, Avg:  0.0, Max:  0.0, Diff:  0.0, Sum:  0.0, Workers: 4
[3739.823s][debug][gc,phases      ] GC(210)     Dead                           Min: 0, Avg:  0.0, Max: 0, Diff: 0, Sum: 0, Workers: 4
[3739.823s][debug][gc,phases      ] GC(210)     Total                          Min: 0, Avg: 148.0, Max: 419, Diff: 419, Sum: 592, Workers: 4
[3739.823s][debug][gc,phases      ] GC(210)   ObjectSynchronizer Weak        Min:  0.0, Avg:  0.0, Max:  0.0, Diff:  0.0, Sum:  0.0, Workers: 4
[3739.823s][debug][gc,phases      ] GC(210)     Dead                           Min: 0, Avg:  0.0, Max: 0, Diff: 0, Sum: 0, Workers: 4
[3739.823s][debug][gc,phases      ] GC(210)     Total                          Min: 0, Avg: 13.5, Max: 54, Diff: 54, Sum: 54, Workers: 4
[3739.823s][debug][gc,phases      ] GC(210)   JVMTI Tag Weak OopStorage      Min:  0.0, Avg:  0.0, Max:  0.0, Diff:  0.0, Sum:  0.0, Workers: 4
[3739.823s][debug][gc,phases      ] GC(210)     Dead                           Min: 0, Avg:  0.0, Max: 0, Diff: 0, Sum: 0, Workers: 4
[3739.823s][debug][gc,phases      ] GC(210)     Total                          Min: 0, Avg:  0.0, Max: 0, Diff: 0, Sum: 0, Workers: 4
[3739.823s][debug][gc,phases      ] GC(210)   StringTable Weak               Min:  0.1, Avg:  0.1, Max:  0.1, Diff:  0.0, Sum:  0.4, Workers: 4
[3739.823s][debug][gc,phases      ] GC(210)     Dead                           Min: 0, Avg:  0.0, Max: 0, Diff: 0, Sum: 0, Workers: 4
[3739.823s][debug][gc,phases      ] GC(210)     Total                          Min: 10494, Avg: 10879.2, Max: 11264, Diff: 770, Sum: 43517, Workers: 4
[3739.823s][debug][gc,phases      ] GC(210)   ResolvedMethodTable Weak       Min:  0.0, Avg:  0.0, Max:  0.0, Diff:  0.0, Sum:  0.1, Workers: 4
[3739.823s][debug][gc,phases      ] GC(210)     Dead                           Min: 0, Avg:  0.0, Max: 0, Diff: 0, Sum: 0, Workers: 4
[3739.823s][debug][gc,phases      ] GC(210)     Total                          Min: 1594, Avg: 2219.8, Max: 2494, Diff: 900, Sum: 8879, Workers: 4
[3739.823s][debug][gc,phases      ] GC(210)   JNI Weak                       Min:  0.0, Avg:  0.0, Max:  0.0, Diff:  0.0, Sum:  0.0, Workers: 4
[3739.823s][debug][gc,phases      ] GC(210)     Dead                           Min: 0, Avg:  0.0, Max: 0, Diff: 0, Sum: 0, Workers: 4
[3739.823s][debug][gc,phases      ] GC(210)     Total                          Min: 0, Avg: 11.2, Max: 45, Diff: 45, Sum: 45, Workers: 4
[3739.823s][debug][gc,phases      ] GC(210)   StringDedup Table Weak         Min:  0.0, Avg:  0.0, Max:  0.0, Diff:  0.0, Sum:  0.0, Workers: 4
[3739.823s][debug][gc,phases      ] GC(210)     Dead                           Min: 0, Avg:  0.0, Max: 0, Diff: 0, Sum: 0, Workers: 4
[3739.823s][debug][gc,phases      ] GC(210)     Total                          Min: 0, Avg:  0.0, Max: 0, Diff: 0, Sum: 0, Workers: 4
[3739.823s][debug][gc,phases      ] GC(210)   StringDedup Requests0 Weak     Min:  0.0, Avg:  0.0, Max:  0.0, Diff:  0.0, Sum:  0.0, Workers: 4
[3739.823s][debug][gc,phases      ] GC(210)     Dead                           Min: 0, Avg:  0.0, Max: 0, Diff: 0, Sum: 0, Workers: 4
[3739.823s][debug][gc,phases      ] GC(210)     Total                          Min: 0, Avg:  0.0, Max: 0, Diff: 0, Sum: 0, Workers: 4
[3739.823s][debug][gc,phases      ] GC(210)   StringDedup Requests1 Weak     Min:  0.0, Avg:  0.0, Max:  0.0, Diff:  0.0, Sum:  0.0, Workers: 4
[3739.823s][debug][gc,phases      ] GC(210)     Dead                           Min: 0, Avg:  0.0, Max: 0, Diff: 0, Sum: 0, Workers: 4
[3739.823s][debug][gc,phases      ] GC(210)     Total                          Min: 0, Avg:  0.0, Max: 0, Diff: 0, Sum: 0, Workers: 4
[3739.823s][debug][gc,phases      ] GC(210)   Weak JFR Old Object Samples    Min:  0.0, Avg:  0.0, Max:  0.0, Diff:  0.0, Sum:  0.0, Workers: 4
[3739.823s][debug][gc,phases      ] GC(210)     Dead                           Min: 0, Avg:  0.0, Max: 0, Diff: 0, Sum: 0, Workers: 4
[3739.823s][debug][gc,phases      ] GC(210)     Total                          Min: 0, Avg:  0.0, Max: 0, Diff: 0, Sum: 0, Workers: 4
[3739.823s][debug][gc,phases      ] GC(210) Weak Processing 0.295ms
[3739.823s][debug][gc,age         ] GC(210) Desired survivor size 49807360 bytes, new threshold 15 (max threshold 15)
[3739.823s][info ][gc,heap        ] GC(210) PSYoungGen: 2006016K(2051584K)->928K(2045440K) Eden: 2006016K(2006016K)->0K(1999872K) From: 0K(45568K)->928K(45568K)
[3739.823s][info ][gc,heap        ] GC(210) ParOldGen: 251601K(422400K)->251601K(422400K)
[3739.823s][info ][gc,metaspace   ] GC(210) Metaspace: 80039K(80960K)->80039K(80960K) NonClass: 68677K(69120K)->68677K(69120K) Class: 11361K(11840K)->11361K(11840K)
[3739.823s][info ][gc             ] GC(210) Pause Young (Allocation Failure) 2204M->246M(2410M) 3.271ms
[3739.823s][info ][gc,cpu         ] GC(210) User=0.01s Sys=0.00s Real=0.00s
[3739.823s][info ][safepoint      ] Safepoint "ParallelGCFailedAllocation", Time since last: 9297878024 ns, Reaching safepoint: 120300 ns, At safepoint: 3373305 ns, Total: 3493605 ns
[3765.825s][info ][safepoint      ] Safepoint "Cleanup", Time since last: 26001668462 ns, Reaching safepoint: 42000 ns, At safepoint: 35400 ns, Total: 77400 ns
[3783.319s][info ][gc,start       ] GC(211) Pause Young (Allocation Failure)
[3783.320s][debug][gc,phases      ] GC(211) Scavenge 1.085ms
[3783.320s][debug][gc,ref         ] GC(211) Skipped phase 1 of Reference Processing: no references
[3783.320s][debug][gc,ref         ] GC(211) Skipped phase 2 of Reference Processing: no references
[3783.320s][debug][gc,ref         ] GC(211) Skipped phase 3 of Reference Processing: no references
[3783.320s][debug][gc,ref         ] GC(211) Skipped phase 4 of Reference Processing: no references
[3783.320s][debug][gc,phases      ] GC(211) Reference Processing 0.030ms
[3783.320s][debug][gc,phases      ] GC(211)   VM Weak                        Min:  0.0, Avg:  0.0, Max:  0.0, Diff:  0.0, Sum:  0.0, Workers: 4
[3783.321s][debug][gc,phases      ] GC(211)     Dead                           Min: 0, Avg:  0.0, Max: 0, Diff: 0, Sum: 0, Workers: 4
[3783.321s][debug][gc,phases      ] GC(211)     Total                          Min: 0, Avg: 148.0, Max: 498, Diff: 498, Sum: 592, Workers: 4
[3783.321s][debug][gc,phases      ] GC(211)   ObjectSynchronizer Weak        Min:  0.0, Avg:  0.0, Max:  0.0, Diff:  0.0, Sum:  0.0, Workers: 4
[3783.321s][debug][gc,phases      ] GC(211)     Dead                           Min: 0, Avg:  0.0, Max: 0, Diff: 0, Sum: 0, Workers: 4
[3783.321s][debug][gc,phases      ] GC(211)     Total                          Min: 0, Avg: 13.5, Max: 54, Diff: 54, Sum: 54, Workers: 4
[3783.321s][debug][gc,phases      ] GC(211)   JVMTI Tag Weak OopStorage      Min:  0.0, Avg:  0.0, Max:  0.0, Diff:  0.0, Sum:  0.0, Workers: 4
[3783.321s][debug][gc,phases      ] GC(211)     Dead                           Min: 0, Avg:  0.0, Max: 0, Diff: 0, Sum: 0, Workers: 4
[3783.321s][debug][gc,phases      ] GC(211)     Total                          Min: 0, Avg:  0.0, Max: 0, Diff: 0, Sum: 0, Workers: 4
[3783.321s][debug][gc,phases      ] GC(211)   StringTable Weak               Min:  0.0, Avg:  0.1, Max:  0.1, Diff:  0.1, Sum:  0.4, Workers: 4
[3783.321s][debug][gc,phases      ] GC(211)     Dead                           Min: 0, Avg:  0.0, Max: 0, Diff: 0, Sum: 0, Workers: 4
[3783.321s][debug][gc,phases      ] GC(211)     Total                          Min: 0, Avg: 10879.2, Max: 14848, Diff: 14848, Sum: 43517, Workers: 4
[3783.321s][debug][gc,phases      ] GC(211)   ResolvedMethodTable Weak       Min:  0.0, Avg:  0.0, Max:  0.0, Diff:  0.0, Sum:  0.1, Workers: 4
[3783.321s][debug][gc,phases      ] GC(211)     Dead                           Min: 0, Avg:  0.0, Max: 0, Diff: 0, Sum: 0, Workers: 4
[3783.321s][debug][gc,phases      ] GC(211)     Total                          Min: 0, Avg: 2219.8, Max: 3069, Diff: 3069, Sum: 8879, Workers: 4
[3783.321s][debug][gc,phases      ] GC(211)   JNI Weak                       Min:  0.0, Avg:  0.0, Max:  0.0, Diff:  0.0, Sum:  0.0, Workers: 4
[3783.321s][debug][gc,phases      ] GC(211)     Dead                           Min: 0, Avg:  0.0, Max: 0, Diff: 0, Sum: 0, Workers: 4
[3783.321s][debug][gc,phases      ] GC(211)     Total                          Min: 0, Avg: 11.2, Max: 45, Diff: 45, Sum: 45, Workers: 4
[3783.321s][debug][gc,phases      ] GC(211)   StringDedup Table Weak         Min:  0.0, Avg:  0.0, Max:  0.0, Diff:  0.0, Sum:  0.0, Workers: 4
[3783.321s][debug][gc,phases      ] GC(211)     Dead                           Min: 0, Avg:  0.0, Max: 0, Diff: 0, Sum: 0, Workers: 4
[3783.321s][debug][gc,phases      ] GC(211)     Total                          Min: 0, Avg:  0.0, Max: 0, Diff: 0, Sum: 0, Workers: 4
[3783.321s][debug][gc,phases      ] GC(211)   StringDedup Requests0 Weak     Min:  0.0, Avg:  0.0, Max:  0.0, Diff:  0.0, Sum:  0.0, Workers: 4
[3783.321s][debug][gc,phases      ] GC(211)     Dead                           Min: 0, Avg:  0.0, Max: 0, Diff: 0, Sum: 0, Workers: 4
[3783.321s][debug][gc,phases      ] GC(211)     Total                          Min: 0, Avg:  0.0, Max: 0, Diff: 0, Sum: 0, Workers: 4
[3783.321s][debug][gc,phases      ] GC(211)   StringDedup Requests1 Weak     Min:  0.0, Avg:  0.0, Max:  0.0, Diff:  0.0, Sum:  0.0, Workers: 4
[3783.321s][debug][gc,phases      ] GC(211)     Dead                           Min: 0, Avg:  0.0, Max: 0, Diff: 0, Sum: 0, Workers: 4
[3783.321s][debug][gc,phases      ] GC(211)     Total                          Min: 0, Avg:  0.0, Max: 0, Diff: 0, Sum: 0, Workers: 4
[3783.321s][debug][gc,phases      ] GC(211)   Weak JFR Old Object Samples    Min:  0.0, Avg:  0.0, Max:  0.0, Diff:  0.0, Sum:  0.0, Workers: 4
[3783.321s][debug][gc,phases      ] GC(211)     Dead                           Min: 0, Avg:  0.0, Max: 0, Diff: 0, Sum: 0, Workers: 4
[3783.321s][debug][gc,phases      ] GC(211)     Total                          Min: 0, Avg:  0.0, Max: 0, Diff: 0, Sum: 0, Workers: 4
[3783.321s][debug][gc,phases      ] GC(211) Weak Processing 0.433ms
[3783.321s][debug][gc,age         ] GC(211) Desired survivor size 51904512 bytes, new threshold 15 (max threshold 15)
[3783.321s][info ][gc,heap        ] GC(211) PSYoungGen: 2000800K(2045440K)->704K(2000896K) Eden: 1999872K(1999872K)->0K(1999872K) From: 928K(45568K)->704K(1024K)
[3783.321s][info ][gc,heap        ] GC(211) ParOldGen: 251601K(422400K)->251601K(422400K)
[3783.321s][info ][gc,metaspace   ] GC(211) Metaspace: 80039K(80960K)->80039K(80960K) NonClass: 68677K(69120K)->68677K(69120K) Class: 11361K(11840K)->11361K(11840K)
[3783.321s][info ][gc             ] GC(211) Pause Young (Allocation Failure) 2199M->246M(2366M) 1.664ms
[3783.321s][info ][gc,cpu         ] GC(211) User=0.01s Sys=0.00s Real=0.00s
[3783.321s][info ][safepoint      ] Safepoint "ParallelGCFailedAllocation", Time since last: 17494287579 ns, Reaching safepoint: 102700 ns, At safepoint: 1749802 ns, Total: 1852502 ns
[3826.818s][info ][gc,start       ] GC(212) Pause Young (Allocation Failure)
[3826.819s][debug][gc,phases      ] GC(212) Scavenge 1.178ms
[3826.819s][debug][gc,ref         ] GC(212) Skipped phase 1 of Reference Processing: no references
[3826.819s][debug][gc,ref         ] GC(212) Skipped phase 2 of Reference Processing: no references
[3826.819s][debug][gc,ref         ] GC(212) Skipped phase 3 of Reference Processing: no references
[3826.819s][debug][gc,ref         ] GC(212) Skipped phase 4 of Reference Processing: no references
[3826.819s][debug][gc,phases      ] GC(212) Reference Processing 0.021ms
[3826.820s][debug][gc,phases      ] GC(212)   VM Weak                        Min:  0.0, Avg:  0.0, Max:  0.0, Diff:  0.0, Sum:  0.0, Workers: 4
[3826.820s][debug][gc,phases      ] GC(212)     Dead                           Min: 0, Avg:  0.0, Max: 0, Diff: 0, Sum: 0, Workers: 4
[3826.820s][debug][gc,phases      ] GC(212)     Total                          Min: 0, Avg: 148.0, Max: 372, Diff: 372, Sum: 592, Workers: 4
[3826.820s][debug][gc,phases      ] GC(212)   ObjectSynchronizer Weak        Min:  0.0, Avg:  0.0, Max:  0.0, Diff:  0.0, Sum:  0.0, Workers: 4
[3826.820s][debug][gc,phases      ] GC(212)     Dead                           Min: 0, Avg:  0.0, Max: 0, Diff: 0, Sum: 0, Workers: 4
[3826.820s][debug][gc,phases      ] GC(212)     Total                          Min: 0, Avg: 13.5, Max: 54, Diff: 54, Sum: 54, Workers: 4
[3826.820s][debug][gc,phases      ] GC(212)   JVMTI Tag Weak OopStorage      Min:  0.0, Avg:  0.0, Max:  0.0, Diff:  0.0, Sum:  0.0, Workers: 4
[3826.820s][debug][gc,phases      ] GC(212)     Dead                           Min: 0, Avg:  0.0, Max: 0, Diff: 0, Sum: 0, Workers: 4
[3826.820s][debug][gc,phases      ] GC(212)     Total                          Min: 0, Avg:  0.0, Max: 0, Diff: 0, Sum: 0, Workers: 4
[3826.820s][debug][gc,phases      ] GC(212)   StringTable Weak               Min:  0.0, Avg:  0.1, Max:  0.2, Diff:  0.2, Sum:  0.3, Workers: 4
[3826.820s][debug][gc,phases      ] GC(212)     Dead                           Min: 0, Avg:  0.0, Max: 0, Diff: 0, Sum: 0, Workers: 4
[3826.820s][debug][gc,phases      ] GC(212)     Total                          Min: 0, Avg: 10879.2, Max: 26750, Diff: 26750, Sum: 43517, Workers: 4
[3826.820s][debug][gc,phases      ] GC(212)   ResolvedMethodTable Weak       Min:  0.0, Avg:  0.0, Max:  0.0, Diff:  0.0, Sum:  0.1, Workers: 4
[3826.820s][debug][gc,phases      ] GC(212)     Dead                           Min: 0, Avg:  0.0, Max: 0, Diff: 0, Sum: 0, Workers: 4
[3826.820s][debug][gc,phases      ] GC(212)     Total                          Min: 0, Avg: 2219.8, Max: 5496, Diff: 5496, Sum: 8879, Workers: 4
[3826.820s][debug][gc,phases      ] GC(212)   JNI Weak                       Min:  0.0, Avg:  0.0, Max:  0.0, Diff:  0.0, Sum:  0.0, Workers: 4
[3826.820s][debug][gc,phases      ] GC(212)     Dead                           Min: 0, Avg:  0.0, Max: 0, Diff: 0, Sum: 0, Workers: 4
[3826.820s][debug][gc,phases      ] GC(212)     Total                          Min: 0, Avg: 11.2, Max: 45, Diff: 45, Sum: 45, Workers: 4
[3826.820s][debug][gc,phases      ] GC(212)   StringDedup Table Weak         Min:  0.0, Avg:  0.0, Max:  0.0, Diff:  0.0, Sum:  0.0, Workers: 4
[3826.820s][debug][gc,phases      ] GC(212)     Dead                           Min: 0, Avg:  0.0, Max: 0, Diff: 0, Sum: 0, Workers: 4
[3826.820s][debug][gc,phases      ] GC(212)     Total                          Min: 0, Avg:  0.0, Max: 0, Diff: 0, Sum: 0, Workers: 4
[3826.820s][debug][gc,phases      ] GC(212)   StringDedup Requests0 Weak     Min:  0.0, Avg:  0.0, Max:  0.0, Diff:  0.0, Sum:  0.0, Workers: 4
[3826.820s][debug][gc,phases      ] GC(212)     Dead                           Min: 0, Avg:  0.0, Max: 0, Diff: 0, Sum: 0, Workers: 4
[3826.820s][debug][gc,phases      ] GC(212)     Total                          Min: 0, Avg:  0.0, Max: 0, Diff: 0, Sum: 0, Workers: 4
[3826.820s][debug][gc,phases      ] GC(212)   StringDedup Requests1 Weak     Min:  0.0, Avg:  0.0, Max:  0.0, Diff:  0.0, Sum:  0.0, Workers: 4
[3826.820s][debug][gc,phases      ] GC(212)     Dead                           Min: 0, Avg:  0.0, Max: 0, Diff: 0, Sum: 0, Workers: 4
[3826.820s][debug][gc,phases      ] GC(212)     Total                          Min: 0, Avg:  0.0, Max: 0, Diff: 0, Sum: 0, Workers: 4
[3826.820s][debug][gc,phases      ] GC(212)   Weak JFR Old Object Samples    Min:  0.0, Avg:  0.0, Max:  0.0, Diff:  0.0, Sum:  0.0, Workers: 4
[3826.820s][debug][gc,phases      ] GC(212)     Dead                           Min: 0, Avg:  0.0, Max: 0, Diff: 0, Sum: 0, Workers: 4
[3826.820s][debug][gc,phases      ] GC(212)     Total                          Min: 0, Avg:  0.0, Max: 0, Diff: 0, Sum: 0, Workers: 4
[3826.820s][debug][gc,phases      ] GC(212) Weak Processing 0.429ms
[3826.820s][debug][gc,age         ] GC(212) Desired survivor size 53477376 bytes, new threshold 15 (max threshold 15)
[3826.820s][info ][gc,heap        ] GC(212) PSYoungGen: 2000576K(2000896K)->672K(2043392K) Eden: 1999872K(1999872K)->0K(1992704K) From: 704K(1024K)->672K(50688K)
[3826.820s][info ][gc,heap        ] GC(212) ParOldGen: 251601K(422400K)->251601K(422400K)
[3826.820s][info ][gc,metaspace   ] GC(212) Metaspace: 80039K(80960K)->80039K(80960K) NonClass: 68677K(69120K)->68677K(69120K) Class: 11361K(11840K)->11361K(11840K)
[3826.820s][info ][gc             ] GC(212) Pause Young (Allocation Failure) 2199M->246M(2408M) 1.715ms
[3826.820s][info ][gc,cpu         ] GC(212) User=0.00s Sys=0.00s Real=0.00s
[3826.820s][info ][safepoint      ] Safepoint "ParallelGCFailedAllocation", Time since last: 43497309598 ns, Reaching safepoint: 26600 ns, At safepoint: 1800703 ns, Total: 1827303 ns
[3870.318s][info ][gc,start       ] GC(213) Pause Young (Allocation Failure)
[3870.320s][debug][gc,phases      ] GC(213) Scavenge 1.199ms
[3870.320s][debug][gc,ref         ] GC(213) Skipped phase 1 of Reference Processing: no references
[3870.320s][debug][gc,ref         ] GC(213) Skipped phase 2 of Reference Processing: no references
[3870.320s][debug][gc,ref         ] GC(213) Skipped phase 3 of Reference Processing: no references
[3870.320s][debug][gc,ref         ] GC(213) Skipped phase 4 of Reference Processing: no references
[3870.320s][debug][gc,phases      ] GC(213) Reference Processing 0.032ms
[3870.320s][debug][gc,phases      ] GC(213)   VM Weak                        Min:  0.0, Avg:  0.0, Max:  0.0, Diff:  0.0, Sum:  0.0, Workers: 4
[3870.320s][debug][gc,phases      ] GC(213)     Dead                           Min: 0, Avg:  0.0, Max: 0, Diff: 0, Sum: 0, Workers: 4
[3870.320s][debug][gc,phases      ] GC(213)     Total                          Min: 0, Avg: 148.0, Max: 592, Diff: 592, Sum: 592, Workers: 4
[3870.320s][debug][gc,phases      ] GC(213)   ObjectSynchronizer Weak        Min:  0.0, Avg:  0.0, Max:  0.0, Diff:  0.0, Sum:  0.0, Workers: 4
[3870.320s][debug][gc,phases      ] GC(213)     Dead                           Min: 0, Avg:  0.0, Max: 0, Diff: 0, Sum: 0, Workers: 4
[3870.320s][debug][gc,phases      ] GC(213)     Total                          Min: 0, Avg: 13.5, Max: 54, Diff: 54, Sum: 54, Workers: 4
[3870.320s][debug][gc,phases      ] GC(213)   JVMTI Tag Weak OopStorage      Min:  0.0, Avg:  0.0, Max:  0.0, Diff:  0.0, Sum:  0.0, Workers: 4
[3870.320s][debug][gc,phases      ] GC(213)     Dead                           Min: 0, Avg:  0.0, Max: 0, Diff: 0, Sum: 0, Workers: 4
[3870.320s][debug][gc,phases      ] GC(213)     Total                          Min: 0, Avg:  0.0, Max: 0, Diff: 0, Sum: 0, Workers: 4
[3870.320s][debug][gc,phases      ] GC(213)   StringTable Weak               Min:  0.0, Avg:  0.1, Max:  0.1, Diff:  0.1, Sum:  0.4, Workers: 4
[3870.320s][debug][gc,phases      ] GC(213)     Dead                           Min: 0, Avg:  0.0, Max: 0, Diff: 0, Sum: 0, Workers: 4
[3870.320s][debug][gc,phases      ] GC(213)     Total                          Min: 0, Avg: 10879.2, Max: 14718, Diff: 14718, Sum: 43517, Workers: 4
[3870.320s][debug][gc,phases      ] GC(213)   ResolvedMethodTable Weak       Min:  0.0, Avg:  0.0, Max:  0.0, Diff:  0.0, Sum:  0.1, Workers: 4
[3870.320s][debug][gc,phases      ] GC(213)     Dead                           Min: 0, Avg:  0.0, Max: 0, Diff: 0, Sum: 0, Workers: 4
[3870.320s][debug][gc,phases      ] GC(213)     Total                          Min: 0, Avg: 2219.8, Max: 3007, Diff: 3007, Sum: 8879, Workers: 4
[3870.320s][debug][gc,phases      ] GC(213)   JNI Weak                       Min:  0.0, Avg:  0.0, Max:  0.0, Diff:  0.0, Sum:  0.0, Workers: 4
[3870.320s][debug][gc,phases      ] GC(213)     Dead                           Min: 0, Avg:  0.0, Max: 0, Diff: 0, Sum: 0, Workers: 4
[3870.320s][debug][gc,phases      ] GC(213)     Total                          Min: 0, Avg: 11.2, Max: 45, Diff: 45, Sum: 45, Workers: 4
[3870.320s][debug][gc,phases      ] GC(213)   StringDedup Table Weak         Min:  0.0, Avg:  0.0, Max:  0.0, Diff:  0.0, Sum:  0.0, Workers: 4
[3870.320s][debug][gc,phases      ] GC(213)     Dead                           Min: 0, Avg:  0.0, Max: 0, Diff: 0, Sum: 0, Workers: 4
[3870.320s][debug][gc,phases      ] GC(213)     Total                          Min: 0, Avg:  0.0, Max: 0, Diff: 0, Sum: 0, Workers: 4
[3870.320s][debug][gc,phases      ] GC(213)   StringDedup Requests0 Weak     Min:  0.0, Avg:  0.0, Max:  0.0, Diff:  0.0, Sum:  0.0, Workers: 4
[3870.320s][debug][gc,phases      ] GC(213)     Dead                           Min: 0, Avg:  0.0, Max: 0, Diff: 0, Sum: 0, Workers: 4
[3870.320s][debug][gc,phases      ] GC(213)     Total                          Min: 0, Avg:  0.0, Max: 0, Diff: 0, Sum: 0, Workers: 4
[3870.320s][debug][gc,phases      ] GC(213)   StringDedup Requests1 Weak     Min:  0.0, Avg:  0.0, Max:  0.0, Diff:  0.0, Sum:  0.0, Workers: 4
[3870.320s][debug][gc,phases      ] GC(213)     Dead                           Min: 0, Avg:  0.0, Max: 0, Diff: 0, Sum: 0, Workers: 4
[3870.320s][debug][gc,phases      ] GC(213)     Total                          Min: 0, Avg:  0.0, Max: 0, Diff: 0, Sum: 0, Workers: 4
[3870.320s][debug][gc,phases      ] GC(213)   Weak JFR Old Object Samples    Min:  0.0, Avg:  0.0, Max:  0.0, Diff:  0.0, Sum:  0.0, Workers: 4
[3870.320s][debug][gc,phases      ] GC(213)     Dead                           Min: 0, Avg:  0.0, Max: 0, Diff: 0, Sum: 0, Workers: 4
[3870.320s][debug][gc,phases      ] GC(213)     Total                          Min: 0, Avg:  0.0, Max: 0, Diff: 0, Sum: 0, Workers: 4
[3870.320s][debug][gc,phases      ] GC(213) Weak Processing 0.308ms
[3870.320s][debug][gc,age         ] GC(213) Desired survivor size 54001664 bytes, new threshold 15 (max threshold 15)
[3870.320s][info ][gc,heap        ] GC(213) PSYoungGen: 1993376K(2043392K)->672K(1993728K) Eden: 1992704K(1992704K)->0K(1992704K) From: 672K(50688K)->672K(1024K)
[3870.320s][info ][gc,heap        ] GC(213) ParOldGen: 251601K(422400K)->251601K(422400K)
[3870.320s][info ][gc,metaspace   ] GC(213) Metaspace: 80039K(80960K)->80039K(80960K) NonClass: 68677K(69120K)->68677K(69120K) Class: 11361K(11840K)->11361K(11840K)
[3870.320s][info ][gc             ] GC(213) Pause Young (Allocation Failure) 2192M->246M(2359M) 1.623ms
[3870.320s][info ][gc,cpu         ] GC(213) User=0.01s Sys=0.00s Real=0.00s
[3870.320s][info ][safepoint      ] Safepoint "ParallelGCFailedAllocation", Time since last: 43498293166 ns, Reaching safepoint: 111700 ns, At safepoint: 1717002 ns, Total: 1828702 ns
[3912.323s][info ][safepoint      ] Safepoint "Cleanup", Time since last: 42002706272 ns, Reaching safepoint: 36100 ns, At safepoint: 2400 ns, Total: 38500 ns
[3913.319s][info ][gc,start       ] GC(214) Pause Young (Allocation Failure)
[3913.320s][debug][gc,phases      ] GC(214) Scavenge 1.577ms
[3913.320s][debug][gc,ref         ] GC(214) Skipped phase 1 of Reference Processing: no references
[3913.320s][debug][gc,ref         ] GC(214) Skipped phase 2 of Reference Processing: no references
[3913.320s][debug][gc,ref         ] GC(214) Skipped phase 3 of Reference Processing: no references
[3913.320s][debug][gc,ref         ] GC(214) Skipped phase 4 of Reference Processing: no references
[3913.320s][debug][gc,phases      ] GC(214) Reference Processing 0.030ms
[3913.321s][debug][gc,phases      ] GC(214)   VM Weak                        Min:  0.0, Avg:  0.0, Max:  0.0, Diff:  0.0, Sum:  0.0, Workers: 4
[3913.321s][debug][gc,phases      ] GC(214)     Dead                           Min: 0, Avg:  0.0, Max: 0, Diff: 0, Sum: 0, Workers: 4
[3913.321s][debug][gc,phases      ] GC(214)     Total                          Min: 0, Avg: 148.0, Max: 395, Diff: 395, Sum: 592, Workers: 4
[3913.321s][debug][gc,phases      ] GC(214)   ObjectSynchronizer Weak        Min:  0.0, Avg:  0.0, Max:  0.0, Diff:  0.0, Sum:  0.0, Workers: 4
[3913.321s][debug][gc,phases      ] GC(214)     Dead                           Min: 0, Avg:  0.0, Max: 0, Diff: 0, Sum: 0, Workers: 4
[3913.321s][debug][gc,phases      ] GC(214)     Total                          Min: 0, Avg: 13.5, Max: 54, Diff: 54, Sum: 54, Workers: 4
[3913.321s][debug][gc,phases      ] GC(214)   JVMTI Tag Weak OopStorage      Min:  0.0, Avg:  0.0, Max:  0.0, Diff:  0.0, Sum:  0.0, Workers: 4
[3913.321s][debug][gc,phases      ] GC(214)     Dead                           Min: 0, Avg:  0.0, Max: 0, Diff: 0, Sum: 0, Workers: 4
[3913.321s][debug][gc,phases      ] GC(214)     Total                          Min: 0, Avg:  0.0, Max: 0, Diff: 0, Sum: 0, Workers: 4
[3913.321s][debug][gc,phases      ] GC(214)   StringTable Weak               Min:  0.0, Avg:  0.1, Max:  0.2, Diff:  0.2, Sum:  0.4, Workers: 4
[3913.321s][debug][gc,phases      ] GC(214)     Dead                           Min: 0, Avg:  0.0, Max: 0, Diff: 0, Sum: 0, Workers: 4
[3913.321s][debug][gc,phases      ] GC(214)     Total                          Min: 0, Avg: 10879.2, Max: 21760, Diff: 21760, Sum: 43517, Workers: 4
[3913.321s][debug][gc,phases      ] GC(214)   ResolvedMethodTable Weak       Min:  0.0, Avg:  0.0, Max:  0.0, Diff:  0.0, Sum:  0.1, Workers: 4
[3913.321s][debug][gc,phases      ] GC(214)     Dead                           Min: 0, Avg:  0.0, Max: 0, Diff: 0, Sum: 0, Workers: 4
[3913.321s][debug][gc,phases      ] GC(214)     Total                          Min: 0, Avg: 2219.8, Max: 4468, Diff: 4468, Sum: 8879, Workers: 4
[3913.321s][debug][gc,phases      ] GC(214)   JNI Weak                       Min:  0.0, Avg:  0.0, Max:  0.0, Diff:  0.0, Sum:  0.0, Workers: 4
[3913.321s][debug][gc,phases      ] GC(214)     Dead                           Min: 0, Avg:  0.0, Max: 0, Diff: 0, Sum: 0, Workers: 4
[3913.321s][debug][gc,phases      ] GC(214)     Total                          Min: 0, Avg: 11.2, Max: 45, Diff: 45, Sum: 45, Workers: 4
[3913.321s][debug][gc,phases      ] GC(214)   StringDedup Table Weak         Min:  0.0, Avg:  0.0, Max:  0.0, Diff:  0.0, Sum:  0.0, Workers: 4
[3913.321s][debug][gc,phases      ] GC(214)     Dead                           Min: 0, Avg:  0.0, Max: 0, Diff: 0, Sum: 0, Workers: 4
[3913.321s][debug][gc,phases      ] GC(214)     Total                          Min: 0, Avg:  0.0, Max: 0, Diff: 0, Sum: 0, Workers: 4
[3913.321s][debug][gc,phases      ] GC(214)   StringDedup Requests0 Weak     Min:  0.0, Avg:  0.0, Max:  0.0, Diff:  0.0, Sum:  0.0, Workers: 4
[3913.321s][debug][gc,phases      ] GC(214)     Dead                           Min: 0, Avg:  0.0, Max: 0, Diff: 0, Sum: 0, Workers: 4
[3913.321s][debug][gc,phases      ] GC(214)     Total                          Min: 0, Avg:  0.0, Max: 0, Diff: 0, Sum: 0, Workers: 4
[3913.321s][debug][gc,phases      ] GC(214)   StringDedup Requests1 Weak     Min:  0.0, Avg:  0.0, Max:  0.0, Diff:  0.0, Sum:  0.0, Workers: 4
[3913.321s][debug][gc,phases      ] GC(214)     Dead                           Min: 0, Avg:  0.0, Max: 0, Diff: 0, Sum: 0, Workers: 4
[3913.321s][debug][gc,phases      ] GC(214)     Total                          Min: 0, Avg:  0.0, Max: 0, Diff: 0, Sum: 0, Workers: 4
[3913.321s][debug][gc,phases      ] GC(214)   Weak JFR Old Object Samples    Min:  0.0, Avg:  0.0, Max:  0.0, Diff:  0.0, Sum:  0.0, Workers: 4
[3913.321s][debug][gc,phases      ] GC(214)     Dead                           Min: 0, Avg:  0.0, Max: 0, Diff: 0, Sum: 0, Workers: 4
[3913.321s][debug][gc,phases      ] GC(214)     Total                          Min: 0, Avg:  0.0, Max: 0, Diff: 0, Sum: 0, Workers: 4
[3913.321s][debug][gc,phases      ] GC(214) Weak Processing 0.494ms
[3913.321s][debug][gc,age         ] GC(214) Desired survivor size 53477376 bytes, new threshold 15 (max threshold 15)
[3913.321s][info ][gc,heap        ] GC(214) PSYoungGen: 1993376K(1993728K)->704K(2044928K) Eden: 1992704K(1992704K)->0K(1992192K) From: 672K(1024K)->704K(52736K)
[3913.321s][info ][gc,heap        ] GC(214) ParOldGen: 251601K(422400K)->251601K(422400K)
[3913.321s][info ][gc,metaspace   ] GC(214) Metaspace: 80041K(80960K)->80041K(80960K) NonClass: 68679K(69120K)->68679K(69120K) Class: 11361K(11840K)->11361K(11840K)
[3913.321s][info ][gc             ] GC(214) Pause Young (Allocation Failure) 2192M->246M(2409M) 2.206ms
[3913.321s][info ][gc,cpu         ] GC(214) User=0.00s Sys=0.00s Real=0.00s
[3913.321s][info ][safepoint      ] Safepoint "ParallelGCFailedAllocation", Time since last: 995872646 ns, Reaching safepoint: 108301 ns, At safepoint: 2278803 ns, Total: 2387104 ns
[3956.819s][info ][gc,start       ] GC(215) Pause Young (Allocation Failure)
[3956.820s][debug][gc,phases      ] GC(215) Scavenge 1.258ms
[3956.820s][debug][gc,ref         ] GC(215) Skipped phase 1 of Reference Processing: no references
[3956.820s][debug][gc,ref         ] GC(215) Skipped phase 2 of Reference Processing: no references
[3956.820s][debug][gc,ref         ] GC(215) Skipped phase 3 of Reference Processing: no references
[3956.820s][debug][gc,ref         ] GC(215) Skipped phase 4 of Reference Processing: no references
[3956.820s][debug][gc,phases      ] GC(215) Reference Processing 0.021ms
[3956.820s][debug][gc,phases      ] GC(215)   VM Weak                        Min:  0.0, Avg:  0.0, Max:  0.0, Diff:  0.0, Sum:  0.0, Workers: 4
[3956.820s][debug][gc,phases      ] GC(215)     Dead                           Min: 0, Avg:  0.0, Max: 0, Diff: 0, Sum: 0, Workers: 4
[3956.820s][debug][gc,phases      ] GC(215)     Total                          Min: 0, Avg: 148.0, Max: 536, Diff: 536, Sum: 592, Workers: 4
[3956.820s][debug][gc,phases      ] GC(215)   ObjectSynchronizer Weak        Min:  0.0, Avg:  0.0, Max:  0.0, Diff:  0.0, Sum:  0.0, Workers: 4
[3956.820s][debug][gc,phases      ] GC(215)     Dead                           Min: 0, Avg:  0.0, Max: 0, Diff: 0, Sum: 0, Workers: 4
[3956.820s][debug][gc,phases      ] GC(215)     Total                          Min: 0, Avg: 13.5, Max: 54, Diff: 54, Sum: 54, Workers: 4
[3956.820s][debug][gc,phases      ] GC(215)   JVMTI Tag Weak OopStorage      Min:  0.0, Avg:  0.0, Max:  0.0, Diff:  0.0, Sum:  0.0, Workers: 4
[3956.820s][debug][gc,phases      ] GC(215)     Dead                           Min: 0, Avg:  0.0, Max: 0, Diff: 0, Sum: 0, Workers: 4
[3956.820s][debug][gc,phases      ] GC(215)     Total                          Min: 0, Avg:  0.0, Max: 0, Diff: 0, Sum: 0, Workers: 4
[3956.820s][debug][gc,phases      ] GC(215)   StringTable Weak               Min:  0.0, Avg:  0.1, Max:  0.1, Diff:  0.1, Sum:  0.4, Workers: 4
[3956.820s][debug][gc,phases      ] GC(215)     Dead                           Min: 0, Avg:  0.0, Max: 0, Diff: 0, Sum: 0, Workers: 4
[3956.820s][debug][gc,phases      ] GC(215)     Total                          Min: 0, Avg: 10879.2, Max: 18688, Diff: 18688, Sum: 43517, Workers: 4
[3956.820s][debug][gc,phases      ] GC(215)   ResolvedMethodTable Weak       Min:  0.0, Avg:  0.0, Max:  0.0, Diff:  0.0, Sum:  0.1, Workers: 4
[3956.820s][debug][gc,phases      ] GC(215)     Dead                           Min: 0, Avg:  0.0, Max: 0, Diff: 0, Sum: 0, Workers: 4
[3956.820s][debug][gc,phases      ] GC(215)     Total                          Min: 0, Avg: 2219.8, Max: 4914, Diff: 4914, Sum: 8879, Workers: 4
[3956.820s][debug][gc,phases      ] GC(215)   JNI Weak                       Min:  0.0, Avg:  0.0, Max:  0.0, Diff:  0.0, Sum:  0.0, Workers: 4
[3956.820s][debug][gc,phases      ] GC(215)     Dead                           Min: 0, Avg:  0.0, Max: 0, Diff: 0, Sum: 0, Workers: 4
[3956.820s][debug][gc,phases      ] GC(215)     Total                          Min: 0, Avg: 11.2, Max: 45, Diff: 45, Sum: 45, Workers: 4
[3956.820s][debug][gc,phases      ] GC(215)   StringDedup Table Weak         Min:  0.0, Avg:  0.0, Max:  0.0, Diff:  0.0, Sum:  0.0, Workers: 4
[3956.820s][debug][gc,phases      ] GC(215)     Dead                           Min: 0, Avg:  0.0, Max: 0, Diff: 0, Sum: 0, Workers: 4
[3956.820s][debug][gc,phases      ] GC(215)     Total                          Min: 0, Avg:  0.0, Max: 0, Diff: 0, Sum: 0, Workers: 4
[3956.820s][debug][gc,phases      ] GC(215)   StringDedup Requests0 Weak     Min:  0.0, Avg:  0.0, Max:  0.0, Diff:  0.0, Sum:  0.0, Workers: 4
[3956.820s][debug][gc,phases      ] GC(215)     Dead                           Min: 0, Avg:  0.0, Max: 0, Diff: 0, Sum: 0, Workers: 4
[3956.820s][debug][gc,phases      ] GC(215)     Total                          Min: 0, Avg:  0.0, Max: 0, Diff: 0, Sum: 0, Workers: 4
[3956.820s][debug][gc,phases      ] GC(215)   StringDedup Requests1 Weak     Min:  0.0, Avg:  0.0, Max:  0.0, Diff:  0.0, Sum:  0.0, Workers: 4
[3956.820s][debug][gc,phases      ] GC(215)     Dead                           Min: 0, Avg:  0.0, Max: 0, Diff: 0, Sum: 0, Workers: 4
[3956.820s][debug][gc,phases      ] GC(215)     Total                          Min: 0, Avg:  0.0, Max: 0, Diff: 0, Sum: 0, Workers: 4
[3956.820s][debug][gc,phases      ] GC(215)   Weak JFR Old Object Samples    Min:  0.0, Avg:  0.0, Max:  0.0, Diff:  0.0, Sum:  0.0, Workers: 4
[3956.820s][debug][gc,phases      ] GC(215)     Dead                           Min: 0, Avg:  0.0, Max: 0, Diff: 0, Sum: 0, Workers: 4
[3956.820s][debug][gc,phases      ] GC(215)     Total                          Min: 0, Avg:  0.0, Max: 0, Diff: 0, Sum: 0, Workers: 4
[3956.820s][debug][gc,phases      ] GC(215) Weak Processing 0.334ms
[3956.820s][debug][gc,age         ] GC(215) Desired survivor size 52953088 bytes, new threshold 15 (max threshold 15)
[3956.820s][info ][gc,heap        ] GC(215) PSYoungGen: 1992896K(2044928K)->704K(2044416K) Eden: 1992192K(1992192K)->0K(1992192K) From: 704K(52736K)->704K(52224K)
[3956.820s][info ][gc,heap        ] GC(215) ParOldGen: 251601K(422400K)->251601K(422400K)
[3956.820s][info ][gc,metaspace   ] GC(215) Metaspace: 80042K(80960K)->80042K(80960K) NonClass: 68680K(69120K)->68680K(69120K) Class: 11361K(11840K)->11361K(11840K)
[3956.820s][info ][gc             ] GC(215) Pause Young (Allocation Failure) 2191M->246M(2409M) 1.691ms
[3956.820s][info ][gc,cpu         ] GC(215) User=0.00s Sys=0.00s Real=0.00s
[3956.821s][info ][safepoint      ] Safepoint "ParallelGCFailedAllocation", Time since last: 43497501832 ns, Reaching safepoint: 171900 ns, At safepoint: 1767303 ns, Total: 1939203 ns
[4000.517s][info ][gc,start       ] GC(216) Pause Young (Allocation Failure)
[4000.518s][debug][gc,phases      ] GC(216) Scavenge 1.694ms
[4000.518s][debug][gc,ref         ] GC(216) Skipped phase 1 of Reference Processing: no references
[4000.518s][debug][gc,ref         ] GC(216) Skipped phase 2 of Reference Processing: no references
[4000.518s][debug][gc,ref         ] GC(216) Skipped phase 3 of Reference Processing: no references
[4000.518s][debug][gc,ref         ] GC(216) Skipped phase 4 of Reference Processing: no references
[4000.519s][debug][gc,phases      ] GC(216) Reference Processing 0.036ms
[4000.519s][debug][gc,phases      ] GC(216)   VM Weak                        Min:  0.0, Avg:  0.0, Max:  0.0, Diff:  0.0, Sum:  0.0, Workers: 4
[4000.519s][debug][gc,phases      ] GC(216)     Dead                           Min: 0, Avg:  0.0, Max: 0, Diff: 0, Sum: 0, Workers: 4
[4000.519s][debug][gc,phases      ] GC(216)     Total                          Min: 0, Avg: 148.0, Max: 536, Diff: 536, Sum: 592, Workers: 4
[4000.519s][debug][gc,phases      ] GC(216)   ObjectSynchronizer Weak        Min:  0.0, Avg:  0.0, Max:  0.0, Diff:  0.0, Sum:  0.0, Workers: 4
[4000.519s][debug][gc,phases      ] GC(216)     Dead                           Min: 0, Avg:  0.0, Max: 0, Diff: 0, Sum: 0, Workers: 4
[4000.519s][debug][gc,phases      ] GC(216)     Total                          Min: 0, Avg: 13.5, Max: 54, Diff: 54, Sum: 54, Workers: 4
[4000.519s][debug][gc,phases      ] GC(216)   JVMTI Tag Weak OopStorage      Min:  0.0, Avg:  0.0, Max:  0.0, Diff:  0.0, Sum:  0.0, Workers: 4
[4000.519s][debug][gc,phases      ] GC(216)     Dead                           Min: 0, Avg:  0.0, Max: 0, Diff: 0, Sum: 0, Workers: 4
[4000.519s][debug][gc,phases      ] GC(216)     Total                          Min: 0, Avg:  0.0, Max: 0, Diff: 0, Sum: 0, Workers: 4
[4000.519s][debug][gc,phases      ] GC(216)   StringTable Weak               Min:  0.0, Avg:  0.1, Max:  0.2, Diff:  0.2, Sum:  0.4, Workers: 4
[4000.519s][debug][gc,phases      ] GC(216)     Dead                           Min: 0, Avg:  0.0, Max: 0, Diff: 0, Sum: 0, Workers: 4
[4000.519s][debug][gc,phases      ] GC(216)     Total                          Min: 0, Avg: 10879.2, Max: 23295, Diff: 23295, Sum: 43517, Workers: 4
[4000.519s][debug][gc,phases      ] GC(216)   ResolvedMethodTable Weak       Min:  0.0, Avg:  0.0, Max:  0.0, Diff:  0.0, Sum:  0.1, Workers: 4
[4000.519s][debug][gc,phases      ] GC(216)     Dead                           Min: 0, Avg:  0.0, Max: 0, Diff: 0, Sum: 0, Workers: 4
[4000.519s][debug][gc,phases      ] GC(216)     Total                          Min: 0, Avg: 2219.8, Max: 4597, Diff: 4597, Sum: 8879, Workers: 4
[4000.519s][debug][gc,phases      ] GC(216)   JNI Weak                       Min:  0.0, Avg:  0.0, Max:  0.0, Diff:  0.0, Sum:  0.0, Workers: 4
[4000.519s][debug][gc,phases      ] GC(216)     Dead                           Min: 0, Avg:  0.0, Max: 0, Diff: 0, Sum: 0, Workers: 4
[4000.519s][debug][gc,phases      ] GC(216)     Total                          Min: 0, Avg: 11.2, Max: 45, Diff: 45, Sum: 45, Workers: 4
[4000.519s][debug][gc,phases      ] GC(216)   StringDedup Table Weak         Min:  0.0, Avg:  0.0, Max:  0.0, Diff:  0.0, Sum:  0.0, Workers: 4
[4000.519s][debug][gc,phases      ] GC(216)     Dead                           Min: 0, Avg:  0.0, Max: 0, Diff: 0, Sum: 0, Workers: 4
[4000.519s][debug][gc,phases      ] GC(216)     Total                          Min: 0, Avg:  0.0, Max: 0, Diff: 0, Sum: 0, Workers: 4
[4000.519s][debug][gc,phases      ] GC(216)   StringDedup Requests0 Weak     Min:  0.0, Avg:  0.0, Max:  0.0, Diff:  0.0, Sum:  0.0, Workers: 4
[4000.519s][debug][gc,phases      ] GC(216)     Dead                           Min: 0, Avg:  0.0, Max: 0, Diff: 0, Sum: 0, Workers: 4
[4000.519s][debug][gc,phases      ] GC(216)     Total                          Min: 0, Avg:  0.0, Max: 0, Diff: 0, Sum: 0, Workers: 4
[4000.519s][debug][gc,phases      ] GC(216)   StringDedup Requests1 Weak     Min:  0.0, Avg:  0.0, Max:  0.0, Diff:  0.0, Sum:  0.0, Workers: 4
[4000.519s][debug][gc,phases      ] GC(216)     Dead                           Min: 0, Avg:  0.0, Max: 0, Diff: 0, Sum: 0, Workers: 4
[4000.519s][debug][gc,phases      ] GC(216)     Total                          Min: 0, Avg:  0.0, Max: 0, Diff: 0, Sum: 0, Workers: 4
[4000.519s][debug][gc,phases      ] GC(216)   Weak JFR Old Object Samples    Min:  0.0, Avg:  0.0, Max:  0.0, Diff:  0.0, Sum:  0.0, Workers: 4
[4000.519s][debug][gc,phases      ] GC(216)     Dead                           Min: 0, Avg:  0.0, Max: 0, Diff: 0, Sum: 0, Workers: 4
[4000.519s][debug][gc,phases      ] GC(216)     Total                          Min: 0, Avg:  0.0, Max: 0, Diff: 0, Sum: 0, Workers: 4
[4000.519s][debug][gc,phases      ] GC(216) Weak Processing 0.497ms
[4000.519s][debug][gc,age         ] GC(216) Desired survivor size 51904512 bytes, new threshold 15 (max threshold 15)
[4000.519s][info ][gc,heap        ] GC(216) PSYoungGen: 1992896K(2044416K)->704K(2046464K) Eden: 1992192K(1992192K)->0K(1994752K) From: 704K(52224K)->704K(51712K)
[4000.519s][info ][gc,heap        ] GC(216) ParOldGen: 251601K(422400K)->251601K(422400K)
[4000.519s][info ][gc,metaspace   ] GC(216) Metaspace: 80046K(80960K)->80046K(80960K) NonClass: 68684K(69120K)->68684K(69120K) Class: 11361K(11840K)->11361K(11840K)
[4000.519s][info ][gc             ] GC(216) Pause Young (Allocation Failure) 2191M->246M(2411M) 2.354ms
[4000.519s][info ][gc,cpu         ] GC(216) User=0.01s Sys=0.00s Real=0.01s
[4000.519s][info ][safepoint      ] Safepoint "ParallelGCFailedAllocation", Time since last: 43696047516 ns, Reaching safepoint: 106200 ns, At safepoint: 2434004 ns, Total: 2540204 ns
[4044.116s][info ][gc,start       ] GC(217) Pause Young (Allocation Failure)
[4044.118s][debug][gc,phases      ] GC(217) Scavenge 1.230ms
[4044.118s][debug][gc,ref         ] GC(217) Skipped phase 1 of Reference Processing: no references
[4044.118s][debug][gc,ref         ] GC(217) Skipped phase 2 of Reference Processing: no references
[4044.118s][debug][gc,ref         ] GC(217) Skipped phase 3 of Reference Processing: no references
[4044.118s][debug][gc,ref         ] GC(217) Skipped phase 4 of Reference Processing: no references
[4044.118s][debug][gc,phases      ] GC(217) Reference Processing 0.035ms
[4044.118s][debug][gc,phases      ] GC(217)   VM Weak                        Min:  0.0, Avg:  0.0, Max:  0.0, Diff:  0.0, Sum:  0.0, Workers: 4
[4044.118s][debug][gc,phases      ] GC(217)     Dead                           Min: 0, Avg:  0.0, Max: 0, Diff: 0, Sum: 0, Workers: 4
[4044.118s][debug][gc,phases      ] GC(217)     Total                          Min: 0, Avg: 148.0, Max: 473, Diff: 473, Sum: 592, Workers: 4
[4044.118s][debug][gc,phases      ] GC(217)   ObjectSynchronizer Weak        Min:  0.0, Avg:  0.0, Max:  0.0, Diff:  0.0, Sum:  0.0, Workers: 4
[4044.118s][debug][gc,phases      ] GC(217)     Dead                           Min: 0, Avg:  0.0, Max: 0, Diff: 0, Sum: 0, Workers: 4
[4044.118s][debug][gc,phases      ] GC(217)     Total                          Min: 0, Avg: 13.5, Max: 54, Diff: 54, Sum: 54, Workers: 4
[4044.118s][debug][gc,phases      ] GC(217)   JVMTI Tag Weak OopStorage      Min:  0.0, Avg:  0.0, Max:  0.0, Diff:  0.0, Sum:  0.0, Workers: 4
[4044.118s][debug][gc,phases      ] GC(217)     Dead                           Min: 0, Avg:  0.0, Max: 0, Diff: 0, Sum: 0, Workers: 4
[4044.118s][debug][gc,phases      ] GC(217)     Total                          Min: 0, Avg:  0.0, Max: 0, Diff: 0, Sum: 0, Workers: 4
[4044.118s][debug][gc,phases      ] GC(217)   StringTable Weak               Min:  0.0, Avg:  0.1, Max:  0.1, Diff:  0.1, Sum:  0.4, Workers: 4
[4044.118s][debug][gc,phases      ] GC(217)     Dead                           Min: 0, Avg:  0.0, Max: 0, Diff: 0, Sum: 0, Workers: 4
[4044.118s][debug][gc,phases      ] GC(217)     Total                          Min: 0, Avg: 10879.2, Max: 14589, Diff: 14589, Sum: 43517, Workers: 4
[4044.118s][debug][gc,phases      ] GC(217)   ResolvedMethodTable Weak       Min:  0.0, Avg:  0.0, Max:  0.0, Diff:  0.0, Sum:  0.1, Workers: 4
[4044.118s][debug][gc,phases      ] GC(217)     Dead                           Min: 0, Avg:  0.0, Max: 0, Diff: 0, Sum: 0, Workers: 4
[4044.118s][debug][gc,phases      ] GC(217)     Total                          Min: 0, Avg: 2219.8, Max: 3067, Diff: 3067, Sum: 8879, Workers: 4
[4044.118s][debug][gc,phases      ] GC(217)   JNI Weak                       Min:  0.0, Avg:  0.0, Max:  0.0, Diff:  0.0, Sum:  0.0, Workers: 4
[4044.118s][debug][gc,phases      ] GC(217)     Dead                           Min: 0, Avg:  0.0, Max: 0, Diff: 0, Sum: 0, Workers: 4
[4044.118s][debug][gc,phases      ] GC(217)     Total                          Min: 0, Avg: 11.2, Max: 45, Diff: 45, Sum: 45, Workers: 4
[4044.118s][debug][gc,phases      ] GC(217)   StringDedup Table Weak         Min:  0.0, Avg:  0.0, Max:  0.0, Diff:  0.0, Sum:  0.0, Workers: 4
[4044.118s][debug][gc,phases      ] GC(217)     Dead                           Min: 0, Avg:  0.0, Max: 0, Diff: 0, Sum: 0, Workers: 4
[4044.118s][debug][gc,phases      ] GC(217)     Total                          Min: 0, Avg:  0.0, Max: 0, Diff: 0, Sum: 0, Workers: 4
[4044.118s][debug][gc,phases      ] GC(217)   StringDedup Requests0 Weak     Min:  0.0, Avg:  0.0, Max:  0.0, Diff:  0.0, Sum:  0.0, Workers: 4
[4044.118s][debug][gc,phases      ] GC(217)     Dead                           Min: 0, Avg:  0.0, Max: 0, Diff: 0, Sum: 0, Workers: 4
[4044.118s][debug][gc,phases      ] GC(217)     Total                          Min: 0, Avg:  0.0, Max: 0, Diff: 0, Sum: 0, Workers: 4
[4044.118s][debug][gc,phases      ] GC(217)   StringDedup Requests1 Weak     Min:  0.0, Avg:  0.0, Max:  0.0, Diff:  0.0, Sum:  0.0, Workers: 4
[4044.118s][debug][gc,phases      ] GC(217)     Dead                           Min: 0, Avg:  0.0, Max: 0, Diff: 0, Sum: 0, Workers: 4
[4044.118s][debug][gc,phases      ] GC(217)     Total                          Min: 0, Avg:  0.0, Max: 0, Diff: 0, Sum: 0, Workers: 4
[4044.118s][debug][gc,phases      ] GC(217)   Weak JFR Old Object Samples    Min:  0.0, Avg:  0.0, Max:  0.0, Diff:  0.0, Sum:  0.0, Workers: 4
[4044.118s][debug][gc,phases      ] GC(217)     Dead                           Min: 0, Avg:  0.0, Max: 0, Diff: 0, Sum: 0, Workers: 4
[4044.118s][debug][gc,phases      ] GC(217)     Total                          Min: 0, Avg:  0.0, Max: 0, Diff: 0, Sum: 0, Workers: 4
[4044.118s][debug][gc,phases      ] GC(217) Weak Processing 0.355ms
[4044.118s][debug][gc,age         ] GC(217) Desired survivor size 50331648 bytes, new threshold 15 (max threshold 15)
[4044.118s][info ][gc,heap        ] GC(217) PSYoungGen: 1995456K(2046464K)->704K(2045440K) Eden: 1994752K(1994752K)->0K(1994752K) From: 704K(51712K)->704K(50688K)
[4044.118s][info ][gc,heap        ] GC(217) ParOldGen: 251601K(422400K)->251601K(422400K)
[4044.118s][info ][gc,metaspace   ] GC(217) Metaspace: 80050K(80960K)->80050K(80960K) NonClass: 68688K(69120K)->68688K(69120K) Class: 11361K(11840K)->11361K(11840K)
[4044.118s][info ][gc             ] GC(217) Pause Young (Allocation Failure) 2194M->246M(2410M) 1.713ms
[4044.118s][info ][gc,cpu         ] GC(217) User=0.00s Sys=0.00s Real=0.01s
[4044.118s][info ][safepoint      ] Safepoint "ParallelGCFailedAllocation", Time since last: 43597221878 ns, Reaching safepoint: 41600 ns, At safepoint: 1807402 ns, Total: 1849002 ns
[4087.967s][info ][gc,start       ] GC(218) Pause Young (Allocation Failure)
[4087.968s][debug][gc,phases      ] GC(218) Scavenge 1.260ms
[4087.968s][debug][gc,ref         ] GC(218) Skipped phase 1 of Reference Processing: no references
[4087.968s][debug][gc,ref         ] GC(218) Skipped phase 2 of Reference Processing: no references
[4087.968s][debug][gc,ref         ] GC(218) Skipped phase 3 of Reference Processing: no references
[4087.968s][debug][gc,ref         ] GC(218) Skipped phase 4 of Reference Processing: no references
[4087.968s][debug][gc,phases      ] GC(218) Reference Processing 0.022ms
[4087.969s][debug][gc,phases      ] GC(218)   VM Weak                        Min:  0.0, Avg:  0.0, Max:  0.0, Diff:  0.0, Sum:  0.0, Workers: 4
[4087.969s][debug][gc,phases      ] GC(218)     Dead                           Min: 0, Avg:  0.0, Max: 0, Diff: 0, Sum: 0, Workers: 4
[4087.969s][debug][gc,phases      ] GC(218)     Total                          Min: 0, Avg: 148.0, Max: 230, Diff: 230, Sum: 592, Workers: 4
[4087.969s][debug][gc,phases      ] GC(218)   ObjectSynchronizer Weak        Min:  0.0, Avg:  0.0, Max:  0.0, Diff:  0.0, Sum:  0.0, Workers: 4
[4087.969s][debug][gc,phases      ] GC(218)     Dead                           Min: 0, Avg:  0.0, Max: 0, Diff: 0, Sum: 0, Workers: 4
[4087.969s][debug][gc,phases      ] GC(218)     Total                          Min: 0, Avg: 13.5, Max: 54, Diff: 54, Sum: 54, Workers: 4
[4087.969s][debug][gc,phases      ] GC(218)   JVMTI Tag Weak OopStorage      Min:  0.0, Avg:  0.0, Max:  0.0, Diff:  0.0, Sum:  0.0, Workers: 4
[4087.969s][debug][gc,phases      ] GC(218)     Dead                           Min: 0, Avg:  0.0, Max: 0, Diff: 0, Sum: 0, Workers: 4
[4087.969s][debug][gc,phases      ] GC(218)     Total                          Min: 0, Avg:  0.0, Max: 0, Diff: 0, Sum: 0, Workers: 4
[4087.969s][debug][gc,phases      ] GC(218)   StringTable Weak               Min:  0.0, Avg:  0.1, Max:  0.1, Diff:  0.1, Sum:  0.4, Workers: 4
[4087.969s][debug][gc,phases      ] GC(218)     Dead                           Min: 0, Avg:  0.0, Max: 0, Diff: 0, Sum: 0, Workers: 4
[4087.969s][debug][gc,phases      ] GC(218)     Total                          Min: 0, Avg: 10879.2, Max: 14592, Diff: 14592, Sum: 43517, Workers: 4
[4087.969s][debug][gc,phases      ] GC(218)   ResolvedMethodTable Weak       Min:  0.0, Avg:  0.0, Max:  0.0, Diff:  0.0, Sum:  0.1, Workers: 4
[4087.969s][debug][gc,phases      ] GC(218)     Dead                           Min: 0, Avg:  0.0, Max: 0, Diff: 0, Sum: 0, Workers: 4
[4087.969s][debug][gc,phases      ] GC(218)     Total                          Min: 0, Avg: 2219.8, Max: 3070, Diff: 3070, Sum: 8879, Workers: 4
[4087.969s][debug][gc,phases      ] GC(218)   JNI Weak                       Min:  0.0, Avg:  0.0, Max:  0.0, Diff:  0.0, Sum:  0.0, Workers: 4
[4087.969s][debug][gc,phases      ] GC(218)     Dead                           Min: 0, Avg:  0.0, Max: 0, Diff: 0, Sum: 0, Workers: 4
[4087.969s][debug][gc,phases      ] GC(218)     Total                          Min: 0, Avg: 11.2, Max: 45, Diff: 45, Sum: 45, Workers: 4
[4087.969s][debug][gc,phases      ] GC(218)   StringDedup Table Weak         Min:  0.0, Avg:  0.0, Max:  0.0, Diff:  0.0, Sum:  0.0, Workers: 4
[4087.969s][debug][gc,phases      ] GC(218)     Dead                           Min: 0, Avg:  0.0, Max: 0, Diff: 0, Sum: 0, Workers: 4
[4087.969s][debug][gc,phases      ] GC(218)     Total                          Min: 0, Avg:  0.0, Max: 0, Diff: 0, Sum: 0, Workers: 4
[4087.969s][debug][gc,phases      ] GC(218)   StringDedup Requests0 Weak     Min:  0.0, Avg:  0.0, Max:  0.0, Diff:  0.0, Sum:  0.0, Workers: 4
[4087.969s][debug][gc,phases      ] GC(218)     Dead                           Min: 0, Avg:  0.0, Max: 0, Diff: 0, Sum: 0, Workers: 4
[4087.969s][debug][gc,phases      ] GC(218)     Total                          Min: 0, Avg:  0.0, Max: 0, Diff: 0, Sum: 0, Workers: 4
[4087.969s][debug][gc,phases      ] GC(218)   StringDedup Requests1 Weak     Min:  0.0, Avg:  0.0, Max:  0.0, Diff:  0.0, Sum:  0.0, Workers: 4
[4087.969s][debug][gc,phases      ] GC(218)     Dead                           Min: 0, Avg:  0.0, Max: 0, Diff: 0, Sum: 0, Workers: 4
[4087.969s][debug][gc,phases      ] GC(218)     Total                          Min: 0, Avg:  0.0, Max: 0, Diff: 0, Sum: 0, Workers: 4
[4087.969s][debug][gc,phases      ] GC(218)   Weak JFR Old Object Samples    Min:  0.0, Avg:  0.0, Max:  0.0, Diff:  0.0, Sum:  0.0, Workers: 4
[4087.969s][debug][gc,phases      ] GC(218)     Dead                           Min: 0, Avg:  0.0, Max: 0, Diff: 0, Sum: 0, Workers: 4
[4087.969s][debug][gc,phases      ] GC(218)     Total                          Min: 0, Avg:  0.0, Max: 0, Diff: 0, Sum: 0, Workers: 4
[4087.969s][debug][gc,phases      ] GC(218) Weak Processing 0.337ms
[4087.969s][debug][gc,age         ] GC(218) Desired survivor size 48758784 bytes, new threshold 15 (max threshold 15)
[4087.969s][info ][gc,heap        ] GC(218) PSYoungGen: 1995456K(2045440K)->736K(2049536K) Eden: 1994752K(1994752K)->0K(2000384K) From: 704K(50688K)->736K(49152K)
[4087.969s][info ][gc,heap        ] GC(218) ParOldGen: 251601K(422400K)->251601K(422400K)
[4087.969s][info ][gc,metaspace   ] GC(218) Metaspace: 80062K(80960K)->80062K(80960K) NonClass: 68700K(69120K)->68700K(69120K) Class: 11361K(11840K)->11361K(11840K)
[4087.969s][info ][gc             ] GC(218) Pause Young (Allocation Failure) 2194M->246M(2414M) 1.712ms
[4087.969s][info ][gc,cpu         ] GC(218) User=0.00s Sys=0.00s Real=0.00s
[4087.969s][info ][safepoint      ] Safepoint "ParallelGCFailedAllocation", Time since last: 43848787254 ns, Reaching safepoint: 28100 ns, At safepoint: 1769303 ns, Total: 1797403 ns
[4110.970s][info ][safepoint      ] Safepoint "Cleanup", Time since last: 23001496200 ns, Reaching safepoint: 27600 ns, At safepoint: 25100 ns, Total: 52700 ns
[4131.868s][info ][gc,start       ] GC(219) Pause Young (Allocation Failure)
[4131.869s][debug][gc,phases      ] GC(219) Scavenge 1.181ms
[4131.869s][debug][gc,ref         ] GC(219) Skipped phase 1 of Reference Processing: no references
[4131.869s][debug][gc,ref         ] GC(219) Skipped phase 2 of Reference Processing: no references
[4131.869s][debug][gc,ref         ] GC(219) Skipped phase 3 of Reference Processing: no references
[4131.869s][debug][gc,ref         ] GC(219) Skipped phase 4 of Reference Processing: no references
[4131.869s][debug][gc,phases      ] GC(219) Reference Processing 0.034ms
[4131.870s][debug][gc,phases      ] GC(219)   VM Weak                        Min:  0.0, Avg:  0.0, Max:  0.0, Diff:  0.0, Sum:  0.0, Workers: 4
[4131.870s][debug][gc,phases      ] GC(219)     Dead                           Min: 0, Avg:  0.0, Max: 0, Diff: 0, Sum: 0, Workers: 4
[4131.870s][debug][gc,phases      ] GC(219)     Total                          Min: 0, Avg: 148.0, Max: 451, Diff: 451, Sum: 592, Workers: 4
[4131.870s][debug][gc,phases      ] GC(219)   ObjectSynchronizer Weak        Min:  0.0, Avg:  0.0, Max:  0.0, Diff:  0.0, Sum:  0.0, Workers: 4
[4131.870s][debug][gc,phases      ] GC(219)     Dead                           Min: 0, Avg:  0.0, Max: 0, Diff: 0, Sum: 0, Workers: 4
[4131.870s][debug][gc,phases      ] GC(219)     Total                          Min: 0, Avg: 13.5, Max: 54, Diff: 54, Sum: 54, Workers: 4
[4131.870s][debug][gc,phases      ] GC(219)   JVMTI Tag Weak OopStorage      Min:  0.0, Avg:  0.0, Max:  0.0, Diff:  0.0, Sum:  0.0, Workers: 4
[4131.870s][debug][gc,phases      ] GC(219)     Dead                           Min: 0, Avg:  0.0, Max: 0, Diff: 0, Sum: 0, Workers: 4
[4131.870s][debug][gc,phases      ] GC(219)     Total                          Min: 0, Avg:  0.0, Max: 0, Diff: 0, Sum: 0, Workers: 4
[4131.870s][debug][gc,phases      ] GC(219)   StringTable Weak               Min:  0.0, Avg:  0.1, Max:  0.2, Diff:  0.2, Sum:  0.4, Workers: 4
[4131.870s][debug][gc,phases      ] GC(219)     Dead                           Min: 0, Avg:  0.0, Max: 0, Diff: 0, Sum: 0, Workers: 4
[4131.870s][debug][gc,phases      ] GC(219)     Total                          Min: 0, Avg: 10879.2, Max: 21888, Diff: 21888, Sum: 43517, Workers: 4
[4131.870s][debug][gc,phases      ] GC(219)   ResolvedMethodTable Weak       Min:  0.0, Avg:  0.0, Max:  0.0, Diff:  0.0, Sum:  0.1, Workers: 4
[4131.870s][debug][gc,phases      ] GC(219)     Dead                           Min: 0, Avg:  0.0, Max: 0, Diff: 0, Sum: 0, Workers: 4
[4131.870s][debug][gc,phases      ] GC(219)     Total                          Min: 0, Avg: 2219.8, Max: 4593, Diff: 4593, Sum: 8879, Workers: 4
[4131.870s][debug][gc,phases      ] GC(219)   JNI Weak                       Min:  0.0, Avg:  0.0, Max:  0.0, Diff:  0.0, Sum:  0.0, Workers: 4
[4131.870s][debug][gc,phases      ] GC(219)     Dead                           Min: 0, Avg:  0.0, Max: 0, Diff: 0, Sum: 0, Workers: 4
[4131.870s][debug][gc,phases      ] GC(219)     Total                          Min: 0, Avg: 11.2, Max: 45, Diff: 45, Sum: 45, Workers: 4
[4131.870s][debug][gc,phases      ] GC(219)   StringDedup Table Weak         Min:  0.0, Avg:  0.0, Max:  0.0, Diff:  0.0, Sum:  0.0, Workers: 4
[4131.870s][debug][gc,phases      ] GC(219)     Dead                           Min: 0, Avg:  0.0, Max: 0, Diff: 0, Sum: 0, Workers: 4
[4131.870s][debug][gc,phases      ] GC(219)     Total                          Min: 0, Avg:  0.0, Max: 0, Diff: 0, Sum: 0, Workers: 4
[4131.870s][debug][gc,phases      ] GC(219)   StringDedup Requests0 Weak     Min:  0.0, Avg:  0.0, Max:  0.0, Diff:  0.0, Sum:  0.0, Workers: 4
[4131.870s][debug][gc,phases      ] GC(219)     Dead                           Min: 0, Avg:  0.0, Max: 0, Diff: 0, Sum: 0, Workers: 4
[4131.870s][debug][gc,phases      ] GC(219)     Total                          Min: 0, Avg:  0.0, Max: 0, Diff: 0, Sum: 0, Workers: 4
[4131.870s][debug][gc,phases      ] GC(219)   StringDedup Requests1 Weak     Min:  0.0, Avg:  0.0, Max:  0.0, Diff:  0.0, Sum:  0.0, Workers: 4
[4131.870s][debug][gc,phases      ] GC(219)     Dead                           Min: 0, Avg:  0.0, Max: 0, Diff: 0, Sum: 0, Workers: 4
[4131.870s][debug][gc,phases      ] GC(219)     Total                          Min: 0, Avg:  0.0, Max: 0, Diff: 0, Sum: 0, Workers: 4
[4131.870s][debug][gc,phases      ] GC(219)   Weak JFR Old Object Samples    Min:  0.0, Avg:  0.0, Max:  0.0, Diff:  0.0, Sum:  0.0, Workers: 4
[4131.870s][debug][gc,phases      ] GC(219)     Dead                           Min: 0, Avg:  0.0, Max: 0, Diff: 0, Sum: 0, Workers: 4
[4131.870s][debug][gc,phases      ] GC(219)     Total                          Min: 0, Avg:  0.0, Max: 0, Diff: 0, Sum: 0, Workers: 4
[4131.870s][debug][gc,phases      ] GC(219) Weak Processing 0.494ms
[4131.870s][debug][gc,age         ] GC(219) Desired survivor size 47185920 bytes, new threshold 15 (max threshold 15)
[4131.870s][info ][gc,heap        ] GC(219) PSYoungGen: 2001120K(2049536K)->736K(2048000K) Eden: 2000384K(2000384K)->0K(2000384K) From: 736K(49152K)->736K(47616K)
[4131.870s][info ][gc,heap        ] GC(219) ParOldGen: 251601K(422400K)->251601K(422400K)
[4131.870s][info ][gc,metaspace   ] GC(219) Metaspace: 80062K(80960K)->80062K(80960K) NonClass: 68700K(69120K)->68700K(69120K) Class: 11361K(11840K)->11361K(11840K)
[4131.870s][info ][gc             ] GC(219) Pause Young (Allocation Failure) 2199M->246M(2412M) 1.839ms
[4131.870s][info ][gc,cpu         ] GC(219) User=0.00s Sys=0.00s Real=0.00s
[4131.870s][info ][safepoint      ] Safepoint "ParallelGCFailedAllocation", Time since last: 20897758546 ns, Reaching safepoint: 26000 ns, At safepoint: 1905002 ns, Total: 1931002 ns
[4175.319s][info ][gc,start       ] GC(220) Pause Young (Allocation Failure)
[4175.321s][debug][gc,phases      ] GC(220) Scavenge 1.355ms
[4175.321s][debug][gc,ref         ] GC(220) Skipped phase 1 of Reference Processing: no references
[4175.321s][debug][gc,ref         ] GC(220) Skipped phase 2 of Reference Processing: no references
[4175.321s][debug][gc,ref         ] GC(220) Skipped phase 3 of Reference Processing: no references
[4175.321s][debug][gc,ref         ] GC(220) Skipped phase 4 of Reference Processing: no references
[4175.321s][debug][gc,phases      ] GC(220) Reference Processing 0.034ms
[4175.321s][debug][gc,phases      ] GC(220)   VM Weak                        Min:  0.0, Avg:  0.0, Max:  0.0, Diff:  0.0, Sum:  0.0, Workers: 4
[4175.321s][debug][gc,phases      ] GC(220)     Dead                           Min: 0, Avg:  0.0, Max: 0, Diff: 0, Sum: 0, Workers: 4
[4175.321s][debug][gc,phases      ] GC(220)     Total                          Min: 0, Avg: 148.0, Max: 505, Diff: 505, Sum: 592, Workers: 4
[4175.321s][debug][gc,phases      ] GC(220)   ObjectSynchronizer Weak        Min:  0.0, Avg:  0.0, Max:  0.0, Diff:  0.0, Sum:  0.0, Workers: 4
[4175.321s][debug][gc,phases      ] GC(220)     Dead                           Min: 0, Avg:  0.0, Max: 0, Diff: 0, Sum: 0, Workers: 4
[4175.321s][debug][gc,phases      ] GC(220)     Total                          Min: 0, Avg: 13.5, Max: 54, Diff: 54, Sum: 54, Workers: 4
[4175.321s][debug][gc,phases      ] GC(220)   JVMTI Tag Weak OopStorage      Min:  0.0, Avg:  0.0, Max:  0.0, Diff:  0.0, Sum:  0.0, Workers: 4
[4175.321s][debug][gc,phases      ] GC(220)     Dead                           Min: 0, Avg:  0.0, Max: 0, Diff: 0, Sum: 0, Workers: 4
[4175.321s][debug][gc,phases      ] GC(220)     Total                          Min: 0, Avg:  0.0, Max: 0, Diff: 0, Sum: 0, Workers: 4
[4175.321s][debug][gc,phases      ] GC(220)   StringTable Weak               Min:  0.0, Avg:  0.1, Max:  0.1, Diff:  0.1, Sum:  0.4, Workers: 4
[4175.321s][debug][gc,phases      ] GC(220)     Dead                           Min: 0, Avg:  0.0, Max: 0, Diff: 0, Sum: 0, Workers: 4
[4175.321s][debug][gc,phases      ] GC(220)     Total                          Min: 0, Avg: 10879.2, Max: 14846, Diff: 14846, Sum: 43517, Workers: 4
[4175.321s][debug][gc,phases      ] GC(220)   ResolvedMethodTable Weak       Min:  0.0, Avg:  0.0, Max:  0.0, Diff:  0.0, Sum:  0.1, Workers: 4
[4175.321s][debug][gc,phases      ] GC(220)     Dead                           Min: 0, Avg:  0.0, Max: 0, Diff: 0, Sum: 0, Workers: 4
[4175.321s][debug][gc,phases      ] GC(220)     Total                          Min: 0, Avg: 2219.8, Max: 3005, Diff: 3005, Sum: 8879, Workers: 4
[4175.321s][debug][gc,phases      ] GC(220)   JNI Weak                       Min:  0.0, Avg:  0.0, Max:  0.0, Diff:  0.0, Sum:  0.0, Workers: 4
[4175.321s][debug][gc,phases      ] GC(220)     Dead                           Min: 0, Avg:  0.0, Max: 0, Diff: 0, Sum: 0, Workers: 4
[4175.321s][debug][gc,phases      ] GC(220)     Total                          Min: 0, Avg: 11.2, Max: 45, Diff: 45, Sum: 45, Workers: 4
[4175.321s][debug][gc,phases      ] GC(220)   StringDedup Table Weak         Min:  0.0, Avg:  0.0, Max:  0.0, Diff:  0.0, Sum:  0.0, Workers: 4
[4175.321s][debug][gc,phases      ] GC(220)     Dead                           Min: 0, Avg:  0.0, Max: 0, Diff: 0, Sum: 0, Workers: 4
[4175.321s][debug][gc,phases      ] GC(220)     Total                          Min: 0, Avg:  0.0, Max: 0, Diff: 0, Sum: 0, Workers: 4
[4175.321s][debug][gc,phases      ] GC(220)   StringDedup Requests0 Weak     Min:  0.0, Avg:  0.0, Max:  0.0, Diff:  0.0, Sum:  0.0, Workers: 4
[4175.321s][debug][gc,phases      ] GC(220)     Dead                           Min: 0, Avg:  0.0, Max: 0, Diff: 0, Sum: 0, Workers: 4
[4175.321s][debug][gc,phases      ] GC(220)     Total                          Min: 0, Avg:  0.0, Max: 0, Diff: 0, Sum: 0, Workers: 4
[4175.321s][debug][gc,phases      ] GC(220)   StringDedup Requests1 Weak     Min:  0.0, Avg:  0.0, Max:  0.0, Diff:  0.0, Sum:  0.0, Workers: 4
[4175.321s][debug][gc,phases      ] GC(220)     Dead                           Min: 0, Avg:  0.0, Max: 0, Diff: 0, Sum: 0, Workers: 4
[4175.321s][debug][gc,phases      ] GC(220)     Total                          Min: 0, Avg:  0.0, Max: 0, Diff: 0, Sum: 0, Workers: 4
[4175.321s][debug][gc,phases      ] GC(220)   Weak JFR Old Object Samples    Min:  0.0, Avg:  0.0, Max:  0.0, Diff:  0.0, Sum:  0.0, Workers: 4
[4175.321s][debug][gc,phases      ] GC(220)     Dead                           Min: 0, Avg:  0.0, Max: 0, Diff: 0, Sum: 0, Workers: 4
[4175.321s][debug][gc,phases      ] GC(220)     Total                          Min: 0, Avg:  0.0, Max: 0, Diff: 0, Sum: 0, Workers: 4
[4175.321s][debug][gc,phases      ] GC(220) Weak Processing 0.407ms
[4175.321s][debug][gc,age         ] GC(220) Desired survivor size 45088768 bytes, new threshold 15 (max threshold 15)
[4175.321s][info ][gc,heap        ] GC(220) PSYoungGen: 2001120K(2048000K)->960K(2053120K) Eden: 2000384K(2000384K)->0K(2007040K) From: 736K(47616K)->960K(46080K)
[4175.321s][info ][gc,heap        ] GC(220) ParOldGen: 251601K(422400K)->251601K(422400K)
[4175.321s][info ][gc,metaspace   ] GC(220) Metaspace: 80062K(80960K)->80062K(80960K) NonClass: 68700K(69120K)->68700K(69120K) Class: 11361K(11840K)->11361K(11840K)
[4175.321s][info ][gc             ] GC(220) Pause Young (Allocation Failure) 2199M->246M(2417M) 1.898ms
[4175.321s][info ][gc,cpu         ] GC(220) User=0.00s Sys=0.00s Real=0.00s
[4175.321s][info ][safepoint      ] Safepoint "ParallelGCFailedAllocation", Time since last: 43449064023 ns, Reaching safepoint: 112700 ns, At safepoint: 1989503 ns, Total: 2102203 ns
[4217.919s][info ][gc,start       ] GC(221) Pause Young (Allocation Failure)
[4217.920s][debug][gc,phases      ] GC(221) Scavenge 0.618ms
[4217.920s][debug][gc,ref         ] GC(221) Skipped phase 1 of Reference Processing: no references
[4217.920s][debug][gc,ref         ] GC(221) Skipped phase 2 of Reference Processing: no references
[4217.920s][debug][gc,ref         ] GC(221) Skipped phase 3 of Reference Processing: no references
[4217.920s][debug][gc,ref         ] GC(221) Skipped phase 4 of Reference Processing: no references
[4217.920s][debug][gc,phases      ] GC(221) Reference Processing 0.022ms
[4217.920s][debug][gc,phases      ] GC(221)   VM Weak                        Min:  0.0, Avg:  0.0, Max:  0.0, Diff:  0.0, Sum:  0.0, Workers: 4
[4217.920s][debug][gc,phases      ] GC(221)     Dead                           Min: 0, Avg:  0.0, Max: 0, Diff: 0, Sum: 0, Workers: 4
[4217.920s][debug][gc,phases      ] GC(221)     Total                          Min: 0, Avg: 148.0, Max: 592, Diff: 592, Sum: 592, Workers: 4
[4217.920s][debug][gc,phases      ] GC(221)   ObjectSynchronizer Weak        Min:  0.0, Avg:  0.0, Max:  0.0, Diff:  0.0, Sum:  0.0, Workers: 4
[4217.920s][debug][gc,phases      ] GC(221)     Dead                           Min: 0, Avg:  0.0, Max: 0, Diff: 0, Sum: 0, Workers: 4
[4217.920s][debug][gc,phases      ] GC(221)     Total                          Min: 0, Avg: 13.5, Max: 54, Diff: 54, Sum: 54, Workers: 4
[4217.920s][debug][gc,phases      ] GC(221)   JVMTI Tag Weak OopStorage      Min:  0.0, Avg:  0.0, Max:  0.0, Diff:  0.0, Sum:  0.0, Workers: 4
[4217.920s][debug][gc,phases      ] GC(221)     Dead                           Min: 0, Avg:  0.0, Max: 0, Diff: 0, Sum: 0, Workers: 4
[4217.920s][debug][gc,phases      ] GC(221)     Total                          Min: 0, Avg:  0.0, Max: 0, Diff: 0, Sum: 0, Workers: 4
[4217.920s][debug][gc,phases      ] GC(221)   StringTable Weak               Min:  0.1, Avg:  0.1, Max:  0.1, Diff:  0.0, Sum:  0.4, Workers: 4
[4217.920s][debug][gc,phases      ] GC(221)     Dead                           Min: 0, Avg:  0.0, Max: 0, Diff: 0, Sum: 0, Workers: 4
[4217.920s][debug][gc,phases      ] GC(221)     Total                          Min: 8896, Avg: 10879.2, Max: 11840, Diff: 2944, Sum: 43517, Workers: 4
[4217.920s][debug][gc,phases      ] GC(221)   ResolvedMethodTable Weak       Min:  0.0, Avg:  0.0, Max:  0.0, Diff:  0.0, Sum:  0.1, Workers: 4
[4217.920s][debug][gc,phases      ] GC(221)     Dead                           Min: 0, Avg:  0.0, Max: 0, Diff: 0, Sum: 0, Workers: 4
[4217.920s][debug][gc,phases      ] GC(221)     Total                          Min: 2174, Avg: 2219.8, Max: 2238, Diff: 64, Sum: 8879, Workers: 4
[4217.920s][debug][gc,phases      ] GC(221)   JNI Weak                       Min:  0.0, Avg:  0.0, Max:  0.0, Diff:  0.0, Sum:  0.0, Workers: 4
[4217.920s][debug][gc,phases      ] GC(221)     Dead                           Min: 0, Avg:  0.0, Max: 0, Diff: 0, Sum: 0, Workers: 4
[4217.920s][debug][gc,phases      ] GC(221)     Total                          Min: 0, Avg: 11.2, Max: 45, Diff: 45, Sum: 45, Workers: 4
[4217.920s][debug][gc,phases      ] GC(221)   StringDedup Table Weak         Min:  0.0, Avg:  0.0, Max:  0.0, Diff:  0.0, Sum:  0.0, Workers: 4
[4217.920s][debug][gc,phases      ] GC(221)     Dead                           Min: 0, Avg:  0.0, Max: 0, Diff: 0, Sum: 0, Workers: 4
[4217.920s][debug][gc,phases      ] GC(221)     Total                          Min: 0, Avg:  0.0, Max: 0, Diff: 0, Sum: 0, Workers: 4
[4217.920s][debug][gc,phases      ] GC(221)   StringDedup Requests0 Weak     Min:  0.0, Avg:  0.0, Max:  0.0, Diff:  0.0, Sum:  0.0, Workers: 4
[4217.920s][debug][gc,phases      ] GC(221)     Dead                           Min: 0, Avg:  0.0, Max: 0, Diff: 0, Sum: 0, Workers: 4
[4217.920s][debug][gc,phases      ] GC(221)     Total                          Min: 0, Avg:  0.0, Max: 0, Diff: 0, Sum: 0, Workers: 4
[4217.920s][debug][gc,phases      ] GC(221)   StringDedup Requests1 Weak     Min:  0.0, Avg:  0.0, Max:  0.0, Diff:  0.0, Sum:  0.0, Workers: 4
[4217.920s][debug][gc,phases      ] GC(221)     Dead                           Min: 0, Avg:  0.0, Max: 0, Diff: 0, Sum: 0, Workers: 4
[4217.920s][debug][gc,phases      ] GC(221)     Total                          Min: 0, Avg:  0.0, Max: 0, Diff: 0, Sum: 0, Workers: 4
[4217.920s][debug][gc,phases      ] GC(221)   Weak JFR Old Object Samples    Min:  0.0, Avg:  0.0, Max:  0.0, Diff:  0.0, Sum:  0.0, Workers: 4
[4217.920s][debug][gc,phases      ] GC(221)     Dead                           Min: 0, Avg:  0.0, Max: 0, Diff: 0, Sum: 0, Workers: 4
[4217.920s][debug][gc,phases      ] GC(221)     Total                          Min: 0, Avg:  0.0, Max: 0, Diff: 0, Sum: 0, Workers: 4
[4217.920s][debug][gc,phases      ] GC(221) Weak Processing 0.309ms
[4217.920s][debug][gc,age         ] GC(221) Desired survivor size 43515904 bytes, new threshold 15 (max threshold 15)
[4217.920s][info ][gc,heap        ] GC(221) PSYoungGen: 2008000K(2053120K)->704K(2051072K) Eden: 2007040K(2007040K)->0K(2007040K) From: 960K(46080K)->704K(44032K)
[4217.920s][info ][gc,heap        ] GC(221) ParOldGen: 251601K(422400K)->251601K(422400K)
[4217.920s][info ][gc,metaspace   ] GC(221) Metaspace: 80062K(80960K)->80062K(80960K) NonClass: 68700K(69120K)->68700K(69120K) Class: 11361K(11840K)->11361K(11840K)
[4217.920s][info ][gc             ] GC(221) Pause Young (Allocation Failure) 2206M->246M(2415M) 1.053ms
[4217.920s][info ][gc,cpu         ] GC(221) User=0.00s Sys=0.00s Real=0.00s
[4217.920s][info ][safepoint      ] Safepoint "ParallelGCFailedAllocation", Time since last: 42597642130 ns, Reaching safepoint: 68500 ns, At safepoint: 1121602 ns, Total: 1190102 ns
[4261.566s][info ][gc,start       ] GC(222) Pause Young (Allocation Failure)
[4261.568s][debug][gc,phases      ] GC(222) Scavenge 1.417ms
[4261.568s][debug][gc,ref         ] GC(222) Skipped phase 1 of Reference Processing: no references
[4261.568s][debug][gc,ref         ] GC(222) Skipped phase 2 of Reference Processing: no references
[4261.568s][debug][gc,ref         ] GC(222) Skipped phase 3 of Reference Processing: no references
[4261.568s][debug][gc,ref         ] GC(222) Skipped phase 4 of Reference Processing: no references
[4261.568s][debug][gc,phases      ] GC(222) Reference Processing 0.036ms
[4261.568s][debug][gc,phases      ] GC(222)   VM Weak                        Min:  0.0, Avg:  0.0, Max:  0.0, Diff:  0.0, Sum:  0.0, Workers: 4
[4261.568s][debug][gc,phases      ] GC(222)     Dead                           Min: 0, Avg:  0.0, Max: 0, Diff: 0, Sum: 0, Workers: 4
[4261.568s][debug][gc,phases      ] GC(222)     Total                          Min: 0, Avg: 148.0, Max: 419, Diff: 419, Sum: 592, Workers: 4
[4261.568s][debug][gc,phases      ] GC(222)   ObjectSynchronizer Weak        Min:  0.0, Avg:  0.0, Max:  0.0, Diff:  0.0, Sum:  0.0, Workers: 4
[4261.568s][debug][gc,phases      ] GC(222)     Dead                           Min: 0, Avg:  0.0, Max: 0, Diff: 0, Sum: 0, Workers: 4
[4261.568s][debug][gc,phases      ] GC(222)     Total                          Min: 0, Avg: 13.5, Max: 54, Diff: 54, Sum: 54, Workers: 4
[4261.568s][debug][gc,phases      ] GC(222)   JVMTI Tag Weak OopStorage      Min:  0.0, Avg:  0.0, Max:  0.0, Diff:  0.0, Sum:  0.0, Workers: 4
[4261.568s][debug][gc,phases      ] GC(222)     Dead                           Min: 0, Avg:  0.0, Max: 0, Diff: 0, Sum: 0, Workers: 4
[4261.568s][debug][gc,phases      ] GC(222)     Total                          Min: 0, Avg:  0.0, Max: 0, Diff: 0, Sum: 0, Workers: 4
[4261.568s][debug][gc,phases      ] GC(222)   StringTable Weak               Min:  0.0, Avg:  0.1, Max:  0.2, Diff:  0.2, Sum:  0.4, Workers: 4
[4261.568s][debug][gc,phases      ] GC(222)     Dead                           Min: 0, Avg:  0.0, Max: 0, Diff: 0, Sum: 0, Workers: 4
[4261.568s][debug][gc,phases      ] GC(222)     Total                          Min: 0, Avg: 10879.2, Max: 21950, Diff: 21950, Sum: 43517, Workers: 4
[4261.568s][debug][gc,phases      ] GC(222)   ResolvedMethodTable Weak       Min:  0.0, Avg:  0.0, Max:  0.0, Diff:  0.0, Sum:  0.1, Workers: 4
[4261.568s][debug][gc,phases      ] GC(222)     Dead                           Min: 0, Avg:  0.0, Max: 0, Diff: 0, Sum: 0, Workers: 4
[4261.568s][debug][gc,phases      ] GC(222)     Total                          Min: 0, Avg: 2219.8, Max: 4660, Diff: 4660, Sum: 8879, Workers: 4
[4261.568s][debug][gc,phases      ] GC(222)   JNI Weak                       Min:  0.0, Avg:  0.0, Max:  0.0, Diff:  0.0, Sum:  0.0, Workers: 4
[4261.568s][debug][gc,phases      ] GC(222)     Dead                           Min: 0, Avg:  0.0, Max: 0, Diff: 0, Sum: 0, Workers: 4
[4261.568s][debug][gc,phases      ] GC(222)     Total                          Min: 0, Avg: 11.2, Max: 45, Diff: 45, Sum: 45, Workers: 4
[4261.568s][debug][gc,phases      ] GC(222)   StringDedup Table Weak         Min:  0.0, Avg:  0.0, Max:  0.0, Diff:  0.0, Sum:  0.0, Workers: 4
[4261.568s][debug][gc,phases      ] GC(222)     Dead                           Min: 0, Avg:  0.0, Max: 0, Diff: 0, Sum: 0, Workers: 4
[4261.568s][debug][gc,phases      ] GC(222)     Total                          Min: 0, Avg:  0.0, Max: 0, Diff: 0, Sum: 0, Workers: 4
[4261.568s][debug][gc,phases      ] GC(222)   StringDedup Requests0 Weak     Min:  0.0, Avg:  0.0, Max:  0.0, Diff:  0.0, Sum:  0.0, Workers: 4
[4261.568s][debug][gc,phases      ] GC(222)     Dead                           Min: 0, Avg:  0.0, Max: 0, Diff: 0, Sum: 0, Workers: 4
[4261.568s][debug][gc,phases      ] GC(222)     Total                          Min: 0, Avg:  0.0, Max: 0, Diff: 0, Sum: 0, Workers: 4
[4261.568s][debug][gc,phases      ] GC(222)   StringDedup Requests1 Weak     Min:  0.0, Avg:  0.0, Max:  0.0, Diff:  0.0, Sum:  0.0, Workers: 4
[4261.568s][debug][gc,phases      ] GC(222)     Dead                           Min: 0, Avg:  0.0, Max: 0, Diff: 0, Sum: 0, Workers: 4
[4261.568s][debug][gc,phases      ] GC(222)     Total                          Min: 0, Avg:  0.0, Max: 0, Diff: 0, Sum: 0, Workers: 4
[4261.568s][debug][gc,phases      ] GC(222)   Weak JFR Old Object Samples    Min:  0.0, Avg:  0.0, Max:  0.0, Diff:  0.0, Sum:  0.0, Workers: 4
[4261.568s][debug][gc,phases      ] GC(222)     Dead                           Min: 0, Avg:  0.0, Max: 0, Diff: 0, Sum: 0, Workers: 4
[4261.568s][debug][gc,phases      ] GC(222)     Total                          Min: 0, Avg:  0.0, Max: 0, Diff: 0, Sum: 0, Workers: 4
[4261.568s][debug][gc,phases      ] GC(222) Weak Processing 0.505ms
[4261.568s][debug][gc,age         ] GC(222) Desired survivor size 41418752 bytes, new threshold 15 (max threshold 15)
[4261.568s][info ][gc,heap        ] GC(222) PSYoungGen: 2007744K(2051072K)->704K(2056704K) Eden: 2007040K(2007040K)->0K(2014208K) From: 704K(44032K)->704K(42496K)
[4261.568s][info ][gc,heap        ] GC(222) ParOldGen: 251601K(422400K)->251601K(422400K)
[4261.568s][info ][gc,metaspace   ] GC(222) Metaspace: 80062K(80960K)->80062K(80960K) NonClass: 68700K(69120K)->68700K(69120K) Class: 11361K(11840K)->11361K(11840K)
[4261.568s][info ][gc             ] GC(222) Pause Young (Allocation Failure) 2206M->246M(2421M) 2.071ms
[4261.568s][info ][gc,cpu         ] GC(222) User=0.00s Sys=0.00s Real=0.00s
[4261.569s][info ][safepoint      ] Safepoint "ParallelGCFailedAllocation", Time since last: 43646231278 ns, Reaching safepoint: 119701 ns, At safepoint: 2168303 ns, Total: 2288004 ns
[4305.318s][info ][gc,start       ] GC(223) Pause Young (Allocation Failure)
[4305.319s][debug][gc,phases      ] GC(223) Scavenge 1.141ms
[4305.319s][debug][gc,ref         ] GC(223) Skipped phase 1 of Reference Processing: no references
[4305.319s][debug][gc,ref         ] GC(223) Skipped phase 2 of Reference Processing: no references
[4305.320s][debug][gc,ref         ] GC(223) Skipped phase 3 of Reference Processing: no references
[4305.320s][debug][gc,ref         ] GC(223) Skipped phase 4 of Reference Processing: no references
[4305.320s][debug][gc,phases      ] GC(223) Reference Processing 0.021ms
[4305.320s][debug][gc,phases      ] GC(223)   VM Weak                        Min:  0.0, Avg:  0.0, Max:  0.0, Diff:  0.0, Sum:  0.0, Workers: 4
[4305.320s][debug][gc,phases      ] GC(223)     Dead                           Min: 0, Avg:  0.0, Max: 0, Diff: 0, Sum: 0, Workers: 4
[4305.320s][debug][gc,phases      ] GC(223)     Total                          Min: 0, Avg: 148.0, Max: 395, Diff: 395, Sum: 592, Workers: 4
[4305.320s][debug][gc,phases      ] GC(223)   ObjectSynchronizer Weak        Min:  0.0, Avg:  0.0, Max:  0.0, Diff:  0.0, Sum:  0.0, Workers: 4
[4305.320s][debug][gc,phases      ] GC(223)     Dead                           Min: 0, Avg:  0.0, Max: 0, Diff: 0, Sum: 0, Workers: 4
[4305.320s][debug][gc,phases      ] GC(223)     Total                          Min: 0, Avg: 13.5, Max: 54, Diff: 54, Sum: 54, Workers: 4
[4305.320s][debug][gc,phases      ] GC(223)   JVMTI Tag Weak OopStorage      Min:  0.0, Avg:  0.0, Max:  0.0, Diff:  0.0, Sum:  0.0, Workers: 4
[4305.320s][debug][gc,phases      ] GC(223)     Dead                           Min: 0, Avg:  0.0, Max: 0, Diff: 0, Sum: 0, Workers: 4
[4305.320s][debug][gc,phases      ] GC(223)     Total                          Min: 0, Avg:  0.0, Max: 0, Diff: 0, Sum: 0, Workers: 4
[4305.320s][debug][gc,phases      ] GC(223)   StringTable Weak               Min:  0.0, Avg:  0.1, Max:  0.1, Diff:  0.1, Sum:  0.4, Workers: 4
[4305.320s][debug][gc,phases      ] GC(223)     Dead                           Min: 0, Avg:  0.0, Max: 0, Diff: 0, Sum: 0, Workers: 4
[4305.320s][debug][gc,phases      ] GC(223)     Total                          Min: 0, Avg: 10879.2, Max: 14909, Diff: 14909, Sum: 43517, Workers: 4
[4305.320s][debug][gc,phases      ] GC(223)   ResolvedMethodTable Weak       Min:  0.0, Avg:  0.0, Max:  0.0, Diff:  0.0, Sum:  0.1, Workers: 4
[4305.320s][debug][gc,phases      ] GC(223)     Dead                           Min: 0, Avg:  0.0, Max: 0, Diff: 0, Sum: 0, Workers: 4
[4305.320s][debug][gc,phases      ] GC(223)     Total                          Min: 0, Avg: 2219.8, Max: 3006, Diff: 3006, Sum: 8879, Workers: 4
[4305.320s][debug][gc,phases      ] GC(223)   JNI Weak                       Min:  0.0, Avg:  0.0, Max:  0.0, Diff:  0.0, Sum:  0.0, Workers: 4
[4305.320s][debug][gc,phases      ] GC(223)     Dead                           Min: 0, Avg:  0.0, Max: 0, Diff: 0, Sum: 0, Workers: 4
[4305.320s][debug][gc,phases      ] GC(223)     Total                          Min: 0, Avg: 11.2, Max: 45, Diff: 45, Sum: 45, Workers: 4
[4305.320s][debug][gc,phases      ] GC(223)   StringDedup Table Weak         Min:  0.0, Avg:  0.0, Max:  0.0, Diff:  0.0, Sum:  0.0, Workers: 4
[4305.320s][debug][gc,phases      ] GC(223)     Dead                           Min: 0, Avg:  0.0, Max: 0, Diff: 0, Sum: 0, Workers: 4
[4305.320s][debug][gc,phases      ] GC(223)     Total                          Min: 0, Avg:  0.0, Max: 0, Diff: 0, Sum: 0, Workers: 4
[4305.320s][debug][gc,phases      ] GC(223)   StringDedup Requests0 Weak     Min:  0.0, Avg:  0.0, Max:  0.0, Diff:  0.0, Sum:  0.0, Workers: 4
[4305.320s][debug][gc,phases      ] GC(223)     Dead                           Min: 0, Avg:  0.0, Max: 0, Diff: 0, Sum: 0, Workers: 4
[4305.320s][debug][gc,phases      ] GC(223)     Total                          Min: 0, Avg:  0.0, Max: 0, Diff: 0, Sum: 0, Workers: 4
[4305.320s][debug][gc,phases      ] GC(223)   StringDedup Requests1 Weak     Min:  0.0, Avg:  0.0, Max:  0.0, Diff:  0.0, Sum:  0.0, Workers: 4
[4305.320s][debug][gc,phases      ] GC(223)     Dead                           Min: 0, Avg:  0.0, Max: 0, Diff: 0, Sum: 0, Workers: 4
[4305.320s][debug][gc,phases      ] GC(223)     Total                          Min: 0, Avg:  0.0, Max: 0, Diff: 0, Sum: 0, Workers: 4
[4305.320s][debug][gc,phases      ] GC(223)   Weak JFR Old Object Samples    Min:  0.0, Avg:  0.0, Max:  0.0, Diff:  0.0, Sum:  0.0, Workers: 4
[4305.320s][debug][gc,phases      ] GC(223)     Dead                           Min: 0, Avg:  0.0, Max: 0, Diff: 0, Sum: 0, Workers: 4
[4305.320s][debug][gc,phases      ] GC(223)     Total                          Min: 0, Avg:  0.0, Max: 0, Diff: 0, Sum: 0, Workers: 4
[4305.320s][debug][gc,phases      ] GC(223) Weak Processing 0.320ms
[4305.320s][debug][gc,age         ] GC(223) Desired survivor size 39321600 bytes, new threshold 15 (max threshold 15)
[4305.320s][info ][gc,heap        ] GC(223) PSYoungGen: 2014912K(2056704K)->704K(2054656K) Eden: 2014208K(2014208K)->0K(2014208K) From: 704K(42496K)->704K(40448K)
[4305.320s][info ][gc,heap        ] GC(223) ParOldGen: 251601K(422400K)->251601K(422400K)
[4305.320s][info ][gc,metaspace   ] GC(223) Metaspace: 80062K(80960K)->80062K(80960K) NonClass: 68700K(69120K)->68700K(69120K) Class: 11361K(11840K)->11361K(11840K)
[4305.320s][info ][gc             ] GC(223) Pause Young (Allocation Failure) 2213M->246M(2419M) 1.562ms
[4305.320s][info ][gc,cpu         ] GC(223) User=0.00s Sys=0.00s Real=0.00s
[4305.320s][info ][safepoint      ] Safepoint "ParallelGCFailedAllocation", Time since last: 43749648669 ns, Reaching safepoint: 102101 ns, At safepoint: 1636302 ns, Total: 1738403 ns
[4349.467s][info ][gc,start       ] GC(224) Pause Young (Allocation Failure)
[4349.468s][debug][gc,phases      ] GC(224) Scavenge 1.332ms
[4349.468s][debug][gc,ref         ] GC(224) Skipped phase 1 of Reference Processing: no references
[4349.468s][debug][gc,ref         ] GC(224) Skipped phase 2 of Reference Processing: no references
[4349.468s][debug][gc,ref         ] GC(224) Skipped phase 3 of Reference Processing: no references
[4349.468s][debug][gc,ref         ] GC(224) Skipped phase 4 of Reference Processing: no references
[4349.468s][debug][gc,phases      ] GC(224) Reference Processing 0.034ms
[4349.469s][debug][gc,phases      ] GC(224)   VM Weak                        Min:  0.0, Avg:  0.0, Max:  0.0, Diff:  0.0, Sum:  0.0, Workers: 4
[4349.469s][debug][gc,phases      ] GC(224)     Dead                           Min: 0, Avg:  0.0, Max: 0, Diff: 0, Sum: 0, Workers: 4
[4349.469s][debug][gc,phases      ] GC(224)     Total                          Min: 0, Avg: 148.0, Max: 529, Diff: 529, Sum: 592, Workers: 4
[4349.469s][debug][gc,phases      ] GC(224)   ObjectSynchronizer Weak        Min:  0.0, Avg:  0.0, Max:  0.0, Diff:  0.0, Sum:  0.0, Workers: 4
[4349.469s][debug][gc,phases      ] GC(224)     Dead                           Min: 0, Avg:  0.0, Max: 0, Diff: 0, Sum: 0, Workers: 4
[4349.469s][debug][gc,phases      ] GC(224)     Total                          Min: 0, Avg: 13.5, Max: 54, Diff: 54, Sum: 54, Workers: 4
[4349.469s][debug][gc,phases      ] GC(224)   JVMTI Tag Weak OopStorage      Min:  0.0, Avg:  0.0, Max:  0.0, Diff:  0.0, Sum:  0.0, Workers: 4
[4349.469s][debug][gc,phases      ] GC(224)     Dead                           Min: 0, Avg:  0.0, Max: 0, Diff: 0, Sum: 0, Workers: 4
[4349.469s][debug][gc,phases      ] GC(224)     Total                          Min: 0, Avg:  0.0, Max: 0, Diff: 0, Sum: 0, Workers: 4
[4349.469s][debug][gc,phases      ] GC(224)   StringTable Weak               Min:  0.0, Avg:  0.1, Max:  0.1, Diff:  0.1, Sum:  0.4, Workers: 4
[4349.469s][debug][gc,phases      ] GC(224)     Dead                           Min: 0, Avg:  0.0, Max: 0, Diff: 0, Sum: 0, Workers: 4
[4349.469s][debug][gc,phases      ] GC(224)     Total                          Min: 0, Avg: 10879.2, Max: 14846, Diff: 14846, Sum: 43517, Workers: 4
[4349.469s][debug][gc,phases      ] GC(224)   ResolvedMethodTable Weak       Min:  0.0, Avg:  0.0, Max:  0.0, Diff:  0.0, Sum:  0.1, Workers: 4
[4349.469s][debug][gc,phases      ] GC(224)     Dead                           Min: 0, Avg:  0.0, Max: 0, Diff: 0, Sum: 0, Workers: 4
[4349.469s][debug][gc,phases      ] GC(224)     Total                          Min: 0, Avg: 2219.8, Max: 3068, Diff: 3068, Sum: 8879, Workers: 4
[4349.469s][debug][gc,phases      ] GC(224)   JNI Weak                       Min:  0.0, Avg:  0.0, Max:  0.0, Diff:  0.0, Sum:  0.0, Workers: 4
[4349.469s][debug][gc,phases      ] GC(224)     Dead                           Min: 0, Avg:  0.0, Max: 0, Diff: 0, Sum: 0, Workers: 4
[4349.469s][debug][gc,phases      ] GC(224)     Total                          Min: 0, Avg: 11.2, Max: 45, Diff: 45, Sum: 45, Workers: 4
[4349.469s][debug][gc,phases      ] GC(224)   StringDedup Table Weak         Min:  0.0, Avg:  0.0, Max:  0.0, Diff:  0.0, Sum:  0.0, Workers: 4
[4349.469s][debug][gc,phases      ] GC(224)     Dead                           Min: 0, Avg:  0.0, Max: 0, Diff: 0, Sum: 0, Workers: 4
[4349.469s][debug][gc,phases      ] GC(224)     Total                          Min: 0, Avg:  0.0, Max: 0, Diff: 0, Sum: 0, Workers: 4
[4349.469s][debug][gc,phases      ] GC(224)   StringDedup Requests0 Weak     Min:  0.0, Avg:  0.0, Max:  0.0, Diff:  0.0, Sum:  0.0, Workers: 4
[4349.469s][debug][gc,phases      ] GC(224)     Dead                           Min: 0, Avg:  0.0, Max: 0, Diff: 0, Sum: 0, Workers: 4
[4349.469s][debug][gc,phases      ] GC(224)     Total                          Min: 0, Avg:  0.0, Max: 0, Diff: 0, Sum: 0, Workers: 4
[4349.469s][debug][gc,phases      ] GC(224)   StringDedup Requests1 Weak     Min:  0.0, Avg:  0.0, Max:  0.0, Diff:  0.0, Sum:  0.0, Workers: 4
[4349.469s][debug][gc,phases      ] GC(224)     Dead                           Min: 0, Avg:  0.0, Max: 0, Diff: 0, Sum: 0, Workers: 4
[4349.469s][debug][gc,phases      ] GC(224)     Total                          Min: 0, Avg:  0.0, Max: 0, Diff: 0, Sum: 0, Workers: 4
[4349.469s][debug][gc,phases      ] GC(224)   Weak JFR Old Object Samples    Min:  0.0, Avg:  0.0, Max:  0.0, Diff:  0.0, Sum:  0.0, Workers: 4
[4349.469s][debug][gc,phases      ] GC(224)     Dead                           Min: 0, Avg:  0.0, Max: 0, Diff: 0, Sum: 0, Workers: 4
[4349.469s][debug][gc,phases      ] GC(224)     Total                          Min: 0, Avg:  0.0, Max: 0, Diff: 0, Sum: 0, Workers: 4
[4349.469s][debug][gc,phases      ] GC(224) Weak Processing 0.418ms
[4349.469s][debug][gc,age         ] GC(224) Desired survivor size 37224448 bytes, new threshold 15 (max threshold 15)
[4349.469s][info ][gc,heap        ] GC(224) PSYoungGen: 2014912K(2054656K)->672K(2060800K) Eden: 2014208K(2014208K)->0K(2022400K) From: 704K(40448K)->672K(38400K)
[4349.469s][info ][gc,heap        ] GC(224) ParOldGen: 251601K(422400K)->251601K(422400K)
[4349.469s][info ][gc,metaspace   ] GC(224) Metaspace: 80062K(80960K)->80062K(80960K) NonClass: 68700K(69120K)->68700K(69120K) Class: 11361K(11840K)->11361K(11840K)
[4349.469s][info ][gc             ] GC(224) Pause Young (Allocation Failure) 2213M->246M(2425M) 1.902ms
[4349.469s][info ][gc,cpu         ] GC(224) User=0.00s Sys=0.00s Real=0.00s
[4349.469s][info ][safepoint      ] Safepoint "ParallelGCFailedAllocation", Time since last: 44147016687 ns, Reaching safepoint: 30300 ns, At safepoint: 1998003 ns, Total: 2028303 ns
[4378.471s][info ][safepoint      ] Safepoint "Cleanup", Time since last: 29001987015 ns, Reaching safepoint: 45800 ns, At safepoint: 4800 ns, Total: 50600 ns
[4393.819s][info ][gc,start       ] GC(225) Pause Young (Allocation Failure)
[4393.821s][debug][gc,phases      ] GC(225) Scavenge 1.211ms
[4393.821s][debug][gc,ref         ] GC(225) Skipped phase 1 of Reference Processing: no references
[4393.821s][debug][gc,ref         ] GC(225) Skipped phase 2 of Reference Processing: no references
[4393.821s][debug][gc,ref         ] GC(225) Skipped phase 3 of Reference Processing: no references
[4393.821s][debug][gc,ref         ] GC(225) Skipped phase 4 of Reference Processing: no references
[4393.821s][debug][gc,phases      ] GC(225) Reference Processing 0.038ms
[4393.821s][debug][gc,phases      ] GC(225)   VM Weak                        Min:  0.0, Avg:  0.0, Max:  0.0, Diff:  0.0, Sum:  0.0, Workers: 4
[4393.821s][debug][gc,phases      ] GC(225)     Dead                           Min: 0, Avg:  0.0, Max: 0, Diff: 0, Sum: 0, Workers: 4
[4393.821s][debug][gc,phases      ] GC(225)     Total                          Min: 0, Avg: 148.0, Max: 473, Diff: 473, Sum: 592, Workers: 4
[4393.821s][debug][gc,phases      ] GC(225)   ObjectSynchronizer Weak        Min:  0.0, Avg:  0.0, Max:  0.0, Diff:  0.0, Sum:  0.0, Workers: 4
[4393.821s][debug][gc,phases      ] GC(225)     Dead                           Min: 0, Avg:  0.0, Max: 0, Diff: 0, Sum: 0, Workers: 4
[4393.821s][debug][gc,phases      ] GC(225)     Total                          Min: 0, Avg: 13.5, Max: 54, Diff: 54, Sum: 54, Workers: 4
[4393.821s][debug][gc,phases      ] GC(225)   JVMTI Tag Weak OopStorage      Min:  0.0, Avg:  0.0, Max:  0.0, Diff:  0.0, Sum:  0.0, Workers: 4
[4393.821s][debug][gc,phases      ] GC(225)     Dead                           Min: 0, Avg:  0.0, Max: 0, Diff: 0, Sum: 0, Workers: 4
[4393.821s][debug][gc,phases      ] GC(225)     Total                          Min: 0, Avg:  0.0, Max: 0, Diff: 0, Sum: 0, Workers: 4
[4393.821s][debug][gc,phases      ] GC(225)   StringTable Weak               Min:  0.0, Avg:  0.1, Max:  0.1, Diff:  0.1, Sum:  0.4, Workers: 4
[4393.821s][debug][gc,phases      ] GC(225)     Dead                           Min: 0, Avg:  0.0, Max: 0, Diff: 0, Sum: 0, Workers: 4
[4393.821s][debug][gc,phases      ] GC(225)     Total                          Min: 0, Avg: 10879.2, Max: 14781, Diff: 14781, Sum: 43517, Workers: 4
[4393.821s][debug][gc,phases      ] GC(225)   ResolvedMethodTable Weak       Min:  0.0, Avg:  0.0, Max:  0.1, Diff:  0.1, Sum:  0.1, Workers: 4
[4393.821s][debug][gc,phases      ] GC(225)     Dead                           Min: 0, Avg:  0.0, Max: 0, Diff: 0, Sum: 0, Workers: 4
[4393.821s][debug][gc,phases      ] GC(225)     Total                          Min: 0, Avg: 2219.8, Max: 3510, Diff: 3510, Sum: 8879, Workers: 4
[4393.821s][debug][gc,phases      ] GC(225)   JNI Weak                       Min:  0.0, Avg:  0.0, Max:  0.0, Diff:  0.0, Sum:  0.0, Workers: 4
[4393.821s][debug][gc,phases      ] GC(225)     Dead                           Min: 0, Avg:  0.0, Max: 0, Diff: 0, Sum: 0, Workers: 4
[4393.821s][debug][gc,phases      ] GC(225)     Total                          Min: 0, Avg: 11.2, Max: 45, Diff: 45, Sum: 45, Workers: 4
[4393.821s][debug][gc,phases      ] GC(225)   StringDedup Table Weak         Min:  0.0, Avg:  0.0, Max:  0.0, Diff:  0.0, Sum:  0.0, Workers: 4
[4393.821s][debug][gc,phases      ] GC(225)     Dead                           Min: 0, Avg:  0.0, Max: 0, Diff: 0, Sum: 0, Workers: 4
[4393.821s][debug][gc,phases      ] GC(225)     Total                          Min: 0, Avg:  0.0, Max: 0, Diff: 0, Sum: 0, Workers: 4
[4393.821s][debug][gc,phases      ] GC(225)   StringDedup Requests0 Weak     Min:  0.0, Avg:  0.0, Max:  0.0, Diff:  0.0, Sum:  0.0, Workers: 4
[4393.821s][debug][gc,phases      ] GC(225)     Dead                           Min: 0, Avg:  0.0, Max: 0, Diff: 0, Sum: 0, Workers: 4
[4393.821s][debug][gc,phases      ] GC(225)     Total                          Min: 0, Avg:  0.0, Max: 0, Diff: 0, Sum: 0, Workers: 4
[4393.821s][debug][gc,phases      ] GC(225)   StringDedup Requests1 Weak     Min:  0.0, Avg:  0.0, Max:  0.0, Diff:  0.0, Sum:  0.0, Workers: 4
[4393.821s][debug][gc,phases      ] GC(225)     Dead                           Min: 0, Avg:  0.0, Max: 0, Diff: 0, Sum: 0, Workers: 4
[4393.821s][debug][gc,phases      ] GC(225)     Total                          Min: 0, Avg:  0.0, Max: 0, Diff: 0, Sum: 0, Workers: 4
[4393.821s][debug][gc,phases      ] GC(225)   Weak JFR Old Object Samples    Min:  0.0, Avg:  0.0, Max:  0.0, Diff:  0.0, Sum:  0.0, Workers: 4
[4393.821s][debug][gc,phases      ] GC(225)     Dead                           Min: 0, Avg:  0.0, Max: 0, Diff: 0, Sum: 0, Workers: 4
[4393.821s][debug][gc,phases      ] GC(225)     Total                          Min: 0, Avg:  0.0, Max: 0, Diff: 0, Sum: 0, Workers: 4
[4393.821s][debug][gc,phases      ] GC(225) Weak Processing 0.351ms
[4393.821s][debug][gc,age         ] GC(225) Desired survivor size 35127296 bytes, new threshold 15 (max threshold 15)
[4393.821s][info ][gc,heap        ] GC(225) PSYoungGen: 2023072K(2060800K)->608K(2058752K) Eden: 2022400K(2022400K)->0K(2022400K) From: 672K(38400K)->608K(36352K)
[4393.821s][info ][gc,heap        ] GC(225) ParOldGen: 251601K(422400K)->251705K(422400K)
[4393.821s][info ][gc,metaspace   ] GC(225) Metaspace: 80062K(80960K)->80062K(80960K) NonClass: 68700K(69120K)->68700K(69120K) Class: 11361K(11840K)->11361K(11840K)
[4393.821s][info ][gc             ] GC(225) Pause Young (Allocation Failure) 2221M->246M(2423M) 1.681ms
[4393.821s][info ][gc,cpu         ] GC(225) User=0.00s Sys=0.00s Real=0.00s
[4393.821s][info ][safepoint      ] Safepoint "ParallelGCFailedAllocation", Time since last: 15348215715 ns, Reaching safepoint: 97800 ns, At safepoint: 1762803 ns, Total: 1860603 ns
[4438.067s][info ][gc,start       ] GC(226) Pause Young (Allocation Failure)
[4438.068s][debug][gc,phases      ] GC(226) Scavenge 1.167ms
[4438.068s][debug][gc,ref         ] GC(226) Skipped phase 1 of Reference Processing: no references
[4438.068s][debug][gc,ref         ] GC(226) Skipped phase 2 of Reference Processing: no references
[4438.068s][debug][gc,ref         ] GC(226) Skipped phase 3 of Reference Processing: no references
[4438.068s][debug][gc,ref         ] GC(226) Skipped phase 4 of Reference Processing: no references
[4438.068s][debug][gc,phases      ] GC(226) Reference Processing 0.020ms
[4438.069s][debug][gc,phases      ] GC(226)   VM Weak                        Min:  0.0, Avg:  0.0, Max:  0.0, Diff:  0.0, Sum:  0.0, Workers: 4
[4438.069s][debug][gc,phases      ] GC(226)     Dead                           Min: 0, Avg:  0.0, Max: 0, Diff: 0, Sum: 0, Workers: 4
[4438.069s][debug][gc,phases      ] GC(226)     Total                          Min: 0, Avg: 148.0, Max: 505, Diff: 505, Sum: 592, Workers: 4
[4438.069s][debug][gc,phases      ] GC(226)   ObjectSynchronizer Weak        Min:  0.0, Avg:  0.0, Max:  0.0, Diff:  0.0, Sum:  0.0, Workers: 4
[4438.069s][debug][gc,phases      ] GC(226)     Dead                           Min: 0, Avg:  0.0, Max: 0, Diff: 0, Sum: 0, Workers: 4
[4438.069s][debug][gc,phases      ] GC(226)     Total                          Min: 0, Avg: 13.5, Max: 54, Diff: 54, Sum: 54, Workers: 4
[4438.069s][debug][gc,phases      ] GC(226)   JVMTI Tag Weak OopStorage      Min:  0.0, Avg:  0.0, Max:  0.0, Diff:  0.0, Sum:  0.0, Workers: 4
[4438.069s][debug][gc,phases      ] GC(226)     Dead                           Min: 0, Avg:  0.0, Max: 0, Diff: 0, Sum: 0, Workers: 4
[4438.069s][debug][gc,phases      ] GC(226)     Total                          Min: 0, Avg:  0.0, Max: 0, Diff: 0, Sum: 0, Workers: 4
[4438.069s][debug][gc,phases      ] GC(226)   StringTable Weak               Min:  0.0, Avg:  0.1, Max:  0.1, Diff:  0.1, Sum:  0.4, Workers: 4
[4438.069s][debug][gc,phases      ] GC(226)     Dead                           Min: 0, Avg:  0.0, Max: 0, Diff: 0, Sum: 0, Workers: 4
[4438.069s][debug][gc,phases      ] GC(226)     Total                          Min: 0, Avg: 10879.2, Max: 14720, Diff: 14720, Sum: 43517, Workers: 4
[4438.069s][debug][gc,phases      ] GC(226)   ResolvedMethodTable Weak       Min:  0.0, Avg:  0.0, Max:  0.0, Diff:  0.0, Sum:  0.1, Workers: 4
[4438.069s][debug][gc,phases      ] GC(226)     Dead                           Min: 0, Avg:  0.0, Max: 0, Diff: 0, Sum: 0, Workers: 4
[4438.069s][debug][gc,phases      ] GC(226)     Total                          Min: 0, Avg: 2219.8, Max: 3134, Diff: 3134, Sum: 8879, Workers: 4
[4438.069s][debug][gc,phases      ] GC(226)   JNI Weak                       Min:  0.0, Avg:  0.0, Max:  0.0, Diff:  0.0, Sum:  0.0, Workers: 4
[4438.069s][debug][gc,phases      ] GC(226)     Dead                           Min: 0, Avg:  0.0, Max: 0, Diff: 0, Sum: 0, Workers: 4
[4438.069s][debug][gc,phases      ] GC(226)     Total                          Min: 0, Avg: 11.2, Max: 45, Diff: 45, Sum: 45, Workers: 4
[4438.069s][debug][gc,phases      ] GC(226)   StringDedup Table Weak         Min:  0.0, Avg:  0.0, Max:  0.0, Diff:  0.0, Sum:  0.0, Workers: 4
[4438.069s][debug][gc,phases      ] GC(226)     Dead                           Min: 0, Avg:  0.0, Max: 0, Diff: 0, Sum: 0, Workers: 4
[4438.069s][debug][gc,phases      ] GC(226)     Total                          Min: 0, Avg:  0.0, Max: 0, Diff: 0, Sum: 0, Workers: 4
[4438.069s][debug][gc,phases      ] GC(226)   StringDedup Requests0 Weak     Min:  0.0, Avg:  0.0, Max:  0.0, Diff:  0.0, Sum:  0.0, Workers: 4
[4438.069s][debug][gc,phases      ] GC(226)     Dead                           Min: 0, Avg:  0.0, Max: 0, Diff: 0, Sum: 0, Workers: 4
[4438.069s][debug][gc,phases      ] GC(226)     Total                          Min: 0, Avg:  0.0, Max: 0, Diff: 0, Sum: 0, Workers: 4
[4438.069s][debug][gc,phases      ] GC(226)   StringDedup Requests1 Weak     Min:  0.0, Avg:  0.0, Max:  0.0, Diff:  0.0, Sum:  0.0, Workers: 4
[4438.069s][debug][gc,phases      ] GC(226)     Dead                           Min: 0, Avg:  0.0, Max: 0, Diff: 0, Sum: 0, Workers: 4
[4438.069s][debug][gc,phases      ] GC(226)     Total                          Min: 0, Avg:  0.0, Max: 0, Diff: 0, Sum: 0, Workers: 4
[4438.069s][debug][gc,phases      ] GC(226)   Weak JFR Old Object Samples    Min:  0.0, Avg:  0.0, Max:  0.0, Diff:  0.0, Sum:  0.0, Workers: 4
[4438.069s][debug][gc,phases      ] GC(226)     Dead                           Min: 0, Avg:  0.0, Max: 0, Diff: 0, Sum: 0, Workers: 4
[4438.069s][debug][gc,phases      ] GC(226)     Total                          Min: 0, Avg:  0.0, Max: 0, Diff: 0, Sum: 0, Workers: 4
[4438.069s][debug][gc,phases      ] GC(226) Weak Processing 0.327ms
[4438.069s][debug][gc,age         ] GC(226) Desired survivor size 33030144 bytes, new threshold 15 (max threshold 15)
[4438.069s][info ][gc,heap        ] GC(226) PSYoungGen: 2023008K(2058752K)->608K(2064896K) Eden: 2022400K(2022400K)->0K(2030592K) From: 608K(36352K)->608K(34304K)
[4438.069s][info ][gc,heap        ] GC(226) ParOldGen: 251705K(422400K)->251713K(422400K)
[4438.069s][info ][gc,metaspace   ] GC(226) Metaspace: 80062K(80960K)->80062K(80960K) NonClass: 68700K(69120K)->68700K(69120K) Class: 11361K(11840K)->11361K(11840K)
[4438.069s][info ][gc             ] GC(226) Pause Young (Allocation Failure) 2221M->246M(2429M) 1.600ms
[4438.069s][info ][gc,cpu         ] GC(226) User=0.01s Sys=0.00s Real=0.00s
[4438.069s][info ][safepoint      ] Safepoint "ParallelGCFailedAllocation", Time since last: 44246043534 ns, Reaching safepoint: 36100 ns, At safepoint: 1676403 ns, Total: 1712503 ns
[4482.568s][info ][gc,start       ] GC(227) Pause Young (Allocation Failure)
[4482.569s][debug][gc,phases      ] GC(227) Scavenge 1.083ms
[4482.569s][debug][gc,ref         ] GC(227) Skipped phase 1 of Reference Processing: no references
[4482.569s][debug][gc,ref         ] GC(227) Skipped phase 2 of Reference Processing: no references
[4482.569s][debug][gc,ref         ] GC(227) Skipped phase 3 of Reference Processing: no references
[4482.569s][debug][gc,ref         ] GC(227) Skipped phase 4 of Reference Processing: no references
[4482.569s][debug][gc,phases      ] GC(227) Reference Processing 0.026ms
[4482.569s][debug][gc,phases      ] GC(227)   VM Weak                        Min:  0.0, Avg:  0.0, Max:  0.0, Diff:  0.0, Sum:  0.0, Workers: 4
[4482.569s][debug][gc,phases      ] GC(227)     Dead                           Min: 0, Avg:  0.0, Max: 0, Diff: 0, Sum: 0, Workers: 4
[4482.569s][debug][gc,phases      ] GC(227)     Total                          Min: 0, Avg: 148.0, Max: 451, Diff: 451, Sum: 592, Workers: 4
[4482.569s][debug][gc,phases      ] GC(227)   ObjectSynchronizer Weak        Min:  0.0, Avg:  0.0, Max:  0.0, Diff:  0.0, Sum:  0.0, Workers: 4
[4482.569s][debug][gc,phases      ] GC(227)     Dead                           Min: 0, Avg:  0.0, Max: 0, Diff: 0, Sum: 0, Workers: 4
[4482.569s][debug][gc,phases      ] GC(227)     Total                          Min: 0, Avg: 13.5, Max: 54, Diff: 54, Sum: 54, Workers: 4
[4482.569s][debug][gc,phases      ] GC(227)   JVMTI Tag Weak OopStorage      Min:  0.0, Avg:  0.0, Max:  0.0, Diff:  0.0, Sum:  0.0, Workers: 4
[4482.569s][debug][gc,phases      ] GC(227)     Dead                           Min: 0, Avg:  0.0, Max: 0, Diff: 0, Sum: 0, Workers: 4
[4482.569s][debug][gc,phases      ] GC(227)     Total                          Min: 0, Avg:  0.0, Max: 0, Diff: 0, Sum: 0, Workers: 4
[4482.569s][debug][gc,phases      ] GC(227)   StringTable Weak               Min:  0.1, Avg:  0.1, Max:  0.1, Diff:  0.0, Sum:  0.4, Workers: 4
[4482.569s][debug][gc,phases      ] GC(227)     Dead                           Min: 0, Avg:  0.0, Max: 0, Diff: 0, Sum: 0, Workers: 4
[4482.569s][debug][gc,phases      ] GC(227)     Total                          Min: 10304, Avg: 10879.2, Max: 12096, Diff: 1792, Sum: 43517, Workers: 4
[4482.569s][debug][gc,phases      ] GC(227)   ResolvedMethodTable Weak       Min:  0.0, Avg:  0.0, Max:  0.0, Diff:  0.0, Sum:  0.1, Workers: 4
[4482.569s][debug][gc,phases      ] GC(227)     Dead                           Min: 0, Avg:  0.0, Max: 0, Diff: 0, Sum: 0, Workers: 4
[4482.569s][debug][gc,phases      ] GC(227)     Total                          Min: 639, Avg: 2219.8, Max: 2874, Diff: 2235, Sum: 8879, Workers: 4
[4482.569s][debug][gc,phases      ] GC(227)   JNI Weak                       Min:  0.0, Avg:  0.0, Max:  0.0, Diff:  0.0, Sum:  0.0, Workers: 4
[4482.569s][debug][gc,phases      ] GC(227)     Dead                           Min: 0, Avg:  0.0, Max: 0, Diff: 0, Sum: 0, Workers: 4
[4482.569s][debug][gc,phases      ] GC(227)     Total                          Min: 0, Avg: 11.2, Max: 45, Diff: 45, Sum: 45, Workers: 4
[4482.569s][debug][gc,phases      ] GC(227)   StringDedup Table Weak         Min:  0.0, Avg:  0.0, Max:  0.0, Diff:  0.0, Sum:  0.0, Workers: 4
[4482.569s][debug][gc,phases      ] GC(227)     Dead                           Min: 0, Avg:  0.0, Max: 0, Diff: 0, Sum: 0, Workers: 4
[4482.569s][debug][gc,phases      ] GC(227)     Total                          Min: 0, Avg:  0.0, Max: 0, Diff: 0, Sum: 0, Workers: 4
[4482.569s][debug][gc,phases      ] GC(227)   StringDedup Requests0 Weak     Min:  0.0, Avg:  0.0, Max:  0.0, Diff:  0.0, Sum:  0.0, Workers: 4
[4482.569s][debug][gc,phases      ] GC(227)     Dead                           Min: 0, Avg:  0.0, Max: 0, Diff: 0, Sum: 0, Workers: 4
[4482.569s][debug][gc,phases      ] GC(227)     Total                          Min: 0, Avg:  0.0, Max: 0, Diff: 0, Sum: 0, Workers: 4
[4482.569s][debug][gc,phases      ] GC(227)   StringDedup Requests1 Weak     Min:  0.0, Avg:  0.0, Max:  0.0, Diff:  0.0, Sum:  0.0, Workers: 4
[4482.569s][debug][gc,phases      ] GC(227)     Dead                           Min: 0, Avg:  0.0, Max: 0, Diff: 0, Sum: 0, Workers: 4
[4482.569s][debug][gc,phases      ] GC(227)     Total                          Min: 0, Avg:  0.0, Max: 0, Diff: 0, Sum: 0, Workers: 4
[4482.569s][debug][gc,phases      ] GC(227)   Weak JFR Old Object Samples    Min:  0.0, Avg:  0.0, Max:  0.0, Diff:  0.0, Sum:  0.0, Workers: 4
[4482.569s][debug][gc,phases      ] GC(227)     Dead                           Min: 0, Avg:  0.0, Max: 0, Diff: 0, Sum: 0, Workers: 4
[4482.569s][debug][gc,phases      ] GC(227)     Total                          Min: 0, Avg:  0.0, Max: 0, Diff: 0, Sum: 0, Workers: 4
[4482.569s][debug][gc,phases      ] GC(227) Weak Processing 0.281ms
[4482.569s][debug][gc,age         ] GC(227) Desired survivor size 31457280 bytes, new threshold 15 (max threshold 15)
[4482.569s][info ][gc,heap        ] GC(227) PSYoungGen: 2031200K(2064896K)->608K(2062848K) Eden: 2030592K(2030592K)->0K(2030592K) From: 608K(34304K)->608K(32256K)
[4482.569s][info ][gc,heap        ] GC(227) ParOldGen: 251713K(422400K)->251721K(422400K)
[4482.569s][info ][gc,metaspace   ] GC(227) Metaspace: 80062K(80960K)->80062K(80960K) NonClass: 68700K(69120K)->68700K(69120K) Class: 11361K(11840K)->11361K(11840K)
[4482.569s][info ][gc             ] GC(227) Pause Young (Allocation Failure) 2229M->246M(2427M) 1.491ms
[4482.569s][info ][gc,cpu         ] GC(227) User=0.01s Sys=0.00s Real=0.00s
[4482.569s][info ][safepoint      ] Safepoint "ParallelGCFailedAllocation", Time since last: 44498913055 ns, Reaching safepoint: 26100 ns, At safepoint: 1572002 ns, Total: 1598102 ns
[4526.918s][info ][gc,start       ] GC(228) Pause Young (Allocation Failure)
[4526.919s][debug][gc,phases      ] GC(228) Scavenge 1.220ms
[4526.919s][debug][gc,ref         ] GC(228) Skipped phase 1 of Reference Processing: no references
[4526.919s][debug][gc,ref         ] GC(228) Skipped phase 2 of Reference Processing: no references
[4526.919s][debug][gc,ref         ] GC(228) Skipped phase 3 of Reference Processing: no references
[4526.919s][debug][gc,ref         ] GC(228) Skipped phase 4 of Reference Processing: no references
[4526.919s][debug][gc,phases      ] GC(228) Reference Processing 0.023ms
[4526.920s][debug][gc,phases      ] GC(228)   VM Weak                        Min:  0.0, Avg:  0.0, Max:  0.0, Diff:  0.0, Sum:  0.0, Workers: 4
[4526.920s][debug][gc,phases      ] GC(228)     Dead                           Min: 0, Avg:  0.0, Max: 0, Diff: 0, Sum: 0, Workers: 4
[4526.920s][debug][gc,phases      ] GC(228)     Total                          Min: 0, Avg: 148.0, Max: 505, Diff: 505, Sum: 592, Workers: 4
[4526.920s][debug][gc,phases      ] GC(228)   ObjectSynchronizer Weak        Min:  0.0, Avg:  0.0, Max:  0.0, Diff:  0.0, Sum:  0.0, Workers: 4
[4526.920s][debug][gc,phases      ] GC(228)     Dead                           Min: 0, Avg:  0.0, Max: 0, Diff: 0, Sum: 0, Workers: 4
[4526.920s][debug][gc,phases      ] GC(228)     Total                          Min: 0, Avg: 13.5, Max: 54, Diff: 54, Sum: 54, Workers: 4
[4526.920s][debug][gc,phases      ] GC(228)   JVMTI Tag Weak OopStorage      Min:  0.0, Avg:  0.0, Max:  0.0, Diff:  0.0, Sum:  0.0, Workers: 4
[4526.920s][debug][gc,phases      ] GC(228)     Dead                           Min: 0, Avg:  0.0, Max: 0, Diff: 0, Sum: 0, Workers: 4
[4526.920s][debug][gc,phases      ] GC(228)     Total                          Min: 0, Avg:  0.0, Max: 0, Diff: 0, Sum: 0, Workers: 4
[4526.920s][debug][gc,phases      ] GC(228)   StringTable Weak               Min:  0.0, Avg:  0.1, Max:  0.1, Diff:  0.1, Sum:  0.4, Workers: 4
[4526.920s][debug][gc,phases      ] GC(228)     Dead                           Min: 0, Avg:  0.0, Max: 0, Diff: 0, Sum: 0, Workers: 4
[4526.920s][debug][gc,phases      ] GC(228)     Total                          Min: 0, Avg: 10879.2, Max: 14781, Diff: 14781, Sum: 43517, Workers: 4
[4526.920s][debug][gc,phases      ] GC(228)   ResolvedMethodTable Weak       Min:  0.0, Avg:  0.0, Max:  0.0, Diff:  0.0, Sum:  0.1, Workers: 4
[4526.920s][debug][gc,phases      ] GC(228)     Dead                           Min: 0, Avg:  0.0, Max: 0, Diff: 0, Sum: 0, Workers: 4
[4526.920s][debug][gc,phases      ] GC(228)     Total                          Min: 0, Avg: 2219.8, Max: 3008, Diff: 3008, Sum: 8879, Workers: 4
[4526.920s][debug][gc,phases      ] GC(228)   JNI Weak                       Min:  0.0, Avg:  0.0, Max:  0.0, Diff:  0.0, Sum:  0.0, Workers: 4
[4526.920s][debug][gc,phases      ] GC(228)     Dead                           Min: 0, Avg:  0.0, Max: 0, Diff: 0, Sum: 0, Workers: 4
[4526.920s][debug][gc,phases      ] GC(228)     Total                          Min: 0, Avg: 11.2, Max: 45, Diff: 45, Sum: 45, Workers: 4
[4526.920s][debug][gc,phases      ] GC(228)   StringDedup Table Weak         Min:  0.0, Avg:  0.0, Max:  0.0, Diff:  0.0, Sum:  0.0, Workers: 4
[4526.920s][debug][gc,phases      ] GC(228)     Dead                           Min: 0, Avg:  0.0, Max: 0, Diff: 0, Sum: 0, Workers: 4
[4526.920s][debug][gc,phases      ] GC(228)     Total                          Min: 0, Avg:  0.0, Max: 0, Diff: 0, Sum: 0, Workers: 4
[4526.920s][debug][gc,phases      ] GC(228)   StringDedup Requests0 Weak     Min:  0.0, Avg:  0.0, Max:  0.0, Diff:  0.0, Sum:  0.0, Workers: 4
[4526.920s][debug][gc,phases      ] GC(228)     Dead                           Min: 0, Avg:  0.0, Max: 0, Diff: 0, Sum: 0, Workers: 4
[4526.920s][debug][gc,phases      ] GC(228)     Total                          Min: 0, Avg:  0.0, Max: 0, Diff: 0, Sum: 0, Workers: 4
[4526.920s][debug][gc,phases      ] GC(228)   StringDedup Requests1 Weak     Min:  0.0, Avg:  0.0, Max:  0.0, Diff:  0.0, Sum:  0.0, Workers: 4
[4526.920s][debug][gc,phases      ] GC(228)     Dead                           Min: 0, Avg:  0.0, Max: 0, Diff: 0, Sum: 0, Workers: 4
[4526.920s][debug][gc,phases      ] GC(228)     Total                          Min: 0, Avg:  0.0, Max: 0, Diff: 0, Sum: 0, Workers: 4
[4526.920s][debug][gc,phases      ] GC(228)   Weak JFR Old Object Samples    Min:  0.0, Avg:  0.0, Max:  0.0, Diff:  0.0, Sum:  0.0, Workers: 4
[4526.920s][debug][gc,phases      ] GC(228)     Dead                           Min: 0, Avg:  0.0, Max: 0, Diff: 0, Sum: 0, Workers: 4
[4526.920s][debug][gc,phases      ] GC(228)     Total                          Min: 0, Avg:  0.0, Max: 0, Diff: 0, Sum: 0, Workers: 4
[4526.920s][debug][gc,phases      ] GC(228) Weak Processing 0.344ms
[4526.920s][debug][gc,age         ] GC(228) Desired survivor size 29360128 bytes, new threshold 15 (max threshold 15)
[4526.920s][info ][gc,heap        ] GC(228) PSYoungGen: 2031200K(2062848K)->640K(2068480K) Eden: 2030592K(2030592K)->0K(2037760K) From: 608K(32256K)->640K(30720K)
[4526.920s][info ][gc,heap        ] GC(228) ParOldGen: 251721K(422400K)->251729K(422400K)
[4526.920s][info ][gc,metaspace   ] GC(228) Metaspace: 80065K(80960K)->80065K(80960K) NonClass: 68703K(69120K)->68703K(69120K) Class: 11361K(11840K)->11361K(11840K)
[4526.920s][info ][gc             ] GC(228) Pause Young (Allocation Failure) 2229M->246M(2432M) 1.687ms
[4526.920s][info ][gc,cpu         ] GC(228) User=0.01s Sys=0.00s Real=0.00s
[4526.920s][info ][safepoint      ] Safepoint "ParallelGCFailedAllocation", Time since last: 44348672153 ns, Reaching safepoint: 38600 ns, At safepoint: 1750401 ns, Total: 1789001 ns
[4528.920s][info ][safepoint      ] Safepoint "Cleanup", Time since last: 2000185866 ns, Reaching safepoint: 47600 ns, At safepoint: 4300 ns, Total: 51900 ns
[4571.668s][info ][gc,start       ] GC(229) Pause Young (Allocation Failure)
[4571.670s][debug][gc,phases      ] GC(229) Scavenge 1.663ms
[4571.670s][debug][gc,ref         ] GC(229) Skipped phase 1 of Reference Processing: no references
[4571.670s][debug][gc,ref         ] GC(229) Skipped phase 2 of Reference Processing: no references
[4571.670s][debug][gc,ref         ] GC(229) Skipped phase 3 of Reference Processing: no references
[4571.670s][debug][gc,ref         ] GC(229) Skipped phase 4 of Reference Processing: no references
[4571.670s][debug][gc,phases      ] GC(229) Reference Processing 0.022ms
[4571.670s][debug][gc,phases      ] GC(229)   VM Weak                        Min:  0.0, Avg:  0.0, Max:  0.0, Diff:  0.0, Sum:  0.0, Workers: 4
[4571.670s][debug][gc,phases      ] GC(229)     Dead                           Min: 0, Avg:  0.0, Max: 0, Diff: 0, Sum: 0, Workers: 4
[4571.670s][debug][gc,phases      ] GC(229)     Total                          Min: 0, Avg: 148.0, Max: 536, Diff: 536, Sum: 592, Workers: 4
[4571.670s][debug][gc,phases      ] GC(229)   ObjectSynchronizer Weak        Min:  0.0, Avg:  0.0, Max:  0.0, Diff:  0.0, Sum:  0.0, Workers: 4
[4571.670s][debug][gc,phases      ] GC(229)     Dead                           Min: 0, Avg:  0.0, Max: 0, Diff: 0, Sum: 0, Workers: 4
[4571.670s][debug][gc,phases      ] GC(229)     Total                          Min: 0, Avg: 13.5, Max: 54, Diff: 54, Sum: 54, Workers: 4
[4571.670s][debug][gc,phases      ] GC(229)   JVMTI Tag Weak OopStorage      Min:  0.0, Avg:  0.0, Max:  0.0, Diff:  0.0, Sum:  0.0, Workers: 4
[4571.670s][debug][gc,phases      ] GC(229)     Dead                           Min: 0, Avg:  0.0, Max: 0, Diff: 0, Sum: 0, Workers: 4
[4571.670s][debug][gc,phases      ] GC(229)     Total                          Min: 0, Avg:  0.0, Max: 0, Diff: 0, Sum: 0, Workers: 4
[4571.670s][debug][gc,phases      ] GC(229)   StringTable Weak               Min:  0.0, Avg:  0.1, Max:  0.1, Diff:  0.1, Sum:  0.4, Workers: 4
[4571.670s][debug][gc,phases      ] GC(229)     Dead                           Min: 0, Avg:  0.0, Max: 0, Diff: 0, Sum: 0, Workers: 4
[4571.670s][debug][gc,phases      ] GC(229)     Total                          Min: 0, Avg: 10879.2, Max: 14976, Diff: 14976, Sum: 43517, Workers: 4
[4571.670s][debug][gc,phases      ] GC(229)   ResolvedMethodTable Weak       Min:  0.0, Avg:  0.0, Max:  0.0, Diff:  0.0, Sum:  0.1, Workers: 4
[4571.670s][debug][gc,phases      ] GC(229)     Dead                           Min: 0, Avg:  0.0, Max: 0, Diff: 0, Sum: 0, Workers: 4
[4571.670s][debug][gc,phases      ] GC(229)     Total                          Min: 0, Avg: 2219.8, Max: 3004, Diff: 3004, Sum: 8879, Workers: 4
[4571.670s][debug][gc,phases      ] GC(229)   JNI Weak                       Min:  0.0, Avg:  0.0, Max:  0.0, Diff:  0.0, Sum:  0.0, Workers: 4
[4571.670s][debug][gc,phases      ] GC(229)     Dead                           Min: 0, Avg:  0.0, Max: 0, Diff: 0, Sum: 0, Workers: 4
[4571.670s][debug][gc,phases      ] GC(229)     Total                          Min: 0, Avg: 11.2, Max: 45, Diff: 45, Sum: 45, Workers: 4
[4571.670s][debug][gc,phases      ] GC(229)   StringDedup Table Weak         Min:  0.0, Avg:  0.0, Max:  0.0, Diff:  0.0, Sum:  0.0, Workers: 4
[4571.670s][debug][gc,phases      ] GC(229)     Dead                           Min: 0, Avg:  0.0, Max: 0, Diff: 0, Sum: 0, Workers: 4
[4571.670s][debug][gc,phases      ] GC(229)     Total                          Min: 0, Avg:  0.0, Max: 0, Diff: 0, Sum: 0, Workers: 4
[4571.670s][debug][gc,phases      ] GC(229)   StringDedup Requests0 Weak     Min:  0.0, Avg:  0.0, Max:  0.0, Diff:  0.0, Sum:  0.0, Workers: 4
[4571.670s][debug][gc,phases      ] GC(229)     Dead                           Min: 0, Avg:  0.0, Max: 0, Diff: 0, Sum: 0, Workers: 4
[4571.670s][debug][gc,phases      ] GC(229)     Total                          Min: 0, Avg:  0.0, Max: 0, Diff: 0, Sum: 0, Workers: 4
[4571.670s][debug][gc,phases      ] GC(229)   StringDedup Requests1 Weak     Min:  0.0, Avg:  0.0, Max:  0.0, Diff:  0.0, Sum:  0.0, Workers: 4
[4571.670s][debug][gc,phases      ] GC(229)     Dead                           Min: 0, Avg:  0.0, Max: 0, Diff: 0, Sum: 0, Workers: 4
[4571.670s][debug][gc,phases      ] GC(229)     Total                          Min: 0, Avg:  0.0, Max: 0, Diff: 0, Sum: 0, Workers: 4
[4571.670s][debug][gc,phases      ] GC(229)   Weak JFR Old Object Samples    Min:  0.0, Avg:  0.0, Max:  0.0, Diff:  0.0, Sum:  0.0, Workers: 4
[4571.670s][debug][gc,phases      ] GC(229)     Dead                           Min: 0, Avg:  0.0, Max: 0, Diff: 0, Sum: 0, Workers: 4
[4571.670s][debug][gc,phases      ] GC(229)     Total                          Min: 0, Avg:  0.0, Max: 0, Diff: 0, Sum: 0, Workers: 4
[4571.670s][debug][gc,phases      ] GC(229) Weak Processing 0.361ms
[4571.670s][debug][gc,age         ] GC(229) Desired survivor size 27787264 bytes, new threshold 15 (max threshold 15)
[4571.670s][info ][gc,heap        ] GC(229) PSYoungGen: 2038400K(2068480K)->672K(2066432K) Eden: 2037760K(2037760K)->0K(2037760K) From: 640K(30720K)->672K(28672K)
[4571.670s][info ][gc,heap        ] GC(229) ParOldGen: 251729K(422400K)->251745K(422400K)
[4571.670s][info ][gc,metaspace   ] GC(229) Metaspace: 80065K(80960K)->80065K(80960K) NonClass: 68703K(69120K)->68703K(69120K) Class: 11361K(11840K)->11361K(11840K)
[4571.670s][info ][gc             ] GC(229) Pause Young (Allocation Failure) 2236M->246M(2430M) 2.134ms
[4571.670s][info ][gc,cpu         ] GC(229) User=0.01s Sys=0.00s Real=0.00s
[4571.670s][info ][safepoint      ] Safepoint "ParallelGCFailedAllocation", Time since last: 42747737345 ns, Reaching safepoint: 60800 ns, At safepoint: 2200602 ns, Total: 2261402 ns
[4615.818s][info ][gc,start       ] GC(230) Pause Young (Allocation Failure)
[4615.822s][debug][gc,phases      ] GC(230) Scavenge 3.460ms
[4615.822s][debug][gc,ref         ] GC(230) Skipped phase 1 of Reference Processing: no references
[4615.822s][debug][gc,ref         ] GC(230) Skipped phase 2 of Reference Processing: no references
[4615.822s][debug][gc,ref         ] GC(230) Skipped phase 3 of Reference Processing: no references
[4615.822s][debug][gc,ref         ] GC(230) Skipped phase 4 of Reference Processing: no references
[4615.822s][debug][gc,phases      ] GC(230) Reference Processing 0.047ms
[4615.822s][debug][gc,phases      ] GC(230)   VM Weak                        Min:  0.0, Avg:  0.0, Max:  0.0, Diff:  0.0, Sum:  0.0, Workers: 4
[4615.822s][debug][gc,phases      ] GC(230)     Dead                           Min: 0, Avg:  0.0, Max: 0, Diff: 0, Sum: 0, Workers: 4
[4615.822s][debug][gc,phases      ] GC(230)     Total                          Min: 0, Avg: 148.0, Max: 505, Diff: 505, Sum: 592, Workers: 4
[4615.822s][debug][gc,phases      ] GC(230)   ObjectSynchronizer Weak        Min:  0.0, Avg:  0.0, Max:  0.0, Diff:  0.0, Sum:  0.0, Workers: 4
[4615.822s][debug][gc,phases      ] GC(230)     Dead                           Min: 0, Avg:  0.0, Max: 0, Diff: 0, Sum: 0, Workers: 4
[4615.822s][debug][gc,phases      ] GC(230)     Total                          Min: 0, Avg: 13.5, Max: 54, Diff: 54, Sum: 54, Workers: 4
[4615.822s][debug][gc,phases      ] GC(230)   JVMTI Tag Weak OopStorage      Min:  0.0, Avg:  0.0, Max:  0.0, Diff:  0.0, Sum:  0.0, Workers: 4
[4615.822s][debug][gc,phases      ] GC(230)     Dead                           Min: 0, Avg:  0.0, Max: 0, Diff: 0, Sum: 0, Workers: 4
[4615.822s][debug][gc,phases      ] GC(230)     Total                          Min: 0, Avg:  0.0, Max: 0, Diff: 0, Sum: 0, Workers: 4
[4615.822s][debug][gc,phases      ] GC(230)   StringTable Weak               Min:  0.1, Avg:  0.1, Max:  0.1, Diff:  0.0, Sum:  0.4, Workers: 4
[4615.822s][debug][gc,phases      ] GC(230)     Dead                           Min: 0, Avg:  0.0, Max: 0, Diff: 0, Sum: 0, Workers: 4
[4615.822s][debug][gc,phases      ] GC(230)     Total                          Min: 8384, Avg: 10879.2, Max: 12544, Diff: 4160, Sum: 43517, Workers: 4
[4615.822s][debug][gc,phases      ] GC(230)   ResolvedMethodTable Weak       Min:  0.0, Avg:  0.0, Max:  0.0, Diff:  0.0, Sum:  0.1, Workers: 4
[4615.822s][debug][gc,phases      ] GC(230)     Dead                           Min: 0, Avg:  0.0, Max: 0, Diff: 0, Sum: 0, Workers: 4
[4615.822s][debug][gc,phases      ] GC(230)     Total                          Min: 2176, Avg: 2219.8, Max: 2238, Diff: 62, Sum: 8879, Workers: 4
[4615.822s][debug][gc,phases      ] GC(230)   JNI Weak                       Min:  0.0, Avg:  0.0, Max:  0.0, Diff:  0.0, Sum:  0.0, Workers: 4
[4615.822s][debug][gc,phases      ] GC(230)     Dead                           Min: 0, Avg:  0.0, Max: 0, Diff: 0, Sum: 0, Workers: 4
[4615.822s][debug][gc,phases      ] GC(230)     Total                          Min: 0, Avg: 11.2, Max: 45, Diff: 45, Sum: 45, Workers: 4
[4615.822s][debug][gc,phases      ] GC(230)   StringDedup Table Weak         Min:  0.0, Avg:  0.0, Max:  0.0, Diff:  0.0, Sum:  0.0, Workers: 4
[4615.822s][debug][gc,phases      ] GC(230)     Dead                           Min: 0, Avg:  0.0, Max: 0, Diff: 0, Sum: 0, Workers: 4
[4615.822s][debug][gc,phases      ] GC(230)     Total                          Min: 0, Avg:  0.0, Max: 0, Diff: 0, Sum: 0, Workers: 4
[4615.822s][debug][gc,phases      ] GC(230)   StringDedup Requests0 Weak     Min:  0.0, Avg:  0.0, Max:  0.0, Diff:  0.0, Sum:  0.0, Workers: 4
[4615.822s][debug][gc,phases      ] GC(230)     Dead                           Min: 0, Avg:  0.0, Max: 0, Diff: 0, Sum: 0, Workers: 4
[4615.822s][debug][gc,phases      ] GC(230)     Total                          Min: 0, Avg:  0.0, Max: 0, Diff: 0, Sum: 0, Workers: 4
[4615.822s][debug][gc,phases      ] GC(230)   StringDedup Requests1 Weak     Min:  0.0, Avg:  0.0, Max:  0.0, Diff:  0.0, Sum:  0.0, Workers: 4
[4615.822s][debug][gc,phases      ] GC(230)     Dead                           Min: 0, Avg:  0.0, Max: 0, Diff: 0, Sum: 0, Workers: 4
[4615.822s][debug][gc,phases      ] GC(230)     Total                          Min: 0, Avg:  0.0, Max: 0, Diff: 0, Sum: 0, Workers: 4
[4615.822s][debug][gc,phases      ] GC(230)   Weak JFR Old Object Samples    Min:  0.0, Avg:  0.0, Max:  0.0, Diff:  0.0, Sum:  0.0, Workers: 4
[4615.822s][debug][gc,phases      ] GC(230)     Dead                           Min: 0, Avg:  0.0, Max: 0, Diff: 0, Sum: 0, Workers: 4
[4615.822s][debug][gc,phases      ] GC(230)     Total                          Min: 0, Avg:  0.0, Max: 0, Diff: 0, Sum: 0, Workers: 4
[4615.822s][debug][gc,phases      ] GC(230) Weak Processing 0.313ms
[4615.822s][debug][gc,age         ] GC(230) Desired survivor size 26214400 bytes, new threshold 15 (max threshold 15)
[4615.822s][info ][gc,heap        ] GC(230) PSYoungGen: 2038432K(2066432K)->608K(2071552K) Eden: 2037760K(2037760K)->0K(2044416K) From: 672K(28672K)->608K(27136K)
[4615.822s][info ][gc,heap        ] GC(230) ParOldGen: 251745K(422400K)->251753K(422400K)
[4615.822s][info ][gc,metaspace   ] GC(230) Metaspace: 80066K(80960K)->80066K(80960K) NonClass: 68704K(69120K)->68704K(69120K) Class: 11361K(11840K)->11361K(11840K)
[4615.822s][info ][gc             ] GC(230) Pause Young (Allocation Failure) 2236M->246M(2435M) 3.903ms
[4615.822s][info ][gc,cpu         ] GC(230) User=0.00s Sys=0.00s Real=0.00s
[4615.822s][info ][safepoint      ] Safepoint "ParallelGCFailedAllocation", Time since last: 44148200246 ns, Reaching safepoint: 104600 ns, At safepoint: 3983203 ns, Total: 4087803 ns
[4660.667s][info ][gc,start       ] GC(231) Pause Young (Allocation Failure)
[4660.669s][debug][gc,phases      ] GC(231) Scavenge 1.188ms
[4660.669s][debug][gc,ref         ] GC(231) Skipped phase 1 of Reference Processing: no references
[4660.669s][debug][gc,ref         ] GC(231) Skipped phase 2 of Reference Processing: no references
[4660.669s][debug][gc,ref         ] GC(231) Skipped phase 3 of Reference Processing: no references
[4660.669s][debug][gc,ref         ] GC(231) Skipped phase 4 of Reference Processing: no references
[4660.669s][debug][gc,phases      ] GC(231) Reference Processing 0.034ms
[4660.669s][debug][gc,phases      ] GC(231)   VM Weak                        Min:  0.0, Avg:  0.0, Max:  0.0, Diff:  0.0, Sum:  0.0, Workers: 4
[4660.669s][debug][gc,phases      ] GC(231)     Dead                           Min: 0, Avg:  0.0, Max: 0, Diff: 0, Sum: 0, Workers: 4
[4660.669s][debug][gc,phases      ] GC(231)     Total                          Min: 0, Avg: 148.0, Max: 505, Diff: 505, Sum: 592, Workers: 4
[4660.669s][debug][gc,phases      ] GC(231)   ObjectSynchronizer Weak        Min:  0.0, Avg:  0.0, Max:  0.0, Diff:  0.0, Sum:  0.0, Workers: 4
[4660.669s][debug][gc,phases      ] GC(231)     Dead                           Min: 0, Avg:  0.0, Max: 0, Diff: 0, Sum: 0, Workers: 4
[4660.669s][debug][gc,phases      ] GC(231)     Total                          Min: 0, Avg: 13.5, Max: 54, Diff: 54, Sum: 54, Workers: 4
[4660.669s][debug][gc,phases      ] GC(231)   JVMTI Tag Weak OopStorage      Min:  0.0, Avg:  0.0, Max:  0.0, Diff:  0.0, Sum:  0.0, Workers: 4
[4660.669s][debug][gc,phases      ] GC(231)     Dead                           Min: 0, Avg:  0.0, Max: 0, Diff: 0, Sum: 0, Workers: 4
[4660.669s][debug][gc,phases      ] GC(231)     Total                          Min: 0, Avg:  0.0, Max: 0, Diff: 0, Sum: 0, Workers: 4
[4660.669s][debug][gc,phases      ] GC(231)   StringTable Weak               Min:  0.0, Avg:  0.1, Max:  0.1, Diff:  0.1, Sum:  0.4, Workers: 4
[4660.669s][debug][gc,phases      ] GC(231)     Dead                           Min: 0, Avg:  0.0, Max: 0, Diff: 0, Sum: 0, Workers: 4
[4660.669s][debug][gc,phases      ] GC(231)     Total                          Min: 0, Avg: 10879.2, Max: 15168, Diff: 15168, Sum: 43517, Workers: 4
[4660.669s][debug][gc,phases      ] GC(231)   ResolvedMethodTable Weak       Min:  0.0, Avg:  0.0, Max:  0.0, Diff:  0.0, Sum:  0.1, Workers: 4
[4660.669s][debug][gc,phases      ] GC(231)     Dead                           Min: 0, Avg:  0.0, Max: 0, Diff: 0, Sum: 0, Workers: 4
[4660.669s][debug][gc,phases      ] GC(231)     Total                          Min: 0, Avg: 2219.8, Max: 3068, Diff: 3068, Sum: 8879, Workers: 4
[4660.669s][debug][gc,phases      ] GC(231)   JNI Weak                       Min:  0.0, Avg:  0.0, Max:  0.0, Diff:  0.0, Sum:  0.0, Workers: 4
[4660.669s][debug][gc,phases      ] GC(231)     Dead                           Min: 0, Avg:  0.0, Max: 0, Diff: 0, Sum: 0, Workers: 4
[4660.669s][debug][gc,phases      ] GC(231)     Total                          Min: 0, Avg: 11.2, Max: 45, Diff: 45, Sum: 45, Workers: 4
[4660.669s][debug][gc,phases      ] GC(231)   StringDedup Table Weak         Min:  0.0, Avg:  0.0, Max:  0.0, Diff:  0.0, Sum:  0.0, Workers: 4
[4660.669s][debug][gc,phases      ] GC(231)     Dead                           Min: 0, Avg:  0.0, Max: 0, Diff: 0, Sum: 0, Workers: 4
[4660.669s][debug][gc,phases      ] GC(231)     Total                          Min: 0, Avg:  0.0, Max: 0, Diff: 0, Sum: 0, Workers: 4
[4660.669s][debug][gc,phases      ] GC(231)   StringDedup Requests0 Weak     Min:  0.0, Avg:  0.0, Max:  0.0, Diff:  0.0, Sum:  0.0, Workers: 4
[4660.669s][debug][gc,phases      ] GC(231)     Dead                           Min: 0, Avg:  0.0, Max: 0, Diff: 0, Sum: 0, Workers: 4
[4660.669s][debug][gc,phases      ] GC(231)     Total                          Min: 0, Avg:  0.0, Max: 0, Diff: 0, Sum: 0, Workers: 4
[4660.669s][debug][gc,phases      ] GC(231)   StringDedup Requests1 Weak     Min:  0.0, Avg:  0.0, Max:  0.0, Diff:  0.0, Sum:  0.0, Workers: 4
[4660.669s][debug][gc,phases      ] GC(231)     Dead                           Min: 0, Avg:  0.0, Max: 0, Diff: 0, Sum: 0, Workers: 4
[4660.669s][debug][gc,phases      ] GC(231)     Total                          Min: 0, Avg:  0.0, Max: 0, Diff: 0, Sum: 0, Workers: 4
[4660.669s][debug][gc,phases      ] GC(231)   Weak JFR Old Object Samples    Min:  0.0, Avg:  0.0, Max:  0.0, Diff:  0.0, Sum:  0.0, Workers: 4
[4660.669s][debug][gc,phases      ] GC(231)     Dead                           Min: 0, Avg:  0.0, Max: 0, Diff: 0, Sum: 0, Workers: 4
[4660.669s][debug][gc,phases      ] GC(231)     Total                          Min: 0, Avg:  0.0, Max: 0, Diff: 0, Sum: 0, Workers: 4
[4660.669s][debug][gc,phases      ] GC(231) Weak Processing 0.435ms
[4660.669s][debug][gc,age         ] GC(231) Desired survivor size 24117248 bytes, new threshold 15 (max threshold 15)
[4660.669s][info ][gc,heap        ] GC(231) PSYoungGen: 2045024K(2071552K)->608K(2070016K) Eden: 2044416K(2044416K)->0K(2044416K) From: 608K(27136K)->608K(25600K)
[4660.669s][info ][gc,heap        ] GC(231) ParOldGen: 251753K(422400K)->251761K(422400K)
[4660.669s][info ][gc,metaspace   ] GC(231) Metaspace: 80066K(80960K)->80066K(80960K) NonClass: 68704K(69120K)->68704K(69120K) Class: 11361K(11840K)->11361K(11840K)
[4660.669s][info ][gc             ] GC(231) Pause Young (Allocation Failure) 2242M->246M(2434M) 1.771ms
[4660.669s][info ][gc,cpu         ] GC(231) User=0.01s Sys=0.00s Real=0.00s
[4660.669s][info ][safepoint      ] Safepoint "ParallelGCFailedAllocation", Time since last: 44844879791 ns, Reaching safepoint: 54700 ns, At safepoint: 1877402 ns, Total: 1932102 ns
[4672.670s][info ][safepoint      ] Safepoint "Cleanup", Time since last: 12000942486 ns, Reaching safepoint: 35700 ns, At safepoint: 2800 ns, Total: 38500 ns
[4705.568s][info ][gc,start       ] GC(232) Pause Young (Allocation Failure)
[4705.569s][debug][gc,phases      ] GC(232) Scavenge 1.529ms
[4705.569s][debug][gc,ref         ] GC(232) Skipped phase 1 of Reference Processing: no references
[4705.569s][debug][gc,ref         ] GC(232) Skipped phase 2 of Reference Processing: no references
[4705.569s][debug][gc,ref         ] GC(232) Skipped phase 3 of Reference Processing: no references
[4705.569s][debug][gc,ref         ] GC(232) Skipped phase 4 of Reference Processing: no references
[4705.569s][debug][gc,phases      ] GC(232) Reference Processing 0.035ms
[4705.570s][debug][gc,phases      ] GC(232)   VM Weak                        Min:  0.0, Avg:  0.0, Max:  0.0, Diff:  0.0, Sum:  0.0, Workers: 4
[4705.570s][debug][gc,phases      ] GC(232)     Dead                           Min: 0, Avg:  0.0, Max: 0, Diff: 0, Sum: 0, Workers: 4
[4705.570s][debug][gc,phases      ] GC(232)     Total                          Min: 0, Avg: 148.0, Max: 529, Diff: 529, Sum: 592, Workers: 4
[4705.570s][debug][gc,phases      ] GC(232)   ObjectSynchronizer Weak        Min:  0.0, Avg:  0.0, Max:  0.0, Diff:  0.0, Sum:  0.0, Workers: 4
[4705.570s][debug][gc,phases      ] GC(232)     Dead                           Min: 0, Avg:  0.0, Max: 0, Diff: 0, Sum: 0, Workers: 4
[4705.570s][debug][gc,phases      ] GC(232)     Total                          Min: 0, Avg: 13.5, Max: 54, Diff: 54, Sum: 54, Workers: 4
[4705.570s][debug][gc,phases      ] GC(232)   JVMTI Tag Weak OopStorage      Min:  0.0, Avg:  0.0, Max:  0.0, Diff:  0.0, Sum:  0.0, Workers: 4
[4705.570s][debug][gc,phases      ] GC(232)     Dead                           Min: 0, Avg:  0.0, Max: 0, Diff: 0, Sum: 0, Workers: 4
[4705.570s][debug][gc,phases      ] GC(232)     Total                          Min: 0, Avg:  0.0, Max: 0, Diff: 0, Sum: 0, Workers: 4
[4705.570s][debug][gc,phases      ] GC(232)   StringTable Weak               Min:  0.0, Avg:  0.1, Max:  0.1, Diff:  0.1, Sum:  0.4, Workers: 4
[4705.570s][debug][gc,phases      ] GC(232)     Dead                           Min: 0, Avg:  0.0, Max: 0, Diff: 0, Sum: 0, Workers: 4
[4705.570s][debug][gc,phases      ] GC(232)     Total                          Min: 0, Avg: 10879.2, Max: 15359, Diff: 15359, Sum: 43517, Workers: 4
[4705.570s][debug][gc,phases      ] GC(232)   ResolvedMethodTable Weak       Min:  0.0, Avg:  0.0, Max:  0.0, Diff:  0.0, Sum:  0.1, Workers: 4
[4705.570s][debug][gc,phases      ] GC(232)     Dead                           Min: 0, Avg:  0.0, Max: 0, Diff: 0, Sum: 0, Workers: 4
[4705.570s][debug][gc,phases      ] GC(232)     Total                          Min: 0, Avg: 2219.8, Max: 3192, Diff: 3192, Sum: 8879, Workers: 4
[4705.570s][debug][gc,phases      ] GC(232)   JNI Weak                       Min:  0.0, Avg:  0.0, Max:  0.0, Diff:  0.0, Sum:  0.0, Workers: 4
[4705.570s][debug][gc,phases      ] GC(232)     Dead                           Min: 0, Avg:  0.0, Max: 0, Diff: 0, Sum: 0, Workers: 4
[4705.570s][debug][gc,phases      ] GC(232)     Total                          Min: 0, Avg: 11.2, Max: 45, Diff: 45, Sum: 45, Workers: 4
[4705.570s][debug][gc,phases      ] GC(232)   StringDedup Table Weak         Min:  0.0, Avg:  0.0, Max:  0.0, Diff:  0.0, Sum:  0.0, Workers: 4
[4705.570s][debug][gc,phases      ] GC(232)     Dead                           Min: 0, Avg:  0.0, Max: 0, Diff: 0, Sum: 0, Workers: 4
[4705.570s][debug][gc,phases      ] GC(232)     Total                          Min: 0, Avg:  0.0, Max: 0, Diff: 0, Sum: 0, Workers: 4
[4705.570s][debug][gc,phases      ] GC(232)   StringDedup Requests0 Weak     Min:  0.0, Avg:  0.0, Max:  0.0, Diff:  0.0, Sum:  0.0, Workers: 4
[4705.570s][debug][gc,phases      ] GC(232)     Dead                           Min: 0, Avg:  0.0, Max: 0, Diff: 0, Sum: 0, Workers: 4
[4705.570s][debug][gc,phases      ] GC(232)     Total                          Min: 0, Avg:  0.0, Max: 0, Diff: 0, Sum: 0, Workers: 4
[4705.570s][debug][gc,phases      ] GC(232)   StringDedup Requests1 Weak     Min:  0.0, Avg:  0.0, Max:  0.0, Diff:  0.0, Sum:  0.0, Workers: 4
[4705.570s][debug][gc,phases      ] GC(232)     Dead                           Min: 0, Avg:  0.0, Max: 0, Diff: 0, Sum: 0, Workers: 4
[4705.570s][debug][gc,phases      ] GC(232)     Total                          Min: 0, Avg:  0.0, Max: 0, Diff: 0, Sum: 0, Workers: 4
[4705.570s][debug][gc,phases      ] GC(232)   Weak JFR Old Object Samples    Min:  0.0, Avg:  0.0, Max:  0.0, Diff:  0.0, Sum:  0.0, Workers: 4
[4705.570s][debug][gc,phases      ] GC(232)     Dead                           Min: 0, Avg:  0.0, Max: 0, Diff: 0, Sum: 0, Workers: 4
[4705.570s][debug][gc,phases      ] GC(232)     Total                          Min: 0, Avg:  0.0, Max: 0, Diff: 0, Sum: 0, Workers: 4
[4705.570s][debug][gc,phases      ] GC(232) Weak Processing 0.320ms
[4705.570s][debug][gc,age         ] GC(232) Desired survivor size 23068672 bytes, new threshold 15 (max threshold 15)
[4705.570s][info ][gc,heap        ] GC(232) PSYoungGen: 2045024K(2070016K)->576K(2074624K) Eden: 2044416K(2044416K)->0K(2051072K) From: 608K(25600K)->576K(23552K)
[4705.570s][info ][gc,heap        ] GC(232) ParOldGen: 251761K(422400K)->251769K(422400K)
[4705.570s][info ][gc,metaspace   ] GC(232) Metaspace: 80066K(80960K)->80066K(80960K) NonClass: 68704K(69120K)->68704K(69120K) Class: 11361K(11840K)->11361K(11840K)
[4705.570s][info ][gc             ] GC(232) Pause Young (Allocation Failure) 2242M->246M(2438M) 1.979ms
[4705.570s][info ][gc,cpu         ] GC(232) User=0.00s Sys=0.00s Real=0.00s
[4705.570s][info ][safepoint      ] Safepoint "ParallelGCFailedAllocation", Time since last: 32897618648 ns, Reaching safepoint: 44100 ns, At safepoint: 2062602 ns, Total: 2106702 ns
[4749.819s][info ][gc,start       ] GC(233) Pause Young (Allocation Failure)
[4749.820s][debug][gc,phases      ] GC(233) Scavenge 1.115ms
[4749.820s][debug][gc,ref         ] GC(233) Skipped phase 1 of Reference Processing: no references
[4749.820s][debug][gc,ref         ] GC(233) Skipped phase 2 of Reference Processing: no references
[4749.820s][debug][gc,ref         ] GC(233) Skipped phase 3 of Reference Processing: no references
[4749.820s][debug][gc,ref         ] GC(233) Skipped phase 4 of Reference Processing: no references
[4749.820s][debug][gc,phases      ] GC(233) Reference Processing 0.022ms
[4749.820s][debug][gc,phases      ] GC(233)   VM Weak                        Min:  0.0, Avg:  0.0, Max:  0.0, Diff:  0.0, Sum:  0.0, Workers: 4
[4749.820s][debug][gc,phases      ] GC(233)     Dead                           Min: 0, Avg:  0.0, Max: 0, Diff: 0, Sum: 0, Workers: 4
[4749.820s][debug][gc,phases      ] GC(233)     Total                          Min: 0, Avg: 148.0, Max: 592, Diff: 592, Sum: 592, Workers: 4
[4749.820s][debug][gc,phases      ] GC(233)   ObjectSynchronizer Weak        Min:  0.0, Avg:  0.0, Max:  0.0, Diff:  0.0, Sum:  0.0, Workers: 4
[4749.820s][debug][gc,phases      ] GC(233)     Dead                           Min: 0, Avg:  0.0, Max: 0, Diff: 0, Sum: 0, Workers: 4
[4749.820s][debug][gc,phases      ] GC(233)     Total                          Min: 0, Avg: 13.5, Max: 54, Diff: 54, Sum: 54, Workers: 4
[4749.820s][debug][gc,phases      ] GC(233)   JVMTI Tag Weak OopStorage      Min:  0.0, Avg:  0.0, Max:  0.0, Diff:  0.0, Sum:  0.0, Workers: 4
[4749.820s][debug][gc,phases      ] GC(233)     Dead                           Min: 0, Avg:  0.0, Max: 0, Diff: 0, Sum: 0, Workers: 4
[4749.820s][debug][gc,phases      ] GC(233)     Total                          Min: 0, Avg:  0.0, Max: 0, Diff: 0, Sum: 0, Workers: 4
[4749.820s][debug][gc,phases      ] GC(233)   StringTable Weak               Min:  0.1, Avg:  0.1, Max:  0.1, Diff:  0.0, Sum:  0.4, Workers: 4
[4749.820s][debug][gc,phases      ] GC(233)     Dead                           Min: 0, Avg:  0.0, Max: 0, Diff: 0, Sum: 0, Workers: 4
[4749.820s][debug][gc,phases      ] GC(233)     Total                          Min: 9536, Avg: 10879.2, Max: 12672, Diff: 3136, Sum: 43517, Workers: 4
[4749.820s][debug][gc,phases      ] GC(233)   ResolvedMethodTable Weak       Min:  0.0, Avg:  0.0, Max:  0.0, Diff:  0.0, Sum:  0.1, Workers: 4
[4749.820s][debug][gc,phases      ] GC(233)     Dead                           Min: 0, Avg:  0.0, Max: 0, Diff: 0, Sum: 0, Workers: 4
[4749.820s][debug][gc,phases      ] GC(233)     Total                          Min: 2169, Avg: 2219.8, Max: 2304, Diff: 135, Sum: 8879, Workers: 4
[4749.820s][debug][gc,phases      ] GC(233)   JNI Weak                       Min:  0.0, Avg:  0.0, Max:  0.0, Diff:  0.0, Sum:  0.0, Workers: 4
[4749.820s][debug][gc,phases      ] GC(233)     Dead                           Min: 0, Avg:  0.0, Max: 0, Diff: 0, Sum: 0, Workers: 4
[4749.820s][debug][gc,phases      ] GC(233)     Total                          Min: 0, Avg: 11.2, Max: 45, Diff: 45, Sum: 45, Workers: 4
[4749.820s][debug][gc,phases      ] GC(233)   StringDedup Table Weak         Min:  0.0, Avg:  0.0, Max:  0.0, Diff:  0.0, Sum:  0.0, Workers: 4
[4749.820s][debug][gc,phases      ] GC(233)     Dead                           Min: 0, Avg:  0.0, Max: 0, Diff: 0, Sum: 0, Workers: 4
[4749.820s][debug][gc,phases      ] GC(233)     Total                          Min: 0, Avg:  0.0, Max: 0, Diff: 0, Sum: 0, Workers: 4
[4749.821s][debug][gc,phases      ] GC(233)   StringDedup Requests0 Weak     Min:  0.0, Avg:  0.0, Max:  0.0, Diff:  0.0, Sum:  0.0, Workers: 4
[4749.821s][debug][gc,phases      ] GC(233)     Dead                           Min: 0, Avg:  0.0, Max: 0, Diff: 0, Sum: 0, Workers: 4
[4749.821s][debug][gc,phases      ] GC(233)     Total                          Min: 0, Avg:  0.0, Max: 0, Diff: 0, Sum: 0, Workers: 4
[4749.821s][debug][gc,phases      ] GC(233)   StringDedup Requests1 Weak     Min:  0.0, Avg:  0.0, Max:  0.0, Diff:  0.0, Sum:  0.0, Workers: 4
[4749.821s][debug][gc,phases      ] GC(233)     Dead                           Min: 0, Avg:  0.0, Max: 0, Diff: 0, Sum: 0, Workers: 4
[4749.821s][debug][gc,phases      ] GC(233)     Total                          Min: 0, Avg:  0.0, Max: 0, Diff: 0, Sum: 0, Workers: 4
[4749.821s][debug][gc,phases      ] GC(233)   Weak JFR Old Object Samples    Min:  0.0, Avg:  0.0, Max:  0.0, Diff:  0.0, Sum:  0.0, Workers: 4
[4749.821s][debug][gc,phases      ] GC(233)     Dead                           Min: 0, Avg:  0.0, Max: 0, Diff: 0, Sum: 0, Workers: 4
[4749.821s][debug][gc,phases      ] GC(233)     Total                          Min: 0, Avg:  0.0, Max: 0, Diff: 0, Sum: 0, Workers: 4
[4749.821s][debug][gc,phases      ] GC(233) Weak Processing 0.283ms
[4749.821s][debug][gc,age         ] GC(233) Desired survivor size 21495808 bytes, new threshold 15 (max threshold 15)
[4749.821s][info ][gc,heap        ] GC(233) PSYoungGen: 2051648K(2074624K)->576K(2073600K) Eden: 2051072K(2051072K)->0K(2051072K) From: 576K(23552K)->576K(22528K)
[4749.821s][info ][gc,heap        ] GC(233) ParOldGen: 251769K(422400K)->251777K(422400K)
[4749.821s][info ][gc,metaspace   ] GC(233) Metaspace: 80066K(80960K)->80066K(80960K) NonClass: 68704K(69120K)->68704K(69120K) Class: 11361K(11840K)->11361K(11840K)
[4749.821s][info ][gc             ] GC(233) Pause Young (Allocation Failure) 2249M->246M(2437M) 1.498ms
[4749.821s][info ][gc,cpu         ] GC(233) User=0.00s Sys=0.00s Real=0.00s
[4749.821s][info ][safepoint      ] Safepoint "ParallelGCFailedAllocation", Time since last: 44249077632 ns, Reaching safepoint: 89800 ns, At safepoint: 1596102 ns, Total: 1685902 ns
[4794.769s][info ][gc,start       ] GC(234) Pause Young (Allocation Failure)
[4794.770s][debug][gc,phases      ] GC(234) Scavenge 0.723ms
[4794.770s][debug][gc,ref         ] GC(234) Skipped phase 1 of Reference Processing: no references
[4794.770s][debug][gc,ref         ] GC(234) Skipped phase 2 of Reference Processing: no references
[4794.770s][debug][gc,ref         ] GC(234) Skipped phase 3 of Reference Processing: no references
[4794.770s][debug][gc,ref         ] GC(234) Skipped phase 4 of Reference Processing: no references
[4794.770s][debug][gc,phases      ] GC(234) Reference Processing 0.036ms
[4794.770s][debug][gc,phases      ] GC(234)   VM Weak                        Min:  0.0, Avg:  0.0, Max:  0.0, Diff:  0.0, Sum:  0.0, Workers: 4
[4794.770s][debug][gc,phases      ] GC(234)     Dead                           Min: 0, Avg:  0.0, Max: 0, Diff: 0, Sum: 0, Workers: 4
[4794.770s][debug][gc,phases      ] GC(234)     Total                          Min: 0, Avg: 148.0, Max: 529, Diff: 529, Sum: 592, Workers: 4
[4794.770s][debug][gc,phases      ] GC(234)   ObjectSynchronizer Weak        Min:  0.0, Avg:  0.0, Max:  0.0, Diff:  0.0, Sum:  0.0, Workers: 4
[4794.770s][debug][gc,phases      ] GC(234)     Dead                           Min: 0, Avg:  0.0, Max: 0, Diff: 0, Sum: 0, Workers: 4
[4794.770s][debug][gc,phases      ] GC(234)     Total                          Min: 0, Avg: 13.5, Max: 54, Diff: 54, Sum: 54, Workers: 4
[4794.770s][debug][gc,phases      ] GC(234)   JVMTI Tag Weak OopStorage      Min:  0.0, Avg:  0.0, Max:  0.0, Diff:  0.0, Sum:  0.0, Workers: 4
[4794.770s][debug][gc,phases      ] GC(234)     Dead                           Min: 0, Avg:  0.0, Max: 0, Diff: 0, Sum: 0, Workers: 4
[4794.770s][debug][gc,phases      ] GC(234)     Total                          Min: 0, Avg:  0.0, Max: 0, Diff: 0, Sum: 0, Workers: 4
[4794.770s][debug][gc,phases      ] GC(234)   StringTable Weak               Min:  0.1, Avg:  0.1, Max:  0.1, Diff:  0.0, Sum:  0.4, Workers: 4
[4794.770s][debug][gc,phases      ] GC(234)     Dead                           Min: 0, Avg:  0.0, Max: 0, Diff: 0, Sum: 0, Workers: 4
[4794.770s][debug][gc,phases      ] GC(234)     Total                          Min: 10112, Avg: 10879.2, Max: 12096, Diff: 1984, Sum: 43517, Workers: 4
[4794.770s][debug][gc,phases      ] GC(234)   ResolvedMethodTable Weak       Min:  0.0, Avg:  0.0, Max:  0.0, Diff:  0.0, Sum:  0.1, Workers: 4
[4794.770s][debug][gc,phases      ] GC(234)     Dead                           Min: 0, Avg:  0.0, Max: 0, Diff: 0, Sum: 0, Workers: 4
[4794.770s][debug][gc,phases      ] GC(234)     Total                          Min: 2174, Avg: 2219.8, Max: 2292, Diff: 118, Sum: 8879, Workers: 4
[4794.770s][debug][gc,phases      ] GC(234)   JNI Weak                       Min:  0.0, Avg:  0.0, Max:  0.0, Diff:  0.0, Sum:  0.0, Workers: 4
[4794.770s][debug][gc,phases      ] GC(234)     Dead                           Min: 0, Avg:  0.0, Max: 0, Diff: 0, Sum: 0, Workers: 4
[4794.770s][debug][gc,phases      ] GC(234)     Total                          Min: 0, Avg: 11.2, Max: 45, Diff: 45, Sum: 45, Workers: 4
[4794.770s][debug][gc,phases      ] GC(234)   StringDedup Table Weak         Min:  0.0, Avg:  0.0, Max:  0.0, Diff:  0.0, Sum:  0.0, Workers: 4
[4794.770s][debug][gc,phases      ] GC(234)     Dead                           Min: 0, Avg:  0.0, Max: 0, Diff: 0, Sum: 0, Workers: 4
[4794.770s][debug][gc,phases      ] GC(234)     Total                          Min: 0, Avg:  0.0, Max: 0, Diff: 0, Sum: 0, Workers: 4
[4794.770s][debug][gc,phases      ] GC(234)   StringDedup Requests0 Weak     Min:  0.0, Avg:  0.0, Max:  0.0, Diff:  0.0, Sum:  0.0, Workers: 4
[4794.770s][debug][gc,phases      ] GC(234)     Dead                           Min: 0, Avg:  0.0, Max: 0, Diff: 0, Sum: 0, Workers: 4
[4794.770s][debug][gc,phases      ] GC(234)     Total                          Min: 0, Avg:  0.0, Max: 0, Diff: 0, Sum: 0, Workers: 4
[4794.770s][debug][gc,phases      ] GC(234)   StringDedup Requests1 Weak     Min:  0.0, Avg:  0.0, Max:  0.0, Diff:  0.0, Sum:  0.0, Workers: 4
[4794.770s][debug][gc,phases      ] GC(234)     Dead                           Min: 0, Avg:  0.0, Max: 0, Diff: 0, Sum: 0, Workers: 4
[4794.770s][debug][gc,phases      ] GC(234)     Total                          Min: 0, Avg:  0.0, Max: 0, Diff: 0, Sum: 0, Workers: 4
[4794.770s][debug][gc,phases      ] GC(234)   Weak JFR Old Object Samples    Min:  0.0, Avg:  0.0, Max:  0.0, Diff:  0.0, Sum:  0.0, Workers: 4
[4794.770s][debug][gc,phases      ] GC(234)     Dead                           Min: 0, Avg:  0.0, Max: 0, Diff: 0, Sum: 0, Workers: 4
[4794.770s][debug][gc,phases      ] GC(234)     Total                          Min: 0, Avg:  0.0, Max: 0, Diff: 0, Sum: 0, Workers: 4
[4794.770s][debug][gc,phases      ] GC(234) Weak Processing 0.291ms
[4794.770s][debug][gc,age         ] GC(234) Desired survivor size 19922944 bytes, new threshold 15 (max threshold 15)
[4794.770s][info ][gc,heap        ] GC(234) PSYoungGen: 2051648K(2073600K)->608K(2077696K) Eden: 2051072K(2051072K)->0K(2056704K) From: 576K(22528K)->608K(20992K)
[4794.770s][info ][gc,heap        ] GC(234) ParOldGen: 251777K(422400K)->251785K(422400K)
[4794.770s][info ][gc,metaspace   ] GC(234) Metaspace: 80066K(80960K)->80066K(80960K) NonClass: 68704K(69120K)->68704K(69120K) Class: 11361K(11840K)->11361K(11840K)
[4794.770s][info ][gc             ] GC(234) Pause Young (Allocation Failure) 2249M->246M(2441M) 1.133ms
[4794.770s][info ][gc,cpu         ] GC(234) User=0.00s Sys=0.00s Real=0.00s
[4794.770s][info ][safepoint      ] Safepoint "ParallelGCFailedAllocation", Time since last: 44948358364 ns, Reaching safepoint: 24900 ns, At safepoint: 1214401 ns, Total: 1239301 ns
[4839.517s][info ][gc,start       ] GC(235) Pause Young (Allocation Failure)
[4839.519s][debug][gc,phases      ] GC(235) Scavenge 1.530ms
[4839.519s][debug][gc,ref         ] GC(235) Skipped phase 1 of Reference Processing: no references
[4839.519s][debug][gc,ref         ] GC(235) Skipped phase 2 of Reference Processing: no references
[4839.519s][debug][gc,ref         ] GC(235) Skipped phase 3 of Reference Processing: no references
[4839.519s][debug][gc,ref         ] GC(235) Skipped phase 4 of Reference Processing: no references
[4839.519s][debug][gc,phases      ] GC(235) Reference Processing 0.030ms
[4839.519s][debug][gc,phases      ] GC(235)   VM Weak                        Min:  0.0, Avg:  0.0, Max:  0.0, Diff:  0.0, Sum:  0.0, Workers: 4
[4839.519s][debug][gc,phases      ] GC(235)     Dead                           Min: 0, Avg:  0.0, Max: 0, Diff: 0, Sum: 0, Workers: 4
[4839.519s][debug][gc,phases      ] GC(235)     Total                          Min: 0, Avg: 148.0, Max: 419, Diff: 419, Sum: 592, Workers: 4
[4839.519s][debug][gc,phases      ] GC(235)   ObjectSynchronizer Weak        Min:  0.0, Avg:  0.0, Max:  0.0, Diff:  0.0, Sum:  0.0, Workers: 4
[4839.519s][debug][gc,phases      ] GC(235)     Dead                           Min: 0, Avg:  0.0, Max: 0, Diff: 0, Sum: 0, Workers: 4
[4839.519s][debug][gc,phases      ] GC(235)     Total                          Min: 0, Avg: 13.5, Max: 54, Diff: 54, Sum: 54, Workers: 4
[4839.519s][debug][gc,phases      ] GC(235)   JVMTI Tag Weak OopStorage      Min:  0.0, Avg:  0.0, Max:  0.0, Diff:  0.0, Sum:  0.0, Workers: 4
[4839.519s][debug][gc,phases      ] GC(235)     Dead                           Min: 0, Avg:  0.0, Max: 0, Diff: 0, Sum: 0, Workers: 4
[4839.519s][debug][gc,phases      ] GC(235)     Total                          Min: 0, Avg:  0.0, Max: 0, Diff: 0, Sum: 0, Workers: 4
[4839.519s][debug][gc,phases      ] GC(235)   StringTable Weak               Min:  0.0, Avg:  0.1, Max:  0.1, Diff:  0.1, Sum:  0.3, Workers: 4
[4839.519s][debug][gc,phases      ] GC(235)     Dead                           Min: 0, Avg:  0.0, Max: 0, Diff: 0, Sum: 0, Workers: 4
[4839.519s][debug][gc,phases      ] GC(235)     Total                          Min: 0, Avg: 10879.2, Max: 17726, Diff: 17726, Sum: 43517, Workers: 4
[4839.519s][debug][gc,phases      ] GC(235)   ResolvedMethodTable Weak       Min:  0.0, Avg:  0.0, Max:  0.0, Diff:  0.0, Sum:  0.1, Workers: 4
[4839.519s][debug][gc,phases      ] GC(235)     Dead                           Min: 0, Avg:  0.0, Max: 0, Diff: 0, Sum: 0, Workers: 4
[4839.519s][debug][gc,phases      ] GC(235)     Total                          Min: 0, Avg: 2219.8, Max: 3836, Diff: 3836, Sum: 8879, Workers: 4
[4839.519s][debug][gc,phases      ] GC(235)   JNI Weak                       Min:  0.0, Avg:  0.0, Max:  0.0, Diff:  0.0, Sum:  0.0, Workers: 4
[4839.519s][debug][gc,phases      ] GC(235)     Dead                           Min: 0, Avg:  0.0, Max: 0, Diff: 0, Sum: 0, Workers: 4
[4839.519s][debug][gc,phases      ] GC(235)     Total                          Min: 0, Avg: 11.2, Max: 45, Diff: 45, Sum: 45, Workers: 4
[4839.519s][debug][gc,phases      ] GC(235)   StringDedup Table Weak         Min:  0.0, Avg:  0.0, Max:  0.0, Diff:  0.0, Sum:  0.0, Workers: 4
[4839.519s][debug][gc,phases      ] GC(235)     Dead                           Min: 0, Avg:  0.0, Max: 0, Diff: 0, Sum: 0, Workers: 4
[4839.519s][debug][gc,phases      ] GC(235)     Total                          Min: 0, Avg:  0.0, Max: 0, Diff: 0, Sum: 0, Workers: 4
[4839.519s][debug][gc,phases      ] GC(235)   StringDedup Requests0 Weak     Min:  0.0, Avg:  0.0, Max:  0.0, Diff:  0.0, Sum:  0.0, Workers: 4
[4839.519s][debug][gc,phases      ] GC(235)     Dead                           Min: 0, Avg:  0.0, Max: 0, Diff: 0, Sum: 0, Workers: 4
[4839.519s][debug][gc,phases      ] GC(235)     Total                          Min: 0, Avg:  0.0, Max: 0, Diff: 0, Sum: 0, Workers: 4
[4839.519s][debug][gc,phases      ] GC(235)   StringDedup Requests1 Weak     Min:  0.0, Avg:  0.0, Max:  0.0, Diff:  0.0, Sum:  0.0, Workers: 4
[4839.519s][debug][gc,phases      ] GC(235)     Dead                           Min: 0, Avg:  0.0, Max: 0, Diff: 0, Sum: 0, Workers: 4
[4839.519s][debug][gc,phases      ] GC(235)     Total                          Min: 0, Avg:  0.0, Max: 0, Diff: 0, Sum: 0, Workers: 4
[4839.519s][debug][gc,phases      ] GC(235)   Weak JFR Old Object Samples    Min:  0.0, Avg:  0.0, Max:  0.0, Diff:  0.0, Sum:  0.0, Workers: 4
[4839.519s][debug][gc,phases      ] GC(235)     Dead                           Min: 0, Avg:  0.0, Max: 0, Diff: 0, Sum: 0, Workers: 4
[4839.519s][debug][gc,phases      ] GC(235)     Total                          Min: 0, Avg:  0.0, Max: 0, Diff: 0, Sum: 0, Workers: 4
[4839.519s][debug][gc,phases      ] GC(235) Weak Processing 0.294ms
[4839.519s][debug][gc,age         ] GC(235) Desired survivor size 18350080 bytes, new threshold 15 (max threshold 15)
[4839.519s][info ][gc,heap        ] GC(235) PSYoungGen: 2057312K(2077696K)->672K(2076160K) Eden: 2056704K(2056704K)->0K(2056704K) From: 608K(20992K)->672K(19456K)
[4839.519s][info ][gc,heap        ] GC(235) ParOldGen: 251785K(422400K)->251793K(422400K)
[4839.519s][info ][gc,metaspace   ] GC(235) Metaspace: 80066K(80960K)->80066K(80960K) NonClass: 68704K(69120K)->68704K(69120K) Class: 11361K(11840K)->11361K(11840K)
[4839.519s][info ][gc             ] GC(235) Pause Young (Allocation Failure) 2254M->246M(2440M) 1.949ms
[4839.519s][info ][gc,cpu         ] GC(235) User=0.01s Sys=0.00s Real=0.01s
[4839.519s][info ][safepoint      ] Safepoint "ParallelGCFailedAllocation", Time since last: 44747009177 ns, Reaching safepoint: 44800 ns, At safepoint: 2027302 ns, Total: 2072102 ns
[4883.717s][info ][gc,start       ] GC(236) Pause Young (Allocation Failure)
[4883.718s][debug][gc,phases      ] GC(236) Scavenge 1.281ms
[4883.718s][debug][gc,ref         ] GC(236) Skipped phase 1 of Reference Processing: no references
[4883.718s][debug][gc,ref         ] GC(236) Skipped phase 2 of Reference Processing: no references
[4883.718s][debug][gc,ref         ] GC(236) Skipped phase 3 of Reference Processing: no references
[4883.718s][debug][gc,ref         ] GC(236) Skipped phase 4 of Reference Processing: no references
[4883.718s][debug][gc,phases      ] GC(236) Reference Processing 0.052ms
[4883.719s][debug][gc,phases      ] GC(236)   VM Weak                        Min:  0.0, Avg:  0.0, Max:  0.0, Diff:  0.0, Sum:  0.0, Workers: 4
[4883.719s][debug][gc,phases      ] GC(236)     Dead                           Min: 0, Avg:  0.0, Max: 0, Diff: 0, Sum: 0, Workers: 4
[4883.719s][debug][gc,phases      ] GC(236)     Total                          Min: 0, Avg: 148.0, Max: 372, Diff: 372, Sum: 592, Workers: 4
[4883.719s][debug][gc,phases      ] GC(236)   ObjectSynchronizer Weak        Min:  0.0, Avg:  0.0, Max:  0.0, Diff:  0.0, Sum:  0.0, Workers: 4
[4883.719s][debug][gc,phases      ] GC(236)     Dead                           Min: 0, Avg:  0.0, Max: 0, Diff: 0, Sum: 0, Workers: 4
[4883.719s][debug][gc,phases      ] GC(236)     Total                          Min: 0, Avg: 13.5, Max: 54, Diff: 54, Sum: 54, Workers: 4
[4883.719s][debug][gc,phases      ] GC(236)   JVMTI Tag Weak OopStorage      Min:  0.0, Avg:  0.0, Max:  0.0, Diff:  0.0, Sum:  0.0, Workers: 4
[4883.719s][debug][gc,phases      ] GC(236)     Dead                           Min: 0, Avg:  0.0, Max: 0, Diff: 0, Sum: 0, Workers: 4
[4883.719s][debug][gc,phases      ] GC(236)     Total                          Min: 0, Avg:  0.0, Max: 0, Diff: 0, Sum: 0, Workers: 4
[4883.719s][debug][gc,phases      ] GC(236)   StringTable Weak               Min:  0.0, Avg:  0.1, Max:  0.1, Diff:  0.1, Sum:  0.4, Workers: 4
[4883.719s][debug][gc,phases      ] GC(236)     Dead                           Min: 0, Avg:  0.0, Max: 0, Diff: 0, Sum: 0, Workers: 4
[4883.719s][debug][gc,phases      ] GC(236)     Total                          Min: 0, Avg: 10879.2, Max: 14656, Diff: 14656, Sum: 43517, Workers: 4
[4883.719s][debug][gc,phases      ] GC(236)   ResolvedMethodTable Weak       Min:  0.0, Avg:  0.0, Max:  0.0, Diff:  0.0, Sum:  0.1, Workers: 4
[4883.719s][debug][gc,phases      ] GC(236)     Dead                           Min: 0, Avg:  0.0, Max: 0, Diff: 0, Sum: 0, Workers: 4
[4883.719s][debug][gc,phases      ] GC(236)     Total                          Min: 0, Avg: 2219.8, Max: 3060, Diff: 3060, Sum: 8879, Workers: 4
[4883.719s][debug][gc,phases      ] GC(236)   JNI Weak                       Min:  0.0, Avg:  0.0, Max:  0.0, Diff:  0.0, Sum:  0.0, Workers: 4
[4883.719s][debug][gc,phases      ] GC(236)     Dead                           Min: 0, Avg:  0.0, Max: 0, Diff: 0, Sum: 0, Workers: 4
[4883.719s][debug][gc,phases      ] GC(236)     Total                          Min: 0, Avg: 11.2, Max: 45, Diff: 45, Sum: 45, Workers: 4
[4883.719s][debug][gc,phases      ] GC(236)   StringDedup Table Weak         Min:  0.0, Avg:  0.0, Max:  0.0, Diff:  0.0, Sum:  0.0, Workers: 4
[4883.719s][debug][gc,phases      ] GC(236)     Dead                           Min: 0, Avg:  0.0, Max: 0, Diff: 0, Sum: 0, Workers: 4
[4883.719s][debug][gc,phases      ] GC(236)     Total                          Min: 0, Avg:  0.0, Max: 0, Diff: 0, Sum: 0, Workers: 4
[4883.719s][debug][gc,phases      ] GC(236)   StringDedup Requests0 Weak     Min:  0.0, Avg:  0.0, Max:  0.0, Diff:  0.0, Sum:  0.0, Workers: 4
[4883.719s][debug][gc,phases      ] GC(236)     Dead                           Min: 0, Avg:  0.0, Max: 0, Diff: 0, Sum: 0, Workers: 4
[4883.719s][debug][gc,phases      ] GC(236)     Total                          Min: 0, Avg:  0.0, Max: 0, Diff: 0, Sum: 0, Workers: 4
[4883.719s][debug][gc,phases      ] GC(236)   StringDedup Requests1 Weak     Min:  0.0, Avg:  0.0, Max:  0.0, Diff:  0.0, Sum:  0.0, Workers: 4
[4883.719s][debug][gc,phases      ] GC(236)     Dead                           Min: 0, Avg:  0.0, Max: 0, Diff: 0, Sum: 0, Workers: 4
[4883.719s][debug][gc,phases      ] GC(236)     Total                          Min: 0, Avg:  0.0, Max: 0, Diff: 0, Sum: 0, Workers: 4
[4883.719s][debug][gc,phases      ] GC(236)   Weak JFR Old Object Samples    Min:  0.0, Avg:  0.0, Max:  0.0, Diff:  0.0, Sum:  0.0, Workers: 4
[4883.719s][debug][gc,phases      ] GC(236)     Dead                           Min: 0, Avg:  0.0, Max: 0, Diff: 0, Sum: 0, Workers: 4
[4883.719s][debug][gc,phases      ] GC(236)     Total                          Min: 0, Avg:  0.0, Max: 0, Diff: 0, Sum: 0, Workers: 4
[4883.719s][debug][gc,phases      ] GC(236) Weak Processing 0.415ms
[4883.719s][debug][gc,age         ] GC(236) Desired survivor size 17301504 bytes, new threshold 15 (max threshold 15)
[4883.719s][info ][gc,heap        ] GC(236) PSYoungGen: 2057376K(2076160K)->608K(2080256K) Eden: 2056704K(2056704K)->0K(2062336K) From: 672K(19456K)->608K(17920K)
[4883.719s][info ][gc,heap        ] GC(236) ParOldGen: 251793K(422400K)->251801K(422400K)
[4883.719s][info ][gc,metaspace   ] GC(236) Metaspace: 80066K(80960K)->80066K(80960K) NonClass: 68704K(69120K)->68704K(69120K) Class: 11361K(11840K)->11361K(11840K)
[4883.719s][info ][gc             ] GC(236) Pause Young (Allocation Failure) 2255M->246M(2444M) 1.868ms
[4883.719s][info ][gc,cpu         ] GC(236) User=0.00s Sys=0.00s Real=0.01s
[4883.719s][info ][safepoint      ] Safepoint "ParallelGCFailedAllocation", Time since last: 44197642091 ns, Reaching safepoint: 106500 ns, At safepoint: 1974302 ns, Total: 2080802 ns
[4928.517s][info ][gc,start       ] GC(237) Pause Young (Allocation Failure)
[4928.518s][debug][gc,phases      ] GC(237) Scavenge 1.493ms
[4928.518s][debug][gc,ref         ] GC(237) Skipped phase 1 of Reference Processing: no references
[4928.518s][debug][gc,ref         ] GC(237) Skipped phase 2 of Reference Processing: no references
[4928.518s][debug][gc,ref         ] GC(237) Skipped phase 3 of Reference Processing: no references
[4928.518s][debug][gc,ref         ] GC(237) Skipped phase 4 of Reference Processing: no references
[4928.518s][debug][gc,phases      ] GC(237) Reference Processing 0.031ms
[4928.519s][debug][gc,phases      ] GC(237)   VM Weak                        Min:  0.0, Avg:  0.0, Max:  0.0, Diff:  0.0, Sum:  0.0, Workers: 4
[4928.519s][debug][gc,phases      ] GC(237)     Dead                           Min: 0, Avg:  0.0, Max: 0, Diff: 0, Sum: 0, Workers: 4
[4928.519s][debug][gc,phases      ] GC(237)     Total                          Min: 0, Avg: 148.0, Max: 451, Diff: 451, Sum: 592, Workers: 4
[4928.519s][debug][gc,phases      ] GC(237)   ObjectSynchronizer Weak        Min:  0.0, Avg:  0.0, Max:  0.0, Diff:  0.0, Sum:  0.0, Workers: 4
[4928.519s][debug][gc,phases      ] GC(237)     Dead                           Min: 0, Avg:  0.0, Max: 0, Diff: 0, Sum: 0, Workers: 4
[4928.519s][debug][gc,phases      ] GC(237)     Total                          Min: 0, Avg: 13.5, Max: 54, Diff: 54, Sum: 54, Workers: 4
[4928.519s][debug][gc,phases      ] GC(237)   JVMTI Tag Weak OopStorage      Min:  0.0, Avg:  0.0, Max:  0.0, Diff:  0.0, Sum:  0.0, Workers: 4
[4928.519s][debug][gc,phases      ] GC(237)     Dead                           Min: 0, Avg:  0.0, Max: 0, Diff: 0, Sum: 0, Workers: 4
[4928.519s][debug][gc,phases      ] GC(237)     Total                          Min: 0, Avg:  0.0, Max: 0, Diff: 0, Sum: 0, Workers: 4
[4928.519s][debug][gc,phases      ] GC(237)   StringTable Weak               Min:  0.0, Avg:  0.1, Max:  0.2, Diff:  0.2, Sum:  0.4, Workers: 4
[4928.519s][debug][gc,phases      ] GC(237)     Dead                           Min: 0, Avg:  0.0, Max: 0, Diff: 0, Sum: 0, Workers: 4
[4928.519s][debug][gc,phases      ] GC(237)     Total                          Min: 0, Avg: 10879.2, Max: 22079, Diff: 22079, Sum: 43517, Workers: 4
[4928.519s][debug][gc,phases      ] GC(237)   ResolvedMethodTable Weak       Min:  0.0, Avg:  0.0, Max:  0.0, Diff:  0.0, Sum:  0.1, Workers: 4
[4928.519s][debug][gc,phases      ] GC(237)     Dead                           Min: 0, Avg:  0.0, Max: 0, Diff: 0, Sum: 0, Workers: 4
[4928.519s][debug][gc,phases      ] GC(237)     Total                          Min: 0, Avg: 2219.8, Max: 4670, Diff: 4670, Sum: 8879, Workers: 4
[4928.519s][debug][gc,phases      ] GC(237)   JNI Weak                       Min:  0.0, Avg:  0.0, Max:  0.0, Diff:  0.0, Sum:  0.0, Workers: 4
[4928.519s][debug][gc,phases      ] GC(237)     Dead                           Min: 0, Avg:  0.0, Max: 0, Diff: 0, Sum: 0, Workers: 4
[4928.519s][debug][gc,phases      ] GC(237)     Total                          Min: 0, Avg: 11.2, Max: 45, Diff: 45, Sum: 45, Workers: 4
[4928.519s][debug][gc,phases      ] GC(237)   StringDedup Table Weak         Min:  0.0, Avg:  0.0, Max:  0.0, Diff:  0.0, Sum:  0.0, Workers: 4
[4928.519s][debug][gc,phases      ] GC(237)     Dead                           Min: 0, Avg:  0.0, Max: 0, Diff: 0, Sum: 0, Workers: 4
[4928.519s][debug][gc,phases      ] GC(237)     Total                          Min: 0, Avg:  0.0, Max: 0, Diff: 0, Sum: 0, Workers: 4
[4928.519s][debug][gc,phases      ] GC(237)   StringDedup Requests0 Weak     Min:  0.0, Avg:  0.0, Max:  0.0, Diff:  0.0, Sum:  0.0, Workers: 4
[4928.519s][debug][gc,phases      ] GC(237)     Dead                           Min: 0, Avg:  0.0, Max: 0, Diff: 0, Sum: 0, Workers: 4
[4928.519s][debug][gc,phases      ] GC(237)     Total                          Min: 0, Avg:  0.0, Max: 0, Diff: 0, Sum: 0, Workers: 4
[4928.519s][debug][gc,phases      ] GC(237)   StringDedup Requests1 Weak     Min:  0.0, Avg:  0.0, Max:  0.0, Diff:  0.0, Sum:  0.0, Workers: 4
[4928.519s][debug][gc,phases      ] GC(237)     Dead                           Min: 0, Avg:  0.0, Max: 0, Diff: 0, Sum: 0, Workers: 4
[4928.519s][debug][gc,phases      ] GC(237)     Total                          Min: 0, Avg:  0.0, Max: 0, Diff: 0, Sum: 0, Workers: 4
[4928.519s][debug][gc,phases      ] GC(237)   Weak JFR Old Object Samples    Min:  0.0, Avg:  0.0, Max:  0.0, Diff:  0.0, Sum:  0.0, Workers: 4
[4928.519s][debug][gc,phases      ] GC(237)     Dead                           Min: 0, Avg:  0.0, Max: 0, Diff: 0, Sum: 0, Workers: 4
[4928.519s][debug][gc,phases      ] GC(237)     Total                          Min: 0, Avg:  0.0, Max: 0, Diff: 0, Sum: 0, Workers: 4
[4928.519s][debug][gc,phases      ] GC(237) Weak Processing 0.471ms
[4928.519s][debug][gc,age         ] GC(237) Desired survivor size 16252928 bytes, new threshold 15 (max threshold 15)
[4928.519s][info ][gc,heap        ] GC(237) PSYoungGen: 2062944K(2080256K)->608K(2079232K) Eden: 2062336K(2062336K)->0K(2062336K) From: 608K(17920K)->608K(16896K)
[4928.519s][info ][gc,heap        ] GC(237) ParOldGen: 251801K(422400K)->251809K(422400K)
[4928.519s][info ][gc,metaspace   ] GC(237) Metaspace: 80066K(80960K)->80066K(80960K) NonClass: 68704K(69120K)->68704K(69120K) Class: 11361K(11840K)->11361K(11840K)
[4928.519s][info ][gc             ] GC(237) Pause Young (Allocation Failure) 2260M->246M(2443M) 2.127ms
[4928.519s][info ][gc,cpu         ] GC(237) User=0.01s Sys=0.00s Real=0.01s
[4928.519s][info ][safepoint      ] Safepoint "ParallelGCFailedAllocation", Time since last: 44797615959 ns, Reaching safepoint: 109900 ns, At safepoint: 2224103 ns, Total: 2334003 ns
[4973.319s][info ][gc,start       ] GC(238) Pause Young (Allocation Failure)
[4973.320s][debug][gc,phases      ] GC(238) Scavenge 1.425ms
[4973.320s][debug][gc,ref         ] GC(238) Skipped phase 1 of Reference Processing: no references
[4973.320s][debug][gc,ref         ] GC(238) Skipped phase 2 of Reference Processing: no references
[4973.320s][debug][gc,ref         ] GC(238) Skipped phase 3 of Reference Processing: no references
[4973.320s][debug][gc,ref         ] GC(238) Skipped phase 4 of Reference Processing: no references
[4973.320s][debug][gc,phases      ] GC(238) Reference Processing 0.033ms
[4973.320s][debug][gc,phases      ] GC(238)   VM Weak                        Min:  0.0, Avg:  0.0, Max:  0.0, Diff:  0.0, Sum:  0.0, Workers: 4
[4973.320s][debug][gc,phases      ] GC(238)     Dead                           Min: 0, Avg:  0.0, Max: 0, Diff: 0, Sum: 0, Workers: 4
[4973.320s][debug][gc,phases      ] GC(238)     Total                          Min: 0, Avg: 148.0, Max: 473, Diff: 473, Sum: 592, Workers: 4
[4973.320s][debug][gc,phases      ] GC(238)   ObjectSynchronizer Weak        Min:  0.0, Avg:  0.0, Max:  0.0, Diff:  0.0, Sum:  0.0, Workers: 4
[4973.320s][debug][gc,phases      ] GC(238)     Dead                           Min: 0, Avg:  0.0, Max: 0, Diff: 0, Sum: 0, Workers: 4
[4973.320s][debug][gc,phases      ] GC(238)     Total                          Min: 0, Avg: 13.5, Max: 54, Diff: 54, Sum: 54, Workers: 4
[4973.320s][debug][gc,phases      ] GC(238)   JVMTI Tag Weak OopStorage      Min:  0.0, Avg:  0.0, Max:  0.0, Diff:  0.0, Sum:  0.0, Workers: 4
[4973.320s][debug][gc,phases      ] GC(238)     Dead                           Min: 0, Avg:  0.0, Max: 0, Diff: 0, Sum: 0, Workers: 4
[4973.320s][debug][gc,phases      ] GC(238)     Total                          Min: 0, Avg:  0.0, Max: 0, Diff: 0, Sum: 0, Workers: 4
[4973.320s][debug][gc,phases      ] GC(238)   StringTable Weak               Min:  0.0, Avg:  0.1, Max:  0.1, Diff:  0.1, Sum:  0.4, Workers: 4
[4973.320s][debug][gc,phases      ] GC(238)     Dead                           Min: 0, Avg:  0.0, Max: 0, Diff: 0, Sum: 0, Workers: 4
[4973.320s][debug][gc,phases      ] GC(238)     Total                          Min: 0, Avg: 10879.2, Max: 14847, Diff: 14847, Sum: 43517, Workers: 4
[4973.320s][debug][gc,phases      ] GC(238)   ResolvedMethodTable Weak       Min:  0.0, Avg:  0.0, Max:  0.0, Diff:  0.0, Sum:  0.1, Workers: 4
[4973.320s][debug][gc,phases      ] GC(238)     Dead                           Min: 0, Avg:  0.0, Max: 0, Diff: 0, Sum: 0, Workers: 4
[4973.320s][debug][gc,phases      ] GC(238)     Total                          Min: 0, Avg: 2219.8, Max: 3064, Diff: 3064, Sum: 8879, Workers: 4
[4973.320s][debug][gc,phases      ] GC(238)   JNI Weak                       Min:  0.0, Avg:  0.0, Max:  0.0, Diff:  0.0, Sum:  0.0, Workers: 4
[4973.320s][debug][gc,phases      ] GC(238)     Dead                           Min: 0, Avg:  0.0, Max: 0, Diff: 0, Sum: 0, Workers: 4
[4973.320s][debug][gc,phases      ] GC(238)     Total                          Min: 0, Avg: 11.2, Max: 45, Diff: 45, Sum: 45, Workers: 4
[4973.321s][debug][gc,phases      ] GC(238)   StringDedup Table Weak         Min:  0.0, Avg:  0.0, Max:  0.0, Diff:  0.0, Sum:  0.0, Workers: 4
[4973.321s][debug][gc,phases      ] GC(238)     Dead                           Min: 0, Avg:  0.0, Max: 0, Diff: 0, Sum: 0, Workers: 4
[4973.321s][debug][gc,phases      ] GC(238)     Total                          Min: 0, Avg:  0.0, Max: 0, Diff: 0, Sum: 0, Workers: 4
[4973.321s][debug][gc,phases      ] GC(238)   StringDedup Requests0 Weak     Min:  0.0, Avg:  0.0, Max:  0.0, Diff:  0.0, Sum:  0.0, Workers: 4
[4973.321s][debug][gc,phases      ] GC(238)     Dead                           Min: 0, Avg:  0.0, Max: 0, Diff: 0, Sum: 0, Workers: 4
[4973.321s][debug][gc,phases      ] GC(238)     Total                          Min: 0, Avg:  0.0, Max: 0, Diff: 0, Sum: 0, Workers: 4
[4973.321s][debug][gc,phases      ] GC(238)   StringDedup Requests1 Weak     Min:  0.0, Avg:  0.0, Max:  0.0, Diff:  0.0, Sum:  0.0, Workers: 4
[4973.321s][debug][gc,phases      ] GC(238)     Dead                           Min: 0, Avg:  0.0, Max: 0, Diff: 0, Sum: 0, Workers: 4
[4973.321s][debug][gc,phases      ] GC(238)     Total                          Min: 0, Avg:  0.0, Max: 0, Diff: 0, Sum: 0, Workers: 4
[4973.321s][debug][gc,phases      ] GC(238)   Weak JFR Old Object Samples    Min:  0.0, Avg:  0.0, Max:  0.0, Diff:  0.0, Sum:  0.0, Workers: 4
[4973.321s][debug][gc,phases      ] GC(238)     Dead                           Min: 0, Avg:  0.0, Max: 0, Diff: 0, Sum: 0, Workers: 4
[4973.321s][debug][gc,phases      ] GC(238)     Total                          Min: 0, Avg:  0.0, Max: 0, Diff: 0, Sum: 0, Workers: 4
[4973.321s][debug][gc,phases      ] GC(238) Weak Processing 0.428ms
[4973.321s][debug][gc,age         ] GC(238) Desired survivor size 15204352 bytes, new threshold 15 (max threshold 15)
[4973.321s][info ][gc,heap        ] GC(238) PSYoungGen: 2062944K(2079232K)->608K(2082304K) Eden: 2062336K(2062336K)->0K(2066432K) From: 608K(16896K)->608K(15872K)
[4973.321s][info ][gc,heap        ] GC(238) ParOldGen: 251809K(422400K)->251817K(422400K)
[4973.321s][info ][gc,metaspace   ] GC(238) Metaspace: 80066K(80960K)->80066K(80960K) NonClass: 68704K(69120K)->68704K(69120K) Class: 11361K(11840K)->11361K(11840K)
[4973.321s][info ][gc             ] GC(238) Pause Young (Allocation Failure) 2260M->246M(2446M) 1.999ms
[4973.321s][info ][gc,cpu         ] GC(238) User=0.01s Sys=0.00s Real=0.00s
[4973.321s][info ][safepoint      ] Safepoint "ParallelGCFailedAllocation", Time since last: 44799555101 ns, Reaching safepoint: 107000 ns, At safepoint: 2078902 ns, Total: 2185902 ns
[5018.319s][info ][gc,start       ] GC(239) Pause Young (Allocation Failure)
[5018.320s][debug][gc,phases      ] GC(239) Scavenge 1.066ms
[5018.320s][debug][gc,ref         ] GC(239) Skipped phase 1 of Reference Processing: no references
[5018.320s][debug][gc,ref         ] GC(239) Skipped phase 2 of Reference Processing: no references
[5018.320s][debug][gc,ref         ] GC(239) Skipped phase 3 of Reference Processing: no references
[5018.320s][debug][gc,ref         ] GC(239) Skipped phase 4 of Reference Processing: no references
[5018.320s][debug][gc,phases      ] GC(239) Reference Processing 0.021ms
[5018.320s][debug][gc,phases      ] GC(239)   VM Weak                        Min:  0.0, Avg:  0.0, Max:  0.0, Diff:  0.0, Sum:  0.0, Workers: 4
[5018.320s][debug][gc,phases      ] GC(239)     Dead                           Min: 0, Avg:  0.0, Max: 0, Diff: 0, Sum: 0, Workers: 4
[5018.320s][debug][gc,phases      ] GC(239)     Total                          Min: 0, Avg: 148.0, Max: 592, Diff: 592, Sum: 592, Workers: 4
[5018.320s][debug][gc,phases      ] GC(239)   ObjectSynchronizer Weak        Min:  0.0, Avg:  0.0, Max:  0.0, Diff:  0.0, Sum:  0.0, Workers: 4
[5018.320s][debug][gc,phases      ] GC(239)     Dead                           Min: 0, Avg:  0.0, Max: 0, Diff: 0, Sum: 0, Workers: 4
[5018.320s][debug][gc,phases      ] GC(239)     Total                          Min: 0, Avg: 13.5, Max: 54, Diff: 54, Sum: 54, Workers: 4
[5018.320s][debug][gc,phases      ] GC(239)   JVMTI Tag Weak OopStorage      Min:  0.0, Avg:  0.0, Max:  0.0, Diff:  0.0, Sum:  0.0, Workers: 4
[5018.320s][debug][gc,phases      ] GC(239)     Dead                           Min: 0, Avg:  0.0, Max: 0, Diff: 0, Sum: 0, Workers: 4
[5018.320s][debug][gc,phases      ] GC(239)     Total                          Min: 0, Avg:  0.0, Max: 0, Diff: 0, Sum: 0, Workers: 4
[5018.320s][debug][gc,phases      ] GC(239)   StringTable Weak               Min:  0.0, Avg:  0.1, Max:  0.1, Diff:  0.1, Sum:  0.4, Workers: 4
[5018.320s][debug][gc,phases      ] GC(239)     Dead                           Min: 0, Avg:  0.0, Max: 0, Diff: 0, Sum: 0, Workers: 4
[5018.320s][debug][gc,phases      ] GC(239)     Total                          Min: 0, Avg: 10879.2, Max: 14846, Diff: 14846, Sum: 43517, Workers: 4
[5018.320s][debug][gc,phases      ] GC(239)   ResolvedMethodTable Weak       Min:  0.0, Avg:  0.0, Max:  0.0, Diff:  0.0, Sum:  0.1, Workers: 4
[5018.320s][debug][gc,phases      ] GC(239)     Dead                           Min: 0, Avg:  0.0, Max: 0, Diff: 0, Sum: 0, Workers: 4
[5018.320s][debug][gc,phases      ] GC(239)     Total                          Min: 0, Avg: 2219.8, Max: 3004, Diff: 3004, Sum: 8879, Workers: 4
[5018.320s][debug][gc,phases      ] GC(239)   JNI Weak                       Min:  0.0, Avg:  0.0, Max:  0.0, Diff:  0.0, Sum:  0.0, Workers: 4
[5018.320s][debug][gc,phases      ] GC(239)     Dead                           Min: 0, Avg:  0.0, Max: 0, Diff: 0, Sum: 0, Workers: 4
[5018.320s][debug][gc,phases      ] GC(239)     Total                          Min: 0, Avg: 11.2, Max: 45, Diff: 45, Sum: 45, Workers: 4
[5018.320s][debug][gc,phases      ] GC(239)   StringDedup Table Weak         Min:  0.0, Avg:  0.0, Max:  0.0, Diff:  0.0, Sum:  0.0, Workers: 4
[5018.320s][debug][gc,phases      ] GC(239)     Dead                           Min: 0, Avg:  0.0, Max: 0, Diff: 0, Sum: 0, Workers: 4
[5018.320s][debug][gc,phases      ] GC(239)     Total                          Min: 0, Avg:  0.0, Max: 0, Diff: 0, Sum: 0, Workers: 4
[5018.320s][debug][gc,phases      ] GC(239)   StringDedup Requests0 Weak     Min:  0.0, Avg:  0.0, Max:  0.0, Diff:  0.0, Sum:  0.0, Workers: 4
[5018.320s][debug][gc,phases      ] GC(239)     Dead                           Min: 0, Avg:  0.0, Max: 0, Diff: 0, Sum: 0, Workers: 4
[5018.320s][debug][gc,phases      ] GC(239)     Total                          Min: 0, Avg:  0.0, Max: 0, Diff: 0, Sum: 0, Workers: 4
[5018.320s][debug][gc,phases      ] GC(239)   StringDedup Requests1 Weak     Min:  0.0, Avg:  0.0, Max:  0.0, Diff:  0.0, Sum:  0.0, Workers: 4
[5018.320s][debug][gc,phases      ] GC(239)     Dead                           Min: 0, Avg:  0.0, Max: 0, Diff: 0, Sum: 0, Workers: 4
[5018.320s][debug][gc,phases      ] GC(239)     Total                          Min: 0, Avg:  0.0, Max: 0, Diff: 0, Sum: 0, Workers: 4
[5018.320s][debug][gc,phases      ] GC(239)   Weak JFR Old Object Samples    Min:  0.0, Avg:  0.0, Max:  0.0, Diff:  0.0, Sum:  0.0, Workers: 4
[5018.320s][debug][gc,phases      ] GC(239)     Dead                           Min: 0, Avg:  0.0, Max: 0, Diff: 0, Sum: 0, Workers: 4
[5018.320s][debug][gc,phases      ] GC(239)     Total                          Min: 0, Avg:  0.0, Max: 0, Diff: 0, Sum: 0, Workers: 4
[5018.320s][debug][gc,phases      ] GC(239) Weak Processing 0.317ms
[5018.320s][debug][gc,age         ] GC(239) Desired survivor size 14155776 bytes, new threshold 15 (max threshold 15)
[5018.320s][info ][gc,heap        ] GC(239) PSYoungGen: 2067040K(2082304K)->608K(2081280K) Eden: 2066432K(2066432K)->0K(2066432K) From: 608K(15872K)->608K(14848K)
[5018.320s][info ][gc,heap        ] GC(239) ParOldGen: 251817K(422400K)->251825K(422400K)
[5018.320s][info ][gc,metaspace   ] GC(239) Metaspace: 80066K(80960K)->80066K(80960K) NonClass: 68704K(69120K)->68704K(69120K) Class: 11361K(11840K)->11361K(11840K)
[5018.320s][info ][gc             ] GC(239) Pause Young (Allocation Failure) 2264M->246M(2445M) 1.487ms
[5018.320s][info ][gc,cpu         ] GC(239) User=0.01s Sys=0.00s Real=0.00s
[5018.320s][info ][safepoint      ] Safepoint "ParallelGCFailedAllocation", Time since last: 44998078992 ns, Reaching safepoint: 96100 ns, At safepoint: 1560502 ns, Total: 1656602 ns
[5063.319s][info ][gc,start       ] GC(240) Pause Young (Allocation Failure)
[5063.320s][debug][gc,phases      ] GC(240) Scavenge 1.268ms
[5063.320s][debug][gc,ref         ] GC(240) Skipped phase 1 of Reference Processing: no references
[5063.320s][debug][gc,ref         ] GC(240) Skipped phase 2 of Reference Processing: no references
[5063.320s][debug][gc,ref         ] GC(240) Skipped phase 3 of Reference Processing: no references
[5063.320s][debug][gc,ref         ] GC(240) Skipped phase 4 of Reference Processing: no references
[5063.320s][debug][gc,phases      ] GC(240) Reference Processing 0.050ms
[5063.320s][debug][gc,phases      ] GC(240)   VM Weak                        Min:  0.0, Avg:  0.0, Max:  0.0, Diff:  0.0, Sum:  0.0, Workers: 4
[5063.320s][debug][gc,phases      ] GC(240)     Dead                           Min: 0, Avg:  0.0, Max: 0, Diff: 0, Sum: 0, Workers: 4
[5063.320s][debug][gc,phases      ] GC(240)     Total                          Min: 0, Avg: 148.0, Max: 592, Diff: 592, Sum: 592, Workers: 4
[5063.320s][debug][gc,phases      ] GC(240)   ObjectSynchronizer Weak        Min:  0.0, Avg:  0.0, Max:  0.0, Diff:  0.0, Sum:  0.0, Workers: 4
[5063.320s][debug][gc,phases      ] GC(240)     Dead                           Min: 0, Avg:  0.0, Max: 0, Diff: 0, Sum: 0, Workers: 4
[5063.320s][debug][gc,phases      ] GC(240)     Total                          Min: 0, Avg: 13.5, Max: 54, Diff: 54, Sum: 54, Workers: 4
[5063.320s][debug][gc,phases      ] GC(240)   JVMTI Tag Weak OopStorage      Min:  0.0, Avg:  0.0, Max:  0.0, Diff:  0.0, Sum:  0.0, Workers: 4
[5063.320s][debug][gc,phases      ] GC(240)     Dead                           Min: 0, Avg:  0.0, Max: 0, Diff: 0, Sum: 0, Workers: 4
[5063.320s][debug][gc,phases      ] GC(240)     Total                          Min: 0, Avg:  0.0, Max: 0, Diff: 0, Sum: 0, Workers: 4
[5063.320s][debug][gc,phases      ] GC(240)   StringTable Weak               Min:  0.0, Avg:  0.1, Max:  0.2, Diff:  0.2, Sum:  0.4, Workers: 4
[5063.320s][debug][gc,phases      ] GC(240)     Dead                           Min: 0, Avg:  0.0, Max: 0, Diff: 0, Sum: 0, Workers: 4
[5063.320s][debug][gc,phases      ] GC(240)     Total                          Min: 0, Avg: 10879.2, Max: 22336, Diff: 22336, Sum: 43517, Workers: 4
[5063.320s][debug][gc,phases      ] GC(240)   ResolvedMethodTable Weak       Min:  0.0, Avg:  0.0, Max:  0.0, Diff:  0.0, Sum:  0.1, Workers: 4
[5063.320s][debug][gc,phases      ] GC(240)     Dead                           Min: 0, Avg:  0.0, Max: 0, Diff: 0, Sum: 0, Workers: 4
[5063.320s][debug][gc,phases      ] GC(240)     Total                          Min: 0, Avg: 2219.8, Max: 4727, Diff: 4727, Sum: 8879, Workers: 4
[5063.320s][debug][gc,phases      ] GC(240)   JNI Weak                       Min:  0.0, Avg:  0.0, Max:  0.0, Diff:  0.0, Sum:  0.0, Workers: 4
[5063.320s][debug][gc,phases      ] GC(240)     Dead                           Min: 0, Avg:  0.0, Max: 0, Diff: 0, Sum: 0, Workers: 4
[5063.320s][debug][gc,phases      ] GC(240)     Total                          Min: 0, Avg: 11.2, Max: 45, Diff: 45, Sum: 45, Workers: 4
[5063.320s][debug][gc,phases      ] GC(240)   StringDedup Table Weak         Min:  0.0, Avg:  0.0, Max:  0.0, Diff:  0.0, Sum:  0.0, Workers: 4
[5063.320s][debug][gc,phases      ] GC(240)     Dead                           Min: 0, Avg:  0.0, Max: 0, Diff: 0, Sum: 0, Workers: 4
[5063.320s][debug][gc,phases      ] GC(240)     Total                          Min: 0, Avg:  0.0, Max: 0, Diff: 0, Sum: 0, Workers: 4
[5063.320s][debug][gc,phases      ] GC(240)   StringDedup Requests0 Weak     Min:  0.0, Avg:  0.0, Max:  0.0, Diff:  0.0, Sum:  0.0, Workers: 4
[5063.320s][debug][gc,phases      ] GC(240)     Dead                           Min: 0, Avg:  0.0, Max: 0, Diff: 0, Sum: 0, Workers: 4
[5063.320s][debug][gc,phases      ] GC(240)     Total                          Min: 0, Avg:  0.0, Max: 0, Diff: 0, Sum: 0, Workers: 4
[5063.320s][debug][gc,phases      ] GC(240)   StringDedup Requests1 Weak     Min:  0.0, Avg:  0.0, Max:  0.0, Diff:  0.0, Sum:  0.0, Workers: 4
[5063.320s][debug][gc,phases      ] GC(240)     Dead                           Min: 0, Avg:  0.0, Max: 0, Diff: 0, Sum: 0, Workers: 4
[5063.320s][debug][gc,phases      ] GC(240)     Total                          Min: 0, Avg:  0.0, Max: 0, Diff: 0, Sum: 0, Workers: 4
[5063.320s][debug][gc,phases      ] GC(240)   Weak JFR Old Object Samples    Min:  0.0, Avg:  0.0, Max:  0.0, Diff:  0.0, Sum:  0.0, Workers: 4
[5063.320s][debug][gc,phases      ] GC(240)     Dead                           Min: 0, Avg:  0.0, Max: 0, Diff: 0, Sum: 0, Workers: 4
[5063.320s][debug][gc,phases      ] GC(240)     Total                          Min: 0, Avg:  0.0, Max: 0, Diff: 0, Sum: 0, Workers: 4
[5063.321s][debug][gc,phases      ] GC(240) Weak Processing 0.483ms
[5063.321s][debug][gc,age         ] GC(240) Desired survivor size 13107200 bytes, new threshold 15 (max threshold 15)
[5063.321s][info ][gc,heap        ] GC(240) PSYoungGen: 2067040K(2081280K)->608K(2084352K) Eden: 2066432K(2066432K)->0K(2070528K) From: 608K(14848K)->608K(13824K)
[5063.321s][info ][gc,heap        ] GC(240) ParOldGen: 251825K(422400K)->251833K(422400K)
[5063.321s][info ][gc,metaspace   ] GC(240) Metaspace: 80066K(80960K)->80066K(80960K) NonClass: 68704K(69120K)->68704K(69120K) Class: 11361K(11840K)->11361K(11840K)
[5063.321s][info ][gc             ] GC(240) Pause Young (Allocation Failure) 2264M->246M(2448M) 1.923ms
[5063.321s][info ][gc,cpu         ] GC(240) User=0.00s Sys=0.00s Real=0.00s
[5063.321s][info ][safepoint      ] Safepoint "ParallelGCFailedAllocation", Time since last: 44998068587 ns, Reaching safepoint: 99200 ns, At safepoint: 2002302 ns, Total: 2101502 ns
[5081.398s][info ][safepoint      ] Safepoint "Cleanup", Time since last: 18077268355 ns, Reaching safepoint: 55600 ns, At safepoint: 7200 ns, Total: 62800 ns
[5108.819s][info ][gc,start       ] GC(241) Pause Young (Allocation Failure)
[5108.820s][debug][gc,phases      ] GC(241) Scavenge 1.275ms
[5108.820s][debug][gc,ref         ] GC(241) Skipped phase 1 of Reference Processing: no references
[5108.820s][debug][gc,ref         ] GC(241) Skipped phase 2 of Reference Processing: no references
[5108.820s][debug][gc,ref         ] GC(241) Skipped phase 3 of Reference Processing: no references
[5108.820s][debug][gc,ref         ] GC(241) Skipped phase 4 of Reference Processing: no references
[5108.820s][debug][gc,phases      ] GC(241) Reference Processing 0.035ms
[5108.821s][debug][gc,phases      ] GC(241)   VM Weak                        Min:  0.0, Avg:  0.0, Max:  0.0, Diff:  0.0, Sum:  0.0, Workers: 4
[5108.821s][debug][gc,phases      ] GC(241)     Dead                           Min: 0, Avg:  0.0, Max: 0, Diff: 0, Sum: 0, Workers: 4
[5108.821s][debug][gc,phases      ] GC(241)     Total                          Min: 0, Avg: 148.0, Max: 592, Diff: 592, Sum: 592, Workers: 4
[5108.821s][debug][gc,phases      ] GC(241)   ObjectSynchronizer Weak        Min:  0.0, Avg:  0.0, Max:  0.0, Diff:  0.0, Sum:  0.0, Workers: 4
[5108.821s][debug][gc,phases      ] GC(241)     Dead                           Min: 0, Avg:  0.0, Max: 0, Diff: 0, Sum: 0, Workers: 4
[5108.821s][debug][gc,phases      ] GC(241)     Total                          Min: 0, Avg: 13.5, Max: 54, Diff: 54, Sum: 54, Workers: 4
[5108.821s][debug][gc,phases      ] GC(241)   JVMTI Tag Weak OopStorage      Min:  0.0, Avg:  0.0, Max:  0.0, Diff:  0.0, Sum:  0.0, Workers: 4
[5108.821s][debug][gc,phases      ] GC(241)     Dead                           Min: 0, Avg:  0.0, Max: 0, Diff: 0, Sum: 0, Workers: 4
[5108.821s][debug][gc,phases      ] GC(241)     Total                          Min: 0, Avg:  0.0, Max: 0, Diff: 0, Sum: 0, Workers: 4
[5108.821s][debug][gc,phases      ] GC(241)   StringTable Weak               Min:  0.0, Avg:  0.1, Max:  0.2, Diff:  0.2, Sum:  0.4, Workers: 4
[5108.821s][debug][gc,phases      ] GC(241)     Dead                           Min: 0, Avg:  0.0, Max: 0, Diff: 0, Sum: 0, Workers: 4
[5108.821s][debug][gc,phases      ] GC(241)     Total                          Min: 0, Avg: 10879.2, Max: 21824, Diff: 21824, Sum: 43517, Workers: 4
[5108.821s][debug][gc,phases      ] GC(241)   ResolvedMethodTable Weak       Min:  0.0, Avg:  0.0, Max:  0.0, Diff:  0.0, Sum:  0.1, Workers: 4
[5108.821s][debug][gc,phases      ] GC(241)     Dead                           Min: 0, Avg:  0.0, Max: 0, Diff: 0, Sum: 0, Workers: 4
[5108.821s][debug][gc,phases      ] GC(241)     Total                          Min: 0, Avg: 2219.8, Max: 5051, Diff: 5051, Sum: 8879, Workers: 4
[5108.821s][debug][gc,phases      ] GC(241)   JNI Weak                       Min:  0.0, Avg:  0.0, Max:  0.0, Diff:  0.0, Sum:  0.0, Workers: 4
[5108.821s][debug][gc,phases      ] GC(241)     Dead                           Min: 0, Avg:  0.0, Max: 0, Diff: 0, Sum: 0, Workers: 4
[5108.821s][debug][gc,phases      ] GC(241)     Total                          Min: 0, Avg: 11.2, Max: 45, Diff: 45, Sum: 45, Workers: 4
[5108.821s][debug][gc,phases      ] GC(241)   StringDedup Table Weak         Min:  0.0, Avg:  0.0, Max:  0.0, Diff:  0.0, Sum:  0.0, Workers: 4
[5108.821s][debug][gc,phases      ] GC(241)     Dead                           Min: 0, Avg:  0.0, Max: 0, Diff: 0, Sum: 0, Workers: 4
[5108.821s][debug][gc,phases      ] GC(241)     Total                          Min: 0, Avg:  0.0, Max: 0, Diff: 0, Sum: 0, Workers: 4
[5108.821s][debug][gc,phases      ] GC(241)   StringDedup Requests0 Weak     Min:  0.0, Avg:  0.0, Max:  0.0, Diff:  0.0, Sum:  0.0, Workers: 4
[5108.821s][debug][gc,phases      ] GC(241)     Dead                           Min: 0, Avg:  0.0, Max: 0, Diff: 0, Sum: 0, Workers: 4
[5108.821s][debug][gc,phases      ] GC(241)     Total                          Min: 0, Avg:  0.0, Max: 0, Diff: 0, Sum: 0, Workers: 4
[5108.821s][debug][gc,phases      ] GC(241)   StringDedup Requests1 Weak     Min:  0.0, Avg:  0.0, Max:  0.0, Diff:  0.0, Sum:  0.0, Workers: 4
[5108.821s][debug][gc,phases      ] GC(241)     Dead                           Min: 0, Avg:  0.0, Max: 0, Diff: 0, Sum: 0, Workers: 4
[5108.821s][debug][gc,phases      ] GC(241)     Total                          Min: 0, Avg:  0.0, Max: 0, Diff: 0, Sum: 0, Workers: 4
[5108.821s][debug][gc,phases      ] GC(241)   Weak JFR Old Object Samples    Min:  0.0, Avg:  0.0, Max:  0.0, Diff:  0.0, Sum:  0.0, Workers: 4
[5108.821s][debug][gc,phases      ] GC(241)     Dead                           Min: 0, Avg:  0.0, Max: 0, Diff: 0, Sum: 0, Workers: 4
[5108.821s][debug][gc,phases      ] GC(241)     Total                          Min: 0, Avg:  0.0, Max: 0, Diff: 0, Sum: 0, Workers: 4
[5108.821s][debug][gc,phases      ] GC(241) Weak Processing 0.418ms
[5108.821s][debug][gc,age         ] GC(241) Desired survivor size 12058624 bytes, new threshold 15 (max threshold 15)
[5108.821s][info ][gc,heap        ] GC(241) PSYoungGen: 2071136K(2084352K)->608K(2083328K) Eden: 2070528K(2070528K)->0K(2070528K) From: 608K(13824K)->608K(12800K)
[5108.821s][info ][gc,heap        ] GC(241) ParOldGen: 251833K(422400K)->251841K(422400K)
[5108.821s][info ][gc,metaspace   ] GC(241) Metaspace: 80066K(80960K)->80066K(80960K) NonClass: 68704K(69120K)->68704K(69120K) Class: 11361K(11840K)->11361K(11840K)
[5108.821s][info ][gc             ] GC(241) Pause Young (Allocation Failure) 2268M->246M(2447M) 1.823ms
[5108.821s][info ][gc,cpu         ] GC(241) User=0.01s Sys=0.00s Real=0.00s
[5108.821s][info ][safepoint      ] Safepoint "ParallelGCFailedAllocation", Time since last: 27420972455 ns, Reaching safepoint: 110100 ns, At safepoint: 1905803 ns, Total: 2015903 ns
[5153.819s][info ][gc,start       ] GC(242) Pause Young (Allocation Failure)
[5153.821s][debug][gc,phases      ] GC(242) Scavenge 1.819ms
[5153.821s][debug][gc,ref         ] GC(242) Skipped phase 1 of Reference Processing: no references
[5153.821s][debug][gc,ref         ] GC(242) Skipped phase 2 of Reference Processing: no references
[5153.821s][debug][gc,ref         ] GC(242) Skipped phase 3 of Reference Processing: no references
[5153.821s][debug][gc,ref         ] GC(242) Skipped phase 4 of Reference Processing: no references
[5153.821s][debug][gc,phases      ] GC(242) Reference Processing 0.026ms
[5153.821s][debug][gc,phases      ] GC(242)   VM Weak                        Min:  0.0, Avg:  0.0, Max:  0.0, Diff:  0.0, Sum:  0.0, Workers: 4
[5153.821s][debug][gc,phases      ] GC(242)     Dead                           Min: 0, Avg:  0.0, Max: 0, Diff: 0, Sum: 0, Workers: 4
[5153.821s][debug][gc,phases      ] GC(242)     Total                          Min: 0, Avg: 148.0, Max: 498, Diff: 498, Sum: 592, Workers: 4
[5153.821s][debug][gc,phases      ] GC(242)   ObjectSynchronizer Weak        Min:  0.0, Avg:  0.0, Max:  0.0, Diff:  0.0, Sum:  0.0, Workers: 4
[5153.821s][debug][gc,phases      ] GC(242)     Dead                           Min: 0, Avg:  0.0, Max: 0, Diff: 0, Sum: 0, Workers: 4
[5153.821s][debug][gc,phases      ] GC(242)     Total                          Min: 0, Avg: 13.5, Max: 54, Diff: 54, Sum: 54, Workers: 4
[5153.821s][debug][gc,phases      ] GC(242)   JVMTI Tag Weak OopStorage      Min:  0.0, Avg:  0.0, Max:  0.0, Diff:  0.0, Sum:  0.0, Workers: 4
[5153.821s][debug][gc,phases      ] GC(242)     Dead                           Min: 0, Avg:  0.0, Max: 0, Diff: 0, Sum: 0, Workers: 4
[5153.821s][debug][gc,phases      ] GC(242)     Total                          Min: 0, Avg:  0.0, Max: 0, Diff: 0, Sum: 0, Workers: 4
[5153.821s][debug][gc,phases      ] GC(242)   StringTable Weak               Min:  0.0, Avg:  0.1, Max:  0.1, Diff:  0.1, Sum:  0.4, Workers: 4
[5153.821s][debug][gc,phases      ] GC(242)     Dead                           Min: 0, Avg:  0.0, Max: 0, Diff: 0, Sum: 0, Workers: 4
[5153.821s][debug][gc,phases      ] GC(242)     Total                          Min: 0, Avg: 10880.2, Max: 14657, Diff: 14657, Sum: 43521, Workers: 4
[5153.821s][debug][gc,phases      ] GC(242)   ResolvedMethodTable Weak       Min:  0.0, Avg:  0.0, Max:  0.0, Diff:  0.0, Sum:  0.1, Workers: 4
[5153.821s][debug][gc,phases      ] GC(242)     Dead                           Min: 0, Avg:  0.0, Max: 0, Diff: 0, Sum: 0, Workers: 4
[5153.821s][debug][gc,phases      ] GC(242)     Total                          Min: 0, Avg: 2219.8, Max: 3000, Diff: 3000, Sum: 8879, Workers: 4
[5153.821s][debug][gc,phases      ] GC(242)   JNI Weak                       Min:  0.0, Avg:  0.0, Max:  0.0, Diff:  0.0, Sum:  0.0, Workers: 4
[5153.821s][debug][gc,phases      ] GC(242)     Dead                           Min: 0, Avg:  0.0, Max: 0, Diff: 0, Sum: 0, Workers: 4
[5153.821s][debug][gc,phases      ] GC(242)     Total                          Min: 0, Avg: 11.2, Max: 45, Diff: 45, Sum: 45, Workers: 4
[5153.821s][debug][gc,phases      ] GC(242)   StringDedup Table Weak         Min:  0.0, Avg:  0.0, Max:  0.0, Diff:  0.0, Sum:  0.0, Workers: 4
[5153.821s][debug][gc,phases      ] GC(242)     Dead                           Min: 0, Avg:  0.0, Max: 0, Diff: 0, Sum: 0, Workers: 4
[5153.821s][debug][gc,phases      ] GC(242)     Total                          Min: 0, Avg:  0.0, Max: 0, Diff: 0, Sum: 0, Workers: 4
[5153.821s][debug][gc,phases      ] GC(242)   StringDedup Requests0 Weak     Min:  0.0, Avg:  0.0, Max:  0.0, Diff:  0.0, Sum:  0.0, Workers: 4
[5153.821s][debug][gc,phases      ] GC(242)     Dead                           Min: 0, Avg:  0.0, Max: 0, Diff: 0, Sum: 0, Workers: 4
[5153.821s][debug][gc,phases      ] GC(242)     Total                          Min: 0, Avg:  0.0, Max: 0, Diff: 0, Sum: 0, Workers: 4
[5153.821s][debug][gc,phases      ] GC(242)   StringDedup Requests1 Weak     Min:  0.0, Avg:  0.0, Max:  0.0, Diff:  0.0, Sum:  0.0, Workers: 4
[5153.821s][debug][gc,phases      ] GC(242)     Dead                           Min: 0, Avg:  0.0, Max: 0, Diff: 0, Sum: 0, Workers: 4
[5153.821s][debug][gc,phases      ] GC(242)     Total                          Min: 0, Avg:  0.0, Max: 0, Diff: 0, Sum: 0, Workers: 4
[5153.821s][debug][gc,phases      ] GC(242)   Weak JFR Old Object Samples    Min:  0.0, Avg:  0.0, Max:  0.0, Diff:  0.0, Sum:  0.0, Workers: 4
[5153.821s][debug][gc,phases      ] GC(242)     Dead                           Min: 0, Avg:  0.0, Max: 0, Diff: 0, Sum: 0, Workers: 4
[5153.821s][debug][gc,phases      ] GC(242)     Total                          Min: 0, Avg:  0.0, Max: 0, Diff: 0, Sum: 0, Workers: 4
[5153.821s][debug][gc,phases      ] GC(242) Weak Processing 0.335ms
[5153.821s][debug][gc,age         ] GC(242) Desired survivor size 11534336 bytes, new threshold 15 (max threshold 15)
[5153.821s][info ][gc,heap        ] GC(242) PSYoungGen: 2071136K(2083328K)->608K(2085888K) Eden: 2070528K(2070528K)->0K(2074112K) From: 608K(12800K)->608K(11776K)
[5153.821s][info ][gc,heap        ] GC(242) ParOldGen: 251841K(422400K)->251849K(422400K)
[5153.821s][info ][gc,metaspace   ] GC(242) Metaspace: 80068K(81024K)->80068K(81024K) NonClass: 68706K(69184K)->68706K(69184K) Class: 11361K(11840K)->11361K(11840K)
[5153.821s][info ][gc             ] GC(242) Pause Young (Allocation Failure) 2268M->246M(2449M) 2.308ms
[5153.821s][info ][gc,cpu         ] GC(242) User=0.00s Sys=0.00s Real=0.00s
[5153.821s][info ][safepoint      ] Safepoint "ParallelGCFailedAllocation", Time since last: 44997766089 ns, Reaching safepoint: 101400 ns, At safepoint: 2387703 ns, Total: 2489103 ns
[5199.367s][info ][gc,start       ] GC(243) Pause Young (Allocation Failure)
[5199.368s][debug][gc,phases      ] GC(243) Scavenge 1.274ms
[5199.368s][debug][gc,ref         ] GC(243) Skipped phase 1 of Reference Processing: no references
[5199.368s][debug][gc,ref         ] GC(243) Skipped phase 2 of Reference Processing: no references
[5199.368s][debug][gc,ref         ] GC(243) Skipped phase 3 of Reference Processing: no references
[5199.368s][debug][gc,ref         ] GC(243) Skipped phase 4 of Reference Processing: no references
[5199.368s][debug][gc,phases      ] GC(243) Reference Processing 0.031ms
[5199.368s][debug][gc,phases      ] GC(243)   VM Weak                        Min:  0.0, Avg:  0.0, Max:  0.0, Diff:  0.0, Sum:  0.0, Workers: 4
[5199.368s][debug][gc,phases      ] GC(243)     Dead                           Min: 0, Avg:  0.0, Max: 0, Diff: 0, Sum: 0, Workers: 4
[5199.368s][debug][gc,phases      ] GC(243)     Total                          Min: 0, Avg: 148.0, Max: 473, Diff: 473, Sum: 592, Workers: 4
[5199.368s][debug][gc,phases      ] GC(243)   ObjectSynchronizer Weak        Min:  0.0, Avg:  0.0, Max:  0.0, Diff:  0.0, Sum:  0.0, Workers: 4
[5199.368s][debug][gc,phases      ] GC(243)     Dead                           Min: 0, Avg:  0.0, Max: 0, Diff: 0, Sum: 0, Workers: 4
[5199.368s][debug][gc,phases      ] GC(243)     Total                          Min: 0, Avg: 13.5, Max: 54, Diff: 54, Sum: 54, Workers: 4
[5199.368s][debug][gc,phases      ] GC(243)   JVMTI Tag Weak OopStorage      Min:  0.0, Avg:  0.0, Max:  0.0, Diff:  0.0, Sum:  0.0, Workers: 4
[5199.368s][debug][gc,phases      ] GC(243)     Dead                           Min: 0, Avg:  0.0, Max: 0, Diff: 0, Sum: 0, Workers: 4
[5199.368s][debug][gc,phases      ] GC(243)     Total                          Min: 0, Avg:  0.0, Max: 0, Diff: 0, Sum: 0, Workers: 4
[5199.368s][debug][gc,phases      ] GC(243)   StringTable Weak               Min:  0.0, Avg:  0.1, Max:  0.1, Diff:  0.1, Sum:  0.4, Workers: 4
[5199.368s][debug][gc,phases      ] GC(243)     Dead                           Min: 0, Avg:  0.0, Max: 0, Diff: 0, Sum: 0, Workers: 4
[5199.368s][debug][gc,phases      ] GC(243)     Total                          Min: 0, Avg: 10880.2, Max: 15297, Diff: 15297, Sum: 43521, Workers: 4
[5199.368s][debug][gc,phases      ] GC(243)   ResolvedMethodTable Weak       Min:  0.0, Avg:  0.0, Max:  0.0, Diff:  0.0, Sum:  0.1, Workers: 4
[5199.368s][debug][gc,phases      ] GC(243)     Dead                           Min: 0, Avg:  0.0, Max: 0, Diff: 0, Sum: 0, Workers: 4
[5199.368s][debug][gc,phases      ] GC(243)     Total                          Min: 0, Avg: 2219.8, Max: 3000, Diff: 3000, Sum: 8879, Workers: 4
[5199.368s][debug][gc,phases      ] GC(243)   JNI Weak                       Min:  0.0, Avg:  0.0, Max:  0.0, Diff:  0.0, Sum:  0.0, Workers: 4
[5199.368s][debug][gc,phases      ] GC(243)     Dead                           Min: 0, Avg:  0.0, Max: 0, Diff: 0, Sum: 0, Workers: 4
[5199.368s][debug][gc,phases      ] GC(243)     Total                          Min: 0, Avg: 11.2, Max: 45, Diff: 45, Sum: 45, Workers: 4
[5199.368s][debug][gc,phases      ] GC(243)   StringDedup Table Weak         Min:  0.0, Avg:  0.0, Max:  0.0, Diff:  0.0, Sum:  0.0, Workers: 4
[5199.368s][debug][gc,phases      ] GC(243)     Dead                           Min: 0, Avg:  0.0, Max: 0, Diff: 0, Sum: 0, Workers: 4
[5199.368s][debug][gc,phases      ] GC(243)     Total                          Min: 0, Avg:  0.0, Max: 0, Diff: 0, Sum: 0, Workers: 4
[5199.368s][debug][gc,phases      ] GC(243)   StringDedup Requests0 Weak     Min:  0.0, Avg:  0.0, Max:  0.0, Diff:  0.0, Sum:  0.0, Workers: 4
[5199.368s][debug][gc,phases      ] GC(243)     Dead                           Min: 0, Avg:  0.0, Max: 0, Diff: 0, Sum: 0, Workers: 4
[5199.368s][debug][gc,phases      ] GC(243)     Total                          Min: 0, Avg:  0.0, Max: 0, Diff: 0, Sum: 0, Workers: 4
[5199.368s][debug][gc,phases      ] GC(243)   StringDedup Requests1 Weak     Min:  0.0, Avg:  0.0, Max:  0.0, Diff:  0.0, Sum:  0.0, Workers: 4
[5199.368s][debug][gc,phases      ] GC(243)     Dead                           Min: 0, Avg:  0.0, Max: 0, Diff: 0, Sum: 0, Workers: 4
[5199.368s][debug][gc,phases      ] GC(243)     Total                          Min: 0, Avg:  0.0, Max: 0, Diff: 0, Sum: 0, Workers: 4
[5199.368s][debug][gc,phases      ] GC(243)   Weak JFR Old Object Samples    Min:  0.0, Avg:  0.0, Max:  0.0, Diff:  0.0, Sum:  0.0, Workers: 4
[5199.368s][debug][gc,phases      ] GC(243)     Dead                           Min: 0, Avg:  0.0, Max: 0, Diff: 0, Sum: 0, Workers: 4
[5199.368s][debug][gc,phases      ] GC(243)     Total                          Min: 0, Avg:  0.0, Max: 0, Diff: 0, Sum: 0, Workers: 4
[5199.368s][debug][gc,phases      ] GC(243) Weak Processing 0.409ms
[5199.368s][debug][gc,age         ] GC(243) Desired survivor size 10485760 bytes, new threshold 15 (max threshold 15)
[5199.368s][info ][gc,heap        ] GC(243) PSYoungGen: 2074720K(2085888K)->608K(2085376K) Eden: 2074112K(2074112K)->0K(2074112K) From: 608K(11776K)->608K(11264K)
[5199.368s][info ][gc,heap        ] GC(243) ParOldGen: 251849K(422400K)->251857K(422400K)
[5199.368s][info ][gc,metaspace   ] GC(243) Metaspace: 80068K(81024K)->80068K(81024K) NonClass: 68706K(69184K)->68706K(69184K) Class: 11361K(11840K)->11361K(11840K)
[5199.368s][info ][gc             ] GC(243) Pause Young (Allocation Failure) 2272M->246M(2449M) 1.820ms
[5199.368s][info ][gc,cpu         ] GC(243) User=0.00s Sys=0.00s Real=0.00s
[5199.368s][info ][safepoint      ] Safepoint "ParallelGCFailedAllocation", Time since last: 45545271165 ns, Reaching safepoint: 25500 ns, At safepoint: 1909403 ns, Total: 1934903 ns
[5244.818s][info ][gc,start       ] GC(244) Pause Young (Allocation Failure)
[5244.819s][debug][gc,phases      ] GC(244) Scavenge 0.658ms
[5244.819s][debug][gc,ref         ] GC(244) Skipped phase 1 of Reference Processing: no references
[5244.819s][debug][gc,ref         ] GC(244) Skipped phase 2 of Reference Processing: no references
[5244.819s][debug][gc,ref         ] GC(244) Skipped phase 3 of Reference Processing: no references
[5244.819s][debug][gc,ref         ] GC(244) Skipped phase 4 of Reference Processing: no references
[5244.819s][debug][gc,phases      ] GC(244) Reference Processing 0.021ms
[5244.819s][debug][gc,phases      ] GC(244)   VM Weak                        Min:  0.0, Avg:  0.0, Max:  0.0, Diff:  0.0, Sum:  0.0, Workers: 4
[5244.819s][debug][gc,phases      ] GC(244)     Dead                           Min: 0, Avg:  0.0, Max: 0, Diff: 0, Sum: 0, Workers: 4
[5244.819s][debug][gc,phases      ] GC(244)     Total                          Min: 0, Avg: 148.0, Max: 372, Diff: 372, Sum: 592, Workers: 4
[5244.819s][debug][gc,phases      ] GC(244)   ObjectSynchronizer Weak        Min:  0.0, Avg:  0.0, Max:  0.0, Diff:  0.0, Sum:  0.0, Workers: 4
[5244.819s][debug][gc,phases      ] GC(244)     Dead                           Min: 0, Avg:  0.0, Max: 0, Diff: 0, Sum: 0, Workers: 4
[5244.819s][debug][gc,phases      ] GC(244)     Total                          Min: 0, Avg: 13.5, Max: 54, Diff: 54, Sum: 54, Workers: 4
[5244.819s][debug][gc,phases      ] GC(244)   JVMTI Tag Weak OopStorage      Min:  0.0, Avg:  0.0, Max:  0.0, Diff:  0.0, Sum:  0.0, Workers: 4
[5244.819s][debug][gc,phases      ] GC(244)     Dead                           Min: 0, Avg:  0.0, Max: 0, Diff: 0, Sum: 0, Workers: 4
[5244.819s][debug][gc,phases      ] GC(244)     Total                          Min: 0, Avg:  0.0, Max: 0, Diff: 0, Sum: 0, Workers: 4
[5244.819s][debug][gc,phases      ] GC(244)   StringTable Weak               Min:  0.1, Avg:  0.1, Max:  0.1, Diff:  0.0, Sum:  0.4, Workers: 4
[5244.819s][debug][gc,phases      ] GC(244)     Dead                           Min: 0, Avg:  0.0, Max: 0, Diff: 0, Sum: 0, Workers: 4
[5244.819s][debug][gc,phases      ] GC(244)     Total                          Min: 10496, Avg: 10880.2, Max: 11200, Diff: 704, Sum: 43521, Workers: 4
[5244.819s][debug][gc,phases      ] GC(244)   ResolvedMethodTable Weak       Min:  0.0, Avg:  0.0, Max:  0.0, Diff:  0.0, Sum:  0.1, Workers: 4
[5244.819s][debug][gc,phases      ] GC(244)     Dead                           Min: 0, Avg:  0.0, Max: 0, Diff: 0, Sum: 0, Workers: 4
[5244.819s][debug][gc,phases      ] GC(244)     Total                          Min: 2111, Avg: 2219.8, Max: 2366, Diff: 255, Sum: 8879, Workers: 4
[5244.819s][debug][gc,phases      ] GC(244)   JNI Weak                       Min:  0.0, Avg:  0.0, Max:  0.0, Diff:  0.0, Sum:  0.0, Workers: 4
[5244.819s][debug][gc,phases      ] GC(244)     Dead                           Min: 0, Avg:  0.0, Max: 0, Diff: 0, Sum: 0, Workers: 4
[5244.819s][debug][gc,phases      ] GC(244)     Total                          Min: 0, Avg: 11.2, Max: 45, Diff: 45, Sum: 45, Workers: 4
[5244.819s][debug][gc,phases      ] GC(244)   StringDedup Table Weak         Min:  0.0, Avg:  0.0, Max:  0.0, Diff:  0.0, Sum:  0.0, Workers: 4
[5244.819s][debug][gc,phases      ] GC(244)     Dead                           Min: 0, Avg:  0.0, Max: 0, Diff: 0, Sum: 0, Workers: 4
[5244.819s][debug][gc,phases      ] GC(244)     Total                          Min: 0, Avg:  0.0, Max: 0, Diff: 0, Sum: 0, Workers: 4
[5244.819s][debug][gc,phases      ] GC(244)   StringDedup Requests0 Weak     Min:  0.0, Avg:  0.0, Max:  0.0, Diff:  0.0, Sum:  0.0, Workers: 4
[5244.819s][debug][gc,phases      ] GC(244)     Dead                           Min: 0, Avg:  0.0, Max: 0, Diff: 0, Sum: 0, Workers: 4
[5244.819s][debug][gc,phases      ] GC(244)     Total                          Min: 0, Avg:  0.0, Max: 0, Diff: 0, Sum: 0, Workers: 4
[5244.819s][debug][gc,phases      ] GC(244)   StringDedup Requests1 Weak     Min:  0.0, Avg:  0.0, Max:  0.0, Diff:  0.0, Sum:  0.0, Workers: 4
[5244.819s][debug][gc,phases      ] GC(244)     Dead                           Min: 0, Avg:  0.0, Max: 0, Diff: 0, Sum: 0, Workers: 4
[5244.819s][debug][gc,phases      ] GC(244)     Total                          Min: 0, Avg:  0.0, Max: 0, Diff: 0, Sum: 0, Workers: 4
[5244.819s][debug][gc,phases      ] GC(244)   Weak JFR Old Object Samples    Min:  0.0, Avg:  0.0, Max:  0.0, Diff:  0.0, Sum:  0.0, Workers: 4
[5244.819s][debug][gc,phases      ] GC(244)     Dead                           Min: 0, Avg:  0.0, Max: 0, Diff: 0, Sum: 0, Workers: 4
[5244.819s][debug][gc,phases      ] GC(244)     Total                          Min: 0, Avg:  0.0, Max: 0, Diff: 0, Sum: 0, Workers: 4
[5244.819s][debug][gc,phases      ] GC(244) Weak Processing 0.277ms
[5244.819s][debug][gc,age         ] GC(244) Desired survivor size 9961472 bytes, new threshold 15 (max threshold 15)
[5244.819s][info ][gc,heap        ] GC(244) PSYoungGen: 2074720K(2085376K)->608K(2087424K) Eden: 2074112K(2074112K)->0K(2077184K) From: 608K(11264K)->608K(10240K)
[5244.819s][info ][gc,heap        ] GC(244) ParOldGen: 251857K(422400K)->251865K(422400K)
[5244.819s][info ][gc,metaspace   ] GC(244) Metaspace: 80068K(81024K)->80068K(81024K) NonClass: 68706K(69184K)->68706K(69184K) Class: 11361K(11840K)->11361K(11840K)
[5244.819s][info ][gc             ] GC(244) Pause Young (Allocation Failure) 2272M->246M(2451M) 1.044ms
[5244.819s][info ][gc,cpu         ] GC(244) User=0.01s Sys=0.00s Real=0.00s
[5244.819s][info ][safepoint      ] Safepoint "ParallelGCFailedAllocation", Time since last: 45449549719 ns, Reaching safepoint: 121800 ns, At safepoint: 1104302 ns, Total: 1226102 ns
[5290.369s][info ][gc,start       ] GC(245) Pause Young (Allocation Failure)
[5290.370s][debug][gc,phases      ] GC(245) Scavenge 1.018ms
[5290.370s][debug][gc,ref         ] GC(245) Skipped phase 1 of Reference Processing: no references
[5290.370s][debug][gc,ref         ] GC(245) Skipped phase 2 of Reference Processing: no references
[5290.370s][debug][gc,ref         ] GC(245) Skipped phase 3 of Reference Processing: no references
[5290.370s][debug][gc,ref         ] GC(245) Skipped phase 4 of Reference Processing: no references
[5290.370s][debug][gc,phases      ] GC(245) Reference Processing 0.032ms
[5290.370s][debug][gc,phases      ] GC(245)   VM Weak                        Min:  0.0, Avg:  0.0, Max:  0.0, Diff:  0.0, Sum:  0.0, Workers: 4
[5290.370s][debug][gc,phases      ] GC(245)     Dead                           Min: 0, Avg:  0.0, Max: 0, Diff: 0, Sum: 0, Workers: 4
[5290.370s][debug][gc,phases      ] GC(245)     Total                          Min: 0, Avg: 148.0, Max: 561, Diff: 561, Sum: 592, Workers: 4
[5290.370s][debug][gc,phases      ] GC(245)   ObjectSynchronizer Weak        Min:  0.0, Avg:  0.0, Max:  0.0, Diff:  0.0, Sum:  0.0, Workers: 4
[5290.370s][debug][gc,phases      ] GC(245)     Dead                           Min: 0, Avg:  0.0, Max: 0, Diff: 0, Sum: 0, Workers: 4
[5290.370s][debug][gc,phases      ] GC(245)     Total                          Min: 0, Avg: 13.5, Max: 54, Diff: 54, Sum: 54, Workers: 4
[5290.370s][debug][gc,phases      ] GC(245)   JVMTI Tag Weak OopStorage      Min:  0.0, Avg:  0.0, Max:  0.0, Diff:  0.0, Sum:  0.0, Workers: 4
[5290.370s][debug][gc,phases      ] GC(245)     Dead                           Min: 0, Avg:  0.0, Max: 0, Diff: 0, Sum: 0, Workers: 4
[5290.370s][debug][gc,phases      ] GC(245)     Total                          Min: 0, Avg:  0.0, Max: 0, Diff: 0, Sum: 0, Workers: 4
[5290.370s][debug][gc,phases      ] GC(245)   StringTable Weak               Min:  0.1, Avg:  0.1, Max:  0.1, Diff:  0.0, Sum:  0.4, Workers: 4
[5290.370s][debug][gc,phases      ] GC(245)     Dead                           Min: 0, Avg:  0.0, Max: 0, Diff: 0, Sum: 0, Workers: 4
[5290.370s][debug][gc,phases      ] GC(245)     Total                          Min: 9600, Avg: 10880.2, Max: 11905, Diff: 2305, Sum: 43521, Workers: 4
[5290.370s][debug][gc,phases      ] GC(245)   ResolvedMethodTable Weak       Min:  0.0, Avg:  0.0, Max:  0.0, Diff:  0.0, Sum:  0.1, Workers: 4
[5290.370s][debug][gc,phases      ] GC(245)     Dead                           Min: 0, Avg:  0.0, Max: 0, Diff: 0, Sum: 0, Workers: 4
[5290.370s][debug][gc,phases      ] GC(245)     Total                          Min: 564, Avg: 2219.8, Max: 2814, Diff: 2250, Sum: 8879, Workers: 4
[5290.370s][debug][gc,phases      ] GC(245)   JNI Weak                       Min:  0.0, Avg:  0.0, Max:  0.0, Diff:  0.0, Sum:  0.0, Workers: 4
[5290.370s][debug][gc,phases      ] GC(245)     Dead                           Min: 0, Avg:  0.0, Max: 0, Diff: 0, Sum: 0, Workers: 4
[5290.370s][debug][gc,phases      ] GC(245)     Total                          Min: 0, Avg: 11.2, Max: 45, Diff: 45, Sum: 45, Workers: 4
[5290.370s][debug][gc,phases      ] GC(245)   StringDedup Table Weak         Min:  0.0, Avg:  0.0, Max:  0.0, Diff:  0.0, Sum:  0.0, Workers: 4
[5290.370s][debug][gc,phases      ] GC(245)     Dead                           Min: 0, Avg:  0.0, Max: 0, Diff: 0, Sum: 0, Workers: 4
[5290.370s][debug][gc,phases      ] GC(245)     Total                          Min: 0, Avg:  0.0, Max: 0, Diff: 0, Sum: 0, Workers: 4
[5290.370s][debug][gc,phases      ] GC(245)   StringDedup Requests0 Weak     Min:  0.0, Avg:  0.0, Max:  0.0, Diff:  0.0, Sum:  0.0, Workers: 4
[5290.370s][debug][gc,phases      ] GC(245)     Dead                           Min: 0, Avg:  0.0, Max: 0, Diff: 0, Sum: 0, Workers: 4
[5290.370s][debug][gc,phases      ] GC(245)     Total                          Min: 0, Avg:  0.0, Max: 0, Diff: 0, Sum: 0, Workers: 4
[5290.370s][debug][gc,phases      ] GC(245)   StringDedup Requests1 Weak     Min:  0.0, Avg:  0.0, Max:  0.0, Diff:  0.0, Sum:  0.0, Workers: 4
[5290.370s][debug][gc,phases      ] GC(245)     Dead                           Min: 0, Avg:  0.0, Max: 0, Diff: 0, Sum: 0, Workers: 4
[5290.370s][debug][gc,phases      ] GC(245)     Total                          Min: 0, Avg:  0.0, Max: 0, Diff: 0, Sum: 0, Workers: 4
[5290.370s][debug][gc,phases      ] GC(245)   Weak JFR Old Object Samples    Min:  0.0, Avg:  0.0, Max:  0.0, Diff:  0.0, Sum:  0.0, Workers: 4
[5290.370s][debug][gc,phases      ] GC(245)     Dead                           Min: 0, Avg:  0.0, Max: 0, Diff: 0, Sum: 0, Workers: 4
[5290.370s][debug][gc,phases      ] GC(245)     Total                          Min: 0, Avg:  0.0, Max: 0, Diff: 0, Sum: 0, Workers: 4
[5290.370s][debug][gc,phases      ] GC(245) Weak Processing 0.332ms
[5290.370s][debug][gc,age         ] GC(245) Desired survivor size 8912896 bytes, new threshold 15 (max threshold 15)
[5290.370s][info ][gc,heap        ] GC(245) PSYoungGen: 2077792K(2087424K)->608K(2086912K) Eden: 2077184K(2077184K)->0K(2077184K) From: 608K(10240K)->608K(9728K)
[5290.370s][info ][gc,heap        ] GC(245) ParOldGen: 251865K(422400K)->251873K(422400K)
[5290.370s][info ][gc,metaspace   ] GC(245) Metaspace: 80068K(81024K)->80068K(81024K) NonClass: 68706K(69184K)->68706K(69184K) Class: 11361K(11840K)->11361K(11840K)
[5290.370s][info ][gc             ] GC(245) Pause Young (Allocation Failure) 2275M->246M(2450M) 1.477ms
[5290.370s][info ][gc,cpu         ] GC(245) User=0.00s Sys=0.00s Real=0.00s
[5290.370s][info ][safepoint      ] Safepoint "ParallelGCFailedAllocation", Time since last: 45549691765 ns, Reaching safepoint: 33000 ns, At safepoint: 1553902 ns, Total: 1586902 ns
[5336.117s][info ][gc,start       ] GC(246) Pause Young (Allocation Failure)
[5336.118s][debug][gc,phases      ] GC(246) Scavenge 1.439ms
[5336.118s][debug][gc,ref         ] GC(246) Skipped phase 1 of Reference Processing: no references
[5336.118s][debug][gc,ref         ] GC(246) Skipped phase 2 of Reference Processing: no references
[5336.118s][debug][gc,ref         ] GC(246) Skipped phase 3 of Reference Processing: no references
[5336.118s][debug][gc,ref         ] GC(246) Skipped phase 4 of Reference Processing: no references
[5336.118s][debug][gc,phases      ] GC(246) Reference Processing 0.021ms
[5336.119s][debug][gc,phases      ] GC(246)   VM Weak                        Min:  0.0, Avg:  0.0, Max:  0.0, Diff:  0.0, Sum:  0.0, Workers: 4
[5336.119s][debug][gc,phases      ] GC(246)     Dead                           Min: 0, Avg:  0.0, Max: 0, Diff: 0, Sum: 0, Workers: 4
[5336.119s][debug][gc,phases      ] GC(246)     Total                          Min: 0, Avg: 148.0, Max: 419, Diff: 419, Sum: 592, Workers: 4
[5336.119s][debug][gc,phases      ] GC(246)   ObjectSynchronizer Weak        Min:  0.0, Avg:  0.0, Max:  0.0, Diff:  0.0, Sum:  0.0, Workers: 4
[5336.119s][debug][gc,phases      ] GC(246)     Dead                           Min: 0, Avg:  0.0, Max: 0, Diff: 0, Sum: 0, Workers: 4
[5336.119s][debug][gc,phases      ] GC(246)     Total                          Min: 0, Avg: 13.5, Max: 54, Diff: 54, Sum: 54, Workers: 4
[5336.119s][debug][gc,phases      ] GC(246)   JVMTI Tag Weak OopStorage      Min:  0.0, Avg:  0.0, Max:  0.0, Diff:  0.0, Sum:  0.0, Workers: 4
[5336.119s][debug][gc,phases      ] GC(246)     Dead                           Min: 0, Avg:  0.0, Max: 0, Diff: 0, Sum: 0, Workers: 4
[5336.119s][debug][gc,phases      ] GC(246)     Total                          Min: 0, Avg:  0.0, Max: 0, Diff: 0, Sum: 0, Workers: 4
[5336.119s][debug][gc,phases      ] GC(246)   StringTable Weak               Min:  0.0, Avg:  0.1, Max:  0.1, Diff:  0.1, Sum:  0.2, Workers: 4
[5336.119s][debug][gc,phases      ] GC(246)     Dead                           Min: 0, Avg:  0.0, Max: 0, Diff: 0, Sum: 0, Workers: 4
[5336.119s][debug][gc,phases      ] GC(246)     Total                          Min: 0, Avg: 10880.2, Max: 21824, Diff: 21824, Sum: 43521, Workers: 4
[5336.119s][debug][gc,phases      ] GC(246)   ResolvedMethodTable Weak       Min:  0.0, Avg:  0.0, Max:  0.0, Diff:  0.0, Sum:  0.0, Workers: 4
[5336.119s][debug][gc,phases      ] GC(246)     Dead                           Min: 0, Avg:  0.0, Max: 0, Diff: 0, Sum: 0, Workers: 4
[5336.119s][debug][gc,phases      ] GC(246)     Total                          Min: 0, Avg: 2219.8, Max: 4536, Diff: 4536, Sum: 8879, Workers: 4
[5336.119s][debug][gc,phases      ] GC(246)   JNI Weak                       Min:  0.0, Avg:  0.0, Max:  0.0, Diff:  0.0, Sum:  0.0, Workers: 4
[5336.119s][debug][gc,phases      ] GC(246)     Dead                           Min: 0, Avg:  0.0, Max: 0, Diff: 0, Sum: 0, Workers: 4
[5336.119s][debug][gc,phases      ] GC(246)     Total                          Min: 0, Avg: 11.2, Max: 45, Diff: 45, Sum: 45, Workers: 4
[5336.119s][debug][gc,phases      ] GC(246)   StringDedup Table Weak         Min:  0.0, Avg:  0.0, Max:  0.0, Diff:  0.0, Sum:  0.0, Workers: 4
[5336.119s][debug][gc,phases      ] GC(246)     Dead                           Min: 0, Avg:  0.0, Max: 0, Diff: 0, Sum: 0, Workers: 4
[5336.119s][debug][gc,phases      ] GC(246)     Total                          Min: 0, Avg:  0.0, Max: 0, Diff: 0, Sum: 0, Workers: 4
[5336.119s][debug][gc,phases      ] GC(246)   StringDedup Requests0 Weak     Min:  0.0, Avg:  0.0, Max:  0.0, Diff:  0.0, Sum:  0.0, Workers: 4
[5336.119s][debug][gc,phases      ] GC(246)     Dead                           Min: 0, Avg:  0.0, Max: 0, Diff: 0, Sum: 0, Workers: 4
[5336.119s][debug][gc,phases      ] GC(246)     Total                          Min: 0, Avg:  0.0, Max: 0, Diff: 0, Sum: 0, Workers: 4
[5336.119s][debug][gc,phases      ] GC(246)   StringDedup Requests1 Weak     Min:  0.0, Avg:  0.0, Max:  0.0, Diff:  0.0, Sum:  0.0, Workers: 4
[5336.119s][debug][gc,phases      ] GC(246)     Dead                           Min: 0, Avg:  0.0, Max: 0, Diff: 0, Sum: 0, Workers: 4
[5336.119s][debug][gc,phases      ] GC(246)     Total                          Min: 0, Avg:  0.0, Max: 0, Diff: 0, Sum: 0, Workers: 4
[5336.119s][debug][gc,phases      ] GC(246)   Weak JFR Old Object Samples    Min:  0.0, Avg:  0.0, Max:  0.0, Diff:  0.0, Sum:  0.0, Workers: 4
[5336.119s][debug][gc,phases      ] GC(246)     Dead                           Min: 0, Avg:  0.0, Max: 0, Diff: 0, Sum: 0, Workers: 4
[5336.119s][debug][gc,phases      ] GC(246)     Total                          Min: 0, Avg:  0.0, Max: 0, Diff: 0, Sum: 0, Workers: 4
[5336.119s][debug][gc,phases      ] GC(246) Weak Processing 0.328ms
[5336.119s][debug][gc,age         ] GC(246) Desired survivor size 8388608 bytes, new threshold 15 (max threshold 15)
[5336.119s][info ][gc,heap        ] GC(246) PSYoungGen: 2077792K(2086912K)->576K(2088960K) Eden: 2077184K(2077184K)->0K(2080256K) From: 608K(9728K)->576K(8704K)
[5336.119s][info ][gc,heap        ] GC(246) ParOldGen: 251873K(422400K)->251881K(422400K)
[5336.119s][info ][gc,metaspace   ] GC(246) Metaspace: 80068K(81024K)->80068K(81024K) NonClass: 68706K(69184K)->68706K(69184K) Class: 11361K(11840K)->11361K(11840K)
[5336.119s][info ][gc             ] GC(246) Pause Young (Allocation Failure) 2275M->246M(2452M) 1.871ms
[5336.119s][info ][gc,cpu         ] GC(246) User=0.00s Sys=0.01s Real=0.01s
[5336.119s][info ][safepoint      ] Safepoint "ParallelGCFailedAllocation", Time since last: 45746326089 ns, Reaching safepoint: 49900 ns, At safepoint: 1952902 ns, Total: 2002802 ns
[5381.818s][info ][gc,start       ] GC(247) Pause Young (Allocation Failure)
[5381.819s][debug][gc,phases      ] GC(247) Scavenge 1.209ms
[5381.819s][debug][gc,ref         ] GC(247) Skipped phase 1 of Reference Processing: no references
[5381.819s][debug][gc,ref         ] GC(247) Skipped phase 2 of Reference Processing: no references
[5381.819s][debug][gc,ref         ] GC(247) Skipped phase 3 of Reference Processing: no references
[5381.819s][debug][gc,ref         ] GC(247) Skipped phase 4 of Reference Processing: no references
[5381.819s][debug][gc,phases      ] GC(247) Reference Processing 0.030ms
[5381.820s][debug][gc,phases      ] GC(247)   VM Weak                        Min:  0.0, Avg:  0.0, Max:  0.0, Diff:  0.0, Sum:  0.0, Workers: 4
[5381.820s][debug][gc,phases      ] GC(247)     Dead                           Min: 0, Avg:  0.0, Max: 0, Diff: 0, Sum: 0, Workers: 4
[5381.820s][debug][gc,phases      ] GC(247)     Total                          Min: 0, Avg: 148.0, Max: 330, Diff: 330, Sum: 592, Workers: 4
[5381.820s][debug][gc,phases      ] GC(247)   ObjectSynchronizer Weak        Min:  0.0, Avg:  0.0, Max:  0.0, Diff:  0.0, Sum:  0.0, Workers: 4
[5381.820s][debug][gc,phases      ] GC(247)     Dead                           Min: 0, Avg:  0.0, Max: 0, Diff: 0, Sum: 0, Workers: 4
[5381.820s][debug][gc,phases      ] GC(247)     Total                          Min: 0, Avg: 13.5, Max: 54, Diff: 54, Sum: 54, Workers: 4
[5381.820s][debug][gc,phases      ] GC(247)   JVMTI Tag Weak OopStorage      Min:  0.0, Avg:  0.0, Max:  0.0, Diff:  0.0, Sum:  0.0, Workers: 4
[5381.820s][debug][gc,phases      ] GC(247)     Dead                           Min: 0, Avg:  0.0, Max: 0, Diff: 0, Sum: 0, Workers: 4
[5381.820s][debug][gc,phases      ] GC(247)     Total                          Min: 0, Avg:  0.0, Max: 0, Diff: 0, Sum: 0, Workers: 4
[5381.820s][debug][gc,phases      ] GC(247)   StringTable Weak               Min:  0.0, Avg:  0.1, Max:  0.1, Diff:  0.1, Sum:  0.3, Workers: 4
[5381.820s][debug][gc,phases      ] GC(247)     Dead                           Min: 0, Avg:  0.0, Max: 0, Diff: 0, Sum: 0, Workers: 4
[5381.820s][debug][gc,phases      ] GC(247)     Total                          Min: 0, Avg: 10880.2, Max: 18944, Diff: 18944, Sum: 43521, Workers: 4
[5381.820s][debug][gc,phases      ] GC(247)   ResolvedMethodTable Weak       Min:  0.0, Avg:  0.0, Max:  0.0, Diff:  0.0, Sum:  0.1, Workers: 4
[5381.820s][debug][gc,phases      ] GC(247)     Dead                           Min: 0, Avg:  0.0, Max: 0, Diff: 0, Sum: 0, Workers: 4
[5381.820s][debug][gc,phases      ] GC(247)     Total                          Min: 0, Avg: 2219.8, Max: 3963, Diff: 3963, Sum: 8879, Workers: 4
[5381.820s][debug][gc,phases      ] GC(247)   JNI Weak                       Min:  0.0, Avg:  0.0, Max:  0.0, Diff:  0.0, Sum:  0.0, Workers: 4
[5381.820s][debug][gc,phases      ] GC(247)     Dead                           Min: 0, Avg:  0.0, Max: 0, Diff: 0, Sum: 0, Workers: 4
[5381.820s][debug][gc,phases      ] GC(247)     Total                          Min: 0, Avg: 11.2, Max: 45, Diff: 45, Sum: 45, Workers: 4
[5381.820s][debug][gc,phases      ] GC(247)   StringDedup Table Weak         Min:  0.0, Avg:  0.0, Max:  0.0, Diff:  0.0, Sum:  0.0, Workers: 4
[5381.820s][debug][gc,phases      ] GC(247)     Dead                           Min: 0, Avg:  0.0, Max: 0, Diff: 0, Sum: 0, Workers: 4
[5381.820s][debug][gc,phases      ] GC(247)     Total                          Min: 0, Avg:  0.0, Max: 0, Diff: 0, Sum: 0, Workers: 4
[5381.820s][debug][gc,phases      ] GC(247)   StringDedup Requests0 Weak     Min:  0.0, Avg:  0.0, Max:  0.0, Diff:  0.0, Sum:  0.0, Workers: 4
[5381.820s][debug][gc,phases      ] GC(247)     Dead                           Min: 0, Avg:  0.0, Max: 0, Diff: 0, Sum: 0, Workers: 4
[5381.820s][debug][gc,phases      ] GC(247)     Total                          Min: 0, Avg:  0.0, Max: 0, Diff: 0, Sum: 0, Workers: 4
[5381.820s][debug][gc,phases      ] GC(247)   StringDedup Requests1 Weak     Min:  0.0, Avg:  0.0, Max:  0.0, Diff:  0.0, Sum:  0.0, Workers: 4
[5381.820s][debug][gc,phases      ] GC(247)     Dead                           Min: 0, Avg:  0.0, Max: 0, Diff: 0, Sum: 0, Workers: 4
[5381.820s][debug][gc,phases      ] GC(247)     Total                          Min: 0, Avg:  0.0, Max: 0, Diff: 0, Sum: 0, Workers: 4
[5381.820s][debug][gc,phases      ] GC(247)   Weak JFR Old Object Samples    Min:  0.0, Avg:  0.0, Max:  0.0, Diff:  0.0, Sum:  0.0, Workers: 4
[5381.820s][debug][gc,phases      ] GC(247)     Dead                           Min: 0, Avg:  0.0, Max: 0, Diff: 0, Sum: 0, Workers: 4
[5381.820s][debug][gc,phases      ] GC(247)     Total                          Min: 0, Avg:  0.0, Max: 0, Diff: 0, Sum: 0, Workers: 4
[5381.820s][debug][gc,phases      ] GC(247) Weak Processing 0.288ms
[5381.820s][debug][gc,age         ] GC(247) Desired survivor size 7864320 bytes, new threshold 15 (max threshold 15)
[5381.820s][info ][gc,heap        ] GC(247) PSYoungGen: 2080832K(2088960K)->608K(2088448K) Eden: 2080256K(2080256K)->0K(2080256K) From: 576K(8704K)->608K(8192K)
[5381.820s][info ][gc,heap        ] GC(247) ParOldGen: 251881K(422400K)->251889K(422400K)
[5381.820s][info ][gc,metaspace   ] GC(247) Metaspace: 80068K(81024K)->80068K(81024K) NonClass: 68706K(69184K)->68706K(69184K) Class: 11361K(11840K)->11361K(11840K)
[5381.820s][info ][gc             ] GC(247) Pause Young (Allocation Failure) 2278M->246M(2452M) 1.619ms
[5381.820s][info ][gc,cpu         ] GC(247) User=0.00s Sys=0.00s Real=0.00s
[5381.820s][info ][safepoint      ] Safepoint "ParallelGCFailedAllocation", Time since last: 45699244772 ns, Reaching safepoint: 92700 ns, At safepoint: 1699503 ns, Total: 1792203 ns
[5426.823s][info ][safepoint      ] Safepoint "Cleanup", Time since last: 45002747593 ns, Reaching safepoint: 36000 ns, At safepoint: 2400 ns, Total: 38400 ns
[5427.069s][info ][gc,start       ] GC(248) Pause Young (Allocation Failure)
[5427.070s][debug][gc,phases      ] GC(248) Scavenge 1.470ms
[5427.070s][debug][gc,ref         ] GC(248) Skipped phase 1 of Reference Processing: no references
[5427.070s][debug][gc,ref         ] GC(248) Skipped phase 2 of Reference Processing: no references
[5427.070s][debug][gc,ref         ] GC(248) Skipped phase 3 of Reference Processing: no references
[5427.070s][debug][gc,ref         ] GC(248) Skipped phase 4 of Reference Processing: no references
[5427.070s][debug][gc,phases      ] GC(248) Reference Processing 0.022ms
[5427.070s][debug][gc,phases      ] GC(248)   VM Weak                        Min:  0.0, Avg:  0.0, Max:  0.0, Diff:  0.0, Sum:  0.0, Workers: 4
[5427.070s][debug][gc,phases      ] GC(248)     Dead                           Min: 0, Avg:  0.0, Max: 0, Diff: 0, Sum: 0, Workers: 4
[5427.070s][debug][gc,phases      ] GC(248)     Total                          Min: 0, Avg: 148.0, Max: 592, Diff: 592, Sum: 592, Workers: 4
[5427.070s][debug][gc,phases      ] GC(248)   ObjectSynchronizer Weak        Min:  0.0, Avg:  0.0, Max:  0.0, Diff:  0.0, Sum:  0.0, Workers: 4
[5427.070s][debug][gc,phases      ] GC(248)     Dead                           Min: 0, Avg:  0.0, Max: 0, Diff: 0, Sum: 0, Workers: 4
[5427.070s][debug][gc,phases      ] GC(248)     Total                          Min: 0, Avg: 13.5, Max: 54, Diff: 54, Sum: 54, Workers: 4
[5427.070s][debug][gc,phases      ] GC(248)   JVMTI Tag Weak OopStorage      Min:  0.0, Avg:  0.0, Max:  0.0, Diff:  0.0, Sum:  0.0, Workers: 4
[5427.070s][debug][gc,phases      ] GC(248)     Dead                           Min: 0, Avg:  0.0, Max: 0, Diff: 0, Sum: 0, Workers: 4
[5427.070s][debug][gc,phases      ] GC(248)     Total                          Min: 0, Avg:  0.0, Max: 0, Diff: 0, Sum: 0, Workers: 4
[5427.070s][debug][gc,phases      ] GC(248)   StringTable Weak               Min:  0.0, Avg:  0.1, Max:  0.1, Diff:  0.1, Sum:  0.3, Workers: 4
[5427.070s][debug][gc,phases      ] GC(248)     Dead                           Min: 0, Avg:  0.0, Max: 0, Diff: 0, Sum: 0, Workers: 4
[5427.070s][debug][gc,phases      ] GC(248)     Total                          Min: 0, Avg: 10880.5, Max: 18306, Diff: 18306, Sum: 43522, Workers: 4
[5427.070s][debug][gc,phases      ] GC(248)   ResolvedMethodTable Weak       Min:  0.0, Avg:  0.0, Max:  0.0, Diff:  0.0, Sum:  0.1, Workers: 4
[5427.070s][debug][gc,phases      ] GC(248)     Dead                           Min: 0, Avg:  0.0, Max: 0, Diff: 0, Sum: 0, Workers: 4
[5427.070s][debug][gc,phases      ] GC(248)     Total                          Min: 0, Avg: 2219.8, Max: 4082, Diff: 4082, Sum: 8879, Workers: 4
[5427.070s][debug][gc,phases      ] GC(248)   JNI Weak                       Min:  0.0, Avg:  0.0, Max:  0.0, Diff:  0.0, Sum:  0.0, Workers: 4
[5427.070s][debug][gc,phases      ] GC(248)     Dead                           Min: 0, Avg:  0.0, Max: 0, Diff: 0, Sum: 0, Workers: 4
[5427.070s][debug][gc,phases      ] GC(248)     Total                          Min: 0, Avg: 11.2, Max: 45, Diff: 45, Sum: 45, Workers: 4
[5427.070s][debug][gc,phases      ] GC(248)   StringDedup Table Weak         Min:  0.0, Avg:  0.0, Max:  0.0, Diff:  0.0, Sum:  0.0, Workers: 4
[5427.070s][debug][gc,phases      ] GC(248)     Dead                           Min: 0, Avg:  0.0, Max: 0, Diff: 0, Sum: 0, Workers: 4
[5427.070s][debug][gc,phases      ] GC(248)     Total                          Min: 0, Avg:  0.0, Max: 0, Diff: 0, Sum: 0, Workers: 4
[5427.070s][debug][gc,phases      ] GC(248)   StringDedup Requests0 Weak     Min:  0.0, Avg:  0.0, Max:  0.0, Diff:  0.0, Sum:  0.0, Workers: 4
[5427.070s][debug][gc,phases      ] GC(248)     Dead                           Min: 0, Avg:  0.0, Max: 0, Diff: 0, Sum: 0, Workers: 4
[5427.070s][debug][gc,phases      ] GC(248)     Total                          Min: 0, Avg:  0.0, Max: 0, Diff: 0, Sum: 0, Workers: 4
[5427.070s][debug][gc,phases      ] GC(248)   StringDedup Requests1 Weak     Min:  0.0, Avg:  0.0, Max:  0.0, Diff:  0.0, Sum:  0.0, Workers: 4
[5427.070s][debug][gc,phases      ] GC(248)     Dead                           Min: 0, Avg:  0.0, Max: 0, Diff: 0, Sum: 0, Workers: 4
[5427.070s][debug][gc,phases      ] GC(248)     Total                          Min: 0, Avg:  0.0, Max: 0, Diff: 0, Sum: 0, Workers: 4
[5427.070s][debug][gc,phases      ] GC(248)   Weak JFR Old Object Samples    Min:  0.0, Avg:  0.0, Max:  0.0, Diff:  0.0, Sum:  0.0, Workers: 4
[5427.070s][debug][gc,phases      ] GC(248)     Dead                           Min: 0, Avg:  0.0, Max: 0, Diff: 0, Sum: 0, Workers: 4
[5427.071s][debug][gc,phases      ] GC(248)     Total                          Min: 0, Avg:  0.0, Max: 0, Diff: 0, Sum: 0, Workers: 4
[5427.071s][debug][gc,phases      ] GC(248) Weak Processing 0.336ms
[5427.071s][debug][gc,age         ] GC(248) Desired survivor size 7340032 bytes, new threshold 15 (max threshold 15)
[5427.071s][info ][gc,heap        ] GC(248) PSYoungGen: 2080864K(2088448K)->640K(2089984K) Eden: 2080256K(2080256K)->0K(2082304K) From: 608K(8192K)->640K(7680K)
[5427.071s][info ][gc,heap        ] GC(248) ParOldGen: 251889K(422400K)->251897K(422400K)
[5427.071s][info ][gc,metaspace   ] GC(248) Metaspace: 80069K(81024K)->80069K(81024K) NonClass: 68707K(69184K)->68707K(69184K) Class: 11361K(11840K)->11361K(11840K)
[5427.071s][info ][gc             ] GC(248) Pause Young (Allocation Failure) 2278M->246M(2453M) 1.934ms
[5427.071s][info ][gc,cpu         ] GC(248) User=0.01s Sys=0.00s Real=0.00s
[5427.071s][info ][safepoint      ] Safepoint "ParallelGCFailedAllocation", Time since last: 245948811 ns, Reaching safepoint: 39200 ns, At safepoint: 2031103 ns, Total: 2070303 ns
[5473.017s][info ][gc,start       ] GC(249) Pause Young (Allocation Failure)
[5473.018s][debug][gc,phases      ] GC(249) Scavenge 1.339ms
[5473.018s][debug][gc,ref         ] GC(249) Skipped phase 1 of Reference Processing: no references
[5473.018s][debug][gc,ref         ] GC(249) Skipped phase 2 of Reference Processing: no references
[5473.018s][debug][gc,ref         ] GC(249) Skipped phase 3 of Reference Processing: no references
[5473.018s][debug][gc,ref         ] GC(249) Skipped phase 4 of Reference Processing: no references
[5473.018s][debug][gc,phases      ] GC(249) Reference Processing 0.022ms
[5473.019s][debug][gc,phases      ] GC(249)   VM Weak                        Min:  0.0, Avg:  0.0, Max:  0.0, Diff:  0.0, Sum:  0.0, Workers: 4
[5473.019s][debug][gc,phases      ] GC(249)     Dead                           Min: 0, Avg:  0.0, Max: 0, Diff: 0, Sum: 0, Workers: 4
[5473.019s][debug][gc,phases      ] GC(249)     Total                          Min: 0, Avg: 148.0, Max: 396, Diff: 396, Sum: 592, Workers: 4
[5473.019s][debug][gc,phases      ] GC(249)   ObjectSynchronizer Weak        Min:  0.0, Avg:  0.0, Max:  0.0, Diff:  0.0, Sum:  0.0, Workers: 4
[5473.019s][debug][gc,phases      ] GC(249)     Dead                           Min: 0, Avg:  0.0, Max: 0, Diff: 0, Sum: 0, Workers: 4
[5473.019s][debug][gc,phases      ] GC(249)     Total                          Min: 0, Avg: 13.5, Max: 54, Diff: 54, Sum: 54, Workers: 4
[5473.019s][debug][gc,phases      ] GC(249)   JVMTI Tag Weak OopStorage      Min:  0.0, Avg:  0.0, Max:  0.0, Diff:  0.0, Sum:  0.0, Workers: 4
[5473.019s][debug][gc,phases      ] GC(249)     Dead                           Min: 0, Avg:  0.0, Max: 0, Diff: 0, Sum: 0, Workers: 4
[5473.019s][debug][gc,phases      ] GC(249)     Total                          Min: 0, Avg:  0.0, Max: 0, Diff: 0, Sum: 0, Workers: 4
[5473.019s][debug][gc,phases      ] GC(249)   StringTable Weak               Min:  0.1, Avg:  0.1, Max:  0.1, Diff:  0.0, Sum:  0.4, Workers: 4
[5473.019s][debug][gc,phases      ] GC(249)     Dead                           Min: 0, Avg:  0.0, Max: 0, Diff: 0, Sum: 0, Workers: 4
[5473.019s][debug][gc,phases      ] GC(249)     Total                          Min: 9728, Avg: 10880.5, Max: 12096, Diff: 2368, Sum: 43522, Workers: 4
[5473.019s][debug][gc,phases      ] GC(249)   ResolvedMethodTable Weak       Min:  0.0, Avg:  0.0, Max:  0.0, Diff:  0.0, Sum:  0.1, Workers: 4
[5473.019s][debug][gc,phases      ] GC(249)     Dead                           Min: 0, Avg:  0.0, Max: 0, Diff: 0, Sum: 0, Workers: 4
[5473.019s][debug][gc,phases      ] GC(249)     Total                          Min: 2174, Avg: 2219.8, Max: 2296, Diff: 122, Sum: 8879, Workers: 4
[5473.019s][debug][gc,phases      ] GC(249)   JNI Weak                       Min:  0.0, Avg:  0.0, Max:  0.0, Diff:  0.0, Sum:  0.0, Workers: 4
[5473.019s][debug][gc,phases      ] GC(249)     Dead                           Min: 0, Avg:  0.0, Max: 0, Diff: 0, Sum: 0, Workers: 4
[5473.019s][debug][gc,phases      ] GC(249)     Total                          Min: 0, Avg: 11.2, Max: 45, Diff: 45, Sum: 45, Workers: 4
[5473.019s][debug][gc,phases      ] GC(249)   StringDedup Table Weak         Min:  0.0, Avg:  0.0, Max:  0.0, Diff:  0.0, Sum:  0.0, Workers: 4
[5473.019s][debug][gc,phases      ] GC(249)     Dead                           Min: 0, Avg:  0.0, Max: 0, Diff: 0, Sum: 0, Workers: 4
[5473.019s][debug][gc,phases      ] GC(249)     Total                          Min: 0, Avg:  0.0, Max: 0, Diff: 0, Sum: 0, Workers: 4
[5473.019s][debug][gc,phases      ] GC(249)   StringDedup Requests0 Weak     Min:  0.0, Avg:  0.0, Max:  0.0, Diff:  0.0, Sum:  0.0, Workers: 4
[5473.019s][debug][gc,phases      ] GC(249)     Dead                           Min: 0, Avg:  0.0, Max: 0, Diff: 0, Sum: 0, Workers: 4
[5473.019s][debug][gc,phases      ] GC(249)     Total                          Min: 0, Avg:  0.0, Max: 0, Diff: 0, Sum: 0, Workers: 4
[5473.019s][debug][gc,phases      ] GC(249)   StringDedup Requests1 Weak     Min:  0.0, Avg:  0.0, Max:  0.0, Diff:  0.0, Sum:  0.0, Workers: 4
[5473.019s][debug][gc,phases      ] GC(249)     Dead                           Min: 0, Avg:  0.0, Max: 0, Diff: 0, Sum: 0, Workers: 4
[5473.019s][debug][gc,phases      ] GC(249)     Total                          Min: 0, Avg:  0.0, Max: 0, Diff: 0, Sum: 0, Workers: 4
[5473.019s][debug][gc,phases      ] GC(249)   Weak JFR Old Object Samples    Min:  0.0, Avg:  0.0, Max:  0.0, Diff:  0.0, Sum:  0.0, Workers: 4
[5473.019s][debug][gc,phases      ] GC(249)     Dead                           Min: 0, Avg:  0.0, Max: 0, Diff: 0, Sum: 0, Workers: 4
[5473.019s][debug][gc,phases      ] GC(249)     Total                          Min: 0, Avg:  0.0, Max: 0, Diff: 0, Sum: 0, Workers: 4
[5473.019s][debug][gc,phases      ] GC(249) Weak Processing 0.278ms
[5473.019s][debug][gc,age         ] GC(249) Desired survivor size 6815744 bytes, new threshold 15 (max threshold 15)
[5473.019s][info ][gc,heap        ] GC(249) PSYoungGen: 2082944K(2089984K)->608K(2089472K) Eden: 2082304K(2082304K)->0K(2082304K) From: 640K(7680K)->608K(7168K)
[5473.019s][info ][gc,heap        ] GC(249) ParOldGen: 251897K(422400K)->251905K(422400K)
[5473.019s][info ][gc,metaspace   ] GC(249) Metaspace: 80069K(81024K)->80069K(81024K) NonClass: 68707K(69184K)->68707K(69184K) Class: 11361K(11840K)->11361K(11840K)
[5473.019s][info ][gc             ] GC(249) Pause Young (Allocation Failure) 2280M->246M(2453M) 1.727ms
[5473.019s][info ][gc,cpu         ] GC(249) User=0.00s Sys=0.00s Real=0.01s
[5473.019s][info ][safepoint      ] Safepoint "ParallelGCFailedAllocation", Time since last: 45946329554 ns, Reaching safepoint: 30800 ns, At safepoint: 1796703 ns, Total: 1827503 ns
[5517.967s][info ][gc,start       ] GC(250) Pause Young (Allocation Failure)
[5517.968s][debug][gc,phases      ] GC(250) Scavenge 1.198ms
[5517.968s][debug][gc,ref         ] GC(250) Skipped phase 1 of Reference Processing: no references
[5517.968s][debug][gc,ref         ] GC(250) Skipped phase 2 of Reference Processing: no references
[5517.968s][debug][gc,ref         ] GC(250) Skipped phase 3 of Reference Processing: no references
[5517.968s][debug][gc,ref         ] GC(250) Skipped phase 4 of Reference Processing: no references
[5517.968s][debug][gc,phases      ] GC(250) Reference Processing 0.023ms
[5517.968s][debug][gc,phases      ] GC(250)   VM Weak                        Min:  0.0, Avg:  0.0, Max:  0.0, Diff:  0.0, Sum:  0.0, Workers: 4
[5517.968s][debug][gc,phases      ] GC(250)     Dead                           Min: 0, Avg:  0.0, Max: 0, Diff: 0, Sum: 0, Workers: 4
[5517.968s][debug][gc,phases      ] GC(250)     Total                          Min: 0, Avg: 148.0, Max: 473, Diff: 473, Sum: 592, Workers: 4
[5517.968s][debug][gc,phases      ] GC(250)   ObjectSynchronizer Weak        Min:  0.0, Avg:  0.0, Max:  0.0, Diff:  0.0, Sum:  0.0, Workers: 4
[5517.968s][debug][gc,phases      ] GC(250)     Dead                           Min: 0, Avg:  0.0, Max: 0, Diff: 0, Sum: 0, Workers: 4
[5517.968s][debug][gc,phases      ] GC(250)     Total                          Min: 0, Avg: 13.5, Max: 54, Diff: 54, Sum: 54, Workers: 4
[5517.968s][debug][gc,phases      ] GC(250)   JVMTI Tag Weak OopStorage      Min:  0.0, Avg:  0.0, Max:  0.0, Diff:  0.0, Sum:  0.0, Workers: 4
[5517.968s][debug][gc,phases      ] GC(250)     Dead                           Min: 0, Avg:  0.0, Max: 0, Diff: 0, Sum: 0, Workers: 4
[5517.968s][debug][gc,phases      ] GC(250)     Total                          Min: 0, Avg:  0.0, Max: 0, Diff: 0, Sum: 0, Workers: 4
[5517.968s][debug][gc,phases      ] GC(250)   StringTable Weak               Min:  0.0, Avg:  0.1, Max:  0.1, Diff:  0.1, Sum:  0.4, Workers: 4
[5517.968s][debug][gc,phases      ] GC(250)     Dead                           Min: 0, Avg:  0.0, Max: 0, Diff: 0, Sum: 0, Workers: 4
[5517.968s][debug][gc,phases      ] GC(250)     Total                          Min: 0, Avg: 10880.5, Max: 18242, Diff: 18242, Sum: 43522, Workers: 4
[5517.968s][debug][gc,phases      ] GC(250)   ResolvedMethodTable Weak       Min:  0.0, Avg:  0.0, Max:  0.0, Diff:  0.0, Sum:  0.1, Workers: 4
[5517.968s][debug][gc,phases      ] GC(250)     Dead                           Min: 0, Avg:  0.0, Max: 0, Diff: 0, Sum: 0, Workers: 4
[5517.968s][debug][gc,phases      ] GC(250)     Total                          Min: 0, Avg: 2219.8, Max: 3896, Diff: 3896, Sum: 8879, Workers: 4
[5517.968s][debug][gc,phases      ] GC(250)   JNI Weak                       Min:  0.0, Avg:  0.0, Max:  0.0, Diff:  0.0, Sum:  0.0, Workers: 4
[5517.968s][debug][gc,phases      ] GC(250)     Dead                           Min: 0, Avg:  0.0, Max: 0, Diff: 0, Sum: 0, Workers: 4
[5517.968s][debug][gc,phases      ] GC(250)     Total                          Min: 0, Avg: 11.2, Max: 45, Diff: 45, Sum: 45, Workers: 4
[5517.968s][debug][gc,phases      ] GC(250)   StringDedup Table Weak         Min:  0.0, Avg:  0.0, Max:  0.0, Diff:  0.0, Sum:  0.0, Workers: 4
[5517.968s][debug][gc,phases      ] GC(250)     Dead                           Min: 0, Avg:  0.0, Max: 0, Diff: 0, Sum: 0, Workers: 4
[5517.968s][debug][gc,phases      ] GC(250)     Total                          Min: 0, Avg:  0.0, Max: 0, Diff: 0, Sum: 0, Workers: 4
[5517.968s][debug][gc,phases      ] GC(250)   StringDedup Requests0 Weak     Min:  0.0, Avg:  0.0, Max:  0.0, Diff:  0.0, Sum:  0.0, Workers: 4
[5517.968s][debug][gc,phases      ] GC(250)     Dead                           Min: 0, Avg:  0.0, Max: 0, Diff: 0, Sum: 0, Workers: 4
[5517.968s][debug][gc,phases      ] GC(250)     Total                          Min: 0, Avg:  0.0, Max: 0, Diff: 0, Sum: 0, Workers: 4
[5517.968s][debug][gc,phases      ] GC(250)   StringDedup Requests1 Weak     Min:  0.0, Avg:  0.0, Max:  0.0, Diff:  0.0, Sum:  0.0, Workers: 4
[5517.968s][debug][gc,phases      ] GC(250)     Dead                           Min: 0, Avg:  0.0, Max: 0, Diff: 0, Sum: 0, Workers: 4
[5517.968s][debug][gc,phases      ] GC(250)     Total                          Min: 0, Avg:  0.0, Max: 0, Diff: 0, Sum: 0, Workers: 4
[5517.968s][debug][gc,phases      ] GC(250)   Weak JFR Old Object Samples    Min:  0.0, Avg:  0.0, Max:  0.0, Diff:  0.0, Sum:  0.0, Workers: 4
[5517.968s][debug][gc,phases      ] GC(250)     Dead                           Min: 0, Avg:  0.0, Max: 0, Diff: 0, Sum: 0, Workers: 4
[5517.968s][debug][gc,phases      ] GC(250)     Total                          Min: 0, Avg:  0.0, Max: 0, Diff: 0, Sum: 0, Workers: 4
[5517.968s][debug][gc,phases      ] GC(250) Weak Processing 0.325ms
[5517.968s][debug][gc,age         ] GC(250) Desired survivor size 6291456 bytes, new threshold 15 (max threshold 15)
[5517.968s][info ][gc,heap        ] GC(250) PSYoungGen: 2082912K(2089472K)->608K(2091008K) Eden: 2082304K(2082304K)->0K(2084352K) From: 608K(7168K)->608K(6656K)
[5517.968s][info ][gc,heap        ] GC(250) ParOldGen: 251905K(422400K)->251913K(422400K)
[5517.968s][info ][gc,metaspace   ] GC(250) Metaspace: 80070K(81024K)->80070K(81024K) NonClass: 68708K(69184K)->68708K(69184K) Class: 11361K(11840K)->11361K(11840K)
[5517.969s][info ][gc             ] GC(250) Pause Young (Allocation Failure) 2280M->246M(2454M) 1.646ms
[5517.969s][info ][gc,cpu         ] GC(250) User=0.00s Sys=0.00s Real=0.00s
[5517.969s][info ][safepoint      ] Safepoint "ParallelGCFailedAllocation", Time since last: 44947919617 ns, Reaching safepoint: 119200 ns, At safepoint: 1738102 ns, Total: 1857302 ns
[5563.718s][info ][gc,start       ] GC(251) Pause Young (Allocation Failure)
[5563.719s][debug][gc,phases      ] GC(251) Scavenge 1.179ms
[5563.719s][debug][gc,ref         ] GC(251) Skipped phase 1 of Reference Processing: no references
[5563.719s][debug][gc,ref         ] GC(251) Skipped phase 2 of Reference Processing: no references
[5563.719s][debug][gc,ref         ] GC(251) Skipped phase 3 of Reference Processing: no references
[5563.719s][debug][gc,ref         ] GC(251) Skipped phase 4 of Reference Processing: no references
[5563.719s][debug][gc,phases      ] GC(251) Reference Processing 0.021ms
[5563.719s][debug][gc,phases      ] GC(251)   VM Weak                        Min:  0.0, Avg:  0.0, Max:  0.0, Diff:  0.0, Sum:  0.0, Workers: 4
[5563.719s][debug][gc,phases      ] GC(251)     Dead                           Min: 0, Avg:  0.0, Max: 0, Diff: 0, Sum: 0, Workers: 4
[5563.719s][debug][gc,phases      ] GC(251)     Total                          Min: 0, Avg: 148.0, Max: 505, Diff: 505, Sum: 592, Workers: 4
[5563.719s][debug][gc,phases      ] GC(251)   ObjectSynchronizer Weak        Min:  0.0, Avg:  0.0, Max:  0.0, Diff:  0.0, Sum:  0.0, Workers: 4
[5563.719s][debug][gc,phases      ] GC(251)     Dead                           Min: 0, Avg:  0.0, Max: 0, Diff: 0, Sum: 0, Workers: 4
[5563.719s][debug][gc,phases      ] GC(251)     Total                          Min: 0, Avg: 13.5, Max: 54, Diff: 54, Sum: 54, Workers: 4
[5563.719s][debug][gc,phases      ] GC(251)   JVMTI Tag Weak OopStorage      Min:  0.0, Avg:  0.0, Max:  0.0, Diff:  0.0, Sum:  0.0, Workers: 4
[5563.719s][debug][gc,phases      ] GC(251)     Dead                           Min: 0, Avg:  0.0, Max: 0, Diff: 0, Sum: 0, Workers: 4
[5563.719s][debug][gc,phases      ] GC(251)     Total                          Min: 0, Avg:  0.0, Max: 0, Diff: 0, Sum: 0, Workers: 4
[5563.719s][debug][gc,phases      ] GC(251)   StringTable Weak               Min:  0.0, Avg:  0.1, Max:  0.1, Diff:  0.1, Sum:  0.4, Workers: 4
[5563.719s][debug][gc,phases      ] GC(251)     Dead                           Min: 0, Avg:  0.0, Max: 0, Diff: 0, Sum: 0, Workers: 4
[5563.719s][debug][gc,phases      ] GC(251)     Total                          Min: 0, Avg: 10880.5, Max: 15362, Diff: 15362, Sum: 43522, Workers: 4
[5563.719s][debug][gc,phases      ] GC(251)   ResolvedMethodTable Weak       Min:  0.0, Avg:  0.0, Max:  0.0, Diff:  0.0, Sum:  0.1, Workers: 4
[5563.719s][debug][gc,phases      ] GC(251)     Dead                           Min: 0, Avg:  0.0, Max: 0, Diff: 0, Sum: 0, Workers: 4
[5563.719s][debug][gc,phases      ] GC(251)     Total                          Min: 0, Avg: 2219.8, Max: 3064, Diff: 3064, Sum: 8879, Workers: 4
[5563.719s][debug][gc,phases      ] GC(251)   JNI Weak                       Min:  0.0, Avg:  0.0, Max:  0.0, Diff:  0.0, Sum:  0.0, Workers: 4
[5563.719s][debug][gc,phases      ] GC(251)     Dead                           Min: 0, Avg:  0.0, Max: 0, Diff: 0, Sum: 0, Workers: 4
[5563.719s][debug][gc,phases      ] GC(251)     Total                          Min: 0, Avg: 11.2, Max: 45, Diff: 45, Sum: 45, Workers: 4
[5563.719s][debug][gc,phases      ] GC(251)   StringDedup Table Weak         Min:  0.0, Avg:  0.0, Max:  0.0, Diff:  0.0, Sum:  0.0, Workers: 4
[5563.719s][debug][gc,phases      ] GC(251)     Dead                           Min: 0, Avg:  0.0, Max: 0, Diff: 0, Sum: 0, Workers: 4
[5563.719s][debug][gc,phases      ] GC(251)     Total                          Min: 0, Avg:  0.0, Max: 0, Diff: 0, Sum: 0, Workers: 4
[5563.719s][debug][gc,phases      ] GC(251)   StringDedup Requests0 Weak     Min:  0.0, Avg:  0.0, Max:  0.0, Diff:  0.0, Sum:  0.0, Workers: 4
[5563.719s][debug][gc,phases      ] GC(251)     Dead                           Min: 0, Avg:  0.0, Max: 0, Diff: 0, Sum: 0, Workers: 4
[5563.719s][debug][gc,phases      ] GC(251)     Total                          Min: 0, Avg:  0.0, Max: 0, Diff: 0, Sum: 0, Workers: 4
[5563.719s][debug][gc,phases      ] GC(251)   StringDedup Requests1 Weak     Min:  0.0, Avg:  0.0, Max:  0.0, Diff:  0.0, Sum:  0.0, Workers: 4
[5563.719s][debug][gc,phases      ] GC(251)     Dead                           Min: 0, Avg:  0.0, Max: 0, Diff: 0, Sum: 0, Workers: 4
[5563.719s][debug][gc,phases      ] GC(251)     Total                          Min: 0, Avg:  0.0, Max: 0, Diff: 0, Sum: 0, Workers: 4
[5563.719s][debug][gc,phases      ] GC(251)   Weak JFR Old Object Samples    Min:  0.0, Avg:  0.0, Max:  0.0, Diff:  0.0, Sum:  0.0, Workers: 4
[5563.719s][debug][gc,phases      ] GC(251)     Dead                           Min: 0, Avg:  0.0, Max: 0, Diff: 0, Sum: 0, Workers: 4
[5563.719s][debug][gc,phases      ] GC(251)     Total                          Min: 0, Avg:  0.0, Max: 0, Diff: 0, Sum: 0, Workers: 4
[5563.719s][debug][gc,phases      ] GC(251) Weak Processing 0.377ms
[5563.719s][debug][gc,age         ] GC(251) Desired survivor size 5767168 bytes, new threshold 15 (max threshold 15)
[5563.719s][info ][gc,heap        ] GC(251) PSYoungGen: 2084960K(2091008K)->640K(2090496K) Eden: 2084352K(2084352K)->0K(2084352K) From: 608K(6656K)->640K(6144K)
[5563.719s][info ][gc,heap        ] GC(251) ParOldGen: 251913K(422400K)->251921K(422400K)
[5563.719s][info ][gc,metaspace   ] GC(251) Metaspace: 80070K(81024K)->80070K(81024K) NonClass: 68708K(69184K)->68708K(69184K) Class: 11361K(11840K)->11361K(11840K)
[5563.719s][info ][gc             ] GC(251) Pause Young (Allocation Failure) 2282M->246M(2454M) 1.660ms
[5563.719s][info ][gc,cpu         ] GC(251) User=0.00s Sys=0.00s Real=0.01s
[5563.719s][info ][safepoint      ] Safepoint "ParallelGCFailedAllocation", Time since last: 45748944447 ns, Reaching safepoint: 27700 ns, At safepoint: 1744602 ns, Total: 1772302 ns
[5609.467s][info ][gc,start       ] GC(252) Pause Young (Allocation Failure)
[5609.468s][debug][gc,phases      ] GC(252) Scavenge 0.722ms
[5609.468s][debug][gc,ref         ] GC(252) Skipped phase 1 of Reference Processing: no references
[5609.468s][debug][gc,ref         ] GC(252) Skipped phase 2 of Reference Processing: no references
[5609.468s][debug][gc,ref         ] GC(252) Skipped phase 3 of Reference Processing: no references
[5609.468s][debug][gc,ref         ] GC(252) Skipped phase 4 of Reference Processing: no references
[5609.468s][debug][gc,phases      ] GC(252) Reference Processing 0.021ms
[5609.468s][debug][gc,phases      ] GC(252)   VM Weak                        Min:  0.0, Avg:  0.0, Max:  0.0, Diff:  0.0, Sum:  0.0, Workers: 4
[5609.468s][debug][gc,phases      ] GC(252)     Dead                           Min: 0, Avg:  0.0, Max: 0, Diff: 0, Sum: 0, Workers: 4
[5609.468s][debug][gc,phases      ] GC(252)     Total                          Min: 0, Avg: 148.0, Max: 395, Diff: 395, Sum: 592, Workers: 4
[5609.468s][debug][gc,phases      ] GC(252)   ObjectSynchronizer Weak        Min:  0.0, Avg:  0.0, Max:  0.0, Diff:  0.0, Sum:  0.0, Workers: 4
[5609.468s][debug][gc,phases      ] GC(252)     Dead                           Min: 0, Avg:  0.0, Max: 0, Diff: 0, Sum: 0, Workers: 4
[5609.468s][debug][gc,phases      ] GC(252)     Total                          Min: 0, Avg: 13.5, Max: 54, Diff: 54, Sum: 54, Workers: 4
[5609.468s][debug][gc,phases      ] GC(252)   JVMTI Tag Weak OopStorage      Min:  0.0, Avg:  0.0, Max:  0.0, Diff:  0.0, Sum:  0.0, Workers: 4
[5609.468s][debug][gc,phases      ] GC(252)     Dead                           Min: 0, Avg:  0.0, Max: 0, Diff: 0, Sum: 0, Workers: 4
[5609.468s][debug][gc,phases      ] GC(252)     Total                          Min: 0, Avg:  0.0, Max: 0, Diff: 0, Sum: 0, Workers: 4
[5609.468s][debug][gc,phases      ] GC(252)   StringTable Weak               Min:  0.1, Avg:  0.1, Max:  0.1, Diff:  0.0, Sum:  0.4, Workers: 4
[5609.468s][debug][gc,phases      ] GC(252)     Dead                           Min: 0, Avg:  0.0, Max: 0, Diff: 0, Sum: 0, Workers: 4
[5609.468s][debug][gc,phases      ] GC(252)     Total                          Min: 10304, Avg: 10880.5, Max: 11328, Diff: 1024, Sum: 43522, Workers: 4
[5609.468s][debug][gc,phases      ] GC(252)   ResolvedMethodTable Weak       Min:  0.0, Avg:  0.0, Max:  0.0, Diff:  0.0, Sum:  0.1, Workers: 4
[5609.468s][debug][gc,phases      ] GC(252)     Dead                           Min: 0, Avg:  0.0, Max: 0, Diff: 0, Sum: 0, Workers: 4
[5609.468s][debug][gc,phases      ] GC(252)     Total                          Min: 1278, Avg: 2219.8, Max: 2558, Diff: 1280, Sum: 8879, Workers: 4
[5609.468s][debug][gc,phases      ] GC(252)   JNI Weak                       Min:  0.0, Avg:  0.0, Max:  0.0, Diff:  0.0, Sum:  0.0, Workers: 4
[5609.468s][debug][gc,phases      ] GC(252)     Dead                           Min: 0, Avg:  0.0, Max: 0, Diff: 0, Sum: 0, Workers: 4
[5609.468s][debug][gc,phases      ] GC(252)     Total                          Min: 0, Avg: 11.2, Max: 45, Diff: 45, Sum: 45, Workers: 4
[5609.468s][debug][gc,phases      ] GC(252)   StringDedup Table Weak         Min:  0.0, Avg:  0.0, Max:  0.0, Diff:  0.0, Sum:  0.0, Workers: 4
[5609.468s][debug][gc,phases      ] GC(252)     Dead                           Min: 0, Avg:  0.0, Max: 0, Diff: 0, Sum: 0, Workers: 4
[5609.468s][debug][gc,phases      ] GC(252)     Total                          Min: 0, Avg:  0.0, Max: 0, Diff: 0, Sum: 0, Workers: 4
[5609.468s][debug][gc,phases      ] GC(252)   StringDedup Requests0 Weak     Min:  0.0, Avg:  0.0, Max:  0.0, Diff:  0.0, Sum:  0.0, Workers: 4
[5609.468s][debug][gc,phases      ] GC(252)     Dead                           Min: 0, Avg:  0.0, Max: 0, Diff: 0, Sum: 0, Workers: 4
[5609.468s][debug][gc,phases      ] GC(252)     Total                          Min: 0, Avg:  0.0, Max: 0, Diff: 0, Sum: 0, Workers: 4
[5609.468s][debug][gc,phases      ] GC(252)   StringDedup Requests1 Weak     Min:  0.0, Avg:  0.0, Max:  0.0, Diff:  0.0, Sum:  0.0, Workers: 4
[5609.468s][debug][gc,phases      ] GC(252)     Dead                           Min: 0, Avg:  0.0, Max: 0, Diff: 0, Sum: 0, Workers: 4
[5609.468s][debug][gc,phases      ] GC(252)     Total                          Min: 0, Avg:  0.0, Max: 0, Diff: 0, Sum: 0, Workers: 4
[5609.468s][debug][gc,phases      ] GC(252)   Weak JFR Old Object Samples    Min:  0.0, Avg:  0.0, Max:  0.0, Diff:  0.0, Sum:  0.0, Workers: 4
[5609.468s][debug][gc,phases      ] GC(252)     Dead                           Min: 0, Avg:  0.0, Max: 0, Diff: 0, Sum: 0, Workers: 4
[5609.468s][debug][gc,phases      ] GC(252)     Total                          Min: 0, Avg:  0.0, Max: 0, Diff: 0, Sum: 0, Workers: 4
[5609.468s][debug][gc,phases      ] GC(252) Weak Processing 0.302ms
[5609.468s][debug][gc,age         ] GC(252) Desired survivor size 5242880 bytes, new threshold 15 (max threshold 15)
[5609.468s][info ][gc,heap        ] GC(252) PSYoungGen: 2084992K(2090496K)->672K(2092032K) Eden: 2084352K(2084352K)->0K(2086400K) From: 640K(6144K)->672K(5632K)
[5609.468s][info ][gc,heap        ] GC(252) ParOldGen: 251921K(422400K)->251929K(422400K)
[5609.468s][info ][gc,metaspace   ] GC(252) Metaspace: 80070K(81024K)->80070K(81024K) NonClass: 68708K(69184K)->68708K(69184K) Class: 11361K(11840K)->11361K(11840K)
[5609.468s][info ][gc             ] GC(252) Pause Young (Allocation Failure) 2282M->246M(2455M) 1.125ms
[5609.468s][info ][gc,cpu         ] GC(252) User=0.00s Sys=0.00s Real=0.00s
[5609.468s][info ][safepoint      ] Safepoint "ParallelGCFailedAllocation", Time since last: 45747593929 ns, Reaching safepoint: 26300 ns, At safepoint: 1200301 ns, Total: 1226601 ns
[5654.318s][info ][gc,start       ] GC(253) Pause Young (Allocation Failure)
[5654.319s][debug][gc,phases      ] GC(253) Scavenge 1.038ms
[5654.319s][debug][gc,ref         ] GC(253) Skipped phase 1 of Reference Processing: no references
[5654.319s][debug][gc,ref         ] GC(253) Skipped phase 2 of Reference Processing: no references
[5654.319s][debug][gc,ref         ] GC(253) Skipped phase 3 of Reference Processing: no references
[5654.319s][debug][gc,ref         ] GC(253) Skipped phase 4 of Reference Processing: no references
[5654.319s][debug][gc,phases      ] GC(253) Reference Processing 0.021ms
[5654.320s][debug][gc,phases      ] GC(253)   VM Weak                        Min:  0.0, Avg:  0.0, Max:  0.0, Diff:  0.0, Sum:  0.0, Workers: 4
[5654.320s][debug][gc,phases      ] GC(253)     Dead                           Min: 0, Avg:  0.0, Max: 0, Diff: 0, Sum: 0, Workers: 4
[5654.320s][debug][gc,phases      ] GC(253)     Total                          Min: 0, Avg: 148.0, Max: 529, Diff: 529, Sum: 592, Workers: 4
[5654.320s][debug][gc,phases      ] GC(253)   ObjectSynchronizer Weak        Min:  0.0, Avg:  0.0, Max:  0.0, Diff:  0.0, Sum:  0.0, Workers: 4
[5654.320s][debug][gc,phases      ] GC(253)     Dead                           Min: 0, Avg:  0.0, Max: 0, Diff: 0, Sum: 0, Workers: 4
[5654.320s][debug][gc,phases      ] GC(253)     Total                          Min: 0, Avg: 13.5, Max: 54, Diff: 54, Sum: 54, Workers: 4
[5654.320s][debug][gc,phases      ] GC(253)   JVMTI Tag Weak OopStorage      Min:  0.0, Avg:  0.0, Max:  0.0, Diff:  0.0, Sum:  0.0, Workers: 4
[5654.320s][debug][gc,phases      ] GC(253)     Dead                           Min: 0, Avg:  0.0, Max: 0, Diff: 0, Sum: 0, Workers: 4
[5654.320s][debug][gc,phases      ] GC(253)     Total                          Min: 0, Avg:  0.0, Max: 0, Diff: 0, Sum: 0, Workers: 4
[5654.320s][debug][gc,phases      ] GC(253)   StringTable Weak               Min:  0.1, Avg:  0.1, Max:  0.1, Diff:  0.0, Sum:  0.4, Workers: 4
[5654.320s][debug][gc,phases      ] GC(253)     Dead                           Min: 0, Avg:  0.0, Max: 0, Diff: 0, Sum: 0, Workers: 4
[5654.320s][debug][gc,phases      ] GC(253)     Total                          Min: 10432, Avg: 10880.5, Max: 11074, Diff: 642, Sum: 43522, Workers: 4
[5654.320s][debug][gc,phases      ] GC(253)   ResolvedMethodTable Weak       Min:  0.0, Avg:  0.0, Max:  0.0, Diff:  0.0, Sum:  0.1, Workers: 4
[5654.320s][debug][gc,phases      ] GC(253)     Dead                           Min: 0, Avg:  0.0, Max: 0, Diff: 0, Sum: 0, Workers: 4
[5654.320s][debug][gc,phases      ] GC(253)     Total                          Min: 2173, Avg: 2219.8, Max: 2296, Diff: 123, Sum: 8879, Workers: 4
[5654.320s][debug][gc,phases      ] GC(253)   JNI Weak                       Min:  0.0, Avg:  0.0, Max:  0.0, Diff:  0.0, Sum:  0.0, Workers: 4
[5654.320s][debug][gc,phases      ] GC(253)     Dead                           Min: 0, Avg:  0.0, Max: 0, Diff: 0, Sum: 0, Workers: 4
[5654.320s][debug][gc,phases      ] GC(253)     Total                          Min: 0, Avg: 11.2, Max: 45, Diff: 45, Sum: 45, Workers: 4
[5654.320s][debug][gc,phases      ] GC(253)   StringDedup Table Weak         Min:  0.0, Avg:  0.0, Max:  0.0, Diff:  0.0, Sum:  0.0, Workers: 4
[5654.320s][debug][gc,phases      ] GC(253)     Dead                           Min: 0, Avg:  0.0, Max: 0, Diff: 0, Sum: 0, Workers: 4
[5654.320s][debug][gc,phases      ] GC(253)     Total                          Min: 0, Avg:  0.0, Max: 0, Diff: 0, Sum: 0, Workers: 4
[5654.320s][debug][gc,phases      ] GC(253)   StringDedup Requests0 Weak     Min:  0.0, Avg:  0.0, Max:  0.0, Diff:  0.0, Sum:  0.0, Workers: 4
[5654.320s][debug][gc,phases      ] GC(253)     Dead                           Min: 0, Avg:  0.0, Max: 0, Diff: 0, Sum: 0, Workers: 4
[5654.320s][debug][gc,phases      ] GC(253)     Total                          Min: 0, Avg:  0.0, Max: 0, Diff: 0, Sum: 0, Workers: 4
[5654.320s][debug][gc,phases      ] GC(253)   StringDedup Requests1 Weak     Min:  0.0, Avg:  0.0, Max:  0.0, Diff:  0.0, Sum:  0.0, Workers: 4
[5654.320s][debug][gc,phases      ] GC(253)     Dead                           Min: 0, Avg:  0.0, Max: 0, Diff: 0, Sum: 0, Workers: 4
[5654.320s][debug][gc,phases      ] GC(253)     Total                          Min: 0, Avg:  0.0, Max: 0, Diff: 0, Sum: 0, Workers: 4
[5654.320s][debug][gc,phases      ] GC(253)   Weak JFR Old Object Samples    Min:  0.0, Avg:  0.0, Max:  0.0, Diff:  0.0, Sum:  0.0, Workers: 4
[5654.320s][debug][gc,phases      ] GC(253)     Dead                           Min: 0, Avg:  0.0, Max: 0, Diff: 0, Sum: 0, Workers: 4
[5654.320s][debug][gc,phases      ] GC(253)     Total                          Min: 0, Avg:  0.0, Max: 0, Diff: 0, Sum: 0, Workers: 4
[5654.320s][debug][gc,phases      ] GC(253) Weak Processing 0.271ms
[5654.320s][debug][gc,age         ] GC(253) Desired survivor size 5242880 bytes, new threshold 15 (max threshold 15)
[5654.320s][info ][gc,heap        ] GC(253) PSYoungGen: 2087072K(2092032K)->576K(2091520K) Eden: 2086400K(2086400K)->0K(2086400K) From: 672K(5632K)->576K(5120K)
[5654.320s][info ][gc,heap        ] GC(253) ParOldGen: 251929K(422400K)->251937K(422400K)
[5654.320s][info ][gc,metaspace   ] GC(253) Metaspace: 80071K(81024K)->80071K(81024K) NonClass: 68709K(69184K)->68709K(69184K) Class: 11361K(11840K)->11361K(11840K)
[5654.320s][info ][gc             ] GC(253) Pause Young (Allocation Failure) 2284M->246M(2455M) 1.418ms
[5654.320s][info ][gc,cpu         ] GC(253) User=0.01s Sys=0.00s Real=0.00s
[5654.320s][info ][safepoint      ] Safepoint "ParallelGCFailedAllocation", Time since last: 44850055422 ns, Reaching safepoint: 104100 ns, At safepoint: 1507202 ns, Total: 1611302 ns
[5699.819s][info ][gc,start       ] GC(254) Pause Young (Allocation Failure)
[5699.821s][debug][gc,phases      ] GC(254) Scavenge 1.715ms
[5699.821s][debug][gc,ref         ] GC(254) Skipped phase 1 of Reference Processing: no references
[5699.821s][debug][gc,ref         ] GC(254) Skipped phase 2 of Reference Processing: no references
[5699.821s][debug][gc,ref         ] GC(254) Skipped phase 3 of Reference Processing: no references
[5699.821s][debug][gc,ref         ] GC(254) Skipped phase 4 of Reference Processing: no references
[5699.821s][debug][gc,phases      ] GC(254) Reference Processing 0.021ms
[5699.821s][debug][gc,phases      ] GC(254)   VM Weak                        Min:  0.0, Avg:  0.0, Max:  0.0, Diff:  0.0, Sum:  0.0, Workers: 4
[5699.821s][debug][gc,phases      ] GC(254)     Dead                           Min: 0, Avg:  0.0, Max: 0, Diff: 0, Sum: 0, Workers: 4
[5699.821s][debug][gc,phases      ] GC(254)     Total                          Min: 0, Avg: 148.0, Max: 529, Diff: 529, Sum: 592, Workers: 4
[5699.821s][debug][gc,phases      ] GC(254)   ObjectSynchronizer Weak        Min:  0.0, Avg:  0.0, Max:  0.0, Diff:  0.0, Sum:  0.0, Workers: 4
[5699.821s][debug][gc,phases      ] GC(254)     Dead                           Min: 0, Avg:  0.0, Max: 0, Diff: 0, Sum: 0, Workers: 4
[5699.821s][debug][gc,phases      ] GC(254)     Total                          Min: 0, Avg: 13.5, Max: 54, Diff: 54, Sum: 54, Workers: 4
[5699.821s][debug][gc,phases      ] GC(254)   JVMTI Tag Weak OopStorage      Min:  0.0, Avg:  0.0, Max:  0.0, Diff:  0.0, Sum:  0.0, Workers: 4
[5699.821s][debug][gc,phases      ] GC(254)     Dead                           Min: 0, Avg:  0.0, Max: 0, Diff: 0, Sum: 0, Workers: 4
[5699.821s][debug][gc,phases      ] GC(254)     Total                          Min: 0, Avg:  0.0, Max: 0, Diff: 0, Sum: 0, Workers: 4
[5699.821s][debug][gc,phases      ] GC(254)   StringTable Weak               Min:  0.1, Avg:  0.1, Max:  0.1, Diff:  0.0, Sum:  0.4, Workers: 4
[5699.821s][debug][gc,phases      ] GC(254)     Dead                           Min: 0, Avg:  0.0, Max: 0, Diff: 0, Sum: 0, Workers: 4
[5699.821s][debug][gc,phases      ] GC(254)     Total                          Min: 10434, Avg: 10880.5, Max: 11648, Diff: 1214, Sum: 43522, Workers: 4
[5699.821s][debug][gc,phases      ] GC(254)   ResolvedMethodTable Weak       Min:  0.0, Avg:  0.0, Max:  0.0, Diff:  0.0, Sum:  0.1, Workers: 4
[5699.821s][debug][gc,phases      ] GC(254)     Dead                           Min: 0, Avg:  0.0, Max: 0, Diff: 0, Sum: 0, Workers: 4
[5699.821s][debug][gc,phases      ] GC(254)     Total                          Min: 2042, Avg: 2219.8, Max: 2558, Diff: 516, Sum: 8879, Workers: 4
[5699.821s][debug][gc,phases      ] GC(254)   JNI Weak                       Min:  0.0, Avg:  0.0, Max:  0.0, Diff:  0.0, Sum:  0.0, Workers: 4
[5699.821s][debug][gc,phases      ] GC(254)     Dead                           Min: 0, Avg:  0.0, Max: 0, Diff: 0, Sum: 0, Workers: 4
[5699.821s][debug][gc,phases      ] GC(254)     Total                          Min: 0, Avg: 11.2, Max: 45, Diff: 45, Sum: 45, Workers: 4
[5699.821s][debug][gc,phases      ] GC(254)   StringDedup Table Weak         Min:  0.0, Avg:  0.0, Max:  0.0, Diff:  0.0, Sum:  0.0, Workers: 4
[5699.821s][debug][gc,phases      ] GC(254)     Dead                           Min: 0, Avg:  0.0, Max: 0, Diff: 0, Sum: 0, Workers: 4
[5699.821s][debug][gc,phases      ] GC(254)     Total                          Min: 0, Avg:  0.0, Max: 0, Diff: 0, Sum: 0, Workers: 4
[5699.821s][debug][gc,phases      ] GC(254)   StringDedup Requests0 Weak     Min:  0.0, Avg:  0.0, Max:  0.0, Diff:  0.0, Sum:  0.0, Workers: 4
[5699.821s][debug][gc,phases      ] GC(254)     Dead                           Min: 0, Avg:  0.0, Max: 0, Diff: 0, Sum: 0, Workers: 4
[5699.821s][debug][gc,phases      ] GC(254)     Total                          Min: 0, Avg:  0.0, Max: 0, Diff: 0, Sum: 0, Workers: 4
[5699.821s][debug][gc,phases      ] GC(254)   StringDedup Requests1 Weak     Min:  0.0, Avg:  0.0, Max:  0.0, Diff:  0.0, Sum:  0.0, Workers: 4
[5699.821s][debug][gc,phases      ] GC(254)     Dead                           Min: 0, Avg:  0.0, Max: 0, Diff: 0, Sum: 0, Workers: 4
[5699.821s][debug][gc,phases      ] GC(254)     Total                          Min: 0, Avg:  0.0, Max: 0, Diff: 0, Sum: 0, Workers: 4
[5699.821s][debug][gc,phases      ] GC(254)   Weak JFR Old Object Samples    Min:  0.0, Avg:  0.0, Max:  0.0, Diff:  0.0, Sum:  0.0, Workers: 4
[5699.821s][debug][gc,phases      ] GC(254)     Dead                           Min: 0, Avg:  0.0, Max: 0, Diff: 0, Sum: 0, Workers: 4
[5699.821s][debug][gc,phases      ] GC(254)     Total                          Min: 0, Avg:  0.0, Max: 0, Diff: 0, Sum: 0, Workers: 4
[5699.821s][debug][gc,phases      ] GC(254) Weak Processing 0.282ms
[5699.821s][debug][gc,age         ] GC(254) Desired survivor size 4718592 bytes, new threshold 15 (max threshold 15)
[5699.821s][info ][gc,heap        ] GC(254) PSYoungGen: 2086976K(2091520K)->864K(2092544K) Eden: 2086400K(2086400K)->0K(2087424K) From: 576K(5120K)->864K(5120K)
[5699.821s][info ][gc,heap        ] GC(254) ParOldGen: 251937K(422400K)->251945K(422400K)
[5699.821s][info ][gc,metaspace   ] GC(254) Metaspace: 80071K(81024K)->80071K(81024K) NonClass: 68709K(69184K)->68709K(69184K) Class: 11361K(11840K)->11361K(11840K)
[5699.821s][info ][gc             ] GC(254) Pause Young (Allocation Failure) 2284M->246M(2456M) 2.109ms
[5699.821s][info ][gc,cpu         ] GC(254) User=0.00s Sys=0.00s Real=0.00s
[5699.821s][info ][safepoint      ] Safepoint "ParallelGCFailedAllocation", Time since last: 45499370396 ns, Reaching safepoint: 24800 ns, At safepoint: 2193202 ns, Total: 2218002 ns
[5745.319s][info ][gc,start       ] GC(255) Pause Young (Allocation Failure)
[5745.320s][debug][gc,phases      ] GC(255) Scavenge 1.465ms
[5745.320s][debug][gc,ref         ] GC(255) Skipped phase 1 of Reference Processing: no references
[5745.320s][debug][gc,ref         ] GC(255) Skipped phase 2 of Reference Processing: no references
[5745.320s][debug][gc,ref         ] GC(255) Skipped phase 3 of Reference Processing: no references
[5745.320s][debug][gc,ref         ] GC(255) Skipped phase 4 of Reference Processing: no references
[5745.320s][debug][gc,phases      ] GC(255) Reference Processing 0.021ms
[5745.321s][debug][gc,phases      ] GC(255)   VM Weak                        Min:  0.0, Avg:  0.0, Max:  0.0, Diff:  0.0, Sum:  0.0, Workers: 4
[5745.321s][debug][gc,phases      ] GC(255)     Dead                           Min: 0, Avg:  0.0, Max: 0, Diff: 0, Sum: 0, Workers: 4
[5745.321s][debug][gc,phases      ] GC(255)     Total                          Min: 0, Avg: 148.0, Max: 592, Diff: 592, Sum: 592, Workers: 4
[5745.321s][debug][gc,phases      ] GC(255)   ObjectSynchronizer Weak        Min:  0.0, Avg:  0.0, Max:  0.0, Diff:  0.0, Sum:  0.0, Workers: 4
[5745.321s][debug][gc,phases      ] GC(255)     Dead                           Min: 0, Avg:  0.0, Max: 0, Diff: 0, Sum: 0, Workers: 4
[5745.321s][debug][gc,phases      ] GC(255)     Total                          Min: 0, Avg: 13.5, Max: 54, Diff: 54, Sum: 54, Workers: 4
[5745.321s][debug][gc,phases      ] GC(255)   JVMTI Tag Weak OopStorage      Min:  0.0, Avg:  0.0, Max:  0.0, Diff:  0.0, Sum:  0.0, Workers: 4
[5745.321s][debug][gc,phases      ] GC(255)     Dead                           Min: 0, Avg:  0.0, Max: 0, Diff: 0, Sum: 0, Workers: 4
[5745.321s][debug][gc,phases      ] GC(255)     Total                          Min: 0, Avg:  0.0, Max: 0, Diff: 0, Sum: 0, Workers: 4
[5745.321s][debug][gc,phases      ] GC(255)   StringTable Weak               Min:  0.1, Avg:  0.1, Max:  0.1, Diff:  0.0, Sum:  0.4, Workers: 4
[5745.321s][debug][gc,phases      ] GC(255)     Dead                           Min: 0, Avg:  0.0, Max: 0, Diff: 0, Sum: 0, Workers: 4
[5745.321s][debug][gc,phases      ] GC(255)     Total                          Min: 10432, Avg: 10880.5, Max: 11328, Diff: 896, Sum: 43522, Workers: 4
[5745.321s][debug][gc,phases      ] GC(255)   ResolvedMethodTable Weak       Min:  0.0, Avg:  0.0, Max:  0.0, Diff:  0.0, Sum:  0.1, Workers: 4
[5745.321s][debug][gc,phases      ] GC(255)     Dead                           Min: 0, Avg:  0.0, Max: 0, Diff: 0, Sum: 0, Workers: 4
[5745.321s][debug][gc,phases      ] GC(255)     Total                          Min: 2176, Avg: 2219.8, Max: 2238, Diff: 62, Sum: 8879, Workers: 4
[5745.321s][debug][gc,phases      ] GC(255)   JNI Weak                       Min:  0.0, Avg:  0.0, Max:  0.0, Diff:  0.0, Sum:  0.0, Workers: 4
[5745.321s][debug][gc,phases      ] GC(255)     Dead                           Min: 0, Avg:  0.0, Max: 0, Diff: 0, Sum: 0, Workers: 4
[5745.321s][debug][gc,phases      ] GC(255)     Total                          Min: 0, Avg: 11.2, Max: 45, Diff: 45, Sum: 45, Workers: 4
[5745.321s][debug][gc,phases      ] GC(255)   StringDedup Table Weak         Min:  0.0, Avg:  0.0, Max:  0.0, Diff:  0.0, Sum:  0.0, Workers: 4
[5745.321s][debug][gc,phases      ] GC(255)     Dead                           Min: 0, Avg:  0.0, Max: 0, Diff: 0, Sum: 0, Workers: 4
[5745.321s][debug][gc,phases      ] GC(255)     Total                          Min: 0, Avg:  0.0, Max: 0, Diff: 0, Sum: 0, Workers: 4
[5745.321s][debug][gc,phases      ] GC(255)   StringDedup Requests0 Weak     Min:  0.0, Avg:  0.0, Max:  0.0, Diff:  0.0, Sum:  0.0, Workers: 4
[5745.321s][debug][gc,phases      ] GC(255)     Dead                           Min: 0, Avg:  0.0, Max: 0, Diff: 0, Sum: 0, Workers: 4
[5745.321s][debug][gc,phases      ] GC(255)     Total                          Min: 0, Avg:  0.0, Max: 0, Diff: 0, Sum: 0, Workers: 4
[5745.321s][debug][gc,phases      ] GC(255)   StringDedup Requests1 Weak     Min:  0.0, Avg:  0.0, Max:  0.0, Diff:  0.0, Sum:  0.0, Workers: 4
[5745.321s][debug][gc,phases      ] GC(255)     Dead                           Min: 0, Avg:  0.0, Max: 0, Diff: 0, Sum: 0, Workers: 4
[5745.321s][debug][gc,phases      ] GC(255)     Total                          Min: 0, Avg:  0.0, Max: 0, Diff: 0, Sum: 0, Workers: 4
[5745.321s][debug][gc,phases      ] GC(255)   Weak JFR Old Object Samples    Min:  0.0, Avg:  0.0, Max:  0.0, Diff:  0.0, Sum:  0.0, Workers: 4
[5745.321s][debug][gc,phases      ] GC(255)     Dead                           Min: 0, Avg:  0.0, Max: 0, Diff: 0, Sum: 0, Workers: 4
[5745.321s][debug][gc,phases      ] GC(255)     Total                          Min: 0, Avg:  0.0, Max: 0, Diff: 0, Sum: 0, Workers: 4
[5745.321s][debug][gc,phases      ] GC(255) Weak Processing 0.300ms
[5745.321s][debug][gc,age         ] GC(255) Desired survivor size 4194304 bytes, new threshold 15 (max threshold 15)
[5745.321s][info ][gc,heap        ] GC(255) PSYoungGen: 2088288K(2092544K)->576K(2092032K) Eden: 2087424K(2087424K)->0K(2087424K) From: 864K(5120K)->576K(4608K)
[5745.321s][info ][gc,heap        ] GC(255) ParOldGen: 251945K(422400K)->251953K(422400K)
[5745.321s][info ][gc,metaspace   ] GC(255) Metaspace: 80071K(81024K)->80071K(81024K) NonClass: 68709K(69184K)->68709K(69184K) Class: 11361K(11840K)->11361K(11840K)
[5745.321s][info ][gc             ] GC(255) Pause Young (Allocation Failure) 2285M->246M(2455M) 1.869ms
[5745.321s][info ][gc,cpu         ] GC(255) User=0.00s Sys=0.00s Real=0.00s
[5745.321s][info ][safepoint      ] Safepoint "ParallelGCFailedAllocation", Time since last: 45497268708 ns, Reaching safepoint: 149900 ns, At safepoint: 1959503 ns, Total: 2109403 ns
[5791.117s][info ][gc,start       ] GC(256) Pause Young (Allocation Failure)
[5791.118s][debug][gc,phases      ] GC(256) Scavenge 1.188ms
[5791.118s][debug][gc,ref         ] GC(256) Skipped phase 1 of Reference Processing: no references
[5791.118s][debug][gc,ref         ] GC(256) Skipped phase 2 of Reference Processing: no references
[5791.118s][debug][gc,ref         ] GC(256) Skipped phase 3 of Reference Processing: no references
[5791.118s][debug][gc,ref         ] GC(256) Skipped phase 4 of Reference Processing: no references
[5791.118s][debug][gc,phases      ] GC(256) Reference Processing 0.030ms
[5791.118s][debug][gc,phases      ] GC(256)   VM Weak                        Min:  0.0, Avg:  0.0, Max:  0.0, Diff:  0.0, Sum:  0.0, Workers: 4
[5791.118s][debug][gc,phases      ] GC(256)     Dead                           Min: 0, Avg:  0.0, Max: 0, Diff: 0, Sum: 0, Workers: 4
[5791.118s][debug][gc,phases      ] GC(256)     Total                          Min: 0, Avg: 148.0, Max: 419, Diff: 419, Sum: 592, Workers: 4
[5791.118s][debug][gc,phases      ] GC(256)   ObjectSynchronizer Weak        Min:  0.0, Avg:  0.0, Max:  0.0, Diff:  0.0, Sum:  0.0, Workers: 4
[5791.118s][debug][gc,phases      ] GC(256)     Dead                           Min: 0, Avg:  0.0, Max: 0, Diff: 0, Sum: 0, Workers: 4
[5791.118s][debug][gc,phases      ] GC(256)     Total                          Min: 0, Avg: 13.5, Max: 54, Diff: 54, Sum: 54, Workers: 4
[5791.118s][debug][gc,phases      ] GC(256)   JVMTI Tag Weak OopStorage      Min:  0.0, Avg:  0.0, Max:  0.0, Diff:  0.0, Sum:  0.0, Workers: 4
[5791.118s][debug][gc,phases      ] GC(256)     Dead                           Min: 0, Avg:  0.0, Max: 0, Diff: 0, Sum: 0, Workers: 4
[5791.118s][debug][gc,phases      ] GC(256)     Total                          Min: 0, Avg:  0.0, Max: 0, Diff: 0, Sum: 0, Workers: 4
[5791.118s][debug][gc,phases      ] GC(256)   StringTable Weak               Min:  0.0, Avg:  0.1, Max:  0.2, Diff:  0.2, Sum:  0.4, Workers: 4
[5791.118s][debug][gc,phases      ] GC(256)     Dead                           Min: 0, Avg:  0.0, Max: 0, Diff: 0, Sum: 0, Workers: 4
[5791.118s][debug][gc,phases      ] GC(256)     Total                          Min: 0, Avg: 10880.5, Max: 22592, Diff: 22592, Sum: 43522, Workers: 4
[5791.118s][debug][gc,phases      ] GC(256)   ResolvedMethodTable Weak       Min:  0.0, Avg:  0.0, Max:  0.0, Diff:  0.0, Sum:  0.1, Workers: 4
[5791.118s][debug][gc,phases      ] GC(256)     Dead                           Min: 0, Avg:  0.0, Max: 0, Diff: 0, Sum: 0, Workers: 4
[5791.118s][debug][gc,phases      ] GC(256)     Total                          Min: 0, Avg: 2219.8, Max: 4730, Diff: 4730, Sum: 8879, Workers: 4
[5791.118s][debug][gc,phases      ] GC(256)   JNI Weak                       Min:  0.0, Avg:  0.0, Max:  0.0, Diff:  0.0, Sum:  0.0, Workers: 4
[5791.118s][debug][gc,phases      ] GC(256)     Dead                           Min: 0, Avg:  0.0, Max: 0, Diff: 0, Sum: 0, Workers: 4
[5791.118s][debug][gc,phases      ] GC(256)     Total                          Min: 0, Avg: 11.2, Max: 45, Diff: 45, Sum: 45, Workers: 4
[5791.118s][debug][gc,phases      ] GC(256)   StringDedup Table Weak         Min:  0.0, Avg:  0.0, Max:  0.0, Diff:  0.0, Sum:  0.0, Workers: 4
[5791.118s][debug][gc,phases      ] GC(256)     Dead                           Min: 0, Avg:  0.0, Max: 0, Diff: 0, Sum: 0, Workers: 4
[5791.118s][debug][gc,phases      ] GC(256)     Total                          Min: 0, Avg:  0.0, Max: 0, Diff: 0, Sum: 0, Workers: 4
[5791.118s][debug][gc,phases      ] GC(256)   StringDedup Requests0 Weak     Min:  0.0, Avg:  0.0, Max:  0.0, Diff:  0.0, Sum:  0.0, Workers: 4
[5791.118s][debug][gc,phases      ] GC(256)     Dead                           Min: 0, Avg:  0.0, Max: 0, Diff: 0, Sum: 0, Workers: 4
[5791.118s][debug][gc,phases      ] GC(256)     Total                          Min: 0, Avg:  0.0, Max: 0, Diff: 0, Sum: 0, Workers: 4
[5791.118s][debug][gc,phases      ] GC(256)   StringDedup Requests1 Weak     Min:  0.0, Avg:  0.0, Max:  0.0, Diff:  0.0, Sum:  0.0, Workers: 4
[5791.118s][debug][gc,phases      ] GC(256)     Dead                           Min: 0, Avg:  0.0, Max: 0, Diff: 0, Sum: 0, Workers: 4
[5791.118s][debug][gc,phases      ] GC(256)     Total                          Min: 0, Avg:  0.0, Max: 0, Diff: 0, Sum: 0, Workers: 4
[5791.118s][debug][gc,phases      ] GC(256)   Weak JFR Old Object Samples    Min:  0.0, Avg:  0.0, Max:  0.0, Diff:  0.0, Sum:  0.0, Workers: 4
[5791.118s][debug][gc,phases      ] GC(256)     Dead                           Min: 0, Avg:  0.0, Max: 0, Diff: 0, Sum: 0, Workers: 4
[5791.118s][debug][gc,phases      ] GC(256)     Total                          Min: 0, Avg:  0.0, Max: 0, Diff: 0, Sum: 0, Workers: 4
[5791.118s][debug][gc,phases      ] GC(256) Weak Processing 0.456ms
[5791.118s][debug][gc,age         ] GC(256) Desired survivor size 4194304 bytes, new threshold 15 (max threshold 15)
[5791.118s][info ][gc,heap        ] GC(256) PSYoungGen: 2088000K(2092032K)->608K(2093056K) Eden: 2087424K(2087424K)->0K(2088960K) From: 576K(4608K)->608K(4096K)
[5791.118s][info ][gc,heap        ] GC(256) ParOldGen: 251953K(422400K)->251969K(422400K)
[5791.118s][info ][gc,metaspace   ] GC(256) Metaspace: 80071K(81024K)->80071K(81024K) NonClass: 68709K(69184K)->68709K(69184K) Class: 11361K(11840K)->11361K(11840K)
[5791.118s][info ][gc             ] GC(256) Pause Young (Allocation Failure) 2285M->246M(2456M) 1.767ms
[5791.118s][info ][gc,cpu         ] GC(256) User=0.00s Sys=0.00s Real=0.01s
[5791.118s][info ][safepoint      ] Safepoint "ParallelGCFailedAllocation", Time since last: 45795777196 ns, Reaching safepoint: 42800 ns, At safepoint: 1840102 ns, Total: 1882902 ns
[5836.817s][info ][gc,start       ] GC(257) Pause Young (Allocation Failure)
[5836.818s][debug][gc,phases      ] GC(257) Scavenge 1.356ms
[5836.818s][debug][gc,ref         ] GC(257) Skipped phase 1 of Reference Processing: no references
[5836.818s][debug][gc,ref         ] GC(257) Skipped phase 2 of Reference Processing: no references
[5836.818s][debug][gc,ref         ] GC(257) Skipped phase 3 of Reference Processing: no references
[5836.818s][debug][gc,ref         ] GC(257) Skipped phase 4 of Reference Processing: no references
[5836.818s][debug][gc,phases      ] GC(257) Reference Processing 0.021ms
[5836.819s][debug][gc,phases      ] GC(257)   VM Weak                        Min:  0.0, Avg:  0.0, Max:  0.0, Diff:  0.0, Sum:  0.0, Workers: 4
[5836.819s][debug][gc,phases      ] GC(257)     Dead                           Min: 0, Avg:  0.0, Max: 0, Diff: 0, Sum: 0, Workers: 4
[5836.819s][debug][gc,phases      ] GC(257)     Total                          Min: 0, Avg: 148.0, Max: 340, Diff: 340, Sum: 592, Workers: 4
[5836.819s][debug][gc,phases      ] GC(257)   ObjectSynchronizer Weak        Min:  0.0, Avg:  0.0, Max:  0.0, Diff:  0.0, Sum:  0.0, Workers: 4
[5836.819s][debug][gc,phases      ] GC(257)     Dead                           Min: 0, Avg:  0.0, Max: 0, Diff: 0, Sum: 0, Workers: 4
[5836.819s][debug][gc,phases      ] GC(257)     Total                          Min: 0, Avg: 13.5, Max: 54, Diff: 54, Sum: 54, Workers: 4
[5836.819s][debug][gc,phases      ] GC(257)   JVMTI Tag Weak OopStorage      Min:  0.0, Avg:  0.0, Max:  0.0, Diff:  0.0, Sum:  0.0, Workers: 4
[5836.819s][debug][gc,phases      ] GC(257)     Dead                           Min: 0, Avg:  0.0, Max: 0, Diff: 0, Sum: 0, Workers: 4
[5836.819s][debug][gc,phases      ] GC(257)     Total                          Min: 0, Avg:  0.0, Max: 0, Diff: 0, Sum: 0, Workers: 4
[5836.819s][debug][gc,phases      ] GC(257)   StringTable Weak               Min:  0.0, Avg:  0.1, Max:  0.1, Diff:  0.1, Sum:  0.4, Workers: 4
[5836.819s][debug][gc,phases      ] GC(257)     Dead                           Min: 0, Avg:  0.0, Max: 0, Diff: 0, Sum: 0, Workers: 4
[5836.819s][debug][gc,phases      ] GC(257)     Total                          Min: 0, Avg: 10880.5, Max: 14848, Diff: 14848, Sum: 43522, Workers: 4
[5836.819s][debug][gc,phases      ] GC(257)   ResolvedMethodTable Weak       Min:  0.0, Avg:  0.0, Max:  0.0, Diff:  0.0, Sum:  0.1, Workers: 4
[5836.819s][debug][gc,phases      ] GC(257)     Dead                           Min: 0, Avg:  0.0, Max: 0, Diff: 0, Sum: 0, Workers: 4
[5836.819s][debug][gc,phases      ] GC(257)     Total                          Min: 0, Avg: 2219.8, Max: 3064, Diff: 3064, Sum: 8879, Workers: 4
[5836.819s][debug][gc,phases      ] GC(257)   JNI Weak                       Min:  0.0, Avg:  0.0, Max:  0.0, Diff:  0.0, Sum:  0.0, Workers: 4
[5836.819s][debug][gc,phases      ] GC(257)     Dead                           Min: 0, Avg:  0.0, Max: 0, Diff: 0, Sum: 0, Workers: 4
[5836.819s][debug][gc,phases      ] GC(257)     Total                          Min: 0, Avg: 11.2, Max: 45, Diff: 45, Sum: 45, Workers: 4
[5836.819s][debug][gc,phases      ] GC(257)   StringDedup Table Weak         Min:  0.0, Avg:  0.0, Max:  0.0, Diff:  0.0, Sum:  0.0, Workers: 4
[5836.819s][debug][gc,phases      ] GC(257)     Dead                           Min: 0, Avg:  0.0, Max: 0, Diff: 0, Sum: 0, Workers: 4
[5836.819s][debug][gc,phases      ] GC(257)     Total                          Min: 0, Avg:  0.0, Max: 0, Diff: 0, Sum: 0, Workers: 4
[5836.819s][debug][gc,phases      ] GC(257)   StringDedup Requests0 Weak     Min:  0.0, Avg:  0.0, Max:  0.0, Diff:  0.0, Sum:  0.0, Workers: 4
[5836.819s][debug][gc,phases      ] GC(257)     Dead                           Min: 0, Avg:  0.0, Max: 0, Diff: 0, Sum: 0, Workers: 4
[5836.819s][debug][gc,phases      ] GC(257)     Total                          Min: 0, Avg:  0.0, Max: 0, Diff: 0, Sum: 0, Workers: 4
[5836.819s][debug][gc,phases      ] GC(257)   StringDedup Requests1 Weak     Min:  0.0, Avg:  0.0, Max:  0.0, Diff:  0.0, Sum:  0.0, Workers: 4
[5836.819s][debug][gc,phases      ] GC(257)     Dead                           Min: 0, Avg:  0.0, Max: 0, Diff: 0, Sum: 0, Workers: 4
[5836.819s][debug][gc,phases      ] GC(257)     Total                          Min: 0, Avg:  0.0, Max: 0, Diff: 0, Sum: 0, Workers: 4
[5836.819s][debug][gc,phases      ] GC(257)   Weak JFR Old Object Samples    Min:  0.0, Avg:  0.0, Max:  0.0, Diff:  0.0, Sum:  0.0, Workers: 4
[5836.819s][debug][gc,phases      ] GC(257)     Dead                           Min: 0, Avg:  0.0, Max: 0, Diff: 0, Sum: 0, Workers: 4
[5836.819s][debug][gc,phases      ] GC(257)     Total                          Min: 0, Avg:  0.0, Max: 0, Diff: 0, Sum: 0, Workers: 4
[5836.819s][debug][gc,phases      ] GC(257) Weak Processing 0.309ms
[5836.819s][debug][gc,age         ] GC(257) Desired survivor size 3670016 bytes, new threshold 15 (max threshold 15)
[5836.819s][info ][gc,heap        ] GC(257) PSYoungGen: 2089568K(2093056K)->576K(2093056K) Eden: 2088960K(2088960K)->0K(2088960K) From: 608K(4096K)->576K(4096K)
[5836.819s][info ][gc,heap        ] GC(257) ParOldGen: 251969K(422400K)->251985K(422400K)
[5836.819s][info ][gc,metaspace   ] GC(257) Metaspace: 80071K(81024K)->80071K(81024K) NonClass: 68709K(69184K)->68709K(69184K) Class: 11361K(11840K)->11361K(11840K)
[5836.819s][info ][gc             ] GC(257) Pause Young (Allocation Failure) 2286M->246M(2456M) 1.780ms
[5836.819s][info ][gc,cpu         ] GC(257) User=0.01s Sys=0.00s Real=0.01s
[5836.819s][info ][safepoint      ] Safepoint "ParallelGCFailedAllocation", Time since last: 45698350449 ns, Reaching safepoint: 107400 ns, At safepoint: 1875103 ns, Total: 1982503 ns
[5882.568s][info ][gc,start       ] GC(258) Pause Young (Allocation Failure)
[5882.569s][debug][gc,phases      ] GC(258) Scavenge 1.078ms
[5882.569s][debug][gc,ref         ] GC(258) Skipped phase 1 of Reference Processing: no references
[5882.569s][debug][gc,ref         ] GC(258) Skipped phase 2 of Reference Processing: no references
[5882.569s][debug][gc,ref         ] GC(258) Skipped phase 3 of Reference Processing: no references
[5882.569s][debug][gc,ref         ] GC(258) Skipped phase 4 of Reference Processing: no references
[5882.569s][debug][gc,phases      ] GC(258) Reference Processing 0.023ms
[5882.569s][debug][gc,phases      ] GC(258)   VM Weak                        Min:  0.0, Avg:  0.0, Max:  0.0, Diff:  0.0, Sum:  0.0, Workers: 4
[5882.569s][debug][gc,phases      ] GC(258)     Dead                           Min: 0, Avg:  0.0, Max: 0, Diff: 0, Sum: 0, Workers: 4
[5882.569s][debug][gc,phases      ] GC(258)     Total                          Min: 0, Avg: 148.0, Max: 592, Diff: 592, Sum: 592, Workers: 4
[5882.569s][debug][gc,phases      ] GC(258)   ObjectSynchronizer Weak        Min:  0.0, Avg:  0.0, Max:  0.0, Diff:  0.0, Sum:  0.0, Workers: 4
[5882.569s][debug][gc,phases      ] GC(258)     Dead                           Min: 0, Avg:  0.0, Max: 0, Diff: 0, Sum: 0, Workers: 4
[5882.569s][debug][gc,phases      ] GC(258)     Total                          Min: 0, Avg: 13.5, Max: 54, Diff: 54, Sum: 54, Workers: 4
[5882.569s][debug][gc,phases      ] GC(258)   JVMTI Tag Weak OopStorage      Min:  0.0, Avg:  0.0, Max:  0.0, Diff:  0.0, Sum:  0.0, Workers: 4
[5882.569s][debug][gc,phases      ] GC(258)     Dead                           Min: 0, Avg:  0.0, Max: 0, Diff: 0, Sum: 0, Workers: 4
[5882.569s][debug][gc,phases      ] GC(258)     Total                          Min: 0, Avg:  0.0, Max: 0, Diff: 0, Sum: 0, Workers: 4
[5882.569s][debug][gc,phases      ] GC(258)   StringTable Weak               Min:  0.1, Avg:  0.1, Max:  0.1, Diff:  0.0, Sum:  0.4, Workers: 4
[5882.569s][debug][gc,phases      ] GC(258)     Dead                           Min: 0, Avg:  0.0, Max: 0, Diff: 0, Sum: 0, Workers: 4
[5882.569s][debug][gc,phases      ] GC(258)     Total                          Min: 10176, Avg: 10880.5, Max: 11266, Diff: 1090, Sum: 43522, Workers: 4
[5882.569s][debug][gc,phases      ] GC(258)   ResolvedMethodTable Weak       Min:  0.0, Avg:  0.0, Max:  0.0, Diff:  0.0, Sum:  0.1, Workers: 4
[5882.569s][debug][gc,phases      ] GC(258)     Dead                           Min: 0, Avg:  0.0, Max: 0, Diff: 0, Sum: 0, Workers: 4
[5882.569s][debug][gc,phases      ] GC(258)     Total                          Min: 2110, Avg: 2219.8, Max: 2304, Diff: 194, Sum: 8879, Workers: 4
[5882.569s][debug][gc,phases      ] GC(258)   JNI Weak                       Min:  0.0, Avg:  0.0, Max:  0.0, Diff:  0.0, Sum:  0.0, Workers: 4
[5882.569s][debug][gc,phases      ] GC(258)     Dead                           Min: 0, Avg:  0.0, Max: 0, Diff: 0, Sum: 0, Workers: 4
[5882.569s][debug][gc,phases      ] GC(258)     Total                          Min: 0, Avg: 11.2, Max: 45, Diff: 45, Sum: 45, Workers: 4
[5882.569s][debug][gc,phases      ] GC(258)   StringDedup Table Weak         Min:  0.0, Avg:  0.0, Max:  0.0, Diff:  0.0, Sum:  0.0, Workers: 4
[5882.569s][debug][gc,phases      ] GC(258)     Dead                           Min: 0, Avg:  0.0, Max: 0, Diff: 0, Sum: 0, Workers: 4
[5882.569s][debug][gc,phases      ] GC(258)     Total                          Min: 0, Avg:  0.0, Max: 0, Diff: 0, Sum: 0, Workers: 4
[5882.569s][debug][gc,phases      ] GC(258)   StringDedup Requests0 Weak     Min:  0.0, Avg:  0.0, Max:  0.0, Diff:  0.0, Sum:  0.0, Workers: 4
[5882.569s][debug][gc,phases      ] GC(258)     Dead                           Min: 0, Avg:  0.0, Max: 0, Diff: 0, Sum: 0, Workers: 4
[5882.569s][debug][gc,phases      ] GC(258)     Total                          Min: 0, Avg:  0.0, Max: 0, Diff: 0, Sum: 0, Workers: 4
[5882.569s][debug][gc,phases      ] GC(258)   StringDedup Requests1 Weak     Min:  0.0, Avg:  0.0, Max:  0.0, Diff:  0.0, Sum:  0.0, Workers: 4
[5882.569s][debug][gc,phases      ] GC(258)     Dead                           Min: 0, Avg:  0.0, Max: 0, Diff: 0, Sum: 0, Workers: 4
[5882.569s][debug][gc,phases      ] GC(258)     Total                          Min: 0, Avg:  0.0, Max: 0, Diff: 0, Sum: 0, Workers: 4
[5882.569s][debug][gc,phases      ] GC(258)   Weak JFR Old Object Samples    Min:  0.0, Avg:  0.0, Max:  0.0, Diff:  0.0, Sum:  0.0, Workers: 4
[5882.569s][debug][gc,phases      ] GC(258)     Dead                           Min: 0, Avg:  0.0, Max: 0, Diff: 0, Sum: 0, Workers: 4
[5882.569s][debug][gc,phases      ] GC(258)     Total                          Min: 0, Avg:  0.0, Max: 0, Diff: 0, Sum: 0, Workers: 4
[5882.569s][debug][gc,phases      ] GC(258) Weak Processing 0.285ms
[5882.569s][debug][gc,age         ] GC(258) Desired survivor size 3670016 bytes, new threshold 15 (max threshold 15)
[5882.569s][info ][gc,heap        ] GC(258) PSYoungGen: 2089536K(2093056K)->608K(2093568K) Eden: 2088960K(2088960K)->0K(2089984K) From: 576K(4096K)->608K(3584K)
[5882.569s][info ][gc,heap        ] GC(258) ParOldGen: 251985K(422400K)->251993K(422400K)
[5882.569s][info ][gc,metaspace   ] GC(258) Metaspace: 80071K(81024K)->80071K(81024K) NonClass: 68709K(69184K)->68709K(69184K) Class: 11361K(11840K)->11361K(11840K)
[5882.569s][info ][gc             ] GC(258) Pause Young (Allocation Failure) 2286M->246M(2457M) 1.474ms
[5882.569s][info ][gc,cpu         ] GC(258) User=0.00s Sys=0.00s Real=0.00s
[5882.569s][info ][safepoint      ] Safepoint "ParallelGCFailedAllocation", Time since last: 45748996882 ns, Reaching safepoint: 42500 ns, At safepoint: 1558302 ns, Total: 1600802 ns
[5928.319s][info ][gc,start       ] GC(259) Pause Young (Allocation Failure)
[5928.320s][debug][gc,phases      ] GC(259) Scavenge 0.704ms
[5928.320s][debug][gc,ref         ] GC(259) Skipped phase 1 of Reference Processing: no references
[5928.320s][debug][gc,ref         ] GC(259) Skipped phase 2 of Reference Processing: no references
[5928.320s][debug][gc,ref         ] GC(259) Skipped phase 3 of Reference Processing: no references
[5928.320s][debug][gc,ref         ] GC(259) Skipped phase 4 of Reference Processing: no references
[5928.320s][debug][gc,phases      ] GC(259) Reference Processing 0.022ms
[5928.320s][debug][gc,phases      ] GC(259)   VM Weak                        Min:  0.0, Avg:  0.0, Max:  0.0, Diff:  0.0, Sum:  0.0, Workers: 4
[5928.320s][debug][gc,phases      ] GC(259)     Dead                           Min: 0, Avg:  0.0, Max: 0, Diff: 0, Sum: 0, Workers: 4
[5928.320s][debug][gc,phases      ] GC(259)     Total                          Min: 0, Avg: 148.0, Max: 592, Diff: 592, Sum: 592, Workers: 4
[5928.320s][debug][gc,phases      ] GC(259)   ObjectSynchronizer Weak        Min:  0.0, Avg:  0.0, Max:  0.0, Diff:  0.0, Sum:  0.0, Workers: 4
[5928.320s][debug][gc,phases      ] GC(259)     Dead                           Min: 0, Avg:  0.0, Max: 0, Diff: 0, Sum: 0, Workers: 4
[5928.320s][debug][gc,phases      ] GC(259)     Total                          Min: 0, Avg: 13.5, Max: 54, Diff: 54, Sum: 54, Workers: 4
[5928.320s][debug][gc,phases      ] GC(259)   JVMTI Tag Weak OopStorage      Min:  0.0, Avg:  0.0, Max:  0.0, Diff:  0.0, Sum:  0.0, Workers: 4
[5928.320s][debug][gc,phases      ] GC(259)     Dead                           Min: 0, Avg:  0.0, Max: 0, Diff: 0, Sum: 0, Workers: 4
[5928.320s][debug][gc,phases      ] GC(259)     Total                          Min: 0, Avg:  0.0, Max: 0, Diff: 0, Sum: 0, Workers: 4
[5928.320s][debug][gc,phases      ] GC(259)   StringTable Weak               Min:  0.1, Avg:  0.1, Max:  0.1, Diff:  0.0, Sum:  0.4, Workers: 4
[5928.320s][debug][gc,phases      ] GC(259)     Dead                           Min: 0, Avg:  0.0, Max: 0, Diff: 0, Sum: 0, Workers: 4
[5928.320s][debug][gc,phases      ] GC(259)     Total                          Min: 9280, Avg: 10880.5, Max: 11650, Diff: 2370, Sum: 43522, Workers: 4
[5928.320s][debug][gc,phases      ] GC(259)   ResolvedMethodTable Weak       Min:  0.0, Avg:  0.0, Max:  0.0, Diff:  0.0, Sum:  0.1, Workers: 4
[5928.320s][debug][gc,phases      ] GC(259)     Dead                           Min: 0, Avg:  0.0, Max: 0, Diff: 0, Sum: 0, Workers: 4
[5928.320s][debug][gc,phases      ] GC(259)     Total                          Min: 2175, Avg: 2219.8, Max: 2238, Diff: 63, Sum: 8879, Workers: 4
[5928.320s][debug][gc,phases      ] GC(259)   JNI Weak                       Min:  0.0, Avg:  0.0, Max:  0.0, Diff:  0.0, Sum:  0.0, Workers: 4
[5928.320s][debug][gc,phases      ] GC(259)     Dead                           Min: 0, Avg:  0.0, Max: 0, Diff: 0, Sum: 0, Workers: 4
[5928.320s][debug][gc,phases      ] GC(259)     Total                          Min: 0, Avg: 11.2, Max: 45, Diff: 45, Sum: 45, Workers: 4
[5928.320s][debug][gc,phases      ] GC(259)   StringDedup Table Weak         Min:  0.0, Avg:  0.0, Max:  0.0, Diff:  0.0, Sum:  0.0, Workers: 4
[5928.320s][debug][gc,phases      ] GC(259)     Dead                           Min: 0, Avg:  0.0, Max: 0, Diff: 0, Sum: 0, Workers: 4
[5928.320s][debug][gc,phases      ] GC(259)     Total                          Min: 0, Avg:  0.0, Max: 0, Diff: 0, Sum: 0, Workers: 4
[5928.320s][debug][gc,phases      ] GC(259)   StringDedup Requests0 Weak     Min:  0.0, Avg:  0.0, Max:  0.0, Diff:  0.0, Sum:  0.0, Workers: 4
[5928.320s][debug][gc,phases      ] GC(259)     Dead                           Min: 0, Avg:  0.0, Max: 0, Diff: 0, Sum: 0, Workers: 4
[5928.320s][debug][gc,phases      ] GC(259)     Total                          Min: 0, Avg:  0.0, Max: 0, Diff: 0, Sum: 0, Workers: 4
[5928.320s][debug][gc,phases      ] GC(259)   StringDedup Requests1 Weak     Min:  0.0, Avg:  0.0, Max:  0.0, Diff:  0.0, Sum:  0.0, Workers: 4
[5928.320s][debug][gc,phases      ] GC(259)     Dead                           Min: 0, Avg:  0.0, Max: 0, Diff: 0, Sum: 0, Workers: 4
[5928.320s][debug][gc,phases      ] GC(259)     Total                          Min: 0, Avg:  0.0, Max: 0, Diff: 0, Sum: 0, Workers: 4
[5928.320s][debug][gc,phases      ] GC(259)   Weak JFR Old Object Samples    Min:  0.0, Avg:  0.0, Max:  0.0, Diff:  0.0, Sum:  0.0, Workers: 4
[5928.320s][debug][gc,phases      ] GC(259)     Dead                           Min: 0, Avg:  0.0, Max: 0, Diff: 0, Sum: 0, Workers: 4
[5928.320s][debug][gc,phases      ] GC(259)     Total                          Min: 0, Avg:  0.0, Max: 0, Diff: 0, Sum: 0, Workers: 4
[5928.320s][debug][gc,phases      ] GC(259) Weak Processing 0.346ms
[5928.320s][debug][gc,age         ] GC(259) Desired survivor size 3145728 bytes, new threshold 15 (max threshold 15)
[5928.320s][info ][gc,heap        ] GC(259) PSYoungGen: 2090592K(2093568K)->608K(2093568K) Eden: 2089984K(2089984K)->0K(2089984K) From: 608K(3584K)->608K(3584K)
[5928.320s][info ][gc,heap        ] GC(259) ParOldGen: 251993K(422400K)->252001K(422400K)
[5928.320s][info ][gc,metaspace   ] GC(259) Metaspace: 80071K(81024K)->80071K(81024K) NonClass: 68709K(69184K)->68709K(69184K) Class: 11361K(11840K)->11361K(11840K)
[5928.320s][info ][gc             ] GC(259) Pause Young (Allocation Failure) 2287M->246M(2457M) 1.155ms
[5928.320s][info ][gc,cpu         ] GC(259) User=0.00s Sys=0.00s Real=0.00s
[5928.320s][info ][safepoint      ] Safepoint "ParallelGCFailedAllocation", Time since last: 45749511034 ns, Reaching safepoint: 105600 ns, At safepoint: 1240302 ns, Total: 1345902 ns
[5974.118s][info ][gc,start       ] GC(260) Pause Young (Allocation Failure)
[5974.119s][debug][gc,phases      ] GC(260) Scavenge 1.065ms
[5974.119s][debug][gc,ref         ] GC(260) Skipped phase 1 of Reference Processing: no references
[5974.119s][debug][gc,ref         ] GC(260) Skipped phase 2 of Reference Processing: no references
[5974.119s][debug][gc,ref         ] GC(260) Skipped phase 3 of Reference Processing: no references
[5974.119s][debug][gc,ref         ] GC(260) Skipped phase 4 of Reference Processing: no references
[5974.119s][debug][gc,phases      ] GC(260) Reference Processing 0.021ms
[5974.119s][debug][gc,phases      ] GC(260)   VM Weak                        Min:  0.0, Avg:  0.0, Max:  0.0, Diff:  0.0, Sum:  0.0, Workers: 4
[5974.119s][debug][gc,phases      ] GC(260)     Dead                           Min: 0, Avg:  0.0, Max: 0, Diff: 0, Sum: 0, Workers: 4
[5974.119s][debug][gc,phases      ] GC(260)     Total                          Min: 0, Avg: 148.0, Max: 340, Diff: 340, Sum: 592, Workers: 4
[5974.119s][debug][gc,phases      ] GC(260)   ObjectSynchronizer Weak        Min:  0.0, Avg:  0.0, Max:  0.0, Diff:  0.0, Sum:  0.0, Workers: 4
[5974.119s][debug][gc,phases      ] GC(260)     Dead                           Min: 0, Avg:  0.0, Max: 0, Diff: 0, Sum: 0, Workers: 4
[5974.119s][debug][gc,phases      ] GC(260)     Total                          Min: 0, Avg: 13.5, Max: 54, Diff: 54, Sum: 54, Workers: 4
[5974.119s][debug][gc,phases      ] GC(260)   JVMTI Tag Weak OopStorage      Min:  0.0, Avg:  0.0, Max:  0.0, Diff:  0.0, Sum:  0.0, Workers: 4
[5974.119s][debug][gc,phases      ] GC(260)     Dead                           Min: 0, Avg:  0.0, Max: 0, Diff: 0, Sum: 0, Workers: 4
[5974.119s][debug][gc,phases      ] GC(260)     Total                          Min: 0, Avg:  0.0, Max: 0, Diff: 0, Sum: 0, Workers: 4
[5974.119s][debug][gc,phases      ] GC(260)   StringTable Weak               Min:  0.0, Avg:  0.1, Max:  0.1, Diff:  0.1, Sum:  0.3, Workers: 4
[5974.119s][debug][gc,phases      ] GC(260)     Dead                           Min: 0, Avg:  0.0, Max: 0, Diff: 0, Sum: 0, Workers: 4
[5974.119s][debug][gc,phases      ] GC(260)     Total                          Min: 0, Avg: 10880.5, Max: 18240, Diff: 18240, Sum: 43522, Workers: 4
[5974.119s][debug][gc,phases      ] GC(260)   ResolvedMethodTable Weak       Min:  0.0, Avg:  0.0, Max:  0.0, Diff:  0.0, Sum:  0.1, Workers: 4
[5974.119s][debug][gc,phases      ] GC(260)     Dead                           Min: 0, Avg:  0.0, Max: 0, Diff: 0, Sum: 0, Workers: 4
[5974.119s][debug][gc,phases      ] GC(260)     Total                          Min: 0, Avg: 2219.8, Max: 3960, Diff: 3960, Sum: 8879, Workers: 4
[5974.119s][debug][gc,phases      ] GC(260)   JNI Weak                       Min:  0.0, Avg:  0.0, Max:  0.0, Diff:  0.0, Sum:  0.0, Workers: 4
[5974.119s][debug][gc,phases      ] GC(260)     Dead                           Min: 0, Avg:  0.0, Max: 0, Diff: 0, Sum: 0, Workers: 4
[5974.119s][debug][gc,phases      ] GC(260)     Total                          Min: 0, Avg: 11.2, Max: 45, Diff: 45, Sum: 45, Workers: 4
[5974.119s][debug][gc,phases      ] GC(260)   StringDedup Table Weak         Min:  0.0, Avg:  0.0, Max:  0.0, Diff:  0.0, Sum:  0.0, Workers: 4
[5974.119s][debug][gc,phases      ] GC(260)     Dead                           Min: 0, Avg:  0.0, Max: 0, Diff: 0, Sum: 0, Workers: 4
[5974.119s][debug][gc,phases      ] GC(260)     Total                          Min: 0, Avg:  0.0, Max: 0, Diff: 0, Sum: 0, Workers: 4
[5974.119s][debug][gc,phases      ] GC(260)   StringDedup Requests0 Weak     Min:  0.0, Avg:  0.0, Max:  0.0, Diff:  0.0, Sum:  0.0, Workers: 4
[5974.119s][debug][gc,phases      ] GC(260)     Dead                           Min: 0, Avg:  0.0, Max: 0, Diff: 0, Sum: 0, Workers: 4
[5974.119s][debug][gc,phases      ] GC(260)     Total                          Min: 0, Avg:  0.0, Max: 0, Diff: 0, Sum: 0, Workers: 4
[5974.119s][debug][gc,phases      ] GC(260)   StringDedup Requests1 Weak     Min:  0.0, Avg:  0.0, Max:  0.0, Diff:  0.0, Sum:  0.0, Workers: 4
[5974.119s][debug][gc,phases      ] GC(260)     Dead                           Min: 0, Avg:  0.0, Max: 0, Diff: 0, Sum: 0, Workers: 4
[5974.119s][debug][gc,phases      ] GC(260)     Total                          Min: 0, Avg:  0.0, Max: 0, Diff: 0, Sum: 0, Workers: 4
[5974.119s][debug][gc,phases      ] GC(260)   Weak JFR Old Object Samples    Min:  0.0, Avg:  0.0, Max:  0.0, Diff:  0.0, Sum:  0.0, Workers: 4
[5974.119s][debug][gc,phases      ] GC(260)     Dead                           Min: 0, Avg:  0.0, Max: 0, Diff: 0, Sum: 0, Workers: 4
[5974.119s][debug][gc,phases      ] GC(260)     Total                          Min: 0, Avg:  0.0, Max: 0, Diff: 0, Sum: 0, Workers: 4
[5974.119s][debug][gc,phases      ] GC(260) Weak Processing 0.305ms
[5974.119s][debug][gc,age         ] GC(260) Desired survivor size 3145728 bytes, new threshold 15 (max threshold 15)
[5974.119s][info ][gc,heap        ] GC(260) PSYoungGen: 2090592K(2093568K)->608K(2094080K) Eden: 2089984K(2089984K)->0K(2091008K) From: 608K(3584K)->608K(3072K)
[5974.119s][info ][gc,heap        ] GC(260) ParOldGen: 252001K(422400K)->252009K(422400K)
[5974.119s][info ][gc,metaspace   ] GC(260) Metaspace: 80071K(81024K)->80071K(81024K) NonClass: 68709K(69184K)->68709K(69184K) Class: 11361K(11840K)->11361K(11840K)
[5974.119s][info ][gc             ] GC(260) Pause Young (Allocation Failure) 2287M->246M(2457M) 1.468ms
[5974.119s][info ][gc,cpu         ] GC(260) User=0.01s Sys=0.00s Real=0.01s
[5974.119s][info ][safepoint      ] Safepoint "ParallelGCFailedAllocation", Time since last: 45797649636 ns, Reaching safepoint: 33901 ns, At safepoint: 1539002 ns, Total: 1572903 ns
[6019.670s][info ][gc,start       ] GC(261) Pause Young (Allocation Failure)
[6019.671s][debug][gc,phases      ] GC(261) Scavenge 0.912ms
[6019.671s][debug][gc,ref         ] GC(261) Skipped phase 1 of Reference Processing: no references
[6019.671s][debug][gc,ref         ] GC(261) Skipped phase 2 of Reference Processing: no references
[6019.671s][debug][gc,ref         ] GC(261) Skipped phase 3 of Reference Processing: no references
[6019.671s][debug][gc,ref         ] GC(261) Skipped phase 4 of Reference Processing: no references
[6019.671s][debug][gc,phases      ] GC(261) Reference Processing 0.021ms
[6019.671s][debug][gc,phases      ] GC(261)   VM Weak                        Min:  0.0, Avg:  0.0, Max:  0.0, Diff:  0.0, Sum:  0.0, Workers: 4
[6019.671s][debug][gc,phases      ] GC(261)     Dead                           Min: 0, Avg:  0.0, Max: 0, Diff: 0, Sum: 0, Workers: 4
[6019.671s][debug][gc,phases      ] GC(261)     Total                          Min: 0, Avg: 148.0, Max: 592, Diff: 592, Sum: 592, Workers: 4
[6019.671s][debug][gc,phases      ] GC(261)   ObjectSynchronizer Weak        Min:  0.0, Avg:  0.0, Max:  0.0, Diff:  0.0, Sum:  0.0, Workers: 4
[6019.671s][debug][gc,phases      ] GC(261)     Dead                           Min: 0, Avg:  0.0, Max: 0, Diff: 0, Sum: 0, Workers: 4
[6019.671s][debug][gc,phases      ] GC(261)     Total                          Min: 0, Avg: 13.5, Max: 54, Diff: 54, Sum: 54, Workers: 4
[6019.671s][debug][gc,phases      ] GC(261)   JVMTI Tag Weak OopStorage      Min:  0.0, Avg:  0.0, Max:  0.0, Diff:  0.0, Sum:  0.0, Workers: 4
[6019.671s][debug][gc,phases      ] GC(261)     Dead                           Min: 0, Avg:  0.0, Max: 0, Diff: 0, Sum: 0, Workers: 4
[6019.671s][debug][gc,phases      ] GC(261)     Total                          Min: 0, Avg:  0.0, Max: 0, Diff: 0, Sum: 0, Workers: 4
[6019.671s][debug][gc,phases      ] GC(261)   StringTable Weak               Min:  0.1, Avg:  0.1, Max:  0.1, Diff:  0.0, Sum:  0.4, Workers: 4
[6019.671s][debug][gc,phases      ] GC(261)     Dead                           Min: 0, Avg:  0.0, Max: 0, Diff: 0, Sum: 0, Workers: 4
[6019.671s][debug][gc,phases      ] GC(261)     Total                          Min: 10368, Avg: 10880.5, Max: 11328, Diff: 960, Sum: 43522, Workers: 4
[6019.671s][debug][gc,phases      ] GC(261)   ResolvedMethodTable Weak       Min:  0.0, Avg:  0.0, Max:  0.0, Diff:  0.0, Sum:  0.1, Workers: 4
[6019.671s][debug][gc,phases      ] GC(261)     Dead                           Min: 0, Avg:  0.0, Max: 0, Diff: 0, Sum: 0, Workers: 4
[6019.671s][debug][gc,phases      ] GC(261)     Total                          Min: 2174, Avg: 2219.8, Max: 2237, Diff: 63, Sum: 8879, Workers: 4
[6019.671s][debug][gc,phases      ] GC(261)   JNI Weak                       Min:  0.0, Avg:  0.0, Max:  0.0, Diff:  0.0, Sum:  0.0, Workers: 4
[6019.671s][debug][gc,phases      ] GC(261)     Dead                           Min: 0, Avg:  0.0, Max: 0, Diff: 0, Sum: 0, Workers: 4
[6019.671s][debug][gc,phases      ] GC(261)     Total                          Min: 0, Avg: 11.2, Max: 45, Diff: 45, Sum: 45, Workers: 4
[6019.671s][debug][gc,phases      ] GC(261)   StringDedup Table Weak         Min:  0.0, Avg:  0.0, Max:  0.0, Diff:  0.0, Sum:  0.0, Workers: 4
[6019.671s][debug][gc,phases      ] GC(261)     Dead                           Min: 0, Avg:  0.0, Max: 0, Diff: 0, Sum: 0, Workers: 4
[6019.671s][debug][gc,phases      ] GC(261)     Total                          Min: 0, Avg:  0.0, Max: 0, Diff: 0, Sum: 0, Workers: 4
[6019.671s][debug][gc,phases      ] GC(261)   StringDedup Requests0 Weak     Min:  0.0, Avg:  0.0, Max:  0.0, Diff:  0.0, Sum:  0.0, Workers: 4
[6019.671s][debug][gc,phases      ] GC(261)     Dead                           Min: 0, Avg:  0.0, Max: 0, Diff: 0, Sum: 0, Workers: 4
[6019.671s][debug][gc,phases      ] GC(261)     Total                          Min: 0, Avg:  0.0, Max: 0, Diff: 0, Sum: 0, Workers: 4
[6019.671s][debug][gc,phases      ] GC(261)   StringDedup Requests1 Weak     Min:  0.0, Avg:  0.0, Max:  0.0, Diff:  0.0, Sum:  0.0, Workers: 4
[6019.671s][debug][gc,phases      ] GC(261)     Dead                           Min: 0, Avg:  0.0, Max: 0, Diff: 0, Sum: 0, Workers: 4
[6019.671s][debug][gc,phases      ] GC(261)     Total                          Min: 0, Avg:  0.0, Max: 0, Diff: 0, Sum: 0, Workers: 4
[6019.671s][debug][gc,phases      ] GC(261)   Weak JFR Old Object Samples    Min:  0.0, Avg:  0.0, Max:  0.0, Diff:  0.0, Sum:  0.0, Workers: 4
[6019.671s][debug][gc,phases      ] GC(261)     Dead                           Min: 0, Avg:  0.0, Max: 0, Diff: 0, Sum: 0, Workers: 4
[6019.671s][debug][gc,phases      ] GC(261)     Total                          Min: 0, Avg:  0.0, Max: 0, Diff: 0, Sum: 0, Workers: 4
[6019.671s][debug][gc,phases      ] GC(261) Weak Processing 0.285ms
[6019.671s][debug][gc,age         ] GC(261) Desired survivor size 3145728 bytes, new threshold 15 (max threshold 15)
[6019.671s][info ][gc,heap        ] GC(261) PSYoungGen: 2091616K(2094080K)->608K(2094080K) Eden: 2091008K(2091008K)->0K(2091008K) From: 608K(3072K)->608K(3072K)
[6019.671s][info ][gc,heap        ] GC(261) ParOldGen: 252009K(422400K)->252017K(422400K)
[6019.671s][info ][gc,metaspace   ] GC(261) Metaspace: 80074K(81024K)->80074K(81024K) NonClass: 68712K(69184K)->68712K(69184K) Class: 11361K(11840K)->11361K(11840K)
[6019.671s][info ][gc             ] GC(261) Pause Young (Allocation Failure) 2288M->246M(2457M) 1.317ms
[6019.671s][info ][gc,cpu         ] GC(261) User=0.00s Sys=0.00s Real=0.00s
[6019.671s][info ][safepoint      ] Safepoint "ParallelGCFailedAllocation", Time since last: 45550129235 ns, Reaching safepoint: 97200 ns, At safepoint: 1381002 ns, Total: 1478202 ns
[6065.667s][info ][gc,start       ] GC(262) Pause Young (Allocation Failure)
[6065.668s][debug][gc,phases      ] GC(262) Scavenge 1.099ms
[6065.668s][debug][gc,ref         ] GC(262) Skipped phase 1 of Reference Processing: no references
[6065.668s][debug][gc,ref         ] GC(262) Skipped phase 2 of Reference Processing: no references
[6065.668s][debug][gc,ref         ] GC(262) Skipped phase 3 of Reference Processing: no references
[6065.668s][debug][gc,ref         ] GC(262) Skipped phase 4 of Reference Processing: no references
[6065.668s][debug][gc,phases      ] GC(262) Reference Processing 0.034ms
[6065.668s][debug][gc,phases      ] GC(262)   VM Weak                        Min:  0.0, Avg:  0.0, Max:  0.0, Diff:  0.0, Sum:  0.0, Workers: 4
[6065.668s][debug][gc,phases      ] GC(262)     Dead                           Min: 0, Avg:  0.0, Max: 0, Diff: 0, Sum: 0, Workers: 4
[6065.668s][debug][gc,phases      ] GC(262)     Total                          Min: 0, Avg: 148.0, Max: 473, Diff: 473, Sum: 592, Workers: 4
[6065.668s][debug][gc,phases      ] GC(262)   ObjectSynchronizer Weak        Min:  0.0, Avg:  0.0, Max:  0.0, Diff:  0.0, Sum:  0.0, Workers: 4
[6065.668s][debug][gc,phases      ] GC(262)     Dead                           Min: 0, Avg:  0.0, Max: 0, Diff: 0, Sum: 0, Workers: 4
[6065.668s][debug][gc,phases      ] GC(262)     Total                          Min: 0, Avg: 13.5, Max: 54, Diff: 54, Sum: 54, Workers: 4
[6065.668s][debug][gc,phases      ] GC(262)   JVMTI Tag Weak OopStorage      Min:  0.0, Avg:  0.0, Max:  0.0, Diff:  0.0, Sum:  0.0, Workers: 4
[6065.668s][debug][gc,phases      ] GC(262)     Dead                           Min: 0, Avg:  0.0, Max: 0, Diff: 0, Sum: 0, Workers: 4
[6065.668s][debug][gc,phases      ] GC(262)     Total                          Min: 0, Avg:  0.0, Max: 0, Diff: 0, Sum: 0, Workers: 4
[6065.668s][debug][gc,phases      ] GC(262)   StringTable Weak               Min:  0.0, Avg:  0.1, Max:  0.2, Diff:  0.2, Sum:  0.4, Workers: 4
[6065.668s][debug][gc,phases      ] GC(262)     Dead                           Min: 0, Avg:  0.0, Max: 0, Diff: 0, Sum: 0, Workers: 4
[6065.668s][debug][gc,phases      ] GC(262)     Total                          Min: 0, Avg: 10880.5, Max: 22402, Diff: 22402, Sum: 43522, Workers: 4
[6065.668s][debug][gc,phases      ] GC(262)   ResolvedMethodTable Weak       Min:  0.0, Avg:  0.0, Max:  0.0, Diff:  0.0, Sum:  0.1, Workers: 4
[6065.668s][debug][gc,phases      ] GC(262)     Dead                           Min: 0, Avg:  0.0, Max: 0, Diff: 0, Sum: 0, Workers: 4
[6065.668s][debug][gc,phases      ] GC(262)     Total                          Min: 0, Avg: 2219.8, Max: 4471, Diff: 4471, Sum: 8879, Workers: 4
[6065.668s][debug][gc,phases      ] GC(262)   JNI Weak                       Min:  0.0, Avg:  0.0, Max:  0.0, Diff:  0.0, Sum:  0.0, Workers: 4
[6065.668s][debug][gc,phases      ] GC(262)     Dead                           Min: 0, Avg:  0.0, Max: 0, Diff: 0, Sum: 0, Workers: 4
[6065.668s][debug][gc,phases      ] GC(262)     Total                          Min: 0, Avg: 11.2, Max: 45, Diff: 45, Sum: 45, Workers: 4
[6065.668s][debug][gc,phases      ] GC(262)   StringDedup Table Weak         Min:  0.0, Avg:  0.0, Max:  0.0, Diff:  0.0, Sum:  0.0, Workers: 4
[6065.668s][debug][gc,phases      ] GC(262)     Dead                           Min: 0, Avg:  0.0, Max: 0, Diff: 0, Sum: 0, Workers: 4
[6065.668s][debug][gc,phases      ] GC(262)     Total                          Min: 0, Avg:  0.0, Max: 0, Diff: 0, Sum: 0, Workers: 4
[6065.668s][debug][gc,phases      ] GC(262)   StringDedup Requests0 Weak     Min:  0.0, Avg:  0.0, Max:  0.0, Diff:  0.0, Sum:  0.0, Workers: 4
[6065.668s][debug][gc,phases      ] GC(262)     Dead                           Min: 0, Avg:  0.0, Max: 0, Diff: 0, Sum: 0, Workers: 4
[6065.668s][debug][gc,phases      ] GC(262)     Total                          Min: 0, Avg:  0.0, Max: 0, Diff: 0, Sum: 0, Workers: 4
[6065.668s][debug][gc,phases      ] GC(262)   StringDedup Requests1 Weak     Min:  0.0, Avg:  0.0, Max:  0.0, Diff:  0.0, Sum:  0.0, Workers: 4
[6065.668s][debug][gc,phases      ] GC(262)     Dead                           Min: 0, Avg:  0.0, Max: 0, Diff: 0, Sum: 0, Workers: 4
[6065.668s][debug][gc,phases      ] GC(262)     Total                          Min: 0, Avg:  0.0, Max: 0, Diff: 0, Sum: 0, Workers: 4
[6065.668s][debug][gc,phases      ] GC(262)   Weak JFR Old Object Samples    Min:  0.0, Avg:  0.0, Max:  0.0, Diff:  0.0, Sum:  0.0, Workers: 4
[6065.669s][debug][gc,phases      ] GC(262)     Dead                           Min: 0, Avg:  0.0, Max: 0, Diff: 0, Sum: 0, Workers: 4
[6065.669s][debug][gc,phases      ] GC(262)     Total                          Min: 0, Avg:  0.0, Max: 0, Diff: 0, Sum: 0, Workers: 4
[6065.669s][debug][gc,phases      ] GC(262) Weak Processing 0.482ms
[6065.669s][debug][gc,age         ] GC(262) Desired survivor size 2621440 bytes, new threshold 15 (max threshold 15)
[6065.669s][info ][gc,heap        ] GC(262) PSYoungGen: 2091616K(2094080K)->608K(2094592K) Eden: 2091008K(2091008K)->0K(2091520K) From: 608K(3072K)->608K(3072K)
[6065.669s][info ][gc,heap        ] GC(262) ParOldGen: 252017K(422400K)->252025K(422400K)
[6065.669s][info ][gc,metaspace   ] GC(262) Metaspace: 80074K(81024K)->80074K(81024K) NonClass: 68712K(69184K)->68712K(69184K) Class: 11361K(11840K)->11361K(11840K)
[6065.669s][info ][gc             ] GC(262) Pause Young (Allocation Failure) 2288M->246M(2458M) 1.708ms
[6065.669s][info ][gc,cpu         ] GC(262) User=0.01s Sys=0.00s Real=0.00s
[6065.669s][info ][safepoint      ] Safepoint "ParallelGCFailedAllocation", Time since last: 45995785443 ns, Reaching safepoint: 33400 ns, At safepoint: 1777902 ns, Total: 1811302 ns
[6103.671s][info ][safepoint      ] Safepoint "Cleanup", Time since last: 38002421399 ns, Reaching safepoint: 40100 ns, At safepoint: 19500 ns, Total: 59600 ns
[6110.818s][info ][gc,start       ] GC(263) Pause Young (Allocation Failure)
[6110.819s][debug][gc,phases      ] GC(263) Scavenge 1.096ms
[6110.819s][debug][gc,ref         ] GC(263) Skipped phase 1 of Reference Processing: no references
[6110.819s][debug][gc,ref         ] GC(263) Skipped phase 2 of Reference Processing: no references
[6110.819s][debug][gc,ref         ] GC(263) Skipped phase 3 of Reference Processing: no references
[6110.819s][debug][gc,ref         ] GC(263) Skipped phase 4 of Reference Processing: no references
[6110.819s][debug][gc,phases      ] GC(263) Reference Processing 0.029ms
[6110.819s][debug][gc,phases      ] GC(263)   VM Weak                        Min:  0.0, Avg:  0.0, Max:  0.0, Diff:  0.0, Sum:  0.0, Workers: 4
[6110.819s][debug][gc,phases      ] GC(263)     Dead                           Min: 0, Avg:  0.0, Max: 0, Diff: 0, Sum: 0, Workers: 4
[6110.819s][debug][gc,phases      ] GC(263)     Total                          Min: 0, Avg: 148.0, Max: 396, Diff: 396, Sum: 592, Workers: 4
[6110.819s][debug][gc,phases      ] GC(263)   ObjectSynchronizer Weak        Min:  0.0, Avg:  0.0, Max:  0.0, Diff:  0.0, Sum:  0.0, Workers: 4
[6110.819s][debug][gc,phases      ] GC(263)     Dead                           Min: 0, Avg:  0.0, Max: 0, Diff: 0, Sum: 0, Workers: 4
[6110.819s][debug][gc,phases      ] GC(263)     Total                          Min: 0, Avg: 13.5, Max: 54, Diff: 54, Sum: 54, Workers: 4
[6110.819s][debug][gc,phases      ] GC(263)   JVMTI Tag Weak OopStorage      Min:  0.0, Avg:  0.0, Max:  0.0, Diff:  0.0, Sum:  0.0, Workers: 4
[6110.819s][debug][gc,phases      ] GC(263)     Dead                           Min: 0, Avg:  0.0, Max: 0, Diff: 0, Sum: 0, Workers: 4
[6110.819s][debug][gc,phases      ] GC(263)     Total                          Min: 0, Avg:  0.0, Max: 0, Diff: 0, Sum: 0, Workers: 4
[6110.819s][debug][gc,phases      ] GC(263)   StringTable Weak               Min:  0.0, Avg:  0.1, Max:  0.2, Diff:  0.2, Sum:  0.4, Workers: 4
[6110.819s][debug][gc,phases      ] GC(263)     Dead                           Min: 0, Avg:  0.0, Max: 0, Diff: 0, Sum: 0, Workers: 4
[6110.819s][debug][gc,phases      ] GC(263)     Total                          Min: 0, Avg: 10880.5, Max: 21888, Diff: 21888, Sum: 43522, Workers: 4
[6110.819s][debug][gc,phases      ] GC(263)   ResolvedMethodTable Weak       Min:  0.0, Avg:  0.0, Max:  0.0, Diff:  0.0, Sum:  0.1, Workers: 4
[6110.819s][debug][gc,phases      ] GC(263)     Dead                           Min: 0, Avg:  0.0, Max: 0, Diff: 0, Sum: 0, Workers: 4
[6110.819s][debug][gc,phases      ] GC(263)     Total                          Min: 0, Avg: 2219.8, Max: 4465, Diff: 4465, Sum: 8879, Workers: 4
[6110.819s][debug][gc,phases      ] GC(263)   JNI Weak                       Min:  0.0, Avg:  0.0, Max:  0.0, Diff:  0.0, Sum:  0.0, Workers: 4
[6110.819s][debug][gc,phases      ] GC(263)     Dead                           Min: 0, Avg:  0.0, Max: 0, Diff: 0, Sum: 0, Workers: 4
[6110.819s][debug][gc,phases      ] GC(263)     Total                          Min: 0, Avg: 11.2, Max: 45, Diff: 45, Sum: 45, Workers: 4
[6110.819s][debug][gc,phases      ] GC(263)   StringDedup Table Weak         Min:  0.0, Avg:  0.0, Max:  0.0, Diff:  0.0, Sum:  0.0, Workers: 4
[6110.819s][debug][gc,phases      ] GC(263)     Dead                           Min: 0, Avg:  0.0, Max: 0, Diff: 0, Sum: 0, Workers: 4
[6110.819s][debug][gc,phases      ] GC(263)     Total                          Min: 0, Avg:  0.0, Max: 0, Diff: 0, Sum: 0, Workers: 4
[6110.819s][debug][gc,phases      ] GC(263)   StringDedup Requests0 Weak     Min:  0.0, Avg:  0.0, Max:  0.0, Diff:  0.0, Sum:  0.0, Workers: 4
[6110.819s][debug][gc,phases      ] GC(263)     Dead                           Min: 0, Avg:  0.0, Max: 0, Diff: 0, Sum: 0, Workers: 4
[6110.819s][debug][gc,phases      ] GC(263)     Total                          Min: 0, Avg:  0.0, Max: 0, Diff: 0, Sum: 0, Workers: 4
[6110.819s][debug][gc,phases      ] GC(263)   StringDedup Requests1 Weak     Min:  0.0, Avg:  0.0, Max:  0.0, Diff:  0.0, Sum:  0.0, Workers: 4
[6110.819s][debug][gc,phases      ] GC(263)     Dead                           Min: 0, Avg:  0.0, Max: 0, Diff: 0, Sum: 0, Workers: 4
[6110.819s][debug][gc,phases      ] GC(263)     Total                          Min: 0, Avg:  0.0, Max: 0, Diff: 0, Sum: 0, Workers: 4
[6110.819s][debug][gc,phases      ] GC(263)   Weak JFR Old Object Samples    Min:  0.0, Avg:  0.0, Max:  0.0, Diff:  0.0, Sum:  0.0, Workers: 4
[6110.819s][debug][gc,phases      ] GC(263)     Dead                           Min: 0, Avg:  0.0, Max: 0, Diff: 0, Sum: 0, Workers: 4
[6110.819s][debug][gc,phases      ] GC(263)     Total                          Min: 0, Avg:  0.0, Max: 0, Diff: 0, Sum: 0, Workers: 4
[6110.819s][debug][gc,phases      ] GC(263) Weak Processing 0.453ms
[6110.819s][debug][gc,age         ] GC(263) Desired survivor size 2621440 bytes, new threshold 15 (max threshold 15)
[6110.819s][info ][gc,heap        ] GC(263) PSYoungGen: 2092128K(2094592K)->608K(2094080K) Eden: 2091520K(2091520K)->0K(2091520K) From: 608K(3072K)->608K(2560K)
[6110.819s][info ][gc,heap        ] GC(263) ParOldGen: 252025K(422400K)->252041K(422400K)
[6110.819s][info ][gc,metaspace   ] GC(263) Metaspace: 80075K(81024K)->80075K(81024K) NonClass: 68713K(69184K)->68713K(69184K) Class: 11361K(11840K)->11361K(11840K)
[6110.819s][info ][gc             ] GC(263) Pause Young (Allocation Failure) 2289M->246M(2457M) 1.685ms
[6110.820s][info ][gc,cpu         ] GC(263) User=0.00s Sys=0.00s Real=0.01s
[6110.820s][info ][safepoint      ] Safepoint "ParallelGCFailedAllocation", Time since last: 7146608423 ns, Reaching safepoint: 104501 ns, At safepoint: 1763702 ns, Total: 1868203 ns
[6156.617s][info ][gc,start       ] GC(264) Pause Young (Allocation Failure)
[6156.619s][debug][gc,phases      ] GC(264) Scavenge 1.394ms
[6156.619s][debug][gc,ref         ] GC(264) Skipped phase 1 of Reference Processing: no references
[6156.619s][debug][gc,ref         ] GC(264) Skipped phase 2 of Reference Processing: no references
[6156.619s][debug][gc,ref         ] GC(264) Skipped phase 3 of Reference Processing: no references
[6156.619s][debug][gc,ref         ] GC(264) Skipped phase 4 of Reference Processing: no references
[6156.619s][debug][gc,phases      ] GC(264) Reference Processing 0.021ms
[6156.619s][debug][gc,phases      ] GC(264)   VM Weak                        Min:  0.0, Avg:  0.0, Max:  0.0, Diff:  0.0, Sum:  0.0, Workers: 4
[6156.619s][debug][gc,phases      ] GC(264)     Dead                           Min: 0, Avg:  0.0, Max: 0, Diff: 0, Sum: 0, Workers: 4
[6156.619s][debug][gc,phases      ] GC(264)     Total                          Min: 0, Avg: 148.0, Max: 592, Diff: 592, Sum: 592, Workers: 4
[6156.619s][debug][gc,phases      ] GC(264)   ObjectSynchronizer Weak        Min:  0.0, Avg:  0.0, Max:  0.0, Diff:  0.0, Sum:  0.0, Workers: 4
[6156.619s][debug][gc,phases      ] GC(264)     Dead                           Min: 0, Avg:  0.0, Max: 0, Diff: 0, Sum: 0, Workers: 4
[6156.619s][debug][gc,phases      ] GC(264)     Total                          Min: 0, Avg: 13.5, Max: 54, Diff: 54, Sum: 54, Workers: 4
[6156.619s][debug][gc,phases      ] GC(264)   JVMTI Tag Weak OopStorage      Min:  0.0, Avg:  0.0, Max:  0.0, Diff:  0.0, Sum:  0.0, Workers: 4
[6156.619s][debug][gc,phases      ] GC(264)     Dead                           Min: 0, Avg:  0.0, Max: 0, Diff: 0, Sum: 0, Workers: 4
[6156.619s][debug][gc,phases      ] GC(264)     Total                          Min: 0, Avg:  0.0, Max: 0, Diff: 0, Sum: 0, Workers: 4
[6156.619s][debug][gc,phases      ] GC(264)   StringTable Weak               Min:  0.0, Avg:  0.1, Max:  0.1, Diff:  0.1, Sum:  0.3, Workers: 4
[6156.619s][debug][gc,phases      ] GC(264)     Dead                           Min: 0, Avg:  0.0, Max: 0, Diff: 0, Sum: 0, Workers: 4
[6156.619s][debug][gc,phases      ] GC(264)     Total                          Min: 0, Avg: 10880.5, Max: 19202, Diff: 19202, Sum: 43522, Workers: 4
[6156.619s][debug][gc,phases      ] GC(264)   ResolvedMethodTable Weak       Min:  0.0, Avg:  0.0, Max:  0.0, Diff:  0.0, Sum:  0.1, Workers: 4
[6156.619s][debug][gc,phases      ] GC(264)     Dead                           Min: 0, Avg:  0.0, Max: 0, Diff: 0, Sum: 0, Workers: 4
[6156.619s][debug][gc,phases      ] GC(264)     Total                          Min: 0, Avg: 2219.8, Max: 3133, Diff: 3133, Sum: 8879, Workers: 4
[6156.619s][debug][gc,phases      ] GC(264)   JNI Weak                       Min:  0.0, Avg:  0.0, Max:  0.0, Diff:  0.0, Sum:  0.0, Workers: 4
[6156.619s][debug][gc,phases      ] GC(264)     Dead                           Min: 0, Avg:  0.0, Max: 0, Diff: 0, Sum: 0, Workers: 4
[6156.619s][debug][gc,phases      ] GC(264)     Total                          Min: 0, Avg: 11.2, Max: 45, Diff: 45, Sum: 45, Workers: 4
[6156.619s][debug][gc,phases      ] GC(264)   StringDedup Table Weak         Min:  0.0, Avg:  0.0, Max:  0.0, Diff:  0.0, Sum:  0.0, Workers: 4
[6156.619s][debug][gc,phases      ] GC(264)     Dead                           Min: 0, Avg:  0.0, Max: 0, Diff: 0, Sum: 0, Workers: 4
[6156.619s][debug][gc,phases      ] GC(264)     Total                          Min: 0, Avg:  0.0, Max: 0, Diff: 0, Sum: 0, Workers: 4
[6156.619s][debug][gc,phases      ] GC(264)   StringDedup Requests0 Weak     Min:  0.0, Avg:  0.0, Max:  0.0, Diff:  0.0, Sum:  0.0, Workers: 4
[6156.619s][debug][gc,phases      ] GC(264)     Dead                           Min: 0, Avg:  0.0, Max: 0, Diff: 0, Sum: 0, Workers: 4
[6156.619s][debug][gc,phases      ] GC(264)     Total                          Min: 0, Avg:  0.0, Max: 0, Diff: 0, Sum: 0, Workers: 4
[6156.619s][debug][gc,phases      ] GC(264)   StringDedup Requests1 Weak     Min:  0.0, Avg:  0.0, Max:  0.0, Diff:  0.0, Sum:  0.0, Workers: 4
[6156.619s][debug][gc,phases      ] GC(264)     Dead                           Min: 0, Avg:  0.0, Max: 0, Diff: 0, Sum: 0, Workers: 4
[6156.619s][debug][gc,phases      ] GC(264)     Total                          Min: 0, Avg:  0.0, Max: 0, Diff: 0, Sum: 0, Workers: 4
[6156.619s][debug][gc,phases      ] GC(264)   Weak JFR Old Object Samples    Min:  0.0, Avg:  0.0, Max:  0.0, Diff:  0.0, Sum:  0.0, Workers: 4
[6156.619s][debug][gc,phases      ] GC(264)     Dead                           Min: 0, Avg:  0.0, Max: 0, Diff: 0, Sum: 0, Workers: 4
[6156.619s][debug][gc,phases      ] GC(264)     Total                          Min: 0, Avg:  0.0, Max: 0, Diff: 0, Sum: 0, Workers: 4
[6156.619s][debug][gc,phases      ] GC(264) Weak Processing 0.333ms
[6156.619s][debug][gc,age         ] GC(264) Desired survivor size 2621440 bytes, new threshold 15 (max threshold 15)
[6156.619s][info ][gc,heap        ] GC(264) PSYoungGen: 2092128K(2094080K)->672K(2094592K) Eden: 2091520K(2091520K)->0K(2092032K) From: 608K(2560K)->672K(2560K)
[6156.619s][info ][gc,heap        ] GC(264) ParOldGen: 252041K(422400K)->252049K(422400K)
[6156.619s][info ][gc,metaspace   ] GC(264) Metaspace: 80075K(81024K)->80075K(81024K) NonClass: 68713K(69184K)->68713K(69184K) Class: 11361K(11840K)->11361K(11840K)
[6156.619s][info ][gc             ] GC(264) Pause Young (Allocation Failure) 2289M->246M(2458M) 1.838ms
[6156.619s][info ][gc,cpu         ] GC(264) User=0.01s Sys=0.00s Real=0.01s
[6156.619s][info ][safepoint      ] Safepoint "ParallelGCFailedAllocation", Time since last: 45797500482 ns, Reaching safepoint: 25100 ns, At safepoint: 1914103 ns, Total: 1939203 ns
[6202.319s][info ][gc,start       ] GC(265) Pause Young (Allocation Failure)
[6202.321s][debug][gc,phases      ] GC(265) Scavenge 1.400ms
[6202.321s][debug][gc,ref         ] GC(265) Skipped phase 1 of Reference Processing: no references
[6202.321s][debug][gc,ref         ] GC(265) Skipped phase 2 of Reference Processing: no references
[6202.321s][debug][gc,ref         ] GC(265) Skipped phase 3 of Reference Processing: no references
[6202.321s][debug][gc,ref         ] GC(265) Skipped phase 4 of Reference Processing: no references
[6202.321s][debug][gc,phases      ] GC(265) Reference Processing 0.021ms
[6202.321s][debug][gc,phases      ] GC(265)   VM Weak                        Min:  0.0, Avg:  0.0, Max:  0.0, Diff:  0.0, Sum:  0.0, Workers: 4
[6202.321s][debug][gc,phases      ] GC(265)     Dead                           Min: 0, Avg:  0.0, Max: 0, Diff: 0, Sum: 0, Workers: 4
[6202.321s][debug][gc,phases      ] GC(265)     Total                          Min: 0, Avg: 148.0, Max: 592, Diff: 592, Sum: 592, Workers: 4
[6202.321s][debug][gc,phases      ] GC(265)   ObjectSynchronizer Weak        Min:  0.0, Avg:  0.0, Max:  0.0, Diff:  0.0, Sum:  0.0, Workers: 4
[6202.321s][debug][gc,phases      ] GC(265)     Dead                           Min: 0, Avg:  0.0, Max: 0, Diff: 0, Sum: 0, Workers: 4
[6202.321s][debug][gc,phases      ] GC(265)     Total                          Min: 0, Avg: 13.5, Max: 54, Diff: 54, Sum: 54, Workers: 4
[6202.321s][debug][gc,phases      ] GC(265)   JVMTI Tag Weak OopStorage      Min:  0.0, Avg:  0.0, Max:  0.0, Diff:  0.0, Sum:  0.0, Workers: 4
[6202.321s][debug][gc,phases      ] GC(265)     Dead                           Min: 0, Avg:  0.0, Max: 0, Diff: 0, Sum: 0, Workers: 4
[6202.321s][debug][gc,phases      ] GC(265)     Total                          Min: 0, Avg:  0.0, Max: 0, Diff: 0, Sum: 0, Workers: 4
[6202.321s][debug][gc,phases      ] GC(265)   StringTable Weak               Min:  0.1, Avg:  0.1, Max:  0.1, Diff:  0.0, Sum:  0.4, Workers: 4
[6202.321s][debug][gc,phases      ] GC(265)     Dead                           Min: 0, Avg:  0.0, Max: 0, Diff: 0, Sum: 0, Workers: 4
[6202.321s][debug][gc,phases      ] GC(265)     Total                          Min: 9088, Avg: 10880.5, Max: 12160, Diff: 3072, Sum: 43522, Workers: 4
[6202.321s][debug][gc,phases      ] GC(265)   ResolvedMethodTable Weak       Min:  0.0, Avg:  0.0, Max:  0.0, Diff:  0.0, Sum:  0.1, Workers: 4
[6202.321s][debug][gc,phases      ] GC(265)     Dead                           Min: 0, Avg:  0.0, Max: 0, Diff: 0, Sum: 0, Workers: 4
[6202.321s][debug][gc,phases      ] GC(265)     Total                          Min: 2176, Avg: 2219.8, Max: 2238, Diff: 62, Sum: 8879, Workers: 4
[6202.321s][debug][gc,phases      ] GC(265)   JNI Weak                       Min:  0.0, Avg:  0.0, Max:  0.0, Diff:  0.0, Sum:  0.0, Workers: 4
[6202.321s][debug][gc,phases      ] GC(265)     Dead                           Min: 0, Avg:  0.0, Max: 0, Diff: 0, Sum: 0, Workers: 4
[6202.321s][debug][gc,phases      ] GC(265)     Total                          Min: 0, Avg: 11.2, Max: 45, Diff: 45, Sum: 45, Workers: 4
[6202.321s][debug][gc,phases      ] GC(265)   StringDedup Table Weak         Min:  0.0, Avg:  0.0, Max:  0.0, Diff:  0.0, Sum:  0.0, Workers: 4
[6202.321s][debug][gc,phases      ] GC(265)     Dead                           Min: 0, Avg:  0.0, Max: 0, Diff: 0, Sum: 0, Workers: 4
[6202.321s][debug][gc,phases      ] GC(265)     Total                          Min: 0, Avg:  0.0, Max: 0, Diff: 0, Sum: 0, Workers: 4
[6202.321s][debug][gc,phases      ] GC(265)   StringDedup Requests0 Weak     Min:  0.0, Avg:  0.0, Max:  0.0, Diff:  0.0, Sum:  0.0, Workers: 4
[6202.321s][debug][gc,phases      ] GC(265)     Dead                           Min: 0, Avg:  0.0, Max: 0, Diff: 0, Sum: 0, Workers: 4
[6202.321s][debug][gc,phases      ] GC(265)     Total                          Min: 0, Avg:  0.0, Max: 0, Diff: 0, Sum: 0, Workers: 4
[6202.321s][debug][gc,phases      ] GC(265)   StringDedup Requests1 Weak     Min:  0.0, Avg:  0.0, Max:  0.0, Diff:  0.0, Sum:  0.0, Workers: 4
[6202.321s][debug][gc,phases      ] GC(265)     Dead                           Min: 0, Avg:  0.0, Max: 0, Diff: 0, Sum: 0, Workers: 4
[6202.321s][debug][gc,phases      ] GC(265)     Total                          Min: 0, Avg:  0.0, Max: 0, Diff: 0, Sum: 0, Workers: 4
[6202.321s][debug][gc,phases      ] GC(265)   Weak JFR Old Object Samples    Min:  0.0, Avg:  0.0, Max:  0.0, Diff:  0.0, Sum:  0.0, Workers: 4
[6202.321s][debug][gc,phases      ] GC(265)     Dead                           Min: 0, Avg:  0.0, Max: 0, Diff: 0, Sum: 0, Workers: 4
[6202.321s][debug][gc,phases      ] GC(265)     Total                          Min: 0, Avg:  0.0, Max: 0, Diff: 0, Sum: 0, Workers: 4
[6202.321s][debug][gc,phases      ] GC(265) Weak Processing 0.297ms
[6202.321s][debug][gc,age         ] GC(265) Desired survivor size 2621440 bytes, new threshold 15 (max threshold 15)
[6202.321s][info ][gc,heap        ] GC(265) PSYoungGen: 2092704K(2094592K)->864K(2094592K) Eden: 2092032K(2092032K)->0K(2092032K) From: 672K(2560K)->864K(2560K)
[6202.321s][info ][gc,heap        ] GC(265) ParOldGen: 252049K(422400K)->252057K(422400K)
[6202.321s][info ][gc,metaspace   ] GC(265) Metaspace: 80075K(81024K)->80075K(81024K) NonClass: 68713K(69184K)->68713K(69184K) Class: 11361K(11840K)->11361K(11840K)
[6202.321s][info ][gc             ] GC(265) Pause Young (Allocation Failure) 2289M->246M(2458M) 1.802ms
[6202.321s][info ][gc,cpu         ] GC(265) User=0.00s Sys=0.01s Real=0.00s
[6202.321s][info ][safepoint      ] Safepoint "ParallelGCFailedAllocation", Time since last: 45700266741 ns, Reaching safepoint: 138600 ns, At safepoint: 1888203 ns, Total: 2026803 ns
[6248.167s][info ][gc,start       ] GC(266) Pause Young (Allocation Failure)
[6248.168s][debug][gc,phases      ] GC(266) Scavenge 1.305ms
[6248.168s][debug][gc,ref         ] GC(266) Skipped phase 1 of Reference Processing: no references
[6248.168s][debug][gc,ref         ] GC(266) Skipped phase 2 of Reference Processing: no references
[6248.168s][debug][gc,ref         ] GC(266) Skipped phase 3 of Reference Processing: no references
[6248.168s][debug][gc,ref         ] GC(266) Skipped phase 4 of Reference Processing: no references
[6248.168s][debug][gc,phases      ] GC(266) Reference Processing 0.022ms
[6248.168s][debug][gc,phases      ] GC(266)   VM Weak                        Min:  0.0, Avg:  0.0, Max:  0.0, Diff:  0.0, Sum:  0.0, Workers: 4
[6248.169s][debug][gc,phases      ] GC(266)     Dead                           Min: 0, Avg:  0.0, Max: 0, Diff: 0, Sum: 0, Workers: 4
[6248.169s][debug][gc,phases      ] GC(266)     Total                          Min: 0, Avg: 148.0, Max: 473, Diff: 473, Sum: 592, Workers: 4
[6248.169s][debug][gc,phases      ] GC(266)   ObjectSynchronizer Weak        Min:  0.0, Avg:  0.0, Max:  0.0, Diff:  0.0, Sum:  0.0, Workers: 4
[6248.169s][debug][gc,phases      ] GC(266)     Dead                           Min: 0, Avg:  0.0, Max: 0, Diff: 0, Sum: 0, Workers: 4
[6248.169s][debug][gc,phases      ] GC(266)     Total                          Min: 0, Avg: 13.5, Max: 54, Diff: 54, Sum: 54, Workers: 4
[6248.169s][debug][gc,phases      ] GC(266)   JVMTI Tag Weak OopStorage      Min:  0.0, Avg:  0.0, Max:  0.0, Diff:  0.0, Sum:  0.0, Workers: 4
[6248.169s][debug][gc,phases      ] GC(266)     Dead                           Min: 0, Avg:  0.0, Max: 0, Diff: 0, Sum: 0, Workers: 4
[6248.169s][debug][gc,phases      ] GC(266)     Total                          Min: 0, Avg:  0.0, Max: 0, Diff: 0, Sum: 0, Workers: 4
[6248.169s][debug][gc,phases      ] GC(266)   StringTable Weak               Min:  0.0, Avg:  0.1, Max:  0.1, Diff:  0.1, Sum:  0.4, Workers: 4
[6248.169s][debug][gc,phases      ] GC(266)     Dead                           Min: 0, Avg:  0.0, Max: 0, Diff: 0, Sum: 0, Workers: 4
[6248.169s][debug][gc,phases      ] GC(266)     Total                          Min: 0, Avg: 10880.5, Max: 15554, Diff: 15554, Sum: 43522, Workers: 4
[6248.169s][debug][gc,phases      ] GC(266)   ResolvedMethodTable Weak       Min:  0.0, Avg:  0.0, Max:  0.0, Diff:  0.0, Sum:  0.1, Workers: 4
[6248.169s][debug][gc,phases      ] GC(266)     Dead                           Min: 0, Avg:  0.0, Max: 0, Diff: 0, Sum: 0, Workers: 4
[6248.169s][debug][gc,phases      ] GC(266)     Total                          Min: 0, Avg: 2219.8, Max: 3006, Diff: 3006, Sum: 8879, Workers: 4
[6248.169s][debug][gc,phases      ] GC(266)   JNI Weak                       Min:  0.0, Avg:  0.0, Max:  0.0, Diff:  0.0, Sum:  0.0, Workers: 4
[6248.169s][debug][gc,phases      ] GC(266)     Dead                           Min: 0, Avg:  0.0, Max: 0, Diff: 0, Sum: 0, Workers: 4
[6248.169s][debug][gc,phases      ] GC(266)     Total                          Min: 0, Avg: 11.2, Max: 45, Diff: 45, Sum: 45, Workers: 4
[6248.169s][debug][gc,phases      ] GC(266)   StringDedup Table Weak         Min:  0.0, Avg:  0.0, Max:  0.0, Diff:  0.0, Sum:  0.0, Workers: 4
[6248.169s][debug][gc,phases      ] GC(266)     Dead                           Min: 0, Avg:  0.0, Max: 0, Diff: 0, Sum: 0, Workers: 4
[6248.169s][debug][gc,phases      ] GC(266)     Total                          Min: 0, Avg:  0.0, Max: 0, Diff: 0, Sum: 0, Workers: 4
[6248.169s][debug][gc,phases      ] GC(266)   StringDedup Requests0 Weak     Min:  0.0, Avg:  0.0, Max:  0.0, Diff:  0.0, Sum:  0.0, Workers: 4
[6248.169s][debug][gc,phases      ] GC(266)     Dead                           Min: 0, Avg:  0.0, Max: 0, Diff: 0, Sum: 0, Workers: 4
[6248.169s][debug][gc,phases      ] GC(266)     Total                          Min: 0, Avg:  0.0, Max: 0, Diff: 0, Sum: 0, Workers: 4
[6248.169s][debug][gc,phases      ] GC(266)   StringDedup Requests1 Weak     Min:  0.0, Avg:  0.0, Max:  0.0, Diff:  0.0, Sum:  0.0, Workers: 4
[6248.169s][debug][gc,phases      ] GC(266)     Dead                           Min: 0, Avg:  0.0, Max: 0, Diff: 0, Sum: 0, Workers: 4
[6248.169s][debug][gc,phases      ] GC(266)     Total                          Min: 0, Avg:  0.0, Max: 0, Diff: 0, Sum: 0, Workers: 4
[6248.169s][debug][gc,phases      ] GC(266)   Weak JFR Old Object Samples    Min:  0.0, Avg:  0.0, Max:  0.0, Diff:  0.0, Sum:  0.0, Workers: 4
[6248.169s][debug][gc,phases      ] GC(266)     Dead                           Min: 0, Avg:  0.0, Max: 0, Diff: 0, Sum: 0, Workers: 4
[6248.169s][debug][gc,phases      ] GC(266)     Total                          Min: 0, Avg:  0.0, Max: 0, Diff: 0, Sum: 0, Workers: 4
[6248.169s][debug][gc,phases      ] GC(266) Weak Processing 0.327ms
[6248.169s][debug][gc,age         ] GC(266) Desired survivor size 2097152 bytes, new threshold 15 (max threshold 15)
[6248.169s][info ][gc,heap        ] GC(266) PSYoungGen: 2092896K(2094592K)->608K(2095104K) Eden: 2092032K(2092032K)->0K(2092544K) From: 864K(2560K)->608K(2560K)
[6248.169s][info ][gc,heap        ] GC(266) ParOldGen: 252057K(422400K)->252065K(422400K)
[6248.169s][info ][gc,metaspace   ] GC(266) Metaspace: 80075K(81024K)->80075K(81024K) NonClass: 68714K(69184K)->68714K(69184K) Class: 11361K(11840K)->11361K(11840K)
[6248.169s][info ][gc             ] GC(266) Pause Young (Allocation Failure) 2289M->246M(2458M) 1.744ms
[6248.169s][info ][gc,cpu         ] GC(266) User=0.00s Sys=0.00s Real=0.00s
[6248.169s][info ][safepoint      ] Safepoint "ParallelGCFailedAllocation", Time since last: 45845532116 ns, Reaching safepoint: 57500 ns, At safepoint: 1829803 ns, Total: 1887303 ns
[6294.167s][info ][gc,start       ] GC(267) Pause Young (Allocation Failure)
[6294.168s][debug][gc,phases      ] GC(267) Scavenge 1.184ms
[6294.168s][debug][gc,ref         ] GC(267) Skipped phase 1 of Reference Processing: no references
[6294.168s][debug][gc,ref         ] GC(267) Skipped phase 2 of Reference Processing: no references
[6294.168s][debug][gc,ref         ] GC(267) Skipped phase 3 of Reference Processing: no references
[6294.168s][debug][gc,ref         ] GC(267) Skipped phase 4 of Reference Processing: no references
[6294.168s][debug][gc,phases      ] GC(267) Reference Processing 0.022ms
[6294.168s][debug][gc,phases      ] GC(267)   VM Weak                        Min:  0.0, Avg:  0.0, Max:  0.0, Diff:  0.0, Sum:  0.0, Workers: 4
[6294.168s][debug][gc,phases      ] GC(267)     Dead                           Min: 0, Avg:  0.0, Max: 0, Diff: 0, Sum: 0, Workers: 4
[6294.168s][debug][gc,phases      ] GC(267)     Total                          Min: 0, Avg: 148.0, Max: 451, Diff: 451, Sum: 592, Workers: 4
[6294.168s][debug][gc,phases      ] GC(267)   ObjectSynchronizer Weak        Min:  0.0, Avg:  0.0, Max:  0.0, Diff:  0.0, Sum:  0.0, Workers: 4
[6294.168s][debug][gc,phases      ] GC(267)     Dead                           Min: 0, Avg:  0.0, Max: 0, Diff: 0, Sum: 0, Workers: 4
[6294.168s][debug][gc,phases      ] GC(267)     Total                          Min: 0, Avg: 13.5, Max: 54, Diff: 54, Sum: 54, Workers: 4
[6294.168s][debug][gc,phases      ] GC(267)   JVMTI Tag Weak OopStorage      Min:  0.0, Avg:  0.0, Max:  0.0, Diff:  0.0, Sum:  0.0, Workers: 4
[6294.168s][debug][gc,phases      ] GC(267)     Dead                           Min: 0, Avg:  0.0, Max: 0, Diff: 0, Sum: 0, Workers: 4
[6294.168s][debug][gc,phases      ] GC(267)     Total                          Min: 0, Avg:  0.0, Max: 0, Diff: 0, Sum: 0, Workers: 4
[6294.168s][debug][gc,phases      ] GC(267)   StringTable Weak               Min:  0.0, Avg:  0.1, Max:  0.1, Diff:  0.1, Sum:  0.4, Workers: 4
[6294.168s][debug][gc,phases      ] GC(267)     Dead                           Min: 0, Avg:  0.0, Max: 0, Diff: 0, Sum: 0, Workers: 4
[6294.168s][debug][gc,phases      ] GC(267)     Total                          Min: 0, Avg: 10880.5, Max: 15040, Diff: 15040, Sum: 43522, Workers: 4
[6294.168s][debug][gc,phases      ] GC(267)   ResolvedMethodTable Weak       Min:  0.0, Avg:  0.0, Max:  0.0, Diff:  0.0, Sum:  0.1, Workers: 4
[6294.168s][debug][gc,phases      ] GC(267)     Dead                           Min: 0, Avg:  0.0, Max: 0, Diff: 0, Sum: 0, Workers: 4
[6294.168s][debug][gc,phases      ] GC(267)     Total                          Min: 0, Avg: 2219.8, Max: 3064, Diff: 3064, Sum: 8879, Workers: 4
[6294.168s][debug][gc,phases      ] GC(267)   JNI Weak                       Min:  0.0, Avg:  0.0, Max:  0.0, Diff:  0.0, Sum:  0.0, Workers: 4
[6294.168s][debug][gc,phases      ] GC(267)     Dead                           Min: 0, Avg:  0.0, Max: 0, Diff: 0, Sum: 0, Workers: 4
[6294.168s][debug][gc,phases      ] GC(267)     Total                          Min: 0, Avg: 11.2, Max: 45, Diff: 45, Sum: 45, Workers: 4
[6294.168s][debug][gc,phases      ] GC(267)   StringDedup Table Weak         Min:  0.0, Avg:  0.0, Max:  0.0, Diff:  0.0, Sum:  0.0, Workers: 4
[6294.168s][debug][gc,phases      ] GC(267)     Dead                           Min: 0, Avg:  0.0, Max: 0, Diff: 0, Sum: 0, Workers: 4
[6294.168s][debug][gc,phases      ] GC(267)     Total                          Min: 0, Avg:  0.0, Max: 0, Diff: 0, Sum: 0, Workers: 4
[6294.168s][debug][gc,phases      ] GC(267)   StringDedup Requests0 Weak     Min:  0.0, Avg:  0.0, Max:  0.0, Diff:  0.0, Sum:  0.0, Workers: 4
[6294.168s][debug][gc,phases      ] GC(267)     Dead                           Min: 0, Avg:  0.0, Max: 0, Diff: 0, Sum: 0, Workers: 4
[6294.168s][debug][gc,phases      ] GC(267)     Total                          Min: 0, Avg:  0.0, Max: 0, Diff: 0, Sum: 0, Workers: 4
[6294.168s][debug][gc,phases      ] GC(267)   StringDedup Requests1 Weak     Min:  0.0, Avg:  0.0, Max:  0.0, Diff:  0.0, Sum:  0.0, Workers: 4
[6294.168s][debug][gc,phases      ] GC(267)     Dead                           Min: 0, Avg:  0.0, Max: 0, Diff: 0, Sum: 0, Workers: 4
[6294.168s][debug][gc,phases      ] GC(267)     Total                          Min: 0, Avg:  0.0, Max: 0, Diff: 0, Sum: 0, Workers: 4
[6294.168s][debug][gc,phases      ] GC(267)   Weak JFR Old Object Samples    Min:  0.0, Avg:  0.0, Max:  0.0, Diff:  0.0, Sum:  0.0, Workers: 4
[6294.168s][debug][gc,phases      ] GC(267)     Dead                           Min: 0, Avg:  0.0, Max: 0, Diff: 0, Sum: 0, Workers: 4
[6294.168s][debug][gc,phases      ] GC(267)     Total                          Min: 0, Avg:  0.0, Max: 0, Diff: 0, Sum: 0, Workers: 4
[6294.168s][debug][gc,phases      ] GC(267) Weak Processing 0.320ms
[6294.168s][debug][gc,age         ] GC(267) Desired survivor size 2097152 bytes, new threshold 15 (max threshold 15)
[6294.168s][info ][gc,heap        ] GC(267) PSYoungGen: 2093152K(2095104K)->608K(2094592K) Eden: 2092544K(2092544K)->0K(2092544K) From: 608K(2560K)->608K(2048K)
[6294.168s][info ][gc,heap        ] GC(267) ParOldGen: 252065K(422400K)->252073K(422400K)
[6294.168s][info ][gc,metaspace   ] GC(267) Metaspace: 80075K(81024K)->80075K(81024K) NonClass: 68714K(69184K)->68714K(69184K) Class: 11361K(11840K)->11361K(11840K)
[6294.168s][info ][gc             ] GC(267) Pause Young (Allocation Failure) 2290M->246M(2458M) 1.617ms
[6294.168s][info ][gc,cpu         ] GC(267) User=0.00s Sys=0.00s Real=0.00s
[6294.168s][info ][safepoint      ] Safepoint "ParallelGCFailedAllocation", Time since last: 45997738695 ns, Reaching safepoint: 27700 ns, At safepoint: 1697702 ns, Total: 1725402 ns
[6339.668s][info ][gc,start       ] GC(268) Pause Young (Allocation Failure)
[6339.669s][debug][gc,phases      ] GC(268) Scavenge 1.023ms
[6339.669s][debug][gc,ref         ] GC(268) Skipped phase 1 of Reference Processing: no references
[6339.669s][debug][gc,ref         ] GC(268) Skipped phase 2 of Reference Processing: no references
[6339.669s][debug][gc,ref         ] GC(268) Skipped phase 3 of Reference Processing: no references
[6339.669s][debug][gc,ref         ] GC(268) Skipped phase 4 of Reference Processing: no references
[6339.669s][debug][gc,phases      ] GC(268) Reference Processing 0.036ms
[6339.669s][debug][gc,phases      ] GC(268)   VM Weak                        Min:  0.0, Avg:  0.0, Max:  0.0, Diff:  0.0, Sum:  0.0, Workers: 4
[6339.669s][debug][gc,phases      ] GC(268)     Dead                           Min: 0, Avg:  0.0, Max: 0, Diff: 0, Sum: 0, Workers: 4
[6339.669s][debug][gc,phases      ] GC(268)     Total                          Min: 0, Avg: 148.0, Max: 505, Diff: 505, Sum: 592, Workers: 4
[6339.669s][debug][gc,phases      ] GC(268)   ObjectSynchronizer Weak        Min:  0.0, Avg:  0.0, Max:  0.0, Diff:  0.0, Sum:  0.0, Workers: 4
[6339.669s][debug][gc,phases      ] GC(268)     Dead                           Min: 0, Avg:  0.0, Max: 0, Diff: 0, Sum: 0, Workers: 4
[6339.669s][debug][gc,phases      ] GC(268)     Total                          Min: 0, Avg: 13.5, Max: 54, Diff: 54, Sum: 54, Workers: 4
[6339.669s][debug][gc,phases      ] GC(268)   JVMTI Tag Weak OopStorage      Min:  0.0, Avg:  0.0, Max:  0.0, Diff:  0.0, Sum:  0.0, Workers: 4
[6339.669s][debug][gc,phases      ] GC(268)     Dead                           Min: 0, Avg:  0.0, Max: 0, Diff: 0, Sum: 0, Workers: 4
[6339.669s][debug][gc,phases      ] GC(268)     Total                          Min: 0, Avg:  0.0, Max: 0, Diff: 0, Sum: 0, Workers: 4
[6339.669s][debug][gc,phases      ] GC(268)   StringTable Weak               Min:  0.0, Avg:  0.1, Max:  0.1, Diff:  0.1, Sum:  0.4, Workers: 4
[6339.669s][debug][gc,phases      ] GC(268)     Dead                           Min: 0, Avg:  0.0, Max: 0, Diff: 0, Sum: 0, Workers: 4
[6339.669s][debug][gc,phases      ] GC(268)     Total                          Min: 0, Avg: 10880.5, Max: 14658, Diff: 14658, Sum: 43522, Workers: 4
[6339.669s][debug][gc,phases      ] GC(268)   ResolvedMethodTable Weak       Min:  0.0, Avg:  0.0, Max:  0.0, Diff:  0.0, Sum:  0.1, Workers: 4
[6339.669s][debug][gc,phases      ] GC(268)     Dead                           Min: 0, Avg:  0.0, Max: 0, Diff: 0, Sum: 0, Workers: 4
[6339.669s][debug][gc,phases      ] GC(268)     Total                          Min: 0, Avg: 2219.8, Max: 3122, Diff: 3122, Sum: 8879, Workers: 4
[6339.669s][debug][gc,phases      ] GC(268)   JNI Weak                       Min:  0.0, Avg:  0.0, Max:  0.0, Diff:  0.0, Sum:  0.0, Workers: 4
[6339.669s][debug][gc,phases      ] GC(268)     Dead                           Min: 0, Avg:  0.0, Max: 0, Diff: 0, Sum: 0, Workers: 4
[6339.669s][debug][gc,phases      ] GC(268)     Total                          Min: 0, Avg: 11.2, Max: 45, Diff: 45, Sum: 45, Workers: 4
[6339.669s][debug][gc,phases      ] GC(268)   StringDedup Table Weak         Min:  0.0, Avg:  0.0, Max:  0.0, Diff:  0.0, Sum:  0.0, Workers: 4
[6339.669s][debug][gc,phases      ] GC(268)     Dead                           Min: 0, Avg:  0.0, Max: 0, Diff: 0, Sum: 0, Workers: 4
[6339.669s][debug][gc,phases      ] GC(268)     Total                          Min: 0, Avg:  0.0, Max: 0, Diff: 0, Sum: 0, Workers: 4
[6339.669s][debug][gc,phases      ] GC(268)   StringDedup Requests0 Weak     Min:  0.0, Avg:  0.0, Max:  0.0, Diff:  0.0, Sum:  0.0, Workers: 4
[6339.669s][debug][gc,phases      ] GC(268)     Dead                           Min: 0, Avg:  0.0, Max: 0, Diff: 0, Sum: 0, Workers: 4
[6339.669s][debug][gc,phases      ] GC(268)     Total                          Min: 0, Avg:  0.0, Max: 0, Diff: 0, Sum: 0, Workers: 4
[6339.669s][debug][gc,phases      ] GC(268)   StringDedup Requests1 Weak     Min:  0.0, Avg:  0.0, Max:  0.0, Diff:  0.0, Sum:  0.0, Workers: 4
[6339.669s][debug][gc,phases      ] GC(268)     Dead                           Min: 0, Avg:  0.0, Max: 0, Diff: 0, Sum: 0, Workers: 4
[6339.669s][debug][gc,phases      ] GC(268)     Total                          Min: 0, Avg:  0.0, Max: 0, Diff: 0, Sum: 0, Workers: 4
[6339.669s][debug][gc,phases      ] GC(268)   Weak JFR Old Object Samples    Min:  0.0, Avg:  0.0, Max:  0.0, Diff:  0.0, Sum:  0.0, Workers: 4
[6339.669s][debug][gc,phases      ] GC(268)     Dead                           Min: 0, Avg:  0.0, Max: 0, Diff: 0, Sum: 0, Workers: 4
[6339.669s][debug][gc,phases      ] GC(268)     Total                          Min: 0, Avg:  0.0, Max: 0, Diff: 0, Sum: 0, Workers: 4
[6339.669s][debug][gc,phases      ] GC(268) Weak Processing 0.416ms
[6339.669s][debug][gc,age         ] GC(268) Desired survivor size 2097152 bytes, new threshold 15 (max threshold 15)
[6339.669s][info ][gc,heap        ] GC(268) PSYoungGen: 2093152K(2094592K)->608K(2095104K) Eden: 2092544K(2092544K)->0K(2093056K) From: 608K(2048K)->608K(2048K)
[6339.669s][info ][gc,heap        ] GC(268) ParOldGen: 252073K(422400K)->252081K(422400K)
[6339.669s][info ][gc,metaspace   ] GC(268) Metaspace: 80076K(81024K)->80076K(81024K) NonClass: 68714K(69184K)->68714K(69184K) Class: 11361K(11840K)->11361K(11840K)
[6339.669s][info ][gc             ] GC(268) Pause Young (Allocation Failure) 2290M->246M(2458M) 1.585ms
[6339.669s][info ][gc,cpu         ] GC(268) User=0.00s Sys=0.00s Real=0.00s
[6339.669s][info ][safepoint      ] Safepoint "ParallelGCFailedAllocation", Time since last: 45499563696 ns, Reaching safepoint: 32600 ns, At safepoint: 1653402 ns, Total: 1686002 ns
[6385.566s][info ][gc,start       ] GC(269) Pause Young (Allocation Failure)
[6385.568s][debug][gc,phases      ] GC(269) Scavenge 1.179ms
[6385.568s][debug][gc,ref         ] GC(269) Skipped phase 1 of Reference Processing: no references
[6385.568s][debug][gc,ref         ] GC(269) Skipped phase 2 of Reference Processing: no references
[6385.568s][debug][gc,ref         ] GC(269) Skipped phase 3 of Reference Processing: no references
[6385.568s][debug][gc,ref         ] GC(269) Skipped phase 4 of Reference Processing: no references
[6385.568s][debug][gc,phases      ] GC(269) Reference Processing 0.034ms
[6385.568s][debug][gc,phases      ] GC(269)   VM Weak                        Min:  0.0, Avg:  0.0, Max:  0.0, Diff:  0.0, Sum:  0.0, Workers: 4
[6385.568s][debug][gc,phases      ] GC(269)     Dead                           Min: 0, Avg:  0.0, Max: 0, Diff: 0, Sum: 0, Workers: 4
[6385.568s][debug][gc,phases      ] GC(269)     Total                          Min: 0, Avg: 148.0, Max: 419, Diff: 419, Sum: 592, Workers: 4
[6385.568s][debug][gc,phases      ] GC(269)   ObjectSynchronizer Weak        Min:  0.0, Avg:  0.0, Max:  0.0, Diff:  0.0, Sum:  0.0, Workers: 4
[6385.568s][debug][gc,phases      ] GC(269)     Dead                           Min: 0, Avg:  0.0, Max: 0, Diff: 0, Sum: 0, Workers: 4
[6385.568s][debug][gc,phases      ] GC(269)     Total                          Min: 0, Avg: 13.5, Max: 54, Diff: 54, Sum: 54, Workers: 4
[6385.568s][debug][gc,phases      ] GC(269)   JVMTI Tag Weak OopStorage      Min:  0.0, Avg:  0.0, Max:  0.0, Diff:  0.0, Sum:  0.0, Workers: 4
[6385.568s][debug][gc,phases      ] GC(269)     Dead                           Min: 0, Avg:  0.0, Max: 0, Diff: 0, Sum: 0, Workers: 4
[6385.568s][debug][gc,phases      ] GC(269)     Total                          Min: 0, Avg:  0.0, Max: 0, Diff: 0, Sum: 0, Workers: 4
[6385.568s][debug][gc,phases      ] GC(269)   StringTable Weak               Min:  0.0, Avg:  0.1, Max:  0.1, Diff:  0.1, Sum:  0.4, Workers: 4
[6385.568s][debug][gc,phases      ] GC(269)     Dead                           Min: 0, Avg:  0.0, Max: 0, Diff: 0, Sum: 0, Workers: 4
[6385.568s][debug][gc,phases      ] GC(269)     Total                          Min: 0, Avg: 10880.5, Max: 14976, Diff: 14976, Sum: 43522, Workers: 4
[6385.568s][debug][gc,phases      ] GC(269)   ResolvedMethodTable Weak       Min:  0.0, Avg:  0.0, Max:  0.0, Diff:  0.0, Sum:  0.1, Workers: 4
[6385.568s][debug][gc,phases      ] GC(269)     Dead                           Min: 0, Avg:  0.0, Max: 0, Diff: 0, Sum: 0, Workers: 4
[6385.568s][debug][gc,phases      ] GC(269)     Total                          Min: 0, Avg: 2219.8, Max: 3196, Diff: 3196, Sum: 8879, Workers: 4
[6385.568s][debug][gc,phases      ] GC(269)   JNI Weak                       Min:  0.0, Avg:  0.0, Max:  0.0, Diff:  0.0, Sum:  0.0, Workers: 4
[6385.568s][debug][gc,phases      ] GC(269)     Dead                           Min: 0, Avg:  0.0, Max: 0, Diff: 0, Sum: 0, Workers: 4
[6385.568s][debug][gc,phases      ] GC(269)     Total                          Min: 0, Avg: 11.2, Max: 45, Diff: 45, Sum: 45, Workers: 4
[6385.568s][debug][gc,phases      ] GC(269)   StringDedup Table Weak         Min:  0.0, Avg:  0.0, Max:  0.0, Diff:  0.0, Sum:  0.0, Workers: 4
[6385.568s][debug][gc,phases      ] GC(269)     Dead                           Min: 0, Avg:  0.0, Max: 0, Diff: 0, Sum: 0, Workers: 4
[6385.568s][debug][gc,phases      ] GC(269)     Total                          Min: 0, Avg:  0.0, Max: 0, Diff: 0, Sum: 0, Workers: 4
[6385.568s][debug][gc,phases      ] GC(269)   StringDedup Requests0 Weak     Min:  0.0, Avg:  0.0, Max:  0.0, Diff:  0.0, Sum:  0.0, Workers: 4
[6385.568s][debug][gc,phases      ] GC(269)     Dead                           Min: 0, Avg:  0.0, Max: 0, Diff: 0, Sum: 0, Workers: 4
[6385.568s][debug][gc,phases      ] GC(269)     Total                          Min: 0, Avg:  0.0, Max: 0, Diff: 0, Sum: 0, Workers: 4
[6385.568s][debug][gc,phases      ] GC(269)   StringDedup Requests1 Weak     Min:  0.0, Avg:  0.0, Max:  0.0, Diff:  0.0, Sum:  0.0, Workers: 4
[6385.568s][debug][gc,phases      ] GC(269)     Dead                           Min: 0, Avg:  0.0, Max: 0, Diff: 0, Sum: 0, Workers: 4
[6385.568s][debug][gc,phases      ] GC(269)     Total                          Min: 0, Avg:  0.0, Max: 0, Diff: 0, Sum: 0, Workers: 4
[6385.568s][debug][gc,phases      ] GC(269)   Weak JFR Old Object Samples    Min:  0.0, Avg:  0.0, Max:  0.0, Diff:  0.0, Sum:  0.0, Workers: 4
[6385.568s][debug][gc,phases      ] GC(269)     Dead                           Min: 0, Avg:  0.0, Max: 0, Diff: 0, Sum: 0, Workers: 4
[6385.568s][debug][gc,phases      ] GC(269)     Total                          Min: 0, Avg:  0.0, Max: 0, Diff: 0, Sum: 0, Workers: 4
[6385.568s][debug][gc,phases      ] GC(269) Weak Processing 0.320ms
[6385.568s][debug][gc,age         ] GC(269) Desired survivor size 2097152 bytes, new threshold 15 (max threshold 15)
[6385.568s][info ][gc,heap        ] GC(269) PSYoungGen: 2093664K(2095104K)->608K(2095104K) Eden: 2093056K(2093056K)->0K(2093056K) From: 608K(2048K)->608K(2048K)
[6385.568s][info ][gc,heap        ] GC(269) ParOldGen: 252081K(422400K)->252089K(422400K)
[6385.568s][info ][gc,metaspace   ] GC(269) Metaspace: 80077K(81024K)->80077K(81024K) NonClass: 68715K(69184K)->68715K(69184K) Class: 11361K(11840K)->11361K(11840K)
[6385.568s][info ][gc             ] GC(269) Pause Young (Allocation Failure) 2290M->246M(2458M) 1.625ms
[6385.568s][info ][gc,cpu         ] GC(269) User=0.01s Sys=0.00s Real=0.00s
[6385.568s][info ][safepoint      ] Safepoint "ParallelGCFailedAllocation", Time since last: 45896933291 ns, Reaching safepoint: 52800 ns, At safepoint: 1714702 ns, Total: 1767502 ns
[6431.517s][info ][gc,start       ] GC(270) Pause Young (Allocation Failure)
[6431.518s][debug][gc,phases      ] GC(270) Scavenge 1.114ms
[6431.518s][debug][gc,ref         ] GC(270) Skipped phase 1 of Reference Processing: no references
[6431.518s][debug][gc,ref         ] GC(270) Skipped phase 2 of Reference Processing: no references
[6431.518s][debug][gc,ref         ] GC(270) Skipped phase 3 of Reference Processing: no references
[6431.518s][debug][gc,ref         ] GC(270) Skipped phase 4 of Reference Processing: no references
[6431.518s][debug][gc,phases      ] GC(270) Reference Processing 0.031ms
[6431.519s][debug][gc,phases      ] GC(270)   VM Weak                        Min:  0.0, Avg:  0.0, Max:  0.0, Diff:  0.0, Sum:  0.0, Workers: 4
[6431.519s][debug][gc,phases      ] GC(270)     Dead                           Min: 0, Avg:  0.0, Max: 0, Diff: 0, Sum: 0, Workers: 4
[6431.519s][debug][gc,phases      ] GC(270)     Total                          Min: 0, Avg: 148.0, Max: 419, Diff: 419, Sum: 592, Workers: 4
[6431.519s][debug][gc,phases      ] GC(270)   ObjectSynchronizer Weak        Min:  0.0, Avg:  0.0, Max:  0.0, Diff:  0.0, Sum:  0.0, Workers: 4
[6431.519s][debug][gc,phases      ] GC(270)     Dead                           Min: 0, Avg:  0.0, Max: 0, Diff: 0, Sum: 0, Workers: 4
[6431.519s][debug][gc,phases      ] GC(270)     Total                          Min: 0, Avg: 13.5, Max: 54, Diff: 54, Sum: 54, Workers: 4
[6431.519s][debug][gc,phases      ] GC(270)   JVMTI Tag Weak OopStorage      Min:  0.0, Avg:  0.0, Max:  0.0, Diff:  0.0, Sum:  0.0, Workers: 4
[6431.519s][debug][gc,phases      ] GC(270)     Dead                           Min: 0, Avg:  0.0, Max: 0, Diff: 0, Sum: 0, Workers: 4
[6431.519s][debug][gc,phases      ] GC(270)     Total                          Min: 0, Avg:  0.0, Max: 0, Diff: 0, Sum: 0, Workers: 4
[6431.519s][debug][gc,phases      ] GC(270)   StringTable Weak               Min:  0.0, Avg:  0.1, Max:  0.2, Diff:  0.2, Sum:  0.4, Workers: 4
[6431.519s][debug][gc,phases      ] GC(270)     Dead                           Min: 0, Avg:  0.0, Max: 0, Diff: 0, Sum: 0, Workers: 4
[6431.519s][debug][gc,phases      ] GC(270)     Total                          Min: 0, Avg: 10880.5, Max: 21824, Diff: 21824, Sum: 43522, Workers: 4
[6431.519s][debug][gc,phases      ] GC(270)   ResolvedMethodTable Weak       Min:  0.0, Avg:  0.0, Max:  0.0, Diff:  0.0, Sum:  0.1, Workers: 4
[6431.519s][debug][gc,phases      ] GC(270)     Dead                           Min: 0, Avg:  0.0, Max: 0, Diff: 0, Sum: 0, Workers: 4
[6431.519s][debug][gc,phases      ] GC(270)     Total                          Min: 0, Avg: 2219.8, Max: 4472, Diff: 4472, Sum: 8879, Workers: 4
[6431.519s][debug][gc,phases      ] GC(270)   JNI Weak                       Min:  0.0, Avg:  0.0, Max:  0.0, Diff:  0.0, Sum:  0.0, Workers: 4
[6431.519s][debug][gc,phases      ] GC(270)     Dead                           Min: 0, Avg:  0.0, Max: 0, Diff: 0, Sum: 0, Workers: 4
[6431.519s][debug][gc,phases      ] GC(270)     Total                          Min: 0, Avg: 11.2, Max: 45, Diff: 45, Sum: 45, Workers: 4
[6431.519s][debug][gc,phases      ] GC(270)   StringDedup Table Weak         Min:  0.0, Avg:  0.0, Max:  0.0, Diff:  0.0, Sum:  0.0, Workers: 4
[6431.519s][debug][gc,phases      ] GC(270)     Dead                           Min: 0, Avg:  0.0, Max: 0, Diff: 0, Sum: 0, Workers: 4
[6431.519s][debug][gc,phases      ] GC(270)     Total                          Min: 0, Avg:  0.0, Max: 0, Diff: 0, Sum: 0, Workers: 4
[6431.519s][debug][gc,phases      ] GC(270)   StringDedup Requests0 Weak     Min:  0.0, Avg:  0.0, Max:  0.0, Diff:  0.0, Sum:  0.0, Workers: 4
[6431.519s][debug][gc,phases      ] GC(270)     Dead                           Min: 0, Avg:  0.0, Max: 0, Diff: 0, Sum: 0, Workers: 4
[6431.519s][debug][gc,phases      ] GC(270)     Total                          Min: 0, Avg:  0.0, Max: 0, Diff: 0, Sum: 0, Workers: 4
[6431.519s][debug][gc,phases      ] GC(270)   StringDedup Requests1 Weak     Min:  0.0, Avg:  0.0, Max:  0.0, Diff:  0.0, Sum:  0.0, Workers: 4
[6431.519s][debug][gc,phases      ] GC(270)     Dead                           Min: 0, Avg:  0.0, Max: 0, Diff: 0, Sum: 0, Workers: 4
[6431.519s][debug][gc,phases      ] GC(270)     Total                          Min: 0, Avg:  0.0, Max: 0, Diff: 0, Sum: 0, Workers: 4
[6431.519s][debug][gc,phases      ] GC(270)   Weak JFR Old Object Samples    Min:  0.0, Avg:  0.0, Max:  0.0, Diff:  0.0, Sum:  0.0, Workers: 4
[6431.519s][debug][gc,phases      ] GC(270)     Dead                           Min: 0, Avg:  0.0, Max: 0, Diff: 0, Sum: 0, Workers: 4
[6431.519s][debug][gc,phases      ] GC(270)     Total                          Min: 0, Avg:  0.0, Max: 0, Diff: 0, Sum: 0, Workers: 4
[6431.519s][debug][gc,phases      ] GC(270) Weak Processing 0.396ms
[6431.519s][debug][gc,age         ] GC(270) Desired survivor size 2097152 bytes, new threshold 15 (max threshold 15)
[6431.519s][info ][gc,heap        ] GC(270) PSYoungGen: 2093664K(2095104K)->608K(2095104K) Eden: 2093056K(2093056K)->0K(2093056K) From: 608K(2048K)->608K(2048K)
[6431.519s][info ][gc,heap        ] GC(270) ParOldGen: 252089K(422400K)->252097K(422400K)
[6431.519s][info ][gc,metaspace   ] GC(270) Metaspace: 80079K(81024K)->80079K(81024K) NonClass: 68717K(69184K)->68717K(69184K) Class: 11361K(11840K)->11361K(11840K)
[6431.519s][info ][gc             ] GC(270) Pause Young (Allocation Failure) 2290M->246M(2458M) 1.647ms
[6431.519s][info ][gc,cpu         ] GC(270) User=0.00s Sys=0.00s Real=0.01s
[6431.519s][info ][safepoint      ] Safepoint "ParallelGCFailedAllocation", Time since last: 45948936418 ns, Reaching safepoint: 25800 ns, At safepoint: 1706902 ns, Total: 1732702 ns
[6476.819s][info ][gc,start       ] GC(271) Pause Young (Allocation Failure)
[6476.820s][debug][gc,phases      ] GC(271) Scavenge 1.411ms
[6476.820s][debug][gc,ref         ] GC(271) Skipped phase 1 of Reference Processing: no references
[6476.820s][debug][gc,ref         ] GC(271) Skipped phase 2 of Reference Processing: no references
[6476.820s][debug][gc,ref         ] GC(271) Skipped phase 3 of Reference Processing: no references
[6476.820s][debug][gc,ref         ] GC(271) Skipped phase 4 of Reference Processing: no references
[6476.820s][debug][gc,phases      ] GC(271) Reference Processing 0.022ms
[6476.821s][debug][gc,phases      ] GC(271)   VM Weak                        Min:  0.0, Avg:  0.0, Max:  0.0, Diff:  0.0, Sum:  0.0, Workers: 4
[6476.821s][debug][gc,phases      ] GC(271)     Dead                           Min: 0, Avg:  0.0, Max: 0, Diff: 0, Sum: 0, Workers: 4
[6476.821s][debug][gc,phases      ] GC(271)     Total                          Min: 0, Avg: 148.0, Max: 592, Diff: 592, Sum: 592, Workers: 4
[6476.821s][debug][gc,phases      ] GC(271)   ObjectSynchronizer Weak        Min:  0.0, Avg:  0.0, Max:  0.0, Diff:  0.0, Sum:  0.0, Workers: 4
[6476.821s][debug][gc,phases      ] GC(271)     Dead                           Min: 0, Avg:  0.0, Max: 0, Diff: 0, Sum: 0, Workers: 4
[6476.821s][debug][gc,phases      ] GC(271)     Total                          Min: 0, Avg: 13.5, Max: 54, Diff: 54, Sum: 54, Workers: 4
[6476.821s][debug][gc,phases      ] GC(271)   JVMTI Tag Weak OopStorage      Min:  0.0, Avg:  0.0, Max:  0.0, Diff:  0.0, Sum:  0.0, Workers: 4
[6476.821s][debug][gc,phases      ] GC(271)     Dead                           Min: 0, Avg:  0.0, Max: 0, Diff: 0, Sum: 0, Workers: 4
[6476.821s][debug][gc,phases      ] GC(271)     Total                          Min: 0, Avg:  0.0, Max: 0, Diff: 0, Sum: 0, Workers: 4
[6476.821s][debug][gc,phases      ] GC(271)   StringTable Weak               Min:  0.0, Avg:  0.1, Max:  0.1, Diff:  0.1, Sum:  0.3, Workers: 4
[6476.821s][debug][gc,phases      ] GC(271)     Dead                           Min: 0, Avg:  0.0, Max: 0, Diff: 0, Sum: 0, Workers: 4
[6476.821s][debug][gc,phases      ] GC(271)     Total                          Min: 0, Avg: 10880.5, Max: 17408, Diff: 17408, Sum: 43522, Workers: 4
[6476.821s][debug][gc,phases      ] GC(271)   ResolvedMethodTable Weak       Min:  0.0, Avg:  0.0, Max:  0.0, Diff:  0.0, Sum:  0.1, Workers: 4
[6476.821s][debug][gc,phases      ] GC(271)     Dead                           Min: 0, Avg:  0.0, Max: 0, Diff: 0, Sum: 0, Workers: 4
[6476.821s][debug][gc,phases      ] GC(271)     Total                          Min: 0, Avg: 2219.8, Max: 3960, Diff: 3960, Sum: 8879, Workers: 4
[6476.821s][debug][gc,phases      ] GC(271)   JNI Weak                       Min:  0.0, Avg:  0.0, Max:  0.0, Diff:  0.0, Sum:  0.0, Workers: 4
[6476.821s][debug][gc,phases      ] GC(271)     Dead                           Min: 0, Avg:  0.0, Max: 0, Diff: 0, Sum: 0, Workers: 4
[6476.821s][debug][gc,phases      ] GC(271)     Total                          Min: 0, Avg: 11.2, Max: 45, Diff: 45, Sum: 45, Workers: 4
[6476.821s][debug][gc,phases      ] GC(271)   StringDedup Table Weak         Min:  0.0, Avg:  0.0, Max:  0.0, Diff:  0.0, Sum:  0.0, Workers: 4
[6476.821s][debug][gc,phases      ] GC(271)     Dead                           Min: 0, Avg:  0.0, Max: 0, Diff: 0, Sum: 0, Workers: 4
[6476.821s][debug][gc,phases      ] GC(271)     Total                          Min: 0, Avg:  0.0, Max: 0, Diff: 0, Sum: 0, Workers: 4
[6476.821s][debug][gc,phases      ] GC(271)   StringDedup Requests0 Weak     Min:  0.0, Avg:  0.0, Max:  0.0, Diff:  0.0, Sum:  0.0, Workers: 4
[6476.821s][debug][gc,phases      ] GC(271)     Dead                           Min: 0, Avg:  0.0, Max: 0, Diff: 0, Sum: 0, Workers: 4
[6476.821s][debug][gc,phases      ] GC(271)     Total                          Min: 0, Avg:  0.0, Max: 0, Diff: 0, Sum: 0, Workers: 4
[6476.821s][debug][gc,phases      ] GC(271)   StringDedup Requests1 Weak     Min:  0.0, Avg:  0.0, Max:  0.0, Diff:  0.0, Sum:  0.0, Workers: 4
[6476.821s][debug][gc,phases      ] GC(271)     Dead                           Min: 0, Avg:  0.0, Max: 0, Diff: 0, Sum: 0, Workers: 4
[6476.821s][debug][gc,phases      ] GC(271)     Total                          Min: 0, Avg:  0.0, Max: 0, Diff: 0, Sum: 0, Workers: 4
[6476.821s][debug][gc,phases      ] GC(271)   Weak JFR Old Object Samples    Min:  0.0, Avg:  0.0, Max:  0.0, Diff:  0.0, Sum:  0.0, Workers: 4
[6476.821s][debug][gc,phases      ] GC(271)     Dead                           Min: 0, Avg:  0.0, Max: 0, Diff: 0, Sum: 0, Workers: 4
[6476.821s][debug][gc,phases      ] GC(271)     Total                          Min: 0, Avg:  0.0, Max: 0, Diff: 0, Sum: 0, Workers: 4
[6476.821s][debug][gc,phases      ] GC(271) Weak Processing 0.300ms
[6476.821s][debug][gc,age         ] GC(271) Desired survivor size 1572864 bytes, new threshold 15 (max threshold 15)
[6476.821s][info ][gc,heap        ] GC(271) PSYoungGen: 2093664K(2095104K)->608K(2095104K) Eden: 2093056K(2093056K)->0K(2093056K) From: 608K(2048K)->608K(2048K)
[6476.821s][info ][gc,heap        ] GC(271) ParOldGen: 252097K(422400K)->252105K(422400K)
[6476.821s][info ][gc,metaspace   ] GC(271) Metaspace: 80079K(81024K)->80079K(81024K) NonClass: 68717K(69184K)->68717K(69184K) Class: 11361K(11840K)->11361K(11840K)
[6476.821s][info ][gc             ] GC(271) Pause Young (Allocation Failure) 2290M->246M(2458M) 1.818ms
[6476.821s][info ][gc,cpu         ] GC(271) User=0.00s Sys=0.00s Real=0.00s
[6476.821s][info ][safepoint      ] Safepoint "ParallelGCFailedAllocation", Time since last: 45299945397 ns, Reaching safepoint: 93000 ns, At safepoint: 1903803 ns, Total: 1996803 ns
[6522.667s][info ][gc,start       ] GC(272) Pause Young (Allocation Failure)
[6522.668s][debug][gc,phases      ] GC(272) Scavenge 1.232ms
[6522.668s][debug][gc,ref         ] GC(272) Skipped phase 1 of Reference Processing: no references
[6522.668s][debug][gc,ref         ] GC(272) Skipped phase 2 of Reference Processing: no references
[6522.668s][debug][gc,ref         ] GC(272) Skipped phase 3 of Reference Processing: no references
[6522.668s][debug][gc,ref         ] GC(272) Skipped phase 4 of Reference Processing: no references
[6522.668s][debug][gc,phases      ] GC(272) Reference Processing 0.036ms
[6522.668s][debug][gc,phases      ] GC(272)   VM Weak                        Min:  0.0, Avg:  0.0, Max:  0.0, Diff:  0.0, Sum:  0.0, Workers: 4
[6522.668s][debug][gc,phases      ] GC(272)     Dead                           Min: 0, Avg:  0.0, Max: 0, Diff: 0, Sum: 0, Workers: 4
[6522.668s][debug][gc,phases      ] GC(272)     Total                          Min: 0, Avg: 148.0, Max: 592, Diff: 592, Sum: 592, Workers: 4
[6522.668s][debug][gc,phases      ] GC(272)   ObjectSynchronizer Weak        Min:  0.0, Avg:  0.0, Max:  0.0, Diff:  0.0, Sum:  0.0, Workers: 4
[6522.668s][debug][gc,phases      ] GC(272)     Dead                           Min: 0, Avg:  0.0, Max: 0, Diff: 0, Sum: 0, Workers: 4
[6522.668s][debug][gc,phases      ] GC(272)     Total                          Min: 0, Avg: 13.5, Max: 54, Diff: 54, Sum: 54, Workers: 4
[6522.668s][debug][gc,phases      ] GC(272)   JVMTI Tag Weak OopStorage      Min:  0.0, Avg:  0.0, Max:  0.0, Diff:  0.0, Sum:  0.0, Workers: 4
[6522.668s][debug][gc,phases      ] GC(272)     Dead                           Min: 0, Avg:  0.0, Max: 0, Diff: 0, Sum: 0, Workers: 4
[6522.668s][debug][gc,phases      ] GC(272)     Total                          Min: 0, Avg:  0.0, Max: 0, Diff: 0, Sum: 0, Workers: 4
[6522.668s][debug][gc,phases      ] GC(272)   StringTable Weak               Min:  0.0, Avg:  0.1, Max:  0.1, Diff:  0.1, Sum:  0.4, Workers: 4
[6522.668s][debug][gc,phases      ] GC(272)     Dead                           Min: 0, Avg:  0.0, Max: 0, Diff: 0, Sum: 0, Workers: 4
[6522.668s][debug][gc,phases      ] GC(272)     Total                          Min: 0, Avg: 10880.5, Max: 14784, Diff: 14784, Sum: 43522, Workers: 4
[6522.668s][debug][gc,phases      ] GC(272)   ResolvedMethodTable Weak       Min:  0.0, Avg:  0.0, Max:  0.0, Diff:  0.0, Sum:  0.1, Workers: 4
[6522.668s][debug][gc,phases      ] GC(272)     Dead                           Min: 0, Avg:  0.0, Max: 0, Diff: 0, Sum: 0, Workers: 4
[6522.668s][debug][gc,phases      ] GC(272)     Total                          Min: 0, Avg: 2219.8, Max: 3007, Diff: 3007, Sum: 8879, Workers: 4
[6522.668s][debug][gc,phases      ] GC(272)   JNI Weak                       Min:  0.0, Avg:  0.0, Max:  0.0, Diff:  0.0, Sum:  0.0, Workers: 4
[6522.668s][debug][gc,phases      ] GC(272)     Dead                           Min: 0, Avg:  0.0, Max: 0, Diff: 0, Sum: 0, Workers: 4
[6522.668s][debug][gc,phases      ] GC(272)     Total                          Min: 0, Avg: 11.2, Max: 45, Diff: 45, Sum: 45, Workers: 4
[6522.668s][debug][gc,phases      ] GC(272)   StringDedup Table Weak         Min:  0.0, Avg:  0.0, Max:  0.0, Diff:  0.0, Sum:  0.0, Workers: 4
[6522.668s][debug][gc,phases      ] GC(272)     Dead                           Min: 0, Avg:  0.0, Max: 0, Diff: 0, Sum: 0, Workers: 4
[6522.668s][debug][gc,phases      ] GC(272)     Total                          Min: 0, Avg:  0.0, Max: 0, Diff: 0, Sum: 0, Workers: 4
[6522.668s][debug][gc,phases      ] GC(272)   StringDedup Requests0 Weak     Min:  0.0, Avg:  0.0, Max:  0.0, Diff:  0.0, Sum:  0.0, Workers: 4
[6522.668s][debug][gc,phases      ] GC(272)     Dead                           Min: 0, Avg:  0.0, Max: 0, Diff: 0, Sum: 0, Workers: 4
[6522.668s][debug][gc,phases      ] GC(272)     Total                          Min: 0, Avg:  0.0, Max: 0, Diff: 0, Sum: 0, Workers: 4
[6522.668s][debug][gc,phases      ] GC(272)   StringDedup Requests1 Weak     Min:  0.0, Avg:  0.0, Max:  0.0, Diff:  0.0, Sum:  0.0, Workers: 4
[6522.668s][debug][gc,phases      ] GC(272)     Dead                           Min: 0, Avg:  0.0, Max: 0, Diff: 0, Sum: 0, Workers: 4
[6522.668s][debug][gc,phases      ] GC(272)     Total                          Min: 0, Avg:  0.0, Max: 0, Diff: 0, Sum: 0, Workers: 4
[6522.668s][debug][gc,phases      ] GC(272)   Weak JFR Old Object Samples    Min:  0.0, Avg:  0.0, Max:  0.0, Diff:  0.0, Sum:  0.0, Workers: 4
[6522.668s][debug][gc,phases      ] GC(272)     Dead                           Min: 0, Avg:  0.0, Max: 0, Diff: 0, Sum: 0, Workers: 4
[6522.668s][debug][gc,phases      ] GC(272)     Total                          Min: 0, Avg:  0.0, Max: 0, Diff: 0, Sum: 0, Workers: 4
[6522.668s][debug][gc,phases      ] GC(272) Weak Processing 0.407ms
[6522.668s][debug][gc,age         ] GC(272) Desired survivor size 1572864 bytes, new threshold 15 (max threshold 15)
[6522.668s][info ][gc,heap        ] GC(272) PSYoungGen: 2093664K(2095104K)->608K(2095616K) Eden: 2093056K(2093056K)->0K(2094080K) From: 608K(2048K)->608K(1536K)
[6522.668s][info ][gc,heap        ] GC(272) ParOldGen: 252105K(422400K)->252113K(422400K)
[6522.668s][info ][gc,metaspace   ] GC(272) Metaspace: 80079K(81024K)->80079K(81024K) NonClass: 68717K(69184K)->68717K(69184K) Class: 11361K(11840K)->11361K(11840K)
[6522.668s][info ][gc             ] GC(272) Pause Young (Allocation Failure) 2290M->246M(2459M) 1.806ms
[6522.668s][info ][gc,cpu         ] GC(272) User=0.00s Sys=0.00s Real=0.00s
[6522.668s][info ][safepoint      ] Safepoint "ParallelGCFailedAllocation", Time since last: 45845793578 ns, Reaching safepoint: 24700 ns, At safepoint: 1895803 ns, Total: 1920503 ns
[6553.670s][info ][safepoint      ] Safepoint "Cleanup", Time since last: 31001964833 ns, Reaching safepoint: 27300 ns, At safepoint: 2200 ns, Total: 29500 ns
[6568.468s][info ][gc,start       ] GC(273) Pause Young (Allocation Failure)
[6568.469s][debug][gc,phases      ] GC(273) Scavenge 0.851ms
[6568.469s][debug][gc,ref         ] GC(273) Skipped phase 1 of Reference Processing: no references
[6568.469s][debug][gc,ref         ] GC(273) Skipped phase 2 of Reference Processing: no references
[6568.469s][debug][gc,ref         ] GC(273) Skipped phase 3 of Reference Processing: no references
[6568.469s][debug][gc,ref         ] GC(273) Skipped phase 4 of Reference Processing: no references
[6568.469s][debug][gc,phases      ] GC(273) Reference Processing 0.024ms
[6568.469s][debug][gc,phases      ] GC(273)   VM Weak                        Min:  0.0, Avg:  0.0, Max:  0.0, Diff:  0.0, Sum:  0.0, Workers: 4
[6568.469s][debug][gc,phases      ] GC(273)     Dead                           Min: 0, Avg:  0.0, Max: 0, Diff: 0, Sum: 0, Workers: 4
[6568.469s][debug][gc,phases      ] GC(273)     Total                          Min: 0, Avg: 148.0, Max: 592, Diff: 592, Sum: 592, Workers: 4
[6568.469s][debug][gc,phases      ] GC(273)   ObjectSynchronizer Weak        Min:  0.0, Avg:  0.0, Max:  0.0, Diff:  0.0, Sum:  0.0, Workers: 4
[6568.469s][debug][gc,phases      ] GC(273)     Dead                           Min: 0, Avg:  0.0, Max: 0, Diff: 0, Sum: 0, Workers: 4
[6568.469s][debug][gc,phases      ] GC(273)     Total                          Min: 0, Avg: 13.5, Max: 54, Diff: 54, Sum: 54, Workers: 4
[6568.469s][debug][gc,phases      ] GC(273)   JVMTI Tag Weak OopStorage      Min:  0.0, Avg:  0.0, Max:  0.0, Diff:  0.0, Sum:  0.0, Workers: 4
[6568.469s][debug][gc,phases      ] GC(273)     Dead                           Min: 0, Avg:  0.0, Max: 0, Diff: 0, Sum: 0, Workers: 4
[6568.469s][debug][gc,phases      ] GC(273)     Total                          Min: 0, Avg:  0.0, Max: 0, Diff: 0, Sum: 0, Workers: 4
[6568.469s][debug][gc,phases      ] GC(273)   StringTable Weak               Min:  0.0, Avg:  0.1, Max:  0.1, Diff:  0.1, Sum:  0.3, Workers: 4
[6568.469s][debug][gc,phases      ] GC(273)     Dead                           Min: 0, Avg:  0.0, Max: 0, Diff: 0, Sum: 0, Workers: 4
[6568.469s][debug][gc,phases      ] GC(273)     Total                          Min: 0, Avg: 10880.5, Max: 17794, Diff: 17794, Sum: 43522, Workers: 4
[6568.469s][debug][gc,phases      ] GC(273)   ResolvedMethodTable Weak       Min:  0.0, Avg:  0.0, Max:  0.0, Diff:  0.0, Sum:  0.1, Workers: 4
[6568.469s][debug][gc,phases      ] GC(273)     Dead                           Min: 0, Avg:  0.0, Max: 0, Diff: 0, Sum: 0, Workers: 4
[6568.469s][debug][gc,phases      ] GC(273)     Total                          Min: 0, Avg: 2219.8, Max: 3516, Diff: 3516, Sum: 8879, Workers: 4
[6568.469s][debug][gc,phases      ] GC(273)   JNI Weak                       Min:  0.0, Avg:  0.0, Max:  0.0, Diff:  0.0, Sum:  0.0, Workers: 4
[6568.469s][debug][gc,phases      ] GC(273)     Dead                           Min: 0, Avg:  0.0, Max: 0, Diff: 0, Sum: 0, Workers: 4
[6568.469s][debug][gc,phases      ] GC(273)     Total                          Min: 0, Avg: 11.2, Max: 45, Diff: 45, Sum: 45, Workers: 4
[6568.469s][debug][gc,phases      ] GC(273)   StringDedup Table Weak         Min:  0.0, Avg:  0.0, Max:  0.0, Diff:  0.0, Sum:  0.0, Workers: 4
[6568.469s][debug][gc,phases      ] GC(273)     Dead                           Min: 0, Avg:  0.0, Max: 0, Diff: 0, Sum: 0, Workers: 4
[6568.469s][debug][gc,phases      ] GC(273)     Total                          Min: 0, Avg:  0.0, Max: 0, Diff: 0, Sum: 0, Workers: 4
[6568.469s][debug][gc,phases      ] GC(273)   StringDedup Requests0 Weak     Min:  0.0, Avg:  0.0, Max:  0.0, Diff:  0.0, Sum:  0.0, Workers: 4
[6568.469s][debug][gc,phases      ] GC(273)     Dead                           Min: 0, Avg:  0.0, Max: 0, Diff: 0, Sum: 0, Workers: 4
[6568.469s][debug][gc,phases      ] GC(273)     Total                          Min: 0, Avg:  0.0, Max: 0, Diff: 0, Sum: 0, Workers: 4
[6568.469s][debug][gc,phases      ] GC(273)   StringDedup Requests1 Weak     Min:  0.0, Avg:  0.0, Max:  0.0, Diff:  0.0, Sum:  0.0, Workers: 4
[6568.469s][debug][gc,phases      ] GC(273)     Dead                           Min: 0, Avg:  0.0, Max: 0, Diff: 0, Sum: 0, Workers: 4
[6568.469s][debug][gc,phases      ] GC(273)     Total                          Min: 0, Avg:  0.0, Max: 0, Diff: 0, Sum: 0, Workers: 4
[6568.469s][debug][gc,phases      ] GC(273)   Weak JFR Old Object Samples    Min:  0.0, Avg:  0.0, Max:  0.0, Diff:  0.0, Sum:  0.0, Workers: 4
[6568.469s][debug][gc,phases      ] GC(273)     Dead                           Min: 0, Avg:  0.0, Max: 0, Diff: 0, Sum: 0, Workers: 4
[6568.469s][debug][gc,phases      ] GC(273)     Total                          Min: 0, Avg:  0.0, Max: 0, Diff: 0, Sum: 0, Workers: 4
[6568.469s][debug][gc,phases      ] GC(273) Weak Processing 0.321ms
[6568.469s][debug][gc,age         ] GC(273) Desired survivor size 1572864 bytes, new threshold 15 (max threshold 15)
[6568.469s][info ][gc,heap        ] GC(273) PSYoungGen: 2094688K(2095616K)->576K(2095616K) Eden: 2094080K(2094080K)->0K(2094080K) From: 608K(1536K)->576K(1536K)
[6568.469s][info ][gc,heap        ] GC(273) ParOldGen: 252113K(422400K)->252121K(422400K)
[6568.469s][info ][gc,metaspace   ] GC(273) Metaspace: 80084K(81024K)->80084K(81024K) NonClass: 68722K(69184K)->68722K(69184K) Class: 11361K(11840K)->11361K(11840K)
[6568.469s][info ][gc             ] GC(273) Pause Young (Allocation Failure) 2291M->246M(2459M) 1.299ms
[6568.469s][info ][gc,cpu         ] GC(273) User=0.00s Sys=0.00s Real=0.00s
[6568.469s][info ][safepoint      ] Safepoint "ParallelGCFailedAllocation", Time since last: 14797314226 ns, Reaching safepoint: 29500 ns, At safepoint: 1358602 ns, Total: 1388102 ns
[6578.470s][info ][safepoint      ] Safepoint "Cleanup", Time since last: 10000604541 ns, Reaching safepoint: 67000 ns, At safepoint: 4400 ns, Total: 71400 ns
[6614.216s][info ][gc,start       ] GC(274) Pause Young (Allocation Failure)
[6614.218s][debug][gc,phases      ] GC(274) Scavenge 1.758ms
[6614.218s][debug][gc,ref         ] GC(274) Skipped phase 1 of Reference Processing: no references
[6614.218s][debug][gc,ref         ] GC(274) Skipped phase 2 of Reference Processing: no references
[6614.218s][debug][gc,ref         ] GC(274) Skipped phase 3 of Reference Processing: no references
[6614.218s][debug][gc,ref         ] GC(274) Skipped phase 4 of Reference Processing: no references
[6614.218s][debug][gc,phases      ] GC(274) Reference Processing 0.023ms
[6614.219s][debug][gc,phases      ] GC(274)   VM Weak                        Min:  0.0, Avg:  0.0, Max:  0.0, Diff:  0.0, Sum:  0.0, Workers: 4
[6614.219s][debug][gc,phases      ] GC(274)     Dead                           Min: 0, Avg:  0.0, Max: 0, Diff: 0, Sum: 0, Workers: 4
[6614.219s][debug][gc,phases      ] GC(274)     Total                          Min: 0, Avg: 148.0, Max: 561, Diff: 561, Sum: 592, Workers: 4
[6614.219s][debug][gc,phases      ] GC(274)   ObjectSynchronizer Weak        Min:  0.0, Avg:  0.0, Max:  0.0, Diff:  0.0, Sum:  0.0, Workers: 4
[6614.219s][debug][gc,phases      ] GC(274)     Dead                           Min: 0, Avg:  0.0, Max: 0, Diff: 0, Sum: 0, Workers: 4
[6614.219s][debug][gc,phases      ] GC(274)     Total                          Min: 0, Avg: 13.5, Max: 54, Diff: 54, Sum: 54, Workers: 4
[6614.219s][debug][gc,phases      ] GC(274)   JVMTI Tag Weak OopStorage      Min:  0.0, Avg:  0.0, Max:  0.0, Diff:  0.0, Sum:  0.0, Workers: 4
[6614.219s][debug][gc,phases      ] GC(274)     Dead                           Min: 0, Avg:  0.0, Max: 0, Diff: 0, Sum: 0, Workers: 4
[6614.219s][debug][gc,phases      ] GC(274)     Total                          Min: 0, Avg:  0.0, Max: 0, Diff: 0, Sum: 0, Workers: 4
[6614.219s][debug][gc,phases      ] GC(274)   StringTable Weak               Min:  0.0, Avg:  0.1, Max:  0.1, Diff:  0.1, Sum:  0.3, Workers: 4
[6614.219s][debug][gc,phases      ] GC(274)     Dead                           Min: 0, Avg:  0.0, Max: 0, Diff: 0, Sum: 0, Workers: 4
[6614.219s][debug][gc,phases      ] GC(274)     Total                          Min: 0, Avg: 10880.5, Max: 26946, Diff: 26946, Sum: 43522, Workers: 4
[6614.219s][debug][gc,phases      ] GC(274)   ResolvedMethodTable Weak       Min:  0.0, Avg:  0.0, Max:  0.0, Diff:  0.0, Sum:  0.1, Workers: 4
[6614.219s][debug][gc,phases      ] GC(274)     Dead                           Min: 0, Avg:  0.0, Max: 0, Diff: 0, Sum: 0, Workers: 4
[6614.219s][debug][gc,phases      ] GC(274)     Total                          Min: 0, Avg: 2219.8, Max: 5496, Diff: 5496, Sum: 8879, Workers: 4
[6614.219s][debug][gc,phases      ] GC(274)   JNI Weak                       Min:  0.0, Avg:  0.0, Max:  0.0, Diff:  0.0, Sum:  0.0, Workers: 4
[6614.219s][debug][gc,phases      ] GC(274)     Dead                           Min: 0, Avg:  0.0, Max: 0, Diff: 0, Sum: 0, Workers: 4
[6614.219s][debug][gc,phases      ] GC(274)     Total                          Min: 0, Avg: 11.2, Max: 45, Diff: 45, Sum: 45, Workers: 4
[6614.219s][debug][gc,phases      ] GC(274)   StringDedup Table Weak         Min:  0.0, Avg:  0.0, Max:  0.0, Diff:  0.0, Sum:  0.0, Workers: 4
[6614.219s][debug][gc,phases      ] GC(274)     Dead                           Min: 0, Avg:  0.0, Max: 0, Diff: 0, Sum: 0, Workers: 4
[6614.219s][debug][gc,phases      ] GC(274)     Total                          Min: 0, Avg:  0.0, Max: 0, Diff: 0, Sum: 0, Workers: 4
[6614.219s][debug][gc,phases      ] GC(274)   StringDedup Requests0 Weak     Min:  0.0, Avg:  0.0, Max:  0.0, Diff:  0.0, Sum:  0.0, Workers: 4
[6614.219s][debug][gc,phases      ] GC(274)     Dead                           Min: 0, Avg:  0.0, Max: 0, Diff: 0, Sum: 0, Workers: 4
[6614.219s][debug][gc,phases      ] GC(274)     Total                          Min: 0, Avg:  0.0, Max: 0, Diff: 0, Sum: 0, Workers: 4
[6614.219s][debug][gc,phases      ] GC(274)   StringDedup Requests1 Weak     Min:  0.0, Avg:  0.0, Max:  0.0, Diff:  0.0, Sum:  0.0, Workers: 4
[6614.219s][debug][gc,phases      ] GC(274)     Dead                           Min: 0, Avg:  0.0, Max: 0, Diff: 0, Sum: 0, Workers: 4
[6614.219s][debug][gc,phases      ] GC(274)     Total                          Min: 0, Avg:  0.0, Max: 0, Diff: 0, Sum: 0, Workers: 4
[6614.219s][debug][gc,phases      ] GC(274)   Weak JFR Old Object Samples    Min:  0.0, Avg:  0.0, Max:  0.0, Diff:  0.0, Sum:  0.0, Workers: 4
[6614.219s][debug][gc,phases      ] GC(274)     Dead                           Min: 0, Avg:  0.0, Max: 0, Diff: 0, Sum: 0, Workers: 4
[6614.219s][debug][gc,phases      ] GC(274)     Total                          Min: 0, Avg:  0.0, Max: 0, Diff: 0, Sum: 0, Workers: 4
[6614.219s][debug][gc,phases      ] GC(274) Weak Processing 0.355ms
[6614.219s][debug][gc,age         ] GC(274) Desired survivor size 1572864 bytes, new threshold 15 (max threshold 15)
[6614.219s][info ][gc,heap        ] GC(274) PSYoungGen: 2094656K(2095616K)->608K(2095616K) Eden: 2094080K(2094080K)->0K(2094080K) From: 576K(1536K)->608K(1536K)
[6614.219s][info ][gc,heap        ] GC(274) ParOldGen: 252121K(422400K)->252129K(422400K)
[6614.219s][info ][gc,metaspace   ] GC(274) Metaspace: 80090K(81024K)->80090K(81024K) NonClass: 68728K(69184K)->68728K(69184K) Class: 11361K(11840K)->11361K(11840K)
[6614.219s][info ][gc             ] GC(274) Pause Young (Allocation Failure) 2291M->246M(2459M) 2.244ms
[6614.219s][info ][gc,cpu         ] GC(274) User=0.01s Sys=0.00s Real=0.01s
[6614.219s][info ][safepoint      ] Safepoint "ParallelGCFailedAllocation", Time since last: 35746539570 ns, Reaching safepoint: 34400 ns, At safepoint: 2309798 ns, Total: 2344198 ns
[6660.168s][info ][gc,start       ] GC(275) Pause Young (Allocation Failure)
[6660.169s][debug][gc,phases      ] GC(275) Scavenge 0.987ms
[6660.169s][debug][gc,ref         ] GC(275) Skipped phase 1 of Reference Processing: no references
[6660.169s][debug][gc,ref         ] GC(275) Skipped phase 2 of Reference Processing: no references
[6660.169s][debug][gc,ref         ] GC(275) Skipped phase 3 of Reference Processing: no references
[6660.169s][debug][gc,ref         ] GC(275) Skipped phase 4 of Reference Processing: no references
[6660.169s][debug][gc,phases      ] GC(275) Reference Processing 0.021ms
[6660.169s][debug][gc,phases      ] GC(275)   VM Weak                        Min:  0.0, Avg:  0.0, Max:  0.0, Diff:  0.0, Sum:  0.0, Workers: 4
[6660.169s][debug][gc,phases      ] GC(275)     Dead                           Min: 0, Avg:  0.0, Max: 0, Diff: 0, Sum: 0, Workers: 4
[6660.169s][debug][gc,phases      ] GC(275)     Total                          Min: 0, Avg: 148.0, Max: 505, Diff: 505, Sum: 592, Workers: 4
[6660.169s][debug][gc,phases      ] GC(275)   ObjectSynchronizer Weak        Min:  0.0, Avg:  0.0, Max:  0.0, Diff:  0.0, Sum:  0.0, Workers: 4
[6660.169s][debug][gc,phases      ] GC(275)     Dead                           Min: 0, Avg:  0.0, Max: 0, Diff: 0, Sum: 0, Workers: 4
[6660.169s][debug][gc,phases      ] GC(275)     Total                          Min: 0, Avg: 13.5, Max: 54, Diff: 54, Sum: 54, Workers: 4
[6660.169s][debug][gc,phases      ] GC(275)   JVMTI Tag Weak OopStorage      Min:  0.0, Avg:  0.0, Max:  0.0, Diff:  0.0, Sum:  0.0, Workers: 4
[6660.169s][debug][gc,phases      ] GC(275)     Dead                           Min: 0, Avg:  0.0, Max: 0, Diff: 0, Sum: 0, Workers: 4
[6660.169s][debug][gc,phases      ] GC(275)     Total                          Min: 0, Avg:  0.0, Max: 0, Diff: 0, Sum: 0, Workers: 4
[6660.169s][debug][gc,phases      ] GC(275)   StringTable Weak               Min:  0.0, Avg:  0.1, Max:  0.1, Diff:  0.1, Sum:  0.4, Workers: 4
[6660.169s][debug][gc,phases      ] GC(275)     Dead                           Min: 0, Avg:  0.0, Max: 0, Diff: 0, Sum: 0, Workers: 4
[6660.169s][debug][gc,phases      ] GC(275)     Total                          Min: 0, Avg: 10880.5, Max: 14722, Diff: 14722, Sum: 43522, Workers: 4
[6660.169s][debug][gc,phases      ] GC(275)   ResolvedMethodTable Weak       Min:  0.0, Avg:  0.0, Max:  0.0, Diff:  0.0, Sum:  0.1, Workers: 4
[6660.169s][debug][gc,phases      ] GC(275)     Dead                           Min: 0, Avg:  0.0, Max: 0, Diff: 0, Sum: 0, Workers: 4
[6660.169s][debug][gc,phases      ] GC(275)     Total                          Min: 0, Avg: 2219.8, Max: 3066, Diff: 3066, Sum: 8879, Workers: 4
[6660.169s][debug][gc,phases      ] GC(275)   JNI Weak                       Min:  0.0, Avg:  0.0, Max:  0.0, Diff:  0.0, Sum:  0.0, Workers: 4
[6660.169s][debug][gc,phases      ] GC(275)     Dead                           Min: 0, Avg:  0.0, Max: 0, Diff: 0, Sum: 0, Workers: 4
[6660.169s][debug][gc,phases      ] GC(275)     Total                          Min: 0, Avg: 11.2, Max: 45, Diff: 45, Sum: 45, Workers: 4
[6660.169s][debug][gc,phases      ] GC(275)   StringDedup Table Weak         Min:  0.0, Avg:  0.0, Max:  0.0, Diff:  0.0, Sum:  0.0, Workers: 4
[6660.169s][debug][gc,phases      ] GC(275)     Dead                           Min: 0, Avg:  0.0, Max: 0, Diff: 0, Sum: 0, Workers: 4
[6660.169s][debug][gc,phases      ] GC(275)     Total                          Min: 0, Avg:  0.0, Max: 0, Diff: 0, Sum: 0, Workers: 4
[6660.169s][debug][gc,phases      ] GC(275)   StringDedup Requests0 Weak     Min:  0.0, Avg:  0.0, Max:  0.0, Diff:  0.0, Sum:  0.0, Workers: 4
[6660.169s][debug][gc,phases      ] GC(275)     Dead                           Min: 0, Avg:  0.0, Max: 0, Diff: 0, Sum: 0, Workers: 4
[6660.169s][debug][gc,phases      ] GC(275)     Total                          Min: 0, Avg:  0.0, Max: 0, Diff: 0, Sum: 0, Workers: 4
[6660.169s][debug][gc,phases      ] GC(275)   StringDedup Requests1 Weak     Min:  0.0, Avg:  0.0, Max:  0.0, Diff:  0.0, Sum:  0.0, Workers: 4
[6660.169s][debug][gc,phases      ] GC(275)     Dead                           Min: 0, Avg:  0.0, Max: 0, Diff: 0, Sum: 0, Workers: 4
[6660.169s][debug][gc,phases      ] GC(275)     Total                          Min: 0, Avg:  0.0, Max: 0, Diff: 0, Sum: 0, Workers: 4
[6660.169s][debug][gc,phases      ] GC(275)   Weak JFR Old Object Samples    Min:  0.0, Avg:  0.0, Max:  0.0, Diff:  0.0, Sum:  0.0, Workers: 4
[6660.169s][debug][gc,phases      ] GC(275)     Dead                           Min: 0, Avg:  0.0, Max: 0, Diff: 0, Sum: 0, Workers: 4
[6660.169s][debug][gc,phases      ] GC(275)     Total                          Min: 0, Avg:  0.0, Max: 0, Diff: 0, Sum: 0, Workers: 4
[6660.169s][debug][gc,phases      ] GC(275) Weak Processing 0.350ms
[6660.169s][debug][gc,age         ] GC(275) Desired survivor size 1572864 bytes, new threshold 15 (max threshold 15)
[6660.169s][info ][gc,heap        ] GC(275) PSYoungGen: 2094688K(2095616K)->608K(2095616K) Eden: 2094080K(2094080K)->0K(2094080K) From: 608K(1536K)->608K(1536K)
[6660.169s][info ][gc,heap        ] GC(275) ParOldGen: 252129K(422400K)->252137K(422400K)
[6660.169s][info ][gc,metaspace   ] GC(275) Metaspace: 80090K(81024K)->80090K(81024K) NonClass: 68728K(69184K)->68728K(69184K) Class: 11361K(11840K)->11361K(11840K)
[6660.169s][info ][gc             ] GC(275) Pause Young (Allocation Failure) 2291M->246M(2459M) 1.450ms
[6660.169s][info ][gc,cpu         ] GC(275) User=0.00s Sys=0.00s Real=0.00s
[6660.169s][info ][safepoint      ] Safepoint "ParallelGCFailedAllocation", Time since last: 45949232080 ns, Reaching safepoint: 24200 ns, At safepoint: 1530799 ns, Total: 1554999 ns
[6706.267s][info ][gc,start       ] GC(276) Pause Young (Allocation Failure)
[6706.268s][debug][gc,phases      ] GC(276) Scavenge 1.321ms
[6706.268s][debug][gc,ref         ] GC(276) Skipped phase 1 of Reference Processing: no references
[6706.268s][debug][gc,ref         ] GC(276) Skipped phase 2 of Reference Processing: no references
[6706.268s][debug][gc,ref         ] GC(276) Skipped phase 3 of Reference Processing: no references
[6706.268s][debug][gc,ref         ] GC(276) Skipped phase 4 of Reference Processing: no references
[6706.268s][debug][gc,phases      ] GC(276) Reference Processing 0.021ms
[6706.269s][debug][gc,phases      ] GC(276)   VM Weak                        Min:  0.0, Avg:  0.0, Max:  0.0, Diff:  0.0, Sum:  0.0, Workers: 4
[6706.269s][debug][gc,phases      ] GC(276)     Dead                           Min: 0, Avg:  0.0, Max: 0, Diff: 0, Sum: 0, Workers: 4
[6706.269s][debug][gc,phases      ] GC(276)     Total                          Min: 0, Avg: 148.0, Max: 592, Diff: 592, Sum: 592, Workers: 4
[6706.269s][debug][gc,phases      ] GC(276)   ObjectSynchronizer Weak        Min:  0.0, Avg:  0.0, Max:  0.0, Diff:  0.0, Sum:  0.0, Workers: 4
[6706.269s][debug][gc,phases      ] GC(276)     Dead                           Min: 0, Avg:  0.0, Max: 0, Diff: 0, Sum: 0, Workers: 4
[6706.269s][debug][gc,phases      ] GC(276)     Total                          Min: 0, Avg: 13.5, Max: 54, Diff: 54, Sum: 54, Workers: 4
[6706.269s][debug][gc,phases      ] GC(276)   JVMTI Tag Weak OopStorage      Min:  0.0, Avg:  0.0, Max:  0.0, Diff:  0.0, Sum:  0.0, Workers: 4
[6706.269s][debug][gc,phases      ] GC(276)     Dead                           Min: 0, Avg:  0.0, Max: 0, Diff: 0, Sum: 0, Workers: 4
[6706.269s][debug][gc,phases      ] GC(276)     Total                          Min: 0, Avg:  0.0, Max: 0, Diff: 0, Sum: 0, Workers: 4
[6706.269s][debug][gc,phases      ] GC(276)   StringTable Weak               Min:  0.0, Avg:  0.1, Max:  0.1, Diff:  0.1, Sum:  0.4, Workers: 4
[6706.269s][debug][gc,phases      ] GC(276)     Dead                           Min: 0, Avg:  0.0, Max: 0, Diff: 0, Sum: 0, Workers: 4
[6706.269s][debug][gc,phases      ] GC(276)     Total                          Min: 0, Avg: 10880.5, Max: 14720, Diff: 14720, Sum: 43522, Workers: 4
[6706.269s][debug][gc,phases      ] GC(276)   ResolvedMethodTable Weak       Min:  0.0, Avg:  0.0, Max:  0.0, Diff:  0.0, Sum:  0.1, Workers: 4
[6706.269s][debug][gc,phases      ] GC(276)     Dead                           Min: 0, Avg:  0.0, Max: 0, Diff: 0, Sum: 0, Workers: 4
[6706.269s][debug][gc,phases      ] GC(276)     Total                          Min: 0, Avg: 2219.8, Max: 3001, Diff: 3001, Sum: 8879, Workers: 4
[6706.269s][debug][gc,phases      ] GC(276)   JNI Weak                       Min:  0.0, Avg:  0.0, Max:  0.0, Diff:  0.0, Sum:  0.0, Workers: 4
[6706.269s][debug][gc,phases      ] GC(276)     Dead                           Min: 0, Avg:  0.0, Max: 0, Diff: 0, Sum: 0, Workers: 4
[6706.269s][debug][gc,phases      ] GC(276)     Total                          Min: 0, Avg: 11.2, Max: 45, Diff: 45, Sum: 45, Workers: 4
[6706.269s][debug][gc,phases      ] GC(276)   StringDedup Table Weak         Min:  0.0, Avg:  0.0, Max:  0.0, Diff:  0.0, Sum:  0.0, Workers: 4
[6706.269s][debug][gc,phases      ] GC(276)     Dead                           Min: 0, Avg:  0.0, Max: 0, Diff: 0, Sum: 0, Workers: 4
[6706.269s][debug][gc,phases      ] GC(276)     Total                          Min: 0, Avg:  0.0, Max: 0, Diff: 0, Sum: 0, Workers: 4
[6706.269s][debug][gc,phases      ] GC(276)   StringDedup Requests0 Weak     Min:  0.0, Avg:  0.0, Max:  0.0, Diff:  0.0, Sum:  0.0, Workers: 4
[6706.269s][debug][gc,phases      ] GC(276)     Dead                           Min: 0, Avg:  0.0, Max: 0, Diff: 0, Sum: 0, Workers: 4
[6706.269s][debug][gc,phases      ] GC(276)     Total                          Min: 0, Avg:  0.0, Max: 0, Diff: 0, Sum: 0, Workers: 4
[6706.269s][debug][gc,phases      ] GC(276)   StringDedup Requests1 Weak     Min:  0.0, Avg:  0.0, Max:  0.0, Diff:  0.0, Sum:  0.0, Workers: 4
[6706.269s][debug][gc,phases      ] GC(276)     Dead                           Min: 0, Avg:  0.0, Max: 0, Diff: 0, Sum: 0, Workers: 4
[6706.269s][debug][gc,phases      ] GC(276)     Total                          Min: 0, Avg:  0.0, Max: 0, Diff: 0, Sum: 0, Workers: 4
[6706.269s][debug][gc,phases      ] GC(276)   Weak JFR Old Object Samples    Min:  0.0, Avg:  0.0, Max:  0.0, Diff:  0.0, Sum:  0.0, Workers: 4
[6706.269s][debug][gc,phases      ] GC(276)     Dead                           Min: 0, Avg:  0.0, Max: 0, Diff: 0, Sum: 0, Workers: 4
[6706.269s][debug][gc,phases      ] GC(276)     Total                          Min: 0, Avg:  0.0, Max: 0, Diff: 0, Sum: 0, Workers: 4
[6706.269s][debug][gc,phases      ] GC(276) Weak Processing 0.307ms
[6706.269s][debug][gc,age         ] GC(276) Desired survivor size 1572864 bytes, new threshold 15 (max threshold 15)
[6706.269s][info ][gc,heap        ] GC(276) PSYoungGen: 2094688K(2095616K)->640K(2095616K) Eden: 2094080K(2094080K)->0K(2094080K) From: 608K(1536K)->640K(1536K)
[6706.269s][info ][gc,heap        ] GC(276) ParOldGen: 252137K(422400K)->252145K(422400K)
[6706.269s][info ][gc,metaspace   ] GC(276) Metaspace: 80090K(81024K)->80090K(81024K) NonClass: 68728K(69184K)->68728K(69184K) Class: 11361K(11840K)->11361K(11840K)
[6706.269s][info ][gc             ] GC(276) Pause Young (Allocation Failure) 2291M->246M(2459M) 1.727ms
[6706.269s][info ][gc,cpu         ] GC(276) User=0.00s Sys=0.00s Real=0.00s
[6706.269s][info ][safepoint      ] Safepoint "ParallelGCFailedAllocation", Time since last: 46097549524 ns, Reaching safepoint: 36900 ns, At safepoint: 1801799 ns, Total: 1838699 ns
[6752.219s][info ][gc,start       ] GC(277) Pause Young (Allocation Failure)
[6752.220s][debug][gc,phases      ] GC(277) Scavenge 1.392ms
[6752.220s][debug][gc,ref         ] GC(277) Skipped phase 1 of Reference Processing: no references
[6752.220s][debug][gc,ref         ] GC(277) Skipped phase 2 of Reference Processing: no references
[6752.220s][debug][gc,ref         ] GC(277) Skipped phase 3 of Reference Processing: no references
[6752.220s][debug][gc,ref         ] GC(277) Skipped phase 4 of Reference Processing: no references
[6752.220s][debug][gc,phases      ] GC(277) Reference Processing 0.031ms
[6752.221s][debug][gc,phases      ] GC(277)   VM Weak                        Min:  0.0, Avg:  0.0, Max:  0.0, Diff:  0.0, Sum:  0.0, Workers: 4
[6752.221s][debug][gc,phases      ] GC(277)     Dead                           Min: 0, Avg:  0.0, Max: 0, Diff: 0, Sum: 0, Workers: 4
[6752.221s][debug][gc,phases      ] GC(277)     Total                          Min: 0, Avg: 148.0, Max: 592, Diff: 592, Sum: 592, Workers: 4
[6752.221s][debug][gc,phases      ] GC(277)   ObjectSynchronizer Weak        Min:  0.0, Avg:  0.0, Max:  0.0, Diff:  0.0, Sum:  0.0, Workers: 4
[6752.221s][debug][gc,phases      ] GC(277)     Dead                           Min: 0, Avg:  0.0, Max: 0, Diff: 0, Sum: 0, Workers: 4
[6752.221s][debug][gc,phases      ] GC(277)     Total                          Min: 0, Avg: 13.5, Max: 54, Diff: 54, Sum: 54, Workers: 4
[6752.221s][debug][gc,phases      ] GC(277)   JVMTI Tag Weak OopStorage      Min:  0.0, Avg:  0.0, Max:  0.0, Diff:  0.0, Sum:  0.0, Workers: 4
[6752.221s][debug][gc,phases      ] GC(277)     Dead                           Min: 0, Avg:  0.0, Max: 0, Diff: 0, Sum: 0, Workers: 4
[6752.221s][debug][gc,phases      ] GC(277)     Total                          Min: 0, Avg:  0.0, Max: 0, Diff: 0, Sum: 0, Workers: 4
[6752.221s][debug][gc,phases      ] GC(277)   StringTable Weak               Min:  0.0, Avg:  0.1, Max:  0.1, Diff:  0.1, Sum:  0.3, Workers: 4
[6752.221s][debug][gc,phases      ] GC(277)     Dead                           Min: 0, Avg:  0.0, Max: 0, Diff: 0, Sum: 0, Workers: 4
[6752.221s][debug][gc,phases      ] GC(277)     Total                          Min: 0, Avg: 10880.5, Max: 26816, Diff: 26816, Sum: 43522, Workers: 4
[6752.221s][debug][gc,phases      ] GC(277)   ResolvedMethodTable Weak       Min:  0.0, Avg:  0.0, Max:  0.0, Diff:  0.0, Sum:  0.1, Workers: 4
[6752.221s][debug][gc,phases      ] GC(277)     Dead                           Min: 0, Avg:  0.0, Max: 0, Diff: 0, Sum: 0, Workers: 4
[6752.221s][debug][gc,phases      ] GC(277)     Total                          Min: 0, Avg: 2219.8, Max: 4983, Diff: 4983, Sum: 8879, Workers: 4
[6752.221s][debug][gc,phases      ] GC(277)   JNI Weak                       Min:  0.0, Avg:  0.0, Max:  0.0, Diff:  0.0, Sum:  0.0, Workers: 4
[6752.221s][debug][gc,phases      ] GC(277)     Dead                           Min: 0, Avg:  0.0, Max: 0, Diff: 0, Sum: 0, Workers: 4
[6752.221s][debug][gc,phases      ] GC(277)     Total                          Min: 0, Avg: 11.2, Max: 45, Diff: 45, Sum: 45, Workers: 4
[6752.221s][debug][gc,phases      ] GC(277)   StringDedup Table Weak         Min:  0.0, Avg:  0.0, Max:  0.0, Diff:  0.0, Sum:  0.0, Workers: 4
[6752.221s][debug][gc,phases      ] GC(277)     Dead                           Min: 0, Avg:  0.0, Max: 0, Diff: 0, Sum: 0, Workers: 4
[6752.221s][debug][gc,phases      ] GC(277)     Total                          Min: 0, Avg:  0.0, Max: 0, Diff: 0, Sum: 0, Workers: 4
[6752.221s][debug][gc,phases      ] GC(277)   StringDedup Requests0 Weak     Min:  0.0, Avg:  0.0, Max:  0.0, Diff:  0.0, Sum:  0.0, Workers: 4
[6752.221s][debug][gc,phases      ] GC(277)     Dead                           Min: 0, Avg:  0.0, Max: 0, Diff: 0, Sum: 0, Workers: 4
[6752.221s][debug][gc,phases      ] GC(277)     Total                          Min: 0, Avg:  0.0, Max: 0, Diff: 0, Sum: 0, Workers: 4
[6752.221s][debug][gc,phases      ] GC(277)   StringDedup Requests1 Weak     Min:  0.0, Avg:  0.0, Max:  0.0, Diff:  0.0, Sum:  0.0, Workers: 4
[6752.221s][debug][gc,phases      ] GC(277)     Dead                           Min: 0, Avg:  0.0, Max: 0, Diff: 0, Sum: 0, Workers: 4
[6752.221s][debug][gc,phases      ] GC(277)     Total                          Min: 0, Avg:  0.0, Max: 0, Diff: 0, Sum: 0, Workers: 4
[6752.221s][debug][gc,phases      ] GC(277)   Weak JFR Old Object Samples    Min:  0.0, Avg:  0.0, Max:  0.0, Diff:  0.0, Sum:  0.0, Workers: 4
[6752.221s][debug][gc,phases      ] GC(277)     Dead                           Min: 0, Avg:  0.0, Max: 0, Diff: 0, Sum: 0, Workers: 4
[6752.221s][debug][gc,phases      ] GC(277)     Total                          Min: 0, Avg:  0.0, Max: 0, Diff: 0, Sum: 0, Workers: 4
[6752.221s][debug][gc,phases      ] GC(277) Weak Processing 0.369ms
[6752.221s][debug][gc,age         ] GC(277) Desired survivor size 1572864 bytes, new threshold 15 (max threshold 15)
[6752.221s][info ][gc,heap        ] GC(277) PSYoungGen: 2094720K(2095616K)->608K(2095616K) Eden: 2094080K(2094080K)->0K(2094080K) From: 640K(1536K)->608K(1536K)
[6752.221s][info ][gc,heap        ] GC(277) ParOldGen: 252145K(422400K)->252153K(422400K)
[6752.221s][info ][gc,metaspace   ] GC(277) Metaspace: 80090K(81024K)->80090K(81024K) NonClass: 68728K(69184K)->68728K(69184K) Class: 11361K(11840K)->11361K(11840K)
[6752.221s][info ][gc             ] GC(277) Pause Young (Allocation Failure) 2291M->246M(2459M) 1.873ms
[6752.221s][info ][gc,cpu         ] GC(277) User=0.00s Sys=0.00s Real=0.00s
[6752.221s][info ][safepoint      ] Safepoint "ParallelGCFailedAllocation", Time since last: 45949955153 ns, Reaching safepoint: 26700 ns, At safepoint: 1953299 ns, Total: 1979999 ns
[6798.319s][info ][gc,start       ] GC(278) Pause Young (Allocation Failure)
[6798.320s][debug][gc,phases      ] GC(278) Scavenge 0.916ms
[6798.320s][debug][gc,ref         ] GC(278) Skipped phase 1 of Reference Processing: no references
[6798.320s][debug][gc,ref         ] GC(278) Skipped phase 2 of Reference Processing: no references
[6798.320s][debug][gc,ref         ] GC(278) Skipped phase 3 of Reference Processing: no references
[6798.320s][debug][gc,ref         ] GC(278) Skipped phase 4 of Reference Processing: no references
[6798.320s][debug][gc,phases      ] GC(278) Reference Processing 0.020ms
[6798.320s][debug][gc,phases      ] GC(278)   VM Weak                        Min:  0.0, Avg:  0.0, Max:  0.0, Diff:  0.0, Sum:  0.0, Workers: 4
[6798.320s][debug][gc,phases      ] GC(278)     Dead                           Min: 0, Avg:  0.0, Max: 0, Diff: 0, Sum: 0, Workers: 4
[6798.320s][debug][gc,phases      ] GC(278)     Total                          Min: 0, Avg: 148.0, Max: 529, Diff: 529, Sum: 592, Workers: 4
[6798.320s][debug][gc,phases      ] GC(278)   ObjectSynchronizer Weak        Min:  0.0, Avg:  0.0, Max:  0.0, Diff:  0.0, Sum:  0.0, Workers: 4
[6798.320s][debug][gc,phases      ] GC(278)     Dead                           Min: 0, Avg:  0.0, Max: 0, Diff: 0, Sum: 0, Workers: 4
[6798.320s][debug][gc,phases      ] GC(278)     Total                          Min: 0, Avg: 13.5, Max: 54, Diff: 54, Sum: 54, Workers: 4
[6798.320s][debug][gc,phases      ] GC(278)   JVMTI Tag Weak OopStorage      Min:  0.0, Avg:  0.0, Max:  0.0, Diff:  0.0, Sum:  0.0, Workers: 4
[6798.320s][debug][gc,phases      ] GC(278)     Dead                           Min: 0, Avg:  0.0, Max: 0, Diff: 0, Sum: 0, Workers: 4
[6798.320s][debug][gc,phases      ] GC(278)     Total                          Min: 0, Avg:  0.0, Max: 0, Diff: 0, Sum: 0, Workers: 4
[6798.320s][debug][gc,phases      ] GC(278)   StringTable Weak               Min:  0.1, Avg:  0.1, Max:  0.1, Diff:  0.0, Sum:  0.4, Workers: 4
[6798.320s][debug][gc,phases      ] GC(278)     Dead                           Min: 0, Avg:  0.0, Max: 0, Diff: 0, Sum: 0, Workers: 4
[6798.320s][debug][gc,phases      ] GC(278)     Total                          Min: 10560, Avg: 10880.5, Max: 11136, Diff: 576, Sum: 43522, Workers: 4
[6798.320s][debug][gc,phases      ] GC(278)   ResolvedMethodTable Weak       Min:  0.0, Avg:  0.0, Max:  0.0, Diff:  0.0, Sum:  0.1, Workers: 4
[6798.320s][debug][gc,phases      ] GC(278)     Dead                           Min: 0, Avg:  0.0, Max: 0, Diff: 0, Sum: 0, Workers: 4
[6798.320s][debug][gc,phases      ] GC(278)     Total                          Min: 2173, Avg: 2219.8, Max: 2298, Diff: 125, Sum: 8879, Workers: 4
[6798.320s][debug][gc,phases      ] GC(278)   JNI Weak                       Min:  0.0, Avg:  0.0, Max:  0.0, Diff:  0.0, Sum:  0.0, Workers: 4
[6798.320s][debug][gc,phases      ] GC(278)     Dead                           Min: 0, Avg:  0.0, Max: 0, Diff: 0, Sum: 0, Workers: 4
[6798.320s][debug][gc,phases      ] GC(278)     Total                          Min: 0, Avg: 11.2, Max: 45, Diff: 45, Sum: 45, Workers: 4
[6798.320s][debug][gc,phases      ] GC(278)   StringDedup Table Weak         Min:  0.0, Avg:  0.0, Max:  0.0, Diff:  0.0, Sum:  0.0, Workers: 4
[6798.320s][debug][gc,phases      ] GC(278)     Dead                           Min: 0, Avg:  0.0, Max: 0, Diff: 0, Sum: 0, Workers: 4
[6798.320s][debug][gc,phases      ] GC(278)     Total                          Min: 0, Avg:  0.0, Max: 0, Diff: 0, Sum: 0, Workers: 4
[6798.320s][debug][gc,phases      ] GC(278)   StringDedup Requests0 Weak     Min:  0.0, Avg:  0.0, Max:  0.0, Diff:  0.0, Sum:  0.0, Workers: 4
[6798.320s][debug][gc,phases      ] GC(278)     Dead                           Min: 0, Avg:  0.0, Max: 0, Diff: 0, Sum: 0, Workers: 4
[6798.320s][debug][gc,phases      ] GC(278)     Total                          Min: 0, Avg:  0.0, Max: 0, Diff: 0, Sum: 0, Workers: 4
[6798.320s][debug][gc,phases      ] GC(278)   StringDedup Requests1 Weak     Min:  0.0, Avg:  0.0, Max:  0.0, Diff:  0.0, Sum:  0.0, Workers: 4
[6798.320s][debug][gc,phases      ] GC(278)     Dead                           Min: 0, Avg:  0.0, Max: 0, Diff: 0, Sum: 0, Workers: 4
[6798.320s][debug][gc,phases      ] GC(278)     Total                          Min: 0, Avg:  0.0, Max: 0, Diff: 0, Sum: 0, Workers: 4
[6798.320s][debug][gc,phases      ] GC(278)   Weak JFR Old Object Samples    Min:  0.0, Avg:  0.0, Max:  0.0, Diff:  0.0, Sum:  0.0, Workers: 4
[6798.320s][debug][gc,phases      ] GC(278)     Dead                           Min: 0, Avg:  0.0, Max: 0, Diff: 0, Sum: 0, Workers: 4
[6798.320s][debug][gc,phases      ] GC(278)     Total                          Min: 0, Avg:  0.0, Max: 0, Diff: 0, Sum: 0, Workers: 4
[6798.320s][debug][gc,phases      ] GC(278) Weak Processing 0.279ms
[6798.320s][debug][gc,age         ] GC(278) Desired survivor size 1572864 bytes, new threshold 15 (max threshold 15)
[6798.320s][info ][gc,heap        ] GC(278) PSYoungGen: 2094688K(2095616K)->608K(2095616K) Eden: 2094080K(2094080K)->0K(2094080K) From: 608K(1536K)->608K(1536K)
[6798.320s][info ][gc,heap        ] GC(278) ParOldGen: 252153K(422400K)->252161K(422400K)
[6798.320s][info ][gc,metaspace   ] GC(278) Metaspace: 80090K(81024K)->80090K(81024K) NonClass: 68728K(69184K)->68728K(69184K) Class: 11361K(11840K)->11361K(11840K)
[6798.320s][info ][gc             ] GC(278) Pause Young (Allocation Failure) 2291M->246M(2459M) 1.291ms
[6798.320s][info ][gc,cpu         ] GC(278) User=0.00s Sys=0.00s Real=0.00s
[6798.320s][info ][safepoint      ] Safepoint "ParallelGCFailedAllocation", Time since last: 46098024710 ns, Reaching safepoint: 107900 ns, At safepoint: 1363199 ns, Total: 1471099 ns
[6843.518s][info ][gc,start       ] GC(279) Pause Young (Allocation Failure)
[6843.520s][debug][gc,phases      ] GC(279) Scavenge 1.847ms
[6843.520s][debug][gc,ref         ] GC(279) Skipped phase 1 of Reference Processing: no references
[6843.520s][debug][gc,ref         ] GC(279) Skipped phase 2 of Reference Processing: no references
[6843.520s][debug][gc,ref         ] GC(279) Skipped phase 3 of Reference Processing: no references
[6843.520s][debug][gc,ref         ] GC(279) Skipped phase 4 of Reference Processing: no references
[6843.520s][debug][gc,phases      ] GC(279) Reference Processing 0.034ms
[6843.520s][debug][gc,phases      ] GC(279)   VM Weak                        Min:  0.0, Avg:  0.0, Max:  0.0, Diff:  0.0, Sum:  0.0, Workers: 4
[6843.520s][debug][gc,phases      ] GC(279)     Dead                           Min: 0, Avg:  0.0, Max: 0, Diff: 0, Sum: 0, Workers: 4
[6843.520s][debug][gc,phases      ] GC(279)     Total                          Min: 0, Avg: 148.0, Max: 306, Diff: 306, Sum: 592, Workers: 4
[6843.520s][debug][gc,phases      ] GC(279)   ObjectSynchronizer Weak        Min:  0.0, Avg:  0.0, Max:  0.0, Diff:  0.0, Sum:  0.0, Workers: 4
[6843.520s][debug][gc,phases      ] GC(279)     Dead                           Min: 0, Avg:  0.0, Max: 0, Diff: 0, Sum: 0, Workers: 4
[6843.520s][debug][gc,phases      ] GC(279)     Total                          Min: 0, Avg: 13.5, Max: 54, Diff: 54, Sum: 54, Workers: 4
[6843.520s][debug][gc,phases      ] GC(279)   JVMTI Tag Weak OopStorage      Min:  0.0, Avg:  0.0, Max:  0.0, Diff:  0.0, Sum:  0.0, Workers: 4
[6843.520s][debug][gc,phases      ] GC(279)     Dead                           Min: 0, Avg:  0.0, Max: 0, Diff: 0, Sum: 0, Workers: 4
[6843.520s][debug][gc,phases      ] GC(279)     Total                          Min: 0, Avg:  0.0, Max: 0, Diff: 0, Sum: 0, Workers: 4
[6843.520s][debug][gc,phases      ] GC(279)   StringTable Weak               Min:  0.0, Avg:  0.1, Max:  0.1, Diff:  0.1, Sum:  0.4, Workers: 4
[6843.520s][debug][gc,phases      ] GC(279)     Dead                           Min: 0, Avg:  0.0, Max: 0, Diff: 0, Sum: 0, Workers: 4
[6843.520s][debug][gc,phases      ] GC(279)     Total                          Min: 0, Avg: 10880.5, Max: 14912, Diff: 14912, Sum: 43522, Workers: 4
[6843.520s][debug][gc,phases      ] GC(279)   ResolvedMethodTable Weak       Min:  0.0, Avg:  0.0, Max:  0.0, Diff:  0.0, Sum:  0.1, Workers: 4
[6843.520s][debug][gc,phases      ] GC(279)     Dead                           Min: 0, Avg:  0.0, Max: 0, Diff: 0, Sum: 0, Workers: 4
[6843.520s][debug][gc,phases      ] GC(279)     Total                          Min: 0, Avg: 2219.8, Max: 3065, Diff: 3065, Sum: 8879, Workers: 4
[6843.520s][debug][gc,phases      ] GC(279)   JNI Weak                       Min:  0.0, Avg:  0.0, Max:  0.0, Diff:  0.0, Sum:  0.0, Workers: 4
[6843.520s][debug][gc,phases      ] GC(279)     Dead                           Min: 0, Avg:  0.0, Max: 0, Diff: 0, Sum: 0, Workers: 4
[6843.520s][debug][gc,phases      ] GC(279)     Total                          Min: 0, Avg: 11.2, Max: 45, Diff: 45, Sum: 45, Workers: 4
[6843.520s][debug][gc,phases      ] GC(279)   StringDedup Table Weak         Min:  0.0, Avg:  0.0, Max:  0.0, Diff:  0.0, Sum:  0.0, Workers: 4
[6843.520s][debug][gc,phases      ] GC(279)     Dead                           Min: 0, Avg:  0.0, Max: 0, Diff: 0, Sum: 0, Workers: 4
[6843.520s][debug][gc,phases      ] GC(279)     Total                          Min: 0, Avg:  0.0, Max: 0, Diff: 0, Sum: 0, Workers: 4
[6843.520s][debug][gc,phases      ] GC(279)   StringDedup Requests0 Weak     Min:  0.0, Avg:  0.0, Max:  0.0, Diff:  0.0, Sum:  0.0, Workers: 4
[6843.520s][debug][gc,phases      ] GC(279)     Dead                           Min: 0, Avg:  0.0, Max: 0, Diff: 0, Sum: 0, Workers: 4
[6843.520s][debug][gc,phases      ] GC(279)     Total                          Min: 0, Avg:  0.0, Max: 0, Diff: 0, Sum: 0, Workers: 4
[6843.520s][debug][gc,phases      ] GC(279)   StringDedup Requests1 Weak     Min:  0.0, Avg:  0.0, Max:  0.0, Diff:  0.0, Sum:  0.0, Workers: 4
[6843.520s][debug][gc,phases      ] GC(279)     Dead                           Min: 0, Avg:  0.0, Max: 0, Diff: 0, Sum: 0, Workers: 4
[6843.520s][debug][gc,phases      ] GC(279)     Total                          Min: 0, Avg:  0.0, Max: 0, Diff: 0, Sum: 0, Workers: 4
[6843.520s][debug][gc,phases      ] GC(279)   Weak JFR Old Object Samples    Min:  0.0, Avg:  0.0, Max:  0.0, Diff:  0.0, Sum:  0.0, Workers: 4
[6843.520s][debug][gc,phases      ] GC(279)     Dead                           Min: 0, Avg:  0.0, Max: 0, Diff: 0, Sum: 0, Workers: 4
[6843.520s][debug][gc,phases      ] GC(279)     Total                          Min: 0, Avg:  0.0, Max: 0, Diff: 0, Sum: 0, Workers: 4
[6843.520s][debug][gc,phases      ] GC(279) Weak Processing 0.328ms
[6843.520s][debug][gc,age         ] GC(279) Desired survivor size 1572864 bytes, new threshold 15 (max threshold 15)
[6843.520s][info ][gc,heap        ] GC(279) PSYoungGen: 2094688K(2095616K)->608K(2095616K) Eden: 2094080K(2094080K)->0K(2094080K) From: 608K(1536K)->608K(1536K)
[6843.520s][info ][gc,heap        ] GC(279) ParOldGen: 252161K(422400K)->252169K(422400K)
[6843.520s][info ][gc,metaspace   ] GC(279) Metaspace: 80090K(81024K)->80090K(81024K) NonClass: 68728K(69184K)->68728K(69184K) Class: 11361K(11840K)->11361K(11840K)
[6843.520s][info ][gc             ] GC(279) Pause Young (Allocation Failure) 2291M->246M(2459M) 2.306ms
[6843.520s][info ][gc,cpu         ] GC(279) User=0.00s Sys=0.00s Real=0.01s
[6843.520s][info ][safepoint      ] Safepoint "ParallelGCFailedAllocation", Time since last: 45197232803 ns, Reaching safepoint: 97500 ns, At safepoint: 2390199 ns, Total: 2487699 ns
[6889.319s][info ][gc,start       ] GC(280) Pause Young (Allocation Failure)
[6889.320s][debug][gc,phases      ] GC(280) Scavenge 1.036ms
[6889.320s][debug][gc,ref         ] GC(280) Skipped phase 1 of Reference Processing: no references
[6889.320s][debug][gc,ref         ] GC(280) Skipped phase 2 of Reference Processing: no references
[6889.320s][debug][gc,ref         ] GC(280) Skipped phase 3 of Reference Processing: no references
[6889.320s][debug][gc,ref         ] GC(280) Skipped phase 4 of Reference Processing: no references
[6889.320s][debug][gc,phases      ] GC(280) Reference Processing 0.034ms
[6889.320s][debug][gc,phases      ] GC(280)   VM Weak                        Min:  0.0, Avg:  0.0, Max:  0.0, Diff:  0.0, Sum:  0.0, Workers: 4
[6889.320s][debug][gc,phases      ] GC(280)     Dead                           Min: 0, Avg:  0.0, Max: 0, Diff: 0, Sum: 0, Workers: 4
[6889.320s][debug][gc,phases      ] GC(280)     Total                          Min: 0, Avg: 148.0, Max: 505, Diff: 505, Sum: 592, Workers: 4
[6889.320s][debug][gc,phases      ] GC(280)   ObjectSynchronizer Weak        Min:  0.0, Avg:  0.0, Max:  0.0, Diff:  0.0, Sum:  0.0, Workers: 4
[6889.320s][debug][gc,phases      ] GC(280)     Dead                           Min: 0, Avg:  0.0, Max: 0, Diff: 0, Sum: 0, Workers: 4
[6889.320s][debug][gc,phases      ] GC(280)     Total                          Min: 0, Avg: 13.5, Max: 54, Diff: 54, Sum: 54, Workers: 4
[6889.320s][debug][gc,phases      ] GC(280)   JVMTI Tag Weak OopStorage      Min:  0.0, Avg:  0.0, Max:  0.0, Diff:  0.0, Sum:  0.0, Workers: 4
[6889.320s][debug][gc,phases      ] GC(280)     Dead                           Min: 0, Avg:  0.0, Max: 0, Diff: 0, Sum: 0, Workers: 4
[6889.320s][debug][gc,phases      ] GC(280)     Total                          Min: 0, Avg:  0.0, Max: 0, Diff: 0, Sum: 0, Workers: 4
[6889.320s][debug][gc,phases      ] GC(280)   StringTable Weak               Min:  0.0, Avg:  0.1, Max:  0.2, Diff:  0.2, Sum:  0.4, Workers: 4
[6889.320s][debug][gc,phases      ] GC(280)     Dead                           Min: 0, Avg:  0.0, Max: 0, Diff: 0, Sum: 0, Workers: 4
[6889.320s][debug][gc,phases      ] GC(280)     Total                          Min: 0, Avg: 10880.5, Max: 21824, Diff: 21824, Sum: 43522, Workers: 4
[6889.320s][debug][gc,phases      ] GC(280)   ResolvedMethodTable Weak       Min:  0.0, Avg:  0.0, Max:  0.0, Diff:  0.0, Sum:  0.1, Workers: 4
[6889.320s][debug][gc,phases      ] GC(280)     Dead                           Min: 0, Avg:  0.0, Max: 0, Diff: 0, Sum: 0, Workers: 4
[6889.320s][debug][gc,phases      ] GC(280)     Total                          Min: 0, Avg: 2219.8, Max: 4535, Diff: 4535, Sum: 8879, Workers: 4
[6889.320s][debug][gc,phases      ] GC(280)   JNI Weak                       Min:  0.0, Avg:  0.0, Max:  0.0, Diff:  0.0, Sum:  0.0, Workers: 4
[6889.320s][debug][gc,phases      ] GC(280)     Dead                           Min: 0, Avg:  0.0, Max: 0, Diff: 0, Sum: 0, Workers: 4
[6889.320s][debug][gc,phases      ] GC(280)     Total                          Min: 0, Avg: 11.2, Max: 45, Diff: 45, Sum: 45, Workers: 4
[6889.320s][debug][gc,phases      ] GC(280)   StringDedup Table Weak         Min:  0.0, Avg:  0.0, Max:  0.0, Diff:  0.0, Sum:  0.0, Workers: 4
[6889.320s][debug][gc,phases      ] GC(280)     Dead                           Min: 0, Avg:  0.0, Max: 0, Diff: 0, Sum: 0, Workers: 4
[6889.320s][debug][gc,phases      ] GC(280)     Total                          Min: 0, Avg:  0.0, Max: 0, Diff: 0, Sum: 0, Workers: 4
[6889.320s][debug][gc,phases      ] GC(280)   StringDedup Requests0 Weak     Min:  0.0, Avg:  0.0, Max:  0.0, Diff:  0.0, Sum:  0.0, Workers: 4
[6889.320s][debug][gc,phases      ] GC(280)     Dead                           Min: 0, Avg:  0.0, Max: 0, Diff: 0, Sum: 0, Workers: 4
[6889.320s][debug][gc,phases      ] GC(280)     Total                          Min: 0, Avg:  0.0, Max: 0, Diff: 0, Sum: 0, Workers: 4
[6889.320s][debug][gc,phases      ] GC(280)   StringDedup Requests1 Weak     Min:  0.0, Avg:  0.0, Max:  0.0, Diff:  0.0, Sum:  0.0, Workers: 4
[6889.320s][debug][gc,phases      ] GC(280)     Dead                           Min: 0, Avg:  0.0, Max: 0, Diff: 0, Sum: 0, Workers: 4
[6889.320s][debug][gc,phases      ] GC(280)     Total                          Min: 0, Avg:  0.0, Max: 0, Diff: 0, Sum: 0, Workers: 4
[6889.320s][debug][gc,phases      ] GC(280)   Weak JFR Old Object Samples    Min:  0.0, Avg:  0.0, Max:  0.0, Diff:  0.0, Sum:  0.0, Workers: 4
[6889.320s][debug][gc,phases      ] GC(280)     Dead                           Min: 0, Avg:  0.0, Max: 0, Diff: 0, Sum: 0, Workers: 4
[6889.320s][debug][gc,phases      ] GC(280)     Total                          Min: 0, Avg:  0.0, Max: 0, Diff: 0, Sum: 0, Workers: 4
[6889.320s][debug][gc,phases      ] GC(280) Weak Processing 0.437ms
[6889.320s][debug][gc,age         ] GC(280) Desired survivor size 1048576 bytes, new threshold 15 (max threshold 15)
[6889.320s][info ][gc,heap        ] GC(280) PSYoungGen: 2094688K(2095616K)->608K(2096128K) Eden: 2094080K(2094080K)->0K(2094592K) From: 608K(1536K)->608K(1536K)
[6889.320s][info ][gc,heap        ] GC(280) ParOldGen: 252169K(422400K)->252177K(422400K)
[6889.320s][info ][gc,metaspace   ] GC(280) Metaspace: 80090K(81024K)->80090K(81024K) NonClass: 68728K(69184K)->68728K(69184K) Class: 11361K(11840K)->11361K(11840K)
[6889.320s][info ][gc             ] GC(280) Pause Young (Allocation Failure) 2291M->246M(2459M) 1.599ms
[6889.320s][info ][gc,cpu         ] GC(280) User=0.01s Sys=0.00s Real=0.00s
[6889.320s][info ][safepoint      ] Safepoint "ParallelGCFailedAllocation", Time since last: 45798403519 ns, Reaching safepoint: 95400 ns, At safepoint: 1686500 ns, Total: 1781900 ns
[6912.322s][info ][safepoint      ] Safepoint "Cleanup", Time since last: 23001538492 ns, Reaching safepoint: 74300 ns, At safepoint: 7600 ns, Total: 81900 ns
[6934.819s][info ][gc,start       ] GC(281) Pause Young (Allocation Failure)
[6934.820s][debug][gc,phases      ] GC(281) Scavenge 1.175ms
[6934.820s][debug][gc,ref         ] GC(281) Skipped phase 1 of Reference Processing: no references
[6934.820s][debug][gc,ref         ] GC(281) Skipped phase 2 of Reference Processing: no references
[6934.820s][debug][gc,ref         ] GC(281) Skipped phase 3 of Reference Processing: no references
[6934.820s][debug][gc,ref         ] GC(281) Skipped phase 4 of Reference Processing: no references
[6934.820s][debug][gc,phases      ] GC(281) Reference Processing 0.025ms
[6934.820s][debug][gc,phases      ] GC(281)   VM Weak                        Min:  0.0, Avg:  0.0, Max:  0.0, Diff:  0.0, Sum:  0.0, Workers: 4
[6934.820s][debug][gc,phases      ] GC(281)     Dead                           Min: 0, Avg:  0.0, Max: 0, Diff: 0, Sum: 0, Workers: 4
[6934.820s][debug][gc,phases      ] GC(281)     Total                          Min: 0, Avg: 148.0, Max: 274, Diff: 274, Sum: 592, Workers: 4
[6934.820s][debug][gc,phases      ] GC(281)   ObjectSynchronizer Weak        Min:  0.0, Avg:  0.0, Max:  0.0, Diff:  0.0, Sum:  0.0, Workers: 4
[6934.820s][debug][gc,phases      ] GC(281)     Dead                           Min: 0, Avg:  0.0, Max: 0, Diff: 0, Sum: 0, Workers: 4
[6934.820s][debug][gc,phases      ] GC(281)     Total                          Min: 0, Avg: 13.5, Max: 54, Diff: 54, Sum: 54, Workers: 4
[6934.820s][debug][gc,phases      ] GC(281)   JVMTI Tag Weak OopStorage      Min:  0.0, Avg:  0.0, Max:  0.0, Diff:  0.0, Sum:  0.0, Workers: 4
[6934.820s][debug][gc,phases      ] GC(281)     Dead                           Min: 0, Avg:  0.0, Max: 0, Diff: 0, Sum: 0, Workers: 4
[6934.820s][debug][gc,phases      ] GC(281)     Total                          Min: 0, Avg:  0.0, Max: 0, Diff: 0, Sum: 0, Workers: 4
[6934.820s][debug][gc,phases      ] GC(281)   StringTable Weak               Min:  0.0, Avg:  0.1, Max:  0.1, Diff:  0.1, Sum:  0.4, Workers: 4
[6934.820s][debug][gc,phases      ] GC(281)     Dead                           Min: 0, Avg:  0.0, Max: 0, Diff: 0, Sum: 0, Workers: 4
[6934.820s][debug][gc,phases      ] GC(281)     Total                          Min: 0, Avg: 10880.5, Max: 14720, Diff: 14720, Sum: 43522, Workers: 4
[6934.820s][debug][gc,phases      ] GC(281)   ResolvedMethodTable Weak       Min:  0.0, Avg:  0.0, Max:  0.0, Diff:  0.0, Sum:  0.1, Workers: 4
[6934.820s][debug][gc,phases      ] GC(281)     Dead                           Min: 0, Avg:  0.0, Max: 0, Diff: 0, Sum: 0, Workers: 4
[6934.820s][debug][gc,phases      ] GC(281)     Total                          Min: 0, Avg: 2219.8, Max: 3007, Diff: 3007, Sum: 8879, Workers: 4
[6934.820s][debug][gc,phases      ] GC(281)   JNI Weak                       Min:  0.0, Avg:  0.0, Max:  0.0, Diff:  0.0, Sum:  0.0, Workers: 4
[6934.820s][debug][gc,phases      ] GC(281)     Dead                           Min: 0, Avg:  0.0, Max: 0, Diff: 0, Sum: 0, Workers: 4
[6934.820s][debug][gc,phases      ] GC(281)     Total                          Min: 0, Avg: 11.2, Max: 45, Diff: 45, Sum: 45, Workers: 4
[6934.820s][debug][gc,phases      ] GC(281)   StringDedup Table Weak         Min:  0.0, Avg:  0.0, Max:  0.0, Diff:  0.0, Sum:  0.0, Workers: 4
[6934.820s][debug][gc,phases      ] GC(281)     Dead                           Min: 0, Avg:  0.0, Max: 0, Diff: 0, Sum: 0, Workers: 4
[6934.820s][debug][gc,phases      ] GC(281)     Total                          Min: 0, Avg:  0.0, Max: 0, Diff: 0, Sum: 0, Workers: 4
[6934.820s][debug][gc,phases      ] GC(281)   StringDedup Requests0 Weak     Min:  0.0, Avg:  0.0, Max:  0.0, Diff:  0.0, Sum:  0.0, Workers: 4
[6934.820s][debug][gc,phases      ] GC(281)     Dead                           Min: 0, Avg:  0.0, Max: 0, Diff: 0, Sum: 0, Workers: 4
[6934.820s][debug][gc,phases      ] GC(281)     Total                          Min: 0, Avg:  0.0, Max: 0, Diff: 0, Sum: 0, Workers: 4
[6934.820s][debug][gc,phases      ] GC(281)   StringDedup Requests1 Weak     Min:  0.0, Avg:  0.0, Max:  0.0, Diff:  0.0, Sum:  0.0, Workers: 4
[6934.820s][debug][gc,phases      ] GC(281)     Dead                           Min: 0, Avg:  0.0, Max: 0, Diff: 0, Sum: 0, Workers: 4
[6934.820s][debug][gc,phases      ] GC(281)     Total                          Min: 0, Avg:  0.0, Max: 0, Diff: 0, Sum: 0, Workers: 4
[6934.820s][debug][gc,phases      ] GC(281)   Weak JFR Old Object Samples    Min:  0.0, Avg:  0.0, Max:  0.0, Diff:  0.0, Sum:  0.0, Workers: 4
[6934.820s][debug][gc,phases      ] GC(281)     Dead                           Min: 0, Avg:  0.0, Max: 0, Diff: 0, Sum: 0, Workers: 4
[6934.820s][debug][gc,phases      ] GC(281)     Total                          Min: 0, Avg:  0.0, Max: 0, Diff: 0, Sum: 0, Workers: 4
[6934.820s][debug][gc,phases      ] GC(281) Weak Processing 0.337ms
[6934.820s][debug][gc,age         ] GC(281) Desired survivor size 1048576 bytes, new threshold 15 (max threshold 15)
[6934.820s][info ][gc,heap        ] GC(281) PSYoungGen: 2095200K(2096128K)->608K(2095616K) Eden: 2094592K(2094592K)->0K(2094592K) From: 608K(1536K)->608K(1024K)
[6934.820s][info ][gc,heap        ] GC(281) ParOldGen: 252177K(422400K)->252185K(422400K)
[6934.820s][info ][gc,metaspace   ] GC(281) Metaspace: 80096K(81024K)->80096K(81024K) NonClass: 68734K(69184K)->68734K(69184K) Class: 11361K(11840K)->11361K(11840K)
[6934.820s][info ][gc             ] GC(281) Pause Young (Allocation Failure) 2292M->246M(2459M) 1.620ms
[6934.820s][info ][gc,cpu         ] GC(281) User=0.00s Sys=0.00s Real=0.00s
[6934.820s][info ][safepoint      ] Safepoint "ParallelGCFailedAllocation", Time since last: 22496829881 ns, Reaching safepoint: 100500 ns, At safepoint: 1704400 ns, Total: 1804900 ns
[6980.820s][info ][gc,start       ] GC(282) Pause Young (Allocation Failure)
[6980.821s][debug][gc,phases      ] GC(282) Scavenge 1.175ms
[6980.821s][debug][gc,ref         ] GC(282) Skipped phase 1 of Reference Processing: no references
[6980.821s][debug][gc,ref         ] GC(282) Skipped phase 2 of Reference Processing: no references
[6980.821s][debug][gc,ref         ] GC(282) Skipped phase 3 of Reference Processing: no references
[6980.821s][debug][gc,ref         ] GC(282) Skipped phase 4 of Reference Processing: no references
[6980.821s][debug][gc,phases      ] GC(282) Reference Processing 0.029ms
[6980.821s][debug][gc,phases      ] GC(282)   VM Weak                        Min:  0.0, Avg:  0.0, Max:  0.0, Diff:  0.0, Sum:  0.0, Workers: 4
[6980.821s][debug][gc,phases      ] GC(282)     Dead                           Min: 0, Avg:  0.0, Max: 0, Diff: 0, Sum: 0, Workers: 4
[6980.821s][debug][gc,phases      ] GC(282)     Total                          Min: 0, Avg: 148.0, Max: 396, Diff: 396, Sum: 592, Workers: 4
[6980.821s][debug][gc,phases      ] GC(282)   ObjectSynchronizer Weak        Min:  0.0, Avg:  0.0, Max:  0.0, Diff:  0.0, Sum:  0.0, Workers: 4
[6980.821s][debug][gc,phases      ] GC(282)     Dead                           Min: 0, Avg:  0.0, Max: 0, Diff: 0, Sum: 0, Workers: 4
[6980.821s][debug][gc,phases      ] GC(282)     Total                          Min: 0, Avg: 13.5, Max: 54, Diff: 54, Sum: 54, Workers: 4
[6980.821s][debug][gc,phases      ] GC(282)   JVMTI Tag Weak OopStorage      Min:  0.0, Avg:  0.0, Max:  0.0, Diff:  0.0, Sum:  0.0, Workers: 4
[6980.821s][debug][gc,phases      ] GC(282)     Dead                           Min: 0, Avg:  0.0, Max: 0, Diff: 0, Sum: 0, Workers: 4
[6980.821s][debug][gc,phases      ] GC(282)     Total                          Min: 0, Avg:  0.0, Max: 0, Diff: 0, Sum: 0, Workers: 4
[6980.821s][debug][gc,phases      ] GC(282)   StringTable Weak               Min:  0.0, Avg:  0.1, Max:  0.1, Diff:  0.1, Sum:  0.3, Workers: 4
[6980.821s][debug][gc,phases      ] GC(282)     Dead                           Min: 0, Avg:  0.0, Max: 0, Diff: 0, Sum: 0, Workers: 4
[6980.821s][debug][gc,phases      ] GC(282)     Total                          Min: 0, Avg: 10880.5, Max: 27072, Diff: 27072, Sum: 43522, Workers: 4
[6980.821s][debug][gc,phases      ] GC(282)   ResolvedMethodTable Weak       Min:  0.0, Avg:  0.0, Max:  0.0, Diff:  0.0, Sum:  0.1, Workers: 4
[6980.821s][debug][gc,phases      ] GC(282)     Dead                           Min: 0, Avg:  0.0, Max: 0, Diff: 0, Sum: 0, Workers: 4
[6980.821s][debug][gc,phases      ] GC(282)     Total                          Min: 0, Avg: 2219.8, Max: 5556, Diff: 5556, Sum: 8879, Workers: 4
[6980.821s][debug][gc,phases      ] GC(282)   JNI Weak                       Min:  0.0, Avg:  0.0, Max:  0.0, Diff:  0.0, Sum:  0.0, Workers: 4
[6980.821s][debug][gc,phases      ] GC(282)     Dead                           Min: 0, Avg:  0.0, Max: 0, Diff: 0, Sum: 0, Workers: 4
[6980.821s][debug][gc,phases      ] GC(282)     Total                          Min: 0, Avg: 11.2, Max: 45, Diff: 45, Sum: 45, Workers: 4
[6980.821s][debug][gc,phases      ] GC(282)   StringDedup Table Weak         Min:  0.0, Avg:  0.0, Max:  0.0, Diff:  0.0, Sum:  0.0, Workers: 4
[6980.821s][debug][gc,phases      ] GC(282)     Dead                           Min: 0, Avg:  0.0, Max: 0, Diff: 0, Sum: 0, Workers: 4
[6980.821s][debug][gc,phases      ] GC(282)     Total                          Min: 0, Avg:  0.0, Max: 0, Diff: 0, Sum: 0, Workers: 4
[6980.821s][debug][gc,phases      ] GC(282)   StringDedup Requests0 Weak     Min:  0.0, Avg:  0.0, Max:  0.0, Diff:  0.0, Sum:  0.0, Workers: 4
[6980.821s][debug][gc,phases      ] GC(282)     Dead                           Min: 0, Avg:  0.0, Max: 0, Diff: 0, Sum: 0, Workers: 4
[6980.821s][debug][gc,phases      ] GC(282)     Total                          Min: 0, Avg:  0.0, Max: 0, Diff: 0, Sum: 0, Workers: 4
[6980.821s][debug][gc,phases      ] GC(282)   StringDedup Requests1 Weak     Min:  0.0, Avg:  0.0, Max:  0.0, Diff:  0.0, Sum:  0.0, Workers: 4
[6980.821s][debug][gc,phases      ] GC(282)     Dead                           Min: 0, Avg:  0.0, Max: 0, Diff: 0, Sum: 0, Workers: 4
[6980.821s][debug][gc,phases      ] GC(282)     Total                          Min: 0, Avg:  0.0, Max: 0, Diff: 0, Sum: 0, Workers: 4
[6980.821s][debug][gc,phases      ] GC(282)   Weak JFR Old Object Samples    Min:  0.0, Avg:  0.0, Max:  0.0, Diff:  0.0, Sum:  0.0, Workers: 4
[6980.821s][debug][gc,phases      ] GC(282)     Dead                           Min: 0, Avg:  0.0, Max: 0, Diff: 0, Sum: 0, Workers: 4
[6980.821s][debug][gc,phases      ] GC(282)     Total                          Min: 0, Avg:  0.0, Max: 0, Diff: 0, Sum: 0, Workers: 4
[6980.821s][debug][gc,phases      ] GC(282) Weak Processing 0.334ms
[6980.821s][debug][gc,age         ] GC(282) Desired survivor size 1048576 bytes, new threshold 15 (max threshold 15)
[6980.821s][info ][gc,heap        ] GC(282) PSYoungGen: 2095200K(2095616K)->608K(2096128K) Eden: 2094592K(2094592K)->0K(2095104K) From: 608K(1024K)->608K(1024K)
[6980.821s][info ][gc,heap        ] GC(282) ParOldGen: 252185K(422400K)->252201K(422400K)
[6980.821s][info ][gc,metaspace   ] GC(282) Metaspace: 80096K(81024K)->80096K(81024K) NonClass: 68734K(69184K)->68734K(69184K) Class: 11361K(11840K)->11361K(11840K)
[6980.821s][info ][gc             ] GC(282) Pause Young (Allocation Failure) 2292M->246M(2459M) 1.635ms
[6980.821s][info ][gc,cpu         ] GC(282) User=0.00s Sys=0.00s Real=0.00s
[6980.821s][info ][safepoint      ] Safepoint "ParallelGCFailedAllocation", Time since last: 45998996837 ns, Reaching safepoint: 22900 ns, At safepoint: 1713800 ns, Total: 1736700 ns
[7026.717s][info ][gc,start       ] GC(283) Pause Young (Allocation Failure)
[7026.718s][debug][gc,phases      ] GC(283) Scavenge 1.456ms
[7026.718s][debug][gc,ref         ] GC(283) Skipped phase 1 of Reference Processing: no references
[7026.718s][debug][gc,ref         ] GC(283) Skipped phase 2 of Reference Processing: no references
[7026.718s][debug][gc,ref         ] GC(283) Skipped phase 3 of Reference Processing: no references
[7026.718s][debug][gc,ref         ] GC(283) Skipped phase 4 of Reference Processing: no references
[7026.718s][debug][gc,phases      ] GC(283) Reference Processing 0.021ms
[7026.718s][debug][gc,phases      ] GC(283)   VM Weak                        Min:  0.0, Avg:  0.0, Max:  0.0, Diff:  0.0, Sum:  0.0, Workers: 4
[7026.718s][debug][gc,phases      ] GC(283)     Dead                           Min: 0, Avg:  0.0, Max: 0, Diff: 0, Sum: 0, Workers: 4
[7026.718s][debug][gc,phases      ] GC(283)     Total                          Min: 0, Avg: 148.0, Max: 318, Diff: 318, Sum: 592, Workers: 4
[7026.718s][debug][gc,phases      ] GC(283)   ObjectSynchronizer Weak        Min:  0.0, Avg:  0.0, Max:  0.0, Diff:  0.0, Sum:  0.0, Workers: 4
[7026.718s][debug][gc,phases      ] GC(283)     Dead                           Min: 0, Avg:  0.0, Max: 0, Diff: 0, Sum: 0, Workers: 4
[7026.718s][debug][gc,phases      ] GC(283)     Total                          Min: 0, Avg: 13.5, Max: 54, Diff: 54, Sum: 54, Workers: 4
[7026.718s][debug][gc,phases      ] GC(283)   JVMTI Tag Weak OopStorage      Min:  0.0, Avg:  0.0, Max:  0.0, Diff:  0.0, Sum:  0.0, Workers: 4
[7026.718s][debug][gc,phases      ] GC(283)     Dead                           Min: 0, Avg:  0.0, Max: 0, Diff: 0, Sum: 0, Workers: 4
[7026.718s][debug][gc,phases      ] GC(283)     Total                          Min: 0, Avg:  0.0, Max: 0, Diff: 0, Sum: 0, Workers: 4
[7026.718s][debug][gc,phases      ] GC(283)   StringTable Weak               Min:  0.0, Avg:  0.1, Max:  0.1, Diff:  0.1, Sum:  0.3, Workers: 4
[7026.718s][debug][gc,phases      ] GC(283)     Dead                           Min: 0, Avg:  0.0, Max: 0, Diff: 0, Sum: 0, Workers: 4
[7026.718s][debug][gc,phases      ] GC(283)     Total                          Min: 0, Avg: 10880.5, Max: 27072, Diff: 27072, Sum: 43522, Workers: 4
[7026.718s][debug][gc,phases      ] GC(283)   ResolvedMethodTable Weak       Min:  0.0, Avg:  0.0, Max:  0.0, Diff:  0.0, Sum:  0.1, Workers: 4
[7026.718s][debug][gc,phases      ] GC(283)     Dead                           Min: 0, Avg:  0.0, Max: 0, Diff: 0, Sum: 0, Workers: 4
[7026.718s][debug][gc,phases      ] GC(283)     Total                          Min: 0, Avg: 2219.8, Max: 5496, Diff: 5496, Sum: 8879, Workers: 4
[7026.718s][debug][gc,phases      ] GC(283)   JNI Weak                       Min:  0.0, Avg:  0.0, Max:  0.0, Diff:  0.0, Sum:  0.0, Workers: 4
[7026.718s][debug][gc,phases      ] GC(283)     Dead                           Min: 0, Avg:  0.0, Max: 0, Diff: 0, Sum: 0, Workers: 4
[7026.719s][debug][gc,phases      ] GC(283)     Total                          Min: 0, Avg: 11.2, Max: 45, Diff: 45, Sum: 45, Workers: 4
[7026.719s][debug][gc,phases      ] GC(283)   StringDedup Table Weak         Min:  0.0, Avg:  0.0, Max:  0.0, Diff:  0.0, Sum:  0.0, Workers: 4
[7026.719s][debug][gc,phases      ] GC(283)     Dead                           Min: 0, Avg:  0.0, Max: 0, Diff: 0, Sum: 0, Workers: 4
[7026.719s][debug][gc,phases      ] GC(283)     Total                          Min: 0, Avg:  0.0, Max: 0, Diff: 0, Sum: 0, Workers: 4
[7026.719s][debug][gc,phases      ] GC(283)   StringDedup Requests0 Weak     Min:  0.0, Avg:  0.0, Max:  0.0, Diff:  0.0, Sum:  0.0, Workers: 4
[7026.719s][debug][gc,phases      ] GC(283)     Dead                           Min: 0, Avg:  0.0, Max: 0, Diff: 0, Sum: 0, Workers: 4
[7026.719s][debug][gc,phases      ] GC(283)     Total                          Min: 0, Avg:  0.0, Max: 0, Diff: 0, Sum: 0, Workers: 4
[7026.719s][debug][gc,phases      ] GC(283)   StringDedup Requests1 Weak     Min:  0.0, Avg:  0.0, Max:  0.0, Diff:  0.0, Sum:  0.0, Workers: 4
[7026.719s][debug][gc,phases      ] GC(283)     Dead                           Min: 0, Avg:  0.0, Max: 0, Diff: 0, Sum: 0, Workers: 4
[7026.719s][debug][gc,phases      ] GC(283)     Total                          Min: 0, Avg:  0.0, Max: 0, Diff: 0, Sum: 0, Workers: 4
[7026.719s][debug][gc,phases      ] GC(283)   Weak JFR Old Object Samples    Min:  0.0, Avg:  0.0, Max:  0.0, Diff:  0.0, Sum:  0.0, Workers: 4
[7026.719s][debug][gc,phases      ] GC(283)     Dead                           Min: 0, Avg:  0.0, Max: 0, Diff: 0, Sum: 0, Workers: 4
[7026.719s][debug][gc,phases      ] GC(283)     Total                          Min: 0, Avg:  0.0, Max: 0, Diff: 0, Sum: 0, Workers: 4
[7026.719s][debug][gc,phases      ] GC(283) Weak Processing 0.337ms
[7026.719s][debug][gc,age         ] GC(283) Desired survivor size 1048576 bytes, new threshold 15 (max threshold 15)
[7026.719s][info ][gc,heap        ] GC(283) PSYoungGen: 2095712K(2096128K)->608K(2096128K) Eden: 2095104K(2095104K)->0K(2095104K) From: 608K(1024K)->608K(1024K)
[7026.719s][info ][gc,heap        ] GC(283) ParOldGen: 252201K(422400K)->252209K(422400K)
[7026.719s][info ][gc,metaspace   ] GC(283) Metaspace: 80096K(81024K)->80096K(81024K) NonClass: 68734K(69184K)->68734K(69184K) Class: 11361K(11840K)->11361K(11840K)
[7026.719s][info ][gc             ] GC(283) Pause Young (Allocation Failure) 2292M->246M(2459M) 1.903ms
[7026.719s][info ][gc,cpu         ] GC(283) User=0.00s Sys=0.00s Real=0.01s
[7026.719s][info ][safepoint      ] Safepoint "ParallelGCFailedAllocation", Time since last: 45895413316 ns, Reaching safepoint: 25400 ns, At safepoint: 1977400 ns, Total: 2002800 ns
[7072.618s][info ][gc,start       ] GC(284) Pause Young (Allocation Failure)
[7072.620s][debug][gc,phases      ] GC(284) Scavenge 1.636ms
[7072.620s][debug][gc,ref         ] GC(284) Skipped phase 1 of Reference Processing: no references
[7072.620s][debug][gc,ref         ] GC(284) Skipped phase 2 of Reference Processing: no references
[7072.620s][debug][gc,ref         ] GC(284) Skipped phase 3 of Reference Processing: no references
[7072.620s][debug][gc,ref         ] GC(284) Skipped phase 4 of Reference Processing: no references
[7072.620s][debug][gc,phases      ] GC(284) Reference Processing 0.037ms
[7072.620s][debug][gc,phases      ] GC(284)   VM Weak                        Min:  0.0, Avg:  0.0, Max:  0.0, Diff:  0.0, Sum:  0.0, Workers: 4
[7072.620s][debug][gc,phases      ] GC(284)     Dead                           Min: 0, Avg:  0.0, Max: 0, Diff: 0, Sum: 0, Workers: 4
[7072.620s][debug][gc,phases      ] GC(284)     Total                          Min: 0, Avg: 148.0, Max: 419, Diff: 419, Sum: 592, Workers: 4
[7072.620s][debug][gc,phases      ] GC(284)   ObjectSynchronizer Weak        Min:  0.0, Avg:  0.0, Max:  0.0, Diff:  0.0, Sum:  0.0, Workers: 4
[7072.620s][debug][gc,phases      ] GC(284)     Dead                           Min: 0, Avg:  0.0, Max: 0, Diff: 0, Sum: 0, Workers: 4
[7072.620s][debug][gc,phases      ] GC(284)     Total                          Min: 0, Avg: 13.5, Max: 54, Diff: 54, Sum: 54, Workers: 4
[7072.620s][debug][gc,phases      ] GC(284)   JVMTI Tag Weak OopStorage      Min:  0.0, Avg:  0.0, Max:  0.0, Diff:  0.0, Sum:  0.0, Workers: 4
[7072.620s][debug][gc,phases      ] GC(284)     Dead                           Min: 0, Avg:  0.0, Max: 0, Diff: 0, Sum: 0, Workers: 4
[7072.620s][debug][gc,phases      ] GC(284)     Total                          Min: 0, Avg:  0.0, Max: 0, Diff: 0, Sum: 0, Workers: 4
[7072.620s][debug][gc,phases      ] GC(284)   StringTable Weak               Min:  0.0, Avg:  0.1, Max:  0.1, Diff:  0.1, Sum:  0.4, Workers: 4
[7072.620s][debug][gc,phases      ] GC(284)     Dead                           Min: 0, Avg:  0.0, Max: 0, Diff: 0, Sum: 0, Workers: 4
[7072.620s][debug][gc,phases      ] GC(284)     Total                          Min: 0, Avg: 10880.5, Max: 14720, Diff: 14720, Sum: 43522, Workers: 4
[7072.620s][debug][gc,phases      ] GC(284)   ResolvedMethodTable Weak       Min:  0.0, Avg:  0.0, Max:  0.0, Diff:  0.0, Sum:  0.1, Workers: 4
[7072.620s][debug][gc,phases      ] GC(284)     Dead                           Min: 0, Avg:  0.0, Max: 0, Diff: 0, Sum: 0, Workers: 4
[7072.620s][debug][gc,phases      ] GC(284)     Total                          Min: 0, Avg: 2219.8, Max: 3006, Diff: 3006, Sum: 8879, Workers: 4
[7072.620s][debug][gc,phases      ] GC(284)   JNI Weak                       Min:  0.0, Avg:  0.0, Max:  0.0, Diff:  0.0, Sum:  0.0, Workers: 4
[7072.620s][debug][gc,phases      ] GC(284)     Dead                           Min: 0, Avg:  0.0, Max: 0, Diff: 0, Sum: 0, Workers: 4
[7072.620s][debug][gc,phases      ] GC(284)     Total                          Min: 0, Avg: 11.2, Max: 45, Diff: 45, Sum: 45, Workers: 4
[7072.620s][debug][gc,phases      ] GC(284)   StringDedup Table Weak         Min:  0.0, Avg:  0.0, Max:  0.0, Diff:  0.0, Sum:  0.0, Workers: 4
[7072.620s][debug][gc,phases      ] GC(284)     Dead                           Min: 0, Avg:  0.0, Max: 0, Diff: 0, Sum: 0, Workers: 4
[7072.620s][debug][gc,phases      ] GC(284)     Total                          Min: 0, Avg:  0.0, Max: 0, Diff: 0, Sum: 0, Workers: 4
[7072.620s][debug][gc,phases      ] GC(284)   StringDedup Requests0 Weak     Min:  0.0, Avg:  0.0, Max:  0.0, Diff:  0.0, Sum:  0.0, Workers: 4
[7072.620s][debug][gc,phases      ] GC(284)     Dead                           Min: 0, Avg:  0.0, Max: 0, Diff: 0, Sum: 0, Workers: 4
[7072.620s][debug][gc,phases      ] GC(284)     Total                          Min: 0, Avg:  0.0, Max: 0, Diff: 0, Sum: 0, Workers: 4
[7072.620s][debug][gc,phases      ] GC(284)   StringDedup Requests1 Weak     Min:  0.0, Avg:  0.0, Max:  0.0, Diff:  0.0, Sum:  0.0, Workers: 4
[7072.620s][debug][gc,phases      ] GC(284)     Dead                           Min: 0, Avg:  0.0, Max: 0, Diff: 0, Sum: 0, Workers: 4
[7072.620s][debug][gc,phases      ] GC(284)     Total                          Min: 0, Avg:  0.0, Max: 0, Diff: 0, Sum: 0, Workers: 4
[7072.620s][debug][gc,phases      ] GC(284)   Weak JFR Old Object Samples    Min:  0.0, Avg:  0.0, Max:  0.0, Diff:  0.0, Sum:  0.0, Workers: 4
[7072.620s][debug][gc,phases      ] GC(284)     Dead                           Min: 0, Avg:  0.0, Max: 0, Diff: 0, Sum: 0, Workers: 4
[7072.620s][debug][gc,phases      ] GC(284)     Total                          Min: 0, Avg:  0.0, Max: 0, Diff: 0, Sum: 0, Workers: 4
[7072.620s][debug][gc,phases      ] GC(284) Weak Processing 0.360ms
[7072.620s][debug][gc,age         ] GC(284) Desired survivor size 1048576 bytes, new threshold 15 (max threshold 15)
[7072.620s][info ][gc,heap        ] GC(284) PSYoungGen: 2095712K(2096128K)->608K(2096128K) Eden: 2095104K(2095104K)->0K(2095104K) From: 608K(1024K)->608K(1024K)
[7072.620s][info ][gc,heap        ] GC(284) ParOldGen: 252209K(422400K)->252217K(422400K)
[7072.620s][info ][gc,metaspace   ] GC(284) Metaspace: 80096K(81024K)->80096K(81024K) NonClass: 68734K(69184K)->68734K(69184K) Class: 11361K(11840K)->11361K(11840K)
[7072.620s][info ][gc             ] GC(284) Pause Young (Allocation Failure) 2292M->246M(2459M) 2.167ms
[7072.620s][info ][gc,cpu         ] GC(284) User=0.00s Sys=0.00s Real=0.00s
[7072.620s][info ][safepoint      ] Safepoint "ParallelGCFailedAllocation", Time since last: 45899460044 ns, Reaching safepoint: 120900 ns, At safepoint: 2276801 ns, Total: 2397701 ns
[7118.618s][info ][gc,start       ] GC(285) Pause Young (Allocation Failure)
[7118.620s][debug][gc,phases      ] GC(285) Scavenge 1.955ms
[7118.620s][debug][gc,ref         ] GC(285) Skipped phase 1 of Reference Processing: no references
[7118.620s][debug][gc,ref         ] GC(285) Skipped phase 2 of Reference Processing: no references
[7118.620s][debug][gc,ref         ] GC(285) Skipped phase 3 of Reference Processing: no references
[7118.620s][debug][gc,ref         ] GC(285) Skipped phase 4 of Reference Processing: no references
[7118.620s][debug][gc,phases      ] GC(285) Reference Processing 0.035ms
[7118.621s][debug][gc,phases      ] GC(285)   VM Weak                        Min:  0.0, Avg:  0.0, Max:  0.0, Diff:  0.0, Sum:  0.0, Workers: 4
[7118.621s][debug][gc,phases      ] GC(285)     Dead                           Min: 0, Avg:  0.0, Max: 0, Diff: 0, Sum: 0, Workers: 4
[7118.621s][debug][gc,phases      ] GC(285)     Total                          Min: 0, Avg: 148.0, Max: 592, Diff: 592, Sum: 592, Workers: 4
[7118.621s][debug][gc,phases      ] GC(285)   ObjectSynchronizer Weak        Min:  0.0, Avg:  0.0, Max:  0.0, Diff:  0.0, Sum:  0.0, Workers: 4
[7118.621s][debug][gc,phases      ] GC(285)     Dead                           Min: 0, Avg:  0.0, Max: 0, Diff: 0, Sum: 0, Workers: 4
[7118.621s][debug][gc,phases      ] GC(285)     Total                          Min: 0, Avg: 13.5, Max: 54, Diff: 54, Sum: 54, Workers: 4
[7118.621s][debug][gc,phases      ] GC(285)   JVMTI Tag Weak OopStorage      Min:  0.0, Avg:  0.0, Max:  0.0, Diff:  0.0, Sum:  0.0, Workers: 4
[7118.621s][debug][gc,phases      ] GC(285)     Dead                           Min: 0, Avg:  0.0, Max: 0, Diff: 0, Sum: 0, Workers: 4
[7118.621s][debug][gc,phases      ] GC(285)     Total                          Min: 0, Avg:  0.0, Max: 0, Diff: 0, Sum: 0, Workers: 4
[7118.621s][debug][gc,phases      ] GC(285)   StringTable Weak               Min:  0.0, Avg:  0.1, Max:  0.1, Diff:  0.1, Sum:  0.4, Workers: 4
[7118.621s][debug][gc,phases      ] GC(285)     Dead                           Min: 0, Avg:  0.0, Max: 0, Diff: 0, Sum: 0, Workers: 4
[7118.621s][debug][gc,phases      ] GC(285)     Total                          Min: 0, Avg: 10880.5, Max: 14720, Diff: 14720, Sum: 43522, Workers: 4
[7118.621s][debug][gc,phases      ] GC(285)   ResolvedMethodTable Weak       Min:  0.0, Avg:  0.0, Max:  0.0, Diff:  0.0, Sum:  0.1, Workers: 4
[7118.621s][debug][gc,phases      ] GC(285)     Dead                           Min: 0, Avg:  0.0, Max: 0, Diff: 0, Sum: 0, Workers: 4
[7118.621s][debug][gc,phases      ] GC(285)     Total                          Min: 0, Avg: 2219.8, Max: 3003, Diff: 3003, Sum: 8879, Workers: 4
[7118.621s][debug][gc,phases      ] GC(285)   JNI Weak                       Min:  0.0, Avg:  0.0, Max:  0.0, Diff:  0.0, Sum:  0.0, Workers: 4
[7118.621s][debug][gc,phases      ] GC(285)     Dead                           Min: 0, Avg:  0.0, Max: 0, Diff: 0, Sum: 0, Workers: 4
[7118.621s][debug][gc,phases      ] GC(285)     Total                          Min: 0, Avg: 11.2, Max: 45, Diff: 45, Sum: 45, Workers: 4
[7118.621s][debug][gc,phases      ] GC(285)   StringDedup Table Weak         Min:  0.0, Avg:  0.0, Max:  0.0, Diff:  0.0, Sum:  0.0, Workers: 4
[7118.621s][debug][gc,phases      ] GC(285)     Dead                           Min: 0, Avg:  0.0, Max: 0, Diff: 0, Sum: 0, Workers: 4
[7118.621s][debug][gc,phases      ] GC(285)     Total                          Min: 0, Avg:  0.0, Max: 0, Diff: 0, Sum: 0, Workers: 4
[7118.621s][debug][gc,phases      ] GC(285)   StringDedup Requests0 Weak     Min:  0.0, Avg:  0.0, Max:  0.0, Diff:  0.0, Sum:  0.0, Workers: 4
[7118.621s][debug][gc,phases      ] GC(285)     Dead                           Min: 0, Avg:  0.0, Max: 0, Diff: 0, Sum: 0, Workers: 4
[7118.621s][debug][gc,phases      ] GC(285)     Total                          Min: 0, Avg:  0.0, Max: 0, Diff: 0, Sum: 0, Workers: 4
[7118.621s][debug][gc,phases      ] GC(285)   StringDedup Requests1 Weak     Min:  0.0, Avg:  0.0, Max:  0.0, Diff:  0.0, Sum:  0.0, Workers: 4
[7118.621s][debug][gc,phases      ] GC(285)     Dead                           Min: 0, Avg:  0.0, Max: 0, Diff: 0, Sum: 0, Workers: 4
[7118.621s][debug][gc,phases      ] GC(285)     Total                          Min: 0, Avg:  0.0, Max: 0, Diff: 0, Sum: 0, Workers: 4
[7118.621s][debug][gc,phases      ] GC(285)   Weak JFR Old Object Samples    Min:  0.0, Avg:  0.0, Max:  0.0, Diff:  0.0, Sum:  0.0, Workers: 4
[7118.621s][debug][gc,phases      ] GC(285)     Dead                           Min: 0, Avg:  0.0, Max: 0, Diff: 0, Sum: 0, Workers: 4
[7118.621s][debug][gc,phases      ] GC(285)     Total                          Min: 0, Avg:  0.0, Max: 0, Diff: 0, Sum: 0, Workers: 4
[7118.621s][debug][gc,phases      ] GC(285) Weak Processing 0.402ms
[7118.621s][debug][gc,age         ] GC(285) Desired survivor size 1048576 bytes, new threshold 15 (max threshold 15)
[7118.621s][info ][gc,heap        ] GC(285) PSYoungGen: 2095712K(2096128K)->640K(2096128K) Eden: 2095104K(2095104K)->0K(2095104K) From: 608K(1024K)->640K(1024K)
[7118.621s][info ][gc,heap        ] GC(285) ParOldGen: 252217K(422400K)->252225K(422400K)
[7118.621s][info ][gc,metaspace   ] GC(285) Metaspace: 80096K(81024K)->80096K(81024K) NonClass: 68734K(69184K)->68734K(69184K) Class: 11361K(11840K)->11361K(11840K)
[7118.621s][info ][gc             ] GC(285) Pause Young (Allocation Failure) 2292M->246M(2459M) 2.509ms
[7118.621s][info ][gc,cpu         ] GC(285) User=0.01s Sys=0.00s Real=0.00s
[7118.621s][info ][safepoint      ] Safepoint "ParallelGCFailedAllocation", Time since last: 45997814383 ns, Reaching safepoint: 42000 ns, At safepoint: 2601600 ns, Total: 2643600 ns
[7164.617s][info ][gc,start       ] GC(286) Pause Young (Allocation Failure)
[7164.618s][debug][gc,phases      ] GC(286) Scavenge 1.339ms
[7164.618s][debug][gc,ref         ] GC(286) Skipped phase 1 of Reference Processing: no references
[7164.618s][debug][gc,ref         ] GC(286) Skipped phase 2 of Reference Processing: no references
[7164.618s][debug][gc,ref         ] GC(286) Skipped phase 3 of Reference Processing: no references
[7164.618s][debug][gc,ref         ] GC(286) Skipped phase 4 of Reference Processing: no references
[7164.618s][debug][gc,phases      ] GC(286) Reference Processing 0.032ms
[7164.619s][debug][gc,phases      ] GC(286)   VM Weak                        Min:  0.0, Avg:  0.0, Max:  0.0, Diff:  0.0, Sum:  0.0, Workers: 4
[7164.619s][debug][gc,phases      ] GC(286)     Dead                           Min: 0, Avg:  0.0, Max: 0, Diff: 0, Sum: 0, Workers: 4
[7164.619s][debug][gc,phases      ] GC(286)     Total                          Min: 0, Avg: 148.0, Max: 529, Diff: 529, Sum: 592, Workers: 4
[7164.619s][debug][gc,phases      ] GC(286)   ObjectSynchronizer Weak        Min:  0.0, Avg:  0.0, Max:  0.0, Diff:  0.0, Sum:  0.0, Workers: 4
[7164.619s][debug][gc,phases      ] GC(286)     Dead                           Min: 0, Avg:  0.0, Max: 0, Diff: 0, Sum: 0, Workers: 4
[7164.619s][debug][gc,phases      ] GC(286)     Total                          Min: 0, Avg: 13.5, Max: 54, Diff: 54, Sum: 54, Workers: 4
[7164.619s][debug][gc,phases      ] GC(286)   JVMTI Tag Weak OopStorage      Min:  0.0, Avg:  0.0, Max:  0.0, Diff:  0.0, Sum:  0.0, Workers: 4
[7164.619s][debug][gc,phases      ] GC(286)     Dead                           Min: 0, Avg:  0.0, Max: 0, Diff: 0, Sum: 0, Workers: 4
[7164.619s][debug][gc,phases      ] GC(286)     Total                          Min: 0, Avg:  0.0, Max: 0, Diff: 0, Sum: 0, Workers: 4
[7164.619s][debug][gc,phases      ] GC(286)   StringTable Weak               Min:  0.0, Avg:  0.1, Max:  0.2, Diff:  0.2, Sum:  0.4, Workers: 4
[7164.619s][debug][gc,phases      ] GC(286)     Dead                           Min: 0, Avg:  0.0, Max: 0, Diff: 0, Sum: 0, Workers: 4
[7164.619s][debug][gc,phases      ] GC(286)     Total                          Min: 0, Avg: 10880.5, Max: 22656, Diff: 22656, Sum: 43522, Workers: 4
[7164.619s][debug][gc,phases      ] GC(286)   ResolvedMethodTable Weak       Min:  0.0, Avg:  0.0, Max:  0.0, Diff:  0.0, Sum:  0.1, Workers: 4
[7164.619s][debug][gc,phases      ] GC(286)     Dead                           Min: 0, Avg:  0.0, Max: 0, Diff: 0, Sum: 0, Workers: 4
[7164.619s][debug][gc,phases      ] GC(286)     Total                          Min: 0, Avg: 2219.8, Max: 4793, Diff: 4793, Sum: 8879, Workers: 4
[7164.619s][debug][gc,phases      ] GC(286)   JNI Weak                       Min:  0.0, Avg:  0.0, Max:  0.0, Diff:  0.0, Sum:  0.0, Workers: 4
[7164.619s][debug][gc,phases      ] GC(286)     Dead                           Min: 0, Avg:  0.0, Max: 0, Diff: 0, Sum: 0, Workers: 4
[7164.619s][debug][gc,phases      ] GC(286)     Total                          Min: 0, Avg: 11.2, Max: 45, Diff: 45, Sum: 45, Workers: 4
[7164.619s][debug][gc,phases      ] GC(286)   StringDedup Table Weak         Min:  0.0, Avg:  0.0, Max:  0.0, Diff:  0.0, Sum:  0.0, Workers: 4
[7164.619s][debug][gc,phases      ] GC(286)     Dead                           Min: 0, Avg:  0.0, Max: 0, Diff: 0, Sum: 0, Workers: 4
[7164.619s][debug][gc,phases      ] GC(286)     Total                          Min: 0, Avg:  0.0, Max: 0, Diff: 0, Sum: 0, Workers: 4
[7164.619s][debug][gc,phases      ] GC(286)   StringDedup Requests0 Weak     Min:  0.0, Avg:  0.0, Max:  0.0, Diff:  0.0, Sum:  0.0, Workers: 4
[7164.619s][debug][gc,phases      ] GC(286)     Dead                           Min: 0, Avg:  0.0, Max: 0, Diff: 0, Sum: 0, Workers: 4
[7164.619s][debug][gc,phases      ] GC(286)     Total                          Min: 0, Avg:  0.0, Max: 0, Diff: 0, Sum: 0, Workers: 4
[7164.619s][debug][gc,phases      ] GC(286)   StringDedup Requests1 Weak     Min:  0.0, Avg:  0.0, Max:  0.0, Diff:  0.0, Sum:  0.0, Workers: 4
[7164.619s][debug][gc,phases      ] GC(286)     Dead                           Min: 0, Avg:  0.0, Max: 0, Diff: 0, Sum: 0, Workers: 4
[7164.619s][debug][gc,phases      ] GC(286)     Total                          Min: 0, Avg:  0.0, Max: 0, Diff: 0, Sum: 0, Workers: 4
[7164.619s][debug][gc,phases      ] GC(286)   Weak JFR Old Object Samples    Min:  0.0, Avg:  0.0, Max:  0.0, Diff:  0.0, Sum:  0.0, Workers: 4
[7164.619s][debug][gc,phases      ] GC(286)     Dead                           Min: 0, Avg:  0.0, Max: 0, Diff: 0, Sum: 0, Workers: 4
[7164.619s][debug][gc,phases      ] GC(286)     Total                          Min: 0, Avg:  0.0, Max: 0, Diff: 0, Sum: 0, Workers: 4
[7164.619s][debug][gc,phases      ] GC(286) Weak Processing 0.480ms
[7164.619s][debug][gc,age         ] GC(286) Desired survivor size 1048576 bytes, new threshold 15 (max threshold 15)
[7164.619s][info ][gc,heap        ] GC(286) PSYoungGen: 2095744K(2096128K)->576K(2096128K) Eden: 2095104K(2095104K)->0K(2095104K) From: 640K(1024K)->576K(1024K)
[7164.619s][info ][gc,heap        ] GC(286) ParOldGen: 252225K(422400K)->252233K(422400K)
[7164.619s][info ][gc,metaspace   ] GC(286) Metaspace: 80096K(81024K)->80096K(81024K) NonClass: 68734K(69184K)->68734K(69184K) Class: 11361K(11840K)->11361K(11840K)
[7164.619s][info ][gc             ] GC(286) Pause Young (Allocation Failure) 2292M->246M(2459M) 1.956ms
[7164.619s][info ][gc,cpu         ] GC(286) User=0.00s Sys=0.00s Real=0.01s
[7164.619s][info ][safepoint      ] Safepoint "ParallelGCFailedAllocation", Time since last: 45995918128 ns, Reaching safepoint: 28100 ns, At safepoint: 2055400 ns, Total: 2083500 ns
[7192.621s][info ][safepoint      ] Safepoint "Cleanup", Time since last: 28001904658 ns, Reaching safepoint: 39400 ns, At safepoint: 19700 ns, Total: 59100 ns
[7200.526s][info ][gc,start       ] GC(287) Pause Young (Allocation Failure)
[7200.538s][debug][gc,phases      ] GC(287) Scavenge 11.293ms
[7200.538s][debug][gc,ref         ] GC(287) Skipped phase 1 of Reference Processing: no references
[7200.538s][debug][gc,ref         ] GC(287) ReferenceProcessor::execute queues: 1, RefProcThreadModel::Single, marks_oops_alive: false
[7200.538s][debug][gc,ref         ] GC(287) Skipped phase 3 of Reference Processing: no references
[7200.538s][debug][gc,ref         ] GC(287) Skipped phase 4 of Reference Processing: no references
[7200.538s][debug][gc,phases      ] GC(287) Reference Processing 0.100ms
[7200.538s][debug][gc,phases      ] GC(287)   VM Weak                        Min:  0.0, Avg:  0.0, Max:  0.0, Diff:  0.0, Sum:  0.0, Workers: 4
[7200.538s][debug][gc,phases      ] GC(287)     Dead                           Min: 0, Avg:  0.0, Max: 0, Diff: 0, Sum: 0, Workers: 4
[7200.538s][debug][gc,phases      ] GC(287)     Total                          Min: 0, Avg: 148.0, Max: 592, Diff: 592, Sum: 592, Workers: 4
[7200.538s][debug][gc,phases      ] GC(287)   ObjectSynchronizer Weak        Min:  0.0, Avg:  0.0, Max:  0.0, Diff:  0.0, Sum:  0.0, Workers: 4
[7200.538s][debug][gc,phases      ] GC(287)     Dead                           Min: 0, Avg:  0.0, Max: 0, Diff: 0, Sum: 0, Workers: 4
[7200.538s][debug][gc,phases      ] GC(287)     Total                          Min: 0, Avg: 13.5, Max: 54, Diff: 54, Sum: 54, Workers: 4
[7200.538s][debug][gc,phases      ] GC(287)   JVMTI Tag Weak OopStorage      Min:  0.0, Avg:  0.0, Max:  0.0, Diff:  0.0, Sum:  0.0, Workers: 4
[7200.538s][debug][gc,phases      ] GC(287)     Dead                           Min: 0, Avg:  0.0, Max: 0, Diff: 0, Sum: 0, Workers: 4
[7200.538s][debug][gc,phases      ] GC(287)     Total                          Min: 0, Avg:  0.0, Max: 0, Diff: 0, Sum: 0, Workers: 4
[7200.538s][debug][gc,phases      ] GC(287)   StringTable Weak               Min:  0.0, Avg:  0.1, Max:  0.1, Diff:  0.1, Sum:  0.4, Workers: 4
[7200.538s][debug][gc,phases      ] GC(287)     Dead                           Min: 0, Avg:  0.0, Max: 0, Diff: 0, Sum: 0, Workers: 4
[7200.538s][debug][gc,phases      ] GC(287)     Total                          Min: 0, Avg: 10880.5, Max: 18818, Diff: 18818, Sum: 43522, Workers: 4
[7200.538s][debug][gc,phases      ] GC(287)   ResolvedMethodTable Weak       Min:  0.0, Avg:  0.0, Max:  0.0, Diff:  0.0, Sum:  0.1, Workers: 4
[7200.538s][debug][gc,phases      ] GC(287)     Dead                           Min: 0, Avg:  0.0, Max: 0, Diff: 0, Sum: 0, Workers: 4
[7200.538s][debug][gc,phases      ] GC(287)     Total                          Min: 0, Avg: 2219.8, Max: 3958, Diff: 3958, Sum: 8879, Workers: 4
[7200.538s][debug][gc,phases      ] GC(287)   JNI Weak                       Min:  0.0, Avg:  0.0, Max:  0.0, Diff:  0.0, Sum:  0.0, Workers: 4
[7200.538s][debug][gc,phases      ] GC(287)     Dead                           Min: 0, Avg:  0.0, Max: 0, Diff: 0, Sum: 0, Workers: 4
[7200.538s][debug][gc,phases      ] GC(287)     Total                          Min: 0, Avg: 11.2, Max: 45, Diff: 45, Sum: 45, Workers: 4
[7200.538s][debug][gc,phases      ] GC(287)   StringDedup Table Weak         Min:  0.0, Avg:  0.0, Max:  0.0, Diff:  0.0, Sum:  0.0, Workers: 4
[7200.538s][debug][gc,phases      ] GC(287)     Dead                           Min: 0, Avg:  0.0, Max: 0, Diff: 0, Sum: 0, Workers: 4
[7200.538s][debug][gc,phases      ] GC(287)     Total                          Min: 0, Avg:  0.0, Max: 0, Diff: 0, Sum: 0, Workers: 4
[7200.538s][debug][gc,phases      ] GC(287)   StringDedup Requests0 Weak     Min:  0.0, Avg:  0.0, Max:  0.0, Diff:  0.0, Sum:  0.0, Workers: 4
[7200.538s][debug][gc,phases      ] GC(287)     Dead                           Min: 0, Avg:  0.0, Max: 0, Diff: 0, Sum: 0, Workers: 4
[7200.538s][debug][gc,phases      ] GC(287)     Total                          Min: 0, Avg:  0.0, Max: 0, Diff: 0, Sum: 0, Workers: 4
[7200.538s][debug][gc,phases      ] GC(287)   StringDedup Requests1 Weak     Min:  0.0, Avg:  0.0, Max:  0.0, Diff:  0.0, Sum:  0.0, Workers: 4
[7200.538s][debug][gc,phases      ] GC(287)     Dead                           Min: 0, Avg:  0.0, Max: 0, Diff: 0, Sum: 0, Workers: 4
[7200.538s][debug][gc,phases      ] GC(287)     Total                          Min: 0, Avg:  0.0, Max: 0, Diff: 0, Sum: 0, Workers: 4
[7200.538s][debug][gc,phases      ] GC(287)   Weak JFR Old Object Samples    Min:  0.0, Avg:  0.0, Max:  0.0, Diff:  0.0, Sum:  0.0, Workers: 4
[7200.538s][debug][gc,phases      ] GC(287)     Dead                           Min: 0, Avg:  0.0, Max: 0, Diff: 0, Sum: 0, Workers: 4
[7200.538s][debug][gc,phases      ] GC(287)     Total                          Min: 0, Avg:  0.0, Max: 0, Diff: 0, Sum: 0, Workers: 4
[7200.538s][debug][gc,phases      ] GC(287) Weak Processing 0.339ms
[7200.538s][debug][gc,age         ] GC(287) Desired survivor size 9961472 bytes, new threshold 14 (max threshold 15)
[7200.538s][info ][gc,heap        ] GC(287) PSYoungGen: 2095680K(2096128K)->992K(2096128K) Eden: 2095104K(2095104K)->0K(2095104K) From: 576K(1024K)->992K(1024K)
[7200.538s][info ][gc,heap        ] GC(287) ParOldGen: 252233K(422400K)->275847K(422400K)
[7200.538s][info ][gc,metaspace   ] GC(287) Metaspace: 80097K(81024K)->80097K(81024K) NonClass: 68735K(69184K)->68735K(69184K) Class: 11361K(11840K)->11361K(11840K)
[7200.538s][info ][gc             ] GC(287) Pause Young (Allocation Failure) 2292M->270M(2459M) 11.852ms
[7200.538s][info ][gc,cpu         ] GC(287) User=0.04s Sys=0.00s Real=0.01s
[7200.538s][info ][safepoint      ] Safepoint "ParallelGCFailedAllocation", Time since last: 7905255266 ns, Reaching safepoint: 97300 ns, At safepoint: 11922804 ns, Total: 12020104 ns
[7201.538s][info ][safepoint      ] Safepoint "Cleanup", Time since last: 1000042130 ns, Reaching safepoint: 47800 ns, At safepoint: 2400 ns, Total: 50200 ns
[7203.276s][info ][safepoint      ] Safepoint "Cleanup", Time since last: 1737962577 ns, Reaching safepoint: 62700 ns, At safepoint: 5100 ns, Total: 67800 ns
[7204.412s][info ][safepoint      ] Safepoint "Cleanup", Time since last: 1135702879 ns, Reaching safepoint: 117800 ns, At safepoint: 5200 ns, Total: 123000 ns
[7205.412s][info ][safepoint      ] Safepoint "Cleanup", Time since last: 1000091035 ns, Reaching safepoint: 52900 ns, At safepoint: 10500 ns, Total: 63400 ns
[7207.868s][info ][gc,start       ] GC(288) Pause Young (Allocation Failure)
[7207.900s][debug][gc,phases      ] GC(288) Scavenge 31.797ms
[7207.900s][debug][gc,ref         ] GC(288) Skipped phase 1 of Reference Processing: no references
[7207.900s][debug][gc,ref         ] GC(288) ReferenceProcessor::execute queues: 1, RefProcThreadModel::Single, marks_oops_alive: false
[7207.900s][debug][gc,ref         ] GC(288) Skipped phase 3 of Reference Processing: no references
[7207.900s][debug][gc,ref         ] GC(288) ReferenceProcessor::execute queues: 1, RefProcThreadModel::Single, marks_oops_alive: false
[7207.900s][debug][gc,phases      ] GC(288) Reference Processing 0.086ms
[7207.900s][debug][gc,phases      ] GC(288)   VM Weak                        Min:  0.0, Avg:  0.0, Max:  0.0, Diff:  0.0, Sum:  0.0, Workers: 4
[7207.900s][debug][gc,phases      ] GC(288)     Dead                           Min: 0, Avg:  0.0, Max: 0, Diff: 0, Sum: 0, Workers: 4
[7207.900s][debug][gc,phases      ] GC(288)     Total                          Min: 0, Avg: 148.0, Max: 592, Diff: 592, Sum: 592, Workers: 4
[7207.900s][debug][gc,phases      ] GC(288)   ObjectSynchronizer Weak        Min:  0.0, Avg:  0.0, Max:  0.0, Diff:  0.0, Sum:  0.0, Workers: 4
[7207.900s][debug][gc,phases      ] GC(288)     Dead                           Min: 0, Avg:  0.0, Max: 0, Diff: 0, Sum: 0, Workers: 4
[7207.900s][debug][gc,phases      ] GC(288)     Total                          Min: 0, Avg: 13.5, Max: 54, Diff: 54, Sum: 54, Workers: 4
[7207.900s][debug][gc,phases      ] GC(288)   JVMTI Tag Weak OopStorage      Min:  0.0, Avg:  0.0, Max:  0.0, Diff:  0.0, Sum:  0.0, Workers: 4
[7207.900s][debug][gc,phases      ] GC(288)     Dead                           Min: 0, Avg:  0.0, Max: 0, Diff: 0, Sum: 0, Workers: 4
[7207.900s][debug][gc,phases      ] GC(288)     Total                          Min: 0, Avg:  0.0, Max: 0, Diff: 0, Sum: 0, Workers: 4
[7207.900s][debug][gc,phases      ] GC(288)   StringTable Weak               Min:  0.1, Avg:  0.1, Max:  0.1, Diff:  0.0, Sum:  0.4, Workers: 4
[7207.900s][debug][gc,phases      ] GC(288)     Dead                           Min: 0, Avg:  0.0, Max: 0, Diff: 0, Sum: 0, Workers: 4
[7207.900s][debug][gc,phases      ] GC(288)     Total                          Min: 9216, Avg: 10881.2, Max: 11904, Diff: 2688, Sum: 43525, Workers: 4
[7207.900s][debug][gc,phases      ] GC(288)   ResolvedMethodTable Weak       Min:  0.0, Avg:  0.0, Max:  0.0, Diff:  0.0, Sum:  0.1, Workers: 4
[7207.900s][debug][gc,phases      ] GC(288)     Dead                           Min: 0, Avg:  0.0, Max: 0, Diff: 0, Sum: 0, Workers: 4
[7207.900s][debug][gc,phases      ] GC(288)     Total                          Min: 2174, Avg: 2219.8, Max: 2297, Diff: 123, Sum: 8879, Workers: 4
[7207.900s][debug][gc,phases      ] GC(288)   JNI Weak                       Min:  0.0, Avg:  0.0, Max:  0.0, Diff:  0.0, Sum:  0.0, Workers: 4
[7207.900s][debug][gc,phases      ] GC(288)     Dead                           Min: 0, Avg:  0.0, Max: 0, Diff: 0, Sum: 0, Workers: 4
[7207.900s][debug][gc,phases      ] GC(288)     Total                          Min: 0, Avg: 11.2, Max: 45, Diff: 45, Sum: 45, Workers: 4
[7207.900s][debug][gc,phases      ] GC(288)   StringDedup Table Weak         Min:  0.0, Avg:  0.0, Max:  0.0, Diff:  0.0, Sum:  0.0, Workers: 4
[7207.900s][debug][gc,phases      ] GC(288)     Dead                           Min: 0, Avg:  0.0, Max: 0, Diff: 0, Sum: 0, Workers: 4
[7207.900s][debug][gc,phases      ] GC(288)     Total                          Min: 0, Avg:  0.0, Max: 0, Diff: 0, Sum: 0, Workers: 4
[7207.900s][debug][gc,phases      ] GC(288)   StringDedup Requests0 Weak     Min:  0.0, Avg:  0.0, Max:  0.0, Diff:  0.0, Sum:  0.0, Workers: 4
[7207.900s][debug][gc,phases      ] GC(288)     Dead                           Min: 0, Avg:  0.0, Max: 0, Diff: 0, Sum: 0, Workers: 4
[7207.900s][debug][gc,phases      ] GC(288)     Total                          Min: 0, Avg:  0.0, Max: 0, Diff: 0, Sum: 0, Workers: 4
[7207.900s][debug][gc,phases      ] GC(288)   StringDedup Requests1 Weak     Min:  0.0, Avg:  0.0, Max:  0.0, Diff:  0.0, Sum:  0.0, Workers: 4
[7207.900s][debug][gc,phases      ] GC(288)     Dead                           Min: 0, Avg:  0.0, Max: 0, Diff: 0, Sum: 0, Workers: 4
[7207.900s][debug][gc,phases      ] GC(288)     Total                          Min: 0, Avg:  0.0, Max: 0, Diff: 0, Sum: 0, Workers: 4
[7207.900s][debug][gc,phases      ] GC(288)   Weak JFR Old Object Samples    Min:  0.0, Avg:  0.0, Max:  0.0, Diff:  0.0, Sum:  0.0, Workers: 4
[7207.900s][debug][gc,phases      ] GC(288)     Dead                           Min: 0, Avg:  0.0, Max: 0, Diff: 0, Sum: 0, Workers: 4
[7207.900s][debug][gc,phases      ] GC(288)     Total                          Min: 0, Avg:  0.0, Max: 0, Diff: 0, Sum: 0, Workers: 4
[7207.900s][debug][gc,phases      ] GC(288) Weak Processing 0.294ms
[7207.900s][debug][gc,age         ] GC(288) Desired survivor size 27787264 bytes, new threshold 13 (max threshold 15)
[7207.900s][info ][gc,heap        ] GC(288) PSYoungGen: 2096096K(2096128K)->992K(2043904K) Eden: 2095104K(2095104K)->0K(2042880K) From: 992K(1024K)->992K(1024K)
[7207.900s][info ][gc,heap        ] GC(288) ParOldGen: 275847K(422400K)->325856K(422400K)
[7207.900s][info ][gc,metaspace   ] GC(288) Metaspace: 80106K(81024K)->80106K(81024K) NonClass: 68744K(69184K)->68744K(69184K) Class: 11361K(11840K)->11361K(11840K)
[7207.901s][info ][gc             ] GC(288) Pause Young (Allocation Failure) 2316M->319M(2408M) 32.294ms
[7207.901s][info ][gc,cpu         ] GC(288) User=0.09s Sys=0.00s Real=0.03s
[7207.901s][info ][safepoint      ] Safepoint "ParallelGCFailedAllocation", Time since last: 2455860627 ns, Reaching safepoint: 50600 ns, At safepoint: 32369411 ns, Total: 32420011 ns
[7211.901s][info ][safepoint      ] Safepoint "Cleanup", Time since last: 4000271864 ns, Reaching safepoint: 42800 ns, At safepoint: 7400 ns, Total: 50200 ns
[7252.904s][info ][safepoint      ] Safepoint "Cleanup", Time since last: 41002604658 ns, Reaching safepoint: 38400 ns, At safepoint: 2300 ns, Total: 40700 ns
[7254.318s][info ][gc,start       ] GC(289) Pause Young (Allocation Failure)
[7254.323s][debug][gc,phases      ] GC(289) Scavenge 4.732ms
[7254.323s][debug][gc,ref         ] GC(289) Skipped phase 1 of Reference Processing: no references
[7254.323s][debug][gc,ref         ] GC(289) ReferenceProcessor::execute queues: 1, RefProcThreadModel::Single, marks_oops_alive: false
[7254.323s][debug][gc,ref         ] GC(289) Skipped phase 3 of Reference Processing: no references
[7254.323s][debug][gc,ref         ] GC(289) ReferenceProcessor::execute queues: 1, RefProcThreadModel::Single, marks_oops_alive: false
[7254.323s][debug][gc,phases      ] GC(289) Reference Processing 0.084ms
[7254.323s][debug][gc,phases      ] GC(289)   VM Weak                        Min:  0.0, Avg:  0.0, Max:  0.0, Diff:  0.0, Sum:  0.0, Workers: 4
[7254.323s][debug][gc,phases      ] GC(289)     Dead                           Min: 0, Avg:  0.0, Max: 0, Diff: 0, Sum: 0, Workers: 4
[7254.323s][debug][gc,phases      ] GC(289)     Total                          Min: 0, Avg: 148.0, Max: 592, Diff: 592, Sum: 592, Workers: 4
[7254.323s][debug][gc,phases      ] GC(289)   ObjectSynchronizer Weak        Min:  0.0, Avg:  0.0, Max:  0.0, Diff:  0.0, Sum:  0.0, Workers: 4
[7254.323s][debug][gc,phases      ] GC(289)     Dead                           Min: 0, Avg:  0.0, Max: 0, Diff: 0, Sum: 0, Workers: 4
[7254.323s][debug][gc,phases      ] GC(289)     Total                          Min: 0, Avg: 13.5, Max: 54, Diff: 54, Sum: 54, Workers: 4
[7254.323s][debug][gc,phases      ] GC(289)   JVMTI Tag Weak OopStorage      Min:  0.0, Avg:  0.0, Max:  0.0, Diff:  0.0, Sum:  0.0, Workers: 4
[7254.323s][debug][gc,phases      ] GC(289)     Dead                           Min: 0, Avg:  0.0, Max: 0, Diff: 0, Sum: 0, Workers: 4
[7254.323s][debug][gc,phases      ] GC(289)     Total                          Min: 0, Avg:  0.0, Max: 0, Diff: 0, Sum: 0, Workers: 4
[7254.323s][debug][gc,phases      ] GC(289)   StringTable Weak               Min:  0.0, Avg:  0.1, Max:  0.1, Diff:  0.1, Sum:  0.4, Workers: 4
[7254.323s][debug][gc,phases      ] GC(289)     Dead                           Min: 0, Avg:  0.0, Max: 0, Diff: 0, Sum: 0, Workers: 4
[7254.323s][debug][gc,phases      ] GC(289)     Total                          Min: 0, Avg: 10881.2, Max: 14848, Diff: 14848, Sum: 43525, Workers: 4
[7254.323s][debug][gc,phases      ] GC(289)   ResolvedMethodTable Weak       Min:  0.0, Avg:  0.0, Max:  0.0, Diff:  0.0, Sum:  0.1, Workers: 4
[7254.323s][debug][gc,phases      ] GC(289)     Dead                           Min: 0, Avg:  0.0, Max: 0, Diff: 0, Sum: 0, Workers: 4
[7254.323s][debug][gc,phases      ] GC(289)     Total                          Min: 0, Avg: 2219.8, Max: 3008, Diff: 3008, Sum: 8879, Workers: 4
[7254.323s][debug][gc,phases      ] GC(289)   JNI Weak                       Min:  0.0, Avg:  0.0, Max:  0.0, Diff:  0.0, Sum:  0.0, Workers: 4
[7254.323s][debug][gc,phases      ] GC(289)     Dead                           Min: 0, Avg:  0.0, Max: 0, Diff: 0, Sum: 0, Workers: 4
[7254.323s][debug][gc,phases      ] GC(289)     Total                          Min: 0, Avg: 11.2, Max: 45, Diff: 45, Sum: 45, Workers: 4
[7254.323s][debug][gc,phases      ] GC(289)   StringDedup Table Weak         Min:  0.0, Avg:  0.0, Max:  0.0, Diff:  0.0, Sum:  0.0, Workers: 4
[7254.323s][debug][gc,phases      ] GC(289)     Dead                           Min: 0, Avg:  0.0, Max: 0, Diff: 0, Sum: 0, Workers: 4
[7254.323s][debug][gc,phases      ] GC(289)     Total                          Min: 0, Avg:  0.0, Max: 0, Diff: 0, Sum: 0, Workers: 4
[7254.323s][debug][gc,phases      ] GC(289)   StringDedup Requests0 Weak     Min:  0.0, Avg:  0.0, Max:  0.0, Diff:  0.0, Sum:  0.0, Workers: 4
[7254.323s][debug][gc,phases      ] GC(289)     Dead                           Min: 0, Avg:  0.0, Max: 0, Diff: 0, Sum: 0, Workers: 4
[7254.323s][debug][gc,phases      ] GC(289)     Total                          Min: 0, Avg:  0.0, Max: 0, Diff: 0, Sum: 0, Workers: 4
[7254.323s][debug][gc,phases      ] GC(289)   StringDedup Requests1 Weak     Min:  0.0, Avg:  0.0, Max:  0.0, Diff:  0.0, Sum:  0.0, Workers: 4
[7254.323s][debug][gc,phases      ] GC(289)     Dead                           Min: 0, Avg:  0.0, Max: 0, Diff: 0, Sum: 0, Workers: 4
[7254.323s][debug][gc,phases      ] GC(289)     Total                          Min: 0, Avg:  0.0, Max: 0, Diff: 0, Sum: 0, Workers: 4
[7254.323s][debug][gc,phases      ] GC(289)   Weak JFR Old Object Samples    Min:  0.0, Avg:  0.0, Max:  0.0, Diff:  0.0, Sum:  0.0, Workers: 4
[7254.323s][debug][gc,phases      ] GC(289)     Dead                           Min: 0, Avg:  0.0, Max: 0, Diff: 0, Sum: 0, Workers: 4
[7254.323s][debug][gc,phases      ] GC(289)     Total                          Min: 0, Avg:  0.0, Max: 0, Diff: 0, Sum: 0, Workers: 4
[7254.323s][debug][gc,phases      ] GC(289) Weak Processing 0.310ms
[7254.323s][debug][gc,age         ] GC(289) Desired survivor size 26738688 bytes, new threshold 14 (max threshold 15)
[7254.323s][info ][gc,heap        ] GC(289) PSYoungGen: 2043872K(2043904K)->2432K(2070016K) Eden: 2042880K(2042880K)->0K(2042880K) From: 992K(1024K)->2432K(27136K)
[7254.323s][info ][gc,heap        ] GC(289) ParOldGen: 325856K(422400K)->325856K(422400K)
[7254.323s][info ][gc,metaspace   ] GC(289) Metaspace: 80106K(81024K)->80106K(81024K) NonClass: 68744K(69184K)->68744K(69184K) Class: 11361K(11840K)->11361K(11840K)
[7254.323s][info ][gc             ] GC(289) Pause Young (Allocation Failure) 2314M->320M(2434M) 5.217ms
[7254.323s][info ][gc,cpu         ] GC(289) User=0.02s Sys=0.00s Real=0.00s
[7254.323s][info ][safepoint      ] Safepoint "ParallelGCFailedAllocation", Time since last: 1414446853 ns, Reaching safepoint: 113200 ns, At safepoint: 5286002 ns, Total: 5399202 ns
[7261.324s][info ][safepoint      ] Safepoint "Cleanup", Time since last: 7000487172 ns, Reaching safepoint: 41300 ns, At safepoint: 4600 ns, Total: 45900 ns
[7268.324s][info ][safepoint      ] Safepoint "Cleanup", Time since last: 7000495625 ns, Reaching safepoint: 43000 ns, At safepoint: 4400 ns, Total: 47400 ns
[7302.319s][info ][gc,start       ] GC(290) Pause Young (Allocation Failure)
[7302.322s][debug][gc,phases      ] GC(290) Scavenge 2.734ms
[7302.322s][debug][gc,ref         ] GC(290) Skipped phase 1 of Reference Processing: no references
[7302.322s][debug][gc,ref         ] GC(290) ReferenceProcessor::execute queues: 1, RefProcThreadModel::Single, marks_oops_alive: false
[7302.322s][debug][gc,ref         ] GC(290) Skipped phase 3 of Reference Processing: no references
[7302.322s][debug][gc,ref         ] GC(290) ReferenceProcessor::execute queues: 1, RefProcThreadModel::Single, marks_oops_alive: false
[7302.322s][debug][gc,phases      ] GC(290) Reference Processing 0.080ms
[7302.322s][debug][gc,phases      ] GC(290)   VM Weak                        Min:  0.0, Avg:  0.0, Max:  0.0, Diff:  0.0, Sum:  0.0, Workers: 4
[7302.322s][debug][gc,phases      ] GC(290)     Dead                           Min: 0, Avg:  0.0, Max: 0, Diff: 0, Sum: 0, Workers: 4
[7302.322s][debug][gc,phases      ] GC(290)     Total                          Min: 0, Avg: 148.0, Max: 592, Diff: 592, Sum: 592, Workers: 4
[7302.322s][debug][gc,phases      ] GC(290)   ObjectSynchronizer Weak        Min:  0.0, Avg:  0.0, Max:  0.0, Diff:  0.0, Sum:  0.0, Workers: 4
[7302.322s][debug][gc,phases      ] GC(290)     Dead                           Min: 0, Avg:  0.0, Max: 0, Diff: 0, Sum: 0, Workers: 4
[7302.322s][debug][gc,phases      ] GC(290)     Total                          Min: 0, Avg: 13.5, Max: 54, Diff: 54, Sum: 54, Workers: 4
[7302.322s][debug][gc,phases      ] GC(290)   JVMTI Tag Weak OopStorage      Min:  0.0, Avg:  0.0, Max:  0.0, Diff:  0.0, Sum:  0.0, Workers: 4
[7302.322s][debug][gc,phases      ] GC(290)     Dead                           Min: 0, Avg:  0.0, Max: 0, Diff: 0, Sum: 0, Workers: 4
[7302.322s][debug][gc,phases      ] GC(290)     Total                          Min: 0, Avg:  0.0, Max: 0, Diff: 0, Sum: 0, Workers: 4
[7302.322s][debug][gc,phases      ] GC(290)   StringTable Weak               Min:  0.0, Avg:  0.1, Max:  0.2, Diff:  0.2, Sum:  0.5, Workers: 4
[7302.322s][debug][gc,phases      ] GC(290)     Dead                           Min: 0, Avg:  0.0, Max: 0, Diff: 0, Sum: 0, Workers: 4
[7302.322s][debug][gc,phases      ] GC(290)     Total                          Min: 0, Avg: 10881.2, Max: 16704, Diff: 16704, Sum: 43525, Workers: 4
[7302.322s][debug][gc,phases      ] GC(290)   ResolvedMethodTable Weak       Min:  0.0, Avg:  0.0, Max:  0.0, Diff:  0.0, Sum:  0.1, Workers: 4
[7302.322s][debug][gc,phases      ] GC(290)     Dead                           Min: 0, Avg:  0.0, Max: 0, Diff: 0, Sum: 0, Workers: 4
[7302.322s][debug][gc,phases      ] GC(290)     Total                          Min: 0, Avg: 2219.8, Max: 4152, Diff: 4152, Sum: 8879, Workers: 4
[7302.322s][debug][gc,phases      ] GC(290)   JNI Weak                       Min:  0.0, Avg:  0.0, Max:  0.0, Diff:  0.0, Sum:  0.0, Workers: 4
[7302.322s][debug][gc,phases      ] GC(290)     Dead                           Min: 0, Avg:  0.0, Max: 0, Diff: 0, Sum: 0, Workers: 4
[7302.322s][debug][gc,phases      ] GC(290)     Total                          Min: 0, Avg: 11.2, Max: 45, Diff: 45, Sum: 45, Workers: 4
[7302.322s][debug][gc,phases      ] GC(290)   StringDedup Table Weak         Min:  0.0, Avg:  0.0, Max:  0.0, Diff:  0.0, Sum:  0.0, Workers: 4
[7302.322s][debug][gc,phases      ] GC(290)     Dead                           Min: 0, Avg:  0.0, Max: 0, Diff: 0, Sum: 0, Workers: 4
[7302.322s][debug][gc,phases      ] GC(290)     Total                          Min: 0, Avg:  0.0, Max: 0, Diff: 0, Sum: 0, Workers: 4
[7302.322s][debug][gc,phases      ] GC(290)   StringDedup Requests0 Weak     Min:  0.0, Avg:  0.0, Max:  0.0, Diff:  0.0, Sum:  0.0, Workers: 4
[7302.322s][debug][gc,phases      ] GC(290)     Dead                           Min: 0, Avg:  0.0, Max: 0, Diff: 0, Sum: 0, Workers: 4
[7302.322s][debug][gc,phases      ] GC(290)     Total                          Min: 0, Avg:  0.0, Max: 0, Diff: 0, Sum: 0, Workers: 4
[7302.322s][debug][gc,phases      ] GC(290)   StringDedup Requests1 Weak     Min:  0.0, Avg:  0.0, Max:  0.0, Diff:  0.0, Sum:  0.0, Workers: 4
[7302.322s][debug][gc,phases      ] GC(290)     Dead                           Min: 0, Avg:  0.0, Max: 0, Diff: 0, Sum: 0, Workers: 4
[7302.322s][debug][gc,phases      ] GC(290)     Total                          Min: 0, Avg:  0.0, Max: 0, Diff: 0, Sum: 0, Workers: 4
[7302.322s][debug][gc,phases      ] GC(290)   Weak JFR Old Object Samples    Min:  0.0, Avg:  0.0, Max:  0.0, Diff:  0.0, Sum:  0.0, Workers: 4
[7302.322s][debug][gc,phases      ] GC(290)     Dead                           Min: 0, Avg:  0.0, Max: 0, Diff: 0, Sum: 0, Workers: 4
[7302.322s][debug][gc,phases      ] GC(290)     Total                          Min: 0, Avg:  0.0, Max: 0, Diff: 0, Sum: 0, Workers: 4
[7302.322s][debug][gc,phases      ] GC(290) Weak Processing 0.360ms
[7302.322s][debug][gc,age         ] GC(290) Desired survivor size 25690112 bytes, new threshold 15 (max threshold 15)
[7302.322s][info ][gc,heap        ] GC(290) PSYoungGen: 2045312K(2070016K)->2400K(2072064K) Eden: 2042880K(2042880K)->0K(2045952K) From: 2432K(27136K)->2400K(26112K)
[7302.322s][info ][gc,heap        ] GC(290) ParOldGen: 325856K(422400K)->325856K(422400K)
[7302.322s][info ][gc,metaspace   ] GC(290) Metaspace: 80108K(81024K)->80108K(81024K) NonClass: 68746K(69184K)->68746K(69184K) Class: 11361K(11840K)->11361K(11840K)
[7302.322s][info ][gc             ] GC(290) Pause Young (Allocation Failure) 2315M->320M(2436M) 3.267ms
[7302.322s][info ][gc,cpu         ] GC(290) User=0.01s Sys=0.00s Real=0.00s
[7302.322s][info ][safepoint      ] Safepoint "ParallelGCFailedAllocation", Time since last: 33994275254 ns, Reaching safepoint: 102400 ns, At safepoint: 3363002 ns, Total: 3465402 ns
[7308.323s][info ][safepoint      ] Safepoint "Cleanup", Time since last: 6000390674 ns, Reaching safepoint: 25800 ns, At safepoint: 24200 ns, Total: 50000 ns
[7314.323s][info ][safepoint      ] Safepoint "Cleanup", Time since last: 6000408209 ns, Reaching safepoint: 59200 ns, At safepoint: 2500 ns, Total: 61700 ns
[7316.323s][info ][safepoint      ] Safepoint "Cleanup", Time since last: 2000180511 ns, Reaching safepoint: 39900 ns, At safepoint: 4400 ns, Total: 44300 ns
[7334.325s][info ][safepoint      ] Safepoint "Cleanup", Time since last: 18001176574 ns, Reaching safepoint: 208401 ns, At safepoint: 5800 ns, Total: 214201 ns
[7334.872s][info ][safepoint      ] Safepoint "ParallelGCFailedAllocation", Time since last: 547474559 ns, Reaching safepoint: 39600 ns, At safepoint: 13300 ns, Total: 52900 ns
[7334.872s][info ][gc,start       ] GC(291) Pause Young (GCLocker Initiated GC)
[7334.910s][debug][gc,phases      ] GC(291) Scavenge 38.079ms
[7334.910s][debug][gc,ref         ] GC(291) Skipped phase 1 of Reference Processing: no references
[7334.911s][debug][gc,ref         ] GC(291) ReferenceProcessor::execute queues: 1, RefProcThreadModel::Single, marks_oops_alive: false
[7334.911s][debug][gc,ref         ] GC(291) ReferenceProcessor::execute queues: 4, RefProcThreadModel::Multi, marks_oops_alive: true
[7334.911s][debug][gc,ref         ] GC(291) ReferenceProcessor::execute queues: 1, RefProcThreadModel::Single, marks_oops_alive: false
[7334.911s][debug][gc,phases      ] GC(291) Reference Processing 0.186ms
[7334.911s][debug][gc,phases      ] GC(291)   VM Weak                        Min:  0.0, Avg:  0.0, Max:  0.0, Diff:  0.0, Sum:  0.0, Workers: 4
[7334.911s][debug][gc,phases      ] GC(291)     Dead                           Min: 0, Avg:  0.0, Max: 0, Diff: 0, Sum: 0, Workers: 4
[7334.911s][debug][gc,phases      ] GC(291)     Total                          Min: 0, Avg: 148.8, Max: 452, Diff: 452, Sum: 595, Workers: 4
[7334.911s][debug][gc,phases      ] GC(291)   ObjectSynchronizer Weak        Min:  0.0, Avg:  0.0, Max:  0.0, Diff:  0.0, Sum:  0.0, Workers: 4
[7334.911s][debug][gc,phases      ] GC(291)     Dead                           Min: 0, Avg:  0.0, Max: 0, Diff: 0, Sum: 0, Workers: 4
[7334.911s][debug][gc,phases      ] GC(291)     Total                          Min: 0, Avg: 13.5, Max: 54, Diff: 54, Sum: 54, Workers: 4
[7334.911s][debug][gc,phases      ] GC(291)   JVMTI Tag Weak OopStorage      Min:  0.0, Avg:  0.0, Max:  0.0, Diff:  0.0, Sum:  0.0, Workers: 4
[7334.911s][debug][gc,phases      ] GC(291)     Dead                           Min: 0, Avg:  0.0, Max: 0, Diff: 0, Sum: 0, Workers: 4
[7334.911s][debug][gc,phases      ] GC(291)     Total                          Min: 0, Avg:  0.0, Max: 0, Diff: 0, Sum: 0, Workers: 4
[7334.911s][debug][gc,phases      ] GC(291)   StringTable Weak               Min:  0.0, Avg:  0.1, Max:  0.1, Diff:  0.1, Sum:  0.3, Workers: 4
[7334.911s][debug][gc,phases      ] GC(291)     Dead                           Min: 0, Avg:  0.2, Max: 1, Diff: 1, Sum: 1, Workers: 4
[7334.911s][debug][gc,phases      ] GC(291)     Total                          Min: 0, Avg: 10892.5, Max: 18623, Diff: 18623, Sum: 43570, Workers: 4
[7334.911s][debug][gc,phases      ] GC(291)   ResolvedMethodTable Weak       Min:  0.0, Avg:  0.0, Max:  0.0, Diff:  0.0, Sum:  0.1, Workers: 4
[7334.911s][debug][gc,phases      ] GC(291)     Dead                           Min: 0, Avg:  0.0, Max: 0, Diff: 0, Sum: 0, Workers: 4
[7334.911s][debug][gc,phases      ] GC(291)     Total                          Min: 0, Avg: 2221.8, Max: 3967, Diff: 3967, Sum: 8887, Workers: 4
[7334.911s][debug][gc,phases      ] GC(291)   JNI Weak                       Min:  0.0, Avg:  0.0, Max:  0.0, Diff:  0.0, Sum:  0.0, Workers: 4
[7334.911s][debug][gc,phases      ] GC(291)     Dead                           Min: 0, Avg:  0.0, Max: 0, Diff: 0, Sum: 0, Workers: 4
[7334.911s][debug][gc,phases      ] GC(291)     Total                          Min: 0, Avg: 11.2, Max: 45, Diff: 45, Sum: 45, Workers: 4
[7334.911s][debug][gc,phases      ] GC(291)   StringDedup Table Weak         Min:  0.0, Avg:  0.0, Max:  0.0, Diff:  0.0, Sum:  0.0, Workers: 4
[7334.911s][debug][gc,phases      ] GC(291)     Dead                           Min: 0, Avg:  0.0, Max: 0, Diff: 0, Sum: 0, Workers: 4
[7334.911s][debug][gc,phases      ] GC(291)     Total                          Min: 0, Avg:  0.0, Max: 0, Diff: 0, Sum: 0, Workers: 4
[7334.911s][debug][gc,phases      ] GC(291)   StringDedup Requests0 Weak     Min:  0.0, Avg:  0.0, Max:  0.0, Diff:  0.0, Sum:  0.0, Workers: 4
[7334.911s][debug][gc,phases      ] GC(291)     Dead                           Min: 0, Avg:  0.0, Max: 0, Diff: 0, Sum: 0, Workers: 4
[7334.911s][debug][gc,phases      ] GC(291)     Total                          Min: 0, Avg:  0.0, Max: 0, Diff: 0, Sum: 0, Workers: 4
[7334.911s][debug][gc,phases      ] GC(291)   StringDedup Requests1 Weak     Min:  0.0, Avg:  0.0, Max:  0.0, Diff:  0.0, Sum:  0.0, Workers: 4
[7334.911s][debug][gc,phases      ] GC(291)     Dead                           Min: 0, Avg:  0.0, Max: 0, Diff: 0, Sum: 0, Workers: 4
[7334.911s][debug][gc,phases      ] GC(291)     Total                          Min: 0, Avg:  0.0, Max: 0, Diff: 0, Sum: 0, Workers: 4
[7334.911s][debug][gc,phases      ] GC(291)   Weak JFR Old Object Samples    Min:  0.0, Avg:  0.0, Max:  0.0, Diff:  0.0, Sum:  0.0, Workers: 4
[7334.911s][debug][gc,phases      ] GC(291)     Dead                           Min: 0, Avg:  0.0, Max: 0, Diff: 0, Sum: 0, Workers: 4
[7334.911s][debug][gc,phases      ] GC(291)     Total                          Min: 0, Avg:  0.0, Max: 0, Diff: 0, Sum: 0, Workers: 4
[7334.911s][debug][gc,phases      ] GC(291) Weak Processing 0.307ms
[7334.911s][debug][gc,age         ] GC(291) Desired survivor size 49807360 bytes, new threshold 14 (max threshold 15)
[7334.911s][info ][gc,heap        ] GC(291) PSYoungGen: 2048352K(2072064K)->25085K(2068992K) Eden: 2045952K(2045952K)->0K(2043904K) From: 2400K(26112K)->25085K(25088K)
[7334.911s][info ][gc,heap        ] GC(291) ParOldGen: 325856K(422400K)->375761K(422400K)
[7334.911s][info ][gc,metaspace   ] GC(291) Metaspace: 80174K(81088K)->80174K(81088K) NonClass: 68807K(69248K)->68807K(69248K) Class: 11367K(11840K)->11367K(11840K)
[7334.911s][info ][gc             ] GC(291) Pause Young (GCLocker Initiated GC) 2318M->391M(2433M) 38.683ms
[7334.911s][info ][gc,cpu         ] GC(291) User=0.12s Sys=0.00s Real=0.04s
[7334.911s][info ][safepoint      ] Safepoint "ParallelGCSystemGC", Time since last: 54400 ns, Reaching safepoint: 13900 ns, At safepoint: 38746519 ns, Total: 38760419 ns
[7339.911s][info ][safepoint      ] Safepoint "Cleanup", Time since last: 5000331883 ns, Reaching safepoint: 52800 ns, At safepoint: 5500 ns, Total: 58300 ns
[7342.912s][info ][safepoint      ] Safepoint "Cleanup", Time since last: 3000245542 ns, Reaching safepoint: 29400 ns, At safepoint: 4200 ns, Total: 33600 ns
[7343.912s][info ][safepoint      ] Safepoint "Cleanup", Time since last: 1000113182 ns, Reaching safepoint: 60000 ns, At safepoint: 7700 ns, Total: 67700 ns
[7346.912s][info ][safepoint      ] Safepoint "Cleanup", Time since last: 3000236752 ns, Reaching safepoint: 52200 ns, At safepoint: 6700 ns, Total: 58900 ns
[7347.912s][info ][safepoint      ] Safepoint "Cleanup", Time since last: 1000108087 ns, Reaching safepoint: 33600 ns, At safepoint: 2600 ns, Total: 36200 ns
[7373.914s][info ][safepoint      ] Safepoint "Cleanup", Time since last: 26001474953 ns, Reaching safepoint: 43900 ns, At safepoint: 3300 ns, Total: 47200 ns
[7378.168s][info ][gc,start       ] GC(292) Pause Young (Allocation Failure)
[7378.178s][debug][gc,phases      ] GC(292) Scavenge 10.216ms
[7378.178s][debug][gc,ref         ] GC(292) Skipped phase 1 of Reference Processing: no references
[7378.178s][debug][gc,ref         ] GC(292) ReferenceProcessor::execute queues: 1, RefProcThreadModel::Single, marks_oops_alive: false
[7378.178s][debug][gc,ref         ] GC(292) ReferenceProcessor::execute queues: 4, RefProcThreadModel::Multi, marks_oops_alive: true
[7378.178s][debug][gc,ref         ] GC(292) ReferenceProcessor::execute queues: 1, RefProcThreadModel::Single, marks_oops_alive: false
[7378.178s][debug][gc,phases      ] GC(292) Reference Processing 0.194ms
[7378.178s][debug][gc,phases      ] GC(292)   VM Weak                        Min:  0.0, Avg:  0.0, Max:  0.0, Diff:  0.0, Sum:  0.0, Workers: 4
[7378.178s][debug][gc,phases      ] GC(292)     Dead                           Min: 0, Avg:  0.0, Max: 0, Diff: 0, Sum: 0, Workers: 4
[7378.178s][debug][gc,phases      ] GC(292)     Total                          Min: 0, Avg: 148.8, Max: 595, Diff: 595, Sum: 595, Workers: 4
[7378.178s][debug][gc,phases      ] GC(292)   ObjectSynchronizer Weak        Min:  0.0, Avg:  0.0, Max:  0.0, Diff:  0.0, Sum:  0.0, Workers: 4
[7378.178s][debug][gc,phases      ] GC(292)     Dead                           Min: 0, Avg:  0.0, Max: 0, Diff: 0, Sum: 0, Workers: 4
[7378.178s][debug][gc,phases      ] GC(292)     Total                          Min: 0, Avg: 13.5, Max: 54, Diff: 54, Sum: 54, Workers: 4
[7378.178s][debug][gc,phases      ] GC(292)   JVMTI Tag Weak OopStorage      Min:  0.0, Avg:  0.0, Max:  0.0, Diff:  0.0, Sum:  0.0, Workers: 4
[7378.178s][debug][gc,phases      ] GC(292)     Dead                           Min: 0, Avg:  0.0, Max: 0, Diff: 0, Sum: 0, Workers: 4
[7378.178s][debug][gc,phases      ] GC(292)     Total                          Min: 0, Avg:  0.0, Max: 0, Diff: 0, Sum: 0, Workers: 4
[7378.178s][debug][gc,phases      ] GC(292)   StringTable Weak               Min:  0.1, Avg:  0.1, Max:  0.1, Diff:  0.0, Sum:  0.4, Workers: 4
[7378.178s][debug][gc,phases      ] GC(292)     Dead                           Min: 0, Avg:  0.0, Max: 0, Diff: 0, Sum: 0, Workers: 4
[7378.178s][debug][gc,phases      ] GC(292)     Total                          Min: 9480, Avg: 10898.0, Max: 11648, Diff: 2168, Sum: 43592, Workers: 4
[7378.178s][debug][gc,phases      ] GC(292)   ResolvedMethodTable Weak       Min:  0.0, Avg:  0.0, Max:  0.0, Diff:  0.0, Sum:  0.1, Workers: 4
[7378.178s][debug][gc,phases      ] GC(292)     Dead                           Min: 0, Avg:  0.0, Max: 0, Diff: 0, Sum: 0, Workers: 4
[7378.178s][debug][gc,phases      ] GC(292)     Total                          Min: 2175, Avg: 2221.8, Max: 2298, Diff: 123, Sum: 8887, Workers: 4
[7378.178s][debug][gc,phases      ] GC(292)   JNI Weak                       Min:  0.0, Avg:  0.0, Max:  0.0, Diff:  0.0, Sum:  0.0, Workers: 4
[7378.178s][debug][gc,phases      ] GC(292)     Dead                           Min: 0, Avg:  0.0, Max: 0, Diff: 0, Sum: 0, Workers: 4
[7378.178s][debug][gc,phases      ] GC(292)     Total                          Min: 0, Avg: 11.2, Max: 45, Diff: 45, Sum: 45, Workers: 4
[7378.178s][debug][gc,phases      ] GC(292)   StringDedup Table Weak         Min:  0.0, Avg:  0.0, Max:  0.0, Diff:  0.0, Sum:  0.0, Workers: 4
[7378.178s][debug][gc,phases      ] GC(292)     Dead                           Min: 0, Avg:  0.0, Max: 0, Diff: 0, Sum: 0, Workers: 4
[7378.178s][debug][gc,phases      ] GC(292)     Total                          Min: 0, Avg:  0.0, Max: 0, Diff: 0, Sum: 0, Workers: 4
[7378.178s][debug][gc,phases      ] GC(292)   StringDedup Requests0 Weak     Min:  0.0, Avg:  0.0, Max:  0.0, Diff:  0.0, Sum:  0.0, Workers: 4
[7378.178s][debug][gc,phases      ] GC(292)     Dead                           Min: 0, Avg:  0.0, Max: 0, Diff: 0, Sum: 0, Workers: 4
[7378.178s][debug][gc,phases      ] GC(292)     Total                          Min: 0, Avg:  0.0, Max: 0, Diff: 0, Sum: 0, Workers: 4
[7378.178s][debug][gc,phases      ] GC(292)   StringDedup Requests1 Weak     Min:  0.0, Avg:  0.0, Max:  0.0, Diff:  0.0, Sum:  0.0, Workers: 4
[7378.178s][debug][gc,phases      ] GC(292)     Dead                           Min: 0, Avg:  0.0, Max: 0, Diff: 0, Sum: 0, Workers: 4
[7378.178s][debug][gc,phases      ] GC(292)     Total                          Min: 0, Avg:  0.0, Max: 0, Diff: 0, Sum: 0, Workers: 4
[7378.178s][debug][gc,phases      ] GC(292)   Weak JFR Old Object Samples    Min:  0.0, Avg:  0.0, Max:  0.0, Diff:  0.0, Sum:  0.0, Workers: 4
[7378.178s][debug][gc,phases      ] GC(292)     Dead                           Min: 0, Avg:  0.0, Max: 0, Diff: 0, Sum: 0, Workers: 4
[7378.178s][debug][gc,phases      ] GC(292)     Total                          Min: 0, Avg:  0.0, Max: 0, Diff: 0, Sum: 0, Workers: 4
[7378.178s][debug][gc,phases      ] GC(292) Weak Processing 0.292ms
[7378.178s][debug][gc,age         ] GC(292) Desired survivor size 50855936 bytes, new threshold 13 (max threshold 15)
[7378.179s][info ][gc,heap        ] GC(292) PSYoungGen: 2068989K(2068992K)->26090K(2023936K) Eden: 2043904K(2043904K)->0K(1997824K) From: 25085K(25088K)->26090K(26112K)
[7378.179s][info ][gc,heap        ] GC(292) ParOldGen: 375763K(422400K)->375875K(422400K)
[7378.179s][info ][gc,metaspace   ] GC(292) Metaspace: 80174K(81088K)->80174K(81088K) NonClass: 68807K(69248K)->68807K(69248K) Class: 11367K(11840K)->11367K(11840K)
[7378.179s][info ][gc             ] GC(292) Pause Young (Allocation Failure) 2387M->392M(2389M) 10.819ms
[7378.179s][info ][gc,cpu         ] GC(292) User=0.02s Sys=0.01s Real=0.01s
[7378.179s][info ][safepoint      ] Safepoint "ParallelGCFailedAllocation", Time since last: 4253785476 ns, Reaching safepoint: 34200 ns, At safepoint: 10885605 ns, Total: 10919805 ns
[7386.179s][info ][safepoint      ] Safepoint "Cleanup", Time since last: 8000529736 ns, Reaching safepoint: 41600 ns, At safepoint: 10700 ns, Total: 52300 ns
[7424.667s][info ][gc,start       ] GC(293) Pause Young (Allocation Failure)
[7424.677s][debug][gc,phases      ] GC(293) Scavenge 10.547ms
[7424.677s][debug][gc,ref         ] GC(293) Skipped phase 1 of Reference Processing: no references
[7424.677s][debug][gc,ref         ] GC(293) ReferenceProcessor::execute queues: 1, RefProcThreadModel::Single, marks_oops_alive: false
[7424.677s][debug][gc,ref         ] GC(293) Skipped phase 3 of Reference Processing: no references
[7424.677s][debug][gc,ref         ] GC(293) ReferenceProcessor::execute queues: 1, RefProcThreadModel::Single, marks_oops_alive: false
[7424.677s][debug][gc,phases      ] GC(293) Reference Processing 0.088ms
[7424.677s][debug][gc,phases      ] GC(293)   VM Weak                        Min:  0.0, Avg:  0.0, Max:  0.0, Diff:  0.0, Sum:  0.0, Workers: 4
[7424.677s][debug][gc,phases      ] GC(293)     Dead                           Min: 0, Avg:  0.0, Max: 0, Diff: 0, Sum: 0, Workers: 4
[7424.677s][debug][gc,phases      ] GC(293)     Total                          Min: 0, Avg: 148.8, Max: 595, Diff: 595, Sum: 595, Workers: 4
[7424.677s][debug][gc,phases      ] GC(293)   ObjectSynchronizer Weak        Min:  0.0, Avg:  0.0, Max:  0.0, Diff:  0.0, Sum:  0.0, Workers: 4
[7424.677s][debug][gc,phases      ] GC(293)     Dead                           Min: 0, Avg:  0.0, Max: 0, Diff: 0, Sum: 0, Workers: 4
[7424.677s][debug][gc,phases      ] GC(293)     Total                          Min: 0, Avg: 13.5, Max: 54, Diff: 54, Sum: 54, Workers: 4
[7424.677s][debug][gc,phases      ] GC(293)   JVMTI Tag Weak OopStorage      Min:  0.0, Avg:  0.0, Max:  0.0, Diff:  0.0, Sum:  0.0, Workers: 4
[7424.677s][debug][gc,phases      ] GC(293)     Dead                           Min: 0, Avg:  0.0, Max: 0, Diff: 0, Sum: 0, Workers: 4
[7424.677s][debug][gc,phases      ] GC(293)     Total                          Min: 0, Avg:  0.0, Max: 0, Diff: 0, Sum: 0, Workers: 4
[7424.677s][debug][gc,phases      ] GC(293)   StringTable Weak               Min:  0.1, Avg:  0.1, Max:  0.1, Diff:  0.0, Sum:  0.4, Workers: 4
[7424.677s][debug][gc,phases      ] GC(293)     Dead                           Min: 0, Avg:  0.0, Max: 0, Diff: 0, Sum: 0, Workers: 4
[7424.677s][debug][gc,phases      ] GC(293)     Total                          Min: 10240, Avg: 10898.0, Max: 11464, Diff: 1224, Sum: 43592, Workers: 4
[7424.677s][debug][gc,phases      ] GC(293)   ResolvedMethodTable Weak       Min:  0.0, Avg:  0.0, Max:  0.0, Diff:  0.0, Sum:  0.1, Workers: 4
[7424.677s][debug][gc,phases      ] GC(293)     Dead                           Min: 0, Avg:  0.0, Max: 0, Diff: 0, Sum: 0, Workers: 4
[7424.677s][debug][gc,phases      ] GC(293)     Total                          Min: 1024, Avg: 2221.8, Max: 2687, Diff: 1663, Sum: 8887, Workers: 4
[7424.677s][debug][gc,phases      ] GC(293)   JNI Weak                       Min:  0.0, Avg:  0.0, Max:  0.0, Diff:  0.0, Sum:  0.0, Workers: 4
[7424.677s][debug][gc,phases      ] GC(293)     Dead                           Min: 0, Avg:  0.0, Max: 0, Diff: 0, Sum: 0, Workers: 4
[7424.677s][debug][gc,phases      ] GC(293)     Total                          Min: 0, Avg: 11.2, Max: 45, Diff: 45, Sum: 45, Workers: 4
[7424.677s][debug][gc,phases      ] GC(293)   StringDedup Table Weak         Min:  0.0, Avg:  0.0, Max:  0.0, Diff:  0.0, Sum:  0.0, Workers: 4
[7424.677s][debug][gc,phases      ] GC(293)     Dead                           Min: 0, Avg:  0.0, Max: 0, Diff: 0, Sum: 0, Workers: 4
[7424.677s][debug][gc,phases      ] GC(293)     Total                          Min: 0, Avg:  0.0, Max: 0, Diff: 0, Sum: 0, Workers: 4
[7424.677s][debug][gc,phases      ] GC(293)   StringDedup Requests0 Weak     Min:  0.0, Avg:  0.0, Max:  0.0, Diff:  0.0, Sum:  0.0, Workers: 4
[7424.677s][debug][gc,phases      ] GC(293)     Dead                           Min: 0, Avg:  0.0, Max: 0, Diff: 0, Sum: 0, Workers: 4
[7424.677s][debug][gc,phases      ] GC(293)     Total                          Min: 0, Avg:  0.0, Max: 0, Diff: 0, Sum: 0, Workers: 4
[7424.677s][debug][gc,phases      ] GC(293)   StringDedup Requests1 Weak     Min:  0.0, Avg:  0.0, Max:  0.0, Diff:  0.0, Sum:  0.0, Workers: 4
[7424.677s][debug][gc,phases      ] GC(293)     Dead                           Min: 0, Avg:  0.0, Max: 0, Diff: 0, Sum: 0, Workers: 4
[7424.677s][debug][gc,phases      ] GC(293)     Total                          Min: 0, Avg:  0.0, Max: 0, Diff: 0, Sum: 0, Workers: 4
[7424.677s][debug][gc,phases      ] GC(293)   Weak JFR Old Object Samples    Min:  0.0, Avg:  0.0, Max:  0.0, Diff:  0.0, Sum:  0.0, Workers: 4
[7424.677s][debug][gc,phases      ] GC(293)     Dead                           Min: 0, Avg:  0.0, Max: 0, Diff: 0, Sum: 0, Workers: 4
[7424.677s][debug][gc,phases      ] GC(293)     Total                          Min: 0, Avg:  0.0, Max: 0, Diff: 0, Sum: 0, Workers: 4
[7424.677s][debug][gc,phases      ] GC(293) Weak Processing 0.276ms
[7424.678s][debug][gc,age         ] GC(293) Desired survivor size 51380224 bytes, new threshold 14 (max threshold 15)
[7424.678s][info ][gc,heap        ] GC(293) PSYoungGen: 2023914K(2023936K)->26138K(2024448K) Eden: 1997824K(1997824K)->0K(1997824K) From: 26090K(26112K)->26138K(26624K)
[7424.678s][info ][gc,heap        ] GC(293) ParOldGen: 375875K(422400K)->375875K(422400K)
[7424.678s][info ][gc,metaspace   ] GC(293) Metaspace: 80174K(81088K)->80174K(81088K) NonClass: 68807K(69248K)->68807K(69248K) Class: 11367K(11840K)->11367K(11840K)
[7424.678s][info ][gc             ] GC(293) Pause Young (Allocation Failure) 2343M->392M(2389M) 11.013ms
[7424.678s][info ][gc,cpu         ] GC(293) User=0.03s Sys=0.00s Real=0.00s
[7424.678s][info ][safepoint      ] Safepoint "ParallelGCFailedAllocation", Time since last: 38487319141 ns, Reaching safepoint: 24500 ns, At safepoint: 11075606 ns, Total: 11100106 ns
[7425.678s][info ][safepoint      ] Safepoint "Cleanup", Time since last: 1000078352 ns, Reaching safepoint: 47600 ns, At safepoint: 3300 ns, Total: 50900 ns
[7451.679s][info ][safepoint      ] Safepoint "Cleanup", Time since last: 26001546233 ns, Reaching safepoint: 180500 ns, At safepoint: 12200 ns, Total: 192700 ns
[7452.680s][info ][safepoint      ] Safepoint "Cleanup", Time since last: 1000092374 ns, Reaching safepoint: 45400 ns, At safepoint: 4100 ns, Total: 49500 ns
[7456.867s][info ][gc,start       ] GC(294) Pause Young (Allocation Failure)
[7456.911s][debug][gc,phases      ] GC(294) Scavenge 44.011ms
[7456.911s][debug][gc,ref         ] GC(294) Skipped phase 1 of Reference Processing: no references
[7456.911s][debug][gc,ref         ] GC(294) ReferenceProcessor::execute queues: 1, RefProcThreadModel::Single, marks_oops_alive: false
[7456.911s][debug][gc,ref         ] GC(294) ReferenceProcessor::execute queues: 4, RefProcThreadModel::Multi, marks_oops_alive: true
[7456.911s][debug][gc,ref         ] GC(294) ReferenceProcessor::execute queues: 1, RefProcThreadModel::Single, marks_oops_alive: false
[7456.911s][debug][gc,phases      ] GC(294) Reference Processing 0.218ms
[7456.911s][debug][gc,phases      ] GC(294)   VM Weak                        Min:  0.0, Avg:  0.0, Max:  0.0, Diff:  0.0, Sum:  0.0, Workers: 4
[7456.911s][debug][gc,phases      ] GC(294)     Dead                           Min: 0, Avg:  0.0, Max: 0, Diff: 0, Sum: 0, Workers: 4
[7456.911s][debug][gc,phases      ] GC(294)     Total                          Min: 0, Avg: 149.5, Max: 369, Diff: 369, Sum: 598, Workers: 4
[7456.911s][debug][gc,phases      ] GC(294)   ObjectSynchronizer Weak        Min:  0.0, Avg:  0.0, Max:  0.0, Diff:  0.0, Sum:  0.0, Workers: 4
[7456.911s][debug][gc,phases      ] GC(294)     Dead                           Min: 0, Avg:  0.0, Max: 0, Diff: 0, Sum: 0, Workers: 4
[7456.911s][debug][gc,phases      ] GC(294)     Total                          Min: 0, Avg: 13.5, Max: 54, Diff: 54, Sum: 54, Workers: 4
[7456.911s][debug][gc,phases      ] GC(294)   JVMTI Tag Weak OopStorage      Min:  0.0, Avg:  0.0, Max:  0.0, Diff:  0.0, Sum:  0.0, Workers: 4
[7456.911s][debug][gc,phases      ] GC(294)     Dead                           Min: 0, Avg:  0.0, Max: 0, Diff: 0, Sum: 0, Workers: 4
[7456.911s][debug][gc,phases      ] GC(294)     Total                          Min: 0, Avg:  0.0, Max: 0, Diff: 0, Sum: 0, Workers: 4
[7456.911s][debug][gc,phases      ] GC(294)   StringTable Weak               Min:  0.1, Avg:  0.1, Max:  0.1, Diff:  0.0, Sum:  0.4, Workers: 4
[7456.911s][debug][gc,phases      ] GC(294)     Dead                           Min: 0, Avg:  0.0, Max: 0, Diff: 0, Sum: 0, Workers: 4
[7456.911s][debug][gc,phases      ] GC(294)     Total                          Min: 10688, Avg: 10903.0, Max: 11164, Diff: 476, Sum: 43612, Workers: 4
[7456.911s][debug][gc,phases      ] GC(294)   ResolvedMethodTable Weak       Min:  0.0, Avg:  0.0, Max:  0.0, Diff:  0.0, Sum:  0.1, Workers: 4
[7456.911s][debug][gc,phases      ] GC(294)     Dead                           Min: 0, Avg:  0.0, Max: 0, Diff: 0, Sum: 0, Workers: 4
[7456.911s][debug][gc,phases      ] GC(294)     Total                          Min: 2176, Avg: 2221.8, Max: 2240, Diff: 64, Sum: 8887, Workers: 4
[7456.911s][debug][gc,phases      ] GC(294)   JNI Weak                       Min:  0.0, Avg:  0.0, Max:  0.0, Diff:  0.0, Sum:  0.0, Workers: 4
[7456.911s][debug][gc,phases      ] GC(294)     Dead                           Min: 0, Avg:  0.0, Max: 0, Diff: 0, Sum: 0, Workers: 4
[7456.911s][debug][gc,phases      ] GC(294)     Total                          Min: 0, Avg: 11.2, Max: 45, Diff: 45, Sum: 45, Workers: 4
[7456.911s][debug][gc,phases      ] GC(294)   StringDedup Table Weak         Min:  0.0, Avg:  0.0, Max:  0.0, Diff:  0.0, Sum:  0.0, Workers: 4
[7456.911s][debug][gc,phases      ] GC(294)     Dead                           Min: 0, Avg:  0.0, Max: 0, Diff: 0, Sum: 0, Workers: 4
[7456.911s][debug][gc,phases      ] GC(294)     Total                          Min: 0, Avg:  0.0, Max: 0, Diff: 0, Sum: 0, Workers: 4
[7456.911s][debug][gc,phases      ] GC(294)   StringDedup Requests0 Weak     Min:  0.0, Avg:  0.0, Max:  0.0, Diff:  0.0, Sum:  0.0, Workers: 4
[7456.911s][debug][gc,phases      ] GC(294)     Dead                           Min: 0, Avg:  0.0, Max: 0, Diff: 0, Sum: 0, Workers: 4
[7456.911s][debug][gc,phases      ] GC(294)     Total                          Min: 0, Avg:  0.0, Max: 0, Diff: 0, Sum: 0, Workers: 4
[7456.911s][debug][gc,phases      ] GC(294)   StringDedup Requests1 Weak     Min:  0.0, Avg:  0.0, Max:  0.0, Diff:  0.0, Sum:  0.0, Workers: 4
[7456.911s][debug][gc,phases      ] GC(294)     Dead                           Min: 0, Avg:  0.0, Max: 0, Diff: 0, Sum: 0, Workers: 4
[7456.911s][debug][gc,phases      ] GC(294)     Total                          Min: 0, Avg:  0.0, Max: 0, Diff: 0, Sum: 0, Workers: 4
[7456.911s][debug][gc,phases      ] GC(294)   Weak JFR Old Object Samples    Min:  0.0, Avg:  0.0, Max:  0.0, Diff:  0.0, Sum:  0.0, Workers: 4
[7456.911s][debug][gc,phases      ] GC(294)     Dead                           Min: 0, Avg:  0.0, Max: 0, Diff: 0, Sum: 0, Workers: 4
[7456.911s][debug][gc,phases      ] GC(294)     Total                          Min: 0, Avg:  0.0, Max: 0, Diff: 0, Sum: 0, Workers: 4
[7456.911s][debug][gc,phases      ] GC(294) Weak Processing 0.267ms
[7456.911s][debug][gc,age         ] GC(294) Desired survivor size 76546048 bytes, new threshold 13 (max threshold 15)
[7456.911s][info ][gc,heap        ] GC(294) PSYoungGen: 2023962K(2024448K)->50170K(1997824K) Eden: 1997824K(1997824K)->0K(1947648K) From: 26138K(26624K)->50170K(50176K)
[7456.911s][info ][gc,heap        ] GC(294) ParOldGen: 375875K(422400K)->416804K(422400K)
[7456.911s][info ][gc,metaspace   ] GC(294) Metaspace: 80218K(81152K)->80218K(81152K) NonClass: 68849K(69312K)->68849K(69312K) Class: 11369K(11840K)->11369K(11840K)
[7456.911s][info ][gc             ] GC(294) Pause Young (Allocation Failure) 2343M->456M(2363M) 44.614ms
[7456.911s][info ][gc,cpu         ] GC(294) User=0.13s Sys=0.00s Real=0.04s
[7456.911s][debug][gc,phases      ] GC(295) Pre Compact 0.008ms
[7456.911s][info ][gc,start       ] GC(295) Pause Full (Ergonomics)
[7456.911s][info ][gc,phases,start] GC(295) Marking Phase
[7457.009s][debug][gc,phases      ] GC(295) Par Mark 97.292ms
[7457.009s][debug][gc,ref         ] GC(295) ReferenceProcessor::execute queues: 4, RefProcThreadModel::Multi, marks_oops_alive: true
[7457.009s][debug][gc,ref         ] GC(295) ReferenceProcessor::execute queues: 4, RefProcThreadModel::Multi, marks_oops_alive: false
[7457.010s][debug][gc,ref         ] GC(295) Skipped phase 3 of Reference Processing: no references
[7457.010s][debug][gc,ref         ] GC(295) ReferenceProcessor::execute queues: 1, RefProcThreadModel::Single, marks_oops_alive: false
[7457.010s][debug][gc,phases      ] GC(295) Reference Processing 0.800ms
[7457.010s][debug][gc,phases      ] GC(295)   VM Weak                        Min:  0.0, Avg:  0.0, Max:  0.0, Diff:  0.0, Sum:  0.0, Workers: 4
[7457.010s][debug][gc,phases      ] GC(295)     Dead                           Min: 0, Avg:  1.8, Max: 7, Diff: 7, Sum: 7, Workers: 4
[7457.010s][debug][gc,phases      ] GC(295)     Total                          Min: 0, Avg: 149.5, Max: 346, Diff: 346, Sum: 598, Workers: 4
[7457.010s][debug][gc,phases      ] GC(295)   ObjectSynchronizer Weak        Min:  0.0, Avg:  0.0, Max:  0.0, Diff:  0.0, Sum:  0.0, Workers: 4
[7457.010s][debug][gc,phases      ] GC(295)     Dead                           Min: 0, Avg:  0.0, Max: 0, Diff: 0, Sum: 0, Workers: 4
[7457.010s][debug][gc,phases      ] GC(295)     Total                          Min: 0, Avg: 13.5, Max: 54, Diff: 54, Sum: 54, Workers: 4
[7457.010s][debug][gc,phases      ] GC(295)   JVMTI Tag Weak OopStorage      Min:  0.0, Avg:  0.0, Max:  0.0, Diff:  0.0, Sum:  0.0, Workers: 4
[7457.010s][debug][gc,phases      ] GC(295)     Dead                           Min: 0, Avg:  0.0, Max: 0, Diff: 0, Sum: 0, Workers: 4
[7457.010s][debug][gc,phases      ] GC(295)     Total                          Min: 0, Avg:  0.0, Max: 0, Diff: 0, Sum: 0, Workers: 4
[7457.010s][debug][gc,phases      ] GC(295)   StringTable Weak               Min:  0.1, Avg:  0.2, Max:  0.2, Diff:  0.0, Sum:  0.6, Workers: 4
[7457.010s][debug][gc,phases      ] GC(295)     Dead                           Min: 0, Avg:  2.2, Max: 7, Diff: 7, Sum: 9, Workers: 4
[7457.010s][debug][gc,phases      ] GC(295)     Total                          Min: 9600, Avg: 10903.0, Max: 11612, Diff: 2012, Sum: 43612, Workers: 4
[7457.010s][debug][gc,phases      ] GC(295)   ResolvedMethodTable Weak       Min:  0.0, Avg:  0.0, Max:  0.0, Diff:  0.0, Sum:  0.1, Workers: 4
[7457.010s][debug][gc,phases      ] GC(295)     Dead                           Min: 0, Avg:  3.0, Max: 12, Diff: 12, Sum: 12, Workers: 4
[7457.010s][debug][gc,phases      ] GC(295)     Total                          Min: 0, Avg: 2221.8, Max: 3071, Diff: 3071, Sum: 8887, Workers: 4
[7457.010s][debug][gc,phases      ] GC(295)   JNI Weak                       Min:  0.0, Avg:  0.0, Max:  0.0, Diff:  0.0, Sum:  0.0, Workers: 4
[7457.010s][debug][gc,phases      ] GC(295)     Dead                           Min: 0, Avg:  0.0, Max: 0, Diff: 0, Sum: 0, Workers: 4
[7457.010s][debug][gc,phases      ] GC(295)     Total                          Min: 0, Avg: 11.2, Max: 45, Diff: 45, Sum: 45, Workers: 4
[7457.010s][debug][gc,phases      ] GC(295)   StringDedup Table Weak         Min:  0.0, Avg:  0.0, Max:  0.0, Diff:  0.0, Sum:  0.0, Workers: 4
[7457.010s][debug][gc,phases      ] GC(295)     Dead                           Min: 0, Avg:  0.0, Max: 0, Diff: 0, Sum: 0, Workers: 4
[7457.010s][debug][gc,phases      ] GC(295)     Total                          Min: 0, Avg:  0.0, Max: 0, Diff: 0, Sum: 0, Workers: 4
[7457.010s][debug][gc,phases      ] GC(295)   StringDedup Requests0 Weak     Min:  0.0, Avg:  0.0, Max:  0.0, Diff:  0.0, Sum:  0.0, Workers: 4
[7457.010s][debug][gc,phases      ] GC(295)     Dead                           Min: 0, Avg:  0.0, Max: 0, Diff: 0, Sum: 0, Workers: 4
[7457.010s][debug][gc,phases      ] GC(295)     Total                          Min: 0, Avg:  0.0, Max: 0, Diff: 0, Sum: 0, Workers: 4
[7457.010s][debug][gc,phases      ] GC(295)   StringDedup Requests1 Weak     Min:  0.0, Avg:  0.0, Max:  0.0, Diff:  0.0, Sum:  0.0, Workers: 4
[7457.010s][debug][gc,phases      ] GC(295)     Dead                           Min: 0, Avg:  0.0, Max: 0, Diff: 0, Sum: 0, Workers: 4
[7457.010s][debug][gc,phases      ] GC(295)     Total                          Min: 0, Avg:  0.0, Max: 0, Diff: 0, Sum: 0, Workers: 4
[7457.010s][debug][gc,phases      ] GC(295)   Weak JFR Old Object Samples    Min:  0.0, Avg:  0.0, Max:  0.0, Diff:  0.0, Sum:  0.0, Workers: 4
[7457.010s][debug][gc,phases      ] GC(295)     Dead                           Min: 0, Avg:  0.0, Max: 0, Diff: 0, Sum: 0, Workers: 4
[7457.010s][debug][gc,phases      ] GC(295)     Total                          Min: 0, Avg:  0.0, Max: 0, Diff: 0, Sum: 0, Workers: 4
[7457.010s][debug][gc,phases      ] GC(295) Weak Processing 0.396ms
[7457.010s][debug][gc,phases      ] GC(295) ClassLoaderData 0.159ms
[7457.010s][debug][gc,phases      ] GC(295) Trigger cleanups 0.007ms
[7457.040s][debug][gc,phases      ] GC(295) Class Unloading 29.994ms
[7457.040s][info ][gc,phases      ] GC(295) Marking Phase 128.631ms
[7457.040s][info ][gc,phases,start] GC(295) Summary Phase
[7457.040s][info ][gc,phases      ] GC(295) Summary Phase 0.015ms
[7457.040s][info ][gc,phases,start] GC(295) Adjust Roots
[7457.052s][info ][gc,phases      ] GC(295) Adjust Roots 11.953ms
[7457.052s][info ][gc,phases,start] GC(295) Compaction Phase
[7457.154s][info ][gc,phases      ] GC(295) Compaction Phase 102.369ms
[7457.154s][info ][gc,phases,start] GC(295) Post Compact
[7457.155s][info ][gc,phases      ] GC(295) Post Compact 0.844ms
[7457.155s][info ][gc,heap        ] GC(295) PSYoungGen: 50170K(1997824K)->0K(2022400K) Eden: 0K(1947648K)->0K(1947648K) From: 50170K(50176K)->0K(74752K)
[7457.155s][info ][gc,heap        ] GC(295) ParOldGen: 416804K(422400K)->320220K(560640K)
[7457.155s][info ][gc,metaspace   ] GC(295) Metaspace: 80218K(81152K)->80205K(81152K) NonClass: 68849K(69312K)->68840K(69312K) Class: 11369K(11840K)->11365K(11840K)
[7457.155s][info ][gc             ] GC(295) Pause Full (Ergonomics) 456M->312M(2522M) 244.106ms
[7457.156s][info ][gc,cpu         ] GC(295) User=0.78s Sys=0.00s Real=0.24s
[7457.156s][info ][safepoint      ] Safepoint "ParallelGCFailedAllocation", Time since last: 4187072307 ns, Reaching safepoint: 39000 ns, At safepoint: 288853567 ns, Total: 288892567 ns
[7464.156s][info ][safepoint      ] Safepoint "Cleanup", Time since last: 7000418356 ns, Reaching safepoint: 226900 ns, At safepoint: 15400 ns, Total: 242300 ns
[7465.156s][info ][safepoint      ] Safepoint "Cleanup", Time since last: 1000104082 ns, Reaching safepoint: 54700 ns, At safepoint: 6300 ns, Total: 61000 ns
[7466.156s][info ][safepoint      ] Safepoint "Cleanup", Time since last: 1000101683 ns, Reaching safepoint: 28100 ns, At safepoint: 3100 ns, Total: 31200 ns
[7467.157s][info ][safepoint      ] Safepoint "Cleanup", Time since last: 1000107184 ns, Reaching safepoint: 45400 ns, At safepoint: 5100 ns, Total: 50500 ns
[7468.157s][info ][safepoint      ] Safepoint "Cleanup", Time since last: 1000105285 ns, Reaching safepoint: 56100 ns, At safepoint: 2300 ns, Total: 58400 ns
[7470.157s][info ][safepoint      ] Safepoint "Cleanup", Time since last: 2000186671 ns, Reaching safepoint: 27500 ns, At safepoint: 2400 ns, Total: 29900 ns
[7471.157s][info ][safepoint      ] Safepoint "Cleanup", Time since last: 1000104987 ns, Reaching safepoint: 30200 ns, At safepoint: 2600 ns, Total: 32800 ns
[7472.157s][info ][safepoint      ] Safepoint "Cleanup", Time since last: 1000080787 ns, Reaching safepoint: 30300 ns, At safepoint: 2800 ns, Total: 33100 ns
[7474.157s][info ][safepoint      ] Safepoint "Cleanup", Time since last: 2000159577 ns, Reaching safepoint: 32900 ns, At safepoint: 3000 ns, Total: 35900 ns
[7475.820s][info ][gc,start       ] GC(296) Pause Young (Allocation Failure)
[7475.830s][debug][gc,phases      ] GC(296) Scavenge 10.247ms
[7475.830s][debug][gc,ref         ] GC(296) Skipped phase 1 of Reference Processing: no references
[7475.830s][debug][gc,ref         ] GC(296) ReferenceProcessor::execute queues: 1, RefProcThreadModel::Single, marks_oops_alive: false
[7475.830s][debug][gc,ref         ] GC(296) ReferenceProcessor::execute queues: 4, RefProcThreadModel::Multi, marks_oops_alive: true
[7475.830s][debug][gc,ref         ] GC(296) ReferenceProcessor::execute queues: 1, RefProcThreadModel::Single, marks_oops_alive: false
[7475.830s][debug][gc,phases      ] GC(296) Reference Processing 0.239ms
[7475.830s][debug][gc,phases      ] GC(296)   VM Weak                        Min:  0.0, Avg:  0.0, Max:  0.0, Diff:  0.0, Sum:  0.0, Workers: 4
[7475.830s][debug][gc,phases      ] GC(296)     Dead                           Min: 0, Avg:  0.0, Max: 0, Diff: 0, Sum: 0, Workers: 4
[7475.830s][debug][gc,phases      ] GC(296)     Total                          Min: 0, Avg: 148.2, Max: 593, Diff: 593, Sum: 593, Workers: 4
[7475.830s][debug][gc,phases      ] GC(296)   ObjectSynchronizer Weak        Min:  0.0, Avg:  0.0, Max:  0.0, Diff:  0.0, Sum:  0.0, Workers: 4
[7475.830s][debug][gc,phases      ] GC(296)     Dead                           Min: 0, Avg:  0.0, Max: 0, Diff: 0, Sum: 0, Workers: 4
[7475.830s][debug][gc,phases      ] GC(296)     Total                          Min: 0, Avg: 13.5, Max: 54, Diff: 54, Sum: 54, Workers: 4
[7475.830s][debug][gc,phases      ] GC(296)   JVMTI Tag Weak OopStorage      Min:  0.0, Avg:  0.0, Max:  0.0, Diff:  0.0, Sum:  0.0, Workers: 4
[7475.830s][debug][gc,phases      ] GC(296)     Dead                           Min: 0, Avg:  0.0, Max: 0, Diff: 0, Sum: 0, Workers: 4
[7475.830s][debug][gc,phases      ] GC(296)     Total                          Min: 0, Avg:  0.0, Max: 0, Diff: 0, Sum: 0, Workers: 4
[7475.830s][debug][gc,phases      ] GC(296)   StringTable Weak               Min:  0.0, Avg:  0.1, Max:  0.1, Diff:  0.1, Sum:  0.4, Workers: 4
[7475.830s][debug][gc,phases      ] GC(296)     Dead                           Min: 0, Avg:  0.2, Max: 1, Diff: 1, Sum: 1, Workers: 4
[7475.830s][debug][gc,phases      ] GC(296)     Total                          Min: 0, Avg: 10906.2, Max: 16236, Diff: 16236, Sum: 43625, Workers: 4
[7475.830s][debug][gc,phases      ] GC(296)   ResolvedMethodTable Weak       Min:  0.0, Avg:  0.0, Max:  0.0, Diff:  0.0, Sum:  0.1, Workers: 4
[7475.830s][debug][gc,phases      ] GC(296)     Dead                           Min: 0, Avg:  0.0, Max: 0, Diff: 0, Sum: 0, Workers: 4
[7475.830s][debug][gc,phases      ] GC(296)     Total                          Min: 0, Avg: 2222.0, Max: 3072, Diff: 3072, Sum: 8888, Workers: 4
[7475.830s][debug][gc,phases      ] GC(296)   JNI Weak                       Min:  0.0, Avg:  0.0, Max:  0.0, Diff:  0.0, Sum:  0.0, Workers: 4
[7475.830s][debug][gc,phases      ] GC(296)     Dead                           Min: 0, Avg:  0.0, Max: 0, Diff: 0, Sum: 0, Workers: 4
[7475.830s][debug][gc,phases      ] GC(296)     Total                          Min: 0, Avg: 11.2, Max: 45, Diff: 45, Sum: 45, Workers: 4
[7475.830s][debug][gc,phases      ] GC(296)   StringDedup Table Weak         Min:  0.0, Avg:  0.0, Max:  0.0, Diff:  0.0, Sum:  0.0, Workers: 4
[7475.830s][debug][gc,phases      ] GC(296)     Dead                           Min: 0, Avg:  0.0, Max: 0, Diff: 0, Sum: 0, Workers: 4
[7475.830s][debug][gc,phases      ] GC(296)     Total                          Min: 0, Avg:  0.0, Max: 0, Diff: 0, Sum: 0, Workers: 4
[7475.830s][debug][gc,phases      ] GC(296)   StringDedup Requests0 Weak     Min:  0.0, Avg:  0.0, Max:  0.0, Diff:  0.0, Sum:  0.0, Workers: 4
[7475.830s][debug][gc,phases      ] GC(296)     Dead                           Min: 0, Avg:  0.0, Max: 0, Diff: 0, Sum: 0, Workers: 4
[7475.830s][debug][gc,phases      ] GC(296)     Total                          Min: 0, Avg:  0.0, Max: 0, Diff: 0, Sum: 0, Workers: 4
[7475.830s][debug][gc,phases      ] GC(296)   StringDedup Requests1 Weak     Min:  0.0, Avg:  0.0, Max:  0.0, Diff:  0.0, Sum:  0.0, Workers: 4
[7475.830s][debug][gc,phases      ] GC(296)     Dead                           Min: 0, Avg:  0.0, Max: 0, Diff: 0, Sum: 0, Workers: 4
[7475.830s][debug][gc,phases      ] GC(296)     Total                          Min: 0, Avg:  0.0, Max: 0, Diff: 0, Sum: 0, Workers: 4
[7475.830s][debug][gc,phases      ] GC(296)   Weak JFR Old Object Samples    Min:  0.0, Avg:  0.0, Max:  0.0, Diff:  0.0, Sum:  0.0, Workers: 4
[7475.830s][debug][gc,phases      ] GC(296)     Dead                           Min: 0, Avg:  0.0, Max: 0, Diff: 0, Sum: 0, Workers: 4
[7475.830s][debug][gc,phases      ] GC(296)     Total                          Min: 0, Avg:  0.0, Max: 0, Diff: 0, Sum: 0, Workers: 4
[7475.830s][debug][gc,phases      ] GC(296) Weak Processing 0.303ms
[7475.830s][debug][gc,age         ] GC(296) Desired survivor size 72876032 bytes, new threshold 14 (max threshold 15)
[7475.830s][info ][gc,heap        ] GC(296) PSYoungGen: 1947648K(2022400K)->13735K(2025984K) Eden: 1947648K(1947648K)->0K(1951232K) From: 0K(74752K)->13735K(74752K)
[7475.830s][info ][gc,heap        ] GC(296) ParOldGen: 320220K(560640K)->320228K(560640K)
[7475.830s][info ][gc,metaspace   ] GC(296) Metaspace: 80287K(81216K)->80287K(81216K) NonClass: 68918K(69376K)->68918K(69376K) Class: 11369K(11840K)->11369K(11840K)
[7475.830s][info ][gc             ] GC(296) Pause Young (Allocation Failure) 2214M->326M(2526M) 10.890ms
[7475.830s][info ][gc,cpu         ] GC(296) User=0.03s Sys=0.00s Real=0.01s
[7475.830s][info ][safepoint      ] Safepoint "ParallelGCFailedAllocation", Time since last: 1661869180 ns, Reaching safepoint: 143701 ns, At safepoint: 10962106 ns, Total: 11105807 ns
[7506.832s][info ][safepoint      ] Safepoint "Cleanup", Time since last: 31001864340 ns, Reaching safepoint: 73100 ns, At safepoint: 5500 ns, Total: 78600 ns
[7511.833s][info ][safepoint      ] Safepoint "Cleanup", Time since last: 5000368568 ns, Reaching safepoint: 46900 ns, At safepoint: 2700 ns, Total: 49600 ns
[7515.068s][info ][gc,start       ] GC(297) Pause Young (Allocation Failure)
[7515.077s][debug][gc,phases      ] GC(297) Scavenge 8.780ms
[7515.077s][debug][gc,ref         ] GC(297) Skipped phase 1 of Reference Processing: no references
[7515.077s][debug][gc,ref         ] GC(297) ReferenceProcessor::execute queues: 1, RefProcThreadModel::Single, marks_oops_alive: false
[7515.077s][debug][gc,ref         ] GC(297) ReferenceProcessor::execute queues: 4, RefProcThreadModel::Multi, marks_oops_alive: true
[7515.077s][debug][gc,ref         ] GC(297) ReferenceProcessor::execute queues: 1, RefProcThreadModel::Single, marks_oops_alive: false
[7515.077s][debug][gc,phases      ] GC(297) Reference Processing 0.161ms
[7515.077s][debug][gc,phases      ] GC(297)   VM Weak                        Min:  0.0, Avg:  0.0, Max:  0.0, Diff:  0.0, Sum:  0.0, Workers: 4
[7515.077s][debug][gc,phases      ] GC(297)     Dead                           Min: 0, Avg:  0.0, Max: 0, Diff: 0, Sum: 0, Workers: 4
[7515.077s][debug][gc,phases      ] GC(297)     Total                          Min: 0, Avg: 148.8, Max: 595, Diff: 595, Sum: 595, Workers: 4
[7515.077s][debug][gc,phases      ] GC(297)   ObjectSynchronizer Weak        Min:  0.0, Avg:  0.0, Max:  0.0, Diff:  0.0, Sum:  0.0, Workers: 4
[7515.077s][debug][gc,phases      ] GC(297)     Dead                           Min: 0, Avg:  0.0, Max: 0, Diff: 0, Sum: 0, Workers: 4
[7515.077s][debug][gc,phases      ] GC(297)     Total                          Min: 0, Avg: 13.5, Max: 54, Diff: 54, Sum: 54, Workers: 4
[7515.077s][debug][gc,phases      ] GC(297)   JVMTI Tag Weak OopStorage      Min:  0.0, Avg:  0.0, Max:  0.0, Diff:  0.0, Sum:  0.0, Workers: 4
[7515.077s][debug][gc,phases      ] GC(297)     Dead                           Min: 0, Avg:  0.0, Max: 0, Diff: 0, Sum: 0, Workers: 4
[7515.077s][debug][gc,phases      ] GC(297)     Total                          Min: 0, Avg:  0.0, Max: 0, Diff: 0, Sum: 0, Workers: 4
[7515.077s][debug][gc,phases      ] GC(297)   StringTable Weak               Min:  0.0, Avg:  0.1, Max:  0.1, Diff:  0.1, Sum:  0.3, Workers: 4
[7515.077s][debug][gc,phases      ] GC(297)     Dead                           Min: 0, Avg:  0.0, Max: 0, Diff: 0, Sum: 0, Workers: 4
[7515.077s][debug][gc,phases      ] GC(297)     Total                          Min: 0, Avg: 10910.2, Max: 19643, Diff: 19643, Sum: 43641, Workers: 4
[7515.077s][debug][gc,phases      ] GC(297)   ResolvedMethodTable Weak       Min:  0.0, Avg:  0.0, Max:  0.0, Diff:  0.0, Sum:  0.1, Workers: 4
[7515.077s][debug][gc,phases      ] GC(297)     Dead                           Min: 0, Avg:  0.0, Max: 0, Diff: 0, Sum: 0, Workers: 4
[7515.077s][debug][gc,phases      ] GC(297)     Total                          Min: 0, Avg: 2222.0, Max: 3961, Diff: 3961, Sum: 8888, Workers: 4
[7515.077s][debug][gc,phases      ] GC(297)   JNI Weak                       Min:  0.0, Avg:  0.0, Max:  0.0, Diff:  0.0, Sum:  0.0, Workers: 4
[7515.077s][debug][gc,phases      ] GC(297)     Dead                           Min: 0, Avg:  0.0, Max: 0, Diff: 0, Sum: 0, Workers: 4
[7515.077s][debug][gc,phases      ] GC(297)     Total                          Min: 0, Avg: 11.2, Max: 45, Diff: 45, Sum: 45, Workers: 4
[7515.077s][debug][gc,phases      ] GC(297)   StringDedup Table Weak         Min:  0.0, Avg:  0.0, Max:  0.0, Diff:  0.0, Sum:  0.0, Workers: 4
[7515.077s][debug][gc,phases      ] GC(297)     Dead                           Min: 0, Avg:  0.0, Max: 0, Diff: 0, Sum: 0, Workers: 4
[7515.077s][debug][gc,phases      ] GC(297)     Total                          Min: 0, Avg:  0.0, Max: 0, Diff: 0, Sum: 0, Workers: 4
[7515.077s][debug][gc,phases      ] GC(297)   StringDedup Requests0 Weak     Min:  0.0, Avg:  0.0, Max:  0.0, Diff:  0.0, Sum:  0.0, Workers: 4
[7515.077s][debug][gc,phases      ] GC(297)     Dead                           Min: 0, Avg:  0.0, Max: 0, Diff: 0, Sum: 0, Workers: 4
[7515.077s][debug][gc,phases      ] GC(297)     Total                          Min: 0, Avg:  0.0, Max: 0, Diff: 0, Sum: 0, Workers: 4
[7515.077s][debug][gc,phases      ] GC(297)   StringDedup Requests1 Weak     Min:  0.0, Avg:  0.0, Max:  0.0, Diff:  0.0, Sum:  0.0, Workers: 4
[7515.077s][debug][gc,phases      ] GC(297)     Dead                           Min: 0, Avg:  0.0, Max: 0, Diff: 0, Sum: 0, Workers: 4
[7515.077s][debug][gc,phases      ] GC(297)     Total                          Min: 0, Avg:  0.0, Max: 0, Diff: 0, Sum: 0, Workers: 4
[7515.077s][debug][gc,phases      ] GC(297)   Weak JFR Old Object Samples    Min:  0.0, Avg:  0.0, Max:  0.0, Diff:  0.0, Sum:  0.0, Workers: 4
[7515.077s][debug][gc,phases      ] GC(297)     Dead                           Min: 0, Avg:  0.0, Max: 0, Diff: 0, Sum: 0, Workers: 4
[7515.077s][debug][gc,phases      ] GC(297)     Total                          Min: 0, Avg:  0.0, Max: 0, Diff: 0, Sum: 0, Workers: 4
[7515.077s][debug][gc,phases      ] GC(297) Weak Processing 0.299ms
[7515.077s][debug][gc,age         ] GC(297) Desired survivor size 68157440 bytes, new threshold 15 (max threshold 15)
[7515.077s][info ][gc,heap        ] GC(297) PSYoungGen: 1964967K(2025984K)->22569K(2022400K) Eden: 1951232K(1951232K)->0K(1951232K) From: 13735K(74752K)->22569K(71168K)
[7515.077s][info ][gc,heap        ] GC(297) ParOldGen: 320228K(560640K)->320236K(560640K)
[7515.077s][info ][gc,metaspace   ] GC(297) Metaspace: 80356K(81280K)->80356K(81280K) NonClass: 68986K(69440K)->68986K(69440K) Class: 11370K(11840K)->11370K(11840K)
[7515.077s][info ][gc             ] GC(297) Pause Young (Allocation Failure) 2231M->334M(2522M) 9.347ms
[7515.077s][info ][gc,cpu         ] GC(297) User=0.03s Sys=0.00s Real=0.00s
[7515.077s][info ][safepoint      ] Safepoint "ParallelGCFailedAllocation", Time since last: 3234807294 ns, Reaching safepoint: 37900 ns, At safepoint: 9406706 ns, Total: 9444606 ns
[7536.819s][info ][gc,start       ] GC(298) Pause Young (Allocation Failure)
[7536.826s][debug][gc,phases      ] GC(298) Scavenge 6.748ms
[7536.826s][debug][gc,ref         ] GC(298) Skipped phase 1 of Reference Processing: no references
[7536.826s][debug][gc,ref         ] GC(298) ReferenceProcessor::execute queues: 1, RefProcThreadModel::Single, marks_oops_alive: false
[7536.826s][debug][gc,ref         ] GC(298) ReferenceProcessor::execute queues: 4, RefProcThreadModel::Multi, marks_oops_alive: true
[7536.826s][debug][gc,ref         ] GC(298) ReferenceProcessor::execute queues: 1, RefProcThreadModel::Single, marks_oops_alive: false
[7536.826s][debug][gc,phases      ] GC(298) Reference Processing 0.133ms
[7536.826s][debug][gc,phases      ] GC(298)   VM Weak                        Min:  0.0, Avg:  0.0, Max:  0.0, Diff:  0.0, Sum:  0.0, Workers: 4
[7536.826s][debug][gc,phases      ] GC(298)     Dead                           Min: 0, Avg:  0.0, Max: 0, Diff: 0, Sum: 0, Workers: 4
[7536.826s][debug][gc,phases      ] GC(298)     Total                          Min: 0, Avg: 148.8, Max: 595, Diff: 595, Sum: 595, Workers: 4
[7536.826s][debug][gc,phases      ] GC(298)   ObjectSynchronizer Weak        Min:  0.0, Avg:  0.0, Max:  0.0, Diff:  0.0, Sum:  0.0, Workers: 4
[7536.826s][debug][gc,phases      ] GC(298)     Dead                           Min: 0, Avg:  0.0, Max: 0, Diff: 0, Sum: 0, Workers: 4
[7536.826s][debug][gc,phases      ] GC(298)     Total                          Min: 0, Avg: 13.5, Max: 54, Diff: 54, Sum: 54, Workers: 4
[7536.827s][debug][gc,phases      ] GC(298)   JVMTI Tag Weak OopStorage      Min:  0.0, Avg:  0.0, Max:  0.0, Diff:  0.0, Sum:  0.0, Workers: 4
[7536.827s][debug][gc,phases      ] GC(298)     Dead                           Min: 0, Avg:  0.0, Max: 0, Diff: 0, Sum: 0, Workers: 4
[7536.827s][debug][gc,phases      ] GC(298)     Total                          Min: 0, Avg:  0.0, Max: 0, Diff: 0, Sum: 0, Workers: 4
[7536.827s][debug][gc,phases      ] GC(298)   StringTable Weak               Min:  0.1, Avg:  0.1, Max:  0.1, Diff:  0.0, Sum:  0.4, Workers: 4
[7536.827s][debug][gc,phases      ] GC(298)     Dead                           Min: 0, Avg:  0.0, Max: 0, Diff: 0, Sum: 0, Workers: 4
[7536.827s][debug][gc,phases      ] GC(298)     Total                          Min: 10368, Avg: 10910.2, Max: 11579, Diff: 1211, Sum: 43641, Workers: 4
[7536.827s][debug][gc,phases      ] GC(298)   ResolvedMethodTable Weak       Min:  0.0, Avg:  0.0, Max:  0.0, Diff:  0.0, Sum:  0.1, Workers: 4
[7536.827s][debug][gc,phases      ] GC(298)     Dead                           Min: 0, Avg:  0.0, Max: 0, Diff: 0, Sum: 0, Workers: 4
[7536.827s][debug][gc,phases      ] GC(298)     Total                          Min: 2111, Avg: 2222.0, Max: 2304, Diff: 193, Sum: 8888, Workers: 4
[7536.827s][debug][gc,phases      ] GC(298)   JNI Weak                       Min:  0.0, Avg:  0.0, Max:  0.0, Diff:  0.0, Sum:  0.0, Workers: 4
[7536.827s][debug][gc,phases      ] GC(298)     Dead                           Min: 0, Avg:  0.0, Max: 0, Diff: 0, Sum: 0, Workers: 4
[7536.827s][debug][gc,phases      ] GC(298)     Total                          Min: 0, Avg: 11.2, Max: 45, Diff: 45, Sum: 45, Workers: 4
[7536.827s][debug][gc,phases      ] GC(298)   StringDedup Table Weak         Min:  0.0, Avg:  0.0, Max:  0.0, Diff:  0.0, Sum:  0.0, Workers: 4
[7536.827s][debug][gc,phases      ] GC(298)     Dead                           Min: 0, Avg:  0.0, Max: 0, Diff: 0, Sum: 0, Workers: 4
[7536.827s][debug][gc,phases      ] GC(298)     Total                          Min: 0, Avg:  0.0, Max: 0, Diff: 0, Sum: 0, Workers: 4
[7536.827s][debug][gc,phases      ] GC(298)   StringDedup Requests0 Weak     Min:  0.0, Avg:  0.0, Max:  0.0, Diff:  0.0, Sum:  0.0, Workers: 4
[7536.827s][debug][gc,phases      ] GC(298)     Dead                           Min: 0, Avg:  0.0, Max: 0, Diff: 0, Sum: 0, Workers: 4
[7536.827s][debug][gc,phases      ] GC(298)     Total                          Min: 0, Avg:  0.0, Max: 0, Diff: 0, Sum: 0, Workers: 4
[7536.827s][debug][gc,phases      ] GC(298)   StringDedup Requests1 Weak     Min:  0.0, Avg:  0.0, Max:  0.0, Diff:  0.0, Sum:  0.0, Workers: 4
[7536.827s][debug][gc,phases      ] GC(298)     Dead                           Min: 0, Avg:  0.0, Max: 0, Diff: 0, Sum: 0, Workers: 4
[7536.827s][debug][gc,phases      ] GC(298)     Total                          Min: 0, Avg:  0.0, Max: 0, Diff: 0, Sum: 0, Workers: 4
[7536.827s][debug][gc,phases      ] GC(298)   Weak JFR Old Object Samples    Min:  0.0, Avg:  0.0, Max:  0.0, Diff:  0.0, Sum:  0.0, Workers: 4
[7536.827s][debug][gc,phases      ] GC(298)     Dead                           Min: 0, Avg:  0.0, Max: 0, Diff: 0, Sum: 0, Workers: 4
[7536.827s][debug][gc,phases      ] GC(298)     Total                          Min: 0, Avg:  0.0, Max: 0, Diff: 0, Sum: 0, Workers: 4
[7536.827s][debug][gc,phases      ] GC(298) Weak Processing 0.271ms
[7536.827s][debug][gc,age         ] GC(298) Desired survivor size 63438848 bytes, new threshold 15 (max threshold 15)
[7536.827s][info ][gc,heap        ] GC(298) PSYoungGen: 1973801K(2022400K)->22489K(2035200K) Eden: 1951232K(1951232K)->0K(1968640K) From: 22569K(71168K)->22489K(66560K)
[7536.827s][info ][gc,heap        ] GC(298) ParOldGen: 320236K(560640K)->320236K(560640K)
[7536.827s][info ][gc,metaspace   ] GC(298) Metaspace: 80358K(81280K)->80358K(81280K) NonClass: 68988K(69440K)->68988K(69440K) Class: 11370K(11840K)->11370K(11840K)
[7536.827s][info ][gc             ] GC(298) Pause Young (Allocation Failure) 2240M->334M(2535M) 7.235ms
[7536.827s][info ][gc,cpu         ] GC(298) User=0.02s Sys=0.01s Real=0.01s
[7536.827s][info ][safepoint      ] Safepoint "ParallelGCFailedAllocation", Time since last: 21742194578 ns, Reaching safepoint: 95800 ns, At safepoint: 7309705 ns, Total: 7405505 ns
[7541.827s][info ][safepoint      ] Safepoint "Cleanup", Time since last: 5000343866 ns, Reaching safepoint: 43700 ns, At safepoint: 2500 ns, Total: 46200 ns
[7545.830s][info ][safepoint      ] Safepoint "Cleanup", Time since last: 4000295544 ns, Reaching safepoint: 2159101 ns, At safepoint: 9500 ns, Total: 2168601 ns
[7559.071s][info ][gc,start       ] GC(299) Pause Young (Allocation Failure)
[7559.082s][debug][gc,phases      ] GC(299) Scavenge 10.985ms
[7559.082s][debug][gc,ref         ] GC(299) Skipped phase 1 of Reference Processing: no references
[7559.082s][debug][gc,ref         ] GC(299) ReferenceProcessor::execute queues: 1, RefProcThreadModel::Single, marks_oops_alive: false
[7559.082s][debug][gc,ref         ] GC(299) Skipped phase 3 of Reference Processing: no references
[7559.082s][debug][gc,ref         ] GC(299) ReferenceProcessor::execute queues: 1, RefProcThreadModel::Single, marks_oops_alive: false
[7559.082s][debug][gc,phases      ] GC(299) Reference Processing 0.113ms
[7559.082s][debug][gc,phases      ] GC(299)   VM Weak                        Min:  0.0, Avg:  0.0, Max:  0.0, Diff:  0.0, Sum:  0.0, Workers: 4
[7559.082s][debug][gc,phases      ] GC(299)     Dead                           Min: 0, Avg:  0.0, Max: 0, Diff: 0, Sum: 0, Workers: 4
[7559.082s][debug][gc,phases      ] GC(299)     Total                          Min: 0, Avg: 148.8, Max: 506, Diff: 506, Sum: 595, Workers: 4
[7559.082s][debug][gc,phases      ] GC(299)   ObjectSynchronizer Weak        Min:  0.0, Avg:  0.0, Max:  0.0, Diff:  0.0, Sum:  0.0, Workers: 4
[7559.082s][debug][gc,phases      ] GC(299)     Dead                           Min: 0, Avg:  0.0, Max: 0, Diff: 0, Sum: 0, Workers: 4
[7559.082s][debug][gc,phases      ] GC(299)     Total                          Min: 0, Avg: 13.5, Max: 54, Diff: 54, Sum: 54, Workers: 4
[7559.082s][debug][gc,phases      ] GC(299)   JVMTI Tag Weak OopStorage      Min:  0.0, Avg:  0.0, Max:  0.0, Diff:  0.0, Sum:  0.0, Workers: 4
[7559.082s][debug][gc,phases      ] GC(299)     Dead                           Min: 0, Avg:  0.0, Max: 0, Diff: 0, Sum: 0, Workers: 4
[7559.082s][debug][gc,phases      ] GC(299)     Total                          Min: 0, Avg:  0.0, Max: 0, Diff: 0, Sum: 0, Workers: 4
[7559.082s][debug][gc,phases      ] GC(299)   StringTable Weak               Min:  0.1, Avg:  0.1, Max:  0.1, Diff:  0.0, Sum:  0.4, Workers: 4
[7559.082s][debug][gc,phases      ] GC(299)     Dead                           Min: 0, Avg:  0.0, Max: 0, Diff: 0, Sum: 0, Workers: 4
[7559.082s][debug][gc,phases      ] GC(299)     Total                          Min: 10752, Avg: 10910.2, Max: 11066, Diff: 314, Sum: 43641, Workers: 4
[7559.082s][debug][gc,phases      ] GC(299)   ResolvedMethodTable Weak       Min:  0.0, Avg:  0.0, Max:  0.0, Diff:  0.0, Sum:  0.1, Workers: 4
[7559.082s][debug][gc,phases      ] GC(299)     Dead                           Min: 0, Avg:  0.0, Max: 0, Diff: 0, Sum: 0, Workers: 4
[7559.082s][debug][gc,phases      ] GC(299)     Total                          Min: 2111, Avg: 2222.0, Max: 2367, Diff: 256, Sum: 8888, Workers: 4
[7559.082s][debug][gc,phases      ] GC(299)   JNI Weak                       Min:  0.0, Avg:  0.0, Max:  0.0, Diff:  0.0, Sum:  0.0, Workers: 4
[7559.082s][debug][gc,phases      ] GC(299)     Dead                           Min: 0, Avg:  0.0, Max: 0, Diff: 0, Sum: 0, Workers: 4
[7559.082s][debug][gc,phases      ] GC(299)     Total                          Min: 0, Avg: 11.2, Max: 45, Diff: 45, Sum: 45, Workers: 4
[7559.082s][debug][gc,phases      ] GC(299)   StringDedup Table Weak         Min:  0.0, Avg:  0.0, Max:  0.0, Diff:  0.0, Sum:  0.0, Workers: 4
[7559.082s][debug][gc,phases      ] GC(299)     Dead                           Min: 0, Avg:  0.0, Max: 0, Diff: 0, Sum: 0, Workers: 4
[7559.082s][debug][gc,phases      ] GC(299)     Total                          Min: 0, Avg:  0.0, Max: 0, Diff: 0, Sum: 0, Workers: 4
[7559.082s][debug][gc,phases      ] GC(299)   StringDedup Requests0 Weak     Min:  0.0, Avg:  0.0, Max:  0.0, Diff:  0.0, Sum:  0.0, Workers: 4
[7559.082s][debug][gc,phases      ] GC(299)     Dead                           Min: 0, Avg:  0.0, Max: 0, Diff: 0, Sum: 0, Workers: 4
[7559.082s][debug][gc,phases      ] GC(299)     Total                          Min: 0, Avg:  0.0, Max: 0, Diff: 0, Sum: 0, Workers: 4
[7559.082s][debug][gc,phases      ] GC(299)   StringDedup Requests1 Weak     Min:  0.0, Avg:  0.0, Max:  0.0, Diff:  0.0, Sum:  0.0, Workers: 4
[7559.082s][debug][gc,phases      ] GC(299)     Dead                           Min: 0, Avg:  0.0, Max: 0, Diff: 0, Sum: 0, Workers: 4
[7559.082s][debug][gc,phases      ] GC(299)     Total                          Min: 0, Avg:  0.0, Max: 0, Diff: 0, Sum: 0, Workers: 4
[7559.082s][debug][gc,phases      ] GC(299)   Weak JFR Old Object Samples    Min:  0.0, Avg:  0.0, Max:  0.0, Diff:  0.0, Sum:  0.0, Workers: 4
[7559.082s][debug][gc,phases      ] GC(299)     Dead                           Min: 0, Avg:  0.0, Max: 0, Diff: 0, Sum: 0, Workers: 4
[7559.082s][debug][gc,phases      ] GC(299)     Total                          Min: 0, Avg:  0.0, Max: 0, Diff: 0, Sum: 0, Workers: 4
[7559.083s][debug][gc,phases      ] GC(299) Weak Processing 0.386ms
[7559.083s][debug][gc,age         ] GC(299) Desired survivor size 59768832 bytes, new threshold 15 (max threshold 15)
[7559.083s][info ][gc,heap        ] GC(299) PSYoungGen: 1991129K(2035200K)->22361K(2030592K) Eden: 1968640K(1968640K)->0K(1968640K) From: 22489K(66560K)->22361K(61952K)
[7559.083s][info ][gc,heap        ] GC(299) ParOldGen: 320236K(560640K)->320236K(560640K)
[7559.083s][info ][gc,metaspace   ] GC(299) Metaspace: 80362K(81280K)->80362K(81280K) NonClass: 68992K(69440K)->68992K(69440K) Class: 11370K(11840K)->11370K(11840K)
[7559.083s][info ][gc             ] GC(299) Pause Young (Allocation Failure) 2257M->334M(2530M) 11.595ms
[7559.083s][info ][gc,cpu         ] GC(299) User=0.02s Sys=0.00s Real=0.01s
[7559.083s][info ][safepoint      ] Safepoint "ParallelGCFailedAllocation", Time since last: 13241369791 ns, Reaching safepoint: 28000 ns, At safepoint: 11670508 ns, Total: 11698508 ns
[7564.083s][info ][safepoint      ] Safepoint "Cleanup", Time since last: 5000343434 ns, Reaching safepoint: 85701 ns, At safepoint: 3400 ns, Total: 89101 ns
[7569.083s][info ][safepoint      ] Safepoint "Cleanup", Time since last: 5000341949 ns, Reaching safepoint: 63200 ns, At safepoint: 5300 ns, Total: 68500 ns
[7582.320s][info ][gc,start       ] GC(300) Pause Young (Allocation Failure)
[7582.327s][debug][gc,phases      ] GC(300) Scavenge 7.109ms
[7582.327s][debug][gc,ref         ] GC(300) Skipped phase 1 of Reference Processing: no references
[7582.328s][debug][gc,ref         ] GC(300) ReferenceProcessor::execute queues: 1, RefProcThreadModel::Single, marks_oops_alive: false
[7582.328s][debug][gc,ref         ] GC(300) Skipped phase 3 of Reference Processing: no references
[7582.328s][debug][gc,ref         ] GC(300) ReferenceProcessor::execute queues: 1, RefProcThreadModel::Single, marks_oops_alive: false
[7582.328s][debug][gc,phases      ] GC(300) Reference Processing 0.098ms
[7582.328s][debug][gc,phases      ] GC(300)   VM Weak                        Min:  0.0, Avg:  0.0, Max:  0.0, Diff:  0.0, Sum:  0.0, Workers: 4
[7582.328s][debug][gc,phases      ] GC(300)     Dead                           Min: 0, Avg:  0.0, Max: 0, Diff: 0, Sum: 0, Workers: 4
[7582.328s][debug][gc,phases      ] GC(300)     Total                          Min: 0, Avg: 148.8, Max: 506, Diff: 506, Sum: 595, Workers: 4
[7582.328s][debug][gc,phases      ] GC(300)   ObjectSynchronizer Weak        Min:  0.0, Avg:  0.0, Max:  0.0, Diff:  0.0, Sum:  0.0, Workers: 4
[7582.328s][debug][gc,phases      ] GC(300)     Dead                           Min: 0, Avg:  0.0, Max: 0, Diff: 0, Sum: 0, Workers: 4
[7582.328s][debug][gc,phases      ] GC(300)     Total                          Min: 0, Avg: 13.5, Max: 54, Diff: 54, Sum: 54, Workers: 4
[7582.328s][debug][gc,phases      ] GC(300)   JVMTI Tag Weak OopStorage      Min:  0.0, Avg:  0.0, Max:  0.0, Diff:  0.0, Sum:  0.0, Workers: 4
[7582.328s][debug][gc,phases      ] GC(300)     Dead                           Min: 0, Avg:  0.0, Max: 0, Diff: 0, Sum: 0, Workers: 4
[7582.328s][debug][gc,phases      ] GC(300)     Total                          Min: 0, Avg:  0.0, Max: 0, Diff: 0, Sum: 0, Workers: 4
[7582.328s][debug][gc,phases      ] GC(300)   StringTable Weak               Min:  0.1, Avg:  0.1, Max:  0.1, Diff:  0.0, Sum:  0.4, Workers: 4
[7582.328s][debug][gc,phases      ] GC(300)     Dead                           Min: 0, Avg:  0.0, Max: 0, Diff: 0, Sum: 0, Workers: 4
[7582.328s][debug][gc,phases      ] GC(300)     Total                          Min: 10176, Avg: 10910.5, Max: 11260, Diff: 1084, Sum: 43642, Workers: 4
[7582.328s][debug][gc,phases      ] GC(300)   ResolvedMethodTable Weak       Min:  0.0, Avg:  0.0, Max:  0.0, Diff:  0.0, Sum:  0.1, Workers: 4
[7582.328s][debug][gc,phases      ] GC(300)     Dead                           Min: 0, Avg:  0.0, Max: 0, Diff: 0, Sum: 0, Workers: 4
[7582.328s][debug][gc,phases      ] GC(300)     Total                          Min: 2042, Avg: 2222.0, Max: 2431, Diff: 389, Sum: 8888, Workers: 4
[7582.328s][debug][gc,phases      ] GC(300)   JNI Weak                       Min:  0.0, Avg:  0.0, Max:  0.0, Diff:  0.0, Sum:  0.0, Workers: 4
[7582.328s][debug][gc,phases      ] GC(300)     Dead                           Min: 0, Avg:  0.0, Max: 0, Diff: 0, Sum: 0, Workers: 4
[7582.328s][debug][gc,phases      ] GC(300)     Total                          Min: 0, Avg: 11.2, Max: 45, Diff: 45, Sum: 45, Workers: 4
[7582.328s][debug][gc,phases      ] GC(300)   StringDedup Table Weak         Min:  0.0, Avg:  0.0, Max:  0.0, Diff:  0.0, Sum:  0.0, Workers: 4
[7582.328s][debug][gc,phases      ] GC(300)     Dead                           Min: 0, Avg:  0.0, Max: 0, Diff: 0, Sum: 0, Workers: 4
[7582.328s][debug][gc,phases      ] GC(300)     Total                          Min: 0, Avg:  0.0, Max: 0, Diff: 0, Sum: 0, Workers: 4
[7582.328s][debug][gc,phases      ] GC(300)   StringDedup Requests0 Weak     Min:  0.0, Avg:  0.0, Max:  0.0, Diff:  0.0, Sum:  0.0, Workers: 4
[7582.328s][debug][gc,phases      ] GC(300)     Dead                           Min: 0, Avg:  0.0, Max: 0, Diff: 0, Sum: 0, Workers: 4
[7582.328s][debug][gc,phases      ] GC(300)     Total                          Min: 0, Avg:  0.0, Max: 0, Diff: 0, Sum: 0, Workers: 4
[7582.328s][debug][gc,phases      ] GC(300)   StringDedup Requests1 Weak     Min:  0.0, Avg:  0.0, Max:  0.0, Diff:  0.0, Sum:  0.0, Workers: 4
[7582.328s][debug][gc,phases      ] GC(300)     Dead                           Min: 0, Avg:  0.0, Max: 0, Diff: 0, Sum: 0, Workers: 4
[7582.328s][debug][gc,phases      ] GC(300)     Total                          Min: 0, Avg:  0.0, Max: 0, Diff: 0, Sum: 0, Workers: 4
[7582.328s][debug][gc,phases      ] GC(300)   Weak JFR Old Object Samples    Min:  0.0, Avg:  0.0, Max:  0.0, Diff:  0.0, Sum:  0.0, Workers: 4
[7582.328s][debug][gc,phases      ] GC(300)     Dead                           Min: 0, Avg:  0.0, Max: 0, Diff: 0, Sum: 0, Workers: 4
[7582.328s][debug][gc,phases      ] GC(300)     Total                          Min: 0, Avg:  0.0, Max: 0, Diff: 0, Sum: 0, Workers: 4
[7582.328s][debug][gc,phases      ] GC(300) Weak Processing 0.301ms
[7582.328s][debug][gc,age         ] GC(300) Desired survivor size 56098816 bytes, new threshold 15 (max threshold 15)
[7582.328s][info ][gc,heap        ] GC(300) PSYoungGen: 1991001K(2030592K)->22197K(2042368K) Eden: 1968640K(1968640K)->0K(1984000K) From: 22361K(61952K)->22197K(58368K)
[7582.328s][info ][gc,heap        ] GC(300) ParOldGen: 320236K(560640K)->320236K(560640K)
[7582.328s][info ][gc,metaspace   ] GC(300) Metaspace: 80362K(81280K)->80362K(81280K) NonClass: 68992K(69440K)->68992K(69440K) Class: 11370K(11840K)->11370K(11840K)
[7582.328s][info ][gc             ] GC(300) Pause Young (Allocation Failure) 2257M->334M(2542M) 7.642ms
[7582.328s][info ][gc,cpu         ] GC(300) User=0.02s Sys=0.01s Real=0.01s
[7582.328s][info ][safepoint      ] Safepoint "ParallelGCFailedAllocation", Time since last: 13236654174 ns, Reaching safepoint: 105300 ns, At safepoint: 7717805 ns, Total: 7823105 ns
[7607.269s][info ][gc,start       ] GC(301) Pause Young (Allocation Failure)
[7607.277s][debug][gc,phases      ] GC(301) Scavenge 7.799ms
[7607.277s][debug][gc,ref         ] GC(301) Skipped phase 1 of Reference Processing: no references
[7607.277s][debug][gc,ref         ] GC(301) ReferenceProcessor::execute queues: 1, RefProcThreadModel::Single, marks_oops_alive: false
[7607.277s][debug][gc,ref         ] GC(301) Skipped phase 3 of Reference Processing: no references
[7607.277s][debug][gc,ref         ] GC(301) ReferenceProcessor::execute queues: 1, RefProcThreadModel::Single, marks_oops_alive: false
[7607.277s][debug][gc,phases      ] GC(301) Reference Processing 0.094ms
[7607.277s][debug][gc,phases      ] GC(301)   VM Weak                        Min:  0.0, Avg:  0.0, Max:  0.0, Diff:  0.0, Sum:  0.0, Workers: 4
[7607.277s][debug][gc,phases      ] GC(301)     Dead                           Min: 0, Avg:  0.0, Max: 0, Diff: 0, Sum: 0, Workers: 4
[7607.277s][debug][gc,phases      ] GC(301)     Total                          Min: 0, Avg: 148.8, Max: 532, Diff: 532, Sum: 595, Workers: 4
[7607.277s][debug][gc,phases      ] GC(301)   ObjectSynchronizer Weak        Min:  0.0, Avg:  0.0, Max:  0.0, Diff:  0.0, Sum:  0.0, Workers: 4
[7607.277s][debug][gc,phases      ] GC(301)     Dead                           Min: 0, Avg:  0.0, Max: 0, Diff: 0, Sum: 0, Workers: 4
[7607.277s][debug][gc,phases      ] GC(301)     Total                          Min: 0, Avg: 13.5, Max: 54, Diff: 54, Sum: 54, Workers: 4
[7607.277s][debug][gc,phases      ] GC(301)   JVMTI Tag Weak OopStorage      Min:  0.0, Avg:  0.0, Max:  0.0, Diff:  0.0, Sum:  0.0, Workers: 4
[7607.277s][debug][gc,phases      ] GC(301)     Dead                           Min: 0, Avg:  0.0, Max: 0, Diff: 0, Sum: 0, Workers: 4
[7607.277s][debug][gc,phases      ] GC(301)     Total                          Min: 0, Avg:  0.0, Max: 0, Diff: 0, Sum: 0, Workers: 4
[7607.277s][debug][gc,phases      ] GC(301)   StringTable Weak               Min:  0.1, Avg:  0.1, Max:  0.1, Diff:  0.0, Sum:  0.4, Workers: 4
[7607.277s][debug][gc,phases      ] GC(301)     Dead                           Min: 0, Avg:  0.0, Max: 0, Diff: 0, Sum: 0, Workers: 4
[7607.277s][debug][gc,phases      ] GC(301)     Total                          Min: 9792, Avg: 10910.5, Max: 11455, Diff: 1663, Sum: 43642, Workers: 4
[7607.277s][debug][gc,phases      ] GC(301)   ResolvedMethodTable Weak       Min:  0.0, Avg:  0.0, Max:  0.0, Diff:  0.0, Sum:  0.1, Workers: 4
[7607.277s][debug][gc,phases      ] GC(301)     Dead                           Min: 0, Avg:  0.0, Max: 0, Diff: 0, Sum: 0, Workers: 4
[7607.277s][debug][gc,phases      ] GC(301)     Total                          Min: 2047, Avg: 2222.0, Max: 2304, Diff: 257, Sum: 8888, Workers: 4
[7607.277s][debug][gc,phases      ] GC(301)   JNI Weak                       Min:  0.0, Avg:  0.0, Max:  0.0, Diff:  0.0, Sum:  0.0, Workers: 4
[7607.277s][debug][gc,phases      ] GC(301)     Dead                           Min: 0, Avg:  0.0, Max: 0, Diff: 0, Sum: 0, Workers: 4
[7607.277s][debug][gc,phases      ] GC(301)     Total                          Min: 0, Avg: 11.2, Max: 45, Diff: 45, Sum: 45, Workers: 4
[7607.277s][debug][gc,phases      ] GC(301)   StringDedup Table Weak         Min:  0.0, Avg:  0.0, Max:  0.0, Diff:  0.0, Sum:  0.0, Workers: 4
[7607.277s][debug][gc,phases      ] GC(301)     Dead                           Min: 0, Avg:  0.0, Max: 0, Diff: 0, Sum: 0, Workers: 4
[7607.277s][debug][gc,phases      ] GC(301)     Total                          Min: 0, Avg:  0.0, Max: 0, Diff: 0, Sum: 0, Workers: 4
[7607.277s][debug][gc,phases      ] GC(301)   StringDedup Requests0 Weak     Min:  0.0, Avg:  0.0, Max:  0.0, Diff:  0.0, Sum:  0.0, Workers: 4
[7607.277s][debug][gc,phases      ] GC(301)     Dead                           Min: 0, Avg:  0.0, Max: 0, Diff: 0, Sum: 0, Workers: 4
[7607.277s][debug][gc,phases      ] GC(301)     Total                          Min: 0, Avg:  0.0, Max: 0, Diff: 0, Sum: 0, Workers: 4
[7607.277s][debug][gc,phases      ] GC(301)   StringDedup Requests1 Weak     Min:  0.0, Avg:  0.0, Max:  0.0, Diff:  0.0, Sum:  0.0, Workers: 4
[7607.277s][debug][gc,phases      ] GC(301)     Dead                           Min: 0, Avg:  0.0, Max: 0, Diff: 0, Sum: 0, Workers: 4
[7607.277s][debug][gc,phases      ] GC(301)     Total                          Min: 0, Avg:  0.0, Max: 0, Diff: 0, Sum: 0, Workers: 4
[7607.277s][debug][gc,phases      ] GC(301)   Weak JFR Old Object Samples    Min:  0.0, Avg:  0.0, Max:  0.0, Diff:  0.0, Sum:  0.0, Workers: 4
[7607.277s][debug][gc,phases      ] GC(301)     Dead                           Min: 0, Avg:  0.0, Max: 0, Diff: 0, Sum: 0, Workers: 4
[7607.277s][debug][gc,phases      ] GC(301)     Total                          Min: 0, Avg:  0.0, Max: 0, Diff: 0, Sum: 0, Workers: 4
[7607.277s][debug][gc,phases      ] GC(301) Weak Processing 0.291ms
[7607.277s][debug][gc,age         ] GC(301) Desired survivor size 52953088 bytes, new threshold 15 (max threshold 15)
[7607.277s][info ][gc,heap        ] GC(301) PSYoungGen: 2006197K(2042368K)->22153K(2038784K) Eden: 1984000K(1984000K)->0K(1984000K) From: 22197K(58368K)->22153K(54784K)
[7607.277s][info ][gc,heap        ] GC(301) ParOldGen: 320236K(560640K)->320244K(560640K)
[7607.277s][info ][gc,metaspace   ] GC(301) Metaspace: 80363K(81280K)->80363K(81280K) NonClass: 68992K(69440K)->68992K(69440K) Class: 11370K(11840K)->11370K(11840K)
[7607.277s][info ][gc             ] GC(301) Pause Young (Allocation Failure) 2271M->334M(2538M) 8.309ms
[7607.277s][info ][gc,cpu         ] GC(301) User=0.01s Sys=0.00s Real=0.00s
[7607.277s][info ][safepoint      ] Safepoint "ParallelGCFailedAllocation", Time since last: 24940824618 ns, Reaching safepoint: 41100 ns, At safepoint: 8387105 ns, Total: 8428205 ns
[7632.072s][info ][gc,start       ] GC(302) Pause Young (Allocation Failure)
[7632.082s][debug][gc,phases      ] GC(302) Scavenge 9.581ms
[7632.082s][debug][gc,ref         ] GC(302) Skipped phase 1 of Reference Processing: no references
[7632.082s][debug][gc,ref         ] GC(302) ReferenceProcessor::execute queues: 1, RefProcThreadModel::Single, marks_oops_alive: false
[7632.082s][debug][gc,ref         ] GC(302) Skipped phase 3 of Reference Processing: no references
[7632.082s][debug][gc,ref         ] GC(302) ReferenceProcessor::execute queues: 1, RefProcThreadModel::Single, marks_oops_alive: false
[7632.082s][debug][gc,phases      ] GC(302) Reference Processing 0.138ms
[7632.082s][debug][gc,phases      ] GC(302)   VM Weak                        Min:  0.0, Avg:  0.0, Max:  0.0, Diff:  0.0, Sum:  0.0, Workers: 4
[7632.082s][debug][gc,phases      ] GC(302)     Dead                           Min: 0, Avg:  0.0, Max: 0, Diff: 0, Sum: 0, Workers: 4
[7632.082s][debug][gc,phases      ] GC(302)     Total                          Min: 0, Avg: 148.8, Max: 595, Diff: 595, Sum: 595, Workers: 4
[7632.082s][debug][gc,phases      ] GC(302)   ObjectSynchronizer Weak        Min:  0.0, Avg:  0.0, Max:  0.0, Diff:  0.0, Sum:  0.0, Workers: 4
[7632.082s][debug][gc,phases      ] GC(302)     Dead                           Min: 0, Avg:  0.0, Max: 0, Diff: 0, Sum: 0, Workers: 4
[7632.082s][debug][gc,phases      ] GC(302)     Total                          Min: 0, Avg: 13.5, Max: 54, Diff: 54, Sum: 54, Workers: 4
[7632.082s][debug][gc,phases      ] GC(302)   JVMTI Tag Weak OopStorage      Min:  0.0, Avg:  0.0, Max:  0.0, Diff:  0.0, Sum:  0.0, Workers: 4
[7632.082s][debug][gc,phases      ] GC(302)     Dead                           Min: 0, Avg:  0.0, Max: 0, Diff: 0, Sum: 0, Workers: 4
[7632.082s][debug][gc,phases      ] GC(302)     Total                          Min: 0, Avg:  0.0, Max: 0, Diff: 0, Sum: 0, Workers: 4
[7632.082s][debug][gc,phases      ] GC(302)   StringTable Weak               Min:  0.0, Avg:  0.1, Max:  0.1, Diff:  0.1, Sum:  0.4, Workers: 4
[7632.082s][debug][gc,phases      ] GC(302)     Dead                           Min: 0, Avg:  0.0, Max: 0, Diff: 0, Sum: 0, Workers: 4
[7632.082s][debug][gc,phases      ] GC(302)     Total                          Min: 0, Avg: 10910.5, Max: 14908, Diff: 14908, Sum: 43642, Workers: 4
[7632.082s][debug][gc,phases      ] GC(302)   ResolvedMethodTable Weak       Min:  0.0, Avg:  0.0, Max:  0.0, Diff:  0.0, Sum:  0.1, Workers: 4
[7632.082s][debug][gc,phases      ] GC(302)     Dead                           Min: 0, Avg:  0.0, Max: 0, Diff: 0, Sum: 0, Workers: 4
[7632.082s][debug][gc,phases      ] GC(302)     Total                          Min: 0, Avg: 2222.0, Max: 3008, Diff: 3008, Sum: 8888, Workers: 4
[7632.082s][debug][gc,phases      ] GC(302)   JNI Weak                       Min:  0.0, Avg:  0.0, Max:  0.0, Diff:  0.0, Sum:  0.0, Workers: 4
[7632.082s][debug][gc,phases      ] GC(302)     Dead                           Min: 0, Avg:  0.0, Max: 0, Diff: 0, Sum: 0, Workers: 4
[7632.082s][debug][gc,phases      ] GC(302)     Total                          Min: 0, Avg: 11.2, Max: 45, Diff: 45, Sum: 45, Workers: 4
[7632.082s][debug][gc,phases      ] GC(302)   StringDedup Table Weak         Min:  0.0, Avg:  0.0, Max:  0.0, Diff:  0.0, Sum:  0.0, Workers: 4
[7632.082s][debug][gc,phases      ] GC(302)     Dead                           Min: 0, Avg:  0.0, Max: 0, Diff: 0, Sum: 0, Workers: 4
[7632.082s][debug][gc,phases      ] GC(302)     Total                          Min: 0, Avg:  0.0, Max: 0, Diff: 0, Sum: 0, Workers: 4
[7632.082s][debug][gc,phases      ] GC(302)   StringDedup Requests0 Weak     Min:  0.0, Avg:  0.0, Max:  0.0, Diff:  0.0, Sum:  0.0, Workers: 4
[7632.082s][debug][gc,phases      ] GC(302)     Dead                           Min: 0, Avg:  0.0, Max: 0, Diff: 0, Sum: 0, Workers: 4
[7632.082s][debug][gc,phases      ] GC(302)     Total                          Min: 0, Avg:  0.0, Max: 0, Diff: 0, Sum: 0, Workers: 4
[7632.083s][debug][gc,phases      ] GC(302)   StringDedup Requests1 Weak     Min:  0.0, Avg:  0.0, Max:  0.0, Diff:  0.0, Sum:  0.0, Workers: 4
[7632.083s][debug][gc,phases      ] GC(302)     Dead                           Min: 0, Avg:  0.0, Max: 0, Diff: 0, Sum: 0, Workers: 4
[7632.083s][debug][gc,phases      ] GC(302)     Total                          Min: 0, Avg:  0.0, Max: 0, Diff: 0, Sum: 0, Workers: 4
[7632.083s][debug][gc,phases      ] GC(302)   Weak JFR Old Object Samples    Min:  0.0, Avg:  0.0, Max:  0.0, Diff:  0.0, Sum:  0.0, Workers: 4
[7632.083s][debug][gc,phases      ] GC(302)     Dead                           Min: 0, Avg:  0.0, Max: 0, Diff: 0, Sum: 0, Workers: 4
[7632.083s][debug][gc,phases      ] GC(302)     Total                          Min: 0, Avg:  0.0, Max: 0, Diff: 0, Sum: 0, Workers: 4
[7632.083s][debug][gc,phases      ] GC(302) Weak Processing 0.388ms
[7632.083s][debug][gc,age         ] GC(302) Desired survivor size 49807360 bytes, new threshold 15 (max threshold 15)
[7632.083s][info ][gc,heap        ] GC(302) PSYoungGen: 2006153K(2038784K)->22165K(2048512K) Eden: 1984000K(1984000K)->0K(1996800K) From: 22153K(54784K)->22165K(51712K)
[7632.083s][info ][gc,heap        ] GC(302) ParOldGen: 320244K(560640K)->320244K(560640K)
[7632.083s][info ][gc,metaspace   ] GC(302) Metaspace: 80364K(81280K)->80364K(81280K) NonClass: 68993K(69440K)->68993K(69440K) Class: 11370K(11840K)->11370K(11840K)
[7632.083s][info ][gc             ] GC(302) Pause Young (Allocation Failure) 2271M->334M(2548M) 10.258ms
[7632.083s][info ][gc,cpu         ] GC(302) User=0.02s Sys=0.00s Real=0.01s
[7632.083s][info ][safepoint      ] Safepoint "ParallelGCFailedAllocation", Time since last: 24795003462 ns, Reaching safepoint: 130900 ns, At safepoint: 10350608 ns, Total: 10481508 ns
[7657.320s][info ][gc,start       ] GC(303) Pause Young (Allocation Failure)
[7657.336s][debug][gc,phases      ] GC(303) Scavenge 15.667ms
[7657.336s][debug][gc,ref         ] GC(303) Skipped phase 1 of Reference Processing: no references
[7657.336s][debug][gc,ref         ] GC(303) ReferenceProcessor::execute queues: 1, RefProcThreadModel::Single, marks_oops_alive: false
[7657.336s][debug][gc,ref         ] GC(303) Skipped phase 3 of Reference Processing: no references
[7657.336s][debug][gc,ref         ] GC(303) ReferenceProcessor::execute queues: 1, RefProcThreadModel::Single, marks_oops_alive: false
[7657.336s][debug][gc,phases      ] GC(303) Reference Processing 0.113ms
[7657.336s][debug][gc,phases      ] GC(303)   VM Weak                        Min:  0.0, Avg:  0.0, Max:  0.0, Diff:  0.0, Sum:  0.0, Workers: 4
[7657.336s][debug][gc,phases      ] GC(303)     Dead                           Min: 0, Avg:  0.0, Max: 0, Diff: 0, Sum: 0, Workers: 4
[7657.336s][debug][gc,phases      ] GC(303)     Total                          Min: 0, Avg: 148.8, Max: 532, Diff: 532, Sum: 595, Workers: 4
[7657.336s][debug][gc,phases      ] GC(303)   ObjectSynchronizer Weak        Min:  0.0, Avg:  0.0, Max:  0.0, Diff:  0.0, Sum:  0.0, Workers: 4
[7657.336s][debug][gc,phases      ] GC(303)     Dead                           Min: 0, Avg:  0.0, Max: 0, Diff: 0, Sum: 0, Workers: 4
[7657.336s][debug][gc,phases      ] GC(303)     Total                          Min: 0, Avg: 13.5, Max: 54, Diff: 54, Sum: 54, Workers: 4
[7657.336s][debug][gc,phases      ] GC(303)   JVMTI Tag Weak OopStorage      Min:  0.0, Avg:  0.0, Max:  0.0, Diff:  0.0, Sum:  0.0, Workers: 4
[7657.336s][debug][gc,phases      ] GC(303)     Dead                           Min: 0, Avg:  0.0, Max: 0, Diff: 0, Sum: 0, Workers: 4
[7657.336s][debug][gc,phases      ] GC(303)     Total                          Min: 0, Avg:  0.0, Max: 0, Diff: 0, Sum: 0, Workers: 4
[7657.336s][debug][gc,phases      ] GC(303)   StringTable Weak               Min:  0.0, Avg:  0.1, Max:  0.2, Diff:  0.2, Sum:  0.4, Workers: 4
[7657.336s][debug][gc,phases      ] GC(303)     Dead                           Min: 0, Avg:  0.0, Max: 0, Diff: 0, Sum: 0, Workers: 4
[7657.336s][debug][gc,phases      ] GC(303)     Total                          Min: 0, Avg: 10910.5, Max: 21951, Diff: 21951, Sum: 43642, Workers: 4
[7657.336s][debug][gc,phases      ] GC(303)   ResolvedMethodTable Weak       Min:  0.0, Avg:  0.0, Max:  0.0, Diff:  0.0, Sum:  0.1, Workers: 4
[7657.336s][debug][gc,phases      ] GC(303)     Dead                           Min: 0, Avg:  0.0, Max: 0, Diff: 0, Sum: 0, Workers: 4
[7657.336s][debug][gc,phases      ] GC(303)     Total                          Min: 0, Avg: 2222.0, Max: 4736, Diff: 4736, Sum: 8888, Workers: 4
[7657.336s][debug][gc,phases      ] GC(303)   JNI Weak                       Min:  0.0, Avg:  0.0, Max:  0.0, Diff:  0.0, Sum:  0.0, Workers: 4
[7657.336s][debug][gc,phases      ] GC(303)     Dead                           Min: 0, Avg:  0.0, Max: 0, Diff: 0, Sum: 0, Workers: 4
[7657.336s][debug][gc,phases      ] GC(303)     Total                          Min: 0, Avg: 11.2, Max: 45, Diff: 45, Sum: 45, Workers: 4
[7657.336s][debug][gc,phases      ] GC(303)   StringDedup Table Weak         Min:  0.0, Avg:  0.0, Max:  0.0, Diff:  0.0, Sum:  0.0, Workers: 4
[7657.336s][debug][gc,phases      ] GC(303)     Dead                           Min: 0, Avg:  0.0, Max: 0, Diff: 0, Sum: 0, Workers: 4
[7657.336s][debug][gc,phases      ] GC(303)     Total                          Min: 0, Avg:  0.0, Max: 0, Diff: 0, Sum: 0, Workers: 4
[7657.336s][debug][gc,phases      ] GC(303)   StringDedup Requests0 Weak     Min:  0.0, Avg:  0.0, Max:  0.0, Diff:  0.0, Sum:  0.0, Workers: 4
[7657.336s][debug][gc,phases      ] GC(303)     Dead                           Min: 0, Avg:  0.0, Max: 0, Diff: 0, Sum: 0, Workers: 4
[7657.336s][debug][gc,phases      ] GC(303)     Total                          Min: 0, Avg:  0.0, Max: 0, Diff: 0, Sum: 0, Workers: 4
[7657.336s][debug][gc,phases      ] GC(303)   StringDedup Requests1 Weak     Min:  0.0, Avg:  0.0, Max:  0.0, Diff:  0.0, Sum:  0.0, Workers: 4
[7657.336s][debug][gc,phases      ] GC(303)     Dead                           Min: 0, Avg:  0.0, Max: 0, Diff: 0, Sum: 0, Workers: 4
[7657.336s][debug][gc,phases      ] GC(303)     Total                          Min: 0, Avg:  0.0, Max: 0, Diff: 0, Sum: 0, Workers: 4
[7657.336s][debug][gc,phases      ] GC(303)   Weak JFR Old Object Samples    Min:  0.0, Avg:  0.0, Max:  0.0, Diff:  0.0, Sum:  0.0, Workers: 4
[7657.336s][debug][gc,phases      ] GC(303)     Dead                           Min: 0, Avg:  0.0, Max: 0, Diff: 0, Sum: 0, Workers: 4
[7657.336s][debug][gc,phases      ] GC(303)     Total                          Min: 0, Avg:  0.0, Max: 0, Diff: 0, Sum: 0, Workers: 4
[7657.336s][debug][gc,phases      ] GC(303) Weak Processing 0.459ms
[7657.336s][debug][gc,age         ] GC(303) Desired survivor size 47185920 bytes, new threshold 15 (max threshold 15)
[7657.336s][info ][gc,heap        ] GC(303) PSYoungGen: 2018965K(2048512K)->22233K(2045440K) Eden: 1996800K(1996800K)->0K(1996800K) From: 22165K(51712K)->22233K(48640K)
[7657.336s][info ][gc,heap        ] GC(303) ParOldGen: 320244K(560640K)->320244K(560640K)
[7657.336s][info ][gc,metaspace   ] GC(303) Metaspace: 80364K(81280K)->80364K(81280K) NonClass: 68993K(69440K)->68993K(69440K) Class: 11370K(11840K)->11370K(11840K)
[7657.336s][info ][gc             ] GC(303) Pause Young (Allocation Failure) 2284M->334M(2545M) 16.357ms
[7657.336s][info ][gc,cpu         ] GC(303) User=0.02s Sys=0.00s Real=0.01s
[7657.336s][info ][safepoint      ] Safepoint "ParallelGCFailedAllocation", Time since last: 25237355895 ns, Reaching safepoint: 37400 ns, At safepoint: 16451812 ns, Total: 16489212 ns
[7674.338s][info ][safepoint      ] Safepoint "Cleanup", Time since last: 17001046467 ns, Reaching safepoint: 48400 ns, At safepoint: 3000 ns, Total: 51400 ns
[7682.719s][info ][gc,start       ] GC(304) Pause Young (Allocation Failure)
[7682.724s][debug][gc,phases      ] GC(304) Scavenge 4.444ms
[7682.724s][debug][gc,ref         ] GC(304) Skipped phase 1 of Reference Processing: no references
[7682.724s][debug][gc,ref         ] GC(304) ReferenceProcessor::execute queues: 1, RefProcThreadModel::Single, marks_oops_alive: false
[7682.724s][debug][gc,ref         ] GC(304) Skipped phase 3 of Reference Processing: no references
[7682.724s][debug][gc,ref         ] GC(304) ReferenceProcessor::execute queues: 1, RefProcThreadModel::Single, marks_oops_alive: false
[7682.724s][debug][gc,phases      ] GC(304) Reference Processing 0.076ms
[7682.724s][debug][gc,phases      ] GC(304)   VM Weak                        Min:  0.0, Avg:  0.0, Max:  0.0, Diff:  0.0, Sum:  0.0, Workers: 4
[7682.724s][debug][gc,phases      ] GC(304)     Dead                           Min: 0, Avg:  0.0, Max: 0, Diff: 0, Sum: 0, Workers: 4
[7682.724s][debug][gc,phases      ] GC(304)     Total                          Min: 0, Avg: 148.8, Max: 595, Diff: 595, Sum: 595, Workers: 4
[7682.724s][debug][gc,phases      ] GC(304)   ObjectSynchronizer Weak        Min:  0.0, Avg:  0.0, Max:  0.0, Diff:  0.0, Sum:  0.0, Workers: 4
[7682.724s][debug][gc,phases      ] GC(304)     Dead                           Min: 0, Avg:  0.0, Max: 0, Diff: 0, Sum: 0, Workers: 4
[7682.724s][debug][gc,phases      ] GC(304)     Total                          Min: 0, Avg: 13.5, Max: 54, Diff: 54, Sum: 54, Workers: 4
[7682.724s][debug][gc,phases      ] GC(304)   JVMTI Tag Weak OopStorage      Min:  0.0, Avg:  0.0, Max:  0.0, Diff:  0.0, Sum:  0.0, Workers: 4
[7682.724s][debug][gc,phases      ] GC(304)     Dead                           Min: 0, Avg:  0.0, Max: 0, Diff: 0, Sum: 0, Workers: 4
[7682.724s][debug][gc,phases      ] GC(304)     Total                          Min: 0, Avg:  0.0, Max: 0, Diff: 0, Sum: 0, Workers: 4
[7682.724s][debug][gc,phases      ] GC(304)   StringTable Weak               Min:  0.1, Avg:  0.1, Max:  0.1, Diff:  0.0, Sum:  0.4, Workers: 4
[7682.724s][debug][gc,phases      ] GC(304)     Dead                           Min: 0, Avg:  0.0, Max: 0, Diff: 0, Sum: 0, Workers: 4
[7682.724s][debug][gc,phases      ] GC(304)     Total                          Min: 10239, Avg: 10910.5, Max: 11515, Diff: 1276, Sum: 43642, Workers: 4
[7682.724s][debug][gc,phases      ] GC(304)   ResolvedMethodTable Weak       Min:  0.0, Avg:  0.0, Max:  0.0, Diff:  0.0, Sum:  0.1, Workers: 4
[7682.724s][debug][gc,phases      ] GC(304)     Dead                           Min: 0, Avg:  0.0, Max: 0, Diff: 0, Sum: 0, Workers: 4
[7682.724s][debug][gc,phases      ] GC(304)     Total                          Min: 2111, Avg: 2222.0, Max: 2304, Diff: 193, Sum: 8888, Workers: 4
[7682.724s][debug][gc,phases      ] GC(304)   JNI Weak                       Min:  0.0, Avg:  0.0, Max:  0.0, Diff:  0.0, Sum:  0.0, Workers: 4
[7682.724s][debug][gc,phases      ] GC(304)     Dead                           Min: 0, Avg:  0.0, Max: 0, Diff: 0, Sum: 0, Workers: 4
[7682.724s][debug][gc,phases      ] GC(304)     Total                          Min: 0, Avg: 11.2, Max: 45, Diff: 45, Sum: 45, Workers: 4
[7682.724s][debug][gc,phases      ] GC(304)   StringDedup Table Weak         Min:  0.0, Avg:  0.0, Max:  0.0, Diff:  0.0, Sum:  0.0, Workers: 4
[7682.724s][debug][gc,phases      ] GC(304)     Dead                           Min: 0, Avg:  0.0, Max: 0, Diff: 0, Sum: 0, Workers: 4
[7682.724s][debug][gc,phases      ] GC(304)     Total                          Min: 0, Avg:  0.0, Max: 0, Diff: 0, Sum: 0, Workers: 4
[7682.724s][debug][gc,phases      ] GC(304)   StringDedup Requests0 Weak     Min:  0.0, Avg:  0.0, Max:  0.0, Diff:  0.0, Sum:  0.0, Workers: 4
[7682.724s][debug][gc,phases      ] GC(304)     Dead                           Min: 0, Avg:  0.0, Max: 0, Diff: 0, Sum: 0, Workers: 4
[7682.724s][debug][gc,phases      ] GC(304)     Total                          Min: 0, Avg:  0.0, Max: 0, Diff: 0, Sum: 0, Workers: 4
[7682.724s][debug][gc,phases      ] GC(304)   StringDedup Requests1 Weak     Min:  0.0, Avg:  0.0, Max:  0.0, Diff:  0.0, Sum:  0.0, Workers: 4
[7682.724s][debug][gc,phases      ] GC(304)     Dead                           Min: 0, Avg:  0.0, Max: 0, Diff: 0, Sum: 0, Workers: 4
[7682.724s][debug][gc,phases      ] GC(304)     Total                          Min: 0, Avg:  0.0, Max: 0, Diff: 0, Sum: 0, Workers: 4
[7682.724s][debug][gc,phases      ] GC(304)   Weak JFR Old Object Samples    Min:  0.0, Avg:  0.0, Max:  0.0, Diff:  0.0, Sum:  0.0, Workers: 4
[7682.724s][debug][gc,phases      ] GC(304)     Dead                           Min: 0, Avg:  0.0, Max: 0, Diff: 0, Sum: 0, Workers: 4
[7682.724s][debug][gc,phases      ] GC(304)     Total                          Min: 0, Avg:  0.0, Max: 0, Diff: 0, Sum: 0, Workers: 4
[7682.724s][debug][gc,phases      ] GC(304) Weak Processing 0.268ms
[7682.724s][debug][gc,age         ] GC(304) Desired survivor size 45088768 bytes, new threshold 15 (max threshold 15)
[7682.724s][info ][gc,heap        ] GC(304) PSYoungGen: 2019033K(2045440K)->22197K(2053120K) Eden: 1996800K(1996800K)->0K(2007040K) From: 22233K(48640K)->22197K(46080K)
[7682.724s][info ][gc,heap        ] GC(304) ParOldGen: 320244K(560640K)->320244K(560640K)
[7682.724s][info ][gc,metaspace   ] GC(304) Metaspace: 80364K(81280K)->80364K(81280K) NonClass: 68993K(69440K)->68993K(69440K) Class: 11370K(11840K)->11370K(11840K)
[7682.724s][info ][gc             ] GC(304) Pause Young (Allocation Failure) 2284M->334M(2552M) 4.866ms
[7682.724s][info ][gc,cpu         ] GC(304) User=0.02s Sys=0.00s Real=0.00s
[7682.724s][info ][safepoint      ] Safepoint "ParallelGCFailedAllocation", Time since last: 8381605852 ns, Reaching safepoint: 44100 ns, At safepoint: 4935603 ns, Total: 4979703 ns
[7708.320s][info ][gc,start       ] GC(305) Pause Young (Allocation Failure)
[7708.326s][debug][gc,phases      ] GC(305) Scavenge 5.808ms
[7708.326s][debug][gc,ref         ] GC(305) Skipped phase 1 of Reference Processing: no references
[7708.326s][debug][gc,ref         ] GC(305) ReferenceProcessor::execute queues: 1, RefProcThreadModel::Single, marks_oops_alive: false
[7708.326s][debug][gc,ref         ] GC(305) Skipped phase 3 of Reference Processing: no references
[7708.326s][debug][gc,ref         ] GC(305) ReferenceProcessor::execute queues: 1, RefProcThreadModel::Single, marks_oops_alive: false
[7708.326s][debug][gc,phases      ] GC(305) Reference Processing 0.118ms
[7708.326s][debug][gc,phases      ] GC(305)   VM Weak                        Min:  0.0, Avg:  0.0, Max:  0.0, Diff:  0.0, Sum:  0.0, Workers: 4
[7708.326s][debug][gc,phases      ] GC(305)     Dead                           Min: 0, Avg:  0.0, Max: 0, Diff: 0, Sum: 0, Workers: 4
[7708.326s][debug][gc,phases      ] GC(305)     Total                          Min: 0, Avg: 148.8, Max: 506, Diff: 506, Sum: 595, Workers: 4
[7708.326s][debug][gc,phases      ] GC(305)   ObjectSynchronizer Weak        Min:  0.0, Avg:  0.0, Max:  0.0, Diff:  0.0, Sum:  0.0, Workers: 4
[7708.326s][debug][gc,phases      ] GC(305)     Dead                           Min: 0, Avg:  0.0, Max: 0, Diff: 0, Sum: 0, Workers: 4
[7708.326s][debug][gc,phases      ] GC(305)     Total                          Min: 0, Avg: 13.5, Max: 54, Diff: 54, Sum: 54, Workers: 4
[7708.326s][debug][gc,phases      ] GC(305)   JVMTI Tag Weak OopStorage      Min:  0.0, Avg:  0.0, Max:  0.0, Diff:  0.0, Sum:  0.0, Workers: 4
[7708.326s][debug][gc,phases      ] GC(305)     Dead                           Min: 0, Avg:  0.0, Max: 0, Diff: 0, Sum: 0, Workers: 4
[7708.326s][debug][gc,phases      ] GC(305)     Total                          Min: 0, Avg:  0.0, Max: 0, Diff: 0, Sum: 0, Workers: 4
[7708.326s][debug][gc,phases      ] GC(305)   StringTable Weak               Min:  0.0, Avg:  0.1, Max:  0.1, Diff:  0.1, Sum:  0.4, Workers: 4
[7708.326s][debug][gc,phases      ] GC(305)     Dead                           Min: 0, Avg:  0.0, Max: 0, Diff: 0, Sum: 0, Workers: 4
[7708.326s][debug][gc,phases      ] GC(305)     Total                          Min: 0, Avg: 10910.5, Max: 14907, Diff: 14907, Sum: 43642, Workers: 4
[7708.326s][debug][gc,phases      ] GC(305)   ResolvedMethodTable Weak       Min:  0.0, Avg:  0.0, Max:  0.0, Diff:  0.0, Sum:  0.1, Workers: 4
[7708.326s][debug][gc,phases      ] GC(305)     Dead                           Min: 0, Avg:  0.0, Max: 0, Diff: 0, Sum: 0, Workers: 4
[7708.326s][debug][gc,phases      ] GC(305)     Total                          Min: 0, Avg: 2222.0, Max: 3257, Diff: 3257, Sum: 8888, Workers: 4
[7708.326s][debug][gc,phases      ] GC(305)   JNI Weak                       Min:  0.0, Avg:  0.0, Max:  0.0, Diff:  0.0, Sum:  0.0, Workers: 4
[7708.326s][debug][gc,phases      ] GC(305)     Dead                           Min: 0, Avg:  0.0, Max: 0, Diff: 0, Sum: 0, Workers: 4
[7708.326s][debug][gc,phases      ] GC(305)     Total                          Min: 0, Avg: 11.2, Max: 45, Diff: 45, Sum: 45, Workers: 4
[7708.326s][debug][gc,phases      ] GC(305)   StringDedup Table Weak         Min:  0.0, Avg:  0.0, Max:  0.0, Diff:  0.0, Sum:  0.0, Workers: 4
[7708.326s][debug][gc,phases      ] GC(305)     Dead                           Min: 0, Avg:  0.0, Max: 0, Diff: 0, Sum: 0, Workers: 4
[7708.326s][debug][gc,phases      ] GC(305)     Total                          Min: 0, Avg:  0.0, Max: 0, Diff: 0, Sum: 0, Workers: 4
[7708.326s][debug][gc,phases      ] GC(305)   StringDedup Requests0 Weak     Min:  0.0, Avg:  0.0, Max:  0.0, Diff:  0.0, Sum:  0.0, Workers: 4
[7708.326s][debug][gc,phases      ] GC(305)     Dead                           Min: 0, Avg:  0.0, Max: 0, Diff: 0, Sum: 0, Workers: 4
[7708.326s][debug][gc,phases      ] GC(305)     Total                          Min: 0, Avg:  0.0, Max: 0, Diff: 0, Sum: 0, Workers: 4
[7708.326s][debug][gc,phases      ] GC(305)   StringDedup Requests1 Weak     Min:  0.0, Avg:  0.0, Max:  0.0, Diff:  0.0, Sum:  0.0, Workers: 4
[7708.326s][debug][gc,phases      ] GC(305)     Dead                           Min: 0, Avg:  0.0, Max: 0, Diff: 0, Sum: 0, Workers: 4
[7708.326s][debug][gc,phases      ] GC(305)     Total                          Min: 0, Avg:  0.0, Max: 0, Diff: 0, Sum: 0, Workers: 4
[7708.326s][debug][gc,phases      ] GC(305)   Weak JFR Old Object Samples    Min:  0.0, Avg:  0.0, Max:  0.0, Diff:  0.0, Sum:  0.0, Workers: 4
[7708.326s][debug][gc,phases      ] GC(305)     Dead                           Min: 0, Avg:  0.0, Max: 0, Diff: 0, Sum: 0, Workers: 4
[7708.326s][debug][gc,phases      ] GC(305)     Total                          Min: 0, Avg:  0.0, Max: 0, Diff: 0, Sum: 0, Workers: 4
[7708.326s][debug][gc,phases      ] GC(305) Weak Processing 0.331ms
[7708.326s][debug][gc,age         ] GC(305) Desired survivor size 42991616 bytes, new threshold 15 (max threshold 15)
[7708.326s][info ][gc,heap        ] GC(305) PSYoungGen: 2029237K(2053120K)->22137K(2051072K) Eden: 2007040K(2007040K)->0K(2007040K) From: 22197K(46080K)->22137K(44032K)
[7708.326s][info ][gc,heap        ] GC(305) ParOldGen: 320244K(560640K)->320244K(560640K)
[7708.326s][info ][gc,metaspace   ] GC(305) Metaspace: 80364K(81280K)->80364K(81280K) NonClass: 68994K(69440K)->68994K(69440K) Class: 11370K(11840K)->11370K(11840K)
[7708.326s][info ][gc             ] GC(305) Pause Young (Allocation Failure) 2294M->334M(2550M) 6.378ms
[7708.326s][info ][gc,cpu         ] GC(305) User=0.02s Sys=0.00s Real=0.01s
[7708.326s][info ][safepoint      ] Safepoint "ParallelGCFailedAllocation", Time since last: 25595851781 ns, Reaching safepoint: 26400 ns, At safepoint: 6445305 ns, Total: 6471705 ns
[7733.319s][info ][gc,start       ] GC(306) Pause Young (Allocation Failure)
[7733.324s][debug][gc,phases      ] GC(306) Scavenge 5.251ms
[7733.324s][debug][gc,ref         ] GC(306) Skipped phase 1 of Reference Processing: no references
[7733.324s][debug][gc,ref         ] GC(306) ReferenceProcessor::execute queues: 1, RefProcThreadModel::Single, marks_oops_alive: false
[7733.324s][debug][gc,ref         ] GC(306) Skipped phase 3 of Reference Processing: no references
[7733.324s][debug][gc,ref         ] GC(306) ReferenceProcessor::execute queues: 1, RefProcThreadModel::Single, marks_oops_alive: false
[7733.324s][debug][gc,phases      ] GC(306) Reference Processing 0.097ms
[7733.325s][debug][gc,phases      ] GC(306)   VM Weak                        Min:  0.0, Avg:  0.0, Max:  0.0, Diff:  0.0, Sum:  0.0, Workers: 4
[7733.325s][debug][gc,phases      ] GC(306)     Dead                           Min: 0, Avg:  0.0, Max: 0, Diff: 0, Sum: 0, Workers: 4
[7733.325s][debug][gc,phases      ] GC(306)     Total                          Min: 0, Avg: 148.8, Max: 595, Diff: 595, Sum: 595, Workers: 4
[7733.325s][debug][gc,phases      ] GC(306)   ObjectSynchronizer Weak        Min:  0.0, Avg:  0.0, Max:  0.0, Diff:  0.0, Sum:  0.0, Workers: 4
[7733.325s][debug][gc,phases      ] GC(306)     Dead                           Min: 0, Avg:  0.0, Max: 0, Diff: 0, Sum: 0, Workers: 4
[7733.325s][debug][gc,phases      ] GC(306)     Total                          Min: 0, Avg: 13.5, Max: 54, Diff: 54, Sum: 54, Workers: 4
[7733.325s][debug][gc,phases      ] GC(306)   JVMTI Tag Weak OopStorage      Min:  0.0, Avg:  0.0, Max:  0.0, Diff:  0.0, Sum:  0.0, Workers: 4
[7733.325s][debug][gc,phases      ] GC(306)     Dead                           Min: 0, Avg:  0.0, Max: 0, Diff: 0, Sum: 0, Workers: 4
[7733.325s][debug][gc,phases      ] GC(306)     Total                          Min: 0, Avg:  0.0, Max: 0, Diff: 0, Sum: 0, Workers: 4
[7733.325s][debug][gc,phases      ] GC(306)   StringTable Weak               Min:  0.1, Avg:  0.1, Max:  0.1, Diff:  0.0, Sum:  0.4, Workers: 4
[7733.325s][debug][gc,phases      ] GC(306)     Dead                           Min: 0, Avg:  0.0, Max: 0, Diff: 0, Sum: 0, Workers: 4
[7733.325s][debug][gc,phases      ] GC(306)     Total                          Min: 10428, Avg: 10910.5, Max: 11839, Diff: 1411, Sum: 43642, Workers: 4
[7733.325s][debug][gc,phases      ] GC(306)   ResolvedMethodTable Weak       Min:  0.0, Avg:  0.0, Max:  0.0, Diff:  0.0, Sum:  0.1, Workers: 4
[7733.325s][debug][gc,phases      ] GC(306)     Dead                           Min: 0, Avg:  0.0, Max: 0, Diff: 0, Sum: 0, Workers: 4
[7733.325s][debug][gc,phases      ] GC(306)     Total                          Min: 698, Avg: 2222.0, Max: 2879, Diff: 2181, Sum: 8888, Workers: 4
[7733.325s][debug][gc,phases      ] GC(306)   JNI Weak                       Min:  0.0, Avg:  0.0, Max:  0.0, Diff:  0.0, Sum:  0.0, Workers: 4
[7733.325s][debug][gc,phases      ] GC(306)     Dead                           Min: 0, Avg:  0.0, Max: 0, Diff: 0, Sum: 0, Workers: 4
[7733.325s][debug][gc,phases      ] GC(306)     Total                          Min: 0, Avg: 11.2, Max: 45, Diff: 45, Sum: 45, Workers: 4
[7733.325s][debug][gc,phases      ] GC(306)   StringDedup Table Weak         Min:  0.0, Avg:  0.0, Max:  0.0, Diff:  0.0, Sum:  0.0, Workers: 4
[7733.325s][debug][gc,phases      ] GC(306)     Dead                           Min: 0, Avg:  0.0, Max: 0, Diff: 0, Sum: 0, Workers: 4
[7733.325s][debug][gc,phases      ] GC(306)     Total                          Min: 0, Avg:  0.0, Max: 0, Diff: 0, Sum: 0, Workers: 4
[7733.325s][debug][gc,phases      ] GC(306)   StringDedup Requests0 Weak     Min:  0.0, Avg:  0.0, Max:  0.0, Diff:  0.0, Sum:  0.0, Workers: 4
[7733.325s][debug][gc,phases      ] GC(306)     Dead                           Min: 0, Avg:  0.0, Max: 0, Diff: 0, Sum: 0, Workers: 4
[7733.325s][debug][gc,phases      ] GC(306)     Total                          Min: 0, Avg:  0.0, Max: 0, Diff: 0, Sum: 0, Workers: 4
[7733.325s][debug][gc,phases      ] GC(306)   StringDedup Requests1 Weak     Min:  0.0, Avg:  0.0, Max:  0.0, Diff:  0.0, Sum:  0.0, Workers: 4
[7733.325s][debug][gc,phases      ] GC(306)     Dead                           Min: 0, Avg:  0.0, Max: 0, Diff: 0, Sum: 0, Workers: 4
[7733.325s][debug][gc,phases      ] GC(306)     Total                          Min: 0, Avg:  0.0, Max: 0, Diff: 0, Sum: 0, Workers: 4
[7733.325s][debug][gc,phases      ] GC(306)   Weak JFR Old Object Samples    Min:  0.0, Avg:  0.0, Max:  0.0, Diff:  0.0, Sum:  0.0, Workers: 4
[7733.325s][debug][gc,phases      ] GC(306)     Dead                           Min: 0, Avg:  0.0, Max: 0, Diff: 0, Sum: 0, Workers: 4
[7733.325s][debug][gc,phases      ] GC(306)     Total                          Min: 0, Avg:  0.0, Max: 0, Diff: 0, Sum: 0, Workers: 4
[7733.325s][debug][gc,phases      ] GC(306) Weak Processing 0.276ms
[7733.325s][debug][gc,age         ] GC(306) Desired survivor size 40894464 bytes, new threshold 15 (max threshold 15)
[7733.325s][info ][gc,heap        ] GC(306) PSYoungGen: 2029177K(2051072K)->22185K(2057216K) Eden: 2007040K(2007040K)->0K(2015232K) From: 22137K(44032K)->22185K(41984K)
[7733.325s][info ][gc,heap        ] GC(306) ParOldGen: 320244K(560640K)->320244K(560640K)
[7733.325s][info ][gc,metaspace   ] GC(306) Metaspace: 80369K(81280K)->80369K(81280K) NonClass: 68999K(69440K)->68999K(69440K) Class: 11370K(11840K)->11370K(11840K)
[7733.325s][info ][gc             ] GC(306) Pause Young (Allocation Failure) 2294M->334M(2556M) 5.732ms
[7733.325s][info ][gc,cpu         ] GC(306) User=0.02s Sys=0.00s Real=0.00s
[7733.325s][info ][safepoint      ] Safepoint "ParallelGCFailedAllocation", Time since last: 24992340134 ns, Reaching safepoint: 106901 ns, At safepoint: 5809304 ns, Total: 5916205 ns
[7749.326s][info ][safepoint      ] Safepoint "Cleanup", Time since last: 16001003117 ns, Reaching safepoint: 69200 ns, At safepoint: 88000 ns, Total: 157200 ns
[7758.367s][info ][gc,start       ] GC(307) Pause Young (Allocation Failure)
[7758.373s][debug][gc,phases      ] GC(307) Scavenge 5.325ms
[7758.373s][debug][gc,ref         ] GC(307) Skipped phase 1 of Reference Processing: no references
[7758.373s][debug][gc,ref         ] GC(307) ReferenceProcessor::execute queues: 1, RefProcThreadModel::Single, marks_oops_alive: false
[7758.373s][debug][gc,ref         ] GC(307) Skipped phase 3 of Reference Processing: no references
[7758.373s][debug][gc,ref         ] GC(307) ReferenceProcessor::execute queues: 1, RefProcThreadModel::Single, marks_oops_alive: false
[7758.373s][debug][gc,phases      ] GC(307) Reference Processing 0.099ms
[7758.373s][debug][gc,phases      ] GC(307)   VM Weak                        Min:  0.0, Avg:  0.0, Max:  0.0, Diff:  0.0, Sum:  0.0, Workers: 4
[7758.373s][debug][gc,phases      ] GC(307)     Dead                           Min: 0, Avg:  0.0, Max: 0, Diff: 0, Sum: 0, Workers: 4
[7758.373s][debug][gc,phases      ] GC(307)     Total                          Min: 0, Avg: 148.8, Max: 595, Diff: 595, Sum: 595, Workers: 4
[7758.373s][debug][gc,phases      ] GC(307)   ObjectSynchronizer Weak        Min:  0.0, Avg:  0.0, Max:  0.0, Diff:  0.0, Sum:  0.0, Workers: 4
[7758.373s][debug][gc,phases      ] GC(307)     Dead                           Min: 0, Avg:  0.0, Max: 0, Diff: 0, Sum: 0, Workers: 4
[7758.373s][debug][gc,phases      ] GC(307)     Total                          Min: 0, Avg: 13.5, Max: 54, Diff: 54, Sum: 54, Workers: 4
[7758.373s][debug][gc,phases      ] GC(307)   JVMTI Tag Weak OopStorage      Min:  0.0, Avg:  0.0, Max:  0.0, Diff:  0.0, Sum:  0.0, Workers: 4
[7758.373s][debug][gc,phases      ] GC(307)     Dead                           Min: 0, Avg:  0.0, Max: 0, Diff: 0, Sum: 0, Workers: 4
[7758.373s][debug][gc,phases      ] GC(307)     Total                          Min: 0, Avg:  0.0, Max: 0, Diff: 0, Sum: 0, Workers: 4
[7758.373s][debug][gc,phases      ] GC(307)   StringTable Weak               Min:  0.0, Avg:  0.1, Max:  0.1, Diff:  0.1, Sum:  0.3, Workers: 4
[7758.373s][debug][gc,phases      ] GC(307)     Dead                           Min: 0, Avg:  0.0, Max: 0, Diff: 0, Sum: 0, Workers: 4
[7758.373s][debug][gc,phases      ] GC(307)     Total                          Min: 0, Avg: 10910.5, Max: 18623, Diff: 18623, Sum: 43642, Workers: 4
[7758.373s][debug][gc,phases      ] GC(307)   ResolvedMethodTable Weak       Min:  0.0, Avg:  0.0, Max:  0.0, Diff:  0.0, Sum:  0.1, Workers: 4
[7758.373s][debug][gc,phases      ] GC(307)     Dead                           Min: 0, Avg:  0.0, Max: 0, Diff: 0, Sum: 0, Workers: 4
[7758.373s][debug][gc,phases      ] GC(307)     Total                          Min: 0, Avg: 2222.0, Max: 3967, Diff: 3967, Sum: 8888, Workers: 4
[7758.373s][debug][gc,phases      ] GC(307)   JNI Weak                       Min:  0.0, Avg:  0.0, Max:  0.0, Diff:  0.0, Sum:  0.0, Workers: 4
[7758.373s][debug][gc,phases      ] GC(307)     Dead                           Min: 0, Avg:  0.0, Max: 0, Diff: 0, Sum: 0, Workers: 4
[7758.373s][debug][gc,phases      ] GC(307)     Total                          Min: 0, Avg: 11.2, Max: 45, Diff: 45, Sum: 45, Workers: 4
[7758.373s][debug][gc,phases      ] GC(307)   StringDedup Table Weak         Min:  0.0, Avg:  0.0, Max:  0.0, Diff:  0.0, Sum:  0.0, Workers: 4
[7758.373s][debug][gc,phases      ] GC(307)     Dead                           Min: 0, Avg:  0.0, Max: 0, Diff: 0, Sum: 0, Workers: 4
[7758.373s][debug][gc,phases      ] GC(307)     Total                          Min: 0, Avg:  0.0, Max: 0, Diff: 0, Sum: 0, Workers: 4
[7758.373s][debug][gc,phases      ] GC(307)   StringDedup Requests0 Weak     Min:  0.0, Avg:  0.0, Max:  0.0, Diff:  0.0, Sum:  0.0, Workers: 4
[7758.373s][debug][gc,phases      ] GC(307)     Dead                           Min: 0, Avg:  0.0, Max: 0, Diff: 0, Sum: 0, Workers: 4
[7758.373s][debug][gc,phases      ] GC(307)     Total                          Min: 0, Avg:  0.0, Max: 0, Diff: 0, Sum: 0, Workers: 4
[7758.373s][debug][gc,phases      ] GC(307)   StringDedup Requests1 Weak     Min:  0.0, Avg:  0.0, Max:  0.0, Diff:  0.0, Sum:  0.0, Workers: 4
[7758.373s][debug][gc,phases      ] GC(307)     Dead                           Min: 0, Avg:  0.0, Max: 0, Diff: 0, Sum: 0, Workers: 4
[7758.373s][debug][gc,phases      ] GC(307)     Total                          Min: 0, Avg:  0.0, Max: 0, Diff: 0, Sum: 0, Workers: 4
[7758.373s][debug][gc,phases      ] GC(307)   Weak JFR Old Object Samples    Min:  0.0, Avg:  0.0, Max:  0.0, Diff:  0.0, Sum:  0.0, Workers: 4
[7758.373s][debug][gc,phases      ] GC(307)     Dead                           Min: 0, Avg:  0.0, Max: 0, Diff: 0, Sum: 0, Workers: 4
[7758.373s][debug][gc,phases      ] GC(307)     Total                          Min: 0, Avg:  0.0, Max: 0, Diff: 0, Sum: 0, Workers: 4
[7758.373s][debug][gc,phases      ] GC(307) Weak Processing 0.310ms
[7758.373s][debug][gc,age         ] GC(307) Desired survivor size 39321600 bytes, new threshold 15 (max threshold 15)
[7758.373s][info ][gc,heap        ] GC(307) PSYoungGen: 2037417K(2057216K)->22153K(2055168K) Eden: 2015232K(2015232K)->0K(2015232K) From: 22185K(41984K)->22153K(39936K)
[7758.373s][info ][gc,heap        ] GC(307) ParOldGen: 320244K(560640K)->320244K(560640K)
[7758.373s][info ][gc,metaspace   ] GC(307) Metaspace: 80369K(81280K)->80369K(81280K) NonClass: 68999K(69440K)->68999K(69440K) Class: 11370K(11840K)->11370K(11840K)
[7758.373s][info ][gc             ] GC(307) Pause Young (Allocation Failure) 2302M->334M(2554M) 5.827ms
[7758.373s][info ][gc,cpu         ] GC(307) User=0.02s Sys=0.00s Real=0.00s
[7758.373s][info ][safepoint      ] Safepoint "ParallelGCFailedAllocation", Time since last: 9041469625 ns, Reaching safepoint: 24900 ns, At safepoint: 5888305 ns, Total: 5913205 ns
[7771.374s][info ][safepoint      ] Safepoint "Cleanup", Time since last: 13000720128 ns, Reaching safepoint: 44801 ns, At safepoint: 3800 ns, Total: 48601 ns
[7772.374s][info ][safepoint      ] Safepoint "Cleanup", Time since last: 1000101851 ns, Reaching safepoint: 64900 ns, At safepoint: 2600 ns, Total: 67500 ns
[7773.374s][info ][safepoint      ] Safepoint "Cleanup", Time since last: 1000093851 ns, Reaching safepoint: 53100 ns, At safepoint: 4200 ns, Total: 57300 ns
[7775.375s][info ][safepoint      ] Safepoint "Cleanup", Time since last: 2000172105 ns, Reaching safepoint: 42600 ns, At safepoint: 5600 ns, Total: 48200 ns
[7778.139s][info ][safepoint      ] Safepoint "ParallelGCFailedAllocation", Time since last: 2764046082 ns, Reaching safepoint: 86900 ns, At safepoint: 13900 ns, Total: 100800 ns
[7778.139s][info ][gc,start       ] GC(308) Pause Young (GCLocker Initiated GC)
[7778.152s][debug][gc,phases      ] GC(308) Scavenge 13.252ms
[7778.152s][debug][gc,ref         ] GC(308) Skipped phase 1 of Reference Processing: no references
[7778.152s][debug][gc,ref         ] GC(308) ReferenceProcessor::execute queues: 1, RefProcThreadModel::Single, marks_oops_alive: false
[7778.152s][debug][gc,ref         ] GC(308) Skipped phase 3 of Reference Processing: no references
[7778.152s][debug][gc,ref         ] GC(308) ReferenceProcessor::execute queues: 1, RefProcThreadModel::Single, marks_oops_alive: false
[7778.152s][debug][gc,phases      ] GC(308) Reference Processing 0.083ms
[7778.153s][debug][gc,phases      ] GC(308)   VM Weak                        Min:  0.0, Avg:  0.0, Max:  0.0, Diff:  0.0, Sum:  0.0, Workers: 4
[7778.153s][debug][gc,phases      ] GC(308)     Dead                           Min: 0, Avg:  0.0, Max: 0, Diff: 0, Sum: 0, Workers: 4
[7778.153s][debug][gc,phases      ] GC(308)     Total                          Min: 0, Avg: 148.8, Max: 306, Diff: 306, Sum: 595, Workers: 4
[7778.153s][debug][gc,phases      ] GC(308)   ObjectSynchronizer Weak        Min:  0.0, Avg:  0.0, Max:  0.0, Diff:  0.0, Sum:  0.0, Workers: 4
[7778.153s][debug][gc,phases      ] GC(308)     Dead                           Min: 0, Avg:  0.0, Max: 0, Diff: 0, Sum: 0, Workers: 4
[7778.153s][debug][gc,phases      ] GC(308)     Total                          Min: 0, Avg: 13.5, Max: 54, Diff: 54, Sum: 54, Workers: 4
[7778.153s][debug][gc,phases      ] GC(308)   JVMTI Tag Weak OopStorage      Min:  0.0, Avg:  0.0, Max:  0.0, Diff:  0.0, Sum:  0.0, Workers: 4
[7778.153s][debug][gc,phases      ] GC(308)     Dead                           Min: 0, Avg:  0.0, Max: 0, Diff: 0, Sum: 0, Workers: 4
[7778.153s][debug][gc,phases      ] GC(308)     Total                          Min: 0, Avg:  0.0, Max: 0, Diff: 0, Sum: 0, Workers: 4
[7778.153s][debug][gc,phases      ] GC(308)   StringTable Weak               Min:  0.0, Avg:  0.1, Max:  0.1, Diff:  0.1, Sum:  0.3, Workers: 4
[7778.153s][debug][gc,phases      ] GC(308)     Dead                           Min: 0, Avg:  0.2, Max: 1, Diff: 1, Sum: 1, Workers: 4
[7778.153s][debug][gc,phases      ] GC(308)     Total                          Min: 0, Avg: 10913.5, Max: 18502, Diff: 18502, Sum: 43654, Workers: 4
[7778.153s][debug][gc,phases      ] GC(308)   ResolvedMethodTable Weak       Min:  0.0, Avg:  0.0, Max:  0.0, Diff:  0.0, Sum:  0.1, Workers: 4
[7778.153s][debug][gc,phases      ] GC(308)     Dead                           Min: 0, Avg:  0.0, Max: 0, Diff: 0, Sum: 0, Workers: 4
[7778.153s][debug][gc,phases      ] GC(308)     Total                          Min: 0, Avg: 2223.0, Max: 3967, Diff: 3967, Sum: 8892, Workers: 4
[7778.153s][debug][gc,phases      ] GC(308)   JNI Weak                       Min:  0.0, Avg:  0.0, Max:  0.0, Diff:  0.0, Sum:  0.0, Workers: 4
[7778.153s][debug][gc,phases      ] GC(308)     Dead                           Min: 0, Avg:  0.0, Max: 0, Diff: 0, Sum: 0, Workers: 4
[7778.153s][debug][gc,phases      ] GC(308)     Total                          Min: 0, Avg: 11.2, Max: 45, Diff: 45, Sum: 45, Workers: 4
[7778.153s][debug][gc,phases      ] GC(308)   StringDedup Table Weak         Min:  0.0, Avg:  0.0, Max:  0.0, Diff:  0.0, Sum:  0.0, Workers: 4
[7778.153s][debug][gc,phases      ] GC(308)     Dead                           Min: 0, Avg:  0.0, Max: 0, Diff: 0, Sum: 0, Workers: 4
[7778.153s][debug][gc,phases      ] GC(308)     Total                          Min: 0, Avg:  0.0, Max: 0, Diff: 0, Sum: 0, Workers: 4
[7778.153s][debug][gc,phases      ] GC(308)   StringDedup Requests0 Weak     Min:  0.0, Avg:  0.0, Max:  0.0, Diff:  0.0, Sum:  0.0, Workers: 4
[7778.153s][debug][gc,phases      ] GC(308)     Dead                           Min: 0, Avg:  0.0, Max: 0, Diff: 0, Sum: 0, Workers: 4
[7778.153s][debug][gc,phases      ] GC(308)     Total                          Min: 0, Avg:  0.0, Max: 0, Diff: 0, Sum: 0, Workers: 4
[7778.153s][debug][gc,phases      ] GC(308)   StringDedup Requests1 Weak     Min:  0.0, Avg:  0.0, Max:  0.0, Diff:  0.0, Sum:  0.0, Workers: 4
[7778.153s][debug][gc,phases      ] GC(308)     Dead                           Min: 0, Avg:  0.0, Max: 0, Diff: 0, Sum: 0, Workers: 4
[7778.153s][debug][gc,phases      ] GC(308)     Total                          Min: 0, Avg:  0.0, Max: 0, Diff: 0, Sum: 0, Workers: 4
[7778.153s][debug][gc,phases      ] GC(308)   Weak JFR Old Object Samples    Min:  0.0, Avg:  0.0, Max:  0.0, Diff:  0.0, Sum:  0.0, Workers: 4
[7778.153s][debug][gc,phases      ] GC(308)     Dead                           Min: 0, Avg:  0.0, Max: 0, Diff: 0, Sum: 0, Workers: 4
[7778.153s][debug][gc,phases      ] GC(308)     Total                          Min: 0, Avg:  0.0, Max: 0, Diff: 0, Sum: 0, Workers: 4
[7778.153s][debug][gc,phases      ] GC(308) Weak Processing 0.292ms
[7778.153s][debug][gc,age         ] GC(308) Desired survivor size 45613056 bytes, new threshold 14 (max threshold 15)
[7778.153s][info ][gc,heap        ] GC(308) PSYoungGen: 2037385K(2055168K)->38383K(2046464K) Eden: 2015232K(2015232K)->0K(2008064K) From: 22153K(39936K)->38383K(38400K)
[7778.153s][info ][gc,heap        ] GC(308) ParOldGen: 320568K(560640K)->325888K(560640K)
[7778.153s][info ][gc,metaspace   ] GC(308) Metaspace: 80389K(81280K)->80389K(81280K) NonClass: 69015K(69440K)->69015K(69440K) Class: 11374K(11840K)->11374K(11840K)
[7778.153s][info ][gc             ] GC(308) Pause Young (GCLocker Initiated GC) 2302M->355M(2546M) 13.716ms
[7778.153s][info ][gc,cpu         ] GC(308) User=0.05s Sys=0.00s Real=0.01s
[7778.153s][info ][safepoint      ] Safepoint "ParallelGCSystemGC", Time since last: 131500 ns, Reaching safepoint: 90200 ns, At safepoint: 13786810 ns, Total: 13877010 ns
[7780.153s][info ][safepoint      ] Safepoint "Cleanup", Time since last: 2000171108 ns, Reaching safepoint: 42401 ns, At safepoint: 2300 ns, Total: 44701 ns
[7781.153s][info ][safepoint      ] Safepoint "Cleanup", Time since last: 1000106254 ns, Reaching safepoint: 27700 ns, At safepoint: 2200 ns, Total: 29900 ns
[7786.671s][info ][gc,start       ] GC(309) Pause Young (Allocation Failure)
[7786.700s][debug][gc,phases      ] GC(309) Scavenge 28.957ms
[7786.700s][debug][gc,ref         ] GC(309) Skipped phase 1 of Reference Processing: no references
[7786.700s][debug][gc,ref         ] GC(309) ReferenceProcessor::execute queues: 1, RefProcThreadModel::Single, marks_oops_alive: false
[7786.700s][debug][gc,ref         ] GC(309) Skipped phase 3 of Reference Processing: no references
[7786.700s][debug][gc,ref         ] GC(309) ReferenceProcessor::execute queues: 1, RefProcThreadModel::Single, marks_oops_alive: false
[7786.700s][debug][gc,phases      ] GC(309) Reference Processing 0.108ms
[7786.700s][debug][gc,phases      ] GC(309)   VM Weak                        Min:  0.0, Avg:  0.0, Max:  0.0, Diff:  0.0, Sum:  0.0, Workers: 4
[7786.700s][debug][gc,phases      ] GC(309)     Dead                           Min: 0, Avg:  0.0, Max: 0, Diff: 0, Sum: 0, Workers: 4
[7786.700s][debug][gc,phases      ] GC(309)     Total                          Min: 0, Avg: 148.8, Max: 452, Diff: 452, Sum: 595, Workers: 4
[7786.700s][debug][gc,phases      ] GC(309)   ObjectSynchronizer Weak        Min:  0.0, Avg:  0.0, Max:  0.0, Diff:  0.0, Sum:  0.0, Workers: 4
[7786.700s][debug][gc,phases      ] GC(309)     Dead                           Min: 0, Avg:  0.0, Max: 0, Diff: 0, Sum: 0, Workers: 4
[7786.700s][debug][gc,phases      ] GC(309)     Total                          Min: 0, Avg: 13.5, Max: 54, Diff: 54, Sum: 54, Workers: 4
[7786.700s][debug][gc,phases      ] GC(309)   JVMTI Tag Weak OopStorage      Min:  0.0, Avg:  0.0, Max:  0.0, Diff:  0.0, Sum:  0.0, Workers: 4
[7786.700s][debug][gc,phases      ] GC(309)     Dead                           Min: 0, Avg:  0.0, Max: 0, Diff: 0, Sum: 0, Workers: 4
[7786.700s][debug][gc,phases      ] GC(309)     Total                          Min: 0, Avg:  0.0, Max: 0, Diff: 0, Sum: 0, Workers: 4
[7786.700s][debug][gc,phases      ] GC(309)   StringTable Weak               Min:  0.0, Avg:  0.1, Max:  0.1, Diff:  0.1, Sum:  0.3, Workers: 4
[7786.700s][debug][gc,phases      ] GC(309)     Dead                           Min: 0, Avg:  0.0, Max: 0, Diff: 0, Sum: 0, Workers: 4
[7786.700s][debug][gc,phases      ] GC(309)     Total                          Min: 0, Avg: 10913.8, Max: 15304, Diff: 15304, Sum: 43655, Workers: 4
[7786.700s][debug][gc,phases      ] GC(309)   ResolvedMethodTable Weak       Min:  0.0, Avg:  0.0, Max:  0.0, Diff:  0.0, Sum:  0.1, Workers: 4
[7786.700s][debug][gc,phases      ] GC(309)     Dead                           Min: 0, Avg:  0.0, Max: 0, Diff: 0, Sum: 0, Workers: 4
[7786.700s][debug][gc,phases      ] GC(309)     Total                          Min: 0, Avg: 2223.0, Max: 3837, Diff: 3837, Sum: 8892, Workers: 4
[7786.700s][debug][gc,phases      ] GC(309)   JNI Weak                       Min:  0.0, Avg:  0.0, Max:  0.0, Diff:  0.0, Sum:  0.0, Workers: 4
[7786.700s][debug][gc,phases      ] GC(309)     Dead                           Min: 0, Avg:  0.0, Max: 0, Diff: 0, Sum: 0, Workers: 4
[7786.700s][debug][gc,phases      ] GC(309)     Total                          Min: 0, Avg: 11.2, Max: 45, Diff: 45, Sum: 45, Workers: 4
[7786.700s][debug][gc,phases      ] GC(309)   StringDedup Table Weak         Min:  0.0, Avg:  0.0, Max:  0.0, Diff:  0.0, Sum:  0.0, Workers: 4
[7786.700s][debug][gc,phases      ] GC(309)     Dead                           Min: 0, Avg:  0.0, Max: 0, Diff: 0, Sum: 0, Workers: 4
[7786.700s][debug][gc,phases      ] GC(309)     Total                          Min: 0, Avg:  0.0, Max: 0, Diff: 0, Sum: 0, Workers: 4
[7786.700s][debug][gc,phases      ] GC(309)   StringDedup Requests0 Weak     Min:  0.0, Avg:  0.0, Max:  0.0, Diff:  0.0, Sum:  0.0, Workers: 4
[7786.700s][debug][gc,phases      ] GC(309)     Dead                           Min: 0, Avg:  0.0, Max: 0, Diff: 0, Sum: 0, Workers: 4
[7786.700s][debug][gc,phases      ] GC(309)     Total                          Min: 0, Avg:  0.0, Max: 0, Diff: 0, Sum: 0, Workers: 4
[7786.700s][debug][gc,phases      ] GC(309)   StringDedup Requests1 Weak     Min:  0.0, Avg:  0.0, Max:  0.0, Diff:  0.0, Sum:  0.0, Workers: 4
[7786.700s][debug][gc,phases      ] GC(309)     Dead                           Min: 0, Avg:  0.0, Max: 0, Diff: 0, Sum: 0, Workers: 4
[7786.700s][debug][gc,phases      ] GC(309)     Total                          Min: 0, Avg:  0.0, Max: 0, Diff: 0, Sum: 0, Workers: 4
[7786.700s][debug][gc,phases      ] GC(309)   Weak JFR Old Object Samples    Min:  0.0, Avg:  0.0, Max:  0.0, Diff:  0.0, Sum:  0.0, Workers: 4
[7786.700s][debug][gc,phases      ] GC(309)     Dead                           Min: 0, Avg:  0.0, Max: 0, Diff: 0, Sum: 0, Workers: 4
[7786.700s][debug][gc,phases      ] GC(309)     Total                          Min: 0, Avg:  0.0, Max: 0, Diff: 0, Sum: 0, Workers: 4
[7786.700s][debug][gc,phases      ] GC(309) Weak Processing 0.326ms
[7786.700s][debug][gc,age         ] GC(309) Desired survivor size 63963136 bytes, new threshold 13 (max threshold 15)
[7786.700s][info ][gc,heap        ] GC(309) PSYoungGen: 2046447K(2046464K)->44516K(2052608K) Eden: 2008064K(2008064K)->0K(2008064K) From: 38383K(38400K)->44516K(44544K)
[7786.700s][info ][gc,heap        ] GC(309) ParOldGen: 325892K(560640K)->359900K(560640K)
[7786.700s][info ][gc,metaspace   ] GC(309) Metaspace: 80395K(81280K)->80395K(81280K) NonClass: 69021K(69440K)->69021K(69440K) Class: 11374K(11840K)->11374K(11840K)
[7786.700s][info ][gc             ] GC(309) Pause Young (Allocation Failure) 2316M->394M(2552M) 29.502ms
[7786.700s][info ][gc,cpu         ] GC(309) User=0.11s Sys=0.00s Real=0.03s
[7786.700s][info ][safepoint      ] Safepoint "ParallelGCFailedAllocation", Time since last: 5517423571 ns, Reaching safepoint: 52800 ns, At safepoint: 29577123 ns, Total: 29629923 ns
[7792.701s][info ][safepoint      ] Safepoint "Cleanup", Time since last: 6000367649 ns, Reaching safepoint: 55100 ns, At safepoint: 5500 ns, Total: 60600 ns
[7807.620s][info ][gc,start       ] GC(310) Pause Young (Allocation Failure)
[7807.634s][debug][gc,phases      ] GC(310) Scavenge 14.081ms
[7807.634s][debug][gc,ref         ] GC(310) Skipped phase 1 of Reference Processing: no references
[7807.634s][debug][gc,ref         ] GC(310) ReferenceProcessor::execute queues: 1, RefProcThreadModel::Single, marks_oops_alive: false
[7807.634s][debug][gc,ref         ] GC(310) Skipped phase 3 of Reference Processing: no references
[7807.634s][debug][gc,ref         ] GC(310) ReferenceProcessor::execute queues: 1, RefProcThreadModel::Single, marks_oops_alive: false
[7807.634s][debug][gc,phases      ] GC(310) Reference Processing 0.079ms
[7807.634s][debug][gc,phases      ] GC(310)   VM Weak                        Min:  0.0, Avg:  0.0, Max:  0.0, Diff:  0.0, Sum:  0.0, Workers: 4
[7807.634s][debug][gc,phases      ] GC(310)     Dead                           Min: 0, Avg:  0.0, Max: 0, Diff: 0, Sum: 0, Workers: 4
[7807.634s][debug][gc,phases      ] GC(310)     Total                          Min: 0, Avg: 148.8, Max: 399, Diff: 399, Sum: 595, Workers: 4
[7807.634s][debug][gc,phases      ] GC(310)   ObjectSynchronizer Weak        Min:  0.0, Avg:  0.0, Max:  0.0, Diff:  0.0, Sum:  0.0, Workers: 4
[7807.634s][debug][gc,phases      ] GC(310)     Dead                           Min: 0, Avg:  0.0, Max: 0, Diff: 0, Sum: 0, Workers: 4
[7807.635s][debug][gc,phases      ] GC(310)     Total                          Min: 0, Avg: 13.5, Max: 54, Diff: 54, Sum: 54, Workers: 4
[7807.635s][debug][gc,phases      ] GC(310)   JVMTI Tag Weak OopStorage      Min:  0.0, Avg:  0.0, Max:  0.0, Diff:  0.0, Sum:  0.0, Workers: 4
[7807.635s][debug][gc,phases      ] GC(310)     Dead                           Min: 0, Avg:  0.0, Max: 0, Diff: 0, Sum: 0, Workers: 4
[7807.635s][debug][gc,phases      ] GC(310)     Total                          Min: 0, Avg:  0.0, Max: 0, Diff: 0, Sum: 0, Workers: 4
[7807.635s][debug][gc,phases      ] GC(310)   StringTable Weak               Min:  0.1, Avg:  0.1, Max:  0.1, Diff:  0.0, Sum:  0.4, Workers: 4
[7807.635s][debug][gc,phases      ] GC(310)     Dead                           Min: 0, Avg:  0.0, Max: 0, Diff: 0, Sum: 0, Workers: 4
[7807.635s][debug][gc,phases      ] GC(310)     Total                          Min: 9344, Avg: 10913.8, Max: 11776, Diff: 2432, Sum: 43655, Workers: 4
[7807.635s][debug][gc,phases      ] GC(310)   ResolvedMethodTable Weak       Min:  0.0, Avg:  0.0, Max:  0.0, Diff:  0.0, Sum:  0.1, Workers: 4
[7807.635s][debug][gc,phases      ] GC(310)     Dead                           Min: 0, Avg:  0.0, Max: 0, Diff: 0, Sum: 0, Workers: 4
[7807.635s][debug][gc,phases      ] GC(310)     Total                          Min: 2112, Avg: 2223.0, Max: 2304, Diff: 192, Sum: 8892, Workers: 4
[7807.635s][debug][gc,phases      ] GC(310)   JNI Weak                       Min:  0.0, Avg:  0.0, Max:  0.0, Diff:  0.0, Sum:  0.0, Workers: 4
[7807.635s][debug][gc,phases      ] GC(310)     Dead                           Min: 0, Avg:  0.0, Max: 0, Diff: 0, Sum: 0, Workers: 4
[7807.635s][debug][gc,phases      ] GC(310)     Total                          Min: 0, Avg: 11.2, Max: 45, Diff: 45, Sum: 45, Workers: 4
[7807.635s][debug][gc,phases      ] GC(310)   StringDedup Table Weak         Min:  0.0, Avg:  0.0, Max:  0.0, Diff:  0.0, Sum:  0.0, Workers: 4
[7807.635s][debug][gc,phases      ] GC(310)     Dead                           Min: 0, Avg:  0.0, Max: 0, Diff: 0, Sum: 0, Workers: 4
[7807.635s][debug][gc,phases      ] GC(310)     Total                          Min: 0, Avg:  0.0, Max: 0, Diff: 0, Sum: 0, Workers: 4
[7807.635s][debug][gc,phases      ] GC(310)   StringDedup Requests0 Weak     Min:  0.0, Avg:  0.0, Max:  0.0, Diff:  0.0, Sum:  0.0, Workers: 4
[7807.635s][debug][gc,phases      ] GC(310)     Dead                           Min: 0, Avg:  0.0, Max: 0, Diff: 0, Sum: 0, Workers: 4
[7807.635s][debug][gc,phases      ] GC(310)     Total                          Min: 0, Avg:  0.0, Max: 0, Diff: 0, Sum: 0, Workers: 4
[7807.635s][debug][gc,phases      ] GC(310)   StringDedup Requests1 Weak     Min:  0.0, Avg:  0.0, Max:  0.0, Diff:  0.0, Sum:  0.0, Workers: 4
[7807.635s][debug][gc,phases      ] GC(310)     Dead                           Min: 0, Avg:  0.0, Max: 0, Diff: 0, Sum: 0, Workers: 4
[7807.635s][debug][gc,phases      ] GC(310)     Total                          Min: 0, Avg:  0.0, Max: 0, Diff: 0, Sum: 0, Workers: 4
[7807.635s][debug][gc,phases      ] GC(310)   Weak JFR Old Object Samples    Min:  0.0, Avg:  0.0, Max:  0.0, Diff:  0.0, Sum:  0.0, Workers: 4
[7807.635s][debug][gc,phases      ] GC(310)     Dead                           Min: 0, Avg:  0.0, Max: 0, Diff: 0, Sum: 0, Workers: 4
[7807.635s][debug][gc,phases      ] GC(310)     Total                          Min: 0, Avg:  0.0, Max: 0, Diff: 0, Sum: 0, Workers: 4
[7807.635s][debug][gc,phases      ] GC(310) Weak Processing 0.281ms
[7807.635s][debug][gc,age         ] GC(310) Desired survivor size 61341696 bytes, new threshold 14 (max threshold 15)
[7807.635s][info ][gc,heap        ] GC(310) PSYoungGen: 2052580K(2052608K)->27232K(2021888K) Eden: 2008064K(2008064K)->0K(1977344K) From: 44516K(44544K)->27232K(44544K)
[7807.635s][info ][gc,heap        ] GC(310) ParOldGen: 359900K(560640K)->379006K(560640K)
[7807.635s][info ][gc,metaspace   ] GC(310) Metaspace: 80395K(81280K)->80395K(81280K) NonClass: 69021K(69440K)->69021K(69440K) Class: 11374K(11840K)->11374K(11840K)
[7807.635s][info ][gc             ] GC(310) Pause Young (Allocation Failure) 2355M->396M(2522M) 14.542ms
[7807.635s][info ][gc,cpu         ] GC(310) User=0.04s Sys=0.01s Real=0.01s
[7807.635s][info ][safepoint      ] Safepoint "ParallelGCFailedAllocation", Time since last: 14919411771 ns, Reaching safepoint: 25400 ns, At safepoint: 14618012 ns, Total: 14643412 ns
[7809.635s][info ][safepoint      ] Safepoint "Cleanup", Time since last: 2000138030 ns, Reaching safepoint: 37301 ns, At safepoint: 23400 ns, Total: 60701 ns
[7828.636s][info ][safepoint      ] Safepoint "Cleanup", Time since last: 19001148116 ns, Reaching safepoint: 34200 ns, At safepoint: 2500 ns, Total: 36700 ns
[7829.170s][info ][gc,start       ] GC(311) Pause Young (Allocation Failure)
[7829.180s][debug][gc,phases      ] GC(311) Scavenge 10.612ms
[7829.180s][debug][gc,ref         ] GC(311) Skipped phase 1 of Reference Processing: no references
[7829.180s][debug][gc,ref         ] GC(311) ReferenceProcessor::execute queues: 1, RefProcThreadModel::Single, marks_oops_alive: false
[7829.180s][debug][gc,ref         ] GC(311) Skipped phase 3 of Reference Processing: no references
[7829.180s][debug][gc,ref         ] GC(311) ReferenceProcessor::execute queues: 1, RefProcThreadModel::Single, marks_oops_alive: false
[7829.180s][debug][gc,phases      ] GC(311) Reference Processing 0.079ms
[7829.181s][debug][gc,phases      ] GC(311)   VM Weak                        Min:  0.0, Avg:  0.0, Max:  0.0, Diff:  0.0, Sum:  0.0, Workers: 4
[7829.181s][debug][gc,phases      ] GC(311)     Dead                           Min: 0, Avg:  0.0, Max: 0, Diff: 0, Sum: 0, Workers: 4
[7829.181s][debug][gc,phases      ] GC(311)     Total                          Min: 0, Avg: 148.8, Max: 595, Diff: 595, Sum: 595, Workers: 4
[7829.181s][debug][gc,phases      ] GC(311)   ObjectSynchronizer Weak        Min:  0.0, Avg:  0.0, Max:  0.0, Diff:  0.0, Sum:  0.0, Workers: 4
[7829.181s][debug][gc,phases      ] GC(311)     Dead                           Min: 0, Avg:  0.0, Max: 0, Diff: 0, Sum: 0, Workers: 4
[7829.181s][debug][gc,phases      ] GC(311)     Total                          Min: 0, Avg: 13.5, Max: 54, Diff: 54, Sum: 54, Workers: 4
[7829.181s][debug][gc,phases      ] GC(311)   JVMTI Tag Weak OopStorage      Min:  0.0, Avg:  0.0, Max:  0.0, Diff:  0.0, Sum:  0.0, Workers: 4
[7829.181s][debug][gc,phases      ] GC(311)     Dead                           Min: 0, Avg:  0.0, Max: 0, Diff: 0, Sum: 0, Workers: 4
[7829.181s][debug][gc,phases      ] GC(311)     Total                          Min: 0, Avg:  0.0, Max: 0, Diff: 0, Sum: 0, Workers: 4
[7829.181s][debug][gc,phases      ] GC(311)   StringTable Weak               Min:  0.1, Avg:  0.1, Max:  0.1, Diff:  0.0, Sum:  0.5, Workers: 4
[7829.181s][debug][gc,phases      ] GC(311)     Dead                           Min: 0, Avg:  0.0, Max: 0, Diff: 0, Sum: 0, Workers: 4
[7829.181s][debug][gc,phases      ] GC(311)     Total                          Min: 9600, Avg: 10913.8, Max: 11847, Diff: 2247, Sum: 43655, Workers: 4
[7829.181s][debug][gc,phases      ] GC(311)   ResolvedMethodTable Weak       Min:  0.0, Avg:  0.0, Max:  0.0, Diff:  0.0, Sum:  0.1, Workers: 4
[7829.181s][debug][gc,phases      ] GC(311)     Dead                           Min: 0, Avg:  0.0, Max: 0, Diff: 0, Sum: 0, Workers: 4
[7829.181s][debug][gc,phases      ] GC(311)     Total                          Min: 2048, Avg: 2223.0, Max: 2304, Diff: 256, Sum: 8892, Workers: 4
[7829.181s][debug][gc,phases      ] GC(311)   JNI Weak                       Min:  0.0, Avg:  0.0, Max:  0.0, Diff:  0.0, Sum:  0.0, Workers: 4
[7829.181s][debug][gc,phases      ] GC(311)     Dead                           Min: 0, Avg:  0.0, Max: 0, Diff: 0, Sum: 0, Workers: 4
[7829.181s][debug][gc,phases      ] GC(311)     Total                          Min: 0, Avg: 11.2, Max: 45, Diff: 45, Sum: 45, Workers: 4
[7829.181s][debug][gc,phases      ] GC(311)   StringDedup Table Weak         Min:  0.0, Avg:  0.0, Max:  0.0, Diff:  0.0, Sum:  0.0, Workers: 4
[7829.181s][debug][gc,phases      ] GC(311)     Dead                           Min: 0, Avg:  0.0, Max: 0, Diff: 0, Sum: 0, Workers: 4
[7829.181s][debug][gc,phases      ] GC(311)     Total                          Min: 0, Avg:  0.0, Max: 0, Diff: 0, Sum: 0, Workers: 4
[7829.181s][debug][gc,phases      ] GC(311)   StringDedup Requests0 Weak     Min:  0.0, Avg:  0.0, Max:  0.0, Diff:  0.0, Sum:  0.0, Workers: 4
[7829.181s][debug][gc,phases      ] GC(311)     Dead                           Min: 0, Avg:  0.0, Max: 0, Diff: 0, Sum: 0, Workers: 4
[7829.181s][debug][gc,phases      ] GC(311)     Total                          Min: 0, Avg:  0.0, Max: 0, Diff: 0, Sum: 0, Workers: 4
[7829.181s][debug][gc,phases      ] GC(311)   StringDedup Requests1 Weak     Min:  0.0, Avg:  0.0, Max:  0.0, Diff:  0.0, Sum:  0.0, Workers: 4
[7829.181s][debug][gc,phases      ] GC(311)     Dead                           Min: 0, Avg:  0.0, Max: 0, Diff: 0, Sum: 0, Workers: 4
[7829.181s][debug][gc,phases      ] GC(311)     Total                          Min: 0, Avg:  0.0, Max: 0, Diff: 0, Sum: 0, Workers: 4
[7829.181s][debug][gc,phases      ] GC(311)   Weak JFR Old Object Samples    Min:  0.0, Avg:  0.0, Max:  0.0, Diff:  0.0, Sum:  0.0, Workers: 4
[7829.181s][debug][gc,phases      ] GC(311)     Dead                           Min: 0, Avg:  0.0, Max: 0, Diff: 0, Sum: 0, Workers: 4
[7829.181s][debug][gc,phases      ] GC(311)     Total                          Min: 0, Avg:  0.0, Max: 0, Diff: 0, Sum: 0, Workers: 4
[7829.181s][debug][gc,phases      ] GC(311) Weak Processing 0.348ms
[7829.181s][debug][gc,age         ] GC(311) Desired survivor size 58720256 bytes, new threshold 15 (max threshold 15)
[7829.181s][info ][gc,heap        ] GC(311) PSYoungGen: 2004576K(2021888K)->27232K(2037248K) Eden: 1977344K(1977344K)->0K(1977344K) From: 27232K(44544K)->27232K(59904K)
[7829.181s][info ][gc,heap        ] GC(311) ParOldGen: 379006K(560640K)->379006K(560640K)
[7829.181s][info ][gc,metaspace   ] GC(311) Metaspace: 80400K(81280K)->80400K(81280K) NonClass: 69025K(69440K)->69025K(69440K) Class: 11374K(11840K)->11374K(11840K)
[7829.181s][info ][gc             ] GC(311) Pause Young (Allocation Failure) 2327M->396M(2537M) 11.141ms
[7829.181s][info ][gc,cpu         ] GC(311) User=0.03s Sys=0.00s Real=0.01s
[7829.181s][info ][safepoint      ] Safepoint "ParallelGCFailedAllocation", Time since last: 533466613 ns, Reaching safepoint: 28500 ns, At safepoint: 11225708 ns, Total: 11254208 ns
[7851.170s][info ][safepoint      ] Safepoint "ParallelGCFailedAllocation", Time since last: 21988929081 ns, Reaching safepoint: 33300 ns, At safepoint: 38500 ns, Total: 71800 ns
[7851.170s][info ][gc,start       ] GC(312) Pause Young (GCLocker Initiated GC)
[7851.179s][debug][gc,phases      ] GC(312) Scavenge 9.315ms
[7851.179s][debug][gc,ref         ] GC(312) Skipped phase 1 of Reference Processing: no references
[7851.179s][debug][gc,ref         ] GC(312) ReferenceProcessor::execute queues: 1, RefProcThreadModel::Single, marks_oops_alive: false
[7851.179s][debug][gc,ref         ] GC(312) Skipped phase 3 of Reference Processing: no references
[7851.179s][debug][gc,ref         ] GC(312) ReferenceProcessor::execute queues: 1, RefProcThreadModel::Single, marks_oops_alive: false
[7851.179s][debug][gc,phases      ] GC(312) Reference Processing 0.081ms
[7851.180s][debug][gc,phases      ] GC(312)   VM Weak                        Min:  0.0, Avg:  0.0, Max:  0.0, Diff:  0.0, Sum:  0.0, Workers: 4
[7851.180s][debug][gc,phases      ] GC(312)     Dead                           Min: 0, Avg:  0.0, Max: 0, Diff: 0, Sum: 0, Workers: 4
[7851.180s][debug][gc,phases      ] GC(312)     Total                          Min: 0, Avg: 148.8, Max: 452, Diff: 452, Sum: 595, Workers: 4
[7851.180s][debug][gc,phases      ] GC(312)   ObjectSynchronizer Weak        Min:  0.0, Avg:  0.0, Max:  0.0, Diff:  0.0, Sum:  0.0, Workers: 4
[7851.180s][debug][gc,phases      ] GC(312)     Dead                           Min: 0, Avg:  0.0, Max: 0, Diff: 0, Sum: 0, Workers: 4
[7851.180s][debug][gc,phases      ] GC(312)     Total                          Min: 0, Avg: 13.5, Max: 54, Diff: 54, Sum: 54, Workers: 4
[7851.180s][debug][gc,phases      ] GC(312)   JVMTI Tag Weak OopStorage      Min:  0.0, Avg:  0.0, Max:  0.0, Diff:  0.0, Sum:  0.0, Workers: 4
[7851.180s][debug][gc,phases      ] GC(312)     Dead                           Min: 0, Avg:  0.0, Max: 0, Diff: 0, Sum: 0, Workers: 4
[7851.180s][debug][gc,phases      ] GC(312)     Total                          Min: 0, Avg:  0.0, Max: 0, Diff: 0, Sum: 0, Workers: 4
[7851.180s][debug][gc,phases      ] GC(312)   StringTable Weak               Min:  0.1, Avg:  0.1, Max:  0.1, Diff:  0.0, Sum:  0.4, Workers: 4
[7851.180s][debug][gc,phases      ] GC(312)     Dead                           Min: 0, Avg:  0.0, Max: 0, Diff: 0, Sum: 0, Workers: 4
[7851.180s][debug][gc,phases      ] GC(312)     Total                          Min: 10175, Avg: 10913.8, Max: 11208, Diff: 1033, Sum: 43655, Workers: 4
[7851.180s][debug][gc,phases      ] GC(312)   ResolvedMethodTable Weak       Min:  0.0, Avg:  0.0, Max:  0.0, Diff:  0.0, Sum:  0.1, Workers: 4
[7851.180s][debug][gc,phases      ] GC(312)     Dead                           Min: 0, Avg:  0.0, Max: 0, Diff: 0, Sum: 0, Workers: 4
[7851.180s][debug][gc,phases      ] GC(312)     Total                          Min: 2109, Avg: 2223.0, Max: 2496, Diff: 387, Sum: 8892, Workers: 4
[7851.180s][debug][gc,phases      ] GC(312)   JNI Weak                       Min:  0.0, Avg:  0.0, Max:  0.0, Diff:  0.0, Sum:  0.0, Workers: 4
[7851.180s][debug][gc,phases      ] GC(312)     Dead                           Min: 0, Avg:  0.0, Max: 0, Diff: 0, Sum: 0, Workers: 4
[7851.180s][debug][gc,phases      ] GC(312)     Total                          Min: 0, Avg: 11.2, Max: 45, Diff: 45, Sum: 45, Workers: 4
[7851.180s][debug][gc,phases      ] GC(312)   StringDedup Table Weak         Min:  0.0, Avg:  0.0, Max:  0.0, Diff:  0.0, Sum:  0.0, Workers: 4
[7851.180s][debug][gc,phases      ] GC(312)     Dead                           Min: 0, Avg:  0.0, Max: 0, Diff: 0, Sum: 0, Workers: 4
[7851.180s][debug][gc,phases      ] GC(312)     Total                          Min: 0, Avg:  0.0, Max: 0, Diff: 0, Sum: 0, Workers: 4
[7851.180s][debug][gc,phases      ] GC(312)   StringDedup Requests0 Weak     Min:  0.0, Avg:  0.0, Max:  0.0, Diff:  0.0, Sum:  0.0, Workers: 4
[7851.180s][debug][gc,phases      ] GC(312)     Dead                           Min: 0, Avg:  0.0, Max: 0, Diff: 0, Sum: 0, Workers: 4
[7851.180s][debug][gc,phases      ] GC(312)     Total                          Min: 0, Avg:  0.0, Max: 0, Diff: 0, Sum: 0, Workers: 4
[7851.180s][debug][gc,phases      ] GC(312)   StringDedup Requests1 Weak     Min:  0.0, Avg:  0.0, Max:  0.0, Diff:  0.0, Sum:  0.0, Workers: 4
[7851.180s][debug][gc,phases      ] GC(312)     Dead                           Min: 0, Avg:  0.0, Max: 0, Diff: 0, Sum: 0, Workers: 4
[7851.180s][debug][gc,phases      ] GC(312)     Total                          Min: 0, Avg:  0.0, Max: 0, Diff: 0, Sum: 0, Workers: 4
[7851.180s][debug][gc,phases      ] GC(312)   Weak JFR Old Object Samples    Min:  0.0, Avg:  0.0, Max:  0.0, Diff:  0.0, Sum:  0.0, Workers: 4
[7851.180s][debug][gc,phases      ] GC(312)     Dead                           Min: 0, Avg:  0.0, Max: 0, Diff: 0, Sum: 0, Workers: 4
[7851.180s][debug][gc,phases      ] GC(312)     Total                          Min: 0, Avg:  0.0, Max: 0, Diff: 0, Sum: 0, Workers: 4
[7851.180s][debug][gc,phases      ] GC(312) Weak Processing 0.276ms
[7851.180s][debug][gc,age         ] GC(312) Desired survivor size 56098816 bytes, new threshold 15 (max threshold 15)
[7851.180s][info ][gc,heap        ] GC(312) PSYoungGen: 2004576K(2037248K)->27248K(2042368K) Eden: 1977344K(1977344K)->0K(1985024K) From: 27232K(59904K)->27248K(57344K)
[7851.180s][info ][gc,heap        ] GC(312) ParOldGen: 379006K(560640K)->379006K(560640K)
[7851.180s][info ][gc,metaspace   ] GC(312) Metaspace: 80400K(81280K)->80400K(81280K) NonClass: 69025K(69440K)->69025K(69440K) Class: 11374K(11840K)->11374K(11840K)
[7851.180s][info ][gc             ] GC(312) Pause Young (GCLocker Initiated GC) 2327M->396M(2542M) 9.755ms
[7851.180s][info ][gc,cpu         ] GC(312) User=0.04s Sys=0.00s Real=0.01s
[7851.180s][info ][safepoint      ] Safepoint "ParallelGCSystemGC", Time since last: 112400 ns, Reaching safepoint: 36600 ns, At safepoint: 9813508 ns, Total: 9850108 ns
[7856.180s][info ][safepoint      ] Safepoint "Cleanup", Time since last: 5000293307 ns, Reaching safepoint: 28700 ns, At safepoint: 2900 ns, Total: 31600 ns
[7873.320s][info ][gc,start       ] GC(313) Pause Young (Allocation Failure)
[7873.329s][debug][gc,phases      ] GC(313) Scavenge 8.827ms
[7873.329s][debug][gc,ref         ] GC(313) Skipped phase 1 of Reference Processing: no references
[7873.329s][debug][gc,ref         ] GC(313) ReferenceProcessor::execute queues: 1, RefProcThreadModel::Single, marks_oops_alive: false
[7873.329s][debug][gc,ref         ] GC(313) Skipped phase 3 of Reference Processing: no references
[7873.329s][debug][gc,ref         ] GC(313) ReferenceProcessor::execute queues: 1, RefProcThreadModel::Single, marks_oops_alive: false
[7873.329s][debug][gc,phases      ] GC(313) Reference Processing 0.080ms
[7873.329s][debug][gc,phases      ] GC(313)   VM Weak                        Min:  0.0, Avg:  0.0, Max:  0.0, Diff:  0.0, Sum:  0.0, Workers: 4
[7873.329s][debug][gc,phases      ] GC(313)     Dead                           Min: 0, Avg:  0.0, Max: 0, Diff: 0, Sum: 0, Workers: 4
[7873.329s][debug][gc,phases      ] GC(313)     Total                          Min: 0, Avg: 148.8, Max: 595, Diff: 595, Sum: 595, Workers: 4
[7873.329s][debug][gc,phases      ] GC(313)   ObjectSynchronizer Weak        Min:  0.0, Avg:  0.0, Max:  0.0, Diff:  0.0, Sum:  0.0, Workers: 4
[7873.329s][debug][gc,phases      ] GC(313)     Dead                           Min: 0, Avg:  0.0, Max: 0, Diff: 0, Sum: 0, Workers: 4
[7873.329s][debug][gc,phases      ] GC(313)     Total                          Min: 0, Avg: 13.5, Max: 54, Diff: 54, Sum: 54, Workers: 4
[7873.329s][debug][gc,phases      ] GC(313)   JVMTI Tag Weak OopStorage      Min:  0.0, Avg:  0.0, Max:  0.0, Diff:  0.0, Sum:  0.0, Workers: 4
[7873.329s][debug][gc,phases      ] GC(313)     Dead                           Min: 0, Avg:  0.0, Max: 0, Diff: 0, Sum: 0, Workers: 4
[7873.329s][debug][gc,phases      ] GC(313)     Total                          Min: 0, Avg:  0.0, Max: 0, Diff: 0, Sum: 0, Workers: 4
[7873.329s][debug][gc,phases      ] GC(313)   StringTable Weak               Min:  0.1, Avg:  0.1, Max:  0.1, Diff:  0.0, Sum:  0.4, Workers: 4
[7873.329s][debug][gc,phases      ] GC(313)     Dead                           Min: 0, Avg:  0.0, Max: 0, Diff: 0, Sum: 0, Workers: 4
[7873.329s][debug][gc,phases      ] GC(313)     Total                          Min: 9480, Avg: 10913.8, Max: 11712, Diff: 2232, Sum: 43655, Workers: 4
[7873.329s][debug][gc,phases      ] GC(313)   ResolvedMethodTable Weak       Min:  0.0, Avg:  0.0, Max:  0.0, Diff:  0.0, Sum:  0.1, Workers: 4
[7873.329s][debug][gc,phases      ] GC(313)     Dead                           Min: 0, Avg:  0.0, Max: 0, Diff: 0, Sum: 0, Workers: 4
[7873.329s][debug][gc,phases      ] GC(313)     Total                          Min: 2175, Avg: 2223.0, Max: 2240, Diff: 65, Sum: 8892, Workers: 4
[7873.329s][debug][gc,phases      ] GC(313)   JNI Weak                       Min:  0.0, Avg:  0.0, Max:  0.0, Diff:  0.0, Sum:  0.0, Workers: 4
[7873.329s][debug][gc,phases      ] GC(313)     Dead                           Min: 0, Avg:  0.0, Max: 0, Diff: 0, Sum: 0, Workers: 4
[7873.329s][debug][gc,phases      ] GC(313)     Total                          Min: 0, Avg: 11.2, Max: 45, Diff: 45, Sum: 45, Workers: 4
[7873.329s][debug][gc,phases      ] GC(313)   StringDedup Table Weak         Min:  0.0, Avg:  0.0, Max:  0.0, Diff:  0.0, Sum:  0.0, Workers: 4
[7873.329s][debug][gc,phases      ] GC(313)     Dead                           Min: 0, Avg:  0.0, Max: 0, Diff: 0, Sum: 0, Workers: 4
[7873.329s][debug][gc,phases      ] GC(313)     Total                          Min: 0, Avg:  0.0, Max: 0, Diff: 0, Sum: 0, Workers: 4
[7873.329s][debug][gc,phases      ] GC(313)   StringDedup Requests0 Weak     Min:  0.0, Avg:  0.0, Max:  0.0, Diff:  0.0, Sum:  0.0, Workers: 4
[7873.329s][debug][gc,phases      ] GC(313)     Dead                           Min: 0, Avg:  0.0, Max: 0, Diff: 0, Sum: 0, Workers: 4
[7873.329s][debug][gc,phases      ] GC(313)     Total                          Min: 0, Avg:  0.0, Max: 0, Diff: 0, Sum: 0, Workers: 4
[7873.329s][debug][gc,phases      ] GC(313)   StringDedup Requests1 Weak     Min:  0.0, Avg:  0.0, Max:  0.0, Diff:  0.0, Sum:  0.0, Workers: 4
[7873.329s][debug][gc,phases      ] GC(313)     Dead                           Min: 0, Avg:  0.0, Max: 0, Diff: 0, Sum: 0, Workers: 4
[7873.329s][debug][gc,phases      ] GC(313)     Total                          Min: 0, Avg:  0.0, Max: 0, Diff: 0, Sum: 0, Workers: 4
[7873.329s][debug][gc,phases      ] GC(313)   Weak JFR Old Object Samples    Min:  0.0, Avg:  0.0, Max:  0.0, Diff:  0.0, Sum:  0.0, Workers: 4
[7873.329s][debug][gc,phases      ] GC(313)     Dead                           Min: 0, Avg:  0.0, Max: 0, Diff: 0, Sum: 0, Workers: 4
[7873.329s][debug][gc,phases      ] GC(313)     Total                          Min: 0, Avg:  0.0, Max: 0, Diff: 0, Sum: 0, Workers: 4
[7873.329s][debug][gc,phases      ] GC(313) Weak Processing 0.296ms
[7873.329s][debug][gc,age         ] GC(313) Desired survivor size 54001664 bytes, new threshold 15 (max threshold 15)
[7873.329s][info ][gc,heap        ] GC(313) PSYoungGen: 2012272K(2042368K)->27184K(2039808K) Eden: 1985024K(1985024K)->0K(1985024K) From: 27248K(57344K)->27184K(54784K)
[7873.329s][info ][gc,heap        ] GC(313) ParOldGen: 379007K(560640K)->379031K(560640K)
[7873.329s][info ][gc,metaspace   ] GC(313) Metaspace: 80412K(81344K)->80412K(81344K) NonClass: 69038K(69504K)->69038K(69504K) Class: 11374K(11840K)->11374K(11840K)
[7873.329s][info ][gc             ] GC(313) Pause Young (Allocation Failure) 2335M->396M(2539M) 9.290ms
[7873.329s][info ][gc,cpu         ] GC(313) User=0.04s Sys=0.00s Real=0.01s
[7873.329s][info ][safepoint      ] Safepoint "ParallelGCFailedAllocation", Time since last: 17139549859 ns, Reaching safepoint: 101100 ns, At safepoint: 9374407 ns, Total: 9475507 ns
[7894.330s][info ][safepoint      ] Safepoint "Cleanup", Time since last: 21001238122 ns, Reaching safepoint: 26500 ns, At safepoint: 2100 ns, Total: 28600 ns
[7895.517s][info ][gc,start       ] GC(314) Pause Young (Allocation Failure)
[7895.526s][debug][gc,phases      ] GC(314) Scavenge 8.920ms
[7895.526s][debug][gc,ref         ] GC(314) Skipped phase 1 of Reference Processing: no references
[7895.526s][debug][gc,ref         ] GC(314) ReferenceProcessor::execute queues: 1, RefProcThreadModel::Single, marks_oops_alive: false
[7895.526s][debug][gc,ref         ] GC(314) Skipped phase 3 of Reference Processing: no references
[7895.526s][debug][gc,ref         ] GC(314) ReferenceProcessor::execute queues: 1, RefProcThreadModel::Single, marks_oops_alive: false
[7895.526s][debug][gc,phases      ] GC(314) Reference Processing 0.083ms
[7895.526s][debug][gc,phases      ] GC(314)   VM Weak                        Min:  0.0, Avg:  0.0, Max:  0.0, Diff:  0.0, Sum:  0.0, Workers: 4
[7895.526s][debug][gc,phases      ] GC(314)     Dead                           Min: 0, Avg:  0.0, Max: 0, Diff: 0, Sum: 0, Workers: 4
[7895.526s][debug][gc,phases      ] GC(314)     Total                          Min: 0, Avg: 148.8, Max: 562, Diff: 562, Sum: 595, Workers: 4
[7895.526s][debug][gc,phases      ] GC(314)   ObjectSynchronizer Weak        Min:  0.0, Avg:  0.0, Max:  0.0, Diff:  0.0, Sum:  0.0, Workers: 4
[7895.526s][debug][gc,phases      ] GC(314)     Dead                           Min: 0, Avg:  0.0, Max: 0, Diff: 0, Sum: 0, Workers: 4
[7895.526s][debug][gc,phases      ] GC(314)     Total                          Min: 0, Avg: 13.5, Max: 54, Diff: 54, Sum: 54, Workers: 4
[7895.526s][debug][gc,phases      ] GC(314)   JVMTI Tag Weak OopStorage      Min:  0.0, Avg:  0.0, Max:  0.0, Diff:  0.0, Sum:  0.0, Workers: 4
[7895.526s][debug][gc,phases      ] GC(314)     Dead                           Min: 0, Avg:  0.0, Max: 0, Diff: 0, Sum: 0, Workers: 4
[7895.526s][debug][gc,phases      ] GC(314)     Total                          Min: 0, Avg:  0.0, Max: 0, Diff: 0, Sum: 0, Workers: 4
[7895.526s][debug][gc,phases      ] GC(314)   StringTable Weak               Min:  0.1, Avg:  0.1, Max:  0.2, Diff:  0.1, Sum:  0.5, Workers: 4
[7895.526s][debug][gc,phases      ] GC(314)     Dead                           Min: 0, Avg:  0.2, Max: 1, Diff: 1, Sum: 1, Workers: 4
[7895.526s][debug][gc,phases      ] GC(314)     Total                          Min: 10240, Avg: 10914.2, Max: 11263, Diff: 1023, Sum: 43657, Workers: 4
[7895.526s][debug][gc,phases      ] GC(314)   ResolvedMethodTable Weak       Min:  0.0, Avg:  0.0, Max:  0.0, Diff:  0.0, Sum:  0.1, Workers: 4
[7895.526s][debug][gc,phases      ] GC(314)     Dead                           Min: 0, Avg:  0.0, Max: 0, Diff: 0, Sum: 0, Workers: 4
[7895.526s][debug][gc,phases      ] GC(314)     Total                          Min: 0, Avg: 2223.0, Max: 3264, Diff: 3264, Sum: 8892, Workers: 4
[7895.526s][debug][gc,phases      ] GC(314)   JNI Weak                       Min:  0.0, Avg:  0.0, Max:  0.0, Diff:  0.0, Sum:  0.0, Workers: 4
[7895.526s][debug][gc,phases      ] GC(314)     Dead                           Min: 0, Avg:  0.0, Max: 0, Diff: 0, Sum: 0, Workers: 4
[7895.526s][debug][gc,phases      ] GC(314)     Total                          Min: 0, Avg: 11.2, Max: 45, Diff: 45, Sum: 45, Workers: 4
[7895.526s][debug][gc,phases      ] GC(314)   StringDedup Table Weak         Min:  0.0, Avg:  0.0, Max:  0.0, Diff:  0.0, Sum:  0.0, Workers: 4
[7895.526s][debug][gc,phases      ] GC(314)     Dead                           Min: 0, Avg:  0.0, Max: 0, Diff: 0, Sum: 0, Workers: 4
[7895.526s][debug][gc,phases      ] GC(314)     Total                          Min: 0, Avg:  0.0, Max: 0, Diff: 0, Sum: 0, Workers: 4
[7895.526s][debug][gc,phases      ] GC(314)   StringDedup Requests0 Weak     Min:  0.0, Avg:  0.0, Max:  0.0, Diff:  0.0, Sum:  0.0, Workers: 4
[7895.526s][debug][gc,phases      ] GC(314)     Dead                           Min: 0, Avg:  0.0, Max: 0, Diff: 0, Sum: 0, Workers: 4
[7895.526s][debug][gc,phases      ] GC(314)     Total                          Min: 0, Avg:  0.0, Max: 0, Diff: 0, Sum: 0, Workers: 4
[7895.526s][debug][gc,phases      ] GC(314)   StringDedup Requests1 Weak     Min:  0.0, Avg:  0.0, Max:  0.0, Diff:  0.0, Sum:  0.0, Workers: 4
[7895.526s][debug][gc,phases      ] GC(314)     Dead                           Min: 0, Avg:  0.0, Max: 0, Diff: 0, Sum: 0, Workers: 4
[7895.526s][debug][gc,phases      ] GC(314)     Total                          Min: 0, Avg:  0.0, Max: 0, Diff: 0, Sum: 0, Workers: 4
[7895.526s][debug][gc,phases      ] GC(314)   Weak JFR Old Object Samples    Min:  0.0, Avg:  0.0, Max:  0.0, Diff:  0.0, Sum:  0.0, Workers: 4
[7895.526s][debug][gc,phases      ] GC(314)     Dead                           Min: 0, Avg:  0.0, Max: 0, Diff: 0, Sum: 0, Workers: 4
[7895.526s][debug][gc,phases      ] GC(314)     Total                          Min: 0, Avg:  0.0, Max: 0, Diff: 0, Sum: 0, Workers: 4
[7895.526s][debug][gc,phases      ] GC(314) Weak Processing 0.336ms
[7895.526s][debug][gc,age         ] GC(314) Desired survivor size 51904512 bytes, new threshold 15 (max threshold 15)
[7895.526s][info ][gc,heap        ] GC(314) PSYoungGen: 2012208K(2039808K)->27200K(2046464K) Eden: 1985024K(1985024K)->0K(1993728K) From: 27184K(54784K)->27200K(52736K)
[7895.526s][info ][gc,heap        ] GC(314) ParOldGen: 379031K(560640K)->379055K(560640K)
[7895.526s][info ][gc,metaspace   ] GC(314) Metaspace: 80413K(81344K)->80413K(81344K) NonClass: 69038K(69504K)->69038K(69504K) Class: 11374K(11840K)->11374K(11840K)
[7895.526s][info ][gc             ] GC(314) Pause Young (Allocation Failure) 2335M->396M(2546M) 9.443ms
[7895.526s][info ][gc,cpu         ] GC(314) User=0.03s Sys=0.00s Real=0.02s
[7895.526s][info ][safepoint      ] Safepoint "ParallelGCFailedAllocation", Time since last: 1186299543 ns, Reaching safepoint: 53100 ns, At safepoint: 9511208 ns, Total: 9564308 ns
[7899.526s][info ][safepoint      ] Safepoint "Cleanup", Time since last: 4000207983 ns, Reaching safepoint: 41000 ns, At safepoint: 5200 ns, Total: 46200 ns
[7917.469s][info ][gc,start       ] GC(315) Pause Young (Allocation Failure)
[7917.478s][debug][gc,phases      ] GC(315) Scavenge 9.184ms
[7917.478s][debug][gc,ref         ] GC(315) Skipped phase 1 of Reference Processing: no references
[7917.478s][debug][gc,ref         ] GC(315) ReferenceProcessor::execute queues: 1, RefProcThreadModel::Single, marks_oops_alive: false
[7917.478s][debug][gc,ref         ] GC(315) Skipped phase 3 of Reference Processing: no references
[7917.478s][debug][gc,ref         ] GC(315) ReferenceProcessor::execute queues: 1, RefProcThreadModel::Single, marks_oops_alive: false
[7917.478s][debug][gc,phases      ] GC(315) Reference Processing 0.079ms
[7917.479s][debug][gc,phases      ] GC(315)   VM Weak                        Min:  0.0, Avg:  0.0, Max:  0.0, Diff:  0.0, Sum:  0.0, Workers: 4
[7917.479s][debug][gc,phases      ] GC(315)     Dead                           Min: 0, Avg:  0.0, Max: 0, Diff: 0, Sum: 0, Workers: 4
[7917.479s][debug][gc,phases      ] GC(315)     Total                          Min: 0, Avg: 148.8, Max: 506, Diff: 506, Sum: 595, Workers: 4
[7917.479s][debug][gc,phases      ] GC(315)   ObjectSynchronizer Weak        Min:  0.0, Avg:  0.0, Max:  0.0, Diff:  0.0, Sum:  0.0, Workers: 4
[7917.479s][debug][gc,phases      ] GC(315)     Dead                           Min: 0, Avg:  0.0, Max: 0, Diff: 0, Sum: 0, Workers: 4
[7917.479s][debug][gc,phases      ] GC(315)     Total                          Min: 0, Avg: 13.5, Max: 54, Diff: 54, Sum: 54, Workers: 4
[7917.479s][debug][gc,phases      ] GC(315)   JVMTI Tag Weak OopStorage      Min:  0.0, Avg:  0.0, Max:  0.0, Diff:  0.0, Sum:  0.0, Workers: 4
[7917.479s][debug][gc,phases      ] GC(315)     Dead                           Min: 0, Avg:  0.0, Max: 0, Diff: 0, Sum: 0, Workers: 4
[7917.479s][debug][gc,phases      ] GC(315)     Total                          Min: 0, Avg:  0.0, Max: 0, Diff: 0, Sum: 0, Workers: 4
[7917.479s][debug][gc,phases      ] GC(315)   StringTable Weak               Min:  0.1, Avg:  0.1, Max:  0.1, Diff:  0.0, Sum:  0.4, Workers: 4
[7917.479s][debug][gc,phases      ] GC(315)     Dead                           Min: 0, Avg:  0.0, Max: 0, Diff: 0, Sum: 0, Workers: 4
[7917.479s][debug][gc,phases      ] GC(315)     Total                          Min: 9599, Avg: 10914.2, Max: 11403, Diff: 1804, Sum: 43657, Workers: 4
[7917.479s][debug][gc,phases      ] GC(315)   ResolvedMethodTable Weak       Min:  0.0, Avg:  0.0, Max:  0.0, Diff:  0.0, Sum:  0.1, Workers: 4
[7917.479s][debug][gc,phases      ] GC(315)     Dead                           Min: 0, Avg:  0.0, Max: 0, Diff: 0, Sum: 0, Workers: 4
[7917.479s][debug][gc,phases      ] GC(315)     Total                          Min: 2175, Avg: 2223.0, Max: 2301, Diff: 126, Sum: 8892, Workers: 4
[7917.479s][debug][gc,phases      ] GC(315)   JNI Weak                       Min:  0.0, Avg:  0.0, Max:  0.0, Diff:  0.0, Sum:  0.0, Workers: 4
[7917.479s][debug][gc,phases      ] GC(315)     Dead                           Min: 0, Avg:  0.0, Max: 0, Diff: 0, Sum: 0, Workers: 4
[7917.479s][debug][gc,phases      ] GC(315)     Total                          Min: 0, Avg: 11.2, Max: 45, Diff: 45, Sum: 45, Workers: 4
[7917.479s][debug][gc,phases      ] GC(315)   StringDedup Table Weak         Min:  0.0, Avg:  0.0, Max:  0.0, Diff:  0.0, Sum:  0.0, Workers: 4
[7917.479s][debug][gc,phases      ] GC(315)     Dead                           Min: 0, Avg:  0.0, Max: 0, Diff: 0, Sum: 0, Workers: 4
[7917.479s][debug][gc,phases      ] GC(315)     Total                          Min: 0, Avg:  0.0, Max: 0, Diff: 0, Sum: 0, Workers: 4
[7917.479s][debug][gc,phases      ] GC(315)   StringDedup Requests0 Weak     Min:  0.0, Avg:  0.0, Max:  0.0, Diff:  0.0, Sum:  0.0, Workers: 4
[7917.479s][debug][gc,phases      ] GC(315)     Dead                           Min: 0, Avg:  0.0, Max: 0, Diff: 0, Sum: 0, Workers: 4
[7917.479s][debug][gc,phases      ] GC(315)     Total                          Min: 0, Avg:  0.0, Max: 0, Diff: 0, Sum: 0, Workers: 4
[7917.479s][debug][gc,phases      ] GC(315)   StringDedup Requests1 Weak     Min:  0.0, Avg:  0.0, Max:  0.0, Diff:  0.0, Sum:  0.0, Workers: 4
[7917.479s][debug][gc,phases      ] GC(315)     Dead                           Min: 0, Avg:  0.0, Max: 0, Diff: 0, Sum: 0, Workers: 4
[7917.479s][debug][gc,phases      ] GC(315)     Total                          Min: 0, Avg:  0.0, Max: 0, Diff: 0, Sum: 0, Workers: 4
[7917.479s][debug][gc,phases      ] GC(315)   Weak JFR Old Object Samples    Min:  0.0, Avg:  0.0, Max:  0.0, Diff:  0.0, Sum:  0.0, Workers: 4
[7917.479s][debug][gc,phases      ] GC(315)     Dead                           Min: 0, Avg:  0.0, Max: 0, Diff: 0, Sum: 0, Workers: 4
[7917.479s][debug][gc,phases      ] GC(315)     Total                          Min: 0, Avg:  0.0, Max: 0, Diff: 0, Sum: 0, Workers: 4
[7917.479s][debug][gc,phases      ] GC(315) Weak Processing 0.282ms
[7917.479s][debug][gc,age         ] GC(315) Desired survivor size 49807360 bytes, new threshold 15 (max threshold 15)
[7917.479s][info ][gc,heap        ] GC(315) PSYoungGen: 2020928K(2046464K)->27200K(2044416K) Eden: 1993728K(1993728K)->0K(1993728K) From: 27200K(52736K)->27200K(50688K)
[7917.479s][info ][gc,heap        ] GC(315) ParOldGen: 379055K(560640K)->379111K(560640K)
[7917.479s][info ][gc,metaspace   ] GC(315) Metaspace: 80413K(81344K)->80413K(81344K) NonClass: 69038K(69504K)->69038K(69504K) Class: 11374K(11840K)->11374K(11840K)
[7917.479s][info ][gc             ] GC(315) Pause Young (Allocation Failure) 2343M->396M(2544M) 9.637ms
[7917.479s][info ][gc,cpu         ] GC(315) User=0.04s Sys=0.00s Real=0.01s
[7917.479s][info ][safepoint      ] Safepoint "ParallelGCFailedAllocation", Time since last: 17942584341 ns, Reaching safepoint: 29900 ns, At safepoint: 9702207 ns, Total: 9732107 ns
[7918.479s][info ][safepoint      ] Safepoint "Cleanup", Time since last: 1000078403 ns, Reaching safepoint: 24000 ns, At safepoint: 2200 ns, Total: 26200 ns
[7921.479s][info ][safepoint      ] Safepoint "Cleanup", Time since last: 3000224008 ns, Reaching safepoint: 34700 ns, At safepoint: 2300 ns, Total: 37000 ns
[7939.320s][info ][gc,start       ] GC(316) Pause Young (Allocation Failure)
[7939.332s][debug][gc,phases      ] GC(316) Scavenge 12.061ms
[7939.332s][debug][gc,ref         ] GC(316) Skipped phase 1 of Reference Processing: no references
[7939.332s][debug][gc,ref         ] GC(316) ReferenceProcessor::execute queues: 1, RefProcThreadModel::Single, marks_oops_alive: false
[7939.332s][debug][gc,ref         ] GC(316) Skipped phase 3 of Reference Processing: no references
[7939.332s][debug][gc,ref         ] GC(316) ReferenceProcessor::execute queues: 1, RefProcThreadModel::Single, marks_oops_alive: false
[7939.332s][debug][gc,phases      ] GC(316) Reference Processing 0.081ms
[7939.332s][debug][gc,phases      ] GC(316)   VM Weak                        Min:  0.0, Avg:  0.0, Max:  0.0, Diff:  0.0, Sum:  0.0, Workers: 4
[7939.332s][debug][gc,phases      ] GC(316)     Dead                           Min: 0, Avg:  0.0, Max: 0, Diff: 0, Sum: 0, Workers: 4
[7939.332s][debug][gc,phases      ] GC(316)     Total                          Min: 0, Avg: 148.8, Max: 595, Diff: 595, Sum: 595, Workers: 4
[7939.332s][debug][gc,phases      ] GC(316)   ObjectSynchronizer Weak        Min:  0.0, Avg:  0.0, Max:  0.0, Diff:  0.0, Sum:  0.0, Workers: 4
[7939.332s][debug][gc,phases      ] GC(316)     Dead                           Min: 0, Avg:  0.0, Max: 0, Diff: 0, Sum: 0, Workers: 4
[7939.332s][debug][gc,phases      ] GC(316)     Total                          Min: 0, Avg: 13.5, Max: 54, Diff: 54, Sum: 54, Workers: 4
[7939.332s][debug][gc,phases      ] GC(316)   JVMTI Tag Weak OopStorage      Min:  0.0, Avg:  0.0, Max:  0.0, Diff:  0.0, Sum:  0.0, Workers: 4
[7939.332s][debug][gc,phases      ] GC(316)     Dead                           Min: 0, Avg:  0.0, Max: 0, Diff: 0, Sum: 0, Workers: 4
[7939.332s][debug][gc,phases      ] GC(316)     Total                          Min: 0, Avg:  0.0, Max: 0, Diff: 0, Sum: 0, Workers: 4
[7939.332s][debug][gc,phases      ] GC(316)   StringTable Weak               Min:  0.1, Avg:  0.1, Max:  0.1, Diff:  0.0, Sum:  0.4, Workers: 4
[7939.332s][debug][gc,phases      ] GC(316)     Dead                           Min: 0, Avg:  0.0, Max: 0, Diff: 0, Sum: 0, Workers: 4
[7939.332s][debug][gc,phases      ] GC(316)     Total                          Min: 10175, Avg: 10914.5, Max: 11392, Diff: 1217, Sum: 43658, Workers: 4
[7939.332s][debug][gc,phases      ] GC(316)   ResolvedMethodTable Weak       Min:  0.0, Avg:  0.0, Max:  0.0, Diff:  0.0, Sum:  0.1, Workers: 4
[7939.332s][debug][gc,phases      ] GC(316)     Dead                           Min: 0, Avg:  0.0, Max: 0, Diff: 0, Sum: 0, Workers: 4
[7939.332s][debug][gc,phases      ] GC(316)     Total                          Min: 2173, Avg: 2223.0, Max: 2304, Diff: 131, Sum: 8892, Workers: 4
[7939.332s][debug][gc,phases      ] GC(316)   JNI Weak                       Min:  0.0, Avg:  0.0, Max:  0.0, Diff:  0.0, Sum:  0.0, Workers: 4
[7939.332s][debug][gc,phases      ] GC(316)     Dead                           Min: 0, Avg:  0.0, Max: 0, Diff: 0, Sum: 0, Workers: 4
[7939.332s][debug][gc,phases      ] GC(316)     Total                          Min: 0, Avg: 11.2, Max: 45, Diff: 45, Sum: 45, Workers: 4
[7939.332s][debug][gc,phases      ] GC(316)   StringDedup Table Weak         Min:  0.0, Avg:  0.0, Max:  0.0, Diff:  0.0, Sum:  0.0, Workers: 4
[7939.332s][debug][gc,phases      ] GC(316)     Dead                           Min: 0, Avg:  0.0, Max: 0, Diff: 0, Sum: 0, Workers: 4
[7939.332s][debug][gc,phases      ] GC(316)     Total                          Min: 0, Avg:  0.0, Max: 0, Diff: 0, Sum: 0, Workers: 4
[7939.332s][debug][gc,phases      ] GC(316)   StringDedup Requests0 Weak     Min:  0.0, Avg:  0.0, Max:  0.0, Diff:  0.0, Sum:  0.0, Workers: 4
[7939.332s][debug][gc,phases      ] GC(316)     Dead                           Min: 0, Avg:  0.0, Max: 0, Diff: 0, Sum: 0, Workers: 4
[7939.332s][debug][gc,phases      ] GC(316)     Total                          Min: 0, Avg:  0.0, Max: 0, Diff: 0, Sum: 0, Workers: 4
[7939.332s][debug][gc,phases      ] GC(316)   StringDedup Requests1 Weak     Min:  0.0, Avg:  0.0, Max:  0.0, Diff:  0.0, Sum:  0.0, Workers: 4
[7939.332s][debug][gc,phases      ] GC(316)     Dead                           Min: 0, Avg:  0.0, Max: 0, Diff: 0, Sum: 0, Workers: 4
[7939.332s][debug][gc,phases      ] GC(316)     Total                          Min: 0, Avg:  0.0, Max: 0, Diff: 0, Sum: 0, Workers: 4
[7939.332s][debug][gc,phases      ] GC(316)   Weak JFR Old Object Samples    Min:  0.0, Avg:  0.0, Max:  0.0, Diff:  0.0, Sum:  0.0, Workers: 4
[7939.332s][debug][gc,phases      ] GC(316)     Dead                           Min: 0, Avg:  0.0, Max: 0, Diff: 0, Sum: 0, Workers: 4
[7939.332s][debug][gc,phases      ] GC(316)     Total                          Min: 0, Avg:  0.0, Max: 0, Diff: 0, Sum: 0, Workers: 4
[7939.333s][debug][gc,phases      ] GC(316) Weak Processing 0.280ms
[7939.333s][debug][gc,age         ] GC(316) Desired survivor size 48234496 bytes, new threshold 15 (max threshold 15)
[7939.333s][info ][gc,heap        ] GC(316) PSYoungGen: 2020928K(2044416K)->27200K(2050048K) Eden: 1993728K(1993728K)->0K(2001408K) From: 27200K(50688K)->27200K(48640K)
[7939.333s][info ][gc,heap        ] GC(316) ParOldGen: 379111K(560640K)->379127K(560640K)
[7939.333s][info ][gc,metaspace   ] GC(316) Metaspace: 80413K(81344K)->80413K(81344K) NonClass: 69038K(69504K)->69038K(69504K) Class: 11374K(11840K)->11374K(11840K)
[7939.333s][info ][gc             ] GC(316) Pause Young (Allocation Failure) 2343M->396M(2549M) 12.529ms
[7939.333s][info ][gc,cpu         ] GC(316) User=0.03s Sys=0.00s Real=0.01s
[7939.333s][info ][safepoint      ] Safepoint "ParallelGCFailedAllocation", Time since last: 17840728876 ns, Reaching safepoint: 100800 ns, At safepoint: 12603211 ns, Total: 12704011 ns
[7960.869s][info ][gc,start       ] GC(317) Pause Young (Allocation Failure)
[7960.882s][debug][gc,phases      ] GC(317) Scavenge 12.834ms
[7960.882s][debug][gc,ref         ] GC(317) Skipped phase 1 of Reference Processing: no references
[7960.882s][debug][gc,ref         ] GC(317) ReferenceProcessor::execute queues: 1, RefProcThreadModel::Single, marks_oops_alive: false
[7960.882s][debug][gc,ref         ] GC(317) Skipped phase 3 of Reference Processing: no references
[7960.882s][debug][gc,ref         ] GC(317) ReferenceProcessor::execute queues: 1, RefProcThreadModel::Single, marks_oops_alive: false
[7960.882s][debug][gc,phases      ] GC(317) Reference Processing 0.127ms
[7960.882s][debug][gc,phases      ] GC(317)   VM Weak                        Min:  0.0, Avg:  0.0, Max:  0.0, Diff:  0.0, Sum:  0.0, Workers: 4
[7960.882s][debug][gc,phases      ] GC(317)     Dead                           Min: 0, Avg:  0.0, Max: 0, Diff: 0, Sum: 0, Workers: 4
[7960.882s][debug][gc,phases      ] GC(317)     Total                          Min: 0, Avg: 148.8, Max: 532, Diff: 532, Sum: 595, Workers: 4
[7960.882s][debug][gc,phases      ] GC(317)   ObjectSynchronizer Weak        Min:  0.0, Avg:  0.0, Max:  0.0, Diff:  0.0, Sum:  0.0, Workers: 4
[7960.882s][debug][gc,phases      ] GC(317)     Dead                           Min: 0, Avg:  0.0, Max: 0, Diff: 0, Sum: 0, Workers: 4
[7960.882s][debug][gc,phases      ] GC(317)     Total                          Min: 0, Avg: 13.5, Max: 54, Diff: 54, Sum: 54, Workers: 4
[7960.882s][debug][gc,phases      ] GC(317)   JVMTI Tag Weak OopStorage      Min:  0.0, Avg:  0.0, Max:  0.0, Diff:  0.0, Sum:  0.0, Workers: 4
[7960.882s][debug][gc,phases      ] GC(317)     Dead                           Min: 0, Avg:  0.0, Max: 0, Diff: 0, Sum: 0, Workers: 4
[7960.882s][debug][gc,phases      ] GC(317)     Total                          Min: 0, Avg:  0.0, Max: 0, Diff: 0, Sum: 0, Workers: 4
[7960.882s][debug][gc,phases      ] GC(317)   StringTable Weak               Min:  0.1, Avg:  0.1, Max:  0.1, Diff:  0.0, Sum:  0.4, Workers: 4
[7960.882s][debug][gc,phases      ] GC(317)     Dead                           Min: 0, Avg:  0.0, Max: 0, Diff: 0, Sum: 0, Workers: 4
[7960.882s][debug][gc,phases      ] GC(317)     Total                          Min: 9035, Avg: 10914.5, Max: 12352, Diff: 3317, Sum: 43658, Workers: 4
[7960.882s][debug][gc,phases      ] GC(317)   ResolvedMethodTable Weak       Min:  0.0, Avg:  0.0, Max:  0.0, Diff:  0.0, Sum:  0.1, Workers: 4
[7960.882s][debug][gc,phases      ] GC(317)     Dead                           Min: 0, Avg:  0.0, Max: 0, Diff: 0, Sum: 0, Workers: 4
[7960.882s][debug][gc,phases      ] GC(317)     Total                          Min: 2175, Avg: 2223.0, Max: 2240, Diff: 65, Sum: 8892, Workers: 4
[7960.882s][debug][gc,phases      ] GC(317)   JNI Weak                       Min:  0.0, Avg:  0.0, Max:  0.0, Diff:  0.0, Sum:  0.0, Workers: 4
[7960.882s][debug][gc,phases      ] GC(317)     Dead                           Min: 0, Avg:  0.0, Max: 0, Diff: 0, Sum: 0, Workers: 4
[7960.882s][debug][gc,phases      ] GC(317)     Total                          Min: 0, Avg: 11.2, Max: 45, Diff: 45, Sum: 45, Workers: 4
[7960.882s][debug][gc,phases      ] GC(317)   StringDedup Table Weak         Min:  0.0, Avg:  0.0, Max:  0.0, Diff:  0.0, Sum:  0.0, Workers: 4
[7960.882s][debug][gc,phases      ] GC(317)     Dead                           Min: 0, Avg:  0.0, Max: 0, Diff: 0, Sum: 0, Workers: 4
[7960.882s][debug][gc,phases      ] GC(317)     Total                          Min: 0, Avg:  0.0, Max: 0, Diff: 0, Sum: 0, Workers: 4
[7960.882s][debug][gc,phases      ] GC(317)   StringDedup Requests0 Weak     Min:  0.0, Avg:  0.0, Max:  0.0, Diff:  0.0, Sum:  0.0, Workers: 4
[7960.882s][debug][gc,phases      ] GC(317)     Dead                           Min: 0, Avg:  0.0, Max: 0, Diff: 0, Sum: 0, Workers: 4
[7960.882s][debug][gc,phases      ] GC(317)     Total                          Min: 0, Avg:  0.0, Max: 0, Diff: 0, Sum: 0, Workers: 4
[7960.882s][debug][gc,phases      ] GC(317)   StringDedup Requests1 Weak     Min:  0.0, Avg:  0.0, Max:  0.0, Diff:  0.0, Sum:  0.0, Workers: 4
[7960.882s][debug][gc,phases      ] GC(317)     Dead                           Min: 0, Avg:  0.0, Max: 0, Diff: 0, Sum: 0, Workers: 4
[7960.882s][debug][gc,phases      ] GC(317)     Total                          Min: 0, Avg:  0.0, Max: 0, Diff: 0, Sum: 0, Workers: 4
[7960.882s][debug][gc,phases      ] GC(317)   Weak JFR Old Object Samples    Min:  0.0, Avg:  0.0, Max:  0.0, Diff:  0.0, Sum:  0.0, Workers: 4
[7960.882s][debug][gc,phases      ] GC(317)     Dead                           Min: 0, Avg:  0.0, Max: 0, Diff: 0, Sum: 0, Workers: 4
[7960.882s][debug][gc,phases      ] GC(317)     Total                          Min: 0, Avg:  0.0, Max: 0, Diff: 0, Sum: 0, Workers: 4
[7960.882s][debug][gc,phases      ] GC(317) Weak Processing 0.269ms
[7960.882s][debug][gc,age         ] GC(317) Desired survivor size 46661632 bytes, new threshold 15 (max threshold 15)
[7960.882s][info ][gc,heap        ] GC(317) PSYoungGen: 2028608K(2050048K)->27232K(2048512K) Eden: 2001408K(2001408K)->0K(2001408K) From: 27200K(48640K)->27232K(47104K)
[7960.882s][info ][gc,heap        ] GC(317) ParOldGen: 379127K(560640K)->379143K(560640K)
[7960.882s][info ][gc,metaspace   ] GC(317) Metaspace: 80413K(81344K)->80413K(81344K) NonClass: 69038K(69504K)->69038K(69504K) Class: 11374K(11840K)->11374K(11840K)
[7960.882s][info ][gc             ] GC(317) Pause Young (Allocation Failure) 2351M->396M(2548M) 13.336ms
[7960.882s][info ][gc,cpu         ] GC(317) User=0.04s Sys=0.00s Real=0.01s
[7960.882s][info ][safepoint      ] Safepoint "ParallelGCFailedAllocation", Time since last: 21536228076 ns, Reaching safepoint: 104700 ns, At safepoint: 13407111 ns, Total: 13511811 ns
[7982.572s][info ][gc,start       ] GC(318) Pause Young (Allocation Failure)
[7982.584s][debug][gc,phases      ] GC(318) Scavenge 11.166ms
[7982.584s][debug][gc,ref         ] GC(318) Skipped phase 1 of Reference Processing: no references
[7982.584s][debug][gc,ref         ] GC(318) ReferenceProcessor::execute queues: 1, RefProcThreadModel::Single, marks_oops_alive: false
[7982.584s][debug][gc,ref         ] GC(318) Skipped phase 3 of Reference Processing: no references
[7982.584s][debug][gc,ref         ] GC(318) ReferenceProcessor::execute queues: 1, RefProcThreadModel::Single, marks_oops_alive: false
[7982.584s][debug][gc,phases      ] GC(318) Reference Processing 0.084ms
[7982.584s][debug][gc,phases      ] GC(318)   VM Weak                        Min:  0.0, Avg:  0.0, Max:  0.0, Diff:  0.0, Sum:  0.0, Workers: 4
[7982.584s][debug][gc,phases      ] GC(318)     Dead                           Min: 0, Avg:  0.0, Max: 0, Diff: 0, Sum: 0, Workers: 4
[7982.584s][debug][gc,phases      ] GC(318)     Total                          Min: 0, Avg: 148.8, Max: 396, Diff: 396, Sum: 595, Workers: 4
[7982.584s][debug][gc,phases      ] GC(318)   ObjectSynchronizer Weak        Min:  0.0, Avg:  0.0, Max:  0.0, Diff:  0.0, Sum:  0.0, Workers: 4
[7982.584s][debug][gc,phases      ] GC(318)     Dead                           Min: 0, Avg:  0.0, Max: 0, Diff: 0, Sum: 0, Workers: 4
[7982.584s][debug][gc,phases      ] GC(318)     Total                          Min: 0, Avg: 13.5, Max: 54, Diff: 54, Sum: 54, Workers: 4
[7982.584s][debug][gc,phases      ] GC(318)   JVMTI Tag Weak OopStorage      Min:  0.0, Avg:  0.0, Max:  0.0, Diff:  0.0, Sum:  0.0, Workers: 4
[7982.584s][debug][gc,phases      ] GC(318)     Dead                           Min: 0, Avg:  0.0, Max: 0, Diff: 0, Sum: 0, Workers: 4
[7982.584s][debug][gc,phases      ] GC(318)     Total                          Min: 0, Avg:  0.0, Max: 0, Diff: 0, Sum: 0, Workers: 4
[7982.584s][debug][gc,phases      ] GC(318)   StringTable Weak               Min:  0.1, Avg:  0.1, Max:  0.1, Diff:  0.0, Sum:  0.4, Workers: 4
[7982.584s][debug][gc,phases      ] GC(318)     Dead                           Min: 0, Avg:  0.0, Max: 0, Diff: 0, Sum: 0, Workers: 4
[7982.584s][debug][gc,phases      ] GC(318)     Total                          Min: 9344, Avg: 10914.8, Max: 11646, Diff: 2302, Sum: 43659, Workers: 4
[7982.584s][debug][gc,phases      ] GC(318)   ResolvedMethodTable Weak       Min:  0.0, Avg:  0.0, Max:  0.0, Diff:  0.0, Sum:  0.1, Workers: 4
[7982.584s][debug][gc,phases      ] GC(318)     Dead                           Min: 0, Avg:  0.0, Max: 0, Diff: 0, Sum: 0, Workers: 4
[7982.584s][debug][gc,phases      ] GC(318)     Total                          Min: 2175, Avg: 2223.0, Max: 2301, Diff: 126, Sum: 8892, Workers: 4
[7982.584s][debug][gc,phases      ] GC(318)   JNI Weak                       Min:  0.0, Avg:  0.0, Max:  0.0, Diff:  0.0, Sum:  0.0, Workers: 4
[7982.584s][debug][gc,phases      ] GC(318)     Dead                           Min: 0, Avg:  0.0, Max: 0, Diff: 0, Sum: 0, Workers: 4
[7982.584s][debug][gc,phases      ] GC(318)     Total                          Min: 0, Avg: 11.2, Max: 45, Diff: 45, Sum: 45, Workers: 4
[7982.584s][debug][gc,phases      ] GC(318)   StringDedup Table Weak         Min:  0.0, Avg:  0.0, Max:  0.0, Diff:  0.0, Sum:  0.0, Workers: 4
[7982.584s][debug][gc,phases      ] GC(318)     Dead                           Min: 0, Avg:  0.0, Max: 0, Diff: 0, Sum: 0, Workers: 4
[7982.584s][debug][gc,phases      ] GC(318)     Total                          Min: 0, Avg:  0.0, Max: 0, Diff: 0, Sum: 0, Workers: 4
[7982.584s][debug][gc,phases      ] GC(318)   StringDedup Requests0 Weak     Min:  0.0, Avg:  0.0, Max:  0.0, Diff:  0.0, Sum:  0.0, Workers: 4
[7982.584s][debug][gc,phases      ] GC(318)     Dead                           Min: 0, Avg:  0.0, Max: 0, Diff: 0, Sum: 0, Workers: 4
[7982.584s][debug][gc,phases      ] GC(318)     Total                          Min: 0, Avg:  0.0, Max: 0, Diff: 0, Sum: 0, Workers: 4
[7982.584s][debug][gc,phases      ] GC(318)   StringDedup Requests1 Weak     Min:  0.0, Avg:  0.0, Max:  0.0, Diff:  0.0, Sum:  0.0, Workers: 4
[7982.584s][debug][gc,phases      ] GC(318)     Dead                           Min: 0, Avg:  0.0, Max: 0, Diff: 0, Sum: 0, Workers: 4
[7982.584s][debug][gc,phases      ] GC(318)     Total                          Min: 0, Avg:  0.0, Max: 0, Diff: 0, Sum: 0, Workers: 4
[7982.584s][debug][gc,phases      ] GC(318)   Weak JFR Old Object Samples    Min:  0.0, Avg:  0.0, Max:  0.0, Diff:  0.0, Sum:  0.0, Workers: 4
[7982.584s][debug][gc,phases      ] GC(318)     Dead                           Min: 0, Avg:  0.0, Max: 0, Diff: 0, Sum: 0, Workers: 4
[7982.584s][debug][gc,phases      ] GC(318)     Total                          Min: 0, Avg:  0.0, Max: 0, Diff: 0, Sum: 0, Workers: 4
[7982.584s][debug][gc,phases      ] GC(318) Weak Processing 0.291ms
[7982.584s][debug][gc,age         ] GC(318) Desired survivor size 45088768 bytes, new threshold 15 (max threshold 15)
[7982.584s][info ][gc,heap        ] GC(318) PSYoungGen: 2028640K(2048512K)->27264K(2053120K) Eden: 2001408K(2001408K)->0K(2007552K) From: 27232K(47104K)->27264K(45568K)
[7982.584s][info ][gc,heap        ] GC(318) ParOldGen: 379143K(560640K)->379175K(560640K)
[7982.584s][info ][gc,metaspace   ] GC(318) Metaspace: 80413K(81344K)->80413K(81344K) NonClass: 69038K(69504K)->69038K(69504K) Class: 11374K(11840K)->11374K(11840K)
[7982.584s][info ][gc             ] GC(318) Pause Young (Allocation Failure) 2351M->396M(2552M) 11.650ms
[7982.584s][info ][gc,cpu         ] GC(318) User=0.03s Sys=0.00s Real=0.01s
[7982.584s][info ][safepoint      ] Safepoint "ParallelGCFailedAllocation", Time since last: 21690059931 ns, Reaching safepoint: 92101 ns, At safepoint: 11723109 ns, Total: 11815210 ns
[8004.717s][info ][gc,start       ] GC(319) Pause Young (Allocation Failure)
[8004.728s][debug][gc,phases      ] GC(319) Scavenge 11.277ms
[8004.729s][debug][gc,ref         ] GC(319) Skipped phase 1 of Reference Processing: no references
[8004.729s][debug][gc,ref         ] GC(319) ReferenceProcessor::execute queues: 1, RefProcThreadModel::Single, marks_oops_alive: false
[8004.729s][debug][gc,ref         ] GC(319) Skipped phase 3 of Reference Processing: no references
[8004.729s][debug][gc,ref         ] GC(319) ReferenceProcessor::execute queues: 1, RefProcThreadModel::Single, marks_oops_alive: false
[8004.729s][debug][gc,phases      ] GC(319) Reference Processing 0.082ms
[8004.729s][debug][gc,phases      ] GC(319)   VM Weak                        Min:  0.0, Avg:  0.0, Max:  0.0, Diff:  0.0, Sum:  0.0, Workers: 4
[8004.729s][debug][gc,phases      ] GC(319)     Dead                           Min: 0, Avg:  0.0, Max: 0, Diff: 0, Sum: 0, Workers: 4
[8004.729s][debug][gc,phases      ] GC(319)     Total                          Min: 0, Avg: 148.8, Max: 399, Diff: 399, Sum: 595, Workers: 4
[8004.729s][debug][gc,phases      ] GC(319)   ObjectSynchronizer Weak        Min:  0.0, Avg:  0.0, Max:  0.0, Diff:  0.0, Sum:  0.0, Workers: 4
[8004.729s][debug][gc,phases      ] GC(319)     Dead                           Min: 0, Avg:  0.0, Max: 0, Diff: 0, Sum: 0, Workers: 4
[8004.729s][debug][gc,phases      ] GC(319)     Total                          Min: 0, Avg: 13.5, Max: 54, Diff: 54, Sum: 54, Workers: 4
[8004.729s][debug][gc,phases      ] GC(319)   JVMTI Tag Weak OopStorage      Min:  0.0, Avg:  0.0, Max:  0.0, Diff:  0.0, Sum:  0.0, Workers: 4
[8004.729s][debug][gc,phases      ] GC(319)     Dead                           Min: 0, Avg:  0.0, Max: 0, Diff: 0, Sum: 0, Workers: 4
[8004.729s][debug][gc,phases      ] GC(319)     Total                          Min: 0, Avg:  0.0, Max: 0, Diff: 0, Sum: 0, Workers: 4
[8004.729s][debug][gc,phases      ] GC(319)   StringTable Weak               Min:  0.1, Avg:  0.1, Max:  0.1, Diff:  0.0, Sum:  0.4, Workers: 4
[8004.729s][debug][gc,phases      ] GC(319)     Dead                           Min: 0, Avg:  0.0, Max: 0, Diff: 0, Sum: 0, Workers: 4
[8004.729s][debug][gc,phases      ] GC(319)     Total                          Min: 9279, Avg: 10914.8, Max: 11981, Diff: 2702, Sum: 43659, Workers: 4
[8004.729s][debug][gc,phases      ] GC(319)   ResolvedMethodTable Weak       Min:  0.0, Avg:  0.0, Max:  0.1, Diff:  0.0, Sum:  0.1, Workers: 4
[8004.729s][debug][gc,phases      ] GC(319)     Dead                           Min: 0, Avg:  0.0, Max: 0, Diff: 0, Sum: 0, Workers: 4
[8004.729s][debug][gc,phases      ] GC(319)     Total                          Min: 2112, Avg: 2223.0, Max: 2304, Diff: 192, Sum: 8892, Workers: 4
[8004.729s][debug][gc,phases      ] GC(319)   JNI Weak                       Min:  0.0, Avg:  0.0, Max:  0.0, Diff:  0.0, Sum:  0.0, Workers: 4
[8004.729s][debug][gc,phases      ] GC(319)     Dead                           Min: 0, Avg:  0.0, Max: 0, Diff: 0, Sum: 0, Workers: 4
[8004.729s][debug][gc,phases      ] GC(319)     Total                          Min: 0, Avg: 11.2, Max: 45, Diff: 45, Sum: 45, Workers: 4
[8004.729s][debug][gc,phases      ] GC(319)   StringDedup Table Weak         Min:  0.0, Avg:  0.0, Max:  0.0, Diff:  0.0, Sum:  0.0, Workers: 4
[8004.729s][debug][gc,phases      ] GC(319)     Dead                           Min: 0, Avg:  0.0, Max: 0, Diff: 0, Sum: 0, Workers: 4
[8004.729s][debug][gc,phases      ] GC(319)     Total                          Min: 0, Avg:  0.0, Max: 0, Diff: 0, Sum: 0, Workers: 4
[8004.729s][debug][gc,phases      ] GC(319)   StringDedup Requests0 Weak     Min:  0.0, Avg:  0.0, Max:  0.0, Diff:  0.0, Sum:  0.0, Workers: 4
[8004.729s][debug][gc,phases      ] GC(319)     Dead                           Min: 0, Avg:  0.0, Max: 0, Diff: 0, Sum: 0, Workers: 4
[8004.729s][debug][gc,phases      ] GC(319)     Total                          Min: 0, Avg:  0.0, Max: 0, Diff: 0, Sum: 0, Workers: 4
[8004.729s][debug][gc,phases      ] GC(319)   StringDedup Requests1 Weak     Min:  0.0, Avg:  0.0, Max:  0.0, Diff:  0.0, Sum:  0.0, Workers: 4
[8004.729s][debug][gc,phases      ] GC(319)     Dead                           Min: 0, Avg:  0.0, Max: 0, Diff: 0, Sum: 0, Workers: 4
[8004.729s][debug][gc,phases      ] GC(319)     Total                          Min: 0, Avg:  0.0, Max: 0, Diff: 0, Sum: 0, Workers: 4
[8004.729s][debug][gc,phases      ] GC(319)   Weak JFR Old Object Samples    Min:  0.0, Avg:  0.0, Max:  0.0, Diff:  0.0, Sum:  0.0, Workers: 4
[8004.729s][debug][gc,phases      ] GC(319)     Dead                           Min: 0, Avg:  0.0, Max: 0, Diff: 0, Sum: 0, Workers: 4
[8004.729s][debug][gc,phases      ] GC(319)     Total                          Min: 0, Avg:  0.0, Max: 0, Diff: 0, Sum: 0, Workers: 4
[8004.729s][debug][gc,phases      ] GC(319) Weak Processing 0.341ms
[8004.729s][debug][gc,age         ] GC(319) Desired survivor size 43515904 bytes, new threshold 15 (max threshold 15)
[8004.729s][info ][gc,heap        ] GC(319) PSYoungGen: 2034816K(2053120K)->27264K(2051584K) Eden: 2007552K(2007552K)->0K(2007552K) From: 27264K(45568K)->27264K(44032K)
[8004.729s][info ][gc,heap        ] GC(319) ParOldGen: 379175K(560640K)->379183K(560640K)
[8004.729s][info ][gc,metaspace   ] GC(319) Metaspace: 80413K(81344K)->80413K(81344K) NonClass: 69038K(69504K)->69038K(69504K) Class: 11374K(11840K)->11374K(11840K)
[8004.729s][info ][gc             ] GC(319) Pause Young (Allocation Failure) 2357M->396M(2551M) 11.806ms
[8004.729s][info ][gc,cpu         ] GC(319) User=0.03s Sys=0.00s Real=0.02s
[8004.729s][info ][safepoint      ] Safepoint "ParallelGCFailedAllocation", Time since last: 22132830222 ns, Reaching safepoint: 99000 ns, At safepoint: 11897110 ns, Total: 11996110 ns
[8026.718s][info ][gc,start       ] GC(320) Pause Young (Allocation Failure)
[8026.730s][debug][gc,phases      ] GC(320) Scavenge 12.163ms
[8026.730s][debug][gc,ref         ] GC(320) Skipped phase 1 of Reference Processing: no references
[8026.730s][debug][gc,ref         ] GC(320) ReferenceProcessor::execute queues: 1, RefProcThreadModel::Single, marks_oops_alive: false
[8026.730s][debug][gc,ref         ] GC(320) Skipped phase 3 of Reference Processing: no references
[8026.730s][debug][gc,ref         ] GC(320) ReferenceProcessor::execute queues: 1, RefProcThreadModel::Single, marks_oops_alive: false
[8026.730s][debug][gc,phases      ] GC(320) Reference Processing 0.079ms
[8026.730s][debug][gc,phases      ] GC(320)   VM Weak                        Min:  0.0, Avg:  0.0, Max:  0.0, Diff:  0.0, Sum:  0.0, Workers: 4
[8026.730s][debug][gc,phases      ] GC(320)     Dead                           Min: 0, Avg:  0.0, Max: 0, Diff: 0, Sum: 0, Workers: 4
[8026.730s][debug][gc,phases      ] GC(320)     Total                          Min: 0, Avg: 148.8, Max: 562, Diff: 562, Sum: 595, Workers: 4
[8026.730s][debug][gc,phases      ] GC(320)   ObjectSynchronizer Weak        Min:  0.0, Avg:  0.0, Max:  0.0, Diff:  0.0, Sum:  0.0, Workers: 4
[8026.730s][debug][gc,phases      ] GC(320)     Dead                           Min: 0, Avg:  0.0, Max: 0, Diff: 0, Sum: 0, Workers: 4
[8026.730s][debug][gc,phases      ] GC(320)     Total                          Min: 0, Avg: 13.5, Max: 54, Diff: 54, Sum: 54, Workers: 4
[8026.730s][debug][gc,phases      ] GC(320)   JVMTI Tag Weak OopStorage      Min:  0.0, Avg:  0.0, Max:  0.0, Diff:  0.0, Sum:  0.0, Workers: 4
[8026.730s][debug][gc,phases      ] GC(320)     Dead                           Min: 0, Avg:  0.0, Max: 0, Diff: 0, Sum: 0, Workers: 4
[8026.730s][debug][gc,phases      ] GC(320)     Total                          Min: 0, Avg:  0.0, Max: 0, Diff: 0, Sum: 0, Workers: 4
[8026.730s][debug][gc,phases      ] GC(320)   StringTable Weak               Min:  0.1, Avg:  0.1, Max:  0.1, Diff:  0.0, Sum:  0.4, Workers: 4
[8026.730s][debug][gc,phases      ] GC(320)     Dead                           Min: 0, Avg:  0.0, Max: 0, Diff: 0, Sum: 0, Workers: 4
[8026.730s][debug][gc,phases      ] GC(320)     Total                          Min: 10559, Avg: 10914.8, Max: 11392, Diff: 833, Sum: 43659, Workers: 4
[8026.730s][debug][gc,phases      ] GC(320)   ResolvedMethodTable Weak       Min:  0.0, Avg:  0.0, Max:  0.0, Diff:  0.0, Sum:  0.1, Workers: 4
[8026.730s][debug][gc,phases      ] GC(320)     Dead                           Min: 0, Avg:  0.0, Max: 0, Diff: 0, Sum: 0, Workers: 4
[8026.730s][debug][gc,phases      ] GC(320)     Total                          Min: 2176, Avg: 2223.0, Max: 2240, Diff: 64, Sum: 8892, Workers: 4
[8026.730s][debug][gc,phases      ] GC(320)   JNI Weak                       Min:  0.0, Avg:  0.0, Max:  0.0, Diff:  0.0, Sum:  0.0, Workers: 4
[8026.730s][debug][gc,phases      ] GC(320)     Dead                           Min: 0, Avg:  0.0, Max: 0, Diff: 0, Sum: 0, Workers: 4
[8026.730s][debug][gc,phases      ] GC(320)     Total                          Min: 0, Avg: 11.2, Max: 45, Diff: 45, Sum: 45, Workers: 4
[8026.730s][debug][gc,phases      ] GC(320)   StringDedup Table Weak         Min:  0.0, Avg:  0.0, Max:  0.0, Diff:  0.0, Sum:  0.0, Workers: 4
[8026.730s][debug][gc,phases      ] GC(320)     Dead                           Min: 0, Avg:  0.0, Max: 0, Diff: 0, Sum: 0, Workers: 4
[8026.730s][debug][gc,phases      ] GC(320)     Total                          Min: 0, Avg:  0.0, Max: 0, Diff: 0, Sum: 0, Workers: 4
[8026.731s][debug][gc,phases      ] GC(320)   StringDedup Requests0 Weak     Min:  0.0, Avg:  0.0, Max:  0.0, Diff:  0.0, Sum:  0.0, Workers: 4
[8026.731s][debug][gc,phases      ] GC(320)     Dead                           Min: 0, Avg:  0.0, Max: 0, Diff: 0, Sum: 0, Workers: 4
[8026.731s][debug][gc,phases      ] GC(320)     Total                          Min: 0, Avg:  0.0, Max: 0, Diff: 0, Sum: 0, Workers: 4
[8026.731s][debug][gc,phases      ] GC(320)   StringDedup Requests1 Weak     Min:  0.0, Avg:  0.0, Max:  0.0, Diff:  0.0, Sum:  0.0, Workers: 4
[8026.731s][debug][gc,phases      ] GC(320)     Dead                           Min: 0, Avg:  0.0, Max: 0, Diff: 0, Sum: 0, Workers: 4
[8026.731s][debug][gc,phases      ] GC(320)     Total                          Min: 0, Avg:  0.0, Max: 0, Diff: 0, Sum: 0, Workers: 4
[8026.731s][debug][gc,phases      ] GC(320)   Weak JFR Old Object Samples    Min:  0.0, Avg:  0.0, Max:  0.0, Diff:  0.0, Sum:  0.0, Workers: 4
[8026.731s][debug][gc,phases      ] GC(320)     Dead                           Min: 0, Avg:  0.0, Max: 0, Diff: 0, Sum: 0, Workers: 4
[8026.731s][debug][gc,phases      ] GC(320)     Total                          Min: 0, Avg:  0.0, Max: 0, Diff: 0, Sum: 0, Workers: 4
[8026.731s][debug][gc,phases      ] GC(320) Weak Processing 0.273ms
[8026.731s][debug][gc,age         ] GC(320) Desired survivor size 41943040 bytes, new threshold 15 (max threshold 15)
[8026.731s][info ][gc,heap        ] GC(320) PSYoungGen: 2034816K(2051584K)->27328K(2056192K) Eden: 2007552K(2007552K)->0K(2013696K) From: 27264K(44032K)->27328K(42496K)
[8026.731s][info ][gc,heap        ] GC(320) ParOldGen: 379183K(560640K)->379191K(560640K)
[8026.731s][info ][gc,metaspace   ] GC(320) Metaspace: 80413K(81344K)->80413K(81344K) NonClass: 69038K(69504K)->69038K(69504K) Class: 11374K(11840K)->11374K(11840K)
[8026.731s][info ][gc             ] GC(320) Pause Young (Allocation Failure) 2357M->396M(2555M) 12.604ms
[8026.731s][info ][gc,cpu         ] GC(320) User=0.04s Sys=0.00s Real=0.01s
[8026.731s][info ][safepoint      ] Safepoint "ParallelGCFailedAllocation", Time since last: 21988773627 ns, Reaching safepoint: 109700 ns, At safepoint: 12706511 ns, Total: 12816211 ns
[8038.731s][info ][safepoint      ] Safepoint "Cleanup", Time since last: 12000794598 ns, Reaching safepoint: 38100 ns, At safepoint: 3100 ns, Total: 41200 ns
[8048.918s][info ][gc,start       ] GC(321) Pause Young (Allocation Failure)
[8048.932s][debug][gc,phases      ] GC(321) Scavenge 13.674ms
[8048.932s][debug][gc,ref         ] GC(321) Skipped phase 1 of Reference Processing: no references
[8048.932s][debug][gc,ref         ] GC(321) ReferenceProcessor::execute queues: 1, RefProcThreadModel::Single, marks_oops_alive: false
[8048.932s][debug][gc,ref         ] GC(321) Skipped phase 3 of Reference Processing: no references
[8048.932s][debug][gc,ref         ] GC(321) ReferenceProcessor::execute queues: 1, RefProcThreadModel::Single, marks_oops_alive: false
[8048.932s][debug][gc,phases      ] GC(321) Reference Processing 0.093ms
[8048.932s][debug][gc,phases      ] GC(321)   VM Weak                        Min:  0.0, Avg:  0.0, Max:  0.0, Diff:  0.0, Sum:  0.0, Workers: 4
[8048.932s][debug][gc,phases      ] GC(321)     Dead                           Min: 0, Avg:  0.0, Max: 0, Diff: 0, Sum: 0, Workers: 4
[8048.932s][debug][gc,phases      ] GC(321)     Total                          Min: 0, Avg: 148.8, Max: 422, Diff: 422, Sum: 595, Workers: 4
[8048.932s][debug][gc,phases      ] GC(321)   ObjectSynchronizer Weak        Min:  0.0, Avg:  0.0, Max:  0.0, Diff:  0.0, Sum:  0.0, Workers: 4
[8048.932s][debug][gc,phases      ] GC(321)     Dead                           Min: 0, Avg:  0.0, Max: 0, Diff: 0, Sum: 0, Workers: 4
[8048.932s][debug][gc,phases      ] GC(321)     Total                          Min: 0, Avg: 13.5, Max: 54, Diff: 54, Sum: 54, Workers: 4
[8048.932s][debug][gc,phases      ] GC(321)   JVMTI Tag Weak OopStorage      Min:  0.0, Avg:  0.0, Max:  0.0, Diff:  0.0, Sum:  0.0, Workers: 4
[8048.932s][debug][gc,phases      ] GC(321)     Dead                           Min: 0, Avg:  0.0, Max: 0, Diff: 0, Sum: 0, Workers: 4
[8048.932s][debug][gc,phases      ] GC(321)     Total                          Min: 0, Avg:  0.0, Max: 0, Diff: 0, Sum: 0, Workers: 4
[8048.932s][debug][gc,phases      ] GC(321)   StringTable Weak               Min:  0.1, Avg:  0.1, Max:  0.2, Diff:  0.0, Sum:  0.5, Workers: 4
[8048.932s][debug][gc,phases      ] GC(321)     Dead                           Min: 0, Avg:  0.0, Max: 0, Diff: 0, Sum: 0, Workers: 4
[8048.932s][debug][gc,phases      ] GC(321)     Total                          Min: 640, Avg: 10914.8, Max: 16510, Diff: 15870, Sum: 43659, Workers: 4
[8048.932s][debug][gc,phases      ] GC(321)   ResolvedMethodTable Weak       Min:  0.0, Avg:  0.0, Max:  0.0, Diff:  0.0, Sum:  0.1, Workers: 4
[8048.932s][debug][gc,phases      ] GC(321)     Dead                           Min: 0, Avg:  0.0, Max: 0, Diff: 0, Sum: 0, Workers: 4
[8048.932s][debug][gc,phases      ] GC(321)     Total                          Min: 0, Avg: 2223.0, Max: 3839, Diff: 3839, Sum: 8892, Workers: 4
[8048.932s][debug][gc,phases      ] GC(321)   JNI Weak                       Min:  0.0, Avg:  0.0, Max:  0.0, Diff:  0.0, Sum:  0.0, Workers: 4
[8048.932s][debug][gc,phases      ] GC(321)     Dead                           Min: 0, Avg:  0.0, Max: 0, Diff: 0, Sum: 0, Workers: 4
[8048.932s][debug][gc,phases      ] GC(321)     Total                          Min: 0, Avg: 11.2, Max: 45, Diff: 45, Sum: 45, Workers: 4
[8048.932s][debug][gc,phases      ] GC(321)   StringDedup Table Weak         Min:  0.0, Avg:  0.0, Max:  0.0, Diff:  0.0, Sum:  0.0, Workers: 4
[8048.932s][debug][gc,phases      ] GC(321)     Dead                           Min: 0, Avg:  0.0, Max: 0, Diff: 0, Sum: 0, Workers: 4
[8048.932s][debug][gc,phases      ] GC(321)     Total                          Min: 0, Avg:  0.0, Max: 0, Diff: 0, Sum: 0, Workers: 4
[8048.932s][debug][gc,phases      ] GC(321)   StringDedup Requests0 Weak     Min:  0.0, Avg:  0.0, Max:  0.0, Diff:  0.0, Sum:  0.0, Workers: 4
[8048.932s][debug][gc,phases      ] GC(321)     Dead                           Min: 0, Avg:  0.0, Max: 0, Diff: 0, Sum: 0, Workers: 4
[8048.932s][debug][gc,phases      ] GC(321)     Total                          Min: 0, Avg:  0.0, Max: 0, Diff: 0, Sum: 0, Workers: 4
[8048.932s][debug][gc,phases      ] GC(321)   StringDedup Requests1 Weak     Min:  0.0, Avg:  0.0, Max:  0.0, Diff:  0.0, Sum:  0.0, Workers: 4
[8048.932s][debug][gc,phases      ] GC(321)     Dead                           Min: 0, Avg:  0.0, Max: 0, Diff: 0, Sum: 0, Workers: 4
[8048.932s][debug][gc,phases      ] GC(321)     Total                          Min: 0, Avg:  0.0, Max: 0, Diff: 0, Sum: 0, Workers: 4
[8048.932s][debug][gc,phases      ] GC(321)   Weak JFR Old Object Samples    Min:  0.0, Avg:  0.0, Max:  0.0, Diff:  0.0, Sum:  0.0, Workers: 4
[8048.932s][debug][gc,phases      ] GC(321)     Dead                           Min: 0, Avg:  0.0, Max: 0, Diff: 0, Sum: 0, Workers: 4
[8048.932s][debug][gc,phases      ] GC(321)     Total                          Min: 0, Avg:  0.0, Max: 0, Diff: 0, Sum: 0, Workers: 4
[8048.932s][debug][gc,phases      ] GC(321) Weak Processing 0.325ms
[8048.932s][debug][gc,age         ] GC(321) Desired survivor size 40894464 bytes, new threshold 15 (max threshold 15)
[8048.932s][info ][gc,heap        ] GC(321) PSYoungGen: 2041024K(2056192K)->27312K(2054656K) Eden: 2013696K(2013696K)->0K(2013696K) From: 27328K(42496K)->27312K(40960K)
[8048.932s][info ][gc,heap        ] GC(321) ParOldGen: 379191K(560640K)->379215K(560640K)
[8048.932s][info ][gc,metaspace   ] GC(321) Metaspace: 80413K(81344K)->80413K(81344K) NonClass: 69039K(69504K)->69039K(69504K) Class: 11374K(11840K)->11374K(11840K)
[8048.932s][info ][gc             ] GC(321) Pause Young (Allocation Failure) 2363M->397M(2554M) 14.227ms
[8048.932s][info ][gc,cpu         ] GC(321) User=0.03s Sys=0.00s Real=0.02s
[8048.932s][info ][safepoint      ] Safepoint "ParallelGCFailedAllocation", Time since last: 10186338313 ns, Reaching safepoint: 104600 ns, At safepoint: 14306512 ns, Total: 14411112 ns
[8064.933s][info ][safepoint      ] Safepoint "Cleanup", Time since last: 16001017522 ns, Reaching safepoint: 51100 ns, At safepoint: 2000 ns, Total: 53100 ns
[8065.933s][info ][safepoint      ] Safepoint "Cleanup", Time since last: 1000101040 ns, Reaching safepoint: 34500 ns, At safepoint: 2900 ns, Total: 37400 ns
[8066.934s][info ][safepoint      ] Safepoint "Cleanup", Time since last: 1000101542 ns, Reaching safepoint: 28000 ns, At safepoint: 2900 ns, Total: 30900 ns
[8071.267s][info ][gc,start       ] GC(322) Pause Young (Allocation Failure)
[8071.277s][debug][gc,phases      ] GC(322) Scavenge 9.988ms
[8071.277s][debug][gc,ref         ] GC(322) Skipped phase 1 of Reference Processing: no references
