[0.003s][info][gc] Using Parallel
[0.004s][info][gc,init] Version: 17.0.2+8-LTS (release)
[0.004s][info][gc,init] CPUs: 8 total, 8 available
[0.004s][info][gc,init] Memory: 32112M
[0.004s][info][gc,init] Large Page Support: Disabled
[0.004s][info][gc,init] NUMA Support: Disabled
[0.004s][info][gc,init] Compressed Oops: Enabled (Zero based)
[0.004s][info][gc,init] Alignments: Space 512K, Generation 512K, Heap 2M
[0.004s][info][gc,init] Heap Min Capacity: 2054M
[0.004s][info][gc,init] Heap Initial Capacity: 2054M
[0.004s][info][gc,init] Heap Max Capacity: 3G
[0.004s][info][gc,init] Pre-touch: Disabled
[0.004s][info][gc,init] Parallel Workers: 4
[0.004s][info][gc,metaspace] CDS archive(s) not mapped
[0.004s][info][gc,metaspace] Compressed class space mapped at: 0x0000000800000000-0x0000000840000000, reserved size: 1073741824
[0.004s][info][gc,metaspace] Narrow klass base: 0x0000000800000000, Narrow klass shift: 0, Narrow klass range: 0x40000000
[0.712s][info][safepoint   ] Safepoint "ICBufferFull", Time since last: 689233789 ns, Reaching safepoint: 141707 ns, At safepoint: 1900 ns, Total: 143607 ns
[0.962s][info][safepoint   ] Safepoint "ICBufferFull", Time since last: 250263740 ns, Reaching safepoint: 218012 ns, At safepoint: 4900 ns, Total: 222912 ns
[1.160s][info][gc,start    ] GC(0) Pause Young (Metadata GC Threshold)
[1.171s][debug][gc,phases   ] GC(0) Scavenge 9.996ms
[1.171s][debug][gc,ref      ] GC(0) Skipped phase 1 of Reference Processing: no references
[1.172s][debug][gc,ref      ] GC(0) ReferenceProcessor::execute queues: 1, RefProcThreadModel::Single, marks_oops_alive: false
[1.172s][debug][gc,ref      ] GC(0) Skipped phase 3 of Reference Processing: no references
[1.172s][debug][gc,ref      ] GC(0) ReferenceProcessor::execute queues: 1, RefProcThreadModel::Single, marks_oops_alive: false
[1.172s][debug][gc,phases   ] GC(0) Reference Processing 0.213ms
[1.172s][debug][gc,phases   ] GC(0)   VM Weak                        Min:  0.0, Avg:  0.0, Max:  0.0, Diff:  0.0, Sum:  0.0, Workers: 4
[1.172s][debug][gc,phases   ] GC(0)     Dead                           Min: 0, Avg:  0.0, Max: 0, Diff: 0, Sum: 0, Workers: 4
[1.172s][debug][gc,phases   ] GC(0)     Total                          Min: 0, Avg: 24.8, Max: 99, Diff: 99, Sum: 99, Workers: 4
[1.172s][debug][gc,phases   ] GC(0)   ObjectSynchronizer Weak        Min:  0.0, Avg:  0.0, Max:  0.0, Diff:  0.0, Sum:  0.0, Workers: 4
[1.172s][debug][gc,phases   ] GC(0)     Dead                           Min: 0, Avg:  0.2, Max: 1, Diff: 1, Sum: 1, Workers: 4
[1.172s][debug][gc,phases   ] GC(0)     Total                          Min: 0, Avg:  1.5, Max: 6, Diff: 6, Sum: 6, Workers: 4
[1.172s][debug][gc,phases   ] GC(0)   JVMTI Tag Weak OopStorage      Min:  0.0, Avg:  0.0, Max:  0.0, Diff:  0.0, Sum:  0.0, Workers: 4
[1.172s][debug][gc,phases   ] GC(0)     Dead                           Min: 0, Avg:  0.0, Max: 0, Diff: 0, Sum: 0, Workers: 4
[1.172s][debug][gc,phases   ] GC(0)     Total                          Min: 0, Avg:  0.0, Max: 0, Diff: 0, Sum: 0, Workers: 4
[1.172s][debug][gc,phases   ] GC(0)   StringTable Weak               Min:  0.1, Avg:  0.1, Max:  0.1, Diff:  0.0, Sum:  0.5, Workers: 4
[1.172s][debug][gc,phases   ] GC(0)     Dead                           Min: 4, Avg:  7.2, Max: 14, Diff: 10, Sum: 29, Workers: 4
[1.172s][debug][gc,phases   ] GC(0)     Total                          Min: 2112, Avg: 2869.0, Max: 3328, Diff: 1216, Sum: 11476, Workers: 4
[1.172s][debug][gc,phases   ] GC(0)   ResolvedMethodTable Weak       Min:  0.0, Avg:  0.0, Max:  0.0, Diff:  0.0, Sum:  0.0, Workers: 4
[1.172s][debug][gc,phases   ] GC(0)     Dead                           Min: 1, Avg:  6.8, Max: 22, Diff: 21, Sum: 27, Workers: 4
[1.172s][debug][gc,phases   ] GC(0)     Total                          Min: 55, Avg: 141.8, Max: 192, Diff: 137, Sum: 567, Workers: 4
[1.172s][debug][gc,phases   ] GC(0)   JNI Weak                       Min:  0.0, Avg:  0.0, Max:  0.0, Diff:  0.0, Sum:  0.0, Workers: 4
[1.172s][debug][gc,phases   ] GC(0)     Dead                           Min: 0, Avg:  0.0, Max: 0, Diff: 0, Sum: 0, Workers: 4
[1.172s][debug][gc,phases   ] GC(0)     Total                          Min: 0, Avg:  0.0, Max: 0, Diff: 0, Sum: 0, Workers: 4
[1.172s][debug][gc,phases   ] GC(0)   StringDedup Table Weak         Min:  0.0, Avg:  0.0, Max:  0.0, Diff:  0.0, Sum:  0.0, Workers: 4
[1.172s][debug][gc,phases   ] GC(0)     Dead                           Min: 0, Avg:  0.0, Max: 0, Diff: 0, Sum: 0, Workers: 4
[1.172s][debug][gc,phases   ] GC(0)     Total                          Min: 0, Avg:  0.0, Max: 0, Diff: 0, Sum: 0, Workers: 4
[1.172s][debug][gc,phases   ] GC(0)   StringDedup Requests0 Weak     Min:  0.0, Avg:  0.0, Max:  0.0, Diff:  0.0, Sum:  0.0, Workers: 4
[1.172s][debug][gc,phases   ] GC(0)     Dead                           Min: 0, Avg:  0.0, Max: 0, Diff: 0, Sum: 0, Workers: 4
[1.172s][debug][gc,phases   ] GC(0)     Total                          Min: 0, Avg:  0.0, Max: 0, Diff: 0, Sum: 0, Workers: 4
[1.172s][debug][gc,phases   ] GC(0)   StringDedup Requests1 Weak     Min:  0.0, Avg:  0.0, Max:  0.0, Diff:  0.0, Sum:  0.0, Workers: 4
[1.172s][debug][gc,phases   ] GC(0)     Dead                           Min: 0, Avg:  0.0, Max: 0, Diff: 0, Sum: 0, Workers: 4
[1.172s][debug][gc,phases   ] GC(0)     Total                          Min: 0, Avg:  0.0, Max: 0, Diff: 0, Sum: 0, Workers: 4
[1.172s][debug][gc,phases   ] GC(0)   Weak JFR Old Object Samples    Min:  0.0, Avg:  0.0, Max:  0.0, Diff:  0.0, Sum:  0.0, Workers: 4
[1.172s][debug][gc,phases   ] GC(0)     Dead                           Min: 0, Avg:  0.0, Max: 0, Diff: 0, Sum: 0, Workers: 4
[1.172s][debug][gc,phases   ] GC(0)     Total                          Min: 0, Avg:  0.0, Max: 0, Diff: 0, Sum: 0, Workers: 4
[1.172s][debug][gc,phases   ] GC(0) Weak Processing 0.317ms
[1.172s][debug][gc,age      ] GC(0) Desired survivor size 536870912 bytes, new threshold 7 (max threshold 15)
[1.172s][info ][gc,heap     ] GC(0) PSYoungGen: 253559K(1572864K)->16808K(1572864K) Eden: 253559K(1048576K)->0K(1048576K) From: 0K(524288K)->16808K(524288K)
[1.172s][info ][gc,heap     ] GC(0) ParOldGen: 0K(6144K)->88K(6144K)
[1.172s][info ][gc,metaspace] GC(0) Metaspace: 21309K(21504K)->21309K(21504K) NonClass: 18845K(18944K)->18845K(18944K) Class: 2463K(2560K)->2463K(2560K)
[1.172s][info ][gc          ] GC(0) Pause Young (Metadata GC Threshold) 247M->16M(1542M) 12.221ms
[1.172s][info ][gc,cpu      ] GC(0) User=0.05s Sys=0.00s Real=0.01s
[1.172s][debug][gc,phases   ] GC(1) Pre Compact 0.010ms
[1.172s][info ][gc,start    ] GC(1) Pause Full (Metadata GC Threshold)
[1.172s][info ][gc,phases,start] GC(1) Marking Phase
[1.179s][debug][gc,phases      ] GC(1) Par Mark 7.114ms
[1.179s][debug][gc,ref         ] GC(1) Skipped phase 1 of Reference Processing: no references
[1.179s][debug][gc,ref         ] GC(1) ReferenceProcessor::execute queues: 1, RefProcThreadModel::Single, marks_oops_alive: false
[1.179s][debug][gc,ref         ] GC(1) Skipped phase 3 of Reference Processing: no references
[1.179s][debug][gc,ref         ] GC(1) ReferenceProcessor::execute queues: 1, RefProcThreadModel::Single, marks_oops_alive: false
[1.179s][debug][gc,phases      ] GC(1) Reference Processing 0.056ms
[1.179s][debug][gc,phases      ] GC(1)   VM Weak                        Min:  0.0, Avg:  0.0, Max:  0.0, Diff:  0.0, Sum:  0.0, Workers: 4
[1.179s][debug][gc,phases      ] GC(1)     Dead                           Min: 0, Avg:  0.0, Max: 0, Diff: 0, Sum: 0, Workers: 4
[1.179s][debug][gc,phases      ] GC(1)     Total                          Min: 0, Avg: 24.8, Max: 99, Diff: 99, Sum: 99, Workers: 4
[1.179s][debug][gc,phases      ] GC(1)   ObjectSynchronizer Weak        Min:  0.0, Avg:  0.0, Max:  0.0, Diff:  0.0, Sum:  0.0, Workers: 4
[1.179s][debug][gc,phases      ] GC(1)     Dead                           Min: 0, Avg:  0.0, Max: 0, Diff: 0, Sum: 0, Workers: 4
[1.179s][debug][gc,phases      ] GC(1)     Total                          Min: 0, Avg:  1.5, Max: 6, Diff: 6, Sum: 6, Workers: 4
[1.179s][debug][gc,phases      ] GC(1)   JVMTI Tag Weak OopStorage      Min:  0.0, Avg:  0.0, Max:  0.0, Diff:  0.0, Sum:  0.0, Workers: 4
[1.179s][debug][gc,phases      ] GC(1)     Dead                           Min: 0, Avg:  0.0, Max: 0, Diff: 0, Sum: 0, Workers: 4
[1.179s][debug][gc,phases      ] GC(1)     Total                          Min: 0, Avg:  0.0, Max: 0, Diff: 0, Sum: 0, Workers: 4
[1.179s][debug][gc,phases      ] GC(1)   StringTable Weak               Min:  0.0, Avg:  0.0, Max:  0.0, Diff:  0.0, Sum:  0.2, Workers: 4
[1.179s][debug][gc,phases      ] GC(1)     Dead                           Min: 0, Avg:  0.0, Max: 0, Diff: 0, Sum: 0, Workers: 4
[1.179s][debug][gc,phases      ] GC(1)     Total                          Min: 1920, Avg: 2869.0, Max: 3840, Diff: 1920, Sum: 11476, Workers: 4
[1.179s][debug][gc,phases      ] GC(1)   ResolvedMethodTable Weak       Min:  0.0, Avg:  0.0, Max:  0.0, Diff:  0.0, Sum:  0.0, Workers: 4
[1.179s][debug][gc,phases      ] GC(1)     Dead                           Min: 0, Avg:  0.0, Max: 0, Diff: 0, Sum: 0, Workers: 4
[1.179s][debug][gc,phases      ] GC(1)     Total                          Min: 0, Avg: 141.8, Max: 192, Diff: 192, Sum: 567, Workers: 4
[1.180s][debug][gc,phases      ] GC(1)   JNI Weak                       Min:  0.0, Avg:  0.0, Max:  0.0, Diff:  0.0, Sum:  0.0, Workers: 4
[1.180s][debug][gc,phases      ] GC(1)     Dead                           Min: 0, Avg:  0.0, Max: 0, Diff: 0, Sum: 0, Workers: 4
[1.180s][debug][gc,phases      ] GC(1)     Total                          Min: 0, Avg:  0.0, Max: 0, Diff: 0, Sum: 0, Workers: 4
[1.180s][debug][gc,phases      ] GC(1)   StringDedup Table Weak         Min:  0.0, Avg:  0.0, Max:  0.0, Diff:  0.0, Sum:  0.0, Workers: 4
[1.180s][debug][gc,phases      ] GC(1)     Dead                           Min: 0, Avg:  0.0, Max: 0, Diff: 0, Sum: 0, Workers: 4
[1.180s][debug][gc,phases      ] GC(1)     Total                          Min: 0, Avg:  0.0, Max: 0, Diff: 0, Sum: 0, Workers: 4
[1.180s][debug][gc,phases      ] GC(1)   StringDedup Requests0 Weak     Min:  0.0, Avg:  0.0, Max:  0.0, Diff:  0.0, Sum:  0.0, Workers: 4
[1.180s][debug][gc,phases      ] GC(1)     Dead                           Min: 0, Avg:  0.0, Max: 0, Diff: 0, Sum: 0, Workers: 4
[1.180s][debug][gc,phases      ] GC(1)     Total                          Min: 0, Avg:  0.0, Max: 0, Diff: 0, Sum: 0, Workers: 4
[1.180s][debug][gc,phases      ] GC(1)   StringDedup Requests1 Weak     Min:  0.0, Avg:  0.0, Max:  0.0, Diff:  0.0, Sum:  0.0, Workers: 4
[1.180s][debug][gc,phases      ] GC(1)     Dead                           Min: 0, Avg:  0.0, Max: 0, Diff: 0, Sum: 0, Workers: 4
[1.180s][debug][gc,phases      ] GC(1)     Total                          Min: 0, Avg:  0.0, Max: 0, Diff: 0, Sum: 0, Workers: 4
[1.180s][debug][gc,phases      ] GC(1)   Weak JFR Old Object Samples    Min:  0.0, Avg:  0.0, Max:  0.0, Diff:  0.0, Sum:  0.0, Workers: 4
[1.180s][debug][gc,phases      ] GC(1)     Dead                           Min: 0, Avg:  0.0, Max: 0, Diff: 0, Sum: 0, Workers: 4
[1.180s][debug][gc,phases      ] GC(1)     Total                          Min: 0, Avg:  0.0, Max: 0, Diff: 0, Sum: 0, Workers: 4
[1.180s][debug][gc,phases      ] GC(1) Weak Processing 0.242ms
[1.180s][debug][gc,phases      ] GC(1) ClassLoaderData 0.014ms
[1.180s][debug][gc,phases      ] GC(1) Trigger cleanups 0.000ms
[1.182s][debug][gc,phases      ] GC(1) Class Unloading 1.965ms
[1.182s][info ][gc,phases      ] GC(1) Marking Phase 9.457ms
[1.182s][info ][gc,phases,start] GC(1) Summary Phase
[1.182s][info ][gc,phases      ] GC(1) Summary Phase 0.006ms
[1.182s][info ][gc,phases,start] GC(1) Adjust Roots
[1.184s][info ][gc,phases      ] GC(1) Adjust Roots 2.850ms
[1.184s][info ][gc,phases,start] GC(1) Compaction Phase
[1.196s][info ][gc,phases      ] GC(1) Compaction Phase 11.292ms
[1.196s][info ][gc,phases,start] GC(1) Post Compact
[1.196s][info ][gc,phases      ] GC(1) Post Compact 0.510ms
[1.196s][info ][gc,heap        ] GC(1) PSYoungGen: 16808K(1572864K)->11124K(1572864K) Eden: 0K(1048576K)->0K(1048576K) From: 16808K(524288K)->11124K(524288K)
[1.196s][info ][gc,heap        ] GC(1) ParOldGen: 88K(6144K)->5672K(6144K)
[1.196s][info ][gc,metaspace   ] GC(1) Metaspace: 21309K(21504K)->21309K(21504K) NonClass: 18845K(18944K)->18845K(18944K) Class: 2463K(2560K)->2463K(2560K)
[1.196s][info ][gc             ] GC(1) Pause Full (Metadata GC Threshold) 16M->16M(1542M) 24.251ms
[1.196s][info ][gc,cpu         ] GC(1) User=0.06s Sys=0.02s Real=0.02s
[1.196s][info ][safepoint      ] Safepoint "CollectForMetadataAllocation", Time since last: 197322175 ns, Reaching safepoint: 116307 ns, At safepoint: 36595979 ns, Total: 36712286 ns
[1.572s][info ][safepoint      ] Safepoint "ICBufferFull", Time since last: 375842434 ns, Reaching safepoint: 122607 ns, At safepoint: 6600 ns, Total: 129207 ns
[1.588s][info ][safepoint      ] Safepoint "ICBufferFull", Time since last: 15785754 ns, Reaching safepoint: 60403 ns, At safepoint: 2000 ns, Total: 62403 ns
[1.597s][info ][safepoint      ] Safepoint "ICBufferFull", Time since last: 8682370 ns, Reaching safepoint: 44803 ns, At safepoint: 2000 ns, Total: 46803 ns
[1.608s][info ][safepoint      ] Safepoint "ICBufferFull", Time since last: 10857587 ns, Reaching safepoint: 61603 ns, At safepoint: 2601 ns, Total: 64204 ns
[1.611s][info ][safepoint      ] Safepoint "ICBufferFull", Time since last: 3212673 ns, Reaching safepoint: 59904 ns, At safepoint: 2000 ns, Total: 61904 ns
[1.614s][info ][safepoint      ] Safepoint "ICBufferFull", Time since last: 2653543 ns, Reaching safepoint: 58203 ns, At safepoint: 1701 ns, Total: 59904 ns
[1.617s][info ][safepoint      ] Safepoint "ICBufferFull", Time since last: 3024463 ns, Reaching safepoint: 53903 ns, At safepoint: 6300 ns, Total: 60203 ns
[1.622s][info ][safepoint      ] Safepoint "ICBufferFull", Time since last: 4931867 ns, Reaching safepoint: 55103 ns, At safepoint: 10401 ns, Total: 65504 ns
[1.625s][info ][safepoint      ] Safepoint "ICBufferFull", Time since last: 2494435 ns, Reaching safepoint: 111106 ns, At safepoint: 8400 ns, Total: 119506 ns
[1.631s][info ][safepoint      ] Safepoint "ICBufferFull", Time since last: 6316942 ns, Reaching safepoint: 44102 ns, At safepoint: 2500 ns, Total: 46602 ns
[1.633s][info ][safepoint      ] Safepoint "ICBufferFull", Time since last: 1585086 ns, Reaching safepoint: 35702 ns, At safepoint: 2100 ns, Total: 37802 ns
[1.633s][info ][safepoint      ] Safepoint "ICBufferFull", Time since last: 519128 ns, Reaching safepoint: 21101 ns, At safepoint: 1301 ns, Total: 22402 ns
[1.655s][info ][safepoint      ] Safepoint "ICBufferFull", Time since last: 22046292 ns, Reaching safepoint: 75404 ns, At safepoint: 7901 ns, Total: 83305 ns
[1.690s][info ][safepoint      ] Safepoint "ICBufferFull", Time since last: 35236406 ns, Reaching safepoint: 70204 ns, At safepoint: 4800 ns, Total: 75004 ns
[1.692s][info ][safepoint      ] Safepoint "ICBufferFull", Time since last: 1338673 ns, Reaching safepoint: 38302 ns, At safepoint: 2000 ns, Total: 40302 ns
[1.693s][info ][safepoint      ] Safepoint "ICBufferFull", Time since last: 777842 ns, Reaching safepoint: 23701 ns, At safepoint: 1100 ns, Total: 24801 ns
[1.694s][info ][safepoint      ] Safepoint "ICBufferFull", Time since last: 1099660 ns, Reaching safepoint: 16801 ns, At safepoint: 1500 ns, Total: 18301 ns
[1.695s][info ][safepoint      ] Safepoint "ICBufferFull", Time since last: 871947 ns, Reaching safepoint: 100105 ns, At safepoint: 4301 ns, Total: 104406 ns
[1.696s][info ][safepoint      ] Safepoint "ICBufferFull", Time since last: 1105559 ns, Reaching safepoint: 16601 ns, At safepoint: 1600 ns, Total: 18201 ns
[1.697s][info ][safepoint      ] Safepoint "ICBufferFull", Time since last: 817545 ns, Reaching safepoint: 16600 ns, At safepoint: 1401 ns, Total: 18001 ns
[1.698s][info ][safepoint      ] Safepoint "ICBufferFull", Time since last: 1079258 ns, Reaching safepoint: 27801 ns, At safepoint: 5101 ns, Total: 32902 ns
[1.699s][info ][safepoint      ] Safepoint "ICBufferFull", Time since last: 820744 ns, Reaching safepoint: 41302 ns, At safepoint: 1700 ns, Total: 43002 ns
[1.700s][info ][safepoint      ] Safepoint "ICBufferFull", Time since last: 1092960 ns, Reaching safepoint: 44102 ns, At safepoint: 1600 ns, Total: 45702 ns
[1.701s][info ][safepoint      ] Safepoint "ICBufferFull", Time since last: 809744 ns, Reaching safepoint: 15001 ns, At safepoint: 9200 ns, Total: 24201 ns
[1.702s][info ][safepoint      ] Safepoint "ICBufferFull", Time since last: 1140062 ns, Reaching safepoint: 17201 ns, At safepoint: 1500 ns, Total: 18701 ns
[1.703s][info ][safepoint      ] Safepoint "ICBufferFull", Time since last: 1259068 ns, Reaching safepoint: 17301 ns, At safepoint: 1600 ns, Total: 18901 ns
[1.704s][info ][safepoint      ] Safepoint "ICBufferFull", Time since last: 507027 ns, Reaching safepoint: 14901 ns, At safepoint: 1200 ns, Total: 16101 ns
[1.707s][info ][safepoint      ] Safepoint "ICBufferFull", Time since last: 3186673 ns, Reaching safepoint: 45002 ns, At safepoint: 1500 ns, Total: 46502 ns
[1.715s][info ][safepoint      ] Safepoint "ICBufferFull", Time since last: 7602612 ns, Reaching safepoint: 51802 ns, At safepoint: 9701 ns, Total: 61503 ns
[1.723s][info ][safepoint      ] Safepoint "ICBufferFull", Time since last: 8885481 ns, Reaching safepoint: 50402 ns, At safepoint: 2400 ns, Total: 52802 ns
[1.742s][info ][safepoint      ] Safepoint "ICBufferFull", Time since last: 18679511 ns, Reaching safepoint: 39402 ns, At safepoint: 1400 ns, Total: 40802 ns
[1.787s][info ][safepoint      ] Safepoint "ICBufferFull", Time since last: 45212046 ns, Reaching safepoint: 68104 ns, At safepoint: 6800 ns, Total: 74904 ns
[1.788s][info ][safepoint      ] Safepoint "ICBufferFull", Time since last: 544930 ns, Reaching safepoint: 97705 ns, At safepoint: 6800 ns, Total: 104505 ns
[1.792s][info ][safepoint      ] Safepoint "ICBufferFull", Time since last: 4059320 ns, Reaching safepoint: 45703 ns, At safepoint: 2000 ns, Total: 47703 ns
[1.794s][info ][safepoint      ] Safepoint "ICBufferFull", Time since last: 1993407 ns, Reaching safepoint: 34902 ns, At safepoint: 2200 ns, Total: 37102 ns
[1.858s][info ][safepoint      ] Safepoint "ICBufferFull", Time since last: 63380429 ns, Reaching safepoint: 89405 ns, At safepoint: 2800 ns, Total: 92205 ns
[1.861s][info ][safepoint      ] Safepoint "ICBufferFull", Time since last: 3115569 ns, Reaching safepoint: 39602 ns, At safepoint: 2300 ns, Total: 41902 ns
[1.862s][info ][safepoint      ] Safepoint "ICBufferFull", Time since last: 1534583 ns, Reaching safepoint: 27502 ns, At safepoint: 4300 ns, Total: 31802 ns
[1.865s][info ][safepoint      ] Safepoint "ICBufferFull", Time since last: 2683945 ns, Reaching safepoint: 34402 ns, At safepoint: 1800 ns, Total: 36202 ns
[1.868s][info ][safepoint      ] Safepoint "ICBufferFull", Time since last: 2719747 ns, Reaching safepoint: 36302 ns, At safepoint: 1700 ns, Total: 38002 ns
[1.870s][info ][safepoint      ] Safepoint "ICBufferFull", Time since last: 2245022 ns, Reaching safepoint: 36202 ns, At safepoint: 1900 ns, Total: 38102 ns
[1.871s][info ][safepoint      ] Safepoint "ICBufferFull", Time since last: 886648 ns, Reaching safepoint: 34002 ns, At safepoint: 1500 ns, Total: 35502 ns
[1.872s][info ][safepoint      ] Safepoint "ICBufferFull", Time since last: 495727 ns, Reaching safepoint: 19601 ns, At safepoint: 5400 ns, Total: 25001 ns
[1.873s][info ][safepoint      ] Safepoint "ICBufferFull", Time since last: 1051657 ns, Reaching safepoint: 39202 ns, At safepoint: 4100 ns, Total: 43302 ns
[1.875s][info ][safepoint      ] Safepoint "ICBufferFull", Time since last: 2436032 ns, Reaching safepoint: 26601 ns, At safepoint: 1500 ns, Total: 28101 ns
[1.876s][info ][safepoint      ] Safepoint "ICBufferFull", Time since last: 843246 ns, Reaching safepoint: 20901 ns, At safepoint: 900 ns, Total: 21801 ns
[1.877s][info ][safepoint      ] Safepoint "ICBufferFull", Time since last: 837746 ns, Reaching safepoint: 31901 ns, At safepoint: 2000 ns, Total: 33901 ns
[1.878s][info ][safepoint      ] Safepoint "ICBufferFull", Time since last: 656536 ns, Reaching safepoint: 28201 ns, At safepoint: 1001 ns, Total: 29202 ns
[1.880s][info ][safepoint      ] Safepoint "ICBufferFull", Time since last: 2440332 ns, Reaching safepoint: 38802 ns, At safepoint: 5800 ns, Total: 44602 ns
[1.882s][info ][safepoint      ] Safepoint "ICBufferFull", Time since last: 1709592 ns, Reaching safepoint: 32902 ns, At safepoint: 6701 ns, Total: 39603 ns
[1.883s][info ][safepoint      ] Safepoint "ICBufferFull", Time since last: 948151 ns, Reaching safepoint: 34702 ns, At safepoint: 5900 ns, Total: 40602 ns
[1.884s][info ][safepoint      ] Safepoint "ICBufferFull", Time since last: 1151262 ns, Reaching safepoint: 39903 ns, At safepoint: 2300 ns, Total: 42203 ns
[1.886s][info ][safepoint      ] Safepoint "ICBufferFull", Time since last: 1594086 ns, Reaching safepoint: 20101 ns, At safepoint: 1800 ns, Total: 21901 ns
[1.889s][info ][safepoint      ] Safepoint "ICBufferFull", Time since last: 3214574 ns, Reaching safepoint: 39602 ns, At safepoint: 2600 ns, Total: 42202 ns
[1.893s][info ][safepoint      ] Safepoint "ICBufferFull", Time since last: 4072221 ns, Reaching safepoint: 48602 ns, At safepoint: 2400 ns, Total: 51002 ns
[1.897s][info ][safepoint      ] Safepoint "ICBufferFull", Time since last: 4345635 ns, Reaching safepoint: 37503 ns, At safepoint: 1900 ns, Total: 39403 ns
[1.899s][info ][safepoint      ] Safepoint "ICBufferFull", Time since last: 1051757 ns, Reaching safepoint: 18501 ns, At safepoint: 2000 ns, Total: 20501 ns
[1.901s][info ][safepoint      ] Safepoint "ICBufferFull", Time since last: 2863755 ns, Reaching safepoint: 19601 ns, At safepoint: 2000 ns, Total: 21601 ns
[1.903s][info ][safepoint      ] Safepoint "ICBufferFull", Time since last: 1947505 ns, Reaching safepoint: 18901 ns, At safepoint: 2000 ns, Total: 20901 ns
[1.905s][info ][safepoint      ] Safepoint "ICBufferFull", Time since last: 1899803 ns, Reaching safepoint: 32002 ns, At safepoint: 1600 ns, Total: 33602 ns
[1.907s][info ][safepoint      ] Safepoint "ICBufferFull", Time since last: 1891202 ns, Reaching safepoint: 23301 ns, At safepoint: 2401 ns, Total: 25702 ns
[1.909s][info ][safepoint      ] Safepoint "ICBufferFull", Time since last: 2067711 ns, Reaching safepoint: 20401 ns, At safepoint: 2001 ns, Total: 22402 ns
[1.911s][info ][safepoint      ] Safepoint "ICBufferFull", Time since last: 1899202 ns, Reaching safepoint: 39402 ns, At safepoint: 4501 ns, Total: 43903 ns
[1.914s][info ][safepoint      ] Safepoint "ICBufferFull", Time since last: 2992262 ns, Reaching safepoint: 106805 ns, At safepoint: 6201 ns, Total: 113006 ns
[1.916s][info ][safepoint      ] Safepoint "ICBufferFull", Time since last: 2047310 ns, Reaching safepoint: 32602 ns, At safepoint: 2200 ns, Total: 34802 ns
[1.918s][info ][safepoint      ] Safepoint "ICBufferFull", Time since last: 1823899 ns, Reaching safepoint: 40002 ns, At safepoint: 2200 ns, Total: 42202 ns
[1.920s][info ][safepoint      ] Safepoint "ICBufferFull", Time since last: 1869801 ns, Reaching safepoint: 20902 ns, At safepoint: 1700 ns, Total: 22602 ns
[1.922s][info ][safepoint      ] Safepoint "ICBufferFull", Time since last: 1866401 ns, Reaching safepoint: 35502 ns, At safepoint: 5200 ns, Total: 40702 ns
[1.924s][info ][safepoint      ] Safepoint "ICBufferFull", Time since last: 1998408 ns, Reaching safepoint: 33702 ns, At safepoint: 4400 ns, Total: 38102 ns
[1.926s][info ][safepoint      ] Safepoint "ICBufferFull", Time since last: 2090713 ns, Reaching safepoint: 35102 ns, At safepoint: 1700 ns, Total: 36802 ns
[1.929s][info ][safepoint      ] Safepoint "ICBufferFull", Time since last: 2295624 ns, Reaching safepoint: 37102 ns, At safepoint: 2100 ns, Total: 39202 ns
[1.939s][info ][safepoint      ] Safepoint "ICBufferFull", Time since last: 9939238 ns, Reaching safepoint: 44403 ns, At safepoint: 1900 ns, Total: 46303 ns
[1.940s][info ][safepoint      ] Safepoint "ICBufferFull", Time since last: 1039656 ns, Reaching safepoint: 89205 ns, At safepoint: 1800 ns, Total: 91005 ns
[1.940s][info ][safepoint      ] Safepoint "ICBufferFull", Time since last: 501427 ns, Reaching safepoint: 26101 ns, At safepoint: 1501 ns, Total: 27602 ns
[1.942s][info ][safepoint      ] Safepoint "ICBufferFull", Time since last: 1613287 ns, Reaching safepoint: 17901 ns, At safepoint: 1800 ns, Total: 19701 ns
[1.944s][info ][safepoint      ] Safepoint "ICBufferFull", Time since last: 2031510 ns, Reaching safepoint: 27101 ns, At safepoint: 1800 ns, Total: 28901 ns
[1.947s][info ][safepoint      ] Safepoint "ICBufferFull", Time since last: 3172572 ns, Reaching safepoint: 49503 ns, At safepoint: 1800 ns, Total: 51303 ns
[1.949s][info ][safepoint      ] Safepoint "ICBufferFull", Time since last: 2006408 ns, Reaching safepoint: 29702 ns, At safepoint: 1900 ns, Total: 31602 ns
[1.957s][info ][safepoint      ] Safepoint "ICBufferFull", Time since last: 7342997 ns, Reaching safepoint: 50203 ns, At safepoint: 5100 ns, Total: 55303 ns
[1.959s][info ][safepoint      ] Safepoint "ICBufferFull", Time since last: 2181918 ns, Reaching safepoint: 21301 ns, At safepoint: 1801 ns, Total: 23102 ns
[1.960s][info ][safepoint      ] Safepoint "ICBufferFull", Time since last: 671936 ns, Reaching safepoint: 17501 ns, At safepoint: 2200 ns, Total: 19701 ns
[1.962s][info ][safepoint      ] Safepoint "ICBufferFull", Time since last: 2340827 ns, Reaching safepoint: 20001 ns, At safepoint: 2400 ns, Total: 22401 ns
[1.963s][info ][safepoint      ] Safepoint "ICBufferFull", Time since last: 1529983 ns, Reaching safepoint: 17201 ns, At safepoint: 1300 ns, Total: 18501 ns
[1.964s][info ][safepoint      ] Safepoint "ICBufferFull", Time since last: 626734 ns, Reaching safepoint: 15500 ns, At safepoint: 1100 ns, Total: 16600 ns
[1.968s][info ][safepoint      ] Safepoint "ICBufferFull", Time since last: 3669699 ns, Reaching safepoint: 18901 ns, At safepoint: 1700 ns, Total: 20601 ns
[1.970s][info ][safepoint      ] Safepoint "ICBufferFull", Time since last: 2387929 ns, Reaching safepoint: 19901 ns, At safepoint: 1700 ns, Total: 21601 ns
[1.972s][info ][safepoint      ] Safepoint "ICBufferFull", Time since last: 1606487 ns, Reaching safepoint: 25502 ns, At safepoint: 1300 ns, Total: 26802 ns
[1.972s][info ][safepoint      ] Safepoint "ICBufferFull", Time since last: 480226 ns, Reaching safepoint: 26801 ns, At safepoint: 1200 ns, Total: 28001 ns
[1.976s][info ][safepoint      ] Safepoint "ICBufferFull", Time since last: 3663598 ns, Reaching safepoint: 33102 ns, At safepoint: 2800 ns, Total: 35902 ns
[1.977s][info ][safepoint      ] Safepoint "ICBufferFull", Time since last: 525829 ns, Reaching safepoint: 15001 ns, At safepoint: 1500 ns, Total: 16501 ns
[1.996s][info ][safepoint      ] Safepoint "ICBufferFull", Time since last: 19164437 ns, Reaching safepoint: 46202 ns, At safepoint: 2100 ns, Total: 48302 ns
[2.014s][info ][safepoint      ] Safepoint "ICBufferFull", Time since last: 17731860 ns, Reaching safepoint: 30601 ns, At safepoint: 2600 ns, Total: 33201 ns
[2.014s][info ][safepoint      ] Safepoint "ICBufferFull", Time since last: 870347 ns, Reaching safepoint: 19201 ns, At safepoint: 1901 ns, Total: 21102 ns
[2.015s][info ][safepoint      ] Safepoint "ICBufferFull", Time since last: 1043156 ns, Reaching safepoint: 18801 ns, At safepoint: 2000 ns, Total: 20801 ns
[2.016s][info ][safepoint      ] Safepoint "ICBufferFull", Time since last: 768542 ns, Reaching safepoint: 17201 ns, At safepoint: 1700 ns, Total: 18901 ns
[2.017s][info ][safepoint      ] Safepoint "ICBufferFull", Time since last: 765141 ns, Reaching safepoint: 19401 ns, At safepoint: 1900 ns, Total: 21301 ns
[2.020s][info ][safepoint      ] Safepoint "ICBufferFull", Time since last: 2678945 ns, Reaching safepoint: 23201 ns, At safepoint: 2201 ns, Total: 25402 ns
[2.021s][info ][safepoint      ] Safepoint "ICBufferFull", Time since last: 1272568 ns, Reaching safepoint: 20602 ns, At safepoint: 2500 ns, Total: 23102 ns
[2.022s][info ][safepoint      ] Safepoint "ICBufferFull", Time since last: 920149 ns, Reaching safepoint: 19501 ns, At safepoint: 1901 ns, Total: 21402 ns
[2.023s][info ][safepoint      ] Safepoint "ICBufferFull", Time since last: 1052857 ns, Reaching safepoint: 20901 ns, At safepoint: 8300 ns, Total: 29201 ns
[2.026s][info ][safepoint      ] Safepoint "ICBufferFull", Time since last: 2557439 ns, Reaching safepoint: 21401 ns, At safepoint: 2300 ns, Total: 23701 ns
[2.027s][info ][safepoint      ] Safepoint "ICBufferFull", Time since last: 1455679 ns, Reaching safepoint: 25201 ns, At safepoint: 1600 ns, Total: 26801 ns
[2.028s][info ][safepoint      ] Safepoint "ICBufferFull", Time since last: 1318971 ns, Reaching safepoint: 23802 ns, At safepoint: 2500 ns, Total: 26302 ns
[2.033s][info ][safepoint      ] Safepoint "ICBufferFull", Time since last: 4300832 ns, Reaching safepoint: 29102 ns, At safepoint: 2200 ns, Total: 31302 ns
[2.034s][info ][safepoint      ] Safepoint "ICBufferFull", Time since last: 862847 ns, Reaching safepoint: 19401 ns, At safepoint: 2200 ns, Total: 21601 ns
[2.035s][info ][safepoint      ] Safepoint "ICBufferFull", Time since last: 1601887 ns, Reaching safepoint: 18301 ns, At safepoint: 2000 ns, Total: 20301 ns
[2.036s][info ][safepoint      ] Safepoint "ICBufferFull", Time since last: 494527 ns, Reaching safepoint: 15800 ns, At safepoint: 1800 ns, Total: 17600 ns
[2.037s][info ][safepoint      ] Safepoint "ICBufferFull", Time since last: 1537584 ns, Reaching safepoint: 18601 ns, At safepoint: 1700 ns, Total: 20301 ns
[2.039s][info ][safepoint      ] Safepoint "ICBufferFull", Time since last: 1372074 ns, Reaching safepoint: 19001 ns, At safepoint: 1700 ns, Total: 20701 ns
[2.040s][info ][safepoint      ] Safepoint "ICBufferFull", Time since last: 1272669 ns, Reaching safepoint: 17901 ns, At safepoint: 1800 ns, Total: 19701 ns
[2.041s][info ][safepoint      ] Safepoint "ICBufferFull", Time since last: 1269369 ns, Reaching safepoint: 17001 ns, At safepoint: 2200 ns, Total: 19201 ns
[2.043s][info ][safepoint      ] Safepoint "ICBufferFull", Time since last: 1301670 ns, Reaching safepoint: 22801 ns, At safepoint: 8601 ns, Total: 31402 ns
[2.044s][info ][safepoint      ] Safepoint "ICBufferFull", Time since last: 1264368 ns, Reaching safepoint: 33302 ns, At safepoint: 2300 ns, Total: 35602 ns
[2.045s][info ][safepoint      ] Safepoint "ICBufferFull", Time since last: 1289170 ns, Reaching safepoint: 18901 ns, At safepoint: 6100 ns, Total: 25001 ns
[2.047s][info ][safepoint      ] Safepoint "ICBufferFull", Time since last: 1336073 ns, Reaching safepoint: 87804 ns, At safepoint: 6301 ns, Total: 94105 ns
[2.048s][info ][safepoint      ] Safepoint "ICBufferFull", Time since last: 1536383 ns, Reaching safepoint: 33802 ns, At safepoint: 1700 ns, Total: 35502 ns
[2.050s][info ][safepoint      ] Safepoint "ICBufferFull", Time since last: 1306370 ns, Reaching safepoint: 31802 ns, At safepoint: 2300 ns, Total: 34102 ns
[2.051s][info ][safepoint      ] Safepoint "ICBufferFull", Time since last: 1275269 ns, Reaching safepoint: 23401 ns, At safepoint: 1401 ns, Total: 24802 ns
[2.052s][info ][safepoint      ] Safepoint "ICBufferFull", Time since last: 1255267 ns, Reaching safepoint: 20202 ns, At safepoint: 1700 ns, Total: 21902 ns
[2.054s][info ][safepoint      ] Safepoint "ICBufferFull", Time since last: 1264668 ns, Reaching safepoint: 17601 ns, At safepoint: 1500 ns, Total: 19101 ns
[2.056s][info ][safepoint      ] Safepoint "ICBufferFull", Time since last: 2330126 ns, Reaching safepoint: 31002 ns, At safepoint: 2100 ns, Total: 33102 ns
[2.057s][info ][safepoint      ] Safepoint "ICBufferFull", Time since last: 1232567 ns, Reaching safepoint: 19501 ns, At safepoint: 1400 ns, Total: 20901 ns
[2.058s][info ][safepoint      ] Safepoint "ICBufferFull", Time since last: 1259168 ns, Reaching safepoint: 18101 ns, At safepoint: 1300 ns, Total: 19401 ns
[2.059s][info ][safepoint      ] Safepoint "ICBufferFull", Time since last: 485326 ns, Reaching safepoint: 25402 ns, At safepoint: 900 ns, Total: 26302 ns
[2.060s][info ][safepoint      ] Safepoint "ICBufferFull", Time since last: 1536383 ns, Reaching safepoint: 16301 ns, At safepoint: 900 ns, Total: 17201 ns
[2.063s][info ][safepoint      ] Safepoint "ICBufferFull", Time since last: 2696246 ns, Reaching safepoint: 35301 ns, At safepoint: 1501 ns, Total: 36802 ns
[2.064s][info ][safepoint      ] Safepoint "ICBufferFull", Time since last: 1248167 ns, Reaching safepoint: 19101 ns, At safepoint: 1500 ns, Total: 20601 ns
[2.066s][info ][safepoint      ] Safepoint "ICBufferFull", Time since last: 1345573 ns, Reaching safepoint: 44902 ns, At safepoint: 1801 ns, Total: 46703 ns
[2.068s][info ][safepoint      ] Safepoint "ICBufferFull", Time since last: 1758895 ns, Reaching safepoint: 21201 ns, At safepoint: 1700 ns, Total: 22901 ns
[2.068s][info ][safepoint      ] Safepoint "ICBufferFull", Time since last: 489026 ns, Reaching safepoint: 18801 ns, At safepoint: 1600 ns, Total: 20401 ns
[2.070s][info ][safepoint      ] Safepoint "ICBufferFull", Time since last: 1542484 ns, Reaching safepoint: 20601 ns, At safepoint: 1900 ns, Total: 22501 ns
[2.072s][info ][safepoint      ] Safepoint "ICBufferFull", Time since last: 1750995 ns, Reaching safepoint: 23601 ns, At safepoint: 1600 ns, Total: 25201 ns
[2.073s][info ][safepoint      ] Safepoint "ICBufferFull", Time since last: 1008655 ns, Reaching safepoint: 37802 ns, At safepoint: 1600 ns, Total: 39402 ns
[2.074s][info ][safepoint      ] Safepoint "ICBufferFull", Time since last: 1302070 ns, Reaching safepoint: 27602 ns, At safepoint: 1400 ns, Total: 29002 ns
[2.075s][info ][safepoint      ] Safepoint "ICBufferFull", Time since last: 1487680 ns, Reaching safepoint: 31202 ns, At safepoint: 2000 ns, Total: 33202 ns
[2.077s][info ][safepoint      ] Safepoint "ICBufferFull", Time since last: 1090259 ns, Reaching safepoint: 23701 ns, At safepoint: 1001 ns, Total: 24702 ns
[2.077s][info ][safepoint      ] Safepoint "ICBufferFull", Time since last: 883547 ns, Reaching safepoint: 13701 ns, At safepoint: 800 ns, Total: 14501 ns
[2.079s][info ][safepoint      ] Safepoint "ICBufferFull", Time since last: 1278769 ns, Reaching safepoint: 29402 ns, At safepoint: 1900 ns, Total: 31302 ns
[2.080s][info ][safepoint      ] Safepoint "ICBufferFull", Time since last: 1422377 ns, Reaching safepoint: 25201 ns, At safepoint: 1600 ns, Total: 26801 ns
[2.081s][info ][safepoint      ] Safepoint "ICBufferFull", Time since last: 922250 ns, Reaching safepoint: 26302 ns, At safepoint: 1200 ns, Total: 27502 ns
[2.082s][info ][safepoint      ] Safepoint "ICBufferFull", Time since last: 1096059 ns, Reaching safepoint: 30802 ns, At safepoint: 3100 ns, Total: 33902 ns
[2.083s][info ][safepoint      ] Safepoint "ICBufferFull", Time since last: 705038 ns, Reaching safepoint: 24001 ns, At safepoint: 1100 ns, Total: 25101 ns
[2.084s][info ][safepoint      ] Safepoint "ICBufferFull", Time since last: 646635 ns, Reaching safepoint: 26302 ns, At safepoint: 800 ns, Total: 27102 ns
[2.084s][info ][safepoint      ] Safepoint "ICBufferFull", Time since last: 652235 ns, Reaching safepoint: 19601 ns, At safepoint: 1400 ns, Total: 21001 ns
[2.085s][info ][safepoint      ] Safepoint "ICBufferFull", Time since last: 755541 ns, Reaching safepoint: 20901 ns, At safepoint: 1100 ns, Total: 22001 ns
[2.086s][info ][safepoint      ] Safepoint "ICBufferFull", Time since last: 473826 ns, Reaching safepoint: 23101 ns, At safepoint: 1500 ns, Total: 24601 ns
[2.087s][info ][safepoint      ] Safepoint "ICBufferFull", Time since last: 1633189 ns, Reaching safepoint: 27801 ns, At safepoint: 1000 ns, Total: 28801 ns
[2.088s][info ][safepoint      ] Safepoint "ICBufferFull", Time since last: 629734 ns, Reaching safepoint: 12001 ns, At safepoint: 1000 ns, Total: 13001 ns
[2.089s][info ][safepoint      ] Safepoint "ICBufferFull", Time since last: 640935 ns, Reaching safepoint: 36302 ns, At safepoint: 1700 ns, Total: 38002 ns
[2.089s][info ][safepoint      ] Safepoint "ICBufferFull", Time since last: 648935 ns, Reaching safepoint: 28801 ns, At safepoint: 1400 ns, Total: 30201 ns
[2.090s][info ][safepoint      ] Safepoint "ICBufferFull", Time since last: 640335 ns, Reaching safepoint: 26902 ns, At safepoint: 1600 ns, Total: 28502 ns
[2.091s][info ][safepoint      ] Safepoint "ICBufferFull", Time since last: 839345 ns, Reaching safepoint: 15801 ns, At safepoint: 2000 ns, Total: 17801 ns
[2.091s][info ][safepoint      ] Safepoint "ICBufferFull", Time since last: 672436 ns, Reaching safepoint: 16701 ns, At safepoint: 1900 ns, Total: 18601 ns
[2.092s][info ][safepoint      ] Safepoint "ICBufferFull", Time since last: 661936 ns, Reaching safepoint: 15101 ns, At safepoint: 1100 ns, Total: 16201 ns
[2.093s][info ][safepoint      ] Safepoint "ICBufferFull", Time since last: 677637 ns, Reaching safepoint: 15201 ns, At safepoint: 1400 ns, Total: 16601 ns
[2.094s][info ][safepoint      ] Safepoint "ICBufferFull", Time since last: 696937 ns, Reaching safepoint: 15901 ns, At safepoint: 1300 ns, Total: 17201 ns
[2.094s][info ][safepoint      ] Safepoint "ICBufferFull", Time since last: 870447 ns, Reaching safepoint: 15801 ns, At safepoint: 1300 ns, Total: 17101 ns
[2.095s][info ][safepoint      ] Safepoint "ICBufferFull", Time since last: 834145 ns, Reaching safepoint: 14301 ns, At safepoint: 1200 ns, Total: 15501 ns
[2.096s][info ][safepoint      ] Safepoint "ICBufferFull", Time since last: 864347 ns, Reaching safepoint: 27102 ns, At safepoint: 1300 ns, Total: 28402 ns
[2.097s][info ][safepoint      ] Safepoint "ICBufferFull", Time since last: 1232966 ns, Reaching safepoint: 22602 ns, At safepoint: 1400 ns, Total: 24002 ns
[2.100s][info ][safepoint      ] Safepoint "ICBufferFull", Time since last: 2996662 ns, Reaching safepoint: 21401 ns, At safepoint: 2200 ns, Total: 23601 ns
[2.103s][info ][safepoint      ] Safepoint "ICBufferFull", Time since last: 2820253 ns, Reaching safepoint: 28901 ns, At safepoint: 6300 ns, Total: 35201 ns
[2.106s][info ][safepoint      ] Safepoint "ICBufferFull", Time since last: 2728448 ns, Reaching safepoint: 31302 ns, At safepoint: 1600 ns, Total: 32902 ns
[2.109s][info ][safepoint      ] Safepoint "ICBufferFull", Time since last: 2971861 ns, Reaching safepoint: 41702 ns, At safepoint: 1600 ns, Total: 43302 ns
[2.112s][info ][safepoint      ] Safepoint "ICBufferFull", Time since last: 2803252 ns, Reaching safepoint: 32801 ns, At safepoint: 1601 ns, Total: 34402 ns
[2.113s][info ][safepoint      ] Safepoint "ICBufferFull", Time since last: 1340772 ns, Reaching safepoint: 44702 ns, At safepoint: 1301 ns, Total: 46003 ns
[2.115s][info ][safepoint      ] Safepoint "ICBufferFull", Time since last: 1396075 ns, Reaching safepoint: 28302 ns, At safepoint: 1000 ns, Total: 29302 ns
[2.116s][info ][safepoint      ] Safepoint "ICBufferFull", Time since last: 1358173 ns, Reaching safepoint: 37602 ns, At safepoint: 2500 ns, Total: 40102 ns
[2.118s][info ][safepoint      ] Safepoint "ICBufferFull", Time since last: 1322472 ns, Reaching safepoint: 38002 ns, At safepoint: 2000 ns, Total: 40002 ns
[2.120s][info ][safepoint      ] Safepoint "ICBufferFull", Time since last: 1952606 ns, Reaching safepoint: 38702 ns, At safepoint: 2200 ns, Total: 40902 ns
[2.123s][info ][safepoint      ] Safepoint "ICBufferFull", Time since last: 3779704 ns, Reaching safepoint: 39102 ns, At safepoint: 2201 ns, Total: 41303 ns
[2.124s][info ][safepoint      ] Safepoint "ICBufferFull", Time since last: 752640 ns, Reaching safepoint: 19201 ns, At safepoint: 1100 ns, Total: 20301 ns
[2.127s][info ][safepoint      ] Safepoint "ICBufferFull", Time since last: 2649444 ns, Reaching safepoint: 32602 ns, At safepoint: 1000 ns, Total: 33602 ns
[2.128s][info ][safepoint      ] Safepoint "ICBufferFull", Time since last: 957351 ns, Reaching safepoint: 25202 ns, At safepoint: 1300 ns, Total: 26502 ns
[2.130s][info ][safepoint      ] Safepoint "ICBufferFull", Time since last: 2142616 ns, Reaching safepoint: 35902 ns, At safepoint: 1800 ns, Total: 37702 ns
[2.131s][info ][safepoint      ] Safepoint "ICBufferFull", Time since last: 727039 ns, Reaching safepoint: 33402 ns, At safepoint: 2900 ns, Total: 36302 ns
[2.132s][info ][safepoint      ] Safepoint "ICBufferFull", Time since last: 905749 ns, Reaching safepoint: 16701 ns, At safepoint: 1400 ns, Total: 18101 ns
[2.132s][info ][safepoint      ] Safepoint "ICBufferFull", Time since last: 611433 ns, Reaching safepoint: 14601 ns, At safepoint: 900 ns, Total: 15501 ns
[2.133s][info ][safepoint      ] Safepoint "ICBufferFull", Time since last: 782942 ns, Reaching safepoint: 31902 ns, At safepoint: 2400 ns, Total: 34302 ns
[2.134s][info ][safepoint      ] Safepoint "ICBufferFull", Time since last: 757441 ns, Reaching safepoint: 90305 ns, At safepoint: 4900 ns, Total: 95205 ns
[2.135s][info ][safepoint      ] Safepoint "ICBufferFull", Time since last: 697138 ns, Reaching safepoint: 18501 ns, At safepoint: 1400 ns, Total: 19901 ns
[2.136s][info ][safepoint      ] Safepoint "ICBufferFull", Time since last: 824145 ns, Reaching safepoint: 26601 ns, At safepoint: 1600 ns, Total: 28201 ns
[2.136s][info ][safepoint      ] Safepoint "ICBufferFull", Time since last: 615033 ns, Reaching safepoint: 26402 ns, At safepoint: 1100 ns, Total: 27502 ns
[2.137s][info ][safepoint      ] Safepoint "ICBufferFull", Time since last: 664736 ns, Reaching safepoint: 33102 ns, At safepoint: 2300 ns, Total: 35402 ns
[2.138s][info ][safepoint      ] Safepoint "ICBufferFull", Time since last: 736740 ns, Reaching safepoint: 32801 ns, At safepoint: 1801 ns, Total: 34602 ns
[2.139s][info ][safepoint      ] Safepoint "ICBufferFull", Time since last: 1374974 ns, Reaching safepoint: 94005 ns, At safepoint: 5800 ns, Total: 99805 ns
[2.142s][info ][safepoint      ] Safepoint "ICBufferFull", Time since last: 2943760 ns, Reaching safepoint: 30901 ns, At safepoint: 1400 ns, Total: 32301 ns
[2.143s][info ][safepoint      ] Safepoint "ICBufferFull", Time since last: 678537 ns, Reaching safepoint: 16001 ns, At safepoint: 1500 ns, Total: 17501 ns
[2.143s][info ][safepoint      ] Safepoint "ICBufferFull", Time since last: 636334 ns, Reaching safepoint: 14701 ns, At safepoint: 1200 ns, Total: 15901 ns
[2.144s][info ][safepoint      ] Safepoint "ICBufferFull", Time since last: 668436 ns, Reaching safepoint: 15501 ns, At safepoint: 1100 ns, Total: 16601 ns
[2.145s][info ][safepoint      ] Safepoint "ICBufferFull", Time since last: 693038 ns, Reaching safepoint: 24801 ns, At safepoint: 1000 ns, Total: 25801 ns
[2.146s][info ][safepoint      ] Safepoint "ICBufferFull", Time since last: 750641 ns, Reaching safepoint: 28401 ns, At safepoint: 1000 ns, Total: 29401 ns
[2.146s][info ][safepoint      ] Safepoint "ICBufferFull", Time since last: 718139 ns, Reaching safepoint: 26802 ns, At safepoint: 1600 ns, Total: 28402 ns
[2.147s][info ][safepoint      ] Safepoint "ICBufferFull", Time since last: 670136 ns, Reaching safepoint: 24801 ns, At safepoint: 1101 ns, Total: 25902 ns
[2.148s][info ][safepoint      ] Safepoint "ICBufferFull", Time since last: 755540 ns, Reaching safepoint: 13501 ns, At safepoint: 1200 ns, Total: 14701 ns
[2.149s][info ][safepoint      ] Safepoint "ICBufferFull", Time since last: 816244 ns, Reaching safepoint: 32302 ns, At safepoint: 1800 ns, Total: 34102 ns
[2.149s][info ][safepoint      ] Safepoint "ICBufferFull", Time since last: 672837 ns, Reaching safepoint: 13600 ns, At safepoint: 900 ns, Total: 14500 ns
[2.151s][info ][safepoint      ] Safepoint "ICBufferFull", Time since last: 2079913 ns, Reaching safepoint: 15301 ns, At safepoint: 900 ns, Total: 16201 ns
[2.152s][info ][safepoint      ] Safepoint "ICBufferFull", Time since last: 949951 ns, Reaching safepoint: 31102 ns, At safepoint: 2100 ns, Total: 33202 ns
[2.154s][info ][safepoint      ] Safepoint "ICBufferFull", Time since last: 1611087 ns, Reaching safepoint: 29202 ns, At safepoint: 2500 ns, Total: 31702 ns
[2.155s][info ][safepoint      ] Safepoint "ICBufferFull", Time since last: 500027 ns, Reaching safepoint: 25001 ns, At safepoint: 900 ns, Total: 25901 ns
[2.156s][info ][safepoint      ] Safepoint "ICBufferFull", Time since last: 1559685 ns, Reaching safepoint: 39802 ns, At safepoint: 1400 ns, Total: 41202 ns
[2.158s][info ][safepoint      ] Safepoint "ICBufferFull", Time since last: 1838699 ns, Reaching safepoint: 17601 ns, At safepoint: 900 ns, Total: 18501 ns
[2.160s][info ][safepoint      ] Safepoint "ICBufferFull", Time since last: 1541484 ns, Reaching safepoint: 18001 ns, At safepoint: 1100 ns, Total: 19101 ns
[2.160s][info ][safepoint      ] Safepoint "ICBufferFull", Time since last: 474826 ns, Reaching safepoint: 16100 ns, At safepoint: 1000 ns, Total: 17100 ns
[2.162s][info ][safepoint      ] Safepoint "ICBufferFull", Time since last: 1799098 ns, Reaching safepoint: 29301 ns, At safepoint: 1200 ns, Total: 30501 ns
[2.164s][info ][safepoint      ] Safepoint "ICBufferFull", Time since last: 1595687 ns, Reaching safepoint: 21701 ns, At safepoint: 1200 ns, Total: 22901 ns
[2.164s][info ][safepoint      ] Safepoint "ICBufferFull", Time since last: 576631 ns, Reaching safepoint: 18201 ns, At safepoint: 900 ns, Total: 19101 ns
[2.166s][info ][safepoint      ] Safepoint "ICBufferFull", Time since last: 2211020 ns, Reaching safepoint: 26201 ns, At safepoint: 1600 ns, Total: 27801 ns
[2.169s][info ][safepoint      ] Safepoint "ICBufferFull", Time since last: 2450833 ns, Reaching safepoint: 16501 ns, At safepoint: 1300 ns, Total: 17801 ns
[2.171s][info ][safepoint      ] Safepoint "ICBufferFull", Time since last: 2163817 ns, Reaching safepoint: 17201 ns, At safepoint: 1500 ns, Total: 18701 ns
[2.172s][info ][safepoint      ] Safepoint "ICBufferFull", Time since last: 628134 ns, Reaching safepoint: 16201 ns, At safepoint: 1400 ns, Total: 17601 ns
[2.174s][info ][safepoint      ] Safepoint "ICBufferFull", Time since last: 2180618 ns, Reaching safepoint: 31202 ns, At safepoint: 1300 ns, Total: 32502 ns
[2.176s][info ][safepoint      ] Safepoint "ICBufferFull", Time since last: 2390429 ns, Reaching safepoint: 23901 ns, At safepoint: 1000 ns, Total: 24901 ns
[2.177s][info ][safepoint      ] Safepoint "ICBufferFull", Time since last: 631934 ns, Reaching safepoint: 14501 ns, At safepoint: 900 ns, Total: 15401 ns
[2.179s][info ][safepoint      ] Safepoint "ICBufferFull", Time since last: 2162717 ns, Reaching safepoint: 21501 ns, At safepoint: 1701 ns, Total: 23202 ns
[2.181s][info ][safepoint      ] Safepoint "ICBufferFull", Time since last: 2307624 ns, Reaching safepoint: 20302 ns, At safepoint: 1500 ns, Total: 21802 ns
[2.184s][info ][safepoint      ] Safepoint "ICBufferFull", Time since last: 2077812 ns, Reaching safepoint: 17401 ns, At safepoint: 1200 ns, Total: 18601 ns
[2.184s][info ][safepoint      ] Safepoint "ICBufferFull", Time since last: 845646 ns, Reaching safepoint: 17201 ns, At safepoint: 1200 ns, Total: 18401 ns
[2.185s][info ][safepoint      ] Safepoint "ICBufferFull", Time since last: 810044 ns, Reaching safepoint: 14900 ns, At safepoint: 1100 ns, Total: 16000 ns
[2.186s][info ][safepoint      ] Safepoint "ICBufferFull", Time since last: 659736 ns, Reaching safepoint: 24601 ns, At safepoint: 2101 ns, Total: 26702 ns
[2.187s][info ][safepoint      ] Safepoint "ICBufferFull", Time since last: 644034 ns, Reaching safepoint: 18201 ns, At safepoint: 1401 ns, Total: 19602 ns
[2.187s][info ][safepoint      ] Safepoint "ICBufferFull", Time since last: 636734 ns, Reaching safepoint: 14501 ns, At safepoint: 1400 ns, Total: 15901 ns
[2.188s][info ][safepoint      ] Safepoint "ICBufferFull", Time since last: 635034 ns, Reaching safepoint: 14901 ns, At safepoint: 1300 ns, Total: 16201 ns
[2.189s][info ][safepoint      ] Safepoint "ICBufferFull", Time since last: 560330 ns, Reaching safepoint: 14301 ns, At safepoint: 1400 ns, Total: 15701 ns
[2.204s][info ][safepoint      ] Safepoint "ICBufferFull", Time since last: 15736552 ns, Reaching safepoint: 44402 ns, At safepoint: 2800 ns, Total: 47202 ns
[2.219s][info ][safepoint      ] Safepoint "ICBufferFull", Time since last: 15143019 ns, Reaching safepoint: 51803 ns, At safepoint: 3800 ns, Total: 55603 ns
[2.234s][info ][safepoint      ] Safepoint "ICBufferFull", Time since last: 14442982 ns, Reaching safepoint: 113406 ns, At safepoint: 5300 ns, Total: 118706 ns
[2.235s][info ][safepoint      ] Safepoint "ICBufferFull", Time since last: 514028 ns, Reaching safepoint: 31902 ns, At safepoint: 1300 ns, Total: 33202 ns
[2.247s][info ][safepoint      ] Safepoint "ICBufferFull", Time since last: 12733889 ns, Reaching safepoint: 38002 ns, At safepoint: 1800 ns, Total: 39802 ns
[2.260s][info ][safepoint      ] Safepoint "ICBufferFull", Time since last: 12354868 ns, Reaching safepoint: 51203 ns, At safepoint: 11701 ns, Total: 62904 ns
[2.271s][info ][safepoint      ] Safepoint "ICBufferFull", Time since last: 11250808 ns, Reaching safepoint: 42403 ns, At safepoint: 2300 ns, Total: 44703 ns
[2.282s][info ][safepoint      ] Safepoint "ICBufferFull", Time since last: 11072399 ns, Reaching safepoint: 46902 ns, At safepoint: 5301 ns, Total: 52203 ns
[2.293s][info ][safepoint      ] Safepoint "ICBufferFull", Time since last: 10612074 ns, Reaching safepoint: 42602 ns, At safepoint: 2300 ns, Total: 44902 ns
[2.303s][info ][safepoint      ] Safepoint "ICBufferFull", Time since last: 10322959 ns, Reaching safepoint: 34802 ns, At safepoint: 1500 ns, Total: 36302 ns
[2.304s][info ][safepoint      ] Safepoint "ICBufferFull", Time since last: 487926 ns, Reaching safepoint: 23501 ns, At safepoint: 1200 ns, Total: 24701 ns
[2.315s][info ][safepoint      ] Safepoint "ICBufferFull", Time since last: 10982695 ns, Reaching safepoint: 54403 ns, At safepoint: 7000 ns, Total: 61403 ns
[2.326s][info ][safepoint      ] Safepoint "ICBufferFull", Time since last: 11634729 ns, Reaching safepoint: 72704 ns, At safepoint: 6201 ns, Total: 78905 ns
[2.341s][info ][safepoint      ] Safepoint "ICBufferFull", Time since last: 14040259 ns, Reaching safepoint: 42303 ns, At safepoint: 2500 ns, Total: 44803 ns
[2.343s][info ][safepoint      ] Safepoint "ICBufferFull", Time since last: 2022709 ns, Reaching safepoint: 28702 ns, At safepoint: 1300 ns, Total: 30002 ns
[2.344s][info ][safepoint      ] Safepoint "ICBufferFull", Time since last: 1262768 ns, Reaching safepoint: 28102 ns, At safepoint: 3900 ns, Total: 32002 ns
[2.348s][info ][safepoint      ] Safepoint "ICBufferFull", Time since last: 4277931 ns, Reaching safepoint: 31102 ns, At safepoint: 2500 ns, Total: 33602 ns
[2.351s][info ][safepoint      ] Safepoint "ICBufferFull", Time since last: 2260022 ns, Reaching safepoint: 17301 ns, At safepoint: 1500 ns, Total: 18801 ns
[2.352s][info ][safepoint      ] Safepoint "ICBufferFull", Time since last: 1142362 ns, Reaching safepoint: 15301 ns, At safepoint: 1000 ns, Total: 16301 ns
[2.353s][info ][safepoint      ] Safepoint "ICBufferFull", Time since last: 1146762 ns, Reaching safepoint: 15301 ns, At safepoint: 800 ns, Total: 16101 ns
[2.354s][info ][safepoint      ] Safepoint "ICBufferFull", Time since last: 1029256 ns, Reaching safepoint: 15100 ns, At safepoint: 1000 ns, Total: 16100 ns
[2.355s][info ][safepoint      ] Safepoint "ICBufferFull", Time since last: 1139062 ns, Reaching safepoint: 26902 ns, At safepoint: 700 ns, Total: 27602 ns
[2.356s][info ][safepoint      ] Safepoint "ICBufferFull", Time since last: 1285469 ns, Reaching safepoint: 17501 ns, At safepoint: 1400 ns, Total: 18901 ns
[2.358s][info ][safepoint      ] Safepoint "ICBufferFull", Time since last: 1199565 ns, Reaching safepoint: 18501 ns, At safepoint: 1400 ns, Total: 19901 ns
[2.358s][info ][safepoint      ] Safepoint "ICBufferFull", Time since last: 658836 ns, Reaching safepoint: 12100 ns, At safepoint: 5001 ns, Total: 17101 ns
[2.359s][info ][safepoint      ] Safepoint "ICBufferFull", Time since last: 1200165 ns, Reaching safepoint: 16601 ns, At safepoint: 800 ns, Total: 17401 ns
[2.575s][info ][gc,start       ] GC(2) Pause Young (Metadata GC Threshold)
[2.605s][debug][gc,phases      ] GC(2) Scavenge 30.111ms
[2.605s][debug][gc,ref         ] GC(2) Skipped phase 1 of Reference Processing: no references
[2.605s][debug][gc,ref         ] GC(2) ReferenceProcessor::execute queues: 2, RefProcThreadModel::Multi, marks_oops_alive: false
[2.605s][debug][gc,ref         ] GC(2) Skipped phase 3 of Reference Processing: no references
[2.605s][debug][gc,ref         ] GC(2) ReferenceProcessor::execute queues: 1, RefProcThreadModel::Single, marks_oops_alive: false
[2.605s][debug][gc,phases      ] GC(2) Reference Processing 0.312ms
[2.605s][debug][gc,phases      ] GC(2)   VM Weak                        Min:  0.0, Avg:  0.0, Max:  0.0, Diff:  0.0, Sum:  0.0, Workers: 4
[2.605s][debug][gc,phases      ] GC(2)     Dead                           Min: 0, Avg:  0.0, Max: 0, Diff: 0, Sum: 0, Workers: 4
[2.605s][debug][gc,phases      ] GC(2)     Total                          Min: 0, Avg: 68.2, Max: 192, Diff: 192, Sum: 273, Workers: 4
[2.605s][debug][gc,phases      ] GC(2)   ObjectSynchronizer Weak        Min:  0.0, Avg:  0.0, Max:  0.0, Diff:  0.0, Sum:  0.0, Workers: 4
[2.605s][debug][gc,phases      ] GC(2)     Dead                           Min: 0, Avg:  0.2, Max: 1, Diff: 1, Sum: 1, Workers: 4
[2.605s][debug][gc,phases      ] GC(2)     Total                          Min: 0, Avg:  3.0, Max: 12, Diff: 12, Sum: 12, Workers: 4
[2.605s][debug][gc,phases      ] GC(2)   JVMTI Tag Weak OopStorage      Min:  0.0, Avg:  0.0, Max:  0.0, Diff:  0.0, Sum:  0.0, Workers: 4
[2.605s][debug][gc,phases      ] GC(2)     Dead                           Min: 0, Avg:  0.0, Max: 0, Diff: 0, Sum: 0, Workers: 4
[2.605s][debug][gc,phases      ] GC(2)     Total                          Min: 0, Avg:  0.0, Max: 0, Diff: 0, Sum: 0, Workers: 4
[2.606s][debug][gc,phases      ] GC(2)   StringTable Weak               Min:  0.1, Avg:  0.1, Max:  0.1, Diff:  0.0, Sum:  0.6, Workers: 4
[2.606s][debug][gc,phases      ] GC(2)     Dead                           Min: 2, Avg:  6.5, Max: 15, Diff: 13, Sum: 26, Workers: 4
[2.606s][debug][gc,phases      ] GC(2)     Total                          Min: 3520, Avg: 4932.0, Max: 6032, Diff: 2512, Sum: 19728, Workers: 4
[2.606s][debug][gc,phases      ] GC(2)   ResolvedMethodTable Weak       Min:  0.0, Avg:  0.0, Max:  0.0, Diff:  0.0, Sum:  0.1, Workers: 4
[2.606s][debug][gc,phases      ] GC(2)     Dead                           Min: 2, Avg: 18.2, Max: 49, Diff: 47, Sum: 73, Workers: 4
[2.606s][debug][gc,phases      ] GC(2)     Total                          Min: 320, Avg: 473.2, Max: 704, Diff: 384, Sum: 1893, Workers: 4
[2.606s][debug][gc,phases      ] GC(2)   JNI Weak                       Min:  0.0, Avg:  0.0, Max:  0.0, Diff:  0.0, Sum:  0.0, Workers: 4
[2.606s][debug][gc,phases      ] GC(2)     Dead                           Min: 0, Avg:  0.0, Max: 0, Diff: 0, Sum: 0, Workers: 4
[2.606s][debug][gc,phases      ] GC(2)     Total                          Min: 0, Avg:  1.8, Max: 7, Diff: 7, Sum: 7, Workers: 4
[2.606s][debug][gc,phases      ] GC(2)   StringDedup Table Weak         Min:  0.0, Avg:  0.0, Max:  0.0, Diff:  0.0, Sum:  0.0, Workers: 4
[2.606s][debug][gc,phases      ] GC(2)     Dead                           Min: 0, Avg:  0.0, Max: 0, Diff: 0, Sum: 0, Workers: 4
[2.606s][debug][gc,phases      ] GC(2)     Total                          Min: 0, Avg:  0.0, Max: 0, Diff: 0, Sum: 0, Workers: 4
[2.606s][debug][gc,phases      ] GC(2)   StringDedup Requests0 Weak     Min:  0.0, Avg:  0.0, Max:  0.0, Diff:  0.0, Sum:  0.0, Workers: 4
[2.606s][debug][gc,phases      ] GC(2)     Dead                           Min: 0, Avg:  0.0, Max: 0, Diff: 0, Sum: 0, Workers: 4
[2.606s][debug][gc,phases      ] GC(2)     Total                          Min: 0, Avg:  0.0, Max: 0, Diff: 0, Sum: 0, Workers: 4
[2.606s][debug][gc,phases      ] GC(2)   StringDedup Requests1 Weak     Min:  0.0, Avg:  0.0, Max:  0.0, Diff:  0.0, Sum:  0.0, Workers: 4
[2.606s][debug][gc,phases      ] GC(2)     Dead                           Min: 0, Avg:  0.0, Max: 0, Diff: 0, Sum: 0, Workers: 4
[2.606s][debug][gc,phases      ] GC(2)     Total                          Min: 0, Avg:  0.0, Max: 0, Diff: 0, Sum: 0, Workers: 4
[2.606s][debug][gc,phases      ] GC(2)   Weak JFR Old Object Samples    Min:  0.0, Avg:  0.0, Max:  0.0, Diff:  0.0, Sum:  0.0, Workers: 4
[2.606s][debug][gc,phases      ] GC(2)     Dead                           Min: 0, Avg:  0.0, Max: 0, Diff: 0, Sum: 0, Workers: 4
[2.606s][debug][gc,phases      ] GC(2)     Total                          Min: 0, Avg:  0.0, Max: 0, Diff: 0, Sum: 0, Workers: 4
[2.606s][debug][gc,phases      ] GC(2) Weak Processing 0.357ms
[2.606s][debug][gc,age         ] GC(2) Desired survivor size 536870912 bytes, new threshold 7 (max threshold 15)
[2.606s][info ][gc,heap        ] GC(2) PSYoungGen: 430557K(1572864K)->56582K(1572864K) Eden: 419433K(1048576K)->0K(1048576K) From: 11124K(524288K)->56582K(524288K)
[2.606s][info ][gc,heap        ] GC(2) ParOldGen: 5672K(6144K)->5680K(6144K)
[2.606s][info ][gc,metaspace   ] GC(2) Metaspace: 35452K(35840K)->35452K(35840K) NonClass: 30987K(31168K)->30987K(31168K) Class: 4464K(4672K)->4464K(4672K)
[2.606s][info ][gc             ] GC(2) Pause Young (Metadata GC Threshold) 426M->60M(1542M) 30.920ms
[2.606s][info ][gc,cpu         ] GC(2) User=0.12s Sys=0.02s Real=0.03s
[2.606s][debug][gc,phases      ] GC(3) Pre Compact 0.009ms
[2.606s][info ][gc,start       ] GC(3) Pause Full (Metadata GC Threshold)
[2.606s][info ][gc,phases,start] GC(3) Marking Phase
[2.624s][debug][gc,phases      ] GC(3) Par Mark 17.873ms
[2.624s][debug][gc,ref         ] GC(3) Skipped phase 1 of Reference Processing: no references
[2.624s][debug][gc,ref         ] GC(3) ReferenceProcessor::execute queues: 2, RefProcThreadModel::Multi, marks_oops_alive: false
[2.624s][debug][gc,ref         ] GC(3) Skipped phase 3 of Reference Processing: no references
[2.624s][debug][gc,ref         ] GC(3) ReferenceProcessor::execute queues: 1, RefProcThreadModel::Single, marks_oops_alive: false
[2.624s][debug][gc,phases      ] GC(3) Reference Processing 0.127ms
[2.624s][debug][gc,phases      ] GC(3)   VM Weak                        Min:  0.0, Avg:  0.0, Max:  0.0, Diff:  0.0, Sum:  0.0, Workers: 4
[2.624s][debug][gc,phases      ] GC(3)     Dead                           Min: 0, Avg:  0.0, Max: 0, Diff: 0, Sum: 0, Workers: 4
[2.624s][debug][gc,phases      ] GC(3)     Total                          Min: 0, Avg: 68.2, Max: 209, Diff: 209, Sum: 273, Workers: 4
[2.624s][debug][gc,phases      ] GC(3)   ObjectSynchronizer Weak        Min:  0.0, Avg:  0.0, Max:  0.0, Diff:  0.0, Sum:  0.0, Workers: 4
[2.624s][debug][gc,phases      ] GC(3)     Dead                           Min: 0, Avg:  0.0, Max: 0, Diff: 0, Sum: 0, Workers: 4
[2.624s][debug][gc,phases      ] GC(3)     Total                          Min: 0, Avg:  3.0, Max: 12, Diff: 12, Sum: 12, Workers: 4
[2.624s][debug][gc,phases      ] GC(3)   JVMTI Tag Weak OopStorage      Min:  0.0, Avg:  0.0, Max:  0.0, Diff:  0.0, Sum:  0.0, Workers: 4
[2.624s][debug][gc,phases      ] GC(3)     Dead                           Min: 0, Avg:  0.0, Max: 0, Diff: 0, Sum: 0, Workers: 4
[2.624s][debug][gc,phases      ] GC(3)     Total                          Min: 0, Avg:  0.0, Max: 0, Diff: 0, Sum: 0, Workers: 4
[2.624s][debug][gc,phases      ] GC(3)   StringTable Weak               Min:  0.1, Avg:  0.1, Max:  0.1, Diff:  0.0, Sum:  0.2, Workers: 4
[2.624s][debug][gc,phases      ] GC(3)     Dead                           Min: 0, Avg:  0.0, Max: 0, Diff: 0, Sum: 0, Workers: 4
[2.624s][debug][gc,phases      ] GC(3)     Total                          Min: 4352, Avg: 4932.0, Max: 5456, Diff: 1104, Sum: 19728, Workers: 4
[2.624s][debug][gc,phases      ] GC(3)   ResolvedMethodTable Weak       Min:  0.0, Avg:  0.0, Max:  0.0, Diff:  0.0, Sum:  0.0, Workers: 4
[2.624s][debug][gc,phases      ] GC(3)     Dead                           Min: 0, Avg:  0.0, Max: 0, Diff: 0, Sum: 0, Workers: 4
[2.624s][debug][gc,phases      ] GC(3)     Total                          Min: 384, Avg: 473.2, Max: 549, Diff: 165, Sum: 1893, Workers: 4
[2.624s][debug][gc,phases      ] GC(3)   JNI Weak                       Min:  0.0, Avg:  0.0, Max:  0.0, Diff:  0.0, Sum:  0.0, Workers: 4
[2.624s][debug][gc,phases      ] GC(3)     Dead                           Min: 0, Avg:  0.0, Max: 0, Diff: 0, Sum: 0, Workers: 4
[2.624s][debug][gc,phases      ] GC(3)     Total                          Min: 0, Avg:  1.8, Max: 7, Diff: 7, Sum: 7, Workers: 4
[2.624s][debug][gc,phases      ] GC(3)   StringDedup Table Weak         Min:  0.0, Avg:  0.0, Max:  0.0, Diff:  0.0, Sum:  0.0, Workers: 4
[2.624s][debug][gc,phases      ] GC(3)     Dead                           Min: 0, Avg:  0.0, Max: 0, Diff: 0, Sum: 0, Workers: 4
[2.624s][debug][gc,phases      ] GC(3)     Total                          Min: 0, Avg:  0.0, Max: 0, Diff: 0, Sum: 0, Workers: 4
[2.624s][debug][gc,phases      ] GC(3)   StringDedup Requests0 Weak     Min:  0.0, Avg:  0.0, Max:  0.0, Diff:  0.0, Sum:  0.0, Workers: 4
[2.624s][debug][gc,phases      ] GC(3)     Dead                           Min: 0, Avg:  0.0, Max: 0, Diff: 0, Sum: 0, Workers: 4
[2.624s][debug][gc,phases      ] GC(3)     Total                          Min: 0, Avg:  0.0, Max: 0, Diff: 0, Sum: 0, Workers: 4
[2.624s][debug][gc,phases      ] GC(3)   StringDedup Requests1 Weak     Min:  0.0, Avg:  0.0, Max:  0.0, Diff:  0.0, Sum:  0.0, Workers: 4
[2.624s][debug][gc,phases      ] GC(3)     Dead                           Min: 0, Avg:  0.0, Max: 0, Diff: 0, Sum: 0, Workers: 4
[2.624s][debug][gc,phases      ] GC(3)     Total                          Min: 0, Avg:  0.0, Max: 0, Diff: 0, Sum: 0, Workers: 4
[2.624s][debug][gc,phases      ] GC(3)   Weak JFR Old Object Samples    Min:  0.0, Avg:  0.0, Max:  0.0, Diff:  0.0, Sum:  0.0, Workers: 4
[2.624s][debug][gc,phases      ] GC(3)     Dead                           Min: 0, Avg:  0.0, Max: 0, Diff: 0, Sum: 0, Workers: 4
[2.624s][debug][gc,phases      ] GC(3)     Total                          Min: 0, Avg:  0.0, Max: 0, Diff: 0, Sum: 0, Workers: 4
[2.624s][debug][gc,phases      ] GC(3) Weak Processing 0.262ms
[2.624s][debug][gc,phases      ] GC(3) ClassLoaderData 0.037ms
[2.624s][debug][gc,phases      ] GC(3) Trigger cleanups 0.000ms
[2.628s][debug][gc,phases      ] GC(3) Class Unloading 3.744ms
[2.628s][info ][gc,phases      ] GC(3) Marking Phase 22.120ms
[2.628s][info ][gc,phases,start] GC(3) Summary Phase
[2.628s][info ][gc,phases      ] GC(3) Summary Phase 0.006ms
[2.628s][info ][gc,phases,start] GC(3) Adjust Roots
[2.632s][info ][gc,phases      ] GC(3) Adjust Roots 3.917ms
[2.632s][info ][gc,phases,start] GC(3) Compaction Phase
[2.857s][info ][gc,phases      ] GC(3) Compaction Phase 224.999ms
[2.857s][info ][gc,phases,start] GC(3) Post Compact
[2.857s][info ][gc,phases      ] GC(3) Post Compact 0.646ms
[2.857s][info ][gc,heap        ] GC(3) PSYoungGen: 56582K(1572864K)->55904K(1572864K) Eden: 0K(1048576K)->0K(1048576K) From: 56582K(524288K)->55904K(524288K)
[2.857s][info ][gc,heap        ] GC(3) ParOldGen: 5680K(6144K)->6118K(6144K)
[2.857s][info ][gc,metaspace   ] GC(3) Metaspace: 35452K(35840K)->35452K(35840K) NonClass: 30987K(31168K)->30987K(31168K) Class: 4464K(4672K)->4464K(4672K)
[2.857s][info ][gc             ] GC(3) Pause Full (Metadata GC Threshold) 60M->60M(1542M) 251.804ms
[2.857s][info ][gc,cpu         ] GC(3) User=0.53s Sys=0.03s Real=0.25s
[2.858s][info ][safepoint      ] Safepoint "CollectForMetadataAllocation", Time since last: 215115038 ns, Reaching safepoint: 84504 ns, At safepoint: 282847303 ns, Total: 282931807 ns
[3.104s][info ][safepoint      ] Safepoint "ICBufferFull", Time since last: 246155517 ns, Reaching safepoint: 160909 ns, At safepoint: 5900 ns, Total: 166809 ns
[3.186s][info ][safepoint      ] Safepoint "ICBufferFull", Time since last: 82292652 ns, Reaching safepoint: 205111 ns, At safepoint: 7401 ns, Total: 212512 ns
[3.367s][info ][safepoint      ] Safepoint "ICBufferFull", Time since last: 180239351 ns, Reaching safepoint: 240313 ns, At safepoint: 22701 ns, Total: 263014 ns
[3.367s][info ][safepoint      ] Safepoint "ICBufferFull", Time since last: 75704 ns, Reaching safepoint: 84305 ns, At safepoint: 25301 ns, Total: 109606 ns
[3.439s][info ][safepoint      ] Safepoint "ICBufferFull", Time since last: 70899336 ns, Reaching safepoint: 551730 ns, At safepoint: 25001 ns, Total: 576731 ns
[3.442s][info ][safepoint      ] Safepoint "ICBufferFull", Time since last: 3274477 ns, Reaching safepoint: 90205 ns, At safepoint: 29102 ns, Total: 119307 ns
[3.584s][info ][safepoint      ] Safepoint "ICBufferFull", Time since last: 141659364 ns, Reaching safepoint: 224712 ns, At safepoint: 22901 ns, Total: 247613 ns
[3.647s][info ][safepoint      ] Safepoint "ICBufferFull", Time since last: 62490381 ns, Reaching safepoint: 200511 ns, At safepoint: 24401 ns, Total: 224912 ns
[3.778s][info ][safepoint      ] Safepoint "ICBufferFull", Time since last: 131273603 ns, Reaching safepoint: 217711 ns, At safepoint: 25502 ns, Total: 243213 ns
[4.035s][info ][safepoint      ] Safepoint "ICBufferFull", Time since last: 252089138 ns, Reaching safepoint: 4342435 ns, At safepoint: 27002 ns, Total: 4369437 ns
[4.038s][info ][safepoint      ] Safepoint "ICBufferFull", Time since last: 3595194 ns, Reaching safepoint: 304317 ns, At safepoint: 28101 ns, Total: 332418 ns
[4.202s][info ][safepoint      ] Safepoint "ICBufferFull", Time since last: 163701957 ns, Reaching safepoint: 208611 ns, At safepoint: 29602 ns, Total: 238213 ns
[4.203s][info ][safepoint      ] Safepoint "ICBufferFull", Time since last: 638134 ns, Reaching safepoint: 100705 ns, At safepoint: 27002 ns, Total: 127707 ns
[4.259s][info ][safepoint      ] Safepoint "ICBufferFull", Time since last: 53551297 ns, Reaching safepoint: 2235021 ns, At safepoint: 27802 ns, Total: 2262823 ns
[4.288s][info ][safepoint      ] Safepoint "ICBufferFull", Time since last: 28209626 ns, Reaching safepoint: 320917 ns, At safepoint: 25902 ns, Total: 346819 ns
[4.297s][debug][gc,phases      ] GC(4) Pre Compact 0.021ms
[4.297s][info ][gc,start       ] GC(4) Pause Full (Ergonomics)
[4.297s][info ][gc,phases,start] GC(4) Marking Phase
[4.405s][debug][gc,phases      ] GC(4) Par Mark 108.295ms
[4.405s][debug][gc,ref         ] GC(4) Skipped phase 1 of Reference Processing: no references
[4.405s][debug][gc,ref         ] GC(4) ReferenceProcessor::execute queues: 4, RefProcThreadModel::Multi, marks_oops_alive: false
[4.406s][debug][gc,ref         ] GC(4) Skipped phase 3 of Reference Processing: no references
[4.406s][debug][gc,ref         ] GC(4) ReferenceProcessor::execute queues: 3, RefProcThreadModel::Multi, marks_oops_alive: false
[4.406s][debug][gc,phases      ] GC(4) Reference Processing 1.046ms
[4.406s][debug][gc,phases      ] GC(4)   VM Weak                        Min:  0.0, Avg:  0.0, Max:  0.0, Diff:  0.0, Sum:  0.0, Workers: 4
[4.406s][debug][gc,phases      ] GC(4)     Dead                           Min: 0, Avg:  2.0, Max: 5, Diff: 5, Sum: 8, Workers: 4
[4.406s][debug][gc,phases      ] GC(4)     Total                          Min: 0, Avg: 106.2, Max: 320, Diff: 320, Sum: 425, Workers: 4
[4.406s][debug][gc,phases      ] GC(4)   ObjectSynchronizer Weak        Min:  0.0, Avg:  0.0, Max:  0.0, Diff:  0.0, Sum:  0.0, Workers: 4
[4.406s][debug][gc,phases      ] GC(4)     Dead                           Min: 16, Avg: 57.8, Max: 99, Diff: 83, Sum: 231, Workers: 4
[4.406s][debug][gc,phases      ] GC(4)     Total                          Min: 18, Avg: 68.5, Max: 128, Diff: 110, Sum: 274, Workers: 4
[4.406s][debug][gc,phases      ] GC(4)   JVMTI Tag Weak OopStorage      Min:  0.0, Avg:  0.0, Max:  0.0, Diff:  0.0, Sum:  0.0, Workers: 4
[4.406s][debug][gc,phases      ] GC(4)     Dead                           Min: 0, Avg:  0.0, Max: 0, Diff: 0, Sum: 0, Workers: 4
[4.406s][debug][gc,phases      ] GC(4)     Total                          Min: 0, Avg:  0.0, Max: 0, Diff: 0, Sum: 0, Workers: 4
[4.406s][debug][gc,phases      ] GC(4)   StringTable Weak               Min:  0.2, Avg:  0.2, Max:  0.2, Diff:  0.0, Sum:  0.6, Workers: 4
[4.406s][debug][gc,phases      ] GC(4)     Dead                           Min: 2, Avg:  6.5, Max: 13, Diff: 11, Sum: 26, Workers: 4
[4.406s][debug][gc,phases      ] GC(4)     Total                          Min: 8064, Avg: 9550.0, Max: 10816, Diff: 2752, Sum: 38200, Workers: 4
[4.406s][debug][gc,phases      ] GC(4)   ResolvedMethodTable Weak       Min:  0.0, Avg:  0.0, Max:  0.0, Diff:  0.0, Sum:  0.1, Workers: 4
[4.406s][debug][gc,phases      ] GC(4)     Dead                           Min: 22, Avg: 46.2, Max: 60, Diff: 38, Sum: 185, Workers: 4
[4.406s][debug][gc,phases      ] GC(4)     Total                          Min: 1024, Avg: 1228.0, Max: 1520, Diff: 496, Sum: 4912, Workers: 4
[4.406s][debug][gc,phases      ] GC(4)   JNI Weak                       Min:  0.0, Avg:  0.0, Max:  0.0, Diff:  0.0, Sum:  0.0, Workers: 4
[4.406s][debug][gc,phases      ] GC(4)     Dead                           Min: 0, Avg:  0.0, Max: 0, Diff: 0, Sum: 0, Workers: 4
[4.406s][debug][gc,phases      ] GC(4)     Total                          Min: 0, Avg:  1.0, Max: 4, Diff: 4, Sum: 4, Workers: 4
[4.406s][debug][gc,phases      ] GC(4)   StringDedup Table Weak         Min:  0.0, Avg:  0.0, Max:  0.0, Diff:  0.0, Sum:  0.0, Workers: 4
[4.406s][debug][gc,phases      ] GC(4)     Dead                           Min: 0, Avg:  0.0, Max: 0, Diff: 0, Sum: 0, Workers: 4
[4.406s][debug][gc,phases      ] GC(4)     Total                          Min: 0, Avg:  0.0, Max: 0, Diff: 0, Sum: 0, Workers: 4
[4.406s][debug][gc,phases      ] GC(4)   StringDedup Requests0 Weak     Min:  0.0, Avg:  0.0, Max:  0.0, Diff:  0.0, Sum:  0.0, Workers: 4
[4.406s][debug][gc,phases      ] GC(4)     Dead                           Min: 0, Avg:  0.0, Max: 0, Diff: 0, Sum: 0, Workers: 4
[4.406s][debug][gc,phases      ] GC(4)     Total                          Min: 0, Avg:  0.0, Max: 0, Diff: 0, Sum: 0, Workers: 4
[4.406s][debug][gc,phases      ] GC(4)   StringDedup Requests1 Weak     Min:  0.0, Avg:  0.0, Max:  0.0, Diff:  0.0, Sum:  0.0, Workers: 4
[4.406s][debug][gc,phases      ] GC(4)     Dead                           Min: 0, Avg:  0.0, Max: 0, Diff: 0, Sum: 0, Workers: 4
[4.406s][debug][gc,phases      ] GC(4)     Total                          Min: 0, Avg:  0.0, Max: 0, Diff: 0, Sum: 0, Workers: 4
[4.406s][debug][gc,phases      ] GC(4)   Weak JFR Old Object Samples    Min:  0.0, Avg:  0.0, Max:  0.0, Diff:  0.0, Sum:  0.0, Workers: 4
[4.406s][debug][gc,phases      ] GC(4)     Dead                           Min: 0, Avg:  0.0, Max: 0, Diff: 0, Sum: 0, Workers: 4
[4.406s][debug][gc,phases      ] GC(4)     Total                          Min: 0, Avg:  0.0, Max: 0, Diff: 0, Sum: 0, Workers: 4
[4.406s][debug][gc,phases      ] GC(4) Weak Processing 0.379ms
[4.407s][debug][gc,phases      ] GC(4) ClassLoaderData 0.169ms
[4.407s][debug][gc,phases      ] GC(4) Trigger cleanups 0.001ms
[4.415s][debug][gc,phases      ] GC(4) Class Unloading 8.565ms
[4.415s][info ][gc,phases      ] GC(4) Marking Phase 118.452ms
[4.415s][info ][gc,phases,start] GC(4) Summary Phase
[4.415s][info ][gc,phases      ] GC(4) Summary Phase 0.027ms
[4.415s][info ][gc,phases,start] GC(4) Adjust Roots
[4.422s][info ][gc,phases      ] GC(4) Adjust Roots 7.148ms
[4.422s][info ][gc,phases,start] GC(4) Compaction Phase
[4.661s][info ][gc,phases      ] GC(4) Compaction Phase 238.475ms
[4.661s][info ][gc,phases,start] GC(4) Post Compact
[4.664s][info ][gc,phases      ] GC(4) Post Compact 3.492ms
[4.664s][info ][gc,heap        ] GC(4) PSYoungGen: 1104480K(1572864K)->169448K(1572864K) Eden: 1048576K(1048576K)->169448K(1048576K) From: 55904K(524288K)->0K(524288K)
[4.664s][info ][gc,heap        ] GC(4) ParOldGen: 6118K(6144K)->6139K(18944K)
[4.664s][info ][gc,metaspace   ] GC(4) Metaspace: 53522K(54144K)->53508K(54144K) NonClass: 45610K(45952K)->45599K(45952K) Class: 7912K(8192K)->7908K(8192K)
[4.664s][info ][gc             ] GC(4) Pause Full (Ergonomics) 1084M->171M(1554M) 367.882ms
[4.664s][info ][gc,cpu         ] GC(4) User=1.33s Sys=0.02s Real=0.37s
[4.665s][info ][safepoint      ] Safepoint "ParallelGCFailedAllocation", Time since last: 8736472 ns, Reaching safepoint: 228413 ns, At safepoint: 368962461 ns, Total: 369190874 ns
[4.669s][info ][safepoint      ] Safepoint "ICBufferFull", Time since last: 2991562 ns, Reaching safepoint: 624634 ns, At safepoint: 25801 ns, Total: 650435 ns
[4.679s][info ][safepoint      ] Safepoint "ICBufferFull", Time since last: 9309304 ns, Reaching safepoint: 105006 ns, At safepoint: 28901 ns, Total: 133907 ns
[4.685s][info ][safepoint      ] Safepoint "ICBufferFull", Time since last: 6444349 ns, Reaching safepoint: 94005 ns, At safepoint: 25801 ns, Total: 119806 ns
[4.691s][info ][safepoint      ] Safepoint "ICBufferFull", Time since last: 5628305 ns, Reaching safepoint: 115706 ns, At safepoint: 26902 ns, Total: 142608 ns
[4.696s][info ][safepoint      ] Safepoint "ICBufferFull", Time since last: 4513344 ns, Reaching safepoint: 109406 ns, At safepoint: 55003 ns, Total: 164409 ns
[4.713s][info ][safepoint      ] Safepoint "ICBufferFull", Time since last: 16991219 ns, Reaching safepoint: 123307 ns, At safepoint: 20601 ns, Total: 143908 ns
[4.715s][info ][safepoint      ] Safepoint "ICBufferFull", Time since last: 2369428 ns, Reaching safepoint: 100405 ns, At safepoint: 18601 ns, Total: 119006 ns
[4.718s][info ][safepoint      ] Safepoint "ICBufferFull", Time since last: 2228921 ns, Reaching safepoint: 106106 ns, At safepoint: 23401 ns, Total: 129507 ns
[4.720s][info ][safepoint      ] Safepoint "ICBufferFull", Time since last: 2161717 ns, Reaching safepoint: 182710 ns, At safepoint: 21601 ns, Total: 204311 ns
[4.723s][info ][safepoint      ] Safepoint "ICBufferFull", Time since last: 3051565 ns, Reaching safepoint: 110206 ns, At safepoint: 22701 ns, Total: 132907 ns
[4.725s][info ][safepoint      ] Safepoint "ICBufferFull", Time since last: 2005809 ns, Reaching safepoint: 102905 ns, At safepoint: 30802 ns, Total: 133707 ns
[4.730s][info ][safepoint      ] Safepoint "ICBufferFull", Time since last: 1856600 ns, Reaching safepoint: 3190773 ns, At safepoint: 28802 ns, Total: 3219575 ns
[4.735s][info ][safepoint      ] Safepoint "ICBufferFull", Time since last: 4403438 ns, Reaching safepoint: 97505 ns, At safepoint: 24401 ns, Total: 121906 ns
[4.735s][info ][safepoint      ] Safepoint "ICBufferFull", Time since last: 175210 ns, Reaching safepoint: 103505 ns, At safepoint: 21902 ns, Total: 125407 ns
[4.740s][info ][safepoint      ] Safepoint "ICBufferFull", Time since last: 3562592 ns, Reaching safepoint: 1079659 ns, At safepoint: 28201 ns, Total: 1107860 ns
[4.758s][info ][safepoint      ] Safepoint "ICBufferFull", Time since last: 16351485 ns, Reaching safepoint: 2109514 ns, At safepoint: 27002 ns, Total: 2136516 ns
[4.760s][info ][safepoint      ] Safepoint "ICBufferFull", Time since last: 1762995 ns, Reaching safepoint: 105406 ns, At safepoint: 26701 ns, Total: 132107 ns
[4.763s][info ][safepoint      ] Safepoint "ICBufferFull", Time since last: 2297124 ns, Reaching safepoint: 110806 ns, At safepoint: 30802 ns, Total: 141608 ns
[4.765s][info ][safepoint      ] Safepoint "ICBufferFull", Time since last: 2036810 ns, Reaching safepoint: 104706 ns, At safepoint: 24901 ns, Total: 129607 ns
[4.767s][info ][safepoint      ] Safepoint "ICBufferFull", Time since last: 1887602 ns, Reaching safepoint: 114607 ns, At safepoint: 22101 ns, Total: 136708 ns
[4.769s][info ][safepoint      ] Safepoint "ICBufferFull", Time since last: 2314625 ns, Reaching safepoint: 95805 ns, At safepoint: 22701 ns, Total: 118506 ns
[4.771s][info ][safepoint      ] Safepoint "ICBufferFull", Time since last: 1824599 ns, Reaching safepoint: 92605 ns, At safepoint: 21801 ns, Total: 114406 ns
[4.773s][info ][safepoint      ] Safepoint "ICBufferFull", Time since last: 1842700 ns, Reaching safepoint: 108406 ns, At safepoint: 23801 ns, Total: 132207 ns
[4.778s][info ][safepoint      ] Safepoint "ICBufferFull", Time since last: 4011617 ns, Reaching safepoint: 989954 ns, At safepoint: 23301 ns, Total: 1013255 ns
[4.785s][info ][safepoint      ] Safepoint "ICBufferFull", Time since last: 6060328 ns, Reaching safepoint: 541529 ns, At safepoint: 21101 ns, Total: 562630 ns
[4.792s][info ][safepoint      ] Safepoint "ICBufferFull", Time since last: 7105385 ns, Reaching safepoint: 107406 ns, At safepoint: 18301 ns, Total: 125707 ns
[4.792s][info ][safepoint      ] Safepoint "ICBufferFull", Time since last: 62703 ns, Reaching safepoint: 82904 ns, At safepoint: 22102 ns, Total: 105006 ns
[4.792s][info ][safepoint      ] Safepoint "ICBufferFull", Time since last: 46902 ns, Reaching safepoint: 85905 ns, At safepoint: 16301 ns, Total: 102206 ns
[4.792s][info ][safepoint      ] Safepoint "ICBufferFull", Time since last: 72904 ns, Reaching safepoint: 77504 ns, At safepoint: 12901 ns, Total: 90405 ns
[4.793s][info ][safepoint      ] Safepoint "ICBufferFull", Time since last: 35001 ns, Reaching safepoint: 82205 ns, At safepoint: 17701 ns, Total: 99906 ns
[4.795s][info ][safepoint      ] Safepoint "ICBufferFull", Time since last: 2376028 ns, Reaching safepoint: 75204 ns, At safepoint: 26102 ns, Total: 101306 ns
[4.800s][info ][safepoint      ] Safepoint "ICBufferFull", Time since last: 4752857 ns, Reaching safepoint: 106106 ns, At safepoint: 29101 ns, Total: 135207 ns
[4.802s][info ][safepoint      ] Safepoint "ICBufferFull", Time since last: 2043211 ns, Reaching safepoint: 99705 ns, At safepoint: 25702 ns, Total: 125407 ns
[4.806s][info ][safepoint      ] Safepoint "ICBufferFull", Time since last: 4010117 ns, Reaching safepoint: 114506 ns, At safepoint: 23901 ns, Total: 138407 ns
[4.811s][info ][safepoint      ] Safepoint "ICBufferFull", Time since last: 4088521 ns, Reaching safepoint: 107106 ns, At safepoint: 21301 ns, Total: 128407 ns
[4.822s][info ][safepoint      ] Safepoint "ICBufferFull", Time since last: 11095701 ns, Reaching safepoint: 86904 ns, At safepoint: 23802 ns, Total: 110706 ns
[4.825s][info ][safepoint      ] Safepoint "ICBufferFull", Time since last: 2816852 ns, Reaching safepoint: 120706 ns, At safepoint: 30402 ns, Total: 151108 ns
[4.831s][info ][safepoint      ] Safepoint "ICBufferFull", Time since last: 3647897 ns, Reaching safepoint: 2146117 ns, At safepoint: 29101 ns, Total: 2175218 ns
[4.833s][info ][safepoint      ] Safepoint "ICBufferFull", Time since last: 1880702 ns, Reaching safepoint: 647635 ns, At safepoint: 26501 ns, Total: 674136 ns
[4.835s][info ][safepoint      ] Safepoint "ICBufferFull", Time since last: 1938605 ns, Reaching safepoint: 91105 ns, At safepoint: 21901 ns, Total: 113006 ns
[4.838s][info ][safepoint      ] Safepoint "ICBufferFull", Time since last: 2681745 ns, Reaching safepoint: 103806 ns, At safepoint: 25501 ns, Total: 129307 ns
[4.840s][info ][safepoint      ] Safepoint "ICBufferFull", Time since last: 1976007 ns, Reaching safepoint: 104406 ns, At safepoint: 24901 ns, Total: 129307 ns
[4.842s][info ][safepoint      ] Safepoint "ICBufferFull", Time since last: 1823199 ns, Reaching safepoint: 94505 ns, At safepoint: 22501 ns, Total: 117006 ns
[4.883s][info ][gc,start       ] GC(5) Pause Young (Allocation Failure)
[4.979s][debug][gc,phases      ] GC(5) Scavenge 96.278ms
[4.979s][debug][gc,ref         ] GC(5) Skipped phase 1 of Reference Processing: no references
[4.979s][debug][gc,ref         ] GC(5) ReferenceProcessor::execute queues: 4, RefProcThreadModel::Multi, marks_oops_alive: false
[4.980s][debug][gc,ref         ] GC(5) Skipped phase 3 of Reference Processing: no references
[4.980s][debug][gc,ref         ] GC(5) ReferenceProcessor::execute queues: 1, RefProcThreadModel::Single, marks_oops_alive: false
[4.980s][debug][gc,phases      ] GC(5) Reference Processing 0.329ms
[4.980s][debug][gc,phases      ] GC(5)   VM Weak                        Min:  0.0, Avg:  0.0, Max:  0.0, Diff:  0.0, Sum:  0.0, Workers: 4
[4.980s][debug][gc,phases      ] GC(5)     Dead                           Min: 0, Avg:  0.0, Max: 0, Diff: 0, Sum: 0, Workers: 4
[4.980s][debug][gc,phases      ] GC(5)     Total                          Min: 0, Avg: 104.8, Max: 230, Diff: 230, Sum: 419, Workers: 4
[4.980s][debug][gc,phases      ] GC(5)   ObjectSynchronizer Weak        Min:  0.0, Avg:  0.0, Max:  0.0, Diff:  0.0, Sum:  0.0, Workers: 4
[4.980s][debug][gc,phases      ] GC(5)     Dead                           Min: 0, Avg:  5.5, Max: 22, Diff: 22, Sum: 22, Workers: 4
[4.980s][debug][gc,phases      ] GC(5)     Total                          Min: 0, Avg: 75.0, Max: 192, Diff: 192, Sum: 300, Workers: 4
[4.980s][debug][gc,phases      ] GC(5)   JVMTI Tag Weak OopStorage      Min:  0.0, Avg:  0.0, Max:  0.0, Diff:  0.0, Sum:  0.0, Workers: 4
[4.980s][debug][gc,phases      ] GC(5)     Dead                           Min: 0, Avg:  0.0, Max: 0, Diff: 0, Sum: 0, Workers: 4
[4.980s][debug][gc,phases      ] GC(5)     Total                          Min: 0, Avg:  0.0, Max: 0, Diff: 0, Sum: 0, Workers: 4
[4.980s][debug][gc,phases      ] GC(5)   StringTable Weak               Min:  0.4, Avg:  0.4, Max:  0.4, Diff:  0.0, Sum:  1.4, Workers: 4
[4.980s][debug][gc,phases      ] GC(5)     Dead                           Min: 0, Avg:  3.2, Max: 7, Diff: 7, Sum: 13, Workers: 4
[4.980s][debug][gc,phases      ] GC(5)     Total                          Min: 7616, Avg: 9554.0, Max: 12800, Diff: 5184, Sum: 38216, Workers: 4
[4.980s][debug][gc,phases      ] GC(5)   ResolvedMethodTable Weak       Min:  0.0, Avg:  0.1, Max:  0.1, Diff:  0.0, Sum:  0.2, Workers: 4
[4.980s][debug][gc,phases      ] GC(5)     Dead                           Min: 0, Avg:  0.0, Max: 0, Diff: 0, Sum: 0, Workers: 4
[4.980s][debug][gc,phases      ] GC(5)     Total                          Min: 859, Avg: 1186.0, Max: 1451, Diff: 592, Sum: 4744, Workers: 4
[4.980s][debug][gc,phases      ] GC(5)   JNI Weak                       Min:  0.0, Avg:  0.0, Max:  0.0, Diff:  0.0, Sum:  0.0, Workers: 4
[4.980s][debug][gc,phases      ] GC(5)     Dead                           Min: 0, Avg:  0.0, Max: 0, Diff: 0, Sum: 0, Workers: 4
[4.980s][debug][gc,phases      ] GC(5)     Total                          Min: 0, Avg:  0.0, Max: 0, Diff: 0, Sum: 0, Workers: 4
[4.980s][debug][gc,phases      ] GC(5)   StringDedup Table Weak         Min:  0.0, Avg:  0.0, Max:  0.0, Diff:  0.0, Sum:  0.0, Workers: 4
[4.980s][debug][gc,phases      ] GC(5)     Dead                           Min: 0, Avg:  0.0, Max: 0, Diff: 0, Sum: 0, Workers: 4
[4.980s][debug][gc,phases      ] GC(5)     Total                          Min: 0, Avg:  0.0, Max: 0, Diff: 0, Sum: 0, Workers: 4
[4.980s][debug][gc,phases      ] GC(5)   StringDedup Requests0 Weak     Min:  0.0, Avg:  0.0, Max:  0.0, Diff:  0.0, Sum:  0.0, Workers: 4
[4.980s][debug][gc,phases      ] GC(5)     Dead                           Min: 0, Avg:  0.0, Max: 0, Diff: 0, Sum: 0, Workers: 4
[4.980s][debug][gc,phases      ] GC(5)     Total                          Min: 0, Avg:  0.0, Max: 0, Diff: 0, Sum: 0, Workers: 4
[4.980s][debug][gc,phases      ] GC(5)   StringDedup Requests1 Weak     Min:  0.0, Avg:  0.0, Max:  0.0, Diff:  0.0, Sum:  0.0, Workers: 4
[4.980s][debug][gc,phases      ] GC(5)     Dead                           Min: 0, Avg:  0.0, Max: 0, Diff: 0, Sum: 0, Workers: 4
[4.980s][debug][gc,phases      ] GC(5)     Total                          Min: 0, Avg:  0.0, Max: 0, Diff: 0, Sum: 0, Workers: 4
[4.980s][debug][gc,phases      ] GC(5)   Weak JFR Old Object Samples    Min:  0.0, Avg:  0.0, Max:  0.0, Diff:  0.0, Sum:  0.0, Workers: 4
[4.980s][debug][gc,phases      ] GC(5)     Dead                           Min: 0, Avg:  0.0, Max: 0, Diff: 0, Sum: 0, Workers: 4
[4.980s][debug][gc,phases      ] GC(5)     Total                          Min: 0, Avg:  0.0, Max: 0, Diff: 0, Sum: 0, Workers: 4
[4.980s][debug][gc,phases      ] GC(5) Weak Processing 0.627ms
[4.980s][debug][gc,age         ] GC(5) Desired survivor size 536870912 bytes, new threshold 7 (max threshold 15)
[4.980s][info ][gc,heap        ] GC(5) PSYoungGen: 1048576K(1572864K)->176634K(1572864K) Eden: 1048576K(1048576K)->0K(1048576K) From: 0K(524288K)->176634K(524288K)
[4.980s][info ][gc,heap        ] GC(5) ParOldGen: 6139K(18944K)->6163K(18944K)
[4.980s][info ][gc,metaspace   ] GC(5) Metaspace: 53551K(54144K)->53551K(54144K) NonClass: 45636K(45952K)->45636K(45952K) Class: 7915K(8192K)->7915K(8192K)
[4.980s][info ][gc             ] GC(5) Pause Young (Allocation Failure) 1029M->178M(1554M) 97.379ms
[4.980s][info ][gc,cpu         ] GC(5) User=0.33s Sys=0.06s Real=0.10s
[4.980s][info ][safepoint      ] Safepoint "ParallelGCFailedAllocation", Time since last: 37654137 ns, Reaching safepoint: 3197973 ns, At safepoint: 97486975 ns, Total: 100684948 ns
[5.155s][info ][gc,start       ] GC(6) Pause Young (Allocation Failure)
[5.245s][debug][gc,phases      ] GC(6) Scavenge 89.489ms
[5.245s][debug][gc,ref         ] GC(6) Skipped phase 1 of Reference Processing: no references
[5.245s][debug][gc,ref         ] GC(6) ReferenceProcessor::execute queues: 4, RefProcThreadModel::Multi, marks_oops_alive: false
[5.245s][debug][gc,ref         ] GC(6) Skipped phase 3 of Reference Processing: no references
[5.245s][debug][gc,ref         ] GC(6) ReferenceProcessor::execute queues: 1, RefProcThreadModel::Single, marks_oops_alive: false
[5.245s][debug][gc,phases      ] GC(6) Reference Processing 0.336ms
[5.246s][debug][gc,phases      ] GC(6)   VM Weak                        Min:  0.0, Avg:  0.0, Max:  0.0, Diff:  0.0, Sum:  0.0, Workers: 4
[5.246s][debug][gc,phases      ] GC(6)     Dead                           Min: 0, Avg:  0.0, Max: 0, Diff: 0, Sum: 0, Workers: 4
[5.246s][debug][gc,phases      ] GC(6)     Total                          Min: 0, Avg: 105.5, Max: 233, Diff: 233, Sum: 422, Workers: 4
[5.246s][debug][gc,phases      ] GC(6)   ObjectSynchronizer Weak        Min:  0.0, Avg:  0.0, Max:  0.0, Diff:  0.0, Sum:  0.0, Workers: 4
[5.246s][debug][gc,phases      ] GC(6)     Dead                           Min: 0, Avg:  0.0, Max: 0, Diff: 0, Sum: 0, Workers: 4
[5.246s][debug][gc,phases      ] GC(6)     Total                          Min: 0, Avg: 75.0, Max: 192, Diff: 192, Sum: 300, Workers: 4
[5.246s][debug][gc,phases      ] GC(6)   JVMTI Tag Weak OopStorage      Min:  0.0, Avg:  0.0, Max:  0.0, Diff:  0.0, Sum:  0.0, Workers: 4
[5.246s][debug][gc,phases      ] GC(6)     Dead                           Min: 0, Avg:  0.0, Max: 0, Diff: 0, Sum: 0, Workers: 4
[5.246s][debug][gc,phases      ] GC(6)     Total                          Min: 0, Avg:  0.0, Max: 0, Diff: 0, Sum: 0, Workers: 4
[5.246s][debug][gc,phases      ] GC(6)   StringTable Weak               Min:  0.3, Avg:  0.3, Max:  0.3, Diff:  0.0, Sum:  1.4, Workers: 4
[5.246s][debug][gc,phases      ] GC(6)     Dead                           Min: 0, Avg:  0.0, Max: 0, Diff: 0, Sum: 0, Workers: 4
[5.246s][debug][gc,phases      ] GC(6)     Total                          Min: 7219, Avg: 9564.8, Max: 11584, Diff: 4365, Sum: 38259, Workers: 4
[5.246s][debug][gc,phases      ] GC(6)   ResolvedMethodTable Weak       Min:  0.0, Avg:  0.0, Max:  0.0, Diff:  0.0, Sum:  0.2, Workers: 4
[5.246s][debug][gc,phases      ] GC(6)     Dead                           Min: 0, Avg:  0.0, Max: 0, Diff: 0, Sum: 0, Workers: 4
[5.246s][debug][gc,phases      ] GC(6)     Total                          Min: 851, Avg: 1189.8, Max: 1766, Diff: 915, Sum: 4759, Workers: 4
[5.246s][debug][gc,phases      ] GC(6)   JNI Weak                       Min:  0.0, Avg:  0.0, Max:  0.0, Diff:  0.0, Sum:  0.0, Workers: 4
[5.246s][debug][gc,phases      ] GC(6)     Dead                           Min: 0, Avg:  0.0, Max: 0, Diff: 0, Sum: 0, Workers: 4
[5.246s][debug][gc,phases      ] GC(6)     Total                          Min: 0, Avg:  1.8, Max: 7, Diff: 7, Sum: 7, Workers: 4
[5.246s][debug][gc,phases      ] GC(6)   StringDedup Table Weak         Min:  0.0, Avg:  0.0, Max:  0.0, Diff:  0.0, Sum:  0.0, Workers: 4
[5.246s][debug][gc,phases      ] GC(6)     Dead                           Min: 0, Avg:  0.0, Max: 0, Diff: 0, Sum: 0, Workers: 4
[5.246s][debug][gc,phases      ] GC(6)     Total                          Min: 0, Avg:  0.0, Max: 0, Diff: 0, Sum: 0, Workers: 4
[5.246s][debug][gc,phases      ] GC(6)   StringDedup Requests0 Weak     Min:  0.0, Avg:  0.0, Max:  0.0, Diff:  0.0, Sum:  0.0, Workers: 4
[5.246s][debug][gc,phases      ] GC(6)     Dead                           Min: 0, Avg:  0.0, Max: 0, Diff: 0, Sum: 0, Workers: 4
[5.246s][debug][gc,phases      ] GC(6)     Total                          Min: 0, Avg:  0.0, Max: 0, Diff: 0, Sum: 0, Workers: 4
[5.246s][debug][gc,phases      ] GC(6)   StringDedup Requests1 Weak     Min:  0.0, Avg:  0.0, Max:  0.0, Diff:  0.0, Sum:  0.0, Workers: 4
[5.246s][debug][gc,phases      ] GC(6)     Dead                           Min: 0, Avg:  0.0, Max: 0, Diff: 0, Sum: 0, Workers: 4
[5.246s][debug][gc,phases      ] GC(6)     Total                          Min: 0, Avg:  0.0, Max: 0, Diff: 0, Sum: 0, Workers: 4
[5.246s][debug][gc,phases      ] GC(6)   Weak JFR Old Object Samples    Min:  0.0, Avg:  0.0, Max:  0.0, Diff:  0.0, Sum:  0.0, Workers: 4
[5.246s][debug][gc,phases      ] GC(6)     Dead                           Min: 0, Avg:  0.0, Max: 0, Diff: 0, Sum: 0, Workers: 4
[5.246s][debug][gc,phases      ] GC(6)     Total                          Min: 0, Avg:  0.0, Max: 0, Diff: 0, Sum: 0, Workers: 4
[5.246s][debug][gc,phases      ] GC(6) Weak Processing 0.573ms
[5.246s][debug][gc,age         ] GC(6) Desired survivor size 536870912 bytes, new threshold 7 (max threshold 15)
[5.246s][info ][gc,heap        ] GC(6) PSYoungGen: 1225210K(1572864K)->179906K(1572864K) Eden: 1048576K(1048576K)->0K(1048576K) From: 176634K(524288K)->179906K(524288K)
[5.246s][info ][gc,heap        ] GC(6) ParOldGen: 6163K(18944K)->6171K(18944K)
[5.246s][info ][gc,metaspace   ] GC(6) Metaspace: 53634K(54272K)->53634K(54272K) NonClass: 45710K(46080K)->45710K(46080K) Class: 7923K(8192K)->7923K(8192K)
[5.246s][info ][gc             ] GC(6) Pause Young (Allocation Failure) 1202M->181M(1554M) 90.549ms
[5.246s][info ][gc,cpu         ] GC(6) User=0.32s Sys=0.04s Real=0.09s
[5.246s][info ][safepoint      ] Safepoint "ParallelGCFailedAllocation", Time since last: 174716752 ns, Reaching safepoint: 158809 ns, At safepoint: 90652104 ns, Total: 90810913 ns
[5.377s][info ][safepoint      ] Safepoint "ICBufferFull", Time since last: 130841879 ns, Reaching safepoint: 184010 ns, At safepoint: 22901 ns, Total: 206911 ns
[5.418s][info ][safepoint      ] Safepoint "ICBufferFull", Time since last: 41015919 ns, Reaching safepoint: 145608 ns, At safepoint: 24702 ns, Total: 170310 ns
[5.443s][info ][safepoint      ] Safepoint "ICBufferFull", Time since last: 24938649 ns, Reaching safepoint: 138707 ns, At safepoint: 23002 ns, Total: 161709 ns
[5.479s][info ][safepoint      ] Safepoint "ICBufferFull", Time since last: 35643128 ns, Reaching safepoint: 298116 ns, At safepoint: 30702 ns, Total: 328818 ns
[5.487s][info ][safepoint      ] Safepoint "ICBufferFull", Time since last: 5650206 ns, Reaching safepoint: 2172617 ns, At safepoint: 33102 ns, Total: 2205719 ns
[5.503s][info ][safepoint      ] Safepoint "ICBufferFull", Time since last: 15346230 ns, Reaching safepoint: 128107 ns, At safepoint: 34102 ns, Total: 162209 ns
[5.515s][info ][safepoint      ] Safepoint "ICBufferFull", Time since last: 12768091 ns, Reaching safepoint: 132407 ns, At safepoint: 26101 ns, Total: 158508 ns
[5.540s][info ][safepoint      ] Safepoint "ICBufferFull", Time since last: 24252112 ns, Reaching safepoint: 124507 ns, At safepoint: 28602 ns, Total: 153109 ns
[5.548s][info ][safepoint      ] Safepoint "ICBufferFull", Time since last: 8325950 ns, Reaching safepoint: 114306 ns, At safepoint: 30702 ns, Total: 145008 ns
[5.571s][info ][safepoint      ] Safepoint "ICBufferFull", Time since last: 20289898 ns, Reaching safepoint: 2137415 ns, At safepoint: 27002 ns, Total: 2164417 ns
[5.578s][info ][safepoint      ] Safepoint "ICBufferFull", Time since last: 7267793 ns, Reaching safepoint: 152908 ns, At safepoint: 24102 ns, Total: 177010 ns
[5.594s][info ][safepoint      ] Safepoint "ICBufferFull", Time since last: 15483437 ns, Reaching safepoint: 117307 ns, At safepoint: 23001 ns, Total: 140308 ns
[5.626s][info ][safepoint      ] Safepoint "ICBufferFull", Time since last: 29289084 ns, Reaching safepoint: 3237876 ns, At safepoint: 32601 ns, Total: 3270477 ns
[5.639s][info ][safepoint      ] Safepoint "ICBufferFull", Time since last: 12811293 ns, Reaching safepoint: 123107 ns, At safepoint: 26402 ns, Total: 149509 ns
[5.658s][info ][safepoint      ] Safepoint "ICBufferFull", Time since last: 18665109 ns, Reaching safepoint: 138408 ns, At safepoint: 24101 ns, Total: 162509 ns
[5.666s][info ][safepoint      ] Safepoint "ICBufferFull", Time since last: 7885727 ns, Reaching safepoint: 130107 ns, At safepoint: 22301 ns, Total: 152408 ns
[5.690s][info ][safepoint      ] Safepoint "ICBufferFull", Time since last: 23798188 ns, Reaching safepoint: 119306 ns, At safepoint: 25001 ns, Total: 144307 ns
[5.696s][info ][safepoint      ] Safepoint "ICBufferFull", Time since last: 5236784 ns, Reaching safepoint: 133007 ns, At safepoint: 21801 ns, Total: 154808 ns
[5.700s][info ][safepoint      ] Safepoint "ICBufferFull", Time since last: 4569447 ns, Reaching safepoint: 123107 ns, At safepoint: 22801 ns, Total: 145908 ns
[5.718s][info ][safepoint      ] Safepoint "ICBufferFull", Time since last: 17748760 ns, Reaching safepoint: 138108 ns, At safepoint: 26901 ns, Total: 165009 ns
[5.722s][info ][safepoint      ] Safepoint "ICBufferFull", Time since last: 3337381 ns, Reaching safepoint: 123107 ns, At safepoint: 25401 ns, Total: 148508 ns
[5.724s][info ][safepoint      ] Safepoint "ICBufferFull", Time since last: 2574139 ns, Reaching safepoint: 110006 ns, At safepoint: 20901 ns, Total: 130907 ns
[5.731s][info ][safepoint      ] Safepoint "ICBufferFull", Time since last: 2497335 ns, Reaching safepoint: 4234830 ns, At safepoint: 28901 ns, Total: 4263731 ns
[5.741s][info ][safepoint      ] Safepoint "ICBufferFull", Time since last: 9580218 ns, Reaching safepoint: 113407 ns, At safepoint: 26101 ns, Total: 139508 ns
[5.744s][info ][safepoint      ] Safepoint "ICBufferFull", Time since last: 2709247 ns, Reaching safepoint: 96805 ns, At safepoint: 27401 ns, Total: 124206 ns
[5.755s][info ][safepoint      ] Safepoint "ICBufferFull", Time since last: 11165904 ns, Reaching safepoint: 101106 ns, At safepoint: 25701 ns, Total: 126807 ns
[5.763s][info ][safepoint      ] Safepoint "ICBufferFull", Time since last: 3496989 ns, Reaching safepoint: 4199428 ns, At safepoint: 24901 ns, Total: 4224329 ns
[5.768s][info ][safepoint      ] Safepoint "ICBufferFull", Time since last: 5554901 ns, Reaching safepoint: 96905 ns, At safepoint: 27301 ns, Total: 124206 ns
[5.772s][info ][gc,start       ] GC(7) Pause Young (Allocation Failure)
[5.849s][debug][gc,phases      ] GC(7) Scavenge 76.739ms
[5.849s][debug][gc,ref         ] GC(7) Skipped phase 1 of Reference Processing: no references
[5.849s][debug][gc,ref         ] GC(7) ReferenceProcessor::execute queues: 4, RefProcThreadModel::Multi, marks_oops_alive: false
[5.850s][debug][gc,ref         ] GC(7) Skipped phase 3 of Reference Processing: no references
[5.850s][debug][gc,ref         ] GC(7) ReferenceProcessor::execute queues: 1, RefProcThreadModel::Single, marks_oops_alive: false
[5.850s][debug][gc,phases      ] GC(7) Reference Processing 0.366ms
[5.850s][debug][gc,phases      ] GC(7)   VM Weak                        Min:  0.0, Avg:  0.0, Max:  0.0, Diff:  0.0, Sum:  0.0, Workers: 4
[5.850s][debug][gc,phases      ] GC(7)     Dead                           Min: 0, Avg:  0.0, Max: 0, Diff: 0, Sum: 0, Workers: 4
[5.850s][debug][gc,phases      ] GC(7)     Total                          Min: 0, Avg: 109.2, Max: 320, Diff: 320, Sum: 437, Workers: 4
[5.850s][debug][gc,phases      ] GC(7)   ObjectSynchronizer Weak        Min:  0.0, Avg:  0.0, Max:  0.0, Diff:  0.0, Sum:  0.0, Workers: 4
[5.850s][debug][gc,phases      ] GC(7)     Dead                           Min: 0, Avg:  0.0, Max: 0, Diff: 0, Sum: 0, Workers: 4
[5.850s][debug][gc,phases      ] GC(7)     Total                          Min: 0, Avg: 75.0, Max: 128, Diff: 128, Sum: 300, Workers: 4
[5.850s][debug][gc,phases      ] GC(7)   JVMTI Tag Weak OopStorage      Min:  0.0, Avg:  0.0, Max:  0.0, Diff:  0.0, Sum:  0.0, Workers: 4
[5.850s][debug][gc,phases      ] GC(7)     Dead                           Min: 0, Avg:  0.0, Max: 0, Diff: 0, Sum: 0, Workers: 4
[5.850s][debug][gc,phases      ] GC(7)     Total                          Min: 0, Avg:  0.0, Max: 0, Diff: 0, Sum: 0, Workers: 4
[5.850s][debug][gc,phases      ] GC(7)   StringTable Weak               Min:  0.6, Avg:  0.6, Max:  0.6, Diff:  0.0, Sum:  2.4, Workers: 4
[5.850s][debug][gc,phases      ] GC(7)     Dead                           Min: 0, Avg:  3.5, Max: 13, Diff: 13, Sum: 14, Workers: 4
[5.850s][debug][gc,phases      ] GC(7)     Total                          Min: 8832, Avg: 9606.0, Max: 10520, Diff: 1688, Sum: 38424, Workers: 4
[5.850s][debug][gc,phases      ] GC(7)   ResolvedMethodTable Weak       Min:  0.1, Avg:  0.1, Max:  0.1, Diff:  0.0, Sum:  0.2, Workers: 4
[5.850s][debug][gc,phases      ] GC(7)     Dead                           Min: 0, Avg:  0.0, Max: 0, Diff: 0, Sum: 0, Workers: 4
[5.850s][debug][gc,phases      ] GC(7)     Total                          Min: 1024, Avg: 1229.2, Max: 1781, Diff: 757, Sum: 4917, Workers: 4
[5.850s][debug][gc,phases      ] GC(7)   JNI Weak                       Min:  0.0, Avg:  0.0, Max:  0.0, Diff:  0.0, Sum:  0.0, Workers: 4
[5.850s][debug][gc,phases      ] GC(7)     Dead                           Min: 0, Avg:  0.0, Max: 0, Diff: 0, Sum: 0, Workers: 4
[5.850s][debug][gc,phases      ] GC(7)     Total                          Min: 0, Avg:  0.0, Max: 0, Diff: 0, Sum: 0, Workers: 4
[5.850s][debug][gc,phases      ] GC(7)   StringDedup Table Weak         Min:  0.0, Avg:  0.0, Max:  0.0, Diff:  0.0, Sum:  0.0, Workers: 4
[5.850s][debug][gc,phases      ] GC(7)     Dead                           Min: 0, Avg:  0.0, Max: 0, Diff: 0, Sum: 0, Workers: 4
[5.851s][debug][gc,phases      ] GC(7)     Total                          Min: 0, Avg:  0.0, Max: 0, Diff: 0, Sum: 0, Workers: 4
[5.851s][debug][gc,phases      ] GC(7)   StringDedup Requests0 Weak     Min:  0.0, Avg:  0.0, Max:  0.0, Diff:  0.0, Sum:  0.0, Workers: 4
[5.851s][debug][gc,phases      ] GC(7)     Dead                           Min: 0, Avg:  0.0, Max: 0, Diff: 0, Sum: 0, Workers: 4
[5.851s][debug][gc,phases      ] GC(7)     Total                          Min: 0, Avg:  0.0, Max: 0, Diff: 0, Sum: 0, Workers: 4
[5.851s][debug][gc,phases      ] GC(7)   StringDedup Requests1 Weak     Min:  0.0, Avg:  0.0, Max:  0.0, Diff:  0.0, Sum:  0.0, Workers: 4
[5.851s][debug][gc,phases      ] GC(7)     Dead                           Min: 0, Avg:  0.0, Max: 0, Diff: 0, Sum: 0, Workers: 4
[5.851s][debug][gc,phases      ] GC(7)     Total                          Min: 0, Avg:  0.0, Max: 0, Diff: 0, Sum: 0, Workers: 4
[5.851s][debug][gc,phases      ] GC(7)   Weak JFR Old Object Samples    Min:  0.0, Avg:  0.0, Max:  0.0, Diff:  0.0, Sum:  0.0, Workers: 4
[5.851s][debug][gc,phases      ] GC(7)     Dead                           Min: 0, Avg:  0.0, Max: 0, Diff: 0, Sum: 0, Workers: 4
[5.851s][debug][gc,phases      ] GC(7)     Total                          Min: 0, Avg:  0.0, Max: 0, Diff: 0, Sum: 0, Workers: 4
[5.851s][debug][gc,phases      ] GC(7) Weak Processing 0.941ms
[5.851s][debug][gc,age         ] GC(7) Desired survivor size 276824064 bytes, new threshold 8 (max threshold 15)
[5.851s][info ][gc,heap        ] GC(7) PSYoungGen: 1228482K(1572864K)->182778K(1826816K) Eden: 1048576K(1048576K)->0K(1302528K) From: 179906K(524288K)->182778K(524288K)
[5.851s][info ][gc,heap        ] GC(7) ParOldGen: 6171K(18944K)->6179K(18944K)
[5.851s][info ][gc,metaspace   ] GC(7) Metaspace: 54160K(54720K)->54160K(54720K) NonClass: 46153K(46464K)->46153K(46464K) Class: 8006K(8256K)->8006K(8256K)
[5.851s][info ][gc             ] GC(7) Pause Young (Allocation Failure) 1205M->184M(1802M) 78.199ms
[5.851s][info ][gc,cpu         ] GC(7) User=0.29s Sys=0.02s Real=0.08s
[5.851s][info ][safepoint      ] Safepoint "ParallelGCFailedAllocation", Time since last: 3891311 ns, Reaching safepoint: 116306 ns, At safepoint: 78316737 ns, Total: 78433043 ns
[5.854s][info ][safepoint      ] Safepoint "ICBufferFull", Time since last: 2919858 ns, Reaching safepoint: 114406 ns, At safepoint: 29102 ns, Total: 143508 ns
[5.858s][info ][safepoint      ] Safepoint "ICBufferFull", Time since last: 3934713 ns, Reaching safepoint: 367220 ns, At safepoint: 32701 ns, Total: 399921 ns
[5.864s][info ][safepoint      ] Safepoint "ICBufferFull", Time since last: 5706009 ns, Reaching safepoint: 248714 ns, At safepoint: 27801 ns, Total: 276515 ns
[5.879s][info ][safepoint      ] Safepoint "ICBufferFull", Time since last: 12807193 ns, Reaching safepoint: 2148116 ns, At safepoint: 29102 ns, Total: 2177218 ns
[5.944s][info ][safepoint      ] Safepoint "ICBufferFull", Time since last: 65043619 ns, Reaching safepoint: 211411 ns, At safepoint: 24302 ns, Total: 235713 ns
[5.976s][info ][safepoint      ] Safepoint "ICBufferFull", Time since last: 31428200 ns, Reaching safepoint: 146708 ns, At safepoint: 26501 ns, Total: 173209 ns
[6.017s][info ][safepoint      ] Safepoint "ICBufferFull", Time since last: 41220030 ns, Reaching safepoint: 143608 ns, At safepoint: 35102 ns, Total: 178710 ns
[6.122s][info ][safepoint      ] Safepoint "ICBufferFull", Time since last: 103781915 ns, Reaching safepoint: 991854 ns, At safepoint: 23301 ns, Total: 1015155 ns
[6.189s][info ][gc,start       ] GC(8) Pause Young (Allocation Failure)
[6.289s][debug][gc,phases      ] GC(8) Scavenge 100.632ms
[6.289s][debug][gc,ref         ] GC(8) Skipped phase 1 of Reference Processing: no references
[6.290s][debug][gc,ref         ] GC(8) ReferenceProcessor::execute queues: 4, RefProcThreadModel::Multi, marks_oops_alive: false
[6.290s][debug][gc,ref         ] GC(8) Skipped phase 3 of Reference Processing: no references
[6.290s][debug][gc,ref         ] GC(8) ReferenceProcessor::execute queues: 1, RefProcThreadModel::Single, marks_oops_alive: false
[6.290s][debug][gc,phases      ] GC(8) Reference Processing 0.382ms
[6.290s][debug][gc,phases      ] GC(8)   VM Weak                        Min:  0.0, Avg:  0.0, Max:  0.0, Diff:  0.0, Sum:  0.0, Workers: 4
[6.290s][debug][gc,phases      ] GC(8)     Dead                           Min: 0, Avg:  0.0, Max: 0, Diff: 0, Sum: 0, Workers: 4
[6.290s][debug][gc,phases      ] GC(8)     Total                          Min: 0, Avg: 118.2, Max: 384, Diff: 384, Sum: 473, Workers: 4
[6.290s][debug][gc,phases      ] GC(8)   ObjectSynchronizer Weak        Min:  0.0, Avg:  0.0, Max:  0.0, Diff:  0.0, Sum:  0.0, Workers: 4
[6.290s][debug][gc,phases      ] GC(8)     Dead                           Min: 0, Avg:  0.0, Max: 0, Diff: 0, Sum: 0, Workers: 4
[6.290s][debug][gc,phases      ] GC(8)     Total                          Min: 0, Avg: 75.0, Max: 128, Diff: 128, Sum: 300, Workers: 4
[6.290s][debug][gc,phases      ] GC(8)   JVMTI Tag Weak OopStorage      Min:  0.0, Avg:  0.0, Max:  0.0, Diff:  0.0, Sum:  0.0, Workers: 4
[6.290s][debug][gc,phases      ] GC(8)     Dead                           Min: 0, Avg:  0.0, Max: 0, Diff: 0, Sum: 0, Workers: 4
[6.290s][debug][gc,phases      ] GC(8)     Total                          Min: 0, Avg:  0.0, Max: 0, Diff: 0, Sum: 0, Workers: 4
[6.290s][debug][gc,phases      ] GC(8)   StringTable Weak               Min:  0.4, Avg:  0.4, Max:  0.4, Diff:  0.0, Sum:  1.7, Workers: 4
[6.290s][debug][gc,phases      ] GC(8)     Dead                           Min: 0, Avg:  0.8, Max: 2, Diff: 2, Sum: 3, Workers: 4
[6.290s][debug][gc,phases      ] GC(8)     Total                          Min: 8448, Avg: 9621.2, Max: 11584, Diff: 3136, Sum: 38485, Workers: 4
[6.290s][debug][gc,phases      ] GC(8)   ResolvedMethodTable Weak       Min:  0.0, Avg:  0.1, Max:  0.1, Diff:  0.0, Sum:  0.2, Workers: 4
[6.290s][debug][gc,phases      ] GC(8)     Dead                           Min: 0, Avg:  3.5, Max: 14, Diff: 14, Sum: 14, Workers: 4
[6.290s][debug][gc,phases      ] GC(8)     Total                          Min: 960, Avg: 1262.5, Max: 1850, Diff: 890, Sum: 5050, Workers: 4
[6.290s][debug][gc,phases      ] GC(8)   JNI Weak                       Min:  0.0, Avg:  0.0, Max:  0.0, Diff:  0.0, Sum:  0.0, Workers: 4
[6.290s][debug][gc,phases      ] GC(8)     Dead                           Min: 0, Avg:  0.0, Max: 0, Diff: 0, Sum: 0, Workers: 4
[6.290s][debug][gc,phases      ] GC(8)     Total                          Min: 0, Avg:  1.5, Max: 6, Diff: 6, Sum: 6, Workers: 4
[6.290s][debug][gc,phases      ] GC(8)   StringDedup Table Weak         Min:  0.0, Avg:  0.0, Max:  0.0, Diff:  0.0, Sum:  0.0, Workers: 4
[6.290s][debug][gc,phases      ] GC(8)     Dead                           Min: 0, Avg:  0.0, Max: 0, Diff: 0, Sum: 0, Workers: 4
[6.290s][debug][gc,phases      ] GC(8)     Total                          Min: 0, Avg:  0.0, Max: 0, Diff: 0, Sum: 0, Workers: 4
[6.290s][debug][gc,phases      ] GC(8)   StringDedup Requests0 Weak     Min:  0.0, Avg:  0.0, Max:  0.0, Diff:  0.0, Sum:  0.0, Workers: 4
[6.290s][debug][gc,phases      ] GC(8)     Dead                           Min: 0, Avg:  0.0, Max: 0, Diff: 0, Sum: 0, Workers: 4
[6.290s][debug][gc,phases      ] GC(8)     Total                          Min: 0, Avg:  0.0, Max: 0, Diff: 0, Sum: 0, Workers: 4
[6.290s][debug][gc,phases      ] GC(8)   StringDedup Requests1 Weak     Min:  0.0, Avg:  0.0, Max:  0.0, Diff:  0.0, Sum:  0.0, Workers: 4
[6.290s][debug][gc,phases      ] GC(8)     Dead                           Min: 0, Avg:  0.0, Max: 0, Diff: 0, Sum: 0, Workers: 4
[6.290s][debug][gc,phases      ] GC(8)     Total                          Min: 0, Avg:  0.0, Max: 0, Diff: 0, Sum: 0, Workers: 4
[6.290s][debug][gc,phases      ] GC(8)   Weak JFR Old Object Samples    Min:  0.0, Avg:  0.0, Max:  0.0, Diff:  0.0, Sum:  0.0, Workers: 4
[6.290s][debug][gc,phases      ] GC(8)     Dead                           Min: 0, Avg:  0.0, Max: 0, Diff: 0, Sum: 0, Workers: 4
[6.290s][debug][gc,phases      ] GC(8)     Total                          Min: 0, Avg:  0.0, Max: 0, Diff: 0, Sum: 0, Workers: 4
[6.290s][debug][gc,phases      ] GC(8) Weak Processing 0.657ms
[6.290s][debug][gc,age         ] GC(8) Desired survivor size 286261248 bytes, new threshold 9 (max threshold 15)
[6.290s][info ][gc,heap        ] GC(8) PSYoungGen: 1485306K(1826816K)->180594K(1572864K) Eden: 1302528K(1302528K)->0K(1302528K) From: 182778K(524288K)->180594K(270336K)
[6.290s][info ][gc,heap        ] GC(8) ParOldGen: 6179K(18944K)->6187K(18944K)
[6.290s][info ][gc,metaspace   ] GC(8) Metaspace: 54607K(55168K)->54607K(55168K) NonClass: 46526K(46848K)->46526K(46848K) Class: 8080K(8320K)->8080K(8320K)
[6.290s][info ][gc             ] GC(8) Pause Young (Allocation Failure) 1456M->182M(1554M) 101.815ms
[6.291s][info ][gc,cpu         ] GC(8) User=0.43s Sys=0.07s Real=0.10s
[6.291s][info ][safepoint      ] Safepoint "ParallelGCFailedAllocation", Time since last: 66317488 ns, Reaching safepoint: 156208 ns, At safepoint: 101920614 ns, Total: 102076822 ns
[6.715s][info ][gc,start       ] GC(9) Pause Young (Allocation Failure)
[6.819s][debug][gc,phases      ] GC(9) Scavenge 104.308ms
[6.819s][debug][gc,ref         ] GC(9) Skipped phase 1 of Reference Processing: no references
[6.819s][debug][gc,ref         ] GC(9) ReferenceProcessor::execute queues: 4, RefProcThreadModel::Multi, marks_oops_alive: false
[6.820s][debug][gc,ref         ] GC(9) Skipped phase 3 of Reference Processing: no references
[6.820s][debug][gc,ref         ] GC(9) ReferenceProcessor::execute queues: 1, RefProcThreadModel::Single, marks_oops_alive: false
[6.820s][debug][gc,phases      ] GC(9) Reference Processing 0.437ms
[6.820s][debug][gc,phases      ] GC(9)   VM Weak                        Min:  0.0, Avg:  0.0, Max:  0.0, Diff:  0.0, Sum:  0.0, Workers: 4
[6.820s][debug][gc,phases      ] GC(9)     Dead                           Min: 0, Avg:  0.0, Max: 0, Diff: 0, Sum: 0, Workers: 4
[6.820s][debug][gc,phases      ] GC(9)     Total                          Min: 62, Avg: 127.5, Max: 256, Diff: 194, Sum: 510, Workers: 4
[6.820s][debug][gc,phases      ] GC(9)   ObjectSynchronizer Weak        Min:  0.0, Avg:  0.0, Max:  0.0, Diff:  0.0, Sum:  0.0, Workers: 4
[6.820s][debug][gc,phases      ] GC(9)     Dead                           Min: 0, Avg:  0.0, Max: 0, Diff: 0, Sum: 0, Workers: 4
[6.820s][debug][gc,phases      ] GC(9)     Total                          Min: 0, Avg: 75.0, Max: 128, Diff: 128, Sum: 300, Workers: 4
[6.820s][debug][gc,phases      ] GC(9)   JVMTI Tag Weak OopStorage      Min:  0.0, Avg:  0.0, Max:  0.0, Diff:  0.0, Sum:  0.0, Workers: 4
[6.820s][debug][gc,phases      ] GC(9)     Dead                           Min: 0, Avg:  0.0, Max: 0, Diff: 0, Sum: 0, Workers: 4
[6.820s][debug][gc,phases      ] GC(9)     Total                          Min: 0, Avg:  0.0, Max: 0, Diff: 0, Sum: 0, Workers: 4
[6.820s][debug][gc,phases      ] GC(9)   StringTable Weak               Min:  0.4, Avg:  0.4, Max:  0.4, Diff:  0.0, Sum:  1.7, Workers: 4
[6.820s][debug][gc,phases      ] GC(9)     Dead                           Min: 0, Avg:  4.5, Max: 16, Diff: 16, Sum: 18, Workers: 4
[6.820s][debug][gc,phases      ] GC(9)     Total                          Min: 9408, Avg: 9822.2, Max: 10560, Diff: 1152, Sum: 39289, Workers: 4
[6.820s][debug][gc,phases      ] GC(9)   ResolvedMethodTable Weak       Min:  0.1, Avg:  0.1, Max:  0.1, Diff:  0.0, Sum:  0.3, Workers: 4
[6.820s][debug][gc,phases      ] GC(9)     Dead                           Min: 1, Avg:  9.0, Max: 25, Diff: 24, Sum: 36, Workers: 4
[6.820s][debug][gc,phases      ] GC(9)     Total                          Min: 1379, Avg: 1448.8, Max: 1600, Diff: 221, Sum: 5795, Workers: 4
[6.820s][debug][gc,phases      ] GC(9)   JNI Weak                       Min:  0.0, Avg:  0.0, Max:  0.0, Diff:  0.0, Sum:  0.0, Workers: 4
[6.820s][debug][gc,phases      ] GC(9)     Dead                           Min: 0, Avg:  0.0, Max: 0, Diff: 0, Sum: 0, Workers: 4
[6.820s][debug][gc,phases      ] GC(9)     Total                          Min: 0, Avg:  0.0, Max: 0, Diff: 0, Sum: 0, Workers: 4
[6.820s][debug][gc,phases      ] GC(9)   StringDedup Table Weak         Min:  0.0, Avg:  0.0, Max:  0.0, Diff:  0.0, Sum:  0.0, Workers: 4
[6.820s][debug][gc,phases      ] GC(9)     Dead                           Min: 0, Avg:  0.0, Max: 0, Diff: 0, Sum: 0, Workers: 4
[6.820s][debug][gc,phases      ] GC(9)     Total                          Min: 0, Avg:  0.0, Max: 0, Diff: 0, Sum: 0, Workers: 4
[6.820s][debug][gc,phases      ] GC(9)   StringDedup Requests0 Weak     Min:  0.0, Avg:  0.0, Max:  0.0, Diff:  0.0, Sum:  0.0, Workers: 4
[6.820s][debug][gc,phases      ] GC(9)     Dead                           Min: 0, Avg:  0.0, Max: 0, Diff: 0, Sum: 0, Workers: 4
[6.820s][debug][gc,phases      ] GC(9)     Total                          Min: 0, Avg:  0.0, Max: 0, Diff: 0, Sum: 0, Workers: 4
[6.820s][debug][gc,phases      ] GC(9)   StringDedup Requests1 Weak     Min:  0.0, Avg:  0.0, Max:  0.0, Diff:  0.0, Sum:  0.0, Workers: 4
[6.820s][debug][gc,phases      ] GC(9)     Dead                           Min: 0, Avg:  0.0, Max: 0, Diff: 0, Sum: 0, Workers: 4
[6.820s][debug][gc,phases      ] GC(9)     Total                          Min: 0, Avg:  0.0, Max: 0, Diff: 0, Sum: 0, Workers: 4
[6.820s][debug][gc,phases      ] GC(9)   Weak JFR Old Object Samples    Min:  0.0, Avg:  0.0, Max:  0.0, Diff:  0.0, Sum:  0.0, Workers: 4
[6.820s][debug][gc,phases      ] GC(9)     Dead                           Min: 0, Avg:  0.0, Max: 0, Diff: 0, Sum: 0, Workers: 4
[6.820s][debug][gc,phases      ] GC(9)     Total                          Min: 0, Avg:  0.0, Max: 0, Diff: 0, Sum: 0, Workers: 4
[6.820s][debug][gc,phases      ] GC(9) Weak Processing 0.755ms
[6.820s][debug][gc,age         ] GC(9) Desired survivor size 291504128 bytes, new threshold 10 (max threshold 15)
[6.820s][info ][gc,heap        ] GC(9) PSYoungGen: 1483122K(1572864K)->183541K(1807360K) Eden: 1302528K(1302528K)->0K(1527808K) From: 180594K(270336K)->183541K(279552K)
[6.820s][info ][gc,heap        ] GC(9) ParOldGen: 6187K(18944K)->6195K(18944K)
[6.821s][info ][gc,metaspace   ] GC(9) Metaspace: 57045K(57664K)->57045K(57664K) NonClass: 48500K(48832K)->48500K(48832K) Class: 8544K(8832K)->8544K(8832K)
[6.821s][info ][gc             ] GC(9) Pause Young (Allocation Failure) 1454M->185M(1783M) 105.652ms
[6.821s][info ][gc,cpu         ] GC(9) User=0.37s Sys=0.05s Real=0.11s
[6.821s][info ][safepoint      ] Safepoint "ParallelGCFailedAllocation", Time since last: 417723300 ns, Reaching safepoint: 6540154 ns, At safepoint: 105782723 ns, Total: 112322877 ns
[7.111s][info ][gc,start       ] GC(10) Pause Young (Allocation Failure)
[7.194s][debug][gc,phases      ] GC(10) Scavenge 82.126ms
[7.194s][debug][gc,ref         ] GC(10) Skipped phase 1 of Reference Processing: no references
[7.194s][debug][gc,ref         ] GC(10) ReferenceProcessor::execute queues: 4, RefProcThreadModel::Multi, marks_oops_alive: false
[7.194s][debug][gc,ref         ] GC(10) Skipped phase 3 of Reference Processing: no references
[7.194s][debug][gc,ref         ] GC(10) ReferenceProcessor::execute queues: 1, RefProcThreadModel::Single, marks_oops_alive: false
[7.194s][debug][gc,phases      ] GC(10) Reference Processing 0.393ms
[7.194s][debug][gc,phases      ] GC(10)   VM Weak                        Min:  0.0, Avg:  0.0, Max:  0.0, Diff:  0.0, Sum:  0.0, Workers: 4
[7.194s][debug][gc,phases      ] GC(10)     Dead                           Min: 0, Avg:  0.0, Max: 0, Diff: 0, Sum: 0, Workers: 4
[7.195s][debug][gc,phases      ] GC(10)     Total                          Min: 0, Avg: 130.8, Max: 267, Diff: 267, Sum: 523, Workers: 4
[7.195s][debug][gc,phases      ] GC(10)   ObjectSynchronizer Weak        Min:  0.0, Avg:  0.0, Max:  0.0, Diff:  0.0, Sum:  0.0, Workers: 4
[7.195s][debug][gc,phases      ] GC(10)     Dead                           Min: 0, Avg:  0.2, Max: 1, Diff: 1, Sum: 1, Workers: 4
[7.195s][debug][gc,phases      ] GC(10)     Total                          Min: 0, Avg: 76.2, Max: 128, Diff: 128, Sum: 305, Workers: 4
[7.195s][debug][gc,phases      ] GC(10)   JVMTI Tag Weak OopStorage      Min:  0.0, Avg:  0.0, Max:  0.0, Diff:  0.0, Sum:  0.0, Workers: 4
[7.195s][debug][gc,phases      ] GC(10)     Dead                           Min: 0, Avg:  0.0, Max: 0, Diff: 0, Sum: 0, Workers: 4
[7.195s][debug][gc,phases      ] GC(10)     Total                          Min: 0, Avg:  0.0, Max: 0, Diff: 0, Sum: 0, Workers: 4
[7.195s][debug][gc,phases      ] GC(10)   StringTable Weak               Min:  0.4, Avg:  0.4, Max:  0.4, Diff:  0.0, Sum:  1.7, Workers: 4
[7.195s][debug][gc,phases      ] GC(10)     Dead                           Min: 1, Avg:  4.0, Max: 7, Diff: 6, Sum: 16, Workers: 4
[7.195s][debug][gc,phases      ] GC(10)     Total                          Min: 5952, Avg: 9920.0, Max: 13312, Diff: 7360, Sum: 39680, Workers: 4
[7.195s][debug][gc,phases      ] GC(10)   ResolvedMethodTable Weak       Min:  0.1, Avg:  0.1, Max:  0.1, Diff:  0.0, Sum:  0.2, Workers: 4
[7.195s][debug][gc,phases      ] GC(10)     Dead                           Min: 0, Avg:  6.8, Max: 24, Diff: 24, Sum: 27, Workers: 4
[7.195s][debug][gc,phases      ] GC(10)     Total                          Min: 1024, Avg: 1502.2, Max: 2041, Diff: 1017, Sum: 6009, Workers: 4
[7.195s][debug][gc,phases      ] GC(10)   JNI Weak                       Min:  0.0, Avg:  0.0, Max:  0.0, Diff:  0.0, Sum:  0.0, Workers: 4
[7.195s][debug][gc,phases      ] GC(10)     Dead                           Min: 0, Avg:  0.0, Max: 0, Diff: 0, Sum: 0, Workers: 4
[7.195s][debug][gc,phases      ] GC(10)     Total                          Min: 0, Avg:  2.5, Max: 10, Diff: 10, Sum: 10, Workers: 4
[7.195s][debug][gc,phases      ] GC(10)   StringDedup Table Weak         Min:  0.0, Avg:  0.0, Max:  0.0, Diff:  0.0, Sum:  0.0, Workers: 4
[7.195s][debug][gc,phases      ] GC(10)     Dead                           Min: 0, Avg:  0.0, Max: 0, Diff: 0, Sum: 0, Workers: 4
[7.195s][debug][gc,phases      ] GC(10)     Total                          Min: 0, Avg:  0.0, Max: 0, Diff: 0, Sum: 0, Workers: 4
[7.195s][debug][gc,phases      ] GC(10)   StringDedup Requests0 Weak     Min:  0.0, Avg:  0.0, Max:  0.0, Diff:  0.0, Sum:  0.0, Workers: 4
[7.195s][debug][gc,phases      ] GC(10)     Dead                           Min: 0, Avg:  0.0, Max: 0, Diff: 0, Sum: 0, Workers: 4
[7.195s][debug][gc,phases      ] GC(10)     Total                          Min: 0, Avg:  0.0, Max: 0, Diff: 0, Sum: 0, Workers: 4
[7.195s][debug][gc,phases      ] GC(10)   StringDedup Requests1 Weak     Min:  0.0, Avg:  0.0, Max:  0.0, Diff:  0.0, Sum:  0.0, Workers: 4
[7.195s][debug][gc,phases      ] GC(10)     Dead                           Min: 0, Avg:  0.0, Max: 0, Diff: 0, Sum: 0, Workers: 4
[7.195s][debug][gc,phases      ] GC(10)     Total                          Min: 0, Avg:  0.0, Max: 0, Diff: 0, Sum: 0, Workers: 4
[7.195s][debug][gc,phases      ] GC(10)   Weak JFR Old Object Samples    Min:  0.0, Avg:  0.0, Max:  0.0, Diff:  0.0, Sum:  0.0, Workers: 4
[7.195s][debug][gc,phases      ] GC(10)     Dead                           Min: 0, Avg:  0.0, Max: 0, Diff: 0, Sum: 0, Workers: 4
[7.195s][debug][gc,phases      ] GC(10)     Total                          Min: 0, Avg:  0.0, Max: 0, Diff: 0, Sum: 0, Workers: 4
[7.195s][debug][gc,phases      ] GC(10) Weak Processing 0.720ms
[7.195s][debug][gc,age         ] GC(10) Desired survivor size 294649856 bytes, new threshold 11 (max threshold 15)
[7.195s][info ][gc,heap        ] GC(10) PSYoungGen: 1711349K(1807360K)->186058K(1714176K) Eden: 1527808K(1527808K)->0K(1527808K) From: 183541K(279552K)->186058K(186368K)
[7.195s][info ][gc,heap        ] GC(10) ParOldGen: 6195K(18944K)->6203K(18944K)
[7.195s][info ][gc,metaspace   ] GC(10) Metaspace: 58199K(58880K)->58199K(58880K) NonClass: 49477K(49856K)->49477K(49856K) Class: 8721K(9024K)->8721K(9024K)
[7.195s][info ][gc             ] GC(10) Pause Young (Allocation Failure) 1677M->187M(1692M) 83.385ms
[7.195s][info ][gc,cpu         ] GC(10) User=0.34s Sys=0.03s Real=0.08s
[7.195s][info ][safepoint      ] Safepoint "ParallelGCFailedAllocation", Time since last: 290440514 ns, Reaching safepoint: 241413 ns, At safepoint: 83495317 ns, Total: 83736730 ns
[7.608s][info ][safepoint      ] Safepoint "ParallelGCFailedAllocation", Time since last: 412848837 ns, Reaching safepoint: 200210 ns, At safepoint: 39903 ns, Total: 240113 ns
[7.608s][info ][gc,start       ] GC(11) Pause Young (GCLocker Initiated GC)
[7.698s][debug][gc,phases      ] GC(11) Scavenge 89.386ms
[7.698s][debug][gc,ref         ] GC(11) Skipped phase 1 of Reference Processing: no references
[7.698s][debug][gc,ref         ] GC(11) ReferenceProcessor::execute queues: 4, RefProcThreadModel::Multi, marks_oops_alive: false
[7.698s][debug][gc,ref         ] GC(11) Skipped phase 3 of Reference Processing: no references
[7.698s][debug][gc,ref         ] GC(11) ReferenceProcessor::execute queues: 1, RefProcThreadModel::Single, marks_oops_alive: false
[7.698s][debug][gc,phases      ] GC(11) Reference Processing 0.384ms
[7.698s][debug][gc,phases      ] GC(11)   VM Weak                        Min:  0.0, Avg:  0.0, Max:  0.0, Diff:  0.0, Sum:  0.0, Workers: 4
[7.698s][debug][gc,phases      ] GC(11)     Dead                           Min: 0, Avg:  0.0, Max: 0, Diff: 0, Sum: 0, Workers: 4
[7.698s][debug][gc,phases      ] GC(11)     Total                          Min: 0, Avg: 131.5, Max: 256, Diff: 256, Sum: 526, Workers: 4
[7.698s][debug][gc,phases      ] GC(11)   ObjectSynchronizer Weak        Min:  0.0, Avg:  0.0, Max:  0.0, Diff:  0.0, Sum:  0.0, Workers: 4
[7.698s][debug][gc,phases      ] GC(11)     Dead                           Min: 0, Avg:  0.2, Max: 1, Diff: 1, Sum: 1, Workers: 4
[7.698s][debug][gc,phases      ] GC(11)     Total                          Min: 0, Avg: 81.2, Max: 128, Diff: 128, Sum: 325, Workers: 4
[7.698s][debug][gc,phases      ] GC(11)   JVMTI Tag Weak OopStorage      Min:  0.0, Avg:  0.0, Max:  0.0, Diff:  0.0, Sum:  0.0, Workers: 4
[7.698s][debug][gc,phases      ] GC(11)     Dead                           Min: 0, Avg:  0.0, Max: 0, Diff: 0, Sum: 0, Workers: 4
[7.699s][debug][gc,phases      ] GC(11)     Total                          Min: 0, Avg:  0.0, Max: 0, Diff: 0, Sum: 0, Workers: 4
[7.699s][debug][gc,phases      ] GC(11)   StringTable Weak               Min:  0.4, Avg:  0.4, Max:  0.4, Diff:  0.0, Sum:  1.6, Workers: 4
[7.699s][debug][gc,phases      ] GC(11)     Dead                           Min: 0, Avg:  3.8, Max: 12, Diff: 12, Sum: 15, Workers: 4
[7.699s][debug][gc,phases      ] GC(11)     Total                          Min: 8512, Avg: 9968.0, Max: 12160, Diff: 3648, Sum: 39872, Workers: 4
[7.699s][debug][gc,phases      ] GC(11)   ResolvedMethodTable Weak       Min:  0.1, Avg:  0.1, Max:  0.1, Diff:  0.0, Sum:  0.3, Workers: 4
[7.699s][debug][gc,phases      ] GC(11)     Dead                           Min: 0, Avg:  6.2, Max: 11, Diff: 11, Sum: 25, Workers: 4
[7.699s][debug][gc,phases      ] GC(11)     Total                          Min: 1280, Avg: 1531.8, Max: 2176, Diff: 896, Sum: 6127, Workers: 4
[7.699s][debug][gc,phases      ] GC(11)   JNI Weak                       Min:  0.0, Avg:  0.0, Max:  0.0, Diff:  0.0, Sum:  0.0, Workers: 4
[7.699s][debug][gc,phases      ] GC(11)     Dead                           Min: 0, Avg:  0.0, Max: 0, Diff: 0, Sum: 0, Workers: 4
[7.699s][debug][gc,phases      ] GC(11)     Total                          Min: 0, Avg:  1.0, Max: 4, Diff: 4, Sum: 4, Workers: 4
[7.699s][debug][gc,phases      ] GC(11)   StringDedup Table Weak         Min:  0.0, Avg:  0.0, Max:  0.0, Diff:  0.0, Sum:  0.0, Workers: 4
[7.699s][debug][gc,phases      ] GC(11)     Dead                           Min: 0, Avg:  0.0, Max: 0, Diff: 0, Sum: 0, Workers: 4
[7.699s][debug][gc,phases      ] GC(11)     Total                          Min: 0, Avg:  0.0, Max: 0, Diff: 0, Sum: 0, Workers: 4
[7.699s][debug][gc,phases      ] GC(11)   StringDedup Requests0 Weak     Min:  0.0, Avg:  0.0, Max:  0.0, Diff:  0.0, Sum:  0.0, Workers: 4
[7.699s][debug][gc,phases      ] GC(11)     Dead                           Min: 0, Avg:  0.0, Max: 0, Diff: 0, Sum: 0, Workers: 4
[7.699s][debug][gc,phases      ] GC(11)     Total                          Min: 0, Avg:  0.0, Max: 0, Diff: 0, Sum: 0, Workers: 4
[7.699s][debug][gc,phases      ] GC(11)   StringDedup Requests1 Weak     Min:  0.0, Avg:  0.0, Max:  0.0, Diff:  0.0, Sum:  0.0, Workers: 4
[7.699s][debug][gc,phases      ] GC(11)     Dead                           Min: 0, Avg:  0.0, Max: 0, Diff: 0, Sum: 0, Workers: 4
[7.699s][debug][gc,phases      ] GC(11)     Total                          Min: 0, Avg:  0.0, Max: 0, Diff: 0, Sum: 0, Workers: 4
[7.699s][debug][gc,phases      ] GC(11)   Weak JFR Old Object Samples    Min:  0.0, Avg:  0.0, Max:  0.0, Diff:  0.0, Sum:  0.0, Workers: 4
[7.699s][debug][gc,phases      ] GC(11)     Dead                           Min: 0, Avg:  0.0, Max: 0, Diff: 0, Sum: 0, Workers: 4
[7.699s][debug][gc,phases      ] GC(11)     Total                          Min: 0, Avg:  0.0, Max: 0, Diff: 0, Sum: 0, Workers: 4
[7.699s][debug][gc,phases      ] GC(11) Weak Processing 0.679ms
[7.699s][debug][gc,age         ] GC(11) Desired survivor size 299892736 bytes, new threshold 12 (max threshold 15)
[7.699s][info ][gc,heap        ] GC(11) PSYoungGen: 1713866K(1714176K)->195362K(1799168K) Eden: 1527808K(1527808K)->0K(1511424K) From: 186058K(186368K)->195362K(287744K)
[7.699s][info ][gc,heap        ] GC(11) ParOldGen: 6203K(18944K)->6211K(18944K)
[7.699s][info ][gc,metaspace   ] GC(11) Metaspace: 58671K(59392K)->58671K(59392K) NonClass: 49893K(50304K)->49893K(50304K) Class: 8777K(9088K)->8777K(9088K)
[7.699s][info ][gc             ] GC(11) Pause Young (GCLocker Initiated GC) 1679M->196M(1775M) 90.561ms
[7.699s][info ][gc,cpu         ] GC(11) User=0.45s Sys=0.00s Real=0.09s
[7.699s][info ][safepoint      ] Safepoint "ParallelGCSystemGC", Time since last: 94305 ns, Reaching safepoint: 92405 ns, At safepoint: 90658305 ns, Total: 90750710 ns
[8.046s][info ][gc,start       ] GC(12) Pause Young (Allocation Failure)
[8.129s][debug][gc,phases      ] GC(12) Scavenge 83.012ms
[8.129s][debug][gc,ref         ] GC(12) Skipped phase 1 of Reference Processing: no references
[8.129s][debug][gc,ref         ] GC(12) ReferenceProcessor::execute queues: 4, RefProcThreadModel::Multi, marks_oops_alive: false
[8.130s][debug][gc,ref         ] GC(12) Skipped phase 3 of Reference Processing: no references
[8.130s][debug][gc,ref         ] GC(12) ReferenceProcessor::execute queues: 1, RefProcThreadModel::Single, marks_oops_alive: false
[8.130s][debug][gc,phases      ] GC(12) Reference Processing 0.421ms
[8.130s][debug][gc,phases      ] GC(12)   VM Weak                        Min:  0.0, Avg:  0.0, Max:  0.0, Diff:  0.0, Sum:  0.0, Workers: 4
[8.130s][debug][gc,phases      ] GC(12)     Dead                           Min: 0, Avg:  0.0, Max: 0, Diff: 0, Sum: 0, Workers: 4
[8.130s][debug][gc,phases      ] GC(12)     Total                          Min: 64, Avg: 132.2, Max: 209, Diff: 145, Sum: 529, Workers: 4
[8.130s][debug][gc,phases      ] GC(12)   ObjectSynchronizer Weak        Min:  0.0, Avg:  0.0, Max:  0.0, Diff:  0.0, Sum:  0.0, Workers: 4
[8.130s][debug][gc,phases      ] GC(12)     Dead                           Min: 0, Avg:  0.0, Max: 0, Diff: 0, Sum: 0, Workers: 4
[8.130s][debug][gc,phases      ] GC(12)     Total                          Min: 0, Avg: 81.5, Max: 128, Diff: 128, Sum: 326, Workers: 4
[8.130s][debug][gc,phases      ] GC(12)   JVMTI Tag Weak OopStorage      Min:  0.0, Avg:  0.0, Max:  0.0, Diff:  0.0, Sum:  0.0, Workers: 4
[8.130s][debug][gc,phases      ] GC(12)     Dead                           Min: 0, Avg:  0.0, Max: 0, Diff: 0, Sum: 0, Workers: 4
[8.130s][debug][gc,phases      ] GC(12)     Total                          Min: 0, Avg:  0.0, Max: 0, Diff: 0, Sum: 0, Workers: 4
[8.130s][debug][gc,phases      ] GC(12)   StringTable Weak               Min:  0.4, Avg:  0.4, Max:  0.4, Diff:  0.0, Sum:  1.8, Workers: 4
[8.130s][debug][gc,phases      ] GC(12)     Dead                           Min: 0, Avg:  3.8, Max: 13, Diff: 13, Sum: 15, Workers: 4
[8.130s][debug][gc,phases      ] GC(12)     Total                          Min: 8640, Avg: 10039.0, Max: 12444, Diff: 3804, Sum: 40156, Workers: 4
[8.130s][debug][gc,phases      ] GC(12)   ResolvedMethodTable Weak       Min:  0.1, Avg:  0.1, Max:  0.1, Diff:  0.0, Sum:  0.2, Workers: 4
[8.130s][debug][gc,phases      ] GC(12)     Dead                           Min: 0, Avg: 11.5, Max: 25, Diff: 25, Sum: 46, Workers: 4
[8.130s][debug][gc,phases      ] GC(12)     Total                          Min: 1280, Avg: 1566.5, Max: 2298, Diff: 1018, Sum: 6266, Workers: 4
[8.130s][debug][gc,phases      ] GC(12)   JNI Weak                       Min:  0.0, Avg:  0.0, Max:  0.0, Diff:  0.0, Sum:  0.0, Workers: 4
[8.130s][debug][gc,phases      ] GC(12)     Dead                           Min: 0, Avg:  0.0, Max: 0, Diff: 0, Sum: 0, Workers: 4
[8.130s][debug][gc,phases      ] GC(12)     Total                          Min: 0, Avg:  3.0, Max: 12, Diff: 12, Sum: 12, Workers: 4
[8.130s][debug][gc,phases      ] GC(12)   StringDedup Table Weak         Min:  0.0, Avg:  0.0, Max:  0.0, Diff:  0.0, Sum:  0.0, Workers: 4
[8.130s][debug][gc,phases      ] GC(12)     Dead                           Min: 0, Avg:  0.0, Max: 0, Diff: 0, Sum: 0, Workers: 4
[8.130s][debug][gc,phases      ] GC(12)     Total                          Min: 0, Avg:  0.0, Max: 0, Diff: 0, Sum: 0, Workers: 4
[8.130s][debug][gc,phases      ] GC(12)   StringDedup Requests0 Weak     Min:  0.0, Avg:  0.0, Max:  0.0, Diff:  0.0, Sum:  0.0, Workers: 4
[8.130s][debug][gc,phases      ] GC(12)     Dead                           Min: 0, Avg:  0.0, Max: 0, Diff: 0, Sum: 0, Workers: 4
[8.130s][debug][gc,phases      ] GC(12)     Total                          Min: 0, Avg:  0.0, Max: 0, Diff: 0, Sum: 0, Workers: 4
[8.130s][debug][gc,phases      ] GC(12)   StringDedup Requests1 Weak     Min:  0.0, Avg:  0.0, Max:  0.0, Diff:  0.0, Sum:  0.0, Workers: 4
[8.130s][debug][gc,phases      ] GC(12)     Dead                           Min: 0, Avg:  0.0, Max: 0, Diff: 0, Sum: 0, Workers: 4
[8.130s][debug][gc,phases      ] GC(12)     Total                          Min: 0, Avg:  0.0, Max: 0, Diff: 0, Sum: 0, Workers: 4
[8.130s][debug][gc,phases      ] GC(12)   Weak JFR Old Object Samples    Min:  0.0, Avg:  0.0, Max:  0.0, Diff:  0.0, Sum:  0.0, Workers: 4
[8.130s][debug][gc,phases      ] GC(12)     Dead                           Min: 0, Avg:  0.0, Max: 0, Diff: 0, Sum: 0, Workers: 4
[8.130s][debug][gc,phases      ] GC(12)     Total                          Min: 0, Avg:  0.0, Max: 0, Diff: 0, Sum: 0, Workers: 4
[8.130s][debug][gc,phases      ] GC(12) Weak Processing 0.757ms
[8.130s][debug][gc,age         ] GC(12) Desired survivor size 304087040 bytes, new threshold 13 (max threshold 15)
[8.130s][info ][gc,heap        ] GC(12) PSYoungGen: 1706786K(1799168K)->200298K(1712128K) Eden: 1511424K(1511424K)->0K(1511424K) From: 195362K(287744K)->200298K(200704K)
[8.130s][info ][gc,heap        ] GC(12) ParOldGen: 6212K(18944K)->6220K(18944K)
[8.130s][info ][gc,metaspace   ] GC(12) Metaspace: 59489K(60160K)->59489K(60160K) NonClass: 50599K(50944K)->50599K(50944K) Class: 8889K(9216K)->8889K(9216K)
[8.130s][info ][gc             ] GC(12) Pause Young (Allocation Failure) 1672M->201M(1690M) 84.351ms
[8.130s][info ][gc,cpu         ] GC(12) User=0.41s Sys=0.01s Real=0.08s
[8.131s][info ][safepoint      ] Safepoint "ParallelGCFailedAllocation", Time since last: 347190784 ns, Reaching safepoint: 183810 ns, At safepoint: 84461769 ns, Total: 84645579 ns
[8.485s][info ][gc,start       ] GC(13) Pause Young (Allocation Failure)
[8.563s][debug][gc,phases      ] GC(13) Scavenge 77.736ms
[8.563s][debug][gc,ref         ] GC(13) Skipped phase 1 of Reference Processing: no references
[8.563s][debug][gc,ref         ] GC(13) ReferenceProcessor::execute queues: 4, RefProcThreadModel::Multi, marks_oops_alive: false
[8.563s][debug][gc,ref         ] GC(13) Skipped phase 3 of Reference Processing: no references
[8.563s][debug][gc,ref         ] GC(13) ReferenceProcessor::execute queues: 1, RefProcThreadModel::Single, marks_oops_alive: false
[8.563s][debug][gc,phases      ] GC(13) Reference Processing 0.415ms
[8.564s][debug][gc,phases      ] GC(13)   VM Weak                        Min:  0.0, Avg:  0.0, Max:  0.0, Diff:  0.0, Sum:  0.0, Workers: 4
[8.564s][debug][gc,phases      ] GC(13)     Dead                           Min: 0, Avg:  0.0, Max: 0, Diff: 0, Sum: 0, Workers: 4
[8.564s][debug][gc,phases      ] GC(13)     Total                          Min: 0, Avg: 132.5, Max: 384, Diff: 384, Sum: 530, Workers: 4
[8.564s][debug][gc,phases      ] GC(13)   ObjectSynchronizer Weak        Min:  0.0, Avg:  0.0, Max:  0.0, Diff:  0.0, Sum:  0.0, Workers: 4
[8.564s][debug][gc,phases      ] GC(13)     Dead                           Min: 0, Avg:  0.0, Max: 0, Diff: 0, Sum: 0, Workers: 4
[8.564s][debug][gc,phases      ] GC(13)     Total                          Min: 0, Avg: 81.5, Max: 198, Diff: 198, Sum: 326, Workers: 4
[8.564s][debug][gc,phases      ] GC(13)   JVMTI Tag Weak OopStorage      Min:  0.0, Avg:  0.0, Max:  0.0, Diff:  0.0, Sum:  0.0, Workers: 4
[8.564s][debug][gc,phases      ] GC(13)     Dead                           Min: 0, Avg:  0.0, Max: 0, Diff: 0, Sum: 0, Workers: 4
[8.564s][debug][gc,phases      ] GC(13)     Total                          Min: 0, Avg:  0.0, Max: 0, Diff: 0, Sum: 0, Workers: 4
[8.564s][debug][gc,phases      ] GC(13)   StringTable Weak               Min:  0.4, Avg:  0.4, Max:  0.4, Diff:  0.0, Sum:  1.5, Workers: 4
[8.564s][debug][gc,phases      ] GC(13)     Dead                           Min: 0, Avg:  3.5, Max: 13, Diff: 13, Sum: 14, Workers: 4
[8.564s][debug][gc,phases      ] GC(13)     Total                          Min: 8565, Avg: 10109.2, Max: 12480, Diff: 3915, Sum: 40437, Workers: 4
[8.564s][debug][gc,phases      ] GC(13)   ResolvedMethodTable Weak       Min:  0.1, Avg:  0.1, Max:  0.1, Diff:  0.0, Sum:  0.3, Workers: 4
[8.564s][debug][gc,phases      ] GC(13)     Dead                           Min: 0, Avg:  4.0, Max: 14, Diff: 14, Sum: 16, Workers: 4
[8.564s][debug][gc,phases      ] GC(13)     Total                          Min: 1280, Avg: 1590.2, Max: 1920, Diff: 640, Sum: 6361, Workers: 4
[8.564s][debug][gc,phases      ] GC(13)   JNI Weak                       Min:  0.0, Avg:  0.0, Max:  0.0, Diff:  0.0, Sum:  0.0, Workers: 4
[8.564s][debug][gc,phases      ] GC(13)     Dead                           Min: 0, Avg:  0.0, Max: 0, Diff: 0, Sum: 0, Workers: 4
[8.564s][debug][gc,phases      ] GC(13)     Total                          Min: 0, Avg:  0.0, Max: 0, Diff: 0, Sum: 0, Workers: 4
[8.564s][debug][gc,phases      ] GC(13)   StringDedup Table Weak         Min:  0.0, Avg:  0.0, Max:  0.0, Diff:  0.0, Sum:  0.0, Workers: 4
[8.564s][debug][gc,phases      ] GC(13)     Dead                           Min: 0, Avg:  0.0, Max: 0, Diff: 0, Sum: 0, Workers: 4
[8.564s][debug][gc,phases      ] GC(13)     Total                          Min: 0, Avg:  0.0, Max: 0, Diff: 0, Sum: 0, Workers: 4
[8.564s][debug][gc,phases      ] GC(13)   StringDedup Requests0 Weak     Min:  0.0, Avg:  0.0, Max:  0.0, Diff:  0.0, Sum:  0.0, Workers: 4
[8.564s][debug][gc,phases      ] GC(13)     Dead                           Min: 0, Avg:  0.0, Max: 0, Diff: 0, Sum: 0, Workers: 4
[8.564s][debug][gc,phases      ] GC(13)     Total                          Min: 0, Avg:  0.0, Max: 0, Diff: 0, Sum: 0, Workers: 4
[8.564s][debug][gc,phases      ] GC(13)   StringDedup Requests1 Weak     Min:  0.0, Avg:  0.0, Max:  0.0, Diff:  0.0, Sum:  0.0, Workers: 4
[8.564s][debug][gc,phases      ] GC(13)     Dead                           Min: 0, Avg:  0.0, Max: 0, Diff: 0, Sum: 0, Workers: 4
[8.564s][debug][gc,phases      ] GC(13)     Total                          Min: 0, Avg:  0.0, Max: 0, Diff: 0, Sum: 0, Workers: 4
[8.564s][debug][gc,phases      ] GC(13)   Weak JFR Old Object Samples    Min:  0.0, Avg:  0.0, Max:  0.0, Diff:  0.0, Sum:  0.0, Workers: 4
[8.564s][debug][gc,phases      ] GC(13)     Dead                           Min: 0, Avg:  0.0, Max: 0, Diff: 0, Sum: 0, Workers: 4
[8.564s][debug][gc,phases      ] GC(13)     Total                          Min: 0, Avg:  0.0, Max: 0, Diff: 0, Sum: 0, Workers: 4
[8.564s][debug][gc,phases      ] GC(13) Weak Processing 0.632ms
[8.564s][debug][gc,age         ] GC(13) Desired survivor size 303562752 bytes, new threshold 14 (max threshold 15)
[8.564s][info ][gc,heap        ] GC(13) PSYoungGen: 1711722K(1712128K)->192310K(1800704K) Eden: 1511424K(1511424K)->0K(1503744K) From: 200298K(200704K)->192310K(296960K)
[8.564s][info ][gc,heap        ] GC(13) ParOldGen: 6220K(18944K)->6228K(18944K)
[8.564s][info ][gc,metaspace   ] GC(13) Metaspace: 60319K(60992K)->60319K(60992K) NonClass: 51307K(51648K)->51307K(51648K) Class: 9012K(9344K)->9012K(9344K)
[8.564s][info ][gc             ] GC(13) Pause Young (Allocation Failure) 1677M->193M(1777M) 78.937ms
[8.564s][info ][gc,cpu         ] GC(13) User=0.31s Sys=0.00s Real=0.08s
[8.564s][info ][safepoint      ] Safepoint "ParallelGCFailedAllocation", Time since last: 354183263 ns, Reaching safepoint: 207211 ns, At safepoint: 79045776 ns, Total: 79252987 ns
[8.643s][info ][safepoint      ] Safepoint "ICBufferFull", Time since last: 78355940 ns, Reaching safepoint: 293516 ns, At safepoint: 26401 ns, Total: 319917 ns
[8.804s][info ][safepoint      ] Safepoint "ICBufferFull", Time since last: 161032312 ns, Reaching safepoint: 230813 ns, At safepoint: 31202 ns, Total: 262015 ns
[8.850s][info ][gc,start       ] GC(14) Pause Young (Allocation Failure)
[8.938s][debug][gc,phases      ] GC(14) Scavenge 87.787ms
[8.938s][debug][gc,ref         ] GC(14) Skipped phase 1 of Reference Processing: no references
[8.938s][debug][gc,ref         ] GC(14) ReferenceProcessor::execute queues: 4, RefProcThreadModel::Multi, marks_oops_alive: false
[8.939s][debug][gc,ref         ] GC(14) Skipped phase 3 of Reference Processing: no references
[8.939s][debug][gc,ref         ] GC(14) ReferenceProcessor::execute queues: 1, RefProcThreadModel::Single, marks_oops_alive: false
[8.939s][debug][gc,phases      ] GC(14) Reference Processing 0.392ms
[8.939s][debug][gc,phases      ] GC(14)   VM Weak                        Min:  0.0, Avg:  0.0, Max:  0.0, Diff:  0.0, Sum:  0.0, Workers: 4
[8.939s][debug][gc,phases      ] GC(14)     Dead                           Min: 0, Avg:  0.0, Max: 0, Diff: 0, Sum: 0, Workers: 4
[8.939s][debug][gc,phases      ] GC(14)     Total                          Min: 0, Avg: 135.8, Max: 320, Diff: 320, Sum: 543, Workers: 4
[8.939s][debug][gc,phases      ] GC(14)   ObjectSynchronizer Weak        Min:  0.0, Avg:  0.0, Max:  0.0, Diff:  0.0, Sum:  0.0, Workers: 4
[8.939s][debug][gc,phases      ] GC(14)     Dead                           Min: 0, Avg:  0.0, Max: 0, Diff: 0, Sum: 0, Workers: 4
[8.939s][debug][gc,phases      ] GC(14)     Total                          Min: 6, Avg: 81.5, Max: 128, Diff: 122, Sum: 326, Workers: 4
[8.939s][debug][gc,phases      ] GC(14)   JVMTI Tag Weak OopStorage      Min:  0.0, Avg:  0.0, Max:  0.0, Diff:  0.0, Sum:  0.0, Workers: 4
[8.939s][debug][gc,phases      ] GC(14)     Dead                           Min: 0, Avg:  0.0, Max: 0, Diff: 0, Sum: 0, Workers: 4
[8.939s][debug][gc,phases      ] GC(14)     Total                          Min: 0, Avg:  0.0, Max: 0, Diff: 0, Sum: 0, Workers: 4
[8.939s][debug][gc,phases      ] GC(14)   StringTable Weak               Min:  0.4, Avg:  0.4, Max:  0.4, Diff:  0.0, Sum:  1.5, Workers: 4
[8.939s][debug][gc,phases      ] GC(14)     Dead                           Min: 0, Avg:  3.0, Max: 12, Diff: 12, Sum: 12, Workers: 4
[8.939s][debug][gc,phases      ] GC(14)     Total                          Min: 7616, Avg: 10117.2, Max: 12212, Diff: 4596, Sum: 40469, Workers: 4
[8.939s][debug][gc,phases      ] GC(14)   ResolvedMethodTable Weak       Min:  0.1, Avg:  0.1, Max:  0.1, Diff:  0.0, Sum:  0.3, Workers: 4
[8.939s][debug][gc,phases      ] GC(14)     Dead                           Min: 0, Avg:  0.5, Max: 1, Diff: 1, Sum: 2, Workers: 4
[8.939s][debug][gc,phases      ] GC(14)     Total                          Min: 1152, Avg: 1598.2, Max: 1984, Diff: 832, Sum: 6393, Workers: 4
[8.939s][debug][gc,phases      ] GC(14)   JNI Weak                       Min:  0.0, Avg:  0.0, Max:  0.0, Diff:  0.0, Sum:  0.0, Workers: 4
[8.939s][debug][gc,phases      ] GC(14)     Dead                           Min: 0, Avg:  0.0, Max: 0, Diff: 0, Sum: 0, Workers: 4
[8.939s][debug][gc,phases      ] GC(14)     Total                          Min: 0, Avg:  2.2, Max: 9, Diff: 9, Sum: 9, Workers: 4
[8.939s][debug][gc,phases      ] GC(14)   StringDedup Table Weak         Min:  0.0, Avg:  0.0, Max:  0.0, Diff:  0.0, Sum:  0.0, Workers: 4
[8.939s][debug][gc,phases      ] GC(14)     Dead                           Min: 0, Avg:  0.0, Max: 0, Diff: 0, Sum: 0, Workers: 4
[8.939s][debug][gc,phases      ] GC(14)     Total                          Min: 0, Avg:  0.0, Max: 0, Diff: 0, Sum: 0, Workers: 4
[8.939s][debug][gc,phases      ] GC(14)   StringDedup Requests0 Weak     Min:  0.0, Avg:  0.0, Max:  0.0, Diff:  0.0, Sum:  0.0, Workers: 4
[8.939s][debug][gc,phases      ] GC(14)     Dead                           Min: 0, Avg:  0.0, Max: 0, Diff: 0, Sum: 0, Workers: 4
[8.939s][debug][gc,phases      ] GC(14)     Total                          Min: 0, Avg:  0.0, Max: 0, Diff: 0, Sum: 0, Workers: 4
[8.939s][debug][gc,phases      ] GC(14)   StringDedup Requests1 Weak     Min:  0.0, Avg:  0.0, Max:  0.0, Diff:  0.0, Sum:  0.0, Workers: 4
[8.939s][debug][gc,phases      ] GC(14)     Dead                           Min: 0, Avg:  0.0, Max: 0, Diff: 0, Sum: 0, Workers: 4
[8.939s][debug][gc,phases      ] GC(14)     Total                          Min: 0, Avg:  0.0, Max: 0, Diff: 0, Sum: 0, Workers: 4
[8.939s][debug][gc,phases      ] GC(14)   Weak JFR Old Object Samples    Min:  0.0, Avg:  0.0, Max:  0.0, Diff:  0.0, Sum:  0.0, Workers: 4
[8.939s][debug][gc,phases      ] GC(14)     Dead                           Min: 0, Avg:  0.0, Max: 0, Diff: 0, Sum: 0, Workers: 4
[8.939s][debug][gc,phases      ] GC(14)     Total                          Min: 0, Avg:  0.0, Max: 0, Diff: 0, Sum: 0, Workers: 4
[8.939s][debug][gc,phases      ] GC(14) Weak Processing 0.629ms
[8.939s][debug][gc,age         ] GC(14) Desired survivor size 302514176 bytes, new threshold 14 (max threshold 15)
[8.939s][info ][gc,heap        ] GC(14) PSYoungGen: 1696054K(1800704K)->192618K(1800192K) Eden: 1503744K(1503744K)->0K(1503744K) From: 192310K(296960K)->192618K(296448K)
[8.939s][info ][gc,heap        ] GC(14) ParOldGen: 6228K(18944K)->6236K(18944K)
[8.939s][info ][gc,metaspace   ] GC(14) Metaspace: 60481K(61184K)->60481K(61184K) NonClass: 51453K(51840K)->51453K(51840K) Class: 9027K(9344K)->9027K(9344K)
[8.939s][info ][gc             ] GC(14) Pause Young (Allocation Failure) 1662M->194M(1776M) 88.946ms
[8.939s][info ][gc,cpu         ] GC(14) User=0.35s Sys=0.01s Real=0.09s
[8.939s][info ][safepoint      ] Safepoint "ParallelGCFailedAllocation", Time since last: 46183798 ns, Reaching safepoint: 129307 ns, At safepoint: 89061019 ns, Total: 89190326 ns
[9.259s][info ][gc,start       ] GC(15) Pause Young (Allocation Failure)
[9.330s][debug][gc,phases      ] GC(15) Scavenge 71.266ms
[9.330s][debug][gc,ref         ] GC(15) Skipped phase 1 of Reference Processing: no references
[9.330s][debug][gc,ref         ] GC(15) ReferenceProcessor::execute queues: 4, RefProcThreadModel::Multi, marks_oops_alive: false
[9.331s][debug][gc,ref         ] GC(15) Skipped phase 3 of Reference Processing: no references
[9.331s][debug][gc,ref         ] GC(15) ReferenceProcessor::execute queues: 1, RefProcThreadModel::Single, marks_oops_alive: false
[9.331s][debug][gc,phases      ] GC(15) Reference Processing 0.372ms
[9.331s][debug][gc,phases      ] GC(15)   VM Weak                        Min:  0.0, Avg:  0.0, Max:  0.0, Diff:  0.0, Sum:  0.0, Workers: 4
[9.331s][debug][gc,phases      ] GC(15)     Dead                           Min: 0, Avg:  0.0, Max: 0, Diff: 0, Sum: 0, Workers: 4
[9.331s][debug][gc,phases      ] GC(15)     Total                          Min: 0, Avg: 135.8, Max: 256, Diff: 256, Sum: 543, Workers: 4
[9.331s][debug][gc,phases      ] GC(15)   ObjectSynchronizer Weak        Min:  0.0, Avg:  0.0, Max:  0.0, Diff:  0.0, Sum:  0.0, Workers: 4
[9.331s][debug][gc,phases      ] GC(15)     Dead                           Min: 0, Avg:  0.0, Max: 0, Diff: 0, Sum: 0, Workers: 4
[9.331s][debug][gc,phases      ] GC(15)     Total                          Min: 0, Avg: 81.5, Max: 134, Diff: 134, Sum: 326, Workers: 4
[9.331s][debug][gc,phases      ] GC(15)   JVMTI Tag Weak OopStorage      Min:  0.0, Avg:  0.0, Max:  0.0, Diff:  0.0, Sum:  0.0, Workers: 4
[9.331s][debug][gc,phases      ] GC(15)     Dead                           Min: 0, Avg:  0.0, Max: 0, Diff: 0, Sum: 0, Workers: 4
[9.331s][debug][gc,phases      ] GC(15)     Total                          Min: 0, Avg:  0.0, Max: 0, Diff: 0, Sum: 0, Workers: 4
[9.331s][debug][gc,phases      ] GC(15)   StringTable Weak               Min:  0.3, Avg:  0.3, Max:  0.3, Diff:  0.0, Sum:  1.3, Workers: 4
[9.331s][debug][gc,phases      ] GC(15)     Dead                           Min: 0, Avg:  0.0, Max: 0, Diff: 0, Sum: 0, Workers: 4
[9.331s][debug][gc,phases      ] GC(15)     Total                          Min: 7744, Avg: 10155.5, Max: 11904, Diff: 4160, Sum: 40622, Workers: 4
[9.331s][debug][gc,phases      ] GC(15)   ResolvedMethodTable Weak       Min:  0.0, Avg:  0.0, Max:  0.1, Diff:  0.0, Sum:  0.2, Workers: 4
[9.331s][debug][gc,phases      ] GC(15)     Dead                           Min: 0, Avg:  0.0, Max: 0, Diff: 0, Sum: 0, Workers: 4
[9.331s][debug][gc,phases      ] GC(15)     Total                          Min: 1152, Avg: 1600.8, Max: 1859, Diff: 707, Sum: 6403, Workers: 4
[9.331s][debug][gc,phases      ] GC(15)   JNI Weak                       Min:  0.0, Avg:  0.0, Max:  0.0, Diff:  0.0, Sum:  0.0, Workers: 4
[9.331s][debug][gc,phases      ] GC(15)     Dead                           Min: 0, Avg:  0.0, Max: 0, Diff: 0, Sum: 0, Workers: 4
[9.331s][debug][gc,phases      ] GC(15)     Total                          Min: 0, Avg:  5.0, Max: 20, Diff: 20, Sum: 20, Workers: 4
[9.331s][debug][gc,phases      ] GC(15)   StringDedup Table Weak         Min:  0.0, Avg:  0.0, Max:  0.0, Diff:  0.0, Sum:  0.0, Workers: 4
[9.331s][debug][gc,phases      ] GC(15)     Dead                           Min: 0, Avg:  0.0, Max: 0, Diff: 0, Sum: 0, Workers: 4
[9.331s][debug][gc,phases      ] GC(15)     Total                          Min: 0, Avg:  0.0, Max: 0, Diff: 0, Sum: 0, Workers: 4
[9.331s][debug][gc,phases      ] GC(15)   StringDedup Requests0 Weak     Min:  0.0, Avg:  0.0, Max:  0.0, Diff:  0.0, Sum:  0.0, Workers: 4
[9.331s][debug][gc,phases      ] GC(15)     Dead                           Min: 0, Avg:  0.0, Max: 0, Diff: 0, Sum: 0, Workers: 4
[9.331s][debug][gc,phases      ] GC(15)     Total                          Min: 0, Avg:  0.0, Max: 0, Diff: 0, Sum: 0, Workers: 4
[9.331s][debug][gc,phases      ] GC(15)   StringDedup Requests1 Weak     Min:  0.0, Avg:  0.0, Max:  0.0, Diff:  0.0, Sum:  0.0, Workers: 4
[9.331s][debug][gc,phases      ] GC(15)     Dead                           Min: 0, Avg:  0.0, Max: 0, Diff: 0, Sum: 0, Workers: 4
[9.331s][debug][gc,phases      ] GC(15)     Total                          Min: 0, Avg:  0.0, Max: 0, Diff: 0, Sum: 0, Workers: 4
[9.331s][debug][gc,phases      ] GC(15)   Weak JFR Old Object Samples    Min:  0.0, Avg:  0.0, Max:  0.0, Diff:  0.0, Sum:  0.0, Workers: 4
[9.331s][debug][gc,phases      ] GC(15)     Dead                           Min: 0, Avg:  0.0, Max: 0, Diff: 0, Sum: 0, Workers: 4
[9.331s][debug][gc,phases      ] GC(15)     Total                          Min: 0, Avg:  0.0, Max: 0, Diff: 0, Sum: 0, Workers: 4
[9.331s][debug][gc,phases      ] GC(15) Weak Processing 0.560ms
[9.331s][debug][gc,age         ] GC(15) Desired survivor size 300417024 bytes, new threshold 14 (max threshold 15)
[9.331s][info ][gc,heap        ] GC(15) PSYoungGen: 1696362K(1800192K)->193167K(1803776K) Eden: 1503744K(1503744K)->0K(1508352K) From: 192618K(296448K)->193167K(295424K)
[9.331s][info ][gc,heap        ] GC(15) ParOldGen: 6236K(18944K)->6244K(18944K)
[9.331s][info ][gc,metaspace   ] GC(15) Metaspace: 60771K(61504K)->60771K(61504K) NonClass: 51711K(52096K)->51711K(52096K) Class: 9059K(9408K)->9059K(9408K)
[9.331s][info ][gc             ] GC(15) Pause Young (Allocation Failure) 1662M->194M(1780M) 72.332ms
[9.331s][info ][gc,cpu         ] GC(15) User=0.28s Sys=0.00s Real=0.07s
[9.331s][info ][safepoint      ] Safepoint "ParallelGCFailedAllocation", Time since last: 318821249 ns, Reaching safepoint: 607333 ns, At safepoint: 72441619 ns, Total: 73048952 ns
[9.572s][info ][safepoint      ] Safepoint "ICBufferFull", Time since last: 240907334 ns, Reaching safepoint: 259914 ns, At safepoint: 24001 ns, Total: 283915 ns
[9.662s][info ][gc,start       ] GC(16) Pause Young (Allocation Failure)
[9.751s][debug][gc,phases      ] GC(16) Scavenge 88.663ms
[9.751s][debug][gc,ref         ] GC(16) Skipped phase 1 of Reference Processing: no references
[9.751s][debug][gc,ref         ] GC(16) ReferenceProcessor::execute queues: 4, RefProcThreadModel::Multi, marks_oops_alive: false
[9.752s][debug][gc,ref         ] GC(16) Skipped phase 3 of Reference Processing: no references
[9.752s][debug][gc,ref         ] GC(16) ReferenceProcessor::execute queues: 1, RefProcThreadModel::Single, marks_oops_alive: false
[9.752s][debug][gc,phases      ] GC(16) Reference Processing 0.375ms
[9.752s][debug][gc,phases      ] GC(16)   VM Weak                        Min:  0.0, Avg:  0.0, Max:  0.0, Diff:  0.0, Sum:  0.0, Workers: 4
[9.752s][debug][gc,phases      ] GC(16)     Dead                           Min: 0, Avg:  0.0, Max: 0, Diff: 0, Sum: 0, Workers: 4
[9.752s][debug][gc,phases      ] GC(16)     Total                          Min: 0, Avg: 136.5, Max: 354, Diff: 354, Sum: 546, Workers: 4
[9.752s][debug][gc,phases      ] GC(16)   ObjectSynchronizer Weak        Min:  0.0, Avg:  0.0, Max:  0.0, Diff:  0.0, Sum:  0.0, Workers: 4
[9.752s][debug][gc,phases      ] GC(16)     Dead                           Min: 0, Avg:  0.0, Max: 0, Diff: 0, Sum: 0, Workers: 4
[9.752s][debug][gc,phases      ] GC(16)     Total                          Min: 0, Avg: 81.5, Max: 128, Diff: 128, Sum: 326, Workers: 4
[9.752s][debug][gc,phases      ] GC(16)   JVMTI Tag Weak OopStorage      Min:  0.0, Avg:  0.0, Max:  0.0, Diff:  0.0, Sum:  0.0, Workers: 4
[9.752s][debug][gc,phases      ] GC(16)     Dead                           Min: 0, Avg:  0.0, Max: 0, Diff: 0, Sum: 0, Workers: 4
[9.752s][debug][gc,phases      ] GC(16)     Total                          Min: 0, Avg:  0.0, Max: 0, Diff: 0, Sum: 0, Workers: 4
[9.752s][debug][gc,phases      ] GC(16)   StringTable Weak               Min:  0.3, Avg:  0.3, Max:  0.3, Diff:  0.0, Sum:  1.4, Workers: 4
[9.752s][debug][gc,phases      ] GC(16)     Dead                           Min: 0, Avg:  3.0, Max: 12, Diff: 12, Sum: 12, Workers: 4
[9.752s][debug][gc,phases      ] GC(16)     Total                          Min: 8000, Avg: 10158.0, Max: 12472, Diff: 4472, Sum: 40632, Workers: 4
[9.752s][debug][gc,phases      ] GC(16)   ResolvedMethodTable Weak       Min:  0.1, Avg:  0.1, Max:  0.1, Diff:  0.0, Sum:  0.2, Workers: 4
[9.752s][debug][gc,phases      ] GC(16)     Dead                           Min: 0, Avg:  0.0, Max: 0, Diff: 0, Sum: 0, Workers: 4
[9.752s][debug][gc,phases      ] GC(16)     Total                          Min: 1088, Avg: 1600.8, Max: 2112, Diff: 1024, Sum: 6403, Workers: 4
[9.752s][debug][gc,phases      ] GC(16)   JNI Weak                       Min:  0.0, Avg:  0.0, Max:  0.0, Diff:  0.0, Sum:  0.0, Workers: 4
[9.752s][debug][gc,phases      ] GC(16)     Dead                           Min: 0, Avg:  0.0, Max: 0, Diff: 0, Sum: 0, Workers: 4
[9.752s][debug][gc,phases      ] GC(16)     Total                          Min: 0, Avg:  1.0, Max: 4, Diff: 4, Sum: 4, Workers: 4
[9.752s][debug][gc,phases      ] GC(16)   StringDedup Table Weak         Min:  0.0, Avg:  0.0, Max:  0.0, Diff:  0.0, Sum:  0.0, Workers: 4
[9.752s][debug][gc,phases      ] GC(16)     Dead                           Min: 0, Avg:  0.0, Max: 0, Diff: 0, Sum: 0, Workers: 4
[9.752s][debug][gc,phases      ] GC(16)     Total                          Min: 0, Avg:  0.0, Max: 0, Diff: 0, Sum: 0, Workers: 4
[9.752s][debug][gc,phases      ] GC(16)   StringDedup Requests0 Weak     Min:  0.0, Avg:  0.0, Max:  0.0, Diff:  0.0, Sum:  0.0, Workers: 4
[9.752s][debug][gc,phases      ] GC(16)     Dead                           Min: 0, Avg:  0.0, Max: 0, Diff: 0, Sum: 0, Workers: 4
[9.752s][debug][gc,phases      ] GC(16)     Total                          Min: 0, Avg:  0.0, Max: 0, Diff: 0, Sum: 0, Workers: 4
[9.752s][debug][gc,phases      ] GC(16)   StringDedup Requests1 Weak     Min:  0.0, Avg:  0.0, Max:  0.0, Diff:  0.0, Sum:  0.0, Workers: 4
[9.752s][debug][gc,phases      ] GC(16)     Dead                           Min: 0, Avg:  0.0, Max: 0, Diff: 0, Sum: 0, Workers: 4
[9.752s][debug][gc,phases      ] GC(16)     Total                          Min: 0, Avg:  0.0, Max: 0, Diff: 0, Sum: 0, Workers: 4
[9.752s][debug][gc,phases      ] GC(16)   Weak JFR Old Object Samples    Min:  0.0, Avg:  0.0, Max:  0.0, Diff:  0.0, Sum:  0.0, Workers: 4
[9.752s][debug][gc,phases      ] GC(16)     Dead                           Min: 0, Avg:  0.0, Max: 0, Diff: 0, Sum: 0, Workers: 4
[9.752s][debug][gc,phases      ] GC(16)     Total                          Min: 0, Avg:  0.0, Max: 0, Diff: 0, Sum: 0, Workers: 4
[9.752s][debug][gc,phases      ] GC(16) Weak Processing 0.597ms
[9.752s][debug][gc,age         ] GC(16) Desired survivor size 298844160 bytes, new threshold 14 (max threshold 15)
[9.752s][info ][gc,heap        ] GC(16) PSYoungGen: 1701519K(1803776K)->194690K(1801728K) Eden: 1508352K(1508352K)->0K(1508352K) From: 193167K(295424K)->194690K(293376K)
[9.752s][info ][gc,heap        ] GC(16) ParOldGen: 6244K(18944K)->6252K(18944K)
[9.752s][info ][gc,metaspace   ] GC(16) Metaspace: 60824K(61568K)->60824K(61568K) NonClass: 51760K(52160K)->51760K(52160K) Class: 9063K(9408K)->9063K(9408K)
[9.752s][info ][gc             ] GC(16) Pause Young (Allocation Failure) 1667M->196M(1778M) 89.785ms
[9.752s][info ][gc,cpu         ] GC(16) User=0.36s Sys=0.01s Real=0.09s
[9.752s][info ][safepoint      ] Safepoint "ParallelGCFailedAllocation", Time since last: 86746194 ns, Reaching safepoint: 3252876 ns, At safepoint: 89897263 ns, Total: 93150139 ns
[10.073s][info ][gc,start       ] GC(17) Pause Young (Allocation Failure)
[10.157s][debug][gc,phases      ] GC(17) Scavenge 83.930ms
[10.157s][debug][gc,ref         ] GC(17) Skipped phase 1 of Reference Processing: no references
[10.157s][debug][gc,ref         ] GC(17) ReferenceProcessor::execute queues: 4, RefProcThreadModel::Multi, marks_oops_alive: false
[10.157s][debug][gc,ref         ] GC(17) Skipped phase 3 of Reference Processing: no references
[10.157s][debug][gc,ref         ] GC(17) ReferenceProcessor::execute queues: 1, RefProcThreadModel::Single, marks_oops_alive: false
[10.157s][debug][gc,phases      ] GC(17) Reference Processing 0.425ms
[10.158s][debug][gc,phases      ] GC(17)   VM Weak                        Min:  0.0, Avg:  0.0, Max:  0.0, Diff:  0.0, Sum:  0.0, Workers: 4
[10.158s][debug][gc,phases      ] GC(17)     Dead                           Min: 0, Avg:  0.0, Max: 0, Diff: 0, Sum: 0, Workers: 4
[10.158s][debug][gc,phases      ] GC(17)     Total                          Min: 0, Avg: 136.5, Max: 384, Diff: 384, Sum: 546, Workers: 4
[10.158s][debug][gc,phases      ] GC(17)   ObjectSynchronizer Weak        Min:  0.0, Avg:  0.0, Max:  0.0, Diff:  0.0, Sum:  0.0, Workers: 4
[10.158s][debug][gc,phases      ] GC(17)     Dead                           Min: 0, Avg:  0.0, Max: 0, Diff: 0, Sum: 0, Workers: 4
[10.158s][debug][gc,phases      ] GC(17)     Total                          Min: 6, Avg: 81.5, Max: 128, Diff: 122, Sum: 326, Workers: 4
[10.158s][debug][gc,phases      ] GC(17)   JVMTI Tag Weak OopStorage      Min:  0.0, Avg:  0.0, Max:  0.0, Diff:  0.0, Sum:  0.0, Workers: 4
[10.158s][debug][gc,phases      ] GC(17)     Dead                           Min: 0, Avg:  0.0, Max: 0, Diff: 0, Sum: 0, Workers: 4
[10.158s][debug][gc,phases      ] GC(17)     Total                          Min: 0, Avg:  0.0, Max: 0, Diff: 0, Sum: 0, Workers: 4
[10.158s][debug][gc,phases      ] GC(17)   StringTable Weak               Min:  0.4, Avg:  0.4, Max:  0.4, Diff:  0.0, Sum:  1.7, Workers: 4
[10.158s][debug][gc,phases      ] GC(17)     Dead                           Min: 0, Avg:  2.8, Max: 6, Diff: 6, Sum: 11, Workers: 4
[10.158s][debug][gc,phases      ] GC(17)     Total                          Min: 8640, Avg: 10168.0, Max: 12608, Diff: 3968, Sum: 40672, Workers: 4
[10.158s][debug][gc,phases      ] GC(17)   ResolvedMethodTable Weak       Min:  0.1, Avg:  0.1, Max:  0.1, Diff:  0.0, Sum:  0.3, Workers: 4
[10.158s][debug][gc,phases      ] GC(17)     Dead                           Min: 0, Avg:  0.0, Max: 0, Diff: 0, Sum: 0, Workers: 4
[10.158s][debug][gc,phases      ] GC(17)     Total                          Min: 1408, Avg: 1600.8, Max: 1923, Diff: 515, Sum: 6403, Workers: 4
[10.158s][debug][gc,phases      ] GC(17)   JNI Weak                       Min:  0.0, Avg:  0.0, Max:  0.0, Diff:  0.0, Sum:  0.0, Workers: 4
[10.158s][debug][gc,phases      ] GC(17)     Dead                           Min: 0, Avg:  0.0, Max: 0, Diff: 0, Sum: 0, Workers: 4
[10.158s][debug][gc,phases      ] GC(17)     Total                          Min: 0, Avg:  0.5, Max: 2, Diff: 2, Sum: 2, Workers: 4
[10.158s][debug][gc,phases      ] GC(17)   StringDedup Table Weak         Min:  0.0, Avg:  0.0, Max:  0.0, Diff:  0.0, Sum:  0.0, Workers: 4
[10.158s][debug][gc,phases      ] GC(17)     Dead                           Min: 0, Avg:  0.0, Max: 0, Diff: 0, Sum: 0, Workers: 4
[10.158s][debug][gc,phases      ] GC(17)     Total                          Min: 0, Avg:  0.0, Max: 0, Diff: 0, Sum: 0, Workers: 4
[10.158s][debug][gc,phases      ] GC(17)   StringDedup Requests0 Weak     Min:  0.0, Avg:  0.0, Max:  0.0, Diff:  0.0, Sum:  0.0, Workers: 4
[10.158s][debug][gc,phases      ] GC(17)     Dead                           Min: 0, Avg:  0.0, Max: 0, Diff: 0, Sum: 0, Workers: 4
[10.158s][debug][gc,phases      ] GC(17)     Total                          Min: 0, Avg:  0.0, Max: 0, Diff: 0, Sum: 0, Workers: 4
[10.158s][debug][gc,phases      ] GC(17)   StringDedup Requests1 Weak     Min:  0.0, Avg:  0.0, Max:  0.0, Diff:  0.0, Sum:  0.0, Workers: 4
[10.158s][debug][gc,phases      ] GC(17)     Dead                           Min: 0, Avg:  0.0, Max: 0, Diff: 0, Sum: 0, Workers: 4
[10.158s][debug][gc,phases      ] GC(17)     Total                          Min: 0, Avg:  0.0, Max: 0, Diff: 0, Sum: 0, Workers: 4
[10.158s][debug][gc,phases      ] GC(17)   Weak JFR Old Object Samples    Min:  0.0, Avg:  0.0, Max:  0.0, Diff:  0.0, Sum:  0.0, Workers: 4
[10.158s][debug][gc,phases      ] GC(17)     Dead                           Min: 0, Avg:  0.0, Max: 0, Diff: 0, Sum: 0, Workers: 4
[10.158s][debug][gc,phases      ] GC(17)     Total                          Min: 0, Avg:  0.0, Max: 0, Diff: 0, Sum: 0, Workers: 4
[10.158s][debug][gc,phases      ] GC(17) Weak Processing 0.775ms
[10.158s][debug][gc,age         ] GC(17) Desired survivor size 293601280 bytes, new threshold 14 (max threshold 15)
[10.158s][info ][gc,heap        ] GC(17) PSYoungGen: 1703042K(1801728K)->187825K(1810432K) Eden: 1508352K(1508352K)->0K(1518592K) From: 194690K(293376K)->187825K(291840K)
[10.158s][info ][gc,heap        ] GC(17) ParOldGen: 6252K(18944K)->16230K(18944K)
[10.158s][info ][gc,metaspace   ] GC(17) Metaspace: 60840K(61568K)->60840K(61568K) NonClass: 51775K(52160K)->51775K(52160K) Class: 9064K(9408K)->9064K(9408K)
[10.158s][info ][gc             ] GC(17) Pause Young (Allocation Failure) 1669M->199M(1786M) 85.314ms
[10.158s][info ][gc,cpu         ] GC(17) User=0.34s Sys=0.00s Real=0.09s
[10.158s][debug][gc,phases      ] GC(18) Pre Compact 0.015ms
[10.158s][info ][gc,start       ] GC(18) Pause Full (Ergonomics)
[10.158s][info ][gc,phases,start] GC(18) Marking Phase
[10.246s][debug][gc,phases      ] GC(18) Par Mark 87.366ms
[10.246s][debug][gc,ref         ] GC(18) Skipped phase 1 of Reference Processing: no references
[10.246s][debug][gc,ref         ] GC(18) ReferenceProcessor::execute queues: 4, RefProcThreadModel::Multi, marks_oops_alive: false
[10.246s][debug][gc,ref         ] GC(18) Skipped phase 3 of Reference Processing: no references
[10.246s][debug][gc,ref         ] GC(18) ReferenceProcessor::execute queues: 1, RefProcThreadModel::Single, marks_oops_alive: false
[10.246s][debug][gc,phases      ] GC(18) Reference Processing 0.287ms
[10.246s][debug][gc,phases      ] GC(18)   VM Weak                        Min:  0.0, Avg:  0.0, Max:  0.0, Diff:  0.0, Sum:  0.0, Workers: 4
[10.246s][debug][gc,phases      ] GC(18)     Dead                           Min: 0, Avg:  0.2, Max: 1, Diff: 1, Sum: 1, Workers: 4
[10.246s][debug][gc,phases      ] GC(18)     Total                          Min: 0, Avg: 136.5, Max: 546, Diff: 546, Sum: 546, Workers: 4
[10.246s][debug][gc,phases      ] GC(18)   ObjectSynchronizer Weak        Min:  0.0, Avg:  0.0, Max:  0.0, Diff:  0.0, Sum:  0.0, Workers: 4
[10.246s][debug][gc,phases      ] GC(18)     Dead                           Min: 0, Avg:  0.0, Max: 0, Diff: 0, Sum: 0, Workers: 4
[10.246s][debug][gc,phases      ] GC(18)     Total                          Min: 0, Avg: 81.5, Max: 326, Diff: 326, Sum: 326, Workers: 4
[10.246s][debug][gc,phases      ] GC(18)   JVMTI Tag Weak OopStorage      Min:  0.0, Avg:  0.0, Max:  0.0, Diff:  0.0, Sum:  0.0, Workers: 4
[10.246s][debug][gc,phases      ] GC(18)     Dead                           Min: 0, Avg:  0.0, Max: 0, Diff: 0, Sum: 0, Workers: 4
[10.246s][debug][gc,phases      ] GC(18)     Total                          Min: 0, Avg:  0.0, Max: 0, Diff: 0, Sum: 0, Workers: 4
[10.246s][debug][gc,phases      ] GC(18)   StringTable Weak               Min:  0.1, Avg:  0.1, Max:  0.1, Diff:  0.0, Sum:  0.5, Workers: 4
[10.246s][debug][gc,phases      ] GC(18)     Dead                           Min: 0, Avg:  0.0, Max: 0, Diff: 0, Sum: 0, Workers: 4
[10.246s][debug][gc,phases      ] GC(18)     Total                          Min: 8832, Avg: 10168.0, Max: 11712, Diff: 2880, Sum: 40672, Workers: 4
[10.246s][debug][gc,phases      ] GC(18)   ResolvedMethodTable Weak       Min:  0.0, Avg:  0.0, Max:  0.0, Diff:  0.0, Sum:  0.1, Workers: 4
[10.246s][debug][gc,phases      ] GC(18)     Dead                           Min: 0, Avg:  0.2, Max: 1, Diff: 1, Sum: 1, Workers: 4
[10.246s][debug][gc,phases      ] GC(18)     Total                          Min: 1408, Avg: 1600.8, Max: 1920, Diff: 512, Sum: 6403, Workers: 4
[10.246s][debug][gc,phases      ] GC(18)   JNI Weak                       Min:  0.0, Avg:  0.0, Max:  0.0, Diff:  0.0, Sum:  0.0, Workers: 4
[10.246s][debug][gc,phases      ] GC(18)     Dead                           Min: 0, Avg:  0.0, Max: 0, Diff: 0, Sum: 0, Workers: 4
[10.246s][debug][gc,phases      ] GC(18)     Total                          Min: 0, Avg:  0.5, Max: 2, Diff: 2, Sum: 2, Workers: 4
[10.246s][debug][gc,phases      ] GC(18)   StringDedup Table Weak         Min:  0.0, Avg:  0.0, Max:  0.0, Diff:  0.0, Sum:  0.0, Workers: 4
[10.246s][debug][gc,phases      ] GC(18)     Dead                           Min: 0, Avg:  0.0, Max: 0, Diff: 0, Sum: 0, Workers: 4
[10.246s][debug][gc,phases      ] GC(18)     Total                          Min: 0, Avg:  0.0, Max: 0, Diff: 0, Sum: 0, Workers: 4
[10.246s][debug][gc,phases      ] GC(18)   StringDedup Requests0 Weak     Min:  0.0, Avg:  0.0, Max:  0.0, Diff:  0.0, Sum:  0.0, Workers: 4
[10.246s][debug][gc,phases      ] GC(18)     Dead                           Min: 0, Avg:  0.0, Max: 0, Diff: 0, Sum: 0, Workers: 4
[10.246s][debug][gc,phases      ] GC(18)     Total                          Min: 0, Avg:  0.0, Max: 0, Diff: 0, Sum: 0, Workers: 4
[10.246s][debug][gc,phases      ] GC(18)   StringDedup Requests1 Weak     Min:  0.0, Avg:  0.0, Max:  0.0, Diff:  0.0, Sum:  0.0, Workers: 4
[10.246s][debug][gc,phases      ] GC(18)     Dead                           Min: 0, Avg:  0.0, Max: 0, Diff: 0, Sum: 0, Workers: 4
[10.246s][debug][gc,phases      ] GC(18)     Total                          Min: 0, Avg:  0.0, Max: 0, Diff: 0, Sum: 0, Workers: 4
[10.246s][debug][gc,phases      ] GC(18)   Weak JFR Old Object Samples    Min:  0.0, Avg:  0.0, Max:  0.0, Diff:  0.0, Sum:  0.0, Workers: 4
[10.246s][debug][gc,phases      ] GC(18)     Dead                           Min: 0, Avg:  0.0, Max: 0, Diff: 0, Sum: 0, Workers: 4
[10.246s][debug][gc,phases      ] GC(18)     Total                          Min: 0, Avg:  0.0, Max: 0, Diff: 0, Sum: 0, Workers: 4
[10.246s][debug][gc,phases      ] GC(18) Weak Processing 0.362ms
[10.247s][debug][gc,phases      ] GC(18) ClassLoaderData 0.174ms
[10.247s][debug][gc,phases      ] GC(18) Trigger cleanups 0.001ms
[10.260s][debug][gc,phases      ] GC(18) Class Unloading 13.980ms
[10.260s][info ][gc,phases      ] GC(18) Marking Phase 102.205ms
[10.260s][info ][gc,phases,start] GC(18) Summary Phase
[10.260s][info ][gc,phases      ] GC(18) Summary Phase 0.010ms
[10.260s][info ][gc,phases,start] GC(18) Adjust Roots
[10.271s][info ][gc,phases      ] GC(18) Adjust Roots 10.890ms
[10.271s][info ][gc,phases,start] GC(18) Compaction Phase
[10.595s][info ][gc,phases      ] GC(18) Compaction Phase 323.521ms
[10.595s][info ][gc,phases,start] GC(18) Post Compact
[10.596s][info ][gc,phases      ] GC(18) Post Compact 1.149ms
[10.596s][info ][gc,heap        ] GC(18) PSYoungGen: 187825K(1810432K)->185005K(1810432K) Eden: 0K(1518592K)->0K(1518592K) From: 187825K(291840K)->185005K(291840K)
[10.596s][info ][gc,heap        ] GC(18) ParOldGen: 16230K(18944K)->18580K(39936K)
[10.596s][info ][gc,metaspace   ] GC(18) Metaspace: 60840K(61568K)->60838K(61568K) NonClass: 51775K(52160K)->51774K(52160K) Class: 9064K(9408K)->9064K(9408K)
[10.596s][info ][gc             ] GC(18) Pause Full (Ergonomics) 199M->198M(1807M) 437.995ms
[10.596s][info ][gc,cpu         ] GC(18) User=1.60s Sys=0.00s Real=0.43s
[10.596s][info ][safepoint      ] Safepoint "ParallelGCFailedAllocation", Time since last: 320234826 ns, Reaching safepoint: 233813 ns, At safepoint: 523502623 ns, Total: 523736436 ns
[10.894s][info ][gc,start       ] GC(19) Pause Young (Allocation Failure)
[10.980s][debug][gc,phases      ] GC(19) Scavenge 85.836ms
[10.980s][debug][gc,ref         ] GC(19) Skipped phase 1 of Reference Processing: no references
[10.980s][debug][gc,ref         ] GC(19) ReferenceProcessor::execute queues: 1, RefProcThreadModel::Single, marks_oops_alive: false
[10.980s][debug][gc,ref         ] GC(19) Skipped phase 3 of Reference Processing: no references
[10.980s][debug][gc,ref         ] GC(19) ReferenceProcessor::execute queues: 1, RefProcThreadModel::Single, marks_oops_alive: false
[10.980s][debug][gc,phases      ] GC(19) Reference Processing 0.159ms
[10.981s][debug][gc,phases      ] GC(19)   VM Weak                        Min:  0.0, Avg:  0.0, Max:  0.0, Diff:  0.0, Sum:  0.0, Workers: 4
[10.981s][debug][gc,phases      ] GC(19)     Dead                           Min: 0, Avg:  0.0, Max: 0, Diff: 0, Sum: 0, Workers: 4
[10.981s][debug][gc,phases      ] GC(19)     Total                          Min: 0, Avg: 136.2, Max: 384, Diff: 384, Sum: 545, Workers: 4
[10.981s][debug][gc,phases      ] GC(19)   ObjectSynchronizer Weak        Min:  0.0, Avg:  0.0, Max:  0.0, Diff:  0.0, Sum:  0.0, Workers: 4
[10.981s][debug][gc,phases      ] GC(19)     Dead                           Min: 0, Avg:  0.2, Max: 1, Diff: 1, Sum: 1, Workers: 4
[10.981s][debug][gc,phases      ] GC(19)     Total                          Min: 7, Avg: 81.8, Max: 128, Diff: 121, Sum: 327, Workers: 4
[10.981s][debug][gc,phases      ] GC(19)   JVMTI Tag Weak OopStorage      Min:  0.0, Avg:  0.0, Max:  0.0, Diff:  0.0, Sum:  0.0, Workers: 4
[10.981s][debug][gc,phases      ] GC(19)     Dead                           Min: 0, Avg:  0.0, Max: 0, Diff: 0, Sum: 0, Workers: 4
[10.981s][debug][gc,phases      ] GC(19)     Total                          Min: 0, Avg:  0.0, Max: 0, Diff: 0, Sum: 0, Workers: 4
[10.981s][debug][gc,phases      ] GC(19)   StringTable Weak               Min:  0.3, Avg:  0.3, Max:  0.3, Diff:  0.0, Sum:  1.2, Workers: 4
[10.981s][debug][gc,phases      ] GC(19)     Dead                           Min: 0, Avg:  2.8, Max: 11, Diff: 11, Sum: 11, Workers: 4
[10.981s][debug][gc,phases      ] GC(19)     Total                          Min: 8256, Avg: 10171.0, Max: 12160, Diff: 3904, Sum: 40684, Workers: 4
[10.981s][debug][gc,phases      ] GC(19)   ResolvedMethodTable Weak       Min:  0.0, Avg:  0.1, Max:  0.1, Diff:  0.0, Sum:  0.2, Workers: 4
[10.981s][debug][gc,phases      ] GC(19)     Dead                           Min: 0, Avg:  0.0, Max: 0, Diff: 0, Sum: 0, Workers: 4
[10.981s][debug][gc,phases      ] GC(19)     Total                          Min: 1088, Avg: 1601.8, Max: 1984, Diff: 896, Sum: 6407, Workers: 4
[10.981s][debug][gc,phases      ] GC(19)   JNI Weak                       Min:  0.0, Avg:  0.0, Max:  0.0, Diff:  0.0, Sum:  0.0, Workers: 4
[10.981s][debug][gc,phases      ] GC(19)     Dead                           Min: 0, Avg:  0.0, Max: 0, Diff: 0, Sum: 0, Workers: 4
[10.981s][debug][gc,phases      ] GC(19)     Total                          Min: 0, Avg:  2.2, Max: 9, Diff: 9, Sum: 9, Workers: 4
[10.981s][debug][gc,phases      ] GC(19)   StringDedup Table Weak         Min:  0.0, Avg:  0.0, Max:  0.0, Diff:  0.0, Sum:  0.0, Workers: 4
[10.981s][debug][gc,phases      ] GC(19)     Dead                           Min: 0, Avg:  0.0, Max: 0, Diff: 0, Sum: 0, Workers: 4
[10.981s][debug][gc,phases      ] GC(19)     Total                          Min: 0, Avg:  0.0, Max: 0, Diff: 0, Sum: 0, Workers: 4
[10.981s][debug][gc,phases      ] GC(19)   StringDedup Requests0 Weak     Min:  0.0, Avg:  0.0, Max:  0.0, Diff:  0.0, Sum:  0.0, Workers: 4
[10.981s][debug][gc,phases      ] GC(19)     Dead                           Min: 0, Avg:  0.0, Max: 0, Diff: 0, Sum: 0, Workers: 4
[10.981s][debug][gc,phases      ] GC(19)     Total                          Min: 0, Avg:  0.0, Max: 0, Diff: 0, Sum: 0, Workers: 4
[10.981s][debug][gc,phases      ] GC(19)   StringDedup Requests1 Weak     Min:  0.0, Avg:  0.0, Max:  0.0, Diff:  0.0, Sum:  0.0, Workers: 4
[10.981s][debug][gc,phases      ] GC(19)     Dead                           Min: 0, Avg:  0.0, Max: 0, Diff: 0, Sum: 0, Workers: 4
[10.981s][debug][gc,phases      ] GC(19)     Total                          Min: 0, Avg:  0.0, Max: 0, Diff: 0, Sum: 0, Workers: 4
[10.981s][debug][gc,phases      ] GC(19)   Weak JFR Old Object Samples    Min:  0.0, Avg:  0.0, Max:  0.0, Diff:  0.0, Sum:  0.0, Workers: 4
[10.981s][debug][gc,phases      ] GC(19)     Dead                           Min: 0, Avg:  0.0, Max: 0, Diff: 0, Sum: 0, Workers: 4
[10.981s][debug][gc,phases      ] GC(19)     Total                          Min: 0, Avg:  0.0, Max: 0, Diff: 0, Sum: 0, Workers: 4
[10.981s][debug][gc,phases      ] GC(19) Weak Processing 0.546ms
[10.981s][debug][gc,age         ] GC(19) Desired survivor size 285736960 bytes, new threshold 13 (max threshold 15)
[10.981s][info ][gc,heap        ] GC(19) PSYoungGen: 1703597K(1810432K)->146277K(1805312K) Eden: 1518592K(1518592K)->0K(1518592K) From: 185005K(291840K)->146277K(286720K)
[10.981s][info ][gc,heap        ] GC(19) ParOldGen: 18580K(39936K)->63144K(63488K)
[10.981s][info ][gc,metaspace   ] GC(19) Metaspace: 60879K(61568K)->60879K(61568K) NonClass: 51814K(52160K)->51814K(52160K) Class: 9064K(9408K)->9064K(9408K)
[10.981s][info ][gc             ] GC(19) Pause Young (Allocation Failure) 1681M->204M(1825M) 86.675ms
[10.981s][info ][gc,cpu         ] GC(19) User=0.34s Sys=0.00s Real=0.09s
[10.981s][debug][gc,phases      ] GC(20) Pre Compact 0.010ms
[10.981s][info ][gc,start       ] GC(20) Pause Full (Ergonomics)
[10.981s][info ][gc,phases,start] GC(20) Marking Phase
[11.059s][debug][gc,phases      ] GC(20) Par Mark 78.040ms
[11.059s][debug][gc,ref         ] GC(20) Skipped phase 1 of Reference Processing: no references
[11.059s][debug][gc,ref         ] GC(20) ReferenceProcessor::execute queues: 4, RefProcThreadModel::Multi, marks_oops_alive: false
[11.060s][debug][gc,ref         ] GC(20) Skipped phase 3 of Reference Processing: no references
[11.060s][debug][gc,ref         ] GC(20) ReferenceProcessor::execute queues: 1, RefProcThreadModel::Single, marks_oops_alive: false
[11.060s][debug][gc,phases      ] GC(20) Reference Processing 0.284ms
[11.060s][debug][gc,phases      ] GC(20)   VM Weak                        Min:  0.0, Avg:  0.0, Max:  0.0, Diff:  0.0, Sum:  0.0, Workers: 4
[11.060s][debug][gc,phases      ] GC(20)     Dead                           Min: 0, Avg:  0.0, Max: 0, Diff: 0, Sum: 0, Workers: 4
[11.060s][debug][gc,phases      ] GC(20)     Total                          Min: 0, Avg: 136.2, Max: 225, Diff: 225, Sum: 545, Workers: 4
[11.060s][debug][gc,phases      ] GC(20)   ObjectSynchronizer Weak        Min:  0.0, Avg:  0.0, Max:  0.0, Diff:  0.0, Sum:  0.0, Workers: 4
[11.060s][debug][gc,phases      ] GC(20)     Dead                           Min: 0, Avg:  0.0, Max: 0, Diff: 0, Sum: 0, Workers: 4
[11.060s][debug][gc,phases      ] GC(20)     Total                          Min: 0, Avg: 81.8, Max: 135, Diff: 135, Sum: 327, Workers: 4
[11.060s][debug][gc,phases      ] GC(20)   JVMTI Tag Weak OopStorage      Min:  0.0, Avg:  0.0, Max:  0.0, Diff:  0.0, Sum:  0.0, Workers: 4
[11.060s][debug][gc,phases      ] GC(20)     Dead                           Min: 0, Avg:  0.0, Max: 0, Diff: 0, Sum: 0, Workers: 4
[11.060s][debug][gc,phases      ] GC(20)     Total                          Min: 0, Avg:  0.0, Max: 0, Diff: 0, Sum: 0, Workers: 4
[11.060s][debug][gc,phases      ] GC(20)   StringTable Weak               Min:  0.1, Avg:  0.1, Max:  0.1, Diff:  0.0, Sum:  0.6, Workers: 4
[11.060s][debug][gc,phases      ] GC(20)     Dead                           Min: 0, Avg:  0.0, Max: 0, Diff: 0, Sum: 0, Workers: 4
[11.060s][debug][gc,phases      ] GC(20)     Total                          Min: 9280, Avg: 10171.0, Max: 11072, Diff: 1792, Sum: 40684, Workers: 4
[11.060s][debug][gc,phases      ] GC(20)   ResolvedMethodTable Weak       Min:  0.0, Avg:  0.0, Max:  0.0, Diff:  0.0, Sum:  0.1, Workers: 4
[11.060s][debug][gc,phases      ] GC(20)     Dead                           Min: 0, Avg:  0.0, Max: 0, Diff: 0, Sum: 0, Workers: 4
[11.060s][debug][gc,phases      ] GC(20)     Total                          Min: 1408, Avg: 1601.8, Max: 1671, Diff: 263, Sum: 6407, Workers: 4
[11.060s][debug][gc,phases      ] GC(20)   JNI Weak                       Min:  0.0, Avg:  0.0, Max:  0.0, Diff:  0.0, Sum:  0.0, Workers: 4
[11.060s][debug][gc,phases      ] GC(20)     Dead                           Min: 0, Avg:  0.0, Max: 0, Diff: 0, Sum: 0, Workers: 4
[11.060s][debug][gc,phases      ] GC(20)     Total                          Min: 0, Avg:  2.2, Max: 9, Diff: 9, Sum: 9, Workers: 4
[11.060s][debug][gc,phases      ] GC(20)   StringDedup Table Weak         Min:  0.0, Avg:  0.0, Max:  0.0, Diff:  0.0, Sum:  0.0, Workers: 4
[11.060s][debug][gc,phases      ] GC(20)     Dead                           Min: 0, Avg:  0.0, Max: 0, Diff: 0, Sum: 0, Workers: 4
[11.060s][debug][gc,phases      ] GC(20)     Total                          Min: 0, Avg:  0.0, Max: 0, Diff: 0, Sum: 0, Workers: 4
[11.060s][debug][gc,phases      ] GC(20)   StringDedup Requests0 Weak     Min:  0.0, Avg:  0.0, Max:  0.0, Diff:  0.0, Sum:  0.0, Workers: 4
[11.060s][debug][gc,phases      ] GC(20)     Dead                           Min: 0, Avg:  0.0, Max: 0, Diff: 0, Sum: 0, Workers: 4
[11.060s][debug][gc,phases      ] GC(20)     Total                          Min: 0, Avg:  0.0, Max: 0, Diff: 0, Sum: 0, Workers: 4
[11.060s][debug][gc,phases      ] GC(20)   StringDedup Requests1 Weak     Min:  0.0, Avg:  0.0, Max:  0.0, Diff:  0.0, Sum:  0.0, Workers: 4
[11.060s][debug][gc,phases      ] GC(20)     Dead                           Min: 0, Avg:  0.0, Max: 0, Diff: 0, Sum: 0, Workers: 4
[11.060s][debug][gc,phases      ] GC(20)     Total                          Min: 0, Avg:  0.0, Max: 0, Diff: 0, Sum: 0, Workers: 4
[11.060s][debug][gc,phases      ] GC(20)   Weak JFR Old Object Samples    Min:  0.0, Avg:  0.0, Max:  0.0, Diff:  0.0, Sum:  0.0, Workers: 4
[11.060s][debug][gc,phases      ] GC(20)     Dead                           Min: 0, Avg:  0.0, Max: 0, Diff: 0, Sum: 0, Workers: 4
[11.060s][debug][gc,phases      ] GC(20)     Total                          Min: 0, Avg:  0.0, Max: 0, Diff: 0, Sum: 0, Workers: 4
[11.060s][debug][gc,phases      ] GC(20) Weak Processing 0.353ms
[11.060s][debug][gc,phases      ] GC(20) ClassLoaderData 0.075ms
[11.060s][debug][gc,phases      ] GC(20) Trigger cleanups 0.000ms
[11.068s][debug][gc,phases      ] GC(20) Class Unloading 8.097ms
[11.068s][info ][gc,phases      ] GC(20) Marking Phase 86.948ms
[11.068s][info ][gc,phases,start] GC(20) Summary Phase
[11.068s][info ][gc,phases      ] GC(20) Summary Phase 0.010ms
[11.068s][info ][gc,phases,start] GC(20) Adjust Roots
[11.078s][info ][gc,phases      ] GC(20) Adjust Roots 9.686ms
[11.078s][info ][gc,phases,start] GC(20) Compaction Phase
[11.673s][info ][gc,phases      ] GC(20) Compaction Phase 595.365ms
[11.673s][info ][gc,phases,start] GC(20) Post Compact
[11.674s][info ][gc,phases      ] GC(20) Post Compact 0.748ms
[11.674s][info ][gc,heap        ] GC(20) PSYoungGen: 146277K(1805312K)->145578K(1805312K) Eden: 0K(1518592K)->0K(1518592K) From: 146277K(286720K)->145578K(286720K)
[11.674s][info ][gc,heap        ] GC(20) ParOldGen: 63144K(63488K)->63458K(108032K)
[11.674s][info ][gc,metaspace   ] GC(20) Metaspace: 60879K(61568K)->60879K(61568K) NonClass: 51814K(52160K)->51814K(52160K) Class: 9064K(9408K)->9064K(9408K)
[11.674s][info ][gc             ] GC(20) Pause Full (Ergonomics) 204M->204M(1868M) 693.044ms
[11.674s][info ][gc,cpu         ] GC(20) User=1.62s Sys=0.03s Real=0.69s
[11.690s][info ][safepoint      ] Safepoint "ParallelGCFailedAllocation", Time since last: 297884417 ns, Reaching safepoint: 164209 ns, At safepoint: 795708451 ns, Total: 795872660 ns
[11.692s][info ][safepoint      ] Safepoint "ICBufferFull", Time since last: 1896502 ns, Reaching safepoint: 124407 ns, At safepoint: 32602 ns, Total: 157009 ns
[11.707s][info ][safepoint      ] Safepoint "ICBufferFull", Time since last: 14566888 ns, Reaching safepoint: 138807 ns, At safepoint: 27902 ns, Total: 166709 ns
[11.708s][info ][safepoint      ] Safepoint "ICBufferFull", Time since last: 718139 ns, Reaching safepoint: 95805 ns, At safepoint: 19801 ns, Total: 115606 ns
[12.014s][info ][gc,start       ] GC(21) Pause Young (Allocation Failure)
[12.126s][debug][gc,phases      ] GC(21) Scavenge 111.563ms
[12.126s][debug][gc,ref         ] GC(21) Skipped phase 1 of Reference Processing: no references
[12.126s][debug][gc,ref         ] GC(21) ReferenceProcessor::execute queues: 1, RefProcThreadModel::Single, marks_oops_alive: false
[12.126s][debug][gc,ref         ] GC(21) Skipped phase 3 of Reference Processing: no references
[12.126s][debug][gc,ref         ] GC(21) ReferenceProcessor::execute queues: 1, RefProcThreadModel::Single, marks_oops_alive: false
[12.126s][debug][gc,phases      ] GC(21) Reference Processing 0.130ms
[12.126s][debug][gc,phases      ] GC(21)   VM Weak                        Min:  0.0, Avg:  0.0, Max:  0.0, Diff:  0.0, Sum:  0.0, Workers: 4
[12.126s][debug][gc,phases      ] GC(21)     Dead                           Min: 0, Avg:  0.0, Max: 0, Diff: 0, Sum: 0, Workers: 4
[12.126s][debug][gc,phases      ] GC(21)     Total                          Min: 0, Avg: 136.5, Max: 418, Diff: 418, Sum: 546, Workers: 4
[12.126s][debug][gc,phases      ] GC(21)   ObjectSynchronizer Weak        Min:  0.0, Avg:  0.0, Max:  0.0, Diff:  0.0, Sum:  0.0, Workers: 4
[12.126s][debug][gc,phases      ] GC(21)     Dead                           Min: 0, Avg:  0.0, Max: 0, Diff: 0, Sum: 0, Workers: 4
[12.126s][debug][gc,phases      ] GC(21)     Total                          Min: 0, Avg: 81.8, Max: 128, Diff: 128, Sum: 327, Workers: 4
[12.126s][debug][gc,phases      ] GC(21)   JVMTI Tag Weak OopStorage      Min:  0.0, Avg:  0.0, Max:  0.0, Diff:  0.0, Sum:  0.0, Workers: 4
[12.126s][debug][gc,phases      ] GC(21)     Dead                           Min: 0, Avg:  0.0, Max: 0, Diff: 0, Sum: 0, Workers: 4
[12.126s][debug][gc,phases      ] GC(21)     Total                          Min: 0, Avg:  0.0, Max: 0, Diff: 0, Sum: 0, Workers: 4
[12.126s][debug][gc,phases      ] GC(21)   StringTable Weak               Min:  0.3, Avg:  0.3, Max:  0.3, Diff:  0.0, Sum:  1.0, Workers: 4
[12.126s][debug][gc,phases      ] GC(21)     Dead                           Min: 0, Avg:  3.0, Max: 12, Diff: 12, Sum: 12, Workers: 4
[12.126s][debug][gc,phases      ] GC(21)     Total                          Min: 8448, Avg: 10177.8, Max: 11783, Diff: 3335, Sum: 40711, Workers: 4
[12.126s][debug][gc,phases      ] GC(21)   ResolvedMethodTable Weak       Min:  0.0, Avg:  0.0, Max:  0.0, Diff:  0.0, Sum:  0.2, Workers: 4
[12.126s][debug][gc,phases      ] GC(21)     Dead                           Min: 0, Avg:  0.0, Max: 0, Diff: 0, Sum: 0, Workers: 4
[12.126s][debug][gc,phases      ] GC(21)     Total                          Min: 960, Avg: 1603.2, Max: 2048, Diff: 1088, Sum: 6413, Workers: 4
[12.126s][debug][gc,phases      ] GC(21)   JNI Weak                       Min:  0.0, Avg:  0.0, Max:  0.0, Diff:  0.0, Sum:  0.0, Workers: 4
[12.126s][debug][gc,phases      ] GC(21)     Dead                           Min: 0, Avg:  0.0, Max: 0, Diff: 0, Sum: 0, Workers: 4
[12.126s][debug][gc,phases      ] GC(21)     Total                          Min: 0, Avg:  0.2, Max: 1, Diff: 1, Sum: 1, Workers: 4
[12.126s][debug][gc,phases      ] GC(21)   StringDedup Table Weak         Min:  0.0, Avg:  0.0, Max:  0.0, Diff:  0.0, Sum:  0.0, Workers: 4
[12.126s][debug][gc,phases      ] GC(21)     Dead                           Min: 0, Avg:  0.0, Max: 0, Diff: 0, Sum: 0, Workers: 4
[12.126s][debug][gc,phases      ] GC(21)     Total                          Min: 0, Avg:  0.0, Max: 0, Diff: 0, Sum: 0, Workers: 4
[12.126s][debug][gc,phases      ] GC(21)   StringDedup Requests0 Weak     Min:  0.0, Avg:  0.0, Max:  0.0, Diff:  0.0, Sum:  0.0, Workers: 4
[12.126s][debug][gc,phases      ] GC(21)     Dead                           Min: 0, Avg:  0.0, Max: 0, Diff: 0, Sum: 0, Workers: 4
[12.126s][debug][gc,phases      ] GC(21)     Total                          Min: 0, Avg:  0.0, Max: 0, Diff: 0, Sum: 0, Workers: 4
[12.126s][debug][gc,phases      ] GC(21)   StringDedup Requests1 Weak     Min:  0.0, Avg:  0.0, Max:  0.0, Diff:  0.0, Sum:  0.0, Workers: 4
[12.126s][debug][gc,phases      ] GC(21)     Dead                           Min: 0, Avg:  0.0, Max: 0, Diff: 0, Sum: 0, Workers: 4
[12.126s][debug][gc,phases      ] GC(21)     Total                          Min: 0, Avg:  0.0, Max: 0, Diff: 0, Sum: 0, Workers: 4
[12.126s][debug][gc,phases      ] GC(21)   Weak JFR Old Object Samples    Min:  0.0, Avg:  0.0, Max:  0.0, Diff:  0.0, Sum:  0.0, Workers: 4
[12.126s][debug][gc,phases      ] GC(21)     Dead                           Min: 0, Avg:  0.0, Max: 0, Diff: 0, Sum: 0, Workers: 4
[12.126s][debug][gc,phases      ] GC(21)     Total                          Min: 0, Avg:  0.0, Max: 0, Diff: 0, Sum: 0, Workers: 4
[12.126s][debug][gc,phases      ] GC(21) Weak Processing 0.495ms
[12.126s][debug][gc,age         ] GC(21) Desired survivor size 298844160 bytes, new threshold 14 (max threshold 15)
[12.126s][info ][gc,heap        ] GC(21) PSYoungGen: 1664170K(1805312K)->28473K(1792512K) Eden: 1518592K(1518592K)->0K(1513472K) From: 145578K(286720K)->28473K(279040K)
[12.126s][info ][gc,heap        ] GC(21) ParOldGen: 63458K(108032K)->182130K(182272K)
[12.126s][info ][gc,metaspace   ] GC(21) Metaspace: 60912K(61632K)->60912K(61632K) NonClass: 51847K(52224K)->51847K(52224K) Class: 9065K(9408K)->9065K(9408K)
[12.126s][info ][gc             ] GC(21) Pause Young (Allocation Failure) 1687M->205M(1928M) 112.337ms
[12.126s][info ][gc,cpu         ] GC(21) User=0.40s Sys=0.04s Real=0.12s
[12.126s][debug][gc,phases      ] GC(22) Pre Compact 0.011ms
[12.126s][info ][gc,start       ] GC(22) Pause Full (Ergonomics)
[12.126s][info ][gc,phases,start] GC(22) Marking Phase
[12.212s][debug][gc,phases      ] GC(22) Par Mark 85.653ms
[12.212s][debug][gc,ref         ] GC(22) Skipped phase 1 of Reference Processing: no references
[12.212s][debug][gc,ref         ] GC(22) ReferenceProcessor::execute queues: 4, RefProcThreadModel::Multi, marks_oops_alive: false
[12.213s][debug][gc,ref         ] GC(22) Skipped phase 3 of Reference Processing: no references
[12.213s][debug][gc,ref         ] GC(22) ReferenceProcessor::execute queues: 1, RefProcThreadModel::Single, marks_oops_alive: false
[12.213s][debug][gc,phases      ] GC(22) Reference Processing 0.389ms
[12.213s][debug][gc,phases      ] GC(22)   VM Weak                        Min:  0.0, Avg:  0.0, Max:  0.0, Diff:  0.0, Sum:  0.0, Workers: 4
[12.213s][debug][gc,phases      ] GC(22)     Dead                           Min: 0, Avg:  0.0, Max: 0, Diff: 0, Sum: 0, Workers: 4
[12.213s][debug][gc,phases      ] GC(22)     Total                          Min: 0, Avg: 136.5, Max: 256, Diff: 256, Sum: 546, Workers: 4
[12.213s][debug][gc,phases      ] GC(22)   ObjectSynchronizer Weak        Min:  0.0, Avg:  0.0, Max:  0.0, Diff:  0.0, Sum:  0.0, Workers: 4
[12.213s][debug][gc,phases      ] GC(22)     Dead                           Min: 0, Avg:  0.0, Max: 0, Diff: 0, Sum: 0, Workers: 4
[12.213s][debug][gc,phases      ] GC(22)     Total                          Min: 7, Avg: 81.8, Max: 128, Diff: 121, Sum: 327, Workers: 4
[12.213s][debug][gc,phases      ] GC(22)   JVMTI Tag Weak OopStorage      Min:  0.0, Avg:  0.0, Max:  0.0, Diff:  0.0, Sum:  0.0, Workers: 4
[12.213s][debug][gc,phases      ] GC(22)     Dead                           Min: 0, Avg:  0.0, Max: 0, Diff: 0, Sum: 0, Workers: 4
[12.213s][debug][gc,phases      ] GC(22)     Total                          Min: 0, Avg:  0.0, Max: 0, Diff: 0, Sum: 0, Workers: 4
[12.213s][debug][gc,phases      ] GC(22)   StringTable Weak               Min:  0.2, Avg:  0.2, Max:  0.2, Diff:  0.0, Sum:  0.6, Workers: 4
[12.213s][debug][gc,phases      ] GC(22)     Dead                           Min: 0, Avg:  0.0, Max: 0, Diff: 0, Sum: 0, Workers: 4
[12.213s][debug][gc,phases      ] GC(22)     Total                          Min: 9159, Avg: 10177.8, Max: 11328, Diff: 2169, Sum: 40711, Workers: 4
[12.213s][debug][gc,phases      ] GC(22)   ResolvedMethodTable Weak       Min:  0.0, Avg:  0.0, Max:  0.0, Diff:  0.0, Sum:  0.1, Workers: 4
[12.213s][debug][gc,phases      ] GC(22)     Dead                           Min: 0, Avg:  0.0, Max: 0, Diff: 0, Sum: 0, Workers: 4
[12.213s][debug][gc,phases      ] GC(22)     Total                          Min: 1485, Avg: 1603.2, Max: 1856, Diff: 371, Sum: 6413, Workers: 4
[12.213s][debug][gc,phases      ] GC(22)   JNI Weak                       Min:  0.0, Avg:  0.0, Max:  0.0, Diff:  0.0, Sum:  0.0, Workers: 4
[12.213s][debug][gc,phases      ] GC(22)     Dead                           Min: 0, Avg:  0.0, Max: 0, Diff: 0, Sum: 0, Workers: 4
[12.213s][debug][gc,phases      ] GC(22)     Total                          Min: 0, Avg:  0.2, Max: 1, Diff: 1, Sum: 1, Workers: 4
[12.213s][debug][gc,phases      ] GC(22)   StringDedup Table Weak         Min:  0.0, Avg:  0.0, Max:  0.0, Diff:  0.0, Sum:  0.0, Workers: 4
[12.213s][debug][gc,phases      ] GC(22)     Dead                           Min: 0, Avg:  0.0, Max: 0, Diff: 0, Sum: 0, Workers: 4
[12.213s][debug][gc,phases      ] GC(22)     Total                          Min: 0, Avg:  0.0, Max: 0, Diff: 0, Sum: 0, Workers: 4
[12.213s][debug][gc,phases      ] GC(22)   StringDedup Requests0 Weak     Min:  0.0, Avg:  0.0, Max:  0.0, Diff:  0.0, Sum:  0.0, Workers: 4
[12.213s][debug][gc,phases      ] GC(22)     Dead                           Min: 0, Avg:  0.0, Max: 0, Diff: 0, Sum: 0, Workers: 4
[12.213s][debug][gc,phases      ] GC(22)     Total                          Min: 0, Avg:  0.0, Max: 0, Diff: 0, Sum: 0, Workers: 4
[12.213s][debug][gc,phases      ] GC(22)   StringDedup Requests1 Weak     Min:  0.0, Avg:  0.0, Max:  0.0, Diff:  0.0, Sum:  0.0, Workers: 4
[12.213s][debug][gc,phases      ] GC(22)     Dead                           Min: 0, Avg:  0.0, Max: 0, Diff: 0, Sum: 0, Workers: 4
[12.213s][debug][gc,phases      ] GC(22)     Total                          Min: 0, Avg:  0.0, Max: 0, Diff: 0, Sum: 0, Workers: 4
[12.213s][debug][gc,phases      ] GC(22)   Weak JFR Old Object Samples    Min:  0.0, Avg:  0.0, Max:  0.0, Diff:  0.0, Sum:  0.0, Workers: 4
[12.213s][debug][gc,phases      ] GC(22)     Dead                           Min: 0, Avg:  0.0, Max: 0, Diff: 0, Sum: 0, Workers: 4
[12.213s][debug][gc,phases      ] GC(22)     Total                          Min: 0, Avg:  0.0, Max: 0, Diff: 0, Sum: 0, Workers: 4
[12.213s][debug][gc,phases      ] GC(22) Weak Processing 0.358ms
[12.213s][debug][gc,phases      ] GC(22) ClassLoaderData 0.079ms
[12.213s][debug][gc,phases      ] GC(22) Trigger cleanups 0.000ms
[12.221s][debug][gc,phases      ] GC(22) Class Unloading 8.082ms
[12.221s][info ][gc,phases      ] GC(22) Marking Phase 94.642ms
[12.221s][info ][gc,phases,start] GC(22) Summary Phase
[12.221s][info ][gc,phases      ] GC(22) Summary Phase 0.009ms
[12.221s][info ][gc,phases,start] GC(22) Adjust Roots
[12.230s][info ][gc,phases      ] GC(22) Adjust Roots 8.639ms
[12.230s][info ][gc,phases,start] GC(22) Compaction Phase
[12.502s][info ][gc,phases      ] GC(22) Compaction Phase 272.381ms
[12.502s][info ][gc,phases,start] GC(22) Post Compact
[12.503s][info ][gc,phases      ] GC(22) Post Compact 0.529ms
[12.503s][info ][gc,heap        ] GC(22) PSYoungGen: 28473K(1792512K)->27885K(1792512K) Eden: 0K(1513472K)->0K(1513472K) From: 28473K(279040K)->27885K(279040K)
[12.503s][info ][gc,heap        ] GC(22) ParOldGen: 182130K(182272K)->182214K(277504K)
[12.503s][info ][gc,metaspace   ] GC(22) Metaspace: 60912K(61632K)->60912K(61632K) NonClass: 51847K(52224K)->51847K(52224K) Class: 9065K(9408K)->9065K(9408K)
[12.503s][info ][gc             ] GC(22) Pause Full (Ergonomics) 205M->205M(2021M) 376.504ms
[12.503s][info ][gc,cpu         ] GC(22) User=1.21s Sys=0.00s Real=0.37s
[12.503s][info ][safepoint      ] Safepoint "ParallelGCFailedAllocation", Time since last: 306129663 ns, Reaching safepoint: 176809 ns, At safepoint: 489005558 ns, Total: 489182367 ns
[12.765s][info ][gc,start       ] GC(23) Pause Young (Allocation Failure)
[12.797s][debug][gc,phases      ] GC(23) Scavenge 31.193ms
[12.797s][debug][gc,ref         ] GC(23) Skipped phase 1 of Reference Processing: no references
[12.797s][debug][gc,ref         ] GC(23) ReferenceProcessor::execute queues: 1, RefProcThreadModel::Single, marks_oops_alive: false
[12.797s][debug][gc,ref         ] GC(23) Skipped phase 3 of Reference Processing: no references
[12.797s][debug][gc,ref         ] GC(23) ReferenceProcessor::execute queues: 1, RefProcThreadModel::Single, marks_oops_alive: false
[12.797s][debug][gc,phases      ] GC(23) Reference Processing 0.173ms
[12.797s][debug][gc,phases      ] GC(23)   VM Weak                        Min:  0.0, Avg:  0.0, Max:  0.0, Diff:  0.0, Sum:  0.0, Workers: 4
[12.797s][debug][gc,phases      ] GC(23)     Dead                           Min: 0, Avg:  0.0, Max: 0, Diff: 0, Sum: 0, Workers: 4
[12.797s][debug][gc,phases      ] GC(23)     Total                          Min: 0, Avg: 136.5, Max: 354, Diff: 354, Sum: 546, Workers: 4
[12.797s][debug][gc,phases      ] GC(23)   ObjectSynchronizer Weak        Min:  0.0, Avg:  0.0, Max:  0.0, Diff:  0.0, Sum:  0.0, Workers: 4
[12.797s][debug][gc,phases      ] GC(23)     Dead                           Min: 0, Avg:  0.0, Max: 0, Diff: 0, Sum: 0, Workers: 4
[12.797s][debug][gc,phases      ] GC(23)     Total                          Min: 0, Avg: 81.8, Max: 135, Diff: 135, Sum: 327, Workers: 4
[12.797s][debug][gc,phases      ] GC(23)   JVMTI Tag Weak OopStorage      Min:  0.0, Avg:  0.0, Max:  0.0, Diff:  0.0, Sum:  0.0, Workers: 4
[12.797s][debug][gc,phases      ] GC(23)     Dead                           Min: 0, Avg:  0.0, Max: 0, Diff: 0, Sum: 0, Workers: 4
[12.797s][debug][gc,phases      ] GC(23)     Total                          Min: 0, Avg:  0.0, Max: 0, Diff: 0, Sum: 0, Workers: 4
[12.797s][debug][gc,phases      ] GC(23)   StringTable Weak               Min:  0.1, Avg:  0.1, Max:  0.1, Diff:  0.0, Sum:  0.4, Workers: 4
[12.797s][debug][gc,phases      ] GC(23)     Dead                           Min: 0, Avg:  2.8, Max: 11, Diff: 11, Sum: 11, Workers: 4
[12.797s][debug][gc,phases      ] GC(23)     Total                          Min: 9517, Avg: 10187.2, Max: 11328, Diff: 1811, Sum: 40749, Workers: 4
[12.797s][debug][gc,phases      ] GC(23)   ResolvedMethodTable Weak       Min:  0.0, Avg:  0.0, Max:  0.0, Diff:  0.0, Sum:  0.1, Workers: 4
[12.797s][debug][gc,phases      ] GC(23)     Dead                           Min: 0, Avg:  0.2, Max: 1, Diff: 1, Sum: 1, Workers: 4
[12.797s][debug][gc,phases      ] GC(23)     Total                          Min: 1376, Avg: 1608.0, Max: 1728, Diff: 352, Sum: 6432, Workers: 4
[12.797s][debug][gc,phases      ] GC(23)   JNI Weak                       Min:  0.0, Avg:  0.0, Max:  0.0, Diff:  0.0, Sum:  0.0, Workers: 4
[12.797s][debug][gc,phases      ] GC(23)     Dead                           Min: 0, Avg:  0.0, Max: 0, Diff: 0, Sum: 0, Workers: 4
[12.797s][debug][gc,phases      ] GC(23)     Total                          Min: 0, Avg:  1.0, Max: 4, Diff: 4, Sum: 4, Workers: 4
[12.797s][debug][gc,phases      ] GC(23)   StringDedup Table Weak         Min:  0.0, Avg:  0.0, Max:  0.0, Diff:  0.0, Sum:  0.0, Workers: 4
[12.797s][debug][gc,phases      ] GC(23)     Dead                           Min: 0, Avg:  0.0, Max: 0, Diff: 0, Sum: 0, Workers: 4
[12.797s][debug][gc,phases      ] GC(23)     Total                          Min: 0, Avg:  0.0, Max: 0, Diff: 0, Sum: 0, Workers: 4
[12.797s][debug][gc,phases      ] GC(23)   StringDedup Requests0 Weak     Min:  0.0, Avg:  0.0, Max:  0.0, Diff:  0.0, Sum:  0.0, Workers: 4
[12.797s][debug][gc,phases      ] GC(23)     Dead                           Min: 0, Avg:  0.0, Max: 0, Diff: 0, Sum: 0, Workers: 4
[12.797s][debug][gc,phases      ] GC(23)     Total                          Min: 0, Avg:  0.0, Max: 0, Diff: 0, Sum: 0, Workers: 4
[12.797s][debug][gc,phases      ] GC(23)   StringDedup Requests1 Weak     Min:  0.0, Avg:  0.0, Max:  0.0, Diff:  0.0, Sum:  0.0, Workers: 4
[12.797s][debug][gc,phases      ] GC(23)     Dead                           Min: 0, Avg:  0.0, Max: 0, Diff: 0, Sum: 0, Workers: 4
[12.797s][debug][gc,phases      ] GC(23)     Total                          Min: 0, Avg:  0.0, Max: 0, Diff: 0, Sum: 0, Workers: 4
[12.797s][debug][gc,phases      ] GC(23)   Weak JFR Old Object Samples    Min:  0.0, Avg:  0.0, Max:  0.0, Diff:  0.0, Sum:  0.0, Workers: 4
[12.797s][debug][gc,phases      ] GC(23)     Dead                           Min: 0, Avg:  0.0, Max: 0, Diff: 0, Sum: 0, Workers: 4
[12.797s][debug][gc,phases      ] GC(23)     Total                          Min: 0, Avg:  0.0, Max: 0, Diff: 0, Sum: 0, Workers: 4
[12.797s][debug][gc,phases      ] GC(23) Weak Processing 0.308ms
[12.797s][debug][gc,age         ] GC(23) Desired survivor size 306184192 bytes, new threshold 15 (max threshold 15)
[12.797s][info ][gc,heap        ] GC(23) PSYoungGen: 1541357K(1792512K)->28213K(1542144K) Eden: 1513472K(1513472K)->0K(1513472K) From: 27885K(279040K)->28213K(28672K)
[12.797s][info ][gc,heap        ] GC(23) ParOldGen: 182214K(277504K)->182214K(277504K)
[12.797s][info ][gc,metaspace   ] GC(23) Metaspace: 61081K(61824K)->61081K(61824K) NonClass: 51994K(52416K)->51994K(52416K) Class: 9087K(9408K)->9087K(9408K)
[12.797s][info ][gc             ] GC(23) Pause Young (Allocation Failure) 1683M->205M(1777M) 31.808ms
[12.797s][info ][gc,cpu         ] GC(23) User=0.12s Sys=0.00s Real=0.03s
[12.797s][info ][safepoint      ] Safepoint "ParallelGCFailedAllocation", Time since last: 262326293 ns, Reaching safepoint: 163208 ns, At safepoint: 31914927 ns, Total: 32078135 ns
[13.199s][info ][gc,start       ] GC(24) Pause Young (Allocation Failure)
[13.217s][debug][gc,phases      ] GC(24) Scavenge 17.692ms
[13.217s][debug][gc,ref         ] GC(24) Skipped phase 1 of Reference Processing: no references
[13.217s][debug][gc,ref         ] GC(24) ReferenceProcessor::execute queues: 1, RefProcThreadModel::Single, marks_oops_alive: false
[13.217s][debug][gc,ref         ] GC(24) Skipped phase 3 of Reference Processing: no references
[13.217s][debug][gc,ref         ] GC(24) ReferenceProcessor::execute queues: 1, RefProcThreadModel::Single, marks_oops_alive: false
[13.217s][debug][gc,phases      ] GC(24) Reference Processing 0.166ms
[13.217s][debug][gc,phases      ] GC(24)   VM Weak                        Min:  0.0, Avg:  0.0, Max:  0.0, Diff:  0.0, Sum:  0.0, Workers: 4
[13.217s][debug][gc,phases      ] GC(24)     Dead                           Min: 0, Avg:  0.0, Max: 0, Diff: 0, Sum: 0, Workers: 4
[13.217s][debug][gc,phases      ] GC(24)     Total                          Min: 0, Avg: 137.2, Max: 448, Diff: 448, Sum: 549, Workers: 4
[13.217s][debug][gc,phases      ] GC(24)   ObjectSynchronizer Weak        Min:  0.0, Avg:  0.0, Max:  0.0, Diff:  0.0, Sum:  0.0, Workers: 4
[13.217s][debug][gc,phases      ] GC(24)     Dead                           Min: 0, Avg:  0.0, Max: 0, Diff: 0, Sum: 0, Workers: 4
[13.217s][debug][gc,phases      ] GC(24)     Total                          Min: 0, Avg: 81.8, Max: 135, Diff: 135, Sum: 327, Workers: 4
[13.217s][debug][gc,phases      ] GC(24)   JVMTI Tag Weak OopStorage      Min:  0.0, Avg:  0.0, Max:  0.0, Diff:  0.0, Sum:  0.0, Workers: 4
[13.217s][debug][gc,phases      ] GC(24)     Dead                           Min: 0, Avg:  0.0, Max: 0, Diff: 0, Sum: 0, Workers: 4
[13.217s][debug][gc,phases      ] GC(24)     Total                          Min: 0, Avg:  0.0, Max: 0, Diff: 0, Sum: 0, Workers: 4
[13.217s][debug][gc,phases      ] GC(24)   StringTable Weak               Min:  0.1, Avg:  0.1, Max:  0.1, Diff:  0.0, Sum:  0.5, Workers: 4
[13.217s][debug][gc,phases      ] GC(24)     Dead                           Min: 0, Avg:  3.8, Max: 11, Diff: 11, Sum: 15, Workers: 4
[13.217s][debug][gc,phases      ] GC(24)     Total                          Min: 9728, Avg: 10354.2, Max: 10816, Diff: 1088, Sum: 41417, Workers: 4
[13.217s][debug][gc,phases      ] GC(24)   ResolvedMethodTable Weak       Min:  0.0, Avg:  0.0, Max:  0.0, Diff:  0.0, Sum:  0.1, Workers: 4
[13.217s][debug][gc,phases      ] GC(24)     Dead                           Min: 0, Avg:  8.8, Max: 24, Diff: 24, Sum: 35, Workers: 4
[13.217s][debug][gc,phases      ] GC(24)     Total                          Min: 1407, Avg: 1622.5, Max: 1920, Diff: 513, Sum: 6490, Workers: 4
[13.217s][debug][gc,phases      ] GC(24)   JNI Weak                       Min:  0.0, Avg:  0.0, Max:  0.0, Diff:  0.0, Sum:  0.0, Workers: 4
[13.217s][debug][gc,phases      ] GC(24)     Dead                           Min: 0, Avg:  0.0, Max: 0, Diff: 0, Sum: 0, Workers: 4
[13.217s][debug][gc,phases      ] GC(24)     Total                          Min: 0, Avg:  0.0, Max: 0, Diff: 0, Sum: 0, Workers: 4
[13.217s][debug][gc,phases      ] GC(24)   StringDedup Table Weak         Min:  0.0, Avg:  0.0, Max:  0.0, Diff:  0.0, Sum:  0.0, Workers: 4
[13.217s][debug][gc,phases      ] GC(24)     Dead                           Min: 0, Avg:  0.0, Max: 0, Diff: 0, Sum: 0, Workers: 4
[13.217s][debug][gc,phases      ] GC(24)     Total                          Min: 0, Avg:  0.0, Max: 0, Diff: 0, Sum: 0, Workers: 4
[13.217s][debug][gc,phases      ] GC(24)   StringDedup Requests0 Weak     Min:  0.0, Avg:  0.0, Max:  0.0, Diff:  0.0, Sum:  0.0, Workers: 4
[13.217s][debug][gc,phases      ] GC(24)     Dead                           Min: 0, Avg:  0.0, Max: 0, Diff: 0, Sum: 0, Workers: 4
[13.217s][debug][gc,phases      ] GC(24)     Total                          Min: 0, Avg:  0.0, Max: 0, Diff: 0, Sum: 0, Workers: 4
[13.217s][debug][gc,phases      ] GC(24)   StringDedup Requests1 Weak     Min:  0.0, Avg:  0.0, Max:  0.0, Diff:  0.0, Sum:  0.0, Workers: 4
[13.217s][debug][gc,phases      ] GC(24)     Dead                           Min: 0, Avg:  0.0, Max: 0, Diff: 0, Sum: 0, Workers: 4
[13.217s][debug][gc,phases      ] GC(24)     Total                          Min: 0, Avg:  0.0, Max: 0, Diff: 0, Sum: 0, Workers: 4
[13.217s][debug][gc,phases      ] GC(24)   Weak JFR Old Object Samples    Min:  0.0, Avg:  0.0, Max:  0.0, Diff:  0.0, Sum:  0.0, Workers: 4
[13.217s][debug][gc,phases      ] GC(24)     Dead                           Min: 0, Avg:  0.0, Max: 0, Diff: 0, Sum: 0, Workers: 4
[13.217s][debug][gc,phases      ] GC(24)     Total                          Min: 0, Avg:  0.0, Max: 0, Diff: 0, Sum: 0, Workers: 4
[13.217s][debug][gc,phases      ] GC(24) Weak Processing 0.347ms
[13.217s][debug][gc,age         ] GC(24) Desired survivor size 309854208 bytes, new threshold 15 (max threshold 15)
[13.217s][info ][gc,heap        ] GC(24) PSYoungGen: 1541685K(1542144K)->28597K(1790976K) Eden: 1513472K(1513472K)->0K(1491968K) From: 28213K(28672K)->28597K(299008K)
[13.217s][info ][gc,heap        ] GC(24) ParOldGen: 182214K(277504K)->182222K(277504K)
[13.217s][info ][gc,metaspace   ] GC(24) Metaspace: 62354K(62976K)->62354K(62976K) NonClass: 53113K(53440K)->53113K(53440K) Class: 9240K(9536K)->9240K(9536K)
[13.217s][info ][gc             ] GC(24) Pause Young (Allocation Failure) 1683M->205M(2020M) 18.337ms
[13.217s][info ][gc,cpu         ] GC(24) User=0.08s Sys=0.00s Real=0.01s
[13.217s][info ][safepoint      ] Safepoint "ParallelGCFailedAllocation", Time since last: 401310113 ns, Reaching safepoint: 189210 ns, At safepoint: 18456399 ns, Total: 18645609 ns
[13.464s][info ][gc,start       ] GC(25) Pause Young (Allocation Failure)
[13.482s][debug][gc,phases      ] GC(25) Scavenge 17.701ms
[13.482s][debug][gc,ref         ] GC(25) Skipped phase 1 of Reference Processing: no references
[13.482s][debug][gc,ref         ] GC(25) ReferenceProcessor::execute queues: 1, RefProcThreadModel::Single, marks_oops_alive: false
[13.482s][debug][gc,ref         ] GC(25) Skipped phase 3 of Reference Processing: no references
[13.482s][debug][gc,ref         ] GC(25) ReferenceProcessor::execute queues: 1, RefProcThreadModel::Single, marks_oops_alive: false
[13.482s][debug][gc,phases      ] GC(25) Reference Processing 0.174ms
[13.482s][debug][gc,phases      ] GC(25)   VM Weak                        Min:  0.0, Avg:  0.0, Max:  0.0, Diff:  0.0, Sum:  0.0, Workers: 4
[13.482s][debug][gc,phases      ] GC(25)     Dead                           Min: 0, Avg:  0.0, Max: 0, Diff: 0, Sum: 0, Workers: 4
[13.482s][debug][gc,phases      ] GC(25)     Total                          Min: 0, Avg: 137.2, Max: 357, Diff: 357, Sum: 549, Workers: 4
[13.482s][debug][gc,phases      ] GC(25)   ObjectSynchronizer Weak        Min:  0.0, Avg:  0.0, Max:  0.0, Diff:  0.0, Sum:  0.0, Workers: 4
[13.482s][debug][gc,phases      ] GC(25)     Dead                           Min: 0, Avg:  0.0, Max: 0, Diff: 0, Sum: 0, Workers: 4
[13.482s][debug][gc,phases      ] GC(25)     Total                          Min: 0, Avg: 82.0, Max: 200, Diff: 200, Sum: 328, Workers: 4
[13.482s][debug][gc,phases      ] GC(25)   JVMTI Tag Weak OopStorage      Min:  0.0, Avg:  0.0, Max:  0.0, Diff:  0.0, Sum:  0.0, Workers: 4
[13.482s][debug][gc,phases      ] GC(25)     Dead                           Min: 0, Avg:  0.0, Max: 0, Diff: 0, Sum: 0, Workers: 4
[13.482s][debug][gc,phases      ] GC(25)     Total                          Min: 0, Avg:  0.0, Max: 0, Diff: 0, Sum: 0, Workers: 4
[13.482s][debug][gc,phases      ] GC(25)   StringTable Weak               Min:  0.1, Avg:  0.1, Max:  0.1, Diff:  0.0, Sum:  0.5, Workers: 4
[13.482s][debug][gc,phases      ] GC(25)     Dead                           Min: 0, Avg:  0.2, Max: 1, Diff: 1, Sum: 1, Workers: 4
[13.482s][debug][gc,phases      ] GC(25)     Total                          Min: 9728, Avg: 10491.2, Max: 11776, Diff: 2048, Sum: 41965, Workers: 4
[13.482s][debug][gc,phases      ] GC(25)   ResolvedMethodTable Weak       Min:  0.0, Avg:  0.0, Max:  0.0, Diff:  0.0, Sum:  0.2, Workers: 4
[13.482s][debug][gc,phases      ] GC(25)     Dead                           Min: 1, Avg: 24.0, Max: 48, Diff: 47, Sum: 96, Workers: 4
[13.482s][debug][gc,phases      ] GC(25)     Total                          Min: 1408, Avg: 1642.0, Max: 1770, Diff: 362, Sum: 6568, Workers: 4
[13.482s][debug][gc,phases      ] GC(25)   JNI Weak                       Min:  0.0, Avg:  0.0, Max:  0.0, Diff:  0.0, Sum:  0.0, Workers: 4
[13.482s][debug][gc,phases      ] GC(25)     Dead                           Min: 0, Avg:  0.0, Max: 0, Diff: 0, Sum: 0, Workers: 4
[13.482s][debug][gc,phases      ] GC(25)     Total                          Min: 0, Avg:  2.8, Max: 11, Diff: 11, Sum: 11, Workers: 4
[13.482s][debug][gc,phases      ] GC(25)   StringDedup Table Weak         Min:  0.0, Avg:  0.0, Max:  0.0, Diff:  0.0, Sum:  0.0, Workers: 4
[13.482s][debug][gc,phases      ] GC(25)     Dead                           Min: 0, Avg:  0.0, Max: 0, Diff: 0, Sum: 0, Workers: 4
[13.482s][debug][gc,phases      ] GC(25)     Total                          Min: 0, Avg:  0.0, Max: 0, Diff: 0, Sum: 0, Workers: 4
[13.482s][debug][gc,phases      ] GC(25)   StringDedup Requests0 Weak     Min:  0.0, Avg:  0.0, Max:  0.0, Diff:  0.0, Sum:  0.0, Workers: 4
[13.482s][debug][gc,phases      ] GC(25)     Dead                           Min: 0, Avg:  0.0, Max: 0, Diff: 0, Sum: 0, Workers: 4
[13.482s][debug][gc,phases      ] GC(25)     Total                          Min: 0, Avg:  0.0, Max: 0, Diff: 0, Sum: 0, Workers: 4
[13.482s][debug][gc,phases      ] GC(25)   StringDedup Requests1 Weak     Min:  0.0, Avg:  0.0, Max:  0.0, Diff:  0.0, Sum:  0.0, Workers: 4
[13.482s][debug][gc,phases      ] GC(25)     Dead                           Min: 0, Avg:  0.0, Max: 0, Diff: 0, Sum: 0, Workers: 4
[13.482s][debug][gc,phases      ] GC(25)     Total                          Min: 0, Avg:  0.0, Max: 0, Diff: 0, Sum: 0, Workers: 4
[13.482s][debug][gc,phases      ] GC(25)   Weak JFR Old Object Samples    Min:  0.0, Avg:  0.0, Max:  0.0, Diff:  0.0, Sum:  0.0, Workers: 4
[13.482s][debug][gc,phases      ] GC(25)     Dead                           Min: 0, Avg:  0.0, Max: 0, Diff: 0, Sum: 0, Workers: 4
[13.482s][debug][gc,phases      ] GC(25)     Total                          Min: 0, Avg:  0.0, Max: 0, Diff: 0, Sum: 0, Workers: 4
[13.482s][debug][gc,phases      ] GC(25) Weak Processing 0.357ms
[13.482s][debug][gc,age         ] GC(25) Desired survivor size 309854208 bytes, new threshold 15 (max threshold 15)
[13.482s][info ][gc,heap        ] GC(25) PSYoungGen: 1520565K(1790976K)->27462K(1794560K) Eden: 1491968K(1491968K)->0K(1491968K) From: 28597K(299008K)->27462K(302592K)
[13.482s][info ][gc,heap        ] GC(25) ParOldGen: 182222K(277504K)->185030K(277504K)
[13.482s][info ][gc,metaspace   ] GC(25) Metaspace: 64498K(65216K)->64498K(65216K) NonClass: 54987K(55360K)->54987K(55360K) Class: 9510K(9856K)->9510K(9856K)
[13.482s][info ][gc             ] GC(25) Pause Young (Allocation Failure) 1662M->207M(2023M) 18.358ms
[13.482s][info ][gc,cpu         ] GC(25) User=0.07s Sys=0.00s Real=0.02s
[13.482s][info ][safepoint      ] Safepoint "ParallelGCFailedAllocation", Time since last: 246368029 ns, Reaching safepoint: 165909 ns, At safepoint: 18466599 ns, Total: 18632508 ns
[13.892s][info ][gc,start       ] GC(26) Pause Young (Allocation Failure)
[13.927s][debug][gc,phases      ] GC(26) Scavenge 35.276ms
[13.927s][debug][gc,ref         ] GC(26) Skipped phase 1 of Reference Processing: no references
[13.927s][debug][gc,ref         ] GC(26) ReferenceProcessor::execute queues: 2, RefProcThreadModel::Multi, marks_oops_alive: false
[13.928s][debug][gc,ref         ] GC(26) Skipped phase 3 of Reference Processing: no references
[13.928s][debug][gc,ref         ] GC(26) ReferenceProcessor::execute queues: 1, RefProcThreadModel::Single, marks_oops_alive: false
[13.928s][debug][gc,phases      ] GC(26) Reference Processing 0.234ms
[13.928s][debug][gc,phases      ] GC(26)   VM Weak                        Min:  0.0, Avg:  0.0, Max:  0.0, Diff:  0.0, Sum:  0.0, Workers: 4
[13.928s][debug][gc,phases      ] GC(26)     Dead                           Min: 0, Avg:  0.0, Max: 0, Diff: 0, Sum: 0, Workers: 4
[13.928s][debug][gc,phases      ] GC(26)     Total                          Min: 0, Avg: 139.8, Max: 495, Diff: 495, Sum: 559, Workers: 4
[13.928s][debug][gc,phases      ] GC(26)   ObjectSynchronizer Weak        Min:  0.0, Avg:  0.0, Max:  0.0, Diff:  0.0, Sum:  0.0, Workers: 4
[13.928s][debug][gc,phases      ] GC(26)     Dead                           Min: 0, Avg:  0.0, Max: 0, Diff: 0, Sum: 0, Workers: 4
[13.928s][debug][gc,phases      ] GC(26)     Total                          Min: 0, Avg: 82.2, Max: 128, Diff: 128, Sum: 329, Workers: 4
[13.928s][debug][gc,phases      ] GC(26)   JVMTI Tag Weak OopStorage      Min:  0.0, Avg:  0.0, Max:  0.0, Diff:  0.0, Sum:  0.0, Workers: 4
[13.928s][debug][gc,phases      ] GC(26)     Dead                           Min: 0, Avg:  0.0, Max: 0, Diff: 0, Sum: 0, Workers: 4
[13.928s][debug][gc,phases      ] GC(26)     Total                          Min: 0, Avg:  0.0, Max: 0, Diff: 0, Sum: 0, Workers: 4
[13.928s][debug][gc,phases      ] GC(26)   StringTable Weak               Min:  0.1, Avg:  0.1, Max:  0.1, Diff:  0.0, Sum:  0.6, Workers: 4
[13.928s][debug][gc,phases      ] GC(26)     Dead                           Min: 0, Avg:  4.0, Max: 13, Diff: 13, Sum: 16, Workers: 4
[13.928s][debug][gc,phases      ] GC(26)     Total                          Min: 10431, Avg: 10574.5, Max: 10683, Diff: 252, Sum: 42298, Workers: 4
[13.928s][debug][gc,phases      ] GC(26)   ResolvedMethodTable Weak       Min:  0.0, Avg:  0.0, Max:  0.0, Diff:  0.0, Sum:  0.1, Workers: 4
[13.928s][debug][gc,phases      ] GC(26)     Dead                           Min: 1, Avg: 10.0, Max: 17, Diff: 16, Sum: 40, Workers: 4
[13.928s][debug][gc,phases      ] GC(26)     Total                          Min: 1536, Avg: 1684.0, Max: 1792, Diff: 256, Sum: 6736, Workers: 4
[13.928s][debug][gc,phases      ] GC(26)   JNI Weak                       Min:  0.0, Avg:  0.0, Max:  0.0, Diff:  0.0, Sum:  0.0, Workers: 4
[13.928s][debug][gc,phases      ] GC(26)     Dead                           Min: 0, Avg:  0.0, Max: 0, Diff: 0, Sum: 0, Workers: 4
[13.928s][debug][gc,phases      ] GC(26)     Total                          Min: 0, Avg:  5.5, Max: 22, Diff: 22, Sum: 22, Workers: 4
[13.928s][debug][gc,phases      ] GC(26)   StringDedup Table Weak         Min:  0.0, Avg:  0.0, Max:  0.0, Diff:  0.0, Sum:  0.0, Workers: 4
[13.928s][debug][gc,phases      ] GC(26)     Dead                           Min: 0, Avg:  0.0, Max: 0, Diff: 0, Sum: 0, Workers: 4
[13.928s][debug][gc,phases      ] GC(26)     Total                          Min: 0, Avg:  0.0, Max: 0, Diff: 0, Sum: 0, Workers: 4
[13.928s][debug][gc,phases      ] GC(26)   StringDedup Requests0 Weak     Min:  0.0, Avg:  0.0, Max:  0.0, Diff:  0.0, Sum:  0.0, Workers: 4
[13.928s][debug][gc,phases      ] GC(26)     Dead                           Min: 0, Avg:  0.0, Max: 0, Diff: 0, Sum: 0, Workers: 4
[13.928s][debug][gc,phases      ] GC(26)     Total                          Min: 0, Avg:  0.0, Max: 0, Diff: 0, Sum: 0, Workers: 4
[13.928s][debug][gc,phases      ] GC(26)   StringDedup Requests1 Weak     Min:  0.0, Avg:  0.0, Max:  0.0, Diff:  0.0, Sum:  0.0, Workers: 4
[13.928s][debug][gc,phases      ] GC(26)     Dead                           Min: 0, Avg:  0.0, Max: 0, Diff: 0, Sum: 0, Workers: 4
[13.928s][debug][gc,phases      ] GC(26)     Total                          Min: 0, Avg:  0.0, Max: 0, Diff: 0, Sum: 0, Workers: 4
[13.928s][debug][gc,phases      ] GC(26)   Weak JFR Old Object Samples    Min:  0.0, Avg:  0.0, Max:  0.0, Diff:  0.0, Sum:  0.0, Workers: 4
[13.928s][debug][gc,phases      ] GC(26)     Dead                           Min: 0, Avg:  0.0, Max: 0, Diff: 0, Sum: 0, Workers: 4
[13.928s][debug][gc,phases      ] GC(26)     Total                          Min: 0, Avg:  0.0, Max: 0, Diff: 0, Sum: 0, Workers: 4
[13.928s][debug][gc,phases      ] GC(26) Weak Processing 0.355ms
[13.928s][debug][gc,age         ] GC(26) Desired survivor size 303562752 bytes, new threshold 15 (max threshold 15)
[13.928s][info ][gc,heap        ] GC(26) PSYoungGen: 1519430K(1794560K)->49022K(1800704K) Eden: 1491968K(1491968K)->0K(1498112K) From: 27462K(302592K)->49022K(302592K)
[13.928s][info ][gc,heap        ] GC(26) ParOldGen: 185030K(277504K)->187118K(277504K)
[13.928s][info ][gc,metaspace   ] GC(26) Metaspace: 66361K(67136K)->66361K(67136K) NonClass: 56625K(57024K)->56625K(57024K) Class: 9735K(10112K)->9735K(10112K)
[13.928s][info ][gc             ] GC(26) Pause Young (Allocation Failure) 1664M->230M(2029M) 36.010ms
[13.928s][info ][gc,cpu         ] GC(26) User=0.16s Sys=0.01s Real=0.04s
[13.928s][info ][safepoint      ] Safepoint "ParallelGCFailedAllocation", Time since last: 408636909 ns, Reaching safepoint: 936751 ns, At safepoint: 36111054 ns, Total: 37047805 ns
[14.164s][info ][gc,start       ] GC(27) Pause Young (Allocation Failure)
[14.218s][debug][gc,phases      ] GC(27) Scavenge 53.197ms
[14.218s][debug][gc,ref         ] GC(27) Skipped phase 1 of Reference Processing: no references
[14.218s][debug][gc,ref         ] GC(27) ReferenceProcessor::execute queues: 1, RefProcThreadModel::Single, marks_oops_alive: false
[14.218s][debug][gc,ref         ] GC(27) Skipped phase 3 of Reference Processing: no references
[14.218s][debug][gc,ref         ] GC(27) ReferenceProcessor::execute queues: 1, RefProcThreadModel::Single, marks_oops_alive: false
[14.218s][debug][gc,phases      ] GC(27) Reference Processing 0.166ms
[14.218s][debug][gc,phases      ] GC(27)   VM Weak                        Min:  0.0, Avg:  0.0, Max:  0.0, Diff:  0.0, Sum:  0.0, Workers: 4
[14.218s][debug][gc,phases      ] GC(27)     Dead                           Min: 0, Avg:  0.0, Max: 0, Diff: 0, Sum: 0, Workers: 4
[14.218s][debug][gc,phases      ] GC(27)     Total                          Min: 0, Avg: 142.0, Max: 256, Diff: 256, Sum: 568, Workers: 4
[14.218s][debug][gc,phases      ] GC(27)   ObjectSynchronizer Weak        Min:  0.0, Avg:  0.0, Max:  0.0, Diff:  0.0, Sum:  0.0, Workers: 4
[14.218s][debug][gc,phases      ] GC(27)     Dead                           Min: 0, Avg:  0.0, Max: 0, Diff: 0, Sum: 0, Workers: 4
[14.218s][debug][gc,phases      ] GC(27)     Total                          Min: 0, Avg: 82.2, Max: 137, Diff: 137, Sum: 329, Workers: 4
[14.218s][debug][gc,phases      ] GC(27)   JVMTI Tag Weak OopStorage      Min:  0.0, Avg:  0.0, Max:  0.0, Diff:  0.0, Sum:  0.0, Workers: 4
[14.218s][debug][gc,phases      ] GC(27)     Dead                           Min: 0, Avg:  0.0, Max: 0, Diff: 0, Sum: 0, Workers: 4
[14.218s][debug][gc,phases      ] GC(27)     Total                          Min: 0, Avg:  0.0, Max: 0, Diff: 0, Sum: 0, Workers: 4
[14.218s][debug][gc,phases      ] GC(27)   StringTable Weak               Min:  0.1, Avg:  0.1, Max:  0.1, Diff:  0.0, Sum:  0.5, Workers: 4
[14.218s][debug][gc,phases      ] GC(27)     Dead                           Min: 0, Avg:  3.0, Max: 12, Diff: 12, Sum: 12, Workers: 4
[14.218s][debug][gc,phases      ] GC(27)     Total                          Min: 9216, Avg: 10589.8, Max: 11456, Diff: 2240, Sum: 42359, Workers: 4
[14.218s][debug][gc,phases      ] GC(27)   ResolvedMethodTable Weak       Min:  0.0, Avg:  0.0, Max:  0.0, Diff:  0.0, Sum:  0.1, Workers: 4
[14.218s][debug][gc,phases      ] GC(27)     Dead                           Min: 0, Avg:  0.0, Max: 0, Diff: 0, Sum: 0, Workers: 4
[14.218s][debug][gc,phases      ] GC(27)     Total                          Min: 1535, Avg: 1692.2, Max: 1854, Diff: 319, Sum: 6769, Workers: 4
[14.218s][debug][gc,phases      ] GC(27)   JNI Weak                       Min:  0.0, Avg:  0.0, Max:  0.0, Diff:  0.0, Sum:  0.0, Workers: 4
[14.218s][debug][gc,phases      ] GC(27)     Dead                           Min: 0, Avg:  0.0, Max: 0, Diff: 0, Sum: 0, Workers: 4
[14.218s][debug][gc,phases      ] GC(27)     Total                          Min: 0, Avg:  3.0, Max: 12, Diff: 12, Sum: 12, Workers: 4
[14.218s][debug][gc,phases      ] GC(27)   StringDedup Table Weak         Min:  0.0, Avg:  0.0, Max:  0.0, Diff:  0.0, Sum:  0.0, Workers: 4
[14.218s][debug][gc,phases      ] GC(27)     Dead                           Min: 0, Avg:  0.0, Max: 0, Diff: 0, Sum: 0, Workers: 4
[14.218s][debug][gc,phases      ] GC(27)     Total                          Min: 0, Avg:  0.0, Max: 0, Diff: 0, Sum: 0, Workers: 4
[14.218s][debug][gc,phases      ] GC(27)   StringDedup Requests0 Weak     Min:  0.0, Avg:  0.0, Max:  0.0, Diff:  0.0, Sum:  0.0, Workers: 4
[14.218s][debug][gc,phases      ] GC(27)     Dead                           Min: 0, Avg:  0.0, Max: 0, Diff: 0, Sum: 0, Workers: 4
[14.218s][debug][gc,phases      ] GC(27)     Total                          Min: 0, Avg:  0.0, Max: 0, Diff: 0, Sum: 0, Workers: 4
[14.218s][debug][gc,phases      ] GC(27)   StringDedup Requests1 Weak     Min:  0.0, Avg:  0.0, Max:  0.0, Diff:  0.0, Sum:  0.0, Workers: 4
[14.218s][debug][gc,phases      ] GC(27)     Dead                           Min: 0, Avg:  0.0, Max: 0, Diff: 0, Sum: 0, Workers: 4
[14.218s][debug][gc,phases      ] GC(27)     Total                          Min: 0, Avg:  0.0, Max: 0, Diff: 0, Sum: 0, Workers: 4
[14.218s][debug][gc,phases      ] GC(27)   Weak JFR Old Object Samples    Min:  0.0, Avg:  0.0, Max:  0.0, Diff:  0.0, Sum:  0.0, Workers: 4
[14.218s][debug][gc,phases      ] GC(27)     Dead                           Min: 0, Avg:  0.0, Max: 0, Diff: 0, Sum: 0, Workers: 4
[14.218s][debug][gc,phases      ] GC(27)     Total                          Min: 0, Avg:  0.0, Max: 0, Diff: 0, Sum: 0, Workers: 4
[14.218s][debug][gc,phases      ] GC(27) Weak Processing 0.350ms
[14.218s][debug][gc,age         ] GC(27) Desired survivor size 288882688 bytes, new threshold 15 (max threshold 15)
[14.218s][info ][gc,heap        ] GC(27) PSYoungGen: 1547134K(1800704K)->88462K(1794560K) Eden: 1498112K(1498112K)->0K(1498112K) From: 49022K(302592K)->88462K(296448K)
[14.218s][info ][gc,heap        ] GC(27) ParOldGen: 187118K(277504K)->189942K(277504K)
[14.218s][info ][gc,metaspace   ] GC(27) Metaspace: 66400K(67200K)->66400K(67200K) NonClass: 56654K(57088K)->56654K(57088K) Class: 9746K(10112K)->9746K(10112K)
[14.218s][info ][gc             ] GC(27) Pause Young (Allocation Failure) 1693M->271M(2023M) 53.851ms
[14.218s][info ][gc,cpu         ] GC(27) User=0.21s Sys=0.00s Real=0.06s
[14.218s][info ][safepoint      ] Safepoint "ParallelGCFailedAllocation", Time since last: 234228273 ns, Reaching safepoint: 2094913 ns, At safepoint: 53957319 ns, Total: 56052232 ns
[14.616s][info ][gc,start       ] GC(28) Pause Young (Allocation Failure)
[14.679s][debug][gc,phases      ] GC(28) Scavenge 62.894ms
[14.679s][debug][gc,ref         ] GC(28) Skipped phase 1 of Reference Processing: no references
[14.679s][debug][gc,ref         ] GC(28) ReferenceProcessor::execute queues: 1, RefProcThreadModel::Single, marks_oops_alive: false
[14.679s][debug][gc,ref         ] GC(28) Skipped phase 3 of Reference Processing: no references
[14.679s][debug][gc,ref         ] GC(28) ReferenceProcessor::execute queues: 1, RefProcThreadModel::Single, marks_oops_alive: false
[14.679s][debug][gc,phases      ] GC(28) Reference Processing 0.177ms
[14.680s][debug][gc,phases      ] GC(28)   VM Weak                        Min:  0.0, Avg:  0.0, Max:  0.0, Diff:  0.0, Sum:  0.0, Workers: 4
[14.680s][debug][gc,phases      ] GC(28)     Dead                           Min: 0, Avg:  0.0, Max: 0, Diff: 0, Sum: 0, Workers: 4
[14.680s][debug][gc,phases      ] GC(28)     Total                          Min: 0, Avg: 142.0, Max: 312, Diff: 312, Sum: 568, Workers: 4
[14.680s][debug][gc,phases      ] GC(28)   ObjectSynchronizer Weak        Min:  0.0, Avg:  0.0, Max:  0.0, Diff:  0.0, Sum:  0.0, Workers: 4
[14.680s][debug][gc,phases      ] GC(28)     Dead                           Min: 0, Avg:  0.0, Max: 0, Diff: 0, Sum: 0, Workers: 4
[14.680s][debug][gc,phases      ] GC(28)     Total                          Min: 0, Avg: 82.2, Max: 192, Diff: 192, Sum: 329, Workers: 4
[14.680s][debug][gc,phases      ] GC(28)   JVMTI Tag Weak OopStorage      Min:  0.0, Avg:  0.0, Max:  0.0, Diff:  0.0, Sum:  0.0, Workers: 4
[14.680s][debug][gc,phases      ] GC(28)     Dead                           Min: 0, Avg:  0.0, Max: 0, Diff: 0, Sum: 0, Workers: 4
[14.680s][debug][gc,phases      ] GC(28)     Total                          Min: 0, Avg:  0.0, Max: 0, Diff: 0, Sum: 0, Workers: 4
[14.680s][debug][gc,phases      ] GC(28)   StringTable Weak               Min:  0.1, Avg:  0.1, Max:  0.1, Diff:  0.0, Sum:  0.5, Workers: 4
[14.680s][debug][gc,phases      ] GC(28)     Dead                           Min: 0, Avg:  2.8, Max: 9, Diff: 9, Sum: 11, Workers: 4
[14.680s][debug][gc,phases      ] GC(28)     Total                          Min: 9849, Avg: 10590.2, Max: 11392, Diff: 1543, Sum: 42361, Workers: 4
[14.680s][debug][gc,phases      ] GC(28)   ResolvedMethodTable Weak       Min:  0.0, Avg:  0.0, Max:  0.0, Diff:  0.0, Sum:  0.1, Workers: 4
[14.680s][debug][gc,phases      ] GC(28)     Dead                           Min: 0, Avg:  0.0, Max: 0, Diff: 0, Sum: 0, Workers: 4
[14.680s][debug][gc,phases      ] GC(28)     Total                          Min: 1268, Avg: 1692.2, Max: 2173, Diff: 905, Sum: 6769, Workers: 4
[14.680s][debug][gc,phases      ] GC(28)   JNI Weak                       Min:  0.0, Avg:  0.0, Max:  0.0, Diff:  0.0, Sum:  0.0, Workers: 4
[14.680s][debug][gc,phases      ] GC(28)     Dead                           Min: 0, Avg:  0.0, Max: 0, Diff: 0, Sum: 0, Workers: 4
[14.680s][debug][gc,phases      ] GC(28)     Total                          Min: 0, Avg:  1.0, Max: 4, Diff: 4, Sum: 4, Workers: 4
[14.680s][debug][gc,phases      ] GC(28)   StringDedup Table Weak         Min:  0.0, Avg:  0.0, Max:  0.0, Diff:  0.0, Sum:  0.0, Workers: 4
[14.680s][debug][gc,phases      ] GC(28)     Dead                           Min: 0, Avg:  0.0, Max: 0, Diff: 0, Sum: 0, Workers: 4
[14.680s][debug][gc,phases      ] GC(28)     Total                          Min: 0, Avg:  0.0, Max: 0, Diff: 0, Sum: 0, Workers: 4
[14.680s][debug][gc,phases      ] GC(28)   StringDedup Requests0 Weak     Min:  0.0, Avg:  0.0, Max:  0.0, Diff:  0.0, Sum:  0.0, Workers: 4
[14.680s][debug][gc,phases      ] GC(28)     Dead                           Min: 0, Avg:  0.0, Max: 0, Diff: 0, Sum: 0, Workers: 4
[14.680s][debug][gc,phases      ] GC(28)     Total                          Min: 0, Avg:  0.0, Max: 0, Diff: 0, Sum: 0, Workers: 4
[14.680s][debug][gc,phases      ] GC(28)   StringDedup Requests1 Weak     Min:  0.0, Avg:  0.0, Max:  0.0, Diff:  0.0, Sum:  0.0, Workers: 4
[14.680s][debug][gc,phases      ] GC(28)     Dead                           Min: 0, Avg:  0.0, Max: 0, Diff: 0, Sum: 0, Workers: 4
[14.680s][debug][gc,phases      ] GC(28)     Total                          Min: 0, Avg:  0.0, Max: 0, Diff: 0, Sum: 0, Workers: 4
[14.680s][debug][gc,phases      ] GC(28)   Weak JFR Old Object Samples    Min:  0.0, Avg:  0.0, Max:  0.0, Diff:  0.0, Sum:  0.0, Workers: 4
[14.680s][debug][gc,phases      ] GC(28)     Dead                           Min: 0, Avg:  0.0, Max: 0, Diff: 0, Sum: 0, Workers: 4
[14.680s][debug][gc,phases      ] GC(28)     Total                          Min: 0, Avg:  0.0, Max: 0, Diff: 0, Sum: 0, Workers: 4
[14.680s][debug][gc,phases      ] GC(28) Weak Processing 0.338ms
[14.680s][debug][gc,age         ] GC(28) Desired survivor size 275251200 bytes, new threshold 15 (max threshold 15)
[14.680s][info ][gc,heap        ] GC(28) PSYoungGen: 1586574K(1794560K)->119758K(1828352K) Eden: 1498112K(1498112K)->0K(1546240K) From: 88462K(296448K)->119758K(282112K)
[14.680s][info ][gc,heap        ] GC(28) ParOldGen: 189942K(277504K)->191630K(277504K)
[14.680s][info ][gc,metaspace   ] GC(28) Metaspace: 66406K(67200K)->66406K(67200K) NonClass: 56660K(57088K)->56660K(57088K) Class: 9746K(10112K)->9746K(10112K)
[14.680s][info ][gc             ] GC(28) Pause Young (Allocation Failure) 1734M->304M(2056M) 63.561ms
[14.680s][info ][gc,cpu         ] GC(28) User=0.24s Sys=0.00s Real=0.07s
[14.680s][info ][safepoint      ] Safepoint "ParallelGCFailedAllocation", Time since last: 397781022 ns, Reaching safepoint: 165309 ns, At safepoint: 63665845 ns, Total: 63831154 ns
[14.969s][info ][gc,start       ] GC(29) Pause Young (Allocation Failure)
[15.083s][debug][gc,phases      ] GC(29) Scavenge 114.622ms
[15.083s][debug][gc,ref         ] GC(29) Skipped phase 1 of Reference Processing: no references
[15.083s][debug][gc,ref         ] GC(29) ReferenceProcessor::execute queues: 1, RefProcThreadModel::Single, marks_oops_alive: false
[15.084s][debug][gc,ref         ] GC(29) Skipped phase 3 of Reference Processing: no references
[15.084s][debug][gc,ref         ] GC(29) ReferenceProcessor::execute queues: 1, RefProcThreadModel::Single, marks_oops_alive: false
[15.084s][debug][gc,phases      ] GC(29) Reference Processing 0.157ms
[15.084s][debug][gc,phases      ] GC(29)   VM Weak                        Min:  0.0, Avg:  0.0, Max:  0.0, Diff:  0.0, Sum:  0.0, Workers: 4
[15.084s][debug][gc,phases      ] GC(29)     Dead                           Min: 0, Avg:  0.0, Max: 0, Diff: 0, Sum: 0, Workers: 4
[15.084s][debug][gc,phases      ] GC(29)     Total                          Min: 0, Avg: 142.0, Max: 312, Diff: 312, Sum: 568, Workers: 4
[15.084s][debug][gc,phases      ] GC(29)   ObjectSynchronizer Weak        Min:  0.0, Avg:  0.0, Max:  0.0, Diff:  0.0, Sum:  0.0, Workers: 4
[15.084s][debug][gc,phases      ] GC(29)     Dead                           Min: 0, Avg:  0.0, Max: 0, Diff: 0, Sum: 0, Workers: 4
[15.084s][debug][gc,phases      ] GC(29)     Total                          Min: 0, Avg: 82.2, Max: 192, Diff: 192, Sum: 329, Workers: 4
[15.084s][debug][gc,phases      ] GC(29)   JVMTI Tag Weak OopStorage      Min:  0.0, Avg:  0.0, Max:  0.0, Diff:  0.0, Sum:  0.0, Workers: 4
[15.084s][debug][gc,phases      ] GC(29)     Dead                           Min: 0, Avg:  0.0, Max: 0, Diff: 0, Sum: 0, Workers: 4
[15.084s][debug][gc,phases      ] GC(29)     Total                          Min: 0, Avg:  0.0, Max: 0, Diff: 0, Sum: 0, Workers: 4
[15.084s][debug][gc,phases      ] GC(29)   StringTable Weak               Min:  0.1, Avg:  0.1, Max:  0.1, Diff:  0.0, Sum:  0.5, Workers: 4
[15.084s][debug][gc,phases      ] GC(29)     Dead                           Min: 0, Avg:  0.0, Max: 0, Diff: 0, Sum: 0, Workers: 4
[15.084s][debug][gc,phases      ] GC(29)     Total                          Min: 9721, Avg: 10590.2, Max: 11328, Diff: 1607, Sum: 42361, Workers: 4
[15.084s][debug][gc,phases      ] GC(29)   ResolvedMethodTable Weak       Min:  0.0, Avg:  0.0, Max:  0.0, Diff:  0.0, Sum:  0.1, Workers: 4
[15.084s][debug][gc,phases      ] GC(29)     Dead                           Min: 0, Avg:  0.0, Max: 0, Diff: 0, Sum: 0, Workers: 4
[15.084s][debug][gc,phases      ] GC(29)     Total                          Min: 1472, Avg: 1692.2, Max: 1918, Diff: 446, Sum: 6769, Workers: 4
[15.084s][debug][gc,phases      ] GC(29)   JNI Weak                       Min:  0.0, Avg:  0.0, Max:  0.0, Diff:  0.0, Sum:  0.0, Workers: 4
[15.084s][debug][gc,phases      ] GC(29)     Dead                           Min: 0, Avg:  0.0, Max: 0, Diff: 0, Sum: 0, Workers: 4
[15.084s][debug][gc,phases      ] GC(29)     Total                          Min: 0, Avg:  0.8, Max: 3, Diff: 3, Sum: 3, Workers: 4
[15.084s][debug][gc,phases      ] GC(29)   StringDedup Table Weak         Min:  0.0, Avg:  0.0, Max:  0.0, Diff:  0.0, Sum:  0.0, Workers: 4
[15.084s][debug][gc,phases      ] GC(29)     Dead                           Min: 0, Avg:  0.0, Max: 0, Diff: 0, Sum: 0, Workers: 4
[15.084s][debug][gc,phases      ] GC(29)     Total                          Min: 0, Avg:  0.0, Max: 0, Diff: 0, Sum: 0, Workers: 4
[15.084s][debug][gc,phases      ] GC(29)   StringDedup Requests0 Weak     Min:  0.0, Avg:  0.0, Max:  0.0, Diff:  0.0, Sum:  0.0, Workers: 4
[15.084s][debug][gc,phases      ] GC(29)     Dead                           Min: 0, Avg:  0.0, Max: 0, Diff: 0, Sum: 0, Workers: 4
[15.084s][debug][gc,phases      ] GC(29)     Total                          Min: 0, Avg:  0.0, Max: 0, Diff: 0, Sum: 0, Workers: 4
[15.084s][debug][gc,phases      ] GC(29)   StringDedup Requests1 Weak     Min:  0.0, Avg:  0.0, Max:  0.0, Diff:  0.0, Sum:  0.0, Workers: 4
[15.084s][debug][gc,phases      ] GC(29)     Dead                           Min: 0, Avg:  0.0, Max: 0, Diff: 0, Sum: 0, Workers: 4
[15.084s][debug][gc,phases      ] GC(29)     Total                          Min: 0, Avg:  0.0, Max: 0, Diff: 0, Sum: 0, Workers: 4
[15.084s][debug][gc,phases      ] GC(29)   Weak JFR Old Object Samples    Min:  0.0, Avg:  0.0, Max:  0.0, Diff:  0.0, Sum:  0.0, Workers: 4
[15.084s][debug][gc,phases      ] GC(29)     Dead                           Min: 0, Avg:  0.0, Max: 0, Diff: 0, Sum: 0, Workers: 4
[15.084s][debug][gc,phases      ] GC(29)     Total                          Min: 0, Avg:  0.0, Max: 0, Diff: 0, Sum: 0, Workers: 4
[15.084s][debug][gc,phases      ] GC(29) Weak Processing 0.355ms
[15.084s][debug][gc,age         ] GC(29) Desired survivor size 289406976 bytes, new threshold 15 (max threshold 15)
[15.084s][info ][gc,heap        ] GC(29) PSYoungGen: 1665998K(1828352K)->190782K(1737216K) Eden: 1546240K(1546240K)->0K(1546240K) From: 119758K(282112K)->190782K(190976K)
[15.084s][info ][gc,heap        ] GC(29) ParOldGen: 191630K(277504K)->194622K(277504K)
[15.084s][info ][gc,metaspace   ] GC(29) Metaspace: 66407K(67200K)->66407K(67200K) NonClass: 56660K(57088K)->56660K(57088K) Class: 9746K(10112K)->9746K(10112K)
[15.084s][info ][gc             ] GC(29) Pause Young (Allocation Failure) 1814M->376M(1967M) 115.281ms
[15.084s][info ][gc,cpu         ] GC(29) User=0.45s Sys=0.00s Real=0.11s
[15.084s][info ][safepoint      ] Safepoint "ParallelGCFailedAllocation", Time since last: 288582913 ns, Reaching safepoint: 138108 ns, At safepoint: 115389143 ns, Total: 115527251 ns
[15.396s][info ][gc,start       ] GC(30) Pause Young (Allocation Failure)
[15.604s][debug][gc,phases      ] GC(30) Scavenge 207.428ms
[15.604s][debug][gc,ref         ] GC(30) Skipped phase 1 of Reference Processing: no references
[15.604s][debug][gc,ref         ] GC(30) ReferenceProcessor::execute queues: 1, RefProcThreadModel::Single, marks_oops_alive: false
[15.604s][debug][gc,ref         ] GC(30) Skipped phase 3 of Reference Processing: no references
[15.604s][debug][gc,ref         ] GC(30) ReferenceProcessor::execute queues: 1, RefProcThreadModel::Single, marks_oops_alive: false
[15.604s][debug][gc,phases      ] GC(30) Reference Processing 0.157ms
[15.604s][debug][gc,phases      ] GC(30)   VM Weak                        Min:  0.0, Avg:  0.0, Max:  0.0, Diff:  0.0, Sum:  0.0, Workers: 4
[15.604s][debug][gc,phases      ] GC(30)     Dead                           Min: 0, Avg:  0.0, Max: 0, Diff: 0, Sum: 0, Workers: 4
[15.604s][debug][gc,phases      ] GC(30)     Total                          Min: 0, Avg: 142.0, Max: 320, Diff: 320, Sum: 568, Workers: 4
[15.604s][debug][gc,phases      ] GC(30)   ObjectSynchronizer Weak        Min:  0.0, Avg:  0.0, Max:  0.0, Diff:  0.0, Sum:  0.0, Workers: 4
[15.604s][debug][gc,phases      ] GC(30)     Dead                           Min: 0, Avg:  0.0, Max: 0, Diff: 0, Sum: 0, Workers: 4
[15.604s][debug][gc,phases      ] GC(30)     Total                          Min: 0, Avg: 82.2, Max: 192, Diff: 192, Sum: 329, Workers: 4
[15.604s][debug][gc,phases      ] GC(30)   JVMTI Tag Weak OopStorage      Min:  0.0, Avg:  0.0, Max:  0.0, Diff:  0.0, Sum:  0.0, Workers: 4
[15.604s][debug][gc,phases      ] GC(30)     Dead                           Min: 0, Avg:  0.0, Max: 0, Diff: 0, Sum: 0, Workers: 4
[15.604s][debug][gc,phases      ] GC(30)     Total                          Min: 0, Avg:  0.0, Max: 0, Diff: 0, Sum: 0, Workers: 4
[15.604s][debug][gc,phases      ] GC(30)   StringTable Weak               Min:  0.1, Avg:  0.1, Max:  0.1, Diff:  0.0, Sum:  0.4, Workers: 4
[15.604s][debug][gc,phases      ] GC(30)     Dead                           Min: 0, Avg:  3.5, Max: 7, Diff: 7, Sum: 14, Workers: 4
[15.604s][debug][gc,phases      ] GC(30)     Total                          Min: 9280, Avg: 10603.5, Max: 11328, Diff: 2048, Sum: 42414, Workers: 4
[15.604s][debug][gc,phases      ] GC(30)   ResolvedMethodTable Weak       Min:  0.0, Avg:  0.0, Max:  0.0, Diff:  0.0, Sum:  0.1, Workers: 4
[15.604s][debug][gc,phases      ] GC(30)     Dead                           Min: 1, Avg:  4.0, Max: 10, Diff: 9, Sum: 16, Workers: 4
[15.604s][debug][gc,phases      ] GC(30)     Total                          Min: 1544, Avg: 1698.0, Max: 1856, Diff: 312, Sum: 6792, Workers: 4
[15.604s][debug][gc,phases      ] GC(30)   JNI Weak                       Min:  0.0, Avg:  0.0, Max:  0.0, Diff:  0.0, Sum:  0.0, Workers: 4
[15.604s][debug][gc,phases      ] GC(30)     Dead                           Min: 0, Avg:  0.0, Max: 0, Diff: 0, Sum: 0, Workers: 4
[15.604s][debug][gc,phases      ] GC(30)     Total                          Min: 0, Avg:  0.0, Max: 0, Diff: 0, Sum: 0, Workers: 4
[15.604s][debug][gc,phases      ] GC(30)   StringDedup Table Weak         Min:  0.0, Avg:  0.0, Max:  0.0, Diff:  0.0, Sum:  0.0, Workers: 4
[15.604s][debug][gc,phases      ] GC(30)     Dead                           Min: 0, Avg:  0.0, Max: 0, Diff: 0, Sum: 0, Workers: 4
[15.604s][debug][gc,phases      ] GC(30)     Total                          Min: 0, Avg:  0.0, Max: 0, Diff: 0, Sum: 0, Workers: 4
[15.604s][debug][gc,phases      ] GC(30)   StringDedup Requests0 Weak     Min:  0.0, Avg:  0.0, Max:  0.0, Diff:  0.0, Sum:  0.0, Workers: 4
[15.604s][debug][gc,phases      ] GC(30)     Dead                           Min: 0, Avg:  0.0, Max: 0, Diff: 0, Sum: 0, Workers: 4
[15.604s][debug][gc,phases      ] GC(30)     Total                          Min: 0, Avg:  0.0, Max: 0, Diff: 0, Sum: 0, Workers: 4
[15.604s][debug][gc,phases      ] GC(30)   StringDedup Requests1 Weak     Min:  0.0, Avg:  0.0, Max:  0.0, Diff:  0.0, Sum:  0.0, Workers: 4
[15.604s][debug][gc,phases      ] GC(30)     Dead                           Min: 0, Avg:  0.0, Max: 0, Diff: 0, Sum: 0, Workers: 4
[15.604s][debug][gc,phases      ] GC(30)     Total                          Min: 0, Avg:  0.0, Max: 0, Diff: 0, Sum: 0, Workers: 4
[15.604s][debug][gc,phases      ] GC(30)   Weak JFR Old Object Samples    Min:  0.0, Avg:  0.0, Max:  0.0, Diff:  0.0, Sum:  0.0, Workers: 4
[15.604s][debug][gc,phases      ] GC(30)     Dead                           Min: 0, Avg:  0.0, Max: 0, Diff: 0, Sum: 0, Workers: 4
[15.604s][debug][gc,phases      ] GC(30)     Total                          Min: 0, Avg:  0.0, Max: 0, Diff: 0, Sum: 0, Workers: 4
[15.604s][debug][gc,phases      ] GC(30) Weak Processing 0.309ms
[15.604s][debug][gc,age         ] GC(30) Desired survivor size 353894400 bytes, new threshold 14 (max threshold 15)
[15.604s][info ][gc,heap        ] GC(30) PSYoungGen: 1737022K(1737216K)->282606K(1688576K) Eden: 1546240K(1546240K)->0K(1405952K) From: 190782K(190976K)->282606K(282624K)
[15.604s][info ][gc,heap        ] GC(30) ParOldGen: 194622K(277504K)->246630K(277504K)
[15.604s][info ][gc,metaspace   ] GC(30) Metaspace: 66541K(67328K)->66541K(67328K) NonClass: 56784K(57216K)->56784K(57216K) Class: 9757K(10112K)->9757K(10112K)
[15.604s][info ][gc             ] GC(30) Pause Young (Allocation Failure) 1886M->516M(1920M) 208.038ms
[15.604s][info ][gc,cpu         ] GC(30) User=0.78s Sys=0.05s Real=0.21s
[15.604s][debug][gc,phases      ] GC(31) Pre Compact 0.010ms
[15.604s][info ][gc,start       ] GC(31) Pause Full (Ergonomics)
[15.604s][info ][gc,phases,start] GC(31) Marking Phase
[15.813s][debug][gc,phases      ] GC(31) Par Mark 208.707ms
[15.813s][debug][gc,ref         ] GC(31) Skipped phase 1 of Reference Processing: no references
[15.813s][debug][gc,ref         ] GC(31) ReferenceProcessor::execute queues: 4, RefProcThreadModel::Multi, marks_oops_alive: false
[15.814s][debug][gc,ref         ] GC(31) Skipped phase 3 of Reference Processing: no references
[15.814s][debug][gc,ref         ] GC(31) ReferenceProcessor::execute queues: 1, RefProcThreadModel::Single, marks_oops_alive: false
[15.814s][debug][gc,phases      ] GC(31) Reference Processing 0.361ms
[15.814s][debug][gc,phases      ] GC(31)   VM Weak                        Min:  0.0, Avg:  0.0, Max:  0.0, Diff:  0.0, Sum:  0.0, Workers: 4
[15.814s][debug][gc,phases      ] GC(31)     Dead                           Min: 0, Avg:  0.0, Max: 0, Diff: 0, Sum: 0, Workers: 4
[15.814s][debug][gc,phases      ] GC(31)     Total                          Min: 0, Avg: 142.0, Max: 384, Diff: 384, Sum: 568, Workers: 4
[15.814s][debug][gc,phases      ] GC(31)   ObjectSynchronizer Weak        Min:  0.0, Avg:  0.0, Max:  0.0, Diff:  0.0, Sum:  0.0, Workers: 4
[15.814s][debug][gc,phases      ] GC(31)     Dead                           Min: 0, Avg:  0.0, Max: 0, Diff: 0, Sum: 0, Workers: 4
[15.814s][debug][gc,phases      ] GC(31)     Total                          Min: 9, Avg: 82.2, Max: 128, Diff: 119, Sum: 329, Workers: 4
[15.814s][debug][gc,phases      ] GC(31)   JVMTI Tag Weak OopStorage      Min:  0.0, Avg:  0.0, Max:  0.0, Diff:  0.0, Sum:  0.0, Workers: 4
[15.814s][debug][gc,phases      ] GC(31)     Dead                           Min: 0, Avg:  0.0, Max: 0, Diff: 0, Sum: 0, Workers: 4
[15.814s][debug][gc,phases      ] GC(31)     Total                          Min: 0, Avg:  0.0, Max: 0, Diff: 0, Sum: 0, Workers: 4
[15.814s][debug][gc,phases      ] GC(31)   StringTable Weak               Min:  0.2, Avg:  0.2, Max:  0.2, Diff:  0.0, Sum:  0.7, Workers: 4
[15.814s][debug][gc,phases      ] GC(31)     Dead                           Min: 0, Avg:  0.0, Max: 0, Diff: 0, Sum: 0, Workers: 4
[15.814s][debug][gc,phases      ] GC(31)     Total                          Min: 9599, Avg: 10603.5, Max: 11567, Diff: 1968, Sum: 42414, Workers: 4
[15.814s][debug][gc,phases      ] GC(31)   ResolvedMethodTable Weak       Min:  0.0, Avg:  0.0, Max:  0.0, Diff:  0.0, Sum:  0.1, Workers: 4
[15.814s][debug][gc,phases      ] GC(31)     Dead                           Min: 0, Avg:  0.2, Max: 1, Diff: 1, Sum: 1, Workers: 4
[15.814s][debug][gc,phases      ] GC(31)     Total                          Min: 1480, Avg: 1698.0, Max: 1920, Diff: 440, Sum: 6792, Workers: 4
[15.814s][debug][gc,phases      ] GC(31)   JNI Weak                       Min:  0.0, Avg:  0.0, Max:  0.0, Diff:  0.0, Sum:  0.0, Workers: 4
[15.814s][debug][gc,phases      ] GC(31)     Dead                           Min: 0, Avg:  0.0, Max: 0, Diff: 0, Sum: 0, Workers: 4
[15.814s][debug][gc,phases      ] GC(31)     Total                          Min: 0, Avg:  0.0, Max: 0, Diff: 0, Sum: 0, Workers: 4
[15.814s][debug][gc,phases      ] GC(31)   StringDedup Table Weak         Min:  0.0, Avg:  0.0, Max:  0.0, Diff:  0.0, Sum:  0.0, Workers: 4
[15.814s][debug][gc,phases      ] GC(31)     Dead                           Min: 0, Avg:  0.0, Max: 0, Diff: 0, Sum: 0, Workers: 4
[15.814s][debug][gc,phases      ] GC(31)     Total                          Min: 0, Avg:  0.0, Max: 0, Diff: 0, Sum: 0, Workers: 4
[15.814s][debug][gc,phases      ] GC(31)   StringDedup Requests0 Weak     Min:  0.0, Avg:  0.0, Max:  0.0, Diff:  0.0, Sum:  0.0, Workers: 4
[15.814s][debug][gc,phases      ] GC(31)     Dead                           Min: 0, Avg:  0.0, Max: 0, Diff: 0, Sum: 0, Workers: 4
[15.814s][debug][gc,phases      ] GC(31)     Total                          Min: 0, Avg:  0.0, Max: 0, Diff: 0, Sum: 0, Workers: 4
[15.814s][debug][gc,phases      ] GC(31)   StringDedup Requests1 Weak     Min:  0.0, Avg:  0.0, Max:  0.0, Diff:  0.0, Sum:  0.0, Workers: 4
[15.814s][debug][gc,phases      ] GC(31)     Dead                           Min: 0, Avg:  0.0, Max: 0, Diff: 0, Sum: 0, Workers: 4
[15.814s][debug][gc,phases      ] GC(31)     Total                          Min: 0, Avg:  0.0, Max: 0, Diff: 0, Sum: 0, Workers: 4
[15.814s][debug][gc,phases      ] GC(31)   Weak JFR Old Object Samples    Min:  0.0, Avg:  0.0, Max:  0.0, Diff:  0.0, Sum:  0.0, Workers: 4
[15.814s][debug][gc,phases      ] GC(31)     Dead                           Min: 0, Avg:  0.0, Max: 0, Diff: 0, Sum: 0, Workers: 4
[15.814s][debug][gc,phases      ] GC(31)     Total                          Min: 0, Avg:  0.0, Max: 0, Diff: 0, Sum: 0, Workers: 4
[15.814s][debug][gc,phases      ] GC(31) Weak Processing 0.386ms
[15.814s][debug][gc,phases      ] GC(31) ClassLoaderData 0.103ms
[15.814s][debug][gc,phases      ] GC(31) Trigger cleanups 0.000ms
[15.822s][debug][gc,phases      ] GC(31) Class Unloading 7.687ms
[15.822s][info ][gc,phases      ] GC(31) Marking Phase 217.321ms
[15.822s][info ][gc,phases,start] GC(31) Summary Phase
[15.822s][info ][gc,phases      ] GC(31) Summary Phase 0.024ms
[15.822s][info ][gc,phases,start] GC(31) Adjust Roots
[15.831s][info ][gc,phases      ] GC(31) Adjust Roots 9.170ms
[15.831s][info ][gc,phases,start] GC(31) Compaction Phase
[16.454s][info ][gc,phases      ] GC(31) Compaction Phase 622.769ms
[16.454s][info ][gc,phases,start] GC(31) Post Compact
[16.455s][info ][gc,phases      ] GC(31) Post Compact 1.615ms
[16.456s][info ][gc,heap        ] GC(31) PSYoungGen: 282606K(1688576K)->250991K(1688576K) Eden: 0K(1405952K)->0K(1405952K) From: 282606K(282624K)->250991K(282624K)
[16.456s][info ][gc,heap        ] GC(31) ParOldGen: 246630K(277504K)->277203K(377344K)
[16.456s][info ][gc,metaspace   ] GC(31) Metaspace: 66541K(67328K)->66541K(67328K) NonClass: 56784K(57216K)->56784K(57216K) Class: 9757K(10112K)->9757K(10112K)
[16.456s][info ][gc             ] GC(31) Pause Full (Ergonomics) 516M->515M(2017M) 851.226ms
[16.456s][info ][gc,cpu         ] GC(31) User=3.33s Sys=0.01s Real=0.85s
[16.456s][info ][safepoint      ] Safepoint "ParallelGCFailedAllocation", Time since last: 310060676 ns, Reaching safepoint: 2173717 ns, At safepoint: 1060009552 ns, Total: 1062183269 ns
[16.670s][info ][safepoint      ] Safepoint "ICBufferFull", Time since last: 213506252 ns, Reaching safepoint: 244113 ns, At safepoint: 39302 ns, Total: 283415 ns
[16.693s][info ][safepoint      ] Safepoint "ICBufferFull", Time since last: 22804334 ns, Reaching safepoint: 124307 ns, At safepoint: 30402 ns, Total: 154709 ns
[16.714s][info ][safepoint      ] Safepoint "ICBufferFull", Time since last: 20650117 ns, Reaching safepoint: 129507 ns, At safepoint: 27401 ns, Total: 156908 ns
[16.743s][info ][gc,start       ] GC(32) Pause Young (Allocation Failure)
[16.870s][debug][gc,phases      ] GC(32) Scavenge 126.896ms
[16.870s][debug][gc,ref         ] GC(32) Skipped phase 1 of Reference Processing: no references
[16.870s][debug][gc,ref         ] GC(32) ReferenceProcessor::execute queues: 1, RefProcThreadModel::Single, marks_oops_alive: false
[16.870s][debug][gc,ref         ] GC(32) Skipped phase 3 of Reference Processing: no references
[16.870s][debug][gc,ref         ] GC(32) ReferenceProcessor::execute queues: 1, RefProcThreadModel::Single, marks_oops_alive: false
[16.870s][debug][gc,phases      ] GC(32) Reference Processing 0.149ms
[16.870s][debug][gc,phases      ] GC(32)   VM Weak                        Min:  0.0, Avg:  0.0, Max:  0.0, Diff:  0.0, Sum:  0.0, Workers: 4
[16.870s][debug][gc,phases      ] GC(32)     Dead                           Min: 0, Avg:  0.0, Max: 0, Diff: 0, Sum: 0, Workers: 4
[16.870s][debug][gc,phases      ] GC(32)     Total                          Min: 0, Avg: 144.2, Max: 577, Diff: 577, Sum: 577, Workers: 4
[16.870s][debug][gc,phases      ] GC(32)   ObjectSynchronizer Weak        Min:  0.0, Avg:  0.0, Max:  0.0, Diff:  0.0, Sum:  0.0, Workers: 4
[16.870s][debug][gc,phases      ] GC(32)     Dead                           Min: 0, Avg:  0.0, Max: 0, Diff: 0, Sum: 0, Workers: 4
[16.870s][debug][gc,phases      ] GC(32)     Total                          Min: 0, Avg: 82.2, Max: 201, Diff: 201, Sum: 329, Workers: 4
[16.870s][debug][gc,phases      ] GC(32)   JVMTI Tag Weak OopStorage      Min:  0.0, Avg:  0.0, Max:  0.0, Diff:  0.0, Sum:  0.0, Workers: 4
[16.870s][debug][gc,phases      ] GC(32)     Dead                           Min: 0, Avg:  0.0, Max: 0, Diff: 0, Sum: 0, Workers: 4
[16.870s][debug][gc,phases      ] GC(32)     Total                          Min: 0, Avg:  0.0, Max: 0, Diff: 0, Sum: 0, Workers: 4
[16.870s][debug][gc,phases      ] GC(32)   StringTable Weak               Min:  0.1, Avg:  0.1, Max:  0.1, Diff:  0.0, Sum:  0.4, Workers: 4
[16.870s][debug][gc,phases      ] GC(32)     Dead                           Min: 0, Avg:  3.5, Max: 11, Diff: 11, Sum: 14, Workers: 4
[16.870s][debug][gc,phases      ] GC(32)     Total                          Min: 9920, Avg: 10639.8, Max: 12031, Diff: 2111, Sum: 42559, Workers: 4
[16.870s][debug][gc,phases      ] GC(32)   ResolvedMethodTable Weak       Min:  0.0, Avg:  0.0, Max:  0.0, Diff:  0.0, Sum:  0.1, Workers: 4
[16.870s][debug][gc,phases      ] GC(32)     Dead                           Min: 0, Avg:  7.0, Max: 19, Diff: 19, Sum: 28, Workers: 4
[16.870s][debug][gc,phases      ] GC(32)     Total                          Min: 1536, Avg: 1729.8, Max: 1856, Diff: 320, Sum: 6919, Workers: 4
[16.870s][debug][gc,phases      ] GC(32)   JNI Weak                       Min:  0.0, Avg:  0.0, Max:  0.0, Diff:  0.0, Sum:  0.0, Workers: 4
[16.870s][debug][gc,phases      ] GC(32)     Dead                           Min: 0, Avg:  0.0, Max: 0, Diff: 0, Sum: 0, Workers: 4
[16.870s][debug][gc,phases      ] GC(32)     Total                          Min: 0, Avg:  0.8, Max: 3, Diff: 3, Sum: 3, Workers: 4
[16.870s][debug][gc,phases      ] GC(32)   StringDedup Table Weak         Min:  0.0, Avg:  0.0, Max:  0.0, Diff:  0.0, Sum:  0.0, Workers: 4
[16.870s][debug][gc,phases      ] GC(32)     Dead                           Min: 0, Avg:  0.0, Max: 0, Diff: 0, Sum: 0, Workers: 4
[16.870s][debug][gc,phases      ] GC(32)     Total                          Min: 0, Avg:  0.0, Max: 0, Diff: 0, Sum: 0, Workers: 4
[16.870s][debug][gc,phases      ] GC(32)   StringDedup Requests0 Weak     Min:  0.0, Avg:  0.0, Max:  0.0, Diff:  0.0, Sum:  0.0, Workers: 4
[16.870s][debug][gc,phases      ] GC(32)     Dead                           Min: 0, Avg:  0.0, Max: 0, Diff: 0, Sum: 0, Workers: 4
[16.870s][debug][gc,phases      ] GC(32)     Total                          Min: 0, Avg:  0.0, Max: 0, Diff: 0, Sum: 0, Workers: 4
[16.870s][debug][gc,phases      ] GC(32)   StringDedup Requests1 Weak     Min:  0.0, Avg:  0.0, Max:  0.0, Diff:  0.0, Sum:  0.0, Workers: 4
[16.870s][debug][gc,phases      ] GC(32)     Dead                           Min: 0, Avg:  0.0, Max: 0, Diff: 0, Sum: 0, Workers: 4
[16.870s][debug][gc,phases      ] GC(32)     Total                          Min: 0, Avg:  0.0, Max: 0, Diff: 0, Sum: 0, Workers: 4
[16.870s][debug][gc,phases      ] GC(32)   Weak JFR Old Object Samples    Min:  0.0, Avg:  0.0, Max:  0.0, Diff:  0.0, Sum:  0.0, Workers: 4
[16.870s][debug][gc,phases      ] GC(32)     Dead                           Min: 0, Avg:  0.0, Max: 0, Diff: 0, Sum: 0, Workers: 4
[16.870s][debug][gc,phases      ] GC(32)     Total                          Min: 0, Avg:  0.0, Max: 0, Diff: 0, Sum: 0, Workers: 4
[16.870s][debug][gc,phases      ] GC(32) Weak Processing 0.316ms
[16.870s][debug][gc,age         ] GC(32) Desired survivor size 374865920 bytes, new threshold 15 (max threshold 15)
[16.870s][info ][gc,heap        ] GC(32) PSYoungGen: 1656943K(1688576K)->251456K(1657856K) Eden: 1405952K(1405952K)->0K(1405952K) From: 250991K(282624K)->251456K(251904K)
[16.870s][info ][gc,heap        ] GC(32) ParOldGen: 277203K(377344K)->277211K(377344K)
[16.870s][info ][gc,metaspace   ] GC(32) Metaspace: 67104K(67840K)->67104K(67840K) NonClass: 57250K(57664K)->57250K(57664K) Class: 9853K(10176K)->9853K(10176K)
[16.870s][info ][gc             ] GC(32) Pause Young (Allocation Failure) 1888M->516M(1987M) 127.494ms
[16.870s][info ][gc,cpu         ] GC(32) User=0.51s Sys=0.00s Real=0.13s
[16.870s][info ][safepoint      ] Safepoint "ParallelGCFailedAllocation", Time since last: 28938266 ns, Reaching safepoint: 133107 ns, At safepoint: 127597304 ns, Total: 127730411 ns
[16.905s][info ][safepoint      ] Safepoint "ICBufferFull", Time since last: 34515367 ns, Reaching safepoint: 130007 ns, At safepoint: 26702 ns, Total: 156709 ns
[17.201s][info ][gc,start       ] GC(33) Pause Young (Allocation Failure)
[17.310s][debug][gc,phases      ] GC(33) Scavenge 109.313ms
[17.310s][debug][gc,ref         ] GC(33) Skipped phase 1 of Reference Processing: no references
[17.310s][debug][gc,ref         ] GC(33) ReferenceProcessor::execute queues: 1, RefProcThreadModel::Single, marks_oops_alive: false
[17.310s][debug][gc,ref         ] GC(33) Skipped phase 3 of Reference Processing: no references
[17.310s][debug][gc,ref         ] GC(33) ReferenceProcessor::execute queues: 1, RefProcThreadModel::Single, marks_oops_alive: false
[17.310s][debug][gc,phases      ] GC(33) Reference Processing 0.144ms
[17.310s][debug][gc,phases      ] GC(33)   VM Weak                        Min:  0.0, Avg:  0.0, Max:  0.0, Diff:  0.0, Sum:  0.0, Workers: 4
[17.310s][debug][gc,phases      ] GC(33)     Dead                           Min: 0, Avg:  0.0, Max: 0, Diff: 0, Sum: 0, Workers: 4
[17.310s][debug][gc,phases      ] GC(33)     Total                          Min: 0, Avg: 145.0, Max: 320, Diff: 320, Sum: 580, Workers: 4
[17.310s][debug][gc,phases      ] GC(33)   ObjectSynchronizer Weak        Min:  0.0, Avg:  0.0, Max:  0.0, Diff:  0.0, Sum:  0.0, Workers: 4
[17.310s][debug][gc,phases      ] GC(33)     Dead                           Min: 0, Avg:  0.0, Max: 0, Diff: 0, Sum: 0, Workers: 4
[17.310s][debug][gc,phases      ] GC(33)     Total                          Min: 0, Avg: 82.2, Max: 128, Diff: 128, Sum: 329, Workers: 4
[17.310s][debug][gc,phases      ] GC(33)   JVMTI Tag Weak OopStorage      Min:  0.0, Avg:  0.0, Max:  0.0, Diff:  0.0, Sum:  0.0, Workers: 4
[17.310s][debug][gc,phases      ] GC(33)     Dead                           Min: 0, Avg:  0.0, Max: 0, Diff: 0, Sum: 0, Workers: 4
[17.310s][debug][gc,phases      ] GC(33)     Total                          Min: 0, Avg:  0.0, Max: 0, Diff: 0, Sum: 0, Workers: 4
[17.310s][debug][gc,phases      ] GC(33)   StringTable Weak               Min:  0.1, Avg:  0.1, Max:  0.1, Diff:  0.0, Sum:  0.4, Workers: 4
[17.310s][debug][gc,phases      ] GC(33)     Dead                           Min: 0, Avg:  2.8, Max: 11, Diff: 11, Sum: 11, Workers: 4
[17.310s][debug][gc,phases      ] GC(33)     Total                          Min: 9663, Avg: 10654.0, Max: 11584, Diff: 1921, Sum: 42616, Workers: 4
[17.310s][debug][gc,phases      ] GC(33)   ResolvedMethodTable Weak       Min:  0.0, Avg:  0.0, Max:  0.0, Diff:  0.0, Sum:  0.1, Workers: 4
[17.310s][debug][gc,phases      ] GC(33)     Dead                           Min: 0, Avg:  0.0, Max: 0, Diff: 0, Sum: 0, Workers: 4
[17.310s][debug][gc,phases      ] GC(33)     Total                          Min: 1493, Avg: 1732.8, Max: 1984, Diff: 491, Sum: 6931, Workers: 4
[17.310s][debug][gc,phases      ] GC(33)   JNI Weak                       Min:  0.0, Avg:  0.0, Max:  0.0, Diff:  0.0, Sum:  0.0, Workers: 4
[17.310s][debug][gc,phases      ] GC(33)     Dead                           Min: 0, Avg:  0.0, Max: 0, Diff: 0, Sum: 0, Workers: 4
[17.310s][debug][gc,phases      ] GC(33)     Total                          Min: 0, Avg:  2.0, Max: 8, Diff: 8, Sum: 8, Workers: 4
[17.310s][debug][gc,phases      ] GC(33)   StringDedup Table Weak         Min:  0.0, Avg:  0.0, Max:  0.0, Diff:  0.0, Sum:  0.0, Workers: 4
[17.310s][debug][gc,phases      ] GC(33)     Dead                           Min: 0, Avg:  0.0, Max: 0, Diff: 0, Sum: 0, Workers: 4
[17.310s][debug][gc,phases      ] GC(33)     Total                          Min: 0, Avg:  0.0, Max: 0, Diff: 0, Sum: 0, Workers: 4
[17.310s][debug][gc,phases      ] GC(33)   StringDedup Requests0 Weak     Min:  0.0, Avg:  0.0, Max:  0.0, Diff:  0.0, Sum:  0.0, Workers: 4
[17.310s][debug][gc,phases      ] GC(33)     Dead                           Min: 0, Avg:  0.0, Max: 0, Diff: 0, Sum: 0, Workers: 4
[17.310s][debug][gc,phases      ] GC(33)     Total                          Min: 0, Avg:  0.0, Max: 0, Diff: 0, Sum: 0, Workers: 4
[17.310s][debug][gc,phases      ] GC(33)   StringDedup Requests1 Weak     Min:  0.0, Avg:  0.0, Max:  0.0, Diff:  0.0, Sum:  0.0, Workers: 4
[17.310s][debug][gc,phases      ] GC(33)     Dead                           Min: 0, Avg:  0.0, Max: 0, Diff: 0, Sum: 0, Workers: 4
[17.310s][debug][gc,phases      ] GC(33)     Total                          Min: 0, Avg:  0.0, Max: 0, Diff: 0, Sum: 0, Workers: 4
[17.310s][debug][gc,phases      ] GC(33)   Weak JFR Old Object Samples    Min:  0.0, Avg:  0.0, Max:  0.0, Diff:  0.0, Sum:  0.0, Workers: 4
[17.310s][debug][gc,phases      ] GC(33)     Dead                           Min: 0, Avg:  0.0, Max: 0, Diff: 0, Sum: 0, Workers: 4
[17.310s][debug][gc,phases      ] GC(33)     Total                          Min: 0, Avg:  0.0, Max: 0, Diff: 0, Sum: 0, Workers: 4
[17.310s][debug][gc,phases      ] GC(33) Weak Processing 0.327ms
[17.310s][debug][gc,age         ] GC(33) Desired survivor size 389545984 bytes, new threshold 15 (max threshold 15)
[17.310s][info ][gc,heap        ] GC(33) PSYoungGen: 1657408K(1657856K)->247472K(1702400K) Eden: 1405952K(1405952K)->0K(1336320K) From: 251456K(251904K)->247472K(366080K)
[17.310s][info ][gc,heap        ] GC(33) ParOldGen: 277211K(377344K)->277219K(377344K)
[17.310s][info ][gc,metaspace   ] GC(33) Metaspace: 67243K(68032K)->67243K(68032K) NonClass: 57385K(57792K)->57385K(57792K) Class: 9858K(10240K)->9858K(10240K)
[17.311s][info ][gc             ] GC(33) Pause Young (Allocation Failure) 1889M->512M(2031M) 109.923ms
[17.311s][info ][gc,cpu         ] GC(33) User=0.42s Sys=0.02s Real=0.11s
[17.311s][info ][safepoint      ] Safepoint "ParallelGCFailedAllocation", Time since last: 295239774 ns, Reaching safepoint: 156708 ns, At safepoint: 110019753 ns, Total: 110176461 ns
[17.585s][info ][gc,start       ] GC(34) Pause Young (Allocation Failure)
[17.686s][debug][gc,phases      ] GC(34) Scavenge 101.776ms
[17.686s][debug][gc,ref         ] GC(34) Skipped phase 1 of Reference Processing: no references
[17.686s][debug][gc,ref         ] GC(34) ReferenceProcessor::execute queues: 1, RefProcThreadModel::Single, marks_oops_alive: false
[17.686s][debug][gc,ref         ] GC(34) Skipped phase 3 of Reference Processing: no references
[17.686s][debug][gc,ref         ] GC(34) ReferenceProcessor::execute queues: 1, RefProcThreadModel::Single, marks_oops_alive: false
[17.686s][debug][gc,phases      ] GC(34) Reference Processing 0.118ms
[17.687s][debug][gc,phases      ] GC(34)   VM Weak                        Min:  0.0, Avg:  0.0, Max:  0.0, Diff:  0.0, Sum:  0.0, Workers: 4
[17.687s][debug][gc,phases      ] GC(34)     Dead                           Min: 0, Avg:  0.0, Max: 0, Diff: 0, Sum: 0, Workers: 4
[17.687s][debug][gc,phases      ] GC(34)     Total                          Min: 0, Avg: 145.0, Max: 448, Diff: 448, Sum: 580, Workers: 4
[17.687s][debug][gc,phases      ] GC(34)   ObjectSynchronizer Weak        Min:  0.0, Avg:  0.0, Max:  0.0, Diff:  0.0, Sum:  0.0, Workers: 4
[17.687s][debug][gc,phases      ] GC(34)     Dead                           Min: 0, Avg:  0.0, Max: 0, Diff: 0, Sum: 0, Workers: 4
[17.687s][debug][gc,phases      ] GC(34)     Total                          Min: 0, Avg: 82.2, Max: 137, Diff: 137, Sum: 329, Workers: 4
[17.687s][debug][gc,phases      ] GC(34)   JVMTI Tag Weak OopStorage      Min:  0.0, Avg:  0.0, Max:  0.0, Diff:  0.0, Sum:  0.0, Workers: 4
[17.687s][debug][gc,phases      ] GC(34)     Dead                           Min: 0, Avg:  0.0, Max: 0, Diff: 0, Sum: 0, Workers: 4
[17.687s][debug][gc,phases      ] GC(34)     Total                          Min: 0, Avg:  0.0, Max: 0, Diff: 0, Sum: 0, Workers: 4
[17.687s][debug][gc,phases      ] GC(34)   StringTable Weak               Min:  0.1, Avg:  0.1, Max:  0.1, Diff:  0.0, Sum:  0.4, Workers: 4
[17.687s][debug][gc,phases      ] GC(34)     Dead                           Min: 0, Avg:  2.8, Max: 6, Diff: 6, Sum: 11, Workers: 4
[17.687s][debug][gc,phases      ] GC(34)     Total                          Min: 8896, Avg: 10656.5, Max: 11522, Diff: 2626, Sum: 42626, Workers: 4
[17.687s][debug][gc,phases      ] GC(34)   ResolvedMethodTable Weak       Min:  0.0, Avg:  0.0, Max:  0.0, Diff:  0.0, Sum:  0.1, Workers: 4
[17.687s][debug][gc,phases      ] GC(34)     Dead                           Min: 0, Avg:  0.0, Max: 0, Diff: 0, Sum: 0, Workers: 4
[17.687s][debug][gc,phases      ] GC(34)     Total                          Min: 1344, Avg: 1732.8, Max: 2004, Diff: 660, Sum: 6931, Workers: 4
[17.687s][debug][gc,phases      ] GC(34)   JNI Weak                       Min:  0.0, Avg:  0.0, Max:  0.0, Diff:  0.0, Sum:  0.0, Workers: 4
[17.687s][debug][gc,phases      ] GC(34)     Dead                           Min: 0, Avg:  0.0, Max: 0, Diff: 0, Sum: 0, Workers: 4
[17.687s][debug][gc,phases      ] GC(34)     Total                          Min: 0, Avg:  2.8, Max: 11, Diff: 11, Sum: 11, Workers: 4
[17.687s][debug][gc,phases      ] GC(34)   StringDedup Table Weak         Min:  0.0, Avg:  0.0, Max:  0.0, Diff:  0.0, Sum:  0.0, Workers: 4
[17.687s][debug][gc,phases      ] GC(34)     Dead                           Min: 0, Avg:  0.0, Max: 0, Diff: 0, Sum: 0, Workers: 4
[17.687s][debug][gc,phases      ] GC(34)     Total                          Min: 0, Avg:  0.0, Max: 0, Diff: 0, Sum: 0, Workers: 4
[17.687s][debug][gc,phases      ] GC(34)   StringDedup Requests0 Weak     Min:  0.0, Avg:  0.0, Max:  0.0, Diff:  0.0, Sum:  0.0, Workers: 4
[17.687s][debug][gc,phases      ] GC(34)     Dead                           Min: 0, Avg:  0.0, Max: 0, Diff: 0, Sum: 0, Workers: 4
[17.687s][debug][gc,phases      ] GC(34)     Total                          Min: 0, Avg:  0.0, Max: 0, Diff: 0, Sum: 0, Workers: 4
[17.687s][debug][gc,phases      ] GC(34)   StringDedup Requests1 Weak     Min:  0.0, Avg:  0.0, Max:  0.0, Diff:  0.0, Sum:  0.0, Workers: 4
[17.687s][debug][gc,phases      ] GC(34)     Dead                           Min: 0, Avg:  0.0, Max: 0, Diff: 0, Sum: 0, Workers: 4
[17.687s][debug][gc,phases      ] GC(34)     Total                          Min: 0, Avg:  0.0, Max: 0, Diff: 0, Sum: 0, Workers: 4
[17.687s][debug][gc,phases      ] GC(34)   Weak JFR Old Object Samples    Min:  0.0, Avg:  0.0, Max:  0.0, Diff:  0.0, Sum:  0.0, Workers: 4
[17.687s][debug][gc,phases      ] GC(34)     Dead                           Min: 0, Avg:  0.0, Max: 0, Diff: 0, Sum: 0, Workers: 4
[17.687s][debug][gc,phases      ] GC(34)     Total                          Min: 0, Avg:  0.0, Max: 0, Diff: 0, Sum: 0, Workers: 4
[17.687s][debug][gc,phases      ] GC(34) Weak Processing 0.454ms
[17.687s][debug][gc,age         ] GC(34) Desired survivor size 398458880 bytes, new threshold 15 (max threshold 15)
[17.687s][info ][gc,heap        ] GC(34) PSYoungGen: 1583792K(1702400K)->244544K(1581056K) Eden: 1336320K(1336320K)->0K(1336320K) From: 247472K(366080K)->244544K(244736K)
[17.687s][info ][gc,heap        ] GC(34) ParOldGen: 277219K(377344K)->277227K(377344K)
[17.687s][info ][gc,metaspace   ] GC(34) Metaspace: 67371K(68160K)->67371K(68160K) NonClass: 57511K(57920K)->57511K(57920K) Class: 9860K(10240K)->9860K(10240K)
[17.687s][info ][gc             ] GC(34) Pause Young (Allocation Failure) 1817M->509M(1912M) 102.481ms
[17.687s][info ][gc,cpu         ] GC(34) User=0.40s Sys=0.00s Real=0.11s
[17.687s][info ][safepoint      ] Safepoint "ParallelGCFailedAllocation", Time since last: 273731310 ns, Reaching safepoint: 186210 ns, At safepoint: 102595851 ns, Total: 102782061 ns
[17.962s][info ][gc,start       ] GC(35) Pause Young (Allocation Failure)
[18.078s][debug][gc,phases      ] GC(35) Scavenge 115.751ms
[18.078s][debug][gc,ref         ] GC(35) Skipped phase 1 of Reference Processing: no references
[18.078s][debug][gc,ref         ] GC(35) ReferenceProcessor::execute queues: 1, RefProcThreadModel::Single, marks_oops_alive: false
[18.078s][debug][gc,ref         ] GC(35) Skipped phase 3 of Reference Processing: no references
[18.078s][debug][gc,ref         ] GC(35) ReferenceProcessor::execute queues: 1, RefProcThreadModel::Single, marks_oops_alive: false
[18.078s][debug][gc,phases      ] GC(35) Reference Processing 0.136ms
[18.078s][debug][gc,phases      ] GC(35)   VM Weak                        Min:  0.0, Avg:  0.0, Max:  0.0, Diff:  0.0, Sum:  0.0, Workers: 4
[18.078s][debug][gc,phases      ] GC(35)     Dead                           Min: 0, Avg:  0.0, Max: 0, Diff: 0, Sum: 0, Workers: 4
[18.078s][debug][gc,phases      ] GC(35)     Total                          Min: 0, Avg: 145.0, Max: 452, Diff: 452, Sum: 580, Workers: 4
[18.078s][debug][gc,phases      ] GC(35)   ObjectSynchronizer Weak        Min:  0.0, Avg:  0.0, Max:  0.0, Diff:  0.0, Sum:  0.0, Workers: 4
[18.078s][debug][gc,phases      ] GC(35)     Dead                           Min: 0, Avg:  0.0, Max: 0, Diff: 0, Sum: 0, Workers: 4
[18.078s][debug][gc,phases      ] GC(35)     Total                          Min: 0, Avg: 82.2, Max: 137, Diff: 137, Sum: 329, Workers: 4
[18.078s][debug][gc,phases      ] GC(35)   JVMTI Tag Weak OopStorage      Min:  0.0, Avg:  0.0, Max:  0.0, Diff:  0.0, Sum:  0.0, Workers: 4
[18.078s][debug][gc,phases      ] GC(35)     Dead                           Min: 0, Avg:  0.0, Max: 0, Diff: 0, Sum: 0, Workers: 4
[18.078s][debug][gc,phases      ] GC(35)     Total                          Min: 0, Avg:  0.0, Max: 0, Diff: 0, Sum: 0, Workers: 4
[18.078s][debug][gc,phases      ] GC(35)   StringTable Weak               Min:  0.1, Avg:  0.1, Max:  0.1, Diff:  0.0, Sum:  0.5, Workers: 4
[18.078s][debug][gc,phases      ] GC(35)     Dead                           Min: 0, Avg:  0.0, Max: 0, Diff: 0, Sum: 0, Workers: 4
[18.078s][debug][gc,phases      ] GC(35)     Total                          Min: 9984, Avg: 10658.0, Max: 11712, Diff: 1728, Sum: 42632, Workers: 4
[18.078s][debug][gc,phases      ] GC(35)   ResolvedMethodTable Weak       Min:  0.0, Avg:  0.0, Max:  0.0, Diff:  0.0, Sum:  0.1, Workers: 4
[18.078s][debug][gc,phases      ] GC(35)     Dead                           Min: 0, Avg:  0.0, Max: 0, Diff: 0, Sum: 0, Workers: 4
[18.078s][debug][gc,phases      ] GC(35)     Total                          Min: 1599, Avg: 1732.8, Max: 1984, Diff: 385, Sum: 6931, Workers: 4
[18.078s][debug][gc,phases      ] GC(35)   JNI Weak                       Min:  0.0, Avg:  0.0, Max:  0.0, Diff:  0.0, Sum:  0.0, Workers: 4
[18.078s][debug][gc,phases      ] GC(35)     Dead                           Min: 0, Avg:  0.0, Max: 0, Diff: 0, Sum: 0, Workers: 4
[18.078s][debug][gc,phases      ] GC(35)     Total                          Min: 0, Avg:  1.5, Max: 6, Diff: 6, Sum: 6, Workers: 4
[18.078s][debug][gc,phases      ] GC(35)   StringDedup Table Weak         Min:  0.0, Avg:  0.0, Max:  0.0, Diff:  0.0, Sum:  0.0, Workers: 4
[18.078s][debug][gc,phases      ] GC(35)     Dead                           Min: 0, Avg:  0.0, Max: 0, Diff: 0, Sum: 0, Workers: 4
[18.078s][debug][gc,phases      ] GC(35)     Total                          Min: 0, Avg:  0.0, Max: 0, Diff: 0, Sum: 0, Workers: 4
[18.078s][debug][gc,phases      ] GC(35)   StringDedup Requests0 Weak     Min:  0.0, Avg:  0.0, Max:  0.0, Diff:  0.0, Sum:  0.0, Workers: 4
[18.078s][debug][gc,phases      ] GC(35)     Dead                           Min: 0, Avg:  0.0, Max: 0, Diff: 0, Sum: 0, Workers: 4
[18.078s][debug][gc,phases      ] GC(35)     Total                          Min: 0, Avg:  0.0, Max: 0, Diff: 0, Sum: 0, Workers: 4
[18.078s][debug][gc,phases      ] GC(35)   StringDedup Requests1 Weak     Min:  0.0, Avg:  0.0, Max:  0.0, Diff:  0.0, Sum:  0.0, Workers: 4
[18.078s][debug][gc,phases      ] GC(35)     Dead                           Min: 0, Avg:  0.0, Max: 0, Diff: 0, Sum: 0, Workers: 4
[18.078s][debug][gc,phases      ] GC(35)     Total                          Min: 0, Avg:  0.0, Max: 0, Diff: 0, Sum: 0, Workers: 4
[18.078s][debug][gc,phases      ] GC(35)   Weak JFR Old Object Samples    Min:  0.0, Avg:  0.0, Max:  0.0, Diff:  0.0, Sum:  0.0, Workers: 4
[18.078s][debug][gc,phases      ] GC(35)     Dead                           Min: 0, Avg:  0.0, Max: 0, Diff: 0, Sum: 0, Workers: 4
[18.078s][debug][gc,phases      ] GC(35)     Total                          Min: 0, Avg:  0.0, Max: 0, Diff: 0, Sum: 0, Workers: 4
[18.078s][debug][gc,phases      ] GC(35) Weak Processing 0.343ms
[18.078s][debug][gc,age         ] GC(35) Desired survivor size 401604608 bytes, new threshold 15 (max threshold 15)
[18.078s][info ][gc,heap        ] GC(35) PSYoungGen: 1580864K(1581056K)->237152K(1701888K) Eden: 1336320K(1336320K)->0K(1312768K) From: 244544K(244736K)->237152K(389120K)
[18.078s][info ][gc,heap        ] GC(35) ParOldGen: 277227K(377344K)->277235K(377344K)
[18.078s][info ][gc,metaspace   ] GC(35) Metaspace: 67447K(68224K)->67447K(68224K) NonClass: 57587K(57984K)->57587K(57984K) Class: 9860K(10240K)->9860K(10240K)
[18.078s][info ][gc             ] GC(35) Pause Young (Allocation Failure) 1814M->502M(2030M) 116.368ms
[18.078s][info ][gc,cpu         ] GC(35) User=0.47s Sys=0.01s Real=0.12s
[18.078s][info ][safepoint      ] Safepoint "ParallelGCFailedAllocation", Time since last: 274687363 ns, Reaching safepoint: 158008 ns, At safepoint: 116490503 ns, Total: 116648511 ns
[18.318s][info ][gc,start       ] GC(36) Pause Young (Allocation Failure)
[18.423s][debug][gc,phases      ] GC(36) Scavenge 104.196ms
[18.423s][debug][gc,ref         ] GC(36) Skipped phase 1 of Reference Processing: no references
[18.423s][debug][gc,ref         ] GC(36) ReferenceProcessor::execute queues: 1, RefProcThreadModel::Single, marks_oops_alive: false
[18.423s][debug][gc,ref         ] GC(36) Skipped phase 3 of Reference Processing: no references
[18.423s][debug][gc,ref         ] GC(36) ReferenceProcessor::execute queues: 1, RefProcThreadModel::Single, marks_oops_alive: false
[18.423s][debug][gc,phases      ] GC(36) Reference Processing 0.126ms
[18.423s][debug][gc,phases      ] GC(36)   VM Weak                        Min:  0.0, Avg:  0.0, Max:  0.0, Diff:  0.0, Sum:  0.0, Workers: 4
[18.423s][debug][gc,phases      ] GC(36)     Dead                           Min: 0, Avg:  0.0, Max: 0, Diff: 0, Sum: 0, Workers: 4
[18.423s][debug][gc,phases      ] GC(36)     Total                          Min: 0, Avg: 145.0, Max: 448, Diff: 448, Sum: 580, Workers: 4
[18.423s][debug][gc,phases      ] GC(36)   ObjectSynchronizer Weak        Min:  0.0, Avg:  0.0, Max:  0.0, Diff:  0.0, Sum:  0.0, Workers: 4
[18.423s][debug][gc,phases      ] GC(36)     Dead                           Min: 0, Avg:  0.0, Max: 0, Diff: 0, Sum: 0, Workers: 4
[18.423s][debug][gc,phases      ] GC(36)     Total                          Min: 0, Avg: 82.2, Max: 192, Diff: 192, Sum: 329, Workers: 4
[18.423s][debug][gc,phases      ] GC(36)   JVMTI Tag Weak OopStorage      Min:  0.0, Avg:  0.0, Max:  0.0, Diff:  0.0, Sum:  0.0, Workers: 4
[18.423s][debug][gc,phases      ] GC(36)     Dead                           Min: 0, Avg:  0.0, Max: 0, Diff: 0, Sum: 0, Workers: 4
[18.423s][debug][gc,phases      ] GC(36)     Total                          Min: 0, Avg:  0.0, Max: 0, Diff: 0, Sum: 0, Workers: 4
[18.423s][debug][gc,phases      ] GC(36)   StringTable Weak               Min:  0.1, Avg:  0.1, Max:  0.1, Diff:  0.0, Sum:  0.4, Workers: 4
[18.423s][debug][gc,phases      ] GC(36)     Dead                           Min: 0, Avg:  2.8, Max: 11, Diff: 11, Sum: 11, Workers: 4
[18.423s][debug][gc,phases      ] GC(36)     Total                          Min: 9600, Avg: 10659.5, Max: 11732, Diff: 2132, Sum: 42638, Workers: 4
[18.423s][debug][gc,phases      ] GC(36)   ResolvedMethodTable Weak       Min:  0.0, Avg:  0.0, Max:  0.0, Diff:  0.0, Sum:  0.1, Workers: 4
[18.423s][debug][gc,phases      ] GC(36)     Dead                           Min: 0, Avg:  0.0, Max: 0, Diff: 0, Sum: 0, Workers: 4
[18.423s][debug][gc,phases      ] GC(36)     Total                          Min: 1472, Avg: 1732.8, Max: 1983, Diff: 511, Sum: 6931, Workers: 4
[18.423s][debug][gc,phases      ] GC(36)   JNI Weak                       Min:  0.0, Avg:  0.0, Max:  0.0, Diff:  0.0, Sum:  0.0, Workers: 4
[18.423s][debug][gc,phases      ] GC(36)     Dead                           Min: 0, Avg:  0.0, Max: 0, Diff: 0, Sum: 0, Workers: 4
[18.423s][debug][gc,phases      ] GC(36)     Total                          Min: 0, Avg:  0.5, Max: 2, Diff: 2, Sum: 2, Workers: 4
[18.423s][debug][gc,phases      ] GC(36)   StringDedup Table Weak         Min:  0.0, Avg:  0.0, Max:  0.0, Diff:  0.0, Sum:  0.0, Workers: 4
[18.423s][debug][gc,phases      ] GC(36)     Dead                           Min: 0, Avg:  0.0, Max: 0, Diff: 0, Sum: 0, Workers: 4
[18.423s][debug][gc,phases      ] GC(36)     Total                          Min: 0, Avg:  0.0, Max: 0, Diff: 0, Sum: 0, Workers: 4
[18.423s][debug][gc,phases      ] GC(36)   StringDedup Requests0 Weak     Min:  0.0, Avg:  0.0, Max:  0.0, Diff:  0.0, Sum:  0.0, Workers: 4
[18.423s][debug][gc,phases      ] GC(36)     Dead                           Min: 0, Avg:  0.0, Max: 0, Diff: 0, Sum: 0, Workers: 4
[18.423s][debug][gc,phases      ] GC(36)     Total                          Min: 0, Avg:  0.0, Max: 0, Diff: 0, Sum: 0, Workers: 4
[18.423s][debug][gc,phases      ] GC(36)   StringDedup Requests1 Weak     Min:  0.0, Avg:  0.0, Max:  0.0, Diff:  0.0, Sum:  0.0, Workers: 4
[18.423s][debug][gc,phases      ] GC(36)     Dead                           Min: 0, Avg:  0.0, Max: 0, Diff: 0, Sum: 0, Workers: 4
[18.423s][debug][gc,phases      ] GC(36)     Total                          Min: 0, Avg:  0.0, Max: 0, Diff: 0, Sum: 0, Workers: 4
[18.423s][debug][gc,phases      ] GC(36)   Weak JFR Old Object Samples    Min:  0.0, Avg:  0.0, Max:  0.0, Diff:  0.0, Sum:  0.0, Workers: 4
[18.423s][debug][gc,phases      ] GC(36)     Dead                           Min: 0, Avg:  0.0, Max: 0, Diff: 0, Sum: 0, Workers: 4
[18.423s][debug][gc,phases      ] GC(36)     Total                          Min: 0, Avg:  0.0, Max: 0, Diff: 0, Sum: 0, Workers: 4
[18.423s][debug][gc,phases      ] GC(36) Weak Processing 0.316ms
[18.423s][debug][gc,age         ] GC(36) Desired survivor size 400031744 bytes, new threshold 15 (max threshold 15)
[18.423s][info ][gc,heap        ] GC(36) PSYoungGen: 1549920K(1701888K)->230912K(1704960K) Eden: 1312768K(1312768K)->0K(1312768K) From: 237152K(389120K)->230912K(392192K)
[18.423s][info ][gc,heap        ] GC(36) ParOldGen: 277235K(377344K)->277243K(377344K)
[18.423s][info ][gc,metaspace   ] GC(36) Metaspace: 67496K(68288K)->67496K(68288K) NonClass: 57635K(58048K)->57635K(58048K) Class: 9861K(10240K)->9861K(10240K)
[18.423s][info ][gc             ] GC(36) Pause Young (Allocation Failure) 1784M->496M(2033M) 104.771ms
[18.423s][info ][gc,cpu         ] GC(36) User=0.41s Sys=0.01s Real=0.10s
[18.423s][info ][safepoint      ] Safepoint "ParallelGCFailedAllocation", Time since last: 239400853 ns, Reaching safepoint: 503127 ns, At safepoint: 104887975 ns, Total: 105391102 ns
[18.802s][info ][gc,start       ] GC(37) Pause Young (Allocation Failure)
[18.891s][debug][gc,phases      ] GC(37) Scavenge 88.540ms
[18.891s][debug][gc,ref         ] GC(37) Skipped phase 1 of Reference Processing: no references
[18.891s][debug][gc,ref         ] GC(37) ReferenceProcessor::execute queues: 1, RefProcThreadModel::Single, marks_oops_alive: false
[18.891s][debug][gc,ref         ] GC(37) Skipped phase 3 of Reference Processing: no references
[18.891s][debug][gc,ref         ] GC(37) ReferenceProcessor::execute queues: 1, RefProcThreadModel::Single, marks_oops_alive: false
[18.891s][debug][gc,phases      ] GC(37) Reference Processing 0.145ms
[18.891s][debug][gc,phases      ] GC(37)   VM Weak                        Min:  0.0, Avg:  0.0, Max:  0.0, Diff:  0.0, Sum:  0.0, Workers: 4
[18.891s][debug][gc,phases      ] GC(37)     Dead                           Min: 0, Avg:  0.0, Max: 0, Diff: 0, Sum: 0, Workers: 4
[18.891s][debug][gc,phases      ] GC(37)     Total                          Min: 0, Avg: 146.2, Max: 384, Diff: 384, Sum: 585, Workers: 4
[18.891s][debug][gc,phases      ] GC(37)   ObjectSynchronizer Weak        Min:  0.0, Avg:  0.0, Max:  0.0, Diff:  0.0, Sum:  0.0, Workers: 4
[18.891s][debug][gc,phases      ] GC(37)     Dead                           Min: 0, Avg:  0.0, Max: 0, Diff: 0, Sum: 0, Workers: 4
[18.891s][debug][gc,phases      ] GC(37)     Total                          Min: 0, Avg: 82.2, Max: 329, Diff: 329, Sum: 329, Workers: 4
[18.891s][debug][gc,phases      ] GC(37)   JVMTI Tag Weak OopStorage      Min:  0.0, Avg:  0.0, Max:  0.0, Diff:  0.0, Sum:  0.0, Workers: 4
[18.891s][debug][gc,phases      ] GC(37)     Dead                           Min: 0, Avg:  0.0, Max: 0, Diff: 0, Sum: 0, Workers: 4
[18.891s][debug][gc,phases      ] GC(37)     Total                          Min: 0, Avg:  0.0, Max: 0, Diff: 0, Sum: 0, Workers: 4
[18.891s][debug][gc,phases      ] GC(37)   StringTable Weak               Min:  0.1, Avg:  0.1, Max:  0.1, Diff:  0.0, Sum:  0.4, Workers: 4
[18.891s][debug][gc,phases      ] GC(37)     Dead                           Min: 0, Avg:  3.0, Max: 11, Diff: 11, Sum: 12, Workers: 4
[18.891s][debug][gc,phases      ] GC(37)     Total                          Min: 9280, Avg: 10672.2, Max: 11393, Diff: 2113, Sum: 42689, Workers: 4
[18.891s][debug][gc,phases      ] GC(37)   ResolvedMethodTable Weak       Min:  0.0, Avg:  0.0, Max:  0.0, Diff:  0.0, Sum:  0.1, Workers: 4
[18.891s][debug][gc,phases      ] GC(37)     Dead                           Min: 0, Avg:  4.2, Max: 16, Diff: 16, Sum: 17, Workers: 4
[18.891s][debug][gc,phases      ] GC(37)     Total                          Min: 1662, Avg: 1749.0, Max: 1856, Diff: 194, Sum: 6996, Workers: 4
[18.891s][debug][gc,phases      ] GC(37)   JNI Weak                       Min:  0.0, Avg:  0.0, Max:  0.0, Diff:  0.0, Sum:  0.0, Workers: 4
[18.891s][debug][gc,phases      ] GC(37)     Dead                           Min: 0, Avg:  0.0, Max: 0, Diff: 0, Sum: 0, Workers: 4
[18.891s][debug][gc,phases      ] GC(37)     Total                          Min: 0, Avg:  3.2, Max: 13, Diff: 13, Sum: 13, Workers: 4
[18.891s][debug][gc,phases      ] GC(37)   StringDedup Table Weak         Min:  0.0, Avg:  0.0, Max:  0.0, Diff:  0.0, Sum:  0.0, Workers: 4
[18.891s][debug][gc,phases      ] GC(37)     Dead                           Min: 0, Avg:  0.0, Max: 0, Diff: 0, Sum: 0, Workers: 4
[18.891s][debug][gc,phases      ] GC(37)     Total                          Min: 0, Avg:  0.0, Max: 0, Diff: 0, Sum: 0, Workers: 4
[18.891s][debug][gc,phases      ] GC(37)   StringDedup Requests0 Weak     Min:  0.0, Avg:  0.0, Max:  0.0, Diff:  0.0, Sum:  0.0, Workers: 4
[18.891s][debug][gc,phases      ] GC(37)     Dead                           Min: 0, Avg:  0.0, Max: 0, Diff: 0, Sum: 0, Workers: 4
[18.891s][debug][gc,phases      ] GC(37)     Total                          Min: 0, Avg:  0.0, Max: 0, Diff: 0, Sum: 0, Workers: 4
[18.891s][debug][gc,phases      ] GC(37)   StringDedup Requests1 Weak     Min:  0.0, Avg:  0.0, Max:  0.0, Diff:  0.0, Sum:  0.0, Workers: 4
[18.891s][debug][gc,phases      ] GC(37)     Dead                           Min: 0, Avg:  0.0, Max: 0, Diff: 0, Sum: 0, Workers: 4
[18.891s][debug][gc,phases      ] GC(37)     Total                          Min: 0, Avg:  0.0, Max: 0, Diff: 0, Sum: 0, Workers: 4
[18.891s][debug][gc,phases      ] GC(37)   Weak JFR Old Object Samples    Min:  0.0, Avg:  0.0, Max:  0.0, Diff:  0.0, Sum:  0.0, Workers: 4
[18.891s][debug][gc,phases      ] GC(37)     Dead                           Min: 0, Avg:  0.0, Max: 0, Diff: 0, Sum: 0, Workers: 4
[18.891s][debug][gc,phases      ] GC(37)     Total                          Min: 0, Avg:  0.0, Max: 0, Diff: 0, Sum: 0, Workers: 4
[18.891s][debug][gc,phases      ] GC(37) Weak Processing 0.323ms
[18.891s][debug][gc,age         ] GC(37) Desired survivor size 392167424 bytes, new threshold 15 (max threshold 15)
[18.891s][info ][gc,heap        ] GC(37) PSYoungGen: 1543680K(1704960K)->216768K(1714176K) Eden: 1312768K(1312768K)->0K(1323520K) From: 230912K(392192K)->216768K(390656K)
[18.891s][info ][gc,heap        ] GC(37) ParOldGen: 277243K(377344K)->277251K(377344K)
[18.891s][info ][gc,metaspace   ] GC(37) Metaspace: 67733K(68480K)->67733K(68480K) NonClass: 57840K(58240K)->57840K(58240K) Class: 9893K(10240K)->9893K(10240K)
[18.891s][info ][gc             ] GC(37) Pause Young (Allocation Failure) 1778M->482M(2042M) 89.174ms
[18.891s][info ][gc,cpu         ] GC(37) User=0.35s Sys=0.00s Real=0.09s
[18.891s][info ][safepoint      ] Safepoint "ParallelGCFailedAllocation", Time since last: 378694090 ns, Reaching safepoint: 228112 ns, At safepoint: 89295031 ns, Total: 89523143 ns
[19.126s][info ][gc,start       ] GC(38) Pause Young (Allocation Failure)
[19.229s][debug][gc,phases      ] GC(38) Scavenge 103.165ms
[19.229s][debug][gc,ref         ] GC(38) Skipped phase 1 of Reference Processing: no references
[19.230s][debug][gc,ref         ] GC(38) ReferenceProcessor::execute queues: 1, RefProcThreadModel::Single, marks_oops_alive: false
[19.230s][debug][gc,ref         ] GC(38) Skipped phase 3 of Reference Processing: no references
[19.230s][debug][gc,ref         ] GC(38) ReferenceProcessor::execute queues: 1, RefProcThreadModel::Single, marks_oops_alive: false
[19.230s][debug][gc,phases      ] GC(38) Reference Processing 0.130ms
[19.230s][debug][gc,phases      ] GC(38)   VM Weak                        Min:  0.0, Avg:  0.0, Max:  0.0, Diff:  0.0, Sum:  0.0, Workers: 4
[19.230s][debug][gc,phases      ] GC(38)     Dead                           Min: 0, Avg:  0.0, Max: 0, Diff: 0, Sum: 0, Workers: 4
[19.230s][debug][gc,phases      ] GC(38)     Total                          Min: 0, Avg: 146.2, Max: 448, Diff: 448, Sum: 585, Workers: 4
[19.230s][debug][gc,phases      ] GC(38)   ObjectSynchronizer Weak        Min:  0.0, Avg:  0.0, Max:  0.0, Diff:  0.0, Sum:  0.0, Workers: 4
[19.230s][debug][gc,phases      ] GC(38)     Dead                           Min: 0, Avg:  0.0, Max: 0, Diff: 0, Sum: 0, Workers: 4
[19.230s][debug][gc,phases      ] GC(38)     Total                          Min: 0, Avg: 82.2, Max: 137, Diff: 137, Sum: 329, Workers: 4
[19.230s][debug][gc,phases      ] GC(38)   JVMTI Tag Weak OopStorage      Min:  0.0, Avg:  0.0, Max:  0.0, Diff:  0.0, Sum:  0.0, Workers: 4
[19.230s][debug][gc,phases      ] GC(38)     Dead                           Min: 0, Avg:  0.0, Max: 0, Diff: 0, Sum: 0, Workers: 4
[19.230s][debug][gc,phases      ] GC(38)     Total                          Min: 0, Avg:  0.0, Max: 0, Diff: 0, Sum: 0, Workers: 4
[19.230s][debug][gc,phases      ] GC(38)   StringTable Weak               Min:  0.0, Avg:  0.1, Max:  0.1, Diff:  0.1, Sum:  0.4, Workers: 4
[19.230s][debug][gc,phases      ] GC(38)     Dead                           Min: 0, Avg:  2.8, Max: 11, Diff: 11, Sum: 11, Workers: 4
[19.230s][debug][gc,phases      ] GC(38)     Total                          Min: 0, Avg: 10672.2, Max: 14773, Diff: 14773, Sum: 42689, Workers: 4
[19.230s][debug][gc,phases      ] GC(38)   ResolvedMethodTable Weak       Min:  0.0, Avg:  0.0, Max:  0.0, Diff:  0.0, Sum:  0.1, Workers: 4
[19.230s][debug][gc,phases      ] GC(38)     Dead                           Min: 0, Avg:  0.0, Max: 0, Diff: 0, Sum: 0, Workers: 4
[19.230s][debug][gc,phases      ] GC(38)     Total                          Min: 0, Avg: 1749.0, Max: 2559, Diff: 2559, Sum: 6996, Workers: 4
[19.230s][debug][gc,phases      ] GC(38)   JNI Weak                       Min:  0.0, Avg:  0.0, Max:  0.0, Diff:  0.0, Sum:  0.0, Workers: 4
[19.230s][debug][gc,phases      ] GC(38)     Dead                           Min: 0, Avg:  0.0, Max: 0, Diff: 0, Sum: 0, Workers: 4
[19.230s][debug][gc,phases      ] GC(38)     Total                          Min: 0, Avg:  1.5, Max: 6, Diff: 6, Sum: 6, Workers: 4
[19.230s][debug][gc,phases      ] GC(38)   StringDedup Table Weak         Min:  0.0, Avg:  0.0, Max:  0.0, Diff:  0.0, Sum:  0.0, Workers: 4
[19.230s][debug][gc,phases      ] GC(38)     Dead                           Min: 0, Avg:  0.0, Max: 0, Diff: 0, Sum: 0, Workers: 4
[19.230s][debug][gc,phases      ] GC(38)     Total                          Min: 0, Avg:  0.0, Max: 0, Diff: 0, Sum: 0, Workers: 4
[19.230s][debug][gc,phases      ] GC(38)   StringDedup Requests0 Weak     Min:  0.0, Avg:  0.0, Max:  0.0, Diff:  0.0, Sum:  0.0, Workers: 4
[19.230s][debug][gc,phases      ] GC(38)     Dead                           Min: 0, Avg:  0.0, Max: 0, Diff: 0, Sum: 0, Workers: 4
[19.230s][debug][gc,phases      ] GC(38)     Total                          Min: 0, Avg:  0.0, Max: 0, Diff: 0, Sum: 0, Workers: 4
[19.230s][debug][gc,phases      ] GC(38)   StringDedup Requests1 Weak     Min:  0.0, Avg:  0.0, Max:  0.0, Diff:  0.0, Sum:  0.0, Workers: 4
[19.230s][debug][gc,phases      ] GC(38)     Dead                           Min: 0, Avg:  0.0, Max: 0, Diff: 0, Sum: 0, Workers: 4
[19.230s][debug][gc,phases      ] GC(38)     Total                          Min: 0, Avg:  0.0, Max: 0, Diff: 0, Sum: 0, Workers: 4
[19.230s][debug][gc,phases      ] GC(38)   Weak JFR Old Object Samples    Min:  0.0, Avg:  0.0, Max:  0.0, Diff:  0.0, Sum:  0.0, Workers: 4
[19.230s][debug][gc,phases      ] GC(38)     Dead                           Min: 0, Avg:  0.0, Max: 0, Diff: 0, Sum: 0, Workers: 4
[19.230s][debug][gc,phases      ] GC(38)     Total                          Min: 0, Avg:  0.0, Max: 0, Diff: 0, Sum: 0, Workers: 4
[19.230s][debug][gc,phases      ] GC(38) Weak Processing 0.428ms
[19.230s][debug][gc,age         ] GC(38) Desired survivor size 380633088 bytes, new threshold 15 (max threshold 15)
[19.230s][info ][gc,heap        ] GC(38) PSYoungGen: 1540288K(1714176K)->208080K(1706496K) Eden: 1323520K(1323520K)->0K(1323520K) From: 216768K(390656K)->208080K(382976K)
[19.230s][info ][gc,heap        ] GC(38) ParOldGen: 277251K(377344K)->277259K(377344K)
[19.230s][info ][gc,metaspace   ] GC(38) Metaspace: 67740K(68480K)->67740K(68480K) NonClass: 57847K(58240K)->57847K(58240K) Class: 9893K(10240K)->9893K(10240K)
[19.230s][info ][gc             ] GC(38) Pause Young (Allocation Failure) 1774M->473M(2035M) 103.888ms
[19.230s][info ][gc,cpu         ] GC(38) User=0.41s Sys=0.00s Real=0.10s
[19.230s][info ][safepoint      ] Safepoint "ParallelGCFailedAllocation", Time since last: 234083066 ns, Reaching safepoint: 630034 ns, At safepoint: 104001327 ns, Total: 104631361 ns
[19.602s][info ][safepoint      ] Safepoint "ParallelGCFailedAllocation", Time since last: 371579804 ns, Reaching safepoint: 146408 ns, At safepoint: 38802 ns, Total: 185210 ns
[19.602s][info ][gc,start       ] GC(39) Pause Young (GCLocker Initiated GC)
[19.709s][debug][gc,phases      ] GC(39) Scavenge 106.844ms
[19.709s][debug][gc,ref         ] GC(39) Skipped phase 1 of Reference Processing: no references
[19.709s][debug][gc,ref         ] GC(39) ReferenceProcessor::execute queues: 1, RefProcThreadModel::Single, marks_oops_alive: false
[19.709s][debug][gc,ref         ] GC(39) Skipped phase 3 of Reference Processing: no references
[19.709s][debug][gc,ref         ] GC(39) ReferenceProcessor::execute queues: 1, RefProcThreadModel::Single, marks_oops_alive: false
[19.709s][debug][gc,phases      ] GC(39) Reference Processing 0.125ms
[19.709s][debug][gc,phases      ] GC(39)   VM Weak                        Min:  0.0, Avg:  0.0, Max:  0.0, Diff:  0.0, Sum:  0.0, Workers: 4
[19.709s][debug][gc,phases      ] GC(39)     Dead                           Min: 0, Avg:  0.0, Max: 0, Diff: 0, Sum: 0, Workers: 4
[19.709s][debug][gc,phases      ] GC(39)     Total                          Min: 0, Avg: 146.2, Max: 576, Diff: 576, Sum: 585, Workers: 4
[19.709s][debug][gc,phases      ] GC(39)   ObjectSynchronizer Weak        Min:  0.0, Avg:  0.0, Max:  0.0, Diff:  0.0, Sum:  0.0, Workers: 4
[19.709s][debug][gc,phases      ] GC(39)     Dead                           Min: 0, Avg:  0.0, Max: 0, Diff: 0, Sum: 0, Workers: 4
[19.709s][debug][gc,phases      ] GC(39)     Total                          Min: 0, Avg: 82.2, Max: 137, Diff: 137, Sum: 329, Workers: 4
[19.709s][debug][gc,phases      ] GC(39)   JVMTI Tag Weak OopStorage      Min:  0.0, Avg:  0.0, Max:  0.0, Diff:  0.0, Sum:  0.0, Workers: 4
[19.709s][debug][gc,phases      ] GC(39)     Dead                           Min: 0, Avg:  0.0, Max: 0, Diff: 0, Sum: 0, Workers: 4
[19.709s][debug][gc,phases      ] GC(39)     Total                          Min: 0, Avg:  0.0, Max: 0, Diff: 0, Sum: 0, Workers: 4
[19.709s][debug][gc,phases      ] GC(39)   StringTable Weak               Min:  0.1, Avg:  0.1, Max:  0.1, Diff:  0.0, Sum:  0.4, Workers: 4
[19.709s][debug][gc,phases      ] GC(39)     Dead                           Min: 0, Avg:  2.8, Max: 11, Diff: 11, Sum: 11, Workers: 4
[19.709s][debug][gc,phases      ] GC(39)     Total                          Min: 9845, Avg: 10674.0, Max: 11328, Diff: 1483, Sum: 42696, Workers: 4
[19.709s][debug][gc,phases      ] GC(39)   ResolvedMethodTable Weak       Min:  0.0, Avg:  0.0, Max:  0.0, Diff:  0.0, Sum:  0.1, Workers: 4
[19.709s][debug][gc,phases      ] GC(39)     Dead                           Min: 0, Avg:  0.0, Max: 0, Diff: 0, Sum: 0, Workers: 4
[19.709s][debug][gc,phases      ] GC(39)     Total                          Min: 1536, Avg: 1749.0, Max: 1878, Diff: 342, Sum: 6996, Workers: 4
[19.709s][debug][gc,phases      ] GC(39)   JNI Weak                       Min:  0.0, Avg:  0.0, Max:  0.0, Diff:  0.0, Sum:  0.0, Workers: 4
[19.709s][debug][gc,phases      ] GC(39)     Dead                           Min: 0, Avg:  0.0, Max: 0, Diff: 0, Sum: 0, Workers: 4
[19.709s][debug][gc,phases      ] GC(39)     Total                          Min: 0, Avg:  1.0, Max: 4, Diff: 4, Sum: 4, Workers: 4
[19.709s][debug][gc,phases      ] GC(39)   StringDedup Table Weak         Min:  0.0, Avg:  0.0, Max:  0.0, Diff:  0.0, Sum:  0.0, Workers: 4
[19.709s][debug][gc,phases      ] GC(39)     Dead                           Min: 0, Avg:  0.0, Max: 0, Diff: 0, Sum: 0, Workers: 4
[19.709s][debug][gc,phases      ] GC(39)     Total                          Min: 0, Avg:  0.0, Max: 0, Diff: 0, Sum: 0, Workers: 4
[19.709s][debug][gc,phases      ] GC(39)   StringDedup Requests0 Weak     Min:  0.0, Avg:  0.0, Max:  0.0, Diff:  0.0, Sum:  0.0, Workers: 4
[19.709s][debug][gc,phases      ] GC(39)     Dead                           Min: 0, Avg:  0.0, Max: 0, Diff: 0, Sum: 0, Workers: 4
[19.709s][debug][gc,phases      ] GC(39)     Total                          Min: 0, Avg:  0.0, Max: 0, Diff: 0, Sum: 0, Workers: 4
[19.709s][debug][gc,phases      ] GC(39)   StringDedup Requests1 Weak     Min:  0.0, Avg:  0.0, Max:  0.0, Diff:  0.0, Sum:  0.0, Workers: 4
[19.709s][debug][gc,phases      ] GC(39)     Dead                           Min: 0, Avg:  0.0, Max: 0, Diff: 0, Sum: 0, Workers: 4
[19.709s][debug][gc,phases      ] GC(39)     Total                          Min: 0, Avg:  0.0, Max: 0, Diff: 0, Sum: 0, Workers: 4
[19.709s][debug][gc,phases      ] GC(39)   Weak JFR Old Object Samples    Min:  0.0, Avg:  0.0, Max:  0.0, Diff:  0.0, Sum:  0.0, Workers: 4
[19.709s][debug][gc,phases      ] GC(39)     Dead                           Min: 0, Avg:  0.0, Max: 0, Diff: 0, Sum: 0, Workers: 4
[19.709s][debug][gc,phases      ] GC(39)     Total                          Min: 0, Avg:  0.0, Max: 0, Diff: 0, Sum: 0, Workers: 4
[19.709s][debug][gc,phases      ] GC(39) Weak Processing 0.345ms
[19.709s][debug][gc,age         ] GC(39) Desired survivor size 366477312 bytes, new threshold 15 (max threshold 15)
[19.710s][info ][gc,heap        ] GC(39) PSYoungGen: 1531600K(1706496K)->200832K(1739264K) Eden: 1323520K(1323520K)->0K(1367552K) From: 208080K(382976K)->200832K(371712K)
[19.710s][info ][gc,heap        ] GC(39) ParOldGen: 277259K(377344K)->277259K(377344K)
[19.710s][info ][gc,metaspace   ] GC(39) Metaspace: 67751K(68480K)->67751K(68480K) NonClass: 57857K(58240K)->57857K(58240K) Class: 9893K(10240K)->9893K(10240K)
[19.710s][info ][gc             ] GC(39) Pause Young (GCLocker Initiated GC) 1766M->466M(2067M) 107.432ms
[19.710s][info ][gc,cpu         ] GC(39) User=0.43s Sys=0.00s Real=0.11s
[19.710s][info ][safepoint      ] Safepoint "ParallelGCSystemGC", Time since last: 58404 ns, Reaching safepoint: 111406 ns, At safepoint: 107538118 ns, Total: 107649524 ns
[19.982s][info ][gc,start       ] GC(40) Pause Young (Allocation Failure)
[20.090s][debug][gc,phases      ] GC(40) Scavenge 107.647ms
[20.090s][debug][gc,ref         ] GC(40) Skipped phase 1 of Reference Processing: no references
[20.090s][debug][gc,ref         ] GC(40) ReferenceProcessor::execute queues: 1, RefProcThreadModel::Single, marks_oops_alive: false
[20.090s][debug][gc,ref         ] GC(40) Skipped phase 3 of Reference Processing: no references
[20.090s][debug][gc,ref         ] GC(40) ReferenceProcessor::execute queues: 1, RefProcThreadModel::Single, marks_oops_alive: false
[20.090s][debug][gc,phases      ] GC(40) Reference Processing 0.171ms
[20.090s][debug][gc,phases      ] GC(40)   VM Weak                        Min:  0.0, Avg:  0.0, Max:  0.0, Diff:  0.0, Sum:  0.0, Workers: 4
[20.090s][debug][gc,phases      ] GC(40)     Dead                           Min: 0, Avg:  0.0, Max: 0, Diff: 0, Sum: 0, Workers: 4
[20.090s][debug][gc,phases      ] GC(40)     Total                          Min: 0, Avg: 146.5, Max: 576, Diff: 576, Sum: 586, Workers: 4
[20.090s][debug][gc,phases      ] GC(40)   ObjectSynchronizer Weak        Min:  0.0, Avg:  0.0, Max:  0.0, Diff:  0.0, Sum:  0.0, Workers: 4
[20.090s][debug][gc,phases      ] GC(40)     Dead                           Min: 0, Avg:  0.0, Max: 0, Diff: 0, Sum: 0, Workers: 4
[20.090s][debug][gc,phases      ] GC(40)     Total                          Min: 9, Avg: 82.2, Max: 128, Diff: 119, Sum: 329, Workers: 4
[20.090s][debug][gc,phases      ] GC(40)   JVMTI Tag Weak OopStorage      Min:  0.0, Avg:  0.0, Max:  0.0, Diff:  0.0, Sum:  0.0, Workers: 4
[20.090s][debug][gc,phases      ] GC(40)     Dead                           Min: 0, Avg:  0.0, Max: 0, Diff: 0, Sum: 0, Workers: 4
[20.090s][debug][gc,phases      ] GC(40)     Total                          Min: 0, Avg:  0.0, Max: 0, Diff: 0, Sum: 0, Workers: 4
[20.090s][debug][gc,phases      ] GC(40)   StringTable Weak               Min:  0.1, Avg:  0.1, Max:  0.1, Diff:  0.0, Sum:  0.4, Workers: 4
[20.090s][debug][gc,phases      ] GC(40)     Dead                           Min: 0, Avg:  0.2, Max: 1, Diff: 1, Sum: 1, Workers: 4
[20.090s][debug][gc,phases      ] GC(40)     Total                          Min: 9885, Avg: 10695.2, Max: 12096, Diff: 2211, Sum: 42781, Workers: 4
[20.090s][debug][gc,phases      ] GC(40)   ResolvedMethodTable Weak       Min:  0.0, Avg:  0.0, Max:  0.0, Diff:  0.0, Sum:  0.1, Workers: 4
[20.090s][debug][gc,phases      ] GC(40)     Dead                           Min: 0, Avg:  0.0, Max: 0, Diff: 0, Sum: 0, Workers: 4
[20.090s][debug][gc,phases      ] GC(40)     Total                          Min: 1600, Avg: 1775.5, Max: 2047, Diff: 447, Sum: 7102, Workers: 4
[20.090s][debug][gc,phases      ] GC(40)   JNI Weak                       Min:  0.0, Avg:  0.0, Max:  0.0, Diff:  0.0, Sum:  0.0, Workers: 4
[20.090s][debug][gc,phases      ] GC(40)     Dead                           Min: 0, Avg:  0.0, Max: 0, Diff: 0, Sum: 0, Workers: 4
[20.090s][debug][gc,phases      ] GC(40)     Total                          Min: 0, Avg:  1.2, Max: 5, Diff: 5, Sum: 5, Workers: 4
[20.090s][debug][gc,phases      ] GC(40)   StringDedup Table Weak         Min:  0.0, Avg:  0.0, Max:  0.0, Diff:  0.0, Sum:  0.0, Workers: 4
[20.090s][debug][gc,phases      ] GC(40)     Dead                           Min: 0, Avg:  0.0, Max: 0, Diff: 0, Sum: 0, Workers: 4
[20.090s][debug][gc,phases      ] GC(40)     Total                          Min: 0, Avg:  0.0, Max: 0, Diff: 0, Sum: 0, Workers: 4
[20.090s][debug][gc,phases      ] GC(40)   StringDedup Requests0 Weak     Min:  0.0, Avg:  0.0, Max:  0.0, Diff:  0.0, Sum:  0.0, Workers: 4
[20.090s][debug][gc,phases      ] GC(40)     Dead                           Min: 0, Avg:  0.0, Max: 0, Diff: 0, Sum: 0, Workers: 4
[20.090s][debug][gc,phases      ] GC(40)     Total                          Min: 0, Avg:  0.0, Max: 0, Diff: 0, Sum: 0, Workers: 4
[20.090s][debug][gc,phases      ] GC(40)   StringDedup Requests1 Weak     Min:  0.0, Avg:  0.0, Max:  0.0, Diff:  0.0, Sum:  0.0, Workers: 4
[20.090s][debug][gc,phases      ] GC(40)     Dead                           Min: 0, Avg:  0.0, Max: 0, Diff: 0, Sum: 0, Workers: 4
[20.090s][debug][gc,phases      ] GC(40)     Total                          Min: 0, Avg:  0.0, Max: 0, Diff: 0, Sum: 0, Workers: 4
[20.090s][debug][gc,phases      ] GC(40)   Weak JFR Old Object Samples    Min:  0.0, Avg:  0.0, Max:  0.0, Diff:  0.0, Sum:  0.0, Workers: 4
[20.090s][debug][gc,phases      ] GC(40)     Dead                           Min: 0, Avg:  0.0, Max: 0, Diff: 0, Sum: 0, Workers: 4
[20.090s][debug][gc,phases      ] GC(40)     Total                          Min: 0, Avg:  0.0, Max: 0, Diff: 0, Sum: 0, Workers: 4
[20.090s][debug][gc,phases      ] GC(40) Weak Processing 0.370ms
[20.091s][debug][gc,age         ] GC(40) Desired survivor size 353370112 bytes, new threshold 15 (max threshold 15)
[20.091s][info ][gc,heap        ] GC(40) PSYoungGen: 1568384K(1739264K)->198944K(1725440K) Eden: 1367552K(1367552K)->0K(1367552K) From: 200832K(371712K)->198944K(357888K)
[20.091s][info ][gc,heap        ] GC(40) ParOldGen: 277260K(377344K)->277268K(377344K)
[20.091s][info ][gc,metaspace   ] GC(40) Metaspace: 67948K(68736K)->67948K(68736K) NonClass: 58008K(58432K)->58008K(58432K) Class: 9940K(10304K)->9940K(10304K)
[20.091s][info ][gc             ] GC(40) Pause Young (Allocation Failure) 1802M->465M(2053M) 108.341ms
[20.091s][info ][gc,cpu         ] GC(40) User=0.43s Sys=0.00s Real=0.11s
[20.091s][info ][safepoint      ] Safepoint "ParallelGCFailedAllocation", Time since last: 271472888 ns, Reaching safepoint: 1080259 ns, At safepoint: 108471869 ns, Total: 109552128 ns
[20.215s][info ][safepoint      ] Safepoint "ICBufferFull", Time since last: 122381321 ns, Reaching safepoint: 2159017 ns, At safepoint: 33602 ns, Total: 2192619 ns
[20.342s][info ][safepoint      ] Safepoint "ICBufferFull", Time since last: 126532746 ns, Reaching safepoint: 139008 ns, At safepoint: 26201 ns, Total: 165209 ns
[20.420s][info ][safepoint      ] Safepoint "ICBufferFull", Time since last: 77673203 ns, Reaching safepoint: 212911 ns, At safepoint: 30302 ns, Total: 243213 ns
[20.450s][info ][gc,start       ] GC(41) Pause Young (Allocation Failure)
[20.530s][debug][gc,phases      ] GC(41) Scavenge 80.206ms
[20.530s][debug][gc,ref         ] GC(41) Skipped phase 1 of Reference Processing: no references
[20.531s][debug][gc,ref         ] GC(41) ReferenceProcessor::execute queues: 1, RefProcThreadModel::Single, marks_oops_alive: false
[20.531s][debug][gc,ref         ] GC(41) Skipped phase 3 of Reference Processing: no references
[20.531s][debug][gc,ref         ] GC(41) ReferenceProcessor::execute queues: 1, RefProcThreadModel::Single, marks_oops_alive: false
[20.531s][debug][gc,phases      ] GC(41) Reference Processing 0.140ms
[20.531s][debug][gc,phases      ] GC(41)   VM Weak                        Min:  0.0, Avg:  0.0, Max:  0.0, Diff:  0.0, Sum:  0.0, Workers: 4
[20.531s][debug][gc,phases      ] GC(41)     Dead                           Min: 0, Avg:  0.0, Max: 0, Diff: 0, Sum: 0, Workers: 4
[20.531s][debug][gc,phases      ] GC(41)     Total                          Min: 0, Avg: 146.5, Max: 394, Diff: 394, Sum: 586, Workers: 4
[20.531s][debug][gc,phases      ] GC(41)   ObjectSynchronizer Weak        Min:  0.0, Avg:  0.0, Max:  0.0, Diff:  0.0, Sum:  0.0, Workers: 4
[20.531s][debug][gc,phases      ] GC(41)     Dead                           Min: 0, Avg:  0.0, Max: 0, Diff: 0, Sum: 0, Workers: 4
[20.531s][debug][gc,phases      ] GC(41)     Total                          Min: 0, Avg: 82.2, Max: 128, Diff: 128, Sum: 329, Workers: 4
[20.531s][debug][gc,phases      ] GC(41)   JVMTI Tag Weak OopStorage      Min:  0.0, Avg:  0.0, Max:  0.0, Diff:  0.0, Sum:  0.0, Workers: 4
[20.531s][debug][gc,phases      ] GC(41)     Dead                           Min: 0, Avg:  0.0, Max: 0, Diff: 0, Sum: 0, Workers: 4
[20.531s][debug][gc,phases      ] GC(41)     Total                          Min: 0, Avg:  0.0, Max: 0, Diff: 0, Sum: 0, Workers: 4
[20.531s][debug][gc,phases      ] GC(41)   StringTable Weak               Min:  0.1, Avg:  0.1, Max:  0.1, Diff:  0.0, Sum:  0.4, Workers: 4
[20.531s][debug][gc,phases      ] GC(41)     Dead                           Min: 0, Avg:  2.8, Max: 11, Diff: 11, Sum: 11, Workers: 4
[20.531s][debug][gc,phases      ] GC(41)     Total                          Min: 9400, Avg: 10698.0, Max: 12528, Diff: 3128, Sum: 42792, Workers: 4
[20.531s][debug][gc,phases      ] GC(41)   ResolvedMethodTable Weak       Min:  0.0, Avg:  0.0, Max:  0.0, Diff:  0.0, Sum:  0.1, Workers: 4
[20.531s][debug][gc,phases      ] GC(41)     Dead                           Min: 0, Avg:  0.0, Max: 0, Diff: 0, Sum: 0, Workers: 4
[20.531s][debug][gc,phases      ] GC(41)     Total                          Min: 1536, Avg: 1775.5, Max: 1920, Diff: 384, Sum: 7102, Workers: 4
[20.531s][debug][gc,phases      ] GC(41)   JNI Weak                       Min:  0.0, Avg:  0.0, Max:  0.0, Diff:  0.0, Sum:  0.0, Workers: 4
[20.531s][debug][gc,phases      ] GC(41)     Dead                           Min: 0, Avg:  0.0, Max: 0, Diff: 0, Sum: 0, Workers: 4
[20.531s][debug][gc,phases      ] GC(41)     Total                          Min: 0, Avg:  0.0, Max: 0, Diff: 0, Sum: 0, Workers: 4
[20.531s][debug][gc,phases      ] GC(41)   StringDedup Table Weak         Min:  0.0, Avg:  0.0, Max:  0.0, Diff:  0.0, Sum:  0.0, Workers: 4
[20.531s][debug][gc,phases      ] GC(41)     Dead                           Min: 0, Avg:  0.0, Max: 0, Diff: 0, Sum: 0, Workers: 4
[20.531s][debug][gc,phases      ] GC(41)     Total                          Min: 0, Avg:  0.0, Max: 0, Diff: 0, Sum: 0, Workers: 4
[20.531s][debug][gc,phases      ] GC(41)   StringDedup Requests0 Weak     Min:  0.0, Avg:  0.0, Max:  0.0, Diff:  0.0, Sum:  0.0, Workers: 4
[20.531s][debug][gc,phases      ] GC(41)     Dead                           Min: 0, Avg:  0.0, Max: 0, Diff: 0, Sum: 0, Workers: 4
[20.531s][debug][gc,phases      ] GC(41)     Total                          Min: 0, Avg:  0.0, Max: 0, Diff: 0, Sum: 0, Workers: 4
[20.531s][debug][gc,phases      ] GC(41)   StringDedup Requests1 Weak     Min:  0.0, Avg:  0.0, Max:  0.0, Diff:  0.0, Sum:  0.0, Workers: 4
[20.531s][debug][gc,phases      ] GC(41)     Dead                           Min: 0, Avg:  0.0, Max: 0, Diff: 0, Sum: 0, Workers: 4
[20.531s][debug][gc,phases      ] GC(41)     Total                          Min: 0, Avg:  0.0, Max: 0, Diff: 0, Sum: 0, Workers: 4
[20.531s][debug][gc,phases      ] GC(41)   Weak JFR Old Object Samples    Min:  0.0, Avg:  0.0, Max:  0.0, Diff:  0.0, Sum:  0.0, Workers: 4
[20.531s][debug][gc,phases      ] GC(41)     Dead                           Min: 0, Avg:  0.0, Max: 0, Diff: 0, Sum: 0, Workers: 4
[20.531s][debug][gc,phases      ] GC(41)     Total                          Min: 0, Avg:  0.0, Max: 0, Diff: 0, Sum: 0, Workers: 4
[20.531s][debug][gc,phases      ] GC(41) Weak Processing 0.335ms
[20.531s][debug][gc,age         ] GC(41) Desired survivor size 339738624 bytes, new threshold 15 (max threshold 15)
[20.531s][info ][gc,heap        ] GC(41) PSYoungGen: 1566496K(1725440K)->196048K(1765376K) Eden: 1367552K(1367552K)->0K(1420288K) From: 198944K(357888K)->196048K(345088K)
[20.531s][info ][gc,heap        ] GC(41) ParOldGen: 277268K(377344K)->277276K(377344K)
[20.531s][info ][gc,metaspace   ] GC(41) Metaspace: 67969K(68736K)->67969K(68736K) NonClass: 58028K(58432K)->58028K(58432K) Class: 9940K(10304K)->9940K(10304K)
[20.531s][info ][gc             ] GC(41) Pause Young (Allocation Failure) 1800M->462M(2092M) 80.816ms
[20.531s][info ][gc,cpu         ] GC(41) User=0.32s Sys=0.00s Real=0.08s
[20.531s][info ][safepoint      ] Safepoint "ParallelGCFailedAllocation", Time since last: 30158932 ns, Reaching safepoint: 128807 ns, At safepoint: 80916378 ns, Total: 81045185 ns
[20.835s][info ][gc,start       ] GC(42) Pause Young (Allocation Failure)
[20.914s][debug][gc,phases      ] GC(42) Scavenge 78.815ms
[20.914s][debug][gc,ref         ] GC(42) Skipped phase 1 of Reference Processing: no references
[20.914s][debug][gc,ref         ] GC(42) ReferenceProcessor::execute queues: 1, RefProcThreadModel::Single, marks_oops_alive: false
[20.914s][debug][gc,ref         ] GC(42) Skipped phase 3 of Reference Processing: no references
[20.914s][debug][gc,ref         ] GC(42) ReferenceProcessor::execute queues: 1, RefProcThreadModel::Single, marks_oops_alive: false
[20.914s][debug][gc,phases      ] GC(42) Reference Processing 0.136ms
[20.914s][debug][gc,phases      ] GC(42)   VM Weak                        Min:  0.0, Avg:  0.0, Max:  0.0, Diff:  0.0, Sum:  0.0, Workers: 4
[20.914s][debug][gc,phases      ] GC(42)     Dead                           Min: 0, Avg:  0.0, Max: 0, Diff: 0, Sum: 0, Workers: 4
[20.914s][debug][gc,phases      ] GC(42)     Total                          Min: 0, Avg: 146.5, Max: 266, Diff: 266, Sum: 586, Workers: 4
[20.914s][debug][gc,phases      ] GC(42)   ObjectSynchronizer Weak        Min:  0.0, Avg:  0.0, Max:  0.0, Diff:  0.0, Sum:  0.0, Workers: 4
[20.914s][debug][gc,phases      ] GC(42)     Dead                           Min: 0, Avg:  0.0, Max: 0, Diff: 0, Sum: 0, Workers: 4
[20.914s][debug][gc,phases      ] GC(42)     Total                          Min: 0, Avg: 82.2, Max: 128, Diff: 128, Sum: 329, Workers: 4
[20.914s][debug][gc,phases      ] GC(42)   JVMTI Tag Weak OopStorage      Min:  0.0, Avg:  0.0, Max:  0.0, Diff:  0.0, Sum:  0.0, Workers: 4
[20.914s][debug][gc,phases      ] GC(42)     Dead                           Min: 0, Avg:  0.0, Max: 0, Diff: 0, Sum: 0, Workers: 4
[20.914s][debug][gc,phases      ] GC(42)     Total                          Min: 0, Avg:  0.0, Max: 0, Diff: 0, Sum: 0, Workers: 4
[20.914s][debug][gc,phases      ] GC(42)   StringTable Weak               Min:  0.1, Avg:  0.1, Max:  0.1, Diff:  0.0, Sum:  0.4, Workers: 4
[20.914s][debug][gc,phases      ] GC(42)     Dead                           Min: 0, Avg:  2.8, Max: 7, Diff: 7, Sum: 11, Workers: 4
[20.914s][debug][gc,phases      ] GC(42)     Total                          Min: 10304, Avg: 10699.0, Max: 11200, Diff: 896, Sum: 42796, Workers: 4
[20.914s][debug][gc,phases      ] GC(42)   ResolvedMethodTable Weak       Min:  0.0, Avg:  0.0, Max:  0.0, Diff:  0.0, Sum:  0.1, Workers: 4
[20.914s][debug][gc,phases      ] GC(42)     Dead                           Min: 0, Avg:  0.0, Max: 0, Diff: 0, Sum: 0, Workers: 4
[20.914s][debug][gc,phases      ] GC(42)     Total                          Min: 1600, Avg: 1775.5, Max: 2047, Diff: 447, Sum: 7102, Workers: 4
[20.914s][debug][gc,phases      ] GC(42)   JNI Weak                       Min:  0.0, Avg:  0.0, Max:  0.0, Diff:  0.0, Sum:  0.0, Workers: 4
[20.914s][debug][gc,phases      ] GC(42)     Dead                           Min: 0, Avg:  0.0, Max: 0, Diff: 0, Sum: 0, Workers: 4
[20.914s][debug][gc,phases      ] GC(42)     Total                          Min: 0, Avg:  1.0, Max: 4, Diff: 4, Sum: 4, Workers: 4
[20.914s][debug][gc,phases      ] GC(42)   StringDedup Table Weak         Min:  0.0, Avg:  0.0, Max:  0.0, Diff:  0.0, Sum:  0.0, Workers: 4
[20.914s][debug][gc,phases      ] GC(42)     Dead                           Min: 0, Avg:  0.0, Max: 0, Diff: 0, Sum: 0, Workers: 4
[20.914s][debug][gc,phases      ] GC(42)     Total                          Min: 0, Avg:  0.0, Max: 0, Diff: 0, Sum: 0, Workers: 4
[20.914s][debug][gc,phases      ] GC(42)   StringDedup Requests0 Weak     Min:  0.0, Avg:  0.0, Max:  0.0, Diff:  0.0, Sum:  0.0, Workers: 4
[20.914s][debug][gc,phases      ] GC(42)     Dead                           Min: 0, Avg:  0.0, Max: 0, Diff: 0, Sum: 0, Workers: 4
[20.914s][debug][gc,phases      ] GC(42)     Total                          Min: 0, Avg:  0.0, Max: 0, Diff: 0, Sum: 0, Workers: 4
[20.914s][debug][gc,phases      ] GC(42)   StringDedup Requests1 Weak     Min:  0.0, Avg:  0.0, Max:  0.0, Diff:  0.0, Sum:  0.0, Workers: 4
[20.914s][debug][gc,phases      ] GC(42)     Dead                           Min: 0, Avg:  0.0, Max: 0, Diff: 0, Sum: 0, Workers: 4
[20.914s][debug][gc,phases      ] GC(42)     Total                          Min: 0, Avg:  0.0, Max: 0, Diff: 0, Sum: 0, Workers: 4
[20.914s][debug][gc,phases      ] GC(42)   Weak JFR Old Object Samples    Min:  0.0, Avg:  0.0, Max:  0.0, Diff:  0.0, Sum:  0.0, Workers: 4
[20.914s][debug][gc,phases      ] GC(42)     Dead                           Min: 0, Avg:  0.0, Max: 0, Diff: 0, Sum: 0, Workers: 4
[20.914s][debug][gc,phases      ] GC(42)     Total                          Min: 0, Avg:  0.0, Max: 0, Diff: 0, Sum: 0, Workers: 4
[20.914s][debug][gc,phases      ] GC(42) Weak Processing 0.342ms
[20.914s][debug][gc,age         ] GC(42) Desired survivor size 327680000 bytes, new threshold 15 (max threshold 15)
[20.914s][info ][gc,heap        ] GC(42) PSYoungGen: 1616336K(1765376K)->175968K(1752064K) Eden: 1420288K(1420288K)->0K(1420288K) From: 196048K(345088K)->175968K(331776K)
[20.914s][info ][gc,heap        ] GC(42) ParOldGen: 277276K(377344K)->278425K(377344K)
[20.914s][info ][gc,metaspace   ] GC(42) Metaspace: 68044K(68800K)->68044K(68800K) NonClass: 58097K(58496K)->58097K(58496K) Class: 9946K(10304K)->9946K(10304K)
[20.914s][info ][gc             ] GC(42) Pause Young (Allocation Failure) 1849M->443M(2079M) 79.430ms
[20.914s][info ][gc,cpu         ] GC(42) User=0.31s Sys=0.00s Real=0.08s
[20.914s][info ][safepoint      ] Safepoint "ParallelGCFailedAllocation", Time since last: 297209981 ns, Reaching safepoint: 6463449 ns, At safepoint: 79557605 ns, Total: 86021054 ns
[21.204s][info ][safepoint      ] Safepoint "ICBufferFull", Time since last: 289223449 ns, Reaching safepoint: 160108 ns, At safepoint: 27602 ns, Total: 187710 ns
[21.258s][info ][gc,start       ] GC(43) Pause Young (Allocation Failure)
[21.321s][debug][gc,phases      ] GC(43) Scavenge 62.544ms
[21.321s][debug][gc,ref         ] GC(43) Skipped phase 1 of Reference Processing: no references
[21.321s][debug][gc,ref         ] GC(43) ReferenceProcessor::execute queues: 1, RefProcThreadModel::Single, marks_oops_alive: false
[21.321s][debug][gc,ref         ] GC(43) Skipped phase 3 of Reference Processing: no references
[21.321s][debug][gc,ref         ] GC(43) ReferenceProcessor::execute queues: 1, RefProcThreadModel::Single, marks_oops_alive: false
[21.321s][debug][gc,phases      ] GC(43) Reference Processing 0.160ms
[21.321s][debug][gc,phases      ] GC(43)   VM Weak                        Min:  0.0, Avg:  0.0, Max:  0.0, Diff:  0.0, Sum:  0.0, Workers: 4
[21.321s][debug][gc,phases      ] GC(43)     Dead                           Min: 0, Avg:  0.0, Max: 0, Diff: 0, Sum: 0, Workers: 4
[21.321s][debug][gc,phases      ] GC(43)     Total                          Min: 0, Avg: 146.5, Max: 458, Diff: 458, Sum: 586, Workers: 4
[21.321s][debug][gc,phases      ] GC(43)   ObjectSynchronizer Weak        Min:  0.0, Avg:  0.0, Max:  0.0, Diff:  0.0, Sum:  0.0, Workers: 4
[21.321s][debug][gc,phases      ] GC(43)     Dead                           Min: 0, Avg:  0.0, Max: 0, Diff: 0, Sum: 0, Workers: 4
[21.321s][debug][gc,phases      ] GC(43)     Total                          Min: 9, Avg: 82.2, Max: 128, Diff: 119, Sum: 329, Workers: 4
[21.321s][debug][gc,phases      ] GC(43)   JVMTI Tag Weak OopStorage      Min:  0.0, Avg:  0.0, Max:  0.0, Diff:  0.0, Sum:  0.0, Workers: 4
[21.321s][debug][gc,phases      ] GC(43)     Dead                           Min: 0, Avg:  0.0, Max: 0, Diff: 0, Sum: 0, Workers: 4
[21.321s][debug][gc,phases      ] GC(43)     Total                          Min: 0, Avg:  0.0, Max: 0, Diff: 0, Sum: 0, Workers: 4
[21.321s][debug][gc,phases      ] GC(43)   StringTable Weak               Min:  0.1, Avg:  0.1, Max:  0.1, Diff:  0.0, Sum:  0.4, Workers: 4
[21.321s][debug][gc,phases      ] GC(43)     Dead                           Min: 0, Avg:  2.8, Max: 11, Diff: 11, Sum: 11, Workers: 4
[21.321s][debug][gc,phases      ] GC(43)     Total                          Min: 10432, Avg: 10703.5, Max: 11134, Diff: 702, Sum: 42814, Workers: 4
[21.321s][debug][gc,phases      ] GC(43)   ResolvedMethodTable Weak       Min:  0.0, Avg:  0.0, Max:  0.0, Diff:  0.0, Sum:  0.1, Workers: 4
[21.321s][debug][gc,phases      ] GC(43)     Dead                           Min: 0, Avg:  0.0, Max: 0, Diff: 0, Sum: 0, Workers: 4
[21.321s][debug][gc,phases      ] GC(43)     Total                          Min: 1600, Avg: 1775.5, Max: 1856, Diff: 256, Sum: 7102, Workers: 4
[21.321s][debug][gc,phases      ] GC(43)   JNI Weak                       Min:  0.0, Avg:  0.0, Max:  0.0, Diff:  0.0, Sum:  0.0, Workers: 4
[21.321s][debug][gc,phases      ] GC(43)     Dead                           Min: 0, Avg:  0.0, Max: 0, Diff: 0, Sum: 0, Workers: 4
[21.321s][debug][gc,phases      ] GC(43)     Total                          Min: 0, Avg:  1.5, Max: 6, Diff: 6, Sum: 6, Workers: 4
[21.321s][debug][gc,phases      ] GC(43)   StringDedup Table Weak         Min:  0.0, Avg:  0.0, Max:  0.0, Diff:  0.0, Sum:  0.0, Workers: 4
[21.321s][debug][gc,phases      ] GC(43)     Dead                           Min: 0, Avg:  0.0, Max: 0, Diff: 0, Sum: 0, Workers: 4
[21.321s][debug][gc,phases      ] GC(43)     Total                          Min: 0, Avg:  0.0, Max: 0, Diff: 0, Sum: 0, Workers: 4
[21.321s][debug][gc,phases      ] GC(43)   StringDedup Requests0 Weak     Min:  0.0, Avg:  0.0, Max:  0.0, Diff:  0.0, Sum:  0.0, Workers: 4
[21.321s][debug][gc,phases      ] GC(43)     Dead                           Min: 0, Avg:  0.0, Max: 0, Diff: 0, Sum: 0, Workers: 4
[21.321s][debug][gc,phases      ] GC(43)     Total                          Min: 0, Avg:  0.0, Max: 0, Diff: 0, Sum: 0, Workers: 4
[21.321s][debug][gc,phases      ] GC(43)   StringDedup Requests1 Weak     Min:  0.0, Avg:  0.0, Max:  0.0, Diff:  0.0, Sum:  0.0, Workers: 4
[21.321s][debug][gc,phases      ] GC(43)     Dead                           Min: 0, Avg:  0.0, Max: 0, Diff: 0, Sum: 0, Workers: 4
[21.321s][debug][gc,phases      ] GC(43)     Total                          Min: 0, Avg:  0.0, Max: 0, Diff: 0, Sum: 0, Workers: 4
[21.321s][debug][gc,phases      ] GC(43)   Weak JFR Old Object Samples    Min:  0.0, Avg:  0.0, Max:  0.0, Diff:  0.0, Sum:  0.0, Workers: 4
[21.321s][debug][gc,phases      ] GC(43)     Dead                           Min: 0, Avg:  0.0, Max: 0, Diff: 0, Sum: 0, Workers: 4
[21.321s][debug][gc,phases      ] GC(43)     Total                          Min: 0, Avg:  0.0, Max: 0, Diff: 0, Sum: 0, Workers: 4
[21.321s][debug][gc,phases      ] GC(43) Weak Processing 0.316ms
[21.321s][debug][gc,age         ] GC(43) Desired survivor size 319815680 bytes, new threshold 15 (max threshold 15)
[21.321s][info ][gc,heap        ] GC(43) PSYoungGen: 1596256K(1752064K)->157920K(1784832K) Eden: 1420288K(1420288K)->0K(1464832K) From: 175968K(331776K)->157920K(320000K)
[21.321s][info ][gc,heap        ] GC(43) ParOldGen: 278425K(377344K)->280513K(377344K)
[21.321s][info ][gc,metaspace   ] GC(43) Metaspace: 68054K(68864K)->68054K(68864K) NonClass: 58107K(58560K)->58107K(58560K) Class: 9946K(10304K)->9946K(10304K)
[21.321s][info ][gc             ] GC(43) Pause Young (Allocation Failure) 1830M->428M(2111M) 63.152ms
[21.321s][info ][gc,cpu         ] GC(43) User=0.25s Sys=0.00s Real=0.06s
[21.322s][info ][safepoint      ] Safepoint "ParallelGCFailedAllocation", Time since last: 54506249 ns, Reaching safepoint: 109906 ns, At safepoint: 63265523 ns, Total: 63375429 ns
[21.392s][info ][safepoint      ] Safepoint "ICBufferFull", Time since last: 70073391 ns, Reaching safepoint: 128707 ns, At safepoint: 28802 ns, Total: 157509 ns
[21.470s][info ][safepoint      ] Safepoint "ICBufferFull", Time since last: 78286636 ns, Reaching safepoint: 134207 ns, At safepoint: 28902 ns, Total: 163109 ns
[21.544s][info ][safepoint      ] Safepoint "ICBufferFull", Time since last: 73469275 ns, Reaching safepoint: 131507 ns, At safepoint: 28801 ns, Total: 160308 ns
[21.600s][info ][safepoint      ] Safepoint "ICBufferFull", Time since last: 55825821 ns, Reaching safepoint: 162809 ns, At safepoint: 25801 ns, Total: 188610 ns
[21.621s][info ][safepoint      ] Safepoint "ICBufferFull", Time since last: 20919132 ns, Reaching safepoint: 136908 ns, At safepoint: 22401 ns, Total: 159309 ns
[21.623s][info ][gc,start       ] GC(44) Pause Young (Allocation Failure)
[21.688s][debug][gc,phases      ] GC(44) Scavenge 64.408ms
[21.688s][debug][gc,ref         ] GC(44) Skipped phase 1 of Reference Processing: no references
[21.688s][debug][gc,ref         ] GC(44) ReferenceProcessor::execute queues: 1, RefProcThreadModel::Single, marks_oops_alive: false
[21.688s][debug][gc,ref         ] GC(44) Skipped phase 3 of Reference Processing: no references
[21.688s][debug][gc,ref         ] GC(44) ReferenceProcessor::execute queues: 1, RefProcThreadModel::Single, marks_oops_alive: false
[21.688s][debug][gc,phases      ] GC(44) Reference Processing 0.139ms
[21.688s][debug][gc,phases      ] GC(44)   VM Weak                        Min:  0.0, Avg:  0.0, Max:  0.0, Diff:  0.0, Sum:  0.0, Workers: 4
[21.688s][debug][gc,phases      ] GC(44)     Dead                           Min: 0, Avg:  0.0, Max: 0, Diff: 0, Sum: 0, Workers: 4
[21.688s][debug][gc,phases      ] GC(44)     Total                          Min: 0, Avg: 146.5, Max: 448, Diff: 448, Sum: 586, Workers: 4
[21.688s][debug][gc,phases      ] GC(44)   ObjectSynchronizer Weak        Min:  0.0, Avg:  0.0, Max:  0.0, Diff:  0.0, Sum:  0.0, Workers: 4
[21.688s][debug][gc,phases      ] GC(44)     Dead                           Min: 0, Avg:  0.0, Max: 0, Diff: 0, Sum: 0, Workers: 4
[21.688s][debug][gc,phases      ] GC(44)     Total                          Min: 0, Avg: 82.2, Max: 192, Diff: 192, Sum: 329, Workers: 4
[21.688s][debug][gc,phases      ] GC(44)   JVMTI Tag Weak OopStorage      Min:  0.0, Avg:  0.0, Max:  0.0, Diff:  0.0, Sum:  0.0, Workers: 4
[21.688s][debug][gc,phases      ] GC(44)     Dead                           Min: 0, Avg:  0.0, Max: 0, Diff: 0, Sum: 0, Workers: 4
[21.688s][debug][gc,phases      ] GC(44)     Total                          Min: 0, Avg:  0.0, Max: 0, Diff: 0, Sum: 0, Workers: 4
[21.688s][debug][gc,phases      ] GC(44)   StringTable Weak               Min:  0.1, Avg:  0.1, Max:  0.1, Diff:  0.0, Sum:  0.4, Workers: 4
[21.688s][debug][gc,phases      ] GC(44)     Dead                           Min: 0, Avg:  2.8, Max: 11, Diff: 11, Sum: 11, Workers: 4
[21.688s][debug][gc,phases      ] GC(44)     Total                          Min: 10176, Avg: 10704.2, Max: 11456, Diff: 1280, Sum: 42817, Workers: 4
[21.688s][debug][gc,phases      ] GC(44)   ResolvedMethodTable Weak       Min:  0.0, Avg:  0.0, Max:  0.0, Diff:  0.0, Sum:  0.1, Workers: 4
[21.688s][debug][gc,phases      ] GC(44)     Dead                           Min: 0, Avg:  0.0, Max: 0, Diff: 0, Sum: 0, Workers: 4
[21.688s][debug][gc,phases      ] GC(44)     Total                          Min: 1535, Avg: 1775.5, Max: 1984, Diff: 449, Sum: 7102, Workers: 4
[21.688s][debug][gc,phases      ] GC(44)   JNI Weak                       Min:  0.0, Avg:  0.0, Max:  0.0, Diff:  0.0, Sum:  0.0, Workers: 4
[21.688s][debug][gc,phases      ] GC(44)     Dead                           Min: 0, Avg:  0.0, Max: 0, Diff: 0, Sum: 0, Workers: 4
[21.688s][debug][gc,phases      ] GC(44)     Total                          Min: 0, Avg:  0.5, Max: 2, Diff: 2, Sum: 2, Workers: 4
[21.688s][debug][gc,phases      ] GC(44)   StringDedup Table Weak         Min:  0.0, Avg:  0.0, Max:  0.0, Diff:  0.0, Sum:  0.0, Workers: 4
[21.688s][debug][gc,phases      ] GC(44)     Dead                           Min: 0, Avg:  0.0, Max: 0, Diff: 0, Sum: 0, Workers: 4
[21.688s][debug][gc,phases      ] GC(44)     Total                          Min: 0, Avg:  0.0, Max: 0, Diff: 0, Sum: 0, Workers: 4
[21.688s][debug][gc,phases      ] GC(44)   StringDedup Requests0 Weak     Min:  0.0, Avg:  0.0, Max:  0.0, Diff:  0.0, Sum:  0.0, Workers: 4
[21.688s][debug][gc,phases      ] GC(44)     Dead                           Min: 0, Avg:  0.0, Max: 0, Diff: 0, Sum: 0, Workers: 4
[21.688s][debug][gc,phases      ] GC(44)     Total                          Min: 0, Avg:  0.0, Max: 0, Diff: 0, Sum: 0, Workers: 4
[21.688s][debug][gc,phases      ] GC(44)   StringDedup Requests1 Weak     Min:  0.0, Avg:  0.0, Max:  0.0, Diff:  0.0, Sum:  0.0, Workers: 4
[21.688s][debug][gc,phases      ] GC(44)     Dead                           Min: 0, Avg:  0.0, Max: 0, Diff: 0, Sum: 0, Workers: 4
[21.688s][debug][gc,phases      ] GC(44)     Total                          Min: 0, Avg:  0.0, Max: 0, Diff: 0, Sum: 0, Workers: 4
[21.688s][debug][gc,phases      ] GC(44)   Weak JFR Old Object Samples    Min:  0.0, Avg:  0.0, Max:  0.0, Diff:  0.0, Sum:  0.0, Workers: 4
[21.688s][debug][gc,phases      ] GC(44)     Dead                           Min: 0, Avg:  0.0, Max: 0, Diff: 0, Sum: 0, Workers: 4
[21.688s][debug][gc,phases      ] GC(44)     Total                          Min: 0, Avg:  0.0, Max: 0, Diff: 0, Sum: 0, Workers: 4
[21.688s][debug][gc,phases      ] GC(44) Weak Processing 0.319ms
[21.688s][debug][gc,age         ] GC(44) Desired survivor size 312475648 bytes, new threshold 15 (max threshold 15)
[21.688s][info ][gc,heap        ] GC(44) PSYoungGen: 1622752K(1784832K)->154896K(1777152K) Eden: 1464832K(1464832K)->0K(1464832K) From: 157920K(320000K)->154896K(312320K)
[21.688s][info ][gc,heap        ] GC(44) ParOldGen: 280513K(377344K)->282865K(377344K)
[21.688s][info ][gc,metaspace   ] GC(44) Metaspace: 68079K(68864K)->68079K(68864K) NonClass: 58132K(58560K)->58132K(58560K) Class: 9946K(10304K)->9946K(10304K)
[21.688s][info ][gc             ] GC(44) Pause Young (Allocation Failure) 1858M->427M(2104M) 64.982ms
[21.688s][info ][gc,cpu         ] GC(44) User=0.25s Sys=0.00s Real=0.07s
[21.688s][info ][safepoint      ] Safepoint "ParallelGCFailedAllocation", Time since last: 2357827 ns, Reaching safepoint: 98206 ns, At safepoint: 65085721 ns, Total: 65183927 ns
[21.703s][info ][safepoint      ] Safepoint "ICBufferFull", Time since last: 13909553 ns, Reaching safepoint: 120906 ns, At safepoint: 31202 ns, Total: 152108 ns
[21.766s][info ][safepoint      ] Safepoint "ICBufferFull", Time since last: 63716347 ns, Reaching safepoint: 130808 ns, At safepoint: 22301 ns, Total: 153109 ns
[21.804s][info ][safepoint      ] Safepoint "ICBufferFull", Time since last: 37276917 ns, Reaching safepoint: 122806 ns, At safepoint: 28702 ns, Total: 151508 ns
[21.839s][info ][safepoint      ] Safepoint "ICBufferFull", Time since last: 34672676 ns, Reaching safepoint: 132107 ns, At safepoint: 31502 ns, Total: 163609 ns
[21.914s][info ][safepoint      ] Safepoint "ICBufferFull", Time since last: 75381278 ns, Reaching safepoint: 172510 ns, At safepoint: 25001 ns, Total: 197511 ns
[21.950s][info ][safepoint      ] Safepoint "ICBufferFull", Time since last: 36037050 ns, Reaching safepoint: 129607 ns, At safepoint: 24401 ns, Total: 154008 ns
[21.988s][info ][safepoint      ] Safepoint "ICBufferFull", Time since last: 37688039 ns, Reaching safepoint: 134208 ns, At safepoint: 21601 ns, Total: 155809 ns
[22.003s][info ][safepoint      ] Safepoint "ICBufferFull", Time since last: 14894306 ns, Reaching safepoint: 125006 ns, At safepoint: 28602 ns, Total: 153608 ns
[22.011s][info ][gc,start       ] GC(45) Pause Young (Allocation Failure)
[22.078s][debug][gc,phases      ] GC(45) Scavenge 67.153ms
[22.078s][debug][gc,ref         ] GC(45) Skipped phase 1 of Reference Processing: no references
[22.078s][debug][gc,ref         ] GC(45) ReferenceProcessor::execute queues: 1, RefProcThreadModel::Single, marks_oops_alive: false
[22.078s][debug][gc,ref         ] GC(45) Skipped phase 3 of Reference Processing: no references
[22.078s][debug][gc,ref         ] GC(45) ReferenceProcessor::execute queues: 1, RefProcThreadModel::Single, marks_oops_alive: false
[22.078s][debug][gc,phases      ] GC(45) Reference Processing 0.169ms
[22.078s][debug][gc,phases      ] GC(45)   VM Weak                        Min:  0.0, Avg:  0.0, Max:  0.0, Diff:  0.0, Sum:  0.0, Workers: 4
[22.078s][debug][gc,phases      ] GC(45)     Dead                           Min: 0, Avg:  0.0, Max: 0, Diff: 0, Sum: 0, Workers: 4
[22.078s][debug][gc,phases      ] GC(45)     Total                          Min: 0, Avg: 146.5, Max: 586, Diff: 586, Sum: 586, Workers: 4
[22.078s][debug][gc,phases      ] GC(45)   ObjectSynchronizer Weak        Min:  0.0, Avg:  0.0, Max:  0.0, Diff:  0.0, Sum:  0.0, Workers: 4
[22.078s][debug][gc,phases      ] GC(45)     Dead                           Min: 0, Avg:  0.0, Max: 0, Diff: 0, Sum: 0, Workers: 4
[22.078s][debug][gc,phases      ] GC(45)     Total                          Min: 0, Avg: 82.2, Max: 329, Diff: 329, Sum: 329, Workers: 4
[22.078s][debug][gc,phases      ] GC(45)   JVMTI Tag Weak OopStorage      Min:  0.0, Avg:  0.0, Max:  0.0, Diff:  0.0, Sum:  0.0, Workers: 4
[22.078s][debug][gc,phases      ] GC(45)     Dead                           Min: 0, Avg:  0.0, Max: 0, Diff: 0, Sum: 0, Workers: 4
[22.078s][debug][gc,phases      ] GC(45)     Total                          Min: 0, Avg:  0.0, Max: 0, Diff: 0, Sum: 0, Workers: 4
[22.078s][debug][gc,phases      ] GC(45)   StringTable Weak               Min:  0.1, Avg:  0.1, Max:  0.1, Diff:  0.0, Sum:  0.4, Workers: 4
[22.078s][debug][gc,phases      ] GC(45)     Dead                           Min: 0, Avg:  0.0, Max: 0, Diff: 0, Sum: 0, Workers: 4
[22.078s][debug][gc,phases      ] GC(45)     Total                          Min: 9845, Avg: 10706.5, Max: 12053, Diff: 2208, Sum: 42826, Workers: 4
[22.078s][debug][gc,phases      ] GC(45)   ResolvedMethodTable Weak       Min:  0.0, Avg:  0.0, Max:  0.0, Diff:  0.0, Sum:  0.1, Workers: 4
[22.078s][debug][gc,phases      ] GC(45)     Dead                           Min: 0, Avg:  0.0, Max: 0, Diff: 0, Sum: 0, Workers: 4
[22.078s][debug][gc,phases      ] GC(45)     Total                          Min: 1600, Avg: 1776.5, Max: 1984, Diff: 384, Sum: 7106, Workers: 4
[22.078s][debug][gc,phases      ] GC(45)   JNI Weak                       Min:  0.0, Avg:  0.0, Max:  0.0, Diff:  0.0, Sum:  0.0, Workers: 4
[22.078s][debug][gc,phases      ] GC(45)     Dead                           Min: 0, Avg:  0.0, Max: 0, Diff: 0, Sum: 0, Workers: 4
[22.078s][debug][gc,phases      ] GC(45)     Total                          Min: 0, Avg:  3.2, Max: 13, Diff: 13, Sum: 13, Workers: 4
[22.078s][debug][gc,phases      ] GC(45)   StringDedup Table Weak         Min:  0.0, Avg:  0.0, Max:  0.0, Diff:  0.0, Sum:  0.0, Workers: 4
[22.078s][debug][gc,phases      ] GC(45)     Dead                           Min: 0, Avg:  0.0, Max: 0, Diff: 0, Sum: 0, Workers: 4
[22.078s][debug][gc,phases      ] GC(45)     Total                          Min: 0, Avg:  0.0, Max: 0, Diff: 0, Sum: 0, Workers: 4
[22.078s][debug][gc,phases      ] GC(45)   StringDedup Requests0 Weak     Min:  0.0, Avg:  0.0, Max:  0.0, Diff:  0.0, Sum:  0.0, Workers: 4
[22.078s][debug][gc,phases      ] GC(45)     Dead                           Min: 0, Avg:  0.0, Max: 0, Diff: 0, Sum: 0, Workers: 4
[22.078s][debug][gc,phases      ] GC(45)     Total                          Min: 0, Avg:  0.0, Max: 0, Diff: 0, Sum: 0, Workers: 4
[22.078s][debug][gc,phases      ] GC(45)   StringDedup Requests1 Weak     Min:  0.0, Avg:  0.0, Max:  0.0, Diff:  0.0, Sum:  0.0, Workers: 4
[22.078s][debug][gc,phases      ] GC(45)     Dead                           Min: 0, Avg:  0.0, Max: 0, Diff: 0, Sum: 0, Workers: 4
[22.078s][debug][gc,phases      ] GC(45)     Total                          Min: 0, Avg:  0.0, Max: 0, Diff: 0, Sum: 0, Workers: 4
[22.078s][debug][gc,phases      ] GC(45)   Weak JFR Old Object Samples    Min:  0.0, Avg:  0.0, Max:  0.0, Diff:  0.0, Sum:  0.0, Workers: 4
[22.078s][debug][gc,phases      ] GC(45)     Dead                           Min: 0, Avg:  0.0, Max: 0, Diff: 0, Sum: 0, Workers: 4
[22.078s][debug][gc,phases      ] GC(45)     Total                          Min: 0, Avg:  0.0, Max: 0, Diff: 0, Sum: 0, Workers: 4
[22.078s][debug][gc,phases      ] GC(45) Weak Processing 0.308ms
[22.078s][debug][gc,age         ] GC(45) Desired survivor size 308281344 bytes, new threshold 15 (max threshold 15)
[22.078s][info ][gc,heap        ] GC(45) PSYoungGen: 1619728K(1777152K)->134304K(1796096K) Eden: 1464832K(1464832K)->0K(1490944K) From: 154896K(312320K)->134304K(305152K)
[22.078s][info ][gc,heap        ] GC(45) ParOldGen: 282865K(377344K)->301105K(377344K)
[22.078s][info ][gc,metaspace   ] GC(45) Metaspace: 68093K(68864K)->68093K(68864K) NonClass: 58145K(58560K)->58145K(58560K) Class: 9948K(10304K)->9948K(10304K)
[22.078s][info ][gc             ] GC(45) Pause Young (Allocation Failure) 1858M->425M(2122M) 67.765ms
[22.078s][info ][gc,cpu         ] GC(45) User=0.23s Sys=0.03s Real=0.07s
[22.079s][info ][safepoint      ] Safepoint "ParallelGCFailedAllocation", Time since last: 7189989 ns, Reaching safepoint: 123507 ns, At safepoint: 67878472 ns, Total: 68001979 ns
[22.107s][info ][safepoint      ] Safepoint "ICBufferFull", Time since last: 28685552 ns, Reaching safepoint: 128807 ns, At safepoint: 26602 ns, Total: 155409 ns
[22.439s][info ][gc,start       ] GC(46) Pause Young (Allocation Failure)
[22.510s][debug][gc,phases      ] GC(46) Scavenge 71.106ms
[22.510s][debug][gc,ref         ] GC(46) Skipped phase 1 of Reference Processing: no references
[22.510s][debug][gc,ref         ] GC(46) ReferenceProcessor::execute queues: 1, RefProcThreadModel::Single, marks_oops_alive: false
[22.510s][debug][gc,ref         ] GC(46) Skipped phase 3 of Reference Processing: no references
[22.510s][debug][gc,ref         ] GC(46) ReferenceProcessor::execute queues: 1, RefProcThreadModel::Single, marks_oops_alive: false
[22.510s][debug][gc,phases      ] GC(46) Reference Processing 0.135ms
[22.510s][debug][gc,phases      ] GC(46)   VM Weak                        Min:  0.0, Avg:  0.0, Max:  0.0, Diff:  0.0, Sum:  0.0, Workers: 4
[22.510s][debug][gc,phases      ] GC(46)     Dead                           Min: 0, Avg:  0.0, Max: 0, Diff: 0, Sum: 0, Workers: 4
[22.510s][debug][gc,phases      ] GC(46)     Total                          Min: 0, Avg: 146.5, Max: 586, Diff: 586, Sum: 586, Workers: 4
[22.510s][debug][gc,phases      ] GC(46)   ObjectSynchronizer Weak        Min:  0.0, Avg:  0.0, Max:  0.0, Diff:  0.0, Sum:  0.0, Workers: 4
[22.510s][debug][gc,phases      ] GC(46)     Dead                           Min: 0, Avg:  0.0, Max: 0, Diff: 0, Sum: 0, Workers: 4
[22.510s][debug][gc,phases      ] GC(46)     Total                          Min: 0, Avg: 82.2, Max: 329, Diff: 329, Sum: 329, Workers: 4
[22.510s][debug][gc,phases      ] GC(46)   JVMTI Tag Weak OopStorage      Min:  0.0, Avg:  0.0, Max:  0.0, Diff:  0.0, Sum:  0.0, Workers: 4
[22.510s][debug][gc,phases      ] GC(46)     Dead                           Min: 0, Avg:  0.0, Max: 0, Diff: 0, Sum: 0, Workers: 4
[22.510s][debug][gc,phases      ] GC(46)     Total                          Min: 0, Avg:  0.0, Max: 0, Diff: 0, Sum: 0, Workers: 4
[22.510s][debug][gc,phases      ] GC(46)   StringTable Weak               Min:  0.1, Avg:  0.1, Max:  0.1, Diff:  0.0, Sum:  0.4, Workers: 4
[22.510s][debug][gc,phases      ] GC(46)     Dead                           Min: 0, Avg:  2.8, Max: 11, Diff: 11, Sum: 11, Workers: 4
[22.510s][debug][gc,phases      ] GC(46)     Total                          Min: 8384, Avg: 10706.5, Max: 13898, Diff: 5514, Sum: 42826, Workers: 4
[22.510s][debug][gc,phases      ] GC(46)   ResolvedMethodTable Weak       Min:  0.0, Avg:  0.0, Max:  0.0, Diff:  0.0, Sum:  0.1, Workers: 4
[22.510s][debug][gc,phases      ] GC(46)     Dead                           Min: 0, Avg:  0.0, Max: 0, Diff: 0, Sum: 0, Workers: 4
[22.510s][debug][gc,phases      ] GC(46)     Total                          Min: 1538, Avg: 1776.5, Max: 1984, Diff: 446, Sum: 7106, Workers: 4
[22.510s][debug][gc,phases      ] GC(46)   JNI Weak                       Min:  0.0, Avg:  0.0, Max:  0.0, Diff:  0.0, Sum:  0.0, Workers: 4
[22.510s][debug][gc,phases      ] GC(46)     Dead                           Min: 0, Avg:  0.0, Max: 0, Diff: 0, Sum: 0, Workers: 4
[22.510s][debug][gc,phases      ] GC(46)     Total                          Min: 0, Avg:  2.0, Max: 8, Diff: 8, Sum: 8, Workers: 4
[22.510s][debug][gc,phases      ] GC(46)   StringDedup Table Weak         Min:  0.0, Avg:  0.0, Max:  0.0, Diff:  0.0, Sum:  0.0, Workers: 4
[22.510s][debug][gc,phases      ] GC(46)     Dead                           Min: 0, Avg:  0.0, Max: 0, Diff: 0, Sum: 0, Workers: 4
[22.510s][debug][gc,phases      ] GC(46)     Total                          Min: 0, Avg:  0.0, Max: 0, Diff: 0, Sum: 0, Workers: 4
[22.510s][debug][gc,phases      ] GC(46)   StringDedup Requests0 Weak     Min:  0.0, Avg:  0.0, Max:  0.0, Diff:  0.0, Sum:  0.0, Workers: 4
[22.510s][debug][gc,phases      ] GC(46)     Dead                           Min: 0, Avg:  0.0, Max: 0, Diff: 0, Sum: 0, Workers: 4
[22.510s][debug][gc,phases      ] GC(46)     Total                          Min: 0, Avg:  0.0, Max: 0, Diff: 0, Sum: 0, Workers: 4
[22.510s][debug][gc,phases      ] GC(46)   StringDedup Requests1 Weak     Min:  0.0, Avg:  0.0, Max:  0.0, Diff:  0.0, Sum:  0.0, Workers: 4
[22.510s][debug][gc,phases      ] GC(46)     Dead                           Min: 0, Avg:  0.0, Max: 0, Diff: 0, Sum: 0, Workers: 4
[22.510s][debug][gc,phases      ] GC(46)     Total                          Min: 0, Avg:  0.0, Max: 0, Diff: 0, Sum: 0, Workers: 4
[22.510s][debug][gc,phases      ] GC(46)   Weak JFR Old Object Samples    Min:  0.0, Avg:  0.0, Max:  0.0, Diff:  0.0, Sum:  0.0, Workers: 4
[22.510s][debug][gc,phases      ] GC(46)     Dead                           Min: 0, Avg:  0.0, Max: 0, Diff: 0, Sum: 0, Workers: 4
[22.510s][debug][gc,phases      ] GC(46)     Total                          Min: 0, Avg:  0.0, Max: 0, Diff: 0, Sum: 0, Workers: 4
[22.510s][debug][gc,phases      ] GC(46) Weak Processing 0.331ms
[22.510s][debug][gc,age         ] GC(46) Desired survivor size 313524224 bytes, new threshold 15 (max threshold 15)
[22.510s][info ][gc,heap        ] GC(46) PSYoungGen: 1625248K(1796096K)->77008K(1568256K) Eden: 1490944K(1490944K)->0K(1490944K) From: 134304K(305152K)->77008K(77312K)
[22.510s][info ][gc,heap        ] GC(46) ParOldGen: 301105K(377344K)->355417K(377344K)
[22.510s][info ][gc,metaspace   ] GC(46) Metaspace: 68103K(68864K)->68103K(68864K) NonClass: 58154K(58560K)->58154K(58560K) Class: 9948K(10304K)->9948K(10304K)
[22.510s][info ][gc             ] GC(46) Pause Young (Allocation Failure) 1881M->422M(1900M) 71.705ms
[22.510s][info ][gc,cpu         ] GC(46) User=0.24s Sys=0.04s Real=0.07s
[22.510s][debug][gc,phases      ] GC(47) Pre Compact 0.014ms
[22.510s][info ][gc,start       ] GC(47) Pause Full (Ergonomics)
[22.510s][info ][gc,phases,start] GC(47) Marking Phase
[22.637s][debug][gc,phases      ] GC(47) Par Mark 126.423ms
[22.637s][debug][gc,ref         ] GC(47) Skipped phase 1 of Reference Processing: no references
[22.637s][debug][gc,ref         ] GC(47) ReferenceProcessor::execute queues: 1, RefProcThreadModel::Single, marks_oops_alive: false
[22.637s][debug][gc,ref         ] GC(47) Skipped phase 3 of Reference Processing: no references
[22.637s][debug][gc,ref         ] GC(47) ReferenceProcessor::execute queues: 1, RefProcThreadModel::Single, marks_oops_alive: false
[22.637s][debug][gc,phases      ] GC(47) Reference Processing 0.140ms
[22.637s][debug][gc,phases      ] GC(47)   VM Weak                        Min:  0.0, Avg:  0.0, Max:  0.0, Diff:  0.0, Sum:  0.0, Workers: 4
[22.637s][debug][gc,phases      ] GC(47)     Dead                           Min: 0, Avg:  0.0, Max: 0, Diff: 0, Sum: 0, Workers: 4
[22.637s][debug][gc,phases      ] GC(47)     Total                          Min: 0, Avg: 146.5, Max: 320, Diff: 320, Sum: 586, Workers: 4
[22.637s][debug][gc,phases      ] GC(47)   ObjectSynchronizer Weak        Min:  0.0, Avg:  0.0, Max:  0.0, Diff:  0.0, Sum:  0.0, Workers: 4
[22.637s][debug][gc,phases      ] GC(47)     Dead                           Min: 0, Avg:  0.2, Max: 1, Diff: 1, Sum: 1, Workers: 4
[22.637s][debug][gc,phases      ] GC(47)     Total                          Min: 0, Avg: 82.2, Max: 128, Diff: 128, Sum: 329, Workers: 4
[22.637s][debug][gc,phases      ] GC(47)   JVMTI Tag Weak OopStorage      Min:  0.0, Avg:  0.0, Max:  0.0, Diff:  0.0, Sum:  0.0, Workers: 4
[22.637s][debug][gc,phases      ] GC(47)     Dead                           Min: 0, Avg:  0.0, Max: 0, Diff: 0, Sum: 0, Workers: 4
[22.637s][debug][gc,phases      ] GC(47)     Total                          Min: 0, Avg:  0.0, Max: 0, Diff: 0, Sum: 0, Workers: 4
[22.637s][debug][gc,phases      ] GC(47)   StringTable Weak               Min:  0.1, Avg:  0.1, Max:  0.1, Diff:  0.0, Sum:  0.6, Workers: 4
[22.637s][debug][gc,phases      ] GC(47)     Dead                           Min: 0, Avg:  0.0, Max: 0, Diff: 0, Sum: 0, Workers: 4
[22.637s][debug][gc,phases      ] GC(47)     Total                          Min: 10048, Avg: 10706.5, Max: 11082, Diff: 1034, Sum: 42826, Workers: 4
[22.637s][debug][gc,phases      ] GC(47)   ResolvedMethodTable Weak       Min:  0.0, Avg:  0.0, Max:  0.0, Diff:  0.0, Sum:  0.1, Workers: 4
[22.637s][debug][gc,phases      ] GC(47)     Dead                           Min: 0, Avg:  0.0, Max: 0, Diff: 0, Sum: 0, Workers: 4
[22.637s][debug][gc,phases      ] GC(47)     Total                          Min: 1600, Avg: 1776.5, Max: 2048, Diff: 448, Sum: 7106, Workers: 4
[22.637s][debug][gc,phases      ] GC(47)   JNI Weak                       Min:  0.0, Avg:  0.0, Max:  0.0, Diff:  0.0, Sum:  0.0, Workers: 4
[22.637s][debug][gc,phases      ] GC(47)     Dead                           Min: 0, Avg:  0.0, Max: 0, Diff: 0, Sum: 0, Workers: 4
[22.637s][debug][gc,phases      ] GC(47)     Total                          Min: 0, Avg:  2.0, Max: 8, Diff: 8, Sum: 8, Workers: 4
[22.637s][debug][gc,phases      ] GC(47)   StringDedup Table Weak         Min:  0.0, Avg:  0.0, Max:  0.0, Diff:  0.0, Sum:  0.0, Workers: 4
[22.637s][debug][gc,phases      ] GC(47)     Dead                           Min: 0, Avg:  0.0, Max: 0, Diff: 0, Sum: 0, Workers: 4
[22.637s][debug][gc,phases      ] GC(47)     Total                          Min: 0, Avg:  0.0, Max: 0, Diff: 0, Sum: 0, Workers: 4
[22.637s][debug][gc,phases      ] GC(47)   StringDedup Requests0 Weak     Min:  0.0, Avg:  0.0, Max:  0.0, Diff:  0.0, Sum:  0.0, Workers: 4
[22.637s][debug][gc,phases      ] GC(47)     Dead                           Min: 0, Avg:  0.0, Max: 0, Diff: 0, Sum: 0, Workers: 4
[22.637s][debug][gc,phases      ] GC(47)     Total                          Min: 0, Avg:  0.0, Max: 0, Diff: 0, Sum: 0, Workers: 4
[22.637s][debug][gc,phases      ] GC(47)   StringDedup Requests1 Weak     Min:  0.0, Avg:  0.0, Max:  0.0, Diff:  0.0, Sum:  0.0, Workers: 4
[22.637s][debug][gc,phases      ] GC(47)     Dead                           Min: 0, Avg:  0.0, Max: 0, Diff: 0, Sum: 0, Workers: 4
[22.637s][debug][gc,phases      ] GC(47)     Total                          Min: 0, Avg:  0.0, Max: 0, Diff: 0, Sum: 0, Workers: 4
[22.637s][debug][gc,phases      ] GC(47)   Weak JFR Old Object Samples    Min:  0.0, Avg:  0.0, Max:  0.0, Diff:  0.0, Sum:  0.0, Workers: 4
[22.637s][debug][gc,phases      ] GC(47)     Dead                           Min: 0, Avg:  0.0, Max: 0, Diff: 0, Sum: 0, Workers: 4
[22.637s][debug][gc,phases      ] GC(47)     Total                          Min: 0, Avg:  0.0, Max: 0, Diff: 0, Sum: 0, Workers: 4
[22.637s][debug][gc,phases      ] GC(47) Weak Processing 0.366ms
[22.638s][debug][gc,phases      ] GC(47) ClassLoaderData 0.084ms
[22.638s][debug][gc,phases      ] GC(47) Trigger cleanups 0.000ms
[22.647s][debug][gc,phases      ] GC(47) Class Unloading 9.740ms
[22.647s][info ][gc,phases      ] GC(47) Marking Phase 136.830ms
[22.647s][info ][gc,phases,start] GC(47) Summary Phase
[22.647s][info ][gc,phases      ] GC(47) Summary Phase 0.027ms
[22.647s][info ][gc,phases,start] GC(47) Adjust Roots
[22.655s][info ][gc,phases      ] GC(47) Adjust Roots 7.464ms
[22.655s][info ][gc,phases,start] GC(47) Compaction Phase
[22.899s][info ][gc,phases      ] GC(47) Compaction Phase 244.589ms
[22.899s][info ][gc,phases,start] GC(47) Post Compact
[22.901s][info ][gc,phases      ] GC(47) Post Compact 1.428ms
[22.901s][info ][gc,heap        ] GC(47) PSYoungGen: 77008K(1568256K)->0K(1790976K) Eden: 0K(1490944K)->0K(1484800K) From: 77008K(77312K)->0K(306176K)
[22.901s][info ][gc,heap        ] GC(47) ParOldGen: 355417K(377344K)->369875K(470016K)
[22.901s][info ][gc,metaspace   ] GC(47) Metaspace: 68103K(68864K)->68103K(68864K) NonClass: 58154K(58560K)->58154K(58560K) Class: 9948K(10304K)->9948K(10304K)
[22.901s][info ][gc             ] GC(47) Pause Full (Ergonomics) 422M->361M(2208M) 390.690ms
[22.901s][info ][gc,cpu         ] GC(47) User=1.50s Sys=0.01s Real=0.39s
[22.901s][info ][safepoint      ] Safepoint "ParallelGCFailedAllocation", Time since last: 331090114 ns, Reaching safepoint: 138908 ns, At safepoint: 462565628 ns, Total: 462704536 ns
[23.195s][info ][safepoint      ] Safepoint "ICBufferFull", Time since last: 293753794 ns, Reaching safepoint: 142007 ns, At safepoint: 33502 ns, Total: 175509 ns
[23.201s][info ][gc,start       ] GC(48) Pause Young (Allocation Failure)
[23.209s][debug][gc,phases      ] GC(48) Scavenge 8.023ms
[23.209s][debug][gc,ref         ] GC(48) Skipped phase 1 of Reference Processing: no references
[23.209s][debug][gc,ref         ] GC(48) ReferenceProcessor::execute queues: 1, RefProcThreadModel::Single, marks_oops_alive: false
[23.209s][debug][gc,ref         ] GC(48) Skipped phase 3 of Reference Processing: no references
[23.209s][debug][gc,ref         ] GC(48) Skipped phase 4 of Reference Processing: no references
[23.209s][debug][gc,phases      ] GC(48) Reference Processing 0.099ms
[23.209s][debug][gc,phases      ] GC(48)   VM Weak                        Min:  0.0, Avg:  0.0, Max:  0.0, Diff:  0.0, Sum:  0.0, Workers: 4
[23.209s][debug][gc,phases      ] GC(48)     Dead                           Min: 0, Avg:  0.0, Max: 0, Diff: 0, Sum: 0, Workers: 4
[23.209s][debug][gc,phases      ] GC(48)     Total                          Min: 0, Avg: 146.5, Max: 394, Diff: 394, Sum: 586, Workers: 4
[23.209s][debug][gc,phases      ] GC(48)   ObjectSynchronizer Weak        Min:  0.0, Avg:  0.0, Max:  0.0, Diff:  0.0, Sum:  0.0, Workers: 4
[23.209s][debug][gc,phases      ] GC(48)     Dead                           Min: 0, Avg:  0.0, Max: 0, Diff: 0, Sum: 0, Workers: 4
[23.209s][debug][gc,phases      ] GC(48)     Total                          Min: 0, Avg: 82.2, Max: 192, Diff: 192, Sum: 329, Workers: 4
[23.209s][debug][gc,phases      ] GC(48)   JVMTI Tag Weak OopStorage      Min:  0.0, Avg:  0.0, Max:  0.0, Diff:  0.0, Sum:  0.0, Workers: 4
[23.209s][debug][gc,phases      ] GC(48)     Dead                           Min: 0, Avg:  0.0, Max: 0, Diff: 0, Sum: 0, Workers: 4
[23.209s][debug][gc,phases      ] GC(48)     Total                          Min: 0, Avg:  0.0, Max: 0, Diff: 0, Sum: 0, Workers: 4
[23.209s][debug][gc,phases      ] GC(48)   StringTable Weak               Min:  0.1, Avg:  0.1, Max:  0.1, Diff:  0.0, Sum:  0.4, Workers: 4
[23.209s][debug][gc,phases      ] GC(48)     Dead                           Min: 0, Avg:  2.8, Max: 11, Diff: 11, Sum: 11, Workers: 4
[23.209s][debug][gc,phases      ] GC(48)     Total                          Min: 9653, Avg: 10706.5, Max: 11477, Diff: 1824, Sum: 42826, Workers: 4
[23.209s][debug][gc,phases      ] GC(48)   ResolvedMethodTable Weak       Min:  0.0, Avg:  0.0, Max:  0.0, Diff:  0.0, Sum:  0.1, Workers: 4
[23.209s][debug][gc,phases      ] GC(48)     Dead                           Min: 0, Avg:  0.0, Max: 0, Diff: 0, Sum: 0, Workers: 4
[23.209s][debug][gc,phases      ] GC(48)     Total                          Min: 1536, Avg: 1776.5, Max: 1922, Diff: 386, Sum: 7106, Workers: 4
[23.209s][debug][gc,phases      ] GC(48)   JNI Weak                       Min:  0.0, Avg:  0.0, Max:  0.0, Diff:  0.0, Sum:  0.0, Workers: 4
[23.209s][debug][gc,phases      ] GC(48)     Dead                           Min: 0, Avg:  0.0, Max: 0, Diff: 0, Sum: 0, Workers: 4
[23.209s][debug][gc,phases      ] GC(48)     Total                          Min: 0, Avg:  3.0, Max: 12, Diff: 12, Sum: 12, Workers: 4
[23.209s][debug][gc,phases      ] GC(48)   StringDedup Table Weak         Min:  0.0, Avg:  0.0, Max:  0.0, Diff:  0.0, Sum:  0.0, Workers: 4
[23.209s][debug][gc,phases      ] GC(48)     Dead                           Min: 0, Avg:  0.0, Max: 0, Diff: 0, Sum: 0, Workers: 4
[23.209s][debug][gc,phases      ] GC(48)     Total                          Min: 0, Avg:  0.0, Max: 0, Diff: 0, Sum: 0, Workers: 4
[23.209s][debug][gc,phases      ] GC(48)   StringDedup Requests0 Weak     Min:  0.0, Avg:  0.0, Max:  0.0, Diff:  0.0, Sum:  0.0, Workers: 4
[23.209s][debug][gc,phases      ] GC(48)     Dead                           Min: 0, Avg:  0.0, Max: 0, Diff: 0, Sum: 0, Workers: 4
[23.209s][debug][gc,phases      ] GC(48)     Total                          Min: 0, Avg:  0.0, Max: 0, Diff: 0, Sum: 0, Workers: 4
[23.209s][debug][gc,phases      ] GC(48)   StringDedup Requests1 Weak     Min:  0.0, Avg:  0.0, Max:  0.0, Diff:  0.0, Sum:  0.0, Workers: 4
[23.209s][debug][gc,phases      ] GC(48)     Dead                           Min: 0, Avg:  0.0, Max: 0, Diff: 0, Sum: 0, Workers: 4
[23.209s][debug][gc,phases      ] GC(48)     Total                          Min: 0, Avg:  0.0, Max: 0, Diff: 0, Sum: 0, Workers: 4
[23.209s][debug][gc,phases      ] GC(48)   Weak JFR Old Object Samples    Min:  0.0, Avg:  0.0, Max:  0.0, Diff:  0.0, Sum:  0.0, Workers: 4
[23.209s][debug][gc,phases      ] GC(48)     Dead                           Min: 0, Avg:  0.0, Max: 0, Diff: 0, Sum: 0, Workers: 4
[23.209s][debug][gc,phases      ] GC(48)     Total                          Min: 0, Avg:  0.0, Max: 0, Diff: 0, Sum: 0, Workers: 4
[23.209s][debug][gc,phases      ] GC(48) Weak Processing 0.292ms
[23.209s][debug][gc,age         ] GC(48) Desired survivor size 326631424 bytes, new threshold 15 (max threshold 15)
[23.209s][info ][gc,heap        ] GC(48) PSYoungGen: 1484800K(1790976K)->8720K(1494016K) Eden: 1484800K(1484800K)->0K(1484800K) From: 0K(306176K)->8720K(9216K)
[23.209s][info ][gc,heap        ] GC(48) ParOldGen: 369875K(470016K)->369875K(470016K)
[23.209s][info ][gc,metaspace   ] GC(48) Metaspace: 68104K(68864K)->68104K(68864K) NonClass: 58155K(58560K)->58155K(58560K) Class: 9948K(10304K)->9948K(10304K)
[23.209s][info ][gc             ] GC(48) Pause Young (Allocation Failure) 1811M->369M(1918M) 8.537ms
[23.209s][info ][gc,cpu         ] GC(48) User=0.03s Sys=0.00s Real=0.01s
[23.209s][info ][safepoint      ] Safepoint "ParallelGCFailedAllocation", Time since last: 5380991 ns, Reaching safepoint: 113906 ns, At safepoint: 8636668 ns, Total: 8750574 ns
[23.325s][info ][safepoint      ] Safepoint "ICBufferFull", Time since last: 115214534 ns, Reaching safepoint: 135607 ns, At safepoint: 23801 ns, Total: 159408 ns
[23.357s][info ][safepoint      ] Safepoint "ICBufferFull", Time since last: 32411854 ns, Reaching safepoint: 343919 ns, At safepoint: 24601 ns, Total: 368520 ns
[23.414s][info ][safepoint      ] Safepoint "ICBufferFull", Time since last: 56766871 ns, Reaching safepoint: 127207 ns, At safepoint: 29502 ns, Total: 156709 ns
[23.438s][info ][safepoint      ] Safepoint "ICBufferFull", Time since last: 23818089 ns, Reaching safepoint: 128607 ns, At safepoint: 27301 ns, Total: 155908 ns
[23.472s][info ][safepoint      ] Safepoint "ICBufferFull", Time since last: 33360605 ns, Reaching safepoint: 124207 ns, At safepoint: 27601 ns, Total: 151808 ns
[23.491s][info ][safepoint      ] Safepoint "ICBufferFull", Time since last: 18701212 ns, Reaching safepoint: 131807 ns, At safepoint: 27602 ns, Total: 159409 ns
[23.515s][info ][safepoint      ] Safepoint "ICBufferFull", Time since last: 21324454 ns, Reaching safepoint: 3122969 ns, At safepoint: 24501 ns, Total: 3147470 ns
[23.545s][info ][gc,start       ] GC(49) Pause Young (Allocation Failure)
[23.555s][debug][gc,phases      ] GC(49) Scavenge 10.433ms
[23.555s][debug][gc,ref         ] GC(49) Skipped phase 1 of Reference Processing: no references
[23.556s][debug][gc,ref         ] GC(49) ReferenceProcessor::execute queues: 1, RefProcThreadModel::Single, marks_oops_alive: false
[23.556s][debug][gc,ref         ] GC(49) Skipped phase 3 of Reference Processing: no references
[23.556s][debug][gc,ref         ] GC(49) ReferenceProcessor::execute queues: 1, RefProcThreadModel::Single, marks_oops_alive: false
[23.556s][debug][gc,phases      ] GC(49) Reference Processing 0.116ms
[23.556s][debug][gc,phases      ] GC(49)   VM Weak                        Min:  0.0, Avg:  0.0, Max:  0.0, Diff:  0.0, Sum:  0.0, Workers: 4
[23.556s][debug][gc,phases      ] GC(49)     Dead                           Min: 0, Avg:  0.0, Max: 0, Diff: 0, Sum: 0, Workers: 4
[23.556s][debug][gc,phases      ] GC(49)     Total                          Min: 0, Avg: 146.5, Max: 586, Diff: 586, Sum: 586, Workers: 4
[23.556s][debug][gc,phases      ] GC(49)   ObjectSynchronizer Weak        Min:  0.0, Avg:  0.0, Max:  0.0, Diff:  0.0, Sum:  0.0, Workers: 4
[23.556s][debug][gc,phases      ] GC(49)     Dead                           Min: 0, Avg:  0.0, Max: 0, Diff: 0, Sum: 0, Workers: 4
[23.556s][debug][gc,phases      ] GC(49)     Total                          Min: 0, Avg: 82.2, Max: 329, Diff: 329, Sum: 329, Workers: 4
[23.556s][debug][gc,phases      ] GC(49)   JVMTI Tag Weak OopStorage      Min:  0.0, Avg:  0.0, Max:  0.0, Diff:  0.0, Sum:  0.0, Workers: 4
[23.556s][debug][gc,phases      ] GC(49)     Dead                           Min: 0, Avg:  0.0, Max: 0, Diff: 0, Sum: 0, Workers: 4
[23.556s][debug][gc,phases      ] GC(49)     Total                          Min: 0, Avg:  0.0, Max: 0, Diff: 0, Sum: 0, Workers: 4
[23.556s][debug][gc,phases      ] GC(49)   StringTable Weak               Min:  0.1, Avg:  0.1, Max:  0.1, Diff:  0.0, Sum:  0.4, Workers: 4
[23.556s][debug][gc,phases      ] GC(49)     Dead                           Min: 0, Avg:  2.8, Max: 11, Diff: 11, Sum: 11, Workers: 4
[23.556s][debug][gc,phases      ] GC(49)     Total                          Min: 9333, Avg: 10707.5, Max: 11520, Diff: 2187, Sum: 42830, Workers: 4
[23.556s][debug][gc,phases      ] GC(49)   ResolvedMethodTable Weak       Min:  0.0, Avg:  0.0, Max:  0.0, Diff:  0.0, Sum:  0.1, Workers: 4
[23.556s][debug][gc,phases      ] GC(49)     Dead                           Min: 0, Avg:  0.0, Max: 0, Diff: 0, Sum: 0, Workers: 4
[23.556s][debug][gc,phases      ] GC(49)     Total                          Min: 1600, Avg: 1778.5, Max: 1994, Diff: 394, Sum: 7114, Workers: 4
[23.556s][debug][gc,phases      ] GC(49)   JNI Weak                       Min:  0.0, Avg:  0.0, Max:  0.0, Diff:  0.0, Sum:  0.0, Workers: 4
[23.556s][debug][gc,phases      ] GC(49)     Dead                           Min: 0, Avg:  0.0, Max: 0, Diff: 0, Sum: 0, Workers: 4
[23.556s][debug][gc,phases      ] GC(49)     Total                          Min: 0, Avg:  2.8, Max: 11, Diff: 11, Sum: 11, Workers: 4
[23.556s][debug][gc,phases      ] GC(49)   StringDedup Table Weak         Min:  0.0, Avg:  0.0, Max:  0.0, Diff:  0.0, Sum:  0.0, Workers: 4
[23.556s][debug][gc,phases      ] GC(49)     Dead                           Min: 0, Avg:  0.0, Max: 0, Diff: 0, Sum: 0, Workers: 4
[23.556s][debug][gc,phases      ] GC(49)     Total                          Min: 0, Avg:  0.0, Max: 0, Diff: 0, Sum: 0, Workers: 4
[23.556s][debug][gc,phases      ] GC(49)   StringDedup Requests0 Weak     Min:  0.0, Avg:  0.0, Max:  0.0, Diff:  0.0, Sum:  0.0, Workers: 4
[23.556s][debug][gc,phases      ] GC(49)     Dead                           Min: 0, Avg:  0.0, Max: 0, Diff: 0, Sum: 0, Workers: 4
[23.556s][debug][gc,phases      ] GC(49)     Total                          Min: 0, Avg:  0.0, Max: 0, Diff: 0, Sum: 0, Workers: 4
[23.556s][debug][gc,phases      ] GC(49)   StringDedup Requests1 Weak     Min:  0.0, Avg:  0.0, Max:  0.0, Diff:  0.0, Sum:  0.0, Workers: 4
[23.556s][debug][gc,phases      ] GC(49)     Dead                           Min: 0, Avg:  0.0, Max: 0, Diff: 0, Sum: 0, Workers: 4
[23.556s][debug][gc,phases      ] GC(49)     Total                          Min: 0, Avg:  0.0, Max: 0, Diff: 0, Sum: 0, Workers: 4
[23.556s][debug][gc,phases      ] GC(49)   Weak JFR Old Object Samples    Min:  0.0, Avg:  0.0, Max:  0.0, Diff:  0.0, Sum:  0.0, Workers: 4
[23.556s][debug][gc,phases      ] GC(49)     Dead                           Min: 0, Avg:  0.0, Max: 0, Diff: 0, Sum: 0, Workers: 4
[23.556s][debug][gc,phases      ] GC(49)     Total                          Min: 0, Avg:  0.0, Max: 0, Diff: 0, Sum: 0, Workers: 4
[23.556s][debug][gc,phases      ] GC(49) Weak Processing 0.284ms
[23.556s][debug][gc,age         ] GC(49) Desired survivor size 333971456 bytes, new threshold 15 (max threshold 15)
[23.556s][info ][gc,heap        ] GC(49) PSYoungGen: 1493520K(1494016K)->14144K(1763840K) Eden: 1484800K(1484800K)->0K(1444864K) From: 8720K(9216K)->14144K(318976K)
[23.556s][info ][gc,heap        ] GC(49) ParOldGen: 369875K(470016K)->369875K(470016K)
[23.556s][info ][gc,metaspace   ] GC(49) Metaspace: 68127K(68928K)->68127K(68928K) NonClass: 58175K(58624K)->58175K(58624K) Class: 9952K(10304K)->9952K(10304K)
[23.556s][info ][gc             ] GC(49) Pause Young (Allocation Failure) 1819M->375M(2181M) 10.992ms
[23.556s][info ][gc,cpu         ] GC(49) User=0.04s Sys=0.00s Real=0.01s
[23.556s][info ][safepoint      ] Safepoint "ParallelGCFailedAllocation", Time since last: 29627503 ns, Reaching safepoint: 128607 ns, At safepoint: 11091900 ns, Total: 11220507 ns
[23.854s][info ][gc,start       ] GC(50) Pause Young (Allocation Failure)
[23.864s][debug][gc,phases      ] GC(50) Scavenge 10.481ms
[23.864s][debug][gc,ref         ] GC(50) Skipped phase 1 of Reference Processing: no references
[23.864s][debug][gc,ref         ] GC(50) ReferenceProcessor::execute queues: 1, RefProcThreadModel::Single, marks_oops_alive: false
[23.864s][debug][gc,ref         ] GC(50) Skipped phase 3 of Reference Processing: no references
[23.864s][debug][gc,ref         ] GC(50) ReferenceProcessor::execute queues: 1, RefProcThreadModel::Single, marks_oops_alive: false
[23.864s][debug][gc,phases      ] GC(50) Reference Processing 0.037ms
[23.864s][debug][gc,phases      ] GC(50)   VM Weak                        Min:  0.0, Avg:  0.0, Max:  0.0, Diff:  0.0, Sum:  0.0, Workers: 4
[23.864s][debug][gc,phases      ] GC(50)     Dead                           Min: 0, Avg:  0.0, Max: 0, Diff: 0, Sum: 0, Workers: 4
[23.864s][debug][gc,phases      ] GC(50)     Total                          Min: 0, Avg: 147.5, Max: 590, Diff: 590, Sum: 590, Workers: 4
[23.864s][debug][gc,phases      ] GC(50)   ObjectSynchronizer Weak        Min:  0.0, Avg:  0.0, Max:  0.0, Diff:  0.0, Sum:  0.0, Workers: 4
[23.864s][debug][gc,phases      ] GC(50)     Dead                           Min: 0, Avg:  0.0, Max: 0, Diff: 0, Sum: 0, Workers: 4
[23.864s][debug][gc,phases      ] GC(50)     Total                          Min: 0, Avg: 82.2, Max: 201, Diff: 201, Sum: 329, Workers: 4
[23.864s][debug][gc,phases      ] GC(50)   JVMTI Tag Weak OopStorage      Min:  0.0, Avg:  0.0, Max:  0.0, Diff:  0.0, Sum:  0.0, Workers: 4
[23.864s][debug][gc,phases      ] GC(50)     Dead                           Min: 0, Avg:  0.0, Max: 0, Diff: 0, Sum: 0, Workers: 4
[23.864s][debug][gc,phases      ] GC(50)     Total                          Min: 0, Avg:  0.0, Max: 0, Diff: 0, Sum: 0, Workers: 4
[23.864s][debug][gc,phases      ] GC(50)   StringTable Weak               Min:  0.1, Avg:  0.1, Max:  0.1, Diff:  0.0, Sum:  0.4, Workers: 4
[23.864s][debug][gc,phases      ] GC(50)     Dead                           Min: 0, Avg:  0.2, Max: 1, Diff: 1, Sum: 1, Workers: 4
[23.864s][debug][gc,phases      ] GC(50)     Total                          Min: 10559, Avg: 10731.2, Max: 10815, Diff: 256, Sum: 42925, Workers: 4
[23.864s][debug][gc,phases      ] GC(50)   ResolvedMethodTable Weak       Min:  0.0, Avg:  0.0, Max:  0.0, Diff:  0.0, Sum:  0.1, Workers: 4
[23.864s][debug][gc,phases      ] GC(50)     Dead                           Min: 0, Avg:  3.8, Max: 11, Diff: 11, Sum: 15, Workers: 4
[23.864s][debug][gc,phases      ] GC(50)     Total                          Min: 1536, Avg: 1793.8, Max: 1984, Diff: 448, Sum: 7175, Workers: 4
[23.864s][debug][gc,phases      ] GC(50)   JNI Weak                       Min:  0.0, Avg:  0.0, Max:  0.0, Diff:  0.0, Sum:  0.0, Workers: 4
[23.864s][debug][gc,phases      ] GC(50)     Dead                           Min: 0, Avg:  0.0, Max: 0, Diff: 0, Sum: 0, Workers: 4
[23.864s][debug][gc,phases      ] GC(50)     Total                          Min: 0, Avg:  0.5, Max: 2, Diff: 2, Sum: 2, Workers: 4
[23.864s][debug][gc,phases      ] GC(50)   StringDedup Table Weak         Min:  0.0, Avg:  0.0, Max:  0.0, Diff:  0.0, Sum:  0.0, Workers: 4
[23.864s][debug][gc,phases      ] GC(50)     Dead                           Min: 0, Avg:  0.0, Max: 0, Diff: 0, Sum: 0, Workers: 4
[23.864s][debug][gc,phases      ] GC(50)     Total                          Min: 0, Avg:  0.0, Max: 0, Diff: 0, Sum: 0, Workers: 4
[23.864s][debug][gc,phases      ] GC(50)   StringDedup Requests0 Weak     Min:  0.0, Avg:  0.0, Max:  0.0, Diff:  0.0, Sum:  0.0, Workers: 4
[23.864s][debug][gc,phases      ] GC(50)     Dead                           Min: 0, Avg:  0.0, Max: 0, Diff: 0, Sum: 0, Workers: 4
[23.864s][debug][gc,phases      ] GC(50)     Total                          Min: 0, Avg:  0.0, Max: 0, Diff: 0, Sum: 0, Workers: 4
[23.864s][debug][gc,phases      ] GC(50)   StringDedup Requests1 Weak     Min:  0.0, Avg:  0.0, Max:  0.0, Diff:  0.0, Sum:  0.0, Workers: 4
[23.864s][debug][gc,phases      ] GC(50)     Dead                           Min: 0, Avg:  0.0, Max: 0, Diff: 0, Sum: 0, Workers: 4
[23.864s][debug][gc,phases      ] GC(50)     Total                          Min: 0, Avg:  0.0, Max: 0, Diff: 0, Sum: 0, Workers: 4
[23.864s][debug][gc,phases      ] GC(50)   Weak JFR Old Object Samples    Min:  0.0, Avg:  0.0, Max:  0.0, Diff:  0.0, Sum:  0.0, Workers: 4
[23.864s][debug][gc,phases      ] GC(50)     Dead                           Min: 0, Avg:  0.0, Max: 0, Diff: 0, Sum: 0, Workers: 4
[23.864s][debug][gc,phases      ] GC(50)     Total                          Min: 0, Avg:  0.0, Max: 0, Diff: 0, Sum: 0, Workers: 4
[23.864s][debug][gc,phases      ] GC(50) Weak Processing 0.317ms
[23.864s][debug][gc,age         ] GC(50) Desired survivor size 336068608 bytes, new threshold 15 (max threshold 15)
[23.864s][info ][gc,heap        ] GC(50) PSYoungGen: 1459008K(1763840K)->13728K(1458688K) Eden: 1444864K(1444864K)->0K(1444864K) From: 14144K(318976K)->13728K(13824K)
[23.865s][info ][gc,heap        ] GC(50) ParOldGen: 369875K(470016K)->369883K(470016K)
[23.865s][info ][gc,metaspace   ] GC(50) Metaspace: 68414K(69184K)->68414K(69184K) NonClass: 58416K(58816K)->58416K(58816K) Class: 9998K(10368K)->9998K(10368K)
[23.865s][info ][gc             ] GC(50) Pause Young (Allocation Failure) 1786M->374M(1883M) 10.952ms
[23.865s][info ][gc,cpu         ] GC(50) User=0.04s Sys=0.00s Real=0.01s
[23.865s][info ][safepoint      ] Safepoint "ParallelGCFailedAllocation", Time since last: 297363089 ns, Reaching safepoint: 179110 ns, At safepoint: 11055398 ns, Total: 11234508 ns
[24.279s][info ][gc,start       ] GC(51) Pause Young (Allocation Failure)
[24.286s][debug][gc,phases      ] GC(51) Scavenge 7.077ms
[24.286s][debug][gc,ref         ] GC(51) Skipped phase 1 of Reference Processing: no references
[24.286s][debug][gc,ref         ] GC(51) ReferenceProcessor::execute queues: 1, RefProcThreadModel::Single, marks_oops_alive: false
[24.286s][debug][gc,ref         ] GC(51) Skipped phase 3 of Reference Processing: no references
[24.286s][debug][gc,ref         ] GC(51) ReferenceProcessor::execute queues: 1, RefProcThreadModel::Single, marks_oops_alive: false
[24.286s][debug][gc,phases      ] GC(51) Reference Processing 0.118ms
[24.286s][debug][gc,phases      ] GC(51)   VM Weak                        Min:  0.0, Avg:  0.0, Max:  0.0, Diff:  0.0, Sum:  0.0, Workers: 4
[24.286s][debug][gc,phases      ] GC(51)     Dead                           Min: 0, Avg:  0.0, Max: 0, Diff: 0, Sum: 0, Workers: 4
[24.286s][debug][gc,phases      ] GC(51)     Total                          Min: 0, Avg: 149.8, Max: 512, Diff: 512, Sum: 599, Workers: 4
[24.286s][debug][gc,phases      ] GC(51)   ObjectSynchronizer Weak        Min:  0.0, Avg:  0.0, Max:  0.0, Diff:  0.0, Sum:  0.0, Workers: 4
[24.286s][debug][gc,phases      ] GC(51)     Dead                           Min: 0, Avg:  0.0, Max: 0, Diff: 0, Sum: 0, Workers: 4
[24.286s][debug][gc,phases      ] GC(51)     Total                          Min: 0, Avg: 82.2, Max: 128, Diff: 128, Sum: 329, Workers: 4
[24.286s][debug][gc,phases      ] GC(51)   JVMTI Tag Weak OopStorage      Min:  0.0, Avg:  0.0, Max:  0.0, Diff:  0.0, Sum:  0.0, Workers: 4
[24.286s][debug][gc,phases      ] GC(51)     Dead                           Min: 0, Avg:  0.0, Max: 0, Diff: 0, Sum: 0, Workers: 4
[24.286s][debug][gc,phases      ] GC(51)     Total                          Min: 0, Avg:  0.0, Max: 0, Diff: 0, Sum: 0, Workers: 4
[24.286s][debug][gc,phases      ] GC(51)   StringTable Weak               Min:  0.1, Avg:  0.1, Max:  0.1, Diff:  0.0, Sum:  0.4, Workers: 4
[24.286s][debug][gc,phases      ] GC(51)     Dead                           Min: 0, Avg:  1.0, Max: 3, Diff: 3, Sum: 4, Workers: 4
[24.286s][debug][gc,phases      ] GC(51)     Total                          Min: 9564, Avg: 10775.0, Max: 11904, Diff: 2340, Sum: 43100, Workers: 4
[24.286s][debug][gc,phases      ] GC(51)   ResolvedMethodTable Weak       Min:  0.0, Avg:  0.0, Max:  0.0, Diff:  0.0, Sum:  0.1, Workers: 4
[24.286s][debug][gc,phases      ] GC(51)     Dead                           Min: 0, Avg:  9.8, Max: 34, Diff: 34, Sum: 39, Workers: 4
[24.286s][debug][gc,phases      ] GC(51)     Total                          Min: 1472, Avg: 1820.8, Max: 2038, Diff: 566, Sum: 7283, Workers: 4
[24.286s][debug][gc,phases      ] GC(51)   JNI Weak                       Min:  0.0, Avg:  0.0, Max:  0.0, Diff:  0.0, Sum:  0.0, Workers: 4
[24.286s][debug][gc,phases      ] GC(51)     Dead                           Min: 0, Avg:  0.0, Max: 0, Diff: 0, Sum: 0, Workers: 4
[24.286s][debug][gc,phases      ] GC(51)     Total                          Min: 0, Avg:  0.8, Max: 3, Diff: 3, Sum: 3, Workers: 4
[24.286s][debug][gc,phases      ] GC(51)   StringDedup Table Weak         Min:  0.0, Avg:  0.0, Max:  0.0, Diff:  0.0, Sum:  0.0, Workers: 4
[24.286s][debug][gc,phases      ] GC(51)     Dead                           Min: 0, Avg:  0.0, Max: 0, Diff: 0, Sum: 0, Workers: 4
[24.286s][debug][gc,phases      ] GC(51)     Total                          Min: 0, Avg:  0.0, Max: 0, Diff: 0, Sum: 0, Workers: 4
[24.286s][debug][gc,phases      ] GC(51)   StringDedup Requests0 Weak     Min:  0.0, Avg:  0.0, Max:  0.0, Diff:  0.0, Sum:  0.0, Workers: 4
[24.286s][debug][gc,phases      ] GC(51)     Dead                           Min: 0, Avg:  0.0, Max: 0, Diff: 0, Sum: 0, Workers: 4
[24.286s][debug][gc,phases      ] GC(51)     Total                          Min: 0, Avg:  0.0, Max: 0, Diff: 0, Sum: 0, Workers: 4
[24.286s][debug][gc,phases      ] GC(51)   StringDedup Requests1 Weak     Min:  0.0, Avg:  0.0, Max:  0.0, Diff:  0.0, Sum:  0.0, Workers: 4
[24.286s][debug][gc,phases      ] GC(51)     Dead                           Min: 0, Avg:  0.0, Max: 0, Diff: 0, Sum: 0, Workers: 4
[24.286s][debug][gc,phases      ] GC(51)     Total                          Min: 0, Avg:  0.0, Max: 0, Diff: 0, Sum: 0, Workers: 4
[24.286s][debug][gc,phases      ] GC(51)   Weak JFR Old Object Samples    Min:  0.0, Avg:  0.0, Max:  0.0, Diff:  0.0, Sum:  0.0, Workers: 4
[24.286s][debug][gc,phases      ] GC(51)     Dead                           Min: 0, Avg:  0.0, Max: 0, Diff: 0, Sum: 0, Workers: 4
[24.286s][debug][gc,phases      ] GC(51)     Total                          Min: 0, Avg:  0.0, Max: 0, Diff: 0, Sum: 0, Workers: 4
[24.286s][debug][gc,phases      ] GC(51) Weak Processing 0.297ms
[24.286s][debug][gc,age         ] GC(51) Desired survivor size 335020032 bytes, new threshold 15 (max threshold 15)
[24.286s][info ][gc,heap        ] GC(51) PSYoungGen: 1458592K(1458688K)->13936K(1769984K) Eden: 1444864K(1444864K)->0K(1441792K) From: 13728K(13824K)->13936K(328192K)
[24.286s][info ][gc,heap        ] GC(51) ParOldGen: 369883K(470016K)->369891K(470016K)
[24.286s][info ][gc,metaspace   ] GC(51) Metaspace: 69172K(69952K)->69172K(69952K) NonClass: 59070K(59520K)->59070K(59520K) Class: 10101K(10432K)->10101K(10432K)
[24.286s][info ][gc             ] GC(51) Pause Young (Allocation Failure) 1785M->374M(2187M) 7.636ms
[24.287s][info ][gc,cpu         ] GC(51) User=0.02s Sys=0.00s Real=0.01s
[24.287s][info ][safepoint      ] Safepoint "ParallelGCFailedAllocation", Time since last: 409819174 ns, Reaching safepoint: 4413639 ns, At safepoint: 7748620 ns, Total: 12162259 ns
[24.514s][info ][safepoint      ] Safepoint "ParallelGCFailedAllocation", Time since last: 227312799 ns, Reaching safepoint: 177609 ns, At safepoint: 30602 ns, Total: 208211 ns
[24.517s][info ][gc,start       ] GC(52) Pause Young (Allocation Failure)
[24.525s][debug][gc,phases      ] GC(52) Scavenge 8.479ms
[24.525s][debug][gc,ref         ] GC(52) Skipped phase 1 of Reference Processing: no references
[24.525s][debug][gc,ref         ] GC(52) ReferenceProcessor::execute queues: 1, RefProcThreadModel::Single, marks_oops_alive: false
[24.525s][debug][gc,ref         ] GC(52) Skipped phase 3 of Reference Processing: no references
[24.525s][debug][gc,ref         ] GC(52) ReferenceProcessor::execute queues: 1, RefProcThreadModel::Single, marks_oops_alive: false
[24.525s][debug][gc,phases      ] GC(52) Reference Processing 0.117ms
[24.526s][debug][gc,phases      ] GC(52)   VM Weak                        Min:  0.0, Avg:  0.0, Max:  0.0, Diff:  0.0, Sum:  0.0, Workers: 4
[24.526s][debug][gc,phases      ] GC(52)     Dead                           Min: 0, Avg:  0.0, Max: 0, Diff: 0, Sum: 0, Workers: 4
[24.526s][debug][gc,phases      ] GC(52)     Total                          Min: 0, Avg: 149.8, Max: 535, Diff: 535, Sum: 599, Workers: 4
[24.526s][debug][gc,phases      ] GC(52)   ObjectSynchronizer Weak        Min:  0.0, Avg:  0.0, Max:  0.0, Diff:  0.0, Sum:  0.0, Workers: 4
[24.526s][debug][gc,phases      ] GC(52)     Dead                           Min: 0, Avg:  0.0, Max: 0, Diff: 0, Sum: 0, Workers: 4
[24.526s][debug][gc,phases      ] GC(52)     Total                          Min: 0, Avg: 82.2, Max: 137, Diff: 137, Sum: 329, Workers: 4
[24.526s][debug][gc,phases      ] GC(52)   JVMTI Tag Weak OopStorage      Min:  0.0, Avg:  0.0, Max:  0.0, Diff:  0.0, Sum:  0.0, Workers: 4
[24.526s][debug][gc,phases      ] GC(52)     Dead                           Min: 0, Avg:  0.0, Max: 0, Diff: 0, Sum: 0, Workers: 4
[24.526s][debug][gc,phases      ] GC(52)     Total                          Min: 0, Avg:  0.0, Max: 0, Diff: 0, Sum: 0, Workers: 4
[24.526s][debug][gc,phases      ] GC(52)   StringTable Weak               Min:  0.1, Avg:  0.1, Max:  0.1, Diff:  0.0, Sum:  0.4, Workers: 4
[24.526s][debug][gc,phases      ] GC(52)     Dead                           Min: 0, Avg:  0.0, Max: 0, Diff: 0, Sum: 0, Workers: 4
[24.526s][debug][gc,phases      ] GC(52)     Total                          Min: 10368, Avg: 10775.2, Max: 11008, Diff: 640, Sum: 43101, Workers: 4
[24.526s][debug][gc,phases      ] GC(52)   ResolvedMethodTable Weak       Min:  0.0, Avg:  0.0, Max:  0.0, Diff:  0.0, Sum:  0.1, Workers: 4
[24.526s][debug][gc,phases      ] GC(52)     Dead                           Min: 0, Avg:  0.0, Max: 0, Diff: 0, Sum: 0, Workers: 4
[24.526s][debug][gc,phases      ] GC(52)     Total                          Min: 1663, Avg: 1820.8, Max: 1920, Diff: 257, Sum: 7283, Workers: 4
[24.526s][debug][gc,phases      ] GC(52)   JNI Weak                       Min:  0.0, Avg:  0.0, Max:  0.0, Diff:  0.0, Sum:  0.0, Workers: 4
[24.526s][debug][gc,phases      ] GC(52)     Dead                           Min: 0, Avg:  0.0, Max: 0, Diff: 0, Sum: 0, Workers: 4
[24.526s][debug][gc,phases      ] GC(52)     Total                          Min: 0, Avg:  2.5, Max: 10, Diff: 10, Sum: 10, Workers: 4
[24.526s][debug][gc,phases      ] GC(52)   StringDedup Table Weak         Min:  0.0, Avg:  0.0, Max:  0.0, Diff:  0.0, Sum:  0.0, Workers: 4
[24.526s][debug][gc,phases      ] GC(52)     Dead                           Min: 0, Avg:  0.0, Max: 0, Diff: 0, Sum: 0, Workers: 4
[24.526s][debug][gc,phases      ] GC(52)     Total                          Min: 0, Avg:  0.0, Max: 0, Diff: 0, Sum: 0, Workers: 4
[24.526s][debug][gc,phases      ] GC(52)   StringDedup Requests0 Weak     Min:  0.0, Avg:  0.0, Max:  0.0, Diff:  0.0, Sum:  0.0, Workers: 4
[24.526s][debug][gc,phases      ] GC(52)     Dead                           Min: 0, Avg:  0.0, Max: 0, Diff: 0, Sum: 0, Workers: 4
[24.526s][debug][gc,phases      ] GC(52)     Total                          Min: 0, Avg:  0.0, Max: 0, Diff: 0, Sum: 0, Workers: 4
[24.526s][debug][gc,phases      ] GC(52)   StringDedup Requests1 Weak     Min:  0.0, Avg:  0.0, Max:  0.0, Diff:  0.0, Sum:  0.0, Workers: 4
[24.526s][debug][gc,phases      ] GC(52)     Dead                           Min: 0, Avg:  0.0, Max: 0, Diff: 0, Sum: 0, Workers: 4
[24.526s][debug][gc,phases      ] GC(52)     Total                          Min: 0, Avg:  0.0, Max: 0, Diff: 0, Sum: 0, Workers: 4
[24.526s][debug][gc,phases      ] GC(52)   Weak JFR Old Object Samples    Min:  0.0, Avg:  0.0, Max:  0.0, Diff:  0.0, Sum:  0.0, Workers: 4
[24.526s][debug][gc,phases      ] GC(52)     Dead                           Min: 0, Avg:  0.0, Max: 0, Diff: 0, Sum: 0, Workers: 4
[24.526s][debug][gc,phases      ] GC(52)     Total                          Min: 0, Avg:  0.0, Max: 0, Diff: 0, Sum: 0, Workers: 4
[24.526s][debug][gc,phases      ] GC(52) Weak Processing 0.305ms
[24.526s][debug][gc,age         ] GC(52) Desired survivor size 330825728 bytes, new threshold 15 (max threshold 15)
[24.526s][info ][gc,heap        ] GC(52) PSYoungGen: 1455728K(1769984K)->14416K(1768960K) Eden: 1441792K(1441792K)->0K(1441792K) From: 13936K(328192K)->14416K(327168K)
[24.526s][info ][gc,heap        ] GC(52) ParOldGen: 369908K(470016K)->369908K(470016K)
[24.526s][info ][gc,metaspace   ] GC(52) Metaspace: 69226K(69952K)->69226K(69952K) NonClass: 59124K(59520K)->59124K(59520K) Class: 10101K(10432K)->10101K(10432K)
[24.526s][info ][gc             ] GC(52) Pause Young (Allocation Failure) 1782M->375M(2186M) 9.023ms
[24.526s][info ][gc,cpu         ] GC(52) User=0.04s Sys=0.00s Real=0.01s
[24.526s][info ][safepoint      ] Safepoint "ParallelGCFailedAllocation", Time since last: 2559439 ns, Reaching safepoint: 98105 ns, At safepoint: 9105092 ns, Total: 9203197 ns
[24.822s][info ][gc,start       ] GC(53) Pause Young (Allocation Failure)
[24.829s][debug][gc,phases      ] GC(53) Scavenge 7.375ms
[24.829s][debug][gc,ref         ] GC(53) Skipped phase 1 of Reference Processing: no references
[24.829s][debug][gc,ref         ] GC(53) ReferenceProcessor::execute queues: 1, RefProcThreadModel::Single, marks_oops_alive: false
[24.829s][debug][gc,ref         ] GC(53) Skipped phase 3 of Reference Processing: no references
[24.829s][debug][gc,ref         ] GC(53) ReferenceProcessor::execute queues: 1, RefProcThreadModel::Single, marks_oops_alive: false
[24.829s][debug][gc,phases      ] GC(53) Reference Processing 0.113ms
[24.829s][debug][gc,phases      ] GC(53)   VM Weak                        Min:  0.0, Avg:  0.0, Max:  0.0, Diff:  0.0, Sum:  0.0, Workers: 4
[24.829s][debug][gc,phases      ] GC(53)     Dead                           Min: 0, Avg:  0.0, Max: 0, Diff: 0, Sum: 0, Workers: 4
[24.829s][debug][gc,phases      ] GC(53)     Total                          Min: 0, Avg: 149.8, Max: 599, Diff: 599, Sum: 599, Workers: 4
[24.829s][debug][gc,phases      ] GC(53)   ObjectSynchronizer Weak        Min:  0.0, Avg:  0.0, Max:  0.0, Diff:  0.0, Sum:  0.0, Workers: 4
[24.829s][debug][gc,phases      ] GC(53)     Dead                           Min: 0, Avg:  0.0, Max: 0, Diff: 0, Sum: 0, Workers: 4
[24.829s][debug][gc,phases      ] GC(53)     Total                          Min: 0, Avg: 82.2, Max: 128, Diff: 128, Sum: 329, Workers: 4
[24.829s][debug][gc,phases      ] GC(53)   JVMTI Tag Weak OopStorage      Min:  0.0, Avg:  0.0, Max:  0.0, Diff:  0.0, Sum:  0.0, Workers: 4
[24.829s][debug][gc,phases      ] GC(53)     Dead                           Min: 0, Avg:  0.0, Max: 0, Diff: 0, Sum: 0, Workers: 4
[24.829s][debug][gc,phases      ] GC(53)     Total                          Min: 0, Avg:  0.0, Max: 0, Diff: 0, Sum: 0, Workers: 4
[24.829s][debug][gc,phases      ] GC(53)   StringTable Weak               Min:  0.1, Avg:  0.1, Max:  0.1, Diff:  0.0, Sum:  0.4, Workers: 4
[24.829s][debug][gc,phases      ] GC(53)     Dead                           Min: 0, Avg:  0.0, Max: 0, Diff: 0, Sum: 0, Workers: 4
[24.829s][debug][gc,phases      ] GC(53)     Total                          Min: 9636, Avg: 10777.0, Max: 12544, Diff: 2908, Sum: 43108, Workers: 4
[24.829s][debug][gc,phases      ] GC(53)   ResolvedMethodTable Weak       Min:  0.0, Avg:  0.0, Max:  0.0, Diff:  0.0, Sum:  0.1, Workers: 4
[24.829s][debug][gc,phases      ] GC(53)     Dead                           Min: 0, Avg:  0.0, Max: 0, Diff: 0, Sum: 0, Workers: 4
[24.829s][debug][gc,phases      ] GC(53)     Total                          Min: 1535, Avg: 1820.8, Max: 2102, Diff: 567, Sum: 7283, Workers: 4
[24.829s][debug][gc,phases      ] GC(53)   JNI Weak                       Min:  0.0, Avg:  0.0, Max:  0.0, Diff:  0.0, Sum:  0.0, Workers: 4
[24.829s][debug][gc,phases      ] GC(53)     Dead                           Min: 0, Avg:  0.0, Max: 0, Diff: 0, Sum: 0, Workers: 4
[24.829s][debug][gc,phases      ] GC(53)     Total                          Min: 0, Avg:  0.0, Max: 0, Diff: 0, Sum: 0, Workers: 4
[24.829s][debug][gc,phases      ] GC(53)   StringDedup Table Weak         Min:  0.0, Avg:  0.0, Max:  0.0, Diff:  0.0, Sum:  0.0, Workers: 4
[24.829s][debug][gc,phases      ] GC(53)     Dead                           Min: 0, Avg:  0.0, Max: 0, Diff: 0, Sum: 0, Workers: 4
[24.829s][debug][gc,phases      ] GC(53)     Total                          Min: 0, Avg:  0.0, Max: 0, Diff: 0, Sum: 0, Workers: 4
[24.829s][debug][gc,phases      ] GC(53)   StringDedup Requests0 Weak     Min:  0.0, Avg:  0.0, Max:  0.0, Diff:  0.0, Sum:  0.0, Workers: 4
[24.829s][debug][gc,phases      ] GC(53)     Dead                           Min: 0, Avg:  0.0, Max: 0, Diff: 0, Sum: 0, Workers: 4
[24.829s][debug][gc,phases      ] GC(53)     Total                          Min: 0, Avg:  0.0, Max: 0, Diff: 0, Sum: 0, Workers: 4
[24.829s][debug][gc,phases      ] GC(53)   StringDedup Requests1 Weak     Min:  0.0, Avg:  0.0, Max:  0.0, Diff:  0.0, Sum:  0.0, Workers: 4
[24.829s][debug][gc,phases      ] GC(53)     Dead                           Min: 0, Avg:  0.0, Max: 0, Diff: 0, Sum: 0, Workers: 4
[24.829s][debug][gc,phases      ] GC(53)     Total                          Min: 0, Avg:  0.0, Max: 0, Diff: 0, Sum: 0, Workers: 4
[24.829s][debug][gc,phases      ] GC(53)   Weak JFR Old Object Samples    Min:  0.0, Avg:  0.0, Max:  0.0, Diff:  0.0, Sum:  0.0, Workers: 4
[24.829s][debug][gc,phases      ] GC(53)     Dead                           Min: 0, Avg:  0.0, Max: 0, Diff: 0, Sum: 0, Workers: 4
[24.829s][debug][gc,phases      ] GC(53)     Total                          Min: 0, Avg:  0.0, Max: 0, Diff: 0, Sum: 0, Workers: 4
[24.829s][debug][gc,phases      ] GC(53) Weak Processing 0.310ms
[24.829s][debug][gc,age         ] GC(53) Desired survivor size 324009984 bytes, new threshold 15 (max threshold 15)
[24.829s][info ][gc,heap        ] GC(53) PSYoungGen: 1456208K(1768960K)->14192K(1780736K) Eden: 1441792K(1441792K)->0K(1457664K) From: 14416K(327168K)->14192K(323072K)
[24.829s][info ][gc,heap        ] GC(53) ParOldGen: 369908K(470016K)->369908K(470016K)
[24.829s][info ][gc,metaspace   ] GC(53) Metaspace: 69275K(70016K)->69275K(70016K) NonClass: 59173K(59584K)->59173K(59584K) Class: 10102K(10432K)->10102K(10432K)
[24.829s][info ][gc             ] GC(53) Pause Young (Allocation Failure) 1783M->375M(2198M) 7.935ms
[24.830s][info ][gc,cpu         ] GC(53) User=0.03s Sys=0.00s Real=0.01s
[24.830s][info ][safepoint      ] Safepoint "ParallelGCFailedAllocation", Time since last: 295502089 ns, Reaching safepoint: 168609 ns, At safepoint: 8039435 ns, Total: 8208044 ns
[25.011s][info ][safepoint      ] Safepoint "ICBufferFull", Time since last: 181118700 ns, Reaching safepoint: 261614 ns, At safepoint: 31702 ns, Total: 293316 ns
[25.125s][info ][gc,start       ] GC(54) Pause Young (Allocation Failure)
[25.132s][debug][gc,phases      ] GC(54) Scavenge 7.459ms
[25.132s][debug][gc,ref         ] GC(54) Skipped phase 1 of Reference Processing: no references
[25.132s][debug][gc,ref         ] GC(54) ReferenceProcessor::execute queues: 1, RefProcThreadModel::Single, marks_oops_alive: false
[25.132s][debug][gc,ref         ] GC(54) Skipped phase 3 of Reference Processing: no references
[25.132s][debug][gc,ref         ] GC(54) ReferenceProcessor::execute queues: 1, RefProcThreadModel::Single, marks_oops_alive: false
[25.132s][debug][gc,phases      ] GC(54) Reference Processing 0.129ms
[25.133s][debug][gc,phases      ] GC(54)   VM Weak                        Min:  0.0, Avg:  0.0, Max:  0.0, Diff:  0.0, Sum:  0.0, Workers: 4
[25.133s][debug][gc,phases      ] GC(54)     Dead                           Min: 0, Avg:  0.0, Max: 0, Diff: 0, Sum: 0, Workers: 4
[25.133s][debug][gc,phases      ] GC(54)     Total                          Min: 0, Avg: 149.8, Max: 320, Diff: 320, Sum: 599, Workers: 4
[25.133s][debug][gc,phases      ] GC(54)   ObjectSynchronizer Weak        Min:  0.0, Avg:  0.0, Max:  0.0, Diff:  0.0, Sum:  0.0, Workers: 4
[25.133s][debug][gc,phases      ] GC(54)     Dead                           Min: 0, Avg:  0.0, Max: 0, Diff: 0, Sum: 0, Workers: 4
[25.133s][debug][gc,phases      ] GC(54)     Total                          Min: 0, Avg: 82.2, Max: 201, Diff: 201, Sum: 329, Workers: 4
[25.133s][debug][gc,phases      ] GC(54)   JVMTI Tag Weak OopStorage      Min:  0.0, Avg:  0.0, Max:  0.0, Diff:  0.0, Sum:  0.0, Workers: 4
[25.133s][debug][gc,phases      ] GC(54)     Dead                           Min: 0, Avg:  0.0, Max: 0, Diff: 0, Sum: 0, Workers: 4
[25.133s][debug][gc,phases      ] GC(54)     Total                          Min: 0, Avg:  0.0, Max: 0, Diff: 0, Sum: 0, Workers: 4
[25.133s][debug][gc,phases      ] GC(54)   StringTable Weak               Min:  0.1, Avg:  0.1, Max:  0.1, Diff:  0.0, Sum:  0.4, Workers: 4
[25.133s][debug][gc,phases      ] GC(54)     Dead                           Min: 0, Avg:  0.0, Max: 0, Diff: 0, Sum: 0, Workers: 4
[25.133s][debug][gc,phases      ] GC(54)     Total                          Min: 9961, Avg: 10778.2, Max: 11776, Diff: 1815, Sum: 43113, Workers: 4
[25.133s][debug][gc,phases      ] GC(54)   ResolvedMethodTable Weak       Min:  0.0, Avg:  0.0, Max:  0.0, Diff:  0.0, Sum:  0.1, Workers: 4
[25.133s][debug][gc,phases      ] GC(54)     Dead                           Min: 0, Avg:  0.0, Max: 0, Diff: 0, Sum: 0, Workers: 4
[25.133s][debug][gc,phases      ] GC(54)     Total                          Min: 1526, Avg: 1820.8, Max: 2046, Diff: 520, Sum: 7283, Workers: 4
[25.133s][debug][gc,phases      ] GC(54)   JNI Weak                       Min:  0.0, Avg:  0.0, Max:  0.0, Diff:  0.0, Sum:  0.0, Workers: 4
[25.133s][debug][gc,phases      ] GC(54)     Dead                           Min: 0, Avg:  0.0, Max: 0, Diff: 0, Sum: 0, Workers: 4
[25.133s][debug][gc,phases      ] GC(54)     Total                          Min: 0, Avg:  0.0, Max: 0, Diff: 0, Sum: 0, Workers: 4
[25.133s][debug][gc,phases      ] GC(54)   StringDedup Table Weak         Min:  0.0, Avg:  0.0, Max:  0.0, Diff:  0.0, Sum:  0.0, Workers: 4
[25.133s][debug][gc,phases      ] GC(54)     Dead                           Min: 0, Avg:  0.0, Max: 0, Diff: 0, Sum: 0, Workers: 4
[25.133s][debug][gc,phases      ] GC(54)     Total                          Min: 0, Avg:  0.0, Max: 0, Diff: 0, Sum: 0, Workers: 4
[25.133s][debug][gc,phases      ] GC(54)   StringDedup Requests0 Weak     Min:  0.0, Avg:  0.0, Max:  0.0, Diff:  0.0, Sum:  0.0, Workers: 4
[25.133s][debug][gc,phases      ] GC(54)     Dead                           Min: 0, Avg:  0.0, Max: 0, Diff: 0, Sum: 0, Workers: 4
[25.133s][debug][gc,phases      ] GC(54)     Total                          Min: 0, Avg:  0.0, Max: 0, Diff: 0, Sum: 0, Workers: 4
[25.133s][debug][gc,phases      ] GC(54)   StringDedup Requests1 Weak     Min:  0.0, Avg:  0.0, Max:  0.0, Diff:  0.0, Sum:  0.0, Workers: 4
[25.133s][debug][gc,phases      ] GC(54)     Dead                           Min: 0, Avg:  0.0, Max: 0, Diff: 0, Sum: 0, Workers: 4
[25.133s][debug][gc,phases      ] GC(54)     Total                          Min: 0, Avg:  0.0, Max: 0, Diff: 0, Sum: 0, Workers: 4
[25.133s][debug][gc,phases      ] GC(54)   Weak JFR Old Object Samples    Min:  0.0, Avg:  0.0, Max:  0.0, Diff:  0.0, Sum:  0.0, Workers: 4
[25.133s][debug][gc,phases      ] GC(54)     Dead                           Min: 0, Avg:  0.0, Max: 0, Diff: 0, Sum: 0, Workers: 4
[25.133s][debug][gc,phases      ] GC(54)     Total                          Min: 0, Avg:  0.0, Max: 0, Diff: 0, Sum: 0, Workers: 4
[25.133s][debug][gc,phases      ] GC(54) Weak Processing 0.294ms
[25.133s][debug][gc,age         ] GC(54) Desired survivor size 315621376 bytes, new threshold 15 (max threshold 15)
[25.133s][info ][gc,heap        ] GC(54) PSYoungGen: 1471856K(1780736K)->14208K(1774080K) Eden: 1457664K(1457664K)->0K(1457664K) From: 14192K(323072K)->14208K(316416K)
[25.133s][info ][gc,heap        ] GC(54) ParOldGen: 369908K(470016K)->369916K(470016K)
[25.133s][info ][gc,metaspace   ] GC(54) Metaspace: 69316K(70016K)->69316K(70016K) NonClass: 59214K(59584K)->59214K(59584K) Class: 10102K(10432K)->10102K(10432K)
[25.133s][info ][gc             ] GC(54) Pause Young (Allocation Failure) 1798M->375M(2191M) 8.035ms
[25.133s][info ][gc,cpu         ] GC(54) User=0.03s Sys=0.00s Real=0.01s
[25.133s][info ][safepoint      ] Safepoint "ParallelGCFailedAllocation", Time since last: 113470840 ns, Reaching safepoint: 157008 ns, At safepoint: 8146641 ns, Total: 8303649 ns
[25.431s][info ][gc,start       ] GC(55) Pause Young (Allocation Failure)
[25.439s][debug][gc,phases      ] GC(55) Scavenge 8.092ms
[25.439s][debug][gc,ref         ] GC(55) Skipped phase 1 of Reference Processing: no references
[25.439s][debug][gc,ref         ] GC(55) ReferenceProcessor::execute queues: 1, RefProcThreadModel::Single, marks_oops_alive: false
[25.439s][debug][gc,ref         ] GC(55) Skipped phase 3 of Reference Processing: no references
[25.439s][debug][gc,ref         ] GC(55) ReferenceProcessor::execute queues: 1, RefProcThreadModel::Single, marks_oops_alive: false
[25.439s][debug][gc,phases      ] GC(55) Reference Processing 0.115ms
[25.439s][debug][gc,phases      ] GC(55)   VM Weak                        Min:  0.0, Avg:  0.0, Max:  0.0, Diff:  0.0, Sum:  0.0, Workers: 4
[25.439s][debug][gc,phases      ] GC(55)     Dead                           Min: 0, Avg:  0.0, Max: 0, Diff: 0, Sum: 0, Workers: 4
[25.439s][debug][gc,phases      ] GC(55)     Total                          Min: 0, Avg: 149.8, Max: 599, Diff: 599, Sum: 599, Workers: 4
[25.439s][debug][gc,phases      ] GC(55)   ObjectSynchronizer Weak        Min:  0.0, Avg:  0.0, Max:  0.0, Diff:  0.0, Sum:  0.0, Workers: 4
[25.439s][debug][gc,phases      ] GC(55)     Dead                           Min: 0, Avg:  0.0, Max: 0, Diff: 0, Sum: 0, Workers: 4
[25.439s][debug][gc,phases      ] GC(55)     Total                          Min: 0, Avg: 82.2, Max: 192, Diff: 192, Sum: 329, Workers: 4
[25.439s][debug][gc,phases      ] GC(55)   JVMTI Tag Weak OopStorage      Min:  0.0, Avg:  0.0, Max:  0.0, Diff:  0.0, Sum:  0.0, Workers: 4
[25.439s][debug][gc,phases      ] GC(55)     Dead                           Min: 0, Avg:  0.0, Max: 0, Diff: 0, Sum: 0, Workers: 4
[25.440s][debug][gc,phases      ] GC(55)     Total                          Min: 0, Avg:  0.0, Max: 0, Diff: 0, Sum: 0, Workers: 4
[25.440s][debug][gc,phases      ] GC(55)   StringTable Weak               Min:  0.1, Avg:  0.1, Max:  0.1, Diff:  0.0, Sum:  0.4, Workers: 4
[25.440s][debug][gc,phases      ] GC(55)     Dead                           Min: 0, Avg:  0.0, Max: 0, Diff: 0, Sum: 0, Workers: 4
[25.440s][debug][gc,phases      ] GC(55)     Total                          Min: 10240, Avg: 10778.5, Max: 11328, Diff: 1088, Sum: 43114, Workers: 4
[25.440s][debug][gc,phases      ] GC(55)   ResolvedMethodTable Weak       Min:  0.0, Avg:  0.0, Max:  0.0, Diff:  0.0, Sum:  0.1, Workers: 4
[25.440s][debug][gc,phases      ] GC(55)     Dead                           Min: 0, Avg:  0.0, Max: 0, Diff: 0, Sum: 0, Workers: 4
[25.440s][debug][gc,phases      ] GC(55)     Total                          Min: 1653, Avg: 1820.8, Max: 1984, Diff: 331, Sum: 7283, Workers: 4
[25.440s][debug][gc,phases      ] GC(55)   JNI Weak                       Min:  0.0, Avg:  0.0, Max:  0.0, Diff:  0.0, Sum:  0.0, Workers: 4
[25.440s][debug][gc,phases      ] GC(55)     Dead                           Min: 0, Avg:  0.0, Max: 0, Diff: 0, Sum: 0, Workers: 4
[25.440s][debug][gc,phases      ] GC(55)     Total                          Min: 0, Avg:  1.2, Max: 5, Diff: 5, Sum: 5, Workers: 4
[25.440s][debug][gc,phases      ] GC(55)   StringDedup Table Weak         Min:  0.0, Avg:  0.0, Max:  0.0, Diff:  0.0, Sum:  0.0, Workers: 4
[25.440s][debug][gc,phases      ] GC(55)     Dead                           Min: 0, Avg:  0.0, Max: 0, Diff: 0, Sum: 0, Workers: 4
[25.440s][debug][gc,phases      ] GC(55)     Total                          Min: 0, Avg:  0.0, Max: 0, Diff: 0, Sum: 0, Workers: 4
[25.440s][debug][gc,phases      ] GC(55)   StringDedup Requests0 Weak     Min:  0.0, Avg:  0.0, Max:  0.0, Diff:  0.0, Sum:  0.0, Workers: 4
[25.440s][debug][gc,phases      ] GC(55)     Dead                           Min: 0, Avg:  0.0, Max: 0, Diff: 0, Sum: 0, Workers: 4
[25.440s][debug][gc,phases      ] GC(55)     Total                          Min: 0, Avg:  0.0, Max: 0, Diff: 0, Sum: 0, Workers: 4
[25.440s][debug][gc,phases      ] GC(55)   StringDedup Requests1 Weak     Min:  0.0, Avg:  0.0, Max:  0.0, Diff:  0.0, Sum:  0.0, Workers: 4
[25.440s][debug][gc,phases      ] GC(55)     Dead                           Min: 0, Avg:  0.0, Max: 0, Diff: 0, Sum: 0, Workers: 4
[25.440s][debug][gc,phases      ] GC(55)     Total                          Min: 0, Avg:  0.0, Max: 0, Diff: 0, Sum: 0, Workers: 4
[25.440s][debug][gc,phases      ] GC(55)   Weak JFR Old Object Samples    Min:  0.0, Avg:  0.0, Max:  0.0, Diff:  0.0, Sum:  0.0, Workers: 4
[25.440s][debug][gc,phases      ] GC(55)     Dead                           Min: 0, Avg:  0.0, Max: 0, Diff: 0, Sum: 0, Workers: 4
[25.440s][debug][gc,phases      ] GC(55)     Total                          Min: 0, Avg:  0.0, Max: 0, Diff: 0, Sum: 0, Workers: 4
[25.440s][debug][gc,phases      ] GC(55) Weak Processing 0.306ms
[25.440s][debug][gc,age         ] GC(55) Desired survivor size 305659904 bytes, new threshold 15 (max threshold 15)
[25.440s][info ][gc,heap        ] GC(55) PSYoungGen: 1471872K(1774080K)->14416K(1798656K) Eden: 1457664K(1457664K)->0K(1490432K) From: 14208K(316416K)->14416K(308224K)
[25.440s][info ][gc,heap        ] GC(55) ParOldGen: 369916K(470016K)->369924K(470016K)
[25.440s][info ][gc,metaspace   ] GC(55) Metaspace: 69344K(70080K)->69344K(70080K) NonClass: 59242K(59648K)->59242K(59648K) Class: 10102K(10432K)->10102K(10432K)
[25.440s][info ][gc             ] GC(55) Pause Young (Allocation Failure) 1798M->375M(2215M) 8.645ms
[25.440s][info ][gc,cpu         ] GC(55) User=0.04s Sys=0.00s Real=0.01s
[25.440s][info ][safepoint      ] Safepoint "ParallelGCFailedAllocation", Time since last: 298061727 ns, Reaching safepoint: 162909 ns, At safepoint: 8753874 ns, Total: 8916783 ns
[25.750s][info ][gc,start       ] GC(56) Pause Young (Allocation Failure)
[25.758s][debug][gc,phases      ] GC(56) Scavenge 7.131ms
[25.758s][debug][gc,ref         ] GC(56) Skipped phase 1 of Reference Processing: no references
[25.758s][debug][gc,ref         ] GC(56) ReferenceProcessor::execute queues: 1, RefProcThreadModel::Single, marks_oops_alive: false
[25.758s][debug][gc,ref         ] GC(56) Skipped phase 3 of Reference Processing: no references
[25.758s][debug][gc,ref         ] GC(56) ReferenceProcessor::execute queues: 1, RefProcThreadModel::Single, marks_oops_alive: false
[25.758s][debug][gc,phases      ] GC(56) Reference Processing 0.134ms
[25.758s][debug][gc,phases      ] GC(56)   VM Weak                        Min:  0.0, Avg:  0.0, Max:  0.0, Diff:  0.0, Sum:  0.0, Workers: 4
[25.758s][debug][gc,phases      ] GC(56)     Dead                           Min: 0, Avg:  0.0, Max: 0, Diff: 0, Sum: 0, Workers: 4
[25.758s][debug][gc,phases      ] GC(56)     Total                          Min: 0, Avg: 149.8, Max: 599, Diff: 599, Sum: 599, Workers: 4
[25.758s][debug][gc,phases      ] GC(56)   ObjectSynchronizer Weak        Min:  0.0, Avg:  0.0, Max:  0.0, Diff:  0.0, Sum:  0.0, Workers: 4
[25.758s][debug][gc,phases      ] GC(56)     Dead                           Min: 0, Avg:  0.0, Max: 0, Diff: 0, Sum: 0, Workers: 4
[25.758s][debug][gc,phases      ] GC(56)     Total                          Min: 0, Avg: 82.2, Max: 201, Diff: 201, Sum: 329, Workers: 4
[25.758s][debug][gc,phases      ] GC(56)   JVMTI Tag Weak OopStorage      Min:  0.0, Avg:  0.0, Max:  0.0, Diff:  0.0, Sum:  0.0, Workers: 4
[25.758s][debug][gc,phases      ] GC(56)     Dead                           Min: 0, Avg:  0.0, Max: 0, Diff: 0, Sum: 0, Workers: 4
[25.758s][debug][gc,phases      ] GC(56)     Total                          Min: 0, Avg:  0.0, Max: 0, Diff: 0, Sum: 0, Workers: 4
[25.758s][debug][gc,phases      ] GC(56)   StringTable Weak               Min:  0.1, Avg:  0.1, Max:  0.1, Diff:  0.0, Sum:  0.4, Workers: 4
[25.758s][debug][gc,phases      ] GC(56)     Dead                           Min: 0, Avg:  0.0, Max: 0, Diff: 0, Sum: 0, Workers: 4
[25.758s][debug][gc,phases      ] GC(56)     Total                          Min: 9600, Avg: 10778.5, Max: 11904, Diff: 2304, Sum: 43114, Workers: 4
[25.758s][debug][gc,phases      ] GC(56)   ResolvedMethodTable Weak       Min:  0.0, Avg:  0.0, Max:  0.0, Diff:  0.0, Sum:  0.1, Workers: 4
[25.758s][debug][gc,phases      ] GC(56)     Dead                           Min: 0, Avg:  0.0, Max: 0, Diff: 0, Sum: 0, Workers: 4
[25.758s][debug][gc,phases      ] GC(56)     Total                          Min: 1663, Avg: 1820.8, Max: 1974, Diff: 311, Sum: 7283, Workers: 4
[25.758s][debug][gc,phases      ] GC(56)   JNI Weak                       Min:  0.0, Avg:  0.0, Max:  0.0, Diff:  0.0, Sum:  0.0, Workers: 4
[25.758s][debug][gc,phases      ] GC(56)     Dead                           Min: 0, Avg:  0.0, Max: 0, Diff: 0, Sum: 0, Workers: 4
[25.758s][debug][gc,phases      ] GC(56)     Total                          Min: 0, Avg:  1.0, Max: 4, Diff: 4, Sum: 4, Workers: 4
[25.758s][debug][gc,phases      ] GC(56)   StringDedup Table Weak         Min:  0.0, Avg:  0.0, Max:  0.0, Diff:  0.0, Sum:  0.0, Workers: 4
[25.758s][debug][gc,phases      ] GC(56)     Dead                           Min: 0, Avg:  0.0, Max: 0, Diff: 0, Sum: 0, Workers: 4
[25.758s][debug][gc,phases      ] GC(56)     Total                          Min: 0, Avg:  0.0, Max: 0, Diff: 0, Sum: 0, Workers: 4
[25.758s][debug][gc,phases      ] GC(56)   StringDedup Requests0 Weak     Min:  0.0, Avg:  0.0, Max:  0.0, Diff:  0.0, Sum:  0.0, Workers: 4
[25.758s][debug][gc,phases      ] GC(56)     Dead                           Min: 0, Avg:  0.0, Max: 0, Diff: 0, Sum: 0, Workers: 4
[25.758s][debug][gc,phases      ] GC(56)     Total                          Min: 0, Avg:  0.0, Max: 0, Diff: 0, Sum: 0, Workers: 4
[25.758s][debug][gc,phases      ] GC(56)   StringDedup Requests1 Weak     Min:  0.0, Avg:  0.0, Max:  0.0, Diff:  0.0, Sum:  0.0, Workers: 4
[25.758s][debug][gc,phases      ] GC(56)     Dead                           Min: 0, Avg:  0.0, Max: 0, Diff: 0, Sum: 0, Workers: 4
[25.758s][debug][gc,phases      ] GC(56)     Total                          Min: 0, Avg:  0.0, Max: 0, Diff: 0, Sum: 0, Workers: 4
[25.758s][debug][gc,phases      ] GC(56)   Weak JFR Old Object Samples    Min:  0.0, Avg:  0.0, Max:  0.0, Diff:  0.0, Sum:  0.0, Workers: 4
[25.758s][debug][gc,phases      ] GC(56)     Dead                           Min: 0, Avg:  0.0, Max: 0, Diff: 0, Sum: 0, Workers: 4
[25.758s][debug][gc,phases      ] GC(56)     Total                          Min: 0, Avg:  0.0, Max: 0, Diff: 0, Sum: 0, Workers: 4
[25.758s][debug][gc,phases      ] GC(56) Weak Processing 0.385ms
[25.758s][debug][gc,age         ] GC(56) Desired survivor size 294649856 bytes, new threshold 15 (max threshold 15)
[25.758s][info ][gc,heap        ] GC(56) PSYoungGen: 1504848K(1798656K)->14592K(1788928K) Eden: 1490432K(1490432K)->0K(1490432K) From: 14416K(308224K)->14592K(298496K)
[25.758s][info ][gc,heap        ] GC(56) ParOldGen: 369924K(470016K)->369924K(470016K)
[25.758s][info ][gc,metaspace   ] GC(56) Metaspace: 69353K(70144K)->69353K(70144K) NonClass: 59251K(59712K)->59251K(59712K) Class: 10102K(10432K)->10102K(10432K)
[25.758s][info ][gc             ] GC(56) Pause Young (Allocation Failure) 1830M->375M(2206M) 7.805ms
[25.758s][info ][gc,cpu         ] GC(56) User=0.03s Sys=0.00s Real=0.01s
[25.758s][info ][safepoint      ] Safepoint "ParallelGCFailedAllocation", Time since last: 310604506 ns, Reaching safepoint: 129407 ns, At safepoint: 7934729 ns, Total: 8064136 ns
[26.039s][info ][gc,start       ] GC(57) Pause Young (Allocation Failure)
[26.047s][debug][gc,phases      ] GC(57) Scavenge 7.596ms
[26.047s][debug][gc,ref         ] GC(57) Skipped phase 1 of Reference Processing: no references
[26.047s][debug][gc,ref         ] GC(57) ReferenceProcessor::execute queues: 1, RefProcThreadModel::Single, marks_oops_alive: false
[26.047s][debug][gc,ref         ] GC(57) Skipped phase 3 of Reference Processing: no references
[26.047s][debug][gc,ref         ] GC(57) ReferenceProcessor::execute queues: 1, RefProcThreadModel::Single, marks_oops_alive: false
[26.047s][debug][gc,phases      ] GC(57) Reference Processing 0.107ms
[26.047s][debug][gc,phases      ] GC(57)   VM Weak                        Min:  0.0, Avg:  0.0, Max:  0.0, Diff:  0.0, Sum:  0.0, Workers: 4
[26.047s][debug][gc,phases      ] GC(57)     Dead                           Min: 0, Avg:  0.0, Max: 0, Diff: 0, Sum: 0, Workers: 4
[26.047s][debug][gc,phases      ] GC(57)     Total                          Min: 0, Avg: 149.8, Max: 215, Diff: 215, Sum: 599, Workers: 4
[26.047s][debug][gc,phases      ] GC(57)   ObjectSynchronizer Weak        Min:  0.0, Avg:  0.0, Max:  0.0, Diff:  0.0, Sum:  0.0, Workers: 4
[26.047s][debug][gc,phases      ] GC(57)     Dead                           Min: 0, Avg:  0.0, Max: 0, Diff: 0, Sum: 0, Workers: 4
[26.047s][debug][gc,phases      ] GC(57)     Total                          Min: 0, Avg: 82.2, Max: 128, Diff: 128, Sum: 329, Workers: 4
[26.047s][debug][gc,phases      ] GC(57)   JVMTI Tag Weak OopStorage      Min:  0.0, Avg:  0.0, Max:  0.0, Diff:  0.0, Sum:  0.0, Workers: 4
[26.047s][debug][gc,phases      ] GC(57)     Dead                           Min: 0, Avg:  0.0, Max: 0, Diff: 0, Sum: 0, Workers: 4
[26.047s][debug][gc,phases      ] GC(57)     Total                          Min: 0, Avg:  0.0, Max: 0, Diff: 0, Sum: 0, Workers: 4
[26.047s][debug][gc,phases      ] GC(57)   StringTable Weak               Min:  0.1, Avg:  0.1, Max:  0.1, Diff:  0.0, Sum:  0.4, Workers: 4
[26.047s][debug][gc,phases      ] GC(57)     Dead                           Min: 0, Avg:  0.0, Max: 0, Diff: 0, Sum: 0, Workers: 4
[26.047s][debug][gc,phases      ] GC(57)     Total                          Min: 9854, Avg: 10783.5, Max: 12352, Diff: 2498, Sum: 43134, Workers: 4
[26.047s][debug][gc,phases      ] GC(57)   ResolvedMethodTable Weak       Min:  0.0, Avg:  0.0, Max:  0.0, Diff:  0.0, Sum:  0.1, Workers: 4
[26.047s][debug][gc,phases      ] GC(57)     Dead                           Min: 0, Avg:  0.0, Max: 0, Diff: 0, Sum: 0, Workers: 4
[26.047s][debug][gc,phases      ] GC(57)     Total                          Min: 1536, Avg: 1820.8, Max: 2239, Diff: 703, Sum: 7283, Workers: 4
[26.047s][debug][gc,phases      ] GC(57)   JNI Weak                       Min:  0.0, Avg:  0.0, Max:  0.0, Diff:  0.0, Sum:  0.0, Workers: 4
[26.047s][debug][gc,phases      ] GC(57)     Dead                           Min: 0, Avg:  0.0, Max: 0, Diff: 0, Sum: 0, Workers: 4
[26.048s][debug][gc,phases      ] GC(57)     Total                          Min: 0, Avg:  0.0, Max: 0, Diff: 0, Sum: 0, Workers: 4
[26.048s][debug][gc,phases      ] GC(57)   StringDedup Table Weak         Min:  0.0, Avg:  0.0, Max:  0.0, Diff:  0.0, Sum:  0.0, Workers: 4
[26.048s][debug][gc,phases      ] GC(57)     Dead                           Min: 0, Avg:  0.0, Max: 0, Diff: 0, Sum: 0, Workers: 4
[26.048s][debug][gc,phases      ] GC(57)     Total                          Min: 0, Avg:  0.0, Max: 0, Diff: 0, Sum: 0, Workers: 4
[26.048s][debug][gc,phases      ] GC(57)   StringDedup Requests0 Weak     Min:  0.0, Avg:  0.0, Max:  0.0, Diff:  0.0, Sum:  0.0, Workers: 4
[26.048s][debug][gc,phases      ] GC(57)     Dead                           Min: 0, Avg:  0.0, Max: 0, Diff: 0, Sum: 0, Workers: 4
[26.048s][debug][gc,phases      ] GC(57)     Total                          Min: 0, Avg:  0.0, Max: 0, Diff: 0, Sum: 0, Workers: 4
[26.048s][debug][gc,phases      ] GC(57)   StringDedup Requests1 Weak     Min:  0.0, Avg:  0.0, Max:  0.0, Diff:  0.0, Sum:  0.0, Workers: 4
[26.048s][debug][gc,phases      ] GC(57)     Dead                           Min: 0, Avg:  0.0, Max: 0, Diff: 0, Sum: 0, Workers: 4
[26.048s][debug][gc,phases      ] GC(57)     Total                          Min: 0, Avg:  0.0, Max: 0, Diff: 0, Sum: 0, Workers: 4
[26.048s][debug][gc,phases      ] GC(57)   Weak JFR Old Object Samples    Min:  0.0, Avg:  0.0, Max:  0.0, Diff:  0.0, Sum:  0.0, Workers: 4
[26.048s][debug][gc,phases      ] GC(57)     Dead                           Min: 0, Avg:  0.0, Max: 0, Diff: 0, Sum: 0, Workers: 4
[26.048s][debug][gc,phases      ] GC(57)     Total                          Min: 0, Avg:  0.0, Max: 0, Diff: 0, Sum: 0, Workers: 4
[26.048s][debug][gc,phases      ] GC(57) Weak Processing 0.293ms
[26.048s][debug][gc,age         ] GC(57) Desired survivor size 283115520 bytes, new threshold 15 (max threshold 15)
[26.048s][info ][gc,heap        ] GC(57) PSYoungGen: 1505024K(1788928K)->14640K(1820672K) Eden: 1490432K(1490432K)->0K(1532928K) From: 14592K(298496K)->14640K(287744K)
[26.048s][info ][gc,heap        ] GC(57) ParOldGen: 369924K(470016K)->369932K(470016K)
[26.048s][info ][gc,metaspace   ] GC(57) Metaspace: 69396K(70144K)->69396K(70144K) NonClass: 59294K(59712K)->59294K(59712K) Class: 10102K(10432K)->10102K(10432K)
[26.048s][info ][gc             ] GC(57) Pause Young (Allocation Failure) 1831M->375M(2237M) 8.128ms
[26.048s][info ][gc,cpu         ] GC(57) User=0.03s Sys=0.00s Real=0.01s
[26.048s][info ][safepoint      ] Safepoint "ParallelGCFailedAllocation", Time since last: 280364270 ns, Reaching safepoint: 684537 ns, At safepoint: 8235746 ns, Total: 8920283 ns
[26.333s][info ][gc,start       ] GC(58) Pause Young (Allocation Failure)
[26.342s][debug][gc,phases      ] GC(58) Scavenge 8.586ms
[26.342s][debug][gc,ref         ] GC(58) Skipped phase 1 of Reference Processing: no references
[26.342s][debug][gc,ref         ] GC(58) ReferenceProcessor::execute queues: 1, RefProcThreadModel::Single, marks_oops_alive: false
[26.342s][debug][gc,ref         ] GC(58) Skipped phase 3 of Reference Processing: no references
[26.342s][debug][gc,ref         ] GC(58) ReferenceProcessor::execute queues: 1, RefProcThreadModel::Single, marks_oops_alive: false
[26.342s][debug][gc,phases      ] GC(58) Reference Processing 0.163ms
[26.342s][debug][gc,phases      ] GC(58)   VM Weak                        Min:  0.0, Avg:  0.0, Max:  0.0, Diff:  0.0, Sum:  0.0, Workers: 4
[26.342s][debug][gc,phases      ] GC(58)     Dead                           Min: 0, Avg:  0.0, Max: 0, Diff: 0, Sum: 0, Workers: 4
[26.342s][debug][gc,phases      ] GC(58)     Total                          Min: 0, Avg: 150.0, Max: 344, Diff: 344, Sum: 600, Workers: 4
[26.342s][debug][gc,phases      ] GC(58)   ObjectSynchronizer Weak        Min:  0.0, Avg:  0.0, Max:  0.0, Diff:  0.0, Sum:  0.0, Workers: 4
[26.342s][debug][gc,phases      ] GC(58)     Dead                           Min: 0, Avg:  0.0, Max: 0, Diff: 0, Sum: 0, Workers: 4
[26.342s][debug][gc,phases      ] GC(58)     Total                          Min: 0, Avg: 82.2, Max: 128, Diff: 128, Sum: 329, Workers: 4
[26.342s][debug][gc,phases      ] GC(58)   JVMTI Tag Weak OopStorage      Min:  0.0, Avg:  0.0, Max:  0.0, Diff:  0.0, Sum:  0.0, Workers: 4
[26.342s][debug][gc,phases      ] GC(58)     Dead                           Min: 0, Avg:  0.0, Max: 0, Diff: 0, Sum: 0, Workers: 4
[26.342s][debug][gc,phases      ] GC(58)     Total                          Min: 0, Avg:  0.0, Max: 0, Diff: 0, Sum: 0, Workers: 4
[26.342s][debug][gc,phases      ] GC(58)   StringTable Weak               Min:  0.1, Avg:  0.1, Max:  0.1, Diff:  0.0, Sum:  0.4, Workers: 4
[26.342s][debug][gc,phases      ] GC(58)     Dead                           Min: 0, Avg:  0.0, Max: 0, Diff: 0, Sum: 0, Workers: 4
[26.342s][debug][gc,phases      ] GC(58)     Total                          Min: 10048, Avg: 10856.2, Max: 12065, Diff: 2017, Sum: 43425, Workers: 4
[26.342s][debug][gc,phases      ] GC(58)   ResolvedMethodTable Weak       Min:  0.0, Avg:  0.0, Max:  0.0, Diff:  0.0, Sum:  0.1, Workers: 4
[26.342s][debug][gc,phases      ] GC(58)     Dead                           Min: 1, Avg: 12.2, Max: 24, Diff: 23, Sum: 49, Workers: 4
[26.342s][debug][gc,phases      ] GC(58)     Total                          Min: 1662, Avg: 1870.8, Max: 2239, Diff: 577, Sum: 7483, Workers: 4
[26.342s][debug][gc,phases      ] GC(58)   JNI Weak                       Min:  0.0, Avg:  0.0, Max:  0.0, Diff:  0.0, Sum:  0.0, Workers: 4
[26.342s][debug][gc,phases      ] GC(58)     Dead                           Min: 0, Avg:  0.0, Max: 0, Diff: 0, Sum: 0, Workers: 4
[26.342s][debug][gc,phases      ] GC(58)     Total                          Min: 0, Avg:  0.0, Max: 0, Diff: 0, Sum: 0, Workers: 4
[26.342s][debug][gc,phases      ] GC(58)   StringDedup Table Weak         Min:  0.0, Avg:  0.0, Max:  0.0, Diff:  0.0, Sum:  0.0, Workers: 4
[26.342s][debug][gc,phases      ] GC(58)     Dead                           Min: 0, Avg:  0.0, Max: 0, Diff: 0, Sum: 0, Workers: 4
[26.342s][debug][gc,phases      ] GC(58)     Total                          Min: 0, Avg:  0.0, Max: 0, Diff: 0, Sum: 0, Workers: 4
[26.342s][debug][gc,phases      ] GC(58)   StringDedup Requests0 Weak     Min:  0.0, Avg:  0.0, Max:  0.0, Diff:  0.0, Sum:  0.0, Workers: 4
[26.342s][debug][gc,phases      ] GC(58)     Dead                           Min: 0, Avg:  0.0, Max: 0, Diff: 0, Sum: 0, Workers: 4
[26.342s][debug][gc,phases      ] GC(58)     Total                          Min: 0, Avg:  0.0, Max: 0, Diff: 0, Sum: 0, Workers: 4
[26.342s][debug][gc,phases      ] GC(58)   StringDedup Requests1 Weak     Min:  0.0, Avg:  0.0, Max:  0.0, Diff:  0.0, Sum:  0.0, Workers: 4
[26.342s][debug][gc,phases      ] GC(58)     Dead                           Min: 0, Avg:  0.0, Max: 0, Diff: 0, Sum: 0, Workers: 4
[26.342s][debug][gc,phases      ] GC(58)     Total                          Min: 0, Avg:  0.0, Max: 0, Diff: 0, Sum: 0, Workers: 4
[26.342s][debug][gc,phases      ] GC(58)   Weak JFR Old Object Samples    Min:  0.0, Avg:  0.0, Max:  0.0, Diff:  0.0, Sum:  0.0, Workers: 4
[26.342s][debug][gc,phases      ] GC(58)     Dead                           Min: 0, Avg:  0.0, Max: 0, Diff: 0, Sum: 0, Workers: 4
[26.342s][debug][gc,phases      ] GC(58)     Total                          Min: 0, Avg:  0.0, Max: 0, Diff: 0, Sum: 0, Workers: 4
[26.342s][debug][gc,phases      ] GC(58) Weak Processing 0.314ms
[26.342s][debug][gc,age         ] GC(58) Desired survivor size 271056896 bytes, new threshold 15 (max threshold 15)
[26.342s][info ][gc,heap        ] GC(58) PSYoungGen: 1547568K(1820672K)->15152K(1809408K) Eden: 1532928K(1532928K)->0K(1532928K) From: 14640K(287744K)->15152K(276480K)
[26.342s][info ][gc,heap        ] GC(58) ParOldGen: 369932K(470016K)->369932K(470016K)
[26.342s][info ][gc,metaspace   ] GC(58) Metaspace: 70792K(71488K)->70792K(71488K) NonClass: 60430K(60800K)->60430K(60800K) Class: 10362K(10688K)->10362K(10688K)
[26.342s][info ][gc             ] GC(58) Pause Young (Allocation Failure) 1872M->376M(2226M) 9.196ms
[26.343s][info ][gc,cpu         ] GC(58) User=0.05s Sys=0.01s Real=0.01s
[26.343s][info ][safepoint      ] Safepoint "ParallelGCFailedAllocation", Time since last: 285349239 ns, Reaching safepoint: 241413 ns, At safepoint: 9303304 ns, Total: 9544717 ns
[26.645s][info ][gc,start       ] GC(59) Pause Young (Allocation Failure)
[26.653s][debug][gc,phases      ] GC(59) Scavenge 8.196ms
[26.653s][debug][gc,ref         ] GC(59) Skipped phase 1 of Reference Processing: no references
[26.654s][debug][gc,ref         ] GC(59) ReferenceProcessor::execute queues: 1, RefProcThreadModel::Single, marks_oops_alive: false
[26.654s][debug][gc,ref         ] GC(59) Skipped phase 3 of Reference Processing: no references
[26.654s][debug][gc,ref         ] GC(59) ReferenceProcessor::execute queues: 1, RefProcThreadModel::Single, marks_oops_alive: false
[26.654s][debug][gc,phases      ] GC(59) Reference Processing 0.127ms
[26.654s][debug][gc,phases      ] GC(59)   VM Weak                        Min:  0.0, Avg:  0.0, Max:  0.0, Diff:  0.0, Sum:  0.0, Workers: 4
[26.654s][debug][gc,phases      ] GC(59)     Dead                           Min: 0, Avg:  0.0, Max: 0, Diff: 0, Sum: 0, Workers: 4
[26.654s][debug][gc,phases      ] GC(59)     Total                          Min: 0, Avg: 150.0, Max: 408, Diff: 408, Sum: 600, Workers: 4
[26.654s][debug][gc,phases      ] GC(59)   ObjectSynchronizer Weak        Min:  0.0, Avg:  0.0, Max:  0.0, Diff:  0.0, Sum:  0.0, Workers: 4
[26.654s][debug][gc,phases      ] GC(59)     Dead                           Min: 0, Avg:  0.0, Max: 0, Diff: 0, Sum: 0, Workers: 4
[26.654s][debug][gc,phases      ] GC(59)     Total                          Min: 0, Avg: 82.2, Max: 128, Diff: 128, Sum: 329, Workers: 4
[26.654s][debug][gc,phases      ] GC(59)   JVMTI Tag Weak OopStorage      Min:  0.0, Avg:  0.0, Max:  0.0, Diff:  0.0, Sum:  0.0, Workers: 4
[26.654s][debug][gc,phases      ] GC(59)     Dead                           Min: 0, Avg:  0.0, Max: 0, Diff: 0, Sum: 0, Workers: 4
[26.654s][debug][gc,phases      ] GC(59)     Total                          Min: 0, Avg:  0.0, Max: 0, Diff: 0, Sum: 0, Workers: 4
[26.654s][debug][gc,phases      ] GC(59)   StringTable Weak               Min:  0.1, Avg:  0.1, Max:  0.1, Diff:  0.0, Sum:  0.4, Workers: 4
[26.654s][debug][gc,phases      ] GC(59)     Dead                           Min: 0, Avg:  0.0, Max: 0, Diff: 0, Sum: 0, Workers: 4
[26.654s][debug][gc,phases      ] GC(59)     Total                          Min: 10496, Avg: 10893.8, Max: 11200, Diff: 704, Sum: 43575, Workers: 4
[26.654s][debug][gc,phases      ] GC(59)   ResolvedMethodTable Weak       Min:  0.0, Avg:  0.0, Max:  0.0, Diff:  0.0, Sum:  0.1, Workers: 4
[26.654s][debug][gc,phases      ] GC(59)     Dead                           Min: 1, Avg:  8.8, Max: 20, Diff: 19, Sum: 35, Workers: 4
[26.654s][debug][gc,phases      ] GC(59)     Total                          Min: 1557, Avg: 1876.5, Max: 2302, Diff: 745, Sum: 7506, Workers: 4
[26.654s][debug][gc,phases      ] GC(59)   JNI Weak                       Min:  0.0, Avg:  0.0, Max:  0.0, Diff:  0.0, Sum:  0.0, Workers: 4
[26.654s][debug][gc,phases      ] GC(59)     Dead                           Min: 0, Avg:  0.0, Max: 0, Diff: 0, Sum: 0, Workers: 4
[26.654s][debug][gc,phases      ] GC(59)     Total                          Min: 0, Avg:  0.5, Max: 2, Diff: 2, Sum: 2, Workers: 4
[26.654s][debug][gc,phases      ] GC(59)   StringDedup Table Weak         Min:  0.0, Avg:  0.0, Max:  0.0, Diff:  0.0, Sum:  0.0, Workers: 4
[26.654s][debug][gc,phases      ] GC(59)     Dead                           Min: 0, Avg:  0.0, Max: 0, Diff: 0, Sum: 0, Workers: 4
[26.654s][debug][gc,phases      ] GC(59)     Total                          Min: 0, Avg:  0.0, Max: 0, Diff: 0, Sum: 0, Workers: 4
[26.654s][debug][gc,phases      ] GC(59)   StringDedup Requests0 Weak     Min:  0.0, Avg:  0.0, Max:  0.0, Diff:  0.0, Sum:  0.0, Workers: 4
[26.654s][debug][gc,phases      ] GC(59)     Dead                           Min: 0, Avg:  0.0, Max: 0, Diff: 0, Sum: 0, Workers: 4
[26.654s][debug][gc,phases      ] GC(59)     Total                          Min: 0, Avg:  0.0, Max: 0, Diff: 0, Sum: 0, Workers: 4
[26.654s][debug][gc,phases      ] GC(59)   StringDedup Requests1 Weak     Min:  0.0, Avg:  0.0, Max:  0.0, Diff:  0.0, Sum:  0.0, Workers: 4
[26.654s][debug][gc,phases      ] GC(59)     Dead                           Min: 0, Avg:  0.0, Max: 0, Diff: 0, Sum: 0, Workers: 4
[26.654s][debug][gc,phases      ] GC(59)     Total                          Min: 0, Avg:  0.0, Max: 0, Diff: 0, Sum: 0, Workers: 4
[26.654s][debug][gc,phases      ] GC(59)   Weak JFR Old Object Samples    Min:  0.0, Avg:  0.0, Max:  0.0, Diff:  0.0, Sum:  0.0, Workers: 4
[26.654s][debug][gc,phases      ] GC(59)     Dead                           Min: 0, Avg:  0.0, Max: 0, Diff: 0, Sum: 0, Workers: 4
[26.654s][debug][gc,phases      ] GC(59)     Total                          Min: 0, Avg:  0.0, Max: 0, Diff: 0, Sum: 0, Workers: 4
[26.654s][debug][gc,phases      ] GC(59) Weak Processing 0.302ms
[26.654s][debug][gc,age         ] GC(59) Desired survivor size 258473984 bytes, new threshold 15 (max threshold 15)
[26.654s][info ][gc,heap        ] GC(59) PSYoungGen: 1548080K(1809408K)->15440K(1844736K) Eden: 1532928K(1532928K)->0K(1580032K) From: 15152K(276480K)->15440K(264704K)
[26.654s][info ][gc,heap        ] GC(59) ParOldGen: 369932K(470016K)->369932K(470016K)
[26.654s][info ][gc,metaspace   ] GC(59) Metaspace: 71317K(72064K)->71317K(72064K) NonClass: 60873K(61248K)->60873K(61248K) Class: 10443K(10816K)->10443K(10816K)
[26.654s][info ][gc             ] GC(59) Pause Young (Allocation Failure) 1873M->376M(2260M) 8.774ms
[26.654s][info ][gc,cpu         ] GC(59) User=0.04s Sys=0.00s Real=0.01s
[26.654s][info ][safepoint      ] Safepoint "ParallelGCFailedAllocation", Time since last: 302428163 ns, Reaching safepoint: 142408 ns, At safepoint: 8904982 ns, Total: 9047390 ns
[27.053s][info ][gc,start       ] GC(60) Pause Young (Allocation Failure)
[27.061s][debug][gc,phases      ] GC(60) Scavenge 8.357ms
[27.061s][debug][gc,ref         ] GC(60) Skipped phase 1 of Reference Processing: no references
[27.061s][debug][gc,ref         ] GC(60) ReferenceProcessor::execute queues: 1, RefProcThreadModel::Single, marks_oops_alive: false
[27.061s][debug][gc,ref         ] GC(60) Skipped phase 3 of Reference Processing: no references
[27.061s][debug][gc,ref         ] GC(60) ReferenceProcessor::execute queues: 1, RefProcThreadModel::Single, marks_oops_alive: false
[27.061s][debug][gc,phases      ] GC(60) Reference Processing 0.063ms
[27.061s][debug][gc,phases      ] GC(60)   VM Weak                        Min:  0.0, Avg:  0.0, Max:  0.0, Diff:  0.0, Sum:  0.0, Workers: 4
[27.061s][debug][gc,phases      ] GC(60)     Dead                           Min: 0, Avg:  0.0, Max: 0, Diff: 0, Sum: 0, Workers: 4
[27.061s][debug][gc,phases      ] GC(60)     Total                          Min: 0, Avg: 152.8, Max: 547, Diff: 547, Sum: 611, Workers: 4
[27.062s][debug][gc,phases      ] GC(60)   ObjectSynchronizer Weak        Min:  0.0, Avg:  0.0, Max:  0.0, Diff:  0.0, Sum:  0.0, Workers: 4
[27.062s][debug][gc,phases      ] GC(60)     Dead                           Min: 0, Avg:  0.2, Max: 1, Diff: 1, Sum: 1, Workers: 4
[27.062s][debug][gc,phases      ] GC(60)     Total                          Min: 0, Avg: 82.5, Max: 138, Diff: 138, Sum: 330, Workers: 4
[27.062s][debug][gc,phases      ] GC(60)   JVMTI Tag Weak OopStorage      Min:  0.0, Avg:  0.0, Max:  0.0, Diff:  0.0, Sum:  0.0, Workers: 4
[27.062s][debug][gc,phases      ] GC(60)     Dead                           Min: 0, Avg:  0.0, Max: 0, Diff: 0, Sum: 0, Workers: 4
[27.062s][debug][gc,phases      ] GC(60)     Total                          Min: 0, Avg:  0.0, Max: 0, Diff: 0, Sum: 0, Workers: 4
[27.062s][debug][gc,phases      ] GC(60)   StringTable Weak               Min:  0.1, Avg:  0.1, Max:  0.1, Diff:  0.0, Sum:  0.4, Workers: 4
[27.062s][debug][gc,phases      ] GC(60)     Dead                           Min: 0, Avg:  0.2, Max: 1, Diff: 1, Sum: 1, Workers: 4
[27.062s][debug][gc,phases      ] GC(60)     Total                          Min: 10752, Avg: 11330.5, Max: 12042, Diff: 1290, Sum: 45322, Workers: 4
[27.062s][debug][gc,phases      ] GC(60)   ResolvedMethodTable Weak       Min:  0.0, Avg:  0.0, Max:  0.0, Diff:  0.0, Sum:  0.1, Workers: 4
[27.062s][debug][gc,phases      ] GC(60)     Dead                           Min: 0, Avg:  0.2, Max: 1, Diff: 1, Sum: 1, Workers: 4
[27.062s][debug][gc,phases      ] GC(60)     Total                          Min: 1280, Avg: 1882.8, Max: 2304, Diff: 1024, Sum: 7531, Workers: 4
[27.062s][debug][gc,phases      ] GC(60)   JNI Weak                       Min:  0.0, Avg:  0.0, Max:  0.0, Diff:  0.0, Sum:  0.0, Workers: 4
[27.062s][debug][gc,phases      ] GC(60)     Dead                           Min: 0, Avg:  0.0, Max: 0, Diff: 0, Sum: 0, Workers: 4
[27.062s][debug][gc,phases      ] GC(60)     Total                          Min: 0, Avg:  0.5, Max: 2, Diff: 2, Sum: 2, Workers: 4
[27.062s][debug][gc,phases      ] GC(60)   StringDedup Table Weak         Min:  0.0, Avg:  0.0, Max:  0.0, Diff:  0.0, Sum:  0.0, Workers: 4
[27.062s][debug][gc,phases      ] GC(60)     Dead                           Min: 0, Avg:  0.0, Max: 0, Diff: 0, Sum: 0, Workers: 4
[27.062s][debug][gc,phases      ] GC(60)     Total                          Min: 0, Avg:  0.0, Max: 0, Diff: 0, Sum: 0, Workers: 4
[27.062s][debug][gc,phases      ] GC(60)   StringDedup Requests0 Weak     Min:  0.0, Avg:  0.0, Max:  0.0, Diff:  0.0, Sum:  0.0, Workers: 4
[27.062s][debug][gc,phases      ] GC(60)     Dead                           Min: 0, Avg:  0.0, Max: 0, Diff: 0, Sum: 0, Workers: 4
[27.062s][debug][gc,phases      ] GC(60)     Total                          Min: 0, Avg:  0.0, Max: 0, Diff: 0, Sum: 0, Workers: 4
[27.062s][debug][gc,phases      ] GC(60)   StringDedup Requests1 Weak     Min:  0.0, Avg:  0.0, Max:  0.0, Diff:  0.0, Sum:  0.0, Workers: 4
[27.062s][debug][gc,phases      ] GC(60)     Dead                           Min: 0, Avg:  0.0, Max: 0, Diff: 0, Sum: 0, Workers: 4
[27.062s][debug][gc,phases      ] GC(60)     Total                          Min: 0, Avg:  0.0, Max: 0, Diff: 0, Sum: 0, Workers: 4
[27.062s][debug][gc,phases      ] GC(60)   Weak JFR Old Object Samples    Min:  0.0, Avg:  0.0, Max:  0.0, Diff:  0.0, Sum:  0.0, Workers: 4
[27.062s][debug][gc,phases      ] GC(60)     Dead                           Min: 0, Avg:  0.0, Max: 0, Diff: 0, Sum: 0, Workers: 4
[27.062s][debug][gc,phases      ] GC(60)     Total                          Min: 0, Avg:  0.0, Max: 0, Diff: 0, Sum: 0, Workers: 4
[27.062s][debug][gc,phases      ] GC(60) Weak Processing 0.319ms
[27.062s][debug][gc,age         ] GC(60) Desired survivor size 245366784 bytes, new threshold 15 (max threshold 15)
[27.062s][info ][gc,heap        ] GC(60) PSYoungGen: 1595472K(1844736K)->17338K(1832448K) Eden: 1580032K(1580032K)->0K(1580032K) From: 15440K(264704K)->17338K(252416K)
[27.062s][info ][gc,heap        ] GC(60) ParOldGen: 369932K(470016K)->369940K(470016K)
[27.062s][info ][gc,metaspace   ] GC(60) Metaspace: 73783K(74560K)->73783K(74560K) NonClass: 63037K(63488K)->63037K(63488K) Class: 10746K(11072K)->10746K(11072K)
[27.062s][info ][gc             ] GC(60) Pause Young (Allocation Failure) 1919M->378M(2248M) 8.871ms
[27.062s][info ][gc,cpu         ] GC(60) User=0.03s Sys=0.00s Real=0.01s
[27.062s][info ][safepoint      ] Safepoint "ParallelGCFailedAllocation", Time since last: 398538964 ns, Reaching safepoint: 180710 ns, At safepoint: 8977686 ns, Total: 9158396 ns
[27.398s][info ][gc,start       ] GC(61) Pause Young (Allocation Failure)
[27.406s][debug][gc,phases      ] GC(61) Scavenge 8.519ms
[27.406s][debug][gc,ref         ] GC(61) Skipped phase 1 of Reference Processing: no references
[27.406s][debug][gc,ref         ] GC(61) ReferenceProcessor::execute queues: 1, RefProcThreadModel::Single, marks_oops_alive: false
[27.406s][debug][gc,ref         ] GC(61) Skipped phase 3 of Reference Processing: no references
[27.406s][debug][gc,ref         ] GC(61) ReferenceProcessor::execute queues: 1, RefProcThreadModel::Single, marks_oops_alive: false
[27.406s][debug][gc,phases      ] GC(61) Reference Processing 0.144ms
[27.406s][debug][gc,phases      ] GC(61)   VM Weak                        Min:  0.0, Avg:  0.0, Max:  0.0, Diff:  0.0, Sum:  0.0, Workers: 4
[27.406s][debug][gc,phases      ] GC(61)     Dead                           Min: 0, Avg:  0.0, Max: 0, Diff: 0, Sum: 0, Workers: 4
[27.406s][debug][gc,phases      ] GC(61)     Total                          Min: 0, Avg: 153.8, Max: 615, Diff: 615, Sum: 615, Workers: 4
[27.406s][debug][gc,phases      ] GC(61)   ObjectSynchronizer Weak        Min:  0.0, Avg:  0.0, Max:  0.0, Diff:  0.0, Sum:  0.0, Workers: 4
[27.406s][debug][gc,phases      ] GC(61)     Dead                           Min: 0, Avg:  0.0, Max: 0, Diff: 0, Sum: 0, Workers: 4
[27.406s][debug][gc,phases      ] GC(61)     Total                          Min: 0, Avg: 82.5, Max: 202, Diff: 202, Sum: 330, Workers: 4
[27.406s][debug][gc,phases      ] GC(61)   JVMTI Tag Weak OopStorage      Min:  0.0, Avg:  0.0, Max:  0.0, Diff:  0.0, Sum:  0.0, Workers: 4
[27.406s][debug][gc,phases      ] GC(61)     Dead                           Min: 0, Avg:  0.0, Max: 0, Diff: 0, Sum: 0, Workers: 4
[27.407s][debug][gc,phases      ] GC(61)     Total                          Min: 0, Avg:  0.0, Max: 0, Diff: 0, Sum: 0, Workers: 4
[27.407s][debug][gc,phases      ] GC(61)   StringTable Weak               Min:  0.1, Avg:  0.1, Max:  0.1, Diff:  0.0, Sum:  0.4, Workers: 4
[27.407s][debug][gc,phases      ] GC(61)     Dead                           Min: 0, Avg:  0.5, Max: 2, Diff: 2, Sum: 2, Workers: 4
[27.407s][debug][gc,phases      ] GC(61)     Total                          Min: 10240, Avg: 11427.5, Max: 12480, Diff: 2240, Sum: 45710, Workers: 4
[27.407s][debug][gc,phases      ] GC(61)   ResolvedMethodTable Weak       Min:  0.0, Avg:  0.0, Max:  0.0, Diff:  0.0, Sum:  0.1, Workers: 4
[27.407s][debug][gc,phases      ] GC(61)     Dead                           Min: 2, Avg:  7.2, Max: 13, Diff: 11, Sum: 29, Workers: 4
[27.407s][debug][gc,phases      ] GC(61)     Total                          Min: 1468, Avg: 1892.0, Max: 2069, Diff: 601, Sum: 7568, Workers: 4
[27.407s][debug][gc,phases      ] GC(61)   JNI Weak                       Min:  0.0, Avg:  0.0, Max:  0.0, Diff:  0.0, Sum:  0.0, Workers: 4
[27.407s][debug][gc,phases      ] GC(61)     Dead                           Min: 0, Avg:  0.0, Max: 0, Diff: 0, Sum: 0, Workers: 4
[27.407s][debug][gc,phases      ] GC(61)     Total                          Min: 0, Avg:  0.0, Max: 0, Diff: 0, Sum: 0, Workers: 4
[27.407s][debug][gc,phases      ] GC(61)   StringDedup Table Weak         Min:  0.0, Avg:  0.0, Max:  0.0, Diff:  0.0, Sum:  0.0, Workers: 4
[27.407s][debug][gc,phases      ] GC(61)     Dead                           Min: 0, Avg:  0.0, Max: 0, Diff: 0, Sum: 0, Workers: 4
[27.407s][debug][gc,phases      ] GC(61)     Total                          Min: 0, Avg:  0.0, Max: 0, Diff: 0, Sum: 0, Workers: 4
[27.407s][debug][gc,phases      ] GC(61)   StringDedup Requests0 Weak     Min:  0.0, Avg:  0.0, Max:  0.0, Diff:  0.0, Sum:  0.0, Workers: 4
[27.407s][debug][gc,phases      ] GC(61)     Dead                           Min: 0, Avg:  0.0, Max: 0, Diff: 0, Sum: 0, Workers: 4
[27.407s][debug][gc,phases      ] GC(61)     Total                          Min: 0, Avg:  0.0, Max: 0, Diff: 0, Sum: 0, Workers: 4
[27.407s][debug][gc,phases      ] GC(61)   StringDedup Requests1 Weak     Min:  0.0, Avg:  0.0, Max:  0.0, Diff:  0.0, Sum:  0.0, Workers: 4
[27.407s][debug][gc,phases      ] GC(61)     Dead                           Min: 0, Avg:  0.0, Max: 0, Diff: 0, Sum: 0, Workers: 4
[27.407s][debug][gc,phases      ] GC(61)     Total                          Min: 0, Avg:  0.0, Max: 0, Diff: 0, Sum: 0, Workers: 4
[27.407s][debug][gc,phases      ] GC(61)   Weak JFR Old Object Samples    Min:  0.0, Avg:  0.0, Max:  0.0, Diff:  0.0, Sum:  0.0, Workers: 4
[27.407s][debug][gc,phases      ] GC(61)     Dead                           Min: 0, Avg:  0.0, Max: 0, Diff: 0, Sum: 0, Workers: 4
[27.407s][debug][gc,phases      ] GC(61)     Total                          Min: 0, Avg:  0.0, Max: 0, Diff: 0, Sum: 0, Workers: 4
[27.407s][debug][gc,phases      ] GC(61) Weak Processing 0.352ms
[27.407s][debug][gc,age         ] GC(61) Desired survivor size 232783872 bytes, new threshold 15 (max threshold 15)
[27.407s][info ][gc,heap        ] GC(61) PSYoungGen: 1597370K(1832448K)->17717K(1869824K) Eden: 1580032K(1580032K)->0K(1630208K) From: 17338K(252416K)->17717K(239616K)
[27.407s][info ][gc,heap        ] GC(61) ParOldGen: 369940K(470016K)->369948K(470016K)
[27.407s][info ][gc,metaspace   ] GC(61) Metaspace: 75550K(76288K)->75550K(76288K) NonClass: 64551K(64960K)->64551K(64960K) Class: 10999K(11328K)->10999K(11328K)
[27.407s][info ][gc             ] GC(61) Pause Young (Allocation Failure) 1921M->378M(2285M) 9.151ms
[27.407s][info ][gc,cpu         ] GC(61) User=0.03s Sys=0.00s Real=0.02s
[27.407s][info ][safepoint      ] Safepoint "ParallelGCFailedAllocation", Time since last: 335571357 ns, Reaching safepoint: 167209 ns, At safepoint: 9257701 ns, Total: 9424910 ns
[27.762s][info ][gc,start       ] GC(62) Pause Young (Allocation Failure)
[27.772s][debug][gc,phases      ] GC(62) Scavenge 10.079ms
[27.772s][debug][gc,ref         ] GC(62) Skipped phase 1 of Reference Processing: no references
[27.772s][debug][gc,ref         ] GC(62) ReferenceProcessor::execute queues: 1, RefProcThreadModel::Single, marks_oops_alive: false
[27.772s][debug][gc,ref         ] GC(62) Skipped phase 3 of Reference Processing: no references
[27.772s][debug][gc,ref         ] GC(62) ReferenceProcessor::execute queues: 1, RefProcThreadModel::Single, marks_oops_alive: false
[27.772s][debug][gc,phases      ] GC(62) Reference Processing 0.129ms
[27.772s][debug][gc,phases      ] GC(62)   VM Weak                        Min:  0.0, Avg:  0.0, Max:  0.0, Diff:  0.0, Sum:  0.0, Workers: 4
[27.772s][debug][gc,phases      ] GC(62)     Dead                           Min: 0, Avg:  0.0, Max: 0, Diff: 0, Sum: 0, Workers: 4
[27.772s][debug][gc,phases      ] GC(62)     Total                          Min: 0, Avg: 153.8, Max: 512, Diff: 512, Sum: 615, Workers: 4
[27.772s][debug][gc,phases      ] GC(62)   ObjectSynchronizer Weak        Min:  0.0, Avg:  0.0, Max:  0.0, Diff:  0.0, Sum:  0.0, Workers: 4
[27.772s][debug][gc,phases      ] GC(62)     Dead                           Min: 0, Avg:  0.0, Max: 0, Diff: 0, Sum: 0, Workers: 4
[27.772s][debug][gc,phases      ] GC(62)     Total                          Min: 0, Avg: 82.5, Max: 192, Diff: 192, Sum: 330, Workers: 4
[27.772s][debug][gc,phases      ] GC(62)   JVMTI Tag Weak OopStorage      Min:  0.0, Avg:  0.0, Max:  0.0, Diff:  0.0, Sum:  0.0, Workers: 4
[27.772s][debug][gc,phases      ] GC(62)     Dead                           Min: 0, Avg:  0.0, Max: 0, Diff: 0, Sum: 0, Workers: 4
[27.772s][debug][gc,phases      ] GC(62)     Total                          Min: 0, Avg:  0.0, Max: 0, Diff: 0, Sum: 0, Workers: 4
[27.772s][debug][gc,phases      ] GC(62)   StringTable Weak               Min:  0.1, Avg:  0.1, Max:  0.1, Diff:  0.0, Sum:  0.5, Workers: 4
[27.772s][debug][gc,phases      ] GC(62)     Dead                           Min: 0, Avg:  0.5, Max: 2, Diff: 2, Sum: 2, Workers: 4
[27.772s][debug][gc,phases      ] GC(62)     Total                          Min: 10880, Avg: 11468.5, Max: 11776, Diff: 896, Sum: 45874, Workers: 4
[27.772s][debug][gc,phases      ] GC(62)   ResolvedMethodTable Weak       Min:  0.0, Avg:  0.0, Max:  0.0, Diff:  0.0, Sum:  0.1, Workers: 4
[27.772s][debug][gc,phases      ] GC(62)     Dead                           Min: 0, Avg:  6.0, Max: 24, Diff: 24, Sum: 24, Workers: 4
[27.772s][debug][gc,phases      ] GC(62)     Total                          Min: 1480, Avg: 1906.0, Max: 2176, Diff: 696, Sum: 7624, Workers: 4
[27.772s][debug][gc,phases      ] GC(62)   JNI Weak                       Min:  0.0, Avg:  0.0, Max:  0.0, Diff:  0.0, Sum:  0.0, Workers: 4
[27.772s][debug][gc,phases      ] GC(62)     Dead                           Min: 0, Avg:  0.0, Max: 0, Diff: 0, Sum: 0, Workers: 4
[27.772s][debug][gc,phases      ] GC(62)     Total                          Min: 0, Avg:  0.0, Max: 0, Diff: 0, Sum: 0, Workers: 4
[27.772s][debug][gc,phases      ] GC(62)   StringDedup Table Weak         Min:  0.0, Avg:  0.0, Max:  0.0, Diff:  0.0, Sum:  0.0, Workers: 4
[27.772s][debug][gc,phases      ] GC(62)     Dead                           Min: 0, Avg:  0.0, Max: 0, Diff: 0, Sum: 0, Workers: 4
[27.772s][debug][gc,phases      ] GC(62)     Total                          Min: 0, Avg:  0.0, Max: 0, Diff: 0, Sum: 0, Workers: 4
[27.772s][debug][gc,phases      ] GC(62)   StringDedup Requests0 Weak     Min:  0.0, Avg:  0.0, Max:  0.0, Diff:  0.0, Sum:  0.0, Workers: 4
[27.772s][debug][gc,phases      ] GC(62)     Dead                           Min: 0, Avg:  0.0, Max: 0, Diff: 0, Sum: 0, Workers: 4
[27.772s][debug][gc,phases      ] GC(62)     Total                          Min: 0, Avg:  0.0, Max: 0, Diff: 0, Sum: 0, Workers: 4
[27.772s][debug][gc,phases      ] GC(62)   StringDedup Requests1 Weak     Min:  0.0, Avg:  0.0, Max:  0.0, Diff:  0.0, Sum:  0.0, Workers: 4
[27.772s][debug][gc,phases      ] GC(62)     Dead                           Min: 0, Avg:  0.0, Max: 0, Diff: 0, Sum: 0, Workers: 4
[27.772s][debug][gc,phases      ] GC(62)     Total                          Min: 0, Avg:  0.0, Max: 0, Diff: 0, Sum: 0, Workers: 4
[27.772s][debug][gc,phases      ] GC(62)   Weak JFR Old Object Samples    Min:  0.0, Avg:  0.0, Max:  0.0, Diff:  0.0, Sum:  0.0, Workers: 4
[27.772s][debug][gc,phases      ] GC(62)     Dead                           Min: 0, Avg:  0.0, Max: 0, Diff: 0, Sum: 0, Workers: 4
[27.772s][debug][gc,phases      ] GC(62)     Total                          Min: 0, Avg:  0.0, Max: 0, Diff: 0, Sum: 0, Workers: 4
[27.772s][debug][gc,phases      ] GC(62) Weak Processing 0.312ms
[27.772s][debug][gc,age         ] GC(62) Desired survivor size 220200960 bytes, new threshold 15 (max threshold 15)
[27.772s][info ][gc,heap        ] GC(62) PSYoungGen: 1647925K(1869824K)->18805K(1857536K) Eden: 1630208K(1630208K)->0K(1630208K) From: 17717K(239616K)->18805K(227328K)
[27.772s][info ][gc,heap        ] GC(62) ParOldGen: 369948K(470016K)->369956K(470016K)
[27.772s][info ][gc,metaspace   ] GC(62) Metaspace: 76042K(76800K)->76042K(76800K) NonClass: 64990K(65408K)->64990K(65408K) Class: 11052K(11392K)->11052K(11392K)
[27.772s][info ][gc             ] GC(62) Pause Young (Allocation Failure) 1970M->379M(2273M) 10.662ms
[27.772s][info ][gc,cpu         ] GC(62) User=0.04s Sys=0.00s Real=0.01s
[27.772s][info ][safepoint      ] Safepoint "ParallelGCFailedAllocation", Time since last: 354774096 ns, Reaching safepoint: 209811 ns, At safepoint: 10753282 ns, Total: 10963093 ns
[27.814s][info ][safepoint      ] Safepoint "ICBufferFull", Time since last: 41012219 ns, Reaching safepoint: 249314 ns, At safepoint: 30901 ns, Total: 280215 ns
[27.959s][info ][safepoint      ] Safepoint "ICBufferFull", Time since last: 142453108 ns, Reaching safepoint: 2286524 ns, At safepoint: 36202 ns, Total: 2322726 ns
[28.179s][info ][gc,start       ] GC(63) Pause Young (Allocation Failure)
[28.196s][debug][gc,phases      ] GC(63) Scavenge 17.038ms
[28.196s][debug][gc,ref         ] GC(63) Skipped phase 1 of Reference Processing: no references
[28.196s][debug][gc,ref         ] GC(63) ReferenceProcessor::execute queues: 1, RefProcThreadModel::Single, marks_oops_alive: false
[28.196s][debug][gc,ref         ] GC(63) Skipped phase 3 of Reference Processing: no references
[28.196s][debug][gc,ref         ] GC(63) ReferenceProcessor::execute queues: 1, RefProcThreadModel::Single, marks_oops_alive: false
[28.196s][debug][gc,phases      ] GC(63) Reference Processing 0.165ms
[28.197s][debug][gc,phases      ] GC(63)   VM Weak                        Min:  0.0, Avg:  0.0, Max:  0.0, Diff:  0.0, Sum:  0.0, Workers: 4
[28.197s][debug][gc,phases      ] GC(63)     Dead                           Min: 0, Avg:  0.0, Max: 0, Diff: 0, Sum: 0, Workers: 4
[28.197s][debug][gc,phases      ] GC(63)     Total                          Min: 0, Avg: 157.8, Max: 631, Diff: 631, Sum: 631, Workers: 4
[28.197s][debug][gc,phases      ] GC(63)   ObjectSynchronizer Weak        Min:  0.0, Avg:  0.0, Max:  0.0, Diff:  0.0, Sum:  0.0, Workers: 4
[28.197s][debug][gc,phases      ] GC(63)     Dead                           Min: 0, Avg:  0.0, Max: 0, Diff: 0, Sum: 0, Workers: 4
[28.197s][debug][gc,phases      ] GC(63)     Total                          Min: 0, Avg: 83.0, Max: 332, Diff: 332, Sum: 332, Workers: 4
[28.197s][debug][gc,phases      ] GC(63)   JVMTI Tag Weak OopStorage      Min:  0.0, Avg:  0.0, Max:  0.0, Diff:  0.0, Sum:  0.0, Workers: 4
[28.197s][debug][gc,phases      ] GC(63)     Dead                           Min: 0, Avg:  0.0, Max: 0, Diff: 0, Sum: 0, Workers: 4
[28.197s][debug][gc,phases      ] GC(63)     Total                          Min: 0, Avg:  0.0, Max: 0, Diff: 0, Sum: 0, Workers: 4
[28.197s][debug][gc,phases      ] GC(63)   StringTable Weak               Min:  0.1, Avg:  0.1, Max:  0.1, Diff:  0.0, Sum:  0.4, Workers: 4
[28.197s][debug][gc,phases      ] GC(63)     Dead                           Min: 0, Avg:  0.8, Max: 3, Diff: 3, Sum: 3, Workers: 4
[28.197s][debug][gc,phases      ] GC(63)     Total                          Min: 10240, Avg: 11542.5, Max: 14848, Diff: 4608, Sum: 46170, Workers: 4
[28.197s][debug][gc,phases      ] GC(63)   ResolvedMethodTable Weak       Min:  0.0, Avg:  0.0, Max:  0.0, Diff:  0.0, Sum:  0.1, Workers: 4
[28.197s][debug][gc,phases      ] GC(63)     Dead                           Min: 0, Avg:  9.8, Max: 20, Diff: 20, Sum: 39, Workers: 4
[28.197s][debug][gc,phases      ] GC(63)     Total                          Min: 1856, Avg: 1958.5, Max: 2048, Diff: 192, Sum: 7834, Workers: 4
[28.197s][debug][gc,phases      ] GC(63)   JNI Weak                       Min:  0.0, Avg:  0.0, Max:  0.0, Diff:  0.0, Sum:  0.0, Workers: 4
[28.197s][debug][gc,phases      ] GC(63)     Dead                           Min: 0, Avg:  0.0, Max: 0, Diff: 0, Sum: 0, Workers: 4
[28.197s][debug][gc,phases      ] GC(63)     Total                          Min: 0, Avg:  3.0, Max: 12, Diff: 12, Sum: 12, Workers: 4
[28.197s][debug][gc,phases      ] GC(63)   StringDedup Table Weak         Min:  0.0, Avg:  0.0, Max:  0.0, Diff:  0.0, Sum:  0.0, Workers: 4
[28.197s][debug][gc,phases      ] GC(63)     Dead                           Min: 0, Avg:  0.0, Max: 0, Diff: 0, Sum: 0, Workers: 4
[28.197s][debug][gc,phases      ] GC(63)     Total                          Min: 0, Avg:  0.0, Max: 0, Diff: 0, Sum: 0, Workers: 4
[28.197s][debug][gc,phases      ] GC(63)   StringDedup Requests0 Weak     Min:  0.0, Avg:  0.0, Max:  0.0, Diff:  0.0, Sum:  0.0, Workers: 4
[28.197s][debug][gc,phases      ] GC(63)     Dead                           Min: 0, Avg:  0.0, Max: 0, Diff: 0, Sum: 0, Workers: 4
[28.197s][debug][gc,phases      ] GC(63)     Total                          Min: 0, Avg:  0.0, Max: 0, Diff: 0, Sum: 0, Workers: 4
[28.197s][debug][gc,phases      ] GC(63)   StringDedup Requests1 Weak     Min:  0.0, Avg:  0.0, Max:  0.0, Diff:  0.0, Sum:  0.0, Workers: 4
[28.197s][debug][gc,phases      ] GC(63)     Dead                           Min: 0, Avg:  0.0, Max: 0, Diff: 0, Sum: 0, Workers: 4
[28.197s][debug][gc,phases      ] GC(63)     Total                          Min: 0, Avg:  0.0, Max: 0, Diff: 0, Sum: 0, Workers: 4
[28.197s][debug][gc,phases      ] GC(63)   Weak JFR Old Object Samples    Min:  0.0, Avg:  0.0, Max:  0.0, Diff:  0.0, Sum:  0.0, Workers: 4
[28.197s][debug][gc,phases      ] GC(63)     Dead                           Min: 0, Avg:  0.0, Max: 0, Diff: 0, Sum: 0, Workers: 4
[28.197s][debug][gc,phases      ] GC(63)     Total                          Min: 0, Avg:  0.0, Max: 0, Diff: 0, Sum: 0, Workers: 4
[28.197s][debug][gc,phases      ] GC(63) Weak Processing 0.495ms
[28.197s][debug][gc,age         ] GC(63) Desired survivor size 204996608 bytes, new threshold 15 (max threshold 15)
[28.197s][info ][gc,heap        ] GC(63) PSYoungGen: 1649013K(1857536K)->36440K(1896960K) Eden: 1630208K(1630208K)->0K(1681920K) From: 18805K(227328K)->36440K(215040K)
[28.197s][info ][gc,heap        ] GC(63) ParOldGen: 369956K(470016K)->378088K(470016K)
[28.197s][info ][gc,metaspace   ] GC(63) Metaspace: 77035K(77824K)->77035K(77824K) NonClass: 65836K(66240K)->65836K(66240K) Class: 11199K(11584K)->11199K(11584K)
[28.197s][info ][gc             ] GC(63) Pause Young (Allocation Failure) 1971M->404M(2311M) 17.854ms
[28.197s][info ][gc,cpu         ] GC(63) User=0.07s Sys=0.00s Real=0.01s
[28.197s][info ][safepoint      ] Safepoint "ParallelGCFailedAllocation", Time since last: 220322221 ns, Reaching safepoint: 277615 ns, At safepoint: 17972172 ns, Total: 18249787 ns
[28.267s][info ][safepoint      ] Safepoint "ICBufferFull", Time since last: 65147325 ns, Reaching safepoint: 4289833 ns, At safepoint: 25001 ns, Total: 4314834 ns
[28.348s][info ][safepoint      ] Safepoint "ICBufferFull", Time since last: 81713121 ns, Reaching safepoint: 152708 ns, At safepoint: 24102 ns, Total: 176810 ns
[28.423s][info ][safepoint      ] Safepoint "ICBufferFull", Time since last: 74412326 ns, Reaching safepoint: 146408 ns, At safepoint: 28802 ns, Total: 175210 ns
[28.498s][info ][safepoint      ] Safepoint "ICBufferFull", Time since last: 75248971 ns, Reaching safepoint: 144608 ns, At safepoint: 26401 ns, Total: 171009 ns
[28.556s][info ][gc,start       ] GC(64) Pause Young (Allocation Failure)
[28.571s][debug][gc,phases      ] GC(64) Scavenge 14.526ms
[28.571s][debug][gc,ref         ] GC(64) Skipped phase 1 of Reference Processing: no references
[28.571s][debug][gc,ref         ] GC(64) ReferenceProcessor::execute queues: 1, RefProcThreadModel::Single, marks_oops_alive: false
[28.571s][debug][gc,ref         ] GC(64) Skipped phase 3 of Reference Processing: no references
[28.571s][debug][gc,ref         ] GC(64) ReferenceProcessor::execute queues: 1, RefProcThreadModel::Single, marks_oops_alive: false
[28.571s][debug][gc,phases      ] GC(64) Reference Processing 0.129ms
[28.571s][debug][gc,phases      ] GC(64)   VM Weak                        Min:  0.0, Avg:  0.0, Max:  0.0, Diff:  0.0, Sum:  0.0, Workers: 4
[28.571s][debug][gc,phases      ] GC(64)     Dead                           Min: 0, Avg:  0.0, Max: 0, Diff: 0, Sum: 0, Workers: 4
[28.571s][debug][gc,phases      ] GC(64)     Total                          Min: 0, Avg: 157.8, Max: 320, Diff: 320, Sum: 631, Workers: 4
[28.571s][debug][gc,phases      ] GC(64)   ObjectSynchronizer Weak        Min:  0.0, Avg:  0.0, Max:  0.0, Diff:  0.0, Sum:  0.0, Workers: 4
[28.571s][debug][gc,phases      ] GC(64)     Dead                           Min: 0, Avg:  0.0, Max: 0, Diff: 0, Sum: 0, Workers: 4
[28.571s][debug][gc,phases      ] GC(64)     Total                          Min: 0, Avg: 83.0, Max: 140, Diff: 140, Sum: 332, Workers: 4
[28.571s][debug][gc,phases      ] GC(64)   JVMTI Tag Weak OopStorage      Min:  0.0, Avg:  0.0, Max:  0.0, Diff:  0.0, Sum:  0.0, Workers: 4
[28.571s][debug][gc,phases      ] GC(64)     Dead                           Min: 0, Avg:  0.0, Max: 0, Diff: 0, Sum: 0, Workers: 4
[28.571s][debug][gc,phases      ] GC(64)     Total                          Min: 0, Avg:  0.0, Max: 0, Diff: 0, Sum: 0, Workers: 4
[28.571s][debug][gc,phases      ] GC(64)   StringTable Weak               Min:  0.1, Avg:  0.1, Max:  0.1, Diff:  0.0, Sum:  0.5, Workers: 4
[28.571s][debug][gc,phases      ] GC(64)     Dead                           Min: 0, Avg:  0.0, Max: 0, Diff: 0, Sum: 0, Workers: 4
[28.571s][debug][gc,phases      ] GC(64)     Total                          Min: 10816, Avg: 11545.8, Max: 12160, Diff: 1344, Sum: 46183, Workers: 4
[28.571s][debug][gc,phases      ] GC(64)   ResolvedMethodTable Weak       Min:  0.0, Avg:  0.0, Max:  0.0, Diff:  0.0, Sum:  0.1, Workers: 4
[28.571s][debug][gc,phases      ] GC(64)     Dead                           Min: 0, Avg:  0.0, Max: 0, Diff: 0, Sum: 0, Workers: 4
[28.571s][debug][gc,phases      ] GC(64)     Total                          Min: 1821, Avg: 1958.5, Max: 2176, Diff: 355, Sum: 7834, Workers: 4
[28.571s][debug][gc,phases      ] GC(64)   JNI Weak                       Min:  0.0, Avg:  0.0, Max:  0.0, Diff:  0.0, Sum:  0.0, Workers: 4
[28.571s][debug][gc,phases      ] GC(64)     Dead                           Min: 0, Avg:  0.0, Max: 0, Diff: 0, Sum: 0, Workers: 4
[28.571s][debug][gc,phases      ] GC(64)     Total                          Min: 0, Avg:  0.8, Max: 3, Diff: 3, Sum: 3, Workers: 4
[28.571s][debug][gc,phases      ] GC(64)   StringDedup Table Weak         Min:  0.0, Avg:  0.0, Max:  0.0, Diff:  0.0, Sum:  0.0, Workers: 4
[28.571s][debug][gc,phases      ] GC(64)     Dead                           Min: 0, Avg:  0.0, Max: 0, Diff: 0, Sum: 0, Workers: 4
[28.571s][debug][gc,phases      ] GC(64)     Total                          Min: 0, Avg:  0.0, Max: 0, Diff: 0, Sum: 0, Workers: 4
[28.571s][debug][gc,phases      ] GC(64)   StringDedup Requests0 Weak     Min:  0.0, Avg:  0.0, Max:  0.0, Diff:  0.0, Sum:  0.0, Workers: 4
[28.571s][debug][gc,phases      ] GC(64)     Dead                           Min: 0, Avg:  0.0, Max: 0, Diff: 0, Sum: 0, Workers: 4
[28.571s][debug][gc,phases      ] GC(64)     Total                          Min: 0, Avg:  0.0, Max: 0, Diff: 0, Sum: 0, Workers: 4
[28.571s][debug][gc,phases      ] GC(64)   StringDedup Requests1 Weak     Min:  0.0, Avg:  0.0, Max:  0.0, Diff:  0.0, Sum:  0.0, Workers: 4
[28.571s][debug][gc,phases      ] GC(64)     Dead                           Min: 0, Avg:  0.0, Max: 0, Diff: 0, Sum: 0, Workers: 4
[28.571s][debug][gc,phases      ] GC(64)     Total                          Min: 0, Avg:  0.0, Max: 0, Diff: 0, Sum: 0, Workers: 4
[28.572s][debug][gc,phases      ] GC(64)   Weak JFR Old Object Samples    Min:  0.0, Avg:  0.0, Max:  0.0, Diff:  0.0, Sum:  0.0, Workers: 4
[28.572s][debug][gc,phases      ] GC(64)     Dead                           Min: 0, Avg:  0.0, Max: 0, Diff: 0, Sum: 0, Workers: 4
[28.572s][debug][gc,phases      ] GC(64)     Total                          Min: 0, Avg:  0.0, Max: 0, Diff: 0, Sum: 0, Workers: 4
[28.572s][debug][gc,phases      ] GC(64) Weak Processing 0.319ms
[28.572s][debug][gc,age         ] GC(64) Desired survivor size 190316544 bytes, new threshold 15 (max threshold 15)
[28.572s][info ][gc,heap        ] GC(64) PSYoungGen: 1718360K(1896960K)->37787K(1882112K) Eden: 1681920K(1681920K)->0K(1681920K) From: 36440K(215040K)->37787K(200192K)
[28.572s][info ][gc,heap        ] GC(64) ParOldGen: 378088K(470016K)->383336K(470016K)
[28.572s][info ][gc,metaspace   ] GC(64) Metaspace: 77105K(77888K)->77105K(77888K) NonClass: 65906K(66304K)->65906K(66304K) Class: 11199K(11584K)->11199K(11584K)
[28.572s][info ][gc             ] GC(64) Pause Young (Allocation Failure) 2047M->411M(2297M) 15.119ms
[28.572s][info ][gc,cpu         ] GC(64) User=0.08s Sys=0.00s Real=0.02s
[28.572s][info ][safepoint      ] Safepoint "ParallelGCFailedAllocation", Time since last: 57792427 ns, Reaching safepoint: 130908 ns, At safepoint: 15232724 ns, Total: 15363632 ns
[28.641s][info ][safepoint      ] Safepoint "ICBufferFull", Time since last: 69308650 ns, Reaching safepoint: 138607 ns, At safepoint: 30002 ns, Total: 168609 ns
[28.732s][info ][safepoint      ] Safepoint "ICBufferFull", Time since last: 90821114 ns, Reaching safepoint: 134408 ns, At safepoint: 26801 ns, Total: 161209 ns
[28.793s][info ][safepoint      ] Safepoint "ICBufferFull", Time since last: 60985300 ns, Reaching safepoint: 178809 ns, At safepoint: 26602 ns, Total: 205411 ns
[28.824s][info ][safepoint      ] Safepoint "ICBufferFull", Time since last: 30333641 ns, Reaching safepoint: 113106 ns, At safepoint: 28602 ns, Total: 141708 ns
[28.848s][info ][safepoint      ] Safepoint "ICBufferFull", Time since last: 24015099 ns, Reaching safepoint: 126207 ns, At safepoint: 44303 ns, Total: 170510 ns
[28.925s][info ][safepoint      ] Safepoint "ICBufferFull", Time since last: 76723651 ns, Reaching safepoint: 148308 ns, At safepoint: 25701 ns, Total: 174009 ns
[28.930s][info ][gc,start       ] GC(65) Pause Young (Allocation Failure)
[28.941s][debug][gc,phases      ] GC(65) Scavenge 11.494ms
[28.941s][debug][gc,ref         ] GC(65) Skipped phase 1 of Reference Processing: no references
[28.941s][debug][gc,ref         ] GC(65) ReferenceProcessor::execute queues: 1, RefProcThreadModel::Single, marks_oops_alive: false
[28.941s][debug][gc,ref         ] GC(65) Skipped phase 3 of Reference Processing: no references
[28.941s][debug][gc,ref         ] GC(65) ReferenceProcessor::execute queues: 1, RefProcThreadModel::Single, marks_oops_alive: false
[28.941s][debug][gc,phases      ] GC(65) Reference Processing 0.161ms
[28.942s][debug][gc,phases      ] GC(65)   VM Weak                        Min:  0.0, Avg:  0.0, Max:  0.0, Diff:  0.0, Sum:  0.0, Workers: 4
[28.942s][debug][gc,phases      ] GC(65)     Dead                           Min: 0, Avg:  0.0, Max: 0, Diff: 0, Sum: 0, Workers: 4
[28.942s][debug][gc,phases      ] GC(65)     Total                          Min: 0, Avg: 157.8, Max: 320, Diff: 320, Sum: 631, Workers: 4
[28.942s][debug][gc,phases      ] GC(65)   ObjectSynchronizer Weak        Min:  0.0, Avg:  0.0, Max:  0.0, Diff:  0.0, Sum:  0.0, Workers: 4
[28.942s][debug][gc,phases      ] GC(65)     Dead                           Min: 0, Avg:  0.0, Max: 0, Diff: 0, Sum: 0, Workers: 4
[28.942s][debug][gc,phases      ] GC(65)     Total                          Min: 0, Avg: 83.0, Max: 140, Diff: 140, Sum: 332, Workers: 4
[28.942s][debug][gc,phases      ] GC(65)   JVMTI Tag Weak OopStorage      Min:  0.0, Avg:  0.0, Max:  0.0, Diff:  0.0, Sum:  0.0, Workers: 4
[28.942s][debug][gc,phases      ] GC(65)     Dead                           Min: 0, Avg:  0.0, Max: 0, Diff: 0, Sum: 0, Workers: 4
[28.942s][debug][gc,phases      ] GC(65)     Total                          Min: 0, Avg:  0.0, Max: 0, Diff: 0, Sum: 0, Workers: 4
[28.942s][debug][gc,phases      ] GC(65)   StringTable Weak               Min:  0.1, Avg:  0.1, Max:  0.1, Diff:  0.0, Sum:  0.6, Workers: 4
[28.942s][debug][gc,phases      ] GC(65)     Dead                           Min: 0, Avg:  0.0, Max: 0, Diff: 0, Sum: 0, Workers: 4
[28.942s][debug][gc,phases      ] GC(65)     Total                          Min: 10898, Avg: 11556.5, Max: 12096, Diff: 1198, Sum: 46226, Workers: 4
[28.942s][debug][gc,phases      ] GC(65)   ResolvedMethodTable Weak       Min:  0.0, Avg:  0.0, Max:  0.0, Diff:  0.0, Sum:  0.1, Workers: 4
[28.942s][debug][gc,phases      ] GC(65)     Dead                           Min: 0, Avg:  0.0, Max: 0, Diff: 0, Sum: 0, Workers: 4
[28.942s][debug][gc,phases      ] GC(65)     Total                          Min: 1855, Avg: 1958.5, Max: 2106, Diff: 251, Sum: 7834, Workers: 4
[28.942s][debug][gc,phases      ] GC(65)   JNI Weak                       Min:  0.0, Avg:  0.0, Max:  0.0, Diff:  0.0, Sum:  0.0, Workers: 4
[28.942s][debug][gc,phases      ] GC(65)     Dead                           Min: 0, Avg:  0.0, Max: 0, Diff: 0, Sum: 0, Workers: 4
[28.942s][debug][gc,phases      ] GC(65)     Total                          Min: 0, Avg:  4.0, Max: 16, Diff: 16, Sum: 16, Workers: 4
[28.942s][debug][gc,phases      ] GC(65)   StringDedup Table Weak         Min:  0.0, Avg:  0.0, Max:  0.0, Diff:  0.0, Sum:  0.0, Workers: 4
[28.942s][debug][gc,phases      ] GC(65)     Dead                           Min: 0, Avg:  0.0, Max: 0, Diff: 0, Sum: 0, Workers: 4
[28.942s][debug][gc,phases      ] GC(65)     Total                          Min: 0, Avg:  0.0, Max: 0, Diff: 0, Sum: 0, Workers: 4
[28.942s][debug][gc,phases      ] GC(65)   StringDedup Requests0 Weak     Min:  0.0, Avg:  0.0, Max:  0.0, Diff:  0.0, Sum:  0.0, Workers: 4
[28.942s][debug][gc,phases      ] GC(65)     Dead                           Min: 0, Avg:  0.0, Max: 0, Diff: 0, Sum: 0, Workers: 4
[28.942s][debug][gc,phases      ] GC(65)     Total                          Min: 0, Avg:  0.0, Max: 0, Diff: 0, Sum: 0, Workers: 4
[28.942s][debug][gc,phases      ] GC(65)   StringDedup Requests1 Weak     Min:  0.0, Avg:  0.0, Max:  0.0, Diff:  0.0, Sum:  0.0, Workers: 4
[28.942s][debug][gc,phases      ] GC(65)     Dead                           Min: 0, Avg:  0.0, Max: 0, Diff: 0, Sum: 0, Workers: 4
[28.942s][debug][gc,phases      ] GC(65)     Total                          Min: 0, Avg:  0.0, Max: 0, Diff: 0, Sum: 0, Workers: 4
[28.942s][debug][gc,phases      ] GC(65)   Weak JFR Old Object Samples    Min:  0.0, Avg:  0.0, Max:  0.0, Diff:  0.0, Sum:  0.0, Workers: 4
[28.942s][debug][gc,phases      ] GC(65)     Dead                           Min: 0, Avg:  0.0, Max: 0, Diff: 0, Sum: 0, Workers: 4
[28.942s][debug][gc,phases      ] GC(65)     Total                          Min: 0, Avg:  0.0, Max: 0, Diff: 0, Sum: 0, Workers: 4
[28.942s][debug][gc,phases      ] GC(65) Weak Processing 0.363ms
[28.942s][debug][gc,age         ] GC(65) Desired survivor size 177733632 bytes, new threshold 15 (max threshold 15)
[28.942s][info ][gc,heap        ] GC(65) PSYoungGen: 1719707K(1882112K)->36459K(1923584K) Eden: 1681920K(1681920K)->0K(1737728K) From: 37787K(200192K)->36459K(185856K)
[28.942s][info ][gc,heap        ] GC(65) ParOldGen: 383336K(470016K)->384020K(470016K)
[28.942s][info ][gc,metaspace   ] GC(65) Metaspace: 77203K(78016K)->77203K(78016K) NonClass: 66002K(66432K)->66002K(66432K) Class: 11200K(11584K)->11200K(11584K)
[28.942s][info ][gc             ] GC(65) Pause Young (Allocation Failure) 2053M->410M(2337M) 12.162ms
[28.942s][info ][gc,cpu         ] GC(65) User=0.05s Sys=0.00s Real=0.01s
[28.942s][info ][safepoint      ] Safepoint "ParallelGCFailedAllocation", Time since last: 4726356 ns, Reaching safepoint: 110706 ns, At safepoint: 12276664 ns, Total: 12387370 ns
[29.012s][info ][safepoint      ] Safepoint "ICBufferFull", Time since last: 69568365 ns, Reaching safepoint: 147108 ns, At safepoint: 22301 ns, Total: 169409 ns
[29.145s][info ][safepoint      ] Safepoint "ICBufferFull", Time since last: 133115402 ns, Reaching safepoint: 146108 ns, At safepoint: 28002 ns, Total: 174110 ns
[29.197s][info ][safepoint      ] Safepoint "ICBufferFull", Time since last: 52192124 ns, Reaching safepoint: 138507 ns, At safepoint: 25502 ns, Total: 164009 ns
[29.210s][info ][safepoint      ] Safepoint "ICBufferFull", Time since last: 9582718 ns, Reaching safepoint: 3227275 ns, At safepoint: 28801 ns, Total: 3256076 ns
[29.251s][info ][safepoint      ] Safepoint "ICBufferFull", Time since last: 37202113 ns, Reaching safepoint: 3186273 ns, At safepoint: 28301 ns, Total: 3214574 ns
[29.318s][info ][safepoint      ] Safepoint "ICBufferFull", Time since last: 67195136 ns, Reaching safepoint: 409122 ns, At safepoint: 33002 ns, Total: 442124 ns
[29.330s][info ][gc,start       ] GC(66) Pause Young (Allocation Failure)
[29.342s][debug][gc,phases      ] GC(66) Scavenge 11.628ms
[29.342s][debug][gc,ref         ] GC(66) Skipped phase 1 of Reference Processing: no references
[29.342s][debug][gc,ref         ] GC(66) ReferenceProcessor::execute queues: 1, RefProcThreadModel::Single, marks_oops_alive: false
[29.342s][debug][gc,ref         ] GC(66) Skipped phase 3 of Reference Processing: no references
[29.342s][debug][gc,ref         ] GC(66) ReferenceProcessor::execute queues: 1, RefProcThreadModel::Single, marks_oops_alive: false
[29.342s][debug][gc,phases      ] GC(66) Reference Processing 0.189ms
[29.342s][debug][gc,phases      ] GC(66)   VM Weak                        Min:  0.0, Avg:  0.0, Max:  0.0, Diff:  0.0, Sum:  0.0, Workers: 4
[29.342s][debug][gc,phases      ] GC(66)     Dead                           Min: 0, Avg:  0.0, Max: 0, Diff: 0, Sum: 0, Workers: 4
[29.342s][debug][gc,phases      ] GC(66)     Total                          Min: 0, Avg: 157.8, Max: 384, Diff: 384, Sum: 631, Workers: 4
[29.342s][debug][gc,phases      ] GC(66)   ObjectSynchronizer Weak        Min:  0.0, Avg:  0.0, Max:  0.0, Diff:  0.0, Sum:  0.0, Workers: 4
[29.342s][debug][gc,phases      ] GC(66)     Dead                           Min: 0, Avg:  0.0, Max: 0, Diff: 0, Sum: 0, Workers: 4
[29.342s][debug][gc,phases      ] GC(66)     Total                          Min: 0, Avg: 83.0, Max: 140, Diff: 140, Sum: 332, Workers: 4
[29.342s][debug][gc,phases      ] GC(66)   JVMTI Tag Weak OopStorage      Min:  0.0, Avg:  0.0, Max:  0.0, Diff:  0.0, Sum:  0.0, Workers: 4
[29.342s][debug][gc,phases      ] GC(66)     Dead                           Min: 0, Avg:  0.0, Max: 0, Diff: 0, Sum: 0, Workers: 4
[29.342s][debug][gc,phases      ] GC(66)     Total                          Min: 0, Avg:  0.0, Max: 0, Diff: 0, Sum: 0, Workers: 4
[29.342s][debug][gc,phases      ] GC(66)   StringTable Weak               Min:  0.1, Avg:  0.1, Max:  0.1, Diff:  0.0, Sum:  0.5, Workers: 4
[29.342s][debug][gc,phases      ] GC(66)     Dead                           Min: 0, Avg:  0.0, Max: 0, Diff: 0, Sum: 0, Workers: 4
[29.342s][debug][gc,phases      ] GC(66)     Total                          Min: 10880, Avg: 11562.2, Max: 12672, Diff: 1792, Sum: 46249, Workers: 4
[29.342s][debug][gc,phases      ] GC(66)   ResolvedMethodTable Weak       Min:  0.0, Avg:  0.0, Max:  0.0, Diff:  0.0, Sum:  0.1, Workers: 4
[29.342s][debug][gc,phases      ] GC(66)     Dead                           Min: 0, Avg:  0.0, Max: 0, Diff: 0, Sum: 0, Workers: 4
[29.342s][debug][gc,phases      ] GC(66)     Total                          Min: 1344, Avg: 1959.5, Max: 2463, Diff: 1119, Sum: 7838, Workers: 4
[29.342s][debug][gc,phases      ] GC(66)   JNI Weak                       Min:  0.0, Avg:  0.0, Max:  0.0, Diff:  0.0, Sum:  0.0, Workers: 4
[29.342s][debug][gc,phases      ] GC(66)     Dead                           Min: 0, Avg:  0.0, Max: 0, Diff: 0, Sum: 0, Workers: 4
[29.342s][debug][gc,phases      ] GC(66)     Total                          Min: 0, Avg:  5.0, Max: 20, Diff: 20, Sum: 20, Workers: 4
[29.342s][debug][gc,phases      ] GC(66)   StringDedup Table Weak         Min:  0.0, Avg:  0.0, Max:  0.0, Diff:  0.0, Sum:  0.0, Workers: 4
[29.342s][debug][gc,phases      ] GC(66)     Dead                           Min: 0, Avg:  0.0, Max: 0, Diff: 0, Sum: 0, Workers: 4
[29.342s][debug][gc,phases      ] GC(66)     Total                          Min: 0, Avg:  0.0, Max: 0, Diff: 0, Sum: 0, Workers: 4
[29.342s][debug][gc,phases      ] GC(66)   StringDedup Requests0 Weak     Min:  0.0, Avg:  0.0, Max:  0.0, Diff:  0.0, Sum:  0.0, Workers: 4
[29.342s][debug][gc,phases      ] GC(66)     Dead                           Min: 0, Avg:  0.0, Max: 0, Diff: 0, Sum: 0, Workers: 4
[29.342s][debug][gc,phases      ] GC(66)     Total                          Min: 0, Avg:  0.0, Max: 0, Diff: 0, Sum: 0, Workers: 4
[29.342s][debug][gc,phases      ] GC(66)   StringDedup Requests1 Weak     Min:  0.0, Avg:  0.0, Max:  0.0, Diff:  0.0, Sum:  0.0, Workers: 4
[29.342s][debug][gc,phases      ] GC(66)     Dead                           Min: 0, Avg:  0.0, Max: 0, Diff: 0, Sum: 0, Workers: 4
[29.342s][debug][gc,phases      ] GC(66)     Total                          Min: 0, Avg:  0.0, Max: 0, Diff: 0, Sum: 0, Workers: 4
[29.342s][debug][gc,phases      ] GC(66)   Weak JFR Old Object Samples    Min:  0.0, Avg:  0.0, Max:  0.0, Diff:  0.0, Sum:  0.0, Workers: 4
[29.342s][debug][gc,phases      ] GC(66)     Dead                           Min: 0, Avg:  0.0, Max: 0, Diff: 0, Sum: 0, Workers: 4
[29.342s][debug][gc,phases      ] GC(66)     Total                          Min: 0, Avg:  0.0, Max: 0, Diff: 0, Sum: 0, Workers: 4
[29.342s][debug][gc,phases      ] GC(66) Weak Processing 0.347ms
[29.342s][debug][gc,age         ] GC(66) Desired survivor size 165150720 bytes, new threshold 15 (max threshold 15)
[29.343s][info ][gc,heap        ] GC(66) PSYoungGen: 1774187K(1923584K)->38344K(1911296K) Eden: 1737728K(1737728K)->0K(1737728K) From: 36459K(185856K)->38344K(173568K)
[29.343s][info ][gc,heap        ] GC(66) ParOldGen: 384020K(470016K)->384268K(470016K)
[29.343s][info ][gc,metaspace   ] GC(66) Metaspace: 77466K(78272K)->77466K(78272K) NonClass: 66260K(66688K)->66260K(66688K) Class: 11205K(11584K)->11205K(11584K)
[29.343s][info ][gc             ] GC(66) Pause Young (Allocation Failure) 2107M->412M(2325M) 12.310ms
[29.343s][info ][gc,cpu         ] GC(66) User=0.05s Sys=0.00s Real=0.01s
[29.343s][info ][safepoint      ] Safepoint "ParallelGCFailedAllocation", Time since last: 11809039 ns, Reaching safepoint: 157208 ns, At safepoint: 12429773 ns, Total: 12586981 ns
[29.415s][info ][safepoint      ] Safepoint "ICBufferFull", Time since last: 67990779 ns, Reaching safepoint: 4278731 ns, At safepoint: 32902 ns, Total: 4311633 ns
[29.440s][info ][safepoint      ] Safepoint "ICBufferFull", Time since last: 24416321 ns, Reaching safepoint: 132307 ns, At safepoint: 26202 ns, Total: 158509 ns
[29.469s][info ][safepoint      ] Safepoint "ICBufferFull", Time since last: 29336187 ns, Reaching safepoint: 140008 ns, At safepoint: 32702 ns, Total: 172710 ns
[29.511s][info ][safepoint      ] Safepoint "ICBufferFull", Time since last: 37572533 ns, Reaching safepoint: 4235929 ns, At safepoint: 31602 ns, Total: 4267531 ns
[29.597s][info ][safepoint      ] Safepoint "ICBufferFull", Time since last: 85619432 ns, Reaching safepoint: 218712 ns, At safepoint: 23201 ns, Total: 241913 ns
[29.669s][info ][safepoint      ] Safepoint "ICBufferFull", Time since last: 71889090 ns, Reaching safepoint: 500027 ns, At safepoint: 28502 ns, Total: 528529 ns
[29.684s][info ][safepoint      ] Safepoint "ICBufferFull", Time since last: 14483483 ns, Reaching safepoint: 94806 ns, At safepoint: 32301 ns, Total: 127107 ns
[29.768s][info ][safepoint      ] Safepoint "ICBufferFull", Time since last: 84350664 ns, Reaching safepoint: 149408 ns, At safepoint: 31802 ns, Total: 181210 ns
[29.786s][info ][gc,start       ] GC(67) Pause Young (Allocation Failure)
[29.797s][debug][gc,phases      ] GC(67) Scavenge 10.777ms
[29.797s][debug][gc,ref         ] GC(67) Skipped phase 1 of Reference Processing: no references
[29.797s][debug][gc,ref         ] GC(67) ReferenceProcessor::execute queues: 1, RefProcThreadModel::Single, marks_oops_alive: false
[29.797s][debug][gc,ref         ] GC(67) Skipped phase 3 of Reference Processing: no references
[29.797s][debug][gc,ref         ] GC(67) ReferenceProcessor::execute queues: 1, RefProcThreadModel::Single, marks_oops_alive: false
[29.797s][debug][gc,phases      ] GC(67) Reference Processing 0.160ms
[29.797s][debug][gc,phases      ] GC(67)   VM Weak                        Min:  0.0, Avg:  0.0, Max:  0.0, Diff:  0.0, Sum:  0.0, Workers: 4
[29.797s][debug][gc,phases      ] GC(67)     Dead                           Min: 0, Avg:  0.0, Max: 0, Diff: 0, Sum: 0, Workers: 4
[29.797s][debug][gc,phases      ] GC(67)     Total                          Min: 0, Avg: 158.5, Max: 256, Diff: 256, Sum: 634, Workers: 4
[29.797s][debug][gc,phases      ] GC(67)   ObjectSynchronizer Weak        Min:  0.0, Avg:  0.0, Max:  0.0, Diff:  0.0, Sum:  0.0, Workers: 4
[29.797s][debug][gc,phases      ] GC(67)     Dead                           Min: 0, Avg:  0.0, Max: 0, Diff: 0, Sum: 0, Workers: 4
[29.797s][debug][gc,phases      ] GC(67)     Total                          Min: 0, Avg: 83.0, Max: 140, Diff: 140, Sum: 332, Workers: 4
[29.797s][debug][gc,phases      ] GC(67)   JVMTI Tag Weak OopStorage      Min:  0.0, Avg:  0.0, Max:  0.0, Diff:  0.0, Sum:  0.0, Workers: 4
[29.797s][debug][gc,phases      ] GC(67)     Dead                           Min: 0, Avg:  0.0, Max: 0, Diff: 0, Sum: 0, Workers: 4
[29.797s][debug][gc,phases      ] GC(67)     Total                          Min: 0, Avg:  0.0, Max: 0, Diff: 0, Sum: 0, Workers: 4
[29.797s][debug][gc,phases      ] GC(67)   StringTable Weak               Min:  0.1, Avg:  0.1, Max:  0.1, Diff:  0.0, Sum:  0.5, Workers: 4
[29.797s][debug][gc,phases      ] GC(67)     Dead                           Min: 0, Avg:  0.0, Max: 0, Diff: 0, Sum: 0, Workers: 4
[29.797s][debug][gc,phases      ] GC(67)     Total                          Min: 10816, Avg: 11568.0, Max: 12096, Diff: 1280, Sum: 46272, Workers: 4
[29.797s][debug][gc,phases      ] GC(67)   ResolvedMethodTable Weak       Min:  0.0, Avg:  0.0, Max:  0.0, Diff:  0.0, Sum:  0.1, Workers: 4
[29.798s][debug][gc,phases      ] GC(67)     Dead                           Min: 0, Avg:  0.0, Max: 0, Diff: 0, Sum: 0, Workers: 4
[29.798s][debug][gc,phases      ] GC(67)     Total                          Min: 1856, Avg: 1962.5, Max: 2091, Diff: 235, Sum: 7850, Workers: 4
[29.798s][debug][gc,phases      ] GC(67)   JNI Weak                       Min:  0.0, Avg:  0.0, Max:  0.0, Diff:  0.0, Sum:  0.0, Workers: 4
[29.798s][debug][gc,phases      ] GC(67)     Dead                           Min: 0, Avg:  0.0, Max: 0, Diff: 0, Sum: 0, Workers: 4
[29.798s][debug][gc,phases      ] GC(67)     Total                          Min: 0, Avg:  2.8, Max: 11, Diff: 11, Sum: 11, Workers: 4
[29.798s][debug][gc,phases      ] GC(67)   StringDedup Table Weak         Min:  0.0, Avg:  0.0, Max:  0.0, Diff:  0.0, Sum:  0.0, Workers: 4
[29.798s][debug][gc,phases      ] GC(67)     Dead                           Min: 0, Avg:  0.0, Max: 0, Diff: 0, Sum: 0, Workers: 4
[29.798s][debug][gc,phases      ] GC(67)     Total                          Min: 0, Avg:  0.0, Max: 0, Diff: 0, Sum: 0, Workers: 4
[29.798s][debug][gc,phases      ] GC(67)   StringDedup Requests0 Weak     Min:  0.0, Avg:  0.0, Max:  0.0, Diff:  0.0, Sum:  0.0, Workers: 4
[29.798s][debug][gc,phases      ] GC(67)     Dead                           Min: 0, Avg:  0.0, Max: 0, Diff: 0, Sum: 0, Workers: 4
[29.798s][debug][gc,phases      ] GC(67)     Total                          Min: 0, Avg:  0.0, Max: 0, Diff: 0, Sum: 0, Workers: 4
[29.798s][debug][gc,phases      ] GC(67)   StringDedup Requests1 Weak     Min:  0.0, Avg:  0.0, Max:  0.0, Diff:  0.0, Sum:  0.0, Workers: 4
[29.798s][debug][gc,phases      ] GC(67)     Dead                           Min: 0, Avg:  0.0, Max: 0, Diff: 0, Sum: 0, Workers: 4
[29.798s][debug][gc,phases      ] GC(67)     Total                          Min: 0, Avg:  0.0, Max: 0, Diff: 0, Sum: 0, Workers: 4
[29.798s][debug][gc,phases      ] GC(67)   Weak JFR Old Object Samples    Min:  0.0, Avg:  0.0, Max:  0.0, Diff:  0.0, Sum:  0.0, Workers: 4
[29.798s][debug][gc,phases      ] GC(67)     Dead                           Min: 0, Avg:  0.0, Max: 0, Diff: 0, Sum: 0, Workers: 4
[29.798s][debug][gc,phases      ] GC(67)     Total                          Min: 0, Avg:  0.0, Max: 0, Diff: 0, Sum: 0, Workers: 4
[29.798s][debug][gc,phases      ] GC(67) Weak Processing 0.326ms
[29.798s][debug][gc,age         ] GC(67) Desired survivor size 154140672 bytes, new threshold 15 (max threshold 15)
[29.798s][info ][gc,heap        ] GC(67) PSYoungGen: 1776072K(1911296K)->39419K(1946624K) Eden: 1737728K(1737728K)->0K(1785344K) From: 38344K(173568K)->39419K(161280K)
[29.798s][info ][gc,heap        ] GC(67) ParOldGen: 384268K(470016K)->384388K(470016K)
[29.798s][info ][gc,metaspace   ] GC(67) Metaspace: 77608K(78400K)->77608K(78400K) NonClass: 66396K(66816K)->66396K(66816K) Class: 11211K(11584K)->11211K(11584K)
[29.798s][info ][gc             ] GC(67) Pause Young (Allocation Failure) 2109M->413M(2360M) 11.401ms
[29.798s][info ][gc,cpu         ] GC(67) User=0.05s Sys=0.00s Real=0.00s
[29.798s][info ][safepoint      ] Safepoint "ParallelGCFailedAllocation", Time since last: 14676894 ns, Reaching safepoint: 3220975 ns, At safepoint: 11530024 ns, Total: 14750999 ns
[29.840s][info ][safepoint      ] Safepoint "ICBufferFull", Time since last: 41733758 ns, Reaching safepoint: 143807 ns, At safepoint: 27402 ns, Total: 171209 ns
[29.852s][info ][safepoint      ] Safepoint "ICBufferFull", Time since last: 12598482 ns, Reaching safepoint: 116106 ns, At safepoint: 30302 ns, Total: 146408 ns
[29.883s][info ][safepoint      ] Safepoint "ICBufferFull", Time since last: 27132968 ns, Reaching safepoint: 3180172 ns, At safepoint: 36902 ns, Total: 3217074 ns
[29.893s][info ][safepoint      ] Safepoint "ICBufferFull", Time since last: 10175150 ns, Reaching safepoint: 116507 ns, At safepoint: 23201 ns, Total: 139708 ns
[29.950s][info ][safepoint      ] Safepoint "ICBufferFull", Time since last: 57085889 ns, Reaching safepoint: 123106 ns, At safepoint: 50603 ns, Total: 173709 ns
[29.971s][info ][safepoint      ] Safepoint "ICBufferFull", Time since last: 20910232 ns, Reaching safepoint: 124206 ns, At safepoint: 19201 ns, Total: 143407 ns
[30.003s][info ][safepoint      ] Safepoint "ICBufferFull", Time since last: 31421000 ns, Reaching safepoint: 107006 ns, At safepoint: 23401 ns, Total: 130407 ns
[30.017s][info ][safepoint      ] Safepoint "ICBufferFull", Time since last: 14412380 ns, Reaching safepoint: 117107 ns, At safepoint: 25801 ns, Total: 142908 ns
[30.063s][info ][safepoint      ] Safepoint "ICBufferFull", Time since last: 41322236 ns, Reaching safepoint: 4268031 ns, At safepoint: 29901 ns, Total: 4297932 ns
[30.081s][info ][safepoint      ] Safepoint "ICBufferFull", Time since last: 17744461 ns, Reaching safepoint: 169309 ns, At safepoint: 29101 ns, Total: 198410 ns
[30.091s][info ][safepoint      ] Safepoint "ICBufferFull", Time since last: 9429211 ns, Reaching safepoint: 119706 ns, At safepoint: 22701 ns, Total: 142407 ns
[30.121s][info ][safepoint      ] Safepoint "ICBufferFull", Time since last: 29949921 ns, Reaching safepoint: 328318 ns, At safepoint: 24401 ns, Total: 352719 ns
[30.217s][info ][gc,start       ] GC(68) Pause Young (Allocation Failure)
[30.232s][debug][gc,phases      ] GC(68) Scavenge 15.117ms
[30.232s][debug][gc,ref         ] GC(68) Skipped phase 1 of Reference Processing: no references
[30.233s][debug][gc,ref         ] GC(68) ReferenceProcessor::execute queues: 1, RefProcThreadModel::Single, marks_oops_alive: false
[30.233s][debug][gc,ref         ] GC(68) Skipped phase 3 of Reference Processing: no references
[30.233s][debug][gc,ref         ] GC(68) ReferenceProcessor::execute queues: 1, RefProcThreadModel::Single, marks_oops_alive: false
[30.233s][debug][gc,phases      ] GC(68) Reference Processing 0.178ms
[30.233s][debug][gc,phases      ] GC(68)   VM Weak                        Min:  0.0, Avg:  0.0, Max:  0.0, Diff:  0.0, Sum:  0.0, Workers: 4
[30.233s][debug][gc,phases      ] GC(68)     Dead                           Min: 0, Avg:  0.0, Max: 0, Diff: 0, Sum: 0, Workers: 4
[30.233s][debug][gc,phases      ] GC(68)     Total                          Min: 0, Avg: 158.5, Max: 442, Diff: 442, Sum: 634, Workers: 4
[30.233s][debug][gc,phases      ] GC(68)   ObjectSynchronizer Weak        Min:  0.0, Avg:  0.0, Max:  0.0, Diff:  0.0, Sum:  0.0, Workers: 4
[30.233s][debug][gc,phases      ] GC(68)     Dead                           Min: 0, Avg:  0.0, Max: 0, Diff: 0, Sum: 0, Workers: 4
[30.233s][debug][gc,phases      ] GC(68)     Total                          Min: 0, Avg: 83.0, Max: 268, Diff: 268, Sum: 332, Workers: 4
[30.233s][debug][gc,phases      ] GC(68)   JVMTI Tag Weak OopStorage      Min:  0.0, Avg:  0.0, Max:  0.0, Diff:  0.0, Sum:  0.0, Workers: 4
[30.233s][debug][gc,phases      ] GC(68)     Dead                           Min: 0, Avg:  0.0, Max: 0, Diff: 0, Sum: 0, Workers: 4
[30.233s][debug][gc,phases      ] GC(68)     Total                          Min: 0, Avg:  0.0, Max: 0, Diff: 0, Sum: 0, Workers: 4
[30.233s][debug][gc,phases      ] GC(68)   StringTable Weak               Min:  0.1, Avg:  0.1, Max:  0.1, Diff:  0.0, Sum:  0.5, Workers: 4
[30.233s][debug][gc,phases      ] GC(68)     Dead                           Min: 0, Avg:  0.0, Max: 0, Diff: 0, Sum: 0, Workers: 4
[30.233s][debug][gc,phases      ] GC(68)     Total                          Min: 10848, Avg: 11576.0, Max: 12544, Diff: 1696, Sum: 46304, Workers: 4
[30.233s][debug][gc,phases      ] GC(68)   ResolvedMethodTable Weak       Min:  0.0, Avg:  0.0, Max:  0.0, Diff:  0.0, Sum:  0.1, Workers: 4
[30.233s][debug][gc,phases      ] GC(68)     Dead                           Min: 0, Avg:  0.0, Max: 0, Diff: 0, Sum: 0, Workers: 4
[30.233s][debug][gc,phases      ] GC(68)     Total                          Min: 1151, Avg: 1962.5, Max: 2411, Diff: 1260, Sum: 7850, Workers: 4
[30.233s][debug][gc,phases      ] GC(68)   JNI Weak                       Min:  0.0, Avg:  0.0, Max:  0.0, Diff:  0.0, Sum:  0.0, Workers: 4
[30.233s][debug][gc,phases      ] GC(68)     Dead                           Min: 0, Avg:  0.0, Max: 0, Diff: 0, Sum: 0, Workers: 4
[30.233s][debug][gc,phases      ] GC(68)     Total                          Min: 0, Avg:  4.5, Max: 18, Diff: 18, Sum: 18, Workers: 4
[30.233s][debug][gc,phases      ] GC(68)   StringDedup Table Weak         Min:  0.0, Avg:  0.0, Max:  0.0, Diff:  0.0, Sum:  0.0, Workers: 4
[30.233s][debug][gc,phases      ] GC(68)     Dead                           Min: 0, Avg:  0.0, Max: 0, Diff: 0, Sum: 0, Workers: 4
[30.233s][debug][gc,phases      ] GC(68)     Total                          Min: 0, Avg:  0.0, Max: 0, Diff: 0, Sum: 0, Workers: 4
[30.233s][debug][gc,phases      ] GC(68)   StringDedup Requests0 Weak     Min:  0.0, Avg:  0.0, Max:  0.0, Diff:  0.0, Sum:  0.0, Workers: 4
[30.233s][debug][gc,phases      ] GC(68)     Dead                           Min: 0, Avg:  0.0, Max: 0, Diff: 0, Sum: 0, Workers: 4
[30.233s][debug][gc,phases      ] GC(68)     Total                          Min: 0, Avg:  0.0, Max: 0, Diff: 0, Sum: 0, Workers: 4
[30.233s][debug][gc,phases      ] GC(68)   StringDedup Requests1 Weak     Min:  0.0, Avg:  0.0, Max:  0.0, Diff:  0.0, Sum:  0.0, Workers: 4
[30.233s][debug][gc,phases      ] GC(68)     Dead                           Min: 0, Avg:  0.0, Max: 0, Diff: 0, Sum: 0, Workers: 4
[30.233s][debug][gc,phases      ] GC(68)     Total                          Min: 0, Avg:  0.0, Max: 0, Diff: 0, Sum: 0, Workers: 4
[30.233s][debug][gc,phases      ] GC(68)   Weak JFR Old Object Samples    Min:  0.0, Avg:  0.0, Max:  0.0, Diff:  0.0, Sum:  0.0, Workers: 4
[30.233s][debug][gc,phases      ] GC(68)     Dead                           Min: 0, Avg:  0.0, Max: 0, Diff: 0, Sum: 0, Workers: 4
[30.233s][debug][gc,phases      ] GC(68)     Total                          Min: 0, Avg:  0.0, Max: 0, Diff: 0, Sum: 0, Workers: 4
[30.233s][debug][gc,phases      ] GC(68) Weak Processing 0.404ms
[30.233s][debug][gc,age         ] GC(68) Desired survivor size 143654912 bytes, new threshold 15 (max threshold 15)
[30.233s][info ][gc,heap        ] GC(68) PSYoungGen: 1824763K(1946624K)->45401K(1935872K) Eden: 1785344K(1785344K)->0K(1785344K) From: 39419K(161280K)->45401K(150528K)
[30.233s][info ][gc,heap        ] GC(68) ParOldGen: 384388K(470016K)->384548K(470016K)
[30.233s][info ][gc,metaspace   ] GC(68) Metaspace: 77684K(78464K)->77684K(78464K) NonClass: 66472K(66880K)->66472K(66880K) Class: 11211K(11584K)->11211K(11584K)
[30.233s][info ][gc             ] GC(68) Pause Young (Allocation Failure) 2157M->419M(2349M) 15.861ms
[30.233s][info ][gc,cpu         ] GC(68) User=0.08s Sys=0.00s Real=0.02s
[30.233s][info ][safepoint      ] Safepoint "ParallelGCFailedAllocation", Time since last: 96195205 ns, Reaching safepoint: 132507 ns, At safepoint: 15985665 ns, Total: 16118172 ns
[30.322s][info ][safepoint      ] Safepoint "ICBufferFull", Time since last: 88517790 ns, Reaching safepoint: 128907 ns, At safepoint: 28901 ns, Total: 157808 ns
[30.381s][info ][safepoint      ] Safepoint "ICBufferFull", Time since last: 59168202 ns, Reaching safepoint: 164409 ns, At safepoint: 35301 ns, Total: 199710 ns
[30.606s][info ][gc,start       ] GC(69) Pause Young (Allocation Failure)
[30.623s][debug][gc,phases      ] GC(69) Scavenge 16.388ms
[30.623s][debug][gc,ref         ] GC(69) Skipped phase 1 of Reference Processing: no references
[30.623s][debug][gc,ref         ] GC(69) ReferenceProcessor::execute queues: 1, RefProcThreadModel::Single, marks_oops_alive: false
[30.623s][debug][gc,ref         ] GC(69) Skipped phase 3 of Reference Processing: no references
[30.623s][debug][gc,ref         ] GC(69) ReferenceProcessor::execute queues: 1, RefProcThreadModel::Single, marks_oops_alive: false
[30.623s][debug][gc,phases      ] GC(69) Reference Processing 0.159ms
[30.623s][debug][gc,phases      ] GC(69)   VM Weak                        Min:  0.0, Avg:  0.0, Max:  0.0, Diff:  0.0, Sum:  0.0, Workers: 4
[30.623s][debug][gc,phases      ] GC(69)     Dead                           Min: 0, Avg:  0.0, Max: 0, Diff: 0, Sum: 0, Workers: 4
[30.623s][debug][gc,phases      ] GC(69)     Total                          Min: 0, Avg: 158.5, Max: 320, Diff: 320, Sum: 634, Workers: 4
[30.623s][debug][gc,phases      ] GC(69)   ObjectSynchronizer Weak        Min:  0.0, Avg:  0.0, Max:  0.0, Diff:  0.0, Sum:  0.0, Workers: 4
[30.623s][debug][gc,phases      ] GC(69)     Dead                           Min: 0, Avg:  0.0, Max: 0, Diff: 0, Sum: 0, Workers: 4
[30.623s][debug][gc,phases      ] GC(69)     Total                          Min: 0, Avg: 83.0, Max: 128, Diff: 128, Sum: 332, Workers: 4
[30.623s][debug][gc,phases      ] GC(69)   JVMTI Tag Weak OopStorage      Min:  0.0, Avg:  0.0, Max:  0.0, Diff:  0.0, Sum:  0.0, Workers: 4
[30.623s][debug][gc,phases      ] GC(69)     Dead                           Min: 0, Avg:  0.0, Max: 0, Diff: 0, Sum: 0, Workers: 4
[30.623s][debug][gc,phases      ] GC(69)     Total                          Min: 0, Avg:  0.0, Max: 0, Diff: 0, Sum: 0, Workers: 4
[30.623s][debug][gc,phases      ] GC(69)   StringTable Weak               Min:  0.1, Avg:  0.1, Max:  0.1, Diff:  0.0, Sum:  0.6, Workers: 4
[30.623s][debug][gc,phases      ] GC(69)     Dead                           Min: 0, Avg:  0.0, Max: 0, Diff: 0, Sum: 0, Workers: 4
[30.623s][debug][gc,phases      ] GC(69)     Total                          Min: 10912, Avg: 11576.0, Max: 12032, Diff: 1120, Sum: 46304, Workers: 4
[30.623s][debug][gc,phases      ] GC(69)   ResolvedMethodTable Weak       Min:  0.0, Avg:  0.0, Max:  0.0, Diff:  0.0, Sum:  0.1, Workers: 4
[30.623s][debug][gc,phases      ] GC(69)     Dead                           Min: 0, Avg:  0.0, Max: 0, Diff: 0, Sum: 0, Workers: 4
[30.623s][debug][gc,phases      ] GC(69)     Total                          Min: 1855, Avg: 1962.5, Max: 2112, Diff: 257, Sum: 7850, Workers: 4
[30.623s][debug][gc,phases      ] GC(69)   JNI Weak                       Min:  0.0, Avg:  0.0, Max:  0.0, Diff:  0.0, Sum:  0.0, Workers: 4
[30.623s][debug][gc,phases      ] GC(69)     Dead                           Min: 0, Avg:  0.0, Max: 0, Diff: 0, Sum: 0, Workers: 4
[30.623s][debug][gc,phases      ] GC(69)     Total                          Min: 0, Avg:  1.8, Max: 7, Diff: 7, Sum: 7, Workers: 4
[30.623s][debug][gc,phases      ] GC(69)   StringDedup Table Weak         Min:  0.0, Avg:  0.0, Max:  0.0, Diff:  0.0, Sum:  0.0, Workers: 4
[30.623s][debug][gc,phases      ] GC(69)     Dead                           Min: 0, Avg:  0.0, Max: 0, Diff: 0, Sum: 0, Workers: 4
[30.623s][debug][gc,phases      ] GC(69)     Total                          Min: 0, Avg:  0.0, Max: 0, Diff: 0, Sum: 0, Workers: 4
[30.623s][debug][gc,phases      ] GC(69)   StringDedup Requests0 Weak     Min:  0.0, Avg:  0.0, Max:  0.0, Diff:  0.0, Sum:  0.0, Workers: 4
[30.623s][debug][gc,phases      ] GC(69)     Dead                           Min: 0, Avg:  0.0, Max: 0, Diff: 0, Sum: 0, Workers: 4
[30.623s][debug][gc,phases      ] GC(69)     Total                          Min: 0, Avg:  0.0, Max: 0, Diff: 0, Sum: 0, Workers: 4
[30.623s][debug][gc,phases      ] GC(69)   StringDedup Requests1 Weak     Min:  0.0, Avg:  0.0, Max:  0.0, Diff:  0.0, Sum:  0.0, Workers: 4
[30.623s][debug][gc,phases      ] GC(69)     Dead                           Min: 0, Avg:  0.0, Max: 0, Diff: 0, Sum: 0, Workers: 4
[30.623s][debug][gc,phases      ] GC(69)     Total                          Min: 0, Avg:  0.0, Max: 0, Diff: 0, Sum: 0, Workers: 4
[30.623s][debug][gc,phases      ] GC(69)   Weak JFR Old Object Samples    Min:  0.0, Avg:  0.0, Max:  0.0, Diff:  0.0, Sum:  0.0, Workers: 4
[30.623s][debug][gc,phases      ] GC(69)     Dead                           Min: 0, Avg:  0.0, Max: 0, Diff: 0, Sum: 0, Workers: 4
[30.623s][debug][gc,phases      ] GC(69)     Total                          Min: 0, Avg:  0.0, Max: 0, Diff: 0, Sum: 0, Workers: 4
[30.623s][debug][gc,phases      ] GC(69) Weak Processing 0.367ms
[30.623s][debug][gc,age         ] GC(69) Desired survivor size 136314880 bytes, new threshold 15 (max threshold 15)
[30.623s][info ][gc,heap        ] GC(69) PSYoungGen: 1830745K(1935872K)->50219K(1964032K) Eden: 1785344K(1785344K)->0K(1823744K) From: 45401K(150528K)->50219K(140288K)
[30.623s][info ][gc,heap        ] GC(69) ParOldGen: 384548K(470016K)->384684K(470016K)
[30.623s][info ][gc,metaspace   ] GC(69) Metaspace: 77716K(78528K)->77716K(78528K) NonClass: 66504K(66944K)->66504K(66944K) Class: 11211K(11584K)->11211K(11584K)
[30.623s][info ][gc             ] GC(69) Pause Young (Allocation Failure) 2163M->424M(2377M) 17.057ms
[30.623s][info ][gc,cpu         ] GC(69) User=0.08s Sys=0.00s Real=0.01s
[30.623s][info ][safepoint      ] Safepoint "ParallelGCFailedAllocation", Time since last: 224753162 ns, Reaching safepoint: 135007 ns, At safepoint: 17167329 ns, Total: 17302336 ns
[30.994s][info ][gc,start       ] GC(70) Pause Young (Allocation Failure)
[31.008s][debug][gc,phases      ] GC(70) Scavenge 13.765ms
[31.008s][debug][gc,ref         ] GC(70) Skipped phase 1 of Reference Processing: no references
[31.008s][debug][gc,ref         ] GC(70) ReferenceProcessor::execute queues: 1, RefProcThreadModel::Single, marks_oops_alive: false
[31.008s][debug][gc,ref         ] GC(70) Skipped phase 3 of Reference Processing: no references
[31.008s][debug][gc,ref         ] GC(70) ReferenceProcessor::execute queues: 1, RefProcThreadModel::Single, marks_oops_alive: false
[31.008s][debug][gc,phases      ] GC(70) Reference Processing 0.152ms
[31.009s][debug][gc,phases      ] GC(70)   VM Weak                        Min:  0.0, Avg:  0.0, Max:  0.0, Diff:  0.0, Sum:  0.0, Workers: 4
[31.009s][debug][gc,phases      ] GC(70)     Dead                           Min: 0, Avg:  0.0, Max: 0, Diff: 0, Sum: 0, Workers: 4
[31.009s][debug][gc,phases      ] GC(70)     Total                          Min: 0, Avg: 158.5, Max: 378, Diff: 378, Sum: 634, Workers: 4
[31.009s][debug][gc,phases      ] GC(70)   ObjectSynchronizer Weak        Min:  0.0, Avg:  0.0, Max:  0.0, Diff:  0.0, Sum:  0.0, Workers: 4
[31.009s][debug][gc,phases      ] GC(70)     Dead                           Min: 0, Avg:  0.0, Max: 0, Diff: 0, Sum: 0, Workers: 4
[31.009s][debug][gc,phases      ] GC(70)     Total                          Min: 0, Avg: 83.0, Max: 192, Diff: 192, Sum: 332, Workers: 4
[31.009s][debug][gc,phases      ] GC(70)   JVMTI Tag Weak OopStorage      Min:  0.0, Avg:  0.0, Max:  0.0, Diff:  0.0, Sum:  0.0, Workers: 4
[31.009s][debug][gc,phases      ] GC(70)     Dead                           Min: 0, Avg:  0.0, Max: 0, Diff: 0, Sum: 0, Workers: 4
[31.009s][debug][gc,phases      ] GC(70)     Total                          Min: 0, Avg:  0.0, Max: 0, Diff: 0, Sum: 0, Workers: 4
[31.009s][debug][gc,phases      ] GC(70)   StringTable Weak               Min:  0.1, Avg:  0.1, Max:  0.1, Diff:  0.0, Sum:  0.5, Workers: 4
[31.009s][debug][gc,phases      ] GC(70)     Dead                           Min: 0, Avg:  0.0, Max: 0, Diff: 0, Sum: 0, Workers: 4
[31.009s][debug][gc,phases      ] GC(70)     Total                          Min: 10880, Avg: 11582.5, Max: 12544, Diff: 1664, Sum: 46330, Workers: 4
[31.009s][debug][gc,phases      ] GC(70)   ResolvedMethodTable Weak       Min:  0.0, Avg:  0.0, Max:  0.0, Diff:  0.0, Sum:  0.1, Workers: 4
[31.009s][debug][gc,phases      ] GC(70)     Dead                           Min: 0, Avg:  0.0, Max: 0, Diff: 0, Sum: 0, Workers: 4
[31.009s][debug][gc,phases      ] GC(70)     Total                          Min: 1707, Avg: 1962.5, Max: 2240, Diff: 533, Sum: 7850, Workers: 4
[31.009s][debug][gc,phases      ] GC(70)   JNI Weak                       Min:  0.0, Avg:  0.0, Max:  0.0, Diff:  0.0, Sum:  0.0, Workers: 4
[31.009s][debug][gc,phases      ] GC(70)     Dead                           Min: 0, Avg:  0.0, Max: 0, Diff: 0, Sum: 0, Workers: 4
[31.009s][debug][gc,phases      ] GC(70)     Total                          Min: 0, Avg:  3.5, Max: 14, Diff: 14, Sum: 14, Workers: 4
[31.009s][debug][gc,phases      ] GC(70)   StringDedup Table Weak         Min:  0.0, Avg:  0.0, Max:  0.0, Diff:  0.0, Sum:  0.0, Workers: 4
[31.009s][debug][gc,phases      ] GC(70)     Dead                           Min: 0, Avg:  0.0, Max: 0, Diff: 0, Sum: 0, Workers: 4
[31.009s][debug][gc,phases      ] GC(70)     Total                          Min: 0, Avg:  0.0, Max: 0, Diff: 0, Sum: 0, Workers: 4
[31.009s][debug][gc,phases      ] GC(70)   StringDedup Requests0 Weak     Min:  0.0, Avg:  0.0, Max:  0.0, Diff:  0.0, Sum:  0.0, Workers: 4
[31.009s][debug][gc,phases      ] GC(70)     Dead                           Min: 0, Avg:  0.0, Max: 0, Diff: 0, Sum: 0, Workers: 4
[31.009s][debug][gc,phases      ] GC(70)     Total                          Min: 0, Avg:  0.0, Max: 0, Diff: 0, Sum: 0, Workers: 4
[31.009s][debug][gc,phases      ] GC(70)   StringDedup Requests1 Weak     Min:  0.0, Avg:  0.0, Max:  0.0, Diff:  0.0, Sum:  0.0, Workers: 4
[31.009s][debug][gc,phases      ] GC(70)     Dead                           Min: 0, Avg:  0.0, Max: 0, Diff: 0, Sum: 0, Workers: 4
[31.009s][debug][gc,phases      ] GC(70)     Total                          Min: 0, Avg:  0.0, Max: 0, Diff: 0, Sum: 0, Workers: 4
[31.009s][debug][gc,phases      ] GC(70)   Weak JFR Old Object Samples    Min:  0.0, Avg:  0.0, Max:  0.0, Diff:  0.0, Sum:  0.0, Workers: 4
[31.009s][debug][gc,phases      ] GC(70)     Dead                           Min: 0, Avg:  0.0, Max: 0, Diff: 0, Sum: 0, Workers: 4
[31.009s][debug][gc,phases      ] GC(70)     Total                          Min: 0, Avg:  0.0, Max: 0, Diff: 0, Sum: 0, Workers: 4
[31.009s][debug][gc,phases      ] GC(70) Weak Processing 0.355ms
[31.009s][debug][gc,age         ] GC(70) Desired survivor size 129499136 bytes, new threshold 15 (max threshold 15)
[31.009s][info ][gc,heap        ] GC(70) PSYoungGen: 1873963K(1964032K)->48971K(1956864K) Eden: 1823744K(1823744K)->0K(1823744K) From: 50219K(140288K)->48971K(133120K)
[31.009s][info ][gc,heap        ] GC(70) ParOldGen: 384684K(470016K)->384844K(470016K)
[31.009s][info ][gc,metaspace   ] GC(70) Metaspace: 77753K(78528K)->77753K(78528K) NonClass: 66541K(66944K)->66541K(66944K) Class: 11211K(11584K)->11211K(11584K)
[31.009s][info ][gc             ] GC(70) Pause Young (Allocation Failure) 2205M->423M(2370M) 14.413ms
[31.009s][info ][gc,cpu         ] GC(70) User=0.06s Sys=0.00s Real=0.02s
[31.009s][info ][safepoint      ] Safepoint "ParallelGCFailedAllocation", Time since last: 370359139 ns, Reaching safepoint: 601833 ns, At safepoint: 14537687 ns, Total: 15139520 ns
[31.440s][info ][gc,start       ] GC(71) Pause Young (Allocation Failure)
[31.452s][debug][gc,phases      ] GC(71) Scavenge 12.361ms
[31.452s][debug][gc,ref         ] GC(71) Skipped phase 1 of Reference Processing: no references
[31.452s][debug][gc,ref         ] GC(71) ReferenceProcessor::execute queues: 1, RefProcThreadModel::Single, marks_oops_alive: false
[31.452s][debug][gc,ref         ] GC(71) Skipped phase 3 of Reference Processing: no references
[31.452s][debug][gc,ref         ] GC(71) ReferenceProcessor::execute queues: 1, RefProcThreadModel::Single, marks_oops_alive: false
[31.452s][debug][gc,phases      ] GC(71) Reference Processing 0.153ms
[31.452s][debug][gc,phases      ] GC(71)   VM Weak                        Min:  0.0, Avg:  0.0, Max:  0.0, Diff:  0.0, Sum:  0.0, Workers: 4
[31.452s][debug][gc,phases      ] GC(71)     Dead                           Min: 0, Avg:  0.0, Max: 0, Diff: 0, Sum: 0, Workers: 4
[31.452s][debug][gc,phases      ] GC(71)     Total                          Min: 0, Avg: 158.5, Max: 384, Diff: 384, Sum: 634, Workers: 4
[31.452s][debug][gc,phases      ] GC(71)   ObjectSynchronizer Weak        Min:  0.0, Avg:  0.0, Max:  0.0, Diff:  0.0, Sum:  0.0, Workers: 4
[31.452s][debug][gc,phases      ] GC(71)     Dead                           Min: 0, Avg:  0.0, Max: 0, Diff: 0, Sum: 0, Workers: 4
[31.452s][debug][gc,phases      ] GC(71)     Total                          Min: 0, Avg: 83.0, Max: 204, Diff: 204, Sum: 332, Workers: 4
[31.452s][debug][gc,phases      ] GC(71)   JVMTI Tag Weak OopStorage      Min:  0.0, Avg:  0.0, Max:  0.0, Diff:  0.0, Sum:  0.0, Workers: 4
[31.452s][debug][gc,phases      ] GC(71)     Dead                           Min: 0, Avg:  0.0, Max: 0, Diff: 0, Sum: 0, Workers: 4
[31.452s][debug][gc,phases      ] GC(71)     Total                          Min: 0, Avg:  0.0, Max: 0, Diff: 0, Sum: 0, Workers: 4
[31.452s][debug][gc,phases      ] GC(71)   StringTable Weak               Min:  0.1, Avg:  0.1, Max:  0.1, Diff:  0.0, Sum:  0.5, Workers: 4
[31.452s][debug][gc,phases      ] GC(71)     Dead                           Min: 0, Avg:  0.0, Max: 0, Diff: 0, Sum: 0, Workers: 4
[31.452s][debug][gc,phases      ] GC(71)     Total                          Min: 10880, Avg: 11583.0, Max: 12544, Diff: 1664, Sum: 46332, Workers: 4
[31.452s][debug][gc,phases      ] GC(71)   ResolvedMethodTable Weak       Min:  0.0, Avg:  0.0, Max:  0.0, Diff:  0.0, Sum:  0.1, Workers: 4
[31.452s][debug][gc,phases      ] GC(71)     Dead                           Min: 0, Avg:  0.0, Max: 0, Diff: 0, Sum: 0, Workers: 4
[31.452s][debug][gc,phases      ] GC(71)     Total                          Min: 1792, Avg: 1963.2, Max: 2048, Diff: 256, Sum: 7853, Workers: 4
[31.452s][debug][gc,phases      ] GC(71)   JNI Weak                       Min:  0.0, Avg:  0.0, Max:  0.0, Diff:  0.0, Sum:  0.0, Workers: 4
[31.452s][debug][gc,phases      ] GC(71)     Dead                           Min: 0, Avg:  0.0, Max: 0, Diff: 0, Sum: 0, Workers: 4
[31.452s][debug][gc,phases      ] GC(71)     Total                          Min: 0, Avg:  2.8, Max: 11, Diff: 11, Sum: 11, Workers: 4
[31.452s][debug][gc,phases      ] GC(71)   StringDedup Table Weak         Min:  0.0, Avg:  0.0, Max:  0.0, Diff:  0.0, Sum:  0.0, Workers: 4
[31.452s][debug][gc,phases      ] GC(71)     Dead                           Min: 0, Avg:  0.0, Max: 0, Diff: 0, Sum: 0, Workers: 4
[31.452s][debug][gc,phases      ] GC(71)     Total                          Min: 0, Avg:  0.0, Max: 0, Diff: 0, Sum: 0, Workers: 4
[31.452s][debug][gc,phases      ] GC(71)   StringDedup Requests0 Weak     Min:  0.0, Avg:  0.0, Max:  0.0, Diff:  0.0, Sum:  0.0, Workers: 4
[31.452s][debug][gc,phases      ] GC(71)     Dead                           Min: 0, Avg:  0.0, Max: 0, Diff: 0, Sum: 0, Workers: 4
[31.452s][debug][gc,phases      ] GC(71)     Total                          Min: 0, Avg:  0.0, Max: 0, Diff: 0, Sum: 0, Workers: 4
[31.453s][debug][gc,phases      ] GC(71)   StringDedup Requests1 Weak     Min:  0.0, Avg:  0.0, Max:  0.0, Diff:  0.0, Sum:  0.0, Workers: 4
[31.453s][debug][gc,phases      ] GC(71)     Dead                           Min: 0, Avg:  0.0, Max: 0, Diff: 0, Sum: 0, Workers: 4
[31.453s][debug][gc,phases      ] GC(71)     Total                          Min: 0, Avg:  0.0, Max: 0, Diff: 0, Sum: 0, Workers: 4
[31.453s][debug][gc,phases      ] GC(71)   Weak JFR Old Object Samples    Min:  0.0, Avg:  0.0, Max:  0.0, Diff:  0.0, Sum:  0.0, Workers: 4
[31.453s][debug][gc,phases      ] GC(71)     Dead                           Min: 0, Avg:  0.0, Max: 0, Diff: 0, Sum: 0, Workers: 4
[31.453s][debug][gc,phases      ] GC(71)     Total                          Min: 0, Avg:  0.0, Max: 0, Diff: 0, Sum: 0, Workers: 4
[31.453s][debug][gc,phases      ] GC(71) Weak Processing 0.344ms
[31.453s][debug][gc,age         ] GC(71) Desired survivor size 122159104 bytes, new threshold 15 (max threshold 15)
[31.453s][info ][gc,heap        ] GC(71) PSYoungGen: 1872715K(1956864K)->48313K(1977856K) Eden: 1823744K(1823744K)->0K(1851392K) From: 48971K(133120K)->48313K(126464K)
[31.453s][info ][gc,heap        ] GC(71) ParOldGen: 384844K(470016K)->384996K(470016K)
[31.453s][info ][gc,metaspace   ] GC(71) Metaspace: 77823K(78592K)->77823K(78592K) NonClass: 66610K(67008K)->66610K(67008K) Class: 11212K(11584K)->11212K(11584K)
[31.453s][info ][gc             ] GC(71) Pause Young (Allocation Failure) 2204M->423M(2390M) 12.998ms
[31.453s][info ][gc,cpu         ] GC(71) User=0.05s Sys=0.01s Real=0.01s
[31.453s][info ][safepoint      ] Safepoint "ParallelGCFailedAllocation", Time since last: 430454491 ns, Reaching safepoint: 294316 ns, At safepoint: 13114410 ns, Total: 13408726 ns
[31.916s][info ][gc,start       ] GC(72) Pause Young (Allocation Failure)
[31.931s][debug][gc,phases      ] GC(72) Scavenge 15.128ms
[31.931s][debug][gc,ref         ] GC(72) Skipped phase 1 of Reference Processing: no references
[31.931s][debug][gc,ref         ] GC(72) ReferenceProcessor::execute queues: 1, RefProcThreadModel::Single, marks_oops_alive: false
[31.932s][debug][gc,ref         ] GC(72) Skipped phase 3 of Reference Processing: no references
[31.932s][debug][gc,ref         ] GC(72) ReferenceProcessor::execute queues: 1, RefProcThreadModel::Single, marks_oops_alive: false
[31.932s][debug][gc,phases      ] GC(72) Reference Processing 0.205ms
[31.932s][debug][gc,phases      ] GC(72)   VM Weak                        Min:  0.0, Avg:  0.0, Max:  0.0, Diff:  0.0, Sum:  0.0, Workers: 4
[31.932s][debug][gc,phases      ] GC(72)     Dead                           Min: 0, Avg:  0.0, Max: 0, Diff: 0, Sum: 0, Workers: 4
[31.932s][debug][gc,phases      ] GC(72)     Total                          Min: 0, Avg: 158.5, Max: 448, Diff: 448, Sum: 634, Workers: 4
[31.932s][debug][gc,phases      ] GC(72)   ObjectSynchronizer Weak        Min:  0.0, Avg:  0.0, Max:  0.0, Diff:  0.0, Sum:  0.0, Workers: 4
[31.932s][debug][gc,phases      ] GC(72)     Dead                           Min: 0, Avg:  0.0, Max: 0, Diff: 0, Sum: 0, Workers: 4
[31.932s][debug][gc,phases      ] GC(72)     Total                          Min: 0, Avg: 83.2, Max: 128, Diff: 128, Sum: 333, Workers: 4
[31.932s][debug][gc,phases      ] GC(72)   JVMTI Tag Weak OopStorage      Min:  0.0, Avg:  0.0, Max:  0.0, Diff:  0.0, Sum:  0.0, Workers: 4
[31.932s][debug][gc,phases      ] GC(72)     Dead                           Min: 0, Avg:  0.0, Max: 0, Diff: 0, Sum: 0, Workers: 4
[31.932s][debug][gc,phases      ] GC(72)     Total                          Min: 0, Avg:  0.0, Max: 0, Diff: 0, Sum: 0, Workers: 4
[31.932s][debug][gc,phases      ] GC(72)   StringTable Weak               Min:  0.1, Avg:  0.1, Max:  0.1, Diff:  0.0, Sum:  0.6, Workers: 4
[31.932s][debug][gc,phases      ] GC(72)     Dead                           Min: 0, Avg:  0.0, Max: 0, Diff: 0, Sum: 0, Workers: 4
[31.932s][debug][gc,phases      ] GC(72)     Total                          Min: 10880, Avg: 11584.2, Max: 11969, Diff: 1089, Sum: 46337, Workers: 4
[31.932s][debug][gc,phases      ] GC(72)   ResolvedMethodTable Weak       Min:  0.0, Avg:  0.0, Max:  0.0, Diff:  0.0, Sum:  0.1, Workers: 4
[31.932s][debug][gc,phases      ] GC(72)     Dead                           Min: 0, Avg:  0.0, Max: 0, Diff: 0, Sum: 0, Workers: 4
[31.932s][debug][gc,phases      ] GC(72)     Total                          Min: 1792, Avg: 1963.2, Max: 2240, Diff: 448, Sum: 7853, Workers: 4
[31.932s][debug][gc,phases      ] GC(72)   JNI Weak                       Min:  0.0, Avg:  0.0, Max:  0.0, Diff:  0.0, Sum:  0.0, Workers: 4
[31.932s][debug][gc,phases      ] GC(72)     Dead                           Min: 0, Avg:  0.0, Max: 0, Diff: 0, Sum: 0, Workers: 4
[31.932s][debug][gc,phases      ] GC(72)     Total                          Min: 0, Avg:  3.5, Max: 14, Diff: 14, Sum: 14, Workers: 4
[31.932s][debug][gc,phases      ] GC(72)   StringDedup Table Weak         Min:  0.0, Avg:  0.0, Max:  0.0, Diff:  0.0, Sum:  0.0, Workers: 4
[31.932s][debug][gc,phases      ] GC(72)     Dead                           Min: 0, Avg:  0.0, Max: 0, Diff: 0, Sum: 0, Workers: 4
[31.932s][debug][gc,phases      ] GC(72)     Total                          Min: 0, Avg:  0.0, Max: 0, Diff: 0, Sum: 0, Workers: 4
[31.932s][debug][gc,phases      ] GC(72)   StringDedup Requests0 Weak     Min:  0.0, Avg:  0.0, Max:  0.0, Diff:  0.0, Sum:  0.0, Workers: 4
[31.932s][debug][gc,phases      ] GC(72)     Dead                           Min: 0, Avg:  0.0, Max: 0, Diff: 0, Sum: 0, Workers: 4
[31.932s][debug][gc,phases      ] GC(72)     Total                          Min: 0, Avg:  0.0, Max: 0, Diff: 0, Sum: 0, Workers: 4
[31.932s][debug][gc,phases      ] GC(72)   StringDedup Requests1 Weak     Min:  0.0, Avg:  0.0, Max:  0.0, Diff:  0.0, Sum:  0.0, Workers: 4
[31.932s][debug][gc,phases      ] GC(72)     Dead                           Min: 0, Avg:  0.0, Max: 0, Diff: 0, Sum: 0, Workers: 4
[31.932s][debug][gc,phases      ] GC(72)     Total                          Min: 0, Avg:  0.0, Max: 0, Diff: 0, Sum: 0, Workers: 4
[31.932s][debug][gc,phases      ] GC(72)   Weak JFR Old Object Samples    Min:  0.0, Avg:  0.0, Max:  0.0, Diff:  0.0, Sum:  0.0, Workers: 4
[31.932s][debug][gc,phases      ] GC(72)     Dead                           Min: 0, Avg:  0.0, Max: 0, Diff: 0, Sum: 0, Workers: 4
[31.932s][debug][gc,phases      ] GC(72)     Total                          Min: 0, Avg:  0.0, Max: 0, Diff: 0, Sum: 0, Workers: 4
[31.932s][debug][gc,phases      ] GC(72) Weak Processing 0.425ms
[31.932s][debug][gc,age         ] GC(72) Desired survivor size 115867648 bytes, new threshold 15 (max threshold 15)
[31.932s][info ][gc,heap        ] GC(72) PSYoungGen: 1899705K(1977856K)->48537K(1970688K) Eden: 1851392K(1851392K)->0K(1851392K) From: 48313K(126464K)->48537K(119296K)
[31.932s][info ][gc,heap        ] GC(72) ParOldGen: 384996K(470016K)->385148K(470016K)
[31.932s][info ][gc,metaspace   ] GC(72) Metaspace: 77864K(78656K)->77864K(78656K) NonClass: 66651K(67072K)->66651K(67072K) Class: 11212K(11584K)->11212K(11584K)
[31.932s][info ][gc             ] GC(72) Pause Young (Allocation Failure) 2231M->423M(2383M) 15.916ms
[31.932s][info ][gc,cpu         ] GC(72) User=0.08s Sys=0.00s Real=0.02s
[31.932s][info ][safepoint      ] Safepoint "ParallelGCFailedAllocation", Time since last: 463309869 ns, Reaching safepoint: 142108 ns, At safepoint: 16053268 ns, Total: 16195376 ns
[32.302s][info ][gc,start       ] GC(73) Pause Young (Allocation Failure)
[32.316s][debug][gc,phases      ] GC(73) Scavenge 14.624ms
[32.316s][debug][gc,ref         ] GC(73) Skipped phase 1 of Reference Processing: no references
[32.317s][debug][gc,ref         ] GC(73) ReferenceProcessor::execute queues: 1, RefProcThreadModel::Single, marks_oops_alive: false
[32.317s][debug][gc,ref         ] GC(73) Skipped phase 3 of Reference Processing: no references
[32.317s][debug][gc,ref         ] GC(73) ReferenceProcessor::execute queues: 1, RefProcThreadModel::Single, marks_oops_alive: false
[32.317s][debug][gc,phases      ] GC(73) Reference Processing 0.155ms
[32.317s][debug][gc,phases      ] GC(73)   VM Weak                        Min:  0.0, Avg:  0.0, Max:  0.0, Diff:  0.0, Sum:  0.0, Workers: 4
[32.317s][debug][gc,phases      ] GC(73)     Dead                           Min: 0, Avg:  0.0, Max: 0, Diff: 0, Sum: 0, Workers: 4
[32.317s][debug][gc,phases      ] GC(73)     Total                          Min: 0, Avg: 158.5, Max: 320, Diff: 320, Sum: 634, Workers: 4
[32.317s][debug][gc,phases      ] GC(73)   ObjectSynchronizer Weak        Min:  0.0, Avg:  0.0, Max:  0.0, Diff:  0.0, Sum:  0.0, Workers: 4
[32.317s][debug][gc,phases      ] GC(73)     Dead                           Min: 0, Avg:  0.0, Max: 0, Diff: 0, Sum: 0, Workers: 4
[32.317s][debug][gc,phases      ] GC(73)     Total                          Min: 0, Avg: 83.2, Max: 269, Diff: 269, Sum: 333, Workers: 4
[32.317s][debug][gc,phases      ] GC(73)   JVMTI Tag Weak OopStorage      Min:  0.0, Avg:  0.0, Max:  0.0, Diff:  0.0, Sum:  0.0, Workers: 4
[32.317s][debug][gc,phases      ] GC(73)     Dead                           Min: 0, Avg:  0.0, Max: 0, Diff: 0, Sum: 0, Workers: 4
[32.317s][debug][gc,phases      ] GC(73)     Total                          Min: 0, Avg:  0.0, Max: 0, Diff: 0, Sum: 0, Workers: 4
[32.317s][debug][gc,phases      ] GC(73)   StringTable Weak               Min:  0.1, Avg:  0.1, Max:  0.1, Diff:  0.0, Sum:  0.6, Workers: 4
[32.317s][debug][gc,phases      ] GC(73)     Dead                           Min: 0, Avg:  0.0, Max: 0, Diff: 0, Sum: 0, Workers: 4
[32.317s][debug][gc,phases      ] GC(73)     Total                          Min: 11008, Avg: 11585.0, Max: 12420, Diff: 1412, Sum: 46340, Workers: 4
[32.317s][debug][gc,phases      ] GC(73)   ResolvedMethodTable Weak       Min:  0.0, Avg:  0.0, Max:  0.0, Diff:  0.0, Sum:  0.1, Workers: 4
[32.317s][debug][gc,phases      ] GC(73)     Dead                           Min: 0, Avg:  0.0, Max: 0, Diff: 0, Sum: 0, Workers: 4
[32.317s][debug][gc,phases      ] GC(73)     Total                          Min: 1709, Avg: 1963.2, Max: 2176, Diff: 467, Sum: 7853, Workers: 4
[32.317s][debug][gc,phases      ] GC(73)   JNI Weak                       Min:  0.0, Avg:  0.0, Max:  0.0, Diff:  0.0, Sum:  0.0, Workers: 4
[32.317s][debug][gc,phases      ] GC(73)     Dead                           Min: 0, Avg:  0.0, Max: 0, Diff: 0, Sum: 0, Workers: 4
[32.317s][debug][gc,phases      ] GC(73)     Total                          Min: 0, Avg:  3.5, Max: 14, Diff: 14, Sum: 14, Workers: 4
[32.317s][debug][gc,phases      ] GC(73)   StringDedup Table Weak         Min:  0.0, Avg:  0.0, Max:  0.0, Diff:  0.0, Sum:  0.0, Workers: 4
[32.317s][debug][gc,phases      ] GC(73)     Dead                           Min: 0, Avg:  0.0, Max: 0, Diff: 0, Sum: 0, Workers: 4
[32.317s][debug][gc,phases      ] GC(73)     Total                          Min: 0, Avg:  0.0, Max: 0, Diff: 0, Sum: 0, Workers: 4
[32.317s][debug][gc,phases      ] GC(73)   StringDedup Requests0 Weak     Min:  0.0, Avg:  0.0, Max:  0.0, Diff:  0.0, Sum:  0.0, Workers: 4
[32.317s][debug][gc,phases      ] GC(73)     Dead                           Min: 0, Avg:  0.0, Max: 0, Diff: 0, Sum: 0, Workers: 4
[32.317s][debug][gc,phases      ] GC(73)     Total                          Min: 0, Avg:  0.0, Max: 0, Diff: 0, Sum: 0, Workers: 4
[32.317s][debug][gc,phases      ] GC(73)   StringDedup Requests1 Weak     Min:  0.0, Avg:  0.0, Max:  0.0, Diff:  0.0, Sum:  0.0, Workers: 4
[32.317s][debug][gc,phases      ] GC(73)     Dead                           Min: 0, Avg:  0.0, Max: 0, Diff: 0, Sum: 0, Workers: 4
[32.317s][debug][gc,phases      ] GC(73)     Total                          Min: 0, Avg:  0.0, Max: 0, Diff: 0, Sum: 0, Workers: 4
[32.317s][debug][gc,phases      ] GC(73)   Weak JFR Old Object Samples    Min:  0.0, Avg:  0.0, Max:  0.0, Diff:  0.0, Sum:  0.0, Workers: 4
[32.317s][debug][gc,phases      ] GC(73)     Dead                           Min: 0, Avg:  0.0, Max: 0, Diff: 0, Sum: 0, Workers: 4
[32.317s][debug][gc,phases      ] GC(73)     Total                          Min: 0, Avg:  0.0, Max: 0, Diff: 0, Sum: 0, Workers: 4
[32.317s][debug][gc,phases      ] GC(73) Weak Processing 0.351ms
[32.317s][debug][gc,age         ] GC(73) Desired survivor size 110624768 bytes, new threshold 15 (max threshold 15)
[32.317s][info ][gc,heap        ] GC(73) PSYoungGen: 1899929K(1970688K)->48601K(1989120K) Eden: 1851392K(1851392K)->0K(1875968K) From: 48537K(119296K)->48601K(113152K)
[32.317s][info ][gc,heap        ] GC(73) ParOldGen: 385148K(470016K)->385620K(470016K)
[32.317s][info ][gc,metaspace   ] GC(73) Metaspace: 77921K(78720K)->77921K(78720K) NonClass: 66708K(67136K)->66708K(67136K) Class: 11212K(11584K)->11212K(11584K)
[32.317s][info ][gc             ] GC(73) Pause Young (Allocation Failure) 2231M->424M(2401M) 15.276ms
[32.317s][info ][gc,cpu         ] GC(73) User=0.08s Sys=0.00s Real=0.01s
[32.317s][info ][safepoint      ] Safepoint "ParallelGCFailedAllocation", Time since last: 369358486 ns, Reaching safepoint: 139207 ns, At safepoint: 15387533 ns, Total: 15526740 ns
[32.694s][info ][gc,start       ] GC(74) Pause Young (Allocation Failure)
[32.708s][debug][gc,phases      ] GC(74) Scavenge 13.694ms
[32.708s][debug][gc,ref         ] GC(74) Skipped phase 1 of Reference Processing: no references
[32.708s][debug][gc,ref         ] GC(74) ReferenceProcessor::execute queues: 1, RefProcThreadModel::Single, marks_oops_alive: false
[32.708s][debug][gc,ref         ] GC(74) Skipped phase 3 of Reference Processing: no references
[32.708s][debug][gc,ref         ] GC(74) ReferenceProcessor::execute queues: 1, RefProcThreadModel::Single, marks_oops_alive: false
[32.708s][debug][gc,phases      ] GC(74) Reference Processing 0.130ms
[32.708s][debug][gc,phases      ] GC(74)   VM Weak                        Min:  0.0, Avg:  0.0, Max:  0.0, Diff:  0.0, Sum:  0.0, Workers: 4
[32.708s][debug][gc,phases      ] GC(74)     Dead                           Min: 0, Avg:  0.0, Max: 0, Diff: 0, Sum: 0, Workers: 4
[32.708s][debug][gc,phases      ] GC(74)     Total                          Min: 0, Avg: 158.5, Max: 378, Diff: 378, Sum: 634, Workers: 4
[32.708s][debug][gc,phases      ] GC(74)   ObjectSynchronizer Weak        Min:  0.0, Avg:  0.0, Max:  0.0, Diff:  0.0, Sum:  0.0, Workers: 4
[32.708s][debug][gc,phases      ] GC(74)     Dead                           Min: 0, Avg:  0.0, Max: 0, Diff: 0, Sum: 0, Workers: 4
[32.708s][debug][gc,phases      ] GC(74)     Total                          Min: 0, Avg: 83.2, Max: 256, Diff: 256, Sum: 333, Workers: 4
[32.708s][debug][gc,phases      ] GC(74)   JVMTI Tag Weak OopStorage      Min:  0.0, Avg:  0.0, Max:  0.0, Diff:  0.0, Sum:  0.0, Workers: 4
[32.708s][debug][gc,phases      ] GC(74)     Dead                           Min: 0, Avg:  0.0, Max: 0, Diff: 0, Sum: 0, Workers: 4
[32.708s][debug][gc,phases      ] GC(74)     Total                          Min: 0, Avg:  0.0, Max: 0, Diff: 0, Sum: 0, Workers: 4
[32.708s][debug][gc,phases      ] GC(74)   StringTable Weak               Min:  0.1, Avg:  0.1, Max:  0.1, Diff:  0.0, Sum:  0.5, Workers: 4
[32.708s][debug][gc,phases      ] GC(74)     Dead                           Min: 0, Avg:  0.0, Max: 0, Diff: 0, Sum: 0, Workers: 4
[32.708s][debug][gc,phases      ] GC(74)     Total                          Min: 10816, Avg: 11585.8, Max: 12359, Diff: 1543, Sum: 46343, Workers: 4
[32.708s][debug][gc,phases      ] GC(74)   ResolvedMethodTable Weak       Min:  0.0, Avg:  0.0, Max:  0.0, Diff:  0.0, Sum:  0.1, Workers: 4
[32.708s][debug][gc,phases      ] GC(74)     Dead                           Min: 0, Avg:  0.0, Max: 0, Diff: 0, Sum: 0, Workers: 4
[32.708s][debug][gc,phases      ] GC(74)     Total                          Min: 1837, Avg: 1963.2, Max: 2240, Diff: 403, Sum: 7853, Workers: 4
[32.708s][debug][gc,phases      ] GC(74)   JNI Weak                       Min:  0.0, Avg:  0.0, Max:  0.0, Diff:  0.0, Sum:  0.0, Workers: 4
[32.708s][debug][gc,phases      ] GC(74)     Dead                           Min: 0, Avg:  0.0, Max: 0, Diff: 0, Sum: 0, Workers: 4
[32.708s][debug][gc,phases      ] GC(74)     Total                          Min: 0, Avg:  4.0, Max: 16, Diff: 16, Sum: 16, Workers: 4
[32.708s][debug][gc,phases      ] GC(74)   StringDedup Table Weak         Min:  0.0, Avg:  0.0, Max:  0.0, Diff:  0.0, Sum:  0.0, Workers: 4
[32.708s][debug][gc,phases      ] GC(74)     Dead                           Min: 0, Avg:  0.0, Max: 0, Diff: 0, Sum: 0, Workers: 4
[32.708s][debug][gc,phases      ] GC(74)     Total                          Min: 0, Avg:  0.0, Max: 0, Diff: 0, Sum: 0, Workers: 4
[32.708s][debug][gc,phases      ] GC(74)   StringDedup Requests0 Weak     Min:  0.0, Avg:  0.0, Max:  0.0, Diff:  0.0, Sum:  0.0, Workers: 4
[32.708s][debug][gc,phases      ] GC(74)     Dead                           Min: 0, Avg:  0.0, Max: 0, Diff: 0, Sum: 0, Workers: 4
[32.708s][debug][gc,phases      ] GC(74)     Total                          Min: 0, Avg:  0.0, Max: 0, Diff: 0, Sum: 0, Workers: 4
[32.708s][debug][gc,phases      ] GC(74)   StringDedup Requests1 Weak     Min:  0.0, Avg:  0.0, Max:  0.0, Diff:  0.0, Sum:  0.0, Workers: 4
[32.708s][debug][gc,phases      ] GC(74)     Dead                           Min: 0, Avg:  0.0, Max: 0, Diff: 0, Sum: 0, Workers: 4
[32.708s][debug][gc,phases      ] GC(74)     Total                          Min: 0, Avg:  0.0, Max: 0, Diff: 0, Sum: 0, Workers: 4
[32.708s][debug][gc,phases      ] GC(74)   Weak JFR Old Object Samples    Min:  0.0, Avg:  0.0, Max:  0.0, Diff:  0.0, Sum:  0.0, Workers: 4
[32.708s][debug][gc,phases      ] GC(74)     Dead                           Min: 0, Avg:  0.0, Max: 0, Diff: 0, Sum: 0, Workers: 4
[32.708s][debug][gc,phases      ] GC(74)     Total                          Min: 0, Avg:  0.0, Max: 0, Diff: 0, Sum: 0, Workers: 4
[32.708s][debug][gc,phases      ] GC(74) Weak Processing 0.341ms
[32.708s][debug][gc,age         ] GC(74) Desired survivor size 105381888 bytes, new threshold 15 (max threshold 15)
[32.708s][info ][gc,heap        ] GC(74) PSYoungGen: 1924569K(1989120K)->48937K(1984000K) Eden: 1875968K(1875968K)->0K(1875968K) From: 48601K(113152K)->48937K(108032K)
[32.708s][info ][gc,heap        ] GC(74) ParOldGen: 385620K(470016K)->385957K(470016K)
[32.708s][info ][gc,metaspace   ] GC(74) Metaspace: 77960K(78784K)->77960K(78784K) NonClass: 66746K(67200K)->66746K(67200K) Class: 11213K(11584K)->11213K(11584K)
[32.708s][info ][gc             ] GC(74) Pause Young (Allocation Failure) 2256M->424M(2396M) 14.304ms
[32.708s][info ][gc,cpu         ] GC(74) User=0.07s Sys=0.00s Real=0.02s
[32.708s][info ][safepoint      ] Safepoint "ParallelGCFailedAllocation", Time since last: 376584677 ns, Reaching safepoint: 152308 ns, At safepoint: 14421080 ns, Total: 14573388 ns
[33.078s][info ][gc,start       ] GC(75) Pause Young (Allocation Failure)
[33.093s][debug][gc,phases      ] GC(75) Scavenge 15.284ms
[33.093s][debug][gc,ref         ] GC(75) Skipped phase 1 of Reference Processing: no references
[33.093s][debug][gc,ref         ] GC(75) ReferenceProcessor::execute queues: 1, RefProcThreadModel::Single, marks_oops_alive: false
[33.093s][debug][gc,ref         ] GC(75) Skipped phase 3 of Reference Processing: no references
[33.093s][debug][gc,ref         ] GC(75) ReferenceProcessor::execute queues: 1, RefProcThreadModel::Single, marks_oops_alive: false
[33.093s][debug][gc,phases      ] GC(75) Reference Processing 0.129ms
[33.094s][debug][gc,phases      ] GC(75)   VM Weak                        Min:  0.0, Avg:  0.0, Max:  0.0, Diff:  0.0, Sum:  0.0, Workers: 4
[33.094s][debug][gc,phases      ] GC(75)     Dead                           Min: 0, Avg:  0.0, Max: 0, Diff: 0, Sum: 0, Workers: 4
[33.094s][debug][gc,phases      ] GC(75)     Total                          Min: 0, Avg: 158.5, Max: 320, Diff: 320, Sum: 634, Workers: 4
[33.094s][debug][gc,phases      ] GC(75)   ObjectSynchronizer Weak        Min:  0.0, Avg:  0.0, Max:  0.0, Diff:  0.0, Sum:  0.0, Workers: 4
[33.094s][debug][gc,phases      ] GC(75)     Dead                           Min: 0, Avg:  0.0, Max: 0, Diff: 0, Sum: 0, Workers: 4
[33.094s][debug][gc,phases      ] GC(75)     Total                          Min: 0, Avg: 83.2, Max: 205, Diff: 205, Sum: 333, Workers: 4
[33.094s][debug][gc,phases      ] GC(75)   JVMTI Tag Weak OopStorage      Min:  0.0, Avg:  0.0, Max:  0.0, Diff:  0.0, Sum:  0.0, Workers: 4
[33.094s][debug][gc,phases      ] GC(75)     Dead                           Min: 0, Avg:  0.0, Max: 0, Diff: 0, Sum: 0, Workers: 4
[33.094s][debug][gc,phases      ] GC(75)     Total                          Min: 0, Avg:  0.0, Max: 0, Diff: 0, Sum: 0, Workers: 4
[33.094s][debug][gc,phases      ] GC(75)   StringTable Weak               Min:  0.1, Avg:  0.1, Max:  0.1, Diff:  0.0, Sum:  0.5, Workers: 4
[33.094s][debug][gc,phases      ] GC(75)     Dead                           Min: 0, Avg:  0.0, Max: 0, Diff: 0, Sum: 0, Workers: 4
[33.094s][debug][gc,phases      ] GC(75)     Total                          Min: 9536, Avg: 11588.0, Max: 12800, Diff: 3264, Sum: 46352, Workers: 4
[33.094s][debug][gc,phases      ] GC(75)   ResolvedMethodTable Weak       Min:  0.0, Avg:  0.0, Max:  0.0, Diff:  0.0, Sum:  0.1, Workers: 4
[33.094s][debug][gc,phases      ] GC(75)     Dead                           Min: 0, Avg:  0.0, Max: 0, Diff: 0, Sum: 0, Workers: 4
[33.094s][debug][gc,phases      ] GC(75)     Total                          Min: 1837, Avg: 1963.2, Max: 2240, Diff: 403, Sum: 7853, Workers: 4
[33.094s][debug][gc,phases      ] GC(75)   JNI Weak                       Min:  0.0, Avg:  0.0, Max:  0.0, Diff:  0.0, Sum:  0.0, Workers: 4
[33.094s][debug][gc,phases      ] GC(75)     Dead                           Min: 0, Avg:  0.0, Max: 0, Diff: 0, Sum: 0, Workers: 4
[33.094s][debug][gc,phases      ] GC(75)     Total                          Min: 0, Avg:  1.8, Max: 7, Diff: 7, Sum: 7, Workers: 4
[33.094s][debug][gc,phases      ] GC(75)   StringDedup Table Weak         Min:  0.0, Avg:  0.0, Max:  0.0, Diff:  0.0, Sum:  0.0, Workers: 4
[33.094s][debug][gc,phases      ] GC(75)     Dead                           Min: 0, Avg:  0.0, Max: 0, Diff: 0, Sum: 0, Workers: 4
[33.094s][debug][gc,phases      ] GC(75)     Total                          Min: 0, Avg:  0.0, Max: 0, Diff: 0, Sum: 0, Workers: 4
[33.094s][debug][gc,phases      ] GC(75)   StringDedup Requests0 Weak     Min:  0.0, Avg:  0.0, Max:  0.0, Diff:  0.0, Sum:  0.0, Workers: 4
[33.094s][debug][gc,phases      ] GC(75)     Dead                           Min: 0, Avg:  0.0, Max: 0, Diff: 0, Sum: 0, Workers: 4
[33.094s][debug][gc,phases      ] GC(75)     Total                          Min: 0, Avg:  0.0, Max: 0, Diff: 0, Sum: 0, Workers: 4
[33.094s][debug][gc,phases      ] GC(75)   StringDedup Requests1 Weak     Min:  0.0, Avg:  0.0, Max:  0.0, Diff:  0.0, Sum:  0.0, Workers: 4
[33.094s][debug][gc,phases      ] GC(75)     Dead                           Min: 0, Avg:  0.0, Max: 0, Diff: 0, Sum: 0, Workers: 4
[33.094s][debug][gc,phases      ] GC(75)     Total                          Min: 0, Avg:  0.0, Max: 0, Diff: 0, Sum: 0, Workers: 4
[33.094s][debug][gc,phases      ] GC(75)   Weak JFR Old Object Samples    Min:  0.0, Avg:  0.0, Max:  0.0, Diff:  0.0, Sum:  0.0, Workers: 4
[33.094s][debug][gc,phases      ] GC(75)     Dead                           Min: 0, Avg:  0.0, Max: 0, Diff: 0, Sum: 0, Workers: 4
[33.094s][debug][gc,phases      ] GC(75)     Total                          Min: 0, Avg:  0.0, Max: 0, Diff: 0, Sum: 0, Workers: 4
[33.094s][debug][gc,phases      ] GC(75) Weak Processing 0.345ms
[33.094s][debug][gc,age         ] GC(75) Desired survivor size 100139008 bytes, new threshold 15 (max threshold 15)
[33.094s][info ][gc,heap        ] GC(75) PSYoungGen: 1924905K(1984000K)->47990K(1999360K) Eden: 1875968K(1875968K)->0K(1896448K) From: 48937K(108032K)->47990K(102912K)
[33.094s][info ][gc,heap        ] GC(75) ParOldGen: 385957K(470016K)->387783K(470016K)
[33.094s][info ][gc,metaspace   ] GC(75) Metaspace: 77961K(78784K)->77961K(78784K) NonClass: 66747K(67200K)->66747K(67200K) Class: 11213K(11584K)->11213K(11584K)
[33.094s][info ][gc             ] GC(75) Pause Young (Allocation Failure) 2256M->425M(2411M) 15.898ms
[33.094s][info ][gc,cpu         ] GC(75) User=0.06s Sys=0.00s Real=0.02s
[33.094s][info ][safepoint      ] Safepoint "ParallelGCFailedAllocation", Time since last: 369502394 ns, Reaching safepoint: 158708 ns, At safepoint: 16014167 ns, Total: 16172875 ns
[33.680s][info ][gc,start       ] GC(76) Pause Young (Allocation Failure)
[33.695s][debug][gc,phases      ] GC(76) Scavenge 15.367ms
[33.695s][debug][gc,ref         ] GC(76) Skipped phase 1 of Reference Processing: no references
[33.695s][debug][gc,ref         ] GC(76) ReferenceProcessor::execute queues: 1, RefProcThreadModel::Single, marks_oops_alive: false
[33.695s][debug][gc,ref         ] GC(76) Skipped phase 3 of Reference Processing: no references
[33.695s][debug][gc,ref         ] GC(76) ReferenceProcessor::execute queues: 1, RefProcThreadModel::Single, marks_oops_alive: false
[33.695s][debug][gc,phases      ] GC(76) Reference Processing 0.119ms
[33.695s][debug][gc,phases      ] GC(76)   VM Weak                        Min:  0.0, Avg:  0.0, Max:  0.0, Diff:  0.0, Sum:  0.0, Workers: 4
[33.695s][debug][gc,phases      ] GC(76)     Dead                           Min: 0, Avg:  0.0, Max: 0, Diff: 0, Sum: 0, Workers: 4
[33.695s][debug][gc,phases      ] GC(76)     Total                          Min: 0, Avg: 158.5, Max: 634, Diff: 634, Sum: 634, Workers: 4
[33.695s][debug][gc,phases      ] GC(76)   ObjectSynchronizer Weak        Min:  0.0, Avg:  0.0, Max:  0.0, Diff:  0.0, Sum:  0.0, Workers: 4
[33.696s][debug][gc,phases      ] GC(76)     Dead                           Min: 0, Avg:  0.0, Max: 0, Diff: 0, Sum: 0, Workers: 4
[33.696s][debug][gc,phases      ] GC(76)     Total                          Min: 0, Avg: 83.5, Max: 142, Diff: 142, Sum: 334, Workers: 4
[33.696s][debug][gc,phases      ] GC(76)   JVMTI Tag Weak OopStorage      Min:  0.0, Avg:  0.0, Max:  0.0, Diff:  0.0, Sum:  0.0, Workers: 4
[33.696s][debug][gc,phases      ] GC(76)     Dead                           Min: 0, Avg:  0.0, Max: 0, Diff: 0, Sum: 0, Workers: 4
[33.696s][debug][gc,phases      ] GC(76)     Total                          Min: 0, Avg:  0.0, Max: 0, Diff: 0, Sum: 0, Workers: 4
[33.696s][debug][gc,phases      ] GC(76)   StringTable Weak               Min:  0.1, Avg:  0.1, Max:  0.1, Diff:  0.0, Sum:  0.5, Workers: 4
[33.696s][debug][gc,phases      ] GC(76)     Dead                           Min: 0, Avg:  0.0, Max: 0, Diff: 0, Sum: 0, Workers: 4
[33.696s][debug][gc,phases      ] GC(76)     Total                          Min: 11072, Avg: 11588.8, Max: 12627, Diff: 1555, Sum: 46355, Workers: 4
[33.696s][debug][gc,phases      ] GC(76)   ResolvedMethodTable Weak       Min:  0.0, Avg:  0.0, Max:  0.0, Diff:  0.0, Sum:  0.1, Workers: 4
[33.696s][debug][gc,phases      ] GC(76)     Dead                           Min: 0, Avg:  0.0, Max: 0, Diff: 0, Sum: 0, Workers: 4
[33.696s][debug][gc,phases      ] GC(76)     Total                          Min: 1920, Avg: 1963.2, Max: 2048, Diff: 128, Sum: 7853, Workers: 4
[33.696s][debug][gc,phases      ] GC(76)   JNI Weak                       Min:  0.0, Avg:  0.0, Max:  0.0, Diff:  0.0, Sum:  0.0, Workers: 4
[33.696s][debug][gc,phases      ] GC(76)     Dead                           Min: 0, Avg:  0.0, Max: 0, Diff: 0, Sum: 0, Workers: 4
[33.696s][debug][gc,phases      ] GC(76)     Total                          Min: 0, Avg:  0.0, Max: 0, Diff: 0, Sum: 0, Workers: 4
[33.696s][debug][gc,phases      ] GC(76)   StringDedup Table Weak         Min:  0.0, Avg:  0.0, Max:  0.0, Diff:  0.0, Sum:  0.0, Workers: 4
[33.696s][debug][gc,phases      ] GC(76)     Dead                           Min: 0, Avg:  0.0, Max: 0, Diff: 0, Sum: 0, Workers: 4
[33.696s][debug][gc,phases      ] GC(76)     Total                          Min: 0, Avg:  0.0, Max: 0, Diff: 0, Sum: 0, Workers: 4
[33.696s][debug][gc,phases      ] GC(76)   StringDedup Requests0 Weak     Min:  0.0, Avg:  0.0, Max:  0.0, Diff:  0.0, Sum:  0.0, Workers: 4
[33.696s][debug][gc,phases      ] GC(76)     Dead                           Min: 0, Avg:  0.0, Max: 0, Diff: 0, Sum: 0, Workers: 4
[33.696s][debug][gc,phases      ] GC(76)     Total                          Min: 0, Avg:  0.0, Max: 0, Diff: 0, Sum: 0, Workers: 4
[33.696s][debug][gc,phases      ] GC(76)   StringDedup Requests1 Weak     Min:  0.0, Avg:  0.0, Max:  0.0, Diff:  0.0, Sum:  0.0, Workers: 4
[33.696s][debug][gc,phases      ] GC(76)     Dead                           Min: 0, Avg:  0.0, Max: 0, Diff: 0, Sum: 0, Workers: 4
[33.696s][debug][gc,phases      ] GC(76)     Total                          Min: 0, Avg:  0.0, Max: 0, Diff: 0, Sum: 0, Workers: 4
[33.696s][debug][gc,phases      ] GC(76)   Weak JFR Old Object Samples    Min:  0.0, Avg:  0.0, Max:  0.0, Diff:  0.0, Sum:  0.0, Workers: 4
[33.696s][debug][gc,phases      ] GC(76)     Dead                           Min: 0, Avg:  0.0, Max: 0, Diff: 0, Sum: 0, Workers: 4
[33.696s][debug][gc,phases      ] GC(76)     Total                          Min: 0, Avg:  0.0, Max: 0, Diff: 0, Sum: 0, Workers: 4
[33.696s][debug][gc,phases      ] GC(76) Weak Processing 0.340ms
[33.696s][debug][gc,age         ] GC(76) Desired survivor size 95944704 bytes, new threshold 15 (max threshold 15)
[33.696s][info ][gc,heap        ] GC(76) PSYoungGen: 1944438K(1999360K)->48182K(1994240K) Eden: 1896448K(1896448K)->0K(1896448K) From: 47990K(102912K)->48182K(97792K)
[33.696s][info ][gc,heap        ] GC(76) ParOldGen: 387783K(470016K)->388296K(470016K)
[33.696s][info ][gc,metaspace   ] GC(76) Metaspace: 78011K(78848K)->78011K(78848K) NonClass: 66798K(67264K)->66798K(67264K) Class: 11213K(11584K)->11213K(11584K)
[33.696s][info ][gc             ] GC(76) Pause Young (Allocation Failure) 2277M->426M(2406M) 15.964ms
[33.696s][info ][gc,cpu         ] GC(76) User=0.06s Sys=0.00s Real=0.01s
[33.696s][info ][safepoint      ] Safepoint "ParallelGCFailedAllocation", Time since last: 585665290 ns, Reaching safepoint: 147108 ns, At safepoint: 16073670 ns, Total: 16220778 ns
[34.025s][info ][gc,start       ] GC(77) Pause Young (Allocation Failure)
[34.040s][debug][gc,phases      ] GC(77) Scavenge 14.456ms
[34.040s][debug][gc,ref         ] GC(77) Skipped phase 1 of Reference Processing: no references
[34.040s][debug][gc,ref         ] GC(77) ReferenceProcessor::execute queues: 1, RefProcThreadModel::Single, marks_oops_alive: false
[34.040s][debug][gc,ref         ] GC(77) Skipped phase 3 of Reference Processing: no references
[34.040s][debug][gc,ref         ] GC(77) ReferenceProcessor::execute queues: 1, RefProcThreadModel::Single, marks_oops_alive: false
[34.040s][debug][gc,phases      ] GC(77) Reference Processing 0.121ms
[34.040s][debug][gc,phases      ] GC(77)   VM Weak                        Min:  0.0, Avg:  0.0, Max:  0.0, Diff:  0.0, Sum:  0.0, Workers: 4
[34.040s][debug][gc,phases      ] GC(77)     Dead                           Min: 0, Avg:  0.0, Max: 0, Diff: 0, Sum: 0, Workers: 4
[34.040s][debug][gc,phases      ] GC(77)     Total                          Min: 0, Avg: 158.5, Max: 320, Diff: 320, Sum: 634, Workers: 4
[34.040s][debug][gc,phases      ] GC(77)   ObjectSynchronizer Weak        Min:  0.0, Avg:  0.0, Max:  0.0, Diff:  0.0, Sum:  0.0, Workers: 4
[34.040s][debug][gc,phases      ] GC(77)     Dead                           Min: 0, Avg:  0.0, Max: 0, Diff: 0, Sum: 0, Workers: 4
[34.040s][debug][gc,phases      ] GC(77)     Total                          Min: 0, Avg: 83.5, Max: 142, Diff: 142, Sum: 334, Workers: 4
[34.040s][debug][gc,phases      ] GC(77)   JVMTI Tag Weak OopStorage      Min:  0.0, Avg:  0.0, Max:  0.0, Diff:  0.0, Sum:  0.0, Workers: 4
[34.040s][debug][gc,phases      ] GC(77)     Dead                           Min: 0, Avg:  0.0, Max: 0, Diff: 0, Sum: 0, Workers: 4
[34.040s][debug][gc,phases      ] GC(77)     Total                          Min: 0, Avg:  0.0, Max: 0, Diff: 0, Sum: 0, Workers: 4
[34.040s][debug][gc,phases      ] GC(77)   StringTable Weak               Min:  0.1, Avg:  0.1, Max:  0.1, Diff:  0.0, Sum:  0.4, Workers: 4
[34.040s][debug][gc,phases      ] GC(77)     Dead                           Min: 0, Avg:  0.0, Max: 0, Diff: 0, Sum: 0, Workers: 4
[34.040s][debug][gc,phases      ] GC(77)     Total                          Min: 10816, Avg: 11590.2, Max: 11993, Diff: 1177, Sum: 46361, Workers: 4
[34.040s][debug][gc,phases      ] GC(77)   ResolvedMethodTable Weak       Min:  0.0, Avg:  0.0, Max:  0.0, Diff:  0.0, Sum:  0.1, Workers: 4
[34.040s][debug][gc,phases      ] GC(77)     Dead                           Min: 0, Avg:  0.0, Max: 0, Diff: 0, Sum: 0, Workers: 4
[34.040s][debug][gc,phases      ] GC(77)     Total                          Min: 1902, Avg: 1963.5, Max: 2048, Diff: 146, Sum: 7854, Workers: 4
[34.040s][debug][gc,phases      ] GC(77)   JNI Weak                       Min:  0.0, Avg:  0.0, Max:  0.0, Diff:  0.0, Sum:  0.0, Workers: 4
[34.040s][debug][gc,phases      ] GC(77)     Dead                           Min: 0, Avg:  0.0, Max: 0, Diff: 0, Sum: 0, Workers: 4
[34.040s][debug][gc,phases      ] GC(77)     Total                          Min: 0, Avg:  0.5, Max: 2, Diff: 2, Sum: 2, Workers: 4
[34.040s][debug][gc,phases      ] GC(77)   StringDedup Table Weak         Min:  0.0, Avg:  0.0, Max:  0.0, Diff:  0.0, Sum:  0.0, Workers: 4
[34.040s][debug][gc,phases      ] GC(77)     Dead                           Min: 0, Avg:  0.0, Max: 0, Diff: 0, Sum: 0, Workers: 4
[34.040s][debug][gc,phases      ] GC(77)     Total                          Min: 0, Avg:  0.0, Max: 0, Diff: 0, Sum: 0, Workers: 4
[34.040s][debug][gc,phases      ] GC(77)   StringDedup Requests0 Weak     Min:  0.0, Avg:  0.0, Max:  0.0, Diff:  0.0, Sum:  0.0, Workers: 4
[34.040s][debug][gc,phases      ] GC(77)     Dead                           Min: 0, Avg:  0.0, Max: 0, Diff: 0, Sum: 0, Workers: 4
[34.040s][debug][gc,phases      ] GC(77)     Total                          Min: 0, Avg:  0.0, Max: 0, Diff: 0, Sum: 0, Workers: 4
[34.040s][debug][gc,phases      ] GC(77)   StringDedup Requests1 Weak     Min:  0.0, Avg:  0.0, Max:  0.0, Diff:  0.0, Sum:  0.0, Workers: 4
[34.040s][debug][gc,phases      ] GC(77)     Dead                           Min: 0, Avg:  0.0, Max: 0, Diff: 0, Sum: 0, Workers: 4
[34.040s][debug][gc,phases      ] GC(77)     Total                          Min: 0, Avg:  0.0, Max: 0, Diff: 0, Sum: 0, Workers: 4
[34.040s][debug][gc,phases      ] GC(77)   Weak JFR Old Object Samples    Min:  0.0, Avg:  0.0, Max:  0.0, Diff:  0.0, Sum:  0.0, Workers: 4
[34.040s][debug][gc,phases      ] GC(77)     Dead                           Min: 0, Avg:  0.0, Max: 0, Diff: 0, Sum: 0, Workers: 4
[34.040s][debug][gc,phases      ] GC(77)     Total                          Min: 0, Avg:  0.0, Max: 0, Diff: 0, Sum: 0, Workers: 4
[34.040s][debug][gc,phases      ] GC(77) Weak Processing 0.316ms
[34.040s][debug][gc,age         ] GC(77) Desired survivor size 91750400 bytes, new threshold 15 (max threshold 15)
[34.040s][info ][gc,heap        ] GC(77) PSYoungGen: 1944630K(1994240K)->48211K(2007552K) Eden: 1896448K(1896448K)->0K(1913856K) From: 48182K(97792K)->48211K(93696K)
[34.040s][info ][gc,heap        ] GC(77) ParOldGen: 388296K(470016K)->389240K(470016K)
[34.040s][info ][gc,metaspace   ] GC(77) Metaspace: 78028K(78848K)->78028K(78848K) NonClass: 66814K(67264K)->66814K(67264K) Class: 11214K(11584K)->11214K(11584K)
[34.040s][info ][gc             ] GC(77) Pause Young (Allocation Failure) 2278M->427M(2419M) 15.027ms
[34.040s][info ][gc,cpu         ] GC(77) User=0.06s Sys=0.00s Real=0.02s
[34.040s][info ][safepoint      ] Safepoint "ParallelGCFailedAllocation", Time since last: 329366021 ns, Reaching safepoint: 148809 ns, At safepoint: 15148019 ns, Total: 15296828 ns
[34.494s][info ][gc,start       ] GC(78) Pause Young (Allocation Failure)
[34.511s][debug][gc,phases      ] GC(78) Scavenge 16.730ms
[34.511s][debug][gc,ref         ] GC(78) Skipped phase 1 of Reference Processing: no references
[34.511s][debug][gc,ref         ] GC(78) ReferenceProcessor::execute queues: 1, RefProcThreadModel::Single, marks_oops_alive: false
[34.511s][debug][gc,ref         ] GC(78) Skipped phase 3 of Reference Processing: no references
[34.511s][debug][gc,ref         ] GC(78) ReferenceProcessor::execute queues: 1, RefProcThreadModel::Single, marks_oops_alive: false
[34.511s][debug][gc,phases      ] GC(78) Reference Processing 0.112ms
[34.511s][debug][gc,phases      ] GC(78)   VM Weak                        Min:  0.0, Avg:  0.0, Max:  0.0, Diff:  0.0, Sum:  0.0, Workers: 4
[34.511s][debug][gc,phases      ] GC(78)     Dead                           Min: 0, Avg:  0.0, Max: 0, Diff: 0, Sum: 0, Workers: 4
[34.511s][debug][gc,phases      ] GC(78)     Total                          Min: 0, Avg: 158.5, Max: 378, Diff: 378, Sum: 634, Workers: 4
[34.511s][debug][gc,phases      ] GC(78)   ObjectSynchronizer Weak        Min:  0.0, Avg:  0.0, Max:  0.0, Diff:  0.0, Sum:  0.0, Workers: 4
[34.511s][debug][gc,phases      ] GC(78)     Dead                           Min: 0, Avg:  0.0, Max: 0, Diff: 0, Sum: 0, Workers: 4
[34.511s][debug][gc,phases      ] GC(78)     Total                          Min: 0, Avg: 83.5, Max: 142, Diff: 142, Sum: 334, Workers: 4
[34.511s][debug][gc,phases      ] GC(78)   JVMTI Tag Weak OopStorage      Min:  0.0, Avg:  0.0, Max:  0.0, Diff:  0.0, Sum:  0.0, Workers: 4
[34.511s][debug][gc,phases      ] GC(78)     Dead                           Min: 0, Avg:  0.0, Max: 0, Diff: 0, Sum: 0, Workers: 4
[34.511s][debug][gc,phases      ] GC(78)     Total                          Min: 0, Avg:  0.0, Max: 0, Diff: 0, Sum: 0, Workers: 4
[34.511s][debug][gc,phases      ] GC(78)   StringTable Weak               Min:  0.1, Avg:  0.1, Max:  0.1, Diff:  0.0, Sum:  0.5, Workers: 4
[34.511s][debug][gc,phases      ] GC(78)     Dead                           Min: 0, Avg:  0.0, Max: 0, Diff: 0, Sum: 0, Workers: 4
[34.511s][debug][gc,phases      ] GC(78)     Total                          Min: 10048, Avg: 11594.5, Max: 13802, Diff: 3754, Sum: 46378, Workers: 4
[34.511s][debug][gc,phases      ] GC(78)   ResolvedMethodTable Weak       Min:  0.0, Avg:  0.0, Max:  0.0, Diff:  0.0, Sum:  0.1, Workers: 4
[34.511s][debug][gc,phases      ] GC(78)     Dead                           Min: 0, Avg:  0.0, Max: 0, Diff: 0, Sum: 0, Workers: 4
[34.511s][debug][gc,phases      ] GC(78)     Total                          Min: 1664, Avg: 1963.5, Max: 2414, Diff: 750, Sum: 7854, Workers: 4
[34.511s][debug][gc,phases      ] GC(78)   JNI Weak                       Min:  0.0, Avg:  0.0, Max:  0.0, Diff:  0.0, Sum:  0.0, Workers: 4
[34.511s][debug][gc,phases      ] GC(78)     Dead                           Min: 0, Avg:  0.0, Max: 0, Diff: 0, Sum: 0, Workers: 4
[34.511s][debug][gc,phases      ] GC(78)     Total                          Min: 0, Avg:  1.2, Max: 5, Diff: 5, Sum: 5, Workers: 4
[34.511s][debug][gc,phases      ] GC(78)   StringDedup Table Weak         Min:  0.0, Avg:  0.0, Max:  0.0, Diff:  0.0, Sum:  0.0, Workers: 4
[34.511s][debug][gc,phases      ] GC(78)     Dead                           Min: 0, Avg:  0.0, Max: 0, Diff: 0, Sum: 0, Workers: 4
[34.511s][debug][gc,phases      ] GC(78)     Total                          Min: 0, Avg:  0.0, Max: 0, Diff: 0, Sum: 0, Workers: 4
[34.511s][debug][gc,phases      ] GC(78)   StringDedup Requests0 Weak     Min:  0.0, Avg:  0.0, Max:  0.0, Diff:  0.0, Sum:  0.0, Workers: 4
[34.511s][debug][gc,phases      ] GC(78)     Dead                           Min: 0, Avg:  0.0, Max: 0, Diff: 0, Sum: 0, Workers: 4
[34.511s][debug][gc,phases      ] GC(78)     Total                          Min: 0, Avg:  0.0, Max: 0, Diff: 0, Sum: 0, Workers: 4
[34.511s][debug][gc,phases      ] GC(78)   StringDedup Requests1 Weak     Min:  0.0, Avg:  0.0, Max:  0.0, Diff:  0.0, Sum:  0.0, Workers: 4
[34.511s][debug][gc,phases      ] GC(78)     Dead                           Min: 0, Avg:  0.0, Max: 0, Diff: 0, Sum: 0, Workers: 4
[34.511s][debug][gc,phases      ] GC(78)     Total                          Min: 0, Avg:  0.0, Max: 0, Diff: 0, Sum: 0, Workers: 4
[34.511s][debug][gc,phases      ] GC(78)   Weak JFR Old Object Samples    Min:  0.0, Avg:  0.0, Max:  0.0, Diff:  0.0, Sum:  0.0, Workers: 4
[34.511s][debug][gc,phases      ] GC(78)     Dead                           Min: 0, Avg:  0.0, Max: 0, Diff: 0, Sum: 0, Workers: 4
[34.511s][debug][gc,phases      ] GC(78)     Total                          Min: 0, Avg:  0.0, Max: 0, Diff: 0, Sum: 0, Workers: 4
[34.511s][debug][gc,phases      ] GC(78) Weak Processing 0.395ms
[34.511s][debug][gc,age         ] GC(78) Desired survivor size 89653248 bytes, new threshold 15 (max threshold 15)
[34.511s][info ][gc,heap        ] GC(78) PSYoungGen: 1962067K(2007552K)->32368K(2003456K) Eden: 1913856K(1913856K)->0K(1913856K) From: 48211K(93696K)->32368K(89600K)
[34.511s][info ][gc,heap        ] GC(78) ParOldGen: 389240K(470016K)->406922K(470016K)
[34.511s][info ][gc,metaspace   ] GC(78) Metaspace: 78041K(78848K)->78041K(78848K) NonClass: 66826K(67264K)->66826K(67264K) Class: 11214K(11584K)->11214K(11584K)
[34.511s][info ][gc             ] GC(78) Pause Young (Allocation Failure) 2296M->428M(2415M) 17.364ms
[34.511s][info ][gc,cpu         ] GC(78) User=0.06s Sys=0.00s Real=0.02s
[34.511s][info ][safepoint      ] Safepoint "ParallelGCFailedAllocation", Time since last: 453378732 ns, Reaching safepoint: 180310 ns, At safepoint: 17503247 ns, Total: 17683557 ns
[34.948s][info ][gc,start       ] GC(79) Pause Young (Allocation Failure)
[34.968s][debug][gc,phases      ] GC(79) Scavenge 20.329ms
[34.968s][debug][gc,ref         ] GC(79) Skipped phase 1 of Reference Processing: no references
[34.968s][debug][gc,ref         ] GC(79) ReferenceProcessor::execute queues: 1, RefProcThreadModel::Single, marks_oops_alive: false
[34.968s][debug][gc,ref         ] GC(79) Skipped phase 3 of Reference Processing: no references
[34.968s][debug][gc,ref         ] GC(79) ReferenceProcessor::execute queues: 1, RefProcThreadModel::Single, marks_oops_alive: false
[34.968s][debug][gc,phases      ] GC(79) Reference Processing 0.112ms
[34.968s][debug][gc,phases      ] GC(79)   VM Weak                        Min:  0.0, Avg:  0.0, Max:  0.0, Diff:  0.0, Sum:  0.0, Workers: 4
[34.968s][debug][gc,phases      ] GC(79)     Dead                           Min: 0, Avg:  0.0, Max: 0, Diff: 0, Sum: 0, Workers: 4
[34.968s][debug][gc,phases      ] GC(79)     Total                          Min: 0, Avg: 158.5, Max: 448, Diff: 448, Sum: 634, Workers: 4
[34.968s][debug][gc,phases      ] GC(79)   ObjectSynchronizer Weak        Min:  0.0, Avg:  0.0, Max:  0.0, Diff:  0.0, Sum:  0.0, Workers: 4
[34.968s][debug][gc,phases      ] GC(79)     Dead                           Min: 0, Avg:  0.0, Max: 0, Diff: 0, Sum: 0, Workers: 4
[34.968s][debug][gc,phases      ] GC(79)     Total                          Min: 0, Avg: 83.5, Max: 142, Diff: 142, Sum: 334, Workers: 4
[34.968s][debug][gc,phases      ] GC(79)   JVMTI Tag Weak OopStorage      Min:  0.0, Avg:  0.0, Max:  0.0, Diff:  0.0, Sum:  0.0, Workers: 4
[34.968s][debug][gc,phases      ] GC(79)     Dead                           Min: 0, Avg:  0.0, Max: 0, Diff: 0, Sum: 0, Workers: 4
[34.968s][debug][gc,phases      ] GC(79)     Total                          Min: 0, Avg:  0.0, Max: 0, Diff: 0, Sum: 0, Workers: 4
[34.968s][debug][gc,phases      ] GC(79)   StringTable Weak               Min:  0.1, Avg:  0.1, Max:  0.1, Diff:  0.0, Sum:  0.6, Workers: 4
[34.968s][debug][gc,phases      ] GC(79)     Dead                           Min: 0, Avg:  0.0, Max: 0, Diff: 0, Sum: 0, Workers: 4
[34.968s][debug][gc,phases      ] GC(79)     Total                          Min: 10368, Avg: 11598.8, Max: 12928, Diff: 2560, Sum: 46395, Workers: 4
[34.968s][debug][gc,phases      ] GC(79)   ResolvedMethodTable Weak       Min:  0.0, Avg:  0.0, Max:  0.0, Diff:  0.0, Sum:  0.1, Workers: 4
[34.968s][debug][gc,phases      ] GC(79)     Dead                           Min: 0, Avg:  0.0, Max: 0, Diff: 0, Sum: 0, Workers: 4
[34.968s][debug][gc,phases      ] GC(79)     Total                          Min: 1792, Avg: 1963.5, Max: 2112, Diff: 320, Sum: 7854, Workers: 4
[34.968s][debug][gc,phases      ] GC(79)   JNI Weak                       Min:  0.0, Avg:  0.0, Max:  0.0, Diff:  0.0, Sum:  0.0, Workers: 4
[34.968s][debug][gc,phases      ] GC(79)     Dead                           Min: 0, Avg:  0.0, Max: 0, Diff: 0, Sum: 0, Workers: 4
[34.968s][debug][gc,phases      ] GC(79)     Total                          Min: 0, Avg:  1.2, Max: 5, Diff: 5, Sum: 5, Workers: 4
[34.968s][debug][gc,phases      ] GC(79)   StringDedup Table Weak         Min:  0.0, Avg:  0.0, Max:  0.0, Diff:  0.0, Sum:  0.0, Workers: 4
[34.968s][debug][gc,phases      ] GC(79)     Dead                           Min: 0, Avg:  0.0, Max: 0, Diff: 0, Sum: 0, Workers: 4
[34.968s][debug][gc,phases      ] GC(79)     Total                          Min: 0, Avg:  0.0, Max: 0, Diff: 0, Sum: 0, Workers: 4
[34.968s][debug][gc,phases      ] GC(79)   StringDedup Requests0 Weak     Min:  0.0, Avg:  0.0, Max:  0.0, Diff:  0.0, Sum:  0.0, Workers: 4
[34.968s][debug][gc,phases      ] GC(79)     Dead                           Min: 0, Avg:  0.0, Max: 0, Diff: 0, Sum: 0, Workers: 4
[34.968s][debug][gc,phases      ] GC(79)     Total                          Min: 0, Avg:  0.0, Max: 0, Diff: 0, Sum: 0, Workers: 4
[34.968s][debug][gc,phases      ] GC(79)   StringDedup Requests1 Weak     Min:  0.0, Avg:  0.0, Max:  0.0, Diff:  0.0, Sum:  0.0, Workers: 4
[34.969s][debug][gc,phases      ] GC(79)     Dead                           Min: 0, Avg:  0.0, Max: 0, Diff: 0, Sum: 0, Workers: 4
[34.969s][debug][gc,phases      ] GC(79)     Total                          Min: 0, Avg:  0.0, Max: 0, Diff: 0, Sum: 0, Workers: 4
[34.969s][debug][gc,phases      ] GC(79)   Weak JFR Old Object Samples    Min:  0.0, Avg:  0.0, Max:  0.0, Diff:  0.0, Sum:  0.0, Workers: 4
[34.969s][debug][gc,phases      ] GC(79)     Dead                           Min: 0, Avg:  0.0, Max: 0, Diff: 0, Sum: 0, Workers: 4
[34.969s][debug][gc,phases      ] GC(79)     Total                          Min: 0, Avg:  0.0, Max: 0, Diff: 0, Sum: 0, Workers: 4
[34.969s][debug][gc,phases      ] GC(79) Weak Processing 0.376ms
[34.969s][debug][gc,age         ] GC(79) Desired survivor size 88080384 bytes, new threshold 15 (max threshold 15)
[34.969s][info ][gc,heap        ] GC(79) PSYoungGen: 1946224K(2003456K)->31296K(2011136K) Eden: 1913856K(1913856K)->0K(1923584K) From: 32368K(89600K)->31296K(87552K)
[34.969s][info ][gc,heap        ] GC(79) ParOldGen: 406922K(470016K)->416114K(470016K)
[34.969s][info ][gc,metaspace   ] GC(79) Metaspace: 78050K(78848K)->78050K(78848K) NonClass: 66834K(67264K)->66834K(67264K) Class: 11215K(11584K)->11215K(11584K)
[34.969s][info ][gc             ] GC(79) Pause Young (Allocation Failure) 2297M->436M(2423M) 20.957ms
[34.969s][info ][gc,cpu         ] GC(79) User=0.08s Sys=0.00s Real=0.02s
[34.969s][info ][safepoint      ] Safepoint "ParallelGCFailedAllocation", Time since last: 435386059 ns, Reaching safepoint: 706338 ns, At safepoint: 21077641 ns, Total: 21783979 ns
[35.400s][info ][gc,start       ] GC(80) Pause Young (Allocation Failure)
[35.419s][debug][gc,phases      ] GC(80) Scavenge 18.441ms
[35.419s][debug][gc,ref         ] GC(80) Skipped phase 1 of Reference Processing: no references
[35.419s][debug][gc,ref         ] GC(80) ReferenceProcessor::execute queues: 1, RefProcThreadModel::Single, marks_oops_alive: false
[35.419s][debug][gc,ref         ] GC(80) Skipped phase 3 of Reference Processing: no references
[35.419s][debug][gc,ref         ] GC(80) ReferenceProcessor::execute queues: 1, RefProcThreadModel::Single, marks_oops_alive: false
[35.419s][debug][gc,phases      ] GC(80) Reference Processing 0.106ms
[35.419s][debug][gc,phases      ] GC(80)   VM Weak                        Min:  0.0, Avg:  0.0, Max:  0.0, Diff:  0.0, Sum:  0.0, Workers: 4
[35.419s][debug][gc,phases      ] GC(80)     Dead                           Min: 0, Avg:  0.0, Max: 0, Diff: 0, Sum: 0, Workers: 4
[35.419s][debug][gc,phases      ] GC(80)     Total                          Min: 0, Avg: 158.5, Max: 442, Diff: 442, Sum: 634, Workers: 4
[35.419s][debug][gc,phases      ] GC(80)   ObjectSynchronizer Weak        Min:  0.0, Avg:  0.0, Max:  0.0, Diff:  0.0, Sum:  0.0, Workers: 4
[35.419s][debug][gc,phases      ] GC(80)     Dead                           Min: 0, Avg:  0.0, Max: 0, Diff: 0, Sum: 0, Workers: 4
[35.419s][debug][gc,phases      ] GC(80)     Total                          Min: 0, Avg: 83.5, Max: 192, Diff: 192, Sum: 334, Workers: 4
[35.419s][debug][gc,phases      ] GC(80)   JVMTI Tag Weak OopStorage      Min:  0.0, Avg:  0.0, Max:  0.0, Diff:  0.0, Sum:  0.0, Workers: 4
[35.419s][debug][gc,phases      ] GC(80)     Dead                           Min: 0, Avg:  0.0, Max: 0, Diff: 0, Sum: 0, Workers: 4
[35.419s][debug][gc,phases      ] GC(80)     Total                          Min: 0, Avg:  0.0, Max: 0, Diff: 0, Sum: 0, Workers: 4
[35.419s][debug][gc,phases      ] GC(80)   StringTable Weak               Min:  0.1, Avg:  0.1, Max:  0.1, Diff:  0.0, Sum:  0.5, Workers: 4
[35.419s][debug][gc,phases      ] GC(80)     Dead                           Min: 0, Avg:  0.0, Max: 0, Diff: 0, Sum: 0, Workers: 4
[35.419s][debug][gc,phases      ] GC(80)     Total                          Min: 10076, Avg: 11607.0, Max: 13184, Diff: 3108, Sum: 46428, Workers: 4
[35.419s][debug][gc,phases      ] GC(80)   ResolvedMethodTable Weak       Min:  0.0, Avg:  0.0, Max:  0.0, Diff:  0.0, Sum:  0.1, Workers: 4
[35.419s][debug][gc,phases      ] GC(80)     Dead                           Min: 0, Avg:  0.0, Max: 0, Diff: 0, Sum: 0, Workers: 4
[35.419s][debug][gc,phases      ] GC(80)     Total                          Min: 1408, Avg: 1963.5, Max: 2478, Diff: 1070, Sum: 7854, Workers: 4
[35.419s][debug][gc,phases      ] GC(80)   JNI Weak                       Min:  0.0, Avg:  0.0, Max:  0.0, Diff:  0.0, Sum:  0.0, Workers: 4
[35.419s][debug][gc,phases      ] GC(80)     Dead                           Min: 0, Avg:  0.0, Max: 0, Diff: 0, Sum: 0, Workers: 4
[35.419s][debug][gc,phases      ] GC(80)     Total                          Min: 0, Avg:  0.0, Max: 0, Diff: 0, Sum: 0, Workers: 4
[35.419s][debug][gc,phases      ] GC(80)   StringDedup Table Weak         Min:  0.0, Avg:  0.0, Max:  0.0, Diff:  0.0, Sum:  0.0, Workers: 4
[35.419s][debug][gc,phases      ] GC(80)     Dead                           Min: 0, Avg:  0.0, Max: 0, Diff: 0, Sum: 0, Workers: 4
[35.419s][debug][gc,phases      ] GC(80)     Total                          Min: 0, Avg:  0.0, Max: 0, Diff: 0, Sum: 0, Workers: 4
[35.419s][debug][gc,phases      ] GC(80)   StringDedup Requests0 Weak     Min:  0.0, Avg:  0.0, Max:  0.0, Diff:  0.0, Sum:  0.0, Workers: 4
[35.419s][debug][gc,phases      ] GC(80)     Dead                           Min: 0, Avg:  0.0, Max: 0, Diff: 0, Sum: 0, Workers: 4
[35.419s][debug][gc,phases      ] GC(80)     Total                          Min: 0, Avg:  0.0, Max: 0, Diff: 0, Sum: 0, Workers: 4
[35.419s][debug][gc,phases      ] GC(80)   StringDedup Requests1 Weak     Min:  0.0, Avg:  0.0, Max:  0.0, Diff:  0.0, Sum:  0.0, Workers: 4
[35.419s][debug][gc,phases      ] GC(80)     Dead                           Min: 0, Avg:  0.0, Max: 0, Diff: 0, Sum: 0, Workers: 4
[35.419s][debug][gc,phases      ] GC(80)     Total                          Min: 0, Avg:  0.0, Max: 0, Diff: 0, Sum: 0, Workers: 4
[35.419s][debug][gc,phases      ] GC(80)   Weak JFR Old Object Samples    Min:  0.0, Avg:  0.0, Max:  0.0, Diff:  0.0, Sum:  0.0, Workers: 4
[35.419s][debug][gc,phases      ] GC(80)     Dead                           Min: 0, Avg:  0.0, Max: 0, Diff: 0, Sum: 0, Workers: 4
[35.419s][debug][gc,phases      ] GC(80)     Total                          Min: 0, Avg:  0.0, Max: 0, Diff: 0, Sum: 0, Workers: 4
[35.419s][debug][gc,phases      ] GC(80) Weak Processing 0.366ms
[35.419s][debug][gc,age         ] GC(80) Desired survivor size 85983232 bytes, new threshold 15 (max threshold 15)
[35.419s][info ][gc,heap        ] GC(80) PSYoungGen: 1954880K(2011136K)->29056K(2009600K) Eden: 1923584K(1923584K)->0K(1923584K) From: 31296K(87552K)->29056K(86016K)
[35.419s][info ][gc,heap        ] GC(80) ParOldGen: 416114K(470016K)->420154K(470016K)
[35.419s][info ][gc,metaspace   ] GC(80) Metaspace: 78051K(78848K)->78051K(78848K) NonClass: 66835K(67264K)->66835K(67264K) Class: 11215K(11584K)->11215K(11584K)
[35.419s][info ][gc             ] GC(80) Pause Young (Allocation Failure) 2315M->438M(2421M) 19.056ms
[35.419s][info ][gc,cpu         ] GC(80) User=0.06s Sys=0.02s Real=0.02s
[35.419s][info ][safepoint      ] Safepoint "ParallelGCFailedAllocation", Time since last: 431471546 ns, Reaching safepoint: 167210 ns, At safepoint: 19179237 ns, Total: 19346447 ns
[35.822s][info ][gc,start       ] GC(81) Pause Young (Allocation Failure)
[35.840s][debug][gc,phases      ] GC(81) Scavenge 17.189ms
[35.840s][debug][gc,ref         ] GC(81) Skipped phase 1 of Reference Processing: no references
[35.840s][debug][gc,ref         ] GC(81) ReferenceProcessor::execute queues: 1, RefProcThreadModel::Single, marks_oops_alive: false
[35.840s][debug][gc,ref         ] GC(81) Skipped phase 3 of Reference Processing: no references
[35.840s][debug][gc,ref         ] GC(81) ReferenceProcessor::execute queues: 1, RefProcThreadModel::Single, marks_oops_alive: false
[35.840s][debug][gc,phases      ] GC(81) Reference Processing 0.128ms
[35.840s][debug][gc,phases      ] GC(81)   VM Weak                        Min:  0.0, Avg:  0.0, Max:  0.0, Diff:  0.0, Sum:  0.0, Workers: 4
[35.840s][debug][gc,phases      ] GC(81)     Dead                           Min: 0, Avg:  0.0, Max: 0, Diff: 0, Sum: 0, Workers: 4
[35.840s][debug][gc,phases      ] GC(81)     Total                          Min: 0, Avg: 158.5, Max: 634, Diff: 634, Sum: 634, Workers: 4
[35.840s][debug][gc,phases      ] GC(81)   ObjectSynchronizer Weak        Min:  0.0, Avg:  0.0, Max:  0.0, Diff:  0.0, Sum:  0.0, Workers: 4
[35.840s][debug][gc,phases      ] GC(81)     Dead                           Min: 0, Avg:  0.0, Max: 0, Diff: 0, Sum: 0, Workers: 4
[35.840s][debug][gc,phases      ] GC(81)     Total                          Min: 0, Avg: 83.5, Max: 256, Diff: 256, Sum: 334, Workers: 4
[35.840s][debug][gc,phases      ] GC(81)   JVMTI Tag Weak OopStorage      Min:  0.0, Avg:  0.0, Max:  0.0, Diff:  0.0, Sum:  0.0, Workers: 4
[35.840s][debug][gc,phases      ] GC(81)     Dead                           Min: 0, Avg:  0.0, Max: 0, Diff: 0, Sum: 0, Workers: 4
[35.840s][debug][gc,phases      ] GC(81)     Total                          Min: 0, Avg:  0.0, Max: 0, Diff: 0, Sum: 0, Workers: 4
[35.840s][debug][gc,phases      ] GC(81)   StringTable Weak               Min:  0.1, Avg:  0.1, Max:  0.1, Diff:  0.0, Sum:  0.4, Workers: 4
[35.840s][debug][gc,phases      ] GC(81)     Dead                           Min: 0, Avg:  0.0, Max: 0, Diff: 0, Sum: 0, Workers: 4
[35.840s][debug][gc,phases      ] GC(81)     Total                          Min: 9792, Avg: 11616.2, Max: 12672, Diff: 2880, Sum: 46465, Workers: 4
[35.840s][debug][gc,phases      ] GC(81)   ResolvedMethodTable Weak       Min:  0.0, Avg:  0.0, Max:  0.0, Diff:  0.0, Sum:  0.1, Workers: 4
[35.840s][debug][gc,phases      ] GC(81)     Dead                           Min: 0, Avg:  0.0, Max: 0, Diff: 0, Sum: 0, Workers: 4
[35.840s][debug][gc,phases      ] GC(81)     Total                          Min: 1856, Avg: 1963.5, Max: 2048, Diff: 192, Sum: 7854, Workers: 4
[35.840s][debug][gc,phases      ] GC(81)   JNI Weak                       Min:  0.0, Avg:  0.0, Max:  0.0, Diff:  0.0, Sum:  0.0, Workers: 4
[35.840s][debug][gc,phases      ] GC(81)     Dead                           Min: 0, Avg:  0.0, Max: 0, Diff: 0, Sum: 0, Workers: 4
[35.840s][debug][gc,phases      ] GC(81)     Total                          Min: 0, Avg:  0.0, Max: 0, Diff: 0, Sum: 0, Workers: 4
[35.840s][debug][gc,phases      ] GC(81)   StringDedup Table Weak         Min:  0.0, Avg:  0.0, Max:  0.0, Diff:  0.0, Sum:  0.0, Workers: 4
[35.840s][debug][gc,phases      ] GC(81)     Dead                           Min: 0, Avg:  0.0, Max: 0, Diff: 0, Sum: 0, Workers: 4
[35.840s][debug][gc,phases      ] GC(81)     Total                          Min: 0, Avg:  0.0, Max: 0, Diff: 0, Sum: 0, Workers: 4
[35.840s][debug][gc,phases      ] GC(81)   StringDedup Requests0 Weak     Min:  0.0, Avg:  0.0, Max:  0.0, Diff:  0.0, Sum:  0.0, Workers: 4
[35.840s][debug][gc,phases      ] GC(81)     Dead                           Min: 0, Avg:  0.0, Max: 0, Diff: 0, Sum: 0, Workers: 4
[35.840s][debug][gc,phases      ] GC(81)     Total                          Min: 0, Avg:  0.0, Max: 0, Diff: 0, Sum: 0, Workers: 4
[35.840s][debug][gc,phases      ] GC(81)   StringDedup Requests1 Weak     Min:  0.0, Avg:  0.0, Max:  0.0, Diff:  0.0, Sum:  0.0, Workers: 4
[35.840s][debug][gc,phases      ] GC(81)     Dead                           Min: 0, Avg:  0.0, Max: 0, Diff: 0, Sum: 0, Workers: 4
[35.840s][debug][gc,phases      ] GC(81)     Total                          Min: 0, Avg:  0.0, Max: 0, Diff: 0, Sum: 0, Workers: 4
[35.840s][debug][gc,phases      ] GC(81)   Weak JFR Old Object Samples    Min:  0.0, Avg:  0.0, Max:  0.0, Diff:  0.0, Sum:  0.0, Workers: 4
[35.840s][debug][gc,phases      ] GC(81)     Dead                           Min: 0, Avg:  0.0, Max: 0, Diff: 0, Sum: 0, Workers: 4
[35.840s][debug][gc,phases      ] GC(81)     Total                          Min: 0, Avg:  0.0, Max: 0, Diff: 0, Sum: 0, Workers: 4
[35.840s][debug][gc,phases      ] GC(81) Weak Processing 0.307ms
[35.840s][debug][gc,age         ] GC(81) Desired survivor size 84410368 bytes, new threshold 15 (max threshold 15)
[35.840s][info ][gc,heap        ] GC(81) PSYoungGen: 1952640K(2009600K)->27040K(2014720K) Eden: 1923584K(1923584K)->0K(1930752K) From: 29056K(86016K)->27040K(83968K)
[35.840s][info ][gc,heap        ] GC(81) ParOldGen: 420154K(470016K)->422482K(470016K)
[35.840s][info ][gc,metaspace   ] GC(81) Metaspace: 78055K(78848K)->78055K(78848K) NonClass: 66839K(67264K)->66839K(67264K) Class: 11215K(11584K)->11215K(11584K)
[35.840s][info ][gc             ] GC(81) Pause Young (Allocation Failure) 2317M->438M(2426M) 17.758ms
[35.840s][info ][gc,cpu         ] GC(81) User=0.07s Sys=0.00s Real=0.02s
[35.840s][info ][safepoint      ] Safepoint "ParallelGCFailedAllocation", Time since last: 399712629 ns, Reaching safepoint: 3224374 ns, At safepoint: 17871867 ns, Total: 21096241 ns
[36.200s][info ][gc,start       ] GC(82) Pause Young (Allocation Failure)
[36.213s][debug][gc,phases      ] GC(82) Scavenge 13.626ms
[36.213s][debug][gc,ref         ] GC(82) Skipped phase 1 of Reference Processing: no references
[36.213s][debug][gc,ref         ] GC(82) ReferenceProcessor::execute queues: 1, RefProcThreadModel::Single, marks_oops_alive: false
[36.213s][debug][gc,ref         ] GC(82) Skipped phase 3 of Reference Processing: no references
[36.213s][debug][gc,ref         ] GC(82) ReferenceProcessor::execute queues: 1, RefProcThreadModel::Single, marks_oops_alive: false
[36.213s][debug][gc,phases      ] GC(82) Reference Processing 0.118ms
[36.214s][debug][gc,phases      ] GC(82)   VM Weak                        Min:  0.0, Avg:  0.0, Max:  0.0, Diff:  0.0, Sum:  0.0, Workers: 4
[36.214s][debug][gc,phases      ] GC(82)     Dead                           Min: 0, Avg:  0.0, Max: 0, Diff: 0, Sum: 0, Workers: 4
[36.214s][debug][gc,phases      ] GC(82)     Total                          Min: 0, Avg: 158.5, Max: 320, Diff: 320, Sum: 634, Workers: 4
[36.214s][debug][gc,phases      ] GC(82)   ObjectSynchronizer Weak        Min:  0.0, Avg:  0.0, Max:  0.0, Diff:  0.0, Sum:  0.0, Workers: 4
[36.214s][debug][gc,phases      ] GC(82)     Dead                           Min: 0, Avg:  0.0, Max: 0, Diff: 0, Sum: 0, Workers: 4
[36.214s][debug][gc,phases      ] GC(82)     Total                          Min: 0, Avg: 83.5, Max: 128, Diff: 128, Sum: 334, Workers: 4
[36.214s][debug][gc,phases      ] GC(82)   JVMTI Tag Weak OopStorage      Min:  0.0, Avg:  0.0, Max:  0.0, Diff:  0.0, Sum:  0.0, Workers: 4
[36.214s][debug][gc,phases      ] GC(82)     Dead                           Min: 0, Avg:  0.0, Max: 0, Diff: 0, Sum: 0, Workers: 4
[36.214s][debug][gc,phases      ] GC(82)     Total                          Min: 0, Avg:  0.0, Max: 0, Diff: 0, Sum: 0, Workers: 4
[36.214s][debug][gc,phases      ] GC(82)   StringTable Weak               Min:  0.1, Avg:  0.1, Max:  0.1, Diff:  0.0, Sum:  0.4, Workers: 4
[36.214s][debug][gc,phases      ] GC(82)     Dead                           Min: 0, Avg:  0.0, Max: 0, Diff: 0, Sum: 0, Workers: 4
[36.214s][debug][gc,phases      ] GC(82)     Total                          Min: 11340, Avg: 11619.0, Max: 12032, Diff: 692, Sum: 46476, Workers: 4
[36.214s][debug][gc,phases      ] GC(82)   ResolvedMethodTable Weak       Min:  0.0, Avg:  0.0, Max:  0.0, Diff:  0.0, Sum:  0.1, Workers: 4
[36.214s][debug][gc,phases      ] GC(82)     Dead                           Min: 0, Avg:  0.0, Max: 0, Diff: 0, Sum: 0, Workers: 4
[36.214s][debug][gc,phases      ] GC(82)     Total                          Min: 1856, Avg: 1963.5, Max: 2112, Diff: 256, Sum: 7854, Workers: 4
[36.214s][debug][gc,phases      ] GC(82)   JNI Weak                       Min:  0.0, Avg:  0.0, Max:  0.0, Diff:  0.0, Sum:  0.0, Workers: 4
[36.214s][debug][gc,phases      ] GC(82)     Dead                           Min: 0, Avg:  0.0, Max: 0, Diff: 0, Sum: 0, Workers: 4
[36.214s][debug][gc,phases      ] GC(82)     Total                          Min: 0, Avg:  0.2, Max: 1, Diff: 1, Sum: 1, Workers: 4
[36.214s][debug][gc,phases      ] GC(82)   StringDedup Table Weak         Min:  0.0, Avg:  0.0, Max:  0.0, Diff:  0.0, Sum:  0.0, Workers: 4
[36.214s][debug][gc,phases      ] GC(82)     Dead                           Min: 0, Avg:  0.0, Max: 0, Diff: 0, Sum: 0, Workers: 4
[36.214s][debug][gc,phases      ] GC(82)     Total                          Min: 0, Avg:  0.0, Max: 0, Diff: 0, Sum: 0, Workers: 4
[36.214s][debug][gc,phases      ] GC(82)   StringDedup Requests0 Weak     Min:  0.0, Avg:  0.0, Max:  0.0, Diff:  0.0, Sum:  0.0, Workers: 4
[36.214s][debug][gc,phases      ] GC(82)     Dead                           Min: 0, Avg:  0.0, Max: 0, Diff: 0, Sum: 0, Workers: 4
[36.214s][debug][gc,phases      ] GC(82)     Total                          Min: 0, Avg:  0.0, Max: 0, Diff: 0, Sum: 0, Workers: 4
[36.214s][debug][gc,phases      ] GC(82)   StringDedup Requests1 Weak     Min:  0.0, Avg:  0.0, Max:  0.0, Diff:  0.0, Sum:  0.0, Workers: 4
[36.214s][debug][gc,phases      ] GC(82)     Dead                           Min: 0, Avg:  0.0, Max: 0, Diff: 0, Sum: 0, Workers: 4
[36.214s][debug][gc,phases      ] GC(82)     Total                          Min: 0, Avg:  0.0, Max: 0, Diff: 0, Sum: 0, Workers: 4
[36.214s][debug][gc,phases      ] GC(82)   Weak JFR Old Object Samples    Min:  0.0, Avg:  0.0, Max:  0.0, Diff:  0.0, Sum:  0.0, Workers: 4
[36.214s][debug][gc,phases      ] GC(82)     Dead                           Min: 0, Avg:  0.0, Max: 0, Diff: 0, Sum: 0, Workers: 4
[36.214s][debug][gc,phases      ] GC(82)     Total                          Min: 0, Avg:  0.0, Max: 0, Diff: 0, Sum: 0, Workers: 4
[36.214s][debug][gc,phases      ] GC(82) Weak Processing 0.345ms
[36.214s][debug][gc,age         ] GC(82) Desired survivor size 82837504 bytes, new threshold 15 (max threshold 15)
[36.214s][info ][gc,heap        ] GC(82) PSYoungGen: 1957792K(2014720K)->26032K(2013184K) Eden: 1930752K(1930752K)->0K(1930752K) From: 27040K(83968K)->26032K(82432K)
[36.214s][info ][gc,heap        ] GC(82) ParOldGen: 422482K(470016K)->423827K(470016K)
[36.214s][info ][gc,metaspace   ] GC(82) Metaspace: 78056K(78848K)->78056K(78848K) NonClass: 66840K(67264K)->66840K(67264K) Class: 11215K(11584K)->11215K(11584K)
[36.214s][info ][gc             ] GC(82) Pause Young (Allocation Failure) 2324M->439M(2425M) 14.227ms
[36.214s][info ][gc,cpu         ] GC(82) User=0.05s Sys=0.00s Real=0.01s
[36.214s][info ][safepoint      ] Safepoint "ParallelGCFailedAllocation", Time since last: 359065029 ns, Reaching safepoint: 153209 ns, At safepoint: 14335675 ns, Total: 14488884 ns
[36.602s][info ][gc,start       ] GC(83) Pause Young (Allocation Failure)
[36.617s][debug][gc,phases      ] GC(83) Scavenge 15.240ms
[36.617s][debug][gc,ref         ] GC(83) Skipped phase 1 of Reference Processing: no references
[36.617s][debug][gc,ref         ] GC(83) ReferenceProcessor::execute queues: 1, RefProcThreadModel::Single, marks_oops_alive: false
[36.617s][debug][gc,ref         ] GC(83) Skipped phase 3 of Reference Processing: no references
[36.617s][debug][gc,ref         ] GC(83) Skipped phase 4 of Reference Processing: no references
[36.617s][debug][gc,phases      ] GC(83) Reference Processing 0.108ms
[36.617s][debug][gc,phases      ] GC(83)   VM Weak                        Min:  0.0, Avg:  0.0, Max:  0.0, Diff:  0.0, Sum:  0.0, Workers: 4
[36.617s][debug][gc,phases      ] GC(83)     Dead                           Min: 0, Avg:  0.0, Max: 0, Diff: 0, Sum: 0, Workers: 4
[36.617s][debug][gc,phases      ] GC(83)     Total                          Min: 0, Avg: 158.5, Max: 384, Diff: 384, Sum: 634, Workers: 4
[36.617s][debug][gc,phases      ] GC(83)   ObjectSynchronizer Weak        Min:  0.0, Avg:  0.0, Max:  0.0, Diff:  0.0, Sum:  0.0, Workers: 4
[36.618s][debug][gc,phases      ] GC(83)     Dead                           Min: 0, Avg:  0.0, Max: 0, Diff: 0, Sum: 0, Workers: 4
[36.618s][debug][gc,phases      ] GC(83)     Total                          Min: 0, Avg: 83.5, Max: 142, Diff: 142, Sum: 334, Workers: 4
[36.618s][debug][gc,phases      ] GC(83)   JVMTI Tag Weak OopStorage      Min:  0.0, Avg:  0.0, Max:  0.0, Diff:  0.0, Sum:  0.0, Workers: 4
[36.618s][debug][gc,phases      ] GC(83)     Dead                           Min: 0, Avg:  0.0, Max: 0, Diff: 0, Sum: 0, Workers: 4
[36.618s][debug][gc,phases      ] GC(83)     Total                          Min: 0, Avg:  0.0, Max: 0, Diff: 0, Sum: 0, Workers: 4
[36.618s][debug][gc,phases      ] GC(83)   StringTable Weak               Min:  0.1, Avg:  0.1, Max:  0.1, Diff:  0.0, Sum:  0.5, Workers: 4
[36.618s][debug][gc,phases      ] GC(83)     Dead                           Min: 0, Avg:  0.0, Max: 0, Diff: 0, Sum: 0, Workers: 4
[36.618s][debug][gc,phases      ] GC(83)     Total                          Min: 11072, Avg: 11622.5, Max: 12096, Diff: 1024, Sum: 46490, Workers: 4
[36.618s][debug][gc,phases      ] GC(83)   ResolvedMethodTable Weak       Min:  0.0, Avg:  0.0, Max:  0.0, Diff:  0.0, Sum:  0.1, Workers: 4
[36.618s][debug][gc,phases      ] GC(83)     Dead                           Min: 0, Avg:  0.0, Max: 0, Diff: 0, Sum: 0, Workers: 4
[36.618s][debug][gc,phases      ] GC(83)     Total                          Min: 1856, Avg: 1963.5, Max: 2176, Diff: 320, Sum: 7854, Workers: 4
[36.618s][debug][gc,phases      ] GC(83)   JNI Weak                       Min:  0.0, Avg:  0.0, Max:  0.0, Diff:  0.0, Sum:  0.0, Workers: 4
[36.618s][debug][gc,phases      ] GC(83)     Dead                           Min: 0, Avg:  0.0, Max: 0, Diff: 0, Sum: 0, Workers: 4
[36.618s][debug][gc,phases      ] GC(83)     Total                          Min: 0, Avg:  0.0, Max: 0, Diff: 0, Sum: 0, Workers: 4
[36.618s][debug][gc,phases      ] GC(83)   StringDedup Table Weak         Min:  0.0, Avg:  0.0, Max:  0.0, Diff:  0.0, Sum:  0.0, Workers: 4
[36.618s][debug][gc,phases      ] GC(83)     Dead                           Min: 0, Avg:  0.0, Max: 0, Diff: 0, Sum: 0, Workers: 4
[36.618s][debug][gc,phases      ] GC(83)     Total                          Min: 0, Avg:  0.0, Max: 0, Diff: 0, Sum: 0, Workers: 4
[36.618s][debug][gc,phases      ] GC(83)   StringDedup Requests0 Weak     Min:  0.0, Avg:  0.0, Max:  0.0, Diff:  0.0, Sum:  0.0, Workers: 4
[36.618s][debug][gc,phases      ] GC(83)     Dead                           Min: 0, Avg:  0.0, Max: 0, Diff: 0, Sum: 0, Workers: 4
[36.618s][debug][gc,phases      ] GC(83)     Total                          Min: 0, Avg:  0.0, Max: 0, Diff: 0, Sum: 0, Workers: 4
[36.618s][debug][gc,phases      ] GC(83)   StringDedup Requests1 Weak     Min:  0.0, Avg:  0.0, Max:  0.0, Diff:  0.0, Sum:  0.0, Workers: 4
[36.618s][debug][gc,phases      ] GC(83)     Dead                           Min: 0, Avg:  0.0, Max: 0, Diff: 0, Sum: 0, Workers: 4
[36.618s][debug][gc,phases      ] GC(83)     Total                          Min: 0, Avg:  0.0, Max: 0, Diff: 0, Sum: 0, Workers: 4
[36.618s][debug][gc,phases      ] GC(83)   Weak JFR Old Object Samples    Min:  0.0, Avg:  0.0, Max:  0.0, Diff:  0.0, Sum:  0.0, Workers: 4
[36.618s][debug][gc,phases      ] GC(83)     Dead                           Min: 0, Avg:  0.0, Max: 0, Diff: 0, Sum: 0, Workers: 4
[36.618s][debug][gc,phases      ] GC(83)     Total                          Min: 0, Avg:  0.0, Max: 0, Diff: 0, Sum: 0, Workers: 4
[36.618s][debug][gc,phases      ] GC(83) Weak Processing 0.332ms
[36.618s][debug][gc,age         ] GC(83) Desired survivor size 80740352 bytes, new threshold 15 (max threshold 15)
[36.618s][info ][gc,heap        ] GC(83) PSYoungGen: 1956784K(2013184K)->25776K(2018304K) Eden: 1930752K(1930752K)->0K(1937408K) From: 26032K(82432K)->25776K(80896K)
[36.618s][info ][gc,heap        ] GC(83) ParOldGen: 423827K(470016K)->424323K(470016K)
[36.618s][info ][gc,metaspace   ] GC(83) Metaspace: 78077K(78848K)->78077K(78848K) NonClass: 66861K(67264K)->66861K(67264K) Class: 11215K(11584K)->11215K(11584K)
[36.618s][info ][gc             ] GC(83) Pause Young (Allocation Failure) 2324M->439M(2430M) 15.818ms
[36.618s][info ][gc,cpu         ] GC(83) User=0.06s Sys=0.00s Real=0.01s
[36.618s][info ][safepoint      ] Safepoint "ParallelGCFailedAllocation", Time since last: 387794984 ns, Reaching safepoint: 171909 ns, At safepoint: 15922962 ns, Total: 16094871 ns
[37.011s][info ][gc,start       ] GC(84) Pause Young (Allocation Failure)
[37.027s][debug][gc,phases      ] GC(84) Scavenge 15.640ms
[37.027s][debug][gc,ref         ] GC(84) Skipped phase 1 of Reference Processing: no references
[37.027s][debug][gc,ref         ] GC(84) ReferenceProcessor::execute queues: 1, RefProcThreadModel::Single, marks_oops_alive: false
[37.027s][debug][gc,ref         ] GC(84) Skipped phase 3 of Reference Processing: no references
[37.027s][debug][gc,ref         ] GC(84) Skipped phase 4 of Reference Processing: no references
[37.027s][debug][gc,phases      ] GC(84) Reference Processing 0.110ms
[37.027s][debug][gc,phases      ] GC(84)   VM Weak                        Min:  0.0, Avg:  0.0, Max:  0.0, Diff:  0.0, Sum:  0.0, Workers: 4
[37.027s][debug][gc,phases      ] GC(84)     Dead                           Min: 0, Avg:  0.0, Max: 0, Diff: 0, Sum: 0, Workers: 4
[37.027s][debug][gc,phases      ] GC(84)     Total                          Min: 0, Avg: 158.5, Max: 378, Diff: 378, Sum: 634, Workers: 4
[37.027s][debug][gc,phases      ] GC(84)   ObjectSynchronizer Weak        Min:  0.0, Avg:  0.0, Max:  0.0, Diff:  0.0, Sum:  0.0, Workers: 4
[37.027s][debug][gc,phases      ] GC(84)     Dead                           Min: 0, Avg:  0.0, Max: 0, Diff: 0, Sum: 0, Workers: 4
[37.027s][debug][gc,phases      ] GC(84)     Total                          Min: 0, Avg: 83.5, Max: 192, Diff: 192, Sum: 334, Workers: 4
[37.027s][debug][gc,phases      ] GC(84)   JVMTI Tag Weak OopStorage      Min:  0.0, Avg:  0.0, Max:  0.0, Diff:  0.0, Sum:  0.0, Workers: 4
[37.027s][debug][gc,phases      ] GC(84)     Dead                           Min: 0, Avg:  0.0, Max: 0, Diff: 0, Sum: 0, Workers: 4
[37.027s][debug][gc,phases      ] GC(84)     Total                          Min: 0, Avg:  0.0, Max: 0, Diff: 0, Sum: 0, Workers: 4
[37.027s][debug][gc,phases      ] GC(84)   StringTable Weak               Min:  0.1, Avg:  0.1, Max:  0.1, Diff:  0.0, Sum:  0.5, Workers: 4
[37.027s][debug][gc,phases      ] GC(84)     Dead                           Min: 0, Avg:  0.0, Max: 0, Diff: 0, Sum: 0, Workers: 4
[37.027s][debug][gc,phases      ] GC(84)     Total                          Min: 10880, Avg: 11628.2, Max: 11953, Diff: 1073, Sum: 46513, Workers: 4
[37.027s][debug][gc,phases      ] GC(84)   ResolvedMethodTable Weak       Min:  0.0, Avg:  0.0, Max:  0.0, Diff:  0.0, Sum:  0.1, Workers: 4
[37.027s][debug][gc,phases      ] GC(84)     Dead                           Min: 0, Avg:  0.0, Max: 0, Diff: 0, Sum: 0, Workers: 4
[37.027s][debug][gc,phases      ] GC(84)     Total                          Min: 1838, Avg: 1963.5, Max: 2112, Diff: 274, Sum: 7854, Workers: 4
[37.027s][debug][gc,phases      ] GC(84)   JNI Weak                       Min:  0.0, Avg:  0.0, Max:  0.0, Diff:  0.0, Sum:  0.0, Workers: 4
[37.027s][debug][gc,phases      ] GC(84)     Dead                           Min: 0, Avg:  0.0, Max: 0, Diff: 0, Sum: 0, Workers: 4
[37.027s][debug][gc,phases      ] GC(84)     Total                          Min: 0, Avg:  0.0, Max: 0, Diff: 0, Sum: 0, Workers: 4
[37.027s][debug][gc,phases      ] GC(84)   StringDedup Table Weak         Min:  0.0, Avg:  0.0, Max:  0.0, Diff:  0.0, Sum:  0.0, Workers: 4
[37.027s][debug][gc,phases      ] GC(84)     Dead                           Min: 0, Avg:  0.0, Max: 0, Diff: 0, Sum: 0, Workers: 4
[37.027s][debug][gc,phases      ] GC(84)     Total                          Min: 0, Avg:  0.0, Max: 0, Diff: 0, Sum: 0, Workers: 4
[37.027s][debug][gc,phases      ] GC(84)   StringDedup Requests0 Weak     Min:  0.0, Avg:  0.0, Max:  0.0, Diff:  0.0, Sum:  0.0, Workers: 4
[37.027s][debug][gc,phases      ] GC(84)     Dead                           Min: 0, Avg:  0.0, Max: 0, Diff: 0, Sum: 0, Workers: 4
[37.027s][debug][gc,phases      ] GC(84)     Total                          Min: 0, Avg:  0.0, Max: 0, Diff: 0, Sum: 0, Workers: 4
[37.027s][debug][gc,phases      ] GC(84)   StringDedup Requests1 Weak     Min:  0.0, Avg:  0.0, Max:  0.0, Diff:  0.0, Sum:  0.0, Workers: 4
[37.027s][debug][gc,phases      ] GC(84)     Dead                           Min: 0, Avg:  0.0, Max: 0, Diff: 0, Sum: 0, Workers: 4
[37.027s][debug][gc,phases      ] GC(84)     Total                          Min: 0, Avg:  0.0, Max: 0, Diff: 0, Sum: 0, Workers: 4
[37.027s][debug][gc,phases      ] GC(84)   Weak JFR Old Object Samples    Min:  0.0, Avg:  0.0, Max:  0.0, Diff:  0.0, Sum:  0.0, Workers: 4
[37.027s][debug][gc,phases      ] GC(84)     Dead                           Min: 0, Avg:  0.0, Max: 0, Diff: 0, Sum: 0, Workers: 4
[37.027s][debug][gc,phases      ] GC(84)     Total                          Min: 0, Avg:  0.0, Max: 0, Diff: 0, Sum: 0, Workers: 4
[37.027s][debug][gc,phases      ] GC(84) Weak Processing 0.369ms
[37.027s][debug][gc,age         ] GC(84) Desired survivor size 80216064 bytes, new threshold 15 (max threshold 15)
[37.027s][info ][gc,heap        ] GC(84) PSYoungGen: 1963184K(2018304K)->18848K(2016256K) Eden: 1937408K(1937408K)->0K(1937408K) From: 25776K(80896K)->18848K(78848K)
[37.027s][info ][gc,heap        ] GC(84) ParOldGen: 424323K(470016K)->431715K(470016K)
[37.027s][info ][gc,metaspace   ] GC(84) Metaspace: 78137K(78912K)->78137K(78912K) NonClass: 66921K(67328K)->66921K(67328K) Class: 11215K(11584K)->11215K(11584K)
[37.027s][info ][gc             ] GC(84) Pause Young (Allocation Failure) 2331M->440M(2428M) 16.261ms
[37.027s][info ][gc,cpu         ] GC(84) User=0.05s Sys=0.02s Real=0.02s
[37.027s][info ][safepoint      ] Safepoint "ParallelGCFailedAllocation", Time since last: 393228778 ns, Reaching safepoint: 136507 ns, At safepoint: 16383987 ns, Total: 16520494 ns
[37.402s][info ][gc,start       ] GC(85) Pause Young (Allocation Failure)
[37.414s][debug][gc,phases      ] GC(85) Scavenge 12.229ms
[37.414s][debug][gc,ref         ] GC(85) Skipped phase 1 of Reference Processing: no references
[37.414s][debug][gc,ref         ] GC(85) ReferenceProcessor::execute queues: 1, RefProcThreadModel::Single, marks_oops_alive: false
[37.414s][debug][gc,ref         ] GC(85) Skipped phase 3 of Reference Processing: no references
[37.414s][debug][gc,ref         ] GC(85) Skipped phase 4 of Reference Processing: no references
[37.414s][debug][gc,phases      ] GC(85) Reference Processing 0.133ms
[37.414s][debug][gc,phases      ] GC(85)   VM Weak                        Min:  0.0, Avg:  0.0, Max:  0.0, Diff:  0.0, Sum:  0.0, Workers: 4
[37.414s][debug][gc,phases      ] GC(85)     Dead                           Min: 0, Avg:  0.0, Max: 0, Diff: 0, Sum: 0, Workers: 4
[37.414s][debug][gc,phases      ] GC(85)     Total                          Min: 0, Avg: 158.5, Max: 384, Diff: 384, Sum: 634, Workers: 4
[37.414s][debug][gc,phases      ] GC(85)   ObjectSynchronizer Weak        Min:  0.0, Avg:  0.0, Max:  0.0, Diff:  0.0, Sum:  0.0, Workers: 4
[37.414s][debug][gc,phases      ] GC(85)     Dead                           Min: 0, Avg:  0.0, Max: 0, Diff: 0, Sum: 0, Workers: 4
[37.414s][debug][gc,phases      ] GC(85)     Total                          Min: 0, Avg: 83.5, Max: 142, Diff: 142, Sum: 334, Workers: 4
[37.414s][debug][gc,phases      ] GC(85)   JVMTI Tag Weak OopStorage      Min:  0.0, Avg:  0.0, Max:  0.0, Diff:  0.0, Sum:  0.0, Workers: 4
[37.414s][debug][gc,phases      ] GC(85)     Dead                           Min: 0, Avg:  0.0, Max: 0, Diff: 0, Sum: 0, Workers: 4
[37.414s][debug][gc,phases      ] GC(85)     Total                          Min: 0, Avg:  0.0, Max: 0, Diff: 0, Sum: 0, Workers: 4
[37.414s][debug][gc,phases      ] GC(85)   StringTable Weak               Min:  0.1, Avg:  0.1, Max:  0.1, Diff:  0.0, Sum:  0.5, Workers: 4
[37.414s][debug][gc,phases      ] GC(85)     Dead                           Min: 0, Avg:  0.0, Max: 0, Diff: 0, Sum: 0, Workers: 4
[37.414s][debug][gc,phases      ] GC(85)     Total                          Min: 11264, Avg: 11646.0, Max: 11968, Diff: 704, Sum: 46584, Workers: 4
[37.414s][debug][gc,phases      ] GC(85)   ResolvedMethodTable Weak       Min:  0.0, Avg:  0.0, Max:  0.0, Diff:  0.0, Sum:  0.1, Workers: 4
[37.414s][debug][gc,phases      ] GC(85)     Dead                           Min: 0, Avg:  0.0, Max: 0, Diff: 0, Sum: 0, Workers: 4
[37.414s][debug][gc,phases      ] GC(85)     Total                          Min: 1536, Avg: 1963.5, Max: 2496, Diff: 960, Sum: 7854, Workers: 4
[37.414s][debug][gc,phases      ] GC(85)   JNI Weak                       Min:  0.0, Avg:  0.0, Max:  0.0, Diff:  0.0, Sum:  0.0, Workers: 4
[37.414s][debug][gc,phases      ] GC(85)     Dead                           Min: 0, Avg:  0.0, Max: 0, Diff: 0, Sum: 0, Workers: 4
[37.414s][debug][gc,phases      ] GC(85)     Total                          Min: 0, Avg:  0.0, Max: 0, Diff: 0, Sum: 0, Workers: 4
[37.414s][debug][gc,phases      ] GC(85)   StringDedup Table Weak         Min:  0.0, Avg:  0.0, Max:  0.0, Diff:  0.0, Sum:  0.0, Workers: 4
[37.414s][debug][gc,phases      ] GC(85)     Dead                           Min: 0, Avg:  0.0, Max: 0, Diff: 0, Sum: 0, Workers: 4
[37.414s][debug][gc,phases      ] GC(85)     Total                          Min: 0, Avg:  0.0, Max: 0, Diff: 0, Sum: 0, Workers: 4
[37.414s][debug][gc,phases      ] GC(85)   StringDedup Requests0 Weak     Min:  0.0, Avg:  0.0, Max:  0.0, Diff:  0.0, Sum:  0.0, Workers: 4
[37.414s][debug][gc,phases      ] GC(85)     Dead                           Min: 0, Avg:  0.0, Max: 0, Diff: 0, Sum: 0, Workers: 4
[37.414s][debug][gc,phases      ] GC(85)     Total                          Min: 0, Avg:  0.0, Max: 0, Diff: 0, Sum: 0, Workers: 4
[37.414s][debug][gc,phases      ] GC(85)   StringDedup Requests1 Weak     Min:  0.0, Avg:  0.0, Max:  0.0, Diff:  0.0, Sum:  0.0, Workers: 4
[37.414s][debug][gc,phases      ] GC(85)     Dead                           Min: 0, Avg:  0.0, Max: 0, Diff: 0, Sum: 0, Workers: 4
[37.414s][debug][gc,phases      ] GC(85)     Total                          Min: 0, Avg:  0.0, Max: 0, Diff: 0, Sum: 0, Workers: 4
[37.414s][debug][gc,phases      ] GC(85)   Weak JFR Old Object Samples    Min:  0.0, Avg:  0.0, Max:  0.0, Diff:  0.0, Sum:  0.0, Workers: 4
[37.414s][debug][gc,phases      ] GC(85)     Dead                           Min: 0, Avg:  0.0, Max: 0, Diff: 0, Sum: 0, Workers: 4
[37.414s][debug][gc,phases      ] GC(85)     Total                          Min: 0, Avg:  0.0, Max: 0, Diff: 0, Sum: 0, Workers: 4
[37.414s][debug][gc,phases      ] GC(85) Weak Processing 0.348ms
[37.414s][debug][gc,age         ] GC(85) Desired survivor size 79167488 bytes, new threshold 15 (max threshold 15)
[37.414s][info ][gc,heap        ] GC(85) PSYoungGen: 1956256K(2016256K)->16880K(2019840K) Eden: 1937408K(1937408K)->0K(1941504K) From: 18848K(78848K)->16880K(78336K)
[37.414s][info ][gc,heap        ] GC(85) ParOldGen: 431715K(470016K)->434051K(470016K)
[37.414s][info ][gc,metaspace   ] GC(85) Metaspace: 78157K(78912K)->78157K(78912K) NonClass: 66939K(67328K)->66939K(67328K) Class: 11218K(11584K)->11218K(11584K)
[37.415s][info ][gc             ] GC(85) Pause Young (Allocation Failure) 2332M->440M(2431M) 12.845ms
[37.415s][info ][gc,cpu         ] GC(85) User=0.04s Sys=0.00s Real=0.01s
[37.415s][info ][safepoint      ] Safepoint "ParallelGCFailedAllocation", Time since last: 374010137 ns, Reaching safepoint: 137908 ns, At safepoint: 12955901 ns, Total: 13093809 ns
[37.818s][info ][gc,start       ] GC(86) Pause Young (Allocation Failure)
[37.830s][debug][gc,phases      ] GC(86) Scavenge 12.001ms
[37.830s][debug][gc,ref         ] GC(86) Skipped phase 1 of Reference Processing: no references
[37.830s][debug][gc,ref         ] GC(86) ReferenceProcessor::execute queues: 1, RefProcThreadModel::Single, marks_oops_alive: false
[37.830s][debug][gc,ref         ] GC(86) Skipped phase 3 of Reference Processing: no references
[37.830s][debug][gc,ref         ] GC(86) Skipped phase 4 of Reference Processing: no references
[37.830s][debug][gc,phases      ] GC(86) Reference Processing 0.148ms
[37.830s][debug][gc,phases      ] GC(86)   VM Weak                        Min:  0.0, Avg:  0.0, Max:  0.0, Diff:  0.0, Sum:  0.0, Workers: 4
[37.830s][debug][gc,phases      ] GC(86)     Dead                           Min: 0, Avg:  0.0, Max: 0, Diff: 0, Sum: 0, Workers: 4
[37.830s][debug][gc,phases      ] GC(86)     Total                          Min: 0, Avg: 158.5, Max: 634, Diff: 634, Sum: 634, Workers: 4
[37.830s][debug][gc,phases      ] GC(86)   ObjectSynchronizer Weak        Min:  0.0, Avg:  0.0, Max:  0.0, Diff:  0.0, Sum:  0.0, Workers: 4
[37.830s][debug][gc,phases      ] GC(86)     Dead                           Min: 0, Avg:  0.0, Max: 0, Diff: 0, Sum: 0, Workers: 4
[37.830s][debug][gc,phases      ] GC(86)     Total                          Min: 0, Avg: 83.5, Max: 192, Diff: 192, Sum: 334, Workers: 4
[37.830s][debug][gc,phases      ] GC(86)   JVMTI Tag Weak OopStorage      Min:  0.0, Avg:  0.0, Max:  0.0, Diff:  0.0, Sum:  0.0, Workers: 4
[37.830s][debug][gc,phases      ] GC(86)     Dead                           Min: 0, Avg:  0.0, Max: 0, Diff: 0, Sum: 0, Workers: 4
[37.830s][debug][gc,phases      ] GC(86)     Total                          Min: 0, Avg:  0.0, Max: 0, Diff: 0, Sum: 0, Workers: 4
[37.830s][debug][gc,phases      ] GC(86)   StringTable Weak               Min:  0.1, Avg:  0.1, Max:  0.1, Diff:  0.0, Sum:  0.5, Workers: 4
[37.830s][debug][gc,phases      ] GC(86)     Dead                           Min: 0, Avg:  0.0, Max: 0, Diff: 0, Sum: 0, Workers: 4
[37.830s][debug][gc,phases      ] GC(86)     Total                          Min: 11200, Avg: 11646.5, Max: 12224, Diff: 1024, Sum: 46586, Workers: 4
[37.830s][debug][gc,phases      ] GC(86)   ResolvedMethodTable Weak       Min:  0.0, Avg:  0.0, Max:  0.0, Diff:  0.0, Sum:  0.1, Workers: 4
[37.830s][debug][gc,phases      ] GC(86)     Dead                           Min: 0, Avg:  0.0, Max: 0, Diff: 0, Sum: 0, Workers: 4
[37.830s][debug][gc,phases      ] GC(86)     Total                          Min: 1710, Avg: 1963.5, Max: 2176, Diff: 466, Sum: 7854, Workers: 4
[37.830s][debug][gc,phases      ] GC(86)   JNI Weak                       Min:  0.0, Avg:  0.0, Max:  0.0, Diff:  0.0, Sum:  0.0, Workers: 4
[37.830s][debug][gc,phases      ] GC(86)     Dead                           Min: 0, Avg:  0.0, Max: 0, Diff: 0, Sum: 0, Workers: 4
[37.830s][debug][gc,phases      ] GC(86)     Total                          Min: 0, Avg:  0.0, Max: 0, Diff: 0, Sum: 0, Workers: 4
[37.830s][debug][gc,phases      ] GC(86)   StringDedup Table Weak         Min:  0.0, Avg:  0.0, Max:  0.0, Diff:  0.0, Sum:  0.0, Workers: 4
[37.830s][debug][gc,phases      ] GC(86)     Dead                           Min: 0, Avg:  0.0, Max: 0, Diff: 0, Sum: 0, Workers: 4
[37.830s][debug][gc,phases      ] GC(86)     Total                          Min: 0, Avg:  0.0, Max: 0, Diff: 0, Sum: 0, Workers: 4
[37.830s][debug][gc,phases      ] GC(86)   StringDedup Requests0 Weak     Min:  0.0, Avg:  0.0, Max:  0.0, Diff:  0.0, Sum:  0.0, Workers: 4
[37.830s][debug][gc,phases      ] GC(86)     Dead                           Min: 0, Avg:  0.0, Max: 0, Diff: 0, Sum: 0, Workers: 4
[37.830s][debug][gc,phases      ] GC(86)     Total                          Min: 0, Avg:  0.0, Max: 0, Diff: 0, Sum: 0, Workers: 4
[37.830s][debug][gc,phases      ] GC(86)   StringDedup Requests1 Weak     Min:  0.0, Avg:  0.0, Max:  0.0, Diff:  0.0, Sum:  0.0, Workers: 4
[37.830s][debug][gc,phases      ] GC(86)     Dead                           Min: 0, Avg:  0.0, Max: 0, Diff: 0, Sum: 0, Workers: 4
[37.830s][debug][gc,phases      ] GC(86)     Total                          Min: 0, Avg:  0.0, Max: 0, Diff: 0, Sum: 0, Workers: 4
[37.830s][debug][gc,phases      ] GC(86)   Weak JFR Old Object Samples    Min:  0.0, Avg:  0.0, Max:  0.0, Diff:  0.0, Sum:  0.0, Workers: 4
[37.830s][debug][gc,phases      ] GC(86)     Dead                           Min: 0, Avg:  0.0, Max: 0, Diff: 0, Sum: 0, Workers: 4
[37.830s][debug][gc,phases      ] GC(86)     Total                          Min: 0, Avg:  0.0, Max: 0, Diff: 0, Sum: 0, Workers: 4
[37.830s][debug][gc,phases      ] GC(86) Weak Processing 0.328ms
[37.830s][debug][gc,age         ] GC(86) Desired survivor size 77594624 bytes, new threshold 15 (max threshold 15)
[37.830s][info ][gc,heap        ] GC(86) PSYoungGen: 1958384K(2019840K)->16944K(2018816K) Eden: 1941504K(1941504K)->0K(1941504K) From: 16880K(78336K)->16944K(77312K)
[37.830s][info ][gc,heap        ] GC(86) ParOldGen: 434051K(470016K)->434275K(470016K)
[37.830s][info ][gc,metaspace   ] GC(86) Metaspace: 78166K(78912K)->78166K(78912K) NonClass: 66948K(67328K)->66948K(67328K) Class: 11218K(11584K)->11218K(11584K)
[37.830s][info ][gc             ] GC(86) Pause Young (Allocation Failure) 2336M->440M(2430M) 12.620ms
[37.830s][info ][gc,cpu         ] GC(86) User=0.05s Sys=0.01s Real=0.02s
[37.831s][info ][safepoint      ] Safepoint "ParallelGCFailedAllocation", Time since last: 403061810 ns, Reaching safepoint: 172209 ns, At safepoint: 12735489 ns, Total: 12907698 ns
[38.215s][info ][gc,start       ] GC(87) Pause Young (Allocation Failure)
[38.227s][debug][gc,phases      ] GC(87) Scavenge 12.391ms
[38.227s][debug][gc,ref         ] GC(87) Skipped phase 1 of Reference Processing: no references
[38.227s][debug][gc,ref         ] GC(87) ReferenceProcessor::execute queues: 1, RefProcThreadModel::Single, marks_oops_alive: false
[38.227s][debug][gc,ref         ] GC(87) Skipped phase 3 of Reference Processing: no references
[38.227s][debug][gc,ref         ] GC(87) Skipped phase 4 of Reference Processing: no references
[38.227s][debug][gc,phases      ] GC(87) Reference Processing 0.108ms
[38.227s][debug][gc,phases      ] GC(87)   VM Weak                        Min:  0.0, Avg:  0.0, Max:  0.0, Diff:  0.0, Sum:  0.0, Workers: 4
[38.227s][debug][gc,phases      ] GC(87)     Dead                           Min: 0, Avg:  0.0, Max: 0, Diff: 0, Sum: 0, Workers: 4
[38.227s][debug][gc,phases      ] GC(87)     Total                          Min: 0, Avg: 158.5, Max: 448, Diff: 448, Sum: 634, Workers: 4
[38.227s][debug][gc,phases      ] GC(87)   ObjectSynchronizer Weak        Min:  0.0, Avg:  0.0, Max:  0.0, Diff:  0.0, Sum:  0.0, Workers: 4
[38.227s][debug][gc,phases      ] GC(87)     Dead                           Min: 0, Avg:  0.0, Max: 0, Diff: 0, Sum: 0, Workers: 4
[38.227s][debug][gc,phases      ] GC(87)     Total                          Min: 0, Avg: 83.5, Max: 128, Diff: 128, Sum: 334, Workers: 4
[38.227s][debug][gc,phases      ] GC(87)   JVMTI Tag Weak OopStorage      Min:  0.0, Avg:  0.0, Max:  0.0, Diff:  0.0, Sum:  0.0, Workers: 4
[38.227s][debug][gc,phases      ] GC(87)     Dead                           Min: 0, Avg:  0.0, Max: 0, Diff: 0, Sum: 0, Workers: 4
[38.227s][debug][gc,phases      ] GC(87)     Total                          Min: 0, Avg:  0.0, Max: 0, Diff: 0, Sum: 0, Workers: 4
[38.227s][debug][gc,phases      ] GC(87)   StringTable Weak               Min:  0.1, Avg:  0.1, Max:  0.1, Diff:  0.0, Sum:  0.5, Workers: 4
[38.227s][debug][gc,phases      ] GC(87)     Dead                           Min: 0, Avg:  0.0, Max: 0, Diff: 0, Sum: 0, Workers: 4
[38.227s][debug][gc,phases      ] GC(87)     Total                          Min: 11328, Avg: 11646.8, Max: 11968, Diff: 640, Sum: 46587, Workers: 4
[38.227s][debug][gc,phases      ] GC(87)   ResolvedMethodTable Weak       Min:  0.0, Avg:  0.0, Max:  0.0, Diff:  0.0, Sum:  0.1, Workers: 4
[38.227s][debug][gc,phases      ] GC(87)     Dead                           Min: 0, Avg:  0.0, Max: 0, Diff: 0, Sum: 0, Workers: 4
[38.227s][debug][gc,phases      ] GC(87)     Total                          Min: 1792, Avg: 1963.5, Max: 2048, Diff: 256, Sum: 7854, Workers: 4
[38.227s][debug][gc,phases      ] GC(87)   JNI Weak                       Min:  0.0, Avg:  0.0, Max:  0.0, Diff:  0.0, Sum:  0.0, Workers: 4
[38.227s][debug][gc,phases      ] GC(87)     Dead                           Min: 0, Avg:  0.0, Max: 0, Diff: 0, Sum: 0, Workers: 4
[38.227s][debug][gc,phases      ] GC(87)     Total                          Min: 0, Avg:  0.0, Max: 0, Diff: 0, Sum: 0, Workers: 4
[38.227s][debug][gc,phases      ] GC(87)   StringDedup Table Weak         Min:  0.0, Avg:  0.0, Max:  0.0, Diff:  0.0, Sum:  0.0, Workers: 4
[38.227s][debug][gc,phases      ] GC(87)     Dead                           Min: 0, Avg:  0.0, Max: 0, Diff: 0, Sum: 0, Workers: 4
[38.227s][debug][gc,phases      ] GC(87)     Total                          Min: 0, Avg:  0.0, Max: 0, Diff: 0, Sum: 0, Workers: 4
[38.227s][debug][gc,phases      ] GC(87)   StringDedup Requests0 Weak     Min:  0.0, Avg:  0.0, Max:  0.0, Diff:  0.0, Sum:  0.0, Workers: 4
[38.227s][debug][gc,phases      ] GC(87)     Dead                           Min: 0, Avg:  0.0, Max: 0, Diff: 0, Sum: 0, Workers: 4
[38.227s][debug][gc,phases      ] GC(87)     Total                          Min: 0, Avg:  0.0, Max: 0, Diff: 0, Sum: 0, Workers: 4
[38.227s][debug][gc,phases      ] GC(87)   StringDedup Requests1 Weak     Min:  0.0, Avg:  0.0, Max:  0.0, Diff:  0.0, Sum:  0.0, Workers: 4
[38.227s][debug][gc,phases      ] GC(87)     Dead                           Min: 0, Avg:  0.0, Max: 0, Diff: 0, Sum: 0, Workers: 4
[38.227s][debug][gc,phases      ] GC(87)     Total                          Min: 0, Avg:  0.0, Max: 0, Diff: 0, Sum: 0, Workers: 4
[38.227s][debug][gc,phases      ] GC(87)   Weak JFR Old Object Samples    Min:  0.0, Avg:  0.0, Max:  0.0, Diff:  0.0, Sum:  0.0, Workers: 4
[38.227s][debug][gc,phases      ] GC(87)     Dead                           Min: 0, Avg:  0.0, Max: 0, Diff: 0, Sum: 0, Workers: 4
[38.227s][debug][gc,phases      ] GC(87)     Total                          Min: 0, Avg:  0.0, Max: 0, Diff: 0, Sum: 0, Workers: 4
[38.227s][debug][gc,phases      ] GC(87) Weak Processing 0.341ms
[38.227s][debug][gc,age         ] GC(87) Desired survivor size 76021760 bytes, new threshold 15 (max threshold 15)
[38.228s][info ][gc,heap        ] GC(87) PSYoungGen: 1958448K(2018816K)->16832K(2022912K) Eden: 1941504K(1941504K)->0K(1947136K) From: 16944K(77312K)->16832K(75776K)
[38.228s][info ][gc,heap        ] GC(87) ParOldGen: 434275K(470016K)->434643K(470016K)
[38.228s][info ][gc,metaspace   ] GC(87) Metaspace: 78178K(78912K)->78178K(78912K) NonClass: 66960K(67328K)->66960K(67328K) Class: 11218K(11584K)->11218K(11584K)
[38.228s][info ][gc             ] GC(87) Pause Young (Allocation Failure) 2336M->440M(2434M) 12.981ms
[38.228s][info ][gc,cpu         ] GC(87) User=0.04s Sys=0.00s Real=0.02s
[38.228s][info ][safepoint      ] Safepoint "ParallelGCFailedAllocation", Time since last: 383172134 ns, Reaching safepoint: 792343 ns, At safepoint: 13083708 ns, Total: 13876051 ns
[38.628s][info ][gc,start       ] GC(88) Pause Young (Allocation Failure)
[38.639s][debug][gc,phases      ] GC(88) Scavenge 11.157ms
[38.639s][debug][gc,ref         ] GC(88) Skipped phase 1 of Reference Processing: no references
[38.639s][debug][gc,ref         ] GC(88) ReferenceProcessor::execute queues: 1, RefProcThreadModel::Single, marks_oops_alive: false
[38.639s][debug][gc,ref         ] GC(88) Skipped phase 3 of Reference Processing: no references
[38.639s][debug][gc,ref         ] GC(88) Skipped phase 4 of Reference Processing: no references
[38.639s][debug][gc,phases      ] GC(88) Reference Processing 0.104ms
[38.639s][debug][gc,phases      ] GC(88)   VM Weak                        Min:  0.0, Avg:  0.0, Max:  0.0, Diff:  0.0, Sum:  0.0, Workers: 4
[38.639s][debug][gc,phases      ] GC(88)     Dead                           Min: 0, Avg:  0.0, Max: 0, Diff: 0, Sum: 0, Workers: 4
[38.639s][debug][gc,phases      ] GC(88)     Total                          Min: 0, Avg: 158.5, Max: 378, Diff: 378, Sum: 634, Workers: 4
[38.639s][debug][gc,phases      ] GC(88)   ObjectSynchronizer Weak        Min:  0.0, Avg:  0.0, Max:  0.0, Diff:  0.0, Sum:  0.0, Workers: 4
[38.639s][debug][gc,phases      ] GC(88)     Dead                           Min: 0, Avg:  0.0, Max: 0, Diff: 0, Sum: 0, Workers: 4
[38.639s][debug][gc,phases      ] GC(88)     Total                          Min: 0, Avg: 83.5, Max: 192, Diff: 192, Sum: 334, Workers: 4
[38.639s][debug][gc,phases      ] GC(88)   JVMTI Tag Weak OopStorage      Min:  0.0, Avg:  0.0, Max:  0.0, Diff:  0.0, Sum:  0.0, Workers: 4
[38.639s][debug][gc,phases      ] GC(88)     Dead                           Min: 0, Avg:  0.0, Max: 0, Diff: 0, Sum: 0, Workers: 4
[38.639s][debug][gc,phases      ] GC(88)     Total                          Min: 0, Avg:  0.0, Max: 0, Diff: 0, Sum: 0, Workers: 4
[38.639s][debug][gc,phases      ] GC(88)   StringTable Weak               Min:  0.1, Avg:  0.1, Max:  0.1, Diff:  0.0, Sum:  0.5, Workers: 4
[38.639s][debug][gc,phases      ] GC(88)     Dead                           Min: 0, Avg:  0.0, Max: 0, Diff: 0, Sum: 0, Workers: 4
[38.639s][debug][gc,phases      ] GC(88)     Total                          Min: 10304, Avg: 11646.8, Max: 12864, Diff: 2560, Sum: 46587, Workers: 4
[38.639s][debug][gc,phases      ] GC(88)   ResolvedMethodTable Weak       Min:  0.0, Avg:  0.0, Max:  0.0, Diff:  0.0, Sum:  0.1, Workers: 4
[38.639s][debug][gc,phases      ] GC(88)     Dead                           Min: 0, Avg:  0.0, Max: 0, Diff: 0, Sum: 0, Workers: 4
[38.639s][debug][gc,phases      ] GC(88)     Total                          Min: 1856, Avg: 1963.5, Max: 2112, Diff: 256, Sum: 7854, Workers: 4
[38.639s][debug][gc,phases      ] GC(88)   JNI Weak                       Min:  0.0, Avg:  0.0, Max:  0.0, Diff:  0.0, Sum:  0.0, Workers: 4
[38.639s][debug][gc,phases      ] GC(88)     Dead                           Min: 0, Avg:  0.0, Max: 0, Diff: 0, Sum: 0, Workers: 4
[38.639s][debug][gc,phases      ] GC(88)     Total                          Min: 0, Avg:  0.0, Max: 0, Diff: 0, Sum: 0, Workers: 4
[38.639s][debug][gc,phases      ] GC(88)   StringDedup Table Weak         Min:  0.0, Avg:  0.0, Max:  0.0, Diff:  0.0, Sum:  0.0, Workers: 4
[38.639s][debug][gc,phases      ] GC(88)     Dead                           Min: 0, Avg:  0.0, Max: 0, Diff: 0, Sum: 0, Workers: 4
[38.639s][debug][gc,phases      ] GC(88)     Total                          Min: 0, Avg:  0.0, Max: 0, Diff: 0, Sum: 0, Workers: 4
[38.640s][debug][gc,phases      ] GC(88)   StringDedup Requests0 Weak     Min:  0.0, Avg:  0.0, Max:  0.0, Diff:  0.0, Sum:  0.0, Workers: 4
[38.640s][debug][gc,phases      ] GC(88)     Dead                           Min: 0, Avg:  0.0, Max: 0, Diff: 0, Sum: 0, Workers: 4
[38.640s][debug][gc,phases      ] GC(88)     Total                          Min: 0, Avg:  0.0, Max: 0, Diff: 0, Sum: 0, Workers: 4
[38.640s][debug][gc,phases      ] GC(88)   StringDedup Requests1 Weak     Min:  0.0, Avg:  0.0, Max:  0.0, Diff:  0.0, Sum:  0.0, Workers: 4
[38.640s][debug][gc,phases      ] GC(88)     Dead                           Min: 0, Avg:  0.0, Max: 0, Diff: 0, Sum: 0, Workers: 4
[38.640s][debug][gc,phases      ] GC(88)     Total                          Min: 0, Avg:  0.0, Max: 0, Diff: 0, Sum: 0, Workers: 4
[38.640s][debug][gc,phases      ] GC(88)   Weak JFR Old Object Samples    Min:  0.0, Avg:  0.0, Max:  0.0, Diff:  0.0, Sum:  0.0, Workers: 4
[38.640s][debug][gc,phases      ] GC(88)     Dead                           Min: 0, Avg:  0.0, Max: 0, Diff: 0, Sum: 0, Workers: 4
[38.640s][debug][gc,phases      ] GC(88)     Total                          Min: 0, Avg:  0.0, Max: 0, Diff: 0, Sum: 0, Workers: 4
[38.640s][debug][gc,phases      ] GC(88) Weak Processing 0.322ms
[38.640s][debug][gc,age         ] GC(88) Desired survivor size 73924608 bytes, new threshold 15 (max threshold 15)
[38.640s][info ][gc,heap        ] GC(88) PSYoungGen: 1963968K(2022912K)->16800K(2021376K) Eden: 1947136K(1947136K)->0K(1947136K) From: 16832K(75776K)->16800K(74240K)
[38.640s][info ][gc,heap        ] GC(88) ParOldGen: 434643K(470016K)->435067K(470016K)
[38.640s][info ][gc,metaspace   ] GC(88) Metaspace: 78182K(78912K)->78182K(78912K) NonClass: 66963K(67328K)->66963K(67328K) Class: 11218K(11584K)->11218K(11584K)
[38.640s][info ][gc             ] GC(88) Pause Young (Allocation Failure) 2342M->441M(2433M) 11.712ms
[38.640s][info ][gc,cpu         ] GC(88) User=0.04s Sys=0.00s Real=0.01s
[38.640s][info ][safepoint      ] Safepoint "ParallelGCFailedAllocation", Time since last: 400079248 ns, Reaching safepoint: 150108 ns, At safepoint: 11830641 ns, Total: 11980749 ns
[39.041s][info ][gc,start       ] GC(89) Pause Young (Allocation Failure)
[39.052s][debug][gc,phases      ] GC(89) Scavenge 11.078ms
[39.052s][debug][gc,ref         ] GC(89) Skipped phase 1 of Reference Processing: no references
[39.052s][debug][gc,ref         ] GC(89) ReferenceProcessor::execute queues: 1, RefProcThreadModel::Single, marks_oops_alive: false
[39.052s][debug][gc,ref         ] GC(89) Skipped phase 3 of Reference Processing: no references
[39.052s][debug][gc,ref         ] GC(89) Skipped phase 4 of Reference Processing: no references
[39.052s][debug][gc,phases      ] GC(89) Reference Processing 0.120ms
[39.052s][debug][gc,phases      ] GC(89)   VM Weak                        Min:  0.0, Avg:  0.0, Max:  0.0, Diff:  0.0, Sum:  0.0, Workers: 4
[39.053s][debug][gc,phases      ] GC(89)     Dead                           Min: 0, Avg:  0.0, Max: 0, Diff: 0, Sum: 0, Workers: 4
[39.053s][debug][gc,phases      ] GC(89)     Total                          Min: 0, Avg: 158.5, Max: 576, Diff: 576, Sum: 634, Workers: 4
[39.053s][debug][gc,phases      ] GC(89)   ObjectSynchronizer Weak        Min:  0.0, Avg:  0.0, Max:  0.0, Diff:  0.0, Sum:  0.0, Workers: 4
[39.053s][debug][gc,phases      ] GC(89)     Dead                           Min: 0, Avg:  0.0, Max: 0, Diff: 0, Sum: 0, Workers: 4
[39.053s][debug][gc,phases      ] GC(89)     Total                          Min: 0, Avg: 83.5, Max: 192, Diff: 192, Sum: 334, Workers: 4
[39.053s][debug][gc,phases      ] GC(89)   JVMTI Tag Weak OopStorage      Min:  0.0, Avg:  0.0, Max:  0.0, Diff:  0.0, Sum:  0.0, Workers: 4
[39.053s][debug][gc,phases      ] GC(89)     Dead                           Min: 0, Avg:  0.0, Max: 0, Diff: 0, Sum: 0, Workers: 4
[39.053s][debug][gc,phases      ] GC(89)     Total                          Min: 0, Avg:  0.0, Max: 0, Diff: 0, Sum: 0, Workers: 4
[39.053s][debug][gc,phases      ] GC(89)   StringTable Weak               Min:  0.1, Avg:  0.1, Max:  0.1, Diff:  0.0, Sum:  0.4, Workers: 4
[39.053s][debug][gc,phases      ] GC(89)     Dead                           Min: 0, Avg:  0.0, Max: 0, Diff: 0, Sum: 0, Workers: 4
[39.053s][debug][gc,phases      ] GC(89)     Total                          Min: 10688, Avg: 11646.8, Max: 12736, Diff: 2048, Sum: 46587, Workers: 4
[39.053s][debug][gc,phases      ] GC(89)   ResolvedMethodTable Weak       Min:  0.0, Avg:  0.0, Max:  0.0, Diff:  0.0, Sum:  0.1, Workers: 4
[39.053s][debug][gc,phases      ] GC(89)     Dead                           Min: 0, Avg:  0.0, Max: 0, Diff: 0, Sum: 0, Workers: 4
[39.053s][debug][gc,phases      ] GC(89)     Total                          Min: 1920, Avg: 1963.5, Max: 2048, Diff: 128, Sum: 7854, Workers: 4
[39.053s][debug][gc,phases      ] GC(89)   JNI Weak                       Min:  0.0, Avg:  0.0, Max:  0.0, Diff:  0.0, Sum:  0.0, Workers: 4
[39.053s][debug][gc,phases      ] GC(89)     Dead                           Min: 0, Avg:  0.0, Max: 0, Diff: 0, Sum: 0, Workers: 4
[39.053s][debug][gc,phases      ] GC(89)     Total                          Min: 0, Avg:  0.0, Max: 0, Diff: 0, Sum: 0, Workers: 4
[39.053s][debug][gc,phases      ] GC(89)   StringDedup Table Weak         Min:  0.0, Avg:  0.0, Max:  0.0, Diff:  0.0, Sum:  0.0, Workers: 4
[39.053s][debug][gc,phases      ] GC(89)     Dead                           Min: 0, Avg:  0.0, Max: 0, Diff: 0, Sum: 0, Workers: 4
[39.053s][debug][gc,phases      ] GC(89)     Total                          Min: 0, Avg:  0.0, Max: 0, Diff: 0, Sum: 0, Workers: 4
[39.053s][debug][gc,phases      ] GC(89)   StringDedup Requests0 Weak     Min:  0.0, Avg:  0.0, Max:  0.0, Diff:  0.0, Sum:  0.0, Workers: 4
[39.053s][debug][gc,phases      ] GC(89)     Dead                           Min: 0, Avg:  0.0, Max: 0, Diff: 0, Sum: 0, Workers: 4
[39.053s][debug][gc,phases      ] GC(89)     Total                          Min: 0, Avg:  0.0, Max: 0, Diff: 0, Sum: 0, Workers: 4
[39.053s][debug][gc,phases      ] GC(89)   StringDedup Requests1 Weak     Min:  0.0, Avg:  0.0, Max:  0.0, Diff:  0.0, Sum:  0.0, Workers: 4
[39.053s][debug][gc,phases      ] GC(89)     Dead                           Min: 0, Avg:  0.0, Max: 0, Diff: 0, Sum: 0, Workers: 4
[39.053s][debug][gc,phases      ] GC(89)     Total                          Min: 0, Avg:  0.0, Max: 0, Diff: 0, Sum: 0, Workers: 4
[39.053s][debug][gc,phases      ] GC(89)   Weak JFR Old Object Samples    Min:  0.0, Avg:  0.0, Max:  0.0, Diff:  0.0, Sum:  0.0, Workers: 4
[39.053s][debug][gc,phases      ] GC(89)     Dead                           Min: 0, Avg:  0.0, Max: 0, Diff: 0, Sum: 0, Workers: 4
[39.053s][debug][gc,phases      ] GC(89)     Total                          Min: 0, Avg:  0.0, Max: 0, Diff: 0, Sum: 0, Workers: 4
[39.053s][debug][gc,phases      ] GC(89) Weak Processing 0.324ms
[39.053s][debug][gc,age         ] GC(89) Desired survivor size 71827456 bytes, new threshold 15 (max threshold 15)
[39.053s][info ][gc,heap        ] GC(89) PSYoungGen: 1963936K(2021376K)->16352K(2027008K) Eden: 1947136K(1947136K)->0K(1954816K) From: 16800K(74240K)->16352K(72192K)
[39.053s][info ][gc,heap        ] GC(89) ParOldGen: 435067K(470016K)->435827K(470016K)
[39.053s][info ][gc,metaspace   ] GC(89) Metaspace: 78213K(79040K)->78213K(79040K) NonClass: 66995K(67456K)->66995K(67456K) Class: 11218K(11584K)->11218K(11584K)
[39.053s][info ][gc             ] GC(89) Pause Young (Allocation Failure) 2342M->441M(2438M) 11.675ms
[39.053s][info ][gc,cpu         ] GC(89) User=0.04s Sys=0.00s Real=0.01s
[39.053s][info ][safepoint      ] Safepoint "ParallelGCFailedAllocation", Time since last: 401160407 ns, Reaching safepoint: 162709 ns, At safepoint: 11790338 ns, Total: 11953047 ns
[39.444s][info ][gc,start       ] GC(90) Pause Young (Allocation Failure)
[39.454s][debug][gc,phases      ] GC(90) Scavenge 9.934ms
[39.454s][debug][gc,ref         ] GC(90) Skipped phase 1 of Reference Processing: no references
[39.454s][debug][gc,ref         ] GC(90) ReferenceProcessor::execute queues: 1, RefProcThreadModel::Single, marks_oops_alive: false
[39.454s][debug][gc,ref         ] GC(90) Skipped phase 3 of Reference Processing: no references
[39.454s][debug][gc,ref         ] GC(90) Skipped phase 4 of Reference Processing: no references
[39.454s][debug][gc,phases      ] GC(90) Reference Processing 0.116ms
[39.454s][debug][gc,phases      ] GC(90)   VM Weak                        Min:  0.0, Avg:  0.0, Max:  0.0, Diff:  0.0, Sum:  0.0, Workers: 4
[39.454s][debug][gc,phases      ] GC(90)     Dead                           Min: 0, Avg:  0.0, Max: 0, Diff: 0, Sum: 0, Workers: 4
[39.454s][debug][gc,phases      ] GC(90)     Total                          Min: 0, Avg: 158.5, Max: 442, Diff: 442, Sum: 634, Workers: 4
[39.454s][debug][gc,phases      ] GC(90)   ObjectSynchronizer Weak        Min:  0.0, Avg:  0.0, Max:  0.0, Diff:  0.0, Sum:  0.0, Workers: 4
[39.454s][debug][gc,phases      ] GC(90)     Dead                           Min: 0, Avg:  0.0, Max: 0, Diff: 0, Sum: 0, Workers: 4
[39.454s][debug][gc,phases      ] GC(90)     Total                          Min: 0, Avg: 83.5, Max: 192, Diff: 192, Sum: 334, Workers: 4
[39.454s][debug][gc,phases      ] GC(90)   JVMTI Tag Weak OopStorage      Min:  0.0, Avg:  0.0, Max:  0.0, Diff:  0.0, Sum:  0.0, Workers: 4
[39.454s][debug][gc,phases      ] GC(90)     Dead                           Min: 0, Avg:  0.0, Max: 0, Diff: 0, Sum: 0, Workers: 4
[39.454s][debug][gc,phases      ] GC(90)     Total                          Min: 0, Avg:  0.0, Max: 0, Diff: 0, Sum: 0, Workers: 4
[39.454s][debug][gc,phases      ] GC(90)   StringTable Weak               Min:  0.1, Avg:  0.1, Max:  0.1, Diff:  0.0, Sum:  0.4, Workers: 4
[39.454s][debug][gc,phases      ] GC(90)     Dead                           Min: 0, Avg:  0.0, Max: 0, Diff: 0, Sum: 0, Workers: 4
[39.454s][debug][gc,phases      ] GC(90)     Total                          Min: 11200, Avg: 11646.8, Max: 12411, Diff: 1211, Sum: 46587, Workers: 4
[39.454s][debug][gc,phases      ] GC(90)   ResolvedMethodTable Weak       Min:  0.0, Avg:  0.0, Max:  0.0, Diff:  0.0, Sum:  0.1, Workers: 4
[39.454s][debug][gc,phases      ] GC(90)     Dead                           Min: 0, Avg:  0.0, Max: 0, Diff: 0, Sum: 0, Workers: 4
[39.454s][debug][gc,phases      ] GC(90)     Total                          Min: 1920, Avg: 1963.5, Max: 2030, Diff: 110, Sum: 7854, Workers: 4
[39.454s][debug][gc,phases      ] GC(90)   JNI Weak                       Min:  0.0, Avg:  0.0, Max:  0.0, Diff:  0.0, Sum:  0.0, Workers: 4
[39.454s][debug][gc,phases      ] GC(90)     Dead                           Min: 0, Avg:  0.0, Max: 0, Diff: 0, Sum: 0, Workers: 4
[39.454s][debug][gc,phases      ] GC(90)     Total                          Min: 0, Avg:  0.0, Max: 0, Diff: 0, Sum: 0, Workers: 4
[39.454s][debug][gc,phases      ] GC(90)   StringDedup Table Weak         Min:  0.0, Avg:  0.0, Max:  0.0, Diff:  0.0, Sum:  0.0, Workers: 4
[39.454s][debug][gc,phases      ] GC(90)     Dead                           Min: 0, Avg:  0.0, Max: 0, Diff: 0, Sum: 0, Workers: 4
[39.454s][debug][gc,phases      ] GC(90)     Total                          Min: 0, Avg:  0.0, Max: 0, Diff: 0, Sum: 0, Workers: 4
[39.454s][debug][gc,phases      ] GC(90)   StringDedup Requests0 Weak     Min:  0.0, Avg:  0.0, Max:  0.0, Diff:  0.0, Sum:  0.0, Workers: 4
[39.454s][debug][gc,phases      ] GC(90)     Dead                           Min: 0, Avg:  0.0, Max: 0, Diff: 0, Sum: 0, Workers: 4
[39.454s][debug][gc,phases      ] GC(90)     Total                          Min: 0, Avg:  0.0, Max: 0, Diff: 0, Sum: 0, Workers: 4
[39.454s][debug][gc,phases      ] GC(90)   StringDedup Requests1 Weak     Min:  0.0, Avg:  0.0, Max:  0.0, Diff:  0.0, Sum:  0.0, Workers: 4
[39.454s][debug][gc,phases      ] GC(90)     Dead                           Min: 0, Avg:  0.0, Max: 0, Diff: 0, Sum: 0, Workers: 4
[39.454s][debug][gc,phases      ] GC(90)     Total                          Min: 0, Avg:  0.0, Max: 0, Diff: 0, Sum: 0, Workers: 4
[39.454s][debug][gc,phases      ] GC(90)   Weak JFR Old Object Samples    Min:  0.0, Avg:  0.0, Max:  0.0, Diff:  0.0, Sum:  0.0, Workers: 4
[39.454s][debug][gc,phases      ] GC(90)     Dead                           Min: 0, Avg:  0.0, Max: 0, Diff: 0, Sum: 0, Workers: 4
[39.455s][debug][gc,phases      ] GC(90)     Total                          Min: 0, Avg:  0.0, Max: 0, Diff: 0, Sum: 0, Workers: 4
[39.455s][debug][gc,phases      ] GC(90) Weak Processing 0.312ms
[39.455s][debug][gc,age         ] GC(90) Desired survivor size 69730304 bytes, new threshold 15 (max threshold 15)
[39.455s][info ][gc,heap        ] GC(90) PSYoungGen: 1971168K(2027008K)->15680K(2024960K) Eden: 1954816K(1954816K)->0K(1954816K) From: 16352K(72192K)->15680K(70144K)
[39.455s][info ][gc,heap        ] GC(90) ParOldGen: 435827K(470016K)->436771K(470016K)
[39.455s][info ][gc,metaspace   ] GC(90) Metaspace: 78216K(79040K)->78216K(79040K) NonClass: 66998K(67456K)->66998K(67456K) Class: 11218K(11584K)->11218K(11584K)
[39.455s][info ][gc             ] GC(90) Pause Young (Allocation Failure) 2350M->441M(2436M) 10.495ms
[39.455s][info ][gc,cpu         ] GC(90) User=0.04s Sys=0.00s Real=0.01s
[39.455s][info ][safepoint      ] Safepoint "ParallelGCFailedAllocation", Time since last: 391111463 ns, Reaching safepoint: 137807 ns, At safepoint: 10613775 ns, Total: 10751582 ns
[39.851s][info ][gc,start       ] GC(91) Pause Young (Allocation Failure)
[39.861s][debug][gc,phases      ] GC(91) Scavenge 9.321ms
[39.861s][debug][gc,ref         ] GC(91) Skipped phase 1 of Reference Processing: no references
[39.861s][debug][gc,ref         ] GC(91) ReferenceProcessor::execute queues: 1, RefProcThreadModel::Single, marks_oops_alive: false
[39.861s][debug][gc,ref         ] GC(91) Skipped phase 3 of Reference Processing: no references
[39.861s][debug][gc,ref         ] GC(91) Skipped phase 4 of Reference Processing: no references
[39.861s][debug][gc,phases      ] GC(91) Reference Processing 0.114ms
[39.861s][debug][gc,phases      ] GC(91)   VM Weak                        Min:  0.0, Avg:  0.0, Max:  0.0, Diff:  0.0, Sum:  0.0, Workers: 4
[39.861s][debug][gc,phases      ] GC(91)     Dead                           Min: 0, Avg:  0.0, Max: 0, Diff: 0, Sum: 0, Workers: 4
[39.861s][debug][gc,phases      ] GC(91)     Total                          Min: 0, Avg: 158.5, Max: 634, Diff: 634, Sum: 634, Workers: 4
[39.861s][debug][gc,phases      ] GC(91)   ObjectSynchronizer Weak        Min:  0.0, Avg:  0.0, Max:  0.0, Diff:  0.0, Sum:  0.0, Workers: 4
[39.861s][debug][gc,phases      ] GC(91)     Dead                           Min: 0, Avg:  0.0, Max: 0, Diff: 0, Sum: 0, Workers: 4
[39.861s][debug][gc,phases      ] GC(91)     Total                          Min: 0, Avg: 83.5, Max: 256, Diff: 256, Sum: 334, Workers: 4
[39.861s][debug][gc,phases      ] GC(91)   JVMTI Tag Weak OopStorage      Min:  0.0, Avg:  0.0, Max:  0.0, Diff:  0.0, Sum:  0.0, Workers: 4
[39.861s][debug][gc,phases      ] GC(91)     Dead                           Min: 0, Avg:  0.0, Max: 0, Diff: 0, Sum: 0, Workers: 4
[39.861s][debug][gc,phases      ] GC(91)     Total                          Min: 0, Avg:  0.0, Max: 0, Diff: 0, Sum: 0, Workers: 4
[39.861s][debug][gc,phases      ] GC(91)   StringTable Weak               Min:  0.1, Avg:  0.1, Max:  0.1, Diff:  0.0, Sum:  0.4, Workers: 4
[39.861s][debug][gc,phases      ] GC(91)     Dead                           Min: 0, Avg:  0.0, Max: 0, Diff: 0, Sum: 0, Workers: 4
[39.861s][debug][gc,phases      ] GC(91)     Total                          Min: 10176, Avg: 11654.0, Max: 13120, Diff: 2944, Sum: 46616, Workers: 4
[39.861s][debug][gc,phases      ] GC(91)   ResolvedMethodTable Weak       Min:  0.0, Avg:  0.0, Max:  0.0, Diff:  0.0, Sum:  0.1, Workers: 4
[39.861s][debug][gc,phases      ] GC(91)     Dead                           Min: 0, Avg:  0.0, Max: 0, Diff: 0, Sum: 0, Workers: 4
[39.861s][debug][gc,phases      ] GC(91)     Total                          Min: 1710, Avg: 1963.5, Max: 2112, Diff: 402, Sum: 7854, Workers: 4
[39.861s][debug][gc,phases      ] GC(91)   JNI Weak                       Min:  0.0, Avg:  0.0, Max:  0.0, Diff:  0.0, Sum:  0.0, Workers: 4
[39.861s][debug][gc,phases      ] GC(91)     Dead                           Min: 0, Avg:  0.0, Max: 0, Diff: 0, Sum: 0, Workers: 4
[39.861s][debug][gc,phases      ] GC(91)     Total                          Min: 0, Avg:  0.0, Max: 0, Diff: 0, Sum: 0, Workers: 4
[39.861s][debug][gc,phases      ] GC(91)   StringDedup Table Weak         Min:  0.0, Avg:  0.0, Max:  0.0, Diff:  0.0, Sum:  0.0, Workers: 4
[39.861s][debug][gc,phases      ] GC(91)     Dead                           Min: 0, Avg:  0.0, Max: 0, Diff: 0, Sum: 0, Workers: 4
[39.861s][debug][gc,phases      ] GC(91)     Total                          Min: 0, Avg:  0.0, Max: 0, Diff: 0, Sum: 0, Workers: 4
[39.861s][debug][gc,phases      ] GC(91)   StringDedup Requests0 Weak     Min:  0.0, Avg:  0.0, Max:  0.0, Diff:  0.0, Sum:  0.0, Workers: 4
[39.861s][debug][gc,phases      ] GC(91)     Dead                           Min: 0, Avg:  0.0, Max: 0, Diff: 0, Sum: 0, Workers: 4
[39.861s][debug][gc,phases      ] GC(91)     Total                          Min: 0, Avg:  0.0, Max: 0, Diff: 0, Sum: 0, Workers: 4
[39.861s][debug][gc,phases      ] GC(91)   StringDedup Requests1 Weak     Min:  0.0, Avg:  0.0, Max:  0.0, Diff:  0.0, Sum:  0.0, Workers: 4
[39.861s][debug][gc,phases      ] GC(91)     Dead                           Min: 0, Avg:  0.0, Max: 0, Diff: 0, Sum: 0, Workers: 4
[39.861s][debug][gc,phases      ] GC(91)     Total                          Min: 0, Avg:  0.0, Max: 0, Diff: 0, Sum: 0, Workers: 4
[39.861s][debug][gc,phases      ] GC(91)   Weak JFR Old Object Samples    Min:  0.0, Avg:  0.0, Max:  0.0, Diff:  0.0, Sum:  0.0, Workers: 4
[39.861s][debug][gc,phases      ] GC(91)     Dead                           Min: 0, Avg:  0.0, Max: 0, Diff: 0, Sum: 0, Workers: 4
[39.861s][debug][gc,phases      ] GC(91)     Total                          Min: 0, Avg:  0.0, Max: 0, Diff: 0, Sum: 0, Workers: 4
[39.861s][debug][gc,phases      ] GC(91) Weak Processing 0.320ms
[39.861s][debug][gc,age         ] GC(91) Desired survivor size 67633152 bytes, new threshold 15 (max threshold 15)
[39.861s][info ][gc,heap        ] GC(91) PSYoungGen: 1970496K(2024960K)->15232K(2031104K) Eden: 1954816K(1954816K)->0K(1963008K) From: 15680K(70144K)->15232K(68096K)
[39.861s][info ][gc,heap        ] GC(91) ParOldGen: 436771K(470016K)->437507K(470016K)
[39.861s][info ][gc,metaspace   ] GC(91) Metaspace: 78272K(79104K)->78272K(79104K) NonClass: 67054K(67520K)->67054K(67520K) Class: 11218K(11584K)->11218K(11584K)
[39.861s][info ][gc             ] GC(91) Pause Young (Allocation Failure) 2350M->442M(2442M) 9.897ms
[39.861s][info ][gc,cpu         ] GC(91) User=0.03s Sys=0.00s Real=0.01s
[39.861s][info ][safepoint      ] Safepoint "ParallelGCFailedAllocation", Time since last: 396545557 ns, Reaching safepoint: 87905 ns, At safepoint: 10005041 ns, Total: 10092946 ns
[40.260s][info ][gc,start       ] GC(92) Pause Young (Allocation Failure)
[40.272s][debug][gc,phases      ] GC(92) Scavenge 11.149ms
[40.272s][debug][gc,ref         ] GC(92) Skipped phase 1 of Reference Processing: no references
[40.272s][debug][gc,ref         ] GC(92) Skipped phase 2 of Reference Processing: no references
[40.272s][debug][gc,ref         ] GC(92) Skipped phase 3 of Reference Processing: no references
[40.272s][debug][gc,ref         ] GC(92) Skipped phase 4 of Reference Processing: no references
[40.272s][debug][gc,phases      ] GC(92) Reference Processing 0.024ms
[40.272s][debug][gc,phases      ] GC(92)   VM Weak                        Min:  0.0, Avg:  0.0, Max:  0.0, Diff:  0.0, Sum:  0.0, Workers: 4
[40.272s][debug][gc,phases      ] GC(92)     Dead                           Min: 0, Avg:  0.0, Max: 0, Diff: 0, Sum: 0, Workers: 4
[40.272s][debug][gc,phases      ] GC(92)     Total                          Min: 0, Avg: 158.5, Max: 448, Diff: 448, Sum: 634, Workers: 4
[40.272s][debug][gc,phases      ] GC(92)   ObjectSynchronizer Weak        Min:  0.0, Avg:  0.0, Max:  0.0, Diff:  0.0, Sum:  0.0, Workers: 4
[40.272s][debug][gc,phases      ] GC(92)     Dead                           Min: 0, Avg:  0.0, Max: 0, Diff: 0, Sum: 0, Workers: 4
[40.272s][debug][gc,phases      ] GC(92)     Total                          Min: 0, Avg: 83.5, Max: 192, Diff: 192, Sum: 334, Workers: 4
[40.272s][debug][gc,phases      ] GC(92)   JVMTI Tag Weak OopStorage      Min:  0.0, Avg:  0.0, Max:  0.0, Diff:  0.0, Sum:  0.0, Workers: 4
[40.272s][debug][gc,phases      ] GC(92)     Dead                           Min: 0, Avg:  0.0, Max: 0, Diff: 0, Sum: 0, Workers: 4
[40.272s][debug][gc,phases      ] GC(92)     Total                          Min: 0, Avg:  0.0, Max: 0, Diff: 0, Sum: 0, Workers: 4
[40.272s][debug][gc,phases      ] GC(92)   StringTable Weak               Min:  0.1, Avg:  0.1, Max:  0.1, Diff:  0.0, Sum:  0.5, Workers: 4
[40.272s][debug][gc,phases      ] GC(92)     Dead                           Min: 0, Avg:  0.0, Max: 0, Diff: 0, Sum: 0, Workers: 4
[40.272s][debug][gc,phases      ] GC(92)     Total                          Min: 11434, Avg: 11658.5, Max: 11904, Diff: 470, Sum: 46634, Workers: 4
[40.272s][debug][gc,phases      ] GC(92)   ResolvedMethodTable Weak       Min:  0.0, Avg:  0.0, Max:  0.0, Diff:  0.0, Sum:  0.1, Workers: 4
[40.272s][debug][gc,phases      ] GC(92)     Dead                           Min: 0, Avg:  0.0, Max: 0, Diff: 0, Sum: 0, Workers: 4
[40.272s][debug][gc,phases      ] GC(92)     Total                          Min: 1792, Avg: 1963.5, Max: 2112, Diff: 320, Sum: 7854, Workers: 4
[40.272s][debug][gc,phases      ] GC(92)   JNI Weak                       Min:  0.0, Avg:  0.0, Max:  0.0, Diff:  0.0, Sum:  0.0, Workers: 4
[40.272s][debug][gc,phases      ] GC(92)     Dead                           Min: 0, Avg:  0.0, Max: 0, Diff: 0, Sum: 0, Workers: 4
[40.272s][debug][gc,phases      ] GC(92)     Total                          Min: 0, Avg:  0.0, Max: 0, Diff: 0, Sum: 0, Workers: 4
[40.272s][debug][gc,phases      ] GC(92)   StringDedup Table Weak         Min:  0.0, Avg:  0.0, Max:  0.0, Diff:  0.0, Sum:  0.0, Workers: 4
[40.272s][debug][gc,phases      ] GC(92)     Dead                           Min: 0, Avg:  0.0, Max: 0, Diff: 0, Sum: 0, Workers: 4
[40.272s][debug][gc,phases      ] GC(92)     Total                          Min: 0, Avg:  0.0, Max: 0, Diff: 0, Sum: 0, Workers: 4
[40.272s][debug][gc,phases      ] GC(92)   StringDedup Requests0 Weak     Min:  0.0, Avg:  0.0, Max:  0.0, Diff:  0.0, Sum:  0.0, Workers: 4
[40.272s][debug][gc,phases      ] GC(92)     Dead                           Min: 0, Avg:  0.0, Max: 0, Diff: 0, Sum: 0, Workers: 4
[40.272s][debug][gc,phases      ] GC(92)     Total                          Min: 0, Avg:  0.0, Max: 0, Diff: 0, Sum: 0, Workers: 4
[40.272s][debug][gc,phases      ] GC(92)   StringDedup Requests1 Weak     Min:  0.0, Avg:  0.0, Max:  0.0, Diff:  0.0, Sum:  0.0, Workers: 4
[40.272s][debug][gc,phases      ] GC(92)     Dead                           Min: 0, Avg:  0.0, Max: 0, Diff: 0, Sum: 0, Workers: 4
[40.272s][debug][gc,phases      ] GC(92)     Total                          Min: 0, Avg:  0.0, Max: 0, Diff: 0, Sum: 0, Workers: 4
[40.272s][debug][gc,phases      ] GC(92)   Weak JFR Old Object Samples    Min:  0.0, Avg:  0.0, Max:  0.0, Diff:  0.0, Sum:  0.0, Workers: 4
[40.272s][debug][gc,phases      ] GC(92)     Dead                           Min: 0, Avg:  0.0, Max: 0, Diff: 0, Sum: 0, Workers: 4
[40.272s][debug][gc,phases      ] GC(92)     Total                          Min: 0, Avg:  0.0, Max: 0, Diff: 0, Sum: 0, Workers: 4
[40.272s][debug][gc,phases      ] GC(92) Weak Processing 0.350ms
[40.272s][debug][gc,age         ] GC(92) Desired survivor size 65536000 bytes, new threshold 15 (max threshold 15)
[40.272s][info ][gc,heap        ] GC(92) PSYoungGen: 1978240K(2031104K)->14656K(2029056K) Eden: 1963008K(1963008K)->0K(1963008K) From: 15232K(68096K)->14656K(66048K)
[40.272s][info ][gc,heap        ] GC(92) ParOldGen: 437507K(470016K)->438435K(470016K)
[40.272s][info ][gc,metaspace   ] GC(92) Metaspace: 78329K(79104K)->78329K(79104K) NonClass: 67111K(67520K)->67111K(67520K) Class: 11218K(11584K)->11218K(11584K)
[40.272s][info ][gc             ] GC(92) Pause Young (Allocation Failure) 2359M->442M(2440M) 11.657ms
[40.272s][info ][gc,cpu         ] GC(92) User=0.04s Sys=0.00s Real=0.01s
[40.272s][info ][safepoint      ] Safepoint "ParallelGCFailedAllocation", Time since last: 399083995 ns, Reaching safepoint: 96005 ns, At safepoint: 11775338 ns, Total: 11871343 ns
[40.727s][info ][gc,start       ] GC(93) Pause Young (Allocation Failure)
[40.738s][debug][gc,phases      ] GC(93) Scavenge 10.936ms
[40.738s][debug][gc,ref         ] GC(93) Skipped phase 1 of Reference Processing: no references
[40.738s][debug][gc,ref         ] GC(93) Skipped phase 2 of Reference Processing: no references
[40.738s][debug][gc,ref         ] GC(93) Skipped phase 3 of Reference Processing: no references
[40.738s][debug][gc,ref         ] GC(93) Skipped phase 4 of Reference Processing: no references
[40.738s][debug][gc,phases      ] GC(93) Reference Processing 0.024ms
[40.738s][debug][gc,phases      ] GC(93)   VM Weak                        Min:  0.0, Avg:  0.0, Max:  0.0, Diff:  0.0, Sum:  0.0, Workers: 4
[40.738s][debug][gc,phases      ] GC(93)     Dead                           Min: 0, Avg:  0.0, Max: 0, Diff: 0, Sum: 0, Workers: 4
[40.738s][debug][gc,phases      ] GC(93)     Total                          Min: 0, Avg: 158.5, Max: 378, Diff: 378, Sum: 634, Workers: 4
[40.738s][debug][gc,phases      ] GC(93)   ObjectSynchronizer Weak        Min:  0.0, Avg:  0.0, Max:  0.0, Diff:  0.0, Sum:  0.0, Workers: 4
[40.738s][debug][gc,phases      ] GC(93)     Dead                           Min: 0, Avg:  0.0, Max: 0, Diff: 0, Sum: 0, Workers: 4
[40.738s][debug][gc,phases      ] GC(93)     Total                          Min: 14, Avg: 83.5, Max: 128, Diff: 114, Sum: 334, Workers: 4
[40.738s][debug][gc,phases      ] GC(93)   JVMTI Tag Weak OopStorage      Min:  0.0, Avg:  0.0, Max:  0.0, Diff:  0.0, Sum:  0.0, Workers: 4
[40.738s][debug][gc,phases      ] GC(93)     Dead                           Min: 0, Avg:  0.0, Max: 0, Diff: 0, Sum: 0, Workers: 4
[40.738s][debug][gc,phases      ] GC(93)     Total                          Min: 0, Avg:  0.0, Max: 0, Diff: 0, Sum: 0, Workers: 4
[40.738s][debug][gc,phases      ] GC(93)   StringTable Weak               Min:  0.1, Avg:  0.1, Max:  0.1, Diff:  0.0, Sum:  0.5, Workers: 4
[40.738s][debug][gc,phases      ] GC(93)     Dead                           Min: 0, Avg:  0.0, Max: 0, Diff: 0, Sum: 0, Workers: 4
[40.739s][debug][gc,phases      ] GC(93)     Total                          Min: 11374, Avg: 11659.5, Max: 12032, Diff: 658, Sum: 46638, Workers: 4
[40.739s][debug][gc,phases      ] GC(93)   ResolvedMethodTable Weak       Min:  0.0, Avg:  0.0, Max:  0.0, Diff:  0.0, Sum:  0.1, Workers: 4
[40.739s][debug][gc,phases      ] GC(93)     Dead                           Min: 0, Avg:  0.0, Max: 0, Diff: 0, Sum: 0, Workers: 4
[40.739s][debug][gc,phases      ] GC(93)     Total                          Min: 1838, Avg: 1963.5, Max: 2048, Diff: 210, Sum: 7854, Workers: 4
[40.739s][debug][gc,phases      ] GC(93)   JNI Weak                       Min:  0.0, Avg:  0.0, Max:  0.0, Diff:  0.0, Sum:  0.0, Workers: 4
[40.739s][debug][gc,phases      ] GC(93)     Dead                           Min: 0, Avg:  0.0, Max: 0, Diff: 0, Sum: 0, Workers: 4
[40.739s][debug][gc,phases      ] GC(93)     Total                          Min: 0, Avg:  0.2, Max: 1, Diff: 1, Sum: 1, Workers: 4
[40.739s][debug][gc,phases      ] GC(93)   StringDedup Table Weak         Min:  0.0, Avg:  0.0, Max:  0.0, Diff:  0.0, Sum:  0.0, Workers: 4
[40.739s][debug][gc,phases      ] GC(93)     Dead                           Min: 0, Avg:  0.0, Max: 0, Diff: 0, Sum: 0, Workers: 4
[40.739s][debug][gc,phases      ] GC(93)     Total                          Min: 0, Avg:  0.0, Max: 0, Diff: 0, Sum: 0, Workers: 4
[40.739s][debug][gc,phases      ] GC(93)   StringDedup Requests0 Weak     Min:  0.0, Avg:  0.0, Max:  0.0, Diff:  0.0, Sum:  0.0, Workers: 4
[40.739s][debug][gc,phases      ] GC(93)     Dead                           Min: 0, Avg:  0.0, Max: 0, Diff: 0, Sum: 0, Workers: 4
[40.739s][debug][gc,phases      ] GC(93)     Total                          Min: 0, Avg:  0.0, Max: 0, Diff: 0, Sum: 0, Workers: 4
[40.739s][debug][gc,phases      ] GC(93)   StringDedup Requests1 Weak     Min:  0.0, Avg:  0.0, Max:  0.0, Diff:  0.0, Sum:  0.0, Workers: 4
[40.739s][debug][gc,phases      ] GC(93)     Dead                           Min: 0, Avg:  0.0, Max: 0, Diff: 0, Sum: 0, Workers: 4
[40.739s][debug][gc,phases      ] GC(93)     Total                          Min: 0, Avg:  0.0, Max: 0, Diff: 0, Sum: 0, Workers: 4
[40.739s][debug][gc,phases      ] GC(93)   Weak JFR Old Object Samples    Min:  0.0, Avg:  0.0, Max:  0.0, Diff:  0.0, Sum:  0.0, Workers: 4
[40.739s][debug][gc,phases      ] GC(93)     Dead                           Min: 0, Avg:  0.0, Max: 0, Diff: 0, Sum: 0, Workers: 4
[40.739s][debug][gc,phases      ] GC(93)     Total                          Min: 0, Avg:  0.0, Max: 0, Diff: 0, Sum: 0, Workers: 4
[40.739s][debug][gc,phases      ] GC(93) Weak Processing 0.333ms
[40.739s][debug][gc,age         ] GC(93) Desired survivor size 63438848 bytes, new threshold 15 (max threshold 15)
[40.739s][info ][gc,heap        ] GC(93) PSYoungGen: 1977664K(2029056K)->13088K(2035200K) Eden: 1963008K(1963008K)->0K(1971200K) From: 14656K(66048K)->13088K(64000K)
[40.739s][info ][gc,heap        ] GC(93) ParOldGen: 438435K(470016K)->440299K(470016K)
[40.739s][info ][gc,metaspace   ] GC(93) Metaspace: 78330K(79104K)->78330K(79104K) NonClass: 67111K(67520K)->67111K(67520K) Class: 11218K(11584K)->11218K(11584K)
[40.739s][info ][gc             ] GC(93) Pause Young (Allocation Failure) 2359M->442M(2446M) 11.435ms
[40.739s][info ][gc,cpu         ] GC(93) User=0.05s Sys=0.00s Real=0.01s
[40.739s][info ][safepoint      ] Safepoint "ParallelGCFailedAllocation", Time since last: 450613483 ns, Reaching safepoint: 4323034 ns, At safepoint: 11553825 ns, Total: 15876859 ns
[41.154s][info ][gc,start       ] GC(94) Pause Young (Allocation Failure)
[41.166s][debug][gc,phases      ] GC(94) Scavenge 11.594ms
[41.166s][debug][gc,ref         ] GC(94) Skipped phase 1 of Reference Processing: no references
[41.166s][debug][gc,ref         ] GC(94) Skipped phase 2 of Reference Processing: no references
[41.166s][debug][gc,ref         ] GC(94) Skipped phase 3 of Reference Processing: no references
[41.166s][debug][gc,ref         ] GC(94) Skipped phase 4 of Reference Processing: no references
[41.166s][debug][gc,phases      ] GC(94) Reference Processing 0.043ms
[41.166s][debug][gc,phases      ] GC(94)   VM Weak                        Min:  0.0, Avg:  0.0, Max:  0.0, Diff:  0.0, Sum:  0.0, Workers: 4
[41.166s][debug][gc,phases      ] GC(94)     Dead                           Min: 0, Avg:  0.0, Max: 0, Diff: 0, Sum: 0, Workers: 4
[41.166s][debug][gc,phases      ] GC(94)     Total                          Min: 0, Avg: 158.5, Max: 384, Diff: 384, Sum: 634, Workers: 4
[41.166s][debug][gc,phases      ] GC(94)   ObjectSynchronizer Weak        Min:  0.0, Avg:  0.0, Max:  0.0, Diff:  0.0, Sum:  0.0, Workers: 4
[41.166s][debug][gc,phases      ] GC(94)     Dead                           Min: 0, Avg:  0.0, Max: 0, Diff: 0, Sum: 0, Workers: 4
[41.166s][debug][gc,phases      ] GC(94)     Total                          Min: 0, Avg: 83.5, Max: 142, Diff: 142, Sum: 334, Workers: 4
[41.166s][debug][gc,phases      ] GC(94)   JVMTI Tag Weak OopStorage      Min:  0.0, Avg:  0.0, Max:  0.0, Diff:  0.0, Sum:  0.0, Workers: 4
[41.166s][debug][gc,phases      ] GC(94)     Dead                           Min: 0, Avg:  0.0, Max: 0, Diff: 0, Sum: 0, Workers: 4
[41.166s][debug][gc,phases      ] GC(94)     Total                          Min: 0, Avg:  0.0, Max: 0, Diff: 0, Sum: 0, Workers: 4
[41.166s][debug][gc,phases      ] GC(94)   StringTable Weak               Min:  0.1, Avg:  0.1, Max:  0.1, Diff:  0.0, Sum:  0.6, Workers: 4
[41.166s][debug][gc,phases      ] GC(94)     Dead                           Min: 0, Avg:  0.0, Max: 0, Diff: 0, Sum: 0, Workers: 4
[41.166s][debug][gc,phases      ] GC(94)     Total                          Min: 10176, Avg: 11662.8, Max: 13947, Diff: 3771, Sum: 46651, Workers: 4
[41.166s][debug][gc,phases      ] GC(94)   ResolvedMethodTable Weak       Min:  0.0, Avg:  0.0, Max:  0.0, Diff:  0.0, Sum:  0.1, Workers: 4
[41.166s][debug][gc,phases      ] GC(94)     Dead                           Min: 0, Avg:  0.0, Max: 0, Diff: 0, Sum: 0, Workers: 4
[41.166s][debug][gc,phases      ] GC(94)     Total                          Min: 1792, Avg: 1963.5, Max: 2368, Diff: 576, Sum: 7854, Workers: 4
[41.166s][debug][gc,phases      ] GC(94)   JNI Weak                       Min:  0.0, Avg:  0.0, Max:  0.0, Diff:  0.0, Sum:  0.0, Workers: 4
[41.166s][debug][gc,phases      ] GC(94)     Dead                           Min: 0, Avg:  0.0, Max: 0, Diff: 0, Sum: 0, Workers: 4
[41.166s][debug][gc,phases      ] GC(94)     Total                          Min: 0, Avg:  0.0, Max: 0, Diff: 0, Sum: 0, Workers: 4
[41.166s][debug][gc,phases      ] GC(94)   StringDedup Table Weak         Min:  0.0, Avg:  0.0, Max:  0.0, Diff:  0.0, Sum:  0.0, Workers: 4
[41.166s][debug][gc,phases      ] GC(94)     Dead                           Min: 0, Avg:  0.0, Max: 0, Diff: 0, Sum: 0, Workers: 4
[41.166s][debug][gc,phases      ] GC(94)     Total                          Min: 0, Avg:  0.0, Max: 0, Diff: 0, Sum: 0, Workers: 4
[41.166s][debug][gc,phases      ] GC(94)   StringDedup Requests0 Weak     Min:  0.0, Avg:  0.0, Max:  0.0, Diff:  0.0, Sum:  0.0, Workers: 4
[41.166s][debug][gc,phases      ] GC(94)     Dead                           Min: 0, Avg:  0.0, Max: 0, Diff: 0, Sum: 0, Workers: 4
[41.166s][debug][gc,phases      ] GC(94)     Total                          Min: 0, Avg:  0.0, Max: 0, Diff: 0, Sum: 0, Workers: 4
[41.166s][debug][gc,phases      ] GC(94)   StringDedup Requests1 Weak     Min:  0.0, Avg:  0.0, Max:  0.0, Diff:  0.0, Sum:  0.0, Workers: 4
[41.166s][debug][gc,phases      ] GC(94)     Dead                           Min: 0, Avg:  0.0, Max: 0, Diff: 0, Sum: 0, Workers: 4
[41.166s][debug][gc,phases      ] GC(94)     Total                          Min: 0, Avg:  0.0, Max: 0, Diff: 0, Sum: 0, Workers: 4
[41.166s][debug][gc,phases      ] GC(94)   Weak JFR Old Object Samples    Min:  0.0, Avg:  0.0, Max:  0.0, Diff:  0.0, Sum:  0.0, Workers: 4
[41.166s][debug][gc,phases      ] GC(94)     Dead                           Min: 0, Avg:  0.0, Max: 0, Diff: 0, Sum: 0, Workers: 4
[41.166s][debug][gc,phases      ] GC(94)     Total                          Min: 0, Avg:  0.0, Max: 0, Diff: 0, Sum: 0, Workers: 4
[41.166s][debug][gc,phases      ] GC(94) Weak Processing 0.389ms
[41.166s][debug][gc,age         ] GC(94) Desired survivor size 62390272 bytes, new threshold 15 (max threshold 15)
[41.166s][info ][gc,heap        ] GC(94) PSYoungGen: 1984288K(2035200K)->5728K(2033152K) Eden: 1971200K(1971200K)->0K(1971200K) From: 13088K(64000K)->5728K(61952K)
[41.166s][info ][gc,heap        ] GC(94) ParOldGen: 440299K(470016K)->448115K(470016K)
[41.166s][info ][gc,metaspace   ] GC(94) Metaspace: 78336K(79168K)->78336K(79168K) NonClass: 67117K(67584K)->67117K(67584K) Class: 11218K(11584K)->11218K(11584K)
[41.166s][info ][gc             ] GC(94) Pause Young (Allocation Failure) 2367M->443M(2444M) 12.178ms
[41.166s][info ][gc,cpu         ] GC(94) User=0.03s Sys=0.02s Real=0.02s
[41.166s][info ][safepoint      ] Safepoint "ParallelGCFailedAllocation", Time since last: 415094561 ns, Reaching safepoint: 74604 ns, At safepoint: 12316667 ns, Total: 12391271 ns
[41.585s][info ][gc,start       ] GC(95) Pause Young (Allocation Failure)
[41.590s][debug][gc,phases      ] GC(95) Scavenge 4.780ms
[41.590s][debug][gc,ref         ] GC(95) Skipped phase 1 of Reference Processing: no references
[41.590s][debug][gc,ref         ] GC(95) Skipped phase 2 of Reference Processing: no references
[41.590s][debug][gc,ref         ] GC(95) Skipped phase 3 of Reference Processing: no references
[41.590s][debug][gc,ref         ] GC(95) Skipped phase 4 of Reference Processing: no references
[41.590s][debug][gc,phases      ] GC(95) Reference Processing 0.024ms
[41.590s][debug][gc,phases      ] GC(95)   VM Weak                        Min:  0.0, Avg:  0.0, Max:  0.0, Diff:  0.0, Sum:  0.0, Workers: 4
[41.590s][debug][gc,phases      ] GC(95)     Dead                           Min: 0, Avg:  0.0, Max: 0, Diff: 0, Sum: 0, Workers: 4
[41.590s][debug][gc,phases      ] GC(95)     Total                          Min: 0, Avg: 158.5, Max: 442, Diff: 442, Sum: 634, Workers: 4
[41.590s][debug][gc,phases      ] GC(95)   ObjectSynchronizer Weak        Min:  0.0, Avg:  0.0, Max:  0.0, Diff:  0.0, Sum:  0.0, Workers: 4
[41.590s][debug][gc,phases      ] GC(95)     Dead                           Min: 0, Avg:  0.0, Max: 0, Diff: 0, Sum: 0, Workers: 4
[41.590s][debug][gc,phases      ] GC(95)     Total                          Min: 0, Avg: 83.5, Max: 128, Diff: 128, Sum: 334, Workers: 4
[41.590s][debug][gc,phases      ] GC(95)   JVMTI Tag Weak OopStorage      Min:  0.0, Avg:  0.0, Max:  0.0, Diff:  0.0, Sum:  0.0, Workers: 4
[41.590s][debug][gc,phases      ] GC(95)     Dead                           Min: 0, Avg:  0.0, Max: 0, Diff: 0, Sum: 0, Workers: 4
[41.590s][debug][gc,phases      ] GC(95)     Total                          Min: 0, Avg:  0.0, Max: 0, Diff: 0, Sum: 0, Workers: 4
[41.590s][debug][gc,phases      ] GC(95)   StringTable Weak               Min:  0.1, Avg:  0.1, Max:  0.1, Diff:  0.0, Sum:  0.5, Workers: 4
[41.590s][debug][gc,phases      ] GC(95)     Dead                           Min: 0, Avg:  0.0, Max: 0, Diff: 0, Sum: 0, Workers: 4
[41.590s][debug][gc,phases      ] GC(95)     Total                          Min: 11003, Avg: 11662.8, Max: 12480, Diff: 1477, Sum: 46651, Workers: 4
[41.590s][debug][gc,phases      ] GC(95)   ResolvedMethodTable Weak       Min:  0.0, Avg:  0.0, Max:  0.0, Diff:  0.0, Sum:  0.1, Workers: 4
[41.590s][debug][gc,phases      ] GC(95)     Dead                           Min: 0, Avg:  0.0, Max: 0, Diff: 0, Sum: 0, Workers: 4
[41.590s][debug][gc,phases      ] GC(95)     Total                          Min: 1792, Avg: 1963.5, Max: 2240, Diff: 448, Sum: 7854, Workers: 4
[41.590s][debug][gc,phases      ] GC(95)   JNI Weak                       Min:  0.0, Avg:  0.0, Max:  0.0, Diff:  0.0, Sum:  0.0, Workers: 4
[41.590s][debug][gc,phases      ] GC(95)     Dead                           Min: 0, Avg:  0.0, Max: 0, Diff: 0, Sum: 0, Workers: 4
[41.590s][debug][gc,phases      ] GC(95)     Total                          Min: 0, Avg:  0.0, Max: 0, Diff: 0, Sum: 0, Workers: 4
[41.590s][debug][gc,phases      ] GC(95)   StringDedup Table Weak         Min:  0.0, Avg:  0.0, Max:  0.0, Diff:  0.0, Sum:  0.0, Workers: 4
[41.590s][debug][gc,phases      ] GC(95)     Dead                           Min: 0, Avg:  0.0, Max: 0, Diff: 0, Sum: 0, Workers: 4
[41.590s][debug][gc,phases      ] GC(95)     Total                          Min: 0, Avg:  0.0, Max: 0, Diff: 0, Sum: 0, Workers: 4
[41.590s][debug][gc,phases      ] GC(95)   StringDedup Requests0 Weak     Min:  0.0, Avg:  0.0, Max:  0.0, Diff:  0.0, Sum:  0.0, Workers: 4
[41.590s][debug][gc,phases      ] GC(95)     Dead                           Min: 0, Avg:  0.0, Max: 0, Diff: 0, Sum: 0, Workers: 4
[41.590s][debug][gc,phases      ] GC(95)     Total                          Min: 0, Avg:  0.0, Max: 0, Diff: 0, Sum: 0, Workers: 4
[41.590s][debug][gc,phases      ] GC(95)   StringDedup Requests1 Weak     Min:  0.0, Avg:  0.0, Max:  0.0, Diff:  0.0, Sum:  0.0, Workers: 4
[41.590s][debug][gc,phases      ] GC(95)     Dead                           Min: 0, Avg:  0.0, Max: 0, Diff: 0, Sum: 0, Workers: 4
[41.590s][debug][gc,phases      ] GC(95)     Total                          Min: 0, Avg:  0.0, Max: 0, Diff: 0, Sum: 0, Workers: 4
[41.590s][debug][gc,phases      ] GC(95)   Weak JFR Old Object Samples    Min:  0.0, Avg:  0.0, Max:  0.0, Diff:  0.0, Sum:  0.0, Workers: 4
[41.590s][debug][gc,phases      ] GC(95)     Dead                           Min: 0, Avg:  0.0, Max: 0, Diff: 0, Sum: 0, Workers: 4
[41.590s][debug][gc,phases      ] GC(95)     Total                          Min: 0, Avg:  0.0, Max: 0, Diff: 0, Sum: 0, Workers: 4
[41.590s][debug][gc,phases      ] GC(95) Weak Processing 0.359ms
[41.590s][debug][gc,age         ] GC(95) Desired survivor size 61865984 bytes, new threshold 15 (max threshold 15)
[41.590s][info ][gc,heap        ] GC(95) PSYoungGen: 1976928K(2033152K)->4416K(2036736K) Eden: 1971200K(1971200K)->0K(1975808K) From: 5728K(61952K)->4416K(60928K)
[41.590s][info ][gc,heap        ] GC(95) ParOldGen: 448115K(470016K)->449763K(470016K)
[41.590s][info ][gc,metaspace   ] GC(95) Metaspace: 78343K(79168K)->78343K(79168K) NonClass: 67124K(67584K)->67124K(67584K) Class: 11218K(11584K)->11218K(11584K)
[41.590s][info ][gc             ] GC(95) Pause Young (Allocation Failure) 2368M->443M(2448M) 5.301ms
[41.590s][info ][gc,cpu         ] GC(95) User=0.01s Sys=0.01s Real=0.01s
[41.590s][info ][safepoint      ] Safepoint "ParallelGCFailedAllocation", Time since last: 418537147 ns, Reaching safepoint: 66204 ns, At safepoint: 5419593 ns, Total: 5485797 ns
[42.029s][info ][gc,start       ] GC(96) Pause Young (Allocation Failure)
[42.033s][debug][gc,phases      ] GC(96) Scavenge 3.552ms
[42.033s][debug][gc,ref         ] GC(96) Skipped phase 1 of Reference Processing: no references
[42.033s][debug][gc,ref         ] GC(96) Skipped phase 2 of Reference Processing: no references
[42.033s][debug][gc,ref         ] GC(96) Skipped phase 3 of Reference Processing: no references
[42.033s][debug][gc,ref         ] GC(96) Skipped phase 4 of Reference Processing: no references
[42.033s][debug][gc,phases      ] GC(96) Reference Processing 0.023ms
[42.033s][debug][gc,phases      ] GC(96)   VM Weak                        Min:  0.0, Avg:  0.0, Max:  0.0, Diff:  0.0, Sum:  0.0, Workers: 4
[42.033s][debug][gc,phases      ] GC(96)     Dead                           Min: 0, Avg:  0.0, Max: 0, Diff: 0, Sum: 0, Workers: 4
[42.033s][debug][gc,phases      ] GC(96)     Total                          Min: 0, Avg: 158.5, Max: 512, Diff: 512, Sum: 634, Workers: 4
[42.033s][debug][gc,phases      ] GC(96)   ObjectSynchronizer Weak        Min:  0.0, Avg:  0.0, Max:  0.0, Diff:  0.0, Sum:  0.0, Workers: 4
[42.033s][debug][gc,phases      ] GC(96)     Dead                           Min: 0, Avg:  0.0, Max: 0, Diff: 0, Sum: 0, Workers: 4
[42.033s][debug][gc,phases      ] GC(96)     Total                          Min: 0, Avg: 83.5, Max: 128, Diff: 128, Sum: 334, Workers: 4
[42.033s][debug][gc,phases      ] GC(96)   JVMTI Tag Weak OopStorage      Min:  0.0, Avg:  0.0, Max:  0.0, Diff:  0.0, Sum:  0.0, Workers: 4
[42.033s][debug][gc,phases      ] GC(96)     Dead                           Min: 0, Avg:  0.0, Max: 0, Diff: 0, Sum: 0, Workers: 4
[42.033s][debug][gc,phases      ] GC(96)     Total                          Min: 0, Avg:  0.0, Max: 0, Diff: 0, Sum: 0, Workers: 4
[42.033s][debug][gc,phases      ] GC(96)   StringTable Weak               Min:  0.1, Avg:  0.1, Max:  0.1, Diff:  0.0, Sum:  0.5, Workers: 4
[42.033s][debug][gc,phases      ] GC(96)     Dead                           Min: 0, Avg:  0.0, Max: 0, Diff: 0, Sum: 0, Workers: 4
[42.033s][debug][gc,phases      ] GC(96)     Total                          Min: 10816, Avg: 11662.8, Max: 12672, Diff: 1856, Sum: 46651, Workers: 4
[42.033s][debug][gc,phases      ] GC(96)   ResolvedMethodTable Weak       Min:  0.0, Avg:  0.0, Max:  0.0, Diff:  0.0, Sum:  0.1, Workers: 4
[42.033s][debug][gc,phases      ] GC(96)     Dead                           Min: 0, Avg:  0.0, Max: 0, Diff: 0, Sum: 0, Workers: 4
[42.033s][debug][gc,phases      ] GC(96)     Total                          Min: 1856, Avg: 1963.5, Max: 2176, Diff: 320, Sum: 7854, Workers: 4
[42.033s][debug][gc,phases      ] GC(96)   JNI Weak                       Min:  0.0, Avg:  0.0, Max:  0.0, Diff:  0.0, Sum:  0.0, Workers: 4
[42.033s][debug][gc,phases      ] GC(96)     Dead                           Min: 0, Avg:  0.0, Max: 0, Diff: 0, Sum: 0, Workers: 4
[42.033s][debug][gc,phases      ] GC(96)     Total                          Min: 0, Avg:  0.0, Max: 0, Diff: 0, Sum: 0, Workers: 4
[42.033s][debug][gc,phases      ] GC(96)   StringDedup Table Weak         Min:  0.0, Avg:  0.0, Max:  0.0, Diff:  0.0, Sum:  0.0, Workers: 4
[42.033s][debug][gc,phases      ] GC(96)     Dead                           Min: 0, Avg:  0.0, Max: 0, Diff: 0, Sum: 0, Workers: 4
[42.033s][debug][gc,phases      ] GC(96)     Total                          Min: 0, Avg:  0.0, Max: 0, Diff: 0, Sum: 0, Workers: 4
[42.033s][debug][gc,phases      ] GC(96)   StringDedup Requests0 Weak     Min:  0.0, Avg:  0.0, Max:  0.0, Diff:  0.0, Sum:  0.0, Workers: 4
[42.033s][debug][gc,phases      ] GC(96)     Dead                           Min: 0, Avg:  0.0, Max: 0, Diff: 0, Sum: 0, Workers: 4
[42.033s][debug][gc,phases      ] GC(96)     Total                          Min: 0, Avg:  0.0, Max: 0, Diff: 0, Sum: 0, Workers: 4
[42.033s][debug][gc,phases      ] GC(96)   StringDedup Requests1 Weak     Min:  0.0, Avg:  0.0, Max:  0.0, Diff:  0.0, Sum:  0.0, Workers: 4
[42.033s][debug][gc,phases      ] GC(96)     Dead                           Min: 0, Avg:  0.0, Max: 0, Diff: 0, Sum: 0, Workers: 4
[42.033s][debug][gc,phases      ] GC(96)     Total                          Min: 0, Avg:  0.0, Max: 0, Diff: 0, Sum: 0, Workers: 4
[42.033s][debug][gc,phases      ] GC(96)   Weak JFR Old Object Samples    Min:  0.0, Avg:  0.0, Max:  0.0, Diff:  0.0, Sum:  0.0, Workers: 4
[42.033s][debug][gc,phases      ] GC(96)     Dead                           Min: 0, Avg:  0.0, Max: 0, Diff: 0, Sum: 0, Workers: 4
[42.033s][debug][gc,phases      ] GC(96)     Total                          Min: 0, Avg:  0.0, Max: 0, Diff: 0, Sum: 0, Workers: 4
[42.033s][debug][gc,phases      ] GC(96) Weak Processing 0.343ms
[42.033s][debug][gc,age         ] GC(96) Desired survivor size 60293120 bytes, new threshold 15 (max threshold 15)
[42.033s][info ][gc,heap        ] GC(96) PSYoungGen: 1980224K(2036736K)->4608K(2036224K) Eden: 1975808K(1975808K)->0K(1975808K) From: 4416K(60928K)->4608K(60416K)
[42.033s][info ][gc,heap        ] GC(96) ParOldGen: 449763K(470016K)->450027K(470016K)
[42.033s][info ][gc,metaspace   ] GC(96) Metaspace: 78350K(79168K)->78350K(79168K) NonClass: 67132K(67584K)->67132K(67584K) Class: 11218K(11584K)->11218K(11584K)
[42.033s][info ][gc             ] GC(96) Pause Young (Allocation Failure) 2373M->443M(2447M) 4.049ms
[42.033s][info ][gc,cpu         ] GC(96) User=0.02s Sys=0.00s Real=0.00s
[42.033s][info ][safepoint      ] Safepoint "ParallelGCFailedAllocation", Time since last: 436526821 ns, Reaching safepoint: 2149817 ns, At safepoint: 4170125 ns, Total: 6319942 ns
[42.470s][info ][gc,start       ] GC(97) Pause Young (Allocation Failure)
[42.474s][debug][gc,phases      ] GC(97) Scavenge 3.657ms
[42.474s][debug][gc,ref         ] GC(97) Skipped phase 1 of Reference Processing: no references
[42.474s][debug][gc,ref         ] GC(97) Skipped phase 2 of Reference Processing: no references
[42.474s][debug][gc,ref         ] GC(97) Skipped phase 3 of Reference Processing: no references
[42.474s][debug][gc,ref         ] GC(97) Skipped phase 4 of Reference Processing: no references
[42.474s][debug][gc,phases      ] GC(97) Reference Processing 0.029ms
[42.474s][debug][gc,phases      ] GC(97)   VM Weak                        Min:  0.0, Avg:  0.0, Max:  0.0, Diff:  0.0, Sum:  0.0, Workers: 4
[42.474s][debug][gc,phases      ] GC(97)     Dead                           Min: 0, Avg:  0.0, Max: 0, Diff: 0, Sum: 0, Workers: 4
[42.474s][debug][gc,phases      ] GC(97)     Total                          Min: 0, Avg: 158.5, Max: 634, Diff: 634, Sum: 634, Workers: 4
[42.474s][debug][gc,phases      ] GC(97)   ObjectSynchronizer Weak        Min:  0.0, Avg:  0.0, Max:  0.0, Diff:  0.0, Sum:  0.0, Workers: 4
[42.474s][debug][gc,phases      ] GC(97)     Dead                           Min: 0, Avg:  0.0, Max: 0, Diff: 0, Sum: 0, Workers: 4
[42.474s][debug][gc,phases      ] GC(97)     Total                          Min: 0, Avg: 83.5, Max: 256, Diff: 256, Sum: 334, Workers: 4
[42.474s][debug][gc,phases      ] GC(97)   JVMTI Tag Weak OopStorage      Min:  0.0, Avg:  0.0, Max:  0.0, Diff:  0.0, Sum:  0.0, Workers: 4
[42.474s][debug][gc,phases      ] GC(97)     Dead                           Min: 0, Avg:  0.0, Max: 0, Diff: 0, Sum: 0, Workers: 4
[42.474s][debug][gc,phases      ] GC(97)     Total                          Min: 0, Avg:  0.0, Max: 0, Diff: 0, Sum: 0, Workers: 4
[42.474s][debug][gc,phases      ] GC(97)   StringTable Weak               Min:  0.1, Avg:  0.1, Max:  0.1, Diff:  0.0, Sum:  0.5, Workers: 4
[42.474s][debug][gc,phases      ] GC(97)     Dead                           Min: 0, Avg:  0.0, Max: 0, Diff: 0, Sum: 0, Workers: 4
[42.474s][debug][gc,phases      ] GC(97)     Total                          Min: 11392, Avg: 11665.5, Max: 12032, Diff: 640, Sum: 46662, Workers: 4
[42.474s][debug][gc,phases      ] GC(97)   ResolvedMethodTable Weak       Min:  0.0, Avg:  0.0, Max:  0.0, Diff:  0.0, Sum:  0.1, Workers: 4
[42.474s][debug][gc,phases      ] GC(97)     Dead                           Min: 0, Avg:  0.0, Max: 0, Diff: 0, Sum: 0, Workers: 4
[42.474s][debug][gc,phases      ] GC(97)     Total                          Min: 1902, Avg: 1963.5, Max: 2048, Diff: 146, Sum: 7854, Workers: 4
[42.474s][debug][gc,phases      ] GC(97)   JNI Weak                       Min:  0.0, Avg:  0.0, Max:  0.0, Diff:  0.0, Sum:  0.0, Workers: 4
[42.474s][debug][gc,phases      ] GC(97)     Dead                           Min: 0, Avg:  0.0, Max: 0, Diff: 0, Sum: 0, Workers: 4
[42.474s][debug][gc,phases      ] GC(97)     Total                          Min: 0, Avg:  0.0, Max: 0, Diff: 0, Sum: 0, Workers: 4
[42.474s][debug][gc,phases      ] GC(97)   StringDedup Table Weak         Min:  0.0, Avg:  0.0, Max:  0.0, Diff:  0.0, Sum:  0.0, Workers: 4
[42.474s][debug][gc,phases      ] GC(97)     Dead                           Min: 0, Avg:  0.0, Max: 0, Diff: 0, Sum: 0, Workers: 4
[42.474s][debug][gc,phases      ] GC(97)     Total                          Min: 0, Avg:  0.0, Max: 0, Diff: 0, Sum: 0, Workers: 4
[42.474s][debug][gc,phases      ] GC(97)   StringDedup Requests0 Weak     Min:  0.0, Avg:  0.0, Max:  0.0, Diff:  0.0, Sum:  0.0, Workers: 4
[42.474s][debug][gc,phases      ] GC(97)     Dead                           Min: 0, Avg:  0.0, Max: 0, Diff: 0, Sum: 0, Workers: 4
[42.474s][debug][gc,phases      ] GC(97)     Total                          Min: 0, Avg:  0.0, Max: 0, Diff: 0, Sum: 0, Workers: 4
[42.474s][debug][gc,phases      ] GC(97)   StringDedup Requests1 Weak     Min:  0.0, Avg:  0.0, Max:  0.0, Diff:  0.0, Sum:  0.0, Workers: 4
[42.474s][debug][gc,phases      ] GC(97)     Dead                           Min: 0, Avg:  0.0, Max: 0, Diff: 0, Sum: 0, Workers: 4
[42.474s][debug][gc,phases      ] GC(97)     Total                          Min: 0, Avg:  0.0, Max: 0, Diff: 0, Sum: 0, Workers: 4
[42.474s][debug][gc,phases      ] GC(97)   Weak JFR Old Object Samples    Min:  0.0, Avg:  0.0, Max:  0.0, Diff:  0.0, Sum:  0.0, Workers: 4
[42.475s][debug][gc,phases      ] GC(97)     Dead                           Min: 0, Avg:  0.0, Max: 0, Diff: 0, Sum: 0, Workers: 4
[42.475s][debug][gc,phases      ] GC(97)     Total                          Min: 0, Avg:  0.0, Max: 0, Diff: 0, Sum: 0, Workers: 4
[42.475s][debug][gc,phases      ] GC(97) Weak Processing 0.341ms
[42.475s][debug][gc,age         ] GC(97) Desired survivor size 58720256 bytes, new threshold 15 (max threshold 15)
[42.475s][info ][gc,heap        ] GC(97) PSYoungGen: 1980416K(2036224K)->4800K(2039808K) Eden: 1975808K(1975808K)->0K(1980928K) From: 4608K(60416K)->4800K(58880K)
[42.475s][info ][gc,heap        ] GC(97) ParOldGen: 450027K(470016K)->450259K(470016K)
[42.475s][info ][gc,metaspace   ] GC(97) Metaspace: 78350K(79168K)->78350K(79168K) NonClass: 67132K(67584K)->67132K(67584K) Class: 11218K(11584K)->11218K(11584K)
[42.475s][info ][gc             ] GC(97) Pause Young (Allocation Failure) 2373M->444M(2451M) 4.175ms
[42.475s][info ][gc,cpu         ] GC(97) User=0.02s Sys=0.00s Real=0.00s
[42.475s][info ][safepoint      ] Safepoint "ParallelGCFailedAllocation", Time since last: 435112745 ns, Reaching safepoint: 2153517 ns, At safepoint: 4293132 ns, Total: 6446649 ns
[42.889s][info ][gc,start       ] GC(98) Pause Young (Allocation Failure)
[42.893s][debug][gc,phases      ] GC(98) Scavenge 3.297ms
[42.893s][debug][gc,ref         ] GC(98) Skipped phase 1 of Reference Processing: no references
[42.893s][debug][gc,ref         ] GC(98) Skipped phase 2 of Reference Processing: no references
[42.893s][debug][gc,ref         ] GC(98) Skipped phase 3 of Reference Processing: no references
[42.893s][debug][gc,ref         ] GC(98) Skipped phase 4 of Reference Processing: no references
[42.893s][debug][gc,phases      ] GC(98) Reference Processing 0.025ms
[42.893s][debug][gc,phases      ] GC(98)   VM Weak                        Min:  0.0, Avg:  0.0, Max:  0.0, Diff:  0.0, Sum:  0.0, Workers: 4
[42.893s][debug][gc,phases      ] GC(98)     Dead                           Min: 0, Avg:  0.0, Max: 0, Diff: 0, Sum: 0, Workers: 4
[42.893s][debug][gc,phases      ] GC(98)     Total                          Min: 0, Avg: 158.5, Max: 506, Diff: 506, Sum: 634, Workers: 4
[42.893s][debug][gc,phases      ] GC(98)   ObjectSynchronizer Weak        Min:  0.0, Avg:  0.0, Max:  0.0, Diff:  0.0, Sum:  0.0, Workers: 4
[42.893s][debug][gc,phases      ] GC(98)     Dead                           Min: 0, Avg:  0.0, Max: 0, Diff: 0, Sum: 0, Workers: 4
[42.893s][debug][gc,phases      ] GC(98)     Total                          Min: 0, Avg: 83.5, Max: 192, Diff: 192, Sum: 334, Workers: 4
[42.893s][debug][gc,phases      ] GC(98)   JVMTI Tag Weak OopStorage      Min:  0.0, Avg:  0.0, Max:  0.0, Diff:  0.0, Sum:  0.0, Workers: 4
[42.893s][debug][gc,phases      ] GC(98)     Dead                           Min: 0, Avg:  0.0, Max: 0, Diff: 0, Sum: 0, Workers: 4
[42.893s][debug][gc,phases      ] GC(98)     Total                          Min: 0, Avg:  0.0, Max: 0, Diff: 0, Sum: 0, Workers: 4
[42.893s][debug][gc,phases      ] GC(98)   StringTable Weak               Min:  0.1, Avg:  0.1, Max:  0.1, Diff:  0.0, Sum:  0.4, Workers: 4
[42.893s][debug][gc,phases      ] GC(98)     Dead                           Min: 0, Avg:  0.0, Max: 0, Diff: 0, Sum: 0, Workers: 4
[42.893s][debug][gc,phases      ] GC(98)     Total                          Min: 10816, Avg: 11665.8, Max: 12480, Diff: 1664, Sum: 46663, Workers: 4
[42.893s][debug][gc,phases      ] GC(98)   ResolvedMethodTable Weak       Min:  0.0, Avg:  0.0, Max:  0.0, Diff:  0.0, Sum:  0.1, Workers: 4
[42.893s][debug][gc,phases      ] GC(98)     Dead                           Min: 0, Avg:  0.0, Max: 0, Diff: 0, Sum: 0, Workers: 4
[42.893s][debug][gc,phases      ] GC(98)     Total                          Min: 1774, Avg: 1963.5, Max: 2048, Diff: 274, Sum: 7854, Workers: 4
[42.893s][debug][gc,phases      ] GC(98)   JNI Weak                       Min:  0.0, Avg:  0.0, Max:  0.0, Diff:  0.0, Sum:  0.0, Workers: 4
[42.893s][debug][gc,phases      ] GC(98)     Dead                           Min: 0, Avg:  0.0, Max: 0, Diff: 0, Sum: 0, Workers: 4
[42.893s][debug][gc,phases      ] GC(98)     Total                          Min: 0, Avg:  0.0, Max: 0, Diff: 0, Sum: 0, Workers: 4
[42.893s][debug][gc,phases      ] GC(98)   StringDedup Table Weak         Min:  0.0, Avg:  0.0, Max:  0.0, Diff:  0.0, Sum:  0.0, Workers: 4
[42.893s][debug][gc,phases      ] GC(98)     Dead                           Min: 0, Avg:  0.0, Max: 0, Diff: 0, Sum: 0, Workers: 4
[42.893s][debug][gc,phases      ] GC(98)     Total                          Min: 0, Avg:  0.0, Max: 0, Diff: 0, Sum: 0, Workers: 4
[42.893s][debug][gc,phases      ] GC(98)   StringDedup Requests0 Weak     Min:  0.0, Avg:  0.0, Max:  0.0, Diff:  0.0, Sum:  0.0, Workers: 4
[42.893s][debug][gc,phases      ] GC(98)     Dead                           Min: 0, Avg:  0.0, Max: 0, Diff: 0, Sum: 0, Workers: 4
[42.893s][debug][gc,phases      ] GC(98)     Total                          Min: 0, Avg:  0.0, Max: 0, Diff: 0, Sum: 0, Workers: 4
[42.893s][debug][gc,phases      ] GC(98)   StringDedup Requests1 Weak     Min:  0.0, Avg:  0.0, Max:  0.0, Diff:  0.0, Sum:  0.0, Workers: 4
[42.893s][debug][gc,phases      ] GC(98)     Dead                           Min: 0, Avg:  0.0, Max: 0, Diff: 0, Sum: 0, Workers: 4
[42.893s][debug][gc,phases      ] GC(98)     Total                          Min: 0, Avg:  0.0, Max: 0, Diff: 0, Sum: 0, Workers: 4
[42.893s][debug][gc,phases      ] GC(98)   Weak JFR Old Object Samples    Min:  0.0, Avg:  0.0, Max:  0.0, Diff:  0.0, Sum:  0.0, Workers: 4
[42.893s][debug][gc,phases      ] GC(98)     Dead                           Min: 0, Avg:  0.0, Max: 0, Diff: 0, Sum: 0, Workers: 4
[42.893s][debug][gc,phases      ] GC(98)     Total                          Min: 0, Avg:  0.0, Max: 0, Diff: 0, Sum: 0, Workers: 4
[42.893s][debug][gc,phases      ] GC(98) Weak Processing 0.331ms
[42.893s][debug][gc,age         ] GC(98) Desired survivor size 56623104 bytes, new threshold 15 (max threshold 15)
[42.893s][info ][gc,heap        ] GC(98) PSYoungGen: 1985728K(2039808K)->5056K(2038272K) Eden: 1980928K(1980928K)->0K(1980928K) From: 4800K(58880K)->5056K(57344K)
[42.893s][info ][gc,heap        ] GC(98) ParOldGen: 450259K(470016K)->450507K(470016K)
[42.893s][info ][gc,metaspace   ] GC(98) Metaspace: 78351K(79168K)->78351K(79168K) NonClass: 67133K(67584K)->67133K(67584K) Class: 11218K(11584K)->11218K(11584K)
[42.893s][info ][gc             ] GC(98) Pause Young (Allocation Failure) 2378M->444M(2449M) 3.778ms
[42.893s][info ][gc,cpu         ] GC(98) User=0.02s Sys=0.00s Real=0.00s
[42.893s][info ][safepoint      ] Safepoint "ParallelGCFailedAllocation", Time since last: 414512530 ns, Reaching safepoint: 132007 ns, At safepoint: 3890011 ns, Total: 4022018 ns
[43.309s][info ][gc,start       ] GC(99) Pause Young (Allocation Failure)
[43.313s][debug][gc,phases      ] GC(99) Scavenge 3.784ms
[43.313s][debug][gc,ref         ] GC(99) Skipped phase 1 of Reference Processing: no references
[43.313s][debug][gc,ref         ] GC(99) Skipped phase 2 of Reference Processing: no references
[43.313s][debug][gc,ref         ] GC(99) Skipped phase 3 of Reference Processing: no references
[43.313s][debug][gc,ref         ] GC(99) Skipped phase 4 of Reference Processing: no references
[43.313s][debug][gc,phases      ] GC(99) Reference Processing 0.024ms
[43.313s][debug][gc,phases      ] GC(99)   VM Weak                        Min:  0.0, Avg:  0.0, Max:  0.0, Diff:  0.0, Sum:  0.0, Workers: 4
[43.313s][debug][gc,phases      ] GC(99)     Dead                           Min: 0, Avg:  0.0, Max: 0, Diff: 0, Sum: 0, Workers: 4
[43.313s][debug][gc,phases      ] GC(99)     Total                          Min: 0, Avg: 158.5, Max: 634, Diff: 634, Sum: 634, Workers: 4
[43.313s][debug][gc,phases      ] GC(99)   ObjectSynchronizer Weak        Min:  0.0, Avg:  0.0, Max:  0.0, Diff:  0.0, Sum:  0.0, Workers: 4
[43.313s][debug][gc,phases      ] GC(99)     Dead                           Min: 0, Avg:  0.0, Max: 0, Diff: 0, Sum: 0, Workers: 4
[43.313s][debug][gc,phases      ] GC(99)     Total                          Min: 0, Avg: 83.5, Max: 320, Diff: 320, Sum: 334, Workers: 4
[43.313s][debug][gc,phases      ] GC(99)   JVMTI Tag Weak OopStorage      Min:  0.0, Avg:  0.0, Max:  0.0, Diff:  0.0, Sum:  0.0, Workers: 4
[43.313s][debug][gc,phases      ] GC(99)     Dead                           Min: 0, Avg:  0.0, Max: 0, Diff: 0, Sum: 0, Workers: 4
[43.313s][debug][gc,phases      ] GC(99)     Total                          Min: 0, Avg:  0.0, Max: 0, Diff: 0, Sum: 0, Workers: 4
[43.313s][debug][gc,phases      ] GC(99)   StringTable Weak               Min:  0.1, Avg:  0.1, Max:  0.1, Diff:  0.0, Sum:  0.4, Workers: 4
[43.313s][debug][gc,phases      ] GC(99)     Dead                           Min: 0, Avg:  0.0, Max: 0, Diff: 0, Sum: 0, Workers: 4
[43.313s][debug][gc,phases      ] GC(99)     Total                          Min: 10176, Avg: 11666.0, Max: 13832, Diff: 3656, Sum: 46664, Workers: 4
[43.313s][debug][gc,phases      ] GC(99)   ResolvedMethodTable Weak       Min:  0.0, Avg:  0.0, Max:  0.0, Diff:  0.0, Sum:  0.1, Workers: 4
[43.313s][debug][gc,phases      ] GC(99)     Dead                           Min: 0, Avg:  0.0, Max: 0, Diff: 0, Sum: 0, Workers: 4
[43.313s][debug][gc,phases      ] GC(99)     Total                          Min: 1728, Avg: 1963.5, Max: 2240, Diff: 512, Sum: 7854, Workers: 4
[43.313s][debug][gc,phases      ] GC(99)   JNI Weak                       Min:  0.0, Avg:  0.0, Max:  0.0, Diff:  0.0, Sum:  0.0, Workers: 4
[43.313s][debug][gc,phases      ] GC(99)     Dead                           Min: 0, Avg:  0.0, Max: 0, Diff: 0, Sum: 0, Workers: 4
[43.313s][debug][gc,phases      ] GC(99)     Total                          Min: 0, Avg:  0.0, Max: 0, Diff: 0, Sum: 0, Workers: 4
[43.313s][debug][gc,phases      ] GC(99)   StringDedup Table Weak         Min:  0.0, Avg:  0.0, Max:  0.0, Diff:  0.0, Sum:  0.0, Workers: 4
[43.313s][debug][gc,phases      ] GC(99)     Dead                           Min: 0, Avg:  0.0, Max: 0, Diff: 0, Sum: 0, Workers: 4
[43.313s][debug][gc,phases      ] GC(99)     Total                          Min: 0, Avg:  0.0, Max: 0, Diff: 0, Sum: 0, Workers: 4
[43.313s][debug][gc,phases      ] GC(99)   StringDedup Requests0 Weak     Min:  0.0, Avg:  0.0, Max:  0.0, Diff:  0.0, Sum:  0.0, Workers: 4
[43.313s][debug][gc,phases      ] GC(99)     Dead                           Min: 0, Avg:  0.0, Max: 0, Diff: 0, Sum: 0, Workers: 4
[43.313s][debug][gc,phases      ] GC(99)     Total                          Min: 0, Avg:  0.0, Max: 0, Diff: 0, Sum: 0, Workers: 4
[43.313s][debug][gc,phases      ] GC(99)   StringDedup Requests1 Weak     Min:  0.0, Avg:  0.0, Max:  0.0, Diff:  0.0, Sum:  0.0, Workers: 4
[43.313s][debug][gc,phases      ] GC(99)     Dead                           Min: 0, Avg:  0.0, Max: 0, Diff: 0, Sum: 0, Workers: 4
[43.313s][debug][gc,phases      ] GC(99)     Total                          Min: 0, Avg:  0.0, Max: 0, Diff: 0, Sum: 0, Workers: 4
[43.313s][debug][gc,phases      ] GC(99)   Weak JFR Old Object Samples    Min:  0.0, Avg:  0.0, Max:  0.0, Diff:  0.0, Sum:  0.0, Workers: 4
[43.313s][debug][gc,phases      ] GC(99)     Dead                           Min: 0, Avg:  0.0, Max: 0, Diff: 0, Sum: 0, Workers: 4
[43.313s][debug][gc,phases      ] GC(99)     Total                          Min: 0, Avg:  0.0, Max: 0, Diff: 0, Sum: 0, Workers: 4
[43.313s][debug][gc,phases      ] GC(99) Weak Processing 0.324ms
[43.313s][debug][gc,age         ] GC(99) Desired survivor size 54525952 bytes, new threshold 15 (max threshold 15)
[43.313s][info ][gc,heap        ] GC(99) PSYoungGen: 1985984K(2038272K)->5344K(2043904K) Eden: 1980928K(1980928K)->0K(1988608K) From: 5056K(57344K)->5344K(55296K)
[43.313s][info ][gc,heap        ] GC(99) ParOldGen: 450507K(470016K)->450747K(470016K)
[43.313s][info ][gc,metaspace   ] GC(99) Metaspace: 78363K(79168K)->78363K(79168K) NonClass: 67145K(67584K)->67145K(67584K) Class: 11218K(11584K)->11218K(11584K)
[43.313s][info ][gc             ] GC(99) Pause Young (Allocation Failure) 2379M->445M(2455M) 4.261ms
[43.313s][info ][gc,cpu         ] GC(99) User=0.01s Sys=0.00s Real=0.00s
[43.313s][info ][safepoint      ] Safepoint "ParallelGCFailedAllocation", Time since last: 415590388 ns, Reaching safepoint: 132007 ns, At safepoint: 4363736 ns, Total: 4495743 ns
[43.761s][info ][gc,start       ] GC(100) Pause Young (Allocation Failure)
[43.765s][debug][gc,phases      ] GC(100) Scavenge 3.961ms
[43.765s][debug][gc,ref         ] GC(100) Skipped phase 1 of Reference Processing: no references
[43.765s][debug][gc,ref         ] GC(100) Skipped phase 2 of Reference Processing: no references
[43.765s][debug][gc,ref         ] GC(100) Skipped phase 3 of Reference Processing: no references
[43.765s][debug][gc,ref         ] GC(100) Skipped phase 4 of Reference Processing: no references
[43.765s][debug][gc,phases      ] GC(100) Reference Processing 0.024ms
[43.765s][debug][gc,phases      ] GC(100)   VM Weak                        Min:  0.0, Avg:  0.0, Max:  0.0, Diff:  0.0, Sum:  0.0, Workers: 4
[43.765s][debug][gc,phases      ] GC(100)     Dead                           Min: 0, Avg:  0.0, Max: 0, Diff: 0, Sum: 0, Workers: 4
[43.765s][debug][gc,phases      ] GC(100)     Total                          Min: 0, Avg: 158.5, Max: 256, Diff: 256, Sum: 634, Workers: 4
[43.765s][debug][gc,phases      ] GC(100)   ObjectSynchronizer Weak        Min:  0.0, Avg:  0.0, Max:  0.0, Diff:  0.0, Sum:  0.0, Workers: 4
[43.765s][debug][gc,phases      ] GC(100)     Dead                           Min: 0, Avg:  0.0, Max: 0, Diff: 0, Sum: 0, Workers: 4
[43.765s][debug][gc,phases      ] GC(100)     Total                          Min: 0, Avg: 83.5, Max: 128, Diff: 128, Sum: 334, Workers: 4
[43.765s][debug][gc,phases      ] GC(100)   JVMTI Tag Weak OopStorage      Min:  0.0, Avg:  0.0, Max:  0.0, Diff:  0.0, Sum:  0.0, Workers: 4
[43.765s][debug][gc,phases      ] GC(100)     Dead                           Min: 0, Avg:  0.0, Max: 0, Diff: 0, Sum: 0, Workers: 4
[43.765s][debug][gc,phases      ] GC(100)     Total                          Min: 0, Avg:  0.0, Max: 0, Diff: 0, Sum: 0, Workers: 4
[43.765s][debug][gc,phases      ] GC(100)   StringTable Weak               Min:  0.1, Avg:  0.1, Max:  0.1, Diff:  0.0, Sum:  0.4, Workers: 4
[43.765s][debug][gc,phases      ] GC(100)     Dead                           Min: 0, Avg:  0.0, Max: 0, Diff: 0, Sum: 0, Workers: 4
[43.765s][debug][gc,phases      ] GC(100)     Total                          Min: 9480, Avg: 11666.0, Max: 13056, Diff: 3576, Sum: 46664, Workers: 4
[43.765s][debug][gc,phases      ] GC(100)   ResolvedMethodTable Weak       Min:  0.0, Avg:  0.0, Max:  0.0, Diff:  0.0, Sum:  0.1, Workers: 4
[43.765s][debug][gc,phases      ] GC(100)     Dead                           Min: 0, Avg:  0.0, Max: 0, Diff: 0, Sum: 0, Workers: 4
[43.765s][debug][gc,phases      ] GC(100)     Total                          Min: 1902, Avg: 1963.5, Max: 2112, Diff: 210, Sum: 7854, Workers: 4
[43.765s][debug][gc,phases      ] GC(100)   JNI Weak                       Min:  0.0, Avg:  0.0, Max:  0.0, Diff:  0.0, Sum:  0.0, Workers: 4
[43.765s][debug][gc,phases      ] GC(100)     Dead                           Min: 0, Avg:  0.0, Max: 0, Diff: 0, Sum: 0, Workers: 4
[43.765s][debug][gc,phases      ] GC(100)     Total                          Min: 0, Avg:  0.0, Max: 0, Diff: 0, Sum: 0, Workers: 4
[43.765s][debug][gc,phases      ] GC(100)   StringDedup Table Weak         Min:  0.0, Avg:  0.0, Max:  0.0, Diff:  0.0, Sum:  0.0, Workers: 4
[43.765s][debug][gc,phases      ] GC(100)     Dead                           Min: 0, Avg:  0.0, Max: 0, Diff: 0, Sum: 0, Workers: 4
[43.765s][debug][gc,phases      ] GC(100)     Total                          Min: 0, Avg:  0.0, Max: 0, Diff: 0, Sum: 0, Workers: 4
[43.765s][debug][gc,phases      ] GC(100)   StringDedup Requests0 Weak     Min:  0.0, Avg:  0.0, Max:  0.0, Diff:  0.0, Sum:  0.0, Workers: 4
[43.765s][debug][gc,phases      ] GC(100)     Dead                           Min: 0, Avg:  0.0, Max: 0, Diff: 0, Sum: 0, Workers: 4
[43.766s][debug][gc,phases      ] GC(100)     Total                          Min: 0, Avg:  0.0, Max: 0, Diff: 0, Sum: 0, Workers: 4
[43.766s][debug][gc,phases      ] GC(100)   StringDedup Requests1 Weak     Min:  0.0, Avg:  0.0, Max:  0.0, Diff:  0.0, Sum:  0.0, Workers: 4
[43.766s][debug][gc,phases      ] GC(100)     Dead                           Min: 0, Avg:  0.0, Max: 0, Diff: 0, Sum: 0, Workers: 4
[43.766s][debug][gc,phases      ] GC(100)     Total                          Min: 0, Avg:  0.0, Max: 0, Diff: 0, Sum: 0, Workers: 4
[43.766s][debug][gc,phases      ] GC(100)   Weak JFR Old Object Samples    Min:  0.0, Avg:  0.0, Max:  0.0, Diff:  0.0, Sum:  0.0, Workers: 4
[43.766s][debug][gc,phases      ] GC(100)     Dead                           Min: 0, Avg:  0.0, Max: 0, Diff: 0, Sum: 0, Workers: 4
[43.766s][debug][gc,phases      ] GC(100)     Total                          Min: 0, Avg:  0.0, Max: 0, Diff: 0, Sum: 0, Workers: 4
[43.766s][debug][gc,phases      ] GC(100) Weak Processing 0.339ms
[43.766s][debug][gc,age         ] GC(100) Desired survivor size 51904512 bytes, new threshold 15 (max threshold 15)
[43.766s][info ][gc,heap        ] GC(100) PSYoungGen: 1993952K(2043904K)->5664K(2041856K) Eden: 1988608K(1988608K)->0K(1988608K) From: 5344K(55296K)->5664K(53248K)
[43.766s][info ][gc,heap        ] GC(100) ParOldGen: 450747K(470016K)->451011K(470016K)
[43.766s][info ][gc,metaspace   ] GC(100) Metaspace: 78366K(79168K)->78366K(79168K) NonClass: 67147K(67584K)->67147K(67584K) Class: 11218K(11584K)->11218K(11584K)
[43.766s][info ][gc             ] GC(100) Pause Young (Allocation Failure) 2387M->445M(2453M) 4.453ms
[43.766s][info ][gc,cpu         ] GC(100) User=0.01s Sys=0.00s Real=0.00s
[43.766s][info ][safepoint      ] Safepoint "ParallelGCFailedAllocation", Time since last: 447785731 ns, Reaching safepoint: 69604 ns, At safepoint: 4568047 ns, Total: 4637651 ns
[44.204s][info ][gc,start       ] GC(101) Pause Young (Allocation Failure)
[44.208s][debug][gc,phases      ] GC(101) Scavenge 3.728ms
[44.208s][debug][gc,ref         ] GC(101) Skipped phase 1 of Reference Processing: no references
[44.208s][debug][gc,ref         ] GC(101) Skipped phase 2 of Reference Processing: no references
[44.208s][debug][gc,ref         ] GC(101) Skipped phase 3 of Reference Processing: no references
[44.208s][debug][gc,ref         ] GC(101) Skipped phase 4 of Reference Processing: no references
[44.208s][debug][gc,phases      ] GC(101) Reference Processing 0.024ms
[44.208s][debug][gc,phases      ] GC(101)   VM Weak                        Min:  0.0, Avg:  0.0, Max:  0.0, Diff:  0.0, Sum:  0.0, Workers: 4
[44.208s][debug][gc,phases      ] GC(101)     Dead                           Min: 0, Avg:  0.0, Max: 0, Diff: 0, Sum: 0, Workers: 4
[44.209s][debug][gc,phases      ] GC(101)     Total                          Min: 0, Avg: 158.5, Max: 634, Diff: 634, Sum: 634, Workers: 4
[44.209s][debug][gc,phases      ] GC(101)   ObjectSynchronizer Weak        Min:  0.0, Avg:  0.0, Max:  0.0, Diff:  0.0, Sum:  0.0, Workers: 4
[44.209s][debug][gc,phases      ] GC(101)     Dead                           Min: 0, Avg:  0.0, Max: 0, Diff: 0, Sum: 0, Workers: 4
[44.209s][debug][gc,phases      ] GC(101)     Total                          Min: 0, Avg: 84.0, Max: 208, Diff: 208, Sum: 336, Workers: 4
[44.209s][debug][gc,phases      ] GC(101)   JVMTI Tag Weak OopStorage      Min:  0.0, Avg:  0.0, Max:  0.0, Diff:  0.0, Sum:  0.0, Workers: 4
[44.209s][debug][gc,phases      ] GC(101)     Dead                           Min: 0, Avg:  0.0, Max: 0, Diff: 0, Sum: 0, Workers: 4
[44.209s][debug][gc,phases      ] GC(101)     Total                          Min: 0, Avg:  0.0, Max: 0, Diff: 0, Sum: 0, Workers: 4
[44.209s][debug][gc,phases      ] GC(101)   StringTable Weak               Min:  0.1, Avg:  0.1, Max:  0.1, Diff:  0.0, Sum:  0.4, Workers: 4
[44.209s][debug][gc,phases      ] GC(101)     Dead                           Min: 0, Avg:  0.0, Max: 0, Diff: 0, Sum: 0, Workers: 4
[44.209s][debug][gc,phases      ] GC(101)     Total                          Min: 10240, Avg: 11666.5, Max: 13120, Diff: 2880, Sum: 46666, Workers: 4
[44.209s][debug][gc,phases      ] GC(101)   ResolvedMethodTable Weak       Min:  0.0, Avg:  0.0, Max:  0.0, Diff:  0.0, Sum:  0.1, Workers: 4
[44.209s][debug][gc,phases      ] GC(101)     Dead                           Min: 0, Avg:  0.0, Max: 0, Diff: 0, Sum: 0, Workers: 4
[44.209s][debug][gc,phases      ] GC(101)     Total                          Min: 1774, Avg: 1963.5, Max: 2176, Diff: 402, Sum: 7854, Workers: 4
[44.209s][debug][gc,phases      ] GC(101)   JNI Weak                       Min:  0.0, Avg:  0.0, Max:  0.0, Diff:  0.0, Sum:  0.0, Workers: 4
[44.209s][debug][gc,phases      ] GC(101)     Dead                           Min: 0, Avg:  0.0, Max: 0, Diff: 0, Sum: 0, Workers: 4
[44.209s][debug][gc,phases      ] GC(101)     Total                          Min: 0, Avg:  0.0, Max: 0, Diff: 0, Sum: 0, Workers: 4
[44.209s][debug][gc,phases      ] GC(101)   StringDedup Table Weak         Min:  0.0, Avg:  0.0, Max:  0.0, Diff:  0.0, Sum:  0.0, Workers: 4
[44.209s][debug][gc,phases      ] GC(101)     Dead                           Min: 0, Avg:  0.0, Max: 0, Diff: 0, Sum: 0, Workers: 4
[44.209s][debug][gc,phases      ] GC(101)     Total                          Min: 0, Avg:  0.0, Max: 0, Diff: 0, Sum: 0, Workers: 4
[44.209s][debug][gc,phases      ] GC(101)   StringDedup Requests0 Weak     Min:  0.0, Avg:  0.0, Max:  0.0, Diff:  0.0, Sum:  0.0, Workers: 4
[44.209s][debug][gc,phases      ] GC(101)     Dead                           Min: 0, Avg:  0.0, Max: 0, Diff: 0, Sum: 0, Workers: 4
[44.209s][debug][gc,phases      ] GC(101)     Total                          Min: 0, Avg:  0.0, Max: 0, Diff: 0, Sum: 0, Workers: 4
[44.209s][debug][gc,phases      ] GC(101)   StringDedup Requests1 Weak     Min:  0.0, Avg:  0.0, Max:  0.0, Diff:  0.0, Sum:  0.0, Workers: 4
[44.209s][debug][gc,phases      ] GC(101)     Dead                           Min: 0, Avg:  0.0, Max: 0, Diff: 0, Sum: 0, Workers: 4
[44.209s][debug][gc,phases      ] GC(101)     Total                          Min: 0, Avg:  0.0, Max: 0, Diff: 0, Sum: 0, Workers: 4
[44.209s][debug][gc,phases      ] GC(101)   Weak JFR Old Object Samples    Min:  0.0, Avg:  0.0, Max:  0.0, Diff:  0.0, Sum:  0.0, Workers: 4
[44.209s][debug][gc,phases      ] GC(101)     Dead                           Min: 0, Avg:  0.0, Max: 0, Diff: 0, Sum: 0, Workers: 4
[44.209s][debug][gc,phases      ] GC(101)     Total                          Min: 0, Avg:  0.0, Max: 0, Diff: 0, Sum: 0, Workers: 4
[44.209s][debug][gc,phases      ] GC(101) Weak Processing 0.320ms
[44.209s][debug][gc,age         ] GC(101) Desired survivor size 49807360 bytes, new threshold 15 (max threshold 15)
[44.209s][info ][gc,heap        ] GC(101) PSYoungGen: 1994272K(2041856K)->6048K(2048512K) Eden: 1988608K(1988608K)->0K(1997824K) From: 5664K(53248K)->6048K(50688K)
[44.209s][info ][gc,heap        ] GC(101) ParOldGen: 451011K(470016K)->451307K(470016K)
[44.209s][info ][gc,metaspace   ] GC(101) Metaspace: 78366K(79168K)->78366K(79168K) NonClass: 67147K(67584K)->67147K(67584K) Class: 11218K(11584K)->11218K(11584K)
[44.209s][info ][gc             ] GC(101) Pause Young (Allocation Failure) 2387M->446M(2459M) 4.220ms
[44.209s][info ][gc,cpu         ] GC(101) User=0.01s Sys=0.00s Real=0.01s
[44.209s][info ][safepoint      ] Safepoint "ParallelGCFailedAllocation", Time since last: 438682338 ns, Reaching safepoint: 58303 ns, At safepoint: 4328934 ns, Total: 4387237 ns
[44.715s][info ][gc,start       ] GC(102) Pause Young (Allocation Failure)
[44.719s][debug][gc,phases      ] GC(102) Scavenge 4.362ms
[44.719s][debug][gc,ref         ] GC(102) Skipped phase 1 of Reference Processing: no references
[44.719s][debug][gc,ref         ] GC(102) Skipped phase 2 of Reference Processing: no references
[44.719s][debug][gc,ref         ] GC(102) Skipped phase 3 of Reference Processing: no references
[44.719s][debug][gc,ref         ] GC(102) Skipped phase 4 of Reference Processing: no references
[44.719s][debug][gc,phases      ] GC(102) Reference Processing 0.025ms
[44.719s][debug][gc,phases      ] GC(102)   VM Weak                        Min:  0.0, Avg:  0.0, Max:  0.0, Diff:  0.0, Sum:  0.0, Workers: 4
[44.719s][debug][gc,phases      ] GC(102)     Dead                           Min: 0, Avg:  0.0, Max: 0, Diff: 0, Sum: 0, Workers: 4
[44.719s][debug][gc,phases      ] GC(102)     Total                          Min: 0, Avg: 158.5, Max: 320, Diff: 320, Sum: 634, Workers: 4
[44.719s][debug][gc,phases      ] GC(102)   ObjectSynchronizer Weak        Min:  0.0, Avg:  0.0, Max:  0.0, Diff:  0.0, Sum:  0.0, Workers: 4
[44.719s][debug][gc,phases      ] GC(102)     Dead                           Min: 0, Avg:  0.0, Max: 0, Diff: 0, Sum: 0, Workers: 4
[44.719s][debug][gc,phases      ] GC(102)     Total                          Min: 0, Avg: 84.2, Max: 128, Diff: 128, Sum: 337, Workers: 4
[44.719s][debug][gc,phases      ] GC(102)   JVMTI Tag Weak OopStorage      Min:  0.0, Avg:  0.0, Max:  0.0, Diff:  0.0, Sum:  0.0, Workers: 4
[44.719s][debug][gc,phases      ] GC(102)     Dead                           Min: 0, Avg:  0.0, Max: 0, Diff: 0, Sum: 0, Workers: 4
[44.719s][debug][gc,phases      ] GC(102)     Total                          Min: 0, Avg:  0.0, Max: 0, Diff: 0, Sum: 0, Workers: 4
[44.719s][debug][gc,phases      ] GC(102)   StringTable Weak               Min:  0.1, Avg:  0.1, Max:  0.1, Diff:  0.0, Sum:  0.5, Workers: 4
[44.719s][debug][gc,phases      ] GC(102)     Dead                           Min: 0, Avg:  0.0, Max: 0, Diff: 0, Sum: 0, Workers: 4
[44.719s][debug][gc,phases      ] GC(102)     Total                          Min: 10880, Avg: 11667.5, Max: 13056, Diff: 2176, Sum: 46670, Workers: 4
[44.719s][debug][gc,phases      ] GC(102)   ResolvedMethodTable Weak       Min:  0.0, Avg:  0.0, Max:  0.0, Diff:  0.0, Sum:  0.1, Workers: 4
[44.719s][debug][gc,phases      ] GC(102)     Dead                           Min: 0, Avg:  0.0, Max: 0, Diff: 0, Sum: 0, Workers: 4
[44.719s][debug][gc,phases      ] GC(102)     Total                          Min: 1774, Avg: 1963.5, Max: 2176, Diff: 402, Sum: 7854, Workers: 4
[44.719s][debug][gc,phases      ] GC(102)   JNI Weak                       Min:  0.0, Avg:  0.0, Max:  0.0, Diff:  0.0, Sum:  0.0, Workers: 4
[44.719s][debug][gc,phases      ] GC(102)     Dead                           Min: 0, Avg:  0.0, Max: 0, Diff: 0, Sum: 0, Workers: 4
[44.719s][debug][gc,phases      ] GC(102)     Total                          Min: 0, Avg:  0.2, Max: 1, Diff: 1, Sum: 1, Workers: 4
[44.719s][debug][gc,phases      ] GC(102)   StringDedup Table Weak         Min:  0.0, Avg:  0.0, Max:  0.0, Diff:  0.0, Sum:  0.0, Workers: 4
[44.719s][debug][gc,phases      ] GC(102)     Dead                           Min: 0, Avg:  0.0, Max: 0, Diff: 0, Sum: 0, Workers: 4
[44.719s][debug][gc,phases      ] GC(102)     Total                          Min: 0, Avg:  0.0, Max: 0, Diff: 0, Sum: 0, Workers: 4
[44.719s][debug][gc,phases      ] GC(102)   StringDedup Requests0 Weak     Min:  0.0, Avg:  0.0, Max:  0.0, Diff:  0.0, Sum:  0.0, Workers: 4
[44.719s][debug][gc,phases      ] GC(102)     Dead                           Min: 0, Avg:  0.0, Max: 0, Diff: 0, Sum: 0, Workers: 4
[44.719s][debug][gc,phases      ] GC(102)     Total                          Min: 0, Avg:  0.0, Max: 0, Diff: 0, Sum: 0, Workers: 4
[44.719s][debug][gc,phases      ] GC(102)   StringDedup Requests1 Weak     Min:  0.0, Avg:  0.0, Max:  0.0, Diff:  0.0, Sum:  0.0, Workers: 4
[44.719s][debug][gc,phases      ] GC(102)     Dead                           Min: 0, Avg:  0.0, Max: 0, Diff: 0, Sum: 0, Workers: 4
[44.719s][debug][gc,phases      ] GC(102)     Total                          Min: 0, Avg:  0.0, Max: 0, Diff: 0, Sum: 0, Workers: 4
[44.719s][debug][gc,phases      ] GC(102)   Weak JFR Old Object Samples    Min:  0.0, Avg:  0.0, Max:  0.0, Diff:  0.0, Sum:  0.0, Workers: 4
[44.719s][debug][gc,phases      ] GC(102)     Dead                           Min: 0, Avg:  0.0, Max: 0, Diff: 0, Sum: 0, Workers: 4
[44.719s][debug][gc,phases      ] GC(102)     Total                          Min: 0, Avg:  0.0, Max: 0, Diff: 0, Sum: 0, Workers: 4
[44.719s][debug][gc,phases      ] GC(102) Weak Processing 0.323ms
[44.719s][debug][gc,age         ] GC(102) Desired survivor size 47185920 bytes, new threshold 15 (max threshold 15)
[44.719s][info ][gc,heap        ] GC(102) PSYoungGen: 2003872K(2048512K)->6944K(2046464K) Eden: 1997824K(1997824K)->0K(1997824K) From: 6048K(50688K)->6944K(48640K)
[44.719s][info ][gc,heap        ] GC(102) ParOldGen: 451307K(470016K)->451619K(470016K)
[44.719s][info ][gc,metaspace   ] GC(102) Metaspace: 78379K(79168K)->78379K(79168K) NonClass: 67161K(67584K)->67161K(67584K) Class: 11218K(11584K)->11218K(11584K)
[44.719s][info ][gc             ] GC(102) Pause Young (Allocation Failure) 2397M->447M(2457M) 4.839ms
[44.719s][info ][gc,cpu         ] GC(102) User=0.02s Sys=0.00s Real=0.01s
[44.719s][info ][safepoint      ] Safepoint "ParallelGCFailedAllocation", Time since last: 505619560 ns, Reaching safepoint: 149908 ns, At safepoint: 4951168 ns, Total: 5101076 ns
[45.720s][info ][safepoint      ] Safepoint "Cleanup", Time since last: 1000089118 ns, Reaching safepoint: 82004 ns, At safepoint: 7500 ns, Total: 89504 ns
[46.720s][info ][safepoint      ] Safepoint "Cleanup", Time since last: 1000107519 ns, Reaching safepoint: 168309 ns, At safepoint: 11801 ns, Total: 180110 ns
[47.720s][info ][safepoint      ] Safepoint "Cleanup", Time since last: 1000116219 ns, Reaching safepoint: 85504 ns, At safepoint: 9101 ns, Total: 94605 ns
[48.720s][info ][safepoint      ] Safepoint "Cleanup", Time since last: 1000111819 ns, Reaching safepoint: 87605 ns, At safepoint: 12400 ns, Total: 100005 ns
[49.721s][info ][safepoint      ] Safepoint "Cleanup", Time since last: 1000114620 ns, Reaching safepoint: 87905 ns, At safepoint: 6500 ns, Total: 94405 ns
[50.721s][info ][safepoint      ] Safepoint "Cleanup", Time since last: 1000108019 ns, Reaching safepoint: 67704 ns, At safepoint: 6100 ns, Total: 73804 ns
[51.721s][info ][safepoint      ] Safepoint "Cleanup", Time since last: 1000120521 ns, Reaching safepoint: 83304 ns, At safepoint: 11601 ns, Total: 94905 ns
[52.721s][info ][safepoint      ] Safepoint "Cleanup", Time since last: 1000108120 ns, Reaching safepoint: 64403 ns, At safepoint: 10501 ns, Total: 74904 ns
[53.495s][info ][safepoint      ] Safepoint "ICBufferFull", Time since last: 773394352 ns, Reaching safepoint: 202011 ns, At safepoint: 11900 ns, Total: 213911 ns
[54.495s][info ][safepoint      ] Safepoint "Cleanup", Time since last: 1000104320 ns, Reaching safepoint: 77005 ns, At safepoint: 12600 ns, Total: 89605 ns
[55.495s][info ][safepoint      ] Safepoint "Cleanup", Time since last: 1000063218 ns, Reaching safepoint: 113807 ns, At safepoint: 13000 ns, Total: 126807 ns
[56.495s][info ][safepoint      ] Safepoint "Cleanup", Time since last: 1000073519 ns, Reaching safepoint: 68604 ns, At safepoint: 8400 ns, Total: 77004 ns
[57.495s][info ][safepoint      ] Safepoint "Cleanup", Time since last: 1000098721 ns, Reaching safepoint: 59703 ns, At safepoint: 14501 ns, Total: 74204 ns
[58.496s][info ][safepoint      ] Safepoint "Cleanup", Time since last: 1000117322 ns, Reaching safepoint: 55003 ns, At safepoint: 9000 ns, Total: 64003 ns
[59.496s][info ][safepoint      ] Safepoint "Cleanup", Time since last: 1000109822 ns, Reaching safepoint: 81404 ns, At safepoint: 6801 ns, Total: 88205 ns
[60.496s][info ][safepoint      ] Safepoint "Cleanup", Time since last: 1000100621 ns, Reaching safepoint: 82204 ns, At safepoint: 9901 ns, Total: 92105 ns
[61.496s][info ][safepoint      ] Safepoint "Cleanup", Time since last: 1000076820 ns, Reaching safepoint: 62704 ns, At safepoint: 2200 ns, Total: 64904 ns
[62.496s][info ][safepoint      ] Safepoint "Cleanup", Time since last: 1000096321 ns, Reaching safepoint: 66804 ns, At safepoint: 7900 ns, Total: 74704 ns
[63.497s][info ][safepoint      ] Safepoint "Cleanup", Time since last: 1000096222 ns, Reaching safepoint: 55403 ns, At safepoint: 9901 ns, Total: 65304 ns
[64.497s][info ][safepoint      ] Safepoint "Cleanup", Time since last: 1000093122 ns, Reaching safepoint: 60003 ns, At safepoint: 8000 ns, Total: 68003 ns
[65.497s][info ][safepoint      ] Safepoint "Cleanup", Time since last: 1000105623 ns, Reaching safepoint: 55303 ns, At safepoint: 11601 ns, Total: 66904 ns
[66.497s][info ][safepoint      ] Safepoint "Cleanup", Time since last: 1000140325 ns, Reaching safepoint: 61303 ns, At safepoint: 5600 ns, Total: 66903 ns
[67.497s][info ][safepoint      ] Safepoint "Cleanup", Time since last: 1000107924 ns, Reaching safepoint: 56203 ns, At safepoint: 5900 ns, Total: 62103 ns
[68.497s][info ][safepoint      ] Safepoint "Cleanup", Time since last: 1000103724 ns, Reaching safepoint: 40302 ns, At safepoint: 7100 ns, Total: 47402 ns
[69.498s][info ][safepoint      ] Safepoint "Cleanup", Time since last: 1000104224 ns, Reaching safepoint: 43102 ns, At safepoint: 2800 ns, Total: 45902 ns
[70.498s][info ][safepoint      ] Safepoint "Cleanup", Time since last: 1000107124 ns, Reaching safepoint: 54403 ns, At safepoint: 4600 ns, Total: 59003 ns
[71.498s][info ][safepoint      ] Safepoint "Cleanup", Time since last: 1000102625 ns, Reaching safepoint: 54502 ns, At safepoint: 6901 ns, Total: 61403 ns
[72.498s][info ][safepoint      ] Safepoint "Cleanup", Time since last: 1000106724 ns, Reaching safepoint: 71004 ns, At safepoint: 11301 ns, Total: 82305 ns
[73.498s][info ][safepoint      ] Safepoint "Cleanup", Time since last: 1000108225 ns, Reaching safepoint: 53603 ns, At safepoint: 7800 ns, Total: 61403 ns
[74.498s][info ][safepoint      ] Safepoint "Cleanup", Time since last: 1000071523 ns, Reaching safepoint: 44602 ns, At safepoint: 9401 ns, Total: 54003 ns
[75.499s][info ][safepoint      ] Safepoint "Cleanup", Time since last: 1000101325 ns, Reaching safepoint: 64303 ns, At safepoint: 7501 ns, Total: 71804 ns
[76.499s][info ][safepoint      ] Safepoint "Cleanup", Time since last: 1000110225 ns, Reaching safepoint: 50303 ns, At safepoint: 6800 ns, Total: 57103 ns
[77.499s][info ][safepoint      ] Safepoint "Cleanup", Time since last: 1000105626 ns, Reaching safepoint: 56903 ns, At safepoint: 7801 ns, Total: 64704 ns
[78.499s][info ][safepoint      ] Safepoint "Cleanup", Time since last: 1000111526 ns, Reaching safepoint: 46802 ns, At safepoint: 8701 ns, Total: 55503 ns
[79.499s][info ][safepoint      ] Safepoint "Cleanup", Time since last: 1000095825 ns, Reaching safepoint: 46603 ns, At safepoint: 8100 ns, Total: 54703 ns
[80.499s][info ][safepoint      ] Safepoint "Cleanup", Time since last: 1000138928 ns, Reaching safepoint: 49303 ns, At safepoint: 8300 ns, Total: 57603 ns
[81.500s][info ][safepoint      ] Safepoint "Cleanup", Time since last: 1000107027 ns, Reaching safepoint: 53003 ns, At safepoint: 6100 ns, Total: 59103 ns
[82.500s][info ][safepoint      ] Safepoint "Cleanup", Time since last: 1000119728 ns, Reaching safepoint: 47102 ns, At safepoint: 4400 ns, Total: 51502 ns
[83.500s][info ][safepoint      ] Safepoint "Cleanup", Time since last: 1000110528 ns, Reaching safepoint: 53103 ns, At safepoint: 13500 ns, Total: 66603 ns
[84.980s][info ][safepoint      ] Safepoint "Cleanup", Time since last: 1479586478 ns, Reaching safepoint: 219512 ns, At safepoint: 13300 ns, Total: 232812 ns
[85.980s][info ][safepoint      ] Safepoint "Cleanup", Time since last: 1000115228 ns, Reaching safepoint: 40403 ns, At safepoint: 3100 ns, Total: 43503 ns
[86.980s][info ][safepoint      ] Safepoint "Cleanup", Time since last: 1000114828 ns, Reaching safepoint: 59403 ns, At safepoint: 9901 ns, Total: 69304 ns
[87.980s][info ][safepoint      ] Safepoint "Cleanup", Time since last: 1000063525 ns, Reaching safepoint: 53803 ns, At safepoint: 5601 ns, Total: 59404 ns
[89.864s][info ][safepoint      ] Safepoint "Cleanup", Time since last: 1883523141 ns, Reaching safepoint: 123706 ns, At safepoint: 6401 ns, Total: 130107 ns
[91.478s][info ][safepoint      ] Safepoint "Cleanup", Time since last: 1614305871 ns, Reaching safepoint: 70404 ns, At safepoint: 4200 ns, Total: 74604 ns
[92.498s][info ][safepoint      ] Safepoint "Cleanup", Time since last: 1019464777 ns, Reaching safepoint: 49402 ns, At safepoint: 6201 ns, Total: 55603 ns
[93.498s][info ][safepoint      ] Safepoint "Cleanup", Time since last: 1000111529 ns, Reaching safepoint: 43903 ns, At safepoint: 2600 ns, Total: 46503 ns
[93.643s][info ][gc,start       ] GC(103) Pause Young (Allocation Failure)
[93.650s][debug][gc,phases      ] GC(103) Scavenge 6.416ms
[93.650s][debug][gc,ref         ] GC(103) Skipped phase 1 of Reference Processing: no references
[93.650s][debug][gc,ref         ] GC(103) ReferenceProcessor::execute queues: 1, RefProcThreadModel::Single, marks_oops_alive: false
[93.650s][debug][gc,ref         ] GC(103) Skipped phase 3 of Reference Processing: no references
[93.650s][debug][gc,ref         ] GC(103) ReferenceProcessor::execute queues: 1, RefProcThreadModel::Single, marks_oops_alive: false
[93.650s][debug][gc,phases      ] GC(103) Reference Processing 0.109ms
[93.650s][debug][gc,phases      ] GC(103)   VM Weak                        Min:  0.0, Avg:  0.0, Max:  0.0, Diff:  0.0, Sum:  0.0, Workers: 4
[93.650s][debug][gc,phases      ] GC(103)     Dead                           Min: 0, Avg:  0.0, Max: 0, Diff: 0, Sum: 0, Workers: 4
[93.650s][debug][gc,phases      ] GC(103)     Total                          Min: 0, Avg: 159.8, Max: 384, Diff: 384, Sum: 639, Workers: 4
[93.650s][debug][gc,phases      ] GC(103)   ObjectSynchronizer Weak        Min:  0.0, Avg:  0.0, Max:  0.0, Diff:  0.0, Sum:  0.0, Workers: 4
[93.650s][debug][gc,phases      ] GC(103)     Dead                           Min: 0, Avg:  0.0, Max: 0, Diff: 0, Sum: 0, Workers: 4
[93.650s][debug][gc,phases      ] GC(103)     Total                          Min: 0, Avg: 85.5, Max: 192, Diff: 192, Sum: 342, Workers: 4
[93.650s][debug][gc,phases      ] GC(103)   JVMTI Tag Weak OopStorage      Min:  0.0, Avg:  0.0, Max:  0.0, Diff:  0.0, Sum:  0.0, Workers: 4
[93.650s][debug][gc,phases      ] GC(103)     Dead                           Min: 0, Avg:  0.0, Max: 0, Diff: 0, Sum: 0, Workers: 4
[93.650s][debug][gc,phases      ] GC(103)     Total                          Min: 0, Avg:  0.0, Max: 0, Diff: 0, Sum: 0, Workers: 4
[93.650s][debug][gc,phases      ] GC(103)   StringTable Weak               Min:  0.1, Avg:  0.1, Max:  0.1, Diff:  0.0, Sum:  0.5, Workers: 4
[93.650s][debug][gc,phases      ] GC(103)     Dead                           Min: 0, Avg:  0.5, Max: 2, Diff: 2, Sum: 2, Workers: 4
[93.650s][debug][gc,phases      ] GC(103)     Total                          Min: 10688, Avg: 11778.0, Max: 13184, Diff: 2496, Sum: 47112, Workers: 4
[93.650s][debug][gc,phases      ] GC(103)   ResolvedMethodTable Weak       Min:  0.0, Avg:  0.0, Max:  0.0, Diff:  0.0, Sum:  0.1, Workers: 4
[93.650s][debug][gc,phases      ] GC(103)     Dead                           Min: 0, Avg:  0.2, Max: 1, Diff: 1, Sum: 1, Workers: 4
[93.650s][debug][gc,phases      ] GC(103)     Total                          Min: 1855, Avg: 1977.8, Max: 2048, Diff: 193, Sum: 7911, Workers: 4
[93.650s][debug][gc,phases      ] GC(103)   JNI Weak                       Min:  0.0, Avg:  0.0, Max:  0.0, Diff:  0.0, Sum:  0.0, Workers: 4
[93.650s][debug][gc,phases      ] GC(103)     Dead                           Min: 0, Avg:  0.0, Max: 0, Diff: 0, Sum: 0, Workers: 4
[93.650s][debug][gc,phases      ] GC(103)     Total                          Min: 0, Avg:  0.0, Max: 0, Diff: 0, Sum: 0, Workers: 4
[93.650s][debug][gc,phases      ] GC(103)   StringDedup Table Weak         Min:  0.0, Avg:  0.0, Max:  0.0, Diff:  0.0, Sum:  0.0, Workers: 4
[93.650s][debug][gc,phases      ] GC(103)     Dead                           Min: 0, Avg:  0.0, Max: 0, Diff: 0, Sum: 0, Workers: 4
[93.650s][debug][gc,phases      ] GC(103)     Total                          Min: 0, Avg:  0.0, Max: 0, Diff: 0, Sum: 0, Workers: 4
[93.650s][debug][gc,phases      ] GC(103)   StringDedup Requests0 Weak     Min:  0.0, Avg:  0.0, Max:  0.0, Diff:  0.0, Sum:  0.0, Workers: 4
[93.650s][debug][gc,phases      ] GC(103)     Dead                           Min: 0, Avg:  0.0, Max: 0, Diff: 0, Sum: 0, Workers: 4
[93.650s][debug][gc,phases      ] GC(103)     Total                          Min: 0, Avg:  0.0, Max: 0, Diff: 0, Sum: 0, Workers: 4
[93.650s][debug][gc,phases      ] GC(103)   StringDedup Requests1 Weak     Min:  0.0, Avg:  0.0, Max:  0.0, Diff:  0.0, Sum:  0.0, Workers: 4
[93.650s][debug][gc,phases      ] GC(103)     Dead                           Min: 0, Avg:  0.0, Max: 0, Diff: 0, Sum: 0, Workers: 4
[93.650s][debug][gc,phases      ] GC(103)     Total                          Min: 0, Avg:  0.0, Max: 0, Diff: 0, Sum: 0, Workers: 4
[93.650s][debug][gc,phases      ] GC(103)   Weak JFR Old Object Samples    Min:  0.0, Avg:  0.0, Max:  0.0, Diff:  0.0, Sum:  0.0, Workers: 4
[93.650s][debug][gc,phases      ] GC(103)     Dead                           Min: 0, Avg:  0.0, Max: 0, Diff: 0, Sum: 0, Workers: 4
[93.650s][debug][gc,phases      ] GC(103)     Total                          Min: 0, Avg:  0.0, Max: 0, Diff: 0, Sum: 0, Workers: 4
[93.650s][debug][gc,phases      ] GC(103) Weak Processing 0.321ms
[93.650s][debug][gc,age         ] GC(103) Desired survivor size 44564480 bytes, new threshold 15 (max threshold 15)
[93.650s][info ][gc,heap        ] GC(103) PSYoungGen: 2004768K(2046464K)->8464K(2053632K) Eden: 1997824K(1997824K)->0K(2007552K) From: 6944K(48640K)->8464K(46080K)
[93.650s][info ][gc,heap        ] GC(103) ParOldGen: 451619K(470016K)->451923K(470016K)
[93.650s][info ][gc,metaspace   ] GC(103) Metaspace: 79161K(79936K)->79161K(79936K) NonClass: 67904K(68288K)->67904K(68288K) Class: 11257K(11648K)->11257K(11648K)
[93.650s][info ][gc             ] GC(103) Pause Young (Allocation Failure) 2398M->449M(2464M) 6.975ms
[93.650s][info ][gc,cpu         ] GC(103) User=0.02s Sys=0.00s Real=0.01s
[93.650s][info ][safepoint      ] Safepoint "ParallelGCFailedAllocation", Time since last: 145331266 ns, Reaching safepoint: 35701 ns, At safepoint: 7062183 ns, Total: 7097884 ns
[94.650s][info ][safepoint      ] Safepoint "Cleanup", Time since last: 1000057227 ns, Reaching safepoint: 49602 ns, At safepoint: 7201 ns, Total: 56803 ns
[95.651s][info ][safepoint      ] Safepoint "Cleanup", Time since last: 1000111830 ns, Reaching safepoint: 52902 ns, At safepoint: 6701 ns, Total: 59603 ns
[97.651s][info ][safepoint      ] Safepoint "Cleanup", Time since last: 2000149957 ns, Reaching safepoint: 51002 ns, At safepoint: 2600 ns, Total: 53602 ns
[98.651s][info ][safepoint      ] Safepoint "Cleanup", Time since last: 1000108931 ns, Reaching safepoint: 45702 ns, At safepoint: 6601 ns, Total: 52303 ns
[99.651s][info ][safepoint      ] Safepoint "Cleanup", Time since last: 1000104930 ns, Reaching safepoint: 54203 ns, At safepoint: 5901 ns, Total: 60104 ns
[100.651s][info ][safepoint      ] Safepoint "Cleanup", Time since last: 1000102030 ns, Reaching safepoint: 54203 ns, At safepoint: 5900 ns, Total: 60103 ns
[101.651s][info ][safepoint      ] Safepoint "Cleanup", Time since last: 1000110832 ns, Reaching safepoint: 63603 ns, At safepoint: 5800 ns, Total: 69403 ns
[102.652s][info ][safepoint      ] Safepoint "Cleanup", Time since last: 1000063929 ns, Reaching safepoint: 52003 ns, At safepoint: 4000 ns, Total: 56003 ns
[103.652s][info ][safepoint      ] Safepoint "Cleanup", Time since last: 1000105032 ns, Reaching safepoint: 55403 ns, At safepoint: 8400 ns, Total: 63803 ns
[104.652s][info ][safepoint      ] Safepoint "Cleanup", Time since last: 1000106832 ns, Reaching safepoint: 56703 ns, At safepoint: 6300 ns, Total: 63003 ns
[105.652s][info ][safepoint      ] Safepoint "Cleanup", Time since last: 1000107232 ns, Reaching safepoint: 52103 ns, At safepoint: 5400 ns, Total: 57503 ns
[106.652s][info ][safepoint      ] Safepoint "Cleanup", Time since last: 1000087432 ns, Reaching safepoint: 67503 ns, At safepoint: 5300 ns, Total: 72803 ns
[107.652s][info ][safepoint      ] Safepoint "Cleanup", Time since last: 1000104233 ns, Reaching safepoint: 50402 ns, At safepoint: 5701 ns, Total: 56103 ns
[108.653s][info ][safepoint      ] Safepoint "Cleanup", Time since last: 1000107532 ns, Reaching safepoint: 57303 ns, At safepoint: 4501 ns, Total: 61804 ns
[109.653s][info ][safepoint      ] Safepoint "Cleanup", Time since last: 1000106632 ns, Reaching safepoint: 40703 ns, At safepoint: 2800 ns, Total: 43503 ns
[110.653s][info ][safepoint      ] Safepoint "Cleanup", Time since last: 1000104233 ns, Reaching safepoint: 47102 ns, At safepoint: 4100 ns, Total: 51202 ns
[111.653s][info ][safepoint      ] Safepoint "Cleanup", Time since last: 1000116634 ns, Reaching safepoint: 50203 ns, At safepoint: 10201 ns, Total: 60404 ns
[112.653s][info ][safepoint      ] Safepoint "Cleanup", Time since last: 1000103733 ns, Reaching safepoint: 46302 ns, At safepoint: 3400 ns, Total: 49702 ns
[113.653s][info ][safepoint      ] Safepoint "Cleanup", Time since last: 1000121935 ns, Reaching safepoint: 44902 ns, At safepoint: 3301 ns, Total: 48203 ns
[114.654s][info ][safepoint      ] Safepoint "Cleanup", Time since last: 1000102533 ns, Reaching safepoint: 48503 ns, At safepoint: 8100 ns, Total: 56603 ns
[116.654s][info ][safepoint      ] Safepoint "Cleanup", Time since last: 2000166566 ns, Reaching safepoint: 48703 ns, At safepoint: 9000 ns, Total: 57703 ns
[117.654s][info ][safepoint      ] Safepoint "Cleanup", Time since last: 1000109335 ns, Reaching safepoint: 47302 ns, At safepoint: 2801 ns, Total: 50103 ns
[118.654s][info ][safepoint      ] Safepoint "Cleanup", Time since last: 1000103734 ns, Reaching safepoint: 48103 ns, At safepoint: 5100 ns, Total: 53203 ns
[119.654s][info ][safepoint      ] Safepoint "Cleanup", Time since last: 1000095034 ns, Reaching safepoint: 43803 ns, At safepoint: 8100 ns, Total: 51903 ns
[120.654s][info ][safepoint      ] Safepoint "Cleanup", Time since last: 1000104735 ns, Reaching safepoint: 42602 ns, At safepoint: 2801 ns, Total: 45403 ns
[121.655s][info ][safepoint      ] Safepoint "Cleanup", Time since last: 1000105835 ns, Reaching safepoint: 43302 ns, At safepoint: 2900 ns, Total: 46202 ns
[122.655s][info ][safepoint      ] Safepoint "Cleanup", Time since last: 1000099735 ns, Reaching safepoint: 45203 ns, At safepoint: 42902 ns, Total: 88105 ns
[123.655s][info ][safepoint      ] Safepoint "Cleanup", Time since last: 1000050533 ns, Reaching safepoint: 45102 ns, At safepoint: 2401 ns, Total: 47503 ns
[124.655s][info ][safepoint      ] Safepoint "Cleanup", Time since last: 1000097735 ns, Reaching safepoint: 55803 ns, At safepoint: 7600 ns, Total: 63403 ns
[128.655s][info ][safepoint      ] Safepoint "Cleanup", Time since last: 4000299339 ns, Reaching safepoint: 57004 ns, At safepoint: 10000 ns, Total: 67004 ns
[130.656s][info ][safepoint      ] Safepoint "Cleanup", Time since last: 2000170372 ns, Reaching safepoint: 48003 ns, At safepoint: 2400 ns, Total: 50403 ns
[132.656s][info ][safepoint      ] Safepoint "Cleanup", Time since last: 2000154672 ns, Reaching safepoint: 48602 ns, At safepoint: 7701 ns, Total: 56303 ns
[133.656s][info ][safepoint      ] Safepoint "Cleanup", Time since last: 1000107937 ns, Reaching safepoint: 49503 ns, At safepoint: 2400 ns, Total: 51903 ns
[134.656s][info ][safepoint      ] Safepoint "Cleanup", Time since last: 1000097638 ns, Reaching safepoint: 59103 ns, At safepoint: 8701 ns, Total: 67804 ns
[135.656s][info ][safepoint      ] Safepoint "Cleanup", Time since last: 1000109938 ns, Reaching safepoint: 44602 ns, At safepoint: 6301 ns, Total: 50903 ns
[136.656s][info ][safepoint      ] Safepoint "Cleanup", Time since last: 1000100838 ns, Reaching safepoint: 60503 ns, At safepoint: 11801 ns, Total: 72304 ns
[138.657s][info ][safepoint      ] Safepoint "Cleanup", Time since last: 2000167975 ns, Reaching safepoint: 82304 ns, At safepoint: 12301 ns, Total: 94605 ns
[139.657s][info ][safepoint      ] Safepoint "Cleanup", Time since last: 1000118440 ns, Reaching safepoint: 48002 ns, At safepoint: 2300 ns, Total: 50302 ns
[140.657s][info ][safepoint      ] Safepoint "Cleanup", Time since last: 1000114940 ns, Reaching safepoint: 53103 ns, At safepoint: 3000 ns, Total: 56103 ns
[141.657s][info ][safepoint      ] Safepoint "Cleanup", Time since last: 1000112940 ns, Reaching safepoint: 50102 ns, At safepoint: 9601 ns, Total: 59703 ns
[142.657s][info ][safepoint      ] Safepoint "Cleanup", Time since last: 1000118640 ns, Reaching safepoint: 52303 ns, At safepoint: 3100 ns, Total: 55403 ns
[143.658s][info ][safepoint      ] Safepoint "Cleanup", Time since last: 1000108840 ns, Reaching safepoint: 59704 ns, At safepoint: 5400 ns, Total: 65104 ns
[144.658s][info ][safepoint      ] Safepoint "Cleanup", Time since last: 1000130341 ns, Reaching safepoint: 58403 ns, At safepoint: 7901 ns, Total: 66304 ns
[145.608s][info ][safepoint      ] Safepoint "ICBufferFull", Time since last: 950114134 ns, Reaching safepoint: 196810 ns, At safepoint: 10401 ns, Total: 207211 ns
[146.608s][info ][safepoint      ] Safepoint "Cleanup", Time since last: 1000113941 ns, Reaching safepoint: 92905 ns, At safepoint: 11900 ns, Total: 104805 ns
[147.608s][info ][safepoint      ] Safepoint "Cleanup", Time since last: 1000113341 ns, Reaching safepoint: 50303 ns, At safepoint: 10601 ns, Total: 60904 ns
[149.609s][info ][safepoint      ] Safepoint "Cleanup", Time since last: 2000167379 ns, Reaching safepoint: 53303 ns, At safepoint: 5600 ns, Total: 58903 ns
[151.609s][info ][safepoint      ] Safepoint "Cleanup", Time since last: 2000127778 ns, Reaching safepoint: 43703 ns, At safepoint: 2900 ns, Total: 46603 ns
[152.609s][info ][safepoint      ] Safepoint "Cleanup", Time since last: 1000095141 ns, Reaching safepoint: 52503 ns, At safepoint: 9600 ns, Total: 62103 ns
[153.609s][info ][safepoint      ] Safepoint "Cleanup", Time since last: 1000110042 ns, Reaching safepoint: 50103 ns, At safepoint: 5800 ns, Total: 55903 ns
[156.609s][info ][safepoint      ] Safepoint "Cleanup", Time since last: 3000245923 ns, Reaching safepoint: 41502 ns, At safepoint: 2700 ns, Total: 44202 ns
[157.610s][info ][safepoint      ] Safepoint "Cleanup", Time since last: 1000113943 ns, Reaching safepoint: 50303 ns, At safepoint: 4300 ns, Total: 54603 ns
[160.594s][info ][gc,start       ] GC(104) Pause Young (Allocation Failure)
[160.601s][debug][gc,phases      ] GC(104) Scavenge 7.394ms
[160.601s][debug][gc,ref         ] GC(104) Skipped phase 1 of Reference Processing: no references
[160.601s][debug][gc,ref         ] GC(104) ReferenceProcessor::execute queues: 1, RefProcThreadModel::Single, marks_oops_alive: false
[160.601s][debug][gc,ref         ] GC(104) Skipped phase 3 of Reference Processing: no references
[160.601s][debug][gc,ref         ] GC(104) ReferenceProcessor::execute queues: 1, RefProcThreadModel::Single, marks_oops_alive: false
[160.601s][debug][gc,phases      ] GC(104) Reference Processing 0.113ms
[160.601s][debug][gc,phases      ] GC(104)   VM Weak                        Min:  0.0, Avg:  0.0, Max:  0.0, Diff:  0.0, Sum:  0.0, Workers: 4
[160.601s][debug][gc,phases      ] GC(104)     Dead                           Min: 0, Avg:  0.0, Max: 0, Diff: 0, Sum: 0, Workers: 4
[160.601s][debug][gc,phases      ] GC(104)     Total                          Min: 0, Avg: 160.0, Max: 640, Diff: 640, Sum: 640, Workers: 4
[160.601s][debug][gc,phases      ] GC(104)   ObjectSynchronizer Weak        Min:  0.0, Avg:  0.0, Max:  0.0, Diff:  0.0, Sum:  0.0, Workers: 4
[160.601s][debug][gc,phases      ] GC(104)     Dead                           Min: 0, Avg:  0.0, Max: 0, Diff: 0, Sum: 0, Workers: 4
[160.601s][debug][gc,phases      ] GC(104)     Total                          Min: 0, Avg: 86.0, Max: 344, Diff: 344, Sum: 344, Workers: 4
[160.601s][debug][gc,phases      ] GC(104)   JVMTI Tag Weak OopStorage      Min:  0.0, Avg:  0.0, Max:  0.0, Diff:  0.0, Sum:  0.0, Workers: 4
[160.601s][debug][gc,phases      ] GC(104)     Dead                           Min: 0, Avg:  0.0, Max: 0, Diff: 0, Sum: 0, Workers: 4
[160.601s][debug][gc,phases      ] GC(104)     Total                          Min: 0, Avg:  0.0, Max: 0, Diff: 0, Sum: 0, Workers: 4
[160.601s][debug][gc,phases      ] GC(104)   StringTable Weak               Min:  0.1, Avg:  0.1, Max:  0.1, Diff:  0.0, Sum:  0.4, Workers: 4
[160.601s][debug][gc,phases      ] GC(104)     Dead                           Min: 0, Avg:  0.2, Max: 1, Diff: 1, Sum: 1, Workers: 4
[160.601s][debug][gc,phases      ] GC(104)     Total                          Min: 11328, Avg: 11797.5, Max: 12352, Diff: 1024, Sum: 47190, Workers: 4
[160.601s][debug][gc,phases      ] GC(104)   ResolvedMethodTable Weak       Min:  0.0, Avg:  0.0, Max:  0.0, Diff:  0.0, Sum:  0.1, Workers: 4
[160.601s][debug][gc,phases      ] GC(104)     Dead                           Min: 0, Avg:  4.2, Max: 14, Diff: 14, Sum: 17, Workers: 4
[160.601s][debug][gc,phases      ] GC(104)     Total                          Min: 1728, Avg: 1982.8, Max: 2108, Diff: 380, Sum: 7931, Workers: 4
[160.601s][debug][gc,phases      ] GC(104)   JNI Weak                       Min:  0.0, Avg:  0.0, Max:  0.0, Diff:  0.0, Sum:  0.0, Workers: 4
[160.601s][debug][gc,phases      ] GC(104)     Dead                           Min: 0, Avg:  0.0, Max: 0, Diff: 0, Sum: 0, Workers: 4
[160.601s][debug][gc,phases      ] GC(104)     Total                          Min: 0, Avg:  0.0, Max: 0, Diff: 0, Sum: 0, Workers: 4
[160.601s][debug][gc,phases      ] GC(104)   StringDedup Table Weak         Min:  0.0, Avg:  0.0, Max:  0.0, Diff:  0.0, Sum:  0.0, Workers: 4
[160.601s][debug][gc,phases      ] GC(104)     Dead                           Min: 0, Avg:  0.0, Max: 0, Diff: 0, Sum: 0, Workers: 4
[160.601s][debug][gc,phases      ] GC(104)     Total                          Min: 0, Avg:  0.0, Max: 0, Diff: 0, Sum: 0, Workers: 4
[160.601s][debug][gc,phases      ] GC(104)   StringDedup Requests0 Weak     Min:  0.0, Avg:  0.0, Max:  0.0, Diff:  0.0, Sum:  0.0, Workers: 4
[160.601s][debug][gc,phases      ] GC(104)     Dead                           Min: 0, Avg:  0.0, Max: 0, Diff: 0, Sum: 0, Workers: 4
[160.601s][debug][gc,phases      ] GC(104)     Total                          Min: 0, Avg:  0.0, Max: 0, Diff: 0, Sum: 0, Workers: 4
[160.601s][debug][gc,phases      ] GC(104)   StringDedup Requests1 Weak     Min:  0.0, Avg:  0.0, Max:  0.0, Diff:  0.0, Sum:  0.0, Workers: 4
[160.601s][debug][gc,phases      ] GC(104)     Dead                           Min: 0, Avg:  0.0, Max: 0, Diff: 0, Sum: 0, Workers: 4
[160.601s][debug][gc,phases      ] GC(104)     Total                          Min: 0, Avg:  0.0, Max: 0, Diff: 0, Sum: 0, Workers: 4
[160.601s][debug][gc,phases      ] GC(104)   Weak JFR Old Object Samples    Min:  0.0, Avg:  0.0, Max:  0.0, Diff:  0.0, Sum:  0.0, Workers: 4
[160.601s][debug][gc,phases      ] GC(104)     Dead                           Min: 0, Avg:  0.0, Max: 0, Diff: 0, Sum: 0, Workers: 4
[160.601s][debug][gc,phases      ] GC(104)     Total                          Min: 0, Avg:  0.0, Max: 0, Diff: 0, Sum: 0, Workers: 4
[160.601s][debug][gc,phases      ] GC(104) Weak Processing 0.329ms
[160.601s][debug][gc,age         ] GC(104) Desired survivor size 42467328 bytes, new threshold 15 (max threshold 15)
[160.601s][info ][gc,heap        ] GC(104) PSYoungGen: 2016016K(2053632K)->15584K(2051072K) Eden: 2007552K(2007552K)->0K(2007552K) From: 8464K(46080K)->15584K(43520K)
[160.601s][info ][gc,heap        ] GC(104) ParOldGen: 451923K(470016K)->452243K(470016K)
[160.601s][info ][gc,metaspace   ] GC(104) Metaspace: 79345K(80128K)->79345K(80128K) NonClass: 68082K(68480K)->68082K(68480K) Class: 11263K(11648K)->11263K(11648K)
[160.601s][info ][gc             ] GC(104) Pause Young (Allocation Failure) 2410M->456M(2462M) 7.975ms
[160.601s][info ][gc,cpu         ] GC(104) User=0.03s Sys=0.00s Real=0.01s
[160.602s][info ][safepoint      ] Safepoint "ParallelGCFailedAllocation", Time since last: 2983769533 ns, Reaching safepoint: 51903 ns, At safepoint: 8064337 ns, Total: 8116240 ns
[161.602s][info ][safepoint      ] Safepoint "Cleanup", Time since last: 1000091442 ns, Reaching safepoint: 67304 ns, At safepoint: 11101 ns, Total: 78405 ns
[163.602s][info ][safepoint      ] Safepoint "Cleanup", Time since last: 2000170185 ns, Reaching safepoint: 47202 ns, At safepoint: 2700 ns, Total: 49902 ns
[164.602s][info ][safepoint      ] Safepoint "Cleanup", Time since last: 1000101544 ns, Reaching safepoint: 57403 ns, At safepoint: 7601 ns, Total: 65004 ns
[165.602s][info ][safepoint      ] Safepoint "Cleanup", Time since last: 1000107744 ns, Reaching safepoint: 118706 ns, At safepoint: 7601 ns, Total: 126307 ns
[166.602s][info ][safepoint      ] Safepoint "Cleanup", Time since last: 1000109144 ns, Reaching safepoint: 48603 ns, At safepoint: 5000 ns, Total: 53603 ns
[171.603s][info ][safepoint      ] Safepoint "Cleanup", Time since last: 5000352915 ns, Reaching safepoint: 46803 ns, At safepoint: 10000 ns, Total: 56803 ns
[175.603s][info ][safepoint      ] Safepoint "Cleanup", Time since last: 4000310977 ns, Reaching safepoint: 49103 ns, At safepoint: 5800 ns, Total: 54903 ns
[177.603s][info ][safepoint      ] Safepoint "Cleanup", Time since last: 2000170190 ns, Reaching safepoint: 47703 ns, At safepoint: 7200 ns, Total: 54903 ns
[181.604s][info ][safepoint      ] Safepoint "Cleanup", Time since last: 4000278380 ns, Reaching safepoint: 43402 ns, At safepoint: 8401 ns, Total: 51803 ns
[185.604s][info ][safepoint      ] Safepoint "Cleanup", Time since last: 4000306984 ns, Reaching safepoint: 47403 ns, At safepoint: 2500 ns, Total: 49903 ns
[186.604s][info ][safepoint      ] Safepoint "Cleanup", Time since last: 1000097947 ns, Reaching safepoint: 55403 ns, At safepoint: 8401 ns, Total: 63804 ns
[187.604s][info ][safepoint      ] Safepoint "Cleanup", Time since last: 1000082747 ns, Reaching safepoint: 43902 ns, At safepoint: 7601 ns, Total: 51503 ns
[188.605s][info ][safepoint      ] Safepoint "Cleanup", Time since last: 1000098248 ns, Reaching safepoint: 48502 ns, At safepoint: 3101 ns, Total: 51603 ns
[190.605s][info ][safepoint      ] Safepoint "Cleanup", Time since last: 2000170195 ns, Reaching safepoint: 42102 ns, At safepoint: 4000 ns, Total: 46102 ns
[192.605s][info ][safepoint      ] Safepoint "Cleanup", Time since last: 2000164596 ns, Reaching safepoint: 47102 ns, At safepoint: 5901 ns, Total: 53003 ns
[193.605s][info ][safepoint      ] Safepoint "Cleanup", Time since last: 1000106749 ns, Reaching safepoint: 47003 ns, At safepoint: 3600 ns, Total: 50603 ns
[195.605s][info ][safepoint      ] Safepoint "Cleanup", Time since last: 2000168997 ns, Reaching safepoint: 45702 ns, At safepoint: 4901 ns, Total: 50603 ns
[196.606s][info ][safepoint      ] Safepoint "Cleanup", Time since last: 1000101249 ns, Reaching safepoint: 64004 ns, At safepoint: 12400 ns, Total: 76404 ns
[197.606s][info ][safepoint      ] Safepoint "Cleanup", Time since last: 1000112051 ns, Reaching safepoint: 47503 ns, At safepoint: 3300 ns, Total: 50803 ns
[199.606s][info ][safepoint      ] Safepoint "Cleanup", Time since last: 2000187299 ns, Reaching safepoint: 61103 ns, At safepoint: 6601 ns, Total: 67704 ns
[203.606s][info ][safepoint      ] Safepoint "Cleanup", Time since last: 4000301197 ns, Reaching safepoint: 45602 ns, At safepoint: 2700 ns, Total: 48302 ns
[205.607s][info ][safepoint      ] Safepoint "Cleanup", Time since last: 2000140399 ns, Reaching safepoint: 32502 ns, At safepoint: 2700 ns, Total: 35202 ns
[206.607s][info ][safepoint      ] Safepoint "Cleanup", Time since last: 1000103552 ns, Reaching safepoint: 47803 ns, At safepoint: 2400 ns, Total: 50203 ns
[207.607s][info ][safepoint      ] Safepoint "Cleanup", Time since last: 1000104452 ns, Reaching safepoint: 41602 ns, At safepoint: 2600 ns, Total: 44202 ns
[210.607s][info ][safepoint      ] Safepoint "Cleanup", Time since last: 3000229752 ns, Reaching safepoint: 47503 ns, At safepoint: 3200 ns, Total: 50703 ns
[213.607s][info ][safepoint      ] Safepoint "Cleanup", Time since last: 3000233253 ns, Reaching safepoint: 59804 ns, At safepoint: 10000 ns, Total: 69804 ns
[214.608s][info ][safepoint      ] Safepoint "Cleanup", Time since last: 1000110854 ns, Reaching safepoint: 52402 ns, At safepoint: 2401 ns, Total: 54803 ns
[216.608s][info ][safepoint      ] Safepoint "Cleanup", Time since last: 2000166604 ns, Reaching safepoint: 52203 ns, At safepoint: 2300 ns, Total: 54503 ns
[217.608s][info ][safepoint      ] Safepoint "Cleanup", Time since last: 1000114254 ns, Reaching safepoint: 52903 ns, At safepoint: 7600 ns, Total: 60503 ns
[219.608s][info ][safepoint      ] Safepoint "Cleanup", Time since last: 2000172206 ns, Reaching safepoint: 63503 ns, At safepoint: 8901 ns, Total: 72404 ns
[223.609s][info ][safepoint      ] Safepoint "Cleanup", Time since last: 4000277710 ns, Reaching safepoint: 62403 ns, At safepoint: 8601 ns, Total: 71004 ns
[225.609s][info ][safepoint      ] Safepoint "Cleanup", Time since last: 2000190308 ns, Reaching safepoint: 50203 ns, At safepoint: 3100 ns, Total: 53303 ns
[226.609s][info ][safepoint      ] Safepoint "Cleanup", Time since last: 1000106155 ns, Reaching safepoint: 46403 ns, At safepoint: 5400 ns, Total: 51803 ns
[228.502s][info ][safepoint      ] Safepoint "Cleanup", Time since last: 1892908601 ns, Reaching safepoint: 175409 ns, At safepoint: 12301 ns, Total: 187710 ns
[228.552s][info ][safepoint      ] Safepoint "ParallelGCFailedAllocation", Time since last: 49381674 ns, Reaching safepoint: 49403 ns, At safepoint: 11600 ns, Total: 61003 ns
[228.552s][info ][gc,start       ] GC(105) Pause Young (GCLocker Initiated GC)
[228.562s][debug][gc,phases      ] GC(105) Scavenge 9.908ms
[228.562s][debug][gc,ref         ] GC(105) Skipped phase 1 of Reference Processing: no references
[228.562s][debug][gc,ref         ] GC(105) ReferenceProcessor::execute queues: 1, RefProcThreadModel::Single, marks_oops_alive: false
[228.562s][debug][gc,ref         ] GC(105) Skipped phase 3 of Reference Processing: no references
[228.562s][debug][gc,ref         ] GC(105) ReferenceProcessor::execute queues: 1, RefProcThreadModel::Single, marks_oops_alive: false
[228.562s][debug][gc,phases      ] GC(105) Reference Processing 0.138ms
[228.562s][debug][gc,phases      ] GC(105)   VM Weak                        Min:  0.0, Avg:  0.0, Max:  0.0, Diff:  0.0, Sum:  0.0, Workers: 4
[228.562s][debug][gc,phases      ] GC(105)     Dead                           Min: 0, Avg:  0.0, Max: 0, Diff: 0, Sum: 0, Workers: 4
[228.562s][debug][gc,phases      ] GC(105)     Total                          Min: 0, Avg: 161.5, Max: 326, Diff: 326, Sum: 646, Workers: 4
[228.562s][debug][gc,phases      ] GC(105)   ObjectSynchronizer Weak        Min:  0.0, Avg:  0.0, Max:  0.0, Diff:  0.0, Sum:  0.0, Workers: 4
[228.562s][debug][gc,phases      ] GC(105)     Dead                           Min: 0, Avg:  0.0, Max: 0, Diff: 0, Sum: 0, Workers: 4
[228.562s][debug][gc,phases      ] GC(105)     Total                          Min: 0, Avg: 86.0, Max: 152, Diff: 152, Sum: 344, Workers: 4
[228.562s][debug][gc,phases      ] GC(105)   JVMTI Tag Weak OopStorage      Min:  0.0, Avg:  0.0, Max:  0.0, Diff:  0.0, Sum:  0.0, Workers: 4
[228.562s][debug][gc,phases      ] GC(105)     Dead                           Min: 0, Avg:  0.0, Max: 0, Diff: 0, Sum: 0, Workers: 4
[228.562s][debug][gc,phases      ] GC(105)     Total                          Min: 0, Avg:  0.0, Max: 0, Diff: 0, Sum: 0, Workers: 4
[228.562s][debug][gc,phases      ] GC(105)   StringTable Weak               Min:  0.1, Avg:  0.1, Max:  0.1, Diff:  0.0, Sum:  0.4, Workers: 4
[228.562s][debug][gc,phases      ] GC(105)     Dead                           Min: 0, Avg:  0.5, Max: 2, Diff: 2, Sum: 2, Workers: 4
[228.562s][debug][gc,phases      ] GC(105)     Total                          Min: 10688, Avg: 11819.0, Max: 14125, Diff: 3437, Sum: 47276, Workers: 4
[228.562s][debug][gc,phases      ] GC(105)   ResolvedMethodTable Weak       Min:  0.0, Avg:  0.0, Max:  0.0, Diff:  0.0, Sum:  0.1, Workers: 4
[228.562s][debug][gc,phases      ] GC(105)     Dead                           Min: 0, Avg:  0.0, Max: 0, Diff: 0, Sum: 0, Workers: 4
[228.562s][debug][gc,phases      ] GC(105)     Total                          Min: 1791, Avg: 1993.8, Max: 2217, Diff: 426, Sum: 7975, Workers: 4
[228.562s][debug][gc,phases      ] GC(105)   JNI Weak                       Min:  0.0, Avg:  0.0, Max:  0.0, Diff:  0.0, Sum:  0.0, Workers: 4
[228.562s][debug][gc,phases      ] GC(105)     Dead                           Min: 0, Avg:  0.0, Max: 0, Diff: 0, Sum: 0, Workers: 4
[228.562s][debug][gc,phases      ] GC(105)     Total                          Min: 0, Avg:  2.2, Max: 9, Diff: 9, Sum: 9, Workers: 4
[228.562s][debug][gc,phases      ] GC(105)   StringDedup Table Weak         Min:  0.0, Avg:  0.0, Max:  0.0, Diff:  0.0, Sum:  0.0, Workers: 4
[228.562s][debug][gc,phases      ] GC(105)     Dead                           Min: 0, Avg:  0.0, Max: 0, Diff: 0, Sum: 0, Workers: 4
[228.562s][debug][gc,phases      ] GC(105)     Total                          Min: 0, Avg:  0.0, Max: 0, Diff: 0, Sum: 0, Workers: 4
[228.562s][debug][gc,phases      ] GC(105)   StringDedup Requests0 Weak     Min:  0.0, Avg:  0.0, Max:  0.0, Diff:  0.0, Sum:  0.0, Workers: 4
[228.562s][debug][gc,phases      ] GC(105)     Dead                           Min: 0, Avg:  0.0, Max: 0, Diff: 0, Sum: 0, Workers: 4
[228.562s][debug][gc,phases      ] GC(105)     Total                          Min: 0, Avg:  0.0, Max: 0, Diff: 0, Sum: 0, Workers: 4
[228.562s][debug][gc,phases      ] GC(105)   StringDedup Requests1 Weak     Min:  0.0, Avg:  0.0, Max:  0.0, Diff:  0.0, Sum:  0.0, Workers: 4
[228.562s][debug][gc,phases      ] GC(105)     Dead                           Min: 0, Avg:  0.0, Max: 0, Diff: 0, Sum: 0, Workers: 4
[228.562s][debug][gc,phases      ] GC(105)     Total                          Min: 0, Avg:  0.0, Max: 0, Diff: 0, Sum: 0, Workers: 4
[228.562s][debug][gc,phases      ] GC(105)   Weak JFR Old Object Samples    Min:  0.0, Avg:  0.0, Max:  0.0, Diff:  0.0, Sum:  0.0, Workers: 4
[228.562s][debug][gc,phases      ] GC(105)     Dead                           Min: 0, Avg:  0.0, Max: 0, Diff: 0, Sum: 0, Workers: 4
[228.562s][debug][gc,phases      ] GC(105)     Total                          Min: 0, Avg:  0.0, Max: 0, Diff: 0, Sum: 0, Workers: 4
[228.562s][debug][gc,phases      ] GC(105) Weak Processing 0.378ms
[228.562s][debug][gc,age         ] GC(105) Desired survivor size 40370176 bytes, new threshold 15 (max threshold 15)
[228.562s][info ][gc,heap        ] GC(105) PSYoungGen: 2023136K(2051072K)->14420K(2057728K) Eden: 2007552K(2007552K)->0K(2016256K) From: 15584K(43520K)->14420K(41472K)
[228.562s][info ][gc,heap        ] GC(105) ParOldGen: 452243K(470016K)->452555K(470016K)
[228.562s][info ][gc,metaspace   ] GC(105) Metaspace: 79550K(80320K)->79550K(80320K) NonClass: 68258K(68672K)->68258K(68672K) Class: 11291K(11648K)->11291K(11648K)
[228.562s][info ][gc             ] GC(105) Pause Young (GCLocker Initiated GC) 2417M->456M(2468M) 10.540ms
[228.562s][info ][gc,cpu         ] GC(105) User=0.05s Sys=0.00s Real=0.01s
[228.562s][info ][safepoint      ] Safepoint "ParallelGCSystemGC", Time since last: 59903 ns, Reaching safepoint: 17501 ns, At safepoint: 10620476 ns, Total: 10637977 ns
[229.674s][info ][safepoint      ] Safepoint "Cleanup", Time since last: 1111283275 ns, Reaching safepoint: 211012 ns, At safepoint: 9500 ns, Total: 220512 ns
[230.674s][info ][safepoint      ] Safepoint "Cleanup", Time since last: 1000108656 ns, Reaching safepoint: 56604 ns, At safepoint: 8500 ns, Total: 65104 ns
[231.873s][info ][safepoint      ] Safepoint "Cleanup", Time since last: 1199153935 ns, Reaching safepoint: 55503 ns, At safepoint: 8100 ns, Total: 63603 ns
[232.873s][info ][safepoint      ] Safepoint "Cleanup", Time since last: 1000060154 ns, Reaching safepoint: 57903 ns, At safepoint: 10101 ns, Total: 68004 ns
[233.889s][info ][safepoint      ] Safepoint "Cleanup", Time since last: 1015545592 ns, Reaching safepoint: 116406 ns, At safepoint: 9401 ns, Total: 125807 ns
[234.889s][info ][safepoint      ] Safepoint "Cleanup", Time since last: 1000089856 ns, Reaching safepoint: 109006 ns, At safepoint: 6100 ns, Total: 115106 ns
[235.889s][info ][safepoint      ] Safepoint "Cleanup", Time since last: 1000105457 ns, Reaching safepoint: 53803 ns, At safepoint: 4000 ns, Total: 57803 ns
[236.889s][info ][safepoint      ] Safepoint "Cleanup", Time since last: 1000113257 ns, Reaching safepoint: 57103 ns, At safepoint: 5400 ns, Total: 62503 ns
[237.890s][info ][safepoint      ] Safepoint "Cleanup", Time since last: 1000103357 ns, Reaching safepoint: 63004 ns, At safepoint: 5400 ns, Total: 68404 ns
[238.890s][info ][safepoint      ] Safepoint "Cleanup", Time since last: 1000109058 ns, Reaching safepoint: 51102 ns, At safepoint: 7201 ns, Total: 58303 ns
[239.890s][info ][safepoint      ] Safepoint "Cleanup", Time since last: 1000101257 ns, Reaching safepoint: 55103 ns, At safepoint: 8200 ns, Total: 63303 ns
[240.890s][info ][safepoint      ] Safepoint "Cleanup", Time since last: 1000137060 ns, Reaching safepoint: 49302 ns, At safepoint: 4901 ns, Total: 54203 ns
[241.890s][info ][safepoint      ] Safepoint "Cleanup", Time since last: 1000096457 ns, Reaching safepoint: 73004 ns, At safepoint: 8700 ns, Total: 81704 ns
[242.891s][info ][safepoint      ] Safepoint "Cleanup", Time since last: 1000113659 ns, Reaching safepoint: 50802 ns, At safepoint: 6101 ns, Total: 56903 ns
[243.891s][info ][safepoint      ] Safepoint "Cleanup", Time since last: 1000104058 ns, Reaching safepoint: 118306 ns, At safepoint: 10401 ns, Total: 128707 ns
[244.891s][info ][safepoint      ] Safepoint "Cleanup", Time since last: 1000117259 ns, Reaching safepoint: 114306 ns, At safepoint: 9900 ns, Total: 124206 ns
[245.891s][info ][safepoint      ] Safepoint "Cleanup", Time since last: 1000108259 ns, Reaching safepoint: 131007 ns, At safepoint: 10601 ns, Total: 141608 ns
[246.892s][info ][safepoint      ] Safepoint "Cleanup", Time since last: 1000118459 ns, Reaching safepoint: 183410 ns, At safepoint: 12901 ns, Total: 196311 ns
[247.892s][info ][safepoint      ] Safepoint "Cleanup", Time since last: 1000077757 ns, Reaching safepoint: 124207 ns, At safepoint: 13300 ns, Total: 137507 ns
[248.892s][info ][safepoint      ] Safepoint "Cleanup", Time since last: 1000113060 ns, Reaching safepoint: 125706 ns, At safepoint: 8401 ns, Total: 134107 ns
[249.892s][info ][safepoint      ] Safepoint "Cleanup", Time since last: 1000092558 ns, Reaching safepoint: 117207 ns, At safepoint: 8000 ns, Total: 125207 ns
[250.892s][info ][safepoint      ] Safepoint "Cleanup", Time since last: 1000112160 ns, Reaching safepoint: 115106 ns, At safepoint: 7100 ns, Total: 122206 ns
[252.893s][info ][safepoint      ] Safepoint "Cleanup", Time since last: 2000163217 ns, Reaching safepoint: 111406 ns, At safepoint: 10200 ns, Total: 121606 ns
[253.893s][info ][safepoint      ] Safepoint "Cleanup", Time since last: 1000061258 ns, Reaching safepoint: 114106 ns, At safepoint: 5700 ns, Total: 119806 ns
[254.893s][info ][safepoint      ] Safepoint "Cleanup", Time since last: 1000238867 ns, Reaching safepoint: 47803 ns, At safepoint: 5400 ns, Total: 53203 ns
[255.893s][info ][safepoint      ] Safepoint "Cleanup", Time since last: 1000106860 ns, Reaching safepoint: 51303 ns, At safepoint: 2200 ns, Total: 53503 ns
[256.894s][info ][safepoint      ] Safepoint "Cleanup", Time since last: 1000111161 ns, Reaching safepoint: 43902 ns, At safepoint: 3600 ns, Total: 47502 ns
[257.894s][info ][safepoint      ] Safepoint "Cleanup", Time since last: 1000109361 ns, Reaching safepoint: 45302 ns, At safepoint: 2800 ns, Total: 48102 ns
[258.894s][info ][safepoint      ] Safepoint "Cleanup", Time since last: 1000108961 ns, Reaching safepoint: 56703 ns, At safepoint: 10701 ns, Total: 67404 ns
[261.894s][info ][safepoint      ] Safepoint "Cleanup", Time since last: 3000220077 ns, Reaching safepoint: 49503 ns, At safepoint: 4400 ns, Total: 53903 ns
[262.894s][info ][safepoint      ] Safepoint "Cleanup", Time since last: 1000111662 ns, Reaching safepoint: 119206 ns, At safepoint: 12301 ns, Total: 131507 ns
[265.895s][info ][safepoint      ] Safepoint "Cleanup", Time since last: 3000184177 ns, Reaching safepoint: 61003 ns, At safepoint: 11101 ns, Total: 72104 ns
[266.895s][info ][safepoint      ] Safepoint "Cleanup", Time since last: 1000114062 ns, Reaching safepoint: 47003 ns, At safepoint: 2900 ns, Total: 49903 ns
[268.895s][info ][safepoint      ] Safepoint "Cleanup", Time since last: 2000179222 ns, Reaching safepoint: 42403 ns, At safepoint: 3200 ns, Total: 45603 ns
[271.895s][info ][safepoint      ] Safepoint "Cleanup", Time since last: 3000230082 ns, Reaching safepoint: 44103 ns, At safepoint: 2500 ns, Total: 46603 ns
[272.895s][info ][safepoint      ] Safepoint "Cleanup", Time since last: 1000114063 ns, Reaching safepoint: 43302 ns, At safepoint: 2701 ns, Total: 46003 ns
[273.896s][info ][safepoint      ] Safepoint "Cleanup", Time since last: 1000104662 ns, Reaching safepoint: 51103 ns, At safepoint: 5601 ns, Total: 56704 ns
[274.896s][info ][safepoint      ] Safepoint "Cleanup", Time since last: 1000123064 ns, Reaching safepoint: 44602 ns, At safepoint: 2700 ns, Total: 47302 ns
[275.896s][info ][safepoint      ] Safepoint "Cleanup", Time since last: 1000113464 ns, Reaching safepoint: 54503 ns, At safepoint: 5700 ns, Total: 60203 ns
[276.896s][info ][safepoint      ] Safepoint "Cleanup", Time since last: 1000110064 ns, Reaching safepoint: 53803 ns, At safepoint: 10200 ns, Total: 64003 ns
[277.896s][info ][safepoint      ] Safepoint "Cleanup", Time since last: 1000105664 ns, Reaching safepoint: 42202 ns, At safepoint: 6000 ns, Total: 48202 ns
[278.896s][info ][safepoint      ] Safepoint "Cleanup", Time since last: 1000118965 ns, Reaching safepoint: 43402 ns, At safepoint: 3200 ns, Total: 46602 ns
[279.897s][info ][safepoint      ] Safepoint "Cleanup", Time since last: 1000110764 ns, Reaching safepoint: 46803 ns, At safepoint: 4500 ns, Total: 51303 ns
[280.897s][info ][safepoint      ] Safepoint "Cleanup", Time since last: 1000109264 ns, Reaching safepoint: 113707 ns, At safepoint: 13800 ns, Total: 127507 ns
[282.892s][info ][gc,start       ] GC(106) Pause Young (Allocation Failure)
[282.905s][debug][gc,phases      ] GC(106) Scavenge 12.255ms
[282.905s][debug][gc,ref         ] GC(106) Skipped phase 1 of Reference Processing: no references
[282.905s][debug][gc,ref         ] GC(106) ReferenceProcessor::execute queues: 1, RefProcThreadModel::Single, marks_oops_alive: false
[282.905s][debug][gc,ref         ] GC(106) Skipped phase 3 of Reference Processing: no references
[282.905s][debug][gc,ref         ] GC(106) ReferenceProcessor::execute queues: 1, RefProcThreadModel::Single, marks_oops_alive: false
[282.905s][debug][gc,phases      ] GC(106) Reference Processing 0.112ms
[282.905s][debug][gc,phases      ] GC(106)   VM Weak                        Min:  0.0, Avg:  0.0, Max:  0.0, Diff:  0.0, Sum:  0.0, Workers: 4
[282.905s][debug][gc,phases      ] GC(106)     Dead                           Min: 0, Avg:  0.0, Max: 0, Diff: 0, Sum: 0, Workers: 4
[282.905s][debug][gc,phases      ] GC(106)     Total                          Min: 0, Avg: 161.5, Max: 640, Diff: 640, Sum: 646, Workers: 4
[282.905s][debug][gc,phases      ] GC(106)   ObjectSynchronizer Weak        Min:  0.0, Avg:  0.0, Max:  0.0, Diff:  0.0, Sum:  0.0, Workers: 4
[282.905s][debug][gc,phases      ] GC(106)     Dead                           Min: 0, Avg:  0.0, Max: 0, Diff: 0, Sum: 0, Workers: 4
[282.905s][debug][gc,phases      ] GC(106)     Total                          Min: 0, Avg: 86.0, Max: 128, Diff: 128, Sum: 344, Workers: 4
[282.905s][debug][gc,phases      ] GC(106)   JVMTI Tag Weak OopStorage      Min:  0.0, Avg:  0.0, Max:  0.0, Diff:  0.0, Sum:  0.0, Workers: 4
[282.905s][debug][gc,phases      ] GC(106)     Dead                           Min: 0, Avg:  0.0, Max: 0, Diff: 0, Sum: 0, Workers: 4
[282.905s][debug][gc,phases      ] GC(106)     Total                          Min: 0, Avg:  0.0, Max: 0, Diff: 0, Sum: 0, Workers: 4
[282.905s][debug][gc,phases      ] GC(106)   StringTable Weak               Min:  0.1, Avg:  0.1, Max:  0.1, Diff:  0.0, Sum:  0.4, Workers: 4
[282.905s][debug][gc,phases      ] GC(106)     Dead                           Min: 0, Avg:  0.2, Max: 1, Diff: 1, Sum: 1, Workers: 4
[282.905s][debug][gc,phases      ] GC(106)     Total                          Min: 11008, Avg: 11833.8, Max: 12928, Diff: 1920, Sum: 47335, Workers: 4
[282.905s][debug][gc,phases      ] GC(106)   ResolvedMethodTable Weak       Min:  0.0, Avg:  0.0, Max:  0.0, Diff:  0.0, Sum:  0.1, Workers: 4
[282.905s][debug][gc,phases      ] GC(106)     Dead                           Min: 0, Avg:  0.0, Max: 0, Diff: 0, Sum: 0, Workers: 4
[282.905s][debug][gc,phases      ] GC(106)     Total                          Min: 1728, Avg: 1995.0, Max: 2156, Diff: 428, Sum: 7980, Workers: 4
[282.905s][debug][gc,phases      ] GC(106)   JNI Weak                       Min:  0.0, Avg:  0.0, Max:  0.0, Diff:  0.0, Sum:  0.0, Workers: 4
[282.905s][debug][gc,phases      ] GC(106)     Dead                           Min: 0, Avg:  0.0, Max: 0, Diff: 0, Sum: 0, Workers: 4
[282.905s][debug][gc,phases      ] GC(106)     Total                          Min: 0, Avg:  0.0, Max: 0, Diff: 0, Sum: 0, Workers: 4
[282.905s][debug][gc,phases      ] GC(106)   StringDedup Table Weak         Min:  0.0, Avg:  0.0, Max:  0.0, Diff:  0.0, Sum:  0.0, Workers: 4
[282.905s][debug][gc,phases      ] GC(106)     Dead                           Min: 0, Avg:  0.0, Max: 0, Diff: 0, Sum: 0, Workers: 4
[282.905s][debug][gc,phases      ] GC(106)     Total                          Min: 0, Avg:  0.0, Max: 0, Diff: 0, Sum: 0, Workers: 4
[282.905s][debug][gc,phases      ] GC(106)   StringDedup Requests0 Weak     Min:  0.0, Avg:  0.0, Max:  0.0, Diff:  0.0, Sum:  0.0, Workers: 4
[282.905s][debug][gc,phases      ] GC(106)     Dead                           Min: 0, Avg:  0.0, Max: 0, Diff: 0, Sum: 0, Workers: 4
[282.905s][debug][gc,phases      ] GC(106)     Total                          Min: 0, Avg:  0.0, Max: 0, Diff: 0, Sum: 0, Workers: 4
[282.905s][debug][gc,phases      ] GC(106)   StringDedup Requests1 Weak     Min:  0.0, Avg:  0.0, Max:  0.0, Diff:  0.0, Sum:  0.0, Workers: 4
[282.905s][debug][gc,phases      ] GC(106)     Dead                           Min: 0, Avg:  0.0, Max: 0, Diff: 0, Sum: 0, Workers: 4
[282.905s][debug][gc,phases      ] GC(106)     Total                          Min: 0, Avg:  0.0, Max: 0, Diff: 0, Sum: 0, Workers: 4
[282.905s][debug][gc,phases      ] GC(106)   Weak JFR Old Object Samples    Min:  0.0, Avg:  0.0, Max:  0.0, Diff:  0.0, Sum:  0.0, Workers: 4
[282.905s][debug][gc,phases      ] GC(106)     Dead                           Min: 0, Avg:  0.0, Max: 0, Diff: 0, Sum: 0, Workers: 4
[282.905s][debug][gc,phases      ] GC(106)     Total                          Min: 0, Avg:  0.0, Max: 0, Diff: 0, Sum: 0, Workers: 4
[282.905s][debug][gc,phases      ] GC(106) Weak Processing 0.323ms
[282.905s][debug][gc,age         ] GC(106) Desired survivor size 38273024 bytes, new threshold 15 (max threshold 15)
[282.905s][info ][gc,heap        ] GC(106) PSYoungGen: 2030676K(2057728K)->14996K(2055680K) Eden: 2016256K(2016256K)->0K(2016256K) From: 14420K(41472K)->14996K(39424K)
[282.905s][info ][gc,heap        ] GC(106) ParOldGen: 452556K(470016K)->452868K(470016K)
[282.905s][info ][gc,metaspace   ] GC(106) Metaspace: 79625K(80448K)->79625K(80448K) NonClass: 68328K(68736K)->68328K(68736K) Class: 11297K(11712K)->11297K(11712K)
[282.905s][info ][gc             ] GC(106) Pause Young (Allocation Failure) 2425M->456M(2466M) 12.821ms
[282.905s][info ][gc,cpu         ] GC(106) User=0.05s Sys=0.00s Real=0.01s
[282.905s][info ][safepoint      ] Safepoint "ParallelGCFailedAllocation", Time since last: 1995334865 ns, Reaching safepoint: 38302 ns, At safepoint: 12917899 ns, Total: 12956201 ns
[283.905s][info ][safepoint      ] Safepoint "Cleanup", Time since last: 1000080363 ns, Reaching safepoint: 53403 ns, At safepoint: 2200 ns, Total: 55603 ns
[285.906s][info ][safepoint      ] Safepoint "Cleanup", Time since last: 2000166627 ns, Reaching safepoint: 51603 ns, At safepoint: 5500 ns, Total: 57103 ns
[286.906s][info ][safepoint      ] Safepoint "Cleanup", Time since last: 1000108266 ns, Reaching safepoint: 47902 ns, At safepoint: 3700 ns, Total: 51602 ns
[287.906s][info ][safepoint      ] Safepoint "Cleanup", Time since last: 1000106565 ns, Reaching safepoint: 49003 ns, At safepoint: 2500 ns, Total: 51503 ns
[288.906s][info ][safepoint      ] Safepoint "Cleanup", Time since last: 1000086164 ns, Reaching safepoint: 49903 ns, At safepoint: 3000 ns, Total: 52903 ns
[290.621s][info ][safepoint      ] Safepoint "Cleanup", Time since last: 1715171493 ns, Reaching safepoint: 114407 ns, At safepoint: 11000 ns, Total: 125407 ns
[291.621s][info ][safepoint      ] Safepoint "Cleanup", Time since last: 1000094865 ns, Reaching safepoint: 80605 ns, At safepoint: 6300 ns, Total: 86905 ns
[292.622s][info ][safepoint      ] Safepoint "Cleanup", Time since last: 1000114566 ns, Reaching safepoint: 49503 ns, At safepoint: 4400 ns, Total: 53903 ns
[293.622s][info ][safepoint      ] Safepoint "Cleanup", Time since last: 1000135168 ns, Reaching safepoint: 48902 ns, At safepoint: 9301 ns, Total: 58203 ns
[294.622s][info ][safepoint      ] Safepoint "Cleanup", Time since last: 1000113966 ns, Reaching safepoint: 55703 ns, At safepoint: 10401 ns, Total: 66104 ns
[296.622s][info ][safepoint      ] Safepoint "Cleanup", Time since last: 2000180731 ns, Reaching safepoint: 45102 ns, At safepoint: 4301 ns, Total: 49403 ns
[297.622s][info ][safepoint      ] Safepoint "Cleanup", Time since last: 1000106366 ns, Reaching safepoint: 62104 ns, At safepoint: 8000 ns, Total: 70104 ns
[301.623s][info ][safepoint      ] Safepoint "Cleanup", Time since last: 4000233657 ns, Reaching safepoint: 61804 ns, At safepoint: 8200 ns, Total: 70004 ns
[309.623s][info ][safepoint      ] Safepoint "Cleanup", Time since last: 8000522525 ns, Reaching safepoint: 55203 ns, At safepoint: 5100 ns, Total: 60303 ns
[312.624s][info ][safepoint      ] Safepoint "Cleanup", Time since last: 3000239902 ns, Reaching safepoint: 47402 ns, At safepoint: 13301 ns, Total: 60703 ns
[314.624s][info ][safepoint      ] Safepoint "Cleanup", Time since last: 2000172836 ns, Reaching safepoint: 51403 ns, At safepoint: 8200 ns, Total: 59603 ns
[315.624s][info ][safepoint      ] Safepoint "Cleanup", Time since last: 1000112370 ns, Reaching safepoint: 47802 ns, At safepoint: 13401 ns, Total: 61203 ns
[316.624s][info ][safepoint      ] Safepoint "Cleanup", Time since last: 1000109370 ns, Reaching safepoint: 51702 ns, At safepoint: 9401 ns, Total: 61103 ns
[320.625s][info ][safepoint      ] Safepoint "Cleanup", Time since last: 4000296372 ns, Reaching safepoint: 46402 ns, At safepoint: 11301 ns, Total: 57703 ns
[322.625s][info ][safepoint      ] Safepoint "Cleanup", Time since last: 2000178838 ns, Reaching safepoint: 46003 ns, At safepoint: 6300 ns, Total: 52303 ns
[324.625s][info ][safepoint      ] Safepoint "Cleanup", Time since last: 2000171739 ns, Reaching safepoint: 133807 ns, At safepoint: 8400 ns, Total: 142207 ns
[325.625s][info ][safepoint      ] Safepoint "Cleanup", Time since last: 1000109171 ns, Reaching safepoint: 85105 ns, At safepoint: 7200 ns, Total: 92305 ns
[326.625s][info ][safepoint      ] Safepoint "Cleanup", Time since last: 1000114471 ns, Reaching safepoint: 57504 ns, At safepoint: 11800 ns, Total: 69304 ns
[327.626s][info ][safepoint      ] Safepoint "Cleanup", Time since last: 1000110071 ns, Reaching safepoint: 44203 ns, At safepoint: 6700 ns, Total: 50903 ns
[329.103s][info ][safepoint      ] Safepoint "Cleanup", Time since last: 1476822293 ns, Reaching safepoint: 128707 ns, At safepoint: 5500 ns, Total: 134207 ns
[330.103s][info ][safepoint      ] Safepoint "Cleanup", Time since last: 1000110371 ns, Reaching safepoint: 51103 ns, At safepoint: 5300 ns, Total: 56403 ns
[331.103s][info ][safepoint      ] Safepoint "Cleanup", Time since last: 1000098171 ns, Reaching safepoint: 44003 ns, At safepoint: 5400 ns, Total: 49403 ns
[333.103s][info ][safepoint      ] Safepoint "Cleanup", Time since last: 2000165041 ns, Reaching safepoint: 48902 ns, At safepoint: 3601 ns, Total: 52503 ns
[333.943s][info ][safepoint      ] Safepoint "ICBufferFull", Time since last: 839826690 ns, Reaching safepoint: 205811 ns, At safepoint: 10500 ns, Total: 216311 ns
[334.303s][info ][gc,start       ] GC(107) Pause Young (Allocation Failure)
[334.330s][debug][gc,phases      ] GC(107) Scavenge 27.277ms
[334.330s][debug][gc,ref         ] GC(107) Skipped phase 1 of Reference Processing: no references
[334.330s][debug][gc,ref         ] GC(107) ReferenceProcessor::execute queues: 1, RefProcThreadModel::Single, marks_oops_alive: false
[334.330s][debug][gc,ref         ] GC(107) Skipped phase 3 of Reference Processing: no references
[334.330s][debug][gc,ref         ] GC(107) ReferenceProcessor::execute queues: 1, RefProcThreadModel::Single, marks_oops_alive: false
[334.330s][debug][gc,phases      ] GC(107) Reference Processing 0.130ms
[334.330s][debug][gc,phases      ] GC(107)   VM Weak                        Min:  0.0, Avg:  0.0, Max:  0.0, Diff:  0.0, Sum:  0.0, Workers: 4
[334.331s][debug][gc,phases      ] GC(107)     Dead                           Min: 0, Avg:  0.0, Max: 0, Diff: 0, Sum: 0, Workers: 4
[334.331s][debug][gc,phases      ] GC(107)     Total                          Min: 0, Avg: 162.0, Max: 512, Diff: 512, Sum: 648, Workers: 4
[334.331s][debug][gc,phases      ] GC(107)   ObjectSynchronizer Weak        Min:  0.0, Avg:  0.0, Max:  0.0, Diff:  0.0, Sum:  0.0, Workers: 4
[334.331s][debug][gc,phases      ] GC(107)     Dead                           Min: 0, Avg:  0.2, Max: 1, Diff: 1, Sum: 1, Workers: 4
[334.331s][debug][gc,phases      ] GC(107)     Total                          Min: 0, Avg: 86.5, Max: 128, Diff: 128, Sum: 346, Workers: 4
[334.331s][debug][gc,phases      ] GC(107)   JVMTI Tag Weak OopStorage      Min:  0.0, Avg:  0.0, Max:  0.0, Diff:  0.0, Sum:  0.0, Workers: 4
[334.331s][debug][gc,phases      ] GC(107)     Dead                           Min: 0, Avg:  0.0, Max: 0, Diff: 0, Sum: 0, Workers: 4
[334.331s][debug][gc,phases      ] GC(107)     Total                          Min: 0, Avg:  0.0, Max: 0, Diff: 0, Sum: 0, Workers: 4
[334.331s][debug][gc,phases      ] GC(107)   StringTable Weak               Min:  0.1, Avg:  0.1, Max:  0.1, Diff:  0.0, Sum:  0.5, Workers: 4
[334.331s][debug][gc,phases      ] GC(107)     Dead                           Min: 0, Avg:  0.2, Max: 1, Diff: 1, Sum: 1, Workers: 4
[334.331s][debug][gc,phases      ] GC(107)     Total                          Min: 11008, Avg: 11868.5, Max: 13184, Diff: 2176, Sum: 47474, Workers: 4
[334.331s][debug][gc,phases      ] GC(107)   ResolvedMethodTable Weak       Min:  0.0, Avg:  0.0, Max:  0.0, Diff:  0.0, Sum:  0.1, Workers: 4
[334.331s][debug][gc,phases      ] GC(107)     Dead                           Min: 0, Avg:  0.2, Max: 1, Diff: 1, Sum: 1, Workers: 4
[334.331s][debug][gc,phases      ] GC(107)     Total                          Min: 1792, Avg: 2005.8, Max: 2240, Diff: 448, Sum: 8023, Workers: 4
[334.331s][debug][gc,phases      ] GC(107)   JNI Weak                       Min:  0.0, Avg:  0.0, Max:  0.0, Diff:  0.0, Sum:  0.0, Workers: 4
[334.331s][debug][gc,phases      ] GC(107)     Dead                           Min: 0, Avg:  0.0, Max: 0, Diff: 0, Sum: 0, Workers: 4
[334.331s][debug][gc,phases      ] GC(107)     Total                          Min: 0, Avg:  1.8, Max: 7, Diff: 7, Sum: 7, Workers: 4
[334.331s][debug][gc,phases      ] GC(107)   StringDedup Table Weak         Min:  0.0, Avg:  0.0, Max:  0.0, Diff:  0.0, Sum:  0.0, Workers: 4
[334.331s][debug][gc,phases      ] GC(107)     Dead                           Min: 0, Avg:  0.0, Max: 0, Diff: 0, Sum: 0, Workers: 4
[334.331s][debug][gc,phases      ] GC(107)     Total                          Min: 0, Avg:  0.0, Max: 0, Diff: 0, Sum: 0, Workers: 4
[334.331s][debug][gc,phases      ] GC(107)   StringDedup Requests0 Weak     Min:  0.0, Avg:  0.0, Max:  0.0, Diff:  0.0, Sum:  0.0, Workers: 4
[334.331s][debug][gc,phases      ] GC(107)     Dead                           Min: 0, Avg:  0.0, Max: 0, Diff: 0, Sum: 0, Workers: 4
[334.331s][debug][gc,phases      ] GC(107)     Total                          Min: 0, Avg:  0.0, Max: 0, Diff: 0, Sum: 0, Workers: 4
[334.331s][debug][gc,phases      ] GC(107)   StringDedup Requests1 Weak     Min:  0.0, Avg:  0.0, Max:  0.0, Diff:  0.0, Sum:  0.0, Workers: 4
[334.331s][debug][gc,phases      ] GC(107)     Dead                           Min: 0, Avg:  0.0, Max: 0, Diff: 0, Sum: 0, Workers: 4
[334.331s][debug][gc,phases      ] GC(107)     Total                          Min: 0, Avg:  0.0, Max: 0, Diff: 0, Sum: 0, Workers: 4
[334.331s][debug][gc,phases      ] GC(107)   Weak JFR Old Object Samples    Min:  0.0, Avg:  0.0, Max:  0.0, Diff:  0.0, Sum:  0.0, Workers: 4
[334.331s][debug][gc,phases      ] GC(107)     Dead                           Min: 0, Avg:  0.0, Max: 0, Diff: 0, Sum: 0, Workers: 4
[334.331s][debug][gc,phases      ] GC(107)     Total                          Min: 0, Avg:  0.0, Max: 0, Diff: 0, Sum: 0, Workers: 4
[334.331s][debug][gc,phases      ] GC(107) Weak Processing 0.345ms
[334.331s][debug][gc,age         ] GC(107) Desired survivor size 48758784 bytes, new threshold 14 (max threshold 15)
[334.331s][info ][gc,heap        ] GC(107) PSYoungGen: 2031252K(2055680K)->37354K(2039296K) Eden: 2016256K(2016256K)->0K(2001920K) From: 14996K(39424K)->37354K(37376K)
[334.331s][info ][gc,heap        ] GC(107) ParOldGen: 452868K(470016K)->461404K(470016K)
[334.331s][info ][gc,metaspace   ] GC(107) Metaspace: 79999K(80832K)->79999K(80832K) NonClass: 68670K(69120K)->68670K(69120K) Class: 11329K(11712K)->11329K(11712K)
[334.331s][info ][gc             ] GC(107) Pause Young (Allocation Failure) 2425M->487M(2450M) 27.894ms
[334.331s][info ][gc,cpu         ] GC(107) User=0.11s Sys=0.02s Real=0.03s
[334.331s][info ][safepoint      ] Safepoint "ParallelGCFailedAllocation", Time since last: 359413068 ns, Reaching safepoint: 193511 ns, At safepoint: 28001717 ns, Total: 28195228 ns
[335.331s][info ][safepoint      ] Safepoint "Cleanup", Time since last: 1000095771 ns, Reaching safepoint: 134107 ns, At safepoint: 7301 ns, Total: 141408 ns
[336.331s][info ][safepoint      ] Safepoint "Cleanup", Time since last: 1000127373 ns, Reaching safepoint: 78304 ns, At safepoint: 9201 ns, Total: 87505 ns
[338.016s][info ][safepoint      ] Safepoint "Cleanup", Time since last: 1684838962 ns, Reaching safepoint: 128307 ns, At safepoint: 10000 ns, Total: 138307 ns
[339.016s][info ][safepoint      ] Safepoint "Cleanup", Time since last: 1000103272 ns, Reaching safepoint: 46603 ns, At safepoint: 2800 ns, Total: 49403 ns
[340.017s][info ][safepoint      ] Safepoint "Cleanup", Time since last: 1000109973 ns, Reaching safepoint: 60803 ns, At safepoint: 9801 ns, Total: 70604 ns
[341.017s][info ][safepoint      ] Safepoint "Cleanup", Time since last: 1000108773 ns, Reaching safepoint: 60103 ns, At safepoint: 9000 ns, Total: 69103 ns
[342.017s][info ][safepoint      ] Safepoint "Cleanup", Time since last: 1000106773 ns, Reaching safepoint: 52003 ns, At safepoint: 6200 ns, Total: 58203 ns
[343.017s][info ][safepoint      ] Safepoint "Cleanup", Time since last: 1000124374 ns, Reaching safepoint: 53103 ns, At safepoint: 6401 ns, Total: 59504 ns
[344.017s][info ][safepoint      ] Safepoint "Cleanup", Time since last: 1000111073 ns, Reaching safepoint: 52603 ns, At safepoint: 3400 ns, Total: 56003 ns
[345.017s][info ][safepoint      ] Safepoint "Cleanup", Time since last: 1000115174 ns, Reaching safepoint: 58003 ns, At safepoint: 3300 ns, Total: 61303 ns
[346.018s][info ][safepoint      ] Safepoint "Cleanup", Time since last: 1000111274 ns, Reaching safepoint: 49203 ns, At safepoint: 3000 ns, Total: 52203 ns
[347.018s][info ][safepoint      ] Safepoint "Cleanup", Time since last: 1000105773 ns, Reaching safepoint: 142608 ns, At safepoint: 3700 ns, Total: 146308 ns
[348.018s][info ][safepoint      ] Safepoint "Cleanup", Time since last: 1000118075 ns, Reaching safepoint: 71403 ns, At safepoint: 7401 ns, Total: 78804 ns
[349.018s][info ][safepoint      ] Safepoint "Cleanup", Time since last: 1000123575 ns, Reaching safepoint: 70903 ns, At safepoint: 7401 ns, Total: 78304 ns
[350.018s][info ][safepoint      ] Safepoint "Cleanup", Time since last: 1000106274 ns, Reaching safepoint: 96805 ns, At safepoint: 10501 ns, Total: 107306 ns
[351.019s][info ][safepoint      ] Safepoint "Cleanup", Time since last: 1000132075 ns, Reaching safepoint: 55603 ns, At safepoint: 7701 ns, Total: 63304 ns
[352.019s][info ][safepoint      ] Safepoint "Cleanup", Time since last: 1000110574 ns, Reaching safepoint: 61003 ns, At safepoint: 14401 ns, Total: 75404 ns
[353.019s][info ][safepoint      ] Safepoint "Cleanup", Time since last: 1000119675 ns, Reaching safepoint: 77104 ns, At safepoint: 6401 ns, Total: 83505 ns
[354.019s][info ][safepoint      ] Safepoint "Cleanup", Time since last: 1000110875 ns, Reaching safepoint: 56203 ns, At safepoint: 4100 ns, Total: 60303 ns
[355.019s][info ][safepoint      ] Safepoint "Cleanup", Time since last: 1000130376 ns, Reaching safepoint: 52703 ns, At safepoint: 4000 ns, Total: 56703 ns
[356.450s][info ][gc,start       ] GC(108) Pause Young (Allocation Failure)
[356.473s][debug][gc,phases      ] GC(108) Scavenge 23.034ms
[356.473s][debug][gc,ref         ] GC(108) Skipped phase 1 of Reference Processing: no references
[356.473s][debug][gc,ref         ] GC(108) ReferenceProcessor::execute queues: 1, RefProcThreadModel::Single, marks_oops_alive: false
[356.473s][debug][gc,ref         ] GC(108) ReferenceProcessor::execute queues: 4, RefProcThreadModel::Multi, marks_oops_alive: true
[356.473s][debug][gc,ref         ] GC(108) ReferenceProcessor::execute queues: 1, RefProcThreadModel::Single, marks_oops_alive: false
[356.474s][debug][gc,phases      ] GC(108) Reference Processing 0.180ms
[356.474s][debug][gc,phases      ] GC(108)   VM Weak                        Min:  0.0, Avg:  0.0, Max:  0.0, Diff:  0.0, Sum:  0.0, Workers: 4
[356.474s][debug][gc,phases      ] GC(108)     Dead                           Min: 0, Avg:  0.0, Max: 0, Diff: 0, Sum: 0, Workers: 4
[356.474s][debug][gc,phases      ] GC(108)     Total                          Min: 0, Avg: 162.0, Max: 584, Diff: 584, Sum: 648, Workers: 4
[356.474s][debug][gc,phases      ] GC(108)   ObjectSynchronizer Weak        Min:  0.0, Avg:  0.0, Max:  0.0, Diff:  0.0, Sum:  0.0, Workers: 4
[356.474s][debug][gc,phases      ] GC(108)     Dead                           Min: 0, Avg:  0.0, Max: 0, Diff: 0, Sum: 0, Workers: 4
[356.474s][debug][gc,phases      ] GC(108)     Total                          Min: 0, Avg: 86.5, Max: 128, Diff: 128, Sum: 346, Workers: 4
[356.474s][debug][gc,phases      ] GC(108)   JVMTI Tag Weak OopStorage      Min:  0.0, Avg:  0.0, Max:  0.0, Diff:  0.0, Sum:  0.0, Workers: 4
[356.474s][debug][gc,phases      ] GC(108)     Dead                           Min: 0, Avg:  0.0, Max: 0, Diff: 0, Sum: 0, Workers: 4
[356.474s][debug][gc,phases      ] GC(108)     Total                          Min: 0, Avg:  0.0, Max: 0, Diff: 0, Sum: 0, Workers: 4
[356.474s][debug][gc,phases      ] GC(108)   StringTable Weak               Min:  0.1, Avg:  0.1, Max:  0.1, Diff:  0.0, Sum:  0.5, Workers: 4
[356.474s][debug][gc,phases      ] GC(108)     Dead                           Min: 0, Avg:  0.0, Max: 0, Diff: 0, Sum: 0, Workers: 4
[356.474s][debug][gc,phases      ] GC(108)     Total                          Min: 11072, Avg: 11892.5, Max: 12242, Diff: 1170, Sum: 47570, Workers: 4
[356.474s][debug][gc,phases      ] GC(108)   ResolvedMethodTable Weak       Min:  0.0, Avg:  0.0, Max:  0.0, Diff:  0.0, Sum:  0.1, Workers: 4
[356.474s][debug][gc,phases      ] GC(108)     Dead                           Min: 0, Avg:  0.0, Max: 0, Diff: 0, Sum: 0, Workers: 4
[356.474s][debug][gc,phases      ] GC(108)     Total                          Min: 1752, Avg: 2006.0, Max: 2240, Diff: 488, Sum: 8024, Workers: 4
[356.474s][debug][gc,phases      ] GC(108)   JNI Weak                       Min:  0.0, Avg:  0.0, Max:  0.0, Diff:  0.0, Sum:  0.0, Workers: 4
[356.474s][debug][gc,phases      ] GC(108)     Dead                           Min: 0, Avg:  0.0, Max: 0, Diff: 0, Sum: 0, Workers: 4
[356.474s][debug][gc,phases      ] GC(108)     Total                          Min: 0, Avg:  0.0, Max: 0, Diff: 0, Sum: 0, Workers: 4
[356.474s][debug][gc,phases      ] GC(108)   StringDedup Table Weak         Min:  0.0, Avg:  0.0, Max:  0.0, Diff:  0.0, Sum:  0.0, Workers: 4
[356.474s][debug][gc,phases      ] GC(108)     Dead                           Min: 0, Avg:  0.0, Max: 0, Diff: 0, Sum: 0, Workers: 4
[356.474s][debug][gc,phases      ] GC(108)     Total                          Min: 0, Avg:  0.0, Max: 0, Diff: 0, Sum: 0, Workers: 4
[356.474s][debug][gc,phases      ] GC(108)   StringDedup Requests0 Weak     Min:  0.0, Avg:  0.0, Max:  0.0, Diff:  0.0, Sum:  0.0, Workers: 4
[356.474s][debug][gc,phases      ] GC(108)     Dead                           Min: 0, Avg:  0.0, Max: 0, Diff: 0, Sum: 0, Workers: 4
[356.474s][debug][gc,phases      ] GC(108)     Total                          Min: 0, Avg:  0.0, Max: 0, Diff: 0, Sum: 0, Workers: 4
[356.474s][debug][gc,phases      ] GC(108)   StringDedup Requests1 Weak     Min:  0.0, Avg:  0.0, Max:  0.0, Diff:  0.0, Sum:  0.0, Workers: 4
[356.474s][debug][gc,phases      ] GC(108)     Dead                           Min: 0, Avg:  0.0, Max: 0, Diff: 0, Sum: 0, Workers: 4
[356.474s][debug][gc,phases      ] GC(108)     Total                          Min: 0, Avg:  0.0, Max: 0, Diff: 0, Sum: 0, Workers: 4
[356.474s][debug][gc,phases      ] GC(108)   Weak JFR Old Object Samples    Min:  0.0, Avg:  0.0, Max:  0.0, Diff:  0.0, Sum:  0.0, Workers: 4
[356.474s][debug][gc,phases      ] GC(108)     Dead                           Min: 0, Avg:  0.0, Max: 0, Diff: 0, Sum: 0, Workers: 4
[356.474s][debug][gc,phases      ] GC(108)     Total                          Min: 0, Avg:  0.0, Max: 0, Diff: 0, Sum: 0, Workers: 4
[356.474s][debug][gc,phases      ] GC(108) Weak Processing 0.316ms
[356.474s][debug][gc,age         ] GC(108) Desired survivor size 62914560 bytes, new threshold 13 (max threshold 15)
[356.474s][info ][gc,heap        ] GC(108) PSYoungGen: 2039274K(2039296K)->47592K(2049536K) Eden: 2001920K(2001920K)->0K(2001920K) From: 37354K(37376K)->47592K(47616K)
[356.474s][info ][gc,heap        ] GC(108) ParOldGen: 461404K(470016K)->476670K(476672K)
[356.474s][info ][gc,metaspace   ] GC(108) Metaspace: 80167K(80960K)->80167K(80960K) NonClass: 68837K(69248K)->68837K(69248K) Class: 11330K(11712K)->11330K(11712K)
[356.474s][info ][gc             ] GC(108) Pause Young (Allocation Failure) 2442M->511M(2467M) 23.660ms
[356.474s][info ][gc,cpu         ] GC(108) User=0.08s Sys=0.01s Real=0.02s
[356.474s][debug][gc,phases      ] GC(109) Pre Compact 0.010ms
[356.474s][info ][gc,start       ] GC(109) Pause Full (Ergonomics)
[356.474s][info ][gc,phases,start] GC(109) Marking Phase
[356.617s][debug][gc,phases      ] GC(109) Par Mark 143.424ms
[356.618s][debug][gc,ref         ] GC(109) Skipped phase 1 of Reference Processing: no references
[356.618s][debug][gc,ref         ] GC(109) ReferenceProcessor::execute queues: 4, RefProcThreadModel::Multi, marks_oops_alive: false
[356.618s][debug][gc,ref         ] GC(109) ReferenceProcessor::execute queues: 4, RefProcThreadModel::Multi, marks_oops_alive: true
[356.618s][debug][gc,ref         ] GC(109) ReferenceProcessor::execute queues: 1, RefProcThreadModel::Single, marks_oops_alive: false
[356.618s][debug][gc,phases      ] GC(109) Reference Processing 0.530ms
[356.618s][debug][gc,phases      ] GC(109)   VM Weak                        Min:  0.0, Avg:  0.0, Max:  0.0, Diff:  0.0, Sum:  0.0, Workers: 4
[356.618s][debug][gc,phases      ] GC(109)     Dead                           Min: 0, Avg:  0.0, Max: 0, Diff: 0, Sum: 0, Workers: 4
[356.618s][debug][gc,phases      ] GC(109)     Total                          Min: 0, Avg: 162.0, Max: 320, Diff: 320, Sum: 648, Workers: 4
[356.618s][debug][gc,phases      ] GC(109)   ObjectSynchronizer Weak        Min:  0.0, Avg:  0.0, Max:  0.0, Diff:  0.0, Sum:  0.0, Workers: 4
[356.618s][debug][gc,phases      ] GC(109)     Dead                           Min: 0, Avg:  0.2, Max: 1, Diff: 1, Sum: 1, Workers: 4
[356.618s][debug][gc,phases      ] GC(109)     Total                          Min: 0, Avg: 86.5, Max: 128, Diff: 128, Sum: 346, Workers: 4
[356.618s][debug][gc,phases      ] GC(109)   JVMTI Tag Weak OopStorage      Min:  0.0, Avg:  0.0, Max:  0.0, Diff:  0.0, Sum:  0.0, Workers: 4
[356.618s][debug][gc,phases      ] GC(109)     Dead                           Min: 0, Avg:  0.0, Max: 0, Diff: 0, Sum: 0, Workers: 4
[356.618s][debug][gc,phases      ] GC(109)     Total                          Min: 0, Avg:  0.0, Max: 0, Diff: 0, Sum: 0, Workers: 4
[356.618s][debug][gc,phases      ] GC(109)   StringTable Weak               Min:  0.2, Avg:  0.2, Max:  0.2, Diff:  0.0, Sum:  0.7, Workers: 4
[356.618s][debug][gc,phases      ] GC(109)     Dead                           Min: 0, Avg:  0.0, Max: 0, Diff: 0, Sum: 0, Workers: 4
[356.618s][debug][gc,phases      ] GC(109)     Total                          Min: 9810, Avg: 11892.5, Max: 13824, Diff: 4014, Sum: 47570, Workers: 4
[356.618s][debug][gc,phases      ] GC(109)   ResolvedMethodTable Weak       Min:  0.0, Avg:  0.0, Max:  0.0, Diff:  0.0, Sum:  0.1, Workers: 4
[356.618s][debug][gc,phases      ] GC(109)     Dead                           Min: 0, Avg:  0.0, Max: 0, Diff: 0, Sum: 0, Workers: 4
[356.618s][debug][gc,phases      ] GC(109)     Total                          Min: 1752, Avg: 2006.0, Max: 2304, Diff: 552, Sum: 8024, Workers: 4
[356.618s][debug][gc,phases      ] GC(109)   JNI Weak                       Min:  0.0, Avg:  0.0, Max:  0.0, Diff:  0.0, Sum:  0.0, Workers: 4
[356.618s][debug][gc,phases      ] GC(109)     Dead                           Min: 0, Avg:  0.0, Max: 0, Diff: 0, Sum: 0, Workers: 4
[356.618s][debug][gc,phases      ] GC(109)     Total                          Min: 0, Avg:  0.0, Max: 0, Diff: 0, Sum: 0, Workers: 4
[356.618s][debug][gc,phases      ] GC(109)   StringDedup Table Weak         Min:  0.0, Avg:  0.0, Max:  0.0, Diff:  0.0, Sum:  0.0, Workers: 4
[356.618s][debug][gc,phases      ] GC(109)     Dead                           Min: 0, Avg:  0.0, Max: 0, Diff: 0, Sum: 0, Workers: 4
[356.618s][debug][gc,phases      ] GC(109)     Total                          Min: 0, Avg:  0.0, Max: 0, Diff: 0, Sum: 0, Workers: 4
[356.618s][debug][gc,phases      ] GC(109)   StringDedup Requests0 Weak     Min:  0.0, Avg:  0.0, Max:  0.0, Diff:  0.0, Sum:  0.0, Workers: 4
[356.618s][debug][gc,phases      ] GC(109)     Dead                           Min: 0, Avg:  0.0, Max: 0, Diff: 0, Sum: 0, Workers: 4
[356.618s][debug][gc,phases      ] GC(109)     Total                          Min: 0, Avg:  0.0, Max: 0, Diff: 0, Sum: 0, Workers: 4
[356.618s][debug][gc,phases      ] GC(109)   StringDedup Requests1 Weak     Min:  0.0, Avg:  0.0, Max:  0.0, Diff:  0.0, Sum:  0.0, Workers: 4
[356.618s][debug][gc,phases      ] GC(109)     Dead                           Min: 0, Avg:  0.0, Max: 0, Diff: 0, Sum: 0, Workers: 4
[356.618s][debug][gc,phases      ] GC(109)     Total                          Min: 0, Avg:  0.0, Max: 0, Diff: 0, Sum: 0, Workers: 4
[356.618s][debug][gc,phases      ] GC(109)   Weak JFR Old Object Samples    Min:  0.0, Avg:  0.0, Max:  0.0, Diff:  0.0, Sum:  0.0, Workers: 4
[356.618s][debug][gc,phases      ] GC(109)     Dead                           Min: 0, Avg:  0.0, Max: 0, Diff: 0, Sum: 0, Workers: 4
[356.618s][debug][gc,phases      ] GC(109)     Total                          Min: 0, Avg:  0.0, Max: 0, Diff: 0, Sum: 0, Workers: 4
[356.618s][debug][gc,phases      ] GC(109) Weak Processing 0.378ms
[356.619s][debug][gc,phases      ] GC(109) ClassLoaderData 0.088ms
[356.619s][debug][gc,phases      ] GC(109) Trigger cleanups 0.000ms
[356.634s][debug][gc,phases      ] GC(109) Class Unloading 15.551ms
[356.634s][info ][gc,phases      ] GC(109) Marking Phase 160.097ms
[356.634s][info ][gc,phases,start] GC(109) Summary Phase
[356.634s][info ][gc,phases      ] GC(109) Summary Phase 0.018ms
[356.634s][info ][gc,phases,start] GC(109) Adjust Roots
[356.646s][info ][gc,phases      ] GC(109) Adjust Roots 12.406ms
[356.646s][info ][gc,phases,start] GC(109) Compaction Phase
[356.802s][info ][gc,phases      ] GC(109) Compaction Phase 155.427ms
[356.802s][info ][gc,phases,start] GC(109) Post Compact
[356.804s][info ][gc,phases      ] GC(109) Post Compact 1.646ms
[356.804s][info ][gc,heap        ] GC(109) PSYoungGen: 47592K(2049536K)->0K(2021888K) Eden: 0K(2001920K)->0K(1974272K) From: 47592K(47616K)->0K(47616K)
[356.804s][info ][gc,heap        ] GC(109) ParOldGen: 476670K(476672K)->394367K(476672K)
[356.804s][info ][gc,metaspace   ] GC(109) Metaspace: 80167K(80960K)->80167K(80960K) NonClass: 68837K(69248K)->68837K(69248K) Class: 11330K(11712K)->11330K(11712K)
[356.804s][info ][gc             ] GC(109) Pause Full (Ergonomics) 511M->385M(2440M) 329.760ms
[356.804s][info ][gc,cpu         ] GC(109) User=1.22s Sys=0.01s Real=0.33s
[356.804s][info ][safepoint      ] Safepoint "ParallelGCFailedAllocation", Time since last: 1430703700 ns, Reaching safepoint: 115106 ns, At safepoint: 354136983 ns, Total: 354252089 ns
[357.804s][info ][safepoint      ] Safepoint "Cleanup", Time since last: 1000094675 ns, Reaching safepoint: 71304 ns, At safepoint: 8400 ns, Total: 79704 ns
[358.805s][info ][safepoint      ] Safepoint "Cleanup", Time since last: 1000109875 ns, Reaching safepoint: 45703 ns, At safepoint: 7400 ns, Total: 53103 ns
[359.805s][info ][safepoint      ] Safepoint "Cleanup", Time since last: 1000118176 ns, Reaching safepoint: 45503 ns, At safepoint: 11400 ns, Total: 56903 ns
[360.805s][info ][safepoint      ] Safepoint "Cleanup", Time since last: 1000113976 ns, Reaching safepoint: 48403 ns, At safepoint: 2800 ns, Total: 51203 ns
[361.805s][info ][safepoint      ] Safepoint "Cleanup", Time since last: 1000097775 ns, Reaching safepoint: 55903 ns, At safepoint: 7800 ns, Total: 63703 ns
[362.805s][info ][safepoint      ] Safepoint "Cleanup", Time since last: 1000110476 ns, Reaching safepoint: 52303 ns, At safepoint: 6300 ns, Total: 58603 ns
[364.806s][info ][safepoint      ] Safepoint "Cleanup", Time since last: 2000178250 ns, Reaching safepoint: 50303 ns, At safepoint: 10001 ns, Total: 60304 ns
[365.806s][info ][safepoint      ] Safepoint "Cleanup", Time since last: 1000111276 ns, Reaching safepoint: 49703 ns, At safepoint: 6200 ns, Total: 55903 ns
[366.806s][info ][safepoint      ] Safepoint "Cleanup", Time since last: 1000060374 ns, Reaching safepoint: 113006 ns, At safepoint: 5500 ns, Total: 118506 ns
[368.197s][info ][safepoint      ] Safepoint "Cleanup", Time since last: 1390823442 ns, Reaching safepoint: 149908 ns, At safepoint: 10101 ns, Total: 160009 ns
[369.197s][info ][safepoint      ] Safepoint "Cleanup", Time since last: 1000081875 ns, Reaching safepoint: 43002 ns, At safepoint: 3900 ns, Total: 46902 ns
[370.197s][info ][safepoint      ] Safepoint "Cleanup", Time since last: 1000113077 ns, Reaching safepoint: 55903 ns, At safepoint: 10801 ns, Total: 66704 ns
[371.197s][info ][safepoint      ] Safepoint "Cleanup", Time since last: 1000104877 ns, Reaching safepoint: 41202 ns, At safepoint: 4900 ns, Total: 46102 ns
[372.198s][info ][safepoint      ] Safepoint "Cleanup", Time since last: 1000109977 ns, Reaching safepoint: 47303 ns, At safepoint: 5800 ns, Total: 53103 ns
[373.198s][info ][safepoint      ] Safepoint "Cleanup", Time since last: 1000064275 ns, Reaching safepoint: 50302 ns, At safepoint: 6101 ns, Total: 56403 ns
[374.621s][info ][safepoint      ] Safepoint "Cleanup", Time since last: 1423177695 ns, Reaching safepoint: 95606 ns, At safepoint: 10600 ns, Total: 106206 ns
[375.621s][info ][safepoint      ] Safepoint "Cleanup", Time since last: 1000118678 ns, Reaching safepoint: 52003 ns, At safepoint: 3300 ns, Total: 55303 ns
[376.621s][info ][safepoint      ] Safepoint "Cleanup", Time since last: 1000108978 ns, Reaching safepoint: 46702 ns, At safepoint: 2900 ns, Total: 49602 ns
[379.622s][info ][safepoint      ] Safepoint "Cleanup", Time since last: 3000240129 ns, Reaching safepoint: 87205 ns, At safepoint: 6200 ns, Total: 93405 ns
[380.622s][info ][safepoint      ] Safepoint "Cleanup", Time since last: 1000106178 ns, Reaching safepoint: 57703 ns, At safepoint: 5501 ns, Total: 63204 ns
[381.622s][info ][safepoint      ] Safepoint "Cleanup", Time since last: 1000107378 ns, Reaching safepoint: 50203 ns, At safepoint: 3900 ns, Total: 54103 ns
[382.394s][info ][gc,start       ] GC(110) Pause Young (Allocation Failure)
[382.399s][debug][gc,phases      ] GC(110) Scavenge 4.662ms
[382.399s][debug][gc,ref         ] GC(110) Skipped phase 1 of Reference Processing: no references
[382.399s][debug][gc,ref         ] GC(110) ReferenceProcessor::execute queues: 1, RefProcThreadModel::Single, marks_oops_alive: false
[382.399s][debug][gc,ref         ] GC(110) Skipped phase 3 of Reference Processing: no references
[382.399s][debug][gc,ref         ] GC(110) ReferenceProcessor::execute queues: 1, RefProcThreadModel::Single, marks_oops_alive: false
[382.399s][debug][gc,phases      ] GC(110) Reference Processing 0.120ms
[382.399s][debug][gc,phases      ] GC(110)   VM Weak                        Min:  0.0, Avg:  0.0, Max:  0.0, Diff:  0.0, Sum:  0.0, Workers: 4
[382.399s][debug][gc,phases      ] GC(110)     Dead                           Min: 0, Avg:  0.0, Max: 0, Diff: 0, Sum: 0, Workers: 4
[382.399s][debug][gc,phases      ] GC(110)     Total                          Min: 0, Avg: 163.0, Max: 448, Diff: 448, Sum: 652, Workers: 4
[382.399s][debug][gc,phases      ] GC(110)   ObjectSynchronizer Weak        Min:  0.0, Avg:  0.0, Max:  0.0, Diff:  0.0, Sum:  0.0, Workers: 4
[382.399s][debug][gc,phases      ] GC(110)     Dead                           Min: 0, Avg:  0.0, Max: 0, Diff: 0, Sum: 0, Workers: 4
[382.399s][debug][gc,phases      ] GC(110)     Total                          Min: 0, Avg: 86.5, Max: 154, Diff: 154, Sum: 346, Workers: 4
[382.399s][debug][gc,phases      ] GC(110)   JVMTI Tag Weak OopStorage      Min:  0.0, Avg:  0.0, Max:  0.0, Diff:  0.0, Sum:  0.0, Workers: 4
[382.399s][debug][gc,phases      ] GC(110)     Dead                           Min: 0, Avg:  0.0, Max: 0, Diff: 0, Sum: 0, Workers: 4
[382.399s][debug][gc,phases      ] GC(110)     Total                          Min: 0, Avg:  0.0, Max: 0, Diff: 0, Sum: 0, Workers: 4
[382.399s][debug][gc,phases      ] GC(110)   StringTable Weak               Min:  0.1, Avg:  0.1, Max:  0.1, Diff:  0.0, Sum:  0.4, Workers: 4
[382.399s][debug][gc,phases      ] GC(110)     Dead                           Min: 0, Avg:  0.2, Max: 1, Diff: 1, Sum: 1, Workers: 4
[382.399s][debug][gc,phases      ] GC(110)     Total                          Min: 11136, Avg: 11909.2, Max: 12672, Diff: 1536, Sum: 47637, Workers: 4
[382.399s][debug][gc,phases      ] GC(110)   ResolvedMethodTable Weak       Min:  0.0, Avg:  0.0, Max:  0.0, Diff:  0.0, Sum:  0.1, Workers: 4
[382.399s][debug][gc,phases      ] GC(110)     Dead                           Min: 0, Avg:  4.2, Max: 17, Diff: 17, Sum: 17, Workers: 4
[382.399s][debug][gc,phases      ] GC(110)     Total                          Min: 1728, Avg: 2016.2, Max: 2177, Diff: 449, Sum: 8065, Workers: 4
[382.399s][debug][gc,phases      ] GC(110)   JNI Weak                       Min:  0.0, Avg:  0.0, Max:  0.0, Diff:  0.0, Sum:  0.0, Workers: 4
[382.399s][debug][gc,phases      ] GC(110)     Dead                           Min: 0, Avg:  0.0, Max: 0, Diff: 0, Sum: 0, Workers: 4
[382.399s][debug][gc,phases      ] GC(110)     Total                          Min: 0, Avg:  0.0, Max: 0, Diff: 0, Sum: 0, Workers: 4
[382.399s][debug][gc,phases      ] GC(110)   StringDedup Table Weak         Min:  0.0, Avg:  0.0, Max:  0.0, Diff:  0.0, Sum:  0.0, Workers: 4
[382.399s][debug][gc,phases      ] GC(110)     Dead                           Min: 0, Avg:  0.0, Max: 0, Diff: 0, Sum: 0, Workers: 4
[382.399s][debug][gc,phases      ] GC(110)     Total                          Min: 0, Avg:  0.0, Max: 0, Diff: 0, Sum: 0, Workers: 4
[382.399s][debug][gc,phases      ] GC(110)   StringDedup Requests0 Weak     Min:  0.0, Avg:  0.0, Max:  0.0, Diff:  0.0, Sum:  0.0, Workers: 4
[382.399s][debug][gc,phases      ] GC(110)     Dead                           Min: 0, Avg:  0.0, Max: 0, Diff: 0, Sum: 0, Workers: 4
[382.399s][debug][gc,phases      ] GC(110)     Total                          Min: 0, Avg:  0.0, Max: 0, Diff: 0, Sum: 0, Workers: 4
[382.399s][debug][gc,phases      ] GC(110)   StringDedup Requests1 Weak     Min:  0.0, Avg:  0.0, Max:  0.0, Diff:  0.0, Sum:  0.0, Workers: 4
[382.399s][debug][gc,phases      ] GC(110)     Dead                           Min: 0, Avg:  0.0, Max: 0, Diff: 0, Sum: 0, Workers: 4
[382.399s][debug][gc,phases      ] GC(110)     Total                          Min: 0, Avg:  0.0, Max: 0, Diff: 0, Sum: 0, Workers: 4
[382.399s][debug][gc,phases      ] GC(110)   Weak JFR Old Object Samples    Min:  0.0, Avg:  0.0, Max:  0.0, Diff:  0.0, Sum:  0.0, Workers: 4
[382.399s][debug][gc,phases      ] GC(110)     Dead                           Min: 0, Avg:  0.0, Max: 0, Diff: 0, Sum: 0, Workers: 4
[382.399s][debug][gc,phases      ] GC(110)     Total                          Min: 0, Avg:  0.0, Max: 0, Diff: 0, Sum: 0, Workers: 4
[382.399s][debug][gc,phases      ] GC(110) Weak Processing 0.317ms
[382.399s][debug][gc,age         ] GC(110) Desired survivor size 61341696 bytes, new threshold 14 (max threshold 15)
[382.399s][info ][gc,heap        ] GC(110) PSYoungGen: 1974272K(2021888K)->7008K(2035712K) Eden: 1974272K(1974272K)->0K(1974272K) From: 0K(47616K)->7008K(61440K)
[382.399s][info ][gc,heap        ] GC(110) ParOldGen: 394367K(476672K)->394375K(476672K)
[382.399s][info ][gc,metaspace   ] GC(110) Metaspace: 80286K(81088K)->80286K(81088K) NonClass: 68933K(69376K)->68933K(69376K) Class: 11352K(11712K)->11352K(11712K)
[382.400s][info ][gc             ] GC(110) Pause Young (Allocation Failure) 2313M->391M(2453M) 5.242ms
[382.400s][info ][gc,cpu         ] GC(110) User=0.02s Sys=0.00s Real=0.01s
[382.400s][info ][safepoint      ] Safepoint "ParallelGCFailedAllocation", Time since last: 772254435 ns, Reaching safepoint: 58003 ns, At safepoint: 5322488 ns, Total: 5380491 ns
[383.400s][info ][safepoint      ] Safepoint "Cleanup", Time since last: 1000086378 ns, Reaching safepoint: 66503 ns, At safepoint: 11801 ns, Total: 78304 ns
[384.400s][info ][safepoint      ] Safepoint "Cleanup", Time since last: 1000104178 ns, Reaching safepoint: 49703 ns, At safepoint: 5700 ns, Total: 55403 ns
[385.400s][info ][safepoint      ] Safepoint "Cleanup", Time since last: 1000114079 ns, Reaching safepoint: 48503 ns, At safepoint: 3100 ns, Total: 51603 ns
[387.400s][info ][safepoint      ] Safepoint "Cleanup", Time since last: 2000163755 ns, Reaching safepoint: 53503 ns, At safepoint: 6300 ns, Total: 59803 ns
[388.400s][info ][safepoint      ] Safepoint "Cleanup", Time since last: 1000072177 ns, Reaching safepoint: 67604 ns, At safepoint: 11700 ns, Total: 79304 ns
[389.401s][info ][safepoint      ] Safepoint "Cleanup", Time since last: 1000112480 ns, Reaching safepoint: 54303 ns, At safepoint: 12400 ns, Total: 66703 ns
[390.401s][info ][safepoint      ] Safepoint "Cleanup", Time since last: 1000110380 ns, Reaching safepoint: 53203 ns, At safepoint: 11600 ns, Total: 64803 ns
[391.401s][info ][safepoint      ] Safepoint "Cleanup", Time since last: 1000103379 ns, Reaching safepoint: 55203 ns, At safepoint: 5101 ns, Total: 60304 ns
[392.401s][info ][safepoint      ] Safepoint "Cleanup", Time since last: 1000105279 ns, Reaching safepoint: 48603 ns, At safepoint: 5700 ns, Total: 54303 ns
[393.401s][info ][safepoint      ] Safepoint "Cleanup", Time since last: 1000104680 ns, Reaching safepoint: 47402 ns, At safepoint: 3200 ns, Total: 50602 ns
[394.401s][info ][safepoint      ] Safepoint "Cleanup", Time since last: 1000108380 ns, Reaching safepoint: 71304 ns, At safepoint: 3600 ns, Total: 74904 ns
[395.402s][info ][safepoint      ] Safepoint "Cleanup", Time since last: 1000105680 ns, Reaching safepoint: 47103 ns, At safepoint: 4600 ns, Total: 51703 ns
[397.402s][info ][safepoint      ] Safepoint "Cleanup", Time since last: 2000162657 ns, Reaching safepoint: 47703 ns, At safepoint: 4000 ns, Total: 51703 ns
[398.402s][info ][safepoint      ] Safepoint "Cleanup", Time since last: 1000114580 ns, Reaching safepoint: 46303 ns, At safepoint: 8200 ns, Total: 54503 ns
[399.402s][info ][safepoint      ] Safepoint "Cleanup", Time since last: 1000120482 ns, Reaching safepoint: 45402 ns, At safepoint: 6900 ns, Total: 52302 ns
[401.402s][info ][safepoint      ] Safepoint "Cleanup", Time since last: 2000174159 ns, Reaching safepoint: 39102 ns, At safepoint: 2200 ns, Total: 41302 ns
[403.403s][info ][safepoint      ] Safepoint "Cleanup", Time since last: 2000166659 ns, Reaching safepoint: 45503 ns, At safepoint: 5100 ns, Total: 50603 ns
[404.403s][info ][safepoint      ] Safepoint "Cleanup", Time since last: 1000107681 ns, Reaching safepoint: 52603 ns, At safepoint: 10101 ns, Total: 62704 ns
[405.403s][info ][safepoint      ] Safepoint "Cleanup", Time since last: 1000108281 ns, Reaching safepoint: 38202 ns, At safepoint: 3100 ns, Total: 41302 ns
[406.403s][info ][safepoint      ] Safepoint "Cleanup", Time since last: 1000106981 ns, Reaching safepoint: 49903 ns, At safepoint: 5800 ns, Total: 55703 ns
[408.403s][info ][safepoint      ] Safepoint "Cleanup", Time since last: 2000119358 ns, Reaching safepoint: 46602 ns, At safepoint: 2500 ns, Total: 49102 ns
[409.403s][info ][safepoint      ] Safepoint "Cleanup", Time since last: 1000112482 ns, Reaching safepoint: 46103 ns, At safepoint: 7400 ns, Total: 53503 ns
[410.404s][info ][safepoint      ] Safepoint "Cleanup", Time since last: 1000123683 ns, Reaching safepoint: 41602 ns, At safepoint: 2500 ns, Total: 44102 ns
[411.295s][info ][gc,start       ] GC(111) Pause Young (Allocation Failure)
[411.298s][debug][gc,phases      ] GC(111) Scavenge 3.395ms
[411.298s][debug][gc,ref         ] GC(111) Skipped phase 1 of Reference Processing: no references
[411.298s][debug][gc,ref         ] GC(111) ReferenceProcessor::execute queues: 1, RefProcThreadModel::Single, marks_oops_alive: false
[411.299s][debug][gc,ref         ] GC(111) Skipped phase 3 of Reference Processing: no references
[411.299s][debug][gc,ref         ] GC(111) ReferenceProcessor::execute queues: 1, RefProcThreadModel::Single, marks_oops_alive: false
[411.299s][debug][gc,phases      ] GC(111) Reference Processing 0.116ms
[411.299s][debug][gc,phases      ] GC(111)   VM Weak                        Min:  0.0, Avg:  0.0, Max:  0.0, Diff:  0.0, Sum:  0.0, Workers: 4
[411.299s][debug][gc,phases      ] GC(111)     Dead                           Min: 0, Avg:  0.0, Max: 0, Diff: 0, Sum: 0, Workers: 4
[411.299s][debug][gc,phases      ] GC(111)     Total                          Min: 0, Avg: 163.0, Max: 652, Diff: 652, Sum: 652, Workers: 4
[411.299s][debug][gc,phases      ] GC(111)   ObjectSynchronizer Weak        Min:  0.0, Avg:  0.0, Max:  0.0, Diff:  0.0, Sum:  0.0, Workers: 4
[411.299s][debug][gc,phases      ] GC(111)     Dead                           Min: 0, Avg:  0.0, Max: 0, Diff: 0, Sum: 0, Workers: 4
[411.299s][debug][gc,phases      ] GC(111)     Total                          Min: 0, Avg: 86.5, Max: 346, Diff: 346, Sum: 346, Workers: 4
[411.299s][debug][gc,phases      ] GC(111)   JVMTI Tag Weak OopStorage      Min:  0.0, Avg:  0.0, Max:  0.0, Diff:  0.0, Sum:  0.0, Workers: 4
[411.299s][debug][gc,phases      ] GC(111)     Dead                           Min: 0, Avg:  0.0, Max: 0, Diff: 0, Sum: 0, Workers: 4
[411.299s][debug][gc,phases      ] GC(111)     Total                          Min: 0, Avg:  0.0, Max: 0, Diff: 0, Sum: 0, Workers: 4
[411.299s][debug][gc,phases      ] GC(111)   StringTable Weak               Min:  0.1, Avg:  0.1, Max:  0.1, Diff:  0.0, Sum:  0.4, Workers: 4
[411.299s][debug][gc,phases      ] GC(111)     Dead                           Min: 0, Avg:  0.2, Max: 1, Diff: 1, Sum: 1, Workers: 4
[411.299s][debug][gc,phases      ] GC(111)     Total                          Min: 10970, Avg: 11910.5, Max: 12608, Diff: 1638, Sum: 47642, Workers: 4
[411.299s][debug][gc,phases      ] GC(111)   ResolvedMethodTable Weak       Min:  0.0, Avg:  0.0, Max:  0.0, Diff:  0.0, Sum:  0.1, Workers: 4
[411.299s][debug][gc,phases      ] GC(111)     Dead                           Min: 0, Avg:  0.0, Max: 0, Diff: 0, Sum: 0, Workers: 4
[411.299s][debug][gc,phases      ] GC(111)     Total                          Min: 1920, Avg: 2017.2, Max: 2176, Diff: 256, Sum: 8069, Workers: 4
[411.299s][debug][gc,phases      ] GC(111)   JNI Weak                       Min:  0.0, Avg:  0.0, Max:  0.0, Diff:  0.0, Sum:  0.0, Workers: 4
[411.299s][debug][gc,phases      ] GC(111)     Dead                           Min: 0, Avg:  0.0, Max: 0, Diff: 0, Sum: 0, Workers: 4
[411.299s][debug][gc,phases      ] GC(111)     Total                          Min: 0, Avg:  0.0, Max: 0, Diff: 0, Sum: 0, Workers: 4
[411.299s][debug][gc,phases      ] GC(111)   StringDedup Table Weak         Min:  0.0, Avg:  0.0, Max:  0.0, Diff:  0.0, Sum:  0.0, Workers: 4
[411.299s][debug][gc,phases      ] GC(111)     Dead                           Min: 0, Avg:  0.0, Max: 0, Diff: 0, Sum: 0, Workers: 4
[411.299s][debug][gc,phases      ] GC(111)     Total                          Min: 0, Avg:  0.0, Max: 0, Diff: 0, Sum: 0, Workers: 4
[411.299s][debug][gc,phases      ] GC(111)   StringDedup Requests0 Weak     Min:  0.0, Avg:  0.0, Max:  0.0, Diff:  0.0, Sum:  0.0, Workers: 4
[411.299s][debug][gc,phases      ] GC(111)     Dead                           Min: 0, Avg:  0.0, Max: 0, Diff: 0, Sum: 0, Workers: 4
[411.299s][debug][gc,phases      ] GC(111)     Total                          Min: 0, Avg:  0.0, Max: 0, Diff: 0, Sum: 0, Workers: 4
[411.299s][debug][gc,phases      ] GC(111)   StringDedup Requests1 Weak     Min:  0.0, Avg:  0.0, Max:  0.0, Diff:  0.0, Sum:  0.0, Workers: 4
[411.299s][debug][gc,phases      ] GC(111)     Dead                           Min: 0, Avg:  0.0, Max: 0, Diff: 0, Sum: 0, Workers: 4
[411.299s][debug][gc,phases      ] GC(111)     Total                          Min: 0, Avg:  0.0, Max: 0, Diff: 0, Sum: 0, Workers: 4
[411.299s][debug][gc,phases      ] GC(111)   Weak JFR Old Object Samples    Min:  0.0, Avg:  0.0, Max:  0.0, Diff:  0.0, Sum:  0.0, Workers: 4
[411.299s][debug][gc,phases      ] GC(111)     Dead                           Min: 0, Avg:  0.0, Max: 0, Diff: 0, Sum: 0, Workers: 4
[411.299s][debug][gc,phases      ] GC(111)     Total                          Min: 0, Avg:  0.0, Max: 0, Diff: 0, Sum: 0, Workers: 4
[411.299s][debug][gc,phases      ] GC(111) Weak Processing 0.316ms
[411.299s][debug][gc,age         ] GC(111) Desired survivor size 59244544 bytes, new threshold 15 (max threshold 15)
[411.299s][info ][gc,heap        ] GC(111) PSYoungGen: 1981280K(2035712K)->7008K(2039296K) Eden: 1974272K(1974272K)->0K(1979392K) From: 7008K(61440K)->7008K(59904K)
[411.299s][info ][gc,heap        ] GC(111) ParOldGen: 394375K(476672K)->394383K(476672K)
[411.299s][info ][gc,metaspace   ] GC(111) Metaspace: 80363K(81216K)->80363K(81216K) NonClass: 69004K(69440K)->69004K(69440K) Class: 11358K(11776K)->11358K(11776K)
[411.299s][info ][gc             ] GC(111) Pause Young (Allocation Failure) 2319M->391M(2457M) 3.964ms
[411.299s][info ][gc,cpu         ] GC(111) User=0.01s Sys=0.00s Real=0.01s
[411.299s][info ][safepoint      ] Safepoint "ParallelGCFailedAllocation", Time since last: 891263085 ns, Reaching safepoint: 59103 ns, At safepoint: 4047520 ns, Total: 4106623 ns
[412.299s][info ][safepoint      ] Safepoint "Cleanup", Time since last: 1000077480 ns, Reaching safepoint: 45602 ns, At safepoint: 7701 ns, Total: 53303 ns
[413.299s][info ][safepoint      ] Safepoint "Cleanup", Time since last: 1000107282 ns, Reaching safepoint: 45402 ns, At safepoint: 7401 ns, Total: 52803 ns
[414.299s][info ][safepoint      ] Safepoint "Cleanup", Time since last: 1000108082 ns, Reaching safepoint: 41902 ns, At safepoint: 2600 ns, Total: 44502 ns
[415.300s][info ][safepoint      ] Safepoint "Cleanup", Time since last: 1000108283 ns, Reaching safepoint: 59203 ns, At safepoint: 12901 ns, Total: 72104 ns
[416.300s][info ][safepoint      ] Safepoint "Cleanup", Time since last: 1000148184 ns, Reaching safepoint: 44303 ns, At safepoint: 4600 ns, Total: 48903 ns
[419.300s][info ][safepoint      ] Safepoint "Cleanup", Time since last: 3000244744 ns, Reaching safepoint: 53102 ns, At safepoint: 10401 ns, Total: 63503 ns
[422.300s][info ][safepoint      ] Safepoint "Cleanup", Time since last: 3000250145 ns, Reaching safepoint: 47203 ns, At safepoint: 8100 ns, Total: 55303 ns
[424.301s][info ][safepoint      ] Safepoint "Cleanup", Time since last: 2000164264 ns, Reaching safepoint: 45602 ns, At safepoint: 3100 ns, Total: 48702 ns
[426.301s][info ][safepoint      ] Safepoint "Cleanup", Time since last: 2000162565 ns, Reaching safepoint: 43302 ns, At safepoint: 5900 ns, Total: 49202 ns
[434.301s][info ][safepoint      ] Safepoint "Cleanup", Time since last: 8000484753 ns, Reaching safepoint: 47302 ns, At safepoint: 8301 ns, Total: 55603 ns
[440.536s][info ][gc,start       ] GC(112) Pause Young (Allocation Failure)
[440.539s][debug][gc,phases      ] GC(112) Scavenge 3.345ms
[440.539s][debug][gc,ref         ] GC(112) Skipped phase 1 of Reference Processing: no references
[440.540s][debug][gc,ref         ] GC(112) ReferenceProcessor::execute queues: 1, RefProcThreadModel::Single, marks_oops_alive: false
[440.540s][debug][gc,ref         ] GC(112) Skipped phase 3 of Reference Processing: no references
[440.540s][debug][gc,ref         ] GC(112) ReferenceProcessor::execute queues: 1, RefProcThreadModel::Single, marks_oops_alive: false
[440.540s][debug][gc,phases      ] GC(112) Reference Processing 0.106ms
[440.540s][debug][gc,phases      ] GC(112)   VM Weak                        Min:  0.0, Avg:  0.0, Max:  0.0, Diff:  0.0, Sum:  0.0, Workers: 4
[440.540s][debug][gc,phases      ] GC(112)     Dead                           Min: 0, Avg:  0.0, Max: 0, Diff: 0, Sum: 0, Workers: 4
[440.540s][debug][gc,phases      ] GC(112)     Total                          Min: 0, Avg: 163.0, Max: 652, Diff: 652, Sum: 652, Workers: 4
[440.540s][debug][gc,phases      ] GC(112)   ObjectSynchronizer Weak        Min:  0.0, Avg:  0.0, Max:  0.0, Diff:  0.0, Sum:  0.0, Workers: 4
[440.540s][debug][gc,phases      ] GC(112)     Dead                           Min: 0, Avg:  0.0, Max: 0, Diff: 0, Sum: 0, Workers: 4
[440.540s][debug][gc,phases      ] GC(112)     Total                          Min: 0, Avg: 86.5, Max: 282, Diff: 282, Sum: 346, Workers: 4
[440.540s][debug][gc,phases      ] GC(112)   JVMTI Tag Weak OopStorage      Min:  0.0, Avg:  0.0, Max:  0.0, Diff:  0.0, Sum:  0.0, Workers: 4
[440.540s][debug][gc,phases      ] GC(112)     Dead                           Min: 0, Avg:  0.0, Max: 0, Diff: 0, Sum: 0, Workers: 4
[440.540s][debug][gc,phases      ] GC(112)     Total                          Min: 0, Avg:  0.0, Max: 0, Diff: 0, Sum: 0, Workers: 4
[440.540s][debug][gc,phases      ] GC(112)   StringTable Weak               Min:  0.1, Avg:  0.1, Max:  0.1, Diff:  0.0, Sum:  0.4, Workers: 4
[440.540s][debug][gc,phases      ] GC(112)     Dead                           Min: 0, Avg:  0.0, Max: 0, Diff: 0, Sum: 0, Workers: 4
[440.540s][debug][gc,phases      ] GC(112)     Total                          Min: 11520, Avg: 11912.2, Max: 12385, Diff: 865, Sum: 47649, Workers: 4
[440.540s][debug][gc,phases      ] GC(112)   ResolvedMethodTable Weak       Min:  0.0, Avg:  0.0, Max:  0.0, Diff:  0.0, Sum:  0.1, Workers: 4
[440.540s][debug][gc,phases      ] GC(112)     Dead                           Min: 0, Avg:  0.0, Max: 0, Diff: 0, Sum: 0, Workers: 4
[440.540s][debug][gc,phases      ] GC(112)     Total                          Min: 1472, Avg: 2017.2, Max: 2368, Diff: 896, Sum: 8069, Workers: 4
[440.540s][debug][gc,phases      ] GC(112)   JNI Weak                       Min:  0.0, Avg:  0.0, Max:  0.0, Diff:  0.0, Sum:  0.0, Workers: 4
[440.540s][debug][gc,phases      ] GC(112)     Dead                           Min: 0, Avg:  0.0, Max: 0, Diff: 0, Sum: 0, Workers: 4
[440.540s][debug][gc,phases      ] GC(112)     Total                          Min: 0, Avg:  0.0, Max: 0, Diff: 0, Sum: 0, Workers: 4
[440.540s][debug][gc,phases      ] GC(112)   StringDedup Table Weak         Min:  0.0, Avg:  0.0, Max:  0.0, Diff:  0.0, Sum:  0.0, Workers: 4
[440.540s][debug][gc,phases      ] GC(112)     Dead                           Min: 0, Avg:  0.0, Max: 0, Diff: 0, Sum: 0, Workers: 4
[440.540s][debug][gc,phases      ] GC(112)     Total                          Min: 0, Avg:  0.0, Max: 0, Diff: 0, Sum: 0, Workers: 4
[440.540s][debug][gc,phases      ] GC(112)   StringDedup Requests0 Weak     Min:  0.0, Avg:  0.0, Max:  0.0, Diff:  0.0, Sum:  0.0, Workers: 4
[440.540s][debug][gc,phases      ] GC(112)     Dead                           Min: 0, Avg:  0.0, Max: 0, Diff: 0, Sum: 0, Workers: 4
[440.540s][debug][gc,phases      ] GC(112)     Total                          Min: 0, Avg:  0.0, Max: 0, Diff: 0, Sum: 0, Workers: 4
[440.540s][debug][gc,phases      ] GC(112)   StringDedup Requests1 Weak     Min:  0.0, Avg:  0.0, Max:  0.0, Diff:  0.0, Sum:  0.0, Workers: 4
[440.540s][debug][gc,phases      ] GC(112)     Dead                           Min: 0, Avg:  0.0, Max: 0, Diff: 0, Sum: 0, Workers: 4
[440.540s][debug][gc,phases      ] GC(112)     Total                          Min: 0, Avg:  0.0, Max: 0, Diff: 0, Sum: 0, Workers: 4
[440.540s][debug][gc,phases      ] GC(112)   Weak JFR Old Object Samples    Min:  0.0, Avg:  0.0, Max:  0.0, Diff:  0.0, Sum:  0.0, Workers: 4
[440.540s][debug][gc,phases      ] GC(112)     Dead                           Min: 0, Avg:  0.0, Max: 0, Diff: 0, Sum: 0, Workers: 4
[440.540s][debug][gc,phases      ] GC(112)     Total                          Min: 0, Avg:  0.0, Max: 0, Diff: 0, Sum: 0, Workers: 4
[440.540s][debug][gc,phases      ] GC(112) Weak Processing 0.300ms
[440.540s][debug][gc,age         ] GC(112) Desired survivor size 57147392 bytes, new threshold 15 (max threshold 15)
[440.540s][info ][gc,heap        ] GC(112) PSYoungGen: 1986400K(2039296K)->6976K(2037248K) Eden: 1979392K(1979392K)->0K(1979392K) From: 7008K(59904K)->6976K(57856K)
[440.540s][info ][gc,heap        ] GC(112) ParOldGen: 394383K(476672K)->394391K(476672K)
[440.540s][info ][gc,metaspace   ] GC(112) Metaspace: 80387K(81216K)->80387K(81216K) NonClass: 69028K(69440K)->69028K(69440K) Class: 11359K(11776K)->11359K(11776K)
[440.540s][info ][gc             ] GC(112) Pause Young (Allocation Failure) 2324M->391M(2455M) 3.894ms
[440.540s][info ][gc,cpu         ] GC(112) User=0.01s Sys=0.00s Real=0.01s
[440.540s][info ][safepoint      ] Safepoint "ParallelGCFailedAllocation", Time since last: 6234628886 ns, Reaching safepoint: 38402 ns, At safepoint: 3979916 ns, Total: 4018318 ns
[442.540s][info ][safepoint      ] Safepoint "Cleanup", Time since last: 2000147267 ns, Reaching safepoint: 45902 ns, At safepoint: 2800 ns, Total: 48702 ns
[443.540s][info ][safepoint      ] Safepoint "Cleanup", Time since last: 1000067684 ns, Reaching safepoint: 57303 ns, At safepoint: 9500 ns, Total: 66803 ns
[445.541s][info ][safepoint      ] Safepoint "Cleanup", Time since last: 2000169169 ns, Reaching safepoint: 58604 ns, At safepoint: 12800 ns, Total: 71404 ns
[446.541s][info ][safepoint      ] Safepoint "Cleanup", Time since last: 1000110986 ns, Reaching safepoint: 62504 ns, At safepoint: 7500 ns, Total: 70004 ns
[448.541s][info ][safepoint      ] Safepoint "Cleanup", Time since last: 2000160269 ns, Reaching safepoint: 94405 ns, At safepoint: 6501 ns, Total: 100906 ns
[451.541s][info ][safepoint      ] Safepoint "Cleanup", Time since last: 3000235254 ns, Reaching safepoint: 126907 ns, At safepoint: 15601 ns, Total: 142508 ns
[454.542s][info ][safepoint      ] Safepoint "Cleanup", Time since last: 3000254556 ns, Reaching safepoint: 123606 ns, At safepoint: 12401 ns, Total: 136007 ns
[455.542s][info ][safepoint      ] Safepoint "Cleanup", Time since last: 1000117688 ns, Reaching safepoint: 119506 ns, At safepoint: 21801 ns, Total: 141307 ns
[459.542s][info ][safepoint      ] Safepoint "Cleanup", Time since last: 4000276640 ns, Reaching safepoint: 127307 ns, At safepoint: 12401 ns, Total: 139708 ns
[460.543s][info ][safepoint      ] Safepoint "Cleanup", Time since last: 1000114288 ns, Reaching safepoint: 119806 ns, At safepoint: 28702 ns, Total: 148508 ns
[461.543s][info ][safepoint      ] Safepoint "Cleanup", Time since last: 1000114188 ns, Reaching safepoint: 112006 ns, At safepoint: 7400 ns, Total: 119406 ns
[462.543s][info ][safepoint      ] Safepoint "Cleanup", Time since last: 1000106788 ns, Reaching safepoint: 119106 ns, At safepoint: 12801 ns, Total: 131907 ns
[464.543s][info ][safepoint      ] Safepoint "Cleanup", Time since last: 2000157772 ns, Reaching safepoint: 119107 ns, At safepoint: 11300 ns, Total: 130407 ns
[465.544s][info ][safepoint      ] Safepoint "Cleanup", Time since last: 1000105288 ns, Reaching safepoint: 114906 ns, At safepoint: 10101 ns, Total: 125007 ns
[467.544s][info ][safepoint      ] Safepoint "Cleanup", Time since last: 2000181574 ns, Reaching safepoint: 121307 ns, At safepoint: 10801 ns, Total: 132108 ns
[470.544s][info ][safepoint      ] Safepoint "Cleanup", Time since last: 3000247261 ns, Reaching safepoint: 141407 ns, At safepoint: 8601 ns, Total: 150008 ns
[470.859s][info ][gc,start       ] GC(113) Pause Young (Allocation Failure)
[470.862s][debug][gc,phases      ] GC(113) Scavenge 3.227ms
[470.862s][debug][gc,ref         ] GC(113) Skipped phase 1 of Reference Processing: no references
[470.862s][debug][gc,ref         ] GC(113) ReferenceProcessor::execute queues: 1, RefProcThreadModel::Single, marks_oops_alive: false
[470.862s][debug][gc,ref         ] GC(113) Skipped phase 3 of Reference Processing: no references
[470.862s][debug][gc,ref         ] GC(113) ReferenceProcessor::execute queues: 1, RefProcThreadModel::Single, marks_oops_alive: false
[470.862s][debug][gc,phases      ] GC(113) Reference Processing 0.127ms
[470.862s][debug][gc,phases      ] GC(113)   VM Weak                        Min:  0.0, Avg:  0.0, Max:  0.0, Diff:  0.0, Sum:  0.0, Workers: 4
[470.862s][debug][gc,phases      ] GC(113)     Dead                           Min: 0, Avg:  0.0, Max: 0, Diff: 0, Sum: 0, Workers: 4
[470.862s][debug][gc,phases      ] GC(113)     Total                          Min: 0, Avg: 163.0, Max: 652, Diff: 652, Sum: 652, Workers: 4
[470.862s][debug][gc,phases      ] GC(113)   ObjectSynchronizer Weak        Min:  0.0, Avg:  0.0, Max:  0.0, Diff:  0.0, Sum:  0.0, Workers: 4
[470.862s][debug][gc,phases      ] GC(113)     Dead                           Min: 0, Avg:  0.0, Max: 0, Diff: 0, Sum: 0, Workers: 4
[470.862s][debug][gc,phases      ] GC(113)     Total                          Min: 0, Avg: 86.5, Max: 346, Diff: 346, Sum: 346, Workers: 4
[470.862s][debug][gc,phases      ] GC(113)   JVMTI Tag Weak OopStorage      Min:  0.0, Avg:  0.0, Max:  0.0, Diff:  0.0, Sum:  0.0, Workers: 4
[470.862s][debug][gc,phases      ] GC(113)     Dead                           Min: 0, Avg:  0.0, Max: 0, Diff: 0, Sum: 0, Workers: 4
[470.862s][debug][gc,phases      ] GC(113)     Total                          Min: 0, Avg:  0.0, Max: 0, Diff: 0, Sum: 0, Workers: 4
[470.862s][debug][gc,phases      ] GC(113)   StringTable Weak               Min:  0.1, Avg:  0.1, Max:  0.1, Diff:  0.0, Sum:  0.4, Workers: 4
[470.862s][debug][gc,phases      ] GC(113)     Dead                           Min: 0, Avg:  0.0, Max: 0, Diff: 0, Sum: 0, Workers: 4
[470.862s][debug][gc,phases      ] GC(113)     Total                          Min: 10977, Avg: 11912.2, Max: 12992, Diff: 2015, Sum: 47649, Workers: 4
[470.862s][debug][gc,phases      ] GC(113)   ResolvedMethodTable Weak       Min:  0.0, Avg:  0.0, Max:  0.0, Diff:  0.0, Sum:  0.1, Workers: 4
[470.862s][debug][gc,phases      ] GC(113)     Dead                           Min: 0, Avg:  0.0, Max: 0, Diff: 0, Sum: 0, Workers: 4
[470.862s][debug][gc,phases      ] GC(113)     Total                          Min: 1728, Avg: 2017.2, Max: 2117, Diff: 389, Sum: 8069, Workers: 4
[470.862s][debug][gc,phases      ] GC(113)   JNI Weak                       Min:  0.0, Avg:  0.0, Max:  0.0, Diff:  0.0, Sum:  0.0, Workers: 4
[470.862s][debug][gc,phases      ] GC(113)     Dead                           Min: 0, Avg:  0.0, Max: 0, Diff: 0, Sum: 0, Workers: 4
[470.862s][debug][gc,phases      ] GC(113)     Total                          Min: 0, Avg:  0.0, Max: 0, Diff: 0, Sum: 0, Workers: 4
[470.862s][debug][gc,phases      ] GC(113)   StringDedup Table Weak         Min:  0.0, Avg:  0.0, Max:  0.0, Diff:  0.0, Sum:  0.0, Workers: 4
[470.862s][debug][gc,phases      ] GC(113)     Dead                           Min: 0, Avg:  0.0, Max: 0, Diff: 0, Sum: 0, Workers: 4
[470.862s][debug][gc,phases      ] GC(113)     Total                          Min: 0, Avg:  0.0, Max: 0, Diff: 0, Sum: 0, Workers: 4
[470.862s][debug][gc,phases      ] GC(113)   StringDedup Requests0 Weak     Min:  0.0, Avg:  0.0, Max:  0.0, Diff:  0.0, Sum:  0.0, Workers: 4
[470.862s][debug][gc,phases      ] GC(113)     Dead                           Min: 0, Avg:  0.0, Max: 0, Diff: 0, Sum: 0, Workers: 4
[470.862s][debug][gc,phases      ] GC(113)     Total                          Min: 0, Avg:  0.0, Max: 0, Diff: 0, Sum: 0, Workers: 4
[470.862s][debug][gc,phases      ] GC(113)   StringDedup Requests1 Weak     Min:  0.0, Avg:  0.0, Max:  0.0, Diff:  0.0, Sum:  0.0, Workers: 4
[470.862s][debug][gc,phases      ] GC(113)     Dead                           Min: 0, Avg:  0.0, Max: 0, Diff: 0, Sum: 0, Workers: 4
[470.863s][debug][gc,phases      ] GC(113)     Total                          Min: 0, Avg:  0.0, Max: 0, Diff: 0, Sum: 0, Workers: 4
[470.863s][debug][gc,phases      ] GC(113)   Weak JFR Old Object Samples    Min:  0.0, Avg:  0.0, Max:  0.0, Diff:  0.0, Sum:  0.0, Workers: 4
[470.863s][debug][gc,phases      ] GC(113)     Dead                           Min: 0, Avg:  0.0, Max: 0, Diff: 0, Sum: 0, Workers: 4
[470.863s][debug][gc,phases      ] GC(113)     Total                          Min: 0, Avg:  0.0, Max: 0, Diff: 0, Sum: 0, Workers: 4
[470.863s][debug][gc,phases      ] GC(113) Weak Processing 0.305ms
[470.863s][debug][gc,age         ] GC(113) Desired survivor size 55050240 bytes, new threshold 15 (max threshold 15)
[470.863s][info ][gc,heap        ] GC(113) PSYoungGen: 1986368K(2037248K)->7136K(2043392K) Eden: 1979392K(1979392K)->0K(1987584K) From: 6976K(57856K)->7136K(55808K)
[470.863s][info ][gc,heap        ] GC(113) ParOldGen: 394391K(476672K)->394391K(476672K)
[470.863s][info ][gc,metaspace   ] GC(113) Metaspace: 80409K(81280K)->80409K(81280K) NonClass: 69050K(69504K)->69050K(69504K) Class: 11359K(11776K)->11359K(11776K)
[470.863s][info ][gc             ] GC(113) Pause Young (Allocation Failure) 2324M->392M(2461M) 3.782ms
[470.863s][info ][gc,cpu         ] GC(113) User=0.01s Sys=0.00s Real=0.00s
[470.863s][info ][safepoint      ] Safepoint "ParallelGCFailedAllocation", Time since last: 314247926 ns, Reaching safepoint: 97006 ns, At safepoint: 3866609 ns, Total: 3963615 ns
[471.863s][info ][safepoint      ] Safepoint "Cleanup", Time since last: 1000082387 ns, Reaching safepoint: 50703 ns, At safepoint: 10101 ns, Total: 60804 ns
[474.863s][info ][safepoint      ] Safepoint "Cleanup", Time since last: 3000230961 ns, Reaching safepoint: 60504 ns, At safepoint: 13700 ns, Total: 74204 ns
[477.863s][info ][safepoint      ] Safepoint "Cleanup", Time since last: 3000228963 ns, Reaching safepoint: 58703 ns, At safepoint: 8000 ns, Total: 66703 ns
[479.864s][info ][safepoint      ] Safepoint "Cleanup", Time since last: 2000171177 ns, Reaching safepoint: 58303 ns, At safepoint: 8600 ns, Total: 66903 ns
[480.864s][info ][safepoint      ] Safepoint "Cleanup", Time since last: 1000111990 ns, Reaching safepoint: 66404 ns, At safepoint: 18001 ns, Total: 84405 ns
[481.864s][info ][safepoint      ] Safepoint "Cleanup", Time since last: 1000100089 ns, Reaching safepoint: 44502 ns, At safepoint: 12201 ns, Total: 56703 ns
[483.864s][info ][safepoint      ] Safepoint "Cleanup", Time since last: 2000177478 ns, Reaching safepoint: 50702 ns, At safepoint: 7701 ns, Total: 58403 ns
[487.392s][info ][safepoint      ] Safepoint "Cleanup", Time since last: 3528063665 ns, Reaching safepoint: 133908 ns, At safepoint: 23701 ns, Total: 157609 ns
[488.492s][info ][safepoint      ] Safepoint "Cleanup", Time since last: 1099173158 ns, Reaching safepoint: 108006 ns, At safepoint: 18501 ns, Total: 126507 ns
[489.492s][info ][safepoint      ] Safepoint "Cleanup", Time since last: 1000116691 ns, Reaching safepoint: 82504 ns, At safepoint: 11301 ns, Total: 93805 ns
[490.492s][info ][safepoint      ] Safepoint "Cleanup", Time since last: 1000069488 ns, Reaching safepoint: 120707 ns, At safepoint: 9500 ns, Total: 130207 ns
[492.492s][info ][safepoint      ] Safepoint "Cleanup", Time since last: 2000181980 ns, Reaching safepoint: 124407 ns, At safepoint: 8800 ns, Total: 133207 ns
[493.493s][info ][safepoint      ] Safepoint "Cleanup", Time since last: 1000101191 ns, Reaching safepoint: 118806 ns, At safepoint: 10101 ns, Total: 128907 ns
[494.493s][info ][safepoint      ] Safepoint "Cleanup", Time since last: 1000103391 ns, Reaching safepoint: 108405 ns, At safepoint: 10601 ns, Total: 119006 ns
[495.493s][info ][safepoint      ] Safepoint "Cleanup", Time since last: 1000111991 ns, Reaching safepoint: 115207 ns, At safepoint: 16400 ns, Total: 131607 ns
[496.493s][info ][safepoint      ] Safepoint "Cleanup", Time since last: 1000102491 ns, Reaching safepoint: 135108 ns, At safepoint: 11700 ns, Total: 146808 ns
[497.494s][info ][safepoint      ] Safepoint "Cleanup", Time since last: 1000119992 ns, Reaching safepoint: 110406 ns, At safepoint: 6901 ns, Total: 117307 ns
[498.494s][info ][safepoint      ] Safepoint "Cleanup", Time since last: 1000109491 ns, Reaching safepoint: 114306 ns, At safepoint: 8401 ns, Total: 122707 ns
[499.494s][info ][safepoint      ] Safepoint "Cleanup", Time since last: 1000102991 ns, Reaching safepoint: 106906 ns, At safepoint: 12300 ns, Total: 119206 ns
[500.494s][info ][safepoint      ] Safepoint "Cleanup", Time since last: 1000123993 ns, Reaching safepoint: 117106 ns, At safepoint: 9101 ns, Total: 126207 ns
[501.095s][info ][gc,start       ] GC(114) Pause Young (Allocation Failure)
[501.098s][debug][gc,phases      ] GC(114) Scavenge 2.981ms
[501.098s][debug][gc,ref         ] GC(114) Skipped phase 1 of Reference Processing: no references
[501.098s][debug][gc,ref         ] GC(114) ReferenceProcessor::execute queues: 1, RefProcThreadModel::Single, marks_oops_alive: false
[501.098s][debug][gc,ref         ] GC(114) Skipped phase 3 of Reference Processing: no references
[501.098s][debug][gc,ref         ] GC(114) ReferenceProcessor::execute queues: 1, RefProcThreadModel::Single, marks_oops_alive: false
[501.098s][debug][gc,phases      ] GC(114) Reference Processing 0.118ms
[501.098s][debug][gc,phases      ] GC(114)   VM Weak                        Min:  0.0, Avg:  0.0, Max:  0.0, Diff:  0.0, Sum:  0.0, Workers: 4
[501.098s][debug][gc,phases      ] GC(114)     Dead                           Min: 0, Avg:  0.0, Max: 0, Diff: 0, Sum: 0, Workers: 4
[501.098s][debug][gc,phases      ] GC(114)     Total                          Min: 0, Avg: 163.0, Max: 332, Diff: 332, Sum: 652, Workers: 4
[501.098s][debug][gc,phases      ] GC(114)   ObjectSynchronizer Weak        Min:  0.0, Avg:  0.0, Max:  0.0, Diff:  0.0, Sum:  0.0, Workers: 4
[501.098s][debug][gc,phases      ] GC(114)     Dead                           Min: 0, Avg:  0.0, Max: 0, Diff: 0, Sum: 0, Workers: 4
[501.098s][debug][gc,phases      ] GC(114)     Total                          Min: 0, Avg: 86.5, Max: 192, Diff: 192, Sum: 346, Workers: 4
[501.098s][debug][gc,phases      ] GC(114)   JVMTI Tag Weak OopStorage      Min:  0.0, Avg:  0.0, Max:  0.0, Diff:  0.0, Sum:  0.0, Workers: 4
[501.098s][debug][gc,phases      ] GC(114)     Dead                           Min: 0, Avg:  0.0, Max: 0, Diff: 0, Sum: 0, Workers: 4
[501.098s][debug][gc,phases      ] GC(114)     Total                          Min: 0, Avg:  0.0, Max: 0, Diff: 0, Sum: 0, Workers: 4
[501.098s][debug][gc,phases      ] GC(114)   StringTable Weak               Min:  0.1, Avg:  0.1, Max:  0.1, Diff:  0.0, Sum:  0.4, Workers: 4
[501.098s][debug][gc,phases      ] GC(114)     Dead                           Min: 0, Avg:  0.0, Max: 0, Diff: 0, Sum: 0, Workers: 4
[501.098s][debug][gc,phases      ] GC(114)     Total                          Min: 10560, Avg: 11937.5, Max: 14022, Diff: 3462, Sum: 47750, Workers: 4
[501.098s][debug][gc,phases      ] GC(114)   ResolvedMethodTable Weak       Min:  0.0, Avg:  0.0, Max:  0.0, Diff:  0.0, Sum:  0.1, Workers: 4
[501.098s][debug][gc,phases      ] GC(114)     Dead                           Min: 0, Avg:  5.8, Max: 23, Diff: 23, Sum: 23, Workers: 4
[501.098s][debug][gc,phases      ] GC(114)     Total                          Min: 1952, Avg: 2023.0, Max: 2173, Diff: 221, Sum: 8092, Workers: 4
[501.098s][debug][gc,phases      ] GC(114)   JNI Weak                       Min:  0.0, Avg:  0.0, Max:  0.0, Diff:  0.0, Sum:  0.0, Workers: 4
[501.098s][debug][gc,phases      ] GC(114)     Dead                           Min: 0, Avg:  0.0, Max: 0, Diff: 0, Sum: 0, Workers: 4
[501.098s][debug][gc,phases      ] GC(114)     Total                          Min: 0, Avg:  0.0, Max: 0, Diff: 0, Sum: 0, Workers: 4
[501.098s][debug][gc,phases      ] GC(114)   StringDedup Table Weak         Min:  0.0, Avg:  0.0, Max:  0.0, Diff:  0.0, Sum:  0.0, Workers: 4
[501.098s][debug][gc,phases      ] GC(114)     Dead                           Min: 0, Avg:  0.0, Max: 0, Diff: 0, Sum: 0, Workers: 4
[501.098s][debug][gc,phases      ] GC(114)     Total                          Min: 0, Avg:  0.0, Max: 0, Diff: 0, Sum: 0, Workers: 4
[501.098s][debug][gc,phases      ] GC(114)   StringDedup Requests0 Weak     Min:  0.0, Avg:  0.0, Max:  0.0, Diff:  0.0, Sum:  0.0, Workers: 4
[501.098s][debug][gc,phases      ] GC(114)     Dead                           Min: 0, Avg:  0.0, Max: 0, Diff: 0, Sum: 0, Workers: 4
[501.098s][debug][gc,phases      ] GC(114)     Total                          Min: 0, Avg:  0.0, Max: 0, Diff: 0, Sum: 0, Workers: 4
[501.098s][debug][gc,phases      ] GC(114)   StringDedup Requests1 Weak     Min:  0.0, Avg:  0.0, Max:  0.0, Diff:  0.0, Sum:  0.0, Workers: 4
[501.098s][debug][gc,phases      ] GC(114)     Dead                           Min: 0, Avg:  0.0, Max: 0, Diff: 0, Sum: 0, Workers: 4
[501.098s][debug][gc,phases      ] GC(114)     Total                          Min: 0, Avg:  0.0, Max: 0, Diff: 0, Sum: 0, Workers: 4
[501.098s][debug][gc,phases      ] GC(114)   Weak JFR Old Object Samples    Min:  0.0, Avg:  0.0, Max:  0.0, Diff:  0.0, Sum:  0.0, Workers: 4
[501.098s][debug][gc,phases      ] GC(114)     Dead                           Min: 0, Avg:  0.0, Max: 0, Diff: 0, Sum: 0, Workers: 4
[501.098s][debug][gc,phases      ] GC(114)     Total                          Min: 0, Avg:  0.0, Max: 0, Diff: 0, Sum: 0, Workers: 4
[501.098s][debug][gc,phases      ] GC(114) Weak Processing 0.333ms
[501.098s][debug][gc,age         ] GC(114) Desired survivor size 52953088 bytes, new threshold 15 (max threshold 15)
[501.098s][info ][gc,heap        ] GC(114) PSYoungGen: 1994720K(2043392K)->7040K(2041344K) Eden: 1987584K(1987584K)->0K(1987584K) From: 7136K(55808K)->7040K(53760K)
[501.098s][info ][gc,heap        ] GC(114) ParOldGen: 394391K(476672K)->394399K(476672K)
[501.098s][info ][gc,metaspace   ] GC(114) Metaspace: 80639K(81472K)->80639K(81472K) NonClass: 69260K(69696K)->69260K(69696K) Class: 11378K(11776K)->11378K(11776K)
[501.098s][info ][gc             ] GC(114) Pause Young (Allocation Failure) 2333M->392M(2459M) 3.553ms
[501.098s][info ][gc,cpu         ] GC(114) User=0.01s Sys=0.00s Real=0.01s
[501.098s][info ][safepoint      ] Safepoint "ParallelGCFailedAllocation", Time since last: 600278326 ns, Reaching safepoint: 52703 ns, At safepoint: 3633097 ns, Total: 3685800 ns
[502.098s][info ][safepoint      ] Safepoint "Cleanup", Time since last: 1000075390 ns, Reaching safepoint: 39202 ns, At safepoint: 2200 ns, Total: 41402 ns
[503.099s][info ][safepoint      ] Safepoint "Cleanup", Time since last: 1000115492 ns, Reaching safepoint: 67804 ns, At safepoint: 7100 ns, Total: 74904 ns
[504.099s][info ][safepoint      ] Safepoint "Cleanup", Time since last: 1000105492 ns, Reaching safepoint: 42403 ns, At safepoint: 2400 ns, Total: 44803 ns
[505.099s][info ][safepoint      ] Safepoint "Cleanup", Time since last: 1000106292 ns, Reaching safepoint: 40402 ns, At safepoint: 2900 ns, Total: 43302 ns
[506.099s][info ][safepoint      ] Safepoint "Cleanup", Time since last: 1000066790 ns, Reaching safepoint: 49203 ns, At safepoint: 4000 ns, Total: 53203 ns
[507.099s][info ][safepoint      ] Safepoint "Cleanup", Time since last: 1000106292 ns, Reaching safepoint: 44402 ns, At safepoint: 4301 ns, Total: 48703 ns
[509.099s][info ][safepoint      ] Safepoint "Cleanup", Time since last: 2000177282 ns, Reaching safepoint: 57203 ns, At safepoint: 8101 ns, Total: 65304 ns
[510.100s][info ][safepoint      ] Safepoint "Cleanup", Time since last: 1000107792 ns, Reaching safepoint: 85105 ns, At safepoint: 13401 ns, Total: 98506 ns
[511.100s][info ][safepoint      ] Safepoint "Cleanup", Time since last: 1000107292 ns, Reaching safepoint: 64304 ns, At safepoint: 6400 ns, Total: 70704 ns
[512.100s][info ][safepoint      ] Safepoint "Cleanup", Time since last: 1000105693 ns, Reaching safepoint: 50002 ns, At safepoint: 4801 ns, Total: 54803 ns
[513.100s][info ][safepoint      ] Safepoint "Cleanup", Time since last: 1000092792 ns, Reaching safepoint: 51102 ns, At safepoint: 10901 ns, Total: 62003 ns
[514.100s][info ][safepoint      ] Safepoint "Cleanup", Time since last: 1000108693 ns, Reaching safepoint: 56403 ns, At safepoint: 6000 ns, Total: 62403 ns
[516.101s][info ][safepoint      ] Safepoint "Cleanup", Time since last: 2000178284 ns, Reaching safepoint: 49203 ns, At safepoint: 7401 ns, Total: 56604 ns
[520.101s][info ][safepoint      ] Safepoint "Cleanup", Time since last: 4000297866 ns, Reaching safepoint: 40702 ns, At safepoint: 2600 ns, Total: 43302 ns
[521.101s][info ][safepoint      ] Safepoint "Cleanup", Time since last: 1000112594 ns, Reaching safepoint: 60903 ns, At safepoint: 9001 ns, Total: 69904 ns
[522.101s][info ][safepoint      ] Safepoint "Cleanup", Time since last: 1000107793 ns, Reaching safepoint: 65704 ns, At safepoint: 7900 ns, Total: 73604 ns
[525.101s][info ][safepoint      ] Safepoint "Cleanup", Time since last: 3000224677 ns, Reaching safepoint: 44202 ns, At safepoint: 5200 ns, Total: 49402 ns
[526.498s][info ][safepoint      ] Safepoint "Cleanup", Time since last: 1395958945 ns, Reaching safepoint: 105106 ns, At safepoint: 7700 ns, Total: 112806 ns
[527.498s][info ][safepoint      ] Safepoint "Cleanup", Time since last: 1000104594 ns, Reaching safepoint: 50303 ns, At safepoint: 3400 ns, Total: 53703 ns
[528.498s][info ][safepoint      ] Safepoint "Cleanup", Time since last: 1000109694 ns, Reaching safepoint: 49703 ns, At safepoint: 7301 ns, Total: 57004 ns
[529.498s][info ][safepoint      ] Safepoint "Cleanup", Time since last: 1000107194 ns, Reaching safepoint: 67804 ns, At safepoint: 3000 ns, Total: 70804 ns
[531.241s][info ][gc,start       ] GC(115) Pause Young (Allocation Failure)
[531.245s][debug][gc,phases      ] GC(115) Scavenge 3.581ms
[531.245s][debug][gc,ref         ] GC(115) Skipped phase 1 of Reference Processing: no references
[531.245s][debug][gc,ref         ] GC(115) ReferenceProcessor::execute queues: 1, RefProcThreadModel::Single, marks_oops_alive: false
[531.245s][debug][gc,ref         ] GC(115) Skipped phase 3 of Reference Processing: no references
[531.245s][debug][gc,ref         ] GC(115) ReferenceProcessor::execute queues: 1, RefProcThreadModel::Single, marks_oops_alive: false
[531.245s][debug][gc,phases      ] GC(115) Reference Processing 0.109ms
[531.245s][debug][gc,phases      ] GC(115)   VM Weak                        Min:  0.0, Avg:  0.0, Max:  0.0, Diff:  0.0, Sum:  0.0, Workers: 4
[531.245s][debug][gc,phases      ] GC(115)     Dead                           Min: 0, Avg:  0.0, Max: 0, Diff: 0, Sum: 0, Workers: 4
[531.245s][debug][gc,phases      ] GC(115)     Total                          Min: 0, Avg: 163.0, Max: 332, Diff: 332, Sum: 652, Workers: 4
[531.245s][debug][gc,phases      ] GC(115)   ObjectSynchronizer Weak        Min:  0.0, Avg:  0.0, Max:  0.0, Diff:  0.0, Sum:  0.0, Workers: 4
[531.245s][debug][gc,phases      ] GC(115)     Dead                           Min: 0, Avg:  0.0, Max: 0, Diff: 0, Sum: 0, Workers: 4
[531.245s][debug][gc,phases      ] GC(115)     Total                          Min: 0, Avg: 86.5, Max: 128, Diff: 128, Sum: 346, Workers: 4
[531.245s][debug][gc,phases      ] GC(115)   JVMTI Tag Weak OopStorage      Min:  0.0, Avg:  0.0, Max:  0.0, Diff:  0.0, Sum:  0.0, Workers: 4
[531.245s][debug][gc,phases      ] GC(115)     Dead                           Min: 0, Avg:  0.0, Max: 0, Diff: 0, Sum: 0, Workers: 4
[531.245s][debug][gc,phases      ] GC(115)     Total                          Min: 0, Avg:  0.0, Max: 0, Diff: 0, Sum: 0, Workers: 4
[531.245s][debug][gc,phases      ] GC(115)   StringTable Weak               Min:  0.1, Avg:  0.1, Max:  0.1, Diff:  0.0, Sum:  0.4, Workers: 4
[531.245s][debug][gc,phases      ] GC(115)     Dead                           Min: 0, Avg:  0.2, Max: 1, Diff: 1, Sum: 1, Workers: 4
[531.245s][debug][gc,phases      ] GC(115)     Total                          Min: 11456, Avg: 11947.0, Max: 12588, Diff: 1132, Sum: 47788, Workers: 4
[531.245s][debug][gc,phases      ] GC(115)   ResolvedMethodTable Weak       Min:  0.0, Avg:  0.0, Max:  0.0, Diff:  0.0, Sum:  0.1, Workers: 4
[531.245s][debug][gc,phases      ] GC(115)     Dead                           Min: 0, Avg:  0.0, Max: 0, Diff: 0, Sum: 0, Workers: 4
[531.245s][debug][gc,phases      ] GC(115)     Total                          Min: 1792, Avg: 2025.8, Max: 2176, Diff: 384, Sum: 8103, Workers: 4
[531.245s][debug][gc,phases      ] GC(115)   JNI Weak                       Min:  0.0, Avg:  0.0, Max:  0.0, Diff:  0.0, Sum:  0.0, Workers: 4
[531.245s][debug][gc,phases      ] GC(115)     Dead                           Min: 0, Avg:  0.0, Max: 0, Diff: 0, Sum: 0, Workers: 4
[531.245s][debug][gc,phases      ] GC(115)     Total                          Min: 0, Avg:  0.0, Max: 0, Diff: 0, Sum: 0, Workers: 4
[531.245s][debug][gc,phases      ] GC(115)   StringDedup Table Weak         Min:  0.0, Avg:  0.0, Max:  0.0, Diff:  0.0, Sum:  0.0, Workers: 4
[531.245s][debug][gc,phases      ] GC(115)     Dead                           Min: 0, Avg:  0.0, Max: 0, Diff: 0, Sum: 0, Workers: 4
[531.245s][debug][gc,phases      ] GC(115)     Total                          Min: 0, Avg:  0.0, Max: 0, Diff: 0, Sum: 0, Workers: 4
[531.245s][debug][gc,phases      ] GC(115)   StringDedup Requests0 Weak     Min:  0.0, Avg:  0.0, Max:  0.0, Diff:  0.0, Sum:  0.0, Workers: 4
[531.245s][debug][gc,phases      ] GC(115)     Dead                           Min: 0, Avg:  0.0, Max: 0, Diff: 0, Sum: 0, Workers: 4
[531.245s][debug][gc,phases      ] GC(115)     Total                          Min: 0, Avg:  0.0, Max: 0, Diff: 0, Sum: 0, Workers: 4
[531.245s][debug][gc,phases      ] GC(115)   StringDedup Requests1 Weak     Min:  0.0, Avg:  0.0, Max:  0.0, Diff:  0.0, Sum:  0.0, Workers: 4
[531.245s][debug][gc,phases      ] GC(115)     Dead                           Min: 0, Avg:  0.0, Max: 0, Diff: 0, Sum: 0, Workers: 4
[531.245s][debug][gc,phases      ] GC(115)     Total                          Min: 0, Avg:  0.0, Max: 0, Diff: 0, Sum: 0, Workers: 4
[531.245s][debug][gc,phases      ] GC(115)   Weak JFR Old Object Samples    Min:  0.0, Avg:  0.0, Max:  0.0, Diff:  0.0, Sum:  0.0, Workers: 4
[531.245s][debug][gc,phases      ] GC(115)     Dead                           Min: 0, Avg:  0.0, Max: 0, Diff: 0, Sum: 0, Workers: 4
[531.245s][debug][gc,phases      ] GC(115)     Total                          Min: 0, Avg:  0.0, Max: 0, Diff: 0, Sum: 0, Workers: 4
[531.246s][debug][gc,phases      ] GC(115) Weak Processing 0.313ms
[531.246s][debug][gc,age         ] GC(115) Desired survivor size 50331648 bytes, new threshold 15 (max threshold 15)
[531.246s][info ][gc,heap        ] GC(115) PSYoungGen: 1994624K(2041344K)->7120K(2048000K) Eden: 1987584K(1987584K)->0K(1996288K) From: 7040K(53760K)->7120K(51712K)
[531.246s][info ][gc,heap        ] GC(115) ParOldGen: 394399K(476672K)->394407K(476672K)
[531.246s][info ][gc,metaspace   ] GC(115) Metaspace: 80770K(81600K)->80770K(81600K) NonClass: 69385K(69824K)->69385K(69824K) Class: 11385K(11776K)->11385K(11776K)
[531.246s][info ][gc             ] GC(115) Pause Young (Allocation Failure) 2333M->392M(2465M) 4.140ms
[531.246s][info ][gc,cpu         ] GC(115) User=0.01s Sys=0.00s Real=0.00s
[531.246s][info ][safepoint      ] Safepoint "ParallelGCFailedAllocation", Time since last: 1743177260 ns, Reaching safepoint: 125607 ns, At safepoint: 4225229 ns, Total: 4350836 ns
[533.246s][info ][safepoint      ] Safepoint "Cleanup", Time since last: 2000117884 ns, Reaching safepoint: 54103 ns, At safepoint: 8900 ns, Total: 63003 ns
[534.246s][info ][safepoint      ] Safepoint "Cleanup", Time since last: 1000096295 ns, Reaching safepoint: 51202 ns, At safepoint: 2701 ns, Total: 53903 ns
[535.246s][info ][safepoint      ] Safepoint "Cleanup", Time since last: 1000110595 ns, Reaching safepoint: 41502 ns, At safepoint: 2100 ns, Total: 43602 ns
[536.246s][info ][safepoint      ] Safepoint "Cleanup", Time since last: 1000111095 ns, Reaching safepoint: 40302 ns, At safepoint: 2601 ns, Total: 42903 ns
[537.246s][info ][safepoint      ] Safepoint "Cleanup", Time since last: 1000105595 ns, Reaching safepoint: 58503 ns, At safepoint: 5500 ns, Total: 64003 ns
[538.247s][info ][safepoint      ] Safepoint "Cleanup", Time since last: 1000111896 ns, Reaching safepoint: 52902 ns, At safepoint: 4101 ns, Total: 57003 ns
[539.247s][info ][safepoint      ] Safepoint "Cleanup", Time since last: 1000118796 ns, Reaching safepoint: 55303 ns, At safepoint: 6600 ns, Total: 61903 ns
[541.247s][info ][safepoint      ] Safepoint "Cleanup", Time since last: 2000151587 ns, Reaching safepoint: 36202 ns, At safepoint: 2700 ns, Total: 38902 ns
[542.247s][info ][safepoint      ] Safepoint "Cleanup", Time since last: 1000106796 ns, Reaching safepoint: 45902 ns, At safepoint: 5901 ns, Total: 51803 ns
[543.247s][info ][safepoint      ] Safepoint "Cleanup", Time since last: 1000124696 ns, Reaching safepoint: 52603 ns, At safepoint: 6001 ns, Total: 58604 ns
[544.247s][info ][safepoint      ] Safepoint "Cleanup", Time since last: 1000111996 ns, Reaching safepoint: 54002 ns, At safepoint: 9801 ns, Total: 63803 ns
[545.248s][info ][safepoint      ] Safepoint "Cleanup", Time since last: 1000092695 ns, Reaching safepoint: 50803 ns, At safepoint: 7900 ns, Total: 58703 ns
[546.248s][info ][safepoint      ] Safepoint "Cleanup", Time since last: 1000110696 ns, Reaching safepoint: 55703 ns, At safepoint: 9601 ns, Total: 65304 ns
[547.248s][info ][safepoint      ] Safepoint "Cleanup", Time since last: 1000103396 ns, Reaching safepoint: 65803 ns, At safepoint: 6901 ns, Total: 72704 ns
[548.248s][info ][safepoint      ] Safepoint "Cleanup", Time since last: 1000106896 ns, Reaching safepoint: 49202 ns, At safepoint: 5801 ns, Total: 55003 ns
[549.248s][info ][safepoint      ] Safepoint "Cleanup", Time since last: 1000113096 ns, Reaching safepoint: 49503 ns, At safepoint: 7500 ns, Total: 57003 ns
[550.248s][info ][safepoint      ] Safepoint "Cleanup", Time since last: 1000105396 ns, Reaching safepoint: 49603 ns, At safepoint: 5800 ns, Total: 55403 ns
[551.249s][info ][safepoint      ] Safepoint "Cleanup", Time since last: 1000112797 ns, Reaching safepoint: 49503 ns, At safepoint: 5700 ns, Total: 55203 ns
[552.249s][info ][safepoint      ] Safepoint "Cleanup", Time since last: 1000115997 ns, Reaching safepoint: 51703 ns, At safepoint: 10400 ns, Total: 62103 ns
[557.249s][info ][safepoint      ] Safepoint "Cleanup", Time since last: 5000325173 ns, Reaching safepoint: 50903 ns, At safepoint: 7000 ns, Total: 57903 ns
[560.249s][info ][safepoint      ] Safepoint "Cleanup", Time since last: 3000221886 ns, Reaching safepoint: 48302 ns, At safepoint: 6001 ns, Total: 54303 ns
[561.250s][info ][safepoint      ] Safepoint "Cleanup", Time since last: 1000107097 ns, Reaching safepoint: 55303 ns, At safepoint: 5000 ns, Total: 60303 ns
[561.495s][info ][gc,start       ] GC(116) Pause Young (Allocation Failure)
[561.498s][debug][gc,phases      ] GC(116) Scavenge 3.209ms
[561.498s][debug][gc,ref         ] GC(116) Skipped phase 1 of Reference Processing: no references
[561.498s][debug][gc,ref         ] GC(116) ReferenceProcessor::execute queues: 1, RefProcThreadModel::Single, marks_oops_alive: false
[561.498s][debug][gc,ref         ] GC(116) Skipped phase 3 of Reference Processing: no references
[561.498s][debug][gc,ref         ] GC(116) ReferenceProcessor::execute queues: 1, RefProcThreadModel::Single, marks_oops_alive: false
[561.498s][debug][gc,phases      ] GC(116) Reference Processing 0.109ms
[561.498s][debug][gc,phases      ] GC(116)   VM Weak                        Min:  0.0, Avg:  0.0, Max:  0.0, Diff:  0.0, Sum:  0.0, Workers: 4
[561.498s][debug][gc,phases      ] GC(116)     Dead                           Min: 0, Avg:  0.0, Max: 0, Diff: 0, Sum: 0, Workers: 4
[561.498s][debug][gc,phases      ] GC(116)     Total                          Min: 0, Avg: 163.0, Max: 652, Diff: 652, Sum: 652, Workers: 4
[561.498s][debug][gc,phases      ] GC(116)   ObjectSynchronizer Weak        Min:  0.0, Avg:  0.0, Max:  0.0, Diff:  0.0, Sum:  0.0, Workers: 4
[561.498s][debug][gc,phases      ] GC(116)     Dead                           Min: 0, Avg:  0.0, Max: 0, Diff: 0, Sum: 0, Workers: 4
[561.498s][debug][gc,phases      ] GC(116)     Total                          Min: 0, Avg: 86.5, Max: 218, Diff: 218, Sum: 346, Workers: 4
[561.498s][debug][gc,phases      ] GC(116)   JVMTI Tag Weak OopStorage      Min:  0.0, Avg:  0.0, Max:  0.0, Diff:  0.0, Sum:  0.0, Workers: 4
[561.498s][debug][gc,phases      ] GC(116)     Dead                           Min: 0, Avg:  0.0, Max: 0, Diff: 0, Sum: 0, Workers: 4
[561.498s][debug][gc,phases      ] GC(116)     Total                          Min: 0, Avg:  0.0, Max: 0, Diff: 0, Sum: 0, Workers: 4
[561.498s][debug][gc,phases      ] GC(116)   StringTable Weak               Min:  0.1, Avg:  0.1, Max:  0.1, Diff:  0.0, Sum:  0.4, Workers: 4
[561.498s][debug][gc,phases      ] GC(116)     Dead                           Min: 0, Avg:  0.0, Max: 0, Diff: 0, Sum: 0, Workers: 4
[561.498s][debug][gc,phases      ] GC(116)     Total                          Min: 11840, Avg: 11952.8, Max: 12096, Diff: 256, Sum: 47811, Workers: 4
[561.498s][debug][gc,phases      ] GC(116)   ResolvedMethodTable Weak       Min:  0.0, Avg:  0.0, Max:  0.0, Diff:  0.0, Sum:  0.1, Workers: 4
[561.498s][debug][gc,phases      ] GC(116)     Dead                           Min: 0, Avg:  0.0, Max: 0, Diff: 0, Sum: 0, Workers: 4
[561.498s][debug][gc,phases      ] GC(116)     Total                          Min: 1792, Avg: 2025.8, Max: 2240, Diff: 448, Sum: 8103, Workers: 4
[561.498s][debug][gc,phases      ] GC(116)   JNI Weak                       Min:  0.0, Avg:  0.0, Max:  0.0, Diff:  0.0, Sum:  0.0, Workers: 4
[561.498s][debug][gc,phases      ] GC(116)     Dead                           Min: 0, Avg:  0.0, Max: 0, Diff: 0, Sum: 0, Workers: 4
[561.498s][debug][gc,phases      ] GC(116)     Total                          Min: 0, Avg:  0.0, Max: 0, Diff: 0, Sum: 0, Workers: 4
[561.498s][debug][gc,phases      ] GC(116)   StringDedup Table Weak         Min:  0.0, Avg:  0.0, Max:  0.0, Diff:  0.0, Sum:  0.0, Workers: 4
[561.498s][debug][gc,phases      ] GC(116)     Dead                           Min: 0, Avg:  0.0, Max: 0, Diff: 0, Sum: 0, Workers: 4
[561.498s][debug][gc,phases      ] GC(116)     Total                          Min: 0, Avg:  0.0, Max: 0, Diff: 0, Sum: 0, Workers: 4
[561.498s][debug][gc,phases      ] GC(116)   StringDedup Requests0 Weak     Min:  0.0, Avg:  0.0, Max:  0.0, Diff:  0.0, Sum:  0.0, Workers: 4
[561.498s][debug][gc,phases      ] GC(116)     Dead                           Min: 0, Avg:  0.0, Max: 0, Diff: 0, Sum: 0, Workers: 4
[561.498s][debug][gc,phases      ] GC(116)     Total                          Min: 0, Avg:  0.0, Max: 0, Diff: 0, Sum: 0, Workers: 4
[561.498s][debug][gc,phases      ] GC(116)   StringDedup Requests1 Weak     Min:  0.0, Avg:  0.0, Max:  0.0, Diff:  0.0, Sum:  0.0, Workers: 4
[561.498s][debug][gc,phases      ] GC(116)     Dead                           Min: 0, Avg:  0.0, Max: 0, Diff: 0, Sum: 0, Workers: 4
[561.499s][debug][gc,phases      ] GC(116)     Total                          Min: 0, Avg:  0.0, Max: 0, Diff: 0, Sum: 0, Workers: 4
[561.499s][debug][gc,phases      ] GC(116)   Weak JFR Old Object Samples    Min:  0.0, Avg:  0.0, Max:  0.0, Diff:  0.0, Sum:  0.0, Workers: 4
[561.499s][debug][gc,phases      ] GC(116)     Dead                           Min: 0, Avg:  0.0, Max: 0, Diff: 0, Sum: 0, Workers: 4
[561.499s][debug][gc,phases      ] GC(116)     Total                          Min: 0, Avg:  0.0, Max: 0, Diff: 0, Sum: 0, Workers: 4
[561.499s][debug][gc,phases      ] GC(116) Weak Processing 0.327ms
[561.499s][debug][gc,age         ] GC(116) Desired survivor size 48234496 bytes, new threshold 15 (max threshold 15)
[561.499s][info ][gc,heap        ] GC(116) PSYoungGen: 2003408K(2048000K)->7072K(2045440K) Eden: 1996288K(1996288K)->0K(1996288K) From: 7120K(51712K)->7072K(49152K)
[561.499s][info ][gc,heap        ] GC(116) ParOldGen: 394407K(476672K)->394407K(476672K)
[561.499s][info ][gc,metaspace   ] GC(116) Metaspace: 80808K(81600K)->80808K(81600K) NonClass: 69423K(69824K)->69423K(69824K) Class: 11385K(11776K)->11385K(11776K)
[561.499s][info ][gc             ] GC(116) Pause Young (Allocation Failure) 2341M->392M(2463M) 3.784ms
[561.499s][info ][gc,cpu         ] GC(116) User=0.02s Sys=0.00s Real=0.01s
[561.499s][info ][safepoint      ] Safepoint "ParallelGCFailedAllocation", Time since last: 245082682 ns, Reaching safepoint: 29401 ns, At safepoint: 3865710 ns, Total: 3895111 ns
[562.499s][info ][safepoint      ] Safepoint "Cleanup", Time since last: 1000085296 ns, Reaching safepoint: 57403 ns, At safepoint: 7000 ns, Total: 64403 ns
[565.499s][info ][safepoint      ] Safepoint "Cleanup", Time since last: 3000235889 ns, Reaching safepoint: 44602 ns, At safepoint: 7900 ns, Total: 52502 ns
[568.499s][info ][safepoint      ] Safepoint "Cleanup", Time since last: 3000263891 ns, Reaching safepoint: 47602 ns, At safepoint: 5801 ns, Total: 53403 ns
[573.500s][info ][safepoint      ] Safepoint "Cleanup", Time since last: 5000360881 ns, Reaching safepoint: 52203 ns, At safepoint: 7300 ns, Total: 59503 ns
[581.500s][info ][safepoint      ] Safepoint "Cleanup", Time since last: 8000510871 ns, Reaching safepoint: 51403 ns, At safepoint: 8901 ns, Total: 60304 ns
[582.501s][info ][safepoint      ] Safepoint "Cleanup", Time since last: 1000126400 ns, Reaching safepoint: 52903 ns, At safepoint: 2700 ns, Total: 55603 ns
[583.501s][info ][safepoint      ] Safepoint "Cleanup", Time since last: 1000108999 ns, Reaching safepoint: 41902 ns, At safepoint: 34002 ns, Total: 75904 ns
[584.501s][info ][safepoint      ] Safepoint "Cleanup", Time since last: 1000103999 ns, Reaching safepoint: 59104 ns, At safepoint: 11900 ns, Total: 71004 ns
[587.501s][info ][safepoint      ] Safepoint "Cleanup", Time since last: 3000240794 ns, Reaching safepoint: 53603 ns, At safepoint: 6000 ns, Total: 59603 ns
[589.501s][info ][safepoint      ] Safepoint "Cleanup", Time since last: 2000177598 ns, Reaching safepoint: 41802 ns, At safepoint: 2800 ns, Total: 44602 ns
[590.195s][info ][gc,start       ] GC(117) Pause Young (Allocation Failure)
[590.198s][debug][gc,phases      ] GC(117) Scavenge 3.524ms
[590.198s][debug][gc,ref         ] GC(117) Skipped phase 1 of Reference Processing: no references
[590.198s][debug][gc,ref         ] GC(117) ReferenceProcessor::execute queues: 1, RefProcThreadModel::Single, marks_oops_alive: false
[590.199s][debug][gc,ref         ] GC(117) Skipped phase 3 of Reference Processing: no references
[590.199s][debug][gc,ref         ] GC(117) ReferenceProcessor::execute queues: 1, RefProcThreadModel::Single, marks_oops_alive: false
[590.199s][debug][gc,phases      ] GC(117) Reference Processing 0.122ms
[590.199s][debug][gc,phases      ] GC(117)   VM Weak                        Min:  0.0, Avg:  0.0, Max:  0.0, Diff:  0.0, Sum:  0.0, Workers: 4
[590.199s][debug][gc,phases      ] GC(117)     Dead                           Min: 0, Avg:  0.0, Max: 0, Diff: 0, Sum: 0, Workers: 4
[590.199s][debug][gc,phases      ] GC(117)     Total                          Min: 0, Avg: 163.0, Max: 640, Diff: 640, Sum: 652, Workers: 4
[590.199s][debug][gc,phases      ] GC(117)   ObjectSynchronizer Weak        Min:  0.0, Avg:  0.0, Max:  0.0, Diff:  0.0, Sum:  0.0, Workers: 4
[590.199s][debug][gc,phases      ] GC(117)     Dead                           Min: 0, Avg:  0.0, Max: 0, Diff: 0, Sum: 0, Workers: 4
[590.199s][debug][gc,phases      ] GC(117)     Total                          Min: 0, Avg: 86.5, Max: 218, Diff: 218, Sum: 346, Workers: 4
[590.199s][debug][gc,phases      ] GC(117)   JVMTI Tag Weak OopStorage      Min:  0.0, Avg:  0.0, Max:  0.0, Diff:  0.0, Sum:  0.0, Workers: 4
[590.199s][debug][gc,phases      ] GC(117)     Dead                           Min: 0, Avg:  0.0, Max: 0, Diff: 0, Sum: 0, Workers: 4
[590.199s][debug][gc,phases      ] GC(117)     Total                          Min: 0, Avg:  0.0, Max: 0, Diff: 0, Sum: 0, Workers: 4
[590.199s][debug][gc,phases      ] GC(117)   StringTable Weak               Min:  0.1, Avg:  0.1, Max:  0.1, Diff:  0.0, Sum:  0.4, Workers: 4
[590.199s][debug][gc,phases      ] GC(117)     Dead                           Min: 0, Avg:  0.0, Max: 0, Diff: 0, Sum: 0, Workers: 4
[590.199s][debug][gc,phases      ] GC(117)     Total                          Min: 10560, Avg: 11954.5, Max: 13376, Diff: 2816, Sum: 47818, Workers: 4
[590.199s][debug][gc,phases      ] GC(117)   ResolvedMethodTable Weak       Min:  0.0, Avg:  0.0, Max:  0.0, Diff:  0.0, Sum:  0.1, Workers: 4
[590.199s][debug][gc,phases      ] GC(117)     Dead                           Min: 0, Avg:  0.0, Max: 0, Diff: 0, Sum: 0, Workers: 4
[590.199s][debug][gc,phases      ] GC(117)     Total                          Min: 1664, Avg: 2026.0, Max: 2239, Diff: 575, Sum: 8104, Workers: 4
[590.199s][debug][gc,phases      ] GC(117)   JNI Weak                       Min:  0.0, Avg:  0.0, Max:  0.0, Diff:  0.0, Sum:  0.0, Workers: 4
[590.199s][debug][gc,phases      ] GC(117)     Dead                           Min: 0, Avg:  0.0, Max: 0, Diff: 0, Sum: 0, Workers: 4
[590.199s][debug][gc,phases      ] GC(117)     Total                          Min: 0, Avg:  0.0, Max: 0, Diff: 0, Sum: 0, Workers: 4
[590.199s][debug][gc,phases      ] GC(117)   StringDedup Table Weak         Min:  0.0, Avg:  0.0, Max:  0.0, Diff:  0.0, Sum:  0.0, Workers: 4
[590.199s][debug][gc,phases      ] GC(117)     Dead                           Min: 0, Avg:  0.0, Max: 0, Diff: 0, Sum: 0, Workers: 4
[590.199s][debug][gc,phases      ] GC(117)     Total                          Min: 0, Avg:  0.0, Max: 0, Diff: 0, Sum: 0, Workers: 4
[590.199s][debug][gc,phases      ] GC(117)   StringDedup Requests0 Weak     Min:  0.0, Avg:  0.0, Max:  0.0, Diff:  0.0, Sum:  0.0, Workers: 4
[590.199s][debug][gc,phases      ] GC(117)     Dead                           Min: 0, Avg:  0.0, Max: 0, Diff: 0, Sum: 0, Workers: 4
[590.199s][debug][gc,phases      ] GC(117)     Total                          Min: 0, Avg:  0.0, Max: 0, Diff: 0, Sum: 0, Workers: 4
[590.199s][debug][gc,phases      ] GC(117)   StringDedup Requests1 Weak     Min:  0.0, Avg:  0.0, Max:  0.0, Diff:  0.0, Sum:  0.0, Workers: 4
[590.199s][debug][gc,phases      ] GC(117)     Dead                           Min: 0, Avg:  0.0, Max: 0, Diff: 0, Sum: 0, Workers: 4
[590.199s][debug][gc,phases      ] GC(117)     Total                          Min: 0, Avg:  0.0, Max: 0, Diff: 0, Sum: 0, Workers: 4
[590.199s][debug][gc,phases      ] GC(117)   Weak JFR Old Object Samples    Min:  0.0, Avg:  0.0, Max:  0.0, Diff:  0.0, Sum:  0.0, Workers: 4
[590.199s][debug][gc,phases      ] GC(117)     Dead                           Min: 0, Avg:  0.0, Max: 0, Diff: 0, Sum: 0, Workers: 4
[590.199s][debug][gc,phases      ] GC(117)     Total                          Min: 0, Avg:  0.0, Max: 0, Diff: 0, Sum: 0, Workers: 4
[590.199s][debug][gc,phases      ] GC(117) Weak Processing 0.321ms
[590.199s][debug][gc,age         ] GC(117) Desired survivor size 46137344 bytes, new threshold 15 (max threshold 15)
[590.199s][info ][gc,heap        ] GC(117) PSYoungGen: 2003360K(2045440K)->7136K(2052096K) Eden: 1996288K(1996288K)->0K(2004992K) From: 7072K(49152K)->7136K(47104K)
[590.199s][info ][gc,heap        ] GC(117) ParOldGen: 394407K(476672K)->394415K(476672K)
[590.199s][info ][gc,metaspace   ] GC(117) Metaspace: 80820K(81600K)->80820K(81600K) NonClass: 69434K(69824K)->69434K(69824K) Class: 11386K(11776K)->11386K(11776K)
[590.199s][info ][gc             ] GC(117) Pause Young (Allocation Failure) 2341M->392M(2469M) 4.087ms
[590.199s][info ][gc,cpu         ] GC(117) User=0.01s Sys=0.00s Real=0.01s
[590.199s][info ][safepoint      ] Safepoint "ParallelGCFailedAllocation", Time since last: 693286772 ns, Reaching safepoint: 48003 ns, At safepoint: 4176226 ns, Total: 4224229 ns
[594.199s][info ][safepoint      ] Safepoint "Cleanup", Time since last: 4000217089 ns, Reaching safepoint: 43402 ns, At safepoint: 5500 ns, Total: 48902 ns
[595.199s][info ][safepoint      ] Safepoint "Cleanup", Time since last: 1000104300 ns, Reaching safepoint: 45603 ns, At safepoint: 2600 ns, Total: 48203 ns
[596.200s][info ][safepoint      ] Safepoint "Cleanup", Time since last: 1000105700 ns, Reaching safepoint: 44903 ns, At safepoint: 3200 ns, Total: 48103 ns
[597.200s][info ][safepoint      ] Safepoint "Cleanup", Time since last: 1000104300 ns, Reaching safepoint: 58903 ns, At safepoint: 5800 ns, Total: 64703 ns
[600.200s][info ][safepoint      ] Safepoint "Cleanup", Time since last: 3000199395 ns, Reaching safepoint: 49303 ns, At safepoint: 5900 ns, Total: 55203 ns
[601.200s][info ][safepoint      ] Safepoint "Cleanup", Time since last: 1000105901 ns, Reaching safepoint: 43902 ns, At safepoint: 2501 ns, Total: 46403 ns
[603.200s][info ][safepoint      ] Safepoint "Cleanup", Time since last: 2000169499 ns, Reaching safepoint: 56603 ns, At safepoint: 5300 ns, Total: 61903 ns
[604.200s][info ][safepoint      ] Safepoint "Cleanup", Time since last: 1000122302 ns, Reaching safepoint: 46802 ns, At safepoint: 3001 ns, Total: 49803 ns
[608.016s][info ][safepoint      ] Safepoint "Cleanup", Time since last: 3815193765 ns, Reaching safepoint: 69104 ns, At safepoint: 11201 ns, Total: 80305 ns
[609.016s][info ][safepoint      ] Safepoint "Cleanup", Time since last: 1000111701 ns, Reaching safepoint: 45103 ns, At safepoint: 5400 ns, Total: 50503 ns
[614.016s][info ][safepoint      ] Safepoint "Cleanup", Time since last: 5000412401 ns, Reaching safepoint: 60103 ns, At safepoint: 3400 ns, Total: 63503 ns
[616.017s][info ][safepoint      ] Safepoint "Cleanup", Time since last: 2000184603 ns, Reaching safepoint: 49702 ns, At safepoint: 3200 ns, Total: 52902 ns
[617.017s][info ][safepoint      ] Safepoint "Cleanup", Time since last: 1000114003 ns, Reaching safepoint: 55903 ns, At safepoint: 7500 ns, Total: 63403 ns
[619.017s][info ][safepoint      ] Safepoint "Cleanup", Time since last: 2000191703 ns, Reaching safepoint: 65904 ns, At safepoint: 8300 ns, Total: 74204 ns
[620.695s][info ][gc,start       ] GC(118) Pause Young (Allocation Failure)
[620.699s][debug][gc,phases      ] GC(118) Scavenge 4.531ms
[620.699s][debug][gc,ref         ] GC(118) Skipped phase 1 of Reference Processing: no references
[620.699s][debug][gc,ref         ] GC(118) ReferenceProcessor::execute queues: 1, RefProcThreadModel::Single, marks_oops_alive: false
[620.699s][debug][gc,ref         ] GC(118) Skipped phase 3 of Reference Processing: no references
[620.699s][debug][gc,ref         ] GC(118) ReferenceProcessor::execute queues: 1, RefProcThreadModel::Single, marks_oops_alive: false
[620.699s][debug][gc,phases      ] GC(118) Reference Processing 0.120ms
[620.700s][debug][gc,phases      ] GC(118)   VM Weak                        Min:  0.0, Avg:  0.0, Max:  0.0, Diff:  0.0, Sum:  0.0, Workers: 4
[620.700s][debug][gc,phases      ] GC(118)     Dead                           Min: 0, Avg:  0.0, Max: 0, Diff: 0, Sum: 0, Workers: 4
[620.700s][debug][gc,phases      ] GC(118)     Total                          Min: 0, Avg: 163.0, Max: 448, Diff: 448, Sum: 652, Workers: 4
[620.700s][debug][gc,phases      ] GC(118)   ObjectSynchronizer Weak        Min:  0.0, Avg:  0.0, Max:  0.0, Diff:  0.0, Sum:  0.0, Workers: 4
[620.700s][debug][gc,phases      ] GC(118)     Dead                           Min: 0, Avg:  0.0, Max: 0, Diff: 0, Sum: 0, Workers: 4
[620.700s][debug][gc,phases      ] GC(118)     Total                          Min: 0, Avg: 86.5, Max: 128, Diff: 128, Sum: 346, Workers: 4
[620.700s][debug][gc,phases      ] GC(118)   JVMTI Tag Weak OopStorage      Min:  0.0, Avg:  0.0, Max:  0.0, Diff:  0.0, Sum:  0.0, Workers: 4
[620.700s][debug][gc,phases      ] GC(118)     Dead                           Min: 0, Avg:  0.0, Max: 0, Diff: 0, Sum: 0, Workers: 4
[620.700s][debug][gc,phases      ] GC(118)     Total                          Min: 0, Avg:  0.0, Max: 0, Diff: 0, Sum: 0, Workers: 4
[620.700s][debug][gc,phases      ] GC(118)   StringTable Weak               Min:  0.1, Avg:  0.1, Max:  0.1, Diff:  0.0, Sum:  0.4, Workers: 4
[620.700s][debug][gc,phases      ] GC(118)     Dead                           Min: 0, Avg:  0.0, Max: 0, Diff: 0, Sum: 0, Workers: 4
[620.700s][debug][gc,phases      ] GC(118)     Total                          Min: 11082, Avg: 11954.5, Max: 13376, Diff: 2294, Sum: 47818, Workers: 4
[620.700s][debug][gc,phases      ] GC(118)   ResolvedMethodTable Weak       Min:  0.0, Avg:  0.0, Max:  0.0, Diff:  0.0, Sum:  0.1, Workers: 4
[620.700s][debug][gc,phases      ] GC(118)     Dead                           Min: 0, Avg:  0.0, Max: 0, Diff: 0, Sum: 0, Workers: 4
[620.700s][debug][gc,phases      ] GC(118)     Total                          Min: 1792, Avg: 2026.0, Max: 2280, Diff: 488, Sum: 8104, Workers: 4
[620.700s][debug][gc,phases      ] GC(118)   JNI Weak                       Min:  0.0, Avg:  0.0, Max:  0.0, Diff:  0.0, Sum:  0.0, Workers: 4
[620.700s][debug][gc,phases      ] GC(118)     Dead                           Min: 0, Avg:  0.0, Max: 0, Diff: 0, Sum: 0, Workers: 4
[620.700s][debug][gc,phases      ] GC(118)     Total                          Min: 0, Avg:  0.0, Max: 0, Diff: 0, Sum: 0, Workers: 4
[620.700s][debug][gc,phases      ] GC(118)   StringDedup Table Weak         Min:  0.0, Avg:  0.0, Max:  0.0, Diff:  0.0, Sum:  0.0, Workers: 4
[620.700s][debug][gc,phases      ] GC(118)     Dead                           Min: 0, Avg:  0.0, Max: 0, Diff: 0, Sum: 0, Workers: 4
[620.700s][debug][gc,phases      ] GC(118)     Total                          Min: 0, Avg:  0.0, Max: 0, Diff: 0, Sum: 0, Workers: 4
[620.700s][debug][gc,phases      ] GC(118)   StringDedup Requests0 Weak     Min:  0.0, Avg:  0.0, Max:  0.0, Diff:  0.0, Sum:  0.0, Workers: 4
[620.700s][debug][gc,phases      ] GC(118)     Dead                           Min: 0, Avg:  0.0, Max: 0, Diff: 0, Sum: 0, Workers: 4
[620.700s][debug][gc,phases      ] GC(118)     Total                          Min: 0, Avg:  0.0, Max: 0, Diff: 0, Sum: 0, Workers: 4
[620.700s][debug][gc,phases      ] GC(118)   StringDedup Requests1 Weak     Min:  0.0, Avg:  0.0, Max:  0.0, Diff:  0.0, Sum:  0.0, Workers: 4
[620.700s][debug][gc,phases      ] GC(118)     Dead                           Min: 0, Avg:  0.0, Max: 0, Diff: 0, Sum: 0, Workers: 4
[620.700s][debug][gc,phases      ] GC(118)     Total                          Min: 0, Avg:  0.0, Max: 0, Diff: 0, Sum: 0, Workers: 4
[620.700s][debug][gc,phases      ] GC(118)   Weak JFR Old Object Samples    Min:  0.0, Avg:  0.0, Max:  0.0, Diff:  0.0, Sum:  0.0, Workers: 4
[620.700s][debug][gc,phases      ] GC(118)     Dead                           Min: 0, Avg:  0.0, Max: 0, Diff: 0, Sum: 0, Workers: 4
[620.700s][debug][gc,phases      ] GC(118)     Total                          Min: 0, Avg:  0.0, Max: 0, Diff: 0, Sum: 0, Workers: 4
[620.700s][debug][gc,phases      ] GC(118) Weak Processing 0.310ms
[620.700s][debug][gc,age         ] GC(118) Desired survivor size 43515904 bytes, new threshold 15 (max threshold 15)
[620.700s][info ][gc,heap        ] GC(118) PSYoungGen: 2012128K(2052096K)->7296K(2050048K) Eden: 2004992K(2004992K)->0K(2004992K) From: 7136K(47104K)->7296K(45056K)
[620.700s][info ][gc,heap        ] GC(118) ParOldGen: 394415K(476672K)->394415K(476672K)
[620.700s][info ][gc,metaspace   ] GC(118) Metaspace: 80843K(81664K)->80843K(81664K) NonClass: 69457K(69888K)->69457K(69888K) Class: 11386K(11776K)->11386K(11776K)
[620.700s][info ][gc             ] GC(118) Pause Young (Allocation Failure) 2350M->392M(2467M) 5.097ms
[620.700s][info ][gc,cpu         ] GC(118) User=0.02s Sys=0.00s Real=0.01s
[620.700s][info ][safepoint      ] Safepoint "ParallelGCFailedAllocation", Time since last: 1677499515 ns, Reaching safepoint: 44702 ns, At safepoint: 5189581 ns, Total: 5234283 ns
[621.700s][info ][safepoint      ] Safepoint "Cleanup", Time since last: 1000086302 ns, Reaching safepoint: 32101 ns, At safepoint: 2200 ns, Total: 34301 ns
[623.955s][info ][safepoint      ] Safepoint "Cleanup", Time since last: 2254924410 ns, Reaching safepoint: 83804 ns, At safepoint: 9601 ns, Total: 93405 ns
[624.955s][info ][safepoint      ] Safepoint "Cleanup", Time since last: 1000105002 ns, Reaching safepoint: 45903 ns, At safepoint: 3600 ns, Total: 49503 ns
[625.955s][info ][safepoint      ] Safepoint "Cleanup", Time since last: 1000101102 ns, Reaching safepoint: 42603 ns, At safepoint: 2700 ns, Total: 45303 ns
[626.955s][info ][safepoint      ] Safepoint "Cleanup", Time since last: 1000102302 ns, Reaching safepoint: 45203 ns, At safepoint: 7600 ns, Total: 52803 ns
[627.956s][info ][safepoint      ] Safepoint "Cleanup", Time since last: 1000112503 ns, Reaching safepoint: 47903 ns, At safepoint: 9200 ns, Total: 57103 ns
[628.956s][info ][safepoint      ] Safepoint "Cleanup", Time since last: 1000103103 ns, Reaching safepoint: 56103 ns, At safepoint: 8901 ns, Total: 65004 ns
[629.956s][info ][safepoint      ] Safepoint "Cleanup", Time since last: 1000112003 ns, Reaching safepoint: 61103 ns, At safepoint: 12101 ns, Total: 73204 ns
[631.956s][info ][safepoint      ] Safepoint "Cleanup", Time since last: 2000181804 ns, Reaching safepoint: 46103 ns, At safepoint: 6100 ns, Total: 52203 ns
[632.956s][info ][safepoint      ] Safepoint "Cleanup", Time since last: 1000119204 ns, Reaching safepoint: 52203 ns, At safepoint: 9500 ns, Total: 61703 ns
[636.957s][info ][safepoint      ] Safepoint "Cleanup", Time since last: 4000280306 ns, Reaching safepoint: 56403 ns, At safepoint: 7500 ns, Total: 63903 ns
[637.957s][info ][safepoint      ] Safepoint "Cleanup", Time since last: 1000097103 ns, Reaching safepoint: 46703 ns, At safepoint: 2600 ns, Total: 49303 ns
[638.957s][info ][safepoint      ] Safepoint "Cleanup", Time since last: 1000095103 ns, Reaching safepoint: 43303 ns, At safepoint: 3000 ns, Total: 46303 ns
[639.957s][info ][safepoint      ] Safepoint "Cleanup", Time since last: 1000108103 ns, Reaching safepoint: 50003 ns, At safepoint: 5601 ns, Total: 55604 ns
[640.957s][info ][safepoint      ] Safepoint "Cleanup", Time since last: 1000111704 ns, Reaching safepoint: 52502 ns, At safepoint: 7901 ns, Total: 60403 ns
[643.958s][info ][safepoint      ] Safepoint "Cleanup", Time since last: 3000238107 ns, Reaching safepoint: 51203 ns, At safepoint: 9501 ns, Total: 60704 ns
[644.958s][info ][safepoint      ] Safepoint "Cleanup", Time since last: 1000109904 ns, Reaching safepoint: 57903 ns, At safepoint: 29002 ns, Total: 86905 ns
[647.958s][info ][safepoint      ] Safepoint "Cleanup", Time since last: 3000227107 ns, Reaching safepoint: 55603 ns, At safepoint: 4001 ns, Total: 59604 ns
[649.494s][info ][gc,start       ] GC(119) Pause Young (Allocation Failure)
[649.499s][debug][gc,phases      ] GC(119) Scavenge 4.438ms
[649.499s][debug][gc,ref         ] GC(119) Skipped phase 1 of Reference Processing: no references
[649.499s][debug][gc,ref         ] GC(119) ReferenceProcessor::execute queues: 1, RefProcThreadModel::Single, marks_oops_alive: false
[649.499s][debug][gc,ref         ] GC(119) Skipped phase 3 of Reference Processing: no references
[649.499s][debug][gc,ref         ] GC(119) ReferenceProcessor::execute queues: 1, RefProcThreadModel::Single, marks_oops_alive: false
[649.499s][debug][gc,phases      ] GC(119) Reference Processing 0.125ms
[649.499s][debug][gc,phases      ] GC(119)   VM Weak                        Min:  0.0, Avg:  0.0, Max:  0.0, Diff:  0.0, Sum:  0.0, Workers: 4
[649.499s][debug][gc,phases      ] GC(119)     Dead                           Min: 0, Avg:  0.0, Max: 0, Diff: 0, Sum: 0, Workers: 4
[649.499s][debug][gc,phases      ] GC(119)     Total                          Min: 0, Avg: 163.0, Max: 652, Diff: 652, Sum: 652, Workers: 4
[649.499s][debug][gc,phases      ] GC(119)   ObjectSynchronizer Weak        Min:  0.0, Avg:  0.0, Max:  0.0, Diff:  0.0, Sum:  0.0, Workers: 4
[649.499s][debug][gc,phases      ] GC(119)     Dead                           Min: 0, Avg:  0.0, Max: 0, Diff: 0, Sum: 0, Workers: 4
[649.499s][debug][gc,phases      ] GC(119)     Total                          Min: 0, Avg: 86.5, Max: 192, Diff: 192, Sum: 346, Workers: 4
[649.499s][debug][gc,phases      ] GC(119)   JVMTI Tag Weak OopStorage      Min:  0.0, Avg:  0.0, Max:  0.0, Diff:  0.0, Sum:  0.0, Workers: 4
[649.499s][debug][gc,phases      ] GC(119)     Dead                           Min: 0, Avg:  0.0, Max: 0, Diff: 0, Sum: 0, Workers: 4
[649.499s][debug][gc,phases      ] GC(119)     Total                          Min: 0, Avg:  0.0, Max: 0, Diff: 0, Sum: 0, Workers: 4
[649.499s][debug][gc,phases      ] GC(119)   StringTable Weak               Min:  0.1, Avg:  0.1, Max:  0.1, Diff:  0.0, Sum:  0.4, Workers: 4
[649.499s][debug][gc,phases      ] GC(119)     Dead                           Min: 0, Avg:  0.0, Max: 0, Diff: 0, Sum: 0, Workers: 4
[649.499s][debug][gc,phases      ] GC(119)     Total                          Min: 11520, Avg: 11957.5, Max: 12928, Diff: 1408, Sum: 47830, Workers: 4
[649.499s][debug][gc,phases      ] GC(119)   ResolvedMethodTable Weak       Min:  0.0, Avg:  0.0, Max:  0.0, Diff:  0.0, Sum:  0.1, Workers: 4
[649.499s][debug][gc,phases      ] GC(119)     Dead                           Min: 0, Avg:  0.0, Max: 0, Diff: 0, Sum: 0, Workers: 4
[649.499s][debug][gc,phases      ] GC(119)     Total                          Min: 1856, Avg: 2026.5, Max: 2155, Diff: 299, Sum: 8106, Workers: 4
[649.499s][debug][gc,phases      ] GC(119)   JNI Weak                       Min:  0.0, Avg:  0.0, Max:  0.0, Diff:  0.0, Sum:  0.0, Workers: 4
[649.499s][debug][gc,phases      ] GC(119)     Dead                           Min: 0, Avg:  0.0, Max: 0, Diff: 0, Sum: 0, Workers: 4
[649.499s][debug][gc,phases      ] GC(119)     Total                          Min: 0, Avg:  0.0, Max: 0, Diff: 0, Sum: 0, Workers: 4
[649.499s][debug][gc,phases      ] GC(119)   StringDedup Table Weak         Min:  0.0, Avg:  0.0, Max:  0.0, Diff:  0.0, Sum:  0.0, Workers: 4
[649.499s][debug][gc,phases      ] GC(119)     Dead                           Min: 0, Avg:  0.0, Max: 0, Diff: 0, Sum: 0, Workers: 4
[649.499s][debug][gc,phases      ] GC(119)     Total                          Min: 0, Avg:  0.0, Max: 0, Diff: 0, Sum: 0, Workers: 4
[649.499s][debug][gc,phases      ] GC(119)   StringDedup Requests0 Weak     Min:  0.0, Avg:  0.0, Max:  0.0, Diff:  0.0, Sum:  0.0, Workers: 4
[649.499s][debug][gc,phases      ] GC(119)     Dead                           Min: 0, Avg:  0.0, Max: 0, Diff: 0, Sum: 0, Workers: 4
[649.499s][debug][gc,phases      ] GC(119)     Total                          Min: 0, Avg:  0.0, Max: 0, Diff: 0, Sum: 0, Workers: 4
[649.499s][debug][gc,phases      ] GC(119)   StringDedup Requests1 Weak     Min:  0.0, Avg:  0.0, Max:  0.0, Diff:  0.0, Sum:  0.0, Workers: 4
[649.499s][debug][gc,phases      ] GC(119)     Dead                           Min: 0, Avg:  0.0, Max: 0, Diff: 0, Sum: 0, Workers: 4
[649.499s][debug][gc,phases      ] GC(119)     Total                          Min: 0, Avg:  0.0, Max: 0, Diff: 0, Sum: 0, Workers: 4
[649.499s][debug][gc,phases      ] GC(119)   Weak JFR Old Object Samples    Min:  0.0, Avg:  0.0, Max:  0.0, Diff:  0.0, Sum:  0.0, Workers: 4
[649.499s][debug][gc,phases      ] GC(119)     Dead                           Min: 0, Avg:  0.0, Max: 0, Diff: 0, Sum: 0, Workers: 4
[649.499s][debug][gc,phases      ] GC(119)     Total                          Min: 0, Avg:  0.0, Max: 0, Diff: 0, Sum: 0, Workers: 4
[649.499s][debug][gc,phases      ] GC(119) Weak Processing 0.334ms
[649.499s][debug][gc,age         ] GC(119) Desired survivor size 41418752 bytes, new threshold 15 (max threshold 15)
[649.499s][info ][gc,heap        ] GC(119) PSYoungGen: 2012288K(2050048K)->6752K(2056704K) Eden: 2004992K(2004992K)->0K(2014208K) From: 7296K(45056K)->6752K(42496K)
[649.499s][info ][gc,heap        ] GC(119) ParOldGen: 394415K(476672K)->394423K(476672K)
[649.499s][info ][gc,metaspace   ] GC(119) Metaspace: 80879K(81664K)->80879K(81664K) NonClass: 69491K(69888K)->69491K(69888K) Class: 11387K(11776K)->11387K(11776K)
[649.499s][info ][gc             ] GC(119) Pause Young (Allocation Failure) 2350M->391M(2474M) 5.053ms
[649.499s][info ][gc,cpu         ] GC(119) User=0.02s Sys=0.00s Real=0.01s
[649.499s][info ][safepoint      ] Safepoint "ParallelGCFailedAllocation", Time since last: 1535829639 ns, Reaching safepoint: 33002 ns, At safepoint: 5143779 ns, Total: 5176781 ns
[650.499s][info ][safepoint      ] Safepoint "Cleanup", Time since last: 1000067802 ns, Reaching safepoint: 49003 ns, At safepoint: 11901 ns, Total: 60904 ns
[653.500s][info ][safepoint      ] Safepoint "Cleanup", Time since last: 3000241810 ns, Reaching safepoint: 48302 ns, At safepoint: 3600 ns, Total: 51902 ns
[657.500s][info ][safepoint      ] Safepoint "Cleanup", Time since last: 4000295113 ns, Reaching safepoint: 58703 ns, At safepoint: 6100 ns, Total: 64803 ns
[658.500s][info ][safepoint      ] Safepoint "Cleanup", Time since last: 1000106006 ns, Reaching safepoint: 43302 ns, At safepoint: 8200 ns, Total: 51502 ns
[659.500s][info ][safepoint      ] Safepoint "Cleanup", Time since last: 1000088505 ns, Reaching safepoint: 46502 ns, At safepoint: 7100 ns, Total: 53602 ns
[660.500s][info ][safepoint      ] Safepoint "Cleanup", Time since last: 1000108706 ns, Reaching safepoint: 53303 ns, At safepoint: 5400 ns, Total: 58703 ns
[662.501s][info ][safepoint      ] Safepoint "Cleanup", Time since last: 2000185809 ns, Reaching safepoint: 54603 ns, At safepoint: 5501 ns, Total: 60104 ns
[664.501s][info ][safepoint      ] Safepoint "Cleanup", Time since last: 2000193209 ns, Reaching safepoint: 46803 ns, At safepoint: 8000 ns, Total: 54803 ns
[668.501s][info ][safepoint      ] Safepoint "Cleanup", Time since last: 4000287816 ns, Reaching safepoint: 45902 ns, At safepoint: 5501 ns, Total: 51403 ns
[671.293s][info ][gc,start       ] GC(120) Pause Young (Allocation Failure)
[671.304s][debug][gc,phases      ] GC(120) Scavenge 10.792ms
[671.304s][debug][gc,ref         ] GC(120) Skipped phase 1 of Reference Processing: no references
[671.304s][debug][gc,ref         ] GC(120) ReferenceProcessor::execute queues: 1, RefProcThreadModel::Single, marks_oops_alive: false
[671.304s][debug][gc,ref         ] GC(120) Skipped phase 3 of Reference Processing: no references
[671.304s][debug][gc,ref         ] GC(120) ReferenceProcessor::execute queues: 1, RefProcThreadModel::Single, marks_oops_alive: false
[671.304s][debug][gc,phases      ] GC(120) Reference Processing 0.114ms
[671.305s][debug][gc,phases      ] GC(120)   VM Weak                        Min:  0.0, Avg:  0.0, Max:  0.0, Diff:  0.0, Sum:  0.0, Workers: 4
[671.305s][debug][gc,phases      ] GC(120)     Dead                           Min: 0, Avg:  0.0, Max: 0, Diff: 0, Sum: 0, Workers: 4
[671.305s][debug][gc,phases      ] GC(120)     Total                          Min: 0, Avg: 163.0, Max: 652, Diff: 652, Sum: 652, Workers: 4
[671.305s][debug][gc,phases      ] GC(120)   ObjectSynchronizer Weak        Min:  0.0, Avg:  0.0, Max:  0.0, Diff:  0.0, Sum:  0.0, Workers: 4
[671.305s][debug][gc,phases      ] GC(120)     Dead                           Min: 0, Avg:  0.0, Max: 0, Diff: 0, Sum: 0, Workers: 4
[671.305s][debug][gc,phases      ] GC(120)     Total                          Min: 0, Avg: 86.5, Max: 346, Diff: 346, Sum: 346, Workers: 4
[671.305s][debug][gc,phases      ] GC(120)   JVMTI Tag Weak OopStorage      Min:  0.0, Avg:  0.0, Max:  0.0, Diff:  0.0, Sum:  0.0, Workers: 4
[671.305s][debug][gc,phases      ] GC(120)     Dead                           Min: 0, Avg:  0.0, Max: 0, Diff: 0, Sum: 0, Workers: 4
[671.305s][debug][gc,phases      ] GC(120)     Total                          Min: 0, Avg:  0.0, Max: 0, Diff: 0, Sum: 0, Workers: 4
[671.305s][debug][gc,phases      ] GC(120)   StringTable Weak               Min:  0.0, Avg:  0.2, Max:  0.3, Diff:  0.3, Sum:  0.6, Workers: 4
[671.305s][debug][gc,phases      ] GC(120)     Dead                           Min: 0, Avg:  0.0, Max: 0, Diff: 0, Sum: 0, Workers: 4
[671.305s][debug][gc,phases      ] GC(120)     Total                          Min: 0, Avg: 11958.8, Max: 25536, Diff: 25536, Sum: 47835, Workers: 4
[671.305s][debug][gc,phases      ] GC(120)   ResolvedMethodTable Weak       Min:  0.0, Avg:  0.0, Max:  0.0, Diff:  0.0, Sum:  0.1, Workers: 4
[671.305s][debug][gc,phases      ] GC(120)     Dead                           Min: 0, Avg:  0.0, Max: 0, Diff: 0, Sum: 0, Workers: 4
[671.305s][debug][gc,phases      ] GC(120)     Total                          Min: 0, Avg: 2026.5, Max: 3136, Diff: 3136, Sum: 8106, Workers: 4
[671.305s][debug][gc,phases      ] GC(120)   JNI Weak                       Min:  0.0, Avg:  0.0, Max:  0.0, Diff:  0.0, Sum:  0.0, Workers: 4
[671.305s][debug][gc,phases      ] GC(120)     Dead                           Min: 0, Avg:  0.0, Max: 0, Diff: 0, Sum: 0, Workers: 4
[671.305s][debug][gc,phases      ] GC(120)     Total                          Min: 0, Avg:  0.0, Max: 0, Diff: 0, Sum: 0, Workers: 4
[671.305s][debug][gc,phases      ] GC(120)   StringDedup Table Weak         Min:  0.0, Avg:  0.0, Max:  0.0, Diff:  0.0, Sum:  0.0, Workers: 4
[671.305s][debug][gc,phases      ] GC(120)     Dead                           Min: 0, Avg:  0.0, Max: 0, Diff: 0, Sum: 0, Workers: 4
[671.305s][debug][gc,phases      ] GC(120)     Total                          Min: 0, Avg:  0.0, Max: 0, Diff: 0, Sum: 0, Workers: 4
[671.305s][debug][gc,phases      ] GC(120)   StringDedup Requests0 Weak     Min:  0.0, Avg:  0.0, Max:  0.0, Diff:  0.0, Sum:  0.0, Workers: 4
[671.305s][debug][gc,phases      ] GC(120)     Dead                           Min: 0, Avg:  0.0, Max: 0, Diff: 0, Sum: 0, Workers: 4
[671.305s][debug][gc,phases      ] GC(120)     Total                          Min: 0, Avg:  0.0, Max: 0, Diff: 0, Sum: 0, Workers: 4
[671.305s][debug][gc,phases      ] GC(120)   StringDedup Requests1 Weak     Min:  0.0, Avg:  0.0, Max:  0.0, Diff:  0.0, Sum:  0.0, Workers: 4
[671.305s][debug][gc,phases      ] GC(120)     Dead                           Min: 0, Avg:  0.0, Max: 0, Diff: 0, Sum: 0, Workers: 4
[671.305s][debug][gc,phases      ] GC(120)     Total                          Min: 0, Avg:  0.0, Max: 0, Diff: 0, Sum: 0, Workers: 4
[671.305s][debug][gc,phases      ] GC(120)   Weak JFR Old Object Samples    Min:  0.0, Avg:  0.0, Max:  0.0, Diff:  0.0, Sum:  0.0, Workers: 4
[671.305s][debug][gc,phases      ] GC(120)     Dead                           Min: 0, Avg:  0.0, Max: 0, Diff: 0, Sum: 0, Workers: 4
[671.305s][debug][gc,phases      ] GC(120)     Total                          Min: 0, Avg:  0.0, Max: 0, Diff: 0, Sum: 0, Workers: 4
[671.305s][debug][gc,phases      ] GC(120) Weak Processing 0.631ms
[671.305s][debug][gc,age         ] GC(120) Desired survivor size 43515904 bytes, new threshold 15 (max threshold 15)
[671.305s][info ][gc,heap        ] GC(120) PSYoungGen: 2020960K(2056704K)->24192K(2054656K) Eden: 2014208K(2014208K)->0K(2014208K) From: 6752K(42496K)->24192K(40448K)
[671.305s][info ][gc,heap        ] GC(120) ParOldGen: 394423K(476672K)->394431K(476672K)
[671.305s][info ][gc,metaspace   ] GC(120) Metaspace: 80889K(81664K)->80889K(81664K) NonClass: 69501K(69888K)->69501K(69888K) Class: 11387K(11776K)->11387K(11776K)
[671.305s][info ][gc             ] GC(120) Pause Young (Allocation Failure) 2358M->408M(2472M) 11.693ms
[671.305s][info ][gc,cpu         ] GC(120) User=0.05s Sys=0.00s Real=0.01s
[671.305s][info ][safepoint      ] Safepoint "ParallelGCFailedAllocation", Time since last: 2792106032 ns, Reaching safepoint: 114707 ns, At safepoint: 11783738 ns, Total: 11898445 ns
[685.306s][info ][safepoint      ] Safepoint "Cleanup", Time since last: 14000905761 ns, Reaching safepoint: 55803 ns, At safepoint: 8200 ns, Total: 64003 ns
[686.306s][info ][safepoint      ] Safepoint "Cleanup", Time since last: 1000106707 ns, Reaching safepoint: 146608 ns, At safepoint: 23801 ns, Total: 170409 ns
[686.746s][info ][gc,heap,exit   ] Heap
[686.746s][info ][gc,heap,exit   ]  PSYoungGen      total 2054656K, used 1185031K [0x0000000780000000, 0x0000000800000000, 0x0000000800000000)
[686.746s][info ][gc,heap,exit   ]   eden space 2014208K, 57% used [0x0000000780000000,0x00000007c6da1ef0,0x00000007faf00000)
[686.746s][info ][gc,heap,exit   ]   from space 40448K, 59% used [0x00000007faf00000,0x00000007fc6a00f0,0x00000007fd680000)
[686.746s][info ][gc,heap,exit   ]   to   space 42496K, 0% used [0x00000007fd680000,0x00000007fd680000,0x0000000800000000)
[686.746s][info ][gc,heap,exit   ]  ParOldGen       total 476672K, used 394431K [0x0000000740000000, 0x000000075d180000, 0x0000000780000000)
[686.746s][info ][gc,heap,exit   ]   object space 476672K, 82% used [0x0000000740000000,0x000000075812fde0,0x000000075d180000)
[686.746s][info ][gc,heap,exit   ]  Metaspace       used 80998K, committed 81792K, reserved 1122304K
[686.746s][info ][gc,heap,exit   ]   class space    used 11399K, committed 11776K, reserved 1048576K
